[13654.973s][info][gc,cpu         ] GC(31661) User=0.00s Sys=0.00s Real=0.00s
[13655.410s][info][gc,start       ] GC(31662) Pause Young (Allocation Failure)
[13655.413s][info][gc,heap        ] GC(31662) PSYoungGen: 82464K(84480K)->1504K(83968K) Eden: 81408K(81408K)->0K(81408K) From: 1056K(3072K)->1504K(2560K)
[13655.413s][info][gc,heap        ] GC(31662) ParOldGen: 252758K(253952K)->252806K(253952K)
[13655.413s][info][gc,metaspace   ] GC(31662) Metaspace: 62240K(62528K)->62240K(62528K) NonClass: 53207K(53440K)->53207K(53440K) Class: 9032K(9088K)->9032K(9088K)
[13655.413s][info][gc             ] GC(31662) Pause Young (Allocation Failure) 327M->248M(330M) 2.859ms
[13655.413s][info][gc,cpu         ] GC(31662) User=0.01s Sys=0.00s Real=0.00s
[13655.873s][info][gc,start       ] GC(31663) Pause Young (Allocation Failure)
[13655.875s][info][gc,heap        ] GC(31663) PSYoungGen: 82912K(83968K)->1024K(84480K) Eden: 81408K(81408K)->0K(81920K) From: 1504K(2560K)->1024K(2560K)
[13655.875s][info][gc,heap        ] GC(31663) ParOldGen: 252806K(253952K)->252862K(253952K)
[13655.875s][info][gc,metaspace   ] GC(31663) Metaspace: 62240K(62528K)->62240K(62528K) NonClass: 53207K(53440K)->53207K(53440K) Class: 9032K(9088K)->9032K(9088K)
[13655.876s][info][gc             ] GC(31663) Pause Young (Allocation Failure) 327M->247M(330M) 2.433ms
[13655.876s][info][gc,cpu         ] GC(31663) User=0.01s Sys=0.00s Real=0.00s
[13656.281s][info][gc,start       ] GC(31664) Pause Young (Allocation Failure)
[13656.284s][info][gc,heap        ] GC(31664) PSYoungGen: 82944K(84480K)->1120K(84480K) Eden: 81920K(81920K)->0K(81920K) From: 1024K(2560K)->1120K(2560K)
[13656.284s][info][gc,heap        ] GC(31664) ParOldGen: 252862K(253952K)->252966K(253952K)
[13656.284s][info][gc,metaspace   ] GC(31664) Metaspace: 62240K(62528K)->62240K(62528K) NonClass: 53207K(53440K)->53207K(53440K) Class: 9032K(9088K)->9032K(9088K)
[13656.284s][info][gc             ] GC(31664) Pause Young (Allocation Failure) 327M->248M(330M) 2.686ms
[13656.284s][info][gc,cpu         ] GC(31664) User=0.00s Sys=0.00s Real=0.00s
[13656.709s][info][gc,start       ] GC(31665) Pause Young (Allocation Failure)
[13656.712s][info][gc,heap        ] GC(31665) PSYoungGen: 83040K(84480K)->1632K(84480K) Eden: 81920K(81920K)->0K(81920K) From: 1120K(2560K)->1632K(2560K)
[13656.712s][info][gc,heap        ] GC(31665) ParOldGen: 252966K(253952K)->253014K(253952K)
[13656.712s][info][gc,metaspace   ] GC(31665) Metaspace: 62240K(62528K)->62240K(62528K) NonClass: 53207K(53440K)->53207K(53440K) Class: 9032K(9088K)->9032K(9088K)
[13656.712s][info][gc             ] GC(31665) Pause Young (Allocation Failure) 328M->248M(330M) 3.058ms
[13656.712s][info][gc,cpu         ] GC(31665) User=0.01s Sys=0.00s Real=0.00s
[13657.152s][info][gc,start       ] GC(31666) Pause Young (Allocation Failure)
[13657.154s][info][gc,heap        ] GC(31666) PSYoungGen: 83552K(84480K)->736K(84480K) Eden: 81920K(81920K)->0K(81920K) From: 1632K(2560K)->736K(2560K)
[13657.154s][info][gc,heap        ] GC(31666) ParOldGen: 253014K(253952K)->253062K(253952K)
[13657.154s][info][gc,metaspace   ] GC(31666) Metaspace: 62240K(62528K)->62240K(62528K) NonClass: 53207K(53440K)->53207K(53440K) Class: 9032K(9088K)->9032K(9088K)
[13657.154s][info][gc             ] GC(31666) Pause Young (Allocation Failure) 328M->247M(330M) 2.184ms
[13657.154s][info][gc,cpu         ] GC(31666) User=0.00s Sys=0.00s Real=0.00s
[13657.603s][info][gc,start       ] GC(31667) Pause Young (Allocation Failure)
[13657.606s][info][gc,heap        ] GC(31667) PSYoungGen: 82656K(84480K)->1536K(84480K) Eden: 81920K(81920K)->0K(81920K) From: 736K(2560K)->1536K(2560K)
[13657.606s][info][gc,heap        ] GC(31667) ParOldGen: 253062K(253952K)->253110K(253952K)
[13657.606s][info][gc,metaspace   ] GC(31667) Metaspace: 62240K(62528K)->62240K(62528K) NonClass: 53207K(53440K)->53207K(53440K) Class: 9032K(9088K)->9032K(9088K)
[13657.606s][info][gc             ] GC(31667) Pause Young (Allocation Failure) 327M->248M(330M) 2.855ms
[13657.606s][info][gc,cpu         ] GC(31667) User=0.01s Sys=0.00s Real=0.00s
[13658.025s][info][gc,start       ] GC(31668) Pause Young (Allocation Failure)
[13658.027s][info][gc,heap        ] GC(31668) PSYoungGen: 83456K(84480K)->288K(84480K) Eden: 81920K(81920K)->0K(81920K) From: 1536K(2560K)->288K(2560K)
[13658.027s][info][gc,heap        ] GC(31668) ParOldGen: 253110K(253952K)->253158K(253952K)
[13658.027s][info][gc,metaspace   ] GC(31668) Metaspace: 62240K(62528K)->62240K(62528K) NonClass: 53207K(53440K)->53207K(53440K) Class: 9032K(9088K)->9032K(9088K)
[13658.027s][info][gc             ] GC(31668) Pause Young (Allocation Failure) 328M->247M(330M) 1.859ms
[13658.027s][info][gc,cpu         ] GC(31668) User=0.00s Sys=0.00s Real=0.01s
[13658.438s][info][gc,start       ] GC(31669) Pause Young (Allocation Failure)
[13658.439s][info][gc,heap        ] GC(31669) PSYoungGen: 82208K(84480K)->544K(84480K) Eden: 81920K(81920K)->0K(81920K) From: 288K(2560K)->544K(2560K)
[13658.440s][info][gc,heap        ] GC(31669) ParOldGen: 253158K(253952K)->253206K(253952K)
[13658.440s][info][gc,metaspace   ] GC(31669) Metaspace: 62240K(62528K)->62240K(62528K) NonClass: 53207K(53440K)->53207K(53440K) Class: 9032K(9088K)->9032K(9088K)
[13658.440s][info][gc             ] GC(31669) Pause Young (Allocation Failure) 327M->247M(330M) 2.046ms
[13658.440s][info][gc,cpu         ] GC(31669) User=0.00s Sys=0.00s Real=0.00s
[13658.879s][info][gc,start       ] GC(31670) Pause Young (Allocation Failure)
[13658.882s][info][gc,heap        ] GC(31670) PSYoungGen: 82464K(84480K)->1056K(84480K) Eden: 81920K(81920K)->0K(81920K) From: 544K(2560K)->1056K(2560K)
[13658.882s][info][gc,heap        ] GC(31670) ParOldGen: 253206K(253952K)->253254K(253952K)
[13658.882s][info][gc,metaspace   ] GC(31670) Metaspace: 62240K(62528K)->62240K(62528K) NonClass: 53207K(53440K)->53207K(53440K) Class: 9032K(9088K)->9032K(9088K)
[13658.882s][info][gc             ] GC(31670) Pause Young (Allocation Failure) 327M->248M(330M) 2.455ms
[13658.882s][info][gc,cpu         ] GC(31670) User=0.00s Sys=0.00s Real=0.00s
[13659.323s][info][gc,start       ] GC(31671) Pause Young (Allocation Failure)
[13659.325s][info][gc,heap        ] GC(31671) PSYoungGen: 82976K(84480K)->288K(84480K) Eden: 81920K(81920K)->0K(81920K) From: 1056K(2560K)->288K(2560K)
[13659.325s][info][gc,heap        ] GC(31671) ParOldGen: 253254K(253952K)->253302K(253952K)
[13659.325s][info][gc,metaspace   ] GC(31671) Metaspace: 62240K(62528K)->62240K(62528K) NonClass: 53207K(53440K)->53207K(53440K) Class: 9032K(9088K)->9032K(9088K)
[13659.325s][info][gc             ] GC(31671) Pause Young (Allocation Failure) 328M->247M(330M) 1.837ms
[13659.325s][info][gc,cpu         ] GC(31671) User=0.00s Sys=0.00s Real=0.00s
[13659.764s][info][gc,start       ] GC(31672) Pause Young (Allocation Failure)
[13659.766s][info][gc,heap        ] GC(31672) PSYoungGen: 82208K(84480K)->896K(84480K) Eden: 81920K(81920K)->0K(81920K) From: 288K(2560K)->896K(2560K)
[13659.766s][info][gc,heap        ] GC(31672) ParOldGen: 253302K(253952K)->253350K(253952K)
[13659.766s][info][gc,metaspace   ] GC(31672) Metaspace: 62240K(62528K)->62240K(62528K) NonClass: 53207K(53440K)->53207K(53440K) Class: 9032K(9088K)->9032K(9088K)
[13659.766s][info][gc             ] GC(31672) Pause Young (Allocation Failure) 327M->248M(330M) 2.380ms
[13659.766s][info][gc,cpu         ] GC(31672) User=0.01s Sys=0.00s Real=0.01s
[13660.204s][info][gc,start       ] GC(31673) Pause Young (Allocation Failure)
[13660.207s][info][gc,heap        ] GC(31673) PSYoungGen: 82816K(84480K)->1472K(84480K) Eden: 81920K(81920K)->0K(81920K) From: 896K(2560K)->1472K(2560K)
[13660.207s][info][gc,heap        ] GC(31673) ParOldGen: 253350K(253952K)->253398K(253952K)
[13660.207s][info][gc,metaspace   ] GC(31673) Metaspace: 62240K(62528K)->62240K(62528K) NonClass: 53207K(53440K)->53207K(53440K) Class: 9032K(9088K)->9032K(9088K)
[13660.207s][info][gc             ] GC(31673) Pause Young (Allocation Failure) 328M->248M(330M) 2.878ms
[13660.207s][info][gc,cpu         ] GC(31673) User=0.01s Sys=0.00s Real=0.01s
[13660.631s][info][gc,start       ] GC(31674) Pause Young (Allocation Failure)
[13660.633s][info][gc,heap        ] GC(31674) PSYoungGen: 83392K(84480K)->416K(84480K) Eden: 81920K(81920K)->0K(81920K) From: 1472K(2560K)->416K(2560K)
[13660.633s][info][gc,heap        ] GC(31674) ParOldGen: 253398K(253952K)->253446K(253952K)
[13660.633s][info][gc,metaspace   ] GC(31674) Metaspace: 62240K(62528K)->62240K(62528K) NonClass: 53207K(53440K)->53207K(53440K) Class: 9032K(9088K)->9032K(9088K)
[13660.633s][info][gc             ] GC(31674) Pause Young (Allocation Failure) 328M->247M(330M) 1.960ms
[13660.633s][info][gc,cpu         ] GC(31674) User=0.00s Sys=0.00s Real=0.00s
[13661.042s][info][gc,start       ] GC(31675) Pause Young (Allocation Failure)
[13661.044s][info][gc,heap        ] GC(31675) PSYoungGen: 82336K(84480K)->576K(84480K) Eden: 81920K(81920K)->0K(81920K) From: 416K(2560K)->576K(2560K)
[13661.044s][info][gc,heap        ] GC(31675) ParOldGen: 253446K(253952K)->253494K(253952K)
[13661.044s][info][gc,metaspace   ] GC(31675) Metaspace: 62240K(62528K)->62240K(62528K) NonClass: 53207K(53440K)->53207K(53440K) Class: 9032K(9088K)->9032K(9088K)
[13661.044s][info][gc             ] GC(31675) Pause Young (Allocation Failure) 327M->248M(330M) 2.040ms
[13661.044s][info][gc,cpu         ] GC(31675) User=0.00s Sys=0.00s Real=0.00s
[13661.476s][info][gc,start       ] GC(31676) Pause Young (Allocation Failure)
[13661.479s][info][gc,heap        ] GC(31676) PSYoungGen: 82496K(84480K)->1088K(84480K) Eden: 81920K(81920K)->0K(81920K) From: 576K(2560K)->1088K(2560K)
[13661.479s][info][gc,heap        ] GC(31676) ParOldGen: 253494K(253952K)->253542K(253952K)
[13661.479s][info][gc,metaspace   ] GC(31676) Metaspace: 62240K(62528K)->62240K(62528K) NonClass: 53207K(53440K)->53207K(53440K) Class: 9032K(9088K)->9032K(9088K)
[13661.479s][info][gc             ] GC(31676) Pause Young (Allocation Failure) 328M->248M(330M) 2.517ms
[13661.479s][info][gc,cpu         ] GC(31676) User=0.00s Sys=0.00s Real=0.00s
[13661.896s][info][gc,start       ] GC(31677) Pause Young (Allocation Failure)
[13661.899s][info][gc,heap        ] GC(31677) PSYoungGen: 83008K(84480K)->1440K(83968K) Eden: 81920K(81920K)->0K(81920K) From: 1088K(2560K)->1440K(2048K)
[13661.899s][info][gc,heap        ] GC(31677) ParOldGen: 253542K(253952K)->253598K(253952K)
[13661.899s][info][gc,metaspace   ] GC(31677) Metaspace: 62240K(62528K)->62240K(62528K) NonClass: 53207K(53440K)->53207K(53440K) Class: 9032K(9088K)->9032K(9088K)
[13661.899s][info][gc             ] GC(31677) Pause Young (Allocation Failure) 328M->249M(330M) 2.826ms
[13661.899s][info][gc,cpu         ] GC(31677) User=0.01s Sys=0.00s Real=0.00s
[13662.309s][info][gc,start       ] GC(31678) Pause Young (Allocation Failure)
[13662.313s][info][gc,heap        ] GC(31678) PSYoungGen: 83360K(83968K)->2528K(84480K) Eden: 81920K(81920K)->0K(81920K) From: 1440K(2048K)->2528K(2560K)
[13662.313s][info][gc,heap        ] GC(31678) ParOldGen: 253598K(253952K)->254750K(255488K)
[13662.313s][info][gc,metaspace   ] GC(31678) Metaspace: 62240K(62528K)->62240K(62528K) NonClass: 53207K(53440K)->53207K(53440K) Class: 9032K(9088K)->9032K(9088K)
[13662.313s][info][gc             ] GC(31678) Pause Young (Allocation Failure) 329M->251M(332M) 3.637ms
[13662.313s][info][gc,cpu         ] GC(31678) User=0.01s Sys=0.00s Real=0.00s
[13662.731s][info][gc,start       ] GC(31679) Pause Young (Allocation Failure)
[13662.734s][info][gc,heap        ] GC(31679) PSYoungGen: 84448K(84480K)->384K(83456K) Eden: 81920K(81920K)->0K(80896K) From: 2528K(2560K)->384K(2560K)
[13662.734s][info][gc,heap        ] GC(31679) ParOldGen: 254750K(255488K)->256838K(257024K)
[13662.734s][info][gc,metaspace   ] GC(31679) Metaspace: 62240K(62528K)->62240K(62528K) NonClass: 53207K(53440K)->53207K(53440K) Class: 9032K(9088K)->9032K(9088K)
[13662.734s][info][gc             ] GC(31679) Pause Young (Allocation Failure) 331M->251M(332M) 3.053ms
[13662.734s][info][gc,cpu         ] GC(31679) User=0.01s Sys=0.00s Real=0.00s
[13663.222s][info][gc,start       ] GC(31680) Pause Young (Allocation Failure)
[13663.224s][info][gc,heap        ] GC(31680) PSYoungGen: 81280K(83456K)->288K(83968K) Eden: 80896K(80896K)->0K(80896K) From: 384K(2560K)->288K(3072K)
[13663.224s][info][gc,heap        ] GC(31680) ParOldGen: 256838K(257024K)->256902K(257024K)
[13663.224s][info][gc,metaspace   ] GC(31680) Metaspace: 62240K(62528K)->62240K(62528K) NonClass: 53207K(53440K)->53207K(53440K) Class: 9032K(9088K)->9032K(9088K)
[13663.224s][info][gc             ] GC(31680) Pause Young (Allocation Failure) 330M->251M(333M) 1.884ms
[13663.224s][info][gc,cpu         ] GC(31680) User=0.00s Sys=0.00s Real=0.00s
[13663.638s][info][gc,start       ] GC(31681) Pause Young (Allocation Failure)
[13663.640s][info][gc,heap        ] GC(31681) PSYoungGen: 81184K(83968K)->512K(83968K) Eden: 80896K(80896K)->0K(80896K) From: 288K(3072K)->512K(3072K)
[13663.640s][info][gc,heap        ] GC(31681) ParOldGen: 256902K(257024K)->257006K(257024K)
[13663.640s][info][gc,metaspace   ] GC(31681) Metaspace: 62240K(62528K)->62240K(62528K) NonClass: 53207K(53440K)->53207K(53440K) Class: 9032K(9088K)->9032K(9088K)
[13663.640s][info][gc             ] GC(31681) Pause Young (Allocation Failure) 330M->251M(333M) 2.089ms
[13663.640s][info][gc,cpu         ] GC(31681) User=0.01s Sys=0.00s Real=0.00s
[13664.075s][info][gc,start       ] GC(31682) Pause Young (Allocation Failure)
[13664.077s][info][gc,heap        ] GC(31682) PSYoungGen: 81408K(83968K)->1088K(83968K) Eden: 80896K(80896K)->0K(80896K) From: 512K(3072K)->1088K(3072K)
[13664.077s][info][gc,heap        ] GC(31682) ParOldGen: 257006K(257024K)->257062K(257536K)
[13664.077s][info][gc,metaspace   ] GC(31682) Metaspace: 62240K(62528K)->62240K(62528K) NonClass: 53207K(53440K)->53207K(53440K) Class: 9032K(9088K)->9032K(9088K)
[13664.078s][info][gc             ] GC(31682) Pause Young (Allocation Failure) 330M->252M(333M) 2.494ms
[13664.078s][info][gc,cpu         ] GC(31682) User=0.00s Sys=0.00s Real=0.01s
[13664.496s][info][gc,start       ] GC(31683) Pause Young (Allocation Failure)
[13664.499s][info][gc,heap        ] GC(31683) PSYoungGen: 81984K(83968K)->1344K(83968K) Eden: 80896K(80896K)->0K(80896K) From: 1088K(3072K)->1344K(3072K)
[13664.499s][info][gc,heap        ] GC(31683) ParOldGen: 257062K(257536K)->257110K(257536K)
[13664.499s][info][gc,metaspace   ] GC(31683) Metaspace: 62240K(62528K)->62240K(62528K) NonClass: 53207K(53440K)->53207K(53440K) Class: 9032K(9088K)->9032K(9088K)
[13664.499s][info][gc             ] GC(31683) Pause Young (Allocation Failure) 331M->252M(333M) 2.747ms
[13664.499s][info][gc,cpu         ] GC(31683) User=0.01s Sys=0.00s Real=0.01s
[13664.960s][info][gc,start       ] GC(31684) Pause Young (Allocation Failure)
[13664.962s][info][gc,heap        ] GC(31684) PSYoungGen: 82240K(83968K)->800K(83968K) Eden: 80896K(80896K)->0K(80896K) From: 1344K(3072K)->800K(3072K)
[13664.962s][info][gc,heap        ] GC(31684) ParOldGen: 257110K(257536K)->257158K(257536K)
[13664.962s][info][gc,metaspace   ] GC(31684) Metaspace: 62240K(62528K)->62240K(62528K) NonClass: 53207K(53440K)->53207K(53440K) Class: 9032K(9088K)->9032K(9088K)
[13664.962s][info][gc             ] GC(31684) Pause Young (Allocation Failure) 331M->251M(333M) 2.265ms
[13664.962s][info][gc,cpu         ] GC(31684) User=0.00s Sys=0.00s Real=0.00s
[13665.410s][info][gc,start       ] GC(31685) Pause Young (Allocation Failure)
[13665.413s][info][gc,heap        ] GC(31685) PSYoungGen: 81696K(83968K)->1536K(83456K) Eden: 80896K(80896K)->0K(80896K) From: 800K(3072K)->1536K(2560K)
[13665.413s][info][gc,heap        ] GC(31685) ParOldGen: 257158K(257536K)->257206K(257536K)
[13665.413s][info][gc,metaspace   ] GC(31685) Metaspace: 62240K(62528K)->62240K(62528K) NonClass: 53207K(53440K)->53207K(53440K) Class: 9032K(9088K)->9032K(9088K)
[13665.413s][info][gc             ] GC(31685) Pause Young (Allocation Failure) 330M->252M(333M) 2.926ms
[13665.413s][info][gc,cpu         ] GC(31685) User=0.01s Sys=0.00s Real=0.00s
[13665.855s][info][gc,start       ] GC(31686) Pause Young (Allocation Failure)
[13665.857s][info][gc,heap        ] GC(31686) PSYoungGen: 82432K(83456K)->736K(83968K) Eden: 80896K(80896K)->0K(80896K) From: 1536K(2560K)->736K(3072K)
[13665.857s][info][gc,heap        ] GC(31686) ParOldGen: 257206K(257536K)->257262K(257536K)
[13665.857s][info][gc,metaspace   ] GC(31686) Metaspace: 62240K(62528K)->62240K(62528K) NonClass: 53207K(53440K)->53207K(53440K) Class: 9032K(9088K)->9032K(9088K)
[13665.857s][info][gc             ] GC(31686) Pause Young (Allocation Failure) 331M->251M(333M) 2.260ms
[13665.857s][info][gc,cpu         ] GC(31686) User=0.00s Sys=0.00s Real=0.01s
[13666.286s][info][gc,start       ] GC(31687) Pause Young (Allocation Failure)
[13666.289s][info][gc,heap        ] GC(31687) PSYoungGen: 81632K(83968K)->1152K(84480K) Eden: 80896K(80896K)->0K(81920K) From: 736K(3072K)->1152K(2560K)
[13666.289s][info][gc,heap        ] GC(31687) ParOldGen: 257262K(257536K)->257310K(257536K)
[13666.289s][info][gc,metaspace   ] GC(31687) Metaspace: 62240K(62528K)->62240K(62528K) NonClass: 53207K(53440K)->53207K(53440K) Class: 9032K(9088K)->9032K(9088K)
[13666.289s][info][gc             ] GC(31687) Pause Young (Allocation Failure) 330M->252M(334M) 2.601ms
[13666.289s][info][gc,cpu         ] GC(31687) User=0.01s Sys=0.00s Real=0.01s
[13666.709s][info][gc,start       ] GC(31688) Pause Young (Allocation Failure)
[13666.713s][info][gc,heap        ] GC(31688) PSYoungGen: 83072K(84480K)->2528K(84480K) Eden: 81920K(81920K)->0K(81920K) From: 1152K(2560K)->2528K(2560K)
[13666.713s][info][gc,heap        ] GC(31688) ParOldGen: 257310K(257536K)->258454K(259072K)
[13666.713s][info][gc,metaspace   ] GC(31688) Metaspace: 62240K(62528K)->62240K(62528K) NonClass: 53207K(53440K)->53207K(53440K) Class: 9032K(9088K)->9032K(9088K)
[13666.713s][info][gc             ] GC(31688) Pause Young (Allocation Failure) 332M->254M(335M) 3.659ms
[13666.713s][info][gc,cpu         ] GC(31688) User=0.00s Sys=0.00s Real=0.00s
[13667.142s][info][gc,start       ] GC(31689) Pause Young (Allocation Failure)
[13667.145s][info][gc,heap        ] GC(31689) PSYoungGen: 84448K(84480K)->544K(82432K) Eden: 81920K(81920K)->0K(79872K) From: 2528K(2560K)->544K(2560K)
[13667.145s][info][gc,heap        ] GC(31689) ParOldGen: 258454K(259072K)->260534K(260608K)
[13667.145s][info][gc,metaspace   ] GC(31689) Metaspace: 62240K(62528K)->62240K(62528K) NonClass: 53207K(53440K)->53207K(53440K) Class: 9032K(9088K)->9032K(9088K)
[13667.145s][info][gc             ] GC(31689) Pause Young (Allocation Failure) 334M->254M(335M) 3.140ms
[13667.145s][info][gc,cpu         ] GC(31689) User=0.00s Sys=0.01s Real=0.00s
[13667.542s][info][gc,start       ] GC(31690) Pause Young (Allocation Failure)
[13667.544s][info][gc,heap        ] GC(31690) PSYoungGen: 80416K(82432K)->608K(83456K) Eden: 79872K(79872K)->0K(79872K) From: 544K(2560K)->608K(3584K)
[13667.544s][info][gc,heap        ] GC(31690) ParOldGen: 260534K(260608K)->260590K(260608K)
[13667.544s][info][gc,metaspace   ] GC(31690) Metaspace: 62240K(62528K)->62240K(62528K) NonClass: 53207K(53440K)->53207K(53440K) Class: 9032K(9088K)->9032K(9088K)
[13667.544s][info][gc             ] GC(31690) Pause Young (Allocation Failure) 332M->255M(336M) 2.146ms
[13667.544s][info][gc,cpu         ] GC(31690) User=0.01s Sys=0.00s Real=0.00s
[13667.982s][info][gc,start       ] GC(31691) Pause Young (Allocation Failure)
[13667.985s][info][gc,heap        ] GC(31691) PSYoungGen: 80480K(83456K)->1088K(83968K) Eden: 79872K(79872K)->0K(80896K) From: 608K(3584K)->1088K(3072K)
[13667.985s][info][gc,heap        ] GC(31691) ParOldGen: 260590K(260608K)->260646K(261120K)
[13667.985s][info][gc,metaspace   ] GC(31691) Metaspace: 62240K(62528K)->62240K(62528K) NonClass: 53207K(53440K)->53207K(53440K) Class: 9032K(9088K)->9032K(9088K)
[13667.985s][info][gc             ] GC(31691) Pause Young (Allocation Failure) 333M->255M(337M) 2.586ms
[13667.985s][info][gc,cpu         ] GC(31691) User=0.00s Sys=0.00s Real=0.00s
[13668.394s][info][gc,start       ] GC(31692) Pause Young (Allocation Failure)
[13668.396s][info][gc,heap        ] GC(31692) PSYoungGen: 81984K(83968K)->1376K(83968K) Eden: 80896K(80896K)->0K(80896K) From: 1088K(3072K)->1376K(3072K)
[13668.396s][info][gc,heap        ] GC(31692) ParOldGen: 260646K(261120K)->260694K(261120K)
[13668.396s][info][gc,metaspace   ] GC(31692) Metaspace: 62240K(62528K)->62240K(62528K) NonClass: 53207K(53440K)->53207K(53440K) Class: 9032K(9088K)->9032K(9088K)
[13668.396s][info][gc             ] GC(31692) Pause Young (Allocation Failure) 334M->255M(337M) 2.794ms
[13668.396s][info][gc,cpu         ] GC(31692) User=0.00s Sys=0.00s Real=0.01s
[13668.808s][info][gc,start       ] GC(31693) Pause Young (Allocation Failure)
[13668.811s][info][gc,heap        ] GC(31693) PSYoungGen: 82272K(83968K)->1664K(83968K) Eden: 80896K(80896K)->0K(80896K) From: 1376K(3072K)->1664K(3072K)
[13668.811s][info][gc,heap        ] GC(31693) ParOldGen: 260694K(261120K)->260750K(261120K)
[13668.811s][info][gc,metaspace   ] GC(31693) Metaspace: 62240K(62528K)->62240K(62528K) NonClass: 53207K(53440K)->53207K(53440K) Class: 9032K(9088K)->9032K(9088K)
[13668.811s][info][gc             ] GC(31693) Pause Young (Allocation Failure) 334M->256M(337M) 2.962ms
[13668.811s][info][gc,cpu         ] GC(31693) User=0.01s Sys=0.00s Real=0.00s
[13669.237s][info][gc,start       ] GC(31694) Pause Young (Allocation Failure)
[13669.239s][info][gc,heap        ] GC(31694) PSYoungGen: 82560K(83968K)->416K(83968K) Eden: 80896K(80896K)->0K(80896K) From: 1664K(3072K)->416K(3072K)
[13669.239s][info][gc,heap        ] GC(31694) ParOldGen: 260750K(261120K)->260798K(261120K)
[13669.239s][info][gc,metaspace   ] GC(31694) Metaspace: 62240K(62528K)->62240K(62528K) NonClass: 53207K(53440K)->53207K(53440K) Class: 9032K(9088K)->9032K(9088K)
[13669.239s][info][gc             ] GC(31694) Pause Young (Allocation Failure) 335M->255M(337M) 1.941ms
[13669.239s][info][gc,cpu         ] GC(31694) User=0.00s Sys=0.00s Real=0.00s
[13669.665s][info][gc,start       ] GC(31695) Pause Young (Allocation Failure)
[13669.667s][info][gc,heap        ] GC(31695) PSYoungGen: 81312K(83968K)->928K(83968K) Eden: 80896K(80896K)->0K(80896K) From: 416K(3072K)->928K(3072K)
[13669.667s][info][gc,heap        ] GC(31695) ParOldGen: 260798K(261120K)->260854K(261120K)
[13669.667s][info][gc,metaspace   ] GC(31695) Metaspace: 62240K(62528K)->62240K(62528K) NonClass: 53207K(53440K)->53207K(53440K) Class: 9032K(9088K)->9032K(9088K)
[13669.668s][info][gc             ] GC(31695) Pause Young (Allocation Failure) 334M->255M(337M) 2.342ms
[13669.668s][info][gc,cpu         ] GC(31695) User=0.01s Sys=0.00s Real=0.01s
[13670.110s][info][gc,start       ] GC(31696) Pause Young (Allocation Failure)
[13670.113s][info][gc,heap        ] GC(31696) PSYoungGen: 81824K(83968K)->1536K(83968K) Eden: 80896K(80896K)->0K(80896K) From: 928K(3072K)->1536K(3072K)
[13670.113s][info][gc,heap        ] GC(31696) ParOldGen: 260854K(261120K)->260902K(261120K)
[13670.113s][info][gc,metaspace   ] GC(31696) Metaspace: 62240K(62528K)->62240K(62528K) NonClass: 53207K(53440K)->53207K(53440K) Class: 9032K(9088K)->9032K(9088K)
[13670.113s][info][gc             ] GC(31696) Pause Young (Allocation Failure) 334M->256M(337M) 2.911ms
[13670.113s][info][gc,cpu         ] GC(31696) User=0.01s Sys=0.00s Real=0.00s
[13670.593s][info][gc,start       ] GC(31697) Pause Young (Allocation Failure)
[13670.595s][info][gc,heap        ] GC(31697) PSYoungGen: 82432K(83968K)->1216K(84480K) Eden: 80896K(80896K)->0K(81408K) From: 1536K(3072K)->1216K(3072K)
[13670.595s][info][gc,heap        ] GC(31697) ParOldGen: 260902K(261120K)->260958K(261120K)
[13670.595s][info][gc,metaspace   ] GC(31697) Metaspace: 62240K(62528K)->62240K(62528K) NonClass: 53207K(53440K)->53207K(53440K) Class: 9032K(9088K)->9032K(9088K)
[13670.595s][info][gc             ] GC(31697) Pause Young (Allocation Failure) 335M->256M(337M) 2.640ms
[13670.595s][info][gc,cpu         ] GC(31697) User=0.00s Sys=0.00s Real=0.00s
[13670.957s][info][gc,start       ] GC(31698) Pause Young (Allocation Failure)
[13670.959s][info][gc,heap        ] GC(31698) PSYoungGen: 82624K(84480K)->864K(83968K) Eden: 81408K(81408K)->0K(81408K) From: 1216K(3072K)->864K(2560K)
[13670.959s][info][gc,heap        ] GC(31698) ParOldGen: 260958K(261120K)->261062K(261120K)
[13670.959s][info][gc,metaspace   ] GC(31698) Metaspace: 62240K(62528K)->62240K(62528K) NonClass: 53207K(53440K)->53207K(53440K) Class: 9032K(9088K)->9032K(9088K)
[13670.959s][info][gc             ] GC(31698) Pause Young (Allocation Failure) 335M->255M(337M) 2.439ms
[13670.959s][info][gc,cpu         ] GC(31698) User=0.01s Sys=0.00s Real=0.00s
[13671.390s][info][gc,start       ] GC(31699) Pause Young (Allocation Failure)
[13671.394s][info][gc,heap        ] GC(31699) PSYoungGen: 82272K(83968K)->2240K(83456K) Eden: 81408K(81408K)->0K(80896K) From: 864K(2560K)->2240K(2560K)
[13671.394s][info][gc,heap        ] GC(31699) ParOldGen: 261062K(261120K)->262142K(262656K)
[13671.394s][info][gc,metaspace   ] GC(31699) Metaspace: 62240K(62528K)->62240K(62528K) NonClass: 53207K(53440K)->53207K(53440K) Class: 9032K(9088K)->9032K(9088K)
[13671.394s][info][gc             ] GC(31699) Pause Young (Allocation Failure) 335M->258M(338M) 3.267ms
[13671.394s][info][gc,cpu         ] GC(31699) User=0.00s Sys=0.00s Real=0.00s
[13671.812s][info][gc,start       ] GC(31700) Pause Young (Allocation Failure)
[13671.816s][info][gc,heap        ] GC(31700) PSYoungGen: 83136K(83456K)->1600K(83968K) Eden: 80896K(80896K)->0K(80896K) From: 2240K(2560K)->1600K(3072K)
[13671.816s][info][gc,heap        ] GC(31700) ParOldGen: 262142K(262656K)->264246K(265728K)
[13671.816s][info][gc,metaspace   ] GC(31700) Metaspace: 62240K(62528K)->62240K(62528K) NonClass: 53207K(53440K)->53207K(53440K) Class: 9032K(9088K)->9032K(9088K)
[13671.816s][info][gc             ] GC(31700) Pause Young (Allocation Failure) 337M->259M(341M) 4.202ms
[13671.816s][info][gc,cpu         ] GC(31700) User=0.00s Sys=0.01s Real=0.00s
[13672.230s][info][gc,start       ] GC(31701) Pause Young (Allocation Failure)
[13672.232s][info][gc,heap        ] GC(31701) PSYoungGen: 82496K(83968K)->384K(83968K) Eden: 80896K(80896K)->0K(80896K) From: 1600K(3072K)->384K(3072K)
[13672.232s][info][gc,heap        ] GC(31701) ParOldGen: 264246K(265728K)->264302K(265728K)
[13672.232s][info][gc,metaspace   ] GC(31701) Metaspace: 62240K(62528K)->62240K(62528K) NonClass: 53207K(53440K)->53207K(53440K) Class: 9032K(9088K)->9032K(9088K)
[13672.232s][info][gc             ] GC(31701) Pause Young (Allocation Failure) 338M->258M(341M) 1.988ms
[13672.232s][info][gc,cpu         ] GC(31701) User=0.01s Sys=0.00s Real=0.00s
[13672.663s][info][gc,start       ] GC(31702) Pause Young (Allocation Failure)
[13672.666s][info][gc,heap        ] GC(31702) PSYoungGen: 81280K(83968K)->896K(83968K) Eden: 80896K(80896K)->0K(80896K) From: 384K(3072K)->896K(3072K)
[13672.666s][info][gc,heap        ] GC(31702) ParOldGen: 264302K(265728K)->264350K(265728K)
[13672.666s][info][gc,metaspace   ] GC(31702) Metaspace: 62240K(62528K)->62240K(62528K) NonClass: 53207K(53440K)->53207K(53440K) Class: 9032K(9088K)->9032K(9088K)
[13672.666s][info][gc             ] GC(31702) Pause Young (Allocation Failure) 337M->259M(341M) 2.417ms
[13672.666s][info][gc,cpu         ] GC(31702) User=0.00s Sys=0.00s Real=0.00s
[13673.102s][info][gc,start       ] GC(31703) Pause Young (Allocation Failure)
[13673.105s][info][gc,heap        ] GC(31703) PSYoungGen: 81792K(83968K)->1440K(83968K) Eden: 80896K(80896K)->0K(80896K) From: 896K(3072K)->1440K(3072K)
[13673.105s][info][gc,heap        ] GC(31703) ParOldGen: 264350K(265728K)->264406K(265728K)
[13673.105s][info][gc,metaspace   ] GC(31703) Metaspace: 62240K(62528K)->62240K(62528K) NonClass: 53207K(53440K)->53207K(53440K) Class: 9032K(9088K)->9032K(9088K)
[13673.105s][info][gc             ] GC(31703) Pause Young (Allocation Failure) 338M->259M(341M) 2.879ms
[13673.105s][info][gc,cpu         ] GC(31703) User=0.01s Sys=0.00s Real=0.00s
[13673.524s][info][gc,start       ] GC(31704) Pause Young (Allocation Failure)
[13673.526s][info][gc,heap        ] GC(31704) PSYoungGen: 82336K(83968K)->288K(83968K) Eden: 80896K(80896K)->0K(80896K) From: 1440K(3072K)->288K(3072K)
[13673.526s][info][gc,heap        ] GC(31704) ParOldGen: 264406K(265728K)->264454K(265728K)
[13673.526s][info][gc,metaspace   ] GC(31704) Metaspace: 62240K(62528K)->62240K(62528K) NonClass: 53207K(53440K)->53207K(53440K) Class: 9032K(9088K)->9032K(9088K)
[13673.526s][info][gc             ] GC(31704) Pause Young (Allocation Failure) 338M->258M(341M) 1.836ms
[13673.526s][info][gc,cpu         ] GC(31704) User=0.00s Sys=0.00s Real=0.00s
[13673.943s][info][gc,start       ] GC(31705) Pause Young (Allocation Failure)
[13673.945s][info][gc,heap        ] GC(31705) PSYoungGen: 81184K(83968K)->608K(84480K) Eden: 80896K(80896K)->0K(81408K) From: 288K(3072K)->608K(3072K)
[13673.945s][info][gc,heap        ] GC(31705) ParOldGen: 264454K(265728K)->264510K(265728K)
[13673.945s][info][gc,metaspace   ] GC(31705) Metaspace: 62240K(62528K)->62240K(62528K) NonClass: 53207K(53440K)->53207K(53440K) Class: 9032K(9088K)->9032K(9088K)
[13673.945s][info][gc             ] GC(31705) Pause Young (Allocation Failure) 337M->258M(342M) 2.128ms
[13673.945s][info][gc,cpu         ] GC(31705) User=0.00s Sys=0.00s Real=0.00s
[13674.360s][info][gc,start       ] GC(31706) Pause Young (Allocation Failure)
[13674.362s][info][gc,heap        ] GC(31706) PSYoungGen: 82016K(84480K)->832K(83968K) Eden: 81408K(81408K)->0K(81408K) From: 608K(3072K)->832K(2560K)
[13674.362s][info][gc,heap        ] GC(31706) ParOldGen: 264510K(265728K)->264558K(265728K)
[13674.362s][info][gc,metaspace   ] GC(31706) Metaspace: 62240K(62528K)->62240K(62528K) NonClass: 53207K(53440K)->53207K(53440K) Class: 9032K(9088K)->9032K(9088K)
[13674.362s][info][gc             ] GC(31706) Pause Young (Allocation Failure) 338M->259M(341M) 2.285ms
[13674.362s][info][gc,cpu         ] GC(31706) User=0.00s Sys=0.00s Real=0.00s
[13674.801s][info][gc,start       ] GC(31707) Pause Young (Allocation Failure)
[13674.804s][info][gc,heap        ] GC(31707) PSYoungGen: 82240K(83968K)->1440K(84480K) Eden: 81408K(81408K)->0K(81920K) From: 832K(2560K)->1440K(2560K)
[13674.804s][info][gc,heap        ] GC(31707) ParOldGen: 264558K(265728K)->264606K(265728K)
[13674.804s][info][gc,metaspace   ] GC(31707) Metaspace: 62240K(62528K)->62240K(62528K) NonClass: 53207K(53440K)->53207K(53440K) Class: 9032K(9088K)->9032K(9088K)
[13674.804s][info][gc             ] GC(31707) Pause Young (Allocation Failure) 338M->259M(342M) 2.780ms
[13674.804s][info][gc,cpu         ] GC(31707) User=0.01s Sys=0.00s Real=0.00s
[13675.260s][info][gc,start       ] GC(31708) Pause Young (Allocation Failure)
[13675.262s][info][gc,heap        ] GC(31708) PSYoungGen: 83360K(84480K)->768K(84480K) Eden: 81920K(81920K)->0K(81920K) From: 1440K(2560K)->768K(2560K)
[13675.262s][info][gc,heap        ] GC(31708) ParOldGen: 264606K(265728K)->264654K(265728K)
[13675.262s][info][gc,metaspace   ] GC(31708) Metaspace: 62240K(62528K)->62240K(62528K) NonClass: 53207K(53440K)->53207K(53440K) Class: 9032K(9088K)->9032K(9088K)
[13675.262s][info][gc             ] GC(31708) Pause Young (Allocation Failure) 339M->259M(342M) 2.193ms
[13675.262s][info][gc,cpu         ] GC(31708) User=0.01s Sys=0.00s Real=0.00s
[13675.692s][info][gc,start       ] GC(31709) Pause Young (Allocation Failure)
[13675.696s][info][gc,heap        ] GC(31709) PSYoungGen: 82688K(84480K)->2304K(83456K) Eden: 81920K(81920K)->0K(80896K) From: 768K(2560K)->2304K(2560K)
[13675.696s][info][gc,heap        ] GC(31709) ParOldGen: 264654K(265728K)->265726K(265728K)
[13675.696s][info][gc,metaspace   ] GC(31709) Metaspace: 62240K(62528K)->62240K(62528K) NonClass: 53207K(53440K)->53207K(53440K) Class: 9032K(9088K)->9032K(9088K)
[13675.696s][info][gc             ] GC(31709) Pause Young (Allocation Failure) 339M->261M(341M) 3.275ms
[13675.696s][info][gc,cpu         ] GC(31709) User=0.00s Sys=0.00s Real=0.00s
[13676.114s][info][gc,start       ] GC(31710) Pause Young (Allocation Failure)
[13676.118s][info][gc,heap        ] GC(31710) PSYoungGen: 83200K(83456K)->1632K(83968K) Eden: 80896K(80896K)->0K(80896K) From: 2304K(2560K)->1632K(3072K)
[13676.118s][info][gc,heap        ] GC(31710) ParOldGen: 265726K(265728K)->267830K(268800K)
[13676.118s][info][gc,metaspace   ] GC(31710) Metaspace: 62240K(62528K)->62240K(62528K) NonClass: 53207K(53440K)->53207K(53440K) Class: 9032K(9088K)->9032K(9088K)
[13676.118s][info][gc             ] GC(31710) Pause Young (Allocation Failure) 340M->263M(344M) 4.069ms
[13676.118s][info][gc,cpu         ] GC(31710) User=0.00s Sys=0.00s Real=0.01s
[13676.534s][info][gc,start       ] GC(31711) Pause Young (Allocation Failure)
[13676.536s][info][gc,heap        ] GC(31711) PSYoungGen: 82528K(83968K)->448K(83968K) Eden: 80896K(80896K)->0K(80896K) From: 1632K(3072K)->448K(3072K)
[13676.536s][info][gc,heap        ] GC(31711) ParOldGen: 267830K(268800K)->267886K(268800K)
[13676.536s][info][gc,metaspace   ] GC(31711) Metaspace: 62240K(62528K)->62240K(62528K) NonClass: 53207K(53440K)->53207K(53440K) Class: 9032K(9088K)->9032K(9088K)
[13676.536s][info][gc             ] GC(31711) Pause Young (Allocation Failure) 342M->262M(344M) 1.980ms
[13676.536s][info][gc,cpu         ] GC(31711) User=0.00s Sys=0.00s Real=0.00s
[13676.992s][info][gc,start       ] GC(31712) Pause Young (Allocation Failure)
[13676.995s][info][gc,heap        ] GC(31712) PSYoungGen: 81344K(83968K)->1312K(83968K) Eden: 80896K(80896K)->0K(80896K) From: 448K(3072K)->1312K(3072K)
[13676.995s][info][gc,heap        ] GC(31712) ParOldGen: 267886K(268800K)->267934K(268800K)
[13676.995s][info][gc,metaspace   ] GC(31712) Metaspace: 62240K(62528K)->62240K(62528K) NonClass: 53207K(53440K)->53207K(53440K) Class: 9032K(9088K)->9032K(9088K)
[13676.995s][info][gc             ] GC(31712) Pause Young (Allocation Failure) 341M->262M(344M) 2.811ms
[13676.995s][info][gc,cpu         ] GC(31712) User=0.01s Sys=0.00s Real=0.00s
[13677.421s][info][gc,start       ] GC(31713) Pause Young (Allocation Failure)
[13677.449s][info][gc,heap        ] GC(31713) PSYoungGen: 82208K(83968K)->1536K(83968K) Eden: 80896K(80896K)->0K(80896K) From: 1312K(3072K)->1536K(3072K)
[13677.450s][info][gc,heap        ] GC(31713) ParOldGen: 267934K(268800K)->267990K(268800K)
[13677.450s][info][gc,metaspace   ] GC(31713) Metaspace: 62240K(62528K)->62240K(62528K) NonClass: 53207K(53440K)->53207K(53440K) Class: 9032K(9088K)->9032K(9088K)
[13677.450s][info][gc             ] GC(31713) Pause Young (Allocation Failure) 341M->263M(344M) 28.510ms
[13677.450s][info][gc,cpu         ] GC(31713) User=0.02s Sys=0.00s Real=0.03s
[13677.898s][info][gc,start       ] GC(31714) Pause Young (Allocation Failure)
[13677.901s][info][gc,heap        ] GC(31714) PSYoungGen: 82432K(83968K)->1376K(83968K) Eden: 80896K(80896K)->0K(80896K) From: 1536K(3072K)->1376K(3072K)
[13677.901s][info][gc,heap        ] GC(31714) ParOldGen: 267990K(268800K)->268094K(268800K)
[13677.901s][info][gc,metaspace   ] GC(31714) Metaspace: 62240K(62528K)->62240K(62528K) NonClass: 53207K(53440K)->53207K(53440K) Class: 9032K(9088K)->9032K(9088K)
[13677.901s][info][gc             ] GC(31714) Pause Young (Allocation Failure) 342M->263M(344M) 2.941ms
[13677.901s][info][gc,cpu         ] GC(31714) User=0.01s Sys=0.00s Real=0.00s
[13678.335s][info][gc,start       ] GC(31715) Pause Young (Allocation Failure)
[13678.337s][info][gc,heap        ] GC(31715) PSYoungGen: 82272K(83968K)->448K(99840K) Eden: 80896K(80896K)->0K(97280K) From: 1376K(3072K)->448K(2560K)
[13678.338s][info][gc,heap        ] GC(31715) ParOldGen: 268094K(268800K)->268150K(268800K)
[13678.338s][info][gc,metaspace   ] GC(31715) Metaspace: 62240K(62528K)->62240K(62528K) NonClass: 53207K(53440K)->53207K(53440K) Class: 9032K(9088K)->9032K(9088K)
[13678.338s][info][gc             ] GC(31715) Pause Young (Allocation Failure) 342M->262M(360M) 2.226ms
[13678.338s][info][gc,cpu         ] GC(31715) User=0.01s Sys=0.00s Real=0.01s
[13678.879s][info][gc,start       ] GC(31716) Pause Young (Allocation Failure)
[13678.882s][info][gc,heap        ] GC(31716) PSYoungGen: 97728K(99840K)->960K(99840K) Eden: 97280K(97280K)->0K(97280K) From: 448K(2560K)->960K(2560K)
[13678.882s][info][gc,heap        ] GC(31716) ParOldGen: 268150K(268800K)->268174K(268800K)
[13678.882s][info][gc,metaspace   ] GC(31716) Metaspace: 62240K(62528K)->62240K(62528K) NonClass: 53207K(53440K)->53207K(53440K) Class: 9032K(9088K)->9032K(9088K)
[13678.882s][info][gc             ] GC(31716) Pause Young (Allocation Failure) 357M->262M(360M) 2.931ms
[13678.882s][info][gc,cpu         ] GC(31716) User=0.01s Sys=0.00s Real=0.00s
[13679.402s][info][gc,start       ] GC(31717) Pause Young (Allocation Failure)
[13679.406s][info][gc,heap        ] GC(31717) PSYoungGen: 98240K(99840K)->1408K(119296K) Eden: 97280K(97280K)->0K(116736K) From: 960K(2560K)->1408K(2560K)
[13679.406s][info][gc,heap        ] GC(31717) ParOldGen: 268174K(268800K)->268190K(268800K)
[13679.406s][info][gc,metaspace   ] GC(31717) Metaspace: 62240K(62528K)->62240K(62528K) NonClass: 53207K(53440K)->53207K(53440K) Class: 9032K(9088K)->9032K(9088K)
[13679.406s][info][gc             ] GC(31717) Pause Young (Allocation Failure) 357M->263M(379M) 3.439ms
[13679.406s][info][gc,cpu         ] GC(31717) User=0.01s Sys=0.00s Real=0.00s
[13680.023s][info][gc,start       ] GC(31718) Pause Young (Allocation Failure)
[13680.025s][info][gc,heap        ] GC(31718) PSYoungGen: 118144K(119296K)->288K(113664K) Eden: 116736K(116736K)->0K(113152K) From: 1408K(2560K)->288K(512K)
[13680.025s][info][gc,heap        ] GC(31718) ParOldGen: 268190K(268800K)->268206K(268800K)
[13680.025s][info][gc,metaspace   ] GC(31718) Metaspace: 62240K(62528K)->62240K(62528K) NonClass: 53207K(53440K)->53207K(53440K) Class: 9032K(9088K)->9032K(9088K)
[13680.025s][info][gc             ] GC(31718) Pause Young (Allocation Failure) 377M->262M(373M) 2.069ms
[13680.025s][info][gc,cpu         ] GC(31718) User=0.01s Sys=0.00s Real=0.00s
[13680.585s][info][gc,start       ] GC(31719) Pause Young (Allocation Failure)
[13680.589s][info][gc,heap        ] GC(31719) PSYoungGen: 113440K(113664K)->2304K(112128K) Eden: 113152K(113152K)->0K(109568K) From: 288K(512K)->2304K(2560K)
[13680.589s][info][gc,heap        ] GC(31719) ParOldGen: 268206K(268800K)->269246K(270336K)
[13680.589s][info][gc,metaspace   ] GC(31719) Metaspace: 62240K(62528K)->62240K(62528K) NonClass: 53207K(53440K)->53207K(53440K) Class: 9032K(9088K)->9032K(9088K)
[13680.589s][info][gc             ] GC(31719) Pause Young (Allocation Failure) 372M->265M(373M) 4.201ms
[13680.589s][info][gc,cpu         ] GC(31719) User=0.01s Sys=0.00s Real=0.01s
[13681.174s][info][gc,start       ] GC(31720) Pause Young (Allocation Failure)
[13681.178s][info][gc,heap        ] GC(31720) PSYoungGen: 111872K(112128K)->992K(107008K) Eden: 109568K(109568K)->0K(105984K) From: 2304K(2560K)->992K(1024K)
[13681.178s][info][gc,heap        ] GC(31720) ParOldGen: 269246K(270336K)->271310K(271872K)
[13681.178s][info][gc,metaspace   ] GC(31720) Metaspace: 62240K(62528K)->62240K(62528K) NonClass: 53207K(53440K)->53207K(53440K) Class: 9032K(9088K)->9032K(9088K)
[13681.178s][info][gc             ] GC(31720) Pause Young (Allocation Failure) 372M->265M(370M) 3.631ms
[13681.178s][info][gc,cpu         ] GC(31720) User=0.01s Sys=0.00s Real=0.01s
[13681.754s][info][gc,start       ] GC(31721) Pause Young (Allocation Failure)
[13681.756s][info][gc,heap        ] GC(31721) PSYoungGen: 106976K(107008K)->768K(103936K) Eden: 105984K(105984K)->0K(102912K) From: 992K(1024K)->768K(1024K)
[13681.756s][info][gc,heap        ] GC(31721) ParOldGen: 271310K(271872K)->271326K(271872K)
[13681.756s][info][gc,metaspace   ] GC(31721) Metaspace: 62240K(62528K)->62240K(62528K) NonClass: 53207K(53440K)->53207K(53440K) Class: 9032K(9088K)->9032K(9088K)
[13681.756s][info][gc             ] GC(31721) Pause Young (Allocation Failure) 369M->265M(367M) 2.328ms
[13681.756s][info][gc,cpu         ] GC(31721) User=0.00s Sys=0.00s Real=0.00s
[13682.298s][info][gc,start       ] GC(31722) Pause Young (Allocation Failure)
[13682.301s][info][gc,heap        ] GC(31722) PSYoungGen: 103680K(103936K)->1376K(101376K) Eden: 102912K(102912K)->0K(99840K) From: 768K(1024K)->1376K(1536K)
[13682.301s][info][gc,heap        ] GC(31722) ParOldGen: 271326K(271872K)->271342K(271872K)
[13682.301s][info][gc,metaspace   ] GC(31722) Metaspace: 62240K(62528K)->62240K(62528K) NonClass: 53207K(53440K)->53207K(53440K) Class: 9032K(9088K)->9032K(9088K)
[13682.301s][info][gc             ] GC(31722) Pause Young (Allocation Failure) 366M->266M(364M) 2.814ms
[13682.301s][info][gc,cpu         ] GC(31722) User=0.01s Sys=0.00s Real=0.00s
[13682.838s][info][gc,start       ] GC(31723) Pause Young (Allocation Failure)
[13682.840s][info][gc,heap        ] GC(31723) PSYoungGen: 101216K(101376K)->512K(97280K) Eden: 99840K(99840K)->0K(96768K) From: 1376K(1536K)->512K(512K)
[13682.840s][info][gc,heap        ] GC(31723) ParOldGen: 271342K(271872K)->271358K(271872K)
[13682.840s][info][gc,metaspace   ] GC(31723) Metaspace: 62240K(62528K)->62240K(62528K) NonClass: 53207K(53440K)->53207K(53440K) Class: 9032K(9088K)->9032K(9088K)
[13682.840s][info][gc             ] GC(31723) Pause Young (Allocation Failure) 363M->265M(360M) 2.378ms
[13682.840s][info][gc,cpu         ] GC(31723) User=0.00s Sys=0.00s Real=0.00s
[13683.368s][info][gc,start       ] GC(31724) Pause Young (Allocation Failure)
[13683.370s][info][gc,heap        ] GC(31724) PSYoungGen: 97280K(97280K)->960K(96256K) Eden: 96768K(96768K)->0K(93696K) From: 512K(512K)->960K(2560K)
[13683.370s][info][gc,heap        ] GC(31724) ParOldGen: 271358K(271872K)->271382K(271872K)
[13683.370s][info][gc,metaspace   ] GC(31724) Metaspace: 62240K(62528K)->62240K(62528K) NonClass: 53207K(53440K)->53207K(53440K) Class: 9032K(9088K)->9032K(9088K)
[13683.370s][info][gc             ] GC(31724) Pause Young (Allocation Failure) 359M->265M(359M) 2.385ms
[13683.370s][info][gc,cpu         ] GC(31724) User=0.01s Sys=0.00s Real=0.00s
[13683.872s][info][gc,start       ] GC(31725) Pause Young (Allocation Failure)
[13683.874s][info][gc,heap        ] GC(31725) PSYoungGen: 94656K(96256K)->1056K(92672K) Eden: 93696K(93696K)->0K(91136K) From: 960K(2560K)->1056K(1536K)
[13683.874s][info][gc,heap        ] GC(31725) ParOldGen: 271382K(271872K)->271414K(271872K)
[13683.874s][info][gc,metaspace   ] GC(31725) Metaspace: 62240K(62528K)->62240K(62528K) NonClass: 53207K(53440K)->53207K(53440K) Class: 9032K(9088K)->9032K(9088K)
[13683.874s][info][gc             ] GC(31725) Pause Young (Allocation Failure) 357M->266M(356M) 2.635ms
[13683.874s][info][gc,cpu         ] GC(31725) User=0.00s Sys=0.00s Real=0.00s
[13684.354s][info][gc,start       ] GC(31726) Pause Young (Allocation Failure)
[13684.356s][info][gc,heap        ] GC(31726) PSYoungGen: 92192K(92672K)->768K(89600K) Eden: 91136K(91136K)->0K(88576K) From: 1056K(1536K)->768K(1024K)
[13684.356s][info][gc,heap        ] GC(31726) ParOldGen: 271414K(271872K)->271446K(271872K)
[13684.356s][info][gc,metaspace   ] GC(31726) Metaspace: 62240K(62528K)->62240K(62528K) NonClass: 53207K(53440K)->53207K(53440K) Class: 9032K(9088K)->9032K(9088K)
[13684.356s][info][gc             ] GC(31726) Pause Young (Allocation Failure) 355M->265M(353M) 2.418ms
[13684.356s][info][gc,cpu         ] GC(31726) User=0.01s Sys=0.00s Real=0.00s
[13684.869s][info][gc,start       ] GC(31727) Pause Young (Allocation Failure)
[13684.872s][info][gc,heap        ] GC(31727) PSYoungGen: 89344K(89600K)->2064K(88576K) Eden: 88576K(88576K)->0K(86016K) From: 768K(1024K)->2064K(2560K)
[13684.872s][info][gc,heap        ] GC(31727) ParOldGen: 271446K(271872K)->272502K(273408K)
[13684.872s][info][gc,metaspace   ] GC(31727) Metaspace: 62240K(62528K)->62240K(62528K) NonClass: 53207K(53440K)->53207K(53440K) Class: 9032K(9088K)->9032K(9088K)
[13684.872s][info][gc             ] GC(31727) Pause Young (Allocation Failure) 352M->268M(353M) 3.168ms
[13684.872s][info][gc,cpu         ] GC(31727) User=0.00s Sys=0.00s Real=0.00s
[13685.325s][info][gc,start       ] GC(31728) Pause Young (Allocation Failure)
[13685.329s][info][gc,heap        ] GC(31728) PSYoungGen: 88080K(88576K)->320K(83968K) Eden: 86016K(86016K)->0K(83456K) From: 2064K(2560K)->320K(512K)
[13685.329s][info][gc,heap        ] GC(31728) ParOldGen: 272502K(273408K)->274646K(274944K)
[13685.329s][info][gc,metaspace   ] GC(31728) Metaspace: 62240K(62528K)->62240K(62528K) NonClass: 53207K(53440K)->53207K(53440K) Class: 9032K(9088K)->9032K(9088K)
[13685.329s][info][gc             ] GC(31728) Pause Young (Allocation Failure) 352M->268M(350M) 3.298ms
[13685.329s][info][gc,cpu         ] GC(31728) User=0.00s Sys=0.01s Real=0.01s
[13685.796s][info][gc,start       ] GC(31729) Pause Young (Allocation Failure)
[13685.798s][info][gc,heap        ] GC(31729) PSYoungGen: 83776K(83968K)->1312K(104448K) Eden: 83456K(83456K)->0K(102912K) From: 320K(512K)->1312K(1536K)
[13685.798s][info][gc,heap        ] GC(31729) ParOldGen: 274646K(274944K)->274694K(274944K)
[13685.798s][info][gc,metaspace   ] GC(31729) Metaspace: 62240K(62528K)->62240K(62528K) NonClass: 53207K(53440K)->53207K(53440K) Class: 9032K(9088K)->9032K(9088K)
[13685.798s][info][gc             ] GC(31729) Pause Young (Allocation Failure) 350M->269M(370M) 2.931ms
[13685.798s][info][gc,cpu         ] GC(31729) User=0.01s Sys=0.00s Real=0.01s
[13686.355s][info][gc,start       ] GC(31730) Pause Young (Allocation Failure)
[13686.358s][info][gc,heap        ] GC(31730) PSYoungGen: 104224K(104448K)->832K(100864K) Eden: 102912K(102912K)->0K(99840K) From: 1312K(1536K)->832K(1024K)
[13686.358s][info][gc,heap        ] GC(31730) ParOldGen: 274694K(274944K)->274710K(274944K)
[13686.358s][info][gc,metaspace   ] GC(31730) Metaspace: 62240K(62528K)->62240K(62528K) NonClass: 53207K(53440K)->53207K(53440K) Class: 9032K(9088K)->9032K(9088K)
[13686.358s][info][gc             ] GC(31730) Pause Young (Allocation Failure) 370M->269M(367M) 2.448ms
[13686.358s][info][gc,cpu         ] GC(31730) User=0.00s Sys=0.00s Real=0.01s
[13686.915s][info][gc,start       ] GC(31731) Pause Young (Allocation Failure)
[13686.918s][info][gc,heap        ] GC(31731) PSYoungGen: 100672K(100864K)->1632K(98816K) Eden: 99840K(99840K)->0K(96768K) From: 832K(1024K)->1632K(2048K)
[13686.918s][info][gc,heap        ] GC(31731) ParOldGen: 274710K(274944K)->274726K(274944K)
[13686.918s][info][gc,metaspace   ] GC(31731) Metaspace: 62240K(62528K)->62240K(62528K) NonClass: 53207K(53440K)->53207K(53440K) Class: 9032K(9088K)->9032K(9088K)
[13686.918s][info][gc             ] GC(31731) Pause Young (Allocation Failure) 366M->269M(365M) 3.196ms
[13686.918s][info][gc,cpu         ] GC(31731) User=0.00s Sys=0.00s Real=0.01s
[13687.435s][info][gc,start       ] GC(31732) Pause Young (Allocation Failure)
[13687.437s][info][gc,heap        ] GC(31732) PSYoungGen: 98400K(98816K)->480K(94208K) Eden: 96768K(96768K)->0K(93696K) From: 1632K(2048K)->480K(512K)
[13687.437s][info][gc,heap        ] GC(31732) ParOldGen: 274726K(274944K)->274750K(274944K)
[13687.437s][info][gc,metaspace   ] GC(31732) Metaspace: 62240K(62528K)->62240K(62528K) NonClass: 53207K(53440K)->53207K(53440K) Class: 9032K(9088K)->9032K(9088K)
[13687.437s][info][gc             ] GC(31732) Pause Young (Allocation Failure) 364M->268M(360M) 2.212ms
[13687.437s][info][gc,cpu         ] GC(31732) User=0.00s Sys=0.00s Real=0.01s
[13687.918s][info][gc,start       ] GC(31733) Pause Young (Allocation Failure)
[13687.920s][info][gc,heap        ] GC(31733) PSYoungGen: 94176K(94208K)->224K(91648K) Eden: 93696K(93696K)->0K(91136K) From: 480K(512K)->224K(512K)
[13687.920s][info][gc,heap        ] GC(31733) ParOldGen: 274750K(274944K)->274782K(274944K)
[13687.920s][info][gc,metaspace   ] GC(31733) Metaspace: 62240K(62528K)->62240K(62528K) NonClass: 53207K(53440K)->53207K(53440K) Class: 9032K(9088K)->9032K(9088K)
[13687.920s][info][gc             ] GC(31733) Pause Young (Allocation Failure) 360M->268M(358M) 2.078ms
[13687.920s][info][gc,cpu         ] GC(31733) User=0.00s Sys=0.00s Real=0.00s
[13688.399s][info][gc,start       ] GC(31734) Pause Young (Allocation Failure)
[13688.402s][info][gc,heap        ] GC(31734) PSYoungGen: 91360K(91648K)->1472K(91136K) Eden: 91136K(91136K)->0K(88576K) From: 224K(512K)->1472K(2560K)
[13688.402s][info][gc,heap        ] GC(31734) ParOldGen: 274782K(274944K)->274814K(274944K)
[13688.402s][info][gc,metaspace   ] GC(31734) Metaspace: 62240K(62528K)->62240K(62528K) NonClass: 53207K(53440K)->53207K(53440K) Class: 9032K(9088K)->9032K(9088K)
[13688.402s][info][gc             ] GC(31734) Pause Young (Allocation Failure) 357M->269M(357M) 2.923ms
[13688.402s][info][gc,cpu         ] GC(31734) User=0.00s Sys=0.00s Real=0.00s
[13688.905s][info][gc,start       ] GC(31735) Pause Young (Allocation Failure)
[13688.908s][info][gc,heap        ] GC(31735) PSYoungGen: 90048K(91136K)->1280K(87552K) Eden: 88576K(88576K)->0K(86016K) From: 1472K(2560K)->1280K(1536K)
[13688.908s][info][gc,heap        ] GC(31735) ParOldGen: 274814K(274944K)->274846K(274944K)
[13688.908s][info][gc,metaspace   ] GC(31735) Metaspace: 62240K(62528K)->62240K(62528K) NonClass: 53207K(53440K)->53207K(53440K) Class: 9032K(9088K)->9032K(9088K)
[13688.908s][info][gc             ] GC(31735) Pause Young (Allocation Failure) 356M->269M(354M) 2.906ms
[13688.908s][info][gc,cpu         ] GC(31735) User=0.00s Sys=0.00s Real=0.01s
[13689.470s][info][gc,start       ] GC(31736) Pause Young (Allocation Failure)
[13689.472s][info][gc,heap        ] GC(31736) PSYoungGen: 87296K(87552K)->832K(84480K) Eden: 86016K(86016K)->0K(83456K) From: 1280K(1536K)->832K(1024K)
[13689.472s][info][gc,heap        ] GC(31736) ParOldGen: 274846K(274944K)->274886K(274944K)
[13689.472s][info][gc,metaspace   ] GC(31736) Metaspace: 62240K(62528K)->62240K(62528K) NonClass: 53207K(53440K)->53207K(53440K) Class: 9032K(9088K)->9032K(9088K)
[13689.472s][info][gc             ] GC(31736) Pause Young (Allocation Failure) 353M->269M(351M) 2.506ms
[13689.472s][info][gc,cpu         ] GC(31736) User=0.00s Sys=0.00s Real=0.00s
[13689.925s][info][gc,start       ] GC(31737) Pause Young (Allocation Failure)
[13689.927s][info][gc,heap        ] GC(31737) PSYoungGen: 84288K(84480K)->2368K(97280K) Eden: 83456K(83456K)->0K(94720K) From: 832K(1024K)->2368K(2560K)
[13689.927s][info][gc,heap        ] GC(31737) ParOldGen: 274886K(274944K)->274934K(274944K)
[13689.927s][info][gc,metaspace   ] GC(31737) Metaspace: 62240K(62528K)->62240K(62528K) NonClass: 53207K(53440K)->53207K(53440K) Class: 9032K(9088K)->9032K(9088K)
[13689.927s][info][gc             ] GC(31737) Pause Young (Allocation Failure) 350M->270M(363M) 2.207ms
[13689.927s][info][gc,cpu         ] GC(31737) User=0.01s Sys=0.00s Real=0.01s
[13690.439s][info][gc,start       ] GC(31738) Pause Young (Allocation Failure)
[13690.442s][info][gc,heap        ] GC(31738) PSYoungGen: 97088K(97280K)->544K(92672K) Eden: 94720K(94720K)->0K(91648K) From: 2368K(2560K)->544K(1024K)
[13690.442s][info][gc,heap        ] GC(31738) ParOldGen: 274934K(274944K)->277022K(278528K)
[13690.442s][info][gc,metaspace   ] GC(31738) Metaspace: 62240K(62528K)->62240K(62528K) NonClass: 53207K(53440K)->53207K(53440K) Class: 9032K(9088K)->9032K(9088K)
[13690.442s][info][gc             ] GC(31738) Pause Young (Allocation Failure) 363M->271M(362M) 3.386ms
[13690.442s][info][gc,cpu         ] GC(31738) User=0.00s Sys=0.00s Real=0.00s
[13690.928s][info][gc,start       ] GC(31739) Pause Young (Allocation Failure)
[13690.930s][info][gc,heap        ] GC(31739) PSYoungGen: 92192K(92672K)->384K(89600K) Eden: 91648K(91648K)->0K(89088K) From: 544K(1024K)->384K(512K)
[13690.930s][info][gc,heap        ] GC(31739) ParOldGen: 277022K(278528K)->277062K(278528K)
[13690.930s][info][gc,metaspace   ] GC(31739) Metaspace: 62240K(62528K)->62240K(62528K) NonClass: 53207K(53440K)->53207K(53440K) Class: 9032K(9088K)->9032K(9088K)
[13690.930s][info][gc             ] GC(31739) Pause Young (Allocation Failure) 360M->270M(359M) 2.190ms
[13690.930s][info][gc,cpu         ] GC(31739) User=0.00s Sys=0.00s Real=0.00s
[13691.385s][info][gc,start       ] GC(31740) Pause Young (Allocation Failure)
[13691.387s][info][gc,heap        ] GC(31740) PSYoungGen: 89472K(89600K)->1248K(89600K) Eden: 89088K(89088K)->0K(86528K) From: 384K(512K)->1248K(3072K)
[13691.387s][info][gc,heap        ] GC(31740) ParOldGen: 277062K(278528K)->277102K(278528K)
[13691.387s][info][gc,metaspace   ] GC(31740) Metaspace: 62240K(62528K)->62240K(62528K) NonClass: 53207K(53440K)->53207K(53440K) Class: 9032K(9088K)->9032K(9088K)
[13691.387s][info][gc             ] GC(31740) Pause Young (Allocation Failure) 357M->271M(359M) 2.758ms
[13691.388s][info][gc,cpu         ] GC(31740) User=0.01s Sys=0.00s Real=0.01s
[13691.845s][info][gc,start       ] GC(31741) Pause Young (Allocation Failure)
[13691.847s][info][gc,heap        ] GC(31741) PSYoungGen: 87776K(89600K)->640K(84992K) Eden: 86528K(86528K)->0K(83968K) From: 1248K(3072K)->640K(1024K)
[13691.847s][info][gc,heap        ] GC(31741) ParOldGen: 277102K(278528K)->277142K(278528K)
[13691.847s][info][gc,metaspace   ] GC(31741) Metaspace: 62240K(62528K)->62240K(62528K) NonClass: 53207K(53440K)->53207K(53440K) Class: 9032K(9088K)->9032K(9088K)
[13691.847s][info][gc             ] GC(31741) Pause Young (Allocation Failure) 356M->271M(355M) 2.302ms
[13691.847s][info][gc,cpu         ] GC(31741) User=0.00s Sys=0.00s Real=0.01s
[13692.323s][info][gc,start       ] GC(31742) Pause Young (Allocation Failure)
[13692.325s][info][gc,heap        ] GC(31742) PSYoungGen: 84608K(84992K)->320K(90112K) Eden: 83968K(83968K)->0K(89600K) From: 640K(1024K)->320K(512K)
[13692.326s][info][gc,heap        ] GC(31742) ParOldGen: 277142K(278528K)->277190K(278528K)
[13692.326s][info][gc,metaspace   ] GC(31742) Metaspace: 62240K(62528K)->62240K(62528K) NonClass: 53207K(53440K)->53207K(53440K) Class: 9032K(9088K)->9032K(9088K)
[13692.326s][info][gc             ] GC(31742) Pause Young (Allocation Failure) 353M->271M(360M) 2.106ms
[13692.326s][info][gc,cpu         ] GC(31742) User=0.00s Sys=0.00s Real=0.00s
[13692.776s][info][gc,start       ] GC(31743) Pause Young (Allocation Failure)
[13692.778s][info][gc,heap        ] GC(31743) PSYoungGen: 89920K(90112K)->1120K(88576K) Eden: 89600K(89600K)->0K(87040K) From: 320K(512K)->1120K(1536K)
[13692.778s][info][gc,heap        ] GC(31743) ParOldGen: 277190K(278528K)->277278K(278528K)
[13692.778s][info][gc,metaspace   ] GC(31743) Metaspace: 62240K(62528K)->62240K(62528K) NonClass: 53207K(53440K)->53207K(53440K) Class: 9032K(9088K)->9032K(9088K)
[13692.778s][info][gc             ] GC(31743) Pause Young (Allocation Failure) 358M->271M(358M) 2.779ms
[13692.778s][info][gc,cpu         ] GC(31743) User=0.00s Sys=0.00s Real=0.01s
[13693.237s][info][gc,start       ] GC(31744) Pause Young (Allocation Failure)
[13693.239s][info][gc,heap        ] GC(31744) PSYoungGen: 88160K(88576K)->480K(84992K) Eden: 87040K(87040K)->0K(84480K) From: 1120K(1536K)->480K(512K)
[13693.239s][info][gc,heap        ] GC(31744) ParOldGen: 277278K(278528K)->277318K(278528K)
[13693.239s][info][gc,metaspace   ] GC(31744) Metaspace: 62240K(62528K)->62240K(62528K) NonClass: 53207K(53440K)->53207K(53440K) Class: 9032K(9088K)->9032K(9088K)
[13693.239s][info][gc             ] GC(31744) Pause Young (Allocation Failure) 356M->271M(355M) 2.191ms
[13693.239s][info][gc,cpu         ] GC(31744) User=0.01s Sys=0.01s Real=0.00s
[13693.688s][info][gc,start       ] GC(31745) Pause Young (Allocation Failure)
[13693.691s][info][gc,heap        ] GC(31745) PSYoungGen: 84960K(84992K)->1152K(87552K) Eden: 84480K(84480K)->0K(86016K) From: 480K(512K)->1152K(1536K)
[13693.691s][info][gc,heap        ] GC(31745) ParOldGen: 277318K(278528K)->277366K(278528K)
[13693.691s][info][gc,metaspace   ] GC(31745) Metaspace: 62240K(62528K)->62240K(62528K) NonClass: 53207K(53440K)->53207K(53440K) Class: 9032K(9088K)->9032K(9088K)
[13693.691s][info][gc             ] GC(31745) Pause Young (Allocation Failure) 353M->271M(357M) 2.783ms
[13693.691s][info][gc,cpu         ] GC(31745) User=0.01s Sys=0.00s Real=0.00s
[13694.158s][info][gc,start       ] GC(31746) Pause Young (Allocation Failure)
[13694.161s][info][gc,heap        ] GC(31746) PSYoungGen: 87168K(87552K)->1792K(85504K) Eden: 86016K(86016K)->0K(83456K) From: 1152K(1536K)->1792K(2048K)
[13694.161s][info][gc,heap        ] GC(31746) ParOldGen: 277366K(278528K)->278430K(278528K)
[13694.161s][info][gc,metaspace   ] GC(31746) Metaspace: 62240K(62528K)->62240K(62528K) NonClass: 53207K(53440K)->53207K(53440K) Class: 9032K(9088K)->9032K(9088K)
[13694.161s][info][gc             ] GC(31746) Pause Young (Allocation Failure) 355M->273M(355M) 3.055ms
[13694.162s][info][gc,cpu         ] GC(31746) User=0.01s Sys=0.00s Real=0.00s
[13694.607s][info][gc,start       ] GC(31747) Pause Young (Allocation Failure)
[13694.611s][info][gc,heap        ] GC(31747) PSYoungGen: 85248K(85504K)->1536K(86016K) Eden: 83456K(83456K)->0K(84480K) From: 1792K(2048K)->1536K(1536K)
[13694.611s][info][gc,heap        ] GC(31747) ParOldGen: 278430K(278528K)->280526K(281600K)
[13694.611s][info][gc,metaspace   ] GC(31747) Metaspace: 62240K(62528K)->62240K(62528K) NonClass: 53207K(53440K)->53207K(53440K) Class: 9032K(9088K)->9032K(9088K)
[13694.611s][info][gc             ] GC(31747) Pause Young (Allocation Failure) 355M->275M(359M) 4.130ms
[13694.611s][info][gc,cpu         ] GC(31747) User=0.01s Sys=0.00s Real=0.00s
[13695.059s][info][gc,start       ] GC(31748) Pause Young (Allocation Failure)
[13695.062s][info][gc,heap        ] GC(31748) PSYoungGen: 86015K(86016K)->864K(85504K) Eden: 84479K(84480K)->0K(84480K) From: 1536K(1536K)->864K(1024K)
[13695.062s][info][gc,heap        ] GC(31748) ParOldGen: 280526K(281600K)->280574K(281600K)
[13695.062s][info][gc,metaspace   ] GC(31748) Metaspace: 62240K(62528K)->62240K(62528K) NonClass: 53207K(53440K)->53207K(53440K) Class: 9032K(9088K)->9032K(9088K)
[13695.062s][info][gc             ] GC(31748) Pause Young (Allocation Failure) 357M->274M(358M) 2.415ms
[13695.062s][info][gc,cpu         ] GC(31748) User=0.01s Sys=0.00s Real=0.00s
[13695.505s][info][gc,start       ] GC(31749) Pause Young (Allocation Failure)
[13695.507s][info][gc,heap        ] GC(31749) PSYoungGen: 85344K(85504K)->1376K(83968K) Eden: 84480K(84480K)->0K(82432K) From: 864K(1024K)->1376K(1536K)
[13695.507s][info][gc,heap        ] GC(31749) ParOldGen: 280574K(281600K)->280622K(281600K)
[13695.507s][info][gc,metaspace   ] GC(31749) Metaspace: 62240K(62528K)->62240K(62528K) NonClass: 53207K(53440K)->53207K(53440K) Class: 9032K(9088K)->9032K(9088K)
[13695.508s][info][gc             ] GC(31749) Pause Young (Allocation Failure) 357M->275M(357M) 2.947ms
[13695.508s][info][gc,cpu         ] GC(31749) User=0.01s Sys=0.00s Real=0.01s
[13695.952s][info][gc,start       ] GC(31750) Pause Young (Allocation Failure)
[13695.954s][info][gc,heap        ] GC(31750) PSYoungGen: 83808K(83968K)->800K(83456K) Eden: 82432K(82432K)->0K(82432K) From: 1376K(1536K)->800K(1024K)
[13695.954s][info][gc,heap        ] GC(31750) ParOldGen: 280622K(281600K)->280670K(281600K)
[13695.954s][info][gc,metaspace   ] GC(31750) Metaspace: 62240K(62528K)->62240K(62528K) NonClass: 53207K(53440K)->53207K(53440K) Class: 9032K(9088K)->9032K(9088K)
[13695.954s][info][gc             ] GC(31750) Pause Young (Allocation Failure) 355M->274M(356M) 2.322ms
[13695.954s][info][gc,cpu         ] GC(31750) User=0.00s Sys=0.00s Real=0.00s
[13696.358s][info][gc,start       ] GC(31751) Pause Young (Allocation Failure)
[13696.360s][info][gc,heap        ] GC(31751) PSYoungGen: 83232K(83456K)->928K(84480K) Eden: 82432K(82432K)->0K(81920K) From: 800K(1024K)->928K(2560K)
[13696.360s][info][gc,heap        ] GC(31751) ParOldGen: 280670K(281600K)->280718K(281600K)
[13696.360s][info][gc,metaspace   ] GC(31751) Metaspace: 62240K(62528K)->62240K(62528K) NonClass: 53207K(53440K)->53207K(53440K) Class: 9032K(9088K)->9032K(9088K)
[13696.360s][info][gc             ] GC(31751) Pause Young (Allocation Failure) 355M->275M(357M) 2.482ms
[13696.360s][info][gc,cpu         ] GC(31751) User=0.01s Sys=0.00s Real=0.00s
[13696.746s][info][gc,start       ] GC(31752) Pause Young (Allocation Failure)
[13696.748s][info][gc,heap        ] GC(31752) PSYoungGen: 82848K(84480K)->608K(84480K) Eden: 81920K(81920K)->0K(81920K) From: 928K(2560K)->608K(2560K)
[13696.748s][info][gc,heap        ] GC(31752) ParOldGen: 280718K(281600K)->280766K(281600K)
[13696.748s][info][gc,metaspace   ] GC(31752) Metaspace: 62240K(62528K)->62240K(62528K) NonClass: 53207K(53440K)->53207K(53440K) Class: 9032K(9088K)->9032K(9088K)
[13696.748s][info][gc             ] GC(31752) Pause Young (Allocation Failure) 355M->274M(357M) 2.166ms
[13696.748s][info][gc,cpu         ] GC(31752) User=0.00s Sys=0.00s Real=0.01s
[13697.168s][info][gc,start       ] GC(31753) Pause Young (Allocation Failure)
[13697.171s][info][gc,heap        ] GC(31753) PSYoungGen: 82528K(84480K)->928K(84992K) Eden: 81920K(81920K)->0K(82432K) From: 608K(2560K)->928K(2560K)
[13697.171s][info][gc,heap        ] GC(31753) ParOldGen: 280766K(281600K)->280822K(281600K)
[13697.171s][info][gc,metaspace   ] GC(31753) Metaspace: 62240K(62528K)->62240K(62528K) NonClass: 53207K(53440K)->53207K(53440K) Class: 9032K(9088K)->9032K(9088K)
[13697.171s][info][gc             ] GC(31753) Pause Young (Allocation Failure) 354M->275M(358M) 2.532ms
[13697.171s][info][gc,cpu         ] GC(31753) User=0.00s Sys=0.00s Real=0.00s
[13697.620s][info][gc,start       ] GC(31754) Pause Young (Allocation Failure)
[13697.622s][info][gc,heap        ] GC(31754) PSYoungGen: 83360K(84992K)->224K(84480K) Eden: 82432K(82432K)->0K(82432K) From: 928K(2560K)->224K(2048K)
[13697.622s][info][gc,heap        ] GC(31754) ParOldGen: 280822K(281600K)->280870K(281600K)
[13697.622s][info][gc,metaspace   ] GC(31754) Metaspace: 62240K(62528K)->62240K(62528K) NonClass: 53207K(53440K)->53207K(53440K) Class: 9032K(9088K)->9032K(9088K)
[13697.622s][info][gc             ] GC(31754) Pause Young (Allocation Failure) 355M->274M(357M) 1.815ms
[13697.622s][info][gc,cpu         ] GC(31754) User=0.00s Sys=0.00s Real=0.00s
[13698.062s][info][gc,start       ] GC(31755) Pause Young (Allocation Failure)
[13698.064s][info][gc,heap        ] GC(31755) PSYoungGen: 82656K(84480K)->864K(84992K) Eden: 82432K(82432K)->0K(82432K) From: 224K(2048K)->864K(2560K)
[13698.064s][info][gc,heap        ] GC(31755) ParOldGen: 280870K(281600K)->280918K(281600K)
[13698.064s][info][gc,metaspace   ] GC(31755) Metaspace: 62240K(62528K)->62240K(62528K) NonClass: 53207K(53440K)->53207K(53440K) Class: 9032K(9088K)->9032K(9088K)
[13698.064s][info][gc             ] GC(31755) Pause Young (Allocation Failure) 355M->275M(358M) 2.367ms
[13698.064s][info][gc,cpu         ] GC(31755) User=0.01s Sys=0.00s Real=0.00s
[13698.512s][info][gc,start       ] GC(31756) Pause Young (Allocation Failure)
[13698.515s][info][gc,heap        ] GC(31756) PSYoungGen: 83296K(84992K)->1632K(84480K) Eden: 82432K(82432K)->0K(82432K) From: 864K(2560K)->1632K(2048K)
[13698.515s][info][gc,heap        ] GC(31756) ParOldGen: 280918K(281600K)->280966K(281600K)
[13698.515s][info][gc,metaspace   ] GC(31756) Metaspace: 62240K(62528K)->62240K(62528K) NonClass: 53207K(53440K)->53207K(53440K) Class: 9032K(9088K)->9032K(9088K)
[13698.515s][info][gc             ] GC(31756) Pause Young (Allocation Failure) 355M->275M(357M) 3.104ms
[13698.515s][info][gc,cpu         ] GC(31756) User=0.01s Sys=0.00s Real=0.00s
[13698.966s][info][gc,start       ] GC(31757) Pause Young (Allocation Failure)
[13698.970s][info][gc,heap        ] GC(31757) PSYoungGen: 84064K(84480K)->1888K(84480K) Eden: 82432K(82432K)->0K(81920K) From: 1632K(2048K)->1888K(2560K)
[13698.970s][info][gc,heap        ] GC(31757) ParOldGen: 280966K(281600K)->283062K(283136K)
[13698.970s][info][gc,metaspace   ] GC(31757) Metaspace: 62240K(62528K)->62240K(62528K) NonClass: 53207K(53440K)->53207K(53440K) Class: 9032K(9088K)->9032K(9088K)
[13698.970s][info][gc             ] GC(31757) Pause Young (Allocation Failure) 356M->278M(359M) 3.542ms
[13698.970s][info][gc,cpu         ] GC(31757) User=0.00s Sys=0.00s Real=0.00s
[13699.420s][info][gc,start       ] GC(31758) Pause Young (Allocation Failure)
[13699.423s][info][gc,heap        ] GC(31758) PSYoungGen: 83808K(84480K)->256K(84480K) Eden: 81920K(81920K)->0K(81920K) From: 1888K(2560K)->256K(2560K)
[13699.423s][info][gc,heap        ] GC(31758) ParOldGen: 283062K(283136K)->285158K(286208K)
[13699.423s][info][gc,metaspace   ] GC(31758) Metaspace: 62240K(62528K)->62240K(62528K) NonClass: 53207K(53440K)->53207K(53440K) Class: 9032K(9088K)->9032K(9088K)
[13699.423s][info][gc             ] GC(31758) Pause Young (Allocation Failure) 358M->278M(362M) 3.008ms
[13699.423s][info][gc,cpu         ] GC(31758) User=0.01s Sys=0.00s Real=0.00s
[13699.907s][info][gc,start       ] GC(31759) Pause Young (Allocation Failure)
[13699.910s][info][gc,heap        ] GC(31759) PSYoungGen: 82176K(84480K)->1488K(84480K) Eden: 81920K(81920K)->0K(81920K) From: 256K(2560K)->1488K(2560K)
[13699.910s][info][gc,heap        ] GC(31759) ParOldGen: 285158K(286208K)->285206K(286208K)
[13699.910s][info][gc,metaspace   ] GC(31759) Metaspace: 62240K(62528K)->62240K(62528K) NonClass: 53207K(53440K)->53207K(53440K) Class: 9032K(9088K)->9032K(9088K)
[13699.910s][info][gc             ] GC(31759) Pause Young (Allocation Failure) 358M->279M(362M) 2.983ms
[13699.910s][info][gc,cpu         ] GC(31759) User=0.00s Sys=0.00s Real=0.00s
[13700.351s][info][gc,start       ] GC(31760) Pause Young (Allocation Failure)
[13700.353s][info][gc,heap        ] GC(31760) PSYoungGen: 83408K(84480K)->640K(84480K) Eden: 81920K(81920K)->0K(81920K) From: 1488K(2560K)->640K(2560K)
[13700.353s][info][gc,heap        ] GC(31760) ParOldGen: 285206K(286208K)->285310K(286208K)
[13700.353s][info][gc,metaspace   ] GC(31760) Metaspace: 62240K(62528K)->62240K(62528K) NonClass: 53207K(53440K)->53207K(53440K) Class: 9032K(9088K)->9032K(9088K)
[13700.353s][info][gc             ] GC(31760) Pause Young (Allocation Failure) 359M->279M(362M) 2.262ms
[13700.353s][info][gc,cpu         ] GC(31760) User=0.01s Sys=0.00s Real=0.00s
[13700.788s][info][gc,start       ] GC(31761) Pause Young (Allocation Failure)
[13700.791s][info][gc,heap        ] GC(31761) PSYoungGen: 82560K(84480K)->1248K(84480K) Eden: 81920K(81920K)->0K(81920K) From: 640K(2560K)->1248K(2560K)
[13700.791s][info][gc,heap        ] GC(31761) ParOldGen: 285310K(286208K)->285366K(286208K)
[13700.791s][info][gc,metaspace   ] GC(31761) Metaspace: 62240K(62528K)->62240K(62528K) NonClass: 53207K(53440K)->53207K(53440K) Class: 9032K(9088K)->9032K(9088K)
[13700.791s][info][gc             ] GC(31761) Pause Young (Allocation Failure) 359M->279M(362M) 2.718ms
[13700.791s][info][gc,cpu         ] GC(31761) User=0.01s Sys=0.00s Real=0.00s
[13701.216s][info][gc,start       ] GC(31762) Pause Young (Allocation Failure)
[13701.219s][info][gc,heap        ] GC(31762) PSYoungGen: 83168K(84480K)->1728K(84480K) Eden: 81920K(81920K)->0K(81920K) From: 1248K(2560K)->1728K(2560K)
[13701.219s][info][gc,heap        ] GC(31762) ParOldGen: 285366K(286208K)->285414K(286208K)
[13701.219s][info][gc,metaspace   ] GC(31762) Metaspace: 62240K(62528K)->62240K(62528K) NonClass: 53207K(53440K)->53207K(53440K) Class: 9032K(9088K)->9032K(9088K)
[13701.219s][info][gc             ] GC(31762) Pause Young (Allocation Failure) 359M->280M(362M) 3.228ms
[13701.219s][info][gc,cpu         ] GC(31762) User=0.01s Sys=0.00s Real=0.01s
[13701.669s][info][gc,start       ] GC(31763) Pause Young (Allocation Failure)
[13701.672s][info][gc,heap        ] GC(31763) PSYoungGen: 83648K(84480K)->1024K(84480K) Eden: 81920K(81920K)->0K(81920K) From: 1728K(2560K)->1024K(2560K)
[13701.672s][info][gc,heap        ] GC(31763) ParOldGen: 285414K(286208K)->285462K(286208K)
[13701.672s][info][gc,metaspace   ] GC(31763) Metaspace: 62240K(62528K)->62240K(62528K) NonClass: 53207K(53440K)->53207K(53440K) Class: 9032K(9088K)->9032K(9088K)
[13701.672s][info][gc             ] GC(31763) Pause Young (Allocation Failure) 360M->279M(362M) 2.574ms
[13701.672s][info][gc,cpu         ] GC(31763) User=0.00s Sys=0.00s Real=0.00s
[13702.104s][info][gc,start       ] GC(31764) Pause Young (Allocation Failure)
[13702.107s][info][gc,heap        ] GC(31764) PSYoungGen: 82944K(84480K)->1440K(84480K) Eden: 81920K(81920K)->0K(81920K) From: 1024K(2560K)->1440K(2560K)
[13702.107s][info][gc,heap        ] GC(31764) ParOldGen: 285462K(286208K)->285510K(286208K)
[13702.107s][info][gc,metaspace   ] GC(31764) Metaspace: 62240K(62528K)->62240K(62528K) NonClass: 53207K(53440K)->53207K(53440K) Class: 9032K(9088K)->9032K(9088K)
[13702.107s][info][gc             ] GC(31764) Pause Young (Allocation Failure) 359M->280M(362M) 3.028ms
[13702.107s][info][gc,cpu         ] GC(31764) User=0.00s Sys=0.00s Real=0.01s
[13702.530s][info][gc,start       ] GC(31765) Pause Young (Allocation Failure)
[13702.532s][info][gc,heap        ] GC(31765) PSYoungGen: 83360K(84480K)->352K(84480K) Eden: 81920K(81920K)->0K(81920K) From: 1440K(2560K)->352K(2560K)
[13702.532s][info][gc,heap        ] GC(31765) ParOldGen: 285510K(286208K)->285566K(286208K)
[13702.532s][info][gc,metaspace   ] GC(31765) Metaspace: 62240K(62528K)->62240K(62528K) NonClass: 53207K(53440K)->53207K(53440K) Class: 9032K(9088K)->9032K(9088K)
[13702.532s][info][gc             ] GC(31765) Pause Young (Allocation Failure) 360M->279M(362M) 1.905ms
[13702.532s][info][gc,cpu         ] GC(31765) User=0.00s Sys=0.00s Real=0.00s
[13702.975s][info][gc,start       ] GC(31766) Pause Young (Allocation Failure)
[13702.978s][info][gc,heap        ] GC(31766) PSYoungGen: 82272K(84480K)->1088K(84480K) Eden: 81920K(81920K)->0K(81920K) From: 352K(2560K)->1088K(2560K)
[13702.978s][info][gc,heap        ] GC(31766) ParOldGen: 285566K(286208K)->285614K(286208K)
[13702.978s][info][gc,metaspace   ] GC(31766) Metaspace: 62240K(62528K)->62240K(62528K) NonClass: 53207K(53440K)->53207K(53440K) Class: 9032K(9088K)->9032K(9088K)
[13702.978s][info][gc             ] GC(31766) Pause Young (Allocation Failure) 359M->279M(362M) 2.542ms
[13702.978s][info][gc,cpu         ] GC(31766) User=0.01s Sys=0.00s Real=0.01s
[13703.421s][info][gc,start       ] GC(31767) Pause Young (Allocation Failure)
[13703.423s][info][gc,heap        ] GC(31767) PSYoungGen: 83008K(84480K)->256K(84480K) Eden: 81920K(81920K)->0K(81920K) From: 1088K(2560K)->256K(2560K)
[13703.423s][info][gc,heap        ] GC(31767) ParOldGen: 285614K(286208K)->285662K(286208K)
[13703.423s][info][gc,metaspace   ] GC(31767) Metaspace: 62240K(62528K)->62240K(62528K) NonClass: 53207K(53440K)->53207K(53440K) Class: 9032K(9088K)->9032K(9088K)
[13703.423s][info][gc             ] GC(31767) Pause Young (Allocation Failure) 359M->279M(362M) 1.863ms
[13703.423s][info][gc,cpu         ] GC(31767) User=0.01s Sys=0.00s Real=0.00s
[13703.881s][info][gc,start       ] GC(31768) Pause Young (Allocation Failure)
[13703.884s][info][gc,heap        ] GC(31768) PSYoungGen: 82176K(84480K)->1088K(84480K) Eden: 81920K(81920K)->0K(81920K) From: 256K(2560K)->1088K(2560K)
[13703.884s][info][gc,heap        ] GC(31768) ParOldGen: 285662K(286208K)->285710K(286208K)
[13703.884s][info][gc,metaspace   ] GC(31768) Metaspace: 62240K(62528K)->62240K(62528K) NonClass: 53207K(53440K)->53207K(53440K) Class: 9032K(9088K)->9032K(9088K)
[13703.884s][info][gc             ] GC(31768) Pause Young (Allocation Failure) 359M->280M(362M) 2.521ms
[13703.884s][info][gc,cpu         ] GC(31768) User=0.00s Sys=0.00s Real=0.00s
[13704.309s][info][gc,start       ] GC(31769) Pause Young (Allocation Failure)
[13704.312s][info][gc,heap        ] GC(31769) PSYoungGen: 83008K(84480K)->1568K(84480K) Eden: 81920K(81920K)->0K(81920K) From: 1088K(2560K)->1568K(2560K)
[13704.312s][info][gc,heap        ] GC(31769) ParOldGen: 285710K(286208K)->285758K(286208K)
[13704.312s][info][gc,metaspace   ] GC(31769) Metaspace: 62240K(62528K)->62240K(62528K) NonClass: 53207K(53440K)->53207K(53440K) Class: 9032K(9088K)->9032K(9088K)
[13704.312s][info][gc             ] GC(31769) Pause Young (Allocation Failure) 360M->280M(362M) 2.921ms
[13704.312s][info][gc,cpu         ] GC(31769) User=0.00s Sys=0.00s Real=0.00s
[13704.715s][info][gc,start       ] GC(31770) Pause Young (Allocation Failure)
[13704.719s][info][gc,heap        ] GC(31770) PSYoungGen: 83488K(84480K)->1696K(84480K) Eden: 81920K(81920K)->0K(81920K) From: 1568K(2560K)->1696K(2560K)
[13704.719s][info][gc,heap        ] GC(31770) ParOldGen: 285758K(286208K)->285806K(286208K)
[13704.719s][info][gc,metaspace   ] GC(31770) Metaspace: 62240K(62528K)->62240K(62528K) NonClass: 53207K(53440K)->53207K(53440K) Class: 9032K(9088K)->9032K(9088K)
[13704.719s][info][gc             ] GC(31770) Pause Young (Allocation Failure) 360M->280M(362M) 3.220ms
[13704.719s][info][gc,cpu         ] GC(31770) User=0.01s Sys=0.00s Real=0.01s
[13705.154s][info][gc,start       ] GC(31771) Pause Young (Allocation Failure)
[13705.156s][info][gc,heap        ] GC(31771) PSYoungGen: 83616K(84480K)->704K(84480K) Eden: 81920K(81920K)->0K(81920K) From: 1696K(2560K)->704K(2560K)
[13705.156s][info][gc,heap        ] GC(31771) ParOldGen: 285806K(286208K)->285854K(286208K)
[13705.156s][info][gc,metaspace   ] GC(31771) Metaspace: 62240K(62528K)->62240K(62528K) NonClass: 53207K(53440K)->53207K(53440K) Class: 9032K(9088K)->9032K(9088K)
[13705.156s][info][gc             ] GC(31771) Pause Young (Allocation Failure) 360M->279M(362M) 2.217ms
[13705.156s][info][gc,cpu         ] GC(31771) User=0.01s Sys=0.00s Real=0.00s
[13705.596s][info][gc,start       ] GC(31772) Pause Young (Allocation Failure)
[13705.599s][info][gc,heap        ] GC(31772) PSYoungGen: 82624K(84480K)->1376K(84480K) Eden: 81920K(81920K)->0K(81920K) From: 704K(2560K)->1376K(2560K)
[13705.599s][info][gc,heap        ] GC(31772) ParOldGen: 285854K(286208K)->285902K(286208K)
[13705.599s][info][gc,metaspace   ] GC(31772) Metaspace: 62240K(62528K)->62240K(62528K) NonClass: 53207K(53440K)->53207K(53440K) Class: 9032K(9088K)->9032K(9088K)
[13705.599s][info][gc             ] GC(31772) Pause Young (Allocation Failure) 359M->280M(362M) 2.862ms
[13705.599s][info][gc,cpu         ] GC(31772) User=0.00s Sys=0.00s Real=0.01s
[13706.048s][info][gc,start       ] GC(31773) Pause Young (Allocation Failure)
[13706.050s][info][gc,heap        ] GC(31773) PSYoungGen: 83296K(84480K)->640K(84480K) Eden: 81920K(81920K)->0K(81920K) From: 1376K(2560K)->640K(2560K)
[13706.050s][info][gc,heap        ] GC(31773) ParOldGen: 285902K(286208K)->285950K(286208K)
[13706.050s][info][gc,metaspace   ] GC(31773) Metaspace: 62240K(62528K)->62240K(62528K) NonClass: 53207K(53440K)->53207K(53440K) Class: 9032K(9088K)->9032K(9088K)
[13706.050s][info][gc             ] GC(31773) Pause Young (Allocation Failure) 360M->279M(362M) 2.193ms
[13706.050s][info][gc,cpu         ] GC(31773) User=0.01s Sys=0.00s Real=0.00s
[13706.485s][info][gc,start       ] GC(31774) Pause Young (Allocation Failure)
[13706.488s][info][gc,heap        ] GC(31774) PSYoungGen: 82560K(84480K)->1120K(84480K) Eden: 81920K(81920K)->0K(81920K) From: 640K(2560K)->1120K(2560K)
[13706.488s][info][gc,heap        ] GC(31774) ParOldGen: 285950K(286208K)->286006K(286208K)
[13706.488s][info][gc,metaspace   ] GC(31774) Metaspace: 62240K(62528K)->62240K(62528K) NonClass: 53207K(53440K)->53207K(53440K) Class: 9032K(9088K)->9032K(9088K)
[13706.488s][info][gc             ] GC(31774) Pause Young (Allocation Failure) 359M->280M(362M) 2.542ms
[13706.488s][info][gc,cpu         ] GC(31774) User=0.00s Sys=0.00s Real=0.01s
[13706.967s][info][gc,start       ] GC(31775) Pause Young (Allocation Failure)
[13706.970s][info][gc,heap        ] GC(31775) PSYoungGen: 83040K(84480K)->960K(84480K) Eden: 81920K(81920K)->0K(81920K) From: 1120K(2560K)->960K(2560K)
[13706.970s][info][gc,heap        ] GC(31775) ParOldGen: 286006K(286208K)->286054K(286208K)
[13706.970s][info][gc,metaspace   ] GC(31775) Metaspace: 62240K(62528K)->62240K(62528K) NonClass: 53207K(53440K)->53207K(53440K) Class: 9032K(9088K)->9032K(9088K)
[13706.970s][info][gc             ] GC(31775) Pause Young (Allocation Failure) 360M->280M(362M) 2.494ms
[13706.970s][info][gc,cpu         ] GC(31775) User=0.01s Sys=0.00s Real=0.00s
[13707.416s][info][gc,start       ] GC(31776) Pause Young (Allocation Failure)
[13707.419s][info][gc,heap        ] GC(31776) PSYoungGen: 82880K(84480K)->1568K(84480K) Eden: 81920K(81920K)->0K(81920K) From: 960K(2560K)->1568K(2560K)
[13707.419s][info][gc,heap        ] GC(31776) ParOldGen: 286054K(286208K)->286158K(286208K)
[13707.419s][info][gc,metaspace   ] GC(31776) Metaspace: 62240K(62528K)->62240K(62528K) NonClass: 53207K(53440K)->53207K(53440K) Class: 9032K(9088K)->9032K(9088K)
[13707.419s][info][gc             ] GC(31776) Pause Young (Allocation Failure) 360M->280M(362M) 2.997ms
[13707.419s][info][gc,cpu         ] GC(31776) User=0.00s Sys=0.00s Real=0.01s
[13707.861s][info][gc,start       ] GC(31777) Pause Young (Allocation Failure)
[13707.864s][info][gc,heap        ] GC(31777) PSYoungGen: 83488K(84480K)->1856K(84480K) Eden: 81920K(81920K)->0K(81920K) From: 1568K(2560K)->1856K(2560K)
[13707.864s][info][gc,heap        ] GC(31777) ParOldGen: 286158K(286208K)->287238K(287744K)
[13707.864s][info][gc,metaspace   ] GC(31777) Metaspace: 62240K(62528K)->62240K(62528K) NonClass: 53207K(53440K)->53207K(53440K) Class: 9032K(9088K)->9032K(9088K)
[13707.864s][info][gc             ] GC(31777) Pause Young (Allocation Failure) 360M->282M(363M) 2.958ms
[13707.864s][info][gc,cpu         ] GC(31777) User=0.01s Sys=0.00s Real=0.00s
[13708.283s][info][gc,start       ] GC(31778) Pause Young (Allocation Failure)
[13708.287s][info][gc,heap        ] GC(31778) PSYoungGen: 83776K(84480K)->1152K(84480K) Eden: 81920K(81920K)->0K(81920K) From: 1856K(2560K)->1152K(2560K)
[13708.287s][info][gc,heap        ] GC(31778) ParOldGen: 287238K(287744K)->289334K(290816K)
[13708.287s][info][gc,metaspace   ] GC(31778) Metaspace: 62240K(62528K)->62240K(62528K) NonClass: 53207K(53440K)->53207K(53440K) Class: 9032K(9088K)->9032K(9088K)
[13708.287s][info][gc             ] GC(31778) Pause Young (Allocation Failure) 362M->283M(366M) 3.693ms
[13708.287s][info][gc,cpu         ] GC(31778) User=0.01s Sys=0.00s Real=0.01s
[13708.736s][info][gc,start       ] GC(31779) Pause Young (Allocation Failure)
[13708.738s][info][gc,heap        ] GC(31779) PSYoungGen: 83072K(84480K)->448K(84480K) Eden: 81920K(81920K)->0K(81920K) From: 1152K(2560K)->448K(2560K)
[13708.738s][info][gc,heap        ] GC(31779) ParOldGen: 289334K(290816K)->289382K(290816K)
[13708.738s][info][gc,metaspace   ] GC(31779) Metaspace: 62240K(62528K)->62240K(62528K) NonClass: 53207K(53440K)->53207K(53440K) Class: 9032K(9088K)->9032K(9088K)
[13708.738s][info][gc             ] GC(31779) Pause Young (Allocation Failure) 363M->283M(366M) 2.066ms
[13708.738s][info][gc,cpu         ] GC(31779) User=0.01s Sys=0.00s Real=0.01s
[13709.185s][info][gc,start       ] GC(31780) Pause Young (Allocation Failure)
[13709.187s][info][gc,heap        ] GC(31780) PSYoungGen: 82368K(84480K)->1184K(84480K) Eden: 81920K(81920K)->0K(81920K) From: 448K(2560K)->1184K(2560K)
[13709.187s][info][gc,heap        ] GC(31780) ParOldGen: 289382K(290816K)->289430K(290816K)
[13709.187s][info][gc,metaspace   ] GC(31780) Metaspace: 62240K(62528K)->62240K(62528K) NonClass: 53207K(53440K)->53207K(53440K) Class: 9032K(9088K)->9032K(9088K)
[13709.187s][info][gc             ] GC(31780) Pause Young (Allocation Failure) 363M->283M(366M) 2.572ms
[13709.187s][info][gc,cpu         ] GC(31780) User=0.00s Sys=0.00s Real=0.01s
[13709.696s][info][gc,start       ] GC(31781) Pause Young (Allocation Failure)
[13709.699s][info][gc,heap        ] GC(31781) PSYoungGen: 83104K(84480K)->1088K(84480K) Eden: 81920K(81920K)->0K(81920K) From: 1184K(2560K)->1088K(2560K)
[13709.699s][info][gc,heap        ] GC(31781) ParOldGen: 289430K(290816K)->289486K(290816K)
[13709.699s][info][gc,metaspace   ] GC(31781) Metaspace: 62240K(62528K)->62240K(62528K) NonClass: 53207K(53440K)->53207K(53440K) Class: 9032K(9088K)->9032K(9088K)
[13709.699s][info][gc             ] GC(31781) Pause Young (Allocation Failure) 363M->283M(366M) 3.097ms
[13709.699s][info][gc,cpu         ] GC(31781) User=0.00s Sys=0.00s Real=0.01s
[13710.115s][info][gc,start       ] GC(31782) Pause Young (Allocation Failure)
[13710.118s][info][gc,heap        ] GC(31782) PSYoungGen: 83008K(84480K)->1696K(84480K) Eden: 81920K(81920K)->0K(81920K) From: 1088K(2560K)->1696K(2560K)
[13710.118s][info][gc,heap        ] GC(31782) ParOldGen: 289486K(290816K)->289542K(290816K)
[13710.118s][info][gc,metaspace   ] GC(31782) Metaspace: 62240K(62528K)->62240K(62528K) NonClass: 53207K(53440K)->53207K(53440K) Class: 9032K(9088K)->9032K(9088K)
[13710.118s][info][gc             ] GC(31782) Pause Young (Allocation Failure) 363M->284M(366M) 3.107ms
[13710.118s][info][gc,cpu         ] GC(31782) User=0.00s Sys=0.00s Real=0.01s
[13710.545s][info][gc,start       ] GC(31783) Pause Young (Allocation Failure)
[13710.547s][info][gc,heap        ] GC(31783) PSYoungGen: 83616K(84480K)->640K(84480K) Eden: 81920K(81920K)->0K(81920K) From: 1696K(2560K)->640K(2560K)
[13710.547s][info][gc,heap        ] GC(31783) ParOldGen: 289542K(290816K)->289590K(290816K)
[13710.547s][info][gc,metaspace   ] GC(31783) Metaspace: 62240K(62528K)->62240K(62528K) NonClass: 53207K(53440K)->53207K(53440K) Class: 9032K(9088K)->9032K(9088K)
[13710.547s][info][gc             ] GC(31783) Pause Young (Allocation Failure) 364M->283M(366M) 2.195ms
[13710.547s][info][gc,cpu         ] GC(31783) User=0.00s Sys=0.00s Real=0.01s
[13710.983s][info][gc,start       ] GC(31784) Pause Young (Allocation Failure)
[13710.985s][info][gc,heap        ] GC(31784) PSYoungGen: 82560K(84480K)->1184K(84480K) Eden: 81920K(81920K)->0K(81920K) From: 640K(2560K)->1184K(2560K)
[13710.985s][info][gc,heap        ] GC(31784) ParOldGen: 289590K(290816K)->289646K(290816K)
[13710.985s][info][gc,metaspace   ] GC(31784) Metaspace: 62240K(62528K)->62240K(62528K) NonClass: 53207K(53440K)->53207K(53440K) Class: 9032K(9088K)->9032K(9088K)
[13710.985s][info][gc             ] GC(31784) Pause Young (Allocation Failure) 363M->284M(366M) 2.792ms
[13710.985s][info][gc,cpu         ] GC(31784) User=0.01s Sys=0.00s Real=0.00s
[13711.428s][info][gc,start       ] GC(31785) Pause Young (Allocation Failure)
[13711.430s][info][gc,heap        ] GC(31785) PSYoungGen: 83035K(84480K)->384K(84480K) Eden: 81851K(81920K)->0K(81920K) From: 1184K(2560K)->384K(2560K)
[13711.430s][info][gc,heap        ] GC(31785) ParOldGen: 289646K(290816K)->289694K(290816K)
[13711.430s][info][gc,metaspace   ] GC(31785) Metaspace: 62240K(62528K)->62240K(62528K) NonClass: 53207K(53440K)->53207K(53440K) Class: 9032K(9088K)->9032K(9088K)
[13711.430s][info][gc             ] GC(31785) Pause Young (Allocation Failure) 363M->283M(366M) 1.995ms
[13711.430s][info][gc,cpu         ] GC(31785) User=0.01s Sys=0.00s Real=0.00s
[13711.863s][info][gc,start       ] GC(31786) Pause Young (Allocation Failure)
[13711.865s][info][gc,heap        ] GC(31786) PSYoungGen: 82304K(84480K)->864K(84480K) Eden: 81920K(81920K)->0K(81920K) From: 384K(2560K)->864K(2560K)
[13711.865s][info][gc,heap        ] GC(31786) ParOldGen: 289694K(290816K)->289750K(290816K)
[13711.865s][info][gc,metaspace   ] GC(31786) Metaspace: 62240K(62528K)->62240K(62528K) NonClass: 53207K(53440K)->53207K(53440K) Class: 9032K(9088K)->9032K(9088K)
[13711.865s][info][gc             ] GC(31786) Pause Young (Allocation Failure) 363M->283M(366M) 2.380ms
[13711.865s][info][gc,cpu         ] GC(31786) User=0.01s Sys=0.00s Real=0.00s
[13712.307s][info][gc,start       ] GC(31787) Pause Young (Allocation Failure)
[13712.310s][info][gc,heap        ] GC(31787) PSYoungGen: 82784K(84480K)->1440K(83968K) Eden: 81920K(81920K)->0K(81920K) From: 864K(2560K)->1440K(2048K)
[13712.310s][info][gc,heap        ] GC(31787) ParOldGen: 289750K(290816K)->289798K(290816K)
[13712.310s][info][gc,metaspace   ] GC(31787) Metaspace: 62240K(62528K)->62240K(62528K) NonClass: 53207K(53440K)->53207K(53440K) Class: 9032K(9088K)->9032K(9088K)
[13712.310s][info][gc             ] GC(31787) Pause Young (Allocation Failure) 363M->284M(366M) 2.802ms
[13712.310s][info][gc,cpu         ] GC(31787) User=0.00s Sys=0.00s Real=0.00s
[13712.673s][info][gc,start       ] GC(31788) Pause Young (Allocation Failure)
[13712.676s][info][gc,heap        ] GC(31788) PSYoungGen: 83360K(83968K)->2176K(84480K) Eden: 81920K(81920K)->0K(81920K) From: 1440K(2048K)->2176K(2560K)
[13712.676s][info][gc,heap        ] GC(31788) ParOldGen: 289798K(290816K)->290878K(292352K)
[13712.676s][info][gc,metaspace   ] GC(31788) Metaspace: 62240K(62528K)->62240K(62528K) NonClass: 53207K(53440K)->53207K(53440K) Class: 9032K(9088K)->9032K(9088K)
[13712.676s][info][gc             ] GC(31788) Pause Young (Allocation Failure) 364M->286M(368M) 3.299ms
[13712.676s][info][gc,cpu         ] GC(31788) User=0.01s Sys=0.00s Real=0.00s
[13713.132s][info][gc,start       ] GC(31789) Pause Young (Allocation Failure)
[13713.135s][info][gc,heap        ] GC(31789) PSYoungGen: 84096K(84480K)->416K(84480K) Eden: 81920K(81920K)->0K(81920K) From: 2176K(2560K)->416K(2560K)
[13713.135s][info][gc,heap        ] GC(31789) ParOldGen: 290878K(292352K)->292974K(293888K)
[13713.135s][info][gc,metaspace   ] GC(31789) Metaspace: 62240K(62528K)->62240K(62528K) NonClass: 53207K(53440K)->53207K(53440K) Class: 9032K(9088K)->9032K(9088K)
[13713.135s][info][gc             ] GC(31789) Pause Young (Allocation Failure) 366M->286M(369M) 3.124ms
[13713.135s][info][gc,cpu         ] GC(31789) User=0.00s Sys=0.01s Real=0.00s
[13713.580s][info][gc,start       ] GC(31790) Pause Young (Allocation Failure)
[13713.583s][info][gc,heap        ] GC(31790) PSYoungGen: 82336K(84480K)->1120K(84480K) Eden: 81920K(81920K)->0K(81920K) From: 416K(2560K)->1120K(2560K)
[13713.583s][info][gc,heap        ] GC(31790) ParOldGen: 292974K(293888K)->293022K(293888K)
[13713.583s][info][gc,metaspace   ] GC(31790) Metaspace: 62240K(62528K)->62240K(62528K) NonClass: 53207K(53440K)->53207K(53440K) Class: 9032K(9088K)->9032K(9088K)
[13713.583s][info][gc             ] GC(31790) Pause Young (Allocation Failure) 366M->287M(369M) 2.656ms
[13713.583s][info][gc,cpu         ] GC(31790) User=0.01s Sys=0.00s Real=0.00s
[13714.007s][info][gc,start       ] GC(31791) Pause Young (Allocation Failure)
[13714.010s][info][gc,heap        ] GC(31791) PSYoungGen: 83040K(84480K)->1504K(84480K) Eden: 81920K(81920K)->0K(81920K) From: 1120K(2560K)->1504K(2560K)
[13714.010s][info][gc,heap        ] GC(31791) ParOldGen: 293022K(293888K)->293070K(293888K)
[13714.010s][info][gc,metaspace   ] GC(31791) Metaspace: 62240K(62528K)->62240K(62528K) NonClass: 53207K(53440K)->53207K(53440K) Class: 9032K(9088K)->9032K(9088K)
[13714.010s][info][gc             ] GC(31791) Pause Young (Allocation Failure) 367M->287M(369M) 2.866ms
[13714.010s][info][gc,cpu         ] GC(31791) User=0.00s Sys=0.00s Real=0.00s
[13714.475s][info][gc,start       ] GC(31792) Pause Young (Allocation Failure)
[13714.478s][info][gc,heap        ] GC(31792) PSYoungGen: 83424K(84480K)->1120K(84480K) Eden: 81920K(81920K)->0K(81920K) From: 1504K(2560K)->1120K(2560K)
[13714.478s][info][gc,heap        ] GC(31792) ParOldGen: 293070K(293888K)->293118K(293888K)
[13714.478s][info][gc,metaspace   ] GC(31792) Metaspace: 62240K(62528K)->62240K(62528K) NonClass: 53207K(53440K)->53207K(53440K) Class: 9032K(9088K)->9032K(9088K)
[13714.478s][info][gc             ] GC(31792) Pause Young (Allocation Failure) 367M->287M(369M) 2.590ms
[13714.478s][info][gc,cpu         ] GC(31792) User=0.01s Sys=0.00s Real=0.01s
[13714.905s][info][gc,start       ] GC(31793) Pause Young (Allocation Failure)
[13714.908s][info][gc,heap        ] GC(31793) PSYoungGen: 83040K(84480K)->1504K(84480K) Eden: 81920K(81920K)->0K(81920K) From: 1120K(2560K)->1504K(2560K)
[13714.908s][info][gc,heap        ] GC(31793) ParOldGen: 293118K(293888K)->293214K(293888K)
[13714.908s][info][gc,metaspace   ] GC(31793) Metaspace: 62240K(62528K)->62240K(62528K) NonClass: 53207K(53440K)->53207K(53440K) Class: 9032K(9088K)->9032K(9088K)
[13714.908s][info][gc             ] GC(31793) Pause Young (Allocation Failure) 367M->287M(369M) 2.965ms
[13714.908s][info][gc,cpu         ] GC(31793) User=0.01s Sys=0.00s Real=0.01s
[13715.330s][info][gc,start       ] GC(31794) Pause Young (Allocation Failure)
[13715.332s][info][gc,heap        ] GC(31794) PSYoungGen: 83424K(84480K)->352K(84480K) Eden: 81920K(81920K)->0K(81920K) From: 1504K(2560K)->352K(2560K)
[13715.332s][info][gc,heap        ] GC(31794) ParOldGen: 293214K(293888K)->293262K(293888K)
[13715.332s][info][gc,metaspace   ] GC(31794) Metaspace: 62240K(62528K)->62240K(62528K) NonClass: 53207K(53440K)->53207K(53440K) Class: 9032K(9088K)->9032K(9088K)
[13715.332s][info][gc             ] GC(31794) Pause Young (Allocation Failure) 367M->286M(369M) 1.915ms
[13715.332s][info][gc,cpu         ] GC(31794) User=0.01s Sys=0.00s Real=0.00s
[13715.762s][info][gc,start       ] GC(31795) Pause Young (Allocation Failure)
[13715.765s][info][gc,heap        ] GC(31795) PSYoungGen: 82272K(84480K)->864K(84480K) Eden: 81920K(81920K)->0K(81920K) From: 352K(2560K)->864K(2560K)
[13715.765s][info][gc,heap        ] GC(31795) ParOldGen: 293262K(293888K)->293318K(293888K)
[13715.765s][info][gc,metaspace   ] GC(31795) Metaspace: 62240K(62528K)->62240K(62528K) NonClass: 53207K(53440K)->53207K(53440K) Class: 9032K(9088K)->9032K(9088K)
[13715.765s][info][gc             ] GC(31795) Pause Young (Allocation Failure) 366M->287M(369M) 2.352ms
[13715.765s][info][gc,cpu         ] GC(31795) User=0.01s Sys=0.00s Real=0.00s
[13716.197s][info][gc,start       ] GC(31796) Pause Young (Allocation Failure)
[13716.200s][info][gc,heap        ] GC(31796) PSYoungGen: 82784K(84480K)->1440K(84480K) Eden: 81920K(81920K)->0K(81920K) From: 864K(2560K)->1440K(2560K)
[13716.200s][info][gc,heap        ] GC(31796) ParOldGen: 293318K(293888K)->293366K(293888K)
[13716.200s][info][gc,metaspace   ] GC(31796) Metaspace: 62240K(62528K)->62240K(62528K) NonClass: 53207K(53440K)->53207K(53440K) Class: 9032K(9088K)->9032K(9088K)
[13716.200s][info][gc             ] GC(31796) Pause Young (Allocation Failure) 367M->287M(369M) 2.903ms
[13716.200s][info][gc,cpu         ] GC(31796) User=0.00s Sys=0.00s Real=0.00s
[13716.625s][info][gc,start       ] GC(31797) Pause Young (Allocation Failure)
[13716.627s][info][gc,heap        ] GC(31797) PSYoungGen: 83360K(84480K)->320K(84480K) Eden: 81920K(81920K)->0K(81920K) From: 1440K(2560K)->320K(2560K)
[13716.627s][info][gc,heap        ] GC(31797) ParOldGen: 293366K(293888K)->293414K(293888K)
[13716.627s][info][gc,metaspace   ] GC(31797) Metaspace: 62240K(62528K)->62240K(62528K) NonClass: 53207K(53440K)->53207K(53440K) Class: 9032K(9088K)->9032K(9088K)
[13716.627s][info][gc             ] GC(31797) Pause Young (Allocation Failure) 367M->286M(369M) 1.944ms
[13716.627s][info][gc,cpu         ] GC(31797) User=0.00s Sys=0.00s Real=0.01s
[13717.005s][info][gc,start       ] GC(31798) Pause Young (Allocation Failure)
[13717.009s][info][gc,heap        ] GC(31798) PSYoungGen: 82240K(84480K)->1792K(84480K) Eden: 81920K(81920K)->0K(81920K) From: 320K(2560K)->1792K(2560K)
[13717.009s][info][gc,heap        ] GC(31798) ParOldGen: 293414K(293888K)->295510K(296960K)
[13717.009s][info][gc,metaspace   ] GC(31798) Metaspace: 62240K(62528K)->62240K(62528K) NonClass: 53207K(53440K)->53207K(53440K) Class: 9032K(9088K)->9032K(9088K)
[13717.009s][info][gc             ] GC(31798) Pause Young (Allocation Failure) 366M->290M(372M) 4.133ms
[13717.009s][info][gc,cpu         ] GC(31798) User=0.01s Sys=0.00s Real=0.01s
[13717.429s][info][gc,start       ] GC(31799) Pause Young (Allocation Failure)
[13717.431s][info][gc,heap        ] GC(31799) PSYoungGen: 83712K(84480K)->352K(84480K) Eden: 81920K(81920K)->0K(81920K) From: 1792K(2560K)->352K(2560K)
[13717.431s][info][gc,heap        ] GC(31799) ParOldGen: 295510K(296960K)->295566K(296960K)
[13717.431s][info][gc,metaspace   ] GC(31799) Metaspace: 62240K(62528K)->62240K(62528K) NonClass: 53207K(53440K)->53207K(53440K) Class: 9032K(9088K)->9032K(9088K)
[13717.431s][info][gc             ] GC(31799) Pause Young (Allocation Failure) 370M->288M(372M) 2.002ms
[13717.431s][info][gc,cpu         ] GC(31799) User=0.00s Sys=0.00s Real=0.00s
[13717.859s][info][gc,start       ] GC(31800) Pause Young (Allocation Failure)
[13717.862s][info][gc,heap        ] GC(31800) PSYoungGen: 82272K(84480K)->800K(84480K) Eden: 81920K(81920K)->0K(81920K) From: 352K(2560K)->800K(2560K)
[13717.862s][info][gc,heap        ] GC(31800) ParOldGen: 295566K(296960K)->295614K(296960K)
[13717.862s][info][gc,metaspace   ] GC(31800) Metaspace: 62240K(62528K)->62240K(62528K) NonClass: 53207K(53440K)->53207K(53440K) Class: 9032K(9088K)->9032K(9088K)
[13717.862s][info][gc             ] GC(31800) Pause Young (Allocation Failure) 368M->289M(372M) 2.336ms
[13717.862s][info][gc,cpu         ] GC(31800) User=0.01s Sys=0.00s Real=0.00s
[13718.291s][info][gc,start       ] GC(31801) Pause Young (Allocation Failure)
[13718.294s][info][gc,heap        ] GC(31801) PSYoungGen: 82720K(84480K)->1280K(84480K) Eden: 81920K(81920K)->0K(81920K) From: 800K(2560K)->1280K(2560K)
[13718.294s][info][gc,heap        ] GC(31801) ParOldGen: 295614K(296960K)->295670K(296960K)
[13718.294s][info][gc,metaspace   ] GC(31801) Metaspace: 62240K(62528K)->62240K(62528K) NonClass: 53207K(53440K)->53207K(53440K) Class: 9032K(9088K)->9032K(9088K)
[13718.294s][info][gc             ] GC(31801) Pause Young (Allocation Failure) 369M->289M(372M) 2.719ms
[13718.294s][info][gc,cpu         ] GC(31801) User=0.00s Sys=0.00s Real=0.00s
[13718.728s][info][gc,start       ] GC(31802) Pause Young (Allocation Failure)
[13718.730s][info][gc,heap        ] GC(31802) PSYoungGen: 83200K(84480K)->352K(84480K) Eden: 81920K(81920K)->0K(81920K) From: 1280K(2560K)->352K(2560K)
[13718.730s][info][gc,heap        ] GC(31802) ParOldGen: 295670K(296960K)->295718K(296960K)
[13718.730s][info][gc,metaspace   ] GC(31802) Metaspace: 62240K(62528K)->62240K(62528K) NonClass: 53207K(53440K)->53207K(53440K) Class: 9032K(9088K)->9032K(9088K)
[13718.730s][info][gc             ] GC(31802) Pause Young (Allocation Failure) 369M->289M(372M) 1.985ms
[13718.730s][info][gc,cpu         ] GC(31802) User=0.01s Sys=0.00s Real=0.00s
[13719.171s][info][gc,start       ] GC(31803) Pause Young (Allocation Failure)
[13719.173s][info][gc,heap        ] GC(31803) PSYoungGen: 82272K(84480K)->992K(84480K) Eden: 81920K(81920K)->0K(81920K) From: 352K(2560K)->992K(2560K)
[13719.174s][info][gc,heap        ] GC(31803) ParOldGen: 295718K(296960K)->295766K(296960K)
[13719.174s][info][gc,metaspace   ] GC(31803) Metaspace: 62240K(62528K)->62240K(62528K) NonClass: 53207K(53440K)->53207K(53440K) Class: 9032K(9088K)->9032K(9088K)
[13719.174s][info][gc             ] GC(31803) Pause Young (Allocation Failure) 369M->289M(372M) 2.482ms
[13719.174s][info][gc,cpu         ] GC(31803) User=0.01s Sys=0.00s Real=0.00s
[13719.589s][info][gc,start       ] GC(31804) Pause Young (Allocation Failure)
[13719.592s][info][gc,heap        ] GC(31804) PSYoungGen: 82912K(84480K)->1344K(84480K) Eden: 81920K(81920K)->0K(81920K) From: 992K(2560K)->1344K(2560K)
[13719.592s][info][gc,heap        ] GC(31804) ParOldGen: 295766K(296960K)->295814K(296960K)
[13719.592s][info][gc,metaspace   ] GC(31804) Metaspace: 62240K(62528K)->62240K(62528K) NonClass: 53207K(53440K)->53207K(53440K) Class: 9032K(9088K)->9032K(9088K)
[13719.592s][info][gc             ] GC(31804) Pause Young (Allocation Failure) 369M->290M(372M) 2.814ms
[13719.592s][info][gc,cpu         ] GC(31804) User=0.01s Sys=0.00s Real=0.00s
[13720.006s][info][gc,start       ] GC(31805) Pause Young (Allocation Failure)
[13720.009s][info][gc,heap        ] GC(31805) PSYoungGen: 83264K(84480K)->1568K(84480K) Eden: 81920K(81920K)->0K(81920K) From: 1344K(2560K)->1568K(2560K)
[13720.009s][info][gc,heap        ] GC(31805) ParOldGen: 295814K(296960K)->295862K(296960K)
[13720.009s][info][gc,metaspace   ] GC(31805) Metaspace: 62240K(62528K)->62240K(62528K) NonClass: 53207K(53440K)->53207K(53440K) Class: 9032K(9088K)->9032K(9088K)
[13720.009s][info][gc             ] GC(31805) Pause Young (Allocation Failure) 370M->290M(372M) 3.001ms
[13720.009s][info][gc,cpu         ] GC(31805) User=0.01s Sys=0.00s Real=0.01s
[13720.430s][info][gc,start       ] GC(31806) Pause Young (Allocation Failure)
[13720.432s][info][gc,heap        ] GC(31806) PSYoungGen: 83488K(84480K)->416K(84480K) Eden: 81920K(81920K)->0K(81920K) From: 1568K(2560K)->416K(2560K)
[13720.432s][info][gc,heap        ] GC(31806) ParOldGen: 295862K(296960K)->295910K(296960K)
[13720.432s][info][gc,metaspace   ] GC(31806) Metaspace: 62240K(62528K)->62240K(62528K) NonClass: 53207K(53440K)->53207K(53440K) Class: 9032K(9088K)->9032K(9088K)
[13720.432s][info][gc             ] GC(31806) Pause Young (Allocation Failure) 370M->289M(372M) 1.958ms
[13720.432s][info][gc,cpu         ] GC(31806) User=0.00s Sys=0.00s Real=0.00s
[13720.877s][info][gc,start       ] GC(31807) Pause Young (Allocation Failure)
[13720.879s][info][gc,heap        ] GC(31807) PSYoungGen: 82336K(84480K)->1024K(84480K) Eden: 81920K(81920K)->0K(81920K) From: 416K(2560K)->1024K(2560K)
[13720.879s][info][gc,heap        ] GC(31807) ParOldGen: 295910K(296960K)->295958K(296960K)
[13720.879s][info][gc,metaspace   ] GC(31807) Metaspace: 62240K(62528K)->62240K(62528K) NonClass: 53207K(53440K)->53207K(53440K) Class: 9032K(9088K)->9032K(9088K)
[13720.879s][info][gc             ] GC(31807) Pause Young (Allocation Failure) 369M->290M(372M) 2.552ms
[13720.879s][info][gc,cpu         ] GC(31807) User=0.00s Sys=0.00s Real=0.00s
[13721.362s][info][gc,start       ] GC(31808) Pause Young (Allocation Failure)
[13721.364s][info][gc,heap        ] GC(31808) PSYoungGen: 82944K(84480K)->848K(84480K) Eden: 81920K(81920K)->0K(81920K) From: 1024K(2560K)->848K(2560K)
[13721.364s][info][gc,heap        ] GC(31808) ParOldGen: 295958K(296960K)->296014K(296960K)
[13721.364s][info][gc,metaspace   ] GC(31808) Metaspace: 62240K(62528K)->62240K(62528K) NonClass: 53207K(53440K)->53207K(53440K) Class: 9032K(9088K)->9032K(9088K)
[13721.364s][info][gc             ] GC(31808) Pause Young (Allocation Failure) 370M->289M(372M) 2.359ms
[13721.364s][info][gc,cpu         ] GC(31808) User=0.00s Sys=0.00s Real=0.00s
[13721.797s][info][gc,start       ] GC(31809) Pause Young (Allocation Failure)
[13721.800s][info][gc,heap        ] GC(31809) PSYoungGen: 82768K(84480K)->1376K(83968K) Eden: 81920K(81920K)->0K(81920K) From: 848K(2560K)->1376K(2048K)
[13721.801s][info][gc,heap        ] GC(31809) ParOldGen: 296014K(296960K)->298167K(298496K)
[13721.801s][info][gc,metaspace   ] GC(31809) Metaspace: 62240K(62528K)->62240K(62528K) NonClass: 53207K(53440K)->53207K(53440K) Class: 9032K(9088K)->9032K(9088K)
[13721.801s][info][gc             ] GC(31809) Pause Young (Allocation Failure) 369M->292M(373M) 4.048ms
[13721.801s][info][gc,cpu         ] GC(31809) User=0.01s Sys=0.00s Real=0.00s
[13722.238s][info][gc,start       ] GC(31810) Pause Young (Allocation Failure)
[13722.240s][info][gc,heap        ] GC(31810) PSYoungGen: 83296K(83968K)->448K(84480K) Eden: 81920K(81920K)->0K(81920K) From: 1376K(2048K)->448K(2560K)
[13722.240s][info][gc,heap        ] GC(31810) ParOldGen: 298167K(298496K)->298215K(298496K)
[13722.240s][info][gc,metaspace   ] GC(31810) Metaspace: 62240K(62528K)->62240K(62528K) NonClass: 53207K(53440K)->53207K(53440K) Class: 9032K(9088K)->9032K(9088K)
[13722.240s][info][gc             ] GC(31810) Pause Young (Allocation Failure) 372M->291M(374M) 2.032ms
[13722.241s][info][gc,cpu         ] GC(31810) User=0.00s Sys=0.00s Real=0.00s
[13722.688s][info][gc,start       ] GC(31811) Pause Young (Allocation Failure)
[13722.691s][info][gc,heap        ] GC(31811) PSYoungGen: 82368K(84480K)->1216K(84480K) Eden: 81920K(81920K)->0K(81920K) From: 448K(2560K)->1216K(2560K)
[13722.691s][info][gc,heap        ] GC(31811) ParOldGen: 298215K(298496K)->298263K(298496K)
[13722.691s][info][gc,metaspace   ] GC(31811) Metaspace: 62240K(62528K)->62240K(62528K) NonClass: 53207K(53440K)->53207K(53440K) Class: 9032K(9088K)->9032K(9088K)
[13722.691s][info][gc             ] GC(31811) Pause Young (Allocation Failure) 371M->292M(374M) 2.673ms
[13722.691s][info][gc,cpu         ] GC(31811) User=0.00s Sys=0.00s Real=0.00s
[13723.116s][info][gc,start       ] GC(31812) Pause Young (Allocation Failure)
[13723.119s][info][gc,heap        ] GC(31812) PSYoungGen: 83136K(84480K)->1664K(84480K) Eden: 81920K(81920K)->0K(81920K) From: 1216K(2560K)->1664K(2560K)
[13723.119s][info][gc,heap        ] GC(31812) ParOldGen: 298263K(298496K)->298311K(298496K)
[13723.119s][info][gc,metaspace   ] GC(31812) Metaspace: 62240K(62528K)->62240K(62528K) NonClass: 53207K(53440K)->53207K(53440K) Class: 9032K(9088K)->9032K(9088K)
[13723.119s][info][gc             ] GC(31812) Pause Young (Allocation Failure) 372M->292M(374M) 3.125ms
[13723.119s][info][gc,cpu         ] GC(31812) User=0.00s Sys=0.00s Real=0.01s
[13723.539s][info][gc,start       ] GC(31813) Pause Young (Allocation Failure)
[13723.541s][info][gc,heap        ] GC(31813) PSYoungGen: 83584K(84480K)->576K(84480K) Eden: 81920K(81920K)->0K(81920K) From: 1664K(2560K)->576K(2560K)
[13723.541s][info][gc,heap        ] GC(31813) ParOldGen: 298311K(298496K)->298359K(298496K)
[13723.541s][info][gc,metaspace   ] GC(31813) Metaspace: 62240K(62528K)->62240K(62528K) NonClass: 53207K(53440K)->53207K(53440K) Class: 9032K(9088K)->9032K(9088K)
[13723.541s][info][gc             ] GC(31813) Pause Young (Allocation Failure) 372M->291M(374M) 2.179ms
[13723.541s][info][gc,cpu         ] GC(31813) User=0.01s Sys=0.00s Real=0.00s
[13723.979s][info][gc,start       ] GC(31814) Pause Young (Allocation Failure)
[13723.981s][info][gc,heap        ] GC(31814) PSYoungGen: 82496K(84480K)->1088K(84480K) Eden: 81920K(81920K)->0K(81920K) From: 576K(2560K)->1088K(2560K)
[13723.981s][info][gc,heap        ] GC(31814) ParOldGen: 298359K(298496K)->298415K(298496K)
[13723.981s][info][gc,metaspace   ] GC(31814) Metaspace: 62240K(62528K)->62240K(62528K) NonClass: 53207K(53440K)->53207K(53440K) Class: 9032K(9088K)->9032K(9088K)
[13723.982s][info][gc             ] GC(31814) Pause Young (Allocation Failure) 371M->292M(374M) 2.669ms
[13723.982s][info][gc,cpu         ] GC(31814) User=0.00s Sys=0.00s Real=0.00s
[13724.413s][info][gc,start       ] GC(31815) Pause Young (Allocation Failure)
[13724.416s][info][gc,heap        ] GC(31815) PSYoungGen: 83008K(84480K)->1472K(84480K) Eden: 81920K(81920K)->0K(81920K) From: 1088K(2560K)->1472K(2560K)
[13724.416s][info][gc,heap        ] GC(31815) ParOldGen: 298415K(298496K)->298471K(298496K)
[13724.416s][info][gc,metaspace   ] GC(31815) Metaspace: 62240K(62528K)->62240K(62528K) NonClass: 53207K(53440K)->53207K(53440K) Class: 9032K(9088K)->9032K(9088K)
[13724.416s][info][gc             ] GC(31815) Pause Young (Allocation Failure) 372M->292M(374M) 3.074ms
[13724.416s][info][gc,cpu         ] GC(31815) User=0.01s Sys=0.00s Real=0.00s
[13724.860s][info][gc,start       ] GC(31816) Pause Young (Allocation Failure)
[13724.862s][info][gc,heap        ] GC(31816) PSYoungGen: 83392K(84480K)->832K(84480K) Eden: 81920K(81920K)->0K(81920K) From: 1472K(2560K)->832K(2560K)
[13724.862s][info][gc,heap        ] GC(31816) ParOldGen: 298471K(298496K)->298519K(299008K)
[13724.862s][info][gc,metaspace   ] GC(31816) Metaspace: 62240K(62528K)->62240K(62528K) NonClass: 53207K(53440K)->53207K(53440K) Class: 9032K(9088K)->9032K(9088K)
[13724.862s][info][gc             ] GC(31816) Pause Young (Allocation Failure) 372M->292M(374M) 2.522ms
[13724.862s][info][gc,cpu         ] GC(31816) User=0.01s Sys=0.00s Real=0.00s
[13725.330s][info][gc,start       ] GC(31817) Pause Young (Allocation Failure)
[13725.332s][info][gc,heap        ] GC(31817) PSYoungGen: 82752K(84480K)->384K(84480K) Eden: 81920K(81920K)->0K(81920K) From: 832K(2560K)->384K(2560K)
[13725.332s][info][gc,heap        ] GC(31817) ParOldGen: 298519K(299008K)->298567K(299008K)
[13725.332s][info][gc,metaspace   ] GC(31817) Metaspace: 62240K(62528K)->62240K(62528K) NonClass: 53207K(53440K)->53207K(53440K) Class: 9032K(9088K)->9032K(9088K)
[13725.332s][info][gc             ] GC(31817) Pause Young (Allocation Failure) 372M->291M(374M) 2.017ms
[13725.332s][info][gc,cpu         ] GC(31817) User=0.00s Sys=0.00s Real=0.00s
[13725.788s][info][gc,start       ] GC(31818) Pause Young (Allocation Failure)
[13725.790s][info][gc,heap        ] GC(31818) PSYoungGen: 82304K(84480K)->1248K(84480K) Eden: 81920K(81920K)->0K(81920K) From: 384K(2560K)->1248K(2560K)
[13725.790s][info][gc,heap        ] GC(31818) ParOldGen: 298567K(299008K)->298615K(299008K)
[13725.790s][info][gc,metaspace   ] GC(31818) Metaspace: 62240K(62528K)->62240K(62528K) NonClass: 53207K(53440K)->53207K(53440K) Class: 9032K(9088K)->9032K(9088K)
[13725.790s][info][gc             ] GC(31818) Pause Young (Allocation Failure) 371M->292M(374M) 2.641ms
[13725.790s][info][gc,cpu         ] GC(31818) User=0.00s Sys=0.00s Real=0.00s
[13726.233s][info][gc,start       ] GC(31819) Pause Young (Allocation Failure)
[13726.235s][info][gc,heap        ] GC(31819) PSYoungGen: 83168K(84480K)->2496K(84480K) Eden: 81920K(81920K)->0K(81920K) From: 1248K(2560K)->2496K(2560K)
[13726.235s][info][gc,heap        ] GC(31819) ParOldGen: 298615K(299008K)->298663K(299008K)
[13726.235s][info][gc,metaspace   ] GC(31819) Metaspace: 62240K(62528K)->62240K(62528K) NonClass: 53207K(53440K)->53207K(53440K) Class: 9032K(9088K)->9032K(9088K)
[13726.235s][info][gc             ] GC(31819) Pause Young (Allocation Failure) 372M->294M(374M) 2.347ms
[13726.235s][info][gc,cpu         ] GC(31819) User=0.00s Sys=0.00s Real=0.00s
[13726.651s][info][gc,start       ] GC(31820) Pause Young (Allocation Failure)
[13726.654s][info][gc,heap        ] GC(31820) PSYoungGen: 84416K(84480K)->640K(84480K) Eden: 81920K(81920K)->0K(81920K) From: 2496K(2560K)->640K(2560K)
[13726.654s][info][gc,heap        ] GC(31820) ParOldGen: 298663K(299008K)->300759K(302080K)
[13726.654s][info][gc,metaspace   ] GC(31820) Metaspace: 62240K(62528K)->62240K(62528K) NonClass: 53207K(53440K)->53207K(53440K) Class: 9032K(9088K)->9032K(9088K)
[13726.654s][info][gc             ] GC(31820) Pause Young (Allocation Failure) 374M->294M(377M) 3.328ms
[13726.654s][info][gc,cpu         ] GC(31820) User=0.01s Sys=0.00s Real=0.00s
[13727.079s][info][gc,start       ] GC(31821) Pause Young (Allocation Failure)
[13727.082s][info][gc,heap        ] GC(31821) PSYoungGen: 82560K(84480K)->1120K(84480K) Eden: 81920K(81920K)->0K(81920K) From: 640K(2560K)->1120K(2560K)
[13727.082s][info][gc,heap        ] GC(31821) ParOldGen: 300759K(302080K)->300815K(302080K)
[13727.082s][info][gc,metaspace   ] GC(31821) Metaspace: 62240K(62528K)->62240K(62528K) NonClass: 53207K(53440K)->53207K(53440K) Class: 9032K(9088K)->9032K(9088K)
[13727.082s][info][gc             ] GC(31821) Pause Young (Allocation Failure) 374M->294M(377M) 2.653ms
[13727.082s][info][gc,cpu         ] GC(31821) User=0.00s Sys=0.01s Real=0.00s
[13727.511s][info][gc,start       ] GC(31822) Pause Young (Allocation Failure)
[13727.514s][info][gc,heap        ] GC(31822) PSYoungGen: 83040K(84480K)->1600K(84480K) Eden: 81920K(81920K)->0K(81920K) From: 1120K(2560K)->1600K(2560K)
[13727.514s][info][gc,heap        ] GC(31822) ParOldGen: 300815K(302080K)->300863K(302080K)
[13727.514s][info][gc,metaspace   ] GC(31822) Metaspace: 62240K(62528K)->62240K(62528K) NonClass: 53207K(53440K)->53207K(53440K) Class: 9032K(9088K)->9032K(9088K)
[13727.514s][info][gc             ] GC(31822) Pause Young (Allocation Failure) 374M->295M(377M) 2.994ms
[13727.514s][info][gc,cpu         ] GC(31822) User=0.00s Sys=0.00s Real=0.00s
[13727.966s][info][gc,start       ] GC(31823) Pause Young (Allocation Failure)
[13727.968s][info][gc,heap        ] GC(31823) PSYoungGen: 83520K(84480K)->896K(84480K) Eden: 81920K(81920K)->0K(81920K) From: 1600K(2560K)->896K(2560K)
[13727.968s][info][gc,heap        ] GC(31823) ParOldGen: 300863K(302080K)->300919K(302080K)
[13727.968s][info][gc,metaspace   ] GC(31823) Metaspace: 62240K(62528K)->62240K(62528K) NonClass: 53207K(53440K)->53207K(53440K) Class: 9032K(9088K)->9032K(9088K)
[13727.968s][info][gc             ] GC(31823) Pause Young (Allocation Failure) 375M->294M(377M) 2.403ms
[13727.968s][info][gc,cpu         ] GC(31823) User=0.01s Sys=0.00s Real=0.01s
[13728.390s][info][gc,start       ] GC(31824) Pause Young (Allocation Failure)
[13728.393s][info][gc,heap        ] GC(31824) PSYoungGen: 82816K(84480K)->1312K(84480K) Eden: 81920K(81920K)->0K(81920K) From: 896K(2560K)->1312K(2560K)
[13728.393s][info][gc,heap        ] GC(31824) ParOldGen: 300919K(302080K)->300967K(302080K)
[13728.393s][info][gc,metaspace   ] GC(31824) Metaspace: 62240K(62528K)->62240K(62528K) NonClass: 53207K(53440K)->53207K(53440K) Class: 9032K(9088K)->9032K(9088K)
[13728.393s][info][gc             ] GC(31824) Pause Young (Allocation Failure) 374M->295M(377M) 2.809ms
[13728.393s][info][gc,cpu         ] GC(31824) User=0.01s Sys=0.00s Real=0.00s
[13728.878s][info][gc,start       ] GC(31825) Pause Young (Allocation Failure)
[13728.880s][info][gc,heap        ] GC(31825) PSYoungGen: 83232K(84480K)->1200K(84480K) Eden: 81920K(81920K)->0K(81920K) From: 1312K(2560K)->1200K(2560K)
[13728.880s][info][gc,heap        ] GC(31825) ParOldGen: 300967K(302080K)->301023K(302080K)
[13728.880s][info][gc,metaspace   ] GC(31825) Metaspace: 62240K(62528K)->62240K(62528K) NonClass: 53207K(53440K)->53207K(53440K) Class: 9032K(9088K)->9032K(9088K)
[13728.880s][info][gc             ] GC(31825) Pause Young (Allocation Failure) 375M->295M(377M) 2.668ms
[13728.880s][info][gc,cpu         ] GC(31825) User=0.01s Sys=0.00s Real=0.00s
[13729.299s][info][gc,start       ] GC(31826) Pause Young (Allocation Failure)
[13729.302s][info][gc,heap        ] GC(31826) PSYoungGen: 83120K(84480K)->1472K(84480K) Eden: 81920K(81920K)->0K(81920K) From: 1200K(2560K)->1472K(2560K)
[13729.302s][info][gc,heap        ] GC(31826) ParOldGen: 301023K(302080K)->301135K(302080K)
[13729.302s][info][gc,metaspace   ] GC(31826) Metaspace: 62240K(62528K)->62240K(62528K) NonClass: 53207K(53440K)->53207K(53440K) Class: 9032K(9088K)->9032K(9088K)
[13729.302s][info][gc             ] GC(31826) Pause Young (Allocation Failure) 375M->295M(377M) 2.939ms
[13729.302s][info][gc,cpu         ] GC(31826) User=0.00s Sys=0.01s Real=0.00s
[13729.741s][info][gc,start       ] GC(31827) Pause Young (Allocation Failure)
[13729.743s][info][gc,heap        ] GC(31827) PSYoungGen: 83392K(84480K)->544K(84480K) Eden: 81920K(81920K)->0K(81920K) From: 1472K(2560K)->544K(2560K)
[13729.743s][info][gc,heap        ] GC(31827) ParOldGen: 301135K(302080K)->301183K(302080K)
[13729.743s][info][gc,metaspace   ] GC(31827) Metaspace: 62240K(62528K)->62240K(62528K) NonClass: 53207K(53440K)->53207K(53440K) Class: 9032K(9088K)->9032K(9088K)
[13729.743s][info][gc             ] GC(31827) Pause Young (Allocation Failure) 375M->294M(377M) 2.148ms
[13729.743s][info][gc,cpu         ] GC(31827) User=0.00s Sys=0.00s Real=0.00s
[13730.169s][info][gc,start       ] GC(31828) Pause Young (Allocation Failure)
[13730.172s][info][gc,heap        ] GC(31828) PSYoungGen: 82464K(84480K)->928K(84480K) Eden: 81920K(81920K)->0K(81920K) From: 544K(2560K)->928K(2560K)
[13730.172s][info][gc,heap        ] GC(31828) ParOldGen: 301183K(302080K)->301231K(302080K)
[13730.172s][info][gc,metaspace   ] GC(31828) Metaspace: 62240K(62528K)->62240K(62528K) NonClass: 53207K(53440K)->53207K(53440K) Class: 9032K(9088K)->9032K(9088K)
[13730.172s][info][gc             ] GC(31828) Pause Young (Allocation Failure) 374M->295M(377M) 2.465ms
[13730.172s][info][gc,cpu         ] GC(31828) User=0.00s Sys=0.00s Real=0.00s
[13730.635s][info][gc,start       ] GC(31829) Pause Young (Allocation Failure)
[13730.637s][info][gc,heap        ] GC(31829) PSYoungGen: 82848K(84480K)->2496K(84480K) Eden: 81920K(81920K)->0K(81920K) From: 928K(2560K)->2496K(2560K)
[13730.637s][info][gc,heap        ] GC(31829) ParOldGen: 301231K(302080K)->301287K(302080K)
[13730.637s][info][gc,metaspace   ] GC(31829) Metaspace: 62240K(62528K)->62240K(62528K) NonClass: 53207K(53440K)->53207K(53440K) Class: 9032K(9088K)->9032K(9088K)
[13730.637s][info][gc             ] GC(31829) Pause Young (Allocation Failure) 375M->296M(377M) 2.325ms
[13730.638s][info][gc,cpu         ] GC(31829) User=0.00s Sys=0.00s Real=0.01s
[13731.053s][info][gc,start       ] GC(31830) Pause Young (Allocation Failure)
[13731.057s][info][gc,heap        ] GC(31830) PSYoungGen: 84416K(84480K)->736K(84480K) Eden: 81920K(81920K)->0K(81920K) From: 2496K(2560K)->736K(2560K)
[13731.057s][info][gc,heap        ] GC(31830) ParOldGen: 301287K(302080K)->303391K(303616K)
[13731.057s][info][gc,metaspace   ] GC(31830) Metaspace: 62240K(62528K)->62240K(62528K) NonClass: 53207K(53440K)->53207K(53440K) Class: 9032K(9088K)->9032K(9088K)
[13731.057s][info][gc             ] GC(31830) Pause Young (Allocation Failure) 376M->296M(379M) 3.425ms
[13731.057s][info][gc,cpu         ] GC(31830) User=0.01s Sys=0.00s Real=0.01s
[13731.467s][info][gc,start       ] GC(31831) Pause Young (Allocation Failure)
[13731.470s][info][gc,heap        ] GC(31831) PSYoungGen: 82656K(84480K)->992K(84480K) Eden: 81920K(81920K)->0K(81920K) From: 736K(2560K)->992K(2560K)
[13731.470s][info][gc,heap        ] GC(31831) ParOldGen: 303391K(303616K)->303439K(303616K)
[13731.470s][info][gc,metaspace   ] GC(31831) Metaspace: 62240K(62528K)->62240K(62528K) NonClass: 53207K(53440K)->53207K(53440K) Class: 9032K(9088K)->9032K(9088K)
[13731.470s][info][gc             ] GC(31831) Pause Young (Allocation Failure) 376M->297M(379M) 2.533ms
[13731.470s][info][gc,cpu         ] GC(31831) User=0.00s Sys=0.00s Real=0.00s
[13731.896s][info][gc,start       ] GC(31832) Pause Young (Allocation Failure)
[13731.898s][info][gc,heap        ] GC(31832) PSYoungGen: 82912K(84480K)->1248K(84480K) Eden: 81920K(81920K)->0K(81920K) From: 992K(2560K)->1248K(2560K)
[13731.898s][info][gc,heap        ] GC(31832) ParOldGen: 303439K(303616K)->303495K(303616K)
[13731.898s][info][gc,metaspace   ] GC(31832) Metaspace: 62240K(62528K)->62240K(62528K) NonClass: 53207K(53440K)->53207K(53440K) Class: 9032K(9088K)->9032K(9088K)
[13731.898s][info][gc             ] GC(31832) Pause Young (Allocation Failure) 377M->297M(379M) 2.774ms
[13731.898s][info][gc,cpu         ] GC(31832) User=0.01s Sys=0.00s Real=0.01s
[13732.329s][info][gc,start       ] GC(31833) Pause Young (Allocation Failure)
[13732.331s][info][gc,heap        ] GC(31833) PSYoungGen: 83168K(84480K)->352K(84480K) Eden: 81920K(81920K)->0K(81920K) From: 1248K(2560K)->352K(2560K)
[13732.331s][info][gc,heap        ] GC(31833) ParOldGen: 303495K(303616K)->303543K(303616K)
[13732.331s][info][gc,metaspace   ] GC(31833) Metaspace: 62240K(62528K)->62240K(62528K) NonClass: 53207K(53440K)->53207K(53440K) Class: 9032K(9088K)->9032K(9088K)
[13732.331s][info][gc             ] GC(31833) Pause Young (Allocation Failure) 377M->296M(379M) 1.952ms
[13732.331s][info][gc,cpu         ] GC(31833) User=0.00s Sys=0.00s Real=0.00s
[13732.784s][info][gc,start       ] GC(31834) Pause Young (Allocation Failure)
[13732.786s][info][gc,heap        ] GC(31834) PSYoungGen: 82272K(84480K)->1152K(84480K) Eden: 81920K(81920K)->0K(81920K) From: 352K(2560K)->1152K(2560K)
[13732.786s][info][gc,heap        ] GC(31834) ParOldGen: 303543K(303616K)->303591K(303616K)
[13732.786s][info][gc,metaspace   ] GC(31834) Metaspace: 62240K(62528K)->62240K(62528K) NonClass: 53207K(53440K)->53207K(53440K) Class: 9032K(9088K)->9032K(9088K)
[13732.787s][info][gc             ] GC(31834) Pause Young (Allocation Failure) 376M->297M(379M) 2.717ms
[13732.787s][info][gc,cpu         ] GC(31834) User=0.01s Sys=0.00s Real=0.01s
[13733.207s][info][gc,start       ] GC(31835) Pause Young (Allocation Failure)
[13733.210s][info][gc,heap        ] GC(31835) PSYoungGen: 83072K(84480K)->1664K(84480K) Eden: 81920K(81920K)->0K(81920K) From: 1152K(2560K)->1664K(2560K)
[13733.210s][info][gc,heap        ] GC(31835) ParOldGen: 303591K(303616K)->303655K(304128K)
[13733.210s][info][gc,metaspace   ] GC(31835) Metaspace: 62240K(62528K)->62240K(62528K) NonClass: 53207K(53440K)->53207K(53440K) Class: 9032K(9088K)->9032K(9088K)
[13733.210s][info][gc             ] GC(31835) Pause Young (Allocation Failure) 377M->298M(379M) 3.173ms
[13733.210s][info][gc,cpu         ] GC(31835) User=0.01s Sys=0.00s Real=0.00s
[13733.609s][info][gc,start       ] GC(31836) Pause Young (Allocation Failure)
[13733.612s][info][gc,heap        ] GC(31836) PSYoungGen: 83584K(84480K)->1632K(84480K) Eden: 81920K(81920K)->0K(81920K) From: 1664K(2560K)->1632K(2560K)
[13733.612s][info][gc,heap        ] GC(31836) ParOldGen: 303655K(304128K)->303703K(304128K)
[13733.612s][info][gc,metaspace   ] GC(31836) Metaspace: 62240K(62528K)->62240K(62528K) NonClass: 53207K(53440K)->53207K(53440K) Class: 9032K(9088K)->9032K(9088K)
[13733.612s][info][gc             ] GC(31836) Pause Young (Allocation Failure) 378M->298M(379M) 3.052ms
[13733.612s][info][gc,cpu         ] GC(31836) User=0.00s Sys=0.00s Real=0.00s
[13734.024s][info][gc,start       ] GC(31837) Pause Young (Allocation Failure)
[13734.026s][info][gc,heap        ] GC(31837) PSYoungGen: 83552K(84480K)->256K(84480K) Eden: 81920K(81920K)->0K(81920K) From: 1632K(2560K)->256K(2560K)
[13734.026s][info][gc,heap        ] GC(31837) ParOldGen: 303703K(304128K)->303759K(304128K)
[13734.026s][info][gc,metaspace   ] GC(31837) Metaspace: 62240K(62528K)->62240K(62528K) NonClass: 53207K(53440K)->53207K(53440K) Class: 9032K(9088K)->9032K(9088K)
[13734.026s][info][gc             ] GC(31837) Pause Young (Allocation Failure) 378M->296M(379M) 1.884ms
[13734.026s][info][gc,cpu         ] GC(31837) User=0.01s Sys=0.00s Real=0.00s
[13734.463s][info][gc,start       ] GC(31838) Pause Young (Allocation Failure)
[13734.465s][info][gc,heap        ] GC(31838) PSYoungGen: 82176K(84480K)->864K(84480K) Eden: 81920K(81920K)->0K(81920K) From: 256K(2560K)->864K(2560K)
[13734.466s][info][gc,heap        ] GC(31838) ParOldGen: 303759K(304128K)->303807K(304128K)
[13734.466s][info][gc,metaspace   ] GC(31838) Metaspace: 62240K(62528K)->62240K(62528K) NonClass: 53207K(53440K)->53207K(53440K) Class: 9032K(9088K)->9032K(9088K)
[13734.466s][info][gc             ] GC(31838) Pause Young (Allocation Failure) 376M->297M(379M) 2.471ms
[13734.466s][info][gc,cpu         ] GC(31838) User=0.01s Sys=0.00s Real=0.00s
[13734.904s][info][gc,start       ] GC(31839) Pause Young (Allocation Failure)
[13734.907s][info][gc,heap        ] GC(31839) PSYoungGen: 82784K(84480K)->1600K(84480K) Eden: 81920K(81920K)->0K(81920K) From: 864K(2560K)->1600K(2560K)
[13734.907s][info][gc,heap        ] GC(31839) ParOldGen: 303807K(304128K)->303855K(304128K)
[13734.907s][info][gc,metaspace   ] GC(31839) Metaspace: 62240K(62528K)->62240K(62528K) NonClass: 53207K(53440K)->53207K(53440K) Class: 9032K(9088K)->9032K(9088K)
[13734.907s][info][gc             ] GC(31839) Pause Young (Allocation Failure) 377M->298M(379M) 3.059ms
[13734.907s][info][gc,cpu         ] GC(31839) User=0.01s Sys=0.00s Real=0.01s
[13735.353s][info][gc,start       ] GC(31840) Pause Young (Allocation Failure)
[13735.356s][info][gc,heap        ] GC(31840) PSYoungGen: 83520K(84480K)->1696K(84480K) Eden: 81920K(81920K)->0K(81920K) From: 1600K(2560K)->1696K(2560K)
[13735.356s][info][gc,heap        ] GC(31840) ParOldGen: 303855K(304128K)->304927K(305664K)
[13735.356s][info][gc,metaspace   ] GC(31840) Metaspace: 62240K(62528K)->62240K(62528K) NonClass: 53207K(53440K)->53207K(53440K) Class: 9032K(9088K)->9032K(9088K)
[13735.356s][info][gc             ] GC(31840) Pause Young (Allocation Failure) 378M->299M(381M) 2.838ms
[13735.356s][info][gc,cpu         ] GC(31840) User=0.01s Sys=0.00s Real=0.00s
[13735.843s][info][gc,start       ] GC(31841) Pause Young (Allocation Failure)
[13735.846s][info][gc,heap        ] GC(31841) PSYoungGen: 83616K(84480K)->640K(84480K) Eden: 81920K(81920K)->0K(81920K) From: 1696K(2560K)->640K(2560K)
[13735.846s][info][gc,heap        ] GC(31841) ParOldGen: 304927K(305664K)->307031K(307200K)
[13735.846s][info][gc,metaspace   ] GC(31841) Metaspace: 62240K(62528K)->62240K(62528K) NonClass: 53207K(53440K)->53207K(53440K) Class: 9032K(9088K)->9032K(9088K)
[13735.846s][info][gc             ] GC(31841) Pause Young (Allocation Failure) 379M->300M(382M) 3.368ms
[13735.846s][info][gc,cpu         ] GC(31841) User=0.01s Sys=0.00s Real=0.01s
[13736.289s][info][gc,start       ] GC(31842) Pause Young (Allocation Failure)
[13736.292s][info][gc,heap        ] GC(31842) PSYoungGen: 82560K(84480K)->1312K(84480K) Eden: 81920K(81920K)->0K(81920K) From: 640K(2560K)->1312K(2560K)
[13736.292s][info][gc,heap        ] GC(31842) ParOldGen: 307031K(307200K)->307135K(307200K)
[13736.292s][info][gc,metaspace   ] GC(31842) Metaspace: 62240K(62528K)->62240K(62528K) NonClass: 53207K(53440K)->53207K(53440K) Class: 9032K(9088K)->9032K(9088K)
[13736.292s][info][gc             ] GC(31842) Pause Young (Allocation Failure) 380M->301M(382M) 2.900ms
[13736.292s][info][gc,cpu         ] GC(31842) User=0.00s Sys=0.01s Real=0.00s
[13736.731s][info][gc,start       ] GC(31843) Pause Young (Allocation Failure)
[13736.733s][info][gc,heap        ] GC(31843) PSYoungGen: 83232K(84480K)->352K(84480K) Eden: 81920K(81920K)->0K(81920K) From: 1312K(2560K)->352K(2560K)
[13736.733s][info][gc,heap        ] GC(31843) ParOldGen: 307135K(307200K)->307191K(307200K)
[13736.733s][info][gc,metaspace   ] GC(31843) Metaspace: 62240K(62528K)->62240K(62528K) NonClass: 53207K(53440K)->53207K(53440K) Class: 9032K(9088K)->9032K(9088K)
[13736.733s][info][gc             ] GC(31843) Pause Young (Allocation Failure) 381M->300M(382M) 1.999ms
[13736.733s][info][gc,cpu         ] GC(31843) User=0.00s Sys=0.00s Real=0.00s
[13737.168s][info][gc,start       ] GC(31844) Pause Young (Allocation Failure)
[13737.170s][info][gc,heap        ] GC(31844) PSYoungGen: 82272K(84480K)->992K(84480K) Eden: 81920K(81920K)->0K(81920K) From: 352K(2560K)->992K(2560K)
[13737.170s][info][gc,heap        ] GC(31844) ParOldGen: 307191K(307200K)->307239K(307712K)
[13737.170s][info][gc,metaspace   ] GC(31844) Metaspace: 62240K(62528K)->62240K(62528K) NonClass: 53207K(53440K)->53207K(53440K) Class: 9032K(9088K)->9032K(9088K)
[13737.170s][info][gc             ] GC(31844) Pause Young (Allocation Failure) 380M->301M(383M) 2.531ms
[13737.170s][info][gc,cpu         ] GC(31844) User=0.01s Sys=0.00s Real=0.00s
[13737.612s][info][gc,start       ] GC(31845) Pause Young (Allocation Failure)
[13737.615s][info][gc,heap        ] GC(31845) PSYoungGen: 82912K(84480K)->1664K(84480K) Eden: 81920K(81920K)->0K(81920K) From: 992K(2560K)->1664K(2560K)
[13737.615s][info][gc,heap        ] GC(31845) ParOldGen: 307239K(307712K)->307287K(307712K)
[13737.615s][info][gc,metaspace   ] GC(31845) Metaspace: 62240K(62528K)->62240K(62528K) NonClass: 53207K(53440K)->53207K(53440K) Class: 9032K(9088K)->9032K(9088K)
[13737.615s][info][gc             ] GC(31845) Pause Young (Allocation Failure) 381M->301M(383M) 3.190ms
[13737.615s][info][gc,cpu         ] GC(31845) User=0.00s Sys=0.00s Real=0.00s
[13738.067s][info][gc,start       ] GC(31846) Pause Young (Allocation Failure)
[13738.070s][info][gc,heap        ] GC(31846) PSYoungGen: 83584K(84480K)->896K(84480K) Eden: 81920K(81920K)->0K(81920K) From: 1664K(2560K)->896K(2560K)
[13738.070s][info][gc,heap        ] GC(31846) ParOldGen: 307287K(307712K)->307343K(307712K)
[13738.070s][info][gc,metaspace   ] GC(31846) Metaspace: 62240K(62528K)->62240K(62528K) NonClass: 53207K(53440K)->53207K(53440K) Class: 9032K(9088K)->9032K(9088K)
[13738.070s][info][gc             ] GC(31846) Pause Young (Allocation Failure) 381M->301M(383M) 2.416ms
[13738.070s][info][gc,cpu         ] GC(31846) User=0.01s Sys=0.00s Real=0.00s
[13738.509s][info][gc,start       ] GC(31847) Pause Young (Allocation Failure)
[13738.512s][info][gc,heap        ] GC(31847) PSYoungGen: 82816K(84480K)->1408K(84480K) Eden: 81920K(81920K)->0K(81920K) From: 896K(2560K)->1408K(2560K)
[13738.512s][info][gc,heap        ] GC(31847) ParOldGen: 307343K(307712K)->307399K(307712K)
[13738.512s][info][gc,metaspace   ] GC(31847) Metaspace: 62240K(62528K)->62240K(62528K) NonClass: 53207K(53440K)->53207K(53440K) Class: 9032K(9088K)->9032K(9088K)
[13738.512s][info][gc             ] GC(31847) Pause Young (Allocation Failure) 381M->301M(383M) 3.635ms
[13738.512s][info][gc,cpu         ] GC(31847) User=0.01s Sys=0.00s Real=0.00s
[13738.962s][info][gc,start       ] GC(31848) Pause Young (Allocation Failure)
[13738.965s][info][gc,heap        ] GC(31848) PSYoungGen: 83328K(84480K)->832K(84480K) Eden: 81920K(81920K)->0K(81920K) From: 1408K(2560K)->832K(2560K)
[13738.965s][info][gc,heap        ] GC(31848) ParOldGen: 307399K(307712K)->307455K(307712K)
[13738.965s][info][gc,metaspace   ] GC(31848) Metaspace: 62240K(62528K)->62240K(62528K) NonClass: 53207K(53440K)->53207K(53440K) Class: 9032K(9088K)->9032K(9088K)
[13738.965s][info][gc             ] GC(31848) Pause Young (Allocation Failure) 381M->301M(383M) 3.221ms
[13738.965s][info][gc,cpu         ] GC(31848) User=0.00s Sys=0.00s Real=0.00s
[13739.425s][info][gc,start       ] GC(31849) Pause Young (Allocation Failure)
[13739.427s][info][gc,heap        ] GC(31849) PSYoungGen: 82752K(84480K)->288K(84480K) Eden: 81920K(81920K)->0K(81920K) From: 832K(2560K)->288K(2560K)
[13739.427s][info][gc,heap        ] GC(31849) ParOldGen: 307455K(307712K)->307511K(307712K)
[13739.427s][info][gc,metaspace   ] GC(31849) Metaspace: 62240K(62528K)->62240K(62528K) NonClass: 53207K(53440K)->53207K(53440K) Class: 9032K(9088K)->9032K(9088K)
[13739.427s][info][gc             ] GC(31849) Pause Young (Allocation Failure) 381M->300M(383M) 1.971ms
[13739.427s][info][gc,cpu         ] GC(31849) User=0.00s Sys=0.00s Real=0.01s
[13739.871s][info][gc,start       ] GC(31850) Pause Young (Allocation Failure)
[13739.874s][info][gc,heap        ] GC(31850) PSYoungGen: 82208K(84480K)->2048K(84480K) Eden: 81920K(81920K)->0K(81920K) From: 288K(2560K)->2048K(2560K)
[13739.874s][info][gc,heap        ] GC(31850) ParOldGen: 307511K(307712K)->308591K(309248K)
[13739.874s][info][gc,metaspace   ] GC(31850) Metaspace: 62240K(62528K)->62240K(62528K) NonClass: 53207K(53440K)->53207K(53440K) Class: 9032K(9088K)->9032K(9088K)
[13739.874s][info][gc             ] GC(31850) Pause Young (Allocation Failure) 380M->303M(384M) 3.246ms
[13739.874s][info][gc,cpu         ] GC(31850) User=0.00s Sys=0.00s Real=0.00s
[13740.315s][info][gc,start       ] GC(31851) Pause Young (Allocation Failure)
[13740.320s][info][gc,heap        ] GC(31851) PSYoungGen: 83968K(84480K)->1664K(83456K) Eden: 81920K(81920K)->0K(80896K) From: 2048K(2560K)->1664K(2560K)
[13740.320s][info][gc,heap        ] GC(31851) ParOldGen: 308591K(309248K)->310687K(310784K)
[13740.320s][info][gc,metaspace   ] GC(31851) Metaspace: 62240K(62528K)->62240K(62528K) NonClass: 53207K(53440K)->53207K(53440K) Class: 9032K(9088K)->9032K(9088K)
[13740.320s][info][gc             ] GC(31851) Pause Young (Allocation Failure) 383M->305M(385M) 4.279ms
[13740.320s][info][gc,cpu         ] GC(31851) User=0.01s Sys=0.00s Real=0.01s
[13740.757s][info][gc,start       ] GC(31852) Pause Young (Allocation Failure)
[13740.759s][info][gc,heap        ] GC(31852) PSYoungGen: 82560K(83456K)->736K(83968K) Eden: 80896K(80896K)->0K(80896K) From: 1664K(2560K)->736K(3072K)
[13740.759s][info][gc,heap        ] GC(31852) ParOldGen: 310687K(310784K)->310743K(310784K)
[13740.759s][info][gc,metaspace   ] GC(31852) Metaspace: 62240K(62528K)->62240K(62528K) NonClass: 53207K(53440K)->53207K(53440K) Class: 9032K(9088K)->9032K(9088K)
[13740.759s][info][gc             ] GC(31852) Pause Young (Allocation Failure) 384M->304M(385M) 2.342ms
[13740.759s][info][gc,cpu         ] GC(31852) User=0.01s Sys=0.00s Real=0.00s
[13741.200s][info][gc,start       ] GC(31853) Pause Young (Allocation Failure)
[13741.203s][info][gc,heap        ] GC(31853) PSYoungGen: 81632K(83968K)->1408K(84480K) Eden: 80896K(80896K)->0K(81920K) From: 736K(3072K)->1408K(2560K)
[13741.203s][info][gc,heap        ] GC(31853) ParOldGen: 310743K(310784K)->310799K(311296K)
[13741.203s][info][gc,metaspace   ] GC(31853) Metaspace: 62240K(62528K)->62240K(62528K) NonClass: 53207K(53440K)->53207K(53440K) Class: 9032K(9088K)->9032K(9088K)
[13741.203s][info][gc             ] GC(31853) Pause Young (Allocation Failure) 383M->304M(386M) 2.869ms
[13741.203s][info][gc,cpu         ] GC(31853) User=0.01s Sys=0.00s Real=0.00s
[13741.642s][info][gc,start       ] GC(31854) Pause Young (Allocation Failure)
[13741.644s][info][gc,heap        ] GC(31854) PSYoungGen: 83328K(84480K)->544K(84480K) Eden: 81920K(81920K)->0K(81920K) From: 1408K(2560K)->544K(2560K)
[13741.644s][info][gc,heap        ] GC(31854) ParOldGen: 310799K(311296K)->310855K(311296K)
[13741.644s][info][gc,metaspace   ] GC(31854) Metaspace: 62240K(62528K)->62240K(62528K) NonClass: 53207K(53440K)->53207K(53440K) Class: 9032K(9088K)->9032K(9088K)
[13741.644s][info][gc             ] GC(31854) Pause Young (Allocation Failure) 384M->304M(386M) 2.204ms
[13741.644s][info][gc,cpu         ] GC(31854) User=0.01s Sys=0.00s Real=0.00s
[13742.071s][info][gc,start       ] GC(31855) Pause Young (Allocation Failure)
[13742.073s][info][gc,heap        ] GC(31855) PSYoungGen: 82464K(84480K)->1024K(84480K) Eden: 81920K(81920K)->0K(81920K) From: 544K(2560K)->1024K(2560K)
[13742.073s][info][gc,heap        ] GC(31855) ParOldGen: 310855K(311296K)->310911K(311296K)
[13742.073s][info][gc,metaspace   ] GC(31855) Metaspace: 62240K(62528K)->62240K(62528K) NonClass: 53207K(53440K)->53207K(53440K) Class: 9032K(9088K)->9032K(9088K)
[13742.073s][info][gc             ] GC(31855) Pause Young (Allocation Failure) 384M->304M(386M) 2.488ms
[13742.073s][info][gc,cpu         ] GC(31855) User=0.00s Sys=0.00s Real=0.00s
[13742.507s][info][gc,start       ] GC(31856) Pause Young (Allocation Failure)
[13742.510s][info][gc,heap        ] GC(31856) PSYoungGen: 82944K(84480K)->1568K(84480K) Eden: 81920K(81920K)->0K(81920K) From: 1024K(2560K)->1568K(2560K)
[13742.510s][info][gc,heap        ] GC(31856) ParOldGen: 310911K(311296K)->310959K(311296K)
[13742.510s][info][gc,metaspace   ] GC(31856) Metaspace: 62240K(62528K)->62240K(62528K) NonClass: 53207K(53440K)->53207K(53440K) Class: 9032K(9088K)->9032K(9088K)
[13742.510s][info][gc             ] GC(31856) Pause Young (Allocation Failure) 384M->305M(386M) 2.966ms
[13742.510s][info][gc,cpu         ] GC(31856) User=0.01s Sys=0.00s Real=0.00s
[13742.947s][info][gc,start       ] GC(31857) Pause Young (Allocation Failure)
[13742.949s][info][gc,heap        ] GC(31857) PSYoungGen: 83488K(84480K)->576K(84480K) Eden: 81920K(81920K)->0K(81920K) From: 1568K(2560K)->576K(2560K)
[13742.949s][info][gc,heap        ] GC(31857) ParOldGen: 310959K(311296K)->311007K(311296K)
[13742.949s][info][gc,metaspace   ] GC(31857) Metaspace: 62240K(62528K)->62240K(62528K) NonClass: 53207K(53440K)->53207K(53440K) Class: 9032K(9088K)->9032K(9088K)
[13742.949s][info][gc             ] GC(31857) Pause Young (Allocation Failure) 385M->304M(386M) 2.123ms
[13742.949s][info][gc,cpu         ] GC(31857) User=0.01s Sys=0.00s Real=0.00s
[13743.428s][info][gc,start       ] GC(31858) Pause Young (Allocation Failure)
[13743.430s][info][gc,heap        ] GC(31858) PSYoungGen: 82496K(84480K)->384K(84480K) Eden: 81920K(81920K)->0K(81920K) From: 576K(2560K)->384K(2560K)
[13743.430s][info][gc,heap        ] GC(31858) ParOldGen: 311007K(311296K)->311055K(311296K)
[13743.430s][info][gc,metaspace   ] GC(31858) Metaspace: 62240K(62528K)->62240K(62528K) NonClass: 53207K(53440K)->53207K(53440K) Class: 9032K(9088K)->9032K(9088K)
[13743.430s][info][gc             ] GC(31858) Pause Young (Allocation Failure) 384M->304M(386M) 2.069ms
[13743.430s][info][gc,cpu         ] GC(31858) User=0.00s Sys=0.00s Real=0.00s
[13743.868s][info][gc,start       ] GC(31859) Pause Young (Allocation Failure)
[13743.871s][info][gc,heap        ] GC(31859) PSYoungGen: 82304K(84480K)->928K(84480K) Eden: 81920K(81920K)->0K(81920K) From: 384K(2560K)->928K(2560K)
[13743.871s][info][gc,heap        ] GC(31859) ParOldGen: 311055K(311296K)->311159K(311296K)
[13743.871s][info][gc,metaspace   ] GC(31859) Metaspace: 62240K(62528K)->62240K(62528K) NonClass: 53207K(53440K)->53207K(53440K) Class: 9032K(9088K)->9032K(9088K)
[13743.871s][info][gc             ] GC(31859) Pause Young (Allocation Failure) 384M->304M(386M) 2.527ms
[13743.871s][info][gc,cpu         ] GC(31859) User=0.00s Sys=0.00s Real=0.00s
[13744.305s][info][gc,start       ] GC(31860) Pause Young (Allocation Failure)
[13744.308s][info][gc,heap        ] GC(31860) PSYoungGen: 82848K(84480K)->1376K(84480K) Eden: 81920K(81920K)->0K(81920K) From: 928K(2560K)->1376K(2560K)
[13744.308s][info][gc,heap        ] GC(31860) ParOldGen: 311159K(311296K)->311207K(311296K)
[13744.308s][info][gc,metaspace   ] GC(31860) Metaspace: 62240K(62528K)->62240K(62528K) NonClass: 53207K(53440K)->53207K(53440K) Class: 9032K(9088K)->9032K(9088K)
[13744.308s][info][gc             ] GC(31860) Pause Young (Allocation Failure) 384M->305M(386M) 2.784ms
[13744.308s][info][gc,cpu         ] GC(31860) User=0.01s Sys=0.00s Real=0.01s
[13744.729s][info][gc,start       ] GC(31861) Pause Young (Allocation Failure)
[13744.732s][info][gc,heap        ] GC(31861) PSYoungGen: 83296K(84480K)->2432K(83456K) Eden: 81920K(81920K)->0K(80896K) From: 1376K(2560K)->2432K(2560K)
[13744.732s][info][gc,heap        ] GC(31861) ParOldGen: 311207K(311296K)->311255K(311296K)
[13744.732s][info][gc,metaspace   ] GC(31861) Metaspace: 62240K(62528K)->62240K(62528K) NonClass: 53207K(53440K)->53207K(53440K) Class: 9032K(9088K)->9032K(9088K)
[13744.732s][info][gc             ] GC(31861) Pause Young (Allocation Failure) 385M->306M(385M) 2.414ms
[13744.732s][info][gc,cpu         ] GC(31861) User=0.01s Sys=0.00s Real=0.00s
[13745.188s][info][gc,start       ] GC(31862) Pause Young (Allocation Failure)
[13745.192s][info][gc,heap        ] GC(31862) PSYoungGen: 83328K(83456K)->1184K(83968K) Eden: 80896K(80896K)->0K(80896K) From: 2432K(2560K)->1184K(3072K)
[13745.192s][info][gc,heap        ] GC(31862) ParOldGen: 311255K(311296K)->313351K(314368K)
[13745.192s][info][gc,metaspace   ] GC(31862) Metaspace: 62240K(62528K)->62240K(62528K) NonClass: 53207K(53440K)->53207K(53440K) Class: 9032K(9088K)->9032K(9088K)
[13745.192s][info][gc             ] GC(31862) Pause Young (Allocation Failure) 385M->307M(389M) 3.936ms
[13745.192s][info][gc,cpu         ] GC(31862) User=0.01s Sys=0.00s Real=0.00s
[13745.635s][info][gc,start       ] GC(31863) Pause Young (Allocation Failure)
[13745.637s][info][gc,heap        ] GC(31863) PSYoungGen: 82080K(83968K)->416K(84480K) Eden: 80896K(80896K)->0K(81920K) From: 1184K(3072K)->416K(2560K)
[13745.637s][info][gc,heap        ] GC(31863) ParOldGen: 313351K(314368K)->313399K(314368K)
[13745.637s][info][gc,metaspace   ] GC(31863) Metaspace: 62240K(62528K)->62240K(62528K) NonClass: 53207K(53440K)->53207K(53440K) Class: 9032K(9088K)->9032K(9088K)
[13745.637s][info][gc             ] GC(31863) Pause Young (Allocation Failure) 386M->306M(389M) 2.129ms
[13745.637s][info][gc,cpu         ] GC(31863) User=0.00s Sys=0.00s Real=0.01s
[13746.060s][info][gc,start       ] GC(31864) Pause Young (Allocation Failure)
[13746.062s][info][gc,heap        ] GC(31864) PSYoungGen: 82336K(84480K)->832K(84480K) Eden: 81920K(81920K)->0K(81920K) From: 416K(2560K)->832K(2560K)
[13746.062s][info][gc,heap        ] GC(31864) ParOldGen: 313399K(314368K)->313447K(314368K)
[13746.062s][info][gc,metaspace   ] GC(31864) Metaspace: 62240K(62528K)->62240K(62528K) NonClass: 53207K(53440K)->53207K(53440K) Class: 9032K(9088K)->9032K(9088K)
[13746.063s][info][gc             ] GC(31864) Pause Young (Allocation Failure) 386M->306M(389M) 2.382ms
[13746.063s][info][gc,cpu         ] GC(31864) User=0.00s Sys=0.00s Real=0.00s
[13746.504s][info][gc,start       ] GC(31865) Pause Young (Allocation Failure)
[13746.507s][info][gc,heap        ] GC(31865) PSYoungGen: 82752K(84480K)->1408K(84480K) Eden: 81920K(81920K)->0K(81920K) From: 832K(2560K)->1408K(2560K)
[13746.507s][info][gc,heap        ] GC(31865) ParOldGen: 313447K(314368K)->313495K(314368K)
[13746.507s][info][gc,metaspace   ] GC(31865) Metaspace: 62240K(62528K)->62240K(62528K) NonClass: 53207K(53440K)->53207K(53440K) Class: 9032K(9088K)->9032K(9088K)
[13746.507s][info][gc             ] GC(31865) Pause Young (Allocation Failure) 386M->307M(389M) 2.850ms
[13746.507s][info][gc,cpu         ] GC(31865) User=0.01s Sys=0.00s Real=0.01s
[13746.942s][info][gc,start       ] GC(31866) Pause Young (Allocation Failure)
[13746.944s][info][gc,heap        ] GC(31866) PSYoungGen: 83328K(84480K)->608K(84480K) Eden: 81920K(81920K)->0K(81920K) From: 1408K(2560K)->608K(2560K)
[13746.945s][info][gc,heap        ] GC(31866) ParOldGen: 313495K(314368K)->313543K(314368K)
[13746.945s][info][gc,metaspace   ] GC(31866) Metaspace: 62240K(62528K)->62240K(62528K) NonClass: 53207K(53440K)->53207K(53440K) Class: 9032K(9088K)->9032K(9088K)
[13746.945s][info][gc             ] GC(31866) Pause Young (Allocation Failure) 387M->306M(389M) 2.244ms
[13746.945s][info][gc,cpu         ] GC(31866) User=0.01s Sys=0.00s Real=0.00s
[13747.387s][info][gc,start       ] GC(31867) Pause Young (Allocation Failure)
[13747.390s][info][gc,heap        ] GC(31867) PSYoungGen: 82528K(84480K)->1248K(84480K) Eden: 81920K(81920K)->0K(81920K) From: 608K(2560K)->1248K(2560K)
[13747.390s][info][gc,heap        ] GC(31867) ParOldGen: 313543K(314368K)->313591K(314368K)
[13747.390s][info][gc,metaspace   ] GC(31867) Metaspace: 62240K(62528K)->62240K(62528K) NonClass: 53207K(53440K)->53207K(53440K) Class: 9032K(9088K)->9032K(9088K)
[13747.390s][info][gc             ] GC(31867) Pause Young (Allocation Failure) 386M->307M(389M) 2.779ms
[13747.390s][info][gc,cpu         ] GC(31867) User=0.00s Sys=0.00s Real=0.00s
[13747.825s][info][gc,start       ] GC(31868) Pause Young (Allocation Failure)
[13747.827s][info][gc,heap        ] GC(31868) PSYoungGen: 83168K(84480K)->320K(84480K) Eden: 81920K(81920K)->0K(81920K) From: 1248K(2560K)->320K(2560K)
[13747.827s][info][gc,heap        ] GC(31868) ParOldGen: 313591K(314368K)->313631K(314368K)
[13747.827s][info][gc,metaspace   ] GC(31868) Metaspace: 62240K(62528K)->62240K(62528K) NonClass: 53207K(53440K)->53207K(53440K) Class: 9032K(9088K)->9032K(9088K)
[13747.827s][info][gc             ] GC(31868) Pause Young (Allocation Failure) 387M->306M(389M) 1.978ms
[13747.827s][info][gc,cpu         ] GC(31868) User=0.00s Sys=0.00s Real=0.01s
[13748.253s][info][gc,start       ] GC(31869) Pause Young (Allocation Failure)
[13748.255s][info][gc,heap        ] GC(31869) PSYoungGen: 82240K(84480K)->672K(84480K) Eden: 81920K(81920K)->0K(81920K) From: 320K(2560K)->672K(2560K)
[13748.255s][info][gc,heap        ] GC(31869) ParOldGen: 313631K(314368K)->313679K(314368K)
[13748.255s][info][gc,metaspace   ] GC(31869) Metaspace: 62240K(62528K)->62240K(62528K) NonClass: 53207K(53440K)->53207K(53440K) Class: 9032K(9088K)->9032K(9088K)
[13748.255s][info][gc             ] GC(31869) Pause Young (Allocation Failure) 386M->306M(389M) 2.340ms
[13748.255s][info][gc,cpu         ] GC(31869) User=0.00s Sys=0.01s Real=0.00s
[13748.709s][info][gc,start       ] GC(31870) Pause Young (Allocation Failure)
[13748.712s][info][gc,heap        ] GC(31870) PSYoungGen: 82592K(84480K)->1408K(84480K) Eden: 81920K(81920K)->0K(81920K) From: 672K(2560K)->1408K(2560K)
[13748.712s][info][gc,heap        ] GC(31870) ParOldGen: 313679K(314368K)->313727K(314368K)
[13748.712s][info][gc,metaspace   ] GC(31870) Metaspace: 62240K(62528K)->62240K(62528K) NonClass: 53207K(53440K)->53207K(53440K) Class: 9032K(9088K)->9032K(9088K)
[13748.712s][info][gc             ] GC(31870) Pause Young (Allocation Failure) 386M->307M(389M) 3.034ms
[13748.712s][info][gc,cpu         ] GC(31870) User=0.01s Sys=0.00s Real=0.00s
[13749.149s][info][gc,start       ] GC(31871) Pause Young (Allocation Failure)
[13749.151s][info][gc,heap        ] GC(31871) PSYoungGen: 83328K(84480K)->2528K(83456K) Eden: 81920K(81920K)->0K(80896K) From: 1408K(2560K)->2528K(2560K)
[13749.151s][info][gc,heap        ] GC(31871) ParOldGen: 313727K(314368K)->313935K(314368K)
[13749.151s][info][gc,metaspace   ] GC(31871) Metaspace: 62240K(62528K)->62240K(62528K) NonClass: 53207K(53440K)->53207K(53440K) Class: 9032K(9088K)->9032K(9088K)
[13749.151s][info][gc             ] GC(31871) Pause Young (Allocation Failure) 387M->309M(388M) 2.664ms
[13749.151s][info][gc,cpu         ] GC(31871) User=0.01s Sys=0.00s Real=0.00s
[13749.590s][info][gc,start       ] GC(31872) Pause Young (Allocation Failure)
[13749.594s][info][gc,heap        ] GC(31872) PSYoungGen: 83424K(83456K)->1216K(83968K) Eden: 80896K(80896K)->0K(80896K) From: 2528K(2560K)->1216K(3072K)
[13749.594s][info][gc,heap        ] GC(31872) ParOldGen: 313935K(314368K)->316007K(317440K)
[13749.594s][info][gc,metaspace   ] GC(31872) Metaspace: 62240K(62528K)->62240K(62528K) NonClass: 53207K(53440K)->53207K(53440K) Class: 9032K(9088K)->9032K(9088K)
[13749.594s][info][gc             ] GC(31872) Pause Young (Allocation Failure) 388M->309M(392M) 3.925ms
[13749.594s][info][gc,cpu         ] GC(31872) User=0.01s Sys=0.00s Real=0.00s
[13750.022s][info][gc,start       ] GC(31873) Pause Young (Allocation Failure)
[13750.024s][info][gc,heap        ] GC(31873) PSYoungGen: 82112K(83968K)->256K(83968K) Eden: 80896K(80896K)->0K(80896K) From: 1216K(3072K)->256K(3072K)
[13750.024s][info][gc,heap        ] GC(31873) ParOldGen: 316007K(317440K)->316071K(317440K)
[13750.024s][info][gc,metaspace   ] GC(31873) Metaspace: 62240K(62528K)->62240K(62528K) NonClass: 53207K(53440K)->53207K(53440K) Class: 9032K(9088K)->9032K(9088K)
[13750.024s][info][gc             ] GC(31873) Pause Young (Allocation Failure) 388M->308M(392M) 1.963ms
[13750.024s][info][gc,cpu         ] GC(31873) User=0.00s Sys=0.00s Real=0.00s
[13750.465s][info][gc,start       ] GC(31874) Pause Young (Allocation Failure)
[13750.467s][info][gc,heap        ] GC(31874) PSYoungGen: 81152K(83968K)->864K(83968K) Eden: 80896K(80896K)->0K(80896K) From: 256K(3072K)->864K(3072K)
[13750.467s][info][gc,heap        ] GC(31874) ParOldGen: 316071K(317440K)->316119K(317440K)
[13750.467s][info][gc,metaspace   ] GC(31874) Metaspace: 62240K(62528K)->62240K(62528K) NonClass: 53207K(53440K)->53207K(53440K) Class: 9032K(9088K)->9032K(9088K)
[13750.467s][info][gc             ] GC(31874) Pause Young (Allocation Failure) 387M->309M(392M) 2.425ms
[13750.467s][info][gc,cpu         ] GC(31874) User=0.01s Sys=0.00s Real=0.01s
[13750.949s][info][gc,start       ] GC(31875) Pause Young (Allocation Failure)
[13750.952s][info][gc,heap        ] GC(31875) PSYoungGen: 81760K(83968K)->720K(84480K) Eden: 80896K(80896K)->0K(81920K) From: 864K(3072K)->720K(2560K)
[13750.952s][info][gc,heap        ] GC(31875) ParOldGen: 316119K(317440K)->316175K(317440K)
[13750.952s][info][gc,metaspace   ] GC(31875) Metaspace: 62240K(62528K)->62240K(62528K) NonClass: 53207K(53440K)->53207K(53440K) Class: 9032K(9088K)->9032K(9088K)
[13750.952s][info][gc             ] GC(31875) Pause Young (Allocation Failure) 388M->309M(392M) 2.352ms
[13750.952s][info][gc,cpu         ] GC(31875) User=0.01s Sys=0.00s Real=0.00s
[13751.390s][info][gc,start       ] GC(31876) Pause Young (Allocation Failure)
[13751.393s][info][gc,heap        ] GC(31876) PSYoungGen: 82640K(84480K)->1152K(84480K) Eden: 81920K(81920K)->0K(81920K) From: 720K(2560K)->1152K(2560K)
[13751.393s][info][gc,heap        ] GC(31876) ParOldGen: 316175K(317440K)->316271K(317440K)
[13751.393s][info][gc,metaspace   ] GC(31876) Metaspace: 62240K(62528K)->62240K(62528K) NonClass: 53207K(53440K)->53207K(53440K) Class: 9032K(9088K)->9032K(9088K)
[13751.393s][info][gc             ] GC(31876) Pause Young (Allocation Failure) 389M->309M(392M) 2.716ms
[13751.393s][info][gc,cpu         ] GC(31876) User=0.00s Sys=0.00s Real=0.00s
[13751.854s][info][gc,start       ] GC(31877) Pause Young (Allocation Failure)
[13751.856s][info][gc,heap        ] GC(31877) PSYoungGen: 83072K(84480K)->736K(84480K) Eden: 81920K(81920K)->0K(81920K) From: 1152K(2560K)->736K(2560K)
[13751.856s][info][gc,heap        ] GC(31877) ParOldGen: 316271K(317440K)->316319K(317440K)
[13751.856s][info][gc,metaspace   ] GC(31877) Metaspace: 62240K(62528K)->62240K(62528K) NonClass: 53207K(53440K)->53207K(53440K) Class: 9032K(9088K)->9032K(9088K)
[13751.856s][info][gc             ] GC(31877) Pause Young (Allocation Failure) 389M->309M(392M) 2.363ms
[13751.856s][info][gc,cpu         ] GC(31877) User=0.01s Sys=0.00s Real=0.01s
[13752.299s][info][gc,start       ] GC(31878) Pause Young (Allocation Failure)
[13752.302s][info][gc,heap        ] GC(31878) PSYoungGen: 82656K(84480K)->1408K(84480K) Eden: 81920K(81920K)->0K(81920K) From: 736K(2560K)->1408K(2560K)
[13752.302s][info][gc,heap        ] GC(31878) ParOldGen: 316319K(317440K)->316367K(317440K)
[13752.302s][info][gc,metaspace   ] GC(31878) Metaspace: 62240K(62528K)->62240K(62528K) NonClass: 53207K(53440K)->53207K(53440K) Class: 9032K(9088K)->9032K(9088K)
[13752.302s][info][gc             ] GC(31878) Pause Young (Allocation Failure) 389M->310M(392M) 2.890ms
[13752.302s][info][gc,cpu         ] GC(31878) User=0.01s Sys=0.00s Real=0.00s
[13752.741s][info][gc,start       ] GC(31879) Pause Young (Allocation Failure)
[13752.743s][info][gc,heap        ] GC(31879) PSYoungGen: 83328K(84480K)->512K(84480K) Eden: 81920K(81920K)->0K(81920K) From: 1408K(2560K)->512K(2560K)
[13752.743s][info][gc,heap        ] GC(31879) ParOldGen: 316367K(317440K)->316415K(317440K)
[13752.743s][info][gc,metaspace   ] GC(31879) Metaspace: 62240K(62528K)->62240K(62528K) NonClass: 53207K(53440K)->53207K(53440K) Class: 9032K(9088K)->9032K(9088K)
[13752.743s][info][gc             ] GC(31879) Pause Young (Allocation Failure) 390M->309M(392M) 2.177ms
[13752.743s][info][gc,cpu         ] GC(31879) User=0.01s Sys=0.00s Real=0.00s
[13753.187s][info][gc,start       ] GC(31880) Pause Young (Allocation Failure)
[13753.190s][info][gc,heap        ] GC(31880) PSYoungGen: 82432K(84480K)->1120K(84480K) Eden: 81920K(81920K)->0K(81920K) From: 512K(2560K)->1120K(2560K)
[13753.190s][info][gc,heap        ] GC(31880) ParOldGen: 316415K(317440K)->316463K(317440K)
[13753.190s][info][gc,metaspace   ] GC(31880) Metaspace: 62240K(62528K)->62240K(62528K) NonClass: 53207K(53440K)->53207K(53440K) Class: 9032K(9088K)->9032K(9088K)
[13753.190s][info][gc             ] GC(31880) Pause Young (Allocation Failure) 389M->310M(392M) 2.684ms
[13753.190s][info][gc,cpu         ] GC(31880) User=0.01s Sys=0.00s Real=0.00s
[13753.607s][info][gc,start       ] GC(31881) Pause Young (Allocation Failure)
[13753.611s][info][gc,heap        ] GC(31881) PSYoungGen: 83040K(84480K)->1728K(84480K) Eden: 81920K(81920K)->0K(81920K) From: 1120K(2560K)->1728K(2560K)
[13753.611s][info][gc,heap        ] GC(31881) ParOldGen: 316463K(317440K)->318567K(318976K)
[13753.611s][info][gc,metaspace   ] GC(31881) Metaspace: 62240K(62528K)->62240K(62528K) NonClass: 53207K(53440K)->53207K(53440K) Class: 9032K(9088K)->9032K(9088K)
[13753.611s][info][gc             ] GC(31881) Pause Young (Allocation Failure) 390M->312M(394M) 4.230ms
[13753.611s][info][gc,cpu         ] GC(31881) User=0.01s Sys=0.00s Real=0.00s
[13754.045s][info][gc,start       ] GC(31882) Pause Young (Allocation Failure)
[13754.047s][info][gc,heap        ] GC(31882) PSYoungGen: 83648K(84480K)->608K(84480K) Eden: 81920K(81920K)->0K(81920K) From: 1728K(2560K)->608K(2560K)
[13754.047s][info][gc,heap        ] GC(31882) ParOldGen: 318567K(318976K)->318615K(318976K)
[13754.047s][info][gc,metaspace   ] GC(31882) Metaspace: 62240K(62528K)->62240K(62528K) NonClass: 53207K(53440K)->53207K(53440K) Class: 9032K(9088K)->9032K(9088K)
[13754.047s][info][gc             ] GC(31882) Pause Young (Allocation Failure) 392M->311M(394M) 2.202ms
[13754.047s][info][gc,cpu         ] GC(31882) User=0.00s Sys=0.00s Real=0.01s
[13754.489s][info][gc,start       ] GC(31883) Pause Young (Allocation Failure)
[13754.492s][info][gc,heap        ] GC(31883) PSYoungGen: 82528K(84480K)->1312K(84480K) Eden: 81920K(81920K)->0K(81920K) From: 608K(2560K)->1312K(2560K)
[13754.492s][info][gc,heap        ] GC(31883) ParOldGen: 318615K(318976K)->318671K(318976K)
[13754.492s][info][gc,metaspace   ] GC(31883) Metaspace: 62240K(62528K)->62240K(62528K) NonClass: 53207K(53440K)->53207K(53440K) Class: 9032K(9088K)->9032K(9088K)
[13754.492s][info][gc             ] GC(31883) Pause Young (Allocation Failure) 391M->312M(394M) 2.790ms
[13754.492s][info][gc,cpu         ] GC(31883) User=0.01s Sys=0.00s Real=0.00s
[13754.915s][info][gc,start       ] GC(31884) Pause Young (Allocation Failure)
[13754.918s][info][gc,heap        ] GC(31884) PSYoungGen: 83232K(84480K)->1600K(84480K) Eden: 81920K(81920K)->0K(81920K) From: 1312K(2560K)->1600K(2560K)
[13754.918s][info][gc,heap        ] GC(31884) ParOldGen: 318671K(318976K)->318719K(318976K)
[13754.918s][info][gc,metaspace   ] GC(31884) Metaspace: 62240K(62528K)->62240K(62528K) NonClass: 53207K(53440K)->53207K(53440K) Class: 9032K(9088K)->9032K(9088K)
[13754.918s][info][gc             ] GC(31884) Pause Young (Allocation Failure) 392M->312M(394M) 3.100ms
[13754.918s][info][gc,cpu         ] GC(31884) User=0.01s Sys=0.00s Real=0.01s
[13755.368s][info][gc,start       ] GC(31885) Pause Young (Allocation Failure)
[13755.370s][info][gc,heap        ] GC(31885) PSYoungGen: 83520K(84480K)->864K(84480K) Eden: 81920K(81920K)->0K(81920K) From: 1600K(2560K)->864K(2560K)
[13755.370s][info][gc,heap        ] GC(31885) ParOldGen: 318719K(318976K)->318767K(318976K)
[13755.370s][info][gc,metaspace   ] GC(31885) Metaspace: 62240K(62528K)->62240K(62528K) NonClass: 53207K(53440K)->53207K(53440K) Class: 9032K(9088K)->9032K(9088K)
[13755.370s][info][gc             ] GC(31885) Pause Young (Allocation Failure) 392M->312M(394M) 2.377ms
[13755.370s][info][gc,cpu         ] GC(31885) User=0.00s Sys=0.00s Real=0.00s
[13755.786s][info][gc,start       ] GC(31886) Pause Young (Allocation Failure)
[13755.789s][info][gc,heap        ] GC(31886) PSYoungGen: 82784K(84480K)->1312K(84480K) Eden: 81920K(81920K)->0K(81920K) From: 864K(2560K)->1312K(2560K)
[13755.789s][info][gc,heap        ] GC(31886) ParOldGen: 318767K(318976K)->318815K(318976K)
[13755.789s][info][gc,metaspace   ] GC(31886) Metaspace: 62240K(62528K)->62240K(62528K) NonClass: 53207K(53440K)->53207K(53440K) Class: 9032K(9088K)->9032K(9088K)
[13755.789s][info][gc             ] GC(31886) Pause Young (Allocation Failure) 392M->312M(394M) 2.757ms
[13755.789s][info][gc,cpu         ] GC(31886) User=0.00s Sys=0.00s Real=0.00s
[13756.205s][info][gc,start       ] GC(31887) Pause Young (Allocation Failure)
[13756.208s][info][gc,heap        ] GC(31887) PSYoungGen: 83232K(84480K)->1472K(84480K) Eden: 81920K(81920K)->0K(81920K) From: 1312K(2560K)->1472K(2560K)
[13756.208s][info][gc,heap        ] GC(31887) ParOldGen: 318815K(318976K)->318871K(318976K)
[13756.208s][info][gc,metaspace   ] GC(31887) Metaspace: 62240K(62528K)->62240K(62528K) NonClass: 53207K(53440K)->53207K(53440K) Class: 9032K(9088K)->9032K(9088K)
[13756.208s][info][gc             ] GC(31887) Pause Young (Allocation Failure) 392M->312M(394M) 2.942ms
[13756.208s][info][gc,cpu         ] GC(31887) User=0.00s Sys=0.00s Real=0.01s
[13756.622s][info][gc,start       ] GC(31888) Pause Young (Allocation Failure)
[13756.624s][info][gc,heap        ] GC(31888) PSYoungGen: 83392K(84480K)->256K(84480K) Eden: 81920K(81920K)->0K(81920K) From: 1472K(2560K)->256K(2560K)
[13756.624s][info][gc,heap        ] GC(31888) ParOldGen: 318871K(318976K)->318919K(318976K)
[13756.624s][info][gc,metaspace   ] GC(31888) Metaspace: 62240K(62528K)->62240K(62528K) NonClass: 53207K(53440K)->53207K(53440K) Class: 9032K(9088K)->9032K(9088K)
[13756.624s][info][gc             ] GC(31888) Pause Young (Allocation Failure) 392M->311M(394M) 1.914ms
[13756.624s][info][gc,cpu         ] GC(31888) User=0.00s Sys=0.00s Real=0.00s
[13757.055s][info][gc,start       ] GC(31889) Pause Young (Allocation Failure)
[13757.058s][info][gc,heap        ] GC(31889) PSYoungGen: 82176K(84480K)->800K(84480K) Eden: 81920K(81920K)->0K(81920K) From: 256K(2560K)->800K(2560K)
[13757.058s][info][gc,heap        ] GC(31889) ParOldGen: 318919K(318976K)->318967K(318976K)
[13757.058s][info][gc,metaspace   ] GC(31889) Metaspace: 62240K(62528K)->62240K(62528K) NonClass: 53207K(53440K)->53207K(53440K) Class: 9032K(9088K)->9032K(9088K)
[13757.058s][info][gc             ] GC(31889) Pause Young (Allocation Failure) 391M->312M(394M) 2.387ms
[13757.058s][info][gc,cpu         ] GC(31889) User=0.00s Sys=0.00s Real=0.01s
[13757.479s][info][gc,start       ] GC(31890) Pause Young (Allocation Failure)
[13757.482s][info][gc,heap        ] GC(31890) PSYoungGen: 82720K(84480K)->1056K(84480K) Eden: 81920K(81920K)->0K(81920K) From: 800K(2560K)->1056K(2560K)
[13757.482s][info][gc,heap        ] GC(31890) ParOldGen: 318967K(318976K)->319015K(319488K)
[13757.482s][info][gc,metaspace   ] GC(31890) Metaspace: 62240K(62528K)->62240K(62528K) NonClass: 53207K(53440K)->53207K(53440K) Class: 9032K(9088K)->9032K(9088K)
[13757.482s][info][gc             ] GC(31890) Pause Young (Allocation Failure) 392M->312M(394M) 2.628ms
[13757.482s][info][gc,cpu         ] GC(31890) User=0.01s Sys=0.00s Real=0.00s
[13757.954s][info][gc,start       ] GC(31891) Pause Young (Allocation Failure)
[13757.956s][info][gc,heap        ] GC(31891) PSYoungGen: 82976K(84480K)->704K(84480K) Eden: 81920K(81920K)->0K(81920K) From: 1056K(2560K)->704K(2560K)
[13757.956s][info][gc,heap        ] GC(31891) ParOldGen: 319015K(319488K)->319063K(319488K)
[13757.956s][info][gc,metaspace   ] GC(31891) Metaspace: 62240K(62528K)->62240K(62528K) NonClass: 53207K(53440K)->53207K(53440K) Class: 9032K(9088K)->9032K(9088K)
[13757.956s][info][gc             ] GC(31891) Pause Young (Allocation Failure) 392M->312M(394M) 2.366ms
[13757.956s][info][gc,cpu         ] GC(31891) User=0.01s Sys=0.00s Real=0.00s
[13758.402s][info][gc,start       ] GC(31892) Pause Young (Allocation Failure)
[13758.406s][info][gc,heap        ] GC(31892) PSYoungGen: 82624K(84480K)->2528K(84480K) Eden: 81920K(81920K)->0K(81920K) From: 704K(2560K)->2528K(2560K)
[13758.406s][info][gc,heap        ] GC(31892) ParOldGen: 319063K(319488K)->320191K(321024K)
[13758.406s][info][gc,metaspace   ] GC(31892) Metaspace: 62240K(62528K)->62240K(62528K) NonClass: 53207K(53440K)->53207K(53440K) Class: 9032K(9088K)->9032K(9088K)
[13758.406s][info][gc             ] GC(31892) Pause Young (Allocation Failure) 392M->315M(396M) 3.781ms
[13758.406s][info][gc,cpu         ] GC(31892) User=0.00s Sys=0.01s Real=0.00s
[13758.833s][info][gc,start       ] GC(31893) Pause Young (Allocation Failure)
[13758.836s][info][gc,heap        ] GC(31893) PSYoungGen: 84448K(84480K)->416K(84480K) Eden: 81920K(81920K)->0K(81920K) From: 2528K(2560K)->416K(2560K)
[13758.837s][info][gc,heap        ] GC(31893) ParOldGen: 320191K(321024K)->322287K(322560K)
[13758.837s][info][gc,metaspace   ] GC(31893) Metaspace: 62240K(62528K)->62240K(62528K) NonClass: 53207K(53440K)->53207K(53440K) Class: 9032K(9088K)->9032K(9088K)
[13758.837s][info][gc             ] GC(31893) Pause Young (Allocation Failure) 395M->315M(397M) 3.181ms
[13758.837s][info][gc,cpu         ] GC(31893) User=0.01s Sys=0.00s Real=0.01s
[13759.269s][info][gc,start       ] GC(31894) Pause Young (Allocation Failure)
[13759.271s][info][gc,heap        ] GC(31894) PSYoungGen: 82336K(84480K)->960K(84480K) Eden: 81920K(81920K)->0K(81920K) From: 416K(2560K)->960K(2560K)
[13759.271s][info][gc,heap        ] GC(31894) ParOldGen: 322287K(322560K)->322335K(322560K)
[13759.271s][info][gc,metaspace   ] GC(31894) Metaspace: 62240K(62528K)->62240K(62528K) NonClass: 53207K(53440K)->53207K(53440K) Class: 9032K(9088K)->9032K(9088K)
[13759.271s][info][gc             ] GC(31894) Pause Young (Allocation Failure) 395M->315M(397M) 2.505ms
[13759.271s][info][gc,cpu         ] GC(31894) User=0.01s Sys=0.00s Real=0.00s
[13759.700s][info][gc,start       ] GC(31895) Pause Young (Allocation Failure)
[13759.703s][info][gc,heap        ] GC(31895) PSYoungGen: 82880K(84480K)->1376K(84480K) Eden: 81920K(81920K)->0K(81920K) From: 960K(2560K)->1376K(2560K)
[13759.703s][info][gc,heap        ] GC(31895) ParOldGen: 322335K(322560K)->322391K(322560K)
[13759.703s][info][gc,metaspace   ] GC(31895) Metaspace: 62240K(62528K)->62240K(62528K) NonClass: 53207K(53440K)->53207K(53440K) Class: 9032K(9088K)->9032K(9088K)
[13759.703s][info][gc             ] GC(31895) Pause Young (Allocation Failure) 395M->316M(397M) 2.858ms
[13759.703s][info][gc,cpu         ] GC(31895) User=0.01s Sys=0.00s Real=0.00s
[13760.133s][info][gc,start       ] GC(31896) Pause Young (Allocation Failure)
[13760.135s][info][gc,heap        ] GC(31896) PSYoungGen: 83296K(84480K)->448K(84480K) Eden: 81920K(81920K)->0K(81920K) From: 1376K(2560K)->448K(2560K)
[13760.135s][info][gc,heap        ] GC(31896) ParOldGen: 322391K(322560K)->322439K(322560K)
[13760.135s][info][gc,metaspace   ] GC(31896) Metaspace: 62240K(62528K)->62240K(62528K) NonClass: 53207K(53440K)->53207K(53440K) Class: 9032K(9088K)->9032K(9088K)
[13760.135s][info][gc             ] GC(31896) Pause Young (Allocation Failure) 396M->315M(397M) 2.078ms
[13760.135s][info][gc,cpu         ] GC(31896) User=0.00s Sys=0.00s Real=0.00s
[13760.571s][info][gc,start       ] GC(31897) Pause Young (Allocation Failure)
[13760.573s][info][gc,heap        ] GC(31897) PSYoungGen: 82368K(84480K)->928K(84480K) Eden: 81920K(81920K)->0K(81920K) From: 448K(2560K)->928K(2560K)
[13760.573s][info][gc,heap        ] GC(31897) ParOldGen: 322439K(322560K)->322487K(322560K)
[13760.573s][info][gc,metaspace   ] GC(31897) Metaspace: 62240K(62528K)->62240K(62528K) NonClass: 53207K(53440K)->53207K(53440K) Class: 9032K(9088K)->9032K(9088K)
[13760.573s][info][gc             ] GC(31897) Pause Young (Allocation Failure) 395M->315M(397M) 2.479ms
[13760.573s][info][gc,cpu         ] GC(31897) User=0.01s Sys=0.00s Real=0.00s
[13761.024s][info][gc,start       ] GC(31898) Pause Young (Allocation Failure)
[13761.026s][info][gc,heap        ] GC(31898) PSYoungGen: 82848K(84480K)->288K(84480K) Eden: 81920K(81920K)->0K(81920K) From: 928K(2560K)->288K(2560K)
[13761.026s][info][gc,heap        ] GC(31898) ParOldGen: 322487K(322560K)->322543K(322560K)
[13761.026s][info][gc,metaspace   ] GC(31898) Metaspace: 62240K(62528K)->62240K(62528K) NonClass: 53207K(53440K)->53207K(53440K) Class: 9032K(9088K)->9032K(9088K)
[13761.026s][info][gc             ] GC(31898) Pause Young (Allocation Failure) 395M->315M(397M) 1.931ms
[13761.026s][info][gc,cpu         ] GC(31898) User=0.00s Sys=0.00s Real=0.00s
[13761.437s][info][gc,start       ] GC(31899) Pause Young (Allocation Failure)
[13761.439s][info][gc,heap        ] GC(31899) PSYoungGen: 82208K(84480K)->480K(84480K) Eden: 81920K(81920K)->0K(81920K) From: 288K(2560K)->480K(2560K)
[13761.439s][info][gc,heap        ] GC(31899) ParOldGen: 322543K(322560K)->322599K(323072K)
[13761.439s][info][gc,metaspace   ] GC(31899) Metaspace: 62240K(62528K)->62240K(62528K) NonClass: 53207K(53440K)->53207K(53440K) Class: 9032K(9088K)->9032K(9088K)
[13761.439s][info][gc             ] GC(31899) Pause Young (Allocation Failure) 395M->315M(398M) 2.185ms
[13761.439s][info][gc,cpu         ] GC(31899) User=0.01s Sys=0.00s Real=0.00s
[13761.877s][info][gc,start       ] GC(31900) Pause Young (Allocation Failure)
[13761.879s][info][gc,heap        ] GC(31900) PSYoungGen: 82400K(84480K)->1088K(84480K) Eden: 81920K(81920K)->0K(81920K) From: 480K(2560K)->1088K(2560K)
[13761.879s][info][gc,heap        ] GC(31900) ParOldGen: 322599K(323072K)->322647K(323072K)
[13761.879s][info][gc,metaspace   ] GC(31900) Metaspace: 62240K(62528K)->62240K(62528K) NonClass: 53207K(53440K)->53207K(53440K) Class: 9032K(9088K)->9032K(9088K)
[13761.879s][info][gc             ] GC(31900) Pause Young (Allocation Failure) 395M->316M(398M) 2.612ms
[13761.879s][info][gc,cpu         ] GC(31900) User=0.01s Sys=0.00s Real=0.00s
[13762.317s][info][gc,start       ] GC(31901) Pause Young (Allocation Failure)
[13762.319s][info][gc,heap        ] GC(31901) PSYoungGen: 83008K(84480K)->192K(84480K) Eden: 81920K(81920K)->0K(81920K) From: 1088K(2560K)->192K(2560K)
[13762.319s][info][gc,heap        ] GC(31901) ParOldGen: 322647K(323072K)->322695K(323072K)
[13762.319s][info][gc,metaspace   ] GC(31901) Metaspace: 62240K(62528K)->62240K(62528K) NonClass: 53207K(53440K)->53207K(53440K) Class: 9032K(9088K)->9032K(9088K)
[13762.319s][info][gc             ] GC(31901) Pause Young (Allocation Failure) 396M->315M(398M) 1.881ms
[13762.319s][info][gc,cpu         ] GC(31901) User=0.00s Sys=0.00s Real=0.00s
[13762.755s][info][gc,start       ] GC(31902) Pause Young (Allocation Failure)
[13762.758s][info][gc,heap        ] GC(31902) PSYoungGen: 82112K(84480K)->1792K(84480K) Eden: 81920K(81920K)->0K(81920K) From: 192K(2560K)->1792K(2560K)
[13762.758s][info][gc,heap        ] GC(31902) ParOldGen: 322695K(323072K)->323775K(324608K)
[13762.758s][info][gc,metaspace   ] GC(31902) Metaspace: 62240K(62528K)->62240K(62528K) NonClass: 53207K(53440K)->53207K(53440K) Class: 9032K(9088K)->9032K(9088K)
[13762.758s][info][gc             ] GC(31902) Pause Young (Allocation Failure) 395M->317M(399M) 3.093ms
[13762.758s][info][gc,cpu         ] GC(31902) User=0.01s Sys=0.00s Real=0.01s
[13763.179s][info][gc,start       ] GC(31903) Pause Young (Allocation Failure)
[13763.183s][info][gc,heap        ] GC(31903) PSYoungGen: 83712K(84480K)->1024K(84480K) Eden: 81920K(81920K)->0K(81920K) From: 1792K(2560K)->1024K(2560K)
[13763.183s][info][gc,heap        ] GC(31903) ParOldGen: 323775K(324608K)->325871K(326144K)
[13763.183s][info][gc,metaspace   ] GC(31903) Metaspace: 62240K(62528K)->62240K(62528K) NonClass: 53207K(53440K)->53207K(53440K) Class: 9032K(9088K)->9032K(9088K)
[13763.183s][info][gc             ] GC(31903) Pause Young (Allocation Failure) 397M->319M(401M) 3.658ms
[13763.183s][info][gc,cpu         ] GC(31903) User=0.00s Sys=0.00s Real=0.00s
[13763.626s][info][gc,start       ] GC(31904) Pause Young (Allocation Failure)
[13763.628s][info][gc,heap        ] GC(31904) PSYoungGen: 82944K(84480K)->320K(84480K) Eden: 81920K(81920K)->0K(81920K) From: 1024K(2560K)->320K(2560K)
[13763.628s][info][gc,heap        ] GC(31904) ParOldGen: 325871K(326144K)->325919K(326144K)
[13763.628s][info][gc,metaspace   ] GC(31904) Metaspace: 62240K(62528K)->62240K(62528K) NonClass: 53207K(53440K)->53207K(53440K) Class: 9032K(9088K)->9032K(9088K)
[13763.628s][info][gc             ] GC(31904) Pause Young (Allocation Failure) 399M->318M(401M) 1.982ms
[13763.628s][info][gc,cpu         ] GC(31904) User=0.00s Sys=0.01s Real=0.01s
[13764.077s][info][gc,start       ] GC(31905) Pause Young (Allocation Failure)
[13764.079s][info][gc,heap        ] GC(31905) PSYoungGen: 82240K(84480K)->1024K(84480K) Eden: 81920K(81920K)->0K(81920K) From: 320K(2560K)->1024K(2560K)
[13764.079s][info][gc,heap        ] GC(31905) ParOldGen: 325919K(326144K)->325975K(326144K)
[13764.079s][info][gc,metaspace   ] GC(31905) Metaspace: 62240K(62528K)->62240K(62528K) NonClass: 53207K(53440K)->53207K(53440K) Class: 9032K(9088K)->9032K(9088K)
[13764.079s][info][gc             ] GC(31905) Pause Young (Allocation Failure) 398M->319M(401M) 2.573ms
[13764.079s][info][gc,cpu         ] GC(31905) User=0.01s Sys=0.00s Real=0.00s
[13764.502s][info][gc,start       ] GC(31906) Pause Young (Allocation Failure)
[13764.505s][info][gc,heap        ] GC(31906) PSYoungGen: 82944K(84480K)->1632K(84480K) Eden: 81920K(81920K)->0K(81920K) From: 1024K(2560K)->1632K(2560K)
[13764.505s][info][gc,heap        ] GC(31906) ParOldGen: 325975K(326144K)->326031K(326144K)
[13764.505s][info][gc,metaspace   ] GC(31906) Metaspace: 62240K(62528K)->62240K(62528K) NonClass: 53207K(53440K)->53207K(53440K) Class: 9032K(9088K)->9032K(9088K)
[13764.505s][info][gc             ] GC(31906) Pause Young (Allocation Failure) 399M->319M(401M) 3.099ms
[13764.505s][info][gc,cpu         ] GC(31906) User=0.00s Sys=0.00s Real=0.00s
[13764.907s][info][gc,start       ] GC(31907) Pause Young (Allocation Failure)
[13764.910s][info][gc,heap        ] GC(31907) PSYoungGen: 83552K(84480K)->1792K(84480K) Eden: 81920K(81920K)->0K(81920K) From: 1632K(2560K)->1792K(2560K)
[13764.911s][info][gc,heap        ] GC(31907) ParOldGen: 326031K(326144K)->326079K(326144K)
[13764.911s][info][gc,metaspace   ] GC(31907) Metaspace: 62240K(62528K)->62240K(62528K) NonClass: 53207K(53440K)->53207K(53440K) Class: 9032K(9088K)->9032K(9088K)
[13764.911s][info][gc             ] GC(31907) Pause Young (Allocation Failure) 399M->320M(401M) 3.273ms
[13764.911s][info][gc,cpu         ] GC(31907) User=0.00s Sys=0.00s Real=0.00s
[13765.410s][info][gc,start       ] GC(31908) Pause Young (Allocation Failure)
[13765.413s][info][gc,heap        ] GC(31908) PSYoungGen: 83712K(84480K)->1440K(84480K) Eden: 81920K(81920K)->0K(81920K) From: 1792K(2560K)->1440K(2560K)
[13765.413s][info][gc,heap        ] GC(31908) ParOldGen: 326079K(326144K)->326135K(326144K)
[13765.413s][info][gc,metaspace   ] GC(31908) Metaspace: 62240K(62528K)->62240K(62528K) NonClass: 53207K(53440K)->53207K(53440K) Class: 9032K(9088K)->9032K(9088K)
[13765.413s][info][gc             ] GC(31908) Pause Young (Allocation Failure) 400M->319M(401M) 3.343ms
[13765.413s][info][gc,cpu         ] GC(31908) User=0.01s Sys=0.00s Real=0.00s
[13765.849s][info][gc,start       ] GC(31909) Pause Young (Allocation Failure)
[13765.852s][info][gc,heap        ] GC(31909) PSYoungGen: 83360K(84480K)->640K(84480K) Eden: 81920K(81920K)->0K(81920K) From: 1440K(2560K)->640K(2560K)
[13765.852s][info][gc,heap        ] GC(31909) ParOldGen: 326135K(326144K)->326231K(326656K)
[13765.852s][info][gc,metaspace   ] GC(31909) Metaspace: 62240K(62528K)->62240K(62528K) NonClass: 53207K(53440K)->53207K(53440K) Class: 9032K(9088K)->9032K(9088K)
[13765.852s][info][gc             ] GC(31909) Pause Young (Allocation Failure) 399M->319M(401M) 3.668ms
[13765.852s][info][gc,cpu         ] GC(31909) User=0.01s Sys=0.00s Real=0.00s
[13766.295s][info][gc,start       ] GC(31910) Pause Young (Allocation Failure)
[13766.298s][info][gc,heap        ] GC(31910) PSYoungGen: 82560K(84480K)->1376K(84480K) Eden: 81920K(81920K)->0K(81920K) From: 640K(2560K)->1376K(2560K)
[13766.298s][info][gc,heap        ] GC(31910) ParOldGen: 326231K(326656K)->326279K(326656K)
[13766.298s][info][gc,metaspace   ] GC(31910) Metaspace: 62240K(62528K)->62240K(62528K) NonClass: 53207K(53440K)->53207K(53440K) Class: 9032K(9088K)->9032K(9088K)
[13766.298s][info][gc             ] GC(31910) Pause Young (Allocation Failure) 399M->319M(401M) 2.959ms
[13766.298s][info][gc,cpu         ] GC(31910) User=0.00s Sys=0.00s Real=0.01s
[13766.745s][info][gc,start       ] GC(31911) Pause Young (Allocation Failure)
[13766.747s][info][gc,heap        ] GC(31911) PSYoungGen: 83296K(84480K)->608K(84480K) Eden: 81920K(81920K)->0K(81920K) From: 1376K(2560K)->608K(2560K)
[13766.747s][info][gc,heap        ] GC(31911) ParOldGen: 326279K(326656K)->326327K(326656K)
[13766.747s][info][gc,metaspace   ] GC(31911) Metaspace: 62240K(62528K)->62240K(62528K) NonClass: 53207K(53440K)->53207K(53440K) Class: 9032K(9088K)->9032K(9088K)
[13766.747s][info][gc             ] GC(31911) Pause Young (Allocation Failure) 399M->319M(401M) 2.163ms
[13766.747s][info][gc,cpu         ] GC(31911) User=0.01s Sys=0.00s Real=0.01s
[13767.208s][info][gc,start       ] GC(31912) Pause Young (Allocation Failure)
[13767.211s][info][gc,heap        ] GC(31912) PSYoungGen: 82528K(84480K)->1472K(84480K) Eden: 81920K(81920K)->0K(81920K) From: 608K(2560K)->1472K(2560K)
[13767.211s][info][gc,heap        ] GC(31912) ParOldGen: 326327K(326656K)->326375K(326656K)
[13767.211s][info][gc,metaspace   ] GC(31912) Metaspace: 62240K(62528K)->62240K(62528K) NonClass: 53207K(53440K)->53207K(53440K) Class: 9032K(9088K)->9032K(9088K)
[13767.211s][info][gc             ] GC(31912) Pause Young (Allocation Failure) 399M->320M(401M) 2.951ms
[13767.211s][info][gc,cpu         ] GC(31912) User=0.00s Sys=0.00s Real=0.00s
[13767.648s][info][gc,start       ] GC(31913) Pause Young (Allocation Failure)
[13767.652s][info][gc,heap        ] GC(31913) PSYoungGen: 83392K(84480K)->1664K(84480K) Eden: 81920K(81920K)->0K(81920K) From: 1472K(2560K)->1664K(2560K)
[13767.652s][info][gc,heap        ] GC(31913) ParOldGen: 326375K(326656K)->328471K(329728K)
[13767.652s][info][gc,metaspace   ] GC(31913) Metaspace: 62240K(62528K)->62240K(62528K) NonClass: 53207K(53440K)->53207K(53440K) Class: 9032K(9088K)->9032K(9088K)
[13767.652s][info][gc             ] GC(31913) Pause Young (Allocation Failure) 400M->322M(404M) 3.516ms
[13767.652s][info][gc,cpu         ] GC(31913) User=0.01s Sys=0.00s Real=0.00s
[13768.085s][info][gc,start       ] GC(31914) Pause Young (Allocation Failure)
[13768.089s][info][gc,heap        ] GC(31914) PSYoungGen: 83584K(84480K)->1184K(84480K) Eden: 81920K(81920K)->0K(81920K) From: 1664K(2560K)->1184K(2560K)
[13768.089s][info][gc,heap        ] GC(31914) ParOldGen: 328471K(329728K)->330575K(331264K)
[13768.089s][info][gc,metaspace   ] GC(31914) Metaspace: 62240K(62528K)->62240K(62528K) NonClass: 53207K(53440K)->53207K(53440K) Class: 9032K(9088K)->9032K(9088K)
[13768.089s][info][gc             ] GC(31914) Pause Young (Allocation Failure) 402M->323M(406M) 3.776ms
[13768.089s][info][gc,cpu         ] GC(31914) User=0.00s Sys=0.00s Real=0.01s
[13768.497s][info][gc,start       ] GC(31915) Pause Young (Allocation Failure)
[13768.500s][info][gc,heap        ] GC(31915) PSYoungGen: 83104K(84480K)->1440K(84480K) Eden: 81920K(81920K)->0K(81920K) From: 1184K(2560K)->1440K(2560K)
[13768.500s][info][gc,heap        ] GC(31915) ParOldGen: 330575K(331264K)->330631K(331264K)
[13768.500s][info][gc,metaspace   ] GC(31915) Metaspace: 62240K(62528K)->62240K(62528K) NonClass: 53207K(53440K)->53207K(53440K) Class: 9032K(9088K)->9032K(9088K)
[13768.500s][info][gc             ] GC(31915) Pause Young (Allocation Failure) 403M->324M(406M) 3.000ms
[13768.500s][info][gc,cpu         ] GC(31915) User=0.01s Sys=0.00s Real=0.00s
[13768.920s][info][gc,start       ] GC(31916) Pause Young (Allocation Failure)
[13768.921s][info][gc,heap        ] GC(31916) PSYoungGen: 83360K(84480K)->224K(84480K) Eden: 81920K(81920K)->0K(81920K) From: 1440K(2560K)->224K(2560K)
[13768.921s][info][gc,heap        ] GC(31916) ParOldGen: 330631K(331264K)->330679K(331264K)
[13768.921s][info][gc,metaspace   ] GC(31916) Metaspace: 62240K(62528K)->62240K(62528K) NonClass: 53207K(53440K)->53207K(53440K) Class: 9032K(9088K)->9032K(9088K)
[13768.921s][info][gc             ] GC(31916) Pause Young (Allocation Failure) 404M->323M(406M) 1.870ms
[13768.921s][info][gc,cpu         ] GC(31916) User=0.00s Sys=0.00s Real=0.00s
[13769.341s][info][gc,start       ] GC(31917) Pause Young (Allocation Failure)
[13769.343s][info][gc,heap        ] GC(31917) PSYoungGen: 82144K(84480K)->608K(84480K) Eden: 81920K(81920K)->0K(81920K) From: 224K(2560K)->608K(2560K)
[13769.343s][info][gc,heap        ] GC(31917) ParOldGen: 330679K(331264K)->330727K(331264K)
[13769.343s][info][gc,metaspace   ] GC(31917) Metaspace: 62240K(62528K)->62240K(62528K) NonClass: 53207K(53440K)->53207K(53440K) Class: 9032K(9088K)->9032K(9088K)
[13769.343s][info][gc             ] GC(31917) Pause Young (Allocation Failure) 403M->323M(406M) 2.179ms
[13769.343s][info][gc,cpu         ] GC(31917) User=0.00s Sys=0.00s Real=0.00s
[13769.757s][info][gc,start       ] GC(31918) Pause Young (Allocation Failure)
[13769.759s][info][gc,heap        ] GC(31918) PSYoungGen: 82528K(84480K)->768K(84480K) Eden: 81920K(81920K)->0K(81920K) From: 608K(2560K)->768K(2560K)
[13769.759s][info][gc,heap        ] GC(31918) ParOldGen: 330727K(331264K)->330775K(331264K)
[13769.759s][info][gc,metaspace   ] GC(31918) Metaspace: 62240K(62528K)->62240K(62528K) NonClass: 53207K(53440K)->53207K(53440K) Class: 9032K(9088K)->9032K(9088K)
[13769.759s][info][gc             ] GC(31918) Pause Young (Allocation Failure) 403M->323M(406M) 2.354ms
[13769.759s][info][gc,cpu         ] GC(31918) User=0.01s Sys=0.00s Real=0.00s
[13770.207s][info][gc,start       ] GC(31919) Pause Young (Allocation Failure)
[13770.210s][info][gc,heap        ] GC(31919) PSYoungGen: 82688K(84480K)->1504K(84480K) Eden: 81920K(81920K)->0K(81920K) From: 768K(2560K)->1504K(2560K)
[13770.210s][info][gc,heap        ] GC(31919) ParOldGen: 330775K(331264K)->330823K(331264K)
[13770.210s][info][gc,metaspace   ] GC(31919) Metaspace: 62240K(62528K)->62240K(62528K) NonClass: 53207K(53440K)->53207K(53440K) Class: 9032K(9088K)->9032K(9088K)
[13770.210s][info][gc             ] GC(31919) Pause Young (Allocation Failure) 403M->324M(406M) 2.960ms
[13770.210s][info][gc,cpu         ] GC(31919) User=0.00s Sys=0.00s Real=0.00s
[13770.626s][info][gc,start       ] GC(31920) Pause Young (Allocation Failure)
[13770.628s][info][gc,heap        ] GC(31920) PSYoungGen: 83424K(84480K)->320K(84480K) Eden: 81920K(81920K)->0K(81920K) From: 1504K(2560K)->320K(2560K)
[13770.628s][info][gc,heap        ] GC(31920) ParOldGen: 330823K(331264K)->330871K(331264K)
[13770.628s][info][gc,metaspace   ] GC(31920) Metaspace: 62240K(62528K)->62240K(62528K) NonClass: 53207K(53440K)->53207K(53440K) Class: 9032K(9088K)->9032K(9088K)
[13770.628s][info][gc             ] GC(31920) Pause Young (Allocation Failure) 404M->323M(406M) 1.984ms
[13770.628s][info][gc,cpu         ] GC(31920) User=0.00s Sys=0.00s Real=0.01s
[13771.042s][info][gc,start       ] GC(31921) Pause Young (Allocation Failure)
[13771.044s][info][gc,heap        ] GC(31921) PSYoungGen: 82240K(84480K)->576K(84480K) Eden: 81920K(81920K)->0K(81920K) From: 320K(2560K)->576K(2560K)
[13771.044s][info][gc,heap        ] GC(31921) ParOldGen: 330871K(331264K)->330919K(331264K)
[13771.044s][info][gc,metaspace   ] GC(31921) Metaspace: 62240K(62528K)->62240K(62528K) NonClass: 53207K(53440K)->53207K(53440K) Class: 9032K(9088K)->9032K(9088K)
[13771.044s][info][gc             ] GC(31921) Pause Young (Allocation Failure) 403M->323M(406M) 2.225ms
[13771.044s][info][gc,cpu         ] GC(31921) User=0.01s Sys=0.00s Real=0.00s
[13771.502s][info][gc,start       ] GC(31922) Pause Young (Allocation Failure)
[13771.505s][info][gc,heap        ] GC(31922) PSYoungGen: 82496K(84480K)->1472K(84480K) Eden: 81920K(81920K)->0K(81920K) From: 576K(2560K)->1472K(2560K)
[13771.505s][info][gc,heap        ] GC(31922) ParOldGen: 330919K(331264K)->330967K(331264K)
[13771.505s][info][gc,metaspace   ] GC(31922) Metaspace: 62240K(62528K)->62240K(62528K) NonClass: 53207K(53440K)->53207K(53440K) Class: 9032K(9088K)->9032K(9088K)
[13771.505s][info][gc             ] GC(31922) Pause Young (Allocation Failure) 403M->324M(406M) 3.016ms
[13771.505s][info][gc,cpu         ] GC(31922) User=0.01s Sys=0.00s Real=0.00s
[13771.891s][info][gc,start       ] GC(31923) Pause Young (Allocation Failure)
[13771.894s][info][gc,heap        ] GC(31923) PSYoungGen: 83392K(84480K)->1536K(84480K) Eden: 81920K(81920K)->0K(81920K) From: 1472K(2560K)->1536K(2560K)
[13771.894s][info][gc,heap        ] GC(31923) ParOldGen: 330967K(331264K)->331015K(331264K)
[13771.894s][info][gc,metaspace   ] GC(31923) Metaspace: 62240K(62528K)->62240K(62528K) NonClass: 53207K(53440K)->53207K(53440K) Class: 9032K(9088K)->9032K(9088K)
[13771.894s][info][gc             ] GC(31923) Pause Young (Allocation Failure) 404M->324M(406M) 3.036ms
[13771.894s][info][gc,cpu         ] GC(31923) User=0.00s Sys=0.00s Real=0.00s
[13772.380s][info][gc,start       ] GC(31924) Pause Young (Allocation Failure)
[13772.383s][info][gc,heap        ] GC(31924) PSYoungGen: 83456K(84480K)->1120K(84480K) Eden: 81920K(81920K)->0K(81920K) From: 1536K(2560K)->1120K(2560K)
[13772.383s][info][gc,heap        ] GC(31924) ParOldGen: 331015K(331264K)->331063K(331264K)
[13772.383s][info][gc,metaspace   ] GC(31924) Metaspace: 62240K(62528K)->62240K(62528K) NonClass: 53207K(53440K)->53207K(53440K) Class: 9032K(9088K)->9032K(9088K)
[13772.383s][info][gc             ] GC(31924) Pause Young (Allocation Failure) 404M->324M(406M) 2.681ms
[13772.383s][info][gc,cpu         ] GC(31924) User=0.01s Sys=0.00s Real=0.00s
[13772.804s][info][gc,start       ] GC(31925) Pause Young (Allocation Failure)
[13772.808s][info][gc,heap        ] GC(31925) PSYoungGen: 83040K(84480K)->1632K(84480K) Eden: 81920K(81920K)->0K(81920K) From: 1120K(2560K)->1632K(2560K)
[13772.808s][info][gc,heap        ] GC(31925) ParOldGen: 331063K(331264K)->331159K(331264K)
[13772.808s][info][gc,metaspace   ] GC(31925) Metaspace: 62240K(62528K)->62240K(62528K) NonClass: 53207K(53440K)->53207K(53440K) Class: 9032K(9088K)->9032K(9088K)
[13772.808s][info][gc             ] GC(31925) Pause Young (Allocation Failure) 404M->324M(406M) 3.182ms
[13772.808s][info][gc,cpu         ] GC(31925) User=0.01s Sys=0.00s Real=0.01s
[13773.216s][info][gc,start       ] GC(31926) Pause Young (Allocation Failure)
[13773.219s][info][gc,heap        ] GC(31926) PSYoungGen: 83552K(84480K)->1728K(84480K) Eden: 81920K(81920K)->0K(81920K) From: 1632K(2560K)->1728K(2560K)
[13773.219s][info][gc,heap        ] GC(31926) ParOldGen: 331159K(331264K)->331207K(331264K)
[13773.219s][info][gc,metaspace   ] GC(31926) Metaspace: 62240K(62528K)->62240K(62528K) NonClass: 53207K(53440K)->53207K(53440K) Class: 9032K(9088K)->9032K(9088K)
[13773.219s][info][gc             ] GC(31926) Pause Young (Allocation Failure) 404M->325M(406M) 3.199ms
[13773.219s][info][gc,cpu         ] GC(31926) User=0.00s Sys=0.00s Real=0.01s
[13773.647s][info][gc,start       ] GC(31927) Pause Young (Allocation Failure)
[13773.649s][info][gc,heap        ] GC(31927) PSYoungGen: 83648K(84480K)->608K(84480K) Eden: 81920K(81920K)->0K(81920K) From: 1728K(2560K)->608K(2560K)
[13773.649s][info][gc,heap        ] GC(31927) ParOldGen: 331207K(331264K)->331255K(331264K)
[13773.649s][info][gc,metaspace   ] GC(31927) Metaspace: 62240K(62528K)->62240K(62528K) NonClass: 53207K(53440K)->53207K(53440K) Class: 9032K(9088K)->9032K(9088K)
[13773.649s][info][gc             ] GC(31927) Pause Young (Allocation Failure) 405M->324M(406M) 2.301ms
[13773.649s][info][gc,cpu         ] GC(31927) User=0.01s Sys=0.00s Real=0.00s
[13774.093s][info][gc,start       ] GC(31928) Pause Young (Allocation Failure)
[13774.096s][info][gc,heap        ] GC(31928) PSYoungGen: 82528K(84480K)->1280K(84480K) Eden: 81920K(81920K)->0K(81920K) From: 608K(2560K)->1280K(2560K)
[13774.096s][info][gc,heap        ] GC(31928) ParOldGen: 331255K(331264K)->331303K(331776K)
[13774.096s][info][gc,metaspace   ] GC(31928) Metaspace: 62240K(62528K)->62240K(62528K) NonClass: 53207K(53440K)->53207K(53440K) Class: 9032K(9088K)->9032K(9088K)
[13774.096s][info][gc             ] GC(31928) Pause Young (Allocation Failure) 404M->324M(406M) 2.892ms
[13774.096s][info][gc,cpu         ] GC(31928) User=0.01s Sys=0.00s Real=0.01s
[13774.552s][info][gc,start       ] GC(31929) Pause Young (Allocation Failure)
[13774.555s][info][gc,heap        ] GC(31929) PSYoungGen: 83200K(84480K)->704K(84480K) Eden: 81920K(81920K)->0K(81920K) From: 1280K(2560K)->704K(2560K)
[13774.555s][info][gc,heap        ] GC(31929) ParOldGen: 331303K(331776K)->331351K(331776K)
[13774.555s][info][gc,metaspace   ] GC(31929) Metaspace: 62240K(62528K)->62240K(62528K) NonClass: 53207K(53440K)->53207K(53440K) Class: 9032K(9088K)->9032K(9088K)
[13774.555s][info][gc             ] GC(31929) Pause Young (Allocation Failure) 404M->324M(406M) 2.404ms
[13774.555s][info][gc,cpu         ] GC(31929) User=0.01s Sys=0.00s Real=0.00s
[13774.996s][info][gc,start       ] GC(31930) Pause Young (Allocation Failure)
[13774.999s][info][gc,heap        ] GC(31930) PSYoungGen: 82624K(84480K)->1376K(84480K) Eden: 81920K(81920K)->0K(81920K) From: 704K(2560K)->1376K(2560K)
[13774.999s][info][gc,heap        ] GC(31930) ParOldGen: 331351K(331776K)->331399K(331776K)
[13774.999s][info][gc,metaspace   ] GC(31930) Metaspace: 62240K(62528K)->62240K(62528K) NonClass: 53207K(53440K)->53207K(53440K) Class: 9032K(9088K)->9032K(9088K)
[13774.999s][info][gc             ] GC(31930) Pause Young (Allocation Failure) 404M->324M(406M) 2.814ms
[13774.999s][info][gc,cpu         ] GC(31930) User=0.01s Sys=0.00s Real=0.01s
[13775.424s][info][gc,start       ] GC(31931) Pause Young (Allocation Failure)
[13775.426s][info][gc,heap        ] GC(31931) PSYoungGen: 83296K(84480K)->288K(84480K) Eden: 81920K(81920K)->0K(81920K) From: 1376K(2560K)->288K(2560K)
[13775.426s][info][gc,heap        ] GC(31931) ParOldGen: 331399K(331776K)->331447K(331776K)
[13775.426s][info][gc,metaspace   ] GC(31931) Metaspace: 62240K(62528K)->62240K(62528K) NonClass: 53207K(53440K)->53207K(53440K) Class: 9032K(9088K)->9032K(9088K)
[13775.426s][info][gc             ] GC(31931) Pause Young (Allocation Failure) 404M->323M(406M) 2.036ms
[13775.426s][info][gc,cpu         ] GC(31931) User=0.00s Sys=0.00s Real=0.00s
[13775.874s][info][gc,start       ] GC(31932) Pause Young (Allocation Failure)
[13775.877s][info][gc,heap        ] GC(31932) PSYoungGen: 82208K(84480K)->960K(84480K) Eden: 81920K(81920K)->0K(81920K) From: 288K(2560K)->960K(2560K)
[13775.877s][info][gc,heap        ] GC(31932) ParOldGen: 331447K(331776K)->331503K(331776K)
[13775.877s][info][gc,metaspace   ] GC(31932) Metaspace: 62240K(62528K)->62240K(62528K) NonClass: 53207K(53440K)->53207K(53440K) Class: 9032K(9088K)->9032K(9088K)
[13775.877s][info][gc             ] GC(31932) Pause Young (Allocation Failure) 403M->324M(406M) 2.516ms
[13775.877s][info][gc,cpu         ] GC(31932) User=0.00s Sys=0.00s Real=0.01s
[13776.305s][info][gc,start       ] GC(31933) Pause Young (Allocation Failure)
[13776.312s][info][gc,heap        ] GC(31933) PSYoungGen: 82880K(84480K)->2464K(83456K) Eden: 81920K(81920K)->0K(80896K) From: 960K(2560K)->2464K(2560K)
[13776.312s][info][gc,heap        ] GC(31933) ParOldGen: 331503K(331776K)->332583K(333312K)
[13776.312s][info][gc,metaspace   ] GC(31933) Metaspace: 62240K(62528K)->62240K(62528K) NonClass: 53207K(53440K)->53207K(53440K) Class: 9032K(9088K)->9032K(9088K)
[13776.312s][info][gc             ] GC(31933) Pause Young (Allocation Failure) 404M->327M(407M) 6.424ms
[13776.312s][info][gc,cpu         ] GC(31933) User=0.01s Sys=0.00s Real=0.01s
[13776.739s][info][gc,start       ] GC(31934) Pause Young (Allocation Failure)
[13776.743s][info][gc,heap        ] GC(31934) PSYoungGen: 83360K(83456K)->544K(83968K) Eden: 80896K(80896K)->0K(80896K) From: 2464K(2560K)->544K(3072K)
[13776.743s][info][gc,heap        ] GC(31934) ParOldGen: 332583K(333312K)->334687K(334848K)
[13776.743s][info][gc,metaspace   ] GC(31934) Metaspace: 62240K(62528K)->62240K(62528K) NonClass: 53207K(53440K)->53207K(53440K) Class: 9032K(9088K)->9032K(9088K)
[13776.743s][info][gc             ] GC(31934) Pause Young (Allocation Failure) 406M->327M(409M) 3.207ms
[13776.743s][info][gc,cpu         ] GC(31934) User=0.00s Sys=0.00s Real=0.00s
[13777.183s][info][gc,start       ] GC(31935) Pause Young (Allocation Failure)
[13777.186s][info][gc,heap        ] GC(31935) PSYoungGen: 81440K(83968K)->1120K(84480K) Eden: 80896K(80896K)->0K(81408K) From: 544K(3072K)->1120K(3072K)
[13777.186s][info][gc,heap        ] GC(31935) ParOldGen: 334687K(334848K)->334743K(334848K)
[13777.186s][info][gc,metaspace   ] GC(31935) Metaspace: 62240K(62528K)->62240K(62528K) NonClass: 53207K(53440K)->53207K(53440K) Class: 9032K(9088K)->9032K(9088K)
[13777.186s][info][gc             ] GC(31935) Pause Young (Allocation Failure) 406M->327M(409M) 2.673ms
[13777.186s][info][gc,cpu         ] GC(31935) User=0.01s Sys=0.00s Real=0.00s
[13777.606s][info][gc,start       ] GC(31936) Pause Young (Allocation Failure)
[13777.609s][info][gc,heap        ] GC(31936) PSYoungGen: 82528K(84480K)->1472K(83968K) Eden: 81408K(81408K)->0K(81408K) From: 1120K(3072K)->1472K(2560K)
[13777.609s][info][gc,heap        ] GC(31936) ParOldGen: 334743K(334848K)->334799K(334848K)
[13777.609s][info][gc,metaspace   ] GC(31936) Metaspace: 62240K(62528K)->62240K(62528K) NonClass: 53207K(53440K)->53207K(53440K) Class: 9032K(9088K)->9032K(9088K)
[13777.609s][info][gc             ] GC(31936) Pause Young (Allocation Failure) 407M->328M(409M) 2.979ms
[13777.609s][info][gc,cpu         ] GC(31936) User=0.00s Sys=0.00s Real=0.00s
[13778.047s][info][gc,start       ] GC(31937) Pause Young (Allocation Failure)
[13778.049s][info][gc,heap        ] GC(31937) PSYoungGen: 82880K(83968K)->640K(84480K) Eden: 81408K(81408K)->0K(81920K) From: 1472K(2560K)->640K(2560K)
[13778.049s][info][gc,heap        ] GC(31937) ParOldGen: 334799K(334848K)->334847K(334848K)
[13778.049s][info][gc,metaspace   ] GC(31937) Metaspace: 62240K(62528K)->62240K(62528K) NonClass: 53207K(53440K)->53207K(53440K) Class: 9032K(9088K)->9032K(9088K)
[13778.049s][info][gc             ] GC(31937) Pause Young (Allocation Failure) 407M->327M(409M) 2.323ms
[13778.049s][info][gc,cpu         ] GC(31937) User=0.00s Sys=0.00s Real=0.00s
[13778.454s][info][gc,start       ] GC(31938) Pause Young (Allocation Failure)
[13778.457s][info][gc,heap        ] GC(31938) PSYoungGen: 82560K(84480K)->736K(84480K) Eden: 81920K(81920K)->0K(81920K) From: 640K(2560K)->736K(2560K)
[13778.457s][info][gc,heap        ] GC(31938) ParOldGen: 334847K(334848K)->334895K(335360K)
[13778.457s][info][gc,metaspace   ] GC(31938) Metaspace: 62240K(62528K)->62240K(62528K) NonClass: 53207K(53440K)->53207K(53440K) Class: 9032K(9088K)->9032K(9088K)
[13778.457s][info][gc             ] GC(31938) Pause Young (Allocation Failure) 407M->327M(410M) 2.468ms
[13778.457s][info][gc,cpu         ] GC(31938) User=0.01s Sys=0.00s Real=0.01s
[13778.876s][info][gc,start       ] GC(31939) Pause Young (Allocation Failure)
[13778.879s][info][gc,heap        ] GC(31939) PSYoungGen: 82656K(84480K)->1056K(84480K) Eden: 81920K(81920K)->0K(81920K) From: 736K(2560K)->1056K(2560K)
[13778.879s][info][gc,heap        ] GC(31939) ParOldGen: 334895K(335360K)->334951K(335360K)
[13778.879s][info][gc,metaspace   ] GC(31939) Metaspace: 62240K(62528K)->62240K(62528K) NonClass: 53207K(53440K)->53207K(53440K) Class: 9032K(9088K)->9032K(9088K)
[13778.879s][info][gc             ] GC(31939) Pause Young (Allocation Failure) 407M->328M(410M) 2.592ms
[13778.879s][info][gc,cpu         ] GC(31939) User=0.01s Sys=0.00s Real=0.01s
[13779.319s][info][gc,start       ] GC(31940) Pause Young (Allocation Failure)
[13779.321s][info][gc,heap        ] GC(31940) PSYoungGen: 82976K(84480K)->192K(84480K) Eden: 81920K(81920K)->0K(81920K) From: 1056K(2560K)->192K(2560K)
[13779.321s][info][gc,heap        ] GC(31940) ParOldGen: 334951K(335360K)->334999K(335360K)
[13779.321s][info][gc,metaspace   ] GC(31940) Metaspace: 62240K(62528K)->62240K(62528K) NonClass: 53207K(53440K)->53207K(53440K) Class: 9032K(9088K)->9032K(9088K)
[13779.321s][info][gc             ] GC(31940) Pause Young (Allocation Failure) 408M->327M(410M) 1.898ms
[13779.321s][info][gc,cpu         ] GC(31940) User=0.00s Sys=0.00s Real=0.00s
[13779.802s][info][gc,start       ] GC(31941) Pause Young (Allocation Failure)
[13779.804s][info][gc,heap        ] GC(31941) PSYoungGen: 82112K(84480K)->1376K(84480K) Eden: 81920K(81920K)->0K(81920K) From: 192K(2560K)->1376K(2560K)
[13779.804s][info][gc,heap        ] GC(31941) ParOldGen: 334999K(335360K)->335055K(335360K)
[13779.804s][info][gc,metaspace   ] GC(31941) Metaspace: 62240K(62528K)->62240K(62528K) NonClass: 53207K(53440K)->53207K(53440K) Class: 9032K(9088K)->9032K(9088K)
[13779.804s][info][gc             ] GC(31941) Pause Young (Allocation Failure) 407M->328M(410M) 2.965ms
[13779.805s][info][gc,cpu         ] GC(31941) User=0.01s Sys=0.00s Real=0.00s
[13780.227s][info][gc,start       ] GC(31942) Pause Young (Allocation Failure)
[13780.229s][info][gc,heap        ] GC(31942) PSYoungGen: 83296K(84480K)->352K(84480K) Eden: 81920K(81920K)->0K(81920K) From: 1376K(2560K)->352K(2560K)
[13780.229s][info][gc,heap        ] GC(31942) ParOldGen: 335055K(335360K)->335159K(335360K)
[13780.229s][info][gc,metaspace   ] GC(31942) Metaspace: 62240K(62528K)->62240K(62528K) NonClass: 53207K(53440K)->53207K(53440K) Class: 9032K(9088K)->9032K(9088K)
[13780.229s][info][gc             ] GC(31942) Pause Young (Allocation Failure) 408M->327M(410M) 2.053ms
[13780.229s][info][gc,cpu         ] GC(31942) User=0.01s Sys=0.00s Real=0.00s
[13780.625s][info][gc,start       ] GC(31943) Pause Young (Allocation Failure)
[13780.627s][info][gc,heap        ] GC(31943) PSYoungGen: 82272K(84480K)->320K(84480K) Eden: 81920K(81920K)->0K(81920K) From: 352K(2560K)->320K(2560K)
[13780.627s][info][gc,heap        ] GC(31943) ParOldGen: 335159K(335360K)->335215K(335360K)
[13780.627s][info][gc,metaspace   ] GC(31943) Metaspace: 62240K(62528K)->62240K(62528K) NonClass: 53207K(53440K)->53207K(53440K) Class: 9032K(9088K)->9032K(9088K)
[13780.627s][info][gc             ] GC(31943) Pause Young (Allocation Failure) 407M->327M(410M) 2.057ms
[13780.627s][info][gc,cpu         ] GC(31943) User=0.01s Sys=0.00s Real=0.01s
[13781.035s][info][gc,start       ] GC(31944) Pause Young (Allocation Failure)
[13781.037s][info][gc,heap        ] GC(31944) PSYoungGen: 82240K(84480K)->448K(84480K) Eden: 81920K(81920K)->0K(81920K) From: 320K(2560K)->448K(2560K)
[13781.037s][info][gc,heap        ] GC(31944) ParOldGen: 335215K(335360K)->335263K(335360K)
[13781.037s][info][gc,metaspace   ] GC(31944) Metaspace: 62240K(62528K)->62240K(62528K) NonClass: 53207K(53440K)->53207K(53440K) Class: 9032K(9088K)->9032K(9088K)
[13781.037s][info][gc             ] GC(31944) Pause Young (Allocation Failure) 407M->327M(410M) 2.216ms
[13781.037s][info][gc,cpu         ] GC(31944) User=0.01s Sys=0.00s Real=0.01s
[13781.462s][info][gc,start       ] GC(31945) Pause Young (Allocation Failure)
[13781.464s][info][gc,heap        ] GC(31945) PSYoungGen: 82368K(84480K)->896K(84480K) Eden: 81920K(81920K)->0K(81920K) From: 448K(2560K)->896K(2560K)
[13781.464s][info][gc,heap        ] GC(31945) ParOldGen: 335263K(335360K)->335311K(335360K)
[13781.464s][info][gc,metaspace   ] GC(31945) Metaspace: 62240K(62528K)->62240K(62528K) NonClass: 53207K(53440K)->53207K(53440K) Class: 9032K(9088K)->9032K(9088K)
[13781.464s][info][gc             ] GC(31945) Pause Young (Allocation Failure) 407M->328M(410M) 2.445ms
[13781.464s][info][gc,cpu         ] GC(31945) User=0.00s Sys=0.00s Real=0.00s
[13781.911s][info][gc,start       ] GC(31946) Pause Young (Allocation Failure)
[13781.914s][info][gc,heap        ] GC(31946) PSYoungGen: 82816K(84480K)->1344K(84480K) Eden: 81920K(81920K)->0K(81920K) From: 896K(2560K)->1344K(2560K)
[13781.914s][info][gc,heap        ] GC(31946) ParOldGen: 335311K(335360K)->335359K(335360K)
[13781.914s][info][gc,metaspace   ] GC(31946) Metaspace: 62240K(62528K)->62240K(62528K) NonClass: 53207K(53440K)->53207K(53440K) Class: 9032K(9088K)->9032K(9088K)
[13781.914s][info][gc             ] GC(31946) Pause Young (Allocation Failure) 408M->328M(410M) 3.184ms
[13781.914s][info][gc,cpu         ] GC(31946) User=0.01s Sys=0.00s Real=0.00s
[13782.370s][info][gc,start       ] GC(31947) Pause Young (Allocation Failure)
[13782.373s][info][gc,heap        ] GC(31947) PSYoungGen: 83264K(84480K)->1056K(84480K) Eden: 81920K(81920K)->0K(81920K) From: 1344K(2560K)->1056K(2560K)
[13782.373s][info][gc,heap        ] GC(31947) ParOldGen: 335359K(335360K)->335407K(335872K)
[13782.373s][info][gc,metaspace   ] GC(31947) Metaspace: 62240K(62528K)->62240K(62528K) NonClass: 53207K(53440K)->53207K(53440K) Class: 9032K(9088K)->9032K(9088K)
[13782.373s][info][gc             ] GC(31947) Pause Young (Allocation Failure) 408M->328M(410M) 2.723ms
[13782.373s][info][gc,cpu         ] GC(31947) User=0.00s Sys=0.00s Real=0.00s
[13782.765s][info][gc,start       ] GC(31948) Pause Young (Allocation Failure)
[13782.768s][info][gc,heap        ] GC(31948) PSYoungGen: 82976K(84480K)->960K(84480K) Eden: 81920K(81920K)->0K(81920K) From: 1056K(2560K)->960K(2560K)
[13782.768s][info][gc,heap        ] GC(31948) ParOldGen: 335407K(335872K)->335455K(335872K)
[13782.768s][info][gc,metaspace   ] GC(31948) Metaspace: 62240K(62528K)->62240K(62528K) NonClass: 53207K(53440K)->53207K(53440K) Class: 9032K(9088K)->9032K(9088K)
[13782.768s][info][gc             ] GC(31948) Pause Young (Allocation Failure) 408M->328M(410M) 2.515ms
[13782.768s][info][gc,cpu         ] GC(31948) User=0.00s Sys=0.00s Real=0.01s
[13783.165s][info][gc,start       ] GC(31949) Pause Young (Allocation Failure)
[13783.167s][info][gc,heap        ] GC(31949) PSYoungGen: 82880K(84480K)->992K(84992K) Eden: 81920K(81920K)->0K(82944K) From: 960K(2560K)->992K(2048K)
[13783.167s][info][gc,heap        ] GC(31949) ParOldGen: 335455K(335872K)->335503K(335872K)
[13783.167s][info][gc,metaspace   ] GC(31949) Metaspace: 62240K(62528K)->62240K(62528K) NonClass: 53207K(53440K)->53207K(53440K) Class: 9032K(9088K)->9032K(9088K)
[13783.168s][info][gc             ] GC(31949) Pause Young (Allocation Failure) 408M->328M(411M) 2.514ms
[13783.168s][info][gc,cpu         ] GC(31949) User=0.00s Sys=0.00s Real=0.01s
[13783.528s][info][gc,start       ] GC(31950) Pause Young (Allocation Failure)
[13783.530s][info][gc,heap        ] GC(31950) PSYoungGen: 83936K(84992K)->384K(84992K) Eden: 82944K(82944K)->0K(82944K) From: 992K(2048K)->384K(2048K)
[13783.530s][info][gc,heap        ] GC(31950) ParOldGen: 335503K(335872K)->335551K(335872K)
[13783.530s][info][gc,metaspace   ] GC(31950) Metaspace: 62240K(62528K)->62240K(62528K) NonClass: 53207K(53440K)->53207K(53440K) Class: 9032K(9088K)->9032K(9088K)
[13783.530s][info][gc             ] GC(31950) Pause Young (Allocation Failure) 409M->328M(411M) 2.065ms
[13783.530s][info][gc,cpu         ] GC(31950) User=0.01s Sys=0.00s Real=0.00s
[13783.942s][info][gc,start       ] GC(31951) Pause Young (Allocation Failure)
[13783.944s][info][gc,heap        ] GC(31951) PSYoungGen: 83328K(84992K)->576K(84992K) Eden: 82944K(82944K)->0K(82944K) From: 384K(2048K)->576K(2048K)
[13783.944s][info][gc,heap        ] GC(31951) ParOldGen: 335551K(335872K)->335591K(335872K)
[13783.944s][info][gc,metaspace   ] GC(31951) Metaspace: 62240K(62528K)->62240K(62528K) NonClass: 53207K(53440K)->53207K(53440K) Class: 9032K(9088K)->9032K(9088K)
[13783.945s][info][gc             ] GC(31951) Pause Young (Allocation Failure) 409M->328M(411M) 2.166ms
[13783.945s][info][gc,cpu         ] GC(31951) User=0.00s Sys=0.00s Real=0.00s
[13784.373s][info][gc,start       ] GC(31952) Pause Young (Allocation Failure)
[13784.376s][info][gc,heap        ] GC(31952) PSYoungGen: 83520K(84992K)->960K(84992K) Eden: 82944K(82944K)->0K(82944K) From: 576K(2048K)->960K(2048K)
[13784.376s][info][gc,heap        ] GC(31952) ParOldGen: 335591K(335872K)->335639K(335872K)
[13784.376s][info][gc,metaspace   ] GC(31952) Metaspace: 62240K(62528K)->62240K(62528K) NonClass: 53207K(53440K)->53207K(53440K) Class: 9032K(9088K)->9032K(9088K)
[13784.376s][info][gc             ] GC(31952) Pause Young (Allocation Failure) 409M->328M(411M) 2.492ms
[13784.376s][info][gc,cpu         ] GC(31952) User=0.01s Sys=0.00s Real=0.00s
[13784.812s][info][gc,start       ] GC(31953) Pause Young (Allocation Failure)
[13784.815s][info][gc,heap        ] GC(31953) PSYoungGen: 83904K(84992K)->1568K(84992K) Eden: 82944K(82944K)->0K(82944K) From: 960K(2048K)->1568K(2048K)
[13784.815s][info][gc,heap        ] GC(31953) ParOldGen: 335639K(335872K)->335687K(335872K)
[13784.815s][info][gc,metaspace   ] GC(31953) Metaspace: 62240K(62528K)->62240K(62528K) NonClass: 53207K(53440K)->53207K(53440K) Class: 9032K(9088K)->9032K(9088K)
[13784.815s][info][gc             ] GC(31953) Pause Young (Allocation Failure) 409M->329M(411M) 3.045ms
[13784.815s][info][gc,cpu         ] GC(31953) User=0.01s Sys=0.00s Real=0.00s
[13785.224s][info][gc,start       ] GC(31954) Pause Young (Allocation Failure)
[13785.227s][info][gc,heap        ] GC(31954) PSYoungGen: 84512K(84992K)->1312K(84992K) Eden: 82944K(82944K)->0K(82944K) From: 1568K(2048K)->1312K(2048K)
[13785.227s][info][gc,heap        ] GC(31954) ParOldGen: 335687K(335872K)->336767K(337408K)
[13785.227s][info][gc,metaspace   ] GC(31954) Metaspace: 62240K(62528K)->62240K(62528K) NonClass: 53207K(53440K)->53207K(53440K) Class: 9032K(9088K)->9032K(9088K)
[13785.227s][info][gc             ] GC(31954) Pause Young (Allocation Failure) 410M->330M(412M) 2.646ms
[13785.227s][info][gc,cpu         ] GC(31954) User=0.00s Sys=0.00s Real=0.01s
[13785.665s][info][gc,start       ] GC(31955) Pause Young (Allocation Failure)
[13785.669s][info][gc,heap        ] GC(31955) PSYoungGen: 84256K(84992K)->864K(84992K) Eden: 82944K(82944K)->0K(82944K) From: 1312K(2048K)->864K(2048K)
[13785.669s][info][gc,heap        ] GC(31955) ParOldGen: 336767K(337408K)->338863K(338944K)
[13785.669s][info][gc,metaspace   ] GC(31955) Metaspace: 62240K(62528K)->62240K(62528K) NonClass: 53207K(53440K)->53207K(53440K) Class: 9032K(9088K)->9032K(9088K)
[13785.669s][info][gc             ] GC(31955) Pause Young (Allocation Failure) 411M->331M(414M) 3.573ms
[13785.669s][info][gc,cpu         ] GC(31955) User=0.01s Sys=0.00s Real=0.01s
[13786.120s][info][gc,start       ] GC(31956) Pause Young (Allocation Failure)
[13786.122s][info][gc,heap        ] GC(31956) PSYoungGen: 83808K(84992K)->256K(84992K) Eden: 82944K(82944K)->0K(82944K) From: 864K(2048K)->256K(2048K)
[13786.122s][info][gc,heap        ] GC(31956) ParOldGen: 338863K(338944K)->338911K(338944K)
[13786.122s][info][gc,metaspace   ] GC(31956) Metaspace: 62240K(62528K)->62240K(62528K) NonClass: 53207K(53440K)->53207K(53440K) Class: 9032K(9088K)->9032K(9088K)
[13786.122s][info][gc             ] GC(31956) Pause Young (Allocation Failure) 412M->331M(414M) 1.934ms
[13786.122s][info][gc,cpu         ] GC(31956) User=0.00s Sys=0.00s Real=0.00s
[13786.619s][info][gc,start       ] GC(31957) Pause Young (Allocation Failure)
[13786.621s][info][gc,heap        ] GC(31957) PSYoungGen: 83200K(84992K)->272K(84992K) Eden: 82944K(82944K)->0K(82944K) From: 256K(2048K)->272K(2048K)
[13786.621s][info][gc,heap        ] GC(31957) ParOldGen: 338911K(338944K)->338959K(339456K)
[13786.621s][info][gc,metaspace   ] GC(31957) Metaspace: 62240K(62528K)->62240K(62528K) NonClass: 53207K(53440K)->53207K(53440K) Class: 9032K(9088K)->9032K(9088K)
[13786.621s][info][gc             ] GC(31957) Pause Young (Allocation Failure) 412M->331M(414M) 2.009ms
[13786.621s][info][gc,cpu         ] GC(31957) User=0.00s Sys=0.00s Real=0.00s
[13786.995s][info][gc,start       ] GC(31958) Pause Young (Allocation Failure)
[13786.998s][info][gc,heap        ] GC(31958) PSYoungGen: 83216K(84992K)->1408K(84992K) Eden: 82944K(82944K)->0K(82944K) From: 272K(2048K)->1408K(2048K)
[13786.998s][info][gc,heap        ] GC(31958) ParOldGen: 338959K(339456K)->339055K(339456K)
[13786.998s][info][gc,metaspace   ] GC(31958) Metaspace: 62240K(62528K)->62240K(62528K) NonClass: 53207K(53440K)->53207K(53440K) Class: 9032K(9088K)->9032K(9088K)
[13786.998s][info][gc             ] GC(31958) Pause Young (Allocation Failure) 412M->332M(414M) 2.963ms
[13786.998s][info][gc,cpu         ] GC(31958) User=0.01s Sys=0.00s Real=0.01s
[13787.423s][info][gc,start       ] GC(31959) Pause Young (Allocation Failure)
[13787.425s][info][gc,heap        ] GC(31959) PSYoungGen: 84352K(84992K)->256K(84992K) Eden: 82944K(82944K)->0K(82944K) From: 1408K(2048K)->256K(2048K)
[13787.425s][info][gc,heap        ] GC(31959) ParOldGen: 339055K(339456K)->339103K(339456K)
[13787.425s][info][gc,metaspace   ] GC(31959) Metaspace: 62240K(62528K)->62240K(62528K) NonClass: 53207K(53440K)->53207K(53440K) Class: 9032K(9088K)->9032K(9088K)
[13787.425s][info][gc             ] GC(31959) Pause Young (Allocation Failure) 413M->331M(414M) 1.961ms
[13787.425s][info][gc,cpu         ] GC(31959) User=0.01s Sys=0.00s Real=0.00s
[13787.856s][info][gc,start       ] GC(31960) Pause Young (Allocation Failure)
[13787.858s][info][gc,heap        ] GC(31960) PSYoungGen: 83200K(84992K)->768K(84992K) Eden: 82944K(82944K)->0K(82944K) From: 256K(2048K)->768K(2048K)
[13787.858s][info][gc,heap        ] GC(31960) ParOldGen: 339103K(339456K)->339151K(339456K)
[13787.858s][info][gc,metaspace   ] GC(31960) Metaspace: 62240K(62528K)->62240K(62528K) NonClass: 53207K(53440K)->53207K(53440K) Class: 9032K(9088K)->9032K(9088K)
[13787.858s][info][gc             ] GC(31960) Pause Young (Allocation Failure) 412M->331M(414M) 2.437ms
[13787.858s][info][gc,cpu         ] GC(31960) User=0.01s Sys=0.00s Real=0.01s
[13788.310s][info][gc,start       ] GC(31961) Pause Young (Allocation Failure)
[13788.313s][info][gc,heap        ] GC(31961) PSYoungGen: 83712K(84992K)->1568K(83968K) Eden: 82944K(82944K)->0K(81920K) From: 768K(2048K)->1568K(2048K)
[13788.313s][info][gc,heap        ] GC(31961) ParOldGen: 339151K(339456K)->339199K(339456K)
[13788.313s][info][gc,metaspace   ] GC(31961) Metaspace: 62240K(62528K)->62240K(62528K) NonClass: 53207K(53440K)->53207K(53440K) Class: 9032K(9088K)->9032K(9088K)
[13788.313s][info][gc             ] GC(31961) Pause Young (Allocation Failure) 412M->332M(413M) 3.213ms
[13788.313s][info][gc,cpu         ] GC(31961) User=0.00s Sys=0.00s Real=0.00s
[13788.721s][info][gc,start       ] GC(31962) Pause Young (Allocation Failure)
[13788.723s][info][gc,heap        ] GC(31962) PSYoungGen: 83488K(83968K)->224K(84480K) Eden: 81920K(81920K)->0K(81920K) From: 1568K(2048K)->224K(2560K)
[13788.723s][info][gc,heap        ] GC(31962) ParOldGen: 339199K(339456K)->339247K(339456K)
[13788.723s][info][gc,metaspace   ] GC(31962) Metaspace: 62240K(62528K)->62240K(62528K) NonClass: 53207K(53440K)->53207K(53440K) Class: 9032K(9088K)->9032K(9088K)
[13788.723s][info][gc             ] GC(31962) Pause Young (Allocation Failure) 412M->331M(414M) 2.010ms
[13788.723s][info][gc,cpu         ] GC(31962) User=0.01s Sys=0.00s Real=0.00s
[13789.147s][info][gc,start       ] GC(31963) Pause Young (Allocation Failure)
[13789.150s][info][gc,heap        ] GC(31963) PSYoungGen: 82144K(84480K)->608K(84992K) Eden: 81920K(81920K)->0K(82432K) From: 224K(2560K)->608K(2560K)
[13789.150s][info][gc,heap        ] GC(31963) ParOldGen: 339247K(339456K)->339295K(339456K)
[13789.150s][info][gc,metaspace   ] GC(31963) Metaspace: 62240K(62528K)->62240K(62528K) NonClass: 53207K(53440K)->53207K(53440K) Class: 9032K(9088K)->9032K(9088K)
[13789.150s][info][gc             ] GC(31963) Pause Young (Allocation Failure) 411M->331M(414M) 2.228ms
[13789.150s][info][gc,cpu         ] GC(31963) User=0.01s Sys=0.00s Real=0.00s
[13789.594s][info][gc,start       ] GC(31964) Pause Young (Allocation Failure)
[13789.598s][info][gc,heap        ] GC(31964) PSYoungGen: 83040K(84992K)->1376K(84480K) Eden: 82432K(82432K)->0K(82432K) From: 608K(2560K)->1376K(2048K)
[13789.598s][info][gc,heap        ] GC(31964) ParOldGen: 339295K(339456K)->341399K(342528K)
[13789.598s][info][gc,metaspace   ] GC(31964) Metaspace: 62240K(62528K)->62240K(62528K) NonClass: 53207K(53440K)->53207K(53440K) Class: 9032K(9088K)->9032K(9088K)
[13789.599s][info][gc             ] GC(31964) Pause Young (Allocation Failure) 412M->334M(417M) 4.034ms
[13789.599s][info][gc,cpu         ] GC(31964) User=0.01s Sys=0.00s Real=0.01s
[13790.025s][info][gc,start       ] GC(31965) Pause Young (Allocation Failure)
[13790.027s][info][gc,heap        ] GC(31965) PSYoungGen: 83808K(84480K)->320K(84480K) Eden: 82432K(82432K)->0K(81920K) From: 1376K(2048K)->320K(2560K)
[13790.027s][info][gc,heap        ] GC(31965) ParOldGen: 341399K(342528K)->341455K(342528K)
[13790.027s][info][gc,metaspace   ] GC(31965) Metaspace: 62240K(62528K)->62240K(62528K) NonClass: 53207K(53440K)->53207K(53440K) Class: 9032K(9088K)->9032K(9088K)
[13790.027s][info][gc             ] GC(31965) Pause Young (Allocation Failure) 415M->333M(417M) 2.030ms
[13790.027s][info][gc,cpu         ] GC(31965) User=0.00s Sys=0.00s Real=0.01s
[13790.480s][info][gc,start       ] GC(31966) Pause Young (Allocation Failure)
[13790.483s][info][gc,heap        ] GC(31966) PSYoungGen: 82240K(84480K)->1088K(84480K) Eden: 81920K(81920K)->0K(81920K) From: 320K(2560K)->1088K(2560K)
[13790.483s][info][gc,heap        ] GC(31966) ParOldGen: 341455K(342528K)->341503K(342528K)
[13790.483s][info][gc,metaspace   ] GC(31966) Metaspace: 62240K(62528K)->62240K(62528K) NonClass: 53207K(53440K)->53207K(53440K) Class: 9032K(9088K)->9032K(9088K)
[13790.483s][info][gc             ] GC(31966) Pause Young (Allocation Failure) 413M->334M(417M) 2.682ms
[13790.483s][info][gc,cpu         ] GC(31966) User=0.01s Sys=0.00s Real=0.00s
[13790.850s][info][gc,start       ] GC(31967) Pause Young (Allocation Failure)
[13790.852s][info][gc,heap        ] GC(31967) PSYoungGen: 83008K(84480K)->800K(84992K) Eden: 81920K(81920K)->0K(82944K) From: 1088K(2560K)->800K(2048K)
[13790.852s][info][gc,heap        ] GC(31967) ParOldGen: 341503K(342528K)->341551K(342528K)
[13790.852s][info][gc,metaspace   ] GC(31967) Metaspace: 62240K(62528K)->62240K(62528K) NonClass: 53207K(53440K)->53207K(53440K) Class: 9032K(9088K)->9032K(9088K)
[13790.852s][info][gc             ] GC(31967) Pause Young (Allocation Failure) 414M->334M(417M) 2.449ms
[13790.852s][info][gc,cpu         ] GC(31967) User=0.01s Sys=0.00s Real=0.00s
[13791.297s][info][gc,start       ] GC(31968) Pause Young (Allocation Failure)
[13791.300s][info][gc,heap        ] GC(31968) PSYoungGen: 83744K(84992K)->1376K(84992K) Eden: 82944K(82944K)->0K(82944K) From: 800K(2048K)->1376K(2048K)
[13791.300s][info][gc,heap        ] GC(31968) ParOldGen: 341551K(342528K)->341599K(342528K)
[13791.300s][info][gc,metaspace   ] GC(31968) Metaspace: 62240K(62528K)->62240K(62528K) NonClass: 53207K(53440K)->53207K(53440K) Class: 9032K(9088K)->9032K(9088K)
[13791.300s][info][gc             ] GC(31968) Pause Young (Allocation Failure) 415M->334M(417M) 2.917ms
[13791.300s][info][gc,cpu         ] GC(31968) User=0.01s Sys=0.00s Real=0.00s
[13791.692s][info][gc,start       ] GC(31969) Pause Young (Allocation Failure)
[13791.695s][info][gc,heap        ] GC(31969) PSYoungGen: 84320K(84992K)->1120K(84992K) Eden: 82944K(82944K)->0K(82944K) From: 1376K(2048K)->1120K(2048K)
[13791.695s][info][gc,heap        ] GC(31969) ParOldGen: 341599K(342528K)->341655K(342528K)
[13791.695s][info][gc,metaspace   ] GC(31969) Metaspace: 62240K(62528K)->62240K(62528K) NonClass: 53207K(53440K)->53207K(53440K) Class: 9032K(9088K)->9032K(9088K)
[13791.695s][info][gc             ] GC(31969) Pause Young (Allocation Failure) 415M->334M(417M) 2.777ms
[13791.695s][info][gc,cpu         ] GC(31969) User=0.00s Sys=0.00s Real=0.00s
[13792.116s][info][gc,start       ] GC(31970) Pause Young (Allocation Failure)
[13792.119s][info][gc,heap        ] GC(31970) PSYoungGen: 84064K(84992K)->1760K(84992K) Eden: 82944K(82944K)->0K(82944K) From: 1120K(2048K)->1760K(2048K)
[13792.119s][info][gc,heap        ] GC(31970) ParOldGen: 341655K(342528K)->341703K(342528K)
[13792.119s][info][gc,metaspace   ] GC(31970) Metaspace: 62240K(62528K)->62240K(62528K) NonClass: 53207K(53440K)->53207K(53440K) Class: 9032K(9088K)->9032K(9088K)
[13792.119s][info][gc             ] GC(31970) Pause Young (Allocation Failure) 415M->335M(417M) 3.363ms
[13792.119s][info][gc,cpu         ] GC(31970) User=0.00s Sys=0.00s Real=0.01s
[13792.535s][info][gc,start       ] GC(31971) Pause Young (Allocation Failure)
[13792.537s][info][gc,heap        ] GC(31971) PSYoungGen: 84704K(84992K)->480K(83968K) Eden: 82944K(82944K)->0K(81920K) From: 1760K(2048K)->480K(2048K)
[13792.537s][info][gc,heap        ] GC(31971) ParOldGen: 341703K(342528K)->341751K(342528K)
[13792.537s][info][gc,metaspace   ] GC(31971) Metaspace: 62240K(62528K)->62240K(62528K) NonClass: 53207K(53440K)->53207K(53440K) Class: 9032K(9088K)->9032K(9088K)
[13792.537s][info][gc             ] GC(31971) Pause Young (Allocation Failure) 416M->334M(416M) 2.165ms
[13792.538s][info][gc,cpu         ] GC(31971) User=0.01s Sys=0.00s Real=0.01s
[13792.935s][info][gc,start       ] GC(31972) Pause Young (Allocation Failure)
[13792.937s][info][gc,heap        ] GC(31972) PSYoungGen: 82400K(83968K)->480K(84480K) Eden: 81920K(81920K)->0K(81920K) From: 480K(2048K)->480K(2560K)
[13792.937s][info][gc,heap        ] GC(31972) ParOldGen: 341751K(342528K)->341799K(342528K)
[13792.937s][info][gc,metaspace   ] GC(31972) Metaspace: 62240K(62528K)->62240K(62528K) NonClass: 53207K(53440K)->53207K(53440K) Class: 9032K(9088K)->9032K(9088K)
[13792.937s][info][gc             ] GC(31972) Pause Young (Allocation Failure) 414M->334M(417M) 2.096ms
[13792.937s][info][gc,cpu         ] GC(31972) User=0.00s Sys=0.00s Real=0.01s
[13793.340s][info][gc,start       ] GC(31973) Pause Young (Allocation Failure)
[13793.343s][info][gc,heap        ] GC(31973) PSYoungGen: 82400K(84480K)->608K(84992K) Eden: 81920K(81920K)->0K(82432K) From: 480K(2560K)->608K(2560K)
[13793.343s][info][gc,heap        ] GC(31973) ParOldGen: 341799K(342528K)->341847K(342528K)
[13793.343s][info][gc,metaspace   ] GC(31973) Metaspace: 62240K(62528K)->62240K(62528K) NonClass: 53207K(53440K)->53207K(53440K) Class: 9032K(9088K)->9032K(9088K)
[13793.343s][info][gc             ] GC(31973) Pause Young (Allocation Failure) 414M->334M(417M) 2.395ms
[13793.343s][info][gc,cpu         ] GC(31973) User=0.01s Sys=0.00s Real=0.00s
[13793.821s][info][gc,start       ] GC(31974) Pause Young (Allocation Failure)
[13793.823s][info][gc,heap        ] GC(31974) PSYoungGen: 83040K(84992K)->272K(84480K) Eden: 82432K(82432K)->0K(82432K) From: 608K(2560K)->272K(2048K)
[13793.823s][info][gc,heap        ] GC(31974) ParOldGen: 341847K(342528K)->341895K(342528K)
[13793.823s][info][gc,metaspace   ] GC(31974) Metaspace: 62240K(62528K)->62240K(62528K) NonClass: 53207K(53440K)->53207K(53440K) Class: 9032K(9088K)->9032K(9088K)
[13793.823s][info][gc             ] GC(31974) Pause Young (Allocation Failure) 414M->334M(417M) 2.062ms
[13793.823s][info][gc,cpu         ] GC(31974) User=0.00s Sys=0.00s Real=0.00s
[13794.262s][info][gc,start       ] GC(31975) Pause Young (Allocation Failure)
[13794.265s][info][gc,heap        ] GC(31975) PSYoungGen: 82704K(84480K)->1760K(83968K) Eden: 82432K(82432K)->0K(81920K) From: 272K(2048K)->1760K(2048K)
[13794.265s][info][gc,heap        ] GC(31975) ParOldGen: 341895K(342528K)->344047K(344064K)
[13794.265s][info][gc,metaspace   ] GC(31975) Metaspace: 62240K(62528K)->62240K(62528K) NonClass: 53207K(53440K)->53207K(53440K) Class: 9032K(9088K)->9032K(9088K)
[13794.265s][info][gc             ] GC(31975) Pause Young (Allocation Failure) 414M->337M(418M) 3.626ms
[13794.265s][info][gc,cpu         ] GC(31975) User=0.00s Sys=0.00s Real=0.00s
[13794.695s][info][gc,start       ] GC(31976) Pause Young (Allocation Failure)
[13794.699s][info][gc,heap        ] GC(31976) PSYoungGen: 83680K(83968K)->1408K(84480K) Eden: 81920K(81920K)->0K(81920K) From: 1760K(2048K)->1408K(2560K)
[13794.699s][info][gc,heap        ] GC(31976) ParOldGen: 344047K(344064K)->346151K(347136K)
[13794.699s][info][gc,metaspace   ] GC(31976) Metaspace: 62240K(62528K)->62240K(62528K) NonClass: 53207K(53440K)->53207K(53440K) Class: 9032K(9088K)->9032K(9088K)
[13794.699s][info][gc             ] GC(31976) Pause Young (Allocation Failure) 417M->339M(421M) 4.183ms
[13794.699s][info][gc,cpu         ] GC(31976) User=0.00s Sys=0.00s Real=0.01s
[13795.131s][info][gc,start       ] GC(31977) Pause Young (Allocation Failure)
[13795.134s][info][gc,heap        ] GC(31977) PSYoungGen: 83328K(84480K)->416K(84480K) Eden: 81920K(81920K)->0K(81920K) From: 1408K(2560K)->416K(2560K)
[13795.134s][info][gc,heap        ] GC(31977) ParOldGen: 346151K(347136K)->346199K(347136K)
[13795.134s][info][gc,metaspace   ] GC(31977) Metaspace: 62240K(62528K)->62240K(62528K) NonClass: 53207K(53440K)->53207K(53440K) Class: 9032K(9088K)->9032K(9088K)
[13795.134s][info][gc             ] GC(31977) Pause Young (Allocation Failure) 419M->338M(421M) 2.176ms
[13795.134s][info][gc,cpu         ] GC(31977) User=0.00s Sys=0.00s Real=0.00s
[13795.573s][info][gc,start       ] GC(31978) Pause Young (Allocation Failure)
[13795.575s][info][gc,heap        ] GC(31978) PSYoungGen: 82336K(84480K)->928K(84480K) Eden: 81920K(81920K)->0K(81920K) From: 416K(2560K)->928K(2560K)
[13795.575s][info][gc,heap        ] GC(31978) ParOldGen: 346199K(347136K)->346255K(347136K)
[13795.575s][info][gc,metaspace   ] GC(31978) Metaspace: 62240K(62528K)->62240K(62528K) NonClass: 53207K(53440K)->53207K(53440K) Class: 9032K(9088K)->9032K(9088K)
[13795.575s][info][gc             ] GC(31978) Pause Young (Allocation Failure) 418M->339M(421M) 2.469ms
[13795.575s][info][gc,cpu         ] GC(31978) User=0.00s Sys=0.00s Real=0.00s
[13796.015s][info][gc,start       ] GC(31979) Pause Young (Allocation Failure)
[13796.018s][info][gc,heap        ] GC(31979) PSYoungGen: 82848K(84480K)->1600K(84480K) Eden: 81920K(81920K)->0K(81920K) From: 928K(2560K)->1600K(2560K)
[13796.018s][info][gc,heap        ] GC(31979) ParOldGen: 346255K(347136K)->346311K(347136K)
[13796.018s][info][gc,metaspace   ] GC(31979) Metaspace: 62240K(62528K)->62240K(62528K) NonClass: 53207K(53440K)->53207K(53440K) Class: 9032K(9088K)->9032K(9088K)
[13796.018s][info][gc             ] GC(31979) Pause Young (Allocation Failure) 419M->339M(421M) 3.130ms
[13796.018s][info][gc,cpu         ] GC(31979) User=0.01s Sys=0.00s Real=0.01s
[13796.438s][info][gc,start       ] GC(31980) Pause Young (Allocation Failure)
[13796.440s][info][gc,heap        ] GC(31980) PSYoungGen: 83520K(84480K)->512K(84480K) Eden: 81920K(81920K)->0K(81920K) From: 1600K(2560K)->512K(2560K)
[13796.440s][info][gc,heap        ] GC(31980) ParOldGen: 346311K(347136K)->346367K(347136K)
[13796.440s][info][gc,metaspace   ] GC(31980) Metaspace: 62240K(62528K)->62240K(62528K) NonClass: 53207K(53440K)->53207K(53440K) Class: 9032K(9088K)->9032K(9088K)
[13796.440s][info][gc             ] GC(31980) Pause Young (Allocation Failure) 419M->338M(421M) 2.271ms
[13796.440s][info][gc,cpu         ] GC(31980) User=0.00s Sys=0.00s Real=0.00s
[13796.838s][info][gc,start       ] GC(31981) Pause Young (Allocation Failure)
[13796.840s][info][gc,heap        ] GC(31981) PSYoungGen: 82432K(84480K)->512K(84480K) Eden: 81920K(81920K)->0K(81920K) From: 512K(2560K)->512K(2560K)
[13796.840s][info][gc,heap        ] GC(31981) ParOldGen: 346367K(347136K)->346423K(347136K)
[13796.840s][info][gc,metaspace   ] GC(31981) Metaspace: 62240K(62528K)->62240K(62528K) NonClass: 53207K(53440K)->53207K(53440K) Class: 9032K(9088K)->9032K(9088K)
[13796.840s][info][gc             ] GC(31981) Pause Young (Allocation Failure) 418M->338M(421M) 2.212ms
[13796.840s][info][gc,cpu         ] GC(31981) User=0.01s Sys=0.00s Real=0.00s
[13797.265s][info][gc,start       ] GC(31982) Pause Young (Allocation Failure)
[13797.267s][info][gc,heap        ] GC(31982) PSYoungGen: 82432K(84480K)->864K(84480K) Eden: 81920K(81920K)->0K(81920K) From: 512K(2560K)->864K(2560K)
[13797.267s][info][gc,heap        ] GC(31982) ParOldGen: 346423K(347136K)->346471K(347136K)
[13797.267s][info][gc,metaspace   ] GC(31982) Metaspace: 62240K(62528K)->62240K(62528K) NonClass: 53207K(53440K)->53207K(53440K) Class: 9032K(9088K)->9032K(9088K)
[13797.267s][info][gc             ] GC(31982) Pause Young (Allocation Failure) 418M->339M(421M) 2.533ms
[13797.267s][info][gc,cpu         ] GC(31982) User=0.01s Sys=0.00s Real=0.01s
[13797.700s][info][gc,start       ] GC(31983) Pause Young (Allocation Failure)
[13797.702s][info][gc,heap        ] GC(31983) PSYoungGen: 82784K(84480K)->1408K(83968K) Eden: 81920K(81920K)->0K(81920K) From: 864K(2560K)->1408K(2048K)
[13797.703s][info][gc,heap        ] GC(31983) ParOldGen: 346471K(347136K)->346527K(347136K)
[13797.703s][info][gc,metaspace   ] GC(31983) Metaspace: 62240K(62528K)->62240K(62528K) NonClass: 53207K(53440K)->53207K(53440K) Class: 9032K(9088K)->9032K(9088K)
[13797.703s][info][gc             ] GC(31983) Pause Young (Allocation Failure) 419M->339M(421M) 2.957ms
[13797.703s][info][gc,cpu         ] GC(31983) User=0.01s Sys=0.00s Real=0.00s
[13798.136s][info][gc,start       ] GC(31984) Pause Young (Allocation Failure)
[13798.139s][info][gc,heap        ] GC(31984) PSYoungGen: 83328K(83968K)->480K(84480K) Eden: 81920K(81920K)->0K(81920K) From: 1408K(2048K)->480K(2560K)
[13798.139s][info][gc,heap        ] GC(31984) ParOldGen: 346527K(347136K)->346583K(347136K)
[13798.139s][info][gc,metaspace   ] GC(31984) Metaspace: 62240K(62528K)->62240K(62528K) NonClass: 53207K(53440K)->53207K(53440K) Class: 9032K(9088K)->9032K(9088K)
[13798.139s][info][gc             ] GC(31984) Pause Young (Allocation Failure) 419M->338M(421M) 2.263ms
[13798.139s][info][gc,cpu         ] GC(31984) User=0.00s Sys=0.00s Real=0.00s
[13798.565s][info][gc,start       ] GC(31985) Pause Young (Allocation Failure)
[13798.567s][info][gc,heap        ] GC(31985) PSYoungGen: 82400K(84480K)->960K(84992K) Eden: 81920K(81920K)->0K(82432K) From: 480K(2560K)->960K(2560K)
[13798.567s][info][gc,heap        ] GC(31985) ParOldGen: 346583K(347136K)->346639K(347136K)
[13798.567s][info][gc,metaspace   ] GC(31985) Metaspace: 62240K(62528K)->62240K(62528K) NonClass: 53207K(53440K)->53207K(53440K) Class: 9032K(9088K)->9032K(9088K)
[13798.568s][info][gc             ] GC(31985) Pause Young (Allocation Failure) 418M->339M(422M) 2.613ms
[13798.568s][info][gc,cpu         ] GC(31985) User=0.00s Sys=0.00s Real=0.01s
[13798.981s][info][gc,start       ] GC(31986) Pause Young (Allocation Failure)
[13798.984s][info][gc,heap        ] GC(31986) PSYoungGen: 83392K(84992K)->1152K(84480K) Eden: 82432K(82432K)->0K(82432K) From: 960K(2560K)->1152K(2048K)
[13798.984s][info][gc,heap        ] GC(31986) ParOldGen: 346639K(347136K)->346695K(347136K)
[13798.984s][info][gc,metaspace   ] GC(31986) Metaspace: 62240K(62528K)->62240K(62528K) NonClass: 53207K(53440K)->53207K(53440K) Class: 9032K(9088K)->9032K(9088K)
[13798.984s][info][gc             ] GC(31986) Pause Young (Allocation Failure) 419M->339M(421M) 2.858ms
[13798.984s][info][gc,cpu         ] GC(31986) User=0.00s Sys=0.00s Real=0.00s
[13799.396s][info][gc,start       ] GC(31987) Pause Young (Allocation Failure)
[13799.399s][info][gc,heap        ] GC(31987) PSYoungGen: 83584K(84480K)->1312K(84992K) Eden: 82432K(82432K)->0K(82944K) From: 1152K(2048K)->1312K(2048K)
[13799.399s][info][gc,heap        ] GC(31987) ParOldGen: 346695K(347136K)->346743K(347136K)
[13799.399s][info][gc,metaspace   ] GC(31987) Metaspace: 62240K(62528K)->62240K(62528K) NonClass: 53207K(53440K)->53207K(53440K) Class: 9032K(9088K)->9032K(9088K)
[13799.399s][info][gc             ] GC(31987) Pause Young (Allocation Failure) 420M->339M(422M) 2.859ms
[13799.399s][info][gc,cpu         ] GC(31987) User=0.00s Sys=0.00s Real=0.00s
[13799.833s][info][gc,start       ] GC(31988) Pause Young (Allocation Failure)
[13799.835s][info][gc,heap        ] GC(31988) PSYoungGen: 84256K(84992K)->384K(84992K) Eden: 82944K(82944K)->0K(82944K) From: 1312K(2048K)->384K(2048K)
[13799.835s][info][gc,heap        ] GC(31988) ParOldGen: 346743K(347136K)->346791K(347136K)
[13799.835s][info][gc,metaspace   ] GC(31988) Metaspace: 62240K(62528K)->62240K(62528K) NonClass: 53207K(53440K)->53207K(53440K) Class: 9032K(9088K)->9032K(9088K)
[13799.835s][info][gc             ] GC(31988) Pause Young (Allocation Failure) 420M->339M(422M) 2.094ms
[13799.835s][info][gc,cpu         ] GC(31988) User=0.01s Sys=0.00s Real=0.00s
[13800.272s][info][gc,start       ] GC(31989) Pause Young (Allocation Failure)
[13800.275s][info][gc,heap        ] GC(31989) PSYoungGen: 83328K(84992K)->960K(84992K) Eden: 82944K(82944K)->0K(82944K) From: 384K(2048K)->960K(2048K)
[13800.275s][info][gc,heap        ] GC(31989) ParOldGen: 346791K(347136K)->346839K(347136K)
[13800.275s][info][gc,metaspace   ] GC(31989) Metaspace: 62240K(62528K)->62240K(62528K) NonClass: 53207K(53440K)->53207K(53440K) Class: 9032K(9088K)->9032K(9088K)
[13800.275s][info][gc             ] GC(31989) Pause Young (Allocation Failure) 420M->339M(422M) 2.531ms
[13800.275s][info][gc,cpu         ] GC(31989) User=0.00s Sys=0.00s Real=0.00s
[13800.717s][info][gc,start       ] GC(31990) Pause Young (Allocation Failure)
[13800.721s][info][gc,heap        ] GC(31990) PSYoungGen: 83904K(84992K)->1664K(84992K) Eden: 82944K(82944K)->0K(82944K) From: 960K(2048K)->1664K(2048K)
[13800.721s][info][gc,heap        ] GC(31990) ParOldGen: 346839K(347136K)->346887K(347136K)
[13800.721s][info][gc,metaspace   ] GC(31990) Metaspace: 62240K(62528K)->62240K(62528K) NonClass: 53207K(53440K)->53207K(53440K) Class: 9032K(9088K)->9032K(9088K)
[13800.721s][info][gc             ] GC(31990) Pause Young (Allocation Failure) 420M->340M(422M) 3.228ms
[13800.721s][info][gc,cpu         ] GC(31990) User=0.00s Sys=0.00s Real=0.00s
[13801.187s][info][gc,start       ] GC(31991) Pause Young (Allocation Failure)
[13801.190s][info][gc,heap        ] GC(31991) PSYoungGen: 84608K(84992K)->1200K(83968K) Eden: 82944K(82944K)->0K(81920K) From: 1664K(2048K)->1200K(2048K)
[13801.190s][info][gc,heap        ] GC(31991) ParOldGen: 346887K(347136K)->346943K(347136K)
[13801.190s][info][gc,metaspace   ] GC(31991) Metaspace: 62240K(62528K)->62240K(62528K) NonClass: 53207K(53440K)->53207K(53440K) Class: 9032K(9088K)->9032K(9088K)
[13801.190s][info][gc             ] GC(31991) Pause Young (Allocation Failure) 421M->339M(421M) 2.976ms
[13801.190s][info][gc,cpu         ] GC(31991) User=0.01s Sys=0.00s Real=0.00s
[13801.631s][info][gc,start       ] GC(31992) Pause Young (Allocation Failure)
[13801.633s][info][gc,heap        ] GC(31992) PSYoungGen: 83120K(83968K)->384K(84480K) Eden: 81920K(81920K)->0K(81920K) From: 1200K(2048K)->384K(2560K)
[13801.633s][info][gc,heap        ] GC(31992) ParOldGen: 346943K(347136K)->347048K(347136K)
[13801.633s][info][gc,metaspace   ] GC(31992) Metaspace: 62240K(62528K)->62240K(62528K) NonClass: 53207K(53440K)->53207K(53440K) Class: 9032K(9088K)->9032K(9088K)
[13801.633s][info][gc             ] GC(31992) Pause Young (Allocation Failure) 419M->339M(421M) 2.295ms
[13801.633s][info][gc,cpu         ] GC(31992) User=0.01s Sys=0.00s Real=0.00s
[13802.076s][info][gc,start       ] GC(31993) Pause Young (Allocation Failure)
[13802.078s][info][gc,heap        ] GC(31993) PSYoungGen: 82304K(84480K)->1056K(84992K) Eden: 81920K(81920K)->0K(82432K) From: 384K(2560K)->1056K(2560K)
[13802.078s][info][gc,heap        ] GC(31993) ParOldGen: 347048K(347136K)->347096K(347136K)
[13802.078s][info][gc,metaspace   ] GC(31993) Metaspace: 62240K(62528K)->62240K(62528K) NonClass: 53207K(53440K)->53207K(53440K) Class: 9032K(9088K)->9032K(9088K)
[13802.078s][info][gc             ] GC(31993) Pause Young (Allocation Failure) 419M->339M(422M) 2.571ms
[13802.078s][info][gc,cpu         ] GC(31993) User=0.01s Sys=0.00s Real=0.01s
[13802.467s][info][gc,start       ] GC(31994) Pause Young (Allocation Failure)
[13802.470s][info][gc,heap        ] GC(31994) PSYoungGen: 83488K(84992K)->960K(84480K) Eden: 82432K(82432K)->0K(82432K) From: 1056K(2560K)->960K(2048K)
[13802.470s][info][gc,heap        ] GC(31994) ParOldGen: 347096K(347136K)->347144K(347648K)
[13802.470s][info][gc,metaspace   ] GC(31994) Metaspace: 62240K(62528K)->62240K(62528K) NonClass: 53207K(53440K)->53207K(53440K) Class: 9032K(9088K)->9032K(9088K)
[13802.470s][info][gc             ] GC(31994) Pause Young (Allocation Failure) 420M->339M(422M) 2.589ms
[13802.470s][info][gc,cpu         ] GC(31994) User=0.00s Sys=0.00s Real=0.00s
[13802.891s][info][gc,start       ] GC(31995) Pause Young (Allocation Failure)
[13802.894s][info][gc,heap        ] GC(31995) PSYoungGen: 83392K(84480K)->1312K(84992K) Eden: 82432K(82432K)->0K(82944K) From: 960K(2048K)->1312K(2048K)
[13802.894s][info][gc,heap        ] GC(31995) ParOldGen: 347144K(347648K)->347200K(347648K)
[13802.894s][info][gc,metaspace   ] GC(31995) Metaspace: 62240K(62528K)->62240K(62528K) NonClass: 53207K(53440K)->53207K(53440K) Class: 9032K(9088K)->9032K(9088K)
[13802.894s][info][gc             ] GC(31995) Pause Young (Allocation Failure) 420M->340M(422M) 2.956ms
[13802.894s][info][gc,cpu         ] GC(31995) User=0.01s Sys=0.00s Real=0.00s
[13803.297s][info][gc,start       ] GC(31996) Pause Young (Allocation Failure)
[13803.301s][info][gc,heap        ] GC(31996) PSYoungGen: 84256K(84992K)->1440K(84992K) Eden: 82944K(82944K)->0K(82944K) From: 1312K(2048K)->1440K(2048K)
[13803.301s][info][gc,heap        ] GC(31996) ParOldGen: 347200K(347648K)->349296K(350720K)
[13803.301s][info][gc,metaspace   ] GC(31996) Metaspace: 62240K(62528K)->62240K(62528K) NonClass: 53207K(53440K)->53207K(53440K) Class: 9032K(9088K)->9032K(9088K)
[13803.301s][info][gc             ] GC(31996) Pause Young (Allocation Failure) 421M->342M(425M) 4.046ms
[13803.301s][info][gc,cpu         ] GC(31996) User=0.01s Sys=0.00s Real=0.00s
[13803.730s][info][gc,start       ] GC(31997) Pause Young (Allocation Failure)
[13803.732s][info][gc,heap        ] GC(31997) PSYoungGen: 84384K(84992K)->416K(84992K) Eden: 82944K(82944K)->0K(82944K) From: 1440K(2048K)->416K(2048K)
[13803.732s][info][gc,heap        ] GC(31997) ParOldGen: 349296K(350720K)->349344K(350720K)
[13803.732s][info][gc,metaspace   ] GC(31997) Metaspace: 62240K(62528K)->62240K(62528K) NonClass: 53207K(53440K)->53207K(53440K) Class: 9032K(9088K)->9032K(9088K)
[13803.732s][info][gc             ] GC(31997) Pause Young (Allocation Failure) 423M->341M(425M) 2.150ms
[13803.732s][info][gc,cpu         ] GC(31997) User=0.00s Sys=0.00s Real=0.00s
[13804.189s][info][gc,start       ] GC(31998) Pause Young (Allocation Failure)
[13804.191s][info][gc,heap        ] GC(31998) PSYoungGen: 83360K(84992K)->1312K(84992K) Eden: 82944K(82944K)->0K(82944K) From: 416K(2048K)->1312K(2048K)
[13804.191s][info][gc,heap        ] GC(31998) ParOldGen: 349344K(350720K)->349392K(350720K)
[13804.191s][info][gc,metaspace   ] GC(31998) Metaspace: 62240K(62528K)->62240K(62528K) NonClass: 53207K(53440K)->53207K(53440K) Class: 9032K(9088K)->9032K(9088K)
[13804.192s][info][gc             ] GC(31998) Pause Young (Allocation Failure) 422M->342M(425M) 2.848ms
[13804.192s][info][gc,cpu         ] GC(31998) User=0.01s Sys=0.00s Real=0.00s
[13804.613s][info][gc,start       ] GC(31999) Pause Young (Allocation Failure)
[13804.616s][info][gc,heap        ] GC(31999) PSYoungGen: 84256K(84992K)->1696K(83968K) Eden: 82944K(82944K)->0K(81920K) From: 1312K(2048K)->1696K(2048K)
[13804.616s][info][gc,heap        ] GC(31999) ParOldGen: 349392K(350720K)->349440K(350720K)
[13804.616s][info][gc,metaspace   ] GC(31999) Metaspace: 62240K(62528K)->62240K(62528K) NonClass: 53207K(53440K)->53207K(53440K) Class: 9032K(9088K)->9032K(9088K)
[13804.616s][info][gc             ] GC(31999) Pause Young (Allocation Failure) 423M->342M(424M) 3.220ms
[13804.616s][info][gc,cpu         ] GC(31999) User=0.01s Sys=0.00s Real=0.00s
[13805.023s][info][gc,start       ] GC(32000) Pause Young (Allocation Failure)
[13805.025s][info][gc,heap        ] GC(32000) PSYoungGen: 83616K(83968K)->288K(84480K) Eden: 81920K(81920K)->0K(81920K) From: 1696K(2048K)->288K(2560K)
[13805.025s][info][gc,heap        ] GC(32000) ParOldGen: 349440K(350720K)->349496K(350720K)
[13805.025s][info][gc,metaspace   ] GC(32000) Metaspace: 62240K(62528K)->62240K(62528K) NonClass: 53207K(53440K)->53207K(53440K) Class: 9032K(9088K)->9032K(9088K)
[13805.025s][info][gc             ] GC(32000) Pause Young (Allocation Failure) 422M->341M(425M) 2.058ms
[13805.025s][info][gc,cpu         ] GC(32000) User=0.00s Sys=0.00s Real=0.00s
[13805.456s][info][gc,start       ] GC(32001) Pause Young (Allocation Failure)
[13805.458s][info][gc,heap        ] GC(32001) PSYoungGen: 82208K(84480K)->800K(84480K) Eden: 81920K(81920K)->0K(81920K) From: 288K(2560K)->800K(2560K)
[13805.458s][info][gc,heap        ] GC(32001) ParOldGen: 349496K(350720K)->349552K(350720K)
[13805.458s][info][gc,metaspace   ] GC(32001) Metaspace: 62240K(62528K)->62240K(62528K) NonClass: 53207K(53440K)->53207K(53440K) Class: 9032K(9088K)->9032K(9088K)
[13805.458s][info][gc             ] GC(32001) Pause Young (Allocation Failure) 421M->342M(425M) 2.401ms
[13805.458s][info][gc,cpu         ] GC(32001) User=0.00s Sys=0.00s Real=0.01s
[13805.886s][info][gc,start       ] GC(32002) Pause Young (Allocation Failure)
[13805.889s][info][gc,heap        ] GC(32002) PSYoungGen: 82720K(84480K)->1312K(84480K) Eden: 81920K(81920K)->0K(81920K) From: 800K(2560K)->1312K(2560K)
[13805.889s][info][gc,heap        ] GC(32002) ParOldGen: 349552K(350720K)->349608K(350720K)
[13805.889s][info][gc,metaspace   ] GC(32002) Metaspace: 62240K(62528K)->62240K(62528K) NonClass: 53207K(53440K)->53207K(53440K) Class: 9032K(9088K)->9032K(9088K)
[13805.889s][info][gc             ] GC(32002) Pause Young (Allocation Failure) 422M->342M(425M) 2.880ms
[13805.889s][info][gc,cpu         ] GC(32002) User=0.00s Sys=0.00s Real=0.01s
[13806.309s][info][gc,start       ] GC(32003) Pause Young (Allocation Failure)
[13806.313s][info][gc,heap        ] GC(32003) PSYoungGen: 83232K(84480K)->1632K(84480K) Eden: 81920K(81920K)->0K(81920K) From: 1312K(2560K)->1632K(2560K)
[13806.313s][info][gc,heap        ] GC(32003) ParOldGen: 349608K(350720K)->349664K(350720K)
[13806.313s][info][gc,metaspace   ] GC(32003) Metaspace: 62240K(62528K)->62240K(62528K) NonClass: 53207K(53440K)->53207K(53440K) Class: 9032K(9088K)->9032K(9088K)
[13806.313s][info][gc             ] GC(32003) Pause Young (Allocation Failure) 422M->343M(425M) 3.161ms
[13806.313s][info][gc,cpu         ] GC(32003) User=0.00s Sys=0.00s Real=0.00s
[13806.716s][info][gc,start       ] GC(32004) Pause Young (Allocation Failure)
[13806.719s][info][gc,heap        ] GC(32004) PSYoungGen: 83552K(84480K)->1760K(84480K) Eden: 81920K(81920K)->0K(81920K) From: 1632K(2560K)->1760K(2560K)
[13806.719s][info][gc,heap        ] GC(32004) ParOldGen: 349664K(350720K)->349712K(350720K)
[13806.719s][info][gc,metaspace   ] GC(32004) Metaspace: 62240K(62528K)->62240K(62528K) NonClass: 53207K(53440K)->53207K(53440K) Class: 9032K(9088K)->9032K(9088K)
[13806.719s][info][gc             ] GC(32004) Pause Young (Allocation Failure) 423M->343M(425M) 3.334ms
[13806.719s][info][gc,cpu         ] GC(32004) User=0.01s Sys=0.00s Real=0.01s
[13807.136s][info][gc,start       ] GC(32005) Pause Young (Allocation Failure)
[13807.138s][info][gc,heap        ] GC(32005) PSYoungGen: 83680K(84480K)->480K(84480K) Eden: 81920K(81920K)->0K(81920K) From: 1760K(2560K)->480K(2560K)
[13807.138s][info][gc,heap        ] GC(32005) ParOldGen: 349712K(350720K)->349760K(350720K)
[13807.138s][info][gc,metaspace   ] GC(32005) Metaspace: 62240K(62528K)->62240K(62528K) NonClass: 53207K(53440K)->53207K(53440K) Class: 9032K(9088K)->9032K(9088K)
[13807.138s][info][gc             ] GC(32005) Pause Young (Allocation Failure) 423M->342M(425M) 2.107ms
[13807.138s][info][gc,cpu         ] GC(32005) User=0.00s Sys=0.00s Real=0.01s
[13807.578s][info][gc,start       ] GC(32006) Pause Young (Allocation Failure)
[13807.581s][info][gc,heap        ] GC(32006) PSYoungGen: 82400K(84480K)->2112K(84480K) Eden: 81920K(81920K)->0K(81920K) From: 480K(2560K)->2112K(2560K)
[13807.581s][info][gc,heap        ] GC(32006) ParOldGen: 349760K(350720K)->350840K(352256K)
[13807.581s][info][gc,metaspace   ] GC(32006) Metaspace: 62240K(62528K)->62240K(62528K) NonClass: 53207K(53440K)->53207K(53440K) Class: 9032K(9088K)->9032K(9088K)
[13807.581s][info][gc             ] GC(32006) Pause Young (Allocation Failure) 422M->344M(426M) 3.355ms
[13807.581s][info][gc,cpu         ] GC(32006) User=0.01s Sys=0.00s Real=0.00s
[13808.068s][info][gc,start       ] GC(32007) Pause Young (Allocation Failure)
[13808.072s][info][gc,heap        ] GC(32007) PSYoungGen: 84032K(84480K)->656K(83456K) Eden: 81920K(81920K)->0K(80896K) From: 2112K(2560K)->656K(2560K)
[13808.072s][info][gc,heap        ] GC(32007) ParOldGen: 350840K(352256K)->352944K(353792K)
[13808.072s][info][gc,metaspace   ] GC(32007) Metaspace: 62240K(62528K)->62240K(62528K) NonClass: 53207K(53440K)->53207K(53440K) Class: 9032K(9088K)->9032K(9088K)
[13808.072s][info][gc             ] GC(32007) Pause Young (Allocation Failure) 424M->345M(427M) 3.415ms
[13808.072s][info][gc,cpu         ] GC(32007) User=0.00s Sys=0.00s Real=0.00s
[13808.499s][info][gc,start       ] GC(32008) Pause Young (Allocation Failure)
[13808.502s][info][gc,heap        ] GC(32008) PSYoungGen: 81552K(83456K)->1376K(83968K) Eden: 80896K(80896K)->0K(80896K) From: 656K(2560K)->1376K(3072K)
[13808.502s][info][gc,heap        ] GC(32008) ParOldGen: 352944K(353792K)->353048K(353792K)
[13808.502s][info][gc,metaspace   ] GC(32008) Metaspace: 62240K(62528K)->62240K(62528K) NonClass: 53207K(53440K)->53207K(53440K) Class: 9032K(9088K)->9032K(9088K)
[13808.502s][info][gc             ] GC(32008) Pause Young (Allocation Failure) 424M->346M(427M) 3.071ms
[13808.502s][info][gc,cpu         ] GC(32008) User=0.00s Sys=0.00s Real=0.00s
[13808.915s][info][gc,start       ] GC(32009) Pause Young (Allocation Failure)
[13808.918s][info][gc,heap        ] GC(32009) PSYoungGen: 82272K(83968K)->1664K(83456K) Eden: 80896K(80896K)->0K(80896K) From: 1376K(3072K)->1664K(2560K)
[13808.919s][info][gc,heap        ] GC(32009) ParOldGen: 353048K(353792K)->353104K(353792K)
[13808.919s][info][gc,metaspace   ] GC(32009) Metaspace: 62240K(62528K)->62240K(62528K) NonClass: 53207K(53440K)->53207K(53440K) Class: 9032K(9088K)->9032K(9088K)
[13808.919s][info][gc             ] GC(32009) Pause Young (Allocation Failure) 425M->346M(427M) 3.207ms
[13808.919s][info][gc,cpu         ] GC(32009) User=0.00s Sys=0.00s Real=0.01s
[13809.337s][info][gc,start       ] GC(32010) Pause Young (Allocation Failure)
[13809.339s][info][gc,heap        ] GC(32010) PSYoungGen: 82560K(83456K)->448K(83968K) Eden: 80896K(80896K)->0K(80896K) From: 1664K(2560K)->448K(3072K)
[13809.339s][info][gc,heap        ] GC(32010) ParOldGen: 353104K(353792K)->353160K(353792K)
[13809.339s][info][gc,metaspace   ] GC(32010) Metaspace: 62240K(62528K)->62240K(62528K) NonClass: 53207K(53440K)->53207K(53440K) Class: 9032K(9088K)->9032K(9088K)
[13809.339s][info][gc             ] GC(32010) Pause Young (Allocation Failure) 425M->345M(427M) 2.148ms
[13809.340s][info][gc,cpu         ] GC(32010) User=0.00s Sys=0.00s Real=0.00s
[13809.731s][info][gc,start       ] GC(32011) Pause Young (Allocation Failure)
[13809.733s][info][gc,heap        ] GC(32011) PSYoungGen: 81344K(83968K)->416K(84480K) Eden: 80896K(80896K)->0K(81408K) From: 448K(3072K)->416K(3072K)
[13809.733s][info][gc,heap        ] GC(32011) ParOldGen: 353160K(353792K)->353216K(353792K)
[13809.733s][info][gc,metaspace   ] GC(32011) Metaspace: 62240K(62528K)->62240K(62528K) NonClass: 53207K(53440K)->53207K(53440K) Class: 9032K(9088K)->9032K(9088K)
[13809.733s][info][gc             ] GC(32011) Pause Young (Allocation Failure) 424M->345M(428M) 2.258ms
[13809.733s][info][gc,cpu         ] GC(32011) User=0.01s Sys=0.00s Real=0.00s
[13810.153s][info][gc,start       ] GC(32012) Pause Young (Allocation Failure)
[13810.155s][info][gc,heap        ] GC(32012) PSYoungGen: 81824K(84480K)->704K(83968K) Eden: 81408K(81408K)->0K(81408K) From: 416K(3072K)->704K(2560K)
[13810.156s][info][gc,heap        ] GC(32012) ParOldGen: 353216K(353792K)->353272K(353792K)
[13810.156s][info][gc,metaspace   ] GC(32012) Metaspace: 62240K(62528K)->62240K(62528K) NonClass: 53207K(53440K)->53207K(53440K) Class: 9032K(9088K)->9032K(9088K)
[13810.156s][info][gc             ] GC(32012) Pause Young (Allocation Failure) 424M->345M(427M) 2.368ms
[13810.156s][info][gc,cpu         ] GC(32012) User=0.00s Sys=0.00s Real=0.00s
[13810.578s][info][gc,start       ] GC(32013) Pause Young (Allocation Failure)
[13810.580s][info][gc,heap        ] GC(32013) PSYoungGen: 82112K(83968K)->1024K(84480K) Eden: 81408K(81408K)->0K(81920K) From: 704K(2560K)->1024K(2560K)
[13810.580s][info][gc,heap        ] GC(32013) ParOldGen: 353272K(353792K)->353328K(353792K)
[13810.580s][info][gc,metaspace   ] GC(32013) Metaspace: 62240K(62528K)->62240K(62528K) NonClass: 53207K(53440K)->53207K(53440K) Class: 9032K(9088K)->9032K(9088K)
[13810.580s][info][gc             ] GC(32013) Pause Young (Allocation Failure) 425M->346M(428M) 2.690ms
[13810.580s][info][gc,cpu         ] GC(32013) User=0.01s Sys=0.00s Real=0.00s
[13810.999s][info][gc,start       ] GC(32014) Pause Young (Allocation Failure)
[13811.002s][info][gc,heap        ] GC(32014) PSYoungGen: 82944K(84480K)->1440K(84480K) Eden: 81920K(81920K)->0K(81920K) From: 1024K(2560K)->1440K(2560K)
[13811.002s][info][gc,heap        ] GC(32014) ParOldGen: 353328K(353792K)->353384K(353792K)
[13811.002s][info][gc,metaspace   ] GC(32014) Metaspace: 62240K(62528K)->62240K(62528K) NonClass: 53207K(53440K)->53207K(53440K) Class: 9032K(9088K)->9032K(9088K)
[13811.002s][info][gc             ] GC(32014) Pause Young (Allocation Failure) 426M->346M(428M) 2.990ms
[13811.002s][info][gc,cpu         ] GC(32014) User=0.01s Sys=0.00s Real=0.00s
[13811.417s][info][gc,start       ] GC(32015) Pause Young (Allocation Failure)
[13811.420s][info][gc,heap        ] GC(32015) PSYoungGen: 83360K(84480K)->1824K(84480K) Eden: 81920K(81920K)->0K(81920K) From: 1440K(2560K)->1824K(2560K)
[13811.420s][info][gc,heap        ] GC(32015) ParOldGen: 353384K(353792K)->353440K(353792K)
[13811.420s][info][gc,metaspace   ] GC(32015) Metaspace: 62240K(62528K)->62240K(62528K) NonClass: 53207K(53440K)->53207K(53440K) Class: 9032K(9088K)->9032K(9088K)
[13811.420s][info][gc             ] GC(32015) Pause Young (Allocation Failure) 426M->346M(428M) 3.366ms
[13811.420s][info][gc,cpu         ] GC(32015) User=0.01s Sys=0.00s Real=0.00s
[13811.842s][info][gc,start       ] GC(32016) Pause Young (Allocation Failure)
[13811.845s][info][gc,heap        ] GC(32016) PSYoungGen: 83744K(84480K)->608K(84480K) Eden: 81920K(81920K)->0K(81920K) From: 1824K(2560K)->608K(2560K)
[13811.845s][info][gc,heap        ] GC(32016) ParOldGen: 353440K(353792K)->353496K(353792K)
[13811.845s][info][gc,metaspace   ] GC(32016) Metaspace: 62240K(62528K)->62240K(62528K) NonClass: 53207K(53440K)->53207K(53440K) Class: 9032K(9088K)->9032K(9088K)
[13811.845s][info][gc             ] GC(32016) Pause Young (Allocation Failure) 426M->345M(428M) 2.383ms
[13811.845s][info][gc,cpu         ] GC(32016) User=0.01s Sys=0.00s Real=0.00s
[13812.283s][info][gc,start       ] GC(32017) Pause Young (Allocation Failure)
[13812.286s][info][gc,heap        ] GC(32017) PSYoungGen: 82528K(84480K)->2176K(83456K) Eden: 81920K(81920K)->0K(80896K) From: 608K(2560K)->2176K(2560K)
[13812.286s][info][gc,heap        ] GC(32017) ParOldGen: 353496K(353792K)->354576K(355328K)
[13812.286s][info][gc,metaspace   ] GC(32017) Metaspace: 62240K(62528K)->62240K(62528K) NonClass: 53207K(53440K)->53207K(53440K) Class: 9032K(9088K)->9032K(9088K)
[13812.286s][info][gc             ] GC(32017) Pause Young (Allocation Failure) 425M->348M(428M) 3.438ms
[13812.286s][info][gc,cpu         ] GC(32017) User=0.01s Sys=0.00s Real=0.00s
[13812.705s][info][gc,start       ] GC(32018) Pause Young (Allocation Failure)
[13812.709s][info][gc,heap        ] GC(32018) PSYoungGen: 83072K(83456K)->1568K(83968K) Eden: 80896K(80896K)->0K(80896K) From: 2176K(2560K)->1568K(3072K)
[13812.709s][info][gc,heap        ] GC(32018) ParOldGen: 354576K(355328K)->356680K(356864K)
[13812.709s][info][gc,metaspace   ] GC(32018) Metaspace: 62240K(62528K)->62240K(62528K) NonClass: 53207K(53440K)->53207K(53440K) Class: 9032K(9088K)->9032K(9088K)
[13812.709s][info][gc             ] GC(32018) Pause Young (Allocation Failure) 427M->349M(430M) 4.237ms
[13812.709s][info][gc,cpu         ] GC(32018) User=0.01s Sys=0.00s Real=0.01s
[13813.086s][info][gc,start       ] GC(32019) Pause Young (Allocation Failure)
[13813.089s][info][gc,heap        ] GC(32019) PSYoungGen: 82464K(83968K)->1440K(83968K) Eden: 80896K(80896K)->0K(80896K) From: 1568K(3072K)->1440K(3072K)
[13813.089s][info][gc,heap        ] GC(32019) ParOldGen: 356680K(356864K)->356728K(356864K)
[13813.089s][info][gc,metaspace   ] GC(32019) Metaspace: 62240K(62528K)->62240K(62528K) NonClass: 53207K(53440K)->53207K(53440K) Class: 9032K(9088K)->9032K(9088K)
[13813.089s][info][gc             ] GC(32019) Pause Young (Allocation Failure) 428M->349M(430M) 2.941ms
[13813.089s][info][gc,cpu         ] GC(32019) User=0.01s Sys=0.00s Real=0.01s
[13813.477s][info][gc,start       ] GC(32020) Pause Young (Allocation Failure)
[13813.480s][info][gc,heap        ] GC(32020) PSYoungGen: 82336K(83968K)->1248K(83968K) Eden: 80896K(80896K)->0K(80896K) From: 1440K(3072K)->1248K(3072K)
[13813.480s][info][gc,heap        ] GC(32020) ParOldGen: 356728K(356864K)->356784K(356864K)
[13813.480s][info][gc,metaspace   ] GC(32020) Metaspace: 62240K(62528K)->62240K(62528K) NonClass: 53207K(53440K)->53207K(53440K) Class: 9032K(9088K)->9032K(9088K)
[13813.480s][info][gc             ] GC(32020) Pause Young (Allocation Failure) 428M->349M(430M) 2.777ms
[13813.480s][info][gc,cpu         ] GC(32020) User=0.00s Sys=0.00s Real=0.00s
[13813.871s][info][gc,start       ] GC(32021) Pause Young (Allocation Failure)
[13813.873s][info][gc,heap        ] GC(32021) PSYoungGen: 82144K(83968K)->1024K(84480K) Eden: 80896K(80896K)->0K(81920K) From: 1248K(3072K)->1024K(2560K)
[13813.873s][info][gc,heap        ] GC(32021) ParOldGen: 356784K(356864K)->356840K(356864K)
[13813.873s][info][gc,metaspace   ] GC(32021) Metaspace: 62240K(62528K)->62240K(62528K) NonClass: 53207K(53440K)->53207K(53440K) Class: 9032K(9088K)->9032K(9088K)
[13813.873s][info][gc             ] GC(32021) Pause Young (Allocation Failure) 428M->349M(431M) 2.659ms
[13813.873s][info][gc,cpu         ] GC(32021) User=0.00s Sys=0.00s Real=0.00s
[13814.256s][info][gc,start       ] GC(32022) Pause Young (Allocation Failure)
[13814.259s][info][gc,heap        ] GC(32022) PSYoungGen: 82944K(84480K)->896K(84480K) Eden: 81920K(81920K)->0K(81920K) From: 1024K(2560K)->896K(2560K)
[13814.259s][info][gc,heap        ] GC(32022) ParOldGen: 356840K(356864K)->356888K(357376K)
[13814.259s][info][gc,metaspace   ] GC(32022) Metaspace: 62240K(62528K)->62240K(62528K) NonClass: 53207K(53440K)->53207K(53440K) Class: 9032K(9088K)->9032K(9088K)
[13814.259s][info][gc             ] GC(32022) Pause Young (Allocation Failure) 429M->349M(431M) 2.509ms
[13814.259s][info][gc,cpu         ] GC(32022) User=0.01s Sys=0.00s Real=0.01s
[13814.649s][info][gc,start       ] GC(32023) Pause Young (Allocation Failure)
[13814.651s][info][gc,heap        ] GC(32023) PSYoungGen: 82816K(84480K)->768K(84480K) Eden: 81920K(81920K)->0K(81920K) From: 896K(2560K)->768K(2560K)
[13814.652s][info][gc,heap        ] GC(32023) ParOldGen: 356888K(357376K)->356936K(357376K)
[13814.652s][info][gc,metaspace   ] GC(32023) Metaspace: 62240K(62528K)->62240K(62528K) NonClass: 53207K(53440K)->53207K(53440K) Class: 9032K(9088K)->9032K(9088K)
[13814.652s][info][gc             ] GC(32023) Pause Young (Allocation Failure) 429M->349M(431M) 2.471ms
[13814.652s][info][gc,cpu         ] GC(32023) User=0.01s Sys=0.00s Real=0.00s
[13815.123s][info][gc,start       ] GC(32024) Pause Young (Allocation Failure)
[13815.125s][info][gc,heap        ] GC(32024) PSYoungGen: 82688K(84480K)->336K(84480K) Eden: 81920K(81920K)->0K(81920K) From: 768K(2560K)->336K(2560K)
[13815.125s][info][gc,heap        ] GC(32024) ParOldGen: 356936K(357376K)->356992K(357376K)
[13815.125s][info][gc,metaspace   ] GC(32024) Metaspace: 62240K(62528K)->62240K(62528K) NonClass: 53207K(53440K)->53207K(53440K) Class: 9032K(9088K)->9032K(9088K)
[13815.125s][info][gc             ] GC(32024) Pause Young (Allocation Failure) 429M->348M(431M) 2.046ms
[13815.125s][info][gc,cpu         ] GC(32024) User=0.00s Sys=0.00s Real=0.00s
[13815.505s][info][gc,start       ] GC(32025) Pause Young (Allocation Failure)
[13815.508s][info][gc,heap        ] GC(32025) PSYoungGen: 82256K(84480K)->1472K(84480K) Eden: 81920K(81920K)->0K(81920K) From: 336K(2560K)->1472K(2560K)
[13815.508s][info][gc,heap        ] GC(32025) ParOldGen: 356992K(357376K)->357088K(357376K)
[13815.508s][info][gc,metaspace   ] GC(32025) Metaspace: 62240K(62528K)->62240K(62528K) NonClass: 53207K(53440K)->53207K(53440K) Class: 9032K(9088K)->9032K(9088K)
[13815.508s][info][gc             ] GC(32025) Pause Young (Allocation Failure) 428M->350M(431M) 3.130ms
[13815.508s][info][gc,cpu         ] GC(32025) User=0.00s Sys=0.00s Real=0.01s
[13815.951s][info][gc,start       ] GC(32026) Pause Young (Allocation Failure)
[13815.953s][info][gc,heap        ] GC(32026) PSYoungGen: 83392K(84480K)->672K(84480K) Eden: 81920K(81920K)->0K(81920K) From: 1472K(2560K)->672K(2560K)
[13815.953s][info][gc,heap        ] GC(32026) ParOldGen: 357088K(357376K)->357144K(357376K)
[13815.953s][info][gc,metaspace   ] GC(32026) Metaspace: 62240K(62528K)->62240K(62528K) NonClass: 53207K(53440K)->53207K(53440K) Class: 9032K(9088K)->9032K(9088K)
[13815.953s][info][gc             ] GC(32026) Pause Young (Allocation Failure) 430M->349M(431M) 2.367ms
[13815.953s][info][gc,cpu         ] GC(32026) User=0.01s Sys=0.00s Real=0.00s
[13816.372s][info][gc,start       ] GC(32027) Pause Young (Allocation Failure)
[13816.376s][info][gc,heap        ] GC(32027) PSYoungGen: 82592K(84480K)->2016K(84480K) Eden: 81920K(81920K)->0K(81920K) From: 672K(2560K)->2016K(2560K)
[13816.376s][info][gc,heap        ] GC(32027) ParOldGen: 357144K(357376K)->359248K(360448K)
[13816.376s][info][gc,metaspace   ] GC(32027) Metaspace: 62240K(62528K)->62240K(62528K) NonClass: 53207K(53440K)->53207K(53440K) Class: 9032K(9088K)->9032K(9088K)
[13816.376s][info][gc             ] GC(32027) Pause Young (Allocation Failure) 429M->352M(434M) 4.152ms
[13816.376s][info][gc,cpu         ] GC(32027) User=0.01s Sys=0.00s Real=0.00s
[13816.804s][info][gc,start       ] GC(32028) Pause Young (Allocation Failure)
[13816.808s][info][gc,heap        ] GC(32028) PSYoungGen: 83936K(84480K)->1440K(84480K) Eden: 81920K(81920K)->0K(81920K) From: 2016K(2560K)->1440K(2560K)
[13816.808s][info][gc,heap        ] GC(32028) ParOldGen: 359248K(360448K)->361344K(361984K)
[13816.808s][info][gc,metaspace   ] GC(32028) Metaspace: 62240K(62528K)->62240K(62528K) NonClass: 53207K(53440K)->53207K(53440K) Class: 9032K(9088K)->9032K(9088K)
[13816.808s][info][gc             ] GC(32028) Pause Young (Allocation Failure) 432M->354M(436M) 3.965ms
[13816.808s][info][gc,cpu         ] GC(32028) User=0.01s Sys=0.01s Real=0.01s
[13817.242s][info][gc,start       ] GC(32029) Pause Young (Allocation Failure)
[13817.244s][info][gc,heap        ] GC(32029) PSYoungGen: 83360K(84480K)->576K(84480K) Eden: 81920K(81920K)->0K(81920K) From: 1440K(2560K)->576K(2560K)
[13817.244s][info][gc,heap        ] GC(32029) ParOldGen: 361344K(361984K)->361400K(361984K)
[13817.244s][info][gc,metaspace   ] GC(32029) Metaspace: 62240K(62528K)->62240K(62528K) NonClass: 53207K(53440K)->53207K(53440K) Class: 9032K(9088K)->9032K(9088K)
[13817.244s][info][gc             ] GC(32029) Pause Young (Allocation Failure) 434M->353M(436M) 2.294ms
[13817.244s][info][gc,cpu         ] GC(32029) User=0.00s Sys=0.00s Real=0.00s
[13817.653s][info][gc,start       ] GC(32030) Pause Young (Allocation Failure)
[13817.655s][info][gc,heap        ] GC(32030) PSYoungGen: 82496K(84480K)->800K(84480K) Eden: 81920K(81920K)->0K(81920K) From: 576K(2560K)->800K(2560K)
[13817.655s][info][gc,heap        ] GC(32030) ParOldGen: 361400K(361984K)->361448K(361984K)
[13817.655s][info][gc,metaspace   ] GC(32030) Metaspace: 62240K(62528K)->62240K(62528K) NonClass: 53207K(53440K)->53207K(53440K) Class: 9032K(9088K)->9032K(9088K)
[13817.655s][info][gc             ] GC(32030) Pause Young (Allocation Failure) 433M->353M(436M) 2.403ms
[13817.655s][info][gc,cpu         ] GC(32030) User=0.01s Sys=0.00s Real=0.00s
[13818.076s][info][gc,start       ] GC(32031) Pause Young (Allocation Failure)
[13818.078s][info][gc,heap        ] GC(32031) PSYoungGen: 82720K(84480K)->1024K(84480K) Eden: 81920K(81920K)->0K(81920K) From: 800K(2560K)->1024K(2560K)
[13818.078s][info][gc,heap        ] GC(32031) ParOldGen: 361448K(361984K)->361504K(361984K)
[13818.078s][info][gc,metaspace   ] GC(32031) Metaspace: 62240K(62528K)->62240K(62528K) NonClass: 53207K(53440K)->53207K(53440K) Class: 9032K(9088K)->9032K(9088K)
[13818.078s][info][gc             ] GC(32031) Pause Young (Allocation Failure) 433M->354M(436M) 2.598ms
[13818.078s][info][gc,cpu         ] GC(32031) User=0.01s Sys=0.00s Real=0.01s
[13818.498s][info][gc,start       ] GC(32032) Pause Young (Allocation Failure)
[13818.501s][info][gc,heap        ] GC(32032) PSYoungGen: 82944K(84480K)->1376K(84480K) Eden: 81920K(81920K)->0K(81920K) From: 1024K(2560K)->1376K(2560K)
[13818.501s][info][gc,heap        ] GC(32032) ParOldGen: 361504K(361984K)->361560K(361984K)
[13818.501s][info][gc,metaspace   ] GC(32032) Metaspace: 62240K(62528K)->62240K(62528K) NonClass: 53207K(53440K)->53207K(53440K) Class: 9032K(9088K)->9032K(9088K)
[13818.501s][info][gc             ] GC(32032) Pause Young (Allocation Failure) 434M->354M(436M) 2.912ms
[13818.501s][info][gc,cpu         ] GC(32032) User=0.01s Sys=0.00s Real=0.00s
[13818.907s][info][gc,start       ] GC(32033) Pause Young (Allocation Failure)
[13818.910s][info][gc,heap        ] GC(32033) PSYoungGen: 83296K(84480K)->1696K(84480K) Eden: 81920K(81920K)->0K(81920K) From: 1376K(2560K)->1696K(2560K)
[13818.910s][info][gc,heap        ] GC(32033) ParOldGen: 361560K(361984K)->361616K(361984K)
[13818.910s][info][gc,metaspace   ] GC(32033) Metaspace: 62240K(62528K)->62240K(62528K) NonClass: 53207K(53440K)->53207K(53440K) Class: 9032K(9088K)->9032K(9088K)
[13818.911s][info][gc             ] GC(32033) Pause Young (Allocation Failure) 434M->354M(436M) 3.228ms
[13818.911s][info][gc,cpu         ] GC(32033) User=0.01s Sys=0.00s Real=0.00s
[13819.283s][info][gc,start       ] GC(32034) Pause Young (Allocation Failure)
[13819.286s][info][gc,heap        ] GC(32034) PSYoungGen: 83615K(84480K)->1248K(84480K) Eden: 81919K(81920K)->0K(81920K) From: 1696K(2560K)->1248K(2560K)
[13819.286s][info][gc,heap        ] GC(32034) ParOldGen: 361616K(361984K)->361672K(361984K)
[13819.286s][info][gc,metaspace   ] GC(32034) Metaspace: 62240K(62528K)->62240K(62528K) NonClass: 53207K(53440K)->53207K(53440K) Class: 9032K(9088K)->9032K(9088K)
[13819.286s][info][gc             ] GC(32034) Pause Young (Allocation Failure) 434M->354M(436M) 2.800ms
[13819.286s][info][gc,cpu         ] GC(32034) User=0.00s Sys=0.00s Real=0.00s
[13819.678s][info][gc,start       ] GC(32035) Pause Young (Allocation Failure)
[13819.680s][info][gc,heap        ] GC(32035) PSYoungGen: 83168K(84480K)->1120K(84480K) Eden: 81920K(81920K)->0K(81920K) From: 1248K(2560K)->1120K(2560K)
[13819.680s][info][gc,heap        ] GC(32035) ParOldGen: 361672K(361984K)->361720K(361984K)
[13819.680s][info][gc,metaspace   ] GC(32035) Metaspace: 62240K(62528K)->62240K(62528K) NonClass: 53207K(53440K)->53207K(53440K) Class: 9032K(9088K)->9032K(9088K)
[13819.680s][info][gc             ] GC(32035) Pause Young (Allocation Failure) 434M->354M(436M) 2.812ms
[13819.680s][info][gc,cpu         ] GC(32035) User=0.01s Sys=0.00s Real=0.00s
[13820.110s][info][gc,start       ] GC(32036) Pause Young (Allocation Failure)
[13820.114s][info][gc,heap        ] GC(32036) PSYoungGen: 83040K(84480K)->1568K(84480K) Eden: 81920K(81920K)->0K(81920K) From: 1120K(2560K)->1568K(2560K)
[13820.114s][info][gc,heap        ] GC(32036) ParOldGen: 361720K(361984K)->361768K(361984K)
[13820.114s][info][gc,metaspace   ] GC(32036) Metaspace: 62240K(62528K)->62240K(62528K) NonClass: 53207K(53440K)->53207K(53440K) Class: 9032K(9088K)->9032K(9088K)
[13820.114s][info][gc             ] GC(32036) Pause Young (Allocation Failure) 434M->354M(436M) 3.129ms
[13820.114s][info][gc,cpu         ] GC(32036) User=0.00s Sys=0.00s Real=0.00s
[13820.525s][info][gc,start       ] GC(32037) Pause Young (Allocation Failure)
[13820.527s][info][gc,heap        ] GC(32037) PSYoungGen: 83488K(84480K)->320K(84480K) Eden: 81920K(81920K)->0K(81920K) From: 1568K(2560K)->320K(2560K)
[13820.527s][info][gc,heap        ] GC(32037) ParOldGen: 361768K(361984K)->361824K(361984K)
[13820.527s][info][gc,metaspace   ] GC(32037) Metaspace: 62240K(62528K)->62240K(62528K) NonClass: 53207K(53440K)->53207K(53440K) Class: 9032K(9088K)->9032K(9088K)
[13820.527s][info][gc             ] GC(32037) Pause Young (Allocation Failure) 434M->353M(436M) 2.052ms
[13820.527s][info][gc,cpu         ] GC(32037) User=0.00s Sys=0.00s Real=0.01s
[13820.922s][info][gc,start       ] GC(32038) Pause Young (Allocation Failure)
[13820.924s][info][gc,heap        ] GC(32038) PSYoungGen: 82240K(84480K)->224K(84480K) Eden: 81920K(81920K)->0K(81920K) From: 320K(2560K)->224K(2560K)
[13820.924s][info][gc,heap        ] GC(32038) ParOldGen: 361824K(361984K)->361872K(361984K)
[13820.924s][info][gc,metaspace   ] GC(32038) Metaspace: 62240K(62528K)->62240K(62528K) NonClass: 53207K(53440K)->53207K(53440K) Class: 9032K(9088K)->9032K(9088K)
[13820.924s][info][gc             ] GC(32038) Pause Young (Allocation Failure) 433M->353M(436M) 1.956ms
[13820.924s][info][gc,cpu         ] GC(32038) User=0.00s Sys=0.00s Real=0.00s
[13821.279s][info][gc,start       ] GC(32039) Pause Young (Allocation Failure)
[13821.282s][info][gc,heap        ] GC(32039) PSYoungGen: 82144K(84480K)->1184K(84480K) Eden: 81920K(81920K)->0K(81920K) From: 224K(2560K)->1184K(2560K)
[13821.282s][info][gc,heap        ] GC(32039) ParOldGen: 361872K(361984K)->361920K(361984K)
[13821.282s][info][gc,metaspace   ] GC(32039) Metaspace: 62240K(62528K)->62240K(62528K) NonClass: 53207K(53440K)->53207K(53440K) Class: 9032K(9088K)->9032K(9088K)
[13821.282s][info][gc             ] GC(32039) Pause Young (Allocation Failure) 433M->354M(436M) 2.775ms
[13821.282s][info][gc,cpu         ] GC(32039) User=0.01s Sys=0.00s Real=0.00s
[13821.659s][info][gc,start       ] GC(32040) Pause Young (Allocation Failure)
[13821.662s][info][gc,heap        ] GC(32040) PSYoungGen: 83104K(84480K)->800K(84480K) Eden: 81920K(81920K)->0K(81920K) From: 1184K(2560K)->800K(2560K)
[13821.662s][info][gc,heap        ] GC(32040) ParOldGen: 361920K(361984K)->361968K(361984K)
[13821.662s][info][gc,metaspace   ] GC(32040) Metaspace: 62240K(62528K)->62240K(62528K) NonClass: 53207K(53440K)->53207K(53440K) Class: 9032K(9088K)->9032K(9088K)
[13821.662s][info][gc             ] GC(32040) Pause Young (Allocation Failure) 434M->354M(436M) 2.518ms
[13821.662s][info][gc,cpu         ] GC(32040) User=0.01s Sys=0.00s Real=0.00s
[13822.149s][info][gc,start       ] GC(32041) Pause Young (Allocation Failure)
[13822.152s][info][gc,heap        ] GC(32041) PSYoungGen: 82720K(84480K)->672K(84480K) Eden: 81920K(81920K)->0K(81920K) From: 800K(2560K)->672K(2560K)
[13822.152s][info][gc,heap        ] GC(32041) ParOldGen: 361968K(361984K)->362024K(362496K)
[13822.152s][info][gc,metaspace   ] GC(32041) Metaspace: 62240K(62528K)->62240K(62528K) NonClass: 53207K(53440K)->53207K(53440K) Class: 9032K(9088K)->9032K(9088K)
[13822.152s][info][gc             ] GC(32041) Pause Young (Allocation Failure) 434M->354M(436M) 2.499ms
[13822.152s][info][gc,cpu         ] GC(32041) User=0.00s Sys=0.00s Real=0.00s
[13822.566s][info][gc,start       ] GC(32042) Pause Young (Allocation Failure)
[13822.568s][info][gc,heap        ] GC(32042) PSYoungGen: 82592K(84480K)->960K(84480K) Eden: 81920K(81920K)->0K(81920K) From: 672K(2560K)->960K(2560K)
[13822.568s][info][gc,heap        ] GC(32042) ParOldGen: 362024K(362496K)->362120K(362496K)
[13822.568s][info][gc,metaspace   ] GC(32042) Metaspace: 62240K(62528K)->62240K(62528K) NonClass: 53207K(53440K)->53207K(53440K) Class: 9032K(9088K)->9032K(9088K)
[13822.568s][info][gc             ] GC(32042) Pause Young (Allocation Failure) 434M->354M(436M) 2.666ms
[13822.568s][info][gc,cpu         ] GC(32042) User=0.01s Sys=0.00s Real=0.01s
[13822.973s][info][gc,start       ] GC(32043) Pause Young (Allocation Failure)
[13822.975s][info][gc,heap        ] GC(32043) PSYoungGen: 82880K(84480K)->1088K(84992K) Eden: 81920K(81920K)->0K(82944K) From: 960K(2560K)->1088K(2048K)
[13822.975s][info][gc,heap        ] GC(32043) ParOldGen: 362120K(362496K)->362176K(362496K)
[13822.975s][info][gc,metaspace   ] GC(32043) Metaspace: 62240K(62528K)->62240K(62528K) NonClass: 53207K(53440K)->53207K(53440K) Class: 9032K(9088K)->9032K(9088K)
[13822.975s][info][gc             ] GC(32043) Pause Young (Allocation Failure) 434M->354M(437M) 2.647ms
[13822.975s][info][gc,cpu         ] GC(32043) User=0.01s Sys=0.00s Real=0.00s
[13823.377s][info][gc,start       ] GC(32044) Pause Young (Allocation Failure)
[13823.380s][info][gc,heap        ] GC(32044) PSYoungGen: 84032K(84992K)->1152K(84992K) Eden: 82944K(82944K)->0K(82944K) From: 1088K(2048K)->1152K(2048K)
[13823.380s][info][gc,heap        ] GC(32044) ParOldGen: 362176K(362496K)->362224K(362496K)
[13823.380s][info][gc,metaspace   ] GC(32044) Metaspace: 62240K(62528K)->62240K(62528K) NonClass: 53207K(53440K)->53207K(53440K) Class: 9032K(9088K)->9032K(9088K)
[13823.380s][info][gc             ] GC(32044) Pause Young (Allocation Failure) 435M->354M(437M) 2.743ms
[13823.380s][info][gc,cpu         ] GC(32044) User=0.01s Sys=0.00s Real=0.00s
[13823.785s][info][gc,start       ] GC(32045) Pause Young (Allocation Failure)
[13823.787s][info][gc,heap        ] GC(32045) PSYoungGen: 84096K(84992K)->1216K(84992K) Eden: 82944K(82944K)->0K(82944K) From: 1152K(2048K)->1216K(2048K)
[13823.787s][info][gc,heap        ] GC(32045) ParOldGen: 362224K(362496K)->362280K(362496K)
[13823.787s][info][gc,metaspace   ] GC(32045) Metaspace: 62240K(62528K)->62240K(62528K) NonClass: 53207K(53440K)->53207K(53440K) Class: 9032K(9088K)->9032K(9088K)
[13823.787s][info][gc             ] GC(32045) Pause Young (Allocation Failure) 435M->354M(437M) 2.765ms
[13823.787s][info][gc,cpu         ] GC(32045) User=0.00s Sys=0.00s Real=0.01s
[13824.182s][info][gc,start       ] GC(32046) Pause Young (Allocation Failure)
[13824.185s][info][gc,heap        ] GC(32046) PSYoungGen: 84160K(84992K)->1248K(84992K) Eden: 82944K(82944K)->0K(82944K) From: 1216K(2048K)->1248K(2048K)
[13824.185s][info][gc,heap        ] GC(32046) ParOldGen: 362280K(362496K)->362328K(362496K)
[13824.185s][info][gc,metaspace   ] GC(32046) Metaspace: 62240K(62528K)->62240K(62528K) NonClass: 53207K(53440K)->53207K(53440K) Class: 9032K(9088K)->9032K(9088K)
[13824.185s][info][gc             ] GC(32046) Pause Young (Allocation Failure) 435M->355M(437M) 2.761ms
[13824.185s][info][gc,cpu         ] GC(32046) User=0.00s Sys=0.00s Real=0.00s
[13824.588s][info][gc,start       ] GC(32047) Pause Young (Allocation Failure)
[13824.591s][info][gc,heap        ] GC(32047) PSYoungGen: 84192K(84992K)->1344K(84992K) Eden: 82944K(82944K)->0K(82944K) From: 1248K(2048K)->1344K(2048K)
[13824.591s][info][gc,heap        ] GC(32047) ParOldGen: 362328K(362496K)->362384K(362496K)
[13824.591s][info][gc,metaspace   ] GC(32047) Metaspace: 62240K(62528K)->62240K(62528K) NonClass: 53207K(53440K)->53207K(53440K) Class: 9032K(9088K)->9032K(9088K)
[13824.591s][info][gc             ] GC(32047) Pause Young (Allocation Failure) 436M->355M(437M) 2.819ms
[13824.591s][info][gc,cpu         ] GC(32047) User=0.00s Sys=0.00s Real=0.00s
[13824.985s][info][gc,start       ] GC(32048) Pause Young (Allocation Failure)
[13824.989s][info][gc,heap        ] GC(32048) PSYoungGen: 84060K(84992K)->1280K(84992K) Eden: 82716K(82944K)->0K(82944K) From: 1344K(2048K)->1280K(2048K)
[13824.989s][info][gc,heap        ] GC(32048) ParOldGen: 362384K(362496K)->363456K(364032K)
[13824.989s][info][gc,metaspace   ] GC(32048) Metaspace: 62240K(62528K)->62240K(62528K) NonClass: 53207K(53440K)->53207K(53440K) Class: 9032K(9088K)->9032K(9088K)
[13824.989s][info][gc             ] GC(32048) Pause Young (Allocation Failure) 435M->356M(438M) 3.818ms
[13824.989s][info][gc,cpu         ] GC(32048) User=0.00s Sys=0.00s Real=0.01s
[13825.370s][info][gc,start       ] GC(32049) Pause Young (Allocation Failure)
[13825.373s][info][gc,heap        ] GC(32049) PSYoungGen: 84224K(84992K)->2016K(82944K) Eden: 82944K(82944K)->0K(80896K) From: 1280K(2048K)->2016K(2048K)
[13825.373s][info][gc,heap        ] GC(32049) ParOldGen: 363456K(364032K)->364576K(365568K)
[13825.373s][info][gc,metaspace   ] GC(32049) Metaspace: 62240K(62528K)->62240K(62528K) NonClass: 53207K(53440K)->53207K(53440K) Class: 9032K(9088K)->9032K(9088K)
[13825.373s][info][gc             ] GC(32049) Pause Young (Allocation Failure) 437M->358M(438M) 3.334ms
[13825.373s][info][gc,cpu         ] GC(32049) User=0.00s Sys=0.01s Real=0.00s
[13825.802s][info][gc,start       ] GC(32050) Pause Young (Allocation Failure)
[13825.806s][info][gc,heap        ] GC(32050) PSYoungGen: 82912K(82944K)->1536K(83968K) Eden: 80896K(80896K)->0K(80896K) From: 2016K(2048K)->1536K(3072K)
[13825.806s][info][gc,heap        ] GC(32050) ParOldGen: 364576K(365568K)->366656K(367104K)
[13825.806s][info][gc,metaspace   ] GC(32050) Metaspace: 62240K(62528K)->62240K(62528K) NonClass: 53207K(53440K)->53207K(53440K) Class: 9032K(9088K)->9032K(9088K)
[13825.807s][info][gc             ] GC(32050) Pause Young (Allocation Failure) 437M->359M(440M) 4.208ms
[13825.807s][info][gc,cpu         ] GC(32050) User=0.01s Sys=0.00s Real=0.01s
[13826.218s][info][gc,start       ] GC(32051) Pause Young (Allocation Failure)
[13826.220s][info][gc,heap        ] GC(32051) PSYoungGen: 82432K(83968K)->160K(83456K) Eden: 80896K(80896K)->0K(80896K) From: 1536K(3072K)->160K(2560K)
[13826.220s][info][gc,heap        ] GC(32051) ParOldGen: 366656K(367104K)->366712K(367104K)
[13826.220s][info][gc,metaspace   ] GC(32051) Metaspace: 62240K(62528K)->62240K(62528K) NonClass: 53207K(53440K)->53207K(53440K) Class: 9032K(9088K)->9032K(9088K)
[13826.220s][info][gc             ] GC(32051) Pause Young (Allocation Failure) 438M->358M(440M) 1.940ms
[13826.220s][info][gc,cpu         ] GC(32051) User=0.00s Sys=0.00s Real=0.00s
[13826.653s][info][gc,start       ] GC(32052) Pause Young (Allocation Failure)
[13826.655s][info][gc,heap        ] GC(32052) PSYoungGen: 81056K(83456K)->736K(83968K) Eden: 80896K(80896K)->0K(80896K) From: 160K(2560K)->736K(3072K)
[13826.655s][info][gc,heap        ] GC(32052) ParOldGen: 366712K(367104K)->366768K(367104K)
[13826.655s][info][gc,metaspace   ] GC(32052) Metaspace: 62240K(62528K)->62240K(62528K) NonClass: 53207K(53440K)->53207K(53440K) Class: 9032K(9088K)->9032K(9088K)
[13826.655s][info][gc             ] GC(32052) Pause Young (Allocation Failure) 437M->358M(440M) 2.365ms
[13826.655s][info][gc,cpu         ] GC(32052) User=0.00s Sys=0.00s Real=0.00s
[13827.048s][info][gc,start       ] GC(32053) Pause Young (Allocation Failure)
[13827.050s][info][gc,heap        ] GC(32053) PSYoungGen: 81632K(83968K)->672K(84480K) Eden: 80896K(80896K)->0K(81920K) From: 736K(3072K)->672K(2560K)
[13827.050s][info][gc,heap        ] GC(32053) ParOldGen: 366768K(367104K)->366824K(367104K)
[13827.051s][info][gc,metaspace   ] GC(32053) Metaspace: 62240K(62528K)->62240K(62528K) NonClass: 53207K(53440K)->53207K(53440K) Class: 9032K(9088K)->9032K(9088K)
[13827.051s][info][gc             ] GC(32053) Pause Young (Allocation Failure) 437M->358M(441M) 2.373ms
[13827.051s][info][gc,cpu         ] GC(32053) User=0.00s Sys=0.00s Real=0.00s
[13827.472s][info][gc,start       ] GC(32054) Pause Young (Allocation Failure)
[13827.475s][info][gc,heap        ] GC(32054) PSYoungGen: 82592K(84480K)->1056K(84480K) Eden: 81920K(81920K)->0K(81920K) From: 672K(2560K)->1056K(2560K)
[13827.475s][info][gc,heap        ] GC(32054) ParOldGen: 366824K(367104K)->366872K(367104K)
[13827.475s][info][gc,metaspace   ] GC(32054) Metaspace: 62240K(62528K)->62240K(62528K) NonClass: 53207K(53440K)->53207K(53440K) Class: 9032K(9088K)->9032K(9088K)
[13827.475s][info][gc             ] GC(32054) Pause Young (Allocation Failure) 438M->359M(441M) 2.720ms
[13827.475s][info][gc,cpu         ] GC(32054) User=0.00s Sys=0.00s Real=0.00s
[13827.877s][info][gc,start       ] GC(32055) Pause Young (Allocation Failure)
[13827.880s][info][gc,heap        ] GC(32055) PSYoungGen: 82976K(84480K)->1088K(84480K) Eden: 81920K(81920K)->0K(81920K) From: 1056K(2560K)->1088K(2560K)
[13827.880s][info][gc,heap        ] GC(32055) ParOldGen: 366872K(367104K)->366928K(367104K)
[13827.880s][info][gc,metaspace   ] GC(32055) Metaspace: 62240K(62528K)->62240K(62528K) NonClass: 53207K(53440K)->53207K(53440K) Class: 9032K(9088K)->9032K(9088K)
[13827.880s][info][gc             ] GC(32055) Pause Young (Allocation Failure) 439M->359M(441M) 2.726ms
[13827.880s][info][gc,cpu         ] GC(32055) User=0.01s Sys=0.00s Real=0.00s
[13828.305s][info][gc,start       ] GC(32056) Pause Young (Allocation Failure)
[13828.308s][info][gc,heap        ] GC(32056) PSYoungGen: 83008K(84480K)->1536K(84480K) Eden: 81920K(81920K)->0K(81920K) From: 1088K(2560K)->1536K(2560K)
[13828.308s][info][gc,heap        ] GC(32056) ParOldGen: 366928K(367104K)->366984K(367104K)
[13828.308s][info][gc,metaspace   ] GC(32056) Metaspace: 62240K(62528K)->62240K(62528K) NonClass: 53207K(53440K)->53207K(53440K) Class: 9032K(9088K)->9032K(9088K)
[13828.308s][info][gc             ] GC(32056) Pause Young (Allocation Failure) 439M->359M(441M) 3.082ms
[13828.308s][info][gc,cpu         ] GC(32056) User=0.00s Sys=0.00s Real=0.01s
[13828.711s][info][gc,start       ] GC(32057) Pause Young (Allocation Failure)
[13828.714s][info][gc,heap        ] GC(32057) PSYoungGen: 83456K(84480K)->1664K(84480K) Eden: 81920K(81920K)->0K(81920K) From: 1536K(2560K)->1664K(2560K)
[13828.714s][info][gc,heap        ] GC(32057) ParOldGen: 366984K(367104K)->367032K(367104K)
[13828.714s][info][gc,metaspace   ] GC(32057) Metaspace: 62240K(62528K)->62240K(62528K) NonClass: 53207K(53440K)->53207K(53440K) Class: 9032K(9088K)->9032K(9088K)
[13828.714s][info][gc             ] GC(32057) Pause Young (Allocation Failure) 439M->360M(441M) 3.238ms
[13828.714s][info][gc,cpu         ] GC(32057) User=0.00s Sys=0.00s Real=0.00s
[13829.137s][info][gc,start       ] GC(32058) Pause Young (Allocation Failure)
[13829.140s][info][gc,heap        ] GC(32058) PSYoungGen: 83584K(84480K)->592K(84480K) Eden: 81920K(81920K)->0K(81920K) From: 1664K(2560K)->592K(2560K)
[13829.140s][info][gc,heap        ] GC(32058) ParOldGen: 367032K(367104K)->367080K(367104K)
[13829.140s][info][gc,metaspace   ] GC(32058) Metaspace: 62240K(62528K)->62240K(62528K) NonClass: 53207K(53440K)->53207K(53440K) Class: 9032K(9088K)->9032K(9088K)
[13829.140s][info][gc             ] GC(32058) Pause Young (Allocation Failure) 440M->359M(441M) 2.338ms
[13829.140s][info][gc,cpu         ] GC(32058) User=0.00s Sys=0.00s Real=0.00s
[13829.498s][info][gc,start       ] GC(32059) Pause Young (Allocation Failure)
[13829.501s][info][gc,heap        ] GC(32059) PSYoungGen: 82512K(84480K)->1632K(84480K) Eden: 81920K(81920K)->0K(81920K) From: 592K(2560K)->1632K(2560K)
[13829.501s][info][gc,heap        ] GC(32059) ParOldGen: 367080K(367104K)->367176K(367616K)
[13829.501s][info][gc,metaspace   ] GC(32059) Metaspace: 62240K(62528K)->62240K(62528K) NonClass: 53207K(53440K)->53207K(53440K) Class: 9032K(9088K)->9032K(9088K)
[13829.501s][info][gc             ] GC(32059) Pause Young (Allocation Failure) 439M->360M(441M) 3.178ms
[13829.501s][info][gc,cpu         ] GC(32059) User=0.01s Sys=0.00s Real=0.00s
[13829.931s][info][gc,start       ] GC(32060) Pause Young (Allocation Failure)
[13829.933s][info][gc,heap        ] GC(32060) PSYoungGen: 83552K(84480K)->416K(84480K) Eden: 81920K(81920K)->0K(81920K) From: 1632K(2560K)->416K(2560K)
[13829.933s][info][gc,heap        ] GC(32060) ParOldGen: 367176K(367616K)->367224K(367616K)
[13829.933s][info][gc,metaspace   ] GC(32060) Metaspace: 62240K(62528K)->62240K(62528K) NonClass: 53207K(53440K)->53207K(53440K) Class: 9032K(9088K)->9032K(9088K)
[13829.933s][info][gc             ] GC(32060) Pause Young (Allocation Failure) 440M->359M(441M) 2.250ms
[13829.933s][info][gc,cpu         ] GC(32060) User=0.00s Sys=0.00s Real=0.00s
[13830.389s][info][gc,start       ] GC(32061) Pause Young (Allocation Failure)
[13830.391s][info][gc,heap        ] GC(32061) PSYoungGen: 82336K(84480K)->1248K(84480K) Eden: 81920K(81920K)->0K(81920K) From: 416K(2560K)->1248K(2560K)
[13830.391s][info][gc,heap        ] GC(32061) ParOldGen: 367224K(367616K)->367280K(367616K)
[13830.391s][info][gc,metaspace   ] GC(32061) Metaspace: 62240K(62528K)->62240K(62528K) NonClass: 53207K(53440K)->53207K(53440K) Class: 9032K(9088K)->9032K(9088K)
[13830.391s][info][gc             ] GC(32061) Pause Young (Allocation Failure) 439M->359M(441M) 2.835ms
[13830.391s][info][gc,cpu         ] GC(32061) User=0.01s Sys=0.00s Real=0.00s
[13830.791s][info][gc,start       ] GC(32062) Pause Young (Allocation Failure)
[13830.794s][info][gc,heap        ] GC(32062) PSYoungGen: 83168K(84480K)->1408K(84480K) Eden: 81920K(81920K)->0K(81920K) From: 1248K(2560K)->1408K(2560K)
[13830.794s][info][gc,heap        ] GC(32062) ParOldGen: 367280K(367616K)->367336K(367616K)
[13830.794s][info][gc,metaspace   ] GC(32062) Metaspace: 62240K(62528K)->62240K(62528K) NonClass: 53207K(53440K)->53207K(53440K) Class: 9032K(9088K)->9032K(9088K)
[13830.794s][info][gc             ] GC(32062) Pause Young (Allocation Failure) 439M->360M(441M) 3.020ms
[13830.794s][info][gc,cpu         ] GC(32062) User=0.01s Sys=0.00s Real=0.00s
[13831.197s][info][gc,start       ] GC(32063) Pause Young (Allocation Failure)
[13831.200s][info][gc,heap        ] GC(32063) PSYoungGen: 83328K(84480K)->1440K(84480K) Eden: 81920K(81920K)->0K(81920K) From: 1408K(2560K)->1440K(2560K)
[13831.200s][info][gc,heap        ] GC(32063) ParOldGen: 367336K(367616K)->367384K(367616K)
[13831.200s][info][gc,metaspace   ] GC(32063) Metaspace: 62240K(62528K)->62240K(62528K) NonClass: 53207K(53440K)->53207K(53440K) Class: 9032K(9088K)->9032K(9088K)
[13831.200s][info][gc             ] GC(32063) Pause Young (Allocation Failure) 440M->360M(441M) 2.997ms
[13831.200s][info][gc,cpu         ] GC(32063) User=0.01s Sys=0.00s Real=0.00s
[13831.566s][info][gc,start       ] GC(32064) Pause Young (Allocation Failure)
[13831.568s][info][gc,heap        ] GC(32064) PSYoungGen: 83360K(84480K)->1056K(84480K) Eden: 81920K(81920K)->0K(81920K) From: 1440K(2560K)->1056K(2560K)
[13831.568s][info][gc,heap        ] GC(32064) ParOldGen: 367384K(367616K)->367448K(367616K)
[13831.568s][info][gc,metaspace   ] GC(32064) Metaspace: 62240K(62528K)->62240K(62528K) NonClass: 53207K(53440K)->53207K(53440K) Class: 9032K(9088K)->9032K(9088K)
[13831.568s][info][gc             ] GC(32064) Pause Young (Allocation Failure) 440M->359M(441M) 2.693ms
[13831.569s][info][gc,cpu         ] GC(32064) User=0.00s Sys=0.00s Real=0.01s
[13832.002s][info][gc,start       ] GC(32065) Pause Young (Allocation Failure)
[13832.004s][info][gc,heap        ] GC(32065) PSYoungGen: 82976K(84480K)->1440K(84480K) Eden: 81920K(81920K)->0K(81920K) From: 1056K(2560K)->1440K(2560K)
[13832.004s][info][gc,heap        ] GC(32065) ParOldGen: 367448K(367616K)->367504K(367616K)
[13832.004s][info][gc,metaspace   ] GC(32065) Metaspace: 62240K(62528K)->62240K(62528K) NonClass: 53207K(53440K)->53207K(53440K) Class: 9032K(9088K)->9032K(9088K)
[13832.005s][info][gc             ] GC(32065) Pause Young (Allocation Failure) 439M->360M(441M) 3.004ms
[13832.005s][info][gc,cpu         ] GC(32065) User=0.00s Sys=0.00s Real=0.00s
[13832.436s][info][gc,start       ] GC(32066) Pause Young (Allocation Failure)
[13832.439s][info][gc,heap        ] GC(32066) PSYoungGen: 83360K(84480K)->480K(84480K) Eden: 81920K(81920K)->0K(81920K) From: 1440K(2560K)->480K(2560K)
[13832.439s][info][gc,heap        ] GC(32066) ParOldGen: 367504K(367616K)->367560K(367616K)
[13832.439s][info][gc,metaspace   ] GC(32066) Metaspace: 62240K(62528K)->62240K(62528K) NonClass: 53207K(53440K)->53207K(53440K) Class: 9032K(9088K)->9032K(9088K)
[13832.439s][info][gc             ] GC(32066) Pause Young (Allocation Failure) 440M->359M(441M) 2.246ms
[13832.439s][info][gc,cpu         ] GC(32066) User=0.00s Sys=0.00s Real=0.00s
[13832.870s][info][gc,start       ] GC(32067) Pause Young (Allocation Failure)
[13832.873s][info][gc,heap        ] GC(32067) PSYoungGen: 82400K(84480K)->960K(84480K) Eden: 81920K(81920K)->0K(81920K) From: 480K(2560K)->960K(2560K)
[13832.873s][info][gc,heap        ] GC(32067) ParOldGen: 367560K(367616K)->367616K(368128K)
[13832.873s][info][gc,metaspace   ] GC(32067) Metaspace: 62240K(62528K)->62240K(62528K) NonClass: 53207K(53440K)->53207K(53440K) Class: 9032K(9088K)->9032K(9088K)
[13832.873s][info][gc             ] GC(32067) Pause Young (Allocation Failure) 439M->359M(442M) 2.574ms
[13832.873s][info][gc,cpu         ] GC(32067) User=0.01s Sys=0.00s Real=0.00s
[13833.264s][info][gc,start       ] GC(32068) Pause Young (Allocation Failure)
[13833.267s][info][gc,heap        ] GC(32068) PSYoungGen: 82880K(84480K)->928K(84480K) Eden: 81920K(81920K)->0K(81920K) From: 960K(2560K)->928K(2560K)
[13833.267s][info][gc,heap        ] GC(32068) ParOldGen: 367616K(368128K)->367672K(368128K)
[13833.267s][info][gc,metaspace   ] GC(32068) Metaspace: 62240K(62528K)->62240K(62528K) NonClass: 53207K(53440K)->53207K(53440K) Class: 9032K(9088K)->9032K(9088K)
[13833.267s][info][gc             ] GC(32068) Pause Young (Allocation Failure) 439M->359M(442M) 2.562ms
[13833.267s][info][gc,cpu         ] GC(32068) User=0.00s Sys=0.00s Real=0.01s
[13833.700s][info][gc,start       ] GC(32069) Pause Young (Allocation Failure)
[13833.703s][info][gc,heap        ] GC(32069) PSYoungGen: 82848K(84480K)->1440K(84480K) Eden: 81920K(81920K)->0K(81920K) From: 928K(2560K)->1440K(2560K)
[13833.703s][info][gc,heap        ] GC(32069) ParOldGen: 367672K(368128K)->367720K(368128K)
[13833.703s][info][gc,metaspace   ] GC(32069) Metaspace: 62240K(62528K)->62240K(62528K) NonClass: 53207K(53440K)->53207K(53440K) Class: 9032K(9088K)->9032K(9088K)
[13833.703s][info][gc             ] GC(32069) Pause Young (Allocation Failure) 439M->360M(442M) 3.015ms
[13833.703s][info][gc,cpu         ] GC(32069) User=0.00s Sys=0.00s Real=0.00s
[13834.128s][info][gc,start       ] GC(32070) Pause Young (Allocation Failure)
[13834.131s][info][gc,heap        ] GC(32070) PSYoungGen: 83360K(84480K)->2400K(84480K) Eden: 81920K(81920K)->0K(81920K) From: 1440K(2560K)->2400K(2560K)
[13834.131s][info][gc,heap        ] GC(32070) ParOldGen: 367720K(368128K)->367776K(368128K)
[13834.131s][info][gc,metaspace   ] GC(32070) Metaspace: 62240K(62528K)->62240K(62528K) NonClass: 53207K(53440K)->53207K(53440K) Class: 9032K(9088K)->9032K(9088K)
[13834.131s][info][gc             ] GC(32070) Pause Young (Allocation Failure) 440M->361M(442M) 2.305ms
[13834.131s][info][gc,cpu         ] GC(32070) User=0.00s Sys=0.00s Real=0.00s
[13834.531s][info][gc,start       ] GC(32071) Pause Young (Allocation Failure)
[13834.534s][info][gc,heap        ] GC(32071) PSYoungGen: 84320K(84480K)->384K(84480K) Eden: 81920K(81920K)->0K(81920K) From: 2400K(2560K)->384K(2560K)
[13834.535s][info][gc,heap        ] GC(32071) ParOldGen: 367776K(368128K)->369872K(371200K)
[13834.535s][info][gc,metaspace   ] GC(32071) Metaspace: 62240K(62528K)->62240K(62528K) NonClass: 53207K(53440K)->53207K(53440K) Class: 9032K(9088K)->9032K(9088K)
[13834.535s][info][gc             ] GC(32071) Pause Young (Allocation Failure) 441M->361M(445M) 3.241ms
[13834.535s][info][gc,cpu         ] GC(32071) User=0.01s Sys=0.00s Real=0.00s
[13834.947s][info][gc,start       ] GC(32072) Pause Young (Allocation Failure)
[13834.950s][info][gc,heap        ] GC(32072) PSYoungGen: 82304K(84480K)->704K(84480K) Eden: 81920K(81920K)->0K(81920K) From: 384K(2560K)->704K(2560K)
[13834.950s][info][gc,heap        ] GC(32072) ParOldGen: 369872K(371200K)->369928K(371200K)
[13834.950s][info][gc,metaspace   ] GC(32072) Metaspace: 62240K(62528K)->62240K(62528K) NonClass: 53207K(53440K)->53207K(53440K) Class: 9032K(9088K)->9032K(9088K)
[13834.950s][info][gc             ] GC(32072) Pause Young (Allocation Failure) 441M->361M(445M) 2.419ms
[13834.950s][info][gc,cpu         ] GC(32072) User=0.00s Sys=0.00s Real=0.00s
[13835.345s][info][gc,start       ] GC(32073) Pause Young (Allocation Failure)
[13835.348s][info][gc,heap        ] GC(32073) PSYoungGen: 82624K(84480K)->640K(84480K) Eden: 81920K(81920K)->0K(81920K) From: 704K(2560K)->640K(2560K)
[13835.348s][info][gc,heap        ] GC(32073) ParOldGen: 369928K(371200K)->369984K(371200K)
[13835.348s][info][gc,metaspace   ] GC(32073) Metaspace: 62240K(62528K)->62240K(62528K) NonClass: 53207K(53440K)->53207K(53440K) Class: 9032K(9088K)->9032K(9088K)
[13835.348s][info][gc             ] GC(32073) Pause Young (Allocation Failure) 441M->361M(445M) 2.328ms
[13835.348s][info][gc,cpu         ] GC(32073) User=0.01s Sys=0.00s Real=0.01s
[13835.791s][info][gc,start       ] GC(32074) Pause Young (Allocation Failure)
[13835.794s][info][gc,heap        ] GC(32074) PSYoungGen: 82560K(84480K)->1152K(84480K) Eden: 81920K(81920K)->0K(81920K) From: 640K(2560K)->1152K(2560K)
[13835.794s][info][gc,heap        ] GC(32074) ParOldGen: 369984K(371200K)->370040K(371200K)
[13835.794s][info][gc,metaspace   ] GC(32074) Metaspace: 62240K(62528K)->62240K(62528K) NonClass: 53207K(53440K)->53207K(53440K) Class: 9032K(9088K)->9032K(9088K)
[13835.794s][info][gc             ] GC(32074) Pause Young (Allocation Failure) 441M->362M(445M) 2.797ms
[13835.794s][info][gc,cpu         ] GC(32074) User=0.01s Sys=0.00s Real=0.00s
[13836.326s][info][gc,start       ] GC(32075) Pause Young (Allocation Failure)
[13836.328s][info][gc,heap        ] GC(32075) PSYoungGen: 83072K(84480K)->320K(84480K) Eden: 81920K(81920K)->0K(81920K) From: 1152K(2560K)->320K(2560K)
[13836.328s][info][gc,heap        ] GC(32075) ParOldGen: 370040K(371200K)->370096K(371200K)
[13836.328s][info][gc,metaspace   ] GC(32075) Metaspace: 62240K(62528K)->62240K(62528K) NonClass: 53207K(53440K)->53207K(53440K) Class: 9032K(9088K)->9032K(9088K)
[13836.328s][info][gc             ] GC(32075) Pause Young (Allocation Failure) 442M->361M(445M) 2.101ms
[13836.328s][info][gc,cpu         ] GC(32075) User=0.01s Sys=0.00s Real=0.01s
[13836.774s][info][gc,start       ] GC(32076) Pause Young (Allocation Failure)
[13836.777s][info][gc,heap        ] GC(32076) PSYoungGen: 82240K(84480K)->960K(84480K) Eden: 81920K(81920K)->0K(81920K) From: 320K(2560K)->960K(2560K)
[13836.777s][info][gc,heap        ] GC(32076) ParOldGen: 370096K(371200K)->370200K(371200K)
[13836.777s][info][gc,metaspace   ] GC(32076) Metaspace: 62240K(62528K)->62240K(62528K) NonClass: 53207K(53440K)->53207K(53440K) Class: 9032K(9088K)->9032K(9088K)
[13836.777s][info][gc             ] GC(32076) Pause Young (Allocation Failure) 441M->362M(445M) 2.649ms
[13836.777s][info][gc,cpu         ] GC(32076) User=0.01s Sys=0.00s Real=0.01s
[13837.228s][info][gc,start       ] GC(32077) Pause Young (Allocation Failure)
[13837.230s][info][gc,heap        ] GC(32077) PSYoungGen: 82880K(84480K)->352K(84480K) Eden: 81920K(81920K)->0K(81920K) From: 960K(2560K)->352K(2560K)
[13837.230s][info][gc,heap        ] GC(32077) ParOldGen: 370200K(371200K)->370256K(371200K)
[13837.230s][info][gc,metaspace   ] GC(32077) Metaspace: 62240K(62528K)->62240K(62528K) NonClass: 53207K(53440K)->53207K(53440K) Class: 9032K(9088K)->9032K(9088K)
[13837.230s][info][gc             ] GC(32077) Pause Young (Allocation Failure) 442M->361M(445M) 2.104ms
[13837.230s][info][gc,cpu         ] GC(32077) User=0.00s Sys=0.00s Real=0.00s
[13837.624s][info][gc,start       ] GC(32078) Pause Young (Allocation Failure)
[13837.627s][info][gc,heap        ] GC(32078) PSYoungGen: 82272K(84480K)->512K(84480K) Eden: 81920K(81920K)->0K(81920K) From: 352K(2560K)->512K(2560K)
[13837.627s][info][gc,heap        ] GC(32078) ParOldGen: 370256K(371200K)->370312K(371200K)
[13837.627s][info][gc,metaspace   ] GC(32078) Metaspace: 62247K(62528K)->62247K(62528K) NonClass: 53214K(53440K)->53214K(53440K) Class: 9032K(9088K)->9032K(9088K)
[13837.627s][info][gc             ] GC(32078) Pause Young (Allocation Failure) 441M->362M(445M) 2.319ms
[13837.627s][info][gc,cpu         ] GC(32078) User=0.01s Sys=0.00s Real=0.01s
[13838.054s][info][gc,start       ] GC(32079) Pause Young (Allocation Failure)
[13838.057s][info][gc,heap        ] GC(32079) PSYoungGen: 82432K(84480K)->640K(84992K) Eden: 81920K(81920K)->0K(82432K) From: 512K(2560K)->640K(2560K)
[13838.057s][info][gc,heap        ] GC(32079) ParOldGen: 370312K(371200K)->370576K(371200K)
[13838.057s][info][gc,metaspace   ] GC(32079) Metaspace: 62247K(62528K)->62247K(62528K) NonClass: 53214K(53440K)->53214K(53440K) Class: 9032K(9088K)->9032K(9088K)
[13838.057s][info][gc             ] GC(32079) Pause Young (Allocation Failure) 442M->362M(445M) 2.653ms
[13838.057s][info][gc,cpu         ] GC(32079) User=0.01s Sys=0.00s Real=0.01s
[13838.474s][info][gc,start       ] GC(32080) Pause Young (Allocation Failure)
[13838.477s][info][gc,heap        ] GC(32080) PSYoungGen: 83072K(84992K)->2016K(84480K) Eden: 82432K(82432K)->0K(82432K) From: 640K(2560K)->2016K(2048K)
[13838.477s][info][gc,heap        ] GC(32080) ParOldGen: 370576K(371200K)->371656K(372736K)
[13838.477s][info][gc,metaspace   ] GC(32080) Metaspace: 62247K(62528K)->62247K(62528K) NonClass: 53214K(53440K)->53214K(53440K) Class: 9032K(9088K)->9032K(9088K)
[13838.477s][info][gc             ] GC(32080) Pause Young (Allocation Failure) 443M->364M(446M) 3.331ms
[13838.477s][info][gc,cpu         ] GC(32080) User=0.01s Sys=0.00s Real=0.01s
[13838.933s][info][gc,start       ] GC(32081) Pause Young (Allocation Failure)
[13838.937s][info][gc,heap        ] GC(32081) PSYoungGen: 84448K(84480K)->416K(83456K) Eden: 82432K(82432K)->0K(80896K) From: 2016K(2048K)->416K(2560K)
[13838.937s][info][gc,heap        ] GC(32081) ParOldGen: 371656K(372736K)->373760K(374272K)
[13838.937s][info][gc,metaspace   ] GC(32081) Metaspace: 62247K(62528K)->62247K(62528K) NonClass: 53214K(53440K)->53214K(53440K) Class: 9032K(9088K)->9032K(9088K)
[13838.937s][info][gc             ] GC(32081) Pause Young (Allocation Failure) 445M->365M(447M) 3.245ms
[13838.937s][info][gc,cpu         ] GC(32081) User=0.00s Sys=0.00s Real=0.01s
[13839.340s][info][gc,start       ] GC(32082) Pause Young (Allocation Failure)
[13839.343s][info][gc,heap        ] GC(32082) PSYoungGen: 81312K(83456K)->544K(83968K) Eden: 80896K(80896K)->0K(80896K) From: 416K(2560K)->544K(3072K)
[13839.343s][info][gc,heap        ] GC(32082) ParOldGen: 373760K(374272K)->373808K(374272K)
[13839.343s][info][gc,metaspace   ] GC(32082) Metaspace: 62247K(62528K)->62247K(62528K) NonClass: 53214K(53440K)->53214K(53440K) Class: 9032K(9088K)->9032K(9088K)
[13839.343s][info][gc             ] GC(32082) Pause Young (Allocation Failure) 444M->365M(447M) 2.351ms
[13839.343s][info][gc,cpu         ] GC(32082) User=0.01s Sys=0.00s Real=0.00s
[13839.738s][info][gc,start       ] GC(32083) Pause Young (Allocation Failure)
[13839.740s][info][gc,heap        ] GC(32083) PSYoungGen: 81440K(83968K)->512K(84480K) Eden: 80896K(80896K)->0K(81408K) From: 544K(3072K)->512K(3072K)
[13839.740s][info][gc,heap        ] GC(32083) ParOldGen: 373808K(374272K)->373864K(374272K)
[13839.740s][info][gc,metaspace   ] GC(32083) Metaspace: 62247K(62528K)->62247K(62528K) NonClass: 53214K(53440K)->53214K(53440K) Class: 9032K(9088K)->9032K(9088K)
[13839.740s][info][gc             ] GC(32083) Pause Young (Allocation Failure) 444M->365M(448M) 2.206ms
[13839.740s][info][gc,cpu         ] GC(32083) User=0.00s Sys=0.00s Real=0.00s
[13840.115s][info][gc,start       ] GC(32084) Pause Young (Allocation Failure)
[13840.118s][info][gc,heap        ] GC(32084) PSYoungGen: 81920K(84480K)->1888K(83968K) Eden: 81408K(81408K)->0K(81408K) From: 512K(3072K)->1888K(2560K)
[13840.118s][info][gc,heap        ] GC(32084) ParOldGen: 373864K(374272K)->373920K(374272K)
[13840.118s][info][gc,metaspace   ] GC(32084) Metaspace: 62247K(62528K)->62247K(62528K) NonClass: 53214K(53440K)->53214K(53440K) Class: 9032K(9088K)->9032K(9088K)
[13840.118s][info][gc             ] GC(32084) Pause Young (Allocation Failure) 445M->367M(447M) 3.417ms
[13840.118s][info][gc,cpu         ] GC(32084) User=0.01s Sys=0.00s Real=0.01s
[13840.522s][info][gc,start       ] GC(32085) Pause Young (Allocation Failure)
[13840.524s][info][gc,heap        ] GC(32085) PSYoungGen: 83296K(83968K)->256K(83968K) Eden: 81408K(81408K)->0K(80896K) From: 1888K(2560K)->256K(3072K)
[13840.524s][info][gc,heap        ] GC(32085) ParOldGen: 373920K(374272K)->373976K(374272K)
[13840.524s][info][gc,metaspace   ] GC(32085) Metaspace: 62247K(62528K)->62247K(62528K) NonClass: 53214K(53440K)->53214K(53440K) Class: 9032K(9088K)->9032K(9088K)
[13840.524s][info][gc             ] GC(32085) Pause Young (Allocation Failure) 446M->365M(447M) 2.081ms
[13840.524s][info][gc,cpu         ] GC(32085) User=0.00s Sys=0.00s Real=0.00s
[13840.918s][info][gc,start       ] GC(32086) Pause Young (Allocation Failure)
[13840.920s][info][gc,heap        ] GC(32086) PSYoungGen: 81152K(83968K)->192K(83968K) Eden: 80896K(80896K)->0K(80896K) From: 256K(3072K)->192K(3072K)
[13840.920s][info][gc,heap        ] GC(32086) ParOldGen: 373976K(374272K)->374032K(374272K)
[13840.920s][info][gc,metaspace   ] GC(32086) Metaspace: 62247K(62528K)->62247K(62528K) NonClass: 53214K(53440K)->53214K(53440K) Class: 9032K(9088K)->9032K(9088K)
[13840.920s][info][gc             ] GC(32086) Pause Young (Allocation Failure) 444M->365M(447M) 1.973ms
[13840.920s][info][gc,cpu         ] GC(32086) User=0.00s Sys=0.00s Real=0.00s
[13841.312s][info][gc,start       ] GC(32087) Pause Young (Allocation Failure)
[13841.315s][info][gc,heap        ] GC(32087) PSYoungGen: 81088K(83968K)->1696K(83968K) Eden: 80896K(80896K)->0K(80896K) From: 192K(3072K)->1696K(3072K)
[13841.316s][info][gc,heap        ] GC(32087) ParOldGen: 374032K(374272K)->374080K(374272K)
[13841.316s][info][gc,metaspace   ] GC(32087) Metaspace: 62247K(62528K)->62247K(62528K) NonClass: 53214K(53440K)->53214K(53440K) Class: 9032K(9088K)->9032K(9088K)
[13841.316s][info][gc             ] GC(32087) Pause Young (Allocation Failure) 444M->366M(447M) 3.346ms
[13841.316s][info][gc,cpu         ] GC(32087) User=0.00s Sys=0.00s Real=0.00s
[13841.717s][info][gc,start       ] GC(32088) Pause Young (Allocation Failure)
[13841.720s][info][gc,heap        ] GC(32088) PSYoungGen: 82592K(83968K)->1792K(83968K) Eden: 80896K(80896K)->0K(80896K) From: 1696K(3072K)->1792K(3072K)
[13841.720s][info][gc,heap        ] GC(32088) ParOldGen: 374080K(374272K)->374136K(374272K)
[13841.720s][info][gc,metaspace   ] GC(32088) Metaspace: 62247K(62528K)->62247K(62528K) NonClass: 53214K(53440K)->53214K(53440K) Class: 9032K(9088K)->9032K(9088K)
[13841.720s][info][gc             ] GC(32088) Pause Young (Allocation Failure) 445M->367M(447M) 3.345ms
[13841.720s][info][gc,cpu         ] GC(32088) User=0.00s Sys=0.00s Real=0.00s
[13842.106s][info][gc,start       ] GC(32089) Pause Young (Allocation Failure)
[13842.109s][info][gc,heap        ] GC(32089) PSYoungGen: 82688K(83968K)->1664K(83968K) Eden: 80896K(80896K)->0K(80896K) From: 1792K(3072K)->1664K(3072K)
[13842.109s][info][gc,heap        ] GC(32089) ParOldGen: 374136K(374272K)->374192K(374272K)
[13842.109s][info][gc,metaspace   ] GC(32089) Metaspace: 62247K(62528K)->62247K(62528K) NonClass: 53214K(53440K)->53214K(53440K) Class: 9032K(9088K)->9032K(9088K)
[13842.109s][info][gc             ] GC(32089) Pause Young (Allocation Failure) 446M->367M(447M) 3.226ms
[13842.109s][info][gc,cpu         ] GC(32089) User=0.01s Sys=0.00s Real=0.01s
[13842.537s][info][gc,start       ] GC(32090) Pause Young (Allocation Failure)
[13842.539s][info][gc,heap        ] GC(32090) PSYoungGen: 82560K(83968K)->480K(83968K) Eden: 80896K(80896K)->0K(80896K) From: 1664K(3072K)->480K(3072K)
[13842.539s][info][gc,heap        ] GC(32090) ParOldGen: 374192K(374272K)->374248K(374272K)
[13842.539s][info][gc,metaspace   ] GC(32090) Metaspace: 62247K(62528K)->62247K(62528K) NonClass: 53214K(53440K)->53214K(53440K) Class: 9032K(9088K)->9032K(9088K)
[13842.539s][info][gc             ] GC(32090) Pause Young (Allocation Failure) 446M->365M(447M) 2.248ms
[13842.539s][info][gc,cpu         ] GC(32090) User=0.00s Sys=0.00s Real=0.00s
[13842.925s][info][gc,start       ] GC(32091) Pause Young (Allocation Failure)
[13842.927s][info][gc,heap        ] GC(32091) PSYoungGen: 81376K(83968K)->2336K(82944K) Eden: 80896K(80896K)->0K(79872K) From: 480K(3072K)->2336K(3072K)
[13842.927s][info][gc,heap        ] GC(32091) ParOldGen: 374248K(374272K)->374304K(374784K)
[13842.927s][info][gc,metaspace   ] GC(32091) Metaspace: 62247K(62528K)->62247K(62528K) NonClass: 53214K(53440K)->53214K(53440K) Class: 9032K(9088K)->9032K(9088K)
[13842.927s][info][gc             ] GC(32091) Pause Young (Allocation Failure) 444M->367M(447M) 2.401ms
[13842.927s][info][gc,cpu         ] GC(32091) User=0.00s Sys=0.00s Real=0.01s
[13843.407s][info][gc,start       ] GC(32092) Pause Young (Allocation Failure)
[13843.411s][info][gc,heap        ] GC(32092) PSYoungGen: 82208K(82944K)->1520K(83456K) Eden: 79872K(79872K)->0K(79872K) From: 2336K(3072K)->1520K(3584K)
[13843.411s][info][gc,heap        ] GC(32092) ParOldGen: 374304K(374784K)->376408K(377856K)
[13843.411s][info][gc,metaspace   ] GC(32092) Metaspace: 62247K(62528K)->62247K(62528K) NonClass: 53214K(53440K)->53214K(53440K) Class: 9032K(9088K)->9032K(9088K)
[13843.411s][info][gc             ] GC(32092) Pause Young (Allocation Failure) 445M->369M(450M) 4.197ms
[13843.411s][info][gc,cpu         ] GC(32092) User=0.00s Sys=0.00s Real=0.00s
[13843.834s][info][gc,start       ] GC(32093) Pause Young (Allocation Failure)
[13843.836s][info][gc,heap        ] GC(32093) PSYoungGen: 81392K(83456K)->448K(83968K) Eden: 79872K(79872K)->0K(80384K) From: 1520K(3584K)->448K(3584K)
[13843.836s][info][gc,heap        ] GC(32093) ParOldGen: 376408K(377856K)->376512K(377856K)
[13843.836s][info][gc,metaspace   ] GC(32093) Metaspace: 62247K(62528K)->62247K(62528K) NonClass: 53214K(53440K)->53214K(53440K) Class: 9032K(9088K)->9032K(9088K)
[13843.836s][info][gc             ] GC(32093) Pause Young (Allocation Failure) 447M->368M(451M) 2.307ms
[13843.836s][info][gc,cpu         ] GC(32093) User=0.01s Sys=0.00s Real=0.00s
[13844.212s][info][gc,start       ] GC(32094) Pause Young (Allocation Failure)
[13844.216s][info][gc,heap        ] GC(32094) PSYoungGen: 80832K(83968K)->1856K(83456K) Eden: 80384K(80384K)->0K(80384K) From: 448K(3584K)->1856K(3072K)
[13844.216s][info][gc,heap        ] GC(32094) ParOldGen: 376512K(377856K)->376568K(377856K)
[13844.216s][info][gc,metaspace   ] GC(32094) Metaspace: 62247K(62528K)->62247K(62528K) NonClass: 53214K(53440K)->53214K(53440K) Class: 9032K(9088K)->9032K(9088K)
[13844.216s][info][gc             ] GC(32094) Pause Young (Allocation Failure) 446M->369M(450M) 3.545ms
[13844.216s][info][gc,cpu         ] GC(32094) User=0.00s Sys=0.00s Real=0.00s
[13844.583s][info][gc,start       ] GC(32095) Pause Young (Allocation Failure)
[13844.586s][info][gc,heap        ] GC(32095) PSYoungGen: 82240K(83456K)->1216K(83968K) Eden: 80384K(80384K)->0K(80384K) From: 1856K(3072K)->1216K(3584K)
[13844.586s][info][gc,heap        ] GC(32095) ParOldGen: 376568K(377856K)->376624K(377856K)
[13844.586s][info][gc,metaspace   ] GC(32095) Metaspace: 62247K(62528K)->62247K(62528K) NonClass: 53214K(53440K)->53214K(53440K) Class: 9032K(9088K)->9032K(9088K)
[13844.586s][info][gc             ] GC(32095) Pause Young (Allocation Failure) 448M->368M(451M) 2.853ms
[13844.586s][info][gc,cpu         ] GC(32095) User=0.00s Sys=0.00s Real=0.00s
[13845.009s][info][gc,start       ] GC(32096) Pause Young (Allocation Failure)
[13845.012s][info][gc,heap        ] GC(32096) PSYoungGen: 81600K(83968K)->1568K(83456K) Eden: 80384K(80384K)->0K(80384K) From: 1216K(3584K)->1568K(3072K)
[13845.012s][info][gc,heap        ] GC(32096) ParOldGen: 376624K(377856K)->376680K(377856K)
[13845.012s][info][gc,metaspace   ] GC(32096) Metaspace: 62247K(62528K)->62247K(62528K) NonClass: 53214K(53440K)->53214K(53440K) Class: 9032K(9088K)->9032K(9088K)
[13845.012s][info][gc             ] GC(32096) Pause Young (Allocation Failure) 447M->369M(450M) 3.107ms
[13845.012s][info][gc,cpu         ] GC(32096) User=0.01s Sys=0.00s Real=0.00s
[13845.383s][info][gc,start       ] GC(32097) Pause Young (Allocation Failure)
[13845.386s][info][gc,heap        ] GC(32097) PSYoungGen: 81952K(83456K)->1248K(83968K) Eden: 80384K(80384K)->0K(80896K) From: 1568K(3072K)->1248K(3072K)
[13845.386s][info][gc,heap        ] GC(32097) ParOldGen: 376680K(377856K)->376744K(377856K)
[13845.386s][info][gc,metaspace   ] GC(32097) Metaspace: 62247K(62528K)->62247K(62528K) NonClass: 53214K(53440K)->53214K(53440K) Class: 9032K(9088K)->9032K(9088K)
[13845.386s][info][gc             ] GC(32097) Pause Young (Allocation Failure) 447M->369M(451M) 2.876ms
[13845.386s][info][gc,cpu         ] GC(32097) User=0.00s Sys=0.00s Real=0.00s
[13845.812s][info][gc,start       ] GC(32098) Pause Young (Allocation Failure)
[13845.815s][info][gc,heap        ] GC(32098) PSYoungGen: 82144K(83968K)->1568K(83968K) Eden: 80896K(80896K)->0K(80896K) From: 1248K(3072K)->1568K(3072K)
[13845.815s][info][gc,heap        ] GC(32098) ParOldGen: 376744K(377856K)->376792K(377856K)
[13845.815s][info][gc,metaspace   ] GC(32098) Metaspace: 62247K(62528K)->62247K(62528K) NonClass: 53214K(53440K)->53214K(53440K) Class: 9032K(9088K)->9032K(9088K)
[13845.815s][info][gc             ] GC(32098) Pause Young (Allocation Failure) 448M->369M(451M) 3.118ms
[13845.815s][info][gc,cpu         ] GC(32098) User=0.01s Sys=0.00s Real=0.00s
[13846.244s][info][gc,start       ] GC(32099) Pause Young (Allocation Failure)
[13846.246s][info][gc,heap        ] GC(32099) PSYoungGen: 82464K(83968K)->576K(83968K) Eden: 80896K(80896K)->0K(80896K) From: 1568K(3072K)->576K(3072K)
[13846.246s][info][gc,heap        ] GC(32099) ParOldGen: 376792K(377856K)->376848K(377856K)
[13846.246s][info][gc,metaspace   ] GC(32099) Metaspace: 62247K(62528K)->62247K(62528K) NonClass: 53214K(53440K)->53214K(53440K) Class: 9032K(9088K)->9032K(9088K)
[13846.246s][info][gc             ] GC(32099) Pause Young (Allocation Failure) 448M->368M(451M) 2.277ms
[13846.246s][info][gc,cpu         ] GC(32099) User=0.00s Sys=0.00s Real=0.00s
[13846.679s][info][gc,start       ] GC(32100) Pause Young (Allocation Failure)
[13846.681s][info][gc,heap        ] GC(32100) PSYoungGen: 81472K(83968K)->1088K(83968K) Eden: 80896K(80896K)->0K(80896K) From: 576K(3072K)->1088K(3072K)
[13846.681s][info][gc,heap        ] GC(32100) ParOldGen: 376848K(377856K)->376896K(377856K)
[13846.681s][info][gc,metaspace   ] GC(32100) Metaspace: 62247K(62528K)->62247K(62528K) NonClass: 53214K(53440K)->53214K(53440K) Class: 9032K(9088K)->9032K(9088K)
[13846.681s][info][gc             ] GC(32100) Pause Young (Allocation Failure) 447M->369M(451M) 2.739ms
[13846.681s][info][gc,cpu         ] GC(32100) User=0.00s Sys=0.00s Real=0.00s
[13847.063s][info][gc,start       ] GC(32101) Pause Young (Allocation Failure)
[13847.066s][info][gc,heap        ] GC(32101) PSYoungGen: 81984K(83968K)->960K(84480K) Eden: 80896K(80896K)->0K(81920K) From: 1088K(3072K)->960K(2560K)
[13847.066s][info][gc,heap        ] GC(32101) ParOldGen: 376896K(377856K)->376952K(377856K)
[13847.066s][info][gc,metaspace   ] GC(32101) Metaspace: 62247K(62528K)->62247K(62528K) NonClass: 53214K(53440K)->53214K(53440K) Class: 9032K(9088K)->9032K(9088K)
[13847.066s][info][gc             ] GC(32101) Pause Young (Allocation Failure) 448M->369M(451M) 2.586ms
[13847.066s][info][gc,cpu         ] GC(32101) User=0.00s Sys=0.00s Real=0.00s
[13847.446s][info][gc,start       ] GC(32102) Pause Young (Allocation Failure)
[13847.449s][info][gc,heap        ] GC(32102) PSYoungGen: 82880K(84480K)->2528K(84480K) Eden: 81920K(81920K)->0K(81920K) From: 960K(2560K)->2528K(2560K)
[13847.449s][info][gc,heap        ] GC(32102) ParOldGen: 376952K(377856K)->377128K(377856K)
[13847.449s][info][gc,metaspace   ] GC(32102) Metaspace: 62247K(62528K)->62247K(62528K) NonClass: 53214K(53440K)->53214K(53440K) Class: 9032K(9088K)->9032K(9088K)
[13847.449s][info][gc             ] GC(32102) Pause Young (Allocation Failure) 449M->370M(451M) 2.696ms
[13847.449s][info][gc,cpu         ] GC(32102) User=0.01s Sys=0.00s Real=0.01s
[13847.881s][info][gc,start       ] GC(32103) Pause Young (Allocation Failure)
[13847.885s][info][gc,heap        ] GC(32103) PSYoungGen: 84448K(84480K)->1152K(83456K) Eden: 81920K(81920K)->0K(80896K) From: 2528K(2560K)->1152K(2560K)
[13847.885s][info][gc,heap        ] GC(32103) ParOldGen: 377128K(377856K)->379208K(379392K)
[13847.885s][info][gc,metaspace   ] GC(32103) Metaspace: 62247K(62528K)->62247K(62528K) NonClass: 53214K(53440K)->53214K(53440K) Class: 9032K(9088K)->9032K(9088K)
[13847.885s][info][gc             ] GC(32103) Pause Young (Allocation Failure) 450M->371M(452M) 3.855ms
[13847.885s][info][gc,cpu         ] GC(32103) User=0.00s Sys=0.00s Real=0.00s
[13848.315s][info][gc,start       ] GC(32104) Pause Young (Allocation Failure)
[13848.318s][info][gc,heap        ] GC(32104) PSYoungGen: 82048K(83456K)->1568K(83968K) Eden: 80896K(80896K)->0K(80896K) From: 1152K(2560K)->1568K(3072K)
[13848.318s][info][gc,heap        ] GC(32104) ParOldGen: 379208K(379392K)->379272K(379392K)
[13848.318s][info][gc,metaspace   ] GC(32104) Metaspace: 62247K(62528K)->62247K(62528K) NonClass: 53214K(53440K)->53214K(53440K) Class: 9032K(9088K)->9032K(9088K)
[13848.318s][info][gc             ] GC(32104) Pause Young (Allocation Failure) 450M->371M(452M) 3.154ms
[13848.318s][info][gc,cpu         ] GC(32104) User=0.00s Sys=0.00s Real=0.01s
[13848.752s][info][gc,start       ] GC(32105) Pause Young (Allocation Failure)
[13848.755s][info][gc,heap        ] GC(32105) PSYoungGen: 82464K(83968K)->672K(83968K) Eden: 80896K(80896K)->0K(80896K) From: 1568K(3072K)->672K(3072K)
[13848.755s][info][gc,heap        ] GC(32105) ParOldGen: 379272K(379392K)->379328K(379392K)
[13848.755s][info][gc,metaspace   ] GC(32105) Metaspace: 62247K(62528K)->62247K(62528K) NonClass: 53214K(53440K)->53214K(53440K) Class: 9032K(9088K)->9032K(9088K)
[13848.755s][info][gc             ] GC(32105) Pause Young (Allocation Failure) 450M->371M(452M) 2.449ms
[13848.755s][info][gc,cpu         ] GC(32105) User=0.01s Sys=0.00s Real=0.00s
[13849.183s][info][gc,start       ] GC(32106) Pause Young (Allocation Failure)
[13849.185s][info][gc,heap        ] GC(32106) PSYoungGen: 81568K(83968K)->1184K(83968K) Eden: 80896K(80896K)->0K(80896K) From: 672K(3072K)->1184K(3072K)
[13849.185s][info][gc,heap        ] GC(32106) ParOldGen: 379328K(379392K)->379384K(379392K)
[13849.185s][info][gc,metaspace   ] GC(32106) Metaspace: 62247K(62528K)->62247K(62528K) NonClass: 53214K(53440K)->53214K(53440K) Class: 9032K(9088K)->9032K(9088K)
[13849.186s][info][gc             ] GC(32106) Pause Young (Allocation Failure) 450M->371M(452M) 2.785ms
[13849.186s][info][gc,cpu         ] GC(32106) User=0.01s Sys=0.00s Real=0.00s
[13849.811s][info][gc,start       ] GC(32107) Pause Young (Allocation Failure)
[13849.815s][info][gc,heap        ] GC(32107) PSYoungGen: 82080K(83968K)->2432K(83456K) Eden: 80896K(80896K)->0K(80896K) From: 1184K(3072K)->2432K(2560K)
[13849.815s][info][gc,heap        ] GC(32107) ParOldGen: 379384K(379392K)->380560K(381440K)
[13849.815s][info][gc,metaspace   ] GC(32107) Metaspace: 62250K(62528K)->62250K(62528K) NonClass: 53217K(53440K)->53217K(53440K) Class: 9032K(9088K)->9032K(9088K)
[13849.815s][info][gc             ] GC(32107) Pause Young (Allocation Failure) 450M->374M(454M) 4.184ms
[13849.816s][info][gc,cpu         ] GC(32107) User=0.01s Sys=0.00s Real=0.00s
[13850.245s][info][gc,start       ] GC(32108) Pause Young (Allocation Failure)
[13850.249s][info][gc,heap        ] GC(32108) PSYoungGen: 83328K(83456K)->608K(83968K) Eden: 80896K(80896K)->0K(80896K) From: 2432K(2560K)->608K(3072K)
[13850.249s][info][gc,heap        ] GC(32108) ParOldGen: 380560K(381440K)->382768K(382976K)
[13850.249s][info][gc,metaspace   ] GC(32108) Metaspace: 62250K(62528K)->62250K(62528K) NonClass: 53217K(53440K)->53217K(53440K) Class: 9032K(9088K)->9032K(9088K)
[13850.249s][info][gc             ] GC(32108) Pause Young (Allocation Failure) 453M->374M(456M) 3.734ms
[13850.249s][info][gc,cpu         ] GC(32108) User=0.00s Sys=0.00s Real=0.01s
[13850.691s][info][gc,start       ] GC(32109) Pause Young (Allocation Failure)
[13850.694s][info][gc,heap        ] GC(32109) PSYoungGen: 81504K(83968K)->1520K(83968K) Eden: 80896K(80896K)->0K(80896K) From: 608K(3072K)->1520K(3072K)
[13850.694s][info][gc,heap        ] GC(32109) ParOldGen: 382768K(382976K)->382840K(382976K)
[13850.694s][info][gc,metaspace   ] GC(32109) Metaspace: 62250K(62528K)->62250K(62528K) NonClass: 53217K(53440K)->53217K(53440K) Class: 9032K(9088K)->9032K(9088K)
[13850.694s][info][gc             ] GC(32109) Pause Young (Allocation Failure) 453M->375M(456M) 3.209ms
[13850.694s][info][gc,cpu         ] GC(32109) User=0.00s Sys=0.00s Real=0.00s
[13851.130s][info][gc,start       ] GC(32110) Pause Young (Allocation Failure)
[13851.133s][info][gc,heap        ] GC(32110) PSYoungGen: 82416K(83968K)->384K(83968K) Eden: 80896K(80896K)->0K(80896K) From: 1520K(3072K)->384K(3072K)
[13851.133s][info][gc,heap        ] GC(32110) ParOldGen: 382840K(382976K)->382944K(382976K)
[13851.133s][info][gc,metaspace   ] GC(32110) Metaspace: 62250K(62528K)->62250K(62528K) NonClass: 53217K(53440K)->53217K(53440K) Class: 9032K(9088K)->9032K(9088K)
[13851.133s][info][gc             ] GC(32110) Pause Young (Allocation Failure) 454M->374M(456M) 2.259ms
[13851.133s][info][gc,cpu         ] GC(32110) User=0.01s Sys=0.00s Real=0.00s
[13851.530s][info][gc,start       ] GC(32111) Pause Young (Allocation Failure)
[13851.533s][info][gc,heap        ] GC(32111) PSYoungGen: 81280K(83968K)->416K(83968K) Eden: 80896K(80896K)->0K(80896K) From: 384K(3072K)->416K(3072K)
[13851.533s][info][gc,heap        ] GC(32111) ParOldGen: 382944K(382976K)->383000K(383488K)
[13851.533s][info][gc,metaspace   ] GC(32111) Metaspace: 62250K(62528K)->62250K(62528K) NonClass: 53217K(53440K)->53217K(53440K) Class: 9032K(9088K)->9032K(9088K)
[13851.533s][info][gc             ] GC(32111) Pause Young (Allocation Failure) 453M->374M(456M) 2.266ms
[13851.533s][info][gc,cpu         ] GC(32111) User=0.00s Sys=0.00s Real=0.00s
[13851.962s][info][gc,start       ] GC(32112) Pause Young (Allocation Failure)
[13851.965s][info][gc,heap        ] GC(32112) PSYoungGen: 81312K(83968K)->832K(83968K) Eden: 80896K(80896K)->0K(80896K) From: 416K(3072K)->832K(3072K)
[13851.965s][info][gc,heap        ] GC(32112) ParOldGen: 383000K(383488K)->383056K(383488K)
[13851.965s][info][gc,metaspace   ] GC(32112) Metaspace: 62250K(62528K)->62250K(62528K) NonClass: 53217K(53440K)->53217K(53440K) Class: 9032K(9088K)->9032K(9088K)
[13851.965s][info][gc             ] GC(32112) Pause Young (Allocation Failure) 453M->374M(456M) 2.542ms
[13851.965s][info][gc,cpu         ] GC(32112) User=0.00s Sys=0.00s Real=0.00s
[13852.420s][info][gc,start       ] GC(32113) Pause Young (Allocation Failure)
[13852.422s][info][gc,heap        ] GC(32113) PSYoungGen: 81728K(83968K)->224K(83968K) Eden: 80896K(80896K)->0K(80896K) From: 832K(3072K)->224K(3072K)
[13852.422s][info][gc,heap        ] GC(32113) ParOldGen: 383056K(383488K)->383104K(383488K)
[13852.422s][info][gc,metaspace   ] GC(32113) Metaspace: 62250K(62528K)->62250K(62528K) NonClass: 53217K(53440K)->53217K(53440K) Class: 9032K(9088K)->9032K(9088K)
[13852.422s][info][gc             ] GC(32113) Pause Young (Allocation Failure) 453M->374M(456M) 2.131ms
[13852.422s][info][gc,cpu         ] GC(32113) User=0.00s Sys=0.00s Real=0.00s
[13852.880s][info][gc,start       ] GC(32114) Pause Young (Allocation Failure)
[13852.883s][info][gc,heap        ] GC(32114) PSYoungGen: 81120K(83968K)->1088K(83968K) Eden: 80896K(80896K)->0K(80896K) From: 224K(3072K)->1088K(3072K)
[13852.883s][info][gc,heap        ] GC(32114) ParOldGen: 383104K(383488K)->383160K(383488K)
[13852.883s][info][gc,metaspace   ] GC(32114) Metaspace: 62250K(62528K)->62250K(62528K) NonClass: 53217K(53440K)->53217K(53440K) Class: 9032K(9088K)->9032K(9088K)
[13852.883s][info][gc             ] GC(32114) Pause Young (Allocation Failure) 453M->375M(456M) 2.948ms
[13852.883s][info][gc,cpu         ] GC(32114) User=0.01s Sys=0.00s Real=0.00s
[13853.324s][info][gc,start       ] GC(32115) Pause Young (Allocation Failure)
[13853.326s][info][gc,heap        ] GC(32115) PSYoungGen: 81984K(83968K)->256K(84480K) Eden: 80896K(80896K)->0K(81920K) From: 1088K(3072K)->256K(2560K)
[13853.326s][info][gc,heap        ] GC(32115) ParOldGen: 383160K(383488K)->383216K(383488K)
[13853.326s][info][gc,metaspace   ] GC(32115) Metaspace: 62250K(62528K)->62250K(62528K) NonClass: 53217K(53440K)->53217K(53440K) Class: 9032K(9088K)->9032K(9088K)
[13853.326s][info][gc             ] GC(32115) Pause Young (Allocation Failure) 454M->374M(457M) 2.080ms
[13853.326s][info][gc,cpu         ] GC(32115) User=0.01s Sys=0.00s Real=0.00s
[13853.722s][info][gc,start       ] GC(32116) Pause Young (Allocation Failure)
[13853.724s][info][gc,heap        ] GC(32116) PSYoungGen: 82176K(84480K)->2304K(84480K) Eden: 81920K(81920K)->0K(81920K) From: 256K(2560K)->2304K(2560K)
[13853.724s][info][gc,heap        ] GC(32116) ParOldGen: 383216K(383488K)->383272K(383488K)
[13853.724s][info][gc,metaspace   ] GC(32116) Metaspace: 62250K(62528K)->62250K(62528K) NonClass: 53217K(53440K)->53217K(53440K) Class: 9032K(9088K)->9032K(9088K)
[13853.724s][info][gc             ] GC(32116) Pause Young (Allocation Failure) 454M->376M(457M) 2.399ms
[13853.724s][info][gc,cpu         ] GC(32116) User=0.00s Sys=0.00s Real=0.00s
[13854.119s][info][gc,start       ] GC(32117) Pause Young (Allocation Failure)
[13854.122s][info][gc,heap        ] GC(32117) PSYoungGen: 84224K(84480K)->224K(83456K) Eden: 81920K(81920K)->0K(80896K) From: 2304K(2560K)->224K(2560K)
[13854.122s][info][gc,heap        ] GC(32117) ParOldGen: 383272K(383488K)->385368K(386560K)
[13854.122s][info][gc,metaspace   ] GC(32117) Metaspace: 62250K(62528K)->62250K(62528K) NonClass: 53217K(53440K)->53217K(53440K) Class: 9032K(9088K)->9032K(9088K)
[13854.122s][info][gc             ] GC(32117) Pause Young (Allocation Failure) 456M->376M(459M) 3.125ms
[13854.122s][info][gc,cpu         ] GC(32117) User=0.01s Sys=0.00s Real=0.00s
[13854.509s][info][gc,start       ] GC(32118) Pause Young (Allocation Failure)
[13854.512s][info][gc,heap        ] GC(32118) PSYoungGen: 81120K(83456K)->1664K(83968K) Eden: 80896K(80896K)->0K(80896K) From: 224K(2560K)->1664K(3072K)
[13854.512s][info][gc,heap        ] GC(32118) ParOldGen: 385368K(386560K)->385424K(386560K)
[13854.512s][info][gc,metaspace   ] GC(32118) Metaspace: 62250K(62528K)->62250K(62528K) NonClass: 53217K(53440K)->53217K(53440K) Class: 9032K(9088K)->9032K(9088K)
[13854.512s][info][gc             ] GC(32118) Pause Young (Allocation Failure) 455M->378M(459M) 3.214ms
[13854.512s][info][gc,cpu         ] GC(32118) User=0.00s Sys=0.00s Real=0.00s
[13854.896s][info][gc,start       ] GC(32119) Pause Young (Allocation Failure)
[13854.899s][info][gc,heap        ] GC(32119) PSYoungGen: 82560K(83968K)->1472K(83968K) Eden: 80896K(80896K)->0K(80896K) From: 1664K(3072K)->1472K(3072K)
[13854.899s][info][gc,heap        ] GC(32119) ParOldGen: 385424K(386560K)->385480K(386560K)
[13854.899s][info][gc,metaspace   ] GC(32119) Metaspace: 62250K(62528K)->62250K(62528K) NonClass: 53217K(53440K)->53217K(53440K) Class: 9032K(9088K)->9032K(9088K)
[13854.900s][info][gc             ] GC(32119) Pause Young (Allocation Failure) 457M->377M(459M) 3.068ms
[13854.900s][info][gc,cpu         ] GC(32119) User=0.01s Sys=0.00s Real=0.00s
[13855.329s][info][gc,start       ] GC(32120) Pause Young (Allocation Failure)
[13855.331s][info][gc,heap        ] GC(32120) PSYoungGen: 82368K(83968K)->352K(83968K) Eden: 80896K(80896K)->0K(80896K) From: 1472K(3072K)->352K(3072K)
[13855.331s][info][gc,heap        ] GC(32120) ParOldGen: 385480K(386560K)->385536K(386560K)
[13855.331s][info][gc,metaspace   ] GC(32120) Metaspace: 62250K(62528K)->62250K(62528K) NonClass: 53217K(53440K)->53217K(53440K) Class: 9032K(9088K)->9032K(9088K)
[13855.331s][info][gc             ] GC(32120) Pause Young (Allocation Failure) 456M->376M(459M) 2.069ms
[13855.331s][info][gc,cpu         ] GC(32120) User=0.00s Sys=0.00s Real=0.00s
[13855.756s][info][gc,start       ] GC(32121) Pause Young (Allocation Failure)
[13855.758s][info][gc,heap        ] GC(32121) PSYoungGen: 81248K(83968K)->736K(83968K) Eden: 80896K(80896K)->0K(80896K) From: 352K(3072K)->736K(3072K)
[13855.758s][info][gc,heap        ] GC(32121) ParOldGen: 385536K(386560K)->385592K(386560K)
[13855.758s][info][gc,metaspace   ] GC(32121) Metaspace: 62250K(62528K)->62250K(62528K) NonClass: 53217K(53440K)->53217K(53440K) Class: 9032K(9088K)->9032K(9088K)
[13855.758s][info][gc             ] GC(32121) Pause Young (Allocation Failure) 455M->377M(459M) 2.482ms
[13855.758s][info][gc,cpu         ] GC(32121) User=0.00s Sys=0.00s Real=0.01s
[13856.156s][info][gc,start       ] GC(32122) Pause Young (Allocation Failure)
[13856.159s][info][gc,heap        ] GC(32122) PSYoungGen: 81632K(83968K)->832K(83968K) Eden: 80896K(80896K)->0K(80896K) From: 736K(3072K)->832K(3072K)
[13856.159s][info][gc,heap        ] GC(32122) ParOldGen: 385592K(386560K)->385648K(386560K)
[13856.159s][info][gc,metaspace   ] GC(32122) Metaspace: 62250K(62528K)->62250K(62528K) NonClass: 53217K(53440K)->53217K(53440K) Class: 9032K(9088K)->9032K(9088K)
[13856.159s][info][gc             ] GC(32122) Pause Young (Allocation Failure) 456M->377M(459M) 2.564ms
[13856.159s][info][gc,cpu         ] GC(32122) User=0.01s Sys=0.00s Real=0.01s
[13856.550s][info][gc,start       ] GC(32123) Pause Young (Allocation Failure)
[13856.552s][info][gc,heap        ] GC(32123) PSYoungGen: 81728K(83968K)->672K(84480K) Eden: 80896K(80896K)->0K(81920K) From: 832K(3072K)->672K(2560K)
[13856.552s][info][gc,heap        ] GC(32123) ParOldGen: 385648K(386560K)->385704K(386560K)
[13856.552s][info][gc,metaspace   ] GC(32123) Metaspace: 62250K(62528K)->62250K(62528K) NonClass: 53217K(53440K)->53217K(53440K) Class: 9032K(9088K)->9032K(9088K)
[13856.552s][info][gc             ] GC(32123) Pause Young (Allocation Failure) 456M->377M(460M) 2.414ms
[13856.552s][info][gc,cpu         ] GC(32123) User=0.01s Sys=0.00s Real=0.00s
[13856.940s][info][gc,start       ] GC(32124) Pause Young (Allocation Failure)
[13856.942s][info][gc,heap        ] GC(32124) PSYoungGen: 82592K(84480K)->544K(84480K) Eden: 81920K(81920K)->0K(81920K) From: 672K(2560K)->544K(2560K)
[13856.942s][info][gc,heap        ] GC(32124) ParOldGen: 385704K(386560K)->385760K(386560K)
[13856.942s][info][gc,metaspace   ] GC(32124) Metaspace: 62250K(62528K)->62250K(62528K) NonClass: 53217K(53440K)->53217K(53440K) Class: 9032K(9088K)->9032K(9088K)
[13856.942s][info][gc             ] GC(32124) Pause Young (Allocation Failure) 457M->377M(460M) 2.298ms
[13856.942s][info][gc,cpu         ] GC(32124) User=0.01s Sys=0.00s Real=0.00s
[13857.339s][info][gc,start       ] GC(32125) Pause Young (Allocation Failure)
[13857.342s][info][gc,heap        ] GC(32125) PSYoungGen: 82464K(84480K)->544K(84480K) Eden: 81920K(81920K)->0K(81920K) From: 544K(2560K)->544K(2560K)
[13857.342s][info][gc,heap        ] GC(32125) ParOldGen: 385760K(386560K)->385808K(386560K)
[13857.342s][info][gc,metaspace   ] GC(32125) Metaspace: 62250K(62528K)->62250K(62528K) NonClass: 53217K(53440K)->53217K(53440K) Class: 9032K(9088K)->9032K(9088K)
[13857.342s][info][gc             ] GC(32125) Pause Young (Allocation Failure) 457M->377M(460M) 2.437ms
[13857.342s][info][gc,cpu         ] GC(32125) User=0.01s Sys=0.00s Real=0.00s
[13857.828s][info][gc,start       ] GC(32126) Pause Young (Allocation Failure)
[13857.830s][info][gc,heap        ] GC(32126) PSYoungGen: 82464K(84480K)->384K(84480K) Eden: 81920K(81920K)->0K(81920K) From: 544K(2560K)->384K(2560K)
[13857.830s][info][gc,heap        ] GC(32126) ParOldGen: 385808K(386560K)->385864K(386560K)
[13857.830s][info][gc,metaspace   ] GC(32126) Metaspace: 62250K(62528K)->62250K(62528K) NonClass: 53217K(53440K)->53217K(53440K) Class: 9032K(9088K)->9032K(9088K)
[13857.830s][info][gc             ] GC(32126) Pause Young (Allocation Failure) 457M->377M(460M) 2.175ms
[13857.830s][info][gc,cpu         ] GC(32126) User=0.00s Sys=0.00s Real=0.00s
[13858.253s][info][gc,start       ] GC(32127) Pause Young (Allocation Failure)
[13858.256s][info][gc,heap        ] GC(32127) PSYoungGen: 82304K(84480K)->1696K(84480K) Eden: 81920K(81920K)->0K(81920K) From: 384K(2560K)->1696K(2560K)
[13858.256s][info][gc,heap        ] GC(32127) ParOldGen: 385864K(386560K)->386992K(388096K)
[13858.256s][info][gc,metaspace   ] GC(32127) Metaspace: 62250K(62528K)->62250K(62528K) NonClass: 53217K(53440K)->53217K(53440K) Class: 9032K(9088K)->9032K(9088K)
[13858.256s][info][gc             ] GC(32127) Pause Young (Allocation Failure) 457M->379M(461M) 3.094ms
[13858.256s][info][gc,cpu         ] GC(32127) User=0.01s Sys=0.00s Real=0.01s
[13858.695s][info][gc,start       ] GC(32128) Pause Young (Allocation Failure)
[13858.699s][info][gc,heap        ] GC(32128) PSYoungGen: 83616K(84480K)->1280K(84480K) Eden: 81920K(81920K)->0K(81920K) From: 1696K(2560K)->1280K(2560K)
[13858.699s][info][gc,heap        ] GC(32128) ParOldGen: 386992K(388096K)->389088K(389632K)
[13858.699s][info][gc,metaspace   ] GC(32128) Metaspace: 62250K(62528K)->62250K(62528K) NonClass: 53217K(53440K)->53217K(53440K) Class: 9032K(9088K)->9032K(9088K)
[13858.699s][info][gc             ] GC(32128) Pause Young (Allocation Failure) 459M->381M(463M) 4.010ms
[13858.699s][info][gc,cpu         ] GC(32128) User=0.00s Sys=0.00s Real=0.01s
[13859.138s][info][gc,start       ] GC(32129) Pause Young (Allocation Failure)
[13859.140s][info][gc,heap        ] GC(32129) PSYoungGen: 83200K(84480K)->512K(84480K) Eden: 81920K(81920K)->0K(81920K) From: 1280K(2560K)->512K(2560K)
[13859.140s][info][gc,heap        ] GC(32129) ParOldGen: 389088K(389632K)->389136K(389632K)
[13859.140s][info][gc,metaspace   ] GC(32129) Metaspace: 62250K(62528K)->62250K(62528K) NonClass: 53217K(53440K)->53217K(53440K) Class: 9032K(9088K)->9032K(9088K)
[13859.140s][info][gc             ] GC(32129) Pause Young (Allocation Failure) 461M->380M(463M) 2.229ms
[13859.140s][info][gc,cpu         ] GC(32129) User=0.01s Sys=0.00s Real=0.00s
[13859.607s][info][gc,start       ] GC(32130) Pause Young (Allocation Failure)
[13859.610s][info][gc,heap        ] GC(32130) PSYoungGen: 82432K(84480K)->1344K(84480K) Eden: 81920K(81920K)->0K(81920K) From: 512K(2560K)->1344K(2560K)
[13859.610s][info][gc,heap        ] GC(32130) ParOldGen: 389136K(389632K)->389184K(389632K)
[13859.610s][info][gc,metaspace   ] GC(32130) Metaspace: 62250K(62528K)->62250K(62528K) NonClass: 53217K(53440K)->53217K(53440K) Class: 9032K(9088K)->9032K(9088K)
[13859.610s][info][gc             ] GC(32130) Pause Young (Allocation Failure) 460M->381M(463M) 3.184ms
[13859.610s][info][gc,cpu         ] GC(32130) User=0.01s Sys=0.00s Real=0.00s
[13860.075s][info][gc,start       ] GC(32131) Pause Young (Allocation Failure)
[13860.078s][info][gc,heap        ] GC(32131) PSYoungGen: 83264K(84480K)->992K(84480K) Eden: 81920K(81920K)->0K(81920K) From: 1344K(2560K)->992K(2560K)
[13860.078s][info][gc,heap        ] GC(32131) ParOldGen: 389184K(389632K)->389232K(389632K)
[13860.078s][info][gc,metaspace   ] GC(32131) Metaspace: 62250K(62528K)->62250K(62528K) NonClass: 53217K(53440K)->53217K(53440K) Class: 9032K(9088K)->9032K(9088K)
[13860.078s][info][gc             ] GC(32131) Pause Young (Allocation Failure) 461M->381M(463M) 2.882ms
[13860.078s][info][gc,cpu         ] GC(32131) User=0.00s Sys=0.00s Real=0.01s
[13860.556s][info][gc,start       ] GC(32132) Pause Young (Allocation Failure)
[13860.558s][info][gc,heap        ] GC(32132) PSYoungGen: 82912K(84480K)->672K(84480K) Eden: 81920K(81920K)->0K(81920K) From: 992K(2560K)->672K(2560K)
[13860.558s][info][gc,heap        ] GC(32132) ParOldGen: 389232K(389632K)->389280K(389632K)
[13860.558s][info][gc,metaspace   ] GC(32132) Metaspace: 62250K(62528K)->62250K(62528K) NonClass: 53217K(53440K)->53217K(53440K) Class: 9032K(9088K)->9032K(9088K)
[13860.558s][info][gc             ] GC(32132) Pause Young (Allocation Failure) 461M->380M(463M) 2.448ms
[13860.559s][info][gc,cpu         ] GC(32132) User=0.00s Sys=0.00s Real=0.01s
[13861.013s][info][gc,start       ] GC(32133) Pause Young (Allocation Failure)
[13861.016s][info][gc,heap        ] GC(32133) PSYoungGen: 82592K(84480K)->1568K(84480K) Eden: 81920K(81920K)->0K(81920K) From: 672K(2560K)->1568K(2560K)
[13861.016s][info][gc,heap        ] GC(32133) ParOldGen: 389280K(389632K)->389328K(389632K)
[13861.016s][info][gc,metaspace   ] GC(32133) Metaspace: 62250K(62528K)->62250K(62528K) NonClass: 53217K(53440K)->53217K(53440K) Class: 9032K(9088K)->9032K(9088K)
[13861.016s][info][gc             ] GC(32133) Pause Young (Allocation Failure) 460M->381M(463M) 3.191ms
[13861.016s][info][gc,cpu         ] GC(32133) User=0.01s Sys=0.00s Real=0.01s
[13861.419s][info][gc,start       ] GC(32134) Pause Young (Allocation Failure)
[13861.421s][info][gc,heap        ] GC(32134) PSYoungGen: 83488K(84480K)->224K(84480K) Eden: 81920K(81920K)->0K(81920K) From: 1568K(2560K)->224K(2560K)
[13861.421s][info][gc,heap        ] GC(32134) ParOldGen: 389328K(389632K)->389384K(389632K)
[13861.421s][info][gc,metaspace   ] GC(32134) Metaspace: 62250K(62528K)->62250K(62528K) NonClass: 53217K(53440K)->53217K(53440K) Class: 9032K(9088K)->9032K(9088K)
[13861.421s][info][gc             ] GC(32134) Pause Young (Allocation Failure) 461M->380M(463M) 2.025ms
[13861.421s][info][gc,cpu         ] GC(32134) User=0.00s Sys=0.00s Real=0.00s
[13861.861s][info][gc,start       ] GC(32135) Pause Young (Allocation Failure)
[13861.864s][info][gc,heap        ] GC(32135) PSYoungGen: 82144K(84480K)->864K(84480K) Eden: 81920K(81920K)->0K(81920K) From: 224K(2560K)->864K(2560K)
[13861.864s][info][gc,heap        ] GC(32135) ParOldGen: 389384K(389632K)->389432K(389632K)
[13861.864s][info][gc,metaspace   ] GC(32135) Metaspace: 62250K(62528K)->62250K(62528K) NonClass: 53217K(53440K)->53217K(53440K) Class: 9032K(9088K)->9032K(9088K)
[13861.864s][info][gc             ] GC(32135) Pause Young (Allocation Failure) 460M->381M(463M) 2.586ms
[13861.864s][info][gc,cpu         ] GC(32135) User=0.01s Sys=0.00s Real=0.00s
[13862.292s][info][gc,start       ] GC(32136) Pause Young (Allocation Failure)
[13862.294s][info][gc,heap        ] GC(32136) PSYoungGen: 82783K(84480K)->1216K(84480K) Eden: 81919K(81920K)->0K(81920K) From: 864K(2560K)->1216K(2560K)
[13862.294s][info][gc,heap        ] GC(32136) ParOldGen: 389432K(389632K)->389480K(389632K)
[13862.294s][info][gc,metaspace   ] GC(32136) Metaspace: 62250K(62528K)->62250K(62528K) NonClass: 53217K(53440K)->53217K(53440K) Class: 9032K(9088K)->9032K(9088K)
[13862.294s][info][gc             ] GC(32136) Pause Young (Allocation Failure) 461M->381M(463M) 2.829ms
[13862.294s][info][gc,cpu         ] GC(32136) User=0.00s Sys=0.00s Real=0.00s
[13862.724s][info][gc,start       ] GC(32137) Pause Young (Allocation Failure)
[13862.726s][info][gc,heap        ] GC(32137) PSYoungGen: 83136K(84480K)->2336K(84480K) Eden: 81920K(81920K)->0K(81920K) From: 1216K(2560K)->2336K(2560K)
[13862.726s][info][gc,heap        ] GC(32137) ParOldGen: 389480K(389632K)->389536K(389632K)
[13862.726s][info][gc,metaspace   ] GC(32137) Metaspace: 62250K(62528K)->62250K(62528K) NonClass: 53217K(53440K)->53217K(53440K) Class: 9032K(9088K)->9032K(9088K)
[13862.726s][info][gc             ] GC(32137) Pause Young (Allocation Failure) 461M->382M(463M) 2.325ms
[13862.726s][info][gc,cpu         ] GC(32137) User=0.01s Sys=0.00s Real=0.00s
[13863.166s][info][gc,start       ] GC(32138) Pause Young (Allocation Failure)
[13863.170s][info][gc,heap        ] GC(32138) PSYoungGen: 84256K(84480K)->832K(84480K) Eden: 81920K(81920K)->0K(81920K) From: 2336K(2560K)->832K(2560K)
[13863.170s][info][gc,heap        ] GC(32138) ParOldGen: 389536K(389632K)->391632K(392704K)
[13863.170s][info][gc,metaspace   ] GC(32138) Metaspace: 62250K(62528K)->62250K(62528K) NonClass: 53217K(53440K)->53217K(53440K) Class: 9032K(9088K)->9032K(9088K)
[13863.170s][info][gc             ] GC(32138) Pause Young (Allocation Failure) 462M->383M(466M) 3.680ms
[13863.170s][info][gc,cpu         ] GC(32138) User=0.00s Sys=0.00s Real=0.01s
[13863.609s][info][gc,start       ] GC(32139) Pause Young (Allocation Failure)
[13863.612s][info][gc,heap        ] GC(32139) PSYoungGen: 82752K(84480K)->1504K(84480K) Eden: 81920K(81920K)->0K(81920K) From: 832K(2560K)->1504K(2560K)
[13863.612s][info][gc,heap        ] GC(32139) ParOldGen: 391632K(392704K)->391680K(392704K)
[13863.612s][info][gc,metaspace   ] GC(32139) Metaspace: 62250K(62528K)->62250K(62528K) NonClass: 53217K(53440K)->53217K(53440K) Class: 9032K(9088K)->9032K(9088K)
[13863.612s][info][gc             ] GC(32139) Pause Young (Allocation Failure) 463M->383M(466M) 3.057ms
[13863.612s][info][gc,cpu         ] GC(32139) User=0.01s Sys=0.00s Real=0.00s
[13864.051s][info][gc,start       ] GC(32140) Pause Young (Allocation Failure)
[13864.053s][info][gc,heap        ] GC(32140) PSYoungGen: 83424K(84480K)->640K(84480K) Eden: 81920K(81920K)->0K(81920K) From: 1504K(2560K)->640K(2560K)
[13864.053s][info][gc,heap        ] GC(32140) ParOldGen: 391680K(392704K)->391736K(392704K)
[13864.053s][info][gc,metaspace   ] GC(32140) Metaspace: 62250K(62528K)->62250K(62528K) NonClass: 53217K(53440K)->53217K(53440K) Class: 9032K(9088K)->9032K(9088K)
[13864.054s][info][gc             ] GC(32140) Pause Young (Allocation Failure) 463M->383M(466M) 2.373ms
[13864.054s][info][gc,cpu         ] GC(32140) User=0.01s Sys=0.00s Real=0.00s
[13864.473s][info][gc,start       ] GC(32141) Pause Young (Allocation Failure)
[13864.476s][info][gc,heap        ] GC(32141) PSYoungGen: 82560K(84480K)->1024K(84480K) Eden: 81920K(81920K)->0K(81920K) From: 640K(2560K)->1024K(2560K)
[13864.476s][info][gc,heap        ] GC(32141) ParOldGen: 391736K(392704K)->391792K(392704K)
[13864.476s][info][gc,metaspace   ] GC(32141) Metaspace: 62250K(62528K)->62250K(62528K) NonClass: 53217K(53440K)->53217K(53440K) Class: 9032K(9088K)->9032K(9088K)
[13864.476s][info][gc             ] GC(32141) Pause Young (Allocation Failure) 463M->383M(466M) 2.690ms
[13864.476s][info][gc,cpu         ] GC(32141) User=0.00s Sys=0.00s Real=0.00s
[13864.890s][info][gc,start       ] GC(32142) Pause Young (Allocation Failure)
[13864.893s][info][gc,heap        ] GC(32142) PSYoungGen: 82944K(84480K)->1408K(84480K) Eden: 81920K(81920K)->0K(81920K) From: 1024K(2560K)->1408K(2560K)
[13864.893s][info][gc,heap        ] GC(32142) ParOldGen: 391792K(392704K)->391840K(392704K)
[13864.893s][info][gc,metaspace   ] GC(32142) Metaspace: 62250K(62528K)->62250K(62528K) NonClass: 53217K(53440K)->53217K(53440K) Class: 9032K(9088K)->9032K(9088K)
[13864.893s][info][gc             ] GC(32142) Pause Young (Allocation Failure) 463M->384M(466M) 3.071ms
[13864.893s][info][gc,cpu         ] GC(32142) User=0.01s Sys=0.00s Real=0.00s
[13865.333s][info][gc,start       ] GC(32143) Pause Young (Allocation Failure)
[13865.335s][info][gc,heap        ] GC(32143) PSYoungGen: 83328K(84480K)->480K(84480K) Eden: 81920K(81920K)->0K(81920K) From: 1408K(2560K)->480K(2560K)
[13865.335s][info][gc,heap        ] GC(32143) ParOldGen: 391840K(392704K)->391896K(392704K)
[13865.335s][info][gc,metaspace   ] GC(32143) Metaspace: 62250K(62528K)->62250K(62528K) NonClass: 53217K(53440K)->53217K(53440K) Class: 9032K(9088K)->9032K(9088K)
[13865.335s][info][gc             ] GC(32143) Pause Young (Allocation Failure) 464M->383M(466M) 2.395ms
[13865.335s][info][gc,cpu         ] GC(32143) User=0.00s Sys=0.00s Real=0.00s
[13865.775s][info][gc,start       ] GC(32144) Pause Young (Allocation Failure)
[13865.778s][info][gc,heap        ] GC(32144) PSYoungGen: 82400K(84480K)->1024K(84480K) Eden: 81920K(81920K)->0K(81920K) From: 480K(2560K)->1024K(2560K)
[13865.778s][info][gc,heap        ] GC(32144) ParOldGen: 391896K(392704K)->392000K(392704K)
[13865.778s][info][gc,metaspace   ] GC(32144) Metaspace: 62250K(62528K)->62250K(62528K) NonClass: 53217K(53440K)->53217K(53440K) Class: 9032K(9088K)->9032K(9088K)
[13865.778s][info][gc             ] GC(32144) Pause Young (Allocation Failure) 463M->383M(466M) 2.780ms
[13865.778s][info][gc,cpu         ] GC(32144) User=0.00s Sys=0.01s Real=0.01s
[13866.223s][info][gc,start       ] GC(32145) Pause Young (Allocation Failure)
[13866.225s][info][gc,heap        ] GC(32145) PSYoungGen: 82944K(84480K)->256K(84480K) Eden: 81920K(81920K)->0K(81920K) From: 1024K(2560K)->256K(2560K)
[13866.225s][info][gc,heap        ] GC(32145) ParOldGen: 392000K(392704K)->392056K(392704K)
[13866.225s][info][gc,metaspace   ] GC(32145) Metaspace: 62250K(62528K)->62250K(62528K) NonClass: 53217K(53440K)->53217K(53440K) Class: 9032K(9088K)->9032K(9088K)
[13866.225s][info][gc             ] GC(32145) Pause Young (Allocation Failure) 463M->383M(466M) 2.029ms
[13866.225s][info][gc,cpu         ] GC(32145) User=0.01s Sys=0.00s Real=0.00s
[13866.624s][info][gc,start       ] GC(32146) Pause Young (Allocation Failure)
[13866.626s][info][gc,heap        ] GC(32146) PSYoungGen: 82176K(84480K)->320K(84480K) Eden: 81920K(81920K)->0K(81920K) From: 256K(2560K)->320K(2560K)
[13866.626s][info][gc,heap        ] GC(32146) ParOldGen: 392056K(392704K)->392104K(392704K)
[13866.626s][info][gc,metaspace   ] GC(32146) Metaspace: 62250K(62528K)->62250K(62528K) NonClass: 53217K(53440K)->53217K(53440K) Class: 9032K(9088K)->9032K(9088K)
[13866.626s][info][gc             ] GC(32146) Pause Young (Allocation Failure) 463M->383M(466M) 2.115ms
[13866.626s][info][gc,cpu         ] GC(32146) User=0.00s Sys=0.00s Real=0.00s
[13867.076s][info][gc,start       ] GC(32147) Pause Young (Allocation Failure)
[13867.079s][info][gc,heap        ] GC(32147) PSYoungGen: 82240K(84480K)->1024K(84480K) Eden: 81920K(81920K)->0K(81920K) From: 320K(2560K)->1024K(2560K)
[13867.079s][info][gc,heap        ] GC(32147) ParOldGen: 392104K(392704K)->392152K(392704K)
[13867.079s][info][gc,metaspace   ] GC(32147) Metaspace: 62250K(62528K)->62250K(62528K) NonClass: 53217K(53440K)->53217K(53440K) Class: 9032K(9088K)->9032K(9088K)
[13867.079s][info][gc             ] GC(32147) Pause Young (Allocation Failure) 463M->383M(466M) 2.697ms
[13867.079s][info][gc,cpu         ] GC(32147) User=0.01s Sys=0.00s Real=0.01s
[13867.522s][info][gc,start       ] GC(32148) Pause Young (Allocation Failure)
[13867.524s][info][gc,heap        ] GC(32148) PSYoungGen: 82944K(84480K)->256K(84480K) Eden: 81920K(81920K)->0K(81920K) From: 1024K(2560K)->256K(2560K)
[13867.524s][info][gc,heap        ] GC(32148) ParOldGen: 392152K(392704K)->392208K(392704K)
[13867.524s][info][gc,metaspace   ] GC(32148) Metaspace: 62250K(62528K)->62250K(62528K) NonClass: 53217K(53440K)->53217K(53440K) Class: 9032K(9088K)->9032K(9088K)
[13867.524s][info][gc             ] GC(32148) Pause Young (Allocation Failure) 463M->383M(466M) 2.108ms
[13867.524s][info][gc,cpu         ] GC(32148) User=0.00s Sys=0.00s Real=0.00s
[13867.964s][info][gc,start       ] GC(32149) Pause Young (Allocation Failure)
[13867.966s][info][gc,heap        ] GC(32149) PSYoungGen: 82176K(84480K)->864K(84992K) Eden: 81920K(81920K)->0K(82432K) From: 256K(2560K)->864K(2560K)
[13867.966s][info][gc,heap        ] GC(32149) ParOldGen: 392208K(392704K)->392264K(392704K)
[13867.966s][info][gc,metaspace   ] GC(32149) Metaspace: 62250K(62528K)->62250K(62528K) NonClass: 53217K(53440K)->53217K(53440K) Class: 9032K(9088K)->9032K(9088K)
[13867.966s][info][gc             ] GC(32149) Pause Young (Allocation Failure) 463M->383M(466M) 2.609ms
[13867.966s][info][gc,cpu         ] GC(32149) User=0.00s Sys=0.00s Real=0.00s
[13868.415s][info][gc,start       ] GC(32150) Pause Young (Allocation Failure)
[13868.418s][info][gc,heap        ] GC(32150) PSYoungGen: 83296K(84992K)->1536K(84480K) Eden: 82432K(82432K)->0K(82432K) From: 864K(2560K)->1536K(2048K)
[13868.418s][info][gc,heap        ] GC(32150) ParOldGen: 392264K(392704K)->392312K(392704K)
[13868.418s][info][gc,metaspace   ] GC(32150) Metaspace: 62250K(62528K)->62250K(62528K) NonClass: 53217K(53440K)->53217K(53440K) Class: 9032K(9088K)->9032K(9088K)
[13868.418s][info][gc             ] GC(32150) Pause Young (Allocation Failure) 464M->384M(466M) 3.295ms
[13868.418s][info][gc,cpu         ] GC(32150) User=0.01s Sys=0.00s Real=0.01s
[13868.856s][info][gc,start       ] GC(32151) Pause Young (Allocation Failure)
[13868.859s][info][gc,heap        ] GC(32151) PSYoungGen: 83968K(84480K)->704K(84992K) Eden: 82432K(82432K)->0K(82432K) From: 1536K(2048K)->704K(2560K)
[13868.859s][info][gc,heap        ] GC(32151) ParOldGen: 392312K(392704K)->392360K(392704K)
[13868.859s][info][gc,metaspace   ] GC(32151) Metaspace: 62250K(62528K)->62250K(62528K) NonClass: 53217K(53440K)->53217K(53440K) Class: 9032K(9088K)->9032K(9088K)
[13868.859s][info][gc             ] GC(32151) Pause Young (Allocation Failure) 465M->383M(466M) 2.573ms
[13868.859s][info][gc,cpu         ] GC(32151) User=0.00s Sys=0.00s Real=0.01s
[13869.306s][info][gc,start       ] GC(32152) Pause Young (Allocation Failure)
[13869.309s][info][gc,heap        ] GC(32152) PSYoungGen: 83136K(84992K)->1440K(84480K) Eden: 82432K(82432K)->0K(82432K) From: 704K(2560K)->1440K(2048K)
[13869.309s][info][gc,heap        ] GC(32152) ParOldGen: 392360K(392704K)->392416K(392704K)
[13869.309s][info][gc,metaspace   ] GC(32152) Metaspace: 62250K(62528K)->62250K(62528K) NonClass: 53217K(53440K)->53217K(53440K) Class: 9032K(9088K)->9032K(9088K)
[13869.309s][info][gc             ] GC(32152) Pause Young (Allocation Failure) 464M->384M(466M) 3.137ms
[13869.309s][info][gc,cpu         ] GC(32152) User=0.00s Sys=0.00s Real=0.01s
[13869.753s][info][gc,start       ] GC(32153) Pause Young (Allocation Failure)
[13869.756s][info][gc,heap        ] GC(32153) PSYoungGen: 83872K(84480K)->736K(84992K) Eden: 82432K(82432K)->0K(82432K) From: 1440K(2048K)->736K(2560K)
[13869.756s][info][gc,heap        ] GC(32153) ParOldGen: 392416K(392704K)->392464K(392704K)
[13869.756s][info][gc,metaspace   ] GC(32153) Metaspace: 62250K(62528K)->62250K(62528K) NonClass: 53217K(53440K)->53217K(53440K) Class: 9032K(9088K)->9032K(9088K)
[13869.756s][info][gc             ] GC(32153) Pause Young (Allocation Failure) 465M->383M(466M) 2.421ms
[13869.756s][info][gc,cpu         ] GC(32153) User=0.00s Sys=0.00s Real=0.00s
[13870.167s][info][gc,start       ] GC(32154) Pause Young (Allocation Failure)
[13870.169s][info][gc,heap        ] GC(32154) PSYoungGen: 83168K(84992K)->928K(84480K) Eden: 82432K(82432K)->0K(82432K) From: 736K(2560K)->928K(2048K)
[13870.169s][info][gc,heap        ] GC(32154) ParOldGen: 392464K(392704K)->392512K(392704K)
[13870.169s][info][gc,metaspace   ] GC(32154) Metaspace: 62250K(62528K)->62250K(62528K) NonClass: 53217K(53440K)->53217K(53440K) Class: 9032K(9088K)->9032K(9088K)
[13870.169s][info][gc             ] GC(32154) Pause Young (Allocation Failure) 464M->384M(466M) 2.621ms
[13870.169s][info][gc,cpu         ] GC(32154) User=0.01s Sys=0.00s Real=0.00s
[13870.576s][info][gc,start       ] GC(32155) Pause Young (Allocation Failure)
[13870.579s][info][gc,heap        ] GC(32155) PSYoungGen: 83360K(84480K)->1152K(84992K) Eden: 82432K(82432K)->0K(82944K) From: 928K(2048K)->1152K(2048K)
[13870.579s][info][gc,heap        ] GC(32155) ParOldGen: 392512K(392704K)->392560K(392704K)
[13870.579s][info][gc,metaspace   ] GC(32155) Metaspace: 62250K(62528K)->62250K(62528K) NonClass: 53217K(53440K)->53217K(53440K) Class: 9032K(9088K)->9032K(9088K)
[13870.579s][info][gc             ] GC(32155) Pause Young (Allocation Failure) 464M->384M(466M) 2.840ms
[13870.579s][info][gc,cpu         ] GC(32155) User=0.00s Sys=0.00s Real=0.01s
[13871.018s][info][gc,start       ] GC(32156) Pause Young (Allocation Failure)
[13871.020s][info][gc,heap        ] GC(32156) PSYoungGen: 84096K(84992K)->192K(84992K) Eden: 82944K(82944K)->0K(82944K) From: 1152K(2048K)->192K(2048K)
[13871.020s][info][gc,heap        ] GC(32156) ParOldGen: 392560K(392704K)->392608K(392704K)
[13871.020s][info][gc,metaspace   ] GC(32156) Metaspace: 62250K(62528K)->62250K(62528K) NonClass: 53217K(53440K)->53217K(53440K) Class: 9032K(9088K)->9032K(9088K)
[13871.020s][info][gc             ] GC(32156) Pause Young (Allocation Failure) 465M->383M(466M) 2.113ms
[13871.020s][info][gc,cpu         ] GC(32156) User=0.01s Sys=0.00s Real=0.00s
[13871.493s][info][gc,start       ] GC(32157) Pause Young (Allocation Failure)
[13871.496s][info][gc,heap        ] GC(32157) PSYoungGen: 83136K(84992K)->1152K(84992K) Eden: 82944K(82944K)->0K(82944K) From: 192K(2048K)->1152K(2048K)
[13871.496s][info][gc,heap        ] GC(32157) ParOldGen: 392608K(392704K)->392656K(392704K)
[13871.496s][info][gc,metaspace   ] GC(32157) Metaspace: 62250K(62528K)->62250K(62528K) NonClass: 53217K(53440K)->53217K(53440K) Class: 9032K(9088K)->9032K(9088K)
[13871.496s][info][gc             ] GC(32157) Pause Young (Allocation Failure) 464M->384M(466M) 3.055ms
[13871.497s][info][gc,cpu         ] GC(32157) User=0.01s Sys=0.00s Real=0.01s
[13871.943s][info][gc,start       ] GC(32158) Pause Young (Allocation Failure)
[13871.946s][info][gc,heap        ] GC(32158) PSYoungGen: 84096K(84992K)->1600K(84992K) Eden: 82944K(82944K)->0K(82944K) From: 1152K(2048K)->1600K(2048K)
[13871.946s][info][gc,heap        ] GC(32158) ParOldGen: 392656K(392704K)->393736K(394240K)
[13871.946s][info][gc,metaspace   ] GC(32158) Metaspace: 62250K(62528K)->62250K(62528K) NonClass: 53217K(53440K)->53217K(53440K) Class: 9032K(9088K)->9032K(9088K)
[13871.946s][info][gc             ] GC(32158) Pause Young (Allocation Failure) 465M->386M(468M) 3.175ms
[13871.946s][info][gc,cpu         ] GC(32158) User=0.01s Sys=0.00s Real=0.00s
[13872.453s][info][gc,start       ] GC(32159) Pause Young (Allocation Failure)
[13872.456s][info][gc,heap        ] GC(32159) PSYoungGen: 84544K(84992K)->624K(84992K) Eden: 82944K(82944K)->0K(82944K) From: 1600K(2048K)->624K(2048K)
[13872.456s][info][gc,heap        ] GC(32159) ParOldGen: 393736K(394240K)->395833K(397312K)
[13872.456s][info][gc,metaspace   ] GC(32159) Metaspace: 62250K(62528K)->62250K(62528K) NonClass: 53217K(53440K)->53217K(53440K) Class: 9032K(9088K)->9032K(9088K)
[13872.456s][info][gc             ] GC(32159) Pause Young (Allocation Failure) 467M->387M(471M) 3.559ms
[13872.456s][info][gc,cpu         ] GC(32159) User=0.01s Sys=0.00s Real=0.00s
[13872.912s][info][gc,start       ] GC(32160) Pause Young (Allocation Failure)
[13872.916s][info][gc,heap        ] GC(32160) PSYoungGen: 83568K(84992K)->1440K(84480K) Eden: 82944K(82944K)->0K(82944K) From: 624K(2048K)->1440K(1536K)
[13872.916s][info][gc,heap        ] GC(32160) ParOldGen: 395833K(397312K)->395937K(397312K)
[13872.916s][info][gc,metaspace   ] GC(32160) Metaspace: 62250K(62528K)->62250K(62528K) NonClass: 53217K(53440K)->53217K(53440K) Class: 9032K(9088K)->9032K(9088K)
[13872.916s][info][gc             ] GC(32160) Pause Young (Allocation Failure) 468M->388M(470M) 4.213ms
[13872.916s][info][gc,cpu         ] GC(32160) User=0.01s Sys=0.00s Real=0.01s
[13873.337s][info][gc,start       ] GC(32161) Pause Young (Allocation Failure)
[13873.339s][info][gc,heap        ] GC(32161) PSYoungGen: 84384K(84480K)->448K(84480K) Eden: 82944K(82944K)->0K(81920K) From: 1440K(1536K)->448K(2560K)
[13873.339s][info][gc,heap        ] GC(32161) ParOldGen: 395937K(397312K)->395985K(397312K)
[13873.339s][info][gc,metaspace   ] GC(32161) Metaspace: 62250K(62528K)->62250K(62528K) NonClass: 53217K(53440K)->53217K(53440K) Class: 9032K(9088K)->9032K(9088K)
[13873.339s][info][gc             ] GC(32161) Pause Young (Allocation Failure) 469M->387M(470M) 2.267ms
[13873.339s][info][gc,cpu         ] GC(32161) User=0.00s Sys=0.00s Real=0.00s
[13873.788s][info][gc,start       ] GC(32162) Pause Young (Allocation Failure)
[13873.791s][info][gc,heap        ] GC(32162) PSYoungGen: 82368K(84480K)->1312K(84480K) Eden: 81920K(81920K)->0K(81920K) From: 448K(2560K)->1312K(2560K)
[13873.791s][info][gc,heap        ] GC(32162) ParOldGen: 395985K(397312K)->396033K(397312K)
[13873.791s][info][gc,metaspace   ] GC(32162) Metaspace: 62250K(62528K)->62250K(62528K) NonClass: 53217K(53440K)->53217K(53440K) Class: 9032K(9088K)->9032K(9088K)
[13873.791s][info][gc             ] GC(32162) Pause Young (Allocation Failure) 467M->388M(470M) 3.073ms
[13873.791s][info][gc,cpu         ] GC(32162) User=0.01s Sys=0.01s Real=0.00s
[13874.209s][info][gc,start       ] GC(32163) Pause Young (Allocation Failure)
[13874.212s][info][gc,heap        ] GC(32163) PSYoungGen: 83232K(84480K)->1568K(84480K) Eden: 81920K(81920K)->0K(81920K) From: 1312K(2560K)->1568K(2560K)
[13874.212s][info][gc,heap        ] GC(32163) ParOldGen: 396033K(397312K)->396081K(397312K)
[13874.212s][info][gc,metaspace   ] GC(32163) Metaspace: 62250K(62528K)->62250K(62528K) NonClass: 53217K(53440K)->53217K(53440K) Class: 9032K(9088K)->9032K(9088K)
[13874.212s][info][gc             ] GC(32163) Pause Young (Allocation Failure) 468M->388M(470M) 3.214ms
[13874.212s][info][gc,cpu         ] GC(32163) User=0.01s Sys=0.00s Real=0.00s
[13874.631s][info][gc,start       ] GC(32164) Pause Young (Allocation Failure)
[13874.633s][info][gc,heap        ] GC(32164) PSYoungGen: 83488K(84480K)->384K(84480K) Eden: 81920K(81920K)->0K(81920K) From: 1568K(2560K)->384K(2560K)
[13874.633s][info][gc,heap        ] GC(32164) ParOldGen: 396081K(397312K)->396137K(397312K)
[13874.633s][info][gc,metaspace   ] GC(32164) Metaspace: 62250K(62528K)->62250K(62528K) NonClass: 53217K(53440K)->53217K(53440K) Class: 9032K(9088K)->9032K(9088K)
[13874.633s][info][gc             ] GC(32164) Pause Young (Allocation Failure) 468M->387M(470M) 2.406ms
[13874.633s][info][gc,cpu         ] GC(32164) User=0.00s Sys=0.00s Real=0.00s
[13875.047s][info][gc,start       ] GC(32165) Pause Young (Allocation Failure)
[13875.050s][info][gc,heap        ] GC(32165) PSYoungGen: 82304K(84480K)->640K(84480K) Eden: 81920K(81920K)->0K(81920K) From: 384K(2560K)->640K(2560K)
[13875.050s][info][gc,heap        ] GC(32165) ParOldGen: 396137K(397312K)->396193K(397312K)
[13875.050s][info][gc,metaspace   ] GC(32165) Metaspace: 62250K(62528K)->62250K(62528K) NonClass: 53217K(53440K)->53217K(53440K) Class: 9032K(9088K)->9032K(9088K)
[13875.050s][info][gc             ] GC(32165) Pause Young (Allocation Failure) 467M->387M(470M) 2.530ms
[13875.050s][info][gc,cpu         ] GC(32165) User=0.01s Sys=0.00s Real=0.00s
[13875.443s][info][gc,start       ] GC(32166) Pause Young (Allocation Failure)
[13875.445s][info][gc,heap        ] GC(32166) PSYoungGen: 82560K(84480K)->640K(84480K) Eden: 81920K(81920K)->0K(81920K) From: 640K(2560K)->640K(2560K)
[13875.445s][info][gc,heap        ] GC(32166) ParOldGen: 396193K(397312K)->396241K(397312K)
[13875.445s][info][gc,metaspace   ] GC(32166) Metaspace: 62250K(62528K)->62250K(62528K) NonClass: 53217K(53440K)->53217K(53440K) Class: 9032K(9088K)->9032K(9088K)
[13875.445s][info][gc             ] GC(32166) Pause Young (Allocation Failure) 467M->387M(470M) 2.423ms
[13875.445s][info][gc,cpu         ] GC(32166) User=0.00s Sys=0.01s Real=0.00s
[13875.847s][info][gc,start       ] GC(32167) Pause Young (Allocation Failure)
[13875.849s][info][gc,heap        ] GC(32167) PSYoungGen: 82560K(84480K)->640K(84992K) Eden: 81920K(81920K)->0K(82432K) From: 640K(2560K)->640K(2560K)
[13875.849s][info][gc,heap        ] GC(32167) ParOldGen: 396241K(397312K)->396297K(397312K)
[13875.849s][info][gc,metaspace   ] GC(32167) Metaspace: 62250K(62528K)->62250K(62528K) NonClass: 53217K(53440K)->53217K(53440K) Class: 9032K(9088K)->9032K(9088K)
[13875.849s][info][gc             ] GC(32167) Pause Young (Allocation Failure) 467M->387M(471M) 2.439ms
[13875.849s][info][gc,cpu         ] GC(32167) User=0.01s Sys=0.00s Real=0.00s
[13876.276s][info][gc,start       ] GC(32168) Pause Young (Allocation Failure)
[13876.279s][info][gc,heap        ] GC(32168) PSYoungGen: 83072K(84992K)->992K(84480K) Eden: 82432K(82432K)->0K(82432K) From: 640K(2560K)->992K(2048K)
[13876.279s][info][gc,heap        ] GC(32168) ParOldGen: 396297K(397312K)->396353K(397312K)
[13876.279s][info][gc,metaspace   ] GC(32168) Metaspace: 62250K(62528K)->62250K(62528K) NonClass: 53217K(53440K)->53217K(53440K) Class: 9032K(9088K)->9032K(9088K)
[13876.279s][info][gc             ] GC(32168) Pause Young (Allocation Failure) 468M->388M(470M) 2.886ms
[13876.279s][info][gc,cpu         ] GC(32168) User=0.01s Sys=0.00s Real=0.01s
[13876.737s][info][gc,start       ] GC(32169) Pause Young (Allocation Failure)
[13876.740s][info][gc,heap        ] GC(32169) PSYoungGen: 83424K(84480K)->1472K(84992K) Eden: 82432K(82432K)->0K(82944K) From: 992K(2048K)->1472K(2048K)
[13876.740s][info][gc,heap        ] GC(32169) ParOldGen: 396353K(397312K)->397433K(398848K)
[13876.740s][info][gc,metaspace   ] GC(32169) Metaspace: 62250K(62528K)->62250K(62528K) NonClass: 53217K(53440K)->53217K(53440K) Class: 9032K(9088K)->9032K(9088K)
[13876.740s][info][gc             ] GC(32169) Pause Young (Allocation Failure) 468M->389M(472M) 3.012ms
[13876.740s][info][gc,cpu         ] GC(32169) User=0.00s Sys=0.00s Real=0.00s
[13877.210s][info][gc,start       ] GC(32170) Pause Young (Allocation Failure)
[13877.215s][info][gc,heap        ] GC(32170) PSYoungGen: 84416K(84992K)->1472K(84480K) Eden: 82944K(82944K)->0K(82944K) From: 1472K(2048K)->1472K(1536K)
[13877.215s][info][gc,heap        ] GC(32170) ParOldGen: 397433K(398848K)->399529K(400384K)
[13877.215s][info][gc,metaspace   ] GC(32170) Metaspace: 62250K(62528K)->62250K(62528K) NonClass: 53217K(53440K)->53217K(53440K) Class: 9032K(9088K)->9032K(9088K)
[13877.215s][info][gc             ] GC(32170) Pause Young (Allocation Failure) 470M->391M(473M) 4.594ms
[13877.215s][info][gc,cpu         ] GC(32170) User=0.00s Sys=0.01s Real=0.00s
[13877.683s][info][gc,start       ] GC(32171) Pause Young (Allocation Failure)
[13877.686s][info][gc,heap        ] GC(32171) PSYoungGen: 84416K(84480K)->1056K(84992K) Eden: 82944K(82944K)->0K(82432K) From: 1472K(1536K)->1056K(2560K)
[13877.686s][info][gc,heap        ] GC(32171) ParOldGen: 399529K(400384K)->399577K(400384K)
[13877.686s][info][gc,metaspace   ] GC(32171) Metaspace: 62250K(62528K)->62250K(62528K) NonClass: 53217K(53440K)->53217K(53440K) Class: 9032K(9088K)->9032K(9088K)
[13877.686s][info][gc             ] GC(32171) Pause Young (Allocation Failure) 472M->391M(474M) 2.759ms
[13877.686s][info][gc,cpu         ] GC(32171) User=0.01s Sys=0.01s Real=0.00s
[13878.140s][info][gc,start       ] GC(32172) Pause Young (Allocation Failure)
[13878.142s][info][gc,heap        ] GC(32172) PSYoungGen: 83488K(84992K)->512K(84480K) Eden: 82432K(82432K)->0K(82432K) From: 1056K(2560K)->512K(2048K)
[13878.142s][info][gc,heap        ] GC(32172) ParOldGen: 399577K(400384K)->399625K(400384K)
[13878.142s][info][gc,metaspace   ] GC(32172) Metaspace: 62250K(62528K)->62250K(62528K) NonClass: 53217K(53440K)->53217K(53440K) Class: 9032K(9088K)->9032K(9088K)
[13878.142s][info][gc             ] GC(32172) Pause Young (Allocation Failure) 471M->390M(473M) 2.448ms
[13878.142s][info][gc,cpu         ] GC(32172) User=0.00s Sys=0.00s Real=0.00s
[13878.567s][info][gc,start       ] GC(32173) Pause Young (Allocation Failure)
[13878.570s][info][gc,heap        ] GC(32173) PSYoungGen: 82944K(84480K)->960K(84992K) Eden: 82432K(82432K)->0K(82944K) From: 512K(2048K)->960K(2048K)
[13878.570s][info][gc,heap        ] GC(32173) ParOldGen: 399625K(400384K)->399673K(400384K)
[13878.570s][info][gc,metaspace   ] GC(32173) Metaspace: 62250K(62528K)->62250K(62528K) NonClass: 53217K(53440K)->53217K(53440K) Class: 9032K(9088K)->9032K(9088K)
[13878.570s][info][gc             ] GC(32173) Pause Young (Allocation Failure) 471M->391M(474M) 2.851ms
[13878.570s][info][gc,cpu         ] GC(32173) User=0.01s Sys=0.00s Real=0.00s
[13878.997s][info][gc,start       ] GC(32174) Pause Young (Allocation Failure)
[13879.000s][info][gc,heap        ] GC(32174) PSYoungGen: 83904K(84992K)->1440K(84992K) Eden: 82944K(82944K)->0K(82944K) From: 960K(2048K)->1440K(2048K)
[13879.000s][info][gc,heap        ] GC(32174) ParOldGen: 399673K(400384K)->399721K(400384K)
[13879.000s][info][gc,metaspace   ] GC(32174) Metaspace: 62250K(62528K)->62250K(62528K) NonClass: 53217K(53440K)->53217K(53440K) Class: 9032K(9088K)->9032K(9088K)
[13879.000s][info][gc             ] GC(32174) Pause Young (Allocation Failure) 472M->391M(474M) 3.167ms
[13879.000s][info][gc,cpu         ] GC(32174) User=0.01s Sys=0.00s Real=0.00s
[13879.422s][info][gc,start       ] GC(32175) Pause Young (Allocation Failure)
[13879.424s][info][gc,heap        ] GC(32175) PSYoungGen: 84384K(84992K)->256K(84992K) Eden: 82944K(82944K)->0K(82944K) From: 1440K(2048K)->256K(2048K)
[13879.424s][info][gc,heap        ] GC(32175) ParOldGen: 399721K(400384K)->399769K(400384K)
[13879.424s][info][gc,metaspace   ] GC(32175) Metaspace: 62250K(62528K)->62250K(62528K) NonClass: 53217K(53440K)->53217K(53440K) Class: 9032K(9088K)->9032K(9088K)
[13879.424s][info][gc             ] GC(32175) Pause Young (Allocation Failure) 472M->390M(474M) 2.073ms
[13879.424s][info][gc,cpu         ] GC(32175) User=0.00s Sys=0.00s Real=0.00s
[13879.947s][info][gc,start       ] GC(32176) Pause Young (Allocation Failure)
[13879.949s][info][gc,heap        ] GC(32176) PSYoungGen: 83200K(84992K)->672K(84992K) Eden: 82944K(82944K)->0K(82944K) From: 256K(2048K)->672K(2048K)
[13879.949s][info][gc,heap        ] GC(32176) ParOldGen: 399769K(400384K)->399817K(400384K)
[13879.949s][info][gc,metaspace   ] GC(32176) Metaspace: 62250K(62528K)->62250K(62528K) NonClass: 53217K(53440K)->53217K(53440K) Class: 9032K(9088K)->9032K(9088K)
[13879.949s][info][gc             ] GC(32176) Pause Young (Allocation Failure) 471M->391M(474M) 2.589ms
[13879.949s][info][gc,cpu         ] GC(32176) User=0.00s Sys=0.00s Real=0.00s
[13880.377s][info][gc,start       ] GC(32177) Pause Young (Allocation Failure)
[13880.380s][info][gc,heap        ] GC(32177) PSYoungGen: 83616K(84992K)->1056K(84992K) Eden: 82944K(82944K)->0K(82944K) From: 672K(2048K)->1056K(2048K)
[13880.380s][info][gc,heap        ] GC(32177) ParOldGen: 399817K(400384K)->399921K(400384K)
[13880.380s][info][gc,metaspace   ] GC(32177) Metaspace: 62250K(62528K)->62250K(62528K) NonClass: 53217K(53440K)->53217K(53440K) Class: 9032K(9088K)->9032K(9088K)
[13880.380s][info][gc             ] GC(32177) Pause Young (Allocation Failure) 472M->391M(474M) 3.060ms
[13880.380s][info][gc,cpu         ] GC(32177) User=0.00s Sys=0.00s Real=0.00s
[13880.776s][info][gc,start       ] GC(32178) Pause Young (Allocation Failure)
[13880.779s][info][gc,heap        ] GC(32178) PSYoungGen: 84000K(84992K)->1184K(84992K) Eden: 82944K(82944K)->0K(82944K) From: 1056K(2048K)->1184K(2048K)
[13880.779s][info][gc,heap        ] GC(32178) ParOldGen: 399921K(400384K)->399969K(400384K)
[13880.779s][info][gc,metaspace   ] GC(32178) Metaspace: 62250K(62528K)->62250K(62528K) NonClass: 53217K(53440K)->53217K(53440K) Class: 9032K(9088K)->9032K(9088K)
[13880.779s][info][gc             ] GC(32178) Pause Young (Allocation Failure) 472M->391M(474M) 2.928ms
[13880.779s][info][gc,cpu         ] GC(32178) User=0.01s Sys=0.00s Real=0.01s
[13881.158s][info][gc,start       ] GC(32179) Pause Young (Allocation Failure)
[13881.162s][info][gc,heap        ] GC(32179) PSYoungGen: 84128K(84992K)->1920K(83968K) Eden: 82944K(82944K)->0K(81920K) From: 1184K(2048K)->1920K(2048K)
[13881.162s][info][gc,heap        ] GC(32179) ParOldGen: 399969K(400384K)->401049K(401920K)
[13881.162s][info][gc,metaspace   ] GC(32179) Metaspace: 62250K(62528K)->62250K(62528K) NonClass: 53217K(53440K)->53217K(53440K) Class: 9032K(9088K)->9032K(9088K)
[13881.162s][info][gc             ] GC(32179) Pause Young (Allocation Failure) 472M->393M(474M) 3.434ms
[13881.162s][info][gc,cpu         ] GC(32179) User=0.01s Sys=0.00s Real=0.00s
[13881.564s][info][gc,start       ] GC(32180) Pause Young (Allocation Failure)
[13881.568s][info][gc,heap        ] GC(32180) PSYoungGen: 83840K(83968K)->864K(84480K) Eden: 81920K(81920K)->0K(81920K) From: 1920K(2048K)->864K(2560K)
[13881.568s][info][gc,heap        ] GC(32180) ParOldGen: 401049K(401920K)->403153K(403456K)
[13881.568s][info][gc,metaspace   ] GC(32180) Metaspace: 62250K(62528K)->62250K(62528K) NonClass: 53217K(53440K)->53217K(53440K) Class: 9032K(9088K)->9032K(9088K)
[13881.568s][info][gc             ] GC(32180) Pause Young (Allocation Failure) 473M->394M(476M) 3.964ms
[13881.568s][info][gc,cpu         ] GC(32180) User=0.01s Sys=0.01s Real=0.01s
[13881.987s][info][gc,start       ] GC(32181) Pause Young (Allocation Failure)
[13881.990s][info][gc,heap        ] GC(32181) PSYoungGen: 82784K(84480K)->1248K(84480K) Eden: 81920K(81920K)->0K(81920K) From: 864K(2560K)->1248K(2560K)
[13881.990s][info][gc,heap        ] GC(32181) ParOldGen: 403153K(403456K)->403201K(403456K)
[13881.990s][info][gc,metaspace   ] GC(32181) Metaspace: 62250K(62528K)->62250K(62528K) NonClass: 53217K(53440K)->53217K(53440K) Class: 9032K(9088K)->9032K(9088K)
[13881.990s][info][gc             ] GC(32181) Pause Young (Allocation Failure) 474M->394M(476M) 3.162ms
[13881.990s][info][gc,cpu         ] GC(32181) User=0.00s Sys=0.00s Real=0.00s
[13882.427s][info][gc,start       ] GC(32182) Pause Young (Allocation Failure)
[13882.429s][info][gc,heap        ] GC(32182) PSYoungGen: 83168K(84480K)->352K(84480K) Eden: 81920K(81920K)->0K(81920K) From: 1248K(2560K)->352K(2560K)
[13882.429s][info][gc,heap        ] GC(32182) ParOldGen: 403201K(403456K)->403257K(403456K)
[13882.429s][info][gc,metaspace   ] GC(32182) Metaspace: 62250K(62528K)->62250K(62528K) NonClass: 53217K(53440K)->53217K(53440K) Class: 9032K(9088K)->9032K(9088K)
[13882.429s][info][gc             ] GC(32182) Pause Young (Allocation Failure) 474M->394M(476M) 2.285ms
[13882.429s][info][gc,cpu         ] GC(32182) User=0.00s Sys=0.00s Real=0.00s
[13882.839s][info][gc,start       ] GC(32183) Pause Young (Allocation Failure)
[13882.841s][info][gc,heap        ] GC(32183) PSYoungGen: 82272K(84480K)->448K(84480K) Eden: 81920K(81920K)->0K(81920K) From: 352K(2560K)->448K(2560K)
[13882.841s][info][gc,heap        ] GC(32183) ParOldGen: 403257K(403456K)->403305K(403456K)
[13882.841s][info][gc,metaspace   ] GC(32183) Metaspace: 62250K(62528K)->62250K(62528K) NonClass: 53217K(53440K)->53217K(53440K) Class: 9032K(9088K)->9032K(9088K)
[13882.841s][info][gc             ] GC(32183) Pause Young (Allocation Failure) 474M->394M(476M) 2.318ms
[13882.841s][info][gc,cpu         ] GC(32183) User=0.01s Sys=0.00s Real=0.00s
[13883.260s][info][gc,start       ] GC(32184) Pause Young (Allocation Failure)
[13883.262s][info][gc,heap        ] GC(32184) PSYoungGen: 82368K(84480K)->800K(84480K) Eden: 81920K(81920K)->0K(81920K) From: 448K(2560K)->800K(2560K)
[13883.262s][info][gc,heap        ] GC(32184) ParOldGen: 403305K(403456K)->403353K(403456K)
[13883.262s][info][gc,metaspace   ] GC(32184) Metaspace: 62250K(62528K)->62250K(62528K) NonClass: 53217K(53440K)->53217K(53440K) Class: 9032K(9088K)->9032K(9088K)
[13883.262s][info][gc             ] GC(32184) Pause Young (Allocation Failure) 474M->394M(476M) 2.594ms
[13883.262s][info][gc,cpu         ] GC(32184) User=0.00s Sys=0.00s Real=0.00s
[13883.678s][info][gc,start       ] GC(32185) Pause Young (Allocation Failure)
[13883.681s][info][gc,heap        ] GC(32185) PSYoungGen: 82720K(84480K)->1088K(84992K) Eden: 81920K(81920K)->0K(82944K) From: 800K(2560K)->1088K(2048K)
[13883.681s][info][gc,heap        ] GC(32185) ParOldGen: 403353K(403456K)->403409K(403456K)
[13883.681s][info][gc,metaspace   ] GC(32185) Metaspace: 62250K(62528K)->62250K(62528K) NonClass: 53217K(53440K)->53217K(53440K) Class: 9032K(9088K)->9032K(9088K)
[13883.681s][info][gc             ] GC(32185) Pause Young (Allocation Failure) 474M->395M(477M) 2.833ms
[13883.681s][info][gc,cpu         ] GC(32185) User=0.01s Sys=0.00s Real=0.00s
[13884.107s][info][gc,start       ] GC(32186) Pause Young (Allocation Failure)
[13884.110s][info][gc,heap        ] GC(32186) PSYoungGen: 84032K(84992K)->1568K(84992K) Eden: 82944K(82944K)->0K(82944K) From: 1088K(2048K)->1568K(2048K)
[13884.110s][info][gc,heap        ] GC(32186) ParOldGen: 403409K(403456K)->403465K(403968K)
[13884.110s][info][gc,metaspace   ] GC(32186) Metaspace: 62250K(62528K)->62250K(62528K) NonClass: 53217K(53440K)->53217K(53440K) Class: 9032K(9088K)->9032K(9088K)
[13884.110s][info][gc             ] GC(32186) Pause Young (Allocation Failure) 476M->395M(477M) 3.398ms
[13884.110s][info][gc,cpu         ] GC(32186) User=0.01s Sys=0.00s Real=0.00s
[13884.565s][info][gc,start       ] GC(32187) Pause Young (Allocation Failure)
[13884.568s][info][gc,heap        ] GC(32187) PSYoungGen: 84512K(84992K)->704K(84992K) Eden: 82944K(82944K)->0K(82944K) From: 1568K(2048K)->704K(2048K)
[13884.568s][info][gc,heap        ] GC(32187) ParOldGen: 403465K(403968K)->403513K(403968K)
[13884.568s][info][gc,metaspace   ] GC(32187) Metaspace: 62250K(62528K)->62250K(62528K) NonClass: 53217K(53440K)->53217K(53440K) Class: 9032K(9088K)->9032K(9088K)
[13884.568s][info][gc             ] GC(32187) Pause Young (Allocation Failure) 476M->394M(477M) 2.740ms
[13884.568s][info][gc,cpu         ] GC(32187) User=0.00s Sys=0.00s Real=0.01s
[13884.996s][info][gc,start       ] GC(32188) Pause Young (Allocation Failure)
[13885.000s][info][gc,heap        ] GC(32188) PSYoungGen: 83648K(84992K)->1344K(84992K) Eden: 82944K(82944K)->0K(82944K) From: 704K(2048K)->1344K(2048K)
[13885.000s][info][gc,heap        ] GC(32188) ParOldGen: 403513K(403968K)->403561K(403968K)
[13885.000s][info][gc,metaspace   ] GC(32188) Metaspace: 62250K(62528K)->62250K(62528K) NonClass: 53217K(53440K)->53217K(53440K) Class: 9032K(9088K)->9032K(9088K)
[13885.000s][info][gc             ] GC(32188) Pause Young (Allocation Failure) 475M->395M(477M) 3.115ms
[13885.000s][info][gc,cpu         ] GC(32188) User=0.01s Sys=0.00s Real=0.00s
[13885.478s][info][gc,start       ] GC(32189) Pause Young (Allocation Failure)
[13885.481s][info][gc,heap        ] GC(32189) PSYoungGen: 84288K(84992K)->1024K(84992K) Eden: 82944K(82944K)->0K(82944K) From: 1344K(2048K)->1024K(2048K)
[13885.481s][info][gc,heap        ] GC(32189) ParOldGen: 403561K(403968K)->403609K(403968K)
[13885.481s][info][gc,metaspace   ] GC(32189) Metaspace: 62250K(62528K)->62250K(62528K) NonClass: 53217K(53440K)->53217K(53440K) Class: 9032K(9088K)->9032K(9088K)
[13885.481s][info][gc             ] GC(32189) Pause Young (Allocation Failure) 476M->395M(477M) 2.831ms
[13885.481s][info][gc,cpu         ] GC(32189) User=0.00s Sys=0.00s Real=0.00s
[13885.971s][info][gc,start       ] GC(32190) Pause Young (Allocation Failure)
[13885.974s][info][gc,heap        ] GC(32190) PSYoungGen: 83968K(84992K)->1920K(84992K) Eden: 82944K(82944K)->0K(82944K) From: 1024K(2048K)->1920K(2048K)
[13885.974s][info][gc,heap        ] GC(32190) ParOldGen: 403609K(403968K)->404689K(405504K)
[13885.974s][info][gc,metaspace   ] GC(32190) Metaspace: 62250K(62528K)->62250K(62528K) NonClass: 53217K(53440K)->53217K(53440K) Class: 9032K(9088K)->9032K(9088K)
[13885.974s][info][gc             ] GC(32190) Pause Young (Allocation Failure) 476M->397M(479M) 3.503ms
[13885.974s][info][gc,cpu         ] GC(32190) User=0.00s Sys=0.01s Real=0.00s
[13886.460s][info][gc,start       ] GC(32191) Pause Young (Allocation Failure)
[13886.464s][info][gc,heap        ] GC(32191) PSYoungGen: 84864K(84992K)->768K(83968K) Eden: 82944K(82944K)->0K(81920K) From: 1920K(2048K)->768K(2048K)
[13886.464s][info][gc,heap        ] GC(32191) ParOldGen: 404689K(405504K)->406785K(407040K)
[13886.464s][info][gc,metaspace   ] GC(32191) Metaspace: 62250K(62528K)->62250K(62528K) NonClass: 53217K(53440K)->53217K(53440K) Class: 9032K(9088K)->9032K(9088K)
[13886.464s][info][gc             ] GC(32191) Pause Young (Allocation Failure) 478M->398M(479M) 4.127ms
[13886.464s][info][gc,cpu         ] GC(32191) User=0.00s Sys=0.00s Real=0.00s
[13886.935s][info][gc,start       ] GC(32192) Pause Young (Allocation Failure)
[13886.938s][info][gc,heap        ] GC(32192) PSYoungGen: 82688K(83968K)->480K(84480K) Eden: 81920K(81920K)->0K(81920K) From: 768K(2048K)->480K(2560K)
[13886.938s][info][gc,heap        ] GC(32192) ParOldGen: 406785K(407040K)->406841K(407040K)
[13886.938s][info][gc,metaspace   ] GC(32192) Metaspace: 62250K(62528K)->62250K(62528K) NonClass: 53217K(53440K)->53217K(53440K) Class: 9032K(9088K)->9032K(9088K)
[13886.938s][info][gc             ] GC(32192) Pause Young (Allocation Failure) 478M->397M(480M) 2.290ms
[13886.938s][info][gc,cpu         ] GC(32192) User=0.01s Sys=0.00s Real=0.01s
[13887.388s][info][gc,start       ] GC(32193) Pause Young (Allocation Failure)
[13887.391s][info][gc,heap        ] GC(32193) PSYoungGen: 82400K(84480K)->1376K(84480K) Eden: 81920K(81920K)->0K(81920K) From: 480K(2560K)->1376K(2560K)
[13887.391s][info][gc,heap        ] GC(32193) ParOldGen: 406841K(407040K)->406889K(407040K)
[13887.391s][info][gc,metaspace   ] GC(32193) Metaspace: 62250K(62528K)->62250K(62528K) NonClass: 53217K(53440K)->53217K(53440K) Class: 9032K(9088K)->9032K(9088K)
[13887.391s][info][gc             ] GC(32193) Pause Young (Allocation Failure) 477M->398M(480M) 3.083ms
[13887.391s][info][gc,cpu         ] GC(32193) User=0.01s Sys=0.00s Real=0.00s
[13887.803s][info][gc,start       ] GC(32194) Pause Young (Allocation Failure)
[13887.806s][info][gc,heap        ] GC(32194) PSYoungGen: 83296K(84480K)->1440K(84480K) Eden: 81920K(81920K)->0K(81920K) From: 1376K(2560K)->1440K(2560K)
[13887.806s][info][gc,heap        ] GC(32194) ParOldGen: 406889K(407040K)->406985K(407040K)
[13887.806s][info][gc,metaspace   ] GC(32194) Metaspace: 62250K(62528K)->62250K(62528K) NonClass: 53217K(53440K)->53217K(53440K) Class: 9032K(9088K)->9032K(9088K)
[13887.806s][info][gc             ] GC(32194) Pause Young (Allocation Failure) 478M->398M(480M) 3.470ms
[13887.806s][info][gc,cpu         ] GC(32194) User=0.01s Sys=0.00s Real=0.01s
[13888.219s][info][gc,start       ] GC(32195) Pause Young (Allocation Failure)
[13888.221s][info][gc,heap        ] GC(32195) PSYoungGen: 83360K(84480K)->224K(84480K) Eden: 81920K(81920K)->0K(81920K) From: 1440K(2560K)->224K(2560K)
[13888.221s][info][gc,heap        ] GC(32195) ParOldGen: 406985K(407040K)->407033K(407040K)
[13888.221s][info][gc,metaspace   ] GC(32195) Metaspace: 62250K(62528K)->62250K(62528K) NonClass: 53217K(53440K)->53217K(53440K) Class: 9032K(9088K)->9032K(9088K)
[13888.221s][info][gc             ] GC(32195) Pause Young (Allocation Failure) 478M->397M(480M) 2.084ms
[13888.221s][info][gc,cpu         ] GC(32195) User=0.01s Sys=0.00s Real=0.00s
[13888.634s][info][gc,start       ] GC(32196) Pause Young (Allocation Failure)
[13888.636s][info][gc,heap        ] GC(32196) PSYoungGen: 82144K(84480K)->448K(84480K) Eden: 81920K(81920K)->0K(81920K) From: 224K(2560K)->448K(2560K)
[13888.636s][info][gc,heap        ] GC(32196) ParOldGen: 407033K(407040K)->407089K(407552K)
[13888.636s][info][gc,metaspace   ] GC(32196) Metaspace: 62250K(62528K)->62250K(62528K) NonClass: 53217K(53440K)->53217K(53440K) Class: 9032K(9088K)->9032K(9088K)
[13888.636s][info][gc             ] GC(32196) Pause Young (Allocation Failure) 477M->397M(480M) 2.289ms
[13888.636s][info][gc,cpu         ] GC(32196) User=0.01s Sys=0.00s Real=0.00s
[13889.095s][info][gc,start       ] GC(32197) Pause Young (Allocation Failure)
[13889.098s][info][gc,heap        ] GC(32197) PSYoungGen: 82368K(84480K)->1344K(84480K) Eden: 81920K(81920K)->0K(81920K) From: 448K(2560K)->1344K(2560K)
[13889.098s][info][gc,heap        ] GC(32197) ParOldGen: 407089K(407552K)->407137K(407552K)
[13889.098s][info][gc,metaspace   ] GC(32197) Metaspace: 62250K(62528K)->62250K(62528K) NonClass: 53217K(53440K)->53217K(53440K) Class: 9032K(9088K)->9032K(9088K)
[13889.098s][info][gc             ] GC(32197) Pause Young (Allocation Failure) 477M->398M(480M) 3.159ms
[13889.098s][info][gc,cpu         ] GC(32197) User=0.00s Sys=0.00s Real=0.01s
[13889.518s][info][gc,start       ] GC(32198) Pause Young (Allocation Failure)
[13889.520s][info][gc,heap        ] GC(32198) PSYoungGen: 83264K(84480K)->192K(84480K) Eden: 81920K(81920K)->0K(81920K) From: 1344K(2560K)->192K(2560K)
[13889.520s][info][gc,heap        ] GC(32198) ParOldGen: 407137K(407552K)->407185K(407552K)
[13889.520s][info][gc,metaspace   ] GC(32198) Metaspace: 62250K(62528K)->62250K(62528K) NonClass: 53217K(53440K)->53217K(53440K) Class: 9032K(9088K)->9032K(9088K)
[13889.520s][info][gc             ] GC(32198) Pause Young (Allocation Failure) 478M->397M(480M) 2.078ms
[13889.520s][info][gc,cpu         ] GC(32198) User=0.01s Sys=0.00s Real=0.00s
[13889.945s][info][gc,start       ] GC(32199) Pause Young (Allocation Failure)
[13889.947s][info][gc,heap        ] GC(32199) PSYoungGen: 82112K(84480K)->576K(84480K) Eden: 81920K(81920K)->0K(81920K) From: 192K(2560K)->576K(2560K)
[13889.947s][info][gc,heap        ] GC(32199) ParOldGen: 407185K(407552K)->407241K(407552K)
[13889.947s][info][gc,metaspace   ] GC(32199) Metaspace: 62250K(62528K)->62250K(62528K) NonClass: 53217K(53440K)->53217K(53440K) Class: 9032K(9088K)->9032K(9088K)
[13889.947s][info][gc             ] GC(32199) Pause Young (Allocation Failure) 477M->398M(480M) 2.388ms
[13889.947s][info][gc,cpu         ] GC(32199) User=0.00s Sys=0.00s Real=0.01s
[13890.359s][info][gc,start       ] GC(32200) Pause Young (Allocation Failure)
[13890.362s][info][gc,heap        ] GC(32200) PSYoungGen: 82496K(84480K)->1888K(84480K) Eden: 81920K(81920K)->0K(81920K) From: 576K(2560K)->1888K(2560K)
[13890.362s][info][gc,heap        ] GC(32200) ParOldGen: 407241K(407552K)->408321K(409088K)
[13890.362s][info][gc,metaspace   ] GC(32200) Metaspace: 62250K(62528K)->62250K(62528K) NonClass: 53217K(53440K)->53217K(53440K) Class: 9032K(9088K)->9032K(9088K)
[13890.362s][info][gc             ] GC(32200) Pause Young (Allocation Failure) 478M->400M(482M) 3.387ms
[13890.362s][info][gc,cpu         ] GC(32200) User=0.00s Sys=0.00s Real=0.00s
[13890.816s][info][gc,start       ] GC(32201) Pause Young (Allocation Failure)
[13890.821s][info][gc,heap        ] GC(32201) PSYoungGen: 83808K(84480K)->1632K(84480K) Eden: 81920K(81920K)->0K(81920K) From: 1888K(2560K)->1632K(2560K)
[13890.821s][info][gc,heap        ] GC(32201) ParOldGen: 408321K(409088K)->410417K(410624K)
[13890.821s][info][gc,metaspace   ] GC(32201) Metaspace: 62250K(62528K)->62250K(62528K) NonClass: 53217K(53440K)->53217K(53440K) Class: 9032K(9088K)->9032K(9088K)
[13890.821s][info][gc             ] GC(32201) Pause Young (Allocation Failure) 480M->402M(483M) 4.825ms
[13890.821s][info][gc,cpu         ] GC(32201) User=0.01s Sys=0.00s Real=0.01s
[13891.253s][info][gc,start       ] GC(32202) Pause Young (Allocation Failure)
[13891.255s][info][gc,heap        ] GC(32202) PSYoungGen: 83552K(84480K)->704K(84480K) Eden: 81920K(81920K)->0K(81920K) From: 1632K(2560K)->704K(2560K)
[13891.255s][info][gc,heap        ] GC(32202) ParOldGen: 410417K(410624K)->410465K(410624K)
[13891.255s][info][gc,metaspace   ] GC(32202) Metaspace: 62250K(62528K)->62250K(62528K) NonClass: 53217K(53440K)->53217K(53440K) Class: 9032K(9088K)->9032K(9088K)
[13891.255s][info][gc             ] GC(32202) Pause Young (Allocation Failure) 482M->401M(483M) 2.612ms
[13891.255s][info][gc,cpu         ] GC(32202) User=0.01s Sys=0.00s Real=0.00s
[13891.676s][info][gc,start       ] GC(32203) Pause Young (Allocation Failure)
[13891.679s][info][gc,heap        ] GC(32203) PSYoungGen: 82624K(84480K)->1088K(84480K) Eden: 81920K(81920K)->0K(81920K) From: 704K(2560K)->1088K(2560K)
[13891.679s][info][gc,heap        ] GC(32203) ParOldGen: 410465K(410624K)->410513K(410624K)
[13891.679s][info][gc,metaspace   ] GC(32203) Metaspace: 62250K(62528K)->62250K(62528K) NonClass: 53217K(53440K)->53217K(53440K) Class: 9032K(9088K)->9032K(9088K)
[13891.679s][info][gc             ] GC(32203) Pause Young (Allocation Failure) 481M->401M(483M) 3.017ms
[13891.679s][info][gc,cpu         ] GC(32203) User=0.00s Sys=0.00s Real=0.01s
[13892.129s][info][gc,start       ] GC(32204) Pause Young (Allocation Failure)
[13892.132s][info][gc,heap        ] GC(32204) PSYoungGen: 83008K(84480K)->352K(84480K) Eden: 81920K(81920K)->0K(81920K) From: 1088K(2560K)->352K(2560K)
[13892.132s][info][gc,heap        ] GC(32204) ParOldGen: 410513K(410624K)->410561K(410624K)
[13892.132s][info][gc,metaspace   ] GC(32204) Metaspace: 62250K(62528K)->62250K(62528K) NonClass: 53217K(53440K)->53217K(53440K) Class: 9032K(9088K)->9032K(9088K)
[13892.132s][info][gc             ] GC(32204) Pause Young (Allocation Failure) 481M->401M(483M) 2.280ms
[13892.132s][info][gc,cpu         ] GC(32204) User=0.00s Sys=0.00s Real=0.00s
[13892.582s][info][gc,start       ] GC(32205) Pause Young (Allocation Failure)
[13892.585s][info][gc,heap        ] GC(32205) PSYoungGen: 82272K(84480K)->1056K(84480K) Eden: 81920K(81920K)->0K(81920K) From: 352K(2560K)->1056K(2560K)
[13892.585s][info][gc,heap        ] GC(32205) ParOldGen: 410561K(410624K)->410617K(410624K)
[13892.585s][info][gc,metaspace   ] GC(32205) Metaspace: 62250K(62528K)->62250K(62528K) NonClass: 53217K(53440K)->53217K(53440K) Class: 9032K(9088K)->9032K(9088K)
[13892.585s][info][gc             ] GC(32205) Pause Young (Allocation Failure) 481M->402M(483M) 2.852ms
[13892.585s][info][gc,cpu         ] GC(32205) User=0.01s Sys=0.01s Real=0.00s
[13893.053s][info][gc,start       ] GC(32206) Pause Young (Allocation Failure)
[13893.055s][info][gc,heap        ] GC(32206) PSYoungGen: 82976K(84480K)->672K(84480K) Eden: 81920K(81920K)->0K(81920K) From: 1056K(2560K)->672K(2560K)
[13893.055s][info][gc,heap        ] GC(32206) ParOldGen: 410617K(410624K)->410665K(411136K)
[13893.055s][info][gc,metaspace   ] GC(32206) Metaspace: 62250K(62528K)->62250K(62528K) NonClass: 53217K(53440K)->53217K(53440K) Class: 9032K(9088K)->9032K(9088K)
[13893.055s][info][gc             ] GC(32206) Pause Young (Allocation Failure) 482M->401M(484M) 2.485ms
[13893.055s][info][gc,cpu         ] GC(32206) User=0.00s Sys=0.00s Real=0.00s
[13893.471s][info][gc,start       ] GC(32207) Pause Young (Allocation Failure)
[13893.474s][info][gc,heap        ] GC(32207) PSYoungGen: 82592K(84480K)->992K(84992K) Eden: 81920K(81920K)->0K(82432K) From: 672K(2560K)->992K(2560K)
[13893.474s][info][gc,heap        ] GC(32207) ParOldGen: 410665K(411136K)->410721K(411136K)
[13893.474s][info][gc,metaspace   ] GC(32207) Metaspace: 62250K(62528K)->62250K(62528K) NonClass: 53217K(53440K)->53217K(53440K) Class: 9032K(9088K)->9032K(9088K)
[13893.474s][info][gc             ] GC(32207) Pause Young (Allocation Failure) 481M->402M(484M) 2.784ms
[13893.474s][info][gc,cpu         ] GC(32207) User=0.01s Sys=0.00s Real=0.00s
[13893.906s][info][gc,start       ] GC(32208) Pause Young (Allocation Failure)
[13893.909s][info][gc,heap        ] GC(32208) PSYoungGen: 83424K(84992K)->1504K(84480K) Eden: 82432K(82432K)->0K(82432K) From: 992K(2560K)->1504K(2048K)
[13893.909s][info][gc,heap        ] GC(32208) ParOldGen: 410721K(411136K)->410769K(411136K)
[13893.909s][info][gc,metaspace   ] GC(32208) Metaspace: 62250K(62528K)->62250K(62528K) NonClass: 53217K(53440K)->53217K(53440K) Class: 9032K(9088K)->9032K(9088K)
[13893.909s][info][gc             ] GC(32208) Pause Young (Allocation Failure) 482M->402M(484M) 3.431ms
[13893.909s][info][gc,cpu         ] GC(32208) User=0.01s Sys=0.00s Real=0.01s
[13894.332s][info][gc,start       ] GC(32209) Pause Young (Allocation Failure)
[13894.335s][info][gc,heap        ] GC(32209) PSYoungGen: 83936K(84480K)->416K(84480K) Eden: 82432K(82432K)->0K(81920K) From: 1504K(2048K)->416K(2560K)
[13894.335s][info][gc,heap        ] GC(32209) ParOldGen: 410769K(411136K)->410817K(411136K)
[13894.335s][info][gc,metaspace   ] GC(32209) Metaspace: 62250K(62528K)->62250K(62528K) NonClass: 53217K(53440K)->53217K(53440K) Class: 9032K(9088K)->9032K(9088K)
[13894.335s][info][gc             ] GC(32209) Pause Young (Allocation Failure) 483M->401M(484M) 2.451ms
[13894.335s][info][gc,cpu         ] GC(32209) User=0.00s Sys=0.00s Real=0.00s
[13894.832s][info][gc,start       ] GC(32210) Pause Young (Allocation Failure)
[13894.834s][info][gc,heap        ] GC(32210) PSYoungGen: 82336K(84480K)->400K(84480K) Eden: 81920K(81920K)->0K(81920K) From: 416K(2560K)->400K(2560K)
[13894.834s][info][gc,heap        ] GC(32210) ParOldGen: 410817K(411136K)->410873K(411136K)
[13894.834s][info][gc,metaspace   ] GC(32210) Metaspace: 62250K(62528K)->62250K(62528K) NonClass: 53217K(53440K)->53217K(53440K) Class: 9032K(9088K)->9032K(9088K)
[13894.834s][info][gc             ] GC(32210) Pause Young (Allocation Failure) 481M->401M(484M) 2.423ms
[13894.834s][info][gc,cpu         ] GC(32210) User=0.00s Sys=0.00s Real=0.00s
[13895.267s][info][gc,start       ] GC(32211) Pause Young (Allocation Failure)
[13895.270s][info][gc,heap        ] GC(32211) PSYoungGen: 82320K(84480K)->1888K(84480K) Eden: 81920K(81920K)->0K(81920K) From: 400K(2560K)->1888K(2560K)
[13895.270s][info][gc,heap        ] GC(32211) ParOldGen: 410873K(411136K)->412001K(412672K)
[13895.270s][info][gc,metaspace   ] GC(32211) Metaspace: 62250K(62528K)->62250K(62528K) NonClass: 53217K(53440K)->53217K(53440K) Class: 9032K(9088K)->9032K(9088K)
[13895.270s][info][gc             ] GC(32211) Pause Young (Allocation Failure) 481M->404M(485M) 3.443ms
[13895.270s][info][gc,cpu         ] GC(32211) User=0.01s Sys=0.00s Real=0.00s
[13895.723s][info][gc,start       ] GC(32212) Pause Young (Allocation Failure)
[13895.726s][info][gc,heap        ] GC(32212) PSYoungGen: 83808K(84480K)->256K(84480K) Eden: 81920K(81920K)->0K(81920K) From: 1888K(2560K)->256K(2560K)
[13895.726s][info][gc,heap        ] GC(32212) ParOldGen: 412001K(412672K)->414105K(414208K)
[13895.727s][info][gc,metaspace   ] GC(32212) Metaspace: 62250K(62528K)->62250K(62528K) NonClass: 53217K(53440K)->53217K(53440K) Class: 9032K(9088K)->9032K(9088K)
[13895.727s][info][gc             ] GC(32212) Pause Young (Allocation Failure) 484M->404M(487M) 3.552ms
[13895.727s][info][gc,cpu         ] GC(32212) User=0.00s Sys=0.01s Real=0.01s
[13896.159s][info][gc,start       ] GC(32213) Pause Young (Allocation Failure)
[13896.162s][info][gc,heap        ] GC(32213) PSYoungGen: 82176K(84480K)->832K(84480K) Eden: 81920K(81920K)->0K(81920K) From: 256K(2560K)->832K(2560K)
[13896.162s][info][gc,heap        ] GC(32213) ParOldGen: 414105K(414208K)->414153K(414208K)
[13896.162s][info][gc,metaspace   ] GC(32213) Metaspace: 62250K(62528K)->62250K(62528K) NonClass: 53217K(53440K)->53217K(53440K) Class: 9032K(9088K)->9032K(9088K)
[13896.162s][info][gc             ] GC(32213) Pause Young (Allocation Failure) 484M->405M(487M) 2.896ms
[13896.162s][info][gc,cpu         ] GC(32213) User=0.01s Sys=0.00s Real=0.00s
[13896.610s][info][gc,start       ] GC(32214) Pause Young (Allocation Failure)
[13896.614s][info][gc,heap        ] GC(32214) PSYoungGen: 82752K(84480K)->1568K(84480K) Eden: 81920K(81920K)->0K(81920K) From: 832K(2560K)->1568K(2560K)
[13896.614s][info][gc,heap        ] GC(32214) ParOldGen: 414153K(414208K)->414201K(414208K)
[13896.614s][info][gc,metaspace   ] GC(32214) Metaspace: 62250K(62528K)->62250K(62528K) NonClass: 53217K(53440K)->53217K(53440K) Class: 9032K(9088K)->9032K(9088K)
[13896.614s][info][gc             ] GC(32214) Pause Young (Allocation Failure) 485M->406M(487M) 3.373ms
[13896.614s][info][gc,cpu         ] GC(32214) User=0.01s Sys=0.00s Real=0.00s
[13897.050s][info][gc,start       ] GC(32215) Pause Young (Allocation Failure)
[13897.052s][info][gc,heap        ] GC(32215) PSYoungGen: 83488K(84480K)->672K(84480K) Eden: 81920K(81920K)->0K(81920K) From: 1568K(2560K)->672K(2560K)
[13897.052s][info][gc,heap        ] GC(32215) ParOldGen: 414201K(414208K)->414257K(414720K)
[13897.052s][info][gc,metaspace   ] GC(32215) Metaspace: 62250K(62528K)->62250K(62528K) NonClass: 53217K(53440K)->53217K(53440K) Class: 9032K(9088K)->9032K(9088K)
[13897.052s][info][gc             ] GC(32215) Pause Young (Allocation Failure) 486M->405M(487M) 2.521ms
[13897.052s][info][gc,cpu         ] GC(32215) User=0.00s Sys=0.00s Real=0.00s
[13897.486s][info][gc,start       ] GC(32216) Pause Young (Allocation Failure)
[13897.489s][info][gc,heap        ] GC(32216) PSYoungGen: 82592K(84480K)->1248K(84480K) Eden: 81920K(81920K)->0K(81920K) From: 672K(2560K)->1248K(2560K)
[13897.489s][info][gc,heap        ] GC(32216) ParOldGen: 414257K(414720K)->414313K(414720K)
[13897.489s][info][gc,metaspace   ] GC(32216) Metaspace: 62250K(62528K)->62250K(62528K) NonClass: 53217K(53440K)->53217K(53440K) Class: 9032K(9088K)->9032K(9088K)
[13897.490s][info][gc             ] GC(32216) Pause Young (Allocation Failure) 485M->405M(487M) 3.251ms
[13897.490s][info][gc,cpu         ] GC(32216) User=0.00s Sys=0.00s Real=0.01s
[13897.961s][info][gc,start       ] GC(32217) Pause Young (Allocation Failure)
[13897.964s][info][gc,heap        ] GC(32217) PSYoungGen: 83168K(84480K)->864K(84480K) Eden: 81920K(81920K)->0K(81920K) From: 1248K(2560K)->864K(2560K)
[13897.964s][info][gc,heap        ] GC(32217) ParOldGen: 414313K(414720K)->414361K(414720K)
[13897.964s][info][gc,metaspace   ] GC(32217) Metaspace: 62250K(62528K)->62250K(62528K) NonClass: 53217K(53440K)->53217K(53440K) Class: 9032K(9088K)->9032K(9088K)
[13897.964s][info][gc             ] GC(32217) Pause Young (Allocation Failure) 485M->405M(487M) 2.817ms
[13897.964s][info][gc,cpu         ] GC(32217) User=0.01s Sys=0.00s Real=0.00s
[13898.413s][info][gc,start       ] GC(32218) Pause Young (Allocation Failure)
[13898.416s][info][gc,heap        ] GC(32218) PSYoungGen: 82784K(84480K)->1536K(84480K) Eden: 81920K(81920K)->0K(81920K) From: 864K(2560K)->1536K(2560K)
[13898.416s][info][gc,heap        ] GC(32218) ParOldGen: 414361K(414720K)->414417K(414720K)
[13898.416s][info][gc,metaspace   ] GC(32218) Metaspace: 62250K(62528K)->62250K(62528K) NonClass: 53217K(53440K)->53217K(53440K) Class: 9032K(9088K)->9032K(9088K)
[13898.416s][info][gc             ] GC(32218) Pause Young (Allocation Failure) 485M->406M(487M) 3.445ms
[13898.416s][info][gc,cpu         ] GC(32218) User=0.00s Sys=0.00s Real=0.00s
[13898.879s][info][gc,start       ] GC(32219) Pause Young (Allocation Failure)
[13898.882s][info][gc,heap        ] GC(32219) PSYoungGen: 83456K(84480K)->992K(84480K) Eden: 81920K(81920K)->0K(81920K) From: 1536K(2560K)->992K(2560K)
[13898.882s][info][gc,heap        ] GC(32219) ParOldGen: 414417K(414720K)->414465K(414720K)
[13898.882s][info][gc,metaspace   ] GC(32219) Metaspace: 62250K(62528K)->62250K(62528K) NonClass: 53217K(53440K)->53217K(53440K) Class: 9032K(9088K)->9032K(9088K)
[13898.882s][info][gc             ] GC(32219) Pause Young (Allocation Failure) 486M->405M(487M) 2.944ms
[13898.882s][info][gc,cpu         ] GC(32219) User=0.00s Sys=0.00s Real=0.00s
[13899.354s][info][gc,start       ] GC(32220) Pause Young (Allocation Failure)
[13899.356s][info][gc,heap        ] GC(32220) PSYoungGen: 82912K(84480K)->704K(84480K) Eden: 81920K(81920K)->0K(81920K) From: 992K(2560K)->704K(2560K)
[13899.356s][info][gc,heap        ] GC(32220) ParOldGen: 414465K(414720K)->414513K(414720K)
[13899.356s][info][gc,metaspace   ] GC(32220) Metaspace: 62250K(62528K)->62250K(62528K) NonClass: 53217K(53440K)->53217K(53440K) Class: 9032K(9088K)->9032K(9088K)
[13899.357s][info][gc             ] GC(32220) Pause Young (Allocation Failure) 485M->405M(487M) 2.621ms
[13899.357s][info][gc,cpu         ] GC(32220) User=0.01s Sys=0.00s Real=0.01s
[13899.809s][info][gc,start       ] GC(32221) Pause Young (Allocation Failure)
[13899.813s][info][gc,heap        ] GC(32221) PSYoungGen: 82624K(84480K)->1376K(83968K) Eden: 81920K(81920K)->0K(81920K) From: 704K(2560K)->1376K(2048K)
[13899.813s][info][gc,heap        ] GC(32221) ParOldGen: 414513K(414720K)->416617K(417792K)
[13899.813s][info][gc,metaspace   ] GC(32221) Metaspace: 62250K(62528K)->62250K(62528K) NonClass: 53217K(53440K)->53217K(53440K) Class: 9032K(9088K)->9032K(9088K)
[13899.813s][info][gc             ] GC(32221) Pause Young (Allocation Failure) 485M->408M(490M) 4.486ms
[13899.813s][info][gc,cpu         ] GC(32221) User=0.00s Sys=0.00s Real=0.00s
[13900.234s][info][gc,start       ] GC(32222) Pause Young (Allocation Failure)
[13900.237s][info][gc,heap        ] GC(32222) PSYoungGen: 83296K(83968K)->448K(84480K) Eden: 81920K(81920K)->0K(81920K) From: 1376K(2048K)->448K(2560K)
[13900.237s][info][gc,heap        ] GC(32222) ParOldGen: 416617K(417792K)->416665K(417792K)
[13900.237s][info][gc,metaspace   ] GC(32222) Metaspace: 62250K(62528K)->62250K(62528K) NonClass: 53217K(53440K)->53217K(53440K) Class: 9032K(9088K)->9032K(9088K)
[13900.237s][info][gc             ] GC(32222) Pause Young (Allocation Failure) 488M->407M(490M) 2.435ms
[13900.237s][info][gc,cpu         ] GC(32222) User=0.01s Sys=0.00s Real=0.01s
[13900.658s][info][gc,start       ] GC(32223) Pause Young (Allocation Failure)
[13900.661s][info][gc,heap        ] GC(32223) PSYoungGen: 82368K(84480K)->832K(84992K) Eden: 81920K(81920K)->0K(82432K) From: 448K(2560K)->832K(2560K)
[13900.661s][info][gc,heap        ] GC(32223) ParOldGen: 416665K(417792K)->416713K(417792K)
[13900.661s][info][gc,metaspace   ] GC(32223) Metaspace: 62250K(62528K)->62250K(62528K) NonClass: 53217K(53440K)->53217K(53440K) Class: 9032K(9088K)->9032K(9088K)
[13900.661s][info][gc             ] GC(32223) Pause Young (Allocation Failure) 487M->407M(491M) 2.772ms
[13900.661s][info][gc,cpu         ] GC(32223) User=0.01s Sys=0.00s Real=0.00s
[13901.083s][info][gc,start       ] GC(32224) Pause Young (Allocation Failure)
[13901.086s][info][gc,heap        ] GC(32224) PSYoungGen: 83264K(84992K)->1152K(84480K) Eden: 82432K(82432K)->0K(82432K) From: 832K(2560K)->1152K(2048K)
[13901.086s][info][gc,heap        ] GC(32224) ParOldGen: 416713K(417792K)->416761K(417792K)
[13901.086s][info][gc,metaspace   ] GC(32224) Metaspace: 62250K(62528K)->62250K(62528K) NonClass: 53217K(53440K)->53217K(53440K) Class: 9032K(9088K)->9032K(9088K)
[13901.086s][info][gc             ] GC(32224) Pause Young (Allocation Failure) 488M->408M(490M) 3.111ms
[13901.086s][info][gc,cpu         ] GC(32224) User=0.01s Sys=0.00s Real=0.00s
[13901.511s][info][gc,start       ] GC(32225) Pause Young (Allocation Failure)
[13901.514s][info][gc,heap        ] GC(32225) PSYoungGen: 83584K(84480K)->1600K(83968K) Eden: 82432K(82432K)->0K(81920K) From: 1152K(2048K)->1600K(2048K)
[13901.514s][info][gc,heap        ] GC(32225) ParOldGen: 416761K(417792K)->416809K(417792K)
[13901.514s][info][gc,metaspace   ] GC(32225) Metaspace: 62250K(62528K)->62250K(62528K) NonClass: 53217K(53440K)->53217K(53440K) Class: 9032K(9088K)->9032K(9088K)
[13901.514s][info][gc             ] GC(32225) Pause Young (Allocation Failure) 488M->408M(490M) 3.466ms
[13901.514s][info][gc,cpu         ] GC(32225) User=0.01s Sys=0.00s Real=0.00s
[13901.939s][info][gc,start       ] GC(32226) Pause Young (Allocation Failure)
[13901.941s][info][gc,heap        ] GC(32226) PSYoungGen: 83520K(83968K)->512K(84480K) Eden: 81920K(81920K)->0K(81920K) From: 1600K(2048K)->512K(2560K)
[13901.941s][info][gc,heap        ] GC(32226) ParOldGen: 416809K(417792K)->416857K(417792K)
[13901.941s][info][gc,metaspace   ] GC(32226) Metaspace: 62250K(62528K)->62250K(62528K) NonClass: 53217K(53440K)->53217K(53440K) Class: 9032K(9088K)->9032K(9088K)
[13901.941s][info][gc             ] GC(32226) Pause Young (Allocation Failure) 488M->407M(490M) 2.545ms
[13901.941s][info][gc,cpu         ] GC(32226) User=0.00s Sys=0.00s Real=0.00s
[13902.415s][info][gc,start       ] GC(32227) Pause Young (Allocation Failure)
[13902.419s][info][gc,heap        ] GC(32227) PSYoungGen: 82432K(84480K)->1792K(84480K) Eden: 81920K(81920K)->0K(81920K) From: 512K(2560K)->1792K(2560K)
[13902.419s][info][gc,heap        ] GC(32227) ParOldGen: 416857K(417792K)->416905K(417792K)
[13902.419s][info][gc,metaspace   ] GC(32227) Metaspace: 62250K(62528K)->62250K(62528K) NonClass: 53217K(53440K)->53217K(53440K) Class: 9032K(9088K)->9032K(9088K)
[13902.419s][info][gc             ] GC(32227) Pause Young (Allocation Failure) 487M->408M(490M) 3.637ms
[13902.419s][info][gc,cpu         ] GC(32227) User=0.01s Sys=0.00s Real=0.01s
[13902.919s][info][gc,start       ] GC(32228) Pause Young (Allocation Failure)
[13902.921s][info][gc,heap        ] GC(32228) PSYoungGen: 83712K(84480K)->224K(84480K) Eden: 81920K(81920K)->0K(81920K) From: 1792K(2560K)->224K(2560K)
[13902.921s][info][gc,heap        ] GC(32228) ParOldGen: 416905K(417792K)->417009K(417792K)
[13902.921s][info][gc,metaspace   ] GC(32228) Metaspace: 62250K(62528K)->62250K(62528K) NonClass: 53217K(53440K)->53217K(53440K) Class: 9032K(9088K)->9032K(9088K)
[13902.921s][info][gc             ] GC(32228) Pause Young (Allocation Failure) 488M->407M(490M) 2.274ms
[13902.921s][info][gc,cpu         ] GC(32228) User=0.00s Sys=0.00s Real=0.00s
[13903.397s][info][gc,start       ] GC(32229) Pause Young (Allocation Failure)
[13903.400s][info][gc,heap        ] GC(32229) PSYoungGen: 82144K(84480K)->1312K(84480K) Eden: 81920K(81920K)->0K(81920K) From: 224K(2560K)->1312K(2560K)
[13903.400s][info][gc,heap        ] GC(32229) ParOldGen: 417009K(417792K)->417065K(417792K)
[13903.400s][info][gc,metaspace   ] GC(32229) Metaspace: 62250K(62528K)->62250K(62528K) NonClass: 53217K(53440K)->53217K(53440K) Class: 9032K(9088K)->9032K(9088K)
[13903.401s][info][gc             ] GC(32229) Pause Young (Allocation Failure) 487M->408M(490M) 3.103ms
[13903.401s][info][gc,cpu         ] GC(32229) User=0.01s Sys=0.00s Real=0.00s
[13903.853s][info][gc,start       ] GC(32230) Pause Young (Allocation Failure)
[13903.856s][info][gc,heap        ] GC(32230) PSYoungGen: 83232K(84480K)->704K(84480K) Eden: 81920K(81920K)->0K(81920K) From: 1312K(2560K)->704K(2560K)
[13903.856s][info][gc,heap        ] GC(32230) ParOldGen: 417065K(417792K)->417121K(417792K)
[13903.856s][info][gc,metaspace   ] GC(32230) Metaspace: 62250K(62528K)->62250K(62528K) NonClass: 53217K(53440K)->53217K(53440K) Class: 9032K(9088K)->9032K(9088K)
[13903.856s][info][gc             ] GC(32230) Pause Young (Allocation Failure) 488M->408M(490M) 2.428ms
[13903.856s][info][gc,cpu         ] GC(32230) User=0.01s Sys=0.00s Real=0.00s
[13904.279s][info][gc,start       ] GC(32231) Pause Young (Allocation Failure)
[13904.282s][info][gc,heap        ] GC(32231) PSYoungGen: 82624K(84480K)->1184K(84480K) Eden: 81920K(81920K)->0K(81920K) From: 704K(2560K)->1184K(2560K)
[13904.282s][info][gc,heap        ] GC(32231) ParOldGen: 417121K(417792K)->417169K(417792K)
[13904.282s][info][gc,metaspace   ] GC(32231) Metaspace: 62250K(62528K)->62250K(62528K) NonClass: 53217K(53440K)->53217K(53440K) Class: 9032K(9088K)->9032K(9088K)
[13904.282s][info][gc             ] GC(32231) Pause Young (Allocation Failure) 488M->408M(490M) 3.144ms
[13904.282s][info][gc,cpu         ] GC(32231) User=0.00s Sys=0.00s Real=0.00s
[13904.684s][info][gc,start       ] GC(32232) Pause Young (Allocation Failure)
[13904.688s][info][gc,heap        ] GC(32232) PSYoungGen: 83104K(84480K)->2336K(84480K) Eden: 81920K(81920K)->0K(81920K) From: 1184K(2560K)->2336K(2560K)
[13904.688s][info][gc,heap        ] GC(32232) ParOldGen: 417169K(417792K)->418249K(419328K)
[13904.688s][info][gc,metaspace   ] GC(32232) Metaspace: 62250K(62528K)->62250K(62528K) NonClass: 53217K(53440K)->53217K(53440K) Class: 9032K(9088K)->9032K(9088K)
[13904.688s][info][gc             ] GC(32232) Pause Young (Allocation Failure) 488M->410M(492M) 3.828ms
[13904.688s][info][gc,cpu         ] GC(32232) User=0.00s Sys=0.00s Real=0.01s
[13905.109s][info][gc,start       ] GC(32233) Pause Young (Allocation Failure)
[13905.113s][info][gc,heap        ] GC(32233) PSYoungGen: 84256K(84480K)->1568K(84480K) Eden: 81920K(81920K)->0K(81920K) From: 2336K(2560K)->1568K(2560K)
[13905.113s][info][gc,heap        ] GC(32233) ParOldGen: 418249K(419328K)->420345K(420864K)
[13905.113s][info][gc,metaspace   ] GC(32233) Metaspace: 62250K(62528K)->62250K(62528K) NonClass: 53217K(53440K)->53217K(53440K) Class: 9032K(9088K)->9032K(9088K)
[13905.113s][info][gc             ] GC(32233) Pause Young (Allocation Failure) 490M->412M(493M) 4.465ms
[13905.113s][info][gc,cpu         ] GC(32233) User=0.00s Sys=0.00s Real=0.00s
[13905.531s][info][gc,start       ] GC(32234) Pause Young (Allocation Failure)
[13905.533s][info][gc,heap        ] GC(32234) PSYoungGen: 83488K(84480K)->384K(84480K) Eden: 81920K(81920K)->0K(81920K) From: 1568K(2560K)->384K(2560K)
[13905.533s][info][gc,heap        ] GC(32234) ParOldGen: 420345K(420864K)->420401K(420864K)
[13905.533s][info][gc,metaspace   ] GC(32234) Metaspace: 62250K(62528K)->62250K(62528K) NonClass: 53217K(53440K)->53217K(53440K) Class: 9032K(9088K)->9032K(9088K)
[13905.533s][info][gc             ] GC(32234) Pause Young (Allocation Failure) 492M->410M(493M) 2.269ms
[13905.533s][info][gc,cpu         ] GC(32234) User=0.01s Sys=0.00s Real=0.00s
[13906.019s][info][gc,start       ] GC(32235) Pause Young (Allocation Failure)
[13906.021s][info][gc,heap        ] GC(32235) PSYoungGen: 82304K(84480K)->192K(83456K) Eden: 81920K(81920K)->0K(80896K) From: 384K(2560K)->192K(2560K)
[13906.021s][info][gc,heap        ] GC(32235) ParOldGen: 420401K(420864K)->420457K(420864K)
[13906.021s][info][gc,metaspace   ] GC(32235) Metaspace: 62250K(62528K)->62250K(62528K) NonClass: 53217K(53440K)->53217K(53440K) Class: 9032K(9088K)->9032K(9088K)
[13906.021s][info][gc             ] GC(32235) Pause Young (Allocation Failure) 490M->410M(492M) 2.230ms
[13906.021s][info][gc,cpu         ] GC(32235) User=0.01s Sys=0.00s Real=0.00s
[13906.479s][info][gc,start       ] GC(32236) Pause Young (Allocation Failure)
[13906.482s][info][gc,heap        ] GC(32236) PSYoungGen: 81088K(83456K)->1056K(83968K) Eden: 80896K(80896K)->0K(80896K) From: 192K(2560K)->1056K(3072K)
[13906.482s][info][gc,heap        ] GC(32236) ParOldGen: 420457K(420864K)->420513K(420864K)
[13906.482s][info][gc,metaspace   ] GC(32236) Metaspace: 62250K(62528K)->62250K(62528K) NonClass: 53217K(53440K)->53217K(53440K) Class: 9032K(9088K)->9032K(9088K)
[13906.482s][info][gc             ] GC(32236) Pause Young (Allocation Failure) 489M->411M(493M) 2.973ms
[13906.482s][info][gc,cpu         ] GC(32236) User=0.01s Sys=0.00s Real=0.00s
[13906.886s][info][gc,start       ] GC(32237) Pause Young (Allocation Failure)
[13906.889s][info][gc,heap        ] GC(32237) PSYoungGen: 81951K(83968K)->1344K(84480K) Eden: 80895K(80896K)->0K(81920K) From: 1056K(3072K)->1344K(2560K)
[13906.889s][info][gc,heap        ] GC(32237) ParOldGen: 420513K(420864K)->420569K(420864K)
[13906.889s][info][gc,metaspace   ] GC(32237) Metaspace: 62250K(62528K)->62250K(62528K) NonClass: 53217K(53440K)->53217K(53440K) Class: 9032K(9088K)->9032K(9088K)
[13906.889s][info][gc             ] GC(32237) Pause Young (Allocation Failure) 490M->412M(493M) 3.099ms
[13906.889s][info][gc,cpu         ] GC(32237) User=0.00s Sys=0.00s Real=0.01s
[13907.258s][info][gc,start       ] GC(32238) Pause Young (Allocation Failure)
[13907.261s][info][gc,heap        ] GC(32238) PSYoungGen: 83264K(84480K)->896K(84480K) Eden: 81920K(81920K)->0K(81920K) From: 1344K(2560K)->896K(2560K)
[13907.261s][info][gc,heap        ] GC(32238) ParOldGen: 420569K(420864K)->420625K(420864K)
[13907.261s][info][gc,metaspace   ] GC(32238) Metaspace: 62250K(62528K)->62250K(62528K) NonClass: 53217K(53440K)->53217K(53440K) Class: 9032K(9088K)->9032K(9088K)
[13907.261s][info][gc             ] GC(32238) Pause Young (Allocation Failure) 492M->411M(493M) 2.840ms
[13907.261s][info][gc,cpu         ] GC(32238) User=0.00s Sys=0.00s Real=0.00s
[13907.634s][info][gc,start       ] GC(32239) Pause Young (Allocation Failure)
[13907.636s][info][gc,heap        ] GC(32239) PSYoungGen: 82816K(84480K)->448K(84480K) Eden: 81920K(81920K)->0K(81920K) From: 896K(2560K)->448K(2560K)
[13907.636s][info][gc,heap        ] GC(32239) ParOldGen: 420625K(420864K)->420681K(420864K)
[13907.636s][info][gc,metaspace   ] GC(32239) Metaspace: 62250K(62528K)->62250K(62528K) NonClass: 53217K(53440K)->53217K(53440K) Class: 9032K(9088K)->9032K(9088K)
[13907.636s][info][gc             ] GC(32239) Pause Young (Allocation Failure) 491M->411M(493M) 2.460ms
[13907.636s][info][gc,cpu         ] GC(32239) User=0.00s Sys=0.00s Real=0.00s
[13908.026s][info][gc,start       ] GC(32240) Pause Young (Allocation Failure)
[13908.028s][info][gc,heap        ] GC(32240) PSYoungGen: 82368K(84480K)->320K(84480K) Eden: 81920K(81920K)->0K(81920K) From: 448K(2560K)->320K(2560K)
[13908.028s][info][gc,heap        ] GC(32240) ParOldGen: 420681K(420864K)->420737K(420864K)
[13908.028s][info][gc,metaspace   ] GC(32240) Metaspace: 62250K(62528K)->62250K(62528K) NonClass: 53217K(53440K)->53217K(53440K) Class: 9032K(9088K)->9032K(9088K)
[13908.028s][info][gc             ] GC(32240) Pause Young (Allocation Failure) 491M->411M(493M) 2.295ms
[13908.028s][info][gc,cpu         ] GC(32240) User=0.01s Sys=0.00s Real=0.01s
[13908.453s][info][gc,start       ] GC(32241) Pause Young (Allocation Failure)
[13908.455s][info][gc,heap        ] GC(32241) PSYoungGen: 82240K(84480K)->704K(84480K) Eden: 81920K(81920K)->0K(81920K) From: 320K(2560K)->704K(2560K)
[13908.455s][info][gc,heap        ] GC(32241) ParOldGen: 420737K(420864K)->420785K(420864K)
[13908.455s][info][gc,metaspace   ] GC(32241) Metaspace: 62250K(62528K)->62250K(62528K) NonClass: 53217K(53440K)->53217K(53440K) Class: 9032K(9088K)->9032K(9088K)
[13908.455s][info][gc             ] GC(32241) Pause Young (Allocation Failure) 491M->411M(493M) 2.563ms
[13908.455s][info][gc,cpu         ] GC(32241) User=0.00s Sys=0.00s Real=0.00s
[13908.880s][info][gc,start       ] GC(32242) Pause Young (Allocation Failure)
[13908.883s][info][gc,heap        ] GC(32242) PSYoungGen: 82624K(84480K)->1120K(84480K) Eden: 81920K(81920K)->0K(81920K) From: 704K(2560K)->1120K(2560K)
[13908.883s][info][gc,heap        ] GC(32242) ParOldGen: 420785K(420864K)->420833K(420864K)
[13908.883s][info][gc,metaspace   ] GC(32242) Metaspace: 62250K(62528K)->62250K(62528K) NonClass: 53217K(53440K)->53217K(53440K) Class: 9032K(9088K)->9032K(9088K)
[13908.883s][info][gc             ] GC(32242) Pause Young (Allocation Failure) 491M->412M(493M) 3.040ms
[13908.883s][info][gc,cpu         ] GC(32242) User=0.01s Sys=0.00s Real=0.00s
[13909.376s][info][gc,start       ] GC(32243) Pause Young (Allocation Failure)
[13909.379s][info][gc,heap        ] GC(32243) PSYoungGen: 83040K(84480K)->1984K(84480K) Eden: 81920K(81920K)->0K(81920K) From: 1120K(2560K)->1984K(2560K)
[13909.379s][info][gc,heap        ] GC(32243) ParOldGen: 420833K(420864K)->421913K(422400K)
[13909.379s][info][gc,metaspace   ] GC(32243) Metaspace: 62250K(62528K)->62250K(62528K) NonClass: 53217K(53440K)->53217K(53440K) Class: 9032K(9088K)->9032K(9088K)
[13909.379s][info][gc             ] GC(32243) Pause Young (Allocation Failure) 492M->413M(495M) 3.420ms
[13909.379s][info][gc,cpu         ] GC(32243) User=0.00s Sys=0.01s Real=0.01s
[13909.835s][info][gc,start       ] GC(32244) Pause Young (Allocation Failure)
[13909.839s][info][gc,heap        ] GC(32244) PSYoungGen: 83904K(84480K)->416K(84480K) Eden: 81919K(81920K)->0K(81920K) From: 1984K(2560K)->416K(2560K)
[13909.839s][info][gc,heap        ] GC(32244) ParOldGen: 421913K(422400K)->424065K(425472K)
[13909.839s][info][gc,metaspace   ] GC(32244) Metaspace: 62250K(62528K)->62250K(62528K) NonClass: 53217K(53440K)->53217K(53440K) Class: 9032K(9088K)->9032K(9088K)
[13909.839s][info][gc             ] GC(32244) Pause Young (Allocation Failure) 493M->414M(498M) 3.582ms
[13909.839s][info][gc,cpu         ] GC(32244) User=0.00s Sys=0.00s Real=0.01s
[13910.275s][info][gc,start       ] GC(32245) Pause Young (Allocation Failure)
[13910.278s][info][gc,heap        ] GC(32245) PSYoungGen: 82336K(84480K)->1024K(84480K) Eden: 81920K(81920K)->0K(81920K) From: 416K(2560K)->1024K(2560K)
[13910.278s][info][gc,heap        ] GC(32245) ParOldGen: 424065K(425472K)->424121K(425472K)
[13910.278s][info][gc,metaspace   ] GC(32245) Metaspace: 62250K(62528K)->62250K(62528K) NonClass: 53217K(53440K)->53217K(53440K) Class: 9032K(9088K)->9032K(9088K)
[13910.278s][info][gc             ] GC(32245) Pause Young (Allocation Failure) 494M->415M(498M) 2.970ms
[13910.278s][info][gc,cpu         ] GC(32245) User=0.01s Sys=0.00s Real=0.01s
[13910.707s][info][gc,start       ] GC(32246) Pause Young (Allocation Failure)
[13910.710s][info][gc,heap        ] GC(32246) PSYoungGen: 82944K(84480K)->1504K(84480K) Eden: 81920K(81920K)->0K(81920K) From: 1024K(2560K)->1504K(2560K)
[13910.710s][info][gc,heap        ] GC(32246) ParOldGen: 424121K(425472K)->424169K(425472K)
[13910.710s][info][gc,metaspace   ] GC(32246) Metaspace: 62250K(62528K)->62250K(62528K) NonClass: 53217K(53440K)->53217K(53440K) Class: 9032K(9088K)->9032K(9088K)
[13910.710s][info][gc             ] GC(32246) Pause Young (Allocation Failure) 495M->415M(498M) 3.295ms
[13910.710s][info][gc,cpu         ] GC(32246) User=0.01s Sys=0.00s Real=0.00s
[13911.119s][info][gc,start       ] GC(32247) Pause Young (Allocation Failure)
[13911.122s][info][gc,heap        ] GC(32247) PSYoungGen: 83424K(84480K)->256K(84480K) Eden: 81920K(81920K)->0K(81920K) From: 1504K(2560K)->256K(2560K)
[13911.122s][info][gc,heap        ] GC(32247) ParOldGen: 424169K(425472K)->424217K(425472K)
[13911.122s][info][gc,metaspace   ] GC(32247) Metaspace: 62250K(62528K)->62250K(62528K) NonClass: 53217K(53440K)->53217K(53440K) Class: 9032K(9088K)->9032K(9088K)
[13911.122s][info][gc             ] GC(32247) Pause Young (Allocation Failure) 495M->414M(498M) 2.214ms
[13911.122s][info][gc,cpu         ] GC(32247) User=0.00s Sys=0.00s Real=0.00s
[13911.564s][info][gc,start       ] GC(32248) Pause Young (Allocation Failure)
[13911.567s][info][gc,heap        ] GC(32248) PSYoungGen: 82176K(84480K)->960K(84480K) Eden: 81920K(81920K)->0K(81920K) From: 256K(2560K)->960K(2560K)
[13911.567s][info][gc,heap        ] GC(32248) ParOldGen: 424217K(425472K)->424273K(425472K)
[13911.567s][info][gc,metaspace   ] GC(32248) Metaspace: 62250K(62528K)->62250K(62528K) NonClass: 53217K(53440K)->53217K(53440K) Class: 9032K(9088K)->9032K(9088K)
[13911.567s][info][gc             ] GC(32248) Pause Young (Allocation Failure) 494M->415M(498M) 2.945ms
[13911.567s][info][gc,cpu         ] GC(32248) User=0.01s Sys=0.00s Real=0.01s
[13911.990s][info][gc,start       ] GC(32249) Pause Young (Allocation Failure)
[13911.993s][info][gc,heap        ] GC(32249) PSYoungGen: 82880K(84480K)->1312K(84480K) Eden: 81920K(81920K)->0K(81920K) From: 960K(2560K)->1312K(2560K)
[13911.993s][info][gc,heap        ] GC(32249) ParOldGen: 424273K(425472K)->424321K(425472K)
[13911.993s][info][gc,metaspace   ] GC(32249) Metaspace: 62250K(62528K)->62250K(62528K) NonClass: 53217K(53440K)->53217K(53440K) Class: 9032K(9088K)->9032K(9088K)
[13911.993s][info][gc             ] GC(32249) Pause Young (Allocation Failure) 495M->415M(498M) 3.048ms
[13911.993s][info][gc,cpu         ] GC(32249) User=0.00s Sys=0.00s Real=0.00s
[13912.426s][info][gc,start       ] GC(32250) Pause Young (Allocation Failure)
[13912.428s][info][gc,heap        ] GC(32250) PSYoungGen: 83232K(84480K)->320K(84480K) Eden: 81920K(81920K)->0K(81920K) From: 1312K(2560K)->320K(2560K)
[13912.428s][info][gc,heap        ] GC(32250) ParOldGen: 424321K(425472K)->424369K(425472K)
[13912.428s][info][gc,metaspace   ] GC(32250) Metaspace: 62250K(62528K)->62250K(62528K) NonClass: 53217K(53440K)->53217K(53440K) Class: 9032K(9088K)->9032K(9088K)
[13912.428s][info][gc             ] GC(32250) Pause Young (Allocation Failure) 495M->414M(498M) 2.214ms
[13912.428s][info][gc,cpu         ] GC(32250) User=0.00s Sys=0.00s Real=0.01s
[13912.890s][info][gc,start       ] GC(32251) Pause Young (Allocation Failure)
[13912.893s][info][gc,heap        ] GC(32251) PSYoungGen: 82240K(84480K)->1216K(84480K) Eden: 81920K(81920K)->0K(81920K) From: 320K(2560K)->1216K(2560K)
[13912.893s][info][gc,heap        ] GC(32251) ParOldGen: 424369K(425472K)->424425K(425472K)
[13912.893s][info][gc,metaspace   ] GC(32251) Metaspace: 62250K(62528K)->62250K(62528K) NonClass: 53217K(53440K)->53217K(53440K) Class: 9032K(9088K)->9032K(9088K)
[13912.893s][info][gc             ] GC(32251) Pause Young (Allocation Failure) 494M->415M(498M) 3.026ms
[13912.893s][info][gc,cpu         ] GC(32251) User=0.01s Sys=0.00s Real=0.00s
[13913.362s][info][gc,start       ] GC(32252) Pause Young (Allocation Failure)
[13913.364s][info][gc,heap        ] GC(32252) PSYoungGen: 83136K(84480K)->800K(84480K) Eden: 81920K(81920K)->0K(81920K) From: 1216K(2560K)->800K(2560K)
[13913.364s][info][gc,heap        ] GC(32252) ParOldGen: 424425K(425472K)->424481K(425472K)
[13913.364s][info][gc,metaspace   ] GC(32252) Metaspace: 62250K(62528K)->62250K(62528K) NonClass: 53217K(53440K)->53217K(53440K) Class: 9032K(9088K)->9032K(9088K)
[13913.364s][info][gc             ] GC(32252) Pause Young (Allocation Failure) 495M->415M(498M) 2.649ms
[13913.364s][info][gc,cpu         ] GC(32252) User=0.01s Sys=0.00s Real=0.00s
[13913.812s][info][gc,start       ] GC(32253) Pause Young (Allocation Failure)
[13913.816s][info][gc,heap        ] GC(32253) PSYoungGen: 82720K(84480K)->2528K(84480K) Eden: 81920K(81920K)->0K(81920K) From: 800K(2560K)->2528K(2560K)
[13913.816s][info][gc,heap        ] GC(32253) ParOldGen: 424481K(425472K)->425553K(427008K)
[13913.816s][info][gc,metaspace   ] GC(32253) Metaspace: 62250K(62528K)->62250K(62528K) NonClass: 53217K(53440K)->53217K(53440K) Class: 9032K(9088K)->9032K(9088K)
[13913.816s][info][gc             ] GC(32253) Pause Young (Allocation Failure) 495M->418M(499M) 4.022ms
[13913.816s][info][gc,cpu         ] GC(32253) User=0.01s Sys=0.00s Real=0.00s
[13914.272s][info][gc,start       ] GC(32254) Pause Young (Allocation Failure)
[13914.276s][info][gc,heap        ] GC(32254) PSYoungGen: 84448K(84480K)->928K(84480K) Eden: 81920K(81920K)->0K(81920K) From: 2528K(2560K)->928K(2560K)
[13914.276s][info][gc,heap        ] GC(32254) ParOldGen: 425553K(427008K)->427657K(428544K)
[13914.276s][info][gc,metaspace   ] GC(32254) Metaspace: 62250K(62528K)->62250K(62528K) NonClass: 53217K(53440K)->53217K(53440K) Class: 9032K(9088K)->9032K(9088K)
[13914.276s][info][gc             ] GC(32254) Pause Young (Allocation Failure) 498M->418M(501M) 3.855ms
[13914.276s][info][gc,cpu         ] GC(32254) User=0.00s Sys=0.01s Real=0.00s
[13914.737s][info][gc,start       ] GC(32255) Pause Young (Allocation Failure)
[13914.740s][info][gc,heap        ] GC(32255) PSYoungGen: 82848K(84480K)->448K(84480K) Eden: 81920K(81920K)->0K(81920K) From: 928K(2560K)->448K(2560K)
[13914.740s][info][gc,heap        ] GC(32255) ParOldGen: 427657K(428544K)->427705K(428544K)
[13914.740s][info][gc,metaspace   ] GC(32255) Metaspace: 62250K(62528K)->62250K(62528K) NonClass: 53217K(53440K)->53217K(53440K) Class: 9032K(9088K)->9032K(9088K)
[13914.740s][info][gc             ] GC(32255) Pause Young (Allocation Failure) 498M->418M(501M) 2.430ms
[13914.740s][info][gc,cpu         ] GC(32255) User=0.00s Sys=0.00s Real=0.00s
[13915.203s][info][gc,start       ] GC(32256) Pause Young (Allocation Failure)
[13915.206s][info][gc,heap        ] GC(32256) PSYoungGen: 82368K(84480K)->1312K(84480K) Eden: 81920K(81920K)->0K(81920K) From: 448K(2560K)->1312K(2560K)
[13915.206s][info][gc,heap        ] GC(32256) ParOldGen: 427705K(428544K)->427761K(428544K)
[13915.206s][info][gc,metaspace   ] GC(32256) Metaspace: 62250K(62528K)->62250K(62528K) NonClass: 53217K(53440K)->53217K(53440K) Class: 9032K(9088K)->9032K(9088K)
[13915.206s][info][gc             ] GC(32256) Pause Young (Allocation Failure) 498M->419M(501M) 3.147ms
[13915.206s][info][gc,cpu         ] GC(32256) User=0.01s Sys=0.00s Real=0.00s
[13915.650s][info][gc,start       ] GC(32257) Pause Young (Allocation Failure)
[13915.652s][info][gc,heap        ] GC(32257) PSYoungGen: 83232K(84480K)->640K(84480K) Eden: 81920K(81920K)->0K(81920K) From: 1312K(2560K)->640K(2560K)
[13915.652s][info][gc,heap        ] GC(32257) ParOldGen: 427761K(428544K)->427817K(428544K)
[13915.652s][info][gc,metaspace   ] GC(32257) Metaspace: 62250K(62528K)->62250K(62528K) NonClass: 53217K(53440K)->53217K(53440K) Class: 9032K(9088K)->9032K(9088K)
[13915.652s][info][gc             ] GC(32257) Pause Young (Allocation Failure) 499M->418M(501M) 2.452ms
[13915.652s][info][gc,cpu         ] GC(32257) User=0.00s Sys=0.00s Real=0.00s
[13916.118s][info][gc,start       ] GC(32258) Pause Young (Allocation Failure)
[13916.120s][info][gc,heap        ] GC(32258) PSYoungGen: 82560K(84480K)->192K(84480K) Eden: 81920K(81920K)->0K(81920K) From: 640K(2560K)->192K(2560K)
[13916.120s][info][gc,heap        ] GC(32258) ParOldGen: 427817K(428544K)->427865K(428544K)
[13916.120s][info][gc,metaspace   ] GC(32258) Metaspace: 62250K(62528K)->62250K(62528K) NonClass: 53217K(53440K)->53217K(53440K) Class: 9032K(9088K)->9032K(9088K)
[13916.120s][info][gc             ] GC(32258) Pause Young (Allocation Failure) 498M->418M(501M) 2.117ms
[13916.120s][info][gc,cpu         ] GC(32258) User=0.00s Sys=0.00s Real=0.00s
[13916.580s][info][gc,start       ] GC(32259) Pause Young (Allocation Failure)
[13916.583s][info][gc,heap        ] GC(32259) PSYoungGen: 82112K(84480K)->1056K(84480K) Eden: 81920K(81920K)->0K(81920K) From: 192K(2560K)->1056K(2560K)
[13916.583s][info][gc,heap        ] GC(32259) ParOldGen: 427865K(428544K)->427913K(428544K)
[13916.583s][info][gc,metaspace   ] GC(32259) Metaspace: 62250K(62528K)->62250K(62528K) NonClass: 53217K(53440K)->53217K(53440K) Class: 9032K(9088K)->9032K(9088K)
[13916.583s][info][gc             ] GC(32259) Pause Young (Allocation Failure) 498M->418M(501M) 2.982ms
[13916.583s][info][gc,cpu         ] GC(32259) User=0.01s Sys=0.00s Real=0.00s
[13917.094s][info][gc,start       ] GC(32260) Pause Young (Allocation Failure)
[13917.097s][info][gc,heap        ] GC(32260) PSYoungGen: 82976K(84480K)->1280K(84480K) Eden: 81920K(81920K)->0K(81920K) From: 1056K(2560K)->1280K(2560K)
[13917.097s][info][gc,heap        ] GC(32260) ParOldGen: 427913K(428544K)->427961K(428544K)
[13917.097s][info][gc,metaspace   ] GC(32260) Metaspace: 62250K(62528K)->62250K(62528K) NonClass: 53217K(53440K)->53217K(53440K) Class: 9032K(9088K)->9032K(9088K)
[13917.097s][info][gc             ] GC(32260) Pause Young (Allocation Failure) 498M->419M(501M) 3.064ms
[13917.097s][info][gc,cpu         ] GC(32260) User=0.00s Sys=0.00s Real=0.01s
[13917.563s][info][gc,start       ] GC(32261) Pause Young (Allocation Failure)
[13917.566s][info][gc,heap        ] GC(32261) PSYoungGen: 83200K(84480K)->832K(84480K) Eden: 81920K(81920K)->0K(81920K) From: 1280K(2560K)->832K(2560K)
[13917.566s][info][gc,heap        ] GC(32261) ParOldGen: 427961K(428544K)->428057K(428544K)
[13917.566s][info][gc,metaspace   ] GC(32261) Metaspace: 62250K(62528K)->62250K(62528K) NonClass: 53217K(53440K)->53217K(53440K) Class: 9032K(9088K)->9032K(9088K)
[13917.566s][info][gc             ] GC(32261) Pause Young (Allocation Failure) 499M->418M(501M) 2.805ms
[13917.566s][info][gc,cpu         ] GC(32261) User=0.01s Sys=0.00s Real=0.00s
[13918.007s][info][gc,start       ] GC(32262) Pause Young (Allocation Failure)
[13918.010s][info][gc,heap        ] GC(32262) PSYoungGen: 82752K(84480K)->1472K(84480K) Eden: 81920K(81920K)->0K(81920K) From: 832K(2560K)->1472K(2560K)
[13918.010s][info][gc,heap        ] GC(32262) ParOldGen: 428057K(428544K)->428113K(428544K)
[13918.010s][info][gc,metaspace   ] GC(32262) Metaspace: 62250K(62528K)->62250K(62528K) NonClass: 53217K(53440K)->53217K(53440K) Class: 9032K(9088K)->9032K(9088K)
[13918.010s][info][gc             ] GC(32262) Pause Young (Allocation Failure) 498M->419M(501M) 3.416ms
[13918.010s][info][gc,cpu         ] GC(32262) User=0.01s Sys=0.00s Real=0.00s
[13918.477s][info][gc,start       ] GC(32263) Pause Young (Allocation Failure)
[13918.480s][info][gc,heap        ] GC(32263) PSYoungGen: 83392K(84480K)->1024K(84480K) Eden: 81920K(81920K)->0K(81920K) From: 1472K(2560K)->1024K(2560K)
[13918.480s][info][gc,heap        ] GC(32263) ParOldGen: 428113K(428544K)->428161K(428544K)
[13918.480s][info][gc,metaspace   ] GC(32263) Metaspace: 62250K(62528K)->62250K(62528K) NonClass: 53217K(53440K)->53217K(53440K) Class: 9032K(9088K)->9032K(9088K)
[13918.480s][info][gc             ] GC(32263) Pause Young (Allocation Failure) 499M->419M(501M) 3.014ms
[13918.480s][info][gc,cpu         ] GC(32263) User=0.00s Sys=0.00s Real=0.00s
[13918.945s][info][gc,start       ] GC(32264) Pause Young (Allocation Failure)
[13918.948s][info][gc,heap        ] GC(32264) PSYoungGen: 82944K(84480K)->2528K(84480K) Eden: 81920K(81920K)->0K(81920K) From: 1024K(2560K)->2528K(2560K)
[13918.948s][info][gc,heap        ] GC(32264) ParOldGen: 428161K(428544K)->428273K(428544K)
[13918.948s][info][gc,metaspace   ] GC(32264) Metaspace: 62250K(62528K)->62250K(62528K) NonClass: 53217K(53440K)->53217K(53440K) Class: 9032K(9088K)->9032K(9088K)
[13918.948s][info][gc             ] GC(32264) Pause Young (Allocation Failure) 499M->420M(501M) 2.874ms
[13918.948s][info][gc,cpu         ] GC(32264) User=0.00s Sys=0.00s Real=0.01s
[13919.378s][info][gc,start       ] GC(32265) Pause Young (Allocation Failure)
[13919.382s][info][gc,heap        ] GC(32265) PSYoungGen: 84448K(84480K)->1056K(84480K) Eden: 81920K(81920K)->0K(81920K) From: 2528K(2560K)->1056K(2560K)
[13919.382s][info][gc,heap        ] GC(32265) ParOldGen: 428273K(428544K)->430361K(431616K)
[13919.382s][info][gc,metaspace   ] GC(32265) Metaspace: 62250K(62528K)->62250K(62528K) NonClass: 53217K(53440K)->53217K(53440K) Class: 9032K(9088K)->9032K(9088K)
[13919.382s][info][gc             ] GC(32265) Pause Young (Allocation Failure) 500M->421M(504M) 4.125ms
[13919.382s][info][gc,cpu         ] GC(32265) User=0.00s Sys=0.00s Real=0.00s
[13919.836s][info][gc,start       ] GC(32266) Pause Young (Allocation Failure)
[13919.838s][info][gc,heap        ] GC(32266) PSYoungGen: 82976K(84480K)->416K(84480K) Eden: 81920K(81920K)->0K(81920K) From: 1056K(2560K)->416K(2560K)
[13919.838s][info][gc,heap        ] GC(32266) ParOldGen: 430361K(431616K)->430409K(431616K)
[13919.838s][info][gc,metaspace   ] GC(32266) Metaspace: 62250K(62528K)->62250K(62528K) NonClass: 53217K(53440K)->53217K(53440K) Class: 9032K(9088K)->9032K(9088K)
[13919.838s][info][gc             ] GC(32266) Pause Young (Allocation Failure) 501M->420M(504M) 2.435ms
[13919.838s][info][gc,cpu         ] GC(32266) User=0.00s Sys=0.00s Real=0.01s
[13920.241s][info][gc,start       ] GC(32267) Pause Young (Allocation Failure)
[13920.243s][info][gc,heap        ] GC(32267) PSYoungGen: 82336K(84480K)->576K(84480K) Eden: 81920K(81920K)->0K(81920K) From: 416K(2560K)->576K(2560K)
[13920.243s][info][gc,heap        ] GC(32267) ParOldGen: 430409K(431616K)->430457K(431616K)
[13920.243s][info][gc,metaspace   ] GC(32267) Metaspace: 62250K(62528K)->62250K(62528K) NonClass: 53217K(53440K)->53217K(53440K) Class: 9032K(9088K)->9032K(9088K)
[13920.243s][info][gc             ] GC(32267) Pause Young (Allocation Failure) 500M->420M(504M) 2.591ms
[13920.243s][info][gc,cpu         ] GC(32267) User=0.01s Sys=0.00s Real=0.00s
[13920.713s][info][gc,start       ] GC(32268) Pause Young (Allocation Failure)
[13920.716s][info][gc,heap        ] GC(32268) PSYoungGen: 82496K(84480K)->1600K(84480K) Eden: 81920K(81920K)->0K(81920K) From: 576K(2560K)->1600K(2560K)
[13920.716s][info][gc,heap        ] GC(32268) ParOldGen: 430457K(431616K)->430505K(431616K)
[13920.716s][info][gc,metaspace   ] GC(32268) Metaspace: 62250K(62528K)->62250K(62528K) NonClass: 53217K(53440K)->53217K(53440K) Class: 9032K(9088K)->9032K(9088K)
[13920.716s][info][gc             ] GC(32268) Pause Young (Allocation Failure) 500M->421M(504M) 3.716ms
[13920.716s][info][gc,cpu         ] GC(32268) User=0.01s Sys=0.00s Real=0.00s
[13921.145s][info][gc,start       ] GC(32269) Pause Young (Allocation Failure)
[13921.148s][info][gc,heap        ] GC(32269) PSYoungGen: 83520K(84480K)->608K(84480K) Eden: 81920K(81920K)->0K(81920K) From: 1600K(2560K)->608K(2560K)
[13921.148s][info][gc,heap        ] GC(32269) ParOldGen: 430505K(431616K)->430561K(431616K)
[13921.148s][info][gc,metaspace   ] GC(32269) Metaspace: 62250K(62528K)->62250K(62528K) NonClass: 53217K(53440K)->53217K(53440K) Class: 9032K(9088K)->9032K(9088K)
[13921.148s][info][gc             ] GC(32269) Pause Young (Allocation Failure) 501M->421M(504M) 2.547ms
[13921.148s][info][gc,cpu         ] GC(32269) User=0.00s Sys=0.00s Real=0.01s
[13921.562s][info][gc,start       ] GC(32270) Pause Young (Allocation Failure)
[13921.565s][info][gc,heap        ] GC(32270) PSYoungGen: 82528K(84480K)->896K(84480K) Eden: 81920K(81920K)->0K(81920K) From: 608K(2560K)->896K(2560K)
[13921.565s][info][gc,heap        ] GC(32270) ParOldGen: 430561K(431616K)->430617K(431616K)
[13921.565s][info][gc,metaspace   ] GC(32270) Metaspace: 62250K(62528K)->62250K(62528K) NonClass: 53217K(53440K)->53217K(53440K) Class: 9032K(9088K)->9032K(9088K)
[13921.565s][info][gc             ] GC(32270) Pause Young (Allocation Failure) 501M->421M(504M) 2.719ms
[13921.565s][info][gc,cpu         ] GC(32270) User=0.01s Sys=0.01s Real=0.00s
[13922.019s][info][gc,start       ] GC(32271) Pause Young (Allocation Failure)
[13922.021s][info][gc,heap        ] GC(32271) PSYoungGen: 82816K(84480K)->192K(84480K) Eden: 81920K(81920K)->0K(81920K) From: 896K(2560K)->192K(2560K)
[13922.021s][info][gc,heap        ] GC(32271) ParOldGen: 430617K(431616K)->430665K(431616K)
[13922.021s][info][gc,metaspace   ] GC(32271) Metaspace: 62250K(62528K)->62250K(62528K) NonClass: 53217K(53440K)->53217K(53440K) Class: 9032K(9088K)->9032K(9088K)
[13922.021s][info][gc             ] GC(32271) Pause Young (Allocation Failure) 501M->420M(504M) 2.168ms
[13922.021s][info][gc,cpu         ] GC(32271) User=0.01s Sys=0.00s Real=0.00s
[13922.434s][info][gc,start       ] GC(32272) Pause Young (Allocation Failure)
[13922.436s][info][gc,heap        ] GC(32272) PSYoungGen: 82112K(84480K)->448K(84480K) Eden: 81920K(81920K)->0K(81920K) From: 192K(2560K)->448K(2560K)
[13922.436s][info][gc,heap        ] GC(32272) ParOldGen: 430665K(431616K)->430721K(431616K)
[13922.436s][info][gc,metaspace   ] GC(32272) Metaspace: 62250K(62528K)->62250K(62528K) NonClass: 53217K(53440K)->53217K(53440K) Class: 9032K(9088K)->9032K(9088K)
[13922.436s][info][gc             ] GC(32272) Pause Young (Allocation Failure) 500M->421M(504M) 2.315ms
[13922.436s][info][gc,cpu         ] GC(32272) User=0.01s Sys=0.00s Real=0.00s
[13922.838s][info][gc,start       ] GC(32273) Pause Young (Allocation Failure)
[13922.841s][info][gc,heap        ] GC(32273) PSYoungGen: 82368K(84480K)->512K(84480K) Eden: 81920K(81920K)->0K(81920K) From: 448K(2560K)->512K(2560K)
[13922.841s][info][gc,heap        ] GC(32273) ParOldGen: 430721K(431616K)->430777K(431616K)
[13922.841s][info][gc,metaspace   ] GC(32273) Metaspace: 62250K(62528K)->62250K(62528K) NonClass: 53217K(53440K)->53217K(53440K) Class: 9032K(9088K)->9032K(9088K)
[13922.841s][info][gc             ] GC(32273) Pause Young (Allocation Failure) 501M->421M(504M) 2.467ms
[13922.841s][info][gc,cpu         ] GC(32273) User=0.00s Sys=0.00s Real=0.00s
[13923.245s][info][gc,start       ] GC(32274) Pause Young (Allocation Failure)
[13923.248s][info][gc,heap        ] GC(32274) PSYoungGen: 82432K(84480K)->2528K(84480K) Eden: 81920K(81920K)->0K(81920K) From: 512K(2560K)->2528K(2560K)
[13923.248s][info][gc,heap        ] GC(32274) ParOldGen: 430777K(431616K)->430897K(431616K)
[13923.248s][info][gc,metaspace   ] GC(32274) Metaspace: 62250K(62528K)->62250K(62528K) NonClass: 53217K(53440K)->53217K(53440K) Class: 9032K(9088K)->9032K(9088K)
[13923.248s][info][gc             ] GC(32274) Pause Young (Allocation Failure) 501M->423M(504M) 2.811ms
[13923.248s][info][gc,cpu         ] GC(32274) User=0.00s Sys=0.00s Real=0.01s
[13923.650s][info][gc,start       ] GC(32275) Pause Young (Allocation Failure)
[13923.654s][info][gc,heap        ] GC(32275) PSYoungGen: 84448K(84480K)->800K(83456K) Eden: 81920K(81920K)->0K(80896K) From: 2528K(2560K)->800K(2560K)
[13923.654s][info][gc,heap        ] GC(32275) ParOldGen: 430897K(431616K)->433001K(433152K)
[13923.654s][info][gc,metaspace   ] GC(32275) Metaspace: 62250K(62528K)->62250K(62528K) NonClass: 53217K(53440K)->53217K(53440K) Class: 9032K(9088K)->9032K(9088K)
[13923.654s][info][gc             ] GC(32275) Pause Young (Allocation Failure) 503M->423M(504M) 3.976ms
[13923.654s][info][gc,cpu         ] GC(32275) User=0.01s Sys=0.00s Real=0.00s
[13924.120s][info][gc,start       ] GC(32276) Pause Young (Allocation Failure)
[13924.123s][info][gc,heap        ] GC(32276) PSYoungGen: 81696K(83456K)->224K(83968K) Eden: 80896K(80896K)->0K(80896K) From: 800K(2560K)->224K(3072K)
[13924.123s][info][gc,heap        ] GC(32276) ParOldGen: 433001K(433152K)->433081K(433152K)
[13924.123s][info][gc,metaspace   ] GC(32276) Metaspace: 62250K(62528K)->62250K(62528K) NonClass: 53217K(53440K)->53217K(53440K) Class: 9032K(9088K)->9032K(9088K)
[13924.123s][info][gc             ] GC(32276) Pause Young (Allocation Failure) 502M->423M(505M) 2.215ms
[13924.123s][info][gc,cpu         ] GC(32276) User=0.00s Sys=0.00s Real=0.00s
[13924.626s][info][gc,start       ] GC(32277) Pause Young (Allocation Failure)
[13924.629s][info][gc,heap        ] GC(32277) PSYoungGen: 81120K(83968K)->368K(84480K) Eden: 80896K(80896K)->0K(81408K) From: 224K(3072K)->368K(3072K)
[13924.629s][info][gc,heap        ] GC(32277) ParOldGen: 433081K(433152K)->433137K(433152K)
[13924.629s][info][gc,metaspace   ] GC(32277) Metaspace: 62250K(62528K)->62250K(62528K) NonClass: 53217K(53440K)->53217K(53440K) Class: 9032K(9088K)->9032K(9088K)
[13924.629s][info][gc             ] GC(32277) Pause Young (Allocation Failure) 502M->423M(505M) 2.363ms
[13924.629s][info][gc,cpu         ] GC(32277) User=0.01s Sys=0.00s Real=0.01s
[13925.041s][info][gc,start       ] GC(32278) Pause Young (Allocation Failure)
[13925.043s][info][gc,heap        ] GC(32278) PSYoungGen: 81776K(84480K)->544K(83968K) Eden: 81408K(81408K)->0K(81408K) From: 368K(3072K)->544K(2560K)
[13925.043s][info][gc,heap        ] GC(32278) ParOldGen: 433137K(433152K)->433241K(433664K)
[13925.043s][info][gc,metaspace   ] GC(32278) Metaspace: 62250K(62528K)->62250K(62528K) NonClass: 53217K(53440K)->53217K(53440K) Class: 9032K(9088K)->9032K(9088K)
[13925.043s][info][gc             ] GC(32278) Pause Young (Allocation Failure) 502M->423M(505M) 2.650ms
[13925.043s][info][gc,cpu         ] GC(32278) User=0.01s Sys=0.00s Real=0.00s
[13925.467s][info][gc,start       ] GC(32279) Pause Young (Allocation Failure)
[13925.470s][info][gc,heap        ] GC(32279) PSYoungGen: 81951K(83968K)->1024K(84480K) Eden: 81407K(81408K)->0K(81920K) From: 544K(2560K)->1024K(2560K)
[13925.470s][info][gc,heap        ] GC(32279) ParOldGen: 433241K(433664K)->433289K(433664K)
[13925.470s][info][gc,metaspace   ] GC(32279) Metaspace: 62250K(62528K)->62250K(62528K) NonClass: 53217K(53440K)->53217K(53440K) Class: 9032K(9088K)->9032K(9088K)
[13925.470s][info][gc             ] GC(32279) Pause Young (Allocation Failure) 503M->424M(506M) 3.021ms
[13925.470s][info][gc,cpu         ] GC(32279) User=0.00s Sys=0.00s Real=0.00s
[13925.872s][info][gc,start       ] GC(32280) Pause Young (Allocation Failure)
[13925.875s][info][gc,heap        ] GC(32280) PSYoungGen: 82944K(84480K)->1088K(84480K) Eden: 81920K(81920K)->0K(81920K) From: 1024K(2560K)->1088K(2560K)
[13925.875s][info][gc,heap        ] GC(32280) ParOldGen: 433289K(433664K)->433345K(433664K)
[13925.875s][info][gc,metaspace   ] GC(32280) Metaspace: 62250K(62528K)->62250K(62528K) NonClass: 53217K(53440K)->53217K(53440K) Class: 9032K(9088K)->9032K(9088K)
[13925.875s][info][gc             ] GC(32280) Pause Young (Allocation Failure) 504M->424M(506M) 3.031ms
[13925.875s][info][gc,cpu         ] GC(32280) User=0.01s Sys=0.00s Real=0.00s
[13926.297s][info][gc,start       ] GC(32281) Pause Young (Allocation Failure)
[13926.301s][info][gc,heap        ] GC(32281) PSYoungGen: 83008K(84480K)->1280K(84480K) Eden: 81920K(81920K)->0K(81920K) From: 1088K(2560K)->1280K(2560K)
[13926.301s][info][gc,heap        ] GC(32281) ParOldGen: 433345K(433664K)->433401K(433664K)
[13926.301s][info][gc,metaspace   ] GC(32281) Metaspace: 62250K(62528K)->62250K(62528K) NonClass: 53217K(53440K)->53217K(53440K) Class: 9032K(9088K)->9032K(9088K)
[13926.301s][info][gc             ] GC(32281) Pause Young (Allocation Failure) 504M->424M(506M) 3.174ms
[13926.301s][info][gc,cpu         ] GC(32281) User=0.01s Sys=0.00s Real=0.00s
[13926.761s][info][gc,start       ] GC(32282) Pause Young (Allocation Failure)
[13926.764s][info][gc,heap        ] GC(32282) PSYoungGen: 83200K(84480K)->800K(84480K) Eden: 81920K(81920K)->0K(81920K) From: 1280K(2560K)->800K(2560K)
[13926.764s][info][gc,heap        ] GC(32282) ParOldGen: 433401K(433664K)->433465K(433664K)
[13926.764s][info][gc,metaspace   ] GC(32282) Metaspace: 62250K(62528K)->62250K(62528K) NonClass: 53217K(53440K)->53217K(53440K) Class: 9032K(9088K)->9032K(9088K)
[13926.764s][info][gc             ] GC(32282) Pause Young (Allocation Failure) 504M->424M(506M) 2.778ms
[13926.764s][info][gc,cpu         ] GC(32282) User=0.01s Sys=0.00s Real=0.00s
[13927.182s][info][gc,start       ] GC(32283) Pause Young (Allocation Failure)
[13927.185s][info][gc,heap        ] GC(32283) PSYoungGen: 82720K(84480K)->1184K(84480K) Eden: 81920K(81920K)->0K(81920K) From: 800K(2560K)->1184K(2560K)
[13927.185s][info][gc,heap        ] GC(32283) ParOldGen: 433465K(433664K)->433521K(433664K)
[13927.185s][info][gc,metaspace   ] GC(32283) Metaspace: 62250K(62528K)->62250K(62528K) NonClass: 53217K(53440K)->53217K(53440K) Class: 9032K(9088K)->9032K(9088K)
[13927.185s][info][gc             ] GC(32283) Pause Young (Allocation Failure) 504M->424M(506M) 3.127ms
[13927.185s][info][gc,cpu         ] GC(32283) User=0.00s Sys=0.00s Real=0.00s
[13927.590s][info][gc,start       ] GC(32284) Pause Young (Allocation Failure)
[13927.593s][info][gc,heap        ] GC(32284) PSYoungGen: 83104K(84480K)->1280K(84480K) Eden: 81920K(81920K)->0K(81920K) From: 1184K(2560K)->1280K(2560K)
[13927.593s][info][gc,heap        ] GC(32284) ParOldGen: 433521K(433664K)->433577K(433664K)
[13927.593s][info][gc,metaspace   ] GC(32284) Metaspace: 62250K(62528K)->62250K(62528K) NonClass: 53217K(53440K)->53217K(53440K) Class: 9032K(9088K)->9032K(9088K)
[13927.593s][info][gc             ] GC(32284) Pause Young (Allocation Failure) 504M->424M(506M) 3.128ms
[13927.593s][info][gc,cpu         ] GC(32284) User=0.00s Sys=0.00s Real=0.00s
[13928.000s][info][gc,start       ] GC(32285) Pause Young (Allocation Failure)
[13928.004s][info][gc,heap        ] GC(32285) PSYoungGen: 83200K(84480K)->2464K(83456K) Eden: 81920K(81920K)->0K(80896K) From: 1280K(2560K)->2464K(2560K)
[13928.004s][info][gc,heap        ] GC(32285) ParOldGen: 433577K(433664K)->434657K(435200K)
[13928.004s][info][gc,metaspace   ] GC(32285) Metaspace: 62250K(62528K)->62250K(62528K) NonClass: 53217K(53440K)->53217K(53440K) Class: 9032K(9088K)->9032K(9088K)
[13928.004s][info][gc             ] GC(32285) Pause Young (Allocation Failure) 504M->426M(506M) 3.933ms
[13928.004s][info][gc,cpu         ] GC(32285) User=0.01s Sys=0.01s Real=0.00s
[13928.461s][info][gc,start       ] GC(32286) Pause Young (Allocation Failure)
[13928.465s][info][gc,heap        ] GC(32286) PSYoungGen: 83360K(83456K)->800K(83968K) Eden: 80896K(80896K)->0K(80896K) From: 2464K(2560K)->800K(3072K)
[13928.465s][info][gc,heap        ] GC(32286) ParOldGen: 434657K(435200K)->436761K(437248K)
[13928.465s][info][gc,metaspace   ] GC(32286) Metaspace: 62250K(62528K)->62250K(62528K) NonClass: 53217K(53440K)->53217K(53440K) Class: 9032K(9088K)->9032K(9088K)
[13928.465s][info][gc             ] GC(32286) Pause Young (Allocation Failure) 505M->427M(509M) 3.890ms
[13928.465s][info][gc,cpu         ] GC(32286) User=0.00s Sys=0.01s Real=0.00s
[13928.916s][info][gc,start       ] GC(32287) Pause Young (Allocation Failure)
[13928.919s][info][gc,heap        ] GC(32287) PSYoungGen: 81696K(83968K)->1568K(84480K) Eden: 80896K(80896K)->0K(81920K) From: 800K(3072K)->1568K(2560K)
[13928.919s][info][gc,heap        ] GC(32287) ParOldGen: 436761K(437248K)->436817K(437248K)
[13928.919s][info][gc,metaspace   ] GC(32287) Metaspace: 62250K(62528K)->62250K(62528K) NonClass: 53217K(53440K)->53217K(53440K) Class: 9032K(9088K)->9032K(9088K)
[13928.919s][info][gc             ] GC(32287) Pause Young (Allocation Failure) 506M->428M(509M) 3.325ms
[13928.919s][info][gc,cpu         ] GC(32287) User=0.01s Sys=0.00s Real=0.01s
[13929.378s][info][gc,start       ] GC(32288) Pause Young (Allocation Failure)
[13929.381s][info][gc,heap        ] GC(32288) PSYoungGen: 83488K(84480K)->992K(84480K) Eden: 81920K(81920K)->0K(81920K) From: 1568K(2560K)->992K(2560K)
[13929.381s][info][gc,heap        ] GC(32288) ParOldGen: 436817K(437248K)->436865K(437248K)
[13929.381s][info][gc,metaspace   ] GC(32288) Metaspace: 62250K(62528K)->62250K(62528K) NonClass: 53217K(53440K)->53217K(53440K) Class: 9032K(9088K)->9032K(9088K)
[13929.381s][info][gc             ] GC(32288) Pause Young (Allocation Failure) 508M->427M(509M) 2.875ms
[13929.381s][info][gc,cpu         ] GC(32288) User=0.00s Sys=0.00s Real=0.00s
[13929.832s][info][gc,start       ] GC(32289) Pause Young (Allocation Failure)
[13929.834s][info][gc,heap        ] GC(32289) PSYoungGen: 82912K(84480K)->384K(84480K) Eden: 81920K(81920K)->0K(81920K) From: 992K(2560K)->384K(2560K)
[13929.834s][info][gc,heap        ] GC(32289) ParOldGen: 436865K(437248K)->436921K(437248K)
[13929.834s][info][gc,metaspace   ] GC(32289) Metaspace: 62250K(62528K)->62250K(62528K) NonClass: 53217K(53440K)->53217K(53440K) Class: 9032K(9088K)->9032K(9088K)
[13929.834s][info][gc             ] GC(32289) Pause Young (Allocation Failure) 507M->427M(509M) 2.325ms
[13929.834s][info][gc,cpu         ] GC(32289) User=0.00s Sys=0.00s Real=0.00s
[13930.250s][info][gc,start       ] GC(32290) Pause Young (Allocation Failure)
[13930.252s][info][gc,heap        ] GC(32290) PSYoungGen: 82304K(84480K)->672K(84480K) Eden: 81920K(81920K)->0K(81920K) From: 384K(2560K)->672K(2560K)
[13930.252s][info][gc,heap        ] GC(32290) ParOldGen: 436921K(437248K)->436977K(437248K)
[13930.252s][info][gc,metaspace   ] GC(32290) Metaspace: 62250K(62528K)->62250K(62528K) NonClass: 53217K(53440K)->53217K(53440K) Class: 9032K(9088K)->9032K(9088K)
[13930.252s][info][gc             ] GC(32290) Pause Young (Allocation Failure) 507M->427M(509M) 2.509ms
[13930.252s][info][gc,cpu         ] GC(32290) User=0.00s Sys=0.00s Real=0.00s
[13930.694s][info][gc,start       ] GC(32291) Pause Young (Allocation Failure)
[13930.697s][info][gc,heap        ] GC(32291) PSYoungGen: 82592K(84480K)->1408K(84480K) Eden: 81920K(81920K)->0K(81920K) From: 672K(2560K)->1408K(2560K)
[13930.697s][info][gc,heap        ] GC(32291) ParOldGen: 436977K(437248K)->437025K(437248K)
[13930.697s][info][gc,metaspace   ] GC(32291) Metaspace: 62250K(62528K)->62250K(62528K) NonClass: 53217K(53440K)->53217K(53440K) Class: 9032K(9088K)->9032K(9088K)
[13930.697s][info][gc             ] GC(32291) Pause Young (Allocation Failure) 507M->428M(509M) 3.309ms
[13930.697s][info][gc,cpu         ] GC(32291) User=0.01s Sys=0.00s Real=0.01s
[13931.135s][info][gc,start       ] GC(32292) Pause Young (Allocation Failure)
[13931.137s][info][gc,heap        ] GC(32292) PSYoungGen: 83328K(84480K)->416K(84480K) Eden: 81920K(81920K)->0K(81920K) From: 1408K(2560K)->416K(2560K)
[13931.137s][info][gc,heap        ] GC(32292) ParOldGen: 437025K(437248K)->437081K(437248K)
[13931.137s][info][gc,metaspace   ] GC(32292) Metaspace: 62250K(62528K)->62250K(62528K) NonClass: 53217K(53440K)->53217K(53440K) Class: 9032K(9088K)->9032K(9088K)
[13931.137s][info][gc             ] GC(32292) Pause Young (Allocation Failure) 508M->427M(509M) 2.286ms
[13931.137s][info][gc,cpu         ] GC(32292) User=0.00s Sys=0.00s Real=0.01s
[13931.562s][info][gc,start       ] GC(32293) Pause Young (Allocation Failure)
[13931.565s][info][gc,heap        ] GC(32293) PSYoungGen: 82336K(84480K)->832K(84480K) Eden: 81920K(81920K)->0K(81920K) From: 416K(2560K)->832K(2560K)
[13931.565s][info][gc,heap        ] GC(32293) ParOldGen: 437081K(437248K)->437129K(437248K)
[13931.565s][info][gc,metaspace   ] GC(32293) Metaspace: 62250K(62528K)->62250K(62528K) NonClass: 53217K(53440K)->53217K(53440K) Class: 9032K(9088K)->9032K(9088K)
[13931.565s][info][gc             ] GC(32293) Pause Young (Allocation Failure) 507M->427M(509M) 2.732ms
[13931.565s][info][gc,cpu         ] GC(32293) User=0.01s Sys=0.00s Real=0.00s
[13932.058s][info][gc,start       ] GC(32294) Pause Young (Allocation Failure)
[13932.061s][info][gc,heap        ] GC(32294) PSYoungGen: 82752K(84480K)->784K(84480K) Eden: 81920K(81920K)->0K(81920K) From: 832K(2560K)->784K(2560K)
[13932.061s][info][gc,heap        ] GC(32294) ParOldGen: 437129K(437248K)->437185K(437248K)
[13932.061s][info][gc,metaspace   ] GC(32294) Metaspace: 62250K(62528K)->62250K(62528K) NonClass: 53217K(53440K)->53217K(53440K) Class: 9032K(9088K)->9032K(9088K)
[13932.061s][info][gc             ] GC(32294) Pause Young (Allocation Failure) 507M->427M(509M) 2.715ms
[13932.061s][info][gc,cpu         ] GC(32294) User=0.01s Sys=0.00s Real=0.00s
[13932.478s][info][gc,start       ] GC(32295) Pause Young (Allocation Failure)
[13932.481s][info][gc,heap        ] GC(32295) PSYoungGen: 82704K(84480K)->2112K(84480K) Eden: 81920K(81920K)->0K(81920K) From: 784K(2560K)->2112K(2560K)
[13932.481s][info][gc,heap        ] GC(32295) ParOldGen: 437185K(437248K)->438313K(438784K)
[13932.481s][info][gc,metaspace   ] GC(32295) Metaspace: 62250K(62528K)->62250K(62528K) NonClass: 53217K(53440K)->53217K(53440K) Class: 9032K(9088K)->9032K(9088K)
[13932.482s][info][gc             ] GC(32295) Pause Young (Allocation Failure) 507M->430M(511M) 3.696ms
[13932.482s][info][gc,cpu         ] GC(32295) User=0.01s Sys=0.00s Real=0.00s
[13932.936s][info][gc,start       ] GC(32296) Pause Young (Allocation Failure)
[13932.942s][info][gc,heap        ] GC(32296) PSYoungGen: 84032K(84480K)->416K(84480K) Eden: 81920K(81920K)->0K(81920K) From: 2112K(2560K)->416K(2560K)
[13932.942s][info][gc,heap        ] GC(32296) ParOldGen: 438313K(438784K)->440417K(441856K)
[13932.942s][info][gc,metaspace   ] GC(32296) Metaspace: 62250K(62528K)->62250K(62528K) NonClass: 53217K(53440K)->53217K(53440K) Class: 9032K(9088K)->9032K(9088K)
[13932.942s][info][gc             ] GC(32296) Pause Young (Allocation Failure) 510M->430M(514M) 5.855ms
[13932.942s][info][gc,cpu         ] GC(32296) User=0.01s Sys=0.00s Real=0.01s
[13933.377s][info][gc,start       ] GC(32297) Pause Young (Allocation Failure)
[13933.380s][info][gc,heap        ] GC(32297) PSYoungGen: 82336K(84480K)->992K(84480K) Eden: 81920K(81920K)->0K(81920K) From: 416K(2560K)->992K(2560K)
[13933.380s][info][gc,heap        ] GC(32297) ParOldGen: 440417K(441856K)->440465K(441856K)
[13933.380s][info][gc,metaspace   ] GC(32297) Metaspace: 62250K(62528K)->62250K(62528K) NonClass: 53217K(53440K)->53217K(53440K) Class: 9032K(9088K)->9032K(9088K)
[13933.380s][info][gc             ] GC(32297) Pause Young (Allocation Failure) 510M->431M(514M) 2.944ms
[13933.380s][info][gc,cpu         ] GC(32297) User=0.00s Sys=0.00s Real=0.00s
[13933.864s][info][gc,start       ] GC(32298) Pause Young (Allocation Failure)
[13933.866s][info][gc,heap        ] GC(32298) PSYoungGen: 82912K(84480K)->800K(84480K) Eden: 81920K(81920K)->0K(81920K) From: 992K(2560K)->800K(2560K)
[13933.866s][info][gc,heap        ] GC(32298) ParOldGen: 440465K(441856K)->440513K(441856K)
[13933.866s][info][gc,metaspace   ] GC(32298) Metaspace: 62250K(62528K)->62250K(62528K) NonClass: 53217K(53440K)->53217K(53440K) Class: 9032K(9088K)->9032K(9088K)
[13933.866s][info][gc             ] GC(32298) Pause Young (Allocation Failure) 511M->430M(514M) 2.769ms
[13933.866s][info][gc,cpu         ] GC(32298) User=0.00s Sys=0.00s Real=0.01s
[13934.297s][info][gc,start       ] GC(32299) Pause Young (Allocation Failure)
[13934.300s][info][gc,heap        ] GC(32299) PSYoungGen: 82720K(84480K)->1440K(84480K) Eden: 81920K(81920K)->0K(81920K) From: 800K(2560K)->1440K(2560K)
[13934.300s][info][gc,heap        ] GC(32299) ParOldGen: 440513K(441856K)->440561K(441856K)
[13934.300s][info][gc,metaspace   ] GC(32299) Metaspace: 62250K(62528K)->62250K(62528K) NonClass: 53217K(53440K)->53217K(53440K) Class: 9032K(9088K)->9032K(9088K)
[13934.301s][info][gc             ] GC(32299) Pause Young (Allocation Failure) 510M->431M(514M) 3.411ms
[13934.301s][info][gc,cpu         ] GC(32299) User=0.01s Sys=0.00s Real=0.00s
[13934.735s][info][gc,start       ] GC(32300) Pause Young (Allocation Failure)
[13934.737s][info][gc,heap        ] GC(32300) PSYoungGen: 83360K(84480K)->448K(84480K) Eden: 81920K(81920K)->0K(81920K) From: 1440K(2560K)->448K(2560K)
[13934.737s][info][gc,heap        ] GC(32300) ParOldGen: 440561K(441856K)->440617K(441856K)
[13934.737s][info][gc,metaspace   ] GC(32300) Metaspace: 62250K(62528K)->62250K(62528K) NonClass: 53217K(53440K)->53217K(53440K) Class: 9032K(9088K)->9032K(9088K)
[13934.737s][info][gc             ] GC(32300) Pause Young (Allocation Failure) 511M->430M(514M) 2.324ms
[13934.737s][info][gc,cpu         ] GC(32300) User=0.01s Sys=0.00s Real=0.01s
[13935.179s][info][gc,start       ] GC(32301) Pause Young (Allocation Failure)
[13935.182s][info][gc,heap        ] GC(32301) PSYoungGen: 82368K(84480K)->1120K(84480K) Eden: 81920K(81920K)->0K(81920K) From: 448K(2560K)->1120K(2560K)
[13935.182s][info][gc,heap        ] GC(32301) ParOldGen: 440617K(441856K)->440665K(441856K)
[13935.182s][info][gc,metaspace   ] GC(32301) Metaspace: 62250K(62528K)->62250K(62528K) NonClass: 53217K(53440K)->53217K(53440K) Class: 9032K(9088K)->9032K(9088K)
[13935.182s][info][gc             ] GC(32301) Pause Young (Allocation Failure) 510M->431M(514M) 2.952ms
[13935.182s][info][gc,cpu         ] GC(32301) User=0.01s Sys=0.00s Real=0.00s
[13935.607s][info][gc,start       ] GC(32302) Pause Young (Allocation Failure)
[13935.610s][info][gc,heap        ] GC(32302) PSYoungGen: 83040K(84480K)->1472K(84480K) Eden: 81920K(81920K)->0K(81920K) From: 1120K(2560K)->1472K(2560K)
[13935.610s][info][gc,heap        ] GC(32302) ParOldGen: 440665K(441856K)->440713K(441856K)
[13935.610s][info][gc,metaspace   ] GC(32302) Metaspace: 62250K(62528K)->62250K(62528K) NonClass: 53217K(53440K)->53217K(53440K) Class: 9032K(9088K)->9032K(9088K)
[13935.610s][info][gc             ] GC(32302) Pause Young (Allocation Failure) 511M->431M(514M) 3.465ms
[13935.610s][info][gc,cpu         ] GC(32302) User=0.01s Sys=0.00s Real=0.00s
[13936.053s][info][gc,start       ] GC(32303) Pause Young (Allocation Failure)
[13936.056s][info][gc,heap        ] GC(32303) PSYoungGen: 83392K(84480K)->704K(84480K) Eden: 81920K(81920K)->0K(81920K) From: 1472K(2560K)->704K(2560K)
[13936.056s][info][gc,heap        ] GC(32303) ParOldGen: 440713K(441856K)->440761K(441856K)
[13936.056s][info][gc,metaspace   ] GC(32303) Metaspace: 62250K(62528K)->62250K(62528K) NonClass: 53217K(53440K)->53217K(53440K) Class: 9032K(9088K)->9032K(9088K)
[13936.056s][info][gc             ] GC(32303) Pause Young (Allocation Failure) 511M->431M(514M) 2.593ms
[13936.056s][info][gc,cpu         ] GC(32303) User=0.00s Sys=0.00s Real=0.00s
[13936.484s][info][gc,start       ] GC(32304) Pause Young (Allocation Failure)
[13936.487s][info][gc,heap        ] GC(32304) PSYoungGen: 82624K(84480K)->1120K(84480K) Eden: 81920K(81920K)->0K(81920K) From: 704K(2560K)->1120K(2560K)
[13936.487s][info][gc,heap        ] GC(32304) ParOldGen: 440761K(441856K)->440809K(441856K)
[13936.487s][info][gc,metaspace   ] GC(32304) Metaspace: 62250K(62528K)->62250K(62528K) NonClass: 53217K(53440K)->53217K(53440K) Class: 9032K(9088K)->9032K(9088K)
[13936.487s][info][gc             ] GC(32304) Pause Young (Allocation Failure) 511M->431M(514M) 3.126ms
[13936.487s][info][gc,cpu         ] GC(32304) User=0.01s Sys=0.00s Real=0.01s
[13936.917s][info][gc,start       ] GC(32305) Pause Young (Allocation Failure)
[13936.920s][info][gc,heap        ] GC(32305) PSYoungGen: 83040K(84480K)->1664K(84480K) Eden: 81920K(81920K)->0K(81920K) From: 1120K(2560K)->1664K(2560K)
[13936.921s][info][gc,heap        ] GC(32305) ParOldGen: 440809K(441856K)->440865K(441856K)
[13936.921s][info][gc,metaspace   ] GC(32305) Metaspace: 62250K(62528K)->62250K(62528K) NonClass: 53217K(53440K)->53217K(53440K) Class: 9032K(9088K)->9032K(9088K)
[13936.921s][info][gc             ] GC(32305) Pause Young (Allocation Failure) 511M->432M(514M) 3.642ms
[13936.921s][info][gc,cpu         ] GC(32305) User=0.01s Sys=0.00s Real=0.00s
[13937.348s][info][gc,start       ] GC(32306) Pause Young (Allocation Failure)
[13937.351s][info][gc,heap        ] GC(32306) PSYoungGen: 83584K(84480K)->2528K(84480K) Eden: 81920K(81920K)->0K(81920K) From: 1664K(2560K)->2528K(2560K)
[13937.351s][info][gc,heap        ] GC(32306) ParOldGen: 440865K(441856K)->441057K(441856K)
[13937.351s][info][gc,metaspace   ] GC(32306) Metaspace: 62250K(62528K)->62250K(62528K) NonClass: 53217K(53440K)->53217K(53440K) Class: 9032K(9088K)->9032K(9088K)
[13937.351s][info][gc             ] GC(32306) Pause Young (Allocation Failure) 512M->433M(514M) 2.984ms
[13937.351s][info][gc,cpu         ] GC(32306) User=0.01s Sys=0.00s Real=0.00s
[13937.787s][info][gc,start       ] GC(32307) Pause Young (Allocation Failure)
[13937.791s][info][gc,heap        ] GC(32307) PSYoungGen: 84448K(84480K)->1312K(83456K) Eden: 81920K(81920K)->0K(80896K) From: 2528K(2560K)->1312K(2560K)
[13937.791s][info][gc,heap        ] GC(32307) ParOldGen: 441057K(441856K)->443153K(443392K)
[13937.791s][info][gc,metaspace   ] GC(32307) Metaspace: 62250K(62528K)->62250K(62528K) NonClass: 53217K(53440K)->53217K(53440K) Class: 9032K(9088K)->9032K(9088K)
[13937.792s][info][gc             ] GC(32307) Pause Young (Allocation Failure) 513M->434M(514M) 4.380ms
[13937.792s][info][gc,cpu         ] GC(32307) User=0.01s Sys=0.00s Real=0.00s
[13938.239s][info][gc,start       ] GC(32308) Pause Young (Allocation Failure)
[13938.241s][info][gc,heap        ] GC(32308) PSYoungGen: 82208K(83456K)->480K(83968K) Eden: 80896K(80896K)->0K(80896K) From: 1312K(2560K)->480K(3072K)
[13938.241s][info][gc,heap        ] GC(32308) ParOldGen: 443153K(443392K)->443217K(443392K)
[13938.241s][info][gc,metaspace   ] GC(32308) Metaspace: 62250K(62528K)->62250K(62528K) NonClass: 53217K(53440K)->53217K(53440K) Class: 9032K(9088K)->9032K(9088K)
[13938.241s][info][gc             ] GC(32308) Pause Young (Allocation Failure) 513M->433M(515M) 2.409ms
[13938.241s][info][gc,cpu         ] GC(32308) User=0.00s Sys=0.00s Real=0.00s
[13938.671s][info][gc,start       ] GC(32309) Pause Young (Allocation Failure)
[13938.674s][info][gc,heap        ] GC(32309) PSYoungGen: 81376K(83968K)->960K(84480K) Eden: 80896K(80896K)->0K(81408K) From: 480K(3072K)->960K(3072K)
[13938.674s][info][gc,heap        ] GC(32309) ParOldGen: 443217K(443392K)->443265K(443392K)
[13938.674s][info][gc,metaspace   ] GC(32309) Metaspace: 62250K(62528K)->62250K(62528K) NonClass: 53217K(53440K)->53217K(53440K) Class: 9032K(9088K)->9032K(9088K)
[13938.674s][info][gc             ] GC(32309) Pause Young (Allocation Failure) 512M->433M(515M) 2.902ms
[13938.674s][info][gc,cpu         ] GC(32309) User=0.00s Sys=0.00s Real=0.00s
[13939.109s][info][gc,start       ] GC(32310) Pause Young (Allocation Failure)
[13939.112s][info][gc,heap        ] GC(32310) PSYoungGen: 82368K(84480K)->1600K(83968K) Eden: 81408K(81408K)->0K(81408K) From: 960K(3072K)->1600K(2560K)
[13939.112s][info][gc,heap        ] GC(32310) ParOldGen: 443265K(443392K)->443321K(443392K)
[13939.112s][info][gc,metaspace   ] GC(32310) Metaspace: 62250K(62528K)->62250K(62528K) NonClass: 53217K(53440K)->53217K(53440K) Class: 9032K(9088K)->9032K(9088K)
[13939.113s][info][gc             ] GC(32310) Pause Young (Allocation Failure) 513M->434M(515M) 3.318ms
[13939.113s][info][gc,cpu         ] GC(32310) User=0.01s Sys=0.00s Real=0.00s
[13939.606s][info][gc,start       ] GC(32311) Pause Young (Allocation Failure)
[13939.609s][info][gc,heap        ] GC(32311) PSYoungGen: 83008K(83968K)->1584K(84480K) Eden: 81408K(81408K)->0K(81920K) From: 1600K(2560K)->1584K(2560K)
[13939.609s][info][gc,heap        ] GC(32311) ParOldGen: 443321K(443392K)->443377K(443392K)
[13939.609s][info][gc,metaspace   ] GC(32311) Metaspace: 62250K(62528K)->62250K(62528K) NonClass: 53217K(53440K)->53217K(53440K) Class: 9032K(9088K)->9032K(9088K)
[13939.609s][info][gc             ] GC(32311) Pause Young (Allocation Failure) 513M->434M(515M) 3.269ms
[13939.609s][info][gc,cpu         ] GC(32311) User=0.00s Sys=0.00s Real=0.01s
[13940.033s][info][gc,start       ] GC(32312) Pause Young (Allocation Failure)
[13940.035s][info][gc,heap        ] GC(32312) PSYoungGen: 83504K(84480K)->384K(84480K) Eden: 81920K(81920K)->0K(81920K) From: 1584K(2560K)->384K(2560K)
[13940.035s][info][gc,heap        ] GC(32312) ParOldGen: 443377K(443392K)->443481K(443904K)
[13940.035s][info][gc,metaspace   ] GC(32312) Metaspace: 62250K(62528K)->62250K(62528K) NonClass: 53217K(53440K)->53217K(53440K) Class: 9032K(9088K)->9032K(9088K)
[13940.035s][info][gc             ] GC(32312) Pause Young (Allocation Failure) 514M->433M(516M) 2.338ms
[13940.035s][info][gc,cpu         ] GC(32312) User=0.01s Sys=0.00s Real=0.00s
[13940.473s][info][gc,start       ] GC(32313) Pause Young (Allocation Failure)
[13940.476s][info][gc,heap        ] GC(32313) PSYoungGen: 82304K(84480K)->1024K(84480K) Eden: 81920K(81920K)->0K(81920K) From: 384K(2560K)->1024K(2560K)
[13940.476s][info][gc,heap        ] GC(32313) ParOldGen: 443481K(443904K)->443529K(443904K)
[13940.476s][info][gc,metaspace   ] GC(32313) Metaspace: 62250K(62528K)->62250K(62528K) NonClass: 53217K(53440K)->53217K(53440K) Class: 9032K(9088K)->9032K(9088K)
[13940.476s][info][gc             ] GC(32313) Pause Young (Allocation Failure) 513M->434M(516M) 2.849ms
[13940.476s][info][gc,cpu         ] GC(32313) User=0.00s Sys=0.00s Real=0.00s
[13940.946s][info][gc,start       ] GC(32314) Pause Young (Allocation Failure)
[13940.949s][info][gc,heap        ] GC(32314) PSYoungGen: 82944K(84480K)->608K(84480K) Eden: 81920K(81920K)->0K(81920K) From: 1024K(2560K)->608K(2560K)
[13940.949s][info][gc,heap        ] GC(32314) ParOldGen: 443529K(443904K)->443585K(443904K)
[13940.949s][info][gc,metaspace   ] GC(32314) Metaspace: 62250K(62528K)->62250K(62528K) NonClass: 53217K(53440K)->53217K(53440K) Class: 9032K(9088K)->9032K(9088K)
[13940.949s][info][gc             ] GC(32314) Pause Young (Allocation Failure) 514M->433M(516M) 3.244ms
[13940.949s][info][gc,cpu         ] GC(32314) User=0.01s Sys=0.00s Real=0.01s
[13941.384s][info][gc,start       ] GC(32315) Pause Young (Allocation Failure)
[13941.386s][info][gc,heap        ] GC(32315) PSYoungGen: 82528K(84480K)->1152K(84480K) Eden: 81920K(81920K)->0K(81920K) From: 608K(2560K)->1152K(2560K)
[13941.387s][info][gc,heap        ] GC(32315) ParOldGen: 443585K(443904K)->443641K(443904K)
[13941.387s][info][gc,metaspace   ] GC(32315) Metaspace: 62250K(62528K)->62250K(62528K) NonClass: 53217K(53440K)->53217K(53440K) Class: 9032K(9088K)->9032K(9088K)
[13941.387s][info][gc             ] GC(32315) Pause Young (Allocation Failure) 513M->434M(516M) 2.967ms
[13941.387s][info][gc,cpu         ] GC(32315) User=0.01s Sys=0.00s Real=0.01s
[13941.842s][info][gc,start       ] GC(32316) Pause Young (Allocation Failure)
[13941.844s][info][gc,heap        ] GC(32316) PSYoungGen: 83072K(84480K)->576K(84480K) Eden: 81920K(81920K)->0K(81920K) From: 1152K(2560K)->576K(2560K)
[13941.844s][info][gc,heap        ] GC(32316) ParOldGen: 443641K(443904K)->443689K(443904K)
[13941.844s][info][gc,metaspace   ] GC(32316) Metaspace: 62250K(62528K)->62250K(62528K) NonClass: 53217K(53440K)->53217K(53440K) Class: 9032K(9088K)->9032K(9088K)
[13941.844s][info][gc             ] GC(32316) Pause Young (Allocation Failure) 514M->433M(516M) 2.499ms
[13941.844s][info][gc,cpu         ] GC(32316) User=0.00s Sys=0.00s Real=0.00s
[13942.267s][info][gc,start       ] GC(32317) Pause Young (Allocation Failure)
[13942.270s][info][gc,heap        ] GC(32317) PSYoungGen: 82496K(84480K)->1920K(84480K) Eden: 81920K(81920K)->0K(81920K) From: 576K(2560K)->1920K(2560K)
[13942.270s][info][gc,heap        ] GC(32317) ParOldGen: 443689K(443904K)->444770K(445440K)
[13942.270s][info][gc,metaspace   ] GC(32317) Metaspace: 62250K(62528K)->62250K(62528K) NonClass: 53217K(53440K)->53217K(53440K) Class: 9032K(9088K)->9032K(9088K)
[13942.270s][info][gc             ] GC(32317) Pause Young (Allocation Failure) 513M->436M(517M) 3.541ms
[13942.270s][info][gc,cpu         ] GC(32317) User=0.00s Sys=0.01s Real=0.00s
[13942.705s][info][gc,start       ] GC(32318) Pause Young (Allocation Failure)
[13942.709s][info][gc,heap        ] GC(32318) PSYoungGen: 83840K(84480K)->1536K(84480K) Eden: 81920K(81920K)->0K(81920K) From: 1920K(2560K)->1536K(2560K)
[13942.709s][info][gc,heap        ] GC(32318) ParOldGen: 444770K(445440K)->446874K(446976K)
[13942.709s][info][gc,metaspace   ] GC(32318) Metaspace: 62250K(62528K)->62250K(62528K) NonClass: 53217K(53440K)->53217K(53440K) Class: 9032K(9088K)->9032K(9088K)
[13942.709s][info][gc             ] GC(32318) Pause Young (Allocation Failure) 516M->437M(519M) 4.710ms
[13942.709s][info][gc,cpu         ] GC(32318) User=0.00s Sys=0.00s Real=0.01s
[13943.141s][info][gc,start       ] GC(32319) Pause Young (Allocation Failure)
[13943.144s][info][gc,heap        ] GC(32319) PSYoungGen: 83456K(84480K)->544K(84480K) Eden: 81920K(81920K)->0K(81920K) From: 1536K(2560K)->544K(2560K)
[13943.144s][info][gc,heap        ] GC(32319) ParOldGen: 446874K(446976K)->446930K(446976K)
[13943.144s][info][gc,metaspace   ] GC(32319) Metaspace: 62250K(62528K)->62250K(62528K) NonClass: 53217K(53440K)->53217K(53440K) Class: 9032K(9088K)->9032K(9088K)
[13943.144s][info][gc             ] GC(32319) Pause Young (Allocation Failure) 517M->436M(519M) 2.446ms
[13943.144s][info][gc,cpu         ] GC(32319) User=0.01s Sys=0.00s Real=0.00s
[13943.575s][info][gc,start       ] GC(32320) Pause Young (Allocation Failure)
[13943.578s][info][gc,heap        ] GC(32320) PSYoungGen: 82464K(84480K)->992K(84480K) Eden: 81920K(81920K)->0K(81920K) From: 544K(2560K)->992K(2560K)
[13943.578s][info][gc,heap        ] GC(32320) ParOldGen: 446930K(446976K)->446978K(447488K)
[13943.578s][info][gc,metaspace   ] GC(32320) Metaspace: 62250K(62528K)->62250K(62528K) NonClass: 53217K(53440K)->53217K(53440K) Class: 9032K(9088K)->9032K(9088K)
[13943.578s][info][gc             ] GC(32320) Pause Young (Allocation Failure) 516M->437M(519M) 3.024ms
[13943.578s][info][gc,cpu         ] GC(32320) User=0.00s Sys=0.00s Real=0.01s
[13944.002s][info][gc,start       ] GC(32321) Pause Young (Allocation Failure)
[13944.005s][info][gc,heap        ] GC(32321) PSYoungGen: 82912K(84480K)->1440K(84480K) Eden: 81920K(81920K)->0K(81920K) From: 992K(2560K)->1440K(2560K)
[13944.005s][info][gc,heap        ] GC(32321) ParOldGen: 446978K(447488K)->447034K(447488K)
[13944.005s][info][gc,metaspace   ] GC(32321) Metaspace: 62250K(62528K)->62250K(62528K) NonClass: 53217K(53440K)->53217K(53440K) Class: 9032K(9088K)->9032K(9088K)
[13944.005s][info][gc             ] GC(32321) Pause Young (Allocation Failure) 517M->437M(519M) 3.393ms
[13944.005s][info][gc,cpu         ] GC(32321) User=0.00s Sys=0.00s Real=0.00s
[13944.438s][info][gc,start       ] GC(32322) Pause Young (Allocation Failure)
[13944.440s][info][gc,heap        ] GC(32322) PSYoungGen: 83360K(84480K)->480K(84480K) Eden: 81920K(81920K)->0K(81920K) From: 1440K(2560K)->480K(2560K)
[13944.440s][info][gc,heap        ] GC(32322) ParOldGen: 447034K(447488K)->447090K(447488K)
[13944.440s][info][gc,metaspace   ] GC(32322) Metaspace: 62250K(62528K)->62250K(62528K) NonClass: 53217K(53440K)->53217K(53440K) Class: 9032K(9088K)->9032K(9088K)
[13944.440s][info][gc             ] GC(32322) Pause Young (Allocation Failure) 517M->437M(519M) 2.444ms
[13944.440s][info][gc,cpu         ] GC(32322) User=0.01s Sys=0.00s Real=0.00s
[13944.877s][info][gc,start       ] GC(32323) Pause Young (Allocation Failure)
[13944.880s][info][gc,heap        ] GC(32323) PSYoungGen: 82400K(84480K)->1120K(84480K) Eden: 81920K(81920K)->0K(81920K) From: 480K(2560K)->1120K(2560K)
[13944.880s][info][gc,heap        ] GC(32323) ParOldGen: 447090K(447488K)->447146K(447488K)
[13944.880s][info][gc,metaspace   ] GC(32323) Metaspace: 62250K(62528K)->62250K(62528K) NonClass: 53217K(53440K)->53217K(53440K) Class: 9032K(9088K)->9032K(9088K)
[13944.880s][info][gc             ] GC(32323) Pause Young (Allocation Failure) 517M->437M(519M) 2.952ms
[13944.880s][info][gc,cpu         ] GC(32323) User=0.01s Sys=0.00s Real=0.00s
[13945.321s][info][gc,start       ] GC(32324) Pause Young (Allocation Failure)
[13945.323s][info][gc,heap        ] GC(32324) PSYoungGen: 83040K(84480K)->224K(84480K) Eden: 81920K(81920K)->0K(81920K) From: 1120K(2560K)->224K(2560K)
[13945.323s][info][gc,heap        ] GC(32324) ParOldGen: 447146K(447488K)->447202K(447488K)
[13945.323s][info][gc,metaspace   ] GC(32324) Metaspace: 62250K(62528K)->62250K(62528K) NonClass: 53217K(53440K)->53217K(53440K) Class: 9032K(9088K)->9032K(9088K)
[13945.323s][info][gc             ] GC(32324) Pause Young (Allocation Failure) 517M->436M(519M) 2.263ms
[13945.324s][info][gc,cpu         ] GC(32324) User=0.01s Sys=0.00s Real=0.00s
[13945.769s][info][gc,start       ] GC(32325) Pause Young (Allocation Failure)
[13945.771s][info][gc,heap        ] GC(32325) PSYoungGen: 82144K(84480K)->896K(84480K) Eden: 81920K(81920K)->0K(81920K) From: 224K(2560K)->896K(2560K)
[13945.771s][info][gc,heap        ] GC(32325) ParOldGen: 447202K(447488K)->447258K(447488K)
[13945.771s][info][gc,metaspace   ] GC(32325) Metaspace: 62250K(62528K)->62250K(62528K) NonClass: 53217K(53440K)->53217K(53440K) Class: 9032K(9088K)->9032K(9088K)
[13945.771s][info][gc             ] GC(32325) Pause Young (Allocation Failure) 516M->437M(519M) 2.763ms
[13945.771s][info][gc,cpu         ] GC(32325) User=0.01s Sys=0.00s Real=0.00s
[13946.209s][info][gc,start       ] GC(32326) Pause Young (Allocation Failure)
[13946.212s][info][gc,heap        ] GC(32326) PSYoungGen: 82816K(84480K)->1664K(84480K) Eden: 81920K(81920K)->0K(81920K) From: 896K(2560K)->1664K(2560K)
[13946.212s][info][gc,heap        ] GC(32326) ParOldGen: 447258K(447488K)->447314K(447488K)
[13946.212s][info][gc,metaspace   ] GC(32326) Metaspace: 62250K(62528K)->62250K(62528K) NonClass: 53217K(53440K)->53217K(53440K) Class: 9032K(9088K)->9032K(9088K)
[13946.212s][info][gc             ] GC(32326) Pause Young (Allocation Failure) 517M->438M(519M) 3.409ms
[13946.212s][info][gc,cpu         ] GC(32326) User=0.01s Sys=0.00s Real=0.00s
[13946.615s][info][gc,start       ] GC(32327) Pause Young (Allocation Failure)
[13946.620s][info][gc,heap        ] GC(32327) PSYoungGen: 83584K(84480K)->2528K(82432K) Eden: 81920K(81920K)->0K(79872K) From: 1664K(2560K)->2528K(2560K)
[13946.620s][info][gc,heap        ] GC(32327) ParOldGen: 447314K(447488K)->449498K(450560K)
[13946.620s][info][gc,metaspace   ] GC(32327) Metaspace: 62250K(62528K)->62250K(62528K) NonClass: 53217K(53440K)->53217K(53440K) Class: 9032K(9088K)->9032K(9088K)
[13946.620s][info][gc             ] GC(32327) Pause Young (Allocation Failure) 518M->441M(520M) 5.210ms
[13946.620s][info][gc,cpu         ] GC(32327) User=0.01s Sys=0.00s Real=0.01s
[13947.104s][info][gc,start       ] GC(32328) Pause Young (Allocation Failure)
[13947.109s][info][gc,heap        ] GC(32328) PSYoungGen: 82400K(82432K)->1456K(83456K) Eden: 79872K(79872K)->0K(79872K) From: 2528K(2560K)->1456K(3584K)
[13947.109s][info][gc,heap        ] GC(32328) ParOldGen: 449498K(450560K)->451602K(452096K)
[13947.109s][info][gc,metaspace   ] GC(32328) Metaspace: 62250K(62528K)->62250K(62528K) NonClass: 53217K(53440K)->53217K(53440K) Class: 9032K(9088K)->9032K(9088K)
[13947.109s][info][gc             ] GC(32328) Pause Young (Allocation Failure) 519M->442M(523M) 4.390ms
[13947.109s][info][gc,cpu         ] GC(32328) User=0.00s Sys=0.00s Real=0.01s
[13947.558s][info][gc,start       ] GC(32329) Pause Young (Allocation Failure)
[13947.561s][info][gc,heap        ] GC(32329) PSYoungGen: 81328K(83456K)->800K(83456K) Eden: 79872K(79872K)->0K(79872K) From: 1456K(3584K)->800K(3584K)
[13947.561s][info][gc,heap        ] GC(32329) ParOldGen: 451602K(452096K)->451714K(452096K)
[13947.561s][info][gc,metaspace   ] GC(32329) Metaspace: 62250K(62528K)->62250K(62528K) NonClass: 53217K(53440K)->53217K(53440K) Class: 9032K(9088K)->9032K(9088K)
[13947.561s][info][gc             ] GC(32329) Pause Young (Allocation Failure) 520M->441M(523M) 2.990ms
[13947.561s][info][gc,cpu         ] GC(32329) User=0.00s Sys=0.00s Real=0.00s
[13948.014s][info][gc,start       ] GC(32330) Pause Young (Allocation Failure)
[13948.017s][info][gc,heap        ] GC(32330) PSYoungGen: 80672K(83456K)->1536K(83456K) Eden: 79872K(79872K)->0K(79872K) From: 800K(3584K)->1536K(3584K)
[13948.017s][info][gc,heap        ] GC(32330) ParOldGen: 451714K(452096K)->451770K(452096K)
[13948.017s][info][gc,metaspace   ] GC(32330) Metaspace: 62250K(62528K)->62250K(62528K) NonClass: 53217K(53440K)->53217K(53440K) Class: 9032K(9088K)->9032K(9088K)
[13948.017s][info][gc             ] GC(32330) Pause Young (Allocation Failure) 519M->442M(523M) 3.309ms
[13948.017s][info][gc,cpu         ] GC(32330) User=0.01s Sys=0.00s Real=0.01s
[13948.468s][info][gc,start       ] GC(32331) Pause Young (Allocation Failure)
[13948.470s][info][gc,heap        ] GC(32331) PSYoungGen: 81408K(83456K)->896K(83968K) Eden: 79872K(79872K)->0K(80384K) From: 1536K(3584K)->896K(3584K)
[13948.470s][info][gc,heap        ] GC(32331) ParOldGen: 451770K(452096K)->451826K(452096K)
[13948.470s][info][gc,metaspace   ] GC(32331) Metaspace: 62250K(62528K)->62250K(62528K) NonClass: 53217K(53440K)->53217K(53440K) Class: 9032K(9088K)->9032K(9088K)
[13948.470s][info][gc             ] GC(32331) Pause Young (Allocation Failure) 520M->442M(523M) 2.713ms
[13948.470s][info][gc,cpu         ] GC(32331) User=0.01s Sys=0.00s Real=0.00s
[13948.919s][info][gc,start       ] GC(32332) Pause Young (Allocation Failure)
[13948.921s][info][gc,heap        ] GC(32332) PSYoungGen: 81280K(83968K)->192K(83456K) Eden: 80384K(80384K)->0K(80384K) From: 896K(3584K)->192K(3072K)
[13948.921s][info][gc,heap        ] GC(32332) ParOldGen: 451826K(452096K)->451874K(452096K)
[13948.921s][info][gc,metaspace   ] GC(32332) Metaspace: 62250K(62528K)->62250K(62528K) NonClass: 53217K(53440K)->53217K(53440K) Class: 9032K(9088K)->9032K(9088K)
[13948.921s][info][gc             ] GC(32332) Pause Young (Allocation Failure) 520M->441M(523M) 2.225ms
[13948.921s][info][gc,cpu         ] GC(32332) User=0.01s Sys=0.00s Real=0.00s
[13949.343s][info][gc,start       ] GC(32333) Pause Young (Allocation Failure)
[13949.345s][info][gc,heap        ] GC(32333) PSYoungGen: 80576K(83456K)->608K(83968K) Eden: 80384K(80384K)->0K(80896K) From: 192K(3072K)->608K(3072K)
[13949.345s][info][gc,heap        ] GC(32333) ParOldGen: 451874K(452096K)->451930K(452096K)
[13949.345s][info][gc,metaspace   ] GC(32333) Metaspace: 62250K(62528K)->62250K(62528K) NonClass: 53217K(53440K)->53217K(53440K) Class: 9032K(9088K)->9032K(9088K)
[13949.345s][info][gc             ] GC(32333) Pause Young (Allocation Failure) 519M->441M(523M) 2.552ms
[13949.345s][info][gc,cpu         ] GC(32333) User=0.00s Sys=0.00s Real=0.00s
[13949.780s][info][gc,start       ] GC(32334) Pause Young (Allocation Failure)
[13949.783s][info][gc,heap        ] GC(32334) PSYoungGen: 81504K(83968K)->1088K(83968K) Eden: 80896K(80896K)->0K(80896K) From: 608K(3072K)->1088K(3072K)
[13949.783s][info][gc,heap        ] GC(32334) ParOldGen: 451930K(452096K)->451986K(452096K)
[13949.783s][info][gc,metaspace   ] GC(32334) Metaspace: 62250K(62528K)->62250K(62528K) NonClass: 53217K(53440K)->53217K(53440K) Class: 9032K(9088K)->9032K(9088K)
[13949.783s][info][gc             ] GC(32334) Pause Young (Allocation Failure) 520M->442M(523M) 3.040ms
[13949.783s][info][gc,cpu         ] GC(32334) User=0.01s Sys=0.00s Real=0.00s
[13950.199s][info][gc,start       ] GC(32335) Pause Young (Allocation Failure)
[13950.202s][info][gc,heap        ] GC(32335) PSYoungGen: 81984K(83968K)->1408K(83968K) Eden: 80896K(80896K)->0K(80896K) From: 1088K(3072K)->1408K(3072K)
[13950.202s][info][gc,heap        ] GC(32335) ParOldGen: 451986K(452096K)->452042K(452096K)
[13950.202s][info][gc,metaspace   ] GC(32335) Metaspace: 62250K(62528K)->62250K(62528K) NonClass: 53217K(53440K)->53217K(53440K) Class: 9032K(9088K)->9032K(9088K)
[13950.202s][info][gc             ] GC(32335) Pause Young (Allocation Failure) 521M->442M(523M) 3.238ms
[13950.202s][info][gc,cpu         ] GC(32335) User=0.01s Sys=0.00s Real=0.00s
[13950.650s][info][gc,start       ] GC(32336) Pause Young (Allocation Failure)
[13950.653s][info][gc,heap        ] GC(32336) PSYoungGen: 82304K(83968K)->640K(83968K) Eden: 80896K(80896K)->0K(80896K) From: 1408K(3072K)->640K(3072K)
[13950.653s][info][gc,heap        ] GC(32336) ParOldGen: 452042K(452096K)->452090K(452096K)
[13950.653s][info][gc,metaspace   ] GC(32336) Metaspace: 62250K(62528K)->62250K(62528K) NonClass: 53217K(53440K)->53217K(53440K) Class: 9032K(9088K)->9032K(9088K)
[13950.653s][info][gc             ] GC(32336) Pause Young (Allocation Failure) 521M->442M(523M) 2.636ms
[13950.653s][info][gc,cpu         ] GC(32336) User=0.01s Sys=0.00s Real=0.00s
[13951.095s][info][gc,start       ] GC(32337) Pause Young (Allocation Failure)
[13951.098s][info][gc,heap        ] GC(32337) PSYoungGen: 81536K(83968K)->1376K(83968K) Eden: 80896K(80896K)->0K(80896K) From: 640K(3072K)->1376K(3072K)
[13951.098s][info][gc,heap        ] GC(32337) ParOldGen: 452090K(452096K)->452146K(452608K)
[13951.098s][info][gc,metaspace   ] GC(32337) Metaspace: 62250K(62528K)->62250K(62528K) NonClass: 53217K(53440K)->53217K(53440K) Class: 9032K(9088K)->9032K(9088K)
[13951.098s][info][gc             ] GC(32337) Pause Young (Allocation Failure) 521M->442M(524M) 3.439ms
[13951.098s][info][gc,cpu         ] GC(32337) User=0.01s Sys=0.00s Real=0.01s
[13951.520s][info][gc,start       ] GC(32338) Pause Young (Allocation Failure)
[13951.523s][info][gc,heap        ] GC(32338) PSYoungGen: 82272K(83968K)->224K(83968K) Eden: 80896K(80896K)->0K(80896K) From: 1376K(3072K)->224K(3072K)
[13951.523s][info][gc,heap        ] GC(32338) ParOldGen: 452146K(452608K)->452202K(452608K)
[13951.523s][info][gc,metaspace   ] GC(32338) Metaspace: 62250K(62528K)->62250K(62528K) NonClass: 53217K(53440K)->53217K(53440K) Class: 9032K(9088K)->9032K(9088K)
[13951.523s][info][gc             ] GC(32338) Pause Young (Allocation Failure) 521M->441M(524M) 2.312ms
[13951.523s][info][gc,cpu         ] GC(32338) User=0.01s Sys=0.00s Real=0.00s
[13951.973s][info][gc,start       ] GC(32339) Pause Young (Allocation Failure)
[13951.975s][info][gc,heap        ] GC(32339) PSYoungGen: 81120K(83968K)->960K(84480K) Eden: 80896K(80896K)->0K(81408K) From: 224K(3072K)->960K(3072K)
[13951.975s][info][gc,heap        ] GC(32339) ParOldGen: 452202K(452608K)->452258K(452608K)
[13951.975s][info][gc,metaspace   ] GC(32339) Metaspace: 62250K(62528K)->62250K(62528K) NonClass: 53217K(53440K)->53217K(53440K) Class: 9032K(9088K)->9032K(9088K)
[13951.976s][info][gc             ] GC(32339) Pause Young (Allocation Failure) 520M->442M(524M) 2.917ms
[13951.976s][info][gc,cpu         ] GC(32339) User=0.00s Sys=0.00s Real=0.00s
[13952.389s][info][gc,start       ] GC(32340) Pause Young (Allocation Failure)
[13952.392s][info][gc,heap        ] GC(32340) PSYoungGen: 82368K(84480K)->1312K(83968K) Eden: 81408K(81408K)->0K(81408K) From: 960K(3072K)->1312K(2560K)
[13952.392s][info][gc,heap        ] GC(32340) ParOldGen: 452258K(452608K)->452306K(452608K)
[13952.392s][info][gc,metaspace   ] GC(32340) Metaspace: 62250K(62528K)->62250K(62528K) NonClass: 53217K(53440K)->53217K(53440K) Class: 9032K(9088K)->9032K(9088K)
[13952.392s][info][gc             ] GC(32340) Pause Young (Allocation Failure) 522M->442M(524M) 3.089ms
[13952.392s][info][gc,cpu         ] GC(32340) User=0.00s Sys=0.00s Real=0.00s
[13952.786s][info][gc,start       ] GC(32341) Pause Young (Allocation Failure)
[13952.789s][info][gc,heap        ] GC(32341) PSYoungGen: 82720K(83968K)->1280K(84480K) Eden: 81408K(81408K)->0K(81920K) From: 1312K(2560K)->1280K(2560K)
[13952.789s][info][gc,heap        ] GC(32341) ParOldGen: 452306K(452608K)->452354K(452608K)
[13952.789s][info][gc,metaspace   ] GC(32341) Metaspace: 62250K(62528K)->62250K(62528K) NonClass: 53217K(53440K)->53217K(53440K) Class: 9032K(9088K)->9032K(9088K)
[13952.789s][info][gc             ] GC(32341) Pause Young (Allocation Failure) 522M->443M(524M) 3.125ms
[13952.789s][info][gc,cpu         ] GC(32341) User=0.01s Sys=0.00s Real=0.01s
[13953.258s][info][gc,start       ] GC(32342) Pause Young (Allocation Failure)
[13953.261s][info][gc,heap        ] GC(32342) PSYoungGen: 83200K(84480K)->736K(84480K) Eden: 81920K(81920K)->0K(81920K) From: 1280K(2560K)->736K(2560K)
[13953.261s][info][gc,heap        ] GC(32342) ParOldGen: 452354K(452608K)->452410K(452608K)
[13953.261s][info][gc,metaspace   ] GC(32342) Metaspace: 62250K(62528K)->62250K(62528K) NonClass: 53217K(53440K)->53217K(53440K) Class: 9032K(9088K)->9032K(9088K)
[13953.261s][info][gc             ] GC(32342) Pause Young (Allocation Failure) 523M->442M(524M) 2.609ms
[13953.261s][info][gc,cpu         ] GC(32342) User=0.01s Sys=0.00s Real=0.00s
[13953.719s][info][gc,start       ] GC(32343) Pause Young (Allocation Failure)
[13953.721s][info][gc,heap        ] GC(32343) PSYoungGen: 82656K(84480K)->224K(84480K) Eden: 81920K(81920K)->0K(81920K) From: 736K(2560K)->224K(2560K)
[13953.721s][info][gc,heap        ] GC(32343) ParOldGen: 452410K(452608K)->452466K(452608K)
[13953.721s][info][gc,metaspace   ] GC(32343) Metaspace: 62250K(62528K)->62250K(62528K) NonClass: 53217K(53440K)->53217K(53440K) Class: 9032K(9088K)->9032K(9088K)
[13953.721s][info][gc             ] GC(32343) Pause Young (Allocation Failure) 522M->442M(524M) 2.159ms
[13953.721s][info][gc,cpu         ] GC(32343) User=0.00s Sys=0.00s Real=0.00s
[13954.190s][info][gc,start       ] GC(32344) Pause Young (Allocation Failure)
[13954.193s][info][gc,heap        ] GC(32344) PSYoungGen: 82144K(84480K)->1184K(84480K) Eden: 81920K(81920K)->0K(81920K) From: 224K(2560K)->1184K(2560K)
[13954.193s][info][gc,heap        ] GC(32344) ParOldGen: 452466K(452608K)->452522K(452608K)
[13954.193s][info][gc,metaspace   ] GC(32344) Metaspace: 62250K(62528K)->62250K(62528K) NonClass: 53217K(53440K)->53217K(53440K) Class: 9032K(9088K)->9032K(9088K)
[13954.193s][info][gc             ] GC(32344) Pause Young (Allocation Failure) 522M->443M(524M) 3.090ms
[13954.193s][info][gc,cpu         ] GC(32344) User=0.01s Sys=0.00s Real=0.00s
[13954.694s][info][gc,start       ] GC(32345) Pause Young (Allocation Failure)
[13954.697s][info][gc,heap        ] GC(32345) PSYoungGen: 83104K(84480K)->1312K(84480K) Eden: 81920K(81920K)->0K(81920K) From: 1184K(2560K)->1312K(2560K)
[13954.697s][info][gc,heap        ] GC(32345) ParOldGen: 452522K(452608K)->452578K(452608K)
[13954.697s][info][gc,metaspace   ] GC(32345) Metaspace: 62250K(62528K)->62250K(62528K) NonClass: 53217K(53440K)->53217K(53440K) Class: 9032K(9088K)->9032K(9088K)
[13954.697s][info][gc             ] GC(32345) Pause Young (Allocation Failure) 523M->443M(524M) 3.127ms
[13954.697s][info][gc,cpu         ] GC(32345) User=0.00s Sys=0.00s Real=0.01s
[13955.155s][info][gc,start       ] GC(32346) Pause Young (Allocation Failure)
[13955.158s][info][gc,heap        ] GC(32346) PSYoungGen: 83232K(84480K)->704K(84480K) Eden: 81920K(81920K)->0K(81920K) From: 1312K(2560K)->704K(2560K)
[13955.158s][info][gc,heap        ] GC(32346) ParOldGen: 452578K(452608K)->452682K(453120K)
[13955.158s][info][gc,metaspace   ] GC(32346) Metaspace: 62250K(62528K)->62250K(62528K) NonClass: 53217K(53440K)->53217K(53440K) Class: 9032K(9088K)->9032K(9088K)
[13955.158s][info][gc             ] GC(32346) Pause Young (Allocation Failure) 523M->442M(525M) 2.771ms
[13955.158s][info][gc,cpu         ] GC(32346) User=0.01s Sys=0.00s Real=0.01s
[13955.601s][info][gc,start       ] GC(32347) Pause Young (Allocation Failure)
[13955.604s][info][gc,heap        ] GC(32347) PSYoungGen: 82624K(84480K)->1504K(84480K) Eden: 81920K(81920K)->0K(81920K) From: 704K(2560K)->1504K(2560K)
[13955.605s][info][gc,heap        ] GC(32347) ParOldGen: 452682K(453120K)->452738K(453120K)
[13955.605s][info][gc,metaspace   ] GC(32347) Metaspace: 62250K(62528K)->62250K(62528K) NonClass: 53217K(53440K)->53217K(53440K) Class: 9032K(9088K)->9032K(9088K)
[13955.605s][info][gc             ] GC(32347) Pause Young (Allocation Failure) 522M->443M(525M) 3.263ms
[13955.605s][info][gc,cpu         ] GC(32347) User=0.01s Sys=0.00s Real=0.00s
[13956.025s][info][gc,start       ] GC(32348) Pause Young (Allocation Failure)
[13956.027s][info][gc,heap        ] GC(32348) PSYoungGen: 83424K(84480K)->2304K(84480K) Eden: 81920K(81920K)->0K(81920K) From: 1504K(2560K)->2304K(2560K)
[13956.027s][info][gc,heap        ] GC(32348) ParOldGen: 452738K(453120K)->452794K(453120K)
[13956.027s][info][gc,metaspace   ] GC(32348) Metaspace: 62250K(62528K)->62250K(62528K) NonClass: 53217K(53440K)->53217K(53440K) Class: 9032K(9088K)->9032K(9088K)
[13956.027s][info][gc             ] GC(32348) Pause Young (Allocation Failure) 523M->444M(525M) 2.443ms
[13956.027s][info][gc,cpu         ] GC(32348) User=0.01s Sys=0.00s Real=0.01s
[13956.442s][info][gc,start       ] GC(32349) Pause Young (Allocation Failure)
[13956.446s][info][gc,heap        ] GC(32349) PSYoungGen: 84224K(84480K)->576K(84480K) Eden: 81920K(81920K)->0K(81920K) From: 2304K(2560K)->576K(2560K)
[13956.446s][info][gc,heap        ] GC(32349) ParOldGen: 452794K(453120K)->454898K(456192K)
[13956.446s][info][gc,metaspace   ] GC(32349) Metaspace: 62250K(62528K)->62250K(62528K) NonClass: 53217K(53440K)->53217K(53440K) Class: 9032K(9088K)->9032K(9088K)
[13956.446s][info][gc             ] GC(32349) Pause Young (Allocation Failure) 524M->444M(528M) 3.568ms
[13956.446s][info][gc,cpu         ] GC(32349) User=0.00s Sys=0.00s Real=0.00s
[13956.860s][info][gc,start       ] GC(32350) Pause Young (Allocation Failure)
[13956.863s][info][gc,heap        ] GC(32350) PSYoungGen: 82496K(84480K)->832K(84480K) Eden: 81920K(81920K)->0K(81920K) From: 576K(2560K)->832K(2560K)
[13956.863s][info][gc,heap        ] GC(32350) ParOldGen: 454898K(456192K)->454946K(456192K)
[13956.863s][info][gc,metaspace   ] GC(32350) Metaspace: 62250K(62528K)->62250K(62528K) NonClass: 53217K(53440K)->53217K(53440K) Class: 9032K(9088K)->9032K(9088K)
[13956.863s][info][gc             ] GC(32350) Pause Young (Allocation Failure) 524M->445M(528M) 2.797ms
[13956.863s][info][gc,cpu         ] GC(32350) User=0.01s Sys=0.00s Real=0.00s
[13957.303s][info][gc,start       ] GC(32351) Pause Young (Allocation Failure)
[13957.306s][info][gc,heap        ] GC(32351) PSYoungGen: 82752K(84480K)->1472K(84480K) Eden: 81920K(81920K)->0K(81920K) From: 832K(2560K)->1472K(2560K)
[13957.306s][info][gc,heap        ] GC(32351) ParOldGen: 454946K(456192K)->454994K(456192K)
[13957.306s][info][gc,metaspace   ] GC(32351) Metaspace: 62250K(62528K)->62250K(62528K) NonClass: 53217K(53440K)->53217K(53440K) Class: 9032K(9088K)->9032K(9088K)
[13957.306s][info][gc             ] GC(32351) Pause Young (Allocation Failure) 525M->445M(528M) 3.264ms
[13957.306s][info][gc,cpu         ] GC(32351) User=0.01s Sys=0.00s Real=0.00s
[13957.728s][info][gc,start       ] GC(32352) Pause Young (Allocation Failure)
[13957.730s][info][gc,heap        ] GC(32352) PSYoungGen: 83392K(84480K)->352K(84480K) Eden: 81920K(81920K)->0K(81920K) From: 1472K(2560K)->352K(2560K)
[13957.730s][info][gc,heap        ] GC(32352) ParOldGen: 454994K(456192K)->455050K(456192K)
[13957.730s][info][gc,metaspace   ] GC(32352) Metaspace: 62250K(62528K)->62250K(62528K) NonClass: 53217K(53440K)->53217K(53440K) Class: 9032K(9088K)->9032K(9088K)
[13957.730s][info][gc             ] GC(32352) Pause Young (Allocation Failure) 525M->444M(528M) 2.246ms
[13957.730s][info][gc,cpu         ] GC(32352) User=0.00s Sys=0.00s Real=0.00s
[13958.153s][info][gc,start       ] GC(32353) Pause Young (Allocation Failure)
[13958.155s][info][gc,heap        ] GC(32353) PSYoungGen: 82272K(84480K)->640K(84480K) Eden: 81920K(81920K)->0K(81920K) From: 352K(2560K)->640K(2560K)
[13958.155s][info][gc,heap        ] GC(32353) ParOldGen: 455050K(456192K)->455098K(456192K)
[13958.155s][info][gc,metaspace   ] GC(32353) Metaspace: 62250K(62528K)->62250K(62528K) NonClass: 53217K(53440K)->53217K(53440K) Class: 9032K(9088K)->9032K(9088K)
[13958.155s][info][gc             ] GC(32353) Pause Young (Allocation Failure) 524M->445M(528M) 2.561ms
[13958.155s][info][gc,cpu         ] GC(32353) User=0.01s Sys=0.01s Real=0.00s
[13958.586s][info][gc,start       ] GC(32354) Pause Young (Allocation Failure)
[13958.589s][info][gc,heap        ] GC(32354) PSYoungGen: 82560K(84480K)->1184K(84480K) Eden: 81920K(81920K)->0K(81920K) From: 640K(2560K)->1184K(2560K)
[13958.589s][info][gc,heap        ] GC(32354) ParOldGen: 455098K(456192K)->455146K(456192K)
[13958.589s][info][gc,metaspace   ] GC(32354) Metaspace: 62250K(62528K)->62250K(62528K) NonClass: 53217K(53440K)->53217K(53440K) Class: 9032K(9088K)->9032K(9088K)
[13958.589s][info][gc             ] GC(32354) Pause Young (Allocation Failure) 525M->445M(528M) 3.251ms
[13958.589s][info][gc,cpu         ] GC(32354) User=0.01s Sys=0.00s Real=0.01s
[13958.997s][info][gc,start       ] GC(32355) Pause Young (Allocation Failure)
[13959.000s][info][gc,heap        ] GC(32355) PSYoungGen: 83104K(84480K)->1568K(84480K) Eden: 81920K(81920K)->0K(81920K) From: 1184K(2560K)->1568K(2560K)
[13959.000s][info][gc,heap        ] GC(32355) ParOldGen: 455146K(456192K)->455194K(456192K)
[13959.000s][info][gc,metaspace   ] GC(32355) Metaspace: 62250K(62528K)->62250K(62528K) NonClass: 53217K(53440K)->53217K(53440K) Class: 9032K(9088K)->9032K(9088K)
[13959.000s][info][gc             ] GC(32355) Pause Young (Allocation Failure) 525M->446M(528M) 3.319ms
[13959.000s][info][gc,cpu         ] GC(32355) User=0.01s Sys=0.00s Real=0.00s
[13959.402s][info][gc,start       ] GC(32356) Pause Young (Allocation Failure)
[13959.405s][info][gc,heap        ] GC(32356) PSYoungGen: 83488K(84480K)->1568K(84480K) Eden: 81920K(81920K)->0K(81920K) From: 1568K(2560K)->1568K(2560K)
[13959.405s][info][gc,heap        ] GC(32356) ParOldGen: 455194K(456192K)->455242K(456192K)
[13959.405s][info][gc,metaspace   ] GC(32356) Metaspace: 62250K(62528K)->62250K(62528K) NonClass: 53217K(53440K)->53217K(53440K) Class: 9032K(9088K)->9032K(9088K)
[13959.405s][info][gc             ] GC(32356) Pause Young (Allocation Failure) 526M->446M(528M) 3.544ms
[13959.405s][info][gc,cpu         ] GC(32356) User=0.01s Sys=0.00s Real=0.00s
[13959.828s][info][gc,start       ] GC(32357) Pause Young (Allocation Failure)
[13959.830s][info][gc,heap        ] GC(32357) PSYoungGen: 83488K(84480K)->352K(84480K) Eden: 81920K(81920K)->0K(81920K) From: 1568K(2560K)->352K(2560K)
[13959.830s][info][gc,heap        ] GC(32357) ParOldGen: 455242K(456192K)->455298K(456192K)
[13959.831s][info][gc,metaspace   ] GC(32357) Metaspace: 62250K(62528K)->62250K(62528K) NonClass: 53217K(53440K)->53217K(53440K) Class: 9032K(9088K)->9032K(9088K)
[13959.831s][info][gc             ] GC(32357) Pause Young (Allocation Failure) 526M->444M(528M) 2.379ms
[13959.831s][info][gc,cpu         ] GC(32357) User=0.01s Sys=0.00s Real=0.00s
[13960.248s][info][gc,start       ] GC(32358) Pause Young (Allocation Failure)
[13960.251s][info][gc,heap        ] GC(32358) PSYoungGen: 82272K(84480K)->672K(84480K) Eden: 81920K(81920K)->0K(81920K) From: 352K(2560K)->672K(2560K)
[13960.251s][info][gc,heap        ] GC(32358) ParOldGen: 455298K(456192K)->455346K(456192K)
[13960.251s][info][gc,metaspace   ] GC(32358) Metaspace: 62250K(62528K)->62250K(62528K) NonClass: 53217K(53440K)->53217K(53440K) Class: 9032K(9088K)->9032K(9088K)
[13960.251s][info][gc             ] GC(32358) Pause Young (Allocation Failure) 524M->445M(528M) 2.556ms
[13960.251s][info][gc,cpu         ] GC(32358) User=0.01s Sys=0.00s Real=0.00s
[13960.710s][info][gc,start       ] GC(32359) Pause Young (Allocation Failure)
[13960.714s][info][gc,heap        ] GC(32359) PSYoungGen: 82592K(84480K)->2528K(83456K) Eden: 81920K(81920K)->0K(80896K) From: 672K(2560K)->2528K(2560K)
[13960.714s][info][gc,heap        ] GC(32359) ParOldGen: 455346K(456192K)->456418K(457728K)
[13960.714s][info][gc,metaspace   ] GC(32359) Metaspace: 62250K(62528K)->62250K(62528K) NonClass: 53217K(53440K)->53217K(53440K) Class: 9032K(9088K)->9032K(9088K)
[13960.714s][info][gc             ] GC(32359) Pause Young (Allocation Failure) 525M->448M(528M) 4.067ms
[13960.714s][info][gc,cpu         ] GC(32359) User=0.01s Sys=0.00s Real=0.00s
[13961.127s][info][gc,start       ] GC(32360) Pause Young (Allocation Failure)
[13961.131s][info][gc,heap        ] GC(32360) PSYoungGen: 83424K(83456K)->320K(83968K) Eden: 80896K(80896K)->0K(80896K) From: 2528K(2560K)->320K(3072K)
[13961.131s][info][gc,heap        ] GC(32360) ParOldGen: 456418K(457728K)->458522K(459264K)
[13961.131s][info][gc,metaspace   ] GC(32360) Metaspace: 62250K(62528K)->62250K(62528K) NonClass: 53217K(53440K)->53217K(53440K) Class: 9032K(9088K)->9032K(9088K)
[13961.131s][info][gc             ] GC(32360) Pause Young (Allocation Failure) 527M->448M(530M) 3.542ms
[13961.131s][info][gc,cpu         ] GC(32360) User=0.01s Sys=0.00s Real=0.00s
[13961.517s][info][gc,start       ] GC(32361) Pause Young (Allocation Failure)
[13961.521s][info][gc,heap        ] GC(32361) PSYoungGen: 81216K(83968K)->1824K(83968K) Eden: 80896K(80896K)->0K(80896K) From: 320K(3072K)->1824K(3072K)
[13961.521s][info][gc,heap        ] GC(32361) ParOldGen: 458522K(459264K)->458578K(459264K)
[13961.521s][info][gc,metaspace   ] GC(32361) Metaspace: 62250K(62528K)->62250K(62528K) NonClass: 53217K(53440K)->53217K(53440K) Class: 9032K(9088K)->9032K(9088K)
[13961.521s][info][gc             ] GC(32361) Pause Young (Allocation Failure) 527M->449M(530M) 3.727ms
[13961.521s][info][gc,cpu         ] GC(32361) User=0.01s Sys=0.00s Real=0.00s
[13962.014s][info][gc,start       ] GC(32362) Pause Young (Allocation Failure)
[13962.018s][info][gc,heap        ] GC(32362) PSYoungGen: 82720K(83968K)->1568K(83968K) Eden: 80896K(80896K)->0K(80896K) From: 1824K(3072K)->1568K(3072K)
[13962.018s][info][gc,heap        ] GC(32362) ParOldGen: 458578K(459264K)->458626K(459264K)
[13962.018s][info][gc,metaspace   ] GC(32362) Metaspace: 62250K(62528K)->62250K(62528K) NonClass: 53217K(53440K)->53217K(53440K) Class: 9032K(9088K)->9032K(9088K)
[13962.018s][info][gc             ] GC(32362) Pause Young (Allocation Failure) 528M->449M(530M) 3.445ms
[13962.018s][info][gc,cpu         ] GC(32362) User=0.01s Sys=0.00s Real=0.01s
[13962.478s][info][gc,start       ] GC(32363) Pause Young (Allocation Failure)
[13962.481s][info][gc,heap        ] GC(32363) PSYoungGen: 82464K(83968K)->992K(83968K) Eden: 80896K(80896K)->0K(80896K) From: 1568K(3072K)->992K(3072K)
[13962.481s][info][gc,heap        ] GC(32363) ParOldGen: 458626K(459264K)->458730K(459264K)
[13962.481s][info][gc,metaspace   ] GC(32363) Metaspace: 62250K(62528K)->62250K(62528K) NonClass: 53217K(53440K)->53217K(53440K) Class: 9032K(9088K)->9032K(9088K)
[13962.481s][info][gc             ] GC(32363) Pause Young (Allocation Failure) 528M->448M(530M) 3.125ms
[13962.481s][info][gc,cpu         ] GC(32363) User=0.00s Sys=0.00s Real=0.00s
[13962.980s][info][gc,start       ] GC(32364) Pause Young (Allocation Failure)
[13962.983s][info][gc,heap        ] GC(32364) PSYoungGen: 81888K(83968K)->992K(83968K) Eden: 80896K(80896K)->0K(80896K) From: 992K(3072K)->992K(3072K)
[13962.983s][info][gc,heap        ] GC(32364) ParOldGen: 458730K(459264K)->458786K(459264K)
[13962.983s][info][gc,metaspace   ] GC(32364) Metaspace: 62250K(62528K)->62250K(62528K) NonClass: 53217K(53440K)->53217K(53440K) Class: 9032K(9088K)->9032K(9088K)
[13962.983s][info][gc             ] GC(32364) Pause Young (Allocation Failure) 527M->449M(530M) 2.882ms
[13962.983s][info][gc,cpu         ] GC(32364) User=0.01s Sys=0.00s Real=0.00s
[13963.456s][info][gc,start       ] GC(32365) Pause Young (Allocation Failure)
[13963.459s][info][gc,heap        ] GC(32365) PSYoungGen: 81888K(83968K)->736K(84480K) Eden: 80896K(80896K)->0K(81408K) From: 992K(3072K)->736K(3072K)
[13963.459s][info][gc,heap        ] GC(32365) ParOldGen: 458786K(459264K)->458842K(459264K)
[13963.459s][info][gc,metaspace   ] GC(32365) Metaspace: 62250K(62528K)->62250K(62528K) NonClass: 53217K(53440K)->53217K(53440K) Class: 9032K(9088K)->9032K(9088K)
[13963.459s][info][gc             ] GC(32365) Pause Young (Allocation Failure) 528M->448M(531M) 2.614ms
[13963.459s][info][gc,cpu         ] GC(32365) User=0.01s Sys=0.00s Real=0.00s
[13963.891s][info][gc,start       ] GC(32366) Pause Young (Allocation Failure)
[13963.894s][info][gc,heap        ] GC(32366) PSYoungGen: 82144K(84480K)->1248K(83968K) Eden: 81408K(81408K)->0K(81408K) From: 736K(3072K)->1248K(2560K)
[13963.894s][info][gc,heap        ] GC(32366) ParOldGen: 458842K(459264K)->458890K(459264K)
[13963.894s][info][gc,metaspace   ] GC(32366) Metaspace: 62250K(62528K)->62250K(62528K) NonClass: 53217K(53440K)->53217K(53440K) Class: 9032K(9088K)->9032K(9088K)
[13963.894s][info][gc             ] GC(32366) Pause Young (Allocation Failure) 528M->449M(530M) 3.270ms
[13963.894s][info][gc,cpu         ] GC(32366) User=0.00s Sys=0.00s Real=0.00s
[13964.286s][info][gc,start       ] GC(32367) Pause Young (Allocation Failure)
[13964.289s][info][gc,heap        ] GC(32367) PSYoungGen: 82656K(83968K)->1280K(84480K) Eden: 81408K(81408K)->0K(81920K) From: 1248K(2560K)->1280K(2560K)
[13964.289s][info][gc,heap        ] GC(32367) ParOldGen: 458890K(459264K)->458946K(459264K)
[13964.289s][info][gc,metaspace   ] GC(32367) Metaspace: 62250K(62528K)->62250K(62528K) NonClass: 53217K(53440K)->53217K(53440K) Class: 9032K(9088K)->9032K(9088K)
[13964.289s][info][gc             ] GC(32367) Pause Young (Allocation Failure) 528M->449M(531M) 3.166ms
[13964.289s][info][gc,cpu         ] GC(32367) User=0.01s Sys=0.00s Real=0.01s
[13964.696s][info][gc,start       ] GC(32368) Pause Young (Allocation Failure)
[13964.700s][info][gc,heap        ] GC(32368) PSYoungGen: 83200K(84480K)->1472K(84480K) Eden: 81920K(81920K)->0K(81920K) From: 1280K(2560K)->1472K(2560K)
[13964.700s][info][gc,heap        ] GC(32368) ParOldGen: 458946K(459264K)->458994K(459264K)
[13964.700s][info][gc,metaspace   ] GC(32368) Metaspace: 62250K(62528K)->62250K(62528K) NonClass: 53217K(53440K)->53217K(53440K) Class: 9032K(9088K)->9032K(9088K)
[13964.700s][info][gc             ] GC(32368) Pause Young (Allocation Failure) 529M->449M(531M) 3.472ms
[13964.700s][info][gc,cpu         ] GC(32368) User=0.01s Sys=0.00s Real=0.01s
[13965.162s][info][gc,start       ] GC(32369) Pause Young (Allocation Failure)
[13965.165s][info][gc,heap        ] GC(32369) PSYoungGen: 83392K(84480K)->832K(84480K) Eden: 81920K(81920K)->0K(81920K) From: 1472K(2560K)->832K(2560K)
[13965.165s][info][gc,heap        ] GC(32369) ParOldGen: 458994K(459264K)->459050K(459264K)
[13965.165s][info][gc,metaspace   ] GC(32369) Metaspace: 62250K(62528K)->62250K(62528K) NonClass: 53217K(53440K)->53217K(53440K) Class: 9032K(9088K)->9032K(9088K)
[13965.165s][info][gc             ] GC(32369) Pause Young (Allocation Failure) 529M->449M(531M) 2.838ms
[13965.165s][info][gc,cpu         ] GC(32369) User=0.00s Sys=0.00s Real=0.00s
[13965.621s][info][gc,start       ] GC(32370) Pause Young (Allocation Failure)
[13965.623s][info][gc,heap        ] GC(32370) PSYoungGen: 82752K(84480K)->2304K(84480K) Eden: 81920K(81920K)->0K(81920K) From: 832K(2560K)->2304K(2560K)
[13965.623s][info][gc,heap        ] GC(32370) ParOldGen: 459050K(459264K)->459106K(459264K)
[13965.623s][info][gc,metaspace   ] GC(32370) Metaspace: 62250K(62528K)->62250K(62528K) NonClass: 53217K(53440K)->53217K(53440K) Class: 9032K(9088K)->9032K(9088K)
[13965.623s][info][gc             ] GC(32370) Pause Young (Allocation Failure) 529M->450M(531M) 2.518ms
[13965.623s][info][gc,cpu         ] GC(32370) User=0.01s Sys=0.00s Real=0.00s
[13966.039s][info][gc,start       ] GC(32371) Pause Young (Allocation Failure)
[13966.042s][info][gc,heap        ] GC(32371) PSYoungGen: 84224K(84480K)->512K(83456K) Eden: 81920K(81920K)->0K(80896K) From: 2304K(2560K)->512K(2560K)
[13966.043s][info][gc,heap        ] GC(32371) ParOldGen: 459106K(459264K)->461210K(462336K)
[13966.043s][info][gc,metaspace   ] GC(32371) Metaspace: 62250K(62528K)->62250K(62528K) NonClass: 53217K(53440K)->53217K(53440K) Class: 9032K(9088K)->9032K(9088K)
[13966.043s][info][gc             ] GC(32371) Pause Young (Allocation Failure) 530M->450M(533M) 3.691ms
[13966.043s][info][gc,cpu         ] GC(32371) User=0.01s Sys=0.01s Real=0.00s
[13966.481s][info][gc,start       ] GC(32372) Pause Young (Allocation Failure)
[13966.484s][info][gc,heap        ] GC(32372) PSYoungGen: 81408K(83456K)->960K(83968K) Eden: 80896K(80896K)->0K(80896K) From: 512K(2560K)->960K(3072K)
[13966.484s][info][gc,heap        ] GC(32372) ParOldGen: 461210K(462336K)->461266K(462336K)
[13966.484s][info][gc,metaspace   ] GC(32372) Metaspace: 62250K(62528K)->62250K(62528K) NonClass: 53217K(53440K)->53217K(53440K) Class: 9032K(9088K)->9032K(9088K)
[13966.484s][info][gc             ] GC(32372) Pause Young (Allocation Failure) 529M->451M(533M) 2.992ms
[13966.484s][info][gc,cpu         ] GC(32372) User=0.01s Sys=0.00s Real=0.00s
[13966.937s][info][gc,start       ] GC(32373) Pause Young (Allocation Failure)
[13966.939s][info][gc,heap        ] GC(32373) PSYoungGen: 81856K(83968K)->448K(84480K) Eden: 80896K(80896K)->0K(81920K) From: 960K(3072K)->448K(2560K)
[13966.939s][info][gc,heap        ] GC(32373) ParOldGen: 461266K(462336K)->461314K(462336K)
[13966.939s][info][gc,metaspace   ] GC(32373) Metaspace: 62250K(62528K)->62250K(62528K) NonClass: 53217K(53440K)->53217K(53440K) Class: 9032K(9088K)->9032K(9088K)
[13966.939s][info][gc             ] GC(32373) Pause Young (Allocation Failure) 530M->450M(534M) 2.429ms
[13966.939s][info][gc,cpu         ] GC(32373) User=0.00s Sys=0.00s Real=0.00s
[13967.365s][info][gc,start       ] GC(32374) Pause Young (Allocation Failure)
[13967.367s][info][gc,heap        ] GC(32374) PSYoungGen: 82368K(84480K)->896K(84480K) Eden: 81920K(81920K)->0K(81920K) From: 448K(2560K)->896K(2560K)
[13967.367s][info][gc,heap        ] GC(32374) ParOldGen: 461314K(462336K)->461370K(462336K)
[13967.367s][info][gc,metaspace   ] GC(32374) Metaspace: 62250K(62528K)->62250K(62528K) NonClass: 53217K(53440K)->53217K(53440K) Class: 9032K(9088K)->9032K(9088K)
[13967.367s][info][gc             ] GC(32374) Pause Young (Allocation Failure) 530M->451M(534M) 2.696ms
[13967.367s][info][gc,cpu         ] GC(32374) User=0.00s Sys=0.00s Real=0.01s
[13967.777s][info][gc,start       ] GC(32375) Pause Young (Allocation Failure)
[13967.780s][info][gc,heap        ] GC(32375) PSYoungGen: 82816K(84480K)->1152K(84480K) Eden: 81920K(81920K)->0K(81920K) From: 896K(2560K)->1152K(2560K)
[13967.780s][info][gc,heap        ] GC(32375) ParOldGen: 461370K(462336K)->461426K(462336K)
[13967.780s][info][gc,metaspace   ] GC(32375) Metaspace: 62250K(62528K)->62250K(62528K) NonClass: 53217K(53440K)->53217K(53440K) Class: 9032K(9088K)->9032K(9088K)
[13967.780s][info][gc             ] GC(32375) Pause Young (Allocation Failure) 531M->451M(534M) 2.969ms
[13967.780s][info][gc,cpu         ] GC(32375) User=0.00s Sys=0.00s Real=0.00s
[13968.192s][info][gc,start       ] GC(32376) Pause Young (Allocation Failure)
[13968.195s][info][gc,heap        ] GC(32376) PSYoungGen: 83072K(84480K)->1376K(84480K) Eden: 81920K(81920K)->0K(81920K) From: 1152K(2560K)->1376K(2560K)
[13968.195s][info][gc,heap        ] GC(32376) ParOldGen: 461426K(462336K)->461482K(462336K)
[13968.195s][info][gc,metaspace   ] GC(32376) Metaspace: 62250K(62528K)->62250K(62528K) NonClass: 53217K(53440K)->53217K(53440K) Class: 9032K(9088K)->9032K(9088K)
[13968.195s][info][gc             ] GC(32376) Pause Young (Allocation Failure) 531M->452M(534M) 3.190ms
[13968.195s][info][gc,cpu         ] GC(32376) User=0.00s Sys=0.00s Real=0.00s
[13968.614s][info][gc,start       ] GC(32377) Pause Young (Allocation Failure)
[13968.617s][info][gc,heap        ] GC(32377) PSYoungGen: 83295K(84480K)->1664K(84480K) Eden: 81919K(81920K)->0K(81920K) From: 1376K(2560K)->1664K(2560K)
[13968.617s][info][gc,heap        ] GC(32377) ParOldGen: 461482K(462336K)->461530K(462336K)
[13968.617s][info][gc,metaspace   ] GC(32377) Metaspace: 62250K(62528K)->62250K(62528K) NonClass: 53217K(53440K)->53217K(53440K) Class: 9032K(9088K)->9032K(9088K)
[13968.617s][info][gc             ] GC(32377) Pause Young (Allocation Failure) 532M->452M(534M) 3.475ms
[13968.617s][info][gc,cpu         ] GC(32377) User=0.01s Sys=0.00s Real=0.01s
[13969.069s][info][gc,start       ] GC(32378) Pause Young (Allocation Failure)
[13969.072s][info][gc,heap        ] GC(32378) PSYoungGen: 83584K(84480K)->416K(84480K) Eden: 81920K(81920K)->0K(81920K) From: 1664K(2560K)->416K(2560K)
[13969.072s][info][gc,heap        ] GC(32378) ParOldGen: 461530K(462336K)->461578K(462336K)
[13969.072s][info][gc,metaspace   ] GC(32378) Metaspace: 62250K(62528K)->62250K(62528K) NonClass: 53217K(53440K)->53217K(53440K) Class: 9032K(9088K)->9032K(9088K)
[13969.072s][info][gc             ] GC(32378) Pause Young (Allocation Failure) 532M->451M(534M) 2.426ms
[13969.072s][info][gc,cpu         ] GC(32378) User=0.00s Sys=0.00s Real=0.00s
[13969.554s][info][gc,start       ] GC(32379) Pause Young (Allocation Failure)
[13969.557s][info][gc,heap        ] GC(32379) PSYoungGen: 82336K(84480K)->704K(84480K) Eden: 81920K(81920K)->0K(81920K) From: 416K(2560K)->704K(2560K)
[13969.557s][info][gc,heap        ] GC(32379) ParOldGen: 461578K(462336K)->461682K(462336K)
[13969.557s][info][gc,metaspace   ] GC(32379) Metaspace: 62250K(62528K)->62250K(62528K) NonClass: 53217K(53440K)->53217K(53440K) Class: 9032K(9088K)->9032K(9088K)
[13969.557s][info][gc             ] GC(32379) Pause Young (Allocation Failure) 531M->451M(534M) 2.626ms
[13969.557s][info][gc,cpu         ] GC(32379) User=0.01s Sys=0.00s Real=0.01s
[13970.007s][info][gc,start       ] GC(32380) Pause Young (Allocation Failure)
[13970.011s][info][gc,heap        ] GC(32380) PSYoungGen: 82624K(84480K)->2464K(84480K) Eden: 81920K(81920K)->0K(81920K) From: 704K(2560K)->2464K(2560K)
[13970.011s][info][gc,heap        ] GC(32380) ParOldGen: 461682K(462336K)->462762K(463872K)
[13970.011s][info][gc,metaspace   ] GC(32380) Metaspace: 62250K(62528K)->62250K(62528K) NonClass: 53217K(53440K)->53217K(53440K) Class: 9032K(9088K)->9032K(9088K)
[13970.011s][info][gc             ] GC(32380) Pause Young (Allocation Failure) 531M->454M(535M) 4.069ms
[13970.011s][info][gc,cpu         ] GC(32380) User=0.00s Sys=0.00s Real=0.00s
[13970.462s][info][gc,start       ] GC(32381) Pause Young (Allocation Failure)
[13970.466s][info][gc,heap        ] GC(32381) PSYoungGen: 84384K(84480K)->832K(83456K) Eden: 81920K(81920K)->0K(80896K) From: 2464K(2560K)->832K(2560K)
[13970.466s][info][gc,heap        ] GC(32381) ParOldGen: 462762K(463872K)->464858K(465408K)
[13970.466s][info][gc,metaspace   ] GC(32381) Metaspace: 62250K(62528K)->62250K(62528K) NonClass: 53217K(53440K)->53217K(53440K) Class: 9032K(9088K)->9032K(9088K)
[13970.466s][info][gc             ] GC(32381) Pause Young (Allocation Failure) 534M->454M(536M) 3.899ms
[13970.466s][info][gc,cpu         ] GC(32381) User=0.01s Sys=0.01s Real=0.00s
[13970.901s][info][gc,start       ] GC(32382) Pause Young (Allocation Failure)
[13970.904s][info][gc,heap        ] GC(32382) PSYoungGen: 81728K(83456K)->1280K(83968K) Eden: 80896K(80896K)->0K(80896K) From: 832K(2560K)->1280K(3072K)
[13970.904s][info][gc,heap        ] GC(32382) ParOldGen: 464858K(465408K)->464914K(465408K)
[13970.904s][info][gc,metaspace   ] GC(32382) Metaspace: 62250K(62528K)->62250K(62528K) NonClass: 53217K(53440K)->53217K(53440K) Class: 9032K(9088K)->9032K(9088K)
[13970.904s][info][gc             ] GC(32382) Pause Young (Allocation Failure) 533M->455M(536M) 3.277ms
[13970.904s][info][gc,cpu         ] GC(32382) User=0.01s Sys=0.00s Real=0.00s
[13971.368s][info][gc,start       ] GC(32383) Pause Young (Allocation Failure)
[13971.371s][info][gc,heap        ] GC(32383) PSYoungGen: 82176K(83968K)->960K(84480K) Eden: 80896K(80896K)->0K(81920K) From: 1280K(3072K)->960K(2560K)
[13971.371s][info][gc,heap        ] GC(32383) ParOldGen: 464914K(465408K)->464970K(465408K)
[13971.371s][info][gc,metaspace   ] GC(32383) Metaspace: 62250K(62528K)->62250K(62528K) NonClass: 53217K(53440K)->53217K(53440K) Class: 9032K(9088K)->9032K(9088K)
[13971.371s][info][gc             ] GC(32383) Pause Young (Allocation Failure) 534M->455M(537M) 2.809ms
[13971.371s][info][gc,cpu         ] GC(32383) User=0.00s Sys=0.00s Real=0.00s
[13971.793s][info][gc,start       ] GC(32384) Pause Young (Allocation Failure)
[13971.796s][info][gc,heap        ] GC(32384) PSYoungGen: 82880K(84480K)->1312K(84480K) Eden: 81920K(81920K)->0K(81920K) From: 960K(2560K)->1312K(2560K)
[13971.796s][info][gc,heap        ] GC(32384) ParOldGen: 464970K(465408K)->465026K(465408K)
[13971.796s][info][gc,metaspace   ] GC(32384) Metaspace: 62250K(62528K)->62250K(62528K) NonClass: 53217K(53440K)->53217K(53440K) Class: 9032K(9088K)->9032K(9088K)
[13971.797s][info][gc             ] GC(32384) Pause Young (Allocation Failure) 535M->455M(537M) 3.309ms
[13971.797s][info][gc,cpu         ] GC(32384) User=0.01s Sys=0.00s Real=0.01s
[13972.190s][info][gc,start       ] GC(32385) Pause Young (Allocation Failure)
[13972.193s][info][gc,heap        ] GC(32385) PSYoungGen: 83232K(84480K)->1344K(84480K) Eden: 81920K(81920K)->0K(81920K) From: 1312K(2560K)->1344K(2560K)
[13972.193s][info][gc,heap        ] GC(32385) ParOldGen: 465026K(465408K)->465074K(465408K)
[13972.193s][info][gc,metaspace   ] GC(32385) Metaspace: 62250K(62528K)->62250K(62528K) NonClass: 53217K(53440K)->53217K(53440K) Class: 9032K(9088K)->9032K(9088K)
[13972.193s][info][gc             ] GC(32385) Pause Young (Allocation Failure) 535M->455M(537M) 3.167ms
[13972.193s][info][gc,cpu         ] GC(32385) User=0.00s Sys=0.00s Real=0.00s
[13972.608s][info][gc,start       ] GC(32386) Pause Young (Allocation Failure)
[13972.612s][info][gc,heap        ] GC(32386) PSYoungGen: 83264K(84480K)->1472K(84480K) Eden: 81920K(81920K)->0K(81920K) From: 1344K(2560K)->1472K(2560K)
[13972.612s][info][gc,heap        ] GC(32386) ParOldGen: 465074K(465408K)->465122K(465408K)
[13972.612s][info][gc,metaspace   ] GC(32386) Metaspace: 62250K(62528K)->62250K(62528K) NonClass: 53217K(53440K)->53217K(53440K) Class: 9032K(9088K)->9032K(9088K)
[13972.612s][info][gc             ] GC(32386) Pause Young (Allocation Failure) 535M->455M(537M) 3.412ms
[13972.612s][info][gc,cpu         ] GC(32386) User=0.00s Sys=0.00s Real=0.00s
[13973.066s][info][gc,start       ] GC(32387) Pause Young (Allocation Failure)
[13973.069s][info][gc,heap        ] GC(32387) PSYoungGen: 83392K(84480K)->960K(84480K) Eden: 81920K(81920K)->0K(81920K) From: 1472K(2560K)->960K(2560K)
[13973.069s][info][gc,heap        ] GC(32387) ParOldGen: 465122K(465408K)->465178K(465408K)
[13973.069s][info][gc,metaspace   ] GC(32387) Metaspace: 62250K(62528K)->62250K(62528K) NonClass: 53217K(53440K)->53217K(53440K) Class: 9032K(9088K)->9032K(9088K)
[13973.069s][info][gc             ] GC(32387) Pause Young (Allocation Failure) 535M->455M(537M) 2.802ms
[13973.069s][info][gc,cpu         ] GC(32387) User=0.00s Sys=0.00s Real=0.01s
[13973.481s][info][gc,start       ] GC(32388) Pause Young (Allocation Failure)
[13973.484s][info][gc,heap        ] GC(32388) PSYoungGen: 82880K(84480K)->1152K(84480K) Eden: 81920K(81920K)->0K(81920K) From: 960K(2560K)->1152K(2560K)
[13973.484s][info][gc,heap        ] GC(32388) ParOldGen: 465178K(465408K)->465226K(465408K)
[13973.484s][info][gc,metaspace   ] GC(32388) Metaspace: 62250K(62528K)->62250K(62528K) NonClass: 53217K(53440K)->53217K(53440K) Class: 9032K(9088K)->9032K(9088K)
[13973.485s][info][gc             ] GC(32388) Pause Young (Allocation Failure) 535M->455M(537M) 3.091ms
[13973.485s][info][gc,cpu         ] GC(32388) User=0.01s Sys=0.00s Real=0.00s
[13973.904s][info][gc,start       ] GC(32389) Pause Young (Allocation Failure)
[13973.907s][info][gc,heap        ] GC(32389) PSYoungGen: 83072K(84480K)->1568K(84480K) Eden: 81920K(81920K)->0K(81920K) From: 1152K(2560K)->1568K(2560K)
[13973.907s][info][gc,heap        ] GC(32389) ParOldGen: 465226K(465408K)->465274K(465408K)
[13973.907s][info][gc,metaspace   ] GC(32389) Metaspace: 62250K(62528K)->62250K(62528K) NonClass: 53217K(53440K)->53217K(53440K) Class: 9032K(9088K)->9032K(9088K)
[13973.907s][info][gc             ] GC(32389) Pause Young (Allocation Failure) 535M->455M(537M) 3.608ms
[13973.907s][info][gc,cpu         ] GC(32389) User=0.01s Sys=0.00s Real=0.01s
[13974.375s][info][gc,start       ] GC(32390) Pause Young (Allocation Failure)
[13974.378s][info][gc,heap        ] GC(32390) PSYoungGen: 83488K(84480K)->960K(84480K) Eden: 81920K(81920K)->0K(81920K) From: 1568K(2560K)->960K(2560K)
[13974.378s][info][gc,heap        ] GC(32390) ParOldGen: 465274K(465408K)->465330K(465408K)
[13974.378s][info][gc,metaspace   ] GC(32390) Metaspace: 62250K(62528K)->62250K(62528K) NonClass: 53217K(53440K)->53217K(53440K) Class: 9032K(9088K)->9032K(9088K)
[13974.378s][info][gc             ] GC(32390) Pause Young (Allocation Failure) 535M->455M(537M) 2.950ms
[13974.378s][info][gc,cpu         ] GC(32390) User=0.01s Sys=0.00s Real=0.01s
[13974.825s][info][gc,start       ] GC(32391) Pause Young (Allocation Failure)
[13974.828s][info][gc,heap        ] GC(32391) PSYoungGen: 82880K(84480K)->2336K(84480K) Eden: 81920K(81920K)->0K(81920K) From: 960K(2560K)->2336K(2560K)
[13974.828s][info][gc,heap        ] GC(32391) ParOldGen: 465330K(465408K)->465386K(465408K)
[13974.828s][info][gc,metaspace   ] GC(32391) Metaspace: 62250K(62528K)->62250K(62528K) NonClass: 53217K(53440K)->53217K(53440K) Class: 9032K(9088K)->9032K(9088K)
[13974.828s][info][gc             ] GC(32391) Pause Young (Allocation Failure) 535M->456M(537M) 2.536ms
[13974.828s][info][gc,cpu         ] GC(32391) User=0.00s Sys=0.00s Real=0.01s
[13975.237s][info][gc,start       ] GC(32392) Pause Young (Allocation Failure)
[13975.241s][info][gc,heap        ] GC(32392) PSYoungGen: 84256K(84480K)->512K(84480K) Eden: 81920K(81920K)->0K(81920K) From: 2336K(2560K)->512K(2560K)
[13975.241s][info][gc,heap        ] GC(32392) ParOldGen: 465386K(465408K)->467482K(468480K)
[13975.241s][info][gc,metaspace   ] GC(32392) Metaspace: 62250K(62528K)->62250K(62528K) NonClass: 53217K(53440K)->53217K(53440K) Class: 9032K(9088K)->9032K(9088K)
[13975.241s][info][gc             ] GC(32392) Pause Young (Allocation Failure) 536M->457M(540M) 3.645ms
[13975.241s][info][gc,cpu         ] GC(32392) User=0.00s Sys=0.00s Real=0.00s
[13975.683s][info][gc,start       ] GC(32393) Pause Young (Allocation Failure)
[13975.686s][info][gc,heap        ] GC(32393) PSYoungGen: 82432K(84480K)->1152K(84480K) Eden: 81920K(81920K)->0K(81920K) From: 512K(2560K)->1152K(2560K)
[13975.686s][info][gc,heap        ] GC(32393) ParOldGen: 467482K(468480K)->467538K(468480K)
[13975.686s][info][gc,metaspace   ] GC(32393) Metaspace: 62250K(62528K)->62250K(62528K) NonClass: 53217K(53440K)->53217K(53440K) Class: 9032K(9088K)->9032K(9088K)
[13975.686s][info][gc             ] GC(32393) Pause Young (Allocation Failure) 537M->457M(540M) 3.007ms
[13975.686s][info][gc,cpu         ] GC(32393) User=0.01s Sys=0.00s Real=0.00s
[13976.094s][info][gc,start       ] GC(32394) Pause Young (Allocation Failure)
[13976.097s][info][gc,heap        ] GC(32394) PSYoungGen: 83072K(84480K)->1440K(84480K) Eden: 81920K(81920K)->0K(81920K) From: 1152K(2560K)->1440K(2560K)
[13976.098s][info][gc,heap        ] GC(32394) ParOldGen: 467538K(468480K)->467594K(468480K)
[13976.098s][info][gc,metaspace   ] GC(32394) Metaspace: 62250K(62528K)->62250K(62528K) NonClass: 53217K(53440K)->53217K(53440K) Class: 9032K(9088K)->9032K(9088K)
[13976.098s][info][gc             ] GC(32394) Pause Young (Allocation Failure) 537M->458M(540M) 3.388ms
[13976.098s][info][gc,cpu         ] GC(32394) User=0.01s Sys=0.00s Real=0.01s
[13976.573s][info][gc,start       ] GC(32395) Pause Young (Allocation Failure)
[13976.576s][info][gc,heap        ] GC(32395) PSYoungGen: 83360K(84480K)->992K(84480K) Eden: 81920K(81920K)->0K(81920K) From: 1440K(2560K)->992K(2560K)
[13976.576s][info][gc,heap        ] GC(32395) ParOldGen: 467594K(468480K)->467642K(468480K)
[13976.576s][info][gc,metaspace   ] GC(32395) Metaspace: 62250K(62528K)->62250K(62528K) NonClass: 53217K(53440K)->53217K(53440K) Class: 9032K(9088K)->9032K(9088K)
[13976.576s][info][gc             ] GC(32395) Pause Young (Allocation Failure) 538M->457M(540M) 2.926ms
[13976.576s][info][gc,cpu         ] GC(32395) User=0.01s Sys=0.00s Real=0.00s
[13977.008s][info][gc,start       ] GC(32396) Pause Young (Allocation Failure)
[13977.011s][info][gc,heap        ] GC(32396) PSYoungGen: 82912K(84480K)->1664K(84480K) Eden: 81920K(81920K)->0K(81920K) From: 992K(2560K)->1664K(2560K)
[13977.011s][info][gc,heap        ] GC(32396) ParOldGen: 467642K(468480K)->467738K(468480K)
[13977.011s][info][gc,metaspace   ] GC(32396) Metaspace: 62250K(62528K)->62250K(62528K) NonClass: 53217K(53440K)->53217K(53440K) Class: 9032K(9088K)->9032K(9088K)
[13977.011s][info][gc             ] GC(32396) Pause Young (Allocation Failure) 537M->458M(540M) 3.438ms
[13977.011s][info][gc,cpu         ] GC(32396) User=0.01s Sys=0.00s Real=0.00s
[13977.442s][info][gc,start       ] GC(32397) Pause Young (Allocation Failure)
[13977.445s][info][gc,heap        ] GC(32397) PSYoungGen: 83584K(84480K)->512K(84480K) Eden: 81920K(81920K)->0K(81920K) From: 1664K(2560K)->512K(2560K)
[13977.445s][info][gc,heap        ] GC(32397) ParOldGen: 467738K(468480K)->467786K(468480K)
[13977.445s][info][gc,metaspace   ] GC(32397) Metaspace: 62250K(62528K)->62250K(62528K) NonClass: 53217K(53440K)->53217K(53440K) Class: 9032K(9088K)->9032K(9088K)
[13977.445s][info][gc             ] GC(32397) Pause Young (Allocation Failure) 538M->457M(540M) 2.639ms
[13977.445s][info][gc,cpu         ] GC(32397) User=0.00s Sys=0.00s Real=0.00s
[13977.872s][info][gc,start       ] GC(32398) Pause Young (Allocation Failure)
[13977.874s][info][gc,heap        ] GC(32398) PSYoungGen: 82432K(84480K)->1056K(84480K) Eden: 81920K(81920K)->0K(81920K) From: 512K(2560K)->1056K(2560K)
[13977.874s][info][gc,heap        ] GC(32398) ParOldGen: 467786K(468480K)->467834K(468480K)
[13977.874s][info][gc,metaspace   ] GC(32398) Metaspace: 62250K(62528K)->62250K(62528K) NonClass: 53217K(53440K)->53217K(53440K) Class: 9032K(9088K)->9032K(9088K)
[13977.875s][info][gc             ] GC(32398) Pause Young (Allocation Failure) 537M->457M(540M) 3.021ms
[13977.875s][info][gc,cpu         ] GC(32398) User=0.01s Sys=0.00s Real=0.00s
[13978.292s][info][gc,start       ] GC(32399) Pause Young (Allocation Failure)
[13978.295s][info][gc,heap        ] GC(32399) PSYoungGen: 82976K(84480K)->1280K(84480K) Eden: 81920K(81920K)->0K(81920K) From: 1056K(2560K)->1280K(2560K)
[13978.295s][info][gc,heap        ] GC(32399) ParOldGen: 467834K(468480K)->467890K(468480K)
[13978.295s][info][gc,metaspace   ] GC(32399) Metaspace: 62250K(62528K)->62250K(62528K) NonClass: 53217K(53440K)->53217K(53440K) Class: 9032K(9088K)->9032K(9088K)
[13978.295s][info][gc             ] GC(32399) Pause Young (Allocation Failure) 537M->458M(540M) 3.107ms
[13978.295s][info][gc,cpu         ] GC(32399) User=0.00s Sys=0.00s Real=0.00s
[13978.710s][info][gc,start       ] GC(32400) Pause Young (Allocation Failure)
[13978.714s][info][gc,heap        ] GC(32400) PSYoungGen: 83200K(84480K)->1600K(84480K) Eden: 81920K(81920K)->0K(81920K) From: 1280K(2560K)->1600K(2560K)
[13978.714s][info][gc,heap        ] GC(32400) ParOldGen: 467890K(468480K)->467938K(468480K)
[13978.714s][info][gc,metaspace   ] GC(32400) Metaspace: 62250K(62528K)->62250K(62528K) NonClass: 53217K(53440K)->53217K(53440K) Class: 9032K(9088K)->9032K(9088K)
[13978.714s][info][gc             ] GC(32400) Pause Young (Allocation Failure) 538M->458M(540M) 3.444ms
[13978.714s][info][gc,cpu         ] GC(32400) User=0.01s Sys=0.00s Real=0.00s
[13979.146s][info][gc,start       ] GC(32401) Pause Young (Allocation Failure)
[13979.149s][info][gc,heap        ] GC(32401) PSYoungGen: 83520K(84480K)->1696K(84480K) Eden: 81920K(81920K)->0K(81920K) From: 1600K(2560K)->1696K(2560K)
[13979.149s][info][gc,heap        ] GC(32401) ParOldGen: 467938K(468480K)->469018K(470016K)
[13979.149s][info][gc,metaspace   ] GC(32401) Metaspace: 62250K(62528K)->62250K(62528K) NonClass: 53217K(53440K)->53217K(53440K) Class: 9032K(9088K)->9032K(9088K)
[13979.149s][info][gc             ] GC(32401) Pause Young (Allocation Failure) 538M->459M(541M) 3.341ms
[13979.149s][info][gc,cpu         ] GC(32401) User=0.01s Sys=0.00s Real=0.01s
[13979.567s][info][gc,start       ] GC(32402) Pause Young (Allocation Failure)
[13979.571s][info][gc,heap        ] GC(32402) PSYoungGen: 83616K(84480K)->960K(84480K) Eden: 81920K(81920K)->0K(81920K) From: 1696K(2560K)->960K(2560K)
[13979.571s][info][gc,heap        ] GC(32402) ParOldGen: 469018K(470016K)->471114K(471552K)
[13979.571s][info][gc,metaspace   ] GC(32402) Metaspace: 62250K(62528K)->62250K(62528K) NonClass: 53217K(53440K)->53217K(53440K) Class: 9032K(9088K)->9032K(9088K)
[13979.571s][info][gc             ] GC(32402) Pause Young (Allocation Failure) 539M->461M(543M) 4.065ms
[13979.571s][info][gc,cpu         ] GC(32402) User=0.01s Sys=0.00s Real=0.00s
[13979.998s][info][gc,start       ] GC(32403) Pause Young (Allocation Failure)
[13980.002s][info][gc,heap        ] GC(32403) PSYoungGen: 82880K(84480K)->1440K(84480K) Eden: 81920K(81920K)->0K(81920K) From: 960K(2560K)->1440K(2560K)
[13980.002s][info][gc,heap        ] GC(32403) ParOldGen: 471114K(471552K)->471162K(471552K)
[13980.002s][info][gc,metaspace   ] GC(32403) Metaspace: 62250K(62528K)->62250K(62528K) NonClass: 53217K(53440K)->53217K(53440K) Class: 9032K(9088K)->9032K(9088K)
[13980.002s][info][gc             ] GC(32403) Pause Young (Allocation Failure) 541M->461M(543M) 3.519ms
[13980.002s][info][gc,cpu         ] GC(32403) User=0.00s Sys=0.00s Real=0.00s
[13980.431s][info][gc,start       ] GC(32404) Pause Young (Allocation Failure)
[13980.434s][info][gc,heap        ] GC(32404) PSYoungGen: 83360K(84480K)->384K(84480K) Eden: 81920K(81920K)->0K(81920K) From: 1440K(2560K)->384K(2560K)
[13980.434s][info][gc,heap        ] GC(32404) ParOldGen: 471162K(471552K)->471218K(471552K)
[13980.434s][info][gc,metaspace   ] GC(32404) Metaspace: 62250K(62528K)->62250K(62528K) NonClass: 53217K(53440K)->53217K(53440K) Class: 9032K(9088K)->9032K(9088K)
[13980.434s][info][gc             ] GC(32404) Pause Young (Allocation Failure) 541M->460M(543M) 2.483ms
[13980.434s][info][gc,cpu         ] GC(32404) User=0.01s Sys=0.00s Real=0.00s
[13980.860s][info][gc,start       ] GC(32405) Pause Young (Allocation Failure)
[13980.863s][info][gc,heap        ] GC(32405) PSYoungGen: 82304K(84480K)->768K(84480K) Eden: 81920K(81920K)->0K(81920K) From: 384K(2560K)->768K(2560K)
[13980.863s][info][gc,heap        ] GC(32405) ParOldGen: 471218K(471552K)->471274K(471552K)
[13980.863s][info][gc,metaspace   ] GC(32405) Metaspace: 62250K(62528K)->62250K(62528K) NonClass: 53217K(53440K)->53217K(53440K) Class: 9032K(9088K)->9032K(9088K)
[13980.863s][info][gc             ] GC(32405) Pause Young (Allocation Failure) 540M->460M(543M) 2.889ms
[13980.863s][info][gc,cpu         ] GC(32405) User=0.00s Sys=0.00s Real=0.00s
[13981.333s][info][gc,start       ] GC(32406) Pause Young (Allocation Failure)
[13981.335s][info][gc,heap        ] GC(32406) PSYoungGen: 82688K(84480K)->416K(84480K) Eden: 81920K(81920K)->0K(81920K) From: 768K(2560K)->416K(2560K)
[13981.335s][info][gc,heap        ] GC(32406) ParOldGen: 471274K(471552K)->471322K(471552K)
[13981.335s][info][gc,metaspace   ] GC(32406) Metaspace: 62250K(62528K)->62250K(62528K) NonClass: 53217K(53440K)->53217K(53440K) Class: 9032K(9088K)->9032K(9088K)
[13981.335s][info][gc             ] GC(32406) Pause Young (Allocation Failure) 540M->460M(543M) 2.429ms
[13981.335s][info][gc,cpu         ] GC(32406) User=0.00s Sys=0.00s Real=0.00s
[13981.784s][info][gc,start       ] GC(32407) Pause Young (Allocation Failure)
[13981.787s][info][gc,heap        ] GC(32407) PSYoungGen: 82336K(84480K)->1120K(84480K) Eden: 81920K(81920K)->0K(81920K) From: 416K(2560K)->1120K(2560K)
[13981.787s][info][gc,heap        ] GC(32407) ParOldGen: 471322K(471552K)->471370K(471552K)
[13981.787s][info][gc,metaspace   ] GC(32407) Metaspace: 62250K(62528K)->62250K(62528K) NonClass: 53217K(53440K)->53217K(53440K) Class: 9032K(9088K)->9032K(9088K)
[13981.787s][info][gc             ] GC(32407) Pause Young (Allocation Failure) 540M->461M(543M) 3.151ms
[13981.787s][info][gc,cpu         ] GC(32407) User=0.01s Sys=0.00s Real=0.01s
[13982.254s][info][gc,start       ] GC(32408) Pause Young (Allocation Failure)
[13982.257s][info][gc,heap        ] GC(32408) PSYoungGen: 83040K(84480K)->704K(84480K) Eden: 81920K(81920K)->0K(81920K) From: 1120K(2560K)->704K(2560K)
[13982.257s][info][gc,heap        ] GC(32408) ParOldGen: 471370K(471552K)->471426K(471552K)
[13982.257s][info][gc,metaspace   ] GC(32408) Metaspace: 62250K(62528K)->62250K(62528K) NonClass: 53217K(53440K)->53217K(53440K) Class: 9032K(9088K)->9032K(9088K)
[13982.257s][info][gc             ] GC(32408) Pause Young (Allocation Failure) 541M->461M(543M) 2.564ms
[13982.257s][info][gc,cpu         ] GC(32408) User=0.01s Sys=0.01s Real=0.01s
[13982.697s][info][gc,start       ] GC(32409) Pause Young (Allocation Failure)
[13982.700s][info][gc,heap        ] GC(32409) PSYoungGen: 82624K(84480K)->1408K(84480K) Eden: 81920K(81920K)->0K(81920K) From: 704K(2560K)->1408K(2560K)
[13982.701s][info][gc,heap        ] GC(32409) ParOldGen: 471426K(471552K)->471482K(471552K)
[13982.701s][info][gc,metaspace   ] GC(32409) Metaspace: 62250K(62528K)->62250K(62528K) NonClass: 53217K(53440K)->53217K(53440K) Class: 9032K(9088K)->9032K(9088K)
[13982.701s][info][gc             ] GC(32409) Pause Young (Allocation Failure) 541M->461M(543M) 3.446ms
[13982.701s][info][gc,cpu         ] GC(32409) User=0.00s Sys=0.00s Real=0.00s
[13983.112s][info][gc,start       ] GC(32410) Pause Young (Allocation Failure)
[13983.116s][info][gc,heap        ] GC(32410) PSYoungGen: 83328K(84480K)->1664K(84480K) Eden: 81920K(81920K)->0K(81920K) From: 1408K(2560K)->1664K(2560K)
[13983.116s][info][gc,heap        ] GC(32410) ParOldGen: 471482K(471552K)->471530K(471552K)
[13983.116s][info][gc,metaspace   ] GC(32410) Metaspace: 62250K(62528K)->62250K(62528K) NonClass: 53217K(53440K)->53217K(53440K) Class: 9032K(9088K)->9032K(9088K)
[13983.116s][info][gc             ] GC(32410) Pause Young (Allocation Failure) 541M->462M(543M) 3.612ms
[13983.116s][info][gc,cpu         ] GC(32410) User=0.01s Sys=0.00s Real=0.00s
[13983.537s][info][gc,start       ] GC(32411) Pause Young (Allocation Failure)
[13983.539s][info][gc,heap        ] GC(32411) PSYoungGen: 83584K(84480K)->512K(84480K) Eden: 81920K(81920K)->0K(81920K) From: 1664K(2560K)->512K(2560K)
[13983.539s][info][gc,heap        ] GC(32411) ParOldGen: 471530K(471552K)->471578K(472064K)
[13983.539s][info][gc,metaspace   ] GC(32411) Metaspace: 62250K(62528K)->62250K(62528K) NonClass: 53217K(53440K)->53217K(53440K) Class: 9032K(9088K)->9032K(9088K)
[13983.539s][info][gc             ] GC(32411) Pause Young (Allocation Failure) 542M->461M(543M) 2.539ms
[13983.539s][info][gc,cpu         ] GC(32411) User=0.00s Sys=0.00s Real=0.00s
[13983.997s][info][gc,start       ] GC(32412) Pause Young (Allocation Failure)
[13984.001s][info][gc,heap        ] GC(32412) PSYoungGen: 82432K(84480K)->2512K(84480K) Eden: 81920K(81920K)->0K(81920K) From: 512K(2560K)->2512K(2560K)
[13984.001s][info][gc,heap        ] GC(32412) ParOldGen: 471578K(472064K)->472658K(473600K)
[13984.001s][info][gc,metaspace   ] GC(32412) Metaspace: 62250K(62528K)->62250K(62528K) NonClass: 53217K(53440K)->53217K(53440K) Class: 9032K(9088K)->9032K(9088K)
[13984.001s][info][gc             ] GC(32412) Pause Young (Allocation Failure) 541M->464M(545M) 4.097ms
[13984.001s][info][gc,cpu         ] GC(32412) User=0.01s Sys=0.00s Real=0.00s
[13984.452s][info][gc,start       ] GC(32413) Pause Young (Allocation Failure)
[13984.455s][info][gc,heap        ] GC(32413) PSYoungGen: 84432K(84480K)->672K(83456K) Eden: 81920K(81920K)->0K(80896K) From: 2512K(2560K)->672K(2560K)
[13984.455s][info][gc,heap        ] GC(32413) ParOldGen: 472658K(473600K)->474810K(475136K)
[13984.455s][info][gc,metaspace   ] GC(32413) Metaspace: 62250K(62528K)->62250K(62528K) NonClass: 53217K(53440K)->53217K(53440K) Class: 9032K(9088K)->9032K(9088K)
[13984.455s][info][gc             ] GC(32413) Pause Young (Allocation Failure) 544M->464M(545M) 3.891ms
[13984.455s][info][gc,cpu         ] GC(32413) User=0.00s Sys=0.00s Real=0.00s
[13984.899s][info][gc,start       ] GC(32414) Pause Young (Allocation Failure)
[13984.902s][info][gc,heap        ] GC(32414) PSYoungGen: 81568K(83456K)->1408K(83968K) Eden: 80896K(80896K)->0K(80896K) From: 672K(2560K)->1408K(3072K)
[13984.902s][info][gc,heap        ] GC(32414) ParOldGen: 474810K(475136K)->474866K(475136K)
[13984.902s][info][gc,metaspace   ] GC(32414) Metaspace: 62250K(62528K)->62250K(62528K) NonClass: 53217K(53440K)->53217K(53440K) Class: 9032K(9088K)->9032K(9088K)
[13984.902s][info][gc             ] GC(32414) Pause Young (Allocation Failure) 543M->465M(546M) 3.242ms
[13984.902s][info][gc,cpu         ] GC(32414) User=0.00s Sys=0.00s Real=0.00s
[13985.348s][info][gc,start       ] GC(32415) Pause Young (Allocation Failure)
[13985.350s][info][gc,heap        ] GC(32415) PSYoungGen: 82304K(83968K)->608K(84480K) Eden: 80896K(80896K)->0K(81920K) From: 1408K(3072K)->608K(2560K)
[13985.350s][info][gc,heap        ] GC(32415) ParOldGen: 474866K(475136K)->474914K(475136K)
[13985.350s][info][gc,metaspace   ] GC(32415) Metaspace: 62250K(62528K)->62250K(62528K) NonClass: 53217K(53440K)->53217K(53440K) Class: 9032K(9088K)->9032K(9088K)
[13985.350s][info][gc             ] GC(32415) Pause Young (Allocation Failure) 544M->464M(546M) 2.496ms
[13985.350s][info][gc,cpu         ] GC(32415) User=0.00s Sys=0.00s Real=0.00s
[13985.789s][info][gc,start       ] GC(32416) Pause Young (Allocation Failure)
[13985.792s][info][gc,heap        ] GC(32416) PSYoungGen: 82528K(84480K)->1312K(84480K) Eden: 81920K(81920K)->0K(81920K) From: 608K(2560K)->1312K(2560K)
[13985.792s][info][gc,heap        ] GC(32416) ParOldGen: 474914K(475136K)->474970K(475136K)
[13985.792s][info][gc,metaspace   ] GC(32416) Metaspace: 62250K(62528K)->62250K(62528K) NonClass: 53217K(53440K)->53217K(53440K) Class: 9032K(9088K)->9032K(9088K)
[13985.792s][info][gc             ] GC(32416) Pause Young (Allocation Failure) 544M->465M(546M) 3.126ms
[13985.792s][info][gc,cpu         ] GC(32416) User=0.01s Sys=0.00s Real=0.00s
[13986.244s][info][gc,start       ] GC(32417) Pause Young (Allocation Failure)
[13986.247s][info][gc,heap        ] GC(32417) PSYoungGen: 83232K(84480K)->576K(84480K) Eden: 81920K(81920K)->0K(81920K) From: 1312K(2560K)->576K(2560K)
[13986.247s][info][gc,heap        ] GC(32417) ParOldGen: 474970K(475136K)->475018K(475136K)
[13986.247s][info][gc,metaspace   ] GC(32417) Metaspace: 62250K(62528K)->62250K(62528K) NonClass: 53217K(53440K)->53217K(53440K) Class: 9032K(9088K)->9032K(9088K)
[13986.247s][info][gc             ] GC(32417) Pause Young (Allocation Failure) 545M->464M(546M) 2.553ms
[13986.247s][info][gc,cpu         ] GC(32417) User=0.00s Sys=0.00s Real=0.01s
[13986.691s][info][gc,start       ] GC(32418) Pause Young (Allocation Failure)
[13986.694s][info][gc,heap        ] GC(32418) PSYoungGen: 82496K(84480K)->1184K(84480K) Eden: 81920K(81920K)->0K(81920K) From: 576K(2560K)->1184K(2560K)
[13986.694s][info][gc,heap        ] GC(32418) ParOldGen: 475018K(475136K)->475066K(475136K)
[13986.694s][info][gc,metaspace   ] GC(32418) Metaspace: 62250K(62528K)->62250K(62528K) NonClass: 53217K(53440K)->53217K(53440K) Class: 9032K(9088K)->9032K(9088K)
[13986.694s][info][gc             ] GC(32418) Pause Young (Allocation Failure) 544M->465M(546M) 3.134ms
[13986.694s][info][gc,cpu         ] GC(32418) User=0.01s Sys=0.00s Real=0.00s
[13987.099s][info][gc,start       ] GC(32419) Pause Young (Allocation Failure)
[13987.102s][info][gc,heap        ] GC(32419) PSYoungGen: 83104K(84480K)->1536K(84480K) Eden: 81920K(81920K)->0K(81920K) From: 1184K(2560K)->1536K(2560K)
[13987.102s][info][gc,heap        ] GC(32419) ParOldGen: 475066K(475136K)->475122K(475136K)
[13987.102s][info][gc,metaspace   ] GC(32419) Metaspace: 62250K(62528K)->62250K(62528K) NonClass: 53217K(53440K)->53217K(53440K) Class: 9032K(9088K)->9032K(9088K)
[13987.102s][info][gc             ] GC(32419) Pause Young (Allocation Failure) 545M->465M(546M) 3.301ms
[13987.102s][info][gc,cpu         ] GC(32419) User=0.01s Sys=0.00s Real=0.00s
[13987.548s][info][gc,start       ] GC(32420) Pause Young (Allocation Failure)
[13987.551s][info][gc,heap        ] GC(32420) PSYoungGen: 83456K(84480K)->640K(84480K) Eden: 81920K(81920K)->0K(81920K) From: 1536K(2560K)->640K(2560K)
[13987.551s][info][gc,heap        ] GC(32420) ParOldGen: 475122K(475136K)->475170K(475648K)
[13987.551s][info][gc,metaspace   ] GC(32420) Metaspace: 62250K(62528K)->62250K(62528K) NonClass: 53217K(53440K)->53217K(53440K) Class: 9032K(9088K)->9032K(9088K)
[13987.551s][info][gc             ] GC(32420) Pause Young (Allocation Failure) 545M->464M(547M) 2.669ms
[13987.551s][info][gc,cpu         ] GC(32420) User=0.01s Sys=0.00s Real=0.00s
[13987.925s][info][gc,start       ] GC(32421) Pause Young (Allocation Failure)
[13987.928s][info][gc,heap        ] GC(32421) PSYoungGen: 82559K(84480K)->320K(84480K) Eden: 81919K(81920K)->0K(81920K) From: 640K(2560K)->320K(2560K)
[13987.928s][info][gc,heap        ] GC(32421) ParOldGen: 475170K(475648K)->475226K(475648K)
[13987.928s][info][gc,metaspace   ] GC(32421) Metaspace: 62250K(62528K)->62250K(62528K) NonClass: 53217K(53440K)->53217K(53440K) Class: 9032K(9088K)->9032K(9088K)
[13987.928s][info][gc             ] GC(32421) Pause Young (Allocation Failure) 544M->464M(547M) 2.452ms
[13987.928s][info][gc,cpu         ] GC(32421) User=0.01s Sys=0.00s Real=0.01s
[13988.297s][info][gc,start       ] GC(32422) Pause Young (Allocation Failure)
[13988.301s][info][gc,heap        ] GC(32422) PSYoungGen: 82240K(84480K)->2528K(84480K) Eden: 81920K(81920K)->0K(81920K) From: 320K(2560K)->2528K(2560K)
[13988.301s][info][gc,heap        ] GC(32422) ParOldGen: 475226K(475648K)->476322K(477184K)
[13988.301s][info][gc,metaspace   ] GC(32422) Metaspace: 62250K(62528K)->62250K(62528K) NonClass: 53217K(53440K)->53217K(53440K) Class: 9032K(9088K)->9032K(9088K)
[13988.302s][info][gc             ] GC(32422) Pause Young (Allocation Failure) 544M->467M(548M) 4.059ms
[13988.302s][info][gc,cpu         ] GC(32422) User=0.00s Sys=0.00s Real=0.00s
[13988.725s][info][gc,start       ] GC(32423) Pause Young (Allocation Failure)
[13988.729s][info][gc,heap        ] GC(32423) PSYoungGen: 84448K(84480K)->288K(82432K) Eden: 81920K(81920K)->0K(79872K) From: 2528K(2560K)->288K(2560K)
[13988.729s][info][gc,heap        ] GC(32423) ParOldGen: 476322K(477184K)->478426K(478720K)
[13988.729s][info][gc,metaspace   ] GC(32423) Metaspace: 62250K(62528K)->62250K(62528K) NonClass: 53217K(53440K)->53217K(53440K) Class: 9032K(9088K)->9032K(9088K)
[13988.729s][info][gc             ] GC(32423) Pause Young (Allocation Failure) 547M->467M(548M) 3.499ms
[13988.729s][info][gc,cpu         ] GC(32423) User=0.00s Sys=0.00s Real=0.01s
[13989.123s][info][gc,start       ] GC(32424) Pause Young (Allocation Failure)
[13989.125s][info][gc,heap        ] GC(32424) PSYoungGen: 80160K(82432K)->256K(83456K) Eden: 79872K(79872K)->0K(79872K) From: 288K(2560K)->256K(3584K)
[13989.125s][info][gc,heap        ] GC(32424) ParOldGen: 478426K(478720K)->478482K(478720K)
[13989.125s][info][gc,metaspace   ] GC(32424) Metaspace: 62250K(62528K)->62250K(62528K) NonClass: 53217K(53440K)->53217K(53440K) Class: 9032K(9088K)->9032K(9088K)
[13989.125s][info][gc             ] GC(32424) Pause Young (Allocation Failure) 545M->467M(549M) 2.330ms
[13989.125s][info][gc,cpu         ] GC(32424) User=0.00s Sys=0.00s Real=0.00s
[13989.501s][info][gc,start       ] GC(32425) Pause Young (Allocation Failure)
[13989.504s][info][gc,heap        ] GC(32425) PSYoungGen: 80128K(83456K)->1664K(83456K) Eden: 79872K(79872K)->0K(79872K) From: 256K(3584K)->1664K(3584K)
[13989.504s][info][gc,heap        ] GC(32425) ParOldGen: 478482K(478720K)->478538K(478720K)
[13989.504s][info][gc,metaspace   ] GC(32425) Metaspace: 62250K(62528K)->62250K(62528K) NonClass: 53217K(53440K)->53217K(53440K) Class: 9032K(9088K)->9032K(9088K)
[13989.504s][info][gc             ] GC(32425) Pause Young (Allocation Failure) 545M->468M(549M) 3.466ms
[13989.505s][info][gc,cpu         ] GC(32425) User=0.01s Sys=0.00s Real=0.00s
[13989.862s][info][gc,start       ] GC(32426) Pause Young (Allocation Failure)
[13989.865s][info][gc,heap        ] GC(32426) PSYoungGen: 81536K(83456K)->928K(83456K) Eden: 79872K(79872K)->0K(79872K) From: 1664K(3584K)->928K(3584K)
[13989.865s][info][gc,heap        ] GC(32426) ParOldGen: 478538K(478720K)->478594K(478720K)
[13989.865s][info][gc,metaspace   ] GC(32426) Metaspace: 62250K(62528K)->62250K(62528K) NonClass: 53217K(53440K)->53217K(53440K) Class: 9032K(9088K)->9032K(9088K)
[13989.865s][info][gc             ] GC(32426) Pause Young (Allocation Failure) 546M->468M(549M) 2.989ms
[13989.865s][info][gc,cpu         ] GC(32426) User=0.00s Sys=0.00s Real=0.00s
[13990.308s][info][gc,start       ] GC(32427) Pause Young (Allocation Failure)
[13990.311s][info][gc,heap        ] GC(32427) PSYoungGen: 80800K(83456K)->1440K(83968K) Eden: 79872K(79872K)->0K(80896K) From: 928K(3584K)->1440K(3072K)
[13990.311s][info][gc,heap        ] GC(32427) ParOldGen: 478594K(478720K)->478650K(478720K)
[13990.311s][info][gc,metaspace   ] GC(32427) Metaspace: 62250K(62528K)->62250K(62528K) NonClass: 53217K(53440K)->53217K(53440K) Class: 9032K(9088K)->9032K(9088K)
[13990.311s][info][gc             ] GC(32427) Pause Young (Allocation Failure) 546M->468M(549M) 3.473ms
[13990.311s][info][gc,cpu         ] GC(32427) User=0.00s Sys=0.00s Real=0.00s
[13990.764s][info][gc,start       ] GC(32428) Pause Young (Allocation Failure)
[13990.767s][info][gc,heap        ] GC(32428) PSYoungGen: 82336K(83968K)->832K(83968K) Eden: 80896K(80896K)->0K(80896K) From: 1440K(3072K)->832K(3072K)
[13990.767s][info][gc,heap        ] GC(32428) ParOldGen: 478650K(478720K)->478706K(478720K)
[13990.767s][info][gc,metaspace   ] GC(32428) Metaspace: 62250K(62528K)->62250K(62528K) NonClass: 53217K(53440K)->53217K(53440K) Class: 9032K(9088K)->9032K(9088K)
[13990.767s][info][gc             ] GC(32428) Pause Young (Allocation Failure) 547M->468M(549M) 2.817ms
[13990.767s][info][gc,cpu         ] GC(32428) User=0.01s Sys=0.00s Real=0.01s
[13991.267s][info][gc,start       ] GC(32429) Pause Young (Allocation Failure)
[13991.270s][info][gc,heap        ] GC(32429) PSYoungGen: 81728K(83968K)->976K(83968K) Eden: 80896K(80896K)->0K(80896K) From: 832K(3072K)->976K(3072K)
[13991.270s][info][gc,heap        ] GC(32429) ParOldGen: 478706K(478720K)->478762K(479232K)
[13991.270s][info][gc,metaspace   ] GC(32429) Metaspace: 62250K(62528K)->62250K(62528K) NonClass: 53217K(53440K)->53217K(53440K) Class: 9032K(9088K)->9032K(9088K)
[13991.270s][info][gc             ] GC(32429) Pause Young (Allocation Failure) 547M->468M(550M) 2.907ms
[13991.270s][info][gc,cpu         ] GC(32429) User=0.00s Sys=0.00s Real=0.00s
[13991.683s][info][gc,start       ] GC(32430) Pause Young (Allocation Failure)
[13991.687s][info][gc,heap        ] GC(32430) PSYoungGen: 81872K(83968K)->1216K(83968K) Eden: 80896K(80896K)->0K(80896K) From: 976K(3072K)->1216K(3072K)
[13991.687s][info][gc,heap        ] GC(32430) ParOldGen: 478762K(479232K)->478866K(479232K)
[13991.687s][info][gc,metaspace   ] GC(32430) Metaspace: 62250K(62528K)->62250K(62528K) NonClass: 53217K(53440K)->53217K(53440K) Class: 9032K(9088K)->9032K(9088K)
[13991.687s][info][gc             ] GC(32430) Pause Young (Allocation Failure) 547M->468M(550M) 3.427ms
[13991.687s][info][gc,cpu         ] GC(32430) User=0.00s Sys=0.01s Real=0.01s
[13992.142s][info][gc,start       ] GC(32431) Pause Young (Allocation Failure)
[13992.144s][info][gc,heap        ] GC(32431) PSYoungGen: 82112K(83968K)->512K(84480K) Eden: 80896K(80896K)->0K(81920K) From: 1216K(3072K)->512K(2560K)
[13992.144s][info][gc,heap        ] GC(32431) ParOldGen: 478866K(479232K)->478922K(479232K)
[13992.144s][info][gc,metaspace   ] GC(32431) Metaspace: 62250K(62528K)->62250K(62528K) NonClass: 53217K(53440K)->53217K(53440K) Class: 9032K(9088K)->9032K(9088K)
[13992.144s][info][gc             ] GC(32431) Pause Young (Allocation Failure) 547M->468M(550M) 2.510ms
[13992.144s][info][gc,cpu         ] GC(32431) User=0.01s Sys=0.01s Real=0.00s
[13992.554s][info][gc,start       ] GC(32432) Pause Young (Allocation Failure)
[13992.557s][info][gc,heap        ] GC(32432) PSYoungGen: 82432K(84480K)->768K(84480K) Eden: 81920K(81920K)->0K(81920K) From: 512K(2560K)->768K(2560K)
[13992.557s][info][gc,heap        ] GC(32432) ParOldGen: 478922K(479232K)->478978K(479232K)
[13992.557s][info][gc,metaspace   ] GC(32432) Metaspace: 62250K(62528K)->62250K(62528K) NonClass: 53217K(53440K)->53217K(53440K) Class: 9032K(9088K)->9032K(9088K)
[13992.557s][info][gc             ] GC(32432) Pause Young (Allocation Failure) 548M->468M(550M) 2.701ms
[13992.557s][info][gc,cpu         ] GC(32432) User=0.00s Sys=0.00s Real=0.01s
[13992.958s][info][gc,start       ] GC(32433) Pause Young (Allocation Failure)
[13992.962s][info][gc,heap        ] GC(32433) PSYoungGen: 82688K(84480K)->1856K(84480K) Eden: 81920K(81920K)->0K(81920K) From: 768K(2560K)->1856K(2560K)
[13992.962s][info][gc,heap        ] GC(32433) ParOldGen: 478978K(479232K)->480050K(480768K)
[13992.962s][info][gc,metaspace   ] GC(32433) Metaspace: 62250K(62528K)->62250K(62528K) NonClass: 53217K(53440K)->53217K(53440K) Class: 9032K(9088K)->9032K(9088K)
[13992.962s][info][gc             ] GC(32433) Pause Young (Allocation Failure) 548M->470M(552M) 3.438ms
[13992.962s][info][gc,cpu         ] GC(32433) User=0.00s Sys=0.00s Real=0.00s
[13993.436s][info][gc,start       ] GC(32434) Pause Young (Allocation Failure)
[13993.440s][info][gc,heap        ] GC(32434) PSYoungGen: 83776K(84480K)->448K(84480K) Eden: 81920K(81920K)->0K(81920K) From: 1856K(2560K)->448K(2560K)
[13993.440s][info][gc,heap        ] GC(32434) ParOldGen: 480050K(480768K)->482146K(482304K)
[13993.440s][info][gc,metaspace   ] GC(32434) Metaspace: 62250K(62528K)->62250K(62528K) NonClass: 53217K(53440K)->53217K(53440K) Class: 9032K(9088K)->9032K(9088K)
[13993.440s][info][gc             ] GC(32434) Pause Young (Allocation Failure) 550M->471M(553M) 3.605ms
[13993.440s][info][gc,cpu         ] GC(32434) User=0.01s Sys=0.00s Real=0.01s
[13993.886s][info][gc,start       ] GC(32435) Pause Young (Allocation Failure)
[13993.889s][info][gc,heap        ] GC(32435) PSYoungGen: 82368K(84480K)->1216K(84480K) Eden: 81920K(81920K)->0K(81920K) From: 448K(2560K)->1216K(2560K)
[13993.889s][info][gc,heap        ] GC(32435) ParOldGen: 482146K(482304K)->482194K(482304K)
[13993.889s][info][gc,metaspace   ] GC(32435) Metaspace: 62250K(62528K)->62250K(62528K) NonClass: 53217K(53440K)->53217K(53440K) Class: 9032K(9088K)->9032K(9088K)
[13993.889s][info][gc             ] GC(32435) Pause Young (Allocation Failure) 551M->472M(553M) 3.053ms
[13993.889s][info][gc,cpu         ] GC(32435) User=0.01s Sys=0.00s Real=0.01s
[13994.317s][info][gc,start       ] GC(32436) Pause Young (Allocation Failure)
[13994.319s][info][gc,heap        ] GC(32436) PSYoungGen: 83136K(84480K)->192K(84480K) Eden: 81920K(81920K)->0K(81920K) From: 1216K(2560K)->192K(2560K)
[13994.319s][info][gc,heap        ] GC(32436) ParOldGen: 482194K(482304K)->482250K(482304K)
[13994.319s][info][gc,metaspace   ] GC(32436) Metaspace: 62250K(62528K)->62250K(62528K) NonClass: 53217K(53440K)->53217K(53440K) Class: 9032K(9088K)->9032K(9088K)
[13994.319s][info][gc             ] GC(32436) Pause Young (Allocation Failure) 552M->471M(553M) 2.303ms
[13994.319s][info][gc,cpu         ] GC(32436) User=0.01s Sys=0.00s Real=0.00s
[13994.715s][info][gc,start       ] GC(32437) Pause Young (Allocation Failure)
[13994.719s][info][gc,heap        ] GC(32437) PSYoungGen: 82112K(84480K)->1888K(83456K) Eden: 81920K(81920K)->0K(80896K) From: 192K(2560K)->1888K(2560K)
[13994.719s][info][gc,heap        ] GC(32437) ParOldGen: 482250K(482304K)->482298K(482304K)
[13994.719s][info][gc,metaspace   ] GC(32437) Metaspace: 62250K(62528K)->62250K(62528K) NonClass: 53217K(53440K)->53217K(53440K) Class: 9032K(9088K)->9032K(9088K)
[13994.719s][info][gc             ] GC(32437) Pause Young (Allocation Failure) 551M->472M(552M) 3.778ms
[13994.719s][info][gc,cpu         ] GC(32437) User=0.00s Sys=0.00s Real=0.01s
[13995.115s][info][gc,start       ] GC(32438) Pause Young (Allocation Failure)
[13995.118s][info][gc,heap        ] GC(32438) PSYoungGen: 82784K(83456K)->1792K(83968K) Eden: 80896K(80896K)->0K(80896K) From: 1888K(2560K)->1792K(3072K)
[13995.118s][info][gc,heap        ] GC(32438) ParOldGen: 482298K(482304K)->482354K(482816K)
[13995.118s][info][gc,metaspace   ] GC(32438) Metaspace: 62250K(62528K)->62250K(62528K) NonClass: 53217K(53440K)->53217K(53440K) Class: 9032K(9088K)->9032K(9088K)
[13995.118s][info][gc             ] GC(32438) Pause Young (Allocation Failure) 551M->472M(553M) 3.663ms
[13995.118s][info][gc,cpu         ] GC(32438) User=0.01s Sys=0.00s Real=0.01s
[13995.526s][info][gc,start       ] GC(32439) Pause Young (Allocation Failure)
[13995.528s][info][gc,heap        ] GC(32439) PSYoungGen: 82688K(83968K)->320K(83968K) Eden: 80896K(80896K)->0K(80896K) From: 1792K(3072K)->320K(3072K)
[13995.528s][info][gc,heap        ] GC(32439) ParOldGen: 482354K(482816K)->482410K(482816K)
[13995.528s][info][gc,metaspace   ] GC(32439) Metaspace: 62250K(62528K)->62250K(62528K) NonClass: 53217K(53440K)->53217K(53440K) Class: 9032K(9088K)->9032K(9088K)
[13995.528s][info][gc             ] GC(32439) Pause Young (Allocation Failure) 551M->471M(553M) 2.406ms
[13995.528s][info][gc,cpu         ] GC(32439) User=0.01s Sys=0.00s Real=0.01s
[13995.959s][info][gc,start       ] GC(32440) Pause Young (Allocation Failure)
[13995.962s][info][gc,heap        ] GC(32440) PSYoungGen: 81216K(83968K)->800K(83968K) Eden: 80896K(80896K)->0K(80896K) From: 320K(3072K)->800K(3072K)
[13995.962s][info][gc,heap        ] GC(32440) ParOldGen: 482410K(482816K)->482466K(482816K)
[13995.962s][info][gc,metaspace   ] GC(32440) Metaspace: 62250K(62528K)->62250K(62528K) NonClass: 53217K(53440K)->53217K(53440K) Class: 9032K(9088K)->9032K(9088K)
[13995.962s][info][gc             ] GC(32440) Pause Young (Allocation Failure) 550M->471M(553M) 2.920ms
[13995.962s][info][gc,cpu         ] GC(32440) User=0.01s Sys=0.00s Real=0.00s
[13996.373s][info][gc,start       ] GC(32441) Pause Young (Allocation Failure)
[13996.376s][info][gc,heap        ] GC(32441) PSYoungGen: 81696K(83968K)->1056K(84480K) Eden: 80896K(80896K)->0K(81408K) From: 800K(3072K)->1056K(3072K)
[13996.376s][info][gc,heap        ] GC(32441) ParOldGen: 482466K(482816K)->482522K(482816K)
[13996.376s][info][gc,metaspace   ] GC(32441) Metaspace: 62250K(62528K)->62250K(62528K) NonClass: 53217K(53440K)->53217K(53440K) Class: 9032K(9088K)->9032K(9088K)
[13996.376s][info][gc             ] GC(32441) Pause Young (Allocation Failure) 550M->472M(554M) 2.983ms
[13996.376s][info][gc,cpu         ] GC(32441) User=0.01s Sys=0.00s Real=0.00s
[13996.835s][info][gc,start       ] GC(32442) Pause Young (Allocation Failure)
[13996.837s][info][gc,heap        ] GC(32442) PSYoungGen: 82464K(84480K)->448K(83968K) Eden: 81408K(81408K)->0K(81408K) From: 1056K(3072K)->448K(2560K)
[13996.837s][info][gc,heap        ] GC(32442) ParOldGen: 482522K(482816K)->482578K(482816K)
[13996.837s][info][gc,metaspace   ] GC(32442) Metaspace: 62250K(62528K)->62250K(62528K) NonClass: 53217K(53440K)->53217K(53440K) Class: 9032K(9088K)->9032K(9088K)
[13996.837s][info][gc             ] GC(32442) Pause Young (Allocation Failure) 551M->471M(553M) 2.523ms
[13996.837s][info][gc,cpu         ] GC(32442) User=0.00s Sys=0.00s Real=0.01s
[13997.295s][info][gc,start       ] GC(32443) Pause Young (Allocation Failure)
[13997.298s][info][gc,heap        ] GC(32443) PSYoungGen: 81856K(83968K)->1216K(84480K) Eden: 81408K(81408K)->0K(81920K) From: 448K(2560K)->1216K(2560K)
[13997.298s][info][gc,heap        ] GC(32443) ParOldGen: 482578K(482816K)->482634K(482816K)
[13997.298s][info][gc,metaspace   ] GC(32443) Metaspace: 62250K(62528K)->62250K(62528K) NonClass: 53217K(53440K)->53217K(53440K) Class: 9032K(9088K)->9032K(9088K)
[13997.298s][info][gc             ] GC(32443) Pause Young (Allocation Failure) 551M->472M(554M) 3.113ms
[13997.298s][info][gc,cpu         ] GC(32443) User=0.00s Sys=0.00s Real=0.01s
[13997.738s][info][gc,start       ] GC(32444) Pause Young (Allocation Failure)
[13997.740s][info][gc,heap        ] GC(32444) PSYoungGen: 83136K(84480K)->2528K(84480K) Eden: 81920K(81920K)->0K(81920K) From: 1216K(2560K)->2528K(2560K)
[13997.740s][info][gc,heap        ] GC(32444) ParOldGen: 482634K(482816K)->482690K(482816K)
[13997.740s][info][gc,metaspace   ] GC(32444) Metaspace: 62250K(62528K)->62250K(62528K) NonClass: 53217K(53440K)->53217K(53440K) Class: 9032K(9088K)->9032K(9088K)
[13997.740s][info][gc             ] GC(32444) Pause Young (Allocation Failure) 552M->473M(554M) 2.850ms
[13997.740s][info][gc,cpu         ] GC(32444) User=0.01s Sys=0.00s Real=0.00s
[13998.207s][info][gc,start       ] GC(32445) Pause Young (Allocation Failure)
[13998.212s][info][gc,heap        ] GC(32445) PSYoungGen: 84448K(84480K)->1440K(83456K) Eden: 81920K(81920K)->0K(80896K) From: 2528K(2560K)->1440K(2560K)
[13998.212s][info][gc,heap        ] GC(32445) ParOldGen: 482690K(482816K)->484794K(485888K)
[13998.212s][info][gc,metaspace   ] GC(32445) Metaspace: 62250K(62528K)->62250K(62528K) NonClass: 53217K(53440K)->53217K(53440K) Class: 9032K(9088K)->9032K(9088K)
[13998.212s][info][gc             ] GC(32445) Pause Young (Allocation Failure) 553M->474M(556M) 4.563ms
[13998.212s][info][gc,cpu         ] GC(32445) User=0.00s Sys=0.01s Real=0.00s
[13998.701s][info][gc,start       ] GC(32446) Pause Young (Allocation Failure)
[13998.704s][info][gc,heap        ] GC(32446) PSYoungGen: 82336K(83456K)->1424K(83968K) Eden: 80896K(80896K)->0K(80896K) From: 1440K(2560K)->1424K(3072K)
[13998.704s][info][gc,heap        ] GC(32446) ParOldGen: 484794K(485888K)->484842K(485888K)
[13998.704s][info][gc,metaspace   ] GC(32446) Metaspace: 62250K(62528K)->62250K(62528K) NonClass: 53217K(53440K)->53217K(53440K) Class: 9032K(9088K)->9032K(9088K)
[13998.704s][info][gc             ] GC(32446) Pause Young (Allocation Failure) 553M->474M(556M) 3.451ms
[13998.704s][info][gc,cpu         ] GC(32446) User=0.01s Sys=0.00s Real=0.00s
[13999.119s][info][gc,start       ] GC(32447) Pause Young (Allocation Failure)
[13999.121s][info][gc,heap        ] GC(32447) PSYoungGen: 82320K(83968K)->224K(83968K) Eden: 80896K(80896K)->0K(80896K) From: 1424K(3072K)->224K(3072K)
[13999.121s][info][gc,heap        ] GC(32447) ParOldGen: 484842K(485888K)->484946K(485888K)
[13999.121s][info][gc,metaspace   ] GC(32447) Metaspace: 62250K(62528K)->62250K(62528K) NonClass: 53217K(53440K)->53217K(53440K) Class: 9032K(9088K)->9032K(9088K)
[13999.121s][info][gc             ] GC(32447) Pause Young (Allocation Failure) 553M->473M(556M) 2.262ms
[13999.121s][info][gc,cpu         ] GC(32447) User=0.01s Sys=0.00s Real=0.00s
[13999.532s][info][gc,start       ] GC(32448) Pause Young (Allocation Failure)
[13999.535s][info][gc,heap        ] GC(32448) PSYoungGen: 81120K(83968K)->416K(83968K) Eden: 80896K(80896K)->0K(80896K) From: 224K(3072K)->416K(3072K)
[13999.535s][info][gc,heap        ] GC(32448) ParOldGen: 484946K(485888K)->484994K(485888K)
[13999.535s][info][gc,metaspace   ] GC(32448) Metaspace: 62250K(62528K)->62250K(62528K) NonClass: 53217K(53440K)->53217K(53440K) Class: 9032K(9088K)->9032K(9088K)
[13999.535s][info][gc             ] GC(32448) Pause Young (Allocation Failure) 552M->474M(556M) 2.385ms
[13999.535s][info][gc,cpu         ] GC(32448) User=0.00s Sys=0.00s Real=0.00s
[13999.950s][info][gc,start       ] GC(32449) Pause Young (Allocation Failure)
[13999.952s][info][gc,heap        ] GC(32449) PSYoungGen: 81312K(83968K)->672K(84480K) Eden: 80896K(80896K)->0K(81408K) From: 416K(3072K)->672K(3072K)
[13999.952s][info][gc,heap        ] GC(32449) ParOldGen: 484994K(485888K)->485042K(485888K)
[13999.952s][info][gc,metaspace   ] GC(32449) Metaspace: 62250K(62528K)->62250K(62528K) NonClass: 53217K(53440K)->53217K(53440K) Class: 9032K(9088K)->9032K(9088K)
[13999.952s][info][gc             ] GC(32449) Pause Young (Allocation Failure) 553M->474M(557M) 2.741ms
[13999.952s][info][gc,cpu         ] GC(32449) User=0.01s Sys=0.00s Real=0.00s
[14000.368s][info][gc,start       ] GC(32450) Pause Young (Allocation Failure)
[14000.371s][info][gc,heap        ] GC(32450) PSYoungGen: 82080K(84480K)->832K(83968K) Eden: 81408K(81408K)->0K(81408K) From: 672K(3072K)->832K(2560K)
[14000.371s][info][gc,heap        ] GC(32450) ParOldGen: 485042K(485888K)->485090K(485888K)
[14000.371s][info][gc,metaspace   ] GC(32450) Metaspace: 62250K(62528K)->62250K(62528K) NonClass: 53217K(53440K)->53217K(53440K) Class: 9032K(9088K)->9032K(9088K)
[14000.371s][info][gc             ] GC(32450) Pause Young (Allocation Failure) 553M->474M(556M) 2.808ms
[14000.371s][info][gc,cpu         ] GC(32450) User=0.00s Sys=0.00s Real=0.00s
[14000.838s][info][gc,start       ] GC(32451) Pause Young (Allocation Failure)
[14000.840s][info][gc,heap        ] GC(32451) PSYoungGen: 82240K(83968K)->416K(84480K) Eden: 81408K(81408K)->0K(81920K) From: 832K(2560K)->416K(2560K)
[14000.840s][info][gc,heap        ] GC(32451) ParOldGen: 485090K(485888K)->485146K(485888K)
[14000.840s][info][gc,metaspace   ] GC(32451) Metaspace: 62250K(62528K)->62250K(62528K) NonClass: 53217K(53440K)->53217K(53440K) Class: 9032K(9088K)->9032K(9088K)
[14000.840s][info][gc             ] GC(32451) Pause Young (Allocation Failure) 554M->474M(557M) 2.392ms
[14000.840s][info][gc,cpu         ] GC(32451) User=0.00s Sys=0.00s Real=0.00s
[14001.284s][info][gc,start       ] GC(32452) Pause Young (Allocation Failure)
[14001.287s][info][gc,heap        ] GC(32452) PSYoungGen: 82336K(84480K)->1152K(84480K) Eden: 81920K(81920K)->0K(81920K) From: 416K(2560K)->1152K(2560K)
[14001.287s][info][gc,heap        ] GC(32452) ParOldGen: 485146K(485888K)->485202K(485888K)
[14001.287s][info][gc,metaspace   ] GC(32452) Metaspace: 62250K(62528K)->62250K(62528K) NonClass: 53217K(53440K)->53217K(53440K) Class: 9032K(9088K)->9032K(9088K)
[14001.287s][info][gc             ] GC(32452) Pause Young (Allocation Failure) 554M->474M(557M) 3.113ms
[14001.287s][info][gc,cpu         ] GC(32452) User=0.01s Sys=0.00s Real=0.01s
[14001.737s][info][gc,start       ] GC(32453) Pause Young (Allocation Failure)
[14001.740s][info][gc,heap        ] GC(32453) PSYoungGen: 83072K(84480K)->448K(84480K) Eden: 81920K(81920K)->0K(81920K) From: 1152K(2560K)->448K(2560K)
[14001.740s][info][gc,heap        ] GC(32453) ParOldGen: 485202K(485888K)->485258K(485888K)
[14001.740s][info][gc,metaspace   ] GC(32453) Metaspace: 62250K(62528K)->62250K(62528K) NonClass: 53217K(53440K)->53217K(53440K) Class: 9032K(9088K)->9032K(9088K)
[14001.740s][info][gc             ] GC(32453) Pause Young (Allocation Failure) 554M->474M(557M) 2.595ms
[14001.740s][info][gc,cpu         ] GC(32453) User=0.01s Sys=0.00s Real=0.00s
[14002.186s][info][gc,start       ] GC(32454) Pause Young (Allocation Failure)
[14002.190s][info][gc,heap        ] GC(32454) PSYoungGen: 82368K(84480K)->2176K(84480K) Eden: 81920K(81920K)->0K(81920K) From: 448K(2560K)->2176K(2560K)
[14002.190s][info][gc,heap        ] GC(32454) ParOldGen: 485258K(485888K)->486330K(487424K)
[14002.190s][info][gc,metaspace   ] GC(32454) Metaspace: 62250K(62528K)->62250K(62528K) NonClass: 53217K(53440K)->53217K(53440K) Class: 9032K(9088K)->9032K(9088K)
[14002.190s][info][gc             ] GC(32454) Pause Young (Allocation Failure) 554M->477M(558M) 3.755ms
[14002.190s][info][gc,cpu         ] GC(32454) User=0.01s Sys=0.00s Real=0.01s
[14002.634s][info][gc,start       ] GC(32455) Pause Young (Allocation Failure)
[14002.638s][info][gc,heap        ] GC(32455) PSYoungGen: 84096K(84480K)->448K(84480K) Eden: 81920K(81920K)->0K(81920K) From: 2176K(2560K)->448K(2560K)
[14002.638s][info][gc,heap        ] GC(32455) ParOldGen: 486330K(487424K)->488434K(488960K)
[14002.638s][info][gc,metaspace   ] GC(32455) Metaspace: 62250K(62528K)->62250K(62528K) NonClass: 53217K(53440K)->53217K(53440K) Class: 9032K(9088K)->9032K(9088K)
[14002.638s][info][gc             ] GC(32455) Pause Young (Allocation Failure) 557M->477M(560M) 3.630ms
[14002.638s][info][gc,cpu         ] GC(32455) User=0.01s Sys=0.00s Real=0.01s
[14003.067s][info][gc,start       ] GC(32456) Pause Young (Allocation Failure)
[14003.070s][info][gc,heap        ] GC(32456) PSYoungGen: 82368K(84480K)->896K(84480K) Eden: 81920K(81920K)->0K(81920K) From: 448K(2560K)->896K(2560K)
[14003.070s][info][gc,heap        ] GC(32456) ParOldGen: 488434K(488960K)->488482K(488960K)
[14003.070s][info][gc,metaspace   ] GC(32456) Metaspace: 62250K(62528K)->62250K(62528K) NonClass: 53217K(53440K)->53217K(53440K) Class: 9032K(9088K)->9032K(9088K)
[14003.070s][info][gc             ] GC(32456) Pause Young (Allocation Failure) 557M->477M(560M) 2.967ms
[14003.070s][info][gc,cpu         ] GC(32456) User=0.00s Sys=0.00s Real=0.00s
[14003.533s][info][gc,start       ] GC(32457) Pause Young (Allocation Failure)
[14003.535s][info][gc,heap        ] GC(32457) PSYoungGen: 82816K(84480K)->416K(84480K) Eden: 81920K(81920K)->0K(81920K) From: 896K(2560K)->416K(2560K)
[14003.535s][info][gc,heap        ] GC(32457) ParOldGen: 488482K(488960K)->488538K(488960K)
[14003.535s][info][gc,metaspace   ] GC(32457) Metaspace: 62250K(62528K)->62250K(62528K) NonClass: 53217K(53440K)->53217K(53440K) Class: 9032K(9088K)->9032K(9088K)
[14003.535s][info][gc             ] GC(32457) Pause Young (Allocation Failure) 557M->477M(560M) 2.594ms
[14003.535s][info][gc,cpu         ] GC(32457) User=0.01s Sys=0.00s Real=0.00s
[14003.970s][info][gc,start       ] GC(32458) Pause Young (Allocation Failure)
[14003.973s][info][gc,heap        ] GC(32458) PSYoungGen: 82336K(84480K)->896K(84480K) Eden: 81920K(81920K)->0K(81920K) From: 416K(2560K)->896K(2560K)
[14003.973s][info][gc,heap        ] GC(32458) ParOldGen: 488538K(488960K)->488610K(488960K)
[14003.973s][info][gc,metaspace   ] GC(32458) Metaspace: 62250K(62528K)->62250K(62528K) NonClass: 53217K(53440K)->53217K(53440K) Class: 9032K(9088K)->9032K(9088K)
[14003.973s][info][gc             ] GC(32458) Pause Young (Allocation Failure) 557M->478M(560M) 3.043ms
[14003.973s][info][gc,cpu         ] GC(32458) User=0.01s Sys=0.00s Real=0.00s
[14004.392s][info][gc,start       ] GC(32459) Pause Young (Allocation Failure)
[14004.396s][info][gc,heap        ] GC(32459) PSYoungGen: 82816K(84480K)->1472K(84480K) Eden: 81920K(81920K)->0K(81920K) From: 896K(2560K)->1472K(2560K)
[14004.396s][info][gc,heap        ] GC(32459) ParOldGen: 488610K(488960K)->488658K(488960K)
[14004.396s][info][gc,metaspace   ] GC(32459) Metaspace: 62250K(62528K)->62250K(62528K) NonClass: 53217K(53440K)->53217K(53440K) Class: 9032K(9088K)->9032K(9088K)
[14004.396s][info][gc             ] GC(32459) Pause Young (Allocation Failure) 558M->478M(560M) 3.453ms
[14004.396s][info][gc,cpu         ] GC(32459) User=0.00s Sys=0.00s Real=0.00s
[14004.885s][info][gc,start       ] GC(32460) Pause Young (Allocation Failure)
[14004.888s][info][gc,heap        ] GC(32460) PSYoungGen: 83392K(84480K)->1024K(84480K) Eden: 81920K(81920K)->0K(81920K) From: 1472K(2560K)->1024K(2560K)
[14004.888s][info][gc,heap        ] GC(32460) ParOldGen: 488658K(488960K)->488706K(488960K)
[14004.888s][info][gc,metaspace   ] GC(32460) Metaspace: 62250K(62528K)->62250K(62528K) NonClass: 53217K(53440K)->53217K(53440K) Class: 9032K(9088K)->9032K(9088K)
[14004.888s][info][gc             ] GC(32460) Pause Young (Allocation Failure) 558M->478M(560M) 3.034ms
[14004.888s][info][gc,cpu         ] GC(32460) User=0.00s Sys=0.00s Real=0.01s
[14005.371s][info][gc,start       ] GC(32461) Pause Young (Allocation Failure)
[14005.374s][info][gc,heap        ] GC(32461) PSYoungGen: 82944K(84480K)->896K(84480K) Eden: 81920K(81920K)->0K(81920K) From: 1024K(2560K)->896K(2560K)
[14005.374s][info][gc,heap        ] GC(32461) ParOldGen: 488706K(488960K)->488754K(488960K)
[14005.374s][info][gc,metaspace   ] GC(32461) Metaspace: 62250K(62528K)->62250K(62528K) NonClass: 53217K(53440K)->53217K(53440K) Class: 9032K(9088K)->9032K(9088K)
[14005.374s][info][gc             ] GC(32461) Pause Young (Allocation Failure) 558M->478M(560M) 2.993ms
[14005.374s][info][gc,cpu         ] GC(32461) User=0.00s Sys=0.00s Real=0.00s
[14005.829s][info][gc,start       ] GC(32462) Pause Young (Allocation Failure)
[14005.831s][info][gc,heap        ] GC(32462) PSYoungGen: 82816K(84480K)->352K(84480K) Eden: 81920K(81920K)->0K(81920K) From: 896K(2560K)->352K(2560K)
[14005.831s][info][gc,heap        ] GC(32462) ParOldGen: 488754K(488960K)->488802K(488960K)
[14005.831s][info][gc,metaspace   ] GC(32462) Metaspace: 62250K(62528K)->62250K(62528K) NonClass: 53217K(53440K)->53217K(53440K) Class: 9032K(9088K)->9032K(9088K)
[14005.831s][info][gc             ] GC(32462) Pause Young (Allocation Failure) 558M->477M(560M) 2.349ms
[14005.832s][info][gc,cpu         ] GC(32462) User=0.00s Sys=0.00s Real=0.00s
[14006.327s][info][gc,start       ] GC(32463) Pause Young (Allocation Failure)
[14006.330s][info][gc,heap        ] GC(32463) PSYoungGen: 82272K(84480K)->352K(84992K) Eden: 81920K(81920K)->0K(82432K) From: 352K(2560K)->352K(2560K)
[14006.330s][info][gc,heap        ] GC(32463) ParOldGen: 488802K(488960K)->488858K(488960K)
[14006.330s][info][gc,metaspace   ] GC(32463) Metaspace: 62250K(62528K)->62250K(62528K) NonClass: 53217K(53440K)->53217K(53440K) Class: 9032K(9088K)->9032K(9088K)
[14006.330s][info][gc             ] GC(32463) Pause Young (Allocation Failure) 557M->477M(560M) 2.445ms
[14006.330s][info][gc,cpu         ] GC(32463) User=0.01s Sys=0.00s Real=0.00s
[14006.780s][info][gc,start       ] GC(32464) Pause Young (Allocation Failure)
[14006.783s][info][gc,heap        ] GC(32464) PSYoungGen: 82784K(84992K)->1024K(84480K) Eden: 82432K(82432K)->0K(82432K) From: 352K(2560K)->1024K(2048K)
[14006.783s][info][gc,heap        ] GC(32464) ParOldGen: 488858K(488960K)->488962K(489472K)
[14006.783s][info][gc,metaspace   ] GC(32464) Metaspace: 62250K(62528K)->62250K(62528K) NonClass: 53217K(53440K)->53217K(53440K) Class: 9032K(9088K)->9032K(9088K)
[14006.783s][info][gc             ] GC(32464) Pause Young (Allocation Failure) 558M->478M(560M) 3.136ms
[14006.783s][info][gc,cpu         ] GC(32464) User=0.00s Sys=0.00s Real=0.00s
[14007.215s][info][gc,start       ] GC(32465) Pause Young (Allocation Failure)
[14007.220s][info][gc,heap        ] GC(32465) PSYoungGen: 83456K(84480K)->1632K(83968K) Eden: 82432K(82432K)->0K(81920K) From: 1024K(2048K)->1632K(2048K)
[14007.220s][info][gc,heap        ] GC(32465) ParOldGen: 488962K(489472K)->491058K(492544K)
[14007.220s][info][gc,metaspace   ] GC(32465) Metaspace: 62250K(62528K)->62250K(62528K) NonClass: 53217K(53440K)->53217K(53440K) Class: 9032K(9088K)->9032K(9088K)
[14007.220s][info][gc             ] GC(32465) Pause Young (Allocation Failure) 559M->481M(563M) 4.817ms
[14007.220s][info][gc,cpu         ] GC(32465) User=0.00s Sys=0.01s Real=0.01s
[14007.686s][info][gc,start       ] GC(32466) Pause Young (Allocation Failure)
[14007.689s][info][gc,heap        ] GC(32466) PSYoungGen: 83552K(83968K)->1152K(84480K) Eden: 81920K(81920K)->0K(81920K) From: 1632K(2048K)->1152K(2560K)
[14007.689s][info][gc,heap        ] GC(32466) ParOldGen: 491058K(492544K)->491106K(492544K)
[14007.689s][info][gc,metaspace   ] GC(32466) Metaspace: 62250K(62528K)->62250K(62528K) NonClass: 53217K(53440K)->53217K(53440K) Class: 9032K(9088K)->9032K(9088K)
[14007.689s][info][gc             ] GC(32466) Pause Young (Allocation Failure) 561M->480M(563M) 3.139ms
[14007.689s][info][gc,cpu         ] GC(32466) User=0.01s Sys=0.00s Real=0.01s
[14008.150s][info][gc,start       ] GC(32467) Pause Young (Allocation Failure)
[14008.152s][info][gc,heap        ] GC(32467) PSYoungGen: 83072K(84480K)->640K(84480K) Eden: 81920K(81920K)->0K(81920K) From: 1152K(2560K)->640K(2560K)
[14008.152s][info][gc,heap        ] GC(32467) ParOldGen: 491106K(492544K)->491162K(492544K)
[14008.152s][info][gc,metaspace   ] GC(32467) Metaspace: 62250K(62528K)->62250K(62528K) NonClass: 53217K(53440K)->53217K(53440K) Class: 9032K(9088K)->9032K(9088K)
[14008.152s][info][gc             ] GC(32467) Pause Young (Allocation Failure) 560M->480M(563M) 2.613ms
[14008.152s][info][gc,cpu         ] GC(32467) User=0.01s Sys=0.00s Real=0.00s
[14008.618s][info][gc,start       ] GC(32468) Pause Young (Allocation Failure)
[14008.621s][info][gc,heap        ] GC(32468) PSYoungGen: 82560K(84480K)->192K(84480K) Eden: 81920K(81920K)->0K(81920K) From: 640K(2560K)->192K(2560K)
[14008.621s][info][gc,heap        ] GC(32468) ParOldGen: 491162K(492544K)->491210K(492544K)
[14008.621s][info][gc,metaspace   ] GC(32468) Metaspace: 62250K(62528K)->62250K(62528K) NonClass: 53217K(53440K)->53217K(53440K) Class: 9032K(9088K)->9032K(9088K)
[14008.621s][info][gc             ] GC(32468) Pause Young (Allocation Failure) 560M->479M(563M) 2.313ms
[14008.621s][info][gc,cpu         ] GC(32468) User=0.01s Sys=0.00s Real=0.00s
[14009.080s][info][gc,start       ] GC(32469) Pause Young (Allocation Failure)
[14009.083s][info][gc,heap        ] GC(32469) PSYoungGen: 82112K(84480K)->1024K(84992K) Eden: 81920K(81920K)->0K(82432K) From: 192K(2560K)->1024K(2560K)
[14009.083s][info][gc,heap        ] GC(32469) ParOldGen: 491210K(492544K)->491266K(492544K)
[14009.083s][info][gc,metaspace   ] GC(32469) Metaspace: 62250K(62528K)->62250K(62528K) NonClass: 53217K(53440K)->53217K(53440K) Class: 9032K(9088K)->9032K(9088K)
[14009.083s][info][gc             ] GC(32469) Pause Young (Allocation Failure) 559M->480M(564M) 3.133ms
[14009.083s][info][gc,cpu         ] GC(32469) User=0.00s Sys=0.00s Real=0.00s
[14009.548s][info][gc,start       ] GC(32470) Pause Young (Allocation Failure)
[14009.550s][info][gc,heap        ] GC(32470) PSYoungGen: 83456K(84992K)->640K(84480K) Eden: 82432K(82432K)->0K(82432K) From: 1024K(2560K)->640K(2048K)
[14009.550s][info][gc,heap        ] GC(32470) ParOldGen: 491266K(492544K)->491314K(492544K)
[14009.550s][info][gc,metaspace   ] GC(32470) Metaspace: 62250K(62528K)->62250K(62528K) NonClass: 53217K(53440K)->53217K(53440K) Class: 9032K(9088K)->9032K(9088K)
[14009.550s][info][gc             ] GC(32470) Pause Young (Allocation Failure) 561M->480M(563M) 2.680ms
[14009.550s][info][gc,cpu         ] GC(32470) User=0.01s Sys=0.00s Real=0.00s
[14010.017s][info][gc,start       ] GC(32471) Pause Young (Allocation Failure)
[14010.020s][info][gc,heap        ] GC(32471) PSYoungGen: 83072K(84480K)->1536K(83968K) Eden: 82432K(82432K)->0K(81920K) From: 640K(2048K)->1536K(2048K)
[14010.020s][info][gc,heap        ] GC(32471) ParOldGen: 491314K(492544K)->491362K(492544K)
[14010.020s][info][gc,metaspace   ] GC(32471) Metaspace: 62250K(62528K)->62250K(62528K) NonClass: 53217K(53440K)->53217K(53440K) Class: 9032K(9088K)->9032K(9088K)
[14010.021s][info][gc             ] GC(32471) Pause Young (Allocation Failure) 560M->481M(563M) 3.890ms
[14010.021s][info][gc,cpu         ] GC(32471) User=0.01s Sys=0.00s Real=0.00s
[14010.471s][info][gc,start       ] GC(32472) Pause Young (Allocation Failure)
[14010.474s][info][gc,heap        ] GC(32472) PSYoungGen: 83456K(83968K)->1024K(84480K) Eden: 81920K(81920K)->0K(81920K) From: 1536K(2048K)->1024K(2560K)
[14010.475s][info][gc,heap        ] GC(32472) ParOldGen: 491362K(492544K)->491410K(492544K)
[14010.475s][info][gc,metaspace   ] GC(32472) Metaspace: 62250K(62528K)->62250K(62528K) NonClass: 53217K(53440K)->53217K(53440K) Class: 9032K(9088K)->9032K(9088K)
[14010.475s][info][gc             ] GC(32472) Pause Young (Allocation Failure) 561M->480M(563M) 3.195ms
[14010.475s][info][gc,cpu         ] GC(32472) User=0.01s Sys=0.00s Real=0.00s
[14010.893s][info][gc,start       ] GC(32473) Pause Young (Allocation Failure)
[14010.896s][info][gc,heap        ] GC(32473) PSYoungGen: 82944K(84480K)->1312K(84992K) Eden: 81920K(81920K)->0K(82944K) From: 1024K(2560K)->1312K(2048K)
[14010.896s][info][gc,heap        ] GC(32473) ParOldGen: 491410K(492544K)->491466K(492544K)
[14010.896s][info][gc,metaspace   ] GC(32473) Metaspace: 62250K(62528K)->62250K(62528K) NonClass: 53217K(53440K)->53217K(53440K) Class: 9032K(9088K)->9032K(9088K)
[14010.896s][info][gc             ] GC(32473) Pause Young (Allocation Failure) 560M->481M(564M) 3.195ms
[14010.896s][info][gc,cpu         ] GC(32473) User=0.00s Sys=0.00s Real=0.00s
[14011.344s][info][gc,start       ] GC(32474) Pause Young (Allocation Failure)
[14011.347s][info][gc,heap        ] GC(32474) PSYoungGen: 84256K(84992K)->576K(84992K) Eden: 82944K(82944K)->0K(82944K) From: 1312K(2048K)->576K(2048K)
[14011.347s][info][gc,heap        ] GC(32474) ParOldGen: 491466K(492544K)->491514K(492544K)
[14011.347s][info][gc,metaspace   ] GC(32474) Metaspace: 62250K(62528K)->62250K(62528K) NonClass: 53217K(53440K)->53217K(53440K) Class: 9032K(9088K)->9032K(9088K)
[14011.347s][info][gc             ] GC(32474) Pause Young (Allocation Failure) 562M->480M(564M) 2.803ms
[14011.347s][info][gc,cpu         ] GC(32474) User=0.01s Sys=0.00s Real=0.01s
[14011.783s][info][gc,start       ] GC(32475) Pause Young (Allocation Failure)
[14011.786s][info][gc,heap        ] GC(32475) PSYoungGen: 82945K(84992K)->1120K(84992K) Eden: 82369K(82944K)->0K(82944K) From: 576K(2048K)->1120K(2048K)
[14011.786s][info][gc,heap        ] GC(32475) ParOldGen: 491514K(492544K)->491570K(492544K)
[14011.786s][info][gc,metaspace   ] GC(32475) Metaspace: 62250K(62528K)->62250K(62528K) NonClass: 53217K(53440K)->53217K(53440K) Class: 9032K(9088K)->9032K(9088K)
[14011.786s][info][gc             ] GC(32475) Pause Young (Allocation Failure) 560M->481M(564M) 3.422ms
[14011.786s][info][gc,cpu         ] GC(32475) User=0.01s Sys=0.00s Real=0.00s
[14012.230s][info][gc,start       ] GC(32476) Pause Young (Allocation Failure)
[14012.234s][info][gc,heap        ] GC(32476) PSYoungGen: 84064K(84992K)->1376K(84992K) Eden: 82944K(82944K)->0K(82944K) From: 1120K(2048K)->1376K(2048K)
[14012.234s][info][gc,heap        ] GC(32476) ParOldGen: 491570K(492544K)->493674K(494080K)
[14012.234s][info][gc,metaspace   ] GC(32476) Metaspace: 62250K(62528K)->62250K(62528K) NonClass: 53217K(53440K)->53217K(53440K) Class: 9032K(9088K)->9032K(9088K)
[14012.234s][info][gc             ] GC(32476) Pause Young (Allocation Failure) 562M->483M(565M) 4.159ms
[14012.234s][info][gc,cpu         ] GC(32476) User=0.01s Sys=0.01s Real=0.00s
[14012.695s][info][gc,start       ] GC(32477) Pause Young (Allocation Failure)
[14012.700s][info][gc,heap        ] GC(32477) PSYoungGen: 84320K(84992K)->1248K(84992K) Eden: 82944K(82944K)->0K(82944K) From: 1376K(2048K)->1248K(2048K)
[14012.700s][info][gc,heap        ] GC(32477) ParOldGen: 493674K(494080K)->495771K(497152K)
[14012.700s][info][gc,metaspace   ] GC(32477) Metaspace: 62250K(62528K)->62250K(62528K) NonClass: 53217K(53440K)->53217K(53440K) Class: 9032K(9088K)->9032K(9088K)
[14012.700s][info][gc             ] GC(32477) Pause Young (Allocation Failure) 564M->485M(568M) 4.389ms
[14012.700s][info][gc,cpu         ] GC(32477) User=0.00s Sys=0.01s Real=0.01s
[14013.178s][info][gc,start       ] GC(32478) Pause Young (Allocation Failure)
[14013.181s][info][gc,heap        ] GC(32478) PSYoungGen: 84192K(84992K)->1024K(84992K) Eden: 82944K(82944K)->0K(82944K) From: 1248K(2048K)->1024K(2048K)
[14013.181s][info][gc,heap        ] GC(32478) ParOldGen: 495771K(497152K)->495827K(497152K)
[14013.181s][info][gc,metaspace   ] GC(32478) Metaspace: 62250K(62528K)->62250K(62528K) NonClass: 53217K(53440K)->53217K(53440K) Class: 9032K(9088K)->9032K(9088K)
[14013.181s][info][gc             ] GC(32478) Pause Young (Allocation Failure) 566M->485M(568M) 2.934ms
[14013.181s][info][gc,cpu         ] GC(32478) User=0.00s Sys=0.00s Real=0.00s
[14013.664s][info][gc,start       ] GC(32479) Pause Young (Allocation Failure)
[14013.666s][info][gc,heap        ] GC(32479) PSYoungGen: 83968K(84992K)->800K(84992K) Eden: 82944K(82944K)->0K(82944K) From: 1024K(2048K)->800K(2048K)
[14013.666s][info][gc,heap        ] GC(32479) ParOldGen: 495827K(497152K)->495883K(497152K)
[14013.666s][info][gc,metaspace   ] GC(32479) Metaspace: 62250K(62528K)->62250K(62528K) NonClass: 53217K(53440K)->53217K(53440K) Class: 9032K(9088K)->9032K(9088K)
[14013.666s][info][gc             ] GC(32479) Pause Young (Allocation Failure) 566M->485M(568M) 2.706ms
[14013.666s][info][gc,cpu         ] GC(32479) User=0.00s Sys=0.00s Real=0.01s
[14014.165s][info][gc,start       ] GC(32480) Pause Young (Allocation Failure)
[14014.168s][info][gc,heap        ] GC(32480) PSYoungGen: 83744K(84992K)->960K(84992K) Eden: 82944K(82944K)->0K(82944K) From: 800K(2048K)->960K(2048K)
[14014.168s][info][gc,heap        ] GC(32480) ParOldGen: 495883K(497152K)->495939K(497152K)
[14014.168s][info][gc,metaspace   ] GC(32480) Metaspace: 62250K(62528K)->62250K(62528K) NonClass: 53217K(53440K)->53217K(53440K) Class: 9032K(9088K)->9032K(9088K)
[14014.168s][info][gc             ] GC(32480) Pause Young (Allocation Failure) 566M->485M(568M) 2.974ms
[14014.168s][info][gc,cpu         ] GC(32480) User=0.01s Sys=0.00s Real=0.01s
[14014.612s][info][gc,start       ] GC(32481) Pause Young (Allocation Failure)
[14014.615s][info][gc,heap        ] GC(32481) PSYoungGen: 83904K(84992K)->1536K(84992K) Eden: 82944K(82944K)->0K(82944K) From: 960K(2048K)->1536K(2048K)
[14014.615s][info][gc,heap        ] GC(32481) ParOldGen: 495939K(497152K)->496043K(497152K)
[14014.615s][info][gc,metaspace   ] GC(32481) Metaspace: 62250K(62528K)->62250K(62528K) NonClass: 53217K(53440K)->53217K(53440K) Class: 9032K(9088K)->9032K(9088K)
[14014.615s][info][gc             ] GC(32481) Pause Young (Allocation Failure) 566M->485M(568M) 3.658ms
[14014.615s][info][gc,cpu         ] GC(32481) User=0.00s Sys=0.00s Real=0.00s
[14015.081s][info][gc,start       ] GC(32482) Pause Young (Allocation Failure)
[14015.084s][info][gc,heap        ] GC(32482) PSYoungGen: 84480K(84992K)->1056K(84992K) Eden: 82944K(82944K)->0K(82944K) From: 1536K(2048K)->1056K(2048K)
[14015.084s][info][gc,heap        ] GC(32482) ParOldGen: 496043K(497152K)->496091K(497152K)
[14015.084s][info][gc,metaspace   ] GC(32482) Metaspace: 62250K(62528K)->62250K(62528K) NonClass: 53217K(53440K)->53217K(53440K) Class: 9032K(9088K)->9032K(9088K)
[14015.084s][info][gc             ] GC(32482) Pause Young (Allocation Failure) 566M->485M(568M) 2.967ms
[14015.084s][info][gc,cpu         ] GC(32482) User=0.00s Sys=0.00s Real=0.00s
[14015.557s][info][gc,start       ] GC(32483) Pause Young (Allocation Failure)
[14015.560s][info][gc,heap        ] GC(32483) PSYoungGen: 84000K(84992K)->672K(84992K) Eden: 82944K(82944K)->0K(82944K) From: 1056K(2048K)->672K(2048K)
[14015.560s][info][gc,heap        ] GC(32483) ParOldGen: 496091K(497152K)->496139K(497152K)
[14015.560s][info][gc,metaspace   ] GC(32483) Metaspace: 62250K(62528K)->62250K(62528K) NonClass: 53217K(53440K)->53217K(53440K) Class: 9032K(9088K)->9032K(9088K)
[14015.560s][info][gc             ] GC(32483) Pause Young (Allocation Failure) 566M->485M(568M) 2.908ms
[14015.560s][info][gc,cpu         ] GC(32483) User=0.00s Sys=0.00s Real=0.00s
[14016.041s][info][gc,start       ] GC(32484) Pause Young (Allocation Failure)
[14016.044s][info][gc,heap        ] GC(32484) PSYoungGen: 83616K(84992K)->480K(84992K) Eden: 82944K(82944K)->0K(82944K) From: 672K(2048K)->480K(2048K)
[14016.044s][info][gc,heap        ] GC(32484) ParOldGen: 496139K(497152K)->496187K(497152K)
[14016.044s][info][gc,metaspace   ] GC(32484) Metaspace: 62250K(62528K)->62250K(62528K) NonClass: 53217K(53440K)->53217K(53440K) Class: 9032K(9088K)->9032K(9088K)
[14016.044s][info][gc             ] GC(32484) Pause Young (Allocation Failure) 566M->485M(568M) 2.455ms
[14016.044s][info][gc,cpu         ] GC(32484) User=0.01s Sys=0.00s Real=0.00s
[14016.532s][info][gc,start       ] GC(32485) Pause Young (Allocation Failure)
[14016.534s][info][gc,heap        ] GC(32485) PSYoungGen: 83424K(84992K)->416K(84992K) Eden: 82944K(82944K)->0K(82944K) From: 480K(2048K)->416K(2048K)
[14016.534s][info][gc,heap        ] GC(32485) ParOldGen: 496187K(497152K)->496235K(497152K)
[14016.534s][info][gc,metaspace   ] GC(32485) Metaspace: 62250K(62528K)->62250K(62528K) NonClass: 53217K(53440K)->53217K(53440K) Class: 9032K(9088K)->9032K(9088K)
[14016.534s][info][gc             ] GC(32485) Pause Young (Allocation Failure) 566M->485M(568M) 2.647ms
[14016.534s][info][gc,cpu         ] GC(32485) User=0.01s Sys=0.00s Real=0.00s
[14016.988s][info][gc,start       ] GC(32486) Pause Young (Allocation Failure)
[14016.991s][info][gc,heap        ] GC(32486) PSYoungGen: 83360K(84992K)->1312K(84992K) Eden: 82944K(82944K)->0K(82944K) From: 416K(2048K)->1312K(2048K)
[14016.991s][info][gc,heap        ] GC(32486) ParOldGen: 496235K(497152K)->496283K(497152K)
[14016.991s][info][gc,metaspace   ] GC(32486) Metaspace: 62250K(62528K)->62250K(62528K) NonClass: 53217K(53440K)->53217K(53440K) Class: 9032K(9088K)->9032K(9088K)
[14016.991s][info][gc             ] GC(32486) Pause Young (Allocation Failure) 566M->485M(568M) 3.299ms
[14016.991s][info][gc,cpu         ] GC(32486) User=0.01s Sys=0.00s Real=0.00s
[14017.453s][info][gc,start       ] GC(32487) Pause Young (Allocation Failure)
[14017.455s][info][gc,heap        ] GC(32487) PSYoungGen: 84256K(84992K)->672K(84992K) Eden: 82944K(82944K)->0K(82944K) From: 1312K(2048K)->672K(2048K)
[14017.455s][info][gc,heap        ] GC(32487) ParOldGen: 496283K(497152K)->496339K(497152K)
[14017.455s][info][gc,metaspace   ] GC(32487) Metaspace: 62250K(62528K)->62250K(62528K) NonClass: 53217K(53440K)->53217K(53440K) Class: 9032K(9088K)->9032K(9088K)
[14017.455s][info][gc             ] GC(32487) Pause Young (Allocation Failure) 566M->485M(568M) 2.835ms
[14017.455s][info][gc,cpu         ] GC(32487) User=0.00s Sys=0.00s Real=0.00s
[14017.947s][info][gc,start       ] GC(32488) Pause Young (Allocation Failure)
[14017.949s][info][gc,heap        ] GC(32488) PSYoungGen: 83616K(84992K)->544K(84992K) Eden: 82944K(82944K)->0K(82944K) From: 672K(2048K)->544K(2048K)
[14017.949s][info][gc,heap        ] GC(32488) ParOldGen: 496339K(497152K)->496395K(497152K)
[14017.949s][info][gc,metaspace   ] GC(32488) Metaspace: 62250K(62528K)->62250K(62528K) NonClass: 53217K(53440K)->53217K(53440K) Class: 9032K(9088K)->9032K(9088K)
[14017.949s][info][gc             ] GC(32488) Pause Young (Allocation Failure) 566M->485M(568M) 2.780ms
[14017.949s][info][gc,cpu         ] GC(32488) User=0.01s Sys=0.00s Real=0.00s
[14018.381s][info][gc,start       ] GC(32489) Pause Young (Allocation Failure)
[14018.385s][info][gc,heap        ] GC(32489) PSYoungGen: 83488K(84992K)->1184K(84992K) Eden: 82944K(82944K)->0K(82944K) From: 544K(2048K)->1184K(2048K)
[14018.385s][info][gc,heap        ] GC(32489) ParOldGen: 496395K(497152K)->496451K(497152K)
[14018.385s][info][gc,metaspace   ] GC(32489) Metaspace: 62250K(62528K)->62250K(62528K) NonClass: 53217K(53440K)->53217K(53440K) Class: 9032K(9088K)->9032K(9088K)
[14018.385s][info][gc             ] GC(32489) Pause Young (Allocation Failure) 566M->485M(568M) 3.237ms
[14018.385s][info][gc,cpu         ] GC(32489) User=0.01s Sys=0.01s Real=0.00s
[14018.792s][info][gc,start       ] GC(32490) Pause Young (Allocation Failure)
[14018.796s][info][gc,heap        ] GC(32490) PSYoungGen: 84128K(84992K)->1376K(84992K) Eden: 82944K(82944K)->0K(82944K) From: 1184K(2048K)->1376K(2048K)
[14018.796s][info][gc,heap        ] GC(32490) ParOldGen: 496451K(497152K)->496507K(497152K)
[14018.796s][info][gc,metaspace   ] GC(32490) Metaspace: 62250K(62528K)->62250K(62528K) NonClass: 53217K(53440K)->53217K(53440K) Class: 9032K(9088K)->9032K(9088K)
[14018.796s][info][gc             ] GC(32490) Pause Young (Allocation Failure) 566M->486M(568M) 3.519ms
[14018.796s][info][gc,cpu         ] GC(32490) User=0.01s Sys=0.00s Real=0.00s
[14019.226s][info][gc,start       ] GC(32491) Pause Young (Allocation Failure)
[14019.228s][info][gc,heap        ] GC(32491) PSYoungGen: 84320K(84992K)->320K(84992K) Eden: 82944K(82944K)->0K(82944K) From: 1376K(2048K)->320K(2048K)
[14019.228s][info][gc,heap        ] GC(32491) ParOldGen: 496507K(497152K)->496555K(497152K)
[14019.228s][info][gc,metaspace   ] GC(32491) Metaspace: 62250K(62528K)->62250K(62528K) NonClass: 53217K(53440K)->53217K(53440K) Class: 9032K(9088K)->9032K(9088K)
[14019.228s][info][gc             ] GC(32491) Pause Young (Allocation Failure) 567M->485M(568M) 2.305ms
[14019.228s][info][gc,cpu         ] GC(32491) User=0.00s Sys=0.00s Real=0.01s
[14019.669s][info][gc,start       ] GC(32492) Pause Young (Allocation Failure)
[14019.672s][info][gc,heap        ] GC(32492) PSYoungGen: 83264K(84992K)->992K(84992K) Eden: 82944K(82944K)->0K(82944K) From: 320K(2048K)->992K(2048K)
[14019.672s][info][gc,heap        ] GC(32492) ParOldGen: 496555K(497152K)->496603K(497152K)
[14019.672s][info][gc,metaspace   ] GC(32492) Metaspace: 62250K(62528K)->62250K(62528K) NonClass: 53217K(53440K)->53217K(53440K) Class: 9032K(9088K)->9032K(9088K)
[14019.672s][info][gc             ] GC(32492) Pause Young (Allocation Failure) 566M->485M(568M) 3.097ms
[14019.672s][info][gc,cpu         ] GC(32492) User=0.01s Sys=0.00s Real=0.00s
[14020.093s][info][gc,start       ] GC(32493) Pause Young (Allocation Failure)
[14020.096s][info][gc,heap        ] GC(32493) PSYoungGen: 83936K(84992K)->1248K(84992K) Eden: 82944K(82944K)->0K(82944K) From: 992K(2048K)->1248K(2048K)
[14020.096s][info][gc,heap        ] GC(32493) ParOldGen: 496603K(497152K)->496651K(497152K)
[14020.096s][info][gc,metaspace   ] GC(32493) Metaspace: 62250K(62528K)->62250K(62528K) NonClass: 53217K(53440K)->53217K(53440K) Class: 9032K(9088K)->9032K(9088K)
[14020.096s][info][gc             ] GC(32493) Pause Young (Allocation Failure) 566M->486M(568M) 3.179ms
[14020.096s][info][gc,cpu         ] GC(32493) User=0.01s Sys=0.00s Real=0.00s
[14020.578s][info][gc,start       ] GC(32494) Pause Young (Allocation Failure)
[14020.581s][info][gc,heap        ] GC(32494) PSYoungGen: 84192K(84992K)->960K(84992K) Eden: 82944K(82944K)->0K(82944K) From: 1248K(2048K)->960K(2048K)
[14020.581s][info][gc,heap        ] GC(32494) ParOldGen: 496651K(497152K)->496699K(497152K)
[14020.581s][info][gc,metaspace   ] GC(32494) Metaspace: 62250K(62528K)->62250K(62528K) NonClass: 53217K(53440K)->53217K(53440K) Class: 9032K(9088K)->9032K(9088K)
[14020.581s][info][gc             ] GC(32494) Pause Young (Allocation Failure) 567M->485M(568M) 2.897ms
[14020.581s][info][gc,cpu         ] GC(32494) User=0.01s Sys=0.00s Real=0.00s
[14021.062s][info][gc,start       ] GC(32495) Pause Young (Allocation Failure)
[14021.065s][info][gc,heap        ] GC(32495) PSYoungGen: 83904K(84992K)->896K(84992K) Eden: 82944K(82944K)->0K(82944K) From: 960K(2048K)->896K(2048K)
[14021.065s][info][gc,heap        ] GC(32495) ParOldGen: 496699K(497152K)->496747K(497152K)
[14021.065s][info][gc,metaspace   ] GC(32495) Metaspace: 62250K(62528K)->62250K(62528K) NonClass: 53217K(53440K)->53217K(53440K) Class: 9032K(9088K)->9032K(9088K)
[14021.065s][info][gc             ] GC(32495) Pause Young (Allocation Failure) 566M->485M(568M) 2.881ms
[14021.065s][info][gc,cpu         ] GC(32495) User=0.00s Sys=0.00s Real=0.00s
[14021.532s][info][gc,start       ] GC(32496) Pause Young (Allocation Failure)
[14021.535s][info][gc,heap        ] GC(32496) PSYoungGen: 83840K(84992K)->1488K(84992K) Eden: 82944K(82944K)->0K(82944K) From: 896K(2048K)->1488K(2048K)
[14021.535s][info][gc,heap        ] GC(32496) ParOldGen: 496747K(497152K)->497819K(498688K)
[14021.535s][info][gc,metaspace   ] GC(32496) Metaspace: 62250K(62528K)->62250K(62528K) NonClass: 53217K(53440K)->53217K(53440K) Class: 9032K(9088K)->9032K(9088K)
[14021.535s][info][gc             ] GC(32496) Pause Young (Allocation Failure) 566M->487M(570M) 3.345ms
[14021.535s][info][gc,cpu         ] GC(32496) User=0.01s Sys=0.00s Real=0.00s
[14021.974s][info][gc,start       ] GC(32497) Pause Young (Allocation Failure)
[14021.978s][info][gc,heap        ] GC(32497) PSYoungGen: 84432K(84992K)->928K(84992K) Eden: 82944K(82944K)->0K(82944K) From: 1488K(2048K)->928K(2048K)
[14021.978s][info][gc,heap        ] GC(32497) ParOldGen: 497819K(498688K)->499963K(500224K)
[14021.978s][info][gc,metaspace   ] GC(32497) Metaspace: 62250K(62528K)->62250K(62528K) NonClass: 53217K(53440K)->53217K(53440K) Class: 9032K(9088K)->9032K(9088K)
[14021.978s][info][gc             ] GC(32497) Pause Young (Allocation Failure) 568M->489M(571M) 4.234ms
[14021.978s][info][gc,cpu         ] GC(32497) User=0.01s Sys=0.01s Real=0.01s
[14022.395s][info][gc,start       ] GC(32498) Pause Young (Allocation Failure)
[14022.398s][info][gc,heap        ] GC(32498) PSYoungGen: 83872K(84992K)->1344K(84992K) Eden: 82944K(82944K)->0K(82944K) From: 928K(2048K)->1344K(2048K)
[14022.398s][info][gc,heap        ] GC(32498) ParOldGen: 499963K(500224K)->500011K(500224K)
[14022.398s][info][gc,metaspace   ] GC(32498) Metaspace: 62250K(62528K)->62250K(62528K) NonClass: 53217K(53440K)->53217K(53440K) Class: 9032K(9088K)->9032K(9088K)
[14022.398s][info][gc             ] GC(32498) Pause Young (Allocation Failure) 570M->489M(571M) 3.286ms
[14022.398s][info][gc,cpu         ] GC(32498) User=0.01s Sys=0.00s Real=0.01s
[14022.834s][info][gc,start       ] GC(32499) Pause Young (Allocation Failure)
[14022.836s][info][gc,heap        ] GC(32499) PSYoungGen: 84288K(84992K)->448K(84992K) Eden: 82944K(82944K)->0K(82944K) From: 1344K(2048K)->448K(2048K)
[14022.836s][info][gc,heap        ] GC(32499) ParOldGen: 500011K(500224K)->500059K(500224K)
[14022.836s][info][gc,metaspace   ] GC(32499) Metaspace: 62250K(62528K)->62250K(62528K) NonClass: 53217K(53440K)->53217K(53440K) Class: 9032K(9088K)->9032K(9088K)
[14022.836s][info][gc             ] GC(32499) Pause Young (Allocation Failure) 570M->488M(571M) 2.652ms
[14022.836s][info][gc,cpu         ] GC(32499) User=0.00s Sys=0.00s Real=0.00s
[14023.270s][info][gc,start       ] GC(32500) Pause Young (Allocation Failure)
[14023.272s][info][gc,heap        ] GC(32500) PSYoungGen: 83392K(84992K)->896K(84992K) Eden: 82944K(82944K)->0K(82944K) From: 448K(2048K)->896K(2048K)
[14023.272s][info][gc,heap        ] GC(32500) ParOldGen: 500059K(500224K)->500107K(500224K)
[14023.272s][info][gc,metaspace   ] GC(32500) Metaspace: 62250K(62528K)->62250K(62528K) NonClass: 53217K(53440K)->53217K(53440K) Class: 9032K(9088K)->9032K(9088K)
[14023.273s][info][gc             ] GC(32500) Pause Young (Allocation Failure) 569M->489M(571M) 2.830ms
[14023.273s][info][gc,cpu         ] GC(32500) User=0.01s Sys=0.00s Real=0.00s
[14023.716s][info][gc,start       ] GC(32501) Pause Young (Allocation Failure)
[14023.719s][info][gc,heap        ] GC(32501) PSYoungGen: 83840K(84992K)->1632K(84992K) Eden: 82944K(82944K)->0K(82944K) From: 896K(2048K)->1632K(2048K)
[14023.720s][info][gc,heap        ] GC(32501) ParOldGen: 500107K(500224K)->500155K(500224K)
[14023.720s][info][gc,metaspace   ] GC(32501) Metaspace: 62250K(62528K)->62250K(62528K) NonClass: 53217K(53440K)->53217K(53440K) Class: 9032K(9088K)->9032K(9088K)
[14023.720s][info][gc             ] GC(32501) Pause Young (Allocation Failure) 570M->490M(571M) 3.704ms
[14023.720s][info][gc,cpu         ] GC(32501) User=0.01s Sys=0.00s Real=0.01s
[14024.160s][info][gc,start       ] GC(32502) Pause Young (Allocation Failure)
[14024.163s][info][gc,heap        ] GC(32502) PSYoungGen: 84576K(84992K)->800K(84992K) Eden: 82944K(82944K)->0K(82944K) From: 1632K(2048K)->800K(2048K)
[14024.163s][info][gc,heap        ] GC(32502) ParOldGen: 500155K(500224K)->500211K(500224K)
[14024.163s][info][gc,metaspace   ] GC(32502) Metaspace: 62250K(62528K)->62250K(62528K) NonClass: 53217K(53440K)->53217K(53440K) Class: 9032K(9088K)->9032K(9088K)
[14024.163s][info][gc             ] GC(32502) Pause Young (Allocation Failure) 571M->489M(571M) 2.963ms
[14024.163s][info][gc,cpu         ] GC(32502) User=0.00s Sys=0.00s Real=0.00s
[14024.583s][info][gc,start       ] GC(32503) Pause Young (Allocation Failure)
[14024.586s][info][gc,heap        ] GC(32503) PSYoungGen: 83744K(84992K)->1120K(84992K) Eden: 82944K(82944K)->0K(82944K) From: 800K(2048K)->1120K(2048K)
[14024.586s][info][gc,heap        ] GC(32503) ParOldGen: 500211K(500224K)->500267K(500736K)
[14024.586s][info][gc,metaspace   ] GC(32503) Metaspace: 62250K(62528K)->62250K(62528K) NonClass: 53217K(53440K)->53217K(53440K) Class: 9032K(9088K)->9032K(9088K)
[14024.586s][info][gc             ] GC(32503) Pause Young (Allocation Failure) 570M->489M(572M) 3.309ms
[14024.586s][info][gc,cpu         ] GC(32503) User=0.01s Sys=0.00s Real=0.00s
[14025.021s][info][gc,start       ] GC(32504) Pause Young (Allocation Failure)
[14025.024s][info][gc,heap        ] GC(32504) PSYoungGen: 84064K(84992K)->256K(84992K) Eden: 82944K(82944K)->0K(82944K) From: 1120K(2048K)->256K(2048K)
[14025.024s][info][gc,heap        ] GC(32504) ParOldGen: 500267K(500736K)->500315K(500736K)
[14025.024s][info][gc,metaspace   ] GC(32504) Metaspace: 62250K(62528K)->62250K(62528K) NonClass: 53217K(53440K)->53217K(53440K) Class: 9032K(9088K)->9032K(9088K)
[14025.024s][info][gc             ] GC(32504) Pause Young (Allocation Failure) 570M->488M(572M) 2.333ms
[14025.024s][info][gc,cpu         ] GC(32504) User=0.01s Sys=0.00s Real=0.00s
[14025.457s][info][gc,start       ] GC(32505) Pause Young (Allocation Failure)
[14025.460s][info][gc,heap        ] GC(32505) PSYoungGen: 83200K(84992K)->800K(84992K) Eden: 82944K(82944K)->0K(82944K) From: 256K(2048K)->800K(2048K)
[14025.460s][info][gc,heap        ] GC(32505) ParOldGen: 500315K(500736K)->500363K(500736K)
[14025.460s][info][gc,metaspace   ] GC(32505) Metaspace: 62250K(62528K)->62250K(62528K) NonClass: 53217K(53440K)->53217K(53440K) Class: 9032K(9088K)->9032K(9088K)
[14025.460s][info][gc             ] GC(32505) Pause Young (Allocation Failure) 569M->489M(572M) 2.808ms
[14025.460s][info][gc,cpu         ] GC(32505) User=0.01s Sys=0.00s Real=0.00s
[14025.916s][info][gc,start       ] GC(32506) Pause Young (Allocation Failure)
[14025.920s][info][gc,heap        ] GC(32506) PSYoungGen: 83744K(84992K)->1568K(84992K) Eden: 82944K(82944K)->0K(82944K) From: 800K(2048K)->1568K(2048K)
[14025.920s][info][gc,heap        ] GC(32506) ParOldGen: 500363K(500736K)->500411K(500736K)
[14025.920s][info][gc,metaspace   ] GC(32506) Metaspace: 62250K(62528K)->62250K(62528K) NonClass: 53217K(53440K)->53217K(53440K) Class: 9032K(9088K)->9032K(9088K)
[14025.920s][info][gc             ] GC(32506) Pause Young (Allocation Failure) 570M->490M(572M) 3.451ms
[14025.920s][info][gc,cpu         ] GC(32506) User=0.01s Sys=0.00s Real=0.01s
[14026.387s][info][gc,start       ] GC(32507) Pause Young (Allocation Failure)
[14026.390s][info][gc,heap        ] GC(32507) PSYoungGen: 84512K(84992K)->2016K(82944K) Eden: 82944K(82944K)->0K(80896K) From: 1568K(2048K)->2016K(2048K)
[14026.390s][info][gc,heap        ] GC(32507) ParOldGen: 500411K(500736K)->501611K(502272K)
[14026.390s][info][gc,metaspace   ] GC(32507) Metaspace: 62250K(62528K)->62250K(62528K) NonClass: 53217K(53440K)->53217K(53440K) Class: 9032K(9088K)->9032K(9088K)
[14026.390s][info][gc             ] GC(32507) Pause Young (Allocation Failure) 571M->491M(571M) 3.803ms
[14026.390s][info][gc,cpu         ] GC(32507) User=0.01s Sys=0.00s Real=0.00s
[14026.854s][info][gc,start       ] GC(32508) Pause Young (Allocation Failure)
[14026.857s][info][gc,heap        ] GC(32508) PSYoungGen: 82912K(82944K)->640K(83968K) Eden: 80896K(80896K)->0K(80896K) From: 2016K(2048K)->640K(3072K)
[14026.857s][info][gc,heap        ] GC(32508) ParOldGen: 501611K(502272K)->503683K(503808K)
[14026.857s][info][gc,metaspace   ] GC(32508) Metaspace: 62250K(62528K)->62250K(62528K) NonClass: 53217K(53440K)->53217K(53440K) Class: 9032K(9088K)->9032K(9088K)
[14026.857s][info][gc             ] GC(32508) Pause Young (Allocation Failure) 570M->492M(574M) 3.856ms
[14026.857s][info][gc,cpu         ] GC(32508) User=0.01s Sys=0.00s Real=0.01s
[14027.318s][info][gc,start       ] GC(32509) Pause Young (Allocation Failure)
[14027.320s][info][gc,heap        ] GC(32509) PSYoungGen: 81536K(83968K)->160K(83968K) Eden: 80896K(80896K)->0K(80896K) From: 640K(3072K)->160K(3072K)
[14027.320s][info][gc,heap        ] GC(32509) ParOldGen: 503683K(503808K)->503739K(503808K)
[14027.320s][info][gc,metaspace   ] GC(32509) Metaspace: 62250K(62528K)->62250K(62528K) NonClass: 53217K(53440K)->53217K(53440K) Class: 9032K(9088K)->9032K(9088K)
[14027.320s][info][gc             ] GC(32509) Pause Young (Allocation Failure) 571M->492M(574M) 2.261ms
[14027.320s][info][gc,cpu         ] GC(32509) User=0.00s Sys=0.00s Real=0.00s
[14027.723s][info][gc,start       ] GC(32510) Pause Young (Allocation Failure)
[14027.725s][info][gc,heap        ] GC(32510) PSYoungGen: 81056K(83968K)->256K(83968K) Eden: 80896K(80896K)->0K(80896K) From: 160K(3072K)->256K(3072K)
[14027.725s][info][gc,heap        ] GC(32510) ParOldGen: 503739K(503808K)->503795K(503808K)
[14027.725s][info][gc,metaspace   ] GC(32510) Metaspace: 62250K(62528K)->62250K(62528K) NonClass: 53217K(53440K)->53217K(53440K) Class: 9032K(9088K)->9032K(9088K)
[14027.725s][info][gc             ] GC(32510) Pause Young (Allocation Failure) 571M->492M(574M) 2.357ms
[14027.725s][info][gc,cpu         ] GC(32510) User=0.01s Sys=0.00s Real=0.00s
[14028.122s][info][gc,start       ] GC(32511) Pause Young (Allocation Failure)
[14028.124s][info][gc,heap        ] GC(32511) PSYoungGen: 81152K(83968K)->256K(83968K) Eden: 80896K(80896K)->0K(80896K) From: 256K(3072K)->256K(3072K)
[14028.124s][info][gc,heap        ] GC(32511) ParOldGen: 503795K(503808K)->503843K(504320K)
[14028.124s][info][gc,metaspace   ] GC(32511) Metaspace: 62250K(62528K)->62250K(62528K) NonClass: 53217K(53440K)->53217K(53440K) Class: 9032K(9088K)->9032K(9088K)
[14028.124s][info][gc             ] GC(32511) Pause Young (Allocation Failure) 571M->492M(574M) 2.398ms
[14028.124s][info][gc,cpu         ] GC(32511) User=0.01s Sys=0.00s Real=0.00s
[14028.536s][info][gc,start       ] GC(32512) Pause Young (Allocation Failure)
[14028.539s][info][gc,heap        ] GC(32512) PSYoungGen: 81152K(83968K)->512K(83968K) Eden: 80896K(80896K)->0K(80896K) From: 256K(3072K)->512K(3072K)
[14028.539s][info][gc,heap        ] GC(32512) ParOldGen: 503843K(504320K)->503899K(504320K)
[14028.539s][info][gc,metaspace   ] GC(32512) Metaspace: 62250K(62528K)->62250K(62528K) NonClass: 53217K(53440K)->53217K(53440K) Class: 9032K(9088K)->9032K(9088K)
[14028.539s][info][gc             ] GC(32512) Pause Young (Allocation Failure) 571M->492M(574M) 2.627ms
[14028.539s][info][gc,cpu         ] GC(32512) User=0.01s Sys=0.00s Real=0.01s
[14029.027s][info][gc,start       ] GC(32513) Pause Young (Allocation Failure)
[14029.030s][info][gc,heap        ] GC(32513) PSYoungGen: 81408K(83968K)->352K(84480K) Eden: 80896K(80896K)->0K(81920K) From: 512K(3072K)->352K(2560K)
[14029.030s][info][gc,heap        ] GC(32513) ParOldGen: 503899K(504320K)->503955K(504320K)
[14029.030s][info][gc,metaspace   ] GC(32513) Metaspace: 62250K(62528K)->62250K(62528K) NonClass: 53217K(53440K)->53217K(53440K) Class: 9032K(9088K)->9032K(9088K)
[14029.030s][info][gc             ] GC(32513) Pause Young (Allocation Failure) 571M->492M(575M) 2.547ms
[14029.030s][info][gc,cpu         ] GC(32513) User=0.00s Sys=0.00s Real=0.00s
[14029.494s][info][gc,start       ] GC(32514) Pause Young (Allocation Failure)
[14029.498s][info][gc,heap        ] GC(32514) PSYoungGen: 82272K(84480K)->1216K(84480K) Eden: 81920K(81920K)->0K(81920K) From: 352K(2560K)->1216K(2560K)
[14029.498s][info][gc,heap        ] GC(32514) ParOldGen: 503955K(504320K)->504059K(504320K)
[14029.498s][info][gc,metaspace   ] GC(32514) Metaspace: 62250K(62528K)->62250K(62528K) NonClass: 53217K(53440K)->53217K(53440K) Class: 9032K(9088K)->9032K(9088K)
[14029.498s][info][gc             ] GC(32514) Pause Young (Allocation Failure) 572M->493M(575M) 3.398ms
[14029.498s][info][gc,cpu         ] GC(32514) User=0.01s Sys=0.00s Real=0.01s
[14029.967s][info][gc,start       ] GC(32515) Pause Young (Allocation Failure)
[14029.970s][info][gc,heap        ] GC(32515) PSYoungGen: 83136K(84480K)->896K(84480K) Eden: 81920K(81920K)->0K(81920K) From: 1216K(2560K)->896K(2560K)
[14029.970s][info][gc,heap        ] GC(32515) ParOldGen: 504059K(504320K)->504107K(504320K)
[14029.970s][info][gc,metaspace   ] GC(32515) Metaspace: 62250K(62528K)->62250K(62528K) NonClass: 53217K(53440K)->53217K(53440K) Class: 9032K(9088K)->9032K(9088K)
[14029.970s][info][gc             ] GC(32515) Pause Young (Allocation Failure) 573M->493M(575M) 2.909ms
[14029.970s][info][gc,cpu         ] GC(32515) User=0.00s Sys=0.00s Real=0.00s
[14030.400s][info][gc,start       ] GC(32516) Pause Young (Allocation Failure)
[14030.404s][info][gc,heap        ] GC(32516) PSYoungGen: 82816K(84480K)->1408K(84480K) Eden: 81920K(81920K)->0K(81920K) From: 896K(2560K)->1408K(2560K)
[14030.404s][info][gc,heap        ] GC(32516) ParOldGen: 504107K(504320K)->504155K(504320K)
[14030.404s][info][gc,metaspace   ] GC(32516) Metaspace: 62250K(62528K)->62250K(62528K) NonClass: 53217K(53440K)->53217K(53440K) Class: 9032K(9088K)->9032K(9088K)
[14030.404s][info][gc             ] GC(32516) Pause Young (Allocation Failure) 573M->493M(575M) 3.470ms
[14030.404s][info][gc,cpu         ] GC(32516) User=0.01s Sys=0.00s Real=0.00s
[14030.839s][info][gc,start       ] GC(32517) Pause Young (Allocation Failure)
[14030.842s][info][gc,heap        ] GC(32517) PSYoungGen: 83328K(84480K)->2528K(83456K) Eden: 81920K(81920K)->0K(80896K) From: 1408K(2560K)->2528K(2560K)
[14030.842s][info][gc,heap        ] GC(32517) ParOldGen: 504155K(504320K)->505235K(505856K)
[14030.842s][info][gc,metaspace   ] GC(32517) Metaspace: 62250K(62528K)->62250K(62528K) NonClass: 53217K(53440K)->53217K(53440K) Class: 9032K(9088K)->9032K(9088K)
[14030.842s][info][gc             ] GC(32517) Pause Young (Allocation Failure) 573M->495M(575M) 3.602ms
[14030.842s][info][gc,cpu         ] GC(32517) User=0.01s Sys=0.00s Real=0.00s
[14031.290s][info][gc,start       ] GC(32518) Pause Young (Allocation Failure)
[14031.294s][info][gc,heap        ] GC(32518) PSYoungGen: 83424K(83456K)->1152K(83968K) Eden: 80896K(80896K)->0K(80896K) From: 2528K(2560K)->1152K(3072K)
[14031.294s][info][gc,heap        ] GC(32518) ParOldGen: 505235K(505856K)->507339K(507392K)
[14031.294s][info][gc,metaspace   ] GC(32518) Metaspace: 62250K(62528K)->62250K(62528K) NonClass: 53217K(53440K)->53217K(53440K) Class: 9032K(9088K)->9032K(9088K)
[14031.294s][info][gc             ] GC(32518) Pause Young (Allocation Failure) 574M->496M(577M) 4.539ms
[14031.294s][info][gc,cpu         ] GC(32518) User=0.01s Sys=0.00s Real=0.00s
[14031.740s][info][gc,start       ] GC(32519) Pause Young (Allocation Failure)
[14031.743s][info][gc,heap        ] GC(32519) PSYoungGen: 82048K(83968K)->512K(83968K) Eden: 80896K(80896K)->0K(80896K) From: 1152K(3072K)->512K(3072K)
[14031.743s][info][gc,heap        ] GC(32519) ParOldGen: 507339K(507392K)->507387K(507392K)
[14031.743s][info][gc,metaspace   ] GC(32519) Metaspace: 62250K(62528K)->62250K(62528K) NonClass: 53217K(53440K)->53217K(53440K) Class: 9032K(9088K)->9032K(9088K)
[14031.743s][info][gc             ] GC(32519) Pause Young (Allocation Failure) 575M->495M(577M) 2.769ms
[14031.743s][info][gc,cpu         ] GC(32519) User=0.01s Sys=0.00s Real=0.00s
[14032.184s][info][gc,start       ] GC(32520) Pause Young (Allocation Failure)
[14032.187s][info][gc,heap        ] GC(32520) PSYoungGen: 81408K(83968K)->1184K(83968K) Eden: 80896K(80896K)->0K(80896K) From: 512K(3072K)->1184K(3072K)
[14032.187s][info][gc,heap        ] GC(32520) ParOldGen: 507387K(507392K)->507443K(507904K)
[14032.187s][info][gc,metaspace   ] GC(32520) Metaspace: 62250K(62528K)->62250K(62528K) NonClass: 53217K(53440K)->53217K(53440K) Class: 9032K(9088K)->9032K(9088K)
[14032.187s][info][gc             ] GC(32520) Pause Young (Allocation Failure) 574M->496M(578M) 3.148ms
[14032.187s][info][gc,cpu         ] GC(32520) User=0.00s Sys=0.00s Real=0.01s
[14032.623s][info][gc,start       ] GC(32521) Pause Young (Allocation Failure)
[14032.626s][info][gc,heap        ] GC(32521) PSYoungGen: 82080K(83968K)->256K(84480K) Eden: 80896K(80896K)->0K(81920K) From: 1184K(3072K)->256K(2560K)
[14032.626s][info][gc,heap        ] GC(32521) ParOldGen: 507443K(507904K)->507491K(507904K)
[14032.626s][info][gc,metaspace   ] GC(32521) Metaspace: 62250K(62528K)->62250K(62528K) NonClass: 53217K(53440K)->53217K(53440K) Class: 9032K(9088K)->9032K(9088K)
[14032.626s][info][gc             ] GC(32521) Pause Young (Allocation Failure) 575M->495M(578M) 2.268ms
[14032.626s][info][gc,cpu         ] GC(32521) User=0.00s Sys=0.00s Real=0.00s
[14033.064s][info][gc,start       ] GC(32522) Pause Young (Allocation Failure)
[14033.067s][info][gc,heap        ] GC(32522) PSYoungGen: 82176K(84480K)->832K(84480K) Eden: 81920K(81920K)->0K(81920K) From: 256K(2560K)->832K(2560K)
[14033.067s][info][gc,heap        ] GC(32522) ParOldGen: 507491K(507904K)->507547K(507904K)
[14033.067s][info][gc,metaspace   ] GC(32522) Metaspace: 62250K(62528K)->62250K(62528K) NonClass: 53217K(53440K)->53217K(53440K) Class: 9032K(9088K)->9032K(9088K)
[14033.067s][info][gc             ] GC(32522) Pause Young (Allocation Failure) 575M->496M(578M) 2.746ms
[14033.067s][info][gc,cpu         ] GC(32522) User=0.01s Sys=0.00s Real=0.01s
[14033.501s][info][gc,start       ] GC(32523) Pause Young (Allocation Failure)
[14033.504s][info][gc,heap        ] GC(32523) PSYoungGen: 82752K(84480K)->1504K(84480K) Eden: 81920K(81920K)->0K(81920K) From: 832K(2560K)->1504K(2560K)
[14033.505s][info][gc,heap        ] GC(32523) ParOldGen: 507547K(507904K)->507603K(507904K)
[14033.505s][info][gc,metaspace   ] GC(32523) Metaspace: 62250K(62528K)->62250K(62528K) NonClass: 53217K(53440K)->53217K(53440K) Class: 9032K(9088K)->9032K(9088K)
[14033.505s][info][gc             ] GC(32523) Pause Young (Allocation Failure) 576M->497M(578M) 3.346ms
[14033.505s][info][gc,cpu         ] GC(32523) User=0.00s Sys=0.00s Real=0.00s
[14033.958s][info][gc,start       ] GC(32524) Pause Young (Allocation Failure)
[14033.961s][info][gc,heap        ] GC(32524) PSYoungGen: 83424K(84480K)->736K(84480K) Eden: 81920K(81920K)->0K(81920K) From: 1504K(2560K)->736K(2560K)
[14033.961s][info][gc,heap        ] GC(32524) ParOldGen: 507603K(507904K)->507659K(507904K)
[14033.961s][info][gc,metaspace   ] GC(32524) Metaspace: 62250K(62528K)->62250K(62528K) NonClass: 53217K(53440K)->53217K(53440K) Class: 9032K(9088K)->9032K(9088K)
[14033.961s][info][gc             ] GC(32524) Pause Young (Allocation Failure) 577M->496M(578M) 2.744ms
[14033.961s][info][gc,cpu         ] GC(32524) User=0.00s Sys=0.00s Real=0.00s
[14034.399s][info][gc,start       ] GC(32525) Pause Young (Allocation Failure)
[14034.403s][info][gc,heap        ] GC(32525) PSYoungGen: 82656K(84480K)->1472K(84480K) Eden: 81920K(81920K)->0K(81920K) From: 736K(2560K)->1472K(2560K)
[14034.403s][info][gc,heap        ] GC(32525) ParOldGen: 507659K(507904K)->507715K(507904K)
[14034.403s][info][gc,metaspace   ] GC(32525) Metaspace: 62250K(62528K)->62250K(62528K) NonClass: 53217K(53440K)->53217K(53440K) Class: 9032K(9088K)->9032K(9088K)
[14034.403s][info][gc             ] GC(32525) Pause Young (Allocation Failure) 576M->497M(578M) 3.609ms
[14034.403s][info][gc,cpu         ] GC(32525) User=0.01s Sys=0.00s Real=0.00s
[14034.839s][info][gc,start       ] GC(32526) Pause Young (Allocation Failure)
[14034.841s][info][gc,heap        ] GC(32526) PSYoungGen: 83392K(84480K)->512K(84480K) Eden: 81920K(81920K)->0K(81920K) From: 1472K(2560K)->512K(2560K)
[14034.841s][info][gc,heap        ] GC(32526) ParOldGen: 507715K(507904K)->507763K(507904K)
[14034.841s][info][gc,metaspace   ] GC(32526) Metaspace: 62250K(62528K)->62250K(62528K) NonClass: 53217K(53440K)->53217K(53440K) Class: 9032K(9088K)->9032K(9088K)
[14034.842s][info][gc             ] GC(32526) Pause Young (Allocation Failure) 577M->496M(578M) 2.455ms
[14034.842s][info][gc,cpu         ] GC(32526) User=0.00s Sys=0.00s Real=0.00s
[14035.271s][info][gc,start       ] GC(32527) Pause Young (Allocation Failure)
[14035.274s][info][gc,heap        ] GC(32527) PSYoungGen: 82432K(84480K)->960K(84480K) Eden: 81920K(81920K)->0K(81920K) From: 512K(2560K)->960K(2560K)
[14035.274s][info][gc,heap        ] GC(32527) ParOldGen: 507763K(507904K)->507811K(507904K)
[14035.274s][info][gc,metaspace   ] GC(32527) Metaspace: 62250K(62528K)->62250K(62528K) NonClass: 53217K(53440K)->53217K(53440K) Class: 9032K(9088K)->9032K(9088K)
[14035.274s][info][gc             ] GC(32527) Pause Young (Allocation Failure) 576M->496M(578M) 3.081ms
[14035.274s][info][gc,cpu         ] GC(32527) User=0.01s Sys=0.00s Real=0.00s
[14035.718s][info][gc,start       ] GC(32528) Pause Young (Allocation Failure)
[14035.720s][info][gc,heap        ] GC(32528) PSYoungGen: 82880K(84480K)->192K(84480K) Eden: 81920K(81920K)->0K(81920K) From: 960K(2560K)->192K(2560K)
[14035.720s][info][gc,heap        ] GC(32528) ParOldGen: 507811K(507904K)->507867K(507904K)
[14035.720s][info][gc,metaspace   ] GC(32528) Metaspace: 62250K(62528K)->62250K(62528K) NonClass: 53217K(53440K)->53217K(53440K) Class: 9032K(9088K)->9032K(9088K)
[14035.720s][info][gc             ] GC(32528) Pause Young (Allocation Failure) 576M->496M(578M) 2.367ms
[14035.720s][info][gc,cpu         ] GC(32528) User=0.00s Sys=0.00s Real=0.00s
[14036.119s][info][gc,start       ] GC(32529) Pause Young (Allocation Failure)
[14036.121s][info][gc,heap        ] GC(32529) PSYoungGen: 82111K(84480K)->224K(84480K) Eden: 81919K(81920K)->0K(81920K) From: 192K(2560K)->224K(2560K)
[14036.121s][info][gc,heap        ] GC(32529) ParOldGen: 507867K(507904K)->507915K(508416K)
[14036.121s][info][gc,metaspace   ] GC(32529) Metaspace: 62250K(62528K)->62250K(62528K) NonClass: 53217K(53440K)->53217K(53440K) Class: 9032K(9088K)->9032K(9088K)
[14036.121s][info][gc             ] GC(32529) Pause Young (Allocation Failure) 576M->496M(579M) 2.277ms
[14036.121s][info][gc,cpu         ] GC(32529) User=0.01s Sys=0.00s Real=0.00s
[14036.592s][info][gc,start       ] GC(32530) Pause Young (Allocation Failure)
[14036.595s][info][gc,heap        ] GC(32530) PSYoungGen: 82144K(84480K)->1168K(84480K) Eden: 81920K(81920K)->0K(81920K) From: 224K(2560K)->1168K(2560K)
[14036.595s][info][gc,heap        ] GC(32530) ParOldGen: 507915K(508416K)->507963K(508416K)
[14036.595s][info][gc,metaspace   ] GC(32530) Metaspace: 62250K(62528K)->62250K(62528K) NonClass: 53217K(53440K)->53217K(53440K) Class: 9032K(9088K)->9032K(9088K)
[14036.595s][info][gc             ] GC(32530) Pause Young (Allocation Failure) 576M->497M(579M) 3.151ms
[14036.595s][info][gc,cpu         ] GC(32530) User=0.00s Sys=0.00s Real=0.00s
[14037.038s][info][gc,start       ] GC(32531) Pause Young (Allocation Failure)
[14037.040s][info][gc,heap        ] GC(32531) PSYoungGen: 83088K(84480K)->448K(84480K) Eden: 81920K(81920K)->0K(81920K) From: 1168K(2560K)->448K(2560K)
[14037.040s][info][gc,heap        ] GC(32531) ParOldGen: 507963K(508416K)->508067K(508416K)
[14037.040s][info][gc,metaspace   ] GC(32531) Metaspace: 62250K(62528K)->62250K(62528K) NonClass: 53217K(53440K)->53217K(53440K) Class: 9032K(9088K)->9032K(9088K)
[14037.040s][info][gc             ] GC(32531) Pause Young (Allocation Failure) 577M->496M(579M) 2.723ms
[14037.040s][info][gc,cpu         ] GC(32531) User=0.00s Sys=0.00s Real=0.00s
[14037.493s][info][gc,start       ] GC(32532) Pause Young (Allocation Failure)
[14037.496s][info][gc,heap        ] GC(32532) PSYoungGen: 82368K(84480K)->1344K(84480K) Eden: 81920K(81920K)->0K(81920K) From: 448K(2560K)->1344K(2560K)
[14037.496s][info][gc,heap        ] GC(32532) ParOldGen: 508067K(508416K)->508123K(508416K)
[14037.496s][info][gc,metaspace   ] GC(32532) Metaspace: 62250K(62528K)->62250K(62528K) NonClass: 53217K(53440K)->53217K(53440K) Class: 9032K(9088K)->9032K(9088K)
[14037.496s][info][gc             ] GC(32532) Pause Young (Allocation Failure) 576M->497M(579M) 3.304ms
[14037.496s][info][gc,cpu         ] GC(32532) User=0.01s Sys=0.00s Real=0.00s
[14037.936s][info][gc,start       ] GC(32533) Pause Young (Allocation Failure)
[14037.939s][info][gc,heap        ] GC(32533) PSYoungGen: 83264K(84480K)->416K(84480K) Eden: 81920K(81920K)->0K(81920K) From: 1344K(2560K)->416K(2560K)
[14037.939s][info][gc,heap        ] GC(32533) ParOldGen: 508123K(508416K)->508171K(508416K)
[14037.939s][info][gc,metaspace   ] GC(32533) Metaspace: 62250K(62528K)->62250K(62528K) NonClass: 53217K(53440K)->53217K(53440K) Class: 9032K(9088K)->9032K(9088K)
[14037.939s][info][gc             ] GC(32533) Pause Young (Allocation Failure) 577M->496M(579M) 2.499ms
[14037.939s][info][gc,cpu         ] GC(32533) User=0.01s Sys=0.00s Real=0.01s
[14038.353s][info][gc,start       ] GC(32534) Pause Young (Allocation Failure)
[14038.356s][info][gc,heap        ] GC(32534) PSYoungGen: 82336K(84480K)->736K(84480K) Eden: 81920K(81920K)->0K(81920K) From: 416K(2560K)->736K(2560K)
[14038.356s][info][gc,heap        ] GC(32534) ParOldGen: 508171K(508416K)->508219K(508416K)
[14038.356s][info][gc,metaspace   ] GC(32534) Metaspace: 62250K(62528K)->62250K(62528K) NonClass: 53217K(53440K)->53217K(53440K) Class: 9032K(9088K)->9032K(9088K)
[14038.356s][info][gc             ] GC(32534) Pause Young (Allocation Failure) 576M->497M(579M) 2.692ms
[14038.356s][info][gc,cpu         ] GC(32534) User=0.00s Sys=0.00s Real=0.00s
[14038.778s][info][gc,start       ] GC(32535) Pause Young (Allocation Failure)
[14038.781s][info][gc,heap        ] GC(32535) PSYoungGen: 82656K(84480K)->1120K(84992K) Eden: 81920K(81920K)->0K(82944K) From: 736K(2560K)->1120K(2048K)
[14038.781s][info][gc,heap        ] GC(32535) ParOldGen: 508219K(508416K)->508267K(508416K)
[14038.781s][info][gc,metaspace   ] GC(32535) Metaspace: 62250K(62528K)->62250K(62528K) NonClass: 53217K(53440K)->53217K(53440K) Class: 9032K(9088K)->9032K(9088K)
[14038.781s][info][gc             ] GC(32535) Pause Young (Allocation Failure) 577M->497M(579M) 3.060ms
[14038.781s][info][gc,cpu         ] GC(32535) User=0.01s Sys=0.00s Real=0.00s
[14039.201s][info][gc,start       ] GC(32536) Pause Young (Allocation Failure)
[14039.205s][info][gc,heap        ] GC(32536) PSYoungGen: 84064K(84992K)->1440K(84480K) Eden: 82944K(82944K)->0K(82944K) From: 1120K(2048K)->1440K(1536K)
[14039.205s][info][gc,heap        ] GC(32536) ParOldGen: 508267K(508416K)->508323K(508416K)
[14039.205s][info][gc,metaspace   ] GC(32536) Metaspace: 62250K(62528K)->62250K(62528K) NonClass: 53217K(53440K)->53217K(53440K) Class: 9032K(9088K)->9032K(9088K)
[14039.205s][info][gc             ] GC(32536) Pause Young (Allocation Failure) 578M->497M(579M) 3.451ms
[14039.205s][info][gc,cpu         ] GC(32536) User=0.00s Sys=0.00s Real=0.00s
[14039.621s][info][gc,start       ] GC(32537) Pause Young (Allocation Failure)
[14039.623s][info][gc,heap        ] GC(32537) PSYoungGen: 84384K(84480K)->256K(84480K) Eden: 82944K(82944K)->0K(81920K) From: 1440K(1536K)->256K(2560K)
[14039.623s][info][gc,heap        ] GC(32537) ParOldGen: 508323K(508416K)->508371K(508416K)
[14039.623s][info][gc,metaspace   ] GC(32537) Metaspace: 62250K(62528K)->62250K(62528K) NonClass: 53217K(53440K)->53217K(53440K) Class: 9032K(9088K)->9032K(9088K)
[14039.623s][info][gc             ] GC(32537) Pause Young (Allocation Failure) 578M->496M(579M) 2.347ms
[14039.623s][info][gc,cpu         ] GC(32537) User=0.00s Sys=0.00s Real=0.00s
[14040.039s][info][gc,start       ] GC(32538) Pause Young (Allocation Failure)
[14040.041s][info][gc,heap        ] GC(32538) PSYoungGen: 82176K(84480K)->512K(84480K) Eden: 81920K(81920K)->0K(81920K) From: 256K(2560K)->512K(2560K)
[14040.041s][info][gc,heap        ] GC(32538) ParOldGen: 508371K(508416K)->508419K(508928K)
[14040.041s][info][gc,metaspace   ] GC(32538) Metaspace: 62250K(62528K)->62250K(62528K) NonClass: 53217K(53440K)->53217K(53440K) Class: 9032K(9088K)->9032K(9088K)
[14040.041s][info][gc             ] GC(32538) Pause Young (Allocation Failure) 576M->497M(579M) 2.558ms
[14040.041s][info][gc,cpu         ] GC(32538) User=0.01s Sys=0.00s Real=0.00s
[14040.433s][info][gc,start       ] GC(32539) Pause Young (Allocation Failure)
[14040.436s][info][gc,heap        ] GC(32539) PSYoungGen: 82432K(84480K)->1472K(83968K) Eden: 81920K(81920K)->0K(81920K) From: 512K(2560K)->1472K(2048K)
[14040.436s][info][gc,heap        ] GC(32539) ParOldGen: 508419K(508928K)->509499K(510464K)
[14040.436s][info][gc,metaspace   ] GC(32539) Metaspace: 62250K(62528K)->62250K(62528K) NonClass: 53217K(53440K)->53217K(53440K) Class: 9032K(9088K)->9032K(9088K)
[14040.436s][info][gc             ] GC(32539) Pause Young (Allocation Failure) 577M->498M(580M) 3.172ms
[14040.436s][info][gc,cpu         ] GC(32539) User=0.00s Sys=0.00s Real=0.01s
[14040.862s][info][gc,start       ] GC(32540) Pause Young (Allocation Failure)
[14040.866s][info][gc,heap        ] GC(32540) PSYoungGen: 83392K(83968K)->864K(84480K) Eden: 81920K(81920K)->0K(81920K) From: 1472K(2048K)->864K(2560K)
[14040.866s][info][gc,heap        ] GC(32540) ParOldGen: 509499K(510464K)->511603K(512000K)
[14040.866s][info][gc,metaspace   ] GC(32540) Metaspace: 62250K(62528K)->62250K(62528K) NonClass: 53217K(53440K)->53217K(53440K) Class: 9032K(9088K)->9032K(9088K)
[14040.866s][info][gc             ] GC(32540) Pause Young (Allocation Failure) 578M->500M(582M) 4.204ms
[14040.866s][info][gc,cpu         ] GC(32540) User=0.00s Sys=0.01s Real=0.00s
[14041.269s][info][gc,start       ] GC(32541) Pause Young (Allocation Failure)
[14041.272s][info][gc,heap        ] GC(32541) PSYoungGen: 82784K(84480K)->1056K(84992K) Eden: 81920K(81920K)->0K(82944K) From: 864K(2560K)->1056K(2048K)
[14041.272s][info][gc,heap        ] GC(32541) ParOldGen: 511603K(512000K)->511659K(512000K)
[14041.272s][info][gc,metaspace   ] GC(32541) Metaspace: 62250K(62528K)->62250K(62528K) NonClass: 53217K(53440K)->53217K(53440K) Class: 9032K(9088K)->9032K(9088K)
[14041.272s][info][gc             ] GC(32541) Pause Young (Allocation Failure) 580M->500M(583M) 3.049ms
[14041.272s][info][gc,cpu         ] GC(32541) User=0.00s Sys=0.00s Real=0.00s
[14041.649s][info][gc,start       ] GC(32542) Pause Young (Allocation Failure)
[14041.652s][info][gc,heap        ] GC(32542) PSYoungGen: 84000K(84992K)->672K(84992K) Eden: 82944K(82944K)->0K(82944K) From: 1056K(2048K)->672K(2048K)
[14041.652s][info][gc,heap        ] GC(32542) ParOldGen: 511659K(512000K)->511707K(512000K)
[14041.652s][info][gc,metaspace   ] GC(32542) Metaspace: 62250K(62528K)->62250K(62528K) NonClass: 53217K(53440K)->53217K(53440K) Class: 9032K(9088K)->9032K(9088K)
[14041.652s][info][gc             ] GC(32542) Pause Young (Allocation Failure) 581M->500M(583M) 2.844ms
[14041.652s][info][gc,cpu         ] GC(32542) User=0.01s Sys=0.00s Real=0.00s
[14042.078s][info][gc,start       ] GC(32543) Pause Young (Allocation Failure)
[14042.081s][info][gc,heap        ] GC(32543) PSYoungGen: 83616K(84992K)->1216K(84992K) Eden: 82944K(82944K)->0K(82944K) From: 672K(2048K)->1216K(2048K)
[14042.081s][info][gc,heap        ] GC(32543) ParOldGen: 511707K(512000K)->511755K(512000K)
[14042.081s][info][gc,metaspace   ] GC(32543) Metaspace: 62250K(62528K)->62250K(62528K) NonClass: 53217K(53440K)->53217K(53440K) Class: 9032K(9088K)->9032K(9088K)
[14042.081s][info][gc             ] GC(32543) Pause Young (Allocation Failure) 581M->500M(583M) 3.140ms
[14042.081s][info][gc,cpu         ] GC(32543) User=0.00s Sys=0.00s Real=0.00s
[14042.523s][info][gc,start       ] GC(32544) Pause Young (Allocation Failure)
[14042.525s][info][gc,heap        ] GC(32544) PSYoungGen: 84160K(84992K)->288K(84992K) Eden: 82944K(82944K)->0K(82944K) From: 1216K(2048K)->288K(2048K)
[14042.525s][info][gc,heap        ] GC(32544) ParOldGen: 511755K(512000K)->511811K(512000K)
[14042.525s][info][gc,metaspace   ] GC(32544) Metaspace: 62250K(62528K)->62250K(62528K) NonClass: 53217K(53440K)->53217K(53440K) Class: 9032K(9088K)->9032K(9088K)
[14042.525s][info][gc             ] GC(32544) Pause Young (Allocation Failure) 581M->500M(583M) 2.396ms
[14042.525s][info][gc,cpu         ] GC(32544) User=0.01s Sys=0.00s Real=0.00s
[14042.965s][info][gc,start       ] GC(32545) Pause Young (Allocation Failure)
[14042.968s][info][gc,heap        ] GC(32545) PSYoungGen: 83232K(84992K)->928K(84992K) Eden: 82944K(82944K)->0K(82944K) From: 288K(2048K)->928K(2048K)
[14042.968s][info][gc,heap        ] GC(32545) ParOldGen: 511811K(512000K)->511859K(512000K)
[14042.968s][info][gc,metaspace   ] GC(32545) Metaspace: 62250K(62528K)->62250K(62528K) NonClass: 53217K(53440K)->53217K(53440K) Class: 9032K(9088K)->9032K(9088K)
[14042.968s][info][gc             ] GC(32545) Pause Young (Allocation Failure) 581M->500M(583M) 2.900ms
[14042.968s][info][gc,cpu         ] GC(32545) User=0.01s Sys=0.00s Real=0.01s
[14043.414s][info][gc,start       ] GC(32546) Pause Young (Allocation Failure)
[14043.417s][info][gc,heap        ] GC(32546) PSYoungGen: 83872K(84992K)->1632K(84992K) Eden: 82944K(82944K)->0K(82944K) From: 928K(2048K)->1632K(2048K)
[14043.417s][info][gc,heap        ] GC(32546) ParOldGen: 511859K(512000K)->511907K(512000K)
[14043.417s][info][gc,metaspace   ] GC(32546) Metaspace: 62250K(62528K)->62250K(62528K) NonClass: 53217K(53440K)->53217K(53440K) Class: 9032K(9088K)->9032K(9088K)
[14043.417s][info][gc             ] GC(32546) Pause Young (Allocation Failure) 581M->501M(583M) 3.659ms
[14043.417s][info][gc,cpu         ] GC(32546) User=0.00s Sys=0.00s Real=0.01s
[14043.944s][info][gc,start       ] GC(32547) Pause Young (Allocation Failure)
[14043.947s][info][gc,heap        ] GC(32547) PSYoungGen: 84576K(84992K)->624K(84992K) Eden: 82944K(82944K)->0K(82944K) From: 1632K(2048K)->624K(2048K)
[14043.947s][info][gc,heap        ] GC(32547) ParOldGen: 511907K(512000K)->511963K(512000K)
[14043.947s][info][gc,metaspace   ] GC(32547) Metaspace: 62250K(62528K)->62250K(62528K) NonClass: 53217K(53440K)->53217K(53440K) Class: 9032K(9088K)->9032K(9088K)
[14043.947s][info][gc             ] GC(32547) Pause Young (Allocation Failure) 582M->500M(583M) 2.836ms
[14043.947s][info][gc,cpu         ] GC(32547) User=0.00s Sys=0.00s Real=0.01s
[14044.427s][info][gc,start       ] GC(32548) Pause Young (Allocation Failure)
[14044.429s][info][gc,heap        ] GC(32548) PSYoungGen: 83568K(84992K)->288K(84992K) Eden: 82944K(82944K)->0K(82944K) From: 624K(2048K)->288K(2048K)
[14044.429s][info][gc,heap        ] GC(32548) ParOldGen: 511963K(512000K)->512059K(512512K)
[14044.429s][info][gc,metaspace   ] GC(32548) Metaspace: 62250K(62528K)->62250K(62528K) NonClass: 53217K(53440K)->53217K(53440K) Class: 9032K(9088K)->9032K(9088K)
[14044.429s][info][gc             ] GC(32548) Pause Young (Allocation Failure) 581M->500M(583M) 2.618ms
[14044.429s][info][gc,cpu         ] GC(32548) User=0.01s Sys=0.00s Real=0.00s
[14044.904s][info][gc,start       ] GC(32549) Pause Young (Allocation Failure)
[14044.909s][info][gc,heap        ] GC(32549) PSYoungGen: 83232K(84992K)->1408K(83968K) Eden: 82944K(82944K)->0K(81920K) From: 288K(2048K)->1408K(2048K)
[14044.909s][info][gc,heap        ] GC(32549) ParOldGen: 512059K(512512K)->514163K(515584K)
[14044.909s][info][gc,metaspace   ] GC(32549) Metaspace: 62250K(62528K)->62250K(62528K) NonClass: 53217K(53440K)->53217K(53440K) Class: 9032K(9088K)->9032K(9088K)
[14044.909s][info][gc             ] GC(32549) Pause Young (Allocation Failure) 581M->503M(585M) 4.633ms
[14044.909s][info][gc,cpu         ] GC(32549) User=0.01s Sys=0.00s Real=0.01s
[14045.327s][info][gc,start       ] GC(32550) Pause Young (Allocation Failure)
[14045.330s][info][gc,heap        ] GC(32550) PSYoungGen: 83328K(83968K)->320K(84480K) Eden: 81920K(81920K)->0K(81920K) From: 1408K(2048K)->320K(2560K)
[14045.330s][info][gc,heap        ] GC(32550) ParOldGen: 514163K(515584K)->514219K(515584K)
[14045.330s][info][gc,metaspace   ] GC(32550) Metaspace: 62250K(62528K)->62250K(62528K) NonClass: 53217K(53440K)->53217K(53440K) Class: 9032K(9088K)->9032K(9088K)
[14045.330s][info][gc             ] GC(32550) Pause Young (Allocation Failure) 583M->502M(586M) 2.481ms
[14045.330s][info][gc,cpu         ] GC(32550) User=0.01s Sys=0.00s Real=0.00s
[14045.760s][info][gc,start       ] GC(32551) Pause Young (Allocation Failure)
[14045.763s][info][gc,heap        ] GC(32551) PSYoungGen: 82239K(84480K)->800K(84992K) Eden: 81919K(81920K)->0K(82432K) From: 320K(2560K)->800K(2560K)
[14045.763s][info][gc,heap        ] GC(32551) ParOldGen: 514219K(515584K)->514275K(515584K)
[14045.763s][info][gc,metaspace   ] GC(32551) Metaspace: 62250K(62528K)->62250K(62528K) NonClass: 53217K(53440K)->53217K(53440K) Class: 9032K(9088K)->9032K(9088K)
[14045.763s][info][gc             ] GC(32551) Pause Young (Allocation Failure) 582M->503M(586M) 2.987ms
[14045.763s][info][gc,cpu         ] GC(32551) User=0.01s Sys=0.00s Real=0.00s
[14046.198s][info][gc,start       ] GC(32552) Pause Young (Allocation Failure)
[14046.202s][info][gc,heap        ] GC(32552) PSYoungGen: 83232K(84992K)->1440K(84480K) Eden: 82432K(82432K)->0K(82432K) From: 800K(2560K)->1440K(2048K)
[14046.202s][info][gc,heap        ] GC(32552) ParOldGen: 514275K(515584K)->514323K(515584K)
[14046.202s][info][gc,metaspace   ] GC(32552) Metaspace: 62250K(62528K)->62250K(62528K) NonClass: 53217K(53440K)->53217K(53440K) Class: 9032K(9088K)->9032K(9088K)
[14046.202s][info][gc             ] GC(32552) Pause Young (Allocation Failure) 583M->503M(586M) 3.366ms
[14046.202s][info][gc,cpu         ] GC(32552) User=0.01s Sys=0.00s Real=0.00s
[14046.649s][info][gc,start       ] GC(32553) Pause Young (Allocation Failure)
[14046.652s][info][gc,heap        ] GC(32553) PSYoungGen: 83872K(84480K)->640K(84992K) Eden: 82432K(82432K)->0K(82432K) From: 1440K(2048K)->640K(2560K)
[14046.652s][info][gc,heap        ] GC(32553) ParOldGen: 514323K(515584K)->514371K(515584K)
[14046.652s][info][gc,metaspace   ] GC(32553) Metaspace: 62250K(62528K)->62250K(62528K) NonClass: 53217K(53440K)->53217K(53440K) Class: 9032K(9088K)->9032K(9088K)
[14046.652s][info][gc             ] GC(32553) Pause Young (Allocation Failure) 584M->502M(586M) 2.668ms
[14046.652s][info][gc,cpu         ] GC(32553) User=0.01s Sys=0.00s Real=0.00s
[14047.116s][info][gc,start       ] GC(32554) Pause Young (Allocation Failure)
[14047.119s][info][gc,heap        ] GC(32554) PSYoungGen: 83072K(84992K)->1504K(84480K) Eden: 82432K(82432K)->0K(82432K) From: 640K(2560K)->1504K(2048K)
[14047.120s][info][gc,heap        ] GC(32554) ParOldGen: 514371K(515584K)->514419K(515584K)
[14047.120s][info][gc,metaspace   ] GC(32554) Metaspace: 62250K(62528K)->62250K(62528K) NonClass: 53217K(53440K)->53217K(53440K) Class: 9032K(9088K)->9032K(9088K)
[14047.120s][info][gc             ] GC(32554) Pause Young (Allocation Failure) 583M->503M(586M) 3.552ms
[14047.120s][info][gc,cpu         ] GC(32554) User=0.01s Sys=0.00s Real=0.01s
[14047.534s][info][gc,start       ] GC(32555) Pause Young (Allocation Failure)
[14047.537s][info][gc,heap        ] GC(32555) PSYoungGen: 83936K(84480K)->416K(84480K) Eden: 82432K(82432K)->0K(81920K) From: 1504K(2048K)->416K(2560K)
[14047.537s][info][gc,heap        ] GC(32555) ParOldGen: 514419K(515584K)->514475K(515584K)
[14047.537s][info][gc,metaspace   ] GC(32555) Metaspace: 62250K(62528K)->62250K(62528K) NonClass: 53217K(53440K)->53217K(53440K) Class: 9032K(9088K)->9032K(9088K)
[14047.537s][info][gc             ] GC(32555) Pause Young (Allocation Failure) 584M->502M(586M) 2.577ms
[14047.537s][info][gc,cpu         ] GC(32555) User=0.00s Sys=0.00s Real=0.01s
[14047.954s][info][gc,start       ] GC(32556) Pause Young (Allocation Failure)
[14047.957s][info][gc,heap        ] GC(32556) PSYoungGen: 82336K(84480K)->768K(84480K) Eden: 81920K(81920K)->0K(81920K) From: 416K(2560K)->768K(2560K)
[14047.957s][info][gc,heap        ] GC(32556) ParOldGen: 514475K(515584K)->514531K(515584K)
[14047.957s][info][gc,metaspace   ] GC(32556) Metaspace: 62250K(62528K)->62250K(62528K) NonClass: 53217K(53440K)->53217K(53440K) Class: 9032K(9088K)->9032K(9088K)
[14047.957s][info][gc             ] GC(32556) Pause Young (Allocation Failure) 582M->503M(586M) 2.726ms
[14047.957s][info][gc,cpu         ] GC(32556) User=0.01s Sys=0.01s Real=0.01s
[14048.447s][info][gc,start       ] GC(32557) Pause Young (Allocation Failure)
[14048.450s][info][gc,heap        ] GC(32557) PSYoungGen: 82688K(84480K)->544K(84992K) Eden: 81920K(81920K)->0K(82944K) From: 768K(2560K)->544K(2048K)
[14048.450s][info][gc,heap        ] GC(32557) ParOldGen: 514531K(515584K)->514587K(515584K)
[14048.450s][info][gc,metaspace   ] GC(32557) Metaspace: 62250K(62528K)->62250K(62528K) NonClass: 53217K(53440K)->53217K(53440K) Class: 9032K(9088K)->9032K(9088K)
[14048.450s][info][gc             ] GC(32557) Pause Young (Allocation Failure) 583M->503M(586M) 2.577ms
[14048.450s][info][gc,cpu         ] GC(32557) User=0.00s Sys=0.00s Real=0.00s
[14048.836s][info][gc,start       ] GC(32558) Pause Young (Allocation Failure)
[14048.839s][info][gc,heap        ] GC(32558) PSYoungGen: 83488K(84992K)->448K(84992K) Eden: 82944K(82944K)->0K(82944K) From: 544K(2048K)->448K(2048K)
[14048.839s][info][gc,heap        ] GC(32558) ParOldGen: 514587K(515584K)->514635K(515584K)
[14048.839s][info][gc,metaspace   ] GC(32558) Metaspace: 62250K(62528K)->62250K(62528K) NonClass: 53217K(53440K)->53217K(53440K) Class: 9032K(9088K)->9032K(9088K)
[14048.839s][info][gc             ] GC(32558) Pause Young (Allocation Failure) 584M->503M(586M) 2.552ms
[14048.839s][info][gc,cpu         ] GC(32558) User=0.01s Sys=0.00s Real=0.01s
[14049.229s][info][gc,start       ] GC(32559) Pause Young (Allocation Failure)
[14049.232s][info][gc,heap        ] GC(32559) PSYoungGen: 83392K(84992K)->384K(84992K) Eden: 82944K(82944K)->0K(82944K) From: 448K(2048K)->384K(2048K)
[14049.232s][info][gc,heap        ] GC(32559) ParOldGen: 514635K(515584K)->514683K(515584K)
[14049.232s][info][gc,metaspace   ] GC(32559) Metaspace: 62250K(62528K)->62250K(62528K) NonClass: 53217K(53440K)->53217K(53440K) Class: 9032K(9088K)->9032K(9088K)
[14049.232s][info][gc             ] GC(32559) Pause Young (Allocation Failure) 584M->502M(586M) 2.439ms
[14049.232s][info][gc,cpu         ] GC(32559) User=0.00s Sys=0.00s Real=0.00s
[14049.648s][info][gc,start       ] GC(32560) Pause Young (Allocation Failure)
[14049.652s][info][gc,heap        ] GC(32560) PSYoungGen: 83328K(84992K)->1696K(84992K) Eden: 82944K(82944K)->0K(82944K) From: 384K(2048K)->1696K(2048K)
[14049.652s][info][gc,heap        ] GC(32560) ParOldGen: 514683K(515584K)->516787K(517120K)
[14049.652s][info][gc,metaspace   ] GC(32560) Metaspace: 62250K(62528K)->62250K(62528K) NonClass: 53217K(53440K)->53217K(53440K) Class: 9032K(9088K)->9032K(9088K)
[14049.652s][info][gc             ] GC(32560) Pause Young (Allocation Failure) 583M->506M(588M) 4.440ms
[14049.652s][info][gc,cpu         ] GC(32560) User=0.01s Sys=0.00s Real=0.00s
[14050.052s][info][gc,start       ] GC(32561) Pause Young (Allocation Failure)
[14050.055s][info][gc,heap        ] GC(32561) PSYoungGen: 84640K(84992K)->768K(84992K) Eden: 82944K(82944K)->0K(82944K) From: 1696K(2048K)->768K(2048K)
[14050.055s][info][gc,heap        ] GC(32561) ParOldGen: 516787K(517120K)->518891K(520192K)
[14050.055s][info][gc,metaspace   ] GC(32561) Metaspace: 62250K(62528K)->62250K(62528K) NonClass: 53217K(53440K)->53217K(53440K) Class: 9032K(9088K)->9032K(9088K)
[14050.055s][info][gc             ] GC(32561) Pause Young (Allocation Failure) 587M->507M(591M) 3.957ms
[14050.056s][info][gc,cpu         ] GC(32561) User=0.01s Sys=0.00s Real=0.00s
[14050.453s][info][gc,start       ] GC(32562) Pause Young (Allocation Failure)
[14050.456s][info][gc,heap        ] GC(32562) PSYoungGen: 83712K(84992K)->768K(84992K) Eden: 82944K(82944K)->0K(82944K) From: 768K(2048K)->768K(2048K)
[14050.456s][info][gc,heap        ] GC(32562) ParOldGen: 518891K(520192K)->518939K(520192K)
[14050.456s][info][gc,metaspace   ] GC(32562) Metaspace: 62250K(62528K)->62250K(62528K) NonClass: 53217K(53440K)->53217K(53440K) Class: 9032K(9088K)->9032K(9088K)
[14050.456s][info][gc             ] GC(32562) Pause Young (Allocation Failure) 588M->507M(591M) 2.845ms
[14050.456s][info][gc,cpu         ] GC(32562) User=0.00s Sys=0.00s Real=0.00s
[14050.928s][info][gc,start       ] GC(32563) Pause Young (Allocation Failure)
[14050.930s][info][gc,heap        ] GC(32563) PSYoungGen: 83712K(84992K)->320K(84992K) Eden: 82944K(82944K)->0K(82944K) From: 768K(2048K)->320K(2048K)
[14050.930s][info][gc,heap        ] GC(32563) ParOldGen: 518939K(520192K)->518987K(520192K)
[14050.930s][info][gc,metaspace   ] GC(32563) Metaspace: 62250K(62528K)->62250K(62528K) NonClass: 53217K(53440K)->53217K(53440K) Class: 9032K(9088K)->9032K(9088K)
[14050.930s][info][gc             ] GC(32563) Pause Young (Allocation Failure) 588M->507M(591M) 2.467ms
[14050.930s][info][gc,cpu         ] GC(32563) User=0.00s Sys=0.00s Real=0.00s
[14051.437s][info][gc,start       ] GC(32564) Pause Young (Allocation Failure)
[14051.440s][info][gc,heap        ] GC(32564) PSYoungGen: 83264K(84992K)->528K(84992K) Eden: 82944K(82944K)->0K(82944K) From: 320K(2048K)->528K(2048K)
[14051.440s][info][gc,heap        ] GC(32564) ParOldGen: 518987K(520192K)->519035K(520192K)
[14051.440s][info][gc,metaspace   ] GC(32564) Metaspace: 62250K(62528K)->62250K(62528K) NonClass: 53217K(53440K)->53217K(53440K) Class: 9032K(9088K)->9032K(9088K)
[14051.440s][info][gc             ] GC(32564) Pause Young (Allocation Failure) 588M->507M(591M) 2.682ms
[14051.440s][info][gc,cpu         ] GC(32564) User=0.01s Sys=0.00s Real=0.00s
[14051.908s][info][gc,start       ] GC(32565) Pause Young (Allocation Failure)
[14051.911s][info][gc,heap        ] GC(32565) PSYoungGen: 83472K(84992K)->1472K(84992K) Eden: 82944K(82944K)->0K(82944K) From: 528K(2048K)->1472K(2048K)
[14051.911s][info][gc,heap        ] GC(32565) ParOldGen: 519035K(520192K)->519139K(520192K)
[14051.911s][info][gc,metaspace   ] GC(32565) Metaspace: 62250K(62528K)->62250K(62528K) NonClass: 53217K(53440K)->53217K(53440K) Class: 9032K(9088K)->9032K(9088K)
[14051.911s][info][gc             ] GC(32565) Pause Young (Allocation Failure) 588M->508M(591M) 3.540ms
[14051.911s][info][gc,cpu         ] GC(32565) User=0.01s Sys=0.00s Real=0.00s
[14052.385s][info][gc,start       ] GC(32566) Pause Young (Allocation Failure)
[14052.388s][info][gc,heap        ] GC(32566) PSYoungGen: 84416K(84992K)->1088K(84992K) Eden: 82944K(82944K)->0K(82944K) From: 1472K(2048K)->1088K(2048K)
[14052.388s][info][gc,heap        ] GC(32566) ParOldGen: 519139K(520192K)->519187K(520192K)
[14052.388s][info][gc,metaspace   ] GC(32566) Metaspace: 62250K(62528K)->62250K(62528K) NonClass: 53217K(53440K)->53217K(53440K) Class: 9032K(9088K)->9032K(9088K)
[14052.388s][info][gc             ] GC(32566) Pause Young (Allocation Failure) 589M->508M(591M) 3.127ms
[14052.388s][info][gc,cpu         ] GC(32566) User=0.01s Sys=0.00s Real=0.01s
[14052.845s][info][gc,start       ] GC(32567) Pause Young (Allocation Failure)
[14052.847s][info][gc,heap        ] GC(32567) PSYoungGen: 84032K(84992K)->576K(84992K) Eden: 82944K(82944K)->0K(82944K) From: 1088K(2048K)->576K(2048K)
[14052.847s][info][gc,heap        ] GC(32567) ParOldGen: 519187K(520192K)->519235K(520192K)
[14052.847s][info][gc,metaspace   ] GC(32567) Metaspace: 62250K(62528K)->62250K(62528K) NonClass: 53217K(53440K)->53217K(53440K) Class: 9032K(9088K)->9032K(9088K)
[14052.847s][info][gc             ] GC(32567) Pause Young (Allocation Failure) 589M->507M(591M) 2.583ms
[14052.847s][info][gc,cpu         ] GC(32567) User=0.01s Sys=0.00s Real=0.01s
[14053.311s][info][gc,start       ] GC(32568) Pause Young (Allocation Failure)
[14053.314s][info][gc,heap        ] GC(32568) PSYoungGen: 83520K(84992K)->1536K(84992K) Eden: 82944K(82944K)->0K(82944K) From: 576K(2048K)->1536K(2048K)
[14053.314s][info][gc,heap        ] GC(32568) ParOldGen: 519235K(520192K)->519283K(520192K)
[14053.314s][info][gc,metaspace   ] GC(32568) Metaspace: 62250K(62528K)->62250K(62528K) NonClass: 53217K(53440K)->53217K(53440K) Class: 9032K(9088K)->9032K(9088K)
[14053.314s][info][gc             ] GC(32568) Pause Young (Allocation Failure) 588M->508M(591M) 3.504ms
[14053.314s][info][gc,cpu         ] GC(32568) User=0.00s Sys=0.00s Real=0.00s
[14053.787s][info][gc,start       ] GC(32569) Pause Young (Allocation Failure)
[14053.790s][info][gc,heap        ] GC(32569) PSYoungGen: 84480K(84992K)->960K(84992K) Eden: 82944K(82944K)->0K(82944K) From: 1536K(2048K)->960K(2048K)
[14053.790s][info][gc,heap        ] GC(32569) ParOldGen: 519283K(520192K)->519339K(520192K)
[14053.790s][info][gc,metaspace   ] GC(32569) Metaspace: 62250K(62528K)->62250K(62528K) NonClass: 53217K(53440K)->53217K(53440K) Class: 9032K(9088K)->9032K(9088K)
[14053.790s][info][gc             ] GC(32569) Pause Young (Allocation Failure) 589M->508M(591M) 2.922ms
[14053.790s][info][gc,cpu         ] GC(32569) User=0.01s Sys=0.00s Real=0.00s
[14054.236s][info][gc,start       ] GC(32570) Pause Young (Allocation Failure)
[14054.239s][info][gc,heap        ] GC(32570) PSYoungGen: 83904K(84992K)->448K(84992K) Eden: 82944K(82944K)->0K(82944K) From: 960K(2048K)->448K(2048K)
[14054.239s][info][gc,heap        ] GC(32570) ParOldGen: 519339K(520192K)->519395K(520192K)
[14054.239s][info][gc,metaspace   ] GC(32570) Metaspace: 62250K(62528K)->62250K(62528K) NonClass: 53217K(53440K)->53217K(53440K) Class: 9032K(9088K)->9032K(9088K)
[14054.239s][info][gc             ] GC(32570) Pause Young (Allocation Failure) 589M->507M(591M) 2.513ms
[14054.239s][info][gc,cpu         ] GC(32570) User=0.00s Sys=0.00s Real=0.01s
[14054.745s][info][gc,start       ] GC(32571) Pause Young (Allocation Failure)
[14054.748s][info][gc,heap        ] GC(32571) PSYoungGen: 83392K(84992K)->512K(84992K) Eden: 82944K(82944K)->0K(82944K) From: 448K(2048K)->512K(2048K)
[14054.748s][info][gc,heap        ] GC(32571) ParOldGen: 519395K(520192K)->519443K(520192K)
[14054.748s][info][gc,metaspace   ] GC(32571) Metaspace: 62250K(62528K)->62250K(62528K) NonClass: 53217K(53440K)->53217K(53440K) Class: 9032K(9088K)->9032K(9088K)
[14054.748s][info][gc             ] GC(32571) Pause Young (Allocation Failure) 588M->507M(591M) 2.691ms
[14054.748s][info][gc,cpu         ] GC(32571) User=0.01s Sys=0.00s Real=0.01s
[14055.275s][info][gc,start       ] GC(32572) Pause Young (Allocation Failure)
[14055.278s][info][gc,heap        ] GC(32572) PSYoungGen: 83456K(84992K)->896K(84992K) Eden: 82944K(82944K)->0K(82944K) From: 512K(2048K)->896K(2048K)
[14055.278s][info][gc,heap        ] GC(32572) ParOldGen: 519443K(520192K)->519491K(520192K)
[14055.278s][info][gc,metaspace   ] GC(32572) Metaspace: 62250K(62528K)->62250K(62528K) NonClass: 53217K(53440K)->53217K(53440K) Class: 9032K(9088K)->9032K(9088K)
[14055.279s][info][gc             ] GC(32572) Pause Young (Allocation Failure) 588M->508M(591M) 3.172ms
[14055.279s][info][gc,cpu         ] GC(32572) User=0.01s Sys=0.00s Real=0.01s
[14055.790s][info][gc,start       ] GC(32573) Pause Young (Allocation Failure)
[14055.793s][info][gc,heap        ] GC(32573) PSYoungGen: 83840K(84992K)->1056K(84992K) Eden: 82944K(82944K)->0K(82944K) From: 896K(2048K)->1056K(2048K)
[14055.793s][info][gc,heap        ] GC(32573) ParOldGen: 519491K(520192K)->519547K(520192K)
[14055.793s][info][gc,metaspace   ] GC(32573) Metaspace: 62250K(62528K)->62250K(62528K) NonClass: 53217K(53440K)->53217K(53440K) Class: 9032K(9088K)->9032K(9088K)
[14055.793s][info][gc             ] GC(32573) Pause Young (Allocation Failure) 589M->508M(591M) 3.158ms
[14055.793s][info][gc,cpu         ] GC(32573) User=0.01s Sys=0.00s Real=0.00s
[14056.330s][info][gc,start       ] GC(32574) Pause Young (Allocation Failure)
[14056.332s][info][gc,heap        ] GC(32574) PSYoungGen: 84000K(84992K)->352K(84992K) Eden: 82944K(82944K)->0K(82944K) From: 1056K(2048K)->352K(2048K)
[14056.332s][info][gc,heap        ] GC(32574) ParOldGen: 519547K(520192K)->519603K(520192K)
[14056.332s][info][gc,metaspace   ] GC(32574) Metaspace: 62250K(62528K)->62250K(62528K) NonClass: 53217K(53440K)->53217K(53440K) Class: 9032K(9088K)->9032K(9088K)
[14056.332s][info][gc             ] GC(32574) Pause Young (Allocation Failure) 589M->507M(591M) 2.450ms
[14056.332s][info][gc,cpu         ] GC(32574) User=0.01s Sys=0.00s Real=0.00s
[14056.830s][info][gc,start       ] GC(32575) Pause Young (Allocation Failure)
[14056.833s][info][gc,heap        ] GC(32575) PSYoungGen: 83296K(84992K)->320K(84992K) Eden: 82944K(82944K)->0K(82944K) From: 352K(2048K)->320K(2048K)
[14056.833s][info][gc,heap        ] GC(32575) ParOldGen: 519603K(520192K)->519651K(520192K)
[14056.833s][info][gc,metaspace   ] GC(32575) Metaspace: 62250K(62528K)->62250K(62528K) NonClass: 53217K(53440K)->53217K(53440K) Class: 9032K(9088K)->9032K(9088K)
[14056.833s][info][gc             ] GC(32575) Pause Young (Allocation Failure) 588M->507M(591M) 2.508ms
[14056.833s][info][gc,cpu         ] GC(32575) User=0.00s Sys=0.00s Real=0.00s
[14057.335s][info][gc,start       ] GC(32576) Pause Young (Allocation Failure)
[14057.338s][info][gc,heap        ] GC(32576) PSYoungGen: 83264K(84992K)->416K(84992K) Eden: 82944K(82944K)->0K(82944K) From: 320K(2048K)->416K(2048K)
[14057.338s][info][gc,heap        ] GC(32576) ParOldGen: 519651K(520192K)->519699K(520192K)
[14057.338s][info][gc,metaspace   ] GC(32576) Metaspace: 62250K(62528K)->62250K(62528K) NonClass: 53217K(53440K)->53217K(53440K) Class: 9032K(9088K)->9032K(9088K)
[14057.338s][info][gc             ] GC(32576) Pause Young (Allocation Failure) 588M->507M(591M) 2.554ms
[14057.338s][info][gc,cpu         ] GC(32576) User=0.01s Sys=0.01s Real=0.01s
[14057.837s][info][gc,start       ] GC(32577) Pause Young (Allocation Failure)
[14057.840s][info][gc,heap        ] GC(32577) PSYoungGen: 83360K(84992K)->448K(84992K) Eden: 82944K(82944K)->0K(82944K) From: 416K(2048K)->448K(2048K)
[14057.840s][info][gc,heap        ] GC(32577) ParOldGen: 519699K(520192K)->519747K(520192K)
[14057.840s][info][gc,metaspace   ] GC(32577) Metaspace: 62250K(62528K)->62250K(62528K) NonClass: 53217K(53440K)->53217K(53440K) Class: 9032K(9088K)->9032K(9088K)
[14057.840s][info][gc             ] GC(32577) Pause Young (Allocation Failure) 588M->508M(591M) 2.647ms
[14057.840s][info][gc,cpu         ] GC(32577) User=0.00s Sys=0.00s Real=0.00s
[14058.340s][info][gc,start       ] GC(32578) Pause Young (Allocation Failure)
[14058.343s][info][gc,heap        ] GC(32578) PSYoungGen: 83392K(84992K)->512K(84992K) Eden: 82944K(82944K)->0K(82944K) From: 448K(2048K)->512K(2048K)
[14058.343s][info][gc,heap        ] GC(32578) ParOldGen: 519747K(520192K)->519795K(520192K)
[14058.343s][info][gc,metaspace   ] GC(32578) Metaspace: 62250K(62528K)->62250K(62528K) NonClass: 53217K(53440K)->53217K(53440K) Class: 9032K(9088K)->9032K(9088K)
[14058.343s][info][gc             ] GC(32578) Pause Young (Allocation Failure) 589M->508M(591M) 2.587ms
[14058.343s][info][gc,cpu         ] GC(32578) User=0.01s Sys=0.00s Real=0.00s
[14058.797s][info][gc,start       ] GC(32579) Pause Young (Allocation Failure)
[14058.801s][info][gc,heap        ] GC(32579) PSYoungGen: 83456K(84992K)->1376K(84992K) Eden: 82944K(82944K)->0K(82944K) From: 512K(2048K)->1376K(2048K)
[14058.801s][info][gc,heap        ] GC(32579) ParOldGen: 519795K(520192K)->519843K(520192K)
[14058.801s][info][gc,metaspace   ] GC(32579) Metaspace: 62250K(62528K)->62250K(62528K) NonClass: 53217K(53440K)->53217K(53440K) Class: 9032K(9088K)->9032K(9088K)
[14058.801s][info][gc             ] GC(32579) Pause Young (Allocation Failure) 589M->509M(591M) 3.306ms
[14058.801s][info][gc,cpu         ] GC(32579) User=0.01s Sys=0.00s Real=0.00s
[14059.299s][info][gc,start       ] GC(32580) Pause Young (Allocation Failure)
[14059.304s][info][gc,heap        ] GC(32580) PSYoungGen: 84320K(84992K)->1424K(84992K) Eden: 82944K(82944K)->0K(82944K) From: 1376K(2048K)->1424K(2048K)
[14059.304s][info][gc,heap        ] GC(32580) ParOldGen: 519843K(520192K)->521947K(523264K)
[14059.304s][info][gc,metaspace   ] GC(32580) Metaspace: 62250K(62528K)->62250K(62528K) NonClass: 53217K(53440K)->53217K(53440K) Class: 9032K(9088K)->9032K(9088K)
[14059.304s][info][gc             ] GC(32580) Pause Young (Allocation Failure) 590M->511M(594M) 4.449ms
[14059.304s][info][gc,cpu         ] GC(32580) User=0.01s Sys=0.00s Real=0.00s
[14059.699s][info][gc,start       ] GC(32581) Pause Young (Allocation Failure)
[14059.702s][info][gc,heap        ] GC(32581) PSYoungGen: 84368K(84992K)->1504K(83968K) Eden: 82944K(82944K)->0K(81920K) From: 1424K(2048K)->1504K(2048K)
[14059.702s][info][gc,heap        ] GC(32581) ParOldGen: 521947K(523264K)->522051K(523264K)
[14059.702s][info][gc,metaspace   ] GC(32581) Metaspace: 62250K(62528K)->62250K(62528K) NonClass: 53217K(53440K)->53217K(53440K) Class: 9032K(9088K)->9032K(9088K)
[14059.702s][info][gc             ] GC(32581) Pause Young (Allocation Failure) 592M->511M(593M) 3.486ms
[14059.702s][info][gc,cpu         ] GC(32581) User=0.01s Sys=0.00s Real=0.00s
[14060.138s][info][gc,start       ] GC(32582) Pause Young (Allocation Failure)
[14060.140s][info][gc,heap        ] GC(32582) PSYoungGen: 83424K(83968K)->544K(84480K) Eden: 81920K(81920K)->0K(81920K) From: 1504K(2048K)->544K(2560K)
[14060.140s][info][gc,heap        ] GC(32582) ParOldGen: 522051K(523264K)->522099K(523264K)
[14060.140s][info][gc,metaspace   ] GC(32582) Metaspace: 62250K(62528K)->62250K(62528K) NonClass: 53217K(53440K)->53217K(53440K) Class: 9032K(9088K)->9032K(9088K)
[14060.140s][info][gc             ] GC(32582) Pause Young (Allocation Failure) 591M->510M(593M) 2.559ms
[14060.140s][info][gc,cpu         ] GC(32582) User=0.00s Sys=0.00s Real=0.00s
[14060.543s][info][gc,start       ] GC(32583) Pause Young (Allocation Failure)
[14060.546s][info][gc,heap        ] GC(32583) PSYoungGen: 82464K(84480K)->576K(84992K) Eden: 81920K(81920K)->0K(82944K) From: 544K(2560K)->576K(2048K)
[14060.546s][info][gc,heap        ] GC(32583) ParOldGen: 522099K(523264K)->522147K(523264K)
[14060.546s][info][gc,metaspace   ] GC(32583) Metaspace: 62250K(62528K)->62250K(62528K) NonClass: 53217K(53440K)->53217K(53440K) Class: 9032K(9088K)->9032K(9088K)
[14060.546s][info][gc             ] GC(32583) Pause Young (Allocation Failure) 590M->510M(594M) 2.648ms
[14060.546s][info][gc,cpu         ] GC(32583) User=0.00s Sys=0.00s Real=0.00s
[14061.005s][info][gc,start       ] GC(32584) Pause Young (Allocation Failure)
[14061.008s][info][gc,heap        ] GC(32584) PSYoungGen: 83520K(84992K)->1440K(84992K) Eden: 82944K(82944K)->0K(82944K) From: 576K(2048K)->1440K(2048K)
[14061.008s][info][gc,heap        ] GC(32584) ParOldGen: 522147K(523264K)->522195K(523264K)
[14061.008s][info][gc,metaspace   ] GC(32584) Metaspace: 62250K(62528K)->62250K(62528K) NonClass: 53217K(53440K)->53217K(53440K) Class: 9032K(9088K)->9032K(9088K)
[14061.008s][info][gc             ] GC(32584) Pause Young (Allocation Failure) 591M->511M(594M) 3.298ms
[14061.008s][info][gc,cpu         ] GC(32584) User=0.01s Sys=0.00s Real=0.01s
[14061.466s][info][gc,start       ] GC(32585) Pause Young (Allocation Failure)
[14061.468s][info][gc,heap        ] GC(32585) PSYoungGen: 84384K(84992K)->896K(84992K) Eden: 82944K(82944K)->0K(82944K) From: 1440K(2048K)->896K(2048K)
[14061.468s][info][gc,heap        ] GC(32585) ParOldGen: 522195K(523264K)->522243K(523264K)
[14061.468s][info][gc,metaspace   ] GC(32585) Metaspace: 62250K(62528K)->62250K(62528K) NonClass: 53217K(53440K)->53217K(53440K) Class: 9032K(9088K)->9032K(9088K)
[14061.468s][info][gc             ] GC(32585) Pause Young (Allocation Failure) 592M->510M(594M) 2.805ms
[14061.469s][info][gc,cpu         ] GC(32585) User=0.01s Sys=0.00s Real=0.01s
[14061.927s][info][gc,start       ] GC(32586) Pause Young (Allocation Failure)
[14061.929s][info][gc,heap        ] GC(32586) PSYoungGen: 83840K(84992K)->288K(84992K) Eden: 82944K(82944K)->0K(82944K) From: 896K(2048K)->288K(2048K)
[14061.929s][info][gc,heap        ] GC(32586) ParOldGen: 522243K(523264K)->522299K(523264K)
[14061.929s][info][gc,metaspace   ] GC(32586) Metaspace: 62250K(62528K)->62250K(62528K) NonClass: 53217K(53440K)->53217K(53440K) Class: 9032K(9088K)->9032K(9088K)
[14061.929s][info][gc             ] GC(32586) Pause Young (Allocation Failure) 591M->510M(594M) 2.520ms
[14061.929s][info][gc,cpu         ] GC(32586) User=0.01s Sys=0.00s Real=0.00s
[14062.385s][info][gc,start       ] GC(32587) Pause Young (Allocation Failure)
[14062.389s][info][gc,heap        ] GC(32587) PSYoungGen: 83232K(84992K)->1152K(84992K) Eden: 82944K(82944K)->0K(82944K) From: 288K(2048K)->1152K(2048K)
[14062.389s][info][gc,heap        ] GC(32587) ParOldGen: 522299K(523264K)->522347K(523264K)
[14062.389s][info][gc,metaspace   ] GC(32587) Metaspace: 62250K(62528K)->62250K(62528K) NonClass: 53217K(53440K)->53217K(53440K) Class: 9032K(9088K)->9032K(9088K)
[14062.389s][info][gc             ] GC(32587) Pause Young (Allocation Failure) 591M->511M(594M) 3.223ms
[14062.389s][info][gc,cpu         ] GC(32587) User=0.01s Sys=0.00s Real=0.01s
[14062.824s][info][gc,start       ] GC(32588) Pause Young (Allocation Failure)
[14062.826s][info][gc,heap        ] GC(32588) PSYoungGen: 84096K(84992K)->224K(84992K) Eden: 82944K(82944K)->0K(82944K) From: 1152K(2048K)->224K(2048K)
[14062.826s][info][gc,heap        ] GC(32588) ParOldGen: 522347K(523264K)->522403K(523264K)
[14062.826s][info][gc,metaspace   ] GC(32588) Metaspace: 62250K(62528K)->62250K(62528K) NonClass: 53217K(53440K)->53217K(53440K) Class: 9032K(9088K)->9032K(9088K)
[14062.826s][info][gc             ] GC(32588) Pause Young (Allocation Failure) 592M->510M(594M) 2.331ms
[14062.826s][info][gc,cpu         ] GC(32588) User=0.00s Sys=0.00s Real=0.00s
[14063.262s][info][gc,start       ] GC(32589) Pause Young (Allocation Failure)
[14063.265s][info][gc,heap        ] GC(32589) PSYoungGen: 83168K(84992K)->832K(84992K) Eden: 82944K(82944K)->0K(82944K) From: 224K(2048K)->832K(2048K)
[14063.265s][info][gc,heap        ] GC(32589) ParOldGen: 522403K(523264K)->522451K(523264K)
[14063.265s][info][gc,metaspace   ] GC(32589) Metaspace: 62250K(62528K)->62250K(62528K) NonClass: 53217K(53440K)->53217K(53440K) Class: 9032K(9088K)->9032K(9088K)
[14063.265s][info][gc             ] GC(32589) Pause Young (Allocation Failure) 591M->511M(594M) 2.951ms
[14063.265s][info][gc,cpu         ] GC(32589) User=0.01s Sys=0.00s Real=0.00s
[14063.687s][info][gc,start       ] GC(32590) Pause Young (Allocation Failure)
[14063.690s][info][gc,heap        ] GC(32590) PSYoungGen: 83775K(84992K)->1312K(84992K) Eden: 82943K(82944K)->0K(82944K) From: 832K(2048K)->1312K(2048K)
[14063.690s][info][gc,heap        ] GC(32590) ParOldGen: 522451K(523264K)->522499K(523264K)
[14063.690s][info][gc,metaspace   ] GC(32590) Metaspace: 62250K(62528K)->62250K(62528K) NonClass: 53217K(53440K)->53217K(53440K) Class: 9032K(9088K)->9032K(9088K)
[14063.690s][info][gc             ] GC(32590) Pause Young (Allocation Failure) 592M->511M(594M) 3.259ms
[14063.690s][info][gc,cpu         ] GC(32590) User=0.01s Sys=0.00s Real=0.00s
[14064.100s][info][gc,start       ] GC(32591) Pause Young (Allocation Failure)
[14064.104s][info][gc,heap        ] GC(32591) PSYoungGen: 84256K(84992K)->1472K(83968K) Eden: 82944K(82944K)->0K(81920K) From: 1312K(2048K)->1472K(2048K)
[14064.104s][info][gc,heap        ] GC(32591) ParOldGen: 522499K(523264K)->524603K(524800K)
[14064.104s][info][gc,metaspace   ] GC(32591) Metaspace: 62250K(62528K)->62250K(62528K) NonClass: 53217K(53440K)->53217K(53440K) Class: 9032K(9088K)->9032K(9088K)
[14064.104s][info][gc             ] GC(32591) Pause Young (Allocation Failure) 592M->513M(594M) 4.425ms
[14064.104s][info][gc,cpu         ] GC(32591) User=0.00s Sys=0.00s Real=0.00s
[14064.509s][info][gc,start       ] GC(32592) Pause Young (Allocation Failure)
[14064.512s][info][gc,heap        ] GC(32592) PSYoungGen: 83392K(83968K)->1664K(84480K) Eden: 81920K(81920K)->0K(81920K) From: 1472K(2048K)->1664K(2560K)
[14064.512s][info][gc,heap        ] GC(32592) ParOldGen: 524603K(524800K)->524651K(524800K)
[14064.512s][info][gc,metaspace   ] GC(32592) Metaspace: 62250K(62528K)->62250K(62528K) NonClass: 53217K(53440K)->53217K(53440K) Class: 9032K(9088K)->9032K(9088K)
[14064.512s][info][gc             ] GC(32592) Pause Young (Allocation Failure) 593M->513M(595M) 3.887ms
[14064.512s][info][gc,cpu         ] GC(32592) User=0.01s Sys=0.00s Real=0.00s
[14064.939s][info][gc,start       ] GC(32593) Pause Young (Allocation Failure)
[14064.942s][info][gc,heap        ] GC(32593) PSYoungGen: 83584K(84480K)->512K(84480K) Eden: 81920K(81920K)->0K(81920K) From: 1664K(2560K)->512K(2560K)
[14064.942s][info][gc,heap        ] GC(32593) ParOldGen: 524651K(524800K)->524699K(524800K)
[14064.942s][info][gc,metaspace   ] GC(32593) Metaspace: 62250K(62528K)->62250K(62528K) NonClass: 53217K(53440K)->53217K(53440K) Class: 9032K(9088K)->9032K(9088K)
[14064.942s][info][gc             ] GC(32593) Pause Young (Allocation Failure) 593M->512M(595M) 2.761ms
[14064.942s][info][gc,cpu         ] GC(32593) User=0.00s Sys=0.00s Real=0.00s
[14065.392s][info][gc,start       ] GC(32594) Pause Young (Allocation Failure)
[14065.395s][info][gc,heap        ] GC(32594) PSYoungGen: 82432K(84480K)->1120K(84480K) Eden: 81920K(81920K)->0K(81920K) From: 512K(2560K)->1120K(2560K)
[14065.395s][info][gc,heap        ] GC(32594) ParOldGen: 524699K(524800K)->524747K(524800K)
[14065.395s][info][gc,metaspace   ] GC(32594) Metaspace: 62250K(62528K)->62250K(62528K) NonClass: 53217K(53440K)->53217K(53440K) Class: 9032K(9088K)->9032K(9088K)
[14065.395s][info][gc             ] GC(32594) Pause Young (Allocation Failure) 592M->513M(595M) 3.032ms
[14065.395s][info][gc,cpu         ] GC(32594) User=0.01s Sys=0.01s Real=0.00s
[14065.821s][info][gc,start       ] GC(32595) Pause Young (Allocation Failure)
[14065.823s][info][gc,heap        ] GC(32595) PSYoungGen: 83040K(84480K)->224K(84480K) Eden: 81920K(81920K)->0K(81920K) From: 1120K(2560K)->224K(2560K)
[14065.823s][info][gc,heap        ] GC(32595) ParOldGen: 524747K(524800K)->524803K(525312K)
[14065.823s][info][gc,metaspace   ] GC(32595) Metaspace: 62250K(62528K)->62250K(62528K) NonClass: 53217K(53440K)->53217K(53440K) Class: 9032K(9088K)->9032K(9088K)
[14065.823s][info][gc             ] GC(32595) Pause Young (Allocation Failure) 593M->512M(595M) 2.383ms
[14065.823s][info][gc,cpu         ] GC(32595) User=0.01s Sys=0.00s Real=0.00s
[14066.216s][info][gc,start       ] GC(32596) Pause Young (Allocation Failure)
[14066.220s][info][gc,heap        ] GC(32596) PSYoungGen: 82144K(84480K)->1728K(84480K) Eden: 81920K(81920K)->0K(81920K) From: 224K(2560K)->1728K(2560K)
[14066.220s][info][gc,heap        ] GC(32596) ParOldGen: 524803K(525312K)->524851K(525312K)
[14066.220s][info][gc,metaspace   ] GC(32596) Metaspace: 62250K(62528K)->62250K(62528K) NonClass: 53217K(53440K)->53217K(53440K) Class: 9032K(9088K)->9032K(9088K)
[14066.220s][info][gc             ] GC(32596) Pause Young (Allocation Failure) 592M->514M(595M) 3.806ms
[14066.220s][info][gc,cpu         ] GC(32596) User=0.01s Sys=0.00s Real=0.01s
[14066.712s][info][gc,start       ] GC(32597) Pause Young (Allocation Failure)
[14066.716s][info][gc,heap        ] GC(32597) PSYoungGen: 83648K(84480K)->1680K(84480K) Eden: 81920K(81920K)->0K(81920K) From: 1728K(2560K)->1680K(2560K)
[14066.716s][info][gc,heap        ] GC(32597) ParOldGen: 524851K(525312K)->524899K(525312K)
[14066.716s][info][gc,metaspace   ] GC(32597) Metaspace: 62250K(62528K)->62250K(62528K) NonClass: 53217K(53440K)->53217K(53440K) Class: 9032K(9088K)->9032K(9088K)
[14066.716s][info][gc             ] GC(32597) Pause Young (Allocation Failure) 594M->514M(595M) 3.790ms
[14066.716s][info][gc,cpu         ] GC(32597) User=0.01s Sys=0.00s Real=0.00s
[14067.179s][info][gc,start       ] GC(32598) Pause Young (Allocation Failure)
[14067.182s][info][gc,heap        ] GC(32598) PSYoungGen: 83600K(84480K)->992K(84480K) Eden: 81920K(81920K)->0K(81920K) From: 1680K(2560K)->992K(2560K)
[14067.182s][info][gc,heap        ] GC(32598) ParOldGen: 524899K(525312K)->525003K(525312K)
[14067.182s][info][gc,metaspace   ] GC(32598) Metaspace: 62250K(62528K)->62250K(62528K) NonClass: 53217K(53440K)->53217K(53440K) Class: 9032K(9088K)->9032K(9088K)
[14067.182s][info][gc             ] GC(32598) Pause Young (Allocation Failure) 594M->513M(595M) 3.231ms
[14067.182s][info][gc,cpu         ] GC(32598) User=0.00s Sys=0.00s Real=0.00s
[14067.655s][info][gc,start       ] GC(32599) Pause Young (Allocation Failure)
[14067.658s][info][gc,heap        ] GC(32599) PSYoungGen: 82912K(84480K)->704K(84480K) Eden: 81920K(81920K)->0K(81920K) From: 992K(2560K)->704K(2560K)
[14067.658s][info][gc,heap        ] GC(32599) ParOldGen: 525003K(525312K)->525051K(525312K)
[14067.658s][info][gc,metaspace   ] GC(32599) Metaspace: 62250K(62528K)->62250K(62528K) NonClass: 53217K(53440K)->53217K(53440K) Class: 9032K(9088K)->9032K(9088K)
[14067.658s][info][gc             ] GC(32599) Pause Young (Allocation Failure) 593M->513M(595M) 2.979ms
[14067.658s][info][gc,cpu         ] GC(32599) User=0.01s Sys=0.00s Real=0.01s
[14068.122s][info][gc,start       ] GC(32600) Pause Young (Allocation Failure)
[14068.125s][info][gc,heap        ] GC(32600) PSYoungGen: 82624K(84480K)->256K(84480K) Eden: 81920K(81920K)->0K(81920K) From: 704K(2560K)->256K(2560K)
[14068.125s][info][gc,heap        ] GC(32600) ParOldGen: 525051K(525312K)->525099K(525312K)
[14068.125s][info][gc,metaspace   ] GC(32600) Metaspace: 62250K(62528K)->62250K(62528K) NonClass: 53217K(53440K)->53217K(53440K) Class: 9032K(9088K)->9032K(9088K)
[14068.125s][info][gc             ] GC(32600) Pause Young (Allocation Failure) 593M->513M(595M) 2.495ms
[14068.125s][info][gc,cpu         ] GC(32600) User=0.00s Sys=0.00s Real=0.00s
[14068.596s][info][gc,start       ] GC(32601) Pause Young (Allocation Failure)
[14068.600s][info][gc,heap        ] GC(32601) PSYoungGen: 82176K(84480K)->2272K(83456K) Eden: 81920K(81920K)->0K(80896K) From: 256K(2560K)->2272K(2560K)
[14068.600s][info][gc,heap        ] GC(32601) ParOldGen: 525099K(525312K)->526179K(526848K)
[14068.600s][info][gc,metaspace   ] GC(32601) Metaspace: 62250K(62528K)->62250K(62528K) NonClass: 53217K(53440K)->53217K(53440K) Class: 9032K(9088K)->9032K(9088K)
[14068.600s][info][gc             ] GC(32601) Pause Young (Allocation Failure) 593M->516M(596M) 3.912ms
[14068.600s][info][gc,cpu         ] GC(32601) User=0.00s Sys=0.00s Real=0.01s
[14069.071s][info][gc,start       ] GC(32602) Pause Young (Allocation Failure)
[14069.075s][info][gc,heap        ] GC(32602) PSYoungGen: 83168K(83456K)->864K(83968K) Eden: 80896K(80896K)->0K(80896K) From: 2272K(2560K)->864K(3072K)
[14069.075s][info][gc,heap        ] GC(32602) ParOldGen: 526179K(526848K)->528283K(528384K)
[14069.075s][info][gc,metaspace   ] GC(32602) Metaspace: 62250K(62528K)->62250K(62528K) NonClass: 53217K(53440K)->53217K(53440K) Class: 9032K(9088K)->9032K(9088K)
[14069.075s][info][gc             ] GC(32602) Pause Young (Allocation Failure) 595M->516M(598M) 4.220ms
[14069.075s][info][gc,cpu         ] GC(32602) User=0.01s Sys=0.00s Real=0.00s
[14069.555s][info][gc,start       ] GC(32603) Pause Young (Allocation Failure)
[14069.558s][info][gc,heap        ] GC(32603) PSYoungGen: 81760K(83968K)->640K(84480K) Eden: 80896K(80896K)->0K(81920K) From: 864K(3072K)->640K(2560K)
[14069.558s][info][gc,heap        ] GC(32603) ParOldGen: 528283K(528384K)->528339K(528384K)
[14069.559s][info][gc,metaspace   ] GC(32603) Metaspace: 62250K(62528K)->62250K(62528K) NonClass: 53217K(53440K)->53217K(53440K) Class: 9032K(9088K)->9032K(9088K)
[14069.559s][info][gc             ] GC(32603) Pause Young (Allocation Failure) 595M->516M(598M) 3.071ms
[14069.559s][info][gc,cpu         ] GC(32603) User=0.01s Sys=0.00s Real=0.01s
[14070.080s][info][gc,start       ] GC(32604) Pause Young (Allocation Failure)
[14070.082s][info][gc,heap        ] GC(32604) PSYoungGen: 82560K(84480K)->960K(84480K) Eden: 81920K(81920K)->0K(81920K) From: 640K(2560K)->960K(2560K)
[14070.082s][info][gc,heap        ] GC(32604) ParOldGen: 528339K(528384K)->528387K(528896K)
[14070.082s][info][gc,metaspace   ] GC(32604) Metaspace: 62250K(62528K)->62250K(62528K) NonClass: 53217K(53440K)->53217K(53440K) Class: 9032K(9088K)->9032K(9088K)
[14070.083s][info][gc             ] GC(32604) Pause Young (Allocation Failure) 596M->516M(599M) 2.960ms
[14070.083s][info][gc,cpu         ] GC(32604) User=0.00s Sys=0.00s Real=0.00s
[14070.565s][info][gc,start       ] GC(32605) Pause Young (Allocation Failure)
[14070.568s][info][gc,heap        ] GC(32605) PSYoungGen: 82880K(84480K)->896K(84480K) Eden: 81920K(81920K)->0K(81920K) From: 960K(2560K)->896K(2560K)
[14070.568s][info][gc,heap        ] GC(32605) ParOldGen: 528387K(528896K)->528443K(528896K)
[14070.568s][info][gc,metaspace   ] GC(32605) Metaspace: 62250K(62528K)->62250K(62528K) NonClass: 53217K(53440K)->53217K(53440K) Class: 9032K(9088K)->9032K(9088K)
[14070.568s][info][gc             ] GC(32605) Pause Young (Allocation Failure) 596M->516M(599M) 3.079ms
[14070.568s][info][gc,cpu         ] GC(32605) User=0.01s Sys=0.00s Real=0.01s
[14071.052s][info][gc,start       ] GC(32606) Pause Young (Allocation Failure)
[14071.055s][info][gc,heap        ] GC(32606) PSYoungGen: 82816K(84480K)->640K(84480K) Eden: 81920K(81920K)->0K(81920K) From: 896K(2560K)->640K(2560K)
[14071.055s][info][gc,heap        ] GC(32606) ParOldGen: 528443K(528896K)->528491K(528896K)
[14071.055s][info][gc,metaspace   ] GC(32606) Metaspace: 62250K(62528K)->62250K(62528K) NonClass: 53217K(53440K)->53217K(53440K) Class: 9032K(9088K)->9032K(9088K)
[14071.055s][info][gc             ] GC(32606) Pause Young (Allocation Failure) 596M->516M(599M) 2.814ms
[14071.055s][info][gc,cpu         ] GC(32606) User=0.01s Sys=0.00s Real=0.00s
[14071.557s][info][gc,start       ] GC(32607) Pause Young (Allocation Failure)
[14071.561s][info][gc,heap        ] GC(32607) PSYoungGen: 82560K(84480K)->672K(84992K) Eden: 81920K(81920K)->0K(82432K) From: 640K(2560K)->672K(2560K)
[14071.561s][info][gc,heap        ] GC(32607) ParOldGen: 528491K(528896K)->528547K(528896K)
[14071.561s][info][gc,metaspace   ] GC(32607) Metaspace: 62250K(62528K)->62250K(62528K) NonClass: 53217K(53440K)->53217K(53440K) Class: 9032K(9088K)->9032K(9088K)
[14071.561s][info][gc             ] GC(32607) Pause Young (Allocation Failure) 596M->516M(599M) 3.349ms
[14071.561s][info][gc,cpu         ] GC(32607) User=0.00s Sys=0.00s Real=0.00s
[14072.050s][info][gc,start       ] GC(32608) Pause Young (Allocation Failure)
[14072.053s][info][gc,heap        ] GC(32608) PSYoungGen: 83104K(84992K)->576K(84480K) Eden: 82432K(82432K)->0K(82432K) From: 672K(2560K)->576K(2048K)
[14072.053s][info][gc,heap        ] GC(32608) ParOldGen: 528547K(528896K)->528603K(528896K)
[14072.053s][info][gc,metaspace   ] GC(32608) Metaspace: 62250K(62528K)->62250K(62528K) NonClass: 53217K(53440K)->53217K(53440K) Class: 9032K(9088K)->9032K(9088K)
[14072.053s][info][gc             ] GC(32608) Pause Young (Allocation Failure) 597M->516M(599M) 2.699ms
[14072.053s][info][gc,cpu         ] GC(32608) User=0.00s Sys=0.00s Real=0.00s
[14072.547s][info][gc,start       ] GC(32609) Pause Young (Allocation Failure)
[14072.550s][info][gc,heap        ] GC(32609) PSYoungGen: 83007K(84480K)->480K(84992K) Eden: 82431K(82432K)->0K(82944K) From: 576K(2048K)->480K(2048K)
[14072.550s][info][gc,heap        ] GC(32609) ParOldGen: 528603K(528896K)->528651K(528896K)
[14072.550s][info][gc,metaspace   ] GC(32609) Metaspace: 62250K(62528K)->62250K(62528K) NonClass: 53217K(53440K)->53217K(53440K) Class: 9032K(9088K)->9032K(9088K)
[14072.550s][info][gc             ] GC(32609) Pause Young (Allocation Failure) 597M->516M(599M) 2.957ms
[14072.550s][info][gc,cpu         ] GC(32609) User=0.01s Sys=0.00s Real=0.00s
[14073.064s][info][gc,start       ] GC(32610) Pause Young (Allocation Failure)
[14073.066s][info][gc,heap        ] GC(32610) PSYoungGen: 83424K(84992K)->768K(84992K) Eden: 82944K(82944K)->0K(82944K) From: 480K(2048K)->768K(2048K)
[14073.066s][info][gc,heap        ] GC(32610) ParOldGen: 528651K(528896K)->528699K(528896K)
[14073.066s][info][gc,metaspace   ] GC(32610) Metaspace: 62250K(62528K)->62250K(62528K) NonClass: 53217K(53440K)->53217K(53440K) Class: 9032K(9088K)->9032K(9088K)
[14073.067s][info][gc             ] GC(32610) Pause Young (Allocation Failure) 597M->517M(599M) 2.825ms
[14073.067s][info][gc,cpu         ] GC(32610) User=0.01s Sys=0.00s Real=0.01s
[14073.577s][info][gc,start       ] GC(32611) Pause Young (Allocation Failure)
[14073.580s][info][gc,heap        ] GC(32611) PSYoungGen: 83712K(84992K)->960K(84992K) Eden: 82944K(82944K)->0K(82944K) From: 768K(2048K)->960K(2048K)
[14073.580s][info][gc,heap        ] GC(32611) ParOldGen: 528699K(528896K)->528747K(528896K)
[14073.580s][info][gc,metaspace   ] GC(32611) Metaspace: 62250K(62528K)->62250K(62528K) NonClass: 53217K(53440K)->53217K(53440K) Class: 9032K(9088K)->9032K(9088K)
[14073.580s][info][gc             ] GC(32611) Pause Young (Allocation Failure) 598M->517M(599M) 3.137ms
[14073.580s][info][gc,cpu         ] GC(32611) User=0.01s Sys=0.00s Real=0.00s
[14074.050s][info][gc,start       ] GC(32612) Pause Young (Allocation Failure)
[14074.053s][info][gc,heap        ] GC(32612) PSYoungGen: 83904K(84992K)->1664K(84992K) Eden: 82944K(82944K)->0K(82944K) From: 960K(2048K)->1664K(2048K)
[14074.053s][info][gc,heap        ] GC(32612) ParOldGen: 528747K(528896K)->529819K(530432K)
[14074.053s][info][gc,metaspace   ] GC(32612) Metaspace: 62250K(62528K)->62250K(62528K) NonClass: 53217K(53440K)->53217K(53440K) Class: 9032K(9088K)->9032K(9088K)
[14074.053s][info][gc             ] GC(32612) Pause Young (Allocation Failure) 598M->519M(601M) 3.475ms
[14074.053s][info][gc,cpu         ] GC(32612) User=0.00s Sys=0.00s Real=0.00s
[14074.592s][info][gc,start       ] GC(32613) Pause Young (Allocation Failure)
[14074.596s][info][gc,heap        ] GC(32613) PSYoungGen: 84608K(84992K)->1088K(84992K) Eden: 82944K(82944K)->0K(82944K) From: 1664K(2048K)->1088K(2048K)
[14074.596s][info][gc,heap        ] GC(32613) ParOldGen: 529819K(530432K)->531915K(531968K)
[14074.596s][info][gc,metaspace   ] GC(32613) Metaspace: 62250K(62528K)->62250K(62528K) NonClass: 53217K(53440K)->53217K(53440K) Class: 9032K(9088K)->9032K(9088K)
[14074.596s][info][gc             ] GC(32613) Pause Young (Allocation Failure) 600M->520M(602M) 4.479ms
[14074.596s][info][gc,cpu         ] GC(32613) User=0.00s Sys=0.01s Real=0.01s
[14075.157s][info][gc,start       ] GC(32614) Pause Young (Allocation Failure)
[14075.160s][info][gc,heap        ] GC(32614) PSYoungGen: 84032K(84992K)->800K(84992K) Eden: 82944K(82944K)->0K(82944K) From: 1088K(2048K)->800K(2048K)
[14075.160s][info][gc,heap        ] GC(32614) ParOldGen: 531915K(531968K)->531971K(532480K)
[14075.160s][info][gc,metaspace   ] GC(32614) Metaspace: 62250K(62528K)->62250K(62528K) NonClass: 53217K(53440K)->53217K(53440K) Class: 9032K(9088K)->9032K(9088K)
[14075.160s][info][gc             ] GC(32614) Pause Young (Allocation Failure) 601M->520M(603M) 2.868ms
[14075.160s][info][gc,cpu         ] GC(32614) User=0.01s Sys=0.00s Real=0.00s
[14075.662s][info][gc,start       ] GC(32615) Pause Young (Allocation Failure)
[14075.665s][info][gc,heap        ] GC(32615) PSYoungGen: 83744K(84992K)->672K(84992K) Eden: 82944K(82944K)->0K(82944K) From: 800K(2048K)->672K(2048K)
[14075.665s][info][gc,heap        ] GC(32615) ParOldGen: 531971K(532480K)->532075K(532480K)
[14075.665s][info][gc,metaspace   ] GC(32615) Metaspace: 62250K(62528K)->62250K(62528K) NonClass: 53217K(53440K)->53217K(53440K) Class: 9032K(9088K)->9032K(9088K)
[14075.665s][info][gc             ] GC(32615) Pause Young (Allocation Failure) 601M->520M(603M) 2.901ms
[14075.665s][info][gc,cpu         ] GC(32615) User=0.01s Sys=0.00s Real=0.00s
[14076.177s][info][gc,start       ] GC(32616) Pause Young (Allocation Failure)
[14076.180s][info][gc,heap        ] GC(32616) PSYoungGen: 83616K(84992K)->960K(84992K) Eden: 82944K(82944K)->0K(82944K) From: 672K(2048K)->960K(2048K)
[14076.180s][info][gc,heap        ] GC(32616) ParOldGen: 532075K(532480K)->532131K(532480K)
[14076.180s][info][gc,metaspace   ] GC(32616) Metaspace: 62250K(62528K)->62250K(62528K) NonClass: 53217K(53440K)->53217K(53440K) Class: 9032K(9088K)->9032K(9088K)
[14076.180s][info][gc             ] GC(32616) Pause Young (Allocation Failure) 601M->520M(603M) 3.015ms
[14076.180s][info][gc,cpu         ] GC(32616) User=0.01s Sys=0.00s Real=0.00s
[14076.667s][info][gc,start       ] GC(32617) Pause Young (Allocation Failure)
[14076.670s][info][gc,heap        ] GC(32617) PSYoungGen: 83904K(84992K)->864K(84992K) Eden: 82944K(82944K)->0K(82944K) From: 960K(2048K)->864K(2048K)
[14076.670s][info][gc,heap        ] GC(32617) ParOldGen: 532131K(532480K)->532179K(532480K)
[14076.670s][info][gc,metaspace   ] GC(32617) Metaspace: 62250K(62528K)->62250K(62528K) NonClass: 53217K(53440K)->53217K(53440K) Class: 9032K(9088K)->9032K(9088K)
[14076.670s][info][gc             ] GC(32617) Pause Young (Allocation Failure) 601M->520M(603M) 2.894ms
[14076.670s][info][gc,cpu         ] GC(32617) User=0.00s Sys=0.00s Real=0.00s
[14077.186s][info][gc,start       ] GC(32618) Pause Young (Allocation Failure)
[14077.189s][info][gc,heap        ] GC(32618) PSYoungGen: 83808K(84992K)->1024K(84992K) Eden: 82944K(82944K)->0K(82944K) From: 864K(2048K)->1024K(2048K)
[14077.189s][info][gc,heap        ] GC(32618) ParOldGen: 532179K(532480K)->532227K(532480K)
[14077.189s][info][gc,metaspace   ] GC(32618) Metaspace: 62250K(62528K)->62250K(62528K) NonClass: 53217K(53440K)->53217K(53440K) Class: 9032K(9088K)->9032K(9088K)
[14077.189s][info][gc             ] GC(32618) Pause Young (Allocation Failure) 601M->520M(603M) 3.088ms
[14077.189s][info][gc,cpu         ] GC(32618) User=0.00s Sys=0.00s Real=0.01s
[14077.717s][info][gc,start       ] GC(32619) Pause Young (Allocation Failure)
[14077.720s][info][gc,heap        ] GC(32619) PSYoungGen: 83968K(84992K)->1440K(84992K) Eden: 82944K(82944K)->0K(82944K) From: 1024K(2048K)->1440K(2048K)
[14077.720s][info][gc,heap        ] GC(32619) ParOldGen: 532227K(532480K)->532275K(532480K)
[14077.720s][info][gc,metaspace   ] GC(32619) Metaspace: 62250K(62528K)->62250K(62528K) NonClass: 53217K(53440K)->53217K(53440K) Class: 9032K(9088K)->9032K(9088K)
[14077.720s][info][gc             ] GC(32619) Pause Young (Allocation Failure) 601M->521M(603M) 3.376ms
[14077.720s][info][gc,cpu         ] GC(32619) User=0.01s Sys=0.00s Real=0.00s
[14078.216s][info][gc,start       ] GC(32620) Pause Young (Allocation Failure)
[14078.219s][info][gc,heap        ] GC(32620) PSYoungGen: 84384K(84992K)->1536K(84992K) Eden: 82944K(82944K)->0K(82944K) From: 1440K(2048K)->1536K(2048K)
[14078.219s][info][gc,heap        ] GC(32620) ParOldGen: 532275K(532480K)->532323K(532480K)
[14078.219s][info][gc,metaspace   ] GC(32620) Metaspace: 62250K(62528K)->62250K(62528K) NonClass: 53217K(53440K)->53217K(53440K) Class: 9032K(9088K)->9032K(9088K)
[14078.219s][info][gc             ] GC(32620) Pause Young (Allocation Failure) 602M->521M(603M) 3.806ms
[14078.219s][info][gc,cpu         ] GC(32620) User=0.01s Sys=0.00s Real=0.01s
[14078.740s][info][gc,start       ] GC(32621) Pause Young (Allocation Failure)
[14078.742s][info][gc,heap        ] GC(32621) PSYoungGen: 84480K(84992K)->448K(84992K) Eden: 82944K(82944K)->0K(82944K) From: 1536K(2048K)->448K(2048K)
[14078.742s][info][gc,heap        ] GC(32621) ParOldGen: 532323K(532480K)->532371K(532480K)
[14078.742s][info][gc,metaspace   ] GC(32621) Metaspace: 62250K(62528K)->62250K(62528K) NonClass: 53217K(53440K)->53217K(53440K) Class: 9032K(9088K)->9032K(9088K)
[14078.742s][info][gc             ] GC(32621) Pause Young (Allocation Failure) 602M->520M(603M) 2.633ms
[14078.742s][info][gc,cpu         ] GC(32621) User=0.00s Sys=0.01s Real=0.00s
[14079.259s][info][gc,start       ] GC(32622) Pause Young (Allocation Failure)
[14079.262s][info][gc,heap        ] GC(32622) PSYoungGen: 83392K(84992K)->1696K(84992K) Eden: 82944K(82944K)->0K(82944K) From: 448K(2048K)->1696K(2048K)
[14079.262s][info][gc,heap        ] GC(32622) ParOldGen: 532371K(532480K)->533451K(534016K)
[14079.262s][info][gc,metaspace   ] GC(32622) Metaspace: 62250K(62528K)->62250K(62528K) NonClass: 53217K(53440K)->53217K(53440K) Class: 9032K(9088K)->9032K(9088K)
[14079.262s][info][gc             ] GC(32622) Pause Young (Allocation Failure) 601M->522M(604M) 3.699ms
[14079.262s][info][gc,cpu         ] GC(32622) User=0.01s Sys=0.00s Real=0.00s
[14079.788s][info][gc,start       ] GC(32623) Pause Young (Allocation Failure)
[14079.792s][info][gc,heap        ] GC(32623) PSYoungGen: 84640K(84992K)->1024K(84992K) Eden: 82944K(82944K)->0K(82944K) From: 1696K(2048K)->1024K(2048K)
[14079.792s][info][gc,heap        ] GC(32623) ParOldGen: 533451K(534016K)->535547K(535552K)
[14079.792s][info][gc,metaspace   ] GC(32623) Metaspace: 62250K(62528K)->62250K(62528K) NonClass: 53217K(53440K)->53217K(53440K) Class: 9032K(9088K)->9032K(9088K)
[14079.792s][info][gc             ] GC(32623) Pause Young (Allocation Failure) 603M->523M(606M) 4.157ms
[14079.792s][info][gc,cpu         ] GC(32623) User=0.01s Sys=0.00s Real=0.00s
[14080.305s][info][gc,start       ] GC(32624) Pause Young (Allocation Failure)
[14080.308s][info][gc,heap        ] GC(32624) PSYoungGen: 83968K(84992K)->1376K(84992K) Eden: 82944K(82944K)->0K(82944K) From: 1024K(2048K)->1376K(2048K)
[14080.308s][info][gc,heap        ] GC(32624) ParOldGen: 535547K(535552K)->535595K(536064K)
[14080.308s][info][gc,metaspace   ] GC(32624) Metaspace: 62250K(62528K)->62250K(62528K) NonClass: 53217K(53440K)->53217K(53440K) Class: 9032K(9088K)->9032K(9088K)
[14080.308s][info][gc             ] GC(32624) Pause Young (Allocation Failure) 604M->524M(606M) 3.734ms
[14080.308s][info][gc,cpu         ] GC(32624) User=0.01s Sys=0.01s Real=0.01s
[14080.822s][info][gc,start       ] GC(32625) Pause Young (Allocation Failure)
[14080.824s][info][gc,heap        ] GC(32625) PSYoungGen: 84320K(84992K)->224K(83968K) Eden: 82944K(82944K)->0K(81920K) From: 1376K(2048K)->224K(2048K)
[14080.824s][info][gc,heap        ] GC(32625) ParOldGen: 535595K(536064K)->535643K(536064K)
[14080.824s][info][gc,metaspace   ] GC(32625) Metaspace: 62250K(62528K)->62250K(62528K) NonClass: 53217K(53440K)->53217K(53440K) Class: 9032K(9088K)->9032K(9088K)
[14080.824s][info][gc             ] GC(32625) Pause Young (Allocation Failure) 605M->523M(605M) 2.489ms
[14080.824s][info][gc,cpu         ] GC(32625) User=0.00s Sys=0.00s Real=0.00s
[14081.356s][info][gc,start       ] GC(32626) Pause Young (Allocation Failure)
[14081.359s][info][gc,heap        ] GC(32626) PSYoungGen: 82144K(83968K)->704K(84480K) Eden: 81920K(81920K)->0K(81920K) From: 224K(2048K)->704K(2560K)
[14081.359s][info][gc,heap        ] GC(32626) ParOldGen: 535643K(536064K)->535699K(536064K)
[14081.359s][info][gc,metaspace   ] GC(32626) Metaspace: 62250K(62528K)->62250K(62528K) NonClass: 53217K(53440K)->53217K(53440K) Class: 9032K(9088K)->9032K(9088K)
[14081.359s][info][gc             ] GC(32626) Pause Young (Allocation Failure) 603M->523M(606M) 3.098ms
[14081.359s][info][gc,cpu         ] GC(32626) User=0.01s Sys=0.00s Real=0.01s
[14081.898s][info][gc,start       ] GC(32627) Pause Young (Allocation Failure)
[14081.901s][info][gc,heap        ] GC(32627) PSYoungGen: 82624K(84480K)->1152K(84992K) Eden: 81920K(81920K)->0K(82944K) From: 704K(2560K)->1152K(2048K)
[14081.901s][info][gc,heap        ] GC(32627) ParOldGen: 535699K(536064K)->535755K(536064K)
[14081.901s][info][gc,metaspace   ] GC(32627) Metaspace: 62250K(62528K)->62250K(62528K) NonClass: 53217K(53440K)->53217K(53440K) Class: 9032K(9088K)->9032K(9088K)
[14081.901s][info][gc             ] GC(32627) Pause Young (Allocation Failure) 603M->524M(606M) 3.428ms
[14081.901s][info][gc,cpu         ] GC(32627) User=0.01s Sys=0.00s Real=0.00s
[14082.438s][info][gc,start       ] GC(32628) Pause Young (Allocation Failure)
[14082.440s][info][gc,heap        ] GC(32628) PSYoungGen: 84096K(84992K)->448K(84992K) Eden: 82944K(82944K)->0K(82944K) From: 1152K(2048K)->448K(2048K)
[14082.440s][info][gc,heap        ] GC(32628) ParOldGen: 535755K(536064K)->535803K(536064K)
[14082.440s][info][gc,metaspace   ] GC(32628) Metaspace: 62250K(62528K)->62250K(62528K) NonClass: 53217K(53440K)->53217K(53440K) Class: 9032K(9088K)->9032K(9088K)
[14082.440s][info][gc             ] GC(32628) Pause Young (Allocation Failure) 605M->523M(606M) 2.685ms
[14082.440s][info][gc,cpu         ] GC(32628) User=0.00s Sys=0.00s Real=0.00s
[14082.985s][info][gc,start       ] GC(32629) Pause Young (Allocation Failure)
[14082.988s][info][gc,heap        ] GC(32629) PSYoungGen: 83392K(84992K)->960K(84992K) Eden: 82944K(82944K)->0K(82944K) From: 448K(2048K)->960K(2048K)
[14082.988s][info][gc,heap        ] GC(32629) ParOldGen: 535803K(536064K)->535859K(536064K)
[14082.988s][info][gc,metaspace   ] GC(32629) Metaspace: 62250K(62528K)->62250K(62528K) NonClass: 53217K(53440K)->53217K(53440K) Class: 9032K(9088K)->9032K(9088K)
[14082.988s][info][gc             ] GC(32629) Pause Young (Allocation Failure) 604M->524M(606M) 3.175ms
[14082.988s][info][gc,cpu         ] GC(32629) User=0.01s Sys=0.00s Real=0.01s
[14083.587s][info][gc,start       ] GC(32630) Pause Young (Allocation Failure)
[14083.590s][info][gc,heap        ] GC(32630) PSYoungGen: 83904K(84992K)->976K(84992K) Eden: 82944K(82944K)->0K(82944K) From: 960K(2048K)->976K(2048K)
[14083.590s][info][gc,heap        ] GC(32630) ParOldGen: 535859K(536064K)->535907K(536064K)
[14083.590s][info][gc,metaspace   ] GC(32630) Metaspace: 62250K(62528K)->62250K(62528K) NonClass: 53217K(53440K)->53217K(53440K) Class: 9032K(9088K)->9032K(9088K)
[14083.590s][info][gc             ] GC(32630) Pause Young (Allocation Failure) 605M->524M(606M) 3.182ms
[14083.590s][info][gc,cpu         ] GC(32630) User=0.00s Sys=0.00s Real=0.00s
[14084.138s][info][gc,start       ] GC(32631) Pause Young (Allocation Failure)
[14084.141s][info][gc,heap        ] GC(32631) PSYoungGen: 83920K(84992K)->448K(84992K) Eden: 82944K(82944K)->0K(82944K) From: 976K(2048K)->448K(2048K)
[14084.141s][info][gc,heap        ] GC(32631) ParOldGen: 535907K(536064K)->536011K(536064K)
[14084.141s][info][gc,metaspace   ] GC(32631) Metaspace: 62250K(62528K)->62250K(62528K) NonClass: 53217K(53440K)->53217K(53440K) Class: 9032K(9088K)->9032K(9088K)
[14084.141s][info][gc             ] GC(32631) Pause Young (Allocation Failure) 605M->523M(606M) 2.818ms
[14084.141s][info][gc,cpu         ] GC(32631) User=0.01s Sys=0.00s Real=0.00s
[14084.672s][info][gc,start       ] GC(32632) Pause Young (Allocation Failure)
[14084.675s][info][gc,heap        ] GC(32632) PSYoungGen: 83392K(84992K)->864K(84992K) Eden: 82944K(82944K)->0K(82944K) From: 448K(2048K)->864K(2048K)
[14084.675s][info][gc,heap        ] GC(32632) ParOldGen: 536011K(536064K)->536059K(536064K)
[14084.675s][info][gc,metaspace   ] GC(32632) Metaspace: 62250K(62528K)->62250K(62528K) NonClass: 53217K(53440K)->53217K(53440K) Class: 9032K(9088K)->9032K(9088K)
[14084.675s][info][gc             ] GC(32632) Pause Young (Allocation Failure) 604M->524M(606M) 2.995ms
[14084.675s][info][gc,cpu         ] GC(32632) User=0.01s Sys=0.01s Real=0.00s
[14085.176s][info][gc,start       ] GC(32633) Pause Young (Allocation Failure)
[14085.181s][info][gc,heap        ] GC(32633) PSYoungGen: 83808K(84992K)->2016K(84992K) Eden: 82944K(82944K)->0K(82944K) From: 864K(2048K)->2016K(2048K)
[14085.181s][info][gc,heap        ] GC(32633) ParOldGen: 536059K(536064K)->538163K(539648K)
[14085.181s][info][gc,metaspace   ] GC(32633) Metaspace: 62250K(62528K)->62250K(62528K) NonClass: 53217K(53440K)->53217K(53440K) Class: 9032K(9088K)->9032K(9088K)
[14085.181s][info][gc             ] GC(32633) Pause Young (Allocation Failure) 605M->527M(610M) 4.442ms
[14085.181s][info][gc,cpu         ] GC(32633) User=0.01s Sys=0.00s Real=0.00s
[14085.673s][info][gc,start       ] GC(32634) Pause Young (Allocation Failure)
[14085.677s][info][gc,heap        ] GC(32634) PSYoungGen: 84960K(84992K)->896K(84992K) Eden: 82944K(82944K)->0K(82944K) From: 2016K(2048K)->896K(2048K)
[14085.677s][info][gc,heap        ] GC(32634) ParOldGen: 538163K(539648K)->540267K(541184K)
[14085.677s][info][gc,metaspace   ] GC(32634) Metaspace: 62250K(62528K)->62250K(62528K) NonClass: 53217K(53440K)->53217K(53440K) Class: 9032K(9088K)->9032K(9088K)
[14085.677s][info][gc             ] GC(32634) Pause Young (Allocation Failure) 608M->528M(611M) 4.111ms
[14085.677s][info][gc,cpu         ] GC(32634) User=0.00s Sys=0.00s Real=0.01s
[14086.169s][info][gc,start       ] GC(32635) Pause Young (Allocation Failure)
[14086.172s][info][gc,heap        ] GC(32635) PSYoungGen: 83840K(84992K)->864K(84992K) Eden: 82944K(82944K)->0K(82944K) From: 896K(2048K)->864K(2048K)
[14086.172s][info][gc,heap        ] GC(32635) ParOldGen: 540267K(541184K)->540315K(541184K)
[14086.172s][info][gc,metaspace   ] GC(32635) Metaspace: 62250K(62528K)->62250K(62528K) NonClass: 53217K(53440K)->53217K(53440K) Class: 9032K(9088K)->9032K(9088K)
[14086.172s][info][gc             ] GC(32635) Pause Young (Allocation Failure) 609M->528M(611M) 3.025ms
[14086.172s][info][gc,cpu         ] GC(32635) User=0.01s Sys=0.00s Real=0.00s
[14086.654s][info][gc,start       ] GC(32636) Pause Young (Allocation Failure)
[14086.656s][info][gc,heap        ] GC(32636) PSYoungGen: 83808K(84992K)->704K(84992K) Eden: 82944K(82944K)->0K(82944K) From: 864K(2048K)->704K(2048K)
[14086.656s][info][gc,heap        ] GC(32636) ParOldGen: 540315K(541184K)->540363K(541184K)
[14086.656s][info][gc,metaspace   ] GC(32636) Metaspace: 62250K(62528K)->62250K(62528K) NonClass: 53217K(53440K)->53217K(53440K) Class: 9032K(9088K)->9032K(9088K)
[14086.657s][info][gc             ] GC(32636) Pause Young (Allocation Failure) 609M->528M(611M) 2.789ms
[14086.657s][info][gc,cpu         ] GC(32636) User=0.01s Sys=0.01s Real=0.01s
[14087.118s][info][gc,start       ] GC(32637) Pause Young (Allocation Failure)
[14087.121s][info][gc,heap        ] GC(32637) PSYoungGen: 83648K(84992K)->192K(84992K) Eden: 82944K(82944K)->0K(82944K) From: 704K(2048K)->192K(2048K)
[14087.121s][info][gc,heap        ] GC(32637) ParOldGen: 540363K(541184K)->540411K(541184K)
[14087.121s][info][gc,metaspace   ] GC(32637) Metaspace: 62250K(62528K)->62250K(62528K) NonClass: 53217K(53440K)->53217K(53440K) Class: 9032K(9088K)->9032K(9088K)
[14087.121s][info][gc             ] GC(32637) Pause Young (Allocation Failure) 609M->527M(611M) 2.368ms
[14087.121s][info][gc,cpu         ] GC(32637) User=0.00s Sys=0.00s Real=0.00s
[14087.636s][info][gc,start       ] GC(32638) Pause Young (Allocation Failure)
[14087.638s][info][gc,heap        ] GC(32638) PSYoungGen: 83136K(84992K)->416K(84992K) Eden: 82944K(82944K)->0K(82944K) From: 192K(2048K)->416K(2048K)
[14087.638s][info][gc,heap        ] GC(32638) ParOldGen: 540411K(541184K)->540459K(541184K)
[14087.638s][info][gc,metaspace   ] GC(32638) Metaspace: 62250K(62528K)->62250K(62528K) NonClass: 53217K(53440K)->53217K(53440K) Class: 9032K(9088K)->9032K(9088K)
[14087.638s][info][gc             ] GC(32638) Pause Young (Allocation Failure) 608M->528M(611M) 2.609ms
[14087.638s][info][gc,cpu         ] GC(32638) User=0.01s Sys=0.00s Real=0.01s
[14088.146s][info][gc,start       ] GC(32639) Pause Young (Allocation Failure)
[14088.149s][info][gc,heap        ] GC(32639) PSYoungGen: 83360K(84992K)->576K(84992K) Eden: 82944K(82944K)->0K(82944K) From: 416K(2048K)->576K(2048K)
[14088.149s][info][gc,heap        ] GC(32639) ParOldGen: 540459K(541184K)->540507K(541184K)
[14088.149s][info][gc,metaspace   ] GC(32639) Metaspace: 62250K(62528K)->62250K(62528K) NonClass: 53217K(53440K)->53217K(53440K) Class: 9032K(9088K)->9032K(9088K)
[14088.149s][info][gc             ] GC(32639) Pause Young (Allocation Failure) 609M->528M(611M) 2.632ms
[14088.149s][info][gc,cpu         ] GC(32639) User=0.01s Sys=0.00s Real=0.00s
[14088.674s][info][gc,start       ] GC(32640) Pause Young (Allocation Failure)
[14088.677s][info][gc,heap        ] GC(32640) PSYoungGen: 83520K(84992K)->832K(84992K) Eden: 82944K(82944K)->0K(82944K) From: 576K(2048K)->832K(2048K)
[14088.677s][info][gc,heap        ] GC(32640) ParOldGen: 540507K(541184K)->540563K(541184K)
[14088.677s][info][gc,metaspace   ] GC(32640) Metaspace: 62250K(62528K)->62250K(62528K) NonClass: 53217K(53440K)->53217K(53440K) Class: 9032K(9088K)->9032K(9088K)
[14088.677s][info][gc             ] GC(32640) Pause Young (Allocation Failure) 609M->528M(611M) 3.091ms
[14088.677s][info][gc,cpu         ] GC(32640) User=0.01s Sys=0.00s Real=0.01s
[14089.221s][info][gc,start       ] GC(32641) Pause Young (Allocation Failure)
[14089.224s][info][gc,heap        ] GC(32641) PSYoungGen: 83776K(84992K)->256K(84992K) Eden: 82944K(82944K)->0K(82944K) From: 832K(2048K)->256K(2048K)
[14089.224s][info][gc,heap        ] GC(32641) ParOldGen: 540563K(541184K)->540619K(541184K)
[14089.224s][info][gc,metaspace   ] GC(32641) Metaspace: 62250K(62528K)->62250K(62528K) NonClass: 53217K(53440K)->53217K(53440K) Class: 9032K(9088K)->9032K(9088K)
[14089.224s][info][gc             ] GC(32641) Pause Young (Allocation Failure) 609M->528M(611M) 2.496ms
[14089.224s][info][gc,cpu         ] GC(32641) User=0.00s Sys=0.00s Real=0.00s
[14089.719s][info][gc,start       ] GC(32642) Pause Young (Allocation Failure)
[14089.721s][info][gc,heap        ] GC(32642) PSYoungGen: 83200K(84992K)->192K(84992K) Eden: 82944K(82944K)->0K(82944K) From: 256K(2048K)->192K(2048K)
[14089.721s][info][gc,heap        ] GC(32642) ParOldGen: 540619K(541184K)->540667K(541184K)
[14089.721s][info][gc,metaspace   ] GC(32642) Metaspace: 62250K(62528K)->62250K(62528K) NonClass: 53217K(53440K)->53217K(53440K) Class: 9032K(9088K)->9032K(9088K)
[14089.721s][info][gc             ] GC(32642) Pause Young (Allocation Failure) 609M->528M(611M) 2.622ms
[14089.721s][info][gc,cpu         ] GC(32642) User=0.01s Sys=0.00s Real=0.00s
[14090.186s][info][gc,start       ] GC(32643) Pause Young (Allocation Failure)
[14090.189s][info][gc,heap        ] GC(32643) PSYoungGen: 83136K(84992K)->1216K(84992K) Eden: 82944K(82944K)->0K(82944K) From: 192K(2048K)->1216K(2048K)
[14090.189s][info][gc,heap        ] GC(32643) ParOldGen: 540667K(541184K)->540715K(541184K)
[14090.189s][info][gc,metaspace   ] GC(32643) Metaspace: 62250K(62528K)->62250K(62528K) NonClass: 53217K(53440K)->53217K(53440K) Class: 9032K(9088K)->9032K(9088K)
[14090.189s][info][gc             ] GC(32643) Pause Young (Allocation Failure) 609M->529M(611M) 3.604ms
[14090.189s][info][gc,cpu         ] GC(32643) User=0.00s Sys=0.00s Real=0.01s
[14090.745s][info][gc,start       ] GC(32644) Pause Young (Allocation Failure)
[14090.747s][info][gc,heap        ] GC(32644) PSYoungGen: 84160K(84992K)->512K(84992K) Eden: 82944K(82944K)->0K(82944K) From: 1216K(2048K)->512K(2048K)
[14090.747s][info][gc,heap        ] GC(32644) ParOldGen: 540715K(541184K)->540763K(541184K)
[14090.747s][info][gc,metaspace   ] GC(32644) Metaspace: 62250K(62528K)->62250K(62528K) NonClass: 53217K(53440K)->53217K(53440K) Class: 9032K(9088K)->9032K(9088K)
[14090.747s][info][gc             ] GC(32644) Pause Young (Allocation Failure) 610M->528M(611M) 2.829ms
[14090.747s][info][gc,cpu         ] GC(32644) User=0.01s Sys=0.00s Real=0.01s
[14091.245s][info][gc,start       ] GC(32645) Pause Young (Allocation Failure)
[14091.247s][info][gc,heap        ] GC(32645) PSYoungGen: 83456K(84992K)->512K(84992K) Eden: 82944K(82944K)->0K(82944K) From: 512K(2048K)->512K(2048K)
[14091.247s][info][gc,heap        ] GC(32645) ParOldGen: 540763K(541184K)->540819K(541184K)
[14091.247s][info][gc,metaspace   ] GC(32645) Metaspace: 62250K(62528K)->62250K(62528K) NonClass: 53217K(53440K)->53217K(53440K) Class: 9032K(9088K)->9032K(9088K)
[14091.247s][info][gc             ] GC(32645) Pause Young (Allocation Failure) 609M->528M(611M) 2.735ms
[14091.247s][info][gc,cpu         ] GC(32645) User=0.00s Sys=0.00s Real=0.01s
[14091.748s][info][gc,start       ] GC(32646) Pause Young (Allocation Failure)
[14091.750s][info][gc,heap        ] GC(32646) PSYoungGen: 83456K(84992K)->544K(84992K) Eden: 82944K(82944K)->0K(82944K) From: 512K(2048K)->544K(2048K)
[14091.750s][info][gc,heap        ] GC(32646) ParOldGen: 540819K(541184K)->540875K(541184K)
[14091.750s][info][gc,metaspace   ] GC(32646) Metaspace: 62250K(62528K)->62250K(62528K) NonClass: 53217K(53440K)->53217K(53440K) Class: 9032K(9088K)->9032K(9088K)
[14091.750s][info][gc             ] GC(32646) Pause Young (Allocation Failure) 609M->528M(611M) 2.700ms
[14091.750s][info][gc,cpu         ] GC(32646) User=0.00s Sys=0.00s Real=0.00s
[14092.279s][info][gc,start       ] GC(32647) Pause Young (Allocation Failure)
[14092.282s][info][gc,heap        ] GC(32647) PSYoungGen: 83488K(84992K)->1040K(84992K) Eden: 82944K(82944K)->0K(82944K) From: 544K(2048K)->1040K(2048K)
[14092.282s][info][gc,heap        ] GC(32647) ParOldGen: 540875K(541184K)->540923K(541184K)
[14092.282s][info][gc,metaspace   ] GC(32647) Metaspace: 62250K(62528K)->62250K(62528K) NonClass: 53217K(53440K)->53217K(53440K) Class: 9032K(9088K)->9032K(9088K)
[14092.282s][info][gc             ] GC(32647) Pause Young (Allocation Failure) 609M->529M(611M) 3.314ms
[14092.282s][info][gc,cpu         ] GC(32647) User=0.01s Sys=0.00s Real=0.00s
[14092.785s][info][gc,start       ] GC(32648) Pause Young (Allocation Failure)
[14092.788s][info][gc,heap        ] GC(32648) PSYoungGen: 83984K(84992K)->1056K(84992K) Eden: 82944K(82944K)->0K(82944K) From: 1040K(2048K)->1056K(2048K)
[14092.788s][info][gc,heap        ] GC(32648) ParOldGen: 540923K(541184K)->541027K(541184K)
[14092.788s][info][gc,metaspace   ] GC(32648) Metaspace: 62250K(62528K)->62250K(62528K) NonClass: 53217K(53440K)->53217K(53440K) Class: 9032K(9088K)->9032K(9088K)
[14092.788s][info][gc             ] GC(32648) Pause Young (Allocation Failure) 610M->529M(611M) 3.193ms
[14092.788s][info][gc,cpu         ] GC(32648) User=0.01s Sys=0.00s Real=0.01s
[14093.269s][info][gc,start       ] GC(32649) Pause Young (Allocation Failure)
[14093.272s][info][gc,heap        ] GC(32649) PSYoungGen: 84000K(84992K)->896K(84992K) Eden: 82944K(82944K)->0K(82944K) From: 1056K(2048K)->896K(2048K)
[14093.272s][info][gc,heap        ] GC(32649) ParOldGen: 541027K(541184K)->541083K(541184K)
[14093.272s][info][gc,metaspace   ] GC(32649) Metaspace: 62250K(62528K)->62250K(62528K) NonClass: 53217K(53440K)->53217K(53440K) Class: 9032K(9088K)->9032K(9088K)
[14093.272s][info][gc             ] GC(32649) Pause Young (Allocation Failure) 610M->529M(611M) 2.936ms
[14093.272s][info][gc,cpu         ] GC(32649) User=0.01s Sys=0.00s Real=0.00s
[14093.743s][info][gc,start       ] GC(32650) Pause Young (Allocation Failure)
[14093.745s][info][gc,heap        ] GC(32650) PSYoungGen: 83840K(84992K)->576K(84992K) Eden: 82944K(82944K)->0K(82944K) From: 896K(2048K)->576K(2048K)
[14093.745s][info][gc,heap        ] GC(32650) ParOldGen: 541083K(541184K)->541139K(541184K)
[14093.745s][info][gc,metaspace   ] GC(32650) Metaspace: 62250K(62528K)->62250K(62528K) NonClass: 53217K(53440K)->53217K(53440K) Class: 9032K(9088K)->9032K(9088K)
[14093.745s][info][gc             ] GC(32650) Pause Young (Allocation Failure) 610M->529M(611M) 2.638ms
[14093.745s][info][gc,cpu         ] GC(32650) User=0.01s Sys=0.00s Real=0.00s
[14094.225s][info][gc,start       ] GC(32651) Pause Young (Allocation Failure)
[14094.228s][info][gc,heap        ] GC(32651) PSYoungGen: 83520K(84992K)->288K(84992K) Eden: 82944K(82944K)->0K(82944K) From: 576K(2048K)->288K(2048K)
[14094.228s][info][gc,heap        ] GC(32651) ParOldGen: 541139K(541184K)->541187K(541696K)
[14094.228s][info][gc,metaspace   ] GC(32651) Metaspace: 62250K(62528K)->62250K(62528K) NonClass: 53217K(53440K)->53217K(53440K) Class: 9032K(9088K)->9032K(9088K)
[14094.228s][info][gc             ] GC(32651) Pause Young (Allocation Failure) 610M->528M(612M) 2.750ms
[14094.228s][info][gc,cpu         ] GC(32651) User=0.01s Sys=0.00s Real=0.01s
[14094.720s][info][gc,start       ] GC(32652) Pause Young (Allocation Failure)
[14094.722s][info][gc,heap        ] GC(32652) PSYoungGen: 83232K(84992K)->192K(84992K) Eden: 82944K(82944K)->0K(82944K) From: 288K(2048K)->192K(2048K)
[14094.722s][info][gc,heap        ] GC(32652) ParOldGen: 541187K(541696K)->541243K(541696K)
[14094.722s][info][gc,metaspace   ] GC(32652) Metaspace: 62250K(62528K)->62250K(62528K) NonClass: 53217K(53440K)->53217K(53440K) Class: 9032K(9088K)->9032K(9088K)
[14094.722s][info][gc             ] GC(32652) Pause Young (Allocation Failure) 609M->528M(612M) 2.431ms
[14094.722s][info][gc,cpu         ] GC(32652) User=0.00s Sys=0.00s Real=0.00s
[14095.228s][info][gc,start       ] GC(32653) Pause Young (Allocation Failure)
[14095.231s][info][gc,heap        ] GC(32653) PSYoungGen: 83136K(84992K)->320K(84992K) Eden: 82944K(82944K)->0K(82944K) From: 192K(2048K)->320K(2048K)
[14095.231s][info][gc,heap        ] GC(32653) ParOldGen: 541243K(541696K)->541291K(541696K)
[14095.231s][info][gc,metaspace   ] GC(32653) Metaspace: 62250K(62528K)->62250K(62528K) NonClass: 53217K(53440K)->53217K(53440K) Class: 9032K(9088K)->9032K(9088K)
[14095.231s][info][gc             ] GC(32653) Pause Young (Allocation Failure) 609M->528M(612M) 2.495ms
[14095.231s][info][gc,cpu         ] GC(32653) User=0.01s Sys=0.00s Real=0.00s
[14095.749s][info][gc,start       ] GC(32654) Pause Young (Allocation Failure)
[14095.753s][info][gc,heap        ] GC(32654) PSYoungGen: 83264K(84992K)->1600K(84992K) Eden: 82944K(82944K)->0K(82944K) From: 320K(2048K)->1600K(2048K)
[14095.753s][info][gc,heap        ] GC(32654) ParOldGen: 541291K(541696K)->542371K(543232K)
[14095.753s][info][gc,metaspace   ] GC(32654) Metaspace: 62250K(62528K)->62250K(62528K) NonClass: 53217K(53440K)->53217K(53440K) Class: 9032K(9088K)->9032K(9088K)
[14095.753s][info][gc             ] GC(32654) Pause Young (Allocation Failure) 609M->531M(613M) 3.390ms
[14095.753s][info][gc,cpu         ] GC(32654) User=0.01s Sys=0.00s Real=0.00s
[14096.271s][info][gc,start       ] GC(32655) Pause Young (Allocation Failure)
[14096.275s][info][gc,heap        ] GC(32655) PSYoungGen: 84544K(84992K)->864K(84992K) Eden: 82944K(82944K)->0K(82944K) From: 1600K(2048K)->864K(2048K)
[14096.275s][info][gc,heap        ] GC(32655) ParOldGen: 542371K(543232K)->544468K(544768K)
[14096.275s][info][gc,metaspace   ] GC(32655) Metaspace: 62250K(62528K)->62250K(62528K) NonClass: 53217K(53440K)->53217K(53440K) Class: 9032K(9088K)->9032K(9088K)
[14096.275s][info][gc             ] GC(32655) Pause Young (Allocation Failure) 612M->532M(615M) 4.093ms
[14096.275s][info][gc,cpu         ] GC(32655) User=0.00s Sys=0.00s Real=0.00s
[14096.795s][info][gc,start       ] GC(32656) Pause Young (Allocation Failure)
[14096.799s][info][gc,heap        ] GC(32656) PSYoungGen: 83808K(84992K)->1152K(84992K) Eden: 82944K(82944K)->0K(82944K) From: 864K(2048K)->1152K(2048K)
[14096.799s][info][gc,heap        ] GC(32656) ParOldGen: 544468K(544768K)->544516K(544768K)
[14096.799s][info][gc,metaspace   ] GC(32656) Metaspace: 62250K(62528K)->62250K(62528K) NonClass: 53217K(53440K)->53217K(53440K) Class: 9032K(9088K)->9032K(9088K)
[14096.799s][info][gc             ] GC(32656) Pause Young (Allocation Failure) 613M->532M(615M) 3.476ms
[14096.799s][info][gc,cpu         ] GC(32656) User=0.00s Sys=0.00s Real=0.01s
[14097.294s][info][gc,start       ] GC(32657) Pause Young (Allocation Failure)
[14097.297s][info][gc,heap        ] GC(32657) PSYoungGen: 84096K(84992K)->1152K(84992K) Eden: 82944K(82944K)->0K(82944K) From: 1152K(2048K)->1152K(2048K)
[14097.297s][info][gc,heap        ] GC(32657) ParOldGen: 544516K(544768K)->544564K(544768K)
[14097.297s][info][gc,metaspace   ] GC(32657) Metaspace: 62250K(62528K)->62250K(62528K) NonClass: 53217K(53440K)->53217K(53440K) Class: 9032K(9088K)->9032K(9088K)
[14097.297s][info][gc             ] GC(32657) Pause Young (Allocation Failure) 613M->532M(615M) 3.487ms
[14097.297s][info][gc,cpu         ] GC(32657) User=0.00s Sys=0.00s Real=0.01s
[14097.771s][info][gc,start       ] GC(32658) Pause Young (Allocation Failure)
[14097.774s][info][gc,heap        ] GC(32658) PSYoungGen: 84096K(84992K)->896K(84992K) Eden: 82944K(82944K)->0K(82944K) From: 1152K(2048K)->896K(2048K)
[14097.774s][info][gc,heap        ] GC(32658) ParOldGen: 544564K(544768K)->544612K(544768K)
[14097.774s][info][gc,metaspace   ] GC(32658) Metaspace: 62250K(62528K)->62250K(62528K) NonClass: 53217K(53440K)->53217K(53440K) Class: 9032K(9088K)->9032K(9088K)
[14097.774s][info][gc             ] GC(32658) Pause Young (Allocation Failure) 613M->532M(615M) 2.963ms
[14097.774s][info][gc,cpu         ] GC(32658) User=0.01s Sys=0.00s Real=0.00s
[14098.201s][info][gc,start       ] GC(32659) Pause Young (Allocation Failure)
[14098.204s][info][gc,heap        ] GC(32659) PSYoungGen: 83840K(84992K)->1440K(84992K) Eden: 82944K(82944K)->0K(82944K) From: 896K(2048K)->1440K(2048K)
[14098.204s][info][gc,heap        ] GC(32659) ParOldGen: 544612K(544768K)->544660K(544768K)
[14098.204s][info][gc,metaspace   ] GC(32659) Metaspace: 62250K(62528K)->62250K(62528K) NonClass: 53217K(53440K)->53217K(53440K) Class: 9032K(9088K)->9032K(9088K)
[14098.204s][info][gc             ] GC(32659) Pause Young (Allocation Failure) 613M->533M(615M) 3.456ms
[14098.204s][info][gc,cpu         ] GC(32659) User=0.01s Sys=0.00s Real=0.00s
[14098.723s][info][gc,start       ] GC(32660) Pause Young (Allocation Failure)
[14098.725s][info][gc,heap        ] GC(32660) PSYoungGen: 84384K(84992K)->256K(84992K) Eden: 82944K(82944K)->0K(82944K) From: 1440K(2048K)->256K(2048K)
[14098.725s][info][gc,heap        ] GC(32660) ParOldGen: 544660K(544768K)->544708K(544768K)
[14098.725s][info][gc,metaspace   ] GC(32660) Metaspace: 62250K(62528K)->62250K(62528K) NonClass: 53217K(53440K)->53217K(53440K) Class: 9032K(9088K)->9032K(9088K)
[14098.725s][info][gc             ] GC(32660) Pause Young (Allocation Failure) 614M->532M(615M) 2.420ms
[14098.725s][info][gc,cpu         ] GC(32660) User=0.00s Sys=0.00s Real=0.00s
[14099.204s][info][gc,start       ] GC(32661) Pause Young (Allocation Failure)
[14099.207s][info][gc,heap        ] GC(32661) PSYoungGen: 83200K(84992K)->1312K(84992K) Eden: 82944K(82944K)->0K(82944K) From: 256K(2048K)->1312K(2048K)
[14099.207s][info][gc,heap        ] GC(32661) ParOldGen: 544708K(544768K)->544756K(544768K)
[14099.207s][info][gc,metaspace   ] GC(32661) Metaspace: 62250K(62528K)->62250K(62528K) NonClass: 53217K(53440K)->53217K(53440K) Class: 9032K(9088K)->9032K(9088K)
[14099.207s][info][gc             ] GC(32661) Pause Young (Allocation Failure) 613M->533M(615M) 3.330ms
[14099.207s][info][gc,cpu         ] GC(32661) User=0.00s Sys=0.00s Real=0.01s
[14099.694s][info][gc,start       ] GC(32662) Pause Young (Allocation Failure)
[14099.697s][info][gc,heap        ] GC(32662) PSYoungGen: 84256K(84992K)->1184K(84992K) Eden: 82944K(82944K)->0K(82944K) From: 1312K(2048K)->1184K(2048K)
[14099.697s][info][gc,heap        ] GC(32662) ParOldGen: 544756K(544768K)->544812K(545280K)
[14099.697s][info][gc,metaspace   ] GC(32662) Metaspace: 62250K(62528K)->62250K(62528K) NonClass: 53217K(53440K)->53217K(53440K) Class: 9032K(9088K)->9032K(9088K)
[14099.697s][info][gc             ] GC(32662) Pause Young (Allocation Failure) 614M->533M(615M) 3.263ms
[14099.697s][info][gc,cpu         ] GC(32662) User=0.00s Sys=0.00s Real=0.01s
[14100.177s][info][gc,start       ] GC(32663) Pause Young (Allocation Failure)
[14100.180s][info][gc,heap        ] GC(32663) PSYoungGen: 84128K(84992K)->992K(84992K) Eden: 82944K(82944K)->0K(82944K) From: 1184K(2048K)->992K(2048K)
[14100.180s][info][gc,heap        ] GC(32663) ParOldGen: 544812K(545280K)->544868K(545280K)
[14100.180s][info][gc,metaspace   ] GC(32663) Metaspace: 62250K(62528K)->62250K(62528K) NonClass: 53217K(53440K)->53217K(53440K) Class: 9032K(9088K)->9032K(9088K)
[14100.180s][info][gc             ] GC(32663) Pause Young (Allocation Failure) 614M->533M(615M) 3.215ms
[14100.180s][info][gc,cpu         ] GC(32663) User=0.00s Sys=0.00s Real=0.00s
[14100.720s][info][gc,start       ] GC(32664) Pause Young (Allocation Failure)
[14100.724s][info][gc,heap        ] GC(32664) PSYoungGen: 83936K(84992K)->1328K(84992K) Eden: 82944K(82944K)->0K(82944K) From: 992K(2048K)->1328K(2048K)
[14100.724s][info][gc,heap        ] GC(32664) ParOldGen: 544868K(545280K)->545948K(546816K)
[14100.724s][info][gc,metaspace   ] GC(32664) Metaspace: 62250K(62528K)->62250K(62528K) NonClass: 53217K(53440K)->53217K(53440K) Class: 9032K(9088K)->9032K(9088K)
[14100.724s][info][gc             ] GC(32664) Pause Young (Allocation Failure) 614M->534M(617M) 3.281ms
[14100.724s][info][gc,cpu         ] GC(32664) User=0.01s Sys=0.00s Real=0.00s
[14101.243s][info][gc,start       ] GC(32665) Pause Young (Allocation Failure)
[14101.247s][info][gc,heap        ] GC(32665) PSYoungGen: 84272K(84992K)->544K(84992K) Eden: 82944K(82944K)->0K(82944K) From: 1328K(2048K)->544K(2048K)
[14101.247s][info][gc,heap        ] GC(32665) ParOldGen: 545948K(546816K)->548100K(548352K)
[14101.247s][info][gc,metaspace   ] GC(32665) Metaspace: 62250K(62528K)->62250K(62528K) NonClass: 53217K(53440K)->53217K(53440K) Class: 9032K(9088K)->9032K(9088K)
[14101.247s][info][gc             ] GC(32665) Pause Young (Allocation Failure) 615M->535M(618M) 3.818ms
[14101.247s][info][gc,cpu         ] GC(32665) User=0.01s Sys=0.00s Real=0.01s
[14101.685s][info][gc,start       ] GC(32666) Pause Young (Allocation Failure)
[14101.688s][info][gc,heap        ] GC(32666) PSYoungGen: 83488K(84992K)->1184K(84992K) Eden: 82944K(82944K)->0K(82944K) From: 544K(2048K)->1184K(2048K)
[14101.688s][info][gc,heap        ] GC(32666) ParOldGen: 548100K(548352K)->548148K(548352K)
[14101.688s][info][gc,metaspace   ] GC(32666) Metaspace: 62250K(62528K)->62250K(62528K) NonClass: 53217K(53440K)->53217K(53440K) Class: 9032K(9088K)->9032K(9088K)
[14101.688s][info][gc             ] GC(32666) Pause Young (Allocation Failure) 616M->536M(618M) 3.331ms
[14101.688s][info][gc,cpu         ] GC(32666) User=0.01s Sys=0.00s Real=0.01s
[14102.140s][info][gc,start       ] GC(32667) Pause Young (Allocation Failure)
[14102.143s][info][gc,heap        ] GC(32667) PSYoungGen: 84128K(84992K)->448K(84992K) Eden: 82944K(82944K)->0K(82944K) From: 1184K(2048K)->448K(2048K)
[14102.143s][info][gc,heap        ] GC(32667) ParOldGen: 548148K(548352K)->548196K(548352K)
[14102.143s][info][gc,metaspace   ] GC(32667) Metaspace: 62250K(62528K)->62250K(62528K) NonClass: 53217K(53440K)->53217K(53440K) Class: 9032K(9088K)->9032K(9088K)
[14102.143s][info][gc             ] GC(32667) Pause Young (Allocation Failure) 617M->535M(618M) 2.755ms
[14102.143s][info][gc,cpu         ] GC(32667) User=0.01s Sys=0.00s Real=0.00s
[14102.641s][info][gc,start       ] GC(32668) Pause Young (Allocation Failure)
[14102.643s][info][gc,heap        ] GC(32668) PSYoungGen: 83392K(84992K)->480K(84992K) Eden: 82944K(82944K)->0K(82944K) From: 448K(2048K)->480K(2048K)
[14102.643s][info][gc,heap        ] GC(32668) ParOldGen: 548196K(548352K)->548244K(548352K)
[14102.643s][info][gc,metaspace   ] GC(32668) Metaspace: 62250K(62528K)->62250K(62528K) NonClass: 53217K(53440K)->53217K(53440K) Class: 9032K(9088K)->9032K(9088K)
[14102.643s][info][gc             ] GC(32668) Pause Young (Allocation Failure) 616M->535M(618M) 2.601ms
[14102.643s][info][gc,cpu         ] GC(32668) User=0.00s Sys=0.01s Real=0.00s
[14103.139s][info][gc,start       ] GC(32669) Pause Young (Allocation Failure)
[14103.141s][info][gc,heap        ] GC(32669) PSYoungGen: 83424K(84992K)->480K(84992K) Eden: 82944K(82944K)->0K(82944K) From: 480K(2048K)->480K(2048K)
[14103.141s][info][gc,heap        ] GC(32669) ParOldGen: 548244K(548352K)->548292K(548352K)
[14103.141s][info][gc,metaspace   ] GC(32669) Metaspace: 62250K(62528K)->62250K(62528K) NonClass: 53217K(53440K)->53217K(53440K) Class: 9032K(9088K)->9032K(9088K)
[14103.141s][info][gc             ] GC(32669) Pause Young (Allocation Failure) 616M->535M(618M) 2.709ms
[14103.141s][info][gc,cpu         ] GC(32669) User=0.01s Sys=0.00s Real=0.00s
[14103.615s][info][gc,start       ] GC(32670) Pause Young (Allocation Failure)
[14103.619s][info][gc,heap        ] GC(32670) PSYoungGen: 83424K(84992K)->1632K(84992K) Eden: 82944K(82944K)->0K(82944K) From: 480K(2048K)->1632K(2048K)
[14103.619s][info][gc,heap        ] GC(32670) ParOldGen: 548292K(548352K)->548340K(548352K)
[14103.619s][info][gc,metaspace   ] GC(32670) Metaspace: 62250K(62528K)->62250K(62528K) NonClass: 53217K(53440K)->53217K(53440K) Class: 9032K(9088K)->9032K(9088K)
[14103.619s][info][gc             ] GC(32670) Pause Young (Allocation Failure) 616M->537M(618M) 3.602ms
[14103.619s][info][gc,cpu         ] GC(32670) User=0.00s Sys=0.00s Real=0.01s
[14104.084s][info][gc,start       ] GC(32671) Pause Young (Allocation Failure)
[14104.087s][info][gc,heap        ] GC(32671) PSYoungGen: 84576K(84992K)->1088K(84992K) Eden: 82944K(82944K)->0K(82944K) From: 1632K(2048K)->1088K(2048K)
[14104.087s][info][gc,heap        ] GC(32671) ParOldGen: 548340K(548352K)->548396K(548864K)
[14104.087s][info][gc,metaspace   ] GC(32671) Metaspace: 62250K(62528K)->62250K(62528K) NonClass: 53217K(53440K)->53217K(53440K) Class: 9032K(9088K)->9032K(9088K)
[14104.087s][info][gc             ] GC(32671) Pause Young (Allocation Failure) 618M->536M(619M) 3.071ms
[14104.087s][info][gc,cpu         ] GC(32671) User=0.00s Sys=0.00s Real=0.01s
[14104.575s][info][gc,start       ] GC(32672) Pause Young (Allocation Failure)
[14104.578s][info][gc,heap        ] GC(32672) PSYoungGen: 84032K(84992K)->1024K(84992K) Eden: 82944K(82944K)->0K(82944K) From: 1088K(2048K)->1024K(2048K)
[14104.578s][info][gc,heap        ] GC(32672) ParOldGen: 548396K(548864K)->548444K(548864K)
[14104.578s][info][gc,metaspace   ] GC(32672) Metaspace: 62250K(62528K)->62250K(62528K) NonClass: 53217K(53440K)->53217K(53440K) Class: 9032K(9088K)->9032K(9088K)
[14104.578s][info][gc             ] GC(32672) Pause Young (Allocation Failure) 617M->536M(619M) 3.062ms
[14104.578s][info][gc,cpu         ] GC(32672) User=0.01s Sys=0.00s Real=0.01s
[14105.045s][info][gc,start       ] GC(32673) Pause Young (Allocation Failure)
[14105.048s][info][gc,heap        ] GC(32673) PSYoungGen: 83968K(84992K)->576K(84992K) Eden: 82944K(82944K)->0K(82944K) From: 1024K(2048K)->576K(2048K)
[14105.048s][info][gc,heap        ] GC(32673) ParOldGen: 548444K(548864K)->548492K(548864K)
[14105.048s][info][gc,metaspace   ] GC(32673) Metaspace: 62250K(62528K)->62250K(62528K) NonClass: 53217K(53440K)->53217K(53440K) Class: 9032K(9088K)->9032K(9088K)
[14105.048s][info][gc             ] GC(32673) Pause Young (Allocation Failure) 617M->536M(619M) 2.763ms
[14105.048s][info][gc,cpu         ] GC(32673) User=0.01s Sys=0.00s Real=0.01s
[14105.451s][info][gc,start       ] GC(32674) Pause Young (Allocation Failure)
[14105.453s][info][gc,heap        ] GC(32674) PSYoungGen: 83520K(84992K)->704K(84992K) Eden: 82944K(82944K)->0K(82944K) From: 576K(2048K)->704K(2048K)
[14105.453s][info][gc,heap        ] GC(32674) ParOldGen: 548492K(548864K)->548540K(548864K)
[14105.453s][info][gc,metaspace   ] GC(32674) Metaspace: 62250K(62528K)->62250K(62528K) NonClass: 53217K(53440K)->53217K(53440K) Class: 9032K(9088K)->9032K(9088K)
[14105.453s][info][gc             ] GC(32674) Pause Young (Allocation Failure) 617M->536M(619M) 2.814ms
[14105.453s][info][gc,cpu         ] GC(32674) User=0.01s Sys=0.00s Real=0.00s
[14105.884s][info][gc,start       ] GC(32675) Pause Young (Allocation Failure)
[14105.888s][info][gc,heap        ] GC(32675) PSYoungGen: 83648K(84992K)->1152K(84992K) Eden: 82944K(82944K)->0K(82944K) From: 704K(2048K)->1152K(2048K)
[14105.888s][info][gc,heap        ] GC(32675) ParOldGen: 548540K(548864K)->550644K(551936K)
[14105.888s][info][gc,metaspace   ] GC(32675) Metaspace: 62250K(62528K)->62250K(62528K) NonClass: 53217K(53440K)->53217K(53440K) Class: 9032K(9088K)->9032K(9088K)
[14105.888s][info][gc             ] GC(32675) Pause Young (Allocation Failure) 617M->538M(622M) 4.384ms
[14105.888s][info][gc,cpu         ] GC(32675) User=0.00s Sys=0.01s Real=0.01s
[14106.389s][info][gc,start       ] GC(32676) Pause Young (Allocation Failure)
[14106.392s][info][gc,heap        ] GC(32676) PSYoungGen: 84096K(84992K)->1088K(84992K) Eden: 82944K(82944K)->0K(82944K) From: 1152K(2048K)->1088K(2048K)
[14106.392s][info][gc,heap        ] GC(32676) ParOldGen: 550644K(551936K)->550692K(551936K)
[14106.392s][info][gc,metaspace   ] GC(32676) Metaspace: 62250K(62528K)->62250K(62528K) NonClass: 53217K(53440K)->53217K(53440K) Class: 9032K(9088K)->9032K(9088K)
[14106.392s][info][gc             ] GC(32676) Pause Young (Allocation Failure) 619M->538M(622M) 3.059ms
[14106.392s][info][gc,cpu         ] GC(32676) User=0.00s Sys=0.00s Real=0.00s
[14106.899s][info][gc,start       ] GC(32677) Pause Young (Allocation Failure)
[14106.902s][info][gc,heap        ] GC(32677) PSYoungGen: 84032K(84992K)->1248K(84992K) Eden: 82944K(82944K)->0K(82944K) From: 1088K(2048K)->1248K(2048K)
[14106.903s][info][gc,heap        ] GC(32677) ParOldGen: 550692K(551936K)->550740K(551936K)
[14106.903s][info][gc,metaspace   ] GC(32677) Metaspace: 62250K(62528K)->62250K(62528K) NonClass: 53217K(53440K)->53217K(53440K) Class: 9032K(9088K)->9032K(9088K)
[14106.903s][info][gc             ] GC(32677) Pause Young (Allocation Failure) 619M->539M(622M) 3.204ms
[14106.903s][info][gc,cpu         ] GC(32677) User=0.01s Sys=0.00s Real=0.00s
[14107.404s][info][gc,start       ] GC(32678) Pause Young (Allocation Failure)
[14107.407s][info][gc,heap        ] GC(32678) PSYoungGen: 84192K(84992K)->1280K(84992K) Eden: 82944K(82944K)->0K(82944K) From: 1248K(2048K)->1280K(2048K)
[14107.407s][info][gc,heap        ] GC(32678) ParOldGen: 550740K(551936K)->550788K(551936K)
[14107.407s][info][gc,metaspace   ] GC(32678) Metaspace: 62250K(62528K)->62250K(62528K) NonClass: 53217K(53440K)->53217K(53440K) Class: 9032K(9088K)->9032K(9088K)
[14107.407s][info][gc             ] GC(32678) Pause Young (Allocation Failure) 620M->539M(622M) 3.242ms
[14107.407s][info][gc,cpu         ] GC(32678) User=0.00s Sys=0.00s Real=0.01s
[14107.881s][info][gc,start       ] GC(32679) Pause Young (Allocation Failure)
[14107.884s][info][gc,heap        ] GC(32679) PSYoungGen: 84224K(84992K)->1024K(84992K) Eden: 82944K(82944K)->0K(82944K) From: 1280K(2048K)->1024K(2048K)
[14107.884s][info][gc,heap        ] GC(32679) ParOldGen: 550788K(551936K)->550836K(551936K)
[14107.884s][info][gc,metaspace   ] GC(32679) Metaspace: 62250K(62528K)->62250K(62528K) NonClass: 53217K(53440K)->53217K(53440K) Class: 9032K(9088K)->9032K(9088K)
[14107.884s][info][gc             ] GC(32679) Pause Young (Allocation Failure) 620M->538M(622M) 3.077ms
[14107.884s][info][gc,cpu         ] GC(32679) User=0.01s Sys=0.00s Real=0.00s
[14108.442s][info][gc,start       ] GC(32680) Pause Young (Allocation Failure)
[14108.445s][info][gc,heap        ] GC(32680) PSYoungGen: 83968K(84992K)->544K(84992K) Eden: 82944K(82944K)->0K(82944K) From: 1024K(2048K)->544K(2048K)
[14108.445s][info][gc,heap        ] GC(32680) ParOldGen: 550836K(551936K)->550884K(551936K)
[14108.445s][info][gc,metaspace   ] GC(32680) Metaspace: 62250K(62528K)->62250K(62528K) NonClass: 53217K(53440K)->53217K(53440K) Class: 9032K(9088K)->9032K(9088K)
[14108.445s][info][gc             ] GC(32680) Pause Young (Allocation Failure) 619M->538M(622M) 2.747ms
[14108.445s][info][gc,cpu         ] GC(32680) User=0.00s Sys=0.00s Real=0.00s
[14108.943s][info][gc,start       ] GC(32681) Pause Young (Allocation Failure)
[14108.946s][info][gc,heap        ] GC(32681) PSYoungGen: 83488K(84992K)->544K(84992K) Eden: 82944K(82944K)->0K(82944K) From: 544K(2048K)->544K(2048K)
[14108.946s][info][gc,heap        ] GC(32681) ParOldGen: 550884K(551936K)->550988K(551936K)
[14108.946s][info][gc,metaspace   ] GC(32681) Metaspace: 62250K(62528K)->62250K(62528K) NonClass: 53217K(53440K)->53217K(53440K) Class: 9032K(9088K)->9032K(9088K)
[14108.946s][info][gc             ] GC(32681) Pause Young (Allocation Failure) 619M->538M(622M) 2.713ms
[14108.946s][info][gc,cpu         ] GC(32681) User=0.01s Sys=0.00s Real=0.00s
[14109.458s][info][gc,start       ] GC(32682) Pause Young (Allocation Failure)
[14109.461s][info][gc,heap        ] GC(32682) PSYoungGen: 83488K(84992K)->704K(84992K) Eden: 82944K(82944K)->0K(82944K) From: 544K(2048K)->704K(2048K)
[14109.461s][info][gc,heap        ] GC(32682) ParOldGen: 550988K(551936K)->551036K(551936K)
[14109.461s][info][gc,metaspace   ] GC(32682) Metaspace: 62251K(62528K)->62251K(62528K) NonClass: 53218K(53440K)->53218K(53440K) Class: 9032K(9088K)->9032K(9088K)
[14109.461s][info][gc             ] GC(32682) Pause Young (Allocation Failure) 619M->538M(622M) 2.921ms
[14109.461s][info][gc,cpu         ] GC(32682) User=0.01s Sys=0.00s Real=0.00s
[14109.919s][info][gc,start       ] GC(32683) Pause Young (Allocation Failure)
[14109.921s][info][gc,heap        ] GC(32683) PSYoungGen: 83647K(84992K)->192K(84992K) Eden: 82943K(82944K)->0K(82944K) From: 704K(2048K)->192K(2048K)
[14109.921s][info][gc,heap        ] GC(32683) ParOldGen: 551036K(551936K)->551084K(551936K)
[14109.921s][info][gc,metaspace   ] GC(32683) Metaspace: 62251K(62528K)->62251K(62528K) NonClass: 53218K(53440K)->53218K(53440K) Class: 9032K(9088K)->9032K(9088K)
[14109.921s][info][gc             ] GC(32683) Pause Young (Allocation Failure) 619M->538M(622M) 2.487ms
[14109.921s][info][gc,cpu         ] GC(32683) User=0.00s Sys=0.00s Real=0.00s
[14110.381s][info][gc,start       ] GC(32684) Pause Young (Allocation Failure)
[14110.384s][info][gc,heap        ] GC(32684) PSYoungGen: 83136K(84992K)->1088K(84992K) Eden: 82944K(82944K)->0K(82944K) From: 192K(2048K)->1088K(2048K)
[14110.384s][info][gc,heap        ] GC(32684) ParOldGen: 551084K(551936K)->551132K(551936K)
[14110.384s][info][gc,metaspace   ] GC(32684) Metaspace: 62251K(62528K)->62251K(62528K) NonClass: 53218K(53440K)->53218K(53440K) Class: 9032K(9088K)->9032K(9088K)
[14110.384s][info][gc             ] GC(32684) Pause Young (Allocation Failure) 619M->539M(622M) 3.261ms
[14110.384s][info][gc,cpu         ] GC(32684) User=0.00s Sys=0.00s Real=0.00s
[14110.813s][info][gc,start       ] GC(32685) Pause Young (Allocation Failure)
[14110.818s][info][gc,heap        ] GC(32685) PSYoungGen: 84032K(84992K)->1696K(84992K) Eden: 82944K(82944K)->0K(82944K) From: 1088K(2048K)->1696K(2048K)
[14110.818s][info][gc,heap        ] GC(32685) ParOldGen: 551132K(551936K)->553236K(553472K)
[14110.818s][info][gc,metaspace   ] GC(32685) Metaspace: 62251K(62528K)->62251K(62528K) NonClass: 53218K(53440K)->53218K(53440K) Class: 9032K(9088K)->9032K(9088K)
[14110.818s][info][gc             ] GC(32685) Pause Young (Allocation Failure) 620M->541M(623M) 4.850ms
[14110.818s][info][gc,cpu         ] GC(32685) User=0.01s Sys=0.00s Real=0.01s
[14111.234s][info][gc,start       ] GC(32686) Pause Young (Allocation Failure)
[14111.237s][info][gc,heap        ] GC(32686) PSYoungGen: 84640K(84992K)->416K(84992K) Eden: 82944K(82944K)->0K(82944K) From: 1696K(2048K)->416K(2048K)
[14111.237s][info][gc,heap        ] GC(32686) ParOldGen: 553236K(553472K)->553284K(553472K)
[14111.237s][info][gc,metaspace   ] GC(32686) Metaspace: 62251K(62528K)->62251K(62528K) NonClass: 53218K(53440K)->53218K(53440K) Class: 9032K(9088K)->9032K(9088K)
[14111.237s][info][gc             ] GC(32686) Pause Young (Allocation Failure) 622M->540M(623M) 2.583ms
[14111.237s][info][gc,cpu         ] GC(32686) User=0.00s Sys=0.00s Real=0.01s
[14111.731s][info][gc,start       ] GC(32687) Pause Young (Allocation Failure)
[14111.733s][info][gc,heap        ] GC(32687) PSYoungGen: 83360K(84992K)->352K(84992K) Eden: 82944K(82944K)->0K(82944K) From: 416K(2048K)->352K(2048K)
[14111.733s][info][gc,heap        ] GC(32687) ParOldGen: 553284K(553472K)->553332K(553472K)
[14111.733s][info][gc,metaspace   ] GC(32687) Metaspace: 62251K(62528K)->62251K(62528K) NonClass: 53218K(53440K)->53218K(53440K) Class: 9032K(9088K)->9032K(9088K)
[14111.733s][info][gc             ] GC(32687) Pause Young (Allocation Failure) 621M->540M(623M) 2.480ms
[14111.733s][info][gc,cpu         ] GC(32687) User=0.00s Sys=0.00s Real=0.00s
[14112.187s][info][gc,start       ] GC(32688) Pause Young (Allocation Failure)
[14112.191s][info][gc,heap        ] GC(32688) PSYoungGen: 83296K(84992K)->1152K(84992K) Eden: 82944K(82944K)->0K(82944K) From: 352K(2048K)->1152K(2048K)
[14112.191s][info][gc,heap        ] GC(32688) ParOldGen: 553332K(553472K)->553380K(553472K)
[14112.191s][info][gc,metaspace   ] GC(32688) Metaspace: 62251K(62528K)->62251K(62528K) NonClass: 53218K(53440K)->53218K(53440K) Class: 9032K(9088K)->9032K(9088K)
[14112.191s][info][gc             ] GC(32688) Pause Young (Allocation Failure) 621M->541M(623M) 3.144ms
[14112.191s][info][gc,cpu         ] GC(32688) User=0.00s Sys=0.00s Real=0.00s
[14112.680s][info][gc,start       ] GC(32689) Pause Young (Allocation Failure)
[14112.682s][info][gc,heap        ] GC(32689) PSYoungGen: 84096K(84992K)->1024K(84992K) Eden: 82944K(82944K)->0K(82944K) From: 1152K(2048K)->1024K(2048K)
[14112.683s][info][gc,heap        ] GC(32689) ParOldGen: 553380K(553472K)->553428K(553472K)
[14112.683s][info][gc,metaspace   ] GC(32689) Metaspace: 62251K(62528K)->62251K(62528K) NonClass: 53218K(53440K)->53218K(53440K) Class: 9032K(9088K)->9032K(9088K)
[14112.683s][info][gc             ] GC(32689) Pause Young (Allocation Failure) 622M->541M(623M) 2.991ms
[14112.683s][info][gc,cpu         ] GC(32689) User=0.01s Sys=0.00s Real=0.00s
[14113.161s][info][gc,start       ] GC(32690) Pause Young (Allocation Failure)
[14113.164s][info][gc,heap        ] GC(32690) PSYoungGen: 83968K(84992K)->800K(84992K) Eden: 82944K(82944K)->0K(82944K) From: 1024K(2048K)->800K(2048K)
[14113.164s][info][gc,heap        ] GC(32690) ParOldGen: 553428K(553472K)->553476K(553984K)
[14113.164s][info][gc,metaspace   ] GC(32690) Metaspace: 62251K(62528K)->62251K(62528K) NonClass: 53218K(53440K)->53218K(53440K) Class: 9032K(9088K)->9032K(9088K)
[14113.164s][info][gc             ] GC(32690) Pause Young (Allocation Failure) 622M->541M(624M) 2.920ms
[14113.164s][info][gc,cpu         ] GC(32690) User=0.00s Sys=0.00s Real=0.00s
[14113.701s][info][gc,start       ] GC(32691) Pause Young (Allocation Failure)
[14113.704s][info][gc,heap        ] GC(32691) PSYoungGen: 83744K(84992K)->1152K(84992K) Eden: 82944K(82944K)->0K(82944K) From: 800K(2048K)->1152K(2048K)
[14113.704s][info][gc,heap        ] GC(32691) ParOldGen: 553476K(553984K)->553524K(553984K)
[14113.704s][info][gc,metaspace   ] GC(32691) Metaspace: 62251K(62528K)->62251K(62528K) NonClass: 53218K(53440K)->53218K(53440K) Class: 9032K(9088K)->9032K(9088K)
[14113.704s][info][gc             ] GC(32691) Pause Young (Allocation Failure) 622M->541M(624M) 3.159ms
[14113.704s][info][gc,cpu         ] GC(32691) User=0.01s Sys=0.00s Real=0.00s
[14114.210s][info][gc,start       ] GC(32692) Pause Young (Allocation Failure)
[14114.213s][info][gc,heap        ] GC(32692) PSYoungGen: 84096K(84992K)->1312K(84992K) Eden: 82944K(82944K)->0K(82944K) From: 1152K(2048K)->1312K(2048K)
[14114.214s][info][gc,heap        ] GC(32692) ParOldGen: 553524K(553984K)->553572K(553984K)
[14114.214s][info][gc,metaspace   ] GC(32692) Metaspace: 62251K(62528K)->62251K(62528K) NonClass: 53218K(53440K)->53218K(53440K) Class: 9032K(9088K)->9032K(9088K)
[14114.214s][info][gc             ] GC(32692) Pause Young (Allocation Failure) 622M->541M(624M) 3.290ms
[14114.214s][info][gc,cpu         ] GC(32692) User=0.01s Sys=0.01s Real=0.00s
[14114.674s][info][gc,start       ] GC(32693) Pause Young (Allocation Failure)
[14114.677s][info][gc,heap        ] GC(32693) PSYoungGen: 84256K(84992K)->1024K(84992K) Eden: 82944K(82944K)->0K(82944K) From: 1312K(2048K)->1024K(2048K)
[14114.677s][info][gc,heap        ] GC(32693) ParOldGen: 553572K(553984K)->553620K(553984K)
[14114.677s][info][gc,metaspace   ] GC(32693) Metaspace: 62251K(62528K)->62251K(62528K) NonClass: 53218K(53440K)->53218K(53440K) Class: 9032K(9088K)->9032K(9088K)
[14114.677s][info][gc             ] GC(32693) Pause Young (Allocation Failure) 622M->541M(624M) 3.120ms
[14114.677s][info][gc,cpu         ] GC(32693) User=0.00s Sys=0.00s Real=0.01s
[14115.099s][info][gc,start       ] GC(32694) Pause Young (Allocation Failure)
[14115.103s][info][gc,heap        ] GC(32694) PSYoungGen: 83968K(84992K)->1440K(84992K) Eden: 82944K(82944K)->0K(82944K) From: 1024K(2048K)->1440K(2048K)
[14115.103s][info][gc,heap        ] GC(32694) ParOldGen: 553620K(553984K)->553676K(553984K)
[14115.103s][info][gc,metaspace   ] GC(32694) Metaspace: 62251K(62528K)->62251K(62528K) NonClass: 53218K(53440K)->53218K(53440K) Class: 9032K(9088K)->9032K(9088K)
[14115.103s][info][gc             ] GC(32694) Pause Young (Allocation Failure) 622M->542M(624M) 3.596ms
[14115.103s][info][gc,cpu         ] GC(32694) User=0.01s Sys=0.00s Real=0.00s
[14115.611s][info][gc,start       ] GC(32695) Pause Young (Allocation Failure)
[14115.614s][info][gc,heap        ] GC(32695) PSYoungGen: 84384K(84992K)->1280K(84992K) Eden: 82944K(82944K)->0K(82944K) From: 1440K(2048K)->1280K(2048K)
[14115.614s][info][gc,heap        ] GC(32695) ParOldGen: 553676K(553984K)->553732K(553984K)
[14115.614s][info][gc,metaspace   ] GC(32695) Metaspace: 62251K(62528K)->62251K(62528K) NonClass: 53218K(53440K)->53218K(53440K) Class: 9032K(9088K)->9032K(9088K)
[14115.614s][info][gc             ] GC(32695) Pause Young (Allocation Failure) 623M->542M(624M) 3.334ms
[14115.614s][info][gc,cpu         ] GC(32695) User=0.00s Sys=0.00s Real=0.00s
[14116.025s][info][gc,start       ] GC(32696) Pause Young (Allocation Failure)
[14116.028s][info][gc,heap        ] GC(32696) PSYoungGen: 84224K(84992K)->1344K(84992K) Eden: 82944K(82944K)->0K(82944K) From: 1280K(2048K)->1344K(2048K)
[14116.028s][info][gc,heap        ] GC(32696) ParOldGen: 553732K(553984K)->554804K(555520K)
[14116.028s][info][gc,metaspace   ] GC(32696) Metaspace: 62251K(62528K)->62251K(62528K) NonClass: 53218K(53440K)->53218K(53440K) Class: 9032K(9088K)->9032K(9088K)
[14116.028s][info][gc             ] GC(32696) Pause Young (Allocation Failure) 623M->543M(625M) 3.150ms
[14116.028s][info][gc,cpu         ] GC(32696) User=0.00s Sys=0.00s Real=0.01s
[14116.513s][info][gc,start       ] GC(32697) Pause Young (Allocation Failure)
[14116.518s][info][gc,heap        ] GC(32697) PSYoungGen: 84288K(84992K)->1616K(83968K) Eden: 82944K(82944K)->0K(81920K) From: 1344K(2048K)->1616K(2048K)
[14116.518s][info][gc,heap        ] GC(32697) ParOldGen: 554804K(555520K)->556900K(557056K)
[14116.518s][info][gc,metaspace   ] GC(32697) Metaspace: 62251K(62528K)->62251K(62528K) NonClass: 53218K(53440K)->53218K(53440K) Class: 9032K(9088K)->9032K(9088K)
[14116.518s][info][gc             ] GC(32697) Pause Young (Allocation Failure) 624M->545M(626M) 4.828ms
[14116.518s][info][gc,cpu         ] GC(32697) User=0.01s Sys=0.00s Real=0.01s
[14117.019s][info][gc,start       ] GC(32698) Pause Young (Allocation Failure)
[14117.021s][info][gc,heap        ] GC(32698) PSYoungGen: 83536K(83968K)->192K(84480K) Eden: 81920K(81920K)->0K(81920K) From: 1616K(2048K)->192K(2560K)
[14117.021s][info][gc,heap        ] GC(32698) ParOldGen: 556900K(557056K)->557004K(557056K)
[14117.021s][info][gc,metaspace   ] GC(32698) Metaspace: 62251K(62528K)->62251K(62528K) NonClass: 53218K(53440K)->53218K(53440K) Class: 9032K(9088K)->9032K(9088K)
[14117.021s][info][gc             ] GC(32698) Pause Young (Allocation Failure) 625M->544M(626M) 2.638ms
[14117.021s][info][gc,cpu         ] GC(32698) User=0.00s Sys=0.00s Real=0.00s
[14117.497s][info][gc,start       ] GC(32699) Pause Young (Allocation Failure)
[14117.500s][info][gc,heap        ] GC(32699) PSYoungGen: 82112K(84480K)->1344K(84480K) Eden: 81920K(81920K)->0K(81920K) From: 192K(2560K)->1344K(2560K)
[14117.500s][info][gc,heap        ] GC(32699) ParOldGen: 557004K(557056K)->557052K(557056K)
[14117.500s][info][gc,metaspace   ] GC(32699) Metaspace: 62251K(62528K)->62251K(62528K) NonClass: 53218K(53440K)->53218K(53440K) Class: 9032K(9088K)->9032K(9088K)
[14117.500s][info][gc             ] GC(32699) Pause Young (Allocation Failure) 624M->545M(626M) 3.495ms
[14117.500s][info][gc,cpu         ] GC(32699) User=0.01s Sys=0.00s Real=0.00s
[14117.934s][info][gc,start       ] GC(32700) Pause Young (Allocation Failure)
[14117.937s][info][gc,heap        ] GC(32700) PSYoungGen: 83264K(84480K)->448K(84480K) Eden: 81920K(81920K)->0K(81920K) From: 1344K(2560K)->448K(2560K)
[14117.937s][info][gc,heap        ] GC(32700) ParOldGen: 557052K(557056K)->557108K(557568K)
[14117.937s][info][gc,metaspace   ] GC(32700) Metaspace: 62251K(62528K)->62251K(62528K) NonClass: 53218K(53440K)->53218K(53440K) Class: 9032K(9088K)->9032K(9088K)
[14117.937s][info][gc             ] GC(32700) Pause Young (Allocation Failure) 625M->544M(627M) 2.646ms
[14117.937s][info][gc,cpu         ] GC(32700) User=0.01s Sys=0.00s Real=0.01s
[14118.376s][info][gc,start       ] GC(32701) Pause Young (Allocation Failure)
[14118.379s][info][gc,heap        ] GC(32701) PSYoungGen: 82368K(84480K)->1088K(84480K) Eden: 81920K(81920K)->0K(81920K) From: 448K(2560K)->1088K(2560K)
[14118.380s][info][gc,heap        ] GC(32701) ParOldGen: 557108K(557568K)->557164K(557568K)
[14118.380s][info][gc,metaspace   ] GC(32701) Metaspace: 62251K(62528K)->62251K(62528K) NonClass: 53218K(53440K)->53218K(53440K) Class: 9032K(9088K)->9032K(9088K)
[14118.380s][info][gc             ] GC(32701) Pause Young (Allocation Failure) 624M->545M(627M) 3.207ms
[14118.380s][info][gc,cpu         ] GC(32701) User=0.00s Sys=0.00s Real=0.00s
[14118.813s][info][gc,start       ] GC(32702) Pause Young (Allocation Failure)
[14118.817s][info][gc,heap        ] GC(32702) PSYoungGen: 83008K(84480K)->1600K(84480K) Eden: 81920K(81920K)->0K(81920K) From: 1088K(2560K)->1600K(2560K)
[14118.817s][info][gc,heap        ] GC(32702) ParOldGen: 557164K(557568K)->557220K(557568K)
[14118.817s][info][gc,metaspace   ] GC(32702) Metaspace: 62251K(62528K)->62251K(62528K) NonClass: 53218K(53440K)->53218K(53440K) Class: 9032K(9088K)->9032K(9088K)
[14118.817s][info][gc             ] GC(32702) Pause Young (Allocation Failure) 625M->545M(627M) 3.740ms
[14118.817s][info][gc,cpu         ] GC(32702) User=0.00s Sys=0.00s Real=0.01s
[14119.299s][info][gc,start       ] GC(32703) Pause Young (Allocation Failure)
[14119.302s][info][gc,heap        ] GC(32703) PSYoungGen: 83520K(84480K)->1184K(84480K) Eden: 81920K(81920K)->0K(81920K) From: 1600K(2560K)->1184K(2560K)
[14119.302s][info][gc,heap        ] GC(32703) ParOldGen: 557220K(557568K)->557276K(557568K)
[14119.302s][info][gc,metaspace   ] GC(32703) Metaspace: 62251K(62528K)->62251K(62528K) NonClass: 53218K(53440K)->53218K(53440K) Class: 9032K(9088K)->9032K(9088K)
[14119.302s][info][gc             ] GC(32703) Pause Young (Allocation Failure) 625M->545M(627M) 3.413ms
[14119.302s][info][gc,cpu         ] GC(32703) User=0.01s Sys=0.00s Real=0.00s
[14119.808s][info][gc,start       ] GC(32704) Pause Young (Allocation Failure)
[14119.811s][info][gc,heap        ] GC(32704) PSYoungGen: 83104K(84480K)->1376K(84480K) Eden: 81920K(81920K)->0K(81920K) From: 1184K(2560K)->1376K(2560K)
[14119.811s][info][gc,heap        ] GC(32704) ParOldGen: 557276K(557568K)->557316K(557568K)
[14119.811s][info][gc,metaspace   ] GC(32704) Metaspace: 62251K(62528K)->62251K(62528K) NonClass: 53218K(53440K)->53218K(53440K) Class: 9032K(9088K)->9032K(9088K)
[14119.811s][info][gc             ] GC(32704) Pause Young (Allocation Failure) 625M->545M(627M) 3.370ms
[14119.811s][info][gc,cpu         ] GC(32704) User=0.01s Sys=0.00s Real=0.00s
[14120.303s][info][gc,start       ] GC(32705) Pause Young (Allocation Failure)
[14120.306s][info][gc,heap        ] GC(32705) PSYoungGen: 83296K(84480K)->1344K(84480K) Eden: 81920K(81920K)->0K(81920K) From: 1376K(2560K)->1344K(2560K)
[14120.306s][info][gc,heap        ] GC(32705) ParOldGen: 557316K(557568K)->557364K(557568K)
[14120.306s][info][gc,metaspace   ] GC(32705) Metaspace: 62251K(62528K)->62251K(62528K) NonClass: 53218K(53440K)->53218K(53440K) Class: 9032K(9088K)->9032K(9088K)
[14120.306s][info][gc             ] GC(32705) Pause Young (Allocation Failure) 625M->545M(627M) 3.570ms
[14120.306s][info][gc,cpu         ] GC(32705) User=0.01s Sys=0.00s Real=0.00s
[14120.794s][info][gc,start       ] GC(32706) Pause Young (Allocation Failure)
[14120.798s][info][gc,heap        ] GC(32706) PSYoungGen: 83264K(84480K)->2336K(84480K) Eden: 81920K(81920K)->0K(81920K) From: 1344K(2560K)->2336K(2560K)
[14120.798s][info][gc,heap        ] GC(32706) ParOldGen: 557364K(557568K)->558436K(559104K)
[14120.798s][info][gc,metaspace   ] GC(32706) Metaspace: 62251K(62528K)->62251K(62528K) NonClass: 53218K(53440K)->53218K(53440K) Class: 9032K(9088K)->9032K(9088K)
[14120.798s][info][gc             ] GC(32706) Pause Young (Allocation Failure) 625M->547M(628M) 4.301ms
[14120.798s][info][gc,cpu         ] GC(32706) User=0.01s Sys=0.00s Real=0.01s
[14121.245s][info][gc,start       ] GC(32707) Pause Young (Allocation Failure)
[14121.249s][info][gc,heap        ] GC(32707) PSYoungGen: 84256K(84480K)->576K(84480K) Eden: 81920K(81920K)->0K(81920K) From: 2336K(2560K)->576K(2560K)
[14121.249s][info][gc,heap        ] GC(32707) ParOldGen: 558436K(559104K)->560540K(560640K)
[14121.249s][info][gc,metaspace   ] GC(32707) Metaspace: 62251K(62528K)->62251K(62528K) NonClass: 53218K(53440K)->53218K(53440K) Class: 9032K(9088K)->9032K(9088K)
[14121.249s][info][gc             ] GC(32707) Pause Young (Allocation Failure) 627M->547M(630M) 4.062ms
[14121.249s][info][gc,cpu         ] GC(32707) User=0.01s Sys=0.01s Real=0.01s
[14121.697s][info][gc,start       ] GC(32708) Pause Young (Allocation Failure)
[14121.700s][info][gc,heap        ] GC(32708) PSYoungGen: 82496K(84480K)->1344K(84480K) Eden: 81920K(81920K)->0K(81920K) From: 576K(2560K)->1344K(2560K)
[14121.700s][info][gc,heap        ] GC(32708) ParOldGen: 560540K(560640K)->560596K(560640K)
[14121.700s][info][gc,metaspace   ] GC(32708) Metaspace: 62251K(62528K)->62251K(62528K) NonClass: 53218K(53440K)->53218K(53440K) Class: 9032K(9088K)->9032K(9088K)
[14121.700s][info][gc             ] GC(32708) Pause Young (Allocation Failure) 627M->548M(630M) 3.493ms
[14121.700s][info][gc,cpu         ] GC(32708) User=0.01s Sys=0.00s Real=0.00s
[14122.187s][info][gc,start       ] GC(32709) Pause Young (Allocation Failure)
[14122.191s][info][gc,heap        ] GC(32709) PSYoungGen: 83264K(84480K)->1120K(84480K) Eden: 81920K(81920K)->0K(81920K) From: 1344K(2560K)->1120K(2560K)
[14122.191s][info][gc,heap        ] GC(32709) ParOldGen: 560596K(560640K)->560644K(561152K)
[14122.191s][info][gc,metaspace   ] GC(32709) Metaspace: 62251K(62528K)->62251K(62528K) NonClass: 53218K(53440K)->53218K(53440K) Class: 9032K(9088K)->9032K(9088K)
[14122.191s][info][gc             ] GC(32709) Pause Young (Allocation Failure) 628M->548M(630M) 3.439ms
[14122.191s][info][gc,cpu         ] GC(32709) User=0.00s Sys=0.00s Real=0.00s
[14122.688s][info][gc,start       ] GC(32710) Pause Young (Allocation Failure)
[14122.691s][info][gc,heap        ] GC(32710) PSYoungGen: 83040K(84480K)->1152K(84480K) Eden: 81920K(81920K)->0K(81920K) From: 1120K(2560K)->1152K(2560K)
[14122.691s][info][gc,heap        ] GC(32710) ParOldGen: 560644K(561152K)->560692K(561152K)
[14122.691s][info][gc,metaspace   ] GC(32710) Metaspace: 62251K(62528K)->62251K(62528K) NonClass: 53218K(53440K)->53218K(53440K) Class: 9032K(9088K)->9032K(9088K)
[14122.691s][info][gc             ] GC(32710) Pause Young (Allocation Failure) 628M->548M(630M) 3.460ms
[14122.691s][info][gc,cpu         ] GC(32710) User=0.01s Sys=0.00s Real=0.00s
[14123.167s][info][gc,start       ] GC(32711) Pause Young (Allocation Failure)
[14123.170s][info][gc,heap        ] GC(32711) PSYoungGen: 83072K(84480K)->832K(84480K) Eden: 81920K(81920K)->0K(81920K) From: 1152K(2560K)->832K(2560K)
[14123.170s][info][gc,heap        ] GC(32711) ParOldGen: 560692K(561152K)->560740K(561152K)
[14123.170s][info][gc,metaspace   ] GC(32711) Metaspace: 62251K(62528K)->62251K(62528K) NonClass: 53218K(53440K)->53218K(53440K) Class: 9032K(9088K)->9032K(9088K)
[14123.170s][info][gc             ] GC(32711) Pause Young (Allocation Failure) 628M->548M(630M) 3.088ms
[14123.170s][info][gc,cpu         ] GC(32711) User=0.01s Sys=0.00s Real=0.00s
[14123.662s][info][gc,start       ] GC(32712) Pause Young (Allocation Failure)
[14123.665s][info][gc,heap        ] GC(32712) PSYoungGen: 82752K(84480K)->832K(84480K) Eden: 81920K(81920K)->0K(81920K) From: 832K(2560K)->832K(2560K)
[14123.665s][info][gc,heap        ] GC(32712) ParOldGen: 560740K(561152K)->560796K(561152K)
[14123.665s][info][gc,metaspace   ] GC(32712) Metaspace: 62251K(62528K)->62251K(62528K) NonClass: 53218K(53440K)->53218K(53440K) Class: 9032K(9088K)->9032K(9088K)
[14123.665s][info][gc             ] GC(32712) Pause Young (Allocation Failure) 628M->548M(630M) 2.941ms
[14123.665s][info][gc,cpu         ] GC(32712) User=0.01s Sys=0.00s Real=0.00s
[14124.103s][info][gc,start       ] GC(32713) Pause Young (Allocation Failure)
[14124.106s][info][gc,heap        ] GC(32713) PSYoungGen: 82752K(84480K)->1440K(84480K) Eden: 81920K(81920K)->0K(81920K) From: 832K(2560K)->1440K(2560K)
[14124.106s][info][gc,heap        ] GC(32713) ParOldGen: 560796K(561152K)->560852K(561152K)
[14124.106s][info][gc,metaspace   ] GC(32713) Metaspace: 62251K(62528K)->62251K(62528K) NonClass: 53218K(53440K)->53218K(53440K) Class: 9032K(9088K)->9032K(9088K)
[14124.107s][info][gc             ] GC(32713) Pause Young (Allocation Failure) 628M->549M(630M) 3.455ms
[14124.107s][info][gc,cpu         ] GC(32713) User=0.01s Sys=0.00s Real=0.01s
[14124.684s][info][gc,start       ] GC(32714) Pause Young (Allocation Failure)
[14124.687s][info][gc,heap        ] GC(32714) PSYoungGen: 83360K(84480K)->1024K(84480K) Eden: 81920K(81920K)->0K(81920K) From: 1440K(2560K)->1024K(2560K)
[14124.687s][info][gc,heap        ] GC(32714) ParOldGen: 560852K(561152K)->560900K(561152K)
[14124.687s][info][gc,metaspace   ] GC(32714) Metaspace: 62251K(62528K)->62251K(62528K) NonClass: 53218K(53440K)->53218K(53440K) Class: 9032K(9088K)->9032K(9088K)
[14124.688s][info][gc             ] GC(32714) Pause Young (Allocation Failure) 629M->548M(630M) 3.144ms
[14124.688s][info][gc,cpu         ] GC(32714) User=0.01s Sys=0.00s Real=0.01s
[14125.183s][info][gc,start       ] GC(32715) Pause Young (Allocation Failure)
[14125.186s][info][gc,heap        ] GC(32715) PSYoungGen: 82944K(84480K)->896K(84992K) Eden: 81920K(81920K)->0K(82944K) From: 1024K(2560K)->896K(2048K)
[14125.186s][info][gc,heap        ] GC(32715) ParOldGen: 560900K(561152K)->561004K(561152K)
[14125.186s][info][gc,metaspace   ] GC(32715) Metaspace: 62251K(62528K)->62251K(62528K) NonClass: 53218K(53440K)->53218K(53440K) Class: 9032K(9088K)->9032K(9088K)
[14125.186s][info][gc             ] GC(32715) Pause Young (Allocation Failure) 628M->548M(631M) 3.030ms
[14125.186s][info][gc,cpu         ] GC(32715) User=0.01s Sys=0.00s Real=0.00s
[14125.612s][info][gc,start       ] GC(32716) Pause Young (Allocation Failure)
[14125.617s][info][gc,heap        ] GC(32716) PSYoungGen: 83840K(84992K)->1632K(84992K) Eden: 82944K(82944K)->0K(82944K) From: 896K(2048K)->1632K(2048K)
[14125.617s][info][gc,heap        ] GC(32716) ParOldGen: 561004K(561152K)->563108K(564224K)
[14125.617s][info][gc,metaspace   ] GC(32716) Metaspace: 62251K(62528K)->62251K(62528K) NonClass: 53218K(53440K)->53218K(53440K) Class: 9032K(9088K)->9032K(9088K)
[14125.617s][info][gc             ] GC(32716) Pause Young (Allocation Failure) 629M->551M(634M) 4.858ms
[14125.617s][info][gc,cpu         ] GC(32716) User=0.00s Sys=0.00s Real=0.01s
[14126.112s][info][gc,start       ] GC(32717) Pause Young (Allocation Failure)
[14126.116s][info][gc,heap        ] GC(32717) PSYoungGen: 84576K(84992K)->1408K(83968K) Eden: 82944K(82944K)->0K(81920K) From: 1632K(2048K)->1408K(2048K)
[14126.116s][info][gc,heap        ] GC(32717) ParOldGen: 563108K(564224K)->563164K(564224K)
[14126.116s][info][gc,metaspace   ] GC(32717) Metaspace: 62251K(62528K)->62251K(62528K) NonClass: 53218K(53440K)->53218K(53440K) Class: 9032K(9088K)->9032K(9088K)
[14126.116s][info][gc             ] GC(32717) Pause Young (Allocation Failure) 632M->551M(633M) 3.717ms
[14126.116s][info][gc,cpu         ] GC(32717) User=0.00s Sys=0.00s Real=0.00s
[14126.579s][info][gc,start       ] GC(32718) Pause Young (Allocation Failure)
[14126.582s][info][gc,heap        ] GC(32718) PSYoungGen: 83328K(83968K)->1152K(84480K) Eden: 81920K(81920K)->0K(81920K) From: 1408K(2048K)->1152K(2560K)
[14126.582s][info][gc,heap        ] GC(32718) ParOldGen: 563164K(564224K)->563220K(564224K)
[14126.582s][info][gc,metaspace   ] GC(32718) Metaspace: 62251K(62528K)->62251K(62528K) NonClass: 53218K(53440K)->53218K(53440K) Class: 9032K(9088K)->9032K(9088K)
[14126.582s][info][gc             ] GC(32718) Pause Young (Allocation Failure) 631M->551M(633M) 3.381ms
[14126.583s][info][gc,cpu         ] GC(32718) User=0.01s Sys=0.00s Real=0.00s
[14127.073s][info][gc,start       ] GC(32719) Pause Young (Allocation Failure)
[14127.076s][info][gc,heap        ] GC(32719) PSYoungGen: 83072K(84480K)->928K(84992K) Eden: 81920K(81920K)->0K(82944K) From: 1152K(2560K)->928K(2048K)
[14127.076s][info][gc,heap        ] GC(32719) ParOldGen: 563220K(564224K)->563268K(564224K)
[14127.076s][info][gc,metaspace   ] GC(32719) Metaspace: 62251K(62528K)->62251K(62528K) NonClass: 53218K(53440K)->53218K(53440K) Class: 9032K(9088K)->9032K(9088K)
[14127.076s][info][gc             ] GC(32719) Pause Young (Allocation Failure) 631M->550M(634M) 3.048ms
[14127.076s][info][gc,cpu         ] GC(32719) User=0.01s Sys=0.00s Real=0.00s
[14127.616s][info][gc,start       ] GC(32720) Pause Young (Allocation Failure)
[14127.620s][info][gc,heap        ] GC(32720) PSYoungGen: 83872K(84992K)->1408K(84992K) Eden: 82944K(82944K)->0K(82944K) From: 928K(2048K)->1408K(2048K)
[14127.620s][info][gc,heap        ] GC(32720) ParOldGen: 563268K(564224K)->563308K(564224K)
[14127.620s][info][gc,metaspace   ] GC(32720) Metaspace: 62251K(62528K)->62251K(62528K) NonClass: 53218K(53440K)->53218K(53440K) Class: 9032K(9088K)->9032K(9088K)
[14127.620s][info][gc             ] GC(32720) Pause Young (Allocation Failure) 631M->551M(634M) 3.677ms
[14127.620s][info][gc,cpu         ] GC(32720) User=0.01s Sys=0.00s Real=0.01s
[14128.124s][info][gc,start       ] GC(32721) Pause Young (Allocation Failure)
[14128.126s][info][gc,heap        ] GC(32721) PSYoungGen: 84352K(84992K)->256K(83968K) Eden: 82944K(82944K)->0K(81920K) From: 1408K(2048K)->256K(2048K)
[14128.126s][info][gc,heap        ] GC(32721) ParOldGen: 563308K(564224K)->563356K(564224K)
[14128.126s][info][gc,metaspace   ] GC(32721) Metaspace: 62251K(62528K)->62251K(62528K) NonClass: 53218K(53440K)->53218K(53440K) Class: 9032K(9088K)->9032K(9088K)
[14128.126s][info][gc             ] GC(32721) Pause Young (Allocation Failure) 632M->550M(633M) 2.512ms
[14128.126s][info][gc,cpu         ] GC(32721) User=0.01s Sys=0.00s Real=0.00s
[14128.633s][info][gc,start       ] GC(32722) Pause Young (Allocation Failure)
[14128.636s][info][gc,heap        ] GC(32722) PSYoungGen: 82176K(83968K)->384K(84480K) Eden: 81920K(81920K)->0K(81920K) From: 256K(2048K)->384K(2560K)
[14128.636s][info][gc,heap        ] GC(32722) ParOldGen: 563356K(564224K)->563404K(564224K)
[14128.636s][info][gc,metaspace   ] GC(32722) Metaspace: 62251K(62528K)->62251K(62528K) NonClass: 53218K(53440K)->53218K(53440K) Class: 9032K(9088K)->9032K(9088K)
[14128.636s][info][gc             ] GC(32722) Pause Young (Allocation Failure) 630M->550M(633M) 2.674ms
[14128.636s][info][gc,cpu         ] GC(32722) User=0.01s Sys=0.00s Real=0.00s
[14129.136s][info][gc,start       ] GC(32723) Pause Young (Allocation Failure)
[14129.139s][info][gc,heap        ] GC(32723) PSYoungGen: 82304K(84480K)->448K(84480K) Eden: 81920K(81920K)->0K(81920K) From: 384K(2560K)->448K(2560K)
[14129.139s][info][gc,heap        ] GC(32723) ParOldGen: 563404K(564224K)->563460K(564224K)
[14129.139s][info][gc,metaspace   ] GC(32723) Metaspace: 62251K(62528K)->62251K(62528K) NonClass: 53218K(53440K)->53218K(53440K) Class: 9032K(9088K)->9032K(9088K)
[14129.139s][info][gc             ] GC(32723) Pause Young (Allocation Failure) 630M->550M(633M) 2.664ms
[14129.139s][info][gc,cpu         ] GC(32723) User=0.01s Sys=0.00s Real=0.01s
[14129.674s][info][gc,start       ] GC(32724) Pause Young (Allocation Failure)
[14129.677s][info][gc,heap        ] GC(32724) PSYoungGen: 82368K(84480K)->864K(84480K) Eden: 81920K(81920K)->0K(81920K) From: 448K(2560K)->864K(2560K)
[14129.677s][info][gc,heap        ] GC(32724) ParOldGen: 563460K(564224K)->563508K(564224K)
[14129.677s][info][gc,metaspace   ] GC(32724) Metaspace: 62251K(62528K)->62251K(62528K) NonClass: 53218K(53440K)->53218K(53440K) Class: 9032K(9088K)->9032K(9088K)
[14129.677s][info][gc             ] GC(32724) Pause Young (Allocation Failure) 630M->551M(633M) 3.271ms
[14129.677s][info][gc,cpu         ] GC(32724) User=0.01s Sys=0.00s Real=0.01s
[14130.172s][info][gc,start       ] GC(32725) Pause Young (Allocation Failure)
[14130.175s][info][gc,heap        ] GC(32725) PSYoungGen: 82784K(84480K)->928K(84992K) Eden: 81920K(81920K)->0K(82944K) From: 864K(2560K)->928K(2048K)
[14130.175s][info][gc,heap        ] GC(32725) ParOldGen: 563508K(564224K)->563564K(564224K)
[14130.175s][info][gc,metaspace   ] GC(32725) Metaspace: 62251K(62528K)->62251K(62528K) NonClass: 53218K(53440K)->53218K(53440K) Class: 9032K(9088K)->9032K(9088K)
[14130.175s][info][gc             ] GC(32725) Pause Young (Allocation Failure) 631M->551M(634M) 3.153ms
[14130.175s][info][gc,cpu         ] GC(32725) User=0.00s Sys=0.00s Real=0.00s
[14130.715s][info][gc,start       ] GC(32726) Pause Young (Allocation Failure)
[14130.718s][info][gc,heap        ] GC(32726) PSYoungGen: 83872K(84992K)->1408K(84992K) Eden: 82944K(82944K)->0K(82944K) From: 928K(2048K)->1408K(2048K)
[14130.718s][info][gc,heap        ] GC(32726) ParOldGen: 563564K(564224K)->563604K(564224K)
[14130.718s][info][gc,metaspace   ] GC(32726) Metaspace: 62251K(62528K)->62251K(62528K) NonClass: 53218K(53440K)->53218K(53440K) Class: 9032K(9088K)->9032K(9088K)
[14130.718s][info][gc             ] GC(32726) Pause Young (Allocation Failure) 632M->551M(634M) 3.545ms
[14130.718s][info][gc,cpu         ] GC(32726) User=0.01s Sys=0.00s Real=0.01s
[14131.244s][info][gc,start       ] GC(32727) Pause Young (Allocation Failure)
[14131.248s][info][gc,heap        ] GC(32727) PSYoungGen: 84352K(84992K)->1536K(83968K) Eden: 82944K(82944K)->0K(81920K) From: 1408K(2048K)->1536K(2048K)
[14131.248s][info][gc,heap        ] GC(32727) ParOldGen: 563604K(564224K)->564676K(565760K)
[14131.248s][info][gc,metaspace   ] GC(32727) Metaspace: 62251K(62528K)->62251K(62528K) NonClass: 53218K(53440K)->53218K(53440K) Class: 9032K(9088K)->9032K(9088K)
[14131.248s][info][gc             ] GC(32727) Pause Young (Allocation Failure) 632M->552M(634M) 3.502ms
[14131.248s][info][gc,cpu         ] GC(32727) User=0.00s Sys=0.00s Real=0.01s
[14131.777s][info][gc,start       ] GC(32728) Pause Young (Allocation Failure)
[14131.782s][info][gc,heap        ] GC(32728) PSYoungGen: 83456K(83968K)->896K(84480K) Eden: 81920K(81920K)->0K(81920K) From: 1536K(2048K)->896K(2560K)
[14131.782s][info][gc,heap        ] GC(32728) ParOldGen: 564676K(565760K)->566780K(567296K)
[14131.782s][info][gc,metaspace   ] GC(32728) Metaspace: 62251K(62528K)->62251K(62528K) NonClass: 53218K(53440K)->53218K(53440K) Class: 9032K(9088K)->9032K(9088K)
[14131.782s][info][gc             ] GC(32728) Pause Young (Allocation Failure) 632M->554M(636M) 4.561ms
[14131.782s][info][gc,cpu         ] GC(32728) User=0.01s Sys=0.00s Real=0.00s
[14132.308s][info][gc,start       ] GC(32729) Pause Young (Allocation Failure)
[14132.311s][info][gc,heap        ] GC(32729) PSYoungGen: 82816K(84480K)->1280K(84992K) Eden: 81920K(81920K)->0K(82944K) From: 896K(2560K)->1280K(2048K)
[14132.311s][info][gc,heap        ] GC(32729) ParOldGen: 566780K(567296K)->566836K(567296K)
[14132.311s][info][gc,metaspace   ] GC(32729) Metaspace: 62251K(62528K)->62251K(62528K) NonClass: 53218K(53440K)->53218K(53440K) Class: 9032K(9088K)->9032K(9088K)
[14132.311s][info][gc             ] GC(32729) Pause Young (Allocation Failure) 634M->554M(637M) 3.552ms
[14132.311s][info][gc,cpu         ] GC(32729) User=0.01s Sys=0.00s Real=0.00s
[14132.855s][info][gc,start       ] GC(32730) Pause Young (Allocation Failure)
[14132.859s][info][gc,heap        ] GC(32730) PSYoungGen: 84224K(84992K)->752K(84992K) Eden: 82944K(82944K)->0K(82944K) From: 1280K(2048K)->752K(2048K)
[14132.859s][info][gc,heap        ] GC(32730) ParOldGen: 566836K(567296K)->566884K(567296K)
[14132.859s][info][gc,metaspace   ] GC(32730) Metaspace: 62251K(62528K)->62251K(62528K) NonClass: 53218K(53440K)->53218K(53440K) Class: 9032K(9088K)->9032K(9088K)
[14132.859s][info][gc             ] GC(32730) Pause Young (Allocation Failure) 635M->554M(637M) 3.103ms
[14132.859s][info][gc,cpu         ] GC(32730) User=0.01s Sys=0.00s Real=0.01s
[14133.403s][info][gc,start       ] GC(32731) Pause Young (Allocation Failure)
[14133.406s][info][gc,heap        ] GC(32731) PSYoungGen: 83696K(84992K)->1312K(84992K) Eden: 82944K(82944K)->0K(82944K) From: 752K(2048K)->1312K(2048K)
[14133.406s][info][gc,heap        ] GC(32731) ParOldGen: 566884K(567296K)->566980K(567296K)
[14133.406s][info][gc,metaspace   ] GC(32731) Metaspace: 62251K(62528K)->62251K(62528K) NonClass: 53218K(53440K)->53218K(53440K) Class: 9032K(9088K)->9032K(9088K)
[14133.406s][info][gc             ] GC(32731) Pause Young (Allocation Failure) 635M->554M(637M) 3.713ms
[14133.406s][info][gc,cpu         ] GC(32731) User=0.01s Sys=0.00s Real=0.00s
[14133.962s][info][gc,start       ] GC(32732) Pause Young (Allocation Failure)
[14133.965s][info][gc,heap        ] GC(32732) PSYoungGen: 84256K(84992K)->704K(84992K) Eden: 82944K(82944K)->0K(82944K) From: 1312K(2048K)->704K(2048K)
[14133.965s][info][gc,heap        ] GC(32732) ParOldGen: 566980K(567296K)->567028K(567296K)
[14133.965s][info][gc,metaspace   ] GC(32732) Metaspace: 62251K(62528K)->62251K(62528K) NonClass: 53218K(53440K)->53218K(53440K) Class: 9032K(9088K)->9032K(9088K)
[14133.965s][info][gc             ] GC(32732) Pause Young (Allocation Failure) 635M->554M(637M) 3.100ms
[14133.965s][info][gc,cpu         ] GC(32732) User=0.01s Sys=0.00s Real=0.00s
[14134.481s][info][gc,start       ] GC(32733) Pause Young (Allocation Failure)
[14134.484s][info][gc,heap        ] GC(32733) PSYoungGen: 83648K(84992K)->1024K(84992K) Eden: 82944K(82944K)->0K(82944K) From: 704K(2048K)->1024K(2048K)
[14134.484s][info][gc,heap        ] GC(32733) ParOldGen: 567028K(567296K)->567076K(567296K)
[14134.484s][info][gc,metaspace   ] GC(32733) Metaspace: 62251K(62528K)->62251K(62528K) NonClass: 53218K(53440K)->53218K(53440K) Class: 9032K(9088K)->9032K(9088K)
[14134.484s][info][gc             ] GC(32733) Pause Young (Allocation Failure) 635M->554M(637M) 3.321ms
[14134.484s][info][gc,cpu         ] GC(32733) User=0.00s Sys=0.00s Real=0.00s
[14134.981s][info][gc,start       ] GC(32734) Pause Young (Allocation Failure)
[14134.984s][info][gc,heap        ] GC(32734) PSYoungGen: 83968K(84992K)->1024K(84992K) Eden: 82944K(82944K)->0K(82944K) From: 1024K(2048K)->1024K(2048K)
[14134.984s][info][gc,heap        ] GC(32734) ParOldGen: 567076K(567296K)->567124K(567296K)
[14134.984s][info][gc,metaspace   ] GC(32734) Metaspace: 62251K(62528K)->62251K(62528K) NonClass: 53218K(53440K)->53218K(53440K) Class: 9032K(9088K)->9032K(9088K)
[14134.984s][info][gc             ] GC(32734) Pause Young (Allocation Failure) 635M->554M(637M) 3.363ms
[14134.984s][info][gc,cpu         ] GC(32734) User=0.00s Sys=0.00s Real=0.00s
[14135.489s][info][gc,start       ] GC(32735) Pause Young (Allocation Failure)
[14135.492s][info][gc,heap        ] GC(32735) PSYoungGen: 83968K(84992K)->1088K(84992K) Eden: 82944K(82944K)->0K(82944K) From: 1024K(2048K)->1088K(2048K)
[14135.492s][info][gc,heap        ] GC(32735) ParOldGen: 567124K(567296K)->567172K(567296K)
[14135.492s][info][gc,metaspace   ] GC(32735) Metaspace: 62251K(62528K)->62251K(62528K) NonClass: 53218K(53440K)->53218K(53440K) Class: 9032K(9088K)->9032K(9088K)
[14135.492s][info][gc             ] GC(32735) Pause Young (Allocation Failure) 635M->554M(637M) 3.273ms
[14135.492s][info][gc,cpu         ] GC(32735) User=0.01s Sys=0.00s Real=0.00s
[14136.037s][info][gc,start       ] GC(32736) Pause Young (Allocation Failure)
[14136.039s][info][gc,heap        ] GC(32736) PSYoungGen: 84032K(84992K)->448K(84992K) Eden: 82944K(82944K)->0K(82944K) From: 1088K(2048K)->448K(2048K)
[14136.039s][info][gc,heap        ] GC(32736) ParOldGen: 567172K(567296K)->567220K(567296K)
[14136.039s][info][gc,metaspace   ] GC(32736) Metaspace: 62251K(62528K)->62251K(62528K) NonClass: 53218K(53440K)->53218K(53440K) Class: 9032K(9088K)->9032K(9088K)
[14136.039s][info][gc             ] GC(32736) Pause Young (Allocation Failure) 635M->554M(637M) 2.609ms
[14136.039s][info][gc,cpu         ] GC(32736) User=0.00s Sys=0.00s Real=0.00s
[14136.519s][info][gc,start       ] GC(32737) Pause Young (Allocation Failure)
[14136.522s][info][gc,heap        ] GC(32737) PSYoungGen: 83392K(84992K)->1248K(84992K) Eden: 82944K(82944K)->0K(82944K) From: 448K(2048K)->1248K(2048K)
[14136.522s][info][gc,heap        ] GC(32737) ParOldGen: 567220K(567296K)->568292K(568832K)
[14136.522s][info][gc,metaspace   ] GC(32737) Metaspace: 62251K(62528K)->62251K(62528K) NonClass: 53218K(53440K)->53218K(53440K) Class: 9032K(9088K)->9032K(9088K)
[14136.523s][info][gc             ] GC(32737) Pause Young (Allocation Failure) 635M->556M(638M) 3.249ms
[14136.523s][info][gc,cpu         ] GC(32737) User=0.01s Sys=0.00s Real=0.00s
[14136.980s][info][gc,start       ] GC(32738) Pause Young (Allocation Failure)
[14136.985s][info][gc,heap        ] GC(32738) PSYoungGen: 84192K(84992K)->1152K(84992K) Eden: 82944K(82944K)->0K(82944K) From: 1248K(2048K)->1152K(2048K)
[14136.985s][info][gc,heap        ] GC(32738) ParOldGen: 568292K(568832K)->570388K(570880K)
[14136.985s][info][gc,metaspace   ] GC(32738) Metaspace: 62251K(62528K)->62251K(62528K) NonClass: 53218K(53440K)->53218K(53440K) Class: 9032K(9088K)->9032K(9088K)
[14136.985s][info][gc             ] GC(32738) Pause Young (Allocation Failure) 637M->558M(640M) 4.259ms
[14136.985s][info][gc,cpu         ] GC(32738) User=0.01s Sys=0.00s Real=0.00s
[14137.398s][info][gc,start       ] GC(32739) Pause Young (Allocation Failure)
[14137.401s][info][gc,heap        ] GC(32739) PSYoungGen: 84096K(84992K)->1408K(84992K) Eden: 82944K(82944K)->0K(82944K) From: 1152K(2048K)->1408K(2048K)
[14137.401s][info][gc,heap        ] GC(32739) ParOldGen: 570388K(570880K)->570444K(570880K)
[14137.401s][info][gc,metaspace   ] GC(32739) Metaspace: 62251K(62528K)->62251K(62528K) NonClass: 53218K(53440K)->53218K(53440K) Class: 9032K(9088K)->9032K(9088K)
[14137.401s][info][gc             ] GC(32739) Pause Young (Allocation Failure) 639M->558M(640M) 3.544ms
[14137.401s][info][gc,cpu         ] GC(32739) User=0.00s Sys=0.00s Real=0.00s
[14137.853s][info][gc,start       ] GC(32740) Pause Young (Allocation Failure)
[14137.856s][info][gc,heap        ] GC(32740) PSYoungGen: 84352K(84992K)->832K(84992K) Eden: 82944K(82944K)->0K(82944K) From: 1408K(2048K)->832K(2048K)
[14137.856s][info][gc,heap        ] GC(32740) ParOldGen: 570444K(570880K)->570500K(570880K)
[14137.856s][info][gc,metaspace   ] GC(32740) Metaspace: 62251K(62528K)->62251K(62528K) NonClass: 53218K(53440K)->53218K(53440K) Class: 9032K(9088K)->9032K(9088K)
[14137.856s][info][gc             ] GC(32740) Pause Young (Allocation Failure) 639M->557M(640M) 3.073ms
[14137.856s][info][gc,cpu         ] GC(32740) User=0.00s Sys=0.00s Real=0.00s
[14138.316s][info][gc,start       ] GC(32741) Pause Young (Allocation Failure)
[14138.320s][info][gc,heap        ] GC(32741) PSYoungGen: 83776K(84992K)->1632K(84992K) Eden: 82944K(82944K)->0K(82944K) From: 832K(2048K)->1632K(2048K)
[14138.320s][info][gc,heap        ] GC(32741) ParOldGen: 570500K(570880K)->570756K(570880K)
[14138.320s][info][gc,metaspace   ] GC(32741) Metaspace: 62251K(62528K)->62251K(62528K) NonClass: 53218K(53440K)->53218K(53440K) Class: 9032K(9088K)->9032K(9088K)
[14138.320s][info][gc             ] GC(32741) Pause Young (Allocation Failure) 638M->558M(640M) 3.883ms
[14138.320s][info][gc,cpu         ] GC(32741) User=0.01s Sys=0.00s Real=0.01s
[14138.773s][info][gc,start       ] GC(32742) Pause Young (Allocation Failure)
[14138.776s][info][gc,heap        ] GC(32742) PSYoungGen: 84576K(84992K)->1056K(84992K) Eden: 82944K(82944K)->0K(82944K) From: 1632K(2048K)->1056K(2048K)
[14138.776s][info][gc,heap        ] GC(32742) ParOldGen: 570756K(570880K)->570796K(570880K)
[14138.776s][info][gc,metaspace   ] GC(32742) Metaspace: 62251K(62528K)->62251K(62528K) NonClass: 53218K(53440K)->53218K(53440K) Class: 9032K(9088K)->9032K(9088K)
[14138.776s][info][gc             ] GC(32742) Pause Young (Allocation Failure) 639M->558M(640M) 3.185ms
[14138.776s][info][gc,cpu         ] GC(32742) User=0.00s Sys=0.00s Real=0.00s
[14139.173s][info][gc,start       ] GC(32743) Pause Young (Allocation Failure)
[14139.176s][info][gc,heap        ] GC(32743) PSYoungGen: 84000K(84992K)->1120K(84992K) Eden: 82944K(82944K)->0K(82944K) From: 1056K(2048K)->1120K(2048K)
[14139.176s][info][gc,heap        ] GC(32743) ParOldGen: 570796K(570880K)->570836K(570880K)
[14139.176s][info][gc,metaspace   ] GC(32743) Metaspace: 62251K(62528K)->62251K(62528K) NonClass: 53218K(53440K)->53218K(53440K) Class: 9032K(9088K)->9032K(9088K)
[14139.176s][info][gc             ] GC(32743) Pause Young (Allocation Failure) 639M->558M(640M) 3.343ms
[14139.176s][info][gc,cpu         ] GC(32743) User=0.00s Sys=0.00s Real=0.01s
[14139.590s][info][gc,start       ] GC(32744) Pause Young (Allocation Failure)
[14139.594s][info][gc,heap        ] GC(32744) PSYoungGen: 84064K(84992K)->1408K(84992K) Eden: 82944K(82944K)->0K(82944K) From: 1120K(2048K)->1408K(2048K)
[14139.594s][info][gc,heap        ] GC(32744) ParOldGen: 570836K(570880K)->570876K(570880K)
[14139.594s][info][gc,metaspace   ] GC(32744) Metaspace: 62251K(62528K)->62251K(62528K) NonClass: 53218K(53440K)->53218K(53440K) Class: 9032K(9088K)->9032K(9088K)
[14139.594s][info][gc             ] GC(32744) Pause Young (Allocation Failure) 639M->558M(640M) 3.386ms
[14139.594s][info][gc,cpu         ] GC(32744) User=0.01s Sys=0.00s Real=0.00s
[14140.024s][info][gc,start       ] GC(32745) Pause Young (Allocation Failure)
[14140.026s][info][gc,heap        ] GC(32745) PSYoungGen: 84352K(84992K)->288K(84992K) Eden: 82944K(82944K)->0K(82944K) From: 1408K(2048K)->288K(2048K)
[14140.026s][info][gc,heap        ] GC(32745) ParOldGen: 570876K(570880K)->570924K(571392K)
[14140.026s][info][gc,metaspace   ] GC(32745) Metaspace: 62251K(62528K)->62251K(62528K) NonClass: 53218K(53440K)->53218K(53440K) Class: 9032K(9088K)->9032K(9088K)
[14140.026s][info][gc             ] GC(32745) Pause Young (Allocation Failure) 639M->557M(641M) 2.450ms
[14140.026s][info][gc,cpu         ] GC(32745) User=0.01s Sys=0.00s Real=0.01s
[14140.472s][info][gc,start       ] GC(32746) Pause Young (Allocation Failure)
[14140.475s][info][gc,heap        ] GC(32746) PSYoungGen: 83232K(84992K)->496K(84992K) Eden: 82944K(82944K)->0K(82944K) From: 288K(2048K)->496K(2048K)
[14140.475s][info][gc,heap        ] GC(32746) ParOldGen: 570924K(571392K)->570972K(571392K)
[14140.475s][info][gc,metaspace   ] GC(32746) Metaspace: 62251K(62528K)->62251K(62528K) NonClass: 53218K(53440K)->53218K(53440K) Class: 9032K(9088K)->9032K(9088K)
[14140.475s][info][gc             ] GC(32746) Pause Young (Allocation Failure) 638M->558M(641M) 2.768ms
[14140.475s][info][gc,cpu         ] GC(32746) User=0.00s Sys=0.00s Real=0.00s
[14140.915s][info][gc,start       ] GC(32747) Pause Young (Allocation Failure)
[14140.919s][info][gc,heap        ] GC(32747) PSYoungGen: 83440K(84992K)->1568K(84992K) Eden: 82944K(82944K)->0K(82944K) From: 496K(2048K)->1568K(2048K)
[14140.919s][info][gc,heap        ] GC(32747) ParOldGen: 570972K(571392K)->573124K(574464K)
[14140.919s][info][gc,metaspace   ] GC(32747) Metaspace: 62251K(62528K)->62251K(62528K) NonClass: 53218K(53440K)->53218K(53440K) Class: 9032K(9088K)->9032K(9088K)
[14140.919s][info][gc             ] GC(32747) Pause Young (Allocation Failure) 639M->561M(644M) 4.852ms
[14140.919s][info][gc,cpu         ] GC(32747) User=0.01s Sys=0.00s Real=0.01s
[14141.412s][info][gc,start       ] GC(32748) Pause Young (Allocation Failure)
[14141.416s][info][gc,heap        ] GC(32748) PSYoungGen: 84512K(84992K)->1472K(84480K) Eden: 82944K(82944K)->0K(82944K) From: 1568K(2048K)->1472K(1536K)
[14141.416s][info][gc,heap        ] GC(32748) ParOldGen: 573124K(574464K)->573164K(574464K)
[14141.416s][info][gc,metaspace   ] GC(32748) Metaspace: 62251K(62528K)->62251K(62528K) NonClass: 53218K(53440K)->53218K(53440K) Class: 9032K(9088K)->9032K(9088K)
[14141.416s][info][gc             ] GC(32748) Pause Young (Allocation Failure) 642M->561M(643M) 3.773ms
[14141.416s][info][gc,cpu         ] GC(32748) User=0.01s Sys=0.00s Real=0.00s
[14141.884s][info][gc,start       ] GC(32749) Pause Young (Allocation Failure)
[14141.887s][info][gc,heap        ] GC(32749) PSYoungGen: 84416K(84480K)->1184K(84992K) Eden: 82944K(82944K)->0K(82432K) From: 1472K(1536K)->1184K(2560K)
[14141.887s][info][gc,heap        ] GC(32749) ParOldGen: 573164K(574464K)->573212K(574464K)
[14141.887s][info][gc,metaspace   ] GC(32749) Metaspace: 62251K(62528K)->62251K(62528K) NonClass: 53218K(53440K)->53218K(53440K) Class: 9032K(9088K)->9032K(9088K)
[14141.887s][info][gc             ] GC(32749) Pause Young (Allocation Failure) 642M->560M(644M) 3.322ms
[14141.887s][info][gc,cpu         ] GC(32749) User=0.01s Sys=0.00s Real=0.01s
[14142.297s][info][gc,start       ] GC(32750) Pause Young (Allocation Failure)
[14142.301s][info][gc,heap        ] GC(32750) PSYoungGen: 83616K(84992K)->1440K(84480K) Eden: 82432K(82432K)->0K(82432K) From: 1184K(2560K)->1440K(2048K)
[14142.301s][info][gc,heap        ] GC(32750) ParOldGen: 573212K(574464K)->573268K(574464K)
[14142.301s][info][gc,metaspace   ] GC(32750) Metaspace: 62251K(62528K)->62251K(62528K) NonClass: 53218K(53440K)->53218K(53440K) Class: 9032K(9088K)->9032K(9088K)
[14142.301s][info][gc             ] GC(32750) Pause Young (Allocation Failure) 641M->561M(643M) 3.532ms
[14142.301s][info][gc,cpu         ] GC(32750) User=0.01s Sys=0.00s Real=0.00s
[14142.747s][info][gc,start       ] GC(32751) Pause Young (Allocation Failure)
[14142.750s][info][gc,heap        ] GC(32751) PSYoungGen: 83872K(84480K)->640K(84480K) Eden: 82432K(82432K)->0K(81920K) From: 1440K(2048K)->640K(2560K)
[14142.750s][info][gc,heap        ] GC(32751) ParOldGen: 573268K(574464K)->573316K(574464K)
[14142.750s][info][gc,metaspace   ] GC(32751) Metaspace: 62251K(62528K)->62251K(62528K) NonClass: 53218K(53440K)->53218K(53440K) Class: 9032K(9088K)->9032K(9088K)
[14142.750s][info][gc             ] GC(32751) Pause Young (Allocation Failure) 641M->560M(643M) 2.778ms
[14142.750s][info][gc,cpu         ] GC(32751) User=0.00s Sys=0.00s Real=0.00s
[14143.182s][info][gc,start       ] GC(32752) Pause Young (Allocation Failure)
[14143.185s][info][gc,heap        ] GC(32752) PSYoungGen: 82560K(84480K)->1152K(84480K) Eden: 81920K(81920K)->0K(81920K) From: 640K(2560K)->1152K(2560K)
[14143.185s][info][gc,heap        ] GC(32752) ParOldGen: 573316K(574464K)->573372K(574464K)
[14143.185s][info][gc,metaspace   ] GC(32752) Metaspace: 62251K(62528K)->62251K(62528K) NonClass: 53218K(53440K)->53218K(53440K) Class: 9032K(9088K)->9032K(9088K)
[14143.185s][info][gc             ] GC(32752) Pause Young (Allocation Failure) 640M->561M(643M) 3.233ms
[14143.185s][info][gc,cpu         ] GC(32752) User=0.01s Sys=0.00s Real=0.00s
[14143.648s][info][gc,start       ] GC(32753) Pause Young (Allocation Failure)
[14143.651s][info][gc,heap        ] GC(32753) PSYoungGen: 83072K(84480K)->640K(84992K) Eden: 81920K(81920K)->0K(82944K) From: 1152K(2560K)->640K(2048K)
[14143.651s][info][gc,heap        ] GC(32753) ParOldGen: 573372K(574464K)->573420K(574464K)
[14143.651s][info][gc,metaspace   ] GC(32753) Metaspace: 62251K(62528K)->62251K(62528K) NonClass: 53218K(53440K)->53218K(53440K) Class: 9032K(9088K)->9032K(9088K)
[14143.651s][info][gc             ] GC(32753) Pause Young (Allocation Failure) 641M->560M(644M) 2.810ms
[14143.651s][info][gc,cpu         ] GC(32753) User=0.01s Sys=0.00s Real=0.00s
[14144.088s][info][gc,start       ] GC(32754) Pause Young (Allocation Failure)
[14144.091s][info][gc,heap        ] GC(32754) PSYoungGen: 83584K(84992K)->1280K(84992K) Eden: 82944K(82944K)->0K(82944K) From: 640K(2048K)->1280K(2048K)
[14144.091s][info][gc,heap        ] GC(32754) ParOldGen: 573420K(574464K)->573468K(574464K)
[14144.091s][info][gc,metaspace   ] GC(32754) Metaspace: 62251K(62528K)->62251K(62528K) NonClass: 53218K(53440K)->53218K(53440K) Class: 9032K(9088K)->9032K(9088K)
[14144.091s][info][gc             ] GC(32754) Pause Young (Allocation Failure) 641M->561M(644M) 3.314ms
[14144.091s][info][gc,cpu         ] GC(32754) User=0.01s Sys=0.00s Real=0.00s
[14144.552s][info][gc,start       ] GC(32755) Pause Young (Allocation Failure)
[14144.555s][info][gc,heap        ] GC(32755) PSYoungGen: 84224K(84992K)->672K(84992K) Eden: 82944K(82944K)->0K(82944K) From: 1280K(2048K)->672K(2048K)
[14144.555s][info][gc,heap        ] GC(32755) ParOldGen: 573468K(574464K)->573516K(574464K)
[14144.555s][info][gc,metaspace   ] GC(32755) Metaspace: 62251K(62528K)->62251K(62528K) NonClass: 53218K(53440K)->53218K(53440K) Class: 9032K(9088K)->9032K(9088K)
[14144.555s][info][gc             ] GC(32755) Pause Young (Allocation Failure) 642M->560M(644M) 3.004ms
[14144.555s][info][gc,cpu         ] GC(32755) User=0.01s Sys=0.00s Real=0.00s
[14144.982s][info][gc,start       ] GC(32756) Pause Young (Allocation Failure)
[14144.985s][info][gc,heap        ] GC(32756) PSYoungGen: 83616K(84992K)->1152K(84992K) Eden: 82944K(82944K)->0K(82944K) From: 672K(2048K)->1152K(2048K)
[14144.985s][info][gc,heap        ] GC(32756) ParOldGen: 573516K(574464K)->573572K(574464K)
[14144.985s][info][gc,metaspace   ] GC(32756) Metaspace: 62251K(62528K)->62251K(62528K) NonClass: 53218K(53440K)->53218K(53440K) Class: 9032K(9088K)->9032K(9088K)
[14144.985s][info][gc             ] GC(32756) Pause Young (Allocation Failure) 641M->561M(644M) 3.433ms
[14144.985s][info][gc,cpu         ] GC(32756) User=0.00s Sys=0.00s Real=0.00s
[14145.445s][info][gc,start       ] GC(32757) Pause Young (Allocation Failure)
[14145.448s][info][gc,heap        ] GC(32757) PSYoungGen: 84096K(84992K)->576K(84992K) Eden: 82944K(82944K)->0K(82944K) From: 1152K(2048K)->576K(2048K)
[14145.448s][info][gc,heap        ] GC(32757) ParOldGen: 573572K(574464K)->573628K(574464K)
[14145.448s][info][gc,metaspace   ] GC(32757) Metaspace: 62251K(62528K)->62251K(62528K) NonClass: 53218K(53440K)->53218K(53440K) Class: 9032K(9088K)->9032K(9088K)
[14145.448s][info][gc             ] GC(32757) Pause Young (Allocation Failure) 642M->560M(644M) 2.809ms
[14145.448s][info][gc,cpu         ] GC(32757) User=0.00s Sys=0.00s Real=0.01s
[14145.975s][info][gc,start       ] GC(32758) Pause Young (Allocation Failure)
[14145.979s][info][gc,heap        ] GC(32758) PSYoungGen: 83520K(84992K)->1920K(84992K) Eden: 82944K(82944K)->0K(82944K) From: 576K(2048K)->1920K(2048K)
[14145.979s][info][gc,heap        ] GC(32758) ParOldGen: 573628K(574464K)->574700K(576000K)
[14145.979s][info][gc,metaspace   ] GC(32758) Metaspace: 62251K(62528K)->62251K(62528K) NonClass: 53218K(53440K)->53218K(53440K) Class: 9032K(9088K)->9032K(9088K)
[14145.979s][info][gc             ] GC(32758) Pause Young (Allocation Failure) 641M->563M(645M) 3.854ms
[14145.979s][info][gc,cpu         ] GC(32758) User=0.00s Sys=0.00s Real=0.01s
[14146.499s][info][gc,start       ] GC(32759) Pause Young (Allocation Failure)
[14146.504s][info][gc,heap        ] GC(32759) PSYoungGen: 84864K(84992K)->1280K(83968K) Eden: 82944K(82944K)->0K(81920K) From: 1920K(2048K)->1280K(2048K)
[14146.504s][info][gc,heap        ] GC(32759) ParOldGen: 574700K(576000K)->576796K(577536K)
[14146.504s][info][gc,metaspace   ] GC(32759) Metaspace: 62251K(62528K)->62251K(62528K) NonClass: 53218K(53440K)->53218K(53440K) Class: 9032K(9088K)->9032K(9088K)
[14146.504s][info][gc             ] GC(32759) Pause Young (Allocation Failure) 644M->564M(646M) 4.511ms
[14146.504s][info][gc,cpu         ] GC(32759) User=0.01s Sys=0.00s Real=0.00s
[14147.038s][info][gc,start       ] GC(32760) Pause Young (Allocation Failure)
[14147.041s][info][gc,heap        ] GC(32760) PSYoungGen: 83200K(83968K)->384K(84480K) Eden: 81920K(81920K)->0K(81920K) From: 1280K(2048K)->384K(2560K)
[14147.041s][info][gc,heap        ] GC(32760) ParOldGen: 576796K(577536K)->576852K(577536K)
[14147.041s][info][gc,metaspace   ] GC(32760) Metaspace: 62251K(62528K)->62251K(62528K) NonClass: 53218K(53440K)->53218K(53440K) Class: 9032K(9088K)->9032K(9088K)
[14147.041s][info][gc             ] GC(32760) Pause Young (Allocation Failure) 644M->563M(646M) 2.916ms
[14147.041s][info][gc,cpu         ] GC(32760) User=0.00s Sys=0.00s Real=0.00s
[14147.537s][info][gc,start       ] GC(32761) Pause Young (Allocation Failure)
[14147.539s][info][gc,heap        ] GC(32761) PSYoungGen: 82304K(84480K)->416K(84480K) Eden: 81920K(81920K)->0K(81920K) From: 384K(2560K)->416K(2560K)
[14147.539s][info][gc,heap        ] GC(32761) ParOldGen: 576852K(577536K)->576900K(577536K)
[14147.539s][info][gc,metaspace   ] GC(32761) Metaspace: 62251K(62528K)->62251K(62528K) NonClass: 53218K(53440K)->53218K(53440K) Class: 9032K(9088K)->9032K(9088K)
[14147.539s][info][gc             ] GC(32761) Pause Young (Allocation Failure) 643M->563M(646M) 2.732ms
[14147.539s][info][gc,cpu         ] GC(32761) User=0.01s Sys=0.00s Real=0.00s
[14147.977s][info][gc,start       ] GC(32762) Pause Young (Allocation Failure)
[14147.981s][info][gc,heap        ] GC(32762) PSYoungGen: 82336K(84480K)->1088K(84480K) Eden: 81920K(81920K)->0K(81920K) From: 416K(2560K)->1088K(2560K)
[14147.981s][info][gc,heap        ] GC(32762) ParOldGen: 576900K(577536K)->576948K(577536K)
[14147.981s][info][gc,metaspace   ] GC(32762) Metaspace: 62251K(62528K)->62251K(62528K) NonClass: 53218K(53440K)->53218K(53440K) Class: 9032K(9088K)->9032K(9088K)
[14147.981s][info][gc             ] GC(32762) Pause Young (Allocation Failure) 643M->564M(646M) 3.332ms
[14147.981s][info][gc,cpu         ] GC(32762) User=0.01s Sys=0.00s Real=0.00s
[14148.481s][info][gc,start       ] GC(32763) Pause Young (Allocation Failure)
[14148.484s][info][gc,heap        ] GC(32763) PSYoungGen: 83008K(84480K)->1040K(84992K) Eden: 81920K(81920K)->0K(82432K) From: 1088K(2560K)->1040K(2560K)
[14148.484s][info][gc,heap        ] GC(32763) ParOldGen: 576948K(577536K)->576996K(577536K)
[14148.484s][info][gc,metaspace   ] GC(32763) Metaspace: 62251K(62528K)->62251K(62528K) NonClass: 53218K(53440K)->53218K(53440K) Class: 9032K(9088K)->9032K(9088K)
[14148.484s][info][gc             ] GC(32763) Pause Young (Allocation Failure) 644M->564M(647M) 3.169ms
[14148.484s][info][gc,cpu         ] GC(32763) User=0.01s Sys=0.00s Real=0.00s
[14148.970s][info][gc,start       ] GC(32764) Pause Young (Allocation Failure)
[14148.973s][info][gc,heap        ] GC(32764) PSYoungGen: 83472K(84992K)->896K(84480K) Eden: 82432K(82432K)->0K(82432K) From: 1040K(2560K)->896K(2048K)
[14148.973s][info][gc,heap        ] GC(32764) ParOldGen: 576996K(577536K)->577092K(577536K)
[14148.973s][info][gc,metaspace   ] GC(32764) Metaspace: 62251K(62528K)->62251K(62528K) NonClass: 53218K(53440K)->53218K(53440K) Class: 9032K(9088K)->9032K(9088K)
[14148.973s][info][gc             ] GC(32764) Pause Young (Allocation Failure) 644M->564M(646M) 3.233ms
[14148.973s][info][gc,cpu         ] GC(32764) User=0.01s Sys=0.00s Real=0.00s
[14149.453s][info][gc,start       ] GC(32765) Pause Young (Allocation Failure)
[14149.456s][info][gc,heap        ] GC(32765) PSYoungGen: 83328K(84480K)->704K(84992K) Eden: 82432K(82432K)->0K(82944K) From: 896K(2048K)->704K(2048K)
[14149.456s][info][gc,heap        ] GC(32765) ParOldGen: 577092K(577536K)->577140K(577536K)
[14149.456s][info][gc,metaspace   ] GC(32765) Metaspace: 62251K(62528K)->62251K(62528K) NonClass: 53218K(53440K)->53218K(53440K) Class: 9032K(9088K)->9032K(9088K)
[14149.456s][info][gc             ] GC(32765) Pause Young (Allocation Failure) 644M->564M(647M) 2.974ms
[14149.456s][info][gc,cpu         ] GC(32765) User=0.01s Sys=0.00s Real=0.00s
[14149.880s][info][gc,start       ] GC(32766) Pause Young (Allocation Failure)
[14149.883s][info][gc,heap        ] GC(32766) PSYoungGen: 83648K(84992K)->1152K(84992K) Eden: 82944K(82944K)->0K(82944K) From: 704K(2048K)->1152K(2048K)
[14149.883s][info][gc,heap        ] GC(32766) ParOldGen: 577140K(577536K)->577188K(577536K)
[14149.883s][info][gc,metaspace   ] GC(32766) Metaspace: 62251K(62528K)->62251K(62528K) NonClass: 53218K(53440K)->53218K(53440K) Class: 9032K(9088K)->9032K(9088K)
[14149.883s][info][gc             ] GC(32766) Pause Young (Allocation Failure) 645M->564M(647M) 3.272ms
[14149.883s][info][gc,cpu         ] GC(32766) User=0.00s Sys=0.00s Real=0.00s
[14150.321s][info][gc,start       ] GC(32767) Pause Young (Allocation Failure)
[14150.323s][info][gc,heap        ] GC(32767) PSYoungGen: 84096K(84992K)->224K(84992K) Eden: 82944K(82944K)->0K(82944K) From: 1152K(2048K)->224K(2048K)
[14150.323s][info][gc,heap        ] GC(32767) ParOldGen: 577188K(577536K)->577236K(577536K)
[14150.323s][info][gc,metaspace   ] GC(32767) Metaspace: 62251K(62528K)->62251K(62528K) NonClass: 53218K(53440K)->53218K(53440K) Class: 9032K(9088K)->9032K(9088K)
[14150.323s][info][gc             ] GC(32767) Pause Young (Allocation Failure) 645M->563M(647M) 2.483ms
[14150.323s][info][gc,cpu         ] GC(32767) User=0.00s Sys=0.00s Real=0.00s
[14150.745s][info][gc,start       ] GC(32768) Pause Young (Allocation Failure)
[14150.748s][info][gc,heap        ] GC(32768) PSYoungGen: 83168K(84992K)->1600K(84992K) Eden: 82944K(82944K)->0K(82944K) From: 224K(2048K)->1600K(2048K)
[14150.748s][info][gc,heap        ] GC(32768) ParOldGen: 577236K(577536K)->578308K(579072K)
[14150.748s][info][gc,metaspace   ] GC(32768) Metaspace: 62251K(62528K)->62251K(62528K) NonClass: 53218K(53440K)->53218K(53440K) Class: 9032K(9088K)->9032K(9088K)
[14150.748s][info][gc             ] GC(32768) Pause Young (Allocation Failure) 644M->566M(648M) 3.455ms
[14150.748s][info][gc,cpu         ] GC(32768) User=0.01s Sys=0.00s Real=0.01s
[14151.185s][info][gc,start       ] GC(32769) Pause Young (Allocation Failure)
[14151.190s][info][gc,heap        ] GC(32769) PSYoungGen: 84544K(84992K)->1280K(84992K) Eden: 82944K(82944K)->0K(82944K) From: 1600K(2048K)->1280K(2048K)
[14151.190s][info][gc,heap        ] GC(32769) ParOldGen: 578308K(579072K)->580404K(580608K)
[14151.190s][info][gc,metaspace   ] GC(32769) Metaspace: 62251K(62528K)->62251K(62528K) NonClass: 53218K(53440K)->53218K(53440K) Class: 9032K(9088K)->9032K(9088K)
[14151.190s][info][gc             ] GC(32769) Pause Young (Allocation Failure) 647M->568M(650M) 4.563ms
[14151.190s][info][gc,cpu         ] GC(32769) User=0.01s Sys=0.00s Real=0.01s
[14151.660s][info][gc,start       ] GC(32770) Pause Young (Allocation Failure)
[14151.663s][info][gc,heap        ] GC(32770) PSYoungGen: 84224K(84992K)->832K(84992K) Eden: 82944K(82944K)->0K(82944K) From: 1280K(2048K)->832K(2048K)
[14151.663s][info][gc,heap        ] GC(32770) ParOldGen: 580404K(580608K)->580452K(580608K)
[14151.663s][info][gc,metaspace   ] GC(32770) Metaspace: 62251K(62528K)->62251K(62528K) NonClass: 53218K(53440K)->53218K(53440K) Class: 9032K(9088K)->9032K(9088K)
[14151.663s][info][gc             ] GC(32770) Pause Young (Allocation Failure) 649M->567M(650M) 3.101ms
[14151.663s][info][gc,cpu         ] GC(32770) User=0.00s Sys=0.00s Real=0.00s
[14152.136s][info][gc,start       ] GC(32771) Pause Young (Allocation Failure)
[14152.138s][info][gc,heap        ] GC(32771) PSYoungGen: 83776K(84992K)->448K(84992K) Eden: 82944K(82944K)->0K(82944K) From: 832K(2048K)->448K(2048K)
[14152.138s][info][gc,heap        ] GC(32771) ParOldGen: 580452K(580608K)->580500K(580608K)
[14152.138s][info][gc,metaspace   ] GC(32771) Metaspace: 62251K(62528K)->62251K(62528K) NonClass: 53218K(53440K)->53218K(53440K) Class: 9032K(9088K)->9032K(9088K)
[14152.138s][info][gc             ] GC(32771) Pause Young (Allocation Failure) 648M->567M(650M) 2.749ms
[14152.138s][info][gc,cpu         ] GC(32771) User=0.00s Sys=0.00s Real=0.01s
[14152.591s][info][gc,start       ] GC(32772) Pause Young (Allocation Failure)
[14152.594s][info][gc,heap        ] GC(32772) PSYoungGen: 83392K(84992K)->1152K(84992K) Eden: 82944K(82944K)->0K(82944K) From: 448K(2048K)->1152K(2048K)
[14152.594s][info][gc,heap        ] GC(32772) ParOldGen: 580500K(580608K)->580548K(580608K)
[14152.594s][info][gc,metaspace   ] GC(32772) Metaspace: 62251K(62528K)->62251K(62528K) NonClass: 53218K(53440K)->53218K(53440K) Class: 9032K(9088K)->9032K(9088K)
[14152.594s][info][gc             ] GC(32772) Pause Young (Allocation Failure) 648M->568M(650M) 3.345ms
[14152.594s][info][gc,cpu         ] GC(32772) User=0.01s Sys=0.00s Real=0.00s
[14153.058s][info][gc,start       ] GC(32773) Pause Young (Allocation Failure)
[14153.061s][info][gc,heap        ] GC(32773) PSYoungGen: 84096K(84992K)->768K(84992K) Eden: 82944K(82944K)->0K(82944K) From: 1152K(2048K)->768K(2048K)
[14153.061s][info][gc,heap        ] GC(32773) ParOldGen: 580548K(580608K)->580596K(580608K)
[14153.061s][info][gc,metaspace   ] GC(32773) Metaspace: 62251K(62528K)->62251K(62528K) NonClass: 53218K(53440K)->53218K(53440K) Class: 9032K(9088K)->9032K(9088K)
[14153.061s][info][gc             ] GC(32773) Pause Young (Allocation Failure) 649M->567M(650M) 2.854ms
[14153.061s][info][gc,cpu         ] GC(32773) User=0.01s Sys=0.00s Real=0.00s
[14153.517s][info][gc,start       ] GC(32774) Pause Young (Allocation Failure)
[14153.520s][info][gc,heap        ] GC(32774) PSYoungGen: 83712K(84992K)->1568K(84992K) Eden: 82944K(82944K)->0K(82944K) From: 768K(2048K)->1568K(2048K)
[14153.520s][info][gc,heap        ] GC(32774) ParOldGen: 580596K(580608K)->580652K(581120K)
[14153.520s][info][gc,metaspace   ] GC(32774) Metaspace: 62251K(62528K)->62251K(62528K) NonClass: 53218K(53440K)->53218K(53440K) Class: 9032K(9088K)->9032K(9088K)
[14153.521s][info][gc             ] GC(32774) Pause Young (Allocation Failure) 648M->568M(650M) 3.562ms
[14153.521s][info][gc,cpu         ] GC(32774) User=0.01s Sys=0.00s Real=0.00s
[14153.986s][info][gc,start       ] GC(32775) Pause Young (Allocation Failure)
[14153.989s][info][gc,heap        ] GC(32775) PSYoungGen: 84512K(84992K)->1184K(84992K) Eden: 82944K(82944K)->0K(82944K) From: 1568K(2048K)->1184K(2048K)
[14153.989s][info][gc,heap        ] GC(32775) ParOldGen: 580652K(581120K)->580692K(581120K)
[14153.989s][info][gc,metaspace   ] GC(32775) Metaspace: 62251K(62528K)->62251K(62528K) NonClass: 53218K(53440K)->53218K(53440K) Class: 9032K(9088K)->9032K(9088K)
[14153.989s][info][gc             ] GC(32775) Pause Young (Allocation Failure) 649M->568M(650M) 3.286ms
[14153.989s][info][gc,cpu         ] GC(32775) User=0.00s Sys=0.00s Real=0.01s
[14154.392s][info][gc,start       ] GC(32776) Pause Young (Allocation Failure)
[14154.395s][info][gc,heap        ] GC(32776) PSYoungGen: 84128K(84992K)->1504K(84480K) Eden: 82944K(82944K)->0K(82944K) From: 1184K(2048K)->1504K(1536K)
[14154.395s][info][gc,heap        ] GC(32776) ParOldGen: 580692K(581120K)->580740K(581120K)
[14154.395s][info][gc,metaspace   ] GC(32776) Metaspace: 62251K(62528K)->62251K(62528K) NonClass: 53218K(53440K)->53218K(53440K) Class: 9032K(9088K)->9032K(9088K)
[14154.396s][info][gc             ] GC(32776) Pause Young (Allocation Failure) 649M->568M(650M) 3.470ms
[14154.396s][info][gc,cpu         ] GC(32776) User=0.01s Sys=0.00s Real=0.00s
[14154.808s][info][gc,start       ] GC(32777) Pause Young (Allocation Failure)
[14154.812s][info][gc,heap        ] GC(32777) PSYoungGen: 84448K(84480K)->1600K(84480K) Eden: 82944K(82944K)->0K(81920K) From: 1504K(1536K)->1600K(2560K)
[14154.812s][info][gc,heap        ] GC(32777) ParOldGen: 580740K(581120K)->580788K(581120K)
[14154.812s][info][gc,metaspace   ] GC(32777) Metaspace: 62251K(62528K)->62251K(62528K) NonClass: 53218K(53440K)->53218K(53440K) Class: 9032K(9088K)->9032K(9088K)
[14154.812s][info][gc             ] GC(32777) Pause Young (Allocation Failure) 649M->568M(650M) 3.602ms
[14154.812s][info][gc,cpu         ] GC(32777) User=0.00s Sys=0.00s Real=0.00s
[14155.226s][info][gc,start       ] GC(32778) Pause Young (Allocation Failure)
[14155.229s][info][gc,heap        ] GC(32778) PSYoungGen: 83520K(84480K)->2368K(84480K) Eden: 81920K(81920K)->0K(81920K) From: 1600K(2560K)->2368K(2560K)
[14155.229s][info][gc,heap        ] GC(32778) ParOldGen: 580788K(581120K)->580844K(581120K)
[14155.229s][info][gc,metaspace   ] GC(32778) Metaspace: 62251K(62528K)->62251K(62528K) NonClass: 53218K(53440K)->53218K(53440K) Class: 9032K(9088K)->9032K(9088K)
[14155.229s][info][gc             ] GC(32778) Pause Young (Allocation Failure) 648M->569M(650M) 2.842ms
[14155.229s][info][gc,cpu         ] GC(32778) User=0.00s Sys=0.00s Real=0.01s
[14155.722s][info][gc,start       ] GC(32779) Pause Young (Allocation Failure)
[14155.726s][info][gc,heap        ] GC(32779) PSYoungGen: 84288K(84480K)->304K(84480K) Eden: 81920K(81920K)->0K(81920K) From: 2368K(2560K)->304K(2560K)
[14155.726s][info][gc,heap        ] GC(32779) ParOldGen: 580844K(581120K)->582940K(584192K)
[14155.726s][info][gc,metaspace   ] GC(32779) Metaspace: 62251K(62528K)->62251K(62528K) NonClass: 53218K(53440K)->53218K(53440K) Class: 9032K(9088K)->9032K(9088K)
[14155.726s][info][gc             ] GC(32779) Pause Young (Allocation Failure) 649M->569M(653M) 3.752ms
[14155.726s][info][gc,cpu         ] GC(32779) User=0.00s Sys=0.00s Real=0.00s
[14156.151s][info][gc,start       ] GC(32780) Pause Young (Allocation Failure)
[14156.154s][info][gc,heap        ] GC(32780) PSYoungGen: 82224K(84480K)->672K(84480K) Eden: 81920K(81920K)->0K(81920K) From: 304K(2560K)->672K(2560K)
[14156.154s][info][gc,heap        ] GC(32780) ParOldGen: 582940K(584192K)->583036K(584192K)
[14156.154s][info][gc,metaspace   ] GC(32780) Metaspace: 62251K(62528K)->62251K(62528K) NonClass: 53218K(53440K)->53218K(53440K) Class: 9032K(9088K)->9032K(9088K)
[14156.154s][info][gc             ] GC(32780) Pause Young (Allocation Failure) 649M->570M(653M) 3.031ms
[14156.154s][info][gc,cpu         ] GC(32780) User=0.01s Sys=0.00s Real=0.00s
[14156.587s][info][gc,start       ] GC(32781) Pause Young (Allocation Failure)
[14156.591s][info][gc,heap        ] GC(32781) PSYoungGen: 82592K(84480K)->1216K(84480K) Eden: 81920K(81920K)->0K(81920K) From: 672K(2560K)->1216K(2560K)
[14156.591s][info][gc,heap        ] GC(32781) ParOldGen: 583036K(584192K)->583084K(584192K)
[14156.591s][info][gc,metaspace   ] GC(32781) Metaspace: 62251K(62528K)->62251K(62528K) NonClass: 53218K(53440K)->53218K(53440K) Class: 9032K(9088K)->9032K(9088K)
[14156.591s][info][gc             ] GC(32781) Pause Young (Allocation Failure) 650M->570M(653M) 3.411ms
[14156.591s][info][gc,cpu         ] GC(32781) User=0.01s Sys=0.00s Real=0.00s
[14157.013s][info][gc,start       ] GC(32782) Pause Young (Allocation Failure)
[14157.017s][info][gc,heap        ] GC(32782) PSYoungGen: 83136K(84480K)->1632K(84480K) Eden: 81920K(81920K)->0K(81920K) From: 1216K(2560K)->1632K(2560K)
[14157.017s][info][gc,heap        ] GC(32782) ParOldGen: 583084K(584192K)->583132K(584192K)
[14157.017s][info][gc,metaspace   ] GC(32782) Metaspace: 62251K(62528K)->62251K(62528K) NonClass: 53218K(53440K)->53218K(53440K) Class: 9032K(9088K)->9032K(9088K)
[14157.017s][info][gc             ] GC(32782) Pause Young (Allocation Failure) 650M->571M(653M) 3.884ms
[14157.017s][info][gc,cpu         ] GC(32782) User=0.01s Sys=0.00s Real=0.01s
[14157.459s][info][gc,start       ] GC(32783) Pause Young (Allocation Failure)
[14157.462s][info][gc,heap        ] GC(32783) PSYoungGen: 83552K(84480K)->832K(84480K) Eden: 81920K(81920K)->0K(81920K) From: 1632K(2560K)->832K(2560K)
[14157.462s][info][gc,heap        ] GC(32783) ParOldGen: 583132K(584192K)->583188K(584192K)
[14157.462s][info][gc,metaspace   ] GC(32783) Metaspace: 62251K(62528K)->62251K(62528K) NonClass: 53218K(53440K)->53218K(53440K) Class: 9032K(9088K)->9032K(9088K)
[14157.462s][info][gc             ] GC(32783) Pause Young (Allocation Failure) 651M->570M(653M) 2.994ms
[14157.462s][info][gc,cpu         ] GC(32783) User=0.00s Sys=0.00s Real=0.00s
[14157.870s][info][gc,start       ] GC(32784) Pause Young (Allocation Failure)
[14157.873s][info][gc,heap        ] GC(32784) PSYoungGen: 82752K(84480K)->992K(84480K) Eden: 81920K(81920K)->0K(81920K) From: 832K(2560K)->992K(2560K)
[14157.873s][info][gc,heap        ] GC(32784) ParOldGen: 583188K(584192K)->583236K(584192K)
[14157.873s][info][gc,metaspace   ] GC(32784) Metaspace: 62251K(62528K)->62251K(62528K) NonClass: 53218K(53440K)->53218K(53440K) Class: 9032K(9088K)->9032K(9088K)
[14157.873s][info][gc             ] GC(32784) Pause Young (Allocation Failure) 650M->570M(653M) 3.099ms
[14157.873s][info][gc,cpu         ] GC(32784) User=0.01s Sys=0.00s Real=0.00s
[14158.286s][info][gc,start       ] GC(32785) Pause Young (Allocation Failure)
[14158.290s][info][gc,heap        ] GC(32785) PSYoungGen: 82912K(84480K)->1248K(84480K) Eden: 81920K(81920K)->0K(81920K) From: 992K(2560K)->1248K(2560K)
[14158.290s][info][gc,heap        ] GC(32785) ParOldGen: 583236K(584192K)->583284K(584192K)
[14158.290s][info][gc,metaspace   ] GC(32785) Metaspace: 62251K(62528K)->62251K(62528K) NonClass: 53218K(53440K)->53218K(53440K) Class: 9032K(9088K)->9032K(9088K)
[14158.290s][info][gc             ] GC(32785) Pause Young (Allocation Failure) 650M->570M(653M) 3.341ms
[14158.290s][info][gc,cpu         ] GC(32785) User=0.01s Sys=0.00s Real=0.00s
[14158.678s][info][gc,start       ] GC(32786) Pause Young (Allocation Failure)
[14158.682s][info][gc,heap        ] GC(32786) PSYoungGen: 83168K(84480K)->1216K(84480K) Eden: 81920K(81920K)->0K(81920K) From: 1248K(2560K)->1216K(2560K)
[14158.682s][info][gc,heap        ] GC(32786) ParOldGen: 583284K(584192K)->583332K(584192K)
[14158.682s][info][gc,metaspace   ] GC(32786) Metaspace: 62251K(62528K)->62251K(62528K) NonClass: 53218K(53440K)->53218K(53440K) Class: 9032K(9088K)->9032K(9088K)
[14158.682s][info][gc             ] GC(32786) Pause Young (Allocation Failure) 650M->570M(653M) 3.387ms
[14158.682s][info][gc,cpu         ] GC(32786) User=0.01s Sys=0.00s Real=0.00s
[14159.108s][info][gc,start       ] GC(32787) Pause Young (Allocation Failure)
[14159.112s][info][gc,heap        ] GC(32787) PSYoungGen: 83136K(84480K)->1632K(84480K) Eden: 81920K(81920K)->0K(81920K) From: 1216K(2560K)->1632K(2560K)
[14159.112s][info][gc,heap        ] GC(32787) ParOldGen: 583332K(584192K)->583380K(584192K)
[14159.112s][info][gc,metaspace   ] GC(32787) Metaspace: 62251K(62528K)->62251K(62528K) NonClass: 53218K(53440K)->53218K(53440K) Class: 9032K(9088K)->9032K(9088K)
[14159.112s][info][gc             ] GC(32787) Pause Young (Allocation Failure) 650M->571M(653M) 3.789ms
[14159.112s][info][gc,cpu         ] GC(32787) User=0.01s Sys=0.00s Real=0.00s
[14159.496s][info][gc,start       ] GC(32788) Pause Young (Allocation Failure)
[14159.500s][info][gc,heap        ] GC(32788) PSYoungGen: 83552K(84480K)->1536K(84480K) Eden: 81920K(81920K)->0K(81920K) From: 1632K(2560K)->1536K(2560K)
[14159.500s][info][gc,heap        ] GC(32788) ParOldGen: 583380K(584192K)->583428K(584192K)
[14159.500s][info][gc,metaspace   ] GC(32788) Metaspace: 62251K(62528K)->62251K(62528K) NonClass: 53218K(53440K)->53218K(53440K) Class: 9032K(9088K)->9032K(9088K)
[14159.500s][info][gc             ] GC(32788) Pause Young (Allocation Failure) 651M->571M(653M) 3.635ms
[14159.500s][info][gc,cpu         ] GC(32788) User=0.01s Sys=0.00s Real=0.01s
[14159.914s][info][gc,start       ] GC(32789) Pause Young (Allocation Failure)
[14159.919s][info][gc,heap        ] GC(32789) PSYoungGen: 83456K(84480K)->1664K(84480K) Eden: 81920K(81920K)->0K(81920K) From: 1536K(2560K)->1664K(2560K)
[14159.919s][info][gc,heap        ] GC(32789) ParOldGen: 583428K(584192K)->585532K(585728K)
[14159.919s][info][gc,metaspace   ] GC(32789) Metaspace: 62251K(62528K)->62251K(62528K) NonClass: 53218K(53440K)->53218K(53440K) Class: 9032K(9088K)->9032K(9088K)
[14159.919s][info][gc             ] GC(32789) Pause Young (Allocation Failure) 651M->573M(654M) 4.919ms
[14159.919s][info][gc,cpu         ] GC(32789) User=0.01s Sys=0.00s Real=0.01s
[14160.353s][info][gc,start       ] GC(32790) Pause Young (Allocation Failure)
[14160.355s][info][gc,heap        ] GC(32790) PSYoungGen: 83584K(84480K)->768K(84480K) Eden: 81920K(81920K)->0K(81920K) From: 1664K(2560K)->768K(2560K)
[14160.356s][info][gc,heap        ] GC(32790) ParOldGen: 585532K(585728K)->585588K(585728K)
[14160.356s][info][gc,metaspace   ] GC(32790) Metaspace: 62251K(62528K)->62251K(62528K) NonClass: 53218K(53440K)->53218K(53440K) Class: 9032K(9088K)->9032K(9088K)
[14160.356s][info][gc             ] GC(32790) Pause Young (Allocation Failure) 653M->572M(654M) 2.949ms
[14160.356s][info][gc,cpu         ] GC(32790) User=0.00s Sys=0.00s Real=0.00s
[14160.820s][info][gc,start       ] GC(32791) Pause Young (Allocation Failure)
[14160.822s][info][gc,heap        ] GC(32791) PSYoungGen: 82688K(84480K)->192K(84480K) Eden: 81920K(81920K)->0K(81920K) From: 768K(2560K)->192K(2560K)
[14160.822s][info][gc,heap        ] GC(32791) ParOldGen: 585588K(585728K)->585644K(585728K)
[14160.822s][info][gc,metaspace   ] GC(32791) Metaspace: 62251K(62528K)->62251K(62528K) NonClass: 53218K(53440K)->53218K(53440K) Class: 9032K(9088K)->9032K(9088K)
[14160.822s][info][gc             ] GC(32791) Pause Young (Allocation Failure) 652M->572M(654M) 2.461ms
[14160.822s][info][gc,cpu         ] GC(32791) User=0.00s Sys=0.00s Real=0.00s
[14161.299s][info][gc,start       ] GC(32792) Pause Young (Allocation Failure)
[14161.302s][info][gc,heap        ] GC(32792) PSYoungGen: 82112K(84480K)->1248K(84480K) Eden: 81920K(81920K)->0K(81920K) From: 192K(2560K)->1248K(2560K)
[14161.302s][info][gc,heap        ] GC(32792) ParOldGen: 585644K(585728K)->585692K(585728K)
[14161.302s][info][gc,metaspace   ] GC(32792) Metaspace: 62251K(62528K)->62251K(62528K) NonClass: 53218K(53440K)->53218K(53440K) Class: 9032K(9088K)->9032K(9088K)
[14161.302s][info][gc             ] GC(32792) Pause Young (Allocation Failure) 652M->573M(654M) 3.433ms
[14161.302s][info][gc,cpu         ] GC(32792) User=0.01s Sys=0.00s Real=0.00s
[14161.752s][info][gc,start       ] GC(32793) Pause Young (Allocation Failure)
[14161.755s][info][gc,heap        ] GC(32793) PSYoungGen: 83168K(84480K)->704K(84480K) Eden: 81920K(81920K)->0K(81920K) From: 1248K(2560K)->704K(2560K)
[14161.755s][info][gc,heap        ] GC(32793) ParOldGen: 585692K(585728K)->585740K(586240K)
[14161.755s][info][gc,metaspace   ] GC(32793) Metaspace: 62251K(62528K)->62251K(62528K) NonClass: 53218K(53440K)->53218K(53440K) Class: 9032K(9088K)->9032K(9088K)
[14161.755s][info][gc             ] GC(32793) Pause Young (Allocation Failure) 653M->572M(655M) 3.061ms
[14161.755s][info][gc,cpu         ] GC(32793) User=0.01s Sys=0.00s Real=0.00s
[14162.188s][info][gc,start       ] GC(32794) Pause Young (Allocation Failure)
[14162.191s][info][gc,heap        ] GC(32794) PSYoungGen: 82624K(84480K)->1152K(84480K) Eden: 81920K(81920K)->0K(81920K) From: 704K(2560K)->1152K(2560K)
[14162.191s][info][gc,heap        ] GC(32794) ParOldGen: 585740K(586240K)->585796K(586240K)
[14162.191s][info][gc,metaspace   ] GC(32794) Metaspace: 62251K(62528K)->62251K(62528K) NonClass: 53218K(53440K)->53218K(53440K) Class: 9032K(9088K)->9032K(9088K)
[14162.191s][info][gc             ] GC(32794) Pause Young (Allocation Failure) 652M->573M(655M) 3.399ms
[14162.191s][info][gc,cpu         ] GC(32794) User=0.00s Sys=0.00s Real=0.00s
[14162.642s][info][gc,start       ] GC(32795) Pause Young (Allocation Failure)
[14162.645s][info][gc,heap        ] GC(32795) PSYoungGen: 83072K(84480K)->544K(84480K) Eden: 81920K(81920K)->0K(81920K) From: 1152K(2560K)->544K(2560K)
[14162.645s][info][gc,heap        ] GC(32795) ParOldGen: 585796K(586240K)->585844K(586240K)
[14162.645s][info][gc,metaspace   ] GC(32795) Metaspace: 62251K(62528K)->62251K(62528K) NonClass: 53218K(53440K)->53218K(53440K) Class: 9032K(9088K)->9032K(9088K)
[14162.645s][info][gc             ] GC(32795) Pause Young (Allocation Failure) 653M->572M(655M) 2.667ms
[14162.645s][info][gc,cpu         ] GC(32795) User=0.01s Sys=0.00s Real=0.00s
[14163.134s][info][gc,start       ] GC(32796) Pause Young (Allocation Failure)
[14163.137s][info][gc,heap        ] GC(32796) PSYoungGen: 82464K(84480K)->432K(84480K) Eden: 81920K(81920K)->0K(81920K) From: 544K(2560K)->432K(2560K)
[14163.137s][info][gc,heap        ] GC(32796) ParOldGen: 585844K(586240K)->585892K(586240K)
[14163.137s][info][gc,metaspace   ] GC(32796) Metaspace: 62251K(62528K)->62251K(62528K) NonClass: 53218K(53440K)->53218K(53440K) Class: 9032K(9088K)->9032K(9088K)
[14163.137s][info][gc             ] GC(32796) Pause Young (Allocation Failure) 652M->572M(655M) 2.643ms
[14163.137s][info][gc,cpu         ] GC(32796) User=0.00s Sys=0.00s Real=0.01s
[14163.562s][info][gc,start       ] GC(32797) Pause Young (Allocation Failure)
[14163.565s][info][gc,heap        ] GC(32797) PSYoungGen: 82352K(84480K)->800K(84992K) Eden: 81920K(81920K)->0K(82432K) From: 432K(2560K)->800K(2560K)
[14163.565s][info][gc,heap        ] GC(32797) ParOldGen: 585892K(586240K)->585988K(586240K)
[14163.565s][info][gc,metaspace   ] GC(32797) Metaspace: 62251K(62528K)->62251K(62528K) NonClass: 53218K(53440K)->53218K(53440K) Class: 9032K(9088K)->9032K(9088K)
[14163.565s][info][gc             ] GC(32797) Pause Young (Allocation Failure) 652M->573M(655M) 3.000ms
[14163.565s][info][gc,cpu         ] GC(32797) User=0.01s Sys=0.00s Real=0.00s
[14164.021s][info][gc,start       ] GC(32798) Pause Young (Allocation Failure)
[14164.024s][info][gc,heap        ] GC(32798) PSYoungGen: 83232K(84992K)->256K(84480K) Eden: 82432K(82432K)->0K(82432K) From: 800K(2560K)->256K(2048K)
[14164.024s][info][gc,heap        ] GC(32798) ParOldGen: 585988K(586240K)->586036K(586240K)
[14164.024s][info][gc,metaspace   ] GC(32798) Metaspace: 62251K(62528K)->62251K(62528K) NonClass: 53218K(53440K)->53218K(53440K) Class: 9032K(9088K)->9032K(9088K)
[14164.024s][info][gc             ] GC(32798) Pause Young (Allocation Failure) 653M->572M(655M) 2.487ms
[14164.024s][info][gc,cpu         ] GC(32798) User=0.01s Sys=0.00s Real=0.00s
[14164.422s][info][gc,start       ] GC(32799) Pause Young (Allocation Failure)
[14164.425s][info][gc,heap        ] GC(32799) PSYoungGen: 82688K(84480K)->2304K(84480K) Eden: 82432K(82432K)->0K(81920K) From: 256K(2048K)->2304K(2560K)
[14164.425s][info][gc,heap        ] GC(32799) ParOldGen: 586036K(586240K)->586092K(586240K)
[14164.425s][info][gc,metaspace   ] GC(32799) Metaspace: 62251K(62528K)->62251K(62528K) NonClass: 53218K(53440K)->53218K(53440K) Class: 9032K(9088K)->9032K(9088K)
[14164.425s][info][gc             ] GC(32799) Pause Young (Allocation Failure) 653M->574M(655M) 2.729ms
[14164.425s][info][gc,cpu         ] GC(32799) User=0.01s Sys=0.00s Real=0.00s
[14164.829s][info][gc,start       ] GC(32800) Pause Young (Allocation Failure)
[14164.833s][info][gc,heap        ] GC(32800) PSYoungGen: 84224K(84480K)->384K(84480K) Eden: 81920K(81920K)->0K(81920K) From: 2304K(2560K)->384K(2560K)
[14164.833s][info][gc,heap        ] GC(32800) ParOldGen: 586092K(586240K)->588196K(589312K)
[14164.833s][info][gc,metaspace   ] GC(32800) Metaspace: 62251K(62528K)->62251K(62528K) NonClass: 53218K(53440K)->53218K(53440K) Class: 9032K(9088K)->9032K(9088K)
[14164.833s][info][gc             ] GC(32800) Pause Young (Allocation Failure) 654M->574M(658M) 3.793ms
[14164.833s][info][gc,cpu         ] GC(32800) User=0.01s Sys=0.00s Real=0.00s
[14165.266s][info][gc,start       ] GC(32801) Pause Young (Allocation Failure)
[14165.269s][info][gc,heap        ] GC(32801) PSYoungGen: 82304K(84480K)->800K(84480K) Eden: 81920K(81920K)->0K(81920K) From: 384K(2560K)->800K(2560K)
[14165.269s][info][gc,heap        ] GC(32801) ParOldGen: 588196K(589312K)->588244K(589312K)
[14165.269s][info][gc,metaspace   ] GC(32801) Metaspace: 62251K(62528K)->62251K(62528K) NonClass: 53218K(53440K)->53218K(53440K) Class: 9032K(9088K)->9032K(9088K)
[14165.269s][info][gc             ] GC(32801) Pause Young (Allocation Failure) 654M->575M(658M) 3.018ms
[14165.269s][info][gc,cpu         ] GC(32801) User=0.01s Sys=0.00s Real=0.01s
[14165.742s][info][gc,start       ] GC(32802) Pause Young (Allocation Failure)
[14165.744s][info][gc,heap        ] GC(32802) PSYoungGen: 82720K(84480K)->480K(84480K) Eden: 81920K(81920K)->0K(81920K) From: 800K(2560K)->480K(2560K)
[14165.744s][info][gc,heap        ] GC(32802) ParOldGen: 588244K(589312K)->588292K(589312K)
[14165.744s][info][gc,metaspace   ] GC(32802) Metaspace: 62251K(62528K)->62251K(62528K) NonClass: 53218K(53440K)->53218K(53440K) Class: 9032K(9088K)->9032K(9088K)
[14165.744s][info][gc             ] GC(32802) Pause Young (Allocation Failure) 655M->574M(658M) 2.737ms
[14165.744s][info][gc,cpu         ] GC(32802) User=0.01s Sys=0.00s Real=0.00s
[14166.206s][info][gc,start       ] GC(32803) Pause Young (Allocation Failure)
[14166.209s][info][gc,heap        ] GC(32803) PSYoungGen: 82400K(84480K)->1632K(84480K) Eden: 81920K(81920K)->0K(81920K) From: 480K(2560K)->1632K(2560K)
[14166.209s][info][gc,heap        ] GC(32803) ParOldGen: 588292K(589312K)->588340K(589312K)
[14166.209s][info][gc,metaspace   ] GC(32803) Metaspace: 62251K(62528K)->62251K(62528K) NonClass: 53218K(53440K)->53218K(53440K) Class: 9032K(9088K)->9032K(9088K)
[14166.209s][info][gc             ] GC(32803) Pause Young (Allocation Failure) 654M->576M(658M) 3.798ms
[14166.210s][info][gc,cpu         ] GC(32803) User=0.01s Sys=0.00s Real=0.01s
[14166.677s][info][gc,start       ] GC(32804) Pause Young (Allocation Failure)
[14166.680s][info][gc,heap        ] GC(32804) PSYoungGen: 83552K(84480K)->1024K(84480K) Eden: 81920K(81920K)->0K(81920K) From: 1632K(2560K)->1024K(2560K)
[14166.680s][info][gc,heap        ] GC(32804) ParOldGen: 588340K(589312K)->588388K(589312K)
[14166.680s][info][gc,metaspace   ] GC(32804) Metaspace: 62251K(62528K)->62251K(62528K) NonClass: 53218K(53440K)->53218K(53440K) Class: 9032K(9088K)->9032K(9088K)
[14166.680s][info][gc             ] GC(32804) Pause Young (Allocation Failure) 656M->575M(658M) 3.165ms
[14166.680s][info][gc,cpu         ] GC(32804) User=0.01s Sys=0.00s Real=0.00s
[14167.129s][info][gc,start       ] GC(32805) Pause Young (Allocation Failure)
[14167.132s][info][gc,heap        ] GC(32805) PSYoungGen: 82944K(84480K)->352K(84480K) Eden: 81920K(81920K)->0K(81920K) From: 1024K(2560K)->352K(2560K)
[14167.132s][info][gc,heap        ] GC(32805) ParOldGen: 588388K(589312K)->588436K(589312K)
[14167.132s][info][gc,metaspace   ] GC(32805) Metaspace: 62251K(62528K)->62251K(62528K) NonClass: 53218K(53440K)->53218K(53440K) Class: 9032K(9088K)->9032K(9088K)
[14167.132s][info][gc             ] GC(32805) Pause Young (Allocation Failure) 655M->574M(658M) 2.535ms
[14167.132s][info][gc,cpu         ] GC(32805) User=0.00s Sys=0.00s Real=0.00s
[14167.570s][info][gc,start       ] GC(32806) Pause Young (Allocation Failure)
[14167.573s][info][gc,heap        ] GC(32806) PSYoungGen: 82272K(84480K)->896K(84480K) Eden: 81920K(81920K)->0K(81920K) From: 352K(2560K)->896K(2560K)
[14167.573s][info][gc,heap        ] GC(32806) ParOldGen: 588436K(589312K)->588500K(589312K)
[14167.573s][info][gc,metaspace   ] GC(32806) Metaspace: 62251K(62528K)->62251K(62528K) NonClass: 53218K(53440K)->53218K(53440K) Class: 9032K(9088K)->9032K(9088K)
[14167.573s][info][gc             ] GC(32806) Pause Young (Allocation Failure) 654M->575M(658M) 3.074ms
[14167.573s][info][gc,cpu         ] GC(32806) User=0.01s Sys=0.00s Real=0.00s
[14168.042s][info][gc,start       ] GC(32807) Pause Young (Allocation Failure)
[14168.044s][info][gc,heap        ] GC(32807) PSYoungGen: 82816K(84480K)->544K(84480K) Eden: 81920K(81920K)->0K(81920K) From: 896K(2560K)->544K(2560K)
[14168.044s][info][gc,heap        ] GC(32807) ParOldGen: 588500K(589312K)->588556K(589312K)
[14168.044s][info][gc,metaspace   ] GC(32807) Metaspace: 62251K(62528K)->62251K(62528K) NonClass: 53218K(53440K)->53218K(53440K) Class: 9032K(9088K)->9032K(9088K)
[14168.044s][info][gc             ] GC(32807) Pause Young (Allocation Failure) 655M->575M(658M) 2.752ms
[14168.045s][info][gc,cpu         ] GC(32807) User=0.00s Sys=0.00s Real=0.00s
[14168.519s][info][gc,start       ] GC(32808) Pause Young (Allocation Failure)
[14168.522s][info][gc,heap        ] GC(32808) PSYoungGen: 82464K(84480K)->192K(84480K) Eden: 81920K(81920K)->0K(81920K) From: 544K(2560K)->192K(2560K)
[14168.522s][info][gc,heap        ] GC(32808) ParOldGen: 588556K(589312K)->588604K(589312K)
[14168.522s][info][gc,metaspace   ] GC(32808) Metaspace: 62251K(62528K)->62251K(62528K) NonClass: 53218K(53440K)->53218K(53440K) Class: 9032K(9088K)->9032K(9088K)
[14168.522s][info][gc             ] GC(32808) Pause Young (Allocation Failure) 655M->574M(658M) 2.475ms
[14168.522s][info][gc,cpu         ] GC(32808) User=0.01s Sys=0.00s Real=0.00s
[14168.977s][info][gc,start       ] GC(32809) Pause Young (Allocation Failure)
[14168.981s][info][gc,heap        ] GC(32809) PSYoungGen: 82112K(84480K)->2080K(84480K) Eden: 81920K(81920K)->0K(81920K) From: 192K(2560K)->2080K(2560K)
[14168.981s][info][gc,heap        ] GC(32809) ParOldGen: 588604K(589312K)->589676K(590848K)
[14168.981s][info][gc,metaspace   ] GC(32809) Metaspace: 62251K(62528K)->62251K(62528K) NonClass: 53218K(53440K)->53218K(53440K) Class: 9032K(9088K)->9032K(9088K)
[14168.981s][info][gc             ] GC(32809) Pause Young (Allocation Failure) 654M->577M(659M) 3.887ms
[14168.981s][info][gc,cpu         ] GC(32809) User=0.01s Sys=0.00s Real=0.00s
[14169.412s][info][gc,start       ] GC(32810) Pause Young (Allocation Failure)
[14169.417s][info][gc,heap        ] GC(32810) PSYoungGen: 84000K(84480K)->1696K(84480K) Eden: 81920K(81920K)->0K(81920K) From: 2080K(2560K)->1696K(2560K)
[14169.417s][info][gc,heap        ] GC(32810) ParOldGen: 589676K(590848K)->591772K(592384K)
[14169.417s][info][gc,metaspace   ] GC(32810) Metaspace: 62251K(62528K)->62251K(62528K) NonClass: 53218K(53440K)->53218K(53440K) Class: 9032K(9088K)->9032K(9088K)
[14169.417s][info][gc             ] GC(32810) Pause Young (Allocation Failure) 657M->579M(661M) 4.899ms
[14169.417s][info][gc,cpu         ] GC(32810) User=0.01s Sys=0.00s Real=0.01s
[14169.830s][info][gc,start       ] GC(32811) Pause Young (Allocation Failure)
[14169.832s][info][gc,heap        ] GC(32811) PSYoungGen: 83616K(84480K)->384K(84480K) Eden: 81920K(81920K)->0K(81920K) From: 1696K(2560K)->384K(2560K)
[14169.832s][info][gc,heap        ] GC(32811) ParOldGen: 591772K(592384K)->591828K(592384K)
[14169.832s][info][gc,metaspace   ] GC(32811) Metaspace: 62251K(62528K)->62251K(62528K) NonClass: 53218K(53440K)->53218K(53440K) Class: 9032K(9088K)->9032K(9088K)
[14169.832s][info][gc             ] GC(32811) Pause Young (Allocation Failure) 659M->578M(661M) 2.626ms
[14169.832s][info][gc,cpu         ] GC(32811) User=0.00s Sys=0.00s Real=0.00s
[14170.324s][info][gc,start       ] GC(32812) Pause Young (Allocation Failure)
[14170.328s][info][gc,heap        ] GC(32812) PSYoungGen: 82304K(84480K)->304K(84480K) Eden: 81920K(81920K)->0K(81920K) From: 384K(2560K)->304K(2560K)
[14170.328s][info][gc,heap        ] GC(32812) ParOldGen: 591828K(592384K)->591884K(592384K)
[14170.328s][info][gc,metaspace   ] GC(32812) Metaspace: 62251K(62528K)->62251K(62528K) NonClass: 53218K(53440K)->53218K(53440K) Class: 9032K(9088K)->9032K(9088K)
[14170.328s][info][gc             ] GC(32812) Pause Young (Allocation Failure) 658M->578M(661M) 4.491ms
[14170.328s][info][gc,cpu         ] GC(32812) User=0.00s Sys=0.00s Real=0.01s
[14170.816s][info][gc,start       ] GC(32813) Pause Young (Allocation Failure)
[14170.820s][info][gc,heap        ] GC(32813) PSYoungGen: 82224K(84480K)->1888K(83456K) Eden: 81920K(81920K)->0K(80896K) From: 304K(2560K)->1888K(2560K)
[14170.820s][info][gc,heap        ] GC(32813) ParOldGen: 591884K(592384K)->591981K(592384K)
[14170.820s][info][gc,metaspace   ] GC(32813) Metaspace: 62251K(62528K)->62251K(62528K) NonClass: 53218K(53440K)->53218K(53440K) Class: 9032K(9088K)->9032K(9088K)
[14170.821s][info][gc             ] GC(32813) Pause Young (Allocation Failure) 658M->579M(660M) 4.043ms
[14170.821s][info][gc,cpu         ] GC(32813) User=0.01s Sys=0.00s Real=0.00s
[14171.284s][info][gc,start       ] GC(32814) Pause Young (Allocation Failure)
[14171.287s][info][gc,heap        ] GC(32814) PSYoungGen: 82784K(83456K)->1120K(83968K) Eden: 80896K(80896K)->0K(80896K) From: 1888K(2560K)->1120K(3072K)
[14171.287s][info][gc,heap        ] GC(32814) ParOldGen: 591981K(592384K)->592029K(592384K)
[14171.287s][info][gc,metaspace   ] GC(32814) Metaspace: 62251K(62528K)->62251K(62528K) NonClass: 53218K(53440K)->53218K(53440K) Class: 9032K(9088K)->9032K(9088K)
[14171.287s][info][gc             ] GC(32814) Pause Young (Allocation Failure) 658M->579M(660M) 3.325ms
[14171.287s][info][gc,cpu         ] GC(32814) User=0.01s Sys=0.00s Real=0.01s
[14171.764s][info][gc,start       ] GC(32815) Pause Young (Allocation Failure)
[14171.767s][info][gc,heap        ] GC(32815) PSYoungGen: 82016K(83968K)->768K(84480K) Eden: 80896K(80896K)->0K(81920K) From: 1120K(3072K)->768K(2560K)
[14171.767s][info][gc,heap        ] GC(32815) ParOldGen: 592029K(592384K)->592077K(592384K)
[14171.767s][info][gc,metaspace   ] GC(32815) Metaspace: 62251K(62528K)->62251K(62528K) NonClass: 53218K(53440K)->53218K(53440K) Class: 9032K(9088K)->9032K(9088K)
[14171.767s][info][gc             ] GC(32815) Pause Young (Allocation Failure) 658M->578M(661M) 2.960ms
[14171.767s][info][gc,cpu         ] GC(32815) User=0.00s Sys=0.00s Real=0.01s
[14172.261s][info][gc,start       ] GC(32816) Pause Young (Allocation Failure)
[14172.264s][info][gc,heap        ] GC(32816) PSYoungGen: 82688K(84480K)->736K(84480K) Eden: 81920K(81920K)->0K(81920K) From: 768K(2560K)->736K(2560K)
[14172.264s][info][gc,heap        ] GC(32816) ParOldGen: 592077K(592384K)->592125K(592384K)
[14172.264s][info][gc,metaspace   ] GC(32816) Metaspace: 62251K(62528K)->62251K(62528K) NonClass: 53218K(53440K)->53218K(53440K) Class: 9032K(9088K)->9032K(9088K)
[14172.264s][info][gc             ] GC(32816) Pause Young (Allocation Failure) 658M->578M(661M) 2.913ms
[14172.264s][info][gc,cpu         ] GC(32816) User=0.01s Sys=0.00s Real=0.00s
[14172.791s][info][gc,start       ] GC(32817) Pause Young (Allocation Failure)
[14172.795s][info][gc,heap        ] GC(32817) PSYoungGen: 82656K(84480K)->1056K(84480K) Eden: 81920K(81920K)->0K(81920K) From: 736K(2560K)->1056K(2560K)
[14172.795s][info][gc,heap        ] GC(32817) ParOldGen: 592125K(592384K)->592173K(592384K)
[14172.795s][info][gc,metaspace   ] GC(32817) Metaspace: 62251K(62528K)->62251K(62528K) NonClass: 53218K(53440K)->53218K(53440K) Class: 9032K(9088K)->9032K(9088K)
[14172.795s][info][gc             ] GC(32817) Pause Young (Allocation Failure) 658M->579M(661M) 3.513ms
[14172.795s][info][gc,cpu         ] GC(32817) User=0.00s Sys=0.00s Real=0.00s
[14173.293s][info][gc,start       ] GC(32818) Pause Young (Allocation Failure)
[14173.296s][info][gc,heap        ] GC(32818) PSYoungGen: 82976K(84480K)->1248K(84480K) Eden: 81920K(81920K)->0K(81920K) From: 1056K(2560K)->1248K(2560K)
[14173.296s][info][gc,heap        ] GC(32818) ParOldGen: 592173K(592384K)->592221K(592384K)
[14173.296s][info][gc,metaspace   ] GC(32818) Metaspace: 62251K(62528K)->62251K(62528K) NonClass: 53218K(53440K)->53218K(53440K) Class: 9032K(9088K)->9032K(9088K)
[14173.296s][info][gc             ] GC(32818) Pause Young (Allocation Failure) 659M->579M(661M) 3.439ms
[14173.296s][info][gc,cpu         ] GC(32818) User=0.01s Sys=0.00s Real=0.00s
[14173.756s][info][gc,start       ] GC(32819) Pause Young (Allocation Failure)
[14173.759s][info][gc,heap        ] GC(32819) PSYoungGen: 83168K(84480K)->736K(84480K) Eden: 81920K(81920K)->0K(81920K) From: 1248K(2560K)->736K(2560K)
[14173.759s][info][gc,heap        ] GC(32819) ParOldGen: 592221K(592384K)->592269K(592384K)
[14173.759s][info][gc,metaspace   ] GC(32819) Metaspace: 62251K(62528K)->62251K(62528K) NonClass: 53218K(53440K)->53218K(53440K) Class: 9032K(9088K)->9032K(9088K)
[14173.759s][info][gc             ] GC(32819) Pause Young (Allocation Failure) 659M->579M(661M) 2.964ms
[14173.759s][info][gc,cpu         ] GC(32819) User=0.01s Sys=0.01s Real=0.01s
[14174.249s][info][gc,start       ] GC(32820) Pause Young (Allocation Failure)
[14174.253s][info][gc,heap        ] GC(32820) PSYoungGen: 82656K(84480K)->2528K(84480K) Eden: 81920K(81920K)->0K(81920K) From: 736K(2560K)->2528K(2560K)
[14174.253s][info][gc,heap        ] GC(32820) ParOldGen: 592269K(592384K)->593429K(593920K)
[14174.253s][info][gc,metaspace   ] GC(32820) Metaspace: 62251K(62528K)->62251K(62528K) NonClass: 53218K(53440K)->53218K(53440K) Class: 9032K(9088K)->9032K(9088K)
[14174.253s][info][gc             ] GC(32820) Pause Young (Allocation Failure) 659M->581M(662M) 3.827ms
[14174.253s][info][gc,cpu         ] GC(32820) User=0.01s Sys=0.00s Real=0.00s
[14174.762s][info][gc,start       ] GC(32821) Pause Young (Allocation Failure)
[14174.766s][info][gc,heap        ] GC(32821) PSYoungGen: 84448K(84480K)->864K(83456K) Eden: 81920K(81920K)->0K(80896K) From: 2528K(2560K)->864K(2560K)
[14174.766s][info][gc,heap        ] GC(32821) ParOldGen: 593429K(593920K)->595525K(596992K)
[14174.766s][info][gc,metaspace   ] GC(32821) Metaspace: 62251K(62528K)->62251K(62528K) NonClass: 53218K(53440K)->53218K(53440K) Class: 9032K(9088K)->9032K(9088K)
[14174.766s][info][gc             ] GC(32821) Pause Young (Allocation Failure) 661M->582M(664M) 4.205ms
[14174.766s][info][gc,cpu         ] GC(32821) User=0.00s Sys=0.00s Real=0.00s
[14175.198s][info][gc,start       ] GC(32822) Pause Young (Allocation Failure)
[14175.201s][info][gc,heap        ] GC(32822) PSYoungGen: 81760K(83456K)->1344K(83968K) Eden: 80896K(80896K)->0K(80896K) From: 864K(2560K)->1344K(3072K)
[14175.201s][info][gc,heap        ] GC(32822) ParOldGen: 595525K(596992K)->595589K(596992K)
[14175.201s][info][gc,metaspace   ] GC(32822) Metaspace: 62251K(62528K)->62251K(62528K) NonClass: 53218K(53440K)->53218K(53440K) Class: 9032K(9088K)->9032K(9088K)
[14175.202s][info][gc             ] GC(32822) Pause Young (Allocation Failure) 661M->582M(665M) 3.581ms
[14175.202s][info][gc,cpu         ] GC(32822) User=0.00s Sys=0.00s Real=0.00s
[14175.726s][info][gc,start       ] GC(32823) Pause Young (Allocation Failure)
[14175.729s][info][gc,heap        ] GC(32823) PSYoungGen: 82240K(83968K)->288K(83968K) Eden: 80896K(80896K)->0K(80896K) From: 1344K(3072K)->288K(3072K)
[14175.729s][info][gc,heap        ] GC(32823) ParOldGen: 595589K(596992K)->595637K(596992K)
[14175.729s][info][gc,metaspace   ] GC(32823) Metaspace: 62251K(62528K)->62251K(62528K) NonClass: 53218K(53440K)->53218K(53440K) Class: 9032K(9088K)->9032K(9088K)
[14175.729s][info][gc             ] GC(32823) Pause Young (Allocation Failure) 661M->581M(665M) 2.689ms
[14175.729s][info][gc,cpu         ] GC(32823) User=0.01s Sys=0.00s Real=0.00s
[14176.260s][info][gc,start       ] GC(32824) Pause Young (Allocation Failure)
[14176.263s][info][gc,heap        ] GC(32824) PSYoungGen: 81184K(83968K)->672K(83968K) Eden: 80896K(80896K)->0K(80896K) From: 288K(3072K)->672K(3072K)
[14176.263s][info][gc,heap        ] GC(32824) ParOldGen: 595637K(596992K)->595685K(596992K)
[14176.263s][info][gc,metaspace   ] GC(32824) Metaspace: 62251K(62528K)->62251K(62528K) NonClass: 53218K(53440K)->53218K(53440K) Class: 9032K(9088K)->9032K(9088K)
[14176.263s][info][gc             ] GC(32824) Pause Young (Allocation Failure) 660M->582M(665M) 3.154ms
[14176.263s][info][gc,cpu         ] GC(32824) User=0.01s Sys=0.00s Real=0.00s
[14176.793s][info][gc,start       ] GC(32825) Pause Young (Allocation Failure)
[14176.796s][info][gc,heap        ] GC(32825) PSYoungGen: 81568K(83968K)->1120K(84480K) Eden: 80896K(80896K)->0K(81408K) From: 672K(3072K)->1120K(3072K)
[14176.796s][info][gc,heap        ] GC(32825) ParOldGen: 595685K(596992K)->595733K(596992K)
[14176.796s][info][gc,metaspace   ] GC(32825) Metaspace: 62251K(62528K)->62251K(62528K) NonClass: 53218K(53440K)->53218K(53440K) Class: 9032K(9088K)->9032K(9088K)
[14176.796s][info][gc             ] GC(32825) Pause Young (Allocation Failure) 661M->582M(665M) 3.427ms
[14176.796s][info][gc,cpu         ] GC(32825) User=0.00s Sys=0.00s Real=0.01s
[14177.303s][info][gc,start       ] GC(32826) Pause Young (Allocation Failure)
[14177.307s][info][gc,heap        ] GC(32826) PSYoungGen: 82528K(84480K)->1312K(83968K) Eden: 81408K(81408K)->0K(81408K) From: 1120K(3072K)->1312K(2560K)
[14177.307s][info][gc,heap        ] GC(32826) ParOldGen: 595733K(596992K)->595781K(596992K)
[14177.307s][info][gc,metaspace   ] GC(32826) Metaspace: 62251K(62528K)->62251K(62528K) NonClass: 53218K(53440K)->53218K(53440K) Class: 9032K(9088K)->9032K(9088K)
[14177.307s][info][gc             ] GC(32826) Pause Young (Allocation Failure) 662M->583M(665M) 3.654ms
[14177.307s][info][gc,cpu         ] GC(32826) User=0.01s Sys=0.00s Real=0.01s
[14177.801s][info][gc,start       ] GC(32827) Pause Young (Allocation Failure)
[14177.804s][info][gc,heap        ] GC(32827) PSYoungGen: 82720K(83968K)->1216K(84480K) Eden: 81408K(81408K)->0K(81920K) From: 1312K(2560K)->1216K(2560K)
[14177.804s][info][gc,heap        ] GC(32827) ParOldGen: 595781K(596992K)->595829K(596992K)
[14177.804s][info][gc,metaspace   ] GC(32827) Metaspace: 62251K(62528K)->62251K(62528K) NonClass: 53218K(53440K)->53218K(53440K) Class: 9032K(9088K)->9032K(9088K)
[14177.804s][info][gc             ] GC(32827) Pause Young (Allocation Failure) 662M->583M(665M) 3.501ms
[14177.804s][info][gc,cpu         ] GC(32827) User=0.01s Sys=0.00s Real=0.00s
[14178.278s][info][gc,start       ] GC(32828) Pause Young (Allocation Failure)
[14178.281s][info][gc,heap        ] GC(32828) PSYoungGen: 83136K(84480K)->1024K(84480K) Eden: 81920K(81920K)->0K(81920K) From: 1216K(2560K)->1024K(2560K)
[14178.282s][info][gc,heap        ] GC(32828) ParOldGen: 595829K(596992K)->595885K(596992K)
[14178.282s][info][gc,metaspace   ] GC(32828) Metaspace: 62251K(62528K)->62251K(62528K) NonClass: 53218K(53440K)->53218K(53440K) Class: 9032K(9088K)->9032K(9088K)
[14178.282s][info][gc             ] GC(32828) Pause Young (Allocation Failure) 663M->582M(665M) 3.356ms
[14178.282s][info][gc,cpu         ] GC(32828) User=0.00s Sys=0.00s Real=0.00s
[14178.804s][info][gc,start       ] GC(32829) Pause Young (Allocation Failure)
[14178.808s][info][gc,heap        ] GC(32829) PSYoungGen: 82944K(84480K)->1392K(84480K) Eden: 81920K(81920K)->0K(81920K) From: 1024K(2560K)->1392K(2560K)
[14178.808s][info][gc,heap        ] GC(32829) ParOldGen: 595885K(596992K)->595941K(596992K)
[14178.808s][info][gc,metaspace   ] GC(32829) Metaspace: 62251K(62528K)->62251K(62528K) NonClass: 53218K(53440K)->53218K(53440K) Class: 9032K(9088K)->9032K(9088K)
[14178.808s][info][gc             ] GC(32829) Pause Young (Allocation Failure) 662M->583M(665M) 4.142ms
[14178.808s][info][gc,cpu         ] GC(32829) User=0.00s Sys=0.00s Real=0.01s
[14179.305s][info][gc,start       ] GC(32830) Pause Young (Allocation Failure)
[14179.308s][info][gc,heap        ] GC(32830) PSYoungGen: 83312K(84480K)->1280K(84480K) Eden: 81920K(81920K)->0K(81920K) From: 1392K(2560K)->1280K(2560K)
[14179.308s][info][gc,heap        ] GC(32830) ParOldGen: 595941K(596992K)->596037K(596992K)
[14179.308s][info][gc,metaspace   ] GC(32830) Metaspace: 62251K(62528K)->62251K(62528K) NonClass: 53218K(53440K)->53218K(53440K) Class: 9032K(9088K)->9032K(9088K)
[14179.309s][info][gc             ] GC(32830) Pause Young (Allocation Failure) 663M->583M(665M) 3.560ms
[14179.309s][info][gc,cpu         ] GC(32830) User=0.00s Sys=0.00s Real=0.01s
[14179.804s][info][gc,start       ] GC(32831) Pause Young (Allocation Failure)
[14179.807s][info][gc,heap        ] GC(32831) PSYoungGen: 83200K(84480K)->1440K(84480K) Eden: 81920K(81920K)->0K(81920K) From: 1280K(2560K)->1440K(2560K)
[14179.807s][info][gc,heap        ] GC(32831) ParOldGen: 596037K(596992K)->596085K(596992K)
[14179.807s][info][gc,metaspace   ] GC(32831) Metaspace: 62251K(62528K)->62251K(62528K) NonClass: 53218K(53440K)->53218K(53440K) Class: 9032K(9088K)->9032K(9088K)
[14179.807s][info][gc             ] GC(32831) Pause Young (Allocation Failure) 663M->583M(665M) 3.627ms
[14179.807s][info][gc,cpu         ] GC(32831) User=0.00s Sys=0.00s Real=0.01s
[14180.306s][info][gc,start       ] GC(32832) Pause Young (Allocation Failure)
[14180.310s][info][gc,heap        ] GC(32832) PSYoungGen: 83360K(84480K)->1376K(84480K) Eden: 81920K(81920K)->0K(81920K) From: 1440K(2560K)->1376K(2560K)
[14180.310s][info][gc,heap        ] GC(32832) ParOldGen: 596085K(596992K)->596133K(596992K)
[14180.310s][info][gc,metaspace   ] GC(32832) Metaspace: 62251K(62528K)->62251K(62528K) NonClass: 53218K(53440K)->53218K(53440K) Class: 9032K(9088K)->9032K(9088K)
[14180.310s][info][gc             ] GC(32832) Pause Young (Allocation Failure) 663M->583M(665M) 3.553ms
[14180.310s][info][gc,cpu         ] GC(32832) User=0.00s Sys=0.00s Real=0.00s
[14180.809s][info][gc,start       ] GC(32833) Pause Young (Allocation Failure)
[14180.813s][info][gc,heap        ] GC(32833) PSYoungGen: 83296K(84480K)->1344K(84480K) Eden: 81920K(81920K)->0K(81920K) From: 1376K(2560K)->1344K(2560K)
[14180.813s][info][gc,heap        ] GC(32833) ParOldGen: 596133K(596992K)->596189K(596992K)
[14180.813s][info][gc,metaspace   ] GC(32833) Metaspace: 62251K(62528K)->62251K(62528K) NonClass: 53218K(53440K)->53218K(53440K) Class: 9032K(9088K)->9032K(9088K)
[14180.813s][info][gc             ] GC(32833) Pause Young (Allocation Failure) 663M->583M(665M) 3.572ms
[14180.813s][info][gc,cpu         ] GC(32833) User=0.01s Sys=0.00s Real=0.00s
[14181.274s][info][gc,start       ] GC(32834) Pause Young (Allocation Failure)
[14181.277s][info][gc,heap        ] GC(32834) PSYoungGen: 83264K(84480K)->992K(84480K) Eden: 81920K(81920K)->0K(81920K) From: 1344K(2560K)->992K(2560K)
[14181.277s][info][gc,heap        ] GC(32834) ParOldGen: 596189K(596992K)->596237K(596992K)
[14181.277s][info][gc,metaspace   ] GC(32834) Metaspace: 62251K(62528K)->62251K(62528K) NonClass: 53218K(53440K)->53218K(53440K) Class: 9032K(9088K)->9032K(9088K)
[14181.277s][info][gc             ] GC(32834) Pause Young (Allocation Failure) 663M->583M(665M) 3.330ms
[14181.278s][info][gc,cpu         ] GC(32834) User=0.01s Sys=0.00s Real=0.01s
[14181.781s][info][gc,start       ] GC(32835) Pause Young (Allocation Failure)
[14181.784s][info][gc,heap        ] GC(32835) PSYoungGen: 82912K(84480K)->1024K(84992K) Eden: 81920K(81920K)->0K(82432K) From: 992K(2560K)->1024K(2560K)
[14181.784s][info][gc,heap        ] GC(32835) ParOldGen: 596237K(596992K)->596293K(596992K)
[14181.784s][info][gc,metaspace   ] GC(32835) Metaspace: 62251K(62528K)->62251K(62528K) NonClass: 53218K(53440K)->53218K(53440K) Class: 9032K(9088K)->9032K(9088K)
[14181.784s][info][gc             ] GC(32835) Pause Young (Allocation Failure) 663M->583M(666M) 3.243ms
[14181.784s][info][gc,cpu         ] GC(32835) User=0.01s Sys=0.00s Real=0.00s
[14182.292s][info][gc,start       ] GC(32836) Pause Young (Allocation Failure)
[14182.295s][info][gc,heap        ] GC(32836) PSYoungGen: 83456K(84992K)->1248K(84480K) Eden: 82432K(82432K)->0K(82432K) From: 1024K(2560K)->1248K(2048K)
[14182.296s][info][gc,heap        ] GC(32836) ParOldGen: 596293K(596992K)->596341K(596992K)
[14182.296s][info][gc,metaspace   ] GC(32836) Metaspace: 62251K(62528K)->62251K(62528K) NonClass: 53218K(53440K)->53218K(53440K) Class: 9032K(9088K)->9032K(9088K)
[14182.296s][info][gc             ] GC(32836) Pause Young (Allocation Failure) 663M->583M(665M) 3.666ms
[14182.296s][info][gc,cpu         ] GC(32836) User=0.01s Sys=0.00s Real=0.00s
[14182.792s][info][gc,start       ] GC(32837) Pause Young (Allocation Failure)
[14182.796s][info][gc,heap        ] GC(32837) PSYoungGen: 83680K(84480K)->1120K(84992K) Eden: 82432K(82432K)->0K(82944K) From: 1248K(2048K)->1120K(2048K)
[14182.796s][info][gc,heap        ] GC(32837) ParOldGen: 596341K(596992K)->596389K(596992K)
[14182.796s][info][gc,metaspace   ] GC(32837) Metaspace: 62251K(62528K)->62251K(62528K) NonClass: 53218K(53440K)->53218K(53440K) Class: 9032K(9088K)->9032K(9088K)
[14182.796s][info][gc             ] GC(32837) Pause Young (Allocation Failure) 664M->583M(666M) 3.231ms
[14182.796s][info][gc,cpu         ] GC(32837) User=0.01s Sys=0.00s Real=0.00s
[14183.292s][info][gc,start       ] GC(32838) Pause Young (Allocation Failure)
[14183.296s][info][gc,heap        ] GC(32838) PSYoungGen: 84064K(84992K)->1248K(84992K) Eden: 82944K(82944K)->0K(82944K) From: 1120K(2048K)->1248K(2048K)
[14183.296s][info][gc,heap        ] GC(32838) ParOldGen: 596389K(596992K)->596437K(596992K)
[14183.296s][info][gc,metaspace   ] GC(32838) Metaspace: 62251K(62528K)->62251K(62528K) NonClass: 53218K(53440K)->53218K(53440K) Class: 9032K(9088K)->9032K(9088K)
[14183.296s][info][gc             ] GC(32838) Pause Young (Allocation Failure) 664M->583M(666M) 3.509ms
[14183.296s][info][gc,cpu         ] GC(32838) User=0.00s Sys=0.00s Real=0.00s
[14183.810s][info][gc,start       ] GC(32839) Pause Young (Allocation Failure)
[14183.814s][info][gc,heap        ] GC(32839) PSYoungGen: 84192K(84992K)->1344K(84992K) Eden: 82944K(82944K)->0K(82944K) From: 1248K(2048K)->1344K(2048K)
[14183.814s][info][gc,heap        ] GC(32839) ParOldGen: 596437K(596992K)->596493K(596992K)
[14183.814s][info][gc,metaspace   ] GC(32839) Metaspace: 62251K(62528K)->62251K(62528K) NonClass: 53218K(53440K)->53218K(53440K) Class: 9032K(9088K)->9032K(9088K)
[14183.814s][info][gc             ] GC(32839) Pause Young (Allocation Failure) 664M->583M(666M) 3.540ms
[14183.814s][info][gc,cpu         ] GC(32839) User=0.01s Sys=0.01s Real=0.00s
[14184.327s][info][gc,start       ] GC(32840) Pause Young (Allocation Failure)
[14184.330s][info][gc,heap        ] GC(32840) PSYoungGen: 84288K(84992K)->320K(84992K) Eden: 82944K(82944K)->0K(82944K) From: 1344K(2048K)->320K(2048K)
[14184.330s][info][gc,heap        ] GC(32840) ParOldGen: 596493K(596992K)->596541K(596992K)
[14184.330s][info][gc,metaspace   ] GC(32840) Metaspace: 62251K(62528K)->62251K(62528K) NonClass: 53218K(53440K)->53218K(53440K) Class: 9032K(9088K)->9032K(9088K)
[14184.330s][info][gc             ] GC(32840) Pause Young (Allocation Failure) 664M->582M(666M) 2.946ms
[14184.330s][info][gc,cpu         ] GC(32840) User=0.00s Sys=0.00s Real=0.00s
[14184.861s][info][gc,start       ] GC(32841) Pause Young (Allocation Failure)
[14184.864s][info][gc,heap        ] GC(32841) PSYoungGen: 83264K(84992K)->1760K(83968K) Eden: 82944K(82944K)->0K(81920K) From: 320K(2048K)->1760K(2048K)
[14184.864s][info][gc,heap        ] GC(32841) ParOldGen: 596541K(596992K)->597613K(598528K)
[14184.864s][info][gc,metaspace   ] GC(32841) Metaspace: 62251K(62528K)->62251K(62528K) NonClass: 53218K(53440K)->53218K(53440K) Class: 9032K(9088K)->9032K(9088K)
[14184.864s][info][gc             ] GC(32841) Pause Young (Allocation Failure) 663M->585M(666M) 3.750ms
[14184.864s][info][gc,cpu         ] GC(32841) User=0.01s Sys=0.00s Real=0.00s
[14185.365s][info][gc,start       ] GC(32842) Pause Young (Allocation Failure)
[14185.370s][info][gc,heap        ] GC(32842) PSYoungGen: 83680K(83968K)->704K(84480K) Eden: 81920K(81920K)->0K(81920K) From: 1760K(2048K)->704K(2560K)
[14185.370s][info][gc,heap        ] GC(32842) ParOldGen: 597613K(598528K)->599709K(600064K)
[14185.370s][info][gc,metaspace   ] GC(32842) Metaspace: 62251K(62528K)->62251K(62528K) NonClass: 53218K(53440K)->53218K(53440K) Class: 9032K(9088K)->9032K(9088K)
[14185.370s][info][gc             ] GC(32842) Pause Young (Allocation Failure) 665M->586M(668M) 5.048ms
[14185.370s][info][gc,cpu         ] GC(32842) User=0.01s Sys=0.00s Real=0.01s
[14185.878s][info][gc,start       ] GC(32843) Pause Young (Allocation Failure)
[14185.881s][info][gc,heap        ] GC(32843) PSYoungGen: 82624K(84480K)->992K(84992K) Eden: 81920K(81920K)->0K(82432K) From: 704K(2560K)->992K(2560K)
[14185.881s][info][gc,heap        ] GC(32843) ParOldGen: 599709K(600064K)->599757K(600064K)
[14185.881s][info][gc,metaspace   ] GC(32843) Metaspace: 62251K(62528K)->62251K(62528K) NonClass: 53218K(53440K)->53218K(53440K) Class: 9032K(9088K)->9032K(9088K)
[14185.881s][info][gc             ] GC(32843) Pause Young (Allocation Failure) 666M->586M(669M) 3.614ms
[14185.881s][info][gc,cpu         ] GC(32843) User=0.00s Sys=0.00s Real=0.00s
[14186.393s][info][gc,start       ] GC(32844) Pause Young (Allocation Failure)
[14186.396s][info][gc,heap        ] GC(32844) PSYoungGen: 83424K(84992K)->1152K(84480K) Eden: 82432K(82432K)->0K(82432K) From: 992K(2560K)->1152K(2048K)
[14186.396s][info][gc,heap        ] GC(32844) ParOldGen: 599757K(600064K)->599813K(600064K)
[14186.396s][info][gc,metaspace   ] GC(32844) Metaspace: 62251K(62528K)->62251K(62528K) NonClass: 53218K(53440K)->53218K(53440K) Class: 9032K(9088K)->9032K(9088K)
[14186.396s][info][gc             ] GC(32844) Pause Young (Allocation Failure) 667M->586M(668M) 3.615ms
[14186.396s][info][gc,cpu         ] GC(32844) User=0.01s Sys=0.00s Real=0.01s
[14186.896s][info][gc,start       ] GC(32845) Pause Young (Allocation Failure)
[14186.899s][info][gc,heap        ] GC(32845) PSYoungGen: 83584K(84480K)->1152K(84992K) Eden: 82432K(82432K)->0K(82944K) From: 1152K(2048K)->1152K(2048K)
[14186.899s][info][gc,heap        ] GC(32845) ParOldGen: 599813K(600064K)->599861K(600064K)
[14186.899s][info][gc,metaspace   ] GC(32845) Metaspace: 62251K(62528K)->62251K(62528K) NonClass: 53218K(53440K)->53218K(53440K) Class: 9032K(9088K)->9032K(9088K)
[14186.899s][info][gc             ] GC(32845) Pause Young (Allocation Failure) 667M->586M(669M) 3.370ms
[14186.899s][info][gc,cpu         ] GC(32845) User=0.01s Sys=0.00s Real=0.01s
[14187.516s][info][gc,start       ] GC(32846) Pause Young (Allocation Failure)
[14187.519s][info][gc,heap        ] GC(32846) PSYoungGen: 84096K(84992K)->1424K(84992K) Eden: 82944K(82944K)->0K(82944K) From: 1152K(2048K)->1424K(2048K)
[14187.519s][info][gc,heap        ] GC(32846) ParOldGen: 599861K(600064K)->599901K(600064K)
[14187.519s][info][gc,metaspace   ] GC(32846) Metaspace: 62251K(62528K)->62251K(62528K) NonClass: 53218K(53440K)->53218K(53440K) Class: 9032K(9088K)->9032K(9088K)
[14187.519s][info][gc             ] GC(32846) Pause Young (Allocation Failure) 667M->587M(669M) 3.914ms
[14187.519s][info][gc,cpu         ] GC(32846) User=0.01s Sys=0.00s Real=0.01s
[14188.063s][info][gc,start       ] GC(32847) Pause Young (Allocation Failure)
[14188.066s][info][gc,heap        ] GC(32847) PSYoungGen: 84368K(84992K)->736K(84992K) Eden: 82944K(82944K)->0K(82944K) From: 1424K(2048K)->736K(2048K)
[14188.066s][info][gc,heap        ] GC(32847) ParOldGen: 599901K(600064K)->599997K(600064K)
[14188.066s][info][gc,metaspace   ] GC(32847) Metaspace: 62251K(62528K)->62251K(62528K) NonClass: 53218K(53440K)->53218K(53440K) Class: 9032K(9088K)->9032K(9088K)
[14188.066s][info][gc             ] GC(32847) Pause Young (Allocation Failure) 668M->586M(669M) 3.126ms
[14188.066s][info][gc,cpu         ] GC(32847) User=0.01s Sys=0.00s Real=0.00s
[14188.594s][info][gc,start       ] GC(32848) Pause Young (Allocation Failure)
[14188.597s][info][gc,heap        ] GC(32848) PSYoungGen: 83680K(84992K)->1088K(84992K) Eden: 82944K(82944K)->0K(82944K) From: 736K(2048K)->1088K(2048K)
[14188.597s][info][gc,heap        ] GC(32848) ParOldGen: 599997K(600064K)->600053K(600064K)
[14188.597s][info][gc,metaspace   ] GC(32848) Metaspace: 62251K(62528K)->62251K(62528K) NonClass: 53218K(53440K)->53218K(53440K) Class: 9032K(9088K)->9032K(9088K)
[14188.597s][info][gc             ] GC(32848) Pause Young (Allocation Failure) 667M->587M(669M) 3.522ms
[14188.597s][info][gc,cpu         ] GC(32848) User=0.01s Sys=0.00s Real=0.01s
[14189.087s][info][gc,start       ] GC(32849) Pause Young (Allocation Failure)
[14189.090s][info][gc,heap        ] GC(32849) PSYoungGen: 84032K(84992K)->1152K(84992K) Eden: 82944K(82944K)->0K(82944K) From: 1088K(2048K)->1152K(2048K)
[14189.090s][info][gc,heap        ] GC(32849) ParOldGen: 600053K(600064K)->600101K(600576K)
[14189.090s][info][gc,metaspace   ] GC(32849) Metaspace: 62251K(62528K)->62251K(62528K) NonClass: 53218K(53440K)->53218K(53440K) Class: 9032K(9088K)->9032K(9088K)
[14189.090s][info][gc             ] GC(32849) Pause Young (Allocation Failure) 668M->587M(669M) 3.530ms
[14189.090s][info][gc,cpu         ] GC(32849) User=0.01s Sys=0.00s Real=0.00s
[14189.545s][info][gc,start       ] GC(32850) Pause Young (Allocation Failure)
[14189.548s][info][gc,heap        ] GC(32850) PSYoungGen: 84096K(84992K)->608K(84992K) Eden: 82944K(82944K)->0K(82944K) From: 1152K(2048K)->608K(2048K)
[14189.548s][info][gc,heap        ] GC(32850) ParOldGen: 600101K(600576K)->600149K(600576K)
[14189.548s][info][gc,metaspace   ] GC(32850) Metaspace: 62251K(62528K)->62251K(62528K) NonClass: 53218K(53440K)->53218K(53440K) Class: 9032K(9088K)->9032K(9088K)
[14189.548s][info][gc             ] GC(32850) Pause Young (Allocation Failure) 668M->586M(669M) 2.808ms
[14189.548s][info][gc,cpu         ] GC(32850) User=0.01s Sys=0.00s Real=0.01s
[14190.030s][info][gc,start       ] GC(32851) Pause Young (Allocation Failure)
[14190.033s][info][gc,heap        ] GC(32851) PSYoungGen: 83552K(84992K)->1408K(84992K) Eden: 82944K(82944K)->0K(82944K) From: 608K(2048K)->1408K(2048K)
[14190.033s][info][gc,heap        ] GC(32851) ParOldGen: 600149K(600576K)->601229K(602112K)
[14190.033s][info][gc,metaspace   ] GC(32851) Metaspace: 62251K(62528K)->62251K(62528K) NonClass: 53218K(53440K)->53218K(53440K) Class: 9032K(9088K)->9032K(9088K)
[14190.033s][info][gc             ] GC(32851) Pause Young (Allocation Failure) 667M->588M(671M) 3.518ms
[14190.033s][info][gc,cpu         ] GC(32851) User=0.01s Sys=0.01s Real=0.00s
[14190.522s][info][gc,start       ] GC(32852) Pause Young (Allocation Failure)
[14190.525s][info][gc,heap        ] GC(32852) PSYoungGen: 84352K(84992K)->256K(84992K) Eden: 82944K(82944K)->0K(82944K) From: 1408K(2048K)->256K(2048K)
[14190.525s][info][gc,heap        ] GC(32852) ParOldGen: 601229K(602112K)->603325K(603648K)
[14190.525s][info][gc,metaspace   ] GC(32852) Metaspace: 62251K(62528K)->62251K(62528K) NonClass: 53218K(53440K)->53218K(53440K) Class: 9032K(9088K)->9032K(9088K)
[14190.526s][info][gc             ] GC(32852) Pause Young (Allocation Failure) 669M->589M(672M) 3.726ms
[14190.526s][info][gc,cpu         ] GC(32852) User=0.01s Sys=0.00s Real=0.00s
[14191.008s][info][gc,start       ] GC(32853) Pause Young (Allocation Failure)
[14191.012s][info][gc,heap        ] GC(32853) PSYoungGen: 83200K(84992K)->1440K(84992K) Eden: 82944K(82944K)->0K(82944K) From: 256K(2048K)->1440K(2048K)
[14191.012s][info][gc,heap        ] GC(32853) ParOldGen: 603325K(603648K)->603373K(603648K)
[14191.012s][info][gc,metaspace   ] GC(32853) Metaspace: 62251K(62528K)->62251K(62528K) NonClass: 53218K(53440K)->53218K(53440K) Class: 9032K(9088K)->9032K(9088K)
[14191.012s][info][gc             ] GC(32853) Pause Young (Allocation Failure) 670M->590M(672M) 3.778ms
[14191.012s][info][gc,cpu         ] GC(32853) User=0.01s Sys=0.00s Real=0.00s
[14191.518s][info][gc,start       ] GC(32854) Pause Young (Allocation Failure)
[14191.521s][info][gc,heap        ] GC(32854) PSYoungGen: 84384K(84992K)->192K(84992K) Eden: 82944K(82944K)->0K(82944K) From: 1440K(2048K)->192K(2048K)
[14191.521s][info][gc,heap        ] GC(32854) ParOldGen: 603373K(603648K)->603421K(603648K)
[14191.521s][info][gc,metaspace   ] GC(32854) Metaspace: 62251K(62528K)->62251K(62528K) NonClass: 53218K(53440K)->53218K(53440K) Class: 9032K(9088K)->9032K(9088K)
[14191.521s][info][gc             ] GC(32854) Pause Young (Allocation Failure) 671M->589M(672M) 2.550ms
[14191.521s][info][gc,cpu         ] GC(32854) User=0.01s Sys=0.00s Real=0.00s
[14192.046s][info][gc,start       ] GC(32855) Pause Young (Allocation Failure)
[14192.049s][info][gc,heap        ] GC(32855) PSYoungGen: 83136K(84992K)->544K(84992K) Eden: 82944K(82944K)->0K(82944K) From: 192K(2048K)->544K(2048K)
[14192.049s][info][gc,heap        ] GC(32855) ParOldGen: 603421K(603648K)->603469K(603648K)
[14192.049s][info][gc,metaspace   ] GC(32855) Metaspace: 62251K(62528K)->62251K(62528K) NonClass: 53218K(53440K)->53218K(53440K) Class: 9032K(9088K)->9032K(9088K)
[14192.049s][info][gc             ] GC(32855) Pause Young (Allocation Failure) 670M->589M(672M) 2.844ms
[14192.049s][info][gc,cpu         ] GC(32855) User=0.01s Sys=0.00s Real=0.01s
[14192.815s][info][gc,start       ] GC(32856) Pause Young (Allocation Failure)
[14192.820s][info][gc,heap        ] GC(32856) PSYoungGen: 83488K(84992K)->1344K(84992K) Eden: 82944K(82944K)->0K(82944K) From: 544K(2048K)->1344K(2048K)
[14192.820s][info][gc,heap        ] GC(32856) ParOldGen: 603469K(603648K)->605661K(606720K)
[14192.820s][info][gc,metaspace   ] GC(32856) Metaspace: 62251K(62528K)->62251K(62528K) NonClass: 53218K(53440K)->53218K(53440K) Class: 9032K(9088K)->9032K(9088K)
[14192.820s][info][gc             ] GC(32856) Pause Young (Allocation Failure) 670M->592M(675M) 5.376ms
[14192.820s][info][gc,cpu         ] GC(32856) User=0.01s Sys=0.01s Real=0.01s
[14193.352s][info][gc,start       ] GC(32857) Pause Young (Allocation Failure)
[14193.355s][info][gc,heap        ] GC(32857) PSYoungGen: 84288K(84992K)->672K(84992K) Eden: 82944K(82944K)->0K(82944K) From: 1344K(2048K)->672K(2048K)
[14193.355s][info][gc,heap        ] GC(32857) ParOldGen: 605661K(606720K)->605793K(606720K)
[14193.355s][info][gc,metaspace   ] GC(32857) Metaspace: 62251K(62528K)->62251K(62528K) NonClass: 53218K(53440K)->53218K(53440K) Class: 9032K(9088K)->9032K(9088K)
[14193.355s][info][gc             ] GC(32857) Pause Young (Allocation Failure) 673M->592M(675M) 3.228ms
[14193.355s][info][gc,cpu         ] GC(32857) User=0.00s Sys=0.00s Real=0.00s
[14193.852s][info][gc,start       ] GC(32858) Pause Young (Allocation Failure)
[14193.855s][info][gc,heap        ] GC(32858) PSYoungGen: 83616K(84992K)->672K(84992K) Eden: 82944K(82944K)->0K(82944K) From: 672K(2048K)->672K(2048K)
[14193.855s][info][gc,heap        ] GC(32858) ParOldGen: 605793K(606720K)->605849K(606720K)
[14193.855s][info][gc,metaspace   ] GC(32858) Metaspace: 62251K(62528K)->62251K(62528K) NonClass: 53218K(53440K)->53218K(53440K) Class: 9032K(9088K)->9032K(9088K)
[14193.855s][info][gc             ] GC(32858) Pause Young (Allocation Failure) 673M->592M(675M) 3.087ms
[14193.856s][info][gc,cpu         ] GC(32858) User=0.00s Sys=0.00s Real=0.00s
[14194.406s][info][gc,start       ] GC(32859) Pause Young (Allocation Failure)
[14194.409s][info][gc,heap        ] GC(32859) PSYoungGen: 83616K(84992K)->1280K(84992K) Eden: 82944K(82944K)->0K(82944K) From: 672K(2048K)->1280K(2048K)
[14194.409s][info][gc,heap        ] GC(32859) ParOldGen: 605849K(606720K)->605897K(606720K)
[14194.409s][info][gc,metaspace   ] GC(32859) Metaspace: 62251K(62528K)->62251K(62528K) NonClass: 53218K(53440K)->53218K(53440K) Class: 9032K(9088K)->9032K(9088K)
[14194.409s][info][gc             ] GC(32859) Pause Young (Allocation Failure) 673M->592M(675M) 3.672ms
[14194.410s][info][gc,cpu         ] GC(32859) User=0.01s Sys=0.00s Real=0.01s
[14194.913s][info][gc,start       ] GC(32860) Pause Young (Allocation Failure)
[14194.917s][info][gc,heap        ] GC(32860) PSYoungGen: 84224K(84992K)->1472K(84480K) Eden: 82944K(82944K)->0K(82944K) From: 1280K(2048K)->1472K(1536K)
[14194.917s][info][gc,heap        ] GC(32860) ParOldGen: 605897K(606720K)->605945K(606720K)
[14194.917s][info][gc,metaspace   ] GC(32860) Metaspace: 62251K(62528K)->62251K(62528K) NonClass: 53218K(53440K)->53218K(53440K) Class: 9032K(9088K)->9032K(9088K)
[14194.917s][info][gc             ] GC(32860) Pause Young (Allocation Failure) 673M->593M(675M) 3.744ms
[14194.917s][info][gc,cpu         ] GC(32860) User=0.01s Sys=0.00s Real=0.01s
[14195.437s][info][gc,start       ] GC(32861) Pause Young (Allocation Failure)
[14195.440s][info][gc,heap        ] GC(32861) PSYoungGen: 84416K(84480K)->416K(84480K) Eden: 82944K(82944K)->0K(81920K) From: 1472K(1536K)->416K(2560K)
[14195.440s][info][gc,heap        ] GC(32861) ParOldGen: 605945K(606720K)->605993K(606720K)
[14195.440s][info][gc,metaspace   ] GC(32861) Metaspace: 62251K(62528K)->62251K(62528K) NonClass: 53218K(53440K)->53218K(53440K) Class: 9032K(9088K)->9032K(9088K)
[14195.440s][info][gc             ] GC(32861) Pause Young (Allocation Failure) 674M->592M(675M) 2.612ms
[14195.440s][info][gc,cpu         ] GC(32861) User=0.00s Sys=0.00s Real=0.00s
[14196.025s][info][gc,start       ] GC(32862) Pause Young (Allocation Failure)
[14196.028s][info][gc,heap        ] GC(32862) PSYoungGen: 82336K(84480K)->336K(84480K) Eden: 81920K(81920K)->0K(81920K) From: 416K(2560K)->336K(2560K)
[14196.028s][info][gc,heap        ] GC(32862) ParOldGen: 605993K(606720K)->606049K(606720K)
[14196.028s][info][gc,metaspace   ] GC(32862) Metaspace: 62251K(62528K)->62251K(62528K) NonClass: 53218K(53440K)->53218K(53440K) Class: 9032K(9088K)->9032K(9088K)
[14196.028s][info][gc             ] GC(32862) Pause Young (Allocation Failure) 672M->592M(675M) 2.906ms
[14196.028s][info][gc,cpu         ] GC(32862) User=0.01s Sys=0.00s Real=0.01s
[14196.514s][info][gc,start       ] GC(32863) Pause Young (Allocation Failure)
[14196.518s][info][gc,heap        ] GC(32863) PSYoungGen: 82256K(84480K)->1472K(83968K) Eden: 81920K(81920K)->0K(81920K) From: 336K(2560K)->1472K(2048K)
[14196.518s][info][gc,heap        ] GC(32863) ParOldGen: 606049K(606720K)->606145K(606720K)
[14196.518s][info][gc,metaspace   ] GC(32863) Metaspace: 62251K(62528K)->62251K(62528K) NonClass: 53218K(53440K)->53218K(53440K) Class: 9032K(9088K)->9032K(9088K)
[14196.518s][info][gc             ] GC(32863) Pause Young (Allocation Failure) 672M->593M(674M) 4.025ms
[14196.518s][info][gc,cpu         ] GC(32863) User=0.01s Sys=0.00s Real=0.01s
[14197.038s][info][gc,start       ] GC(32864) Pause Young (Allocation Failure)
[14197.041s][info][gc,heap        ] GC(32864) PSYoungGen: 83392K(83968K)->480K(84480K) Eden: 81920K(81920K)->0K(81920K) From: 1472K(2048K)->480K(2560K)
[14197.041s][info][gc,heap        ] GC(32864) ParOldGen: 606145K(606720K)->606193K(606720K)
[14197.041s][info][gc,metaspace   ] GC(32864) Metaspace: 62251K(62528K)->62251K(62528K) NonClass: 53218K(53440K)->53218K(53440K) Class: 9032K(9088K)->9032K(9088K)
[14197.041s][info][gc             ] GC(32864) Pause Young (Allocation Failure) 673M->592M(675M) 2.815ms
[14197.041s][info][gc,cpu         ] GC(32864) User=0.01s Sys=0.00s Real=0.00s
[14197.518s][info][gc,start       ] GC(32865) Pause Young (Allocation Failure)
[14197.521s][info][gc,heap        ] GC(32865) PSYoungGen: 82400K(84480K)->2240K(84480K) Eden: 81920K(81920K)->0K(81920K) From: 480K(2560K)->2240K(2560K)
[14197.521s][info][gc,heap        ] GC(32865) ParOldGen: 606193K(606720K)->606249K(606720K)
[14197.521s][info][gc,metaspace   ] GC(32865) Metaspace: 62251K(62528K)->62251K(62528K) NonClass: 53218K(53440K)->53218K(53440K) Class: 9032K(9088K)->9032K(9088K)
[14197.521s][info][gc             ] GC(32865) Pause Young (Allocation Failure) 672M->594M(675M) 3.040ms
[14197.521s][info][gc,cpu         ] GC(32865) User=0.00s Sys=0.00s Real=0.00s
[14198.000s][info][gc,start       ] GC(32866) Pause Young (Allocation Failure)
[14198.005s][info][gc,heap        ] GC(32866) PSYoungGen: 84160K(84480K)->1248K(84480K) Eden: 81920K(81920K)->0K(81920K) From: 2240K(2560K)->1248K(2560K)
[14198.005s][info][gc,heap        ] GC(32866) ParOldGen: 606249K(606720K)->608353K(609792K)
[14198.005s][info][gc,metaspace   ] GC(32866) Metaspace: 62251K(62528K)->62251K(62528K) NonClass: 53218K(53440K)->53218K(53440K) Class: 9032K(9088K)->9032K(9088K)
[14198.005s][info][gc             ] GC(32866) Pause Young (Allocation Failure) 674M->595M(678M) 5.131ms
[14198.005s][info][gc,cpu         ] GC(32866) User=0.00s Sys=0.00s Real=0.00s
[14198.492s][info][gc,start       ] GC(32867) Pause Young (Allocation Failure)
[14198.495s][info][gc,heap        ] GC(32867) PSYoungGen: 83168K(84480K)->1248K(84480K) Eden: 81920K(81920K)->0K(81920K) From: 1248K(2560K)->1248K(2560K)
[14198.495s][info][gc,heap        ] GC(32867) ParOldGen: 608353K(609792K)->608409K(609792K)
[14198.495s][info][gc,metaspace   ] GC(32867) Metaspace: 62251K(62528K)->62251K(62528K) NonClass: 53218K(53440K)->53218K(53440K) Class: 9032K(9088K)->9032K(9088K)
[14198.495s][info][gc             ] GC(32867) Pause Young (Allocation Failure) 675M->595M(678M) 3.465ms
[14198.495s][info][gc,cpu         ] GC(32867) User=0.00s Sys=0.00s Real=0.00s
[14198.947s][info][gc,start       ] GC(32868) Pause Young (Allocation Failure)
[14198.950s][info][gc,heap        ] GC(32868) PSYoungGen: 83168K(84480K)->608K(84480K) Eden: 81920K(81920K)->0K(81920K) From: 1248K(2560K)->608K(2560K)
[14198.950s][info][gc,heap        ] GC(32868) ParOldGen: 608409K(609792K)->608457K(609792K)
[14198.950s][info][gc,metaspace   ] GC(32868) Metaspace: 62251K(62528K)->62251K(62528K) NonClass: 53218K(53440K)->53218K(53440K) Class: 9032K(9088K)->9032K(9088K)
[14198.950s][info][gc             ] GC(32868) Pause Young (Allocation Failure) 675M->594M(678M) 2.949ms
[14198.950s][info][gc,cpu         ] GC(32868) User=0.00s Sys=0.00s Real=0.00s
[14199.396s][info][gc,start       ] GC(32869) Pause Young (Allocation Failure)
[14199.400s][info][gc,heap        ] GC(32869) PSYoungGen: 82528K(84480K)->1312K(84480K) Eden: 81920K(81920K)->0K(81920K) From: 608K(2560K)->1312K(2560K)
[14199.400s][info][gc,heap        ] GC(32869) ParOldGen: 608457K(609792K)->608505K(609792K)
[14199.400s][info][gc,metaspace   ] GC(32869) Metaspace: 62251K(62528K)->62251K(62528K) NonClass: 53218K(53440K)->53218K(53440K) Class: 9032K(9088K)->9032K(9088K)
[14199.400s][info][gc             ] GC(32869) Pause Young (Allocation Failure) 674M->595M(678M) 3.717ms
[14199.400s][info][gc,cpu         ] GC(32869) User=0.00s Sys=0.00s Real=0.01s
[14199.853s][info][gc,start       ] GC(32870) Pause Young (Allocation Failure)
[14199.857s][info][gc,heap        ] GC(32870) PSYoungGen: 83232K(84480K)->736K(84480K) Eden: 81920K(81920K)->0K(81920K) From: 1312K(2560K)->736K(2560K)
[14199.857s][info][gc,heap        ] GC(32870) ParOldGen: 608505K(609792K)->608553K(609792K)
[14199.857s][info][gc,metaspace   ] GC(32870) Metaspace: 62251K(62528K)->62251K(62528K) NonClass: 53218K(53440K)->53218K(53440K) Class: 9032K(9088K)->9032K(9088K)
[14199.857s][info][gc             ] GC(32870) Pause Young (Allocation Failure) 675M->595M(678M) 3.128ms
[14199.857s][info][gc,cpu         ] GC(32870) User=0.00s Sys=0.00s Real=0.01s
[14200.322s][info][gc,start       ] GC(32871) Pause Young (Allocation Failure)
[14200.325s][info][gc,heap        ] GC(32871) PSYoungGen: 82656K(84480K)->256K(84480K) Eden: 81920K(81920K)->0K(81920K) From: 736K(2560K)->256K(2560K)
[14200.325s][info][gc,heap        ] GC(32871) ParOldGen: 608553K(609792K)->608609K(609792K)
[14200.325s][info][gc,metaspace   ] GC(32871) Metaspace: 62251K(62528K)->62251K(62528K) NonClass: 53218K(53440K)->53218K(53440K) Class: 9032K(9088K)->9032K(9088K)
[14200.325s][info][gc             ] GC(32871) Pause Young (Allocation Failure) 675M->594M(678M) 2.645ms
[14200.325s][info][gc,cpu         ] GC(32871) User=0.01s Sys=0.00s Real=0.00s
[14200.794s][info][gc,start       ] GC(32872) Pause Young (Allocation Failure)
[14200.797s][info][gc,heap        ] GC(32872) PSYoungGen: 82176K(84480K)->1088K(84480K) Eden: 81920K(81920K)->0K(81920K) From: 256K(2560K)->1088K(2560K)
[14200.797s][info][gc,heap        ] GC(32872) ParOldGen: 608609K(609792K)->608665K(609792K)
[14200.797s][info][gc,metaspace   ] GC(32872) Metaspace: 62251K(62528K)->62251K(62528K) NonClass: 53218K(53440K)->53218K(53440K) Class: 9032K(9088K)->9032K(9088K)
[14200.798s][info][gc             ] GC(32872) Pause Young (Allocation Failure) 674M->595M(678M) 3.661ms
[14200.798s][info][gc,cpu         ] GC(32872) User=0.01s Sys=0.00s Real=0.01s
[14201.311s][info][gc,start       ] GC(32873) Pause Young (Allocation Failure)
[14201.314s][info][gc,heap        ] GC(32873) PSYoungGen: 83008K(84480K)->1312K(84480K) Eden: 81920K(81920K)->0K(81920K) From: 1088K(2560K)->1312K(2560K)
[14201.314s][info][gc,heap        ] GC(32873) ParOldGen: 608665K(609792K)->608721K(609792K)
[14201.314s][info][gc,metaspace   ] GC(32873) Metaspace: 62251K(62528K)->62251K(62528K) NonClass: 53218K(53440K)->53218K(53440K) Class: 9032K(9088K)->9032K(9088K)
[14201.314s][info][gc             ] GC(32873) Pause Young (Allocation Failure) 675M->595M(678M) 3.522ms
[14201.314s][info][gc,cpu         ] GC(32873) User=0.00s Sys=0.00s Real=0.00s
[14201.816s][info][gc,start       ] GC(32874) Pause Young (Allocation Failure)
[14201.820s][info][gc,heap        ] GC(32874) PSYoungGen: 83232K(84480K)->1568K(84480K) Eden: 81920K(81920K)->0K(81920K) From: 1312K(2560K)->1568K(2560K)
[14201.820s][info][gc,heap        ] GC(32874) ParOldGen: 608721K(609792K)->608769K(609792K)
[14201.820s][info][gc,metaspace   ] GC(32874) Metaspace: 62251K(62528K)->62251K(62528K) NonClass: 53218K(53440K)->53218K(53440K) Class: 9032K(9088K)->9032K(9088K)
[14201.820s][info][gc             ] GC(32874) Pause Young (Allocation Failure) 675M->596M(678M) 3.744ms
[14201.820s][info][gc,cpu         ] GC(32874) User=0.00s Sys=0.00s Real=0.01s
[14202.291s][info][gc,start       ] GC(32875) Pause Young (Allocation Failure)
[14202.295s][info][gc,heap        ] GC(32875) PSYoungGen: 83488K(84480K)->2240K(83456K) Eden: 81920K(81920K)->0K(80896K) From: 1568K(2560K)->2240K(2560K)
[14202.295s][info][gc,heap        ] GC(32875) ParOldGen: 608769K(609792K)->609841K(611328K)
[14202.295s][info][gc,metaspace   ] GC(32875) Metaspace: 62251K(62528K)->62251K(62528K) NonClass: 53218K(53440K)->53218K(53440K) Class: 9032K(9088K)->9032K(9088K)
[14202.296s][info][gc             ] GC(32875) Pause Young (Allocation Failure) 676M->597M(678M) 4.240ms
[14202.296s][info][gc,cpu         ] GC(32875) User=0.00s Sys=0.00s Real=0.00s
[14202.755s][info][gc,start       ] GC(32876) Pause Young (Allocation Failure)
[14202.759s][info][gc,heap        ] GC(32876) PSYoungGen: 83136K(83456K)->704K(83968K) Eden: 80896K(80896K)->0K(80896K) From: 2240K(2560K)->704K(3072K)
[14202.759s][info][gc,heap        ] GC(32876) ParOldGen: 609841K(611328K)->611945K(612864K)
[14202.760s][info][gc,metaspace   ] GC(32876) Metaspace: 62251K(62528K)->62251K(62528K) NonClass: 53218K(53440K)->53218K(53440K) Class: 9032K(9088K)->9032K(9088K)
[14202.760s][info][gc             ] GC(32876) Pause Young (Allocation Failure) 676M->598M(680M) 4.155ms
[14202.760s][info][gc,cpu         ] GC(32876) User=0.00s Sys=0.00s Real=0.01s
[14203.202s][info][gc,start       ] GC(32877) Pause Young (Allocation Failure)
[14203.205s][info][gc,heap        ] GC(32877) PSYoungGen: 81600K(83968K)->1440K(84480K) Eden: 80896K(80896K)->0K(81920K) From: 704K(3072K)->1440K(2560K)
[14203.205s][info][gc,heap        ] GC(32877) ParOldGen: 611945K(612864K)->612001K(612864K)
[14203.205s][info][gc,metaspace   ] GC(32877) Metaspace: 62251K(62528K)->62251K(62528K) NonClass: 53218K(53440K)->53218K(53440K) Class: 9032K(9088K)->9032K(9088K)
[14203.205s][info][gc             ] GC(32877) Pause Young (Allocation Failure) 677M->599M(681M) 3.640ms
[14203.205s][info][gc,cpu         ] GC(32877) User=0.01s Sys=0.00s Real=0.00s
[14203.705s][info][gc,start       ] GC(32878) Pause Young (Allocation Failure)
[14203.709s][info][gc,heap        ] GC(32878) PSYoungGen: 83360K(84480K)->1344K(84480K) Eden: 81920K(81920K)->0K(81920K) From: 1440K(2560K)->1344K(2560K)
[14203.709s][info][gc,heap        ] GC(32878) ParOldGen: 612001K(612864K)->612057K(612864K)
[14203.709s][info][gc,metaspace   ] GC(32878) Metaspace: 62251K(62528K)->62251K(62528K) NonClass: 53218K(53440K)->53218K(53440K) Class: 9032K(9088K)->9032K(9088K)
[14203.709s][info][gc             ] GC(32878) Pause Young (Allocation Failure) 679M->599M(681M) 3.446ms
[14203.709s][info][gc,cpu         ] GC(32878) User=0.01s Sys=0.00s Real=0.01s
[14204.275s][info][gc,start       ] GC(32879) Pause Young (Allocation Failure)
[14204.278s][info][gc,heap        ] GC(32879) PSYoungGen: 83264K(84480K)->880K(84480K) Eden: 81920K(81920K)->0K(81920K) From: 1344K(2560K)->880K(2560K)
[14204.278s][info][gc,heap        ] GC(32879) ParOldGen: 612057K(612864K)->612113K(612864K)
[14204.278s][info][gc,metaspace   ] GC(32879) Metaspace: 62251K(62528K)->62251K(62528K) NonClass: 53218K(53440K)->53218K(53440K) Class: 9032K(9088K)->9032K(9088K)
[14204.278s][info][gc             ] GC(32879) Pause Young (Allocation Failure) 679M->598M(681M) 3.034ms
[14204.278s][info][gc,cpu         ] GC(32879) User=0.01s Sys=0.00s Real=0.01s
[14204.770s][info][gc,start       ] GC(32880) Pause Young (Allocation Failure)
[14204.773s][info][gc,heap        ] GC(32880) PSYoungGen: 82800K(84480K)->832K(84480K) Eden: 81920K(81920K)->0K(81920K) From: 880K(2560K)->832K(2560K)
[14204.773s][info][gc,heap        ] GC(32880) ParOldGen: 612113K(612864K)->612217K(612864K)
[14204.773s][info][gc,metaspace   ] GC(32880) Metaspace: 62251K(62528K)->62251K(62528K) NonClass: 53218K(53440K)->53218K(53440K) Class: 9032K(9088K)->9032K(9088K)
[14204.773s][info][gc             ] GC(32880) Pause Young (Allocation Failure) 678M->598M(681M) 3.297ms
[14204.773s][info][gc,cpu         ] GC(32880) User=0.01s Sys=0.00s Real=0.00s
[14205.307s][info][gc,start       ] GC(32881) Pause Young (Allocation Failure)
[14205.311s][info][gc,heap        ] GC(32881) PSYoungGen: 82752K(84480K)->1440K(84480K) Eden: 81920K(81920K)->0K(81920K) From: 832K(2560K)->1440K(2560K)
[14205.311s][info][gc,heap        ] GC(32881) ParOldGen: 612217K(612864K)->612265K(612864K)
[14205.311s][info][gc,metaspace   ] GC(32881) Metaspace: 62251K(62528K)->62251K(62528K) NonClass: 53218K(53440K)->53218K(53440K) Class: 9032K(9088K)->9032K(9088K)
[14205.311s][info][gc             ] GC(32881) Pause Young (Allocation Failure) 678M->599M(681M) 3.631ms
[14205.311s][info][gc,cpu         ] GC(32881) User=0.00s Sys=0.00s Real=0.00s
[14205.826s][info][gc,start       ] GC(32882) Pause Young (Allocation Failure)
[14205.828s][info][gc,heap        ] GC(32882) PSYoungGen: 83360K(84480K)->288K(84480K) Eden: 81920K(81920K)->0K(81920K) From: 1440K(2560K)->288K(2560K)
[14205.828s][info][gc,heap        ] GC(32882) ParOldGen: 612265K(612864K)->612313K(612864K)
[14205.828s][info][gc,metaspace   ] GC(32882) Metaspace: 62251K(62528K)->62251K(62528K) NonClass: 53218K(53440K)->53218K(53440K) Class: 9032K(9088K)->9032K(9088K)
[14205.829s][info][gc             ] GC(32882) Pause Young (Allocation Failure) 679M->598M(681M) 2.781ms
[14205.829s][info][gc,cpu         ] GC(32882) User=0.00s Sys=0.00s Real=0.01s
[14206.345s][info][gc,start       ] GC(32883) Pause Young (Allocation Failure)
[14206.347s][info][gc,heap        ] GC(32883) PSYoungGen: 82208K(84480K)->512K(84480K) Eden: 81920K(81920K)->0K(81920K) From: 288K(2560K)->512K(2560K)
[14206.347s][info][gc,heap        ] GC(32883) ParOldGen: 612313K(612864K)->612369K(612864K)
[14206.347s][info][gc,metaspace   ] GC(32883) Metaspace: 62251K(62528K)->62251K(62528K) NonClass: 53218K(53440K)->53218K(53440K) Class: 9032K(9088K)->9032K(9088K)
[14206.348s][info][gc             ] GC(32883) Pause Young (Allocation Failure) 678M->598M(681M) 2.744ms
[14206.348s][info][gc,cpu         ] GC(32883) User=0.01s Sys=0.00s Real=0.01s
[14206.815s][info][gc,start       ] GC(32884) Pause Young (Allocation Failure)
[14206.818s][info][gc,heap        ] GC(32884) PSYoungGen: 82432K(84480K)->1632K(84480K) Eden: 81920K(81920K)->0K(81920K) From: 512K(2560K)->1632K(2560K)
[14206.819s][info][gc,heap        ] GC(32884) ParOldGen: 612369K(612864K)->612425K(612864K)
[14206.819s][info][gc,metaspace   ] GC(32884) Metaspace: 62251K(62528K)->62251K(62528K) NonClass: 53218K(53440K)->53218K(53440K) Class: 9032K(9088K)->9032K(9088K)
[14206.819s][info][gc             ] GC(32884) Pause Young (Allocation Failure) 678M->599M(681M) 3.826ms
[14206.819s][info][gc,cpu         ] GC(32884) User=0.01s Sys=0.00s Real=0.01s
[14207.306s][info][gc,start       ] GC(32885) Pause Young (Allocation Failure)
[14207.310s][info][gc,heap        ] GC(32885) PSYoungGen: 83552K(84480K)->1440K(84480K) Eden: 81920K(81920K)->0K(81920K) From: 1632K(2560K)->1440K(2560K)
[14207.310s][info][gc,heap        ] GC(32885) ParOldGen: 612425K(612864K)->612481K(612864K)
[14207.310s][info][gc,metaspace   ] GC(32885) Metaspace: 62251K(62528K)->62251K(62528K) NonClass: 53218K(53440K)->53218K(53440K) Class: 9032K(9088K)->9032K(9088K)
[14207.310s][info][gc             ] GC(32885) Pause Young (Allocation Failure) 679M->599M(681M) 3.629ms
[14207.310s][info][gc,cpu         ] GC(32885) User=0.00s Sys=0.00s Real=0.01s
[14207.773s][info][gc,start       ] GC(32886) Pause Young (Allocation Failure)
[14207.778s][info][gc,heap        ] GC(32886) PSYoungGen: 83360K(84480K)->2016K(83968K) Eden: 81920K(81920K)->0K(81920K) From: 1440K(2560K)->2016K(2048K)
[14207.778s][info][gc,heap        ] GC(32886) ParOldGen: 612481K(612864K)->614585K(615936K)
[14207.778s][info][gc,metaspace   ] GC(32886) Metaspace: 62251K(62528K)->62251K(62528K) NonClass: 53218K(53440K)->53218K(53440K) Class: 9032K(9088K)->9032K(9088K)
[14207.778s][info][gc             ] GC(32886) Pause Young (Allocation Failure) 679M->602M(683M) 4.406ms
[14207.778s][info][gc,cpu         ] GC(32886) User=0.01s Sys=0.00s Real=0.01s
[14208.243s][info][gc,start       ] GC(32887) Pause Young (Allocation Failure)
[14208.246s][info][gc,heap        ] GC(32887) PSYoungGen: 83936K(83968K)->480K(83968K) Eden: 81920K(81920K)->0K(80896K) From: 2016K(2048K)->480K(3072K)
[14208.246s][info][gc,heap        ] GC(32887) ParOldGen: 614585K(615936K)->615657K(615936K)
[14208.246s][info][gc,metaspace   ] GC(32887) Metaspace: 62251K(62528K)->62251K(62528K) NonClass: 53218K(53440K)->53218K(53440K) Class: 9032K(9088K)->9032K(9088K)
[14208.246s][info][gc             ] GC(32887) Pause Young (Allocation Failure) 682M->601M(683M) 3.285ms
[14208.246s][info][gc,cpu         ] GC(32887) User=0.00s Sys=0.00s Real=0.00s
[14208.699s][info][gc,start       ] GC(32888) Pause Young (Allocation Failure)
[14208.702s][info][gc,heap        ] GC(32888) PSYoungGen: 81376K(83968K)->1248K(83968K) Eden: 80896K(80896K)->0K(80896K) From: 480K(3072K)->1248K(3072K)
[14208.702s][info][gc,heap        ] GC(32888) ParOldGen: 615657K(615936K)->615713K(615936K)
[14208.702s][info][gc,metaspace   ] GC(32888) Metaspace: 62251K(62528K)->62251K(62528K) NonClass: 53218K(53440K)->53218K(53440K) Class: 9032K(9088K)->9032K(9088K)
[14208.702s][info][gc             ] GC(32888) Pause Young (Allocation Failure) 680M->602M(683M) 3.382ms
[14208.702s][info][gc,cpu         ] GC(32888) User=0.01s Sys=0.00s Real=0.00s
[14209.120s][info][gc,start       ] GC(32889) Pause Young (Allocation Failure)
[14209.123s][info][gc,heap        ] GC(32889) PSYoungGen: 82144K(83968K)->224K(84480K) Eden: 80896K(80896K)->0K(81920K) From: 1248K(3072K)->224K(2560K)
[14209.123s][info][gc,heap        ] GC(32889) ParOldGen: 615713K(615936K)->615769K(615936K)
[14209.123s][info][gc,metaspace   ] GC(32889) Metaspace: 62251K(62528K)->62251K(62528K) NonClass: 53218K(53440K)->53218K(53440K) Class: 9032K(9088K)->9032K(9088K)
[14209.123s][info][gc             ] GC(32889) Pause Young (Allocation Failure) 681M->601M(684M) 2.499ms
[14209.123s][info][gc,cpu         ] GC(32889) User=0.01s Sys=0.00s Real=0.00s
[14209.651s][info][gc,start       ] GC(32890) Pause Young (Allocation Failure)
[14209.654s][info][gc,heap        ] GC(32890) PSYoungGen: 82144K(84480K)->608K(84480K) Eden: 81920K(81920K)->0K(81920K) From: 224K(2560K)->608K(2560K)
[14209.654s][info][gc,heap        ] GC(32890) ParOldGen: 615769K(615936K)->615817K(615936K)
[14209.654s][info][gc,metaspace   ] GC(32890) Metaspace: 62251K(62528K)->62251K(62528K) NonClass: 53218K(53440K)->53218K(53440K) Class: 9032K(9088K)->9032K(9088K)
[14209.654s][info][gc             ] GC(32890) Pause Young (Allocation Failure) 681M->601M(684M) 2.860ms
[14209.654s][info][gc,cpu         ] GC(32890) User=0.00s Sys=0.00s Real=0.00s
[14210.177s][info][gc,start       ] GC(32891) Pause Young (Allocation Failure)
[14210.180s][info][gc,heap        ] GC(32891) PSYoungGen: 82528K(84480K)->928K(84480K) Eden: 81920K(81920K)->0K(81920K) From: 608K(2560K)->928K(2560K)
[14210.180s][info][gc,heap        ] GC(32891) ParOldGen: 615817K(615936K)->615865K(615936K)
[14210.180s][info][gc,metaspace   ] GC(32891) Metaspace: 62251K(62528K)->62251K(62528K) NonClass: 53218K(53440K)->53218K(53440K) Class: 9032K(9088K)->9032K(9088K)
[14210.180s][info][gc             ] GC(32891) Pause Young (Allocation Failure) 681M->602M(684M) 3.103ms
[14210.180s][info][gc,cpu         ] GC(32891) User=0.01s Sys=0.00s Real=0.00s
[14210.657s][info][gc,start       ] GC(32892) Pause Young (Allocation Failure)
[14210.660s][info][gc,heap        ] GC(32892) PSYoungGen: 82848K(84480K)->704K(84480K) Eden: 81920K(81920K)->0K(81920K) From: 928K(2560K)->704K(2560K)
[14210.660s][info][gc,heap        ] GC(32892) ParOldGen: 615865K(615936K)->615913K(615936K)
[14210.660s][info][gc,metaspace   ] GC(32892) Metaspace: 62251K(62528K)->62251K(62528K) NonClass: 53218K(53440K)->53218K(53440K) Class: 9032K(9088K)->9032K(9088K)
[14210.660s][info][gc             ] GC(32892) Pause Young (Allocation Failure) 682M->602M(684M) 2.984ms
[14210.660s][info][gc,cpu         ] GC(32892) User=0.01s Sys=0.00s Real=0.00s
[14211.132s][info][gc,start       ] GC(32893) Pause Young (Allocation Failure)
[14211.134s][info][gc,heap        ] GC(32893) PSYoungGen: 82624K(84480K)->416K(84480K) Eden: 81920K(81920K)->0K(81920K) From: 704K(2560K)->416K(2560K)
[14211.134s][info][gc,heap        ] GC(32893) ParOldGen: 615913K(615936K)->615961K(616448K)
[14211.134s][info][gc,metaspace   ] GC(32893) Metaspace: 62251K(62528K)->62251K(62528K) NonClass: 53218K(53440K)->53218K(53440K) Class: 9032K(9088K)->9032K(9088K)
[14211.134s][info][gc             ] GC(32893) Pause Young (Allocation Failure) 682M->601M(684M) 2.797ms
[14211.134s][info][gc,cpu         ] GC(32893) User=0.01s Sys=0.00s Real=0.00s
[14211.636s][info][gc,start       ] GC(32894) Pause Young (Allocation Failure)
[14211.639s][info][gc,heap        ] GC(32894) PSYoungGen: 82336K(84480K)->384K(84480K) Eden: 81920K(81920K)->0K(81920K) From: 416K(2560K)->384K(2560K)
[14211.639s][info][gc,heap        ] GC(32894) ParOldGen: 615961K(616448K)->616009K(616448K)
[14211.639s][info][gc,metaspace   ] GC(32894) Metaspace: 62251K(62528K)->62251K(62528K) NonClass: 53218K(53440K)->53218K(53440K) Class: 9032K(9088K)->9032K(9088K)
[14211.639s][info][gc             ] GC(32894) Pause Young (Allocation Failure) 681M->601M(684M) 2.858ms
[14211.639s][info][gc,cpu         ] GC(32894) User=0.00s Sys=0.01s Real=0.01s
[14212.176s][info][gc,start       ] GC(32895) Pause Young (Allocation Failure)
[14212.180s][info][gc,heap        ] GC(32895) PSYoungGen: 82304K(84480K)->848K(84992K) Eden: 81920K(81920K)->0K(82432K) From: 384K(2560K)->848K(2560K)
[14212.180s][info][gc,heap        ] GC(32895) ParOldGen: 616009K(616448K)->616057K(616448K)
[14212.180s][info][gc,metaspace   ] GC(32895) Metaspace: 62251K(62528K)->62251K(62528K) NonClass: 53218K(53440K)->53218K(53440K) Class: 9032K(9088K)->9032K(9088K)
[14212.180s][info][gc             ] GC(32895) Pause Young (Allocation Failure) 681M->602M(685M) 3.157ms
[14212.180s][info][gc,cpu         ] GC(32895) User=0.00s Sys=0.00s Real=0.00s
[14212.689s][info][gc,start       ] GC(32896) Pause Young (Allocation Failure)
[14212.693s][info][gc,heap        ] GC(32896) PSYoungGen: 83280K(84992K)->1088K(84480K) Eden: 82432K(82432K)->0K(82432K) From: 848K(2560K)->1088K(2048K)
[14212.693s][info][gc,heap        ] GC(32896) ParOldGen: 616057K(616448K)->616153K(616448K)
[14212.693s][info][gc,metaspace   ] GC(32896) Metaspace: 62251K(62528K)->62251K(62528K) NonClass: 53218K(53440K)->53218K(53440K) Class: 9032K(9088K)->9032K(9088K)
[14212.693s][info][gc             ] GC(32896) Pause Young (Allocation Failure) 682M->602M(684M) 3.347ms
[14212.693s][info][gc,cpu         ] GC(32896) User=0.00s Sys=0.00s Real=0.00s
[14213.217s][info][gc,start       ] GC(32897) Pause Young (Allocation Failure)
[14213.220s][info][gc,heap        ] GC(32897) PSYoungGen: 83520K(84480K)->1440K(83968K) Eden: 82432K(82432K)->0K(81920K) From: 1088K(2048K)->1440K(2048K)
[14213.220s][info][gc,heap        ] GC(32897) ParOldGen: 616153K(616448K)->616201K(616448K)
[14213.220s][info][gc,metaspace   ] GC(32897) Metaspace: 62251K(62528K)->62251K(62528K) NonClass: 53218K(53440K)->53218K(53440K) Class: 9032K(9088K)->9032K(9088K)
[14213.220s][info][gc             ] GC(32897) Pause Young (Allocation Failure) 683M->603M(684M) 3.728ms
[14213.220s][info][gc,cpu         ] GC(32897) User=0.00s Sys=0.00s Real=0.00s
[14213.732s][info][gc,start       ] GC(32898) Pause Young (Allocation Failure)
[14213.734s][info][gc,heap        ] GC(32898) PSYoungGen: 83360K(83968K)->384K(84480K) Eden: 81920K(81920K)->0K(81920K) From: 1440K(2048K)->384K(2560K)
[14213.734s][info][gc,heap        ] GC(32898) ParOldGen: 616201K(616448K)->616249K(616448K)
[14213.734s][info][gc,metaspace   ] GC(32898) Metaspace: 62251K(62528K)->62251K(62528K) NonClass: 53218K(53440K)->53218K(53440K) Class: 9032K(9088K)->9032K(9088K)
[14213.734s][info][gc             ] GC(32898) Pause Young (Allocation Failure) 683M->602M(684M) 2.633ms
[14213.734s][info][gc,cpu         ] GC(32898) User=0.01s Sys=0.00s Real=0.00s
[14214.229s][info][gc,start       ] GC(32899) Pause Young (Allocation Failure)
[14214.231s][info][gc,heap        ] GC(32899) PSYoungGen: 82304K(84480K)->352K(84992K) Eden: 81920K(81920K)->0K(82432K) From: 384K(2560K)->352K(2560K)
[14214.231s][info][gc,heap        ] GC(32899) ParOldGen: 616249K(616448K)->616297K(616448K)
[14214.231s][info][gc,metaspace   ] GC(32899) Metaspace: 62251K(62528K)->62251K(62528K) NonClass: 53218K(53440K)->53218K(53440K) Class: 9032K(9088K)->9032K(9088K)
[14214.231s][info][gc             ] GC(32899) Pause Young (Allocation Failure) 682M->602M(685M) 2.611ms
[14214.231s][info][gc,cpu         ] GC(32899) User=0.01s Sys=0.00s Real=0.00s
[14214.734s][info][gc,start       ] GC(32900) Pause Young (Allocation Failure)
[14214.737s][info][gc,heap        ] GC(32900) PSYoungGen: 82784K(84992K)->384K(84480K) Eden: 82432K(82432K)->0K(82432K) From: 352K(2560K)->384K(2048K)
[14214.737s][info][gc,heap        ] GC(32900) ParOldGen: 616297K(616448K)->616353K(616448K)
[14214.737s][info][gc,metaspace   ] GC(32900) Metaspace: 62251K(62528K)->62251K(62528K) NonClass: 53218K(53440K)->53218K(53440K) Class: 9032K(9088K)->9032K(9088K)
[14214.737s][info][gc             ] GC(32900) Pause Young (Allocation Failure) 682M->602M(684M) 2.761ms
[14214.737s][info][gc,cpu         ] GC(32900) User=0.00s Sys=0.00s Real=0.01s
[14215.235s][info][gc,start       ] GC(32901) Pause Young (Allocation Failure)
[14215.238s][info][gc,heap        ] GC(32901) PSYoungGen: 82816K(84480K)->416K(84992K) Eden: 82432K(82432K)->0K(82944K) From: 384K(2048K)->416K(2048K)
[14215.238s][info][gc,heap        ] GC(32901) ParOldGen: 616353K(616448K)->616401K(616448K)
[14215.238s][info][gc,metaspace   ] GC(32901) Metaspace: 62251K(62528K)->62251K(62528K) NonClass: 53218K(53440K)->53218K(53440K) Class: 9032K(9088K)->9032K(9088K)
[14215.238s][info][gc             ] GC(32901) Pause Young (Allocation Failure) 682M->602M(685M) 2.766ms
[14215.238s][info][gc,cpu         ] GC(32901) User=0.01s Sys=0.00s Real=0.01s
[14215.743s][info][gc,start       ] GC(32902) Pause Young (Allocation Failure)
[14215.746s][info][gc,heap        ] GC(32902) PSYoungGen: 83360K(84992K)->544K(84992K) Eden: 82944K(82944K)->0K(82944K) From: 416K(2048K)->544K(2048K)
[14215.746s][info][gc,heap        ] GC(32902) ParOldGen: 616401K(616448K)->616449K(616960K)
[14215.746s][info][gc,metaspace   ] GC(32902) Metaspace: 62251K(62528K)->62251K(62528K) NonClass: 53218K(53440K)->53218K(53440K) Class: 9032K(9088K)->9032K(9088K)
[14215.746s][info][gc             ] GC(32902) Pause Young (Allocation Failure) 683M->602M(685M) 2.940ms
[14215.746s][info][gc,cpu         ] GC(32902) User=0.01s Sys=0.00s Real=0.00s
[14216.205s][info][gc,start       ] GC(32903) Pause Young (Allocation Failure)
[14216.208s][info][gc,heap        ] GC(32903) PSYoungGen: 83488K(84992K)->1408K(84992K) Eden: 82944K(82944K)->0K(82944K) From: 544K(2048K)->1408K(2048K)
[14216.208s][info][gc,heap        ] GC(32903) ParOldGen: 616449K(616960K)->616497K(616960K)
[14216.208s][info][gc,metaspace   ] GC(32903) Metaspace: 62251K(62528K)->62251K(62528K) NonClass: 53218K(53440K)->53218K(53440K) Class: 9032K(9088K)->9032K(9088K)
[14216.208s][info][gc             ] GC(32903) Pause Young (Allocation Failure) 683M->603M(685M) 3.469ms
[14216.208s][info][gc,cpu         ] GC(32903) User=0.01s Sys=0.00s Real=0.01s
[14216.631s][info][gc,start       ] GC(32904) Pause Young (Allocation Failure)
[14216.633s][info][gc,heap        ] GC(32904) PSYoungGen: 84352K(84992K)->416K(84992K) Eden: 82944K(82944K)->0K(82944K) From: 1408K(2048K)->416K(2048K)
[14216.633s][info][gc,heap        ] GC(32904) ParOldGen: 616497K(616960K)->616545K(616960K)
[14216.633s][info][gc,metaspace   ] GC(32904) Metaspace: 62251K(62528K)->62251K(62528K) NonClass: 53218K(53440K)->53218K(53440K) Class: 9032K(9088K)->9032K(9088K)
[14216.633s][info][gc             ] GC(32904) Pause Young (Allocation Failure) 684M->602M(685M) 2.838ms
[14216.633s][info][gc,cpu         ] GC(32904) User=0.01s Sys=0.00s Real=0.00s
[14217.066s][info][gc,start       ] GC(32905) Pause Young (Allocation Failure)
[14217.069s][info][gc,heap        ] GC(32905) PSYoungGen: 83360K(84992K)->928K(84992K) Eden: 82944K(82944K)->0K(82944K) From: 416K(2048K)->928K(2048K)
[14217.069s][info][gc,heap        ] GC(32905) ParOldGen: 616545K(616960K)->616593K(616960K)
[14217.069s][info][gc,metaspace   ] GC(32905) Metaspace: 62251K(62528K)->62251K(62528K) NonClass: 53218K(53440K)->53218K(53440K) Class: 9032K(9088K)->9032K(9088K)
[14217.069s][info][gc             ] GC(32905) Pause Young (Allocation Failure) 683M->603M(685M) 3.222ms
[14217.069s][info][gc,cpu         ] GC(32905) User=0.01s Sys=0.00s Real=0.01s
[14217.495s][info][gc,start       ] GC(32906) Pause Young (Allocation Failure)
[14217.500s][info][gc,heap        ] GC(32906) PSYoungGen: 83872K(84992K)->1344K(84992K) Eden: 82944K(82944K)->0K(82944K) From: 928K(2048K)->1344K(2048K)
[14217.500s][info][gc,heap        ] GC(32906) ParOldGen: 616593K(616960K)->618689K(620032K)
[14217.500s][info][gc,metaspace   ] GC(32906) Metaspace: 62251K(62528K)->62251K(62528K) NonClass: 53218K(53440K)->53218K(53440K) Class: 9032K(9088K)->9032K(9088K)
[14217.500s][info][gc             ] GC(32906) Pause Young (Allocation Failure) 684M->605M(688M) 4.721ms
[14217.500s][info][gc,cpu         ] GC(32906) User=0.01s Sys=0.00s Real=0.01s
[14217.959s][info][gc,start       ] GC(32907) Pause Young (Allocation Failure)
[14217.962s][info][gc,heap        ] GC(32907) PSYoungGen: 84288K(84992K)->832K(84992K) Eden: 82944K(82944K)->0K(82944K) From: 1344K(2048K)->832K(2048K)
[14217.962s][info][gc,heap        ] GC(32907) ParOldGen: 618689K(620032K)->618737K(620032K)
[14217.962s][info][gc,metaspace   ] GC(32907) Metaspace: 62251K(62528K)->62251K(62528K) NonClass: 53218K(53440K)->53218K(53440K) Class: 9032K(9088K)->9032K(9088K)
[14217.962s][info][gc             ] GC(32907) Pause Young (Allocation Failure) 686M->605M(688M) 3.117ms
[14217.962s][info][gc,cpu         ] GC(32907) User=0.01s Sys=0.00s Real=0.00s
[14218.409s][info][gc,start       ] GC(32908) Pause Young (Allocation Failure)
[14218.413s][info][gc,heap        ] GC(32908) PSYoungGen: 83776K(84992K)->1696K(84992K) Eden: 82944K(82944K)->0K(82944K) From: 832K(2048K)->1696K(2048K)
[14218.413s][info][gc,heap        ] GC(32908) ParOldGen: 618737K(620032K)->618785K(620032K)
[14218.413s][info][gc,metaspace   ] GC(32908) Metaspace: 62251K(62528K)->62251K(62528K) NonClass: 53218K(53440K)->53218K(53440K) Class: 9032K(9088K)->9032K(9088K)
[14218.413s][info][gc             ] GC(32908) Pause Young (Allocation Failure) 686M->605M(688M) 3.920ms
[14218.413s][info][gc,cpu         ] GC(32908) User=0.01s Sys=0.00s Real=0.00s
[14218.844s][info][gc,start       ] GC(32909) Pause Young (Allocation Failure)
[14218.847s][info][gc,heap        ] GC(32909) PSYoungGen: 84640K(84992K)->576K(84992K) Eden: 82944K(82944K)->0K(82944K) From: 1696K(2048K)->576K(2048K)
[14218.847s][info][gc,heap        ] GC(32909) ParOldGen: 618785K(620032K)->618833K(620032K)
[14218.847s][info][gc,metaspace   ] GC(32909) Metaspace: 62251K(62528K)->62251K(62528K) NonClass: 53218K(53440K)->53218K(53440K) Class: 9032K(9088K)->9032K(9088K)
[14218.847s][info][gc             ] GC(32909) Pause Young (Allocation Failure) 686M->604M(688M) 2.841ms
[14218.847s][info][gc,cpu         ] GC(32909) User=0.00s Sys=0.00s Real=0.01s
[14219.279s][info][gc,start       ] GC(32910) Pause Young (Allocation Failure)
[14219.282s][info][gc,heap        ] GC(32910) PSYoungGen: 83520K(84992K)->1152K(84992K) Eden: 82944K(82944K)->0K(82944K) From: 576K(2048K)->1152K(2048K)
[14219.282s][info][gc,heap        ] GC(32910) ParOldGen: 618833K(620032K)->618881K(620032K)
[14219.282s][info][gc,metaspace   ] GC(32910) Metaspace: 62251K(62528K)->62251K(62528K) NonClass: 53218K(53440K)->53218K(53440K) Class: 9032K(9088K)->9032K(9088K)
[14219.282s][info][gc             ] GC(32910) Pause Young (Allocation Failure) 685M->605M(688M) 3.446ms
[14219.282s][info][gc,cpu         ] GC(32910) User=0.01s Sys=0.00s Real=0.00s
[14219.706s][info][gc,start       ] GC(32911) Pause Young (Allocation Failure)
[14219.709s][info][gc,heap        ] GC(32911) PSYoungGen: 84096K(84992K)->1472K(83968K) Eden: 82944K(82944K)->0K(81920K) From: 1152K(2048K)->1472K(2048K)
[14219.709s][info][gc,heap        ] GC(32911) ParOldGen: 618881K(620032K)->618937K(620032K)
[14219.709s][info][gc,metaspace   ] GC(32911) Metaspace: 62251K(62528K)->62251K(62528K) NonClass: 53218K(53440K)->53218K(53440K) Class: 9032K(9088K)->9032K(9088K)
[14219.709s][info][gc             ] GC(32911) Pause Young (Allocation Failure) 686M->605M(687M) 3.572ms
[14219.709s][info][gc,cpu         ] GC(32911) User=0.00s Sys=0.00s Real=0.01s
[14220.164s][info][gc,start       ] GC(32912) Pause Young (Allocation Failure)
[14220.168s][info][gc,heap        ] GC(32912) PSYoungGen: 83392K(83968K)->960K(84480K) Eden: 81920K(81920K)->0K(81920K) From: 1472K(2048K)->960K(2560K)
[14220.168s][info][gc,heap        ] GC(32912) ParOldGen: 618937K(620032K)->618985K(620032K)
[14220.168s][info][gc,metaspace   ] GC(32912) Metaspace: 62251K(62528K)->62251K(62528K) NonClass: 53218K(53440K)->53218K(53440K) Class: 9032K(9088K)->9032K(9088K)
[14220.168s][info][gc             ] GC(32912) Pause Young (Allocation Failure) 685M->605M(688M) 3.247ms
[14220.168s][info][gc,cpu         ] GC(32912) User=0.00s Sys=0.00s Real=0.01s
[14220.629s][info][gc,start       ] GC(32913) Pause Young (Allocation Failure)
[14220.633s][info][gc,heap        ] GC(32913) PSYoungGen: 82880K(84480K)->320K(84992K) Eden: 81920K(81920K)->0K(82944K) From: 960K(2560K)->320K(2048K)
[14220.633s][info][gc,heap        ] GC(32913) ParOldGen: 618985K(620032K)->619081K(620032K)
[14220.633s][info][gc,metaspace   ] GC(32913) Metaspace: 62251K(62528K)->62251K(62528K) NonClass: 53218K(53440K)->53218K(53440K) Class: 9032K(9088K)->9032K(9088K)
[14220.633s][info][gc             ] GC(32913) Pause Young (Allocation Failure) 685M->604M(688M) 3.257ms
[14220.633s][info][gc,cpu         ] GC(32913) User=0.00s Sys=0.00s Real=0.00s
[14221.146s][info][gc,start       ] GC(32914) Pause Young (Allocation Failure)
[14221.149s][info][gc,heap        ] GC(32914) PSYoungGen: 83264K(84992K)->544K(84992K) Eden: 82944K(82944K)->0K(82944K) From: 320K(2048K)->544K(2048K)
[14221.149s][info][gc,heap        ] GC(32914) ParOldGen: 619081K(620032K)->619129K(620032K)
[14221.149s][info][gc,metaspace   ] GC(32914) Metaspace: 62251K(62528K)->62251K(62528K) NonClass: 53218K(53440K)->53218K(53440K) Class: 9032K(9088K)->9032K(9088K)
[14221.149s][info][gc             ] GC(32914) Pause Young (Allocation Failure) 685M->605M(688M) 2.865ms
[14221.149s][info][gc,cpu         ] GC(32914) User=0.01s Sys=0.00s Real=0.01s
[14221.623s][info][gc,start       ] GC(32915) Pause Young (Allocation Failure)
[14221.626s][info][gc,heap        ] GC(32915) PSYoungGen: 83488K(84992K)->288K(84992K) Eden: 82944K(82944K)->0K(82944K) From: 544K(2048K)->288K(2048K)
[14221.626s][info][gc,heap        ] GC(32915) ParOldGen: 619129K(620032K)->619177K(620032K)
[14221.626s][info][gc,metaspace   ] GC(32915) Metaspace: 62251K(62528K)->62251K(62528K) NonClass: 53218K(53440K)->53218K(53440K) Class: 9032K(9088K)->9032K(9088K)
[14221.626s][info][gc             ] GC(32915) Pause Young (Allocation Failure) 686M->604M(688M) 2.573ms
[14221.626s][info][gc,cpu         ] GC(32915) User=0.01s Sys=0.00s Real=0.00s
[14222.098s][info][gc,start       ] GC(32916) Pause Young (Allocation Failure)
[14222.102s][info][gc,heap        ] GC(32916) PSYoungGen: 83232K(84992K)->1312K(84992K) Eden: 82944K(82944K)->0K(82944K) From: 288K(2048K)->1312K(2048K)
[14222.102s][info][gc,heap        ] GC(32916) ParOldGen: 619177K(620032K)->619225K(620032K)
[14222.102s][info][gc,metaspace   ] GC(32916) Metaspace: 62251K(62528K)->62251K(62528K) NonClass: 53218K(53440K)->53218K(53440K) Class: 9032K(9088K)->9032K(9088K)
[14222.102s][info][gc             ] GC(32916) Pause Young (Allocation Failure) 685M->605M(688M) 3.503ms
[14222.102s][info][gc,cpu         ] GC(32916) User=0.01s Sys=0.00s Real=0.00s
[14222.598s][info][gc,start       ] GC(32917) Pause Young (Allocation Failure)
[14222.602s][info][gc,heap        ] GC(32917) PSYoungGen: 84256K(84992K)->2016K(83968K) Eden: 82944K(82944K)->0K(81920K) From: 1312K(2048K)->2016K(2048K)
[14222.602s][info][gc,heap        ] GC(32917) ParOldGen: 619225K(620032K)->619297K(620032K)
[14222.602s][info][gc,metaspace   ] GC(32917) Metaspace: 62251K(62528K)->62251K(62528K) NonClass: 53218K(53440K)->53218K(53440K) Class: 9032K(9088K)->9032K(9088K)
[14222.602s][info][gc             ] GC(32917) Pause Young (Allocation Failure) 686M->606M(687M) 4.170ms
[14222.602s][info][gc,cpu         ] GC(32917) User=0.01s Sys=0.00s Real=0.00s
[14223.082s][info][gc,start       ] GC(32918) Pause Young (Allocation Failure)
[14223.087s][info][gc,heap        ] GC(32918) PSYoungGen: 83936K(83968K)->1088K(84480K) Eden: 81920K(81920K)->0K(81920K) From: 2016K(2048K)->1088K(2560K)
[14223.087s][info][gc,heap        ] GC(32918) ParOldGen: 619297K(620032K)->621393K(621568K)
[14223.087s][info][gc,metaspace   ] GC(32918) Metaspace: 62251K(62528K)->62251K(62528K) NonClass: 53218K(53440K)->53218K(53440K) Class: 9032K(9088K)->9032K(9088K)
[14223.087s][info][gc             ] GC(32918) Pause Young (Allocation Failure) 686M->607M(689M) 4.494ms
[14223.087s][info][gc,cpu         ] GC(32918) User=0.01s Sys=0.01s Real=0.01s
[14223.552s][info][gc,start       ] GC(32919) Pause Young (Allocation Failure)
[14223.555s][info][gc,heap        ] GC(32919) PSYoungGen: 83008K(84480K)->672K(84480K) Eden: 81920K(81920K)->0K(81920K) From: 1088K(2560K)->672K(2560K)
[14223.555s][info][gc,heap        ] GC(32919) ParOldGen: 621393K(621568K)->621441K(621568K)
[14223.555s][info][gc,metaspace   ] GC(32919) Metaspace: 62251K(62528K)->62251K(62528K) NonClass: 53218K(53440K)->53218K(53440K) Class: 9032K(9088K)->9032K(9088K)
[14223.555s][info][gc             ] GC(32919) Pause Young (Allocation Failure) 687M->607M(689M) 3.050ms
[14223.555s][info][gc,cpu         ] GC(32919) User=0.01s Sys=0.00s Real=0.00s
[14224.030s][info][gc,start       ] GC(32920) Pause Young (Allocation Failure)
[14224.033s][info][gc,heap        ] GC(32920) PSYoungGen: 82592K(84480K)->352K(84480K) Eden: 81920K(81920K)->0K(81920K) From: 672K(2560K)->352K(2560K)
[14224.033s][info][gc,heap        ] GC(32920) ParOldGen: 621441K(621568K)->621497K(621568K)
[14224.033s][info][gc,metaspace   ] GC(32920) Metaspace: 62251K(62528K)->62251K(62528K) NonClass: 53218K(53440K)->53218K(53440K) Class: 9032K(9088K)->9032K(9088K)
[14224.033s][info][gc             ] GC(32920) Pause Young (Allocation Failure) 687M->607M(689M) 2.891ms
[14224.033s][info][gc,cpu         ] GC(32920) User=0.01s Sys=0.00s Real=0.00s
[14224.507s][info][gc,start       ] GC(32921) Pause Young (Allocation Failure)
[14224.510s][info][gc,heap        ] GC(32921) PSYoungGen: 82272K(84480K)->1376K(84480K) Eden: 81920K(81920K)->0K(81920K) From: 352K(2560K)->1376K(2560K)
[14224.510s][info][gc,heap        ] GC(32921) ParOldGen: 621497K(621568K)->621545K(621568K)
[14224.510s][info][gc,metaspace   ] GC(32921) Metaspace: 62251K(62528K)->62251K(62528K) NonClass: 53218K(53440K)->53218K(53440K) Class: 9032K(9088K)->9032K(9088K)
[14224.511s][info][gc             ] GC(32921) Pause Young (Allocation Failure) 687M->608M(689M) 3.653ms
[14224.511s][info][gc,cpu         ] GC(32921) User=0.00s Sys=0.00s Real=0.00s
[14224.964s][info][gc,start       ] GC(32922) Pause Young (Allocation Failure)
[14224.967s][info][gc,heap        ] GC(32922) PSYoungGen: 83296K(84480K)->896K(84480K) Eden: 81920K(81920K)->0K(81920K) From: 1376K(2560K)->896K(2560K)
[14224.967s][info][gc,heap        ] GC(32922) ParOldGen: 621545K(621568K)->621601K(622080K)
[14224.967s][info][gc,metaspace   ] GC(32922) Metaspace: 62251K(62528K)->62251K(62528K) NonClass: 53218K(53440K)->53218K(53440K) Class: 9032K(9088K)->9032K(9088K)
[14224.967s][info][gc             ] GC(32922) Pause Young (Allocation Failure) 688M->607M(690M) 3.111ms
[14224.967s][info][gc,cpu         ] GC(32922) User=0.01s Sys=0.00s Real=0.01s
[14225.357s][info][gc,start       ] GC(32923) Pause Young (Allocation Failure)
[14225.360s][info][gc,heap        ] GC(32923) PSYoungGen: 82816K(84480K)->832K(84992K) Eden: 81920K(81920K)->0K(82432K) From: 896K(2560K)->832K(2560K)
[14225.360s][info][gc,heap        ] GC(32923) ParOldGen: 621601K(622080K)->621649K(622080K)
[14225.360s][info][gc,metaspace   ] GC(32923) Metaspace: 62251K(62528K)->62251K(62528K) NonClass: 53218K(53440K)->53218K(53440K) Class: 9032K(9088K)->9032K(9088K)
[14225.360s][info][gc             ] GC(32923) Pause Young (Allocation Failure) 687M->607M(690M) 3.225ms
[14225.360s][info][gc,cpu         ] GC(32923) User=0.00s Sys=0.00s Real=0.00s
[14225.873s][info][gc,start       ] GC(32924) Pause Young (Allocation Failure)
[14225.876s][info][gc,heap        ] GC(32924) PSYoungGen: 83264K(84992K)->992K(84480K) Eden: 82432K(82432K)->0K(82432K) From: 832K(2560K)->992K(2048K)
[14225.876s][info][gc,heap        ] GC(32924) ParOldGen: 621649K(622080K)->621697K(622080K)
[14225.876s][info][gc,metaspace   ] GC(32924) Metaspace: 62251K(62528K)->62251K(62528K) NonClass: 53218K(53440K)->53218K(53440K) Class: 9032K(9088K)->9032K(9088K)
[14225.876s][info][gc             ] GC(32924) Pause Young (Allocation Failure) 688M->608M(690M) 3.177ms
[14225.876s][info][gc,cpu         ] GC(32924) User=0.01s Sys=0.00s Real=0.00s
[14226.364s][info][gc,start       ] GC(32925) Pause Young (Allocation Failure)
[14226.367s][info][gc,heap        ] GC(32925) PSYoungGen: 83424K(84480K)->864K(84992K) Eden: 82432K(82432K)->0K(82944K) From: 992K(2048K)->864K(2048K)
[14226.367s][info][gc,heap        ] GC(32925) ParOldGen: 621697K(622080K)->621745K(622080K)
[14226.367s][info][gc,metaspace   ] GC(32925) Metaspace: 62251K(62528K)->62251K(62528K) NonClass: 53218K(53440K)->53218K(53440K) Class: 9032K(9088K)->9032K(9088K)
[14226.367s][info][gc             ] GC(32925) Pause Young (Allocation Failure) 688M->608M(690M) 3.236ms
[14226.367s][info][gc,cpu         ] GC(32925) User=0.00s Sys=0.00s Real=0.01s
[14226.872s][info][gc,start       ] GC(32926) Pause Young (Allocation Failure)
[14226.877s][info][gc,heap        ] GC(32926) PSYoungGen: 83808K(84992K)->768K(84992K) Eden: 82944K(82944K)->0K(82944K) From: 864K(2048K)->768K(2048K)
[14226.877s][info][gc,heap        ] GC(32926) ParOldGen: 621745K(622080K)->621801K(622080K)
[14226.877s][info][gc,metaspace   ] GC(32926) Metaspace: 62251K(62528K)->62251K(62528K) NonClass: 53218K(53440K)->53218K(53440K) Class: 9032K(9088K)->9032K(9088K)
[14226.877s][info][gc             ] GC(32926) Pause Young (Allocation Failure) 689M->607M(690M) 4.468ms
[14226.877s][info][gc,cpu         ] GC(32926) User=0.01s Sys=0.00s Real=0.01s
[14227.368s][info][gc,start       ] GC(32927) Pause Young (Allocation Failure)
[14227.371s][info][gc,heap        ] GC(32927) PSYoungGen: 83712K(84992K)->1856K(84992K) Eden: 82944K(82944K)->0K(82944K) From: 768K(2048K)->1856K(2048K)
[14227.372s][info][gc,heap        ] GC(32927) ParOldGen: 621801K(622080K)->622873K(623616K)
[14227.372s][info][gc,metaspace   ] GC(32927) Metaspace: 62251K(62528K)->62251K(62528K) NonClass: 53218K(53440K)->53218K(53440K) Class: 9032K(9088K)->9032K(9088K)
[14227.372s][info][gc             ] GC(32927) Pause Young (Allocation Failure) 688M->610M(692M) 4.025ms
[14227.372s][info][gc,cpu         ] GC(32927) User=0.01s Sys=0.00s Real=0.00s
[14227.914s][info][gc,start       ] GC(32928) Pause Young (Allocation Failure)
[14227.920s][info][gc,heap        ] GC(32928) PSYoungGen: 84800K(84992K)->1504K(84480K) Eden: 82944K(82944K)->0K(82944K) From: 1856K(2048K)->1504K(1536K)
[14227.920s][info][gc,heap        ] GC(32928) ParOldGen: 622873K(623616K)->624969K(625152K)
[14227.920s][info][gc,metaspace   ] GC(32928) Metaspace: 62251K(62528K)->62251K(62528K) NonClass: 53218K(53440K)->53218K(53440K) Class: 9032K(9088K)->9032K(9088K)
[14227.920s][info][gc             ] GC(32928) Pause Young (Allocation Failure) 691M->611M(693M) 5.264ms
[14227.920s][info][gc,cpu         ] GC(32928) User=0.01s Sys=0.00s Real=0.01s
[14228.362s][info][gc,start       ] GC(32929) Pause Young (Allocation Failure)
[14228.365s][info][gc,heap        ] GC(32929) PSYoungGen: 84448K(84480K)->896K(84992K) Eden: 82944K(82944K)->0K(82432K) From: 1504K(1536K)->896K(2560K)
[14228.365s][info][gc,heap        ] GC(32929) ParOldGen: 624969K(625152K)->625073K(625152K)
[14228.365s][info][gc,metaspace   ] GC(32929) Metaspace: 62251K(62528K)->62251K(62528K) NonClass: 53218K(53440K)->53218K(53440K) Class: 9032K(9088K)->9032K(9088K)
[14228.365s][info][gc             ] GC(32929) Pause Young (Allocation Failure) 692M->611M(693M) 3.264ms
[14228.365s][info][gc,cpu         ] GC(32929) User=0.00s Sys=0.00s Real=0.00s
[14228.820s][info][gc,start       ] GC(32930) Pause Young (Allocation Failure)
[14228.823s][info][gc,heap        ] GC(32930) PSYoungGen: 83328K(84992K)->224K(84480K) Eden: 82432K(82432K)->0K(82432K) From: 896K(2560K)->224K(2048K)
[14228.823s][info][gc,heap        ] GC(32930) ParOldGen: 625073K(625152K)->625121K(625152K)
[14228.823s][info][gc,metaspace   ] GC(32930) Metaspace: 62251K(62528K)->62251K(62528K) NonClass: 53218K(53440K)->53218K(53440K) Class: 9032K(9088K)->9032K(9088K)
[14228.823s][info][gc             ] GC(32930) Pause Young (Allocation Failure) 691M->610M(693M) 2.586ms
[14228.823s][info][gc,cpu         ] GC(32930) User=0.01s Sys=0.00s Real=0.00s
[14229.250s][info][gc,start       ] GC(32931) Pause Young (Allocation Failure)
[14229.252s][info][gc,heap        ] GC(32931) PSYoungGen: 82656K(84480K)->672K(84992K) Eden: 82432K(82432K)->0K(82432K) From: 224K(2048K)->672K(2560K)
[14229.252s][info][gc,heap        ] GC(32931) ParOldGen: 625121K(625152K)->625169K(625664K)
[14229.252s][info][gc,metaspace   ] GC(32931) Metaspace: 62251K(62528K)->62251K(62528K) NonClass: 53218K(53440K)->53218K(53440K) Class: 9032K(9088K)->9032K(9088K)
[14229.252s][info][gc             ] GC(32931) Pause Young (Allocation Failure) 691M->611M(694M) 2.946ms
[14229.252s][info][gc,cpu         ] GC(32931) User=0.00s Sys=0.00s Real=0.00s
[14229.700s][info][gc,start       ] GC(32932) Pause Young (Allocation Failure)
[14229.703s][info][gc,heap        ] GC(32932) PSYoungGen: 83103K(84992K)->1344K(84480K) Eden: 82431K(82432K)->0K(82432K) From: 672K(2560K)->1344K(2048K)
[14229.703s][info][gc,heap        ] GC(32932) ParOldGen: 625169K(625664K)->625217K(625664K)
[14229.703s][info][gc,metaspace   ] GC(32932) Metaspace: 62251K(62528K)->62251K(62528K) NonClass: 53218K(53440K)->53218K(53440K) Class: 9032K(9088K)->9032K(9088K)
[14229.703s][info][gc             ] GC(32932) Pause Young (Allocation Failure) 691M->611M(693M) 3.579ms
[14229.703s][info][gc,cpu         ] GC(32932) User=0.00s Sys=0.00s Real=0.00s
[14230.128s][info][gc,start       ] GC(32933) Pause Young (Allocation Failure)
[14230.130s][info][gc,heap        ] GC(32933) PSYoungGen: 83776K(84480K)->320K(84480K) Eden: 82432K(82432K)->0K(81920K) From: 1344K(2048K)->320K(2560K)
[14230.130s][info][gc,heap        ] GC(32933) ParOldGen: 625217K(625664K)->625265K(625664K)
[14230.130s][info][gc,metaspace   ] GC(32933) Metaspace: 62251K(62528K)->62251K(62528K) NonClass: 53218K(53440K)->53218K(53440K) Class: 9032K(9088K)->9032K(9088K)
[14230.130s][info][gc             ] GC(32933) Pause Young (Allocation Failure) 692M->610M(693M) 2.812ms
[14230.130s][info][gc,cpu         ] GC(32933) User=0.00s Sys=0.00s Real=0.00s
[14230.603s][info][gc,start       ] GC(32934) Pause Young (Allocation Failure)
[14230.606s][info][gc,heap        ] GC(32934) PSYoungGen: 82240K(84480K)->1312K(84480K) Eden: 81920K(81920K)->0K(81920K) From: 320K(2560K)->1312K(2560K)
[14230.606s][info][gc,heap        ] GC(32934) ParOldGen: 625265K(625664K)->625313K(625664K)
[14230.606s][info][gc,metaspace   ] GC(32934) Metaspace: 62251K(62528K)->62251K(62528K) NonClass: 53218K(53440K)->53218K(53440K) Class: 9032K(9088K)->9032K(9088K)
[14230.606s][info][gc             ] GC(32934) Pause Young (Allocation Failure) 690M->611M(693M) 3.692ms
[14230.607s][info][gc,cpu         ] GC(32934) User=0.01s Sys=0.00s Real=0.01s
[14231.110s][info][gc,start       ] GC(32935) Pause Young (Allocation Failure)
[14231.113s][info][gc,heap        ] GC(32935) PSYoungGen: 83232K(84480K)->1440K(84480K) Eden: 81920K(81920K)->0K(81920K) From: 1312K(2560K)->1440K(2560K)
[14231.113s][info][gc,heap        ] GC(32935) ParOldGen: 625313K(625664K)->625361K(625664K)
[14231.113s][info][gc,metaspace   ] GC(32935) Metaspace: 62251K(62528K)->62251K(62528K) NonClass: 53218K(53440K)->53218K(53440K) Class: 9032K(9088K)->9032K(9088K)
[14231.113s][info][gc             ] GC(32935) Pause Young (Allocation Failure) 691M->612M(693M) 3.823ms
[14231.113s][info][gc,cpu         ] GC(32935) User=0.01s Sys=0.00s Real=0.00s
[14231.586s][info][gc,start       ] GC(32936) Pause Young (Allocation Failure)
[14231.590s][info][gc,heap        ] GC(32936) PSYoungGen: 83360K(84480K)->1184K(84480K) Eden: 81920K(81920K)->0K(81920K) From: 1440K(2560K)->1184K(2560K)
[14231.590s][info][gc,heap        ] GC(32936) ParOldGen: 625361K(625664K)->625409K(625664K)
[14231.590s][info][gc,metaspace   ] GC(32936) Metaspace: 62251K(62528K)->62251K(62528K) NonClass: 53218K(53440K)->53218K(53440K) Class: 9032K(9088K)->9032K(9088K)
[14231.590s][info][gc             ] GC(32936) Pause Young (Allocation Failure) 692M->611M(693M) 3.510ms
[14231.590s][info][gc,cpu         ] GC(32936) User=0.01s Sys=0.00s Real=0.00s
[14232.018s][info][gc,start       ] GC(32937) Pause Young (Allocation Failure)
[14232.021s][info][gc,heap        ] GC(32937) PSYoungGen: 83104K(84480K)->1184K(84480K) Eden: 81920K(81920K)->0K(81920K) From: 1184K(2560K)->1184K(2560K)
[14232.021s][info][gc,heap        ] GC(32937) ParOldGen: 625409K(625664K)->625465K(625664K)
[14232.021s][info][gc,metaspace   ] GC(32937) Metaspace: 62251K(62528K)->62251K(62528K) NonClass: 53218K(53440K)->53218K(53440K) Class: 9032K(9088K)->9032K(9088K)
[14232.021s][info][gc             ] GC(32937) Pause Young (Allocation Failure) 691M->611M(693M) 3.600ms
[14232.021s][info][gc,cpu         ] GC(32937) User=0.00s Sys=0.00s Real=0.00s
[14232.451s][info][gc,start       ] GC(32938) Pause Young (Allocation Failure)
[14232.455s][info][gc,heap        ] GC(32938) PSYoungGen: 83104K(84480K)->704K(84480K) Eden: 81920K(81920K)->0K(81920K) From: 1184K(2560K)->704K(2560K)
[14232.456s][info][gc,heap        ] GC(32938) ParOldGen: 625465K(625664K)->627569K(628736K)
[14232.456s][info][gc,metaspace   ] GC(32938) Metaspace: 62251K(62528K)->62251K(62528K) NonClass: 53218K(53440K)->53218K(53440K) Class: 9032K(9088K)->9032K(9088K)
[14232.456s][info][gc             ] GC(32938) Pause Young (Allocation Failure) 691M->613M(696M) 4.368ms
[14232.456s][info][gc,cpu         ] GC(32938) User=0.00s Sys=0.00s Real=0.00s
[14232.876s][info][gc,start       ] GC(32939) Pause Young (Allocation Failure)
[14232.879s][info][gc,heap        ] GC(32939) PSYoungGen: 82624K(84480K)->1024K(84992K) Eden: 81920K(81920K)->0K(82944K) From: 704K(2560K)->1024K(2048K)
[14232.879s][info][gc,heap        ] GC(32939) ParOldGen: 627569K(628736K)->627617K(628736K)
[14232.879s][info][gc,metaspace   ] GC(32939) Metaspace: 62251K(62528K)->62251K(62528K) NonClass: 53218K(53440K)->53218K(53440K) Class: 9032K(9088K)->9032K(9088K)
[14232.879s][info][gc             ] GC(32939) Pause Young (Allocation Failure) 693M->613M(697M) 3.238ms
[14232.879s][info][gc,cpu         ] GC(32939) User=0.01s Sys=0.00s Real=0.01s
[14233.397s][info][gc,start       ] GC(32940) Pause Young (Allocation Failure)
[14233.400s][info][gc,heap        ] GC(32940) PSYoungGen: 83968K(84992K)->1248K(84992K) Eden: 82944K(82944K)->0K(82944K) From: 1024K(2048K)->1248K(2048K)
[14233.400s][info][gc,heap        ] GC(32940) ParOldGen: 627617K(628736K)->627665K(628736K)
[14233.400s][info][gc,metaspace   ] GC(32940) Metaspace: 62251K(62528K)->62251K(62528K) NonClass: 53218K(53440K)->53218K(53440K) Class: 9032K(9088K)->9032K(9088K)
[14233.400s][info][gc             ] GC(32940) Pause Young (Allocation Failure) 694M->614M(697M) 3.484ms
[14233.400s][info][gc,cpu         ] GC(32940) User=0.01s Sys=0.00s Real=0.00s
[14233.877s][info][gc,start       ] GC(32941) Pause Young (Allocation Failure)
[14233.880s][info][gc,heap        ] GC(32941) PSYoungGen: 84192K(84992K)->1024K(84992K) Eden: 82944K(82944K)->0K(82944K) From: 1248K(2048K)->1024K(2048K)
[14233.880s][info][gc,heap        ] GC(32941) ParOldGen: 627665K(628736K)->627705K(628736K)
[14233.880s][info][gc,metaspace   ] GC(32941) Metaspace: 62251K(62528K)->62251K(62528K) NonClass: 53218K(53440K)->53218K(53440K) Class: 9032K(9088K)->9032K(9088K)
[14233.880s][info][gc             ] GC(32941) Pause Young (Allocation Failure) 695M->613M(697M) 3.477ms
[14233.880s][info][gc,cpu         ] GC(32941) User=0.00s Sys=0.01s Real=0.00s
[14234.375s][info][gc,start       ] GC(32942) Pause Young (Allocation Failure)
[14234.378s][info][gc,heap        ] GC(32942) PSYoungGen: 83968K(84992K)->960K(84992K) Eden: 82944K(82944K)->0K(82944K) From: 1024K(2048K)->960K(2048K)
[14234.378s][info][gc,heap        ] GC(32942) ParOldGen: 627705K(628736K)->627753K(628736K)
[14234.378s][info][gc,metaspace   ] GC(32942) Metaspace: 62251K(62528K)->62251K(62528K) NonClass: 53218K(53440K)->53218K(53440K) Class: 9032K(9088K)->9032K(9088K)
[14234.378s][info][gc             ] GC(32942) Pause Young (Allocation Failure) 694M->613M(697M) 3.204ms
[14234.378s][info][gc,cpu         ] GC(32942) User=0.00s Sys=0.00s Real=0.01s
[14234.805s][info][gc,start       ] GC(32943) Pause Young (Allocation Failure)
[14234.809s][info][gc,heap        ] GC(32943) PSYoungGen: 83904K(84992K)->1568K(84992K) Eden: 82944K(82944K)->0K(82944K) From: 960K(2048K)->1568K(2048K)
[14234.809s][info][gc,heap        ] GC(32943) ParOldGen: 627753K(628736K)->627801K(628736K)
[14234.809s][info][gc,metaspace   ] GC(32943) Metaspace: 62251K(62528K)->62251K(62528K) NonClass: 53218K(53440K)->53218K(53440K) Class: 9032K(9088K)->9032K(9088K)
[14234.809s][info][gc             ] GC(32943) Pause Young (Allocation Failure) 694M->614M(697M) 3.758ms
[14234.809s][info][gc,cpu         ] GC(32943) User=0.01s Sys=0.00s Real=0.01s
[14235.270s][info][gc,start       ] GC(32944) Pause Young (Allocation Failure)
[14235.273s][info][gc,heap        ] GC(32944) PSYoungGen: 84512K(84992K)->896K(84992K) Eden: 82944K(82944K)->0K(82944K) From: 1568K(2048K)->896K(2048K)
[14235.273s][info][gc,heap        ] GC(32944) ParOldGen: 627801K(628736K)->627849K(628736K)
[14235.273s][info][gc,metaspace   ] GC(32944) Metaspace: 62251K(62528K)->62251K(62528K) NonClass: 53218K(53440K)->53218K(53440K) Class: 9032K(9088K)->9032K(9088K)
[14235.274s][info][gc             ] GC(32944) Pause Young (Allocation Failure) 695M->614M(697M) 3.294ms
[14235.274s][info][gc,cpu         ] GC(32944) User=0.01s Sys=0.00s Real=0.00s
[14235.802s][info][gc,start       ] GC(32945) Pause Young (Allocation Failure)
[14235.806s][info][gc,heap        ] GC(32945) PSYoungGen: 83840K(84992K)->1632K(84992K) Eden: 82944K(82944K)->0K(82944K) From: 896K(2048K)->1632K(2048K)
[14235.806s][info][gc,heap        ] GC(32945) ParOldGen: 627849K(628736K)->627897K(628736K)
[14235.806s][info][gc,metaspace   ] GC(32945) Metaspace: 62251K(62528K)->62251K(62528K) NonClass: 53218K(53440K)->53218K(53440K) Class: 9032K(9088K)->9032K(9088K)
[14235.806s][info][gc             ] GC(32945) Pause Young (Allocation Failure) 695M->614M(697M) 4.016ms
[14235.806s][info][gc,cpu         ] GC(32945) User=0.01s Sys=0.00s Real=0.00s
[14236.310s][info][gc,start       ] GC(32946) Pause Young (Allocation Failure)
[14236.314s][info][gc,heap        ] GC(32946) PSYoungGen: 84576K(84992K)->1472K(84992K) Eden: 82944K(82944K)->0K(82944K) From: 1632K(2048K)->1472K(2048K)
[14236.314s][info][gc,heap        ] GC(32946) ParOldGen: 627897K(628736K)->627993K(628736K)
[14236.314s][info][gc,metaspace   ] GC(32946) Metaspace: 62251K(62528K)->62251K(62528K) NonClass: 53218K(53440K)->53218K(53440K) Class: 9032K(9088K)->9032K(9088K)
[14236.314s][info][gc             ] GC(32946) Pause Young (Allocation Failure) 695M->614M(697M) 3.734ms
[14236.314s][info][gc,cpu         ] GC(32946) User=0.00s Sys=0.00s Real=0.00s
[14236.753s][info][gc,start       ] GC(32947) Pause Young (Allocation Failure)
[14236.756s][info][gc,heap        ] GC(32947) PSYoungGen: 84416K(84992K)->768K(84992K) Eden: 82944K(82944K)->0K(82944K) From: 1472K(2048K)->768K(2048K)
[14236.756s][info][gc,heap        ] GC(32947) ParOldGen: 627993K(628736K)->628041K(628736K)
[14236.756s][info][gc,metaspace   ] GC(32947) Metaspace: 62251K(62528K)->62251K(62528K) NonClass: 53218K(53440K)->53218K(53440K) Class: 9032K(9088K)->9032K(9088K)
[14236.756s][info][gc             ] GC(32947) Pause Young (Allocation Failure) 695M->614M(697M) 3.126ms
[14236.756s][info][gc,cpu         ] GC(32947) User=0.01s Sys=0.00s Real=0.00s
[14237.201s][info][gc,start       ] GC(32948) Pause Young (Allocation Failure)
[14237.206s][info][gc,heap        ] GC(32948) PSYoungGen: 83712K(84992K)->1344K(84992K) Eden: 82944K(82944K)->0K(82944K) From: 768K(2048K)->1344K(2048K)
[14237.206s][info][gc,heap        ] GC(32948) ParOldGen: 628041K(628736K)->630137K(630272K)
[14237.206s][info][gc,metaspace   ] GC(32948) Metaspace: 62251K(62528K)->62251K(62528K) NonClass: 53218K(53440K)->53218K(53440K) Class: 9032K(9088K)->9032K(9088K)
[14237.206s][info][gc             ] GC(32948) Pause Young (Allocation Failure) 695M->616M(698M) 4.871ms
[14237.206s][info][gc,cpu         ] GC(32948) User=0.00s Sys=0.00s Real=0.00s
[14237.685s][info][gc,start       ] GC(32949) Pause Young (Allocation Failure)
[14237.688s][info][gc,heap        ] GC(32949) PSYoungGen: 84288K(84992K)->1088K(84992K) Eden: 82944K(82944K)->0K(82944K) From: 1344K(2048K)->1088K(2048K)
[14237.688s][info][gc,heap        ] GC(32949) ParOldGen: 630137K(630272K)->630185K(630272K)
[14237.688s][info][gc,metaspace   ] GC(32949) Metaspace: 62251K(62528K)->62251K(62528K) NonClass: 53218K(53440K)->53218K(53440K) Class: 9032K(9088K)->9032K(9088K)
[14237.688s][info][gc             ] GC(32949) Pause Young (Allocation Failure) 697M->616M(698M) 3.494ms
[14237.688s][info][gc,cpu         ] GC(32949) User=0.01s Sys=0.00s Real=0.01s
[14238.156s][info][gc,start       ] GC(32950) Pause Young (Allocation Failure)
[14238.159s][info][gc,heap        ] GC(32950) PSYoungGen: 84032K(84992K)->704K(84992K) Eden: 82944K(82944K)->0K(82944K) From: 1088K(2048K)->704K(2048K)
[14238.159s][info][gc,heap        ] GC(32950) ParOldGen: 630185K(630272K)->630241K(630272K)
[14238.159s][info][gc,metaspace   ] GC(32950) Metaspace: 62251K(62528K)->62251K(62528K) NonClass: 53218K(53440K)->53218K(53440K) Class: 9032K(9088K)->9032K(9088K)
[14238.159s][info][gc             ] GC(32950) Pause Young (Allocation Failure) 697M->616M(698M) 3.210ms
[14238.159s][info][gc,cpu         ] GC(32950) User=0.01s Sys=0.00s Real=0.01s
[14238.658s][info][gc,start       ] GC(32951) Pause Young (Allocation Failure)
[14238.661s][info][gc,heap        ] GC(32951) PSYoungGen: 83648K(84992K)->768K(84992K) Eden: 82944K(82944K)->0K(82944K) From: 704K(2048K)->768K(2048K)
[14238.661s][info][gc,heap        ] GC(32951) ParOldGen: 630241K(630272K)->630289K(630784K)
[14238.661s][info][gc,metaspace   ] GC(32951) Metaspace: 62251K(62528K)->62251K(62528K) NonClass: 53218K(53440K)->53218K(53440K) Class: 9032K(9088K)->9032K(9088K)
[14238.661s][info][gc             ] GC(32951) Pause Young (Allocation Failure) 697M->616M(699M) 3.081ms
[14238.661s][info][gc,cpu         ] GC(32951) User=0.01s Sys=0.00s Real=0.00s
[14239.134s][info][gc,start       ] GC(32952) Pause Young (Allocation Failure)
[14239.137s][info][gc,heap        ] GC(32952) PSYoungGen: 83712K(84992K)->416K(84992K) Eden: 82944K(82944K)->0K(82944K) From: 768K(2048K)->416K(2048K)
[14239.137s][info][gc,heap        ] GC(32952) ParOldGen: 630289K(630784K)->630337K(630784K)
[14239.137s][info][gc,metaspace   ] GC(32952) Metaspace: 62251K(62528K)->62251K(62528K) NonClass: 53218K(53440K)->53218K(53440K) Class: 9032K(9088K)->9032K(9088K)
[14239.137s][info][gc             ] GC(32952) Pause Young (Allocation Failure) 697M->615M(699M) 2.852ms
[14239.137s][info][gc,cpu         ] GC(32952) User=0.01s Sys=0.00s Real=0.01s
[14239.614s][info][gc,start       ] GC(32953) Pause Young (Allocation Failure)
[14239.618s][info][gc,heap        ] GC(32953) PSYoungGen: 83360K(84992K)->1696K(83968K) Eden: 82944K(82944K)->0K(81920K) From: 416K(2048K)->1696K(2048K)
[14239.618s][info][gc,heap        ] GC(32953) ParOldGen: 630337K(630784K)->630377K(630784K)
[14239.618s][info][gc,metaspace   ] GC(32953) Metaspace: 62251K(62528K)->62251K(62528K) NonClass: 53218K(53440K)->53218K(53440K) Class: 9032K(9088K)->9032K(9088K)
[14239.618s][info][gc             ] GC(32953) Pause Young (Allocation Failure) 696M->617M(698M) 4.062ms
[14239.618s][info][gc,cpu         ] GC(32953) User=0.01s Sys=0.00s Real=0.01s
[14240.103s][info][gc,start       ] GC(32954) Pause Young (Allocation Failure)
[14240.107s][info][gc,heap        ] GC(32954) PSYoungGen: 83616K(83968K)->1248K(84480K) Eden: 81920K(81920K)->0K(81920K) From: 1696K(2048K)->1248K(2560K)
[14240.107s][info][gc,heap        ] GC(32954) ParOldGen: 630377K(630784K)->630433K(630784K)
[14240.107s][info][gc,metaspace   ] GC(32954) Metaspace: 62251K(62528K)->62251K(62528K) NonClass: 53218K(53440K)->53218K(53440K) Class: 9032K(9088K)->9032K(9088K)
[14240.107s][info][gc             ] GC(32954) Pause Young (Allocation Failure) 697M->616M(698M) 3.753ms
[14240.107s][info][gc,cpu         ] GC(32954) User=0.00s Sys=0.00s Real=0.01s
[14240.528s][info][gc,start       ] GC(32955) Pause Young (Allocation Failure)
[14240.531s][info][gc,heap        ] GC(32955) PSYoungGen: 83168K(84480K)->384K(83968K) Eden: 81920K(81920K)->0K(81920K) From: 1248K(2560K)->384K(2048K)
[14240.531s][info][gc,heap        ] GC(32955) ParOldGen: 630433K(630784K)->630489K(630784K)
[14240.531s][info][gc,metaspace   ] GC(32955) Metaspace: 62251K(62528K)->62251K(62528K) NonClass: 53218K(53440K)->53218K(53440K) Class: 9032K(9088K)->9032K(9088K)
[14240.531s][info][gc             ] GC(32955) Pause Young (Allocation Failure) 696M->616M(698M) 2.670ms
[14240.531s][info][gc,cpu         ] GC(32955) User=0.01s Sys=0.00s Real=0.00s
[14240.903s][info][gc,start       ] GC(32956) Pause Young (Allocation Failure)
[14240.906s][info][gc,heap        ] GC(32956) PSYoungGen: 82304K(83968K)->1632K(84480K) Eden: 81920K(81920K)->0K(81920K) From: 384K(2048K)->1632K(2560K)
[14240.906s][info][gc,heap        ] GC(32956) ParOldGen: 630489K(630784K)->630545K(630784K)
[14240.906s][info][gc,metaspace   ] GC(32956) Metaspace: 62251K(62528K)->62251K(62528K) NonClass: 53218K(53440K)->53218K(53440K) Class: 9032K(9088K)->9032K(9088K)
[14240.906s][info][gc             ] GC(32956) Pause Young (Allocation Failure) 696M->617M(698M) 3.875ms
[14240.906s][info][gc,cpu         ] GC(32956) User=0.01s Sys=0.00s Real=0.01s
[14241.363s][info][gc,start       ] GC(32957) Pause Young (Allocation Failure)
[14241.366s][info][gc,heap        ] GC(32957) PSYoungGen: 83552K(84480K)->864K(84480K) Eden: 81920K(81920K)->0K(81920K) From: 1632K(2560K)->864K(2560K)
[14241.366s][info][gc,heap        ] GC(32957) ParOldGen: 630545K(630784K)->630593K(630784K)
[14241.366s][info][gc,metaspace   ] GC(32957) Metaspace: 62251K(62528K)->62251K(62528K) NonClass: 53218K(53440K)->53218K(53440K) Class: 9032K(9088K)->9032K(9088K)
[14241.366s][info][gc             ] GC(32957) Pause Young (Allocation Failure) 697M->616M(698M) 3.109ms
[14241.366s][info][gc,cpu         ] GC(32957) User=0.00s Sys=0.00s Real=0.00s
[14241.821s][info][gc,start       ] GC(32958) Pause Young (Allocation Failure)
[14241.824s][info][gc,heap        ] GC(32958) PSYoungGen: 82784K(84480K)->2272K(84480K) Eden: 81920K(81920K)->0K(81920K) From: 864K(2560K)->2272K(2560K)
[14241.824s][info][gc,heap        ] GC(32958) ParOldGen: 630593K(630784K)->631665K(632320K)
[14241.824s][info][gc,metaspace   ] GC(32958) Metaspace: 62251K(62528K)->62251K(62528K) NonClass: 53218K(53440K)->53218K(53440K) Class: 9032K(9088K)->9032K(9088K)
[14241.824s][info][gc             ] GC(32958) Pause Young (Allocation Failure) 696M->619M(700M) 3.693ms
[14241.824s][info][gc,cpu         ] GC(32958) User=0.00s Sys=0.00s Real=0.00s
[14242.310s][info][gc,start       ] GC(32959) Pause Young (Allocation Failure)
[14242.315s][info][gc,heap        ] GC(32959) PSYoungGen: 84192K(84480K)->1504K(84480K) Eden: 81920K(81920K)->0K(81920K) From: 2272K(2560K)->1504K(2560K)
[14242.315s][info][gc,heap        ] GC(32959) ParOldGen: 631665K(632320K)->633769K(633856K)
[14242.315s][info][gc,metaspace   ] GC(32959) Metaspace: 62251K(62528K)->62251K(62528K) NonClass: 53218K(53440K)->53218K(53440K) Class: 9032K(9088K)->9032K(9088K)
[14242.315s][info][gc             ] GC(32959) Pause Young (Allocation Failure) 699M->620M(701M) 4.892ms
[14242.315s][info][gc,cpu         ] GC(32959) User=0.01s Sys=0.00s Real=0.00s
[14242.783s][info][gc,start       ] GC(32960) Pause Young (Allocation Failure)
[14242.786s][info][gc,heap        ] GC(32960) PSYoungGen: 83424K(84480K)->1152K(84480K) Eden: 81920K(81920K)->0K(81920K) From: 1504K(2560K)->1152K(2560K)
[14242.786s][info][gc,heap        ] GC(32960) ParOldGen: 633769K(633856K)->633825K(633856K)
[14242.786s][info][gc,metaspace   ] GC(32960) Metaspace: 62251K(62528K)->62251K(62528K) NonClass: 53218K(53440K)->53218K(53440K) Class: 9032K(9088K)->9032K(9088K)
[14242.786s][info][gc             ] GC(32960) Pause Young (Allocation Failure) 700M->620M(701M) 3.460ms
[14242.786s][info][gc,cpu         ] GC(32960) User=0.01s Sys=0.00s Real=0.01s
[14243.288s][info][gc,start       ] GC(32961) Pause Young (Allocation Failure)
[14243.292s][info][gc,heap        ] GC(32961) PSYoungGen: 83072K(84480K)->1152K(84480K) Eden: 81920K(81920K)->0K(81920K) From: 1152K(2560K)->1152K(2560K)
[14243.292s][info][gc,heap        ] GC(32961) ParOldGen: 633825K(633856K)->633873K(634368K)
[14243.292s][info][gc,metaspace   ] GC(32961) Metaspace: 62251K(62528K)->62251K(62528K) NonClass: 53218K(53440K)->53218K(53440K) Class: 9032K(9088K)->9032K(9088K)
[14243.292s][info][gc             ] GC(32961) Pause Young (Allocation Failure) 700M->620M(702M) 3.689ms
[14243.292s][info][gc,cpu         ] GC(32961) User=0.01s Sys=0.00s Real=0.00s
[14243.763s][info][gc,start       ] GC(32962) Pause Young (Allocation Failure)
[14243.766s][info][gc,heap        ] GC(32962) PSYoungGen: 83072K(84480K)->896K(84480K) Eden: 81920K(81920K)->0K(81920K) From: 1152K(2560K)->896K(2560K)
[14243.766s][info][gc,heap        ] GC(32962) ParOldGen: 633873K(634368K)->633977K(634368K)
[14243.766s][info][gc,metaspace   ] GC(32962) Metaspace: 62251K(62528K)->62251K(62528K) NonClass: 53218K(53440K)->53218K(53440K) Class: 9032K(9088K)->9032K(9088K)
[14243.766s][info][gc             ] GC(32962) Pause Young (Allocation Failure) 700M->619M(702M) 3.122ms
[14243.766s][info][gc,cpu         ] GC(32962) User=0.01s Sys=0.00s Real=0.00s
[14244.176s][info][gc,start       ] GC(32963) Pause Young (Allocation Failure)
[14244.180s][info][gc,heap        ] GC(32963) PSYoungGen: 82815K(84480K)->1088K(84480K) Eden: 81919K(81920K)->0K(81920K) From: 896K(2560K)->1088K(2560K)
[14244.180s][info][gc,heap        ] GC(32963) ParOldGen: 633977K(634368K)->634033K(634368K)
[14244.180s][info][gc,metaspace   ] GC(32963) Metaspace: 62251K(62528K)->62251K(62528K) NonClass: 53218K(53440K)->53218K(53440K) Class: 9032K(9088K)->9032K(9088K)
[14244.180s][info][gc             ] GC(32963) Pause Young (Allocation Failure) 699M->620M(702M) 3.308ms
[14244.180s][info][gc,cpu         ] GC(32963) User=0.00s Sys=0.00s Real=0.01s
[14244.573s][info][gc,start       ] GC(32964) Pause Young (Allocation Failure)
[14244.576s][info][gc,heap        ] GC(32964) PSYoungGen: 83007K(84480K)->1056K(84480K) Eden: 81919K(81920K)->0K(81920K) From: 1088K(2560K)->1056K(2560K)
[14244.577s][info][gc,heap        ] GC(32964) ParOldGen: 634033K(634368K)->634081K(634368K)
[14244.577s][info][gc,metaspace   ] GC(32964) Metaspace: 62251K(62528K)->62251K(62528K) NonClass: 53218K(53440K)->53218K(53440K) Class: 9032K(9088K)->9032K(9088K)
[14244.577s][info][gc             ] GC(32964) Pause Young (Allocation Failure) 700M->620M(702M) 3.351ms
[14244.577s][info][gc,cpu         ] GC(32964) User=0.01s Sys=0.00s Real=0.01s
[14245.021s][info][gc,start       ] GC(32965) Pause Young (Allocation Failure)
[14245.024s][info][gc,heap        ] GC(32965) PSYoungGen: 82976K(84480K)->256K(83968K) Eden: 81920K(81920K)->0K(81920K) From: 1056K(2560K)->256K(2048K)
[14245.024s][info][gc,heap        ] GC(32965) ParOldGen: 634081K(634368K)->634137K(634368K)
[14245.024s][info][gc,metaspace   ] GC(32965) Metaspace: 62251K(62528K)->62251K(62528K) NonClass: 53218K(53440K)->53218K(53440K) Class: 9032K(9088K)->9032K(9088K)
[14245.024s][info][gc             ] GC(32965) Pause Young (Allocation Failure) 700M->619M(701M) 2.588ms
[14245.024s][info][gc,cpu         ] GC(32965) User=0.00s Sys=0.00s Real=0.00s
[14245.429s][info][gc,start       ] GC(32966) Pause Young (Allocation Failure)
[14245.432s][info][gc,heap        ] GC(32966) PSYoungGen: 82176K(83968K)->320K(84480K) Eden: 81920K(81920K)->0K(81920K) From: 256K(2048K)->320K(2560K)
[14245.432s][info][gc,heap        ] GC(32966) ParOldGen: 634137K(634368K)->634193K(634368K)
[14245.432s][info][gc,metaspace   ] GC(32966) Metaspace: 62251K(62528K)->62251K(62528K) NonClass: 53218K(53440K)->53218K(53440K) Class: 9032K(9088K)->9032K(9088K)
[14245.432s][info][gc             ] GC(32966) Pause Young (Allocation Failure) 699M->619M(702M) 3.159ms
[14245.432s][info][gc,cpu         ] GC(32966) User=0.01s Sys=0.00s Real=0.00s
[14245.870s][info][gc,start       ] GC(32967) Pause Young (Allocation Failure)
[14245.873s][info][gc,heap        ] GC(32967) PSYoungGen: 82240K(84480K)->992K(84992K) Eden: 81920K(81920K)->0K(82432K) From: 320K(2560K)->992K(2560K)
[14245.873s][info][gc,heap        ] GC(32967) ParOldGen: 634193K(634368K)->634249K(634368K)
[14245.873s][info][gc,metaspace   ] GC(32967) Metaspace: 62251K(62528K)->62251K(62528K) NonClass: 53218K(53440K)->53218K(53440K) Class: 9032K(9088K)->9032K(9088K)
[14245.873s][info][gc             ] GC(32967) Pause Young (Allocation Failure) 699M->620M(702M) 3.286ms
[14245.874s][info][gc,cpu         ] GC(32967) User=0.01s Sys=0.00s Real=0.00s
[14246.354s][info][gc,start       ] GC(32968) Pause Young (Allocation Failure)
[14246.357s][info][gc,heap        ] GC(32968) PSYoungGen: 83424K(84992K)->672K(84480K) Eden: 82432K(82432K)->0K(82432K) From: 992K(2560K)->672K(2048K)
[14246.357s][info][gc,heap        ] GC(32968) ParOldGen: 634249K(634368K)->634297K(634368K)
[14246.357s][info][gc,metaspace   ] GC(32968) Metaspace: 62251K(62528K)->62251K(62528K) NonClass: 53218K(53440K)->53218K(53440K) Class: 9032K(9088K)->9032K(9088K)
[14246.357s][info][gc             ] GC(32968) Pause Young (Allocation Failure) 700M->620M(702M) 3.086ms
[14246.357s][info][gc,cpu         ] GC(32968) User=0.01s Sys=0.00s Real=0.01s
[14246.832s][info][gc,start       ] GC(32969) Pause Young (Allocation Failure)
[14246.835s][info][gc,heap        ] GC(32969) PSYoungGen: 83104K(84480K)->416K(84992K) Eden: 82432K(82432K)->0K(82944K) From: 672K(2048K)->416K(2048K)
[14246.835s][info][gc,heap        ] GC(32969) ParOldGen: 634297K(634368K)->634345K(634368K)
[14246.835s][info][gc,metaspace   ] GC(32969) Metaspace: 62251K(62528K)->62251K(62528K) NonClass: 53218K(53440K)->53218K(53440K) Class: 9032K(9088K)->9032K(9088K)
[14246.835s][info][gc             ] GC(32969) Pause Young (Allocation Failure) 700M->619M(702M) 2.861ms
[14246.835s][info][gc,cpu         ] GC(32969) User=0.00s Sys=0.00s Real=0.00s
[14247.287s][info][gc,start       ] GC(32970) Pause Young (Allocation Failure)
[14247.291s][info][gc,heap        ] GC(32970) PSYoungGen: 83360K(84992K)->1248K(84992K) Eden: 82944K(82944K)->0K(82944K) From: 416K(2048K)->1248K(2048K)
[14247.291s][info][gc,heap        ] GC(32970) ParOldGen: 634345K(634368K)->634393K(634880K)
[14247.291s][info][gc,metaspace   ] GC(32970) Metaspace: 62251K(62528K)->62251K(62528K) NonClass: 53218K(53440K)->53218K(53440K) Class: 9032K(9088K)->9032K(9088K)
[14247.291s][info][gc             ] GC(32970) Pause Young (Allocation Failure) 700M->620M(703M) 3.749ms
[14247.291s][info][gc,cpu         ] GC(32970) User=0.00s Sys=0.00s Real=0.00s
[14247.769s][info][gc,start       ] GC(32971) Pause Young (Allocation Failure)
[14247.772s][info][gc,heap        ] GC(32971) PSYoungGen: 84192K(84992K)->896K(84992K) Eden: 82944K(82944K)->0K(82944K) From: 1248K(2048K)->896K(2048K)
[14247.772s][info][gc,heap        ] GC(32971) ParOldGen: 634393K(634880K)->634441K(634880K)
[14247.772s][info][gc,metaspace   ] GC(32971) Metaspace: 62251K(62528K)->62251K(62528K) NonClass: 53218K(53440K)->53218K(53440K) Class: 9032K(9088K)->9032K(9088K)
[14247.772s][info][gc             ] GC(32971) Pause Young (Allocation Failure) 701M->620M(703M) 3.170ms
[14247.772s][info][gc,cpu         ] GC(32971) User=0.00s Sys=0.00s Real=0.00s
[14248.224s][info][gc,start       ] GC(32972) Pause Young (Allocation Failure)
[14248.227s][info][gc,heap        ] GC(32972) PSYoungGen: 83840K(84992K)->256K(84992K) Eden: 82944K(82944K)->0K(82944K) From: 896K(2048K)->256K(2048K)
[14248.227s][info][gc,heap        ] GC(32972) ParOldGen: 634441K(634880K)->634489K(634880K)
[14248.227s][info][gc,metaspace   ] GC(32972) Metaspace: 62251K(62528K)->62251K(62528K) NonClass: 53218K(53440K)->53218K(53440K) Class: 9032K(9088K)->9032K(9088K)
[14248.227s][info][gc             ] GC(32972) Pause Young (Allocation Failure) 701M->619M(703M) 2.705ms
[14248.227s][info][gc,cpu         ] GC(32972) User=0.00s Sys=0.00s Real=0.01s
[14248.656s][info][gc,start       ] GC(32973) Pause Young (Allocation Failure)
[14248.659s][info][gc,heap        ] GC(32973) PSYoungGen: 83200K(84992K)->768K(84992K) Eden: 82944K(82944K)->0K(82944K) From: 256K(2048K)->768K(2048K)
[14248.659s][info][gc,heap        ] GC(32973) ParOldGen: 634489K(634880K)->634537K(634880K)
[14248.659s][info][gc,metaspace   ] GC(32973) Metaspace: 62251K(62528K)->62251K(62528K) NonClass: 53218K(53440K)->53218K(53440K) Class: 9032K(9088K)->9032K(9088K)
[14248.659s][info][gc             ] GC(32973) Pause Young (Allocation Failure) 700M->620M(703M) 3.256ms
[14248.659s][info][gc,cpu         ] GC(32973) User=0.01s Sys=0.00s Real=0.01s
[14249.138s][info][gc,start       ] GC(32974) Pause Young (Allocation Failure)
[14249.141s][info][gc,heap        ] GC(32974) PSYoungGen: 83712K(84992K)->512K(84992K) Eden: 82944K(82944K)->0K(82944K) From: 768K(2048K)->512K(2048K)
[14249.141s][info][gc,heap        ] GC(32974) ParOldGen: 634537K(634880K)->634585K(634880K)
[14249.141s][info][gc,metaspace   ] GC(32974) Metaspace: 62251K(62528K)->62251K(62528K) NonClass: 53218K(53440K)->53218K(53440K) Class: 9032K(9088K)->9032K(9088K)
[14249.141s][info][gc             ] GC(32974) Pause Young (Allocation Failure) 701M->620M(703M) 2.810ms
[14249.141s][info][gc,cpu         ] GC(32974) User=0.00s Sys=0.00s Real=0.00s
[14249.626s][info][gc,start       ] GC(32975) Pause Young (Allocation Failure)
[14249.628s][info][gc,heap        ] GC(32975) PSYoungGen: 83456K(84992K)->320K(84992K) Eden: 82944K(82944K)->0K(82944K) From: 512K(2048K)->320K(2048K)
[14249.628s][info][gc,heap        ] GC(32975) ParOldGen: 634585K(634880K)->634633K(634880K)
[14249.628s][info][gc,metaspace   ] GC(32975) Metaspace: 62251K(62528K)->62251K(62528K) NonClass: 53218K(53440K)->53218K(53440K) Class: 9032K(9088K)->9032K(9088K)
[14249.628s][info][gc             ] GC(32975) Pause Young (Allocation Failure) 701M->620M(703M) 2.557ms
[14249.628s][info][gc,cpu         ] GC(32975) User=0.01s Sys=0.00s Real=0.01s
[14250.068s][info][gc,start       ] GC(32976) Pause Young (Allocation Failure)
[14250.071s][info][gc,heap        ] GC(32976) PSYoungGen: 83264K(84992K)->928K(84992K) Eden: 82944K(82944K)->0K(82944K) From: 320K(2048K)->928K(2048K)
[14250.071s][info][gc,heap        ] GC(32976) ParOldGen: 634633K(634880K)->634681K(634880K)
[14250.071s][info][gc,metaspace   ] GC(32976) Metaspace: 62251K(62528K)->62251K(62528K) NonClass: 53218K(53440K)->53218K(53440K) Class: 9032K(9088K)->9032K(9088K)
[14250.072s][info][gc             ] GC(32976) Pause Young (Allocation Failure) 701M->620M(703M) 3.252ms
[14250.072s][info][gc,cpu         ] GC(32976) User=0.01s Sys=0.00s Real=0.00s
[14250.519s][info][gc,start       ] GC(32977) Pause Young (Allocation Failure)
[14250.521s][info][gc,heap        ] GC(32977) PSYoungGen: 83872K(84992K)->192K(84992K) Eden: 82944K(82944K)->0K(82944K) From: 928K(2048K)->192K(2048K)
[14250.521s][info][gc,heap        ] GC(32977) ParOldGen: 634681K(634880K)->634737K(634880K)
[14250.521s][info][gc,metaspace   ] GC(32977) Metaspace: 62251K(62528K)->62251K(62528K) NonClass: 53218K(53440K)->53218K(53440K) Class: 9032K(9088K)->9032K(9088K)
[14250.521s][info][gc             ] GC(32977) Pause Young (Allocation Failure) 701M->620M(703M) 2.631ms
[14250.521s][info][gc,cpu         ] GC(32977) User=0.00s Sys=0.00s Real=0.00s
[14251.049s][info][gc,start       ] GC(32978) Pause Young (Allocation Failure)
[14251.052s][info][gc,heap        ] GC(32978) PSYoungGen: 83136K(84992K)->592K(84992K) Eden: 82944K(82944K)->0K(82944K) From: 192K(2048K)->592K(2048K)
[14251.052s][info][gc,heap        ] GC(32978) ParOldGen: 634737K(634880K)->634785K(634880K)
[14251.052s][info][gc,metaspace   ] GC(32978) Metaspace: 62251K(62528K)->62251K(62528K) NonClass: 53218K(53440K)->53218K(53440K) Class: 9032K(9088K)->9032K(9088K)
[14251.052s][info][gc             ] GC(32978) Pause Young (Allocation Failure) 701M->620M(703M) 2.976ms
[14251.052s][info][gc,cpu         ] GC(32978) User=0.01s Sys=0.00s Real=0.00s
[14251.525s][info][gc,start       ] GC(32979) Pause Young (Allocation Failure)
[14251.528s][info][gc,heap        ] GC(32979) PSYoungGen: 83536K(84992K)->1312K(84992K) Eden: 82944K(82944K)->0K(82944K) From: 592K(2048K)->1312K(2048K)
[14251.528s][info][gc,heap        ] GC(32979) ParOldGen: 634785K(634880K)->635913K(636416K)
[14251.528s][info][gc,metaspace   ] GC(32979) Metaspace: 62251K(62528K)->62251K(62528K) NonClass: 53218K(53440K)->53218K(53440K) Class: 9032K(9088K)->9032K(9088K)
[14251.528s][info][gc             ] GC(32979) Pause Young (Allocation Failure) 701M->622M(704M) 3.360ms
[14251.528s][info][gc,cpu         ] GC(32979) User=0.01s Sys=0.01s Real=0.01s
[14252.048s][info][gc,start       ] GC(32980) Pause Young (Allocation Failure)
[14252.052s][info][gc,heap        ] GC(32980) PSYoungGen: 84256K(84992K)->544K(84992K) Eden: 82944K(82944K)->0K(82944K) From: 1312K(2048K)->544K(2048K)
[14252.052s][info][gc,heap        ] GC(32980) ParOldGen: 635913K(636416K)->638009K(639488K)
[14252.052s][info][gc,metaspace   ] GC(32980) Metaspace: 62251K(62528K)->62251K(62528K) NonClass: 53218K(53440K)->53218K(53440K) Class: 9032K(9088K)->9032K(9088K)
[14252.052s][info][gc             ] GC(32980) Pause Young (Allocation Failure) 703M->623M(707M) 4.129ms
[14252.052s][info][gc,cpu         ] GC(32980) User=0.01s Sys=0.01s Real=0.00s
[14252.486s][info][gc,start       ] GC(32981) Pause Young (Allocation Failure)
[14252.489s][info][gc,heap        ] GC(32981) PSYoungGen: 83488K(84992K)->1280K(84992K) Eden: 82944K(82944K)->0K(82944K) From: 544K(2048K)->1280K(2048K)
[14252.489s][info][gc,heap        ] GC(32981) ParOldGen: 638009K(639488K)->638057K(639488K)
[14252.489s][info][gc,metaspace   ] GC(32981) Metaspace: 62251K(62528K)->62251K(62528K) NonClass: 53218K(53440K)->53218K(53440K) Class: 9032K(9088K)->9032K(9088K)
[14252.489s][info][gc             ] GC(32981) Pause Young (Allocation Failure) 704M->624M(707M) 3.721ms
[14252.489s][info][gc,cpu         ] GC(32981) User=0.01s Sys=0.00s Real=0.01s
[14252.962s][info][gc,start       ] GC(32982) Pause Young (Allocation Failure)
[14252.965s][info][gc,heap        ] GC(32982) PSYoungGen: 84224K(84992K)->800K(84992K) Eden: 82944K(82944K)->0K(82944K) From: 1280K(2048K)->800K(2048K)
[14252.965s][info][gc,heap        ] GC(32982) ParOldGen: 638057K(639488K)->638105K(639488K)
[14252.965s][info][gc,metaspace   ] GC(32982) Metaspace: 62251K(62528K)->62251K(62528K) NonClass: 53218K(53440K)->53218K(53440K) Class: 9032K(9088K)->9032K(9088K)
[14252.965s][info][gc             ] GC(32982) Pause Young (Allocation Failure) 705M->623M(707M) 3.078ms
[14252.965s][info][gc,cpu         ] GC(32982) User=0.01s Sys=0.00s Real=0.00s
[14253.433s][info][gc,start       ] GC(32983) Pause Young (Allocation Failure)
[14253.435s][info][gc,heap        ] GC(32983) PSYoungGen: 83744K(84992K)->384K(84992K) Eden: 82944K(82944K)->0K(82944K) From: 800K(2048K)->384K(2048K)
[14253.435s][info][gc,heap        ] GC(32983) ParOldGen: 638105K(639488K)->638161K(639488K)
[14253.435s][info][gc,metaspace   ] GC(32983) Metaspace: 62251K(62528K)->62251K(62528K) NonClass: 53218K(53440K)->53218K(53440K) Class: 9032K(9088K)->9032K(9088K)
[14253.436s][info][gc             ] GC(32983) Pause Young (Allocation Failure) 704M->623M(707M) 2.839ms
[14253.436s][info][gc,cpu         ] GC(32983) User=0.00s Sys=0.00s Real=0.00s
[14253.914s][info][gc,start       ] GC(32984) Pause Young (Allocation Failure)
[14253.918s][info][gc,heap        ] GC(32984) PSYoungGen: 83328K(84992K)->1632K(84992K) Eden: 82944K(82944K)->0K(82944K) From: 384K(2048K)->1632K(2048K)
[14253.918s][info][gc,heap        ] GC(32984) ParOldGen: 638161K(639488K)->638209K(639488K)
[14253.918s][info][gc,metaspace   ] GC(32984) Metaspace: 62251K(62528K)->62251K(62528K) NonClass: 53218K(53440K)->53218K(53440K) Class: 9032K(9088K)->9032K(9088K)
[14253.918s][info][gc             ] GC(32984) Pause Young (Allocation Failure) 704M->624M(707M) 3.822ms
[14253.918s][info][gc,cpu         ] GC(32984) User=0.01s Sys=0.00s Real=0.01s
[14254.394s][info][gc,start       ] GC(32985) Pause Young (Allocation Failure)
[14254.397s][info][gc,heap        ] GC(32985) PSYoungGen: 84576K(84992K)->1248K(84992K) Eden: 82944K(82944K)->0K(82944K) From: 1632K(2048K)->1248K(2048K)
[14254.397s][info][gc,heap        ] GC(32985) ParOldGen: 638209K(639488K)->638249K(639488K)
[14254.397s][info][gc,metaspace   ] GC(32985) Metaspace: 62251K(62528K)->62251K(62528K) NonClass: 53218K(53440K)->53218K(53440K) Class: 9032K(9088K)->9032K(9088K)
[14254.397s][info][gc             ] GC(32985) Pause Young (Allocation Failure) 705M->624M(707M) 3.682ms
[14254.397s][info][gc,cpu         ] GC(32985) User=0.00s Sys=0.00s Real=0.01s
[14254.898s][info][gc,start       ] GC(32986) Pause Young (Allocation Failure)
[14254.901s][info][gc,heap        ] GC(32986) PSYoungGen: 84192K(84992K)->1312K(84992K) Eden: 82944K(82944K)->0K(82944K) From: 1248K(2048K)->1312K(2048K)
[14254.902s][info][gc,heap        ] GC(32986) ParOldGen: 638249K(639488K)->638297K(639488K)
[14254.902s][info][gc,metaspace   ] GC(32986) Metaspace: 62251K(62528K)->62251K(62528K) NonClass: 53218K(53440K)->53218K(53440K) Class: 9032K(9088K)->9032K(9088K)
[14254.902s][info][gc             ] GC(32986) Pause Young (Allocation Failure) 705M->624M(707M) 3.864ms
[14254.902s][info][gc,cpu         ] GC(32986) User=0.00s Sys=0.00s Real=0.00s
[14255.363s][info][gc,start       ] GC(32987) Pause Young (Allocation Failure)
[14255.365s][info][gc,heap        ] GC(32987) PSYoungGen: 84256K(84992K)->800K(84992K) Eden: 82944K(82944K)->0K(82944K) From: 1312K(2048K)->800K(2048K)
[14255.366s][info][gc,heap        ] GC(32987) ParOldGen: 638297K(639488K)->638353K(639488K)
[14255.366s][info][gc,metaspace   ] GC(32987) Metaspace: 62251K(62528K)->62251K(62528K) NonClass: 53218K(53440K)->53218K(53440K) Class: 9032K(9088K)->9032K(9088K)
[14255.366s][info][gc             ] GC(32987) Pause Young (Allocation Failure) 705M->624M(707M) 3.048ms
[14255.366s][info][gc,cpu         ] GC(32987) User=0.00s Sys=0.00s Real=0.00s
[14255.838s][info][gc,start       ] GC(32988) Pause Young (Allocation Failure)
[14255.841s][info][gc,heap        ] GC(32988) PSYoungGen: 83744K(84992K)->480K(84992K) Eden: 82944K(82944K)->0K(82944K) From: 800K(2048K)->480K(2048K)
[14255.841s][info][gc,heap        ] GC(32988) ParOldGen: 638353K(639488K)->638401K(639488K)
[14255.841s][info][gc,metaspace   ] GC(32988) Metaspace: 62251K(62528K)->62251K(62528K) NonClass: 53218K(53440K)->53218K(53440K) Class: 9032K(9088K)->9032K(9088K)
[14255.841s][info][gc             ] GC(32988) Pause Young (Allocation Failure) 705M->623M(707M) 2.711ms
[14255.841s][info][gc,cpu         ] GC(32988) User=0.00s Sys=0.00s Real=0.00s
[14256.294s][info][gc,start       ] GC(32989) Pause Young (Allocation Failure)
[14256.299s][info][gc,heap        ] GC(32989) PSYoungGen: 83424K(84992K)->1344K(84992K) Eden: 82944K(82944K)->0K(82944K) From: 480K(2048K)->1344K(2048K)
[14256.299s][info][gc,heap        ] GC(32989) ParOldGen: 638401K(639488K)->640498K(641024K)
[14256.299s][info][gc,metaspace   ] GC(32989) Metaspace: 62251K(62528K)->62251K(62528K) NonClass: 53218K(53440K)->53218K(53440K) Class: 9032K(9088K)->9032K(9088K)
[14256.299s][info][gc             ] GC(32989) Pause Young (Allocation Failure) 704M->626M(709M) 4.692ms
[14256.299s][info][gc,cpu         ] GC(32989) User=0.01s Sys=0.00s Real=0.01s
[14256.800s][info][gc,start       ] GC(32990) Pause Young (Allocation Failure)
[14256.804s][info][gc,heap        ] GC(32990) PSYoungGen: 84288K(84992K)->1280K(84992K) Eden: 82944K(82944K)->0K(82944K) From: 1344K(2048K)->1280K(2048K)
[14256.804s][info][gc,heap        ] GC(32990) ParOldGen: 640498K(641024K)->640546K(641024K)
[14256.804s][info][gc,metaspace   ] GC(32990) Metaspace: 62251K(62528K)->62251K(62528K) NonClass: 53218K(53440K)->53218K(53440K) Class: 9032K(9088K)->9032K(9088K)
[14256.804s][info][gc             ] GC(32990) Pause Young (Allocation Failure) 707M->626M(709M) 3.744ms
[14256.804s][info][gc,cpu         ] GC(32990) User=0.00s Sys=0.00s Real=0.00s
[14257.283s][info][gc,start       ] GC(32991) Pause Young (Allocation Failure)
[14257.286s][info][gc,heap        ] GC(32991) PSYoungGen: 84224K(84992K)->1056K(84992K) Eden: 82944K(82944K)->0K(82944K) From: 1280K(2048K)->1056K(2048K)
[14257.286s][info][gc,heap        ] GC(32991) ParOldGen: 640546K(641024K)->640594K(641024K)
[14257.286s][info][gc,metaspace   ] GC(32991) Metaspace: 62251K(62528K)->62251K(62528K) NonClass: 53218K(53440K)->53218K(53440K) Class: 9032K(9088K)->9032K(9088K)
[14257.286s][info][gc             ] GC(32991) Pause Young (Allocation Failure) 707M->626M(709M) 3.354ms
[14257.286s][info][gc,cpu         ] GC(32991) User=0.00s Sys=0.00s Real=0.01s
[14257.774s][info][gc,start       ] GC(32992) Pause Young (Allocation Failure)
[14257.777s][info][gc,heap        ] GC(32992) PSYoungGen: 84000K(84992K)->992K(84992K) Eden: 82944K(82944K)->0K(82944K) From: 1056K(2048K)->992K(2048K)
[14257.777s][info][gc,heap        ] GC(32992) ParOldGen: 640594K(641024K)->640634K(641024K)
[14257.777s][info][gc,metaspace   ] GC(32992) Metaspace: 62251K(62528K)->62251K(62528K) NonClass: 53218K(53440K)->53218K(53440K) Class: 9032K(9088K)->9032K(9088K)
[14257.777s][info][gc             ] GC(32992) Pause Young (Allocation Failure) 707M->626M(709M) 3.212ms
[14257.777s][info][gc,cpu         ] GC(32992) User=0.01s Sys=0.00s Real=0.01s
[14258.243s][info][gc,start       ] GC(32993) Pause Young (Allocation Failure)
[14258.245s][info][gc,heap        ] GC(32993) PSYoungGen: 83936K(84992K)->544K(84992K) Eden: 82944K(82944K)->0K(82944K) From: 992K(2048K)->544K(2048K)
[14258.245s][info][gc,heap        ] GC(32993) ParOldGen: 640634K(641024K)->640690K(641024K)
[14258.245s][info][gc,metaspace   ] GC(32993) Metaspace: 62251K(62528K)->62251K(62528K) NonClass: 53218K(53440K)->53218K(53440K) Class: 9032K(9088K)->9032K(9088K)
[14258.246s][info][gc             ] GC(32993) Pause Young (Allocation Failure) 707M->626M(709M) 2.950ms
[14258.246s][info][gc,cpu         ] GC(32993) User=0.01s Sys=0.00s Real=0.00s
[14258.759s][info][gc,start       ] GC(32994) Pause Young (Allocation Failure)
[14258.762s][info][gc,heap        ] GC(32994) PSYoungGen: 83488K(84992K)->848K(84992K) Eden: 82944K(82944K)->0K(82944K) From: 544K(2048K)->848K(2048K)
[14258.762s][info][gc,heap        ] GC(32994) ParOldGen: 640690K(641024K)->640746K(641024K)
[14258.762s][info][gc,metaspace   ] GC(32994) Metaspace: 62251K(62528K)->62251K(62528K) NonClass: 53218K(53440K)->53218K(53440K) Class: 9032K(9088K)->9032K(9088K)
[14258.762s][info][gc             ] GC(32994) Pause Young (Allocation Failure) 707M->626M(709M) 3.094ms
[14258.762s][info][gc,cpu         ] GC(32994) User=0.01s Sys=0.00s Real=0.00s
[14259.200s][info][gc,start       ] GC(32995) Pause Young (Allocation Failure)
[14259.204s][info][gc,heap        ] GC(32995) PSYoungGen: 83792K(84992K)->1440K(84992K) Eden: 82944K(82944K)->0K(82944K) From: 848K(2048K)->1440K(2048K)
[14259.204s][info][gc,heap        ] GC(32995) ParOldGen: 640746K(641024K)->640850K(641024K)
[14259.204s][info][gc,metaspace   ] GC(32995) Metaspace: 62251K(62528K)->62251K(62528K) NonClass: 53218K(53440K)->53218K(53440K) Class: 9032K(9088K)->9032K(9088K)
[14259.204s][info][gc             ] GC(32995) Pause Young (Allocation Failure) 707M->627M(709M) 3.748ms
[14259.204s][info][gc,cpu         ] GC(32995) User=0.00s Sys=0.00s Real=0.00s
[14259.700s][info][gc,start       ] GC(32996) Pause Young (Allocation Failure)
[14259.703s][info][gc,heap        ] GC(32996) PSYoungGen: 84384K(84992K)->1248K(84992K) Eden: 82944K(82944K)->0K(82944K) From: 1440K(2048K)->1248K(2048K)
[14259.704s][info][gc,heap        ] GC(32996) ParOldGen: 640850K(641024K)->640898K(641024K)
[14259.704s][info][gc,metaspace   ] GC(32996) Metaspace: 62251K(62528K)->62251K(62528K) NonClass: 53218K(53440K)->53218K(53440K) Class: 9032K(9088K)->9032K(9088K)
[14259.704s][info][gc             ] GC(32996) Pause Young (Allocation Failure) 708M->627M(709M) 3.684ms
[14259.704s][info][gc,cpu         ] GC(32996) User=0.01s Sys=0.00s Real=0.00s
[14260.164s][info][gc,start       ] GC(32997) Pause Young (Allocation Failure)
[14260.167s][info][gc,heap        ] GC(32997) PSYoungGen: 84192K(84992K)->864K(84992K) Eden: 82944K(82944K)->0K(82944K) From: 1248K(2048K)->864K(2048K)
[14260.167s][info][gc,heap        ] GC(32997) ParOldGen: 640898K(641024K)->640954K(641024K)
[14260.167s][info][gc,metaspace   ] GC(32997) Metaspace: 62251K(62528K)->62251K(62528K) NonClass: 53218K(53440K)->53218K(53440K) Class: 9032K(9088K)->9032K(9088K)
[14260.167s][info][gc             ] GC(32997) Pause Young (Allocation Failure) 708M->626M(709M) 3.291ms
[14260.167s][info][gc,cpu         ] GC(32997) User=0.01s Sys=0.00s Real=0.01s
[14260.617s][info][gc,start       ] GC(32998) Pause Young (Allocation Failure)
[14260.621s][info][gc,heap        ] GC(32998) PSYoungGen: 83808K(84992K)->1696K(84992K) Eden: 82944K(82944K)->0K(82944K) From: 864K(2048K)->1696K(2048K)
[14260.621s][info][gc,heap        ] GC(32998) ParOldGen: 640954K(641024K)->641002K(641024K)
[14260.621s][info][gc,metaspace   ] GC(32998) Metaspace: 62251K(62528K)->62251K(62528K) NonClass: 53218K(53440K)->53218K(53440K) Class: 9032K(9088K)->9032K(9088K)
[14260.621s][info][gc             ] GC(32998) Pause Young (Allocation Failure) 707M->627M(709M) 3.913ms
[14260.621s][info][gc,cpu         ] GC(32998) User=0.01s Sys=0.00s Real=0.00s
[14261.064s][info][gc,start       ] GC(32999) Pause Young (Allocation Failure)
[14261.068s][info][gc,heap        ] GC(32999) PSYoungGen: 84640K(84992K)->1952K(83968K) Eden: 82944K(82944K)->0K(81920K) From: 1696K(2048K)->1952K(2048K)
[14261.068s][info][gc,heap        ] GC(32999) ParOldGen: 641002K(641024K)->642082K(642560K)
[14261.068s][info][gc,metaspace   ] GC(32999) Metaspace: 62251K(62528K)->62251K(62528K) NonClass: 53218K(53440K)->53218K(53440K) Class: 9032K(9088K)->9032K(9088K)
[14261.068s][info][gc             ] GC(32999) Pause Young (Allocation Failure) 708M->628M(709M) 4.009ms
[14261.068s][info][gc,cpu         ] GC(32999) User=0.01s Sys=0.00s Real=0.01s
[14261.527s][info][gc,start       ] GC(33000) Pause Young (Allocation Failure)
[14261.531s][info][gc,heap        ] GC(33000) PSYoungGen: 83872K(83968K)->352K(84480K) Eden: 81920K(81920K)->0K(81920K) From: 1952K(2048K)->352K(2560K)
[14261.531s][info][gc,heap        ] GC(33000) ParOldGen: 642082K(642560K)->644178K(645632K)
[14261.531s][info][gc,metaspace   ] GC(33000) Metaspace: 62251K(62528K)->62251K(62528K) NonClass: 53218K(53440K)->53218K(53440K) Class: 9032K(9088K)->9032K(9088K)
[14261.531s][info][gc             ] GC(33000) Pause Young (Allocation Failure) 708M->629M(713M) 3.859ms
[14261.531s][info][gc,cpu         ] GC(33000) User=0.01s Sys=0.00s Real=0.00s
[14261.953s][info][gc,start       ] GC(33001) Pause Young (Allocation Failure)
[14261.956s][info][gc,heap        ] GC(33001) PSYoungGen: 82272K(84480K)->672K(84480K) Eden: 81920K(81920K)->0K(81920K) From: 352K(2560K)->672K(2560K)
[14261.956s][info][gc,heap        ] GC(33001) ParOldGen: 644178K(645632K)->644234K(645632K)
[14261.956s][info][gc,metaspace   ] GC(33001) Metaspace: 62251K(62528K)->62251K(62528K) NonClass: 53218K(53440K)->53218K(53440K) Class: 9032K(9088K)->9032K(9088K)
[14261.956s][info][gc             ] GC(33001) Pause Young (Allocation Failure) 709M->629M(713M) 2.979ms
[14261.956s][info][gc,cpu         ] GC(33001) User=0.00s Sys=0.00s Real=0.00s
[14262.432s][info][gc,start       ] GC(33002) Pause Young (Allocation Failure)
[14262.434s][info][gc,heap        ] GC(33002) PSYoungGen: 82592K(84480K)->416K(84480K) Eden: 81920K(81920K)->0K(81920K) From: 672K(2560K)->416K(2560K)
[14262.434s][info][gc,heap        ] GC(33002) ParOldGen: 644234K(645632K)->644282K(645632K)
[14262.434s][info][gc,metaspace   ] GC(33002) Metaspace: 62251K(62528K)->62251K(62528K) NonClass: 53218K(53440K)->53218K(53440K) Class: 9032K(9088K)->9032K(9088K)
[14262.434s][info][gc             ] GC(33002) Pause Young (Allocation Failure) 709M->629M(713M) 2.756ms
[14262.434s][info][gc,cpu         ] GC(33002) User=0.01s Sys=0.00s Real=0.00s
[14262.897s][info][gc,start       ] GC(33003) Pause Young (Allocation Failure)
[14262.901s][info][gc,heap        ] GC(33003) PSYoungGen: 82336K(84480K)->1120K(84480K) Eden: 81920K(81920K)->0K(81920K) From: 416K(2560K)->1120K(2560K)
[14262.901s][info][gc,heap        ] GC(33003) ParOldGen: 644282K(645632K)->644330K(645632K)
[14262.901s][info][gc,metaspace   ] GC(33003) Metaspace: 62251K(62528K)->62251K(62528K) NonClass: 53218K(53440K)->53218K(53440K) Class: 9032K(9088K)->9032K(9088K)
[14262.901s][info][gc             ] GC(33003) Pause Young (Allocation Failure) 709M->630M(713M) 3.381ms
[14262.901s][info][gc,cpu         ] GC(33003) User=0.01s Sys=0.01s Real=0.00s
[14263.355s][info][gc,start       ] GC(33004) Pause Young (Allocation Failure)
[14263.358s][info][gc,heap        ] GC(33004) PSYoungGen: 83040K(84480K)->768K(84480K) Eden: 81920K(81920K)->0K(81920K) From: 1120K(2560K)->768K(2560K)
[14263.358s][info][gc,heap        ] GC(33004) ParOldGen: 644330K(645632K)->644386K(645632K)
[14263.358s][info][gc,metaspace   ] GC(33004) Metaspace: 62251K(62528K)->62251K(62528K) NonClass: 53218K(53440K)->53218K(53440K) Class: 9032K(9088K)->9032K(9088K)
[14263.358s][info][gc             ] GC(33004) Pause Young (Allocation Failure) 710M->630M(713M) 3.057ms
[14263.358s][info][gc,cpu         ] GC(33004) User=0.01s Sys=0.00s Real=0.01s
[14263.766s][info][gc,start       ] GC(33005) Pause Young (Allocation Failure)
[14263.769s][info][gc,heap        ] GC(33005) PSYoungGen: 82688K(84480K)->992K(84992K) Eden: 81920K(81920K)->0K(82944K) From: 768K(2560K)->992K(2048K)
[14263.769s][info][gc,heap        ] GC(33005) ParOldGen: 644386K(645632K)->644442K(645632K)
[14263.769s][info][gc,metaspace   ] GC(33005) Metaspace: 62251K(62528K)->62251K(62528K) NonClass: 53218K(53440K)->53218K(53440K) Class: 9032K(9088K)->9032K(9088K)
[14263.769s][info][gc             ] GC(33005) Pause Young (Allocation Failure) 710M->630M(713M) 3.250ms
[14263.769s][info][gc,cpu         ] GC(33005) User=0.01s Sys=0.00s Real=0.01s
[14264.223s][info][gc,start       ] GC(33006) Pause Young (Allocation Failure)
[14264.226s][info][gc,heap        ] GC(33006) PSYoungGen: 83936K(84992K)->288K(84992K) Eden: 82944K(82944K)->0K(82944K) From: 992K(2048K)->288K(2048K)
[14264.226s][info][gc,heap        ] GC(33006) ParOldGen: 644442K(645632K)->644490K(645632K)
[14264.226s][info][gc,metaspace   ] GC(33006) Metaspace: 62251K(62528K)->62251K(62528K) NonClass: 53218K(53440K)->53218K(53440K) Class: 9032K(9088K)->9032K(9088K)
[14264.226s][info][gc             ] GC(33006) Pause Young (Allocation Failure) 711M->629M(713M) 2.752ms
[14264.226s][info][gc,cpu         ] GC(33006) User=0.00s Sys=0.00s Real=0.00s
[14264.638s][info][gc,start       ] GC(33007) Pause Young (Allocation Failure)
[14264.641s][info][gc,heap        ] GC(33007) PSYoungGen: 83232K(84992K)->512K(84992K) Eden: 82944K(82944K)->0K(82944K) From: 288K(2048K)->512K(2048K)
[14264.641s][info][gc,heap        ] GC(33007) ParOldGen: 644490K(645632K)->644538K(645632K)
[14264.641s][info][gc,metaspace   ] GC(33007) Metaspace: 62251K(62528K)->62251K(62528K) NonClass: 53218K(53440K)->53218K(53440K) Class: 9032K(9088K)->9032K(9088K)
[14264.641s][info][gc             ] GC(33007) Pause Young (Allocation Failure) 710M->629M(713M) 2.843ms
[14264.641s][info][gc,cpu         ] GC(33007) User=0.00s Sys=0.00s Real=0.00s
[14265.082s][info][gc,start       ] GC(33008) Pause Young (Allocation Failure)
[14265.085s][info][gc,heap        ] GC(33008) PSYoungGen: 83456K(84992K)->1120K(84992K) Eden: 82944K(82944K)->0K(82944K) From: 512K(2048K)->1120K(2048K)
[14265.085s][info][gc,heap        ] GC(33008) ParOldGen: 644538K(645632K)->644586K(645632K)
[14265.085s][info][gc,metaspace   ] GC(33008) Metaspace: 62251K(62528K)->62251K(62528K) NonClass: 53218K(53440K)->53218K(53440K) Class: 9032K(9088K)->9032K(9088K)
[14265.085s][info][gc             ] GC(33008) Pause Young (Allocation Failure) 710M->630M(713M) 3.391ms
[14265.085s][info][gc,cpu         ] GC(33008) User=0.00s Sys=0.00s Real=0.00s
[14265.536s][info][gc,start       ] GC(33009) Pause Young (Allocation Failure)
[14265.540s][info][gc,heap        ] GC(33009) PSYoungGen: 84064K(84992K)->1504K(84992K) Eden: 82944K(82944K)->0K(82944K) From: 1120K(2048K)->1504K(2048K)
[14265.540s][info][gc,heap        ] GC(33009) ParOldGen: 644586K(645632K)->645666K(647168K)
[14265.540s][info][gc,metaspace   ] GC(33009) Metaspace: 62251K(62528K)->62251K(62528K) NonClass: 53218K(53440K)->53218K(53440K) Class: 9032K(9088K)->9032K(9088K)
[14265.540s][info][gc             ] GC(33009) Pause Young (Allocation Failure) 711M->632M(715M) 3.430ms
[14265.540s][info][gc,cpu         ] GC(33009) User=0.00s Sys=0.00s Real=0.01s
[14265.992s][info][gc,start       ] GC(33010) Pause Young (Allocation Failure)
[14266.007s][info][gc,heap        ] GC(33010) PSYoungGen: 84441K(84992K)->1248K(84992K) Eden: 82937K(82944K)->0K(82944K) From: 1504K(2048K)->1248K(2048K)
[14266.007s][info][gc,heap        ] GC(33010) ParOldGen: 645666K(647168K)->647762K(648704K)
[14266.007s][info][gc,metaspace   ] GC(33010) Metaspace: 62251K(62528K)->62251K(62528K) NonClass: 53218K(53440K)->53218K(53440K) Class: 9032K(9088K)->9032K(9088K)
[14266.007s][info][gc             ] GC(33010) Pause Young (Allocation Failure) 712M->633M(716M) 14.613ms
[14266.007s][info][gc,cpu         ] GC(33010) User=0.01s Sys=0.00s Real=0.02s
[14266.531s][info][gc,start       ] GC(33011) Pause Young (Allocation Failure)
[14266.534s][info][gc,heap        ] GC(33011) PSYoungGen: 84192K(84992K)->432K(101888K) Eden: 82944K(82944K)->0K(99840K) From: 1248K(2048K)->432K(2048K)
[14266.534s][info][gc,heap        ] GC(33011) ParOldGen: 647762K(648704K)->647810K(648704K)
[14266.534s][info][gc,metaspace   ] GC(33011) Metaspace: 62251K(62528K)->62251K(62528K) NonClass: 53218K(53440K)->53218K(53440K) Class: 9032K(9088K)->9032K(9088K)
[14266.534s][info][gc             ] GC(33011) Pause Young (Allocation Failure) 714M->633M(733M) 3.042ms
[14266.534s][info][gc,cpu         ] GC(33011) User=0.00s Sys=0.00s Real=0.00s
[14267.121s][info][gc,start       ] GC(33012) Pause Young (Allocation Failure)
[14267.124s][info][gc,heap        ] GC(33012) PSYoungGen: 100272K(101888K)->256K(97280K) Eden: 99840K(99840K)->0K(96768K) From: 432K(2048K)->256K(512K)
[14267.124s][info][gc,heap        ] GC(33012) ParOldGen: 647810K(648704K)->647874K(648704K)
[14267.124s][info][gc,metaspace   ] GC(33012) Metaspace: 62251K(62528K)->62251K(62528K) NonClass: 53218K(53440K)->53218K(53440K) Class: 9032K(9088K)->9032K(9088K)
[14267.124s][info][gc             ] GC(33012) Pause Young (Allocation Failure) 730M->632M(728M) 2.839ms
[14267.124s][info][gc,cpu         ] GC(33012) User=0.01s Sys=0.00s Real=0.00s
[14267.609s][info][gc,start       ] GC(33013) Pause Young (Allocation Failure)
[14267.613s][info][gc,heap        ] GC(33013) PSYoungGen: 97024K(97280K)->1632K(95744K) Eden: 96768K(96768K)->0K(93696K) From: 256K(512K)->1632K(2048K)
[14267.614s][info][gc,heap        ] GC(33013) ParOldGen: 647874K(648704K)->647898K(648704K)
[14267.614s][info][gc,metaspace   ] GC(33013) Metaspace: 62251K(62528K)->62251K(62528K) NonClass: 53218K(53440K)->53218K(53440K) Class: 9032K(9088K)->9032K(9088K)
[14267.614s][info][gc             ] GC(33013) Pause Young (Allocation Failure) 727M->634M(727M) 4.522ms
[14267.614s][info][gc,cpu         ] GC(33013) User=0.01s Sys=0.00s Real=0.00s
[14268.147s][info][gc,start       ] GC(33014) Pause Young (Allocation Failure)
[14268.150s][info][gc,heap        ] GC(33014) PSYoungGen: 95328K(95744K)->704K(92160K) Eden: 93696K(93696K)->0K(91136K) From: 1632K(2048K)->704K(1024K)
[14268.150s][info][gc,heap        ] GC(33014) ParOldGen: 647898K(648704K)->647922K(648704K)
[14268.150s][info][gc,metaspace   ] GC(33014) Metaspace: 62251K(62528K)->62251K(62528K) NonClass: 53218K(53440K)->53218K(53440K) Class: 9032K(9088K)->9032K(9088K)
[14268.150s][info][gc             ] GC(33014) Pause Young (Allocation Failure) 725M->633M(723M) 3.154ms
[14268.150s][info][gc,cpu         ] GC(33014) User=0.01s Sys=0.00s Real=0.00s
[14268.630s][info][gc,start       ] GC(33015) Pause Young (Allocation Failure)
[14268.633s][info][gc,heap        ] GC(33015) PSYoungGen: 91840K(92160K)->416K(89088K) Eden: 91136K(91136K)->0K(88576K) From: 704K(1024K)->416K(512K)
[14268.633s][info][gc,heap        ] GC(33015) ParOldGen: 647922K(648704K)->647962K(648704K)
[14268.633s][info][gc,metaspace   ] GC(33015) Metaspace: 62251K(62528K)->62251K(62528K) NonClass: 53218K(53440K)->53218K(53440K) Class: 9032K(9088K)->9032K(9088K)
[14268.633s][info][gc             ] GC(33015) Pause Young (Allocation Failure) 722M->633M(720M) 2.970ms
[14268.633s][info][gc,cpu         ] GC(33015) User=0.00s Sys=0.00s Real=0.00s
[14269.115s][info][gc,start       ] GC(33016) Pause Young (Allocation Failure)
[14269.118s][info][gc,heap        ] GC(33016) PSYoungGen: 88992K(89088K)->1504K(88576K) Eden: 88576K(88576K)->0K(86016K) From: 416K(512K)->1504K(2560K)
[14269.118s][info][gc,heap        ] GC(33016) ParOldGen: 647962K(648704K)->648002K(648704K)
[14269.118s][info][gc,metaspace   ] GC(33016) Metaspace: 62251K(62528K)->62251K(62528K) NonClass: 53218K(53440K)->53218K(53440K) Class: 9032K(9088K)->9032K(9088K)
[14269.118s][info][gc             ] GC(33016) Pause Young (Allocation Failure) 719M->634M(720M) 3.823ms
[14269.119s][info][gc,cpu         ] GC(33016) User=0.00s Sys=0.00s Real=0.01s
[14269.630s][info][gc,start       ] GC(33017) Pause Young (Allocation Failure)
[14269.633s][info][gc,heap        ] GC(33017) PSYoungGen: 87520K(88576K)->352K(83968K) Eden: 86016K(86016K)->0K(83456K) From: 1504K(2560K)->352K(512K)
[14269.633s][info][gc,heap        ] GC(33017) ParOldGen: 648002K(648704K)->648042K(648704K)
[14269.633s][info][gc,metaspace   ] GC(33017) Metaspace: 62251K(62528K)->62251K(62528K) NonClass: 53218K(53440K)->53218K(53440K) Class: 9032K(9088K)->9032K(9088K)
[14269.633s][info][gc             ] GC(33017) Pause Young (Allocation Failure) 718M->633M(715M) 3.060ms
[14269.633s][info][gc,cpu         ] GC(33017) User=0.01s Sys=0.00s Real=0.00s
[14270.141s][info][gc,start       ] GC(33018) Pause Young (Allocation Failure)
[14270.144s][info][gc,heap        ] GC(33018) PSYoungGen: 83808K(83968K)->512K(94208K) Eden: 83456K(83456K)->0K(91648K) From: 352K(512K)->512K(2560K)
[14270.144s][info][gc,heap        ] GC(33018) ParOldGen: 648042K(648704K)->648090K(648704K)
[14270.144s][info][gc,metaspace   ] GC(33018) Metaspace: 62251K(62528K)->62251K(62528K) NonClass: 53218K(53440K)->53218K(53440K) Class: 9032K(9088K)->9032K(9088K)
[14270.144s][info][gc             ] GC(33018) Pause Young (Allocation Failure) 714M->633M(725M) 2.810ms
[14270.144s][info][gc,cpu         ] GC(33018) User=0.01s Sys=0.00s Real=0.00s
[14270.674s][info][gc,start       ] GC(33019) Pause Young (Allocation Failure)
[14270.678s][info][gc,heap        ] GC(33019) PSYoungGen: 92160K(94208K)->1984K(91136K) Eden: 91648K(91648K)->0K(89088K) From: 512K(2560K)->1984K(2048K)
[14270.678s][info][gc,heap        ] GC(33019) ParOldGen: 648090K(648704K)->649154K(650240K)
[14270.678s][info][gc,metaspace   ] GC(33019) Metaspace: 62251K(62528K)->62251K(62528K) NonClass: 53218K(53440K)->53218K(53440K) Class: 9032K(9088K)->9032K(9088K)
[14270.678s][info][gc             ] GC(33019) Pause Young (Allocation Failure) 722M->635M(724M) 3.853ms
[14270.678s][info][gc,cpu         ] GC(33019) User=0.01s Sys=0.00s Real=0.01s
[14271.163s][info][gc,start       ] GC(33020) Pause Young (Allocation Failure)
[14271.168s][info][gc,heap        ] GC(33020) PSYoungGen: 91072K(91136K)->864K(87552K) Eden: 89088K(89088K)->0K(86528K) From: 1984K(2048K)->864K(1024K)
[14271.168s][info][gc,heap        ] GC(33020) ParOldGen: 649154K(650240K)->651242K(651776K)
[14271.168s][info][gc,metaspace   ] GC(33020) Metaspace: 62251K(62528K)->62251K(62528K) NonClass: 53218K(53440K)->53218K(53440K) Class: 9032K(9088K)->9032K(9088K)
[14271.168s][info][gc             ] GC(33020) Pause Young (Allocation Failure) 722M->636M(722M) 4.534ms
[14271.168s][info][gc,cpu         ] GC(33020) User=0.00s Sys=0.00s Real=0.01s
[14271.728s][info][gc,start       ] GC(33021) Pause Young (Allocation Failure)
[14271.731s][info][gc,heap        ] GC(33021) PSYoungGen: 87392K(87552K)->320K(84480K) Eden: 86528K(86528K)->0K(83968K) From: 864K(1024K)->320K(512K)
[14271.731s][info][gc,heap        ] GC(33021) ParOldGen: 651242K(651776K)->651290K(651776K)
[14271.731s][info][gc,metaspace   ] GC(33021) Metaspace: 62251K(62528K)->62251K(62528K) NonClass: 53218K(53440K)->53218K(53440K) Class: 9032K(9088K)->9032K(9088K)
[14271.731s][info][gc             ] GC(33021) Pause Young (Allocation Failure) 721M->636M(719M) 3.029ms
[14271.731s][info][gc,cpu         ] GC(33021) User=0.00s Sys=0.00s Real=0.00s
[14272.196s][info][gc,start       ] GC(33022) Pause Young (Allocation Failure)
[14272.199s][info][gc,heap        ] GC(33022) PSYoungGen: 84288K(84480K)->1344K(90112K) Eden: 83968K(83968K)->0K(87552K) From: 320K(512K)->1344K(2560K)
[14272.199s][info][gc,heap        ] GC(33022) ParOldGen: 651290K(651776K)->651330K(651776K)
[14272.199s][info][gc,metaspace   ] GC(33022) Metaspace: 62251K(62528K)->62251K(62528K) NonClass: 53218K(53440K)->53218K(53440K) Class: 9032K(9088K)->9032K(9088K)
[14272.199s][info][gc             ] GC(33022) Pause Young (Allocation Failure) 718M->637M(724M) 3.687ms
[14272.199s][info][gc,cpu         ] GC(33022) User=0.01s Sys=0.00s Real=0.01s
[14272.660s][info][gc,start       ] GC(33023) Pause Young (Allocation Failure)
[14272.663s][info][gc,heap        ] GC(33023) PSYoungGen: 88896K(90112K)->896K(86016K) Eden: 87552K(87552K)->0K(84992K) From: 1344K(2560K)->896K(1024K)
[14272.663s][info][gc,heap        ] GC(33023) ParOldGen: 651330K(651776K)->651362K(651776K)
[14272.663s][info][gc,metaspace   ] GC(33023) Metaspace: 62251K(62528K)->62251K(62528K) NonClass: 53218K(53440K)->53218K(53440K) Class: 9032K(9088K)->9032K(9088K)
[14272.663s][info][gc             ] GC(33023) Pause Young (Allocation Failure) 722M->636M(720M) 3.427ms
[14272.663s][info][gc,cpu         ] GC(33023) User=0.01s Sys=0.00s Real=0.00s
[14273.143s][info][gc,start       ] GC(33024) Pause Young (Allocation Failure)
[14273.146s][info][gc,heap        ] GC(33024) PSYoungGen: 85888K(86016K)->544K(83456K) Eden: 84992K(84992K)->0K(82432K) From: 896K(1024K)->544K(1024K)
[14273.146s][info][gc,heap        ] GC(33024) ParOldGen: 651362K(651776K)->651402K(651776K)
[14273.146s][info][gc,metaspace   ] GC(33024) Metaspace: 62251K(62528K)->62251K(62528K) NonClass: 53218K(53440K)->53218K(53440K) Class: 9032K(9088K)->9032K(9088K)
[14273.146s][info][gc             ] GC(33024) Pause Young (Allocation Failure) 719M->636M(718M) 3.080ms
[14273.146s][info][gc,cpu         ] GC(33024) User=0.01s Sys=0.00s Real=0.01s
[14273.609s][info][gc,start       ] GC(33025) Pause Young (Allocation Failure)
[14273.613s][info][gc,heap        ] GC(33025) PSYoungGen: 82976K(83456K)->1504K(86016K) Eden: 82432K(82432K)->0K(84480K) From: 544K(1024K)->1504K(1536K)
[14273.613s][info][gc,heap        ] GC(33025) ParOldGen: 651402K(651776K)->651450K(651776K)
[14273.613s][info][gc,metaspace   ] GC(33025) Metaspace: 62251K(62528K)->62251K(62528K) NonClass: 53218K(53440K)->53218K(53440K) Class: 9032K(9088K)->9032K(9088K)
[14273.613s][info][gc             ] GC(33025) Pause Young (Allocation Failure) 717M->637M(720M) 4.080ms
[14273.613s][info][gc,cpu         ] GC(33025) User=0.01s Sys=0.00s Real=0.00s
[14274.142s][info][gc,start       ] GC(33026) Pause Young (Allocation Failure)
[14274.145s][info][gc,heap        ] GC(33026) PSYoungGen: 85984K(86016K)->656K(85504K) Eden: 84480K(84480K)->0K(84480K) From: 1504K(1536K)->656K(1024K)
[14274.145s][info][gc,heap        ] GC(33026) ParOldGen: 651450K(651776K)->651498K(651776K)
[14274.145s][info][gc,metaspace   ] GC(33026) Metaspace: 62251K(62528K)->62251K(62528K) NonClass: 53218K(53440K)->53218K(53440K) Class: 9032K(9088K)->9032K(9088K)
[14274.145s][info][gc             ] GC(33026) Pause Young (Allocation Failure) 720M->636M(720M) 3.263ms
[14274.145s][info][gc,cpu         ] GC(33026) User=0.01s Sys=0.00s Real=0.00s
[14274.650s][info][gc,start       ] GC(33027) Pause Young (Allocation Failure)
[14274.653s][info][gc,heap        ] GC(33027) PSYoungGen: 85136K(85504K)->672K(83968K) Eden: 84480K(84480K)->0K(82944K) From: 656K(1024K)->672K(1024K)
[14274.653s][info][gc,heap        ] GC(33027) ParOldGen: 651498K(651776K)->651594K(651776K)
[14274.653s][info][gc,metaspace   ] GC(33027) Metaspace: 62251K(62528K)->62251K(62528K) NonClass: 53218K(53440K)->53218K(53440K) Class: 9032K(9088K)->9032K(9088K)
[14274.653s][info][gc             ] GC(33027) Pause Young (Allocation Failure) 719M->636M(718M) 3.437ms
[14274.653s][info][gc,cpu         ] GC(33027) User=0.01s Sys=0.00s Real=0.00s
[14275.106s][info][gc,start       ] GC(33028) Pause Young (Allocation Failure)
[14275.110s][info][gc,heap        ] GC(33028) PSYoungGen: 83616K(83968K)->1440K(84480K) Eden: 82944K(82944K)->0K(82944K) From: 672K(1024K)->1440K(1536K)
[14275.110s][info][gc,heap        ] GC(33028) ParOldGen: 651594K(651776K)->651642K(651776K)
[14275.110s][info][gc,metaspace   ] GC(33028) Metaspace: 62251K(62528K)->62251K(62528K) NonClass: 53218K(53440K)->53218K(53440K) Class: 9032K(9088K)->9032K(9088K)
[14275.110s][info][gc             ] GC(33028) Pause Young (Allocation Failure) 717M->637M(719M) 3.926ms
[14275.110s][info][gc,cpu         ] GC(33028) User=0.00s Sys=0.00s Real=0.01s
[14275.605s][info][gc,start       ] GC(33029) Pause Young (Allocation Failure)
[14275.609s][info][gc,heap        ] GC(33029) PSYoungGen: 84384K(84480K)->2304K(84480K) Eden: 82944K(82944K)->0K(81920K) From: 1440K(1536K)->2304K(2560K)
[14275.609s][info][gc,heap        ] GC(33029) ParOldGen: 651642K(651776K)->652714K(653312K)
[14275.609s][info][gc,metaspace   ] GC(33029) Metaspace: 62251K(62528K)->62251K(62528K) NonClass: 53218K(53440K)->53218K(53440K) Class: 9032K(9088K)->9032K(9088K)
[14275.609s][info][gc             ] GC(33029) Pause Young (Allocation Failure) 718M->639M(720M) 4.314ms
[14275.609s][info][gc,cpu         ] GC(33029) User=0.01s Sys=0.01s Real=0.01s
[14276.121s][info][gc,start       ] GC(33030) Pause Young (Allocation Failure)
[14276.125s][info][gc,heap        ] GC(33030) PSYoungGen: 84224K(84480K)->224K(84480K) Eden: 81920K(81920K)->0K(81920K) From: 2304K(2560K)->224K(2560K)
[14276.125s][info][gc,heap        ] GC(33030) ParOldGen: 652714K(653312K)->654810K(654848K)
[14276.125s][info][gc,metaspace   ] GC(33030) Metaspace: 62251K(62528K)->62251K(62528K) NonClass: 53218K(53440K)->53218K(53440K) Class: 9032K(9088K)->9032K(9088K)
[14276.125s][info][gc             ] GC(33030) Pause Young (Allocation Failure) 719M->639M(722M) 3.959ms
[14276.125s][info][gc,cpu         ] GC(33030) User=0.00s Sys=0.00s Real=0.00s
[14276.576s][info][gc,start       ] GC(33031) Pause Young (Allocation Failure)
[14276.579s][info][gc,heap        ] GC(33031) PSYoungGen: 82143K(84480K)->1056K(84480K) Eden: 81919K(81920K)->0K(81920K) From: 224K(2560K)->1056K(2560K)
[14276.579s][info][gc,heap        ] GC(33031) ParOldGen: 654810K(654848K)->654858K(655360K)
[14276.579s][info][gc,metaspace   ] GC(33031) Metaspace: 62251K(62528K)->62251K(62528K) NonClass: 53218K(53440K)->53218K(53440K) Class: 9032K(9088K)->9032K(9088K)
[14276.579s][info][gc             ] GC(33031) Pause Young (Allocation Failure) 719M->640M(722M) 3.367ms
[14276.579s][info][gc,cpu         ] GC(33031) User=0.01s Sys=0.00s Real=0.01s
[14277.061s][info][gc,start       ] GC(33032) Pause Young (Allocation Failure)
[14277.064s][info][gc,heap        ] GC(33032) PSYoungGen: 82976K(84480K)->832K(84480K) Eden: 81920K(81920K)->0K(81920K) From: 1056K(2560K)->832K(2560K)
[14277.064s][info][gc,heap        ] GC(33032) ParOldGen: 654858K(655360K)->654906K(655360K)
[14277.064s][info][gc,metaspace   ] GC(33032) Metaspace: 62251K(62528K)->62251K(62528K) NonClass: 53218K(53440K)->53218K(53440K) Class: 9032K(9088K)->9032K(9088K)
[14277.064s][info][gc             ] GC(33032) Pause Young (Allocation Failure) 720M->640M(722M) 3.113ms
[14277.064s][info][gc,cpu         ] GC(33032) User=0.01s Sys=0.00s Real=0.00s
[14277.515s][info][gc,start       ] GC(33033) Pause Young (Allocation Failure)
[14277.518s][info][gc,heap        ] GC(33033) PSYoungGen: 82752K(84480K)->1600K(84480K) Eden: 81920K(81920K)->0K(81920K) From: 832K(2560K)->1600K(2560K)
[14277.518s][info][gc,heap        ] GC(33033) ParOldGen: 654906K(655360K)->654954K(655360K)
[14277.518s][info][gc,metaspace   ] GC(33033) Metaspace: 62251K(62528K)->62251K(62528K) NonClass: 53218K(53440K)->53218K(53440K) Class: 9032K(9088K)->9032K(9088K)
[14277.518s][info][gc             ] GC(33033) Pause Young (Allocation Failure) 720M->641M(722M) 3.812ms
[14277.518s][info][gc,cpu         ] GC(33033) User=0.01s Sys=0.00s Real=0.01s
[14277.997s][info][gc,start       ] GC(33034) Pause Young (Allocation Failure)
[14278.001s][info][gc,heap        ] GC(33034) PSYoungGen: 83520K(84480K)->1280K(84480K) Eden: 81920K(81920K)->0K(81920K) From: 1600K(2560K)->1280K(2560K)
[14278.001s][info][gc,heap        ] GC(33034) ParOldGen: 654954K(655360K)->655002K(655360K)
[14278.001s][info][gc,metaspace   ] GC(33034) Metaspace: 62251K(62528K)->62251K(62528K) NonClass: 53218K(53440K)->53218K(53440K) Class: 9032K(9088K)->9032K(9088K)
[14278.001s][info][gc             ] GC(33034) Pause Young (Allocation Failure) 721M->640M(722M) 3.720ms
[14278.001s][info][gc,cpu         ] GC(33034) User=0.00s Sys=0.00s Real=0.00s
[14278.487s][info][gc,start       ] GC(33035) Pause Young (Allocation Failure)
[14278.491s][info][gc,heap        ] GC(33035) PSYoungGen: 83200K(84480K)->1184K(84480K) Eden: 81920K(81920K)->0K(81920K) From: 1280K(2560K)->1184K(2560K)
[14278.491s][info][gc,heap        ] GC(33035) ParOldGen: 655002K(655360K)->655050K(655360K)
[14278.491s][info][gc,metaspace   ] GC(33035) Metaspace: 62251K(62528K)->62251K(62528K) NonClass: 53218K(53440K)->53218K(53440K) Class: 9032K(9088K)->9032K(9088K)
[14278.491s][info][gc             ] GC(33035) Pause Young (Allocation Failure) 720M->640M(722M) 3.664ms
[14278.491s][info][gc,cpu         ] GC(33035) User=0.01s Sys=0.01s Real=0.00s
[14278.977s][info][gc,start       ] GC(33036) Pause Young (Allocation Failure)
[14278.980s][info][gc,heap        ] GC(33036) PSYoungGen: 83104K(84480K)->1024K(84480K) Eden: 81920K(81920K)->0K(81920K) From: 1184K(2560K)->1024K(2560K)
[14278.980s][info][gc,heap        ] GC(33036) ParOldGen: 655050K(655360K)->655106K(655360K)
[14278.980s][info][gc,metaspace   ] GC(33036) Metaspace: 62251K(62528K)->62251K(62528K) NonClass: 53218K(53440K)->53218K(53440K) Class: 9032K(9088K)->9032K(9088K)
[14278.980s][info][gc             ] GC(33036) Pause Young (Allocation Failure) 720M->640M(722M) 3.375ms
[14278.980s][info][gc,cpu         ] GC(33036) User=0.01s Sys=0.00s Real=0.00s
[14279.452s][info][gc,start       ] GC(33037) Pause Young (Allocation Failure)
[14279.455s][info][gc,heap        ] GC(33037) PSYoungGen: 82944K(84480K)->672K(84480K) Eden: 81920K(81920K)->0K(81920K) From: 1024K(2560K)->672K(2560K)
[14279.455s][info][gc,heap        ] GC(33037) ParOldGen: 655106K(655360K)->655162K(655360K)
[14279.455s][info][gc,metaspace   ] GC(33037) Metaspace: 62251K(62528K)->62251K(62528K) NonClass: 53218K(53440K)->53218K(53440K) Class: 9032K(9088K)->9032K(9088K)
[14279.455s][info][gc             ] GC(33037) Pause Young (Allocation Failure) 720M->640M(722M) 3.167ms
[14279.455s][info][gc,cpu         ] GC(33037) User=0.00s Sys=0.00s Real=0.00s
[14279.933s][info][gc,start       ] GC(33038) Pause Young (Allocation Failure)
[14279.936s][info][gc,heap        ] GC(33038) PSYoungGen: 82592K(84480K)->416K(84480K) Eden: 81920K(81920K)->0K(81920K) From: 672K(2560K)->416K(2560K)
[14279.936s][info][gc,heap        ] GC(33038) ParOldGen: 655162K(655360K)->655210K(655360K)
[14279.936s][info][gc,metaspace   ] GC(33038) Metaspace: 62251K(62528K)->62251K(62528K) NonClass: 53218K(53440K)->53218K(53440K) Class: 9032K(9088K)->9032K(9088K)
[14279.936s][info][gc             ] GC(33038) Pause Young (Allocation Failure) 720M->640M(722M) 2.922ms
[14279.936s][info][gc,cpu         ] GC(33038) User=0.00s Sys=0.00s Real=0.00s
[14280.412s][info][gc,start       ] GC(33039) Pause Young (Allocation Failure)
[14280.416s][info][gc,heap        ] GC(33039) PSYoungGen: 82336K(84480K)->2368K(84480K) Eden: 81920K(81920K)->0K(81920K) From: 416K(2560K)->2368K(2560K)
[14280.416s][info][gc,heap        ] GC(33039) ParOldGen: 655210K(655360K)->656290K(656896K)
[14280.416s][info][gc,metaspace   ] GC(33039) Metaspace: 62251K(62528K)->62251K(62528K) NonClass: 53218K(53440K)->53218K(53440K) Class: 9032K(9088K)->9032K(9088K)
[14280.417s][info][gc             ] GC(33039) Pause Young (Allocation Failure) 720M->643M(724M) 4.293ms
[14280.417s][info][gc,cpu         ] GC(33039) User=0.00s Sys=0.00s Real=0.01s
[14280.932s][info][gc,start       ] GC(33040) Pause Young (Allocation Failure)
[14280.936s][info][gc,heap        ] GC(33040) PSYoungGen: 84288K(84480K)->352K(84480K) Eden: 81920K(81920K)->0K(81920K) From: 2368K(2560K)->352K(2560K)
[14280.936s][info][gc,heap        ] GC(33040) ParOldGen: 656290K(656896K)->658386K(658432K)
[14280.936s][info][gc,metaspace   ] GC(33040) Metaspace: 62251K(62528K)->62251K(62528K) NonClass: 53218K(53440K)->53218K(53440K) Class: 9032K(9088K)->9032K(9088K)
[14280.936s][info][gc             ] GC(33040) Pause Young (Allocation Failure) 723M->643M(725M) 3.794ms
[14280.936s][info][gc,cpu         ] GC(33040) User=0.01s Sys=0.00s Real=0.00s
[14281.423s][info][gc,start       ] GC(33041) Pause Young (Allocation Failure)
[14281.426s][info][gc,heap        ] GC(33041) PSYoungGen: 82272K(84480K)->256K(84480K) Eden: 81920K(81920K)->0K(81920K) From: 352K(2560K)->256K(2560K)
[14281.426s][info][gc,heap        ] GC(33041) ParOldGen: 658386K(658432K)->658434K(658944K)
[14281.426s][info][gc,metaspace   ] GC(33041) Metaspace: 62251K(62528K)->62251K(62528K) NonClass: 53218K(53440K)->53218K(53440K) Class: 9032K(9088K)->9032K(9088K)
[14281.426s][info][gc             ] GC(33041) Pause Young (Allocation Failure) 723M->643M(726M) 2.715ms
[14281.426s][info][gc,cpu         ] GC(33041) User=0.01s Sys=0.00s Real=0.00s
[14281.943s][info][gc,start       ] GC(33042) Pause Young (Allocation Failure)
[14281.946s][info][gc,heap        ] GC(33042) PSYoungGen: 82176K(84480K)->544K(84480K) Eden: 81920K(81920K)->0K(81920K) From: 256K(2560K)->544K(2560K)
[14281.946s][info][gc,heap        ] GC(33042) ParOldGen: 658434K(658944K)->658482K(658944K)
[14281.946s][info][gc,metaspace   ] GC(33042) Metaspace: 62251K(62528K)->62251K(62528K) NonClass: 53218K(53440K)->53218K(53440K) Class: 9032K(9088K)->9032K(9088K)
[14281.946s][info][gc             ] GC(33042) Pause Young (Allocation Failure) 723M->643M(726M) 3.186ms
[14281.947s][info][gc,cpu         ] GC(33042) User=0.01s Sys=0.00s Real=0.01s
[14282.412s][info][gc,start       ] GC(33043) Pause Young (Allocation Failure)
[14282.416s][info][gc,heap        ] GC(33043) PSYoungGen: 82464K(84480K)->1408K(84480K) Eden: 81920K(81920K)->0K(81920K) From: 544K(2560K)->1408K(2560K)
[14282.416s][info][gc,heap        ] GC(33043) ParOldGen: 658482K(658944K)->658586K(658944K)
[14282.416s][info][gc,metaspace   ] GC(33043) Metaspace: 62251K(62528K)->62251K(62528K) NonClass: 53218K(53440K)->53218K(53440K) Class: 9032K(9088K)->9032K(9088K)
[14282.416s][info][gc             ] GC(33043) Pause Young (Allocation Failure) 723M->644M(726M) 3.801ms
[14282.416s][info][gc,cpu         ] GC(33043) User=0.00s Sys=0.00s Real=0.00s
[14282.910s][info][gc,start       ] GC(33044) Pause Young (Allocation Failure)
[14282.914s][info][gc,heap        ] GC(33044) PSYoungGen: 83328K(84480K)->1376K(84480K) Eden: 81920K(81920K)->0K(81920K) From: 1408K(2560K)->1376K(2560K)
[14282.914s][info][gc,heap        ] GC(33044) ParOldGen: 658586K(658944K)->658634K(658944K)
[14282.914s][info][gc,metaspace   ] GC(33044) Metaspace: 62251K(62528K)->62251K(62528K) NonClass: 53218K(53440K)->53218K(53440K) Class: 9032K(9088K)->9032K(9088K)
[14282.914s][info][gc             ] GC(33044) Pause Young (Allocation Failure) 724M->644M(726M) 3.872ms
[14282.914s][info][gc,cpu         ] GC(33044) User=0.01s Sys=0.00s Real=0.00s
[14283.386s][info][gc,start       ] GC(33045) Pause Young (Allocation Failure)
[14283.390s][info][gc,heap        ] GC(33045) PSYoungGen: 83296K(84480K)->1184K(84480K) Eden: 81920K(81920K)->0K(81920K) From: 1376K(2560K)->1184K(2560K)
[14283.390s][info][gc,heap        ] GC(33045) ParOldGen: 658634K(658944K)->658682K(658944K)
[14283.390s][info][gc,metaspace   ] GC(33045) Metaspace: 62251K(62528K)->62251K(62528K) NonClass: 53218K(53440K)->53218K(53440K) Class: 9032K(9088K)->9032K(9088K)
[14283.390s][info][gc             ] GC(33045) Pause Young (Allocation Failure) 724M->644M(726M) 3.610ms
[14283.390s][info][gc,cpu         ] GC(33045) User=0.00s Sys=0.00s Real=0.01s
[14283.857s][info][gc,start       ] GC(33046) Pause Young (Allocation Failure)
[14283.860s][info][gc,heap        ] GC(33046) PSYoungGen: 83104K(84480K)->672K(84480K) Eden: 81920K(81920K)->0K(81920K) From: 1184K(2560K)->672K(2560K)
[14283.860s][info][gc,heap        ] GC(33046) ParOldGen: 658682K(658944K)->658738K(658944K)
[14283.860s][info][gc,metaspace   ] GC(33046) Metaspace: 62251K(62528K)->62251K(62528K) NonClass: 53218K(53440K)->53218K(53440K) Class: 9032K(9088K)->9032K(9088K)
[14283.860s][info][gc             ] GC(33046) Pause Young (Allocation Failure) 724M->643M(726M) 3.105ms
[14283.860s][info][gc,cpu         ] GC(33046) User=0.00s Sys=0.00s Real=0.00s
[14284.338s][info][gc,start       ] GC(33047) Pause Young (Allocation Failure)
[14284.341s][info][gc,heap        ] GC(33047) PSYoungGen: 82592K(84480K)->448K(84480K) Eden: 81920K(81920K)->0K(81920K) From: 672K(2560K)->448K(2560K)
[14284.341s][info][gc,heap        ] GC(33047) ParOldGen: 658738K(658944K)->658786K(658944K)
[14284.341s][info][gc,metaspace   ] GC(33047) Metaspace: 62251K(62528K)->62251K(62528K) NonClass: 53218K(53440K)->53218K(53440K) Class: 9032K(9088K)->9032K(9088K)
[14284.341s][info][gc             ] GC(33047) Pause Young (Allocation Failure) 723M->643M(726M) 3.017ms
[14284.341s][info][gc,cpu         ] GC(33047) User=0.00s Sys=0.00s Real=0.00s
[14284.865s][info][gc,start       ] GC(33048) Pause Young (Allocation Failure)
[14284.868s][info][gc,heap        ] GC(33048) PSYoungGen: 82368K(84480K)->768K(84480K) Eden: 81920K(81920K)->0K(81920K) From: 448K(2560K)->768K(2560K)
[14284.868s][info][gc,heap        ] GC(33048) ParOldGen: 658786K(658944K)->658842K(658944K)
[14284.868s][info][gc,metaspace   ] GC(33048) Metaspace: 62251K(62528K)->62251K(62528K) NonClass: 53218K(53440K)->53218K(53440K) Class: 9032K(9088K)->9032K(9088K)
[14284.868s][info][gc             ] GC(33048) Pause Young (Allocation Failure) 723M->644M(726M) 3.149ms
[14284.868s][info][gc,cpu         ] GC(33048) User=0.01s Sys=0.00s Real=0.01s
[14285.366s][info][gc,start       ] GC(33049) Pause Young (Allocation Failure)
[14285.369s][info][gc,heap        ] GC(33049) PSYoungGen: 82688K(84480K)->832K(84992K) Eden: 81920K(81920K)->0K(82432K) From: 768K(2560K)->832K(2560K)
[14285.369s][info][gc,heap        ] GC(33049) ParOldGen: 658842K(658944K)->658890K(658944K)
[14285.369s][info][gc,metaspace   ] GC(33049) Metaspace: 62251K(62528K)->62251K(62528K) NonClass: 53218K(53440K)->53218K(53440K) Class: 9032K(9088K)->9032K(9088K)
[14285.369s][info][gc             ] GC(33049) Pause Young (Allocation Failure) 724M->644M(726M) 3.268ms
[14285.369s][info][gc,cpu         ] GC(33049) User=0.01s Sys=0.00s Real=0.01s
[14285.854s][info][gc,start       ] GC(33050) Pause Young (Allocation Failure)
[14285.857s][info][gc,heap        ] GC(33050) PSYoungGen: 83264K(84992K)->1600K(84480K) Eden: 82432K(82432K)->0K(82432K) From: 832K(2560K)->1600K(2048K)
[14285.857s][info][gc,heap        ] GC(33050) ParOldGen: 658890K(658944K)->659962K(660480K)
[14285.857s][info][gc,metaspace   ] GC(33050) Metaspace: 62251K(62528K)->62251K(62528K) NonClass: 53218K(53440K)->53218K(53440K) Class: 9032K(9088K)->9032K(9088K)
[14285.857s][info][gc             ] GC(33050) Pause Young (Allocation Failure) 724M->646M(727M) 3.687ms
[14285.857s][info][gc,cpu         ] GC(33050) User=0.01s Sys=0.00s Real=0.01s
[14286.342s][info][gc,start       ] GC(33051) Pause Young (Allocation Failure)
[14286.346s][info][gc,heap        ] GC(33051) PSYoungGen: 84032K(84480K)->544K(84480K) Eden: 82432K(82432K)->0K(81920K) From: 1600K(2048K)->544K(2560K)
[14286.346s][info][gc,heap        ] GC(33051) ParOldGen: 659962K(660480K)->662058K(663552K)
[14286.346s][info][gc,metaspace   ] GC(33051) Metaspace: 62251K(62528K)->62251K(62528K) NonClass: 53218K(53440K)->53218K(53440K) Class: 9032K(9088K)->9032K(9088K)
[14286.346s][info][gc             ] GC(33051) Pause Young (Allocation Failure) 726M->647M(730M) 4.228ms
[14286.346s][info][gc,cpu         ] GC(33051) User=0.00s Sys=0.00s Real=0.00s
[14286.818s][info][gc,start       ] GC(33052) Pause Young (Allocation Failure)
[14286.821s][info][gc,heap        ] GC(33052) PSYoungGen: 82464K(84480K)->192K(84480K) Eden: 81920K(81920K)->0K(81920K) From: 544K(2560K)->192K(2560K)
[14286.821s][info][gc,heap        ] GC(33052) ParOldGen: 662058K(663552K)->662114K(663552K)
[14286.821s][info][gc,metaspace   ] GC(33052) Metaspace: 62251K(62528K)->62251K(62528K) NonClass: 53218K(53440K)->53218K(53440K) Class: 9032K(9088K)->9032K(9088K)
[14286.821s][info][gc             ] GC(33052) Pause Young (Allocation Failure) 727M->646M(730M) 2.602ms
[14286.821s][info][gc,cpu         ] GC(33052) User=0.00s Sys=0.00s Real=0.00s
[14287.301s][info][gc,start       ] GC(33053) Pause Young (Allocation Failure)
[14287.305s][info][gc,heap        ] GC(33053) PSYoungGen: 82112K(84480K)->1280K(84480K) Eden: 81920K(81920K)->0K(81920K) From: 192K(2560K)->1280K(2560K)
[14287.305s][info][gc,heap        ] GC(33053) ParOldGen: 662114K(663552K)->662170K(663552K)
[14287.305s][info][gc,metaspace   ] GC(33053) Metaspace: 62251K(62528K)->62251K(62528K) NonClass: 53218K(53440K)->53218K(53440K) Class: 9032K(9088K)->9032K(9088K)
[14287.305s][info][gc             ] GC(33053) Pause Young (Allocation Failure) 726M->647M(730M) 3.514ms
[14287.305s][info][gc,cpu         ] GC(33053) User=0.01s Sys=0.00s Real=0.00s
[14287.759s][info][gc,start       ] GC(33054) Pause Young (Allocation Failure)
[14287.762s][info][gc,heap        ] GC(33054) PSYoungGen: 83200K(84480K)->704K(84480K) Eden: 81920K(81920K)->0K(81920K) From: 1280K(2560K)->704K(2560K)
[14287.762s][info][gc,heap        ] GC(33054) ParOldGen: 662170K(663552K)->662218K(663552K)
[14287.762s][info][gc,metaspace   ] GC(33054) Metaspace: 62251K(62528K)->62251K(62528K) NonClass: 53218K(53440K)->53218K(53440K) Class: 9032K(9088K)->9032K(9088K)
[14287.762s][info][gc             ] GC(33054) Pause Young (Allocation Failure) 727M->647M(730M) 3.048ms
[14287.762s][info][gc,cpu         ] GC(33054) User=0.01s Sys=0.00s Real=0.00s
[14288.210s][info][gc,start       ] GC(33055) Pause Young (Allocation Failure)
[14288.214s][info][gc,heap        ] GC(33055) PSYoungGen: 82624K(84480K)->1600K(84480K) Eden: 81920K(81920K)->0K(81920K) From: 704K(2560K)->1600K(2560K)
[14288.214s][info][gc,heap        ] GC(33055) ParOldGen: 662218K(663552K)->662266K(663552K)
[14288.214s][info][gc,metaspace   ] GC(33055) Metaspace: 62251K(62528K)->62251K(62528K) NonClass: 53218K(53440K)->53218K(53440K) Class: 9032K(9088K)->9032K(9088K)
[14288.214s][info][gc             ] GC(33055) Pause Young (Allocation Failure) 727M->648M(730M) 4.046ms
[14288.214s][info][gc,cpu         ] GC(33055) User=0.00s Sys=0.00s Real=0.00s
[14288.648s][info][gc,start       ] GC(33056) Pause Young (Allocation Failure)
[14288.651s][info][gc,heap        ] GC(33056) PSYoungGen: 83520K(84480K)->576K(84480K) Eden: 81920K(81920K)->0K(81920K) From: 1600K(2560K)->576K(2560K)
[14288.651s][info][gc,heap        ] GC(33056) ParOldGen: 662266K(663552K)->662314K(663552K)
[14288.651s][info][gc,metaspace   ] GC(33056) Metaspace: 62251K(62528K)->62251K(62528K) NonClass: 53218K(53440K)->53218K(53440K) Class: 9032K(9088K)->9032K(9088K)
[14288.651s][info][gc             ] GC(33056) Pause Young (Allocation Failure) 728M->647M(730M) 3.046ms
[14288.651s][info][gc,cpu         ] GC(33056) User=0.00s Sys=0.00s Real=0.00s
[14289.147s][info][gc,start       ] GC(33057) Pause Young (Allocation Failure)
[14289.150s][info][gc,heap        ] GC(33057) PSYoungGen: 82496K(84480K)->608K(84480K) Eden: 81920K(81920K)->0K(81920K) From: 576K(2560K)->608K(2560K)
[14289.150s][info][gc,heap        ] GC(33057) ParOldGen: 662314K(663552K)->662362K(663552K)
[14289.150s][info][gc,metaspace   ] GC(33057) Metaspace: 62251K(62528K)->62251K(62528K) NonClass: 53218K(53440K)->53218K(53440K) Class: 9032K(9088K)->9032K(9088K)
[14289.150s][info][gc             ] GC(33057) Pause Young (Allocation Failure) 727M->647M(730M) 2.931ms
[14289.150s][info][gc,cpu         ] GC(33057) User=0.00s Sys=0.00s Real=0.00s
[14289.644s][info][gc,start       ] GC(33058) Pause Young (Allocation Failure)
[14289.647s][info][gc,heap        ] GC(33058) PSYoungGen: 82528K(84480K)->576K(84480K) Eden: 81920K(81920K)->0K(81920K) From: 608K(2560K)->576K(2560K)
[14289.647s][info][gc,heap        ] GC(33058) ParOldGen: 662362K(663552K)->662410K(663552K)
[14289.647s][info][gc,metaspace   ] GC(33058) Metaspace: 62252K(62528K)->62252K(62528K) NonClass: 53219K(53440K)->53219K(53440K) Class: 9032K(9088K)->9032K(9088K)
[14289.647s][info][gc             ] GC(33058) Pause Young (Allocation Failure) 727M->647M(730M) 2.958ms
[14289.647s][info][gc,cpu         ] GC(33058) User=0.00s Sys=0.00s Real=0.01s
[14290.154s][info][gc,start       ] GC(33059) Pause Young (Allocation Failure)
[14290.158s][info][gc,heap        ] GC(33059) PSYoungGen: 82496K(84480K)->720K(84992K) Eden: 81920K(81920K)->0K(82944K) From: 576K(2560K)->720K(2048K)
[14290.158s][info][gc,heap        ] GC(33059) ParOldGen: 662410K(663552K)->662458K(663552K)
[14290.158s][info][gc,metaspace   ] GC(33059) Metaspace: 62252K(62528K)->62252K(62528K) NonClass: 53219K(53440K)->53219K(53440K) Class: 9032K(9088K)->9032K(9088K)
[14290.158s][info][gc             ] GC(33059) Pause Young (Allocation Failure) 727M->647M(731M) 3.223ms
[14290.158s][info][gc,cpu         ] GC(33059) User=0.01s Sys=0.00s Real=0.01s
[14290.623s][info][gc,start       ] GC(33060) Pause Young (Allocation Failure)
[14290.626s][info][gc,heap        ] GC(33060) PSYoungGen: 83664K(84992K)->1280K(84992K) Eden: 82944K(82944K)->0K(82944K) From: 720K(2048K)->1280K(2048K)
[14290.626s][info][gc,heap        ] GC(33060) ParOldGen: 662458K(663552K)->663578K(664064K)
[14290.626s][info][gc,metaspace   ] GC(33060) Metaspace: 62252K(62528K)->62252K(62528K) NonClass: 53219K(53440K)->53219K(53440K) Class: 9032K(9088K)->9032K(9088K)
[14290.626s][info][gc             ] GC(33060) Pause Young (Allocation Failure) 728M->649M(731M) 3.531ms
[14290.626s][info][gc,cpu         ] GC(33060) User=0.00s Sys=0.00s Real=0.00s
[14291.124s][info][gc,start       ] GC(33061) Pause Young (Allocation Failure)
[14291.128s][info][gc,heap        ] GC(33061) PSYoungGen: 84224K(84992K)->288K(84992K) Eden: 82944K(82944K)->0K(82944K) From: 1280K(2048K)->288K(2048K)
[14291.128s][info][gc,heap        ] GC(33061) ParOldGen: 663578K(664064K)->665674K(667136K)
[14291.128s][info][gc,metaspace   ] GC(33061) Metaspace: 62252K(62528K)->62252K(62528K) NonClass: 53219K(53440K)->53219K(53440K) Class: 9032K(9088K)->9032K(9088K)
[14291.128s][info][gc             ] GC(33061) Pause Young (Allocation Failure) 730M->650M(734M) 3.968ms
[14291.128s][info][gc,cpu         ] GC(33061) User=0.01s Sys=0.00s Real=0.01s
[14291.636s][info][gc,start       ] GC(33062) Pause Full (Allocation Failure)
[14291.636s][info][gc,phases,start] GC(33062) Marking Phase
[14291.696s][info][gc,phases      ] GC(33062) Marking Phase 60.204ms
[14291.696s][info][gc,phases,start] GC(33062) Summary Phase
[14291.696s][info][gc,phases      ] GC(33062) Summary Phase 0.030ms
[14291.696s][info][gc,phases,start] GC(33062) Forward
[14291.698s][info][gc,phases      ] GC(33062) Forward 2.054ms
[14291.698s][info][gc,phases,start] GC(33062) Adjust Pointers
[14291.721s][info][gc,phases      ] GC(33062) Adjust Pointers 22.246ms
[14291.721s][info][gc,phases,start] GC(33062) Compaction Phase
[14291.731s][info][gc,phases      ] GC(33062) Compaction Phase 10.505ms
[14291.731s][info][gc,phases,start] GC(33062) Post Compact
[14291.734s][info][metaspace      ] ChkMgr @0x00007fa6bc03ee90 (non-class-space): : reclaiming memory...
[14291.734s][info][metaspace      ] ChkMgr @0x00007fa6bc03ee90 (non-class-space): nothing reclaimed.
[14291.734s][info][metaspace      ] ChkMgr @0x00007fa6bc03eca0 (class-space): : reclaiming memory...
[14291.734s][info][metaspace      ] ChkMgr @0x00007fa6bc03eca0 (class-space): nothing reclaimed.
[14291.734s][info][gc,phases      ] GC(33062) Post Compact 2.486ms
[14291.776s][info][gc,heap        ] GC(33062) PSYoungGen: 83232K(84992K)->0K(84992K) Eden: 82944K(82944K)->0K(82944K) From: 288K(2048K)->0K(2048K)
[14291.776s][info][gc,heap        ] GC(33062) ParOldGen: 665674K(667136K)->105956K(175104K)
[14291.776s][info][gc,metaspace   ] GC(33062) Metaspace: 62252K(62528K)->62232K(62528K) NonClass: 53219K(53440K)->53199K(53440K) Class: 9032K(9088K)->9032K(9088K)
[14291.776s][info][gc             ] GC(33062) Pause Full (Allocation Failure) 731M->103M(254M) 140.573ms
[14291.777s][info][gc,cpu         ] GC(33062) User=0.15s Sys=0.04s Real=0.15s
[14292.287s][info][gc,start       ] GC(33063) Pause Young (Allocation Failure)
[14292.290s][info][gc,heap        ] GC(33063) PSYoungGen: 82944K(84992K)->1152K(84992K) Eden: 82944K(82944K)->0K(82944K) From: 0K(2048K)->1152K(2048K)
[14292.290s][info][gc,heap        ] GC(33063) ParOldGen: 105956K(175104K)->105956K(175104K)
[14292.290s][info][gc,metaspace   ] GC(33063) Metaspace: 62232K(62528K)->62232K(62528K) NonClass: 53199K(53440K)->53199K(53440K) Class: 9032K(9088K)->9032K(9088K)
[14292.290s][info][gc             ] GC(33063) Pause Young (Allocation Failure) 184M->104M(254M) 2.405ms
[14292.290s][info][gc,cpu         ] GC(33063) User=0.01s Sys=0.00s Real=0.00s
[14292.732s][info][gc,start       ] GC(33064) Pause Young (Allocation Failure)
[14292.733s][info][gc,heap        ] GC(33064) PSYoungGen: 84096K(84992K)->384K(84992K) Eden: 82944K(82944K)->0K(82944K) From: 1152K(2048K)->384K(2048K)
[14292.733s][info][gc,heap        ] GC(33064) ParOldGen: 105956K(175104K)->106012K(175104K)
[14292.733s][info][gc,metaspace   ] GC(33064) Metaspace: 62232K(62528K)->62232K(62528K) NonClass: 53199K(53440K)->53199K(53440K) Class: 9032K(9088K)->9032K(9088K)
[14292.733s][info][gc             ] GC(33064) Pause Young (Allocation Failure) 185M->103M(254M) 1.653ms
[14292.733s][info][gc,cpu         ] GC(33064) User=0.00s Sys=0.01s Real=0.00s
[14293.219s][info][gc,start       ] GC(33065) Pause Young (Allocation Failure)
[14293.221s][info][gc,heap        ] GC(33065) PSYoungGen: 83328K(84992K)->192K(84992K) Eden: 82944K(82944K)->0K(82944K) From: 384K(2048K)->192K(2048K)
[14293.221s][info][gc,heap        ] GC(33065) ParOldGen: 106012K(175104K)->106060K(175104K)
[14293.221s][info][gc,metaspace   ] GC(33065) Metaspace: 62232K(62528K)->62232K(62528K) NonClass: 53199K(53440K)->53199K(53440K) Class: 9032K(9088K)->9032K(9088K)
[14293.221s][info][gc             ] GC(33065) Pause Young (Allocation Failure) 184M->103M(254M) 1.597ms
[14293.221s][info][gc,cpu         ] GC(33065) User=0.00s Sys=0.00s Real=0.00s
[14293.745s][info][gc,start       ] GC(33066) Pause Young (Allocation Failure)
[14293.747s][info][gc,heap        ] GC(33066) PSYoungGen: 83136K(84992K)->544K(84992K) Eden: 82944K(82944K)->0K(82944K) From: 192K(2048K)->544K(2048K)
[14293.747s][info][gc,heap        ] GC(33066) ParOldGen: 106060K(175104K)->106108K(175104K)
[14293.747s][info][gc,metaspace   ] GC(33066) Metaspace: 62232K(62528K)->62232K(62528K) NonClass: 53199K(53440K)->53199K(53440K) Class: 9032K(9088K)->9032K(9088K)
[14293.747s][info][gc             ] GC(33066) Pause Young (Allocation Failure) 184M->104M(254M) 1.917ms
[14293.747s][info][gc,cpu         ] GC(33066) User=0.00s Sys=0.01s Real=0.01s
[14294.256s][info][gc,start       ] GC(33067) Pause Young (Allocation Failure)
[14294.258s][info][gc,heap        ] GC(33067) PSYoungGen: 83487K(84992K)->704K(84992K) Eden: 82943K(82944K)->0K(82944K) From: 544K(2048K)->704K(2048K)
[14294.258s][info][gc,heap        ] GC(33067) ParOldGen: 106108K(175104K)->106156K(175104K)
[14294.258s][info][gc,metaspace   ] GC(33067) Metaspace: 62232K(62528K)->62232K(62528K) NonClass: 53199K(53440K)->53199K(53440K) Class: 9032K(9088K)->9032K(9088K)
[14294.258s][info][gc             ] GC(33067) Pause Young (Allocation Failure) 185M->104M(254M) 1.961ms
[14294.258s][info][gc,cpu         ] GC(33067) User=0.00s Sys=0.00s Real=0.01s
[14294.774s][info][gc,start       ] GC(33068) Pause Young (Allocation Failure)
[14294.776s][info][gc,heap        ] GC(33068) PSYoungGen: 83648K(84992K)->960K(84992K) Eden: 82944K(82944K)->0K(82944K) From: 704K(2048K)->960K(2048K)
[14294.776s][info][gc,heap        ] GC(33068) ParOldGen: 106156K(175104K)->106204K(175104K)
[14294.776s][info][gc,metaspace   ] GC(33068) Metaspace: 62232K(62528K)->62232K(62528K) NonClass: 53199K(53440K)->53199K(53440K) Class: 9032K(9088K)->9032K(9088K)
[14294.776s][info][gc             ] GC(33068) Pause Young (Allocation Failure) 185M->104M(254M) 2.145ms
[14294.776s][info][gc,cpu         ] GC(33068) User=0.01s Sys=0.00s Real=0.00s
[14295.286s][info][gc,start       ] GC(33069) Pause Young (Allocation Failure)
[14295.288s][info][gc,heap        ] GC(33069) PSYoungGen: 83904K(84992K)->1088K(84992K) Eden: 82944K(82944K)->0K(82944K) From: 960K(2048K)->1088K(2048K)
[14295.289s][info][gc,heap        ] GC(33069) ParOldGen: 106204K(175104K)->106252K(175104K)
[14295.289s][info][gc,metaspace   ] GC(33069) Metaspace: 62232K(62528K)->62232K(62528K) NonClass: 53199K(53440K)->53199K(53440K) Class: 9032K(9088K)->9032K(9088K)
[14295.289s][info][gc             ] GC(33069) Pause Young (Allocation Failure) 185M->104M(254M) 2.353ms
[14295.289s][info][gc,cpu         ] GC(33069) User=0.00s Sys=0.00s Real=0.01s
[14295.784s][info][gc,start       ] GC(33070) Pause Young (Allocation Failure)
[14295.786s][info][gc,heap        ] GC(33070) PSYoungGen: 84032K(84992K)->2016K(84992K) Eden: 82944K(82944K)->0K(82944K) From: 1088K(2048K)->2016K(2048K)
[14295.787s][info][gc,heap        ] GC(33070) ParOldGen: 106252K(175104K)->107436K(175104K)
[14295.787s][info][gc,metaspace   ] GC(33070) Metaspace: 62232K(62528K)->62232K(62528K) NonClass: 53199K(53440K)->53199K(53440K) Class: 9032K(9088K)->9032K(9088K)
[14295.787s][info][gc             ] GC(33070) Pause Young (Allocation Failure) 185M->106M(254M) 2.806ms
[14295.787s][info][gc,cpu         ] GC(33070) User=0.01s Sys=0.00s Real=0.01s
[14296.274s][info][gc,start       ] GC(33071) Pause Young (Allocation Failure)
[14296.276s][info][gc,heap        ] GC(33071) PSYoungGen: 84960K(84992K)->832K(83968K) Eden: 82944K(82944K)->0K(81920K) From: 2016K(2048K)->832K(2048K)
[14296.276s][info][gc,heap        ] GC(33071) ParOldGen: 107436K(175104K)->109500K(175104K)
[14296.276s][info][gc,metaspace   ] GC(33071) Metaspace: 62232K(62528K)->62232K(62528K) NonClass: 53199K(53440K)->53199K(53440K) Class: 9032K(9088K)->9032K(9088K)
[14296.276s][info][gc             ] GC(33071) Pause Young (Allocation Failure) 187M->107M(253M) 2.561ms
[14296.276s][info][gc,cpu         ] GC(33071) User=0.01s Sys=0.00s Real=0.00s
[14296.823s][info][gc,start       ] GC(33072) Pause Young (Allocation Failure)
[14296.825s][info][gc,heap        ] GC(33072) PSYoungGen: 82752K(83968K)->288K(84480K) Eden: 81920K(81920K)->0K(81920K) From: 832K(2048K)->288K(2560K)
[14296.825s][info][gc,heap        ] GC(33072) ParOldGen: 109500K(175104K)->109548K(175104K)
[14296.825s][info][gc,metaspace   ] GC(33072) Metaspace: 62232K(62528K)->62232K(62528K) NonClass: 53199K(53440K)->53199K(53440K) Class: 9032K(9088K)->9032K(9088K)
[14296.825s][info][gc             ] GC(33072) Pause Young (Allocation Failure) 187M->107M(253M) 1.689ms
[14296.825s][info][gc,cpu         ] GC(33072) User=0.00s Sys=0.00s Real=0.00s
[14297.347s][info][gc,start       ] GC(33073) Pause Young (Allocation Failure)
[14297.349s][info][gc,heap        ] GC(33073) PSYoungGen: 82208K(84480K)->544K(84480K) Eden: 81920K(81920K)->0K(81920K) From: 288K(2560K)->544K(2560K)
[14297.349s][info][gc,heap        ] GC(33073) ParOldGen: 109548K(175104K)->109596K(175104K)
[14297.349s][info][gc,metaspace   ] GC(33073) Metaspace: 62232K(62528K)->62232K(62528K) NonClass: 53199K(53440K)->53199K(53440K) Class: 9032K(9088K)->9032K(9088K)
[14297.349s][info][gc             ] GC(33073) Pause Young (Allocation Failure) 187M->107M(253M) 1.840ms
[14297.349s][info][gc,cpu         ] GC(33073) User=0.00s Sys=0.00s Real=0.00s
[14297.858s][info][gc,start       ] GC(33074) Pause Young (Allocation Failure)
[14297.860s][info][gc,heap        ] GC(33074) PSYoungGen: 82464K(84480K)->672K(84480K) Eden: 81920K(81920K)->0K(81920K) From: 544K(2560K)->672K(2560K)
[14297.860s][info][gc,heap        ] GC(33074) ParOldGen: 109596K(175104K)->109644K(175104K)
[14297.860s][info][gc,metaspace   ] GC(33074) Metaspace: 62232K(62528K)->62232K(62528K) NonClass: 53199K(53440K)->53199K(53440K) Class: 9032K(9088K)->9032K(9088K)
[14297.860s][info][gc             ] GC(33074) Pause Young (Allocation Failure) 187M->107M(253M) 2.029ms
[14297.860s][info][gc,cpu         ] GC(33074) User=0.00s Sys=0.00s Real=0.00s
[14298.380s][info][gc,start       ] GC(33075) Pause Young (Allocation Failure)
[14298.383s][info][gc,heap        ] GC(33075) PSYoungGen: 82592K(84480K)->1088K(84480K) Eden: 81920K(81920K)->0K(81920K) From: 672K(2560K)->1088K(2560K)
[14298.383s][info][gc,heap        ] GC(33075) ParOldGen: 109644K(175104K)->109692K(175104K)
[14298.383s][info][gc,metaspace   ] GC(33075) Metaspace: 62232K(62528K)->62232K(62528K) NonClass: 53199K(53440K)->53199K(53440K) Class: 9032K(9088K)->9032K(9088K)
[14298.383s][info][gc             ] GC(33075) Pause Young (Allocation Failure) 187M->108M(253M) 2.504ms
[14298.383s][info][gc,cpu         ] GC(33075) User=0.00s Sys=0.00s Real=0.00s
[14298.848s][info][gc,start       ] GC(33076) Pause Young (Allocation Failure)
[14298.850s][info][gc,heap        ] GC(33076) PSYoungGen: 83008K(84480K)->608K(84480K) Eden: 81920K(81920K)->0K(81920K) From: 1088K(2560K)->608K(2560K)
[14298.850s][info][gc,heap        ] GC(33076) ParOldGen: 109692K(175104K)->109796K(175104K)
[14298.850s][info][gc,metaspace   ] GC(33076) Metaspace: 62232K(62528K)->62232K(62528K) NonClass: 53199K(53440K)->53199K(53440K) Class: 9032K(9088K)->9032K(9088K)
[14298.850s][info][gc             ] GC(33076) Pause Young (Allocation Failure) 188M->107M(253M) 1.872ms
[14298.850s][info][gc,cpu         ] GC(33076) User=0.00s Sys=0.00s Real=0.00s
[14299.343s][info][gc,start       ] GC(33077) Pause Young (Allocation Failure)
[14299.344s][info][gc,heap        ] GC(33077) PSYoungGen: 82528K(84480K)->544K(84992K) Eden: 81920K(81920K)->0K(82432K) From: 608K(2560K)->544K(2560K)
[14299.344s][info][gc,heap        ] GC(33077) ParOldGen: 109796K(175104K)->109844K(175104K)
[14299.344s][info][gc,metaspace   ] GC(33077) Metaspace: 62232K(62528K)->62232K(62528K) NonClass: 53199K(53440K)->53199K(53440K) Class: 9032K(9088K)->9032K(9088K)
[14299.345s][info][gc             ] GC(33077) Pause Young (Allocation Failure) 187M->107M(254M) 1.919ms
[14299.345s][info][gc,cpu         ] GC(33077) User=0.01s Sys=0.00s Real=0.00s
[14299.846s][info][gc,start       ] GC(33078) Pause Young (Allocation Failure)
[14299.848s][info][gc,heap        ] GC(33078) PSYoungGen: 82976K(84992K)->576K(84480K) Eden: 82432K(82432K)->0K(82432K) From: 544K(2560K)->576K(2048K)
[14299.848s][info][gc,heap        ] GC(33078) ParOldGen: 109844K(175104K)->109892K(175104K)
[14299.848s][info][gc,metaspace   ] GC(33078) Metaspace: 62232K(62528K)->62232K(62528K) NonClass: 53199K(53440K)->53199K(53440K) Class: 9032K(9088K)->9032K(9088K)
[14299.848s][info][gc             ] GC(33078) Pause Young (Allocation Failure) 188M->107M(253M) 1.833ms
[14299.848s][info][gc,cpu         ] GC(33078) User=0.00s Sys=0.00s Real=0.01s
[14300.362s][info][gc,start       ] GC(33079) Pause Young (Allocation Failure)
[14300.363s][info][gc,heap        ] GC(33079) PSYoungGen: 83008K(84480K)->672K(84992K) Eden: 82432K(82432K)->0K(82944K) From: 576K(2048K)->672K(2048K)
[14300.364s][info][gc,heap        ] GC(33079) ParOldGen: 109892K(175104K)->109940K(175104K)
[14300.364s][info][gc,metaspace   ] GC(33079) Metaspace: 62232K(62528K)->62232K(62528K) NonClass: 53199K(53440K)->53199K(53440K) Class: 9032K(9088K)->9032K(9088K)
[14300.364s][info][gc             ] GC(33079) Pause Young (Allocation Failure) 188M->108M(254M) 1.878ms
[14300.364s][info][gc,cpu         ] GC(33079) User=0.00s Sys=0.00s Real=0.00s
[14300.856s][info][gc,start       ] GC(33080) Pause Young (Allocation Failure)
[14300.858s][info][gc,heap        ] GC(33080) PSYoungGen: 83616K(84992K)->640K(84992K) Eden: 82944K(82944K)->0K(82944K) From: 672K(2048K)->640K(2048K)
[14300.858s][info][gc,heap        ] GC(33080) ParOldGen: 109940K(175104K)->109988K(175104K)
[14300.858s][info][gc,metaspace   ] GC(33080) Metaspace: 62232K(62528K)->62232K(62528K) NonClass: 53199K(53440K)->53199K(53440K) Class: 9032K(9088K)->9032K(9088K)
[14300.858s][info][gc             ] GC(33080) Pause Young (Allocation Failure) 189M->108M(254M) 1.959ms
[14300.858s][info][gc,cpu         ] GC(33080) User=0.00s Sys=0.00s Real=0.00s
[14301.341s][info][gc,start       ] GC(33081) Pause Young (Allocation Failure)
[14301.343s][info][gc,heap        ] GC(33081) PSYoungGen: 83584K(84992K)->1536K(84992K) Eden: 82944K(82944K)->0K(82944K) From: 640K(2048K)->1536K(2048K)
[14301.343s][info][gc,heap        ] GC(33081) ParOldGen: 109988K(175104K)->111068K(175104K)
[14301.343s][info][gc,metaspace   ] GC(33081) Metaspace: 62232K(62528K)->62232K(62528K) NonClass: 53199K(53440K)->53199K(53440K) Class: 9032K(9088K)->9032K(9088K)
[14301.343s][info][gc             ] GC(33081) Pause Young (Allocation Failure) 189M->109M(254M) 2.030ms
[14301.343s][info][gc,cpu         ] GC(33081) User=0.00s Sys=0.00s Real=0.00s
[14301.812s][info][gc,start       ] GC(33082) Pause Young (Allocation Failure)
[14301.815s][info][gc,heap        ] GC(33082) PSYoungGen: 84480K(84992K)->1536K(84480K) Eden: 82944K(82944K)->0K(82944K) From: 1536K(2048K)->1536K(1536K)
[14301.815s][info][gc,heap        ] GC(33082) ParOldGen: 111068K(175104K)->113164K(175104K)
[14301.815s][info][gc,metaspace   ] GC(33082) Metaspace: 62232K(62528K)->62232K(62528K) NonClass: 53199K(53440K)->53199K(53440K) Class: 9032K(9088K)->9032K(9088K)
[14301.815s][info][gc             ] GC(33082) Pause Young (Allocation Failure) 190M->112M(253M) 3.141ms
[14301.815s][info][gc,cpu         ] GC(33082) User=0.01s Sys=0.00s Real=0.00s
[14302.284s][info][gc,start       ] GC(33083) Pause Young (Allocation Failure)
[14302.286s][info][gc,heap        ] GC(33083) PSYoungGen: 84480K(84480K)->1088K(84992K) Eden: 82944K(82944K)->0K(82432K) From: 1536K(1536K)->1088K(2560K)
[14302.286s][info][gc,heap        ] GC(33083) ParOldGen: 113164K(175104K)->113204K(175104K)
[14302.286s][info][gc,metaspace   ] GC(33083) Metaspace: 62232K(62528K)->62232K(62528K) NonClass: 53199K(53440K)->53199K(53440K) Class: 9032K(9088K)->9032K(9088K)
[14302.286s][info][gc             ] GC(33083) Pause Young (Allocation Failure) 193M->111M(254M) 2.217ms
[14302.286s][info][gc,cpu         ] GC(33083) User=0.01s Sys=0.00s Real=0.00s
[14302.807s][info][gc,start       ] GC(33084) Pause Young (Allocation Failure)
[14302.810s][info][gc,heap        ] GC(33084) PSYoungGen: 83520K(84992K)->1280K(84480K) Eden: 82432K(82432K)->0K(82432K) From: 1088K(2560K)->1280K(2048K)
[14302.810s][info][gc,heap        ] GC(33084) ParOldGen: 113204K(175104K)->113252K(175104K)
[14302.810s][info][gc,metaspace   ] GC(33084) Metaspace: 62232K(62528K)->62232K(62528K) NonClass: 53199K(53440K)->53199K(53440K) Class: 9032K(9088K)->9032K(9088K)
[14302.810s][info][gc             ] GC(33084) Pause Young (Allocation Failure) 192M->111M(253M) 2.558ms
[14302.810s][info][gc,cpu         ] GC(33084) User=0.00s Sys=0.00s Real=0.00s
[14303.296s][info][gc,start       ] GC(33085) Pause Young (Allocation Failure)
[14303.298s][info][gc,heap        ] GC(33085) PSYoungGen: 83712K(84480K)->1248K(84480K) Eden: 82432K(82432K)->0K(81920K) From: 1280K(2048K)->1248K(2560K)
[14303.298s][info][gc,heap        ] GC(33085) ParOldGen: 113252K(175104K)->113300K(175104K)
[14303.298s][info][gc,metaspace   ] GC(33085) Metaspace: 62232K(62528K)->62232K(62528K) NonClass: 53199K(53440K)->53199K(53440K) Class: 9032K(9088K)->9032K(9088K)
[14303.298s][info][gc             ] GC(33085) Pause Young (Allocation Failure) 192M->111M(253M) 2.470ms
[14303.298s][info][gc,cpu         ] GC(33085) User=0.01s Sys=0.00s Real=0.01s
[14303.752s][info][gc,start       ] GC(33086) Pause Young (Allocation Failure)
[14303.753s][info][gc,heap        ] GC(33086) PSYoungGen: 83168K(84480K)->672K(84480K) Eden: 81920K(81920K)->0K(81920K) From: 1248K(2560K)->672K(2560K)
[14303.753s][info][gc,heap        ] GC(33086) ParOldGen: 113300K(175104K)->113356K(175104K)
[14303.753s][info][gc,metaspace   ] GC(33086) Metaspace: 62232K(62528K)->62232K(62528K) NonClass: 53199K(53440K)->53199K(53440K) Class: 9032K(9088K)->9032K(9088K)
[14303.753s][info][gc             ] GC(33086) Pause Young (Allocation Failure) 191M->111M(253M) 1.862ms
[14303.753s][info][gc,cpu         ] GC(33086) User=0.00s Sys=0.00s Real=0.00s
[14304.259s][info][gc,start       ] GC(33087) Pause Young (Allocation Failure)
[14304.261s][info][gc,heap        ] GC(33087) PSYoungGen: 82592K(84480K)->736K(84992K) Eden: 81920K(81920K)->0K(82944K) From: 672K(2560K)->736K(2048K)
[14304.261s][info][gc,heap        ] GC(33087) ParOldGen: 113356K(175104K)->113404K(175104K)
[14304.261s][info][gc,metaspace   ] GC(33087) Metaspace: 62232K(62528K)->62232K(62528K) NonClass: 53199K(53440K)->53199K(53440K) Class: 9032K(9088K)->9032K(9088K)
[14304.261s][info][gc             ] GC(33087) Pause Young (Allocation Failure) 191M->111M(254M) 1.945ms
[14304.261s][info][gc,cpu         ] GC(33087) User=0.00s Sys=0.00s Real=0.00s
[14304.804s][info][gc,start       ] GC(33088) Pause Young (Allocation Failure)
[14304.807s][info][gc,heap        ] GC(33088) PSYoungGen: 83680K(84992K)->1312K(84992K) Eden: 82944K(82944K)->0K(82944K) From: 736K(2048K)->1312K(2048K)
[14304.807s][info][gc,heap        ] GC(33088) ParOldGen: 113404K(175104K)->113444K(175104K)
[14304.807s][info][gc,metaspace   ] GC(33088) Metaspace: 62232K(62528K)->62232K(62528K) NonClass: 53199K(53440K)->53199K(53440K) Class: 9032K(9088K)->9032K(9088K)
[14304.807s][info][gc             ] GC(33088) Pause Young (Allocation Failure) 192M->112M(254M) 2.589ms
[14304.807s][info][gc,cpu         ] GC(33088) User=0.01s Sys=0.00s Real=0.01s
[14305.271s][info][gc,start       ] GC(33089) Pause Young (Allocation Failure)
[14305.273s][info][gc,heap        ] GC(33089) PSYoungGen: 84256K(84992K)->960K(84992K) Eden: 82944K(82944K)->0K(82944K) From: 1312K(2048K)->960K(2048K)
[14305.273s][info][gc,heap        ] GC(33089) ParOldGen: 113444K(175104K)->113492K(175104K)
[14305.273s][info][gc,metaspace   ] GC(33089) Metaspace: 62232K(62528K)->62232K(62528K) NonClass: 53199K(53440K)->53199K(53440K) Class: 9032K(9088K)->9032K(9088K)
[14305.273s][info][gc             ] GC(33089) Pause Young (Allocation Failure) 193M->111M(254M) 2.178ms
[14305.273s][info][gc,cpu         ] GC(33089) User=0.00s Sys=0.00s Real=0.00s
[14305.770s][info][gc,start       ] GC(33090) Pause Young (Allocation Failure)
[14305.774s][info][gc,heap        ] GC(33090) PSYoungGen: 83904K(84992K)->800K(84992K) Eden: 82944K(82944K)->0K(82944K) From: 960K(2048K)->800K(2048K)
[14305.774s][info][gc,heap        ] GC(33090) ParOldGen: 113492K(175104K)->113540K(175104K)
[14305.774s][info][gc,metaspace   ] GC(33090) Metaspace: 62232K(62528K)->62232K(62528K) NonClass: 53199K(53440K)->53199K(53440K) Class: 9032K(9088K)->9032K(9088K)
[14305.774s][info][gc             ] GC(33090) Pause Young (Allocation Failure) 192M->111M(254M) 3.922ms
[14305.774s][info][gc,cpu         ] GC(33090) User=0.00s Sys=0.00s Real=0.00s
[14306.271s][info][gc,start       ] GC(33091) Pause Young (Allocation Failure)
[14306.273s][info][gc,heap        ] GC(33091) PSYoungGen: 83744K(84992K)->1952K(83968K) Eden: 82944K(82944K)->0K(81920K) From: 800K(2048K)->1952K(2048K)
[14306.273s][info][gc,heap        ] GC(33091) ParOldGen: 113540K(175104K)->114620K(175104K)
[14306.273s][info][gc,metaspace   ] GC(33091) Metaspace: 62232K(62528K)->62232K(62528K) NonClass: 53199K(53440K)->53199K(53440K) Class: 9032K(9088K)->9032K(9088K)
[14306.273s][info][gc             ] GC(33091) Pause Young (Allocation Failure) 192M->113M(253M) 2.582ms
[14306.273s][info][gc,cpu         ] GC(33091) User=0.00s Sys=0.00s Real=0.00s
[14306.847s][info][gc,start       ] GC(33092) Pause Young (Allocation Failure)
[14306.849s][info][gc,heap        ] GC(33092) PSYoungGen: 83872K(83968K)->560K(84480K) Eden: 81920K(81920K)->0K(81920K) From: 1952K(2048K)->560K(2560K)
[14306.849s][info][gc,heap        ] GC(33092) ParOldGen: 114620K(175104K)->116724K(175104K)
[14306.849s][info][gc,metaspace   ] GC(33092) Metaspace: 62232K(62528K)->62232K(62528K) NonClass: 53199K(53440K)->53199K(53440K) Class: 9032K(9088K)->9032K(9088K)
[14306.849s][info][gc             ] GC(33092) Pause Young (Allocation Failure) 193M->114M(253M) 2.335ms
[14306.849s][info][gc,cpu         ] GC(33092) User=0.00s Sys=0.00s Real=0.00s
[14307.380s][info][gc,start       ] GC(33093) Pause Young (Allocation Failure)
[14307.383s][info][gc,heap        ] GC(33093) PSYoungGen: 82480K(84480K)->832K(84992K) Eden: 81920K(81920K)->0K(82432K) From: 560K(2560K)->832K(2560K)
[14307.383s][info][gc,heap        ] GC(33093) ParOldGen: 116724K(175104K)->116820K(175104K)
[14307.383s][info][gc,metaspace   ] GC(33093) Metaspace: 62232K(62528K)->62232K(62528K) NonClass: 53199K(53440K)->53199K(53440K) Class: 9032K(9088K)->9032K(9088K)
[14307.383s][info][gc             ] GC(33093) Pause Young (Allocation Failure) 194M->114M(254M) 2.142ms
[14307.383s][info][gc,cpu         ] GC(33093) User=0.00s Sys=0.00s Real=0.00s
[14307.910s][info][gc,start       ] GC(33094) Pause Young (Allocation Failure)
[14307.913s][info][gc,heap        ] GC(33094) PSYoungGen: 83264K(84992K)->1408K(84480K) Eden: 82432K(82432K)->0K(82432K) From: 832K(2560K)->1408K(2048K)
[14307.913s][info][gc,heap        ] GC(33094) ParOldGen: 116820K(175104K)->116868K(175104K)
[14307.913s][info][gc,metaspace   ] GC(33094) Metaspace: 62232K(62528K)->62232K(62528K) NonClass: 53199K(53440K)->53199K(53440K) Class: 9032K(9088K)->9032K(9088K)
[14307.913s][info][gc             ] GC(33094) Pause Young (Allocation Failure) 195M->115M(253M) 2.778ms
[14307.913s][info][gc,cpu         ] GC(33094) User=0.01s Sys=0.00s Real=0.00s
[14308.423s][info][gc,start       ] GC(33095) Pause Young (Allocation Failure)
[14308.424s][info][gc,heap        ] GC(33095) PSYoungGen: 83840K(84480K)->256K(84480K) Eden: 82432K(82432K)->0K(81920K) From: 1408K(2048K)->256K(2560K)
[14308.424s][info][gc,heap        ] GC(33095) ParOldGen: 116868K(175104K)->116916K(175104K)
[14308.424s][info][gc,metaspace   ] GC(33095) Metaspace: 62232K(62528K)->62232K(62528K) NonClass: 53199K(53440K)->53199K(53440K) Class: 9032K(9088K)->9032K(9088K)
[14308.424s][info][gc             ] GC(33095) Pause Young (Allocation Failure) 196M->114M(253M) 1.664ms
[14308.424s][info][gc,cpu         ] GC(33095) User=0.00s Sys=0.00s Real=0.00s
[14308.917s][info][gc,start       ] GC(33096) Pause Young (Allocation Failure)
[14308.920s][info][gc,heap        ] GC(33096) PSYoungGen: 82176K(84480K)->1632K(84480K) Eden: 81920K(81920K)->0K(81920K) From: 256K(2560K)->1632K(2560K)
[14308.920s][info][gc,heap        ] GC(33096) ParOldGen: 116916K(175104K)->116964K(175104K)
[14308.920s][info][gc,metaspace   ] GC(33096) Metaspace: 62232K(62528K)->62232K(62528K) NonClass: 53199K(53440K)->53199K(53440K) Class: 9032K(9088K)->9032K(9088K)
[14308.920s][info][gc             ] GC(33096) Pause Young (Allocation Failure) 194M->115M(253M) 2.983ms
[14308.920s][info][gc,cpu         ] GC(33096) User=0.00s Sys=0.00s Real=0.00s
[14309.390s][info][gc,start       ] GC(33097) Pause Young (Allocation Failure)
[14309.392s][info][gc,heap        ] GC(33097) PSYoungGen: 83552K(84480K)->1056K(84480K) Eden: 81920K(81920K)->0K(81920K) From: 1632K(2560K)->1056K(2560K)
[14309.392s][info][gc,heap        ] GC(33097) ParOldGen: 116964K(175104K)->117012K(175104K)
[14309.392s][info][gc,metaspace   ] GC(33097) Metaspace: 62232K(62528K)->62232K(62528K) NonClass: 53199K(53440K)->53199K(53440K) Class: 9032K(9088K)->9032K(9088K)
[14309.392s][info][gc             ] GC(33097) Pause Young (Allocation Failure) 195M->115M(253M) 2.346ms
[14309.392s][info][gc,cpu         ] GC(33097) User=0.01s Sys=0.00s Real=0.00s
[14309.897s][info][gc,start       ] GC(33098) Pause Young (Allocation Failure)
[14309.900s][info][gc,heap        ] GC(33098) PSYoungGen: 82976K(84480K)->1184K(84480K) Eden: 81920K(81920K)->0K(81920K) From: 1056K(2560K)->1184K(2560K)
[14309.900s][info][gc,heap        ] GC(33098) ParOldGen: 117012K(175104K)->117068K(175104K)
[14309.900s][info][gc,metaspace   ] GC(33098) Metaspace: 62232K(62528K)->62232K(62528K) NonClass: 53199K(53440K)->53199K(53440K) Class: 9032K(9088K)->9032K(9088K)
[14309.900s][info][gc             ] GC(33098) Pause Young (Allocation Failure) 195M->115M(253M) 2.501ms
[14309.900s][info][gc,cpu         ] GC(33098) User=0.00s Sys=0.00s Real=0.00s
[14310.418s][info][gc,start       ] GC(33099) Pause Young (Allocation Failure)
[14310.419s][info][gc,heap        ] GC(33099) PSYoungGen: 83104K(84480K)->224K(84480K) Eden: 81920K(81920K)->0K(81920K) From: 1184K(2560K)->224K(2560K)
[14310.419s][info][gc,heap        ] GC(33099) ParOldGen: 117068K(175104K)->117116K(175104K)
[14310.419s][info][gc,metaspace   ] GC(33099) Metaspace: 62232K(62528K)->62232K(62528K) NonClass: 53199K(53440K)->53199K(53440K) Class: 9032K(9088K)->9032K(9088K)
[14310.419s][info][gc             ] GC(33099) Pause Young (Allocation Failure) 195M->114M(253M) 1.599ms
[14310.419s][info][gc,cpu         ] GC(33099) User=0.00s Sys=0.00s Real=0.00s
[14310.906s][info][gc,start       ] GC(33100) Pause Young (Allocation Failure)
[14310.908s][info][gc,heap        ] GC(33100) PSYoungGen: 82144K(84480K)->1408K(84480K) Eden: 81920K(81920K)->0K(81920K) From: 224K(2560K)->1408K(2560K)
[14310.908s][info][gc,heap        ] GC(33100) ParOldGen: 117116K(175104K)->117164K(175104K)
[14310.908s][info][gc,metaspace   ] GC(33100) Metaspace: 62232K(62528K)->62232K(62528K) NonClass: 53199K(53440K)->53199K(53440K) Class: 9032K(9088K)->9032K(9088K)
[14310.908s][info][gc             ] GC(33100) Pause Young (Allocation Failure) 194M->115M(253M) 2.614ms
[14310.908s][info][gc,cpu         ] GC(33100) User=0.01s Sys=0.00s Real=0.01s
[14311.370s][info][gc,start       ] GC(33101) Pause Young (Allocation Failure)
[14311.372s][info][gc,heap        ] GC(33101) PSYoungGen: 83328K(84480K)->1952K(84480K) Eden: 81920K(81920K)->0K(81920K) From: 1408K(2560K)->1952K(2560K)
[14311.372s][info][gc,heap        ] GC(33101) ParOldGen: 117164K(175104K)->118236K(175104K)
[14311.372s][info][gc,metaspace   ] GC(33101) Metaspace: 62232K(62528K)->62232K(62528K) NonClass: 53199K(53440K)->53199K(53440K) Class: 9032K(9088K)->9032K(9088K)
[14311.372s][info][gc             ] GC(33101) Pause Young (Allocation Failure) 195M->117M(253M) 2.520ms
[14311.372s][info][gc,cpu         ] GC(33101) User=0.00s Sys=0.00s Real=0.00s
[14311.831s][info][gc,start       ] GC(33102) Pause Young (Allocation Failure)
[14311.833s][info][gc,heap        ] GC(33102) PSYoungGen: 83872K(84480K)->416K(84480K) Eden: 81920K(81920K)->0K(81920K) From: 1952K(2560K)->416K(2560K)
[14311.833s][info][gc,heap        ] GC(33102) ParOldGen: 118236K(175104K)->120332K(175104K)
[14311.833s][info][gc,metaspace   ] GC(33102) Metaspace: 62232K(62528K)->62232K(62528K) NonClass: 53199K(53440K)->53199K(53440K) Class: 9032K(9088K)->9032K(9088K)
[14311.833s][info][gc             ] GC(33102) Pause Young (Allocation Failure) 197M->117M(253M) 2.065ms
[14311.833s][info][gc,cpu         ] GC(33102) User=0.01s Sys=0.00s Real=0.00s
[14312.293s][info][gc,start       ] GC(33103) Pause Young (Allocation Failure)
[14312.295s][info][gc,heap        ] GC(33103) PSYoungGen: 82336K(84480K)->1248K(84480K) Eden: 81920K(81920K)->0K(81920K) From: 416K(2560K)->1248K(2560K)
[14312.295s][info][gc,heap        ] GC(33103) ParOldGen: 120332K(175104K)->120388K(175104K)
[14312.295s][info][gc,metaspace   ] GC(33103) Metaspace: 62232K(62528K)->62232K(62528K) NonClass: 53199K(53440K)->53199K(53440K) Class: 9032K(9088K)->9032K(9088K)
[14312.295s][info][gc             ] GC(33103) Pause Young (Allocation Failure) 197M->118M(253M) 2.498ms
[14312.295s][info][gc,cpu         ] GC(33103) User=0.01s Sys=0.00s Real=0.00s
[14312.747s][info][gc,start       ] GC(33104) Pause Young (Allocation Failure)
[14312.749s][info][gc,heap        ] GC(33104) PSYoungGen: 83168K(84480K)->640K(84480K) Eden: 81920K(81920K)->0K(81920K) From: 1248K(2560K)->640K(2560K)
[14312.749s][info][gc,heap        ] GC(33104) ParOldGen: 120388K(175104K)->120436K(175104K)
[14312.749s][info][gc,metaspace   ] GC(33104) Metaspace: 62232K(62528K)->62232K(62528K) NonClass: 53199K(53440K)->53199K(53440K) Class: 9032K(9088K)->9032K(9088K)
[14312.749s][info][gc             ] GC(33104) Pause Young (Allocation Failure) 198M->118M(253M) 1.929ms
[14312.749s][info][gc,cpu         ] GC(33104) User=0.00s Sys=0.00s Real=0.00s
[14313.230s][info][gc,start       ] GC(33105) Pause Young (Allocation Failure)
[14313.232s][info][gc,heap        ] GC(33105) PSYoungGen: 82560K(84480K)->384K(84480K) Eden: 81920K(81920K)->0K(81920K) From: 640K(2560K)->384K(2560K)
[14313.232s][info][gc,heap        ] GC(33105) ParOldGen: 120436K(175104K)->120484K(175104K)
[14313.232s][info][gc,metaspace   ] GC(33105) Metaspace: 62232K(62528K)->62232K(62528K) NonClass: 53199K(53440K)->53199K(53440K) Class: 9032K(9088K)->9032K(9088K)
[14313.232s][info][gc             ] GC(33105) Pause Young (Allocation Failure) 198M->118M(253M) 1.697ms
[14313.232s][info][gc,cpu         ] GC(33105) User=0.00s Sys=0.00s Real=0.00s
[14313.683s][info][gc,start       ] GC(33106) Pause Young (Allocation Failure)
[14313.685s][info][gc,heap        ] GC(33106) PSYoungGen: 82304K(84480K)->1120K(84480K) Eden: 81920K(81920K)->0K(81920K) From: 384K(2560K)->1120K(2560K)
[14313.685s][info][gc,heap        ] GC(33106) ParOldGen: 120484K(175104K)->120532K(175104K)
[14313.685s][info][gc,metaspace   ] GC(33106) Metaspace: 62232K(62528K)->62232K(62528K) NonClass: 53199K(53440K)->53199K(53440K) Class: 9032K(9088K)->9032K(9088K)
[14313.685s][info][gc             ] GC(33106) Pause Young (Allocation Failure) 198M->118M(253M) 2.238ms
[14313.685s][info][gc,cpu         ] GC(33106) User=0.01s Sys=0.00s Real=0.00s
[14314.133s][info][gc,start       ] GC(33107) Pause Young (Allocation Failure)
[14314.135s][info][gc,heap        ] GC(33107) PSYoungGen: 83040K(84480K)->480K(84480K) Eden: 81920K(81920K)->0K(81920K) From: 1120K(2560K)->480K(2560K)
[14314.135s][info][gc,heap        ] GC(33107) ParOldGen: 120532K(175104K)->120588K(175104K)
[14314.135s][info][gc,metaspace   ] GC(33107) Metaspace: 62232K(62528K)->62232K(62528K) NonClass: 53199K(53440K)->53199K(53440K) Class: 9032K(9088K)->9032K(9088K)
[14314.135s][info][gc             ] GC(33107) Pause Young (Allocation Failure) 198M->118M(253M) 1.716ms
[14314.135s][info][gc,cpu         ] GC(33107) User=0.00s Sys=0.00s Real=0.00s
[14314.654s][info][gc,start       ] GC(33108) Pause Young (Allocation Failure)
[14314.656s][info][gc,heap        ] GC(33108) PSYoungGen: 82400K(84480K)->768K(84480K) Eden: 81920K(81920K)->0K(81920K) From: 480K(2560K)->768K(2560K)
[14314.656s][info][gc,heap        ] GC(33108) ParOldGen: 120588K(175104K)->120636K(175104K)
[14314.656s][info][gc,metaspace   ] GC(33108) Metaspace: 62232K(62528K)->62232K(62528K) NonClass: 53199K(53440K)->53199K(53440K) Class: 9032K(9088K)->9032K(9088K)
[14314.656s][info][gc             ] GC(33108) Pause Young (Allocation Failure) 198M->118M(253M) 2.085ms
[14314.656s][info][gc,cpu         ] GC(33108) User=0.00s Sys=0.00s Real=0.00s
[14315.087s][info][gc,start       ] GC(33109) Pause Young (Allocation Failure)
[14315.090s][info][gc,heap        ] GC(33109) PSYoungGen: 82688K(84480K)->1216K(84992K) Eden: 81920K(81920K)->0K(82944K) From: 768K(2560K)->1216K(2048K)
[14315.090s][info][gc,heap        ] GC(33109) ParOldGen: 120636K(175104K)->120740K(175104K)
[14315.090s][info][gc,metaspace   ] GC(33109) Metaspace: 62232K(62528K)->62232K(62528K) NonClass: 53199K(53440K)->53199K(53440K) Class: 9032K(9088K)->9032K(9088K)
[14315.090s][info][gc             ] GC(33109) Pause Young (Allocation Failure) 198M->119M(254M) 2.355ms
[14315.090s][info][gc,cpu         ] GC(33109) User=0.00s Sys=0.00s Real=0.00s
[14315.537s][info][gc,start       ] GC(33110) Pause Young (Allocation Failure)
[14315.539s][info][gc,heap        ] GC(33110) PSYoungGen: 84160K(84992K)->512K(84992K) Eden: 82944K(82944K)->0K(82944K) From: 1216K(2048K)->512K(2048K)
[14315.539s][info][gc,heap        ] GC(33110) ParOldGen: 120740K(175104K)->120780K(175104K)
[14315.539s][info][gc,metaspace   ] GC(33110) Metaspace: 62232K(62528K)->62232K(62528K) NonClass: 53199K(53440K)->53199K(53440K) Class: 9032K(9088K)->9032K(9088K)
[14315.539s][info][gc             ] GC(33110) Pause Young (Allocation Failure) 200M->118M(254M) 1.842ms
[14315.539s][info][gc,cpu         ] GC(33110) User=0.01s Sys=0.00s Real=0.00s
[14316.011s][info][gc,start       ] GC(33111) Pause Young (Allocation Failure)
[14316.014s][info][gc,heap        ] GC(33111) PSYoungGen: 83456K(84992K)->1440K(83968K) Eden: 82944K(82944K)->0K(81920K) From: 512K(2048K)->1440K(2048K)
[14316.014s][info][gc,heap        ] GC(33111) ParOldGen: 120780K(175104K)->120828K(175104K)
[14316.014s][info][gc,metaspace   ] GC(33111) Metaspace: 62232K(62528K)->62232K(62528K) NonClass: 53199K(53440K)->53199K(53440K) Class: 9032K(9088K)->9032K(9088K)
[14316.014s][info][gc             ] GC(33111) Pause Young (Allocation Failure) 199M->119M(253M) 2.611ms
[14316.014s][info][gc,cpu         ] GC(33111) User=0.00s Sys=0.00s Real=0.00s
[14316.489s][info][gc,start       ] GC(33112) Pause Young (Allocation Failure)
[14316.492s][info][gc,heap        ] GC(33112) PSYoungGen: 83360K(83968K)->2112K(84480K) Eden: 81920K(81920K)->0K(81920K) From: 1440K(2048K)->2112K(2560K)
[14316.492s][info][gc,heap        ] GC(33112) ParOldGen: 120828K(175104K)->122932K(175104K)
[14316.492s][info][gc,metaspace   ] GC(33112) Metaspace: 62232K(62528K)->62232K(62528K) NonClass: 53199K(53440K)->53199K(53440K) Class: 9032K(9088K)->9032K(9088K)
[14316.492s][info][gc             ] GC(33112) Pause Young (Allocation Failure) 199M->122M(253M) 2.901ms
[14316.492s][info][gc,cpu         ] GC(33112) User=0.00s Sys=0.01s Real=0.00s
[14316.944s][info][gc,start       ] GC(33113) Pause Young (Allocation Failure)
[14316.946s][info][gc,heap        ] GC(33113) PSYoungGen: 84032K(84480K)->544K(84480K) Eden: 81920K(81920K)->0K(81920K) From: 2112K(2560K)->544K(2560K)
[14316.946s][info][gc,heap        ] GC(33113) ParOldGen: 122932K(175104K)->125036K(175104K)
[14316.946s][info][gc,metaspace   ] GC(33113) Metaspace: 62232K(62528K)->62232K(62528K) NonClass: 53199K(53440K)->53199K(53440K) Class: 9032K(9088K)->9032K(9088K)
[14316.946s][info][gc             ] GC(33113) Pause Young (Allocation Failure) 202M->122M(253M) 2.225ms
[14316.946s][info][gc,cpu         ] GC(33113) User=0.00s Sys=0.00s Real=0.01s
[14317.420s][info][gc,start       ] GC(33114) Pause Young (Allocation Failure)
[14317.422s][info][gc,heap        ] GC(33114) PSYoungGen: 82464K(84480K)->224K(84480K) Eden: 81920K(81920K)->0K(81920K) From: 544K(2560K)->224K(2560K)
[14317.422s][info][gc,heap        ] GC(33114) ParOldGen: 125036K(175104K)->125084K(175104K)
[14317.422s][info][gc,metaspace   ] GC(33114) Metaspace: 62232K(62528K)->62232K(62528K) NonClass: 53199K(53440K)->53199K(53440K) Class: 9032K(9088K)->9032K(9088K)
[14317.422s][info][gc             ] GC(33114) Pause Young (Allocation Failure) 202M->122M(253M) 1.524ms
[14317.422s][info][gc,cpu         ] GC(33114) User=0.00s Sys=0.00s Real=0.00s
[14317.897s][info][gc,start       ] GC(33115) Pause Young (Allocation Failure)
[14317.900s][info][gc,heap        ] GC(33115) PSYoungGen: 82144K(84480K)->1184K(84480K) Eden: 81920K(81920K)->0K(81920K) From: 224K(2560K)->1184K(2560K)
[14317.900s][info][gc,heap        ] GC(33115) ParOldGen: 125084K(175104K)->125132K(175104K)
[14317.900s][info][gc,metaspace   ] GC(33115) Metaspace: 62232K(62528K)->62232K(62528K) NonClass: 53199K(53440K)->53199K(53440K) Class: 9032K(9088K)->9032K(9088K)
[14317.900s][info][gc             ] GC(33115) Pause Young (Allocation Failure) 202M->123M(253M) 2.344ms
[14317.900s][info][gc,cpu         ] GC(33115) User=0.01s Sys=0.00s Real=0.00s
[14318.345s][info][gc,start       ] GC(33116) Pause Young (Allocation Failure)
[14318.346s][info][gc,heap        ] GC(33116) PSYoungGen: 83104K(84480K)->576K(84480K) Eden: 81920K(81920K)->0K(81920K) From: 1184K(2560K)->576K(2560K)
[14318.346s][info][gc,heap        ] GC(33116) ParOldGen: 125132K(175104K)->125188K(175104K)
[14318.346s][info][gc,metaspace   ] GC(33116) Metaspace: 62232K(62528K)->62232K(62528K) NonClass: 53199K(53440K)->53199K(53440K) Class: 9032K(9088K)->9032K(9088K)
[14318.346s][info][gc             ] GC(33116) Pause Young (Allocation Failure) 203M->122M(253M) 1.783ms
[14318.346s][info][gc,cpu         ] GC(33116) User=0.01s Sys=0.00s Real=0.01s
[14318.802s][info][gc,start       ] GC(33117) Pause Young (Allocation Failure)
[14318.804s][info][gc,heap        ] GC(33117) PSYoungGen: 82496K(84480K)->1504K(84480K) Eden: 81920K(81920K)->0K(81920K) From: 576K(2560K)->1504K(2560K)
[14318.804s][info][gc,heap        ] GC(33117) ParOldGen: 125188K(175104K)->125236K(175104K)
[14318.804s][info][gc,metaspace   ] GC(33117) Metaspace: 62232K(62528K)->62232K(62528K) NonClass: 53199K(53440K)->53199K(53440K) Class: 9032K(9088K)->9032K(9088K)
[14318.804s][info][gc             ] GC(33117) Pause Young (Allocation Failure) 202M->123M(253M) 2.582ms
[14318.804s][info][gc,cpu         ] GC(33117) User=0.00s Sys=0.00s Real=0.00s
[14319.270s][info][gc,start       ] GC(33118) Pause Young (Allocation Failure)
[14319.272s][info][gc,heap        ] GC(33118) PSYoungGen: 83424K(84480K)->960K(84480K) Eden: 81920K(81920K)->0K(81920K) From: 1504K(2560K)->960K(2560K)
[14319.272s][info][gc,heap        ] GC(33118) ParOldGen: 125236K(175104K)->125292K(175104K)
[14319.272s][info][gc,metaspace   ] GC(33118) Metaspace: 62232K(62528K)->62232K(62528K) NonClass: 53199K(53440K)->53199K(53440K) Class: 9032K(9088K)->9032K(9088K)
[14319.272s][info][gc             ] GC(33118) Pause Young (Allocation Failure) 203M->123M(253M) 2.247ms
[14319.272s][info][gc,cpu         ] GC(33118) User=0.00s Sys=0.00s Real=0.00s
[14319.713s][info][gc,start       ] GC(33119) Pause Young (Allocation Failure)
[14319.716s][info][gc,heap        ] GC(33119) PSYoungGen: 82880K(84480K)->1600K(84480K) Eden: 81920K(81920K)->0K(81920K) From: 960K(2560K)->1600K(2560K)
[14319.716s][info][gc,heap        ] GC(33119) ParOldGen: 125292K(175104K)->125340K(175104K)
[14319.716s][info][gc,metaspace   ] GC(33119) Metaspace: 62232K(62528K)->62232K(62528K) NonClass: 53199K(53440K)->53199K(53440K) Class: 9032K(9088K)->9032K(9088K)
[14319.716s][info][gc             ] GC(33119) Pause Young (Allocation Failure) 203M->123M(253M) 2.716ms
[14319.716s][info][gc,cpu         ] GC(33119) User=0.00s Sys=0.00s Real=0.00s
[14320.145s][info][gc,start       ] GC(33120) Pause Young (Allocation Failure)
[14320.147s][info][gc,heap        ] GC(33120) PSYoungGen: 83520K(84480K)->576K(84480K) Eden: 81920K(81920K)->0K(81920K) From: 1600K(2560K)->576K(2560K)
[14320.147s][info][gc,heap        ] GC(33120) ParOldGen: 125340K(175104K)->125396K(175104K)
[14320.147s][info][gc,metaspace   ] GC(33120) Metaspace: 62232K(62528K)->62232K(62528K) NonClass: 53199K(53440K)->53199K(53440K) Class: 9032K(9088K)->9032K(9088K)
[14320.147s][info][gc             ] GC(33120) Pause Young (Allocation Failure) 203M->123M(253M) 1.799ms
[14320.147s][info][gc,cpu         ] GC(33120) User=0.00s Sys=0.00s Real=0.01s
[14320.576s][info][gc,start       ] GC(33121) Pause Young (Allocation Failure)
[14320.578s][info][gc,heap        ] GC(33121) PSYoungGen: 82496K(84480K)->1120K(84480K) Eden: 81920K(81920K)->0K(81920K) From: 576K(2560K)->1120K(2560K)
[14320.578s][info][gc,heap        ] GC(33121) ParOldGen: 125396K(175104K)->125444K(175104K)
[14320.578s][info][gc,metaspace   ] GC(33121) Metaspace: 62232K(62528K)->62232K(62528K) NonClass: 53199K(53440K)->53199K(53440K) Class: 9032K(9088K)->9032K(9088K)
[14320.578s][info][gc             ] GC(33121) Pause Young (Allocation Failure) 203M->123M(253M) 2.225ms
[14320.578s][info][gc,cpu         ] GC(33121) User=0.00s Sys=0.00s Real=0.01s
[14321.008s][info][gc,start       ] GC(33122) Pause Young (Allocation Failure)
[14321.011s][info][gc,heap        ] GC(33122) PSYoungGen: 83040K(84480K)->1568K(84480K) Eden: 81920K(81920K)->0K(81920K) From: 1120K(2560K)->1568K(2560K)
[14321.011s][info][gc,heap        ] GC(33122) ParOldGen: 125444K(175104K)->125500K(175104K)
[14321.011s][info][gc,metaspace   ] GC(33122) Metaspace: 62232K(62528K)->62232K(62528K) NonClass: 53199K(53440K)->53199K(53440K) Class: 9032K(9088K)->9032K(9088K)
[14321.011s][info][gc             ] GC(33122) Pause Young (Allocation Failure) 203M->124M(253M) 2.641ms
[14321.011s][info][gc,cpu         ] GC(33122) User=0.00s Sys=0.00s Real=0.00s
[14321.442s][info][gc,start       ] GC(33123) Pause Young (Allocation Failure)
[14321.444s][info][gc,heap        ] GC(33123) PSYoungGen: 83488K(84480K)->576K(84480K) Eden: 81920K(81920K)->0K(81920K) From: 1568K(2560K)->576K(2560K)
[14321.444s][info][gc,heap        ] GC(33123) ParOldGen: 125500K(175104K)->125548K(175104K)
[14321.444s][info][gc,metaspace   ] GC(33123) Metaspace: 62232K(62528K)->62232K(62528K) NonClass: 53199K(53440K)->53199K(53440K) Class: 9032K(9088K)->9032K(9088K)
[14321.444s][info][gc             ] GC(33123) Pause Young (Allocation Failure) 204M->123M(253M) 1.907ms
[14321.444s][info][gc,cpu         ] GC(33123) User=0.01s Sys=0.00s Real=0.00s
[14321.864s][info][gc,start       ] GC(33124) Pause Young (Allocation Failure)
[14321.866s][info][gc,heap        ] GC(33124) PSYoungGen: 82496K(84480K)->896K(84480K) Eden: 81920K(81920K)->0K(81920K) From: 576K(2560K)->896K(2560K)
[14321.866s][info][gc,heap        ] GC(33124) ParOldGen: 125548K(175104K)->125596K(175104K)
[14321.866s][info][gc,metaspace   ] GC(33124) Metaspace: 62232K(62528K)->62232K(62528K) NonClass: 53199K(53440K)->53199K(53440K) Class: 9032K(9088K)->9032K(9088K)
[14321.866s][info][gc             ] GC(33124) Pause Young (Allocation Failure) 203M->123M(253M) 2.093ms
[14321.866s][info][gc,cpu         ] GC(33124) User=0.00s Sys=0.00s Real=0.00s
[14322.393s][info][gc,start       ] GC(33125) Pause Young (Allocation Failure)
[14322.395s][info][gc,heap        ] GC(33125) PSYoungGen: 82816K(84480K)->1184K(84480K) Eden: 81920K(81920K)->0K(81920K) From: 896K(2560K)->1184K(2560K)
[14322.395s][info][gc,heap        ] GC(33125) ParOldGen: 125596K(175104K)->125652K(175104K)
[14322.395s][info][gc,metaspace   ] GC(33125) Metaspace: 62232K(62528K)->62232K(62528K) NonClass: 53199K(53440K)->53199K(53440K) Class: 9032K(9088K)->9032K(9088K)
[14322.395s][info][gc             ] GC(33125) Pause Young (Allocation Failure) 203M->123M(253M) 2.348ms
[14322.395s][info][gc,cpu         ] GC(33125) User=0.00s Sys=0.00s Real=0.00s
[14322.827s][info][gc,start       ] GC(33126) Pause Young (Allocation Failure)
[14322.828s][info][gc,heap        ] GC(33126) PSYoungGen: 83104K(84480K)->320K(84480K) Eden: 81920K(81920K)->0K(81920K) From: 1184K(2560K)->320K(2560K)
[14322.828s][info][gc,heap        ] GC(33126) ParOldGen: 125652K(175104K)->125756K(175104K)
[14322.828s][info][gc,metaspace   ] GC(33126) Metaspace: 62232K(62528K)->62232K(62528K) NonClass: 53199K(53440K)->53199K(53440K) Class: 9032K(9088K)->9032K(9088K)
[14322.828s][info][gc             ] GC(33126) Pause Young (Allocation Failure) 203M->123M(253M) 1.645ms
[14322.828s][info][gc,cpu         ] GC(33126) User=0.00s Sys=0.00s Real=0.00s
[14323.330s][info][gc,start       ] GC(33127) Pause Young (Allocation Failure)
[14323.331s][info][gc,heap        ] GC(33127) PSYoungGen: 82240K(84480K)->352K(84480K) Eden: 81920K(81920K)->0K(81920K) From: 320K(2560K)->352K(2560K)
[14323.331s][info][gc,heap        ] GC(33127) ParOldGen: 125756K(175104K)->125804K(175104K)
[14323.331s][info][gc,metaspace   ] GC(33127) Metaspace: 62232K(62528K)->62232K(62528K) NonClass: 53199K(53440K)->53199K(53440K) Class: 9032K(9088K)->9032K(9088K)
[14323.331s][info][gc             ] GC(33127) Pause Young (Allocation Failure) 203M->123M(253M) 1.597ms
[14323.331s][info][gc,cpu         ] GC(33127) User=0.01s Sys=0.00s Real=0.00s
[14323.825s][info][gc,start       ] GC(33128) Pause Young (Allocation Failure)
[14323.827s][info][gc,heap        ] GC(33128) PSYoungGen: 82272K(84480K)->288K(84480K) Eden: 81920K(81920K)->0K(81920K) From: 352K(2560K)->288K(2560K)
[14323.827s][info][gc,heap        ] GC(33128) ParOldGen: 125804K(175104K)->125852K(175104K)
[14323.827s][info][gc,metaspace   ] GC(33128) Metaspace: 62232K(62528K)->62232K(62528K) NonClass: 53199K(53440K)->53199K(53440K) Class: 9032K(9088K)->9032K(9088K)
[14323.827s][info][gc             ] GC(33128) Pause Young (Allocation Failure) 203M->123M(253M) 1.560ms
[14323.827s][info][gc,cpu         ] GC(33128) User=0.01s Sys=0.00s Real=0.01s
[14324.329s][info][gc,start       ] GC(33129) Pause Young (Allocation Failure)
[14324.330s][info][gc,heap        ] GC(33129) PSYoungGen: 82208K(84480K)->352K(84992K) Eden: 81920K(81920K)->0K(82432K) From: 288K(2560K)->352K(2560K)
[14324.330s][info][gc,heap        ] GC(33129) ParOldGen: 125852K(175104K)->125908K(175104K)
[14324.330s][info][gc,metaspace   ] GC(33129) Metaspace: 62232K(62528K)->62232K(62528K) NonClass: 53199K(53440K)->53199K(53440K) Class: 9032K(9088K)->9032K(9088K)
[14324.330s][info][gc             ] GC(33129) Pause Young (Allocation Failure) 203M->123M(254M) 1.586ms
[14324.330s][info][gc,cpu         ] GC(33129) User=0.00s Sys=0.00s Real=0.00s
[14324.757s][info][gc,start       ] GC(33130) Pause Young (Allocation Failure)
[14324.759s][info][gc,heap        ] GC(33130) PSYoungGen: 82784K(84992K)->864K(84480K) Eden: 82432K(82432K)->0K(82432K) From: 352K(2560K)->864K(2048K)
[14324.759s][info][gc,heap        ] GC(33130) ParOldGen: 125908K(175104K)->125956K(175104K)
[14324.759s][info][gc,metaspace   ] GC(33130) Metaspace: 62232K(62528K)->62232K(62528K) NonClass: 53199K(53440K)->53199K(53440K) Class: 9032K(9088K)->9032K(9088K)
[14324.759s][info][gc             ] GC(33130) Pause Young (Allocation Failure) 203M->123M(253M) 2.082ms
[14324.759s][info][gc,cpu         ] GC(33130) User=0.01s Sys=0.00s Real=0.00s
[14325.201s][info][gc,start       ] GC(33131) Pause Young (Allocation Failure)
[14325.203s][info][gc,heap        ] GC(33131) PSYoungGen: 83296K(84480K)->1440K(83968K) Eden: 82432K(82432K)->0K(81920K) From: 864K(2048K)->1440K(2048K)
[14325.203s][info][gc,heap        ] GC(33131) ParOldGen: 125956K(175104K)->126012K(175104K)
[14325.203s][info][gc,metaspace   ] GC(33131) Metaspace: 62232K(62528K)->62232K(62528K) NonClass: 53199K(53440K)->53199K(53440K) Class: 9032K(9088K)->9032K(9088K)
[14325.203s][info][gc             ] GC(33131) Pause Young (Allocation Failure) 204M->124M(253M) 2.526ms
[14325.203s][info][gc,cpu         ] GC(33131) User=0.00s Sys=0.00s Real=0.00s
[14325.619s][info][gc,start       ] GC(33132) Pause Young (Allocation Failure)
[14325.621s][info][gc,heap        ] GC(33132) PSYoungGen: 83360K(83968K)->224K(84480K) Eden: 81920K(81920K)->0K(81920K) From: 1440K(2048K)->224K(2560K)
[14325.621s][info][gc,heap        ] GC(33132) ParOldGen: 126012K(175104K)->126060K(175104K)
[14325.621s][info][gc,metaspace   ] GC(33132) Metaspace: 62232K(62528K)->62232K(62528K) NonClass: 53199K(53440K)->53199K(53440K) Class: 9032K(9088K)->9032K(9088K)
[14325.621s][info][gc             ] GC(33132) Pause Young (Allocation Failure) 204M->123M(253M) 1.485ms
[14325.621s][info][gc,cpu         ] GC(33132) User=0.01s Sys=0.00s Real=0.00s
[14326.034s][info][gc,start       ] GC(33133) Pause Young (Allocation Failure)
[14326.036s][info][gc,heap        ] GC(33133) PSYoungGen: 82144K(84480K)->1504K(83968K) Eden: 81920K(81920K)->0K(81920K) From: 224K(2560K)->1504K(2048K)
[14326.036s][info][gc,heap        ] GC(33133) ParOldGen: 126060K(175104K)->127132K(175104K)
[14326.036s][info][gc,metaspace   ] GC(33133) Metaspace: 62232K(62528K)->62232K(62528K) NonClass: 53199K(53440K)->53199K(53440K) Class: 9032K(9088K)->9032K(9088K)
[14326.036s][info][gc             ] GC(33133) Pause Young (Allocation Failure) 203M->125M(253M) 2.126ms
[14326.036s][info][gc,cpu         ] GC(33133) User=0.00s Sys=0.00s Real=0.00s
[14326.487s][info][gc,start       ] GC(33134) Pause Young (Allocation Failure)
[14326.490s][info][gc,heap        ] GC(33134) PSYoungGen: 83424K(83968K)->1280K(84480K) Eden: 81920K(81920K)->0K(81920K) From: 1504K(2048K)->1280K(2560K)
[14326.490s][info][gc,heap        ] GC(33134) ParOldGen: 127132K(175104K)->129228K(175104K)
[14326.490s][info][gc,metaspace   ] GC(33134) Metaspace: 62232K(62528K)->62232K(62528K) NonClass: 53199K(53440K)->53199K(53440K) Class: 9032K(9088K)->9032K(9088K)
[14326.490s][info][gc             ] GC(33134) Pause Young (Allocation Failure) 205M->127M(253M) 2.908ms
[14326.490s][info][gc,cpu         ] GC(33134) User=0.00s Sys=0.00s Real=0.00s
[14326.896s][info][gc,start       ] GC(33135) Pause Young (Allocation Failure)
[14326.899s][info][gc,heap        ] GC(33135) PSYoungGen: 83200K(84480K)->1376K(84480K) Eden: 81920K(81920K)->0K(81920K) From: 1280K(2560K)->1376K(2560K)
[14326.899s][info][gc,heap        ] GC(33135) ParOldGen: 129228K(175104K)->129284K(175104K)
[14326.899s][info][gc,metaspace   ] GC(33135) Metaspace: 62232K(62528K)->62232K(62528K) NonClass: 53199K(53440K)->53199K(53440K) Class: 9032K(9088K)->9032K(9088K)
[14326.899s][info][gc             ] GC(33135) Pause Young (Allocation Failure) 207M->127M(253M) 2.808ms
[14326.899s][info][gc,cpu         ] GC(33135) User=0.01s Sys=0.00s Real=0.01s
[14327.322s][info][gc,start       ] GC(33136) Pause Young (Allocation Failure)
[14327.323s][info][gc,heap        ] GC(33136) PSYoungGen: 83296K(84480K)->256K(84480K) Eden: 81920K(81920K)->0K(81920K) From: 1376K(2560K)->256K(2560K)
[14327.323s][info][gc,heap        ] GC(33136) ParOldGen: 129284K(175104K)->129332K(175104K)
[14327.323s][info][gc,metaspace   ] GC(33136) Metaspace: 62232K(62528K)->62232K(62528K) NonClass: 53199K(53440K)->53199K(53440K) Class: 9032K(9088K)->9032K(9088K)
[14327.323s][info][gc             ] GC(33136) Pause Young (Allocation Failure) 207M->126M(253M) 1.485ms
[14327.323s][info][gc,cpu         ] GC(33136) User=0.00s Sys=0.00s Real=0.00s
[14327.737s][info][gc,start       ] GC(33137) Pause Young (Allocation Failure)
[14327.739s][info][gc,heap        ] GC(33137) PSYoungGen: 82176K(84480K)->480K(84480K) Eden: 81920K(81920K)->0K(81920K) From: 256K(2560K)->480K(2560K)
[14327.739s][info][gc,heap        ] GC(33137) ParOldGen: 129332K(175104K)->129388K(175104K)
[14327.739s][info][gc,metaspace   ] GC(33137) Metaspace: 62232K(62528K)->62232K(62528K) NonClass: 53199K(53440K)->53199K(53440K) Class: 9032K(9088K)->9032K(9088K)
[14327.739s][info][gc             ] GC(33137) Pause Young (Allocation Failure) 206M->126M(253M) 1.713ms
[14327.739s][info][gc,cpu         ] GC(33137) User=0.01s Sys=0.00s Real=0.00s
[14328.157s][info][gc,start       ] GC(33138) Pause Young (Allocation Failure)
[14328.159s][info][gc,heap        ] GC(33138) PSYoungGen: 82400K(84480K)->800K(84480K) Eden: 81920K(81920K)->0K(81920K) From: 480K(2560K)->800K(2560K)
[14328.159s][info][gc,heap        ] GC(33138) ParOldGen: 129388K(175104K)->129436K(175104K)
[14328.159s][info][gc,metaspace   ] GC(33138) Metaspace: 62232K(62528K)->62232K(62528K) NonClass: 53199K(53440K)->53199K(53440K) Class: 9032K(9088K)->9032K(9088K)
[14328.159s][info][gc             ] GC(33138) Pause Young (Allocation Failure) 206M->127M(253M) 2.053ms
[14328.159s][info][gc,cpu         ] GC(33138) User=0.00s Sys=0.00s Real=0.00s
[14328.690s][info][gc,start       ] GC(33139) Pause Young (Allocation Failure)
[14328.692s][info][gc,heap        ] GC(33139) PSYoungGen: 82720K(84480K)->1056K(84992K) Eden: 81920K(81920K)->0K(82944K) From: 800K(2560K)->1056K(2048K)
[14328.692s][info][gc,heap        ] GC(33139) ParOldGen: 129436K(175104K)->129484K(175104K)
[14328.692s][info][gc,metaspace   ] GC(33139) Metaspace: 62232K(62528K)->62232K(62528K) NonClass: 53199K(53440K)->53199K(53440K) Class: 9032K(9088K)->9032K(9088K)
[14328.692s][info][gc             ] GC(33139) Pause Young (Allocation Failure) 207M->127M(254M) 2.277ms
[14328.692s][info][gc,cpu         ] GC(33139) User=0.00s Sys=0.00s Real=0.00s
[14329.203s][info][gc,start       ] GC(33140) Pause Young (Allocation Failure)
[14329.205s][info][gc,heap        ] GC(33140) PSYoungGen: 84000K(84992K)->1344K(84480K) Eden: 82944K(82944K)->0K(82944K) From: 1056K(2048K)->1344K(1536K)
[14329.205s][info][gc,heap        ] GC(33140) ParOldGen: 129484K(175104K)->129532K(175104K)
[14329.205s][info][gc,metaspace   ] GC(33140) Metaspace: 62232K(62528K)->62232K(62528K) NonClass: 53199K(53440K)->53199K(53440K) Class: 9032K(9088K)->9032K(9088K)
[14329.205s][info][gc             ] GC(33140) Pause Young (Allocation Failure) 208M->127M(253M) 2.656ms
[14329.205s][info][gc,cpu         ] GC(33140) User=0.01s Sys=0.00s Real=0.00s
[14329.694s][info][gc,start       ] GC(33141) Pause Young (Allocation Failure)
[14329.697s][info][gc,heap        ] GC(33141) PSYoungGen: 84288K(84480K)->1216K(84480K) Eden: 82944K(82944K)->0K(81920K) From: 1344K(1536K)->1216K(2560K)
[14329.697s][info][gc,heap        ] GC(33141) ParOldGen: 129532K(175104K)->129580K(175104K)
[14329.697s][info][gc,metaspace   ] GC(33141) Metaspace: 62232K(62528K)->62232K(62528K) NonClass: 53199K(53440K)->53199K(53440K) Class: 9032K(9088K)->9032K(9088K)
[14329.697s][info][gc             ] GC(33141) Pause Young (Allocation Failure) 208M->127M(253M) 2.450ms
[14329.697s][info][gc,cpu         ] GC(33141) User=0.00s Sys=0.00s Real=0.01s
[14330.197s][info][gc,start       ] GC(33142) Pause Young (Allocation Failure)
[14330.199s][info][gc,heap        ] GC(33142) PSYoungGen: 83136K(84480K)->1360K(84480K) Eden: 81920K(81920K)->0K(81920K) From: 1216K(2560K)->1360K(2560K)
[14330.199s][info][gc,heap        ] GC(33142) ParOldGen: 129580K(175104K)->129636K(175104K)
[14330.199s][info][gc,metaspace   ] GC(33142) Metaspace: 62232K(62528K)->62232K(62528K) NonClass: 53199K(53440K)->53199K(53440K) Class: 9032K(9088K)->9032K(9088K)
[14330.199s][info][gc             ] GC(33142) Pause Young (Allocation Failure) 207M->127M(253M) 2.505ms
[14330.199s][info][gc,cpu         ] GC(33142) User=0.00s Sys=0.00s Real=0.00s
[14330.650s][info][gc,start       ] GC(33143) Pause Young (Allocation Failure)
[14330.653s][info][gc,heap        ] GC(33143) PSYoungGen: 83280K(84480K)->2528K(83456K) Eden: 81920K(81920K)->0K(80896K) From: 1360K(2560K)->2528K(2560K)
[14330.653s][info][gc,heap        ] GC(33143) ParOldGen: 129636K(175104K)->129804K(175104K)
[14330.653s][info][gc,metaspace   ] GC(33143) Metaspace: 62232K(62528K)->62232K(62528K) NonClass: 53199K(53440K)->53199K(53440K) Class: 9032K(9088K)->9032K(9088K)
[14330.653s][info][gc             ] GC(33143) Pause Young (Allocation Failure) 207M->129M(252M) 2.185ms
[14330.653s][info][gc,cpu         ] GC(33143) User=0.00s Sys=0.00s Real=0.00s
[14331.115s][info][gc,start       ] GC(33144) Pause Young (Allocation Failure)
[14331.119s][info][gc,heap        ] GC(33144) PSYoungGen: 83424K(83456K)->1760K(83968K) Eden: 80896K(80896K)->0K(80896K) From: 2528K(2560K)->1760K(3072K)
[14331.119s][info][gc,heap        ] GC(33144) ParOldGen: 129804K(175104K)->131900K(175104K)
[14331.119s][info][gc,metaspace   ] GC(33144) Metaspace: 62232K(62528K)->62232K(62528K) NonClass: 53199K(53440K)->53199K(53440K) Class: 9032K(9088K)->9032K(9088K)
[14331.119s][info][gc             ] GC(33144) Pause Young (Allocation Failure) 208M->130M(253M) 3.447ms
[14331.119s][info][gc,cpu         ] GC(33144) User=0.01s Sys=0.00s Real=0.01s
[14331.566s][info][gc,start       ] GC(33145) Pause Young (Allocation Failure)
[14331.568s][info][gc,heap        ] GC(33145) PSYoungGen: 82656K(83968K)->896K(83968K) Eden: 80896K(80896K)->0K(80896K) From: 1760K(3072K)->896K(3072K)
[14331.568s][info][gc,heap        ] GC(33145) ParOldGen: 131900K(175104K)->131948K(175104K)
[14331.568s][info][gc,metaspace   ] GC(33145) Metaspace: 62232K(62528K)->62232K(62528K) NonClass: 53199K(53440K)->53199K(53440K) Class: 9032K(9088K)->9032K(9088K)
[14331.568s][info][gc             ] GC(33145) Pause Young (Allocation Failure) 209M->129M(253M) 2.246ms
[14331.568s][info][gc,cpu         ] GC(33145) User=0.01s Sys=0.00s Real=0.01s
[14332.037s][info][gc,start       ] GC(33146) Pause Young (Allocation Failure)
[14332.039s][info][gc,heap        ] GC(33146) PSYoungGen: 81792K(83968K)->416K(83968K) Eden: 80896K(80896K)->0K(80896K) From: 896K(3072K)->416K(3072K)
[14332.039s][info][gc,heap        ] GC(33146) ParOldGen: 131948K(175104K)->132004K(175104K)
[14332.039s][info][gc,metaspace   ] GC(33146) Metaspace: 62232K(62528K)->62232K(62528K) NonClass: 53199K(53440K)->53199K(53440K) Class: 9032K(9088K)->9032K(9088K)
[14332.039s][info][gc             ] GC(33146) Pause Young (Allocation Failure) 208M->129M(253M) 1.911ms
[14332.039s][info][gc,cpu         ] GC(33146) User=0.01s Sys=0.00s Real=0.00s
[14332.485s][info][gc,start       ] GC(33147) Pause Young (Allocation Failure)
[14332.487s][info][gc,heap        ] GC(33147) PSYoungGen: 81312K(83968K)->1216K(84480K) Eden: 80896K(80896K)->0K(81408K) From: 416K(3072K)->1216K(3072K)
[14332.487s][info][gc,heap        ] GC(33147) ParOldGen: 132004K(175104K)->132060K(175104K)
[14332.487s][info][gc,metaspace   ] GC(33147) Metaspace: 62232K(62528K)->62232K(62528K) NonClass: 53199K(53440K)->53199K(53440K) Class: 9032K(9088K)->9032K(9088K)
[14332.487s][info][gc             ] GC(33147) Pause Young (Allocation Failure) 208M->130M(253M) 2.505ms
[14332.487s][info][gc,cpu         ] GC(33147) User=0.01s Sys=0.00s Real=0.01s
[14332.896s][info][gc,start       ] GC(33148) Pause Young (Allocation Failure)
[14332.899s][info][gc,heap        ] GC(33148) PSYoungGen: 82624K(84480K)->1472K(83968K) Eden: 81408K(81408K)->0K(81408K) From: 1216K(3072K)->1472K(2560K)
[14332.899s][info][gc,heap        ] GC(33148) ParOldGen: 132060K(175104K)->132108K(175104K)
[14332.899s][info][gc,metaspace   ] GC(33148) Metaspace: 62232K(62528K)->62232K(62528K) NonClass: 53199K(53440K)->53199K(53440K) Class: 9032K(9088K)->9032K(9088K)
[14332.899s][info][gc             ] GC(33148) Pause Young (Allocation Failure) 209M->130M(253M) 2.803ms
[14332.899s][info][gc,cpu         ] GC(33148) User=0.00s Sys=0.00s Real=0.01s
[14333.427s][info][gc,start       ] GC(33149) Pause Young (Allocation Failure)
[14333.429s][info][gc,heap        ] GC(33149) PSYoungGen: 82880K(83968K)->288K(84480K) Eden: 81408K(81408K)->0K(81920K) From: 1472K(2560K)->288K(2560K)
[14333.429s][info][gc,heap        ] GC(33149) ParOldGen: 132108K(175104K)->132156K(175104K)
[14333.429s][info][gc,metaspace   ] GC(33149) Metaspace: 62232K(62528K)->62232K(62528K) NonClass: 53199K(53440K)->53199K(53440K) Class: 9032K(9088K)->9032K(9088K)
[14333.429s][info][gc             ] GC(33149) Pause Young (Allocation Failure) 209M->129M(253M) 1.722ms
[14333.429s][info][gc,cpu         ] GC(33149) User=0.00s Sys=0.00s Real=0.00s
[14333.924s][info][gc,start       ] GC(33150) Pause Young (Allocation Failure)
[14333.926s][info][gc,heap        ] GC(33150) PSYoungGen: 82208K(84480K)->288K(84480K) Eden: 81920K(81920K)->0K(81920K) From: 288K(2560K)->288K(2560K)
[14333.926s][info][gc,heap        ] GC(33150) ParOldGen: 132156K(175104K)->132204K(175104K)
[14333.926s][info][gc,metaspace   ] GC(33150) Metaspace: 62232K(62528K)->62232K(62528K) NonClass: 53199K(53440K)->53199K(53440K) Class: 9032K(9088K)->9032K(9088K)
[14333.926s][info][gc             ] GC(33150) Pause Young (Allocation Failure) 209M->129M(253M) 1.667ms
[14333.926s][info][gc,cpu         ] GC(33150) User=0.00s Sys=0.00s Real=0.00s
[14334.395s][info][gc,start       ] GC(33151) Pause Young (Allocation Failure)
[14334.398s][info][gc,heap        ] GC(33151) PSYoungGen: 82208K(84480K)->1216K(84480K) Eden: 81920K(81920K)->0K(81920K) From: 288K(2560K)->1216K(2560K)
[14334.398s][info][gc,heap        ] GC(33151) ParOldGen: 132204K(175104K)->132252K(175104K)
[14334.398s][info][gc,metaspace   ] GC(33151) Metaspace: 62232K(62528K)->62232K(62528K) NonClass: 53199K(53440K)->53199K(53440K) Class: 9032K(9088K)->9032K(9088K)
[14334.398s][info][gc             ] GC(33151) Pause Young (Allocation Failure) 209M->130M(253M) 2.462ms
[14334.398s][info][gc,cpu         ] GC(33151) User=0.01s Sys=0.00s Real=0.01s
[14334.879s][info][gc,start       ] GC(33152) Pause Young (Allocation Failure)
[14334.882s][info][gc,heap        ] GC(33152) PSYoungGen: 83136K(84480K)->992K(84480K) Eden: 81920K(81920K)->0K(81920K) From: 1216K(2560K)->992K(2560K)
[14334.882s][info][gc,heap        ] GC(33152) ParOldGen: 132252K(175104K)->132300K(175104K)
[14334.882s][info][gc,metaspace   ] GC(33152) Metaspace: 62232K(62528K)->62232K(62528K) NonClass: 53199K(53440K)->53199K(53440K) Class: 9032K(9088K)->9032K(9088K)
[14334.882s][info][gc             ] GC(33152) Pause Young (Allocation Failure) 210M->130M(253M) 2.321ms
[14334.882s][info][gc,cpu         ] GC(33152) User=0.01s Sys=0.00s Real=0.00s
[14335.358s][info][gc,start       ] GC(33153) Pause Young (Allocation Failure)
[14335.361s][info][gc,heap        ] GC(33153) PSYoungGen: 82912K(84480K)->1760K(84480K) Eden: 81920K(81920K)->0K(81920K) From: 992K(2560K)->1760K(2560K)
[14335.361s][info][gc,heap        ] GC(33153) ParOldGen: 132300K(175104K)->133380K(175104K)
[14335.361s][info][gc,metaspace   ] GC(33153) Metaspace: 62232K(62528K)->62232K(62528K) NonClass: 53199K(53440K)->53199K(53440K) Class: 9032K(9088K)->9032K(9088K)
[14335.361s][info][gc             ] GC(33153) Pause Young (Allocation Failure) 210M->131M(253M) 2.393ms
[14335.361s][info][gc,cpu         ] GC(33153) User=0.00s Sys=0.00s Real=0.00s
[14335.848s][info][gc,start       ] GC(33154) Pause Young (Allocation Failure)
[14335.850s][info][gc,heap        ] GC(33154) PSYoungGen: 83680K(84480K)->640K(84480K) Eden: 81920K(81920K)->0K(81920K) From: 1760K(2560K)->640K(2560K)
[14335.850s][info][gc,heap        ] GC(33154) ParOldGen: 133380K(175104K)->135476K(175104K)
[14335.850s][info][gc,metaspace   ] GC(33154) Metaspace: 62232K(62528K)->62232K(62528K) NonClass: 53199K(53440K)->53199K(53440K) Class: 9032K(9088K)->9032K(9088K)
[14335.850s][info][gc             ] GC(33154) Pause Young (Allocation Failure) 211M->132M(253M) 2.265ms
[14335.850s][info][gc,cpu         ] GC(33154) User=0.00s Sys=0.00s Real=0.00s
[14336.335s][info][gc,start       ] GC(33155) Pause Young (Allocation Failure)
[14336.336s][info][gc,heap        ] GC(33155) PSYoungGen: 82560K(84480K)->416K(84480K) Eden: 81920K(81920K)->0K(81920K) From: 640K(2560K)->416K(2560K)
[14336.336s][info][gc,heap        ] GC(33155) ParOldGen: 135476K(175104K)->135524K(175104K)
[14336.336s][info][gc,metaspace   ] GC(33155) Metaspace: 62232K(62528K)->62232K(62528K) NonClass: 53199K(53440K)->53199K(53440K) Class: 9032K(9088K)->9032K(9088K)
[14336.336s][info][gc             ] GC(33155) Pause Young (Allocation Failure) 212M->132M(253M) 1.778ms
[14336.336s][info][gc,cpu         ] GC(33155) User=0.00s Sys=0.00s Real=0.01s
[14336.845s][info][gc,start       ] GC(33156) Pause Young (Allocation Failure)
[14336.847s][info][gc,heap        ] GC(33156) PSYoungGen: 82336K(84480K)->544K(84480K) Eden: 81920K(81920K)->0K(81920K) From: 416K(2560K)->544K(2560K)
[14336.847s][info][gc,heap        ] GC(33156) ParOldGen: 135524K(175104K)->135572K(175104K)
[14336.847s][info][gc,metaspace   ] GC(33156) Metaspace: 62232K(62528K)->62232K(62528K) NonClass: 53199K(53440K)->53199K(53440K) Class: 9032K(9088K)->9032K(9088K)
[14336.847s][info][gc             ] GC(33156) Pause Young (Allocation Failure) 212M->132M(253M) 1.938ms
[14336.847s][info][gc,cpu         ] GC(33156) User=0.01s Sys=0.00s Real=0.01s
[14337.350s][info][gc,start       ] GC(33157) Pause Young (Allocation Failure)
[14337.351s][info][gc,heap        ] GC(33157) PSYoungGen: 82464K(84480K)->576K(84480K) Eden: 81920K(81920K)->0K(81920K) From: 544K(2560K)->576K(2560K)
[14337.351s][info][gc,heap        ] GC(33157) ParOldGen: 135572K(175104K)->135620K(175104K)
[14337.351s][info][gc,metaspace   ] GC(33157) Metaspace: 62232K(62528K)->62232K(62528K) NonClass: 53199K(53440K)->53199K(53440K) Class: 9032K(9088K)->9032K(9088K)
[14337.351s][info][gc             ] GC(33157) Pause Young (Allocation Failure) 212M->133M(253M) 1.881ms
[14337.351s][info][gc,cpu         ] GC(33157) User=0.01s Sys=0.00s Real=0.00s
[14337.890s][info][gc,start       ] GC(33158) Pause Young (Allocation Failure)
[14337.892s][info][gc,heap        ] GC(33158) PSYoungGen: 82496K(84480K)->1136K(84480K) Eden: 81920K(81920K)->0K(81920K) From: 576K(2560K)->1136K(2560K)
[14337.892s][info][gc,heap        ] GC(33158) ParOldGen: 135620K(175104K)->135668K(175104K)
[14337.892s][info][gc,metaspace   ] GC(33158) Metaspace: 62232K(62528K)->62232K(62528K) NonClass: 53199K(53440K)->53199K(53440K) Class: 9032K(9088K)->9032K(9088K)
[14337.892s][info][gc             ] GC(33158) Pause Young (Allocation Failure) 213M->133M(253M) 2.387ms
[14337.892s][info][gc,cpu         ] GC(33158) User=0.01s Sys=0.00s Real=0.00s
[14338.410s][info][gc,start       ] GC(33159) Pause Young (Allocation Failure)
[14338.412s][info][gc,heap        ] GC(33159) PSYoungGen: 83056K(84480K)->1376K(84480K) Eden: 81920K(81920K)->0K(81920K) From: 1136K(2560K)->1376K(2560K)
[14338.412s][info][gc,heap        ] GC(33159) ParOldGen: 135668K(175104K)->135772K(175104K)
[14338.412s][info][gc,metaspace   ] GC(33159) Metaspace: 62232K(62528K)->62232K(62528K) NonClass: 53199K(53440K)->53199K(53440K) Class: 9032K(9088K)->9032K(9088K)
[14338.412s][info][gc             ] GC(33159) Pause Young (Allocation Failure) 213M->133M(253M) 2.707ms
[14338.413s][info][gc,cpu         ] GC(33159) User=0.01s Sys=0.00s Real=0.00s
[14338.927s][info][gc,start       ] GC(33160) Pause Young (Allocation Failure)
[14338.929s][info][gc,heap        ] GC(33160) PSYoungGen: 83296K(84480K)->352K(84480K) Eden: 81920K(81920K)->0K(81920K) From: 1376K(2560K)->352K(2560K)
[14338.929s][info][gc,heap        ] GC(33160) ParOldGen: 135772K(175104K)->135820K(175104K)
[14338.929s][info][gc,metaspace   ] GC(33160) Metaspace: 62232K(62528K)->62232K(62528K) NonClass: 53199K(53440K)->53199K(53440K) Class: 9032K(9088K)->9032K(9088K)
[14338.929s][info][gc             ] GC(33160) Pause Young (Allocation Failure) 213M->132M(253M) 1.669ms
[14338.929s][info][gc,cpu         ] GC(33160) User=0.01s Sys=0.00s Real=0.00s
[14339.433s][info][gc,start       ] GC(33161) Pause Young (Allocation Failure)
[14339.435s][info][gc,heap        ] GC(33161) PSYoungGen: 82272K(84480K)->416K(84480K) Eden: 81920K(81920K)->0K(81920K) From: 352K(2560K)->416K(2560K)
[14339.435s][info][gc,heap        ] GC(33161) ParOldGen: 135820K(175104K)->135868K(175104K)
[14339.435s][info][gc,metaspace   ] GC(33161) Metaspace: 62232K(62528K)->62232K(62528K) NonClass: 53199K(53440K)->53199K(53440K) Class: 9032K(9088K)->9032K(9088K)
[14339.435s][info][gc             ] GC(33161) Pause Young (Allocation Failure) 212M->133M(253M) 1.994ms
[14339.435s][info][gc,cpu         ] GC(33161) User=0.00s Sys=0.00s Real=0.00s
[14339.944s][info][gc,start       ] GC(33162) Pause Young (Allocation Failure)
[14339.946s][info][gc,heap        ] GC(33162) PSYoungGen: 82336K(84480K)->544K(84480K) Eden: 81920K(81920K)->0K(81920K) From: 416K(2560K)->544K(2560K)
[14339.946s][info][gc,heap        ] GC(33162) ParOldGen: 135868K(175104K)->135916K(175104K)
[14339.946s][info][gc,metaspace   ] GC(33162) Metaspace: 62232K(62528K)->62232K(62528K) NonClass: 53199K(53440K)->53199K(53440K) Class: 9032K(9088K)->9032K(9088K)
[14339.946s][info][gc             ] GC(33162) Pause Young (Allocation Failure) 213M->133M(253M) 1.951ms
[14339.946s][info][gc,cpu         ] GC(33162) User=0.00s Sys=0.00s Real=0.00s
[14340.430s][info][gc,start       ] GC(33163) Pause Young (Allocation Failure)
[14340.432s][info][gc,heap        ] GC(33163) PSYoungGen: 82464K(84480K)->352K(84992K) Eden: 81920K(81920K)->0K(82432K) From: 544K(2560K)->352K(2560K)
[14340.432s][info][gc,heap        ] GC(33163) ParOldGen: 135916K(175104K)->135972K(175104K)
[14340.432s][info][gc,metaspace   ] GC(33163) Metaspace: 62232K(62528K)->62232K(62528K) NonClass: 53199K(53440K)->53199K(53440K) Class: 9032K(9088K)->9032K(9088K)
[14340.432s][info][gc             ] GC(33163) Pause Young (Allocation Failure) 213M->133M(254M) 1.634ms
[14340.432s][info][gc,cpu         ] GC(33163) User=0.00s Sys=0.00s Real=0.00s
[14340.916s][info][gc,start       ] GC(33164) Pause Young (Allocation Failure)
[14340.919s][info][gc,heap        ] GC(33164) PSYoungGen: 82784K(84992K)->1504K(84480K) Eden: 82432K(82432K)->0K(82432K) From: 352K(2560K)->1504K(2048K)
[14340.919s][info][gc,heap        ] GC(33164) ParOldGen: 135972K(175104K)->138076K(175104K)
[14340.919s][info][gc,metaspace   ] GC(33164) Metaspace: 62232K(62528K)->62232K(62528K) NonClass: 53199K(53440K)->53199K(53440K) Class: 9032K(9088K)->9032K(9088K)
[14340.919s][info][gc             ] GC(33164) Pause Young (Allocation Failure) 213M->136M(253M) 3.263ms
[14340.919s][info][gc,cpu         ] GC(33164) User=0.01s Sys=0.00s Real=0.01s
[14341.451s][info][gc,start       ] GC(33165) Pause Young (Allocation Failure)
[14341.453s][info][gc,heap        ] GC(33165) PSYoungGen: 83936K(84480K)->608K(84480K) Eden: 82432K(82432K)->0K(81920K) From: 1504K(2048K)->608K(2560K)
[14341.453s][info][gc,heap        ] GC(33165) ParOldGen: 138076K(175104K)->138132K(175104K)
[14341.453s][info][gc,metaspace   ] GC(33165) Metaspace: 62232K(62528K)->62232K(62528K) NonClass: 53199K(53440K)->53199K(53440K) Class: 9032K(9088K)->9032K(9088K)
[14341.453s][info][gc             ] GC(33165) Pause Young (Allocation Failure) 216M->135M(253M) 1.851ms
[14341.453s][info][gc,cpu         ] GC(33165) User=0.00s Sys=0.00s Real=0.00s
[14341.984s][info][gc,start       ] GC(33166) Pause Young (Allocation Failure)
[14341.986s][info][gc,heap        ] GC(33166) PSYoungGen: 82528K(84480K)->960K(84480K) Eden: 81920K(81920K)->0K(81920K) From: 608K(2560K)->960K(2560K)
[14341.986s][info][gc,heap        ] GC(33166) ParOldGen: 138132K(175104K)->138180K(175104K)
[14341.986s][info][gc,metaspace   ] GC(33166) Metaspace: 62232K(62528K)->62232K(62528K) NonClass: 53199K(53440K)->53199K(53440K) Class: 9032K(9088K)->9032K(9088K)
[14341.986s][info][gc             ] GC(33166) Pause Young (Allocation Failure) 215M->135M(253M) 2.295ms
[14341.986s][info][gc,cpu         ] GC(33166) User=0.00s Sys=0.00s Real=0.00s
[14342.483s][info][gc,start       ] GC(33167) Pause Young (Allocation Failure)
[14342.485s][info][gc,heap        ] GC(33167) PSYoungGen: 82880K(84480K)->1120K(84992K) Eden: 81920K(81920K)->0K(82944K) From: 960K(2560K)->1120K(2048K)
[14342.485s][info][gc,heap        ] GC(33167) ParOldGen: 138180K(175104K)->138228K(175104K)
[14342.485s][info][gc,metaspace   ] GC(33167) Metaspace: 62232K(62528K)->62232K(62528K) NonClass: 53199K(53440K)->53199K(53440K) Class: 9032K(9088K)->9032K(9088K)
[14342.485s][info][gc             ] GC(33167) Pause Young (Allocation Failure) 215M->136M(254M) 2.413ms
[14342.485s][info][gc,cpu         ] GC(33167) User=0.01s Sys=0.00s Real=0.00s
[14342.943s][info][gc,start       ] GC(33168) Pause Young (Allocation Failure)
[14342.945s][info][gc,heap        ] GC(33168) PSYoungGen: 84064K(84992K)->512K(84992K) Eden: 82944K(82944K)->0K(82944K) From: 1120K(2048K)->512K(2048K)
[14342.945s][info][gc,heap        ] GC(33168) ParOldGen: 138228K(175104K)->138284K(175104K)
[14342.945s][info][gc,metaspace   ] GC(33168) Metaspace: 62232K(62528K)->62232K(62528K) NonClass: 53199K(53440K)->53199K(53440K) Class: 9032K(9088K)->9032K(9088K)
[14342.945s][info][gc             ] GC(33168) Pause Young (Allocation Failure) 217M->135M(254M) 1.910ms
[14342.945s][info][gc,cpu         ] GC(33168) User=0.01s Sys=0.00s Real=0.00s
[14343.410s][info][gc,start       ] GC(33169) Pause Young (Allocation Failure)
[14343.412s][info][gc,heap        ] GC(33169) PSYoungGen: 83456K(84992K)->1472K(83968K) Eden: 82944K(82944K)->0K(81920K) From: 512K(2048K)->1472K(2048K)
[14343.412s][info][gc,heap        ] GC(33169) ParOldGen: 138284K(175104K)->138340K(175104K)
[14343.412s][info][gc,metaspace   ] GC(33169) Metaspace: 62232K(62528K)->62232K(62528K) NonClass: 53199K(53440K)->53199K(53440K) Class: 9032K(9088K)->9032K(9088K)
[14343.412s][info][gc             ] GC(33169) Pause Young (Allocation Failure) 216M->136M(253M) 2.859ms
[14343.413s][info][gc,cpu         ] GC(33169) User=0.00s Sys=0.00s Real=0.00s
[14343.872s][info][gc,start       ] GC(33170) Pause Young (Allocation Failure)
[14343.874s][info][gc,heap        ] GC(33170) PSYoungGen: 83392K(83968K)->992K(84480K) Eden: 81920K(81920K)->0K(81920K) From: 1472K(2048K)->992K(2560K)
[14343.874s][info][gc,heap        ] GC(33170) ParOldGen: 138340K(175104K)->138396K(175104K)
[14343.874s][info][gc,metaspace   ] GC(33170) Metaspace: 62232K(62528K)->62232K(62528K) NonClass: 53199K(53440K)->53199K(53440K) Class: 9032K(9088K)->9032K(9088K)
[14343.874s][info][gc             ] GC(33170) Pause Young (Allocation Failure) 216M->136M(253M) 2.217ms
[14343.874s][info][gc,cpu         ] GC(33170) User=0.01s Sys=0.00s Real=0.00s
[14344.381s][info][gc,start       ] GC(33171) Pause Young (Allocation Failure)
[14344.383s][info][gc,heap        ] GC(33171) PSYoungGen: 82912K(84480K)->960K(84992K) Eden: 81920K(81920K)->0K(82944K) From: 992K(2560K)->960K(2048K)
[14344.383s][info][gc,heap        ] GC(33171) ParOldGen: 138396K(175104K)->138444K(175104K)
[14344.383s][info][gc,metaspace   ] GC(33171) Metaspace: 62232K(62528K)->62232K(62528K) NonClass: 53199K(53440K)->53199K(53440K) Class: 9032K(9088K)->9032K(9088K)
[14344.383s][info][gc             ] GC(33171) Pause Young (Allocation Failure) 216M->136M(254M) 2.209ms
[14344.383s][info][gc,cpu         ] GC(33171) User=0.00s Sys=0.00s Real=0.00s
[14344.921s][info][gc,start       ] GC(33172) Pause Young (Allocation Failure)
[14344.922s][info][gc,heap        ] GC(33172) PSYoungGen: 83904K(84992K)->224K(84992K) Eden: 82944K(82944K)->0K(82944K) From: 960K(2048K)->224K(2048K)
[14344.922s][info][gc,heap        ] GC(33172) ParOldGen: 138444K(175104K)->138492K(175104K)
[14344.923s][info][gc,metaspace   ] GC(33172) Metaspace: 62232K(62528K)->62232K(62528K) NonClass: 53199K(53440K)->53199K(53440K) Class: 9032K(9088K)->9032K(9088K)
[14344.923s][info][gc             ] GC(33172) Pause Young (Allocation Failure) 217M->135M(254M) 1.752ms
[14344.923s][info][gc,cpu         ] GC(33172) User=0.00s Sys=0.00s Real=0.00s
[14345.460s][info][gc,start       ] GC(33173) Pause Young (Allocation Failure)
[14345.462s][info][gc,heap        ] GC(33173) PSYoungGen: 83168K(84992K)->704K(84992K) Eden: 82944K(82944K)->0K(82944K) From: 224K(2048K)->704K(2048K)
[14345.462s][info][gc,heap        ] GC(33173) ParOldGen: 138492K(175104K)->138540K(175104K)
[14345.462s][info][gc,metaspace   ] GC(33173) Metaspace: 62232K(62528K)->62232K(62528K) NonClass: 53199K(53440K)->53199K(53440K) Class: 9032K(9088K)->9032K(9088K)
[14345.462s][info][gc             ] GC(33173) Pause Young (Allocation Failure) 216M->135M(254M) 2.110ms
[14345.462s][info][gc,cpu         ] GC(33173) User=0.01s Sys=0.00s Real=0.00s
[14345.998s][info][gc,start       ] GC(33174) Pause Young (Allocation Failure)
[14346.001s][info][gc,heap        ] GC(33174) PSYoungGen: 83648K(84992K)->2016K(84992K) Eden: 82944K(82944K)->0K(82944K) From: 704K(2048K)->2016K(2048K)
[14346.001s][info][gc,heap        ] GC(33174) ParOldGen: 138540K(175104K)->139740K(175104K)
[14346.001s][info][gc,metaspace   ] GC(33174) Metaspace: 62232K(62528K)->62232K(62528K) NonClass: 53199K(53440K)->53199K(53440K) Class: 9032K(9088K)->9032K(9088K)
[14346.001s][info][gc             ] GC(33174) Pause Young (Allocation Failure) 216M->138M(254M) 2.844ms
[14346.001s][info][gc,cpu         ] GC(33174) User=0.00s Sys=0.00s Real=0.00s
[14346.562s][info][gc,start       ] GC(33175) Pause Young (Allocation Failure)
[14346.565s][info][gc,heap        ] GC(33175) PSYoungGen: 84960K(84992K)->768K(83968K) Eden: 82944K(82944K)->0K(81920K) From: 2016K(2048K)->768K(2048K)
[14346.565s][info][gc,heap        ] GC(33175) ParOldGen: 139740K(175104K)->141820K(175104K)
[14346.565s][info][gc,metaspace   ] GC(33175) Metaspace: 62232K(62528K)->62232K(62528K) NonClass: 53199K(53440K)->53199K(53440K) Class: 9032K(9088K)->9032K(9088K)
[14346.565s][info][gc             ] GC(33175) Pause Young (Allocation Failure) 219M->139M(253M) 2.405ms
[14346.565s][info][gc,cpu         ] GC(33175) User=0.00s Sys=0.00s Real=0.00s
[14347.064s][info][gc,start       ] GC(33176) Pause Young (Allocation Failure)
[14347.066s][info][gc,heap        ] GC(33176) PSYoungGen: 82688K(83968K)->896K(84480K) Eden: 81920K(81920K)->0K(81920K) From: 768K(2048K)->896K(2560K)
[14347.066s][info][gc,heap        ] GC(33176) ParOldGen: 141820K(175104K)->141924K(175104K)
[14347.066s][info][gc,metaspace   ] GC(33176) Metaspace: 62232K(62528K)->62232K(62528K) NonClass: 53199K(53440K)->53199K(53440K) Class: 9032K(9088K)->9032K(9088K)
[14347.066s][info][gc             ] GC(33176) Pause Young (Allocation Failure) 219M->139M(253M) 2.258ms
[14347.066s][info][gc,cpu         ] GC(33176) User=0.00s Sys=0.00s Real=0.00s
[14347.589s][info][gc,start       ] GC(33177) Pause Young (Allocation Failure)
[14347.591s][info][gc,heap        ] GC(33177) PSYoungGen: 82816K(84480K)->1024K(84480K) Eden: 81920K(81920K)->0K(81920K) From: 896K(2560K)->1024K(2560K)
[14347.591s][info][gc,heap        ] GC(33177) ParOldGen: 141924K(175104K)->141972K(175104K)
[14347.591s][info][gc,metaspace   ] GC(33177) Metaspace: 62232K(62528K)->62232K(62528K) NonClass: 53199K(53440K)->53199K(53440K) Class: 9032K(9088K)->9032K(9088K)
[14347.591s][info][gc             ] GC(33177) Pause Young (Allocation Failure) 219M->139M(253M) 2.487ms
[14347.591s][info][gc,cpu         ] GC(33177) User=0.01s Sys=0.00s Real=0.00s
[14348.108s][info][gc,start       ] GC(33178) Pause Young (Allocation Failure)
[14348.110s][info][gc,heap        ] GC(33178) PSYoungGen: 82944K(84480K)->1216K(84480K) Eden: 81920K(81920K)->0K(81920K) From: 1024K(2560K)->1216K(2560K)
[14348.110s][info][gc,heap        ] GC(33178) ParOldGen: 141972K(175104K)->142020K(175104K)
[14348.110s][info][gc,metaspace   ] GC(33178) Metaspace: 62232K(62528K)->62232K(62528K) NonClass: 53199K(53440K)->53199K(53440K) Class: 9032K(9088K)->9032K(9088K)
[14348.110s][info][gc             ] GC(33178) Pause Young (Allocation Failure) 219M->139M(253M) 2.437ms
[14348.110s][info][gc,cpu         ] GC(33178) User=0.00s Sys=0.01s Real=0.00s
[14348.626s][info][gc,start       ] GC(33179) Pause Young (Allocation Failure)
[14348.627s][info][gc,heap        ] GC(33179) PSYoungGen: 83136K(84480K)->320K(84480K) Eden: 81920K(81920K)->0K(81920K) From: 1216K(2560K)->320K(2560K)
[14348.627s][info][gc,heap        ] GC(33179) ParOldGen: 142020K(175104K)->142068K(175104K)
[14348.627s][info][gc,metaspace   ] GC(33179) Metaspace: 62232K(62528K)->62232K(62528K) NonClass: 53199K(53440K)->53199K(53440K) Class: 9032K(9088K)->9032K(9088K)
[14348.627s][info][gc             ] GC(33179) Pause Young (Allocation Failure) 219M->139M(253M) 1.631ms
[14348.627s][info][gc,cpu         ] GC(33179) User=0.01s Sys=0.00s Real=0.01s
[14349.102s][info][gc,start       ] GC(33180) Pause Young (Allocation Failure)
[14349.105s][info][gc,heap        ] GC(33180) PSYoungGen: 82240K(84480K)->1344K(84480K) Eden: 81920K(81920K)->0K(81920K) From: 320K(2560K)->1344K(2560K)
[14349.105s][info][gc,heap        ] GC(33180) ParOldGen: 142068K(175104K)->142116K(175104K)
[14349.105s][info][gc,metaspace   ] GC(33180) Metaspace: 62232K(62528K)->62232K(62528K) NonClass: 53199K(53440K)->53199K(53440K) Class: 9032K(9088K)->9032K(9088K)
[14349.105s][info][gc             ] GC(33180) Pause Young (Allocation Failure) 219M->140M(253M) 2.699ms
[14349.105s][info][gc,cpu         ] GC(33180) User=0.00s Sys=0.00s Real=0.00s
[14349.597s][info][gc,start       ] GC(33181) Pause Young (Allocation Failure)
[14349.600s][info][gc,heap        ] GC(33181) PSYoungGen: 83264K(84480K)->1280K(84480K) Eden: 81920K(81920K)->0K(81920K) From: 1344K(2560K)->1280K(2560K)
[14349.600s][info][gc,heap        ] GC(33181) ParOldGen: 142116K(175104K)->142172K(175104K)
[14349.600s][info][gc,metaspace   ] GC(33181) Metaspace: 62232K(62528K)->62232K(62528K) NonClass: 53199K(53440K)->53199K(53440K) Class: 9032K(9088K)->9032K(9088K)
[14349.600s][info][gc             ] GC(33181) Pause Young (Allocation Failure) 220M->140M(253M) 2.654ms
[14349.600s][info][gc,cpu         ] GC(33181) User=0.00s Sys=0.00s Real=0.00s
[14350.091s][info][gc,start       ] GC(33182) Pause Young (Allocation Failure)
[14350.093s][info][gc,heap        ] GC(33182) PSYoungGen: 83200K(84480K)->1184K(84480K) Eden: 81920K(81920K)->0K(81920K) From: 1280K(2560K)->1184K(2560K)
[14350.093s][info][gc,heap        ] GC(33182) ParOldGen: 142172K(175104K)->142220K(175104K)
[14350.093s][info][gc,metaspace   ] GC(33182) Metaspace: 62232K(62528K)->62232K(62528K) NonClass: 53199K(53440K)->53199K(53440K) Class: 9032K(9088K)->9032K(9088K)
[14350.093s][info][gc             ] GC(33182) Pause Young (Allocation Failure) 220M->140M(253M) 2.392ms
[14350.093s][info][gc,cpu         ] GC(33182) User=0.01s Sys=0.01s Real=0.00s
[14350.596s][info][gc,start       ] GC(33183) Pause Young (Allocation Failure)
[14350.598s][info][gc,heap        ] GC(33183) PSYoungGen: 83104K(84480K)->1184K(84480K) Eden: 81920K(81920K)->0K(81920K) From: 1184K(2560K)->1184K(2560K)
[14350.598s][info][gc,heap        ] GC(33183) ParOldGen: 142220K(175104K)->142260K(175104K)
[14350.598s][info][gc,metaspace   ] GC(33183) Metaspace: 62232K(62528K)->62232K(62528K) NonClass: 53199K(53440K)->53199K(53440K) Class: 9032K(9088K)->9032K(9088K)
[14350.598s][info][gc             ] GC(33183) Pause Young (Allocation Failure) 220M->140M(253M) 2.445ms
[14350.598s][info][gc,cpu         ] GC(33183) User=0.01s Sys=0.00s Real=0.01s
[14351.096s][info][gc,start       ] GC(33184) Pause Young (Allocation Failure)
[14351.099s][info][gc,heap        ] GC(33184) PSYoungGen: 83104K(84480K)->2272K(84480K) Eden: 81920K(81920K)->0K(81920K) From: 1184K(2560K)->2272K(2560K)
[14351.099s][info][gc,heap        ] GC(33184) ParOldGen: 142260K(175104K)->143332K(175104K)
[14351.099s][info][gc,metaspace   ] GC(33184) Metaspace: 62232K(62528K)->62232K(62528K) NonClass: 53199K(53440K)->53199K(53440K) Class: 9032K(9088K)->9032K(9088K)
[14351.099s][info][gc             ] GC(33184) Pause Young (Allocation Failure) 220M->142M(253M) 2.881ms
[14351.099s][info][gc,cpu         ] GC(33184) User=0.01s Sys=0.00s Real=0.00s
[14351.632s][info][gc,start       ] GC(33185) Pause Young (Allocation Failure)
[14351.634s][info][gc,heap        ] GC(33185) PSYoungGen: 84192K(84480K)->352K(84480K) Eden: 81920K(81920K)->0K(81920K) From: 2272K(2560K)->352K(2560K)
[14351.634s][info][gc,heap        ] GC(33185) ParOldGen: 143332K(175104K)->145436K(175104K)
[14351.634s][info][gc,metaspace   ] GC(33185) Metaspace: 62232K(62528K)->62232K(62528K) NonClass: 53199K(53440K)->53199K(53440K) Class: 9032K(9088K)->9032K(9088K)
[14351.634s][info][gc             ] GC(33185) Pause Young (Allocation Failure) 222M->142M(253M) 2.053ms
[14351.634s][info][gc,cpu         ] GC(33185) User=0.01s Sys=0.00s Real=0.00s
[14352.126s][info][gc,start       ] GC(33186) Pause Young (Allocation Failure)
[14352.128s][info][gc,heap        ] GC(33186) PSYoungGen: 82272K(84480K)->288K(84480K) Eden: 81920K(81920K)->0K(81920K) From: 352K(2560K)->288K(2560K)
[14352.128s][info][gc,heap        ] GC(33186) ParOldGen: 145436K(175104K)->145492K(175104K)
[14352.128s][info][gc,metaspace   ] GC(33186) Metaspace: 62232K(62528K)->62232K(62528K) NonClass: 53199K(53440K)->53199K(53440K) Class: 9032K(9088K)->9032K(9088K)
[14352.128s][info][gc             ] GC(33186) Pause Young (Allocation Failure) 222M->142M(253M) 1.738ms
[14352.128s][info][gc,cpu         ] GC(33186) User=0.01s Sys=0.00s Real=0.01s
[14352.614s][info][gc,start       ] GC(33187) Pause Young (Allocation Failure)
[14352.617s][info][gc,heap        ] GC(33187) PSYoungGen: 82208K(84480K)->1440K(84480K) Eden: 81920K(81920K)->0K(81920K) From: 288K(2560K)->1440K(2560K)
[14352.617s][info][gc,heap        ] GC(33187) ParOldGen: 145492K(175104K)->145548K(175104K)
[14352.617s][info][gc,metaspace   ] GC(33187) Metaspace: 62232K(62528K)->62232K(62528K) NonClass: 53199K(53440K)->53199K(53440K) Class: 9032K(9088K)->9032K(9088K)
[14352.617s][info][gc             ] GC(33187) Pause Young (Allocation Failure) 222M->143M(253M) 2.765ms
[14352.617s][info][gc,cpu         ] GC(33187) User=0.00s Sys=0.00s Real=0.01s
[14353.134s][info][gc,start       ] GC(33188) Pause Young (Allocation Failure)
[14353.136s][info][gc,heap        ] GC(33188) PSYoungGen: 83360K(84480K)->384K(84480K) Eden: 81920K(81920K)->0K(81920K) From: 1440K(2560K)->384K(2560K)
[14353.136s][info][gc,heap        ] GC(33188) ParOldGen: 145548K(175104K)->145596K(175104K)
[14353.136s][info][gc,metaspace   ] GC(33188) Metaspace: 62232K(62528K)->62232K(62528K) NonClass: 53199K(53440K)->53199K(53440K) Class: 9032K(9088K)->9032K(9088K)
[14353.136s][info][gc             ] GC(33188) Pause Young (Allocation Failure) 223M->142M(253M) 1.967ms
[14353.136s][info][gc,cpu         ] GC(33188) User=0.00s Sys=0.00s Real=0.01s
[14353.631s][info][gc,start       ] GC(33189) Pause Young (Allocation Failure)
[14353.633s][info][gc,heap        ] GC(33189) PSYoungGen: 82304K(84480K)->352K(84480K) Eden: 81920K(81920K)->0K(81920K) From: 384K(2560K)->352K(2560K)
[14353.633s][info][gc,heap        ] GC(33189) ParOldGen: 145596K(175104K)->145644K(175104K)
[14353.633s][info][gc,metaspace   ] GC(33189) Metaspace: 62232K(62528K)->62232K(62528K) NonClass: 53199K(53440K)->53199K(53440K) Class: 9032K(9088K)->9032K(9088K)
[14353.633s][info][gc             ] GC(33189) Pause Young (Allocation Failure) 222M->142M(253M) 1.818ms
[14353.633s][info][gc,cpu         ] GC(33189) User=0.00s Sys=0.00s Real=0.00s
[14354.079s][info][gc,start       ] GC(33190) Pause Young (Allocation Failure)
[14354.081s][info][gc,heap        ] GC(33190) PSYoungGen: 82272K(84480K)->1056K(84480K) Eden: 81920K(81920K)->0K(81920K) From: 352K(2560K)->1056K(2560K)
[14354.081s][info][gc,heap        ] GC(33190) ParOldGen: 145644K(175104K)->145700K(175104K)
[14354.081s][info][gc,metaspace   ] GC(33190) Metaspace: 62232K(62528K)->62232K(62528K) NonClass: 53199K(53440K)->53199K(53440K) Class: 9032K(9088K)->9032K(9088K)
[14354.081s][info][gc             ] GC(33190) Pause Young (Allocation Failure) 222M->143M(253M) 2.279ms
[14354.081s][info][gc,cpu         ] GC(33190) User=0.01s Sys=0.00s Real=0.00s
[14354.551s][info][gc,start       ] GC(33191) Pause Young (Allocation Failure)
[14354.553s][info][gc,heap        ] GC(33191) PSYoungGen: 82976K(84480K)->736K(84480K) Eden: 81920K(81920K)->0K(81920K) From: 1056K(2560K)->736K(2560K)
[14354.553s][info][gc,heap        ] GC(33191) ParOldGen: 145700K(175104K)->145756K(175104K)
[14354.553s][info][gc,metaspace   ] GC(33191) Metaspace: 62232K(62528K)->62232K(62528K) NonClass: 53199K(53440K)->53199K(53440K) Class: 9032K(9088K)->9032K(9088K)
[14354.553s][info][gc             ] GC(33191) Pause Young (Allocation Failure) 223M->143M(253M) 1.894ms
[14354.553s][info][gc,cpu         ] GC(33191) User=0.01s Sys=0.00s Real=0.00s
[14354.978s][info][gc,start       ] GC(33192) Pause Young (Allocation Failure)
[14354.980s][info][gc,heap        ] GC(33192) PSYoungGen: 82656K(84480K)->1088K(84480K) Eden: 81920K(81920K)->0K(81920K) From: 736K(2560K)->1088K(2560K)
[14354.981s][info][gc,heap        ] GC(33192) ParOldGen: 145756K(175104K)->145860K(175104K)
[14354.981s][info][gc,metaspace   ] GC(33192) Metaspace: 62232K(62528K)->62232K(62528K) NonClass: 53199K(53440K)->53199K(53440K) Class: 9032K(9088K)->9032K(9088K)
[14354.981s][info][gc             ] GC(33192) Pause Young (Allocation Failure) 223M->143M(253M) 2.469ms
[14354.981s][info][gc,cpu         ] GC(33192) User=0.00s Sys=0.00s Real=0.00s
[14355.467s][info][gc,start       ] GC(33193) Pause Young (Allocation Failure)
[14355.469s][info][gc,heap        ] GC(33193) PSYoungGen: 83008K(84480K)->864K(84992K) Eden: 81920K(81920K)->0K(82432K) From: 1088K(2560K)->864K(2560K)
[14355.469s][info][gc,heap        ] GC(33193) ParOldGen: 145860K(175104K)->145908K(175104K)
[14355.469s][info][gc,metaspace   ] GC(33193) Metaspace: 62232K(62528K)->62232K(62528K) NonClass: 53199K(53440K)->53199K(53440K) Class: 9032K(9088K)->9032K(9088K)
[14355.469s][info][gc             ] GC(33193) Pause Young (Allocation Failure) 223M->143M(254M) 2.216ms
[14355.469s][info][gc,cpu         ] GC(33193) User=0.00s Sys=0.00s Real=0.00s
[14355.957s][info][gc,start       ] GC(33194) Pause Young (Allocation Failure)
[14355.959s][info][gc,heap        ] GC(33194) PSYoungGen: 83296K(84992K)->736K(84480K) Eden: 82432K(82432K)->0K(82432K) From: 864K(2560K)->736K(2048K)
[14355.959s][info][gc,heap        ] GC(33194) ParOldGen: 145908K(175104K)->145956K(175104K)
[14355.959s][info][gc,metaspace   ] GC(33194) Metaspace: 62232K(62528K)->62232K(62528K) NonClass: 53199K(53440K)->53199K(53440K) Class: 9032K(9088K)->9032K(9088K)
[14355.959s][info][gc             ] GC(33194) Pause Young (Allocation Failure) 223M->143M(253M) 2.110ms
[14355.959s][info][gc,cpu         ] GC(33194) User=0.00s Sys=0.00s Real=0.00s
[14356.455s][info][gc,start       ] GC(33195) Pause Young (Allocation Failure)
[14356.457s][info][gc,heap        ] GC(33195) PSYoungGen: 83168K(84480K)->1696K(83968K) Eden: 82432K(82432K)->0K(81920K) From: 736K(2048K)->1696K(2048K)
[14356.457s][info][gc,heap        ] GC(33195) ParOldGen: 145956K(175104K)->147028K(175104K)
[14356.457s][info][gc,metaspace   ] GC(33195) Metaspace: 62232K(62528K)->62232K(62528K) NonClass: 53199K(53440K)->53199K(53440K) Class: 9032K(9088K)->9032K(9088K)
[14356.457s][info][gc             ] GC(33195) Pause Young (Allocation Failure) 223M->145M(253M) 2.186ms
[14356.457s][info][gc,cpu         ] GC(33195) User=0.01s Sys=0.00s Real=0.01s
[14356.914s][info][gc,start       ] GC(33196) Pause Young (Allocation Failure)
[14356.917s][info][gc,heap        ] GC(33196) PSYoungGen: 83616K(83968K)->1504K(84480K) Eden: 81920K(81920K)->0K(81920K) From: 1696K(2048K)->1504K(2560K)
[14356.917s][info][gc,heap        ] GC(33196) ParOldGen: 147028K(175104K)->149132K(175104K)
[14356.917s][info][gc,metaspace   ] GC(33196) Metaspace: 62232K(62528K)->62232K(62528K) NonClass: 53199K(53440K)->53199K(53440K) Class: 9032K(9088K)->9032K(9088K)
[14356.917s][info][gc             ] GC(33196) Pause Young (Allocation Failure) 225M->147M(253M) 3.060ms
[14356.917s][info][gc,cpu         ] GC(33196) User=0.00s Sys=0.01s Real=0.01s
[14357.329s][info][gc,start       ] GC(33197) Pause Young (Allocation Failure)
[14357.331s][info][gc,heap        ] GC(33197) PSYoungGen: 83424K(84480K)->352K(84480K) Eden: 81920K(81920K)->0K(81920K) From: 1504K(2560K)->352K(2560K)
[14357.331s][info][gc,heap        ] GC(33197) ParOldGen: 149132K(175104K)->149180K(175104K)
[14357.331s][info][gc,metaspace   ] GC(33197) Metaspace: 62232K(62528K)->62232K(62528K) NonClass: 53199K(53440K)->53199K(53440K) Class: 9032K(9088K)->9032K(9088K)
[14357.331s][info][gc             ] GC(33197) Pause Young (Allocation Failure) 227M->146M(253M) 1.687ms
[14357.331s][info][gc,cpu         ] GC(33197) User=0.00s Sys=0.00s Real=0.00s
[14357.701s][info][gc,start       ] GC(33198) Pause Young (Allocation Failure)
[14357.703s][info][gc,heap        ] GC(33198) PSYoungGen: 82272K(84480K)->1632K(84480K) Eden: 81920K(81920K)->0K(81920K) From: 352K(2560K)->1632K(2560K)
[14357.704s][info][gc,heap        ] GC(33198) ParOldGen: 149180K(175104K)->149236K(175104K)
[14357.704s][info][gc,metaspace   ] GC(33198) Metaspace: 62232K(62528K)->62232K(62528K) NonClass: 53199K(53440K)->53199K(53440K) Class: 9032K(9088K)->9032K(9088K)
[14357.704s][info][gc             ] GC(33198) Pause Young (Allocation Failure) 226M->147M(253M) 2.930ms
[14357.704s][info][gc,cpu         ] GC(33198) User=0.01s Sys=0.00s Real=0.00s
[14358.125s][info][gc,start       ] GC(33199) Pause Young (Allocation Failure)
[14358.126s][info][gc,heap        ] GC(33199) PSYoungGen: 83552K(84480K)->288K(84480K) Eden: 81920K(81920K)->0K(81920K) From: 1632K(2560K)->288K(2560K)
[14358.126s][info][gc,heap        ] GC(33199) ParOldGen: 149236K(175104K)->149284K(175104K)
[14358.126s][info][gc,metaspace   ] GC(33199) Metaspace: 62232K(62528K)->62232K(62528K) NonClass: 53199K(53440K)->53199K(53440K) Class: 9032K(9088K)->9032K(9088K)
[14358.126s][info][gc             ] GC(33199) Pause Young (Allocation Failure) 227M->146M(253M) 1.597ms
[14358.126s][info][gc,cpu         ] GC(33199) User=0.00s Sys=0.00s Real=0.01s
[14358.586s][info][gc,start       ] GC(33200) Pause Young (Allocation Failure)
[14358.588s][info][gc,heap        ] GC(33200) PSYoungGen: 82208K(84480K)->1152K(84480K) Eden: 81920K(81920K)->0K(81920K) From: 288K(2560K)->1152K(2560K)
[14358.588s][info][gc,heap        ] GC(33200) ParOldGen: 149284K(175104K)->149332K(175104K)
[14358.588s][info][gc,metaspace   ] GC(33200) Metaspace: 62232K(62528K)->62232K(62528K) NonClass: 53199K(53440K)->53199K(53440K) Class: 9032K(9088K)->9032K(9088K)
[14358.588s][info][gc             ] GC(33200) Pause Young (Allocation Failure) 226M->146M(253M) 2.357ms
[14358.588s][info][gc,cpu         ] GC(33200) User=0.01s Sys=0.00s Real=0.01s
[14359.017s][info][gc,start       ] GC(33201) Pause Young (Allocation Failure)
[14359.019s][info][gc,heap        ] GC(33201) PSYoungGen: 83072K(84480K)->192K(84480K) Eden: 81920K(81920K)->0K(81920K) From: 1152K(2560K)->192K(2560K)
[14359.019s][info][gc,heap        ] GC(33201) ParOldGen: 149332K(175104K)->149380K(175104K)
[14359.019s][info][gc,metaspace   ] GC(33201) Metaspace: 62232K(62528K)->62232K(62528K) NonClass: 53199K(53440K)->53199K(53440K) Class: 9032K(9088K)->9032K(9088K)
[14359.019s][info][gc             ] GC(33201) Pause Young (Allocation Failure) 226M->146M(253M) 1.543ms
[14359.019s][info][gc,cpu         ] GC(33201) User=0.00s Sys=0.00s Real=0.00s
[14359.484s][info][gc,start       ] GC(33202) Pause Young (Allocation Failure)
[14359.486s][info][gc,heap        ] GC(33202) PSYoungGen: 82112K(84480K)->1184K(84480K) Eden: 81920K(81920K)->0K(81920K) From: 192K(2560K)->1184K(2560K)
[14359.486s][info][gc,heap        ] GC(33202) ParOldGen: 149380K(175104K)->149436K(175104K)
[14359.486s][info][gc,metaspace   ] GC(33202) Metaspace: 62232K(62528K)->62232K(62528K) NonClass: 53199K(53440K)->53199K(53440K) Class: 9032K(9088K)->9032K(9088K)
[14359.486s][info][gc             ] GC(33202) Pause Young (Allocation Failure) 226M->147M(253M) 2.392ms
[14359.486s][info][gc,cpu         ] GC(33202) User=0.00s Sys=0.00s Real=0.00s
[14359.914s][info][gc,start       ] GC(33203) Pause Young (Allocation Failure)
[14359.917s][info][gc,heap        ] GC(33203) PSYoungGen: 83104K(84480K)->1632K(84480K) Eden: 81920K(81920K)->0K(81920K) From: 1184K(2560K)->1632K(2560K)
[14359.917s][info][gc,heap        ] GC(33203) ParOldGen: 149436K(175104K)->149492K(175104K)
[14359.917s][info][gc,metaspace   ] GC(33203) Metaspace: 62232K(62528K)->62232K(62528K) NonClass: 53199K(53440K)->53199K(53440K) Class: 9032K(9088K)->9032K(9088K)
[14359.917s][info][gc             ] GC(33203) Pause Young (Allocation Failure) 227M->147M(253M) 2.947ms
[14359.917s][info][gc,cpu         ] GC(33203) User=0.00s Sys=0.00s Real=0.01s
[14360.390s][info][gc,start       ] GC(33204) Pause Young (Allocation Failure)
[14360.392s][info][gc,heap        ] GC(33204) PSYoungGen: 83552K(84480K)->1152K(84480K) Eden: 81920K(81920K)->0K(81920K) From: 1632K(2560K)->1152K(2560K)
[14360.392s][info][gc,heap        ] GC(33204) ParOldGen: 149492K(175104K)->149548K(175104K)
[14360.392s][info][gc,metaspace   ] GC(33204) Metaspace: 62232K(62528K)->62232K(62528K) NonClass: 53199K(53440K)->53199K(53440K) Class: 9032K(9088K)->9032K(9088K)
[14360.392s][info][gc             ] GC(33204) Pause Young (Allocation Failure) 227M->147M(253M) 2.442ms
[14360.392s][info][gc,cpu         ] GC(33204) User=0.00s Sys=0.00s Real=0.00s
[14360.866s][info][gc,start       ] GC(33205) Pause Young (Allocation Failure)
[14360.868s][info][gc,heap        ] GC(33205) PSYoungGen: 83072K(84480K)->1920K(84480K) Eden: 81920K(81920K)->0K(81920K) From: 1152K(2560K)->1920K(2560K)
[14360.868s][info][gc,heap        ] GC(33205) ParOldGen: 149548K(175104K)->150620K(175104K)
[14360.868s][info][gc,metaspace   ] GC(33205) Metaspace: 62232K(62528K)->62232K(62528K) NonClass: 53199K(53440K)->53199K(53440K) Class: 9032K(9088K)->9032K(9088K)
[14360.868s][info][gc             ] GC(33205) Pause Young (Allocation Failure) 227M->148M(253M) 2.523ms
[14360.869s][info][gc,cpu         ] GC(33205) User=0.01s Sys=0.00s Real=0.01s
[14361.336s][info][gc,start       ] GC(33206) Pause Young (Allocation Failure)
[14361.338s][info][gc,heap        ] GC(33206) PSYoungGen: 83840K(84480K)->448K(84480K) Eden: 81920K(81920K)->0K(81920K) From: 1920K(2560K)->448K(2560K)
[14361.338s][info][gc,heap        ] GC(33206) ParOldGen: 150620K(175104K)->152716K(175104K)
[14361.338s][info][gc,metaspace   ] GC(33206) Metaspace: 62232K(62528K)->62232K(62528K) NonClass: 53199K(53440K)->53199K(53440K) Class: 9032K(9088K)->9032K(9088K)
[14361.338s][info][gc             ] GC(33206) Pause Young (Allocation Failure) 228M->149M(253M) 2.149ms
[14361.338s][info][gc,cpu         ] GC(33206) User=0.01s Sys=0.00s Real=0.01s
[14361.768s][info][gc,start       ] GC(33207) Pause Young (Allocation Failure)
[14361.770s][info][gc,heap        ] GC(33207) PSYoungGen: 82368K(84480K)->896K(84480K) Eden: 81920K(81920K)->0K(81920K) From: 448K(2560K)->896K(2560K)
[14361.770s][info][gc,heap        ] GC(33207) ParOldGen: 152716K(175104K)->152772K(175104K)
[14361.770s][info][gc,metaspace   ] GC(33207) Metaspace: 62232K(62528K)->62232K(62528K) NonClass: 53199K(53440K)->53199K(53440K) Class: 9032K(9088K)->9032K(9088K)
[14361.770s][info][gc             ] GC(33207) Pause Young (Allocation Failure) 229M->150M(253M) 2.240ms
[14361.770s][info][gc,cpu         ] GC(33207) User=0.01s Sys=0.00s Real=0.00s
[14362.279s][info][gc,start       ] GC(33208) Pause Young (Allocation Failure)
[14362.282s][info][gc,heap        ] GC(33208) PSYoungGen: 82816K(84480K)->1152K(84480K) Eden: 81920K(81920K)->0K(81920K) From: 896K(2560K)->1152K(2560K)
[14362.282s][info][gc,heap        ] GC(33208) ParOldGen: 152772K(175104K)->152820K(175104K)
[14362.282s][info][gc,metaspace   ] GC(33208) Metaspace: 62232K(62528K)->62232K(62528K) NonClass: 53199K(53440K)->53199K(53440K) Class: 9032K(9088K)->9032K(9088K)
[14362.282s][info][gc             ] GC(33208) Pause Young (Allocation Failure) 230M->150M(253M) 2.423ms
[14362.282s][info][gc,cpu         ] GC(33208) User=0.01s Sys=0.00s Real=0.00s
[14362.726s][info][gc,start       ] GC(33209) Pause Young (Allocation Failure)
[14362.728s][info][gc,heap        ] GC(33209) PSYoungGen: 83072K(84480K)->288K(84480K) Eden: 81920K(81920K)->0K(81920K) From: 1152K(2560K)->288K(2560K)
[14362.728s][info][gc,heap        ] GC(33209) ParOldGen: 152820K(175104K)->152925K(175104K)
[14362.728s][info][gc,metaspace   ] GC(33209) Metaspace: 62232K(62528K)->62232K(62528K) NonClass: 53199K(53440K)->53199K(53440K) Class: 9032K(9088K)->9032K(9088K)
[14362.728s][info][gc             ] GC(33209) Pause Young (Allocation Failure) 230M->149M(253M) 1.778ms
[14362.728s][info][gc,cpu         ] GC(33209) User=0.00s Sys=0.00s Real=0.01s
[14363.193s][info][gc,start       ] GC(33210) Pause Young (Allocation Failure)
[14363.195s][info][gc,heap        ] GC(33210) PSYoungGen: 82208K(84480K)->1184K(84480K) Eden: 81920K(81920K)->0K(81920K) From: 288K(2560K)->1184K(2560K)
[14363.195s][info][gc,heap        ] GC(33210) ParOldGen: 152925K(175104K)->152973K(175104K)
[14363.195s][info][gc,metaspace   ] GC(33210) Metaspace: 62232K(62528K)->62232K(62528K) NonClass: 53199K(53440K)->53199K(53440K) Class: 9032K(9088K)->9032K(9088K)
[14363.195s][info][gc             ] GC(33210) Pause Young (Allocation Failure) 229M->150M(253M) 2.540ms
[14363.195s][info][gc,cpu         ] GC(33210) User=0.01s Sys=0.00s Real=0.00s
[14363.649s][info][gc,start       ] GC(33211) Pause Young (Allocation Failure)
[14363.651s][info][gc,heap        ] GC(33211) PSYoungGen: 83104K(84480K)->672K(84480K) Eden: 81920K(81920K)->0K(81920K) From: 1184K(2560K)->672K(2560K)
[14363.651s][info][gc,heap        ] GC(33211) ParOldGen: 152973K(175104K)->153021K(175104K)
[14363.651s][info][gc,metaspace   ] GC(33211) Metaspace: 62232K(62528K)->62232K(62528K) NonClass: 53199K(53440K)->53199K(53440K) Class: 9032K(9088K)->9032K(9088K)
[14363.651s][info][gc             ] GC(33211) Pause Young (Allocation Failure) 230M->150M(253M) 2.113ms
[14363.651s][info][gc,cpu         ] GC(33211) User=0.01s Sys=0.00s Real=0.00s
[14364.089s][info][gc,start       ] GC(33212) Pause Young (Allocation Failure)
[14364.092s][info][gc,heap        ] GC(33212) PSYoungGen: 82592K(84480K)->1216K(84480K) Eden: 81920K(81920K)->0K(81920K) From: 672K(2560K)->1216K(2560K)
[14364.092s][info][gc,heap        ] GC(33212) ParOldGen: 153021K(175104K)->153069K(175104K)
[14364.092s][info][gc,metaspace   ] GC(33212) Metaspace: 62232K(62528K)->62232K(62528K) NonClass: 53199K(53440K)->53199K(53440K) Class: 9032K(9088K)->9032K(9088K)
[14364.092s][info][gc             ] GC(33212) Pause Young (Allocation Failure) 230M->150M(253M) 2.532ms
[14364.092s][info][gc,cpu         ] GC(33212) User=0.00s Sys=0.00s Real=0.00s
[14364.523s][info][gc,start       ] GC(33213) Pause Young (Allocation Failure)
[14364.525s][info][gc,heap        ] GC(33213) PSYoungGen: 83136K(84480K)->288K(84480K) Eden: 81920K(81920K)->0K(81920K) From: 1216K(2560K)->288K(2560K)
[14364.525s][info][gc,heap        ] GC(33213) ParOldGen: 153069K(175104K)->153125K(175104K)
[14364.525s][info][gc,metaspace   ] GC(33213) Metaspace: 62232K(62528K)->62232K(62528K) NonClass: 53199K(53440K)->53199K(53440K) Class: 9032K(9088K)->9032K(9088K)
[14364.525s][info][gc             ] GC(33213) Pause Young (Allocation Failure) 230M->149M(253M) 1.554ms
[14364.525s][info][gc,cpu         ] GC(33213) User=0.01s Sys=0.00s Real=0.00s
[14364.989s][info][gc,start       ] GC(33214) Pause Young (Allocation Failure)
[14364.992s][info][gc,heap        ] GC(33214) PSYoungGen: 82208K(84480K)->1152K(84480K) Eden: 81920K(81920K)->0K(81920K) From: 288K(2560K)->1152K(2560K)
[14364.992s][info][gc,heap        ] GC(33214) ParOldGen: 153125K(175104K)->153181K(175104K)
[14364.992s][info][gc,metaspace   ] GC(33214) Metaspace: 62232K(62528K)->62232K(62528K) NonClass: 53199K(53440K)->53199K(53440K) Class: 9032K(9088K)->9032K(9088K)
[14364.992s][info][gc             ] GC(33214) Pause Young (Allocation Failure) 229M->150M(253M) 2.432ms
[14364.992s][info][gc,cpu         ] GC(33214) User=0.00s Sys=0.00s Real=0.00s
[14365.461s][info][gc,start       ] GC(33215) Pause Young (Allocation Failure)
[14365.464s][info][gc,heap        ] GC(33215) PSYoungGen: 83072K(84480K)->832K(84992K) Eden: 81920K(81920K)->0K(82432K) From: 1152K(2560K)->832K(2560K)
[14365.464s][info][gc,heap        ] GC(33215) ParOldGen: 153181K(175104K)->153229K(175104K)
[14365.464s][info][gc,metaspace   ] GC(33215) Metaspace: 62232K(62528K)->62232K(62528K) NonClass: 53199K(53440K)->53199K(53440K) Class: 9032K(9088K)->9032K(9088K)
[14365.464s][info][gc             ] GC(33215) Pause Young (Allocation Failure) 230M->150M(254M) 2.205ms
[14365.464s][info][gc,cpu         ] GC(33215) User=0.01s Sys=0.00s Real=0.00s
[14365.930s][info][gc,start       ] GC(33216) Pause Young (Allocation Failure)
[14365.932s][info][gc,heap        ] GC(33216) PSYoungGen: 83264K(84992K)->1408K(84480K) Eden: 82432K(82432K)->0K(82432K) From: 832K(2560K)->1408K(2048K)
[14365.932s][info][gc,heap        ] GC(33216) ParOldGen: 153229K(175104K)->154301K(175104K)
[14365.932s][info][gc,metaspace   ] GC(33216) Metaspace: 62232K(62528K)->62232K(62528K) NonClass: 53199K(53440K)->53199K(53440K) Class: 9032K(9088K)->9032K(9088K)
[14365.932s][info][gc             ] GC(33216) Pause Young (Allocation Failure) 230M->152M(253M) 2.101ms
[14365.932s][info][gc,cpu         ] GC(33216) User=0.00s Sys=0.00s Real=0.00s
[14366.399s][info][gc,start       ] GC(33217) Pause Young (Allocation Failure)
[14366.401s][info][gc,heap        ] GC(33217) PSYoungGen: 83840K(84480K)->1344K(84480K) Eden: 82432K(82432K)->0K(81920K) From: 1408K(2048K)->1344K(2560K)
[14366.401s][info][gc,heap        ] GC(33217) ParOldGen: 154301K(175104K)->156405K(175104K)
[14366.401s][info][gc,metaspace   ] GC(33217) Metaspace: 62232K(62528K)->62232K(62528K) NonClass: 53199K(53440K)->53199K(53440K) Class: 9032K(9088K)->9032K(9088K)
[14366.401s][info][gc             ] GC(33217) Pause Young (Allocation Failure) 232M->154M(253M) 2.901ms
[14366.401s][info][gc,cpu         ] GC(33217) User=0.01s Sys=0.00s Real=0.00s
[14366.868s][info][gc,start       ] GC(33218) Pause Young (Allocation Failure)
[14366.870s][info][gc,heap        ] GC(33218) PSYoungGen: 83264K(84480K)->928K(84480K) Eden: 81920K(81920K)->0K(81920K) From: 1344K(2560K)->928K(2560K)
[14366.870s][info][gc,heap        ] GC(33218) ParOldGen: 156405K(175104K)->156461K(175104K)
[14366.870s][info][gc,metaspace   ] GC(33218) Metaspace: 62232K(62528K)->62232K(62528K) NonClass: 53199K(53440K)->53199K(53440K) Class: 9032K(9088K)->9032K(9088K)
[14366.870s][info][gc             ] GC(33218) Pause Young (Allocation Failure) 234M->153M(253M) 2.091ms
[14366.870s][info][gc,cpu         ] GC(33218) User=0.01s Sys=0.00s Real=0.00s
[14367.318s][info][gc,start       ] GC(33219) Pause Young (Allocation Failure)
[14367.319s][info][gc,heap        ] GC(33219) PSYoungGen: 82848K(84480K)->192K(84992K) Eden: 81920K(81920K)->0K(82944K) From: 928K(2560K)->192K(2048K)
[14367.319s][info][gc,heap        ] GC(33219) ParOldGen: 156461K(175104K)->156509K(175104K)
[14367.319s][info][gc,metaspace   ] GC(33219) Metaspace: 62232K(62528K)->62232K(62528K) NonClass: 53199K(53440K)->53199K(53440K) Class: 9032K(9088K)->9032K(9088K)
[14367.319s][info][gc             ] GC(33219) Pause Young (Allocation Failure) 233M->153M(254M) 1.505ms
[14367.319s][info][gc,cpu         ] GC(33219) User=0.01s Sys=0.00s Real=0.00s
[14367.772s][info][gc,start       ] GC(33220) Pause Young (Allocation Failure)
[14367.774s][info][gc,heap        ] GC(33220) PSYoungGen: 83136K(84992K)->992K(84992K) Eden: 82944K(82944K)->0K(82944K) From: 192K(2048K)->992K(2048K)
[14367.775s][info][gc,heap        ] GC(33220) ParOldGen: 156509K(175104K)->156565K(175104K)
[14367.775s][info][gc,metaspace   ] GC(33220) Metaspace: 62232K(62528K)->62232K(62528K) NonClass: 53199K(53440K)->53199K(53440K) Class: 9032K(9088K)->9032K(9088K)
[14367.775s][info][gc             ] GC(33220) Pause Young (Allocation Failure) 234M->153M(254M) 2.256ms
[14367.775s][info][gc,cpu         ] GC(33220) User=0.01s Sys=0.00s Real=0.00s
[14368.191s][info][gc,start       ] GC(33221) Pause Young (Allocation Failure)
[14368.194s][info][gc,heap        ] GC(33221) PSYoungGen: 83936K(84992K)->1248K(84992K) Eden: 82944K(82944K)->0K(82944K) From: 992K(2048K)->1248K(2048K)
[14368.194s][info][gc,heap        ] GC(33221) ParOldGen: 156565K(175104K)->156613K(175104K)
[14368.194s][info][gc,metaspace   ] GC(33221) Metaspace: 62232K(62528K)->62232K(62528K) NonClass: 53199K(53440K)->53199K(53440K) Class: 9032K(9088K)->9032K(9088K)
[14368.194s][info][gc             ] GC(33221) Pause Young (Allocation Failure) 234M->154M(254M) 2.410ms
[14368.194s][info][gc,cpu         ] GC(33221) User=0.00s Sys=0.00s Real=0.00s
[14368.642s][info][gc,start       ] GC(33222) Pause Young (Allocation Failure)
[14368.643s][info][gc,heap        ] GC(33222) PSYoungGen: 84192K(84992K)->544K(84992K) Eden: 82944K(82944K)->0K(82944K) From: 1248K(2048K)->544K(2048K)
[14368.643s][info][gc,heap        ] GC(33222) ParOldGen: 156613K(175104K)->156653K(175104K)
[14368.643s][info][gc,metaspace   ] GC(33222) Metaspace: 62232K(62528K)->62232K(62528K) NonClass: 53199K(53440K)->53199K(53440K) Class: 9032K(9088K)->9032K(9088K)
[14368.644s][info][gc             ] GC(33222) Pause Young (Allocation Failure) 235M->153M(254M) 1.992ms
[14368.644s][info][gc,cpu         ] GC(33222) User=0.00s Sys=0.00s Real=0.00s
[14369.074s][info][gc,start       ] GC(33223) Pause Young (Allocation Failure)
[14369.076s][info][gc,heap        ] GC(33223) PSYoungGen: 83488K(84992K)->1024K(84992K) Eden: 82944K(82944K)->0K(82944K) From: 544K(2048K)->1024K(2048K)
[14369.077s][info][gc,heap        ] GC(33223) ParOldGen: 156653K(175104K)->156701K(175104K)
[14369.077s][info][gc,metaspace   ] GC(33223) Metaspace: 62232K(62528K)->62232K(62528K) NonClass: 53199K(53440K)->53199K(53440K) Class: 9032K(9088K)->9032K(9088K)
[14369.077s][info][gc             ] GC(33223) Pause Young (Allocation Failure) 234M->154M(254M) 2.432ms
[14369.077s][info][gc,cpu         ] GC(33223) User=0.01s Sys=0.00s Real=0.01s
[14369.544s][info][gc,start       ] GC(33224) Pause Young (Allocation Failure)
[14369.546s][info][gc,heap        ] GC(33224) PSYoungGen: 83968K(84992K)->576K(84992K) Eden: 82944K(82944K)->0K(82944K) From: 1024K(2048K)->576K(2048K)
[14369.546s][info][gc,heap        ] GC(33224) ParOldGen: 156701K(175104K)->156749K(175104K)
[14369.546s][info][gc,metaspace   ] GC(33224) Metaspace: 62232K(62528K)->62232K(62528K) NonClass: 53199K(53440K)->53199K(53440K) Class: 9032K(9088K)->9032K(9088K)
[14369.546s][info][gc             ] GC(33224) Pause Young (Allocation Failure) 235M->153M(254M) 1.848ms
[14369.546s][info][gc,cpu         ] GC(33224) User=0.00s Sys=0.00s Real=0.00s
[14369.999s][info][gc,start       ] GC(33225) Pause Young (Allocation Failure)
[14370.001s][info][gc,heap        ] GC(33225) PSYoungGen: 83520K(84992K)->1344K(84992K) Eden: 82944K(82944K)->0K(82944K) From: 576K(2048K)->1344K(2048K)
[14370.001s][info][gc,heap        ] GC(33225) ParOldGen: 156749K(175104K)->156853K(175104K)
[14370.001s][info][gc,metaspace   ] GC(33225) Metaspace: 62232K(62528K)->62232K(62528K) NonClass: 53199K(53440K)->53199K(53440K) Class: 9032K(9088K)->9032K(9088K)
[14370.001s][info][gc             ] GC(33225) Pause Young (Allocation Failure) 234M->154M(254M) 2.817ms
[14370.001s][info][gc,cpu         ] GC(33225) User=0.00s Sys=0.00s Real=0.00s
[14370.460s][info][gc,start       ] GC(33226) Pause Young (Allocation Failure)
[14370.462s][info][gc,heap        ] GC(33226) PSYoungGen: 84288K(84992K)->1792K(84992K) Eden: 82944K(82944K)->0K(82944K) From: 1344K(2048K)->1792K(2048K)
[14370.462s][info][gc,heap        ] GC(33226) ParOldGen: 156853K(175104K)->157933K(175104K)
[14370.463s][info][gc,metaspace   ] GC(33226) Metaspace: 62232K(62528K)->62232K(62528K) NonClass: 53199K(53440K)->53199K(53440K) Class: 9032K(9088K)->9032K(9088K)
[14370.463s][info][gc             ] GC(33226) Pause Young (Allocation Failure) 235M->155M(254M) 2.411ms
[14370.463s][info][gc,cpu         ] GC(33226) User=0.00s Sys=0.00s Real=0.00s
[14370.927s][info][gc,start       ] GC(33227) Pause Young (Allocation Failure)
[14370.929s][info][gc,heap        ] GC(33227) PSYoungGen: 84736K(84992K)->320K(83968K) Eden: 82944K(82944K)->0K(81920K) From: 1792K(2048K)->320K(2048K)
[14370.929s][info][gc,heap        ] GC(33227) ParOldGen: 157933K(175104K)->160021K(175104K)
[14370.929s][info][gc,metaspace   ] GC(33227) Metaspace: 62232K(62528K)->62232K(62528K) NonClass: 53199K(53440K)->53199K(53440K) Class: 9032K(9088K)->9032K(9088K)
[14370.929s][info][gc             ] GC(33227) Pause Young (Allocation Failure) 236M->156M(253M) 2.006ms
[14370.929s][info][gc,cpu         ] GC(33227) User=0.00s Sys=0.00s Real=0.00s
[14371.329s][info][gc,start       ] GC(33228) Pause Young (Allocation Failure)
[14371.331s][info][gc,heap        ] GC(33228) PSYoungGen: 82240K(83968K)->352K(84480K) Eden: 81920K(81920K)->0K(81920K) From: 320K(2048K)->352K(2560K)
[14371.331s][info][gc,heap        ] GC(33228) ParOldGen: 160021K(175104K)->160069K(175104K)
[14371.331s][info][gc,metaspace   ] GC(33228) Metaspace: 62232K(62528K)->62232K(62528K) NonClass: 53199K(53440K)->53199K(53440K) Class: 9032K(9088K)->9032K(9088K)
[14371.331s][info][gc             ] GC(33228) Pause Young (Allocation Failure) 236M->156M(253M) 1.674ms
[14371.331s][info][gc,cpu         ] GC(33228) User=0.00s Sys=0.00s Real=0.00s
[14371.770s][info][gc,start       ] GC(33229) Pause Young (Allocation Failure)
[14371.772s][info][gc,heap        ] GC(33229) PSYoungGen: 82272K(84480K)->992K(84992K) Eden: 81920K(81920K)->0K(82432K) From: 352K(2560K)->992K(2560K)
[14371.772s][info][gc,heap        ] GC(33229) ParOldGen: 160069K(175104K)->160125K(175104K)
[14371.772s][info][gc,metaspace   ] GC(33229) Metaspace: 62232K(62528K)->62232K(62528K) NonClass: 53199K(53440K)->53199K(53440K) Class: 9032K(9088K)->9032K(9088K)
[14371.772s][info][gc             ] GC(33229) Pause Young (Allocation Failure) 236M->157M(254M) 2.218ms
[14371.772s][info][gc,cpu         ] GC(33229) User=0.00s Sys=0.00s Real=0.00s
[14372.206s][info][gc,start       ] GC(33230) Pause Young (Allocation Failure)
[14372.209s][info][gc,heap        ] GC(33230) PSYoungGen: 83424K(84992K)->1472K(84480K) Eden: 82432K(82432K)->0K(82432K) From: 992K(2560K)->1472K(2048K)
[14372.209s][info][gc,heap        ] GC(33230) ParOldGen: 160125K(175104K)->160173K(175104K)
[14372.209s][info][gc,metaspace   ] GC(33230) Metaspace: 62232K(62528K)->62232K(62528K) NonClass: 53199K(53440K)->53199K(53440K) Class: 9032K(9088K)->9032K(9088K)
[14372.209s][info][gc             ] GC(33230) Pause Young (Allocation Failure) 237M->157M(253M) 2.919ms
[14372.209s][info][gc,cpu         ] GC(33230) User=0.00s Sys=0.00s Real=0.01s
[14372.657s][info][gc,start       ] GC(33231) Pause Young (Allocation Failure)
[14372.659s][info][gc,heap        ] GC(33231) PSYoungGen: 83904K(84480K)->736K(84480K) Eden: 82432K(82432K)->0K(81920K) From: 1472K(2048K)->736K(2560K)
[14372.659s][info][gc,heap        ] GC(33231) ParOldGen: 160173K(175104K)->160221K(175104K)
[14372.659s][info][gc,metaspace   ] GC(33231) Metaspace: 62232K(62528K)->62232K(62528K) NonClass: 53199K(53440K)->53199K(53440K) Class: 9032K(9088K)->9032K(9088K)
[14372.659s][info][gc             ] GC(33231) Pause Young (Allocation Failure) 238M->157M(253M) 2.225ms
[14372.659s][info][gc,cpu         ] GC(33231) User=0.00s Sys=0.00s Real=0.00s
[14373.120s][info][gc,start       ] GC(33232) Pause Young (Allocation Failure)
[14373.122s][info][gc,heap        ] GC(33232) PSYoungGen: 82656K(84480K)->224K(84480K) Eden: 81920K(81920K)->0K(81920K) From: 736K(2560K)->224K(2560K)
[14373.122s][info][gc,heap        ] GC(33232) ParOldGen: 160221K(175104K)->160269K(175104K)
[14373.122s][info][gc,metaspace   ] GC(33232) Metaspace: 62232K(62528K)->62232K(62528K) NonClass: 53199K(53440K)->53199K(53440K) Class: 9032K(9088K)->9032K(9088K)
[14373.122s][info][gc             ] GC(33232) Pause Young (Allocation Failure) 237M->156M(253M) 1.649ms
[14373.122s][info][gc,cpu         ] GC(33232) User=0.00s Sys=0.00s Real=0.00s
[14373.629s][info][gc,start       ] GC(33233) Pause Young (Allocation Failure)
[14373.631s][info][gc,heap        ] GC(33233) PSYoungGen: 82144K(84480K)->352K(84992K) Eden: 81920K(81920K)->0K(82432K) From: 224K(2560K)->352K(2560K)
[14373.631s][info][gc,heap        ] GC(33233) ParOldGen: 160269K(175104K)->160317K(175104K)
[14373.631s][info][gc,metaspace   ] GC(33233) Metaspace: 62232K(62528K)->62232K(62528K) NonClass: 53199K(53440K)->53199K(53440K) Class: 9032K(9088K)->9032K(9088K)
[14373.631s][info][gc             ] GC(33233) Pause Young (Allocation Failure) 236M->156M(254M) 1.865ms
[14373.631s][info][gc,cpu         ] GC(33233) User=0.00s Sys=0.00s Real=0.00s
[14374.081s][info][gc,start       ] GC(33234) Pause Young (Allocation Failure)
[14374.083s][info][gc,heap        ] GC(33234) PSYoungGen: 82784K(84992K)->1056K(84480K) Eden: 82432K(82432K)->0K(82432K) From: 352K(2560K)->1056K(2048K)
[14374.083s][info][gc,heap        ] GC(33234) ParOldGen: 160317K(175104K)->160365K(175104K)
[14374.083s][info][gc,metaspace   ] GC(33234) Metaspace: 62232K(62528K)->62232K(62528K) NonClass: 53199K(53440K)->53199K(53440K) Class: 9032K(9088K)->9032K(9088K)
[14374.083s][info][gc             ] GC(33234) Pause Young (Allocation Failure) 237M->157M(253M) 2.198ms
[14374.083s][info][gc,cpu         ] GC(33234) User=0.01s Sys=0.00s Real=0.00s
[14374.561s][info][gc,start       ] GC(33235) Pause Young (Allocation Failure)
[14374.563s][info][gc,heap        ] GC(33235) PSYoungGen: 83488K(84480K)->800K(84992K) Eden: 82432K(82432K)->0K(82944K) From: 1056K(2048K)->800K(2048K)
[14374.563s][info][gc,heap        ] GC(33235) ParOldGen: 160365K(175104K)->160413K(175104K)
[14374.563s][info][gc,metaspace   ] GC(33235) Metaspace: 62232K(62528K)->62232K(62528K) NonClass: 53199K(53440K)->53199K(53440K) Class: 9032K(9088K)->9032K(9088K)
[14374.563s][info][gc             ] GC(33235) Pause Young (Allocation Failure) 238M->157M(254M) 2.072ms
[14374.563s][info][gc,cpu         ] GC(33235) User=0.01s Sys=0.00s Real=0.00s
[14375.004s][info][gc,start       ] GC(33236) Pause Young (Allocation Failure)
[14375.007s][info][gc,heap        ] GC(33236) PSYoungGen: 83744K(84992K)->1344K(84992K) Eden: 82944K(82944K)->0K(82944K) From: 800K(2048K)->1344K(2048K)
[14375.007s][info][gc,heap        ] GC(33236) ParOldGen: 160413K(175104K)->163533K(175104K)
[14375.007s][info][gc,metaspace   ] GC(33236) Metaspace: 62232K(62528K)->62232K(62528K) NonClass: 53199K(53440K)->53199K(53440K) Class: 9032K(9088K)->9032K(9088K)
[14375.007s][info][gc             ] GC(33236) Pause Young (Allocation Failure) 238M->161M(254M) 3.206ms
[14375.007s][info][gc,cpu         ] GC(33236) User=0.01s Sys=0.00s Real=0.01s
[14375.469s][info][gc,start       ] GC(33237) Pause Young (Allocation Failure)
[14375.471s][info][gc,heap        ] GC(33237) PSYoungGen: 84288K(84992K)->1088K(84992K) Eden: 82944K(82944K)->0K(82944K) From: 1344K(2048K)->1088K(2048K)
[14375.471s][info][gc,heap        ] GC(33237) ParOldGen: 163533K(175104K)->163589K(175104K)
[14375.471s][info][gc,metaspace   ] GC(33237) Metaspace: 62232K(62528K)->62232K(62528K) NonClass: 53199K(53440K)->53199K(53440K) Class: 9032K(9088K)->9032K(9088K)
[14375.471s][info][gc             ] GC(33237) Pause Young (Allocation Failure) 242M->160M(254M) 2.319ms
[14375.471s][info][gc,cpu         ] GC(33237) User=0.00s Sys=0.00s Real=0.00s
[14375.960s][info][gc,start       ] GC(33238) Pause Young (Allocation Failure)
[14375.962s][info][gc,heap        ] GC(33238) PSYoungGen: 84032K(84992K)->672K(84992K) Eden: 82944K(82944K)->0K(82944K) From: 1088K(2048K)->672K(2048K)
[14375.962s][info][gc,heap        ] GC(33238) ParOldGen: 163589K(175104K)->163637K(175104K)
[14375.962s][info][gc,metaspace   ] GC(33238) Metaspace: 62232K(62528K)->62232K(62528K) NonClass: 53199K(53440K)->53199K(53440K) Class: 9032K(9088K)->9032K(9088K)
[14375.962s][info][gc             ] GC(33238) Pause Young (Allocation Failure) 241M->160M(254M) 2.118ms
[14375.962s][info][gc,cpu         ] GC(33238) User=0.00s Sys=0.00s Real=0.00s
[14376.427s][info][gc,start       ] GC(33239) Pause Young (Allocation Failure)
[14376.429s][info][gc,heap        ] GC(33239) PSYoungGen: 83616K(84992K)->320K(84992K) Eden: 82944K(82944K)->0K(82944K) From: 672K(2048K)->320K(2048K)
[14376.429s][info][gc,heap        ] GC(33239) ParOldGen: 163637K(175104K)->163685K(175104K)
[14376.429s][info][gc,metaspace   ] GC(33239) Metaspace: 62232K(62528K)->62232K(62528K) NonClass: 53199K(53440K)->53199K(53440K) Class: 9032K(9088K)->9032K(9088K)
[14376.429s][info][gc             ] GC(33239) Pause Young (Allocation Failure) 241M->160M(254M) 1.803ms
[14376.429s][info][gc,cpu         ] GC(33239) User=0.00s Sys=0.00s Real=0.00s
[14376.873s][info][gc,start       ] GC(33240) Pause Young (Allocation Failure)
[14376.876s][info][gc,heap        ] GC(33240) PSYoungGen: 83264K(84992K)->1152K(84992K) Eden: 82944K(82944K)->0K(82944K) From: 320K(2048K)->1152K(2048K)
[14376.876s][info][gc,heap        ] GC(33240) ParOldGen: 163685K(175104K)->163725K(175104K)
[14376.876s][info][gc,metaspace   ] GC(33240) Metaspace: 62232K(62528K)->62232K(62528K) NonClass: 53199K(53440K)->53199K(53440K) Class: 9032K(9088K)->9032K(9088K)
[14376.876s][info][gc             ] GC(33240) Pause Young (Allocation Failure) 241M->161M(254M) 2.342ms
[14376.876s][info][gc,cpu         ] GC(33240) User=0.00s Sys=0.00s Real=0.00s
[14377.356s][info][gc,start       ] GC(33241) Pause Young (Allocation Failure)
[14377.358s][info][gc,heap        ] GC(33241) PSYoungGen: 84096K(84992K)->832K(84992K) Eden: 82944K(82944K)->0K(82944K) From: 1152K(2048K)->832K(2048K)
[14377.358s][info][gc,heap        ] GC(33241) ParOldGen: 163725K(175104K)->163773K(175104K)
[14377.358s][info][gc,metaspace   ] GC(33241) Metaspace: 62232K(62528K)->62232K(62528K) NonClass: 53199K(53440K)->53199K(53440K) Class: 9032K(9088K)->9032K(9088K)
[14377.358s][info][gc             ] GC(33241) Pause Young (Allocation Failure) 242M->160M(254M) 2.440ms
[14377.358s][info][gc,cpu         ] GC(33241) User=0.01s Sys=0.00s Real=0.01s
[14377.797s][info][gc,start       ] GC(33242) Pause Young (Allocation Failure)
[14377.800s][info][gc,heap        ] GC(33242) PSYoungGen: 83776K(84992K)->1376K(84992K) Eden: 82944K(82944K)->0K(82944K) From: 832K(2048K)->1376K(2048K)
[14377.800s][info][gc,heap        ] GC(33242) ParOldGen: 163773K(175104K)->163869K(175104K)
[14377.800s][info][gc,metaspace   ] GC(33242) Metaspace: 62232K(62528K)->62232K(62528K) NonClass: 53199K(53440K)->53199K(53440K) Class: 9032K(9088K)->9032K(9088K)
[14377.800s][info][gc             ] GC(33242) Pause Young (Allocation Failure) 241M->161M(254M) 2.765ms
[14377.800s][info][gc,cpu         ] GC(33242) User=0.00s Sys=0.00s Real=0.00s
[14378.206s][info][gc,start       ] GC(33243) Pause Young (Allocation Failure)
[14378.209s][info][gc,heap        ] GC(33243) PSYoungGen: 84320K(84992K)->1728K(83968K) Eden: 82944K(82944K)->0K(81920K) From: 1376K(2048K)->1728K(2048K)
[14378.209s][info][gc,heap        ] GC(33243) ParOldGen: 163869K(175104K)->163917K(175104K)
[14378.209s][info][gc,metaspace   ] GC(33243) Metaspace: 62232K(62528K)->62232K(62528K) NonClass: 53199K(53440K)->53199K(53440K) Class: 9032K(9088K)->9032K(9088K)
[14378.209s][info][gc             ] GC(33243) Pause Young (Allocation Failure) 242M->161M(253M) 3.034ms
[14378.209s][info][gc,cpu         ] GC(33243) User=0.00s Sys=0.00s Real=0.01s
[14378.629s][info][gc,start       ] GC(33244) Pause Young (Allocation Failure)
[14378.631s][info][gc,heap        ] GC(33244) PSYoungGen: 83648K(83968K)->384K(84480K) Eden: 81920K(81920K)->0K(81920K) From: 1728K(2048K)->384K(2560K)
[14378.631s][info][gc,heap        ] GC(33244) ParOldGen: 163917K(175104K)->163965K(175104K)
[14378.631s][info][gc,metaspace   ] GC(33244) Metaspace: 62232K(62528K)->62232K(62528K) NonClass: 53199K(53440K)->53199K(53440K) Class: 9032K(9088K)->9032K(9088K)
[14378.631s][info][gc             ] GC(33244) Pause Young (Allocation Failure) 241M->160M(253M) 1.773ms
[14378.631s][info][gc,cpu         ] GC(33244) User=0.01s Sys=0.00s Real=0.00s
[14379.101s][info][gc,start       ] GC(33245) Pause Young (Allocation Failure)
[14379.104s][info][gc,heap        ] GC(33245) PSYoungGen: 82304K(84480K)->1376K(84480K) Eden: 81920K(81920K)->0K(81920K) From: 384K(2560K)->1376K(2560K)
[14379.104s][info][gc,heap        ] GC(33245) ParOldGen: 163965K(175104K)->164013K(175104K)
[14379.104s][info][gc,metaspace   ] GC(33245) Metaspace: 62232K(62528K)->62232K(62528K) NonClass: 53199K(53440K)->53199K(53440K) Class: 9032K(9088K)->9032K(9088K)
[14379.104s][info][gc             ] GC(33245) Pause Young (Allocation Failure) 240M->161M(253M) 2.546ms
[14379.104s][info][gc,cpu         ] GC(33245) User=0.00s Sys=0.00s Real=0.00s
[14379.558s][info][gc,start       ] GC(33246) Pause Young (Allocation Failure)
[14379.560s][info][gc,heap        ] GC(33246) PSYoungGen: 83296K(84480K)->800K(84480K) Eden: 81920K(81920K)->0K(81920K) From: 1376K(2560K)->800K(2560K)
[14379.560s][info][gc,heap        ] GC(33246) ParOldGen: 164013K(175104K)->164061K(175104K)
[14379.560s][info][gc,metaspace   ] GC(33246) Metaspace: 62232K(62528K)->62232K(62528K) NonClass: 53199K(53440K)->53199K(53440K) Class: 9032K(9088K)->9032K(9088K)
[14379.560s][info][gc             ] GC(33246) Pause Young (Allocation Failure) 241M->160M(253M) 2.111ms
[14379.560s][info][gc,cpu         ] GC(33246) User=0.00s Sys=0.00s Real=0.00s
[14380.001s][info][gc,start       ] GC(33247) Pause Young (Allocation Failure)
[14380.003s][info][gc,heap        ] GC(33247) PSYoungGen: 82720K(84480K)->1536K(84480K) Eden: 81920K(81920K)->0K(81920K) From: 800K(2560K)->1536K(2560K)
[14380.003s][info][gc,heap        ] GC(33247) ParOldGen: 164061K(175104K)->164117K(175104K)
[14380.003s][info][gc,metaspace   ] GC(33247) Metaspace: 62232K(62528K)->62232K(62528K) NonClass: 53199K(53440K)->53199K(53440K) Class: 9032K(9088K)->9032K(9088K)
[14380.003s][info][gc             ] GC(33247) Pause Young (Allocation Failure) 240M->161M(253M) 2.877ms
[14380.004s][info][gc,cpu         ] GC(33247) User=0.00s Sys=0.00s Real=0.00s
[14380.447s][info][gc,start       ] GC(33248) Pause Young (Allocation Failure)
[14380.449s][info][gc,heap        ] GC(33248) PSYoungGen: 83456K(84480K)->576K(84480K) Eden: 81920K(81920K)->0K(81920K) From: 1536K(2560K)->576K(2560K)
[14380.449s][info][gc,heap        ] GC(33248) ParOldGen: 164117K(175104K)->164165K(175104K)
[14380.449s][info][gc,metaspace   ] GC(33248) Metaspace: 62232K(62528K)->62232K(62528K) NonClass: 53199K(53440K)->53199K(53440K) Class: 9032K(9088K)->9032K(9088K)
[14380.449s][info][gc             ] GC(33248) Pause Young (Allocation Failure) 241M->160M(253M) 1.910ms
[14380.449s][info][gc,cpu         ] GC(33248) User=0.00s Sys=0.00s Real=0.00s
[14380.910s][info][gc,start       ] GC(33249) Pause Young (Allocation Failure)
[14380.913s][info][gc,heap        ] GC(33249) PSYoungGen: 82496K(84480K)->1472K(84480K) Eden: 81920K(81920K)->0K(81920K) From: 576K(2560K)->1472K(2560K)
[14380.913s][info][gc,heap        ] GC(33249) ParOldGen: 164165K(175104K)->164205K(175104K)
[14380.913s][info][gc,metaspace   ] GC(33249) Metaspace: 62232K(62528K)->62232K(62528K) NonClass: 53199K(53440K)->53199K(53440K) Class: 9032K(9088K)->9032K(9088K)
[14380.913s][info][gc             ] GC(33249) Pause Young (Allocation Failure) 240M->161M(253M) 2.656ms
[14380.913s][info][gc,cpu         ] GC(33249) User=0.01s Sys=0.00s Real=0.00s
[14381.301s][info][gc,start       ] GC(33250) Pause Young (Allocation Failure)
[14381.304s][info][gc,heap        ] GC(33250) PSYoungGen: 83392K(84480K)->1728K(84480K) Eden: 81920K(81920K)->0K(81920K) From: 1472K(2560K)->1728K(2560K)
[14381.304s][info][gc,heap        ] GC(33250) ParOldGen: 164205K(175104K)->164253K(175104K)
[14381.304s][info][gc,metaspace   ] GC(33250) Metaspace: 62232K(62528K)->62232K(62528K) NonClass: 53199K(53440K)->53199K(53440K) Class: 9032K(9088K)->9032K(9088K)
[14381.304s][info][gc             ] GC(33250) Pause Young (Allocation Failure) 241M->162M(253M) 3.054ms
[14381.304s][info][gc,cpu         ] GC(33250) User=0.00s Sys=0.00s Real=0.00s
[14381.720s][info][gc,start       ] GC(33251) Pause Young (Allocation Failure)
[14381.721s][info][gc,heap        ] GC(33251) PSYoungGen: 83648K(84480K)->224K(84480K) Eden: 81920K(81920K)->0K(81920K) From: 1728K(2560K)->224K(2560K)
[14381.721s][info][gc,heap        ] GC(33251) ParOldGen: 164253K(175104K)->164309K(175104K)
[14381.721s][info][gc,metaspace   ] GC(33251) Metaspace: 62232K(62528K)->62232K(62528K) NonClass: 53199K(53440K)->53199K(53440K) Class: 9032K(9088K)->9032K(9088K)
[14381.721s][info][gc             ] GC(33251) Pause Young (Allocation Failure) 242M->160M(253M) 1.587ms
[14381.721s][info][gc,cpu         ] GC(33251) User=0.00s Sys=0.00s Real=0.00s
[14382.149s][info][gc,start       ] GC(33252) Pause Young (Allocation Failure)
[14382.151s][info][gc,heap        ] GC(33252) PSYoungGen: 82144K(84480K)->736K(84480K) Eden: 81920K(81920K)->0K(81920K) From: 224K(2560K)->736K(2560K)
[14382.151s][info][gc,heap        ] GC(33252) ParOldGen: 164309K(175104K)->164365K(175104K)
[14382.151s][info][gc,metaspace   ] GC(33252) Metaspace: 62232K(62528K)->62232K(62528K) NonClass: 53199K(53440K)->53199K(53440K) Class: 9032K(9088K)->9032K(9088K)
[14382.151s][info][gc             ] GC(33252) Pause Young (Allocation Failure) 240M->161M(253M) 2.080ms
[14382.151s][info][gc,cpu         ] GC(33252) User=0.01s Sys=0.00s Real=0.00s
[14382.547s][info][gc,start       ] GC(33253) Pause Young (Allocation Failure)
[14382.549s][info][gc,heap        ] GC(33253) PSYoungGen: 82656K(84480K)->608K(84480K) Eden: 81920K(81920K)->0K(81920K) From: 736K(2560K)->608K(2560K)
[14382.549s][info][gc,heap        ] GC(33253) ParOldGen: 164365K(175104K)->164421K(175104K)
[14382.549s][info][gc,metaspace   ] GC(33253) Metaspace: 62232K(62528K)->62232K(62528K) NonClass: 53199K(53440K)->53199K(53440K) Class: 9032K(9088K)->9032K(9088K)
[14382.549s][info][gc             ] GC(33253) Pause Young (Allocation Failure) 241M->161M(253M) 1.985ms
[14382.549s][info][gc,cpu         ] GC(33253) User=0.00s Sys=0.00s Real=0.00s
[14382.929s][info][gc,start       ] GC(33254) Pause Young (Allocation Failure)
[14382.931s][info][gc,heap        ] GC(33254) PSYoungGen: 82528K(84480K)->352K(84480K) Eden: 81920K(81920K)->0K(81920K) From: 608K(2560K)->352K(2560K)
[14382.931s][info][gc,heap        ] GC(33254) ParOldGen: 164421K(175104K)->164469K(175104K)
[14382.931s][info][gc,metaspace   ] GC(33254) Metaspace: 62232K(62528K)->62232K(62528K) NonClass: 53199K(53440K)->53199K(53440K) Class: 9032K(9088K)->9032K(9088K)
[14382.931s][info][gc             ] GC(33254) Pause Young (Allocation Failure) 241M->160M(253M) 1.777ms
[14382.931s][info][gc,cpu         ] GC(33254) User=0.01s Sys=0.00s Real=0.00s
[14383.429s][info][gc,start       ] GC(33255) Pause Young (Allocation Failure)
[14383.430s][info][gc,heap        ] GC(33255) PSYoungGen: 82272K(84480K)->352K(84480K) Eden: 81920K(81920K)->0K(81920K) From: 352K(2560K)->352K(2560K)
[14383.430s][info][gc,heap        ] GC(33255) ParOldGen: 164469K(175104K)->164517K(175104K)
[14383.430s][info][gc,metaspace   ] GC(33255) Metaspace: 62232K(62528K)->62232K(62528K) NonClass: 53199K(53440K)->53199K(53440K) Class: 9032K(9088K)->9032K(9088K)
[14383.430s][info][gc             ] GC(33255) Pause Young (Allocation Failure) 240M->161M(253M) 1.673ms
[14383.430s][info][gc,cpu         ] GC(33255) User=0.00s Sys=0.00s Real=0.00s
[14383.853s][info][gc,start       ] GC(33256) Pause Young (Allocation Failure)
[14383.855s][info][gc,heap        ] GC(33256) PSYoungGen: 82272K(84480K)->768K(84480K) Eden: 81920K(81920K)->0K(81920K) From: 352K(2560K)->768K(2560K)
[14383.855s][info][gc,heap        ] GC(33256) ParOldGen: 164517K(175104K)->164573K(175104K)
[14383.855s][info][gc,metaspace   ] GC(33256) Metaspace: 62232K(62528K)->62232K(62528K) NonClass: 53199K(53440K)->53199K(53440K) Class: 9032K(9088K)->9032K(9088K)
[14383.855s][info][gc             ] GC(33256) Pause Young (Allocation Failure) 241M->161M(253M) 2.099ms
[14383.855s][info][gc,cpu         ] GC(33256) User=0.00s Sys=0.00s Real=0.00s
[14384.332s][info][gc,start       ] GC(33257) Pause Young (Allocation Failure)
[14384.334s][info][gc,heap        ] GC(33257) PSYoungGen: 82688K(84480K)->1408K(83968K) Eden: 81920K(81920K)->0K(81920K) From: 768K(2560K)->1408K(2048K)
[14384.334s][info][gc,heap        ] GC(33257) ParOldGen: 164573K(175104K)->165653K(175104K)
[14384.334s][info][gc,metaspace   ] GC(33257) Metaspace: 62232K(62528K)->62232K(62528K) NonClass: 53199K(53440K)->53199K(53440K) Class: 9032K(9088K)->9032K(9088K)
[14384.334s][info][gc             ] GC(33257) Pause Young (Allocation Failure) 241M->163M(253M) 2.033ms
[14384.334s][info][gc,cpu         ] GC(33257) User=0.00s Sys=0.00s Real=0.00s
[14384.776s][info][gc,start       ] GC(33258) Pause Young (Allocation Failure)
[14384.778s][info][gc,heap        ] GC(33258) PSYoungGen: 83328K(83968K)->992K(84480K) Eden: 81920K(81920K)->0K(81920K) From: 1408K(2048K)->992K(2560K)
[14384.778s][info][gc,heap        ] GC(33258) ParOldGen: 165653K(175104K)->167797K(175104K)
[14384.778s][info][gc,metaspace   ] GC(33258) Metaspace: 62232K(62528K)->62232K(62528K) NonClass: 53199K(53440K)->53199K(53440K) Class: 9032K(9088K)->9032K(9088K)
[14384.778s][info][gc             ] GC(33258) Pause Young (Allocation Failure) 243M->164M(253M) 2.771ms
[14384.778s][info][gc,cpu         ] GC(33258) User=0.01s Sys=0.00s Real=0.01s
[14385.212s][info][gc,start       ] GC(33259) Pause Young (Allocation Failure)
[14385.214s][info][gc,heap        ] GC(33259) PSYoungGen: 82912K(84480K)->1536K(83968K) Eden: 81920K(81920K)->0K(81920K) From: 992K(2560K)->1536K(2048K)
[14385.214s][info][gc,heap        ] GC(33259) ParOldGen: 167797K(175104K)->167845K(175104K)
[14385.214s][info][gc,metaspace   ] GC(33259) Metaspace: 62232K(62528K)->62232K(62528K) NonClass: 53199K(53440K)->53199K(53440K) Class: 9032K(9088K)->9032K(9088K)
[14385.214s][info][gc             ] GC(33259) Pause Young (Allocation Failure) 244M->165M(253M) 2.732ms
[14385.214s][info][gc,cpu         ] GC(33259) User=0.00s Sys=0.00s Real=0.00s
[14385.694s][info][gc,start       ] GC(33260) Pause Young (Allocation Failure)
[14385.696s][info][gc,heap        ] GC(33260) PSYoungGen: 83456K(83968K)->1280K(84480K) Eden: 81920K(81920K)->0K(81920K) From: 1536K(2048K)->1280K(2560K)
[14385.696s][info][gc,heap        ] GC(33260) ParOldGen: 167845K(175104K)->167893K(175104K)
[14385.696s][info][gc,metaspace   ] GC(33260) Metaspace: 62232K(62528K)->62232K(62528K) NonClass: 53199K(53440K)->53199K(53440K) Class: 9032K(9088K)->9032K(9088K)
[14385.696s][info][gc             ] GC(33260) Pause Young (Allocation Failure) 245M->165M(253M) 2.545ms
[14385.696s][info][gc,cpu         ] GC(33260) User=0.00s Sys=0.00s Real=0.00s
[14386.193s][info][gc,start       ] GC(33261) Pause Young (Allocation Failure)
[14386.196s][info][gc,heap        ] GC(33261) PSYoungGen: 83200K(84480K)->1120K(84480K) Eden: 81920K(81920K)->0K(81920K) From: 1280K(2560K)->1120K(2560K)
[14386.196s][info][gc,heap        ] GC(33261) ParOldGen: 167893K(175104K)->167941K(175104K)
[14386.196s][info][gc,metaspace   ] GC(33261) Metaspace: 62232K(62528K)->62232K(62528K) NonClass: 53199K(53440K)->53199K(53440K) Class: 9032K(9088K)->9032K(9088K)
[14386.196s][info][gc             ] GC(33261) Pause Young (Allocation Failure) 245M->165M(253M) 2.496ms
[14386.196s][info][gc,cpu         ] GC(33261) User=0.00s Sys=0.01s Real=0.00s
[14386.612s][info][gc,start       ] GC(33262) Pause Young (Allocation Failure)
[14386.615s][info][gc,heap        ] GC(33262) PSYoungGen: 83040K(84480K)->1632K(84480K) Eden: 81920K(81920K)->0K(81920K) From: 1120K(2560K)->1632K(2560K)
[14386.615s][info][gc,heap        ] GC(33262) ParOldGen: 167941K(175104K)->167989K(175104K)
[14386.615s][info][gc,metaspace   ] GC(33262) Metaspace: 62232K(62528K)->62232K(62528K) NonClass: 53199K(53440K)->53199K(53440K) Class: 9032K(9088K)->9032K(9088K)
[14386.615s][info][gc             ] GC(33262) Pause Young (Allocation Failure) 245M->165M(253M) 2.803ms
[14386.615s][info][gc,cpu         ] GC(33262) User=0.00s Sys=0.01s Real=0.00s
[14386.995s][info][gc,start       ] GC(33263) Pause Young (Allocation Failure)
[14386.998s][info][gc,heap        ] GC(33263) PSYoungGen: 83552K(84480K)->1568K(84480K) Eden: 81920K(81920K)->0K(81920K) From: 1632K(2560K)->1568K(2560K)
[14386.998s][info][gc,heap        ] GC(33263) ParOldGen: 167989K(175104K)->168037K(175104K)
[14386.998s][info][gc,metaspace   ] GC(33263) Metaspace: 62232K(62528K)->62232K(62528K) NonClass: 53199K(53440K)->53199K(53440K) Class: 9032K(9088K)->9032K(9088K)
[14386.998s][info][gc             ] GC(33263) Pause Young (Allocation Failure) 245M->165M(253M) 3.160ms
[14386.998s][info][gc,cpu         ] GC(33263) User=0.01s Sys=0.00s Real=0.01s
[14387.440s][info][gc,start       ] GC(33264) Pause Young (Allocation Failure)
[14387.442s][info][gc,heap        ] GC(33264) PSYoungGen: 83488K(84480K)->480K(84480K) Eden: 81920K(81920K)->0K(81920K) From: 1568K(2560K)->480K(2560K)
[14387.442s][info][gc,heap        ] GC(33264) ParOldGen: 168037K(175104K)->168093K(175104K)
[14387.442s][info][gc,metaspace   ] GC(33264) Metaspace: 62232K(62528K)->62232K(62528K) NonClass: 53199K(53440K)->53199K(53440K) Class: 9032K(9088K)->9032K(9088K)
[14387.442s][info][gc             ] GC(33264) Pause Young (Allocation Failure) 245M->164M(253M) 1.872ms
[14387.442s][info][gc,cpu         ] GC(33264) User=0.00s Sys=0.00s Real=0.00s
[14387.898s][info][gc,start       ] GC(33265) Pause Young (Allocation Failure)
[14387.900s][info][gc,heap        ] GC(33265) PSYoungGen: 82400K(84480K)->1344K(84480K) Eden: 81920K(81920K)->0K(81920K) From: 480K(2560K)->1344K(2560K)
[14387.900s][info][gc,heap        ] GC(33265) ParOldGen: 168093K(175104K)->168141K(175104K)
[14387.900s][info][gc,metaspace   ] GC(33265) Metaspace: 62232K(62528K)->62232K(62528K) NonClass: 53199K(53440K)->53199K(53440K) Class: 9032K(9088K)->9032K(9088K)
[14387.900s][info][gc             ] GC(33265) Pause Young (Allocation Failure) 244M->165M(253M) 2.606ms
[14387.900s][info][gc,cpu         ] GC(33265) User=0.00s Sys=0.00s Real=0.00s
[14388.366s][info][gc,start       ] GC(33266) Pause Young (Allocation Failure)
[14388.368s][info][gc,heap        ] GC(33266) PSYoungGen: 83264K(84480K)->864K(84480K) Eden: 81920K(81920K)->0K(81920K) From: 1344K(2560K)->864K(2560K)
[14388.369s][info][gc,heap        ] GC(33266) ParOldGen: 168141K(175104K)->168189K(175104K)
[14388.369s][info][gc,metaspace   ] GC(33266) Metaspace: 62232K(62528K)->62232K(62528K) NonClass: 53199K(53440K)->53199K(53440K) Class: 9032K(9088K)->9032K(9088K)
[14388.369s][info][gc             ] GC(33266) Pause Young (Allocation Failure) 245M->165M(253M) 2.170ms
[14388.369s][info][gc,cpu         ] GC(33266) User=0.01s Sys=0.00s Real=0.00s
[14388.830s][info][gc,start       ] GC(33267) Pause Young (Allocation Failure)
[14388.832s][info][gc,heap        ] GC(33267) PSYoungGen: 82784K(84480K)->2400K(83456K) Eden: 81920K(81920K)->0K(80896K) From: 864K(2560K)->2400K(2560K)
[14388.832s][info][gc,heap        ] GC(33267) ParOldGen: 168189K(175104K)->168237K(175104K)
[14388.832s][info][gc,metaspace   ] GC(33267) Metaspace: 62232K(62528K)->62232K(62528K) NonClass: 53199K(53440K)->53199K(53440K) Class: 9032K(9088K)->9032K(9088K)
[14388.833s][info][gc             ] GC(33267) Pause Young (Allocation Failure) 245M->166M(252M) 2.112ms
[14388.833s][info][gc,cpu         ] GC(33267) User=0.00s Sys=0.00s Real=0.00s
[14389.297s][info][gc,start       ] GC(33268) Pause Young (Allocation Failure)
[14389.300s][info][gc,heap        ] GC(33268) PSYoungGen: 83296K(83456K)->1280K(83968K) Eden: 80896K(80896K)->0K(80896K) From: 2400K(2560K)->1280K(3072K)
[14389.300s][info][gc,heap        ] GC(33268) ParOldGen: 168237K(175104K)->170341K(175104K)
[14389.300s][info][gc,metaspace   ] GC(33268) Metaspace: 62232K(62528K)->62232K(62528K) NonClass: 53199K(53440K)->53199K(53440K) Class: 9032K(9088K)->9032K(9088K)
[14389.300s][info][gc             ] GC(33268) Pause Young (Allocation Failure) 245M->167M(253M) 2.968ms
[14389.300s][info][gc,cpu         ] GC(33268) User=0.00s Sys=0.00s Real=0.00s
[14389.715s][info][gc,start       ] GC(33269) Pause Young (Allocation Failure)
[14389.717s][info][gc,heap        ] GC(33269) PSYoungGen: 82176K(83968K)->1664K(84480K) Eden: 80896K(80896K)->0K(81920K) From: 1280K(3072K)->1664K(2560K)
[14389.717s][info][gc,heap        ] GC(33269) ParOldGen: 170341K(175104K)->170397K(175104K)
[14389.717s][info][gc,metaspace   ] GC(33269) Metaspace: 62232K(62528K)->62232K(62528K) NonClass: 53199K(53440K)->53199K(53440K) Class: 9032K(9088K)->9032K(9088K)
[14389.717s][info][gc             ] GC(33269) Pause Young (Allocation Failure) 246M->168M(253M) 2.841ms
[14389.717s][info][gc,cpu         ] GC(33269) User=0.00s Sys=0.00s Real=0.01s
[14390.133s][info][gc,start       ] GC(33270) Pause Young (Allocation Failure)
[14390.134s][info][gc,heap        ] GC(33270) PSYoungGen: 83584K(84480K)->384K(84480K) Eden: 81920K(81920K)->0K(81920K) From: 1664K(2560K)->384K(2560K)
[14390.134s][info][gc,heap        ] GC(33270) ParOldGen: 170397K(175104K)->170445K(175104K)
[14390.134s][info][gc,metaspace   ] GC(33270) Metaspace: 62232K(62528K)->62232K(62528K) NonClass: 53199K(53440K)->53199K(53440K) Class: 9032K(9088K)->9032K(9088K)
[14390.134s][info][gc             ] GC(33270) Pause Young (Allocation Failure) 248M->166M(253M) 1.717ms
[14390.134s][info][gc,cpu         ] GC(33270) User=0.01s Sys=0.00s Real=0.00s
[14390.656s][info][gc,start       ] GC(33271) Pause Young (Allocation Failure)
[14390.658s][info][gc,heap        ] GC(33271) PSYoungGen: 82304K(84480K)->640K(84480K) Eden: 81920K(81920K)->0K(81920K) From: 384K(2560K)->640K(2560K)
[14390.658s][info][gc,heap        ] GC(33271) ParOldGen: 170445K(175104K)->170493K(175104K)
[14390.658s][info][gc,metaspace   ] GC(33271) Metaspace: 62232K(62528K)->62232K(62528K) NonClass: 53199K(53440K)->53199K(53440K) Class: 9032K(9088K)->9032K(9088K)
[14390.658s][info][gc             ] GC(33271) Pause Young (Allocation Failure) 246M->167M(253M) 1.933ms
[14390.658s][info][gc,cpu         ] GC(33271) User=0.01s Sys=0.00s Real=0.01s
[14391.104s][info][gc,start       ] GC(33272) Pause Young (Allocation Failure)
[14391.107s][info][gc,heap        ] GC(33272) PSYoungGen: 82560K(84480K)->1408K(84480K) Eden: 81920K(81920K)->0K(81920K) From: 640K(2560K)->1408K(2560K)
[14391.107s][info][gc,heap        ] GC(33272) ParOldGen: 170493K(175104K)->170541K(175104K)
[14391.107s][info][gc,metaspace   ] GC(33272) Metaspace: 62232K(62528K)->62232K(62528K) NonClass: 53199K(53440K)->53199K(53440K) Class: 9032K(9088K)->9032K(9088K)
[14391.107s][info][gc             ] GC(33272) Pause Young (Allocation Failure) 247M->167M(253M) 2.738ms
[14391.107s][info][gc,cpu         ] GC(33272) User=0.01s Sys=0.00s Real=0.01s
[14391.552s][info][gc,start       ] GC(33273) Pause Young (Allocation Failure)
[14391.554s][info][gc,heap        ] GC(33273) PSYoungGen: 83328K(84480K)->704K(84480K) Eden: 81920K(81920K)->0K(81920K) From: 1408K(2560K)->704K(2560K)
[14391.554s][info][gc,heap        ] GC(33273) ParOldGen: 170541K(175104K)->170589K(175104K)
[14391.554s][info][gc,metaspace   ] GC(33273) Metaspace: 62232K(62528K)->62232K(62528K) NonClass: 53199K(53440K)->53199K(53440K) Class: 9032K(9088K)->9032K(9088K)
[14391.554s][info][gc             ] GC(33273) Pause Young (Allocation Failure) 247M->167M(253M) 2.117ms
[14391.555s][info][gc,cpu         ] GC(33273) User=0.01s Sys=0.00s Real=0.00s
[14392.064s][info][gc,start       ] GC(33274) Pause Young (Allocation Failure)
[14392.066s][info][gc,heap        ] GC(33274) PSYoungGen: 82624K(84480K)->896K(84480K) Eden: 81920K(81920K)->0K(81920K) From: 704K(2560K)->896K(2560K)
[14392.066s][info][gc,heap        ] GC(33274) ParOldGen: 170589K(175104K)->170637K(175104K)
[14392.066s][info][gc,metaspace   ] GC(33274) Metaspace: 62232K(62528K)->62232K(62528K) NonClass: 53199K(53440K)->53199K(53440K) Class: 9032K(9088K)->9032K(9088K)
[14392.066s][info][gc             ] GC(33274) Pause Young (Allocation Failure) 247M->167M(253M) 2.260ms
[14392.066s][info][gc,cpu         ] GC(33274) User=0.00s Sys=0.00s Real=0.00s
[14392.510s][info][gc,start       ] GC(33275) Pause Young (Allocation Failure)
[14392.512s][info][gc,heap        ] GC(33275) PSYoungGen: 82816K(84480K)->1568K(84480K) Eden: 81920K(81920K)->0K(81920K) From: 896K(2560K)->1568K(2560K)
[14392.512s][info][gc,heap        ] GC(33275) ParOldGen: 170637K(175104K)->170741K(175104K)
[14392.512s][info][gc,metaspace   ] GC(33275) Metaspace: 62232K(62528K)->62232K(62528K) NonClass: 53199K(53440K)->53199K(53440K) Class: 9032K(9088K)->9032K(9088K)
[14392.513s][info][gc             ] GC(33275) Pause Young (Allocation Failure) 247M->168M(253M) 2.999ms
[14392.513s][info][gc,cpu         ] GC(33275) User=0.00s Sys=0.00s Real=0.00s
[14392.976s][info][gc,start       ] GC(33276) Pause Young (Allocation Failure)
[14392.979s][info][gc,heap        ] GC(33276) PSYoungGen: 83488K(84480K)->1024K(84480K) Eden: 81920K(81920K)->0K(81920K) From: 1568K(2560K)->1024K(2560K)
[14392.979s][info][gc,heap        ] GC(33276) ParOldGen: 170741K(175104K)->170789K(175104K)
[14392.979s][info][gc,metaspace   ] GC(33276) Metaspace: 62232K(62528K)->62232K(62528K) NonClass: 53199K(53440K)->53199K(53440K) Class: 9032K(9088K)->9032K(9088K)
[14392.979s][info][gc             ] GC(33276) Pause Young (Allocation Failure) 248M->167M(253M) 2.454ms
[14392.979s][info][gc,cpu         ] GC(33276) User=0.00s Sys=0.00s Real=0.00s
[14393.447s][info][gc,start       ] GC(33277) Pause Young (Allocation Failure)
[14393.449s][info][gc,heap        ] GC(33277) PSYoungGen: 82944K(84480K)->640K(84480K) Eden: 81920K(81920K)->0K(81920K) From: 1024K(2560K)->640K(2560K)
[14393.449s][info][gc,heap        ] GC(33277) ParOldGen: 170789K(175104K)->170837K(175104K)
[14393.449s][info][gc,metaspace   ] GC(33277) Metaspace: 62232K(62528K)->62232K(62528K) NonClass: 53199K(53440K)->53199K(53440K) Class: 9032K(9088K)->9032K(9088K)
[14393.449s][info][gc             ] GC(33277) Pause Young (Allocation Failure) 247M->167M(253M) 1.883ms
[14393.449s][info][gc,cpu         ] GC(33277) User=0.00s Sys=0.00s Real=0.00s
[14393.868s][info][gc,start       ] GC(33278) Pause Young (Allocation Failure)
[14393.871s][info][gc,heap        ] GC(33278) PSYoungGen: 82560K(84480K)->2016K(84480K) Eden: 81920K(81920K)->0K(81920K) From: 640K(2560K)->2016K(2560K)
[14393.871s][info][gc,heap        ] GC(33278) ParOldGen: 170837K(175104K)->171917K(175104K)
[14393.871s][info][gc,metaspace   ] GC(33278) Metaspace: 62232K(62528K)->62232K(62528K) NonClass: 53199K(53440K)->53199K(53440K) Class: 9032K(9088K)->9032K(9088K)
[14393.871s][info][gc             ] GC(33278) Pause Young (Allocation Failure) 247M->169M(253M) 2.527ms
[14393.871s][info][gc,cpu         ] GC(33278) User=0.00s Sys=0.00s Real=0.00s
[14394.264s][info][gc,start       ] GC(33279) Pause Young (Allocation Failure)
[14394.266s][info][gc,heap        ] GC(33279) PSYoungGen: 83936K(84480K)->992K(84480K) Eden: 81920K(81920K)->0K(81920K) From: 2016K(2560K)->992K(2560K)
[14394.266s][info][gc,heap        ] GC(33279) ParOldGen: 171917K(175104K)->171973K(175104K)
[14394.266s][info][gc,metaspace   ] GC(33279) Metaspace: 62232K(62528K)->62232K(62528K) NonClass: 53199K(53440K)->53199K(53440K) Class: 9032K(9088K)->9032K(9088K)
[14394.266s][info][gc             ] GC(33279) Pause Young (Allocation Failure) 249M->168M(253M) 2.317ms
[14394.266s][info][gc,cpu         ] GC(33279) User=0.00s Sys=0.00s Real=0.01s
[14394.723s][info][gc,start       ] GC(33280) Pause Young (Allocation Failure)
[14394.724s][info][gc,heap        ] GC(33280) PSYoungGen: 82912K(84480K)->256K(84480K) Eden: 81920K(81920K)->0K(81920K) From: 992K(2560K)->256K(2560K)
[14394.724s][info][gc,heap        ] GC(33280) ParOldGen: 171973K(175104K)->172021K(175104K)
[14394.724s][info][gc,metaspace   ] GC(33280) Metaspace: 62232K(62528K)->62232K(62528K) NonClass: 53199K(53440K)->53199K(53440K) Class: 9032K(9088K)->9032K(9088K)
[14394.724s][info][gc             ] GC(33280) Pause Young (Allocation Failure) 248M->168M(253M) 1.625ms
[14394.724s][info][gc,cpu         ] GC(33280) User=0.00s Sys=0.00s Real=0.00s
[14395.171s][info][gc,start       ] GC(33281) Pause Young (Allocation Failure)
[14395.174s][info][gc,heap        ] GC(33281) PSYoungGen: 82176K(84480K)->960K(84480K) Eden: 81920K(81920K)->0K(81920K) From: 256K(2560K)->960K(2560K)
[14395.174s][info][gc,heap        ] GC(33281) ParOldGen: 172021K(175104K)->172077K(175104K)
[14395.174s][info][gc,metaspace   ] GC(33281) Metaspace: 62232K(62528K)->62232K(62528K) NonClass: 53199K(53440K)->53199K(53440K) Class: 9032K(9088K)->9032K(9088K)
[14395.174s][info][gc             ] GC(33281) Pause Young (Allocation Failure) 248M->168M(253M) 2.261ms
[14395.174s][info][gc,cpu         ] GC(33281) User=0.01s Sys=0.00s Real=0.00s
[14395.584s][info][gc,start       ] GC(33282) Pause Young (Allocation Failure)
[14395.587s][info][gc,heap        ] GC(33282) PSYoungGen: 82880K(84480K)->1376K(84480K) Eden: 81920K(81920K)->0K(81920K) From: 960K(2560K)->1376K(2560K)
[14395.587s][info][gc,heap        ] GC(33282) ParOldGen: 172077K(175104K)->172125K(175104K)
[14395.587s][info][gc,metaspace   ] GC(33282) Metaspace: 62232K(62528K)->62232K(62528K) NonClass: 53199K(53440K)->53199K(53440K) Class: 9032K(9088K)->9032K(9088K)
[14395.587s][info][gc             ] GC(33282) Pause Young (Allocation Failure) 248M->169M(253M) 2.583ms
[14395.587s][info][gc,cpu         ] GC(33282) User=0.01s Sys=0.00s Real=0.01s
[14395.981s][info][gc,start       ] GC(33283) Pause Young (Allocation Failure)
[14395.984s][info][gc,heap        ] GC(33283) PSYoungGen: 83296K(84480K)->1248K(84480K) Eden: 81920K(81920K)->0K(81920K) From: 1376K(2560K)->1248K(2560K)
[14395.984s][info][gc,heap        ] GC(33283) ParOldGen: 172125K(175104K)->172173K(175104K)
[14395.984s][info][gc,metaspace   ] GC(33283) Metaspace: 62232K(62528K)->62232K(62528K) NonClass: 53199K(53440K)->53199K(53440K) Class: 9032K(9088K)->9032K(9088K)
[14395.984s][info][gc             ] GC(33283) Pause Young (Allocation Failure) 249M->169M(253M) 2.490ms
[14395.984s][info][gc,cpu         ] GC(33283) User=0.01s Sys=0.00s Real=0.00s
[14396.415s][info][gc,start       ] GC(33284) Pause Young (Allocation Failure)
[14396.418s][info][gc,heap        ] GC(33284) PSYoungGen: 83168K(84480K)->1632K(84480K) Eden: 81920K(81920K)->0K(81920K) From: 1248K(2560K)->1632K(2560K)
[14396.418s][info][gc,heap        ] GC(33284) ParOldGen: 172173K(175104K)->172221K(175104K)
[14396.418s][info][gc,metaspace   ] GC(33284) Metaspace: 62232K(62528K)->62232K(62528K) NonClass: 53199K(53440K)->53199K(53440K) Class: 9032K(9088K)->9032K(9088K)
[14396.418s][info][gc             ] GC(33284) Pause Young (Allocation Failure) 249M->169M(253M) 2.816ms
[14396.418s][info][gc,cpu         ] GC(33284) User=0.00s Sys=0.00s Real=0.01s
[14396.822s][info][gc,start       ] GC(33285) Pause Young (Allocation Failure)
[14396.824s][info][gc,heap        ] GC(33285) PSYoungGen: 83552K(84480K)->256K(84480K) Eden: 81920K(81920K)->0K(81920K) From: 1632K(2560K)->256K(2560K)
[14396.824s][info][gc,heap        ] GC(33285) ParOldGen: 172221K(175104K)->172269K(175104K)
[14396.824s][info][gc,metaspace   ] GC(33285) Metaspace: 62232K(62528K)->62232K(62528K) NonClass: 53199K(53440K)->53199K(53440K) Class: 9032K(9088K)->9032K(9088K)
[14396.824s][info][gc             ] GC(33285) Pause Young (Allocation Failure) 249M->168M(253M) 1.690ms
[14396.824s][info][gc,cpu         ] GC(33285) User=0.00s Sys=0.00s Real=0.00s
[14397.241s][info][gc,start       ] GC(33286) Pause Young (Allocation Failure)
[14397.242s][info][gc,heap        ] GC(33286) PSYoungGen: 82176K(84480K)->544K(84480K) Eden: 81920K(81920K)->0K(81920K) From: 256K(2560K)->544K(2560K)
[14397.242s][info][gc,heap        ] GC(33286) ParOldGen: 172269K(175104K)->172325K(175104K)
[14397.242s][info][gc,metaspace   ] GC(33286) Metaspace: 62232K(62528K)->62232K(62528K) NonClass: 53199K(53440K)->53199K(53440K) Class: 9032K(9088K)->9032K(9088K)
[14397.242s][info][gc             ] GC(33286) Pause Young (Allocation Failure) 248M->168M(253M) 1.875ms
[14397.242s][info][gc,cpu         ] GC(33286) User=0.00s Sys=0.00s Real=0.00s
[14397.645s][info][gc,start       ] GC(33287) Pause Young (Allocation Failure)
[14397.647s][info][gc,heap        ] GC(33287) PSYoungGen: 82464K(84480K)->608K(84480K) Eden: 81920K(81920K)->0K(81920K) From: 544K(2560K)->608K(2560K)
[14397.647s][info][gc,heap        ] GC(33287) ParOldGen: 172325K(175104K)->172373K(175104K)
[14397.647s][info][gc,metaspace   ] GC(33287) Metaspace: 62232K(62528K)->62232K(62528K) NonClass: 53199K(53440K)->53199K(53440K) Class: 9032K(9088K)->9032K(9088K)
[14397.647s][info][gc             ] GC(33287) Pause Young (Allocation Failure) 248M->168M(253M) 1.941ms
[14397.647s][info][gc,cpu         ] GC(33287) User=0.00s Sys=0.00s Real=0.01s
[14398.063s][info][gc,start       ] GC(33288) Pause Young (Allocation Failure)
[14398.065s][info][gc,heap        ] GC(33288) PSYoungGen: 82528K(84480K)->1952K(84480K) Eden: 81920K(81920K)->0K(81920K) From: 608K(2560K)->1952K(2560K)
[14398.065s][info][gc,heap        ] GC(33288) ParOldGen: 172373K(175104K)->173453K(175104K)
[14398.065s][info][gc,metaspace   ] GC(33288) Metaspace: 62232K(62528K)->62232K(62528K) NonClass: 53199K(53440K)->53199K(53440K) Class: 9032K(9088K)->9032K(9088K)
[14398.065s][info][gc             ] GC(33288) Pause Young (Allocation Failure) 248M->171M(253M) 2.542ms
[14398.065s][info][gc,cpu         ] GC(33288) User=0.01s Sys=0.00s Real=0.00s
[14398.489s][info][gc,start       ] GC(33289) Pause Young (Allocation Failure)
[14398.492s][info][gc,heap        ] GC(33289) PSYoungGen: 83872K(84480K)->1248K(84480K) Eden: 81920K(81920K)->0K(81920K) From: 1952K(2560K)->1248K(2560K)
[14398.492s][info][gc,heap        ] GC(33289) ParOldGen: 173453K(175104K)->175549K(176640K)
[14398.492s][info][gc,metaspace   ] GC(33289) Metaspace: 62232K(62528K)->62232K(62528K) NonClass: 53199K(53440K)->53199K(53440K) Class: 9032K(9088K)->9032K(9088K)
[14398.492s][info][gc             ] GC(33289) Pause Young (Allocation Failure) 251M->172M(255M) 3.095ms
[14398.492s][info][gc,cpu         ] GC(33289) User=0.00s Sys=0.00s Real=0.00s
[14398.919s][info][gc,start       ] GC(33290) Pause Young (Allocation Failure)
[14398.921s][info][gc,heap        ] GC(33290) PSYoungGen: 83168K(84480K)->224K(84480K) Eden: 81920K(81920K)->0K(81920K) From: 1248K(2560K)->224K(2560K)
[14398.921s][info][gc,heap        ] GC(33290) ParOldGen: 175549K(176640K)->175597K(176640K)
[14398.921s][info][gc,metaspace   ] GC(33290) Metaspace: 62232K(62528K)->62232K(62528K) NonClass: 53199K(53440K)->53199K(53440K) Class: 9032K(9088K)->9032K(9088K)
[14398.921s][info][gc             ] GC(33290) Pause Young (Allocation Failure) 252M->171M(255M) 1.715ms
[14398.921s][info][gc,cpu         ] GC(33290) User=0.00s Sys=0.00s Real=0.00s
[14399.422s][info][gc,start       ] GC(33291) Pause Young (Allocation Failure)
[14399.424s][info][gc,heap        ] GC(33291) PSYoungGen: 82144K(84480K)->304K(84480K) Eden: 81920K(81920K)->0K(81920K) From: 224K(2560K)->304K(2560K)
[14399.424s][info][gc,heap        ] GC(33291) ParOldGen: 175597K(176640K)->175645K(176640K)
[14399.424s][info][gc,metaspace   ] GC(33291) Metaspace: 62232K(62528K)->62232K(62528K) NonClass: 53199K(53440K)->53199K(53440K) Class: 9032K(9088K)->9032K(9088K)
[14399.424s][info][gc             ] GC(33291) Pause Young (Allocation Failure) 251M->171M(255M) 1.751ms
[14399.424s][info][gc,cpu         ] GC(33291) User=0.00s Sys=0.00s Real=0.00s
[14399.882s][info][gc,start       ] GC(33292) Pause Young (Allocation Failure)
[14399.885s][info][gc,heap        ] GC(33292) PSYoungGen: 82224K(84480K)->1088K(84480K) Eden: 81920K(81920K)->0K(81920K) From: 304K(2560K)->1088K(2560K)
[14399.885s][info][gc,heap        ] GC(33292) ParOldGen: 175645K(176640K)->175749K(176640K)
[14399.885s][info][gc,metaspace   ] GC(33292) Metaspace: 62232K(62528K)->62232K(62528K) NonClass: 53199K(53440K)->53199K(53440K) Class: 9032K(9088K)->9032K(9088K)
[14399.885s][info][gc             ] GC(33292) Pause Young (Allocation Failure) 251M->172M(255M) 2.550ms
[14399.885s][info][gc,cpu         ] GC(33292) User=0.01s Sys=0.00s Real=0.00s
[14400.284s][info][gc,start       ] GC(33293) Pause Young (Allocation Failure)
[14400.287s][info][gc,heap        ] GC(33293) PSYoungGen: 83008K(84480K)->1408K(84480K) Eden: 81920K(81920K)->0K(81920K) From: 1088K(2560K)->1408K(2560K)
[14400.287s][info][gc,heap        ] GC(33293) ParOldGen: 175749K(176640K)->175797K(176640K)
[14400.287s][info][gc,metaspace   ] GC(33293) Metaspace: 62232K(62528K)->62232K(62528K) NonClass: 53199K(53440K)->53199K(53440K) Class: 9032K(9088K)->9032K(9088K)
[14400.287s][info][gc             ] GC(33293) Pause Young (Allocation Failure) 252M->173M(255M) 2.791ms
[14400.287s][info][gc,cpu         ] GC(33293) User=0.01s Sys=0.00s Real=0.01s
[14400.725s][info][gc,start       ] GC(33294) Pause Young (Allocation Failure)
[14400.727s][info][gc,heap        ] GC(33294) PSYoungGen: 83328K(84480K)->288K(84480K) Eden: 81920K(81920K)->0K(81920K) From: 1408K(2560K)->288K(2560K)
[14400.727s][info][gc,heap        ] GC(33294) ParOldGen: 175797K(176640K)->175845K(176640K)
[14400.727s][info][gc,metaspace   ] GC(33294) Metaspace: 62232K(62528K)->62232K(62528K) NonClass: 53199K(53440K)->53199K(53440K) Class: 9032K(9088K)->9032K(9088K)
[14400.727s][info][gc             ] GC(33294) Pause Young (Allocation Failure) 253M->172M(255M) 1.875ms
[14400.727s][info][gc,cpu         ] GC(33294) User=0.00s Sys=0.00s Real=0.01s
[14401.179s][info][gc,start       ] GC(33295) Pause Young (Allocation Failure)
[14401.181s][info][gc,heap        ] GC(33295) PSYoungGen: 82208K(84480K)->1056K(84480K) Eden: 81920K(81920K)->0K(81920K) From: 288K(2560K)->1056K(2560K)
[14401.181s][info][gc,heap        ] GC(33295) ParOldGen: 175845K(176640K)->175893K(176640K)
[14401.181s][info][gc,metaspace   ] GC(33295) Metaspace: 62232K(62528K)->62232K(62528K) NonClass: 53199K(53440K)->53199K(53440K) Class: 9032K(9088K)->9032K(9088K)
[14401.181s][info][gc             ] GC(33295) Pause Young (Allocation Failure) 252M->172M(255M) 2.336ms
[14401.181s][info][gc,cpu         ] GC(33295) User=0.00s Sys=0.00s Real=0.00s
[14401.640s][info][gc,start       ] GC(33296) Pause Young (Allocation Failure)
[14401.642s][info][gc,heap        ] GC(33296) PSYoungGen: 82976K(84480K)->512K(84480K) Eden: 81920K(81920K)->0K(81920K) From: 1056K(2560K)->512K(2560K)
[14401.642s][info][gc,heap        ] GC(33296) ParOldGen: 175893K(176640K)->175941K(176640K)
[14401.642s][info][gc,metaspace   ] GC(33296) Metaspace: 62232K(62528K)->62232K(62528K) NonClass: 53199K(53440K)->53199K(53440K) Class: 9032K(9088K)->9032K(9088K)
[14401.642s][info][gc             ] GC(33296) Pause Young (Allocation Failure) 252M->172M(255M) 1.869ms
[14401.642s][info][gc,cpu         ] GC(33296) User=0.00s Sys=0.00s Real=0.00s
[14402.107s][info][gc,start       ] GC(33297) Pause Young (Allocation Failure)
[14402.109s][info][gc,heap        ] GC(33297) PSYoungGen: 82432K(84480K)->1376K(84480K) Eden: 81920K(81920K)->0K(81920K) From: 512K(2560K)->1376K(2560K)
[14402.109s][info][gc,heap        ] GC(33297) ParOldGen: 175941K(176640K)->175989K(176640K)
[14402.109s][info][gc,metaspace   ] GC(33297) Metaspace: 62232K(62528K)->62232K(62528K) NonClass: 53199K(53440K)->53199K(53440K) Class: 9032K(9088K)->9032K(9088K)
[14402.109s][info][gc             ] GC(33297) Pause Young (Allocation Failure) 252M->173M(255M) 2.696ms
[14402.109s][info][gc,cpu         ] GC(33297) User=0.01s Sys=0.00s Real=0.00s
[14402.583s][info][gc,start       ] GC(33298) Pause Young (Allocation Failure)
[14402.585s][info][gc,heap        ] GC(33298) PSYoungGen: 83296K(84480K)->1088K(84480K) Eden: 81920K(81920K)->0K(81920K) From: 1376K(2560K)->1088K(2560K)
[14402.585s][info][gc,heap        ] GC(33298) ParOldGen: 175989K(176640K)->176037K(176640K)
[14402.585s][info][gc,metaspace   ] GC(33298) Metaspace: 62232K(62528K)->62232K(62528K) NonClass: 53199K(53440K)->53199K(53440K) Class: 9032K(9088K)->9032K(9088K)
[14402.585s][info][gc             ] GC(33298) Pause Young (Allocation Failure) 253M->172M(255M) 2.496ms
[14402.585s][info][gc,cpu         ] GC(33298) User=0.00s Sys=0.00s Real=0.00s
[14403.058s][info][gc,start       ] GC(33299) Pause Young (Allocation Failure)
[14403.060s][info][gc,heap        ] GC(33299) PSYoungGen: 83008K(84480K)->1760K(84480K) Eden: 81920K(81920K)->0K(81920K) From: 1088K(2560K)->1760K(2560K)
[14403.061s][info][gc,heap        ] GC(33299) ParOldGen: 176037K(176640K)->177117K(178176K)
[14403.061s][info][gc,metaspace   ] GC(33299) Metaspace: 62232K(62528K)->62232K(62528K) NonClass: 53199K(53440K)->53199K(53440K) Class: 9032K(9088K)->9032K(9088K)
[14403.061s][info][gc             ] GC(33299) Pause Young (Allocation Failure) 252M->174M(256M) 2.732ms
[14403.061s][info][gc,cpu         ] GC(33299) User=0.01s Sys=0.00s Real=0.00s
[14403.517s][info][gc,start       ] GC(33300) Pause Young (Allocation Failure)
[14403.520s][info][gc,heap        ] GC(33300) PSYoungGen: 83680K(84480K)->1600K(84480K) Eden: 81920K(81920K)->0K(81920K) From: 1760K(2560K)->1600K(2560K)
[14403.520s][info][gc,heap        ] GC(33300) ParOldGen: 177117K(178176K)->179213K(179712K)
[14403.520s][info][gc,metaspace   ] GC(33300) Metaspace: 62232K(62528K)->62232K(62528K) NonClass: 53199K(53440K)->53199K(53440K) Class: 9032K(9088K)->9032K(9088K)
[14403.520s][info][gc             ] GC(33300) Pause Young (Allocation Failure) 254M->176M(258M) 3.971ms
[14403.521s][info][gc,cpu         ] GC(33300) User=0.01s Sys=0.00s Real=0.00s
[14403.938s][info][gc,start       ] GC(33301) Pause Young (Allocation Failure)
[14403.940s][info][gc,heap        ] GC(33301) PSYoungGen: 83520K(84480K)->544K(84480K) Eden: 81920K(81920K)->0K(81920K) From: 1600K(2560K)->544K(2560K)
[14403.940s][info][gc,heap        ] GC(33301) ParOldGen: 179213K(179712K)->179261K(179712K)
[14403.940s][info][gc,metaspace   ] GC(33301) Metaspace: 62232K(62528K)->62232K(62528K) NonClass: 53199K(53440K)->53199K(53440K) Class: 9032K(9088K)->9032K(9088K)
[14403.941s][info][gc             ] GC(33301) Pause Young (Allocation Failure) 256M->175M(258M) 2.078ms
[14403.941s][info][gc,cpu         ] GC(33301) User=0.00s Sys=0.00s Real=0.00s
[14404.332s][info][gc,start       ] GC(33302) Pause Young (Allocation Failure)
[14404.334s][info][gc,heap        ] GC(33302) PSYoungGen: 82464K(84480K)->384K(84480K) Eden: 81920K(81920K)->0K(81920K) From: 544K(2560K)->384K(2560K)
[14404.334s][info][gc,heap        ] GC(33302) ParOldGen: 179261K(179712K)->179309K(179712K)
[14404.334s][info][gc,metaspace   ] GC(33302) Metaspace: 62232K(62528K)->62232K(62528K) NonClass: 53199K(53440K)->53199K(53440K) Class: 9032K(9088K)->9032K(9088K)
[14404.334s][info][gc             ] GC(33302) Pause Young (Allocation Failure) 255M->175M(258M) 1.774ms
[14404.334s][info][gc,cpu         ] GC(33302) User=0.00s Sys=0.00s Real=0.00s
[14404.761s][info][gc,start       ] GC(33303) Pause Young (Allocation Failure)
[14404.763s][info][gc,heap        ] GC(33303) PSYoungGen: 82304K(84480K)->864K(84480K) Eden: 81920K(81920K)->0K(81920K) From: 384K(2560K)->864K(2560K)
[14404.763s][info][gc,heap        ] GC(33303) ParOldGen: 179309K(179712K)->179365K(179712K)
[14404.763s][info][gc,metaspace   ] GC(33303) Metaspace: 62232K(62528K)->62232K(62528K) NonClass: 53199K(53440K)->53199K(53440K) Class: 9032K(9088K)->9032K(9088K)
[14404.763s][info][gc             ] GC(33303) Pause Young (Allocation Failure) 255M->176M(258M) 2.290ms
[14404.763s][info][gc,cpu         ] GC(33303) User=0.01s Sys=0.00s Real=0.00s
[14405.207s][info][gc,start       ] GC(33304) Pause Young (Allocation Failure)
[14405.210s][info][gc,heap        ] GC(33304) PSYoungGen: 82784K(84480K)->1536K(84480K) Eden: 81920K(81920K)->0K(81920K) From: 864K(2560K)->1536K(2560K)
[14405.210s][info][gc,heap        ] GC(33304) ParOldGen: 179365K(179712K)->179413K(179712K)
[14405.210s][info][gc,metaspace   ] GC(33304) Metaspace: 62232K(62528K)->62232K(62528K) NonClass: 53199K(53440K)->53199K(53440K) Class: 9032K(9088K)->9032K(9088K)
[14405.210s][info][gc             ] GC(33304) Pause Young (Allocation Failure) 256M->176M(258M) 2.903ms
[14405.210s][info][gc,cpu         ] GC(33304) User=0.00s Sys=0.01s Real=0.00s
[14405.651s][info][gc,start       ] GC(33305) Pause Young (Allocation Failure)
[14405.654s][info][gc,heap        ] GC(33305) PSYoungGen: 83442K(84480K)->2528K(83456K) Eden: 81906K(81920K)->0K(80896K) From: 1536K(2560K)->2528K(2560K)
[14405.654s][info][gc,heap        ] GC(33305) ParOldGen: 179413K(179712K)->179485K(179712K)
[14405.654s][info][gc,metaspace   ] GC(33305) Metaspace: 62242K(62528K)->62242K(62528K) NonClass: 53209K(53440K)->53209K(53440K) Class: 9032K(9088K)->9032K(9088K)
[14405.654s][info][gc             ] GC(33305) Pause Young (Allocation Failure) 256M->177M(257M) 3.399ms
[14405.655s][info][gc,cpu         ] GC(33305) User=0.01s Sys=0.00s Real=0.00s
[14406.212s][info][gc,start       ] GC(33306) Pause Young (Allocation Failure)
[14406.219s][info][gc,heap        ] GC(33306) PSYoungGen: 83424K(83456K)->1888K(83968K) Eden: 80896K(80896K)->0K(80896K) From: 2528K(2560K)->1888K(3072K)
[14406.219s][info][gc,heap        ] GC(33306) ParOldGen: 179485K(179712K)->182693K(182784K)
[14406.219s][info][gc,metaspace   ] GC(33306) Metaspace: 62270K(62592K)->62270K(62592K) NonClass: 53230K(53440K)->53230K(53440K) Class: 9039K(9152K)->9039K(9152K)
[14406.219s][info][gc             ] GC(33306) Pause Young (Allocation Failure) 256M->180M(260M) 7.150ms
[14406.219s][info][gc,cpu         ] GC(33306) User=0.01s Sys=0.01s Real=0.01s
[14406.873s][info][gc,start       ] GC(33307) Pause Young (Allocation Failure)
[14406.877s][info][gc,heap        ] GC(33307) PSYoungGen: 82784K(83968K)->640K(83968K) Eden: 80896K(80896K)->0K(80896K) From: 1888K(3072K)->640K(3072K)
[14406.877s][info][gc,heap        ] GC(33307) ParOldGen: 182693K(182784K)->184853K(186368K)
[14406.877s][info][gc,metaspace   ] GC(33307) Metaspace: 62310K(62592K)->62310K(62592K) NonClass: 53271K(53440K)->53271K(53440K) Class: 9039K(9152K)->9039K(9152K)
[14406.877s][info][gc             ] GC(33307) Pause Young (Allocation Failure) 259M->181M(264M) 3.850ms
[14406.877s][info][gc,cpu         ] GC(33307) User=0.01s Sys=0.00s Real=0.01s
[14407.434s][info][gc,start       ] GC(33308) Pause Young (Allocation Failure)
[14407.436s][info][gc,heap        ] GC(33308) PSYoungGen: 81536K(83968K)->432K(83968K) Eden: 80896K(80896K)->0K(80896K) From: 640K(3072K)->432K(3072K)
[14407.436s][info][gc,heap        ] GC(33308) ParOldGen: 184853K(186368K)->184989K(186368K)
[14407.436s][info][gc,metaspace   ] GC(33308) Metaspace: 62310K(62592K)->62310K(62592K) NonClass: 53271K(53440K)->53271K(53440K) Class: 9039K(9152K)->9039K(9152K)
[14407.436s][info][gc             ] GC(33308) Pause Young (Allocation Failure) 260M->181M(264M) 2.189ms
[14407.436s][info][gc,cpu         ] GC(33308) User=0.00s Sys=0.00s Real=0.00s
[14407.859s][info][gc,start       ] GC(33309) Pause Young (Allocation Failure)
[14407.862s][info][gc,heap        ] GC(33309) PSYoungGen: 81328K(83968K)->832K(83968K) Eden: 80896K(80896K)->0K(80896K) From: 432K(3072K)->832K(3072K)
[14407.862s][info][gc,heap        ] GC(33309) ParOldGen: 184989K(186368K)->185085K(186368K)
[14407.862s][info][gc,metaspace   ] GC(33309) Metaspace: 62310K(62592K)->62310K(62592K) NonClass: 53271K(53440K)->53271K(53440K) Class: 9039K(9152K)->9039K(9152K)
[14407.862s][info][gc             ] GC(33309) Pause Young (Allocation Failure) 260M->181M(264M) 3.024ms
[14407.862s][info][gc,cpu         ] GC(33309) User=0.01s Sys=0.00s Real=0.00s
[14408.281s][info][gc,start       ] GC(33310) Pause Young (Allocation Failure)
[14408.284s][info][gc,heap        ] GC(33310) PSYoungGen: 81728K(83968K)->3040K(83968K) Eden: 80896K(80896K)->0K(80896K) From: 832K(3072K)->3040K(3072K)
[14408.284s][info][gc,heap        ] GC(33310) ParOldGen: 185085K(186368K)->185253K(186368K)
[14408.284s][info][gc,metaspace   ] GC(33310) Metaspace: 62310K(62592K)->62310K(62592K) NonClass: 53271K(53440K)->53271K(53440K) Class: 9039K(9152K)->9039K(9152K)
[14408.284s][info][gc             ] GC(33310) Pause Young (Allocation Failure) 260M->183M(264M) 2.869ms
[14408.284s][info][gc,cpu         ] GC(33310) User=0.01s Sys=0.00s Real=0.00s
[14408.729s][info][gc,start       ] GC(33311) Pause Young (Allocation Failure)
[14408.732s][info][gc,heap        ] GC(33311) PSYoungGen: 83936K(83968K)->352K(82944K) Eden: 80896K(80896K)->0K(79872K) From: 3040K(3072K)->352K(3072K)
[14408.732s][info][gc,heap        ] GC(33311) ParOldGen: 185253K(186368K)->187325K(187904K)
[14408.732s][info][gc,metaspace   ] GC(33311) Metaspace: 62310K(62592K)->62310K(62592K) NonClass: 53271K(53440K)->53271K(53440K) Class: 9039K(9152K)->9039K(9152K)
[14408.732s][info][gc             ] GC(33311) Pause Young (Allocation Failure) 262M->183M(264M) 2.969ms
[14408.732s][info][gc,cpu         ] GC(33311) User=0.01s Sys=0.00s Real=0.00s
[14409.185s][info][gc,start       ] GC(33312) Pause Young (Allocation Failure)
[14409.187s][info][gc,heap        ] GC(33312) PSYoungGen: 80224K(82944K)->1120K(83456K) Eden: 79872K(79872K)->0K(79872K) From: 352K(3072K)->1120K(3584K)
[14409.187s][info][gc,heap        ] GC(33312) ParOldGen: 187325K(187904K)->187373K(187904K)
[14409.187s][info][gc,metaspace   ] GC(33312) Metaspace: 62310K(62592K)->62310K(62592K) NonClass: 53271K(53440K)->53271K(53440K) Class: 9039K(9152K)->9039K(9152K)
[14409.187s][info][gc             ] GC(33312) Pause Young (Allocation Failure) 261M->184M(265M) 2.633ms
[14409.187s][info][gc,cpu         ] GC(33312) User=0.00s Sys=0.00s Real=0.01s
[14409.593s][info][gc,start       ] GC(33313) Pause Young (Allocation Failure)
[14409.596s][info][gc,heap        ] GC(33313) PSYoungGen: 80992K(83456K)->1536K(83968K) Eden: 79872K(79872K)->0K(80896K) From: 1120K(3584K)->1536K(3072K)
[14409.596s][info][gc,heap        ] GC(33313) ParOldGen: 187373K(187904K)->187429K(187904K)
[14409.596s][info][gc,metaspace   ] GC(33313) Metaspace: 62313K(62592K)->62313K(62592K) NonClass: 53273K(53440K)->53273K(53440K) Class: 9039K(9152K)->9039K(9152K)
[14409.596s][info][gc             ] GC(33313) Pause Young (Allocation Failure) 262M->184M(265M) 2.893ms
[14409.596s][info][gc,cpu         ] GC(33313) User=0.01s Sys=0.00s Real=0.00s
[14409.970s][info][gc,start       ] GC(33314) Pause Young (Allocation Failure)
[14409.972s][info][gc,heap        ] GC(33314) PSYoungGen: 82432K(83968K)->1088K(83968K) Eden: 80896K(80896K)->0K(80896K) From: 1536K(3072K)->1088K(3072K)
[14409.972s][info][gc,heap        ] GC(33314) ParOldGen: 187429K(187904K)->187477K(187904K)
[14409.972s][info][gc,metaspace   ] GC(33314) Metaspace: 62313K(62592K)->62313K(62592K) NonClass: 53273K(53440K)->53273K(53440K) Class: 9039K(9152K)->9039K(9152K)
[14409.972s][info][gc             ] GC(33314) Pause Young (Allocation Failure) 263M->184M(265M) 2.533ms
[14409.972s][info][gc,cpu         ] GC(33314) User=0.01s Sys=0.00s Real=0.00s
[14410.333s][info][gc,start       ] GC(33315) Pause Young (Allocation Failure)
[14410.335s][info][gc,heap        ] GC(33315) PSYoungGen: 81984K(83968K)->448K(83968K) Eden: 80896K(80896K)->0K(80896K) From: 1088K(3072K)->448K(3072K)
[14410.335s][info][gc,heap        ] GC(33315) ParOldGen: 187477K(187904K)->187525K(187904K)
[14410.335s][info][gc,metaspace   ] GC(33315) Metaspace: 62313K(62592K)->62313K(62592K) NonClass: 53273K(53440K)->53273K(53440K) Class: 9039K(9152K)->9039K(9152K)
[14410.335s][info][gc             ] GC(33315) Pause Young (Allocation Failure) 263M->183M(265M) 1.853ms
[14410.335s][info][gc,cpu         ] GC(33315) User=0.01s Sys=0.00s Real=0.00s
[14410.736s][info][gc,start       ] GC(33316) Pause Young (Allocation Failure)
[14410.738s][info][gc,heap        ] GC(33316) PSYoungGen: 81344K(83968K)->480K(83968K) Eden: 80896K(80896K)->0K(80896K) From: 448K(3072K)->480K(3072K)
[14410.738s][info][gc,heap        ] GC(33316) ParOldGen: 187525K(187904K)->187573K(187904K)
[14410.738s][info][gc,metaspace   ] GC(33316) Metaspace: 62313K(62592K)->62313K(62592K) NonClass: 53273K(53440K)->53273K(53440K) Class: 9039K(9152K)->9039K(9152K)
[14410.738s][info][gc             ] GC(33316) Pause Young (Allocation Failure) 262M->183M(265M) 1.906ms
[14410.738s][info][gc,cpu         ] GC(33316) User=0.01s Sys=0.00s Real=0.00s
[14411.191s][info][gc,start       ] GC(33317) Pause Young (Allocation Failure)
[14411.194s][info][gc,heap        ] GC(33317) PSYoungGen: 81376K(83968K)->1280K(83968K) Eden: 80896K(80896K)->0K(80896K) From: 480K(3072K)->1280K(3072K)
[14411.194s][info][gc,heap        ] GC(33317) ParOldGen: 187573K(187904K)->187621K(187904K)
[14411.194s][info][gc,metaspace   ] GC(33317) Metaspace: 62313K(62592K)->62313K(62592K) NonClass: 53273K(53440K)->53273K(53440K) Class: 9039K(9152K)->9039K(9152K)
[14411.194s][info][gc             ] GC(33317) Pause Young (Allocation Failure) 262M->184M(265M) 2.705ms
[14411.194s][info][gc,cpu         ] GC(33317) User=0.00s Sys=0.00s Real=0.00s
[14411.589s][info][gc,start       ] GC(33318) Pause Young (Allocation Failure)
[14411.592s][info][gc,heap        ] GC(33318) PSYoungGen: 82176K(83968K)->1440K(83968K) Eden: 80896K(80896K)->0K(80896K) From: 1280K(3072K)->1440K(3072K)
[14411.592s][info][gc,heap        ] GC(33318) ParOldGen: 187621K(187904K)->187677K(187904K)
[14411.592s][info][gc,metaspace   ] GC(33318) Metaspace: 62313K(62592K)->62313K(62592K) NonClass: 53273K(53440K)->53273K(53440K) Class: 9039K(9152K)->9039K(9152K)
[14411.592s][info][gc             ] GC(33318) Pause Young (Allocation Failure) 263M->184M(265M) 2.784ms
[14411.592s][info][gc,cpu         ] GC(33318) User=0.01s Sys=0.00s Real=0.00s
[14411.992s][info][gc,start       ] GC(33319) Pause Young (Allocation Failure)
[14411.994s][info][gc,heap        ] GC(33319) PSYoungGen: 82335K(83968K)->1312K(84480K) Eden: 80895K(80896K)->0K(81408K) From: 1440K(3072K)->1312K(3072K)
[14411.994s][info][gc,heap        ] GC(33319) ParOldGen: 187677K(187904K)->187733K(187904K)
[14411.994s][info][gc,metaspace   ] GC(33319) Metaspace: 62313K(62592K)->62313K(62592K) NonClass: 53273K(53440K)->53273K(53440K) Class: 9039K(9152K)->9039K(9152K)
[14411.994s][info][gc             ] GC(33319) Pause Young (Allocation Failure) 263M->184M(266M) 2.574ms
[14411.994s][info][gc,cpu         ] GC(33319) User=0.01s Sys=0.00s Real=0.00s
[14412.448s][info][gc,start       ] GC(33320) Pause Young (Allocation Failure)
[14412.451s][info][gc,heap        ] GC(33320) PSYoungGen: 82720K(84480K)->2528K(83968K) Eden: 81408K(81408K)->0K(81408K) From: 1312K(3072K)->2528K(2560K)
[14412.451s][info][gc,heap        ] GC(33320) ParOldGen: 187733K(187904K)->187901K(187904K)
[14412.451s][info][gc,metaspace   ] GC(33320) Metaspace: 62313K(62592K)->62313K(62592K) NonClass: 53273K(53440K)->53273K(53440K) Class: 9039K(9152K)->9039K(9152K)
[14412.451s][info][gc             ] GC(33320) Pause Young (Allocation Failure) 264M->185M(265M) 2.406ms
[14412.451s][info][gc,cpu         ] GC(33320) User=0.00s Sys=0.00s Real=0.00s
[14412.917s][info][gc,start       ] GC(33321) Pause Young (Allocation Failure)
[14412.921s][info][gc,heap        ] GC(33321) PSYoungGen: 83936K(83968K)->1760K(83968K) Eden: 81408K(81408K)->0K(80896K) From: 2528K(2560K)->1760K(3072K)
[14412.921s][info][gc,heap        ] GC(33321) ParOldGen: 187901K(187904K)->189981K(190976K)
[14412.921s][info][gc,metaspace   ] GC(33321) Metaspace: 62313K(62592K)->62313K(62592K) NonClass: 53273K(53440K)->53273K(53440K) Class: 9039K(9152K)->9039K(9152K)
[14412.921s][info][gc             ] GC(33321) Pause Young (Allocation Failure) 265M->187M(268M) 4.306ms
[14412.921s][info][gc,cpu         ] GC(33321) User=0.00s Sys=0.00s Real=0.00s
[14413.346s][info][gc,start       ] GC(33322) Pause Young (Allocation Failure)
[14413.349s][info][gc,heap        ] GC(33322) PSYoungGen: 82656K(83968K)->608K(83968K) Eden: 80896K(80896K)->0K(80896K) From: 1760K(3072K)->608K(3072K)
[14413.349s][info][gc,heap        ] GC(33322) ParOldGen: 189981K(190976K)->190037K(190976K)
[14413.349s][info][gc,metaspace   ] GC(33322) Metaspace: 62313K(62592K)->62313K(62592K) NonClass: 53273K(53440K)->53273K(53440K) Class: 9039K(9152K)->9039K(9152K)
[14413.349s][info][gc             ] GC(33322) Pause Young (Allocation Failure) 266M->186M(268M) 2.285ms
[14413.349s][info][gc,cpu         ] GC(33322) User=0.00s Sys=0.00s Real=0.00s
[14413.820s][info][gc,start       ] GC(33323) Pause Young (Allocation Failure)
[14413.822s][info][gc,heap        ] GC(33323) PSYoungGen: 81504K(83968K)->256K(83968K) Eden: 80896K(80896K)->0K(80896K) From: 608K(3072K)->256K(3072K)
[14413.822s][info][gc,heap        ] GC(33323) ParOldGen: 190037K(190976K)->190085K(190976K)
[14413.822s][info][gc,metaspace   ] GC(33323) Metaspace: 62313K(62592K)->62313K(62592K) NonClass: 53273K(53440K)->53273K(53440K) Class: 9039K(9152K)->9039K(9152K)
[14413.822s][info][gc             ] GC(33323) Pause Young (Allocation Failure) 265M->185M(268M) 1.853ms
[14413.822s][info][gc,cpu         ] GC(33323) User=0.00s Sys=0.00s Real=0.00s
[14414.304s][info][gc,start       ] GC(33324) Pause Young (Allocation Failure)
[14414.307s][info][gc,heap        ] GC(33324) PSYoungGen: 81152K(83968K)->1088K(83968K) Eden: 80896K(80896K)->0K(80896K) From: 256K(3072K)->1088K(3072K)
[14414.307s][info][gc,heap        ] GC(33324) ParOldGen: 190085K(190976K)->190133K(190976K)
[14414.307s][info][gc,metaspace   ] GC(33324) Metaspace: 62313K(62592K)->62313K(62592K) NonClass: 53273K(53440K)->53273K(53440K) Class: 9039K(9152K)->9039K(9152K)
[14414.307s][info][gc             ] GC(33324) Pause Young (Allocation Failure) 264M->186M(268M) 2.478ms
[14414.307s][info][gc,cpu         ] GC(33324) User=0.00s Sys=0.00s Real=0.01s
[14414.772s][info][gc,start       ] GC(33325) Pause Young (Allocation Failure)
[14414.774s][info][gc,heap        ] GC(33325) PSYoungGen: 81984K(83968K)->928K(83968K) Eden: 80896K(80896K)->0K(80896K) From: 1088K(3072K)->928K(3072K)
[14414.774s][info][gc,heap        ] GC(33325) ParOldGen: 190133K(190976K)->190237K(190976K)
[14414.774s][info][gc,metaspace   ] GC(33325) Metaspace: 62313K(62592K)->62313K(62592K) NonClass: 53273K(53440K)->53273K(53440K) Class: 9039K(9152K)->9039K(9152K)
[14414.774s][info][gc             ] GC(33325) Pause Young (Allocation Failure) 265M->186M(268M) 2.384ms
[14414.774s][info][gc,cpu         ] GC(33325) User=0.01s Sys=0.00s Real=0.00s
[14415.240s][info][gc,start       ] GC(33326) Pause Young (Allocation Failure)
[14415.242s][info][gc,heap        ] GC(33326) PSYoungGen: 81824K(83968K)->480K(83968K) Eden: 80896K(80896K)->0K(80896K) From: 928K(3072K)->480K(3072K)
[14415.242s][info][gc,heap        ] GC(33326) ParOldGen: 190237K(190976K)->190293K(190976K)
[14415.242s][info][gc,metaspace   ] GC(33326) Metaspace: 62313K(62592K)->62313K(62592K) NonClass: 53273K(53440K)->53273K(53440K) Class: 9039K(9152K)->9039K(9152K)
[14415.242s][info][gc             ] GC(33326) Pause Young (Allocation Failure) 265M->186M(268M) 1.909ms
[14415.242s][info][gc,cpu         ] GC(33326) User=0.00s Sys=0.00s Real=0.00s
[14415.662s][info][gc,start       ] GC(33327) Pause Young (Allocation Failure)
[14415.664s][info][gc,heap        ] GC(33327) PSYoungGen: 81376K(83968K)->864K(84480K) Eden: 80896K(80896K)->0K(81408K) From: 480K(3072K)->864K(3072K)
[14415.664s][info][gc,heap        ] GC(33327) ParOldGen: 190293K(190976K)->190349K(190976K)
[14415.664s][info][gc,metaspace   ] GC(33327) Metaspace: 62313K(62592K)->62313K(62592K) NonClass: 53273K(53440K)->53273K(53440K) Class: 9039K(9152K)->9039K(9152K)
[14415.664s][info][gc             ] GC(33327) Pause Young (Allocation Failure) 265M->186M(269M) 2.174ms
[14415.664s][info][gc,cpu         ] GC(33327) User=0.00s Sys=0.00s Real=0.00s
[14416.115s][info][gc,start       ] GC(33328) Pause Young (Allocation Failure)
[14416.117s][info][gc,heap        ] GC(33328) PSYoungGen: 82272K(84480K)->1632K(83968K) Eden: 81408K(81408K)->0K(81408K) From: 864K(3072K)->1632K(2560K)
[14416.117s][info][gc,heap        ] GC(33328) ParOldGen: 190349K(190976K)->190397K(190976K)
[14416.117s][info][gc,metaspace   ] GC(33328) Metaspace: 62313K(62592K)->62313K(62592K) NonClass: 53273K(53440K)->53273K(53440K) Class: 9039K(9152K)->9039K(9152K)
[14416.117s][info][gc             ] GC(33328) Pause Young (Allocation Failure) 266M->187M(268M) 2.859ms
[14416.117s][info][gc,cpu         ] GC(33328) User=0.01s Sys=0.00s Real=0.01s
[14416.593s][info][gc,start       ] GC(33329) Pause Young (Allocation Failure)
[14416.595s][info][gc,heap        ] GC(33329) PSYoungGen: 83040K(83968K)->1248K(84480K) Eden: 81408K(81408K)->0K(81408K) From: 1632K(2560K)->1248K(3072K)
[14416.595s][info][gc,heap        ] GC(33329) ParOldGen: 190397K(190976K)->190445K(190976K)
[14416.595s][info][gc,metaspace   ] GC(33329) Metaspace: 62313K(62592K)->62313K(62592K) NonClass: 53273K(53440K)->53273K(53440K) Class: 9039K(9152K)->9039K(9152K)
[14416.595s][info][gc             ] GC(33329) Pause Young (Allocation Failure) 267M->187M(269M) 2.511ms
[14416.595s][info][gc,cpu         ] GC(33329) User=0.01s Sys=0.00s Real=0.00s
[14417.047s][info][gc,start       ] GC(33330) Pause Young (Allocation Failure)
[14417.049s][info][gc,heap        ] GC(33330) PSYoungGen: 82656K(84480K)->608K(83968K) Eden: 81408K(81408K)->0K(81408K) From: 1248K(3072K)->608K(2560K)
[14417.049s][info][gc,heap        ] GC(33330) ParOldGen: 190445K(190976K)->190493K(190976K)
[14417.049s][info][gc,metaspace   ] GC(33330) Metaspace: 62313K(62592K)->62313K(62592K) NonClass: 53273K(53440K)->53273K(53440K) Class: 9039K(9152K)->9039K(9152K)
[14417.049s][info][gc             ] GC(33330) Pause Young (Allocation Failure) 266M->186M(268M) 2.003ms
[14417.049s][info][gc,cpu         ] GC(33330) User=0.00s Sys=0.00s Real=0.00s
[14417.505s][info][gc,start       ] GC(33331) Pause Young (Allocation Failure)
[14417.509s][info][gc,heap        ] GC(33331) PSYoungGen: 82016K(83968K)->2464K(83456K) Eden: 81408K(81408K)->0K(80896K) From: 608K(2560K)->2464K(2560K)
[14417.509s][info][gc,heap        ] GC(33331) ParOldGen: 190493K(190976K)->191573K(192512K)
[14417.509s][info][gc,metaspace   ] GC(33331) Metaspace: 62313K(62592K)->62313K(62592K) NonClass: 53273K(53440K)->53273K(53440K) Class: 9039K(9152K)->9039K(9152K)
[14417.509s][info][gc             ] GC(33331) Pause Young (Allocation Failure) 266M->189M(269M) 3.434ms
[14417.509s][info][gc,cpu         ] GC(33331) User=0.01s Sys=0.01s Real=0.01s
[14417.954s][info][gc,start       ] GC(33332) Pause Young (Allocation Failure)
[14417.957s][info][gc,heap        ] GC(33332) PSYoungGen: 83360K(83456K)->704K(83968K) Eden: 80896K(80896K)->0K(80896K) From: 2464K(2560K)->704K(3072K)
[14417.957s][info][gc,heap        ] GC(33332) ParOldGen: 191573K(192512K)->193669K(194048K)
[14417.957s][info][gc,metaspace   ] GC(33332) Metaspace: 62313K(62592K)->62313K(62592K) NonClass: 53273K(53440K)->53273K(53440K) Class: 9039K(9152K)->9039K(9152K)
[14417.957s][info][gc             ] GC(33332) Pause Young (Allocation Failure) 268M->189M(271M) 3.351ms
[14417.957s][info][gc,cpu         ] GC(33332) User=0.00s Sys=0.01s Real=0.01s
[14418.409s][info][gc,start       ] GC(33333) Pause Young (Allocation Failure)
[14418.412s][info][gc,heap        ] GC(33333) PSYoungGen: 81600K(83968K)->1504K(83968K) Eden: 80896K(80896K)->0K(80896K) From: 704K(3072K)->1504K(3072K)
[14418.412s][info][gc,heap        ] GC(33333) ParOldGen: 193669K(194048K)->193717K(194048K)
[14418.412s][info][gc,metaspace   ] GC(33333) Metaspace: 62313K(62592K)->62313K(62592K) NonClass: 53273K(53440K)->53273K(53440K) Class: 9039K(9152K)->9039K(9152K)
[14418.412s][info][gc             ] GC(33333) Pause Young (Allocation Failure) 268M->190M(271M) 2.757ms
[14418.412s][info][gc,cpu         ] GC(33333) User=0.00s Sys=0.00s Real=0.00s
[14418.912s][info][gc,start       ] GC(33334) Pause Young (Allocation Failure)
[14418.914s][info][gc,heap        ] GC(33334) PSYoungGen: 82400K(83968K)->1472K(83968K) Eden: 80896K(80896K)->0K(80896K) From: 1504K(3072K)->1472K(3072K)
[14418.914s][info][gc,heap        ] GC(33334) ParOldGen: 193717K(194048K)->193765K(194048K)
[14418.914s][info][gc,metaspace   ] GC(33334) Metaspace: 62313K(62592K)->62313K(62592K) NonClass: 53273K(53440K)->53273K(53440K) Class: 9039K(9152K)->9039K(9152K)
[14418.914s][info][gc             ] GC(33334) Pause Young (Allocation Failure) 269M->190M(271M) 2.919ms
[14418.914s][info][gc,cpu         ] GC(33334) User=0.00s Sys=0.00s Real=0.00s
[14419.383s][info][gc,start       ] GC(33335) Pause Young (Allocation Failure)
[14419.385s][info][gc,heap        ] GC(33335) PSYoungGen: 82368K(83968K)->1088K(84480K) Eden: 80896K(80896K)->0K(81408K) From: 1472K(3072K)->1088K(3072K)
[14419.385s][info][gc,heap        ] GC(33335) ParOldGen: 193765K(194048K)->193813K(194048K)
[14419.385s][info][gc,metaspace   ] GC(33335) Metaspace: 62313K(62592K)->62313K(62592K) NonClass: 53273K(53440K)->53273K(53440K) Class: 9039K(9152K)->9039K(9152K)
[14419.385s][info][gc             ] GC(33335) Pause Young (Allocation Failure) 269M->190M(272M) 2.636ms
[14419.385s][info][gc,cpu         ] GC(33335) User=0.01s Sys=0.00s Real=0.00s
[14419.868s][info][gc,start       ] GC(33336) Pause Young (Allocation Failure)
[14419.870s][info][gc,heap        ] GC(33336) PSYoungGen: 82496K(84480K)->864K(83968K) Eden: 81408K(81408K)->0K(81408K) From: 1088K(3072K)->864K(2560K)
[14419.870s][info][gc,heap        ] GC(33336) ParOldGen: 193813K(194048K)->193869K(194048K)
[14419.870s][info][gc,metaspace   ] GC(33336) Metaspace: 62313K(62592K)->62313K(62592K) NonClass: 53273K(53440K)->53273K(53440K) Class: 9039K(9152K)->9039K(9152K)
[14419.870s][info][gc             ] GC(33336) Pause Young (Allocation Failure) 269M->190M(271M) 2.245ms
[14419.870s][info][gc,cpu         ] GC(33336) User=0.01s Sys=0.00s Real=0.00s
[14420.335s][info][gc,start       ] GC(33337) Pause Young (Allocation Failure)
[14420.337s][info][gc,heap        ] GC(33337) PSYoungGen: 82272K(83968K)->416K(84480K) Eden: 81408K(81408K)->0K(81920K) From: 864K(2560K)->416K(2560K)
[14420.337s][info][gc,heap        ] GC(33337) ParOldGen: 193869K(194048K)->193925K(194048K)
[14420.337s][info][gc,metaspace   ] GC(33337) Metaspace: 62313K(62592K)->62313K(62592K) NonClass: 53273K(53440K)->53273K(53440K) Class: 9039K(9152K)->9039K(9152K)
[14420.337s][info][gc             ] GC(33337) Pause Young (Allocation Failure) 269M->189M(272M) 1.905ms
[14420.337s][info][gc,cpu         ] GC(33337) User=0.00s Sys=0.00s Real=0.01s
[14420.802s][info][gc,start       ] GC(33338) Pause Young (Allocation Failure)
[14420.805s][info][gc,heap        ] GC(33338) PSYoungGen: 82336K(84480K)->1408K(84480K) Eden: 81920K(81920K)->0K(81920K) From: 416K(2560K)->1408K(2560K)
[14420.805s][info][gc,heap        ] GC(33338) ParOldGen: 193925K(194048K)->193973K(194048K)
[14420.805s][info][gc,metaspace   ] GC(33338) Metaspace: 62313K(62592K)->62313K(62592K) NonClass: 53273K(53440K)->53273K(53440K) Class: 9039K(9152K)->9039K(9152K)
[14420.805s][info][gc             ] GC(33338) Pause Young (Allocation Failure) 269M->190M(272M) 2.754ms
[14420.805s][info][gc,cpu         ] GC(33338) User=0.01s Sys=0.01s Real=0.00s
[14421.303s][info][gc,start       ] GC(33339) Pause Young (Allocation Failure)
[14421.306s][info][gc,heap        ] GC(33339) PSYoungGen: 83328K(84480K)->1280K(84480K) Eden: 81920K(81920K)->0K(81920K) From: 1408K(2560K)->1280K(2560K)
[14421.306s][info][gc,heap        ] GC(33339) ParOldGen: 193973K(194048K)->194021K(194048K)
[14421.306s][info][gc,metaspace   ] GC(33339) Metaspace: 62313K(62592K)->62313K(62592K) NonClass: 53273K(53440K)->53273K(53440K) Class: 9039K(9152K)->9039K(9152K)
[14421.306s][info][gc             ] GC(33339) Pause Young (Allocation Failure) 270M->190M(272M) 2.912ms
[14421.306s][info][gc,cpu         ] GC(33339) User=0.01s Sys=0.00s Real=0.00s
[14421.727s][info][gc,start       ] GC(33340) Pause Young (Allocation Failure)
[14421.729s][info][gc,heap        ] GC(33340) PSYoungGen: 83200K(84480K)->352K(84480K) Eden: 81920K(81920K)->0K(81920K) From: 1280K(2560K)->352K(2560K)
[14421.729s][info][gc,heap        ] GC(33340) ParOldGen: 194021K(194048K)->194069K(194560K)
[14421.729s][info][gc,metaspace   ] GC(33340) Metaspace: 62313K(62592K)->62313K(62592K) NonClass: 53273K(53440K)->53273K(53440K) Class: 9039K(9152K)->9039K(9152K)
[14421.729s][info][gc             ] GC(33340) Pause Young (Allocation Failure) 270M->189M(272M) 1.791ms
[14421.729s][info][gc,cpu         ] GC(33340) User=0.00s Sys=0.00s Real=0.00s
[14422.186s][info][gc,start       ] GC(33341) Pause Young (Allocation Failure)
[14422.189s][info][gc,heap        ] GC(33341) PSYoungGen: 82272K(84480K)->2352K(83456K) Eden: 81920K(81920K)->0K(80896K) From: 352K(2560K)->2352K(2560K)
[14422.189s][info][gc,heap        ] GC(33341) ParOldGen: 194069K(194560K)->195149K(196096K)
[14422.189s][info][gc,metaspace   ] GC(33341) Metaspace: 62313K(62592K)->62313K(62592K) NonClass: 53273K(53440K)->53273K(53440K) Class: 9039K(9152K)->9039K(9152K)
[14422.189s][info][gc             ] GC(33341) Pause Young (Allocation Failure) 269M->192M(273M) 3.375ms
[14422.189s][info][gc,cpu         ] GC(33341) User=0.01s Sys=0.00s Real=0.01s
[14422.592s][info][gc,start       ] GC(33342) Pause Young (Allocation Failure)
[14422.595s][info][gc,heap        ] GC(33342) PSYoungGen: 83248K(83456K)->1408K(83968K) Eden: 80896K(80896K)->0K(80896K) From: 2352K(2560K)->1408K(3072K)
[14422.596s][info][gc,heap        ] GC(33342) ParOldGen: 195149K(196096K)->197301K(197632K)
[14422.596s][info][gc,metaspace   ] GC(33342) Metaspace: 62313K(62592K)->62313K(62592K) NonClass: 53273K(53440K)->53273K(53440K) Class: 9039K(9152K)->9039K(9152K)
[14422.596s][info][gc             ] GC(33342) Pause Young (Allocation Failure) 271M->194M(275M) 3.875ms
[14422.596s][info][gc,cpu         ] GC(33342) User=0.00s Sys=0.00s Real=0.00s
[14423.033s][info][gc,start       ] GC(33343) Pause Young (Allocation Failure)
[14423.035s][info][gc,heap        ] GC(33343) PSYoungGen: 82304K(83968K)->416K(83968K) Eden: 80896K(80896K)->0K(80896K) From: 1408K(3072K)->416K(3072K)
[14423.035s][info][gc,heap        ] GC(33343) ParOldGen: 197301K(197632K)->197349K(197632K)
[14423.035s][info][gc,metaspace   ] GC(33343) Metaspace: 62313K(62592K)->62313K(62592K) NonClass: 53273K(53440K)->53273K(53440K) Class: 9039K(9152K)->9039K(9152K)
[14423.035s][info][gc             ] GC(33343) Pause Young (Allocation Failure) 273M->193M(275M) 1.879ms
[14423.035s][info][gc,cpu         ] GC(33343) User=0.01s Sys=0.00s Real=0.00s
[14423.452s][info][gc,start       ] GC(33344) Pause Young (Allocation Failure)
[14423.454s][info][gc,heap        ] GC(33344) PSYoungGen: 81312K(83968K)->800K(83968K) Eden: 80896K(80896K)->0K(80896K) From: 416K(3072K)->800K(3072K)
[14423.454s][info][gc,heap        ] GC(33344) ParOldGen: 197349K(197632K)->197397K(197632K)
[14423.454s][info][gc,metaspace   ] GC(33344) Metaspace: 62313K(62592K)->62313K(62592K) NonClass: 53273K(53440K)->53273K(53440K) Class: 9039K(9152K)->9039K(9152K)
[14423.454s][info][gc             ] GC(33344) Pause Young (Allocation Failure) 272M->193M(275M) 2.188ms
[14423.454s][info][gc,cpu         ] GC(33344) User=0.00s Sys=0.00s Real=0.00s
[14423.897s][info][gc,start       ] GC(33345) Pause Young (Allocation Failure)
[14423.900s][info][gc,heap        ] GC(33345) PSYoungGen: 81696K(83968K)->1312K(84480K) Eden: 80896K(80896K)->0K(81920K) From: 800K(3072K)->1312K(2560K)
[14423.900s][info][gc,heap        ] GC(33345) ParOldGen: 197397K(197632K)->197445K(197632K)
[14423.900s][info][gc,metaspace   ] GC(33345) Metaspace: 62313K(62592K)->62313K(62592K) NonClass: 53273K(53440K)->53273K(53440K) Class: 9039K(9152K)->9039K(9152K)
[14423.900s][info][gc             ] GC(33345) Pause Young (Allocation Failure) 272M->194M(275M) 2.748ms
[14423.900s][info][gc,cpu         ] GC(33345) User=0.01s Sys=0.00s Real=0.00s
[14424.342s][info][gc,start       ] GC(33346) Pause Young (Allocation Failure)
[14424.344s][info][gc,heap        ] GC(33346) PSYoungGen: 83232K(84480K)->544K(84480K) Eden: 81920K(81920K)->0K(81920K) From: 1312K(2560K)->544K(2560K)
[14424.344s][info][gc,heap        ] GC(33346) ParOldGen: 197445K(197632K)->197501K(197632K)
[14424.344s][info][gc,metaspace   ] GC(33346) Metaspace: 62313K(62592K)->62313K(62592K) NonClass: 53273K(53440K)->53273K(53440K) Class: 9039K(9152K)->9039K(9152K)
[14424.344s][info][gc             ] GC(33346) Pause Young (Allocation Failure) 274M->193M(275M) 2.007ms
[14424.344s][info][gc,cpu         ] GC(33346) User=0.01s Sys=0.00s Real=0.00s
[14424.795s][info][gc,start       ] GC(33347) Pause Young (Allocation Failure)
[14424.798s][info][gc,heap        ] GC(33347) PSYoungGen: 82464K(84480K)->1248K(84480K) Eden: 81920K(81920K)->0K(81920K) From: 544K(2560K)->1248K(2560K)
[14424.798s][info][gc,heap        ] GC(33347) ParOldGen: 197501K(197632K)->197549K(197632K)
[14424.798s][info][gc,metaspace   ] GC(33347) Metaspace: 62313K(62592K)->62313K(62592K) NonClass: 53273K(53440K)->53273K(53440K) Class: 9039K(9152K)->9039K(9152K)
[14424.798s][info][gc             ] GC(33347) Pause Young (Allocation Failure) 273M->194M(275M) 2.726ms
[14424.798s][info][gc,cpu         ] GC(33347) User=0.00s Sys=0.00s Real=0.01s
[14425.215s][info][gc,start       ] GC(33348) Pause Young (Allocation Failure)
[14425.218s][info][gc,heap        ] GC(33348) PSYoungGen: 83168K(84480K)->1728K(84480K) Eden: 81920K(81920K)->0K(81920K) From: 1248K(2560K)->1728K(2560K)
[14425.218s][info][gc,heap        ] GC(33348) ParOldGen: 197549K(197632K)->197597K(197632K)
[14425.218s][info][gc,metaspace   ] GC(33348) Metaspace: 62313K(62592K)->62313K(62592K) NonClass: 53273K(53440K)->53273K(53440K) Class: 9039K(9152K)->9039K(9152K)
[14425.218s][info][gc             ] GC(33348) Pause Young (Allocation Failure) 274M->194M(275M) 3.010ms
[14425.218s][info][gc,cpu         ] GC(33348) User=0.00s Sys=0.00s Real=0.01s
[14425.647s][info][gc,start       ] GC(33349) Pause Young (Allocation Failure)
[14425.649s][info][gc,heap        ] GC(33349) PSYoungGen: 83648K(84480K)->608K(84480K) Eden: 81920K(81920K)->0K(81920K) From: 1728K(2560K)->608K(2560K)
[14425.649s][info][gc,heap        ] GC(33349) ParOldGen: 197597K(197632K)->197645K(198144K)
[14425.649s][info][gc,metaspace   ] GC(33349) Metaspace: 62313K(62592K)->62313K(62592K) NonClass: 53273K(53440K)->53273K(53440K) Class: 9039K(9152K)->9039K(9152K)
[14425.649s][info][gc             ] GC(33349) Pause Young (Allocation Failure) 274M->193M(276M) 2.154ms
[14425.649s][info][gc,cpu         ] GC(33349) User=0.00s Sys=0.00s Real=0.00s
[14426.089s][info][gc,start       ] GC(33350) Pause Young (Allocation Failure)
[14426.091s][info][gc,heap        ] GC(33350) PSYoungGen: 82528K(84480K)->1216K(84480K) Eden: 81920K(81920K)->0K(81920K) From: 608K(2560K)->1216K(2560K)
[14426.091s][info][gc,heap        ] GC(33350) ParOldGen: 197645K(198144K)->197693K(198144K)
[14426.091s][info][gc,metaspace   ] GC(33350) Metaspace: 62313K(62592K)->62313K(62592K) NonClass: 53273K(53440K)->53273K(53440K) Class: 9039K(9152K)->9039K(9152K)
[14426.091s][info][gc             ] GC(33350) Pause Young (Allocation Failure) 273M->194M(276M) 2.606ms
[14426.091s][info][gc,cpu         ] GC(33350) User=0.00s Sys=0.00s Real=0.00s
[14426.540s][info][gc,start       ] GC(33351) Pause Young (Allocation Failure)
[14426.542s][info][gc,heap        ] GC(33351) PSYoungGen: 83136K(84480K)->2528K(83456K) Eden: 81920K(81920K)->0K(80896K) From: 1216K(2560K)->2528K(2560K)
[14426.542s][info][gc,heap        ] GC(33351) ParOldGen: 197693K(198144K)->197749K(198144K)
[14426.542s][info][gc,metaspace   ] GC(33351) Metaspace: 62313K(62592K)->62313K(62592K) NonClass: 53273K(53440K)->53273K(53440K) Class: 9039K(9152K)->9039K(9152K)
[14426.542s][info][gc             ] GC(33351) Pause Young (Allocation Failure) 274M->195M(275M) 2.300ms
[14426.542s][info][gc,cpu         ] GC(33351) User=0.00s Sys=0.00s Real=0.00s
[14426.990s][info][gc,start       ] GC(33352) Pause Young (Allocation Failure)
[14426.994s][info][gc,heap        ] GC(33352) PSYoungGen: 83424K(83456K)->1056K(83968K) Eden: 80896K(80896K)->0K(80896K) From: 2528K(2560K)->1056K(3072K)
[14426.994s][info][gc,heap        ] GC(33352) ParOldGen: 197749K(198144K)->199853K(201216K)
[14426.994s][info][gc,metaspace   ] GC(33352) Metaspace: 62313K(62592K)->62313K(62592K) NonClass: 53273K(53440K)->53273K(53440K) Class: 9039K(9152K)->9039K(9152K)
[14426.994s][info][gc             ] GC(33352) Pause Young (Allocation Failure) 274M->196M(278M) 3.682ms
[14426.994s][info][gc,cpu         ] GC(33352) User=0.01s Sys=0.00s Real=0.00s
[14427.389s][info][gc,start       ] GC(33353) Pause Young (Allocation Failure)
[14427.392s][info][gc,heap        ] GC(33353) PSYoungGen: 81952K(83968K)->1280K(84480K) Eden: 80896K(80896K)->0K(81408K) From: 1056K(3072K)->1280K(3072K)
[14427.392s][info][gc,heap        ] GC(33353) ParOldGen: 199853K(201216K)->199909K(201216K)
[14427.392s][info][gc,metaspace   ] GC(33353) Metaspace: 62313K(62592K)->62313K(62592K) NonClass: 53273K(53440K)->53273K(53440K) Class: 9039K(9152K)->9039K(9152K)
[14427.392s][info][gc             ] GC(33353) Pause Young (Allocation Failure) 275M->196M(279M) 2.721ms
[14427.392s][info][gc,cpu         ] GC(33353) User=0.01s Sys=0.00s Real=0.00s
[14427.807s][info][gc,start       ] GC(33354) Pause Young (Allocation Failure)
[14427.810s][info][gc,heap        ] GC(33354) PSYoungGen: 82688K(84480K)->1760K(83968K) Eden: 81408K(81408K)->0K(81408K) From: 1280K(3072K)->1760K(2560K)
[14427.810s][info][gc,heap        ] GC(33354) ParOldGen: 199909K(201216K)->199957K(201216K)
[14427.810s][info][gc,metaspace   ] GC(33354) Metaspace: 62313K(62592K)->62313K(62592K) NonClass: 53273K(53440K)->53273K(53440K) Class: 9039K(9152K)->9039K(9152K)
[14427.810s][info][gc             ] GC(33354) Pause Young (Allocation Failure) 275M->196M(278M) 3.037ms
[14427.810s][info][gc,cpu         ] GC(33354) User=0.00s Sys=0.00s Real=0.00s
[14428.249s][info][gc,start       ] GC(33355) Pause Young (Allocation Failure)
[14428.251s][info][gc,heap        ] GC(33355) PSYoungGen: 83168K(83968K)->608K(83968K) Eden: 81408K(81408K)->0K(80896K) From: 1760K(2560K)->608K(3072K)
[14428.251s][info][gc,heap        ] GC(33355) ParOldGen: 199957K(201216K)->200005K(201216K)
[14428.251s][info][gc,metaspace   ] GC(33355) Metaspace: 62313K(62592K)->62313K(62592K) NonClass: 53273K(53440K)->53273K(53440K) Class: 9039K(9152K)->9039K(9152K)
[14428.251s][info][gc             ] GC(33355) Pause Young (Allocation Failure) 276M->195M(278M) 2.044ms
[14428.251s][info][gc,cpu         ] GC(33355) User=0.00s Sys=0.00s Real=0.00s
[14428.656s][info][gc,start       ] GC(33356) Pause Young (Allocation Failure)
[14428.658s][info][gc,heap        ] GC(33356) PSYoungGen: 81504K(83968K)->800K(83968K) Eden: 80896K(80896K)->0K(80896K) From: 608K(3072K)->800K(3072K)
[14428.658s][info][gc,heap        ] GC(33356) ParOldGen: 200005K(201216K)->200061K(201216K)
[14428.658s][info][gc,metaspace   ] GC(33356) Metaspace: 62313K(62592K)->62313K(62592K) NonClass: 53273K(53440K)->53273K(53440K) Class: 9039K(9152K)->9039K(9152K)
[14428.658s][info][gc             ] GC(33356) Pause Young (Allocation Failure) 274M->196M(278M) 2.174ms
[14428.658s][info][gc,cpu         ] GC(33356) User=0.01s Sys=0.00s Real=0.01s
[14429.076s][info][gc,start       ] GC(33357) Pause Young (Allocation Failure)
[14429.078s][info][gc,heap        ] GC(33357) PSYoungGen: 81696K(83968K)->1120K(84480K) Eden: 80896K(80896K)->0K(81920K) From: 800K(3072K)->1120K(2560K)
[14429.078s][info][gc,heap        ] GC(33357) ParOldGen: 200061K(201216K)->200109K(201216K)
[14429.078s][info][gc,metaspace   ] GC(33357) Metaspace: 62313K(62592K)->62313K(62592K) NonClass: 53273K(53440K)->53273K(53440K) Class: 9039K(9152K)->9039K(9152K)
[14429.078s][info][gc             ] GC(33357) Pause Young (Allocation Failure) 275M->196M(279M) 2.487ms
[14429.078s][info][gc,cpu         ] GC(33357) User=0.00s Sys=0.00s Real=0.01s
[14429.529s][info][gc,start       ] GC(33358) Pause Young (Allocation Failure)
[14429.531s][info][gc,heap        ] GC(33358) PSYoungGen: 83040K(84480K)->400K(84480K) Eden: 81920K(81920K)->0K(81920K) From: 1120K(2560K)->400K(2560K)
[14429.531s][info][gc,heap        ] GC(33358) ParOldGen: 200109K(201216K)->200165K(201216K)
[14429.531s][info][gc,metaspace   ] GC(33358) Metaspace: 62313K(62592K)->62313K(62592K) NonClass: 53273K(53440K)->53273K(53440K) Class: 9039K(9152K)->9039K(9152K)
[14429.531s][info][gc             ] GC(33358) Pause Young (Allocation Failure) 276M->195M(279M) 1.901ms
[14429.531s][info][gc,cpu         ] GC(33358) User=0.00s Sys=0.00s Real=0.00s
[14429.939s][info][gc,start       ] GC(33359) Pause Young (Allocation Failure)
[14429.941s][info][gc,heap        ] GC(33359) PSYoungGen: 82320K(84480K)->512K(84480K) Eden: 81920K(81920K)->0K(81920K) From: 400K(2560K)->512K(2560K)
[14429.941s][info][gc,heap        ] GC(33359) ParOldGen: 200165K(201216K)->200262K(201216K)
[14429.941s][info][gc,metaspace   ] GC(33359) Metaspace: 62313K(62592K)->62313K(62592K) NonClass: 53273K(53440K)->53273K(53440K) Class: 9039K(9152K)->9039K(9152K)
[14429.941s][info][gc             ] GC(33359) Pause Young (Allocation Failure) 275M->196M(279M) 1.986ms
[14429.941s][info][gc,cpu         ] GC(33359) User=0.00s Sys=0.00s Real=0.00s
[14430.338s][info][gc,start       ] GC(33360) Pause Young (Allocation Failure)
[14430.340s][info][gc,heap        ] GC(33360) PSYoungGen: 82432K(84480K)->544K(84480K) Eden: 81920K(81920K)->0K(81920K) From: 512K(2560K)->544K(2560K)
[14430.340s][info][gc,heap        ] GC(33360) ParOldGen: 200262K(201216K)->200310K(201216K)
[14430.340s][info][gc,metaspace   ] GC(33360) Metaspace: 62313K(62592K)->62313K(62592K) NonClass: 53273K(53440K)->53273K(53440K) Class: 9039K(9152K)->9039K(9152K)
[14430.340s][info][gc             ] GC(33360) Pause Young (Allocation Failure) 276M->196M(279M) 1.866ms
[14430.340s][info][gc,cpu         ] GC(33360) User=0.00s Sys=0.00s Real=0.00s
[14430.761s][info][gc,start       ] GC(33361) Pause Young (Allocation Failure)
[14430.763s][info][gc,heap        ] GC(33361) PSYoungGen: 82464K(84480K)->928K(84480K) Eden: 81920K(81920K)->0K(81920K) From: 544K(2560K)->928K(2560K)
[14430.763s][info][gc,heap        ] GC(33361) ParOldGen: 200310K(201216K)->200358K(201216K)
[14430.763s][info][gc,metaspace   ] GC(33361) Metaspace: 62313K(62592K)->62313K(62592K) NonClass: 53273K(53440K)->53273K(53440K) Class: 9039K(9152K)->9039K(9152K)
[14430.764s][info][gc             ] GC(33361) Pause Young (Allocation Failure) 276M->196M(279M) 2.215ms
[14430.764s][info][gc,cpu         ] GC(33361) User=0.01s Sys=0.00s Real=0.00s
[14431.214s][info][gc,start       ] GC(33362) Pause Young (Allocation Failure)
[14431.218s][info][gc,heap        ] GC(33362) PSYoungGen: 82848K(84480K)->2528K(84480K) Eden: 81920K(81920K)->0K(81920K) From: 928K(2560K)->2528K(2560K)
[14431.218s][info][gc,heap        ] GC(33362) ParOldGen: 200358K(201216K)->201550K(202752K)
[14431.218s][info][gc,metaspace   ] GC(33362) Metaspace: 62313K(62592K)->62313K(62592K) NonClass: 53273K(53440K)->53273K(53440K) Class: 9039K(9152K)->9039K(9152K)
[14431.218s][info][gc             ] GC(33362) Pause Young (Allocation Failure) 276M->199M(280M) 3.723ms
[14431.218s][info][gc,cpu         ] GC(33362) User=0.01s Sys=0.00s Real=0.01s
[14431.632s][info][gc,start       ] GC(33363) Pause Young (Allocation Failure)
[14431.635s][info][gc,heap        ] GC(33363) PSYoungGen: 84448K(84480K)->384K(83456K) Eden: 81920K(81920K)->0K(80896K) From: 2528K(2560K)->384K(2560K)
[14431.635s][info][gc,heap        ] GC(33363) ParOldGen: 201550K(202752K)->203622K(204288K)
[14431.635s][info][gc,metaspace   ] GC(33363) Metaspace: 62313K(62592K)->62313K(62592K) NonClass: 53273K(53440K)->53273K(53440K) Class: 9039K(9152K)->9039K(9152K)
[14431.635s][info][gc             ] GC(33363) Pause Young (Allocation Failure) 279M->199M(281M) 2.930ms
[14431.635s][info][gc,cpu         ] GC(33363) User=0.00s Sys=0.00s Real=0.00s
[14432.081s][info][gc,start       ] GC(33364) Pause Young (Allocation Failure)
[14432.083s][info][gc,heap        ] GC(33364) PSYoungGen: 81280K(83456K)->1120K(83968K) Eden: 80896K(80896K)->0K(80896K) From: 384K(2560K)->1120K(3072K)
[14432.083s][info][gc,heap        ] GC(33364) ParOldGen: 203622K(204288K)->203670K(204288K)
[14432.083s][info][gc,metaspace   ] GC(33364) Metaspace: 62313K(62592K)->62313K(62592K) NonClass: 53273K(53440K)->53273K(53440K) Class: 9039K(9152K)->9039K(9152K)
[14432.083s][info][gc             ] GC(33364) Pause Young (Allocation Failure) 278M->199M(281M) 2.448ms
[14432.083s][info][gc,cpu         ] GC(33364) User=0.01s Sys=0.00s Real=0.00s
[14432.499s][info][gc,start       ] GC(33365) Pause Young (Allocation Failure)
[14432.501s][info][gc,heap        ] GC(33365) PSYoungGen: 82016K(83968K)->1440K(83968K) Eden: 80896K(80896K)->0K(80896K) From: 1120K(3072K)->1440K(3072K)
[14432.501s][info][gc,heap        ] GC(33365) ParOldGen: 203670K(204288K)->203718K(204288K)
[14432.501s][info][gc,metaspace   ] GC(33365) Metaspace: 62313K(62592K)->62313K(62592K) NonClass: 53273K(53440K)->53273K(53440K) Class: 9039K(9152K)->9039K(9152K)
[14432.501s][info][gc             ] GC(33365) Pause Young (Allocation Failure) 278M->200M(281M) 2.639ms
[14432.501s][info][gc,cpu         ] GC(33365) User=0.00s Sys=0.00s Real=0.00s
[14432.931s][info][gc,start       ] GC(33366) Pause Young (Allocation Failure)
[14432.933s][info][gc,heap        ] GC(33366) PSYoungGen: 82336K(83968K)->416K(83968K) Eden: 80896K(80896K)->0K(80896K) From: 1440K(3072K)->416K(3072K)
[14432.933s][info][gc,heap        ] GC(33366) ParOldGen: 203718K(204288K)->203766K(204288K)
[14432.933s][info][gc,metaspace   ] GC(33366) Metaspace: 62313K(62592K)->62313K(62592K) NonClass: 53273K(53440K)->53273K(53440K) Class: 9039K(9152K)->9039K(9152K)
[14432.933s][info][gc             ] GC(33366) Pause Young (Allocation Failure) 279M->199M(281M) 1.730ms
[14432.933s][info][gc,cpu         ] GC(33366) User=0.00s Sys=0.00s Real=0.00s
[14433.383s][info][gc,start       ] GC(33367) Pause Young (Allocation Failure)
[14433.385s][info][gc,heap        ] GC(33367) PSYoungGen: 81312K(83968K)->1088K(83968K) Eden: 80896K(80896K)->0K(80896K) From: 416K(3072K)->1088K(3072K)
[14433.385s][info][gc,heap        ] GC(33367) ParOldGen: 203766K(204288K)->203814K(204288K)
[14433.385s][info][gc,metaspace   ] GC(33367) Metaspace: 62313K(62592K)->62313K(62592K) NonClass: 53273K(53440K)->53273K(53440K) Class: 9039K(9152K)->9039K(9152K)
[14433.385s][info][gc             ] GC(33367) Pause Young (Allocation Failure) 278M->200M(281M) 2.340ms
[14433.385s][info][gc,cpu         ] GC(33367) User=0.01s Sys=0.00s Real=0.00s
[14433.836s][info][gc,start       ] GC(33368) Pause Young (Allocation Failure)
[14433.838s][info][gc,heap        ] GC(33368) PSYoungGen: 81984K(83968K)->448K(83968K) Eden: 80896K(80896K)->0K(80896K) From: 1088K(3072K)->448K(3072K)
[14433.838s][info][gc,heap        ] GC(33368) ParOldGen: 203814K(204288K)->203862K(204288K)
[14433.838s][info][gc,metaspace   ] GC(33368) Metaspace: 62313K(62592K)->62313K(62592K) NonClass: 53273K(53440K)->53273K(53440K) Class: 9039K(9152K)->9039K(9152K)
[14433.838s][info][gc             ] GC(33368) Pause Young (Allocation Failure) 279M->199M(281M) 1.859ms
[14433.838s][info][gc,cpu         ] GC(33368) User=0.01s Sys=0.00s Real=0.01s
[14434.262s][info][gc,start       ] GC(33369) Pause Young (Allocation Failure)
[14434.264s][info][gc,heap        ] GC(33369) PSYoungGen: 81344K(83968K)->960K(84480K) Eden: 80896K(80896K)->0K(81408K) From: 448K(3072K)->960K(3072K)
[14434.264s][info][gc,heap        ] GC(33369) ParOldGen: 203862K(204288K)->203918K(204288K)
[14434.264s][info][gc,metaspace   ] GC(33369) Metaspace: 62313K(62592K)->62313K(62592K) NonClass: 53273K(53440K)->53273K(53440K) Class: 9039K(9152K)->9039K(9152K)
[14434.264s][info][gc             ] GC(33369) Pause Young (Allocation Failure) 278M->200M(282M) 2.285ms
[14434.264s][info][gc,cpu         ] GC(33369) User=0.00s Sys=0.00s Real=0.00s
[14434.652s][info][gc,start       ] GC(33370) Pause Young (Allocation Failure)
[14434.654s][info][gc,heap        ] GC(33370) PSYoungGen: 82368K(84480K)->736K(83968K) Eden: 81408K(81408K)->0K(81408K) From: 960K(3072K)->736K(2560K)
[14434.654s][info][gc,heap        ] GC(33370) ParOldGen: 203918K(204288K)->203966K(204288K)
[14434.654s][info][gc,metaspace   ] GC(33370) Metaspace: 62313K(62592K)->62313K(62592K) NonClass: 53273K(53440K)->53273K(53440K) Class: 9039K(9152K)->9039K(9152K)
[14434.654s][info][gc             ] GC(33370) Pause Young (Allocation Failure) 279M->199M(281M) 1.980ms
[14434.654s][info][gc,cpu         ] GC(33370) User=0.01s Sys=0.00s Real=0.00s
[14435.070s][info][gc,start       ] GC(33371) Pause Young (Allocation Failure)
[14435.072s][info][gc,heap        ] GC(33371) PSYoungGen: 82144K(83968K)->992K(84480K) Eden: 81408K(81408K)->0K(81920K) From: 736K(2560K)->992K(2560K)
[14435.072s][info][gc,heap        ] GC(33371) ParOldGen: 203966K(204288K)->204014K(204288K)
[14435.073s][info][gc,metaspace   ] GC(33371) Metaspace: 62313K(62592K)->62313K(62592K) NonClass: 53273K(53440K)->53273K(53440K) Class: 9039K(9152K)->9039K(9152K)
[14435.073s][info][gc             ] GC(33371) Pause Young (Allocation Failure) 279M->200M(282M) 2.314ms
[14435.073s][info][gc,cpu         ] GC(33371) User=0.00s Sys=0.00s Real=0.00s
[14435.487s][info][gc,start       ] GC(33372) Pause Young (Allocation Failure)
[14435.490s][info][gc,heap        ] GC(33372) PSYoungGen: 82912K(84480K)->2304K(84480K) Eden: 81920K(81920K)->0K(81920K) From: 992K(2560K)->2304K(2560K)
[14435.490s][info][gc,heap        ] GC(33372) ParOldGen: 204014K(204288K)->205086K(205824K)
[14435.490s][info][gc,metaspace   ] GC(33372) Metaspace: 62313K(62592K)->62313K(62592K) NonClass: 53273K(53440K)->53273K(53440K) Class: 9039K(9152K)->9039K(9152K)
[14435.490s][info][gc             ] GC(33372) Pause Young (Allocation Failure) 280M->202M(283M) 3.153ms
[14435.490s][info][gc,cpu         ] GC(33372) User=0.00s Sys=0.00s Real=0.00s
[14435.908s][info][gc,start       ] GC(33373) Pause Young (Allocation Failure)
[14435.912s][info][gc,heap        ] GC(33373) PSYoungGen: 84224K(84480K)->1472K(84480K) Eden: 81920K(81920K)->0K(81920K) From: 2304K(2560K)->1472K(2560K)
[14435.912s][info][gc,heap        ] GC(33373) ParOldGen: 205086K(205824K)->207182K(207360K)
[14435.912s][info][gc,metaspace   ] GC(33373) Metaspace: 62313K(62592K)->62313K(62592K) NonClass: 53273K(53440K)->53273K(53440K) Class: 9039K(9152K)->9039K(9152K)
[14435.912s][info][gc             ] GC(33373) Pause Young (Allocation Failure) 282M->203M(285M) 3.946ms
[14435.912s][info][gc,cpu         ] GC(33373) User=0.01s Sys=0.01s Real=0.00s
[14436.381s][info][gc,start       ] GC(33374) Pause Young (Allocation Failure)
[14436.383s][info][gc,heap        ] GC(33374) PSYoungGen: 83392K(84480K)->752K(84480K) Eden: 81920K(81920K)->0K(81920K) From: 1472K(2560K)->752K(2560K)
[14436.383s][info][gc,heap        ] GC(33374) ParOldGen: 207182K(207360K)->207230K(207360K)
[14436.383s][info][gc,metaspace   ] GC(33374) Metaspace: 62313K(62592K)->62313K(62592K) NonClass: 53273K(53440K)->53273K(53440K) Class: 9039K(9152K)->9039K(9152K)
[14436.383s][info][gc             ] GC(33374) Pause Young (Allocation Failure) 283M->203M(285M) 2.102ms
[14436.384s][info][gc,cpu         ] GC(33374) User=0.00s Sys=0.00s Real=0.00s
[14436.814s][info][gc,start       ] GC(33375) Pause Young (Allocation Failure)
[14436.817s][info][gc,heap        ] GC(33375) PSYoungGen: 82672K(84480K)->1536K(84480K) Eden: 81920K(81920K)->0K(81920K) From: 752K(2560K)->1536K(2560K)
[14436.817s][info][gc,heap        ] GC(33375) ParOldGen: 207230K(207360K)->207334K(207360K)
[14436.817s][info][gc,metaspace   ] GC(33375) Metaspace: 62313K(62592K)->62313K(62592K) NonClass: 53273K(53440K)->53273K(53440K) Class: 9039K(9152K)->9039K(9152K)
[14436.817s][info][gc             ] GC(33375) Pause Young (Allocation Failure) 283M->203M(285M) 2.859ms
[14436.817s][info][gc,cpu         ] GC(33375) User=0.01s Sys=0.00s Real=0.01s
[14437.255s][info][gc,start       ] GC(33376) Pause Young (Allocation Failure)
[14437.257s][info][gc,heap        ] GC(33376) PSYoungGen: 83456K(84480K)->736K(84480K) Eden: 81920K(81920K)->0K(81920K) From: 1536K(2560K)->736K(2560K)
[14437.257s][info][gc,heap        ] GC(33376) ParOldGen: 207334K(207360K)->207382K(207872K)
[14437.257s][info][gc,metaspace   ] GC(33376) Metaspace: 62313K(62592K)->62313K(62592K) NonClass: 53273K(53440K)->53273K(53440K) Class: 9039K(9152K)->9039K(9152K)
[14437.257s][info][gc             ] GC(33376) Pause Young (Allocation Failure) 283M->203M(285M) 2.157ms
[14437.258s][info][gc,cpu         ] GC(33376) User=0.01s Sys=0.00s Real=0.01s
[14437.695s][info][gc,start       ] GC(33377) Pause Young (Allocation Failure)
[14437.699s][info][gc,heap        ] GC(33377) PSYoungGen: 82656K(84480K)->2528K(82432K) Eden: 81920K(81920K)->0K(79872K) From: 736K(2560K)->2528K(2560K)
[14437.699s][info][gc,heap        ] GC(33377) ParOldGen: 207382K(207872K)->209678K(210944K)
[14437.700s][info][gc,metaspace   ] GC(33377) Metaspace: 62318K(62592K)->62318K(62592K) NonClass: 53279K(53440K)->53279K(53440K) Class: 9039K(9152K)->9039K(9152K)
[14437.700s][info][gc             ] GC(33377) Pause Young (Allocation Failure) 283M->207M(286M) 5.006ms
[14437.700s][info][gc,cpu         ] GC(33377) User=0.01s Sys=0.01s Real=0.01s
[14438.127s][info][gc,start       ] GC(33378) Pause Young (Allocation Failure)
[14438.130s][info][gc,heap        ] GC(33378) PSYoungGen: 82400K(82432K)->352K(80384K) Eden: 79872K(79872K)->0K(79872K) From: 2528K(2560K)->352K(512K)
[14438.130s][info][gc,heap        ] GC(33378) ParOldGen: 209678K(210944K)->211982K(212480K)
[14438.130s][info][gc,metaspace   ] GC(33378) Metaspace: 62318K(62592K)->62318K(62592K) NonClass: 53279K(53440K)->53279K(53440K) Class: 9039K(9152K)->9039K(9152K)
[14438.130s][info][gc             ] GC(33378) Pause Young (Allocation Failure) 285M->207M(286M) 3.372ms
[14438.130s][info][gc,cpu         ] GC(33378) User=0.01s Sys=0.00s Real=0.00s
[14438.568s][info][gc,start       ] GC(33379) Pause Young (Allocation Failure)
[14438.570s][info][gc,heap        ] GC(33379) PSYoungGen: 80224K(80384K)->896K(83456K) Eden: 79872K(79872K)->0K(79360K) From: 352K(512K)->896K(4096K)
[14438.570s][info][gc,heap        ] GC(33379) ParOldGen: 211982K(212480K)->212046K(212480K)
[14438.570s][info][gc,metaspace   ] GC(33379) Metaspace: 62320K(62592K)->62320K(62592K) NonClass: 53281K(53440K)->53281K(53440K) Class: 9039K(9152K)->9039K(9152K)
[14438.570s][info][gc             ] GC(33379) Pause Young (Allocation Failure) 285M->207M(289M) 2.304ms
[14438.570s][info][gc,cpu         ] GC(33379) User=0.00s Sys=0.00s Real=0.00s
[14438.955s][info][gc,start       ] GC(33380) Pause Young (Allocation Failure)
[14438.957s][info][gc,heap        ] GC(33380) PSYoungGen: 80256K(83456K)->800K(82944K) Eden: 79360K(79360K)->0K(79360K) From: 896K(4096K)->800K(3584K)
[14438.957s][info][gc,heap        ] GC(33380) ParOldGen: 212046K(212480K)->212102K(212480K)
[14438.957s][info][gc,metaspace   ] GC(33380) Metaspace: 62320K(62592K)->62320K(62592K) NonClass: 53281K(53440K)->53281K(53440K) Class: 9039K(9152K)->9039K(9152K)
[14438.957s][info][gc             ] GC(33380) Pause Young (Allocation Failure) 285M->207M(288M) 2.212ms
[14438.957s][info][gc,cpu         ] GC(33380) User=0.00s Sys=0.00s Real=0.01s
[14439.353s][info][gc,start       ] GC(33381) Pause Young (Allocation Failure)
[14439.355s][info][gc,heap        ] GC(33381) PSYoungGen: 80160K(82944K)->736K(83456K) Eden: 79360K(79360K)->0K(79872K) From: 800K(3584K)->736K(3584K)
[14439.355s][info][gc,heap        ] GC(33381) ParOldGen: 212102K(212480K)->212158K(212480K)
[14439.355s][info][gc,metaspace   ] GC(33381) Metaspace: 62320K(62592K)->62320K(62592K) NonClass: 53281K(53440K)->53281K(53440K) Class: 9039K(9152K)->9039K(9152K)
[14439.355s][info][gc             ] GC(33381) Pause Young (Allocation Failure) 285M->207M(289M) 2.190ms
[14439.355s][info][gc,cpu         ] GC(33381) User=0.01s Sys=0.00s Real=0.00s
[14439.797s][info][gc,start       ] GC(33382) Pause Young (Allocation Failure)
[14439.799s][info][gc,heap        ] GC(33382) PSYoungGen: 80608K(83456K)->1184K(83456K) Eden: 79872K(79872K)->0K(79872K) From: 736K(3584K)->1184K(3584K)
[14439.799s][info][gc,heap        ] GC(33382) ParOldGen: 212158K(212480K)->212206K(212480K)
[14439.799s][info][gc,metaspace   ] GC(33382) Metaspace: 62320K(62592K)->62320K(62592K) NonClass: 53281K(53440K)->53281K(53440K) Class: 9039K(9152K)->9039K(9152K)
[14439.799s][info][gc             ] GC(33382) Pause Young (Allocation Failure) 285M->208M(289M) 2.718ms
[14439.799s][info][gc,cpu         ] GC(33382) User=0.00s Sys=0.00s Real=0.00s
[14440.218s][info][gc,start       ] GC(33383) Pause Young (Allocation Failure)
[14440.220s][info][gc,heap        ] GC(33383) PSYoungGen: 81056K(83456K)->2272K(82944K) Eden: 79872K(79872K)->0K(79872K) From: 1184K(3584K)->2272K(3072K)
[14440.220s][info][gc,heap        ] GC(33383) ParOldGen: 212206K(212480K)->212262K(212480K)
[14440.220s][info][gc,metaspace   ] GC(33383) Metaspace: 62320K(62592K)->62320K(62592K) NonClass: 53281K(53440K)->53281K(53440K) Class: 9039K(9152K)->9039K(9152K)
[14440.220s][info][gc             ] GC(33383) Pause Young (Allocation Failure) 286M->209M(288M) 1.957ms
[14440.220s][info][gc,cpu         ] GC(33383) User=0.00s Sys=0.00s Real=0.00s
[14440.623s][info][gc,start       ] GC(33384) Pause Young (Allocation Failure)
[14440.627s][info][gc,heap        ] GC(33384) PSYoungGen: 82144K(82944K)->288K(83456K) Eden: 79872K(79872K)->0K(79872K) From: 2272K(3072K)->288K(3584K)
[14440.627s][info][gc,heap        ] GC(33384) ParOldGen: 212262K(212480K)->214366K(215552K)
[14440.627s][info][gc,metaspace   ] GC(33384) Metaspace: 62320K(62592K)->62320K(62592K) NonClass: 53281K(53440K)->53281K(53440K) Class: 9039K(9152K)->9039K(9152K)
[14440.627s][info][gc             ] GC(33384) Pause Young (Allocation Failure) 287M->209M(292M) 3.318ms
[14440.627s][info][gc,cpu         ] GC(33384) User=0.00s Sys=0.00s Real=0.01s
[14441.074s][info][gc,start       ] GC(33385) Pause Young (Allocation Failure)
[14441.076s][info][gc,heap        ] GC(33385) PSYoungGen: 80160K(83456K)->928K(83456K) Eden: 79872K(79872K)->0K(79872K) From: 288K(3584K)->928K(3584K)
[14441.076s][info][gc,heap        ] GC(33385) ParOldGen: 214366K(215552K)->214422K(215552K)
[14441.076s][info][gc,metaspace   ] GC(33385) Metaspace: 62320K(62592K)->62320K(62592K) NonClass: 53281K(53440K)->53281K(53440K) Class: 9039K(9152K)->9039K(9152K)
[14441.076s][info][gc             ] GC(33385) Pause Young (Allocation Failure) 287M->210M(292M) 2.420ms
[14441.076s][info][gc,cpu         ] GC(33385) User=0.00s Sys=0.00s Real=0.01s
[14441.498s][info][gc,start       ] GC(33386) Pause Young (Allocation Failure)
[14441.501s][info][gc,heap        ] GC(33386) PSYoungGen: 80800K(83456K)->1344K(83456K) Eden: 79872K(79872K)->0K(79872K) From: 928K(3584K)->1344K(3584K)
[14441.501s][info][gc,heap        ] GC(33386) ParOldGen: 214422K(215552K)->214470K(215552K)
[14441.501s][info][gc,metaspace   ] GC(33386) Metaspace: 62320K(62592K)->62320K(62592K) NonClass: 53281K(53440K)->53281K(53440K) Class: 9039K(9152K)->9039K(9152K)
[14441.501s][info][gc             ] GC(33386) Pause Young (Allocation Failure) 288M->210M(292M) 2.748ms
[14441.501s][info][gc,cpu         ] GC(33386) User=0.00s Sys=0.00s Real=0.00s
[14441.913s][info][gc,start       ] GC(33387) Pause Young (Allocation Failure)
[14441.915s][info][gc,heap        ] GC(33387) PSYoungGen: 81216K(83456K)->1600K(83968K) Eden: 79872K(79872K)->0K(80896K) From: 1344K(3584K)->1600K(3072K)
[14441.915s][info][gc,heap        ] GC(33387) ParOldGen: 214470K(215552K)->214526K(215552K)
[14441.915s][info][gc,metaspace   ] GC(33387) Metaspace: 62320K(62592K)->62320K(62592K) NonClass: 53281K(53440K)->53281K(53440K) Class: 9039K(9152K)->9039K(9152K)
[14441.915s][info][gc             ] GC(33387) Pause Young (Allocation Failure) 288M->211M(292M) 2.961ms
[14441.916s][info][gc,cpu         ] GC(33387) User=0.01s Sys=0.00s Real=0.00s
[14442.356s][info][gc,start       ] GC(33388) Pause Young (Allocation Failure)
[14442.359s][info][gc,heap        ] GC(33388) PSYoungGen: 82496K(83968K)->768K(83968K) Eden: 80896K(80896K)->0K(80896K) From: 1600K(3072K)->768K(3072K)
[14442.359s][info][gc,heap        ] GC(33388) ParOldGen: 214526K(215552K)->214574K(215552K)
[14442.359s][info][gc,metaspace   ] GC(33388) Metaspace: 62320K(62592K)->62320K(62592K) NonClass: 53281K(53440K)->53281K(53440K) Class: 9039K(9152K)->9039K(9152K)
[14442.359s][info][gc             ] GC(33388) Pause Young (Allocation Failure) 290M->210M(292M) 2.230ms
[14442.359s][info][gc,cpu         ] GC(33388) User=0.00s Sys=0.00s Real=0.00s
[14442.772s][info][gc,start       ] GC(33389) Pause Young (Allocation Failure)
[14442.774s][info][gc,heap        ] GC(33389) PSYoungGen: 81664K(83968K)->1024K(83968K) Eden: 80896K(80896K)->0K(80896K) From: 768K(3072K)->1024K(3072K)
[14442.774s][info][gc,heap        ] GC(33389) ParOldGen: 214574K(215552K)->214622K(215552K)
[14442.774s][info][gc,metaspace   ] GC(33389) Metaspace: 62320K(62592K)->62320K(62592K) NonClass: 53281K(53440K)->53281K(53440K) Class: 9039K(9152K)->9039K(9152K)
[14442.774s][info][gc             ] GC(33389) Pause Young (Allocation Failure) 289M->210M(292M) 2.418ms
[14442.774s][info][gc,cpu         ] GC(33389) User=0.01s Sys=0.00s Real=0.00s
[14443.210s][info][gc,start       ] GC(33390) Pause Young (Allocation Failure)
[14443.213s][info][gc,heap        ] GC(33390) PSYoungGen: 81920K(83968K)->1408K(83968K) Eden: 80896K(80896K)->0K(80896K) From: 1024K(3072K)->1408K(3072K)
[14443.213s][info][gc,heap        ] GC(33390) ParOldGen: 214622K(215552K)->214670K(215552K)
[14443.213s][info][gc,metaspace   ] GC(33390) Metaspace: 62320K(62592K)->62320K(62592K) NonClass: 53281K(53440K)->53281K(53440K) Class: 9039K(9152K)->9039K(9152K)
[14443.213s][info][gc             ] GC(33390) Pause Young (Allocation Failure) 289M->211M(292M) 2.828ms
[14443.213s][info][gc,cpu         ] GC(33390) User=0.00s Sys=0.00s Real=0.00s
[14443.679s][info][gc,start       ] GC(33391) Pause Young (Allocation Failure)
[14443.681s][info][gc,heap        ] GC(33391) PSYoungGen: 82304K(83968K)->928K(84480K) Eden: 80896K(80896K)->0K(81408K) From: 1408K(3072K)->928K(3072K)
[14443.682s][info][gc,heap        ] GC(33391) ParOldGen: 214670K(215552K)->214718K(215552K)
[14443.682s][info][gc,metaspace   ] GC(33391) Metaspace: 62320K(62592K)->62320K(62592K) NonClass: 53281K(53440K)->53281K(53440K) Class: 9039K(9152K)->9039K(9152K)
[14443.682s][info][gc             ] GC(33391) Pause Young (Allocation Failure) 290M->210M(293M) 2.341ms
[14443.682s][info][gc,cpu         ] GC(33391) User=0.01s Sys=0.00s Real=0.00s
[14444.095s][info][gc,start       ] GC(33392) Pause Young (Allocation Failure)
[14444.097s][info][gc,heap        ] GC(33392) PSYoungGen: 82336K(84480K)->1344K(83968K) Eden: 81408K(81408K)->0K(81408K) From: 928K(3072K)->1344K(2560K)
[14444.097s][info][gc,heap        ] GC(33392) ParOldGen: 214718K(215552K)->214822K(215552K)
[14444.097s][info][gc,metaspace   ] GC(33392) Metaspace: 62320K(62592K)->62320K(62592K) NonClass: 53281K(53440K)->53281K(53440K) Class: 9039K(9152K)->9039K(9152K)
[14444.097s][info][gc             ] GC(33392) Pause Young (Allocation Failure) 290M->211M(292M) 2.877ms
[14444.097s][info][gc,cpu         ] GC(33392) User=0.01s Sys=0.00s Real=0.01s
[14444.514s][info][gc,start       ] GC(33393) Pause Young (Allocation Failure)
[14444.517s][info][gc,heap        ] GC(33393) PSYoungGen: 82752K(83968K)->1632K(84480K) Eden: 81408K(81408K)->0K(81920K) From: 1344K(2560K)->1632K(2560K)
[14444.517s][info][gc,heap        ] GC(33393) ParOldGen: 214822K(215552K)->214870K(215552K)
[14444.517s][info][gc,metaspace   ] GC(33393) Metaspace: 62320K(62592K)->62320K(62592K) NonClass: 53281K(53440K)->53281K(53440K) Class: 9039K(9152K)->9039K(9152K)
[14444.517s][info][gc             ] GC(33393) Pause Young (Allocation Failure) 290M->211M(293M) 3.080ms
[14444.517s][info][gc,cpu         ] GC(33393) User=0.01s Sys=0.00s Real=0.01s
[14444.960s][info][gc,start       ] GC(33394) Pause Young (Allocation Failure)
[14444.964s][info][gc,heap        ] GC(33394) PSYoungGen: 83551K(84480K)->1856K(83968K) Eden: 81919K(81920K)->0K(81920K) From: 1632K(2560K)->1856K(2048K)
[14444.964s][info][gc,heap        ] GC(33394) ParOldGen: 214870K(215552K)->216966K(217088K)
[14444.964s][info][gc,metaspace   ] GC(33394) Metaspace: 62320K(62592K)->62320K(62592K) NonClass: 53281K(53440K)->53281K(53440K) Class: 9039K(9152K)->9039K(9152K)
[14444.964s][info][gc             ] GC(33394) Pause Young (Allocation Failure) 291M->213M(294M) 3.812ms
[14444.964s][info][gc,cpu         ] GC(33394) User=0.00s Sys=0.01s Real=0.00s
[14445.428s][info][gc,start       ] GC(33395) Pause Young (Allocation Failure)
[14445.431s][info][gc,heap        ] GC(33395) PSYoungGen: 83776K(83968K)->352K(83968K) Eden: 81920K(81920K)->0K(80896K) From: 1856K(2048K)->352K(3072K)
[14445.431s][info][gc,heap        ] GC(33395) ParOldGen: 216966K(217088K)->219062K(220160K)
[14445.431s][info][gc,metaspace   ] GC(33395) Metaspace: 62320K(62592K)->62320K(62592K) NonClass: 53281K(53440K)->53281K(53440K) Class: 9039K(9152K)->9039K(9152K)
[14445.431s][info][gc             ] GC(33395) Pause Young (Allocation Failure) 293M->214M(297M) 3.165ms
[14445.431s][info][gc,cpu         ] GC(33395) User=0.00s Sys=0.00s Real=0.00s
[14445.849s][info][gc,start       ] GC(33396) Pause Young (Allocation Failure)
[14445.851s][info][gc,heap        ] GC(33396) PSYoungGen: 81248K(83968K)->672K(83968K) Eden: 80896K(80896K)->0K(80896K) From: 352K(3072K)->672K(3072K)
[14445.851s][info][gc,heap        ] GC(33396) ParOldGen: 219062K(220160K)->219110K(220160K)
[14445.851s][info][gc,metaspace   ] GC(33396) Metaspace: 62320K(62592K)->62320K(62592K) NonClass: 53281K(53440K)->53281K(53440K) Class: 9039K(9152K)->9039K(9152K)
[14445.851s][info][gc             ] GC(33396) Pause Young (Allocation Failure) 293M->214M(297M) 2.092ms
[14445.851s][info][gc,cpu         ] GC(33396) User=0.00s Sys=0.00s Real=0.00s
[14446.285s][info][gc,start       ] GC(33397) Pause Young (Allocation Failure)
[14446.287s][info][gc,heap        ] GC(33397) PSYoungGen: 81568K(83968K)->1312K(84480K) Eden: 80896K(80896K)->0K(81408K) From: 672K(3072K)->1312K(3072K)
[14446.287s][info][gc,heap        ] GC(33397) ParOldGen: 219110K(220160K)->219158K(220160K)
[14446.287s][info][gc,metaspace   ] GC(33397) Metaspace: 62320K(62592K)->62320K(62592K) NonClass: 53281K(53440K)->53281K(53440K) Class: 9039K(9152K)->9039K(9152K)
[14446.287s][info][gc             ] GC(33397) Pause Young (Allocation Failure) 293M->215M(297M) 2.600ms
[14446.287s][info][gc,cpu         ] GC(33397) User=0.01s Sys=0.00s Real=0.01s
[14446.744s][info][gc,start       ] GC(33398) Pause Young (Allocation Failure)
[14446.746s][info][gc,heap        ] GC(33398) PSYoungGen: 82720K(84480K)->608K(83968K) Eden: 81408K(81408K)->0K(81408K) From: 1312K(3072K)->608K(2560K)
[14446.746s][info][gc,heap        ] GC(33398) ParOldGen: 219158K(220160K)->219206K(220160K)
[14446.746s][info][gc,metaspace   ] GC(33398) Metaspace: 62320K(62592K)->62320K(62592K) NonClass: 53281K(53440K)->53281K(53440K) Class: 9039K(9152K)->9039K(9152K)
[14446.746s][info][gc             ] GC(33398) Pause Young (Allocation Failure) 294M->214M(297M) 2.101ms
[14446.746s][info][gc,cpu         ] GC(33398) User=0.01s Sys=0.00s Real=0.00s
[14447.191s][info][gc,start       ] GC(33399) Pause Young (Allocation Failure)
[14447.193s][info][gc,heap        ] GC(33399) PSYoungGen: 82016K(83968K)->1248K(84480K) Eden: 81408K(81408K)->0K(81920K) From: 608K(2560K)->1248K(2560K)
[14447.193s][info][gc,heap        ] GC(33399) ParOldGen: 219206K(220160K)->219254K(220160K)
[14447.193s][info][gc,metaspace   ] GC(33399) Metaspace: 62320K(62592K)->62320K(62592K) NonClass: 53281K(53440K)->53281K(53440K) Class: 9039K(9152K)->9039K(9152K)
[14447.193s][info][gc             ] GC(33399) Pause Young (Allocation Failure) 294M->215M(297M) 2.478ms
[14447.193s][info][gc,cpu         ] GC(33399) User=0.01s Sys=0.00s Real=0.00s
[14447.645s][info][gc,start       ] GC(33400) Pause Young (Allocation Failure)
[14447.647s][info][gc,heap        ] GC(33400) PSYoungGen: 83168K(84480K)->672K(84480K) Eden: 81920K(81920K)->0K(81920K) From: 1248K(2560K)->672K(2560K)
[14447.647s][info][gc,heap        ] GC(33400) ParOldGen: 219254K(220160K)->219302K(220160K)
[14447.647s][info][gc,metaspace   ] GC(33400) Metaspace: 62320K(62592K)->62320K(62592K) NonClass: 53281K(53440K)->53281K(53440K) Class: 9039K(9152K)->9039K(9152K)
[14447.647s][info][gc             ] GC(33400) Pause Young (Allocation Failure) 295M->214M(297M) 2.147ms
[14447.647s][info][gc,cpu         ] GC(33400) User=0.01s Sys=0.00s Real=0.01s
[14448.072s][info][gc,start       ] GC(33401) Pause Young (Allocation Failure)
[14448.075s][info][gc,heap        ] GC(33401) PSYoungGen: 82592K(84480K)->1024K(84480K) Eden: 81920K(81920K)->0K(81920K) From: 672K(2560K)->1024K(2560K)
[14448.075s][info][gc,heap        ] GC(33401) ParOldGen: 219302K(220160K)->219350K(220160K)
[14448.075s][info][gc,metaspace   ] GC(33401) Metaspace: 62320K(62592K)->62320K(62592K) NonClass: 53281K(53440K)->53281K(53440K) Class: 9039K(9152K)->9039K(9152K)
[14448.075s][info][gc             ] GC(33401) Pause Young (Allocation Failure) 294M->215M(297M) 2.319ms
[14448.075s][info][gc,cpu         ] GC(33401) User=0.01s Sys=0.00s Real=0.00s
[14448.542s][info][gc,start       ] GC(33402) Pause Young (Allocation Failure)
[14448.544s][info][gc,heap        ] GC(33402) PSYoungGen: 82944K(84480K)->544K(84480K) Eden: 81920K(81920K)->0K(81920K) From: 1024K(2560K)->544K(2560K)
[14448.544s][info][gc,heap        ] GC(33402) ParOldGen: 219350K(220160K)->219398K(220160K)
[14448.544s][info][gc,metaspace   ] GC(33402) Metaspace: 62320K(62592K)->62320K(62592K) NonClass: 53281K(53440K)->53281K(53440K) Class: 9039K(9152K)->9039K(9152K)
[14448.544s][info][gc             ] GC(33402) Pause Young (Allocation Failure) 295M->214M(297M) 1.957ms
[14448.544s][info][gc,cpu         ] GC(33402) User=0.00s Sys=0.00s Real=0.00s
[14449.002s][info][gc,start       ] GC(33403) Pause Young (Allocation Failure)
[14449.005s][info][gc,heap        ] GC(33403) PSYoungGen: 82464K(84480K)->1344K(84480K) Eden: 81920K(81920K)->0K(81920K) From: 544K(2560K)->1344K(2560K)
[14449.005s][info][gc,heap        ] GC(33403) ParOldGen: 219398K(220160K)->219446K(220160K)
[14449.005s][info][gc,metaspace   ] GC(33403) Metaspace: 62320K(62592K)->62320K(62592K) NonClass: 53281K(53440K)->53281K(53440K) Class: 9039K(9152K)->9039K(9152K)
[14449.005s][info][gc             ] GC(33403) Pause Young (Allocation Failure) 294M->215M(297M) 2.726ms
[14449.005s][info][gc,cpu         ] GC(33403) User=0.01s Sys=0.00s Real=0.00s
[14449.464s][info][gc,start       ] GC(33404) Pause Young (Allocation Failure)
[14449.466s][info][gc,heap        ] GC(33404) PSYoungGen: 83264K(84480K)->864K(84480K) Eden: 81920K(81920K)->0K(81920K) From: 1344K(2560K)->864K(2560K)
[14449.466s][info][gc,heap        ] GC(33404) ParOldGen: 219446K(220160K)->219494K(220160K)
[14449.466s][info][gc,metaspace   ] GC(33404) Metaspace: 62320K(62592K)->62320K(62592K) NonClass: 53281K(53440K)->53281K(53440K) Class: 9039K(9152K)->9039K(9152K)
[14449.466s][info][gc             ] GC(33404) Pause Young (Allocation Failure) 295M->215M(297M) 2.303ms
[14449.466s][info][gc,cpu         ] GC(33404) User=0.00s Sys=0.00s Real=0.00s
[14449.902s][info][gc,start       ] GC(33405) Pause Young (Allocation Failure)
[14449.905s][info][gc,heap        ] GC(33405) PSYoungGen: 82784K(84480K)->1504K(84480K) Eden: 81920K(81920K)->0K(81920K) From: 864K(2560K)->1504K(2560K)
[14449.905s][info][gc,heap        ] GC(33405) ParOldGen: 219494K(220160K)->219550K(220160K)
[14449.905s][info][gc,metaspace   ] GC(33405) Metaspace: 62320K(62592K)->62320K(62592K) NonClass: 53281K(53440K)->53281K(53440K) Class: 9039K(9152K)->9039K(9152K)
[14449.905s][info][gc             ] GC(33405) Pause Young (Allocation Failure) 295M->215M(297M) 2.818ms
[14449.905s][info][gc,cpu         ] GC(33405) User=0.00s Sys=0.00s Real=0.00s
[14450.338s][info][gc,start       ] GC(33406) Pause Young (Allocation Failure)
[14450.340s][info][gc,heap        ] GC(33406) PSYoungGen: 83424K(84480K)->512K(84480K) Eden: 81920K(81920K)->0K(81920K) From: 1504K(2560K)->512K(2560K)
[14450.340s][info][gc,heap        ] GC(33406) ParOldGen: 219550K(220160K)->219598K(220160K)
[14450.340s][info][gc,metaspace   ] GC(33406) Metaspace: 62320K(62592K)->62320K(62592K) NonClass: 53281K(53440K)->53281K(53440K) Class: 9039K(9152K)->9039K(9152K)
[14450.340s][info][gc             ] GC(33406) Pause Young (Allocation Failure) 295M->214M(297M) 1.993ms
[14450.340s][info][gc,cpu         ] GC(33406) User=0.00s Sys=0.00s Real=0.00s
[14450.747s][info][gc,start       ] GC(33407) Pause Young (Allocation Failure)
[14450.749s][info][gc,heap        ] GC(33407) PSYoungGen: 82432K(84480K)->640K(84480K) Eden: 81920K(81920K)->0K(81920K) From: 512K(2560K)->640K(2560K)
[14450.749s][info][gc,heap        ] GC(33407) ParOldGen: 219598K(220160K)->219646K(220160K)
[14450.749s][info][gc,metaspace   ] GC(33407) Metaspace: 62320K(62592K)->62320K(62592K) NonClass: 53281K(53440K)->53281K(53440K) Class: 9039K(9152K)->9039K(9152K)
[14450.749s][info][gc             ] GC(33407) Pause Young (Allocation Failure) 294M->215M(297M) 2.064ms
[14450.749s][info][gc,cpu         ] GC(33407) User=0.00s Sys=0.01s Real=0.00s
[14451.243s][info][gc,start       ] GC(33408) Pause Young (Allocation Failure)
[14451.245s][info][gc,heap        ] GC(33408) PSYoungGen: 82560K(84480K)->624K(84480K) Eden: 81920K(81920K)->0K(81920K) From: 640K(2560K)->624K(2560K)
[14451.245s][info][gc,heap        ] GC(33408) ParOldGen: 219646K(220160K)->219702K(220160K)
[14451.245s][info][gc,metaspace   ] GC(33408) Metaspace: 62320K(62592K)->62320K(62592K) NonClass: 53281K(53440K)->53281K(53440K) Class: 9039K(9152K)->9039K(9152K)
[14451.245s][info][gc             ] GC(33408) Pause Young (Allocation Failure) 295M->215M(297M) 2.072ms
[14451.245s][info][gc,cpu         ] GC(33408) User=0.01s Sys=0.00s Real=0.00s
[14451.703s][info][gc,start       ] GC(33409) Pause Young (Allocation Failure)
[14451.706s][info][gc,heap        ] GC(33409) PSYoungGen: 82544K(84480K)->1472K(84480K) Eden: 81920K(81920K)->0K(81920K) From: 624K(2560K)->1472K(2560K)
[14451.706s][info][gc,heap        ] GC(33409) ParOldGen: 219702K(220160K)->219806K(220160K)
[14451.706s][info][gc,metaspace   ] GC(33409) Metaspace: 62320K(62592K)->62320K(62592K) NonClass: 53281K(53440K)->53281K(53440K) Class: 9039K(9152K)->9039K(9152K)
[14451.706s][info][gc             ] GC(33409) Pause Young (Allocation Failure) 295M->216M(297M) 2.841ms
[14451.706s][info][gc,cpu         ] GC(33409) User=0.00s Sys=0.00s Real=0.00s
[14452.141s][info][gc,start       ] GC(33410) Pause Young (Allocation Failure)
[14452.143s][info][gc,heap        ] GC(33410) PSYoungGen: 83392K(84480K)->544K(84480K) Eden: 81920K(81920K)->0K(81920K) From: 1472K(2560K)->544K(2560K)
[14452.143s][info][gc,heap        ] GC(33410) ParOldGen: 219806K(220160K)->219854K(220160K)
[14452.143s][info][gc,metaspace   ] GC(33410) Metaspace: 62320K(62592K)->62320K(62592K) NonClass: 53281K(53440K)->53281K(53440K) Class: 9039K(9152K)->9039K(9152K)
[14452.143s][info][gc             ] GC(33410) Pause Young (Allocation Failure) 296M->215M(297M) 2.058ms
[14452.143s][info][gc,cpu         ] GC(33410) User=0.01s Sys=0.00s Real=0.00s
[14452.626s][info][gc,start       ] GC(33411) Pause Young (Allocation Failure)
[14452.627s][info][gc,heap        ] GC(33411) PSYoungGen: 82464K(84480K)->256K(84480K) Eden: 81920K(81920K)->0K(81920K) From: 544K(2560K)->256K(2560K)
[14452.627s][info][gc,heap        ] GC(33411) ParOldGen: 219854K(220160K)->219902K(220160K)
[14452.627s][info][gc,metaspace   ] GC(33411) Metaspace: 62320K(62592K)->62320K(62592K) NonClass: 53281K(53440K)->53281K(53440K) Class: 9039K(9152K)->9039K(9152K)
[14452.627s][info][gc             ] GC(33411) Pause Young (Allocation Failure) 295M->214M(297M) 1.749ms
[14452.627s][info][gc,cpu         ] GC(33411) User=0.01s Sys=0.00s Real=0.01s
[14453.082s][info][gc,start       ] GC(33412) Pause Young (Allocation Failure)
[14453.084s][info][gc,heap        ] GC(33412) PSYoungGen: 82176K(84480K)->1216K(84480K) Eden: 81920K(81920K)->0K(81920K) From: 256K(2560K)->1216K(2560K)
[14453.084s][info][gc,heap        ] GC(33412) ParOldGen: 219902K(220160K)->219958K(220160K)
[14453.084s][info][gc,metaspace   ] GC(33412) Metaspace: 62320K(62592K)->62320K(62592K) NonClass: 53281K(53440K)->53281K(53440K) Class: 9039K(9152K)->9039K(9152K)
[14453.084s][info][gc             ] GC(33412) Pause Young (Allocation Failure) 294M->215M(297M) 2.772ms
[14453.084s][info][gc,cpu         ] GC(33412) User=0.00s Sys=0.00s Real=0.00s
[14453.542s][info][gc,start       ] GC(33413) Pause Young (Allocation Failure)
[14453.543s][info][gc,heap        ] GC(33413) PSYoungGen: 83136K(84480K)->512K(84480K) Eden: 81920K(81920K)->0K(81920K) From: 1216K(2560K)->512K(2560K)
[14453.543s][info][gc,heap        ] GC(33413) ParOldGen: 219958K(220160K)->220006K(220160K)
[14453.543s][info][gc,metaspace   ] GC(33413) Metaspace: 62320K(62592K)->62320K(62592K) NonClass: 53281K(53440K)->53281K(53440K) Class: 9039K(9152K)->9039K(9152K)
[14453.544s][info][gc             ] GC(33413) Pause Young (Allocation Failure) 295M->215M(297M) 1.956ms
[14453.544s][info][gc,cpu         ] GC(33413) User=0.00s Sys=0.00s Real=0.00s
[14453.995s][info][gc,start       ] GC(33414) Pause Young (Allocation Failure)
[14453.998s][info][gc,heap        ] GC(33414) PSYoungGen: 82432K(84480K)->1248K(84480K) Eden: 81920K(81920K)->0K(81920K) From: 512K(2560K)->1248K(2560K)
[14453.998s][info][gc,heap        ] GC(33414) ParOldGen: 220006K(220160K)->220062K(220160K)
[14453.998s][info][gc,metaspace   ] GC(33414) Metaspace: 62320K(62592K)->62320K(62592K) NonClass: 53281K(53440K)->53281K(53440K) Class: 9039K(9152K)->9039K(9152K)
[14453.998s][info][gc             ] GC(33414) Pause Young (Allocation Failure) 295M->216M(297M) 2.598ms
[14453.998s][info][gc,cpu         ] GC(33414) User=0.00s Sys=0.00s Real=0.01s
[14454.418s][info][gc,start       ] GC(33415) Pause Young (Allocation Failure)
[14454.420s][info][gc,heap        ] GC(33415) PSYoungGen: 83168K(84480K)->2240K(84480K) Eden: 81920K(81920K)->0K(81920K) From: 1248K(2560K)->2240K(2560K)
[14454.420s][info][gc,heap        ] GC(33415) ParOldGen: 220062K(220160K)->220110K(220160K)
[14454.420s][info][gc,metaspace   ] GC(33415) Metaspace: 62320K(62592K)->62320K(62592K) NonClass: 53281K(53440K)->53281K(53440K) Class: 9039K(9152K)->9039K(9152K)
[14454.420s][info][gc             ] GC(33415) Pause Young (Allocation Failure) 296M->217M(297M) 1.893ms
[14454.420s][info][gc,cpu         ] GC(33415) User=0.00s Sys=0.00s Real=0.00s
[14454.809s][info][gc,start       ] GC(33416) Pause Young (Allocation Failure)
[14454.813s][info][gc,heap        ] GC(33416) PSYoungGen: 84160K(84480K)->1600K(84480K) Eden: 81919K(81920K)->0K(81920K) From: 2240K(2560K)->1600K(2560K)
[14454.813s][info][gc,heap        ] GC(33416) ParOldGen: 220110K(220160K)->222214K(223232K)
[14454.813s][info][gc,metaspace   ] GC(33416) Metaspace: 62320K(62592K)->62320K(62592K) NonClass: 53281K(53440K)->53281K(53440K) Class: 9039K(9152K)->9039K(9152K)
[14454.813s][info][gc             ] GC(33416) Pause Young (Allocation Failure) 297M->218M(300M) 4.231ms
[14454.813s][info][gc,cpu         ] GC(33416) User=0.00s Sys=0.00s Real=0.00s
[14455.243s][info][gc,start       ] GC(33417) Pause Young (Allocation Failure)
[14455.245s][info][gc,heap        ] GC(33417) PSYoungGen: 83520K(84480K)->544K(84480K) Eden: 81920K(81920K)->0K(81920K) From: 1600K(2560K)->544K(2560K)
[14455.245s][info][gc,heap        ] GC(33417) ParOldGen: 222214K(223232K)->222262K(223232K)
[14455.245s][info][gc,metaspace   ] GC(33417) Metaspace: 62320K(62592K)->62320K(62592K) NonClass: 53281K(53440K)->53281K(53440K) Class: 9039K(9152K)->9039K(9152K)
[14455.245s][info][gc             ] GC(33417) Pause Young (Allocation Failure) 298M->217M(300M) 1.989ms
[14455.245s][info][gc,cpu         ] GC(33417) User=0.00s Sys=0.00s Real=0.00s
[14455.669s][info][gc,start       ] GC(33418) Pause Young (Allocation Failure)
[14455.671s][info][gc,heap        ] GC(33418) PSYoungGen: 82464K(84480K)->992K(84480K) Eden: 81920K(81920K)->0K(81920K) From: 544K(2560K)->992K(2560K)
[14455.671s][info][gc,heap        ] GC(33418) ParOldGen: 222262K(223232K)->222310K(223232K)
[14455.671s][info][gc,metaspace   ] GC(33418) Metaspace: 62320K(62592K)->62320K(62592K) NonClass: 53281K(53440K)->53281K(53440K) Class: 9039K(9152K)->9039K(9152K)
[14455.671s][info][gc             ] GC(33418) Pause Young (Allocation Failure) 297M->218M(300M) 2.327ms
[14455.671s][info][gc,cpu         ] GC(33418) User=0.00s Sys=0.00s Real=0.00s
[14456.069s][info][gc,start       ] GC(33419) Pause Young (Allocation Failure)
[14456.072s][info][gc,heap        ] GC(33419) PSYoungGen: 82912K(84480K)->960K(84480K) Eden: 81920K(81920K)->0K(81920K) From: 992K(2560K)->960K(2560K)
[14456.072s][info][gc,heap        ] GC(33419) ParOldGen: 222310K(223232K)->222358K(223232K)
[14456.072s][info][gc,metaspace   ] GC(33419) Metaspace: 62320K(62592K)->62320K(62592K) NonClass: 53281K(53440K)->53281K(53440K) Class: 9039K(9152K)->9039K(9152K)
[14456.072s][info][gc             ] GC(33419) Pause Young (Allocation Failure) 298M->218M(300M) 2.360ms
[14456.072s][info][gc,cpu         ] GC(33419) User=0.01s Sys=0.00s Real=0.00s
[14456.480s][info][gc,start       ] GC(33420) Pause Young (Allocation Failure)
[14456.482s][info][gc,heap        ] GC(33420) PSYoungGen: 82880K(84480K)->1184K(84480K) Eden: 81920K(81920K)->0K(81920K) From: 960K(2560K)->1184K(2560K)
[14456.482s][info][gc,heap        ] GC(33420) ParOldGen: 222358K(223232K)->222414K(223232K)
[14456.482s][info][gc,metaspace   ] GC(33420) Metaspace: 62320K(62592K)->62320K(62592K) NonClass: 53281K(53440K)->53281K(53440K) Class: 9039K(9152K)->9039K(9152K)
[14456.482s][info][gc             ] GC(33420) Pause Young (Allocation Failure) 298M->218M(300M) 2.513ms
[14456.482s][info][gc,cpu         ] GC(33420) User=0.00s Sys=0.00s Real=0.00s
[14456.951s][info][gc,start       ] GC(33421) Pause Young (Allocation Failure)
[14456.953s][info][gc,heap        ] GC(33421) PSYoungGen: 83104K(84480K)->704K(84480K) Eden: 81920K(81920K)->0K(81920K) From: 1184K(2560K)->704K(2560K)
[14456.953s][info][gc,heap        ] GC(33421) ParOldGen: 222414K(223232K)->222462K(223232K)
[14456.953s][info][gc,metaspace   ] GC(33421) Metaspace: 62320K(62592K)->62320K(62592K) NonClass: 53281K(53440K)->53281K(53440K) Class: 9039K(9152K)->9039K(9152K)
[14456.953s][info][gc             ] GC(33421) Pause Young (Allocation Failure) 298M->217M(300M) 2.181ms
[14456.953s][info][gc,cpu         ] GC(33421) User=0.00s Sys=0.00s Real=0.00s
[14457.418s][info][gc,start       ] GC(33422) Pause Young (Allocation Failure)
[14457.419s][info][gc,heap        ] GC(33422) PSYoungGen: 82624K(84480K)->224K(84480K) Eden: 81920K(81920K)->0K(81920K) From: 704K(2560K)->224K(2560K)
[14457.419s][info][gc,heap        ] GC(33422) ParOldGen: 222462K(223232K)->222510K(223232K)
[14457.419s][info][gc,metaspace   ] GC(33422) Metaspace: 62320K(62592K)->62320K(62592K) NonClass: 53281K(53440K)->53281K(53440K) Class: 9039K(9152K)->9039K(9152K)
[14457.419s][info][gc             ] GC(33422) Pause Young (Allocation Failure) 297M->217M(300M) 1.692ms
[14457.419s][info][gc,cpu         ] GC(33422) User=0.00s Sys=0.00s Real=0.00s
[14457.852s][info][gc,start       ] GC(33423) Pause Young (Allocation Failure)
[14457.854s][info][gc,heap        ] GC(33423) PSYoungGen: 82144K(84480K)->640K(84480K) Eden: 81920K(81920K)->0K(81920K) From: 224K(2560K)->640K(2560K)
[14457.854s][info][gc,heap        ] GC(33423) ParOldGen: 222510K(223232K)->222566K(223232K)
[14457.854s][info][gc,metaspace   ] GC(33423) Metaspace: 62320K(62592K)->62320K(62592K) NonClass: 53281K(53440K)->53281K(53440K) Class: 9039K(9152K)->9039K(9152K)
[14457.854s][info][gc             ] GC(33423) Pause Young (Allocation Failure) 297M->217M(300M) 2.168ms
[14457.854s][info][gc,cpu         ] GC(33423) User=0.00s Sys=0.00s Real=0.00s
[14458.290s][info][gc,start       ] GC(33424) Pause Young (Allocation Failure)
[14458.292s][info][gc,heap        ] GC(33424) PSYoungGen: 82560K(84480K)->1280K(84480K) Eden: 81920K(81920K)->0K(81920K) From: 640K(2560K)->1280K(2560K)
[14458.292s][info][gc,heap        ] GC(33424) ParOldGen: 222566K(223232K)->222614K(223232K)
[14458.292s][info][gc,metaspace   ] GC(33424) Metaspace: 62320K(62592K)->62320K(62592K) NonClass: 53281K(53440K)->53281K(53440K) Class: 9039K(9152K)->9039K(9152K)
[14458.292s][info][gc             ] GC(33424) Pause Young (Allocation Failure) 297M->218M(300M) 2.629ms
[14458.293s][info][gc,cpu         ] GC(33424) User=0.00s Sys=0.00s Real=0.00s
[14458.786s][info][gc,start       ] GC(33425) Pause Young (Allocation Failure)
[14458.790s][info][gc,heap        ] GC(33425) PSYoungGen: 83200K(84480K)->2208K(84480K) Eden: 81920K(81920K)->0K(81920K) From: 1280K(2560K)->2208K(2560K)
[14458.790s][info][gc,heap        ] GC(33425) ParOldGen: 222614K(223232K)->223694K(224768K)
[14458.790s][info][gc,metaspace   ] GC(33425) Metaspace: 62320K(62592K)->62320K(62592K) NonClass: 53281K(53440K)->53281K(53440K) Class: 9039K(9152K)->9039K(9152K)
[14458.790s][info][gc             ] GC(33425) Pause Young (Allocation Failure) 298M->220M(302M) 3.345ms
[14458.790s][info][gc,cpu         ] GC(33425) User=0.00s Sys=0.00s Real=0.00s
[14459.241s][info][gc,start       ] GC(33426) Pause Young (Allocation Failure)
[14459.244s][info][gc,heap        ] GC(33426) PSYoungGen: 84128K(84480K)->480K(84480K) Eden: 81920K(81920K)->0K(81920K) From: 2208K(2560K)->480K(2560K)
[14459.244s][info][gc,heap        ] GC(33426) ParOldGen: 223694K(224768K)->225846K(226304K)
[14459.244s][info][gc,metaspace   ] GC(33426) Metaspace: 62320K(62592K)->62320K(62592K) NonClass: 53281K(53440K)->53281K(53440K) Class: 9039K(9152K)->9039K(9152K)
[14459.244s][info][gc             ] GC(33426) Pause Young (Allocation Failure) 300M->221M(303M) 3.239ms
[14459.244s][info][gc,cpu         ] GC(33426) User=0.00s Sys=0.00s Real=0.00s
[14459.677s][info][gc,start       ] GC(33427) Pause Young (Allocation Failure)
[14459.679s][info][gc,heap        ] GC(33427) PSYoungGen: 82400K(84480K)->1248K(84480K) Eden: 81920K(81920K)->0K(81920K) From: 480K(2560K)->1248K(2560K)
[14459.679s][info][gc,heap        ] GC(33427) ParOldGen: 225846K(226304K)->225894K(226304K)
[14459.679s][info][gc,metaspace   ] GC(33427) Metaspace: 62320K(62592K)->62320K(62592K) NonClass: 53281K(53440K)->53281K(53440K) Class: 9039K(9152K)->9039K(9152K)
[14459.679s][info][gc             ] GC(33427) Pause Young (Allocation Failure) 301M->221M(303M) 2.535ms
[14459.679s][info][gc,cpu         ] GC(33427) User=0.01s Sys=0.00s Real=0.00s
[14460.134s][info][gc,start       ] GC(33428) Pause Young (Allocation Failure)
[14460.136s][info][gc,heap        ] GC(33428) PSYoungGen: 83168K(84480K)->416K(84480K) Eden: 81920K(81920K)->0K(81920K) From: 1248K(2560K)->416K(2560K)
[14460.136s][info][gc,heap        ] GC(33428) ParOldGen: 225894K(226304K)->225942K(226304K)
[14460.136s][info][gc,metaspace   ] GC(33428) Metaspace: 62320K(62592K)->62320K(62592K) NonClass: 53281K(53440K)->53281K(53440K) Class: 9039K(9152K)->9039K(9152K)
[14460.136s][info][gc             ] GC(33428) Pause Young (Allocation Failure) 301M->221M(303M) 1.922ms
[14460.136s][info][gc,cpu         ] GC(33428) User=0.00s Sys=0.00s Real=0.01s
[14460.599s][info][gc,start       ] GC(33429) Pause Young (Allocation Failure)
[14460.601s][info][gc,heap        ] GC(33429) PSYoungGen: 82336K(84480K)->1280K(84480K) Eden: 81920K(81920K)->0K(81920K) From: 416K(2560K)->1280K(2560K)
[14460.601s][info][gc,heap        ] GC(33429) ParOldGen: 225942K(226304K)->225998K(226304K)
[14460.601s][info][gc,metaspace   ] GC(33429) Metaspace: 62320K(62592K)->62320K(62592K) NonClass: 53281K(53440K)->53281K(53440K) Class: 9039K(9152K)->9039K(9152K)
[14460.601s][info][gc             ] GC(33429) Pause Young (Allocation Failure) 301M->221M(303M) 2.615ms
[14460.601s][info][gc,cpu         ] GC(33429) User=0.01s Sys=0.00s Real=0.00s
[14461.054s][info][gc,start       ] GC(33430) Pause Young (Allocation Failure)
[14461.056s][info][gc,heap        ] GC(33430) PSYoungGen: 83200K(84480K)->736K(84480K) Eden: 81920K(81920K)->0K(81920K) From: 1280K(2560K)->736K(2560K)
[14461.056s][info][gc,heap        ] GC(33430) ParOldGen: 225998K(226304K)->226046K(226304K)
[14461.056s][info][gc,metaspace   ] GC(33430) Metaspace: 62320K(62592K)->62320K(62592K) NonClass: 53281K(53440K)->53281K(53440K) Class: 9039K(9152K)->9039K(9152K)
[14461.056s][info][gc             ] GC(33430) Pause Young (Allocation Failure) 301M->221M(303M) 2.101ms
[14461.056s][info][gc,cpu         ] GC(33430) User=0.01s Sys=0.00s Real=0.00s
[14461.481s][info][gc,start       ] GC(33431) Pause Young (Allocation Failure)
[14461.484s][info][gc,heap        ] GC(33431) PSYoungGen: 82656K(84480K)->1152K(84480K) Eden: 81920K(81920K)->0K(81920K) From: 736K(2560K)->1152K(2560K)
[14461.484s][info][gc,heap        ] GC(33431) ParOldGen: 226046K(226304K)->226094K(226304K)
[14461.484s][info][gc,metaspace   ] GC(33431) Metaspace: 62320K(62592K)->62320K(62592K) NonClass: 53281K(53440K)->53281K(53440K) Class: 9039K(9152K)->9039K(9152K)
[14461.484s][info][gc             ] GC(33431) Pause Young (Allocation Failure) 301M->221M(303M) 2.790ms
[14461.484s][info][gc,cpu         ] GC(33431) User=0.01s Sys=0.00s Real=0.00s
[14461.896s][info][gc,start       ] GC(33432) Pause Young (Allocation Failure)
[14461.898s][info][gc,heap        ] GC(33432) PSYoungGen: 83072K(84480K)->1376K(84480K) Eden: 81920K(81920K)->0K(81920K) From: 1152K(2560K)->1376K(2560K)
[14461.898s][info][gc,heap        ] GC(33432) ParOldGen: 226094K(226304K)->226142K(226304K)
[14461.898s][info][gc,metaspace   ] GC(33432) Metaspace: 62320K(62592K)->62320K(62592K) NonClass: 53281K(53440K)->53281K(53440K) Class: 9039K(9152K)->9039K(9152K)
[14461.898s][info][gc             ] GC(33432) Pause Young (Allocation Failure) 301M->222M(303M) 2.658ms
[14461.898s][info][gc,cpu         ] GC(33432) User=0.01s Sys=0.00s Real=0.01s
[14462.322s][info][gc,start       ] GC(33433) Pause Young (Allocation Failure)
[14462.323s][info][gc,heap        ] GC(33433) PSYoungGen: 83296K(84480K)->256K(84480K) Eden: 81920K(81920K)->0K(81920K) From: 1376K(2560K)->256K(2560K)
[14462.323s][info][gc,heap        ] GC(33433) ParOldGen: 226142K(226304K)->226198K(226304K)
[14462.323s][info][gc,metaspace   ] GC(33433) Metaspace: 62320K(62592K)->62320K(62592K) NonClass: 53281K(53440K)->53281K(53440K) Class: 9039K(9152K)->9039K(9152K)
[14462.323s][info][gc             ] GC(33433) Pause Young (Allocation Failure) 302M->221M(303M) 1.805ms
[14462.323s][info][gc,cpu         ] GC(33433) User=0.00s Sys=0.00s Real=0.00s
[14462.774s][info][gc,start       ] GC(33434) Pause Young (Allocation Failure)
[14462.777s][info][gc,heap        ] GC(33434) PSYoungGen: 82176K(84480K)->960K(84480K) Eden: 81920K(81920K)->0K(81920K) From: 256K(2560K)->960K(2560K)
[14462.777s][info][gc,heap        ] GC(33434) ParOldGen: 226198K(226304K)->226246K(226304K)
[14462.777s][info][gc,metaspace   ] GC(33434) Metaspace: 62320K(62592K)->62320K(62592K) NonClass: 53281K(53440K)->53281K(53440K) Class: 9039K(9152K)->9039K(9152K)
[14462.777s][info][gc             ] GC(33434) Pause Young (Allocation Failure) 301M->221M(303M) 2.425ms
[14462.777s][info][gc,cpu         ] GC(33434) User=0.01s Sys=0.00s Real=0.01s
[14463.227s][info][gc,start       ] GC(33435) Pause Young (Allocation Failure)
[14463.229s][info][gc,heap        ] GC(33435) PSYoungGen: 82880K(84480K)->320K(84480K) Eden: 81920K(81920K)->0K(81920K) From: 960K(2560K)->320K(2560K)
[14463.229s][info][gc,heap        ] GC(33435) ParOldGen: 226246K(226304K)->226294K(226304K)
[14463.229s][info][gc,metaspace   ] GC(33435) Metaspace: 62320K(62592K)->62320K(62592K) NonClass: 53281K(53440K)->53281K(53440K) Class: 9039K(9152K)->9039K(9152K)
[14463.229s][info][gc             ] GC(33435) Pause Young (Allocation Failure) 301M->221M(303M) 1.940ms
[14463.229s][info][gc,cpu         ] GC(33435) User=0.00s Sys=0.00s Real=0.00s
[14463.676s][info][gc,start       ] GC(33436) Pause Young (Allocation Failure)
[14463.679s][info][gc,heap        ] GC(33436) PSYoungGen: 82240K(84480K)->2048K(84480K) Eden: 81920K(81920K)->0K(81920K) From: 320K(2560K)->2048K(2560K)
[14463.679s][info][gc,heap        ] GC(33436) ParOldGen: 226294K(226304K)->227366K(227840K)
[14463.679s][info][gc,metaspace   ] GC(33436) Metaspace: 62320K(62592K)->62320K(62592K) NonClass: 53281K(53440K)->53281K(53440K) Class: 9039K(9152K)->9039K(9152K)
[14463.680s][info][gc             ] GC(33436) Pause Young (Allocation Failure) 301M->224M(305M) 3.078ms
[14463.680s][info][gc,cpu         ] GC(33436) User=0.00s Sys=0.00s Real=0.00s
[14464.128s][info][gc,start       ] GC(33437) Pause Young (Allocation Failure)
[14464.131s][info][gc,heap        ] GC(33437) PSYoungGen: 83968K(84480K)->320K(84480K) Eden: 81920K(81920K)->0K(81920K) From: 2048K(2560K)->320K(2560K)
[14464.131s][info][gc,heap        ] GC(33437) ParOldGen: 227366K(227840K)->229462K(230912K)
[14464.131s][info][gc,metaspace   ] GC(33437) Metaspace: 62320K(62592K)->62320K(62592K) NonClass: 53281K(53440K)->53281K(53440K) Class: 9039K(9152K)->9039K(9152K)
[14464.131s][info][gc             ] GC(33437) Pause Young (Allocation Failure) 304M->224M(308M) 3.065ms
[14464.131s][info][gc,cpu         ] GC(33437) User=0.01s Sys=0.00s Real=0.00s
[14464.548s][info][gc,start       ] GC(33438) Pause Young (Allocation Failure)
[14464.550s][info][gc,heap        ] GC(33438) PSYoungGen: 82240K(84480K)->640K(84480K) Eden: 81920K(81920K)->0K(81920K) From: 320K(2560K)->640K(2560K)
[14464.550s][info][gc,heap        ] GC(33438) ParOldGen: 229462K(230912K)->229510K(230912K)
[14464.550s][info][gc,metaspace   ] GC(33438) Metaspace: 62320K(62592K)->62320K(62592K) NonClass: 53281K(53440K)->53281K(53440K) Class: 9039K(9152K)->9039K(9152K)
[14464.550s][info][gc             ] GC(33438) Pause Young (Allocation Failure) 304M->224M(308M) 2.133ms
[14464.550s][info][gc,cpu         ] GC(33438) User=0.01s Sys=0.00s Real=0.00s
[14464.961s][info][gc,start       ] GC(33439) Pause Young (Allocation Failure)
[14464.963s][info][gc,heap        ] GC(33439) PSYoungGen: 82560K(84480K)->864K(84480K) Eden: 81920K(81920K)->0K(81920K) From: 640K(2560K)->864K(2560K)
[14464.963s][info][gc,heap        ] GC(33439) ParOldGen: 229510K(230912K)->229566K(230912K)
[14464.963s][info][gc,metaspace   ] GC(33439) Metaspace: 62320K(62592K)->62320K(62592K) NonClass: 53281K(53440K)->53281K(53440K) Class: 9039K(9152K)->9039K(9152K)
[14464.963s][info][gc             ] GC(33439) Pause Young (Allocation Failure) 304M->225M(308M) 2.226ms
[14464.963s][info][gc,cpu         ] GC(33439) User=0.00s Sys=0.00s Real=0.00s
[14465.367s][info][gc,start       ] GC(33440) Pause Young (Allocation Failure)
[14465.370s][info][gc,heap        ] GC(33440) PSYoungGen: 82784K(84480K)->960K(84480K) Eden: 81920K(81920K)->0K(81920K) From: 864K(2560K)->960K(2560K)
[14465.370s][info][gc,heap        ] GC(33440) ParOldGen: 229566K(230912K)->229622K(230912K)
[14465.370s][info][gc,metaspace   ] GC(33440) Metaspace: 62320K(62592K)->62320K(62592K) NonClass: 53281K(53440K)->53281K(53440K) Class: 9039K(9152K)->9039K(9152K)
[14465.370s][info][gc             ] GC(33440) Pause Young (Allocation Failure) 305M->225M(308M) 2.352ms
[14465.370s][info][gc,cpu         ] GC(33440) User=0.00s Sys=0.00s Real=0.00s
[14465.783s][info][gc,start       ] GC(33441) Pause Young (Allocation Failure)
[14465.786s][info][gc,heap        ] GC(33441) PSYoungGen: 82880K(84480K)->1216K(84992K) Eden: 81920K(81920K)->0K(82944K) From: 960K(2560K)->1216K(2048K)
[14465.786s][info][gc,heap        ] GC(33441) ParOldGen: 229622K(230912K)->229670K(230912K)
[14465.786s][info][gc,metaspace   ] GC(33441) Metaspace: 62320K(62592K)->62320K(62592K) NonClass: 53281K(53440K)->53281K(53440K) Class: 9039K(9152K)->9039K(9152K)
[14465.786s][info][gc             ] GC(33441) Pause Young (Allocation Failure) 305M->225M(308M) 2.518ms
[14465.786s][info][gc,cpu         ] GC(33441) User=0.01s Sys=0.00s Real=0.00s
[14466.240s][info][gc,start       ] GC(33442) Pause Young (Allocation Failure)
[14466.242s][info][gc,heap        ] GC(33442) PSYoungGen: 84160K(84992K)->560K(84992K) Eden: 82944K(82944K)->0K(82944K) From: 1216K(2048K)->560K(2048K)
[14466.242s][info][gc,heap        ] GC(33442) ParOldGen: 229670K(230912K)->229718K(230912K)
[14466.242s][info][gc,metaspace   ] GC(33442) Metaspace: 62320K(62592K)->62320K(62592K) NonClass: 53281K(53440K)->53281K(53440K) Class: 9039K(9152K)->9039K(9152K)
[14466.242s][info][gc             ] GC(33442) Pause Young (Allocation Failure) 306M->224M(308M) 2.051ms
[14466.242s][info][gc,cpu         ] GC(33442) User=0.01s Sys=0.00s Real=0.00s
[14466.698s][info][gc,start       ] GC(33443) Pause Young (Allocation Failure)
[14466.701s][info][gc,heap        ] GC(33443) PSYoungGen: 83504K(84992K)->1504K(83968K) Eden: 82944K(82944K)->0K(81920K) From: 560K(2048K)->1504K(2048K)
[14466.701s][info][gc,heap        ] GC(33443) ParOldGen: 229718K(230912K)->229814K(230912K)
[14466.701s][info][gc,metaspace   ] GC(33443) Metaspace: 62320K(62592K)->62320K(62592K) NonClass: 53281K(53440K)->53281K(53440K) Class: 9039K(9152K)->9039K(9152K)
[14466.701s][info][gc             ] GC(33443) Pause Young (Allocation Failure) 305M->225M(307M) 3.009ms
[14466.701s][info][gc,cpu         ] GC(33443) User=0.00s Sys=0.00s Real=0.00s
[14467.144s][info][gc,start       ] GC(33444) Pause Young (Allocation Failure)
[14467.146s][info][gc,heap        ] GC(33444) PSYoungGen: 83424K(83968K)->544K(84480K) Eden: 81920K(81920K)->0K(81920K) From: 1504K(2048K)->544K(2560K)
[14467.146s][info][gc,heap        ] GC(33444) ParOldGen: 229814K(230912K)->229862K(230912K)
[14467.146s][info][gc,metaspace   ] GC(33444) Metaspace: 62320K(62592K)->62320K(62592K) NonClass: 53281K(53440K)->53281K(53440K) Class: 9039K(9152K)->9039K(9152K)
[14467.146s][info][gc             ] GC(33444) Pause Young (Allocation Failure) 305M->225M(308M) 1.950ms
[14467.146s][info][gc,cpu         ] GC(33444) User=0.01s Sys=0.00s Real=0.00s
[14467.544s][info][gc,start       ] GC(33445) Pause Young (Allocation Failure)
[14467.546s][info][gc,heap        ] GC(33445) PSYoungGen: 82464K(84480K)->640K(84992K) Eden: 81920K(81920K)->0K(82432K) From: 544K(2560K)->640K(2560K)
[14467.546s][info][gc,heap        ] GC(33445) ParOldGen: 229862K(230912K)->229910K(230912K)
[14467.546s][info][gc,metaspace   ] GC(33445) Metaspace: 62320K(62592K)->62320K(62592K) NonClass: 53281K(53440K)->53281K(53440K) Class: 9039K(9152K)->9039K(9152K)
[14467.546s][info][gc             ] GC(33445) Pause Young (Allocation Failure) 305M->225M(308M) 2.024ms
[14467.546s][info][gc,cpu         ] GC(33445) User=0.00s Sys=0.00s Real=0.01s
[14467.953s][info][gc,start       ] GC(33446) Pause Young (Allocation Failure)
[14467.956s][info][gc,heap        ] GC(33446) PSYoungGen: 83072K(84992K)->1696K(84480K) Eden: 82432K(82432K)->0K(82432K) From: 640K(2560K)->1696K(2048K)
[14467.956s][info][gc,heap        ] GC(33446) ParOldGen: 229910K(230912K)->230990K(232448K)
[14467.956s][info][gc,metaspace   ] GC(33446) Metaspace: 62320K(62592K)->62320K(62592K) NonClass: 53281K(53440K)->53281K(53440K) Class: 9039K(9152K)->9039K(9152K)
[14467.956s][info][gc             ] GC(33446) Pause Young (Allocation Failure) 305M->227M(309M) 2.796ms
[14467.956s][info][gc,cpu         ] GC(33446) User=0.00s Sys=0.00s Real=0.00s
[14468.429s][info][gc,start       ] GC(33447) Pause Young (Allocation Failure)
[14468.432s][info][gc,heap        ] GC(33447) PSYoungGen: 84128K(84480K)->352K(84480K) Eden: 82432K(82432K)->0K(81920K) From: 1696K(2048K)->352K(2560K)
[14468.432s][info][gc,heap        ] GC(33447) ParOldGen: 230990K(232448K)->233086K(233984K)
[14468.432s][info][gc,metaspace   ] GC(33447) Metaspace: 62320K(62592K)->62320K(62592K) NonClass: 53281K(53440K)->53281K(53440K) Class: 9039K(9152K)->9039K(9152K)
[14468.432s][info][gc             ] GC(33447) Pause Young (Allocation Failure) 307M->227M(311M) 3.100ms
[14468.432s][info][gc,cpu         ] GC(33447) User=0.01s Sys=0.00s Real=0.00s
[14468.894s][info][gc,start       ] GC(33448) Pause Young (Allocation Failure)
[14468.896s][info][gc,heap        ] GC(33448) PSYoungGen: 82272K(84480K)->1280K(84480K) Eden: 81920K(81920K)->0K(81920K) From: 352K(2560K)->1280K(2560K)
[14468.896s][info][gc,heap        ] GC(33448) ParOldGen: 233086K(233984K)->233142K(233984K)
[14468.896s][info][gc,metaspace   ] GC(33448) Metaspace: 62320K(62592K)->62320K(62592K) NonClass: 53281K(53440K)->53281K(53440K) Class: 9039K(9152K)->9039K(9152K)
[14468.896s][info][gc             ] GC(33448) Pause Young (Allocation Failure) 307M->228M(311M) 2.636ms
[14468.896s][info][gc,cpu         ] GC(33448) User=0.01s Sys=0.00s Real=0.00s
[14469.352s][info][gc,start       ] GC(33449) Pause Young (Allocation Failure)
[14469.354s][info][gc,heap        ] GC(33449) PSYoungGen: 83200K(84480K)->672K(84480K) Eden: 81920K(81920K)->0K(81920K) From: 1280K(2560K)->672K(2560K)
[14469.354s][info][gc,heap        ] GC(33449) ParOldGen: 233142K(233984K)->233198K(233984K)
[14469.354s][info][gc,metaspace   ] GC(33449) Metaspace: 62320K(62592K)->62320K(62592K) NonClass: 53281K(53440K)->53281K(53440K) Class: 9039K(9152K)->9039K(9152K)
[14469.354s][info][gc             ] GC(33449) Pause Young (Allocation Failure) 308M->228M(311M) 2.231ms
[14469.354s][info][gc,cpu         ] GC(33449) User=0.00s Sys=0.00s Real=0.00s
[14469.815s][info][gc,start       ] GC(33450) Pause Young (Allocation Failure)
[14469.818s][info][gc,heap        ] GC(33450) PSYoungGen: 82592K(84480K)->1568K(84480K) Eden: 81920K(81920K)->0K(81920K) From: 672K(2560K)->1568K(2560K)
[14469.818s][info][gc,heap        ] GC(33450) ParOldGen: 233198K(233984K)->233254K(233984K)
[14469.818s][info][gc,metaspace   ] GC(33450) Metaspace: 62320K(62592K)->62320K(62592K) NonClass: 53281K(53440K)->53281K(53440K) Class: 9039K(9152K)->9039K(9152K)
[14469.818s][info][gc             ] GC(33450) Pause Young (Allocation Failure) 308M->229M(311M) 2.898ms
[14469.818s][info][gc,cpu         ] GC(33450) User=0.00s Sys=0.00s Real=0.01s
[14470.266s][info][gc,start       ] GC(33451) Pause Young (Allocation Failure)
[14470.268s][info][gc,heap        ] GC(33451) PSYoungGen: 83488K(84480K)->864K(84480K) Eden: 81920K(81920K)->0K(81920K) From: 1568K(2560K)->864K(2560K)
[14470.268s][info][gc,heap        ] GC(33451) ParOldGen: 233254K(233984K)->233302K(233984K)
[14470.268s][info][gc,metaspace   ] GC(33451) Metaspace: 62320K(62592K)->62320K(62592K) NonClass: 53281K(53440K)->53281K(53440K) Class: 9039K(9152K)->9039K(9152K)
[14470.268s][info][gc             ] GC(33451) Pause Young (Allocation Failure) 309M->228M(311M) 2.314ms
[14470.268s][info][gc,cpu         ] GC(33451) User=0.01s Sys=0.00s Real=0.01s
[14470.707s][info][gc,start       ] GC(33452) Pause Young (Allocation Failure)
[14470.710s][info][gc,heap        ] GC(33452) PSYoungGen: 82784K(84480K)->1568K(84480K) Eden: 81920K(81920K)->0K(81920K) From: 864K(2560K)->1568K(2560K)
[14470.710s][info][gc,heap        ] GC(33452) ParOldGen: 233302K(233984K)->233350K(233984K)
[14470.710s][info][gc,metaspace   ] GC(33452) Metaspace: 62320K(62592K)->62320K(62592K) NonClass: 53281K(53440K)->53281K(53440K) Class: 9039K(9152K)->9039K(9152K)
[14470.710s][info][gc             ] GC(33452) Pause Young (Allocation Failure) 308M->229M(311M) 2.771ms
[14470.710s][info][gc,cpu         ] GC(33452) User=0.01s Sys=0.00s Real=0.00s
[14471.151s][info][gc,start       ] GC(33453) Pause Young (Allocation Failure)
[14471.154s][info][gc,heap        ] GC(33453) PSYoungGen: 83488K(84480K)->672K(84480K) Eden: 81920K(81920K)->0K(81920K) From: 1568K(2560K)->672K(2560K)
[14471.154s][info][gc,heap        ] GC(33453) ParOldGen: 233350K(233984K)->233398K(233984K)
[14471.154s][info][gc,metaspace   ] GC(33453) Metaspace: 62320K(62592K)->62320K(62592K) NonClass: 53281K(53440K)->53281K(53440K) Class: 9039K(9152K)->9039K(9152K)
[14471.154s][info][gc             ] GC(33453) Pause Young (Allocation Failure) 309M->228M(311M) 2.164ms
[14471.154s][info][gc,cpu         ] GC(33453) User=0.00s Sys=0.00s Real=0.00s
[14471.609s][info][gc,start       ] GC(33454) Pause Young (Allocation Failure)
[14471.612s][info][gc,heap        ] GC(33454) PSYoungGen: 82592K(84480K)->1440K(84480K) Eden: 81920K(81920K)->0K(81920K) From: 672K(2560K)->1440K(2560K)
[14471.612s][info][gc,heap        ] GC(33454) ParOldGen: 233398K(233984K)->233454K(233984K)
[14471.612s][info][gc,metaspace   ] GC(33454) Metaspace: 62320K(62592K)->62320K(62592K) NonClass: 53281K(53440K)->53281K(53440K) Class: 9039K(9152K)->9039K(9152K)
[14471.612s][info][gc             ] GC(33454) Pause Young (Allocation Failure) 308M->229M(311M) 2.826ms
[14471.612s][info][gc,cpu         ] GC(33454) User=0.01s Sys=0.00s Real=0.00s
[14472.031s][info][gc,start       ] GC(33455) Pause Young (Allocation Failure)
[14472.033s][info][gc,heap        ] GC(33455) PSYoungGen: 83360K(84480K)->384K(84480K) Eden: 81920K(81920K)->0K(81920K) From: 1440K(2560K)->384K(2560K)
[14472.033s][info][gc,heap        ] GC(33455) ParOldGen: 233454K(233984K)->233502K(233984K)
[14472.033s][info][gc,metaspace   ] GC(33455) Metaspace: 62320K(62592K)->62320K(62592K) NonClass: 53281K(53440K)->53281K(53440K) Class: 9039K(9152K)->9039K(9152K)
[14472.033s][info][gc             ] GC(33455) Pause Young (Allocation Failure) 309M->228M(311M) 1.871ms
[14472.033s][info][gc,cpu         ] GC(33455) User=0.00s Sys=0.00s Real=0.00s
[14472.413s][info][gc,start       ] GC(33456) Pause Young (Allocation Failure)
[14472.416s][info][gc,heap        ] GC(33456) PSYoungGen: 82304K(84480K)->1824K(84480K) Eden: 81920K(81920K)->0K(81920K) From: 384K(2560K)->1824K(2560K)
[14472.416s][info][gc,heap        ] GC(33456) ParOldGen: 233502K(233984K)->233558K(233984K)
[14472.416s][info][gc,metaspace   ] GC(33456) Metaspace: 62320K(62592K)->62320K(62592K) NonClass: 53281K(53440K)->53281K(53440K) Class: 9039K(9152K)->9039K(9152K)
[14472.416s][info][gc             ] GC(33456) Pause Young (Allocation Failure) 308M->229M(311M) 3.023ms
[14472.416s][info][gc,cpu         ] GC(33456) User=0.00s Sys=0.00s Real=0.00s
[14472.834s][info][gc,start       ] GC(33457) Pause Young (Allocation Failure)
[14472.836s][info][gc,heap        ] GC(33457) PSYoungGen: 83744K(84480K)->2464K(83456K) Eden: 81920K(81920K)->0K(80896K) From: 1824K(2560K)->2464K(2560K)
[14472.836s][info][gc,heap        ] GC(33457) ParOldGen: 233558K(233984K)->233606K(233984K)
[14472.836s][info][gc,metaspace   ] GC(33457) Metaspace: 62320K(62592K)->62320K(62592K) NonClass: 53281K(53440K)->53281K(53440K) Class: 9039K(9152K)->9039K(9152K)
[14472.836s][info][gc             ] GC(33457) Pause Young (Allocation Failure) 309M->230M(310M) 2.206ms
[14472.836s][info][gc,cpu         ] GC(33457) User=0.01s Sys=0.00s Real=0.00s
[14473.249s][info][gc,start       ] GC(33458) Pause Young (Allocation Failure)
[14473.253s][info][gc,heap        ] GC(33458) PSYoungGen: 83360K(83456K)->672K(83968K) Eden: 80896K(80896K)->0K(80896K) From: 2464K(2560K)->672K(3072K)
[14473.253s][info][gc,heap        ] GC(33458) ParOldGen: 233606K(233984K)->235710K(237056K)
[14473.253s][info][gc,metaspace   ] GC(33458) Metaspace: 62320K(62592K)->62320K(62592K) NonClass: 53281K(53440K)->53281K(53440K) Class: 9039K(9152K)->9039K(9152K)
[14473.253s][info][gc             ] GC(33458) Pause Young (Allocation Failure) 309M->230M(313M) 3.504ms
[14473.253s][info][gc,cpu         ] GC(33458) User=0.01s Sys=0.01s Real=0.00s
[14473.735s][info][gc,start       ] GC(33459) Pause Young (Allocation Failure)
[14473.737s][info][gc,heap        ] GC(33459) PSYoungGen: 81568K(83968K)->496K(83968K) Eden: 80896K(80896K)->0K(80896K) From: 672K(3072K)->496K(3072K)
[14473.737s][info][gc,heap        ] GC(33459) ParOldGen: 235710K(237056K)->235766K(237056K)
[14473.737s][info][gc,metaspace   ] GC(33459) Metaspace: 62320K(62592K)->62320K(62592K) NonClass: 53281K(53440K)->53281K(53440K) Class: 9039K(9152K)->9039K(9152K)
[14473.737s][info][gc             ] GC(33459) Pause Young (Allocation Failure) 309M->230M(313M) 2.030ms
[14473.737s][info][gc,cpu         ] GC(33459) User=0.00s Sys=0.00s Real=0.01s
[14474.198s][info][gc,start       ] GC(33460) Pause Young (Allocation Failure)
[14474.201s][info][gc,heap        ] GC(33460) PSYoungGen: 81392K(83968K)->1408K(83968K) Eden: 80896K(80896K)->0K(80896K) From: 496K(3072K)->1408K(3072K)
[14474.201s][info][gc,heap        ] GC(33460) ParOldGen: 235766K(237056K)->235870K(237056K)
[14474.201s][info][gc,metaspace   ] GC(33460) Metaspace: 62320K(62592K)->62320K(62592K) NonClass: 53281K(53440K)->53281K(53440K) Class: 9039K(9152K)->9039K(9152K)
[14474.201s][info][gc             ] GC(33460) Pause Young (Allocation Failure) 309M->231M(313M) 2.939ms
[14474.201s][info][gc,cpu         ] GC(33460) User=0.01s Sys=0.00s Real=0.00s
[14474.611s][info][gc,start       ] GC(33461) Pause Young (Allocation Failure)
[14474.614s][info][gc,heap        ] GC(33461) PSYoungGen: 82304K(83968K)->1568K(83968K) Eden: 80896K(80896K)->0K(80896K) From: 1408K(3072K)->1568K(3072K)
[14474.614s][info][gc,heap        ] GC(33461) ParOldGen: 235870K(237056K)->235918K(237056K)
[14474.614s][info][gc,metaspace   ] GC(33461) Metaspace: 62320K(62592K)->62320K(62592K) NonClass: 53281K(53440K)->53281K(53440K) Class: 9039K(9152K)->9039K(9152K)
[14474.614s][info][gc             ] GC(33461) Pause Young (Allocation Failure) 310M->231M(313M) 2.973ms
[14474.614s][info][gc,cpu         ] GC(33461) User=0.01s Sys=0.00s Real=0.00s
[14475.040s][info][gc,start       ] GC(33462) Pause Young (Allocation Failure)
[14475.042s][info][gc,heap        ] GC(33462) PSYoungGen: 82464K(83968K)->512K(83968K) Eden: 80896K(80896K)->0K(80896K) From: 1568K(3072K)->512K(3072K)
[14475.042s][info][gc,heap        ] GC(33462) ParOldGen: 235918K(237056K)->235974K(237056K)
[14475.042s][info][gc,metaspace   ] GC(33462) Metaspace: 62320K(62592K)->62320K(62592K) NonClass: 53281K(53440K)->53281K(53440K) Class: 9039K(9152K)->9039K(9152K)
[14475.042s][info][gc             ] GC(33462) Pause Young (Allocation Failure) 310M->230M(313M) 1.891ms
[14475.042s][info][gc,cpu         ] GC(33462) User=0.01s Sys=0.00s Real=0.00s
[14475.488s][info][gc,start       ] GC(33463) Pause Young (Allocation Failure)
[14475.491s][info][gc,heap        ] GC(33463) PSYoungGen: 81408K(83968K)->1248K(84480K) Eden: 80896K(80896K)->0K(81408K) From: 512K(3072K)->1248K(3072K)
[14475.491s][info][gc,heap        ] GC(33463) ParOldGen: 235974K(237056K)->236030K(237056K)
[14475.491s][info][gc,metaspace   ] GC(33463) Metaspace: 62320K(62592K)->62320K(62592K) NonClass: 53281K(53440K)->53281K(53440K) Class: 9039K(9152K)->9039K(9152K)
[14475.491s][info][gc             ] GC(33463) Pause Young (Allocation Failure) 309M->231M(314M) 2.820ms
[14475.491s][info][gc,cpu         ] GC(33463) User=0.01s Sys=0.00s Real=0.00s
[14475.979s][info][gc,start       ] GC(33464) Pause Young (Allocation Failure)
[14475.981s][info][gc,heap        ] GC(33464) PSYoungGen: 82656K(84480K)->1088K(83968K) Eden: 81408K(81408K)->0K(81408K) From: 1248K(3072K)->1088K(2560K)
[14475.981s][info][gc,heap        ] GC(33464) ParOldGen: 236030K(237056K)->236086K(237056K)
[14475.981s][info][gc,metaspace   ] GC(33464) Metaspace: 62320K(62592K)->62320K(62592K) NonClass: 53281K(53440K)->53281K(53440K) Class: 9039K(9152K)->9039K(9152K)
[14475.981s][info][gc             ] GC(33464) Pause Young (Allocation Failure) 311M->231M(313M) 2.640ms
[14475.981s][info][gc,cpu         ] GC(33464) User=0.01s Sys=0.00s Real=0.00s
[14476.470s][info][gc,start       ] GC(33465) Pause Young (Allocation Failure)
[14476.472s][info][gc,heap        ] GC(33465) PSYoungGen: 82495K(83968K)->800K(84480K) Eden: 81407K(81408K)->0K(81920K) From: 1088K(2560K)->800K(2560K)
[14476.472s][info][gc,heap        ] GC(33465) ParOldGen: 236086K(237056K)->236142K(237056K)
[14476.472s][info][gc,metaspace   ] GC(33465) Metaspace: 62320K(62592K)->62320K(62592K) NonClass: 53281K(53440K)->53281K(53440K) Class: 9039K(9152K)->9039K(9152K)
[14476.472s][info][gc             ] GC(33465) Pause Young (Allocation Failure) 311M->231M(314M) 2.368ms
[14476.472s][info][gc,cpu         ] GC(33465) User=0.00s Sys=0.00s Real=0.00s
[14476.982s][info][gc,start       ] GC(33466) Pause Young (Allocation Failure)
[14476.985s][info][gc,heap        ] GC(33466) PSYoungGen: 82720K(84480K)->1152K(84480K) Eden: 81920K(81920K)->0K(81920K) From: 800K(2560K)->1152K(2560K)
[14476.985s][info][gc,heap        ] GC(33466) ParOldGen: 236142K(237056K)->236198K(237056K)
[14476.985s][info][gc,metaspace   ] GC(33466) Metaspace: 62320K(62592K)->62320K(62592K) NonClass: 53281K(53440K)->53281K(53440K) Class: 9039K(9152K)->9039K(9152K)
[14476.985s][info][gc             ] GC(33466) Pause Young (Allocation Failure) 311M->231M(314M) 2.625ms
[14476.985s][info][gc,cpu         ] GC(33466) User=0.00s Sys=0.00s Real=0.00s
[14477.403s][info][gc,start       ] GC(33467) Pause Young (Allocation Failure)
[14477.406s][info][gc,heap        ] GC(33467) PSYoungGen: 83072K(84480K)->2496K(83456K) Eden: 81920K(81920K)->0K(80896K) From: 1152K(2560K)->2496K(2560K)
[14477.406s][info][gc,heap        ] GC(33467) ParOldGen: 236198K(237056K)->237270K(238592K)
[14477.406s][info][gc,metaspace   ] GC(33467) Metaspace: 62320K(62592K)->62320K(62592K) NonClass: 53281K(53440K)->53281K(53440K) Class: 9039K(9152K)->9039K(9152K)
[14477.406s][info][gc             ] GC(33467) Pause Young (Allocation Failure) 311M->234M(314M) 3.554ms
[14477.406s][info][gc,cpu         ] GC(33467) User=0.01s Sys=0.00s Real=0.00s
[14477.812s][info][gc,start       ] GC(33468) Pause Young (Allocation Failure)
[14477.817s][info][gc,heap        ] GC(33468) PSYoungGen: 83392K(83456K)->1728K(83968K) Eden: 80896K(80896K)->0K(80896K) From: 2496K(2560K)->1728K(3072K)
[14477.817s][info][gc,heap        ] GC(33468) ParOldGen: 237270K(238592K)->239374K(240128K)
[14477.817s][info][gc,metaspace   ] GC(33468) Metaspace: 62320K(62592K)->62320K(62592K) NonClass: 53281K(53440K)->53281K(53440K) Class: 9039K(9152K)->9039K(9152K)
[14477.817s][info][gc             ] GC(33468) Pause Young (Allocation Failure) 313M->235M(316M) 4.403ms
[14477.817s][info][gc,cpu         ] GC(33468) User=0.01s Sys=0.00s Real=0.01s
[14478.238s][info][gc,start       ] GC(33469) Pause Young (Allocation Failure)
[14478.240s][info][gc,heap        ] GC(33469) PSYoungGen: 82624K(83968K)->512K(83968K) Eden: 80896K(80896K)->0K(80896K) From: 1728K(3072K)->512K(3072K)
[14478.240s][info][gc,heap        ] GC(33469) ParOldGen: 239374K(240128K)->239430K(240128K)
[14478.240s][info][gc,metaspace   ] GC(33469) Metaspace: 62320K(62592K)->62320K(62592K) NonClass: 53281K(53440K)->53281K(53440K) Class: 9039K(9152K)->9039K(9152K)
[14478.240s][info][gc             ] GC(33469) Pause Young (Allocation Failure) 314M->234M(316M) 2.144ms
[14478.240s][info][gc,cpu         ] GC(33469) User=0.01s Sys=0.00s Real=0.00s
[14478.668s][info][gc,start       ] GC(33470) Pause Young (Allocation Failure)
[14478.670s][info][gc,heap        ] GC(33470) PSYoungGen: 81408K(83968K)->896K(83968K) Eden: 80896K(80896K)->0K(80896K) From: 512K(3072K)->896K(3072K)
[14478.671s][info][gc,heap        ] GC(33470) ParOldGen: 239430K(240128K)->239486K(240128K)
[14478.671s][info][gc,metaspace   ] GC(33470) Metaspace: 62320K(62592K)->62320K(62592K) NonClass: 53281K(53440K)->53281K(53440K) Class: 9039K(9152K)->9039K(9152K)
[14478.671s][info][gc             ] GC(33470) Pause Young (Allocation Failure) 313M->234M(316M) 2.484ms
[14478.671s][info][gc,cpu         ] GC(33470) User=0.00s Sys=0.00s Real=0.00s
[14479.128s][info][gc,start       ] GC(33471) Pause Young (Allocation Failure)
[14479.130s][info][gc,heap        ] GC(33471) PSYoungGen: 81792K(83968K)->384K(84480K) Eden: 80896K(80896K)->0K(81408K) From: 896K(3072K)->384K(3072K)
[14479.130s][info][gc,heap        ] GC(33471) ParOldGen: 239486K(240128K)->239542K(240128K)
[14479.130s][info][gc,metaspace   ] GC(33471) Metaspace: 62320K(62592K)->62320K(62592K) NonClass: 53281K(53440K)->53281K(53440K) Class: 9039K(9152K)->9039K(9152K)
[14479.130s][info][gc             ] GC(33471) Pause Young (Allocation Failure) 313M->234M(317M) 1.928ms
[14479.130s][info][gc,cpu         ] GC(33471) User=0.00s Sys=0.00s Real=0.00s
[14479.599s][info][gc,start       ] GC(33472) Pause Young (Allocation Failure)
[14479.602s][info][gc,heap        ] GC(33472) PSYoungGen: 81792K(84480K)->1248K(83968K) Eden: 81408K(81408K)->0K(81408K) From: 384K(3072K)->1248K(2560K)
[14479.602s][info][gc,heap        ] GC(33472) ParOldGen: 239542K(240128K)->239598K(240128K)
[14479.602s][info][gc,metaspace   ] GC(33472) Metaspace: 62320K(62592K)->62320K(62592K) NonClass: 53281K(53440K)->53281K(53440K) Class: 9039K(9152K)->9039K(9152K)
[14479.602s][info][gc             ] GC(33472) Pause Young (Allocation Failure) 313M->235M(316M) 2.755ms
[14479.602s][info][gc,cpu         ] GC(33472) User=0.00s Sys=0.01s Real=0.00s
[14480.084s][info][gc,start       ] GC(33473) Pause Young (Allocation Failure)
[14480.087s][info][gc,heap        ] GC(33473) PSYoungGen: 82656K(83968K)->1056K(84480K) Eden: 81408K(81408K)->0K(81920K) From: 1248K(2560K)->1056K(2560K)
[14480.087s][info][gc,heap        ] GC(33473) ParOldGen: 239598K(240128K)->239646K(240128K)
[14480.087s][info][gc,metaspace   ] GC(33473) Metaspace: 62320K(62592K)->62320K(62592K) NonClass: 53281K(53440K)->53281K(53440K) Class: 9039K(9152K)->9039K(9152K)
[14480.087s][info][gc             ] GC(33473) Pause Young (Allocation Failure) 314M->235M(317M) 2.629ms
[14480.087s][info][gc,cpu         ] GC(33473) User=0.01s Sys=0.00s Real=0.01s
[14480.553s][info][gc,start       ] GC(33474) Pause Young (Allocation Failure)
[14480.555s][info][gc,heap        ] GC(33474) PSYoungGen: 82976K(84480K)->672K(84480K) Eden: 81920K(81920K)->0K(81920K) From: 1056K(2560K)->672K(2560K)
[14480.555s][info][gc,heap        ] GC(33474) ParOldGen: 239646K(240128K)->239702K(240128K)
[14480.555s][info][gc,metaspace   ] GC(33474) Metaspace: 62320K(62592K)->62320K(62592K) NonClass: 53281K(53440K)->53281K(53440K) Class: 9039K(9152K)->9039K(9152K)
[14480.555s][info][gc             ] GC(33474) Pause Young (Allocation Failure) 315M->234M(317M) 2.252ms
[14480.555s][info][gc,cpu         ] GC(33474) User=0.01s Sys=0.00s Real=0.00s
[14481.015s][info][gc,start       ] GC(33475) Pause Young (Allocation Failure)
[14481.018s][info][gc,heap        ] GC(33475) PSYoungGen: 82592K(84480K)->1600K(84480K) Eden: 81920K(81920K)->0K(81920K) From: 672K(2560K)->1600K(2560K)
[14481.018s][info][gc,heap        ] GC(33475) ParOldGen: 239702K(240128K)->239750K(240128K)
[14481.018s][info][gc,metaspace   ] GC(33475) Metaspace: 62320K(62592K)->62320K(62592K) NonClass: 53281K(53440K)->53281K(53440K) Class: 9039K(9152K)->9039K(9152K)
[14481.018s][info][gc             ] GC(33475) Pause Young (Allocation Failure) 314M->235M(317M) 2.908ms
[14481.018s][info][gc,cpu         ] GC(33475) User=0.01s Sys=0.00s Real=0.01s
[14481.470s][info][gc,start       ] GC(33476) Pause Young (Allocation Failure)
[14481.472s][info][gc,heap        ] GC(33476) PSYoungGen: 83520K(84480K)->1120K(84480K) Eden: 81920K(81920K)->0K(81920K) From: 1600K(2560K)->1120K(2560K)
[14481.472s][info][gc,heap        ] GC(33476) ParOldGen: 239750K(240128K)->239798K(240128K)
[14481.472s][info][gc,metaspace   ] GC(33476) Metaspace: 62320K(62592K)->62320K(62592K) NonClass: 53281K(53440K)->53281K(53440K) Class: 9039K(9152K)->9039K(9152K)
[14481.472s][info][gc             ] GC(33476) Pause Young (Allocation Failure) 315M->235M(317M) 2.484ms
[14481.472s][info][gc,cpu         ] GC(33476) User=0.01s Sys=0.00s Real=0.00s
[14481.903s][info][gc,start       ] GC(33477) Pause Young (Allocation Failure)
[14481.906s][info][gc,heap        ] GC(33477) PSYoungGen: 83040K(84480K)->1408K(84480K) Eden: 81920K(81920K)->0K(81920K) From: 1120K(2560K)->1408K(2560K)
[14481.906s][info][gc,heap        ] GC(33477) ParOldGen: 239798K(240128K)->239902K(240128K)
[14481.906s][info][gc,metaspace   ] GC(33477) Metaspace: 62320K(62592K)->62320K(62592K) NonClass: 53281K(53440K)->53281K(53440K) Class: 9039K(9152K)->9039K(9152K)
[14481.906s][info][gc             ] GC(33477) Pause Young (Allocation Failure) 315M->235M(317M) 2.868ms
[14481.906s][info][gc,cpu         ] GC(33477) User=0.00s Sys=0.00s Real=0.00s
[14482.339s][info][gc,start       ] GC(33478) Pause Young (Allocation Failure)
[14482.341s][info][gc,heap        ] GC(33478) PSYoungGen: 83328K(84480K)->2528K(84480K) Eden: 81920K(81920K)->0K(81920K) From: 1408K(2560K)->2528K(2560K)
[14482.341s][info][gc,heap        ] GC(33478) ParOldGen: 239902K(240128K)->239958K(240128K)
[14482.341s][info][gc,metaspace   ] GC(33478) Metaspace: 62320K(62592K)->62320K(62592K) NonClass: 53281K(53440K)->53281K(53440K) Class: 9039K(9152K)->9039K(9152K)
[14482.341s][info][gc             ] GC(33478) Pause Young (Allocation Failure) 315M->236M(317M) 2.240ms
[14482.341s][info][gc,cpu         ] GC(33478) User=0.01s Sys=0.00s Real=0.00s
[14482.749s][info][gc,start       ] GC(33479) Pause Young (Allocation Failure)
[14482.752s][info][gc,heap        ] GC(33479) PSYoungGen: 84448K(84480K)->704K(83456K) Eden: 81920K(81920K)->0K(80896K) From: 2528K(2560K)->704K(2560K)
[14482.752s][info][gc,heap        ] GC(33479) ParOldGen: 239958K(240128K)->242054K(243200K)
[14482.752s][info][gc,metaspace   ] GC(33479) Metaspace: 62320K(62592K)->62320K(62592K) NonClass: 53281K(53440K)->53281K(53440K) Class: 9039K(9152K)->9039K(9152K)
[14482.752s][info][gc             ] GC(33479) Pause Young (Allocation Failure) 316M->237M(319M) 3.231ms
[14482.752s][info][gc,cpu         ] GC(33479) User=0.00s Sys=0.00s Real=0.00s
[14483.200s][info][gc,start       ] GC(33480) Pause Young (Allocation Failure)
[14483.202s][info][gc,heap        ] GC(33480) PSYoungGen: 81600K(83456K)->1312K(83968K) Eden: 80896K(80896K)->0K(80896K) From: 704K(2560K)->1312K(3072K)
[14483.202s][info][gc,heap        ] GC(33480) ParOldGen: 242054K(243200K)->242110K(243200K)
[14483.202s][info][gc,metaspace   ] GC(33480) Metaspace: 62320K(62592K)->62320K(62592K) NonClass: 53281K(53440K)->53281K(53440K) Class: 9039K(9152K)->9039K(9152K)
[14483.202s][info][gc             ] GC(33480) Pause Young (Allocation Failure) 316M->237M(319M) 2.678ms
[14483.202s][info][gc,cpu         ] GC(33480) User=0.00s Sys=0.00s Real=0.00s
[14483.623s][info][gc,start       ] GC(33481) Pause Young (Allocation Failure)
[14483.624s][info][gc,heap        ] GC(33481) PSYoungGen: 82208K(83968K)->288K(84480K) Eden: 80896K(80896K)->0K(81920K) From: 1312K(3072K)->288K(2560K)
[14483.625s][info][gc,heap        ] GC(33481) ParOldGen: 242110K(243200K)->242166K(243200K)
[14483.625s][info][gc,metaspace   ] GC(33481) Metaspace: 62320K(62592K)->62320K(62592K) NonClass: 53281K(53440K)->53281K(53440K) Class: 9039K(9152K)->9039K(9152K)
[14483.625s][info][gc             ] GC(33481) Pause Young (Allocation Failure) 316M->236M(320M) 2.012ms
[14483.625s][info][gc,cpu         ] GC(33481) User=0.00s Sys=0.00s Real=0.00s
[14484.063s][info][gc,start       ] GC(33482) Pause Young (Allocation Failure)
[14484.065s][info][gc,heap        ] GC(33482) PSYoungGen: 82208K(84480K)->800K(84480K) Eden: 81920K(81920K)->0K(81920K) From: 288K(2560K)->800K(2560K)
[14484.065s][info][gc,heap        ] GC(33482) ParOldGen: 242166K(243200K)->242222K(243200K)
[14484.065s][info][gc,metaspace   ] GC(33482) Metaspace: 62320K(62592K)->62320K(62592K) NonClass: 53281K(53440K)->53281K(53440K) Class: 9039K(9152K)->9039K(9152K)
[14484.065s][info][gc             ] GC(33482) Pause Young (Allocation Failure) 316M->237M(320M) 2.303ms
[14484.065s][info][gc,cpu         ] GC(33482) User=0.01s Sys=0.00s Real=0.00s
[14484.526s][info][gc,start       ] GC(33483) Pause Young (Allocation Failure)
[14484.527s][info][gc,heap        ] GC(33483) PSYoungGen: 82720K(84480K)->320K(84480K) Eden: 81920K(81920K)->0K(81920K) From: 800K(2560K)->320K(2560K)
[14484.527s][info][gc,heap        ] GC(33483) ParOldGen: 242222K(243200K)->242270K(243200K)
[14484.527s][info][gc,metaspace   ] GC(33483) Metaspace: 62320K(62592K)->62320K(62592K) NonClass: 53281K(53440K)->53281K(53440K) Class: 9039K(9152K)->9039K(9152K)
[14484.527s][info][gc             ] GC(33483) Pause Young (Allocation Failure) 317M->236M(320M) 1.939ms
[14484.527s][info][gc,cpu         ] GC(33483) User=0.01s Sys=0.00s Real=0.01s
[14484.949s][info][gc,start       ] GC(33484) Pause Young (Allocation Failure)
[14484.951s][info][gc,heap        ] GC(33484) PSYoungGen: 82240K(84480K)->672K(84480K) Eden: 81920K(81920K)->0K(81920K) From: 320K(2560K)->672K(2560K)
[14484.951s][info][gc,heap        ] GC(33484) ParOldGen: 242270K(243200K)->242318K(243200K)
[14484.951s][info][gc,metaspace   ] GC(33484) Metaspace: 62320K(62592K)->62320K(62592K) NonClass: 53281K(53440K)->53281K(53440K) Class: 9039K(9152K)->9039K(9152K)
[14484.951s][info][gc             ] GC(33484) Pause Young (Allocation Failure) 316M->237M(320M) 2.114ms
[14484.951s][info][gc,cpu         ] GC(33484) User=0.01s Sys=0.00s Real=0.00s
[14485.369s][info][gc,start       ] GC(33485) Pause Young (Allocation Failure)
[14485.371s][info][gc,heap        ] GC(33485) PSYoungGen: 82592K(84480K)->896K(84480K) Eden: 81920K(81920K)->0K(81920K) From: 672K(2560K)->896K(2560K)
[14485.371s][info][gc,heap        ] GC(33485) ParOldGen: 242318K(243200K)->242374K(243200K)
[14485.371s][info][gc,metaspace   ] GC(33485) Metaspace: 62320K(62592K)->62320K(62592K) NonClass: 53281K(53440K)->53281K(53440K) Class: 9039K(9152K)->9039K(9152K)
[14485.371s][info][gc             ] GC(33485) Pause Young (Allocation Failure) 317M->237M(320M) 2.404ms
[14485.371s][info][gc,cpu         ] GC(33485) User=0.01s Sys=0.00s Real=0.00s
[14485.818s][info][gc,start       ] GC(33486) Pause Young (Allocation Failure)
[14485.820s][info][gc,heap        ] GC(33486) PSYoungGen: 82816K(84480K)->192K(84480K) Eden: 81920K(81920K)->0K(81920K) From: 896K(2560K)->192K(2560K)
[14485.820s][info][gc,heap        ] GC(33486) ParOldGen: 242374K(243200K)->242430K(243200K)
[14485.820s][info][gc,metaspace   ] GC(33486) Metaspace: 62320K(62592K)->62320K(62592K) NonClass: 53281K(53440K)->53281K(53440K) Class: 9039K(9152K)->9039K(9152K)
[14485.820s][info][gc             ] GC(33486) Pause Young (Allocation Failure) 317M->236M(320M) 1.755ms
[14485.820s][info][gc,cpu         ] GC(33486) User=0.00s Sys=0.00s Real=0.00s
[14486.229s][info][gc,start       ] GC(33487) Pause Young (Allocation Failure)
[14486.230s][info][gc,heap        ] GC(33487) PSYoungGen: 82112K(84480K)->352K(84480K) Eden: 81920K(81920K)->0K(81920K) From: 192K(2560K)->352K(2560K)
[14486.230s][info][gc,heap        ] GC(33487) ParOldGen: 242430K(243200K)->242478K(243200K)
[14486.230s][info][gc,metaspace   ] GC(33487) Metaspace: 62320K(62592K)->62320K(62592K) NonClass: 53281K(53440K)->53281K(53440K) Class: 9039K(9152K)->9039K(9152K)
[14486.230s][info][gc             ] GC(33487) Pause Young (Allocation Failure) 316M->237M(320M) 1.920ms
[14486.231s][info][gc,cpu         ] GC(33487) User=0.00s Sys=0.00s Real=0.00s
[14486.672s][info][gc,start       ] GC(33488) Pause Young (Allocation Failure)
[14486.675s][info][gc,heap        ] GC(33488) PSYoungGen: 82272K(84480K)->992K(84480K) Eden: 81920K(81920K)->0K(81920K) From: 352K(2560K)->992K(2560K)
[14486.675s][info][gc,heap        ] GC(33488) ParOldGen: 242478K(243200K)->242526K(243200K)
[14486.675s][info][gc,metaspace   ] GC(33488) Metaspace: 62320K(62592K)->62320K(62592K) NonClass: 53281K(53440K)->53281K(53440K) Class: 9039K(9152K)->9039K(9152K)
[14486.675s][info][gc             ] GC(33488) Pause Young (Allocation Failure) 317M->237M(320M) 2.616ms
[14486.675s][info][gc,cpu         ] GC(33488) User=0.00s Sys=0.00s Real=0.00s
[14487.135s][info][gc,start       ] GC(33489) Pause Young (Allocation Failure)
[14487.137s][info][gc,heap        ] GC(33489) PSYoungGen: 82912K(84480K)->2496K(83456K) Eden: 81920K(81920K)->0K(80896K) From: 992K(2560K)->2496K(2560K)
[14487.137s][info][gc,heap        ] GC(33489) ParOldGen: 242526K(243200K)->242574K(243200K)
[14487.137s][info][gc,metaspace   ] GC(33489) Metaspace: 62320K(62592K)->62320K(62592K) NonClass: 53281K(53440K)->53281K(53440K) Class: 9039K(9152K)->9039K(9152K)
[14487.137s][info][gc             ] GC(33489) Pause Young (Allocation Failure) 317M->239M(319M) 2.232ms
[14487.137s][info][gc,cpu         ] GC(33489) User=0.01s Sys=0.00s Real=0.01s
[14487.600s][info][gc,start       ] GC(33490) Pause Young (Allocation Failure)
[14487.604s][info][gc,heap        ] GC(33490) PSYoungGen: 83392K(83456K)->1376K(83968K) Eden: 80896K(80896K)->0K(80896K) From: 2496K(2560K)->1376K(3072K)
[14487.604s][info][gc,heap        ] GC(33490) ParOldGen: 242574K(243200K)->244678K(244736K)
[14487.604s][info][gc,metaspace   ] GC(33490) Metaspace: 62320K(62592K)->62320K(62592K) NonClass: 53281K(53440K)->53281K(53440K) Class: 9039K(9152K)->9039K(9152K)
[14487.604s][info][gc             ] GC(33490) Pause Young (Allocation Failure) 318M->240M(321M) 3.973ms
[14487.604s][info][gc,cpu         ] GC(33490) User=0.01s Sys=0.00s Real=0.00s
[14488.057s][info][gc,start       ] GC(33491) Pause Young (Allocation Failure)
[14488.059s][info][gc,heap        ] GC(33491) PSYoungGen: 82272K(83968K)->736K(84480K) Eden: 80896K(80896K)->0K(81408K) From: 1376K(3072K)->736K(3072K)
[14488.059s][info][gc,heap        ] GC(33491) ParOldGen: 244678K(244736K)->244734K(244736K)
[14488.059s][info][gc,metaspace   ] GC(33491) Metaspace: 62320K(62592K)->62320K(62592K) NonClass: 53281K(53440K)->53281K(53440K) Class: 9039K(9152K)->9039K(9152K)
[14488.059s][info][gc             ] GC(33491) Pause Young (Allocation Failure) 319M->239M(321M) 2.319ms
[14488.059s][info][gc,cpu         ] GC(33491) User=0.00s Sys=0.00s Real=0.00s
[14488.560s][info][gc,start       ] GC(33492) Pause Young (Allocation Failure)
[14488.562s][info][gc,heap        ] GC(33492) PSYoungGen: 82144K(84480K)->480K(83968K) Eden: 81408K(81408K)->0K(81408K) From: 736K(3072K)->480K(2560K)
[14488.562s][info][gc,heap        ] GC(33492) ParOldGen: 244734K(244736K)->244790K(245248K)
[14488.562s][info][gc,metaspace   ] GC(33492) Metaspace: 62320K(62592K)->62320K(62592K) NonClass: 53281K(53440K)->53281K(53440K) Class: 9039K(9152K)->9039K(9152K)
[14488.562s][info][gc             ] GC(33492) Pause Young (Allocation Failure) 319M->239M(321M) 2.100ms
[14488.562s][info][gc,cpu         ] GC(33492) User=0.00s Sys=0.00s Real=0.00s
[14488.984s][info][gc,start       ] GC(33493) Pause Young (Allocation Failure)
[14488.987s][info][gc,heap        ] GC(33493) PSYoungGen: 81888K(83968K)->1184K(84480K) Eden: 81408K(81408K)->0K(81920K) From: 480K(2560K)->1184K(2560K)
[14488.987s][info][gc,heap        ] GC(33493) ParOldGen: 244790K(245248K)->244894K(245248K)
[14488.987s][info][gc,metaspace   ] GC(33493) Metaspace: 62320K(62592K)->62320K(62592K) NonClass: 53281K(53440K)->53281K(53440K) Class: 9039K(9152K)->9039K(9152K)
[14488.987s][info][gc             ] GC(33493) Pause Young (Allocation Failure) 319M->240M(322M) 2.649ms
[14488.987s][info][gc,cpu         ] GC(33493) User=0.00s Sys=0.00s Real=0.01s
[14489.410s][info][gc,start       ] GC(33494) Pause Young (Allocation Failure)
[14489.413s][info][gc,heap        ] GC(33494) PSYoungGen: 83104K(84480K)->1504K(84480K) Eden: 81920K(81920K)->0K(81920K) From: 1184K(2560K)->1504K(2560K)
[14489.413s][info][gc,heap        ] GC(33494) ParOldGen: 244894K(245248K)->244950K(245248K)
[14489.413s][info][gc,metaspace   ] GC(33494) Metaspace: 62320K(62592K)->62320K(62592K) NonClass: 53281K(53440K)->53281K(53440K) Class: 9039K(9152K)->9039K(9152K)
[14489.413s][info][gc             ] GC(33494) Pause Young (Allocation Failure) 320M->240M(322M) 3.013ms
[14489.413s][info][gc,cpu         ] GC(33494) User=0.00s Sys=0.00s Real=0.00s
[14489.868s][info][gc,start       ] GC(33495) Pause Young (Allocation Failure)
[14489.871s][info][gc,heap        ] GC(33495) PSYoungGen: 83424K(84480K)->960K(84480K) Eden: 81920K(81920K)->0K(81920K) From: 1504K(2560K)->960K(2560K)
[14489.871s][info][gc,heap        ] GC(33495) ParOldGen: 244950K(245248K)->244998K(245248K)
[14489.871s][info][gc,metaspace   ] GC(33495) Metaspace: 62320K(62592K)->62320K(62592K) NonClass: 53281K(53440K)->53281K(53440K) Class: 9039K(9152K)->9039K(9152K)
[14489.871s][info][gc             ] GC(33495) Pause Young (Allocation Failure) 320M->240M(322M) 2.478ms
[14489.871s][info][gc,cpu         ] GC(33495) User=0.01s Sys=0.00s Real=0.00s
[14490.324s][info][gc,start       ] GC(33496) Pause Young (Allocation Failure)
[14490.326s][info][gc,heap        ] GC(33496) PSYoungGen: 82880K(84480K)->256K(84480K) Eden: 81920K(81920K)->0K(81920K) From: 960K(2560K)->256K(2560K)
[14490.326s][info][gc,heap        ] GC(33496) ParOldGen: 244998K(245248K)->245046K(245248K)
[14490.326s][info][gc,metaspace   ] GC(33496) Metaspace: 62320K(62592K)->62320K(62592K) NonClass: 53281K(53440K)->53281K(53440K) Class: 9039K(9152K)->9039K(9152K)
[14490.326s][info][gc             ] GC(33496) Pause Young (Allocation Failure) 320M->239M(322M) 2.347ms
[14490.326s][info][gc,cpu         ] GC(33496) User=0.00s Sys=0.00s Real=0.00s
[14490.790s][info][gc,start       ] GC(33497) Pause Young (Allocation Failure)
[14490.793s][info][gc,heap        ] GC(33497) PSYoungGen: 82176K(84480K)->1184K(84480K) Eden: 81920K(81920K)->0K(81920K) From: 256K(2560K)->1184K(2560K)
[14490.793s][info][gc,heap        ] GC(33497) ParOldGen: 245046K(245248K)->245094K(245248K)
[14490.793s][info][gc,metaspace   ] GC(33497) Metaspace: 62320K(62592K)->62320K(62592K) NonClass: 53281K(53440K)->53281K(53440K) Class: 9039K(9152K)->9039K(9152K)
[14490.793s][info][gc             ] GC(33497) Pause Young (Allocation Failure) 319M->240M(322M) 2.750ms
[14490.793s][info][gc,cpu         ] GC(33497) User=0.00s Sys=0.00s Real=0.00s
[14491.206s][info][gc,start       ] GC(33498) Pause Young (Allocation Failure)
[14491.210s][info][gc,heap        ] GC(33498) PSYoungGen: 83104K(84480K)->1728K(84480K) Eden: 81920K(81920K)->0K(81920K) From: 1184K(2560K)->1728K(2560K)
[14491.210s][info][gc,heap        ] GC(33498) ParOldGen: 245094K(245248K)->245142K(245248K)
[14491.210s][info][gc,metaspace   ] GC(33498) Metaspace: 62320K(62592K)->62320K(62592K) NonClass: 53281K(53440K)->53281K(53440K) Class: 9039K(9152K)->9039K(9152K)
[14491.210s][info][gc             ] GC(33498) Pause Young (Allocation Failure) 320M->241M(322M) 3.218ms
[14491.210s][info][gc,cpu         ] GC(33498) User=0.00s Sys=0.00s Real=0.00s
[14491.628s][info][gc,start       ] GC(33499) Pause Young (Allocation Failure)
[14491.630s][info][gc,heap        ] GC(33499) PSYoungGen: 83648K(84480K)->2368K(83456K) Eden: 81920K(81920K)->0K(80896K) From: 1728K(2560K)->2368K(2560K)
[14491.630s][info][gc,heap        ] GC(33499) ParOldGen: 245142K(245248K)->245198K(245248K)
[14491.630s][info][gc,metaspace   ] GC(33499) Metaspace: 62320K(62592K)->62320K(62592K) NonClass: 53281K(53440K)->53281K(53440K) Class: 9039K(9152K)->9039K(9152K)
[14491.630s][info][gc             ] GC(33499) Pause Young (Allocation Failure) 321M->241M(321M) 2.187ms
[14491.630s][info][gc,cpu         ] GC(33499) User=0.00s Sys=0.00s Real=0.00s
[14492.103s][info][gc,start       ] GC(33500) Pause Young (Allocation Failure)
[14492.107s][info][gc,heap        ] GC(33500) PSYoungGen: 83264K(83456K)->1376K(83968K) Eden: 80896K(80896K)->0K(80896K) From: 2368K(2560K)->1376K(3072K)
[14492.107s][info][gc,heap        ] GC(33500) ParOldGen: 245198K(245248K)->247294K(248320K)
[14492.107s][info][gc,metaspace   ] GC(33500) Metaspace: 62320K(62592K)->62320K(62592K) NonClass: 53281K(53440K)->53281K(53440K) Class: 9039K(9152K)->9039K(9152K)
[14492.107s][info][gc             ] GC(33500) Pause Young (Allocation Failure) 320M->242M(324M) 3.993ms
[14492.107s][info][gc,cpu         ] GC(33500) User=0.01s Sys=0.01s Real=0.01s
[14492.575s][info][gc,start       ] GC(33501) Pause Young (Allocation Failure)
[14492.577s][info][gc,heap        ] GC(33501) PSYoungGen: 82272K(83968K)->896K(83968K) Eden: 80896K(80896K)->0K(80896K) From: 1376K(3072K)->896K(3072K)
[14492.577s][info][gc,heap        ] GC(33501) ParOldGen: 247294K(248320K)->247342K(248320K)
[14492.577s][info][gc,metaspace   ] GC(33501) Metaspace: 62320K(62592K)->62320K(62592K) NonClass: 53281K(53440K)->53281K(53440K) Class: 9039K(9152K)->9039K(9152K)
[14492.577s][info][gc             ] GC(33501) Pause Young (Allocation Failure) 321M->242M(324M) 2.715ms
[14492.577s][info][gc,cpu         ] GC(33501) User=0.00s Sys=0.00s Real=0.01s
[14492.980s][info][gc,start       ] GC(33502) Pause Young (Allocation Failure)
[14492.982s][info][gc,heap        ] GC(33502) PSYoungGen: 81792K(83968K)->1088K(83968K) Eden: 80896K(80896K)->0K(80896K) From: 896K(3072K)->1088K(3072K)
[14492.982s][info][gc,heap        ] GC(33502) ParOldGen: 247342K(248320K)->247398K(248320K)
[14492.982s][info][gc,metaspace   ] GC(33502) Metaspace: 62320K(62592K)->62320K(62592K) NonClass: 53281K(53440K)->53281K(53440K) Class: 9039K(9152K)->9039K(9152K)
[14492.982s][info][gc             ] GC(33502) Pause Young (Allocation Failure) 321M->242M(324M) 2.566ms
[14492.982s][info][gc,cpu         ] GC(33502) User=0.01s Sys=0.00s Real=0.00s
[14493.413s][info][gc,start       ] GC(33503) Pause Young (Allocation Failure)
[14493.417s][info][gc,heap        ] GC(33503) PSYoungGen: 81984K(83968K)->1696K(84480K) Eden: 80896K(80896K)->0K(81920K) From: 1088K(3072K)->1696K(2560K)
[14493.417s][info][gc,heap        ] GC(33503) ParOldGen: 247398K(248320K)->247454K(248320K)
[14493.417s][info][gc,metaspace   ] GC(33503) Metaspace: 62320K(62592K)->62320K(62592K) NonClass: 53281K(53440K)->53281K(53440K) Class: 9039K(9152K)->9039K(9152K)
[14493.417s][info][gc             ] GC(33503) Pause Young (Allocation Failure) 321M->243M(325M) 3.465ms
[14493.417s][info][gc,cpu         ] GC(33503) User=0.01s Sys=0.00s Real=0.01s
[14493.888s][info][gc,start       ] GC(33504) Pause Young (Allocation Failure)
[14493.891s][info][gc,heap        ] GC(33504) PSYoungGen: 83615K(84480K)->1152K(84480K) Eden: 81919K(81920K)->0K(81920K) From: 1696K(2560K)->1152K(2560K)
[14493.891s][info][gc,heap        ] GC(33504) ParOldGen: 247454K(248320K)->247502K(248320K)
[14493.891s][info][gc,metaspace   ] GC(33504) Metaspace: 62320K(62592K)->62320K(62592K) NonClass: 53281K(53440K)->53281K(53440K) Class: 9039K(9152K)->9039K(9152K)
[14493.891s][info][gc             ] GC(33504) Pause Young (Allocation Failure) 323M->242M(325M) 2.635ms
[14493.891s][info][gc,cpu         ] GC(33504) User=0.01s Sys=0.00s Real=0.00s
[14494.362s][info][gc,start       ] GC(33505) Pause Young (Allocation Failure)
[14494.364s][info][gc,heap        ] GC(33505) PSYoungGen: 83072K(84480K)->832K(84480K) Eden: 81920K(81920K)->0K(81920K) From: 1152K(2560K)->832K(2560K)
[14494.364s][info][gc,heap        ] GC(33505) ParOldGen: 247502K(248320K)->247550K(248320K)
[14494.364s][info][gc,metaspace   ] GC(33505) Metaspace: 62320K(62592K)->62320K(62592K) NonClass: 53281K(53440K)->53281K(53440K) Class: 9039K(9152K)->9039K(9152K)
[14494.364s][info][gc             ] GC(33505) Pause Young (Allocation Failure) 322M->242M(325M) 2.354ms
[14494.364s][info][gc,cpu         ] GC(33505) User=0.00s Sys=0.00s Real=0.00s
[14494.816s][info][gc,start       ] GC(33506) Pause Young (Allocation Failure)
[14494.819s][info][gc,heap        ] GC(33506) PSYoungGen: 82752K(84480K)->1504K(84480K) Eden: 81920K(81920K)->0K(81920K) From: 832K(2560K)->1504K(2560K)
[14494.819s][info][gc,heap        ] GC(33506) ParOldGen: 247550K(248320K)->247598K(248320K)
[14494.819s][info][gc,metaspace   ] GC(33506) Metaspace: 62320K(62592K)->62320K(62592K) NonClass: 53281K(53440K)->53281K(53440K) Class: 9039K(9152K)->9039K(9152K)
[14494.819s][info][gc             ] GC(33506) Pause Young (Allocation Failure) 322M->243M(325M) 3.318ms
[14494.819s][info][gc,cpu         ] GC(33506) User=0.01s Sys=0.00s Real=0.01s
[14495.309s][info][gc,start       ] GC(33507) Pause Young (Allocation Failure)
[14495.313s][info][gc,heap        ] GC(33507) PSYoungGen: 83424K(84480K)->1376K(84480K) Eden: 81920K(81920K)->0K(81920K) From: 1504K(2560K)->1376K(2560K)
[14495.313s][info][gc,heap        ] GC(33507) ParOldGen: 247598K(248320K)->247654K(248320K)
[14495.313s][info][gc,metaspace   ] GC(33507) Metaspace: 62320K(62592K)->62320K(62592K) NonClass: 53281K(53440K)->53281K(53440K) Class: 9039K(9152K)->9039K(9152K)
[14495.313s][info][gc             ] GC(33507) Pause Young (Allocation Failure) 323M->243M(325M) 3.364ms
[14495.313s][info][gc,cpu         ] GC(33507) User=0.00s Sys=0.00s Real=0.00s
[14495.796s][info][gc,start       ] GC(33508) Pause Young (Allocation Failure)
[14495.799s][info][gc,heap        ] GC(33508) PSYoungGen: 83296K(84480K)->1248K(84480K) Eden: 81920K(81920K)->0K(81920K) From: 1376K(2560K)->1248K(2560K)
[14495.799s][info][gc,heap        ] GC(33508) ParOldGen: 247654K(248320K)->247702K(248320K)
[14495.799s][info][gc,metaspace   ] GC(33508) Metaspace: 62320K(62592K)->62320K(62592K) NonClass: 53281K(53440K)->53281K(53440K) Class: 9039K(9152K)->9039K(9152K)
[14495.799s][info][gc             ] GC(33508) Pause Young (Allocation Failure) 323M->243M(325M) 2.660ms
[14495.799s][info][gc,cpu         ] GC(33508) User=0.01s Sys=0.00s Real=0.01s
[14496.334s][info][gc,start       ] GC(33509) Pause Young (Allocation Failure)
[14496.336s][info][gc,heap        ] GC(33509) PSYoungGen: 83168K(84480K)->432K(84480K) Eden: 81920K(81920K)->0K(81920K) From: 1248K(2560K)->432K(2560K)
[14496.336s][info][gc,heap        ] GC(33509) ParOldGen: 247702K(248320K)->247750K(248320K)
[14496.336s][info][gc,metaspace   ] GC(33509) Metaspace: 62320K(62592K)->62320K(62592K) NonClass: 53281K(53440K)->53281K(53440K) Class: 9039K(9152K)->9039K(9152K)
[14496.336s][info][gc             ] GC(33509) Pause Young (Allocation Failure) 323M->242M(325M) 2.062ms
[14496.336s][info][gc,cpu         ] GC(33509) User=0.01s Sys=0.00s Real=0.00s
[14496.817s][info][gc,start       ] GC(33510) Pause Young (Allocation Failure)
[14496.821s][info][gc,heap        ] GC(33510) PSYoungGen: 82352K(84480K)->2528K(84480K) Eden: 81920K(81920K)->0K(81920K) From: 432K(2560K)->2528K(2560K)
[14496.821s][info][gc,heap        ] GC(33510) ParOldGen: 247750K(248320K)->248878K(249856K)
[14496.821s][info][gc,metaspace   ] GC(33510) Metaspace: 62320K(62592K)->62320K(62592K) NonClass: 53281K(53440K)->53281K(53440K) Class: 9039K(9152K)->9039K(9152K)
[14496.821s][info][gc             ] GC(33510) Pause Young (Allocation Failure) 322M->245M(326M) 3.866ms
[14496.821s][info][gc,cpu         ] GC(33510) User=0.00s Sys=0.00s Real=0.00s
[14497.290s][info][gc,start       ] GC(33511) Pause Young (Allocation Failure)
[14497.293s][info][gc,heap        ] GC(33511) PSYoungGen: 84448K(84480K)->1216K(84480K) Eden: 81920K(81920K)->0K(81920K) From: 2528K(2560K)->1216K(2560K)
[14497.293s][info][gc,heap        ] GC(33511) ParOldGen: 248878K(249856K)->250983K(251392K)
[14497.293s][info][gc,metaspace   ] GC(33511) Metaspace: 62320K(62592K)->62320K(62592K) NonClass: 53281K(53440K)->53281K(53440K) Class: 9039K(9152K)->9039K(9152K)
[14497.293s][info][gc             ] GC(33511) Pause Young (Allocation Failure) 325M->246M(328M) 3.642ms
[14497.293s][info][gc,cpu         ] GC(33511) User=0.01s Sys=0.00s Real=0.00s
[14497.738s][info][gc,start       ] GC(33512) Pause Young (Allocation Failure)
[14497.740s][info][gc,heap        ] GC(33512) PSYoungGen: 83136K(84480K)->480K(84480K) Eden: 81920K(81920K)->0K(81920K) From: 1216K(2560K)->480K(2560K)
[14497.740s][info][gc,heap        ] GC(33512) ParOldGen: 250983K(251392K)->251031K(251392K)
[14497.740s][info][gc,metaspace   ] GC(33512) Metaspace: 62320K(62592K)->62320K(62592K) NonClass: 53281K(53440K)->53281K(53440K) Class: 9039K(9152K)->9039K(9152K)
[14497.740s][info][gc             ] GC(33512) Pause Young (Allocation Failure) 326M->245M(328M) 1.943ms
[14497.740s][info][gc,cpu         ] GC(33512) User=0.00s Sys=0.00s Real=0.00s
[14498.200s][info][gc,start       ] GC(33513) Pause Young (Allocation Failure)
[14498.203s][info][gc,heap        ] GC(33513) PSYoungGen: 82400K(84480K)->1312K(84480K) Eden: 81920K(81920K)->0K(81920K) From: 480K(2560K)->1312K(2560K)
[14498.203s][info][gc,heap        ] GC(33513) ParOldGen: 251031K(251392K)->251079K(251392K)
[14498.203s][info][gc,metaspace   ] GC(33513) Metaspace: 62320K(62592K)->62320K(62592K) NonClass: 53281K(53440K)->53281K(53440K) Class: 9039K(9152K)->9039K(9152K)
[14498.203s][info][gc             ] GC(33513) Pause Young (Allocation Failure) 325M->246M(328M) 2.748ms
[14498.203s][info][gc,cpu         ] GC(33513) User=0.01s Sys=0.00s Real=0.00s
[14498.632s][info][gc,start       ] GC(33514) Pause Young (Allocation Failure)
[14498.634s][info][gc,heap        ] GC(33514) PSYoungGen: 83232K(84480K)->384K(84480K) Eden: 81920K(81920K)->0K(81920K) From: 1312K(2560K)->384K(2560K)
[14498.634s][info][gc,heap        ] GC(33514) ParOldGen: 251079K(251392K)->251127K(251392K)
[14498.634s][info][gc,metaspace   ] GC(33514) Metaspace: 62320K(62592K)->62320K(62592K) NonClass: 53281K(53440K)->53281K(53440K) Class: 9039K(9152K)->9039K(9152K)
[14498.634s][info][gc             ] GC(33514) Pause Young (Allocation Failure) 326M->245M(328M) 1.953ms
[14498.634s][info][gc,cpu         ] GC(33514) User=0.01s Sys=0.00s Real=0.00s
[14499.084s][info][gc,start       ] GC(33515) Pause Young (Allocation Failure)
[14499.087s][info][gc,heap        ] GC(33515) PSYoungGen: 82304K(84480K)->1216K(84480K) Eden: 81920K(81920K)->0K(81920K) From: 384K(2560K)->1216K(2560K)
[14499.087s][info][gc,heap        ] GC(33515) ParOldGen: 251127K(251392K)->251183K(251392K)
[14499.087s][info][gc,metaspace   ] GC(33515) Metaspace: 62320K(62592K)->62320K(62592K) NonClass: 53281K(53440K)->53281K(53440K) Class: 9039K(9152K)->9039K(9152K)
[14499.087s][info][gc             ] GC(33515) Pause Young (Allocation Failure) 325M->246M(328M) 3.128ms
[14499.087s][info][gc,cpu         ] GC(33515) User=0.01s Sys=0.00s Real=0.01s
[14499.556s][info][gc,start       ] GC(33516) Pause Young (Allocation Failure)
[14499.558s][info][gc,heap        ] GC(33516) PSYoungGen: 83136K(84480K)->704K(84480K) Eden: 81920K(81920K)->0K(81920K) From: 1216K(2560K)->704K(2560K)
[14499.558s][info][gc,heap        ] GC(33516) ParOldGen: 251183K(251392K)->251231K(251392K)
[14499.558s][info][gc,metaspace   ] GC(33516) Metaspace: 62320K(62592K)->62320K(62592K) NonClass: 53281K(53440K)->53281K(53440K) Class: 9039K(9152K)->9039K(9152K)
[14499.558s][info][gc             ] GC(33516) Pause Young (Allocation Failure) 326M->246M(328M) 2.243ms
[14499.558s][info][gc,cpu         ] GC(33516) User=0.01s Sys=0.00s Real=0.01s
[14500.005s][info][gc,start       ] GC(33517) Pause Young (Allocation Failure)
[14500.008s][info][gc,heap        ] GC(33517) PSYoungGen: 82624K(84480K)->1376K(84480K) Eden: 81920K(81920K)->0K(81920K) From: 704K(2560K)->1376K(2560K)
[14500.008s][info][gc,heap        ] GC(33517) ParOldGen: 251231K(251392K)->251279K(251392K)
[14500.008s][info][gc,metaspace   ] GC(33517) Metaspace: 62320K(62592K)->62320K(62592K) NonClass: 53281K(53440K)->53281K(53440K) Class: 9039K(9152K)->9039K(9152K)
[14500.008s][info][gc             ] GC(33517) Pause Young (Allocation Failure) 326M->246M(328M) 2.879ms
[14500.008s][info][gc,cpu         ] GC(33517) User=0.00s Sys=0.00s Real=0.01s
[14500.434s][info][gc,start       ] GC(33518) Pause Young (Allocation Failure)
[14500.436s][info][gc,heap        ] GC(33518) PSYoungGen: 83296K(84480K)->416K(84480K) Eden: 81920K(81920K)->0K(81920K) From: 1376K(2560K)->416K(2560K)
[14500.436s][info][gc,heap        ] GC(33518) ParOldGen: 251279K(251392K)->251327K(251392K)
[14500.436s][info][gc,metaspace   ] GC(33518) Metaspace: 62320K(62592K)->62320K(62592K) NonClass: 53281K(53440K)->53281K(53440K) Class: 9039K(9152K)->9039K(9152K)
[14500.436s][info][gc             ] GC(33518) Pause Young (Allocation Failure) 326M->245M(328M) 1.890ms
[14500.436s][info][gc,cpu         ] GC(33518) User=0.01s Sys=0.00s Real=0.00s
[14500.900s][info][gc,start       ] GC(33519) Pause Young (Allocation Failure)
[14500.902s][info][gc,heap        ] GC(33519) PSYoungGen: 82336K(84480K)->1344K(84480K) Eden: 81920K(81920K)->0K(81920K) From: 416K(2560K)->1344K(2560K)
[14500.903s][info][gc,heap        ] GC(33519) ParOldGen: 251327K(251392K)->251383K(251392K)
[14500.903s][info][gc,metaspace   ] GC(33519) Metaspace: 62320K(62592K)->62320K(62592K) NonClass: 53281K(53440K)->53281K(53440K) Class: 9039K(9152K)->9039K(9152K)
[14500.903s][info][gc             ] GC(33519) Pause Young (Allocation Failure) 325M->246M(328M) 2.957ms
[14500.903s][info][gc,cpu         ] GC(33519) User=0.00s Sys=0.00s Real=0.00s
[14501.374s][info][gc,start       ] GC(33520) Pause Young (Allocation Failure)
[14501.377s][info][gc,heap        ] GC(33520) PSYoungGen: 83264K(84480K)->1920K(84480K) Eden: 81920K(81920K)->0K(81920K) From: 1344K(2560K)->1920K(2560K)
[14501.377s][info][gc,heap        ] GC(33520) ParOldGen: 251383K(251392K)->252455K(252928K)
[14501.377s][info][gc,metaspace   ] GC(33520) Metaspace: 62320K(62592K)->62320K(62592K) NonClass: 53281K(53440K)->53281K(53440K) Class: 9039K(9152K)->9039K(9152K)
[14501.377s][info][gc             ] GC(33520) Pause Young (Allocation Failure) 326M->248M(329M) 3.031ms
[14501.377s][info][gc,cpu         ] GC(33520) User=0.00s Sys=0.00s Real=0.01s
[14501.838s][info][gc,start       ] GC(33521) Pause Young (Allocation Failure)
[14501.841s][info][gc,heap        ] GC(33521) PSYoungGen: 83840K(84480K)->480K(84480K) Eden: 81920K(81920K)->0K(81920K) From: 1920K(2560K)->480K(2560K)
[14501.841s][info][gc,heap        ] GC(33521) ParOldGen: 252455K(252928K)->254551K(256000K)
[14501.841s][info][gc,metaspace   ] GC(33521) Metaspace: 62320K(62592K)->62320K(62592K) NonClass: 53281K(53440K)->53281K(53440K) Class: 9039K(9152K)->9039K(9152K)
[14501.841s][info][gc             ] GC(33521) Pause Young (Allocation Failure) 328M->249M(332M) 3.130ms
[14501.841s][info][gc,cpu         ] GC(33521) User=0.00s Sys=0.00s Real=0.00s
[14502.312s][info][gc,start       ] GC(33522) Pause Young (Allocation Failure)
[14502.315s][info][gc,heap        ] GC(33522) PSYoungGen: 82400K(84480K)->1472K(84480K) Eden: 81920K(81920K)->0K(81920K) From: 480K(2560K)->1472K(2560K)
[14502.315s][info][gc,heap        ] GC(33522) ParOldGen: 254551K(256000K)->254599K(256000K)
[14502.315s][info][gc,metaspace   ] GC(33522) Metaspace: 62320K(62592K)->62320K(62592K) NonClass: 53281K(53440K)->53281K(53440K) Class: 9039K(9152K)->9039K(9152K)
[14502.315s][info][gc             ] GC(33522) Pause Young (Allocation Failure) 329M->250M(332M) 2.916ms
[14502.315s][info][gc,cpu         ] GC(33522) User=0.01s Sys=0.00s Real=0.00s
[14502.762s][info][gc,start       ] GC(33523) Pause Young (Allocation Failure)
[14502.765s][info][gc,heap        ] GC(33523) PSYoungGen: 83392K(84480K)->832K(84480K) Eden: 81920K(81920K)->0K(81920K) From: 1472K(2560K)->832K(2560K)
[14502.765s][info][gc,heap        ] GC(33523) ParOldGen: 254599K(256000K)->254655K(256000K)
[14502.765s][info][gc,metaspace   ] GC(33523) Metaspace: 62320K(62592K)->62320K(62592K) NonClass: 53281K(53440K)->53281K(53440K) Class: 9039K(9152K)->9039K(9152K)
[14502.765s][info][gc             ] GC(33523) Pause Young (Allocation Failure) 330M->249M(332M) 2.265ms
[14502.765s][info][gc,cpu         ] GC(33523) User=0.00s Sys=0.00s Real=0.00s
[14503.202s][info][gc,start       ] GC(33524) Pause Young (Allocation Failure)
[14503.205s][info][gc,heap        ] GC(33524) PSYoungGen: 82752K(84480K)->1408K(84480K) Eden: 81920K(81920K)->0K(81920K) From: 832K(2560K)->1408K(2560K)
[14503.205s][info][gc,heap        ] GC(33524) ParOldGen: 254655K(256000K)->254703K(256000K)
[14503.205s][info][gc,metaspace   ] GC(33524) Metaspace: 62320K(62592K)->62320K(62592K) NonClass: 53281K(53440K)->53281K(53440K) Class: 9039K(9152K)->9039K(9152K)
[14503.205s][info][gc             ] GC(33524) Pause Young (Allocation Failure) 329M->250M(332M) 2.835ms
[14503.205s][info][gc,cpu         ] GC(33524) User=0.01s Sys=0.00s Real=0.00s
[14503.654s][info][gc,start       ] GC(33525) Pause Young (Allocation Failure)
[14503.656s][info][gc,heap        ] GC(33525) PSYoungGen: 83328K(84480K)->736K(84480K) Eden: 81920K(81920K)->0K(81920K) From: 1408K(2560K)->736K(2560K)
[14503.656s][info][gc,heap        ] GC(33525) ParOldGen: 254703K(256000K)->254751K(256000K)
[14503.656s][info][gc,metaspace   ] GC(33525) Metaspace: 62320K(62592K)->62320K(62592K) NonClass: 53281K(53440K)->53281K(53440K) Class: 9039K(9152K)->9039K(9152K)
[14503.656s][info][gc             ] GC(33525) Pause Young (Allocation Failure) 330M->249M(332M) 2.223ms
[14503.656s][info][gc,cpu         ] GC(33525) User=0.00s Sys=0.00s Real=0.00s
[14504.119s][info][gc,start       ] GC(33526) Pause Young (Allocation Failure)
[14504.121s][info][gc,heap        ] GC(33526) PSYoungGen: 82656K(84480K)->240K(84480K) Eden: 81920K(81920K)->0K(81920K) From: 736K(2560K)->240K(2560K)
[14504.121s][info][gc,heap        ] GC(33526) ParOldGen: 254751K(256000K)->254799K(256000K)
[14504.121s][info][gc,metaspace   ] GC(33526) Metaspace: 62320K(62592K)->62320K(62592K) NonClass: 53281K(53440K)->53281K(53440K) Class: 9039K(9152K)->9039K(9152K)
[14504.121s][info][gc             ] GC(33526) Pause Young (Allocation Failure) 329M->249M(332M) 1.981ms
[14504.121s][info][gc,cpu         ] GC(33526) User=0.01s Sys=0.00s Real=0.00s
[14504.587s][info][gc,start       ] GC(33527) Pause Young (Allocation Failure)
[14504.589s][info][gc,heap        ] GC(33527) PSYoungGen: 82160K(84480K)->1152K(84480K) Eden: 81920K(81920K)->0K(81920K) From: 240K(2560K)->1152K(2560K)
[14504.590s][info][gc,heap        ] GC(33527) ParOldGen: 254799K(256000K)->254903K(256000K)
[14504.590s][info][gc,metaspace   ] GC(33527) Metaspace: 62320K(62592K)->62320K(62592K) NonClass: 53281K(53440K)->53281K(53440K) Class: 9039K(9152K)->9039K(9152K)
[14504.590s][info][gc             ] GC(33527) Pause Young (Allocation Failure) 329M->250M(332M) 2.742ms
[14504.590s][info][gc,cpu         ] GC(33527) User=0.01s Sys=0.00s Real=0.00s
[14505.088s][info][gc,start       ] GC(33528) Pause Young (Allocation Failure)
[14505.091s][info][gc,heap        ] GC(33528) PSYoungGen: 83072K(84480K)->1184K(84480K) Eden: 81920K(81920K)->0K(81920K) From: 1152K(2560K)->1184K(2560K)
[14505.091s][info][gc,heap        ] GC(33528) ParOldGen: 254903K(256000K)->254951K(256000K)
[14505.091s][info][gc,metaspace   ] GC(33528) Metaspace: 62320K(62592K)->62320K(62592K) NonClass: 53281K(53440K)->53281K(53440K) Class: 9039K(9152K)->9039K(9152K)
[14505.091s][info][gc             ] GC(33528) Pause Young (Allocation Failure) 330M->250M(332M) 2.837ms
[14505.091s][info][gc,cpu         ] GC(33528) User=0.00s Sys=0.00s Real=0.00s
[14505.549s][info][gc,start       ] GC(33529) Pause Young (Allocation Failure)
[14505.551s][info][gc,heap        ] GC(33529) PSYoungGen: 83104K(84480K)->640K(84480K) Eden: 81920K(81920K)->0K(81920K) From: 1184K(2560K)->640K(2560K)
[14505.551s][info][gc,heap        ] GC(33529) ParOldGen: 254951K(256000K)->254999K(256000K)
[14505.551s][info][gc,metaspace   ] GC(33529) Metaspace: 62320K(62592K)->62320K(62592K) NonClass: 53281K(53440K)->53281K(53440K) Class: 9039K(9152K)->9039K(9152K)
[14505.551s][info][gc             ] GC(33529) Pause Young (Allocation Failure) 330M->249M(332M) 2.107ms
[14505.551s][info][gc,cpu         ] GC(33529) User=0.00s Sys=0.00s Real=0.00s
[14506.036s][info][gc,start       ] GC(33530) Pause Young (Allocation Failure)
[14506.038s][info][gc,heap        ] GC(33530) PSYoungGen: 82560K(84480K)->416K(84480K) Eden: 81920K(81920K)->0K(81920K) From: 640K(2560K)->416K(2560K)
[14506.038s][info][gc,heap        ] GC(33530) ParOldGen: 254999K(256000K)->255047K(256000K)
[14506.038s][info][gc,metaspace   ] GC(33530) Metaspace: 62320K(62592K)->62320K(62592K) NonClass: 53281K(53440K)->53281K(53440K) Class: 9039K(9152K)->9039K(9152K)
[14506.038s][info][gc             ] GC(33530) Pause Young (Allocation Failure) 329M->249M(332M) 2.326ms
[14506.038s][info][gc,cpu         ] GC(33530) User=0.01s Sys=0.00s Real=0.01s
[14506.475s][info][gc,start       ] GC(33531) Pause Young (Allocation Failure)
[14506.478s][info][gc,heap        ] GC(33531) PSYoungGen: 82336K(84480K)->2080K(84480K) Eden: 81920K(81920K)->0K(81920K) From: 416K(2560K)->2080K(2560K)
[14506.478s][info][gc,heap        ] GC(33531) ParOldGen: 255047K(256000K)->256119K(257536K)
[14506.478s][info][gc,metaspace   ] GC(33531) Metaspace: 62320K(62592K)->62320K(62592K) NonClass: 53281K(53440K)->53281K(53440K) Class: 9039K(9152K)->9039K(9152K)
[14506.478s][info][gc             ] GC(33531) Pause Young (Allocation Failure) 329M->252M(334M) 3.449ms
[14506.478s][info][gc,cpu         ] GC(33531) User=0.01s Sys=0.00s Real=0.01s
[14506.958s][info][gc,start       ] GC(33532) Pause Young (Allocation Failure)
[14506.961s][info][gc,heap        ] GC(33532) PSYoungGen: 84000K(84480K)->736K(84480K) Eden: 81920K(81920K)->0K(81920K) From: 2080K(2560K)->736K(2560K)
[14506.961s][info][gc,heap        ] GC(33532) ParOldGen: 256119K(257536K)->258215K(259072K)
[14506.961s][info][gc,metaspace   ] GC(33532) Metaspace: 62320K(62592K)->62320K(62592K) NonClass: 53281K(53440K)->53281K(53440K) Class: 9039K(9152K)->9039K(9152K)
[14506.961s][info][gc             ] GC(33532) Pause Young (Allocation Failure) 332M->252M(335M) 3.490ms
[14506.961s][info][gc,cpu         ] GC(33532) User=0.01s Sys=0.00s Real=0.00s
[14507.393s][info][gc,start       ] GC(33533) Pause Young (Allocation Failure)
[14507.395s][info][gc,heap        ] GC(33533) PSYoungGen: 82656K(84480K)->1216K(84480K) Eden: 81920K(81920K)->0K(81920K) From: 736K(2560K)->1216K(2560K)
[14507.395s][info][gc,heap        ] GC(33533) ParOldGen: 258215K(259072K)->258263K(259072K)
[14507.395s][info][gc,metaspace   ] GC(33533) Metaspace: 62320K(62592K)->62320K(62592K) NonClass: 53281K(53440K)->53281K(53440K) Class: 9039K(9152K)->9039K(9152K)
[14507.395s][info][gc             ] GC(33533) Pause Young (Allocation Failure) 332M->253M(335M) 2.747ms
[14507.395s][info][gc,cpu         ] GC(33533) User=0.01s Sys=0.00s Real=0.00s
[14507.825s][info][gc,start       ] GC(33534) Pause Young (Allocation Failure)
[14507.827s][info][gc,heap        ] GC(33534) PSYoungGen: 83136K(84480K)->320K(84480K) Eden: 81920K(81920K)->0K(81920K) From: 1216K(2560K)->320K(2560K)
[14507.827s][info][gc,heap        ] GC(33534) ParOldGen: 258263K(259072K)->258319K(259072K)
[14507.827s][info][gc,metaspace   ] GC(33534) Metaspace: 62320K(62592K)->62320K(62592K) NonClass: 53281K(53440K)->53281K(53440K) Class: 9039K(9152K)->9039K(9152K)
[14507.827s][info][gc             ] GC(33534) Pause Young (Allocation Failure) 333M->252M(335M) 1.847ms
[14507.827s][info][gc,cpu         ] GC(33534) User=0.00s Sys=0.00s Real=0.01s
[14508.262s][info][gc,start       ] GC(33535) Pause Young (Allocation Failure)
[14508.264s][info][gc,heap        ] GC(33535) PSYoungGen: 82240K(84480K)->800K(84480K) Eden: 81920K(81920K)->0K(81920K) From: 320K(2560K)->800K(2560K)
[14508.264s][info][gc,heap        ] GC(33535) ParOldGen: 258319K(259072K)->258375K(259072K)
[14508.264s][info][gc,metaspace   ] GC(33535) Metaspace: 62320K(62592K)->62320K(62592K) NonClass: 53281K(53440K)->53281K(53440K) Class: 9039K(9152K)->9039K(9152K)
[14508.264s][info][gc             ] GC(33535) Pause Young (Allocation Failure) 332M->253M(335M) 2.468ms
[14508.264s][info][gc,cpu         ] GC(33535) User=0.00s Sys=0.00s Real=0.00s
[14508.689s][info][gc,start       ] GC(33536) Pause Young (Allocation Failure)
[14508.691s][info][gc,heap        ] GC(33536) PSYoungGen: 82720K(84480K)->1216K(84480K) Eden: 81920K(81920K)->0K(81920K) From: 800K(2560K)->1216K(2560K)
[14508.691s][info][gc,heap        ] GC(33536) ParOldGen: 258375K(259072K)->258431K(259072K)
[14508.691s][info][gc,metaspace   ] GC(33536) Metaspace: 62320K(62592K)->62320K(62592K) NonClass: 53281K(53440K)->53281K(53440K) Class: 9039K(9152K)->9039K(9152K)
[14508.691s][info][gc             ] GC(33536) Pause Young (Allocation Failure) 333M->253M(335M) 2.822ms
[14508.691s][info][gc,cpu         ] GC(33536) User=0.00s Sys=0.00s Real=0.00s
[14509.176s][info][gc,start       ] GC(33537) Pause Young (Allocation Failure)
[14509.179s][info][gc,heap        ] GC(33537) PSYoungGen: 83136K(84480K)->864K(84480K) Eden: 81920K(81920K)->0K(81920K) From: 1216K(2560K)->864K(2560K)
[14509.179s][info][gc,heap        ] GC(33537) ParOldGen: 258431K(259072K)->258479K(259072K)
[14509.179s][info][gc,metaspace   ] GC(33537) Metaspace: 62320K(62592K)->62320K(62592K) NonClass: 53281K(53440K)->53281K(53440K) Class: 9039K(9152K)->9039K(9152K)
[14509.179s][info][gc             ] GC(33537) Pause Young (Allocation Failure) 333M->253M(335M) 2.612ms
[14509.179s][info][gc,cpu         ] GC(33537) User=0.01s Sys=0.00s Real=0.01s
[14509.638s][info][gc,start       ] GC(33538) Pause Young (Allocation Failure)
[14509.640s][info][gc,heap        ] GC(33538) PSYoungGen: 82784K(84480K)->480K(84480K) Eden: 81920K(81920K)->0K(81920K) From: 864K(2560K)->480K(2560K)
[14509.640s][info][gc,heap        ] GC(33538) ParOldGen: 258479K(259072K)->258535K(259072K)
[14509.640s][info][gc,metaspace   ] GC(33538) Metaspace: 62320K(62592K)->62320K(62592K) NonClass: 53281K(53440K)->53281K(53440K) Class: 9039K(9152K)->9039K(9152K)
[14509.640s][info][gc             ] GC(33538) Pause Young (Allocation Failure) 333M->252M(335M) 2.026ms
[14509.640s][info][gc,cpu         ] GC(33538) User=0.00s Sys=0.00s Real=0.00s
[14510.090s][info][gc,start       ] GC(33539) Pause Young (Allocation Failure)
[14510.092s][info][gc,heap        ] GC(33539) PSYoungGen: 82400K(84480K)->1376K(83968K) Eden: 81920K(81920K)->0K(81920K) From: 480K(2560K)->1376K(2048K)
[14510.092s][info][gc,heap        ] GC(33539) ParOldGen: 258535K(259072K)->258583K(259072K)
[14510.092s][info][gc,metaspace   ] GC(33539) Metaspace: 62320K(62592K)->62320K(62592K) NonClass: 53281K(53440K)->53281K(53440K) Class: 9039K(9152K)->9039K(9152K)
[14510.092s][info][gc             ] GC(33539) Pause Young (Allocation Failure) 332M->253M(335M) 2.904ms
[14510.093s][info][gc,cpu         ] GC(33539) User=0.00s Sys=0.00s Real=0.00s
[14510.546s][info][gc,start       ] GC(33540) Pause Young (Allocation Failure)
[14510.548s][info][gc,heap        ] GC(33540) PSYoungGen: 83296K(83968K)->608K(84480K) Eden: 81920K(81920K)->0K(81920K) From: 1376K(2048K)->608K(2560K)
[14510.548s][info][gc,heap        ] GC(33540) ParOldGen: 258583K(259072K)->258639K(259072K)
[14510.548s][info][gc,metaspace   ] GC(33540) Metaspace: 62320K(62592K)->62320K(62592K) NonClass: 53281K(53440K)->53281K(53440K) Class: 9039K(9152K)->9039K(9152K)
[14510.548s][info][gc             ] GC(33540) Pause Young (Allocation Failure) 333M->253M(335M) 2.134ms
[14510.548s][info][gc,cpu         ] GC(33540) User=0.00s Sys=0.00s Real=0.01s
[14511.009s][info][gc,start       ] GC(33541) Pause Young (Allocation Failure)
[14511.012s][info][gc,heap        ] GC(33541) PSYoungGen: 82528K(84480K)->1344K(83968K) Eden: 81920K(81920K)->0K(81920K) From: 608K(2560K)->1344K(2048K)
[14511.012s][info][gc,heap        ] GC(33541) ParOldGen: 258639K(259072K)->258687K(259072K)
[14511.012s][info][gc,metaspace   ] GC(33541) Metaspace: 62320K(62592K)->62320K(62592K) NonClass: 53281K(53440K)->53281K(53440K) Class: 9039K(9152K)->9039K(9152K)
[14511.012s][info][gc             ] GC(33541) Pause Young (Allocation Failure) 333M->253M(335M) 2.870ms
[14511.012s][info][gc,cpu         ] GC(33541) User=0.00s Sys=0.00s Real=0.00s
[14511.473s][info][gc,start       ] GC(33542) Pause Young (Allocation Failure)
[14511.476s][info][gc,heap        ] GC(33542) PSYoungGen: 83264K(83968K)->1920K(84480K) Eden: 81920K(81920K)->0K(81920K) From: 1344K(2048K)->1920K(2560K)
[14511.476s][info][gc,heap        ] GC(33542) ParOldGen: 258687K(259072K)->259767K(260608K)
[14511.476s][info][gc,metaspace   ] GC(33542) Metaspace: 62320K(62592K)->62320K(62592K) NonClass: 53281K(53440K)->53281K(53440K) Class: 9039K(9152K)->9039K(9152K)
[14511.476s][info][gc             ] GC(33542) Pause Young (Allocation Failure) 333M->255M(337M) 3.201ms
[14511.476s][info][gc,cpu         ] GC(33542) User=0.00s Sys=0.00s Real=0.00s
[14511.998s][info][gc,start       ] GC(33543) Pause Young (Allocation Failure)
[14512.002s][info][gc,heap        ] GC(33543) PSYoungGen: 83840K(84480K)->1296K(84480K) Eden: 81920K(81920K)->0K(81920K) From: 1920K(2560K)->1296K(2560K)
[14512.002s][info][gc,heap        ] GC(33543) ParOldGen: 259767K(260608K)->261871K(262144K)
[14512.002s][info][gc,metaspace   ] GC(33543) Metaspace: 62320K(62592K)->62320K(62592K) NonClass: 53281K(53440K)->53281K(53440K) Class: 9039K(9152K)->9039K(9152K)
[14512.002s][info][gc             ] GC(33543) Pause Young (Allocation Failure) 335M->256M(338M) 4.230ms
[14512.002s][info][gc,cpu         ] GC(33543) User=0.01s Sys=0.00s Real=0.00s
[14512.476s][info][gc,start       ] GC(33544) Pause Young (Allocation Failure)
[14512.479s][info][gc,heap        ] GC(33544) PSYoungGen: 83216K(84480K)->928K(84480K) Eden: 81920K(81920K)->0K(81920K) From: 1296K(2560K)->928K(2560K)
[14512.479s][info][gc,heap        ] GC(33544) ParOldGen: 261871K(262144K)->261975K(262144K)
[14512.479s][info][gc,metaspace   ] GC(33544) Metaspace: 62320K(62592K)->62320K(62592K) NonClass: 53281K(53440K)->53281K(53440K) Class: 9039K(9152K)->9039K(9152K)
[14512.479s][info][gc             ] GC(33544) Pause Young (Allocation Failure) 336M->256M(338M) 2.607ms
[14512.479s][info][gc,cpu         ] GC(33544) User=0.01s Sys=0.00s Real=0.01s
[14512.921s][info][gc,start       ] GC(33545) Pause Young (Allocation Failure)
[14512.923s][info][gc,heap        ] GC(33545) PSYoungGen: 82848K(84480K)->256K(84480K) Eden: 81920K(81920K)->0K(81920K) From: 928K(2560K)->256K(2560K)
[14512.923s][info][gc,heap        ] GC(33545) ParOldGen: 261975K(262144K)->262023K(262144K)
[14512.923s][info][gc,metaspace   ] GC(33545) Metaspace: 62320K(62592K)->62320K(62592K) NonClass: 53281K(53440K)->53281K(53440K) Class: 9039K(9152K)->9039K(9152K)
[14512.923s][info][gc             ] GC(33545) Pause Young (Allocation Failure) 336M->256M(338M) 1.859ms
[14512.923s][info][gc,cpu         ] GC(33545) User=0.00s Sys=0.00s Real=0.00s
[14513.395s][info][gc,start       ] GC(33546) Pause Young (Allocation Failure)
[14513.398s][info][gc,heap        ] GC(33546) PSYoungGen: 82176K(84480K)->1216K(84480K) Eden: 81920K(81920K)->0K(81920K) From: 256K(2560K)->1216K(2560K)
[14513.398s][info][gc,heap        ] GC(33546) ParOldGen: 262023K(262144K)->262071K(262144K)
[14513.398s][info][gc,metaspace   ] GC(33546) Metaspace: 62320K(62592K)->62320K(62592K) NonClass: 53281K(53440K)->53281K(53440K) Class: 9039K(9152K)->9039K(9152K)
[14513.398s][info][gc             ] GC(33546) Pause Young (Allocation Failure) 336M->257M(338M) 2.827ms
[14513.398s][info][gc,cpu         ] GC(33546) User=0.01s Sys=0.00s Real=0.01s
[14513.885s][info][gc,start       ] GC(33547) Pause Young (Allocation Failure)
[14513.888s][info][gc,heap        ] GC(33547) PSYoungGen: 83136K(84480K)->1120K(84480K) Eden: 81920K(81920K)->0K(81920K) From: 1216K(2560K)->1120K(2560K)
[14513.888s][info][gc,heap        ] GC(33547) ParOldGen: 262071K(262144K)->262127K(262144K)
[14513.888s][info][gc,metaspace   ] GC(33547) Metaspace: 62320K(62592K)->62320K(62592K) NonClass: 53281K(53440K)->53281K(53440K) Class: 9039K(9152K)->9039K(9152K)
[14513.888s][info][gc             ] GC(33547) Pause Young (Allocation Failure) 337M->257M(338M) 2.824ms
[14513.888s][info][gc,cpu         ] GC(33547) User=0.00s Sys=0.00s Real=0.01s
[14514.369s][info][gc,start       ] GC(33548) Pause Young (Allocation Failure)
[14514.372s][info][gc,heap        ] GC(33548) PSYoungGen: 83040K(84480K)->960K(84480K) Eden: 81920K(81920K)->0K(81920K) From: 1120K(2560K)->960K(2560K)
[14514.372s][info][gc,heap        ] GC(33548) ParOldGen: 262127K(262144K)->262183K(262656K)
[14514.372s][info][gc,metaspace   ] GC(33548) Metaspace: 62320K(62592K)->62320K(62592K) NonClass: 53281K(53440K)->53281K(53440K) Class: 9039K(9152K)->9039K(9152K)
[14514.372s][info][gc             ] GC(33548) Pause Young (Allocation Failure) 337M->256M(339M) 2.634ms
[14514.372s][info][gc,cpu         ] GC(33548) User=0.00s Sys=0.00s Real=0.00s
[14514.898s][info][gc,start       ] GC(33549) Pause Young (Allocation Failure)
[14514.900s][info][gc,heap        ] GC(33549) PSYoungGen: 82880K(84480K)->1024K(84992K) Eden: 81920K(81920K)->0K(82944K) From: 960K(2560K)->1024K(2048K)
[14514.900s][info][gc,heap        ] GC(33549) ParOldGen: 262183K(262656K)->262239K(262656K)
[14514.900s][info][gc,metaspace   ] GC(33549) Metaspace: 62320K(62592K)->62320K(62592K) NonClass: 53281K(53440K)->53281K(53440K) Class: 9039K(9152K)->9039K(9152K)
[14514.900s][info][gc             ] GC(33549) Pause Young (Allocation Failure) 336M->257M(339M) 2.573ms
[14514.901s][info][gc,cpu         ] GC(33549) User=0.01s Sys=0.00s Real=0.00s
[14515.402s][info][gc,start       ] GC(33550) Pause Young (Allocation Failure)
[14515.404s][info][gc,heap        ] GC(33550) PSYoungGen: 83968K(84992K)->1248K(84992K) Eden: 82944K(82944K)->0K(82944K) From: 1024K(2048K)->1248K(2048K)
[14515.404s][info][gc,heap        ] GC(33550) ParOldGen: 262239K(262656K)->262287K(262656K)
[14515.404s][info][gc,metaspace   ] GC(33550) Metaspace: 62320K(62592K)->62320K(62592K) NonClass: 53281K(53440K)->53281K(53440K) Class: 9039K(9152K)->9039K(9152K)
[14515.404s][info][gc             ] GC(33550) Pause Young (Allocation Failure) 338M->257M(339M) 2.733ms
[14515.404s][info][gc,cpu         ] GC(33550) User=0.00s Sys=0.00s Real=0.00s
[14515.894s][info][gc,start       ] GC(33551) Pause Young (Allocation Failure)
[14515.897s][info][gc,heap        ] GC(33551) PSYoungGen: 84192K(84992K)->1248K(84992K) Eden: 82944K(82944K)->0K(82944K) From: 1248K(2048K)->1248K(2048K)
[14515.898s][info][gc,heap        ] GC(33551) ParOldGen: 262287K(262656K)->262335K(262656K)
[14515.898s][info][gc,metaspace   ] GC(33551) Metaspace: 62320K(62592K)->62320K(62592K) NonClass: 53281K(53440K)->53281K(53440K) Class: 9039K(9152K)->9039K(9152K)
[14515.898s][info][gc             ] GC(33551) Pause Young (Allocation Failure) 338M->257M(339M) 3.200ms
[14515.898s][info][gc,cpu         ] GC(33551) User=0.00s Sys=0.00s Real=0.01s
[14516.389s][info][gc,start       ] GC(33552) Pause Young (Allocation Failure)
[14516.392s][info][gc,heap        ] GC(33552) PSYoungGen: 84192K(84992K)->2016K(84992K) Eden: 82944K(82944K)->0K(82944K) From: 1248K(2048K)->2016K(2048K)
[14516.392s][info][gc,heap        ] GC(33552) ParOldGen: 262335K(262656K)->263455K(264192K)
[14516.392s][info][gc,metaspace   ] GC(33552) Metaspace: 62320K(62592K)->62320K(62592K) NonClass: 53281K(53440K)->53281K(53440K) Class: 9039K(9152K)->9039K(9152K)
[14516.392s][info][gc             ] GC(33552) Pause Young (Allocation Failure) 338M->259M(341M) 3.195ms
[14516.392s][info][gc,cpu         ] GC(33552) User=0.00s Sys=0.00s Real=0.00s
[14516.877s][info][gc,start       ] GC(33553) Pause Young (Allocation Failure)
[14516.881s][info][gc,heap        ] GC(33553) PSYoungGen: 84960K(84992K)->832K(83968K) Eden: 82944K(82944K)->0K(81920K) From: 2016K(2048K)->832K(2048K)
[14516.881s][info][gc,heap        ] GC(33553) ParOldGen: 263455K(264192K)->265535K(265728K)
[14516.881s][info][gc,metaspace   ] GC(33553) Metaspace: 62320K(62592K)->62320K(62592K) NonClass: 53281K(53440K)->53281K(53440K) Class: 9039K(9152K)->9039K(9152K)
[14516.881s][info][gc             ] GC(33553) Pause Young (Allocation Failure) 340M->260M(341M) 4.120ms
[14516.881s][info][gc,cpu         ] GC(33553) User=0.01s Sys=0.01s Real=0.00s
[14517.351s][info][gc,start       ] GC(33554) Pause Young (Allocation Failure)
[14517.353s][info][gc,heap        ] GC(33554) PSYoungGen: 82752K(83968K)->640K(84480K) Eden: 81920K(81920K)->0K(81920K) From: 832K(2048K)->640K(2560K)
[14517.353s][info][gc,heap        ] GC(33554) ParOldGen: 265535K(265728K)->265591K(265728K)
[14517.353s][info][gc,metaspace   ] GC(33554) Metaspace: 62320K(62592K)->62320K(62592K) NonClass: 53281K(53440K)->53281K(53440K) Class: 9039K(9152K)->9039K(9152K)
[14517.353s][info][gc             ] GC(33554) Pause Young (Allocation Failure) 340M->259M(342M) 2.195ms
[14517.353s][info][gc,cpu         ] GC(33554) User=0.00s Sys=0.00s Real=0.00s
[14517.809s][info][gc,start       ] GC(33555) Pause Young (Allocation Failure)
[14517.811s][info][gc,heap        ] GC(33555) PSYoungGen: 82560K(84480K)->1472K(84480K) Eden: 81920K(81920K)->0K(81920K) From: 640K(2560K)->1472K(2560K)
[14517.811s][info][gc,heap        ] GC(33555) ParOldGen: 265591K(265728K)->265639K(265728K)
[14517.811s][info][gc,metaspace   ] GC(33555) Metaspace: 62320K(62592K)->62320K(62592K) NonClass: 53281K(53440K)->53281K(53440K) Class: 9039K(9152K)->9039K(9152K)
[14517.812s][info][gc             ] GC(33555) Pause Young (Allocation Failure) 339M->260M(342M) 2.998ms
[14517.812s][info][gc,cpu         ] GC(33555) User=0.01s Sys=0.00s Real=0.00s
[14518.235s][info][gc,start       ] GC(33556) Pause Young (Allocation Failure)
[14518.236s][info][gc,heap        ] GC(33556) PSYoungGen: 83392K(84480K)->448K(84480K) Eden: 81920K(81920K)->0K(81920K) From: 1472K(2560K)->448K(2560K)
[14518.237s][info][gc,heap        ] GC(33556) ParOldGen: 265639K(265728K)->265695K(265728K)
[14518.237s][info][gc,metaspace   ] GC(33556) Metaspace: 62320K(62592K)->62320K(62592K) NonClass: 53281K(53440K)->53281K(53440K) Class: 9039K(9152K)->9039K(9152K)
[14518.237s][info][gc             ] GC(33556) Pause Young (Allocation Failure) 340M->259M(342M) 1.989ms
[14518.237s][info][gc,cpu         ] GC(33556) User=0.01s Sys=0.00s Real=0.01s
[14518.690s][info][gc,start       ] GC(33557) Pause Young (Allocation Failure)
[14518.692s][info][gc,heap        ] GC(33557) PSYoungGen: 82368K(84480K)->1120K(84480K) Eden: 81920K(81920K)->0K(81920K) From: 448K(2560K)->1120K(2560K)
[14518.693s][info][gc,heap        ] GC(33557) ParOldGen: 265695K(265728K)->265743K(266240K)
[14518.693s][info][gc,metaspace   ] GC(33557) Metaspace: 62320K(62592K)->62320K(62592K) NonClass: 53281K(53440K)->53281K(53440K) Class: 9039K(9152K)->9039K(9152K)
[14518.693s][info][gc             ] GC(33557) Pause Young (Allocation Failure) 339M->260M(342M) 2.719ms
[14518.693s][info][gc,cpu         ] GC(33557) User=0.01s Sys=0.00s Real=0.00s
[14519.121s][info][gc,start       ] GC(33558) Pause Young (Allocation Failure)
[14519.122s][info][gc,heap        ] GC(33558) PSYoungGen: 83040K(84480K)->224K(84480K) Eden: 81920K(81920K)->0K(81920K) From: 1120K(2560K)->224K(2560K)
[14519.122s][info][gc,heap        ] GC(33558) ParOldGen: 265743K(266240K)->265791K(266240K)
[14519.122s][info][gc,metaspace   ] GC(33558) Metaspace: 62320K(62592K)->62320K(62592K) NonClass: 53281K(53440K)->53281K(53440K) Class: 9039K(9152K)->9039K(9152K)
[14519.123s][info][gc             ] GC(33558) Pause Young (Allocation Failure) 340M->259M(342M) 1.856ms
[14519.123s][info][gc,cpu         ] GC(33558) User=0.00s Sys=0.00s Real=0.00s
[14519.561s][info][gc,start       ] GC(33559) Pause Young (Allocation Failure)
[14519.563s][info][gc,heap        ] GC(33559) PSYoungGen: 82144K(84480K)->832K(84480K) Eden: 81920K(81920K)->0K(81920K) From: 224K(2560K)->832K(2560K)
[14519.563s][info][gc,heap        ] GC(33559) ParOldGen: 265791K(266240K)->265839K(266240K)
[14519.563s][info][gc,metaspace   ] GC(33559) Metaspace: 62320K(62592K)->62320K(62592K) NonClass: 53281K(53440K)->53281K(53440K) Class: 9039K(9152K)->9039K(9152K)
[14519.563s][info][gc             ] GC(33559) Pause Young (Allocation Failure) 339M->260M(342M) 2.360ms
[14519.563s][info][gc,cpu         ] GC(33559) User=0.01s Sys=0.00s Real=0.00s
[14519.996s][info][gc,start       ] GC(33560) Pause Young (Allocation Failure)
[14519.999s][info][gc,heap        ] GC(33560) PSYoungGen: 82752K(84480K)->1632K(84480K) Eden: 81920K(81920K)->0K(81920K) From: 832K(2560K)->1632K(2560K)
[14519.999s][info][gc,heap        ] GC(33560) ParOldGen: 265839K(266240K)->265895K(266240K)
[14519.999s][info][gc,metaspace   ] GC(33560) Metaspace: 62320K(62592K)->62320K(62592K) NonClass: 53281K(53440K)->53281K(53440K) Class: 9039K(9152K)->9039K(9152K)
[14519.999s][info][gc             ] GC(33560) Pause Young (Allocation Failure) 340M->261M(342M) 3.107ms
[14519.999s][info][gc,cpu         ] GC(33560) User=0.01s Sys=0.00s Real=0.01s
[14520.375s][info][gc,start       ] GC(33561) Pause Young (Allocation Failure)
[14520.378s][info][gc,heap        ] GC(33561) PSYoungGen: 83552K(84480K)->1088K(84480K) Eden: 81920K(81920K)->0K(81920K) From: 1632K(2560K)->1088K(2560K)
[14520.378s][info][gc,heap        ] GC(33561) ParOldGen: 265895K(266240K)->265991K(266240K)
[14520.378s][info][gc,metaspace   ] GC(33561) Metaspace: 62320K(62592K)->62320K(62592K) NonClass: 53281K(53440K)->53281K(53440K) Class: 9039K(9152K)->9039K(9152K)
[14520.378s][info][gc             ] GC(33561) Pause Young (Allocation Failure) 341M->260M(342M) 2.640ms
[14520.378s][info][gc,cpu         ] GC(33561) User=0.01s Sys=0.00s Real=0.01s
[14520.792s][info][gc,start       ] GC(33562) Pause Young (Allocation Failure)
[14520.795s][info][gc,heap        ] GC(33562) PSYoungGen: 83008K(84480K)->1312K(84480K) Eden: 81920K(81920K)->0K(81920K) From: 1088K(2560K)->1312K(2560K)
[14520.795s][info][gc,heap        ] GC(33562) ParOldGen: 265991K(266240K)->266039K(266240K)
[14520.795s][info][gc,metaspace   ] GC(33562) Metaspace: 62320K(62592K)->62320K(62592K) NonClass: 53281K(53440K)->53281K(53440K) Class: 9039K(9152K)->9039K(9152K)
[14520.795s][info][gc             ] GC(33562) Pause Young (Allocation Failure) 340M->261M(342M) 2.755ms
[14520.795s][info][gc,cpu         ] GC(33562) User=0.01s Sys=0.00s Real=0.00s
[14521.266s][info][gc,start       ] GC(33563) Pause Young (Allocation Failure)
[14521.269s][info][gc,heap        ] GC(33563) PSYoungGen: 83232K(84480K)->1952K(84480K) Eden: 81920K(81920K)->0K(81920K) From: 1312K(2560K)->1952K(2560K)
[14521.270s][info][gc,heap        ] GC(33563) ParOldGen: 266039K(266240K)->267119K(267776K)
[14521.270s][info][gc,metaspace   ] GC(33563) Metaspace: 62320K(62592K)->62320K(62592K) NonClass: 53281K(53440K)->53281K(53440K) Class: 9039K(9152K)->9039K(9152K)
[14521.270s][info][gc             ] GC(33563) Pause Young (Allocation Failure) 341M->262M(344M) 3.050ms
[14521.270s][info][gc,cpu         ] GC(33563) User=0.01s Sys=0.00s Real=0.00s
[14521.743s][info][gc,start       ] GC(33564) Pause Young (Allocation Failure)
[14521.747s][info][gc,heap        ] GC(33564) PSYoungGen: 83872K(84480K)->480K(84480K) Eden: 81920K(81920K)->0K(81920K) From: 1952K(2560K)->480K(2560K)
[14521.747s][info][gc,heap        ] GC(33564) ParOldGen: 267119K(267776K)->269215K(269312K)
[14521.747s][info][gc,metaspace   ] GC(33564) Metaspace: 62320K(62592K)->62320K(62592K) NonClass: 53281K(53440K)->53281K(53440K) Class: 9039K(9152K)->9039K(9152K)
[14521.747s][info][gc             ] GC(33564) Pause Young (Allocation Failure) 342M->263M(345M) 3.252ms
[14521.747s][info][gc,cpu         ] GC(33564) User=0.00s Sys=0.00s Real=0.01s
[14522.198s][info][gc,start       ] GC(33565) Pause Young (Allocation Failure)
[14522.201s][info][gc,heap        ] GC(33565) PSYoungGen: 82400K(84480K)->1504K(84480K) Eden: 81920K(81920K)->0K(81920K) From: 480K(2560K)->1504K(2560K)
[14522.201s][info][gc,heap        ] GC(33565) ParOldGen: 269215K(269312K)->269263K(269312K)
[14522.201s][info][gc,metaspace   ] GC(33565) Metaspace: 62320K(62592K)->62320K(62592K) NonClass: 53281K(53440K)->53281K(53440K) Class: 9039K(9152K)->9039K(9152K)
[14522.201s][info][gc             ] GC(33565) Pause Young (Allocation Failure) 343M->264M(345M) 2.985ms
[14522.201s][info][gc,cpu         ] GC(33565) User=0.00s Sys=0.00s Real=0.00s
[14522.650s][info][gc,start       ] GC(33566) Pause Young (Allocation Failure)
[14522.652s][info][gc,heap        ] GC(33566) PSYoungGen: 83424K(84480K)->608K(84480K) Eden: 81920K(81920K)->0K(81920K) From: 1504K(2560K)->608K(2560K)
[14522.652s][info][gc,heap        ] GC(33566) ParOldGen: 269263K(269312K)->269311K(269312K)
[14522.652s][info][gc,metaspace   ] GC(33566) Metaspace: 62320K(62592K)->62320K(62592K) NonClass: 53281K(53440K)->53281K(53440K) Class: 9039K(9152K)->9039K(9152K)
[14522.652s][info][gc             ] GC(33566) Pause Young (Allocation Failure) 344M->263M(345M) 2.117ms
[14522.652s][info][gc,cpu         ] GC(33566) User=0.00s Sys=0.00s Real=0.00s
[14523.103s][info][gc,start       ] GC(33567) Pause Young (Allocation Failure)
[14523.106s][info][gc,heap        ] GC(33567) PSYoungGen: 82528K(84480K)->1408K(84480K) Eden: 81920K(81920K)->0K(81920K) From: 608K(2560K)->1408K(2560K)
[14523.106s][info][gc,heap        ] GC(33567) ParOldGen: 269311K(269312K)->269359K(269824K)
[14523.106s][info][gc,metaspace   ] GC(33567) Metaspace: 62320K(62592K)->62320K(62592K) NonClass: 53281K(53440K)->53281K(53440K) Class: 9039K(9152K)->9039K(9152K)
[14523.106s][info][gc             ] GC(33567) Pause Young (Allocation Failure) 343M->264M(346M) 2.975ms
[14523.106s][info][gc,cpu         ] GC(33567) User=0.00s Sys=0.00s Real=0.00s
[14523.554s][info][gc,start       ] GC(33568) Pause Young (Allocation Failure)
[14523.557s][info][gc,heap        ] GC(33568) PSYoungGen: 83328K(84480K)->704K(84480K) Eden: 81920K(81920K)->0K(81920K) From: 1408K(2560K)->704K(2560K)
[14523.557s][info][gc,heap        ] GC(33568) ParOldGen: 269359K(269824K)->269407K(269824K)
[14523.557s][info][gc,metaspace   ] GC(33568) Metaspace: 62320K(62592K)->62320K(62592K) NonClass: 53281K(53440K)->53281K(53440K) Class: 9039K(9152K)->9039K(9152K)
[14523.557s][info][gc             ] GC(33568) Pause Young (Allocation Failure) 344M->263M(346M) 2.407ms
[14523.557s][info][gc,cpu         ] GC(33568) User=0.01s Sys=0.00s Real=0.01s
[14523.990s][info][gc,start       ] GC(33569) Pause Young (Allocation Failure)
[14523.993s][info][gc,heap        ] GC(33569) PSYoungGen: 82624K(84480K)->1120K(84480K) Eden: 81920K(81920K)->0K(81920K) From: 704K(2560K)->1120K(2560K)
[14523.993s][info][gc,heap        ] GC(33569) ParOldGen: 269407K(269824K)->269455K(269824K)
[14523.993s][info][gc,metaspace   ] GC(33569) Metaspace: 62320K(62592K)->62320K(62592K) NonClass: 53281K(53440K)->53281K(53440K) Class: 9039K(9152K)->9039K(9152K)
[14523.993s][info][gc             ] GC(33569) Pause Young (Allocation Failure) 343M->264M(346M) 3.619ms
[14523.993s][info][gc,cpu         ] GC(33569) User=0.01s Sys=0.00s Real=0.00s
[14524.440s][info][gc,start       ] GC(33570) Pause Young (Allocation Failure)
[14524.442s][info][gc,heap        ] GC(33570) PSYoungGen: 83040K(84480K)->512K(84480K) Eden: 81920K(81920K)->0K(81920K) From: 1120K(2560K)->512K(2560K)
[14524.442s][info][gc,heap        ] GC(33570) ParOldGen: 269455K(269824K)->269503K(269824K)
[14524.442s][info][gc,metaspace   ] GC(33570) Metaspace: 62320K(62592K)->62320K(62592K) NonClass: 53281K(53440K)->53281K(53440K) Class: 9039K(9152K)->9039K(9152K)
[14524.442s][info][gc             ] GC(33570) Pause Young (Allocation Failure) 344M->263M(346M) 2.070ms
[14524.442s][info][gc,cpu         ] GC(33570) User=0.00s Sys=0.00s Real=0.00s
[14524.878s][info][gc,start       ] GC(33571) Pause Young (Allocation Failure)
[14524.880s][info][gc,heap        ] GC(33571) PSYoungGen: 82432K(84480K)->992K(84480K) Eden: 81920K(81920K)->0K(81920K) From: 512K(2560K)->992K(2560K)
[14524.880s][info][gc,heap        ] GC(33571) ParOldGen: 269503K(269824K)->269551K(269824K)
[14524.880s][info][gc,metaspace   ] GC(33571) Metaspace: 62320K(62592K)->62320K(62592K) NonClass: 53281K(53440K)->53281K(53440K) Class: 9039K(9152K)->9039K(9152K)
[14524.880s][info][gc             ] GC(33571) Pause Young (Allocation Failure) 343M->264M(346M) 2.481ms
[14524.880s][info][gc,cpu         ] GC(33571) User=0.01s Sys=0.00s Real=0.00s
[14525.325s][info][gc,start       ] GC(33572) Pause Young (Allocation Failure)
[14525.327s][info][gc,heap        ] GC(33572) PSYoungGen: 82912K(84480K)->288K(84480K) Eden: 81920K(81920K)->0K(81920K) From: 992K(2560K)->288K(2560K)
[14525.327s][info][gc,heap        ] GC(33572) ParOldGen: 269551K(269824K)->269607K(269824K)
[14525.327s][info][gc,metaspace   ] GC(33572) Metaspace: 62320K(62592K)->62320K(62592K) NonClass: 53281K(53440K)->53281K(53440K) Class: 9039K(9152K)->9039K(9152K)
[14525.327s][info][gc             ] GC(33572) Pause Young (Allocation Failure) 344M->263M(346M) 1.916ms
[14525.327s][info][gc,cpu         ] GC(33572) User=0.00s Sys=0.00s Real=0.01s
[14525.730s][info][gc,start       ] GC(33573) Pause Young (Allocation Failure)
[14525.732s][info][gc,heap        ] GC(33573) PSYoungGen: 82208K(84480K)->2432K(84480K) Eden: 81920K(81920K)->0K(81920K) From: 288K(2560K)->2432K(2560K)
[14525.732s][info][gc,heap        ] GC(33573) ParOldGen: 269607K(269824K)->269663K(269824K)
[14525.732s][info][gc,metaspace   ] GC(33573) Metaspace: 62320K(62592K)->62320K(62592K) NonClass: 53281K(53440K)->53281K(53440K) Class: 9039K(9152K)->9039K(9152K)
[14525.732s][info][gc             ] GC(33573) Pause Young (Allocation Failure) 343M->265M(346M) 2.284ms
[14525.732s][info][gc,cpu         ] GC(33573) User=0.01s Sys=0.00s Real=0.00s
[14526.222s][info][gc,start       ] GC(33574) Pause Young (Allocation Failure)
[14526.225s][info][gc,heap        ] GC(33574) PSYoungGen: 84352K(84480K)->256K(84480K) Eden: 81920K(81920K)->0K(81920K) From: 2432K(2560K)->256K(2560K)
[14526.225s][info][gc,heap        ] GC(33574) ParOldGen: 269663K(269824K)->271759K(272896K)
[14526.225s][info][gc,metaspace   ] GC(33574) Metaspace: 62320K(62592K)->62320K(62592K) NonClass: 53281K(53440K)->53281K(53440K) Class: 9039K(9152K)->9039K(9152K)
[14526.225s][info][gc             ] GC(33574) Pause Young (Allocation Failure) 345M->265M(349M) 3.280ms
[14526.225s][info][gc,cpu         ] GC(33574) User=0.00s Sys=0.00s Real=0.00s
[14526.697s][info][gc,start       ] GC(33575) Pause Young (Allocation Failure)
[14526.699s][info][gc,heap        ] GC(33575) PSYoungGen: 82176K(84480K)->1248K(84480K) Eden: 81920K(81920K)->0K(81920K) From: 256K(2560K)->1248K(2560K)
[14526.699s][info][gc,heap        ] GC(33575) ParOldGen: 271759K(272896K)->271807K(272896K)
[14526.699s][info][gc,metaspace   ] GC(33575) Metaspace: 62320K(62592K)->62320K(62592K) NonClass: 53281K(53440K)->53281K(53440K) Class: 9039K(9152K)->9039K(9152K)
[14526.699s][info][gc             ] GC(33575) Pause Young (Allocation Failure) 345M->266M(349M) 2.681ms
[14526.699s][info][gc,cpu         ] GC(33575) User=0.01s Sys=0.00s Real=0.00s
[14527.122s][info][gc,start       ] GC(33576) Pause Young (Allocation Failure)
[14527.124s][info][gc,heap        ] GC(33576) PSYoungGen: 83168K(84480K)->224K(84480K) Eden: 81920K(81920K)->0K(81920K) From: 1248K(2560K)->224K(2560K)
[14527.124s][info][gc,heap        ] GC(33576) ParOldGen: 271807K(272896K)->271855K(272896K)
[14527.124s][info][gc,metaspace   ] GC(33576) Metaspace: 62320K(62592K)->62320K(62592K) NonClass: 53281K(53440K)->53281K(53440K) Class: 9039K(9152K)->9039K(9152K)
[14527.124s][info][gc             ] GC(33576) Pause Young (Allocation Failure) 346M->265M(349M) 1.800ms
[14527.124s][info][gc,cpu         ] GC(33576) User=0.00s Sys=0.00s Real=0.00s
[14527.608s][info][gc,start       ] GC(33577) Pause Young (Allocation Failure)
[14527.611s][info][gc,heap        ] GC(33577) PSYoungGen: 82144K(84480K)->1552K(84480K) Eden: 81920K(81920K)->0K(81920K) From: 224K(2560K)->1552K(2560K)
[14527.611s][info][gc,heap        ] GC(33577) ParOldGen: 271855K(272896K)->271903K(272896K)
[14527.611s][info][gc,metaspace   ] GC(33577) Metaspace: 62320K(62592K)->62320K(62592K) NonClass: 53281K(53440K)->53281K(53440K) Class: 9039K(9152K)->9039K(9152K)
[14527.611s][info][gc             ] GC(33577) Pause Young (Allocation Failure) 345M->267M(349M) 2.949ms
[14527.611s][info][gc,cpu         ] GC(33577) User=0.00s Sys=0.00s Real=0.00s
[14528.040s][info][gc,start       ] GC(33578) Pause Young (Allocation Failure)
[14528.042s][info][gc,heap        ] GC(33578) PSYoungGen: 83472K(84480K)->512K(84480K) Eden: 81920K(81920K)->0K(81920K) From: 1552K(2560K)->512K(2560K)
[14528.042s][info][gc,heap        ] GC(33578) ParOldGen: 271903K(272896K)->271999K(272896K)
[14528.042s][info][gc,metaspace   ] GC(33578) Metaspace: 62320K(62592K)->62320K(62592K) NonClass: 53281K(53440K)->53281K(53440K) Class: 9039K(9152K)->9039K(9152K)
[14528.042s][info][gc             ] GC(33578) Pause Young (Allocation Failure) 347M->266M(349M) 2.132ms
[14528.042s][info][gc,cpu         ] GC(33578) User=0.00s Sys=0.00s Real=0.00s
[14528.475s][info][gc,start       ] GC(33579) Pause Young (Allocation Failure)
[14528.478s][info][gc,heap        ] GC(33579) PSYoungGen: 82432K(84480K)->1152K(84480K) Eden: 81920K(81920K)->0K(81920K) From: 512K(2560K)->1152K(2560K)
[14528.478s][info][gc,heap        ] GC(33579) ParOldGen: 271999K(272896K)->272047K(272896K)
[14528.478s][info][gc,metaspace   ] GC(33579) Metaspace: 62320K(62592K)->62320K(62592K) NonClass: 53281K(53440K)->53281K(53440K) Class: 9039K(9152K)->9039K(9152K)
[14528.478s][info][gc             ] GC(33579) Pause Young (Allocation Failure) 346M->266M(349M) 2.752ms
[14528.478s][info][gc,cpu         ] GC(33579) User=0.00s Sys=0.00s Real=0.01s
[14528.923s][info][gc,start       ] GC(33580) Pause Young (Allocation Failure)
[14528.924s][info][gc,heap        ] GC(33580) PSYoungGen: 83072K(84480K)->256K(84480K) Eden: 81920K(81920K)->0K(81920K) From: 1152K(2560K)->256K(2560K)
[14528.924s][info][gc,heap        ] GC(33580) ParOldGen: 272047K(272896K)->272095K(272896K)
[14528.924s][info][gc,metaspace   ] GC(33580) Metaspace: 62320K(62592K)->62320K(62592K) NonClass: 53281K(53440K)->53281K(53440K) Class: 9039K(9152K)->9039K(9152K)
[14528.924s][info][gc             ] GC(33580) Pause Young (Allocation Failure) 346M->265M(349M) 1.849ms
[14528.924s][info][gc,cpu         ] GC(33580) User=0.00s Sys=0.00s Real=0.00s
[14529.364s][info][gc,start       ] GC(33581) Pause Young (Allocation Failure)
[14529.366s][info][gc,heap        ] GC(33581) PSYoungGen: 82176K(84480K)->896K(84480K) Eden: 81920K(81920K)->0K(81920K) From: 256K(2560K)->896K(2560K)
[14529.366s][info][gc,heap        ] GC(33581) ParOldGen: 272095K(272896K)->272151K(272896K)
[14529.366s][info][gc,metaspace   ] GC(33581) Metaspace: 62322K(62592K)->62322K(62592K) NonClass: 53283K(53440K)->53283K(53440K) Class: 9039K(9152K)->9039K(9152K)
[14529.366s][info][gc             ] GC(33581) Pause Young (Allocation Failure) 345M->266M(349M) 2.537ms
[14529.366s][info][gc,cpu         ] GC(33581) User=0.01s Sys=0.00s Real=0.00s
[14529.796s][info][gc,start       ] GC(33582) Pause Young (Allocation Failure)
[14529.799s][info][gc,heap        ] GC(33582) PSYoungGen: 82816K(84480K)->1376K(84480K) Eden: 81920K(81920K)->0K(81920K) From: 896K(2560K)->1376K(2560K)
[14529.799s][info][gc,heap        ] GC(33582) ParOldGen: 272151K(272896K)->272199K(272896K)
[14529.799s][info][gc,metaspace   ] GC(33582) Metaspace: 62322K(62592K)->62322K(62592K) NonClass: 53283K(53440K)->53283K(53440K) Class: 9039K(9152K)->9039K(9152K)
[14529.799s][info][gc             ] GC(33582) Pause Young (Allocation Failure) 346M->267M(349M) 2.806ms
[14529.799s][info][gc,cpu         ] GC(33582) User=0.01s Sys=0.00s Real=0.00s
[14530.227s][info][gc,start       ] GC(33583) Pause Young (Allocation Failure)
[14530.228s][info][gc,heap        ] GC(33583) PSYoungGen: 83296K(84480K)->288K(84480K) Eden: 81920K(81920K)->0K(81920K) From: 1376K(2560K)->288K(2560K)
[14530.228s][info][gc,heap        ] GC(33583) ParOldGen: 272199K(272896K)->272247K(272896K)
[14530.228s][info][gc,metaspace   ] GC(33583) Metaspace: 62322K(62592K)->62322K(62592K) NonClass: 53283K(53440K)->53283K(53440K) Class: 9039K(9152K)->9039K(9152K)
[14530.228s][info][gc             ] GC(33583) Pause Young (Allocation Failure) 347M->266M(349M) 1.859ms
[14530.228s][info][gc,cpu         ] GC(33583) User=0.00s Sys=0.00s Real=0.00s
[14530.632s][info][gc,start       ] GC(33584) Pause Young (Allocation Failure)
[14530.634s][info][gc,heap        ] GC(33584) PSYoungGen: 82208K(84480K)->2432K(84480K) Eden: 81920K(81920K)->0K(81920K) From: 288K(2560K)->2432K(2560K)
[14530.634s][info][gc,heap        ] GC(33584) ParOldGen: 272247K(272896K)->272295K(272896K)
[14530.634s][info][gc,metaspace   ] GC(33584) Metaspace: 62322K(62592K)->62322K(62592K) NonClass: 53283K(53440K)->53283K(53440K) Class: 9039K(9152K)->9039K(9152K)
[14530.634s][info][gc             ] GC(33584) Pause Young (Allocation Failure) 346M->268M(349M) 2.191ms
[14530.634s][info][gc,cpu         ] GC(33584) User=0.00s Sys=0.00s Real=0.00s
[14531.068s][info][gc,start       ] GC(33585) Pause Young (Allocation Failure)
[14531.072s][info][gc,heap        ] GC(33585) PSYoungGen: 84352K(84480K)->896K(84480K) Eden: 81920K(81920K)->0K(81920K) From: 2432K(2560K)->896K(2560K)
[14531.072s][info][gc,heap        ] GC(33585) ParOldGen: 272295K(272896K)->274391K(274432K)
[14531.072s][info][gc,metaspace   ] GC(33585) Metaspace: 62322K(62592K)->62322K(62592K) NonClass: 53283K(53440K)->53283K(53440K) Class: 9039K(9152K)->9039K(9152K)
[14531.072s][info][gc             ] GC(33585) Pause Young (Allocation Failure) 348M->268M(350M) 3.558ms
[14531.072s][info][gc,cpu         ] GC(33585) User=0.01s Sys=0.00s Real=0.00s
[14531.502s][info][gc,start       ] GC(33586) Pause Young (Allocation Failure)
[14531.505s][info][gc,heap        ] GC(33586) PSYoungGen: 82816K(84480K)->1408K(84480K) Eden: 81920K(81920K)->0K(81920K) From: 896K(2560K)->1408K(2560K)
[14531.505s][info][gc,heap        ] GC(33586) ParOldGen: 274391K(274432K)->274439K(274944K)
[14531.505s][info][gc,metaspace   ] GC(33586) Metaspace: 62322K(62592K)->62322K(62592K) NonClass: 53283K(53440K)->53283K(53440K) Class: 9039K(9152K)->9039K(9152K)
[14531.505s][info][gc             ] GC(33586) Pause Young (Allocation Failure) 348M->269M(351M) 2.958ms
[14531.505s][info][gc,cpu         ] GC(33586) User=0.01s Sys=0.00s Real=0.00s
[14531.971s][info][gc,start       ] GC(33587) Pause Young (Allocation Failure)
[14531.973s][info][gc,heap        ] GC(33587) PSYoungGen: 83328K(84480K)->928K(84480K) Eden: 81920K(81920K)->0K(81920K) From: 1408K(2560K)->928K(2560K)
[14531.973s][info][gc,heap        ] GC(33587) ParOldGen: 274439K(274944K)->274487K(274944K)
[14531.973s][info][gc,metaspace   ] GC(33587) Metaspace: 62322K(62592K)->62322K(62592K) NonClass: 53283K(53440K)->53283K(53440K) Class: 9039K(9152K)->9039K(9152K)
[14531.973s][info][gc             ] GC(33587) Pause Young (Allocation Failure) 349M->268M(351M) 2.391ms
[14531.973s][info][gc,cpu         ] GC(33587) User=0.00s Sys=0.00s Real=0.00s
[14532.397s][info][gc,start       ] GC(33588) Pause Young (Allocation Failure)
[14532.399s][info][gc,heap        ] GC(33588) PSYoungGen: 82848K(84480K)->1408K(84480K) Eden: 81920K(81920K)->0K(81920K) From: 928K(2560K)->1408K(2560K)
[14532.399s][info][gc,heap        ] GC(33588) ParOldGen: 274487K(274944K)->274535K(274944K)
[14532.399s][info][gc,metaspace   ] GC(33588) Metaspace: 62322K(62592K)->62322K(62592K) NonClass: 53283K(53440K)->53283K(53440K) Class: 9039K(9152K)->9039K(9152K)
[14532.399s][info][gc             ] GC(33588) Pause Young (Allocation Failure) 348M->269M(351M) 2.789ms
[14532.399s][info][gc,cpu         ] GC(33588) User=0.00s Sys=0.00s Real=0.00s
[14532.829s][info][gc,start       ] GC(33589) Pause Young (Allocation Failure)
[14532.831s][info][gc,heap        ] GC(33589) PSYoungGen: 83328K(84480K)->352K(84480K) Eden: 81920K(81920K)->0K(81920K) From: 1408K(2560K)->352K(2560K)
[14532.831s][info][gc,heap        ] GC(33589) ParOldGen: 274535K(274944K)->274583K(274944K)
[14532.831s][info][gc,metaspace   ] GC(33589) Metaspace: 62322K(62592K)->62322K(62592K) NonClass: 53283K(53440K)->53283K(53440K) Class: 9039K(9152K)->9039K(9152K)
[14532.831s][info][gc             ] GC(33589) Pause Young (Allocation Failure) 349M->268M(351M) 1.937ms
[14532.831s][info][gc,cpu         ] GC(33589) User=0.00s Sys=0.00s Real=0.00s
[14533.261s][info][gc,start       ] GC(33590) Pause Young (Allocation Failure)
[14533.264s][info][gc,heap        ] GC(33590) PSYoungGen: 82272K(84480K)->864K(84480K) Eden: 81920K(81920K)->0K(81920K) From: 352K(2560K)->864K(2560K)
[14533.264s][info][gc,heap        ] GC(33590) ParOldGen: 274583K(274944K)->274631K(274944K)
[14533.264s][info][gc,metaspace   ] GC(33590) Metaspace: 62322K(62592K)->62322K(62592K) NonClass: 53283K(53440K)->53283K(53440K) Class: 9039K(9152K)->9039K(9152K)
[14533.264s][info][gc             ] GC(33590) Pause Young (Allocation Failure) 348M->269M(351M) 2.409ms
[14533.264s][info][gc,cpu         ] GC(33590) User=0.01s Sys=0.00s Real=0.00s
[14533.671s][info][gc,start       ] GC(33591) Pause Young (Allocation Failure)
[14533.674s][info][gc,heap        ] GC(33591) PSYoungGen: 82784K(84480K)->960K(84480K) Eden: 81920K(81920K)->0K(81920K) From: 864K(2560K)->960K(2560K)
[14533.674s][info][gc,heap        ] GC(33591) ParOldGen: 274631K(274944K)->274679K(274944K)
[14533.674s][info][gc,metaspace   ] GC(33591) Metaspace: 62322K(62592K)->62322K(62592K) NonClass: 53283K(53440K)->53283K(53440K) Class: 9039K(9152K)->9039K(9152K)
[14533.674s][info][gc             ] GC(33591) Pause Young (Allocation Failure) 349M->269M(351M) 2.518ms
[14533.674s][info][gc,cpu         ] GC(33591) User=0.00s Sys=0.00s Real=0.00s
[14534.119s][info][gc,start       ] GC(33592) Pause Young (Allocation Failure)
[14534.121s][info][gc,heap        ] GC(33592) PSYoungGen: 82880K(84480K)->192K(84480K) Eden: 81920K(81920K)->0K(81920K) From: 960K(2560K)->192K(2560K)
[14534.121s][info][gc,heap        ] GC(33592) ParOldGen: 274679K(274944K)->274727K(274944K)
[14534.121s][info][gc,metaspace   ] GC(33592) Metaspace: 62322K(62592K)->62322K(62592K) NonClass: 53283K(53440K)->53283K(53440K) Class: 9039K(9152K)->9039K(9152K)
[14534.121s][info][gc             ] GC(33592) Pause Young (Allocation Failure) 349M->268M(351M) 1.852ms
[14534.121s][info][gc,cpu         ] GC(33592) User=0.00s Sys=0.00s Real=0.00s
[14534.554s][info][gc,start       ] GC(33593) Pause Young (Allocation Failure)
[14534.556s][info][gc,heap        ] GC(33593) PSYoungGen: 82112K(84480K)->736K(84480K) Eden: 81920K(81920K)->0K(81920K) From: 192K(2560K)->736K(2560K)
[14534.556s][info][gc,heap        ] GC(33593) ParOldGen: 274727K(274944K)->274783K(274944K)
[14534.556s][info][gc,metaspace   ] GC(33593) Metaspace: 62322K(62592K)->62322K(62592K) NonClass: 53283K(53440K)->53283K(53440K) Class: 9039K(9152K)->9039K(9152K)
[14534.556s][info][gc             ] GC(33593) Pause Young (Allocation Failure) 348M->269M(351M) 2.301ms
[14534.556s][info][gc,cpu         ] GC(33593) User=0.00s Sys=0.00s Real=0.00s
[14535.027s][info][gc,start       ] GC(33594) Pause Young (Allocation Failure)
[14535.030s][info][gc,heap        ] GC(33594) PSYoungGen: 82656K(84480K)->2416K(84480K) Eden: 81920K(81920K)->0K(81920K) From: 736K(2560K)->2416K(2560K)
[14535.030s][info][gc,heap        ] GC(33594) ParOldGen: 274783K(274944K)->275863K(276480K)
[14535.030s][info][gc,metaspace   ] GC(33594) Metaspace: 62322K(62592K)->62322K(62592K) NonClass: 53283K(53440K)->53283K(53440K) Class: 9039K(9152K)->9039K(9152K)
[14535.030s][info][gc             ] GC(33594) Pause Young (Allocation Failure) 349M->271M(352M) 2.812ms
[14535.030s][info][gc,cpu         ] GC(33594) User=0.00s Sys=0.00s Real=0.00s
[14535.495s][info][gc,start       ] GC(33595) Pause Young (Allocation Failure)
[14535.500s][info][gc,heap        ] GC(33595) PSYoungGen: 84336K(84480K)->1248K(84480K) Eden: 81920K(81920K)->0K(81920K) From: 2416K(2560K)->1248K(2560K)
[14535.500s][info][gc,heap        ] GC(33595) ParOldGen: 275863K(276480K)->278007K(278016K)
[14535.500s][info][gc,metaspace   ] GC(33595) Metaspace: 62322K(62592K)->62322K(62592K) NonClass: 53283K(53440K)->53283K(53440K) Class: 9039K(9152K)->9039K(9152K)
[14535.500s][info][gc             ] GC(33595) Pause Young (Allocation Failure) 351M->272M(354M) 4.468ms
[14535.500s][info][gc,cpu         ] GC(33595) User=0.00s Sys=0.00s Real=0.01s
[14536.044s][info][gc,start       ] GC(33596) Pause Young (Allocation Failure)
[14536.046s][info][gc,heap        ] GC(33596) PSYoungGen: 83168K(84480K)->544K(84480K) Eden: 81920K(81920K)->0K(81920K) From: 1248K(2560K)->544K(2560K)
[14536.046s][info][gc,heap        ] GC(33596) ParOldGen: 278007K(278016K)->278055K(278528K)
[14536.046s][info][gc,metaspace   ] GC(33596) Metaspace: 62322K(62592K)->62322K(62592K) NonClass: 53283K(53440K)->53283K(53440K) Class: 9039K(9152K)->9039K(9152K)
[14536.046s][info][gc             ] GC(33596) Pause Young (Allocation Failure) 352M->272M(354M) 2.241ms
[14536.046s][info][gc,cpu         ] GC(33596) User=0.00s Sys=0.00s Real=0.00s
[14536.526s][info][gc,start       ] GC(33597) Pause Young (Allocation Failure)
[14536.528s][info][gc,heap        ] GC(33597) PSYoungGen: 82464K(84480K)->320K(84480K) Eden: 81920K(81920K)->0K(81920K) From: 544K(2560K)->320K(2560K)
[14536.528s][info][gc,heap        ] GC(33597) ParOldGen: 278055K(278528K)->278111K(278528K)
[14536.528s][info][gc,metaspace   ] GC(33597) Metaspace: 62322K(62592K)->62322K(62592K) NonClass: 53283K(53440K)->53283K(53440K) Class: 9039K(9152K)->9039K(9152K)
[14536.528s][info][gc             ] GC(33597) Pause Young (Allocation Failure) 352M->271M(354M) 2.047ms
[14536.528s][info][gc,cpu         ] GC(33597) User=0.00s Sys=0.00s Real=0.01s
[14536.906s][info][gc,start       ] GC(33598) Pause Young (Allocation Failure)
[14536.909s][info][gc,heap        ] GC(33598) PSYoungGen: 82240K(84480K)->1728K(84480K) Eden: 81920K(81920K)->0K(81920K) From: 320K(2560K)->1728K(2560K)
[14536.909s][info][gc,heap        ] GC(33598) ParOldGen: 278111K(278528K)->278167K(278528K)
[14536.909s][info][gc,metaspace   ] GC(33598) Metaspace: 62322K(62592K)->62322K(62592K) NonClass: 53283K(53440K)->53283K(53440K) Class: 9039K(9152K)->9039K(9152K)
[14536.909s][info][gc             ] GC(33598) Pause Young (Allocation Failure) 351M->273M(354M) 3.111ms
[14536.909s][info][gc,cpu         ] GC(33598) User=0.00s Sys=0.00s Real=0.01s
[14537.314s][info][gc,start       ] GC(33599) Pause Young (Allocation Failure)
[14537.317s][info][gc,heap        ] GC(33599) PSYoungGen: 83648K(84480K)->1760K(83456K) Eden: 81920K(81920K)->0K(80896K) From: 1728K(2560K)->1760K(2560K)
[14537.317s][info][gc,heap        ] GC(33599) ParOldGen: 278167K(278528K)->278215K(278528K)
[14537.317s][info][gc,metaspace   ] GC(33599) Metaspace: 62322K(62592K)->62322K(62592K) NonClass: 53283K(53440K)->53283K(53440K) Class: 9039K(9152K)->9039K(9152K)
[14537.317s][info][gc             ] GC(33599) Pause Young (Allocation Failure) 353M->273M(353M) 3.317ms
[14537.317s][info][gc,cpu         ] GC(33599) User=0.00s Sys=0.00s Real=0.01s
[14537.786s][info][gc,start       ] GC(33600) Pause Young (Allocation Failure)
[14537.789s][info][gc,heap        ] GC(33600) PSYoungGen: 82656K(83456K)->1024K(83968K) Eden: 80896K(80896K)->0K(80896K) From: 1760K(2560K)->1024K(3072K)
[14537.789s][info][gc,heap        ] GC(33600) ParOldGen: 278215K(278528K)->278271K(278528K)
[14537.789s][info][gc,metaspace   ] GC(33600) Metaspace: 62322K(62592K)->62322K(62592K) NonClass: 53283K(53440K)->53283K(53440K) Class: 9039K(9152K)->9039K(9152K)
[14537.789s][info][gc             ] GC(33600) Pause Young (Allocation Failure) 352M->272M(354M) 2.601ms
[14537.789s][info][gc,cpu         ] GC(33600) User=0.01s Sys=0.00s Real=0.01s
[14538.245s][info][gc,start       ] GC(33601) Pause Young (Allocation Failure)
[14538.248s][info][gc,heap        ] GC(33601) PSYoungGen: 81920K(83968K)->2496K(83456K) Eden: 80896K(80896K)->0K(80896K) From: 1024K(3072K)->2496K(2560K)
[14538.248s][info][gc,heap        ] GC(33601) ParOldGen: 278271K(278528K)->279359K(280064K)
[14538.248s][info][gc,metaspace   ] GC(33601) Metaspace: 62323K(62592K)->62323K(62592K) NonClass: 53283K(53440K)->53283K(53440K) Class: 9039K(9152K)->9039K(9152K)
[14538.248s][info][gc             ] GC(33601) Pause Young (Allocation Failure) 351M->275M(355M) 3.401ms
[14538.248s][info][gc,cpu         ] GC(33601) User=0.01s Sys=0.00s Real=0.01s
[14539.047s][info][gc,start       ] GC(33602) Pause Young (Allocation Failure)
[14539.050s][info][gc,heap        ] GC(33602) PSYoungGen: 83392K(83456K)->640K(83968K) Eden: 80896K(80896K)->0K(80896K) From: 2496K(2560K)->640K(3072K)
[14539.050s][info][gc,heap        ] GC(33602) ParOldGen: 279359K(280064K)->279523K(280064K)
[14539.050s][info][gc,metaspace   ] GC(33602) Metaspace: 62335K(62592K)->62335K(62592K) NonClass: 53295K(53440K)->53295K(53440K) Class: 9039K(9152K)->9039K(9152K)
[14539.050s][info][gc             ] GC(33602) Pause Young (Allocation Failure) 354M->273M(355M) 3.137ms
[14539.051s][info][gc,cpu         ] GC(33602) User=0.01s Sys=0.00s Real=0.00s
[14539.587s][info][gc,start       ] GC(33603) Pause Young (Allocation Failure)
[14539.589s][info][gc,heap        ] GC(33603) PSYoungGen: 81536K(83968K)->1056K(83968K) Eden: 80896K(80896K)->0K(80896K) From: 640K(3072K)->1056K(3072K)
[14539.589s][info][gc,heap        ] GC(33603) ParOldGen: 279523K(280064K)->279703K(280064K)
[14539.589s][info][gc,metaspace   ] GC(33603) Metaspace: 62335K(62592K)->62335K(62592K) NonClass: 53295K(53440K)->53295K(53440K) Class: 9039K(9152K)->9039K(9152K)
[14539.589s][info][gc             ] GC(33603) Pause Young (Allocation Failure) 352M->274M(355M) 2.768ms
[14539.589s][info][gc,cpu         ] GC(33603) User=0.00s Sys=0.00s Real=0.00s
[14540.007s][info][gc,start       ] GC(33604) Pause Young (Allocation Failure)
[14540.010s][info][gc,heap        ] GC(33604) PSYoungGen: 81952K(83968K)->1664K(83968K) Eden: 80896K(80896K)->0K(80896K) From: 1056K(3072K)->1664K(3072K)
[14540.010s][info][gc,heap        ] GC(33604) ParOldGen: 279703K(280064K)->279767K(280064K)
[14540.010s][info][gc,metaspace   ] GC(33604) Metaspace: 62335K(62592K)->62335K(62592K) NonClass: 53295K(53440K)->53295K(53440K) Class: 9039K(9152K)->9039K(9152K)
[14540.010s][info][gc             ] GC(33604) Pause Young (Allocation Failure) 353M->274M(355M) 3.073ms
[14540.010s][info][gc,cpu         ] GC(33604) User=0.01s Sys=0.00s Real=0.00s
[14540.399s][info][gc,start       ] GC(33605) Pause Young (Allocation Failure)
[14540.401s][info][gc,heap        ] GC(33605) PSYoungGen: 82560K(83968K)->1600K(83968K) Eden: 80896K(80896K)->0K(80896K) From: 1664K(3072K)->1600K(3072K)
[14540.402s][info][gc,heap        ] GC(33605) ParOldGen: 279767K(280064K)->279823K(280064K)
[14540.402s][info][gc,metaspace   ] GC(33605) Metaspace: 62335K(62592K)->62335K(62592K) NonClass: 53295K(53440K)->53295K(53440K) Class: 9039K(9152K)->9039K(9152K)
[14540.402s][info][gc             ] GC(33605) Pause Young (Allocation Failure) 353M->274M(355M) 3.005ms
[14540.402s][info][gc,cpu         ] GC(33605) User=0.00s Sys=0.00s Real=0.00s
[14540.820s][info][gc,start       ] GC(33606) Pause Young (Allocation Failure)
[14540.822s][info][gc,heap        ] GC(33606) PSYoungGen: 82496K(83968K)->224K(83968K) Eden: 80896K(80896K)->0K(80896K) From: 1600K(3072K)->224K(3072K)
[14540.822s][info][gc,heap        ] GC(33606) ParOldGen: 279823K(280064K)->279879K(280064K)
[14540.822s][info][gc,metaspace   ] GC(33606) Metaspace: 62335K(62592K)->62335K(62592K) NonClass: 53295K(53440K)->53295K(53440K) Class: 9039K(9152K)->9039K(9152K)
[14540.822s][info][gc             ] GC(33606) Pause Young (Allocation Failure) 353M->273M(355M) 1.888ms
[14540.822s][info][gc,cpu         ] GC(33606) User=0.01s Sys=0.00s Real=0.00s
[14541.242s][info][gc,start       ] GC(33607) Pause Young (Allocation Failure)
[14541.244s][info][gc,heap        ] GC(33607) PSYoungGen: 81120K(83968K)->608K(83968K) Eden: 80896K(80896K)->0K(80896K) From: 224K(3072K)->608K(3072K)
[14541.244s][info][gc,heap        ] GC(33607) ParOldGen: 279879K(280064K)->279935K(280064K)
[14541.245s][info][gc,metaspace   ] GC(33607) Metaspace: 62335K(62592K)->62335K(62592K) NonClass: 53295K(53440K)->53295K(53440K) Class: 9039K(9152K)->9039K(9152K)
[14541.245s][info][gc             ] GC(33607) Pause Young (Allocation Failure) 352M->273M(355M) 2.123ms
[14541.245s][info][gc,cpu         ] GC(33607) User=0.01s Sys=0.00s Real=0.00s
[14541.612s][info][gc,start       ] GC(33608) Pause Young (Allocation Failure)
[14541.616s][info][gc,heap        ] GC(33608) PSYoungGen: 81504K(83968K)->1792K(83968K) Eden: 80896K(80896K)->0K(80896K) From: 608K(3072K)->1792K(3072K)
[14541.616s][info][gc,heap        ] GC(33608) ParOldGen: 279935K(280064K)->279983K(280064K)
[14541.616s][info][gc,metaspace   ] GC(33608) Metaspace: 62335K(62592K)->62335K(62592K) NonClass: 53295K(53440K)->53295K(53440K) Class: 9039K(9152K)->9039K(9152K)
[14541.616s][info][gc             ] GC(33608) Pause Young (Allocation Failure) 352M->275M(355M) 3.292ms
[14541.616s][info][gc,cpu         ] GC(33608) User=0.00s Sys=0.00s Real=0.00s
[14542.056s][info][gc,start       ] GC(33609) Pause Young (Allocation Failure)
[14542.058s][info][gc,heap        ] GC(33609) PSYoungGen: 82688K(83968K)->736K(83968K) Eden: 80896K(80896K)->0K(80896K) From: 1792K(3072K)->736K(3072K)
[14542.058s][info][gc,heap        ] GC(33609) ParOldGen: 279983K(280064K)->280039K(280064K)
[14542.058s][info][gc,metaspace   ] GC(33609) Metaspace: 62335K(62592K)->62335K(62592K) NonClass: 53295K(53440K)->53295K(53440K) Class: 9039K(9152K)->9039K(9152K)
[14542.058s][info][gc             ] GC(33609) Pause Young (Allocation Failure) 354M->274M(355M) 2.287ms
[14542.058s][info][gc,cpu         ] GC(33609) User=0.00s Sys=0.00s Real=0.01s
[14542.507s][info][gc,start       ] GC(33610) Pause Young (Allocation Failure)
[14542.510s][info][gc,heap        ] GC(33610) PSYoungGen: 81632K(83968K)->1504K(83968K) Eden: 80896K(80896K)->0K(80896K) From: 736K(3072K)->1504K(3072K)
[14542.510s][info][gc,heap        ] GC(33610) ParOldGen: 280039K(280064K)->280095K(280576K)
[14542.510s][info][gc,metaspace   ] GC(33610) Metaspace: 62335K(62592K)->62335K(62592K) NonClass: 53295K(53440K)->53295K(53440K) Class: 9039K(9152K)->9039K(9152K)
[14542.510s][info][gc             ] GC(33610) Pause Young (Allocation Failure) 353M->274M(356M) 3.006ms
[14542.510s][info][gc,cpu         ] GC(33610) User=0.01s Sys=0.00s Real=0.00s
[14543.008s][info][gc,start       ] GC(33611) Pause Young (Allocation Failure)
[14543.012s][info][gc,heap        ] GC(33611) PSYoungGen: 82400K(83968K)->2480K(83968K) Eden: 80896K(80896K)->0K(80896K) From: 1504K(3072K)->2480K(3072K)
[14543.012s][info][gc,heap        ] GC(33611) ParOldGen: 280095K(280576K)->282199K(283648K)
[14543.012s][info][gc,metaspace   ] GC(33611) Metaspace: 62335K(62592K)->62335K(62592K) NonClass: 53295K(53440K)->53295K(53440K) Class: 9039K(9152K)->9039K(9152K)
[14543.012s][info][gc             ] GC(33611) Pause Young (Allocation Failure) 353M->278M(359M) 4.136ms
[14543.012s][info][gc,cpu         ] GC(33611) User=0.01s Sys=0.00s Real=0.00s
[14543.467s][info][gc,start       ] GC(33612) Pause Young (Allocation Failure)
[14543.470s][info][gc,heap        ] GC(33612) PSYoungGen: 83376K(83968K)->896K(83968K) Eden: 80896K(80896K)->0K(80896K) From: 2480K(3072K)->896K(3072K)
[14543.470s][info][gc,heap        ] GC(33612) ParOldGen: 282199K(283648K)->283327K(283648K)
[14543.470s][info][gc,metaspace   ] GC(33612) Metaspace: 62335K(62592K)->62335K(62592K) NonClass: 53295K(53440K)->53295K(53440K) Class: 9039K(9152K)->9039K(9152K)
[14543.470s][info][gc             ] GC(33612) Pause Young (Allocation Failure) 357M->277M(359M) 3.251ms
[14543.470s][info][gc,cpu         ] GC(33612) User=0.01s Sys=0.00s Real=0.00s
[14543.894s][info][gc,start       ] GC(33613) Pause Young (Allocation Failure)
[14543.897s][info][gc,heap        ] GC(33613) PSYoungGen: 81792K(83968K)->1344K(83968K) Eden: 80896K(80896K)->0K(80896K) From: 896K(3072K)->1344K(3072K)
[14543.897s][info][gc,heap        ] GC(33613) ParOldGen: 283327K(283648K)->283383K(283648K)
[14543.897s][info][gc,metaspace   ] GC(33613) Metaspace: 62335K(62592K)->62335K(62592K) NonClass: 53295K(53440K)->53295K(53440K) Class: 9039K(9152K)->9039K(9152K)
[14543.897s][info][gc             ] GC(33613) Pause Young (Allocation Failure) 356M->278M(359M) 2.875ms
[14543.897s][info][gc,cpu         ] GC(33613) User=0.01s Sys=0.00s Real=0.01s
[14544.310s][info][gc,start       ] GC(33614) Pause Young (Allocation Failure)
[14544.313s][info][gc,heap        ] GC(33614) PSYoungGen: 82240K(83968K)->1600K(83968K) Eden: 80896K(80896K)->0K(80896K) From: 1344K(3072K)->1600K(3072K)
[14544.313s][info][gc,heap        ] GC(33614) ParOldGen: 283383K(283648K)->283439K(283648K)
[14544.313s][info][gc,metaspace   ] GC(33614) Metaspace: 62335K(62592K)->62335K(62592K) NonClass: 53295K(53440K)->53295K(53440K) Class: 9039K(9152K)->9039K(9152K)
[14544.313s][info][gc             ] GC(33614) Pause Young (Allocation Failure) 357M->278M(359M) 3.079ms
[14544.313s][info][gc,cpu         ] GC(33614) User=0.00s Sys=0.00s Real=0.00s
[14544.750s][info][gc,start       ] GC(33615) Pause Young (Allocation Failure)
[14544.752s][info][gc,heap        ] GC(33615) PSYoungGen: 82496K(83968K)->672K(83968K) Eden: 80896K(80896K)->0K(80896K) From: 1600K(3072K)->672K(3072K)
[14544.752s][info][gc,heap        ] GC(33615) ParOldGen: 283439K(283648K)->283495K(283648K)
[14544.752s][info][gc,metaspace   ] GC(33615) Metaspace: 62335K(62592K)->62335K(62592K) NonClass: 53295K(53440K)->53295K(53440K) Class: 9039K(9152K)->9039K(9152K)
[14544.752s][info][gc             ] GC(33615) Pause Young (Allocation Failure) 357M->277M(359M) 2.185ms
[14544.752s][info][gc,cpu         ] GC(33615) User=0.01s Sys=0.00s Real=0.00s
[14545.190s][info][gc,start       ] GC(33616) Pause Young (Allocation Failure)
[14545.192s][info][gc,heap        ] GC(33616) PSYoungGen: 81568K(83968K)->1152K(83968K) Eden: 80896K(80896K)->0K(80896K) From: 672K(3072K)->1152K(3072K)
[14545.192s][info][gc,heap        ] GC(33616) ParOldGen: 283495K(283648K)->283551K(283648K)
[14545.192s][info][gc,metaspace   ] GC(33616) Metaspace: 62335K(62592K)->62335K(62592K) NonClass: 53295K(53440K)->53295K(53440K) Class: 9039K(9152K)->9039K(9152K)
[14545.192s][info][gc             ] GC(33616) Pause Young (Allocation Failure) 356M->278M(359M) 2.715ms
[14545.192s][info][gc,cpu         ] GC(33616) User=0.00s Sys=0.00s Real=0.00s
[14545.646s][info][gc,start       ] GC(33617) Pause Young (Allocation Failure)
[14545.649s][info][gc,heap        ] GC(33617) PSYoungGen: 82048K(83968K)->608K(84480K) Eden: 80896K(80896K)->0K(81408K) From: 1152K(3072K)->608K(3072K)
[14545.649s][info][gc,heap        ] GC(33617) ParOldGen: 283551K(283648K)->283607K(283648K)
[14545.649s][info][gc,metaspace   ] GC(33617) Metaspace: 62335K(62592K)->62335K(62592K) NonClass: 53295K(53440K)->53295K(53440K) Class: 9039K(9152K)->9039K(9152K)
[14545.649s][info][gc             ] GC(33617) Pause Young (Allocation Failure) 357M->277M(359M) 2.167ms
[14545.649s][info][gc,cpu         ] GC(33617) User=0.00s Sys=0.00s Real=0.00s
[14546.076s][info][gc,start       ] GC(33618) Pause Young (Allocation Failure)
[14546.079s][info][gc,heap        ] GC(33618) PSYoungGen: 82016K(84480K)->1056K(83968K) Eden: 81408K(81408K)->0K(81408K) From: 608K(3072K)->1056K(2560K)
[14546.079s][info][gc,heap        ] GC(33618) ParOldGen: 283607K(283648K)->283663K(284160K)
[14546.079s][info][gc,metaspace   ] GC(33618) Metaspace: 62335K(62592K)->62335K(62592K) NonClass: 53295K(53440K)->53295K(53440K) Class: 9039K(9152K)->9039K(9152K)
[14546.079s][info][gc             ] GC(33618) Pause Young (Allocation Failure) 357M->278M(359M) 2.773ms
[14546.079s][info][gc,cpu         ] GC(33618) User=0.00s Sys=0.00s Real=0.01s
[14546.506s][info][gc,start       ] GC(33619) Pause Young (Allocation Failure)
[14546.509s][info][gc,heap        ] GC(33619) PSYoungGen: 82464K(83968K)->1504K(84480K) Eden: 81408K(81408K)->0K(81920K) From: 1056K(2560K)->1504K(2560K)
[14546.509s][info][gc,heap        ] GC(33619) ParOldGen: 283663K(284160K)->283719K(284160K)
[14546.509s][info][gc,metaspace   ] GC(33619) Metaspace: 62335K(62592K)->62335K(62592K) NonClass: 53295K(53440K)->53295K(53440K) Class: 9039K(9152K)->9039K(9152K)
[14546.509s][info][gc             ] GC(33619) Pause Young (Allocation Failure) 357M->278M(360M) 3.045ms
[14546.509s][info][gc,cpu         ] GC(33619) User=0.01s Sys=0.00s Real=0.01s
[14546.928s][info][gc,start       ] GC(33620) Pause Young (Allocation Failure)
[14546.930s][info][gc,heap        ] GC(33620) PSYoungGen: 83424K(84480K)->320K(84480K) Eden: 81920K(81920K)->0K(81920K) From: 1504K(2560K)->320K(2560K)
[14546.930s][info][gc,heap        ] GC(33620) ParOldGen: 283719K(284160K)->283775K(284160K)
[14546.930s][info][gc,metaspace   ] GC(33620) Metaspace: 62335K(62592K)->62335K(62592K) NonClass: 53295K(53440K)->53295K(53440K) Class: 9039K(9152K)->9039K(9152K)
[14546.930s][info][gc             ] GC(33620) Pause Young (Allocation Failure) 358M->277M(360M) 2.001ms
[14546.930s][info][gc,cpu         ] GC(33620) User=0.01s Sys=0.00s Real=0.00s
[14547.369s][info][gc,start       ] GC(33621) Pause Young (Allocation Failure)
[14547.372s][info][gc,heap        ] GC(33621) PSYoungGen: 82240K(84480K)->832K(84480K) Eden: 81920K(81920K)->0K(81920K) From: 320K(2560K)->832K(2560K)
[14547.372s][info][gc,heap        ] GC(33621) ParOldGen: 283775K(284160K)->283831K(284160K)
[14547.372s][info][gc,metaspace   ] GC(33621) Metaspace: 62335K(62592K)->62335K(62592K) NonClass: 53295K(53440K)->53295K(53440K) Class: 9039K(9152K)->9039K(9152K)
[14547.372s][info][gc             ] GC(33621) Pause Young (Allocation Failure) 357M->277M(360M) 2.511ms
[14547.372s][info][gc,cpu         ] GC(33621) User=0.01s Sys=0.00s Real=0.00s
[14547.809s][info][gc,start       ] GC(33622) Pause Young (Allocation Failure)
[14547.812s][info][gc,heap        ] GC(33622) PSYoungGen: 82752K(84480K)->1536K(84480K) Eden: 81920K(81920K)->0K(81920K) From: 832K(2560K)->1536K(2560K)
[14547.812s][info][gc,heap        ] GC(33622) ParOldGen: 283831K(284160K)->283887K(284160K)
[14547.812s][info][gc,metaspace   ] GC(33622) Metaspace: 62335K(62592K)->62335K(62592K) NonClass: 53295K(53440K)->53295K(53440K) Class: 9039K(9152K)->9039K(9152K)
[14547.812s][info][gc             ] GC(33622) Pause Young (Allocation Failure) 357M->278M(360M) 3.087ms
[14547.812s][info][gc,cpu         ] GC(33622) User=0.01s Sys=0.00s Real=0.00s
[14548.246s][info][gc,start       ] GC(33623) Pause Young (Allocation Failure)
[14548.248s][info][gc,heap        ] GC(33623) PSYoungGen: 83456K(84480K)->640K(84480K) Eden: 81920K(81920K)->0K(81920K) From: 1536K(2560K)->640K(2560K)
[14548.248s][info][gc,heap        ] GC(33623) ParOldGen: 283887K(284160K)->283935K(284160K)
[14548.248s][info][gc,metaspace   ] GC(33623) Metaspace: 62335K(62592K)->62335K(62592K) NonClass: 53295K(53440K)->53295K(53440K) Class: 9039K(9152K)->9039K(9152K)
[14548.248s][info][gc             ] GC(33623) Pause Young (Allocation Failure) 358M->277M(360M) 2.280ms
[14548.248s][info][gc,cpu         ] GC(33623) User=0.01s Sys=0.00s Real=0.01s
[14548.704s][info][gc,start       ] GC(33624) Pause Young (Allocation Failure)
[14548.707s][info][gc,heap        ] GC(33624) PSYoungGen: 82560K(84480K)->1408K(84480K) Eden: 81920K(81920K)->0K(81920K) From: 640K(2560K)->1408K(2560K)
[14548.708s][info][gc,heap        ] GC(33624) ParOldGen: 283935K(284160K)->283983K(284160K)
[14548.708s][info][gc,metaspace   ] GC(33624) Metaspace: 62335K(62592K)->62335K(62592K) NonClass: 53295K(53440K)->53295K(53440K) Class: 9039K(9152K)->9039K(9152K)
[14548.708s][info][gc             ] GC(33624) Pause Young (Allocation Failure) 357M->278M(360M) 3.145ms
[14548.708s][info][gc,cpu         ] GC(33624) User=0.01s Sys=0.00s Real=0.01s
[14549.148s][info][gc,start       ] GC(33625) Pause Young (Allocation Failure)
[14549.150s][info][gc,heap        ] GC(33625) PSYoungGen: 83328K(84480K)->576K(84480K) Eden: 81920K(81920K)->0K(81920K) From: 1408K(2560K)->576K(2560K)
[14549.150s][info][gc,heap        ] GC(33625) ParOldGen: 283983K(284160K)->284039K(284160K)
[14549.150s][info][gc,metaspace   ] GC(33625) Metaspace: 62335K(62592K)->62335K(62592K) NonClass: 53295K(53440K)->53295K(53440K) Class: 9039K(9152K)->9039K(9152K)
[14549.150s][info][gc             ] GC(33625) Pause Young (Allocation Failure) 358M->277M(360M) 2.397ms
[14549.150s][info][gc,cpu         ] GC(33625) User=0.00s Sys=0.00s Real=0.00s
[14549.615s][info][gc,start       ] GC(33626) Pause Young (Allocation Failure)
[14549.618s][info][gc,heap        ] GC(33626) PSYoungGen: 82496K(84480K)->1472K(84480K) Eden: 81920K(81920K)->0K(81920K) From: 576K(2560K)->1472K(2560K)
[14549.618s][info][gc,heap        ] GC(33626) ParOldGen: 284039K(284160K)->284095K(284160K)
[14549.618s][info][gc,metaspace   ] GC(33626) Metaspace: 62335K(62592K)->62335K(62592K) NonClass: 53295K(53440K)->53295K(53440K) Class: 9039K(9152K)->9039K(9152K)
[14549.618s][info][gc             ] GC(33626) Pause Young (Allocation Failure) 357M->278M(360M) 3.259ms
[14549.618s][info][gc,cpu         ] GC(33626) User=0.01s Sys=0.00s Real=0.01s
[14550.028s][info][gc,start       ] GC(33627) Pause Young (Allocation Failure)
[14550.030s][info][gc,heap        ] GC(33627) PSYoungGen: 83392K(84480K)->352K(84480K) Eden: 81920K(81920K)->0K(81920K) From: 1472K(2560K)->352K(2560K)
[14550.030s][info][gc,heap        ] GC(33627) ParOldGen: 284095K(284160K)->284143K(284160K)
[14550.030s][info][gc,metaspace   ] GC(33627) Metaspace: 62335K(62592K)->62335K(62592K) NonClass: 53295K(53440K)->53295K(53440K) Class: 9039K(9152K)->9039K(9152K)
[14550.030s][info][gc             ] GC(33627) Pause Young (Allocation Failure) 358M->277M(360M) 2.057ms
[14550.030s][info][gc,cpu         ] GC(33627) User=0.00s Sys=0.00s Real=0.00s
[14550.530s][info][gc,start       ] GC(33628) Pause Young (Allocation Failure)
[14550.532s][info][gc,heap        ] GC(33628) PSYoungGen: 82272K(84480K)->400K(84480K) Eden: 81920K(81920K)->0K(81920K) From: 352K(2560K)->400K(2560K)
[14550.532s][info][gc,heap        ] GC(33628) ParOldGen: 284143K(284160K)->284191K(284672K)
[14550.532s][info][gc,metaspace   ] GC(33628) Metaspace: 62335K(62592K)->62335K(62592K) NonClass: 53295K(53440K)->53295K(53440K) Class: 9039K(9152K)->9039K(9152K)
[14550.532s][info][gc             ] GC(33628) Pause Young (Allocation Failure) 357M->277M(360M) 2.210ms
[14550.532s][info][gc,cpu         ] GC(33628) User=0.00s Sys=0.00s Real=0.00s
[14550.954s][info][gc,start       ] GC(33629) Pause Young (Allocation Failure)
[14550.957s][info][gc,heap        ] GC(33629) PSYoungGen: 82320K(84480K)->832K(84480K) Eden: 81920K(81920K)->0K(81920K) From: 400K(2560K)->832K(2560K)
[14550.957s][info][gc,heap        ] GC(33629) ParOldGen: 284191K(284672K)->284295K(284672K)
[14550.957s][info][gc,metaspace   ] GC(33629) Metaspace: 62335K(62592K)->62335K(62592K) NonClass: 53295K(53440K)->53295K(53440K) Class: 9039K(9152K)->9039K(9152K)
[14550.957s][info][gc             ] GC(33629) Pause Young (Allocation Failure) 357M->278M(360M) 2.558ms
[14550.957s][info][gc,cpu         ] GC(33629) User=0.01s Sys=0.00s Real=0.01s
[14551.427s][info][gc,start       ] GC(33630) Pause Young (Allocation Failure)
[14551.429s][info][gc,heap        ] GC(33630) PSYoungGen: 82752K(84480K)->288K(84480K) Eden: 81920K(81920K)->0K(81920K) From: 832K(2560K)->288K(2560K)
[14551.429s][info][gc,heap        ] GC(33630) ParOldGen: 284295K(284672K)->284343K(284672K)
[14551.429s][info][gc,metaspace   ] GC(33630) Metaspace: 62335K(62592K)->62335K(62592K) NonClass: 53295K(53440K)->53295K(53440K) Class: 9039K(9152K)->9039K(9152K)
[14551.429s][info][gc             ] GC(33630) Pause Young (Allocation Failure) 358M->277M(360M) 1.996ms
[14551.429s][info][gc,cpu         ] GC(33630) User=0.00s Sys=0.00s Real=0.00s
[14551.894s][info][gc,start       ] GC(33631) Pause Young (Allocation Failure)
[14551.897s][info][gc,heap        ] GC(33631) PSYoungGen: 82208K(84480K)->1184K(84480K) Eden: 81920K(81920K)->0K(81920K) From: 288K(2560K)->1184K(2560K)
[14551.897s][info][gc,heap        ] GC(33631) ParOldGen: 284343K(284672K)->284391K(284672K)
[14551.897s][info][gc,metaspace   ] GC(33631) Metaspace: 62335K(62592K)->62335K(62592K) NonClass: 53295K(53440K)->53295K(53440K) Class: 9039K(9152K)->9039K(9152K)
[14551.897s][info][gc             ] GC(33631) Pause Young (Allocation Failure) 357M->278M(360M) 2.859ms
[14551.897s][info][gc,cpu         ] GC(33631) User=0.00s Sys=0.00s Real=0.01s
[14552.330s][info][gc,start       ] GC(33632) Pause Young (Allocation Failure)
[14552.333s][info][gc,heap        ] GC(33632) PSYoungGen: 83104K(84480K)->2464K(84480K) Eden: 81920K(81920K)->0K(81920K) From: 1184K(2560K)->2464K(2560K)
[14552.333s][info][gc,heap        ] GC(33632) ParOldGen: 284391K(284672K)->284439K(284672K)
[14552.333s][info][gc,metaspace   ] GC(33632) Metaspace: 62335K(62592K)->62335K(62592K) NonClass: 53295K(53440K)->53295K(53440K) Class: 9039K(9152K)->9039K(9152K)
[14552.333s][info][gc             ] GC(33632) Pause Young (Allocation Failure) 358M->280M(360M) 2.732ms
[14552.333s][info][gc,cpu         ] GC(33632) User=0.01s Sys=0.00s Real=0.00s
[14552.810s][info][gc,start       ] GC(33633) Pause Young (Allocation Failure)
[14552.814s][info][gc,heap        ] GC(33633) PSYoungGen: 84384K(84480K)->1408K(83456K) Eden: 81920K(81920K)->0K(80896K) From: 2464K(2560K)->1408K(2560K)
[14552.814s][info][gc,heap        ] GC(33633) ParOldGen: 284439K(284672K)->286543K(287744K)
[14552.814s][info][gc,metaspace   ] GC(33633) Metaspace: 62335K(62592K)->62335K(62592K) NonClass: 53295K(53440K)->53295K(53440K) Class: 9039K(9152K)->9039K(9152K)
[14552.814s][info][gc             ] GC(33633) Pause Young (Allocation Failure) 360M->281M(362M) 4.241ms
[14552.814s][info][gc,cpu         ] GC(33633) User=0.01s Sys=0.01s Real=0.00s
[14553.292s][info][gc,start       ] GC(33634) Pause Young (Allocation Failure)
[14553.295s][info][gc,heap        ] GC(33634) PSYoungGen: 82304K(83456K)->1184K(83968K) Eden: 80896K(80896K)->0K(80896K) From: 1408K(2560K)->1184K(3072K)
[14553.295s][info][gc,heap        ] GC(33634) ParOldGen: 286543K(287744K)->286599K(287744K)
[14553.295s][info][gc,metaspace   ] GC(33634) Metaspace: 62335K(62592K)->62335K(62592K) NonClass: 53295K(53440K)->53295K(53440K) Class: 9039K(9152K)->9039K(9152K)
[14553.295s][info][gc             ] GC(33634) Pause Young (Allocation Failure) 360M->281M(363M) 2.848ms
[14553.295s][info][gc,cpu         ] GC(33634) User=0.00s Sys=0.00s Real=0.00s
[14553.759s][info][gc,start       ] GC(33635) Pause Young (Allocation Failure)
[14553.762s][info][gc,heap        ] GC(33635) PSYoungGen: 82080K(83968K)->768K(84480K) Eden: 80896K(80896K)->0K(81920K) From: 1184K(3072K)->768K(2560K)
[14553.762s][info][gc,heap        ] GC(33635) ParOldGen: 286599K(287744K)->286655K(287744K)
[14553.762s][info][gc,metaspace   ] GC(33635) Metaspace: 62335K(62592K)->62335K(62592K) NonClass: 53295K(53440K)->53295K(53440K) Class: 9039K(9152K)->9039K(9152K)
[14553.762s][info][gc             ] GC(33635) Pause Young (Allocation Failure) 360M->280M(363M) 2.561ms
[14553.762s][info][gc,cpu         ] GC(33635) User=0.00s Sys=0.00s Real=0.00s
[14554.224s][info][gc,start       ] GC(33636) Pause Young (Allocation Failure)
[14554.226s][info][gc,heap        ] GC(33636) PSYoungGen: 82688K(84480K)->256K(84480K) Eden: 81920K(81920K)->0K(81920K) From: 768K(2560K)->256K(2560K)
[14554.226s][info][gc,heap        ] GC(33636) ParOldGen: 286655K(287744K)->286703K(287744K)
[14554.226s][info][gc,metaspace   ] GC(33636) Metaspace: 62335K(62592K)->62335K(62592K) NonClass: 53295K(53440K)->53295K(53440K) Class: 9039K(9152K)->9039K(9152K)
[14554.226s][info][gc             ] GC(33636) Pause Young (Allocation Failure) 360M->280M(363M) 1.893ms
[14554.226s][info][gc,cpu         ] GC(33636) User=0.00s Sys=0.00s Real=0.00s
[14554.657s][info][gc,start       ] GC(33637) Pause Young (Allocation Failure)
[14554.660s][info][gc,heap        ] GC(33637) PSYoungGen: 82176K(84480K)->832K(84480K) Eden: 81920K(81920K)->0K(81920K) From: 256K(2560K)->832K(2560K)
[14554.660s][info][gc,heap        ] GC(33637) ParOldGen: 286703K(287744K)->286759K(287744K)
[14554.660s][info][gc,metaspace   ] GC(33637) Metaspace: 62335K(62592K)->62335K(62592K) NonClass: 53295K(53440K)->53295K(53440K) Class: 9039K(9152K)->9039K(9152K)
[14554.660s][info][gc             ] GC(33637) Pause Young (Allocation Failure) 360M->280M(363M) 2.553ms
[14554.660s][info][gc,cpu         ] GC(33637) User=0.00s Sys=0.00s Real=0.00s
[14555.064s][info][gc,start       ] GC(33638) Pause Young (Allocation Failure)
[14555.066s][info][gc,heap        ] GC(33638) PSYoungGen: 82752K(84480K)->928K(84480K) Eden: 81920K(81920K)->0K(81920K) From: 832K(2560K)->928K(2560K)
[14555.066s][info][gc,heap        ] GC(33638) ParOldGen: 286759K(287744K)->286807K(287744K)
[14555.066s][info][gc,metaspace   ] GC(33638) Metaspace: 62335K(62592K)->62335K(62592K) NonClass: 53295K(53440K)->53295K(53440K) Class: 9039K(9152K)->9039K(9152K)
[14555.066s][info][gc             ] GC(33638) Pause Young (Allocation Failure) 360M->280M(363M) 2.385ms
[14555.066s][info][gc,cpu         ] GC(33638) User=0.01s Sys=0.00s Real=0.00s
[14555.473s][info][gc,start       ] GC(33639) Pause Young (Allocation Failure)
[14555.476s][info][gc,heap        ] GC(33639) PSYoungGen: 82848K(84480K)->1120K(84480K) Eden: 81920K(81920K)->0K(81920K) From: 928K(2560K)->1120K(2560K)
[14555.476s][info][gc,heap        ] GC(33639) ParOldGen: 286807K(287744K)->286855K(287744K)
[14555.476s][info][gc,metaspace   ] GC(33639) Metaspace: 62335K(62592K)->62335K(62592K) NonClass: 53295K(53440K)->53295K(53440K) Class: 9039K(9152K)->9039K(9152K)
[14555.476s][info][gc             ] GC(33639) Pause Young (Allocation Failure) 360M->281M(363M) 2.598ms
[14555.476s][info][gc,cpu         ] GC(33639) User=0.00s Sys=0.00s Real=0.00s
[14555.877s][info][gc,start       ] GC(33640) Pause Young (Allocation Failure)
[14555.880s][info][gc,heap        ] GC(33640) PSYoungGen: 83040K(84480K)->1120K(84480K) Eden: 81920K(81920K)->0K(81920K) From: 1120K(2560K)->1120K(2560K)
[14555.880s][info][gc,heap        ] GC(33640) ParOldGen: 286855K(287744K)->286903K(287744K)
[14555.880s][info][gc,metaspace   ] GC(33640) Metaspace: 62335K(62592K)->62335K(62592K) NonClass: 53295K(53440K)->53295K(53440K) Class: 9039K(9152K)->9039K(9152K)
[14555.880s][info][gc             ] GC(33640) Pause Young (Allocation Failure) 361M->281M(363M) 2.542ms
[14555.880s][info][gc,cpu         ] GC(33640) User=0.00s Sys=0.00s Real=0.00s
[14556.297s][info][gc,start       ] GC(33641) Pause Young (Allocation Failure)
[14556.300s][info][gc,heap        ] GC(33641) PSYoungGen: 83040K(84480K)->1408K(83968K) Eden: 81920K(81920K)->0K(81920K) From: 1120K(2560K)->1408K(2048K)
[14556.300s][info][gc,heap        ] GC(33641) ParOldGen: 286903K(287744K)->286959K(287744K)
[14556.300s][info][gc,metaspace   ] GC(33641) Metaspace: 62335K(62592K)->62335K(62592K) NonClass: 53295K(53440K)->53295K(53440K) Class: 9039K(9152K)->9039K(9152K)
[14556.300s][info][gc             ] GC(33641) Pause Young (Allocation Failure) 361M->281M(363M) 2.825ms
[14556.300s][info][gc,cpu         ] GC(33641) User=0.01s Sys=0.00s Real=0.00s
[14556.700s][info][gc,start       ] GC(33642) Pause Young (Allocation Failure)
[14556.703s][info][gc,heap        ] GC(33642) PSYoungGen: 83328K(83968K)->1568K(84480K) Eden: 81920K(81920K)->0K(81920K) From: 1408K(2048K)->1568K(2560K)
[14556.703s][info][gc,heap        ] GC(33642) ParOldGen: 286959K(287744K)->287007K(287744K)
[14556.703s][info][gc,metaspace   ] GC(33642) Metaspace: 62335K(62592K)->62335K(62592K) NonClass: 53295K(53440K)->53295K(53440K) Class: 9039K(9152K)->9039K(9152K)
[14556.703s][info][gc             ] GC(33642) Pause Young (Allocation Failure) 361M->281M(363M) 3.001ms
[14556.703s][info][gc,cpu         ] GC(33642) User=0.01s Sys=0.00s Real=0.00s
[14557.120s][info][gc,start       ] GC(33643) Pause Young (Allocation Failure)
[14557.122s][info][gc,heap        ] GC(33643) PSYoungGen: 83488K(84480K)->2272K(84480K) Eden: 81920K(81920K)->0K(81920K) From: 1568K(2560K)->2272K(2560K)
[14557.122s][info][gc,heap        ] GC(33643) ParOldGen: 287007K(287744K)->287063K(287744K)
[14557.122s][info][gc,metaspace   ] GC(33643) Metaspace: 62335K(62592K)->62335K(62592K) NonClass: 53295K(53440K)->53295K(53440K) Class: 9039K(9152K)->9039K(9152K)
[14557.122s][info][gc             ] GC(33643) Pause Young (Allocation Failure) 361M->282M(363M) 2.115ms
[14557.122s][info][gc,cpu         ] GC(33643) User=0.01s Sys=0.00s Real=0.00s
[14557.559s][info][gc,start       ] GC(33644) Pause Young (Allocation Failure)
[14557.562s][info][gc,heap        ] GC(33644) PSYoungGen: 84192K(84480K)->800K(84480K) Eden: 81920K(81920K)->0K(81920K) From: 2272K(2560K)->800K(2560K)
[14557.562s][info][gc,heap        ] GC(33644) ParOldGen: 287063K(287744K)->289159K(289280K)
[14557.562s][info][gc,metaspace   ] GC(33644) Metaspace: 62335K(62592K)->62335K(62592K) NonClass: 53295K(53440K)->53295K(53440K) Class: 9039K(9152K)->9039K(9152K)
[14557.562s][info][gc             ] GC(33644) Pause Young (Allocation Failure) 362M->283M(365M) 3.404ms
[14557.562s][info][gc,cpu         ] GC(33644) User=0.00s Sys=0.00s Real=0.00s
[14558.040s][info][gc,start       ] GC(33645) Pause Young (Allocation Failure)
[14558.042s][info][gc,heap        ] GC(33645) PSYoungGen: 82720K(84480K)->608K(84480K) Eden: 81920K(81920K)->0K(81920K) From: 800K(2560K)->608K(2560K)
[14558.043s][info][gc,heap        ] GC(33645) ParOldGen: 289159K(289280K)->289215K(289280K)
[14558.043s][info][gc,metaspace   ] GC(33645) Metaspace: 62335K(62592K)->62335K(62592K) NonClass: 53295K(53440K)->53295K(53440K) Class: 9039K(9152K)->9039K(9152K)
[14558.043s][info][gc             ] GC(33645) Pause Young (Allocation Failure) 363M->283M(365M) 2.149ms
[14558.043s][info][gc,cpu         ] GC(33645) User=0.01s Sys=0.00s Real=0.00s
[14558.493s][info][gc,start       ] GC(33646) Pause Young (Allocation Failure)
[14558.495s][info][gc,heap        ] GC(33646) PSYoungGen: 82528K(84480K)->1376K(84480K) Eden: 81920K(81920K)->0K(81920K) From: 608K(2560K)->1376K(2560K)
[14558.495s][info][gc,heap        ] GC(33646) ParOldGen: 289215K(289280K)->289319K(289792K)
[14558.495s][info][gc,metaspace   ] GC(33646) Metaspace: 62335K(62592K)->62335K(62592K) NonClass: 53295K(53440K)->53295K(53440K) Class: 9039K(9152K)->9039K(9152K)
[14558.495s][info][gc             ] GC(33646) Pause Young (Allocation Failure) 363M->283M(365M) 2.943ms
[14558.496s][info][gc,cpu         ] GC(33646) User=0.00s Sys=0.00s Real=0.00s
[14558.896s][info][gc,start       ] GC(33647) Pause Young (Allocation Failure)
[14558.899s][info][gc,heap        ] GC(33647) PSYoungGen: 83296K(84480K)->1408K(84480K) Eden: 81920K(81920K)->0K(81920K) From: 1376K(2560K)->1408K(2560K)
[14558.899s][info][gc,heap        ] GC(33647) ParOldGen: 289319K(289792K)->289375K(289792K)
[14558.899s][info][gc,metaspace   ] GC(33647) Metaspace: 62335K(62592K)->62335K(62592K) NonClass: 53295K(53440K)->53295K(53440K) Class: 9039K(9152K)->9039K(9152K)
[14558.899s][info][gc             ] GC(33647) Pause Young (Allocation Failure) 363M->283M(365M) 3.039ms
[14558.899s][info][gc,cpu         ] GC(33647) User=0.01s Sys=0.00s Real=0.01s
[14559.302s][info][gc,start       ] GC(33648) Pause Young (Allocation Failure)
[14559.305s][info][gc,heap        ] GC(33648) PSYoungGen: 83328K(84480K)->1664K(84480K) Eden: 81920K(81920K)->0K(81920K) From: 1408K(2560K)->1664K(2560K)
[14559.305s][info][gc,heap        ] GC(33648) ParOldGen: 289375K(289792K)->289431K(289792K)
[14559.305s][info][gc,metaspace   ] GC(33648) Metaspace: 62335K(62592K)->62335K(62592K) NonClass: 53295K(53440K)->53295K(53440K) Class: 9039K(9152K)->9039K(9152K)
[14559.305s][info][gc             ] GC(33648) Pause Young (Allocation Failure) 363M->284M(365M) 3.126ms
[14559.305s][info][gc,cpu         ] GC(33648) User=0.01s Sys=0.00s Real=0.00s
[14559.707s][info][gc,start       ] GC(33649) Pause Young (Allocation Failure)
[14559.710s][info][gc,heap        ] GC(33649) PSYoungGen: 83584K(84480K)->1632K(84480K) Eden: 81920K(81920K)->0K(81920K) From: 1664K(2560K)->1632K(2560K)
[14559.710s][info][gc,heap        ] GC(33649) ParOldGen: 289431K(289792K)->289487K(289792K)
[14559.710s][info][gc,metaspace   ] GC(33649) Metaspace: 62335K(62592K)->62335K(62592K) NonClass: 53295K(53440K)->53295K(53440K) Class: 9039K(9152K)->9039K(9152K)
[14559.710s][info][gc             ] GC(33649) Pause Young (Allocation Failure) 364M->284M(365M) 3.087ms
[14559.710s][info][gc,cpu         ] GC(33649) User=0.00s Sys=0.00s Real=0.00s
[14560.114s][info][gc,start       ] GC(33650) Pause Young (Allocation Failure)
[14560.117s][info][gc,heap        ] GC(33650) PSYoungGen: 83552K(84480K)->1696K(84480K) Eden: 81920K(81920K)->0K(81920K) From: 1632K(2560K)->1696K(2560K)
[14560.117s][info][gc,heap        ] GC(33650) ParOldGen: 289487K(289792K)->289543K(289792K)
[14560.117s][info][gc,metaspace   ] GC(33650) Metaspace: 62335K(62592K)->62335K(62592K) NonClass: 53295K(53440K)->53295K(53440K) Class: 9039K(9152K)->9039K(9152K)
[14560.117s][info][gc             ] GC(33650) Pause Young (Allocation Failure) 364M->284M(365M) 3.042ms
[14560.117s][info][gc,cpu         ] GC(33650) User=0.00s Sys=0.00s Real=0.01s
[14560.506s][info][gc,start       ] GC(33651) Pause Young (Allocation Failure)
[14560.509s][info][gc,heap        ] GC(33651) PSYoungGen: 83616K(84480K)->1664K(84480K) Eden: 81920K(81920K)->0K(81920K) From: 1696K(2560K)->1664K(2560K)
[14560.509s][info][gc,heap        ] GC(33651) ParOldGen: 289543K(289792K)->289599K(289792K)
[14560.509s][info][gc,metaspace   ] GC(33651) Metaspace: 62335K(62592K)->62335K(62592K) NonClass: 53295K(53440K)->53295K(53440K) Class: 9039K(9152K)->9039K(9152K)
[14560.509s][info][gc             ] GC(33651) Pause Young (Allocation Failure) 364M->284M(365M) 3.086ms
[14560.509s][info][gc,cpu         ] GC(33651) User=0.00s Sys=0.00s Real=0.01s
[14560.967s][info][gc,start       ] GC(33652) Pause Young (Allocation Failure)
[14560.970s][info][gc,heap        ] GC(33652) PSYoungGen: 83584K(84480K)->896K(84480K) Eden: 81920K(81920K)->0K(81920K) From: 1664K(2560K)->896K(2560K)
[14560.970s][info][gc,heap        ] GC(33652) ParOldGen: 289599K(289792K)->289655K(289792K)
[14560.970s][info][gc,metaspace   ] GC(33652) Metaspace: 62335K(62592K)->62335K(62592K) NonClass: 53295K(53440K)->53295K(53440K) Class: 9039K(9152K)->9039K(9152K)
[14560.970s][info][gc             ] GC(33652) Pause Young (Allocation Failure) 364M->283M(365M) 2.406ms
[14560.970s][info][gc,cpu         ] GC(33652) User=0.00s Sys=0.00s Real=0.00s
[14561.377s][info][gc,start       ] GC(33653) Pause Young (Allocation Failure)
[14561.381s][info][gc,heap        ] GC(33653) PSYoungGen: 82816K(84480K)->2144K(83456K) Eden: 81920K(81920K)->0K(80896K) From: 896K(2560K)->2144K(2560K)
[14561.381s][info][gc,heap        ] GC(33653) ParOldGen: 289655K(289792K)->290735K(291328K)
[14561.381s][info][gc,metaspace   ] GC(33653) Metaspace: 62335K(62592K)->62335K(62592K) NonClass: 53295K(53440K)->53295K(53440K) Class: 9039K(9152K)->9039K(9152K)
[14561.381s][info][gc             ] GC(33653) Pause Young (Allocation Failure) 363M->286M(366M) 3.194ms
[14561.381s][info][gc,cpu         ] GC(33653) User=0.01s Sys=0.00s Real=0.00s
[14561.780s][info][gc,start       ] GC(33654) Pause Young (Allocation Failure)
[14561.784s][info][gc,heap        ] GC(33654) PSYoungGen: 83040K(83456K)->1216K(83968K) Eden: 80896K(80896K)->0K(80896K) From: 2144K(2560K)->1216K(3072K)
[14561.784s][info][gc,heap        ] GC(33654) ParOldGen: 290735K(291328K)->292839K(292864K)
[14561.784s][info][gc,metaspace   ] GC(33654) Metaspace: 62335K(62592K)->62335K(62592K) NonClass: 53295K(53440K)->53295K(53440K) Class: 9039K(9152K)->9039K(9152K)
[14561.784s][info][gc             ] GC(33654) Pause Young (Allocation Failure) 365M->287M(368M) 3.698ms
[14561.784s][info][gc,cpu         ] GC(33654) User=0.01s Sys=0.01s Real=0.00s
[14562.205s][info][gc,start       ] GC(33655) Pause Young (Allocation Failure)
[14562.208s][info][gc,heap        ] GC(33655) PSYoungGen: 82112K(83968K)->1472K(84480K) Eden: 80896K(80896K)->0K(81408K) From: 1216K(3072K)->1472K(3072K)
[14562.208s][info][gc,heap        ] GC(33655) ParOldGen: 292839K(292864K)->292895K(293376K)
[14562.208s][info][gc,metaspace   ] GC(33655) Metaspace: 62335K(62592K)->62335K(62592K) NonClass: 53295K(53440K)->53295K(53440K) Class: 9039K(9152K)->9039K(9152K)
[14562.208s][info][gc             ] GC(33655) Pause Young (Allocation Failure) 366M->287M(369M) 2.938ms
[14562.208s][info][gc,cpu         ] GC(33655) User=0.01s Sys=0.00s Real=0.01s
[14562.636s][info][gc,start       ] GC(33656) Pause Young (Allocation Failure)
[14562.639s][info][gc,heap        ] GC(33656) PSYoungGen: 82880K(84480K)->512K(83968K) Eden: 81408K(81408K)->0K(81408K) From: 1472K(3072K)->512K(2560K)
[14562.639s][info][gc,heap        ] GC(33656) ParOldGen: 292895K(293376K)->292951K(293376K)
[14562.639s][info][gc,metaspace   ] GC(33656) Metaspace: 62335K(62592K)->62335K(62592K) NonClass: 53295K(53440K)->53295K(53440K) Class: 9039K(9152K)->9039K(9152K)
[14562.639s][info][gc             ] GC(33656) Pause Young (Allocation Failure) 366M->286M(368M) 2.132ms
[14562.639s][info][gc,cpu         ] GC(33656) User=0.01s Sys=0.00s Real=0.00s
[14563.039s][info][gc,start       ] GC(33657) Pause Young (Allocation Failure)
[14563.041s][info][gc,heap        ] GC(33657) PSYoungGen: 81920K(83968K)->576K(84480K) Eden: 81408K(81408K)->0K(81920K) From: 512K(2560K)->576K(2560K)
[14563.042s][info][gc,heap        ] GC(33657) ParOldGen: 292951K(293376K)->293007K(293376K)
[14563.042s][info][gc,metaspace   ] GC(33657) Metaspace: 62335K(62592K)->62335K(62592K) NonClass: 53295K(53440K)->53295K(53440K) Class: 9039K(9152K)->9039K(9152K)
[14563.042s][info][gc             ] GC(33657) Pause Young (Allocation Failure) 366M->286M(369M) 2.081ms
[14563.042s][info][gc,cpu         ] GC(33657) User=0.00s Sys=0.00s Real=0.00s
[14563.447s][info][gc,start       ] GC(33658) Pause Young (Allocation Failure)
[14563.450s][info][gc,heap        ] GC(33658) PSYoungGen: 82496K(84480K)->608K(84480K) Eden: 81920K(81920K)->0K(81920K) From: 576K(2560K)->608K(2560K)
[14563.450s][info][gc,heap        ] GC(33658) ParOldGen: 293007K(293376K)->293063K(293376K)
[14563.450s][info][gc,metaspace   ] GC(33658) Metaspace: 62335K(62592K)->62335K(62592K) NonClass: 53295K(53440K)->53295K(53440K) Class: 9039K(9152K)->9039K(9152K)
[14563.450s][info][gc             ] GC(33658) Pause Young (Allocation Failure) 366M->286M(369M) 2.215ms
[14563.450s][info][gc,cpu         ] GC(33658) User=0.00s Sys=0.00s Real=0.00s
[14563.869s][info][gc,start       ] GC(33659) Pause Young (Allocation Failure)
[14563.872s][info][gc,heap        ] GC(33659) PSYoungGen: 82528K(84480K)->928K(84480K) Eden: 81920K(81920K)->0K(81920K) From: 608K(2560K)->928K(2560K)
[14563.872s][info][gc,heap        ] GC(33659) ParOldGen: 293063K(293376K)->293111K(293376K)
[14563.872s][info][gc,metaspace   ] GC(33659) Metaspace: 62335K(62592K)->62335K(62592K) NonClass: 53295K(53440K)->53295K(53440K) Class: 9039K(9152K)->9039K(9152K)
[14563.872s][info][gc             ] GC(33659) Pause Young (Allocation Failure) 366M->287M(369M) 2.410ms
[14563.872s][info][gc,cpu         ] GC(33659) User=0.01s Sys=0.00s Real=0.00s
[14564.291s][info][gc,start       ] GC(33660) Pause Young (Allocation Failure)
[14564.294s][info][gc,heap        ] GC(33660) PSYoungGen: 82848K(84480K)->1440K(84480K) Eden: 81920K(81920K)->0K(81920K) From: 928K(2560K)->1440K(2560K)
[14564.294s][info][gc,heap        ] GC(33660) ParOldGen: 293111K(293376K)->293159K(293376K)
[14564.294s][info][gc,metaspace   ] GC(33660) Metaspace: 62335K(62592K)->62335K(62592K) NonClass: 53295K(53440K)->53295K(53440K) Class: 9039K(9152K)->9039K(9152K)
[14564.294s][info][gc             ] GC(33660) Pause Young (Allocation Failure) 367M->287M(369M) 2.857ms
[14564.294s][info][gc,cpu         ] GC(33660) User=0.00s Sys=0.00s Real=0.00s
[14564.740s][info][gc,start       ] GC(33661) Pause Young (Allocation Failure)
[14564.742s][info][gc,heap        ] GC(33661) PSYoungGen: 83360K(84480K)->528K(84480K) Eden: 81920K(81920K)->0K(81920K) From: 1440K(2560K)->528K(2560K)
[14564.742s][info][gc,heap        ] GC(33661) ParOldGen: 293159K(293376K)->293207K(293376K)
[14564.742s][info][gc,metaspace   ] GC(33661) Metaspace: 62335K(62592K)->62335K(62592K) NonClass: 53295K(53440K)->53295K(53440K) Class: 9039K(9152K)->9039K(9152K)
[14564.742s][info][gc             ] GC(33661) Pause Young (Allocation Failure) 367M->286M(369M) 2.074ms
[14564.742s][info][gc,cpu         ] GC(33661) User=0.00s Sys=0.00s Real=0.00s
[14565.141s][info][gc,start       ] GC(33662) Pause Young (Allocation Failure)
[14565.143s][info][gc,heap        ] GC(33662) PSYoungGen: 82448K(84480K)->576K(84480K) Eden: 81920K(81920K)->0K(81920K) From: 528K(2560K)->576K(2560K)
[14565.143s][info][gc,heap        ] GC(33662) ParOldGen: 293207K(293376K)->293303K(293376K)
[14565.143s][info][gc,metaspace   ] GC(33662) Metaspace: 62335K(62592K)->62335K(62592K) NonClass: 53295K(53440K)->53295K(53440K) Class: 9039K(9152K)->9039K(9152K)
[14565.143s][info][gc             ] GC(33662) Pause Young (Allocation Failure) 366M->286M(369M) 2.260ms
[14565.143s][info][gc,cpu         ] GC(33662) User=0.01s Sys=0.00s Real=0.00s
[14565.574s][info][gc,start       ] GC(33663) Pause Young (Allocation Failure)
[14565.576s][info][gc,heap        ] GC(33663) PSYoungGen: 82496K(84480K)->992K(84480K) Eden: 81920K(81920K)->0K(81920K) From: 576K(2560K)->992K(2560K)
[14565.576s][info][gc,heap        ] GC(33663) ParOldGen: 293303K(293376K)->293351K(293376K)
[14565.576s][info][gc,metaspace   ] GC(33663) Metaspace: 62335K(62592K)->62335K(62592K) NonClass: 53295K(53440K)->53295K(53440K) Class: 9039K(9152K)->9039K(9152K)
[14565.576s][info][gc             ] GC(33663) Pause Young (Allocation Failure) 366M->287M(369M) 2.637ms
[14565.576s][info][gc,cpu         ] GC(33663) User=0.00s Sys=0.00s Real=0.01s
[14565.980s][info][gc,start       ] GC(33664) Pause Young (Allocation Failure)
[14565.983s][info][gc,heap        ] GC(33664) PSYoungGen: 82912K(84480K)->2144K(84480K) Eden: 81920K(81920K)->0K(81920K) From: 992K(2560K)->2144K(2560K)
[14565.983s][info][gc,heap        ] GC(33664) ParOldGen: 293351K(293376K)->294431K(294912K)
[14565.983s][info][gc,metaspace   ] GC(33664) Metaspace: 62335K(62592K)->62335K(62592K) NonClass: 53295K(53440K)->53295K(53440K) Class: 9039K(9152K)->9039K(9152K)
[14565.983s][info][gc             ] GC(33664) Pause Young (Allocation Failure) 367M->289M(370M) 3.269ms
[14565.983s][info][gc,cpu         ] GC(33664) User=0.01s Sys=0.00s Real=0.00s
[14566.374s][info][gc,start       ] GC(33665) Pause Young (Allocation Failure)
[14566.378s][info][gc,heap        ] GC(33665) PSYoungGen: 84064K(84480K)->1120K(84480K) Eden: 81920K(81920K)->0K(81920K) From: 2144K(2560K)->1120K(2560K)
[14566.378s][info][gc,heap        ] GC(33665) ParOldGen: 294431K(294912K)->296527K(297984K)
[14566.378s][info][gc,metaspace   ] GC(33665) Metaspace: 62335K(62592K)->62335K(62592K) NonClass: 53295K(53440K)->53295K(53440K) Class: 9039K(9152K)->9039K(9152K)
[14566.378s][info][gc             ] GC(33665) Pause Young (Allocation Failure) 369M->290M(373M) 3.727ms
[14566.378s][info][gc,cpu         ] GC(33665) User=0.00s Sys=0.00s Real=0.01s
[14566.818s][info][gc,start       ] GC(33666) Pause Young (Allocation Failure)
[14566.820s][info][gc,heap        ] GC(33666) PSYoungGen: 83040K(84480K)->192K(84480K) Eden: 81920K(81920K)->0K(81920K) From: 1120K(2560K)->192K(2560K)
[14566.820s][info][gc,heap        ] GC(33666) ParOldGen: 296527K(297984K)->296583K(297984K)
[14566.820s][info][gc,metaspace   ] GC(33666) Metaspace: 62335K(62592K)->62335K(62592K) NonClass: 53295K(53440K)->53295K(53440K) Class: 9039K(9152K)->9039K(9152K)
[14566.820s][info][gc             ] GC(33666) Pause Young (Allocation Failure) 370M->289M(373M) 1.824ms
[14566.820s][info][gc,cpu         ] GC(33666) User=0.00s Sys=0.00s Real=0.00s
[14567.238s][info][gc,start       ] GC(33667) Pause Young (Allocation Failure)
[14567.240s][info][gc,heap        ] GC(33667) PSYoungGen: 82112K(84480K)->480K(84480K) Eden: 81920K(81920K)->0K(81920K) From: 192K(2560K)->480K(2560K)
[14567.240s][info][gc,heap        ] GC(33667) ParOldGen: 296583K(297984K)->296639K(297984K)
[14567.240s][info][gc,metaspace   ] GC(33667) Metaspace: 62335K(62592K)->62335K(62592K) NonClass: 53295K(53440K)->53295K(53440K) Class: 9039K(9152K)->9039K(9152K)
[14567.240s][info][gc             ] GC(33667) Pause Young (Allocation Failure) 369M->290M(373M) 2.146ms
[14567.240s][info][gc,cpu         ] GC(33667) User=0.01s Sys=0.00s Real=0.00s
[14567.701s][info][gc,start       ] GC(33668) Pause Young (Allocation Failure)
[14567.704s][info][gc,heap        ] GC(33668) PSYoungGen: 82400K(84480K)->1536K(84480K) Eden: 81920K(81920K)->0K(81920K) From: 480K(2560K)->1536K(2560K)
[14567.704s][info][gc,heap        ] GC(33668) ParOldGen: 296639K(297984K)->296687K(297984K)
[14567.704s][info][gc,metaspace   ] GC(33668) Metaspace: 62335K(62592K)->62335K(62592K) NonClass: 53295K(53440K)->53295K(53440K) Class: 9039K(9152K)->9039K(9152K)
[14567.704s][info][gc             ] GC(33668) Pause Young (Allocation Failure) 370M->291M(373M) 2.983ms
[14567.704s][info][gc,cpu         ] GC(33668) User=0.00s Sys=0.00s Real=0.00s
[14568.148s][info][gc,start       ] GC(33669) Pause Young (Allocation Failure)
[14568.150s][info][gc,heap        ] GC(33669) PSYoungGen: 83456K(84480K)->608K(84480K) Eden: 81920K(81920K)->0K(81920K) From: 1536K(2560K)->608K(2560K)
[14568.150s][info][gc,heap        ] GC(33669) ParOldGen: 296687K(297984K)->296743K(297984K)
[14568.150s][info][gc,metaspace   ] GC(33669) Metaspace: 62335K(62592K)->62335K(62592K) NonClass: 53295K(53440K)->53295K(53440K) Class: 9039K(9152K)->9039K(9152K)
[14568.150s][info][gc             ] GC(33669) Pause Young (Allocation Failure) 371M->290M(373M) 2.195ms
[14568.150s][info][gc,cpu         ] GC(33669) User=0.00s Sys=0.00s Real=0.00s
[14568.565s][info][gc,start       ] GC(33670) Pause Young (Allocation Failure)
[14568.567s][info][gc,heap        ] GC(33670) PSYoungGen: 82528K(84480K)->928K(84480K) Eden: 81920K(81920K)->0K(81920K) From: 608K(2560K)->928K(2560K)
[14568.567s][info][gc,heap        ] GC(33670) ParOldGen: 296743K(297984K)->296799K(297984K)
[14568.567s][info][gc,metaspace   ] GC(33670) Metaspace: 62335K(62592K)->62335K(62592K) NonClass: 53295K(53440K)->53295K(53440K) Class: 9039K(9152K)->9039K(9152K)
[14568.567s][info][gc             ] GC(33670) Pause Young (Allocation Failure) 370M->290M(373M) 2.380ms
[14568.567s][info][gc,cpu         ] GC(33670) User=0.01s Sys=0.00s Real=0.01s
[14568.973s][info][gc,start       ] GC(33671) Pause Young (Allocation Failure)
[14568.975s][info][gc,heap        ] GC(33671) PSYoungGen: 82848K(84480K)->1056K(84480K) Eden: 81920K(81920K)->0K(81920K) From: 928K(2560K)->1056K(2560K)
[14568.975s][info][gc,heap        ] GC(33671) ParOldGen: 296799K(297984K)->296847K(297984K)
[14568.975s][info][gc,metaspace   ] GC(33671) Metaspace: 62335K(62592K)->62335K(62592K) NonClass: 53295K(53440K)->53295K(53440K) Class: 9039K(9152K)->9039K(9152K)
[14568.975s][info][gc             ] GC(33671) Pause Young (Allocation Failure) 370M->290M(373M) 2.623ms
[14568.975s][info][gc,cpu         ] GC(33671) User=0.01s Sys=0.00s Real=0.00s
[14569.418s][info][gc,start       ] GC(33672) Pause Young (Allocation Failure)
[14569.419s][info][gc,heap        ] GC(33672) PSYoungGen: 82976K(84480K)->192K(84480K) Eden: 81920K(81920K)->0K(81920K) From: 1056K(2560K)->192K(2560K)
[14569.419s][info][gc,heap        ] GC(33672) ParOldGen: 296847K(297984K)->296895K(297984K)
[14569.419s][info][gc,metaspace   ] GC(33672) Metaspace: 62335K(62592K)->62335K(62592K) NonClass: 53295K(53440K)->53295K(53440K) Class: 9039K(9152K)->9039K(9152K)
[14569.419s][info][gc             ] GC(33672) Pause Young (Allocation Failure) 370M->290M(373M) 1.820ms
[14569.419s][info][gc,cpu         ] GC(33672) User=0.01s Sys=0.00s Real=0.00s
[14569.852s][info][gc,start       ] GC(33673) Pause Young (Allocation Failure)
[14569.854s][info][gc,heap        ] GC(33673) PSYoungGen: 82112K(84480K)->704K(84480K) Eden: 81920K(81920K)->0K(81920K) From: 192K(2560K)->704K(2560K)
[14569.854s][info][gc,heap        ] GC(33673) ParOldGen: 296895K(297984K)->296951K(297984K)
[14569.854s][info][gc,metaspace   ] GC(33673) Metaspace: 62335K(62592K)->62335K(62592K) NonClass: 53295K(53440K)->53295K(53440K) Class: 9039K(9152K)->9039K(9152K)
[14569.854s][info][gc             ] GC(33673) Pause Young (Allocation Failure) 370M->290M(373M) 2.173ms
[14569.854s][info][gc,cpu         ] GC(33673) User=0.00s Sys=0.00s Real=0.00s
[14570.295s][info][gc,start       ] GC(33674) Pause Young (Allocation Failure)
[14570.298s][info][gc,heap        ] GC(33674) PSYoungGen: 82624K(84480K)->2304K(84480K) Eden: 81920K(81920K)->0K(81920K) From: 704K(2560K)->2304K(2560K)
[14570.298s][info][gc,heap        ] GC(33674) ParOldGen: 296951K(297984K)->298031K(299520K)
[14570.298s][info][gc,metaspace   ] GC(33674) Metaspace: 62335K(62592K)->62335K(62592K) NonClass: 53295K(53440K)->53295K(53440K) Class: 9039K(9152K)->9039K(9152K)
[14570.298s][info][gc             ] GC(33674) Pause Young (Allocation Failure) 370M->293M(375M) 3.400ms
[14570.298s][info][gc,cpu         ] GC(33674) User=0.00s Sys=0.00s Real=0.01s
[14570.738s][info][gc,start       ] GC(33675) Pause Young (Allocation Failure)
[14570.741s][info][gc,heap        ] GC(33675) PSYoungGen: 84224K(84480K)->480K(84480K) Eden: 81920K(81920K)->0K(81920K) From: 2304K(2560K)->480K(2560K)
[14570.741s][info][gc,heap        ] GC(33675) ParOldGen: 298031K(299520K)->300127K(301056K)
[14570.741s][info][gc,metaspace   ] GC(33675) Metaspace: 62335K(62592K)->62335K(62592K) NonClass: 53295K(53440K)->53295K(53440K) Class: 9039K(9152K)->9039K(9152K)
[14570.741s][info][gc             ] GC(33675) Pause Young (Allocation Failure) 373M->293M(376M) 3.055ms
[14570.741s][info][gc,cpu         ] GC(33675) User=0.00s Sys=0.00s Real=0.00s
[14571.159s][info][gc,start       ] GC(33676) Pause Young (Allocation Failure)
[14571.162s][info][gc,heap        ] GC(33676) PSYoungGen: 82400K(84480K)->896K(84480K) Eden: 81920K(81920K)->0K(81920K) From: 480K(2560K)->896K(2560K)
[14571.162s][info][gc,heap        ] GC(33676) ParOldGen: 300127K(301056K)->300175K(301056K)
[14571.162s][info][gc,metaspace   ] GC(33676) Metaspace: 62335K(62592K)->62335K(62592K) NonClass: 53295K(53440K)->53295K(53440K) Class: 9039K(9152K)->9039K(9152K)
[14571.162s][info][gc             ] GC(33676) Pause Young (Allocation Failure) 373M->294M(376M) 2.426ms
[14571.162s][info][gc,cpu         ] GC(33676) User=0.00s Sys=0.00s Real=0.00s
[14571.593s][info][gc,start       ] GC(33677) Pause Young (Allocation Failure)
[14571.596s][info][gc,heap        ] GC(33677) PSYoungGen: 82816K(84480K)->1312K(84480K) Eden: 81920K(81920K)->0K(81920K) From: 896K(2560K)->1312K(2560K)
[14571.596s][info][gc,heap        ] GC(33677) ParOldGen: 300175K(301056K)->300231K(301056K)
[14571.596s][info][gc,metaspace   ] GC(33677) Metaspace: 62335K(62592K)->62335K(62592K) NonClass: 53295K(53440K)->53295K(53440K) Class: 9039K(9152K)->9039K(9152K)
[14571.596s][info][gc             ] GC(33677) Pause Young (Allocation Failure) 374M->294M(376M) 2.778ms
[14571.596s][info][gc,cpu         ] GC(33677) User=0.01s Sys=0.00s Real=0.00s
[14572.080s][info][gc,start       ] GC(33678) Pause Young (Allocation Failure)
[14572.082s][info][gc,heap        ] GC(33678) PSYoungGen: 83232K(84480K)->1168K(84480K) Eden: 81920K(81920K)->0K(81920K) From: 1312K(2560K)->1168K(2560K)
[14572.082s][info][gc,heap        ] GC(33678) ParOldGen: 300231K(301056K)->300287K(301056K)
[14572.082s][info][gc,metaspace   ] GC(33678) Metaspace: 62335K(62592K)->62335K(62592K) NonClass: 53295K(53440K)->53295K(53440K) Class: 9039K(9152K)->9039K(9152K)
[14572.082s][info][gc             ] GC(33678) Pause Young (Allocation Failure) 374M->294M(376M) 2.813ms
[14572.082s][info][gc,cpu         ] GC(33678) User=0.00s Sys=0.00s Real=0.00s
[14572.500s][info][gc,start       ] GC(33679) Pause Young (Allocation Failure)
[14572.503s][info][gc,heap        ] GC(33679) PSYoungGen: 83088K(84480K)->1408K(84480K) Eden: 81920K(81920K)->0K(81920K) From: 1168K(2560K)->1408K(2560K)
[14572.503s][info][gc,heap        ] GC(33679) ParOldGen: 300287K(301056K)->300384K(301056K)
[14572.503s][info][gc,metaspace   ] GC(33679) Metaspace: 62335K(62592K)->62335K(62592K) NonClass: 53295K(53440K)->53295K(53440K) Class: 9039K(9152K)->9039K(9152K)
[14572.503s][info][gc             ] GC(33679) Pause Young (Allocation Failure) 374M->294M(376M) 3.033ms
[14572.503s][info][gc,cpu         ] GC(33679) User=0.00s Sys=0.00s Real=0.00s
[14572.936s][info][gc,start       ] GC(33680) Pause Young (Allocation Failure)
[14572.938s][info][gc,heap        ] GC(33680) PSYoungGen: 83328K(84480K)->480K(84480K) Eden: 81920K(81920K)->0K(81920K) From: 1408K(2560K)->480K(2560K)
[14572.938s][info][gc,heap        ] GC(33680) ParOldGen: 300384K(301056K)->300440K(301056K)
[14572.938s][info][gc,metaspace   ] GC(33680) Metaspace: 62335K(62592K)->62335K(62592K) NonClass: 53295K(53440K)->53295K(53440K) Class: 9039K(9152K)->9039K(9152K)
[14572.938s][info][gc             ] GC(33680) Pause Young (Allocation Failure) 374M->293M(376M) 2.087ms
[14572.938s][info][gc,cpu         ] GC(33680) User=0.00s Sys=0.00s Real=0.01s
[14573.373s][info][gc,start       ] GC(33681) Pause Young (Allocation Failure)
[14573.375s][info][gc,heap        ] GC(33681) PSYoungGen: 82400K(84480K)->992K(84480K) Eden: 81920K(81920K)->0K(81920K) From: 480K(2560K)->992K(2560K)
[14573.375s][info][gc,heap        ] GC(33681) ParOldGen: 300440K(301056K)->300496K(301056K)
[14573.375s][info][gc,metaspace   ] GC(33681) Metaspace: 62335K(62592K)->62335K(62592K) NonClass: 53295K(53440K)->53295K(53440K) Class: 9039K(9152K)->9039K(9152K)
[14573.375s][info][gc             ] GC(33681) Pause Young (Allocation Failure) 373M->294M(376M) 2.445ms
[14573.375s][info][gc,cpu         ] GC(33681) User=0.01s Sys=0.00s Real=0.00s
[14573.816s][info][gc,start       ] GC(33682) Pause Young (Allocation Failure)
[14573.819s][info][gc,heap        ] GC(33682) PSYoungGen: 82912K(84480K)->1568K(84480K) Eden: 81920K(81920K)->0K(81920K) From: 992K(2560K)->1568K(2560K)
[14573.819s][info][gc,heap        ] GC(33682) ParOldGen: 300496K(301056K)->300552K(301056K)
[14573.819s][info][gc,metaspace   ] GC(33682) Metaspace: 62335K(62592K)->62335K(62592K) NonClass: 53295K(53440K)->53295K(53440K) Class: 9039K(9152K)->9039K(9152K)
[14573.819s][info][gc             ] GC(33682) Pause Young (Allocation Failure) 374M->295M(376M) 3.042ms
[14573.819s][info][gc,cpu         ] GC(33682) User=0.00s Sys=0.00s Real=0.00s
[14574.250s][info][gc,start       ] GC(33683) Pause Young (Allocation Failure)
[14574.253s][info][gc,heap        ] GC(33683) PSYoungGen: 83488K(84480K)->672K(84480K) Eden: 81920K(81920K)->0K(81920K) From: 1568K(2560K)->672K(2560K)
[14574.253s][info][gc,heap        ] GC(33683) ParOldGen: 300552K(301056K)->300600K(301056K)
[14574.253s][info][gc,metaspace   ] GC(33683) Metaspace: 62335K(62592K)->62335K(62592K) NonClass: 53295K(53440K)->53295K(53440K) Class: 9039K(9152K)->9039K(9152K)
[14574.253s][info][gc             ] GC(33683) Pause Young (Allocation Failure) 375M->294M(376M) 2.181ms
[14574.253s][info][gc,cpu         ] GC(33683) User=0.00s Sys=0.00s Real=0.00s
[14574.686s][info][gc,start       ] GC(33684) Pause Young (Allocation Failure)
[14574.689s][info][gc,heap        ] GC(33684) PSYoungGen: 82592K(84480K)->1216K(84480K) Eden: 81920K(81920K)->0K(81920K) From: 672K(2560K)->1216K(2560K)
[14574.689s][info][gc,heap        ] GC(33684) ParOldGen: 300600K(301056K)->300656K(301056K)
[14574.689s][info][gc,metaspace   ] GC(33684) Metaspace: 62335K(62592K)->62335K(62592K) NonClass: 53295K(53440K)->53295K(53440K) Class: 9039K(9152K)->9039K(9152K)
[14574.689s][info][gc             ] GC(33684) Pause Young (Allocation Failure) 374M->294M(376M) 2.714ms
[14574.689s][info][gc,cpu         ] GC(33684) User=0.01s Sys=0.00s Real=0.01s
[14575.105s][info][gc,start       ] GC(33685) Pause Young (Allocation Failure)
[14575.109s][info][gc,heap        ] GC(33685) PSYoungGen: 83136K(84480K)->2528K(84480K) Eden: 81920K(81920K)->0K(81920K) From: 1216K(2560K)->2528K(2560K)
[14575.109s][info][gc,heap        ] GC(33685) ParOldGen: 300656K(301056K)->302760K(304128K)
[14575.109s][info][gc,metaspace   ] GC(33685) Metaspace: 62335K(62592K)->62335K(62592K) NonClass: 53295K(53440K)->53295K(53440K) Class: 9039K(9152K)->9039K(9152K)
[14575.109s][info][gc             ] GC(33685) Pause Young (Allocation Failure) 374M->298M(379M) 4.104ms
[14575.109s][info][gc,cpu         ] GC(33685) User=0.01s Sys=0.00s Real=0.01s
[14575.541s][info][gc,start       ] GC(33686) Pause Young (Allocation Failure)
[14575.545s][info][gc,heap        ] GC(33686) PSYoungGen: 84448K(84480K)->544K(84480K) Eden: 81920K(81920K)->0K(81920K) From: 2528K(2560K)->544K(2560K)
[14575.545s][info][gc,heap        ] GC(33686) ParOldGen: 302760K(304128K)->304864K(305664K)
[14575.545s][info][gc,metaspace   ] GC(33686) Metaspace: 62335K(62592K)->62335K(62592K) NonClass: 53295K(53440K)->53295K(53440K) Class: 9039K(9152K)->9039K(9152K)
[14575.545s][info][gc             ] GC(33686) Pause Young (Allocation Failure) 378M->298M(381M) 3.117ms
[14575.545s][info][gc,cpu         ] GC(33686) User=0.00s Sys=0.00s Real=0.00s
[14575.946s][info][gc,start       ] GC(33687) Pause Young (Allocation Failure)
[14575.948s][info][gc,heap        ] GC(33687) PSYoungGen: 82464K(84480K)->640K(84480K) Eden: 81920K(81920K)->0K(81920K) From: 544K(2560K)->640K(2560K)
[14575.949s][info][gc,heap        ] GC(33687) ParOldGen: 304864K(305664K)->304920K(305664K)
[14575.949s][info][gc,metaspace   ] GC(33687) Metaspace: 62335K(62592K)->62335K(62592K) NonClass: 53295K(53440K)->53295K(53440K) Class: 9039K(9152K)->9039K(9152K)
[14575.949s][info][gc             ] GC(33687) Pause Young (Allocation Failure) 378M->298M(381M) 2.152ms
[14575.949s][info][gc,cpu         ] GC(33687) User=0.00s Sys=0.00s Real=0.00s
[14576.385s][info][gc,start       ] GC(33688) Pause Young (Allocation Failure)
[14576.388s][info][gc,heap        ] GC(33688) PSYoungGen: 82560K(84480K)->1152K(84480K) Eden: 81920K(81920K)->0K(81920K) From: 640K(2560K)->1152K(2560K)
[14576.388s][info][gc,heap        ] GC(33688) ParOldGen: 304920K(305664K)->304968K(305664K)
[14576.388s][info][gc,metaspace   ] GC(33688) Metaspace: 62335K(62592K)->62335K(62592K) NonClass: 53295K(53440K)->53295K(53440K) Class: 9039K(9152K)->9039K(9152K)
[14576.388s][info][gc             ] GC(33688) Pause Young (Allocation Failure) 378M->298M(381M) 2.694ms
[14576.388s][info][gc,cpu         ] GC(33688) User=0.00s Sys=0.00s Real=0.01s
[14576.780s][info][gc,start       ] GC(33689) Pause Young (Allocation Failure)
[14576.783s][info][gc,heap        ] GC(33689) PSYoungGen: 83072K(84480K)->1152K(84480K) Eden: 81920K(81920K)->0K(81920K) From: 1152K(2560K)->1152K(2560K)
[14576.783s][info][gc,heap        ] GC(33689) ParOldGen: 304968K(305664K)->305024K(305664K)
[14576.783s][info][gc,metaspace   ] GC(33689) Metaspace: 62335K(62592K)->62335K(62592K) NonClass: 53295K(53440K)->53295K(53440K) Class: 9039K(9152K)->9039K(9152K)
[14576.783s][info][gc             ] GC(33689) Pause Young (Allocation Failure) 378M->299M(381M) 2.674ms
[14576.783s][info][gc,cpu         ] GC(33689) User=0.01s Sys=0.00s Real=0.00s
[14577.173s][info][gc,start       ] GC(33690) Pause Young (Allocation Failure)
[14577.175s][info][gc,heap        ] GC(33690) PSYoungGen: 83072K(84480K)->1120K(84480K) Eden: 81920K(81920K)->0K(81920K) From: 1152K(2560K)->1120K(2560K)
[14577.175s][info][gc,heap        ] GC(33690) ParOldGen: 305024K(305664K)->305072K(305664K)
[14577.175s][info][gc,metaspace   ] GC(33690) Metaspace: 62335K(62592K)->62335K(62592K) NonClass: 53295K(53440K)->53295K(53440K) Class: 9039K(9152K)->9039K(9152K)
[14577.175s][info][gc             ] GC(33690) Pause Young (Allocation Failure) 379M->299M(381M) 2.571ms
[14577.175s][info][gc,cpu         ] GC(33690) User=0.00s Sys=0.00s Real=0.00s
[14577.603s][info][gc,start       ] GC(33691) Pause Young (Allocation Failure)
[14577.606s][info][gc,heap        ] GC(33691) PSYoungGen: 83040K(84480K)->1440K(84480K) Eden: 81920K(81920K)->0K(81920K) From: 1120K(2560K)->1440K(2560K)
[14577.606s][info][gc,heap        ] GC(33691) ParOldGen: 305072K(305664K)->305128K(305664K)
[14577.606s][info][gc,metaspace   ] GC(33691) Metaspace: 62335K(62592K)->62335K(62592K) NonClass: 53295K(53440K)->53295K(53440K) Class: 9039K(9152K)->9039K(9152K)
[14577.606s][info][gc             ] GC(33691) Pause Young (Allocation Failure) 379M->299M(381M) 2.930ms
[14577.606s][info][gc,cpu         ] GC(33691) User=0.01s Sys=0.00s Real=0.00s
[14578.049s][info][gc,start       ] GC(33692) Pause Young (Allocation Failure)
[14578.051s][info][gc,heap        ] GC(33692) PSYoungGen: 83360K(84480K)->672K(84480K) Eden: 81920K(81920K)->0K(81920K) From: 1440K(2560K)->672K(2560K)
[14578.051s][info][gc,heap        ] GC(33692) ParOldGen: 305128K(305664K)->305184K(305664K)
[14578.051s][info][gc,metaspace   ] GC(33692) Metaspace: 62335K(62592K)->62335K(62592K) NonClass: 53295K(53440K)->53295K(53440K) Class: 9039K(9152K)->9039K(9152K)
[14578.051s][info][gc             ] GC(33692) Pause Young (Allocation Failure) 379M->298M(381M) 2.170ms
[14578.051s][info][gc,cpu         ] GC(33692) User=0.01s Sys=0.00s Real=0.00s
[14578.463s][info][gc,start       ] GC(33693) Pause Young (Allocation Failure)
[14578.465s][info][gc,heap        ] GC(33693) PSYoungGen: 82592K(84480K)->896K(84480K) Eden: 81920K(81920K)->0K(81920K) From: 672K(2560K)->896K(2560K)
[14578.465s][info][gc,heap        ] GC(33693) ParOldGen: 305184K(305664K)->305240K(305664K)
[14578.465s][info][gc,metaspace   ] GC(33693) Metaspace: 62335K(62592K)->62335K(62592K) NonClass: 53295K(53440K)->53295K(53440K) Class: 9039K(9152K)->9039K(9152K)
[14578.465s][info][gc             ] GC(33693) Pause Young (Allocation Failure) 378M->298M(381M) 2.322ms
[14578.465s][info][gc,cpu         ] GC(33693) User=0.01s Sys=0.00s Real=0.00s
[14578.901s][info][gc,start       ] GC(33694) Pause Young (Allocation Failure)
[14578.904s][info][gc,heap        ] GC(33694) PSYoungGen: 82816K(84480K)->1376K(84480K) Eden: 81920K(81920K)->0K(81920K) From: 896K(2560K)->1376K(2560K)
[14578.904s][info][gc,heap        ] GC(33694) ParOldGen: 305240K(305664K)->305288K(305664K)
[14578.904s][info][gc,metaspace   ] GC(33694) Metaspace: 62335K(62592K)->62335K(62592K) NonClass: 53295K(53440K)->53295K(53440K) Class: 9039K(9152K)->9039K(9152K)
[14578.904s][info][gc             ] GC(33694) Pause Young (Allocation Failure) 378M->299M(381M) 2.911ms
[14578.904s][info][gc,cpu         ] GC(33694) User=0.00s Sys=0.00s Real=0.00s
[14579.374s][info][gc,start       ] GC(33695) Pause Young (Allocation Failure)
[14579.377s][info][gc,heap        ] GC(33695) PSYoungGen: 83296K(84480K)->1120K(84992K) Eden: 81920K(81920K)->0K(82432K) From: 1376K(2560K)->1120K(2560K)
[14579.377s][info][gc,heap        ] GC(33695) ParOldGen: 305288K(305664K)->305344K(305664K)
[14579.377s][info][gc,metaspace   ] GC(33695) Metaspace: 62335K(62592K)->62335K(62592K) NonClass: 53295K(53440K)->53295K(53440K) Class: 9039K(9152K)->9039K(9152K)
[14579.377s][info][gc             ] GC(33695) Pause Young (Allocation Failure) 379M->299M(381M) 2.666ms
[14579.377s][info][gc,cpu         ] GC(33695) User=0.00s Sys=0.00s Real=0.01s
[14579.792s][info][gc,start       ] GC(33696) Pause Young (Allocation Failure)
[14579.794s][info][gc,heap        ] GC(33696) PSYoungGen: 83552K(84992K)->1376K(84480K) Eden: 82432K(82432K)->0K(82432K) From: 1120K(2560K)->1376K(2048K)
[14579.794s][info][gc,heap        ] GC(33696) ParOldGen: 305344K(305664K)->305448K(305664K)
[14579.794s][info][gc,metaspace   ] GC(33696) Metaspace: 62335K(62592K)->62335K(62592K) NonClass: 53295K(53440K)->53295K(53440K) Class: 9039K(9152K)->9039K(9152K)
[14579.794s][info][gc             ] GC(33696) Pause Young (Allocation Failure) 379M->299M(381M) 2.891ms
[14579.795s][info][gc,cpu         ] GC(33696) User=0.01s Sys=0.00s Real=0.00s
[14580.222s][info][gc,start       ] GC(33697) Pause Young (Allocation Failure)
[14580.224s][info][gc,heap        ] GC(33697) PSYoungGen: 83808K(84480K)->288K(83968K) Eden: 82432K(82432K)->0K(81920K) From: 1376K(2048K)->288K(2048K)
[14580.224s][info][gc,heap        ] GC(33697) ParOldGen: 305448K(305664K)->305496K(305664K)
[14580.224s][info][gc,metaspace   ] GC(33697) Metaspace: 62335K(62592K)->62335K(62592K) NonClass: 53295K(53440K)->53295K(53440K) Class: 9039K(9152K)->9039K(9152K)
[14580.224s][info][gc             ] GC(33697) Pause Young (Allocation Failure) 380M->298M(380M) 1.894ms
[14580.224s][info][gc,cpu         ] GC(33697) User=0.00s Sys=0.00s Real=0.00s
[14580.621s][info][gc,start       ] GC(33698) Pause Young (Allocation Failure)
[14580.622s][info][gc,heap        ] GC(33698) PSYoungGen: 82208K(83968K)->224K(84480K) Eden: 81920K(81920K)->0K(81920K) From: 288K(2048K)->224K(2560K)
[14580.622s][info][gc,heap        ] GC(33698) ParOldGen: 305496K(305664K)->305552K(305664K)
[14580.622s][info][gc,metaspace   ] GC(33698) Metaspace: 62335K(62592K)->62335K(62592K) NonClass: 53295K(53440K)->53295K(53440K) Class: 9039K(9152K)->9039K(9152K)
[14580.622s][info][gc             ] GC(33698) Pause Young (Allocation Failure) 378M->298M(381M) 1.887ms
[14580.622s][info][gc,cpu         ] GC(33698) User=0.01s Sys=0.00s Real=0.00s
[14581.059s][info][gc,start       ] GC(33699) Pause Young (Allocation Failure)
[14581.061s][info][gc,heap        ] GC(33699) PSYoungGen: 82144K(84480K)->768K(84992K) Eden: 81920K(81920K)->0K(82432K) From: 224K(2560K)->768K(2560K)
[14581.061s][info][gc,heap        ] GC(33699) ParOldGen: 305552K(305664K)->305608K(305664K)
[14581.061s][info][gc,metaspace   ] GC(33699) Metaspace: 62335K(62592K)->62335K(62592K) NonClass: 53295K(53440K)->53295K(53440K) Class: 9039K(9152K)->9039K(9152K)
[14581.061s][info][gc             ] GC(33699) Pause Young (Allocation Failure) 378M->299M(381M) 2.311ms
[14581.061s][info][gc,cpu         ] GC(33699) User=0.00s Sys=0.00s Real=0.00s
[14581.466s][info][gc,start       ] GC(33700) Pause Young (Allocation Failure)
[14581.468s][info][gc,heap        ] GC(33700) PSYoungGen: 83200K(84992K)->928K(84480K) Eden: 82432K(82432K)->0K(82432K) From: 768K(2560K)->928K(2048K)
[14581.468s][info][gc,heap        ] GC(33700) ParOldGen: 305608K(305664K)->305664K(306176K)
[14581.468s][info][gc,metaspace   ] GC(33700) Metaspace: 62335K(62592K)->62335K(62592K) NonClass: 53295K(53440K)->53295K(53440K) Class: 9039K(9152K)->9039K(9152K)
[14581.468s][info][gc             ] GC(33700) Pause Young (Allocation Failure) 379M->299M(381M) 2.528ms
[14581.468s][info][gc,cpu         ] GC(33700) User=0.00s Sys=0.00s Real=0.01s
[14581.934s][info][gc,start       ] GC(33701) Pause Young (Allocation Failure)
[14581.936s][info][gc,heap        ] GC(33701) PSYoungGen: 83360K(84480K)->416K(84992K) Eden: 82432K(82432K)->0K(82944K) From: 928K(2048K)->416K(2048K)
[14581.936s][info][gc,heap        ] GC(33701) ParOldGen: 305664K(306176K)->305712K(306176K)
[14581.936s][info][gc,metaspace   ] GC(33701) Metaspace: 62335K(62592K)->62335K(62592K) NonClass: 53295K(53440K)->53295K(53440K) Class: 9039K(9152K)->9039K(9152K)
[14581.936s][info][gc             ] GC(33701) Pause Young (Allocation Failure) 379M->298M(382M) 1.984ms
[14581.936s][info][gc,cpu         ] GC(33701) User=0.00s Sys=0.01s Real=0.01s
[14582.349s][info][gc,start       ] GC(33702) Pause Young (Allocation Failure)
[14582.351s][info][gc,heap        ] GC(33702) PSYoungGen: 83360K(84992K)->736K(84992K) Eden: 82944K(82944K)->0K(82944K) From: 416K(2048K)->736K(2048K)
[14582.351s][info][gc,heap        ] GC(33702) ParOldGen: 305712K(306176K)->305760K(306176K)
[14582.351s][info][gc,metaspace   ] GC(33702) Metaspace: 62335K(62592K)->62335K(62592K) NonClass: 53295K(53440K)->53295K(53440K) Class: 9039K(9152K)->9039K(9152K)
[14582.351s][info][gc             ] GC(33702) Pause Young (Allocation Failure) 379M->299M(382M) 2.302ms
[14582.351s][info][gc,cpu         ] GC(33702) User=0.00s Sys=0.00s Real=0.00s
[14582.759s][info][gc,start       ] GC(33703) Pause Young (Allocation Failure)
[14582.761s][info][gc,heap        ] GC(33703) PSYoungGen: 83680K(84992K)->768K(84992K) Eden: 82944K(82944K)->0K(82944K) From: 736K(2048K)->768K(2048K)
[14582.761s][info][gc,heap        ] GC(33703) ParOldGen: 305760K(306176K)->305816K(306176K)
[14582.761s][info][gc,metaspace   ] GC(33703) Metaspace: 62335K(62592K)->62335K(62592K) NonClass: 53295K(53440K)->53295K(53440K) Class: 9039K(9152K)->9039K(9152K)
[14582.761s][info][gc             ] GC(33703) Pause Young (Allocation Failure) 380M->299M(382M) 2.327ms
[14582.761s][info][gc,cpu         ] GC(33703) User=0.01s Sys=0.00s Real=0.00s
[14583.161s][info][gc,start       ] GC(33704) Pause Young (Allocation Failure)
[14583.164s][info][gc,heap        ] GC(33704) PSYoungGen: 83712K(84992K)->896K(84992K) Eden: 82944K(82944K)->0K(82944K) From: 768K(2048K)->896K(2048K)
[14583.164s][info][gc,heap        ] GC(33704) ParOldGen: 305816K(306176K)->305864K(306176K)
[14583.164s][info][gc,metaspace   ] GC(33704) Metaspace: 62335K(62592K)->62335K(62592K) NonClass: 53295K(53440K)->53295K(53440K) Class: 9039K(9152K)->9039K(9152K)
[14583.164s][info][gc             ] GC(33704) Pause Young (Allocation Failure) 380M->299M(382M) 2.368ms
[14583.164s][info][gc,cpu         ] GC(33704) User=0.00s Sys=0.00s Real=0.00s
[14583.569s][info][gc,start       ] GC(33705) Pause Young (Allocation Failure)
[14583.572s][info][gc,heap        ] GC(33705) PSYoungGen: 83840K(84992K)->1056K(84992K) Eden: 82944K(82944K)->0K(82944K) From: 896K(2048K)->1056K(2048K)
[14583.572s][info][gc,heap        ] GC(33705) ParOldGen: 305864K(306176K)->305912K(306176K)
[14583.572s][info][gc,metaspace   ] GC(33705) Metaspace: 62335K(62592K)->62335K(62592K) NonClass: 53295K(53440K)->53295K(53440K) Class: 9039K(9152K)->9039K(9152K)
[14583.572s][info][gc             ] GC(33705) Pause Young (Allocation Failure) 380M->299M(382M) 2.562ms
[14583.572s][info][gc,cpu         ] GC(33705) User=0.01s Sys=0.00s Real=0.00s
[14583.960s][info][gc,start       ] GC(33706) Pause Young (Allocation Failure)
[14583.963s][info][gc,heap        ] GC(33706) PSYoungGen: 84000K(84992K)->1888K(84992K) Eden: 82944K(82944K)->0K(82944K) From: 1056K(2048K)->1888K(2048K)
[14583.963s][info][gc,heap        ] GC(33706) ParOldGen: 305912K(306176K)->307000K(307712K)
[14583.963s][info][gc,metaspace   ] GC(33706) Metaspace: 62335K(62592K)->62335K(62592K) NonClass: 53295K(53440K)->53295K(53440K) Class: 9039K(9152K)->9039K(9152K)
[14583.963s][info][gc             ] GC(33706) Pause Young (Allocation Failure) 380M->301M(383M) 3.076ms
[14583.963s][info][gc,cpu         ] GC(33706) User=0.01s Sys=0.00s Real=0.00s
[14584.367s][info][gc,start       ] GC(33707) Pause Young (Allocation Failure)
[14584.371s][info][gc,heap        ] GC(33707) PSYoungGen: 84832K(84992K)->960K(84992K) Eden: 82944K(82944K)->0K(82944K) From: 1888K(2048K)->960K(2048K)
[14584.371s][info][gc,heap        ] GC(33707) ParOldGen: 307000K(307712K)->309104K(309248K)
[14584.371s][info][gc,metaspace   ] GC(33707) Metaspace: 62335K(62592K)->62335K(62592K) NonClass: 53295K(53440K)->53295K(53440K) Class: 9039K(9152K)->9039K(9152K)
[14584.371s][info][gc             ] GC(33707) Pause Young (Allocation Failure) 382M->302M(385M) 3.641ms
[14584.371s][info][gc,cpu         ] GC(33707) User=0.01s Sys=0.00s Real=0.00s
[14584.770s][info][gc,start       ] GC(33708) Pause Young (Allocation Failure)
[14584.773s][info][gc,heap        ] GC(33708) PSYoungGen: 83904K(84992K)->1024K(84992K) Eden: 82944K(82944K)->0K(82944K) From: 960K(2048K)->1024K(2048K)
[14584.773s][info][gc,heap        ] GC(33708) ParOldGen: 309104K(309248K)->309152K(309248K)
[14584.773s][info][gc,metaspace   ] GC(33708) Metaspace: 62335K(62592K)->62335K(62592K) NonClass: 53295K(53440K)->53295K(53440K) Class: 9039K(9152K)->9039K(9152K)
[14584.773s][info][gc             ] GC(33708) Pause Young (Allocation Failure) 383M->302M(385M) 2.487ms
[14584.773s][info][gc,cpu         ] GC(33708) User=0.01s Sys=0.00s Real=0.00s
[14585.163s][info][gc,start       ] GC(33709) Pause Young (Allocation Failure)
[14585.165s][info][gc,heap        ] GC(33709) PSYoungGen: 83968K(84992K)->896K(84992K) Eden: 82944K(82944K)->0K(82944K) From: 1024K(2048K)->896K(2048K)
[14585.165s][info][gc,heap        ] GC(33709) ParOldGen: 309152K(309248K)->309200K(309248K)
[14585.165s][info][gc,metaspace   ] GC(33709) Metaspace: 62335K(62592K)->62335K(62592K) NonClass: 53295K(53440K)->53295K(53440K) Class: 9039K(9152K)->9039K(9152K)
[14585.165s][info][gc             ] GC(33709) Pause Young (Allocation Failure) 383M->302M(385M) 2.390ms
[14585.166s][info][gc,cpu         ] GC(33709) User=0.00s Sys=0.00s Real=0.00s
[14585.561s][info][gc,start       ] GC(33710) Pause Young (Allocation Failure)
[14585.563s][info][gc,heap        ] GC(33710) PSYoungGen: 83840K(84992K)->896K(84992K) Eden: 82944K(82944K)->0K(82944K) From: 896K(2048K)->896K(2048K)
[14585.563s][info][gc,heap        ] GC(33710) ParOldGen: 309200K(309248K)->309248K(309760K)
[14585.563s][info][gc,metaspace   ] GC(33710) Metaspace: 62335K(62592K)->62335K(62592K) NonClass: 53295K(53440K)->53295K(53440K) Class: 9039K(9152K)->9039K(9152K)
[14585.563s][info][gc             ] GC(33710) Pause Young (Allocation Failure) 383M->302M(385M) 2.467ms
[14585.563s][info][gc,cpu         ] GC(33710) User=0.00s Sys=0.00s Real=0.00s
[14585.948s][info][gc,start       ] GC(33711) Pause Young (Allocation Failure)
[14585.950s][info][gc,heap        ] GC(33711) PSYoungGen: 83840K(84992K)->672K(84992K) Eden: 82944K(82944K)->0K(82944K) From: 896K(2048K)->672K(2048K)
[14585.950s][info][gc,heap        ] GC(33711) ParOldGen: 309248K(309760K)->309296K(309760K)
[14585.950s][info][gc,metaspace   ] GC(33711) Metaspace: 62335K(62592K)->62335K(62592K) NonClass: 53295K(53440K)->53295K(53440K) Class: 9039K(9152K)->9039K(9152K)
[14585.950s][info][gc             ] GC(33711) Pause Young (Allocation Failure) 383M->302M(385M) 2.285ms
[14585.950s][info][gc,cpu         ] GC(33711) User=0.01s Sys=0.00s Real=0.00s
[14586.447s][info][gc,start       ] GC(33712) Pause Young (Allocation Failure)
[14586.449s][info][gc,heap        ] GC(33712) PSYoungGen: 83616K(84992K)->656K(84992K) Eden: 82944K(82944K)->0K(82944K) From: 672K(2048K)->656K(2048K)
[14586.449s][info][gc,heap        ] GC(33712) ParOldGen: 309296K(309760K)->309344K(309760K)
[14586.449s][info][gc,metaspace   ] GC(33712) Metaspace: 62335K(62592K)->62335K(62592K) NonClass: 53295K(53440K)->53295K(53440K) Class: 9039K(9152K)->9039K(9152K)
[14586.449s][info][gc             ] GC(33712) Pause Young (Allocation Failure) 383M->302M(385M) 2.271ms
[14586.450s][info][gc,cpu         ] GC(33712) User=0.00s Sys=0.00s Real=0.00s
[14586.896s][info][gc,start       ] GC(33713) Pause Young (Allocation Failure)
[14586.899s][info][gc,heap        ] GC(33713) PSYoungGen: 83600K(84992K)->1312K(84992K) Eden: 82944K(82944K)->0K(82944K) From: 656K(2048K)->1312K(2048K)
[14586.899s][info][gc,heap        ] GC(33713) ParOldGen: 309344K(309760K)->309448K(309760K)
[14586.899s][info][gc,metaspace   ] GC(33713) Metaspace: 62335K(62592K)->62335K(62592K) NonClass: 53295K(53440K)->53295K(53440K) Class: 9039K(9152K)->9039K(9152K)
[14586.899s][info][gc             ] GC(33713) Pause Young (Allocation Failure) 383M->303M(385M) 2.978ms
[14586.899s][info][gc,cpu         ] GC(33713) User=0.01s Sys=0.00s Real=0.01s
[14587.345s][info][gc,start       ] GC(33714) Pause Young (Allocation Failure)
[14587.347s][info][gc,heap        ] GC(33714) PSYoungGen: 84256K(84992K)->608K(84992K) Eden: 82944K(82944K)->0K(82944K) From: 1312K(2048K)->608K(2048K)
[14587.347s][info][gc,heap        ] GC(33714) ParOldGen: 309448K(309760K)->309496K(309760K)
[14587.347s][info][gc,metaspace   ] GC(33714) Metaspace: 62335K(62592K)->62335K(62592K) NonClass: 53295K(53440K)->53295K(53440K) Class: 9039K(9152K)->9039K(9152K)
[14587.348s][info][gc             ] GC(33714) Pause Young (Allocation Failure) 384M->302M(385M) 2.165ms
[14587.348s][info][gc,cpu         ] GC(33714) User=0.00s Sys=0.00s Real=0.01s
[14587.821s][info][gc,start       ] GC(33715) Pause Young (Allocation Failure)
[14587.823s][info][gc,heap        ] GC(33715) PSYoungGen: 83552K(84992K)->224K(84992K) Eden: 82944K(82944K)->0K(82944K) From: 608K(2048K)->224K(2048K)
[14587.823s][info][gc,heap        ] GC(33715) ParOldGen: 309496K(309760K)->309544K(309760K)
[14587.823s][info][gc,metaspace   ] GC(33715) Metaspace: 62335K(62592K)->62335K(62592K) NonClass: 53295K(53440K)->53295K(53440K) Class: 9039K(9152K)->9039K(9152K)
[14587.823s][info][gc             ] GC(33715) Pause Young (Allocation Failure) 383M->302M(385M) 1.905ms
[14587.823s][info][gc,cpu         ] GC(33715) User=0.01s Sys=0.00s Real=0.00s
[14588.259s][info][gc,start       ] GC(33716) Pause Young (Allocation Failure)
[14588.262s][info][gc,heap        ] GC(33716) PSYoungGen: 83168K(84992K)->1856K(84992K) Eden: 82944K(82944K)->0K(82944K) From: 224K(2048K)->1856K(2048K)
[14588.262s][info][gc,heap        ] GC(33716) ParOldGen: 309544K(309760K)->310624K(311296K)
[14588.262s][info][gc,metaspace   ] GC(33716) Metaspace: 62335K(62592K)->62335K(62592K) NonClass: 53295K(53440K)->53295K(53440K) Class: 9039K(9152K)->9039K(9152K)
[14588.262s][info][gc             ] GC(33716) Pause Young (Allocation Failure) 383M->305M(387M) 3.124ms
[14588.262s][info][gc,cpu         ] GC(33716) User=0.00s Sys=0.00s Real=0.00s
[14588.646s][info][gc,start       ] GC(33717) Pause Young (Allocation Failure)
[14588.649s][info][gc,heap        ] GC(33717) PSYoungGen: 84800K(84992K)->672K(84992K) Eden: 82944K(82944K)->0K(82944K) From: 1856K(2048K)->672K(2048K)
[14588.649s][info][gc,heap        ] GC(33717) ParOldGen: 310624K(311296K)->312728K(312832K)
[14588.649s][info][gc,metaspace   ] GC(33717) Metaspace: 62335K(62592K)->62335K(62592K) NonClass: 53295K(53440K)->53295K(53440K) Class: 9039K(9152K)->9039K(9152K)
[14588.649s][info][gc             ] GC(33717) Pause Young (Allocation Failure) 386M->306M(388M) 3.515ms
[14588.649s][info][gc,cpu         ] GC(33717) User=0.00s Sys=0.01s Real=0.01s
[14589.071s][info][gc,start       ] GC(33718) Pause Young (Allocation Failure)
[14589.074s][info][gc,heap        ] GC(33718) PSYoungGen: 83616K(84992K)->992K(84992K) Eden: 82944K(82944K)->0K(82944K) From: 672K(2048K)->992K(2048K)
[14589.074s][info][gc,heap        ] GC(33718) ParOldGen: 312728K(312832K)->312776K(312832K)
[14589.074s][info][gc,metaspace   ] GC(33718) Metaspace: 62335K(62592K)->62335K(62592K) NonClass: 53295K(53440K)->53295K(53440K) Class: 9039K(9152K)->9039K(9152K)
[14589.074s][info][gc             ] GC(33718) Pause Young (Allocation Failure) 387M->306M(388M) 2.629ms
[14589.074s][info][gc,cpu         ] GC(33718) User=0.00s Sys=0.00s Real=0.00s
[14589.520s][info][gc,start       ] GC(33719) Pause Young (Allocation Failure)
[14589.522s][info][gc,heap        ] GC(33719) PSYoungGen: 83936K(84992K)->224K(84992K) Eden: 82944K(82944K)->0K(82944K) From: 992K(2048K)->224K(2048K)
[14589.522s][info][gc,heap        ] GC(33719) ParOldGen: 312776K(312832K)->312824K(312832K)
[14589.522s][info][gc,metaspace   ] GC(33719) Metaspace: 62338K(62656K)->62338K(62656K) NonClass: 53298K(53504K)->53298K(53504K) Class: 9039K(9152K)->9039K(9152K)
[14589.522s][info][gc             ] GC(33719) Pause Young (Allocation Failure) 387M->305M(388M) 1.884ms
[14589.522s][info][gc,cpu         ] GC(33719) User=0.01s Sys=0.00s Real=0.00s
[14589.985s][info][gc,start       ] GC(33720) Pause Young (Allocation Failure)
[14589.987s][info][gc,heap        ] GC(33720) PSYoungGen: 83168K(84992K)->1152K(84992K) Eden: 82944K(82944K)->0K(82944K) From: 224K(2048K)->1152K(2048K)
[14589.987s][info][gc,heap        ] GC(33720) ParOldGen: 312824K(312832K)->312880K(313344K)
[14589.987s][info][gc,metaspace   ] GC(33720) Metaspace: 62338K(62656K)->62338K(62656K) NonClass: 53298K(53504K)->53298K(53504K) Class: 9039K(9152K)->9039K(9152K)
[14589.987s][info][gc             ] GC(33720) Pause Young (Allocation Failure) 386M->306M(389M) 2.718ms
[14589.987s][info][gc,cpu         ] GC(33720) User=0.00s Sys=0.00s Real=0.01s
[14590.432s][info][gc,start       ] GC(33721) Pause Young (Allocation Failure)
[14590.434s][info][gc,heap        ] GC(33721) PSYoungGen: 84096K(84992K)->384K(84992K) Eden: 82944K(82944K)->0K(82944K) From: 1152K(2048K)->384K(2048K)
[14590.434s][info][gc,heap        ] GC(33721) ParOldGen: 312880K(313344K)->312936K(313344K)
[14590.434s][info][gc,metaspace   ] GC(33721) Metaspace: 62338K(62656K)->62338K(62656K) NonClass: 53298K(53504K)->53298K(53504K) Class: 9039K(9152K)->9039K(9152K)
[14590.434s][info][gc             ] GC(33721) Pause Young (Allocation Failure) 387M->305M(389M) 2.241ms
[14590.434s][info][gc,cpu         ] GC(33721) User=0.00s Sys=0.00s Real=0.00s
[14590.857s][info][gc,start       ] GC(33722) Pause Young (Allocation Failure)
[14590.860s][info][gc,heap        ] GC(33722) PSYoungGen: 83328K(84992K)->800K(84992K) Eden: 82944K(82944K)->0K(82944K) From: 384K(2048K)->800K(2048K)
[14590.860s][info][gc,heap        ] GC(33722) ParOldGen: 312936K(313344K)->312984K(313344K)
[14590.860s][info][gc,metaspace   ] GC(33722) Metaspace: 62338K(62656K)->62338K(62656K) NonClass: 53298K(53504K)->53298K(53504K) Class: 9039K(9152K)->9039K(9152K)
[14590.860s][info][gc             ] GC(33722) Pause Young (Allocation Failure) 386M->306M(389M) 2.350ms
[14590.860s][info][gc,cpu         ] GC(33722) User=0.00s Sys=0.01s Real=0.00s
[14591.310s][info][gc,start       ] GC(33723) Pause Young (Allocation Failure)
[14591.313s][info][gc,heap        ] GC(33723) PSYoungGen: 83744K(84992K)->1504K(84992K) Eden: 82944K(82944K)->0K(82944K) From: 800K(2048K)->1504K(2048K)
[14591.313s][info][gc,heap        ] GC(33723) ParOldGen: 312984K(313344K)->313032K(313344K)
[14591.313s][info][gc,metaspace   ] GC(33723) Metaspace: 62338K(62656K)->62338K(62656K) NonClass: 53298K(53504K)->53298K(53504K) Class: 9039K(9152K)->9039K(9152K)
[14591.313s][info][gc             ] GC(33723) Pause Young (Allocation Failure) 387M->307M(389M) 2.976ms
[14591.313s][info][gc,cpu         ] GC(33723) User=0.01s Sys=0.00s Real=0.00s
[14591.789s][info][gc,start       ] GC(33724) Pause Young (Allocation Failure)
[14591.792s][info][gc,heap        ] GC(33724) PSYoungGen: 84448K(84992K)->1152K(84992K) Eden: 82944K(82944K)->0K(82944K) From: 1504K(2048K)->1152K(2048K)
[14591.792s][info][gc,heap        ] GC(33724) ParOldGen: 313032K(313344K)->313080K(313344K)
[14591.792s][info][gc,metaspace   ] GC(33724) Metaspace: 62338K(62656K)->62338K(62656K) NonClass: 53298K(53504K)->53298K(53504K) Class: 9039K(9152K)->9039K(9152K)
[14591.792s][info][gc             ] GC(33724) Pause Young (Allocation Failure) 388M->306M(389M) 2.891ms
[14591.792s][info][gc,cpu         ] GC(33724) User=0.00s Sys=0.00s Real=0.00s
[14592.277s][info][gc,start       ] GC(33725) Pause Young (Allocation Failure)
[14592.279s][info][gc,heap        ] GC(33725) PSYoungGen: 84096K(84992K)->1024K(84992K) Eden: 82944K(82944K)->0K(82944K) From: 1152K(2048K)->1024K(2048K)
[14592.279s][info][gc,heap        ] GC(33725) ParOldGen: 313080K(313344K)->313136K(313344K)
[14592.279s][info][gc,metaspace   ] GC(33725) Metaspace: 62338K(62656K)->62338K(62656K) NonClass: 53298K(53504K)->53298K(53504K) Class: 9039K(9152K)->9039K(9152K)
[14592.279s][info][gc             ] GC(33725) Pause Young (Allocation Failure) 387M->306M(389M) 2.696ms
[14592.279s][info][gc,cpu         ] GC(33725) User=0.01s Sys=0.00s Real=0.00s
[14592.733s][info][gc,start       ] GC(33726) Pause Young (Allocation Failure)
[14592.735s][info][gc,heap        ] GC(33726) PSYoungGen: 83968K(84992K)->384K(84992K) Eden: 82944K(82944K)->0K(82944K) From: 1024K(2048K)->384K(2048K)
[14592.735s][info][gc,heap        ] GC(33726) ParOldGen: 313136K(313344K)->313184K(313344K)
[14592.735s][info][gc,metaspace   ] GC(33726) Metaspace: 62338K(62656K)->62338K(62656K) NonClass: 53298K(53504K)->53298K(53504K) Class: 9039K(9152K)->9039K(9152K)
[14592.735s][info][gc             ] GC(33726) Pause Young (Allocation Failure) 387M->306M(389M) 2.019ms
[14592.735s][info][gc,cpu         ] GC(33726) User=0.00s Sys=0.00s Real=0.00s
[14593.180s][info][gc,start       ] GC(33727) Pause Young (Allocation Failure)
[14593.184s][info][gc,heap        ] GC(33727) PSYoungGen: 83328K(84992K)->2016K(82944K) Eden: 82944K(82944K)->0K(80896K) From: 384K(2048K)->2016K(2048K)
[14593.184s][info][gc,heap        ] GC(33727) ParOldGen: 313184K(313344K)->314328K(314880K)
[14593.184s][info][gc,metaspace   ] GC(33727) Metaspace: 62338K(62656K)->62338K(62656K) NonClass: 53298K(53504K)->53298K(53504K) Class: 9039K(9152K)->9039K(9152K)
[14593.184s][info][gc             ] GC(33727) Pause Young (Allocation Failure) 387M->308M(388M) 3.819ms
[14593.184s][info][gc,cpu         ] GC(33727) User=0.00s Sys=0.00s Real=0.00s
[14593.664s][info][gc,start       ] GC(33728) Pause Young (Allocation Failure)
[14593.667s][info][gc,heap        ] GC(33728) PSYoungGen: 82912K(82944K)->816K(83968K) Eden: 80896K(80896K)->0K(80896K) From: 2016K(2048K)->816K(3072K)
[14593.667s][info][gc,heap        ] GC(33728) ParOldGen: 314328K(314880K)->316408K(316416K)
[14593.667s][info][gc,metaspace   ] GC(33728) Metaspace: 62338K(62656K)->62338K(62656K) NonClass: 53298K(53504K)->53298K(53504K) Class: 9039K(9152K)->9039K(9152K)
[14593.667s][info][gc             ] GC(33728) Pause Young (Allocation Failure) 387M->309M(391M) 3.466ms
[14593.667s][info][gc,cpu         ] GC(33728) User=0.01s Sys=0.00s Real=0.01s
[14594.071s][info][gc,start       ] GC(33729) Pause Young (Allocation Failure)
[14594.074s][info][gc,heap        ] GC(33729) PSYoungGen: 81712K(83968K)->1056K(84480K) Eden: 80896K(80896K)->0K(81920K) From: 816K(3072K)->1056K(2560K)
[14594.074s][info][gc,heap        ] GC(33729) ParOldGen: 316408K(316416K)->316520K(316928K)
[14594.074s][info][gc,metaspace   ] GC(33729) Metaspace: 62338K(62656K)->62338K(62656K) NonClass: 53298K(53504K)->53298K(53504K) Class: 9039K(9152K)->9039K(9152K)
[14594.074s][info][gc             ] GC(33729) Pause Young (Allocation Failure) 388M->310M(392M) 2.639ms
[14594.074s][info][gc,cpu         ] GC(33729) User=0.00s Sys=0.00s Real=0.00s
[14594.495s][info][gc,start       ] GC(33730) Pause Young (Allocation Failure)
[14594.498s][info][gc,heap        ] GC(33730) PSYoungGen: 82976K(84480K)->1376K(84480K) Eden: 81920K(81920K)->0K(81920K) From: 1056K(2560K)->1376K(2560K)
[14594.498s][info][gc,heap        ] GC(33730) ParOldGen: 316520K(316928K)->316576K(316928K)
[14594.498s][info][gc,metaspace   ] GC(33730) Metaspace: 62338K(62656K)->62338K(62656K) NonClass: 53298K(53504K)->53298K(53504K) Class: 9039K(9152K)->9039K(9152K)
[14594.498s][info][gc             ] GC(33730) Pause Young (Allocation Failure) 390M->310M(392M) 2.824ms
[14594.498s][info][gc,cpu         ] GC(33730) User=0.00s Sys=0.00s Real=0.01s
[14594.908s][info][gc,start       ] GC(33731) Pause Young (Allocation Failure)
[14594.911s][info][gc,heap        ] GC(33731) PSYoungGen: 83296K(84480K)->1632K(84480K) Eden: 81920K(81920K)->0K(81920K) From: 1376K(2560K)->1632K(2560K)
[14594.911s][info][gc,heap        ] GC(33731) ParOldGen: 316576K(316928K)->316632K(316928K)
[14594.911s][info][gc,metaspace   ] GC(33731) Metaspace: 62338K(62656K)->62338K(62656K) NonClass: 53298K(53504K)->53298K(53504K) Class: 9039K(9152K)->9039K(9152K)
[14594.911s][info][gc             ] GC(33731) Pause Young (Allocation Failure) 390M->310M(392M) 3.118ms
[14594.911s][info][gc,cpu         ] GC(33731) User=0.01s Sys=0.00s Real=0.00s
[14595.339s][info][gc,start       ] GC(33732) Pause Young (Allocation Failure)
[14595.341s][info][gc,heap        ] GC(33732) PSYoungGen: 83552K(84480K)->608K(84480K) Eden: 81920K(81920K)->0K(81920K) From: 1632K(2560K)->608K(2560K)
[14595.341s][info][gc,heap        ] GC(33732) ParOldGen: 316632K(316928K)->316680K(316928K)
[14595.341s][info][gc,metaspace   ] GC(33732) Metaspace: 62338K(62656K)->62338K(62656K) NonClass: 53298K(53504K)->53298K(53504K) Class: 9039K(9152K)->9039K(9152K)
[14595.341s][info][gc             ] GC(33732) Pause Young (Allocation Failure) 390M->309M(392M) 2.280ms
[14595.341s][info][gc,cpu         ] GC(33732) User=0.00s Sys=0.00s Real=0.00s
[14595.760s][info][gc,start       ] GC(33733) Pause Young (Allocation Failure)
[14595.763s][info][gc,heap        ] GC(33733) PSYoungGen: 82528K(84480K)->800K(84480K) Eden: 81920K(81920K)->0K(81920K) From: 608K(2560K)->800K(2560K)
[14595.763s][info][gc,heap        ] GC(33733) ParOldGen: 316680K(316928K)->316736K(316928K)
[14595.763s][info][gc,metaspace   ] GC(33733) Metaspace: 62338K(62656K)->62338K(62656K) NonClass: 53298K(53504K)->53298K(53504K) Class: 9039K(9152K)->9039K(9152K)
[14595.763s][info][gc             ] GC(33733) Pause Young (Allocation Failure) 389M->310M(392M) 2.477ms
[14595.763s][info][gc,cpu         ] GC(33733) User=0.00s Sys=0.00s Real=0.00s
[14596.186s][info][gc,start       ] GC(33734) Pause Young (Allocation Failure)
[14596.189s][info][gc,heap        ] GC(33734) PSYoungGen: 82720K(84480K)->1184K(84480K) Eden: 81920K(81920K)->0K(81920K) From: 800K(2560K)->1184K(2560K)
[14596.189s][info][gc,heap        ] GC(33734) ParOldGen: 316736K(316928K)->316784K(316928K)
[14596.189s][info][gc,metaspace   ] GC(33734) Metaspace: 62338K(62656K)->62338K(62656K) NonClass: 53298K(53504K)->53298K(53504K) Class: 9039K(9152K)->9039K(9152K)
[14596.189s][info][gc             ] GC(33734) Pause Young (Allocation Failure) 390M->310M(392M) 2.800ms
[14596.189s][info][gc,cpu         ] GC(33734) User=0.00s Sys=0.00s Real=0.00s
[14596.645s][info][gc,start       ] GC(33735) Pause Young (Allocation Failure)
[14596.647s][info][gc,heap        ] GC(33735) PSYoungGen: 83104K(84480K)->544K(84480K) Eden: 81920K(81920K)->0K(81920K) From: 1184K(2560K)->544K(2560K)
[14596.647s][info][gc,heap        ] GC(33735) ParOldGen: 316784K(316928K)->316832K(316928K)
[14596.647s][info][gc,metaspace   ] GC(33735) Metaspace: 62338K(62656K)->62338K(62656K) NonClass: 53298K(53504K)->53298K(53504K) Class: 9039K(9152K)->9039K(9152K)
[14596.647s][info][gc             ] GC(33735) Pause Young (Allocation Failure) 390M->309M(392M) 2.240ms
[14596.647s][info][gc,cpu         ] GC(33735) User=0.01s Sys=0.00s Real=0.01s
[14597.072s][info][gc,start       ] GC(33736) Pause Young (Allocation Failure)
[14597.074s][info][gc,heap        ] GC(33736) PSYoungGen: 82464K(84480K)->1056K(84480K) Eden: 81920K(81920K)->0K(81920K) From: 544K(2560K)->1056K(2560K)
[14597.074s][info][gc,heap        ] GC(33736) ParOldGen: 316832K(316928K)->316880K(316928K)
[14597.074s][info][gc,metaspace   ] GC(33736) Metaspace: 62338K(62656K)->62338K(62656K) NonClass: 53298K(53504K)->53298K(53504K) Class: 9039K(9152K)->9039K(9152K)
[14597.074s][info][gc             ] GC(33736) Pause Young (Allocation Failure) 389M->310M(392M) 2.598ms
[14597.074s][info][gc,cpu         ] GC(33736) User=0.00s Sys=0.00s Real=0.00s
[14597.484s][info][gc,start       ] GC(33737) Pause Young (Allocation Failure)
[14597.488s][info][gc,heap        ] GC(33737) PSYoungGen: 82976K(84480K)->2240K(84480K) Eden: 81920K(81920K)->0K(81920K) From: 1056K(2560K)->2240K(2560K)
[14597.488s][info][gc,heap        ] GC(33737) ParOldGen: 316880K(316928K)->317960K(318464K)
[14597.488s][info][gc,metaspace   ] GC(33737) Metaspace: 62338K(62656K)->62338K(62656K) NonClass: 53298K(53504K)->53298K(53504K) Class: 9039K(9152K)->9039K(9152K)
[14597.488s][info][gc             ] GC(33737) Pause Young (Allocation Failure) 390M->312M(393M) 3.499ms
[14597.488s][info][gc,cpu         ] GC(33737) User=0.01s Sys=0.00s Real=0.01s
[14597.907s][info][gc,start       ] GC(33738) Pause Young (Allocation Failure)
[14597.911s][info][gc,heap        ] GC(33738) PSYoungGen: 84160K(84480K)->1632K(84480K) Eden: 81920K(81920K)->0K(81920K) From: 2240K(2560K)->1632K(2560K)
[14597.911s][info][gc,heap        ] GC(33738) ParOldGen: 317960K(318464K)->320056K(321536K)
[14597.911s][info][gc,metaspace   ] GC(33738) Metaspace: 62338K(62656K)->62338K(62656K) NonClass: 53298K(53504K)->53298K(53504K) Class: 9039K(9152K)->9039K(9152K)
[14597.911s][info][gc             ] GC(33738) Pause Young (Allocation Failure) 392M->314M(396M) 4.329ms
[14597.911s][info][gc,cpu         ] GC(33738) User=0.00s Sys=0.00s Real=0.00s
[14598.323s][info][gc,start       ] GC(33739) Pause Young (Allocation Failure)
[14598.325s][info][gc,heap        ] GC(33739) PSYoungGen: 83552K(84480K)->256K(84480K) Eden: 81920K(81920K)->0K(81920K) From: 1632K(2560K)->256K(2560K)
[14598.325s][info][gc,heap        ] GC(33739) ParOldGen: 320056K(321536K)->320104K(321536K)
[14598.325s][info][gc,metaspace   ] GC(33739) Metaspace: 62338K(62656K)->62338K(62656K) NonClass: 53298K(53504K)->53298K(53504K) Class: 9039K(9152K)->9039K(9152K)
[14598.325s][info][gc             ] GC(33739) Pause Young (Allocation Failure) 394M->312M(396M) 1.984ms
[14598.325s][info][gc,cpu         ] GC(33739) User=0.00s Sys=0.00s Real=0.00s
[14598.754s][info][gc,start       ] GC(33740) Pause Young (Allocation Failure)
[14598.756s][info][gc,heap        ] GC(33740) PSYoungGen: 82176K(84480K)->768K(84480K) Eden: 81920K(81920K)->0K(81920K) From: 256K(2560K)->768K(2560K)
[14598.756s][info][gc,heap        ] GC(33740) ParOldGen: 320104K(321536K)->320152K(321536K)
[14598.756s][info][gc,metaspace   ] GC(33740) Metaspace: 62338K(62656K)->62338K(62656K) NonClass: 53298K(53504K)->53298K(53504K) Class: 9039K(9152K)->9039K(9152K)
[14598.756s][info][gc             ] GC(33740) Pause Young (Allocation Failure) 392M->313M(396M) 2.415ms
[14598.756s][info][gc,cpu         ] GC(33740) User=0.00s Sys=0.00s Real=0.01s
[14599.169s][info][gc,start       ] GC(33741) Pause Young (Allocation Failure)
[14599.171s][info][gc,heap        ] GC(33741) PSYoungGen: 82688K(84480K)->992K(84480K) Eden: 81920K(81920K)->0K(81920K) From: 768K(2560K)->992K(2560K)
[14599.171s][info][gc,heap        ] GC(33741) ParOldGen: 320152K(321536K)->320200K(321536K)
[14599.171s][info][gc,metaspace   ] GC(33741) Metaspace: 62338K(62656K)->62338K(62656K) NonClass: 53298K(53504K)->53298K(53504K) Class: 9039K(9152K)->9039K(9152K)
[14599.171s][info][gc             ] GC(33741) Pause Young (Allocation Failure) 393M->313M(396M) 2.540ms
[14599.171s][info][gc,cpu         ] GC(33741) User=0.00s Sys=0.01s Real=0.00s
[14599.605s][info][gc,start       ] GC(33742) Pause Young (Allocation Failure)
[14599.608s][info][gc,heap        ] GC(33742) PSYoungGen: 82912K(84480K)->1568K(84480K) Eden: 81920K(81920K)->0K(81920K) From: 992K(2560K)->1568K(2560K)
[14599.608s][info][gc,heap        ] GC(33742) ParOldGen: 320200K(321536K)->320256K(321536K)
[14599.608s][info][gc,metaspace   ] GC(33742) Metaspace: 62338K(62656K)->62338K(62656K) NonClass: 53298K(53504K)->53298K(53504K) Class: 9039K(9152K)->9039K(9152K)
[14599.608s][info][gc             ] GC(33742) Pause Young (Allocation Failure) 393M->314M(396M) 3.085ms
[14599.608s][info][gc,cpu         ] GC(33742) User=0.00s Sys=0.00s Real=0.01s
[14600.008s][info][gc,start       ] GC(33743) Pause Young (Allocation Failure)
[14600.011s][info][gc,heap        ] GC(33743) PSYoungGen: 83488K(84480K)->1632K(84480K) Eden: 81920K(81920K)->0K(81920K) From: 1568K(2560K)->1632K(2560K)
[14600.011s][info][gc,heap        ] GC(33743) ParOldGen: 320256K(321536K)->320304K(321536K)
[14600.011s][info][gc,metaspace   ] GC(33743) Metaspace: 62338K(62656K)->62338K(62656K) NonClass: 53298K(53504K)->53298K(53504K) Class: 9039K(9152K)->9039K(9152K)
[14600.011s][info][gc             ] GC(33743) Pause Young (Allocation Failure) 394M->314M(396M) 3.250ms
[14600.011s][info][gc,cpu         ] GC(33743) User=0.01s Sys=0.00s Real=0.00s
[14600.425s][info][gc,start       ] GC(33744) Pause Young (Allocation Failure)
[14600.427s][info][gc,heap        ] GC(33744) PSYoungGen: 83552K(84480K)->288K(84480K) Eden: 81920K(81920K)->0K(81920K) From: 1632K(2560K)->288K(2560K)
[14600.427s][info][gc,heap        ] GC(33744) ParOldGen: 320304K(321536K)->320352K(321536K)
[14600.427s][info][gc,metaspace   ] GC(33744) Metaspace: 62338K(62656K)->62338K(62656K) NonClass: 53298K(53504K)->53298K(53504K) Class: 9039K(9152K)->9039K(9152K)
[14600.427s][info][gc             ] GC(33744) Pause Young (Allocation Failure) 394M->313M(396M) 2.008ms
[14600.427s][info][gc,cpu         ] GC(33744) User=0.01s Sys=0.00s Real=0.01s
[14600.894s][info][gc,start       ] GC(33745) Pause Young (Allocation Failure)
[14600.896s][info][gc,heap        ] GC(33745) PSYoungGen: 82208K(84480K)->1360K(84480K) Eden: 81920K(81920K)->0K(81920K) From: 288K(2560K)->1360K(2560K)
[14600.896s][info][gc,heap        ] GC(33745) ParOldGen: 320352K(321536K)->320408K(321536K)
[14600.897s][info][gc,metaspace   ] GC(33745) Metaspace: 62338K(62656K)->62338K(62656K) NonClass: 53298K(53504K)->53298K(53504K) Class: 9039K(9152K)->9039K(9152K)
[14600.897s][info][gc             ] GC(33745) Pause Young (Allocation Failure) 393M->314M(396M) 2.910ms
[14600.897s][info][gc,cpu         ] GC(33745) User=0.01s Sys=0.00s Real=0.01s
[14601.346s][info][gc,start       ] GC(33746) Pause Young (Allocation Failure)
[14601.349s][info][gc,heap        ] GC(33746) PSYoungGen: 83280K(84480K)->608K(84480K) Eden: 81920K(81920K)->0K(81920K) From: 1360K(2560K)->608K(2560K)
[14601.349s][info][gc,heap        ] GC(33746) ParOldGen: 320408K(321536K)->320504K(321536K)
[14601.349s][info][gc,metaspace   ] GC(33746) Metaspace: 62338K(62656K)->62338K(62656K) NonClass: 53298K(53504K)->53298K(53504K) Class: 9039K(9152K)->9039K(9152K)
[14601.349s][info][gc             ] GC(33746) Pause Young (Allocation Failure) 394M->313M(396M) 2.292ms
[14601.349s][info][gc,cpu         ] GC(33746) User=0.00s Sys=0.00s Real=0.00s
[14601.771s][info][gc,start       ] GC(33747) Pause Young (Allocation Failure)
[14601.774s][info][gc,heap        ] GC(33747) PSYoungGen: 82528K(84480K)->1024K(84480K) Eden: 81920K(81920K)->0K(81920K) From: 608K(2560K)->1024K(2560K)
[14601.774s][info][gc,heap        ] GC(33747) ParOldGen: 320504K(321536K)->320552K(321536K)
[14601.774s][info][gc,metaspace   ] GC(33747) Metaspace: 62338K(62656K)->62338K(62656K) NonClass: 53298K(53504K)->53298K(53504K) Class: 9039K(9152K)->9039K(9152K)
[14601.774s][info][gc             ] GC(33747) Pause Young (Allocation Failure) 393M->314M(396M) 2.685ms
[14601.774s][info][gc,cpu         ] GC(33747) User=0.01s Sys=0.00s Real=0.00s
[14602.197s][info][gc,start       ] GC(33748) Pause Young (Allocation Failure)
[14602.200s][info][gc,heap        ] GC(33748) PSYoungGen: 82944K(84480K)->2400K(84480K) Eden: 81920K(81920K)->0K(81920K) From: 1024K(2560K)->2400K(2560K)
[14602.200s][info][gc,heap        ] GC(33748) ParOldGen: 320552K(321536K)->321624K(323072K)
[14602.200s][info][gc,metaspace   ] GC(33748) Metaspace: 62338K(62656K)->62338K(62656K) NonClass: 53298K(53504K)->53298K(53504K) Class: 9039K(9152K)->9039K(9152K)
[14602.200s][info][gc             ] GC(33748) Pause Young (Allocation Failure) 394M->316M(398M) 3.626ms
[14602.200s][info][gc,cpu         ] GC(33748) User=0.01s Sys=0.01s Real=0.00s
[14602.655s][info][gc,start       ] GC(33749) Pause Young (Allocation Failure)
[14602.658s][info][gc,heap        ] GC(33749) PSYoungGen: 84320K(84480K)->704K(83456K) Eden: 81920K(81920K)->0K(80896K) From: 2400K(2560K)->704K(2560K)
[14602.658s][info][gc,heap        ] GC(33749) ParOldGen: 321624K(323072K)->323728K(324608K)
[14602.658s][info][gc,metaspace   ] GC(33749) Metaspace: 62338K(62656K)->62338K(62656K) NonClass: 53298K(53504K)->53298K(53504K) Class: 9039K(9152K)->9039K(9152K)
[14602.658s][info][gc             ] GC(33749) Pause Young (Allocation Failure) 396M->316M(398M) 3.544ms
[14602.658s][info][gc,cpu         ] GC(33749) User=0.00s Sys=0.01s Real=0.01s
[14603.050s][info][gc,start       ] GC(33750) Pause Young (Allocation Failure)
[14603.053s][info][gc,heap        ] GC(33750) PSYoungGen: 81600K(83456K)->704K(83968K) Eden: 80896K(80896K)->0K(80896K) From: 704K(2560K)->704K(3072K)
[14603.053s][info][gc,heap        ] GC(33750) ParOldGen: 323728K(324608K)->323784K(324608K)
[14603.053s][info][gc,metaspace   ] GC(33750) Metaspace: 62338K(62656K)->62338K(62656K) NonClass: 53298K(53504K)->53298K(53504K) Class: 9039K(9152K)->9039K(9152K)
[14603.053s][info][gc             ] GC(33750) Pause Young (Allocation Failure) 395M->316M(399M) 2.272ms
[14603.053s][info][gc,cpu         ] GC(33750) User=0.00s Sys=0.00s Real=0.00s
[14603.444s][info][gc,start       ] GC(33751) Pause Young (Allocation Failure)
[14603.446s][info][gc,heap        ] GC(33751) PSYoungGen: 81600K(83968K)->576K(84480K) Eden: 80896K(80896K)->0K(81920K) From: 704K(3072K)->576K(2560K)
[14603.446s][info][gc,heap        ] GC(33751) ParOldGen: 323784K(324608K)->323840K(324608K)
[14603.446s][info][gc,metaspace   ] GC(33751) Metaspace: 62338K(62656K)->62338K(62656K) NonClass: 53298K(53504K)->53298K(53504K) Class: 9039K(9152K)->9039K(9152K)
[14603.446s][info][gc             ] GC(33751) Pause Young (Allocation Failure) 395M->316M(399M) 2.179ms
[14603.446s][info][gc,cpu         ] GC(33751) User=0.01s Sys=0.00s Real=0.00s
[14603.903s][info][gc,start       ] GC(33752) Pause Young (Allocation Failure)
[14603.906s][info][gc,heap        ] GC(33752) PSYoungGen: 82496K(84480K)->1408K(84480K) Eden: 81920K(81920K)->0K(81920K) From: 576K(2560K)->1408K(2560K)
[14603.906s][info][gc,heap        ] GC(33752) ParOldGen: 323840K(324608K)->323888K(324608K)
[14603.906s][info][gc,metaspace   ] GC(33752) Metaspace: 62338K(62656K)->62338K(62656K) NonClass: 53298K(53504K)->53298K(53504K) Class: 9039K(9152K)->9039K(9152K)
[14603.906s][info][gc             ] GC(33752) Pause Young (Allocation Failure) 396M->317M(399M) 3.056ms
[14603.906s][info][gc,cpu         ] GC(33752) User=0.01s Sys=0.00s Real=0.01s
[14604.316s][info][gc,start       ] GC(33753) Pause Young (Allocation Failure)
[14604.320s][info][gc,heap        ] GC(33753) PSYoungGen: 83328K(84480K)->1728K(84480K) Eden: 81920K(81920K)->0K(81920K) From: 1408K(2560K)->1728K(2560K)
[14604.320s][info][gc,heap        ] GC(33753) ParOldGen: 323888K(324608K)->323936K(324608K)
[14604.320s][info][gc,metaspace   ] GC(33753) Metaspace: 62338K(62656K)->62338K(62656K) NonClass: 53298K(53504K)->53298K(53504K) Class: 9039K(9152K)->9039K(9152K)
[14604.320s][info][gc             ] GC(33753) Pause Young (Allocation Failure) 397M->318M(399M) 3.191ms
[14604.320s][info][gc,cpu         ] GC(33753) User=0.01s Sys=0.00s Real=0.00s
[14604.792s][info][gc,start       ] GC(33754) Pause Young (Allocation Failure)
[14604.795s][info][gc,heap        ] GC(33754) PSYoungGen: 83648K(84480K)->1088K(84480K) Eden: 81920K(81920K)->0K(81920K) From: 1728K(2560K)->1088K(2560K)
[14604.795s][info][gc,heap        ] GC(33754) ParOldGen: 323936K(324608K)->323992K(324608K)
[14604.795s][info][gc,metaspace   ] GC(33754) Metaspace: 62338K(62656K)->62338K(62656K) NonClass: 53298K(53504K)->53298K(53504K) Class: 9039K(9152K)->9039K(9152K)
[14604.795s][info][gc             ] GC(33754) Pause Young (Allocation Failure) 398M->317M(399M) 2.748ms
[14604.795s][info][gc,cpu         ] GC(33754) User=0.00s Sys=0.00s Real=0.00s
[14605.261s][info][gc,start       ] GC(33755) Pause Young (Allocation Failure)
[14605.263s][info][gc,heap        ] GC(33755) PSYoungGen: 83008K(84480K)->768K(84480K) Eden: 81920K(81920K)->0K(81920K) From: 1088K(2560K)->768K(2560K)
[14605.263s][info][gc,heap        ] GC(33755) ParOldGen: 323992K(324608K)->324040K(324608K)
[14605.263s][info][gc,metaspace   ] GC(33755) Metaspace: 62338K(62656K)->62338K(62656K) NonClass: 53298K(53504K)->53298K(53504K) Class: 9039K(9152K)->9039K(9152K)
[14605.263s][info][gc             ] GC(33755) Pause Young (Allocation Failure) 397M->317M(399M) 2.404ms
[14605.263s][info][gc,cpu         ] GC(33755) User=0.01s Sys=0.00s Real=0.00s
[14605.672s][info][gc,start       ] GC(33756) Pause Young (Allocation Failure)
[14605.675s][info][gc,heap        ] GC(33756) PSYoungGen: 82688K(84480K)->1024K(84480K) Eden: 81920K(81920K)->0K(81920K) From: 768K(2560K)->1024K(2560K)
[14605.675s][info][gc,heap        ] GC(33756) ParOldGen: 324040K(324608K)->324088K(324608K)
[14605.675s][info][gc,metaspace   ] GC(33756) Metaspace: 62338K(62656K)->62338K(62656K) NonClass: 53298K(53504K)->53298K(53504K) Class: 9039K(9152K)->9039K(9152K)
[14605.675s][info][gc             ] GC(33756) Pause Young (Allocation Failure) 397M->317M(399M) 2.808ms
[14605.675s][info][gc,cpu         ] GC(33756) User=0.01s Sys=0.00s Real=0.00s
[14606.071s][info][gc,start       ] GC(33757) Pause Young (Allocation Failure)
[14606.074s][info][gc,heap        ] GC(33757) PSYoungGen: 82944K(84480K)->1184K(84480K) Eden: 81920K(81920K)->0K(81920K) From: 1024K(2560K)->1184K(2560K)
[14606.074s][info][gc,heap        ] GC(33757) ParOldGen: 324088K(324608K)->324136K(324608K)
[14606.074s][info][gc,metaspace   ] GC(33757) Metaspace: 62338K(62656K)->62338K(62656K) NonClass: 53298K(53504K)->53298K(53504K) Class: 9039K(9152K)->9039K(9152K)
[14606.074s][info][gc             ] GC(33757) Pause Young (Allocation Failure) 397M->317M(399M) 2.926ms
[14606.074s][info][gc,cpu         ] GC(33757) User=0.00s Sys=0.00s Real=0.00s
[14606.439s][info][gc,start       ] GC(33758) Pause Young (Allocation Failure)
[14606.441s][info][gc,heap        ] GC(33758) PSYoungGen: 83104K(84480K)->576K(84480K) Eden: 81920K(81920K)->0K(81920K) From: 1184K(2560K)->576K(2560K)
[14606.441s][info][gc,heap        ] GC(33758) ParOldGen: 324136K(324608K)->324192K(324608K)
[14606.441s][info][gc,metaspace   ] GC(33758) Metaspace: 62338K(62656K)->62338K(62656K) NonClass: 53298K(53504K)->53298K(53504K) Class: 9039K(9152K)->9039K(9152K)
[14606.441s][info][gc             ] GC(33758) Pause Young (Allocation Failure) 397M->317M(399M) 2.330ms
[14606.441s][info][gc,cpu         ] GC(33758) User=0.00s Sys=0.01s Real=0.00s
[14606.849s][info][gc,start       ] GC(33759) Pause Young (Allocation Failure)
[14606.851s][info][gc,heap        ] GC(33759) PSYoungGen: 82496K(84480K)->2528K(83456K) Eden: 81920K(81920K)->0K(80896K) From: 576K(2560K)->2528K(2560K)
[14606.851s][info][gc,heap        ] GC(33759) ParOldGen: 324192K(324608K)->324344K(324608K)
[14606.851s][info][gc,metaspace   ] GC(33759) Metaspace: 62338K(62656K)->62338K(62656K) NonClass: 53298K(53504K)->53298K(53504K) Class: 9039K(9152K)->9039K(9152K)
[14606.851s][info][gc             ] GC(33759) Pause Young (Allocation Failure) 397M->319M(398M) 2.684ms
[14606.851s][info][gc,cpu         ] GC(33759) User=0.01s Sys=0.00s Real=0.00s
[14607.291s][info][gc,start       ] GC(33760) Pause Young (Allocation Failure)
[14607.294s][info][gc,heap        ] GC(33760) PSYoungGen: 83424K(83456K)->1280K(83968K) Eden: 80896K(80896K)->0K(80896K) From: 2528K(2560K)->1280K(3072K)
[14607.295s][info][gc,heap        ] GC(33760) ParOldGen: 324344K(324608K)->326424K(327680K)
[14607.295s][info][gc,metaspace   ] GC(33760) Metaspace: 62338K(62656K)->62338K(62656K) NonClass: 53298K(53504K)->53298K(53504K) Class: 9039K(9152K)->9039K(9152K)
[14607.295s][info][gc             ] GC(33760) Pause Young (Allocation Failure) 398M->320M(402M) 3.926ms
[14607.295s][info][gc,cpu         ] GC(33760) User=0.01s Sys=0.01s Real=0.00s
[14607.722s][info][gc,start       ] GC(33761) Pause Young (Allocation Failure)
[14607.724s][info][gc,heap        ] GC(33761) PSYoungGen: 82176K(83968K)->256K(84480K) Eden: 80896K(80896K)->0K(81920K) From: 1280K(3072K)->256K(2560K)
[14607.724s][info][gc,heap        ] GC(33761) ParOldGen: 326424K(327680K)->326480K(327680K)
[14607.724s][info][gc,metaspace   ] GC(33761) Metaspace: 62338K(62656K)->62338K(62656K) NonClass: 53298K(53504K)->53298K(53504K) Class: 9039K(9152K)->9039K(9152K)
[14607.724s][info][gc             ] GC(33761) Pause Young (Allocation Failure) 399M->319M(402M) 2.069ms
[14607.724s][info][gc,cpu         ] GC(33761) User=0.00s Sys=0.00s Real=0.00s
[14608.190s][info][gc,start       ] GC(33762) Pause Young (Allocation Failure)
[14608.192s][info][gc,heap        ] GC(33762) PSYoungGen: 82176K(84480K)->1328K(84480K) Eden: 81920K(81920K)->0K(81920K) From: 256K(2560K)->1328K(2560K)
[14608.193s][info][gc,heap        ] GC(33762) ParOldGen: 326480K(327680K)->326536K(327680K)
[14608.193s][info][gc,metaspace   ] GC(33762) Metaspace: 62338K(62656K)->62338K(62656K) NonClass: 53298K(53504K)->53298K(53504K) Class: 9039K(9152K)->9039K(9152K)
[14608.193s][info][gc             ] GC(33762) Pause Young (Allocation Failure) 399M->320M(402M) 2.910ms
[14608.193s][info][gc,cpu         ] GC(33762) User=0.00s Sys=0.00s Real=0.00s
[14608.631s][info][gc,start       ] GC(33763) Pause Young (Allocation Failure)
[14608.633s][info][gc,heap        ] GC(33763) PSYoungGen: 83248K(84480K)->352K(84480K) Eden: 81920K(81920K)->0K(81920K) From: 1328K(2560K)->352K(2560K)
[14608.633s][info][gc,heap        ] GC(33763) ParOldGen: 326536K(327680K)->326632K(327680K)
[14608.633s][info][gc,metaspace   ] GC(33763) Metaspace: 62338K(62656K)->62338K(62656K) NonClass: 53298K(53504K)->53298K(53504K) Class: 9039K(9152K)->9039K(9152K)
[14608.633s][info][gc             ] GC(33763) Pause Young (Allocation Failure) 400M->319M(402M) 2.208ms
[14608.633s][info][gc,cpu         ] GC(33763) User=0.00s Sys=0.00s Real=0.00s
[14609.098s][info][gc,start       ] GC(33764) Pause Young (Allocation Failure)
[14609.101s][info][gc,heap        ] GC(33764) PSYoungGen: 82272K(84480K)->1248K(84480K) Eden: 81920K(81920K)->0K(81920K) From: 352K(2560K)->1248K(2560K)
[14609.101s][info][gc,heap        ] GC(33764) ParOldGen: 326632K(327680K)->326680K(327680K)
[14609.101s][info][gc,metaspace   ] GC(33764) Metaspace: 62338K(62656K)->62338K(62656K) NonClass: 53298K(53504K)->53298K(53504K) Class: 9039K(9152K)->9039K(9152K)
[14609.101s][info][gc             ] GC(33764) Pause Young (Allocation Failure) 399M->320M(402M) 2.803ms
[14609.101s][info][gc,cpu         ] GC(33764) User=0.01s Sys=0.00s Real=0.00s
[14609.573s][info][gc,start       ] GC(33765) Pause Young (Allocation Failure)
[14609.576s][info][gc,heap        ] GC(33765) PSYoungGen: 83168K(84480K)->960K(84480K) Eden: 81920K(81920K)->0K(81920K) From: 1248K(2560K)->960K(2560K)
[14609.576s][info][gc,heap        ] GC(33765) ParOldGen: 326680K(327680K)->326728K(327680K)
[14609.576s][info][gc,metaspace   ] GC(33765) Metaspace: 62338K(62656K)->62338K(62656K) NonClass: 53298K(53504K)->53298K(53504K) Class: 9039K(9152K)->9039K(9152K)
[14609.576s][info][gc             ] GC(33765) Pause Young (Allocation Failure) 400M->320M(402M) 2.706ms
[14609.576s][info][gc,cpu         ] GC(33765) User=0.01s Sys=0.00s Real=0.00s
[14610.045s][info][gc,start       ] GC(33766) Pause Young (Allocation Failure)
[14610.047s][info][gc,heap        ] GC(33766) PSYoungGen: 82880K(84480K)->544K(84480K) Eden: 81920K(81920K)->0K(81920K) From: 960K(2560K)->544K(2560K)
[14610.047s][info][gc,heap        ] GC(33766) ParOldGen: 326728K(327680K)->326784K(327680K)
[14610.047s][info][gc,metaspace   ] GC(33766) Metaspace: 62338K(62656K)->62338K(62656K) NonClass: 53298K(53504K)->53298K(53504K) Class: 9039K(9152K)->9039K(9152K)
[14610.047s][info][gc             ] GC(33766) Pause Young (Allocation Failure) 400M->319M(402M) 2.453ms
[14610.047s][info][gc,cpu         ] GC(33766) User=0.01s Sys=0.00s Real=0.01s
[14610.510s][info][gc,start       ] GC(33767) Pause Young (Allocation Failure)
[14610.513s][info][gc,heap        ] GC(33767) PSYoungGen: 82464K(84480K)->1440K(84480K) Eden: 81920K(81920K)->0K(81920K) From: 544K(2560K)->1440K(2560K)
[14610.513s][info][gc,heap        ] GC(33767) ParOldGen: 326784K(327680K)->326832K(327680K)
[14610.513s][info][gc,metaspace   ] GC(33767) Metaspace: 62338K(62656K)->62338K(62656K) NonClass: 53298K(53504K)->53298K(53504K) Class: 9039K(9152K)->9039K(9152K)
[14610.513s][info][gc             ] GC(33767) Pause Young (Allocation Failure) 399M->320M(402M) 3.142ms
[14610.513s][info][gc,cpu         ] GC(33767) User=0.00s Sys=0.00s Real=0.00s
[14610.976s][info][gc,start       ] GC(33768) Pause Young (Allocation Failure)
[14610.979s][info][gc,heap        ] GC(33768) PSYoungGen: 83360K(84480K)->992K(84480K) Eden: 81920K(81920K)->0K(81920K) From: 1440K(2560K)->992K(2560K)
[14610.979s][info][gc,heap        ] GC(33768) ParOldGen: 326832K(327680K)->326880K(327680K)
[14610.979s][info][gc,metaspace   ] GC(33768) Metaspace: 62338K(62656K)->62338K(62656K) NonClass: 53298K(53504K)->53298K(53504K) Class: 9039K(9152K)->9039K(9152K)
[14610.979s][info][gc             ] GC(33768) Pause Young (Allocation Failure) 400M->320M(402M) 2.708ms
[14610.979s][info][gc,cpu         ] GC(33768) User=0.00s Sys=0.00s Real=0.01s
[14611.441s][info][gc,start       ] GC(33769) Pause Young (Allocation Failure)
[14611.443s][info][gc,heap        ] GC(33769) PSYoungGen: 82912K(84480K)->2528K(83456K) Eden: 81920K(81920K)->0K(80896K) From: 992K(2560K)->2528K(2560K)
[14611.443s][info][gc,heap        ] GC(33769) ParOldGen: 326880K(327680K)->326936K(327680K)
[14611.443s][info][gc,metaspace   ] GC(33769) Metaspace: 62338K(62656K)->62338K(62656K) NonClass: 53298K(53504K)->53298K(53504K) Class: 9039K(9152K)->9039K(9152K)
[14611.443s][info][gc             ] GC(33769) Pause Young (Allocation Failure) 400M->321M(401M) 2.616ms
[14611.443s][info][gc,cpu         ] GC(33769) User=0.00s Sys=0.00s Real=0.00s
[14611.870s][info][gc,start       ] GC(33770) Pause Young (Allocation Failure)
[14611.874s][info][gc,heap        ] GC(33770) PSYoungGen: 83424K(83456K)->960K(83968K) Eden: 80896K(80896K)->0K(80896K) From: 2528K(2560K)->960K(3072K)
[14611.874s][info][gc,heap        ] GC(33770) ParOldGen: 326936K(327680K)->329040K(329216K)
[14611.874s][info][gc,metaspace   ] GC(33770) Metaspace: 62338K(62656K)->62338K(62656K) NonClass: 53298K(53504K)->53298K(53504K) Class: 9039K(9152K)->9039K(9152K)
[14611.874s][info][gc             ] GC(33770) Pause Young (Allocation Failure) 400M->322M(403M) 3.746ms
[14611.874s][info][gc,cpu         ] GC(33770) User=0.01s Sys=0.00s Real=0.00s
[14612.277s][info][gc,start       ] GC(33771) Pause Young (Allocation Failure)
[14612.280s][info][gc,heap        ] GC(33771) PSYoungGen: 81856K(83968K)->1120K(84480K) Eden: 80896K(80896K)->0K(81920K) From: 960K(3072K)->1120K(2560K)
[14612.280s][info][gc,heap        ] GC(33771) ParOldGen: 329040K(329216K)->329096K(329216K)
[14612.280s][info][gc,metaspace   ] GC(33771) Metaspace: 62338K(62656K)->62338K(62656K) NonClass: 53298K(53504K)->53298K(53504K) Class: 9039K(9152K)->9039K(9152K)
[14612.280s][info][gc             ] GC(33771) Pause Young (Allocation Failure) 401M->322M(404M) 2.866ms
[14612.280s][info][gc,cpu         ] GC(33771) User=0.00s Sys=0.00s Real=0.00s
[14612.701s][info][gc,start       ] GC(33772) Pause Young (Allocation Failure)
[14612.705s][info][gc,heap        ] GC(33772) PSYoungGen: 83040K(84480K)->1536K(84480K) Eden: 81920K(81920K)->0K(81920K) From: 1120K(2560K)->1536K(2560K)
[14612.705s][info][gc,heap        ] GC(33772) ParOldGen: 329096K(329216K)->329144K(329216K)
[14612.705s][info][gc,metaspace   ] GC(33772) Metaspace: 62338K(62656K)->62338K(62656K) NonClass: 53298K(53504K)->53298K(53504K) Class: 9039K(9152K)->9039K(9152K)
[14612.705s][info][gc             ] GC(33772) Pause Young (Allocation Failure) 402M->322M(404M) 3.283ms
[14612.705s][info][gc,cpu         ] GC(33772) User=0.01s Sys=0.00s Real=0.00s
[14613.124s][info][gc,start       ] GC(33773) Pause Young (Allocation Failure)
[14613.126s][info][gc,heap        ] GC(33773) PSYoungGen: 83456K(84480K)->256K(84480K) Eden: 81920K(81920K)->0K(81920K) From: 1536K(2560K)->256K(2560K)
[14613.126s][info][gc,heap        ] GC(33773) ParOldGen: 329144K(329216K)->329192K(329216K)
[14613.126s][info][gc,metaspace   ] GC(33773) Metaspace: 62338K(62656K)->62338K(62656K) NonClass: 53298K(53504K)->53298K(53504K) Class: 9039K(9152K)->9039K(9152K)
[14613.126s][info][gc             ] GC(33773) Pause Young (Allocation Failure) 402M->321M(404M) 2.085ms
[14613.126s][info][gc,cpu         ] GC(33773) User=0.01s Sys=0.00s Real=0.00s
[14613.551s][info][gc,start       ] GC(33774) Pause Young (Allocation Failure)
[14613.554s][info][gc,heap        ] GC(33774) PSYoungGen: 82176K(84480K)->672K(84480K) Eden: 81920K(81920K)->0K(81920K) From: 256K(2560K)->672K(2560K)
[14613.554s][info][gc,heap        ] GC(33774) ParOldGen: 329192K(329216K)->329248K(329728K)
[14613.554s][info][gc,metaspace   ] GC(33774) Metaspace: 62338K(62656K)->62338K(62656K) NonClass: 53298K(53504K)->53298K(53504K) Class: 9039K(9152K)->9039K(9152K)
[14613.554s][info][gc             ] GC(33774) Pause Young (Allocation Failure) 401M->322M(404M) 2.522ms
[14613.554s][info][gc,cpu         ] GC(33774) User=0.01s Sys=0.00s Real=0.00s
[14614.001s][info][gc,start       ] GC(33775) Pause Young (Allocation Failure)
[14614.004s][info][gc,heap        ] GC(33775) PSYoungGen: 82592K(84480K)->1376K(84480K) Eden: 81920K(81920K)->0K(81920K) From: 672K(2560K)->1376K(2560K)
[14614.004s][info][gc,heap        ] GC(33775) ParOldGen: 329248K(329728K)->329296K(329728K)
[14614.004s][info][gc,metaspace   ] GC(33775) Metaspace: 62338K(62656K)->62338K(62656K) NonClass: 53298K(53504K)->53298K(53504K) Class: 9039K(9152K)->9039K(9152K)
[14614.004s][info][gc             ] GC(33775) Pause Young (Allocation Failure) 402M->322M(404M) 2.910ms
[14614.004s][info][gc,cpu         ] GC(33775) User=0.00s Sys=0.00s Real=0.00s
[14614.422s][info][gc,start       ] GC(33776) Pause Young (Allocation Failure)
[14614.424s][info][gc,heap        ] GC(33776) PSYoungGen: 83296K(84480K)->256K(84480K) Eden: 81920K(81920K)->0K(81920K) From: 1376K(2560K)->256K(2560K)
[14614.424s][info][gc,heap        ] GC(33776) ParOldGen: 329296K(329728K)->329344K(329728K)
[14614.424s][info][gc,metaspace   ] GC(33776) Metaspace: 62338K(62656K)->62338K(62656K) NonClass: 53298K(53504K)->53298K(53504K) Class: 9039K(9152K)->9039K(9152K)
[14614.425s][info][gc             ] GC(33776) Pause Young (Allocation Failure) 402M->321M(404M) 2.065ms
[14614.425s][info][gc,cpu         ] GC(33776) User=0.01s Sys=0.00s Real=0.00s
[14614.848s][info][gc,start       ] GC(33777) Pause Young (Allocation Failure)
[14614.850s][info][gc,heap        ] GC(33777) PSYoungGen: 82176K(84480K)->640K(84480K) Eden: 81920K(81920K)->0K(81920K) From: 256K(2560K)->640K(2560K)
[14614.850s][info][gc,heap        ] GC(33777) ParOldGen: 329344K(329728K)->329400K(329728K)
[14614.850s][info][gc,metaspace   ] GC(33777) Metaspace: 62338K(62656K)->62338K(62656K) NonClass: 53298K(53504K)->53298K(53504K) Class: 9039K(9152K)->9039K(9152K)
[14614.850s][info][gc             ] GC(33777) Pause Young (Allocation Failure) 401M->322M(404M) 2.266ms
[14614.850s][info][gc,cpu         ] GC(33777) User=0.01s Sys=0.00s Real=0.00s
[14615.282s][info][gc,start       ] GC(33778) Pause Young (Allocation Failure)
[14615.285s][info][gc,heap        ] GC(33778) PSYoungGen: 82560K(84480K)->992K(84480K) Eden: 81920K(81920K)->0K(81920K) From: 640K(2560K)->992K(2560K)
[14615.285s][info][gc,heap        ] GC(33778) ParOldGen: 329400K(329728K)->329448K(329728K)
[14615.285s][info][gc,metaspace   ] GC(33778) Metaspace: 62338K(62656K)->62338K(62656K) NonClass: 53298K(53504K)->53298K(53504K) Class: 9039K(9152K)->9039K(9152K)
[14615.285s][info][gc             ] GC(33778) Pause Young (Allocation Failure) 402M->322M(404M) 2.778ms
[14615.285s][info][gc,cpu         ] GC(33778) User=0.01s Sys=0.00s Real=0.00s
[14615.789s][info][gc,start       ] GC(33779) Pause Young (Allocation Failure)
[14615.792s][info][gc,heap        ] GC(33779) PSYoungGen: 82912K(84480K)->1216K(84480K) Eden: 81920K(81920K)->0K(81920K) From: 992K(2560K)->1216K(2560K)
[14615.792s][info][gc,heap        ] GC(33779) ParOldGen: 329448K(329728K)->329496K(329728K)
[14615.792s][info][gc,metaspace   ] GC(33779) Metaspace: 62338K(62656K)->62338K(62656K) NonClass: 53298K(53504K)->53298K(53504K) Class: 9039K(9152K)->9039K(9152K)
[14615.792s][info][gc             ] GC(33779) Pause Young (Allocation Failure) 402M->322M(404M) 2.830ms
[14615.792s][info][gc,cpu         ] GC(33779) User=0.00s Sys=0.00s Real=0.00s
[14616.265s][info][gc,start       ] GC(33780) Pause Young (Allocation Failure)
[14616.268s][info][gc,heap        ] GC(33780) PSYoungGen: 83136K(84480K)->1888K(84480K) Eden: 81920K(81920K)->0K(81920K) From: 1216K(2560K)->1888K(2560K)
[14616.268s][info][gc,heap        ] GC(33780) ParOldGen: 329496K(329728K)->330624K(331264K)
[14616.268s][info][gc,metaspace   ] GC(33780) Metaspace: 62338K(62656K)->62338K(62656K) NonClass: 53298K(53504K)->53298K(53504K) Class: 9039K(9152K)->9039K(9152K)
[14616.268s][info][gc             ] GC(33780) Pause Young (Allocation Failure) 402M->324M(406M) 3.452ms
[14616.268s][info][gc,cpu         ] GC(33780) User=0.00s Sys=0.00s Real=0.01s
[14616.720s][info][gc,start       ] GC(33781) Pause Young (Allocation Failure)
[14616.724s][info][gc,heap        ] GC(33781) PSYoungGen: 83808K(84480K)->256K(84480K) Eden: 81920K(81920K)->0K(81920K) From: 1888K(2560K)->256K(2560K)
[14616.724s][info][gc,heap        ] GC(33781) ParOldGen: 330624K(331264K)->332720K(332800K)
[14616.724s][info][gc,metaspace   ] GC(33781) Metaspace: 62338K(62656K)->62338K(62656K) NonClass: 53298K(53504K)->53298K(53504K) Class: 9039K(9152K)->9039K(9152K)
[14616.724s][info][gc             ] GC(33781) Pause Young (Allocation Failure) 404M->325M(407M) 3.249ms
[14616.724s][info][gc,cpu         ] GC(33781) User=0.01s Sys=0.00s Real=0.00s
[14617.136s][info][gc,start       ] GC(33782) Pause Young (Allocation Failure)
[14617.138s][info][gc,heap        ] GC(33782) PSYoungGen: 82176K(84480K)->416K(84480K) Eden: 81920K(81920K)->0K(81920K) From: 256K(2560K)->416K(2560K)
[14617.138s][info][gc,heap        ] GC(33782) ParOldGen: 332720K(332800K)->332776K(332800K)
[14617.138s][info][gc,metaspace   ] GC(33782) Metaspace: 62338K(62656K)->62338K(62656K) NonClass: 53298K(53504K)->53298K(53504K) Class: 9039K(9152K)->9039K(9152K)
[14617.138s][info][gc             ] GC(33782) Pause Young (Allocation Failure) 405M->325M(407M) 2.103ms
[14617.138s][info][gc,cpu         ] GC(33782) User=0.00s Sys=0.00s Real=0.01s
[14617.576s][info][gc,start       ] GC(33783) Pause Young (Allocation Failure)
[14617.579s][info][gc,heap        ] GC(33783) PSYoungGen: 82336K(84480K)->1152K(84480K) Eden: 81920K(81920K)->0K(81920K) From: 416K(2560K)->1152K(2560K)
[14617.579s][info][gc,heap        ] GC(33783) ParOldGen: 332776K(332800K)->332832K(333312K)
[14617.579s][info][gc,metaspace   ] GC(33783) Metaspace: 62338K(62656K)->62338K(62656K) NonClass: 53298K(53504K)->53298K(53504K) Class: 9039K(9152K)->9039K(9152K)
[14617.579s][info][gc             ] GC(33783) Pause Young (Allocation Failure) 405M->326M(408M) 2.917ms
[14617.579s][info][gc,cpu         ] GC(33783) User=0.01s Sys=0.00s Real=0.01s
[14618.024s][info][gc,start       ] GC(33784) Pause Young (Allocation Failure)
[14618.026s][info][gc,heap        ] GC(33784) PSYoungGen: 83072K(84480K)->288K(84480K) Eden: 81920K(81920K)->0K(81920K) From: 1152K(2560K)->288K(2560K)
[14618.026s][info][gc,heap        ] GC(33784) ParOldGen: 332832K(333312K)->332880K(333312K)
[14618.026s][info][gc,metaspace   ] GC(33784) Metaspace: 62338K(62656K)->62338K(62656K) NonClass: 53298K(53504K)->53298K(53504K) Class: 9039K(9152K)->9039K(9152K)
[14618.026s][info][gc             ] GC(33784) Pause Young (Allocation Failure) 406M->325M(408M) 1.988ms
[14618.026s][info][gc,cpu         ] GC(33784) User=0.01s Sys=0.00s Real=0.00s
[14618.473s][info][gc,start       ] GC(33785) Pause Young (Allocation Failure)
[14618.476s][info][gc,heap        ] GC(33785) PSYoungGen: 82208K(84480K)->928K(84480K) Eden: 81920K(81920K)->0K(81920K) From: 288K(2560K)->928K(2560K)
[14618.476s][info][gc,heap        ] GC(33785) ParOldGen: 332880K(333312K)->332928K(333312K)
[14618.476s][info][gc,metaspace   ] GC(33785) Metaspace: 62338K(62656K)->62338K(62656K) NonClass: 53298K(53504K)->53298K(53504K) Class: 9039K(9152K)->9039K(9152K)
[14618.476s][info][gc             ] GC(33785) Pause Young (Allocation Failure) 405M->326M(408M) 2.661ms
[14618.476s][info][gc,cpu         ] GC(33785) User=0.00s Sys=0.00s Real=0.00s
[14618.961s][info][gc,start       ] GC(33786) Pause Young (Allocation Failure)
[14618.964s][info][gc,heap        ] GC(33786) PSYoungGen: 82848K(84480K)->928K(84480K) Eden: 81920K(81920K)->0K(81920K) From: 928K(2560K)->928K(2560K)
[14618.964s][info][gc,heap        ] GC(33786) ParOldGen: 332928K(333312K)->332976K(333312K)
[14618.964s][info][gc,metaspace   ] GC(33786) Metaspace: 62338K(62656K)->62338K(62656K) NonClass: 53298K(53504K)->53298K(53504K) Class: 9039K(9152K)->9039K(9152K)
[14618.964s][info][gc             ] GC(33786) Pause Young (Allocation Failure) 406M->326M(408M) 2.477ms
[14618.964s][info][gc,cpu         ] GC(33786) User=0.01s Sys=0.00s Real=0.00s
[14619.419s][info][gc,start       ] GC(33787) Pause Young (Allocation Failure)
[14619.421s][info][gc,heap        ] GC(33787) PSYoungGen: 82848K(84480K)->192K(84992K) Eden: 81920K(81920K)->0K(82944K) From: 928K(2560K)->192K(2048K)
[14619.421s][info][gc,heap        ] GC(33787) ParOldGen: 332976K(333312K)->333024K(333312K)
[14619.421s][info][gc,metaspace   ] GC(33787) Metaspace: 62338K(62656K)->62338K(62656K) NonClass: 53298K(53504K)->53298K(53504K) Class: 9039K(9152K)->9039K(9152K)
[14619.421s][info][gc             ] GC(33787) Pause Young (Allocation Failure) 406M->325M(408M) 1.899ms
[14619.421s][info][gc,cpu         ] GC(33787) User=0.01s Sys=0.00s Real=0.00s
[14619.852s][info][gc,start       ] GC(33788) Pause Young (Allocation Failure)
[14619.854s][info][gc,heap        ] GC(33788) PSYoungGen: 83136K(84992K)->704K(84992K) Eden: 82944K(82944K)->0K(82944K) From: 192K(2048K)->704K(2048K)
[14619.854s][info][gc,heap        ] GC(33788) ParOldGen: 333024K(333312K)->333072K(333312K)
[14619.854s][info][gc,metaspace   ] GC(33788) Metaspace: 62338K(62656K)->62338K(62656K) NonClass: 53298K(53504K)->53298K(53504K) Class: 9039K(9152K)->9039K(9152K)
[14619.855s][info][gc             ] GC(33788) Pause Young (Allocation Failure) 406M->325M(408M) 2.331ms
[14619.855s][info][gc,cpu         ] GC(33788) User=0.01s Sys=0.00s Real=0.00s
[14620.286s][info][gc,start       ] GC(33789) Pause Young (Allocation Failure)
[14620.288s][info][gc,heap        ] GC(33789) PSYoungGen: 83648K(84992K)->1184K(84992K) Eden: 82944K(82944K)->0K(82944K) From: 704K(2048K)->1184K(2048K)
[14620.288s][info][gc,heap        ] GC(33789) ParOldGen: 333072K(333312K)->333120K(333312K)
[14620.288s][info][gc,metaspace   ] GC(33789) Metaspace: 62338K(62656K)->62338K(62656K) NonClass: 53298K(53504K)->53298K(53504K) Class: 9039K(9152K)->9039K(9152K)
[14620.288s][info][gc             ] GC(33789) Pause Young (Allocation Failure) 406M->326M(408M) 2.916ms
[14620.288s][info][gc,cpu         ] GC(33789) User=0.01s Sys=0.00s Real=0.01s
[14620.712s][info][gc,start       ] GC(33790) Pause Young (Allocation Failure)
[14620.716s][info][gc,heap        ] GC(33790) PSYoungGen: 84128K(84992K)->1600K(84992K) Eden: 82944K(82944K)->0K(82944K) From: 1184K(2048K)->1600K(2048K)
[14620.716s][info][gc,heap        ] GC(33790) ParOldGen: 333120K(333312K)->335216K(336384K)
[14620.716s][info][gc,metaspace   ] GC(33790) Metaspace: 62338K(62656K)->62338K(62656K) NonClass: 53298K(53504K)->53298K(53504K) Class: 9039K(9152K)->9039K(9152K)
[14620.717s][info][gc             ] GC(33790) Pause Young (Allocation Failure) 407M->328M(411M) 4.404ms
[14620.717s][info][gc,cpu         ] GC(33790) User=0.00s Sys=0.00s Real=0.01s
[14621.149s][info][gc,start       ] GC(33791) Pause Young (Allocation Failure)
[14621.151s][info][gc,heap        ] GC(33791) PSYoungGen: 84544K(84992K)->640K(83968K) Eden: 82944K(82944K)->0K(81920K) From: 1600K(2048K)->640K(2048K)
[14621.151s][info][gc,heap        ] GC(33791) ParOldGen: 335216K(336384K)->335264K(336384K)
[14621.151s][info][gc,metaspace   ] GC(33791) Metaspace: 62338K(62656K)->62338K(62656K) NonClass: 53298K(53504K)->53298K(53504K) Class: 9039K(9152K)->9039K(9152K)
[14621.151s][info][gc             ] GC(33791) Pause Young (Allocation Failure) 409M->328M(410M) 2.302ms
[14621.151s][info][gc,cpu         ] GC(33791) User=0.00s Sys=0.00s Real=0.00s
[14621.555s][info][gc,start       ] GC(33792) Pause Young (Allocation Failure)
[14621.558s][info][gc,heap        ] GC(33792) PSYoungGen: 82560K(83968K)->768K(84480K) Eden: 81920K(81920K)->0K(81920K) From: 640K(2048K)->768K(2560K)
[14621.558s][info][gc,heap        ] GC(33792) ParOldGen: 335264K(336384K)->335312K(336384K)
[14621.558s][info][gc,metaspace   ] GC(33792) Metaspace: 62338K(62656K)->62338K(62656K) NonClass: 53298K(53504K)->53298K(53504K) Class: 9039K(9152K)->9039K(9152K)
[14621.558s][info][gc             ] GC(33792) Pause Young (Allocation Failure) 408M->328M(411M) 2.452ms
[14621.558s][info][gc,cpu         ] GC(33792) User=0.00s Sys=0.00s Real=0.01s
[14621.969s][info][gc,start       ] GC(33793) Pause Young (Allocation Failure)
[14621.971s][info][gc,heap        ] GC(33793) PSYoungGen: 82688K(84480K)->960K(84992K) Eden: 81920K(81920K)->0K(82944K) From: 768K(2560K)->960K(2048K)
[14621.971s][info][gc,heap        ] GC(33793) ParOldGen: 335312K(336384K)->335360K(336384K)
[14621.971s][info][gc,metaspace   ] GC(33793) Metaspace: 62338K(62656K)->62338K(62656K) NonClass: 53298K(53504K)->53298K(53504K) Class: 9039K(9152K)->9039K(9152K)
[14621.971s][info][gc             ] GC(33793) Pause Young (Allocation Failure) 408M->328M(411M) 2.531ms
[14621.971s][info][gc,cpu         ] GC(33793) User=0.00s Sys=0.00s Real=0.00s
[14622.375s][info][gc,start       ] GC(33794) Pause Young (Allocation Failure)
[14622.378s][info][gc,heap        ] GC(33794) PSYoungGen: 83904K(84992K)->1120K(84992K) Eden: 82944K(82944K)->0K(82944K) From: 960K(2048K)->1120K(2048K)
[14622.378s][info][gc,heap        ] GC(33794) ParOldGen: 335360K(336384K)->335408K(336384K)
[14622.378s][info][gc,metaspace   ] GC(33794) Metaspace: 62338K(62656K)->62338K(62656K) NonClass: 53298K(53504K)->53298K(53504K) Class: 9039K(9152K)->9039K(9152K)
[14622.378s][info][gc             ] GC(33794) Pause Young (Allocation Failure) 409M->328M(411M) 2.697ms
[14622.378s][info][gc,cpu         ] GC(33794) User=0.00s Sys=0.00s Real=0.01s
[14622.820s][info][gc,start       ] GC(33795) Pause Young (Allocation Failure)
[14622.822s][info][gc,heap        ] GC(33795) PSYoungGen: 84064K(84992K)->224K(84992K) Eden: 82944K(82944K)->0K(82944K) From: 1120K(2048K)->224K(2048K)
[14622.822s][info][gc,heap        ] GC(33795) ParOldGen: 335408K(336384K)->335456K(336384K)
[14622.822s][info][gc,metaspace   ] GC(33795) Metaspace: 62338K(62656K)->62338K(62656K) NonClass: 53298K(53504K)->53298K(53504K) Class: 9039K(9152K)->9039K(9152K)
[14622.822s][info][gc             ] GC(33795) Pause Young (Allocation Failure) 409M->327M(411M) 1.950ms
[14622.822s][info][gc,cpu         ] GC(33795) User=0.01s Sys=0.00s Real=0.00s
[14623.307s][info][gc,start       ] GC(33796) Pause Young (Allocation Failure)
[14623.310s][info][gc,heap        ] GC(33796) PSYoungGen: 83168K(84992K)->1632K(84992K) Eden: 82944K(82944K)->0K(82944K) From: 224K(2048K)->1632K(2048K)
[14623.310s][info][gc,heap        ] GC(33796) ParOldGen: 335456K(336384K)->335512K(336384K)
[14623.310s][info][gc,metaspace   ] GC(33796) Metaspace: 62338K(62656K)->62338K(62656K) NonClass: 53298K(53504K)->53298K(53504K) Class: 9039K(9152K)->9039K(9152K)
[14623.310s][info][gc             ] GC(33796) Pause Young (Allocation Failure) 408M->329M(411M) 3.213ms
[14623.311s][info][gc,cpu         ] GC(33796) User=0.00s Sys=0.00s Real=0.00s
[14623.735s][info][gc,start       ] GC(33797) Pause Young (Allocation Failure)
[14623.737s][info][gc,heap        ] GC(33797) PSYoungGen: 84576K(84992K)->512K(84992K) Eden: 82944K(82944K)->0K(82944K) From: 1632K(2048K)->512K(2048K)
[14623.738s][info][gc,heap        ] GC(33797) ParOldGen: 335512K(336384K)->335616K(336384K)
[14623.738s][info][gc,metaspace   ] GC(33797) Metaspace: 62338K(62656K)->62338K(62656K) NonClass: 53298K(53504K)->53298K(53504K) Class: 9039K(9152K)->9039K(9152K)
[14623.738s][info][gc             ] GC(33797) Pause Young (Allocation Failure) 410M->328M(411M) 2.284ms
[14623.738s][info][gc,cpu         ] GC(33797) User=0.00s Sys=0.01s Real=0.01s
[14624.180s][info][gc,start       ] GC(33798) Pause Young (Allocation Failure)
[14624.183s][info][gc,heap        ] GC(33798) PSYoungGen: 83456K(84992K)->1088K(84992K) Eden: 82944K(82944K)->0K(82944K) From: 512K(2048K)->1088K(2048K)
[14624.183s][info][gc,heap        ] GC(33798) ParOldGen: 335616K(336384K)->335664K(336384K)
[14624.183s][info][gc,metaspace   ] GC(33798) Metaspace: 62338K(62656K)->62338K(62656K) NonClass: 53298K(53504K)->53298K(53504K) Class: 9039K(9152K)->9039K(9152K)
[14624.183s][info][gc             ] GC(33798) Pause Young (Allocation Failure) 409M->328M(411M) 2.843ms
[14624.183s][info][gc,cpu         ] GC(33798) User=0.01s Sys=0.00s Real=0.00s
[14624.593s][info][gc,start       ] GC(33799) Pause Young (Allocation Failure)
[14624.596s][info][gc,heap        ] GC(33799) PSYoungGen: 84032K(84992K)->1440K(83968K) Eden: 82944K(82944K)->0K(81920K) From: 1088K(2048K)->1440K(2048K)
[14624.596s][info][gc,heap        ] GC(33799) ParOldGen: 335664K(336384K)->335712K(336384K)
[14624.596s][info][gc,metaspace   ] GC(33799) Metaspace: 62338K(62656K)->62338K(62656K) NonClass: 53298K(53504K)->53298K(53504K) Class: 9039K(9152K)->9039K(9152K)
[14624.596s][info][gc             ] GC(33799) Pause Young (Allocation Failure) 409M->329M(410M) 3.023ms
[14624.596s][info][gc,cpu         ] GC(33799) User=0.00s Sys=0.00s Real=0.00s
[14625.012s][info][gc,start       ] GC(33800) Pause Young (Allocation Failure)
[14625.015s][info][gc,heap        ] GC(33800) PSYoungGen: 83360K(83968K)->1696K(84480K) Eden: 81920K(81920K)->0K(81920K) From: 1440K(2048K)->1696K(2560K)
[14625.015s][info][gc,heap        ] GC(33800) ParOldGen: 335712K(336384K)->335760K(336384K)
[14625.015s][info][gc,metaspace   ] GC(33800) Metaspace: 62338K(62656K)->62338K(62656K) NonClass: 53298K(53504K)->53298K(53504K) Class: 9039K(9152K)->9039K(9152K)
[14625.015s][info][gc             ] GC(33800) Pause Young (Allocation Failure) 409M->329M(411M) 3.239ms
[14625.015s][info][gc,cpu         ] GC(33800) User=0.00s Sys=0.00s Real=0.00s
[14625.420s][info][gc,start       ] GC(33801) Pause Young (Allocation Failure)
[14625.422s][info][gc,heap        ] GC(33801) PSYoungGen: 83616K(84480K)->2272K(83456K) Eden: 81920K(81920K)->0K(80896K) From: 1696K(2560K)->2272K(2560K)
[14625.422s][info][gc,heap        ] GC(33801) ParOldGen: 335760K(336384K)->335816K(336384K)
[14625.422s][info][gc,metaspace   ] GC(33801) Metaspace: 62338K(62656K)->62338K(62656K) NonClass: 53298K(53504K)->53298K(53504K) Class: 9039K(9152K)->9039K(9152K)
[14625.422s][info][gc             ] GC(33801) Pause Young (Allocation Failure) 409M->330M(410M) 2.283ms
[14625.422s][info][gc,cpu         ] GC(33801) User=0.01s Sys=0.00s Real=0.00s
[14625.848s][info][gc,start       ] GC(33802) Pause Young (Allocation Failure)
[14625.851s][info][gc,heap        ] GC(33802) PSYoungGen: 83168K(83456K)->608K(83968K) Eden: 80896K(80896K)->0K(80896K) From: 2272K(2560K)->608K(3072K)
[14625.851s][info][gc,heap        ] GC(33802) ParOldGen: 335816K(336384K)->337912K(337920K)
[14625.851s][info][gc,metaspace   ] GC(33802) Metaspace: 62338K(62656K)->62338K(62656K) NonClass: 53298K(53504K)->53298K(53504K) Class: 9039K(9152K)->9039K(9152K)
[14625.851s][info][gc             ] GC(33802) Pause Young (Allocation Failure) 409M->330M(412M) 3.378ms
[14625.851s][info][gc,cpu         ] GC(33802) User=0.00s Sys=0.00s Real=0.00s
[14626.259s][info][gc,start       ] GC(33803) Pause Young (Allocation Failure)
[14626.261s][info][gc,heap        ] GC(33803) PSYoungGen: 81504K(83968K)->832K(84480K) Eden: 80896K(80896K)->0K(81920K) From: 608K(3072K)->832K(2560K)
[14626.261s][info][gc,heap        ] GC(33803) ParOldGen: 337912K(337920K)->337960K(338432K)
[14626.261s][info][gc,metaspace   ] GC(33803) Metaspace: 62338K(62656K)->62338K(62656K) NonClass: 53298K(53504K)->53298K(53504K) Class: 9039K(9152K)->9039K(9152K)
[14626.261s][info][gc             ] GC(33803) Pause Young (Allocation Failure) 409M->330M(413M) 2.500ms
[14626.261s][info][gc,cpu         ] GC(33803) User=0.00s Sys=0.00s Real=0.00s
[14626.667s][info][gc,start       ] GC(33804) Pause Young (Allocation Failure)
[14626.669s][info][gc,heap        ] GC(33804) PSYoungGen: 82752K(84480K)->864K(84480K) Eden: 81920K(81920K)->0K(81920K) From: 832K(2560K)->864K(2560K)
[14626.669s][info][gc,heap        ] GC(33804) ParOldGen: 337960K(338432K)->338008K(338432K)
[14626.669s][info][gc,metaspace   ] GC(33804) Metaspace: 62338K(62656K)->62338K(62656K) NonClass: 53298K(53504K)->53298K(53504K) Class: 9039K(9152K)->9039K(9152K)
[14626.669s][info][gc             ] GC(33804) Pause Young (Allocation Failure) 410M->330M(413M) 2.478ms
[14626.669s][info][gc,cpu         ] GC(33804) User=0.00s Sys=0.00s Real=0.00s
[14627.078s][info][gc,start       ] GC(33805) Pause Young (Allocation Failure)
[14627.081s][info][gc,heap        ] GC(33805) PSYoungGen: 82784K(84480K)->1088K(84480K) Eden: 81920K(81920K)->0K(81920K) From: 864K(2560K)->1088K(2560K)
[14627.081s][info][gc,heap        ] GC(33805) ParOldGen: 338008K(338432K)->338064K(338432K)
[14627.081s][info][gc,metaspace   ] GC(33805) Metaspace: 62338K(62656K)->62338K(62656K) NonClass: 53298K(53504K)->53298K(53504K) Class: 9039K(9152K)->9039K(9152K)
[14627.081s][info][gc             ] GC(33805) Pause Young (Allocation Failure) 410M->331M(413M) 2.846ms
[14627.081s][info][gc,cpu         ] GC(33805) User=0.01s Sys=0.00s Real=0.00s
[14627.513s][info][gc,start       ] GC(33806) Pause Young (Allocation Failure)
[14627.516s][info][gc,heap        ] GC(33806) PSYoungGen: 83008K(84480K)->1600K(84480K) Eden: 81920K(81920K)->0K(81920K) From: 1088K(2560K)->1600K(2560K)
[14627.516s][info][gc,heap        ] GC(33806) ParOldGen: 338064K(338432K)->338112K(338432K)
[14627.516s][info][gc,metaspace   ] GC(33806) Metaspace: 62338K(62656K)->62338K(62656K) NonClass: 53298K(53504K)->53298K(53504K) Class: 9039K(9152K)->9039K(9152K)
[14627.516s][info][gc             ] GC(33806) Pause Young (Allocation Failure) 411M->331M(413M) 3.087ms
[14627.516s][info][gc,cpu         ] GC(33806) User=0.01s Sys=0.00s Real=0.00s
[14627.941s][info][gc,start       ] GC(33807) Pause Young (Allocation Failure)
[14627.944s][info][gc,heap        ] GC(33807) PSYoungGen: 83520K(84480K)->576K(84480K) Eden: 81920K(81920K)->0K(81920K) From: 1600K(2560K)->576K(2560K)
[14627.944s][info][gc,heap        ] GC(33807) ParOldGen: 338112K(338432K)->338160K(338432K)
[14627.944s][info][gc,metaspace   ] GC(33807) Metaspace: 62338K(62656K)->62338K(62656K) NonClass: 53298K(53504K)->53298K(53504K) Class: 9039K(9152K)->9039K(9152K)
[14627.944s][info][gc             ] GC(33807) Pause Young (Allocation Failure) 411M->330M(413M) 2.256ms
[14627.944s][info][gc,cpu         ] GC(33807) User=0.00s Sys=0.00s Real=0.00s
[14628.378s][info][gc,start       ] GC(33808) Pause Young (Allocation Failure)
[14628.381s][info][gc,heap        ] GC(33808) PSYoungGen: 82496K(84480K)->1120K(84480K) Eden: 81920K(81920K)->0K(81920K) From: 576K(2560K)->1120K(2560K)
[14628.381s][info][gc,heap        ] GC(33808) ParOldGen: 338160K(338432K)->338208K(338432K)
[14628.381s][info][gc,metaspace   ] GC(33808) Metaspace: 62338K(62656K)->62338K(62656K) NonClass: 53298K(53504K)->53298K(53504K) Class: 9039K(9152K)->9039K(9152K)
[14628.381s][info][gc             ] GC(33808) Pause Young (Allocation Failure) 410M->331M(413M) 2.705ms
[14628.381s][info][gc,cpu         ] GC(33808) User=0.01s Sys=0.00s Real=0.00s
[14628.840s][info][gc,start       ] GC(33809) Pause Young (Allocation Failure)
[14628.842s][info][gc,heap        ] GC(33809) PSYoungGen: 83040K(84480K)->480K(84480K) Eden: 81920K(81920K)->0K(81920K) From: 1120K(2560K)->480K(2560K)
[14628.842s][info][gc,heap        ] GC(33809) ParOldGen: 338208K(338432K)->338256K(338432K)
[14628.842s][info][gc,metaspace   ] GC(33809) Metaspace: 62338K(62656K)->62338K(62656K) NonClass: 53298K(53504K)->53298K(53504K) Class: 9039K(9152K)->9039K(9152K)
[14628.842s][info][gc             ] GC(33809) Pause Young (Allocation Failure) 411M->330M(413M) 2.155ms
[14628.842s][info][gc,cpu         ] GC(33809) User=0.00s Sys=0.00s Real=0.00s
[14629.240s][info][gc,start       ] GC(33810) Pause Young (Allocation Failure)
[14629.242s][info][gc,heap        ] GC(33810) PSYoungGen: 82400K(84480K)->512K(84480K) Eden: 81920K(81920K)->0K(81920K) From: 480K(2560K)->512K(2560K)
[14629.242s][info][gc,heap        ] GC(33810) ParOldGen: 338256K(338432K)->338304K(338432K)
[14629.242s][info][gc,metaspace   ] GC(33810) Metaspace: 62338K(62656K)->62338K(62656K) NonClass: 53298K(53504K)->53298K(53504K) Class: 9039K(9152K)->9039K(9152K)
[14629.242s][info][gc             ] GC(33810) Pause Young (Allocation Failure) 410M->330M(413M) 2.205ms
[14629.242s][info][gc,cpu         ] GC(33810) User=0.00s Sys=0.00s Real=0.00s
[14629.660s][info][gc,start       ] GC(33811) Pause Young (Allocation Failure)
[14629.663s][info][gc,heap        ] GC(33811) PSYoungGen: 82432K(84480K)->1856K(84480K) Eden: 81920K(81920K)->0K(81920K) From: 512K(2560K)->1856K(2560K)
[14629.663s][info][gc,heap        ] GC(33811) ParOldGen: 338304K(338432K)->339384K(339968K)
[14629.663s][info][gc,metaspace   ] GC(33811) Metaspace: 62338K(62656K)->62338K(62656K) NonClass: 53298K(53504K)->53298K(53504K) Class: 9039K(9152K)->9039K(9152K)
[14629.663s][info][gc             ] GC(33811) Pause Young (Allocation Failure) 410M->333M(414M) 3.264ms
[14629.663s][info][gc,cpu         ] GC(33811) User=0.01s Sys=0.00s Real=0.00s
[14630.164s][info][gc,start       ] GC(33812) Pause Young (Allocation Failure)
[14630.168s][info][gc,heap        ] GC(33812) PSYoungGen: 83776K(84480K)->416K(84480K) Eden: 81920K(81920K)->0K(81920K) From: 1856K(2560K)->416K(2560K)
[14630.168s][info][gc,heap        ] GC(33812) ParOldGen: 339384K(339968K)->341480K(341504K)
[14630.168s][info][gc,metaspace   ] GC(33812) Metaspace: 62338K(62656K)->62338K(62656K) NonClass: 53298K(53504K)->53298K(53504K) Class: 9039K(9152K)->9039K(9152K)
[14630.168s][info][gc             ] GC(33812) Pause Young (Allocation Failure) 413M->333M(416M) 3.284ms
[14630.168s][info][gc,cpu         ] GC(33812) User=0.01s Sys=0.00s Real=0.01s
[14630.623s][info][gc,start       ] GC(33813) Pause Young (Allocation Failure)
[14630.625s][info][gc,heap        ] GC(33813) PSYoungGen: 82336K(84480K)->256K(84480K) Eden: 81920K(81920K)->0K(81920K) From: 416K(2560K)->256K(2560K)
[14630.625s][info][gc,heap        ] GC(33813) ParOldGen: 341480K(341504K)->341584K(342016K)
[14630.625s][info][gc,metaspace   ] GC(33813) Metaspace: 62338K(62656K)->62338K(62656K) NonClass: 53298K(53504K)->53298K(53504K) Class: 9039K(9152K)->9039K(9152K)
[14630.625s][info][gc             ] GC(33813) Pause Young (Allocation Failure) 413M->333M(416M) 2.069ms
[14630.625s][info][gc,cpu         ] GC(33813) User=0.00s Sys=0.00s Real=0.00s
[14631.072s][info][gc,start       ] GC(33814) Pause Young (Allocation Failure)
[14631.075s][info][gc,heap        ] GC(33814) PSYoungGen: 82176K(84480K)->960K(84480K) Eden: 81920K(81920K)->0K(81920K) From: 256K(2560K)->960K(2560K)
[14631.075s][info][gc,heap        ] GC(33814) ParOldGen: 341584K(342016K)->341632K(342016K)
[14631.075s][info][gc,metaspace   ] GC(33814) Metaspace: 62338K(62656K)->62338K(62656K) NonClass: 53298K(53504K)->53298K(53504K) Class: 9039K(9152K)->9039K(9152K)
[14631.075s][info][gc             ] GC(33814) Pause Young (Allocation Failure) 413M->334M(416M) 2.635ms
[14631.075s][info][gc,cpu         ] GC(33814) User=0.00s Sys=0.00s Real=0.00s
[14631.513s][info][gc,start       ] GC(33815) Pause Young (Allocation Failure)
[14631.516s][info][gc,heap        ] GC(33815) PSYoungGen: 82880K(84480K)->1600K(84480K) Eden: 81920K(81920K)->0K(81920K) From: 960K(2560K)->1600K(2560K)
[14631.516s][info][gc,heap        ] GC(33815) ParOldGen: 341632K(342016K)->341680K(342016K)
[14631.516s][info][gc,metaspace   ] GC(33815) Metaspace: 62338K(62656K)->62338K(62656K) NonClass: 53298K(53504K)->53298K(53504K) Class: 9039K(9152K)->9039K(9152K)
[14631.516s][info][gc             ] GC(33815) Pause Young (Allocation Failure) 414M->335M(416M) 3.114ms
[14631.516s][info][gc,cpu         ] GC(33815) User=0.01s Sys=0.00s Real=0.00s
[14632.025s][info][gc,start       ] GC(33816) Pause Young (Allocation Failure)
[14632.027s][info][gc,heap        ] GC(33816) PSYoungGen: 83520K(84480K)->288K(84480K) Eden: 81920K(81920K)->0K(81920K) From: 1600K(2560K)->288K(2560K)
[14632.027s][info][gc,heap        ] GC(33816) ParOldGen: 341680K(342016K)->341728K(342016K)
[14632.027s][info][gc,metaspace   ] GC(33816) Metaspace: 62338K(62656K)->62338K(62656K) NonClass: 53298K(53504K)->53298K(53504K) Class: 9039K(9152K)->9039K(9152K)
[14632.027s][info][gc             ] GC(33816) Pause Young (Allocation Failure) 415M->334M(416M) 2.060ms
[14632.027s][info][gc,cpu         ] GC(33816) User=0.00s Sys=0.00s Real=0.01s
[14632.465s][info][gc,start       ] GC(33817) Pause Young (Allocation Failure)
[14632.467s][info][gc,heap        ] GC(33817) PSYoungGen: 82208K(84480K)->896K(84480K) Eden: 81920K(81920K)->0K(81920K) From: 288K(2560K)->896K(2560K)
[14632.467s][info][gc,heap        ] GC(33817) ParOldGen: 341728K(342016K)->341776K(342016K)
[14632.467s][info][gc,metaspace   ] GC(33817) Metaspace: 62338K(62656K)->62338K(62656K) NonClass: 53298K(53504K)->53298K(53504K) Class: 9039K(9152K)->9039K(9152K)
[14632.467s][info][gc             ] GC(33817) Pause Young (Allocation Failure) 414M->334M(416M) 2.537ms
[14632.467s][info][gc,cpu         ] GC(33817) User=0.00s Sys=0.00s Real=0.01s
[14632.902s][info][gc,start       ] GC(33818) Pause Young (Allocation Failure)
[14632.905s][info][gc,heap        ] GC(33818) PSYoungGen: 82816K(84480K)->1376K(84480K) Eden: 81920K(81920K)->0K(81920K) From: 896K(2560K)->1376K(2560K)
[14632.905s][info][gc,heap        ] GC(33818) ParOldGen: 341776K(342016K)->341824K(342016K)
[14632.905s][info][gc,metaspace   ] GC(33818) Metaspace: 62338K(62656K)->62338K(62656K) NonClass: 53298K(53504K)->53298K(53504K) Class: 9039K(9152K)->9039K(9152K)
[14632.905s][info][gc             ] GC(33818) Pause Young (Allocation Failure) 414M->335M(416M) 3.092ms
[14632.905s][info][gc,cpu         ] GC(33818) User=0.00s Sys=0.00s Real=0.00s
[14633.336s][info][gc,start       ] GC(33819) Pause Young (Allocation Failure)
[14633.338s][info][gc,heap        ] GC(33819) PSYoungGen: 83296K(84480K)->448K(84480K) Eden: 81920K(81920K)->0K(81920K) From: 1376K(2560K)->448K(2560K)
[14633.338s][info][gc,heap        ] GC(33819) ParOldGen: 341824K(342016K)->341880K(342016K)
[14633.338s][info][gc,metaspace   ] GC(33819) Metaspace: 62338K(62656K)->62338K(62656K) NonClass: 53298K(53504K)->53298K(53504K) Class: 9039K(9152K)->9039K(9152K)
[14633.338s][info][gc             ] GC(33819) Pause Young (Allocation Failure) 415M->334M(416M) 2.199ms
[14633.338s][info][gc,cpu         ] GC(33819) User=0.01s Sys=0.00s Real=0.01s
[14633.808s][info][gc,start       ] GC(33820) Pause Young (Allocation Failure)
[14633.811s][info][gc,heap        ] GC(33820) PSYoungGen: 82368K(84480K)->1440K(84480K) Eden: 81920K(81920K)->0K(81920K) From: 448K(2560K)->1440K(2560K)
[14633.811s][info][gc,heap        ] GC(33820) ParOldGen: 341880K(342016K)->341928K(342016K)
[14633.811s][info][gc,metaspace   ] GC(33820) Metaspace: 62338K(62656K)->62338K(62656K) NonClass: 53298K(53504K)->53298K(53504K) Class: 9039K(9152K)->9039K(9152K)
[14633.812s][info][gc             ] GC(33820) Pause Young (Allocation Failure) 414M->335M(416M) 3.108ms
[14633.812s][info][gc,cpu         ] GC(33820) User=0.01s Sys=0.00s Real=0.00s
[14634.241s][info][gc,start       ] GC(33821) Pause Young (Allocation Failure)
[14634.243s][info][gc,heap        ] GC(33821) PSYoungGen: 83360K(84480K)->576K(84480K) Eden: 81920K(81920K)->0K(81920K) From: 1440K(2560K)->576K(2560K)
[14634.243s][info][gc,heap        ] GC(33821) ParOldGen: 341928K(342016K)->341976K(342016K)
[14634.243s][info][gc,metaspace   ] GC(33821) Metaspace: 62338K(62656K)->62338K(62656K) NonClass: 53298K(53504K)->53298K(53504K) Class: 9039K(9152K)->9039K(9152K)
[14634.243s][info][gc             ] GC(33821) Pause Young (Allocation Failure) 415M->334M(416M) 2.224ms
[14634.243s][info][gc,cpu         ] GC(33821) User=0.00s Sys=0.00s Real=0.00s
[14634.679s][info][gc,start       ] GC(33822) Pause Young (Allocation Failure)
[14634.683s][info][gc,heap        ] GC(33822) PSYoungGen: 82496K(84480K)->2176K(84480K) Eden: 81920K(81920K)->0K(81920K) From: 576K(2560K)->2176K(2560K)
[14634.683s][info][gc,heap        ] GC(33822) ParOldGen: 341976K(342016K)->343056K(343552K)
[14634.683s][info][gc,metaspace   ] GC(33822) Metaspace: 62338K(62656K)->62338K(62656K) NonClass: 53298K(53504K)->53298K(53504K) Class: 9039K(9152K)->9039K(9152K)
[14634.683s][info][gc             ] GC(33822) Pause Young (Allocation Failure) 414M->337M(418M) 3.409ms
[14634.683s][info][gc,cpu         ] GC(33822) User=0.01s Sys=0.00s Real=0.00s
[14635.127s][info][gc,start       ] GC(33823) Pause Young (Allocation Failure)
[14635.130s][info][gc,heap        ] GC(33823) PSYoungGen: 84096K(84480K)->320K(84480K) Eden: 81920K(81920K)->0K(81920K) From: 2176K(2560K)->320K(2560K)
[14635.130s][info][gc,heap        ] GC(33823) ParOldGen: 343056K(343552K)->345152K(346624K)
[14635.130s][info][gc,metaspace   ] GC(33823) Metaspace: 62338K(62656K)->62338K(62656K) NonClass: 53298K(53504K)->53298K(53504K) Class: 9039K(9152K)->9039K(9152K)
[14635.130s][info][gc             ] GC(33823) Pause Young (Allocation Failure) 417M->337M(421M) 3.444ms
[14635.130s][info][gc,cpu         ] GC(33823) User=0.01s Sys=0.01s Real=0.00s
[14635.571s][info][gc,start       ] GC(33824) Pause Young (Allocation Failure)
[14635.574s][info][gc,heap        ] GC(33824) PSYoungGen: 82240K(84480K)->960K(84480K) Eden: 81920K(81920K)->0K(81920K) From: 320K(2560K)->960K(2560K)
[14635.574s][info][gc,heap        ] GC(33824) ParOldGen: 345152K(346624K)->345200K(346624K)
[14635.574s][info][gc,metaspace   ] GC(33824) Metaspace: 62338K(62656K)->62338K(62656K) NonClass: 53298K(53504K)->53298K(53504K) Class: 9039K(9152K)->9039K(9152K)
[14635.574s][info][gc             ] GC(33824) Pause Young (Allocation Failure) 417M->338M(421M) 2.727ms
[14635.574s][info][gc,cpu         ] GC(33824) User=0.00s Sys=0.00s Real=0.00s
[14635.991s][info][gc,start       ] GC(33825) Pause Young (Allocation Failure)
[14635.993s][info][gc,heap        ] GC(33825) PSYoungGen: 82880K(84480K)->1344K(84480K) Eden: 81920K(81920K)->0K(81920K) From: 960K(2560K)->1344K(2560K)
[14635.993s][info][gc,heap        ] GC(33825) ParOldGen: 345200K(346624K)->345248K(346624K)
[14635.993s][info][gc,metaspace   ] GC(33825) Metaspace: 62338K(62656K)->62338K(62656K) NonClass: 53298K(53504K)->53298K(53504K) Class: 9039K(9152K)->9039K(9152K)
[14635.993s][info][gc             ] GC(33825) Pause Young (Allocation Failure) 418M->338M(421M) 2.957ms
[14635.993s][info][gc,cpu         ] GC(33825) User=0.01s Sys=0.00s Real=0.00s
[14636.462s][info][gc,start       ] GC(33826) Pause Young (Allocation Failure)
[14636.464s][info][gc,heap        ] GC(33826) PSYoungGen: 83264K(84480K)->768K(84480K) Eden: 81920K(81920K)->0K(81920K) From: 1344K(2560K)->768K(2560K)
[14636.464s][info][gc,heap        ] GC(33826) ParOldGen: 345248K(346624K)->345304K(346624K)
[14636.464s][info][gc,metaspace   ] GC(33826) Metaspace: 62338K(62656K)->62338K(62656K) NonClass: 53298K(53504K)->53298K(53504K) Class: 9039K(9152K)->9039K(9152K)
[14636.464s][info][gc             ] GC(33826) Pause Young (Allocation Failure) 418M->337M(421M) 2.475ms
[14636.464s][info][gc,cpu         ] GC(33826) User=0.00s Sys=0.00s Real=0.00s
[14636.872s][info][gc,start       ] GC(33827) Pause Young (Allocation Failure)
[14636.875s][info][gc,heap        ] GC(33827) PSYoungGen: 82688K(84480K)->1024K(84480K) Eden: 81920K(81920K)->0K(81920K) From: 768K(2560K)->1024K(2560K)
[14636.875s][info][gc,heap        ] GC(33827) ParOldGen: 345304K(346624K)->345360K(346624K)
[14636.875s][info][gc,metaspace   ] GC(33827) Metaspace: 62338K(62656K)->62338K(62656K) NonClass: 53298K(53504K)->53298K(53504K) Class: 9039K(9152K)->9039K(9152K)
[14636.875s][info][gc             ] GC(33827) Pause Young (Allocation Failure) 417M->338M(421M) 2.667ms
[14636.875s][info][gc,cpu         ] GC(33827) User=0.00s Sys=0.00s Real=0.00s
[14637.268s][info][gc,start       ] GC(33828) Pause Young (Allocation Failure)
[14637.271s][info][gc,heap        ] GC(33828) PSYoungGen: 82944K(84480K)->992K(84480K) Eden: 81920K(81920K)->0K(81920K) From: 1024K(2560K)->992K(2560K)
[14637.271s][info][gc,heap        ] GC(33828) ParOldGen: 345360K(346624K)->345408K(346624K)
[14637.271s][info][gc,metaspace   ] GC(33828) Metaspace: 62338K(62656K)->62338K(62656K) NonClass: 53298K(53504K)->53298K(53504K) Class: 9039K(9152K)->9039K(9152K)
[14637.271s][info][gc             ] GC(33828) Pause Young (Allocation Failure) 418M->338M(421M) 2.672ms
[14637.271s][info][gc,cpu         ] GC(33828) User=0.00s Sys=0.00s Real=0.00s
[14637.751s][info][gc,start       ] GC(33829) Pause Young (Allocation Failure)
[14637.753s][info][gc,heap        ] GC(33829) PSYoungGen: 82912K(84480K)->688K(84992K) Eden: 81920K(81920K)->0K(82944K) From: 992K(2560K)->688K(2048K)
[14637.753s][info][gc,heap        ] GC(33829) ParOldGen: 345408K(346624K)->345456K(346624K)
[14637.753s][info][gc,metaspace   ] GC(33829) Metaspace: 62338K(62656K)->62338K(62656K) NonClass: 53298K(53504K)->53298K(53504K) Class: 9039K(9152K)->9039K(9152K)
[14637.753s][info][gc             ] GC(33829) Pause Young (Allocation Failure) 418M->338M(421M) 2.385ms
[14637.753s][info][gc,cpu         ] GC(33829) User=0.01s Sys=0.00s Real=0.00s
[14638.194s][info][gc,start       ] GC(33830) Pause Young (Allocation Failure)
[14638.197s][info][gc,heap        ] GC(33830) PSYoungGen: 83632K(84992K)->1408K(84992K) Eden: 82944K(82944K)->0K(82944K) From: 688K(2048K)->1408K(2048K)
[14638.197s][info][gc,heap        ] GC(33830) ParOldGen: 345456K(346624K)->345552K(346624K)
[14638.197s][info][gc,metaspace   ] GC(33830) Metaspace: 62338K(62656K)->62338K(62656K) NonClass: 53298K(53504K)->53298K(53504K) Class: 9039K(9152K)->9039K(9152K)
[14638.197s][info][gc             ] GC(33830) Pause Young (Allocation Failure) 419M->338M(421M) 3.072ms
[14638.197s][info][gc,cpu         ] GC(33830) User=0.01s Sys=0.00s Real=0.01s
[14638.616s][info][gc,start       ] GC(33831) Pause Young (Allocation Failure)
[14638.619s][info][gc,heap        ] GC(33831) PSYoungGen: 84352K(84992K)->1664K(83968K) Eden: 82944K(82944K)->0K(81920K) From: 1408K(2048K)->1664K(2048K)
[14638.619s][info][gc,heap        ] GC(33831) ParOldGen: 345552K(346624K)->345600K(346624K)
[14638.619s][info][gc,metaspace   ] GC(33831) Metaspace: 62338K(62656K)->62338K(62656K) NonClass: 53298K(53504K)->53298K(53504K) Class: 9039K(9152K)->9039K(9152K)
[14638.619s][info][gc             ] GC(33831) Pause Young (Allocation Failure) 419M->339M(420M) 3.232ms
[14638.619s][info][gc,cpu         ] GC(33831) User=0.00s Sys=0.00s Real=0.01s
[14639.028s][info][gc,start       ] GC(33832) Pause Young (Allocation Failure)
[14639.030s][info][gc,heap        ] GC(33832) PSYoungGen: 83584K(83968K)->2400K(84480K) Eden: 81920K(81920K)->0K(81920K) From: 1664K(2048K)->2400K(2560K)
[14639.030s][info][gc,heap        ] GC(33832) ParOldGen: 345600K(346624K)->345656K(346624K)
[14639.030s][info][gc,metaspace   ] GC(33832) Metaspace: 62338K(62656K)->62338K(62656K) NonClass: 53298K(53504K)->53298K(53504K) Class: 9039K(9152K)->9039K(9152K)
[14639.030s][info][gc             ] GC(33832) Pause Young (Allocation Failure) 419M->339M(421M) 2.415ms
[14639.030s][info][gc,cpu         ] GC(33832) User=0.01s Sys=0.00s Real=0.00s
[14639.430s][info][gc,start       ] GC(33833) Pause Young (Allocation Failure)
[14639.434s][info][gc,heap        ] GC(33833) PSYoungGen: 84320K(84480K)->384K(83456K) Eden: 81920K(81920K)->0K(80896K) From: 2400K(2560K)->384K(2560K)
[14639.434s][info][gc,heap        ] GC(33833) ParOldGen: 345656K(346624K)->347768K(348160K)
[14639.434s][info][gc,metaspace   ] GC(33833) Metaspace: 62338K(62656K)->62338K(62656K) NonClass: 53298K(53504K)->53298K(53504K) Class: 9039K(9152K)->9039K(9152K)
[14639.434s][info][gc             ] GC(33833) Pause Young (Allocation Failure) 419M->339M(421M) 3.158ms
[14639.434s][info][gc,cpu         ] GC(33833) User=0.00s Sys=0.01s Real=0.00s
[14639.850s][info][gc,start       ] GC(33834) Pause Young (Allocation Failure)
[14639.852s][info][gc,heap        ] GC(33834) PSYoungGen: 81280K(83456K)->704K(83968K) Eden: 80896K(80896K)->0K(80896K) From: 384K(2560K)->704K(3072K)
[14639.852s][info][gc,heap        ] GC(33834) ParOldGen: 347768K(348160K)->347824K(348160K)
[14639.852s][info][gc,metaspace   ] GC(33834) Metaspace: 62338K(62656K)->62338K(62656K) NonClass: 53298K(53504K)->53298K(53504K) Class: 9039K(9152K)->9039K(9152K)
[14639.852s][info][gc             ] GC(33834) Pause Young (Allocation Failure) 418M->340M(422M) 2.361ms
[14639.852s][info][gc,cpu         ] GC(33834) User=0.00s Sys=0.00s Real=0.00s
[14640.266s][info][gc,start       ] GC(33835) Pause Young (Allocation Failure)
[14640.268s][info][gc,heap        ] GC(33835) PSYoungGen: 81600K(83968K)->864K(84480K) Eden: 80896K(80896K)->0K(81920K) From: 704K(3072K)->864K(2560K)
[14640.268s][info][gc,heap        ] GC(33835) ParOldGen: 347824K(348160K)->347872K(348160K)
[14640.268s][info][gc,metaspace   ] GC(33835) Metaspace: 62338K(62656K)->62338K(62656K) NonClass: 53298K(53504K)->53298K(53504K) Class: 9039K(9152K)->9039K(9152K)
[14640.268s][info][gc             ] GC(33835) Pause Young (Allocation Failure) 419M->340M(422M) 2.512ms
[14640.268s][info][gc,cpu         ] GC(33835) User=0.00s Sys=0.00s Real=0.01s
[14640.687s][info][gc,start       ] GC(33836) Pause Young (Allocation Failure)
[14640.690s][info][gc,heap        ] GC(33836) PSYoungGen: 82784K(84480K)->1248K(84480K) Eden: 81920K(81920K)->0K(81920K) From: 864K(2560K)->1248K(2560K)
[14640.690s][info][gc,heap        ] GC(33836) ParOldGen: 347872K(348160K)->347920K(348160K)
[14640.690s][info][gc,metaspace   ] GC(33836) Metaspace: 62338K(62656K)->62338K(62656K) NonClass: 53298K(53504K)->53298K(53504K) Class: 9039K(9152K)->9039K(9152K)
[14640.690s][info][gc             ] GC(33836) Pause Young (Allocation Failure) 420M->340M(422M) 2.910ms
[14640.690s][info][gc,cpu         ] GC(33836) User=0.01s Sys=0.00s Real=0.00s
[14641.142s][info][gc,start       ] GC(33837) Pause Young (Allocation Failure)
[14641.144s][info][gc,heap        ] GC(33837) PSYoungGen: 83168K(84480K)->512K(84480K) Eden: 81920K(81920K)->0K(81920K) From: 1248K(2560K)->512K(2560K)
[14641.144s][info][gc,heap        ] GC(33837) ParOldGen: 347920K(348160K)->347968K(348160K)
[14641.144s][info][gc,metaspace   ] GC(33837) Metaspace: 62338K(62656K)->62338K(62656K) NonClass: 53298K(53504K)->53298K(53504K) Class: 9039K(9152K)->9039K(9152K)
[14641.144s][info][gc             ] GC(33837) Pause Young (Allocation Failure) 420M->340M(422M) 2.243ms
[14641.144s][info][gc,cpu         ] GC(33837) User=0.00s Sys=0.00s Real=0.00s
[14641.604s][info][gc,start       ] GC(33838) Pause Young (Allocation Failure)
[14641.607s][info][gc,heap        ] GC(33838) PSYoungGen: 82432K(84480K)->1472K(84480K) Eden: 81920K(81920K)->0K(81920K) From: 512K(2560K)->1472K(2560K)
[14641.607s][info][gc,heap        ] GC(33838) ParOldGen: 347968K(348160K)->348016K(348160K)
[14641.607s][info][gc,metaspace   ] GC(33838) Metaspace: 62338K(62656K)->62338K(62656K) NonClass: 53298K(53504K)->53298K(53504K) Class: 9039K(9152K)->9039K(9152K)
[14641.607s][info][gc             ] GC(33838) Pause Young (Allocation Failure) 420M->341M(422M) 3.021ms
[14641.607s][info][gc,cpu         ] GC(33838) User=0.00s Sys=0.00s Real=0.01s
[14642.038s][info][gc,start       ] GC(33839) Pause Young (Allocation Failure)
[14642.040s][info][gc,heap        ] GC(33839) PSYoungGen: 83392K(84480K)->448K(84480K) Eden: 81920K(81920K)->0K(81920K) From: 1472K(2560K)->448K(2560K)
[14642.040s][info][gc,heap        ] GC(33839) ParOldGen: 348016K(348160K)->348064K(348160K)
[14642.040s][info][gc,metaspace   ] GC(33839) Metaspace: 62338K(62656K)->62338K(62656K) NonClass: 53298K(53504K)->53298K(53504K) Class: 9039K(9152K)->9039K(9152K)
[14642.040s][info][gc             ] GC(33839) Pause Young (Allocation Failure) 421M->340M(422M) 2.164ms
[14642.040s][info][gc,cpu         ] GC(33839) User=0.01s Sys=0.00s Real=0.00s
[14642.445s][info][gc,start       ] GC(33840) Pause Young (Allocation Failure)
[14642.448s][info][gc,heap        ] GC(33840) PSYoungGen: 82368K(84480K)->608K(84480K) Eden: 81920K(81920K)->0K(81920K) From: 448K(2560K)->608K(2560K)
[14642.448s][info][gc,heap        ] GC(33840) ParOldGen: 348064K(348160K)->348112K(348160K)
[14642.448s][info][gc,metaspace   ] GC(33840) Metaspace: 62338K(62656K)->62338K(62656K) NonClass: 53298K(53504K)->53298K(53504K) Class: 9039K(9152K)->9039K(9152K)
[14642.448s][info][gc             ] GC(33840) Pause Young (Allocation Failure) 420M->340M(422M) 2.543ms
[14642.448s][info][gc,cpu         ] GC(33840) User=0.01s Sys=0.00s Real=0.01s
[14642.827s][info][gc,start       ] GC(33841) Pause Young (Allocation Failure)
[14642.829s][info][gc,heap        ] GC(33841) PSYoungGen: 82528K(84480K)->320K(84480K) Eden: 81920K(81920K)->0K(81920K) From: 608K(2560K)->320K(2560K)
[14642.829s][info][gc,heap        ] GC(33841) ParOldGen: 348112K(348160K)->348160K(348672K)
[14642.829s][info][gc,metaspace   ] GC(33841) Metaspace: 62338K(62656K)->62338K(62656K) NonClass: 53298K(53504K)->53298K(53504K) Class: 9039K(9152K)->9039K(9152K)
[14642.829s][info][gc             ] GC(33841) Pause Young (Allocation Failure) 420M->340M(423M) 2.101ms
[14642.829s][info][gc,cpu         ] GC(33841) User=0.01s Sys=0.00s Real=0.00s
[14643.234s][info][gc,start       ] GC(33842) Pause Young (Allocation Failure)
[14643.236s][info][gc,heap        ] GC(33842) PSYoungGen: 82240K(84480K)->416K(84480K) Eden: 81920K(81920K)->0K(81920K) From: 320K(2560K)->416K(2560K)
[14643.236s][info][gc,heap        ] GC(33842) ParOldGen: 348160K(348672K)->348208K(348672K)
[14643.236s][info][gc,metaspace   ] GC(33842) Metaspace: 62338K(62656K)->62338K(62656K) NonClass: 53298K(53504K)->53298K(53504K) Class: 9039K(9152K)->9039K(9152K)
[14643.236s][info][gc             ] GC(33842) Pause Young (Allocation Failure) 420M->340M(423M) 2.155ms
[14643.236s][info][gc,cpu         ] GC(33842) User=0.01s Sys=0.00s Real=0.00s
[14643.632s][info][gc,start       ] GC(33843) Pause Young (Allocation Failure)
[14643.634s][info][gc,heap        ] GC(33843) PSYoungGen: 82336K(84480K)->2496K(83456K) Eden: 81920K(81920K)->0K(80896K) From: 416K(2560K)->2496K(2560K)
[14643.634s][info][gc,heap        ] GC(33843) ParOldGen: 348208K(348672K)->348256K(348672K)
[14643.634s][info][gc,metaspace   ] GC(33843) Metaspace: 62338K(62656K)->62338K(62656K) NonClass: 53298K(53504K)->53298K(53504K) Class: 9039K(9152K)->9039K(9152K)
[14643.634s][info][gc             ] GC(33843) Pause Young (Allocation Failure) 420M->342M(422M) 2.379ms
[14643.634s][info][gc,cpu         ] GC(33843) User=0.00s Sys=0.00s Real=0.00s
[14644.030s][info][gc,start       ] GC(33844) Pause Young (Allocation Failure)
[14644.034s][info][gc,heap        ] GC(33844) PSYoungGen: 83392K(83456K)->384K(83968K) Eden: 80896K(80896K)->0K(80896K) From: 2496K(2560K)->384K(3072K)
[14644.034s][info][gc,heap        ] GC(33844) ParOldGen: 348256K(348672K)->350353K(351744K)
[14644.034s][info][gc,metaspace   ] GC(33844) Metaspace: 62338K(62656K)->62338K(62656K) NonClass: 53298K(53504K)->53298K(53504K) Class: 9039K(9152K)->9039K(9152K)
[14644.034s][info][gc             ] GC(33844) Pause Young (Allocation Failure) 421M->342M(425M) 3.238ms
[14644.034s][info][gc,cpu         ] GC(33844) User=0.01s Sys=0.00s Real=0.00s
[14644.432s][info][gc,start       ] GC(33845) Pause Young (Allocation Failure)
[14644.434s][info][gc,heap        ] GC(33845) PSYoungGen: 81280K(83968K)->384K(84480K) Eden: 80896K(80896K)->0K(81408K) From: 384K(3072K)->384K(3072K)
[14644.434s][info][gc,heap        ] GC(33845) ParOldGen: 350353K(351744K)->350401K(351744K)
[14644.434s][info][gc,metaspace   ] GC(33845) Metaspace: 62338K(62656K)->62338K(62656K) NonClass: 53298K(53504K)->53298K(53504K) Class: 9039K(9152K)->9039K(9152K)
[14644.434s][info][gc             ] GC(33845) Pause Young (Allocation Failure) 421M->342M(426M) 2.136ms
[14644.434s][info][gc,cpu         ] GC(33845) User=0.00s Sys=0.00s Real=0.00s
[14644.940s][info][gc,start       ] GC(33846) Pause Young (Allocation Failure)
[14644.942s][info][gc,heap        ] GC(33846) PSYoungGen: 81792K(84480K)->448K(83968K) Eden: 81408K(81408K)->0K(81408K) From: 384K(3072K)->448K(2560K)
[14644.942s][info][gc,heap        ] GC(33846) ParOldGen: 350401K(351744K)->350449K(351744K)
[14644.942s][info][gc,metaspace   ] GC(33846) Metaspace: 62338K(62656K)->62338K(62656K) NonClass: 53298K(53504K)->53298K(53504K) Class: 9039K(9152K)->9039K(9152K)
[14644.942s][info][gc             ] GC(33846) Pause Young (Allocation Failure) 422M->342M(425M) 2.375ms
[14644.942s][info][gc,cpu         ] GC(33846) User=0.01s Sys=0.00s Real=0.00s
[14645.373s][info][gc,start       ] GC(33847) Pause Young (Allocation Failure)
[14645.376s][info][gc,heap        ] GC(33847) PSYoungGen: 81856K(83968K)->992K(84480K) Eden: 81408K(81408K)->0K(81920K) From: 448K(2560K)->992K(2560K)
[14645.376s][info][gc,heap        ] GC(33847) ParOldGen: 350449K(351744K)->350553K(351744K)
[14645.376s][info][gc,metaspace   ] GC(33847) Metaspace: 62338K(62656K)->62338K(62656K) NonClass: 53298K(53504K)->53298K(53504K) Class: 9039K(9152K)->9039K(9152K)
[14645.376s][info][gc             ] GC(33847) Pause Young (Allocation Failure) 422M->343M(426M) 2.822ms
[14645.376s][info][gc,cpu         ] GC(33847) User=0.00s Sys=0.00s Real=0.00s
[14645.842s][info][gc,start       ] GC(33848) Pause Young (Allocation Failure)
[14645.844s][info][gc,heap        ] GC(33848) PSYoungGen: 82912K(84480K)->544K(84480K) Eden: 81920K(81920K)->0K(81920K) From: 992K(2560K)->544K(2560K)
[14645.844s][info][gc,heap        ] GC(33848) ParOldGen: 350553K(351744K)->350601K(351744K)
[14645.844s][info][gc,metaspace   ] GC(33848) Metaspace: 62338K(62656K)->62338K(62656K) NonClass: 53298K(53504K)->53298K(53504K) Class: 9039K(9152K)->9039K(9152K)
[14645.844s][info][gc             ] GC(33848) Pause Young (Allocation Failure) 423M->342M(426M) 2.246ms
[14645.844s][info][gc,cpu         ] GC(33848) User=0.01s Sys=0.00s Real=0.00s
[14646.295s][info][gc,start       ] GC(33849) Pause Young (Allocation Failure)
[14646.298s][info][gc,heap        ] GC(33849) PSYoungGen: 82464K(84480K)->1376K(84480K) Eden: 81920K(81920K)->0K(81920K) From: 544K(2560K)->1376K(2560K)
[14646.298s][info][gc,heap        ] GC(33849) ParOldGen: 350601K(351744K)->350649K(351744K)
[14646.298s][info][gc,metaspace   ] GC(33849) Metaspace: 62338K(62656K)->62338K(62656K) NonClass: 53298K(53504K)->53298K(53504K) Class: 9039K(9152K)->9039K(9152K)
[14646.298s][info][gc             ] GC(33849) Pause Young (Allocation Failure) 422M->343M(426M) 3.075ms
[14646.298s][info][gc,cpu         ] GC(33849) User=0.01s Sys=0.00s Real=0.01s
[14646.748s][info][gc,start       ] GC(33850) Pause Young (Allocation Failure)
[14646.750s][info][gc,heap        ] GC(33850) PSYoungGen: 83296K(84480K)->576K(84480K) Eden: 81920K(81920K)->0K(81920K) From: 1376K(2560K)->576K(2560K)
[14646.751s][info][gc,heap        ] GC(33850) ParOldGen: 350649K(351744K)->350697K(351744K)
[14646.751s][info][gc,metaspace   ] GC(33850) Metaspace: 62338K(62656K)->62338K(62656K) NonClass: 53298K(53504K)->53298K(53504K) Class: 9039K(9152K)->9039K(9152K)
[14646.751s][info][gc             ] GC(33850) Pause Young (Allocation Failure) 423M->343M(426M) 2.494ms
[14646.751s][info][gc,cpu         ] GC(33850) User=0.00s Sys=0.00s Real=0.00s
[14647.214s][info][gc,start       ] GC(33851) Pause Young (Allocation Failure)
[14647.217s][info][gc,heap        ] GC(33851) PSYoungGen: 82496K(84480K)->1504K(84480K) Eden: 81920K(81920K)->0K(81920K) From: 576K(2560K)->1504K(2560K)
[14647.217s][info][gc,heap        ] GC(33851) ParOldGen: 350697K(351744K)->350745K(351744K)
[14647.217s][info][gc,metaspace   ] GC(33851) Metaspace: 62338K(62656K)->62338K(62656K) NonClass: 53298K(53504K)->53298K(53504K) Class: 9039K(9152K)->9039K(9152K)
[14647.217s][info][gc             ] GC(33851) Pause Young (Allocation Failure) 423M->343M(426M) 3.429ms
[14647.217s][info][gc,cpu         ] GC(33851) User=0.00s Sys=0.00s Real=0.01s
[14647.680s][info][gc,start       ] GC(33852) Pause Young (Allocation Failure)
[14647.683s][info][gc,heap        ] GC(33852) PSYoungGen: 83424K(84480K)->1024K(84480K) Eden: 81920K(81920K)->0K(81920K) From: 1504K(2560K)->1024K(2560K)
[14647.683s][info][gc,heap        ] GC(33852) ParOldGen: 350745K(351744K)->350801K(351744K)
[14647.683s][info][gc,metaspace   ] GC(33852) Metaspace: 62338K(62656K)->62338K(62656K) NonClass: 53298K(53504K)->53298K(53504K) Class: 9039K(9152K)->9039K(9152K)
[14647.683s][info][gc             ] GC(33852) Pause Young (Allocation Failure) 423M->343M(426M) 2.886ms
[14647.683s][info][gc,cpu         ] GC(33852) User=0.00s Sys=0.00s Real=0.00s
[14648.094s][info][gc,start       ] GC(33853) Pause Young (Allocation Failure)
[14648.097s][info][gc,heap        ] GC(33853) PSYoungGen: 82944K(84480K)->2496K(83456K) Eden: 81920K(81920K)->0K(80896K) From: 1024K(2560K)->2496K(2560K)
[14648.097s][info][gc,heap        ] GC(33853) ParOldGen: 350801K(351744K)->351881K(353280K)
[14648.097s][info][gc,metaspace   ] GC(33853) Metaspace: 62338K(62656K)->62338K(62656K) NonClass: 53298K(53504K)->53298K(53504K) Class: 9039K(9152K)->9039K(9152K)
[14648.097s][info][gc             ] GC(33853) Pause Young (Allocation Failure) 423M->346M(426M) 3.748ms
[14648.097s][info][gc,cpu         ] GC(33853) User=0.00s Sys=0.00s Real=0.01s
[14648.523s][info][gc,start       ] GC(33854) Pause Young (Allocation Failure)
[14648.526s][info][gc,heap        ] GC(33854) PSYoungGen: 83392K(83456K)->256K(83968K) Eden: 80896K(80896K)->0K(80896K) From: 2496K(2560K)->256K(3072K)
[14648.526s][info][gc,heap        ] GC(33854) ParOldGen: 351881K(353280K)->353985K(354816K)
[14648.526s][info][gc,metaspace   ] GC(33854) Metaspace: 62338K(62656K)->62338K(62656K) NonClass: 53298K(53504K)->53298K(53504K) Class: 9039K(9152K)->9039K(9152K)
[14648.526s][info][gc             ] GC(33854) Pause Young (Allocation Failure) 425M->345M(428M) 3.239ms
[14648.526s][info][gc,cpu         ] GC(33854) User=0.00s Sys=0.00s Real=0.00s
[14648.962s][info][gc,start       ] GC(33855) Pause Young (Allocation Failure)
[14648.965s][info][gc,heap        ] GC(33855) PSYoungGen: 81152K(83968K)->864K(84480K) Eden: 80896K(80896K)->0K(81408K) From: 256K(3072K)->864K(3072K)
[14648.965s][info][gc,heap        ] GC(33855) ParOldGen: 353985K(354816K)->354033K(354816K)
[14648.965s][info][gc,metaspace   ] GC(33855) Metaspace: 62338K(62656K)->62338K(62656K) NonClass: 53298K(53504K)->53298K(53504K) Class: 9039K(9152K)->9039K(9152K)
[14648.965s][info][gc             ] GC(33855) Pause Young (Allocation Failure) 424M->346M(429M) 2.495ms
[14648.965s][info][gc,cpu         ] GC(33855) User=0.01s Sys=0.00s Real=0.00s
[14649.421s][info][gc,start       ] GC(33856) Pause Young (Allocation Failure)
[14649.423s][info][gc,heap        ] GC(33856) PSYoungGen: 82272K(84480K)->256K(83968K) Eden: 81408K(81408K)->0K(81408K) From: 864K(3072K)->256K(2560K)
[14649.423s][info][gc,heap        ] GC(33856) ParOldGen: 354033K(354816K)->354089K(354816K)
[14649.423s][info][gc,metaspace   ] GC(33856) Metaspace: 62338K(62656K)->62338K(62656K) NonClass: 53298K(53504K)->53298K(53504K) Class: 9039K(9152K)->9039K(9152K)
[14649.423s][info][gc             ] GC(33856) Pause Young (Allocation Failure) 426M->346M(428M) 2.012ms
[14649.423s][info][gc,cpu         ] GC(33856) User=0.00s Sys=0.00s Real=0.00s
[14649.874s][info][gc,start       ] GC(33857) Pause Young (Allocation Failure)
[14649.877s][info][gc,heap        ] GC(33857) PSYoungGen: 81664K(83968K)->1088K(84480K) Eden: 81408K(81408K)->0K(81920K) From: 256K(2560K)->1088K(2560K)
[14649.877s][info][gc,heap        ] GC(33857) ParOldGen: 354089K(354816K)->354145K(354816K)
[14649.877s][info][gc,metaspace   ] GC(33857) Metaspace: 62338K(62656K)->62338K(62656K) NonClass: 53298K(53504K)->53298K(53504K) Class: 9039K(9152K)->9039K(9152K)
[14649.877s][info][gc             ] GC(33857) Pause Young (Allocation Failure) 425M->346M(429M) 2.884ms
[14649.877s][info][gc,cpu         ] GC(33857) User=0.00s Sys=0.00s Real=0.01s
[14650.281s][info][gc,start       ] GC(33858) Pause Young (Allocation Failure)
[14650.284s][info][gc,heap        ] GC(33858) PSYoungGen: 83008K(84480K)->1248K(84480K) Eden: 81920K(81920K)->0K(81920K) From: 1088K(2560K)->1248K(2560K)
[14650.284s][info][gc,heap        ] GC(33858) ParOldGen: 354145K(354816K)->354201K(354816K)
[14650.284s][info][gc,metaspace   ] GC(33858) Metaspace: 62338K(62656K)->62338K(62656K) NonClass: 53298K(53504K)->53298K(53504K) Class: 9039K(9152K)->9039K(9152K)
[14650.284s][info][gc             ] GC(33858) Pause Young (Allocation Failure) 426M->347M(429M) 3.109ms
[14650.284s][info][gc,cpu         ] GC(33858) User=0.01s Sys=0.00s Real=0.00s
[14650.727s][info][gc,start       ] GC(33859) Pause Young (Allocation Failure)
[14650.729s][info][gc,heap        ] GC(33859) PSYoungGen: 83168K(84480K)->320K(84480K) Eden: 81920K(81920K)->0K(81920K) From: 1248K(2560K)->320K(2560K)
[14650.729s][info][gc,heap        ] GC(33859) ParOldGen: 354201K(354816K)->354257K(354816K)
[14650.729s][info][gc,metaspace   ] GC(33859) Metaspace: 62338K(62656K)->62338K(62656K) NonClass: 53298K(53504K)->53298K(53504K) Class: 9039K(9152K)->9039K(9152K)
[14650.729s][info][gc             ] GC(33859) Pause Young (Allocation Failure) 427M->346M(429M) 2.212ms
[14650.729s][info][gc,cpu         ] GC(33859) User=0.00s Sys=0.00s Real=0.00s
[14651.193s][info][gc,start       ] GC(33860) Pause Young (Allocation Failure)
[14651.196s][info][gc,heap        ] GC(33860) PSYoungGen: 82240K(84480K)->1280K(84480K) Eden: 81920K(81920K)->0K(81920K) From: 320K(2560K)->1280K(2560K)
[14651.196s][info][gc,heap        ] GC(33860) ParOldGen: 354257K(354816K)->354313K(354816K)
[14651.196s][info][gc,metaspace   ] GC(33860) Metaspace: 62338K(62656K)->62338K(62656K) NonClass: 53298K(53504K)->53298K(53504K) Class: 9039K(9152K)->9039K(9152K)
[14651.196s][info][gc             ] GC(33860) Pause Young (Allocation Failure) 426M->347M(429M) 2.952ms
[14651.196s][info][gc,cpu         ] GC(33860) User=0.01s Sys=0.00s Real=0.00s
[14651.633s][info][gc,start       ] GC(33861) Pause Young (Allocation Failure)
[14651.635s][info][gc,heap        ] GC(33861) PSYoungGen: 83200K(84480K)->416K(84480K) Eden: 81920K(81920K)->0K(81920K) From: 1280K(2560K)->416K(2560K)
[14651.635s][info][gc,heap        ] GC(33861) ParOldGen: 354313K(354816K)->354361K(354816K)
[14651.635s][info][gc,metaspace   ] GC(33861) Metaspace: 62338K(62656K)->62338K(62656K) NonClass: 53298K(53504K)->53298K(53504K) Class: 9039K(9152K)->9039K(9152K)
[14651.635s][info][gc             ] GC(33861) Pause Young (Allocation Failure) 427M->346M(429M) 2.228ms
[14651.635s][info][gc,cpu         ] GC(33861) User=0.01s Sys=0.00s Real=0.00s
[14652.074s][info][gc,start       ] GC(33862) Pause Young (Allocation Failure)
[14652.076s][info][gc,heap        ] GC(33862) PSYoungGen: 82336K(84480K)->1056K(84480K) Eden: 81920K(81920K)->0K(81920K) From: 416K(2560K)->1056K(2560K)
[14652.076s][info][gc,heap        ] GC(33862) ParOldGen: 354361K(354816K)->354409K(354816K)
[14652.076s][info][gc,metaspace   ] GC(33862) Metaspace: 62338K(62656K)->62338K(62656K) NonClass: 53298K(53504K)->53298K(53504K) Class: 9039K(9152K)->9039K(9152K)
[14652.076s][info][gc             ] GC(33862) Pause Young (Allocation Failure) 426M->347M(429M) 2.771ms
[14652.076s][info][gc,cpu         ] GC(33862) User=0.01s Sys=0.00s Real=0.01s
[14652.587s][info][gc,start       ] GC(33863) Pause Young (Allocation Failure)
[14652.589s][info][gc,heap        ] GC(33863) PSYoungGen: 82976K(84480K)->1040K(84480K) Eden: 81920K(81920K)->0K(81920K) From: 1056K(2560K)->1040K(2560K)
[14652.589s][info][gc,heap        ] GC(33863) ParOldGen: 354409K(354816K)->354465K(354816K)
[14652.589s][info][gc,metaspace   ] GC(33863) Metaspace: 62338K(62656K)->62338K(62656K) NonClass: 53298K(53504K)->53298K(53504K) Class: 9039K(9152K)->9039K(9152K)
[14652.589s][info][gc             ] GC(33863) Pause Young (Allocation Failure) 427M->347M(429M) 2.789ms
[14652.589s][info][gc,cpu         ] GC(33863) User=0.00s Sys=0.00s Real=0.00s
[14653.055s][info][gc,start       ] GC(33864) Pause Young (Allocation Failure)
[14653.058s][info][gc,heap        ] GC(33864) PSYoungGen: 82960K(84480K)->1728K(84480K) Eden: 81920K(81920K)->0K(81920K) From: 1040K(2560K)->1728K(2560K)
[14653.058s][info][gc,heap        ] GC(33864) ParOldGen: 354465K(354816K)->355593K(356352K)
[14653.058s][info][gc,metaspace   ] GC(33864) Metaspace: 62338K(62656K)->62338K(62656K) NonClass: 53298K(53504K)->53298K(53504K) Class: 9039K(9152K)->9039K(9152K)
[14653.058s][info][gc             ] GC(33864) Pause Young (Allocation Failure) 427M->348M(430M) 3.130ms
[14653.058s][info][gc,cpu         ] GC(33864) User=0.01s Sys=0.00s Real=0.01s
[14653.474s][info][gc,start       ] GC(33865) Pause Young (Allocation Failure)
[14653.478s][info][gc,heap        ] GC(33865) PSYoungGen: 83648K(84480K)->1120K(84480K) Eden: 81920K(81920K)->0K(81920K) From: 1728K(2560K)->1120K(2560K)
[14653.478s][info][gc,heap        ] GC(33865) ParOldGen: 355593K(356352K)->357689K(357888K)
[14653.478s][info][gc,metaspace   ] GC(33865) Metaspace: 62338K(62656K)->62338K(62656K) NonClass: 53298K(53504K)->53298K(53504K) Class: 9039K(9152K)->9039K(9152K)
[14653.478s][info][gc             ] GC(33865) Pause Young (Allocation Failure) 428M->350M(432M) 3.786ms
[14653.478s][info][gc,cpu         ] GC(33865) User=0.01s Sys=0.00s Real=0.01s
[14653.893s][info][gc,start       ] GC(33866) Pause Young (Allocation Failure)
[14653.896s][info][gc,heap        ] GC(33866) PSYoungGen: 83040K(84480K)->1344K(84480K) Eden: 81920K(81920K)->0K(81920K) From: 1120K(2560K)->1344K(2560K)
[14653.896s][info][gc,heap        ] GC(33866) ParOldGen: 357689K(357888K)->357737K(357888K)
[14653.896s][info][gc,metaspace   ] GC(33866) Metaspace: 62338K(62656K)->62338K(62656K) NonClass: 53298K(53504K)->53298K(53504K) Class: 9039K(9152K)->9039K(9152K)
[14653.896s][info][gc             ] GC(33866) Pause Young (Allocation Failure) 430M->350M(432M) 2.960ms
[14653.896s][info][gc,cpu         ] GC(33866) User=0.00s Sys=0.00s Real=0.00s
[14654.284s][info][gc,start       ] GC(33867) Pause Young (Allocation Failure)
[14654.287s][info][gc,heap        ] GC(33867) PSYoungGen: 83263K(84480K)->1280K(84480K) Eden: 81919K(81920K)->0K(81920K) From: 1344K(2560K)->1280K(2560K)
[14654.287s][info][gc,heap        ] GC(33867) ParOldGen: 357737K(357888K)->357793K(357888K)
[14654.287s][info][gc,metaspace   ] GC(33867) Metaspace: 62338K(62656K)->62338K(62656K) NonClass: 53298K(53504K)->53298K(53504K) Class: 9039K(9152K)->9039K(9152K)
[14654.287s][info][gc             ] GC(33867) Pause Young (Allocation Failure) 430M->350M(432M) 2.906ms
[14654.287s][info][gc,cpu         ] GC(33867) User=0.01s Sys=0.00s Real=0.01s
[14654.676s][info][gc,start       ] GC(33868) Pause Young (Allocation Failure)
[14654.679s][info][gc,heap        ] GC(33868) PSYoungGen: 83200K(84480K)->1184K(84480K) Eden: 81920K(81920K)->0K(81920K) From: 1280K(2560K)->1184K(2560K)
[14654.679s][info][gc,heap        ] GC(33868) ParOldGen: 357793K(357888K)->357849K(357888K)
[14654.679s][info][gc,metaspace   ] GC(33868) Metaspace: 62338K(62656K)->62338K(62656K) NonClass: 53298K(53504K)->53298K(53504K) Class: 9039K(9152K)->9039K(9152K)
[14654.679s][info][gc             ] GC(33868) Pause Young (Allocation Failure) 430M->350M(432M) 2.795ms
[14654.679s][info][gc,cpu         ] GC(33868) User=0.01s Sys=0.00s Real=0.01s
[14655.062s][info][gc,start       ] GC(33869) Pause Young (Allocation Failure)
[14655.064s][info][gc,heap        ] GC(33869) PSYoungGen: 83104K(84480K)->896K(84992K) Eden: 81920K(81920K)->0K(82432K) From: 1184K(2560K)->896K(2560K)
[14655.064s][info][gc,heap        ] GC(33869) ParOldGen: 357849K(357888K)->357897K(358400K)
[14655.064s][info][gc,metaspace   ] GC(33869) Metaspace: 62338K(62656K)->62338K(62656K) NonClass: 53298K(53504K)->53298K(53504K) Class: 9039K(9152K)->9039K(9152K)
[14655.064s][info][gc             ] GC(33869) Pause Young (Allocation Failure) 430M->350M(433M) 2.602ms
[14655.064s][info][gc,cpu         ] GC(33869) User=0.00s Sys=0.00s Real=0.00s
[14655.488s][info][gc,start       ] GC(33870) Pause Young (Allocation Failure)
[14655.491s][info][gc,heap        ] GC(33870) PSYoungGen: 83328K(84992K)->1312K(84480K) Eden: 82432K(82432K)->0K(82432K) From: 896K(2560K)->1312K(2048K)
[14655.491s][info][gc,heap        ] GC(33870) ParOldGen: 357897K(358400K)->357945K(358400K)
[14655.491s][info][gc,metaspace   ] GC(33870) Metaspace: 62338K(62656K)->62338K(62656K) NonClass: 53298K(53504K)->53298K(53504K) Class: 9039K(9152K)->9039K(9152K)
[14655.491s][info][gc             ] GC(33870) Pause Young (Allocation Failure) 430M->350M(432M) 2.990ms
[14655.491s][info][gc,cpu         ] GC(33870) User=0.01s Sys=0.00s Real=0.00s
[14655.901s][info][gc,start       ] GC(33871) Pause Young (Allocation Failure)
[14655.904s][info][gc,heap        ] GC(33871) PSYoungGen: 83744K(84480K)->1344K(84992K) Eden: 82432K(82432K)->0K(82944K) From: 1312K(2048K)->1344K(2048K)
[14655.904s][info][gc,heap        ] GC(33871) ParOldGen: 357945K(358400K)->357993K(358400K)
[14655.904s][info][gc,metaspace   ] GC(33871) Metaspace: 62338K(62656K)->62338K(62656K) NonClass: 53298K(53504K)->53298K(53504K) Class: 9039K(9152K)->9039K(9152K)
[14655.904s][info][gc             ] GC(33871) Pause Young (Allocation Failure) 431M->350M(433M) 2.946ms
[14655.904s][info][gc,cpu         ] GC(33871) User=0.01s Sys=0.00s Real=0.00s
[14656.384s][info][gc,start       ] GC(33872) Pause Young (Allocation Failure)
[14656.387s][info][gc,heap        ] GC(33872) PSYoungGen: 84288K(84992K)->1088K(84992K) Eden: 82944K(82944K)->0K(82944K) From: 1344K(2048K)->1088K(2048K)
[14656.387s][info][gc,heap        ] GC(33872) ParOldGen: 357993K(358400K)->358041K(358400K)
[14656.387s][info][gc,metaspace   ] GC(33872) Metaspace: 62338K(62656K)->62338K(62656K) NonClass: 53298K(53504K)->53298K(53504K) Class: 9039K(9152K)->9039K(9152K)
[14656.387s][info][gc             ] GC(33872) Pause Young (Allocation Failure) 431M->350M(433M) 2.932ms
[14656.387s][info][gc,cpu         ] GC(33872) User=0.01s Sys=0.00s Real=0.01s
[14656.849s][info][gc,start       ] GC(33873) Pause Young (Allocation Failure)
[14656.851s][info][gc,heap        ] GC(33873) PSYoungGen: 84032K(84992K)->672K(84992K) Eden: 82944K(82944K)->0K(82944K) From: 1088K(2048K)->672K(2048K)
[14656.851s][info][gc,heap        ] GC(33873) ParOldGen: 358041K(358400K)->358089K(358400K)
[14656.851s][info][gc,metaspace   ] GC(33873) Metaspace: 62338K(62656K)->62338K(62656K) NonClass: 53298K(53504K)->53298K(53504K) Class: 9039K(9152K)->9039K(9152K)
[14656.851s][info][gc             ] GC(33873) Pause Young (Allocation Failure) 431M->350M(433M) 2.421ms
[14656.851s][info][gc,cpu         ] GC(33873) User=0.00s Sys=0.00s Real=0.00s
[14657.320s][info][gc,start       ] GC(33874) Pause Young (Allocation Failure)
[14657.323s][info][gc,heap        ] GC(33874) PSYoungGen: 83616K(84992K)->224K(84992K) Eden: 82944K(82944K)->0K(82944K) From: 672K(2048K)->224K(2048K)
[14657.323s][info][gc,heap        ] GC(33874) ParOldGen: 358089K(358400K)->358137K(358400K)
[14657.323s][info][gc,metaspace   ] GC(33874) Metaspace: 62338K(62656K)->62338K(62656K) NonClass: 53298K(53504K)->53298K(53504K) Class: 9039K(9152K)->9039K(9152K)
[14657.323s][info][gc             ] GC(33874) Pause Young (Allocation Failure) 431M->349M(433M) 2.209ms
[14657.323s][info][gc,cpu         ] GC(33874) User=0.00s Sys=0.00s Real=0.00s
[14657.852s][info][gc,start       ] GC(33875) Pause Young (Allocation Failure)
[14657.855s][info][gc,heap        ] GC(33875) PSYoungGen: 83168K(84992K)->1440K(83968K) Eden: 82944K(82944K)->0K(81920K) From: 224K(2048K)->1440K(2048K)
[14657.855s][info][gc,heap        ] GC(33875) ParOldGen: 358137K(358400K)->359209K(359936K)
[14657.855s][info][gc,metaspace   ] GC(33875) Metaspace: 62338K(62656K)->62338K(62656K) NonClass: 53299K(53504K)->53299K(53504K) Class: 9039K(9152K)->9039K(9152K)
[14657.855s][info][gc             ] GC(33875) Pause Young (Allocation Failure) 430M->352M(433M) 2.973ms
[14657.855s][info][gc,cpu         ] GC(33875) User=0.01s Sys=0.00s Real=0.00s
[14660.618s][info][gc,start       ] GC(33876) Pause Young (Allocation Failure)
[14660.630s][info][gc,heap        ] GC(33876) PSYoungGen: 83360K(83968K)->2528K(82432K) Eden: 81920K(81920K)->0K(79872K) From: 1440K(2048K)->2528K(2560K)
[14660.630s][info][gc,heap        ] GC(33876) ParOldGen: 359209K(359936K)->371113K(372224K)
[14660.630s][info][gc,metaspace   ] GC(33876) Metaspace: 62396K(62656K)->62396K(62656K) NonClass: 53356K(53504K)->53356K(53504K) Class: 9039K(9152K)->9039K(9152K)
[14660.630s][info][gc             ] GC(33876) Pause Young (Allocation Failure) 432M->364M(444M) 11.203ms
[14660.630s][info][gc,cpu         ] GC(33876) User=0.02s Sys=0.01s Real=0.01s
[14661.090s][info][gc,start       ] GC(33877) Pause Young (Allocation Failure)
[14661.095s][info][gc,heap        ] GC(33877) PSYoungGen: 82400K(82432K)->560K(82944K) Eden: 79872K(79872K)->0K(77824K) From: 2528K(2560K)->560K(5120K)
[14661.095s][info][gc,heap        ] GC(33877) ParOldGen: 371113K(372224K)->374537K(375808K)
[14661.095s][info][gc,metaspace   ] GC(33877) Metaspace: 62396K(62656K)->62396K(62656K) NonClass: 53357K(53504K)->53357K(53504K) Class: 9039K(9152K)->9039K(9152K)
[14661.095s][info][gc             ] GC(33877) Pause Young (Allocation Failure) 442M->366M(448M) 5.355ms
[14661.095s][info][gc,cpu         ] GC(33877) User=0.00s Sys=0.00s Real=0.00s
[14661.551s][info][gc,start       ] GC(33878) Pause Young (Allocation Failure)
[14661.555s][info][gc,heap        ] GC(33878) PSYoungGen: 78384K(82944K)->1088K(77312K) Eden: 77824K(77824K)->0K(75776K) From: 560K(5120K)->1088K(1536K)
[14661.555s][info][gc,heap        ] GC(33878) ParOldGen: 374537K(375808K)->374865K(375808K)
[14661.555s][info][gc,metaspace   ] GC(33878) Metaspace: 62396K(62656K)->62396K(62656K) NonClass: 53357K(53504K)->53357K(53504K) Class: 9039K(9152K)->9039K(9152K)
[14661.555s][info][gc             ] GC(33878) Pause Young (Allocation Failure) 442M->367M(442M) 3.746ms
[14661.555s][info][gc,cpu         ] GC(33878) User=0.01s Sys=0.00s Real=0.00s
[14662.020s][info][gc,start       ] GC(33879) Pause Young (Allocation Failure)
[14662.023s][info][gc,heap        ] GC(33879) PSYoungGen: 76864K(77312K)->800K(78336K) Eden: 75776K(75776K)->0K(73728K) From: 1088K(1536K)->800K(4608K)
[14662.023s][info][gc,heap        ] GC(33879) ParOldGen: 374865K(375808K)->375121K(375808K)
[14662.023s][info][gc,metaspace   ] GC(33879) Metaspace: 62396K(62656K)->62396K(62656K) NonClass: 53357K(53504K)->53357K(53504K) Class: 9039K(9152K)->9039K(9152K)
[14662.023s][info][gc             ] GC(33879) Pause Young (Allocation Failure) 441M->367M(443M) 3.269ms
[14662.023s][info][gc,cpu         ] GC(33879) User=0.01s Sys=0.00s Real=0.00s
[14662.514s][info][gc,start       ] GC(33880) Pause Young (Allocation Failure)
[14662.517s][info][gc,heap        ] GC(33880) PSYoungGen: 74528K(78336K)->768K(80384K) Eden: 73728K(73728K)->0K(73728K) From: 800K(4608K)->768K(6656K)
[14662.517s][info][gc,heap        ] GC(33880) ParOldGen: 375121K(375808K)->375369K(375808K)
[14662.517s][info][gc,metaspace   ] GC(33880) Metaspace: 62396K(62656K)->62396K(62656K) NonClass: 53357K(53504K)->53357K(53504K) Class: 9039K(9152K)->9039K(9152K)
[14662.517s][info][gc             ] GC(33880) Pause Young (Allocation Failure) 439M->367M(445M) 3.251ms
[14662.517s][info][gc,cpu         ] GC(33880) User=0.01s Sys=0.00s Real=0.01s
[14662.981s][info][gc,start       ] GC(33881) Pause Young (Allocation Failure)
[14662.984s][info][gc,heap        ] GC(33881) PSYoungGen: 74496K(80384K)->384K(80896K) Eden: 73728K(73728K)->0K(74752K) From: 768K(6656K)->384K(6144K)
[14662.984s][info][gc,heap        ] GC(33881) ParOldGen: 375369K(375808K)->375657K(375808K)
[14662.984s][info][gc,metaspace   ] GC(33881) Metaspace: 62396K(62656K)->62396K(62656K) NonClass: 53357K(53504K)->53357K(53504K) Class: 9039K(9152K)->9039K(9152K)
[14662.984s][info][gc             ] GC(33881) Pause Young (Allocation Failure) 439M->367M(446M) 3.046ms
[14662.984s][info][gc,cpu         ] GC(33881) User=0.00s Sys=0.00s Real=0.00s
[14663.417s][info][gc,start       ] GC(33882) Pause Young (Allocation Failure)
[14663.420s][info][gc,heap        ] GC(33882) PSYoungGen: 75136K(80896K)->768K(80896K) Eden: 74752K(74752K)->0K(74752K) From: 384K(6144K)->768K(6144K)
[14663.420s][info][gc,heap        ] GC(33882) ParOldGen: 375657K(375808K)->375937K(376320K)
[14663.420s][info][gc,metaspace   ] GC(33882) Metaspace: 62396K(62656K)->62396K(62656K) NonClass: 53357K(53504K)->53357K(53504K) Class: 9039K(9152K)->9039K(9152K)
[14663.420s][info][gc             ] GC(33882) Pause Young (Allocation Failure) 440M->367M(446M) 3.327ms
[14663.420s][info][gc,cpu         ] GC(33882) User=0.00s Sys=0.00s Real=0.00s
[14663.850s][info][gc,start       ] GC(33883) Pause Young (Allocation Failure)
[14663.854s][info][gc,heap        ] GC(33883) PSYoungGen: 75520K(80896K)->1152K(81408K) Eden: 74752K(74752K)->0K(75776K) From: 768K(6144K)->1152K(5632K)
[14663.854s][info][gc,heap        ] GC(33883) ParOldGen: 375937K(376320K)->376161K(376320K)
[14663.854s][info][gc,metaspace   ] GC(33883) Metaspace: 62396K(62656K)->62396K(62656K) NonClass: 53357K(53504K)->53357K(53504K) Class: 9039K(9152K)->9039K(9152K)
[14663.854s][info][gc             ] GC(33883) Pause Young (Allocation Failure) 440M->368M(447M) 3.667ms
[14663.854s][info][gc,cpu         ] GC(33883) User=0.01s Sys=0.00s Real=0.00s
[14664.289s][info][gc,start       ] GC(33884) Pause Young (Allocation Failure)
[14664.292s][info][gc,heap        ] GC(33884) PSYoungGen: 76928K(81408K)->416K(81408K) Eden: 75776K(75776K)->0K(75776K) From: 1152K(5632K)->416K(5632K)
[14664.292s][info][gc,heap        ] GC(33884) ParOldGen: 376161K(376320K)->376385K(376832K)
[14664.292s][info][gc,metaspace   ] GC(33884) Metaspace: 62396K(62656K)->62396K(62656K) NonClass: 53357K(53504K)->53357K(53504K) Class: 9039K(9152K)->9039K(9152K)
[14664.293s][info][gc             ] GC(33884) Pause Young (Allocation Failure) 442M->367M(447M) 3.014ms
[14664.293s][info][gc,cpu         ] GC(33884) User=0.01s Sys=0.00s Real=0.00s
[14664.740s][info][gc,start       ] GC(33885) Pause Young (Allocation Failure)
[14664.744s][info][gc,heap        ] GC(33885) PSYoungGen: 76192K(81408K)->992K(81920K) Eden: 75776K(75776K)->0K(76800K) From: 416K(5632K)->992K(5120K)
[14664.744s][info][gc,heap        ] GC(33885) ParOldGen: 376385K(376832K)->376601K(376832K)
[14664.744s][info][gc,metaspace   ] GC(33885) Metaspace: 62396K(62656K)->62396K(62656K) NonClass: 53357K(53504K)->53357K(53504K) Class: 9039K(9152K)->9039K(9152K)
[14664.744s][info][gc             ] GC(33885) Pause Young (Allocation Failure) 441M->368M(448M) 3.418ms
[14664.744s][info][gc,cpu         ] GC(33885) User=0.01s Sys=0.00s Real=0.00s
[14665.195s][info][gc,start       ] GC(33886) Pause Young (Allocation Failure)
[14665.198s][info][gc,heap        ] GC(33886) PSYoungGen: 77792K(81920K)->480K(81920K) Eden: 76800K(76800K)->0K(76800K) From: 992K(5120K)->480K(5120K)
[14665.198s][info][gc,heap        ] GC(33886) ParOldGen: 376601K(376832K)->376817K(376832K)
[14665.198s][info][gc,metaspace   ] GC(33886) Metaspace: 62396K(62656K)->62396K(62656K) NonClass: 53357K(53504K)->53357K(53504K) Class: 9039K(9152K)->9039K(9152K)
[14665.198s][info][gc             ] GC(33886) Pause Young (Allocation Failure) 443M->368M(448M) 2.932ms
[14665.198s][info][gc,cpu         ] GC(33886) User=0.00s Sys=0.00s Real=0.01s
[14665.666s][info][gc,start       ] GC(33887) Pause Young (Allocation Failure)
[14665.670s][info][gc,heap        ] GC(33887) PSYoungGen: 77280K(81920K)->1376K(82432K) Eden: 76800K(76800K)->0K(77312K) From: 480K(5120K)->1376K(5120K)
[14665.670s][info][gc,heap        ] GC(33887) ParOldGen: 376817K(376832K)->377033K(377344K)
[14665.670s][info][gc,metaspace   ] GC(33887) Metaspace: 62396K(62656K)->62396K(62656K) NonClass: 53357K(53504K)->53357K(53504K) Class: 9039K(9152K)->9039K(9152K)
[14665.670s][info][gc             ] GC(33887) Pause Young (Allocation Failure) 443M->369M(449M) 3.909ms
[14665.670s][info][gc,cpu         ] GC(33887) User=0.01s Sys=0.00s Real=0.01s
[14666.149s][info][gc,start       ] GC(33888) Pause Young (Allocation Failure)
[14666.153s][info][gc,heap        ] GC(33888) PSYoungGen: 78688K(82432K)->1056K(81920K) Eden: 77312K(77312K)->0K(77312K) From: 1376K(5120K)->1056K(4608K)
[14666.153s][info][gc,heap        ] GC(33888) ParOldGen: 377033K(377344K)->377249K(377344K)
[14666.153s][info][gc,metaspace   ] GC(33888) Metaspace: 62396K(62656K)->62396K(62656K) NonClass: 53357K(53504K)->53357K(53504K) Class: 9039K(9152K)->9039K(9152K)
[14666.153s][info][gc             ] GC(33888) Pause Young (Allocation Failure) 445M->369M(448M) 3.569ms
[14666.153s][info][gc,cpu         ] GC(33888) User=0.00s Sys=0.00s Real=0.00s
[14666.597s][info][gc,start       ] GC(33889) Pause Young (Allocation Failure)
[14666.600s][info][gc,heap        ] GC(33889) PSYoungGen: 78368K(81920K)->3552K(80896K) Eden: 77312K(77312K)->0K(76800K) From: 1056K(4608K)->3552K(4096K)
[14666.600s][info][gc,heap        ] GC(33889) ParOldGen: 377249K(377344K)->377473K(377856K)
[14666.600s][info][gc,metaspace   ] GC(33889) Metaspace: 62396K(62656K)->62396K(62656K) NonClass: 53357K(53504K)->53357K(53504K) Class: 9039K(9152K)->9039K(9152K)
[14666.600s][info][gc             ] GC(33889) Pause Young (Allocation Failure) 444M->372M(448M) 3.512ms
[14666.600s][info][gc,cpu         ] GC(33889) User=0.00s Sys=0.00s Real=0.00s
[14667.031s][info][gc,start       ] GC(33890) Pause Young (Allocation Failure)
[14667.037s][info][gc,heap        ] GC(33890) PSYoungGen: 80352K(80896K)->896K(81920K) Eden: 76800K(76800K)->0K(76800K) From: 3552K(4096K)->896K(5120K)
[14667.037s][info][gc,heap        ] GC(33890) ParOldGen: 377473K(377856K)->380761K(380928K)
[14667.037s][info][gc,metaspace   ] GC(33890) Metaspace: 62396K(62656K)->62396K(62656K) NonClass: 53357K(53504K)->53357K(53504K) Class: 9039K(9152K)->9039K(9152K)
[14667.037s][info][gc             ] GC(33890) Pause Young (Allocation Failure) 447M->372M(452M) 5.460ms
[14667.037s][info][gc,cpu         ] GC(33890) User=0.01s Sys=0.01s Real=0.01s
[14667.448s][info][gc,start       ] GC(33891) Pause Young (Allocation Failure)
[14667.452s][info][gc,heap        ] GC(33891) PSYoungGen: 77696K(81920K)->1184K(82432K) Eden: 76800K(76800K)->0K(77824K) From: 896K(5120K)->1184K(4608K)
[14667.452s][info][gc,heap        ] GC(33891) ParOldGen: 380761K(380928K)->380977K(381440K)
[14667.452s][info][gc,metaspace   ] GC(33891) Metaspace: 62396K(62656K)->62396K(62656K) NonClass: 53357K(53504K)->53357K(53504K) Class: 9039K(9152K)->9039K(9152K)
[14667.452s][info][gc             ] GC(33891) Pause Young (Allocation Failure) 447M->373M(453M) 3.645ms
[14667.452s][info][gc,cpu         ] GC(33891) User=0.01s Sys=0.00s Real=0.00s
[14667.880s][info][gc,start       ] GC(33892) Pause Young (Allocation Failure)
[14667.883s][info][gc,heap        ] GC(33892) PSYoungGen: 79008K(82432K)->320K(82432K) Eden: 77824K(77824K)->0K(77824K) From: 1184K(4608K)->320K(4608K)
[14667.883s][info][gc,heap        ] GC(33892) ParOldGen: 380977K(381440K)->381185K(381440K)
[14667.883s][info][gc,metaspace   ] GC(33892) Metaspace: 62396K(62656K)->62396K(62656K) NonClass: 53357K(53504K)->53357K(53504K) Class: 9039K(9152K)->9039K(9152K)
[14667.883s][info][gc             ] GC(33892) Pause Young (Allocation Failure) 449M->372M(453M) 3.044ms
[14667.883s][info][gc,cpu         ] GC(33892) User=0.00s Sys=0.00s Real=0.00s
[14668.308s][info][gc,start       ] GC(33893) Pause Young (Allocation Failure)
[14668.312s][info][gc,heap        ] GC(33893) PSYoungGen: 78144K(82432K)->640K(82944K) Eden: 77824K(77824K)->0K(78848K) From: 320K(4608K)->640K(4096K)
[14668.312s][info][gc,heap        ] GC(33893) ParOldGen: 381185K(381440K)->381401K(381440K)
[14668.312s][info][gc,metaspace   ] GC(33893) Metaspace: 62396K(62656K)->62396K(62656K) NonClass: 53357K(53504K)->53357K(53504K) Class: 9039K(9152K)->9039K(9152K)
[14668.312s][info][gc             ] GC(33893) Pause Young (Allocation Failure) 448M->373M(453M) 3.293ms
[14668.312s][info][gc,cpu         ] GC(33893) User=0.01s Sys=0.00s Real=0.00s
[14668.760s][info][gc,start       ] GC(33894) Pause Young (Allocation Failure)
[14668.763s][info][gc,heap        ] GC(33894) PSYoungGen: 79488K(82944K)->1280K(82944K) Eden: 78848K(78848K)->0K(78848K) From: 640K(4096K)->1280K(4096K)
[14668.763s][info][gc,heap        ] GC(33894) ParOldGen: 381401K(381440K)->381617K(381952K)
[14668.763s][info][gc,metaspace   ] GC(33894) Metaspace: 62396K(62656K)->62396K(62656K) NonClass: 53357K(53504K)->53357K(53504K) Class: 9039K(9152K)->9039K(9152K)
[14668.763s][info][gc             ] GC(33894) Pause Young (Allocation Failure) 450M->373M(454M) 3.913ms
[14668.763s][info][gc,cpu         ] GC(33894) User=0.01s Sys=0.00s Real=0.00s
[14669.205s][info][gc,start       ] GC(33895) Pause Young (Allocation Failure)
[14669.208s][info][gc,heap        ] GC(33895) PSYoungGen: 80128K(82944K)->608K(83456K) Eden: 78848K(78848K)->0K(79360K) From: 1280K(4096K)->608K(4096K)
[14669.208s][info][gc,heap        ] GC(33895) ParOldGen: 381617K(381952K)->381841K(381952K)
[14669.208s][info][gc,metaspace   ] GC(33895) Metaspace: 62396K(62656K)->62396K(62656K) NonClass: 53357K(53504K)->53357K(53504K) Class: 9039K(9152K)->9039K(9152K)
[14669.208s][info][gc             ] GC(33895) Pause Young (Allocation Failure) 450M->373M(454M) 3.392ms
[14669.208s][info][gc,cpu         ] GC(33895) User=0.01s Sys=0.00s Real=0.01s
[14669.649s][info][gc,start       ] GC(33896) Pause Young (Allocation Failure)
[14669.653s][info][gc,heap        ] GC(33896) PSYoungGen: 79968K(83456K)->1120K(82944K) Eden: 79360K(79360K)->0K(79360K) From: 608K(4096K)->1120K(3584K)
[14669.653s][info][gc,heap        ] GC(33896) ParOldGen: 381841K(381952K)->382049K(382464K)
[14669.653s][info][gc,metaspace   ] GC(33896) Metaspace: 62396K(62656K)->62396K(62656K) NonClass: 53357K(53504K)->53357K(53504K) Class: 9039K(9152K)->9039K(9152K)
[14669.653s][info][gc             ] GC(33896) Pause Young (Allocation Failure) 450M->374M(454M) 3.797ms
[14669.653s][info][gc,cpu         ] GC(33896) User=0.01s Sys=0.00s Real=0.00s
[14670.089s][info][gc,start       ] GC(33897) Pause Young (Allocation Failure)
[14670.093s][info][gc,heap        ] GC(33897) PSYoungGen: 80480K(82944K)->448K(83456K) Eden: 79360K(79360K)->0K(79872K) From: 1120K(3584K)->448K(3584K)
[14670.093s][info][gc,heap        ] GC(33897) ParOldGen: 382049K(382464K)->382257K(382464K)
[14670.093s][info][gc,metaspace   ] GC(33897) Metaspace: 62396K(62656K)->62396K(62656K) NonClass: 53357K(53504K)->53357K(53504K) Class: 9039K(9152K)->9039K(9152K)
[14670.093s][info][gc             ] GC(33897) Pause Young (Allocation Failure) 451M->373M(455M) 3.293ms
[14670.093s][info][gc,cpu         ] GC(33897) User=0.00s Sys=0.00s Real=0.00s
[14670.562s][info][gc,start       ] GC(33898) Pause Young (Allocation Failure)
[14670.566s][info][gc,heap        ] GC(33898) PSYoungGen: 80320K(83456K)->1248K(83456K) Eden: 79872K(79872K)->0K(79872K) From: 448K(3584K)->1248K(3584K)
[14670.566s][info][gc,heap        ] GC(33898) ParOldGen: 382257K(382464K)->382457K(382464K)
[14670.566s][info][gc,metaspace   ] GC(33898) Metaspace: 62396K(62656K)->62396K(62656K) NonClass: 53357K(53504K)->53357K(53504K) Class: 9039K(9152K)->9039K(9152K)
[14670.566s][info][gc             ] GC(33898) Pause Young (Allocation Failure) 451M->374M(455M) 3.890ms
[14670.566s][info][gc,cpu         ] GC(33898) User=0.00s Sys=0.00s Real=0.00s
[14671.023s][info][gc,start       ] GC(33899) Pause Young (Allocation Failure)
[14671.027s][info][gc,heap        ] GC(33899) PSYoungGen: 81120K(83456K)->768K(83968K) Eden: 79872K(79872K)->0K(80896K) From: 1248K(3584K)->768K(3072K)
[14671.027s][info][gc,heap        ] GC(33899) ParOldGen: 382457K(382464K)->382657K(382976K)
[14671.027s][info][gc,metaspace   ] GC(33899) Metaspace: 62396K(62656K)->62396K(62656K) NonClass: 53357K(53504K)->53357K(53504K) Class: 9039K(9152K)->9039K(9152K)
[14671.027s][info][gc             ] GC(33899) Pause Young (Allocation Failure) 452M->374M(456M) 3.524ms
[14671.027s][info][gc,cpu         ] GC(33899) User=0.01s Sys=0.00s Real=0.01s
[14671.510s][info][gc,start       ] GC(33900) Pause Young (Allocation Failure)
[14671.514s][info][gc,heap        ] GC(33900) PSYoungGen: 81664K(83968K)->704K(83968K) Eden: 80896K(80896K)->0K(80896K) From: 768K(3072K)->704K(3072K)
[14671.514s][info][gc,heap        ] GC(33900) ParOldGen: 382657K(382976K)->382865K(382976K)
[14671.514s][info][gc,metaspace   ] GC(33900) Metaspace: 62396K(62656K)->62396K(62656K) NonClass: 53357K(53504K)->53357K(53504K) Class: 9039K(9152K)->9039K(9152K)
[14671.514s][info][gc             ] GC(33900) Pause Young (Allocation Failure) 453M->374M(456M) 3.331ms
[14671.514s][info][gc,cpu         ] GC(33900) User=0.01s Sys=0.00s Real=0.00s
[14671.993s][info][gc,start       ] GC(33901) Pause Young (Allocation Failure)
[14671.997s][info][gc,heap        ] GC(33901) PSYoungGen: 81600K(83968K)->448K(83968K) Eden: 80896K(80896K)->0K(80896K) From: 704K(3072K)->448K(3072K)
[14671.997s][info][gc,heap        ] GC(33901) ParOldGen: 382865K(382976K)->383065K(383488K)
[14671.997s][info][gc,metaspace   ] GC(33901) Metaspace: 62396K(62656K)->62396K(62656K) NonClass: 53357K(53504K)->53357K(53504K) Class: 9039K(9152K)->9039K(9152K)
[14671.997s][info][gc             ] GC(33901) Pause Young (Allocation Failure) 453M->374M(456M) 3.421ms
[14671.997s][info][gc,cpu         ] GC(33901) User=0.01s Sys=0.00s Real=0.01s
[14672.490s][info][gc,start       ] GC(33902) Pause Young (Allocation Failure)
[14672.493s][info][gc,heap        ] GC(33902) PSYoungGen: 81344K(83968K)->416K(83968K) Eden: 80896K(80896K)->0K(80896K) From: 448K(3072K)->416K(3072K)
[14672.493s][info][gc,heap        ] GC(33902) ParOldGen: 383065K(383488K)->383273K(383488K)
[14672.493s][info][gc,metaspace   ] GC(33902) Metaspace: 62396K(62656K)->62396K(62656K) NonClass: 53357K(53504K)->53357K(53504K) Class: 9039K(9152K)->9039K(9152K)
[14672.493s][info][gc             ] GC(33902) Pause Young (Allocation Failure) 453M->374M(456M) 3.089ms
[14672.493s][info][gc,cpu         ] GC(33902) User=0.01s Sys=0.00s Real=0.00s
[14672.985s][info][gc,start       ] GC(33903) Pause Young (Allocation Failure)
[14672.988s][info][gc,heap        ] GC(33903) PSYoungGen: 81312K(83968K)->432K(83968K) Eden: 80896K(80896K)->0K(80896K) From: 416K(3072K)->432K(3072K)
[14672.988s][info][gc,heap        ] GC(33903) ParOldGen: 383273K(383488K)->383473K(383488K)
[14672.988s][info][gc,metaspace   ] GC(33903) Metaspace: 62396K(62656K)->62396K(62656K) NonClass: 53357K(53504K)->53357K(53504K) Class: 9039K(9152K)->9039K(9152K)
[14672.988s][info][gc             ] GC(33903) Pause Young (Allocation Failure) 453M->374M(456M) 3.201ms
[14672.988s][info][gc,cpu         ] GC(33903) User=0.00s Sys=0.00s Real=0.01s
[14673.465s][info][gc,start       ] GC(33904) Pause Young (Allocation Failure)
[14673.469s][info][gc,heap        ] GC(33904) PSYoungGen: 81328K(83968K)->1280K(83968K) Eden: 80896K(80896K)->0K(80896K) From: 432K(3072K)->1280K(3072K)
[14673.469s][info][gc,heap        ] GC(33904) ParOldGen: 383473K(383488K)->383729K(384000K)
[14673.469s][info][gc,metaspace   ] GC(33904) Metaspace: 62396K(62656K)->62396K(62656K) NonClass: 53357K(53504K)->53357K(53504K) Class: 9039K(9152K)->9039K(9152K)
[14673.469s][info][gc             ] GC(33904) Pause Young (Allocation Failure) 453M->375M(457M) 4.100ms
[14673.469s][info][gc,cpu         ] GC(33904) User=0.01s Sys=0.00s Real=0.01s
[14673.934s][info][gc,start       ] GC(33905) Pause Young (Allocation Failure)
[14673.937s][info][gc,heap        ] GC(33905) PSYoungGen: 82176K(83968K)->992K(84480K) Eden: 80896K(80896K)->0K(81920K) From: 1280K(3072K)->992K(2560K)
[14673.937s][info][gc,heap        ] GC(33905) ParOldGen: 383729K(384000K)->383929K(384000K)
[14673.937s][info][gc,metaspace   ] GC(33905) Metaspace: 62396K(62656K)->62396K(62656K) NonClass: 53357K(53504K)->53357K(53504K) Class: 9039K(9152K)->9039K(9152K)
[14673.937s][info][gc             ] GC(33905) Pause Young (Allocation Failure) 454M->375M(457M) 3.665ms
[14673.937s][info][gc,cpu         ] GC(33905) User=0.00s Sys=0.00s Real=0.01s
[14674.399s][info][gc,start       ] GC(33906) Pause Young (Allocation Failure)
[14674.402s][info][gc,heap        ] GC(33906) PSYoungGen: 82912K(84480K)->544K(84480K) Eden: 81920K(81920K)->0K(81920K) From: 992K(2560K)->544K(2560K)
[14674.402s][info][gc,heap        ] GC(33906) ParOldGen: 383929K(384000K)->384137K(384512K)
[14674.402s][info][gc,metaspace   ] GC(33906) Metaspace: 62396K(62656K)->62396K(62656K) NonClass: 53357K(53504K)->53357K(53504K) Class: 9039K(9152K)->9039K(9152K)
[14674.402s][info][gc             ] GC(33906) Pause Young (Allocation Failure) 455M->375M(458M) 3.370ms
[14674.403s][info][gc,cpu         ] GC(33906) User=0.01s Sys=0.00s Real=0.00s
[14674.843s][info][gc,start       ] GC(33907) Pause Young (Allocation Failure)
[14674.846s][info][gc,heap        ] GC(33907) PSYoungGen: 82464K(84480K)->1088K(84480K) Eden: 81920K(81920K)->0K(81920K) From: 544K(2560K)->1088K(2560K)
[14674.846s][info][gc,heap        ] GC(33907) ParOldGen: 384137K(384512K)->384353K(384512K)
[14674.846s][info][gc,metaspace   ] GC(33907) Metaspace: 62396K(62656K)->62396K(62656K) NonClass: 53357K(53504K)->53357K(53504K) Class: 9039K(9152K)->9039K(9152K)
[14674.846s][info][gc             ] GC(33907) Pause Young (Allocation Failure) 455M->376M(458M) 3.851ms
[14674.846s][info][gc,cpu         ] GC(33907) User=0.01s Sys=0.00s Real=0.01s
[14675.313s][info][gc,start       ] GC(33908) Pause Young (Allocation Failure)
[14675.317s][info][gc,heap        ] GC(33908) PSYoungGen: 83008K(84480K)->704K(84480K) Eden: 81920K(81920K)->0K(81920K) From: 1088K(2560K)->704K(2560K)
[14675.317s][info][gc,heap        ] GC(33908) ParOldGen: 384353K(384512K)->384569K(385024K)
[14675.317s][info][gc,metaspace   ] GC(33908) Metaspace: 62396K(62656K)->62396K(62656K) NonClass: 53357K(53504K)->53357K(53504K) Class: 9039K(9152K)->9039K(9152K)
[14675.317s][info][gc             ] GC(33908) Pause Young (Allocation Failure) 456M->376M(458M) 3.413ms
[14675.317s][info][gc,cpu         ] GC(33908) User=0.01s Sys=0.00s Real=0.01s
[14675.754s][info][gc,start       ] GC(33909) Pause Young (Allocation Failure)
[14675.758s][info][gc,heap        ] GC(33909) PSYoungGen: 82624K(84480K)->1248K(84480K) Eden: 81920K(81920K)->0K(81920K) From: 704K(2560K)->1248K(2560K)
[14675.758s][info][gc,heap        ] GC(33909) ParOldGen: 384569K(385024K)->384777K(385024K)
[14675.758s][info][gc,metaspace   ] GC(33909) Metaspace: 62396K(62656K)->62396K(62656K) NonClass: 53357K(53504K)->53357K(53504K) Class: 9039K(9152K)->9039K(9152K)
[14675.758s][info][gc             ] GC(33909) Pause Young (Allocation Failure) 456M->376M(458M) 3.924ms
[14675.758s][info][gc,cpu         ] GC(33909) User=0.01s Sys=0.00s Real=0.01s
[14676.207s][info][gc,start       ] GC(33910) Pause Young (Allocation Failure)
[14676.211s][info][gc,heap        ] GC(33910) PSYoungGen: 83168K(84480K)->640K(84480K) Eden: 81920K(81920K)->0K(81920K) From: 1248K(2560K)->640K(2560K)
[14676.211s][info][gc,heap        ] GC(33910) ParOldGen: 384777K(385024K)->384985K(385024K)
[14676.211s][info][gc,metaspace   ] GC(33910) Metaspace: 62396K(62656K)->62396K(62656K) NonClass: 53357K(53504K)->53357K(53504K) Class: 9039K(9152K)->9039K(9152K)
[14676.211s][info][gc             ] GC(33910) Pause Young (Allocation Failure) 456M->376M(458M) 3.357ms
[14676.211s][info][gc,cpu         ] GC(33910) User=0.00s Sys=0.00s Real=0.00s
[14676.690s][info][gc,start       ] GC(33911) Pause Young (Allocation Failure)
[14676.694s][info][gc,heap        ] GC(33911) PSYoungGen: 82560K(84480K)->448K(84992K) Eden: 81920K(81920K)->0K(82432K) From: 640K(2560K)->448K(2560K)
[14676.694s][info][gc,heap        ] GC(33911) ParOldGen: 384985K(385024K)->385185K(385536K)
[14676.694s][info][gc,metaspace   ] GC(33911) Metaspace: 62396K(62656K)->62396K(62656K) NonClass: 53357K(53504K)->53357K(53504K) Class: 9039K(9152K)->9039K(9152K)
[14676.694s][info][gc             ] GC(33911) Pause Young (Allocation Failure) 456M->376M(459M) 3.266ms
[14676.694s][info][gc,cpu         ] GC(33911) User=0.01s Sys=0.00s Real=0.00s
[14677.181s][info][gc,start       ] GC(33912) Pause Young (Allocation Failure)
[14677.184s][info][gc,heap        ] GC(33912) PSYoungGen: 82880K(84992K)->352K(84480K) Eden: 82432K(82432K)->0K(82432K) From: 448K(2560K)->352K(2048K)
[14677.184s][info][gc,heap        ] GC(33912) ParOldGen: 385185K(385536K)->385377K(385536K)
[14677.184s][info][gc,metaspace   ] GC(33912) Metaspace: 62396K(62656K)->62396K(62656K) NonClass: 53357K(53504K)->53357K(53504K) Class: 9039K(9152K)->9039K(9152K)
[14677.184s][info][gc             ] GC(33912) Pause Young (Allocation Failure) 457M->376M(459M) 3.047ms
[14677.184s][info][gc,cpu         ] GC(33912) User=0.01s Sys=0.00s Real=0.00s
[14677.674s][info][gc,start       ] GC(33913) Pause Young (Allocation Failure)
[14677.678s][info][gc,heap        ] GC(33913) PSYoungGen: 82784K(84480K)->1312K(83968K) Eden: 82432K(82432K)->0K(81920K) From: 352K(2048K)->1312K(2048K)
[14677.678s][info][gc,heap        ] GC(33913) ParOldGen: 385377K(385536K)->385577K(386048K)
[14677.678s][info][gc,metaspace   ] GC(33913) Metaspace: 62396K(62656K)->62396K(62656K) NonClass: 53357K(53504K)->53357K(53504K) Class: 9039K(9152K)->9039K(9152K)
[14677.678s][info][gc             ] GC(33913) Pause Young (Allocation Failure) 457M->377M(459M) 4.165ms
[14677.678s][info][gc,cpu         ] GC(33913) User=0.01s Sys=0.00s Real=0.01s
[14678.140s][info][gc,start       ] GC(33914) Pause Young (Allocation Failure)
[14678.143s][info][gc,heap        ] GC(33914) PSYoungGen: 83232K(83968K)->1056K(84480K) Eden: 81920K(81920K)->0K(81920K) From: 1312K(2048K)->1056K(2560K)
[14678.143s][info][gc,heap        ] GC(33914) ParOldGen: 385577K(386048K)->385785K(386048K)
[14678.143s][info][gc,metaspace   ] GC(33914) Metaspace: 62396K(62656K)->62396K(62656K) NonClass: 53357K(53504K)->53357K(53504K) Class: 9039K(9152K)->9039K(9152K)
[14678.143s][info][gc             ] GC(33914) Pause Young (Allocation Failure) 457M->377M(459M) 3.745ms
[14678.144s][info][gc,cpu         ] GC(33914) User=0.01s Sys=0.00s Real=0.00s
[14678.591s][info][gc,start       ] GC(33915) Pause Young (Allocation Failure)
[14678.595s][info][gc,heap        ] GC(33915) PSYoungGen: 82976K(84480K)->480K(84992K) Eden: 81920K(81920K)->0K(82944K) From: 1056K(2560K)->480K(2048K)
[14678.595s][info][gc,heap        ] GC(33915) ParOldGen: 385785K(386048K)->385985K(386048K)
[14678.595s][info][gc,metaspace   ] GC(33915) Metaspace: 62396K(62656K)->62396K(62656K) NonClass: 53357K(53504K)->53357K(53504K) Class: 9039K(9152K)->9039K(9152K)
[14678.595s][info][gc             ] GC(33915) Pause Young (Allocation Failure) 457M->377M(460M) 3.300ms
[14678.595s][info][gc,cpu         ] GC(33915) User=0.01s Sys=0.00s Real=0.00s
[14679.084s][info][gc,start       ] GC(33916) Pause Young (Allocation Failure)
[14679.088s][info][gc,heap        ] GC(33916) PSYoungGen: 83424K(84992K)->1408K(84480K) Eden: 82944K(82944K)->0K(82944K) From: 480K(2048K)->1408K(1536K)
[14679.088s][info][gc,heap        ] GC(33916) ParOldGen: 385985K(386048K)->387209K(387584K)
[14679.088s][info][gc,metaspace   ] GC(33916) Metaspace: 62396K(62656K)->62396K(62656K) NonClass: 53357K(53504K)->53357K(53504K) Class: 9039K(9152K)->9039K(9152K)
[14679.088s][info][gc             ] GC(33916) Pause Young (Allocation Failure) 458M->379M(461M) 3.777ms
[14679.088s][info][gc,cpu         ] GC(33916) User=0.00s Sys=0.01s Real=0.01s
[14679.594s][info][gc,start       ] GC(33917) Pause Young (Allocation Failure)
[14679.598s][info][gc,heap        ] GC(33917) PSYoungGen: 84352K(84480K)->480K(84992K) Eden: 82944K(82944K)->0K(82432K) From: 1408K(1536K)->480K(2560K)
[14679.598s][info][gc,heap        ] GC(33917) ParOldGen: 387209K(387584K)->389457K(390656K)
[14679.598s][info][gc,metaspace   ] GC(33917) Metaspace: 62396K(62656K)->62396K(62656K) NonClass: 53357K(53504K)->53357K(53504K) Class: 9039K(9152K)->9039K(9152K)
[14679.598s][info][gc             ] GC(33917) Pause Young (Allocation Failure) 460M->380M(464M) 4.477ms
[14679.598s][info][gc,cpu         ] GC(33917) User=0.01s Sys=0.00s Real=0.01s
[14680.102s][info][gc,start       ] GC(33918) Pause Young (Allocation Failure)
[14680.105s][info][gc,heap        ] GC(33918) PSYoungGen: 82912K(84992K)->576K(84480K) Eden: 82432K(82432K)->0K(82432K) From: 480K(2560K)->576K(2048K)
[14680.105s][info][gc,heap        ] GC(33918) ParOldGen: 389457K(390656K)->389649K(390656K)
[14680.105s][info][gc,metaspace   ] GC(33918) Metaspace: 62396K(62656K)->62396K(62656K) NonClass: 53357K(53504K)->53357K(53504K) Class: 9039K(9152K)->9039K(9152K)
[14680.105s][info][gc             ] GC(33918) Pause Young (Allocation Failure) 461M->381M(464M) 3.219ms
[14680.105s][info][gc,cpu         ] GC(33918) User=0.00s Sys=0.00s Real=0.00s
[14680.587s][info][gc,start       ] GC(33919) Pause Young (Allocation Failure)
[14680.590s][info][gc,heap        ] GC(33919) PSYoungGen: 83008K(84480K)->384K(84992K) Eden: 82432K(82432K)->0K(82944K) From: 576K(2048K)->384K(2048K)
[14680.590s][info][gc,heap        ] GC(33919) ParOldGen: 389649K(390656K)->389841K(390656K)
[14680.591s][info][gc,metaspace   ] GC(33919) Metaspace: 62396K(62656K)->62396K(62656K) NonClass: 53357K(53504K)->53357K(53504K) Class: 9039K(9152K)->9039K(9152K)
[14680.591s][info][gc             ] GC(33919) Pause Young (Allocation Failure) 461M->381M(464M) 3.156ms
[14680.591s][info][gc,cpu         ] GC(33919) User=0.00s Sys=0.00s Real=0.00s
[14681.081s][info][gc,start       ] GC(33920) Pause Young (Allocation Failure)
[14681.084s][info][gc,heap        ] GC(33920) PSYoungGen: 83328K(84992K)->352K(84992K) Eden: 82944K(82944K)->0K(82944K) From: 384K(2048K)->352K(2048K)
[14681.084s][info][gc,heap        ] GC(33920) ParOldGen: 389841K(390656K)->390041K(390656K)
[14681.084s][info][gc,metaspace   ] GC(33920) Metaspace: 62396K(62656K)->62396K(62656K) NonClass: 53357K(53504K)->53357K(53504K) Class: 9039K(9152K)->9039K(9152K)
[14681.084s][info][gc             ] GC(33920) Pause Young (Allocation Failure) 462M->381M(464M) 3.118ms
[14681.084s][info][gc,cpu         ] GC(33920) User=0.00s Sys=0.00s Real=0.00s
[14681.497s][info][gc,start       ] GC(33921) Pause Young (Allocation Failure)
[14681.500s][info][gc,heap        ] GC(33921) PSYoungGen: 83296K(84992K)->544K(84992K) Eden: 82944K(82944K)->0K(82944K) From: 352K(2048K)->544K(2048K)
[14681.500s][info][gc,heap        ] GC(33921) ParOldGen: 390041K(390656K)->390233K(390656K)
[14681.500s][info][gc,metaspace   ] GC(33921) Metaspace: 62396K(62656K)->62396K(62656K) NonClass: 53357K(53504K)->53357K(53504K) Class: 9039K(9152K)->9039K(9152K)
[14681.500s][info][gc             ] GC(33921) Pause Young (Allocation Failure) 462M->381M(464M) 3.376ms
[14681.500s][info][gc,cpu         ] GC(33921) User=0.01s Sys=0.00s Real=0.00s
[14681.903s][info][gc,start       ] GC(33922) Pause Young (Allocation Failure)
[14681.907s][info][gc,heap        ] GC(33922) PSYoungGen: 83488K(84992K)->608K(84992K) Eden: 82944K(82944K)->0K(82944K) From: 544K(2048K)->608K(2048K)
[14681.907s][info][gc,heap        ] GC(33922) ParOldGen: 390233K(390656K)->390441K(390656K)
[14681.907s][info][gc,metaspace   ] GC(33922) Metaspace: 62396K(62656K)->62396K(62656K) NonClass: 53357K(53504K)->53357K(53504K) Class: 9039K(9152K)->9039K(9152K)
[14681.907s][info][gc             ] GC(33922) Pause Young (Allocation Failure) 462M->381M(464M) 3.877ms
[14681.907s][info][gc,cpu         ] GC(33922) User=0.01s Sys=0.00s Real=0.01s
[14682.319s][info][gc,start       ] GC(33923) Pause Young (Allocation Failure)
[14682.322s][info][gc,heap        ] GC(33923) PSYoungGen: 83552K(84992K)->864K(84992K) Eden: 82944K(82944K)->0K(82944K) From: 608K(2048K)->864K(2048K)
[14682.322s][info][gc,heap        ] GC(33923) ParOldGen: 390441K(390656K)->390633K(390656K)
[14682.322s][info][gc,metaspace   ] GC(33923) Metaspace: 62396K(62656K)->62396K(62656K) NonClass: 53357K(53504K)->53357K(53504K) Class: 9039K(9152K)->9039K(9152K)
[14682.322s][info][gc             ] GC(33923) Pause Young (Allocation Failure) 462M->382M(464M) 3.519ms
[14682.322s][info][gc,cpu         ] GC(33923) User=0.00s Sys=0.00s Real=0.00s
[14682.865s][info][gc,start       ] GC(33924) Pause Young (Allocation Failure)
[14682.869s][info][gc,heap        ] GC(33924) PSYoungGen: 83808K(84992K)->1296K(84992K) Eden: 82944K(82944K)->0K(82944K) From: 864K(2048K)->1296K(2048K)
[14682.869s][info][gc,heap        ] GC(33924) ParOldGen: 390633K(390656K)->390825K(391168K)
[14682.869s][info][gc,metaspace   ] GC(33924) Metaspace: 62396K(62656K)->62396K(62656K) NonClass: 53357K(53504K)->53357K(53504K) Class: 9039K(9152K)->9039K(9152K)
[14682.869s][info][gc             ] GC(33924) Pause Young (Allocation Failure) 463M->382M(465M) 4.084ms
[14682.869s][info][gc,cpu         ] GC(33924) User=0.01s Sys=0.00s Real=0.01s
[14683.359s][info][gc,start       ] GC(33925) Pause Young (Allocation Failure)
[14683.363s][info][gc,heap        ] GC(33925) PSYoungGen: 84240K(84992K)->1152K(84992K) Eden: 82944K(82944K)->0K(82944K) From: 1296K(2048K)->1152K(2048K)
[14683.363s][info][gc,heap        ] GC(33925) ParOldGen: 390825K(391168K)->391073K(391168K)
[14683.363s][info][gc,metaspace   ] GC(33925) Metaspace: 62396K(62656K)->62396K(62656K) NonClass: 53357K(53504K)->53357K(53504K) Class: 9039K(9152K)->9039K(9152K)
[14683.363s][info][gc             ] GC(33925) Pause Young (Allocation Failure) 463M->383M(465M) 3.897ms
[14683.363s][info][gc,cpu         ] GC(33925) User=0.01s Sys=0.00s Real=0.00s
[14683.847s][info][gc,start       ] GC(33926) Pause Young (Allocation Failure)
[14683.850s][info][gc,heap        ] GC(33926) PSYoungGen: 84096K(84992K)->1120K(84992K) Eden: 82944K(82944K)->0K(82944K) From: 1152K(2048K)->1120K(2048K)
[14683.850s][info][gc,heap        ] GC(33926) ParOldGen: 391073K(391168K)->391265K(391680K)
[14683.851s][info][gc,metaspace   ] GC(33926) Metaspace: 62396K(62656K)->62396K(62656K) NonClass: 53357K(53504K)->53357K(53504K) Class: 9039K(9152K)->9039K(9152K)
[14683.851s][info][gc             ] GC(33926) Pause Young (Allocation Failure) 464M->383M(465M) 3.866ms
[14683.851s][info][gc,cpu         ] GC(33926) User=0.01s Sys=0.00s Real=0.00s
[14684.352s][info][gc,start       ] GC(33927) Pause Young (Allocation Failure)
[14684.356s][info][gc,heap        ] GC(33927) PSYoungGen: 84064K(84992K)->1184K(84992K) Eden: 82944K(82944K)->0K(82944K) From: 1120K(2048K)->1184K(2048K)
[14684.356s][info][gc,heap        ] GC(33927) ParOldGen: 391265K(391680K)->391465K(391680K)
[14684.356s][info][gc,metaspace   ] GC(33927) Metaspace: 62396K(62656K)->62396K(62656K) NonClass: 53357K(53504K)->53357K(53504K) Class: 9039K(9152K)->9039K(9152K)
[14684.356s][info][gc             ] GC(33927) Pause Young (Allocation Failure) 464M->383M(465M) 3.846ms
[14684.356s][info][gc,cpu         ] GC(33927) User=0.01s Sys=0.00s Real=0.00s
[14684.842s][info][gc,start       ] GC(33928) Pause Young (Allocation Failure)
[14684.845s][info][gc,heap        ] GC(33928) PSYoungGen: 84128K(84992K)->992K(84992K) Eden: 82944K(82944K)->0K(82944K) From: 1184K(2048K)->992K(2048K)
[14684.845s][info][gc,heap        ] GC(33928) ParOldGen: 391465K(391680K)->391657K(391680K)
[14684.845s][info][gc,metaspace   ] GC(33928) Metaspace: 62396K(62656K)->62396K(62656K) NonClass: 53357K(53504K)->53357K(53504K) Class: 9039K(9152K)->9039K(9152K)
[14684.845s][info][gc             ] GC(33928) Pause Young (Allocation Failure) 464M->383M(465M) 3.623ms
[14684.845s][info][gc,cpu         ] GC(33928) User=0.00s Sys=0.00s Real=0.00s
[14685.334s][info][gc,start       ] GC(33929) Pause Young (Allocation Failure)
[14685.338s][info][gc,heap        ] GC(33929) PSYoungGen: 83936K(84992K)->1920K(83968K) Eden: 82944K(82944K)->0K(81920K) From: 992K(2048K)->1920K(2048K)
[14685.338s][info][gc,heap        ] GC(33929) ParOldGen: 391657K(391680K)->392881K(393216K)
[14685.338s][info][gc,metaspace   ] GC(33929) Metaspace: 62396K(62656K)->62396K(62656K) NonClass: 53357K(53504K)->53357K(53504K) Class: 9039K(9152K)->9039K(9152K)
[14685.338s][info][gc             ] GC(33929) Pause Young (Allocation Failure) 464M->385M(466M) 4.323ms
[14685.338s][info][gc,cpu         ] GC(33929) User=0.00s Sys=0.00s Real=0.01s
[14685.826s][info][gc,start       ] GC(33930) Pause Young (Allocation Failure)
[14685.830s][info][gc,heap        ] GC(33930) PSYoungGen: 83840K(83968K)->832K(84480K) Eden: 81920K(81920K)->0K(81920K) From: 1920K(2048K)->832K(2560K)
[14685.831s][info][gc,heap        ] GC(33930) ParOldGen: 392881K(393216K)->395105K(396288K)
[14685.831s][info][gc,metaspace   ] GC(33930) Metaspace: 62396K(62656K)->62396K(62656K) NonClass: 53357K(53504K)->53357K(53504K) Class: 9039K(9152K)->9039K(9152K)
[14685.831s][info][gc             ] GC(33930) Pause Young (Allocation Failure) 465M->386M(469M) 4.590ms
[14685.831s][info][gc,cpu         ] GC(33930) User=0.01s Sys=0.00s Real=0.01s
[14686.324s][info][gc,start       ] GC(33931) Pause Young (Allocation Failure)
[14686.327s][info][gc,heap        ] GC(33931) PSYoungGen: 82752K(84480K)->864K(84992K) Eden: 81920K(81920K)->0K(82944K) From: 832K(2560K)->864K(2048K)
[14686.327s][info][gc,heap        ] GC(33931) ParOldGen: 395105K(396288K)->395297K(396288K)
[14686.327s][info][gc,metaspace   ] GC(33931) Metaspace: 62396K(62656K)->62396K(62656K) NonClass: 53357K(53504K)->53357K(53504K) Class: 9039K(9152K)->9039K(9152K)
[14686.327s][info][gc             ] GC(33931) Pause Young (Allocation Failure) 466M->386M(470M) 3.396ms
[14686.327s][info][gc,cpu         ] GC(33931) User=0.01s Sys=0.00s Real=0.01s
[14686.816s][info][gc,start       ] GC(33932) Pause Young (Allocation Failure)
[14686.820s][info][gc,heap        ] GC(33932) PSYoungGen: 83808K(84992K)->736K(84992K) Eden: 82944K(82944K)->0K(82944K) From: 864K(2048K)->736K(2048K)
[14686.820s][info][gc,heap        ] GC(33932) ParOldGen: 395297K(396288K)->395473K(396288K)
[14686.820s][info][gc,metaspace   ] GC(33932) Metaspace: 62396K(62656K)->62396K(62656K) NonClass: 53357K(53504K)->53357K(53504K) Class: 9039K(9152K)->9039K(9152K)
[14686.820s][info][gc             ] GC(33932) Pause Young (Allocation Failure) 467M->386M(470M) 3.361ms
[14686.820s][info][gc,cpu         ] GC(33932) User=0.01s Sys=0.00s Real=0.01s
[14687.304s][info][gc,start       ] GC(33933) Pause Young (Allocation Failure)
[14687.308s][info][gc,heap        ] GC(33933) PSYoungGen: 83680K(84992K)->576K(84992K) Eden: 82944K(82944K)->0K(82944K) From: 736K(2048K)->576K(2048K)
[14687.308s][info][gc,heap        ] GC(33933) ParOldGen: 395473K(396288K)->395649K(396288K)
[14687.308s][info][gc,metaspace   ] GC(33933) Metaspace: 62396K(62656K)->62396K(62656K) NonClass: 53357K(53504K)->53357K(53504K) Class: 9039K(9152K)->9039K(9152K)
[14687.308s][info][gc             ] GC(33933) Pause Young (Allocation Failure) 467M->386M(470M) 3.321ms
[14687.308s][info][gc,cpu         ] GC(33933) User=0.01s Sys=0.00s Real=0.01s
[14687.790s][info][gc,start       ] GC(33934) Pause Young (Allocation Failure)
[14687.793s][info][gc,heap        ] GC(33934) PSYoungGen: 83520K(84992K)->448K(84992K) Eden: 82944K(82944K)->0K(82944K) From: 576K(2048K)->448K(2048K)
[14687.793s][info][gc,heap        ] GC(33934) ParOldGen: 395649K(396288K)->395841K(396288K)
[14687.793s][info][gc,metaspace   ] GC(33934) Metaspace: 62396K(62656K)->62396K(62656K) NonClass: 53357K(53504K)->53357K(53504K) Class: 9039K(9152K)->9039K(9152K)
[14687.793s][info][gc             ] GC(33934) Pause Young (Allocation Failure) 467M->387M(470M) 3.206ms
[14687.793s][info][gc,cpu         ] GC(33934) User=0.01s Sys=0.00s Real=0.00s
[14688.286s][info][gc,start       ] GC(33935) Pause Young (Allocation Failure)
[14688.289s][info][gc,heap        ] GC(33935) PSYoungGen: 83392K(84992K)->384K(84992K) Eden: 82944K(82944K)->0K(82944K) From: 448K(2048K)->384K(2048K)
[14688.289s][info][gc,heap        ] GC(33935) ParOldGen: 395841K(396288K)->396033K(396288K)
[14688.289s][info][gc,metaspace   ] GC(33935) Metaspace: 62396K(62656K)->62396K(62656K) NonClass: 53357K(53504K)->53357K(53504K) Class: 9039K(9152K)->9039K(9152K)
[14688.289s][info][gc             ] GC(33935) Pause Young (Allocation Failure) 468M->387M(470M) 3.157ms
[14688.289s][info][gc,cpu         ] GC(33935) User=0.01s Sys=0.00s Real=0.01s
[14688.769s][info][gc,start       ] GC(33936) Pause Young (Allocation Failure)
[14688.773s][info][gc,heap        ] GC(33936) PSYoungGen: 83328K(84992K)->1344K(84992K) Eden: 82944K(82944K)->0K(82944K) From: 384K(2048K)->1344K(2048K)
[14688.773s][info][gc,heap        ] GC(33936) ParOldGen: 396033K(396288K)->396225K(396288K)
[14688.773s][info][gc,metaspace   ] GC(33936) Metaspace: 62396K(62656K)->62396K(62656K) NonClass: 53357K(53504K)->53357K(53504K) Class: 9039K(9152K)->9039K(9152K)
[14688.773s][info][gc             ] GC(33936) Pause Young (Allocation Failure) 468M->388M(470M) 4.017ms
[14688.773s][info][gc,cpu         ] GC(33936) User=0.01s Sys=0.00s Real=0.00s
[14689.211s][info][gc,start       ] GC(33937) Pause Young (Allocation Failure)
[14689.215s][info][gc,heap        ] GC(33937) PSYoungGen: 84288K(84992K)->704K(84992K) Eden: 82944K(82944K)->0K(82944K) From: 1344K(2048K)->704K(2048K)
[14689.215s][info][gc,heap        ] GC(33937) ParOldGen: 396225K(396288K)->396417K(396800K)
[14689.215s][info][gc,metaspace   ] GC(33937) Metaspace: 62396K(62656K)->62396K(62656K) NonClass: 53357K(53504K)->53357K(53504K) Class: 9039K(9152K)->9039K(9152K)
[14689.215s][info][gc             ] GC(33937) Pause Young (Allocation Failure) 469M->387M(470M) 3.379ms
[14689.215s][info][gc,cpu         ] GC(33937) User=0.00s Sys=0.01s Real=0.00s
[14689.668s][info][gc,start       ] GC(33938) Pause Young (Allocation Failure)
[14689.672s][info][gc,heap        ] GC(33938) PSYoungGen: 83648K(84992K)->1312K(84992K) Eden: 82944K(82944K)->0K(82944K) From: 704K(2048K)->1312K(2048K)
[14689.672s][info][gc,heap        ] GC(33938) ParOldGen: 396417K(396800K)->396617K(396800K)
[14689.672s][info][gc,metaspace   ] GC(33938) Metaspace: 62396K(62656K)->62396K(62656K) NonClass: 53357K(53504K)->53357K(53504K) Class: 9039K(9152K)->9039K(9152K)
[14689.672s][info][gc             ] GC(33938) Pause Young (Allocation Failure) 468M->388M(470M) 4.167ms
[14689.672s][info][gc,cpu         ] GC(33938) User=0.01s Sys=0.00s Real=0.00s
[14690.169s][info][gc,start       ] GC(33939) Pause Young (Allocation Failure)
[14690.173s][info][gc,heap        ] GC(33939) PSYoungGen: 84256K(84992K)->1312K(84992K) Eden: 82944K(82944K)->0K(82944K) From: 1312K(2048K)->1312K(2048K)
[14690.173s][info][gc,heap        ] GC(33939) ParOldGen: 396617K(396800K)->396809K(397312K)
[14690.173s][info][gc,metaspace   ] GC(33939) Metaspace: 62396K(62656K)->62396K(62656K) NonClass: 53357K(53504K)->53357K(53504K) Class: 9039K(9152K)->9039K(9152K)
[14690.173s][info][gc             ] GC(33939) Pause Young (Allocation Failure) 469M->388M(471M) 4.067ms
[14690.173s][info][gc,cpu         ] GC(33939) User=0.01s Sys=0.00s Real=0.00s
[14690.647s][info][gc,start       ] GC(33940) Pause Young (Allocation Failure)
[14690.651s][info][gc,heap        ] GC(33940) PSYoungGen: 84256K(84992K)->1248K(84992K) Eden: 82944K(82944K)->0K(82944K) From: 1312K(2048K)->1248K(2048K)
[14690.651s][info][gc,heap        ] GC(33940) ParOldGen: 396809K(397312K)->396993K(397312K)
[14690.651s][info][gc,metaspace   ] GC(33940) Metaspace: 62396K(62656K)->62396K(62656K) NonClass: 53357K(53504K)->53357K(53504K) Class: 9039K(9152K)->9039K(9152K)
[14690.651s][info][gc             ] GC(33940) Pause Young (Allocation Failure) 469M->388M(471M) 4.037ms
[14690.651s][info][gc,cpu         ] GC(33940) User=0.00s Sys=0.00s Real=0.00s
[14691.103s][info][gc,start       ] GC(33941) Pause Young (Allocation Failure)
[14691.106s][info][gc,heap        ] GC(33941) PSYoungGen: 84192K(84992K)->544K(84992K) Eden: 82944K(82944K)->0K(82944K) From: 1248K(2048K)->544K(2048K)
[14691.106s][info][gc,heap        ] GC(33941) ParOldGen: 396993K(397312K)->397185K(397312K)
[14691.106s][info][gc,metaspace   ] GC(33941) Metaspace: 62396K(62656K)->62396K(62656K) NonClass: 53357K(53504K)->53357K(53504K) Class: 9039K(9152K)->9039K(9152K)
[14691.106s][info][gc             ] GC(33941) Pause Young (Allocation Failure) 469M->388M(471M) 3.270ms
[14691.106s][info][gc,cpu         ] GC(33941) User=0.00s Sys=0.00s Real=0.00s
[14691.569s][info][gc,start       ] GC(33942) Pause Young (Allocation Failure)
[14691.574s][info][gc,heap        ] GC(33942) PSYoungGen: 83488K(84992K)->2016K(84992K) Eden: 82944K(82944K)->0K(82944K) From: 544K(2048K)->2016K(2048K)
[14691.574s][info][gc,heap        ] GC(33942) ParOldGen: 397185K(397312K)->398769K(398848K)
[14691.574s][info][gc,metaspace   ] GC(33942) Metaspace: 62396K(62656K)->62396K(62656K) NonClass: 53357K(53504K)->53357K(53504K) Class: 9039K(9152K)->9039K(9152K)
[14691.574s][info][gc             ] GC(33942) Pause Young (Allocation Failure) 469M->391M(472M) 4.916ms
[14691.574s][info][gc,cpu         ] GC(33942) User=0.01s Sys=0.00s Real=0.00s
[14692.044s][info][gc,start       ] GC(33943) Pause Young (Allocation Failure)
[14692.048s][info][gc,heap        ] GC(33943) PSYoungGen: 84960K(84992K)->1056K(82944K) Eden: 82944K(82944K)->0K(80896K) From: 2016K(2048K)->1056K(2048K)
[14692.048s][info][gc,heap        ] GC(33943) ParOldGen: 398769K(398848K)->400945K(401920K)
[14692.048s][info][gc,metaspace   ] GC(33943) Metaspace: 62396K(62656K)->62396K(62656K) NonClass: 53357K(53504K)->53357K(53504K) Class: 9039K(9152K)->9039K(9152K)
[14692.048s][info][gc             ] GC(33943) Pause Young (Allocation Failure) 472M->392M(473M) 4.707ms
[14692.048s][info][gc,cpu         ] GC(33943) User=0.00s Sys=0.00s Real=0.01s
[14692.570s][info][gc,start       ] GC(33944) Pause Young (Allocation Failure)
[14692.574s][info][gc,heap        ] GC(33944) PSYoungGen: 81952K(82944K)->1520K(83968K) Eden: 80896K(80896K)->0K(80896K) From: 1056K(2048K)->1520K(3072K)
[14692.574s][info][gc,heap        ] GC(33944) ParOldGen: 400945K(401920K)->401137K(401920K)
[14692.574s][info][gc,metaspace   ] GC(33944) Metaspace: 62396K(62656K)->62396K(62656K) NonClass: 53357K(53504K)->53357K(53504K) Class: 9039K(9152K)->9039K(9152K)
[14692.574s][info][gc             ] GC(33944) Pause Young (Allocation Failure) 471M->393M(474M) 4.102ms
[14692.574s][info][gc,cpu         ] GC(33944) User=0.00s Sys=0.00s Real=0.00s
[14693.012s][info][gc,start       ] GC(33945) Pause Young (Allocation Failure)
[14693.015s][info][gc,heap        ] GC(33945) PSYoungGen: 82416K(83968K)->704K(83968K) Eden: 80896K(80896K)->0K(80896K) From: 1520K(3072K)->704K(3072K)
[14693.015s][info][gc,heap        ] GC(33945) ParOldGen: 401137K(401920K)->401449K(401920K)
[14693.015s][info][gc,metaspace   ] GC(33945) Metaspace: 62396K(62656K)->62396K(62656K) NonClass: 53357K(53504K)->53357K(53504K) Class: 9039K(9152K)->9039K(9152K)
[14693.016s][info][gc             ] GC(33945) Pause Young (Allocation Failure) 472M->392M(474M) 3.456ms
[14693.016s][info][gc,cpu         ] GC(33945) User=0.01s Sys=0.00s Real=0.00s
[14693.472s][info][gc,start       ] GC(33946) Pause Young (Allocation Failure)
[14693.476s][info][gc,heap        ] GC(33946) PSYoungGen: 81600K(83968K)->1408K(83968K) Eden: 80896K(80896K)->0K(80896K) From: 704K(3072K)->1408K(3072K)
[14693.476s][info][gc,heap        ] GC(33946) ParOldGen: 401449K(401920K)->401633K(401920K)
[14693.476s][info][gc,metaspace   ] GC(33946) Metaspace: 62396K(62656K)->62396K(62656K) NonClass: 53357K(53504K)->53357K(53504K) Class: 9039K(9152K)->9039K(9152K)
[14693.476s][info][gc             ] GC(33946) Pause Young (Allocation Failure) 471M->393M(474M) 4.123ms
[14693.476s][info][gc,cpu         ] GC(33946) User=0.01s Sys=0.00s Real=0.00s
[14693.918s][info][gc,start       ] GC(33947) Pause Young (Allocation Failure)
[14693.921s][info][gc,heap        ] GC(33947) PSYoungGen: 82304K(83968K)->768K(84480K) Eden: 80896K(80896K)->0K(81920K) From: 1408K(3072K)->768K(2560K)
[14693.921s][info][gc,heap        ] GC(33947) ParOldGen: 401633K(401920K)->401817K(401920K)
[14693.921s][info][gc,metaspace   ] GC(33947) Metaspace: 62396K(62656K)->62396K(62656K) NonClass: 53357K(53504K)->53357K(53504K) Class: 9039K(9152K)->9039K(9152K)
[14693.921s][info][gc             ] GC(33947) Pause Young (Allocation Failure) 472M->393M(475M) 3.444ms
[14693.922s][info][gc,cpu         ] GC(33947) User=0.00s Sys=0.00s Real=0.00s
[14694.362s][info][gc,start       ] GC(33948) Pause Young (Allocation Failure)
[14694.366s][info][gc,heap        ] GC(33948) PSYoungGen: 82688K(84480K)->1312K(84480K) Eden: 81920K(81920K)->0K(81920K) From: 768K(2560K)->1312K(2560K)
[14694.366s][info][gc,heap        ] GC(33948) ParOldGen: 401817K(401920K)->402001K(402432K)
[14694.366s][info][gc,metaspace   ] GC(33948) Metaspace: 62396K(62656K)->62396K(62656K) NonClass: 53357K(53504K)->53357K(53504K) Class: 9039K(9152K)->9039K(9152K)
[14694.366s][info][gc             ] GC(33948) Pause Young (Allocation Failure) 473M->393M(475M) 4.007ms
[14694.367s][info][gc,cpu         ] GC(33948) User=0.01s Sys=0.00s Real=0.01s
[14694.834s][info][gc,start       ] GC(33949) Pause Young (Allocation Failure)
[14694.838s][info][gc,heap        ] GC(33949) PSYoungGen: 83232K(84480K)->928K(84480K) Eden: 81920K(81920K)->0K(81920K) From: 1312K(2560K)->928K(2560K)
[14694.838s][info][gc,heap        ] GC(33949) ParOldGen: 402001K(402432K)->402201K(402432K)
[14694.838s][info][gc,metaspace   ] GC(33949) Metaspace: 62396K(62656K)->62396K(62656K) NonClass: 53357K(53504K)->53357K(53504K) Class: 9039K(9152K)->9039K(9152K)
[14694.838s][info][gc             ] GC(33949) Pause Young (Allocation Failure) 473M->393M(475M) 3.555ms
[14694.838s][info][gc,cpu         ] GC(33949) User=0.00s Sys=0.00s Real=0.01s
[14695.318s][info][gc,start       ] GC(33950) Pause Young (Allocation Failure)
[14695.321s][info][gc,heap        ] GC(33950) PSYoungGen: 82848K(84480K)->736K(84480K) Eden: 81920K(81920K)->0K(81920K) From: 928K(2560K)->736K(2560K)
[14695.321s][info][gc,heap        ] GC(33950) ParOldGen: 402201K(402432K)->402377K(402432K)
[14695.321s][info][gc,metaspace   ] GC(33950) Metaspace: 62396K(62656K)->62396K(62656K) NonClass: 53357K(53504K)->53357K(53504K) Class: 9039K(9152K)->9039K(9152K)
[14695.321s][info][gc             ] GC(33950) Pause Young (Allocation Failure) 473M->393M(475M) 3.402ms
[14695.321s][info][gc,cpu         ] GC(33950) User=0.01s Sys=0.00s Real=0.00s
[14695.775s][info][gc,start       ] GC(33951) Pause Young (Allocation Failure)
[14695.779s][info][gc,heap        ] GC(33951) PSYoungGen: 82656K(84480K)->1440K(84480K) Eden: 81920K(81920K)->0K(81920K) From: 736K(2560K)->1440K(2560K)
[14695.779s][info][gc,heap        ] GC(33951) ParOldGen: 402377K(402432K)->402561K(402944K)
[14695.779s][info][gc,metaspace   ] GC(33951) Metaspace: 62396K(62656K)->62396K(62656K) NonClass: 53357K(53504K)->53357K(53504K) Class: 9039K(9152K)->9039K(9152K)
[14695.779s][info][gc             ] GC(33951) Pause Young (Allocation Failure) 473M->394M(476M) 4.264ms
[14695.779s][info][gc,cpu         ] GC(33951) User=0.00s Sys=0.00s Real=0.01s
[14696.228s][info][gc,start       ] GC(33952) Pause Young (Allocation Failure)
[14696.231s][info][gc,heap        ] GC(33952) PSYoungGen: 83360K(84480K)->928K(84480K) Eden: 81920K(81920K)->0K(81920K) From: 1440K(2560K)->928K(2560K)
[14696.231s][info][gc,heap        ] GC(33952) ParOldGen: 402561K(402944K)->402745K(402944K)
[14696.231s][info][gc,metaspace   ] GC(33952) Metaspace: 62396K(62656K)->62396K(62656K) NonClass: 53357K(53504K)->53357K(53504K) Class: 9039K(9152K)->9039K(9152K)
[14696.231s][info][gc             ] GC(33952) Pause Young (Allocation Failure) 474M->394M(476M) 3.501ms
[14696.231s][info][gc,cpu         ] GC(33952) User=0.00s Sys=0.00s Real=0.00s
[14696.673s][info][gc,start       ] GC(33953) Pause Young (Allocation Failure)
[14696.677s][info][gc,heap        ] GC(33953) PSYoungGen: 82848K(84480K)->1408K(84480K) Eden: 81920K(81920K)->0K(81920K) From: 928K(2560K)->1408K(2560K)
[14696.677s][info][gc,heap        ] GC(33953) ParOldGen: 402745K(402944K)->402921K(402944K)
[14696.677s][info][gc,metaspace   ] GC(33953) Metaspace: 62396K(62656K)->62396K(62656K) NonClass: 53357K(53504K)->53357K(53504K) Class: 9039K(9152K)->9039K(9152K)
[14696.677s][info][gc             ] GC(33953) Pause Young (Allocation Failure) 474M->394M(476M) 4.195ms
[14696.677s][info][gc,cpu         ] GC(33953) User=0.01s Sys=0.00s Real=0.01s
[14697.119s][info][gc,start       ] GC(33954) Pause Young (Allocation Failure)
[14697.122s][info][gc,heap        ] GC(33954) PSYoungGen: 83328K(84480K)->736K(84480K) Eden: 81920K(81920K)->0K(81920K) From: 1408K(2560K)->736K(2560K)
[14697.122s][info][gc,heap        ] GC(33954) ParOldGen: 402921K(402944K)->403105K(403456K)
[14697.122s][info][gc,metaspace   ] GC(33954) Metaspace: 62396K(62656K)->62396K(62656K) NonClass: 53357K(53504K)->53357K(53504K) Class: 9039K(9152K)->9039K(9152K)
[14697.122s][info][gc             ] GC(33954) Pause Young (Allocation Failure) 474M->394M(476M) 3.381ms
[14697.122s][info][gc,cpu         ] GC(33954) User=0.01s Sys=0.00s Real=0.00s
[14697.561s][info][gc,start       ] GC(33955) Pause Young (Allocation Failure)
[14697.566s][info][gc,heap        ] GC(33955) PSYoungGen: 82656K(84480K)->2528K(83456K) Eden: 81920K(81920K)->0K(80896K) From: 736K(2560K)->2528K(2560K)
[14697.566s][info][gc,heap        ] GC(33955) ParOldGen: 403105K(403456K)->404089K(404480K)
[14697.566s][info][gc,metaspace   ] GC(33955) Metaspace: 62396K(62656K)->62396K(62656K) NonClass: 53357K(53504K)->53357K(53504K) Class: 9039K(9152K)->9039K(9152K)
[14697.566s][info][gc             ] GC(33955) Pause Young (Allocation Failure) 474M->397M(476M) 4.891ms
[14697.566s][info][gc,cpu         ] GC(33955) User=0.01s Sys=0.00s Real=0.00s
[14698.004s][info][gc,start       ] GC(33956) Pause Young (Allocation Failure)
[14698.008s][info][gc,heap        ] GC(33956) PSYoungGen: 83424K(83456K)->640K(83968K) Eden: 80896K(80896K)->0K(80896K) From: 2528K(2560K)->640K(3072K)
[14698.008s][info][gc,heap        ] GC(33956) ParOldGen: 404089K(404480K)->406233K(407552K)
[14698.008s][info][gc,metaspace   ] GC(33956) Metaspace: 62396K(62656K)->62396K(62656K) NonClass: 53357K(53504K)->53357K(53504K) Class: 9039K(9152K)->9039K(9152K)
[14698.008s][info][gc             ] GC(33956) Pause Young (Allocation Failure) 476M->397M(480M) 4.061ms
[14698.008s][info][gc,cpu         ] GC(33956) User=0.01s Sys=0.00s Real=0.01s
[14698.480s][info][gc,start       ] GC(33957) Pause Young (Allocation Failure)
[14698.483s][info][gc,heap        ] GC(33957) PSYoungGen: 81536K(83968K)->320K(83968K) Eden: 80896K(80896K)->0K(80896K) From: 640K(3072K)->320K(3072K)
[14698.483s][info][gc,heap        ] GC(33957) ParOldGen: 406233K(407552K)->406417K(407552K)
[14698.483s][info][gc,metaspace   ] GC(33957) Metaspace: 62396K(62656K)->62396K(62656K) NonClass: 53357K(53504K)->53357K(53504K) Class: 9039K(9152K)->9039K(9152K)
[14698.484s][info][gc             ] GC(33957) Pause Young (Allocation Failure) 476M->397M(480M) 3.028ms
[14698.484s][info][gc,cpu         ] GC(33957) User=0.01s Sys=0.00s Real=0.00s
[14698.922s][info][gc,start       ] GC(33958) Pause Young (Allocation Failure)
[14698.926s][info][gc,heap        ] GC(33958) PSYoungGen: 81216K(83968K)->832K(83968K) Eden: 80896K(80896K)->0K(80896K) From: 320K(3072K)->832K(3072K)
[14698.926s][info][gc,heap        ] GC(33958) ParOldGen: 406417K(407552K)->406601K(407552K)
[14698.926s][info][gc,metaspace   ] GC(33958) Metaspace: 62396K(62656K)->62396K(62656K) NonClass: 53357K(53504K)->53357K(53504K) Class: 9039K(9152K)->9039K(9152K)
[14698.926s][info][gc             ] GC(33958) Pause Young (Allocation Failure) 476M->397M(480M) 3.524ms
[14698.926s][info][gc,cpu         ] GC(33958) User=0.00s Sys=0.00s Real=0.00s
[14699.406s][info][gc,start       ] GC(33959) Pause Young (Allocation Failure)
[14699.409s][info][gc,heap        ] GC(33959) PSYoungGen: 81728K(83968K)->576K(83968K) Eden: 80896K(80896K)->0K(80896K) From: 832K(3072K)->576K(3072K)
[14699.409s][info][gc,heap        ] GC(33959) ParOldGen: 406601K(407552K)->406769K(407552K)
[14699.409s][info][gc,metaspace   ] GC(33959) Metaspace: 62396K(62656K)->62396K(62656K) NonClass: 53357K(53504K)->53357K(53504K) Class: 9039K(9152K)->9039K(9152K)
[14699.409s][info][gc             ] GC(33959) Pause Young (Allocation Failure) 476M->397M(480M) 3.249ms
[14699.409s][info][gc,cpu         ] GC(33959) User=0.01s Sys=0.00s Real=0.01s
[14699.848s][info][gc,start       ] GC(33960) Pause Young (Allocation Failure)
[14699.851s][info][gc,heap        ] GC(33960) PSYoungGen: 81472K(83968K)->1184K(83968K) Eden: 80896K(80896K)->0K(80896K) From: 576K(3072K)->1184K(3072K)
[14699.851s][info][gc,heap        ] GC(33960) ParOldGen: 406769K(407552K)->406953K(407552K)
[14699.851s][info][gc,metaspace   ] GC(33960) Metaspace: 62396K(62656K)->62396K(62656K) NonClass: 53357K(53504K)->53357K(53504K) Class: 9039K(9152K)->9039K(9152K)
[14699.851s][info][gc             ] GC(33960) Pause Young (Allocation Failure) 476M->398M(480M) 3.873ms
[14699.851s][info][gc,cpu         ] GC(33960) User=0.00s Sys=0.00s Real=0.00s
[14700.288s][info][gc,start       ] GC(33961) Pause Young (Allocation Failure)
[14700.291s][info][gc,heap        ] GC(33961) PSYoungGen: 82080K(83968K)->416K(83968K) Eden: 80896K(80896K)->0K(80896K) From: 1184K(3072K)->416K(3072K)
[14700.291s][info][gc,heap        ] GC(33961) ParOldGen: 406953K(407552K)->407137K(407552K)
[14700.291s][info][gc,metaspace   ] GC(33961) Metaspace: 62396K(62656K)->62396K(62656K) NonClass: 53357K(53504K)->53357K(53504K) Class: 9039K(9152K)->9039K(9152K)
[14700.291s][info][gc             ] GC(33961) Pause Young (Allocation Failure) 477M->398M(480M) 3.132ms
[14700.291s][info][gc,cpu         ] GC(33961) User=0.01s Sys=0.00s Real=0.00s
[14700.704s][info][gc,start       ] GC(33962) Pause Young (Allocation Failure)
[14700.708s][info][gc,heap        ] GC(33962) PSYoungGen: 81312K(83968K)->640K(83968K) Eden: 80896K(80896K)->0K(80896K) From: 416K(3072K)->640K(3072K)
[14700.708s][info][gc,heap        ] GC(33962) ParOldGen: 407137K(407552K)->407329K(407552K)
[14700.708s][info][gc,metaspace   ] GC(33962) Metaspace: 62396K(62656K)->62396K(62656K) NonClass: 53357K(53504K)->53357K(53504K) Class: 9039K(9152K)->9039K(9152K)
[14700.708s][info][gc             ] GC(33962) Pause Young (Allocation Failure) 477M->398M(480M) 3.375ms
[14700.708s][info][gc,cpu         ] GC(33962) User=0.00s Sys=0.00s Real=0.01s
[14701.171s][info][gc,start       ] GC(33963) Pause Young (Allocation Failure)
[14701.175s][info][gc,heap        ] GC(33963) PSYoungGen: 81536K(83968K)->1216K(84480K) Eden: 80896K(80896K)->0K(81920K) From: 640K(3072K)->1216K(2560K)
[14701.175s][info][gc,heap        ] GC(33963) ParOldGen: 407329K(407552K)->407513K(407552K)
[14701.175s][info][gc,metaspace   ] GC(33963) Metaspace: 62396K(62656K)->62396K(62656K) NonClass: 53357K(53504K)->53357K(53504K) Class: 9039K(9152K)->9039K(9152K)
[14701.175s][info][gc             ] GC(33963) Pause Young (Allocation Failure) 477M->399M(480M) 3.978ms
[14701.175s][info][gc,cpu         ] GC(33963) User=0.01s Sys=0.00s Real=0.00s
[14701.670s][info][gc,start       ] GC(33964) Pause Young (Allocation Failure)
[14701.674s][info][gc,heap        ] GC(33964) PSYoungGen: 83136K(84480K)->1312K(84480K) Eden: 81920K(81920K)->0K(81920K) From: 1216K(2560K)->1312K(2560K)
[14701.674s][info][gc,heap        ] GC(33964) ParOldGen: 407513K(407552K)->407689K(408064K)
[14701.674s][info][gc,metaspace   ] GC(33964) Metaspace: 62396K(62656K)->62396K(62656K) NonClass: 53357K(53504K)->53357K(53504K) Class: 9039K(9152K)->9039K(9152K)
[14701.674s][info][gc             ] GC(33964) Pause Young (Allocation Failure) 479M->399M(481M) 4.134ms
[14701.674s][info][gc,cpu         ] GC(33964) User=0.01s Sys=0.00s Real=0.00s
[14702.193s][info][gc,start       ] GC(33965) Pause Young (Allocation Failure)
[14702.196s][info][gc,heap        ] GC(33965) PSYoungGen: 83232K(84480K)->496K(84480K) Eden: 81920K(81920K)->0K(81920K) From: 1312K(2560K)->496K(2560K)
[14702.196s][info][gc,heap        ] GC(33965) ParOldGen: 407689K(408064K)->407857K(408064K)
[14702.196s][info][gc,metaspace   ] GC(33965) Metaspace: 62396K(62656K)->62396K(62656K) NonClass: 53357K(53504K)->53357K(53504K) Class: 9039K(9152K)->9039K(9152K)
[14702.196s][info][gc             ] GC(33965) Pause Young (Allocation Failure) 479M->398M(481M) 3.261ms
[14702.196s][info][gc,cpu         ] GC(33965) User=0.01s Sys=0.00s Real=0.00s
[14702.676s][info][gc,start       ] GC(33966) Pause Young (Allocation Failure)
[14702.680s][info][gc,heap        ] GC(33966) PSYoungGen: 82416K(84480K)->1408K(84480K) Eden: 81920K(81920K)->0K(81920K) From: 496K(2560K)->1408K(2560K)
[14702.680s][info][gc,heap        ] GC(33966) ParOldGen: 407857K(408064K)->408089K(408576K)
[14702.680s][info][gc,metaspace   ] GC(33966) Metaspace: 62396K(62656K)->62396K(62656K) NonClass: 53357K(53504K)->53357K(53504K) Class: 9039K(9152K)->9039K(9152K)
[14702.680s][info][gc             ] GC(33966) Pause Young (Allocation Failure) 478M->399M(481M) 4.158ms
[14702.680s][info][gc,cpu         ] GC(33966) User=0.01s Sys=0.00s Real=0.01s
[14703.165s][info][gc,start       ] GC(33967) Pause Young (Allocation Failure)
[14703.169s][info][gc,heap        ] GC(33967) PSYoungGen: 83328K(84480K)->1280K(84480K) Eden: 81920K(81920K)->0K(81920K) From: 1408K(2560K)->1280K(2560K)
[14703.169s][info][gc,heap        ] GC(33967) ParOldGen: 408089K(408576K)->408273K(408576K)
[14703.169s][info][gc,metaspace   ] GC(33967) Metaspace: 62396K(62656K)->62396K(62656K) NonClass: 53357K(53504K)->53357K(53504K) Class: 9039K(9152K)->9039K(9152K)
[14703.169s][info][gc             ] GC(33967) Pause Young (Allocation Failure) 479M->399M(481M) 3.968ms
[14703.169s][info][gc,cpu         ] GC(33967) User=0.01s Sys=0.00s Real=0.01s
[14703.615s][info][gc,start       ] GC(33968) Pause Young (Allocation Failure)
[14703.619s][info][gc,heap        ] GC(33968) PSYoungGen: 83200K(84480K)->2528K(84480K) Eden: 81920K(81920K)->0K(81920K) From: 1280K(2560K)->2528K(2560K)
[14703.619s][info][gc,heap        ] GC(33968) ParOldGen: 408273K(408576K)->408689K(409088K)
[14703.619s][info][gc,metaspace   ] GC(33968) Metaspace: 62396K(62656K)->62396K(62656K) NonClass: 53357K(53504K)->53357K(53504K) Class: 9039K(9152K)->9039K(9152K)
[14703.619s][info][gc             ] GC(33968) Pause Young (Allocation Failure) 479M->401M(482M) 3.735ms
[14703.619s][info][gc,cpu         ] GC(33968) User=0.01s Sys=0.00s Real=0.01s
[14704.054s][info][gc,start       ] GC(33969) Pause Young (Allocation Failure)
[14704.058s][info][gc,heap        ] GC(33969) PSYoungGen: 84448K(84480K)->1248K(83456K) Eden: 81920K(81920K)->0K(80896K) From: 2528K(2560K)->1248K(2560K)
[14704.058s][info][gc,heap        ] GC(33969) ParOldGen: 408689K(409088K)->410865K(412160K)
[14704.058s][info][gc,metaspace   ] GC(33969) Metaspace: 62396K(62656K)->62396K(62656K) NonClass: 53357K(53504K)->53357K(53504K) Class: 9039K(9152K)->9039K(9152K)
[14704.058s][info][gc             ] GC(33969) Pause Young (Allocation Failure) 481M->402M(484M) 4.822ms
[14704.058s][info][gc,cpu         ] GC(33969) User=0.01s Sys=0.00s Real=0.01s
[14704.469s][info][gc,start       ] GC(33970) Pause Young (Allocation Failure)
[14704.473s][info][gc,heap        ] GC(33970) PSYoungGen: 82144K(83456K)->1504K(83968K) Eden: 80896K(80896K)->0K(80896K) From: 1248K(2560K)->1504K(3072K)
[14704.473s][info][gc,heap        ] GC(33970) ParOldGen: 410865K(412160K)->411057K(412160K)
[14704.473s][info][gc,metaspace   ] GC(33970) Metaspace: 62396K(62656K)->62396K(62656K) NonClass: 53357K(53504K)->53357K(53504K) Class: 9039K(9152K)->9039K(9152K)
[14704.473s][info][gc             ] GC(33970) Pause Young (Allocation Failure) 481M->402M(484M) 4.157ms
[14704.473s][info][gc,cpu         ] GC(33970) User=0.00s Sys=0.00s Real=0.00s
[14704.857s][info][gc,start       ] GC(33971) Pause Young (Allocation Failure)
[14704.861s][info][gc,heap        ] GC(33971) PSYoungGen: 82400K(83968K)->1344K(83968K) Eden: 80896K(80896K)->0K(80896K) From: 1504K(3072K)->1344K(3072K)
[14704.861s][info][gc,heap        ] GC(33971) ParOldGen: 411057K(412160K)->411225K(412160K)
[14704.861s][info][gc,metaspace   ] GC(33971) Metaspace: 62396K(62656K)->62396K(62656K) NonClass: 53357K(53504K)->53357K(53504K) Class: 9039K(9152K)->9039K(9152K)
[14704.861s][info][gc             ] GC(33971) Pause Young (Allocation Failure) 481M->402M(484M) 4.008ms
[14704.861s][info][gc,cpu         ] GC(33971) User=0.01s Sys=0.00s Real=0.00s
[14705.254s][info][gc,start       ] GC(33972) Pause Young (Allocation Failure)
[14705.258s][info][gc,heap        ] GC(33972) PSYoungGen: 82240K(83968K)->1312K(83968K) Eden: 80896K(80896K)->0K(80896K) From: 1344K(3072K)->1312K(3072K)
[14705.258s][info][gc,heap        ] GC(33972) ParOldGen: 411225K(412160K)->411401K(412160K)
[14705.258s][info][gc,metaspace   ] GC(33972) Metaspace: 62396K(62656K)->62396K(62656K) NonClass: 53357K(53504K)->53357K(53504K) Class: 9039K(9152K)->9039K(9152K)
[14705.258s][info][gc             ] GC(33972) Pause Young (Allocation Failure) 481M->403M(484M) 3.953ms
[14705.258s][info][gc,cpu         ] GC(33972) User=0.01s Sys=0.00s Real=0.01s
[14705.691s][info][gc,start       ] GC(33973) Pause Young (Allocation Failure)
[14705.694s][info][gc,heap        ] GC(33973) PSYoungGen: 82208K(83968K)->448K(84480K) Eden: 80896K(80896K)->0K(81920K) From: 1312K(3072K)->448K(2560K)
[14705.694s][info][gc,heap        ] GC(33973) ParOldGen: 411401K(412160K)->411585K(412160K)
[14705.694s][info][gc,metaspace   ] GC(33973) Metaspace: 62396K(62656K)->62396K(62656K) NonClass: 53357K(53504K)->53357K(53504K) Class: 9039K(9152K)->9039K(9152K)
[14705.694s][info][gc             ] GC(33973) Pause Young (Allocation Failure) 482M->402M(485M) 3.052ms
[14705.694s][info][gc,cpu         ] GC(33973) User=0.01s Sys=0.00s Real=0.00s
[14706.139s][info][gc,start       ] GC(33974) Pause Young (Allocation Failure)
[14706.142s][info][gc,heap        ] GC(33974) PSYoungGen: 82368K(84480K)->960K(84480K) Eden: 81920K(81920K)->0K(81920K) From: 448K(2560K)->960K(2560K)
[14706.142s][info][gc,heap        ] GC(33974) ParOldGen: 411585K(412160K)->411769K(412160K)
[14706.142s][info][gc,metaspace   ] GC(33974) Metaspace: 62396K(62656K)->62396K(62656K) NonClass: 53357K(53504K)->53357K(53504K) Class: 9039K(9152K)->9039K(9152K)
[14706.142s][info][gc             ] GC(33974) Pause Young (Allocation Failure) 482M->403M(485M) 3.588ms
[14706.142s][info][gc,cpu         ] GC(33974) User=0.00s Sys=0.00s Real=0.00s
[14706.532s][info][gc,start       ] GC(33975) Pause Young (Allocation Failure)
[14706.535s][info][gc,heap        ] GC(33975) PSYoungGen: 82880K(84480K)->1056K(84480K) Eden: 81920K(81920K)->0K(81920K) From: 960K(2560K)->1056K(2560K)
[14706.535s][info][gc,heap        ] GC(33975) ParOldGen: 411769K(412160K)->411945K(412160K)
[14706.535s][info][gc,metaspace   ] GC(33975) Metaspace: 62396K(62656K)->62396K(62656K) NonClass: 53357K(53504K)->53357K(53504K) Class: 9039K(9152K)->9039K(9152K)
[14706.535s][info][gc             ] GC(33975) Pause Young (Allocation Failure) 483M->403M(485M) 3.722ms
[14706.535s][info][gc,cpu         ] GC(33975) User=0.01s Sys=0.00s Real=0.00s
[14706.910s][info][gc,start       ] GC(33976) Pause Young (Allocation Failure)
[14706.913s][info][gc,heap        ] GC(33976) PSYoungGen: 82976K(84480K)->704K(84480K) Eden: 81920K(81920K)->0K(81920K) From: 1056K(2560K)->704K(2560K)
[14706.913s][info][gc,heap        ] GC(33976) ParOldGen: 411945K(412160K)->412121K(412160K)
[14706.913s][info][gc,metaspace   ] GC(33976) Metaspace: 62396K(62656K)->62396K(62656K) NonClass: 53357K(53504K)->53357K(53504K) Class: 9039K(9152K)->9039K(9152K)
[14706.913s][info][gc             ] GC(33976) Pause Young (Allocation Failure) 483M->403M(485M) 3.204ms
[14706.913s][info][gc,cpu         ] GC(33976) User=0.01s Sys=0.00s Real=0.00s
[14707.313s][info][gc,start       ] GC(33977) Pause Young (Allocation Failure)
[14707.316s][info][gc,heap        ] GC(33977) PSYoungGen: 82624K(84480K)->736K(84480K) Eden: 81920K(81920K)->0K(81920K) From: 704K(2560K)->736K(2560K)
[14707.316s][info][gc,heap        ] GC(33977) ParOldGen: 412121K(412160K)->412297K(412672K)
[14707.316s][info][gc,metaspace   ] GC(33977) Metaspace: 62396K(62656K)->62396K(62656K) NonClass: 53357K(53504K)->53357K(53504K) Class: 9039K(9152K)->9039K(9152K)
[14707.316s][info][gc             ] GC(33977) Pause Young (Allocation Failure) 483M->403M(485M) 3.381ms
[14707.316s][info][gc,cpu         ] GC(33977) User=0.00s Sys=0.00s Real=0.00s
[14707.723s][info][gc,start       ] GC(33978) Pause Young (Allocation Failure)
[14707.726s][info][gc,heap        ] GC(33978) PSYoungGen: 82656K(84480K)->928K(84480K) Eden: 81920K(81920K)->0K(81920K) From: 736K(2560K)->928K(2560K)
[14707.726s][info][gc,heap        ] GC(33978) ParOldGen: 412297K(412672K)->412473K(412672K)
[14707.726s][info][gc,metaspace   ] GC(33978) Metaspace: 62396K(62656K)->62396K(62656K) NonClass: 53357K(53504K)->53357K(53504K) Class: 9039K(9152K)->9039K(9152K)
[14707.726s][info][gc             ] GC(33978) Pause Young (Allocation Failure) 483M->403M(485M) 3.458ms
[14707.726s][info][gc,cpu         ] GC(33978) User=0.01s Sys=0.00s Real=0.00s
[14708.161s][info][gc,start       ] GC(33979) Pause Young (Allocation Failure)
[14708.165s][info][gc,heap        ] GC(33979) PSYoungGen: 82848K(84480K)->1312K(84480K) Eden: 81920K(81920K)->0K(81920K) From: 928K(2560K)->1312K(2560K)
[14708.165s][info][gc,heap        ] GC(33979) ParOldGen: 412473K(412672K)->412641K(412672K)
[14708.165s][info][gc,metaspace   ] GC(33979) Metaspace: 62396K(62656K)->62396K(62656K) NonClass: 53357K(53504K)->53357K(53504K) Class: 9039K(9152K)->9039K(9152K)
[14708.165s][info][gc             ] GC(33979) Pause Young (Allocation Failure) 483M->404M(485M) 3.879ms
[14708.165s][info][gc,cpu         ] GC(33979) User=0.01s Sys=0.00s Real=0.00s
[14708.573s][info][gc,start       ] GC(33980) Pause Young (Allocation Failure)
[14708.577s][info][gc,heap        ] GC(33980) PSYoungGen: 83232K(84480K)->1536K(84480K) Eden: 81920K(81920K)->0K(81920K) From: 1312K(2560K)->1536K(2560K)
[14708.577s][info][gc,heap        ] GC(33980) ParOldGen: 412641K(412672K)->412817K(413184K)
[14708.577s][info][gc,metaspace   ] GC(33980) Metaspace: 62396K(62656K)->62396K(62656K) NonClass: 53357K(53504K)->53357K(53504K) Class: 9039K(9152K)->9039K(9152K)
[14708.577s][info][gc             ] GC(33980) Pause Young (Allocation Failure) 484M->404M(486M) 4.281ms
[14708.577s][info][gc,cpu         ] GC(33980) User=0.01s Sys=0.00s Real=0.01s
[14708.982s][info][gc,start       ] GC(33981) Pause Young (Allocation Failure)
[14708.985s][info][gc,heap        ] GC(33981) PSYoungGen: 83456K(84480K)->320K(84480K) Eden: 81920K(81920K)->0K(81920K) From: 1536K(2560K)->320K(2560K)
[14708.985s][info][gc,heap        ] GC(33981) ParOldGen: 412817K(413184K)->412993K(413184K)
[14708.985s][info][gc,metaspace   ] GC(33981) Metaspace: 62396K(62656K)->62396K(62656K) NonClass: 53357K(53504K)->53357K(53504K) Class: 9039K(9152K)->9039K(9152K)
[14708.985s][info][gc             ] GC(33981) Pause Young (Allocation Failure) 484M->403M(486M) 2.997ms
[14708.985s][info][gc,cpu         ] GC(33981) User=0.00s Sys=0.00s Real=0.00s
[14709.382s][info][gc,start       ] GC(33982) Pause Young (Allocation Failure)
[14709.385s][info][gc,heap        ] GC(33982) PSYoungGen: 82240K(84480K)->2368K(84480K) Eden: 81920K(81920K)->0K(81920K) From: 320K(2560K)->2368K(2560K)
[14709.385s][info][gc,heap        ] GC(33982) ParOldGen: 412993K(413184K)->413161K(413184K)
[14709.385s][info][gc,metaspace   ] GC(33982) Metaspace: 62397K(62656K)->62397K(62656K) NonClass: 53358K(53504K)->53358K(53504K) Class: 9039K(9152K)->9039K(9152K)
[14709.385s][info][gc             ] GC(33982) Pause Young (Allocation Failure) 483M->405M(486M) 3.206ms
[14709.385s][info][gc,cpu         ] GC(33982) User=0.01s Sys=0.00s Real=0.00s
[14709.794s][info][gc,start       ] GC(33983) Pause Young (Allocation Failure)
[14709.798s][info][gc,heap        ] GC(33983) PSYoungGen: 84288K(84480K)->480K(84480K) Eden: 81920K(81920K)->0K(81920K) From: 2368K(2560K)->480K(2560K)
[14709.798s][info][gc,heap        ] GC(33983) ParOldGen: 413161K(413184K)->415378K(416256K)
[14709.798s][info][gc,metaspace   ] GC(33983) Metaspace: 62397K(62656K)->62397K(62656K) NonClass: 53358K(53504K)->53358K(53504K) Class: 9039K(9152K)->9039K(9152K)
[14709.798s][info][gc             ] GC(33983) Pause Young (Allocation Failure) 485M->406M(489M) 4.286ms
[14709.798s][info][gc,cpu         ] GC(33983) User=0.01s Sys=0.00s Real=0.01s
[14710.202s][info][gc,start       ] GC(33984) Pause Young (Allocation Failure)
[14710.205s][info][gc,heap        ] GC(33984) PSYoungGen: 82400K(84480K)->576K(84480K) Eden: 81920K(81920K)->0K(81920K) From: 480K(2560K)->576K(2560K)
[14710.205s][info][gc,heap        ] GC(33984) ParOldGen: 415378K(416256K)->415546K(416256K)
[14710.205s][info][gc,metaspace   ] GC(33984) Metaspace: 62397K(62656K)->62397K(62656K) NonClass: 53358K(53504K)->53358K(53504K) Class: 9039K(9152K)->9039K(9152K)
[14710.205s][info][gc             ] GC(33984) Pause Young (Allocation Failure) 486M->406M(489M) 3.153ms
[14710.205s][info][gc,cpu         ] GC(33984) User=0.01s Sys=0.00s Real=0.00s
[14710.692s][info][gc,start       ] GC(33985) Pause Young (Allocation Failure)
[14710.695s][info][gc,heap        ] GC(33985) PSYoungGen: 82496K(84480K)->512K(84480K) Eden: 81920K(81920K)->0K(81920K) From: 576K(2560K)->512K(2560K)
[14710.695s][info][gc,heap        ] GC(33985) ParOldGen: 415546K(416256K)->415722K(416256K)
[14710.695s][info][gc,metaspace   ] GC(33985) Metaspace: 62397K(62656K)->62397K(62656K) NonClass: 53358K(53504K)->53358K(53504K) Class: 9039K(9152K)->9039K(9152K)
[14710.695s][info][gc             ] GC(33985) Pause Young (Allocation Failure) 486M->406M(489M) 3.091ms
[14710.695s][info][gc,cpu         ] GC(33985) User=0.01s Sys=0.00s Real=0.00s
[14711.122s][info][gc,start       ] GC(33986) Pause Young (Allocation Failure)
[14711.125s][info][gc,heap        ] GC(33986) PSYoungGen: 82432K(84480K)->800K(84480K) Eden: 81920K(81920K)->0K(81920K) From: 512K(2560K)->800K(2560K)
[14711.126s][info][gc,heap        ] GC(33986) ParOldGen: 415722K(416256K)->415946K(416256K)
[14711.126s][info][gc,metaspace   ] GC(33986) Metaspace: 62397K(62656K)->62397K(62656K) NonClass: 53358K(53504K)->53358K(53504K) Class: 9039K(9152K)->9039K(9152K)
[14711.126s][info][gc             ] GC(33986) Pause Young (Allocation Failure) 486M->406M(489M) 3.400ms
[14711.126s][info][gc,cpu         ] GC(33986) User=0.00s Sys=0.00s Real=0.00s
[14711.580s][info][gc,start       ] GC(33987) Pause Young (Allocation Failure)
[14711.583s][info][gc,heap        ] GC(33987) PSYoungGen: 82720K(84480K)->320K(84480K) Eden: 81920K(81920K)->0K(81920K) From: 800K(2560K)->320K(2560K)
[14711.583s][info][gc,heap        ] GC(33987) ParOldGen: 415946K(416256K)->416122K(416256K)
[14711.583s][info][gc,metaspace   ] GC(33987) Metaspace: 62397K(62656K)->62397K(62656K) NonClass: 53358K(53504K)->53358K(53504K) Class: 9039K(9152K)->9039K(9152K)
[14711.583s][info][gc             ] GC(33987) Pause Young (Allocation Failure) 486M->406M(489M) 2.938ms
[14711.583s][info][gc,cpu         ] GC(33987) User=0.01s Sys=0.00s Real=0.00s
[14711.985s][info][gc,start       ] GC(33988) Pause Young (Allocation Failure)
[14711.988s][info][gc,heap        ] GC(33988) PSYoungGen: 82240K(84480K)->352K(84480K) Eden: 81920K(81920K)->0K(81920K) From: 320K(2560K)->352K(2560K)
[14711.988s][info][gc,heap        ] GC(33988) ParOldGen: 416122K(416256K)->416298K(416768K)
[14711.988s][info][gc,metaspace   ] GC(33988) Metaspace: 62397K(62656K)->62397K(62656K) NonClass: 53358K(53504K)->53358K(53504K) Class: 9039K(9152K)->9039K(9152K)
[14711.988s][info][gc             ] GC(33988) Pause Young (Allocation Failure) 486M->406M(489M) 3.014ms
[14711.988s][info][gc,cpu         ] GC(33988) User=0.01s Sys=0.00s Real=0.01s
[14712.389s][info][gc,start       ] GC(33989) Pause Young (Allocation Failure)
[14712.392s][info][gc,heap        ] GC(33989) PSYoungGen: 82272K(84480K)->448K(84480K) Eden: 81920K(81920K)->0K(81920K) From: 352K(2560K)->448K(2560K)
[14712.392s][info][gc,heap        ] GC(33989) ParOldGen: 416298K(416768K)->416458K(416768K)
[14712.392s][info][gc,metaspace   ] GC(33989) Metaspace: 62397K(62656K)->62397K(62656K) NonClass: 53358K(53504K)->53358K(53504K) Class: 9039K(9152K)->9039K(9152K)
[14712.392s][info][gc             ] GC(33989) Pause Young (Allocation Failure) 486M->407M(489M) 2.997ms
[14712.392s][info][gc,cpu         ] GC(33989) User=0.00s Sys=0.00s Real=0.00s
[14712.835s][info][gc,start       ] GC(33990) Pause Young (Allocation Failure)
[14712.838s][info][gc,heap        ] GC(33990) PSYoungGen: 82368K(84480K)->960K(84480K) Eden: 81920K(81920K)->0K(81920K) From: 448K(2560K)->960K(2560K)
[14712.838s][info][gc,heap        ] GC(33990) ParOldGen: 416458K(416768K)->416634K(416768K)
[14712.838s][info][gc,metaspace   ] GC(33990) Metaspace: 62397K(62656K)->62397K(62656K) NonClass: 53358K(53504K)->53358K(53504K) Class: 9039K(9152K)->9039K(9152K)
[14712.839s][info][gc             ] GC(33990) Pause Young (Allocation Failure) 487M->407M(489M) 3.518ms
[14712.839s][info][gc,cpu         ] GC(33990) User=0.01s Sys=0.00s Real=0.01s
[14713.280s][info][gc,start       ] GC(33991) Pause Young (Allocation Failure)
[14713.283s][info][gc,heap        ] GC(33991) PSYoungGen: 82880K(84480K)->288K(84480K) Eden: 81920K(81920K)->0K(81920K) From: 960K(2560K)->288K(2560K)
[14713.283s][info][gc,heap        ] GC(33991) ParOldGen: 416634K(416768K)->416802K(417280K)
[14713.283s][info][gc,metaspace   ] GC(33991) Metaspace: 62397K(62656K)->62397K(62656K) NonClass: 53358K(53504K)->53358K(53504K) Class: 9039K(9152K)->9039K(9152K)
[14713.283s][info][gc             ] GC(33991) Pause Young (Allocation Failure) 487M->407M(490M) 2.940ms
[14713.283s][info][gc,cpu         ] GC(33991) User=0.01s Sys=0.00s Real=0.00s
[14713.713s][info][gc,start       ] GC(33992) Pause Young (Allocation Failure)
[14713.717s][info][gc,heap        ] GC(33992) PSYoungGen: 82208K(84480K)->736K(84480K) Eden: 81920K(81920K)->0K(81920K) From: 288K(2560K)->736K(2560K)
[14713.717s][info][gc,heap        ] GC(33992) ParOldGen: 416802K(417280K)->416970K(417280K)
[14713.717s][info][gc,metaspace   ] GC(33992) Metaspace: 62397K(62656K)->62397K(62656K) NonClass: 53358K(53504K)->53358K(53504K) Class: 9039K(9152K)->9039K(9152K)
[14713.717s][info][gc             ] GC(33992) Pause Young (Allocation Failure) 487M->407M(490M) 3.351ms
[14713.717s][info][gc,cpu         ] GC(33992) User=0.01s Sys=0.00s Real=0.01s
[14714.147s][info][gc,start       ] GC(33993) Pause Young (Allocation Failure)
[14714.150s][info][gc,heap        ] GC(33993) PSYoungGen: 82656K(84480K)->1120K(84992K) Eden: 81920K(81920K)->0K(82944K) From: 736K(2560K)->1120K(2048K)
[14714.150s][info][gc,heap        ] GC(33993) ParOldGen: 416970K(417280K)->417138K(417280K)
[14714.150s][info][gc,metaspace   ] GC(33993) Metaspace: 62397K(62656K)->62397K(62656K) NonClass: 53358K(53504K)->53358K(53504K) Class: 9039K(9152K)->9039K(9152K)
[14714.150s][info][gc             ] GC(33993) Pause Young (Allocation Failure) 487M->408M(490M) 3.775ms
[14714.150s][info][gc,cpu         ] GC(33993) User=0.00s Sys=0.00s Real=0.00s
[14714.599s][info][gc,start       ] GC(33994) Pause Young (Allocation Failure)
[14714.602s][info][gc,heap        ] GC(33994) PSYoungGen: 84064K(84992K)->544K(84992K) Eden: 82944K(82944K)->0K(82944K) From: 1120K(2048K)->544K(2048K)
[14714.603s][info][gc,heap        ] GC(33994) ParOldGen: 417138K(417280K)->417314K(417792K)
[14714.603s][info][gc,metaspace   ] GC(33994) Metaspace: 62397K(62656K)->62397K(62656K) NonClass: 53358K(53504K)->53358K(53504K) Class: 9039K(9152K)->9039K(9152K)
[14714.603s][info][gc             ] GC(33994) Pause Young (Allocation Failure) 489M->408M(491M) 3.244ms
[14714.603s][info][gc,cpu         ] GC(33994) User=0.01s Sys=0.00s Real=0.00s
[14715.043s][info][gc,start       ] GC(33995) Pause Young (Allocation Failure)
[14715.047s][info][gc,heap        ] GC(33995) PSYoungGen: 83488K(84992K)->2016K(82944K) Eden: 82944K(82944K)->0K(80896K) From: 544K(2048K)->2016K(2048K)
[14715.047s][info][gc,heap        ] GC(33995) ParOldGen: 417314K(417792K)->418546K(419328K)
[14715.047s][info][gc,metaspace   ] GC(33995) Metaspace: 62397K(62656K)->62397K(62656K) NonClass: 53358K(53504K)->53358K(53504K) Class: 9039K(9152K)->9039K(9152K)
[14715.047s][info][gc             ] GC(33995) Pause Young (Allocation Failure) 489M->410M(490M) 4.516ms
[14715.047s][info][gc,cpu         ] GC(33995) User=0.01s Sys=0.00s Real=0.01s
[14715.448s][info][gc,start       ] GC(33996) Pause Young (Allocation Failure)
[14715.453s][info][gc,heap        ] GC(33996) PSYoungGen: 82912K(82944K)->1216K(83968K) Eden: 80896K(80896K)->0K(80896K) From: 2016K(2048K)->1216K(3072K)
[14715.453s][info][gc,heap        ] GC(33996) ParOldGen: 418546K(419328K)->420730K(420864K)
[14715.453s][info][gc,metaspace   ] GC(33996) Metaspace: 62397K(62656K)->62397K(62656K) NonClass: 53358K(53504K)->53358K(53504K) Class: 9039K(9152K)->9039K(9152K)
[14715.453s][info][gc             ] GC(33996) Pause Young (Allocation Failure) 489M->412M(493M) 4.807ms
[14715.453s][info][gc,cpu         ] GC(33996) User=0.00s Sys=0.00s Real=0.00s
[14715.867s][info][gc,start       ] GC(33997) Pause Young (Allocation Failure)
[14715.871s][info][gc,heap        ] GC(33997) PSYoungGen: 82112K(83968K)->1440K(83968K) Eden: 80896K(80896K)->0K(80896K) From: 1216K(3072K)->1440K(3072K)
[14715.871s][info][gc,heap        ] GC(33997) ParOldGen: 420730K(420864K)->420906K(421376K)
[14715.871s][info][gc,metaspace   ] GC(33997) Metaspace: 62397K(62656K)->62397K(62656K) NonClass: 53358K(53504K)->53358K(53504K) Class: 9039K(9152K)->9039K(9152K)
[14715.871s][info][gc             ] GC(33997) Pause Young (Allocation Failure) 491M->412M(493M) 4.377ms
[14715.871s][info][gc,cpu         ] GC(33997) User=0.01s Sys=0.00s Real=0.00s
[14716.255s][info][gc,start       ] GC(33998) Pause Young (Allocation Failure)
[14716.259s][info][gc,heap        ] GC(33998) PSYoungGen: 82336K(83968K)->1280K(83968K) Eden: 80896K(80896K)->0K(80896K) From: 1440K(3072K)->1280K(3072K)
[14716.259s][info][gc,heap        ] GC(33998) ParOldGen: 420906K(421376K)->421082K(421376K)
[14716.259s][info][gc,metaspace   ] GC(33998) Metaspace: 62397K(62656K)->62397K(62656K) NonClass: 53358K(53504K)->53358K(53504K) Class: 9039K(9152K)->9039K(9152K)
[14716.259s][info][gc             ] GC(33998) Pause Young (Allocation Failure) 491M->412M(493M) 4.258ms
[14716.259s][info][gc,cpu         ] GC(33998) User=0.00s Sys=0.00s Real=0.01s
[14716.655s][info][gc,start       ] GC(33999) Pause Young (Allocation Failure)
[14716.659s][info][gc,heap        ] GC(33999) PSYoungGen: 82176K(83968K)->1280K(84480K) Eden: 80896K(80896K)->0K(81920K) From: 1280K(3072K)->1280K(2560K)
[14716.659s][info][gc,heap        ] GC(33999) ParOldGen: 421082K(421376K)->421250K(421376K)
[14716.659s][info][gc,metaspace   ] GC(33999) Metaspace: 62397K(62656K)->62397K(62656K) NonClass: 53358K(53504K)->53358K(53504K) Class: 9039K(9152K)->9039K(9152K)
[14716.659s][info][gc             ] GC(33999) Pause Young (Allocation Failure) 491M->412M(494M) 3.907ms
[14716.659s][info][gc,cpu         ] GC(33999) User=0.01s Sys=0.00s Real=0.01s
[14717.067s][info][gc,start       ] GC(34000) Pause Young (Allocation Failure)
[14717.072s][info][gc,heap        ] GC(34000) PSYoungGen: 83200K(84480K)->1408K(84480K) Eden: 81920K(81920K)->0K(81920K) From: 1280K(2560K)->1408K(2560K)
[14717.072s][info][gc,heap        ] GC(34000) ParOldGen: 421250K(421376K)->421418K(421888K)
[14717.072s][info][gc,metaspace   ] GC(34000) Metaspace: 62397K(62656K)->62397K(62656K) NonClass: 53358K(53504K)->53358K(53504K) Class: 9039K(9152K)->9039K(9152K)
[14717.072s][info][gc             ] GC(34000) Pause Young (Allocation Failure) 492M->412M(494M) 4.326ms
[14717.072s][info][gc,cpu         ] GC(34000) User=0.00s Sys=0.00s Real=0.00s
[14717.523s][info][gc,start       ] GC(34001) Pause Young (Allocation Failure)
[14717.526s][info][gc,heap        ] GC(34001) PSYoungGen: 83328K(84480K)->896K(84480K) Eden: 81920K(81920K)->0K(81920K) From: 1408K(2560K)->896K(2560K)
[14717.526s][info][gc,heap        ] GC(34001) ParOldGen: 421418K(421888K)->421586K(421888K)
[14717.526s][info][gc,metaspace   ] GC(34001) Metaspace: 62397K(62656K)->62397K(62656K) NonClass: 53358K(53504K)->53358K(53504K) Class: 9039K(9152K)->9039K(9152K)
[14717.526s][info][gc             ] GC(34001) Pause Young (Allocation Failure) 492M->412M(494M) 3.476ms
[14717.526s][info][gc,cpu         ] GC(34001) User=0.01s Sys=0.00s Real=0.00s
[14717.920s][info][gc,start       ] GC(34002) Pause Young (Allocation Failure)
[14717.923s][info][gc,heap        ] GC(34002) PSYoungGen: 82816K(84480K)->832K(84480K) Eden: 81920K(81920K)->0K(81920K) From: 896K(2560K)->832K(2560K)
[14717.923s][info][gc,heap        ] GC(34002) ParOldGen: 421586K(421888K)->421754K(421888K)
[14717.923s][info][gc,metaspace   ] GC(34002) Metaspace: 62397K(62656K)->62397K(62656K) NonClass: 53358K(53504K)->53358K(53504K) Class: 9039K(9152K)->9039K(9152K)
[14717.923s][info][gc             ] GC(34002) Pause Young (Allocation Failure) 492M->412M(494M) 3.461ms
[14717.923s][info][gc,cpu         ] GC(34002) User=0.01s Sys=0.00s Real=0.00s
[14718.312s][info][gc,start       ] GC(34003) Pause Young (Allocation Failure)
[14718.315s][info][gc,heap        ] GC(34003) PSYoungGen: 82752K(84480K)->768K(84480K) Eden: 81920K(81920K)->0K(81920K) From: 832K(2560K)->768K(2560K)
[14718.315s][info][gc,heap        ] GC(34003) ParOldGen: 421754K(421888K)->421930K(422400K)
[14718.315s][info][gc,metaspace   ] GC(34003) Metaspace: 62397K(62656K)->62397K(62656K) NonClass: 53358K(53504K)->53358K(53504K) Class: 9039K(9152K)->9039K(9152K)
[14718.315s][info][gc             ] GC(34003) Pause Young (Allocation Failure) 492M->412M(495M) 3.420ms
[14718.315s][info][gc,cpu         ] GC(34003) User=0.00s Sys=0.00s Real=0.00s
[14718.735s][info][gc,start       ] GC(34004) Pause Young (Allocation Failure)
[14718.738s][info][gc,heap        ] GC(34004) PSYoungGen: 82688K(84480K)->928K(84480K) Eden: 81920K(81920K)->0K(81920K) From: 768K(2560K)->928K(2560K)
[14718.738s][info][gc,heap        ] GC(34004) ParOldGen: 421930K(422400K)->422090K(422400K)
[14718.738s][info][gc,metaspace   ] GC(34004) Metaspace: 62397K(62656K)->62397K(62656K) NonClass: 53358K(53504K)->53358K(53504K) Class: 9039K(9152K)->9039K(9152K)
[14718.738s][info][gc             ] GC(34004) Pause Young (Allocation Failure) 492M->413M(495M) 3.492ms
[14718.738s][info][gc,cpu         ] GC(34004) User=0.01s Sys=0.00s Real=0.01s
[14719.174s][info][gc,start       ] GC(34005) Pause Young (Allocation Failure)
[14719.178s][info][gc,heap        ] GC(34005) PSYoungGen: 82848K(84480K)->1440K(84480K) Eden: 81920K(81920K)->0K(81920K) From: 928K(2560K)->1440K(2560K)
[14719.178s][info][gc,heap        ] GC(34005) ParOldGen: 422090K(422400K)->422258K(422400K)
[14719.178s][info][gc,metaspace   ] GC(34005) Metaspace: 62397K(62656K)->62397K(62656K) NonClass: 53358K(53504K)->53358K(53504K) Class: 9039K(9152K)->9039K(9152K)
[14719.178s][info][gc             ] GC(34005) Pause Young (Allocation Failure) 493M->413M(495M) 4.152ms
[14719.178s][info][gc,cpu         ] GC(34005) User=0.00s Sys=0.00s Real=0.01s
[14719.669s][info][gc,start       ] GC(34006) Pause Young (Allocation Failure)
[14719.673s][info][gc,heap        ] GC(34006) PSYoungGen: 83360K(84480K)->1408K(84480K) Eden: 81920K(81920K)->0K(81920K) From: 1440K(2560K)->1408K(2560K)
[14719.673s][info][gc,heap        ] GC(34006) ParOldGen: 422258K(422400K)->422426K(422912K)
[14719.673s][info][gc,metaspace   ] GC(34006) Metaspace: 62397K(62656K)->62397K(62656K) NonClass: 53358K(53504K)->53358K(53504K) Class: 9039K(9152K)->9039K(9152K)
[14719.673s][info][gc             ] GC(34006) Pause Young (Allocation Failure) 493M->413M(495M) 4.073ms
[14719.673s][info][gc,cpu         ] GC(34006) User=0.01s Sys=0.00s Real=0.00s
[14720.116s][info][gc,start       ] GC(34007) Pause Young (Allocation Failure)
[14720.119s][info][gc,heap        ] GC(34007) PSYoungGen: 83328K(84480K)->800K(84480K) Eden: 81920K(81920K)->0K(81920K) From: 1408K(2560K)->800K(2560K)
[14720.119s][info][gc,heap        ] GC(34007) ParOldGen: 422426K(422912K)->422634K(422912K)
[14720.119s][info][gc,metaspace   ] GC(34007) Metaspace: 62397K(62656K)->62397K(62656K) NonClass: 53358K(53504K)->53358K(53504K) Class: 9039K(9152K)->9039K(9152K)
[14720.119s][info][gc             ] GC(34007) Pause Young (Allocation Failure) 493M->413M(495M) 3.449ms
[14720.119s][info][gc,cpu         ] GC(34007) User=0.00s Sys=0.00s Real=0.01s
[14720.551s][info][gc,start       ] GC(34008) Pause Young (Allocation Failure)
[14720.556s][info][gc,heap        ] GC(34008) PSYoungGen: 82720K(84480K)->2528K(84480K) Eden: 81920K(81920K)->0K(81920K) From: 800K(2560K)->2528K(2560K)
[14720.556s][info][gc,heap        ] GC(34008) ParOldGen: 422634K(422912K)->423490K(423936K)
[14720.556s][info][gc,metaspace   ] GC(34008) Metaspace: 62397K(62656K)->62397K(62656K) NonClass: 53358K(53504K)->53358K(53504K) Class: 9039K(9152K)->9039K(9152K)
[14720.556s][info][gc             ] GC(34008) Pause Young (Allocation Failure) 493M->416M(496M) 4.542ms
[14720.556s][info][gc,cpu         ] GC(34008) User=0.01s Sys=0.00s Real=0.00s
[14720.969s][info][gc,start       ] GC(34009) Pause Young (Allocation Failure)
[14720.974s][info][gc,heap        ] GC(34009) PSYoungGen: 84448K(84480K)->1472K(83456K) Eden: 81920K(81920K)->0K(80896K) From: 2528K(2560K)->1472K(2560K)
[14720.974s][info][gc,heap        ] GC(34009) ParOldGen: 423490K(423936K)->425634K(427008K)
[14720.974s][info][gc,metaspace   ] GC(34009) Metaspace: 62397K(62656K)->62397K(62656K) NonClass: 53358K(53504K)->53358K(53504K) Class: 9039K(9152K)->9039K(9152K)
[14720.974s][info][gc             ] GC(34009) Pause Young (Allocation Failure) 496M->417M(498M) 5.242ms
[14720.974s][info][gc,cpu         ] GC(34009) User=0.01s Sys=0.00s Real=0.00s
[14721.426s][info][gc,start       ] GC(34010) Pause Young (Allocation Failure)
[14721.430s][info][gc,heap        ] GC(34010) PSYoungGen: 82368K(83456K)->768K(83968K) Eden: 80896K(80896K)->0K(80896K) From: 1472K(2560K)->768K(3072K)
[14721.430s][info][gc,heap        ] GC(34010) ParOldGen: 425634K(427008K)->425802K(427008K)
[14721.430s][info][gc,metaspace   ] GC(34010) Metaspace: 62397K(62656K)->62397K(62656K) NonClass: 53358K(53504K)->53358K(53504K) Class: 9039K(9152K)->9039K(9152K)
[14721.430s][info][gc             ] GC(34010) Pause Young (Allocation Failure) 496M->416M(499M) 3.412ms
[14721.430s][info][gc,cpu         ] GC(34010) User=0.01s Sys=0.00s Real=0.01s
[14721.862s][info][gc,start       ] GC(34011) Pause Young (Allocation Failure)
[14721.866s][info][gc,heap        ] GC(34011) PSYoungGen: 81664K(83968K)->1312K(83968K) Eden: 80896K(80896K)->0K(80896K) From: 768K(3072K)->1312K(3072K)
[14721.866s][info][gc,heap        ] GC(34011) ParOldGen: 425802K(427008K)->425970K(427008K)
[14721.866s][info][gc,metaspace   ] GC(34011) Metaspace: 62397K(62656K)->62397K(62656K) NonClass: 53358K(53504K)->53358K(53504K) Class: 9039K(9152K)->9039K(9152K)
[14721.866s][info][gc             ] GC(34011) Pause Young (Allocation Failure) 495M->417M(499M) 4.114ms
[14721.866s][info][gc,cpu         ] GC(34011) User=0.01s Sys=0.00s Real=0.00s
[14722.289s][info][gc,start       ] GC(34012) Pause Young (Allocation Failure)
[14722.292s][info][gc,heap        ] GC(34012) PSYoungGen: 82208K(83968K)->384K(83968K) Eden: 80896K(80896K)->0K(80896K) From: 1312K(3072K)->384K(3072K)
[14722.292s][info][gc,heap        ] GC(34012) ParOldGen: 425970K(427008K)->426138K(427008K)
[14722.292s][info][gc,metaspace   ] GC(34012) Metaspace: 62397K(62656K)->62397K(62656K) NonClass: 53358K(53504K)->53358K(53504K) Class: 9039K(9152K)->9039K(9152K)
[14722.292s][info][gc             ] GC(34012) Pause Young (Allocation Failure) 496M->416M(499M) 3.170ms
[14722.292s][info][gc,cpu         ] GC(34012) User=0.01s Sys=0.00s Real=0.00s
[14722.717s][info][gc,start       ] GC(34013) Pause Young (Allocation Failure)
[14722.721s][info][gc,heap        ] GC(34013) PSYoungGen: 81280K(83968K)->768K(84480K) Eden: 80896K(80896K)->0K(81408K) From: 384K(3072K)->768K(3072K)
[14722.721s][info][gc,heap        ] GC(34013) ParOldGen: 426138K(427008K)->426314K(427008K)
[14722.721s][info][gc,metaspace   ] GC(34013) Metaspace: 62397K(62656K)->62397K(62656K) NonClass: 53358K(53504K)->53358K(53504K) Class: 9039K(9152K)->9039K(9152K)
[14722.721s][info][gc             ] GC(34013) Pause Young (Allocation Failure) 495M->417M(499M) 3.396ms
[14722.721s][info][gc,cpu         ] GC(34013) User=0.01s Sys=0.00s Real=0.00s
[14723.145s][info][gc,start       ] GC(34014) Pause Young (Allocation Failure)
[14723.149s][info][gc,heap        ] GC(34014) PSYoungGen: 82176K(84480K)->1216K(83968K) Eden: 81408K(81408K)->0K(81408K) From: 768K(3072K)->1216K(2560K)
[14723.149s][info][gc,heap        ] GC(34014) ParOldGen: 426314K(427008K)->426482K(427008K)
[14723.149s][info][gc,metaspace   ] GC(34014) Metaspace: 62397K(62656K)->62397K(62656K) NonClass: 53358K(53504K)->53358K(53504K) Class: 9039K(9152K)->9039K(9152K)
[14723.149s][info][gc             ] GC(34014) Pause Young (Allocation Failure) 496M->417M(499M) 3.954ms
[14723.149s][info][gc,cpu         ] GC(34014) User=0.01s Sys=0.00s Real=0.01s
[14723.542s][info][gc,start       ] GC(34015) Pause Young (Allocation Failure)
[14723.545s][info][gc,heap        ] GC(34015) PSYoungGen: 82624K(83968K)->1088K(84480K) Eden: 81408K(81408K)->0K(81920K) From: 1216K(2560K)->1088K(2560K)
[14723.546s][info][gc,heap        ] GC(34015) ParOldGen: 426482K(427008K)->426650K(427008K)
[14723.546s][info][gc,metaspace   ] GC(34015) Metaspace: 62397K(62656K)->62397K(62656K) NonClass: 53358K(53504K)->53358K(53504K) Class: 9039K(9152K)->9039K(9152K)
[14723.546s][info][gc             ] GC(34015) Pause Young (Allocation Failure) 497M->417M(499M) 3.787ms
[14723.546s][info][gc,cpu         ] GC(34015) User=0.01s Sys=0.00s Real=0.00s
[14723.943s][info][gc,start       ] GC(34016) Pause Young (Allocation Failure)
[14723.946s][info][gc,heap        ] GC(34016) PSYoungGen: 83008K(84480K)->1184K(84480K) Eden: 81920K(81920K)->0K(81920K) From: 1088K(2560K)->1184K(2560K)
[14723.946s][info][gc,heap        ] GC(34016) ParOldGen: 426650K(427008K)->426826K(427008K)
[14723.946s][info][gc,metaspace   ] GC(34016) Metaspace: 62397K(62656K)->62397K(62656K) NonClass: 53358K(53504K)->53358K(53504K) Class: 9039K(9152K)->9039K(9152K)
[14723.947s][info][gc             ] GC(34016) Pause Young (Allocation Failure) 497M->417M(499M) 3.827ms
[14723.947s][info][gc,cpu         ] GC(34016) User=0.01s Sys=0.00s Real=0.01s
[14724.335s][info][gc,start       ] GC(34017) Pause Young (Allocation Failure)
[14724.338s][info][gc,heap        ] GC(34017) PSYoungGen: 83104K(84480K)->1088K(84480K) Eden: 81920K(81920K)->0K(81920K) From: 1184K(2560K)->1088K(2560K)
[14724.338s][info][gc,heap        ] GC(34017) ParOldGen: 426826K(427008K)->426986K(427008K)
[14724.338s][info][gc,metaspace   ] GC(34017) Metaspace: 62397K(62656K)->62397K(62656K) NonClass: 53358K(53504K)->53358K(53504K) Class: 9039K(9152K)->9039K(9152K)
[14724.338s][info][gc             ] GC(34017) Pause Young (Allocation Failure) 497M->418M(499M) 3.700ms
[14724.338s][info][gc,cpu         ] GC(34017) User=0.01s Sys=0.00s Real=0.01s
[14724.727s][info][gc,start       ] GC(34018) Pause Young (Allocation Failure)
[14724.730s][info][gc,heap        ] GC(34018) PSYoungGen: 83008K(84480K)->992K(84480K) Eden: 81920K(81920K)->0K(81920K) From: 1088K(2560K)->992K(2560K)
[14724.730s][info][gc,heap        ] GC(34018) ParOldGen: 426986K(427008K)->427154K(427520K)
[14724.730s][info][gc,metaspace   ] GC(34018) Metaspace: 62397K(62656K)->62397K(62656K) NonClass: 53358K(53504K)->53358K(53504K) Class: 9039K(9152K)->9039K(9152K)
[14724.730s][info][gc             ] GC(34018) Pause Young (Allocation Failure) 498M->418M(500M) 3.617ms
[14724.730s][info][gc,cpu         ] GC(34018) User=0.00s Sys=0.00s Real=0.00s
[14725.124s][info][gc,start       ] GC(34019) Pause Young (Allocation Failure)
[14725.128s][info][gc,heap        ] GC(34019) PSYoungGen: 82912K(84480K)->896K(84992K) Eden: 81920K(81920K)->0K(82944K) From: 992K(2560K)->896K(2048K)
[14725.128s][info][gc,heap        ] GC(34019) ParOldGen: 427154K(427520K)->427322K(427520K)
[14725.128s][info][gc,metaspace   ] GC(34019) Metaspace: 62397K(62656K)->62397K(62656K) NonClass: 53358K(53504K)->53358K(53504K) Class: 9039K(9152K)->9039K(9152K)
[14725.128s][info][gc             ] GC(34019) Pause Young (Allocation Failure) 498M->418M(500M) 3.430ms
[14725.128s][info][gc,cpu         ] GC(34019) User=0.01s Sys=0.00s Real=0.01s
[14725.537s][info][gc,start       ] GC(34020) Pause Young (Allocation Failure)
[14725.541s][info][gc,heap        ] GC(34020) PSYoungGen: 83840K(84992K)->1120K(84992K) Eden: 82944K(82944K)->0K(82944K) From: 896K(2048K)->1120K(2048K)
[14725.541s][info][gc,heap        ] GC(34020) ParOldGen: 427322K(427520K)->427474K(427520K)
[14725.541s][info][gc,metaspace   ] GC(34020) Metaspace: 62397K(62656K)->62397K(62656K) NonClass: 53358K(53504K)->53358K(53504K) Class: 9039K(9152K)->9039K(9152K)
[14725.541s][info][gc             ] GC(34020) Pause Young (Allocation Failure) 499M->418M(500M) 3.689ms
[14725.541s][info][gc,cpu         ] GC(34020) User=0.00s Sys=0.00s Real=0.00s
[14725.953s][info][gc,start       ] GC(34021) Pause Young (Allocation Failure)
[14725.957s][info][gc,heap        ] GC(34021) PSYoungGen: 84064K(84992K)->2016K(82944K) Eden: 82944K(82944K)->0K(80896K) From: 1120K(2048K)->2016K(2048K)
[14725.957s][info][gc,heap        ] GC(34021) ParOldGen: 427474K(427520K)->428834K(429056K)
[14725.957s][info][gc,metaspace   ] GC(34021) Metaspace: 62397K(62656K)->62397K(62656K) NonClass: 53358K(53504K)->53358K(53504K) Class: 9039K(9152K)->9039K(9152K)
[14725.957s][info][gc             ] GC(34021) Pause Young (Allocation Failure) 499M->420M(500M) 4.414ms
[14725.957s][info][gc,cpu         ] GC(34021) User=0.01s Sys=0.00s Real=0.01s
[14726.387s][info][gc,start       ] GC(34022) Pause Young (Allocation Failure)
[14726.391s][info][gc,heap        ] GC(34022) PSYoungGen: 82912K(82944K)->352K(83968K) Eden: 80896K(80896K)->0K(80896K) From: 2016K(2048K)->352K(3072K)
[14726.391s][info][gc,heap        ] GC(34022) ParOldGen: 428834K(429056K)->430978K(432128K)
[14726.391s][info][gc,metaspace   ] GC(34022) Metaspace: 62397K(62656K)->62397K(62656K) NonClass: 53358K(53504K)->53358K(53504K) Class: 9039K(9152K)->9039K(9152K)
[14726.391s][info][gc             ] GC(34022) Pause Young (Allocation Failure) 499M->421M(504M) 3.841ms
[14726.391s][info][gc,cpu         ] GC(34022) User=0.01s Sys=0.00s Real=0.00s
[14726.825s][info][gc,start       ] GC(34023) Pause Young (Allocation Failure)
[14726.829s][info][gc,heap        ] GC(34023) PSYoungGen: 81248K(83968K)->864K(83968K) Eden: 80896K(80896K)->0K(80896K) From: 352K(3072K)->864K(3072K)
[14726.829s][info][gc,heap        ] GC(34023) ParOldGen: 430978K(432128K)->431138K(432128K)
[14726.829s][info][gc,metaspace   ] GC(34023) Metaspace: 62397K(62656K)->62397K(62656K) NonClass: 53358K(53504K)->53358K(53504K) Class: 9039K(9152K)->9039K(9152K)
[14726.829s][info][gc             ] GC(34023) Pause Young (Allocation Failure) 500M->421M(504M) 3.516ms
[14726.829s][info][gc,cpu         ] GC(34023) User=0.01s Sys=0.00s Real=0.01s
[14727.262s][info][gc,start       ] GC(34024) Pause Young (Allocation Failure)
[14727.266s][info][gc,heap        ] GC(34024) PSYoungGen: 81760K(83968K)->1312K(83968K) Eden: 80896K(80896K)->0K(80896K) From: 864K(3072K)->1312K(3072K)
[14727.266s][info][gc,heap        ] GC(34024) ParOldGen: 431138K(432128K)->431298K(432128K)
[14727.266s][info][gc,metaspace   ] GC(34024) Metaspace: 62397K(62656K)->62397K(62656K) NonClass: 53358K(53504K)->53358K(53504K) Class: 9039K(9152K)->9039K(9152K)
[14727.266s][info][gc             ] GC(34024) Pause Young (Allocation Failure) 500M->422M(504M) 3.926ms
[14727.266s][info][gc,cpu         ] GC(34024) User=0.01s Sys=0.00s Real=0.00s
[14727.697s][info][gc,start       ] GC(34025) Pause Young (Allocation Failure)
[14727.700s][info][gc,heap        ] GC(34025) PSYoungGen: 82208K(83968K)->512K(84480K) Eden: 80896K(80896K)->0K(81920K) From: 1312K(3072K)->512K(2560K)
[14727.700s][info][gc,heap        ] GC(34025) ParOldGen: 431298K(432128K)->431466K(432128K)
[14727.700s][info][gc,metaspace   ] GC(34025) Metaspace: 62397K(62656K)->62397K(62656K) NonClass: 53358K(53504K)->53358K(53504K) Class: 9039K(9152K)->9039K(9152K)
[14727.700s][info][gc             ] GC(34025) Pause Young (Allocation Failure) 501M->421M(504M) 3.233ms
[14727.700s][info][gc,cpu         ] GC(34025) User=0.01s Sys=0.00s Real=0.00s
[14728.139s][info][gc,start       ] GC(34026) Pause Young (Allocation Failure)
[14728.143s][info][gc,heap        ] GC(34026) PSYoungGen: 82432K(84480K)->1056K(84480K) Eden: 81920K(81920K)->0K(81920K) From: 512K(2560K)->1056K(2560K)
[14728.143s][info][gc,heap        ] GC(34026) ParOldGen: 431466K(432128K)->431626K(432128K)
[14728.143s][info][gc,metaspace   ] GC(34026) Metaspace: 62397K(62656K)->62397K(62656K) NonClass: 53358K(53504K)->53358K(53504K) Class: 9039K(9152K)->9039K(9152K)
[14728.143s][info][gc             ] GC(34026) Pause Young (Allocation Failure) 501M->422M(504M) 3.650ms
[14728.143s][info][gc,cpu         ] GC(34026) User=0.01s Sys=0.00s Real=0.00s
[14728.632s][info][gc,start       ] GC(34027) Pause Young (Allocation Failure)
[14728.635s][info][gc,heap        ] GC(34027) PSYoungGen: 82976K(84480K)->944K(84480K) Eden: 81920K(81920K)->0K(81920K) From: 1056K(2560K)->944K(2560K)
[14728.635s][info][gc,heap        ] GC(34027) ParOldGen: 431626K(432128K)->431786K(432128K)
[14728.635s][info][gc,metaspace   ] GC(34027) Metaspace: 62397K(62656K)->62397K(62656K) NonClass: 53358K(53504K)->53358K(53504K) Class: 9039K(9152K)->9039K(9152K)
[14728.635s][info][gc             ] GC(34027) Pause Young (Allocation Failure) 502M->422M(504M) 3.554ms
[14728.635s][info][gc,cpu         ] GC(34027) User=0.01s Sys=0.00s Real=0.00s
[14729.072s][info][gc,start       ] GC(34028) Pause Young (Allocation Failure)
[14729.076s][info][gc,heap        ] GC(34028) PSYoungGen: 82864K(84480K)->1408K(84480K) Eden: 81920K(81920K)->0K(81920K) From: 944K(2560K)->1408K(2560K)
[14729.076s][info][gc,heap        ] GC(34028) ParOldGen: 431786K(432128K)->432002K(432128K)
[14729.076s][info][gc,metaspace   ] GC(34028) Metaspace: 62397K(62656K)->62397K(62656K) NonClass: 53358K(53504K)->53358K(53504K) Class: 9039K(9152K)->9039K(9152K)
[14729.076s][info][gc             ] GC(34028) Pause Young (Allocation Failure) 502M->423M(504M) 4.180ms
[14729.076s][info][gc,cpu         ] GC(34028) User=0.01s Sys=0.00s Real=0.01s
[14729.499s][info][gc,start       ] GC(34029) Pause Young (Allocation Failure)
[14729.502s][info][gc,heap        ] GC(34029) PSYoungGen: 83328K(84480K)->512K(84480K) Eden: 81920K(81920K)->0K(81920K) From: 1408K(2560K)->512K(2560K)
[14729.502s][info][gc,heap        ] GC(34029) ParOldGen: 432002K(432128K)->432170K(432640K)
[14729.502s][info][gc,metaspace   ] GC(34029) Metaspace: 62397K(62656K)->62397K(62656K) NonClass: 53358K(53504K)->53358K(53504K) Class: 9039K(9152K)->9039K(9152K)
[14729.502s][info][gc             ] GC(34029) Pause Young (Allocation Failure) 503M->422M(505M) 3.195ms
[14729.502s][info][gc,cpu         ] GC(34029) User=0.00s Sys=0.00s Real=0.00s
[14729.936s][info][gc,start       ] GC(34030) Pause Young (Allocation Failure)
[14729.939s][info][gc,heap        ] GC(34030) PSYoungGen: 82432K(84480K)->960K(84480K) Eden: 81920K(81920K)->0K(81920K) From: 512K(2560K)->960K(2560K)
[14729.940s][info][gc,heap        ] GC(34030) ParOldGen: 432170K(432640K)->432322K(432640K)
[14729.940s][info][gc,metaspace   ] GC(34030) Metaspace: 62397K(62656K)->62397K(62656K) NonClass: 53358K(53504K)->53358K(53504K) Class: 9039K(9152K)->9039K(9152K)
[14729.940s][info][gc             ] GC(34030) Pause Young (Allocation Failure) 502M->423M(505M) 3.554ms
[14729.940s][info][gc,cpu         ] GC(34030) User=0.01s Sys=0.00s Real=0.01s
[14730.373s][info][gc,start       ] GC(34031) Pause Young (Allocation Failure)
[14730.377s][info][gc,heap        ] GC(34031) PSYoungGen: 82880K(84480K)->1408K(84480K) Eden: 81920K(81920K)->0K(81920K) From: 960K(2560K)->1408K(2560K)
[14730.377s][info][gc,heap        ] GC(34031) ParOldGen: 432322K(432640K)->432474K(432640K)
[14730.377s][info][gc,metaspace   ] GC(34031) Metaspace: 62397K(62656K)->62397K(62656K) NonClass: 53358K(53504K)->53358K(53504K) Class: 9039K(9152K)->9039K(9152K)
[14730.377s][info][gc             ] GC(34031) Pause Young (Allocation Failure) 503M->423M(505M) 4.045ms
[14730.377s][info][gc,cpu         ] GC(34031) User=0.01s Sys=0.00s Real=0.01s
[14730.786s][info][gc,start       ] GC(34032) Pause Young (Allocation Failure)
[14730.788s][info][gc,heap        ] GC(34032) PSYoungGen: 83328K(84480K)->352K(84480K) Eden: 81920K(81920K)->0K(81920K) From: 1408K(2560K)->352K(2560K)
[14730.788s][info][gc,heap        ] GC(34032) ParOldGen: 432474K(432640K)->432634K(432640K)
[14730.788s][info][gc,metaspace   ] GC(34032) Metaspace: 62397K(62656K)->62397K(62656K) NonClass: 53358K(53504K)->53358K(53504K) Class: 9039K(9152K)->9039K(9152K)
[14730.789s][info][gc             ] GC(34032) Pause Young (Allocation Failure) 503M->422M(505M) 2.930ms
[14730.789s][info][gc,cpu         ] GC(34032) User=0.01s Sys=0.00s Real=0.01s
[14731.171s][info][gc,start       ] GC(34033) Pause Young (Allocation Failure)
[14731.175s][info][gc,heap        ] GC(34033) PSYoungGen: 82272K(84480K)->1600K(84480K) Eden: 81920K(81920K)->0K(81920K) From: 352K(2560K)->1600K(2560K)
[14731.175s][info][gc,heap        ] GC(34033) ParOldGen: 432634K(432640K)->432786K(433152K)
[14731.175s][info][gc,metaspace   ] GC(34033) Metaspace: 62397K(62656K)->62397K(62656K) NonClass: 53358K(53504K)->53358K(53504K) Class: 9039K(9152K)->9039K(9152K)
[14731.175s][info][gc             ] GC(34033) Pause Young (Allocation Failure) 502M->424M(505M) 4.279ms
[14731.175s][info][gc,cpu         ] GC(34033) User=0.01s Sys=0.00s Real=0.00s
[14731.581s][info][gc,start       ] GC(34034) Pause Young (Allocation Failure)
[14731.585s][info][gc,heap        ] GC(34034) PSYoungGen: 83520K(84480K)->2336K(84480K) Eden: 81920K(81920K)->0K(81920K) From: 1600K(2560K)->2336K(2560K)
[14731.585s][info][gc,heap        ] GC(34034) ParOldGen: 432786K(433152K)->433970K(434688K)
[14731.585s][info][gc,metaspace   ] GC(34034) Metaspace: 62397K(62656K)->62397K(62656K) NonClass: 53358K(53504K)->53358K(53504K) Class: 9039K(9152K)->9039K(9152K)
[14731.585s][info][gc             ] GC(34034) Pause Young (Allocation Failure) 504M->426M(507M) 3.999ms
[14731.585s][info][gc,cpu         ] GC(34034) User=0.01s Sys=0.00s Real=0.00s
[14732.030s][info][gc,start       ] GC(34035) Pause Young (Allocation Failure)
[14732.034s][info][gc,heap        ] GC(34035) PSYoungGen: 84256K(84480K)->896K(84480K) Eden: 81920K(81920K)->0K(81920K) From: 2336K(2560K)->896K(2560K)
[14732.034s][info][gc,heap        ] GC(34035) ParOldGen: 433970K(434688K)->436170K(436224K)
[14732.034s][info][gc,metaspace   ] GC(34035) Metaspace: 62397K(62656K)->62397K(62656K) NonClass: 53358K(53504K)->53358K(53504K) Class: 9039K(9152K)->9039K(9152K)
[14732.035s][info][gc             ] GC(34035) Pause Young (Allocation Failure) 506M->426M(508M) 4.705ms
[14732.035s][info][gc,cpu         ] GC(34035) User=0.01s Sys=0.00s Real=0.00s
[14732.475s][info][gc,start       ] GC(34036) Pause Young (Allocation Failure)
[14732.480s][info][gc,heap        ] GC(34036) PSYoungGen: 82816K(84480K)->1440K(84480K) Eden: 81920K(81920K)->0K(81920K) From: 896K(2560K)->1440K(2560K)
[14732.480s][info][gc,heap        ] GC(34036) ParOldGen: 436170K(436224K)->436338K(436736K)
[14732.480s][info][gc,metaspace   ] GC(34036) Metaspace: 62397K(62656K)->62397K(62656K) NonClass: 53358K(53504K)->53358K(53504K) Class: 9039K(9152K)->9039K(9152K)
[14732.480s][info][gc             ] GC(34036) Pause Young (Allocation Failure) 506M->427M(509M) 4.172ms
[14732.480s][info][gc,cpu         ] GC(34036) User=0.00s Sys=0.00s Real=0.01s
[14732.911s][info][gc,start       ] GC(34037) Pause Young (Allocation Failure)
[14732.914s][info][gc,heap        ] GC(34037) PSYoungGen: 83360K(84480K)->704K(84480K) Eden: 81920K(81920K)->0K(81920K) From: 1440K(2560K)->704K(2560K)
[14732.914s][info][gc,heap        ] GC(34037) ParOldGen: 436338K(436736K)->436498K(436736K)
[14732.914s][info][gc,metaspace   ] GC(34037) Metaspace: 62397K(62656K)->62397K(62656K) NonClass: 53358K(53504K)->53358K(53504K) Class: 9039K(9152K)->9039K(9152K)
[14732.914s][info][gc             ] GC(34037) Pause Young (Allocation Failure) 507M->426M(509M) 3.403ms
[14732.914s][info][gc,cpu         ] GC(34037) User=0.01s Sys=0.00s Real=0.00s
[14733.350s][info][gc,start       ] GC(34038) Pause Young (Allocation Failure)
[14733.353s][info][gc,heap        ] GC(34038) PSYoungGen: 82624K(84480K)->1088K(84480K) Eden: 81920K(81920K)->0K(81920K) From: 704K(2560K)->1088K(2560K)
[14733.353s][info][gc,heap        ] GC(34038) ParOldGen: 436498K(436736K)->436666K(436736K)
[14733.353s][info][gc,metaspace   ] GC(34038) Metaspace: 62397K(62656K)->62397K(62656K) NonClass: 53358K(53504K)->53358K(53504K) Class: 9039K(9152K)->9039K(9152K)
[14733.353s][info][gc             ] GC(34038) Pause Young (Allocation Failure) 506M->427M(509M) 3.755ms
[14733.353s][info][gc,cpu         ] GC(34038) User=0.00s Sys=0.00s Real=0.00s
[14733.759s][info][gc,start       ] GC(34039) Pause Young (Allocation Failure)
[14733.763s][info][gc,heap        ] GC(34039) PSYoungGen: 83008K(84480K)->1376K(84480K) Eden: 81920K(81920K)->0K(81920K) From: 1088K(2560K)->1376K(2560K)
[14733.763s][info][gc,heap        ] GC(34039) ParOldGen: 436666K(436736K)->436826K(437248K)
[14733.763s][info][gc,metaspace   ] GC(34039) Metaspace: 62397K(62656K)->62397K(62656K) NonClass: 53358K(53504K)->53358K(53504K) Class: 9039K(9152K)->9039K(9152K)
[14733.763s][info][gc             ] GC(34039) Pause Young (Allocation Failure) 507M->427M(509M) 4.008ms
[14733.763s][info][gc,cpu         ] GC(34039) User=0.00s Sys=0.00s Real=0.00s
[14734.218s][info][gc,start       ] GC(34040) Pause Young (Allocation Failure)
[14734.221s][info][gc,heap        ] GC(34040) PSYoungGen: 83296K(84480K)->736K(84480K) Eden: 81920K(81920K)->0K(81920K) From: 1376K(2560K)->736K(2560K)
[14734.221s][info][gc,heap        ] GC(34040) ParOldGen: 436826K(437248K)->436978K(437248K)
[14734.221s][info][gc,metaspace   ] GC(34040) Metaspace: 62397K(62656K)->62397K(62656K) NonClass: 53358K(53504K)->53358K(53504K) Class: 9039K(9152K)->9039K(9152K)
[14734.221s][info][gc             ] GC(34040) Pause Young (Allocation Failure) 507M->427M(509M) 3.342ms
[14734.221s][info][gc,cpu         ] GC(34040) User=0.00s Sys=0.00s Real=0.00s
[14734.674s][info][gc,start       ] GC(34041) Pause Young (Allocation Failure)
[14734.678s][info][gc,heap        ] GC(34041) PSYoungGen: 82656K(84480K)->1440K(84480K) Eden: 81920K(81920K)->0K(81920K) From: 736K(2560K)->1440K(2560K)
[14734.678s][info][gc,heap        ] GC(34041) ParOldGen: 436978K(437248K)->437138K(437248K)
[14734.678s][info][gc,metaspace   ] GC(34041) Metaspace: 62397K(62656K)->62397K(62656K) NonClass: 53358K(53504K)->53358K(53504K) Class: 9039K(9152K)->9039K(9152K)
[14734.678s][info][gc             ] GC(34041) Pause Young (Allocation Failure) 507M->428M(509M) 4.108ms
[14734.678s][info][gc,cpu         ] GC(34041) User=0.01s Sys=0.01s Real=0.01s
[14735.135s][info][gc,start       ] GC(34042) Pause Young (Allocation Failure)
[14735.138s][info][gc,heap        ] GC(34042) PSYoungGen: 83360K(84480K)->928K(84480K) Eden: 81920K(81920K)->0K(81920K) From: 1440K(2560K)->928K(2560K)
[14735.138s][info][gc,heap        ] GC(34042) ParOldGen: 437138K(437248K)->437306K(437760K)
[14735.138s][info][gc,metaspace   ] GC(34042) Metaspace: 62397K(62656K)->62397K(62656K) NonClass: 53358K(53504K)->53358K(53504K) Class: 9039K(9152K)->9039K(9152K)
[14735.138s][info][gc             ] GC(34042) Pause Young (Allocation Failure) 508M->427M(510M) 3.739ms
[14735.139s][info][gc,cpu         ] GC(34042) User=0.00s Sys=0.00s Real=0.01s
[14735.588s][info][gc,start       ] GC(34043) Pause Young (Allocation Failure)
[14735.591s][info][gc,heap        ] GC(34043) PSYoungGen: 82848K(84480K)->352K(84480K) Eden: 81920K(81920K)->0K(81920K) From: 928K(2560K)->352K(2560K)
[14735.591s][info][gc,heap        ] GC(34043) ParOldGen: 437306K(437760K)->437466K(437760K)
[14735.591s][info][gc,metaspace   ] GC(34043) Metaspace: 62397K(62656K)->62397K(62656K) NonClass: 53358K(53504K)->53358K(53504K) Class: 9039K(9152K)->9039K(9152K)
[14735.591s][info][gc             ] GC(34043) Pause Young (Allocation Failure) 507M->427M(510M) 3.092ms
[14735.591s][info][gc,cpu         ] GC(34043) User=0.01s Sys=0.00s Real=0.00s
[14735.990s][info][gc,start       ] GC(34044) Pause Young (Allocation Failure)
[14735.993s][info][gc,heap        ] GC(34044) PSYoungGen: 82271K(84480K)->384K(84480K) Eden: 81919K(81920K)->0K(81920K) From: 352K(2560K)->384K(2560K)
[14735.993s][info][gc,heap        ] GC(34044) ParOldGen: 437466K(437760K)->437626K(437760K)
[14735.993s][info][gc,metaspace   ] GC(34044) Metaspace: 62397K(62656K)->62397K(62656K) NonClass: 53358K(53504K)->53358K(53504K) Class: 9039K(9152K)->9039K(9152K)
[14735.993s][info][gc             ] GC(34044) Pause Young (Allocation Failure) 507M->427M(510M) 3.037ms
[14735.993s][info][gc,cpu         ] GC(34044) User=0.01s Sys=0.00s Real=0.00s
[14736.432s][info][gc,start       ] GC(34045) Pause Young (Allocation Failure)
[14736.435s][info][gc,heap        ] GC(34045) PSYoungGen: 82304K(84480K)->960K(84480K) Eden: 81920K(81920K)->0K(81920K) From: 384K(2560K)->960K(2560K)
[14736.435s][info][gc,heap        ] GC(34045) ParOldGen: 437626K(437760K)->437786K(438272K)
[14736.435s][info][gc,metaspace   ] GC(34045) Metaspace: 62397K(62656K)->62397K(62656K) NonClass: 53358K(53504K)->53358K(53504K) Class: 9039K(9152K)->9039K(9152K)
[14736.435s][info][gc             ] GC(34045) Pause Young (Allocation Failure) 507M->428M(510M) 3.613ms
[14736.435s][info][gc,cpu         ] GC(34045) User=0.01s Sys=0.00s Real=0.00s
[14736.870s][info][gc,start       ] GC(34046) Pause Young (Allocation Failure)
[14736.874s][info][gc,heap        ] GC(34046) PSYoungGen: 82880K(84480K)->1344K(84480K) Eden: 81920K(81920K)->0K(81920K) From: 960K(2560K)->1344K(2560K)
[14736.874s][info][gc,heap        ] GC(34046) ParOldGen: 437786K(438272K)->437946K(438272K)
[14736.874s][info][gc,metaspace   ] GC(34046) Metaspace: 62397K(62656K)->62397K(62656K) NonClass: 53358K(53504K)->53358K(53504K) Class: 9039K(9152K)->9039K(9152K)
[14736.874s][info][gc             ] GC(34046) Pause Young (Allocation Failure) 508M->428M(510M) 4.089ms
[14736.874s][info][gc,cpu         ] GC(34046) User=0.00s Sys=0.00s Real=0.00s
[14737.375s][info][gc,start       ] GC(34047) Pause Young (Allocation Failure)
[14737.379s][info][gc,heap        ] GC(34047) PSYoungGen: 83264K(84480K)->1456K(84480K) Eden: 81920K(81920K)->0K(81920K) From: 1344K(2560K)->1456K(2560K)
[14737.379s][info][gc,heap        ] GC(34047) ParOldGen: 437946K(438272K)->438098K(438272K)
[14737.379s][info][gc,metaspace   ] GC(34047) Metaspace: 62397K(62656K)->62397K(62656K) NonClass: 53358K(53504K)->53358K(53504K) Class: 9039K(9152K)->9039K(9152K)
[14737.379s][info][gc             ] GC(34047) Pause Young (Allocation Failure) 508M->429M(510M) 4.294ms
[14737.379s][info][gc,cpu         ] GC(34047) User=0.01s Sys=0.00s Real=0.01s
[14737.818s][info][gc,start       ] GC(34048) Pause Young (Allocation Failure)
[14737.822s][info][gc,heap        ] GC(34048) PSYoungGen: 83376K(84480K)->960K(84480K) Eden: 81920K(81920K)->0K(81920K) From: 1456K(2560K)->960K(2560K)
[14737.822s][info][gc,heap        ] GC(34048) ParOldGen: 438098K(438272K)->438306K(438784K)
[14737.822s][info][gc,metaspace   ] GC(34048) Metaspace: 62397K(62656K)->62397K(62656K) NonClass: 53358K(53504K)->53358K(53504K) Class: 9039K(9152K)->9039K(9152K)
[14737.822s][info][gc             ] GC(34048) Pause Young (Allocation Failure) 509M->428M(511M) 3.696ms
[14737.822s][info][gc,cpu         ] GC(34048) User=0.00s Sys=0.00s Real=0.00s
[14738.232s][info][gc,start       ] GC(34049) Pause Young (Allocation Failure)
[14738.236s][info][gc,heap        ] GC(34049) PSYoungGen: 82880K(84480K)->960K(84992K) Eden: 81920K(81920K)->0K(82432K) From: 960K(2560K)->960K(2560K)
[14738.236s][info][gc,heap        ] GC(34049) ParOldGen: 438306K(438784K)->438674K(438784K)
[14738.236s][info][gc,metaspace   ] GC(34049) Metaspace: 62397K(62656K)->62397K(62656K) NonClass: 53358K(53504K)->53358K(53504K) Class: 9039K(9152K)->9039K(9152K)
[14738.236s][info][gc             ] GC(34049) Pause Young (Allocation Failure) 508M->429M(511M) 3.918ms
[14738.236s][info][gc,cpu         ] GC(34049) User=0.01s Sys=0.00s Real=0.00s
[14738.653s][info][gc,start       ] GC(34050) Pause Young (Allocation Failure)
[14738.657s][info][gc,heap        ] GC(34050) PSYoungGen: 83392K(84992K)->1216K(84480K) Eden: 82432K(82432K)->0K(82432K) From: 960K(2560K)->1216K(2048K)
[14738.657s][info][gc,heap        ] GC(34050) ParOldGen: 438674K(438784K)->438834K(439296K)
[14738.657s][info][gc,metaspace   ] GC(34050) Metaspace: 62397K(62656K)->62397K(62656K) NonClass: 53358K(53504K)->53358K(53504K) Class: 9039K(9152K)->9039K(9152K)
[14738.657s][info][gc             ] GC(34050) Pause Young (Allocation Failure) 509M->429M(511M) 3.966ms
[14738.657s][info][gc,cpu         ] GC(34050) User=0.01s Sys=0.00s Real=0.01s
[14739.065s][info][gc,start       ] GC(34051) Pause Young (Allocation Failure)
[14739.069s][info][gc,heap        ] GC(34051) PSYoungGen: 83648K(84480K)->1440K(84992K) Eden: 82432K(82432K)->0K(82944K) From: 1216K(2048K)->1440K(2048K)
[14739.069s][info][gc,heap        ] GC(34051) ParOldGen: 438834K(439296K)->438986K(439296K)
[14739.069s][info][gc,metaspace   ] GC(34051) Metaspace: 62397K(62656K)->62397K(62656K) NonClass: 53358K(53504K)->53358K(53504K) Class: 9039K(9152K)->9039K(9152K)
[14739.069s][info][gc             ] GC(34051) Pause Young (Allocation Failure) 510M->430M(512M) 4.078ms
[14739.069s][info][gc,cpu         ] GC(34051) User=0.01s Sys=0.00s Real=0.01s
[14739.470s][info][gc,start       ] GC(34052) Pause Young (Allocation Failure)
[14739.475s][info][gc,heap        ] GC(34052) PSYoungGen: 84384K(84992K)->1568K(84992K) Eden: 82944K(82944K)->0K(82944K) From: 1440K(2048K)->1568K(2048K)
[14739.475s][info][gc,heap        ] GC(34052) ParOldGen: 438986K(439296K)->439146K(439296K)
[14739.475s][info][gc,metaspace   ] GC(34052) Metaspace: 62397K(62656K)->62397K(62656K) NonClass: 53358K(53504K)->53358K(53504K) Class: 9039K(9152K)->9039K(9152K)
[14739.475s][info][gc             ] GC(34052) Pause Young (Allocation Failure) 511M->430M(512M) 4.282ms
[14739.475s][info][gc,cpu         ] GC(34052) User=0.01s Sys=0.00s Real=0.00s
[14739.886s][info][gc,start       ] GC(34053) Pause Young (Allocation Failure)
[14739.889s][info][gc,heap        ] GC(34053) PSYoungGen: 84512K(84992K)->352K(83968K) Eden: 82944K(82944K)->0K(81920K) From: 1568K(2048K)->352K(2048K)
[14739.889s][info][gc,heap        ] GC(34053) ParOldGen: 439146K(439296K)->439298K(439808K)
[14739.889s][info][gc,metaspace   ] GC(34053) Metaspace: 62397K(62656K)->62397K(62656K) NonClass: 53358K(53504K)->53358K(53504K) Class: 9039K(9152K)->9039K(9152K)
[14739.889s][info][gc             ] GC(34053) Pause Young (Allocation Failure) 511M->429M(511M) 3.042ms
[14739.889s][info][gc,cpu         ] GC(34053) User=0.00s Sys=0.00s Real=0.01s
[14740.294s][info][gc,start       ] GC(34054) Pause Young (Allocation Failure)
[14740.297s][info][gc,heap        ] GC(34054) PSYoungGen: 82272K(83968K)->480K(84480K) Eden: 81920K(81920K)->0K(81920K) From: 352K(2048K)->480K(2560K)
[14740.298s][info][gc,heap        ] GC(34054) ParOldGen: 439298K(439808K)->439450K(439808K)
[14740.298s][info][gc,metaspace   ] GC(34054) Metaspace: 62397K(62656K)->62397K(62656K) NonClass: 53358K(53504K)->53358K(53504K) Class: 9039K(9152K)->9039K(9152K)
[14740.298s][info][gc             ] GC(34054) Pause Young (Allocation Failure) 509M->429M(512M) 3.078ms
[14740.298s][info][gc,cpu         ] GC(34054) User=0.00s Sys=0.00s Real=0.01s
[14740.705s][info][gc,start       ] GC(34055) Pause Young (Allocation Failure)
[14740.709s][info][gc,heap        ] GC(34055) PSYoungGen: 82400K(84480K)->640K(84480K) Eden: 81920K(81920K)->0K(81920K) From: 480K(2560K)->640K(2560K)
[14740.709s][info][gc,heap        ] GC(34055) ParOldGen: 439450K(439808K)->439618K(439808K)
[14740.709s][info][gc,metaspace   ] GC(34055) Metaspace: 62397K(62656K)->62397K(62656K) NonClass: 53358K(53504K)->53358K(53504K) Class: 9039K(9152K)->9039K(9152K)
[14740.709s][info][gc             ] GC(34055) Pause Young (Allocation Failure) 509M->429M(512M) 3.373ms
[14740.709s][info][gc,cpu         ] GC(34055) User=0.01s Sys=0.01s Real=0.01s
[14741.100s][info][gc,start       ] GC(34056) Pause Young (Allocation Failure)
[14741.103s][info][gc,heap        ] GC(34056) PSYoungGen: 82560K(84480K)->608K(84480K) Eden: 81920K(81920K)->0K(81920K) From: 640K(2560K)->608K(2560K)
[14741.103s][info][gc,heap        ] GC(34056) ParOldGen: 439618K(439808K)->439770K(439808K)
[14741.103s][info][gc,metaspace   ] GC(34056) Metaspace: 62397K(62656K)->62397K(62656K) NonClass: 53358K(53504K)->53358K(53504K) Class: 9039K(9152K)->9039K(9152K)
[14741.103s][info][gc             ] GC(34056) Pause Young (Allocation Failure) 509M->430M(512M) 3.164ms
[14741.103s][info][gc,cpu         ] GC(34056) User=0.01s Sys=0.00s Real=0.00s
[14741.553s][info][gc,start       ] GC(34057) Pause Young (Allocation Failure)
[14741.557s][info][gc,heap        ] GC(34057) PSYoungGen: 82528K(84480K)->1152K(84992K) Eden: 81920K(81920K)->0K(82944K) From: 608K(2560K)->1152K(2048K)
[14741.557s][info][gc,heap        ] GC(34057) ParOldGen: 439770K(439808K)->439930K(440320K)
[14741.557s][info][gc,metaspace   ] GC(34057) Metaspace: 62397K(62656K)->62397K(62656K) NonClass: 53358K(53504K)->53358K(53504K) Class: 9039K(9152K)->9039K(9152K)
[14741.557s][info][gc             ] GC(34057) Pause Young (Allocation Failure) 510M->430M(513M) 3.819ms
[14741.557s][info][gc,cpu         ] GC(34057) User=0.00s Sys=0.00s Real=0.01s
[14741.956s][info][gc,start       ] GC(34058) Pause Young (Allocation Failure)
[14741.960s][info][gc,heap        ] GC(34058) PSYoungGen: 84096K(84992K)->1280K(84992K) Eden: 82944K(82944K)->0K(82944K) From: 1152K(2048K)->1280K(2048K)
[14741.960s][info][gc,heap        ] GC(34058) ParOldGen: 439930K(440320K)->440082K(440320K)
[14741.960s][info][gc,metaspace   ] GC(34058) Metaspace: 62397K(62656K)->62397K(62656K) NonClass: 53358K(53504K)->53358K(53504K) Class: 9039K(9152K)->9039K(9152K)
[14741.960s][info][gc             ] GC(34058) Pause Young (Allocation Failure) 511M->431M(513M) 3.998ms
[14741.960s][info][gc,cpu         ] GC(34058) User=0.01s Sys=0.00s Real=0.01s
[14742.371s][info][gc,start       ] GC(34059) Pause Young (Allocation Failure)
[14742.375s][info][gc,heap        ] GC(34059) PSYoungGen: 84224K(84992K)->1504K(83968K) Eden: 82944K(82944K)->0K(81920K) From: 1280K(2048K)->1504K(2048K)
[14742.375s][info][gc,heap        ] GC(34059) ParOldGen: 440082K(440320K)->440226K(440320K)
[14742.375s][info][gc,metaspace   ] GC(34059) Metaspace: 62397K(62656K)->62397K(62656K) NonClass: 53358K(53504K)->53358K(53504K) Class: 9039K(9152K)->9039K(9152K)
[14742.375s][info][gc             ] GC(34059) Pause Young (Allocation Failure) 512M->431M(512M) 4.100ms
[14742.375s][info][gc,cpu         ] GC(34059) User=0.01s Sys=0.00s Real=0.00s
[14742.780s][info][gc,start       ] GC(34060) Pause Young (Allocation Failure)
[14742.783s][info][gc,heap        ] GC(34060) PSYoungGen: 83424K(83968K)->288K(84480K) Eden: 81920K(81920K)->0K(81920K) From: 1504K(2048K)->288K(2560K)
[14742.783s][info][gc,heap        ] GC(34060) ParOldGen: 440226K(440320K)->440378K(440832K)
[14742.783s][info][gc,metaspace   ] GC(34060) Metaspace: 62397K(62656K)->62397K(62656K) NonClass: 53358K(53504K)->53358K(53504K) Class: 9039K(9152K)->9039K(9152K)
[14742.783s][info][gc             ] GC(34060) Pause Young (Allocation Failure) 511M->430M(513M) 2.995ms
[14742.783s][info][gc,cpu         ] GC(34060) User=0.01s Sys=0.00s Real=0.00s
[14743.227s][info][gc,start       ] GC(34061) Pause Young (Allocation Failure)
[14743.231s][info][gc,heap        ] GC(34061) PSYoungGen: 82208K(84480K)->2528K(83456K) Eden: 81920K(81920K)->0K(80896K) From: 288K(2560K)->2528K(2560K)
[14743.231s][info][gc,heap        ] GC(34061) ParOldGen: 440378K(440832K)->440858K(441344K)
[14743.231s][info][gc,metaspace   ] GC(34061) Metaspace: 62397K(62656K)->62397K(62656K) NonClass: 53358K(53504K)->53358K(53504K) Class: 9039K(9152K)->9039K(9152K)
[14743.231s][info][gc             ] GC(34061) Pause Young (Allocation Failure) 510M->432M(512M) 3.865ms
[14743.231s][info][gc,cpu         ] GC(34061) User=0.01s Sys=0.00s Real=0.00s
[14743.663s][info][gc,start       ] GC(34062) Pause Young (Allocation Failure)
[14743.668s][info][gc,heap        ] GC(34062) PSYoungGen: 83424K(83456K)->1344K(83968K) Eden: 80896K(80896K)->0K(80896K) From: 2528K(2560K)->1344K(3072K)
[14743.668s][info][gc,heap        ] GC(34062) ParOldGen: 440858K(441344K)->443002K(444416K)
[14743.668s][info][gc,metaspace   ] GC(34062) Metaspace: 62397K(62656K)->62397K(62656K) NonClass: 53358K(53504K)->53358K(53504K) Class: 9039K(9152K)->9039K(9152K)
[14743.668s][info][gc             ] GC(34062) Pause Young (Allocation Failure) 511M->433M(516M) 4.965ms
[14743.668s][info][gc,cpu         ] GC(34062) User=0.01s Sys=0.01s Real=0.01s
[14744.102s][info][gc,start       ] GC(34063) Pause Young (Allocation Failure)
[14744.105s][info][gc,heap        ] GC(34063) PSYoungGen: 82240K(83968K)->544K(83968K) Eden: 80896K(80896K)->0K(80896K) From: 1344K(3072K)->544K(3072K)
[14744.105s][info][gc,heap        ] GC(34063) ParOldGen: 443002K(444416K)->443154K(444416K)
[14744.105s][info][gc,metaspace   ] GC(34063) Metaspace: 62397K(62656K)->62397K(62656K) NonClass: 53358K(53504K)->53358K(53504K) Class: 9039K(9152K)->9039K(9152K)
[14744.105s][info][gc             ] GC(34063) Pause Young (Allocation Failure) 512M->433M(516M) 3.151ms
[14744.105s][info][gc,cpu         ] GC(34063) User=0.00s Sys=0.00s Real=0.00s
[14744.534s][info][gc,start       ] GC(34064) Pause Young (Allocation Failure)
[14744.538s][info][gc,heap        ] GC(34064) PSYoungGen: 81440K(83968K)->992K(83968K) Eden: 80896K(80896K)->0K(80896K) From: 544K(3072K)->992K(3072K)
[14744.538s][info][gc,heap        ] GC(34064) ParOldGen: 443154K(444416K)->443314K(444416K)
[14744.538s][info][gc,metaspace   ] GC(34064) Metaspace: 62397K(62656K)->62397K(62656K) NonClass: 53358K(53504K)->53358K(53504K) Class: 9039K(9152K)->9039K(9152K)
[14744.538s][info][gc             ] GC(34064) Pause Young (Allocation Failure) 512M->433M(516M) 3.630ms
[14744.538s][info][gc,cpu         ] GC(34064) User=0.00s Sys=0.00s Real=0.01s
[14744.932s][info][gc,start       ] GC(34065) Pause Young (Allocation Failure)
[14744.936s][info][gc,heap        ] GC(34065) PSYoungGen: 81888K(83968K)->928K(84480K) Eden: 80896K(80896K)->0K(81920K) From: 992K(3072K)->928K(2560K)
[14744.936s][info][gc,heap        ] GC(34065) ParOldGen: 443314K(444416K)->443474K(444416K)
[14744.936s][info][gc,metaspace   ] GC(34065) Metaspace: 62397K(62656K)->62397K(62656K) NonClass: 53358K(53504K)->53358K(53504K) Class: 9039K(9152K)->9039K(9152K)
[14744.936s][info][gc             ] GC(34065) Pause Young (Allocation Failure) 512M->433M(516M) 3.629ms
[14744.936s][info][gc,cpu         ] GC(34065) User=0.01s Sys=0.00s Real=0.00s
[14745.365s][info][gc,start       ] GC(34066) Pause Young (Allocation Failure)
[14745.369s][info][gc,heap        ] GC(34066) PSYoungGen: 82848K(84480K)->1440K(84480K) Eden: 81920K(81920K)->0K(81920K) From: 928K(2560K)->1440K(2560K)
[14745.369s][info][gc,heap        ] GC(34066) ParOldGen: 443474K(444416K)->443626K(444416K)
[14745.369s][info][gc,metaspace   ] GC(34066) Metaspace: 62397K(62656K)->62397K(62656K) NonClass: 53358K(53504K)->53358K(53504K) Class: 9039K(9152K)->9039K(9152K)
[14745.369s][info][gc             ] GC(34066) Pause Young (Allocation Failure) 513M->434M(516M) 4.037ms
[14745.369s][info][gc,cpu         ] GC(34066) User=0.01s Sys=0.00s Real=0.01s
[14745.768s][info][gc,start       ] GC(34067) Pause Young (Allocation Failure)
[14745.773s][info][gc,heap        ] GC(34067) PSYoungGen: 83360K(84480K)->1504K(84480K) Eden: 81920K(81920K)->0K(81920K) From: 1440K(2560K)->1504K(2560K)
[14745.773s][info][gc,heap        ] GC(34067) ParOldGen: 443626K(444416K)->443778K(444416K)
[14745.773s][info][gc,metaspace   ] GC(34067) Metaspace: 62397K(62656K)->62397K(62656K) NonClass: 53358K(53504K)->53358K(53504K) Class: 9039K(9152K)->9039K(9152K)
[14745.773s][info][gc             ] GC(34067) Pause Young (Allocation Failure) 514M->434M(516M) 4.139ms
[14745.773s][info][gc,cpu         ] GC(34067) User=0.01s Sys=0.00s Real=0.00s
[14746.269s][info][gc,start       ] GC(34068) Pause Young (Allocation Failure)
[14746.273s][info][gc,heap        ] GC(34068) PSYoungGen: 83424K(84480K)->1360K(84480K) Eden: 81920K(81920K)->0K(81920K) From: 1504K(2560K)->1360K(2560K)
[14746.273s][info][gc,heap        ] GC(34068) ParOldGen: 443778K(444416K)->443930K(444416K)
[14746.273s][info][gc,metaspace   ] GC(34068) Metaspace: 62397K(62656K)->62397K(62656K) NonClass: 53358K(53504K)->53358K(53504K) Class: 9039K(9152K)->9039K(9152K)
[14746.273s][info][gc             ] GC(34068) Pause Young (Allocation Failure) 514M->434M(516M) 4.099ms
[14746.273s][info][gc,cpu         ] GC(34068) User=0.01s Sys=0.00s Real=0.00s
[14746.670s][info][gc,start       ] GC(34069) Pause Young (Allocation Failure)
[14746.674s][info][gc,heap        ] GC(34069) PSYoungGen: 83280K(84480K)->1504K(84480K) Eden: 81920K(81920K)->0K(81920K) From: 1360K(2560K)->1504K(2560K)
[14746.674s][info][gc,heap        ] GC(34069) ParOldGen: 443930K(444416K)->444162K(444416K)
[14746.674s][info][gc,metaspace   ] GC(34069) Metaspace: 62397K(62656K)->62397K(62656K) NonClass: 53358K(53504K)->53358K(53504K) Class: 9039K(9152K)->9039K(9152K)
[14746.674s][info][gc             ] GC(34069) Pause Young (Allocation Failure) 514M->435M(516M) 4.282ms
[14746.674s][info][gc,cpu         ] GC(34069) User=0.01s Sys=0.00s Real=0.00s
[14747.090s][info][gc,start       ] GC(34070) Pause Young (Allocation Failure)
[14747.093s][info][gc,heap        ] GC(34070) PSYoungGen: 83424K(84480K)->384K(84480K) Eden: 81920K(81920K)->0K(81920K) From: 1504K(2560K)->384K(2560K)
[14747.093s][info][gc,heap        ] GC(34070) ParOldGen: 444162K(444416K)->444322K(444416K)
[14747.093s][info][gc,metaspace   ] GC(34070) Metaspace: 62397K(62656K)->62397K(62656K) NonClass: 53358K(53504K)->53358K(53504K) Class: 9039K(9152K)->9039K(9152K)
[14747.093s][info][gc             ] GC(34070) Pause Young (Allocation Failure) 515M->434M(516M) 3.066ms
[14747.093s][info][gc,cpu         ] GC(34070) User=0.01s Sys=0.00s Real=0.00s
[14747.528s][info][gc,start       ] GC(34071) Pause Young (Allocation Failure)
[14747.532s][info][gc,heap        ] GC(34071) PSYoungGen: 82304K(84480K)->896K(84480K) Eden: 81920K(81920K)->0K(81920K) From: 384K(2560K)->896K(2560K)
[14747.532s][info][gc,heap        ] GC(34071) ParOldGen: 444322K(444416K)->444474K(444928K)
[14747.532s][info][gc,metaspace   ] GC(34071) Metaspace: 62397K(62656K)->62397K(62656K) NonClass: 53358K(53504K)->53358K(53504K) Class: 9039K(9152K)->9039K(9152K)
[14747.532s][info][gc             ] GC(34071) Pause Young (Allocation Failure) 514M->434M(517M) 3.530ms
[14747.532s][info][gc,cpu         ] GC(34071) User=0.00s Sys=0.00s Real=0.00s
[14747.965s][info][gc,start       ] GC(34072) Pause Young (Allocation Failure)
[14747.969s][info][gc,heap        ] GC(34072) PSYoungGen: 82816K(84480K)->1344K(84480K) Eden: 81920K(81920K)->0K(81920K) From: 896K(2560K)->1344K(2560K)
[14747.969s][info][gc,heap        ] GC(34072) ParOldGen: 444474K(444928K)->444634K(444928K)
[14747.969s][info][gc,metaspace   ] GC(34072) Metaspace: 62397K(62656K)->62397K(62656K) NonClass: 53358K(53504K)->53358K(53504K) Class: 9039K(9152K)->9039K(9152K)
[14747.969s][info][gc             ] GC(34072) Pause Young (Allocation Failure) 514M->435M(517M) 4.057ms
[14747.969s][info][gc,cpu         ] GC(34072) User=0.01s Sys=0.00s Real=0.01s
[14748.397s][info][gc,start       ] GC(34073) Pause Young (Allocation Failure)
[14748.401s][info][gc,heap        ] GC(34073) PSYoungGen: 83264K(84480K)->544K(84480K) Eden: 81920K(81920K)->0K(81920K) From: 1344K(2560K)->544K(2560K)
[14748.401s][info][gc,heap        ] GC(34073) ParOldGen: 444634K(444928K)->444794K(444928K)
[14748.401s][info][gc,metaspace   ] GC(34073) Metaspace: 62397K(62656K)->62397K(62656K) NonClass: 53358K(53504K)->53358K(53504K) Class: 9039K(9152K)->9039K(9152K)
[14748.401s][info][gc             ] GC(34073) Pause Young (Allocation Failure) 515M->434M(517M) 3.191ms
[14748.401s][info][gc,cpu         ] GC(34073) User=0.01s Sys=0.00s Real=0.00s
[14748.788s][info][gc,start       ] GC(34074) Pause Young (Allocation Failure)
[14748.792s][info][gc,heap        ] GC(34074) PSYoungGen: 82464K(84480K)->2464K(84480K) Eden: 81920K(81920K)->0K(81920K) From: 544K(2560K)->2464K(2560K)
[14748.792s][info][gc,heap        ] GC(34074) ParOldGen: 444794K(444928K)->445970K(446976K)
[14748.792s][info][gc,metaspace   ] GC(34074) Metaspace: 62397K(62656K)->62397K(62656K) NonClass: 53358K(53504K)->53358K(53504K) Class: 9039K(9152K)->9039K(9152K)
[14748.792s][info][gc             ] GC(34074) Pause Young (Allocation Failure) 514M->437M(519M) 4.019ms
[14748.792s][info][gc,cpu         ] GC(34074) User=0.01s Sys=0.00s Real=0.00s
[14749.198s][info][gc,start       ] GC(34075) Pause Young (Allocation Failure)
[14749.202s][info][gc,heap        ] GC(34075) PSYoungGen: 84384K(84480K)->480K(83456K) Eden: 81920K(81920K)->0K(80896K) From: 2464K(2560K)->480K(2560K)
[14749.202s][info][gc,heap        ] GC(34075) ParOldGen: 445970K(446976K)->448170K(448512K)
[14749.202s][info][gc,metaspace   ] GC(34075) Metaspace: 62397K(62656K)->62397K(62656K) NonClass: 53358K(53504K)->53358K(53504K) Class: 9039K(9152K)->9039K(9152K)
[14749.202s][info][gc             ] GC(34075) Pause Young (Allocation Failure) 517M->438M(519M) 4.171ms
[14749.202s][info][gc,cpu         ] GC(34075) User=0.00s Sys=0.00s Real=0.00s
[14749.600s][info][gc,start       ] GC(34076) Pause Young (Allocation Failure)
[14749.603s][info][gc,heap        ] GC(34076) PSYoungGen: 81376K(83456K)->544K(83968K) Eden: 80896K(80896K)->0K(80896K) From: 480K(2560K)->544K(3072K)
[14749.603s][info][gc,heap        ] GC(34076) ParOldGen: 448170K(448512K)->448322K(448512K)
[14749.603s][info][gc,metaspace   ] GC(34076) Metaspace: 62397K(62656K)->62397K(62656K) NonClass: 53358K(53504K)->53358K(53504K) Class: 9039K(9152K)->9039K(9152K)
[14749.603s][info][gc             ] GC(34076) Pause Young (Allocation Failure) 517M->438M(520M) 3.146ms
[14749.603s][info][gc,cpu         ] GC(34076) User=0.00s Sys=0.00s Real=0.00s
[14749.997s][info][gc,start       ] GC(34077) Pause Young (Allocation Failure)
[14750.000s][info][gc,heap        ] GC(34077) PSYoungGen: 81440K(83968K)->512K(84480K) Eden: 80896K(80896K)->0K(81408K) From: 544K(3072K)->512K(3072K)
[14750.000s][info][gc,heap        ] GC(34077) ParOldGen: 448322K(448512K)->448474K(448512K)
[14750.000s][info][gc,metaspace   ] GC(34077) Metaspace: 62397K(62656K)->62397K(62656K) NonClass: 53358K(53504K)->53358K(53504K) Class: 9039K(9152K)->9039K(9152K)
[14750.000s][info][gc             ] GC(34077) Pause Young (Allocation Failure) 517M->438M(520M) 3.213ms
[14750.000s][info][gc,cpu         ] GC(34077) User=0.01s Sys=0.00s Real=0.00s
[14750.431s][info][gc,start       ] GC(34078) Pause Young (Allocation Failure)
[14750.435s][info][gc,heap        ] GC(34078) PSYoungGen: 81920K(84480K)->992K(83968K) Eden: 81408K(81408K)->0K(81408K) From: 512K(3072K)->992K(2560K)
[14750.435s][info][gc,heap        ] GC(34078) ParOldGen: 448474K(448512K)->448634K(449024K)
[14750.435s][info][gc,metaspace   ] GC(34078) Metaspace: 62397K(62656K)->62397K(62656K) NonClass: 53358K(53504K)->53358K(53504K) Class: 9039K(9152K)->9039K(9152K)
[14750.435s][info][gc             ] GC(34078) Pause Young (Allocation Failure) 517M->439M(520M) 3.654ms
[14750.435s][info][gc,cpu         ] GC(34078) User=0.01s Sys=0.00s Real=0.00s
[14750.868s][info][gc,start       ] GC(34079) Pause Young (Allocation Failure)
[14750.872s][info][gc,heap        ] GC(34079) PSYoungGen: 82400K(83968K)->1312K(84480K) Eden: 81408K(81408K)->0K(81920K) From: 992K(2560K)->1312K(2560K)
[14750.872s][info][gc,heap        ] GC(34079) ParOldGen: 448634K(449024K)->448786K(449024K)
[14750.872s][info][gc,metaspace   ] GC(34079) Metaspace: 62397K(62656K)->62397K(62656K) NonClass: 53358K(53504K)->53358K(53504K) Class: 9039K(9152K)->9039K(9152K)
[14750.872s][info][gc             ] GC(34079) Pause Young (Allocation Failure) 518M->439M(521M) 4.060ms
[14750.872s][info][gc,cpu         ] GC(34079) User=0.01s Sys=0.00s Real=0.00s
[14751.281s][info][gc,start       ] GC(34080) Pause Young (Allocation Failure)
[14751.283s][info][gc,heap        ] GC(34080) PSYoungGen: 83232K(84480K)->288K(84480K) Eden: 81920K(81920K)->0K(81920K) From: 1312K(2560K)->288K(2560K)
[14751.283s][info][gc,heap        ] GC(34080) ParOldGen: 448786K(449024K)->448938K(449024K)
[14751.283s][info][gc,metaspace   ] GC(34080) Metaspace: 62397K(62656K)->62397K(62656K) NonClass: 53358K(53504K)->53358K(53504K) Class: 9039K(9152K)->9039K(9152K)
[14751.283s][info][gc             ] GC(34080) Pause Young (Allocation Failure) 519M->438M(521M) 2.938ms
[14751.284s][info][gc,cpu         ] GC(34080) User=0.01s Sys=0.00s Real=0.00s
[14751.742s][info][gc,start       ] GC(34081) Pause Young (Allocation Failure)
[14751.746s][info][gc,heap        ] GC(34081) PSYoungGen: 82208K(84480K)->960K(84480K) Eden: 81920K(81920K)->0K(81920K) From: 288K(2560K)->960K(2560K)
[14751.746s][info][gc,heap        ] GC(34081) ParOldGen: 448938K(449024K)->449090K(449536K)
[14751.746s][info][gc,metaspace   ] GC(34081) Metaspace: 62397K(62656K)->62397K(62656K) NonClass: 53358K(53504K)->53358K(53504K) Class: 9039K(9152K)->9039K(9152K)
[14751.746s][info][gc             ] GC(34081) Pause Young (Allocation Failure) 518M->439M(521M) 3.676ms
[14751.746s][info][gc,cpu         ] GC(34081) User=0.00s Sys=0.00s Real=0.00s
[14752.197s][info][gc,start       ] GC(34082) Pause Young (Allocation Failure)
[14752.200s][info][gc,heap        ] GC(34082) PSYoungGen: 82880K(84480K)->480K(84480K) Eden: 81920K(81920K)->0K(81920K) From: 960K(2560K)->480K(2560K)
[14752.200s][info][gc,heap        ] GC(34082) ParOldGen: 449090K(449536K)->449242K(449536K)
[14752.200s][info][gc,metaspace   ] GC(34082) Metaspace: 62397K(62656K)->62397K(62656K) NonClass: 53358K(53504K)->53358K(53504K) Class: 9039K(9152K)->9039K(9152K)
[14752.200s][info][gc             ] GC(34082) Pause Young (Allocation Failure) 519M->439M(521M) 3.209ms
[14752.200s][info][gc,cpu         ] GC(34082) User=0.00s Sys=0.00s Real=0.00s
[14752.598s][info][gc,start       ] GC(34083) Pause Young (Allocation Failure)
[14752.601s][info][gc,heap        ] GC(34083) PSYoungGen: 82400K(84480K)->576K(84480K) Eden: 81920K(81920K)->0K(81920K) From: 480K(2560K)->576K(2560K)
[14752.601s][info][gc,heap        ] GC(34083) ParOldGen: 449242K(449536K)->449402K(449536K)
[14752.601s][info][gc,metaspace   ] GC(34083) Metaspace: 62397K(62656K)->62397K(62656K) NonClass: 53358K(53504K)->53358K(53504K) Class: 9039K(9152K)->9039K(9152K)
[14752.601s][info][gc             ] GC(34083) Pause Young (Allocation Failure) 519M->439M(521M) 3.286ms
[14752.601s][info][gc,cpu         ] GC(34083) User=0.01s Sys=0.00s Real=0.00s
[14752.985s][info][gc,start       ] GC(34084) Pause Young (Allocation Failure)
[14752.988s][info][gc,heap        ] GC(34084) PSYoungGen: 82496K(84480K)->320K(84480K) Eden: 81920K(81920K)->0K(81920K) From: 576K(2560K)->320K(2560K)
[14752.988s][info][gc,heap        ] GC(34084) ParOldGen: 449402K(449536K)->449562K(450048K)
[14752.988s][info][gc,metaspace   ] GC(34084) Metaspace: 62397K(62656K)->62397K(62656K) NonClass: 53358K(53504K)->53358K(53504K) Class: 9039K(9152K)->9039K(9152K)
[14752.988s][info][gc             ] GC(34084) Pause Young (Allocation Failure) 519M->439M(522M) 3.253ms
[14752.988s][info][gc,cpu         ] GC(34084) User=0.00s Sys=0.00s Real=0.01s
[14753.432s][info][gc,start       ] GC(34085) Pause Young (Allocation Failure)
[14753.436s][info][gc,heap        ] GC(34085) PSYoungGen: 82240K(84480K)->896K(84992K) Eden: 81920K(81920K)->0K(82432K) From: 320K(2560K)->896K(2560K)
[14753.436s][info][gc,heap        ] GC(34085) ParOldGen: 449562K(450048K)->449722K(450048K)
[14753.436s][info][gc,metaspace   ] GC(34085) Metaspace: 62397K(62656K)->62397K(62656K) NonClass: 53358K(53504K)->53358K(53504K) Class: 9039K(9152K)->9039K(9152K)
[14753.436s][info][gc             ] GC(34085) Pause Young (Allocation Failure) 519M->440M(522M) 3.612ms
[14753.436s][info][gc,cpu         ] GC(34085) User=0.01s Sys=0.00s Real=0.00s
[14753.877s][info][gc,start       ] GC(34086) Pause Young (Allocation Failure)
[14753.880s][info][gc,heap        ] GC(34086) PSYoungGen: 83328K(84992K)->288K(84480K) Eden: 82432K(82432K)->0K(82432K) From: 896K(2560K)->288K(2048K)
[14753.880s][info][gc,heap        ] GC(34086) ParOldGen: 449722K(450048K)->449874K(450048K)
[14753.880s][info][gc,metaspace   ] GC(34086) Metaspace: 62397K(62656K)->62397K(62656K) NonClass: 53358K(53504K)->53358K(53504K) Class: 9039K(9152K)->9039K(9152K)
[14753.880s][info][gc             ] GC(34086) Pause Young (Allocation Failure) 520M->439M(522M) 2.971ms
[14753.880s][info][gc,cpu         ] GC(34086) User=0.01s Sys=0.00s Real=0.00s
[14754.330s][info][gc,start       ] GC(34087) Pause Young (Allocation Failure)
[14754.333s][info][gc,heap        ] GC(34087) PSYoungGen: 82720K(84480K)->896K(84992K) Eden: 82432K(82432K)->0K(82944K) From: 288K(2048K)->896K(2048K)
[14754.333s][info][gc,heap        ] GC(34087) ParOldGen: 449874K(450048K)->450034K(450048K)
[14754.333s][info][gc,metaspace   ] GC(34087) Metaspace: 62397K(62656K)->62397K(62656K) NonClass: 53358K(53504K)->53358K(53504K) Class: 9039K(9152K)->9039K(9152K)
[14754.333s][info][gc             ] GC(34087) Pause Young (Allocation Failure) 520M->440M(522M) 3.559ms
[14754.333s][info][gc,cpu         ] GC(34087) User=0.01s Sys=0.00s Real=0.00s
[14754.835s][info][gc,start       ] GC(34088) Pause Young (Allocation Failure)
[14754.838s][info][gc,heap        ] GC(34088) PSYoungGen: 83840K(84992K)->976K(84992K) Eden: 82944K(82944K)->0K(82944K) From: 896K(2048K)->976K(2048K)
[14754.838s][info][gc,heap        ] GC(34088) ParOldGen: 450034K(450048K)->450178K(450560K)
[14754.839s][info][gc,metaspace   ] GC(34088) Metaspace: 62397K(62656K)->62397K(62656K) NonClass: 53358K(53504K)->53358K(53504K) Class: 9039K(9152K)->9039K(9152K)
[14754.839s][info][gc             ] GC(34088) Pause Young (Allocation Failure) 521M->440M(523M) 3.617ms
[14754.839s][info][gc,cpu         ] GC(34088) User=0.00s Sys=0.00s Real=0.01s
[14755.292s][info][gc,start       ] GC(34089) Pause Young (Allocation Failure)
[14755.295s][info][gc,heap        ] GC(34089) PSYoungGen: 83920K(84992K)->448K(84992K) Eden: 82944K(82944K)->0K(82944K) From: 976K(2048K)->448K(2048K)
[14755.295s][info][gc,heap        ] GC(34089) ParOldGen: 450178K(450560K)->450378K(450560K)
[14755.296s][info][gc,metaspace   ] GC(34089) Metaspace: 62397K(62656K)->62397K(62656K) NonClass: 53358K(53504K)->53358K(53504K) Class: 9039K(9152K)->9039K(9152K)
[14755.296s][info][gc             ] GC(34089) Pause Young (Allocation Failure) 521M->440M(523M) 3.058ms
[14755.296s][info][gc,cpu         ] GC(34089) User=0.01s Sys=0.00s Real=0.00s
[14755.736s][info][gc,start       ] GC(34090) Pause Young (Allocation Failure)
[14755.739s][info][gc,heap        ] GC(34090) PSYoungGen: 83392K(84992K)->960K(84992K) Eden: 82944K(82944K)->0K(82944K) From: 448K(2048K)->960K(2048K)
[14755.739s][info][gc,heap        ] GC(34090) ParOldGen: 450378K(450560K)->450522K(450560K)
[14755.739s][info][gc,metaspace   ] GC(34090) Metaspace: 62397K(62656K)->62397K(62656K) NonClass: 53358K(53504K)->53358K(53504K) Class: 9039K(9152K)->9039K(9152K)
[14755.739s][info][gc             ] GC(34090) Pause Young (Allocation Failure) 521M->440M(523M) 3.672ms
[14755.739s][info][gc,cpu         ] GC(34090) User=0.01s Sys=0.00s Real=0.01s
[14756.187s][info][gc,start       ] GC(34091) Pause Young (Allocation Failure)
[14756.190s][info][gc,heap        ] GC(34091) PSYoungGen: 83904K(84992K)->352K(84992K) Eden: 82944K(82944K)->0K(82944K) From: 960K(2048K)->352K(2048K)
[14756.190s][info][gc,heap        ] GC(34091) ParOldGen: 450522K(450560K)->450674K(451072K)
[14756.190s][info][gc,metaspace   ] GC(34091) Metaspace: 62397K(62656K)->62397K(62656K) NonClass: 53358K(53504K)->53358K(53504K) Class: 9039K(9152K)->9039K(9152K)
[14756.190s][info][gc             ] GC(34091) Pause Young (Allocation Failure) 521M->440M(523M) 3.143ms
[14756.190s][info][gc,cpu         ] GC(34091) User=0.00s Sys=0.00s Real=0.00s
[14756.649s][info][gc,start       ] GC(34092) Pause Young (Allocation Failure)
[14756.653s][info][gc,heap        ] GC(34092) PSYoungGen: 83296K(84992K)->1088K(84992K) Eden: 82944K(82944K)->0K(82944K) From: 352K(2048K)->1088K(2048K)
[14756.653s][info][gc,heap        ] GC(34092) ParOldGen: 450674K(451072K)->450826K(451072K)
[14756.653s][info][gc,metaspace   ] GC(34092) Metaspace: 62397K(62656K)->62397K(62656K) NonClass: 53358K(53504K)->53358K(53504K) Class: 9039K(9152K)->9039K(9152K)
[14756.653s][info][gc             ] GC(34092) Pause Young (Allocation Failure) 521M->441M(523M) 3.848ms
[14756.653s][info][gc,cpu         ] GC(34092) User=0.01s Sys=0.00s Real=0.00s
[14757.116s][info][gc,start       ] GC(34093) Pause Young (Allocation Failure)
[14757.119s][info][gc,heap        ] GC(34093) PSYoungGen: 84032K(84992K)->736K(84992K) Eden: 82944K(82944K)->0K(82944K) From: 1088K(2048K)->736K(2048K)
[14757.119s][info][gc,heap        ] GC(34093) ParOldGen: 450826K(451072K)->450986K(451072K)
[14757.119s][info][gc,metaspace   ] GC(34093) Metaspace: 62397K(62656K)->62397K(62656K) NonClass: 53358K(53504K)->53358K(53504K) Class: 9039K(9152K)->9039K(9152K)
[14757.119s][info][gc             ] GC(34093) Pause Young (Allocation Failure) 522M->441M(523M) 3.291ms
[14757.119s][info][gc,cpu         ] GC(34093) User=0.01s Sys=0.00s Real=0.01s
[14757.554s][info][gc,start       ] GC(34094) Pause Young (Allocation Failure)
[14757.558s][info][gc,heap        ] GC(34094) PSYoungGen: 83680K(84992K)->1248K(84992K) Eden: 82944K(82944K)->0K(82944K) From: 736K(2048K)->1248K(2048K)
[14757.558s][info][gc,heap        ] GC(34094) ParOldGen: 450986K(451072K)->451130K(451584K)
[14757.558s][info][gc,metaspace   ] GC(34094) Metaspace: 62397K(62656K)->62397K(62656K) NonClass: 53358K(53504K)->53358K(53504K) Class: 9039K(9152K)->9039K(9152K)
[14757.558s][info][gc             ] GC(34094) Pause Young (Allocation Failure) 522M->441M(524M) 3.909ms
[14757.558s][info][gc,cpu         ] GC(34094) User=0.01s Sys=0.00s Real=0.01s
[14758.004s][info][gc,start       ] GC(34095) Pause Young (Allocation Failure)
[14758.007s][info][gc,heap        ] GC(34095) PSYoungGen: 84192K(84992K)->576K(84992K) Eden: 82944K(82944K)->0K(82944K) From: 1248K(2048K)->576K(2048K)
[14758.007s][info][gc,heap        ] GC(34095) ParOldGen: 451130K(451584K)->451282K(451584K)
[14758.007s][info][gc,metaspace   ] GC(34095) Metaspace: 62397K(62656K)->62397K(62656K) NonClass: 53358K(53504K)->53358K(53504K) Class: 9039K(9152K)->9039K(9152K)
[14758.007s][info][gc             ] GC(34095) Pause Young (Allocation Failure) 522M->441M(524M) 3.249ms
[14758.007s][info][gc,cpu         ] GC(34095) User=0.01s Sys=0.00s Real=0.01s
[14758.466s][info][gc,start       ] GC(34096) Pause Young (Allocation Failure)
[14758.470s][info][gc,heap        ] GC(34096) PSYoungGen: 83520K(84992K)->1280K(84992K) Eden: 82944K(82944K)->0K(82944K) From: 576K(2048K)->1280K(2048K)
[14758.470s][info][gc,heap        ] GC(34096) ParOldGen: 451282K(451584K)->451434K(451584K)
[14758.470s][info][gc,metaspace   ] GC(34096) Metaspace: 62397K(62656K)->62397K(62656K) NonClass: 53358K(53504K)->53358K(53504K) Class: 9039K(9152K)->9039K(9152K)
[14758.470s][info][gc             ] GC(34096) Pause Young (Allocation Failure) 522M->442M(524M) 4.016ms
[14758.470s][info][gc,cpu         ] GC(34096) User=0.01s Sys=0.00s Real=0.01s
[14758.904s][info][gc,start       ] GC(34097) Pause Young (Allocation Failure)
[14758.908s][info][gc,heap        ] GC(34097) PSYoungGen: 84224K(84992K)->640K(84992K) Eden: 82944K(82944K)->0K(82944K) From: 1280K(2048K)->640K(2048K)
[14758.908s][info][gc,heap        ] GC(34097) ParOldGen: 451434K(451584K)->451594K(452096K)
[14758.908s][info][gc,metaspace   ] GC(34097) Metaspace: 62397K(62656K)->62397K(62656K) NonClass: 53358K(53504K)->53358K(53504K) Class: 9039K(9152K)->9039K(9152K)
[14758.908s][info][gc             ] GC(34097) Pause Young (Allocation Failure) 523M->441M(524M) 3.224ms
[14758.908s][info][gc,cpu         ] GC(34097) User=0.01s Sys=0.00s Real=0.01s
[14759.315s][info][gc,start       ] GC(34098) Pause Young (Allocation Failure)
[14759.319s][info][gc,heap        ] GC(34098) PSYoungGen: 83584K(84992K)->736K(84992K) Eden: 82944K(82944K)->0K(82944K) From: 640K(2048K)->736K(2048K)
[14759.319s][info][gc,heap        ] GC(34098) ParOldGen: 451594K(452096K)->451754K(452096K)
[14759.319s][info][gc,metaspace   ] GC(34098) Metaspace: 62397K(62656K)->62397K(62656K) NonClass: 53358K(53504K)->53358K(53504K) Class: 9039K(9152K)->9039K(9152K)
[14759.319s][info][gc             ] GC(34098) Pause Young (Allocation Failure) 522M->441M(524M) 3.320ms
[14759.319s][info][gc,cpu         ] GC(34098) User=0.00s Sys=0.00s Real=0.01s
[14759.716s][info][gc,start       ] GC(34099) Pause Young (Allocation Failure)
[14759.719s][info][gc,heap        ] GC(34099) PSYoungGen: 83680K(84992K)->768K(84992K) Eden: 82944K(82944K)->0K(82944K) From: 736K(2048K)->768K(2048K)
[14759.719s][info][gc,heap        ] GC(34099) ParOldGen: 451754K(452096K)->451906K(452096K)
[14759.719s][info][gc,metaspace   ] GC(34099) Metaspace: 62397K(62656K)->62397K(62656K) NonClass: 53358K(53504K)->53358K(53504K) Class: 9039K(9152K)->9039K(9152K)
[14759.719s][info][gc             ] GC(34099) Pause Young (Allocation Failure) 522M->442M(524M) 3.336ms
[14759.719s][info][gc,cpu         ] GC(34099) User=0.00s Sys=0.00s Real=0.01s
[14760.156s][info][gc,start       ] GC(34100) Pause Young (Allocation Failure)
[14760.161s][info][gc,heap        ] GC(34100) PSYoungGen: 83712K(84992K)->2016K(84992K) Eden: 82944K(82944K)->0K(82944K) From: 768K(2048K)->2016K(2048K)
[14760.161s][info][gc,heap        ] GC(34100) ParOldGen: 451906K(452096K)->453250K(453632K)
[14760.161s][info][gc,metaspace   ] GC(34100) Metaspace: 62397K(62656K)->62397K(62656K) NonClass: 53358K(53504K)->53358K(53504K) Class: 9039K(9152K)->9039K(9152K)
[14760.161s][info][gc             ] GC(34100) Pause Young (Allocation Failure) 523M->444M(526M) 4.755ms
[14760.161s][info][gc,cpu         ] GC(34100) User=0.01s Sys=0.00s Real=0.00s
[14760.616s][info][gc,start       ] GC(34101) Pause Young (Allocation Failure)
[14760.620s][info][gc,heap        ] GC(34101) PSYoungGen: 84960K(84992K)->736K(83968K) Eden: 82944K(82944K)->0K(81920K) From: 2016K(2048K)->736K(2048K)
[14760.620s][info][gc,heap        ] GC(34101) ParOldGen: 453250K(453632K)->455410K(456704K)
[14760.620s][info][gc,metaspace   ] GC(34101) Metaspace: 62397K(62656K)->62397K(62656K) NonClass: 53358K(53504K)->53358K(53504K) Class: 9039K(9152K)->9039K(9152K)
[14760.620s][info][gc             ] GC(34101) Pause Young (Allocation Failure) 525M->445M(528M) 4.303ms
[14760.620s][info][gc,cpu         ] GC(34101) User=0.01s Sys=0.00s Real=0.01s
[14761.069s][info][gc,start       ] GC(34102) Pause Young (Allocation Failure)
[14761.073s][info][gc,heap        ] GC(34102) PSYoungGen: 82656K(83968K)->1344K(84480K) Eden: 81920K(81920K)->0K(81920K) From: 736K(2048K)->1344K(2560K)
[14761.074s][info][gc,heap        ] GC(34102) ParOldGen: 455410K(456704K)->455570K(456704K)
[14761.074s][info][gc,metaspace   ] GC(34102) Metaspace: 62397K(62656K)->62397K(62656K) NonClass: 53358K(53504K)->53358K(53504K) Class: 9039K(9152K)->9039K(9152K)
[14761.074s][info][gc             ] GC(34102) Pause Young (Allocation Failure) 525M->446M(528M) 4.331ms
[14761.074s][info][gc,cpu         ] GC(34102) User=0.01s Sys=0.00s Real=0.00s
[14761.514s][info][gc,start       ] GC(34103) Pause Young (Allocation Failure)
[14761.517s][info][gc,heap        ] GC(34103) PSYoungGen: 83264K(84480K)->704K(84480K) Eden: 81920K(81920K)->0K(81920K) From: 1344K(2560K)->704K(2560K)
[14761.517s][info][gc,heap        ] GC(34103) ParOldGen: 455570K(456704K)->455730K(456704K)
[14761.517s][info][gc,metaspace   ] GC(34103) Metaspace: 62397K(62656K)->62397K(62656K) NonClass: 53358K(53504K)->53358K(53504K) Class: 9039K(9152K)->9039K(9152K)
[14761.517s][info][gc             ] GC(34103) Pause Young (Allocation Failure) 526M->445M(528M) 3.238ms
[14761.517s][info][gc,cpu         ] GC(34103) User=0.00s Sys=0.01s Real=0.01s
[14761.960s][info][gc,start       ] GC(34104) Pause Young (Allocation Failure)
[14761.964s][info][gc,heap        ] GC(34104) PSYoungGen: 82624K(84480K)->1312K(84480K) Eden: 81920K(81920K)->0K(81920K) From: 704K(2560K)->1312K(2560K)
[14761.964s][info][gc,heap        ] GC(34104) ParOldGen: 455730K(456704K)->455882K(456704K)
[14761.964s][info][gc,metaspace   ] GC(34104) Metaspace: 62397K(62656K)->62397K(62656K) NonClass: 53358K(53504K)->53358K(53504K) Class: 9039K(9152K)->9039K(9152K)
[14761.964s][info][gc             ] GC(34104) Pause Young (Allocation Failure) 525M->446M(528M) 4.031ms
[14761.964s][info][gc,cpu         ] GC(34104) User=0.01s Sys=0.00s Real=0.00s
[14762.403s][info][gc,start       ] GC(34105) Pause Young (Allocation Failure)
[14762.407s][info][gc,heap        ] GC(34105) PSYoungGen: 83232K(84480K)->544K(84480K) Eden: 81920K(81920K)->0K(81920K) From: 1312K(2560K)->544K(2560K)
[14762.407s][info][gc,heap        ] GC(34105) ParOldGen: 455882K(456704K)->456034K(456704K)
[14762.407s][info][gc,metaspace   ] GC(34105) Metaspace: 62397K(62656K)->62397K(62656K) NonClass: 53358K(53504K)->53358K(53504K) Class: 9039K(9152K)->9039K(9152K)
[14762.407s][info][gc             ] GC(34105) Pause Young (Allocation Failure) 526M->445M(528M) 3.277ms
[14762.407s][info][gc,cpu         ] GC(34105) User=0.01s Sys=0.01s Real=0.01s
[14762.853s][info][gc,start       ] GC(34106) Pause Young (Allocation Failure)
[14762.857s][info][gc,heap        ] GC(34106) PSYoungGen: 82464K(84480K)->1152K(84480K) Eden: 81920K(81920K)->0K(81920K) From: 544K(2560K)->1152K(2560K)
[14762.857s][info][gc,heap        ] GC(34106) ParOldGen: 456034K(456704K)->456178K(456704K)
[14762.857s][info][gc,metaspace   ] GC(34106) Metaspace: 62397K(62656K)->62397K(62656K) NonClass: 53358K(53504K)->53358K(53504K) Class: 9039K(9152K)->9039K(9152K)
[14762.857s][info][gc             ] GC(34106) Pause Young (Allocation Failure) 525M->446M(528M) 3.894ms
[14762.857s][info][gc,cpu         ] GC(34106) User=0.00s Sys=0.01s Real=0.01s
[14763.307s][info][gc,start       ] GC(34107) Pause Young (Allocation Failure)
[14763.310s][info][gc,heap        ] GC(34107) PSYoungGen: 83072K(84480K)->608K(84480K) Eden: 81920K(81920K)->0K(81920K) From: 1152K(2560K)->608K(2560K)
[14763.310s][info][gc,heap        ] GC(34107) ParOldGen: 456178K(456704K)->456330K(456704K)
[14763.310s][info][gc,metaspace   ] GC(34107) Metaspace: 62397K(62656K)->62397K(62656K) NonClass: 53358K(53504K)->53358K(53504K) Class: 9039K(9152K)->9039K(9152K)
[14763.310s][info][gc             ] GC(34107) Pause Young (Allocation Failure) 526M->446M(528M) 3.149ms
[14763.310s][info][gc,cpu         ] GC(34107) User=0.01s Sys=0.00s Real=0.00s
[14763.728s][info][gc,start       ] GC(34108) Pause Young (Allocation Failure)
[14763.732s][info][gc,heap        ] GC(34108) PSYoungGen: 82528K(84480K)->960K(84480K) Eden: 81920K(81920K)->0K(81920K) From: 608K(2560K)->960K(2560K)
[14763.732s][info][gc,heap        ] GC(34108) ParOldGen: 456330K(456704K)->456466K(456704K)
[14763.732s][info][gc,metaspace   ] GC(34108) Metaspace: 62397K(62656K)->62397K(62656K) NonClass: 53358K(53504K)->53358K(53504K) Class: 9039K(9152K)->9039K(9152K)
[14763.732s][info][gc             ] GC(34108) Pause Young (Allocation Failure) 526M->446M(528M) 3.664ms
[14763.732s][info][gc,cpu         ] GC(34108) User=0.01s Sys=0.00s Real=0.00s
[14764.213s][info][gc,start       ] GC(34109) Pause Young (Allocation Failure)
[14764.216s][info][gc,heap        ] GC(34109) PSYoungGen: 82880K(84480K)->752K(84992K) Eden: 81920K(81920K)->0K(82944K) From: 960K(2560K)->752K(2048K)
[14764.216s][info][gc,heap        ] GC(34109) ParOldGen: 456466K(456704K)->456618K(456704K)
[14764.216s][info][gc,metaspace   ] GC(34109) Metaspace: 62397K(62656K)->62397K(62656K) NonClass: 53358K(53504K)->53358K(53504K) Class: 9039K(9152K)->9039K(9152K)
[14764.216s][info][gc             ] GC(34109) Pause Young (Allocation Failure) 526M->446M(529M) 3.309ms
[14764.216s][info][gc,cpu         ] GC(34109) User=0.00s Sys=0.00s Real=0.00s
[14764.656s][info][gc,start       ] GC(34110) Pause Young (Allocation Failure)
[14764.660s][info][gc,heap        ] GC(34110) PSYoungGen: 83696K(84992K)->1216K(84992K) Eden: 82944K(82944K)->0K(82944K) From: 752K(2048K)->1216K(2048K)
[14764.660s][info][gc,heap        ] GC(34110) ParOldGen: 456618K(456704K)->456818K(457216K)
[14764.660s][info][gc,metaspace   ] GC(34110) Metaspace: 62397K(62656K)->62397K(62656K) NonClass: 53358K(53504K)->53358K(53504K) Class: 9039K(9152K)->9039K(9152K)
[14764.660s][info][gc             ] GC(34110) Pause Young (Allocation Failure) 527M->447M(529M) 4.100ms
[14764.660s][info][gc,cpu         ] GC(34110) User=0.01s Sys=0.00s Real=0.01s
[14765.062s][info][gc,start       ] GC(34111) Pause Young (Allocation Failure)
[14765.066s][info][gc,heap        ] GC(34111) PSYoungGen: 84160K(84992K)->1504K(84992K) Eden: 82944K(82944K)->0K(82944K) From: 1216K(2048K)->1504K(2048K)
[14765.066s][info][gc,heap        ] GC(34111) ParOldGen: 456818K(457216K)->456978K(457216K)
[14765.066s][info][gc,metaspace   ] GC(34111) Metaspace: 62397K(62656K)->62397K(62656K) NonClass: 53358K(53504K)->53358K(53504K) Class: 9039K(9152K)->9039K(9152K)
[14765.066s][info][gc             ] GC(34111) Pause Young (Allocation Failure) 528M->447M(529M) 4.261ms
[14765.067s][info][gc,cpu         ] GC(34111) User=0.00s Sys=0.00s Real=0.01s
[14765.486s][info][gc,start       ] GC(34112) Pause Young (Allocation Failure)
[14765.489s][info][gc,heap        ] GC(34112) PSYoungGen: 84448K(84992K)->352K(83456K) Eden: 82944K(82944K)->0K(82944K) From: 1504K(2048K)->352K(512K)
[14765.489s][info][gc,heap        ] GC(34112) ParOldGen: 456978K(457216K)->457130K(457216K)
[14765.489s][info][gc,metaspace   ] GC(34112) Metaspace: 62397K(62656K)->62397K(62656K) NonClass: 53358K(53504K)->53358K(53504K) Class: 9039K(9152K)->9039K(9152K)
[14765.489s][info][gc             ] GC(34112) Pause Young (Allocation Failure) 528M->446M(528M) 3.070ms
[14765.489s][info][gc,cpu         ] GC(34112) User=0.01s Sys=0.00s Real=0.01s
[14765.901s][info][gc,start       ] GC(34113) Pause Young (Allocation Failure)
[14765.905s][info][gc,heap        ] GC(34113) PSYoungGen: 83296K(83456K)->2528K(83456K) Eden: 82944K(82944K)->0K(80896K) From: 352K(512K)->2528K(2560K)
[14765.905s][info][gc,heap        ] GC(34113) ParOldGen: 457130K(457216K)->457354K(457728K)
[14765.905s][info][gc,metaspace   ] GC(34113) Metaspace: 62397K(62656K)->62397K(62656K) NonClass: 53358K(53504K)->53358K(53504K) Class: 9039K(9152K)->9039K(9152K)
[14765.905s][info][gc             ] GC(34113) Pause Young (Allocation Failure) 527M->449M(528M) 3.564ms
[14765.905s][info][gc,cpu         ] GC(34113) User=0.00s Sys=0.00s Real=0.00s
[14766.330s][info][gc,start       ] GC(34114) Pause Young (Allocation Failure)
[14766.335s][info][gc,heap        ] GC(34114) PSYoungGen: 83424K(83456K)->864K(83968K) Eden: 80896K(80896K)->0K(80896K) From: 2528K(2560K)->864K(3072K)
[14766.335s][info][gc,heap        ] GC(34114) ParOldGen: 457354K(457728K)->459498K(460800K)
[14766.335s][info][gc,metaspace   ] GC(34114) Metaspace: 62397K(62656K)->62397K(62656K) NonClass: 53358K(53504K)->53358K(53504K) Class: 9039K(9152K)->9039K(9152K)
[14766.335s][info][gc             ] GC(34114) Pause Young (Allocation Failure) 528M->449M(532M) 4.459ms
[14766.335s][info][gc,cpu         ] GC(34114) User=0.01s Sys=0.00s Real=0.00s
[14766.784s][info][gc,start       ] GC(34115) Pause Young (Allocation Failure)
[14766.787s][info][gc,heap        ] GC(34115) PSYoungGen: 81760K(83968K)->320K(84480K) Eden: 80896K(80896K)->0K(81920K) From: 864K(3072K)->320K(2560K)
[14766.787s][info][gc,heap        ] GC(34115) ParOldGen: 459498K(460800K)->459650K(460800K)
[14766.787s][info][gc,metaspace   ] GC(34115) Metaspace: 62397K(62656K)->62397K(62656K) NonClass: 53358K(53504K)->53358K(53504K) Class: 9039K(9152K)->9039K(9152K)
[14766.787s][info][gc             ] GC(34115) Pause Young (Allocation Failure) 528M->449M(532M) 3.058ms
[14766.787s][info][gc,cpu         ] GC(34115) User=0.01s Sys=0.00s Real=0.01s
[14767.178s][info][gc,start       ] GC(34116) Pause Young (Allocation Failure)
[14767.181s][info][gc,heap        ] GC(34116) PSYoungGen: 82240K(84480K)->256K(84480K) Eden: 81920K(81920K)->0K(81920K) From: 320K(2560K)->256K(2560K)
[14767.181s][info][gc,heap        ] GC(34116) ParOldGen: 459650K(460800K)->459786K(460800K)
[14767.181s][info][gc,metaspace   ] GC(34116) Metaspace: 62397K(62656K)->62397K(62656K) NonClass: 53358K(53504K)->53358K(53504K) Class: 9039K(9152K)->9039K(9152K)
[14767.181s][info][gc             ] GC(34116) Pause Young (Allocation Failure) 529M->449M(532M) 2.874ms
[14767.181s][info][gc,cpu         ] GC(34116) User=0.01s Sys=0.00s Real=0.00s
[14767.617s][info][gc,start       ] GC(34117) Pause Young (Allocation Failure)
[14767.621s][info][gc,heap        ] GC(34117) PSYoungGen: 82176K(84480K)->672K(84480K) Eden: 81920K(81920K)->0K(81920K) From: 256K(2560K)->672K(2560K)
[14767.621s][info][gc,heap        ] GC(34117) ParOldGen: 459786K(460800K)->459938K(460800K)
[14767.621s][info][gc,metaspace   ] GC(34117) Metaspace: 62397K(62656K)->62397K(62656K) NonClass: 53358K(53504K)->53358K(53504K) Class: 9039K(9152K)->9039K(9152K)
[14767.621s][info][gc             ] GC(34117) Pause Young (Allocation Failure) 529M->449M(532M) 3.433ms
[14767.621s][info][gc,cpu         ] GC(34117) User=0.01s Sys=0.00s Real=0.00s
[14768.070s][info][gc,start       ] GC(34118) Pause Young (Allocation Failure)
[14768.074s][info][gc,heap        ] GC(34118) PSYoungGen: 82592K(84480K)->1312K(84480K) Eden: 81920K(81920K)->0K(81920K) From: 672K(2560K)->1312K(2560K)
[14768.074s][info][gc,heap        ] GC(34118) ParOldGen: 459938K(460800K)->460090K(460800K)
[14768.074s][info][gc,metaspace   ] GC(34118) Metaspace: 62397K(62656K)->62397K(62656K) NonClass: 53358K(53504K)->53358K(53504K) Class: 9039K(9152K)->9039K(9152K)
[14768.074s][info][gc             ] GC(34118) Pause Young (Allocation Failure) 529M->450M(532M) 3.999ms
[14768.074s][info][gc,cpu         ] GC(34118) User=0.01s Sys=0.00s Real=0.00s
[14768.497s][info][gc,start       ] GC(34119) Pause Young (Allocation Failure)
[14768.500s][info][gc,heap        ] GC(34119) PSYoungGen: 83232K(84480K)->480K(84480K) Eden: 81920K(81920K)->0K(81920K) From: 1312K(2560K)->480K(2560K)
[14768.500s][info][gc,heap        ] GC(34119) ParOldGen: 460090K(460800K)->460242K(460800K)
[14768.500s][info][gc,metaspace   ] GC(34119) Metaspace: 62397K(62656K)->62397K(62656K) NonClass: 53358K(53504K)->53358K(53504K) Class: 9039K(9152K)->9039K(9152K)
[14768.500s][info][gc             ] GC(34119) Pause Young (Allocation Failure) 530M->449M(532M) 3.168ms
[14768.500s][info][gc,cpu         ] GC(34119) User=0.00s Sys=0.00s Real=0.00s
[14768.947s][info][gc,start       ] GC(34120) Pause Young (Allocation Failure)
[14768.950s][info][gc,heap        ] GC(34120) PSYoungGen: 82400K(84480K)->1056K(84480K) Eden: 81920K(81920K)->0K(81920K) From: 480K(2560K)->1056K(2560K)
[14768.951s][info][gc,heap        ] GC(34120) ParOldGen: 460242K(460800K)->460386K(460800K)
[14768.951s][info][gc,metaspace   ] GC(34120) Metaspace: 62397K(62656K)->62397K(62656K) NonClass: 53358K(53504K)->53358K(53504K) Class: 9039K(9152K)->9039K(9152K)
[14768.951s][info][gc             ] GC(34120) Pause Young (Allocation Failure) 529M->450M(532M) 3.896ms
[14768.951s][info][gc,cpu         ] GC(34120) User=0.00s Sys=0.00s Real=0.00s
[14769.386s][info][gc,start       ] GC(34121) Pause Young (Allocation Failure)
[14769.389s][info][gc,heap        ] GC(34121) PSYoungGen: 82976K(84480K)->352K(84480K) Eden: 81920K(81920K)->0K(81920K) From: 1056K(2560K)->352K(2560K)
[14769.389s][info][gc,heap        ] GC(34121) ParOldGen: 460386K(460800K)->460538K(460800K)
[14769.389s][info][gc,metaspace   ] GC(34121) Metaspace: 62399K(62656K)->62399K(62656K) NonClass: 53359K(53504K)->53359K(53504K) Class: 9039K(9152K)->9039K(9152K)
[14769.390s][info][gc             ] GC(34121) Pause Young (Allocation Failure) 530M->450M(532M) 3.046ms
[14769.390s][info][gc,cpu         ] GC(34121) User=0.01s Sys=0.00s Real=0.00s
[14769.827s][info][gc,start       ] GC(34122) Pause Young (Allocation Failure)
[14769.831s][info][gc,heap        ] GC(34122) PSYoungGen: 82272K(84480K)->832K(84480K) Eden: 81920K(81920K)->0K(81920K) From: 352K(2560K)->832K(2560K)
[14769.831s][info][gc,heap        ] GC(34122) ParOldGen: 460538K(460800K)->460682K(460800K)
[14769.831s][info][gc,metaspace   ] GC(34122) Metaspace: 62399K(62656K)->62399K(62656K) NonClass: 53359K(53504K)->53359K(53504K) Class: 9039K(9152K)->9039K(9152K)
[14769.831s][info][gc             ] GC(34122) Pause Young (Allocation Failure) 530M->450M(532M) 3.483ms
[14769.831s][info][gc,cpu         ] GC(34122) User=0.01s Sys=0.00s Real=0.00s
[14770.268s][info][gc,start       ] GC(34123) Pause Young (Allocation Failure)
[14770.273s][info][gc,heap        ] GC(34123) PSYoungGen: 82752K(84480K)->1376K(84480K) Eden: 81920K(81920K)->0K(81920K) From: 832K(2560K)->1376K(2560K)
[14770.273s][info][gc,heap        ] GC(34123) ParOldGen: 460682K(460800K)->460834K(461312K)
[14770.273s][info][gc,metaspace   ] GC(34123) Metaspace: 62399K(62656K)->62399K(62656K) NonClass: 53359K(53504K)->53359K(53504K) Class: 9039K(9152K)->9039K(9152K)
[14770.273s][info][gc             ] GC(34123) Pause Young (Allocation Failure) 530M->451M(533M) 4.159ms
[14770.273s][info][gc,cpu         ] GC(34123) User=0.00s Sys=0.00s Real=0.00s
[14770.720s][info][gc,start       ] GC(34124) Pause Young (Allocation Failure)
[14770.724s][info][gc,heap        ] GC(34124) PSYoungGen: 83296K(84480K)->800K(84480K) Eden: 81920K(81920K)->0K(81920K) From: 1376K(2560K)->800K(2560K)
[14770.724s][info][gc,heap        ] GC(34124) ParOldGen: 460834K(461312K)->461002K(461312K)
[14770.724s][info][gc,metaspace   ] GC(34124) Metaspace: 62399K(62656K)->62399K(62656K) NonClass: 53359K(53504K)->53359K(53504K) Class: 9039K(9152K)->9039K(9152K)
[14770.724s][info][gc             ] GC(34124) Pause Young (Allocation Failure) 531M->450M(533M) 3.563ms
[14770.724s][info][gc,cpu         ] GC(34124) User=0.00s Sys=0.00s Real=0.00s
[14771.174s][info][gc,start       ] GC(34125) Pause Young (Allocation Failure)
[14771.178s][info][gc,heap        ] GC(34125) PSYoungGen: 82720K(84480K)->1344K(83968K) Eden: 81920K(81920K)->0K(81920K) From: 800K(2560K)->1344K(2048K)
[14771.178s][info][gc,heap        ] GC(34125) ParOldGen: 461002K(461312K)->461154K(461312K)
[14771.178s][info][gc,metaspace   ] GC(34125) Metaspace: 62399K(62656K)->62399K(62656K) NonClass: 53359K(53504K)->53359K(53504K) Class: 9039K(9152K)->9039K(9152K)
[14771.178s][info][gc             ] GC(34125) Pause Young (Allocation Failure) 530M->451M(532M) 4.184ms
[14771.179s][info][gc,cpu         ] GC(34125) User=0.01s Sys=0.00s Real=0.01s
[14771.604s][info][gc,start       ] GC(34126) Pause Young (Allocation Failure)
[14771.608s][info][gc,heap        ] GC(34126) PSYoungGen: 82587K(83968K)->576K(84480K) Eden: 81243K(81920K)->0K(81920K) From: 1344K(2048K)->576K(2560K)
[14771.608s][info][gc,heap        ] GC(34126) ParOldGen: 461154K(461312K)->461306K(461312K)
[14771.608s][info][gc,metaspace   ] GC(34126) Metaspace: 62399K(62656K)->62399K(62656K) NonClass: 53359K(53504K)->53359K(53504K) Class: 9039K(9152K)->9039K(9152K)
[14771.608s][info][gc             ] GC(34126) Pause Young (Allocation Failure) 530M->451M(533M) 3.312ms
[14771.608s][info][gc,cpu         ] GC(34126) User=0.00s Sys=0.00s Real=0.01s
[14772.005s][info][gc,start       ] GC(34127) Pause Young (Allocation Failure)
[14772.009s][info][gc,heap        ] GC(34127) PSYoungGen: 82496K(84480K)->1632K(83968K) Eden: 81920K(81920K)->0K(81920K) From: 576K(2560K)->1632K(2048K)
[14772.009s][info][gc,heap        ] GC(34127) ParOldGen: 461306K(461312K)->462490K(463360K)
[14772.009s][info][gc,metaspace   ] GC(34127) Metaspace: 62399K(62656K)->62399K(62656K) NonClass: 53359K(53504K)->53359K(53504K) Class: 9039K(9152K)->9039K(9152K)
[14772.009s][info][gc             ] GC(34127) Pause Young (Allocation Failure) 531M->453M(534M) 4.121ms
[14772.009s][info][gc,cpu         ] GC(34127) User=0.01s Sys=0.00s Real=0.01s
[14772.445s][info][gc,start       ] GC(34128) Pause Young (Allocation Failure)
[14772.450s][info][gc,heap        ] GC(34128) PSYoungGen: 83552K(83968K)->1152K(84480K) Eden: 81920K(81920K)->0K(81920K) From: 1632K(2048K)->1152K(2560K)
[14772.450s][info][gc,heap        ] GC(34128) ParOldGen: 462490K(463360K)->464690K(464896K)
[14772.450s][info][gc,metaspace   ] GC(34128) Metaspace: 62399K(62656K)->62399K(62656K) NonClass: 53359K(53504K)->53359K(53504K) Class: 9039K(9152K)->9039K(9152K)
[14772.450s][info][gc             ] GC(34128) Pause Young (Allocation Failure) 533M->454M(536M) 5.045ms
[14772.450s][info][gc,cpu         ] GC(34128) User=0.01s Sys=0.00s Real=0.01s
[14772.901s][info][gc,start       ] GC(34129) Pause Young (Allocation Failure)
[14772.904s][info][gc,heap        ] GC(34129) PSYoungGen: 83072K(84480K)->688K(84480K) Eden: 81920K(81920K)->0K(81920K) From: 1152K(2560K)->688K(2560K)
[14772.904s][info][gc,heap        ] GC(34129) ParOldGen: 464690K(464896K)->464842K(464896K)
[14772.904s][info][gc,metaspace   ] GC(34129) Metaspace: 62399K(62656K)->62399K(62656K) NonClass: 53359K(53504K)->53359K(53504K) Class: 9039K(9152K)->9039K(9152K)
[14772.904s][info][gc             ] GC(34129) Pause Young (Allocation Failure) 534M->454M(536M) 3.302ms
[14772.904s][info][gc,cpu         ] GC(34129) User=0.01s Sys=0.00s Real=0.00s
[14773.341s][info][gc,start       ] GC(34130) Pause Young (Allocation Failure)
[14773.345s][info][gc,heap        ] GC(34130) PSYoungGen: 82608K(84480K)->928K(84480K) Eden: 81920K(81920K)->0K(81920K) From: 688K(2560K)->928K(2560K)
[14773.345s][info][gc,heap        ] GC(34130) ParOldGen: 464842K(464896K)->465130K(465408K)
[14773.345s][info][gc,metaspace   ] GC(34130) Metaspace: 62399K(62656K)->62399K(62656K) NonClass: 53359K(53504K)->53359K(53504K) Class: 9039K(9152K)->9039K(9152K)
[14773.345s][info][gc             ] GC(34130) Pause Young (Allocation Failure) 534M->455M(537M) 3.740ms
[14773.345s][info][gc,cpu         ] GC(34130) User=0.01s Sys=0.00s Real=0.00s
[14773.787s][info][gc,start       ] GC(34131) Pause Young (Allocation Failure)
[14773.790s][info][gc,heap        ] GC(34131) PSYoungGen: 82848K(84480K)->352K(84992K) Eden: 81920K(81920K)->0K(82944K) From: 928K(2560K)->352K(2048K)
[14773.790s][info][gc,heap        ] GC(34131) ParOldGen: 465130K(465408K)->465274K(465408K)
[14773.790s][info][gc,metaspace   ] GC(34131) Metaspace: 62399K(62656K)->62399K(62656K) NonClass: 53359K(53504K)->53359K(53504K) Class: 9039K(9152K)->9039K(9152K)
[14773.790s][info][gc             ] GC(34131) Pause Young (Allocation Failure) 535M->454M(537M) 3.059ms
[14773.790s][info][gc,cpu         ] GC(34131) User=0.01s Sys=0.00s Real=0.00s
[14774.211s][info][gc,start       ] GC(34132) Pause Young (Allocation Failure)
[14774.214s][info][gc,heap        ] GC(34132) PSYoungGen: 83296K(84992K)->672K(84992K) Eden: 82944K(82944K)->0K(82944K) From: 352K(2048K)->672K(2048K)
[14774.214s][info][gc,heap        ] GC(34132) ParOldGen: 465274K(465408K)->465410K(465920K)
[14774.214s][info][gc,metaspace   ] GC(34132) Metaspace: 62399K(62656K)->62399K(62656K) NonClass: 53359K(53504K)->53359K(53504K) Class: 9039K(9152K)->9039K(9152K)
[14774.214s][info][gc             ] GC(34132) Pause Young (Allocation Failure) 535M->455M(538M) 3.316ms
[14774.214s][info][gc,cpu         ] GC(34132) User=0.00s Sys=0.01s Real=0.00s
[14774.601s][info][gc,start       ] GC(34133) Pause Young (Allocation Failure)
[14774.604s][info][gc,heap        ] GC(34133) PSYoungGen: 83616K(84992K)->576K(84992K) Eden: 82944K(82944K)->0K(82944K) From: 672K(2048K)->576K(2048K)
[14774.604s][info][gc,heap        ] GC(34133) ParOldGen: 465410K(465920K)->465554K(465920K)
[14774.604s][info][gc,metaspace   ] GC(34133) Metaspace: 62399K(62656K)->62399K(62656K) NonClass: 53359K(53504K)->53359K(53504K) Class: 9039K(9152K)->9039K(9152K)
[14774.604s][info][gc             ] GC(34133) Pause Young (Allocation Failure) 536M->455M(538M) 3.265ms
[14774.604s][info][gc,cpu         ] GC(34133) User=0.01s Sys=0.00s Real=0.00s
[14775.007s][info][gc,start       ] GC(34134) Pause Young (Allocation Failure)
[14775.010s][info][gc,heap        ] GC(34134) PSYoungGen: 83520K(84992K)->672K(84992K) Eden: 82944K(82944K)->0K(82944K) From: 576K(2048K)->672K(2048K)
[14775.010s][info][gc,heap        ] GC(34134) ParOldGen: 465554K(465920K)->465706K(465920K)
[14775.010s][info][gc,metaspace   ] GC(34134) Metaspace: 62399K(62656K)->62399K(62656K) NonClass: 53359K(53504K)->53359K(53504K) Class: 9039K(9152K)->9039K(9152K)
[14775.010s][info][gc             ] GC(34134) Pause Young (Allocation Failure) 536M->455M(538M) 3.215ms
[14775.010s][info][gc,cpu         ] GC(34134) User=0.01s Sys=0.00s Real=0.00s
[14775.422s][info][gc,start       ] GC(34135) Pause Young (Allocation Failure)
[14775.425s][info][gc,heap        ] GC(34135) PSYoungGen: 83616K(84992K)->832K(84992K) Eden: 82944K(82944K)->0K(82944K) From: 672K(2048K)->832K(2048K)
[14775.425s][info][gc,heap        ] GC(34135) ParOldGen: 465706K(465920K)->465850K(465920K)
[14775.425s][info][gc,metaspace   ] GC(34135) Metaspace: 62399K(62656K)->62399K(62656K) NonClass: 53359K(53504K)->53359K(53504K) Class: 9039K(9152K)->9039K(9152K)
[14775.425s][info][gc             ] GC(34135) Pause Young (Allocation Failure) 536M->455M(538M) 3.503ms
[14775.425s][info][gc,cpu         ] GC(34135) User=0.01s Sys=0.00s Real=0.00s
[14775.819s][info][gc,start       ] GC(34136) Pause Young (Allocation Failure)
[14775.823s][info][gc,heap        ] GC(34136) PSYoungGen: 83776K(84992K)->800K(84992K) Eden: 82944K(82944K)->0K(82944K) From: 832K(2048K)->800K(2048K)
[14775.823s][info][gc,heap        ] GC(34136) ParOldGen: 465850K(465920K)->466002K(466432K)
[14775.823s][info][gc,metaspace   ] GC(34136) Metaspace: 62399K(62656K)->62399K(62656K) NonClass: 53359K(53504K)->53359K(53504K) Class: 9039K(9152K)->9039K(9152K)
[14775.823s][info][gc             ] GC(34136) Pause Young (Allocation Failure) 536M->455M(538M) 3.471ms
[14775.823s][info][gc,cpu         ] GC(34136) User=0.00s Sys=0.00s Real=0.00s
[14776.278s][info][gc,start       ] GC(34137) Pause Young (Allocation Failure)
[14776.281s][info][gc,heap        ] GC(34137) PSYoungGen: 83744K(84992K)->224K(84992K) Eden: 82944K(82944K)->0K(82944K) From: 800K(2048K)->224K(2048K)
[14776.281s][info][gc,heap        ] GC(34137) ParOldGen: 466002K(466432K)->466154K(466432K)
[14776.281s][info][gc,metaspace   ] GC(34137) Metaspace: 62399K(62656K)->62399K(62656K) NonClass: 53359K(53504K)->53359K(53504K) Class: 9039K(9152K)->9039K(9152K)
[14776.281s][info][gc             ] GC(34137) Pause Young (Allocation Failure) 536M->455M(538M) 2.944ms
[14776.281s][info][gc,cpu         ] GC(34137) User=0.01s Sys=0.00s Real=0.00s
[14776.706s][info][gc,start       ] GC(34138) Pause Young (Allocation Failure)
[14776.710s][info][gc,heap        ] GC(34138) PSYoungGen: 83168K(84992K)->608K(84992K) Eden: 82944K(82944K)->0K(82944K) From: 224K(2048K)->608K(2048K)
[14776.710s][info][gc,heap        ] GC(34138) ParOldGen: 466154K(466432K)->466298K(466432K)
[14776.710s][info][gc,metaspace   ] GC(34138) Metaspace: 62399K(62656K)->62399K(62656K) NonClass: 53359K(53504K)->53359K(53504K) Class: 9039K(9152K)->9039K(9152K)
[14776.710s][info][gc             ] GC(34138) Pause Young (Allocation Failure) 536M->455M(538M) 4.212ms
[14776.710s][info][gc,cpu         ] GC(34138) User=0.01s Sys=0.00s Real=0.01s
[14777.137s][info][gc,start       ] GC(34139) Pause Young (Allocation Failure)
[14777.140s][info][gc,heap        ] GC(34139) PSYoungGen: 83552K(84992K)->896K(84992K) Eden: 82944K(82944K)->0K(82944K) From: 608K(2048K)->896K(2048K)
[14777.140s][info][gc,heap        ] GC(34139) ParOldGen: 466298K(466432K)->466442K(466944K)
[14777.140s][info][gc,metaspace   ] GC(34139) Metaspace: 62399K(62656K)->62399K(62656K) NonClass: 53359K(53504K)->53359K(53504K) Class: 9039K(9152K)->9039K(9152K)
[14777.140s][info][gc             ] GC(34139) Pause Young (Allocation Failure) 536M->456M(539M) 3.678ms
[14777.141s][info][gc,cpu         ] GC(34139) User=0.01s Sys=0.00s Real=0.00s
[14777.577s][info][gc,start       ] GC(34140) Pause Young (Allocation Failure)
[14777.581s][info][gc,heap        ] GC(34140) PSYoungGen: 83840K(84992K)->1248K(84992K) Eden: 82944K(82944K)->0K(82944K) From: 896K(2048K)->1248K(2048K)
[14777.581s][info][gc,heap        ] GC(34140) ParOldGen: 466442K(466944K)->467610K(468480K)
[14777.581s][info][gc,metaspace   ] GC(34140) Metaspace: 62399K(62656K)->62399K(62656K) NonClass: 53359K(53504K)->53359K(53504K) Class: 9039K(9152K)->9039K(9152K)
[14777.581s][info][gc             ] GC(34140) Pause Young (Allocation Failure) 537M->457M(540M) 3.584ms
[14777.581s][info][gc,cpu         ] GC(34140) User=0.01s Sys=0.00s Real=0.00s
[14778.042s][info][gc,start       ] GC(34141) Pause Young (Allocation Failure)
[14778.046s][info][gc,heap        ] GC(34141) PSYoungGen: 84192K(84992K)->992K(84992K) Eden: 82944K(82944K)->0K(82944K) From: 1248K(2048K)->992K(2048K)
[14778.046s][info][gc,heap        ] GC(34141) ParOldGen: 467610K(468480K)->469802K(470016K)
[14778.046s][info][gc,metaspace   ] GC(34141) Metaspace: 62399K(62656K)->62399K(62656K) NonClass: 53359K(53504K)->53359K(53504K) Class: 9039K(9152K)->9039K(9152K)
[14778.046s][info][gc             ] GC(34141) Pause Young (Allocation Failure) 538M->459M(542M) 4.866ms
[14778.046s][info][gc,cpu         ] GC(34141) User=0.01s Sys=0.00s Real=0.01s
[14778.524s][info][gc,start       ] GC(34142) Pause Young (Allocation Failure)
[14778.527s][info][gc,heap        ] GC(34142) PSYoungGen: 83936K(84992K)->768K(84992K) Eden: 82944K(82944K)->0K(82944K) From: 992K(2048K)->768K(2048K)
[14778.527s][info][gc,heap        ] GC(34142) ParOldGen: 469802K(470016K)->469946K(470016K)
[14778.527s][info][gc,metaspace   ] GC(34142) Metaspace: 62399K(62656K)->62399K(62656K) NonClass: 53359K(53504K)->53359K(53504K) Class: 9039K(9152K)->9039K(9152K)
[14778.527s][info][gc             ] GC(34142) Pause Young (Allocation Failure) 540M->459M(542M) 3.352ms
[14778.527s][info][gc,cpu         ] GC(34142) User=0.00s Sys=0.00s Real=0.01s
[14779.032s][info][gc,start       ] GC(34143) Pause Young (Allocation Failure)
[14779.036s][info][gc,heap        ] GC(34143) PSYoungGen: 83712K(84992K)->864K(85504K) Eden: 82944K(82944K)->0K(83456K) From: 768K(2048K)->864K(2048K)
[14779.036s][info][gc,heap        ] GC(34143) ParOldGen: 469946K(470016K)->470082K(470528K)
[14779.036s][info][gc,metaspace   ] GC(34143) Metaspace: 62399K(62656K)->62399K(62656K) NonClass: 53359K(53504K)->53359K(53504K) Class: 9039K(9152K)->9039K(9152K)
[14779.036s][info][gc             ] GC(34143) Pause Young (Allocation Failure) 540M->459M(543M) 3.723ms
[14779.036s][info][gc,cpu         ] GC(34143) User=0.01s Sys=0.00s Real=0.00s
[14779.512s][info][gc,start       ] GC(34144) Pause Young (Allocation Failure)
[14779.515s][info][gc,heap        ] GC(34144) PSYoungGen: 84320K(85504K)->608K(84992K) Eden: 83456K(83456K)->0K(83456K) From: 864K(2048K)->608K(1536K)
[14779.515s][info][gc,heap        ] GC(34144) ParOldGen: 470082K(470528K)->470242K(470528K)
[14779.515s][info][gc,metaspace   ] GC(34144) Metaspace: 62399K(62656K)->62399K(62656K) NonClass: 53359K(53504K)->53359K(53504K) Class: 9039K(9152K)->9039K(9152K)
[14779.515s][info][gc             ] GC(34144) Pause Young (Allocation Failure) 541M->459M(542M) 3.471ms
[14779.515s][info][gc,cpu         ] GC(34144) User=0.01s Sys=0.00s Real=0.00s
[14779.991s][info][gc,start       ] GC(34145) Pause Young (Allocation Failure)
[14779.994s][info][gc,heap        ] GC(34145) PSYoungGen: 84064K(84992K)->384K(85504K) Eden: 83456K(83456K)->0K(83968K) From: 608K(1536K)->384K(1536K)
[14779.994s][info][gc,heap        ] GC(34145) ParOldGen: 470242K(470528K)->470394K(470528K)
[14779.994s][info][gc,metaspace   ] GC(34145) Metaspace: 62399K(62656K)->62399K(62656K) NonClass: 53359K(53504K)->53359K(53504K) Class: 9039K(9152K)->9039K(9152K)
[14779.994s][info][gc             ] GC(34145) Pause Young (Allocation Failure) 541M->459M(543M) 3.108ms
[14779.994s][info][gc,cpu         ] GC(34145) User=0.00s Sys=0.00s Real=0.00s
[14780.453s][info][gc,start       ] GC(34146) Pause Young (Allocation Failure)
[14780.458s][info][gc,heap        ] GC(34146) PSYoungGen: 84352K(85504K)->1152K(85504K) Eden: 83968K(83968K)->0K(83968K) From: 384K(1536K)->1152K(1536K)
[14780.458s][info][gc,heap        ] GC(34146) ParOldGen: 470394K(470528K)->470546K(471040K)
[14780.458s][info][gc,metaspace   ] GC(34146) Metaspace: 62399K(62656K)->62399K(62656K) NonClass: 53359K(53504K)->53359K(53504K) Class: 9039K(9152K)->9039K(9152K)
[14780.458s][info][gc             ] GC(34146) Pause Young (Allocation Failure) 541M->460M(543M) 4.288ms
[14780.458s][info][gc,cpu         ] GC(34146) User=0.01s Sys=0.00s Real=0.01s
[14780.916s][info][gc,start       ] GC(34147) Pause Young (Allocation Failure)
[14780.920s][info][gc,heap        ] GC(34147) PSYoungGen: 85120K(85504K)->704K(85504K) Eden: 83968K(83968K)->0K(83968K) From: 1152K(1536K)->704K(1536K)
[14780.920s][info][gc,heap        ] GC(34147) ParOldGen: 470546K(471040K)->470698K(471040K)
[14780.920s][info][gc,metaspace   ] GC(34147) Metaspace: 62399K(62656K)->62399K(62656K) NonClass: 53359K(53504K)->53359K(53504K) Class: 9039K(9152K)->9039K(9152K)
[14780.920s][info][gc             ] GC(34147) Pause Young (Allocation Failure) 542M->460M(543M) 3.362ms
[14780.920s][info][gc,cpu         ] GC(34147) User=0.01s Sys=0.00s Real=0.01s
[14781.404s][info][gc,start       ] GC(34148) Pause Young (Allocation Failure)
[14781.407s][info][gc,heap        ] GC(34148) PSYoungGen: 84672K(85504K)->576K(85504K) Eden: 83968K(83968K)->0K(83968K) From: 704K(1536K)->576K(1536K)
[14781.407s][info][gc,heap        ] GC(34148) ParOldGen: 470698K(471040K)->470842K(471040K)
[14781.407s][info][gc,metaspace   ] GC(34148) Metaspace: 62399K(62656K)->62399K(62656K) NonClass: 53359K(53504K)->53359K(53504K) Class: 9039K(9152K)->9039K(9152K)
[14781.407s][info][gc             ] GC(34148) Pause Young (Allocation Failure) 542M->460M(543M) 3.329ms
[14781.408s][info][gc,cpu         ] GC(34148) User=0.01s Sys=0.00s Real=0.01s
[14781.898s][info][gc,start       ] GC(34149) Pause Young (Allocation Failure)
[14781.902s][info][gc,heap        ] GC(34149) PSYoungGen: 84544K(85504K)->512K(85504K) Eden: 83968K(83968K)->0K(83968K) From: 576K(1536K)->512K(1536K)
[14781.902s][info][gc,heap        ] GC(34149) ParOldGen: 470842K(471040K)->470994K(471040K)
[14781.902s][info][gc,metaspace   ] GC(34149) Metaspace: 62399K(62656K)->62399K(62656K) NonClass: 53359K(53504K)->53359K(53504K) Class: 9039K(9152K)->9039K(9152K)
[14781.902s][info][gc             ] GC(34149) Pause Young (Allocation Failure) 542M->460M(543M) 3.348ms
[14781.902s][info][gc,cpu         ] GC(34149) User=0.01s Sys=0.00s Real=0.00s
[14782.374s][info][gc,start       ] GC(34150) Pause Young (Allocation Failure)
[14782.378s][info][gc,heap        ] GC(34150) PSYoungGen: 84480K(85504K)->1520K(85504K) Eden: 83968K(83968K)->0K(83968K) From: 512K(1536K)->1520K(1536K)
[14782.378s][info][gc,heap        ] GC(34150) ParOldGen: 470994K(471040K)->471186K(471552K)
[14782.378s][info][gc,metaspace   ] GC(34150) Metaspace: 62399K(62656K)->62399K(62656K) NonClass: 53359K(53504K)->53359K(53504K) Class: 9039K(9152K)->9039K(9152K)
[14782.378s][info][gc             ] GC(34150) Pause Young (Allocation Failure) 542M->461M(544M) 4.575ms
[14782.378s][info][gc,cpu         ] GC(34150) User=0.01s Sys=0.00s Real=0.01s
[14782.847s][info][gc,start       ] GC(34151) Pause Young (Allocation Failure)
[14782.850s][info][gc,heap        ] GC(34151) PSYoungGen: 85488K(85504K)->1024K(84480K) Eden: 83968K(83968K)->0K(82944K) From: 1520K(1536K)->1024K(1536K)
[14782.850s][info][gc,heap        ] GC(34151) ParOldGen: 471186K(471552K)->471346K(471552K)
[14782.850s][info][gc,metaspace   ] GC(34151) Metaspace: 62399K(62656K)->62399K(62656K) NonClass: 53359K(53504K)->53359K(53504K) Class: 9039K(9152K)->9039K(9152K)
[14782.850s][info][gc             ] GC(34151) Pause Young (Allocation Failure) 543M->461M(543M) 3.538ms
[14782.850s][info][gc,cpu         ] GC(34151) User=0.01s Sys=0.00s Real=0.00s
[14783.298s][info][gc,start       ] GC(34152) Pause Young (Allocation Failure)
[14783.301s][info][gc,heap        ] GC(34152) PSYoungGen: 83968K(84480K)->480K(84992K) Eden: 82944K(82944K)->0K(82944K) From: 1024K(1536K)->480K(2048K)
[14783.301s][info][gc,heap        ] GC(34152) ParOldGen: 471346K(471552K)->471506K(471552K)
[14783.301s][info][gc,metaspace   ] GC(34152) Metaspace: 62399K(62656K)->62399K(62656K) NonClass: 53359K(53504K)->53359K(53504K) Class: 9039K(9152K)->9039K(9152K)
[14783.301s][info][gc             ] GC(34152) Pause Young (Allocation Failure) 542M->460M(543M) 3.149ms
[14783.301s][info][gc,cpu         ] GC(34152) User=0.00s Sys=0.00s Real=0.00s
[14783.747s][info][gc,start       ] GC(34153) Pause Young (Allocation Failure)
[14783.751s][info][gc,heap        ] GC(34153) PSYoungGen: 83424K(84992K)->2016K(83968K) Eden: 82944K(82944K)->0K(81920K) From: 480K(2048K)->2016K(2048K)
[14783.751s][info][gc,heap        ] GC(34153) ParOldGen: 471506K(471552K)->472714K(473088K)
[14783.751s][info][gc,metaspace   ] GC(34153) Metaspace: 62399K(62656K)->62399K(62656K) NonClass: 53359K(53504K)->53359K(53504K) Class: 9039K(9152K)->9039K(9152K)
[14783.751s][info][gc             ] GC(34153) Pause Young (Allocation Failure) 541M->463M(544M) 4.322ms
[14783.751s][info][gc,cpu         ] GC(34153) User=0.01s Sys=0.00s Real=0.00s
[14784.189s][info][gc,start       ] GC(34154) Pause Young (Allocation Failure)
[14784.194s][info][gc,heap        ] GC(34154) PSYoungGen: 83936K(83968K)->384K(84480K) Eden: 81920K(81920K)->0K(81920K) From: 2016K(2048K)->384K(2560K)
[14784.194s][info][gc,heap        ] GC(34154) ParOldGen: 472714K(473088K)->474898K(476160K)
[14784.194s][info][gc,metaspace   ] GC(34154) Metaspace: 62399K(62656K)->62399K(62656K) NonClass: 53359K(53504K)->53359K(53504K) Class: 9039K(9152K)->9039K(9152K)
[14784.194s][info][gc             ] GC(34154) Pause Young (Allocation Failure) 543M->464M(547M) 4.305ms
[14784.194s][info][gc,cpu         ] GC(34154) User=0.00s Sys=0.00s Real=0.00s
[14784.666s][info][gc,start       ] GC(34155) Pause Young (Allocation Failure)
[14784.670s][info][gc,heap        ] GC(34155) PSYoungGen: 82304K(84480K)->1280K(84480K) Eden: 81920K(81920K)->0K(81920K) From: 384K(2560K)->1280K(2560K)
[14784.670s][info][gc,heap        ] GC(34155) ParOldGen: 474898K(476160K)->475058K(476160K)
[14784.670s][info][gc,metaspace   ] GC(34155) Metaspace: 62399K(62656K)->62399K(62656K) NonClass: 53359K(53504K)->53359K(53504K) Class: 9039K(9152K)->9039K(9152K)
[14784.670s][info][gc             ] GC(34155) Pause Young (Allocation Failure) 544M->465M(547M) 4.235ms
[14784.671s][info][gc,cpu         ] GC(34155) User=0.01s Sys=0.00s Real=0.01s
[14785.131s][info][gc,start       ] GC(34156) Pause Young (Allocation Failure)
[14785.135s][info][gc,heap        ] GC(34156) PSYoungGen: 83200K(84480K)->928K(84480K) Eden: 81920K(81920K)->0K(81920K) From: 1280K(2560K)->928K(2560K)
[14785.135s][info][gc,heap        ] GC(34156) ParOldGen: 475058K(476160K)->475202K(476160K)
[14785.135s][info][gc,metaspace   ] GC(34156) Metaspace: 62399K(62656K)->62399K(62656K) NonClass: 53359K(53504K)->53359K(53504K) Class: 9039K(9152K)->9039K(9152K)
[14785.135s][info][gc             ] GC(34156) Pause Young (Allocation Failure) 545M->464M(547M) 3.728ms
[14785.135s][info][gc,cpu         ] GC(34156) User=0.01s Sys=0.00s Real=0.00s
[14785.564s][info][gc,start       ] GC(34157) Pause Young (Allocation Failure)
[14785.568s][info][gc,heap        ] GC(34157) PSYoungGen: 82848K(84480K)->1216K(84480K) Eden: 81920K(81920K)->0K(81920K) From: 928K(2560K)->1216K(2560K)
[14785.568s][info][gc,heap        ] GC(34157) ParOldGen: 475202K(476160K)->475354K(476160K)
[14785.568s][info][gc,metaspace   ] GC(34157) Metaspace: 62399K(62656K)->62399K(62656K) NonClass: 53359K(53504K)->53359K(53504K) Class: 9039K(9152K)->9039K(9152K)
[14785.568s][info][gc             ] GC(34157) Pause Young (Allocation Failure) 544M->465M(547M) 4.054ms
[14785.568s][info][gc,cpu         ] GC(34157) User=0.01s Sys=0.00s Real=0.01s
[14785.979s][info][gc,start       ] GC(34158) Pause Young (Allocation Failure)
[14785.982s][info][gc,heap        ] GC(34158) PSYoungGen: 83136K(84480K)->256K(84480K) Eden: 81920K(81920K)->0K(81920K) From: 1216K(2560K)->256K(2560K)
[14785.982s][info][gc,heap        ] GC(34158) ParOldGen: 475354K(476160K)->475506K(476160K)
[14785.982s][info][gc,metaspace   ] GC(34158) Metaspace: 62399K(62656K)->62399K(62656K) NonClass: 53359K(53504K)->53359K(53504K) Class: 9039K(9152K)->9039K(9152K)
[14785.982s][info][gc             ] GC(34158) Pause Young (Allocation Failure) 545M->464M(547M) 2.959ms
[14785.982s][info][gc,cpu         ] GC(34158) User=0.01s Sys=0.00s Real=0.00s
[14786.430s][info][gc,start       ] GC(34159) Pause Young (Allocation Failure)
[14786.434s][info][gc,heap        ] GC(34159) PSYoungGen: 82176K(84480K)->896K(84480K) Eden: 81920K(81920K)->0K(81920K) From: 256K(2560K)->896K(2560K)
[14786.434s][info][gc,heap        ] GC(34159) ParOldGen: 475506K(476160K)->475650K(476160K)
[14786.434s][info][gc,metaspace   ] GC(34159) Metaspace: 62399K(62656K)->62399K(62656K) NonClass: 53359K(53504K)->53359K(53504K) Class: 9039K(9152K)->9039K(9152K)
[14786.434s][info][gc             ] GC(34159) Pause Young (Allocation Failure) 544M->465M(547M) 3.734ms
[14786.434s][info][gc,cpu         ] GC(34159) User=0.01s Sys=0.00s Real=0.00s
[14786.901s][info][gc,start       ] GC(34160) Pause Young (Allocation Failure)
[14786.904s][info][gc,heap        ] GC(34160) PSYoungGen: 82816K(84480K)->544K(84480K) Eden: 81920K(81920K)->0K(81920K) From: 896K(2560K)->544K(2560K)
[14786.904s][info][gc,heap        ] GC(34160) ParOldGen: 475650K(476160K)->475794K(476160K)
[14786.904s][info][gc,metaspace   ] GC(34160) Metaspace: 62399K(62656K)->62399K(62656K) NonClass: 53359K(53504K)->53359K(53504K) Class: 9039K(9152K)->9039K(9152K)
[14786.904s][info][gc             ] GC(34160) Pause Young (Allocation Failure) 545M->465M(547M) 3.144ms
[14786.904s][info][gc,cpu         ] GC(34160) User=0.01s Sys=0.00s Real=0.00s
[14787.374s][info][gc,start       ] GC(34161) Pause Young (Allocation Failure)
[14787.379s][info][gc,heap        ] GC(34161) PSYoungGen: 82464K(84480K)->1312K(84480K) Eden: 81920K(81920K)->0K(81920K) From: 544K(2560K)->1312K(2560K)
[14787.379s][info][gc,heap        ] GC(34161) ParOldGen: 475794K(476160K)->475938K(476160K)
[14787.379s][info][gc,metaspace   ] GC(34161) Metaspace: 62399K(62656K)->62399K(62656K) NonClass: 53359K(53504K)->53359K(53504K) Class: 9039K(9152K)->9039K(9152K)
[14787.379s][info][gc             ] GC(34161) Pause Young (Allocation Failure) 545M->466M(547M) 4.382ms
[14787.379s][info][gc,cpu         ] GC(34161) User=0.01s Sys=0.00s Real=0.01s
[14787.856s][info][gc,start       ] GC(34162) Pause Young (Allocation Failure)
[14787.861s][info][gc,heap        ] GC(34162) PSYoungGen: 83232K(84480K)->1120K(84480K) Eden: 81920K(81920K)->0K(81920K) From: 1312K(2560K)->1120K(2560K)
[14787.861s][info][gc,heap        ] GC(34162) ParOldGen: 475938K(476160K)->476090K(476160K)
[14787.861s][info][gc,metaspace   ] GC(34162) Metaspace: 62399K(62656K)->62399K(62656K) NonClass: 53359K(53504K)->53359K(53504K) Class: 9039K(9152K)->9039K(9152K)
[14787.861s][info][gc             ] GC(34162) Pause Young (Allocation Failure) 546M->466M(547M) 4.509ms
[14787.861s][info][gc,cpu         ] GC(34162) User=0.01s Sys=0.00s Real=0.00s
[14788.311s][info][gc,start       ] GC(34163) Pause Young (Allocation Failure)
[14788.315s][info][gc,heap        ] GC(34163) PSYoungGen: 83040K(84480K)->608K(84992K) Eden: 81920K(81920K)->0K(82432K) From: 1120K(2560K)->608K(2560K)
[14788.315s][info][gc,heap        ] GC(34163) ParOldGen: 476090K(476160K)->476242K(476672K)
[14788.315s][info][gc,metaspace   ] GC(34163) Metaspace: 62399K(62656K)->62399K(62656K) NonClass: 53359K(53504K)->53359K(53504K) Class: 9039K(9152K)->9039K(9152K)
[14788.315s][info][gc             ] GC(34163) Pause Young (Allocation Failure) 546M->465M(548M) 3.478ms
[14788.315s][info][gc,cpu         ] GC(34163) User=0.01s Sys=0.00s Real=0.00s
[14788.748s][info][gc,start       ] GC(34164) Pause Young (Allocation Failure)
[14788.752s][info][gc,heap        ] GC(34164) PSYoungGen: 83040K(84992K)->1056K(84480K) Eden: 82432K(82432K)->0K(82432K) From: 608K(2560K)->1056K(2048K)
[14788.752s][info][gc,heap        ] GC(34164) ParOldGen: 476242K(476672K)->476386K(476672K)
[14788.752s][info][gc,metaspace   ] GC(34164) Metaspace: 62399K(62656K)->62399K(62656K) NonClass: 53359K(53504K)->53359K(53504K) Class: 9039K(9152K)->9039K(9152K)
[14788.752s][info][gc             ] GC(34164) Pause Young (Allocation Failure) 546M->466M(548M) 3.991ms
[14788.752s][info][gc,cpu         ] GC(34164) User=0.01s Sys=0.01s Real=0.00s
[14789.224s][info][gc,start       ] GC(34165) Pause Young (Allocation Failure)
[14789.227s][info][gc,heap        ] GC(34165) PSYoungGen: 83488K(84480K)->736K(84992K) Eden: 82432K(82432K)->0K(82944K) From: 1056K(2048K)->736K(2048K)
[14789.227s][info][gc,heap        ] GC(34165) ParOldGen: 476386K(476672K)->476530K(476672K)
[14789.227s][info][gc,metaspace   ] GC(34165) Metaspace: 62399K(62656K)->62399K(62656K) NonClass: 53359K(53504K)->53359K(53504K) Class: 9039K(9152K)->9039K(9152K)
[14789.227s][info][gc             ] GC(34165) Pause Young (Allocation Failure) 546M->466M(548M) 3.520ms
[14789.227s][info][gc,cpu         ] GC(34165) User=0.00s Sys=0.00s Real=0.01s
[14789.697s][info][gc,start       ] GC(34166) Pause Young (Allocation Failure)
[14789.701s][info][gc,heap        ] GC(34166) PSYoungGen: 83680K(84992K)->1536K(84992K) Eden: 82944K(82944K)->0K(82944K) From: 736K(2048K)->1536K(2048K)
[14789.701s][info][gc,heap        ] GC(34166) ParOldGen: 476530K(476672K)->477698K(478208K)
[14789.701s][info][gc,metaspace   ] GC(34166) Metaspace: 62399K(62656K)->62399K(62656K) NonClass: 53359K(53504K)->53359K(53504K) Class: 9039K(9152K)->9039K(9152K)
[14789.701s][info][gc             ] GC(34166) Pause Young (Allocation Failure) 547M->468M(550M) 4.082ms
[14789.701s][info][gc,cpu         ] GC(34166) User=0.01s Sys=0.00s Real=0.00s
[14790.109s][info][gc,start       ] GC(34167) Pause Young (Allocation Failure)
[14790.114s][info][gc,heap        ] GC(34167) PSYoungGen: 84480K(84992K)->704K(84992K) Eden: 82944K(82944K)->0K(82944K) From: 1536K(2048K)->704K(2048K)
[14790.114s][info][gc,heap        ] GC(34167) ParOldGen: 477698K(478208K)->479890K(481280K)
[14790.114s][info][gc,metaspace   ] GC(34167) Metaspace: 62399K(62656K)->62399K(62656K) NonClass: 53359K(53504K)->53359K(53504K) Class: 9039K(9152K)->9039K(9152K)
[14790.114s][info][gc             ] GC(34167) Pause Young (Allocation Failure) 549M->469M(553M) 4.542ms
[14790.114s][info][gc,cpu         ] GC(34167) User=0.00s Sys=0.01s Real=0.00s
[14790.548s][info][gc,start       ] GC(34168) Pause Young (Allocation Failure)
[14790.552s][info][gc,heap        ] GC(34168) PSYoungGen: 83648K(84992K)->1152K(84992K) Eden: 82944K(82944K)->0K(82944K) From: 704K(2048K)->1152K(2048K)
[14790.552s][info][gc,heap        ] GC(34168) ParOldGen: 479890K(481280K)->480026K(481280K)
[14790.552s][info][gc,metaspace   ] GC(34168) Metaspace: 62399K(62656K)->62399K(62656K) NonClass: 53359K(53504K)->53359K(53504K) Class: 9039K(9152K)->9039K(9152K)
[14790.552s][info][gc             ] GC(34168) Pause Young (Allocation Failure) 550M->469M(553M) 3.931ms
[14790.552s][info][gc,cpu         ] GC(34168) User=0.01s Sys=0.00s Real=0.00s
[14790.999s][info][gc,start       ] GC(34169) Pause Young (Allocation Failure)
[14791.002s][info][gc,heap        ] GC(34169) PSYoungGen: 84096K(84992K)->480K(84992K) Eden: 82944K(82944K)->0K(82944K) From: 1152K(2048K)->480K(2048K)
[14791.002s][info][gc,heap        ] GC(34169) ParOldGen: 480026K(481280K)->480178K(481280K)
[14791.002s][info][gc,metaspace   ] GC(34169) Metaspace: 62399K(62656K)->62399K(62656K) NonClass: 53359K(53504K)->53359K(53504K) Class: 9039K(9152K)->9039K(9152K)
[14791.002s][info][gc             ] GC(34169) Pause Young (Allocation Failure) 550M->469M(553M) 3.353ms
[14791.002s][info][gc,cpu         ] GC(34169) User=0.01s Sys=0.00s Real=0.00s
[14791.505s][info][gc,start       ] GC(34170) Pause Young (Allocation Failure)
[14791.508s][info][gc,heap        ] GC(34170) PSYoungGen: 83424K(84992K)->656K(84992K) Eden: 82944K(82944K)->0K(82944K) From: 480K(2048K)->656K(2048K)
[14791.508s][info][gc,heap        ] GC(34170) ParOldGen: 480178K(481280K)->480330K(481280K)
[14791.508s][info][gc,metaspace   ] GC(34170) Metaspace: 62399K(62656K)->62399K(62656K) NonClass: 53359K(53504K)->53359K(53504K) Class: 9039K(9152K)->9039K(9152K)
[14791.508s][info][gc             ] GC(34170) Pause Young (Allocation Failure) 550M->469M(553M) 3.457ms
[14791.508s][info][gc,cpu         ] GC(34170) User=0.01s Sys=0.00s Real=0.01s
[14791.971s][info][gc,start       ] GC(34171) Pause Young (Allocation Failure)
[14791.975s][info][gc,heap        ] GC(34171) PSYoungGen: 83600K(84992K)->1344K(84992K) Eden: 82944K(82944K)->0K(82944K) From: 656K(2048K)->1344K(2048K)
[14791.976s][info][gc,heap        ] GC(34171) ParOldGen: 480330K(481280K)->480522K(481280K)
[14791.976s][info][gc,metaspace   ] GC(34171) Metaspace: 62399K(62656K)->62399K(62656K) NonClass: 53359K(53504K)->53359K(53504K) Class: 9039K(9152K)->9039K(9152K)
[14791.976s][info][gc             ] GC(34171) Pause Young (Allocation Failure) 550M->470M(553M) 4.665ms
[14791.976s][info][gc,cpu         ] GC(34171) User=0.01s Sys=0.00s Real=0.00s
[14792.425s][info][gc,start       ] GC(34172) Pause Young (Allocation Failure)
[14792.428s][info][gc,heap        ] GC(34172) PSYoungGen: 84288K(84992K)->1824K(84992K) Eden: 82944K(82944K)->0K(82944K) From: 1344K(2048K)->1824K(2048K)
[14792.428s][info][gc,heap        ] GC(34172) ParOldGen: 480522K(481280K)->480674K(481280K)
[14792.428s][info][gc,metaspace   ] GC(34172) Metaspace: 62399K(62656K)->62399K(62656K) NonClass: 53359K(53504K)->53359K(53504K) Class: 9039K(9152K)->9039K(9152K)
[14792.428s][info][gc             ] GC(34172) Pause Young (Allocation Failure) 551M->471M(553M) 3.610ms
[14792.428s][info][gc,cpu         ] GC(34172) User=0.00s Sys=0.00s Real=0.01s
[14792.858s][info][gc,start       ] GC(34173) Pause Young (Allocation Failure)
[14792.862s][info][gc,heap        ] GC(34173) PSYoungGen: 84768K(84992K)->1216K(83968K) Eden: 82944K(82944K)->0K(81920K) From: 1824K(2048K)->1216K(2048K)
[14792.862s][info][gc,heap        ] GC(34173) ParOldGen: 480674K(481280K)->481842K(482816K)
[14792.862s][info][gc,metaspace   ] GC(34173) Metaspace: 62399K(62656K)->62399K(62656K) NonClass: 53359K(53504K)->53359K(53504K) Class: 9039K(9152K)->9039K(9152K)
[14792.863s][info][gc             ] GC(34173) Pause Young (Allocation Failure) 552M->471M(553M) 4.498ms
[14792.863s][info][gc,cpu         ] GC(34173) User=0.01s Sys=0.00s Real=0.00s
[14793.282s][info][gc,start       ] GC(34174) Pause Young (Allocation Failure)
[14793.286s][info][gc,heap        ] GC(34174) PSYoungGen: 83136K(83968K)->320K(84480K) Eden: 81920K(81920K)->0K(81920K) From: 1216K(2048K)->320K(2560K)
[14793.286s][info][gc,heap        ] GC(34174) ParOldGen: 481842K(482816K)->481986K(482816K)
[14793.286s][info][gc,metaspace   ] GC(34174) Metaspace: 62399K(62656K)->62399K(62656K) NonClass: 53359K(53504K)->53359K(53504K) Class: 9039K(9152K)->9039K(9152K)
[14793.286s][info][gc             ] GC(34174) Pause Young (Allocation Failure) 551M->471M(554M) 3.121ms
[14793.286s][info][gc,cpu         ] GC(34174) User=0.00s Sys=0.00s Real=0.00s
[14793.717s][info][gc,start       ] GC(34175) Pause Young (Allocation Failure)
[14793.720s][info][gc,heap        ] GC(34175) PSYoungGen: 82240K(84480K)->704K(84480K) Eden: 81920K(81920K)->0K(81920K) From: 320K(2560K)->704K(2560K)
[14793.720s][info][gc,heap        ] GC(34175) ParOldGen: 481986K(482816K)->482122K(482816K)
[14793.720s][info][gc,metaspace   ] GC(34175) Metaspace: 62399K(62656K)->62399K(62656K) NonClass: 53359K(53504K)->53359K(53504K) Class: 9039K(9152K)->9039K(9152K)
[14793.720s][info][gc             ] GC(34175) Pause Young (Allocation Failure) 551M->471M(554M) 3.456ms
[14793.720s][info][gc,cpu         ] GC(34175) User=0.00s Sys=0.00s Real=0.00s
[14794.179s][info][gc,start       ] GC(34176) Pause Young (Allocation Failure)
[14794.182s][info][gc,heap        ] GC(34176) PSYoungGen: 82624K(84480K)->256K(84480K) Eden: 81920K(81920K)->0K(81920K) From: 704K(2560K)->256K(2560K)
[14794.182s][info][gc,heap        ] GC(34176) ParOldGen: 482122K(482816K)->482258K(482816K)
[14794.182s][info][gc,metaspace   ] GC(34176) Metaspace: 62399K(62656K)->62399K(62656K) NonClass: 53359K(53504K)->53359K(53504K) Class: 9039K(9152K)->9039K(9152K)
[14794.182s][info][gc             ] GC(34176) Pause Young (Allocation Failure) 551M->471M(554M) 3.115ms
[14794.182s][info][gc,cpu         ] GC(34176) User=0.00s Sys=0.00s Real=0.00s
[14794.632s][info][gc,start       ] GC(34177) Pause Young (Allocation Failure)
[14794.636s][info][gc,heap        ] GC(34177) PSYoungGen: 82176K(84480K)->928K(84992K) Eden: 81920K(81920K)->0K(82432K) From: 256K(2560K)->928K(2560K)
[14794.636s][info][gc,heap        ] GC(34177) ParOldGen: 482258K(482816K)->482402K(482816K)
[14794.636s][info][gc,metaspace   ] GC(34177) Metaspace: 62399K(62656K)->62399K(62656K) NonClass: 53359K(53504K)->53359K(53504K) Class: 9039K(9152K)->9039K(9152K)
[14794.636s][info][gc             ] GC(34177) Pause Young (Allocation Failure) 551M->472M(554M) 3.703ms
[14794.636s][info][gc,cpu         ] GC(34177) User=0.01s Sys=0.00s Real=0.00s
[14795.065s][info][gc,start       ] GC(34178) Pause Young (Allocation Failure)
[14795.069s][info][gc,heap        ] GC(34178) PSYoungGen: 83360K(84992K)->1408K(84480K) Eden: 82432K(82432K)->0K(82432K) From: 928K(2560K)->1408K(2048K)
[14795.069s][info][gc,heap        ] GC(34178) ParOldGen: 482402K(482816K)->482554K(482816K)
[14795.069s][info][gc,metaspace   ] GC(34178) Metaspace: 62399K(62656K)->62399K(62656K) NonClass: 53359K(53504K)->53359K(53504K) Class: 9039K(9152K)->9039K(9152K)
[14795.069s][info][gc             ] GC(34178) Pause Young (Allocation Failure) 552M->472M(554M) 4.335ms
[14795.069s][info][gc,cpu         ] GC(34178) User=0.01s Sys=0.00s Real=0.01s
[14795.468s][info][gc,start       ] GC(34179) Pause Young (Allocation Failure)
[14795.473s][info][gc,heap        ] GC(34179) PSYoungGen: 83840K(84480K)->2528K(83456K) Eden: 82432K(82432K)->0K(80896K) From: 1408K(2048K)->2528K(2560K)
[14795.473s][info][gc,heap        ] GC(34179) ParOldGen: 482554K(482816K)->483634K(483840K)
[14795.473s][info][gc,metaspace   ] GC(34179) Metaspace: 62399K(62656K)->62399K(62656K) NonClass: 53359K(53504K)->53359K(53504K) Class: 9039K(9152K)->9039K(9152K)
[14795.473s][info][gc             ] GC(34179) Pause Young (Allocation Failure) 553M->474M(554M) 5.139ms
[14795.473s][info][gc,cpu         ] GC(34179) User=0.01s Sys=0.00s Real=0.00s
[14795.879s][info][gc,start       ] GC(34180) Pause Young (Allocation Failure)
[14795.883s][info][gc,heap        ] GC(34180) PSYoungGen: 83423K(83456K)->256K(83968K) Eden: 80895K(80896K)->0K(80896K) From: 2528K(2560K)->256K(3072K)
[14795.883s][info][gc,heap        ] GC(34180) ParOldGen: 483634K(483840K)->485779K(486912K)
[14795.883s][info][gc,metaspace   ] GC(34180) Metaspace: 62399K(62656K)->62399K(62656K) NonClass: 53359K(53504K)->53359K(53504K) Class: 9039K(9152K)->9039K(9152K)
[14795.883s][info][gc             ] GC(34180) Pause Young (Allocation Failure) 553M->474M(557M) 3.961ms
[14795.883s][info][gc,cpu         ] GC(34180) User=0.01s Sys=0.00s Real=0.00s
[14796.306s][info][gc,start       ] GC(34181) Pause Young (Allocation Failure)
[14796.309s][info][gc,heap        ] GC(34181) PSYoungGen: 81152K(83968K)->640K(83968K) Eden: 80896K(80896K)->0K(80896K) From: 256K(3072K)->640K(3072K)
[14796.309s][info][gc,heap        ] GC(34181) ParOldGen: 485779K(486912K)->485931K(486912K)
[14796.309s][info][gc,metaspace   ] GC(34181) Metaspace: 62399K(62656K)->62399K(62656K) NonClass: 53359K(53504K)->53359K(53504K) Class: 9039K(9152K)->9039K(9152K)
[14796.309s][info][gc             ] GC(34181) Pause Young (Allocation Failure) 553M->475M(557M) 3.376ms
[14796.309s][info][gc,cpu         ] GC(34181) User=0.00s Sys=0.00s Real=0.01s
[14796.688s][info][gc,start       ] GC(34182) Pause Young (Allocation Failure)
[14796.691s][info][gc,heap        ] GC(34182) PSYoungGen: 81536K(83968K)->384K(83968K) Eden: 80896K(80896K)->0K(80896K) From: 640K(3072K)->384K(3072K)
[14796.691s][info][gc,heap        ] GC(34182) ParOldGen: 485931K(486912K)->486083K(486912K)
[14796.691s][info][gc,metaspace   ] GC(34182) Metaspace: 62399K(62656K)->62399K(62656K) NonClass: 53359K(53504K)->53359K(53504K) Class: 9039K(9152K)->9039K(9152K)
[14796.691s][info][gc             ] GC(34182) Pause Young (Allocation Failure) 554M->475M(557M) 3.161ms
[14796.691s][info][gc,cpu         ] GC(34182) User=0.00s Sys=0.00s Real=0.00s
[14797.096s][info][gc,start       ] GC(34183) Pause Young (Allocation Failure)
[14797.100s][info][gc,heap        ] GC(34183) PSYoungGen: 81280K(83968K)->512K(83968K) Eden: 80896K(80896K)->0K(80896K) From: 384K(3072K)->512K(3072K)
[14797.100s][info][gc,heap        ] GC(34183) ParOldGen: 486083K(486912K)->486227K(486912K)
[14797.100s][info][gc,metaspace   ] GC(34183) Metaspace: 62399K(62656K)->62399K(62656K) NonClass: 53359K(53504K)->53359K(53504K) Class: 9039K(9152K)->9039K(9152K)
[14797.100s][info][gc             ] GC(34183) Pause Young (Allocation Failure) 554M->475M(557M) 3.162ms
[14797.100s][info][gc,cpu         ] GC(34183) User=0.00s Sys=0.00s Real=0.00s
[14797.508s][info][gc,start       ] GC(34184) Pause Young (Allocation Failure)
[14797.511s][info][gc,heap        ] GC(34184) PSYoungGen: 81408K(83968K)->608K(83968K) Eden: 80896K(80896K)->0K(80896K) From: 512K(3072K)->608K(3072K)
[14797.511s][info][gc,heap        ] GC(34184) ParOldGen: 486227K(486912K)->486371K(486912K)
[14797.511s][info][gc,metaspace   ] GC(34184) Metaspace: 62399K(62656K)->62399K(62656K) NonClass: 53359K(53504K)->53359K(53504K) Class: 9039K(9152K)->9039K(9152K)
[14797.511s][info][gc             ] GC(34184) Pause Young (Allocation Failure) 554M->475M(557M) 3.461ms
[14797.511s][info][gc,cpu         ] GC(34184) User=0.01s Sys=0.00s Real=0.00s
[14797.920s][info][gc,start       ] GC(34185) Pause Young (Allocation Failure)
[14797.923s][info][gc,heap        ] GC(34185) PSYoungGen: 81504K(83968K)->768K(84480K) Eden: 80896K(80896K)->0K(81920K) From: 608K(3072K)->768K(2560K)
[14797.923s][info][gc,heap        ] GC(34185) ParOldGen: 486371K(486912K)->486523K(486912K)
[14797.923s][info][gc,metaspace   ] GC(34185) Metaspace: 62399K(62656K)->62399K(62656K) NonClass: 53359K(53504K)->53359K(53504K) Class: 9039K(9152K)->9039K(9152K)
[14797.923s][info][gc             ] GC(34185) Pause Young (Allocation Failure) 554M->475M(558M) 3.592ms
[14797.924s][info][gc,cpu         ] GC(34185) User=0.01s Sys=0.00s Real=0.00s
[14798.372s][info][gc,start       ] GC(34186) Pause Young (Allocation Failure)
[14798.376s][info][gc,heap        ] GC(34186) PSYoungGen: 82688K(84480K)->1280K(84480K) Eden: 81920K(81920K)->0K(81920K) From: 768K(2560K)->1280K(2560K)
[14798.376s][info][gc,heap        ] GC(34186) ParOldGen: 486523K(486912K)->486667K(486912K)
[14798.376s][info][gc,metaspace   ] GC(34186) Metaspace: 62399K(62656K)->62399K(62656K) NonClass: 53359K(53504K)->53359K(53504K) Class: 9039K(9152K)->9039K(9152K)
[14798.376s][info][gc             ] GC(34186) Pause Young (Allocation Failure) 555M->476M(558M) 4.241ms
[14798.376s][info][gc,cpu         ] GC(34186) User=0.01s Sys=0.00s Real=0.00s
[14798.843s][info][gc,start       ] GC(34187) Pause Young (Allocation Failure)
[14798.847s][info][gc,heap        ] GC(34187) PSYoungGen: 83200K(84480K)->1024K(84480K) Eden: 81920K(81920K)->0K(81920K) From: 1280K(2560K)->1024K(2560K)
[14798.847s][info][gc,heap        ] GC(34187) ParOldGen: 486667K(486912K)->486811K(486912K)
[14798.847s][info][gc,metaspace   ] GC(34187) Metaspace: 62399K(62656K)->62399K(62656K) NonClass: 53359K(53504K)->53359K(53504K) Class: 9039K(9152K)->9039K(9152K)
[14798.847s][info][gc             ] GC(34187) Pause Young (Allocation Failure) 556M->476M(558M) 4.041ms
[14798.847s][info][gc,cpu         ] GC(34187) User=0.00s Sys=0.00s Real=0.01s
[14799.304s][info][gc,start       ] GC(34188) Pause Young (Allocation Failure)
[14799.307s][info][gc,heap        ] GC(34188) PSYoungGen: 82944K(84480K)->544K(84480K) Eden: 81920K(81920K)->0K(81920K) From: 1024K(2560K)->544K(2560K)
[14799.307s][info][gc,heap        ] GC(34188) ParOldGen: 486811K(486912K)->486963K(487424K)
[14799.307s][info][gc,metaspace   ] GC(34188) Metaspace: 62399K(62656K)->62399K(62656K) NonClass: 53359K(53504K)->53359K(53504K) Class: 9039K(9152K)->9039K(9152K)
[14799.307s][info][gc             ] GC(34188) Pause Young (Allocation Failure) 556M->476M(558M) 3.369ms
[14799.307s][info][gc,cpu         ] GC(34188) User=0.01s Sys=0.00s Real=0.01s
[14799.750s][info][gc,start       ] GC(34189) Pause Young (Allocation Failure)
[14799.754s][info][gc,heap        ] GC(34189) PSYoungGen: 82464K(84480K)->1120K(84480K) Eden: 81920K(81920K)->0K(81920K) From: 544K(2560K)->1120K(2560K)
[14799.754s][info][gc,heap        ] GC(34189) ParOldGen: 486963K(487424K)->487099K(487424K)
[14799.754s][info][gc,metaspace   ] GC(34189) Metaspace: 62399K(62656K)->62399K(62656K) NonClass: 53359K(53504K)->53359K(53504K) Class: 9039K(9152K)->9039K(9152K)
[14799.754s][info][gc             ] GC(34189) Pause Young (Allocation Failure) 556M->476M(558M) 3.953ms
[14799.754s][info][gc,cpu         ] GC(34189) User=0.01s Sys=0.00s Real=0.00s
[14800.171s][info][gc,start       ] GC(34190) Pause Young (Allocation Failure)
[14800.176s][info][gc,heap        ] GC(34190) PSYoungGen: 83040K(84480K)->1440K(84480K) Eden: 81920K(81920K)->0K(81920K) From: 1120K(2560K)->1440K(2560K)
[14800.176s][info][gc,heap        ] GC(34190) ParOldGen: 487099K(487424K)->487243K(487424K)
[14800.176s][info][gc,metaspace   ] GC(34190) Metaspace: 62399K(62656K)->62399K(62656K) NonClass: 53359K(53504K)->53359K(53504K) Class: 9039K(9152K)->9039K(9152K)
[14800.176s][info][gc             ] GC(34190) Pause Young (Allocation Failure) 556M->477M(558M) 4.370ms
[14800.176s][info][gc,cpu         ] GC(34190) User=0.01s Sys=0.00s Real=0.00s
[14800.651s][info][gc,start       ] GC(34191) Pause Young (Allocation Failure)
[14800.655s][info][gc,heap        ] GC(34191) PSYoungGen: 83360K(84480K)->1264K(84480K) Eden: 81920K(81920K)->0K(81920K) From: 1440K(2560K)->1264K(2560K)
[14800.655s][info][gc,heap        ] GC(34191) ParOldGen: 487243K(487424K)->487387K(487424K)
[14800.655s][info][gc,metaspace   ] GC(34191) Metaspace: 62399K(62656K)->62399K(62656K) NonClass: 53359K(53504K)->53359K(53504K) Class: 9039K(9152K)->9039K(9152K)
[14800.655s][info][gc             ] GC(34191) Pause Young (Allocation Failure) 557M->477M(558M) 4.057ms
[14800.655s][info][gc,cpu         ] GC(34191) User=0.01s Sys=0.00s Real=0.00s
[14801.072s][info][gc,start       ] GC(34192) Pause Young (Allocation Failure)
[14801.077s][info][gc,heap        ] GC(34192) PSYoungGen: 83184K(84480K)->2528K(84480K) Eden: 81920K(81920K)->0K(81920K) From: 1264K(2560K)->2528K(2560K)
[14801.077s][info][gc,heap        ] GC(34192) ParOldGen: 487387K(487424K)->488539K(488960K)
[14801.077s][info][gc,metaspace   ] GC(34192) Metaspace: 62399K(62656K)->62399K(62656K) NonClass: 53359K(53504K)->53359K(53504K) Class: 9039K(9152K)->9039K(9152K)
[14801.077s][info][gc             ] GC(34192) Pause Young (Allocation Failure) 557M->479M(560M) 5.371ms
[14801.077s][info][gc,cpu         ] GC(34192) User=0.01s Sys=0.00s Real=0.01s
[14801.517s][info][gc,start       ] GC(34193) Pause Young (Allocation Failure)
[14801.522s][info][gc,heap        ] GC(34193) PSYoungGen: 84448K(84480K)->704K(83456K) Eden: 81920K(81920K)->0K(80896K) From: 2528K(2560K)->704K(2560K)
[14801.522s][info][gc,heap        ] GC(34193) ParOldGen: 488539K(488960K)->490683K(492032K)
[14801.522s][info][gc,metaspace   ] GC(34193) Metaspace: 62399K(62656K)->62399K(62656K) NonClass: 53359K(53504K)->53359K(53504K) Class: 9039K(9152K)->9039K(9152K)
[14801.522s][info][gc             ] GC(34193) Pause Young (Allocation Failure) 559M->479M(562M) 4.257ms
[14801.522s][info][gc,cpu         ] GC(34193) User=0.01s Sys=0.00s Real=0.00s
[14801.964s][info][gc,start       ] GC(34194) Pause Young (Allocation Failure)
[14801.968s][info][gc,heap        ] GC(34194) PSYoungGen: 81600K(83456K)->1248K(83968K) Eden: 80896K(80896K)->0K(80896K) From: 704K(2560K)->1248K(3072K)
[14801.968s][info][gc,heap        ] GC(34194) ParOldGen: 490683K(492032K)->490835K(492032K)
[14801.968s][info][gc,metaspace   ] GC(34194) Metaspace: 62399K(62656K)->62399K(62656K) NonClass: 53359K(53504K)->53359K(53504K) Class: 9039K(9152K)->9039K(9152K)
[14801.968s][info][gc             ] GC(34194) Pause Young (Allocation Failure) 558M->480M(562M) 4.135ms
[14801.968s][info][gc,cpu         ] GC(34194) User=0.01s Sys=0.00s Real=0.01s
[14802.421s][info][gc,start       ] GC(34195) Pause Young (Allocation Failure)
[14802.424s][info][gc,heap        ] GC(34195) PSYoungGen: 82144K(83968K)->704K(83968K) Eden: 80896K(80896K)->0K(80896K) From: 1248K(3072K)->704K(3072K)
[14802.424s][info][gc,heap        ] GC(34195) ParOldGen: 490835K(492032K)->490979K(492032K)
[14802.424s][info][gc,metaspace   ] GC(34195) Metaspace: 62399K(62656K)->62399K(62656K) NonClass: 53359K(53504K)->53359K(53504K) Class: 9039K(9152K)->9039K(9152K)
[14802.424s][info][gc             ] GC(34195) Pause Young (Allocation Failure) 559M->480M(562M) 3.594ms
[14802.424s][info][gc,cpu         ] GC(34195) User=0.01s Sys=0.00s Real=0.00s
[14802.893s][info][gc,start       ] GC(34196) Pause Young (Allocation Failure)
[14802.896s][info][gc,heap        ] GC(34196) PSYoungGen: 81600K(83968K)->416K(83968K) Eden: 80896K(80896K)->0K(80896K) From: 704K(3072K)->416K(3072K)
[14802.896s][info][gc,heap        ] GC(34196) ParOldGen: 490979K(492032K)->491115K(492032K)
[14802.896s][info][gc,metaspace   ] GC(34196) Metaspace: 62399K(62656K)->62399K(62656K) NonClass: 53359K(53504K)->53359K(53504K) Class: 9039K(9152K)->9039K(9152K)
[14802.896s][info][gc             ] GC(34196) Pause Young (Allocation Failure) 559M->480M(562M) 3.220ms
[14802.896s][info][gc,cpu         ] GC(34196) User=0.00s Sys=0.01s Real=0.00s
[14803.359s][info][gc,start       ] GC(34197) Pause Young (Allocation Failure)
[14803.363s][info][gc,heap        ] GC(34197) PSYoungGen: 81312K(83968K)->1152K(83968K) Eden: 80896K(80896K)->0K(80896K) From: 416K(3072K)->1152K(3072K)
[14803.363s][info][gc,heap        ] GC(34197) ParOldGen: 491115K(492032K)->491259K(492032K)
[14803.363s][info][gc,metaspace   ] GC(34197) Metaspace: 62399K(62656K)->62399K(62656K) NonClass: 53359K(53504K)->53359K(53504K) Class: 9039K(9152K)->9039K(9152K)
[14803.363s][info][gc             ] GC(34197) Pause Young (Allocation Failure) 559M->480M(562M) 4.085ms
[14803.363s][info][gc,cpu         ] GC(34197) User=0.01s Sys=0.00s Real=0.00s
[14803.856s][info][gc,start       ] GC(34198) Pause Young (Allocation Failure)
[14803.860s][info][gc,heap        ] GC(34198) PSYoungGen: 82048K(83968K)->1056K(83968K) Eden: 80896K(80896K)->0K(80896K) From: 1152K(3072K)->1056K(3072K)
[14803.860s][info][gc,heap        ] GC(34198) ParOldGen: 491259K(492032K)->491403K(492032K)
[14803.860s][info][gc,metaspace   ] GC(34198) Metaspace: 62399K(62656K)->62399K(62656K) NonClass: 53359K(53504K)->53359K(53504K) Class: 9039K(9152K)->9039K(9152K)
[14803.860s][info][gc             ] GC(34198) Pause Young (Allocation Failure) 559M->480M(562M) 3.903ms
[14803.860s][info][gc,cpu         ] GC(34198) User=0.01s Sys=0.00s Real=0.01s
[14804.302s][info][gc,start       ] GC(34199) Pause Young (Allocation Failure)
[14804.306s][info][gc,heap        ] GC(34199) PSYoungGen: 81952K(83968K)->544K(84480K) Eden: 80896K(80896K)->0K(81920K) From: 1056K(3072K)->544K(2560K)
[14804.306s][info][gc,heap        ] GC(34199) ParOldGen: 491403K(492032K)->491547K(492032K)
[14804.306s][info][gc,metaspace   ] GC(34199) Metaspace: 62399K(62656K)->62399K(62656K) NonClass: 53359K(53504K)->53359K(53504K) Class: 9039K(9152K)->9039K(9152K)
[14804.306s][info][gc             ] GC(34199) Pause Young (Allocation Failure) 559M->480M(563M) 3.373ms
[14804.306s][info][gc,cpu         ] GC(34199) User=0.01s Sys=0.00s Real=0.00s
[14804.760s][info][gc,start       ] GC(34200) Pause Young (Allocation Failure)
[14804.764s][info][gc,heap        ] GC(34200) PSYoungGen: 82464K(84480K)->1120K(84480K) Eden: 81920K(81920K)->0K(81920K) From: 544K(2560K)->1120K(2560K)
[14804.764s][info][gc,heap        ] GC(34200) ParOldGen: 491547K(492032K)->491691K(492032K)
[14804.764s][info][gc,metaspace   ] GC(34200) Metaspace: 62399K(62656K)->62399K(62656K) NonClass: 53359K(53504K)->53359K(53504K) Class: 9039K(9152K)->9039K(9152K)
[14804.764s][info][gc             ] GC(34200) Pause Young (Allocation Failure) 560M->481M(563M) 4.176ms
[14804.764s][info][gc,cpu         ] GC(34200) User=0.01s Sys=0.00s Real=0.00s
[14805.256s][info][gc,start       ] GC(34201) Pause Young (Allocation Failure)
[14805.260s][info][gc,heap        ] GC(34201) PSYoungGen: 83040K(84480K)->1088K(84480K) Eden: 81920K(81920K)->0K(81920K) From: 1120K(2560K)->1088K(2560K)
[14805.260s][info][gc,heap        ] GC(34201) ParOldGen: 491691K(492032K)->491827K(492032K)
[14805.260s][info][gc,metaspace   ] GC(34201) Metaspace: 62399K(62656K)->62399K(62656K) NonClass: 53359K(53504K)->53359K(53504K) Class: 9039K(9152K)->9039K(9152K)
[14805.260s][info][gc             ] GC(34201) Pause Young (Allocation Failure) 561M->481M(563M) 3.725ms
[14805.260s][info][gc,cpu         ] GC(34201) User=0.01s Sys=0.00s Real=0.01s
[14805.745s][info][gc,start       ] GC(34202) Pause Young (Allocation Failure)
[14805.748s][info][gc,heap        ] GC(34202) PSYoungGen: 83008K(84480K)->960K(84480K) Eden: 81920K(81920K)->0K(81920K) From: 1088K(2560K)->960K(2560K)
[14805.748s][info][gc,heap        ] GC(34202) ParOldGen: 491827K(492032K)->491979K(492032K)
[14805.748s][info][gc,metaspace   ] GC(34202) Metaspace: 62399K(62656K)->62399K(62656K) NonClass: 53359K(53504K)->53359K(53504K) Class: 9039K(9152K)->9039K(9152K)
[14805.748s][info][gc             ] GC(34202) Pause Young (Allocation Failure) 561M->481M(563M) 3.741ms
[14805.748s][info][gc,cpu         ] GC(34202) User=0.00s Sys=0.00s Real=0.01s
[14806.244s][info][gc,start       ] GC(34203) Pause Young (Allocation Failure)
[14806.248s][info][gc,heap        ] GC(34203) PSYoungGen: 82880K(84480K)->928K(84992K) Eden: 81920K(81920K)->0K(82432K) From: 960K(2560K)->928K(2560K)
[14806.248s][info][gc,heap        ] GC(34203) ParOldGen: 491979K(492032K)->492131K(492544K)
[14806.248s][info][gc,metaspace   ] GC(34203) Metaspace: 62399K(62656K)->62399K(62656K) NonClass: 53359K(53504K)->53359K(53504K) Class: 9039K(9152K)->9039K(9152K)
[14806.248s][info][gc             ] GC(34203) Pause Young (Allocation Failure) 561M->481M(564M) 3.918ms
[14806.248s][info][gc,cpu         ] GC(34203) User=0.00s Sys=0.01s Real=0.01s
[14806.738s][info][gc,start       ] GC(34204) Pause Young (Allocation Failure)
[14806.742s][info][gc,heap        ] GC(34204) PSYoungGen: 83360K(84992K)->864K(84480K) Eden: 82432K(82432K)->0K(82432K) From: 928K(2560K)->864K(2048K)
[14806.742s][info][gc,heap        ] GC(34204) ParOldGen: 492131K(492544K)->492267K(492544K)
[14806.742s][info][gc,metaspace   ] GC(34204) Metaspace: 62399K(62656K)->62399K(62656K) NonClass: 53359K(53504K)->53359K(53504K) Class: 9039K(9152K)->9039K(9152K)
[14806.742s][info][gc             ] GC(34204) Pause Young (Allocation Failure) 562M->481M(563M) 3.661ms
[14806.742s][info][gc,cpu         ] GC(34204) User=0.00s Sys=0.00s Real=0.00s
[14807.230s][info][gc,start       ] GC(34205) Pause Young (Allocation Failure)
[14807.234s][info][gc,heap        ] GC(34205) PSYoungGen: 83296K(84480K)->1888K(83968K) Eden: 82432K(82432K)->0K(81920K) From: 864K(2048K)->1888K(2048K)
[14807.234s][info][gc,heap        ] GC(34205) ParOldGen: 492267K(492544K)->493427K(494080K)
[14807.234s][info][gc,metaspace   ] GC(34205) Metaspace: 62399K(62656K)->62399K(62656K) NonClass: 53359K(53504K)->53359K(53504K) Class: 9039K(9152K)->9039K(9152K)
[14807.234s][info][gc             ] GC(34205) Pause Young (Allocation Failure) 562M->483M(564M) 4.228ms
[14807.234s][info][gc,cpu         ] GC(34205) User=0.00s Sys=0.00s Real=0.00s
[14807.670s][info][gc,start       ] GC(34206) Pause Young (Allocation Failure)
[14807.675s][info][gc,heap        ] GC(34206) PSYoungGen: 83808K(83968K)->1344K(84480K) Eden: 81920K(81920K)->0K(81920K) From: 1888K(2048K)->1344K(2560K)
[14807.675s][info][gc,heap        ] GC(34206) ParOldGen: 493427K(494080K)->495611K(495616K)
[14807.675s][info][gc,metaspace   ] GC(34206) Metaspace: 62399K(62656K)->62399K(62656K) NonClass: 53359K(53504K)->53359K(53504K) Class: 9039K(9152K)->9039K(9152K)
[14807.676s][info][gc             ] GC(34206) Pause Young (Allocation Failure) 563M->485M(566M) 5.395ms
[14807.676s][info][gc,cpu         ] GC(34206) User=0.01s Sys=0.00s Real=0.00s
[14808.151s][info][gc,start       ] GC(34207) Pause Young (Allocation Failure)
[14808.155s][info][gc,heap        ] GC(34207) PSYoungGen: 83264K(84480K)->1056K(84480K) Eden: 81920K(81920K)->0K(81920K) From: 1344K(2560K)->1056K(2560K)
[14808.155s][info][gc,heap        ] GC(34207) ParOldGen: 495611K(495616K)->495755K(496128K)
[14808.155s][info][gc,metaspace   ] GC(34207) Metaspace: 62399K(62656K)->62399K(62656K) NonClass: 53359K(53504K)->53359K(53504K) Class: 9039K(9152K)->9039K(9152K)
[14808.155s][info][gc             ] GC(34207) Pause Young (Allocation Failure) 565M->485M(567M) 4.112ms
[14808.155s][info][gc,cpu         ] GC(34207) User=0.01s Sys=0.00s Real=0.00s
[14808.678s][info][gc,start       ] GC(34208) Pause Young (Allocation Failure)
[14808.681s][info][gc,heap        ] GC(34208) PSYoungGen: 82976K(84480K)->256K(84480K) Eden: 81920K(81920K)->0K(81920K) From: 1056K(2560K)->256K(2560K)
[14808.681s][info][gc,heap        ] GC(34208) ParOldGen: 495755K(496128K)->495899K(496128K)
[14808.681s][info][gc,metaspace   ] GC(34208) Metaspace: 62399K(62656K)->62399K(62656K) NonClass: 53359K(53504K)->53359K(53504K) Class: 9039K(9152K)->9039K(9152K)
[14808.681s][info][gc             ] GC(34208) Pause Young (Allocation Failure) 565M->484M(567M) 3.218ms
[14808.681s][info][gc,cpu         ] GC(34208) User=0.01s Sys=0.00s Real=0.00s
[14809.195s][info][gc,start       ] GC(34209) Pause Young (Allocation Failure)
[14809.199s][info][gc,heap        ] GC(34209) PSYoungGen: 82176K(84480K)->416K(84480K) Eden: 81920K(81920K)->0K(81920K) From: 256K(2560K)->416K(2560K)
[14809.199s][info][gc,heap        ] GC(34209) ParOldGen: 495899K(496128K)->496035K(496128K)
[14809.199s][info][gc,metaspace   ] GC(34209) Metaspace: 62399K(62656K)->62399K(62656K) NonClass: 53359K(53504K)->53359K(53504K) Class: 9039K(9152K)->9039K(9152K)
[14809.199s][info][gc             ] GC(34209) Pause Young (Allocation Failure) 564M->484M(567M) 3.594ms
[14809.199s][info][gc,cpu         ] GC(34209) User=0.01s Sys=0.00s Real=0.01s
[14809.670s][info][gc,start       ] GC(34210) Pause Young (Allocation Failure)
[14809.675s][info][gc,heap        ] GC(34210) PSYoungGen: 82336K(84480K)->1280K(84480K) Eden: 81920K(81920K)->0K(81920K) From: 416K(2560K)->1280K(2560K)
[14809.675s][info][gc,heap        ] GC(34210) ParOldGen: 496035K(496128K)->496187K(496640K)
[14809.675s][info][gc,metaspace   ] GC(34210) Metaspace: 62399K(62656K)->62399K(62656K) NonClass: 53359K(53504K)->53359K(53504K) Class: 9039K(9152K)->9039K(9152K)
[14809.675s][info][gc             ] GC(34210) Pause Young (Allocation Failure) 564M->485M(567M) 4.420ms
[14809.675s][info][gc,cpu         ] GC(34210) User=0.00s Sys=0.00s Real=0.00s
[14810.175s][info][gc,start       ] GC(34211) Pause Young (Allocation Failure)
[14810.179s][info][gc,heap        ] GC(34211) PSYoungGen: 83200K(84480K)->1040K(84992K) Eden: 81920K(81920K)->0K(82432K) From: 1280K(2560K)->1040K(2560K)
[14810.179s][info][gc,heap        ] GC(34211) ParOldGen: 496187K(496640K)->496331K(496640K)
[14810.179s][info][gc,metaspace   ] GC(34211) Metaspace: 62399K(62656K)->62399K(62656K) NonClass: 53359K(53504K)->53359K(53504K) Class: 9039K(9152K)->9039K(9152K)
[14810.179s][info][gc             ] GC(34211) Pause Young (Allocation Failure) 565M->485M(568M) 3.963ms
[14810.179s][info][gc,cpu         ] GC(34211) User=0.01s Sys=0.00s Real=0.01s
[14810.707s][info][gc,start       ] GC(34212) Pause Young (Allocation Failure)
[14810.711s][info][gc,heap        ] GC(34212) PSYoungGen: 83472K(84992K)->544K(84480K) Eden: 82432K(82432K)->0K(82432K) From: 1040K(2560K)->544K(2048K)
[14810.711s][info][gc,heap        ] GC(34212) ParOldGen: 496331K(496640K)->496523K(496640K)
[14810.711s][info][gc,metaspace   ] GC(34212) Metaspace: 62399K(62656K)->62399K(62656K) NonClass: 53359K(53504K)->53359K(53504K) Class: 9039K(9152K)->9039K(9152K)
[14810.711s][info][gc             ] GC(34212) Pause Young (Allocation Failure) 566M->485M(567M) 3.434ms
[14810.711s][info][gc,cpu         ] GC(34212) User=0.00s Sys=0.01s Real=0.00s
[14811.214s][info][gc,start       ] GC(34213) Pause Young (Allocation Failure)
[14811.217s][info][gc,heap        ] GC(34213) PSYoungGen: 82976K(84480K)->608K(84992K) Eden: 82432K(82432K)->0K(82944K) From: 544K(2048K)->608K(2048K)
[14811.217s][info][gc,heap        ] GC(34213) ParOldGen: 496523K(496640K)->496667K(497152K)
[14811.217s][info][gc,metaspace   ] GC(34213) Metaspace: 62399K(62656K)->62399K(62656K) NonClass: 53359K(53504K)->53359K(53504K) Class: 9039K(9152K)->9039K(9152K)
[14811.217s][info][gc             ] GC(34213) Pause Young (Allocation Failure) 565M->485M(568M) 3.439ms
[14811.217s][info][gc,cpu         ] GC(34213) User=0.01s Sys=0.00s Real=0.01s
[14811.725s][info][gc,start       ] GC(34214) Pause Young (Allocation Failure)
[14811.728s][info][gc,heap        ] GC(34214) PSYoungGen: 83552K(84992K)->736K(84992K) Eden: 82944K(82944K)->0K(82944K) From: 608K(2048K)->736K(2048K)
[14811.729s][info][gc,heap        ] GC(34214) ParOldGen: 496667K(497152K)->496811K(497152K)
[14811.729s][info][gc,metaspace   ] GC(34214) Metaspace: 62399K(62656K)->62399K(62656K) NonClass: 53359K(53504K)->53359K(53504K) Class: 9039K(9152K)->9039K(9152K)
[14811.729s][info][gc             ] GC(34214) Pause Young (Allocation Failure) 566M->485M(568M) 3.595ms
[14811.729s][info][gc,cpu         ] GC(34214) User=0.01s Sys=0.00s Real=0.01s
[14812.252s][info][gc,start       ] GC(34215) Pause Young (Allocation Failure)
[14812.256s][info][gc,heap        ] GC(34215) PSYoungGen: 83680K(84992K)->1088K(84992K) Eden: 82944K(82944K)->0K(82944K) From: 736K(2048K)->1088K(2048K)
[14812.256s][info][gc,heap        ] GC(34215) ParOldGen: 496811K(497152K)->496947K(497152K)
[14812.256s][info][gc,metaspace   ] GC(34215) Metaspace: 62399K(62656K)->62399K(62656K) NonClass: 53359K(53504K)->53359K(53504K) Class: 9039K(9152K)->9039K(9152K)
[14812.256s][info][gc             ] GC(34215) Pause Young (Allocation Failure) 566M->486M(568M) 4.081ms
[14812.256s][info][gc,cpu         ] GC(34215) User=0.01s Sys=0.00s Real=0.01s
[14812.770s][info][gc,start       ] GC(34216) Pause Young (Allocation Failure)
[14812.774s][info][gc,heap        ] GC(34216) PSYoungGen: 84032K(84992K)->1152K(84992K) Eden: 82944K(82944K)->0K(82944K) From: 1088K(2048K)->1152K(2048K)
[14812.774s][info][gc,heap        ] GC(34216) ParOldGen: 496947K(497152K)->497083K(497152K)
[14812.774s][info][gc,metaspace   ] GC(34216) Metaspace: 62399K(62656K)->62399K(62656K) NonClass: 53359K(53504K)->53359K(53504K) Class: 9039K(9152K)->9039K(9152K)
[14812.774s][info][gc             ] GC(34216) Pause Young (Allocation Failure) 567M->486M(568M) 4.348ms
[14812.775s][info][gc,cpu         ] GC(34216) User=0.01s Sys=0.01s Real=0.00s
[14813.261s][info][gc,start       ] GC(34217) Pause Young (Allocation Failure)
[14813.265s][info][gc,heap        ] GC(34217) PSYoungGen: 84096K(84992K)->1184K(84992K) Eden: 82944K(82944K)->0K(82944K) From: 1152K(2048K)->1184K(2048K)
[14813.265s][info][gc,heap        ] GC(34217) ParOldGen: 497083K(497152K)->497219K(497664K)
[14813.265s][info][gc,metaspace   ] GC(34217) Metaspace: 62399K(62656K)->62399K(62656K) NonClass: 53359K(53504K)->53359K(53504K) Class: 9039K(9152K)->9039K(9152K)
[14813.265s][info][gc             ] GC(34217) Pause Young (Allocation Failure) 567M->486M(569M) 4.256ms
[14813.265s][info][gc,cpu         ] GC(34217) User=0.01s Sys=0.00s Real=0.00s
[14813.789s][info][gc,start       ] GC(34218) Pause Young (Allocation Failure)
[14813.792s][info][gc,heap        ] GC(34218) PSYoungGen: 84128K(84992K)->352K(84992K) Eden: 82944K(82944K)->0K(82944K) From: 1184K(2048K)->352K(2048K)
[14813.792s][info][gc,heap        ] GC(34218) ParOldGen: 497219K(497664K)->497363K(497664K)
[14813.792s][info][gc,metaspace   ] GC(34218) Metaspace: 62399K(62656K)->62399K(62656K) NonClass: 53359K(53504K)->53359K(53504K) Class: 9039K(9152K)->9039K(9152K)
[14813.792s][info][gc             ] GC(34218) Pause Young (Allocation Failure) 567M->486M(569M) 3.446ms
[14813.792s][info][gc,cpu         ] GC(34218) User=0.00s Sys=0.00s Real=0.00s
[14814.318s][info][gc,start       ] GC(34219) Pause Young (Allocation Failure)
[14814.322s][info][gc,heap        ] GC(34219) PSYoungGen: 83296K(84992K)->1696K(83968K) Eden: 82944K(82944K)->0K(81920K) From: 352K(2048K)->1696K(2048K)
[14814.322s][info][gc,heap        ] GC(34219) ParOldGen: 497363K(497664K)->498531K(499200K)
[14814.322s][info][gc,metaspace   ] GC(34219) Metaspace: 62399K(62656K)->62399K(62656K) NonClass: 53359K(53504K)->53359K(53504K) Class: 9039K(9152K)->9039K(9152K)
[14814.322s][info][gc             ] GC(34219) Pause Young (Allocation Failure) 567M->488M(569M) 4.353ms
[14814.322s][info][gc,cpu         ] GC(34219) User=0.00s Sys=0.00s Real=0.00s
[14814.840s][info][gc,start       ] GC(34220) Pause Young (Allocation Failure)
[14814.845s][info][gc,heap        ] GC(34220) PSYoungGen: 83616K(83968K)->896K(84480K) Eden: 81920K(81920K)->0K(81920K) From: 1696K(2048K)->896K(2560K)
[14814.845s][info][gc,heap        ] GC(34220) ParOldGen: 498531K(499200K)->500723K(500736K)
[14814.845s][info][gc,metaspace   ] GC(34220) Metaspace: 62399K(62656K)->62399K(62656K) NonClass: 53359K(53504K)->53359K(53504K) Class: 9039K(9152K)->9039K(9152K)
[14814.845s][info][gc             ] GC(34220) Pause Young (Allocation Failure) 568M->489M(571M) 4.786ms
[14814.845s][info][gc,cpu         ] GC(34220) User=0.01s Sys=0.01s Real=0.00s
[14815.361s][info][gc,start       ] GC(34221) Pause Young (Allocation Failure)
[14815.365s][info][gc,heap        ] GC(34221) PSYoungGen: 82816K(84480K)->1088K(84992K) Eden: 81920K(81920K)->0K(82944K) From: 896K(2560K)->1088K(2048K)
[14815.365s][info][gc,heap        ] GC(34221) ParOldGen: 500723K(500736K)->500867K(501248K)
[14815.365s][info][gc,metaspace   ] GC(34221) Metaspace: 62399K(62656K)->62399K(62656K) NonClass: 53359K(53504K)->53359K(53504K) Class: 9039K(9152K)->9039K(9152K)
[14815.365s][info][gc             ] GC(34221) Pause Young (Allocation Failure) 569M->490M(572M) 4.011ms
[14815.365s][info][gc,cpu         ] GC(34221) User=0.01s Sys=0.00s Real=0.00s
[14815.894s][info][gc,start       ] GC(34222) Pause Young (Allocation Failure)
[14815.897s][info][gc,heap        ] GC(34222) PSYoungGen: 84032K(84992K)->384K(84992K) Eden: 82944K(82944K)->0K(82944K) From: 1088K(2048K)->384K(2048K)
[14815.897s][info][gc,heap        ] GC(34222) ParOldGen: 500867K(501248K)->501011K(501248K)
[14815.897s][info][gc,metaspace   ] GC(34222) Metaspace: 62399K(62656K)->62399K(62656K) NonClass: 53359K(53504K)->53359K(53504K) Class: 9039K(9152K)->9039K(9152K)
[14815.897s][info][gc             ] GC(34222) Pause Young (Allocation Failure) 571M->489M(572M) 3.212ms
[14815.897s][info][gc,cpu         ] GC(34222) User=0.01s Sys=0.00s Real=0.01s
[14816.421s][info][gc,start       ] GC(34223) Pause Young (Allocation Failure)
[14816.425s][info][gc,heap        ] GC(34223) PSYoungGen: 83328K(84992K)->704K(84992K) Eden: 82944K(82944K)->0K(82944K) From: 384K(2048K)->704K(2048K)
[14816.425s][info][gc,heap        ] GC(34223) ParOldGen: 501011K(501248K)->501147K(501248K)
[14816.425s][info][gc,metaspace   ] GC(34223) Metaspace: 62399K(62656K)->62399K(62656K) NonClass: 53359K(53504K)->53359K(53504K) Class: 9039K(9152K)->9039K(9152K)
[14816.425s][info][gc             ] GC(34223) Pause Young (Allocation Failure) 570M->490M(572M) 4.019ms
[14816.425s][info][gc,cpu         ] GC(34223) User=0.00s Sys=0.00s Real=0.00s
[14816.948s][info][gc,start       ] GC(34224) Pause Young (Allocation Failure)
[14816.952s][info][gc,heap        ] GC(34224) PSYoungGen: 83648K(84992K)->960K(84992K) Eden: 82944K(82944K)->0K(82944K) From: 704K(2048K)->960K(2048K)
[14816.952s][info][gc,heap        ] GC(34224) ParOldGen: 501147K(501248K)->501291K(501760K)
[14816.952s][info][gc,metaspace   ] GC(34224) Metaspace: 62399K(62656K)->62399K(62656K) NonClass: 53359K(53504K)->53359K(53504K) Class: 9039K(9152K)->9039K(9152K)
[14816.952s][info][gc             ] GC(34224) Pause Young (Allocation Failure) 571M->490M(573M) 4.088ms
[14816.952s][info][gc,cpu         ] GC(34224) User=0.01s Sys=0.00s Real=0.00s
[14817.442s][info][gc,start       ] GC(34225) Pause Young (Allocation Failure)
[14817.446s][info][gc,heap        ] GC(34225) PSYoungGen: 83904K(84992K)->960K(84992K) Eden: 82944K(82944K)->0K(82944K) From: 960K(2048K)->960K(2048K)
[14817.446s][info][gc,heap        ] GC(34225) ParOldGen: 501291K(501760K)->501427K(501760K)
[14817.446s][info][gc,metaspace   ] GC(34225) Metaspace: 62399K(62656K)->62399K(62656K) NonClass: 53359K(53504K)->53359K(53504K) Class: 9039K(9152K)->9039K(9152K)
[14817.446s][info][gc             ] GC(34225) Pause Young (Allocation Failure) 571M->490M(573M) 3.840ms
[14817.446s][info][gc,cpu         ] GC(34225) User=0.00s Sys=0.00s Real=0.00s
[14817.930s][info][gc,start       ] GC(34226) Pause Young (Allocation Failure)
[14817.934s][info][gc,heap        ] GC(34226) PSYoungGen: 83904K(84992K)->864K(84992K) Eden: 82944K(82944K)->0K(82944K) From: 960K(2048K)->864K(2048K)
[14817.934s][info][gc,heap        ] GC(34226) ParOldGen: 501427K(501760K)->501571K(501760K)
[14817.934s][info][gc,metaspace   ] GC(34226) Metaspace: 62399K(62656K)->62399K(62656K) NonClass: 53359K(53504K)->53359K(53504K) Class: 9039K(9152K)->9039K(9152K)
[14817.934s][info][gc             ] GC(34226) Pause Young (Allocation Failure) 571M->490M(573M) 3.930ms
[14817.934s][info][gc,cpu         ] GC(34226) User=0.00s Sys=0.00s Real=0.00s
[14818.425s][info][gc,start       ] GC(34227) Pause Young (Allocation Failure)
[14818.429s][info][gc,heap        ] GC(34227) PSYoungGen: 83808K(84992K)->800K(84992K) Eden: 82944K(82944K)->0K(82944K) From: 864K(2048K)->800K(2048K)
[14818.429s][info][gc,heap        ] GC(34227) ParOldGen: 501571K(501760K)->501715K(501760K)
[14818.429s][info][gc,metaspace   ] GC(34227) Metaspace: 62399K(62656K)->62399K(62656K) NonClass: 53359K(53504K)->53359K(53504K) Class: 9039K(9152K)->9039K(9152K)
[14818.429s][info][gc             ] GC(34227) Pause Young (Allocation Failure) 571M->490M(573M) 3.740ms
[14818.429s][info][gc,cpu         ] GC(34227) User=0.01s Sys=0.00s Real=0.01s
[14818.898s][info][gc,start       ] GC(34228) Pause Young (Allocation Failure)
[14818.901s][info][gc,heap        ] GC(34228) PSYoungGen: 83744K(84992K)->448K(84992K) Eden: 82944K(82944K)->0K(82944K) From: 800K(2048K)->448K(2048K)
[14818.901s][info][gc,heap        ] GC(34228) ParOldGen: 501715K(501760K)->501851K(502272K)
[14818.901s][info][gc,metaspace   ] GC(34228) Metaspace: 62399K(62656K)->62399K(62656K) NonClass: 53359K(53504K)->53359K(53504K) Class: 9039K(9152K)->9039K(9152K)
[14818.901s][info][gc             ] GC(34228) Pause Young (Allocation Failure) 571M->490M(573M) 3.463ms
[14818.901s][info][gc,cpu         ] GC(34228) User=0.01s Sys=0.00s Real=0.00s
[14819.386s][info][gc,start       ] GC(34229) Pause Young (Allocation Failure)
[14819.389s][info][gc,heap        ] GC(34229) PSYoungGen: 83392K(84992K)->320K(84992K) Eden: 82944K(82944K)->0K(82944K) From: 448K(2048K)->320K(2048K)
[14819.389s][info][gc,heap        ] GC(34229) ParOldGen: 501851K(502272K)->501987K(502272K)
[14819.389s][info][gc,metaspace   ] GC(34229) Metaspace: 62399K(62656K)->62399K(62656K) NonClass: 53359K(53504K)->53359K(53504K) Class: 9039K(9152K)->9039K(9152K)
[14819.389s][info][gc             ] GC(34229) Pause Young (Allocation Failure) 571M->490M(573M) 3.230ms
[14819.389s][info][gc,cpu         ] GC(34229) User=0.00s Sys=0.00s Real=0.01s
[14819.923s][info][gc,start       ] GC(34230) Pause Young (Allocation Failure)
[14819.927s][info][gc,heap        ] GC(34230) PSYoungGen: 83264K(84992K)->672K(84992K) Eden: 82944K(82944K)->0K(82944K) From: 320K(2048K)->672K(2048K)
[14819.927s][info][gc,heap        ] GC(34230) ParOldGen: 501987K(502272K)->502131K(502272K)
[14819.927s][info][gc,metaspace   ] GC(34230) Metaspace: 62399K(62656K)->62399K(62656K) NonClass: 53359K(53504K)->53359K(53504K) Class: 9039K(9152K)->9039K(9152K)
[14819.927s][info][gc             ] GC(34230) Pause Young (Allocation Failure) 571M->491M(573M) 3.831ms
[14819.927s][info][gc,cpu         ] GC(34230) User=0.00s Sys=0.00s Real=0.01s
[14820.511s][info][gc,start       ] GC(34231) Pause Young (Allocation Failure)
[14820.514s][info][gc,heap        ] GC(34231) PSYoungGen: 83616K(84992K)->576K(85504K) Eden: 82944K(82944K)->0K(83456K) From: 672K(2048K)->576K(2048K)
[14820.514s][info][gc,heap        ] GC(34231) ParOldGen: 502131K(502272K)->502267K(502272K)
[14820.514s][info][gc,metaspace   ] GC(34231) Metaspace: 62399K(62656K)->62399K(62656K) NonClass: 53359K(53504K)->53359K(53504K) Class: 9039K(9152K)->9039K(9152K)
[14820.514s][info][gc             ] GC(34231) Pause Young (Allocation Failure) 572M->491M(574M) 3.475ms
[14820.514s][info][gc,cpu         ] GC(34231) User=0.00s Sys=0.00s Real=0.00s
[14821.022s][info][gc,start       ] GC(34232) Pause Young (Allocation Failure)
[14821.027s][info][gc,heap        ] GC(34232) PSYoungGen: 84032K(85504K)->1520K(84992K) Eden: 83456K(83456K)->0K(83456K) From: 576K(2048K)->1520K(1536K)
[14821.027s][info][gc,heap        ] GC(34232) ParOldGen: 502267K(502272K)->503739K(504320K)
[14821.027s][info][gc,metaspace   ] GC(34232) Metaspace: 62399K(62656K)->62399K(62656K) NonClass: 53359K(53504K)->53359K(53504K) Class: 9039K(9152K)->9039K(9152K)
[14821.027s][info][gc             ] GC(34232) Pause Young (Allocation Failure) 572M->493M(575M) 4.628ms
[14821.027s][info][gc,cpu         ] GC(34232) User=0.01s Sys=0.00s Real=0.01s
[14821.641s][info][gc,start       ] GC(34233) Pause Young (Allocation Failure)
[14821.646s][info][gc,heap        ] GC(34233) PSYoungGen: 84976K(84992K)->2016K(82944K) Eden: 83456K(83456K)->0K(80896K) From: 1520K(1536K)->2016K(2048K)
[14821.646s][info][gc,heap        ] GC(34233) ParOldGen: 503739K(504320K)->505955K(506368K)
[14821.646s][info][gc,metaspace   ] GC(34233) Metaspace: 62400K(62656K)->62400K(62656K) NonClass: 53361K(53504K)->53361K(53504K) Class: 9039K(9152K)->9039K(9152K)
[14821.646s][info][gc             ] GC(34233) Pause Young (Allocation Failure) 574M->496M(575M) 5.119ms
[14821.646s][info][gc,cpu         ] GC(34233) User=0.01s Sys=0.00s Real=0.00s
[14822.123s][info][gc,start       ] GC(34234) Pause Young (Allocation Failure)
[14822.129s][info][gc,heap        ] GC(34234) PSYoungGen: 82912K(82944K)->736K(81920K) Eden: 80896K(80896K)->0K(80896K) From: 2016K(2048K)->736K(1024K)
[14822.129s][info][gc,heap        ] GC(34234) ParOldGen: 505955K(506368K)->508215K(509440K)
[14822.129s][info][gc,metaspace   ] GC(34234) Metaspace: 62400K(62656K)->62400K(62656K) NonClass: 53361K(53504K)->53361K(53504K) Class: 9039K(9152K)->9039K(9152K)
[14822.129s][info][gc             ] GC(34234) Pause Young (Allocation Failure) 575M->497M(577M) 5.236ms
[14822.129s][info][gc,cpu         ] GC(34234) User=0.01s Sys=0.00s Real=0.01s
[14822.641s][info][gc,start       ] GC(34235) Pause Young (Allocation Failure)
[14822.645s][info][gc,heap        ] GC(34235) PSYoungGen: 81632K(81920K)->896K(83456K) Eden: 80896K(80896K)->0K(79872K) From: 736K(1024K)->896K(3584K)
[14822.645s][info][gc,heap        ] GC(34235) ParOldGen: 508215K(509440K)->508375K(509440K)
[14822.645s][info][gc,metaspace   ] GC(34235) Metaspace: 62400K(62656K)->62400K(62656K) NonClass: 53361K(53504K)->53361K(53504K) Class: 9039K(9152K)->9039K(9152K)
[14822.645s][info][gc             ] GC(34235) Pause Young (Allocation Failure) 576M->497M(579M) 4.041ms
[14822.645s][info][gc,cpu         ] GC(34235) User=0.01s Sys=0.00s Real=0.00s
[14823.148s][info][gc,start       ] GC(34236) Pause Young (Allocation Failure)
[14823.153s][info][gc,heap        ] GC(34236) PSYoungGen: 80768K(83456K)->960K(83456K) Eden: 79872K(79872K)->0K(79872K) From: 896K(3584K)->960K(3584K)
[14823.153s][info][gc,heap        ] GC(34236) ParOldGen: 508375K(509440K)->508519K(509440K)
[14823.153s][info][gc,metaspace   ] GC(34236) Metaspace: 62400K(62656K)->62400K(62656K) NonClass: 53361K(53504K)->53361K(53504K) Class: 9039K(9152K)->9039K(9152K)
[14823.153s][info][gc             ] GC(34236) Pause Young (Allocation Failure) 575M->497M(579M) 4.426ms
[14823.153s][info][gc,cpu         ] GC(34236) User=0.01s Sys=0.00s Real=0.00s
[14823.639s][info][gc,start       ] GC(34237) Pause Young (Allocation Failure)
[14823.642s][info][gc,heap        ] GC(34237) PSYoungGen: 80832K(83456K)->960K(83968K) Eden: 79872K(79872K)->0K(80896K) From: 960K(3584K)->960K(3072K)
[14823.642s][info][gc,heap        ] GC(34237) ParOldGen: 508519K(509440K)->508655K(509440K)
[14823.642s][info][gc,metaspace   ] GC(34237) Metaspace: 62400K(62656K)->62400K(62656K) NonClass: 53361K(53504K)->53361K(53504K) Class: 9039K(9152K)->9039K(9152K)
[14823.642s][info][gc             ] GC(34237) Pause Young (Allocation Failure) 575M->497M(579M) 3.844ms
[14823.642s][info][gc,cpu         ] GC(34237) User=0.01s Sys=0.00s Real=0.00s
[14824.155s][info][gc,start       ] GC(34238) Pause Young (Allocation Failure)
[14824.159s][info][gc,heap        ] GC(34238) PSYoungGen: 81856K(83968K)->992K(83968K) Eden: 80896K(80896K)->0K(80896K) From: 960K(3072K)->992K(3072K)
[14824.159s][info][gc,heap        ] GC(34238) ParOldGen: 508655K(509440K)->508791K(509440K)
[14824.159s][info][gc,metaspace   ] GC(34238) Metaspace: 62400K(62656K)->62400K(62656K) NonClass: 53361K(53504K)->53361K(53504K) Class: 9039K(9152K)->9039K(9152K)
[14824.159s][info][gc             ] GC(34238) Pause Young (Allocation Failure) 576M->497M(579M) 3.774ms
[14824.159s][info][gc,cpu         ] GC(34238) User=0.01s Sys=0.00s Real=0.01s
[14824.632s][info][gc,start       ] GC(34239) Pause Young (Allocation Failure)
[14824.635s][info][gc,heap        ] GC(34239) PSYoungGen: 81888K(83968K)->928K(83968K) Eden: 80896K(80896K)->0K(80896K) From: 992K(3072K)->928K(3072K)
[14824.635s][info][gc,heap        ] GC(34239) ParOldGen: 508791K(509440K)->508935K(509440K)
[14824.635s][info][gc,metaspace   ] GC(34239) Metaspace: 62400K(62656K)->62400K(62656K) NonClass: 53361K(53504K)->53361K(53504K) Class: 9039K(9152K)->9039K(9152K)
[14824.635s][info][gc             ] GC(34239) Pause Young (Allocation Failure) 576M->497M(579M) 3.672ms
[14824.635s][info][gc,cpu         ] GC(34239) User=0.00s Sys=0.00s Real=0.00s
[14825.045s][info][gc,start       ] GC(34240) Pause Young (Allocation Failure)
[14825.049s][info][gc,heap        ] GC(34240) PSYoungGen: 81824K(83968K)->1120K(83968K) Eden: 80896K(80896K)->0K(80896K) From: 928K(3072K)->1120K(3072K)
[14825.049s][info][gc,heap        ] GC(34240) ParOldGen: 508935K(509440K)->509071K(509440K)
[14825.049s][info][gc,metaspace   ] GC(34240) Metaspace: 62400K(62656K)->62400K(62656K) NonClass: 53361K(53504K)->53361K(53504K) Class: 9039K(9152K)->9039K(9152K)
[14825.049s][info][gc             ] GC(34240) Pause Young (Allocation Failure) 576M->498M(579M) 4.019ms
[14825.049s][info][gc,cpu         ] GC(34240) User=0.01s Sys=0.00s Real=0.01s
[14825.472s][info][gc,start       ] GC(34241) Pause Young (Allocation Failure)
[14825.477s][info][gc,heap        ] GC(34241) PSYoungGen: 82016K(83968K)->1472K(84480K) Eden: 80896K(80896K)->0K(81920K) From: 1120K(3072K)->1472K(2560K)
[14825.477s][info][gc,heap        ] GC(34241) ParOldGen: 509071K(509440K)->509215K(509440K)
[14825.477s][info][gc,metaspace   ] GC(34241) Metaspace: 62400K(62656K)->62400K(62656K) NonClass: 53361K(53504K)->53361K(53504K) Class: 9039K(9152K)->9039K(9152K)
[14825.477s][info][gc             ] GC(34241) Pause Young (Allocation Failure) 577M->498M(580M) 4.467ms
[14825.477s][info][gc,cpu         ] GC(34241) User=0.01s Sys=0.01s Real=0.01s
[14825.924s][info][gc,start       ] GC(34242) Pause Young (Allocation Failure)
[14825.927s][info][gc,heap        ] GC(34242) PSYoungGen: 83392K(84480K)->768K(84480K) Eden: 81920K(81920K)->0K(81920K) From: 1472K(2560K)->768K(2560K)
[14825.927s][info][gc,heap        ] GC(34242) ParOldGen: 509215K(509440K)->509351K(509440K)
[14825.927s][info][gc,metaspace   ] GC(34242) Metaspace: 62400K(62656K)->62400K(62656K) NonClass: 53361K(53504K)->53361K(53504K) Class: 9039K(9152K)->9039K(9152K)
[14825.927s][info][gc             ] GC(34242) Pause Young (Allocation Failure) 578M->498M(580M) 3.448ms
[14825.927s][info][gc,cpu         ] GC(34242) User=0.01s Sys=0.00s Real=0.01s
[14826.381s][info][gc,start       ] GC(34243) Pause Young (Allocation Failure)
[14826.384s][info][gc,heap        ] GC(34243) PSYoungGen: 82688K(84480K)->256K(84480K) Eden: 81920K(81920K)->0K(81920K) From: 768K(2560K)->256K(2560K)
[14826.384s][info][gc,heap        ] GC(34243) ParOldGen: 509351K(509440K)->509495K(509952K)
[14826.384s][info][gc,metaspace   ] GC(34243) Metaspace: 62400K(62656K)->62400K(62656K) NonClass: 53361K(53504K)->53361K(53504K) Class: 9039K(9152K)->9039K(9152K)
[14826.384s][info][gc             ] GC(34243) Pause Young (Allocation Failure) 578M->497M(580M) 3.039ms
[14826.384s][info][gc,cpu         ] GC(34243) User=0.01s Sys=0.00s Real=0.00s
[14826.837s][info][gc,start       ] GC(34244) Pause Young (Allocation Failure)
[14826.841s][info][gc,heap        ] GC(34244) PSYoungGen: 82176K(84480K)->1952K(83968K) Eden: 81920K(81920K)->0K(81920K) From: 256K(2560K)->1952K(2048K)
[14826.841s][info][gc,heap        ] GC(34244) ParOldGen: 509495K(509952K)->509631K(509952K)
[14826.841s][info][gc,metaspace   ] GC(34244) Metaspace: 62400K(62656K)->62400K(62656K) NonClass: 53361K(53504K)->53361K(53504K) Class: 9039K(9152K)->9039K(9152K)
[14826.841s][info][gc             ] GC(34244) Pause Young (Allocation Failure) 577M->499M(580M) 3.965ms
[14826.841s][info][gc,cpu         ] GC(34244) User=0.01s Sys=0.00s Real=0.00s
[14827.293s][info][gc,start       ] GC(34245) Pause Young (Allocation Failure)
[14827.298s][info][gc,heap        ] GC(34245) PSYoungGen: 83872K(83968K)->448K(84480K) Eden: 81920K(81920K)->0K(81408K) From: 1952K(2048K)->448K(3072K)
[14827.298s][info][gc,heap        ] GC(34245) ParOldGen: 509631K(509952K)->511831K(513024K)
[14827.298s][info][gc,metaspace   ] GC(34245) Metaspace: 62400K(62656K)->62400K(62656K) NonClass: 53361K(53504K)->53361K(53504K) Class: 9039K(9152K)->9039K(9152K)
[14827.298s][info][gc             ] GC(34245) Pause Young (Allocation Failure) 579M->500M(583M) 4.418ms
[14827.298s][info][gc,cpu         ] GC(34245) User=0.01s Sys=0.00s Real=0.01s
[14827.752s][info][gc,start       ] GC(34246) Pause Young (Allocation Failure)
[14827.756s][info][gc,heap        ] GC(34246) PSYoungGen: 81856K(84480K)->1088K(83968K) Eden: 81408K(81408K)->0K(81408K) From: 448K(3072K)->1088K(2560K)
[14827.756s][info][gc,heap        ] GC(34246) ParOldGen: 511831K(513024K)->511975K(513024K)
[14827.756s][info][gc,metaspace   ] GC(34246) Metaspace: 62400K(62656K)->62400K(62656K) NonClass: 53361K(53504K)->53361K(53504K) Class: 9039K(9152K)->9039K(9152K)
[14827.756s][info][gc             ] GC(34246) Pause Young (Allocation Failure) 579M->501M(583M) 4.042ms
[14827.756s][info][gc,cpu         ] GC(34246) User=0.00s Sys=0.00s Real=0.01s
[14828.218s][info][gc,start       ] GC(34247) Pause Young (Allocation Failure)
[14828.222s][info][gc,heap        ] GC(34247) PSYoungGen: 82496K(83968K)->704K(84480K) Eden: 81408K(81408K)->0K(81920K) From: 1088K(2560K)->704K(2560K)
[14828.222s][info][gc,heap        ] GC(34247) ParOldGen: 511975K(513024K)->512127K(513024K)
[14828.222s][info][gc,metaspace   ] GC(34247) Metaspace: 62400K(62656K)->62400K(62656K) NonClass: 53361K(53504K)->53361K(53504K) Class: 9039K(9152K)->9039K(9152K)
[14828.222s][info][gc             ] GC(34247) Pause Young (Allocation Failure) 580M->500M(583M) 3.472ms
[14828.222s][info][gc,cpu         ] GC(34247) User=0.01s Sys=0.00s Real=0.00s
[14828.677s][info][gc,start       ] GC(34248) Pause Young (Allocation Failure)
[14828.680s][info][gc,heap        ] GC(34248) PSYoungGen: 82624K(84480K)->224K(84480K) Eden: 81920K(81920K)->0K(81920K) From: 704K(2560K)->224K(2560K)
[14828.680s][info][gc,heap        ] GC(34248) ParOldGen: 512127K(513024K)->512279K(513024K)
[14828.680s][info][gc,metaspace   ] GC(34248) Metaspace: 62400K(62656K)->62400K(62656K) NonClass: 53361K(53504K)->53361K(53504K) Class: 9039K(9152K)->9039K(9152K)
[14828.680s][info][gc             ] GC(34248) Pause Young (Allocation Failure) 580M->500M(583M) 3.045ms
[14828.680s][info][gc,cpu         ] GC(34248) User=0.01s Sys=0.00s Real=0.00s
[14829.142s][info][gc,start       ] GC(34249) Pause Young (Allocation Failure)
[14829.146s][info][gc,heap        ] GC(34249) PSYoungGen: 82144K(84480K)->1024K(84480K) Eden: 81920K(81920K)->0K(81920K) From: 224K(2560K)->1024K(2560K)
[14829.146s][info][gc,heap        ] GC(34249) ParOldGen: 512279K(513024K)->512423K(513024K)
[14829.146s][info][gc,metaspace   ] GC(34249) Metaspace: 62400K(62656K)->62400K(62656K) NonClass: 53361K(53504K)->53361K(53504K) Class: 9039K(9152K)->9039K(9152K)
[14829.146s][info][gc             ] GC(34249) Pause Young (Allocation Failure) 580M->501M(583M) 3.816ms
[14829.146s][info][gc,cpu         ] GC(34249) User=0.01s Sys=0.00s Real=0.00s
[14829.612s][info][gc,start       ] GC(34250) Pause Young (Allocation Failure)
[14829.616s][info][gc,heap        ] GC(34250) PSYoungGen: 82944K(84480K)->608K(84480K) Eden: 81920K(81920K)->0K(81920K) From: 1024K(2560K)->608K(2560K)
[14829.616s][info][gc,heap        ] GC(34250) ParOldGen: 512423K(513024K)->512567K(513024K)
[14829.616s][info][gc,metaspace   ] GC(34250) Metaspace: 62401K(62720K)->62401K(62720K) NonClass: 53362K(53568K)->53362K(53568K) Class: 9039K(9152K)->9039K(9152K)
[14829.616s][info][gc             ] GC(34250) Pause Young (Allocation Failure) 581M->501M(583M) 3.940ms
[14829.616s][info][gc,cpu         ] GC(34250) User=0.00s Sys=0.00s Real=0.00s
[14830.050s][info][gc,start       ] GC(34251) Pause Young (Allocation Failure)
[14830.054s][info][gc,heap        ] GC(34251) PSYoungGen: 82528K(84480K)->1184K(84480K) Eden: 81920K(81920K)->0K(81920K) From: 608K(2560K)->1184K(2560K)
[14830.054s][info][gc,heap        ] GC(34251) ParOldGen: 512567K(513024K)->512711K(513024K)
[14830.054s][info][gc,metaspace   ] GC(34251) Metaspace: 62401K(62720K)->62401K(62720K) NonClass: 53362K(53568K)->53362K(53568K) Class: 9039K(9152K)->9039K(9152K)
[14830.054s][info][gc             ] GC(34251) Pause Young (Allocation Failure) 581M->501M(583M) 4.032ms
[14830.054s][info][gc,cpu         ] GC(34251) User=0.00s Sys=0.00s Real=0.00s
[14830.520s][info][gc,start       ] GC(34252) Pause Young (Allocation Failure)
[14830.523s][info][gc,heap        ] GC(34252) PSYoungGen: 83104K(84480K)->464K(84480K) Eden: 81920K(81920K)->0K(81920K) From: 1184K(2560K)->464K(2560K)
[14830.523s][info][gc,heap        ] GC(34252) ParOldGen: 512711K(513024K)->512855K(513024K)
[14830.523s][info][gc,metaspace   ] GC(34252) Metaspace: 62401K(62720K)->62401K(62720K) NonClass: 53362K(53568K)->53362K(53568K) Class: 9039K(9152K)->9039K(9152K)
[14830.523s][info][gc             ] GC(34252) Pause Young (Allocation Failure) 581M->501M(583M) 3.323ms
[14830.524s][info][gc,cpu         ] GC(34252) User=0.01s Sys=0.00s Real=0.00s
[14830.977s][info][gc,start       ] GC(34253) Pause Young (Allocation Failure)
[14830.980s][info][gc,heap        ] GC(34253) PSYoungGen: 82384K(84480K)->224K(84480K) Eden: 81920K(81920K)->0K(81920K) From: 464K(2560K)->224K(2560K)
[14830.980s][info][gc,heap        ] GC(34253) ParOldGen: 512855K(513024K)->513039K(513536K)
[14830.980s][info][gc,metaspace   ] GC(34253) Metaspace: 62401K(62720K)->62401K(62720K) NonClass: 53362K(53568K)->53362K(53568K) Class: 9039K(9152K)->9039K(9152K)
[14830.980s][info][gc             ] GC(34253) Pause Young (Allocation Failure) 581M->501M(584M) 3.148ms
[14830.980s][info][gc,cpu         ] GC(34253) User=0.01s Sys=0.00s Real=0.00s
[14831.431s][info][gc,start       ] GC(34254) Pause Young (Allocation Failure)
[14831.435s][info][gc,heap        ] GC(34254) PSYoungGen: 82144K(84480K)->928K(84480K) Eden: 81920K(81920K)->0K(81920K) From: 224K(2560K)->928K(2560K)
[14831.435s][info][gc,heap        ] GC(34254) ParOldGen: 513039K(513536K)->513175K(513536K)
[14831.435s][info][gc,metaspace   ] GC(34254) Metaspace: 62401K(62720K)->62401K(62720K) NonClass: 53362K(53568K)->53362K(53568K) Class: 9039K(9152K)->9039K(9152K)
[14831.435s][info][gc             ] GC(34254) Pause Young (Allocation Failure) 581M->502M(584M) 3.719ms
[14831.435s][info][gc,cpu         ] GC(34254) User=0.01s Sys=0.00s Real=0.00s
[14831.838s][info][gc,start       ] GC(34255) Pause Young (Allocation Failure)
[14831.842s][info][gc,heap        ] GC(34255) PSYoungGen: 82848K(84480K)->1024K(84992K) Eden: 81920K(81920K)->0K(82944K) From: 928K(2560K)->1024K(2048K)
[14831.842s][info][gc,heap        ] GC(34255) ParOldGen: 513175K(513536K)->513319K(513536K)
[14831.842s][info][gc,metaspace   ] GC(34255) Metaspace: 62401K(62720K)->62401K(62720K) NonClass: 53362K(53568K)->53362K(53568K) Class: 9039K(9152K)->9039K(9152K)
[14831.842s][info][gc             ] GC(34255) Pause Young (Allocation Failure) 582M->502M(584M) 3.845ms
[14831.842s][info][gc,cpu         ] GC(34255) User=0.01s Sys=0.00s Real=0.00s
[14832.269s][info][gc,start       ] GC(34256) Pause Young (Allocation Failure)
[14832.273s][info][gc,heap        ] GC(34256) PSYoungGen: 83968K(84992K)->1504K(84480K) Eden: 82944K(82944K)->0K(82944K) From: 1024K(2048K)->1504K(1536K)
[14832.273s][info][gc,heap        ] GC(34256) ParOldGen: 513319K(513536K)->513463K(513536K)
[14832.273s][info][gc,metaspace   ] GC(34256) Metaspace: 62401K(62720K)->62401K(62720K) NonClass: 53362K(53568K)->53362K(53568K) Class: 9039K(9152K)->9039K(9152K)
[14832.273s][info][gc             ] GC(34256) Pause Young (Allocation Failure) 583M->502M(584M) 4.429ms
[14832.273s][info][gc,cpu         ] GC(34256) User=0.01s Sys=0.00s Real=0.00s
[14832.679s][info][gc,start       ] GC(34257) Pause Young (Allocation Failure)
[14832.682s][info][gc,heap        ] GC(34257) PSYoungGen: 84448K(84480K)->256K(84480K) Eden: 82944K(82944K)->0K(81920K) From: 1504K(1536K)->256K(2560K)
[14832.682s][info][gc,heap        ] GC(34257) ParOldGen: 513463K(513536K)->513607K(514048K)
[14832.682s][info][gc,metaspace   ] GC(34257) Metaspace: 62401K(62720K)->62401K(62720K) NonClass: 53362K(53568K)->53362K(53568K) Class: 9039K(9152K)->9039K(9152K)
[14832.682s][info][gc             ] GC(34257) Pause Young (Allocation Failure) 583M->501M(584M) 3.044ms
[14832.682s][info][gc,cpu         ] GC(34257) User=0.00s Sys=0.00s Real=0.00s
[14833.093s][info][gc,start       ] GC(34258) Pause Young (Allocation Failure)
[14833.096s][info][gc,heap        ] GC(34258) PSYoungGen: 82176K(84480K)->1440K(84480K) Eden: 81920K(81920K)->0K(81920K) From: 256K(2560K)->1440K(2560K)
[14833.096s][info][gc,heap        ] GC(34258) ParOldGen: 513607K(514048K)->513751K(514048K)
[14833.096s][info][gc,metaspace   ] GC(34258) Metaspace: 62401K(62720K)->62401K(62720K) NonClass: 53362K(53568K)->53362K(53568K) Class: 9039K(9152K)->9039K(9152K)
[14833.096s][info][gc             ] GC(34258) Pause Young (Allocation Failure) 581M->503M(584M) 3.378ms
[14833.096s][info][gc,cpu         ] GC(34258) User=0.01s Sys=0.01s Real=0.01s
[14833.553s][info][gc,start       ] GC(34259) Pause Young (Allocation Failure)
[14833.557s][info][gc,heap        ] GC(34259) PSYoungGen: 83360K(84480K)->1152K(84480K) Eden: 81920K(81920K)->0K(81920K) From: 1440K(2560K)->1152K(2560K)
[14833.557s][info][gc,heap        ] GC(34259) ParOldGen: 513751K(514048K)->514911K(515584K)
[14833.557s][info][gc,metaspace   ] GC(34259) Metaspace: 62401K(62720K)->62401K(62720K) NonClass: 53362K(53568K)->53362K(53568K) Class: 9039K(9152K)->9039K(9152K)
[14833.557s][info][gc             ] GC(34259) Pause Young (Allocation Failure) 583M->503M(586M) 4.429ms
[14833.557s][info][gc,cpu         ] GC(34259) User=0.01s Sys=0.00s Real=0.01s
[14833.989s][info][gc,start       ] GC(34260) Pause Young (Allocation Failure)
[14833.992s][info][gc,heap        ] GC(34260) PSYoungGen: 83072K(84480K)->384K(84480K) Eden: 81920K(81920K)->0K(81920K) From: 1152K(2560K)->384K(2560K)
[14833.992s][info][gc,heap        ] GC(34260) ParOldGen: 514911K(515584K)->515055K(515584K)
[14833.992s][info][gc,metaspace   ] GC(34260) Metaspace: 62401K(62720K)->62401K(62720K) NonClass: 53362K(53568K)->53362K(53568K) Class: 9039K(9152K)->9039K(9152K)
[14833.992s][info][gc             ] GC(34260) Pause Young (Allocation Failure) 583M->503M(586M) 3.249ms
[14833.992s][info][gc,cpu         ] GC(34260) User=0.01s Sys=0.00s Real=0.00s
[14834.416s][info][gc,start       ] GC(34261) Pause Young (Allocation Failure)
[14834.419s][info][gc,heap        ] GC(34261) PSYoungGen: 82304K(84480K)->736K(84992K) Eden: 81920K(81920K)->0K(82432K) From: 384K(2560K)->736K(2560K)
[14834.419s][info][gc,heap        ] GC(34261) ParOldGen: 515055K(515584K)->515199K(515584K)
[14834.419s][info][gc,metaspace   ] GC(34261) Metaspace: 62401K(62720K)->62401K(62720K) NonClass: 53362K(53568K)->53362K(53568K) Class: 9039K(9152K)->9039K(9152K)
[14834.419s][info][gc             ] GC(34261) Pause Young (Allocation Failure) 583M->503M(586M) 3.461ms
[14834.419s][info][gc,cpu         ] GC(34261) User=0.00s Sys=0.00s Real=0.01s
[14834.834s][info][gc,start       ] GC(34262) Pause Young (Allocation Failure)
[14834.837s][info][gc,heap        ] GC(34262) PSYoungGen: 83168K(84992K)->1024K(84480K) Eden: 82432K(82432K)->0K(82432K) From: 736K(2560K)->1024K(2048K)
[14834.837s][info][gc,heap        ] GC(34262) ParOldGen: 515199K(515584K)->515343K(515584K)
[14834.837s][info][gc,metaspace   ] GC(34262) Metaspace: 62401K(62720K)->62401K(62720K) NonClass: 53362K(53568K)->53362K(53568K) Class: 9039K(9152K)->9039K(9152K)
[14834.837s][info][gc             ] GC(34262) Pause Young (Allocation Failure) 584M->504M(586M) 3.785ms
[14834.837s][info][gc,cpu         ] GC(34262) User=0.01s Sys=0.00s Real=0.01s
[14835.250s][info][gc,start       ] GC(34263) Pause Young (Allocation Failure)
[14835.254s][info][gc,heap        ] GC(34263) PSYoungGen: 83456K(84480K)->1248K(84992K) Eden: 82432K(82432K)->0K(82944K) From: 1024K(2048K)->1248K(2048K)
[14835.254s][info][gc,heap        ] GC(34263) ParOldGen: 515343K(515584K)->515479K(515584K)
[14835.254s][info][gc,metaspace   ] GC(34263) Metaspace: 62401K(62720K)->62401K(62720K) NonClass: 53362K(53568K)->53362K(53568K) Class: 9039K(9152K)->9039K(9152K)
[14835.254s][info][gc             ] GC(34263) Pause Young (Allocation Failure) 584M->504M(586M) 4.175ms
[14835.254s][info][gc,cpu         ] GC(34263) User=0.01s Sys=0.00s Real=0.00s
[14835.719s][info][gc,start       ] GC(34264) Pause Young (Allocation Failure)
[14835.722s][info][gc,heap        ] GC(34264) PSYoungGen: 84192K(84992K)->736K(84992K) Eden: 82944K(82944K)->0K(82944K) From: 1248K(2048K)->736K(2048K)
[14835.722s][info][gc,heap        ] GC(34264) ParOldGen: 515479K(515584K)->515623K(516096K)
[14835.722s][info][gc,metaspace   ] GC(34264) Metaspace: 62401K(62720K)->62401K(62720K) NonClass: 53362K(53568K)->53362K(53568K) Class: 9039K(9152K)->9039K(9152K)
[14835.722s][info][gc             ] GC(34264) Pause Young (Allocation Failure) 585M->504M(587M) 3.628ms
[14835.722s][info][gc,cpu         ] GC(34264) User=0.00s Sys=0.00s Real=0.00s
[14836.201s][info][gc,start       ] GC(34265) Pause Young (Allocation Failure)
[14836.204s][info][gc,heap        ] GC(34265) PSYoungGen: 83680K(84992K)->512K(84992K) Eden: 82944K(82944K)->0K(82944K) From: 736K(2048K)->512K(2048K)
[14836.204s][info][gc,heap        ] GC(34265) ParOldGen: 515623K(516096K)->515775K(516096K)
[14836.204s][info][gc,metaspace   ] GC(34265) Metaspace: 62401K(62720K)->62401K(62720K) NonClass: 53362K(53568K)->53362K(53568K) Class: 9039K(9152K)->9039K(9152K)
[14836.204s][info][gc             ] GC(34265) Pause Young (Allocation Failure) 585M->504M(587M) 3.292ms
[14836.204s][info][gc,cpu         ] GC(34265) User=0.01s Sys=0.00s Real=0.00s
[14836.667s][info][gc,start       ] GC(34266) Pause Young (Allocation Failure)
[14836.671s][info][gc,heap        ] GC(34266) PSYoungGen: 83456K(84992K)->1280K(84992K) Eden: 82944K(82944K)->0K(82944K) From: 512K(2048K)->1280K(2048K)
[14836.671s][info][gc,heap        ] GC(34266) ParOldGen: 515775K(516096K)->515919K(516096K)
[14836.671s][info][gc,metaspace   ] GC(34266) Metaspace: 62401K(62720K)->62401K(62720K) NonClass: 53362K(53568K)->53362K(53568K) Class: 9039K(9152K)->9039K(9152K)
[14836.671s][info][gc             ] GC(34266) Pause Young (Allocation Failure) 585M->505M(587M) 4.325ms
[14836.671s][info][gc,cpu         ] GC(34266) User=0.01s Sys=0.00s Real=0.00s
[14837.141s][info][gc,start       ] GC(34267) Pause Young (Allocation Failure)
[14837.145s][info][gc,heap        ] GC(34267) PSYoungGen: 84224K(84992K)->960K(84992K) Eden: 82944K(82944K)->0K(82944K) From: 1280K(2048K)->960K(2048K)
[14837.145s][info][gc,heap        ] GC(34267) ParOldGen: 515919K(516096K)->516055K(516096K)
[14837.145s][info][gc,metaspace   ] GC(34267) Metaspace: 62401K(62720K)->62401K(62720K) NonClass: 53362K(53568K)->53362K(53568K) Class: 9039K(9152K)->9039K(9152K)
[14837.145s][info][gc             ] GC(34267) Pause Young (Allocation Failure) 586M->504M(587M) 4.072ms
[14837.145s][info][gc,cpu         ] GC(34267) User=0.01s Sys=0.00s Real=0.00s
[14837.602s][info][gc,start       ] GC(34268) Pause Young (Allocation Failure)
[14837.605s][info][gc,heap        ] GC(34268) PSYoungGen: 83904K(84992K)->544K(84992K) Eden: 82944K(82944K)->0K(82944K) From: 960K(2048K)->544K(2048K)
[14837.605s][info][gc,heap        ] GC(34268) ParOldGen: 516055K(516096K)->516191K(516608K)
[14837.605s][info][gc,metaspace   ] GC(34268) Metaspace: 62401K(62720K)->62401K(62720K) NonClass: 53362K(53568K)->53362K(53568K) Class: 9039K(9152K)->9039K(9152K)
[14837.605s][info][gc             ] GC(34268) Pause Young (Allocation Failure) 585M->504M(587M) 3.521ms
[14837.605s][info][gc,cpu         ] GC(34268) User=0.01s Sys=0.00s Real=0.00s
[14838.045s][info][gc,start       ] GC(34269) Pause Young (Allocation Failure)
[14838.049s][info][gc,heap        ] GC(34269) PSYoungGen: 83488K(84992K)->1120K(84992K) Eden: 82944K(82944K)->0K(82944K) From: 544K(2048K)->1120K(2048K)
[14838.049s][info][gc,heap        ] GC(34269) ParOldGen: 516191K(516608K)->516335K(516608K)
[14838.049s][info][gc,metaspace   ] GC(34269) Metaspace: 62401K(62720K)->62401K(62720K) NonClass: 53362K(53568K)->53362K(53568K) Class: 9039K(9152K)->9039K(9152K)
[14838.049s][info][gc             ] GC(34269) Pause Young (Allocation Failure) 585M->505M(587M) 4.326ms
[14838.049s][info][gc,cpu         ] GC(34269) User=0.01s Sys=0.00s Real=0.01s
[14838.487s][info][gc,start       ] GC(34270) Pause Young (Allocation Failure)
[14838.490s][info][gc,heap        ] GC(34270) PSYoungGen: 84064K(84992K)->320K(84992K) Eden: 82944K(82944K)->0K(82944K) From: 1120K(2048K)->320K(2048K)
[14838.490s][info][gc,heap        ] GC(34270) ParOldGen: 516335K(516608K)->516479K(516608K)
[14838.490s][info][gc,metaspace   ] GC(34270) Metaspace: 62401K(62720K)->62401K(62720K) NonClass: 53362K(53568K)->53362K(53568K) Class: 9039K(9152K)->9039K(9152K)
[14838.490s][info][gc             ] GC(34270) Pause Young (Allocation Failure) 586M->504M(587M) 3.281ms
[14838.490s][info][gc,cpu         ] GC(34270) User=0.01s Sys=0.00s Real=0.00s
[14838.893s][info][gc,start       ] GC(34271) Pause Young (Allocation Failure)
[14838.896s][info][gc,heap        ] GC(34271) PSYoungGen: 83264K(84992K)->1504K(84992K) Eden: 82944K(82944K)->0K(82944K) From: 320K(2048K)->1504K(2048K)
[14838.896s][info][gc,heap        ] GC(34271) ParOldGen: 516479K(516608K)->516623K(517120K)
[14838.896s][info][gc,metaspace   ] GC(34271) Metaspace: 62401K(62720K)->62401K(62720K) NonClass: 53362K(53568K)->53362K(53568K) Class: 9039K(9152K)->9039K(9152K)
[14838.896s][info][gc             ] GC(34271) Pause Young (Allocation Failure) 585M->505M(588M) 3.455ms
[14838.896s][info][gc,cpu         ] GC(34271) User=0.00s Sys=0.00s Real=0.00s
[14839.319s][info][gc,start       ] GC(34272) Pause Young (Allocation Failure)
[14839.323s][info][gc,heap        ] GC(34272) PSYoungGen: 84448K(84992K)->736K(84992K) Eden: 82944K(82944K)->0K(82944K) From: 1504K(2048K)->736K(2048K)
[14839.323s][info][gc,heap        ] GC(34272) ParOldGen: 516623K(517120K)->517791K(518656K)
[14839.323s][info][gc,metaspace   ] GC(34272) Metaspace: 62401K(62720K)->62401K(62720K) NonClass: 53362K(53568K)->53362K(53568K) Class: 9039K(9152K)->9039K(9152K)
[14839.323s][info][gc             ] GC(34272) Pause Young (Allocation Failure) 586M->506M(589M) 4.069ms
[14839.323s][info][gc,cpu         ] GC(34272) User=0.00s Sys=0.00s Real=0.00s
[14839.789s][info][gc,start       ] GC(34273) Pause Young (Allocation Failure)
[14839.792s][info][gc,heap        ] GC(34273) PSYoungGen: 83680K(84992K)->448K(84992K) Eden: 82944K(82944K)->0K(82944K) From: 736K(2048K)->448K(2048K)
[14839.792s][info][gc,heap        ] GC(34273) ParOldGen: 517791K(518656K)->517935K(518656K)
[14839.792s][info][gc,metaspace   ] GC(34273) Metaspace: 62401K(62720K)->62401K(62720K) NonClass: 53362K(53568K)->53362K(53568K) Class: 9039K(9152K)->9039K(9152K)
[14839.792s][info][gc             ] GC(34273) Pause Young (Allocation Failure) 587M->506M(589M) 3.311ms
[14839.792s][info][gc,cpu         ] GC(34273) User=0.01s Sys=0.00s Real=0.00s
[14840.239s][info][gc,start       ] GC(34274) Pause Young (Allocation Failure)
[14840.243s][info][gc,heap        ] GC(34274) PSYoungGen: 83392K(84992K)->960K(84992K) Eden: 82944K(82944K)->0K(82944K) From: 448K(2048K)->960K(2048K)
[14840.243s][info][gc,heap        ] GC(34274) ParOldGen: 517935K(518656K)->518127K(518656K)
[14840.243s][info][gc,metaspace   ] GC(34274) Metaspace: 62401K(62720K)->62401K(62720K) NonClass: 53362K(53568K)->53362K(53568K) Class: 9039K(9152K)->9039K(9152K)
[14840.243s][info][gc             ] GC(34274) Pause Young (Allocation Failure) 587M->506M(589M) 3.821ms
[14840.243s][info][gc,cpu         ] GC(34274) User=0.01s Sys=0.00s Real=0.00s
[14840.686s][info][gc,start       ] GC(34275) Pause Young (Allocation Failure)
[14840.689s][info][gc,heap        ] GC(34275) PSYoungGen: 83904K(84992K)->352K(84992K) Eden: 82944K(82944K)->0K(82944K) From: 960K(2048K)->352K(2048K)
[14840.689s][info][gc,heap        ] GC(34275) ParOldGen: 518127K(518656K)->518271K(518656K)
[14840.689s][info][gc,metaspace   ] GC(34275) Metaspace: 62401K(62720K)->62401K(62720K) NonClass: 53362K(53568K)->53362K(53568K) Class: 9039K(9152K)->9039K(9152K)
[14840.689s][info][gc             ] GC(34275) Pause Young (Allocation Failure) 587M->506M(589M) 3.160ms
[14840.689s][info][gc,cpu         ] GC(34275) User=0.00s Sys=0.00s Real=0.01s
[14841.096s][info][gc,start       ] GC(34276) Pause Young (Allocation Failure)
[14841.100s][info][gc,heap        ] GC(34276) PSYoungGen: 83296K(84992K)->480K(84992K) Eden: 82944K(82944K)->0K(82944K) From: 352K(2048K)->480K(2048K)
[14841.100s][info][gc,heap        ] GC(34276) ParOldGen: 518271K(518656K)->518415K(518656K)
[14841.100s][info][gc,metaspace   ] GC(34276) Metaspace: 62401K(62720K)->62401K(62720K) NonClass: 53362K(53568K)->53362K(53568K) Class: 9039K(9152K)->9039K(9152K)
[14841.100s][info][gc             ] GC(34276) Pause Young (Allocation Failure) 587M->506M(589M) 3.220ms
[14841.100s][info][gc,cpu         ] GC(34276) User=0.01s Sys=0.00s Real=0.00s
[14841.557s][info][gc,start       ] GC(34277) Pause Young (Allocation Failure)
[14841.561s][info][gc,heap        ] GC(34277) PSYoungGen: 83424K(84992K)->1184K(84992K) Eden: 82944K(82944K)->0K(82944K) From: 480K(2048K)->1184K(2048K)
[14841.561s][info][gc,heap        ] GC(34277) ParOldGen: 518415K(518656K)->518551K(518656K)
[14841.561s][info][gc,metaspace   ] GC(34277) Metaspace: 62401K(62720K)->62401K(62720K) NonClass: 53362K(53568K)->53362K(53568K) Class: 9039K(9152K)->9039K(9152K)
[14841.561s][info][gc             ] GC(34277) Pause Young (Allocation Failure) 587M->507M(589M) 4.045ms
[14841.562s][info][gc,cpu         ] GC(34277) User=0.00s Sys=0.00s Real=0.00s
[14841.979s][info][gc,start       ] GC(34278) Pause Young (Allocation Failure)
[14841.982s][info][gc,heap        ] GC(34278) PSYoungGen: 84128K(84992K)->256K(84992K) Eden: 82944K(82944K)->0K(82944K) From: 1184K(2048K)->256K(2048K)
[14841.982s][info][gc,heap        ] GC(34278) ParOldGen: 518551K(518656K)->518687K(519168K)
[14841.982s][info][gc,metaspace   ] GC(34278) Metaspace: 62401K(62720K)->62401K(62720K) NonClass: 53362K(53568K)->53362K(53568K) Class: 9039K(9152K)->9039K(9152K)
[14841.982s][info][gc             ] GC(34278) Pause Young (Allocation Failure) 588M->506M(590M) 3.045ms
[14841.982s][info][gc,cpu         ] GC(34278) User=0.01s Sys=0.00s Real=0.00s
[14842.488s][info][gc,start       ] GC(34279) Pause Young (Allocation Failure)
[14842.491s][info][gc,heap        ] GC(34279) PSYoungGen: 83200K(84992K)->352K(84992K) Eden: 82944K(82944K)->0K(82944K) From: 256K(2048K)->352K(2048K)
[14842.491s][info][gc,heap        ] GC(34279) ParOldGen: 518687K(519168K)->518823K(519168K)
[14842.491s][info][gc,metaspace   ] GC(34279) Metaspace: 62401K(62720K)->62401K(62720K) NonClass: 53362K(53568K)->53362K(53568K) Class: 9039K(9152K)->9039K(9152K)
[14842.491s][info][gc             ] GC(34279) Pause Young (Allocation Failure) 587M->507M(590M) 3.120ms
[14842.491s][info][gc,cpu         ] GC(34279) User=0.00s Sys=0.00s Real=0.00s
[14842.981s][info][gc,start       ] GC(34280) Pause Young (Allocation Failure)
[14842.984s][info][gc,heap        ] GC(34280) PSYoungGen: 83296K(84992K)->288K(84992K) Eden: 82944K(82944K)->0K(82944K) From: 352K(2048K)->288K(2048K)
[14842.984s][info][gc,heap        ] GC(34280) ParOldGen: 518823K(519168K)->518967K(519168K)
[14842.984s][info][gc,metaspace   ] GC(34280) Metaspace: 62401K(62720K)->62401K(62720K) NonClass: 53362K(53568K)->53362K(53568K) Class: 9039K(9152K)->9039K(9152K)
[14842.984s][info][gc             ] GC(34280) Pause Young (Allocation Failure) 588M->507M(590M) 3.024ms
[14842.984s][info][gc,cpu         ] GC(34280) User=0.00s Sys=0.00s Real=0.00s
[14843.480s][info][gc,start       ] GC(34281) Pause Young (Allocation Failure)
[14843.483s][info][gc,heap        ] GC(34281) PSYoungGen: 83232K(84992K)->288K(84992K) Eden: 82944K(82944K)->0K(82944K) From: 288K(2048K)->288K(2048K)
[14843.483s][info][gc,heap        ] GC(34281) ParOldGen: 518967K(519168K)->519103K(519168K)
[14843.483s][info][gc,metaspace   ] GC(34281) Metaspace: 62401K(62720K)->62401K(62720K) NonClass: 53362K(53568K)->53362K(53568K) Class: 9039K(9152K)->9039K(9152K)
[14843.483s][info][gc             ] GC(34281) Pause Young (Allocation Failure) 588M->507M(590M) 3.066ms
[14843.483s][info][gc,cpu         ] GC(34281) User=0.00s Sys=0.00s Real=0.00s
[14843.970s][info][gc,start       ] GC(34282) Pause Young (Allocation Failure)
[14843.975s][info][gc,heap        ] GC(34282) PSYoungGen: 83232K(84992K)->1280K(84992K) Eden: 82944K(82944K)->0K(82944K) From: 288K(2048K)->1280K(2048K)
[14843.975s][info][gc,heap        ] GC(34282) ParOldGen: 519103K(519168K)->519239K(519680K)
[14843.975s][info][gc,metaspace   ] GC(34282) Metaspace: 62401K(62720K)->62401K(62720K) NonClass: 53362K(53568K)->53362K(53568K) Class: 9039K(9152K)->9039K(9152K)
[14843.975s][info][gc             ] GC(34282) Pause Young (Allocation Failure) 588M->508M(590M) 4.193ms
[14843.975s][info][gc,cpu         ] GC(34282) User=0.00s Sys=0.00s Real=0.00s
[14844.467s][info][gc,start       ] GC(34283) Pause Young (Allocation Failure)
[14844.471s][info][gc,heap        ] GC(34283) PSYoungGen: 84224K(84992K)->1216K(84992K) Eden: 82944K(82944K)->0K(82944K) From: 1280K(2048K)->1216K(2048K)
[14844.471s][info][gc,heap        ] GC(34283) ParOldGen: 519239K(519680K)->519375K(519680K)
[14844.471s][info][gc,metaspace   ] GC(34283) Metaspace: 62401K(62720K)->62401K(62720K) NonClass: 53362K(53568K)->53362K(53568K) Class: 9039K(9152K)->9039K(9152K)
[14844.471s][info][gc             ] GC(34283) Pause Young (Allocation Failure) 589M->508M(590M) 4.054ms
[14844.471s][info][gc,cpu         ] GC(34283) User=0.01s Sys=0.00s Real=0.00s
[14844.963s][info][gc,start       ] GC(34284) Pause Young (Allocation Failure)
[14844.968s][info][gc,heap        ] GC(34284) PSYoungGen: 84160K(84992K)->2016K(84992K) Eden: 82944K(82944K)->0K(82944K) From: 1216K(2048K)->2016K(2048K)
[14844.968s][info][gc,heap        ] GC(34284) ParOldGen: 519375K(519680K)->519671K(519680K)
[14844.968s][info][gc,metaspace   ] GC(34284) Metaspace: 62401K(62720K)->62401K(62720K) NonClass: 53362K(53568K)->53362K(53568K) Class: 9039K(9152K)->9039K(9152K)
[14844.968s][info][gc             ] GC(34284) Pause Young (Allocation Failure) 589M->509M(590M) 4.299ms
[14844.968s][info][gc,cpu         ] GC(34284) User=0.00s Sys=0.00s Real=0.01s
[14845.462s][info][gc,start       ] GC(34285) Pause Young (Allocation Failure)
[14845.466s][info][gc,heap        ] GC(34285) PSYoungGen: 84960K(84992K)->1152K(83968K) Eden: 82944K(82944K)->0K(81920K) From: 2016K(2048K)->1152K(2048K)
[14845.466s][info][gc,heap        ] GC(34285) ParOldGen: 519671K(519680K)->520783K(521728K)
[14845.466s][info][gc,metaspace   ] GC(34285) Metaspace: 62401K(62720K)->62401K(62720K) NonClass: 53362K(53568K)->53362K(53568K) Class: 9039K(9152K)->9039K(9152K)
[14845.466s][info][gc             ] GC(34285) Pause Young (Allocation Failure) 590M->509M(591M) 4.253ms
[14845.466s][info][gc,cpu         ] GC(34285) User=0.01s Sys=0.00s Real=0.01s
[14845.974s][info][gc,start       ] GC(34286) Pause Young (Allocation Failure)
[14845.978s][info][gc,heap        ] GC(34286) PSYoungGen: 83072K(83968K)->1216K(84480K) Eden: 81920K(81920K)->0K(81920K) From: 1152K(2048K)->1216K(2560K)
[14845.978s][info][gc,heap        ] GC(34286) ParOldGen: 520783K(521728K)->520927K(521728K)
[14845.978s][info][gc,metaspace   ] GC(34286) Metaspace: 62401K(62720K)->62401K(62720K) NonClass: 53362K(53568K)->53362K(53568K) Class: 9039K(9152K)->9039K(9152K)
[14845.978s][info][gc             ] GC(34286) Pause Young (Allocation Failure) 589M->509M(592M) 4.315ms
[14845.978s][info][gc,cpu         ] GC(34286) User=0.01s Sys=0.00s Real=0.01s
[14846.441s][info][gc,start       ] GC(34287) Pause Young (Allocation Failure)
[14846.445s][info][gc,heap        ] GC(34287) PSYoungGen: 83136K(84480K)->992K(84480K) Eden: 81920K(81920K)->0K(81920K) From: 1216K(2560K)->992K(2560K)
[14846.445s][info][gc,heap        ] GC(34287) ParOldGen: 520927K(521728K)->521071K(521728K)
[14846.445s][info][gc,metaspace   ] GC(34287) Metaspace: 62401K(62720K)->62401K(62720K) NonClass: 53362K(53568K)->53362K(53568K) Class: 9039K(9152K)->9039K(9152K)
[14846.445s][info][gc             ] GC(34287) Pause Young (Allocation Failure) 589M->509M(592M) 3.814ms
[14846.445s][info][gc,cpu         ] GC(34287) User=0.01s Sys=0.00s Real=0.00s
[14846.890s][info][gc,start       ] GC(34288) Pause Young (Allocation Failure)
[14846.893s][info][gc,heap        ] GC(34288) PSYoungGen: 82912K(84480K)->384K(84480K) Eden: 81920K(81920K)->0K(81920K) From: 992K(2560K)->384K(2560K)
[14846.893s][info][gc,heap        ] GC(34288) ParOldGen: 521071K(521728K)->521215K(521728K)
[14846.893s][info][gc,metaspace   ] GC(34288) Metaspace: 62401K(62720K)->62401K(62720K) NonClass: 53362K(53568K)->53362K(53568K) Class: 9039K(9152K)->9039K(9152K)
[14846.893s][info][gc             ] GC(34288) Pause Young (Allocation Failure) 589M->509M(592M) 3.243ms
[14846.893s][info][gc,cpu         ] GC(34288) User=0.01s Sys=0.00s Real=0.00s
[14847.305s][info][gc,start       ] GC(34289) Pause Young (Allocation Failure)
[14847.308s][info][gc,heap        ] GC(34289) PSYoungGen: 82304K(84480K)->608K(84480K) Eden: 81920K(81920K)->0K(81920K) From: 384K(2560K)->608K(2560K)
[14847.308s][info][gc,heap        ] GC(34289) ParOldGen: 521215K(521728K)->521351K(521728K)
[14847.308s][info][gc,metaspace   ] GC(34289) Metaspace: 62401K(62720K)->62401K(62720K) NonClass: 53362K(53568K)->53362K(53568K) Class: 9039K(9152K)->9039K(9152K)
[14847.308s][info][gc             ] GC(34289) Pause Young (Allocation Failure) 589M->509M(592M) 3.381ms
[14847.308s][info][gc,cpu         ] GC(34289) User=0.00s Sys=0.00s Real=0.01s
[14847.726s][info][gc,start       ] GC(34290) Pause Young (Allocation Failure)
[14847.730s][info][gc,heap        ] GC(34290) PSYoungGen: 82528K(84480K)->864K(84480K) Eden: 81920K(81920K)->0K(81920K) From: 608K(2560K)->864K(2560K)
[14847.730s][info][gc,heap        ] GC(34290) ParOldGen: 521351K(521728K)->521487K(521728K)
[14847.730s][info][gc,metaspace   ] GC(34290) Metaspace: 62401K(62720K)->62401K(62720K) NonClass: 53362K(53568K)->53362K(53568K) Class: 9039K(9152K)->9039K(9152K)
[14847.730s][info][gc             ] GC(34290) Pause Young (Allocation Failure) 589M->510M(592M) 3.728ms
[14847.730s][info][gc,cpu         ] GC(34290) User=0.01s Sys=0.00s Real=0.01s
[14848.186s][info][gc,start       ] GC(34291) Pause Young (Allocation Failure)
[14848.189s][info][gc,heap        ] GC(34291) PSYoungGen: 82784K(84480K)->320K(84992K) Eden: 81920K(81920K)->0K(82944K) From: 864K(2560K)->320K(2048K)
[14848.189s][info][gc,heap        ] GC(34291) ParOldGen: 521487K(521728K)->521631K(521728K)
[14848.189s][info][gc,metaspace   ] GC(34291) Metaspace: 62401K(62720K)->62401K(62720K) NonClass: 53362K(53568K)->53362K(53568K) Class: 9039K(9152K)->9039K(9152K)
[14848.189s][info][gc             ] GC(34291) Pause Young (Allocation Failure) 590M->509M(592M) 3.177ms
[14848.189s][info][gc,cpu         ] GC(34291) User=0.00s Sys=0.00s Real=0.01s
[14848.651s][info][gc,start       ] GC(34292) Pause Young (Allocation Failure)
[14848.655s][info][gc,heap        ] GC(34292) PSYoungGen: 83264K(84992K)->1152K(84992K) Eden: 82944K(82944K)->0K(82944K) From: 320K(2048K)->1152K(2048K)
[14848.655s][info][gc,heap        ] GC(34292) ParOldGen: 521631K(521728K)->521767K(522240K)
[14848.655s][info][gc,metaspace   ] GC(34292) Metaspace: 62401K(62720K)->62401K(62720K) NonClass: 53362K(53568K)->53362K(53568K) Class: 9039K(9152K)->9039K(9152K)
[14848.655s][info][gc             ] GC(34292) Pause Young (Allocation Failure) 590M->510M(593M) 4.064ms
[14848.655s][info][gc,cpu         ] GC(34292) User=0.01s Sys=0.00s Real=0.00s
[14849.172s][info][gc,start       ] GC(34293) Pause Young (Allocation Failure)
[14849.176s][info][gc,heap        ] GC(34293) PSYoungGen: 84096K(84992K)->1168K(84992K) Eden: 82944K(82944K)->0K(82944K) From: 1152K(2048K)->1168K(2048K)
[14849.176s][info][gc,heap        ] GC(34293) ParOldGen: 521767K(522240K)->521903K(522240K)
[14849.176s][info][gc,metaspace   ] GC(34293) Metaspace: 62401K(62720K)->62401K(62720K) NonClass: 53362K(53568K)->53362K(53568K) Class: 9039K(9152K)->9039K(9152K)
[14849.176s][info][gc             ] GC(34293) Pause Young (Allocation Failure) 591M->510M(593M) 3.959ms
[14849.176s][info][gc,cpu         ] GC(34293) User=0.01s Sys=0.00s Real=0.00s
[14849.599s][info][gc,start       ] GC(34294) Pause Young (Allocation Failure)
[14849.603s][info][gc,heap        ] GC(34294) PSYoungGen: 84112K(84992K)->544K(84992K) Eden: 82944K(82944K)->0K(82944K) From: 1168K(2048K)->544K(2048K)
[14849.603s][info][gc,heap        ] GC(34294) ParOldGen: 521903K(522240K)->522095K(522240K)
[14849.603s][info][gc,metaspace   ] GC(34294) Metaspace: 62401K(62720K)->62401K(62720K) NonClass: 53362K(53568K)->53362K(53568K) Class: 9039K(9152K)->9039K(9152K)
[14849.603s][info][gc             ] GC(34294) Pause Young (Allocation Failure) 591M->510M(593M) 3.301ms
[14849.603s][info][gc,cpu         ] GC(34294) User=0.01s Sys=0.00s Real=0.00s
[14850.018s][info][gc,start       ] GC(34295) Pause Young (Allocation Failure)
[14850.022s][info][gc,heap        ] GC(34295) PSYoungGen: 83488K(84992K)->768K(84992K) Eden: 82944K(82944K)->0K(82944K) From: 544K(2048K)->768K(2048K)
[14850.022s][info][gc,heap        ] GC(34295) ParOldGen: 522095K(522240K)->522231K(522240K)
[14850.022s][info][gc,metaspace   ] GC(34295) Metaspace: 62401K(62720K)->62401K(62720K) NonClass: 53362K(53568K)->53362K(53568K) Class: 9039K(9152K)->9039K(9152K)
[14850.022s][info][gc             ] GC(34295) Pause Young (Allocation Failure) 591M->510M(593M) 3.495ms
[14850.022s][info][gc,cpu         ] GC(34295) User=0.00s Sys=0.01s Real=0.00s
[14850.436s][info][gc,start       ] GC(34296) Pause Young (Allocation Failure)
[14850.440s][info][gc,heap        ] GC(34296) PSYoungGen: 83711K(84992K)->992K(84992K) Eden: 82943K(82944K)->0K(82944K) From: 768K(2048K)->992K(2048K)
[14850.440s][info][gc,heap        ] GC(34296) ParOldGen: 522231K(522240K)->522375K(522752K)
[14850.440s][info][gc,metaspace   ] GC(34296) Metaspace: 62401K(62720K)->62401K(62720K) NonClass: 53362K(53568K)->53362K(53568K) Class: 9039K(9152K)->9039K(9152K)
[14850.440s][info][gc             ] GC(34296) Pause Young (Allocation Failure) 591M->511M(593M) 3.813ms
[14850.440s][info][gc,cpu         ] GC(34296) User=0.01s Sys=0.00s Real=0.00s
[14850.838s][info][gc,start       ] GC(34297) Pause Young (Allocation Failure)
[14850.842s][info][gc,heap        ] GC(34297) PSYoungGen: 83936K(84992K)->2016K(83968K) Eden: 82944K(82944K)->0K(81920K) From: 992K(2048K)->2016K(2048K)
[14850.842s][info][gc,heap        ] GC(34297) ParOldGen: 522375K(522752K)->522527K(522752K)
[14850.842s][info][gc,metaspace   ] GC(34297) Metaspace: 62401K(62720K)->62401K(62720K) NonClass: 53362K(53568K)->53362K(53568K) Class: 9039K(9152K)->9039K(9152K)
[14850.842s][info][gc             ] GC(34297) Pause Young (Allocation Failure) 592M->512M(592M) 3.895ms
[14850.842s][info][gc,cpu         ] GC(34297) User=0.00s Sys=0.00s Real=0.00s
[14851.314s][info][gc,start       ] GC(34298) Pause Young (Allocation Failure)
[14851.318s][info][gc,heap        ] GC(34298) PSYoungGen: 83936K(83968K)->608K(84480K) Eden: 81920K(81920K)->0K(81920K) From: 2016K(2048K)->608K(2560K)
[14851.318s][info][gc,heap        ] GC(34298) ParOldGen: 522527K(522752K)->524703K(525824K)
[14851.318s][info][gc,metaspace   ] GC(34298) Metaspace: 62401K(62720K)->62401K(62720K) NonClass: 53362K(53568K)->53362K(53568K) Class: 9039K(9152K)->9039K(9152K)
[14851.318s][info][gc             ] GC(34298) Pause Young (Allocation Failure) 592M->512M(596M) 4.508ms
[14851.318s][info][gc,cpu         ] GC(34298) User=0.01s Sys=0.00s Real=0.01s
[14851.771s][info][gc,start       ] GC(34299) Pause Young (Allocation Failure)
[14851.775s][info][gc,heap        ] GC(34299) PSYoungGen: 82528K(84480K)->1344K(84480K) Eden: 81920K(81920K)->0K(81920K) From: 608K(2560K)->1344K(2560K)
[14851.775s][info][gc,heap        ] GC(34299) ParOldGen: 524703K(525824K)->524839K(525824K)
[14851.775s][info][gc,metaspace   ] GC(34299) Metaspace: 62401K(62720K)->62401K(62720K) NonClass: 53362K(53568K)->53362K(53568K) Class: 9039K(9152K)->9039K(9152K)
[14851.775s][info][gc             ] GC(34299) Pause Young (Allocation Failure) 592M->513M(596M) 4.319ms
[14851.775s][info][gc,cpu         ] GC(34299) User=0.01s Sys=0.00s Real=0.00s
[14852.215s][info][gc,start       ] GC(34300) Pause Young (Allocation Failure)
[14852.218s][info][gc,heap        ] GC(34300) PSYoungGen: 83264K(84480K)->672K(84480K) Eden: 81920K(81920K)->0K(81920K) From: 1344K(2560K)->672K(2560K)
[14852.218s][info][gc,heap        ] GC(34300) ParOldGen: 524839K(525824K)->524983K(525824K)
[14852.218s][info][gc,metaspace   ] GC(34300) Metaspace: 62401K(62720K)->62401K(62720K) NonClass: 53362K(53568K)->53362K(53568K) Class: 9039K(9152K)->9039K(9152K)
[14852.218s][info][gc             ] GC(34300) Pause Young (Allocation Failure) 593M->513M(596M) 3.437ms
[14852.218s][info][gc,cpu         ] GC(34300) User=0.01s Sys=0.00s Real=0.01s
[14852.656s][info][gc,start       ] GC(34301) Pause Young (Allocation Failure)
[14852.660s][info][gc,heap        ] GC(34301) PSYoungGen: 82592K(84480K)->1280K(84480K) Eden: 81920K(81920K)->0K(81920K) From: 672K(2560K)->1280K(2560K)
[14852.660s][info][gc,heap        ] GC(34301) ParOldGen: 524983K(525824K)->525127K(525824K)
[14852.660s][info][gc,metaspace   ] GC(34301) Metaspace: 62401K(62720K)->62401K(62720K) NonClass: 53362K(53568K)->53362K(53568K) Class: 9039K(9152K)->9039K(9152K)
[14852.660s][info][gc             ] GC(34301) Pause Young (Allocation Failure) 593M->514M(596M) 4.456ms
[14852.660s][info][gc,cpu         ] GC(34301) User=0.01s Sys=0.00s Real=0.01s
[14853.067s][info][gc,start       ] GC(34302) Pause Young (Allocation Failure)
[14853.071s][info][gc,heap        ] GC(34302) PSYoungGen: 83200K(84480K)->1408K(84480K) Eden: 81920K(81920K)->0K(81920K) From: 1280K(2560K)->1408K(2560K)
[14853.072s][info][gc,heap        ] GC(34302) ParOldGen: 525127K(525824K)->525271K(525824K)
[14853.072s][info][gc,metaspace   ] GC(34302) Metaspace: 62401K(62720K)->62401K(62720K) NonClass: 53362K(53568K)->53362K(53568K) Class: 9039K(9152K)->9039K(9152K)
[14853.072s][info][gc             ] GC(34302) Pause Young (Allocation Failure) 594M->514M(596M) 4.220ms
[14853.072s][info][gc,cpu         ] GC(34302) User=0.01s Sys=0.00s Real=0.00s
[14853.499s][info][gc,start       ] GC(34303) Pause Young (Allocation Failure)
[14853.503s][info][gc,heap        ] GC(34303) PSYoungGen: 83328K(84480K)->512K(84480K) Eden: 81920K(81920K)->0K(81920K) From: 1408K(2560K)->512K(2560K)
[14853.503s][info][gc,heap        ] GC(34303) ParOldGen: 525271K(525824K)->525407K(525824K)
[14853.503s][info][gc,metaspace   ] GC(34303) Metaspace: 62401K(62720K)->62401K(62720K) NonClass: 53362K(53568K)->53362K(53568K) Class: 9039K(9152K)->9039K(9152K)
[14853.503s][info][gc             ] GC(34303) Pause Young (Allocation Failure) 594M->513M(596M) 3.320ms
[14853.503s][info][gc,cpu         ] GC(34303) User=0.01s Sys=0.00s Real=0.00s
[14856.386s][info][gc,start       ] GC(34304) Pause Young (Allocation Failure)
[14856.395s][info][gc,heap        ] GC(34304) PSYoungGen: 82432K(84480K)->2192K(84480K) Eden: 81920K(81920K)->0K(81920K) From: 512K(2560K)->2192K(2560K)
[14856.395s][info][gc,heap        ] GC(34304) ParOldGen: 525407K(525824K)->525567K(525824K)
[14856.395s][info][gc,metaspace   ] GC(34304) Metaspace: 62429K(62720K)->62429K(62720K) NonClass: 53390K(53568K)->53390K(53568K) Class: 9039K(9152K)->9039K(9152K)
[14856.395s][info][gc             ] GC(34304) Pause Young (Allocation Failure) 593M->515M(596M) 9.009ms
[14856.395s][info][gc,cpu         ] GC(34304) User=0.01s Sys=0.00s Real=0.01s
[14856.934s][info][gc,start       ] GC(34305) Pause Young (Allocation Failure)
[14856.938s][info][gc,heap        ] GC(34305) PSYoungGen: 84112K(84480K)->688K(84480K) Eden: 81920K(81920K)->0K(81920K) From: 2192K(2560K)->688K(2560K)
[14856.938s][info][gc,heap        ] GC(34305) ParOldGen: 525567K(525824K)->526903K(527360K)
[14856.938s][info][gc,metaspace   ] GC(34305) Metaspace: 62429K(62720K)->62429K(62720K) NonClass: 53390K(53568K)->53390K(53568K) Class: 9039K(9152K)->9039K(9152K)
[14856.938s][info][gc             ] GC(34305) Pause Young (Allocation Failure) 595M->515M(597M) 4.272ms
[14856.938s][info][gc,cpu         ] GC(34305) User=0.00s Sys=0.00s Real=0.01s
[14857.412s][info][gc,start       ] GC(34306) Pause Young (Allocation Failure)
[14857.415s][info][gc,heap        ] GC(34306) PSYoungGen: 82608K(84480K)->320K(84480K) Eden: 81920K(81920K)->0K(81920K) From: 688K(2560K)->320K(2560K)
[14857.415s][info][gc,heap        ] GC(34306) ParOldGen: 526903K(527360K)->527087K(527360K)
[14857.415s][info][gc,metaspace   ] GC(34306) Metaspace: 62429K(62720K)->62429K(62720K) NonClass: 53390K(53568K)->53390K(53568K) Class: 9039K(9152K)->9039K(9152K)
[14857.415s][info][gc             ] GC(34306) Pause Young (Allocation Failure) 595M->515M(597M) 2.803ms
[14857.415s][info][gc,cpu         ] GC(34306) User=0.01s Sys=0.00s Real=0.00s
[14857.862s][info][gc,start       ] GC(34307) Pause Young (Allocation Failure)
[14857.865s][info][gc,heap        ] GC(34307) PSYoungGen: 82240K(84480K)->960K(84480K) Eden: 81920K(81920K)->0K(81920K) From: 320K(2560K)->960K(2560K)
[14857.865s][info][gc,heap        ] GC(34307) ParOldGen: 527087K(527360K)->527183K(527360K)
[14857.865s][info][gc,metaspace   ] GC(34307) Metaspace: 62429K(62720K)->62429K(62720K) NonClass: 53390K(53568K)->53390K(53568K) Class: 9039K(9152K)->9039K(9152K)
[14857.865s][info][gc             ] GC(34307) Pause Young (Allocation Failure) 595M->515M(597M) 3.310ms
[14857.865s][info][gc,cpu         ] GC(34307) User=0.01s Sys=0.00s Real=0.00s
[14858.331s][info][gc,start       ] GC(34308) Pause Young (Allocation Failure)
[14858.334s][info][gc,heap        ] GC(34308) PSYoungGen: 82880K(84480K)->576K(84480K) Eden: 81920K(81920K)->0K(81920K) From: 960K(2560K)->576K(2560K)
[14858.334s][info][gc,heap        ] GC(34308) ParOldGen: 527183K(527360K)->527271K(527360K)
[14858.334s][info][gc,metaspace   ] GC(34308) Metaspace: 62429K(62720K)->62429K(62720K) NonClass: 53390K(53568K)->53390K(53568K) Class: 9039K(9152K)->9039K(9152K)
[14858.334s][info][gc             ] GC(34308) Pause Young (Allocation Failure) 595M->515M(597M) 2.931ms
[14858.334s][info][gc,cpu         ] GC(34308) User=0.00s Sys=0.00s Real=0.00s
[14858.742s][info][gc,start       ] GC(34309) Pause Young (Allocation Failure)
[14858.745s][info][gc,heap        ] GC(34309) PSYoungGen: 82496K(84480K)->2528K(83456K) Eden: 81920K(81920K)->0K(80896K) From: 576K(2560K)->2528K(2560K)
[14858.745s][info][gc,heap        ] GC(34309) ParOldGen: 527271K(527360K)->527631K(527872K)
[14858.745s][info][gc,metaspace   ] GC(34309) Metaspace: 62429K(62720K)->62429K(62720K) NonClass: 53390K(53568K)->53390K(53568K) Class: 9039K(9152K)->9039K(9152K)
[14858.745s][info][gc             ] GC(34309) Pause Young (Allocation Failure) 595M->517M(597M) 3.437ms
[14858.745s][info][gc,cpu         ] GC(34309) User=0.01s Sys=0.00s Real=0.00s
[14859.185s][info][gc,start       ] GC(34310) Pause Young (Allocation Failure)
[14859.189s][info][gc,heap        ] GC(34310) PSYoungGen: 83424K(83456K)->1216K(83968K) Eden: 80896K(80896K)->0K(80896K) From: 2528K(2560K)->1216K(3072K)
[14859.189s][info][gc,heap        ] GC(34310) ParOldGen: 527631K(527872K)->529735K(530944K)
[14859.189s][info][gc,metaspace   ] GC(34310) Metaspace: 62429K(62720K)->62429K(62720K) NonClass: 53390K(53568K)->53390K(53568K) Class: 9039K(9152K)->9039K(9152K)
[14859.189s][info][gc             ] GC(34310) Pause Young (Allocation Failure) 596M->518M(600M) 4.316ms
[14859.189s][info][gc,cpu         ] GC(34310) User=0.01s Sys=0.00s Real=0.01s
[14859.633s][info][gc,start       ] GC(34311) Pause Young (Allocation Failure)
[14859.636s][info][gc,heap        ] GC(34311) PSYoungGen: 82112K(83968K)->608K(83968K) Eden: 80896K(80896K)->0K(80896K) From: 1216K(3072K)->608K(3072K)
[14859.636s][info][gc,heap        ] GC(34311) ParOldGen: 529735K(530944K)->529799K(530944K)
[14859.636s][info][gc,metaspace   ] GC(34311) Metaspace: 62429K(62720K)->62429K(62720K) NonClass: 53390K(53568K)->53390K(53568K) Class: 9039K(9152K)->9039K(9152K)
[14859.636s][info][gc             ] GC(34311) Pause Young (Allocation Failure) 597M->517M(600M) 2.746ms
[14859.636s][info][gc,cpu         ] GC(34311) User=0.00s Sys=0.01s Real=0.00s
[14860.038s][info][gc,start       ] GC(34312) Pause Young (Allocation Failure)
[14860.040s][info][gc,heap        ] GC(34312) PSYoungGen: 81504K(83968K)->800K(83968K) Eden: 80896K(80896K)->0K(80896K) From: 608K(3072K)->800K(3072K)
[14860.040s][info][gc,heap        ] GC(34312) ParOldGen: 529799K(530944K)->529871K(530944K)
[14860.040s][info][gc,metaspace   ] GC(34312) Metaspace: 62429K(62720K)->62429K(62720K) NonClass: 53390K(53568K)->53390K(53568K) Class: 9039K(9152K)->9039K(9152K)
[14860.040s][info][gc             ] GC(34312) Pause Young (Allocation Failure) 596M->518M(600M) 2.906ms
[14860.041s][info][gc,cpu         ] GC(34312) User=0.00s Sys=0.00s Real=0.00s
[14860.485s][info][gc,start       ] GC(34313) Pause Young (Allocation Failure)
[14860.488s][info][gc,heap        ] GC(34313) PSYoungGen: 81696K(83968K)->1312K(84480K) Eden: 80896K(80896K)->0K(81920K) From: 800K(3072K)->1312K(2560K)
[14860.488s][info][gc,heap        ] GC(34313) ParOldGen: 529871K(530944K)->529991K(530944K)
[14860.488s][info][gc,metaspace   ] GC(34313) Metaspace: 62429K(62720K)->62429K(62720K) NonClass: 53390K(53568K)->53390K(53568K) Class: 9039K(9152K)->9039K(9152K)
[14860.488s][info][gc             ] GC(34313) Pause Young (Allocation Failure) 597M->518M(601M) 3.488ms
[14860.488s][info][gc,cpu         ] GC(34313) User=0.00s Sys=0.00s Real=0.01s
[14860.932s][info][gc,start       ] GC(34314) Pause Young (Allocation Failure)
[14860.935s][info][gc,heap        ] GC(34314) PSYoungGen: 83232K(84480K)->576K(84480K) Eden: 81920K(81920K)->0K(81920K) From: 1312K(2560K)->576K(2560K)
[14860.935s][info][gc,heap        ] GC(34314) ParOldGen: 529991K(530944K)->530047K(530944K)
[14860.935s][info][gc,metaspace   ] GC(34314) Metaspace: 62429K(62720K)->62429K(62720K) NonClass: 53390K(53568K)->53390K(53568K) Class: 9039K(9152K)->9039K(9152K)
[14860.935s][info][gc             ] GC(34314) Pause Young (Allocation Failure) 598M->518M(601M) 2.640ms
[14860.935s][info][gc,cpu         ] GC(34314) User=0.01s Sys=0.00s Real=0.00s
[14861.350s][info][gc,start       ] GC(34315) Pause Young (Allocation Failure)
[14861.353s][info][gc,heap        ] GC(34315) PSYoungGen: 82496K(84480K)->832K(84480K) Eden: 81920K(81920K)->0K(81920K) From: 576K(2560K)->832K(2560K)
[14861.353s][info][gc,heap        ] GC(34315) ParOldGen: 530047K(530944K)->530111K(530944K)
[14861.353s][info][gc,metaspace   ] GC(34315) Metaspace: 62429K(62720K)->62429K(62720K) NonClass: 53390K(53568K)->53390K(53568K) Class: 9039K(9152K)->9039K(9152K)
[14861.353s][info][gc             ] GC(34315) Pause Young (Allocation Failure) 598M->518M(601M) 2.952ms
[14861.353s][info][gc,cpu         ] GC(34315) User=0.00s Sys=0.00s Real=0.00s
[14861.793s][info][gc,start       ] GC(34316) Pause Young (Allocation Failure)
[14861.796s][info][gc,heap        ] GC(34316) PSYoungGen: 82752K(84480K)->1536K(84480K) Eden: 81920K(81920K)->0K(81920K) From: 832K(2560K)->1536K(2560K)
[14861.796s][info][gc,heap        ] GC(34316) ParOldGen: 530111K(530944K)->530175K(530944K)
[14861.796s][info][gc,metaspace   ] GC(34316) Metaspace: 62429K(62720K)->62429K(62720K) NonClass: 53390K(53568K)->53390K(53568K) Class: 9039K(9152K)->9039K(9152K)
[14861.796s][info][gc             ] GC(34316) Pause Young (Allocation Failure) 598M->519M(601M) 3.506ms
[14861.796s][info][gc,cpu         ] GC(34316) User=0.01s Sys=0.00s Real=0.01s
[14862.199s][info][gc,start       ] GC(34317) Pause Young (Allocation Failure)
[14862.203s][info][gc,heap        ] GC(34317) PSYoungGen: 83456K(84480K)->1696K(84480K) Eden: 81920K(81920K)->0K(81920K) From: 1536K(2560K)->1696K(2560K)
[14862.203s][info][gc,heap        ] GC(34317) ParOldGen: 530175K(530944K)->530239K(530944K)
[14862.203s][info][gc,metaspace   ] GC(34317) Metaspace: 62429K(62720K)->62429K(62720K) NonClass: 53390K(53568K)->53390K(53568K) Class: 9039K(9152K)->9039K(9152K)
[14862.203s][info][gc             ] GC(34317) Pause Young (Allocation Failure) 599M->519M(601M) 3.656ms
[14862.203s][info][gc,cpu         ] GC(34317) User=0.01s Sys=0.00s Real=0.00s
[14862.612s][info][gc,start       ] GC(34318) Pause Young (Allocation Failure)
[14862.614s][info][gc,heap        ] GC(34318) PSYoungGen: 83616K(84480K)->288K(84480K) Eden: 81920K(81920K)->0K(81920K) From: 1696K(2560K)->288K(2560K)
[14862.614s][info][gc,heap        ] GC(34318) ParOldGen: 530239K(530944K)->530303K(530944K)
[14862.614s][info][gc,metaspace   ] GC(34318) Metaspace: 62429K(62720K)->62429K(62720K) NonClass: 53390K(53568K)->53390K(53568K) Class: 9039K(9152K)->9039K(9152K)
[14862.614s][info][gc             ] GC(34318) Pause Young (Allocation Failure) 599M->518M(601M) 2.461ms
[14862.614s][info][gc,cpu         ] GC(34318) User=0.01s Sys=0.00s Real=0.00s
[14863.013s][info][gc,start       ] GC(34319) Pause Young (Allocation Failure)
[14863.015s][info][gc,heap        ] GC(34319) PSYoungGen: 82208K(84480K)->288K(84480K) Eden: 81920K(81920K)->0K(81920K) From: 288K(2560K)->288K(2560K)
[14863.015s][info][gc,heap        ] GC(34319) ParOldGen: 530303K(530944K)->530359K(530944K)
[14863.015s][info][gc,metaspace   ] GC(34319) Metaspace: 62429K(62720K)->62429K(62720K) NonClass: 53390K(53568K)->53390K(53568K) Class: 9039K(9152K)->9039K(9152K)
[14863.015s][info][gc             ] GC(34319) Pause Young (Allocation Failure) 598M->518M(601M) 2.533ms
[14863.015s][info][gc,cpu         ] GC(34319) User=0.00s Sys=0.00s Real=0.00s
[14863.457s][info][gc,start       ] GC(34320) Pause Young (Allocation Failure)
[14863.460s][info][gc,heap        ] GC(34320) PSYoungGen: 82208K(84480K)->2528K(84480K) Eden: 81920K(81920K)->0K(81920K) From: 288K(2560K)->2528K(2560K)
[14863.460s][info][gc,heap        ] GC(34320) ParOldGen: 530359K(530944K)->530807K(530944K)
[14863.460s][info][gc,metaspace   ] GC(34320) Metaspace: 62429K(62720K)->62429K(62720K) NonClass: 53390K(53568K)->53390K(53568K) Class: 9039K(9152K)->9039K(9152K)
[14863.460s][info][gc             ] GC(34320) Pause Young (Allocation Failure) 598M->520M(601M) 3.471ms
[14863.460s][info][gc,cpu         ] GC(34320) User=0.01s Sys=0.00s Real=0.00s
[14863.888s][info][gc,start       ] GC(34321) Pause Young (Allocation Failure)
[14863.892s][info][gc,heap        ] GC(34321) PSYoungGen: 84448K(84480K)->1440K(83456K) Eden: 81920K(81920K)->0K(80896K) From: 2528K(2560K)->1440K(2560K)
[14863.892s][info][gc,heap        ] GC(34321) ParOldGen: 530807K(530944K)->532903K(534016K)
[14863.892s][info][gc,metaspace   ] GC(34321) Metaspace: 62429K(62720K)->62429K(62720K) NonClass: 53390K(53568K)->53390K(53568K) Class: 9039K(9152K)->9039K(9152K)
[14863.892s][info][gc             ] GC(34321) Pause Young (Allocation Failure) 600M->521M(603M) 4.645ms
[14863.892s][info][gc,cpu         ] GC(34321) User=0.01s Sys=0.00s Real=0.00s
[14864.333s][info][gc,start       ] GC(34322) Pause Young (Allocation Failure)
[14864.336s][info][gc,heap        ] GC(34322) PSYoungGen: 82336K(83456K)->640K(83968K) Eden: 80896K(80896K)->0K(80896K) From: 1440K(2560K)->640K(3072K)
[14864.336s][info][gc,heap        ] GC(34322) ParOldGen: 532903K(534016K)->532967K(534016K)
[14864.336s][info][gc,metaspace   ] GC(34322) Metaspace: 62429K(62720K)->62429K(62720K) NonClass: 53390K(53568K)->53390K(53568K) Class: 9039K(9152K)->9039K(9152K)
[14864.336s][info][gc             ] GC(34322) Pause Young (Allocation Failure) 600M->521M(603M) 2.693ms
[14864.336s][info][gc,cpu         ] GC(34322) User=0.00s Sys=0.00s Real=0.00s
[14864.776s][info][gc,start       ] GC(34323) Pause Young (Allocation Failure)
[14864.779s][info][gc,heap        ] GC(34323) PSYoungGen: 81536K(83968K)->1184K(83968K) Eden: 80896K(80896K)->0K(80896K) From: 640K(3072K)->1184K(3072K)
[14864.779s][info][gc,heap        ] GC(34323) ParOldGen: 532967K(534016K)->533031K(534016K)
[14864.779s][info][gc,metaspace   ] GC(34323) Metaspace: 62429K(62720K)->62429K(62720K) NonClass: 53390K(53568K)->53390K(53568K) Class: 9039K(9152K)->9039K(9152K)
[14864.779s][info][gc             ] GC(34323) Pause Young (Allocation Failure) 600M->521M(603M) 3.204ms
[14864.779s][info][gc,cpu         ] GC(34323) User=0.00s Sys=0.00s Real=0.01s
[14865.237s][info][gc,start       ] GC(34324) Pause Young (Allocation Failure)
[14865.239s][info][gc,heap        ] GC(34324) PSYoungGen: 82080K(83968K)->576K(83968K) Eden: 80896K(80896K)->0K(80896K) From: 1184K(3072K)->576K(3072K)
[14865.239s][info][gc,heap        ] GC(34324) ParOldGen: 533031K(534016K)->533095K(534016K)
[14865.239s][info][gc,metaspace   ] GC(34324) Metaspace: 62429K(62720K)->62429K(62720K) NonClass: 53390K(53568K)->53390K(53568K) Class: 9039K(9152K)->9039K(9152K)
[14865.239s][info][gc             ] GC(34324) Pause Young (Allocation Failure) 600M->521M(603M) 2.725ms
[14865.239s][info][gc,cpu         ] GC(34324) User=0.01s Sys=0.00s Real=0.00s
[14865.645s][info][gc,start       ] GC(34325) Pause Young (Allocation Failure)
[14865.648s][info][gc,heap        ] GC(34325) PSYoungGen: 81472K(83968K)->768K(84480K) Eden: 80896K(80896K)->0K(81408K) From: 576K(3072K)->768K(3072K)
[14865.648s][info][gc,heap        ] GC(34325) ParOldGen: 533095K(534016K)->533159K(534016K)
[14865.648s][info][gc,metaspace   ] GC(34325) Metaspace: 62429K(62720K)->62429K(62720K) NonClass: 53390K(53568K)->53390K(53568K) Class: 9039K(9152K)->9039K(9152K)
[14865.648s][info][gc             ] GC(34325) Pause Young (Allocation Failure) 600M->521M(604M) 2.849ms
[14865.648s][info][gc,cpu         ] GC(34325) User=0.00s Sys=0.00s Real=0.01s
[14866.056s][info][gc,start       ] GC(34326) Pause Young (Allocation Failure)
[14866.059s][info][gc,heap        ] GC(34326) PSYoungGen: 82176K(84480K)->832K(83968K) Eden: 81408K(81408K)->0K(81408K) From: 768K(3072K)->832K(2560K)
[14866.059s][info][gc,heap        ] GC(34326) ParOldGen: 533159K(534016K)->533215K(534016K)
[14866.059s][info][gc,metaspace   ] GC(34326) Metaspace: 62429K(62720K)->62429K(62720K) NonClass: 53390K(53568K)->53390K(53568K) Class: 9039K(9152K)->9039K(9152K)
[14866.059s][info][gc             ] GC(34326) Pause Young (Allocation Failure) 600M->521M(603M) 2.926ms
[14866.059s][info][gc,cpu         ] GC(34326) User=0.00s Sys=0.00s Real=0.00s
[14866.523s][info][gc,start       ] GC(34327) Pause Young (Allocation Failure)
[14866.526s][info][gc,heap        ] GC(34327) PSYoungGen: 82240K(83968K)->448K(84480K) Eden: 81408K(81408K)->0K(81920K) From: 832K(2560K)->448K(2560K)
[14866.526s][info][gc,heap        ] GC(34327) ParOldGen: 533215K(534016K)->533279K(534016K)
[14866.526s][info][gc,metaspace   ] GC(34327) Metaspace: 62429K(62720K)->62429K(62720K) NonClass: 53390K(53568K)->53390K(53568K) Class: 9039K(9152K)->9039K(9152K)
[14866.526s][info][gc             ] GC(34327) Pause Young (Allocation Failure) 601M->521M(604M) 2.583ms
[14866.526s][info][gc,cpu         ] GC(34327) User=0.00s Sys=0.00s Real=0.00s
[14866.976s][info][gc,start       ] GC(34328) Pause Young (Allocation Failure)
[14866.980s][info][gc,heap        ] GC(34328) PSYoungGen: 82368K(84480K)->1216K(84480K) Eden: 81920K(81920K)->0K(81920K) From: 448K(2560K)->1216K(2560K)
[14866.980s][info][gc,heap        ] GC(34328) ParOldGen: 533279K(534016K)->533335K(534016K)
[14866.980s][info][gc,metaspace   ] GC(34328) Metaspace: 62429K(62720K)->62429K(62720K) NonClass: 53390K(53568K)->53390K(53568K) Class: 9039K(9152K)->9039K(9152K)
[14866.980s][info][gc             ] GC(34328) Pause Young (Allocation Failure) 601M->522M(604M) 3.328ms
[14866.980s][info][gc,cpu         ] GC(34328) User=0.01s Sys=0.00s Real=0.00s
[14867.481s][info][gc,start       ] GC(34329) Pause Young (Allocation Failure)
[14867.484s][info][gc,heap        ] GC(34329) PSYoungGen: 83136K(84480K)->1296K(84480K) Eden: 81920K(81920K)->0K(81920K) From: 1216K(2560K)->1296K(2560K)
[14867.484s][info][gc,heap        ] GC(34329) ParOldGen: 533335K(534016K)->533391K(534016K)
[14867.484s][info][gc,metaspace   ] GC(34329) Metaspace: 62429K(62720K)->62429K(62720K) NonClass: 53390K(53568K)->53390K(53568K) Class: 9039K(9152K)->9039K(9152K)
[14867.484s][info][gc             ] GC(34329) Pause Young (Allocation Failure) 602M->522M(604M) 3.354ms
[14867.485s][info][gc,cpu         ] GC(34329) User=0.01s Sys=0.00s Real=0.00s
[14867.926s][info][gc,start       ] GC(34330) Pause Young (Allocation Failure)
[14867.929s][info][gc,heap        ] GC(34330) PSYoungGen: 83216K(84480K)->2496K(84480K) Eden: 81920K(81920K)->0K(81920K) From: 1296K(2560K)->2496K(2560K)
[14867.929s][info][gc,heap        ] GC(34330) ParOldGen: 533391K(534016K)->533503K(534016K)
[14867.929s][info][gc,metaspace   ] GC(34330) Metaspace: 62429K(62720K)->62429K(62720K) NonClass: 53390K(53568K)->53390K(53568K) Class: 9039K(9152K)->9039K(9152K)
[14867.929s][info][gc             ] GC(34330) Pause Young (Allocation Failure) 602M->523M(604M) 3.000ms
[14867.929s][info][gc,cpu         ] GC(34330) User=0.01s Sys=0.00s Real=0.01s
[14868.359s][info][gc,start       ] GC(34331) Pause Young (Allocation Failure)
[14868.363s][info][gc,heap        ] GC(34331) PSYoungGen: 84416K(84480K)->992K(83456K) Eden: 81920K(81920K)->0K(80896K) From: 2496K(2560K)->992K(2560K)
[14868.363s][info][gc,heap        ] GC(34331) ParOldGen: 533503K(534016K)->535607K(537088K)
[14868.363s][info][gc,metaspace   ] GC(34331) Metaspace: 62429K(62720K)->62429K(62720K) NonClass: 53390K(53568K)->53390K(53568K) Class: 9039K(9152K)->9039K(9152K)
[14868.363s][info][gc             ] GC(34331) Pause Young (Allocation Failure) 603M->524M(606M) 4.313ms
[14868.363s][info][gc,cpu         ] GC(34331) User=0.01s Sys=0.00s Real=0.00s
[14868.770s][info][gc,start       ] GC(34332) Pause Young (Allocation Failure)
[14868.773s][info][gc,heap        ] GC(34332) PSYoungGen: 81888K(83456K)->1248K(83968K) Eden: 80896K(80896K)->0K(80896K) From: 992K(2560K)->1248K(3072K)
[14868.773s][info][gc,heap        ] GC(34332) ParOldGen: 535607K(537088K)->535663K(537088K)
[14868.773s][info][gc,metaspace   ] GC(34332) Metaspace: 62429K(62720K)->62429K(62720K) NonClass: 53390K(53568K)->53390K(53568K) Class: 9039K(9152K)->9039K(9152K)
[14868.773s][info][gc             ] GC(34332) Pause Young (Allocation Failure) 603M->524M(606M) 3.355ms
[14868.774s][info][gc,cpu         ] GC(34332) User=0.00s Sys=0.00s Real=0.00s
[14869.216s][info][gc,start       ] GC(34333) Pause Young (Allocation Failure)
[14869.219s][info][gc,heap        ] GC(34333) PSYoungGen: 82144K(83968K)->320K(84480K) Eden: 80896K(80896K)->0K(81920K) From: 1248K(3072K)->320K(2560K)
[14869.219s][info][gc,heap        ] GC(34333) ParOldGen: 535663K(537088K)->535719K(537088K)
[14869.219s][info][gc,metaspace   ] GC(34333) Metaspace: 62429K(62720K)->62429K(62720K) NonClass: 53390K(53568K)->53390K(53568K) Class: 9039K(9152K)->9039K(9152K)
[14869.219s][info][gc             ] GC(34333) Pause Young (Allocation Failure) 603M->523M(607M) 2.590ms
[14869.219s][info][gc,cpu         ] GC(34333) User=0.00s Sys=0.00s Real=0.00s
[14869.636s][info][gc,start       ] GC(34334) Pause Young (Allocation Failure)
[14869.639s][info][gc,heap        ] GC(34334) PSYoungGen: 82240K(84480K)->608K(84480K) Eden: 81920K(81920K)->0K(81920K) From: 320K(2560K)->608K(2560K)
[14869.639s][info][gc,heap        ] GC(34334) ParOldGen: 535719K(537088K)->535775K(537088K)
[14869.639s][info][gc,metaspace   ] GC(34334) Metaspace: 62429K(62720K)->62429K(62720K) NonClass: 53390K(53568K)->53390K(53568K) Class: 9039K(9152K)->9039K(9152K)
[14869.639s][info][gc             ] GC(34334) Pause Young (Allocation Failure) 603M->523M(607M) 2.776ms
[14869.639s][info][gc,cpu         ] GC(34334) User=0.01s Sys=0.00s Real=0.01s
[14870.029s][info][gc,start       ] GC(34335) Pause Young (Allocation Failure)
[14870.032s][info][gc,heap        ] GC(34335) PSYoungGen: 82528K(84480K)->544K(84480K) Eden: 81920K(81920K)->0K(81920K) From: 608K(2560K)->544K(2560K)
[14870.032s][info][gc,heap        ] GC(34335) ParOldGen: 535775K(537088K)->535831K(537088K)
[14870.032s][info][gc,metaspace   ] GC(34335) Metaspace: 62429K(62720K)->62429K(62720K) NonClass: 53390K(53568K)->53390K(53568K) Class: 9039K(9152K)->9039K(9152K)
[14870.032s][info][gc             ] GC(34335) Pause Young (Allocation Failure) 603M->523M(607M) 2.819ms
[14870.032s][info][gc,cpu         ] GC(34335) User=0.01s Sys=0.00s Real=0.00s
[14870.480s][info][gc,start       ] GC(34336) Pause Young (Allocation Failure)
[14870.483s][info][gc,heap        ] GC(34336) PSYoungGen: 82464K(84480K)->1248K(84480K) Eden: 81920K(81920K)->0K(81920K) From: 544K(2560K)->1248K(2560K)
[14870.483s][info][gc,heap        ] GC(34336) ParOldGen: 535831K(537088K)->535887K(537088K)
[14870.483s][info][gc,metaspace   ] GC(34336) Metaspace: 62429K(62720K)->62429K(62720K) NonClass: 53390K(53568K)->53390K(53568K) Class: 9039K(9152K)->9039K(9152K)
[14870.483s][info][gc             ] GC(34336) Pause Young (Allocation Failure) 603M->524M(607M) 3.293ms
[14870.483s][info][gc,cpu         ] GC(34336) User=0.01s Sys=0.00s Real=0.00s
[14870.901s][info][gc,start       ] GC(34337) Pause Young (Allocation Failure)
[14870.905s][info][gc,heap        ] GC(34337) PSYoungGen: 83168K(84480K)->1664K(84480K) Eden: 81920K(81920K)->0K(81920K) From: 1248K(2560K)->1664K(2560K)
[14870.905s][info][gc,heap        ] GC(34337) ParOldGen: 535887K(537088K)->535943K(537088K)
[14870.905s][info][gc,metaspace   ] GC(34337) Metaspace: 62429K(62720K)->62429K(62720K) NonClass: 53390K(53568K)->53390K(53568K) Class: 9039K(9152K)->9039K(9152K)
[14870.905s][info][gc             ] GC(34337) Pause Young (Allocation Failure) 604M->525M(607M) 3.652ms
[14870.905s][info][gc,cpu         ] GC(34337) User=0.01s Sys=0.00s Real=0.00s
[14871.353s][info][gc,start       ] GC(34338) Pause Young (Allocation Failure)
[14871.356s][info][gc,heap        ] GC(34338) PSYoungGen: 83584K(84480K)->928K(84480K) Eden: 81920K(81920K)->0K(81920K) From: 1664K(2560K)->928K(2560K)
[14871.356s][info][gc,heap        ] GC(34338) ParOldGen: 535943K(537088K)->535999K(537088K)
[14871.356s][info][gc,metaspace   ] GC(34338) Metaspace: 62429K(62720K)->62429K(62720K) NonClass: 53390K(53568K)->53390K(53568K) Class: 9039K(9152K)->9039K(9152K)
[14871.356s][info][gc             ] GC(34338) Pause Young (Allocation Failure) 605M->524M(607M) 3.059ms
[14871.356s][info][gc,cpu         ] GC(34338) User=0.01s Sys=0.00s Real=0.00s
[14871.808s][info][gc,start       ] GC(34339) Pause Young (Allocation Failure)
[14871.810s][info][gc,heap        ] GC(34339) PSYoungGen: 82848K(84480K)->192K(84480K) Eden: 81920K(81920K)->0K(81920K) From: 928K(2560K)->192K(2560K)
[14871.810s][info][gc,heap        ] GC(34339) ParOldGen: 535999K(537088K)->536055K(537088K)
[14871.810s][info][gc,metaspace   ] GC(34339) Metaspace: 62429K(62720K)->62429K(62720K) NonClass: 53390K(53568K)->53390K(53568K) Class: 9039K(9152K)->9039K(9152K)
[14871.810s][info][gc             ] GC(34339) Pause Young (Allocation Failure) 604M->523M(607M) 2.362ms
[14871.810s][info][gc,cpu         ] GC(34339) User=0.01s Sys=0.00s Real=0.00s
[14872.291s][info][gc,start       ] GC(34340) Pause Young (Allocation Failure)
[14872.295s][info][gc,heap        ] GC(34340) PSYoungGen: 82112K(84480K)->1280K(84480K) Eden: 81920K(81920K)->0K(81920K) From: 192K(2560K)->1280K(2560K)
[14872.295s][info][gc,heap        ] GC(34340) ParOldGen: 536055K(537088K)->536111K(537088K)
[14872.295s][info][gc,metaspace   ] GC(34340) Metaspace: 62429K(62720K)->62429K(62720K) NonClass: 53390K(53568K)->53390K(53568K) Class: 9039K(9152K)->9039K(9152K)
[14872.295s][info][gc             ] GC(34340) Pause Young (Allocation Failure) 603M->524M(607M) 3.543ms
[14872.295s][info][gc,cpu         ] GC(34340) User=0.00s Sys=0.00s Real=0.00s
[14872.758s][info][gc,start       ] GC(34341) Pause Young (Allocation Failure)
[14872.762s][info][gc,heap        ] GC(34341) PSYoungGen: 83200K(84480K)->2528K(83456K) Eden: 81920K(81920K)->0K(80896K) From: 1280K(2560K)->2528K(2560K)
[14872.762s][info][gc,heap        ] GC(34341) ParOldGen: 536111K(537088K)->536591K(537088K)
[14872.762s][info][gc,metaspace   ] GC(34341) Metaspace: 62429K(62720K)->62429K(62720K) NonClass: 53390K(53568K)->53390K(53568K) Class: 9039K(9152K)->9039K(9152K)
[14872.762s][info][gc             ] GC(34341) Pause Young (Allocation Failure) 604M->526M(606M) 3.866ms
[14872.762s][info][gc,cpu         ] GC(34341) User=0.01s Sys=0.00s Real=0.00s
[14873.171s][info][gc,start       ] GC(34342) Pause Young (Allocation Failure)
[14873.176s][info][gc,heap        ] GC(34342) PSYoungGen: 83424K(83456K)->1216K(83968K) Eden: 80896K(80896K)->0K(80896K) From: 2528K(2560K)->1216K(3072K)
[14873.176s][info][gc,heap        ] GC(34342) ParOldGen: 536591K(537088K)->538687K(540160K)
[14873.176s][info][gc,metaspace   ] GC(34342) Metaspace: 62429K(62720K)->62429K(62720K) NonClass: 53390K(53568K)->53390K(53568K) Class: 9039K(9152K)->9039K(9152K)
[14873.176s][info][gc             ] GC(34342) Pause Young (Allocation Failure) 605M->527M(609M) 4.581ms
[14873.176s][info][gc,cpu         ] GC(34342) User=0.01s Sys=0.01s Real=0.00s
[14873.571s][info][gc,start       ] GC(34343) Pause Young (Allocation Failure)
[14873.574s][info][gc,heap        ] GC(34343) PSYoungGen: 82112K(83968K)->1184K(83968K) Eden: 80896K(80896K)->0K(80896K) From: 1216K(3072K)->1184K(3072K)
[14873.574s][info][gc,heap        ] GC(34343) ParOldGen: 538687K(540160K)->538743K(540160K)
[14873.574s][info][gc,metaspace   ] GC(34343) Metaspace: 62429K(62720K)->62429K(62720K) NonClass: 53390K(53568K)->53390K(53568K) Class: 9039K(9152K)->9039K(9152K)
[14873.574s][info][gc             ] GC(34343) Pause Young (Allocation Failure) 606M->527M(609M) 3.319ms
[14873.574s][info][gc,cpu         ] GC(34343) User=0.01s Sys=0.00s Real=0.00s
[14873.977s][info][gc,start       ] GC(34344) Pause Young (Allocation Failure)
[14873.980s][info][gc,heap        ] GC(34344) PSYoungGen: 82080K(83968K)->1280K(83968K) Eden: 80896K(80896K)->0K(80896K) From: 1184K(3072K)->1280K(3072K)
[14873.980s][info][gc,heap        ] GC(34344) ParOldGen: 538743K(540160K)->538799K(540160K)
[14873.980s][info][gc,metaspace   ] GC(34344) Metaspace: 62429K(62720K)->62429K(62720K) NonClass: 53390K(53568K)->53390K(53568K) Class: 9039K(9152K)->9039K(9152K)
[14873.980s][info][gc             ] GC(34344) Pause Young (Allocation Failure) 606M->527M(609M) 3.584ms
[14873.980s][info][gc,cpu         ] GC(34344) User=0.00s Sys=0.00s Real=0.00s
[14874.389s][info][gc,start       ] GC(34345) Pause Young (Allocation Failure)
[14874.393s][info][gc,heap        ] GC(34345) PSYoungGen: 82176K(83968K)->1504K(84480K) Eden: 80896K(80896K)->0K(81920K) From: 1280K(3072K)->1504K(2560K)
[14874.393s][info][gc,heap        ] GC(34345) ParOldGen: 538799K(540160K)->538855K(540160K)
[14874.393s][info][gc,metaspace   ] GC(34345) Metaspace: 62429K(62720K)->62429K(62720K) NonClass: 53390K(53568K)->53390K(53568K) Class: 9039K(9152K)->9039K(9152K)
[14874.393s][info][gc             ] GC(34345) Pause Young (Allocation Failure) 606M->527M(610M) 3.519ms
[14874.393s][info][gc,cpu         ] GC(34345) User=0.00s Sys=0.00s Real=0.00s
[14874.860s][info][gc,start       ] GC(34346) Pause Young (Allocation Failure)
[14874.863s][info][gc,heap        ] GC(34346) PSYoungGen: 83424K(84480K)->1088K(84480K) Eden: 81920K(81920K)->0K(81920K) From: 1504K(2560K)->1088K(2560K)
[14874.863s][info][gc,heap        ] GC(34346) ParOldGen: 538855K(540160K)->538911K(540160K)
[14874.863s][info][gc,metaspace   ] GC(34346) Metaspace: 62429K(62720K)->62429K(62720K) NonClass: 53390K(53568K)->53390K(53568K) Class: 9039K(9152K)->9039K(9152K)
[14874.863s][info][gc             ] GC(34346) Pause Young (Allocation Failure) 607M->527M(610M) 3.141ms
[14874.863s][info][gc,cpu         ] GC(34346) User=0.01s Sys=0.00s Real=0.00s
[14875.303s][info][gc,start       ] GC(34347) Pause Young (Allocation Failure)
[14875.307s][info][gc,heap        ] GC(34347) PSYoungGen: 83008K(84480K)->1472K(84480K) Eden: 81920K(81920K)->0K(81920K) From: 1088K(2560K)->1472K(2560K)
[14875.307s][info][gc,heap        ] GC(34347) ParOldGen: 538911K(540160K)->539112K(540160K)
[14875.307s][info][gc,metaspace   ] GC(34347) Metaspace: 62429K(62720K)->62429K(62720K) NonClass: 53390K(53568K)->53390K(53568K) Class: 9039K(9152K)->9039K(9152K)
[14875.307s][info][gc             ] GC(34347) Pause Young (Allocation Failure) 607M->527M(610M) 3.841ms
[14875.307s][info][gc,cpu         ] GC(34347) User=0.00s Sys=0.00s Real=0.01s
[14875.740s][info][gc,start       ] GC(34348) Pause Young (Allocation Failure)
[14875.743s][info][gc,heap        ] GC(34348) PSYoungGen: 83392K(84480K)->736K(84480K) Eden: 81920K(81920K)->0K(81920K) From: 1472K(2560K)->736K(2560K)
[14875.743s][info][gc,heap        ] GC(34348) ParOldGen: 539112K(540160K)->539160K(540160K)
[14875.743s][info][gc,metaspace   ] GC(34348) Metaspace: 62429K(62720K)->62429K(62720K) NonClass: 53390K(53568K)->53390K(53568K) Class: 9039K(9152K)->9039K(9152K)
[14875.743s][info][gc             ] GC(34348) Pause Young (Allocation Failure) 607M->527M(610M) 2.881ms
[14875.743s][info][gc,cpu         ] GC(34348) User=0.01s Sys=0.00s Real=0.00s
[14876.219s][info][gc,start       ] GC(34349) Pause Young (Allocation Failure)
[14876.222s][info][gc,heap        ] GC(34349) PSYoungGen: 82656K(84480K)->320K(84480K) Eden: 81920K(81920K)->0K(81920K) From: 736K(2560K)->320K(2560K)
[14876.222s][info][gc,heap        ] GC(34349) ParOldGen: 539160K(540160K)->539216K(540160K)
[14876.222s][info][gc,metaspace   ] GC(34349) Metaspace: 62429K(62720K)->62429K(62720K) NonClass: 53390K(53568K)->53390K(53568K) Class: 9039K(9152K)->9039K(9152K)
[14876.222s][info][gc             ] GC(34349) Pause Young (Allocation Failure) 607M->526M(610M) 2.695ms
[14876.222s][info][gc,cpu         ] GC(34349) User=0.00s Sys=0.00s Real=0.00s
[14876.635s][info][gc,start       ] GC(34350) Pause Young (Allocation Failure)
[14876.638s][info][gc,heap        ] GC(34350) PSYoungGen: 82240K(84480K)->640K(84480K) Eden: 81920K(81920K)->0K(81920K) From: 320K(2560K)->640K(2560K)
[14876.638s][info][gc,heap        ] GC(34350) ParOldGen: 539216K(540160K)->539272K(540160K)
[14876.638s][info][gc,metaspace   ] GC(34350) Metaspace: 62429K(62720K)->62429K(62720K) NonClass: 53390K(53568K)->53390K(53568K) Class: 9039K(9152K)->9039K(9152K)
[14876.638s][info][gc             ] GC(34350) Pause Young (Allocation Failure) 606M->527M(610M) 2.776ms
[14876.638s][info][gc,cpu         ] GC(34350) User=0.01s Sys=0.00s Real=0.01s
[14877.057s][info][gc,start       ] GC(34351) Pause Young (Allocation Failure)
[14877.061s][info][gc,heap        ] GC(34351) PSYoungGen: 82560K(84480K)->2528K(83456K) Eden: 81920K(81920K)->0K(80896K) From: 640K(2560K)->2528K(2560K)
[14877.061s][info][gc,heap        ] GC(34351) ParOldGen: 539272K(540160K)->539784K(540160K)
[14877.061s][info][gc,metaspace   ] GC(34351) Metaspace: 62429K(62720K)->62429K(62720K) NonClass: 53390K(53568K)->53390K(53568K) Class: 9039K(9152K)->9039K(9152K)
[14877.061s][info][gc             ] GC(34351) Pause Young (Allocation Failure) 607M->529M(609M) 3.535ms
[14877.061s][info][gc,cpu         ] GC(34351) User=0.01s Sys=0.00s Real=0.00s
[14877.465s][info][gc,start       ] GC(34352) Pause Young (Allocation Failure)
[14877.469s][info][gc,heap        ] GC(34352) PSYoungGen: 83424K(83456K)->1024K(83968K) Eden: 80896K(80896K)->0K(80896K) From: 2528K(2560K)->1024K(3072K)
[14877.469s][info][gc,heap        ] GC(34352) ParOldGen: 539784K(540160K)->541880K(543232K)
[14877.469s][info][gc,metaspace   ] GC(34352) Metaspace: 62429K(62720K)->62429K(62720K) NonClass: 53390K(53568K)->53390K(53568K) Class: 9039K(9152K)->9039K(9152K)
[14877.469s][info][gc             ] GC(34352) Pause Young (Allocation Failure) 608M->530M(612M) 4.475ms
[14877.469s][info][gc,cpu         ] GC(34352) User=0.00s Sys=0.00s Real=0.01s
[14877.886s][info][gc,start       ] GC(34353) Pause Young (Allocation Failure)
[14877.890s][info][gc,heap        ] GC(34353) PSYoungGen: 81920K(83968K)->1376K(83968K) Eden: 80896K(80896K)->0K(80896K) From: 1024K(3072K)->1376K(3072K)
[14877.890s][info][gc,heap        ] GC(34353) ParOldGen: 541880K(543232K)->541936K(543232K)
[14877.890s][info][gc,metaspace   ] GC(34353) Metaspace: 62429K(62720K)->62429K(62720K) NonClass: 53390K(53568K)->53390K(53568K) Class: 9039K(9152K)->9039K(9152K)
[14877.890s][info][gc             ] GC(34353) Pause Young (Allocation Failure) 609M->530M(612M) 3.589ms
[14877.890s][info][gc,cpu         ] GC(34353) User=0.01s Sys=0.00s Real=0.01s
[14878.342s][info][gc,start       ] GC(34354) Pause Young (Allocation Failure)
[14878.345s][info][gc,heap        ] GC(34354) PSYoungGen: 82272K(83968K)->704K(83968K) Eden: 80896K(80896K)->0K(80896K) From: 1376K(3072K)->704K(3072K)
[14878.345s][info][gc,heap        ] GC(34354) ParOldGen: 541936K(543232K)->541992K(543232K)
[14878.345s][info][gc,metaspace   ] GC(34354) Metaspace: 62429K(62720K)->62429K(62720K) NonClass: 53390K(53568K)->53390K(53568K) Class: 9039K(9152K)->9039K(9152K)
[14878.345s][info][gc             ] GC(34354) Pause Young (Allocation Failure) 609M->529M(612M) 2.905ms
[14878.345s][info][gc,cpu         ] GC(34354) User=0.00s Sys=0.00s Real=0.00s
[14878.781s][info][gc,start       ] GC(34355) Pause Young (Allocation Failure)
[14878.784s][info][gc,heap        ] GC(34355) PSYoungGen: 81600K(83968K)->1280K(84480K) Eden: 80896K(80896K)->0K(81408K) From: 704K(3072K)->1280K(3072K)
[14878.784s][info][gc,heap        ] GC(34355) ParOldGen: 541992K(543232K)->542048K(543232K)
[14878.784s][info][gc,metaspace   ] GC(34355) Metaspace: 62429K(62720K)->62429K(62720K) NonClass: 53390K(53568K)->53390K(53568K) Class: 9039K(9152K)->9039K(9152K)
[14878.784s][info][gc             ] GC(34355) Pause Young (Allocation Failure) 608M->530M(613M) 3.360ms
[14878.784s][info][gc,cpu         ] GC(34355) User=0.01s Sys=0.00s Real=0.00s
[14879.224s][info][gc,start       ] GC(34356) Pause Young (Allocation Failure)
[14879.227s][info][gc,heap        ] GC(34356) PSYoungGen: 82688K(84480K)->448K(83968K) Eden: 81408K(81408K)->0K(81408K) From: 1280K(3072K)->448K(2560K)
[14879.227s][info][gc,heap        ] GC(34356) ParOldGen: 542048K(543232K)->542104K(543232K)
[14879.227s][info][gc,metaspace   ] GC(34356) Metaspace: 62429K(62720K)->62429K(62720K) NonClass: 53390K(53568K)->53390K(53568K) Class: 9039K(9152K)->9039K(9152K)
[14879.227s][info][gc             ] GC(34356) Pause Young (Allocation Failure) 610M->529M(612M) 2.820ms
[14879.227s][info][gc,cpu         ] GC(34356) User=0.01s Sys=0.00s Real=0.01s
[14879.680s][info][gc,start       ] GC(34357) Pause Young (Allocation Failure)
[14879.684s][info][gc,heap        ] GC(34357) PSYoungGen: 81856K(83968K)->1312K(84480K) Eden: 81408K(81408K)->0K(81920K) From: 448K(2560K)->1312K(2560K)
[14879.684s][info][gc,heap        ] GC(34357) ParOldGen: 542104K(543232K)->542152K(543232K)
[14879.684s][info][gc,metaspace   ] GC(34357) Metaspace: 62429K(62720K)->62429K(62720K) NonClass: 53390K(53568K)->53390K(53568K) Class: 9039K(9152K)->9039K(9152K)
[14879.684s][info][gc             ] GC(34357) Pause Young (Allocation Failure) 609M->530M(613M) 3.467ms
[14879.684s][info][gc,cpu         ] GC(34357) User=0.01s Sys=0.01s Real=0.00s
[14880.130s][info][gc,start       ] GC(34358) Pause Young (Allocation Failure)
[14880.133s][info][gc,heap        ] GC(34358) PSYoungGen: 83232K(84480K)->512K(84480K) Eden: 81920K(81920K)->0K(81920K) From: 1312K(2560K)->512K(2560K)
[14880.133s][info][gc,heap        ] GC(34358) ParOldGen: 542152K(543232K)->542208K(543232K)
[14880.133s][info][gc,metaspace   ] GC(34358) Metaspace: 62429K(62720K)->62429K(62720K) NonClass: 53390K(53568K)->53390K(53568K) Class: 9039K(9152K)->9039K(9152K)
[14880.133s][info][gc             ] GC(34358) Pause Young (Allocation Failure) 610M->530M(613M) 2.735ms
[14880.133s][info][gc,cpu         ] GC(34358) User=0.01s Sys=0.00s Real=0.00s
[14880.548s][info][gc,start       ] GC(34359) Pause Young (Allocation Failure)
[14880.551s][info][gc,heap        ] GC(34359) PSYoungGen: 82432K(84480K)->832K(84480K) Eden: 81920K(81920K)->0K(81920K) From: 512K(2560K)->832K(2560K)
[14880.551s][info][gc,heap        ] GC(34359) ParOldGen: 542208K(543232K)->542264K(543232K)
[14880.551s][info][gc,metaspace   ] GC(34359) Metaspace: 62429K(62720K)->62429K(62720K) NonClass: 53390K(53568K)->53390K(53568K) Class: 9039K(9152K)->9039K(9152K)
[14880.551s][info][gc             ] GC(34359) Pause Young (Allocation Failure) 610M->530M(613M) 2.946ms
[14880.551s][info][gc,cpu         ] GC(34359) User=0.01s Sys=0.00s Real=0.00s
[14880.956s][info][gc,start       ] GC(34360) Pause Young (Allocation Failure)
[14880.959s][info][gc,heap        ] GC(34360) PSYoungGen: 82751K(84480K)->992K(84480K) Eden: 81919K(81920K)->0K(81920K) From: 832K(2560K)->992K(2560K)
[14880.959s][info][gc,heap        ] GC(34360) ParOldGen: 542264K(543232K)->542328K(543232K)
[14880.959s][info][gc,metaspace   ] GC(34360) Metaspace: 62429K(62720K)->62429K(62720K) NonClass: 53390K(53568K)->53390K(53568K) Class: 9039K(9152K)->9039K(9152K)
[14880.959s][info][gc             ] GC(34360) Pause Young (Allocation Failure) 610M->530M(613M) 3.060ms
[14880.959s][info][gc,cpu         ] GC(34360) User=0.01s Sys=0.01s Real=0.01s
[14881.375s][info][gc,start       ] GC(34361) Pause Young (Allocation Failure)
[14881.378s][info][gc,heap        ] GC(34361) PSYoungGen: 82912K(84480K)->1152K(84480K) Eden: 81920K(81920K)->0K(81920K) From: 992K(2560K)->1152K(2560K)
[14881.378s][info][gc,heap        ] GC(34361) ParOldGen: 542328K(543232K)->542384K(543232K)
[14881.378s][info][gc,metaspace   ] GC(34361) Metaspace: 62429K(62720K)->62429K(62720K) NonClass: 53390K(53568K)->53390K(53568K) Class: 9039K(9152K)->9039K(9152K)
[14881.378s][info][gc             ] GC(34361) Pause Young (Allocation Failure) 610M->530M(613M) 3.211ms
[14881.378s][info][gc,cpu         ] GC(34361) User=0.01s Sys=0.00s Real=0.01s
[14881.836s][info][gc,start       ] GC(34362) Pause Young (Allocation Failure)
[14881.839s][info][gc,heap        ] GC(34362) PSYoungGen: 83072K(84480K)->2528K(84480K) Eden: 81920K(81920K)->0K(81920K) From: 1152K(2560K)->2528K(2560K)
[14881.839s][info][gc,heap        ] GC(34362) ParOldGen: 542384K(543232K)->542520K(543232K)
[14881.840s][info][gc,metaspace   ] GC(34362) Metaspace: 62429K(62720K)->62429K(62720K) NonClass: 53390K(53568K)->53390K(53568K) Class: 9039K(9152K)->9039K(9152K)
[14881.840s][info][gc             ] GC(34362) Pause Young (Allocation Failure) 610M->532M(613M) 3.181ms
[14881.840s][info][gc,cpu         ] GC(34362) User=0.01s Sys=0.00s Real=0.00s
[14882.338s][info][gc,start       ] GC(34363) Pause Young (Allocation Failure)
[14882.342s][info][gc,heap        ] GC(34363) PSYoungGen: 84448K(84480K)->720K(83456K) Eden: 81920K(81920K)->0K(80896K) From: 2528K(2560K)->720K(2560K)
[14882.342s][info][gc,heap        ] GC(34363) ParOldGen: 542520K(543232K)->544608K(544768K)
[14882.342s][info][gc,metaspace   ] GC(34363) Metaspace: 62429K(62720K)->62429K(62720K) NonClass: 53390K(53568K)->53390K(53568K) Class: 9039K(9152K)->9039K(9152K)
[14882.342s][info][gc             ] GC(34363) Pause Young (Allocation Failure) 612M->532M(613M) 4.141ms
[14882.342s][info][gc,cpu         ] GC(34363) User=0.01s Sys=0.00s Real=0.00s
[14882.761s][info][gc,start       ] GC(34364) Pause Young (Allocation Failure)
[14882.765s][info][gc,heap        ] GC(34364) PSYoungGen: 81616K(83456K)->1024K(83968K) Eden: 80896K(80896K)->0K(80896K) From: 720K(2560K)->1024K(3072K)
[14882.765s][info][gc,heap        ] GC(34364) ParOldGen: 544608K(544768K)->544720K(544768K)
[14882.765s][info][gc,metaspace   ] GC(34364) Metaspace: 62429K(62720K)->62429K(62720K) NonClass: 53390K(53568K)->53390K(53568K) Class: 9039K(9152K)->9039K(9152K)
[14882.765s][info][gc             ] GC(34364) Pause Young (Allocation Failure) 611M->532M(614M) 3.254ms
[14882.765s][info][gc,cpu         ] GC(34364) User=0.00s Sys=0.00s Real=0.00s
[14883.179s][info][gc,start       ] GC(34365) Pause Young (Allocation Failure)
[14883.182s][info][gc,heap        ] GC(34365) PSYoungGen: 81920K(83968K)->1312K(84480K) Eden: 80896K(80896K)->0K(81920K) From: 1024K(3072K)->1312K(2560K)
[14883.182s][info][gc,heap        ] GC(34365) ParOldGen: 544720K(544768K)->544776K(545280K)
[14883.182s][info][gc,metaspace   ] GC(34365) Metaspace: 62429K(62720K)->62429K(62720K) NonClass: 53390K(53568K)->53390K(53568K) Class: 9039K(9152K)->9039K(9152K)
[14883.182s][info][gc             ] GC(34365) Pause Young (Allocation Failure) 611M->533M(615M) 3.351ms
[14883.182s][info][gc,cpu         ] GC(34365) User=0.01s Sys=0.00s Real=0.00s
[14883.633s][info][gc,start       ] GC(34366) Pause Young (Allocation Failure)
[14883.635s][info][gc,heap        ] GC(34366) PSYoungGen: 83232K(84480K)->544K(84480K) Eden: 81920K(81920K)->0K(81920K) From: 1312K(2560K)->544K(2560K)
[14883.635s][info][gc,heap        ] GC(34366) ParOldGen: 544776K(545280K)->544824K(545280K)
[14883.635s][info][gc,metaspace   ] GC(34366) Metaspace: 62429K(62720K)->62429K(62720K) NonClass: 53390K(53568K)->53390K(53568K) Class: 9039K(9152K)->9039K(9152K)
[14883.635s][info][gc             ] GC(34366) Pause Young (Allocation Failure) 613M->532M(615M) 2.811ms
[14883.635s][info][gc,cpu         ] GC(34366) User=0.01s Sys=0.00s Real=0.00s
[14884.104s][info][gc,start       ] GC(34367) Pause Young (Allocation Failure)
[14884.108s][info][gc,heap        ] GC(34367) PSYoungGen: 82464K(84480K)->1440K(84480K) Eden: 81920K(81920K)->0K(81920K) From: 544K(2560K)->1440K(2560K)
[14884.108s][info][gc,heap        ] GC(34367) ParOldGen: 544824K(545280K)->544888K(545280K)
[14884.108s][info][gc,metaspace   ] GC(34367) Metaspace: 62429K(62720K)->62429K(62720K) NonClass: 53390K(53568K)->53390K(53568K) Class: 9039K(9152K)->9039K(9152K)
[14884.108s][info][gc             ] GC(34367) Pause Young (Allocation Failure) 612M->533M(615M) 4.081ms
[14884.108s][info][gc,cpu         ] GC(34367) User=0.01s Sys=0.00s Real=0.01s
[14884.592s][info][gc,start       ] GC(34368) Pause Young (Allocation Failure)
[14884.595s][info][gc,heap        ] GC(34368) PSYoungGen: 83360K(84480K)->1312K(84480K) Eden: 81920K(81920K)->0K(81920K) From: 1440K(2560K)->1312K(2560K)
[14884.595s][info][gc,heap        ] GC(34368) ParOldGen: 544888K(545280K)->544936K(545280K)
[14884.595s][info][gc,metaspace   ] GC(34368) Metaspace: 62429K(62720K)->62429K(62720K) NonClass: 53390K(53568K)->53390K(53568K) Class: 9039K(9152K)->9039K(9152K)
[14884.595s][info][gc             ] GC(34368) Pause Young (Allocation Failure) 613M->533M(615M) 3.415ms
[14884.595s][info][gc,cpu         ] GC(34368) User=0.01s Sys=0.00s Real=0.00s
[14885.005s][info][gc,start       ] GC(34369) Pause Young (Allocation Failure)
[14885.009s][info][gc,heap        ] GC(34369) PSYoungGen: 83232K(84480K)->1664K(84480K) Eden: 81920K(81920K)->0K(81920K) From: 1312K(2560K)->1664K(2560K)
[14885.009s][info][gc,heap        ] GC(34369) ParOldGen: 544936K(545280K)->544984K(545280K)
[14885.009s][info][gc,metaspace   ] GC(34369) Metaspace: 62429K(62720K)->62429K(62720K) NonClass: 53390K(53568K)->53390K(53568K) Class: 9039K(9152K)->9039K(9152K)
[14885.009s][info][gc             ] GC(34369) Pause Young (Allocation Failure) 613M->533M(615M) 3.645ms
[14885.009s][info][gc,cpu         ] GC(34369) User=0.01s Sys=0.00s Real=0.01s
[14885.423s][info][gc,start       ] GC(34370) Pause Young (Allocation Failure)
[14885.426s][info][gc,heap        ] GC(34370) PSYoungGen: 83584K(84480K)->448K(84480K) Eden: 81920K(81920K)->0K(81920K) From: 1664K(2560K)->448K(2560K)
[14885.426s][info][gc,heap        ] GC(34370) ParOldGen: 544984K(545280K)->545032K(545280K)
[14885.426s][info][gc,metaspace   ] GC(34370) Metaspace: 62429K(62720K)->62429K(62720K) NonClass: 53390K(53568K)->53390K(53568K) Class: 9039K(9152K)->9039K(9152K)
[14885.426s][info][gc             ] GC(34370) Pause Young (Allocation Failure) 613M->532M(615M) 2.629ms
[14885.426s][info][gc,cpu         ] GC(34370) User=0.00s Sys=0.00s Real=0.00s
[14885.892s][info][gc,start       ] GC(34371) Pause Young (Allocation Failure)
[14885.896s][info][gc,heap        ] GC(34371) PSYoungGen: 82368K(84480K)->1312K(84480K) Eden: 81920K(81920K)->0K(81920K) From: 448K(2560K)->1312K(2560K)
[14885.896s][info][gc,heap        ] GC(34371) ParOldGen: 545032K(545280K)->545088K(545280K)
[14885.896s][info][gc,metaspace   ] GC(34371) Metaspace: 62429K(62720K)->62429K(62720K) NonClass: 53390K(53568K)->53390K(53568K) Class: 9039K(9152K)->9039K(9152K)
[14885.896s][info][gc             ] GC(34371) Pause Young (Allocation Failure) 612M->533M(615M) 3.385ms
[14885.896s][info][gc,cpu         ] GC(34371) User=0.00s Sys=0.00s Real=0.00s
[14886.356s][info][gc,start       ] GC(34372) Pause Young (Allocation Failure)
[14886.359s][info][gc,heap        ] GC(34372) PSYoungGen: 83232K(84480K)->864K(84480K) Eden: 81920K(81920K)->0K(81920K) From: 1312K(2560K)->864K(2560K)
[14886.359s][info][gc,heap        ] GC(34372) ParOldGen: 545088K(545280K)->545136K(545280K)
[14886.359s][info][gc,metaspace   ] GC(34372) Metaspace: 62429K(62720K)->62429K(62720K) NonClass: 53390K(53568K)->53390K(53568K) Class: 9039K(9152K)->9039K(9152K)
[14886.359s][info][gc             ] GC(34372) Pause Young (Allocation Failure) 613M->533M(615M) 3.013ms
[14886.359s][info][gc,cpu         ] GC(34372) User=0.00s Sys=0.00s Real=0.01s
[14886.820s][info][gc,start       ] GC(34373) Pause Young (Allocation Failure)
[14886.824s][info][gc,heap        ] GC(34373) PSYoungGen: 82784K(84480K)->2432K(83456K) Eden: 81920K(81920K)->0K(80896K) From: 864K(2560K)->2432K(2560K)
[14886.824s][info][gc,heap        ] GC(34373) ParOldGen: 545136K(545280K)->546216K(546816K)
[14886.824s][info][gc,metaspace   ] GC(34373) Metaspace: 62429K(62720K)->62429K(62720K) NonClass: 53390K(53568K)->53390K(53568K) Class: 9039K(9152K)->9039K(9152K)
[14886.824s][info][gc             ] GC(34373) Pause Young (Allocation Failure) 613M->535M(615M) 4.137ms
[14886.824s][info][gc,cpu         ] GC(34373) User=0.01s Sys=0.00s Real=0.00s
[14887.308s][info][gc,start       ] GC(34374) Pause Young (Allocation Failure)
[14887.312s][info][gc,heap        ] GC(34374) PSYoungGen: 83328K(83456K)->224K(83968K) Eden: 80896K(80896K)->0K(80896K) From: 2432K(2560K)->224K(3072K)
[14887.312s][info][gc,heap        ] GC(34374) ParOldGen: 546216K(546816K)->548320K(548352K)
[14887.312s][info][gc,metaspace   ] GC(34374) Metaspace: 62429K(62720K)->62429K(62720K) NonClass: 53390K(53568K)->53390K(53568K) Class: 9039K(9152K)->9039K(9152K)
[14887.312s][info][gc             ] GC(34374) Pause Young (Allocation Failure) 614M->535M(617M) 3.812ms
[14887.312s][info][gc,cpu         ] GC(34374) User=0.01s Sys=0.00s Real=0.00s
[14887.756s][info][gc,start       ] GC(34375) Pause Young (Allocation Failure)
[14887.759s][info][gc,heap        ] GC(34375) PSYoungGen: 81120K(83968K)->928K(84480K) Eden: 80896K(80896K)->0K(81408K) From: 224K(3072K)->928K(3072K)
[14887.759s][info][gc,heap        ] GC(34375) ParOldGen: 548320K(548352K)->548376K(548864K)
[14887.759s][info][gc,metaspace   ] GC(34375) Metaspace: 62429K(62720K)->62429K(62720K) NonClass: 53390K(53568K)->53390K(53568K) Class: 9039K(9152K)->9039K(9152K)
[14887.759s][info][gc             ] GC(34375) Pause Young (Allocation Failure) 614M->536M(618M) 3.341ms
[14887.759s][info][gc,cpu         ] GC(34375) User=0.01s Sys=0.00s Real=0.01s
[14888.217s][info][gc,start       ] GC(34376) Pause Young (Allocation Failure)
[14888.220s][info][gc,heap        ] GC(34376) PSYoungGen: 82336K(84480K)->384K(83968K) Eden: 81408K(81408K)->0K(81408K) From: 928K(3072K)->384K(2560K)
[14888.220s][info][gc,heap        ] GC(34376) ParOldGen: 548376K(548864K)->548424K(548864K)
[14888.220s][info][gc,metaspace   ] GC(34376) Metaspace: 62429K(62720K)->62429K(62720K) NonClass: 53390K(53568K)->53390K(53568K) Class: 9039K(9152K)->9039K(9152K)
[14888.220s][info][gc             ] GC(34376) Pause Young (Allocation Failure) 615M->535M(618M) 2.900ms
[14888.220s][info][gc,cpu         ] GC(34376) User=0.00s Sys=0.00s Real=0.00s
[14888.685s][info][gc,start       ] GC(34377) Pause Young (Allocation Failure)
[14888.688s][info][gc,heap        ] GC(34377) PSYoungGen: 81792K(83968K)->1280K(84480K) Eden: 81408K(81408K)->0K(81920K) From: 384K(2560K)->1280K(2560K)
[14888.688s][info][gc,heap        ] GC(34377) ParOldGen: 548424K(548864K)->548480K(548864K)
[14888.688s][info][gc,metaspace   ] GC(34377) Metaspace: 62429K(62720K)->62429K(62720K) NonClass: 53390K(53568K)->53390K(53568K) Class: 9039K(9152K)->9039K(9152K)
[14888.688s][info][gc             ] GC(34377) Pause Young (Allocation Failure) 615M->536M(618M) 3.294ms
[14888.688s][info][gc,cpu         ] GC(34377) User=0.01s Sys=0.00s Real=0.01s
[14889.169s][info][gc,start       ] GC(34378) Pause Young (Allocation Failure)
[14889.172s][info][gc,heap        ] GC(34378) PSYoungGen: 83200K(84480K)->1088K(84480K) Eden: 81920K(81920K)->0K(81920K) From: 1280K(2560K)->1088K(2560K)
[14889.172s][info][gc,heap        ] GC(34378) ParOldGen: 548480K(548864K)->548528K(548864K)
[14889.172s][info][gc,metaspace   ] GC(34378) Metaspace: 62429K(62720K)->62429K(62720K) NonClass: 53390K(53568K)->53390K(53568K) Class: 9039K(9152K)->9039K(9152K)
[14889.172s][info][gc             ] GC(34378) Pause Young (Allocation Failure) 616M->536M(618M) 3.164ms
[14889.172s][info][gc,cpu         ] GC(34378) User=0.00s Sys=0.00s Real=0.00s
[14889.637s][info][gc,start       ] GC(34379) Pause Young (Allocation Failure)
[14889.640s][info][gc,heap        ] GC(34379) PSYoungGen: 83008K(84480K)->608K(84480K) Eden: 81920K(81920K)->0K(81920K) From: 1088K(2560K)->608K(2560K)
[14889.640s][info][gc,heap        ] GC(34379) ParOldGen: 548528K(548864K)->548576K(548864K)
[14889.640s][info][gc,metaspace   ] GC(34379) Metaspace: 62429K(62720K)->62429K(62720K) NonClass: 53390K(53568K)->53390K(53568K) Class: 9039K(9152K)->9039K(9152K)
[14889.640s][info][gc             ] GC(34379) Pause Young (Allocation Failure) 616M->536M(618M) 2.800ms
[14889.640s][info][gc,cpu         ] GC(34379) User=0.00s Sys=0.00s Real=0.00s
[14890.142s][info][gc,start       ] GC(34380) Pause Young (Allocation Failure)
[14890.145s][info][gc,heap        ] GC(34380) PSYoungGen: 82528K(84480K)->768K(84480K) Eden: 81920K(81920K)->0K(81920K) From: 608K(2560K)->768K(2560K)
[14890.145s][info][gc,heap        ] GC(34380) ParOldGen: 548576K(548864K)->548624K(548864K)
[14890.145s][info][gc,metaspace   ] GC(34380) Metaspace: 62429K(62720K)->62429K(62720K) NonClass: 53390K(53568K)->53390K(53568K) Class: 9039K(9152K)->9039K(9152K)
[14890.145s][info][gc             ] GC(34380) Pause Young (Allocation Failure) 616M->536M(618M) 2.950ms
[14890.145s][info][gc,cpu         ] GC(34380) User=0.01s Sys=0.00s Real=0.00s
[14890.558s][info][gc,start       ] GC(34381) Pause Young (Allocation Failure)
[14890.561s][info][gc,heap        ] GC(34381) PSYoungGen: 82688K(84480K)->864K(84480K) Eden: 81920K(81920K)->0K(81920K) From: 768K(2560K)->864K(2560K)
[14890.561s][info][gc,heap        ] GC(34381) ParOldGen: 548624K(548864K)->548728K(548864K)
[14890.561s][info][gc,metaspace   ] GC(34381) Metaspace: 62429K(62720K)->62429K(62720K) NonClass: 53390K(53568K)->53390K(53568K) Class: 9039K(9152K)->9039K(9152K)
[14890.561s][info][gc             ] GC(34381) Pause Young (Allocation Failure) 616M->536M(618M) 3.120ms
[14890.561s][info][gc,cpu         ] GC(34381) User=0.01s Sys=0.00s Real=0.00s
[14891.012s][info][gc,start       ] GC(34382) Pause Young (Allocation Failure)
[14891.014s][info][gc,heap        ] GC(34382) PSYoungGen: 82784K(84480K)->288K(84480K) Eden: 81920K(81920K)->0K(81920K) From: 864K(2560K)->288K(2560K)
[14891.014s][info][gc,heap        ] GC(34382) ParOldGen: 548728K(548864K)->548776K(548864K)
[14891.014s][info][gc,metaspace   ] GC(34382) Metaspace: 62429K(62720K)->62429K(62720K) NonClass: 53390K(53568K)->53390K(53568K) Class: 9039K(9152K)->9039K(9152K)
[14891.014s][info][gc             ] GC(34382) Pause Young (Allocation Failure) 616M->536M(618M) 2.499ms
[14891.014s][info][gc,cpu         ] GC(34382) User=0.00s Sys=0.00s Real=0.00s
[14891.450s][info][gc,start       ] GC(34383) Pause Young (Allocation Failure)
[14891.453s][info][gc,heap        ] GC(34383) PSYoungGen: 82208K(84480K)->864K(84992K) Eden: 81920K(81920K)->0K(82432K) From: 288K(2560K)->864K(2560K)
[14891.453s][info][gc,heap        ] GC(34383) ParOldGen: 548776K(548864K)->548832K(548864K)
[14891.453s][info][gc,metaspace   ] GC(34383) Metaspace: 62429K(62720K)->62429K(62720K) NonClass: 53390K(53568K)->53390K(53568K) Class: 9039K(9152K)->9039K(9152K)
[14891.453s][info][gc             ] GC(34383) Pause Young (Allocation Failure) 616M->536M(619M) 2.986ms
[14891.453s][info][gc,cpu         ] GC(34383) User=0.01s Sys=0.00s Real=0.00s
[14891.927s][info][gc,start       ] GC(34384) Pause Young (Allocation Failure)
[14891.929s][info][gc,heap        ] GC(34384) PSYoungGen: 83296K(84992K)->448K(84480K) Eden: 82432K(82432K)->0K(82432K) From: 864K(2560K)->448K(2048K)
[14891.929s][info][gc,heap        ] GC(34384) ParOldGen: 548832K(548864K)->548888K(549376K)
[14891.929s][info][gc,metaspace   ] GC(34384) Metaspace: 62429K(62720K)->62429K(62720K) NonClass: 53390K(53568K)->53390K(53568K) Class: 9039K(9152K)->9039K(9152K)
[14891.929s][info][gc             ] GC(34384) Pause Young (Allocation Failure) 617M->536M(619M) 2.780ms
[14891.929s][info][gc,cpu         ] GC(34384) User=0.01s Sys=0.00s Real=0.00s
[14892.391s][info][gc,start       ] GC(34385) Pause Young (Allocation Failure)
[14892.395s][info][gc,heap        ] GC(34385) PSYoungGen: 82880K(84480K)->1376K(83968K) Eden: 82432K(82432K)->0K(81920K) From: 448K(2048K)->1376K(2048K)
[14892.395s][info][gc,heap        ] GC(34385) ParOldGen: 548888K(549376K)->548936K(549376K)
[14892.395s][info][gc,metaspace   ] GC(34385) Metaspace: 62429K(62720K)->62429K(62720K) NonClass: 53390K(53568K)->53390K(53568K) Class: 9039K(9152K)->9039K(9152K)
[14892.395s][info][gc             ] GC(34385) Pause Young (Allocation Failure) 616M->537M(618M) 3.749ms
[14892.395s][info][gc,cpu         ] GC(34385) User=0.00s Sys=0.00s Real=0.00s
[14892.846s][info][gc,start       ] GC(34386) Pause Young (Allocation Failure)
[14892.849s][info][gc,heap        ] GC(34386) PSYoungGen: 83296K(83968K)->736K(84480K) Eden: 81920K(81920K)->0K(81920K) From: 1376K(2048K)->736K(2560K)
[14892.849s][info][gc,heap        ] GC(34386) ParOldGen: 548936K(549376K)->548992K(549376K)
[14892.849s][info][gc,metaspace   ] GC(34386) Metaspace: 62429K(62720K)->62429K(62720K) NonClass: 53390K(53568K)->53390K(53568K) Class: 9039K(9152K)->9039K(9152K)
[14892.849s][info][gc             ] GC(34386) Pause Young (Allocation Failure) 617M->536M(619M) 2.871ms
[14892.849s][info][gc,cpu         ] GC(34386) User=0.00s Sys=0.00s Real=0.01s
[14893.307s][info][gc,start       ] GC(34387) Pause Young (Allocation Failure)
[14893.310s][info][gc,heap        ] GC(34387) PSYoungGen: 82656K(84480K)->192K(84992K) Eden: 81920K(81920K)->0K(82944K) From: 736K(2560K)->192K(2048K)
[14893.310s][info][gc,heap        ] GC(34387) ParOldGen: 548992K(549376K)->549040K(549376K)
[14893.310s][info][gc,metaspace   ] GC(34387) Metaspace: 62429K(62720K)->62429K(62720K) NonClass: 53390K(53568K)->53390K(53568K) Class: 9039K(9152K)->9039K(9152K)
[14893.310s][info][gc             ] GC(34387) Pause Young (Allocation Failure) 616M->536M(619M) 2.455ms
[14893.310s][info][gc,cpu         ] GC(34387) User=0.00s Sys=0.00s Real=0.00s
[14893.796s][info][gc,start       ] GC(34388) Pause Young (Allocation Failure)
[14893.800s][info][gc,heap        ] GC(34388) PSYoungGen: 83136K(84992K)->1344K(84480K) Eden: 82944K(82944K)->0K(82944K) From: 192K(2048K)->1344K(1536K)
[14893.800s][info][gc,heap        ] GC(34388) ParOldGen: 549040K(549376K)->549096K(549376K)
[14893.800s][info][gc,metaspace   ] GC(34388) Metaspace: 62429K(62720K)->62429K(62720K) NonClass: 53390K(53568K)->53390K(53568K) Class: 9039K(9152K)->9039K(9152K)
[14893.800s][info][gc             ] GC(34388) Pause Young (Allocation Failure) 617M->537M(619M) 4.125ms
[14893.800s][info][gc,cpu         ] GC(34388) User=0.00s Sys=0.00s Real=0.01s
[14894.283s][info][gc,start       ] GC(34389) Pause Young (Allocation Failure)
[14894.286s][info][gc,heap        ] GC(34389) PSYoungGen: 84288K(84480K)->1120K(84992K) Eden: 82944K(82944K)->0K(82432K) From: 1344K(1536K)->1120K(2560K)
[14894.286s][info][gc,heap        ] GC(34389) ParOldGen: 549096K(549376K)->549144K(549376K)
[14894.286s][info][gc,metaspace   ] GC(34389) Metaspace: 62429K(62720K)->62429K(62720K) NonClass: 53390K(53568K)->53390K(53568K) Class: 9039K(9152K)->9039K(9152K)
[14894.286s][info][gc             ] GC(34389) Pause Young (Allocation Failure) 618M->537M(619M) 3.321ms
[14894.286s][info][gc,cpu         ] GC(34389) User=0.01s Sys=0.00s Real=0.00s
[14894.751s][info][gc,start       ] GC(34390) Pause Young (Allocation Failure)
[14894.754s][info][gc,heap        ] GC(34390) PSYoungGen: 83552K(84992K)->704K(84480K) Eden: 82432K(82432K)->0K(82432K) From: 1120K(2560K)->704K(2048K)
[14894.754s][info][gc,heap        ] GC(34390) ParOldGen: 549144K(549376K)->549192K(549376K)
[14894.754s][info][gc,metaspace   ] GC(34390) Metaspace: 62429K(62720K)->62429K(62720K) NonClass: 53390K(53568K)->53390K(53568K) Class: 9039K(9152K)->9039K(9152K)
[14894.754s][info][gc             ] GC(34390) Pause Young (Allocation Failure) 617M->537M(619M) 3.018ms
[14894.754s][info][gc,cpu         ] GC(34390) User=0.01s Sys=0.00s Real=0.00s
[14895.201s][info][gc,start       ] GC(34391) Pause Young (Allocation Failure)
[14895.204s][info][gc,heap        ] GC(34391) PSYoungGen: 83136K(84480K)->1664K(83968K) Eden: 82432K(82432K)->0K(81920K) From: 704K(2048K)->1664K(2048K)
[14895.204s][info][gc,heap        ] GC(34391) ParOldGen: 549192K(549376K)->549248K(549376K)
[14895.204s][info][gc,metaspace   ] GC(34391) Metaspace: 62429K(62720K)->62429K(62720K) NonClass: 53390K(53568K)->53390K(53568K) Class: 9039K(9152K)->9039K(9152K)
[14895.205s][info][gc             ] GC(34391) Pause Young (Allocation Failure) 617M->538M(618M) 3.950ms
[14895.205s][info][gc,cpu         ] GC(34391) User=0.01s Sys=0.00s Real=0.00s
[14895.619s][info][gc,start       ] GC(34392) Pause Young (Allocation Failure)
[14895.622s][info][gc,heap        ] GC(34392) PSYoungGen: 83584K(83968K)->384K(84480K) Eden: 81920K(81920K)->0K(81920K) From: 1664K(2048K)->384K(2560K)
[14895.622s][info][gc,heap        ] GC(34392) ParOldGen: 549248K(549376K)->549304K(549376K)
[14895.622s][info][gc,metaspace   ] GC(34392) Metaspace: 62429K(62720K)->62429K(62720K) NonClass: 53390K(53568K)->53390K(53568K) Class: 9039K(9152K)->9039K(9152K)
[14895.622s][info][gc             ] GC(34392) Pause Young (Allocation Failure) 618M->536M(619M) 2.620ms
[14895.622s][info][gc,cpu         ] GC(34392) User=0.00s Sys=0.00s Real=0.00s
[14896.101s][info][gc,start       ] GC(34393) Pause Young (Allocation Failure)
[14896.104s][info][gc,heap        ] GC(34393) PSYoungGen: 82304K(84480K)->1408K(84480K) Eden: 81920K(81920K)->0K(81920K) From: 384K(2560K)->1408K(2560K)
[14896.105s][info][gc,heap        ] GC(34393) ParOldGen: 549304K(549376K)->549360K(549376K)
[14896.105s][info][gc,metaspace   ] GC(34393) Metaspace: 62429K(62720K)->62429K(62720K) NonClass: 53390K(53568K)->53390K(53568K) Class: 9039K(9152K)->9039K(9152K)
[14896.105s][info][gc             ] GC(34393) Pause Young (Allocation Failure) 616M->537M(619M) 3.737ms
[14896.105s][info][gc,cpu         ] GC(34393) User=0.00s Sys=0.00s Real=0.00s
[14896.587s][info][gc,start       ] GC(34394) Pause Young (Allocation Failure)
[14896.591s][info][gc,heap        ] GC(34394) PSYoungGen: 83328K(84480K)->2528K(84480K) Eden: 81920K(81920K)->0K(81920K) From: 1408K(2560K)->2528K(2560K)
[14896.591s][info][gc,heap        ] GC(34394) ParOldGen: 549360K(549376K)->550192K(550400K)
[14896.591s][info][gc,metaspace   ] GC(34394) Metaspace: 62429K(62720K)->62429K(62720K) NonClass: 53390K(53568K)->53390K(53568K) Class: 9039K(9152K)->9039K(9152K)
[14896.591s][info][gc             ] GC(34394) Pause Young (Allocation Failure) 617M->539M(620M) 4.153ms
[14896.591s][info][gc,cpu         ] GC(34394) User=0.01s Sys=0.01s Real=0.00s
[14897.043s][info][gc,start       ] GC(34395) Pause Young (Allocation Failure)
[14897.047s][info][gc,heap        ] GC(34395) PSYoungGen: 84448K(84480K)->736K(83456K) Eden: 81920K(81920K)->0K(80896K) From: 2528K(2560K)->736K(2560K)
[14897.047s][info][gc,heap        ] GC(34395) ParOldGen: 550192K(550400K)->552280K(553472K)
[14897.047s][info][gc,metaspace   ] GC(34395) Metaspace: 62429K(62720K)->62429K(62720K) NonClass: 53390K(53568K)->53390K(53568K) Class: 9039K(9152K)->9039K(9152K)
[14897.047s][info][gc             ] GC(34395) Pause Young (Allocation Failure) 619M->540M(622M) 4.064ms
[14897.047s][info][gc,cpu         ] GC(34395) User=0.01s Sys=0.00s Real=0.01s
[14897.467s][info][gc,start       ] GC(34396) Pause Young (Allocation Failure)
[14897.471s][info][gc,heap        ] GC(34396) PSYoungGen: 81632K(83456K)->1024K(83968K) Eden: 80896K(80896K)->0K(80896K) From: 736K(2560K)->1024K(3072K)
[14897.471s][info][gc,heap        ] GC(34396) ParOldGen: 552280K(553472K)->552336K(553472K)
[14897.471s][info][gc,metaspace   ] GC(34396) Metaspace: 62429K(62720K)->62429K(62720K) NonClass: 53390K(53568K)->53390K(53568K) Class: 9039K(9152K)->9039K(9152K)
[14897.471s][info][gc             ] GC(34396) Pause Young (Allocation Failure) 619M->540M(622M) 3.120ms
[14897.471s][info][gc,cpu         ] GC(34396) User=0.00s Sys=0.00s Real=0.00s
[14897.979s][info][gc,start       ] GC(34397) Pause Young (Allocation Failure)
[14897.982s][info][gc,heap        ] GC(34397) PSYoungGen: 81920K(83968K)->1088K(84480K) Eden: 80896K(80896K)->0K(81408K) From: 1024K(3072K)->1088K(3072K)
[14897.982s][info][gc,heap        ] GC(34397) ParOldGen: 552336K(553472K)->552392K(553472K)
[14897.982s][info][gc,metaspace   ] GC(34397) Metaspace: 62429K(62720K)->62429K(62720K) NonClass: 53390K(53568K)->53390K(53568K) Class: 9039K(9152K)->9039K(9152K)
[14897.982s][info][gc             ] GC(34397) Pause Young (Allocation Failure) 619M->540M(623M) 3.235ms
[14897.982s][info][gc,cpu         ] GC(34397) User=0.00s Sys=0.00s Real=0.00s
[14898.432s][info][gc,start       ] GC(34398) Pause Young (Allocation Failure)
[14898.435s][info][gc,heap        ] GC(34398) PSYoungGen: 82496K(84480K)->576K(83968K) Eden: 81408K(81408K)->0K(81408K) From: 1088K(3072K)->576K(2560K)
[14898.435s][info][gc,heap        ] GC(34398) ParOldGen: 552392K(553472K)->552496K(553472K)
[14898.435s][info][gc,metaspace   ] GC(34398) Metaspace: 62429K(62720K)->62429K(62720K) NonClass: 53390K(53568K)->53390K(53568K) Class: 9039K(9152K)->9039K(9152K)
[14898.435s][info][gc             ] GC(34398) Pause Young (Allocation Failure) 620M->540M(622M) 2.985ms
[14898.435s][info][gc,cpu         ] GC(34398) User=0.00s Sys=0.00s Real=0.00s
[14898.862s][info][gc,start       ] GC(34399) Pause Young (Allocation Failure)
[14898.865s][info][gc,heap        ] GC(34399) PSYoungGen: 81984K(83968K)->992K(84480K) Eden: 81408K(81408K)->0K(81920K) From: 576K(2560K)->992K(2560K)
[14898.865s][info][gc,heap        ] GC(34399) ParOldGen: 552496K(553472K)->552552K(553472K)
[14898.866s][info][gc,metaspace   ] GC(34399) Metaspace: 62429K(62720K)->62429K(62720K) NonClass: 53390K(53568K)->53390K(53568K) Class: 9039K(9152K)->9039K(9152K)
[14898.866s][info][gc             ] GC(34399) Pause Young (Allocation Failure) 619M->540M(623M) 3.285ms
[14898.866s][info][gc,cpu         ] GC(34399) User=0.01s Sys=0.00s Real=0.00s
[14899.369s][info][gc,start       ] GC(34400) Pause Young (Allocation Failure)
[14899.372s][info][gc,heap        ] GC(34400) PSYoungGen: 82912K(84480K)->928K(84480K) Eden: 81920K(81920K)->0K(81920K) From: 992K(2560K)->928K(2560K)
[14899.372s][info][gc,heap        ] GC(34400) ParOldGen: 552552K(553472K)->552608K(553472K)
[14899.372s][info][gc,metaspace   ] GC(34400) Metaspace: 62429K(62720K)->62429K(62720K) NonClass: 53390K(53568K)->53390K(53568K) Class: 9039K(9152K)->9039K(9152K)
[14899.372s][info][gc             ] GC(34400) Pause Young (Allocation Failure) 620M->540M(623M) 3.251ms
[14899.372s][info][gc,cpu         ] GC(34400) User=0.01s Sys=0.00s Real=0.00s
[14899.904s][info][gc,start       ] GC(34401) Pause Young (Allocation Failure)
[14899.908s][info][gc,heap        ] GC(34401) PSYoungGen: 82848K(84480K)->1376K(84480K) Eden: 81920K(81920K)->0K(81920K) From: 928K(2560K)->1376K(2560K)
[14899.908s][info][gc,heap        ] GC(34401) ParOldGen: 552608K(553472K)->552656K(553472K)
[14899.908s][info][gc,metaspace   ] GC(34401) Metaspace: 62429K(62720K)->62429K(62720K) NonClass: 53390K(53568K)->53390K(53568K) Class: 9039K(9152K)->9039K(9152K)
[14899.908s][info][gc             ] GC(34401) Pause Young (Allocation Failure) 620M->541M(623M) 3.722ms
[14899.908s][info][gc,cpu         ] GC(34401) User=0.01s Sys=0.00s Real=0.01s
[14900.435s][info][gc,start       ] GC(34402) Pause Young (Allocation Failure)
[14900.438s][info][gc,heap        ] GC(34402) PSYoungGen: 83296K(84480K)->512K(84480K) Eden: 81920K(81920K)->0K(81920K) From: 1376K(2560K)->512K(2560K)
[14900.438s][info][gc,heap        ] GC(34402) ParOldGen: 552656K(553472K)->552704K(553472K)
[14900.438s][info][gc,metaspace   ] GC(34402) Metaspace: 62429K(62720K)->62429K(62720K) NonClass: 53390K(53568K)->53390K(53568K) Class: 9039K(9152K)->9039K(9152K)
[14900.438s][info][gc             ] GC(34402) Pause Young (Allocation Failure) 621M->540M(623M) 2.958ms
[14900.438s][info][gc,cpu         ] GC(34402) User=0.01s Sys=0.00s Real=0.01s
[14900.913s][info][gc,start       ] GC(34403) Pause Young (Allocation Failure)
[14900.916s][info][gc,heap        ] GC(34403) PSYoungGen: 82432K(84480K)->288K(84480K) Eden: 81920K(81920K)->0K(81920K) From: 512K(2560K)->288K(2560K)
[14900.916s][info][gc,heap        ] GC(34403) ParOldGen: 552704K(553472K)->552752K(553472K)
[14900.916s][info][gc,metaspace   ] GC(34403) Metaspace: 62429K(62720K)->62429K(62720K) NonClass: 53390K(53568K)->53390K(53568K) Class: 9039K(9152K)->9039K(9152K)
[14900.916s][info][gc             ] GC(34403) Pause Young (Allocation Failure) 620M->540M(623M) 2.610ms
[14900.916s][info][gc,cpu         ] GC(34403) User=0.00s Sys=0.00s Real=0.00s
[14901.372s][info][gc,start       ] GC(34404) Pause Young (Allocation Failure)
[14901.376s][info][gc,heap        ] GC(34404) PSYoungGen: 82208K(84480K)->2528K(84480K) Eden: 81920K(81920K)->0K(81920K) From: 288K(2560K)->2528K(2560K)
[14901.376s][info][gc,heap        ] GC(34404) ParOldGen: 552752K(553472K)->553344K(553472K)
[14901.376s][info][gc,metaspace   ] GC(34404) Metaspace: 62429K(62720K)->62429K(62720K) NonClass: 53390K(53568K)->53390K(53568K) Class: 9039K(9152K)->9039K(9152K)
[14901.376s][info][gc             ] GC(34404) Pause Young (Allocation Failure) 620M->542M(623M) 3.845ms
[14901.376s][info][gc,cpu         ] GC(34404) User=0.01s Sys=0.00s Real=0.00s
[14901.888s][info][gc,start       ] GC(34405) Pause Young (Allocation Failure)
[14901.893s][info][gc,heap        ] GC(34405) PSYoungGen: 84448K(84480K)->1216K(83456K) Eden: 81920K(81920K)->0K(80896K) From: 2528K(2560K)->1216K(2560K)
[14901.893s][info][gc,heap        ] GC(34405) ParOldGen: 553344K(553472K)->555432K(556544K)
[14901.893s][info][gc,metaspace   ] GC(34405) Metaspace: 62429K(62720K)->62429K(62720K) NonClass: 53390K(53568K)->53390K(53568K) Class: 9039K(9152K)->9039K(9152K)
[14901.893s][info][gc             ] GC(34405) Pause Young (Allocation Failure) 622M->543M(625M) 4.746ms
[14901.893s][info][gc,cpu         ] GC(34405) User=0.01s Sys=0.00s Real=0.00s
[14902.391s][info][gc,start       ] GC(34406) Pause Young (Allocation Failure)
[14902.394s][info][gc,heap        ] GC(34406) PSYoungGen: 82112K(83456K)->1184K(83968K) Eden: 80896K(80896K)->0K(80896K) From: 1216K(2560K)->1184K(3072K)
[14902.394s][info][gc,heap        ] GC(34406) ParOldGen: 555432K(556544K)->555480K(556544K)
[14902.394s][info][gc,metaspace   ] GC(34406) Metaspace: 62429K(62720K)->62429K(62720K) NonClass: 53390K(53568K)->53390K(53568K) Class: 9039K(9152K)->9039K(9152K)
[14902.394s][info][gc             ] GC(34406) Pause Young (Allocation Failure) 622M->543M(625M) 3.338ms
[14902.394s][info][gc,cpu         ] GC(34406) User=0.00s Sys=0.00s Real=0.00s
[14902.921s][info][gc,start       ] GC(34407) Pause Young (Allocation Failure)
[14902.924s][info][gc,heap        ] GC(34407) PSYoungGen: 82080K(83968K)->416K(83968K) Eden: 80896K(80896K)->0K(80896K) From: 1184K(3072K)->416K(3072K)
[14902.924s][info][gc,heap        ] GC(34407) ParOldGen: 555480K(556544K)->555528K(556544K)
[14902.924s][info][gc,metaspace   ] GC(34407) Metaspace: 62429K(62720K)->62429K(62720K) NonClass: 53390K(53568K)->53390K(53568K) Class: 9039K(9152K)->9039K(9152K)
[14902.924s][info][gc             ] GC(34407) Pause Young (Allocation Failure) 622M->542M(625M) 2.580ms
[14902.924s][info][gc,cpu         ] GC(34407) User=0.01s Sys=0.00s Real=0.00s
[14903.355s][info][gc,start       ] GC(34408) Pause Young (Allocation Failure)
[14903.358s][info][gc,heap        ] GC(34408) PSYoungGen: 81312K(83968K)->896K(83968K) Eden: 80896K(80896K)->0K(80896K) From: 416K(3072K)->896K(3072K)
[14903.358s][info][gc,heap        ] GC(34408) ParOldGen: 555528K(556544K)->555576K(556544K)
[14903.358s][info][gc,metaspace   ] GC(34408) Metaspace: 62429K(62720K)->62429K(62720K) NonClass: 53390K(53568K)->53390K(53568K) Class: 9039K(9152K)->9039K(9152K)
[14903.358s][info][gc             ] GC(34408) Pause Young (Allocation Failure) 621M->543M(625M) 3.101ms
[14903.358s][info][gc,cpu         ] GC(34408) User=0.00s Sys=0.00s Real=0.01s
[14903.832s][info][gc,start       ] GC(34409) Pause Young (Allocation Failure)
[14903.835s][info][gc,heap        ] GC(34409) PSYoungGen: 81792K(83968K)->448K(84480K) Eden: 80896K(80896K)->0K(81920K) From: 896K(3072K)->448K(2560K)
[14903.835s][info][gc,heap        ] GC(34409) ParOldGen: 555576K(556544K)->555632K(556544K)
[14903.835s][info][gc,metaspace   ] GC(34409) Metaspace: 62429K(62720K)->62429K(62720K) NonClass: 53390K(53568K)->53390K(53568K) Class: 9039K(9152K)->9039K(9152K)
[14903.835s][info][gc             ] GC(34409) Pause Young (Allocation Failure) 622M->543M(626M) 2.869ms
[14903.835s][info][gc,cpu         ] GC(34409) User=0.01s Sys=0.00s Real=0.00s
[14904.319s][info][gc,start       ] GC(34410) Pause Young (Allocation Failure)
[14904.322s][info][gc,heap        ] GC(34410) PSYoungGen: 82368K(84480K)->352K(84480K) Eden: 81920K(81920K)->0K(81920K) From: 448K(2560K)->352K(2560K)
[14904.322s][info][gc,heap        ] GC(34410) ParOldGen: 555632K(556544K)->555680K(556544K)
[14904.322s][info][gc,metaspace   ] GC(34410) Metaspace: 62429K(62720K)->62429K(62720K) NonClass: 53390K(53568K)->53390K(53568K) Class: 9039K(9152K)->9039K(9152K)
[14904.322s][info][gc             ] GC(34410) Pause Young (Allocation Failure) 623M->543M(626M) 2.517ms
[14904.322s][info][gc,cpu         ] GC(34410) User=0.00s Sys=0.00s Real=0.00s
[14904.815s][info][gc,start       ] GC(34411) Pause Young (Allocation Failure)
[14904.817s][info][gc,heap        ] GC(34411) PSYoungGen: 82272K(84480K)->288K(84480K) Eden: 81920K(81920K)->0K(81920K) From: 352K(2560K)->288K(2560K)
[14904.817s][info][gc,heap        ] GC(34411) ParOldGen: 555680K(556544K)->555728K(556544K)
[14904.817s][info][gc,metaspace   ] GC(34411) Metaspace: 62429K(62720K)->62429K(62720K) NonClass: 53390K(53568K)->53390K(53568K) Class: 9039K(9152K)->9039K(9152K)
[14904.817s][info][gc             ] GC(34411) Pause Young (Allocation Failure) 623M->542M(626M) 2.590ms
[14904.817s][info][gc,cpu         ] GC(34411) User=0.01s Sys=0.00s Real=0.01s
[14905.281s][info][gc,start       ] GC(34412) Pause Young (Allocation Failure)
[14905.284s][info][gc,heap        ] GC(34412) PSYoungGen: 82208K(84480K)->1088K(84480K) Eden: 81920K(81920K)->0K(81920K) From: 288K(2560K)->1088K(2560K)
[14905.284s][info][gc,heap        ] GC(34412) ParOldGen: 555728K(556544K)->555784K(556544K)
[14905.284s][info][gc,metaspace   ] GC(34412) Metaspace: 62429K(62720K)->62429K(62720K) NonClass: 53390K(53568K)->53390K(53568K) Class: 9039K(9152K)->9039K(9152K)
[14905.284s][info][gc             ] GC(34412) Pause Young (Allocation Failure) 622M->543M(626M) 3.258ms
[14905.284s][info][gc,cpu         ] GC(34412) User=0.00s Sys=0.00s Real=0.00s
[14905.771s][info][gc,start       ] GC(34413) Pause Young (Allocation Failure)
[14905.775s][info][gc,heap        ] GC(34413) PSYoungGen: 83008K(84480K)->992K(84480K) Eden: 81920K(81920K)->0K(81920K) From: 1088K(2560K)->992K(2560K)
[14905.775s][info][gc,heap        ] GC(34413) ParOldGen: 555784K(556544K)->555832K(556544K)
[14905.775s][info][gc,metaspace   ] GC(34413) Metaspace: 62429K(62720K)->62429K(62720K) NonClass: 53390K(53568K)->53390K(53568K) Class: 9039K(9152K)->9039K(9152K)
[14905.775s][info][gc             ] GC(34413) Pause Young (Allocation Failure) 623M->543M(626M) 3.398ms
[14905.775s][info][gc,cpu         ] GC(34413) User=0.01s Sys=0.01s Real=0.00s
[14906.324s][info][gc,start       ] GC(34414) Pause Young (Allocation Failure)
[14906.326s][info][gc,heap        ] GC(34414) PSYoungGen: 82912K(84480K)->464K(84480K) Eden: 81920K(81920K)->0K(81920K) From: 992K(2560K)->464K(2560K)
[14906.326s][info][gc,heap        ] GC(34414) ParOldGen: 555832K(556544K)->555888K(556544K)
[14906.326s][info][gc,metaspace   ] GC(34414) Metaspace: 62429K(62720K)->62429K(62720K) NonClass: 53390K(53568K)->53390K(53568K) Class: 9039K(9152K)->9039K(9152K)
[14906.326s][info][gc             ] GC(34414) Pause Young (Allocation Failure) 623M->543M(626M) 2.786ms
[14906.326s][info][gc,cpu         ] GC(34414) User=0.00s Sys=0.00s Real=0.01s
[14906.778s][info][gc,start       ] GC(34415) Pause Young (Allocation Failure)
[14906.782s][info][gc,heap        ] GC(34415) PSYoungGen: 82384K(84480K)->2528K(83456K) Eden: 81920K(81920K)->0K(80896K) From: 464K(2560K)->2528K(2560K)
[14906.782s][info][gc,heap        ] GC(34415) ParOldGen: 555888K(556544K)->556592K(557056K)
[14906.782s][info][gc,metaspace   ] GC(34415) Metaspace: 62429K(62720K)->62429K(62720K) NonClass: 53390K(53568K)->53390K(53568K) Class: 9039K(9152K)->9039K(9152K)
[14906.782s][info][gc             ] GC(34415) Pause Young (Allocation Failure) 623M->546M(625M) 4.115ms
[14906.782s][info][gc,cpu         ] GC(34415) User=0.01s Sys=0.00s Real=0.00s
[14907.272s][info][gc,start       ] GC(34416) Pause Young (Allocation Failure)
[14907.277s][info][gc,heap        ] GC(34416) PSYoungGen: 83424K(83456K)->1024K(83968K) Eden: 80896K(80896K)->0K(80896K) From: 2528K(2560K)->1024K(3072K)
[14907.277s][info][gc,heap        ] GC(34416) ParOldGen: 556592K(557056K)->558688K(560128K)
[14907.277s][info][gc,metaspace   ] GC(34416) Metaspace: 62429K(62720K)->62429K(62720K) NonClass: 53390K(53568K)->53390K(53568K) Class: 9039K(9152K)->9039K(9152K)
[14907.277s][info][gc             ] GC(34416) Pause Young (Allocation Failure) 625M->546M(629M) 4.615ms
[14907.277s][info][gc,cpu         ] GC(34416) User=0.00s Sys=0.00s Real=0.01s
[14907.752s][info][gc,start       ] GC(34417) Pause Young (Allocation Failure)
[14907.755s][info][gc,heap        ] GC(34417) PSYoungGen: 81920K(83968K)->800K(83968K) Eden: 80896K(80896K)->0K(80896K) From: 1024K(3072K)->800K(3072K)
[14907.755s][info][gc,heap        ] GC(34417) ParOldGen: 558688K(560128K)->558736K(560128K)
[14907.755s][info][gc,metaspace   ] GC(34417) Metaspace: 62429K(62720K)->62429K(62720K) NonClass: 53390K(53568K)->53390K(53568K) Class: 9039K(9152K)->9039K(9152K)
[14907.755s][info][gc             ] GC(34417) Pause Young (Allocation Failure) 625M->546M(629M) 2.953ms
[14907.755s][info][gc,cpu         ] GC(34417) User=0.00s Sys=0.00s Real=0.00s
[14908.244s][info][gc,start       ] GC(34418) Pause Young (Allocation Failure)
[14908.247s][info][gc,heap        ] GC(34418) PSYoungGen: 81696K(83968K)->704K(83968K) Eden: 80896K(80896K)->0K(80896K) From: 800K(3072K)->704K(3072K)
[14908.247s][info][gc,heap        ] GC(34418) ParOldGen: 558736K(560128K)->558792K(560128K)
[14908.247s][info][gc,metaspace   ] GC(34418) Metaspace: 62429K(62720K)->62429K(62720K) NonClass: 53390K(53568K)->53390K(53568K) Class: 9039K(9152K)->9039K(9152K)
[14908.247s][info][gc             ] GC(34418) Pause Young (Allocation Failure) 625M->546M(629M) 2.931ms
[14908.247s][info][gc,cpu         ] GC(34418) User=0.00s Sys=0.00s Real=0.01s
[14908.701s][info][gc,start       ] GC(34419) Pause Young (Allocation Failure)
[14908.705s][info][gc,heap        ] GC(34419) PSYoungGen: 81600K(83968K)->1504K(84480K) Eden: 80896K(80896K)->0K(81920K) From: 704K(3072K)->1504K(2560K)
[14908.705s][info][gc,heap        ] GC(34419) ParOldGen: 558792K(560128K)->558840K(560128K)
[14908.705s][info][gc,metaspace   ] GC(34419) Metaspace: 62429K(62720K)->62429K(62720K) NonClass: 53390K(53568K)->53390K(53568K) Class: 9039K(9152K)->9039K(9152K)
[14908.705s][info][gc             ] GC(34419) Pause Young (Allocation Failure) 625M->547M(629M) 3.822ms
[14908.705s][info][gc,cpu         ] GC(34419) User=0.01s Sys=0.00s Real=0.00s
[14909.214s][info][gc,start       ] GC(34420) Pause Young (Allocation Failure)
[14909.217s][info][gc,heap        ] GC(34420) PSYoungGen: 83424K(84480K)->288K(84480K) Eden: 81920K(81920K)->0K(81920K) From: 1504K(2560K)->288K(2560K)
[14909.217s][info][gc,heap        ] GC(34420) ParOldGen: 558840K(560128K)->558888K(560128K)
[14909.217s][info][gc,metaspace   ] GC(34420) Metaspace: 62429K(62720K)->62429K(62720K) NonClass: 53390K(53568K)->53390K(53568K) Class: 9039K(9152K)->9039K(9152K)
[14909.217s][info][gc             ] GC(34420) Pause Young (Allocation Failure) 627M->546M(629M) 2.470ms
[14909.217s][info][gc,cpu         ] GC(34420) User=0.01s Sys=0.00s Real=0.01s
[14909.678s][info][gc,start       ] GC(34421) Pause Young (Allocation Failure)
[14909.681s][info][gc,heap        ] GC(34421) PSYoungGen: 82208K(84480K)->1248K(84480K) Eden: 81920K(81920K)->0K(81920K) From: 288K(2560K)->1248K(2560K)
[14909.681s][info][gc,heap        ] GC(34421) ParOldGen: 558888K(560128K)->558936K(560128K)
[14909.681s][info][gc,metaspace   ] GC(34421) Metaspace: 62429K(62720K)->62429K(62720K) NonClass: 53390K(53568K)->53390K(53568K) Class: 9039K(9152K)->9039K(9152K)
[14909.681s][info][gc             ] GC(34421) Pause Young (Allocation Failure) 626M->547M(629M) 3.262ms
[14909.681s][info][gc,cpu         ] GC(34421) User=0.01s Sys=0.00s Real=0.00s
[14910.157s][info][gc,start       ] GC(34422) Pause Young (Allocation Failure)
[14910.160s][info][gc,heap        ] GC(34422) PSYoungGen: 83168K(84480K)->832K(84480K) Eden: 81920K(81920K)->0K(81920K) From: 1248K(2560K)->832K(2560K)
[14910.160s][info][gc,heap        ] GC(34422) ParOldGen: 558936K(560128K)->558984K(560128K)
[14910.160s][info][gc,metaspace   ] GC(34422) Metaspace: 62429K(62720K)->62429K(62720K) NonClass: 53390K(53568K)->53390K(53568K) Class: 9039K(9152K)->9039K(9152K)
[14910.160s][info][gc             ] GC(34422) Pause Young (Allocation Failure) 627M->546M(629M) 2.959ms
[14910.160s][info][gc,cpu         ] GC(34422) User=0.01s Sys=0.00s Real=0.00s
[14910.651s][info][gc,start       ] GC(34423) Pause Young (Allocation Failure)
[14910.654s][info][gc,heap        ] GC(34423) PSYoungGen: 82752K(84480K)->800K(84480K) Eden: 81920K(81920K)->0K(81920K) From: 832K(2560K)->800K(2560K)
[14910.654s][info][gc,heap        ] GC(34423) ParOldGen: 558984K(560128K)->559040K(560128K)
[14910.654s][info][gc,metaspace   ] GC(34423) Metaspace: 62429K(62720K)->62429K(62720K) NonClass: 53390K(53568K)->53390K(53568K) Class: 9039K(9152K)->9039K(9152K)
[14910.654s][info][gc             ] GC(34423) Pause Young (Allocation Failure) 626M->546M(629M) 2.934ms
[14910.654s][info][gc,cpu         ] GC(34423) User=0.00s Sys=0.00s Real=0.00s
[14911.164s][info][gc,start       ] GC(34424) Pause Young (Allocation Failure)
[14911.167s][info][gc,heap        ] GC(34424) PSYoungGen: 82720K(84480K)->960K(84480K) Eden: 81920K(81920K)->0K(81920K) From: 800K(2560K)->960K(2560K)
[14911.167s][info][gc,heap        ] GC(34424) ParOldGen: 559040K(560128K)->559088K(560128K)
[14911.167s][info][gc,metaspace   ] GC(34424) Metaspace: 62429K(62720K)->62429K(62720K) NonClass: 53390K(53568K)->53390K(53568K) Class: 9039K(9152K)->9039K(9152K)
[14911.167s][info][gc             ] GC(34424) Pause Young (Allocation Failure) 626M->546M(629M) 2.982ms
[14911.167s][info][gc,cpu         ] GC(34424) User=0.01s Sys=0.00s Real=0.01s
[14911.650s][info][gc,start       ] GC(34425) Pause Young (Allocation Failure)
[14911.653s][info][gc,heap        ] GC(34425) PSYoungGen: 82880K(84480K)->768K(84480K) Eden: 81920K(81920K)->0K(81920K) From: 960K(2560K)->768K(2560K)
[14911.653s][info][gc,heap        ] GC(34425) ParOldGen: 559088K(560128K)->559152K(560128K)
[14911.653s][info][gc,metaspace   ] GC(34425) Metaspace: 62429K(62720K)->62429K(62720K) NonClass: 53390K(53568K)->53390K(53568K) Class: 9039K(9152K)->9039K(9152K)
[14911.653s][info][gc             ] GC(34425) Pause Young (Allocation Failure) 626M->546M(629M) 2.917ms
[14911.653s][info][gc,cpu         ] GC(34425) User=0.00s Sys=0.00s Real=0.00s
[14912.129s][info][gc,start       ] GC(34426) Pause Young (Allocation Failure)
[14912.132s][info][gc,heap        ] GC(34426) PSYoungGen: 82688K(84480K)->2528K(84480K) Eden: 81920K(81920K)->0K(81920K) From: 768K(2560K)->2528K(2560K)
[14912.132s][info][gc,heap        ] GC(34426) ParOldGen: 559152K(560128K)->559208K(560128K)
[14912.132s][info][gc,metaspace   ] GC(34426) Metaspace: 62429K(62720K)->62429K(62720K) NonClass: 53390K(53568K)->53390K(53568K) Class: 9039K(9152K)->9039K(9152K)
[14912.132s][info][gc             ] GC(34426) Pause Young (Allocation Failure) 626M->548M(629M) 2.911ms
[14912.132s][info][gc,cpu         ] GC(34426) User=0.01s Sys=0.00s Real=0.00s
[14912.604s][info][gc,start       ] GC(34427) Pause Young (Allocation Failure)
[14912.609s][info][gc,heap        ] GC(34427) PSYoungGen: 84448K(84480K)->1440K(84480K) Eden: 81920K(81920K)->0K(81920K) From: 2528K(2560K)->1440K(2560K)
[14912.609s][info][gc,heap        ] GC(34427) ParOldGen: 559208K(560128K)->561312K(561664K)
[14912.609s][info][gc,metaspace   ] GC(34427) Metaspace: 62429K(62720K)->62429K(62720K) NonClass: 53390K(53568K)->53390K(53568K) Class: 9039K(9152K)->9039K(9152K)
[14912.609s][info][gc             ] GC(34427) Pause Young (Allocation Failure) 628M->549M(631M) 5.033ms
[14912.609s][info][gc,cpu         ] GC(34427) User=0.01s Sys=0.00s Real=0.01s
[14913.064s][info][gc,start       ] GC(34428) Pause Young (Allocation Failure)
[14913.067s][info][gc,heap        ] GC(34428) PSYoungGen: 83360K(84480K)->1024K(84480K) Eden: 81920K(81920K)->0K(81920K) From: 1440K(2560K)->1024K(2560K)
[14913.067s][info][gc,heap        ] GC(34428) ParOldGen: 561312K(561664K)->561368K(561664K)
[14913.067s][info][gc,metaspace   ] GC(34428) Metaspace: 62429K(62720K)->62429K(62720K) NonClass: 53390K(53568K)->53390K(53568K) Class: 9039K(9152K)->9039K(9152K)
[14913.067s][info][gc             ] GC(34428) Pause Young (Allocation Failure) 629M->549M(631M) 3.231ms
[14913.067s][info][gc,cpu         ] GC(34428) User=0.00s Sys=0.00s Real=0.01s
[14913.477s][info][gc,start       ] GC(34429) Pause Young (Allocation Failure)
[14913.481s][info][gc,heap        ] GC(34429) PSYoungGen: 82944K(84480K)->1440K(84480K) Eden: 81920K(81920K)->0K(81920K) From: 1024K(2560K)->1440K(2560K)
[14913.481s][info][gc,heap        ] GC(34429) ParOldGen: 561368K(561664K)->561416K(561664K)
[14913.481s][info][gc,metaspace   ] GC(34429) Metaspace: 62429K(62720K)->62429K(62720K) NonClass: 53390K(53568K)->53390K(53568K) Class: 9039K(9152K)->9039K(9152K)
[14913.481s][info][gc             ] GC(34429) Pause Young (Allocation Failure) 629M->549M(631M) 3.662ms
[14913.481s][info][gc,cpu         ] GC(34429) User=0.00s Sys=0.00s Real=0.00s
[14913.939s][info][gc,start       ] GC(34430) Pause Young (Allocation Failure)
[14913.942s][info][gc,heap        ] GC(34430) PSYoungGen: 83360K(84480K)->640K(84480K) Eden: 81920K(81920K)->0K(81920K) From: 1440K(2560K)->640K(2560K)
[14913.942s][info][gc,heap        ] GC(34430) ParOldGen: 561416K(561664K)->561472K(561664K)
[14913.942s][info][gc,metaspace   ] GC(34430) Metaspace: 62429K(62720K)->62429K(62720K) NonClass: 53390K(53568K)->53390K(53568K) Class: 9039K(9152K)->9039K(9152K)
[14913.942s][info][gc             ] GC(34430) Pause Young (Allocation Failure) 629M->548M(631M) 2.764ms
[14913.942s][info][gc,cpu         ] GC(34430) User=0.01s Sys=0.00s Real=0.00s
[14914.453s][info][gc,start       ] GC(34431) Pause Young (Allocation Failure)
[14914.456s][info][gc,heap        ] GC(34431) PSYoungGen: 82560K(84480K)->880K(84480K) Eden: 81920K(81920K)->0K(81920K) From: 640K(2560K)->880K(2560K)
[14914.456s][info][gc,heap        ] GC(34431) ParOldGen: 561472K(561664K)->561528K(561664K)
[14914.456s][info][gc,metaspace   ] GC(34431) Metaspace: 62429K(62720K)->62429K(62720K) NonClass: 53390K(53568K)->53390K(53568K) Class: 9039K(9152K)->9039K(9152K)
[14914.456s][info][gc             ] GC(34431) Pause Young (Allocation Failure) 628M->549M(631M) 3.125ms
[14914.456s][info][gc,cpu         ] GC(34431) User=0.00s Sys=0.00s Real=0.00s
[14914.921s][info][gc,start       ] GC(34432) Pause Young (Allocation Failure)
[14914.923s][info][gc,heap        ] GC(34432) PSYoungGen: 82800K(84480K)->352K(84480K) Eden: 81920K(81920K)->0K(81920K) From: 880K(2560K)->352K(2560K)
[14914.923s][info][gc,heap        ] GC(34432) ParOldGen: 561528K(561664K)->561632K(561664K)
[14914.924s][info][gc,metaspace   ] GC(34432) Metaspace: 62429K(62720K)->62429K(62720K) NonClass: 53390K(53568K)->53390K(53568K) Class: 9039K(9152K)->9039K(9152K)
[14914.924s][info][gc             ] GC(34432) Pause Young (Allocation Failure) 629M->548M(631M) 2.786ms
[14914.924s][info][gc,cpu         ] GC(34432) User=0.01s Sys=0.00s Real=0.00s
[14915.386s][info][gc,start       ] GC(34433) Pause Young (Allocation Failure)
[14915.389s][info][gc,heap        ] GC(34433) PSYoungGen: 82272K(84480K)->1280K(84480K) Eden: 81920K(81920K)->0K(81920K) From: 352K(2560K)->1280K(2560K)
[14915.389s][info][gc,heap        ] GC(34433) ParOldGen: 561632K(561664K)->561688K(562176K)
[14915.390s][info][gc,metaspace   ] GC(34433) Metaspace: 62429K(62720K)->62429K(62720K) NonClass: 53390K(53568K)->53390K(53568K) Class: 9039K(9152K)->9039K(9152K)
[14915.390s][info][gc             ] GC(34433) Pause Young (Allocation Failure) 628M->549M(631M) 3.343ms
[14915.390s][info][gc,cpu         ] GC(34433) User=0.01s Sys=0.00s Real=0.01s
[14915.808s][info][gc,start       ] GC(34434) Pause Young (Allocation Failure)
[14915.810s][info][gc,heap        ] GC(34434) PSYoungGen: 83200K(84480K)->192K(84480K) Eden: 81920K(81920K)->0K(81920K) From: 1280K(2560K)->192K(2560K)
[14915.810s][info][gc,heap        ] GC(34434) ParOldGen: 561688K(562176K)->561744K(562176K)
[14915.810s][info][gc,metaspace   ] GC(34434) Metaspace: 62429K(62720K)->62429K(62720K) NonClass: 53390K(53568K)->53390K(53568K) Class: 9039K(9152K)->9039K(9152K)
[14915.810s][info][gc             ] GC(34434) Pause Young (Allocation Failure) 629M->548M(631M) 2.403ms
[14915.810s][info][gc,cpu         ] GC(34434) User=0.01s Sys=0.00s Real=0.00s
[14916.228s][info][gc,start       ] GC(34435) Pause Young (Allocation Failure)
[14916.231s][info][gc,heap        ] GC(34435) PSYoungGen: 82112K(84480K)->544K(84480K) Eden: 81920K(81920K)->0K(81920K) From: 192K(2560K)->544K(2560K)
[14916.231s][info][gc,heap        ] GC(34435) ParOldGen: 561744K(562176K)->561792K(562176K)
[14916.231s][info][gc,metaspace   ] GC(34435) Metaspace: 62429K(62720K)->62429K(62720K) NonClass: 53390K(53568K)->53390K(53568K) Class: 9039K(9152K)->9039K(9152K)
[14916.231s][info][gc             ] GC(34435) Pause Young (Allocation Failure) 628M->549M(631M) 2.764ms
[14916.231s][info][gc,cpu         ] GC(34435) User=0.01s Sys=0.00s Real=0.00s
[14916.684s][info][gc,start       ] GC(34436) Pause Young (Allocation Failure)
[14916.688s][info][gc,heap        ] GC(34436) PSYoungGen: 82464K(84480K)->2528K(84480K) Eden: 81920K(81920K)->0K(81920K) From: 544K(2560K)->2528K(2560K)
[14916.688s][info][gc,heap        ] GC(34436) ParOldGen: 561792K(562176K)->562576K(562688K)
[14916.688s][info][gc,metaspace   ] GC(34436) Metaspace: 62429K(62720K)->62429K(62720K) NonClass: 53390K(53568K)->53390K(53568K) Class: 9039K(9152K)->9039K(9152K)
[14916.688s][info][gc             ] GC(34436) Pause Young (Allocation Failure) 629M->551M(632M) 4.151ms
[14916.688s][info][gc,cpu         ] GC(34436) User=0.01s Sys=0.00s Real=0.01s
[14917.143s][info][gc,start       ] GC(34437) Pause Young (Allocation Failure)
[14917.147s][info][gc,heap        ] GC(34437) PSYoungGen: 84448K(84480K)->704K(83456K) Eden: 81920K(81920K)->0K(80896K) From: 2528K(2560K)->704K(2560K)
[14917.147s][info][gc,heap        ] GC(34437) ParOldGen: 562576K(562688K)->564672K(565760K)
[14917.147s][info][gc,metaspace   ] GC(34437) Metaspace: 62429K(62720K)->62429K(62720K) NonClass: 53390K(53568K)->53390K(53568K) Class: 9039K(9152K)->9039K(9152K)
[14917.147s][info][gc             ] GC(34437) Pause Young (Allocation Failure) 631M->552M(634M) 4.268ms
[14917.147s][info][gc,cpu         ] GC(34437) User=0.01s Sys=0.00s Real=0.01s
[14917.642s][info][gc,start       ] GC(34438) Pause Young (Allocation Failure)
[14917.645s][info][gc,heap        ] GC(34438) PSYoungGen: 81600K(83456K)->608K(83968K) Eden: 80896K(80896K)->0K(80896K) From: 704K(2560K)->608K(3072K)
[14917.645s][info][gc,heap        ] GC(34438) ParOldGen: 564672K(565760K)->564720K(565760K)
[14917.645s][info][gc,metaspace   ] GC(34438) Metaspace: 62429K(62720K)->62429K(62720K) NonClass: 53390K(53568K)->53390K(53568K) Class: 9039K(9152K)->9039K(9152K)
[14917.645s][info][gc             ] GC(34438) Pause Young (Allocation Failure) 631M->552M(634M) 2.870ms
[14917.645s][info][gc,cpu         ] GC(34438) User=0.01s Sys=0.00s Real=0.00s
[14918.149s][info][gc,start       ] GC(34439) Pause Young (Allocation Failure)
[14918.152s][info][gc,heap        ] GC(34439) PSYoungGen: 81504K(83968K)->736K(83968K) Eden: 80896K(80896K)->0K(80896K) From: 608K(3072K)->736K(3072K)
[14918.152s][info][gc,heap        ] GC(34439) ParOldGen: 564720K(565760K)->564784K(565760K)
[14918.152s][info][gc,metaspace   ] GC(34439) Metaspace: 62429K(62720K)->62429K(62720K) NonClass: 53390K(53568K)->53390K(53568K) Class: 9039K(9152K)->9039K(9152K)
[14918.152s][info][gc             ] GC(34439) Pause Young (Allocation Failure) 631M->552M(634M) 2.944ms
[14918.152s][info][gc,cpu         ] GC(34439) User=0.01s Sys=0.01s Real=0.00s
[14918.666s][info][gc,start       ] GC(34440) Pause Young (Allocation Failure)
[14918.670s][info][gc,heap        ] GC(34440) PSYoungGen: 81632K(83968K)->896K(83968K) Eden: 80896K(80896K)->0K(80896K) From: 736K(3072K)->896K(3072K)
[14918.670s][info][gc,heap        ] GC(34440) ParOldGen: 564784K(565760K)->564840K(565760K)
[14918.670s][info][gc,metaspace   ] GC(34440) Metaspace: 62429K(62720K)->62429K(62720K) NonClass: 53390K(53568K)->53390K(53568K) Class: 9039K(9152K)->9039K(9152K)
[14918.670s][info][gc             ] GC(34440) Pause Young (Allocation Failure) 631M->552M(634M) 3.316ms
[14918.670s][info][gc,cpu         ] GC(34440) User=0.01s Sys=0.00s Real=0.00s
[14919.172s][info][gc,start       ] GC(34441) Pause Young (Allocation Failure)
[14919.175s][info][gc,heap        ] GC(34441) PSYoungGen: 81792K(83968K)->960K(84480K) Eden: 80896K(80896K)->0K(81920K) From: 896K(3072K)->960K(2560K)
[14919.175s][info][gc,heap        ] GC(34441) ParOldGen: 564840K(565760K)->564896K(565760K)
[14919.175s][info][gc,metaspace   ] GC(34441) Metaspace: 62429K(62720K)->62429K(62720K) NonClass: 53390K(53568K)->53390K(53568K) Class: 9039K(9152K)->9039K(9152K)
[14919.175s][info][gc             ] GC(34441) Pause Young (Allocation Failure) 631M->552M(635M) 3.118ms
[14919.175s][info][gc,cpu         ] GC(34441) User=0.01s Sys=0.00s Real=0.00s
[14919.692s][info][gc,start       ] GC(34442) Pause Young (Allocation Failure)
[14919.695s][info][gc,heap        ] GC(34442) PSYoungGen: 82880K(84480K)->1280K(84480K) Eden: 81920K(81920K)->0K(81920K) From: 960K(2560K)->1280K(2560K)
[14919.695s][info][gc,heap        ] GC(34442) ParOldGen: 564896K(565760K)->564952K(565760K)
[14919.695s][info][gc,metaspace   ] GC(34442) Metaspace: 62429K(62720K)->62429K(62720K) NonClass: 53390K(53568K)->53390K(53568K) Class: 9039K(9152K)->9039K(9152K)
[14919.695s][info][gc             ] GC(34442) Pause Young (Allocation Failure) 632M->552M(635M) 3.402ms
[14919.695s][info][gc,cpu         ] GC(34442) User=0.01s Sys=0.00s Real=0.00s
[14920.169s][info][gc,start       ] GC(34443) Pause Young (Allocation Failure)
[14920.172s][info][gc,heap        ] GC(34443) PSYoungGen: 83200K(84480K)->992K(84480K) Eden: 81920K(81920K)->0K(81920K) From: 1280K(2560K)->992K(2560K)
[14920.172s][info][gc,heap        ] GC(34443) ParOldGen: 564952K(565760K)->565008K(565760K)
[14920.172s][info][gc,metaspace   ] GC(34443) Metaspace: 62429K(62720K)->62429K(62720K) NonClass: 53390K(53568K)->53390K(53568K) Class: 9039K(9152K)->9039K(9152K)
[14920.172s][info][gc             ] GC(34443) Pause Young (Allocation Failure) 632M->552M(635M) 3.153ms
[14920.172s][info][gc,cpu         ] GC(34443) User=0.01s Sys=0.00s Real=0.00s
[14920.661s][info][gc,start       ] GC(34444) Pause Young (Allocation Failure)
[14920.664s][info][gc,heap        ] GC(34444) PSYoungGen: 82912K(84480K)->896K(84480K) Eden: 81920K(81920K)->0K(81920K) From: 992K(2560K)->896K(2560K)
[14920.664s][info][gc,heap        ] GC(34444) ParOldGen: 565008K(565760K)->565064K(565760K)
[14920.664s][info][gc,metaspace   ] GC(34444) Metaspace: 62429K(62720K)->62429K(62720K) NonClass: 53390K(53568K)->53390K(53568K) Class: 9039K(9152K)->9039K(9152K)
[14920.664s][info][gc             ] GC(34444) Pause Young (Allocation Failure) 632M->552M(635M) 3.154ms
[14920.664s][info][gc,cpu         ] GC(34444) User=0.00s Sys=0.00s Real=0.00s
[14921.141s][info][gc,start       ] GC(34445) Pause Young (Allocation Failure)
[14921.144s][info][gc,heap        ] GC(34445) PSYoungGen: 82816K(84480K)->704K(84480K) Eden: 81920K(81920K)->0K(81920K) From: 896K(2560K)->704K(2560K)
[14921.144s][info][gc,heap        ] GC(34445) ParOldGen: 565064K(565760K)->565120K(565760K)
[14921.144s][info][gc,metaspace   ] GC(34445) Metaspace: 62429K(62720K)->62429K(62720K) NonClass: 53390K(53568K)->53390K(53568K) Class: 9039K(9152K)->9039K(9152K)
[14921.144s][info][gc             ] GC(34445) Pause Young (Allocation Failure) 632M->552M(635M) 2.929ms
[14921.144s][info][gc,cpu         ] GC(34445) User=0.00s Sys=0.00s Real=0.00s
[14921.590s][info][gc,start       ] GC(34446) Pause Young (Allocation Failure)
[14921.594s][info][gc,heap        ] GC(34446) PSYoungGen: 82624K(84480K)->1280K(84480K) Eden: 81920K(81920K)->0K(81920K) From: 704K(2560K)->1280K(2560K)
[14921.594s][info][gc,heap        ] GC(34446) ParOldGen: 565120K(565760K)->565168K(565760K)
[14921.594s][info][gc,metaspace   ] GC(34446) Metaspace: 62429K(62720K)->62429K(62720K) NonClass: 53390K(53568K)->53390K(53568K) Class: 9039K(9152K)->9039K(9152K)
[14921.594s][info][gc             ] GC(34446) Pause Young (Allocation Failure) 632M->553M(635M) 3.514ms
[14921.594s][info][gc,cpu         ] GC(34446) User=0.01s Sys=0.00s Real=0.00s
[14922.035s][info][gc,start       ] GC(34447) Pause Young (Allocation Failure)
[14922.038s][info][gc,heap        ] GC(34447) PSYoungGen: 83200K(84480K)->2528K(83456K) Eden: 81920K(81920K)->0K(80896K) From: 1280K(2560K)->2528K(2560K)
[14922.038s][info][gc,heap        ] GC(34447) ParOldGen: 565168K(565760K)->565328K(565760K)
[14922.038s][info][gc,metaspace   ] GC(34447) Metaspace: 62429K(62720K)->62429K(62720K) NonClass: 53390K(53568K)->53390K(53568K) Class: 9039K(9152K)->9039K(9152K)
[14922.038s][info][gc             ] GC(34447) Pause Young (Allocation Failure) 633M->554M(634M) 3.112ms
[14922.038s][info][gc,cpu         ] GC(34447) User=0.00s Sys=0.00s Real=0.01s
[14922.547s][info][gc,start       ] GC(34448) Pause Young (Allocation Failure)
[14922.552s][info][gc,heap        ] GC(34448) PSYoungGen: 83424K(83456K)->784K(83968K) Eden: 80896K(80896K)->0K(80896K) From: 2528K(2560K)->784K(3072K)
[14922.552s][info][gc,heap        ] GC(34448) ParOldGen: 565328K(565760K)->567424K(568832K)
[14922.552s][info][gc,metaspace   ] GC(34448) Metaspace: 62429K(62720K)->62429K(62720K) NonClass: 53390K(53568K)->53390K(53568K) Class: 9039K(9152K)->9039K(9152K)
[14922.552s][info][gc             ] GC(34448) Pause Young (Allocation Failure) 633M->554M(637M) 4.373ms
[14922.552s][info][gc,cpu         ] GC(34448) User=0.01s Sys=0.00s Real=0.00s
[14923.038s][info][gc,start       ] GC(34449) Pause Young (Allocation Failure)
[14923.041s][info][gc,heap        ] GC(34449) PSYoungGen: 81680K(83968K)->608K(84480K) Eden: 80896K(80896K)->0K(81920K) From: 784K(3072K)->608K(2560K)
[14923.041s][info][gc,heap        ] GC(34449) ParOldGen: 567424K(568832K)->567528K(568832K)
[14923.041s][info][gc,metaspace   ] GC(34449) Metaspace: 62429K(62720K)->62429K(62720K) NonClass: 53390K(53568K)->53390K(53568K) Class: 9039K(9152K)->9039K(9152K)
[14923.041s][info][gc             ] GC(34449) Pause Young (Allocation Failure) 633M->554M(638M) 3.001ms
[14923.041s][info][gc,cpu         ] GC(34449) User=0.01s Sys=0.00s Real=0.00s
[14923.560s][info][gc,start       ] GC(34450) Pause Young (Allocation Failure)
[14923.564s][info][gc,heap        ] GC(34450) PSYoungGen: 82528K(84480K)->864K(84480K) Eden: 81920K(81920K)->0K(81920K) From: 608K(2560K)->864K(2560K)
[14923.564s][info][gc,heap        ] GC(34450) ParOldGen: 567528K(568832K)->567584K(568832K)
[14923.564s][info][gc,metaspace   ] GC(34450) Metaspace: 62429K(62720K)->62429K(62720K) NonClass: 53390K(53568K)->53390K(53568K) Class: 9039K(9152K)->9039K(9152K)
[14923.564s][info][gc             ] GC(34450) Pause Young (Allocation Failure) 634M->555M(638M) 3.733ms
[14923.564s][info][gc,cpu         ] GC(34450) User=0.00s Sys=0.00s Real=0.00s
[14924.056s][info][gc,start       ] GC(34451) Pause Young (Allocation Failure)
[14924.059s][info][gc,heap        ] GC(34451) PSYoungGen: 82784K(84480K)->768K(84480K) Eden: 81920K(81920K)->0K(81920K) From: 864K(2560K)->768K(2560K)
[14924.059s][info][gc,heap        ] GC(34451) ParOldGen: 567584K(568832K)->567640K(568832K)
[14924.059s][info][gc,metaspace   ] GC(34451) Metaspace: 62429K(62720K)->62429K(62720K) NonClass: 53390K(53568K)->53390K(53568K) Class: 9039K(9152K)->9039K(9152K)
[14924.059s][info][gc             ] GC(34451) Pause Young (Allocation Failure) 635M->555M(638M) 3.069ms
[14924.059s][info][gc,cpu         ] GC(34451) User=0.00s Sys=0.00s Real=0.01s
[14924.550s][info][gc,start       ] GC(34452) Pause Young (Allocation Failure)
[14924.553s][info][gc,heap        ] GC(34452) PSYoungGen: 82688K(84480K)->736K(84480K) Eden: 81920K(81920K)->0K(81920K) From: 768K(2560K)->736K(2560K)
[14924.553s][info][gc,heap        ] GC(34452) ParOldGen: 567640K(568832K)->567696K(568832K)
[14924.553s][info][gc,metaspace   ] GC(34452) Metaspace: 62429K(62720K)->62429K(62720K) NonClass: 53390K(53568K)->53390K(53568K) Class: 9039K(9152K)->9039K(9152K)
[14924.553s][info][gc             ] GC(34452) Pause Young (Allocation Failure) 635M->555M(638M) 2.958ms
[14924.553s][info][gc,cpu         ] GC(34452) User=0.01s Sys=0.00s Real=0.00s
[14925.038s][info][gc,start       ] GC(34453) Pause Young (Allocation Failure)
[14925.041s][info][gc,heap        ] GC(34453) PSYoungGen: 82656K(84480K)->608K(84480K) Eden: 81920K(81920K)->0K(81920K) From: 736K(2560K)->608K(2560K)
[14925.041s][info][gc,heap        ] GC(34453) ParOldGen: 567696K(568832K)->567752K(568832K)
[14925.041s][info][gc,metaspace   ] GC(34453) Metaspace: 62429K(62720K)->62429K(62720K) NonClass: 53390K(53568K)->53390K(53568K) Class: 9039K(9152K)->9039K(9152K)
[14925.041s][info][gc             ] GC(34453) Pause Young (Allocation Failure) 635M->555M(638M) 2.774ms
[14925.041s][info][gc,cpu         ] GC(34453) User=0.00s Sys=0.00s Real=0.00s
[14925.504s][info][gc,start       ] GC(34454) Pause Young (Allocation Failure)
[14925.508s][info][gc,heap        ] GC(34454) PSYoungGen: 82528K(84480K)->1536K(84480K) Eden: 81920K(81920K)->0K(81920K) From: 608K(2560K)->1536K(2560K)
[14925.508s][info][gc,heap        ] GC(34454) ParOldGen: 567752K(568832K)->567800K(568832K)
[14925.508s][info][gc,metaspace   ] GC(34454) Metaspace: 62429K(62720K)->62429K(62720K) NonClass: 53390K(53568K)->53390K(53568K) Class: 9039K(9152K)->9039K(9152K)
[14925.508s][info][gc             ] GC(34454) Pause Young (Allocation Failure) 635M->555M(638M) 3.747ms
[14925.508s][info][gc,cpu         ] GC(34454) User=0.01s Sys=0.00s Real=0.01s
[14926.009s][info][gc,start       ] GC(34455) Pause Young (Allocation Failure)
[14926.012s][info][gc,heap        ] GC(34455) PSYoungGen: 83456K(84480K)->224K(84480K) Eden: 81920K(81920K)->0K(81920K) From: 1536K(2560K)->224K(2560K)
[14926.012s][info][gc,heap        ] GC(34455) ParOldGen: 567800K(568832K)->567856K(568832K)
[14926.012s][info][gc,metaspace   ] GC(34455) Metaspace: 62429K(62720K)->62429K(62720K) NonClass: 53390K(53568K)->53390K(53568K) Class: 9039K(9152K)->9039K(9152K)
[14926.012s][info][gc             ] GC(34455) Pause Young (Allocation Failure) 635M->554M(638M) 2.446ms
[14926.012s][info][gc,cpu         ] GC(34455) User=0.01s Sys=0.00s Real=0.00s
[14926.490s][info][gc,start       ] GC(34456) Pause Young (Allocation Failure)
[14926.494s][info][gc,heap        ] GC(34456) PSYoungGen: 82144K(84480K)->1312K(84480K) Eden: 81920K(81920K)->0K(81920K) From: 224K(2560K)->1312K(2560K)
[14926.494s][info][gc,heap        ] GC(34456) ParOldGen: 567856K(568832K)->567904K(568832K)
[14926.494s][info][gc,metaspace   ] GC(34456) Metaspace: 62429K(62720K)->62429K(62720K) NonClass: 53390K(53568K)->53390K(53568K) Class: 9039K(9152K)->9039K(9152K)
[14926.494s][info][gc             ] GC(34456) Pause Young (Allocation Failure) 634M->555M(638M) 3.594ms
[14926.494s][info][gc,cpu         ] GC(34456) User=0.01s Sys=0.00s Real=0.00s
[14926.954s][info][gc,start       ] GC(34457) Pause Young (Allocation Failure)
[14926.957s][info][gc,heap        ] GC(34457) PSYoungGen: 83232K(84480K)->2528K(83456K) Eden: 81920K(81920K)->0K(80896K) From: 1312K(2560K)->2528K(2560K)
[14926.957s][info][gc,heap        ] GC(34457) ParOldGen: 567904K(568832K)->568288K(568832K)
[14926.957s][info][gc,metaspace   ] GC(34457) Metaspace: 62429K(62720K)->62429K(62720K) NonClass: 53390K(53568K)->53390K(53568K) Class: 9039K(9152K)->9039K(9152K)
[14926.957s][info][gc             ] GC(34457) Pause Young (Allocation Failure) 635M->557M(637M) 3.432ms
[14926.957s][info][gc,cpu         ] GC(34457) User=0.01s Sys=0.00s Real=0.01s
[14927.426s][info][gc,start       ] GC(34458) Pause Young (Allocation Failure)
[14927.430s][info][gc,heap        ] GC(34458) PSYoungGen: 83424K(83456K)->448K(83968K) Eden: 80896K(80896K)->0K(80896K) From: 2528K(2560K)->448K(3072K)
[14927.430s][info][gc,heap        ] GC(34458) ParOldGen: 568288K(568832K)->570384K(570880K)
[14927.430s][info][gc,metaspace   ] GC(34458) Metaspace: 62429K(62720K)->62429K(62720K) NonClass: 53390K(53568K)->53390K(53568K) Class: 9039K(9152K)->9039K(9152K)
[14927.430s][info][gc             ] GC(34458) Pause Young (Allocation Failure) 636M->557M(639M) 3.888ms
[14927.430s][info][gc,cpu         ] GC(34458) User=0.01s Sys=0.00s Real=0.01s
[14927.921s][info][gc,start       ] GC(34459) Pause Young (Allocation Failure)
[14927.924s][info][gc,heap        ] GC(34459) PSYoungGen: 81344K(83968K)->384K(83968K) Eden: 80896K(80896K)->0K(80896K) From: 448K(3072K)->384K(3072K)
[14927.924s][info][gc,heap        ] GC(34459) ParOldGen: 570384K(570880K)->570448K(570880K)
[14927.924s][info][gc,metaspace   ] GC(34459) Metaspace: 62429K(62720K)->62429K(62720K) NonClass: 53390K(53568K)->53390K(53568K) Class: 9039K(9152K)->9039K(9152K)
[14927.924s][info][gc             ] GC(34459) Pause Young (Allocation Failure) 636M->557M(639M) 2.682ms
[14927.924s][info][gc,cpu         ] GC(34459) User=0.00s Sys=0.00s Real=0.00s
[14928.440s][info][gc,start       ] GC(34460) Pause Young (Allocation Failure)
[14928.443s][info][gc,heap        ] GC(34460) PSYoungGen: 81280K(83968K)->704K(83968K) Eden: 80896K(80896K)->0K(80896K) From: 384K(3072K)->704K(3072K)
[14928.443s][info][gc,heap        ] GC(34460) ParOldGen: 570448K(570880K)->570504K(570880K)
[14928.443s][info][gc,metaspace   ] GC(34460) Metaspace: 62429K(62720K)->62429K(62720K) NonClass: 53390K(53568K)->53390K(53568K) Class: 9039K(9152K)->9039K(9152K)
[14928.443s][info][gc             ] GC(34460) Pause Young (Allocation Failure) 636M->557M(639M) 2.889ms
[14928.443s][info][gc,cpu         ] GC(34460) User=0.01s Sys=0.00s Real=0.00s
[14928.902s][info][gc,start       ] GC(34461) Pause Young (Allocation Failure)
[14928.905s][info][gc,heap        ] GC(34461) PSYoungGen: 81600K(83968K)->1472K(83968K) Eden: 80896K(80896K)->0K(80896K) From: 704K(3072K)->1472K(3072K)
[14928.905s][info][gc,heap        ] GC(34461) ParOldGen: 570504K(570880K)->570560K(570880K)
[14928.905s][info][gc,metaspace   ] GC(34461) Metaspace: 62429K(62720K)->62429K(62720K) NonClass: 53390K(53568K)->53390K(53568K) Class: 9039K(9152K)->9039K(9152K)
[14928.905s][info][gc             ] GC(34461) Pause Young (Allocation Failure) 636M->558M(639M) 3.552ms
[14928.905s][info][gc,cpu         ] GC(34461) User=0.00s Sys=0.00s Real=0.00s
[14929.372s][info][gc,start       ] GC(34462) Pause Young (Allocation Failure)
[14929.375s][info][gc,heap        ] GC(34462) PSYoungGen: 82368K(83968K)->1056K(83968K) Eden: 80896K(80896K)->0K(80896K) From: 1472K(3072K)->1056K(3072K)
[14929.375s][info][gc,heap        ] GC(34462) ParOldGen: 570560K(570880K)->570616K(570880K)
[14929.375s][info][gc,metaspace   ] GC(34462) Metaspace: 62429K(62720K)->62429K(62720K) NonClass: 53390K(53568K)->53390K(53568K) Class: 9039K(9152K)->9039K(9152K)
[14929.375s][info][gc             ] GC(34462) Pause Young (Allocation Failure) 637M->558M(639M) 3.261ms
[14929.375s][info][gc,cpu         ] GC(34462) User=0.01s Sys=0.00s Real=0.00s
[14929.855s][info][gc,start       ] GC(34463) Pause Young (Allocation Failure)
[14929.859s][info][gc,heap        ] GC(34463) PSYoungGen: 81952K(83968K)->864K(84480K) Eden: 80896K(80896K)->0K(81920K) From: 1056K(3072K)->864K(2560K)
[14929.859s][info][gc,heap        ] GC(34463) ParOldGen: 570616K(570880K)->570672K(570880K)
[14929.859s][info][gc,metaspace   ] GC(34463) Metaspace: 62429K(62720K)->62429K(62720K) NonClass: 53390K(53568K)->53390K(53568K) Class: 9039K(9152K)->9039K(9152K)
[14929.859s][info][gc             ] GC(34463) Pause Young (Allocation Failure) 637M->558M(640M) 3.227ms
[14929.859s][info][gc,cpu         ] GC(34463) User=0.01s Sys=0.00s Real=0.01s
[14930.407s][info][gc,start       ] GC(34464) Pause Young (Allocation Failure)
[14930.409s][info][gc,heap        ] GC(34464) PSYoungGen: 82784K(84480K)->240K(84480K) Eden: 81920K(81920K)->0K(81920K) From: 864K(2560K)->240K(2560K)
[14930.409s][info][gc,heap        ] GC(34464) ParOldGen: 570672K(570880K)->570720K(570880K)
[14930.409s][info][gc,metaspace   ] GC(34464) Metaspace: 62429K(62720K)->62429K(62720K) NonClass: 53390K(53568K)->53390K(53568K) Class: 9039K(9152K)->9039K(9152K)
[14930.409s][info][gc             ] GC(34464) Pause Young (Allocation Failure) 638M->557M(640M) 2.442ms
[14930.409s][info][gc,cpu         ] GC(34464) User=0.00s Sys=0.00s Real=0.00s
[14930.893s][info][gc,start       ] GC(34465) Pause Young (Allocation Failure)
[14930.897s][info][gc,heap        ] GC(34465) PSYoungGen: 82160K(84480K)->1248K(84480K) Eden: 81920K(81920K)->0K(81920K) From: 240K(2560K)->1248K(2560K)
[14930.897s][info][gc,heap        ] GC(34465) ParOldGen: 570720K(570880K)->570824K(570880K)
[14930.897s][info][gc,metaspace   ] GC(34465) Metaspace: 62429K(62720K)->62429K(62720K) NonClass: 53390K(53568K)->53390K(53568K) Class: 9039K(9152K)->9039K(9152K)
[14930.897s][info][gc             ] GC(34465) Pause Young (Allocation Failure) 637M->558M(640M) 3.548ms
[14930.897s][info][gc,cpu         ] GC(34465) User=0.00s Sys=0.00s Real=0.01s
[14931.383s][info][gc,start       ] GC(34466) Pause Young (Allocation Failure)
[14931.386s][info][gc,heap        ] GC(34466) PSYoungGen: 83168K(84480K)->1376K(84480K) Eden: 81920K(81920K)->0K(81920K) From: 1248K(2560K)->1376K(2560K)
[14931.386s][info][gc,heap        ] GC(34466) ParOldGen: 570824K(570880K)->570872K(570880K)
[14931.386s][info][gc,metaspace   ] GC(34466) Metaspace: 62429K(62720K)->62429K(62720K) NonClass: 53390K(53568K)->53390K(53568K) Class: 9039K(9152K)->9039K(9152K)
[14931.386s][info][gc             ] GC(34466) Pause Young (Allocation Failure) 638M->558M(640M) 3.427ms
[14931.386s][info][gc,cpu         ] GC(34466) User=0.01s Sys=0.00s Real=0.01s
[14931.844s][info][gc,start       ] GC(34467) Pause Young (Allocation Failure)
[14931.847s][info][gc,heap        ] GC(34467) PSYoungGen: 83296K(84480K)->768K(84480K) Eden: 81920K(81920K)->0K(81920K) From: 1376K(2560K)->768K(2560K)
[14931.847s][info][gc,heap        ] GC(34467) ParOldGen: 570872K(570880K)->570920K(571392K)
[14931.847s][info][gc,metaspace   ] GC(34467) Metaspace: 62429K(62720K)->62429K(62720K) NonClass: 53390K(53568K)->53390K(53568K) Class: 9039K(9152K)->9039K(9152K)
[14931.847s][info][gc             ] GC(34467) Pause Young (Allocation Failure) 638M->558M(640M) 3.056ms
[14931.847s][info][gc,cpu         ] GC(34467) User=0.01s Sys=0.00s Real=0.01s
[14932.269s][info][gc,start       ] GC(34468) Pause Young (Allocation Failure)
[14932.273s][info][gc,heap        ] GC(34468) PSYoungGen: 82688K(84480K)->2528K(84480K) Eden: 81920K(81920K)->0K(81920K) From: 768K(2560K)->2528K(2560K)
[14932.273s][info][gc,heap        ] GC(34468) ParOldGen: 570920K(571392K)->571632K(571904K)
[14932.273s][info][gc,metaspace   ] GC(34468) Metaspace: 62429K(62720K)->62429K(62720K) NonClass: 53390K(53568K)->53390K(53568K) Class: 9039K(9152K)->9039K(9152K)
[14932.273s][info][gc             ] GC(34468) Pause Young (Allocation Failure) 638M->560M(641M) 4.051ms
[14932.273s][info][gc,cpu         ] GC(34468) User=0.01s Sys=0.00s Real=0.00s
[14932.702s][info][gc,start       ] GC(34469) Pause Young (Allocation Failure)
[14932.707s][info][gc,heap        ] GC(34469) PSYoungGen: 84448K(84480K)->1664K(83456K) Eden: 81920K(81920K)->0K(80896K) From: 2528K(2560K)->1664K(2560K)
[14932.707s][info][gc,heap        ] GC(34469) ParOldGen: 571632K(571904K)->573728K(574976K)
[14932.707s][info][gc,metaspace   ] GC(34469) Metaspace: 62429K(62720K)->62429K(62720K) NonClass: 53390K(53568K)->53390K(53568K) Class: 9039K(9152K)->9039K(9152K)
[14932.707s][info][gc             ] GC(34469) Pause Young (Allocation Failure) 640M->561M(643M) 4.986ms
[14932.707s][info][gc,cpu         ] GC(34469) User=0.01s Sys=0.00s Real=0.01s
[14933.154s][info][gc,start       ] GC(34470) Pause Young (Allocation Failure)
[14933.157s][info][gc,heap        ] GC(34470) PSYoungGen: 82560K(83456K)->864K(83968K) Eden: 80896K(80896K)->0K(80896K) From: 1664K(2560K)->864K(3072K)
[14933.157s][info][gc,heap        ] GC(34470) ParOldGen: 573728K(574976K)->573776K(574976K)
[14933.157s][info][gc,metaspace   ] GC(34470) Metaspace: 62429K(62720K)->62429K(62720K) NonClass: 53390K(53568K)->53390K(53568K) Class: 9039K(9152K)->9039K(9152K)
[14933.157s][info][gc             ] GC(34470) Pause Young (Allocation Failure) 640M->561M(643M) 3.101ms
[14933.157s][info][gc,cpu         ] GC(34470) User=0.00s Sys=0.00s Real=0.01s
[14933.579s][info][gc,start       ] GC(34471) Pause Young (Allocation Failure)
[14933.583s][info][gc,heap        ] GC(34471) PSYoungGen: 81760K(83968K)->1312K(83968K) Eden: 80896K(80896K)->0K(80896K) From: 864K(3072K)->1312K(3072K)
[14933.583s][info][gc,heap        ] GC(34471) ParOldGen: 573776K(574976K)->573832K(574976K)
[14933.583s][info][gc,metaspace   ] GC(34471) Metaspace: 62429K(62720K)->62429K(62720K) NonClass: 53390K(53568K)->53390K(53568K) Class: 9039K(9152K)->9039K(9152K)
[14933.583s][info][gc             ] GC(34471) Pause Young (Allocation Failure) 640M->561M(643M) 3.606ms
[14933.583s][info][gc,cpu         ] GC(34471) User=0.00s Sys=0.00s Real=0.00s
[14934.040s][info][gc,start       ] GC(34472) Pause Young (Allocation Failure)
[14934.043s][info][gc,heap        ] GC(34472) PSYoungGen: 82208K(83968K)->640K(83968K) Eden: 80896K(80896K)->0K(80896K) From: 1312K(3072K)->640K(3072K)
[14934.043s][info][gc,heap        ] GC(34472) ParOldGen: 573832K(574976K)->573888K(574976K)
[14934.043s][info][gc,metaspace   ] GC(34472) Metaspace: 62429K(62720K)->62429K(62720K) NonClass: 53390K(53568K)->53390K(53568K) Class: 9039K(9152K)->9039K(9152K)
[14934.043s][info][gc             ] GC(34472) Pause Young (Allocation Failure) 640M->561M(643M) 2.850ms
[14934.043s][info][gc,cpu         ] GC(34472) User=0.01s Sys=0.00s Real=0.00s
[14934.487s][info][gc,start       ] GC(34473) Pause Young (Allocation Failure)
[14934.491s][info][gc,heap        ] GC(34473) PSYoungGen: 81536K(83968K)->1344K(83968K) Eden: 80896K(80896K)->0K(80896K) From: 640K(3072K)->1344K(3072K)
[14934.491s][info][gc,heap        ] GC(34473) ParOldGen: 573888K(574976K)->573944K(574976K)
[14934.491s][info][gc,metaspace   ] GC(34473) Metaspace: 62429K(62720K)->62429K(62720K) NonClass: 53390K(53568K)->53390K(53568K) Class: 9039K(9152K)->9039K(9152K)
[14934.491s][info][gc             ] GC(34473) Pause Young (Allocation Failure) 640M->561M(643M) 3.427ms
[14934.491s][info][gc,cpu         ] GC(34473) User=0.01s Sys=0.00s Real=0.00s
[14934.941s][info][gc,start       ] GC(34474) Pause Young (Allocation Failure)
[14934.944s][info][gc,heap        ] GC(34474) PSYoungGen: 82240K(83968K)->704K(83968K) Eden: 80896K(80896K)->0K(80896K) From: 1344K(3072K)->704K(3072K)
[14934.944s][info][gc,heap        ] GC(34474) ParOldGen: 573944K(574976K)->574000K(574976K)
[14934.944s][info][gc,metaspace   ] GC(34474) Metaspace: 62429K(62720K)->62429K(62720K) NonClass: 53390K(53568K)->53390K(53568K) Class: 9039K(9152K)->9039K(9152K)
[14934.944s][info][gc             ] GC(34474) Pause Young (Allocation Failure) 640M->561M(643M) 2.899ms
[14934.944s][info][gc,cpu         ] GC(34474) User=0.00s Sys=0.00s Real=0.00s
[14935.390s][info][gc,start       ] GC(34475) Pause Young (Allocation Failure)
[14935.393s][info][gc,heap        ] GC(34475) PSYoungGen: 81600K(83968K)->1248K(84480K) Eden: 80896K(80896K)->0K(81920K) From: 704K(3072K)->1248K(2560K)
[14935.393s][info][gc,heap        ] GC(34475) ParOldGen: 574000K(574976K)->574056K(574976K)
[14935.393s][info][gc,metaspace   ] GC(34475) Metaspace: 62429K(62720K)->62429K(62720K) NonClass: 53390K(53568K)->53390K(53568K) Class: 9039K(9152K)->9039K(9152K)
[14935.393s][info][gc             ] GC(34475) Pause Young (Allocation Failure) 640M->561M(644M) 3.417ms
[14935.393s][info][gc,cpu         ] GC(34475) User=0.01s Sys=0.00s Real=0.00s
[14935.844s][info][gc,start       ] GC(34476) Pause Young (Allocation Failure)
[14935.847s][info][gc,heap        ] GC(34476) PSYoungGen: 83168K(84480K)->704K(84480K) Eden: 81920K(81920K)->0K(81920K) From: 1248K(2560K)->704K(2560K)
[14935.847s][info][gc,heap        ] GC(34476) ParOldGen: 574056K(574976K)->574112K(574976K)
[14935.847s][info][gc,metaspace   ] GC(34476) Metaspace: 62429K(62720K)->62429K(62720K) NonClass: 53390K(53568K)->53390K(53568K) Class: 9039K(9152K)->9039K(9152K)
[14935.847s][info][gc             ] GC(34476) Pause Young (Allocation Failure) 641M->561M(644M) 3.015ms
[14935.847s][info][gc,cpu         ] GC(34476) User=0.00s Sys=0.00s Real=0.01s
[14936.353s][info][gc,start       ] GC(34477) Pause Young (Allocation Failure)
[14936.356s][info][gc,heap        ] GC(34477) PSYoungGen: 82624K(84480K)->800K(84480K) Eden: 81920K(81920K)->0K(81920K) From: 704K(2560K)->800K(2560K)
[14936.356s][info][gc,heap        ] GC(34477) ParOldGen: 574112K(574976K)->574168K(574976K)
[14936.356s][info][gc,metaspace   ] GC(34477) Metaspace: 62429K(62720K)->62429K(62720K) NonClass: 53390K(53568K)->53390K(53568K) Class: 9039K(9152K)->9039K(9152K)
[14936.356s][info][gc             ] GC(34477) Pause Young (Allocation Failure) 641M->561M(644M) 3.003ms
[14936.356s][info][gc,cpu         ] GC(34477) User=0.00s Sys=0.00s Real=0.00s
[14936.834s][info][gc,start       ] GC(34478) Pause Young (Allocation Failure)
[14936.837s][info][gc,heap        ] GC(34478) PSYoungGen: 82720K(84480K)->576K(84480K) Eden: 81920K(81920K)->0K(81920K) From: 800K(2560K)->576K(2560K)
[14936.837s][info][gc,heap        ] GC(34478) ParOldGen: 574168K(574976K)->574224K(574976K)
[14936.837s][info][gc,metaspace   ] GC(34478) Metaspace: 62429K(62720K)->62429K(62720K) NonClass: 53390K(53568K)->53390K(53568K) Class: 9039K(9152K)->9039K(9152K)
[14936.837s][info][gc             ] GC(34478) Pause Young (Allocation Failure) 641M->561M(644M) 2.884ms
[14936.837s][info][gc,cpu         ] GC(34478) User=0.01s Sys=0.00s Real=0.01s
[14937.306s][info][gc,start       ] GC(34479) Pause Young (Allocation Failure)
[14937.310s][info][gc,heap        ] GC(34479) PSYoungGen: 82496K(84480K)->2528K(82432K) Eden: 81920K(81920K)->0K(79872K) From: 576K(2560K)->2528K(2560K)
[14937.310s][info][gc,heap        ] GC(34479) ParOldGen: 574224K(574976K)->575288K(575488K)
[14937.310s][info][gc,metaspace   ] GC(34479) Metaspace: 62429K(62720K)->62429K(62720K) NonClass: 53390K(53568K)->53390K(53568K) Class: 9039K(9152K)->9039K(9152K)
[14937.310s][info][gc             ] GC(34479) Pause Young (Allocation Failure) 641M->564M(642M) 4.630ms
[14937.310s][info][gc,cpu         ] GC(34479) User=0.00s Sys=0.00s Real=0.01s
[14937.787s][info][gc,start       ] GC(34480) Pause Young (Allocation Failure)
[14937.792s][info][gc,heap        ] GC(34480) PSYoungGen: 82400K(82432K)->1248K(83456K) Eden: 79872K(79872K)->0K(79872K) From: 2528K(2560K)->1248K(3584K)
[14937.792s][info][gc,heap        ] GC(34480) ParOldGen: 575288K(575488K)->577384K(578560K)
[14937.792s][info][gc,metaspace   ] GC(34480) Metaspace: 62429K(62720K)->62429K(62720K) NonClass: 53390K(53568K)->53390K(53568K) Class: 9039K(9152K)->9039K(9152K)
[14937.792s][info][gc             ] GC(34480) Pause Young (Allocation Failure) 642M->565M(646M) 4.760ms
[14937.792s][info][gc,cpu         ] GC(34480) User=0.01s Sys=0.00s Real=0.00s
[14938.305s][info][gc,start       ] GC(34481) Pause Young (Allocation Failure)
[14938.308s][info][gc,heap        ] GC(34481) PSYoungGen: 81120K(83456K)->912K(83968K) Eden: 79872K(79872K)->0K(80896K) From: 1248K(3584K)->912K(3072K)
[14938.308s][info][gc,heap        ] GC(34481) ParOldGen: 577384K(578560K)->577440K(578560K)
[14938.308s][info][gc,metaspace   ] GC(34481) Metaspace: 62429K(62720K)->62429K(62720K) NonClass: 53390K(53568K)->53390K(53568K) Class: 9039K(9152K)->9039K(9152K)
[14938.308s][info][gc             ] GC(34481) Pause Young (Allocation Failure) 643M->564M(647M) 3.165ms
[14938.308s][info][gc,cpu         ] GC(34481) User=0.00s Sys=0.00s Real=0.01s
[14938.788s][info][gc,start       ] GC(34482) Pause Young (Allocation Failure)
[14938.792s][info][gc,heap        ] GC(34482) PSYoungGen: 81808K(83968K)->1312K(83968K) Eden: 80896K(80896K)->0K(80896K) From: 912K(3072K)->1312K(3072K)
[14938.792s][info][gc,heap        ] GC(34482) ParOldGen: 577440K(578560K)->577544K(578560K)
[14938.792s][info][gc,metaspace   ] GC(34482) Metaspace: 62429K(62720K)->62429K(62720K) NonClass: 53390K(53568K)->53390K(53568K) Class: 9039K(9152K)->9039K(9152K)
[14938.792s][info][gc             ] GC(34482) Pause Young (Allocation Failure) 643M->565M(647M) 3.493ms
[14938.792s][info][gc,cpu         ] GC(34482) User=0.00s Sys=0.00s Real=0.00s
[14939.229s][info][gc,start       ] GC(34483) Pause Young (Allocation Failure)
[14939.232s][info][gc,heap        ] GC(34483) PSYoungGen: 82208K(83968K)->512K(83968K) Eden: 80896K(80896K)->0K(80896K) From: 1312K(3072K)->512K(3072K)
[14939.232s][info][gc,heap        ] GC(34483) ParOldGen: 577544K(578560K)->577600K(578560K)
[14939.232s][info][gc,metaspace   ] GC(34483) Metaspace: 62429K(62720K)->62429K(62720K) NonClass: 53390K(53568K)->53390K(53568K) Class: 9039K(9152K)->9039K(9152K)
[14939.232s][info][gc             ] GC(34483) Pause Young (Allocation Failure) 644M->564M(647M) 2.784ms
[14939.232s][info][gc,cpu         ] GC(34483) User=0.00s Sys=0.00s Real=0.00s
[14939.709s][info][gc,start       ] GC(34484) Pause Young (Allocation Failure)
[14939.711s][info][gc,heap        ] GC(34484) PSYoungGen: 81408K(83968K)->192K(83968K) Eden: 80896K(80896K)->0K(80896K) From: 512K(3072K)->192K(3072K)
[14939.711s][info][gc,heap        ] GC(34484) ParOldGen: 577600K(578560K)->577656K(578560K)
[14939.711s][info][gc,metaspace   ] GC(34484) Metaspace: 62429K(62720K)->62429K(62720K) NonClass: 53390K(53568K)->53390K(53568K) Class: 9039K(9152K)->9039K(9152K)
[14939.711s][info][gc             ] GC(34484) Pause Young (Allocation Failure) 643M->564M(647M) 2.545ms
[14939.711s][info][gc,cpu         ] GC(34484) User=0.00s Sys=0.00s Real=0.00s
[14940.144s][info][gc,start       ] GC(34485) Pause Young (Allocation Failure)
[14940.147s][info][gc,heap        ] GC(34485) PSYoungGen: 81088K(83968K)->800K(83968K) Eden: 80896K(80896K)->0K(80896K) From: 192K(3072K)->800K(3072K)
[14940.147s][info][gc,heap        ] GC(34485) ParOldGen: 577656K(578560K)->577712K(578560K)
[14940.147s][info][gc,metaspace   ] GC(34485) Metaspace: 62429K(62720K)->62429K(62720K) NonClass: 53390K(53568K)->53390K(53568K) Class: 9039K(9152K)->9039K(9152K)
[14940.147s][info][gc             ] GC(34485) Pause Young (Allocation Failure) 643M->564M(647M) 3.265ms
[14940.147s][info][gc,cpu         ] GC(34485) User=0.01s Sys=0.00s Real=0.01s
[14940.595s][info][gc,start       ] GC(34486) Pause Young (Allocation Failure)
[14940.598s][info][gc,heap        ] GC(34486) PSYoungGen: 81696K(83968K)->1440K(83968K) Eden: 80896K(80896K)->0K(80896K) From: 800K(3072K)->1440K(3072K)
[14940.598s][info][gc,heap        ] GC(34486) ParOldGen: 577712K(578560K)->577768K(578560K)
[14940.598s][info][gc,metaspace   ] GC(34486) Metaspace: 62429K(62720K)->62429K(62720K) NonClass: 53390K(53568K)->53390K(53568K) Class: 9039K(9152K)->9039K(9152K)
[14940.598s][info][gc             ] GC(34486) Pause Young (Allocation Failure) 643M->565M(647M) 3.573ms
[14940.598s][info][gc,cpu         ] GC(34486) User=0.00s Sys=0.00s Real=0.01s
[14941.046s][info][gc,start       ] GC(34487) Pause Young (Allocation Failure)
[14941.048s][info][gc,heap        ] GC(34487) PSYoungGen: 82336K(83968K)->640K(84480K) Eden: 80896K(80896K)->0K(81408K) From: 1440K(3072K)->640K(3072K)
[14941.048s][info][gc,heap        ] GC(34487) ParOldGen: 577768K(578560K)->577816K(578560K)
[14941.048s][info][gc,metaspace   ] GC(34487) Metaspace: 62429K(62720K)->62429K(62720K) NonClass: 53390K(53568K)->53390K(53568K) Class: 9039K(9152K)->9039K(9152K)
[14941.048s][info][gc             ] GC(34487) Pause Young (Allocation Failure) 644M->564M(647M) 2.844ms
[14941.048s][info][gc,cpu         ] GC(34487) User=0.01s Sys=0.00s Real=0.01s
[14941.529s][info][gc,start       ] GC(34488) Pause Young (Allocation Failure)
[14941.531s][info][gc,heap        ] GC(34488) PSYoungGen: 82048K(84480K)->480K(83968K) Eden: 81408K(81408K)->0K(81408K) From: 640K(3072K)->480K(2560K)
[14941.531s][info][gc,heap        ] GC(34488) ParOldGen: 577816K(578560K)->577872K(578560K)
[14941.531s][info][gc,metaspace   ] GC(34488) Metaspace: 62429K(62720K)->62429K(62720K) NonClass: 53390K(53568K)->53390K(53568K) Class: 9039K(9152K)->9039K(9152K)
[14941.532s][info][gc             ] GC(34488) Pause Young (Allocation Failure) 644M->564M(647M) 2.710ms
[14941.532s][info][gc,cpu         ] GC(34488) User=0.01s Sys=0.00s Real=0.00s
[14942.029s][info][gc,start       ] GC(34489) Pause Young (Allocation Failure)
[14942.031s][info][gc,heap        ] GC(34489) PSYoungGen: 81888K(83968K)->2496K(83456K) Eden: 81408K(81408K)->0K(80896K) From: 480K(2560K)->2496K(2560K)
[14942.031s][info][gc,heap        ] GC(34489) ParOldGen: 577872K(578560K)->577928K(578560K)
[14942.031s][info][gc,metaspace   ] GC(34489) Metaspace: 62429K(62720K)->62429K(62720K) NonClass: 53390K(53568K)->53390K(53568K) Class: 9039K(9152K)->9039K(9152K)
[14942.031s][info][gc             ] GC(34489) Pause Young (Allocation Failure) 644M->566M(646M) 2.938ms
[14942.031s][info][gc,cpu         ] GC(34489) User=0.01s Sys=0.00s Real=0.00s
[14942.512s][info][gc,start       ] GC(34490) Pause Young (Allocation Failure)
[14942.516s][info][gc,heap        ] GC(34490) PSYoungGen: 83392K(83456K)->288K(83968K) Eden: 80896K(80896K)->0K(80896K) From: 2496K(2560K)->288K(3072K)
[14942.516s][info][gc,heap        ] GC(34490) ParOldGen: 577928K(578560K)->580032K(580096K)
[14942.516s][info][gc,metaspace   ] GC(34490) Metaspace: 62429K(62720K)->62429K(62720K) NonClass: 53390K(53568K)->53390K(53568K) Class: 9039K(9152K)->9039K(9152K)
[14942.516s][info][gc             ] GC(34490) Pause Young (Allocation Failure) 645M->566M(648M) 3.797ms
[14942.516s][info][gc,cpu         ] GC(34490) User=0.01s Sys=0.00s Real=0.00s
[14943.011s][info][gc,start       ] GC(34491) Pause Young (Allocation Failure)
[14943.013s][info][gc,heap        ] GC(34491) PSYoungGen: 81184K(83968K)->256K(83968K) Eden: 80896K(80896K)->0K(80896K) From: 288K(3072K)->256K(3072K)
[14943.013s][info][gc,heap        ] GC(34491) ParOldGen: 580032K(580096K)->580088K(580096K)
[14943.013s][info][gc,metaspace   ] GC(34491) Metaspace: 62429K(62720K)->62429K(62720K) NonClass: 53390K(53568K)->53390K(53568K) Class: 9039K(9152K)->9039K(9152K)
[14943.013s][info][gc             ] GC(34491) Pause Young (Allocation Failure) 645M->566M(648M) 2.527ms
[14943.013s][info][gc,cpu         ] GC(34491) User=0.01s Sys=0.00s Real=0.00s
[14943.515s][info][gc,start       ] GC(34492) Pause Young (Allocation Failure)
[14943.517s][info][gc,heap        ] GC(34492) PSYoungGen: 81152K(83968K)->288K(83968K) Eden: 80896K(80896K)->0K(80896K) From: 256K(3072K)->288K(3072K)
[14943.518s][info][gc,heap        ] GC(34492) ParOldGen: 580088K(580096K)->580136K(580608K)
[14943.518s][info][gc,metaspace   ] GC(34492) Metaspace: 62429K(62720K)->62429K(62720K) NonClass: 53390K(53568K)->53390K(53568K) Class: 9039K(9152K)->9039K(9152K)
[14943.518s][info][gc             ] GC(34492) Pause Young (Allocation Failure) 645M->566M(649M) 2.892ms
[14943.518s][info][gc,cpu         ] GC(34492) User=0.01s Sys=0.00s Real=0.01s
[14944.009s][info][gc,start       ] GC(34493) Pause Young (Allocation Failure)
[14944.012s][info][gc,heap        ] GC(34493) PSYoungGen: 81184K(83968K)->224K(83968K) Eden: 80896K(80896K)->0K(80896K) From: 288K(3072K)->224K(3072K)
[14944.012s][info][gc,heap        ] GC(34493) ParOldGen: 580136K(580608K)->580184K(580608K)
[14944.012s][info][gc,metaspace   ] GC(34493) Metaspace: 62429K(62720K)->62429K(62720K) NonClass: 53390K(53568K)->53390K(53568K) Class: 9039K(9152K)->9039K(9152K)
[14944.012s][info][gc             ] GC(34493) Pause Young (Allocation Failure) 645M->566M(649M) 2.688ms
[14944.012s][info][gc,cpu         ] GC(34493) User=0.01s Sys=0.00s Real=0.00s
[14944.501s][info][gc,start       ] GC(34494) Pause Young (Allocation Failure)
[14944.504s][info][gc,heap        ] GC(34494) PSYoungGen: 81120K(83968K)->1472K(83968K) Eden: 80896K(80896K)->0K(80896K) From: 224K(3072K)->1472K(3072K)
[14944.505s][info][gc,heap        ] GC(34494) ParOldGen: 580184K(580608K)->580240K(580608K)
[14944.505s][info][gc,metaspace   ] GC(34494) Metaspace: 62429K(62720K)->62429K(62720K) NonClass: 53390K(53568K)->53390K(53568K) Class: 9039K(9152K)->9039K(9152K)
[14944.505s][info][gc             ] GC(34494) Pause Young (Allocation Failure) 645M->568M(649M) 3.624ms
[14944.505s][info][gc,cpu         ] GC(34494) User=0.01s Sys=0.00s Real=0.00s
[14944.991s][info][gc,start       ] GC(34495) Pause Young (Allocation Failure)
[14944.995s][info][gc,heap        ] GC(34495) PSYoungGen: 82368K(83968K)->1216K(83968K) Eden: 80896K(80896K)->0K(80896K) From: 1472K(3072K)->1216K(3072K)
[14944.995s][info][gc,heap        ] GC(34495) ParOldGen: 580240K(580608K)->580296K(580608K)
[14944.995s][info][gc,metaspace   ] GC(34495) Metaspace: 62429K(62720K)->62429K(62720K) NonClass: 53390K(53568K)->53390K(53568K) Class: 9039K(9152K)->9039K(9152K)
[14944.995s][info][gc             ] GC(34495) Pause Young (Allocation Failure) 647M->567M(649M) 3.464ms
[14944.995s][info][gc,cpu         ] GC(34495) User=0.01s Sys=0.00s Real=0.00s
[14945.498s][info][gc,start       ] GC(34496) Pause Young (Allocation Failure)
[14945.501s][info][gc,heap        ] GC(34496) PSYoungGen: 82112K(83968K)->1600K(83968K) Eden: 80896K(80896K)->0K(80896K) From: 1216K(3072K)->1600K(3072K)
[14945.501s][info][gc,heap        ] GC(34496) ParOldGen: 580296K(580608K)->580344K(580608K)
[14945.501s][info][gc,metaspace   ] GC(34496) Metaspace: 62429K(62720K)->62429K(62720K) NonClass: 53390K(53568K)->53390K(53568K) Class: 9039K(9152K)->9039K(9152K)
[14945.502s][info][gc             ] GC(34496) Pause Young (Allocation Failure) 646M->568M(649M) 3.923ms
[14945.502s][info][gc,cpu         ] GC(34496) User=0.01s Sys=0.00s Real=0.00s
[14945.915s][info][gc,start       ] GC(34497) Pause Young (Allocation Failure)
[14945.918s][info][gc,heap        ] GC(34497) PSYoungGen: 82496K(83968K)->288K(83968K) Eden: 80896K(80896K)->0K(80896K) From: 1600K(3072K)->288K(3072K)
[14945.918s][info][gc,heap        ] GC(34497) ParOldGen: 580344K(580608K)->580392K(580608K)
[14945.918s][info][gc,metaspace   ] GC(34497) Metaspace: 62429K(62720K)->62429K(62720K) NonClass: 53390K(53568K)->53390K(53568K) Class: 9039K(9152K)->9039K(9152K)
[14945.918s][info][gc             ] GC(34497) Pause Young (Allocation Failure) 647M->567M(649M) 2.644ms
[14945.918s][info][gc,cpu         ] GC(34497) User=0.01s Sys=0.00s Real=0.01s
[14946.395s][info][gc,start       ] GC(34498) Pause Young (Allocation Failure)
[14946.398s][info][gc,heap        ] GC(34498) PSYoungGen: 81184K(83968K)->1344K(83968K) Eden: 80896K(80896K)->0K(80896K) From: 288K(3072K)->1344K(3072K)
[14946.398s][info][gc,heap        ] GC(34498) ParOldGen: 580392K(580608K)->580448K(580608K)
[14946.398s][info][gc,metaspace   ] GC(34498) Metaspace: 62429K(62720K)->62429K(62720K) NonClass: 53390K(53568K)->53390K(53568K) Class: 9039K(9152K)->9039K(9152K)
[14946.398s][info][gc             ] GC(34498) Pause Young (Allocation Failure) 646M->568M(649M) 3.521ms
[14946.398s][info][gc,cpu         ] GC(34498) User=0.00s Sys=0.00s Real=0.01s
[14946.902s][info][gc,start       ] GC(34499) Pause Young (Allocation Failure)
[14946.905s][info][gc,heap        ] GC(34499) PSYoungGen: 82240K(83968K)->1552K(83968K) Eden: 80896K(80896K)->0K(80896K) From: 1344K(3072K)->1552K(3072K)
[14946.905s][info][gc,heap        ] GC(34499) ParOldGen: 580448K(580608K)->580504K(580608K)
[14946.905s][info][gc,metaspace   ] GC(34499) Metaspace: 62429K(62720K)->62429K(62720K) NonClass: 53390K(53568K)->53390K(53568K) Class: 9039K(9152K)->9039K(9152K)
[14946.906s][info][gc             ] GC(34499) Pause Young (Allocation Failure) 647M->568M(649M) 3.714ms
[14946.906s][info][gc,cpu         ] GC(34499) User=0.00s Sys=0.00s Real=0.00s
[14947.384s][info][gc,start       ] GC(34500) Pause Young (Allocation Failure)
[14947.387s][info][gc,heap        ] GC(34500) PSYoungGen: 82448K(83968K)->3040K(83968K) Eden: 80896K(80896K)->0K(80896K) From: 1552K(3072K)->3040K(3072K)
[14947.387s][info][gc,heap        ] GC(34500) ParOldGen: 580504K(580608K)->580848K(581120K)
[14947.387s][info][gc,metaspace   ] GC(34500) Metaspace: 62429K(62720K)->62429K(62720K) NonClass: 53390K(53568K)->53390K(53568K) Class: 9039K(9152K)->9039K(9152K)
[14947.388s][info][gc             ] GC(34500) Pause Young (Allocation Failure) 647M->570M(649M) 3.929ms
[14947.388s][info][gc,cpu         ] GC(34500) User=0.00s Sys=0.00s Real=0.01s
[14947.827s][info][gc,start       ] GC(34501) Pause Young (Allocation Failure)
[14947.830s][info][gc,heap        ] GC(34501) PSYoungGen: 83936K(83968K)->480K(82944K) Eden: 80896K(80896K)->0K(79872K) From: 3040K(3072K)->480K(3072K)
[14947.831s][info][gc,heap        ] GC(34501) ParOldGen: 580848K(581120K)->582944K(584192K)
[14947.831s][info][gc,metaspace   ] GC(34501) Metaspace: 62429K(62720K)->62429K(62720K) NonClass: 53390K(53568K)->53390K(53568K) Class: 9039K(9152K)->9039K(9152K)
[14947.831s][info][gc             ] GC(34501) Pause Young (Allocation Failure) 649M->569M(651M) 3.784ms
[14947.831s][info][gc,cpu         ] GC(34501) User=0.01s Sys=0.00s Real=0.00s
[14948.264s][info][gc,start       ] GC(34502) Pause Young (Allocation Failure)
[14948.267s][info][gc,heap        ] GC(34502) PSYoungGen: 80352K(82944K)->1056K(83456K) Eden: 79872K(79872K)->0K(79872K) From: 480K(3072K)->1056K(3584K)
[14948.267s][info][gc,heap        ] GC(34502) ParOldGen: 582944K(584192K)->583000K(584192K)
[14948.267s][info][gc,metaspace   ] GC(34502) Metaspace: 62429K(62720K)->62429K(62720K) NonClass: 53390K(53568K)->53390K(53568K) Class: 9039K(9152K)->9039K(9152K)
[14948.267s][info][gc             ] GC(34502) Pause Young (Allocation Failure) 647M->570M(652M) 3.257ms
[14948.267s][info][gc,cpu         ] GC(34502) User=0.01s Sys=0.00s Real=0.01s
[14948.728s][info][gc,start       ] GC(34503) Pause Young (Allocation Failure)
[14948.731s][info][gc,heap        ] GC(34503) PSYoungGen: 80928K(83456K)->512K(83968K) Eden: 79872K(79872K)->0K(80384K) From: 1056K(3584K)->512K(3584K)
[14948.731s][info][gc,heap        ] GC(34503) ParOldGen: 583000K(584192K)->583056K(584192K)
[14948.731s][info][gc,metaspace   ] GC(34503) Metaspace: 62429K(62720K)->62429K(62720K) NonClass: 53390K(53568K)->53390K(53568K) Class: 9039K(9152K)->9039K(9152K)
[14948.731s][info][gc             ] GC(34503) Pause Young (Allocation Failure) 648M->569M(652M) 2.867ms
[14948.731s][info][gc,cpu         ] GC(34503) User=0.01s Sys=0.00s Real=0.00s
[14949.186s][info][gc,start       ] GC(34504) Pause Young (Allocation Failure)
[14949.189s][info][gc,heap        ] GC(34504) PSYoungGen: 80896K(83968K)->1312K(83456K) Eden: 80384K(80384K)->0K(80384K) From: 512K(3584K)->1312K(3072K)
[14949.189s][info][gc,heap        ] GC(34504) ParOldGen: 583056K(584192K)->583112K(584192K)
[14949.189s][info][gc,metaspace   ] GC(34504) Metaspace: 62429K(62720K)->62429K(62720K) NonClass: 53390K(53568K)->53390K(53568K) Class: 9039K(9152K)->9039K(9152K)
[14949.189s][info][gc             ] GC(34504) Pause Young (Allocation Failure) 648M->570M(652M) 3.573ms
[14949.189s][info][gc,cpu         ] GC(34504) User=0.01s Sys=0.00s Real=0.01s
[14949.588s][info][gc,start       ] GC(34505) Pause Young (Allocation Failure)
[14949.592s][info][gc,heap        ] GC(34505) PSYoungGen: 81696K(83456K)->1472K(83968K) Eden: 80384K(80384K)->0K(80896K) From: 1312K(3072K)->1472K(3072K)
[14949.592s][info][gc,heap        ] GC(34505) ParOldGen: 583112K(584192K)->583160K(584192K)
[14949.592s][info][gc,metaspace   ] GC(34505) Metaspace: 62430K(62720K)->62430K(62720K) NonClass: 53391K(53568K)->53391K(53568K) Class: 9039K(9152K)->9039K(9152K)
[14949.592s][info][gc             ] GC(34505) Pause Young (Allocation Failure) 649M->570M(652M) 3.778ms
[14949.592s][info][gc,cpu         ] GC(34505) User=0.00s Sys=0.00s Real=0.00s
[14950.013s][info][gc,start       ] GC(34506) Pause Young (Allocation Failure)
[14950.015s][info][gc,heap        ] GC(34506) PSYoungGen: 82368K(83968K)->288K(83968K) Eden: 80896K(80896K)->0K(80896K) From: 1472K(3072K)->288K(3072K)
[14950.015s][info][gc,heap        ] GC(34506) ParOldGen: 583160K(584192K)->583216K(584192K)
[14950.015s][info][gc,metaspace   ] GC(34506) Metaspace: 62430K(62720K)->62430K(62720K) NonClass: 53391K(53568K)->53391K(53568K) Class: 9039K(9152K)->9039K(9152K)
[14950.015s][info][gc             ] GC(34506) Pause Young (Allocation Failure) 649M->569M(652M) 2.710ms
[14950.015s][info][gc,cpu         ] GC(34506) User=0.00s Sys=0.00s Real=0.00s
[14950.510s][info][gc,start       ] GC(34507) Pause Young (Allocation Failure)
[14950.512s][info][gc,heap        ] GC(34507) PSYoungGen: 81184K(83968K)->224K(83968K) Eden: 80896K(80896K)->0K(80896K) From: 288K(3072K)->224K(3072K)
[14950.513s][info][gc,heap        ] GC(34507) ParOldGen: 583216K(584192K)->583272K(584192K)
[14950.513s][info][gc,metaspace   ] GC(34507) Metaspace: 62430K(62720K)->62430K(62720K) NonClass: 53391K(53568K)->53391K(53568K) Class: 9039K(9152K)->9039K(9152K)
[14950.513s][info][gc             ] GC(34507) Pause Young (Allocation Failure) 648M->569M(652M) 2.692ms
[14950.513s][info][gc,cpu         ] GC(34507) User=0.01s Sys=0.00s Real=0.00s
[14950.958s][info][gc,start       ] GC(34508) Pause Young (Allocation Failure)
[14950.961s][info][gc,heap        ] GC(34508) PSYoungGen: 81120K(83968K)->896K(83968K) Eden: 80896K(80896K)->0K(80896K) From: 224K(3072K)->896K(3072K)
[14950.961s][info][gc,heap        ] GC(34508) ParOldGen: 583272K(584192K)->583320K(584192K)
[14950.961s][info][gc,metaspace   ] GC(34508) Metaspace: 62430K(62720K)->62430K(62720K) NonClass: 53391K(53568K)->53391K(53568K) Class: 9039K(9152K)->9039K(9152K)
[14950.961s][info][gc             ] GC(34508) Pause Young (Allocation Failure) 648M->570M(652M) 3.112ms
[14950.961s][info][gc,cpu         ] GC(34508) User=0.01s Sys=0.00s Real=0.00s
[14951.408s][info][gc,start       ] GC(34509) Pause Young (Allocation Failure)
[14951.410s][info][gc,heap        ] GC(34509) PSYoungGen: 81792K(83968K)->224K(83968K) Eden: 80896K(80896K)->0K(80896K) From: 896K(3072K)->224K(3072K)
[14951.410s][info][gc,heap        ] GC(34509) ParOldGen: 583320K(584192K)->583376K(584192K)
[14951.410s][info][gc,metaspace   ] GC(34509) Metaspace: 62430K(62720K)->62430K(62720K) NonClass: 53391K(53568K)->53391K(53568K) Class: 9039K(9152K)->9039K(9152K)
[14951.410s][info][gc             ] GC(34509) Pause Young (Allocation Failure) 649M->569M(652M) 2.543ms
[14951.410s][info][gc,cpu         ] GC(34509) User=0.01s Sys=0.00s Real=0.00s
[14951.827s][info][gc,start       ] GC(34510) Pause Young (Allocation Failure)
[14951.830s][info][gc,heap        ] GC(34510) PSYoungGen: 81120K(83968K)->512K(83968K) Eden: 80896K(80896K)->0K(80896K) From: 224K(3072K)->512K(3072K)
[14951.830s][info][gc,heap        ] GC(34510) ParOldGen: 583376K(584192K)->583432K(584192K)
[14951.830s][info][gc,metaspace   ] GC(34510) Metaspace: 62430K(62720K)->62430K(62720K) NonClass: 53391K(53568K)->53391K(53568K) Class: 9039K(9152K)->9039K(9152K)
[14951.830s][info][gc             ] GC(34510) Pause Young (Allocation Failure) 648M->570M(652M) 2.772ms
[14951.830s][info][gc,cpu         ] GC(34510) User=0.00s Sys=0.00s Real=0.00s
[14952.250s][info][gc,start       ] GC(34511) Pause Young (Allocation Failure)
[14952.254s][info][gc,heap        ] GC(34511) PSYoungGen: 81408K(83968K)->2528K(82432K) Eden: 80896K(80896K)->0K(79872K) From: 512K(3072K)->2528K(2560K)
[14952.254s][info][gc,heap        ] GC(34511) ParOldGen: 583432K(584192K)->583760K(584192K)
[14952.254s][info][gc,metaspace   ] GC(34511) Metaspace: 62430K(62720K)->62430K(62720K) NonClass: 53391K(53568K)->53391K(53568K) Class: 9039K(9152K)->9039K(9152K)
[14952.254s][info][gc             ] GC(34511) Pause Young (Allocation Failure) 649M->572M(651M) 3.960ms
[14952.254s][info][gc,cpu         ] GC(34511) User=0.01s Sys=0.00s Real=0.00s
[14952.674s][info][gc,start       ] GC(34512) Pause Young (Allocation Failure)
[14952.678s][info][gc,heap        ] GC(34512) PSYoungGen: 82400K(82432K)->1248K(83456K) Eden: 79871K(79872K)->0K(79872K) From: 2528K(2560K)->1248K(3584K)
[14952.678s][info][gc,heap        ] GC(34512) ParOldGen: 583760K(584192K)->585856K(587264K)
[14952.678s][info][gc,metaspace   ] GC(34512) Metaspace: 62430K(62720K)->62430K(62720K) NonClass: 53391K(53568K)->53391K(53568K) Class: 9039K(9152K)->9039K(9152K)
[14952.678s][info][gc             ] GC(34512) Pause Young (Allocation Failure) 650M->573M(655M) 4.512ms
[14952.678s][info][gc,cpu         ] GC(34512) User=0.01s Sys=0.00s Real=0.01s
[14953.116s][info][gc,start       ] GC(34513) Pause Young (Allocation Failure)
[14953.118s][info][gc,heap        ] GC(34513) PSYoungGen: 81120K(83456K)->320K(83968K) Eden: 79872K(79872K)->0K(80896K) From: 1248K(3584K)->320K(3072K)
[14953.118s][info][gc,heap        ] GC(34513) ParOldGen: 585856K(587264K)->585912K(587264K)
[14953.118s][info][gc,metaspace   ] GC(34513) Metaspace: 62430K(62720K)->62430K(62720K) NonClass: 53391K(53568K)->53391K(53568K) Class: 9039K(9152K)->9039K(9152K)
[14953.118s][info][gc             ] GC(34513) Pause Young (Allocation Failure) 651M->572M(655M) 2.614ms
[14953.118s][info][gc,cpu         ] GC(34513) User=0.00s Sys=0.00s Real=0.01s
[14953.534s][info][gc,start       ] GC(34514) Pause Young (Allocation Failure)
[14953.537s][info][gc,heap        ] GC(34514) PSYoungGen: 81216K(83968K)->608K(83968K) Eden: 80896K(80896K)->0K(80896K) From: 320K(3072K)->608K(3072K)
[14953.537s][info][gc,heap        ] GC(34514) ParOldGen: 585912K(587264K)->585968K(587264K)
[14953.537s][info][gc,metaspace   ] GC(34514) Metaspace: 62430K(62720K)->62430K(62720K) NonClass: 53391K(53568K)->53391K(53568K) Class: 9039K(9152K)->9039K(9152K)
[14953.537s][info][gc             ] GC(34514) Pause Young (Allocation Failure) 651M->572M(655M) 2.816ms
[14953.537s][info][gc,cpu         ] GC(34514) User=0.01s Sys=0.00s Real=0.01s
[14953.953s][info][gc,start       ] GC(34515) Pause Young (Allocation Failure)
[14953.956s][info][gc,heap        ] GC(34515) PSYoungGen: 81504K(83968K)->960K(83968K) Eden: 80896K(80896K)->0K(80896K) From: 608K(3072K)->960K(3072K)
[14953.956s][info][gc,heap        ] GC(34515) ParOldGen: 585968K(587264K)->586024K(587264K)
[14953.956s][info][gc,metaspace   ] GC(34515) Metaspace: 62430K(62720K)->62430K(62720K) NonClass: 53391K(53568K)->53391K(53568K) Class: 9039K(9152K)->9039K(9152K)
[14953.956s][info][gc             ] GC(34515) Pause Young (Allocation Failure) 651M->573M(655M) 3.271ms
[14953.956s][info][gc,cpu         ] GC(34515) User=0.00s Sys=0.00s Real=0.00s
[14954.432s][info][gc,start       ] GC(34516) Pause Young (Allocation Failure)
[14954.435s][info][gc,heap        ] GC(34516) PSYoungGen: 81856K(83968K)->592K(83968K) Eden: 80896K(80896K)->0K(80896K) From: 960K(3072K)->592K(3072K)
[14954.435s][info][gc,heap        ] GC(34516) ParOldGen: 586024K(587264K)->586072K(587264K)
[14954.435s][info][gc,metaspace   ] GC(34516) Metaspace: 62430K(62720K)->62430K(62720K) NonClass: 53391K(53568K)->53391K(53568K) Class: 9039K(9152K)->9039K(9152K)
[14954.435s][info][gc             ] GC(34516) Pause Young (Allocation Failure) 652M->572M(655M) 2.884ms
[14954.435s][info][gc,cpu         ] GC(34516) User=0.00s Sys=0.00s Real=0.00s
[14954.861s][info][gc,start       ] GC(34517) Pause Young (Allocation Failure)
[14954.864s][info][gc,heap        ] GC(34517) PSYoungGen: 81488K(83968K)->928K(84480K) Eden: 80896K(80896K)->0K(81920K) From: 592K(3072K)->928K(2560K)
[14954.864s][info][gc,heap        ] GC(34517) ParOldGen: 586072K(587264K)->586176K(587264K)
[14954.864s][info][gc,metaspace   ] GC(34517) Metaspace: 62430K(62720K)->62430K(62720K) NonClass: 53391K(53568K)->53391K(53568K) Class: 9039K(9152K)->9039K(9152K)
[14954.864s][info][gc             ] GC(34517) Pause Young (Allocation Failure) 651M->573M(656M) 3.173ms
[14954.864s][info][gc,cpu         ] GC(34517) User=0.01s Sys=0.00s Real=0.00s
[14955.287s][info][gc,start       ] GC(34518) Pause Young (Allocation Failure)
[14955.290s][info][gc,heap        ] GC(34518) PSYoungGen: 82848K(84480K)->1472K(84480K) Eden: 81920K(81920K)->0K(81920K) From: 928K(2560K)->1472K(2560K)
[14955.290s][info][gc,heap        ] GC(34518) ParOldGen: 586176K(587264K)->586232K(587264K)
[14955.290s][info][gc,metaspace   ] GC(34518) Metaspace: 62430K(62720K)->62430K(62720K) NonClass: 53391K(53568K)->53391K(53568K) Class: 9039K(9152K)->9039K(9152K)
[14955.290s][info][gc             ] GC(34518) Pause Young (Allocation Failure) 653M->573M(656M) 3.522ms
[14955.290s][info][gc,cpu         ] GC(34518) User=0.01s Sys=0.00s Real=0.00s
[14955.741s][info][gc,start       ] GC(34519) Pause Young (Allocation Failure)
[14955.744s][info][gc,heap        ] GC(34519) PSYoungGen: 83392K(84480K)->672K(84480K) Eden: 81920K(81920K)->0K(81920K) From: 1472K(2560K)->672K(2560K)
[14955.744s][info][gc,heap        ] GC(34519) ParOldGen: 586232K(587264K)->586288K(587264K)
[14955.744s][info][gc,metaspace   ] GC(34519) Metaspace: 62430K(62720K)->62430K(62720K) NonClass: 53391K(53568K)->53391K(53568K) Class: 9039K(9152K)->9039K(9152K)
[14955.744s][info][gc             ] GC(34519) Pause Young (Allocation Failure) 653M->573M(656M) 2.829ms
[14955.744s][info][gc,cpu         ] GC(34519) User=0.01s Sys=0.00s Real=0.00s
[14956.201s][info][gc,start       ] GC(34520) Pause Young (Allocation Failure)
[14956.205s][info][gc,heap        ] GC(34520) PSYoungGen: 82592K(84480K)->1408K(84480K) Eden: 81920K(81920K)->0K(81920K) From: 672K(2560K)->1408K(2560K)
[14956.205s][info][gc,heap        ] GC(34520) ParOldGen: 586288K(587264K)->586344K(587264K)
[14956.205s][info][gc,metaspace   ] GC(34520) Metaspace: 62430K(62720K)->62430K(62720K) NonClass: 53391K(53568K)->53391K(53568K) Class: 9039K(9152K)->9039K(9152K)
[14956.205s][info][gc             ] GC(34520) Pause Young (Allocation Failure) 653M->573M(656M) 4.096ms
[14956.205s][info][gc,cpu         ] GC(34520) User=0.01s Sys=0.00s Real=0.00s
[14956.674s][info][gc,start       ] GC(34521) Pause Young (Allocation Failure)
[14956.677s][info][gc,heap        ] GC(34521) PSYoungGen: 83328K(84480K)->1152K(84480K) Eden: 81920K(81920K)->0K(81920K) From: 1408K(2560K)->1152K(2560K)
[14956.677s][info][gc,heap        ] GC(34521) ParOldGen: 586344K(587264K)->586392K(587264K)
[14956.677s][info][gc,metaspace   ] GC(34521) Metaspace: 62430K(62720K)->62430K(62720K) NonClass: 53391K(53568K)->53391K(53568K) Class: 9039K(9152K)->9039K(9152K)
[14956.677s][info][gc             ] GC(34521) Pause Young (Allocation Failure) 653M->573M(656M) 3.296ms
[14956.677s][info][gc,cpu         ] GC(34521) User=0.00s Sys=0.00s Real=0.01s
[14957.131s][info][gc,start       ] GC(34522) Pause Young (Allocation Failure)
[14957.134s][info][gc,heap        ] GC(34522) PSYoungGen: 83072K(84480K)->1536K(84480K) Eden: 81920K(81920K)->0K(81920K) From: 1152K(2560K)->1536K(2560K)
[14957.134s][info][gc,heap        ] GC(34522) ParOldGen: 586392K(587264K)->586448K(587264K)
[14957.134s][info][gc,metaspace   ] GC(34522) Metaspace: 62430K(62720K)->62430K(62720K) NonClass: 53391K(53568K)->53391K(53568K) Class: 9039K(9152K)->9039K(9152K)
[14957.134s][info][gc             ] GC(34522) Pause Young (Allocation Failure) 653M->574M(656M) 3.526ms
[14957.134s][info][gc,cpu         ] GC(34522) User=0.00s Sys=0.00s Real=0.00s
[14957.624s][info][gc,start       ] GC(34523) Pause Young (Allocation Failure)
[14957.628s][info][gc,heap        ] GC(34523) PSYoungGen: 83456K(84480K)->384K(84480K) Eden: 81920K(81920K)->0K(81920K) From: 1536K(2560K)->384K(2560K)
[14957.628s][info][gc,heap        ] GC(34523) ParOldGen: 586448K(587264K)->588552K(588800K)
[14957.628s][info][gc,metaspace   ] GC(34523) Metaspace: 62430K(62720K)->62430K(62720K) NonClass: 53391K(53568K)->53391K(53568K) Class: 9039K(9152K)->9039K(9152K)
[14957.628s][info][gc             ] GC(34523) Pause Young (Allocation Failure) 654M->575M(657M) 3.889ms
[14957.628s][info][gc,cpu         ] GC(34523) User=0.01s Sys=0.00s Real=0.01s
[14958.101s][info][gc,start       ] GC(34524) Pause Young (Allocation Failure)
[14958.104s][info][gc,heap        ] GC(34524) PSYoungGen: 82304K(84480K)->1472K(84480K) Eden: 81920K(81920K)->0K(81920K) From: 384K(2560K)->1472K(2560K)
[14958.104s][info][gc,heap        ] GC(34524) ParOldGen: 588552K(588800K)->588600K(588800K)
[14958.104s][info][gc,metaspace   ] GC(34524) Metaspace: 62430K(62720K)->62430K(62720K) NonClass: 53391K(53568K)->53391K(53568K) Class: 9039K(9152K)->9039K(9152K)
[14958.104s][info][gc             ] GC(34524) Pause Young (Allocation Failure) 655M->576M(657M) 3.670ms
[14958.104s][info][gc,cpu         ] GC(34524) User=0.00s Sys=0.00s Real=0.00s
[14958.551s][info][gc,start       ] GC(34525) Pause Young (Allocation Failure)
[14958.554s][info][gc,heap        ] GC(34525) PSYoungGen: 83392K(84480K)->864K(84480K) Eden: 81920K(81920K)->0K(81920K) From: 1472K(2560K)->864K(2560K)
[14958.554s][info][gc,heap        ] GC(34525) ParOldGen: 588600K(588800K)->588648K(588800K)
[14958.554s][info][gc,metaspace   ] GC(34525) Metaspace: 62430K(62720K)->62430K(62720K) NonClass: 53391K(53568K)->53391K(53568K) Class: 9039K(9152K)->9039K(9152K)
[14958.554s][info][gc             ] GC(34525) Pause Young (Allocation Failure) 656M->575M(657M) 3.208ms
[14958.554s][info][gc,cpu         ] GC(34525) User=0.01s Sys=0.01s Real=0.00s
[14958.989s][info][gc,start       ] GC(34526) Pause Young (Allocation Failure)
[14958.992s][info][gc,heap        ] GC(34526) PSYoungGen: 82784K(84480K)->1408K(84480K) Eden: 81920K(81920K)->0K(81920K) From: 864K(2560K)->1408K(2560K)
[14958.992s][info][gc,heap        ] GC(34526) ParOldGen: 588648K(588800K)->588704K(588800K)
[14958.992s][info][gc,metaspace   ] GC(34526) Metaspace: 62430K(62720K)->62430K(62720K) NonClass: 53391K(53568K)->53391K(53568K) Class: 9039K(9152K)->9039K(9152K)
[14958.992s][info][gc             ] GC(34526) Pause Young (Allocation Failure) 655M->576M(657M) 3.544ms
[14958.992s][info][gc,cpu         ] GC(34526) User=0.01s Sys=0.00s Real=0.00s
[14959.449s][info][gc,start       ] GC(34527) Pause Young (Allocation Failure)
[14959.452s][info][gc,heap        ] GC(34527) PSYoungGen: 83328K(84480K)->800K(84480K) Eden: 81920K(81920K)->0K(81920K) From: 1408K(2560K)->800K(2560K)
[14959.452s][info][gc,heap        ] GC(34527) ParOldGen: 588704K(588800K)->588760K(588800K)
[14959.452s][info][gc,metaspace   ] GC(34527) Metaspace: 62430K(62720K)->62430K(62720K) NonClass: 53391K(53568K)->53391K(53568K) Class: 9039K(9152K)->9039K(9152K)
[14959.452s][info][gc             ] GC(34527) Pause Young (Allocation Failure) 656M->575M(657M) 3.081ms
[14959.452s][info][gc,cpu         ] GC(34527) User=0.01s Sys=0.00s Real=0.00s
[14959.928s][info][gc,start       ] GC(34528) Pause Young (Allocation Failure)
[14959.931s][info][gc,heap        ] GC(34528) PSYoungGen: 82720K(84480K)->480K(84480K) Eden: 81920K(81920K)->0K(81920K) From: 800K(2560K)->480K(2560K)
[14959.931s][info][gc,heap        ] GC(34528) ParOldGen: 588760K(588800K)->588808K(589312K)
[14959.931s][info][gc,metaspace   ] GC(34528) Metaspace: 62430K(62720K)->62430K(62720K) NonClass: 53391K(53568K)->53391K(53568K) Class: 9039K(9152K)->9039K(9152K)
[14959.931s][info][gc             ] GC(34528) Pause Young (Allocation Failure) 655M->575M(658M) 2.737ms
[14959.931s][info][gc,cpu         ] GC(34528) User=0.01s Sys=0.00s Real=0.00s
[14960.347s][info][gc,start       ] GC(34529) Pause Young (Allocation Failure)
[14960.350s][info][gc,heap        ] GC(34529) PSYoungGen: 82400K(84480K)->800K(84480K) Eden: 81920K(81920K)->0K(81920K) From: 480K(2560K)->800K(2560K)
[14960.350s][info][gc,heap        ] GC(34529) ParOldGen: 588808K(589312K)->588856K(589312K)
[14960.350s][info][gc,metaspace   ] GC(34529) Metaspace: 62430K(62720K)->62430K(62720K) NonClass: 53391K(53568K)->53391K(53568K) Class: 9039K(9152K)->9039K(9152K)
[14960.350s][info][gc             ] GC(34529) Pause Young (Allocation Failure) 655M->575M(658M) 3.228ms
[14960.350s][info][gc,cpu         ] GC(34529) User=0.01s Sys=0.00s Real=0.00s
[14960.799s][info][gc,start       ] GC(34530) Pause Young (Allocation Failure)
[14960.803s][info][gc,heap        ] GC(34530) PSYoungGen: 82720K(84480K)->1600K(84480K) Eden: 81920K(81920K)->0K(81920K) From: 800K(2560K)->1600K(2560K)
[14960.803s][info][gc,heap        ] GC(34530) ParOldGen: 588856K(589312K)->588912K(589312K)
[14960.803s][info][gc,metaspace   ] GC(34530) Metaspace: 62430K(62720K)->62430K(62720K) NonClass: 53391K(53568K)->53391K(53568K) Class: 9039K(9152K)->9039K(9152K)
[14960.803s][info][gc             ] GC(34530) Pause Young (Allocation Failure) 655M->576M(658M) 4.038ms
[14960.803s][info][gc,cpu         ] GC(34530) User=0.00s Sys=0.00s Real=0.00s
[14961.256s][info][gc,start       ] GC(34531) Pause Young (Allocation Failure)
[14961.260s][info][gc,heap        ] GC(34531) PSYoungGen: 83520K(84480K)->864K(84480K) Eden: 81920K(81920K)->0K(81920K) From: 1600K(2560K)->864K(2560K)
[14961.260s][info][gc,heap        ] GC(34531) ParOldGen: 588912K(589312K)->588968K(589312K)
[14961.260s][info][gc,metaspace   ] GC(34531) Metaspace: 62430K(62720K)->62430K(62720K) NonClass: 53391K(53568K)->53391K(53568K) Class: 9039K(9152K)->9039K(9152K)
[14961.260s][info][gc             ] GC(34531) Pause Young (Allocation Failure) 656M->576M(658M) 3.290ms
[14961.260s][info][gc,cpu         ] GC(34531) User=0.01s Sys=0.00s Real=0.00s
[14961.691s][info][gc,start       ] GC(34532) Pause Young (Allocation Failure)
[14961.696s][info][gc,heap        ] GC(34532) PSYoungGen: 82784K(84480K)->2528K(84480K) Eden: 81920K(81920K)->0K(81920K) From: 864K(2560K)->2528K(2560K)
[14961.696s][info][gc,heap        ] GC(34532) ParOldGen: 588968K(589312K)->589960K(590336K)
[14961.696s][info][gc,metaspace   ] GC(34532) Metaspace: 62430K(62720K)->62430K(62720K) NonClass: 53391K(53568K)->53391K(53568K) Class: 9039K(9152K)->9039K(9152K)
[14961.696s][info][gc             ] GC(34532) Pause Young (Allocation Failure) 656M->578M(659M) 4.471ms
[14961.696s][info][gc,cpu         ] GC(34532) User=0.01s Sys=0.00s Real=0.00s
[14962.188s][info][gc,start       ] GC(34533) Pause Young (Allocation Failure)
[14962.193s][info][gc,heap        ] GC(34533) PSYoungGen: 84448K(84480K)->1376K(83456K) Eden: 81920K(81920K)->0K(80896K) From: 2528K(2560K)->1376K(2560K)
[14962.193s][info][gc,heap        ] GC(34533) ParOldGen: 589960K(590336K)->592048K(593408K)
[14962.193s][info][gc,metaspace   ] GC(34533) Metaspace: 62430K(62720K)->62430K(62720K) NonClass: 53391K(53568K)->53391K(53568K) Class: 9039K(9152K)->9039K(9152K)
[14962.193s][info][gc             ] GC(34533) Pause Young (Allocation Failure) 658M->579M(661M) 4.761ms
[14962.193s][info][gc,cpu         ] GC(34533) User=0.01s Sys=0.00s Real=0.00s
[14962.636s][info][gc,start       ] GC(34534) Pause Young (Allocation Failure)
[14962.639s][info][gc,heap        ] GC(34534) PSYoungGen: 82272K(83456K)->640K(83968K) Eden: 80896K(80896K)->0K(80896K) From: 1376K(2560K)->640K(3072K)
[14962.639s][info][gc,heap        ] GC(34534) ParOldGen: 592048K(593408K)->592153K(593408K)
[14962.639s][info][gc,metaspace   ] GC(34534) Metaspace: 62430K(62720K)->62430K(62720K) NonClass: 53391K(53568K)->53391K(53568K) Class: 9039K(9152K)->9039K(9152K)
[14962.639s][info][gc             ] GC(34534) Pause Young (Allocation Failure) 658M->578M(661M) 2.945ms
[14962.639s][info][gc,cpu         ] GC(34534) User=0.00s Sys=0.00s Real=0.01s
[14963.069s][info][gc,start       ] GC(34535) Pause Young (Allocation Failure)
[14963.074s][info][gc,heap        ] GC(34535) PSYoungGen: 81536K(83968K)->1152K(83968K) Eden: 80896K(80896K)->0K(80896K) From: 640K(3072K)->1152K(3072K)
[14963.074s][info][gc,heap        ] GC(34535) ParOldGen: 592153K(593408K)->592209K(593408K)
[14963.074s][info][gc,metaspace   ] GC(34535) Metaspace: 62430K(62720K)->62430K(62720K) NonClass: 53391K(53568K)->53391K(53568K) Class: 9039K(9152K)->9039K(9152K)
[14963.074s][info][gc             ] GC(34535) Pause Young (Allocation Failure) 657M->579M(661M) 4.951ms
[14963.074s][info][gc,cpu         ] GC(34535) User=0.01s Sys=0.00s Real=0.00s
[14963.472s][info][gc,start       ] GC(34536) Pause Young (Allocation Failure)
[14963.476s][info][gc,heap        ] GC(34536) PSYoungGen: 82048K(83968K)->1344K(83968K) Eden: 80896K(80896K)->0K(80896K) From: 1152K(3072K)->1344K(3072K)
[14963.476s][info][gc,heap        ] GC(34536) ParOldGen: 592209K(593408K)->592265K(593408K)
[14963.476s][info][gc,metaspace   ] GC(34536) Metaspace: 62430K(62720K)->62430K(62720K) NonClass: 53391K(53568K)->53391K(53568K) Class: 9039K(9152K)->9039K(9152K)
[14963.476s][info][gc             ] GC(34536) Pause Young (Allocation Failure) 658M->579M(661M) 3.528ms
[14963.476s][info][gc,cpu         ] GC(34536) User=0.01s Sys=0.00s Real=0.00s
[14963.896s][info][gc,start       ] GC(34537) Pause Young (Allocation Failure)
[14963.900s][info][gc,heap        ] GC(34537) PSYoungGen: 82240K(83968K)->1472K(84480K) Eden: 80896K(80896K)->0K(81920K) From: 1344K(3072K)->1472K(2560K)
[14963.900s][info][gc,heap        ] GC(34537) ParOldGen: 592265K(593408K)->592313K(593408K)
[14963.900s][info][gc,metaspace   ] GC(34537) Metaspace: 62430K(62720K)->62430K(62720K) NonClass: 53391K(53568K)->53391K(53568K) Class: 9039K(9152K)->9039K(9152K)
[14963.900s][info][gc             ] GC(34537) Pause Young (Allocation Failure) 658M->579M(662M) 3.527ms
[14963.900s][info][gc,cpu         ] GC(34537) User=0.00s Sys=0.00s Real=0.01s
[14964.338s][info][gc,start       ] GC(34538) Pause Young (Allocation Failure)
[14964.341s][info][gc,heap        ] GC(34538) PSYoungGen: 83392K(84480K)->640K(84480K) Eden: 81920K(81920K)->0K(81920K) From: 1472K(2560K)->640K(2560K)
[14964.341s][info][gc,heap        ] GC(34538) ParOldGen: 592313K(593408K)->592369K(593408K)
[14964.341s][info][gc,metaspace   ] GC(34538) Metaspace: 62430K(62720K)->62430K(62720K) NonClass: 53391K(53568K)->53391K(53568K) Class: 9039K(9152K)->9039K(9152K)
[14964.341s][info][gc             ] GC(34538) Pause Young (Allocation Failure) 659M->579M(662M) 2.962ms
[14964.341s][info][gc,cpu         ] GC(34538) User=0.01s Sys=0.00s Real=0.00s
[14964.799s][info][gc,start       ] GC(34539) Pause Young (Allocation Failure)
[14964.803s][info][gc,heap        ] GC(34539) PSYoungGen: 82560K(84480K)->1344K(84480K) Eden: 81920K(81920K)->0K(81920K) From: 640K(2560K)->1344K(2560K)
[14964.803s][info][gc,heap        ] GC(34539) ParOldGen: 592369K(593408K)->592417K(593408K)
[14964.803s][info][gc,metaspace   ] GC(34539) Metaspace: 62430K(62720K)->62430K(62720K) NonClass: 53391K(53568K)->53391K(53568K) Class: 9039K(9152K)->9039K(9152K)
[14964.803s][info][gc             ] GC(34539) Pause Young (Allocation Failure) 659M->579M(662M) 3.656ms
[14964.803s][info][gc,cpu         ] GC(34539) User=0.00s Sys=0.00s Real=0.00s
[14965.237s][info][gc,start       ] GC(34540) Pause Young (Allocation Failure)
[14965.240s][info][gc,heap        ] GC(34540) PSYoungGen: 83264K(84480K)->640K(84480K) Eden: 81920K(81920K)->0K(81920K) From: 1344K(2560K)->640K(2560K)
[14965.240s][info][gc,heap        ] GC(34540) ParOldGen: 592417K(593408K)->592473K(593408K)
[14965.240s][info][gc,metaspace   ] GC(34540) Metaspace: 62430K(62720K)->62430K(62720K) NonClass: 53391K(53568K)->53391K(53568K) Class: 9039K(9152K)->9039K(9152K)
[14965.240s][info][gc             ] GC(34540) Pause Young (Allocation Failure) 659M->579M(662M) 2.886ms
[14965.240s][info][gc,cpu         ] GC(34540) User=0.00s Sys=0.00s Real=0.00s
[14965.668s][info][gc,start       ] GC(34541) Pause Young (Allocation Failure)
[14965.671s][info][gc,heap        ] GC(34541) PSYoungGen: 82560K(84480K)->1120K(84480K) Eden: 81920K(81920K)->0K(81920K) From: 640K(2560K)->1120K(2560K)
[14965.671s][info][gc,heap        ] GC(34541) ParOldGen: 592473K(593408K)->592521K(593408K)
[14965.671s][info][gc,metaspace   ] GC(34541) Metaspace: 62430K(62720K)->62430K(62720K) NonClass: 53391K(53568K)->53391K(53568K) Class: 9039K(9152K)->9039K(9152K)
[14965.671s][info][gc             ] GC(34541) Pause Young (Allocation Failure) 659M->579M(662M) 3.449ms
[14965.671s][info][gc,cpu         ] GC(34541) User=0.00s Sys=0.00s Real=0.00s
[14966.071s][info][gc,start       ] GC(34542) Pause Young (Allocation Failure)
[14966.075s][info][gc,heap        ] GC(34542) PSYoungGen: 83040K(84480K)->1184K(84480K) Eden: 81920K(81920K)->0K(81920K) From: 1120K(2560K)->1184K(2560K)
[14966.075s][info][gc,heap        ] GC(34542) ParOldGen: 592521K(593408K)->592577K(593408K)
[14966.075s][info][gc,metaspace   ] GC(34542) Metaspace: 62430K(62720K)->62430K(62720K) NonClass: 53391K(53568K)->53391K(53568K) Class: 9039K(9152K)->9039K(9152K)
[14966.075s][info][gc             ] GC(34542) Pause Young (Allocation Failure) 659M->579M(662M) 3.315ms
[14966.075s][info][gc,cpu         ] GC(34542) User=0.01s Sys=0.00s Real=0.00s
[14966.479s][info][gc,start       ] GC(34543) Pause Young (Allocation Failure)
[14966.483s][info][gc,heap        ] GC(34543) PSYoungGen: 83104K(84480K)->2528K(83456K) Eden: 81920K(81920K)->0K(80896K) From: 1184K(2560K)->2528K(2560K)
[14966.483s][info][gc,heap        ] GC(34543) ParOldGen: 592577K(593408K)->593409K(593920K)
[14966.483s][info][gc,metaspace   ] GC(34543) Metaspace: 62430K(62720K)->62430K(62720K) NonClass: 53391K(53568K)->53391K(53568K) Class: 9039K(9152K)->9039K(9152K)
[14966.483s][info][gc             ] GC(34543) Pause Young (Allocation Failure) 659M->581M(661M) 4.298ms
[14966.483s][info][gc,cpu         ] GC(34543) User=0.00s Sys=0.00s Real=0.00s
[14966.918s][info][gc,start       ] GC(34544) Pause Young (Allocation Failure)
[14966.922s][info][gc,heap        ] GC(34544) PSYoungGen: 83424K(83456K)->384K(83968K) Eden: 80896K(80896K)->0K(80896K) From: 2528K(2560K)->384K(3072K)
[14966.922s][info][gc,heap        ] GC(34544) ParOldGen: 593409K(593920K)->595505K(596992K)
[14966.922s][info][gc,metaspace   ] GC(34544) Metaspace: 62430K(62720K)->62430K(62720K) NonClass: 53391K(53568K)->53391K(53568K) Class: 9039K(9152K)->9039K(9152K)
[14966.922s][info][gc             ] GC(34544) Pause Young (Allocation Failure) 660M->581M(665M) 3.866ms
[14966.922s][info][gc,cpu         ] GC(34544) User=0.00s Sys=0.00s Real=0.00s
[14967.335s][info][gc,start       ] GC(34545) Pause Young (Allocation Failure)
[14967.337s][info][gc,heap        ] GC(34545) PSYoungGen: 81280K(83968K)->640K(83968K) Eden: 80896K(80896K)->0K(80896K) From: 384K(3072K)->640K(3072K)
[14967.338s][info][gc,heap        ] GC(34545) ParOldGen: 595505K(596992K)->595561K(596992K)
[14967.338s][info][gc,metaspace   ] GC(34545) Metaspace: 62430K(62720K)->62430K(62720K) NonClass: 53391K(53568K)->53391K(53568K) Class: 9039K(9152K)->9039K(9152K)
[14967.338s][info][gc             ] GC(34545) Pause Young (Allocation Failure) 660M->582M(665M) 2.945ms
[14967.338s][info][gc,cpu         ] GC(34545) User=0.01s Sys=0.00s Real=0.01s
[14967.736s][info][gc,start       ] GC(34546) Pause Young (Allocation Failure)
[14967.739s][info][gc,heap        ] GC(34546) PSYoungGen: 81536K(83968K)->672K(83968K) Eden: 80896K(80896K)->0K(80896K) From: 640K(3072K)->672K(3072K)
[14967.739s][info][gc,heap        ] GC(34546) ParOldGen: 595561K(596992K)->595617K(596992K)
[14967.739s][info][gc,metaspace   ] GC(34546) Metaspace: 62430K(62720K)->62430K(62720K) NonClass: 53391K(53568K)->53391K(53568K) Class: 9039K(9152K)->9039K(9152K)
[14967.739s][info][gc             ] GC(34546) Pause Young (Allocation Failure) 661M->582M(665M) 3.004ms
[14967.739s][info][gc,cpu         ] GC(34546) User=0.00s Sys=0.00s Real=0.01s
[14968.195s][info][gc,start       ] GC(34547) Pause Young (Allocation Failure)
[14968.198s][info][gc,heap        ] GC(34547) PSYoungGen: 81568K(83968K)->1376K(83968K) Eden: 80896K(80896K)->0K(80896K) From: 672K(3072K)->1376K(3072K)
[14968.199s][info][gc,heap        ] GC(34547) ParOldGen: 595617K(596992K)->595665K(596992K)
[14968.199s][info][gc,metaspace   ] GC(34547) Metaspace: 62430K(62720K)->62430K(62720K) NonClass: 53391K(53568K)->53391K(53568K) Class: 9039K(9152K)->9039K(9152K)
[14968.199s][info][gc             ] GC(34547) Pause Young (Allocation Failure) 661M->583M(665M) 3.764ms
[14968.199s][info][gc,cpu         ] GC(34547) User=0.00s Sys=0.00s Real=0.01s
[14968.615s][info][gc,start       ] GC(34548) Pause Young (Allocation Failure)
[14968.617s][info][gc,heap        ] GC(34548) PSYoungGen: 82272K(83968K)->320K(83968K) Eden: 80896K(80896K)->0K(80896K) From: 1376K(3072K)->320K(3072K)
[14968.617s][info][gc,heap        ] GC(34548) ParOldGen: 595665K(596992K)->595721K(596992K)
[14968.617s][info][gc,metaspace   ] GC(34548) Metaspace: 62430K(62720K)->62430K(62720K) NonClass: 53391K(53568K)->53391K(53568K) Class: 9039K(9152K)->9039K(9152K)
[14968.617s][info][gc             ] GC(34548) Pause Young (Allocation Failure) 662M->582M(665M) 2.635ms
[14968.617s][info][gc,cpu         ] GC(34548) User=0.00s Sys=0.00s Real=0.01s
[14969.093s][info][gc,start       ] GC(34549) Pause Young (Allocation Failure)
[14969.096s][info][gc,heap        ] GC(34549) PSYoungGen: 81216K(83968K)->912K(84480K) Eden: 80896K(80896K)->0K(81408K) From: 320K(3072K)->912K(3072K)
[14969.096s][info][gc,heap        ] GC(34549) ParOldGen: 595721K(596992K)->595785K(596992K)
[14969.096s][info][gc,metaspace   ] GC(34549) Metaspace: 62430K(62720K)->62430K(62720K) NonClass: 53391K(53568K)->53391K(53568K) Class: 9039K(9152K)->9039K(9152K)
[14969.096s][info][gc             ] GC(34549) Pause Young (Allocation Failure) 661M->582M(665M) 3.056ms
[14969.096s][info][gc,cpu         ] GC(34549) User=0.00s Sys=0.00s Real=0.00s
[14969.517s][info][gc,start       ] GC(34550) Pause Young (Allocation Failure)
[14969.520s][info][gc,heap        ] GC(34550) PSYoungGen: 82320K(84480K)->320K(83968K) Eden: 81408K(81408K)->0K(81408K) From: 912K(3072K)->320K(2560K)
[14969.520s][info][gc,heap        ] GC(34550) ParOldGen: 595785K(596992K)->595889K(596992K)
[14969.520s][info][gc,metaspace   ] GC(34550) Metaspace: 62430K(62720K)->62430K(62720K) NonClass: 53391K(53568K)->53391K(53568K) Class: 9039K(9152K)->9039K(9152K)
[14969.520s][info][gc             ] GC(34550) Pause Young (Allocation Failure) 662M->582M(665M) 2.680ms
[14969.520s][info][gc,cpu         ] GC(34550) User=0.00s Sys=0.00s Real=0.00s
[14969.938s][info][gc,start       ] GC(34551) Pause Young (Allocation Failure)
[14969.941s][info][gc,heap        ] GC(34551) PSYoungGen: 81728K(83968K)->640K(84480K) Eden: 81408K(81408K)->0K(81920K) From: 320K(2560K)->640K(2560K)
[14969.941s][info][gc,heap        ] GC(34551) ParOldGen: 595889K(596992K)->595937K(596992K)
[14969.941s][info][gc,metaspace   ] GC(34551) Metaspace: 62430K(62720K)->62430K(62720K) NonClass: 53391K(53568K)->53391K(53568K) Class: 9039K(9152K)->9039K(9152K)
[14969.941s][info][gc             ] GC(34551) Pause Young (Allocation Failure) 661M->582M(665M) 2.908ms
[14969.941s][info][gc,cpu         ] GC(34551) User=0.01s Sys=0.00s Real=0.00s
[14970.345s][info][gc,start       ] GC(34552) Pause Young (Allocation Failure)
[14970.348s][info][gc,heap        ] GC(34552) PSYoungGen: 82560K(84480K)->800K(84480K) Eden: 81920K(81920K)->0K(81920K) From: 640K(2560K)->800K(2560K)
[14970.348s][info][gc,heap        ] GC(34552) ParOldGen: 595937K(596992K)->595993K(596992K)
[14970.348s][info][gc,metaspace   ] GC(34552) Metaspace: 62430K(62720K)->62430K(62720K) NonClass: 53391K(53568K)->53391K(53568K) Class: 9039K(9152K)->9039K(9152K)
[14970.348s][info][gc             ] GC(34552) Pause Young (Allocation Failure) 662M->582M(665M) 3.123ms
[14970.348s][info][gc,cpu         ] GC(34552) User=0.01s Sys=0.00s Real=0.01s
[14970.758s][info][gc,start       ] GC(34553) Pause Young (Allocation Failure)
[14970.762s][info][gc,heap        ] GC(34553) PSYoungGen: 82720K(84480K)->2528K(82432K) Eden: 81920K(81920K)->0K(79872K) From: 800K(2560K)->2528K(2560K)
[14970.762s][info][gc,heap        ] GC(34553) ParOldGen: 595993K(596992K)->597417K(598528K)
[14970.762s][info][gc,metaspace   ] GC(34553) Metaspace: 62430K(62720K)->62430K(62720K) NonClass: 53391K(53568K)->53391K(53568K) Class: 9039K(9152K)->9039K(9152K)
[14970.762s][info][gc             ] GC(34553) Pause Young (Allocation Failure) 662M->585M(665M) 4.104ms
[14970.762s][info][gc,cpu         ] GC(34553) User=0.01s Sys=0.00s Real=0.00s
[14971.195s][info][gc,start       ] GC(34554) Pause Young (Allocation Failure)
[14971.200s][info][gc,heap        ] GC(34554) PSYoungGen: 82400K(82432K)->1536K(83456K) Eden: 79872K(79872K)->0K(79872K) From: 2528K(2560K)->1536K(3584K)
[14971.200s][info][gc,heap        ] GC(34554) ParOldGen: 597417K(598528K)->599513K(600064K)
[14971.200s][info][gc,metaspace   ] GC(34554) Metaspace: 62430K(62720K)->62430K(62720K) NonClass: 53391K(53568K)->53391K(53568K) Class: 9039K(9152K)->9039K(9152K)
[14971.200s][info][gc             ] GC(34554) Pause Young (Allocation Failure) 663M->586M(667M) 4.907ms
[14971.200s][info][gc,cpu         ] GC(34554) User=0.01s Sys=0.01s Real=0.01s
[14971.624s][info][gc,start       ] GC(34555) Pause Young (Allocation Failure)
[14971.626s][info][gc,heap        ] GC(34555) PSYoungGen: 81408K(83456K)->448K(83456K) Eden: 79872K(79872K)->0K(79872K) From: 1536K(3584K)->448K(3584K)
[14971.626s][info][gc,heap        ] GC(34555) ParOldGen: 599513K(600064K)->599561K(600064K)
[14971.626s][info][gc,metaspace   ] GC(34555) Metaspace: 62430K(62720K)->62430K(62720K) NonClass: 53391K(53568K)->53391K(53568K) Class: 9039K(9152K)->9039K(9152K)
[14971.626s][info][gc             ] GC(34555) Pause Young (Allocation Failure) 664M->585M(667M) 2.857ms
[14971.626s][info][gc,cpu         ] GC(34555) User=0.01s Sys=0.00s Real=0.01s
[14972.048s][info][gc,start       ] GC(34556) Pause Young (Allocation Failure)
[14972.051s][info][gc,heap        ] GC(34556) PSYoungGen: 80320K(83456K)->832K(83456K) Eden: 79872K(79872K)->0K(79872K) From: 448K(3584K)->832K(3584K)
[14972.051s][info][gc,heap        ] GC(34556) ParOldGen: 599561K(600064K)->599617K(600064K)
[14972.051s][info][gc,metaspace   ] GC(34556) Metaspace: 62430K(62720K)->62430K(62720K) NonClass: 53391K(53568K)->53391K(53568K) Class: 9039K(9152K)->9039K(9152K)
[14972.051s][info][gc             ] GC(34556) Pause Young (Allocation Failure) 663M->586M(667M) 3.314ms
[14972.052s][info][gc,cpu         ] GC(34556) User=0.01s Sys=0.00s Real=0.00s
[14972.469s][info][gc,start       ] GC(34557) Pause Young (Allocation Failure)
[14972.472s][info][gc,heap        ] GC(34557) PSYoungGen: 80704K(83456K)->1088K(83968K) Eden: 79872K(79872K)->0K(80896K) From: 832K(3584K)->1088K(3072K)
[14972.472s][info][gc,heap        ] GC(34557) ParOldGen: 599617K(600064K)->599673K(600064K)
[14972.472s][info][gc,metaspace   ] GC(34557) Metaspace: 62430K(62720K)->62430K(62720K) NonClass: 53391K(53568K)->53391K(53568K) Class: 9039K(9152K)->9039K(9152K)
[14972.472s][info][gc             ] GC(34557) Pause Young (Allocation Failure) 664M->586M(668M) 3.295ms
[14972.472s][info][gc,cpu         ] GC(34557) User=0.01s Sys=0.00s Real=0.00s
[14972.884s][info][gc,start       ] GC(34558) Pause Young (Allocation Failure)
[14972.888s][info][gc,heap        ] GC(34558) PSYoungGen: 81984K(83968K)->1440K(83968K) Eden: 80896K(80896K)->0K(80896K) From: 1088K(3072K)->1440K(3072K)
[14972.888s][info][gc,heap        ] GC(34558) ParOldGen: 599673K(600064K)->599729K(600064K)
[14972.888s][info][gc,metaspace   ] GC(34558) Metaspace: 62430K(62720K)->62430K(62720K) NonClass: 53391K(53568K)->53391K(53568K) Class: 9039K(9152K)->9039K(9152K)
[14972.888s][info][gc             ] GC(34558) Pause Young (Allocation Failure) 665M->587M(668M) 3.855ms
[14972.888s][info][gc,cpu         ] GC(34558) User=0.01s Sys=0.00s Real=0.01s
[14973.327s][info][gc,start       ] GC(34559) Pause Young (Allocation Failure)
[14973.330s][info][gc,heap        ] GC(34559) PSYoungGen: 82336K(83968K)->480K(83968K) Eden: 80896K(80896K)->0K(80896K) From: 1440K(3072K)->480K(3072K)
[14973.330s][info][gc,heap        ] GC(34559) ParOldGen: 599729K(600064K)->599785K(600064K)
[14973.330s][info][gc,metaspace   ] GC(34559) Metaspace: 62430K(62720K)->62430K(62720K) NonClass: 53391K(53568K)->53391K(53568K) Class: 9039K(9152K)->9039K(9152K)
[14973.330s][info][gc             ] GC(34559) Pause Young (Allocation Failure) 666M->586M(668M) 2.805ms
[14973.330s][info][gc,cpu         ] GC(34559) User=0.01s Sys=0.00s Real=0.00s
[14973.775s][info][gc,start       ] GC(34560) Pause Young (Allocation Failure)
[14973.778s][info][gc,heap        ] GC(34560) PSYoungGen: 81376K(83968K)->1248K(83968K) Eden: 80896K(80896K)->0K(80896K) From: 480K(3072K)->1248K(3072K)
[14973.778s][info][gc,heap        ] GC(34560) ParOldGen: 599785K(600064K)->599833K(600064K)
[14973.778s][info][gc,metaspace   ] GC(34560) Metaspace: 62430K(62720K)->62430K(62720K) NonClass: 53391K(53568K)->53391K(53568K) Class: 9039K(9152K)->9039K(9152K)
[14973.778s][info][gc             ] GC(34560) Pause Young (Allocation Failure) 665M->586M(668M) 3.587ms
[14973.778s][info][gc,cpu         ] GC(34560) User=0.01s Sys=0.00s Real=0.01s
[14974.178s][info][gc,start       ] GC(34561) Pause Young (Allocation Failure)
[14974.181s][info][gc,heap        ] GC(34561) PSYoungGen: 82144K(83968K)->1280K(84480K) Eden: 80896K(80896K)->0K(81408K) From: 1248K(3072K)->1280K(3072K)
[14974.181s][info][gc,heap        ] GC(34561) ParOldGen: 599833K(600064K)->599881K(600064K)
[14974.181s][info][gc,metaspace   ] GC(34561) Metaspace: 62430K(62720K)->62430K(62720K) NonClass: 53391K(53568K)->53391K(53568K) Class: 9039K(9152K)->9039K(9152K)
[14974.181s][info][gc             ] GC(34561) Pause Young (Allocation Failure) 665M->587M(668M) 3.519ms
[14974.181s][info][gc,cpu         ] GC(34561) User=0.01s Sys=0.00s Real=0.00s
[14974.585s][info][gc,start       ] GC(34562) Pause Young (Allocation Failure)
[14974.588s][info][gc,heap        ] GC(34562) PSYoungGen: 82688K(84480K)->1472K(83968K) Eden: 81408K(81408K)->0K(81408K) From: 1280K(3072K)->1472K(2560K)
[14974.588s][info][gc,heap        ] GC(34562) ParOldGen: 599881K(600064K)->599937K(600064K)
[14974.588s][info][gc,metaspace   ] GC(34562) Metaspace: 62430K(62720K)->62430K(62720K) NonClass: 53391K(53568K)->53391K(53568K) Class: 9039K(9152K)->9039K(9152K)
[14974.588s][info][gc             ] GC(34562) Pause Young (Allocation Failure) 666M->587M(668M) 3.707ms
[14974.588s][info][gc,cpu         ] GC(34562) User=0.01s Sys=0.00s Real=0.01s
[14974.997s][info][gc,start       ] GC(34563) Pause Young (Allocation Failure)
[14975.001s][info][gc,heap        ] GC(34563) PSYoungGen: 82880K(83968K)->1440K(84480K) Eden: 81408K(81408K)->0K(81920K) From: 1472K(2560K)->1440K(2560K)
[14975.001s][info][gc,heap        ] GC(34563) ParOldGen: 599937K(600064K)->599985K(600064K)
[14975.001s][info][gc,metaspace   ] GC(34563) Metaspace: 62430K(62720K)->62430K(62720K) NonClass: 53391K(53568K)->53391K(53568K) Class: 9039K(9152K)->9039K(9152K)
[14975.001s][info][gc             ] GC(34563) Pause Young (Allocation Failure) 666M->587M(668M) 3.659ms
[14975.001s][info][gc,cpu         ] GC(34563) User=0.01s Sys=0.00s Real=0.00s
[14975.464s][info][gc,start       ] GC(34564) Pause Young (Allocation Failure)
[14975.468s][info][gc,heap        ] GC(34564) PSYoungGen: 83360K(84480K)->1056K(84480K) Eden: 81920K(81920K)->0K(81920K) From: 1440K(2560K)->1056K(2560K)
[14975.468s][info][gc,heap        ] GC(34564) ParOldGen: 599985K(600064K)->600041K(600064K)
[14975.468s][info][gc,metaspace   ] GC(34564) Metaspace: 62430K(62720K)->62430K(62720K) NonClass: 53391K(53568K)->53391K(53568K) Class: 9039K(9152K)->9039K(9152K)
[14975.468s][info][gc             ] GC(34564) Pause Young (Allocation Failure) 667M->587M(668M) 3.258ms
[14975.468s][info][gc,cpu         ] GC(34564) User=0.00s Sys=0.00s Real=0.01s
[14975.902s][info][gc,start       ] GC(34565) Pause Young (Allocation Failure)
[14975.905s][info][gc,heap        ] GC(34565) PSYoungGen: 82976K(84480K)->1568K(84480K) Eden: 81920K(81920K)->0K(81920K) From: 1056K(2560K)->1568K(2560K)
[14975.905s][info][gc,heap        ] GC(34565) ParOldGen: 600041K(600064K)->600089K(600576K)
[14975.905s][info][gc,metaspace   ] GC(34565) Metaspace: 62430K(62720K)->62430K(62720K) NonClass: 53391K(53568K)->53391K(53568K) Class: 9039K(9152K)->9039K(9152K)
[14975.905s][info][gc             ] GC(34565) Pause Young (Allocation Failure) 667M->587M(669M) 3.883ms
[14975.905s][info][gc,cpu         ] GC(34565) User=0.00s Sys=0.00s Real=0.00s
[14976.397s][info][gc,start       ] GC(34566) Pause Young (Allocation Failure)
[14976.400s][info][gc,heap        ] GC(34566) PSYoungGen: 83488K(84480K)->816K(84480K) Eden: 81920K(81920K)->0K(81920K) From: 1568K(2560K)->816K(2560K)
[14976.400s][info][gc,heap        ] GC(34566) ParOldGen: 600089K(600576K)->600145K(600576K)
[14976.400s][info][gc,metaspace   ] GC(34566) Metaspace: 62430K(62720K)->62430K(62720K) NonClass: 53391K(53568K)->53391K(53568K) Class: 9039K(9152K)->9039K(9152K)
[14976.400s][info][gc             ] GC(34566) Pause Young (Allocation Failure) 667M->586M(669M) 3.205ms
[14976.400s][info][gc,cpu         ] GC(34566) User=0.01s Sys=0.00s Real=0.00s
[14976.865s][info][gc,start       ] GC(34567) Pause Young (Allocation Failure)
[14976.868s][info][gc,heap        ] GC(34567) PSYoungGen: 82736K(84480K)->1024K(84480K) Eden: 81920K(81920K)->0K(81920K) From: 816K(2560K)->1024K(2560K)
[14976.868s][info][gc,heap        ] GC(34567) ParOldGen: 600145K(600576K)->600249K(600576K)
[14976.868s][info][gc,metaspace   ] GC(34567) Metaspace: 62430K(62720K)->62430K(62720K) NonClass: 53391K(53568K)->53391K(53568K) Class: 9039K(9152K)->9039K(9152K)
[14976.868s][info][gc             ] GC(34567) Pause Young (Allocation Failure) 666M->587M(669M) 3.427ms
[14976.868s][info][gc,cpu         ] GC(34567) User=0.00s Sys=0.00s Real=0.01s
[14977.333s][info][gc,start       ] GC(34568) Pause Young (Allocation Failure)
[14977.336s][info][gc,heap        ] GC(34568) PSYoungGen: 82944K(84480K)->576K(84480K) Eden: 81920K(81920K)->0K(81920K) From: 1024K(2560K)->576K(2560K)
[14977.336s][info][gc,heap        ] GC(34568) ParOldGen: 600249K(600576K)->600305K(600576K)
[14977.336s][info][gc,metaspace   ] GC(34568) Metaspace: 62430K(62720K)->62430K(62720K) NonClass: 53391K(53568K)->53391K(53568K) Class: 9039K(9152K)->9039K(9152K)
[14977.336s][info][gc             ] GC(34568) Pause Young (Allocation Failure) 667M->586M(669M) 2.905ms
[14977.336s][info][gc,cpu         ] GC(34568) User=0.00s Sys=0.00s Real=0.00s
[14977.763s][info][gc,start       ] GC(34569) Pause Young (Allocation Failure)
[14977.766s][info][gc,heap        ] GC(34569) PSYoungGen: 82496K(84480K)->1056K(84480K) Eden: 81920K(81920K)->0K(81920K) From: 576K(2560K)->1056K(2560K)
[14977.766s][info][gc,heap        ] GC(34569) ParOldGen: 600305K(600576K)->600361K(600576K)
[14977.766s][info][gc,metaspace   ] GC(34569) Metaspace: 62430K(62720K)->62430K(62720K) NonClass: 53391K(53568K)->53391K(53568K) Class: 9039K(9152K)->9039K(9152K)
[14977.766s][info][gc             ] GC(34569) Pause Young (Allocation Failure) 666M->587M(669M) 3.325ms
[14977.766s][info][gc,cpu         ] GC(34569) User=0.01s Sys=0.00s Real=0.00s
[14978.201s][info][gc,start       ] GC(34570) Pause Young (Allocation Failure)
[14978.205s][info][gc,heap        ] GC(34570) PSYoungGen: 82976K(84480K)->1664K(84480K) Eden: 81920K(81920K)->0K(81920K) From: 1056K(2560K)->1664K(2560K)
[14978.205s][info][gc,heap        ] GC(34570) ParOldGen: 600361K(600576K)->600409K(600576K)
[14978.205s][info][gc,metaspace   ] GC(34570) Metaspace: 62430K(62720K)->62430K(62720K) NonClass: 53391K(53568K)->53391K(53568K) Class: 9039K(9152K)->9039K(9152K)
[14978.205s][info][gc             ] GC(34570) Pause Young (Allocation Failure) 667M->587M(669M) 3.981ms
[14978.205s][info][gc,cpu         ] GC(34570) User=0.01s Sys=0.00s Real=0.00s
[14978.618s][info][gc,start       ] GC(34571) Pause Young (Allocation Failure)
[14978.621s][info][gc,heap        ] GC(34571) PSYoungGen: 83584K(84480K)->384K(84480K) Eden: 81920K(81920K)->0K(81920K) From: 1664K(2560K)->384K(2560K)
[14978.621s][info][gc,heap        ] GC(34571) ParOldGen: 600409K(600576K)->600465K(600576K)
[14978.621s][info][gc,metaspace   ] GC(34571) Metaspace: 62430K(62720K)->62430K(62720K) NonClass: 53391K(53568K)->53391K(53568K) Class: 9039K(9152K)->9039K(9152K)
[14978.621s][info][gc             ] GC(34571) Pause Young (Allocation Failure) 667M->586M(669M) 2.714ms
[14978.621s][info][gc,cpu         ] GC(34571) User=0.01s Sys=0.00s Real=0.00s
[14979.044s][info][gc,start       ] GC(34572) Pause Young (Allocation Failure)
[14979.047s][info][gc,heap        ] GC(34572) PSYoungGen: 82304K(84480K)->736K(84480K) Eden: 81920K(81920K)->0K(81920K) From: 384K(2560K)->736K(2560K)
[14979.047s][info][gc,heap        ] GC(34572) ParOldGen: 600465K(600576K)->600521K(600576K)
[14979.047s][info][gc,metaspace   ] GC(34572) Metaspace: 62430K(62720K)->62430K(62720K) NonClass: 53391K(53568K)->53391K(53568K) Class: 9039K(9152K)->9039K(9152K)
[14979.047s][info][gc             ] GC(34572) Pause Young (Allocation Failure) 666M->587M(669M) 2.937ms
[14979.047s][info][gc,cpu         ] GC(34572) User=0.01s Sys=0.00s Real=0.01s
[14979.459s][info][gc,start       ] GC(34573) Pause Young (Allocation Failure)
[14979.463s][info][gc,heap        ] GC(34573) PSYoungGen: 82656K(84480K)->1024K(84480K) Eden: 81920K(81920K)->0K(81920K) From: 736K(2560K)->1024K(2560K)
[14979.463s][info][gc,heap        ] GC(34573) ParOldGen: 600521K(600576K)->600577K(601088K)
[14979.463s][info][gc,metaspace   ] GC(34573) Metaspace: 62430K(62720K)->62430K(62720K) NonClass: 53391K(53568K)->53391K(53568K) Class: 9039K(9152K)->9039K(9152K)
[14979.463s][info][gc             ] GC(34573) Pause Young (Allocation Failure) 667M->587M(669M) 3.303ms
[14979.463s][info][gc,cpu         ] GC(34573) User=0.01s Sys=0.00s Real=0.00s
[14979.910s][info][gc,start       ] GC(34574) Pause Young (Allocation Failure)
[14979.912s][info][gc,heap        ] GC(34574) PSYoungGen: 82944K(84480K)->224K(84480K) Eden: 81920K(81920K)->0K(81920K) From: 1024K(2560K)->224K(2560K)
[14979.912s][info][gc,heap        ] GC(34574) ParOldGen: 600577K(601088K)->600625K(601088K)
[14979.912s][info][gc,metaspace   ] GC(34574) Metaspace: 62430K(62720K)->62430K(62720K) NonClass: 53391K(53568K)->53391K(53568K) Class: 9039K(9152K)->9039K(9152K)
[14979.912s][info][gc             ] GC(34574) Pause Young (Allocation Failure) 667M->586M(669M) 2.447ms
[14979.912s][info][gc,cpu         ] GC(34574) User=0.00s Sys=0.00s Real=0.00s
[14980.316s][info][gc,start       ] GC(34575) Pause Young (Allocation Failure)
[14980.319s][info][gc,heap        ] GC(34575) PSYoungGen: 82144K(84480K)->2368K(84480K) Eden: 81920K(81920K)->0K(81920K) From: 224K(2560K)->2368K(2560K)
[14980.319s][info][gc,heap        ] GC(34575) ParOldGen: 600625K(601088K)->600681K(601088K)
[14980.319s][info][gc,metaspace   ] GC(34575) Metaspace: 62430K(62720K)->62430K(62720K) NonClass: 53391K(53568K)->53391K(53568K) Class: 9039K(9152K)->9039K(9152K)
[14980.319s][info][gc             ] GC(34575) Pause Young (Allocation Failure) 666M->588M(669M) 2.918ms
[14980.319s][info][gc,cpu         ] GC(34575) User=0.01s Sys=0.00s Real=0.00s
[14980.739s][info][gc,start       ] GC(34576) Pause Young (Allocation Failure)
[14980.743s][info][gc,heap        ] GC(34576) PSYoungGen: 84288K(84480K)->672K(84480K) Eden: 81920K(81920K)->0K(81920K) From: 2368K(2560K)->672K(2560K)
[14980.743s][info][gc,heap        ] GC(34576) ParOldGen: 600681K(601088K)->602785K(604160K)
[14980.743s][info][gc,metaspace   ] GC(34576) Metaspace: 62430K(62720K)->62430K(62720K) NonClass: 53391K(53568K)->53391K(53568K) Class: 9039K(9152K)->9039K(9152K)
[14980.743s][info][gc             ] GC(34576) Pause Young (Allocation Failure) 668M->589M(672M) 4.042ms
[14980.743s][info][gc,cpu         ] GC(34576) User=0.00s Sys=0.00s Real=0.00s
[14981.195s][info][gc,start       ] GC(34577) Pause Young (Allocation Failure)
[14981.198s][info][gc,heap        ] GC(34577) PSYoungGen: 82592K(84480K)->1504K(84480K) Eden: 81920K(81920K)->0K(81920K) From: 672K(2560K)->1504K(2560K)
[14981.198s][info][gc,heap        ] GC(34577) ParOldGen: 602785K(604160K)->602833K(604160K)
[14981.198s][info][gc,metaspace   ] GC(34577) Metaspace: 62430K(62720K)->62430K(62720K) NonClass: 53391K(53568K)->53391K(53568K) Class: 9039K(9152K)->9039K(9152K)
[14981.198s][info][gc             ] GC(34577) Pause Young (Allocation Failure) 669M->590M(672M) 3.677ms
[14981.198s][info][gc,cpu         ] GC(34577) User=0.01s Sys=0.00s Real=0.01s
[14981.641s][info][gc,start       ] GC(34578) Pause Young (Allocation Failure)
[14981.644s][info][gc,heap        ] GC(34578) PSYoungGen: 83424K(84480K)->768K(84480K) Eden: 81920K(81920K)->0K(81920K) From: 1504K(2560K)->768K(2560K)
[14981.645s][info][gc,heap        ] GC(34578) ParOldGen: 602833K(604160K)->602881K(604160K)
[14981.645s][info][gc,metaspace   ] GC(34578) Metaspace: 62430K(62720K)->62430K(62720K) NonClass: 53391K(53568K)->53391K(53568K) Class: 9039K(9152K)->9039K(9152K)
[14981.645s][info][gc             ] GC(34578) Pause Young (Allocation Failure) 670M->589M(672M) 3.129ms
[14981.645s][info][gc,cpu         ] GC(34578) User=0.00s Sys=0.00s Real=0.00s
[14982.109s][info][gc,start       ] GC(34579) Pause Young (Allocation Failure)
[14982.111s][info][gc,heap        ] GC(34579) PSYoungGen: 82688K(84480K)->192K(84480K) Eden: 81920K(81920K)->0K(81920K) From: 768K(2560K)->192K(2560K)
[14982.111s][info][gc,heap        ] GC(34579) ParOldGen: 602881K(604160K)->602937K(604160K)
[14982.111s][info][gc,metaspace   ] GC(34579) Metaspace: 62430K(62720K)->62430K(62720K) NonClass: 53391K(53568K)->53391K(53568K) Class: 9039K(9152K)->9039K(9152K)
[14982.111s][info][gc             ] GC(34579) Pause Young (Allocation Failure) 669M->588M(672M) 2.526ms
[14982.111s][info][gc,cpu         ] GC(34579) User=0.01s Sys=0.00s Real=0.00s
[14982.550s][info][gc,start       ] GC(34580) Pause Young (Allocation Failure)
[14982.553s][info][gc,heap        ] GC(34580) PSYoungGen: 82112K(84480K)->800K(84480K) Eden: 81920K(81920K)->0K(81920K) From: 192K(2560K)->800K(2560K)
[14982.553s][info][gc,heap        ] GC(34580) ParOldGen: 602937K(604160K)->602993K(604160K)
[14982.553s][info][gc,metaspace   ] GC(34580) Metaspace: 62430K(62720K)->62430K(62720K) NonClass: 53391K(53568K)->53391K(53568K) Class: 9039K(9152K)->9039K(9152K)
[14982.553s][info][gc             ] GC(34580) Pause Young (Allocation Failure) 668M->589M(672M) 3.118ms
[14982.553s][info][gc,cpu         ] GC(34580) User=0.00s Sys=0.00s Real=0.00s
[14983.011s][info][gc,start       ] GC(34581) Pause Young (Allocation Failure)
[14983.014s][info][gc,heap        ] GC(34581) PSYoungGen: 82720K(84480K)->256K(84480K) Eden: 81920K(81920K)->0K(81920K) From: 800K(2560K)->256K(2560K)
[14983.014s][info][gc,heap        ] GC(34581) ParOldGen: 602993K(604160K)->603041K(604160K)
[14983.014s][info][gc,metaspace   ] GC(34581) Metaspace: 62430K(62720K)->62430K(62720K) NonClass: 53391K(53568K)->53391K(53568K) Class: 9039K(9152K)->9039K(9152K)
[14983.014s][info][gc             ] GC(34581) Pause Young (Allocation Failure) 669M->589M(672M) 2.660ms
[14983.014s][info][gc,cpu         ] GC(34581) User=0.01s Sys=0.00s Real=0.00s
[14983.451s][info][gc,start       ] GC(34582) Pause Young (Allocation Failure)
[14983.454s][info][gc,heap        ] GC(34582) PSYoungGen: 82176K(84480K)->832K(84480K) Eden: 81920K(81920K)->0K(81920K) From: 256K(2560K)->832K(2560K)
[14983.454s][info][gc,heap        ] GC(34582) ParOldGen: 603041K(604160K)->603097K(604160K)
[14983.454s][info][gc,metaspace   ] GC(34582) Metaspace: 62430K(62720K)->62430K(62720K) NonClass: 53391K(53568K)->53391K(53568K) Class: 9039K(9152K)->9039K(9152K)
[14983.454s][info][gc             ] GC(34582) Pause Young (Allocation Failure) 669M->589M(672M) 3.038ms
[14983.454s][info][gc,cpu         ] GC(34582) User=0.01s Sys=0.00s Real=0.00s
[14983.939s][info][gc,start       ] GC(34583) Pause Young (Allocation Failure)
[14983.942s][info][gc,heap        ] GC(34583) PSYoungGen: 82752K(84480K)->656K(84480K) Eden: 81920K(81920K)->0K(81920K) From: 832K(2560K)->656K(2560K)
[14983.942s][info][gc,heap        ] GC(34583) ParOldGen: 603097K(604160K)->603153K(604160K)
[14983.942s][info][gc,metaspace   ] GC(34583) Metaspace: 62430K(62720K)->62430K(62720K) NonClass: 53391K(53568K)->53391K(53568K) Class: 9039K(9152K)->9039K(9152K)
[14983.942s][info][gc             ] GC(34583) Pause Young (Allocation Failure) 669M->589M(672M) 2.933ms
[14983.942s][info][gc,cpu         ] GC(34583) User=0.01s Sys=0.00s Real=0.00s
[14984.378s][info][gc,start       ] GC(34584) Pause Young (Allocation Failure)
[14984.382s][info][gc,heap        ] GC(34584) PSYoungGen: 82576K(84480K)->1312K(84480K) Eden: 81920K(81920K)->0K(81920K) From: 656K(2560K)->1312K(2560K)
[14984.382s][info][gc,heap        ] GC(34584) ParOldGen: 603153K(604160K)->603257K(604160K)
[14984.382s][info][gc,metaspace   ] GC(34584) Metaspace: 62430K(62720K)->62430K(62720K) NonClass: 53391K(53568K)->53391K(53568K) Class: 9039K(9152K)->9039K(9152K)
[14984.382s][info][gc             ] GC(34584) Pause Young (Allocation Failure) 669M->590M(672M) 3.666ms
[14984.382s][info][gc,cpu         ] GC(34584) User=0.01s Sys=0.00s Real=0.00s
[14984.802s][info][gc,start       ] GC(34585) Pause Young (Allocation Failure)
[14984.807s][info][gc,heap        ] GC(34585) PSYoungGen: 83232K(84480K)->2528K(83456K) Eden: 81920K(81920K)->0K(80896K) From: 1312K(2560K)->2528K(2560K)
[14984.807s][info][gc,heap        ] GC(34585) ParOldGen: 603257K(604160K)->604425K(604672K)
[14984.807s][info][gc,metaspace   ] GC(34585) Metaspace: 62430K(62720K)->62430K(62720K) NonClass: 53391K(53568K)->53391K(53568K) Class: 9039K(9152K)->9039K(9152K)
[14984.807s][info][gc             ] GC(34585) Pause Young (Allocation Failure) 670M->592M(672M) 4.803ms
[14984.807s][info][gc,cpu         ] GC(34585) User=0.01s Sys=0.00s Real=0.01s
[14985.238s][info][gc,start       ] GC(34586) Pause Young (Allocation Failure)
[14985.242s][info][gc,heap        ] GC(34586) PSYoungGen: 83424K(83456K)->608K(83968K) Eden: 80896K(80896K)->0K(80896K) From: 2528K(2560K)->608K(3072K)
[14985.242s][info][gc,heap        ] GC(34586) ParOldGen: 604425K(604672K)->606521K(607744K)
[14985.242s][info][gc,metaspace   ] GC(34586) Metaspace: 62430K(62720K)->62430K(62720K) NonClass: 53391K(53568K)->53391K(53568K) Class: 9039K(9152K)->9039K(9152K)
[14985.242s][info][gc             ] GC(34586) Pause Young (Allocation Failure) 671M->592M(675M) 4.072ms
[14985.242s][info][gc,cpu         ] GC(34586) User=0.00s Sys=0.00s Real=0.00s
[14985.641s][info][gc,start       ] GC(34587) Pause Young (Allocation Failure)
[14985.644s][info][gc,heap        ] GC(34587) PSYoungGen: 81504K(83968K)->736K(83968K) Eden: 80896K(80896K)->0K(80896K) From: 608K(3072K)->736K(3072K)
[14985.645s][info][gc,heap        ] GC(34587) ParOldGen: 606521K(607744K)->606577K(607744K)
[14985.645s][info][gc,metaspace   ] GC(34587) Metaspace: 62430K(62720K)->62430K(62720K) NonClass: 53391K(53568K)->53391K(53568K) Class: 9039K(9152K)->9039K(9152K)
[14985.645s][info][gc             ] GC(34587) Pause Young (Allocation Failure) 671M->593M(675M) 3.099ms
[14985.645s][info][gc,cpu         ] GC(34587) User=0.01s Sys=0.00s Real=0.00s
[14986.038s][info][gc,start       ] GC(34588) Pause Young (Allocation Failure)
[14986.041s][info][gc,heap        ] GC(34588) PSYoungGen: 81632K(83968K)->704K(83968K) Eden: 80896K(80896K)->0K(80896K) From: 736K(3072K)->704K(3072K)
[14986.041s][info][gc,heap        ] GC(34588) ParOldGen: 606577K(607744K)->606633K(607744K)
[14986.041s][info][gc,metaspace   ] GC(34588) Metaspace: 62430K(62720K)->62430K(62720K) NonClass: 53391K(53568K)->53391K(53568K) Class: 9039K(9152K)->9039K(9152K)
[14986.041s][info][gc             ] GC(34588) Pause Young (Allocation Failure) 672M->593M(675M) 2.957ms
[14986.041s][info][gc,cpu         ] GC(34588) User=0.01s Sys=0.00s Real=0.00s
[14986.470s][info][gc,start       ] GC(34589) Pause Young (Allocation Failure)
[14986.473s][info][gc,heap        ] GC(34589) PSYoungGen: 81600K(83968K)->1120K(83968K) Eden: 80896K(80896K)->0K(80896K) From: 704K(3072K)->1120K(3072K)
[14986.473s][info][gc,heap        ] GC(34589) ParOldGen: 606633K(607744K)->606681K(607744K)
[14986.473s][info][gc,metaspace   ] GC(34589) Metaspace: 62430K(62720K)->62430K(62720K) NonClass: 53391K(53568K)->53391K(53568K) Class: 9039K(9152K)->9039K(9152K)
[14986.473s][info][gc             ] GC(34589) Pause Young (Allocation Failure) 672M->593M(675M) 3.553ms
[14986.473s][info][gc,cpu         ] GC(34589) User=0.01s Sys=0.00s Real=0.00s
[14986.902s][info][gc,start       ] GC(34590) Pause Young (Allocation Failure)
[14986.906s][info][gc,heap        ] GC(34590) PSYoungGen: 82016K(83968K)->1600K(83968K) Eden: 80896K(80896K)->0K(80896K) From: 1120K(3072K)->1600K(3072K)
[14986.906s][info][gc,heap        ] GC(34590) ParOldGen: 606681K(607744K)->606729K(607744K)
[14986.906s][info][gc,metaspace   ] GC(34590) Metaspace: 62430K(62720K)->62430K(62720K) NonClass: 53391K(53568K)->53391K(53568K) Class: 9039K(9152K)->9039K(9152K)
[14986.906s][info][gc             ] GC(34590) Pause Young (Allocation Failure) 672M->594M(675M) 3.888ms
[14986.906s][info][gc,cpu         ] GC(34590) User=0.00s Sys=0.00s Real=0.00s
[14987.300s][info][gc,start       ] GC(34591) Pause Young (Allocation Failure)
[14987.304s][info][gc,heap        ] GC(34591) PSYoungGen: 82496K(83968K)->1568K(83968K) Eden: 80896K(80896K)->0K(80896K) From: 1600K(3072K)->1568K(3072K)
[14987.304s][info][gc,heap        ] GC(34591) ParOldGen: 606729K(607744K)->606785K(607744K)
[14987.304s][info][gc,metaspace   ] GC(34591) Metaspace: 62430K(62720K)->62430K(62720K) NonClass: 53391K(53568K)->53391K(53568K) Class: 9039K(9152K)->9039K(9152K)
[14987.304s][info][gc             ] GC(34591) Pause Young (Allocation Failure) 673M->594M(675M) 3.731ms
[14987.304s][info][gc,cpu         ] GC(34591) User=0.00s Sys=0.01s Real=0.00s
[14987.725s][info][gc,start       ] GC(34592) Pause Young (Allocation Failure)
[14987.728s][info][gc,heap        ] GC(34592) PSYoungGen: 82464K(83968K)->448K(83968K) Eden: 80896K(80896K)->0K(80896K) From: 1568K(3072K)->448K(3072K)
[14987.728s][info][gc,heap        ] GC(34592) ParOldGen: 606785K(607744K)->606841K(607744K)
[14987.728s][info][gc,metaspace   ] GC(34592) Metaspace: 62430K(62720K)->62430K(62720K) NonClass: 53391K(53568K)->53391K(53568K) Class: 9039K(9152K)->9039K(9152K)
[14987.728s][info][gc             ] GC(34592) Pause Young (Allocation Failure) 673M->593M(675M) 2.785ms
[14987.728s][info][gc,cpu         ] GC(34592) User=0.00s Sys=0.00s Real=0.01s
[14988.163s][info][gc,start       ] GC(34593) Pause Young (Allocation Failure)
[14988.166s][info][gc,heap        ] GC(34593) PSYoungGen: 81344K(83968K)->960K(84480K) Eden: 80896K(80896K)->0K(81408K) From: 448K(3072K)->960K(3072K)
[14988.166s][info][gc,heap        ] GC(34593) ParOldGen: 606841K(607744K)->606897K(607744K)
[14988.166s][info][gc,metaspace   ] GC(34593) Metaspace: 62430K(62720K)->62430K(62720K) NonClass: 53391K(53568K)->53391K(53568K) Class: 9039K(9152K)->9039K(9152K)
[14988.166s][info][gc             ] GC(34593) Pause Young (Allocation Failure) 672M->593M(676M) 3.333ms
[14988.166s][info][gc,cpu         ] GC(34593) User=0.01s Sys=0.00s Real=0.01s
[14988.628s][info][gc,start       ] GC(34594) Pause Young (Allocation Failure)
[14988.630s][info][gc,heap        ] GC(34594) PSYoungGen: 82368K(84480K)->480K(83968K) Eden: 81408K(81408K)->0K(81408K) From: 960K(3072K)->480K(2560K)
[14988.630s][info][gc,heap        ] GC(34594) ParOldGen: 606897K(607744K)->606945K(607744K)
[14988.630s][info][gc,metaspace   ] GC(34594) Metaspace: 62430K(62720K)->62430K(62720K) NonClass: 53391K(53568K)->53391K(53568K) Class: 9039K(9152K)->9039K(9152K)
[14988.631s][info][gc             ] GC(34594) Pause Young (Allocation Failure) 673M->593M(675M) 2.889ms
[14988.631s][info][gc,cpu         ] GC(34594) User=0.00s Sys=0.00s Real=0.00s
[14989.062s][info][gc,start       ] GC(34595) Pause Young (Allocation Failure)
[14989.066s][info][gc,heap        ] GC(34595) PSYoungGen: 81888K(83968K)->992K(84480K) Eden: 81408K(81408K)->0K(81920K) From: 480K(2560K)->992K(2560K)
[14989.066s][info][gc,heap        ] GC(34595) ParOldGen: 606945K(607744K)->607001K(607744K)
[14989.066s][info][gc,metaspace   ] GC(34595) Metaspace: 62430K(62720K)->62430K(62720K) NonClass: 53391K(53568K)->53391K(53568K) Class: 9039K(9152K)->9039K(9152K)
[14989.066s][info][gc             ] GC(34595) Pause Young (Allocation Failure) 672M->593M(676M) 4.599ms
[14989.066s][info][gc,cpu         ] GC(34595) User=0.01s Sys=0.00s Real=0.01s
[14989.516s][info][gc,start       ] GC(34596) Pause Young (Allocation Failure)
[14989.519s][info][gc,heap        ] GC(34596) PSYoungGen: 82912K(84480K)->2400K(84480K) Eden: 81920K(81920K)->0K(81920K) From: 992K(2560K)->2400K(2560K)
[14989.519s][info][gc,heap        ] GC(34596) ParOldGen: 607001K(607744K)->607057K(607744K)
[14989.519s][info][gc,metaspace   ] GC(34596) Metaspace: 62430K(62720K)->62430K(62720K) NonClass: 53391K(53568K)->53391K(53568K) Class: 9039K(9152K)->9039K(9152K)
[14989.519s][info][gc             ] GC(34596) Pause Young (Allocation Failure) 673M->595M(676M) 3.021ms
[14989.519s][info][gc,cpu         ] GC(34596) User=0.00s Sys=0.00s Real=0.00s
[14989.999s][info][gc,start       ] GC(34597) Pause Young (Allocation Failure)
[14990.003s][info][gc,heap        ] GC(34597) PSYoungGen: 84320K(84480K)->1440K(83456K) Eden: 81920K(81920K)->0K(80896K) From: 2400K(2560K)->1440K(2560K)
[14990.003s][info][gc,heap        ] GC(34597) ParOldGen: 607057K(607744K)->609153K(609280K)
[14990.003s][info][gc,metaspace   ] GC(34597) Metaspace: 62430K(62720K)->62430K(62720K) NonClass: 53391K(53568K)->53391K(53568K) Class: 9039K(9152K)->9039K(9152K)
[14990.004s][info][gc             ] GC(34597) Pause Young (Allocation Failure) 675M->596M(676M) 4.956ms
[14990.004s][info][gc,cpu         ] GC(34597) User=0.00s Sys=0.00s Real=0.00s
[14990.442s][info][gc,start       ] GC(34598) Pause Young (Allocation Failure)
[14990.445s][info][gc,heap        ] GC(34598) PSYoungGen: 82336K(83456K)->640K(83968K) Eden: 80896K(80896K)->0K(80896K) From: 1440K(2560K)->640K(3072K)
[14990.445s][info][gc,heap        ] GC(34598) ParOldGen: 609153K(609280K)->609201K(609280K)
[14990.445s][info][gc,metaspace   ] GC(34598) Metaspace: 62430K(62720K)->62430K(62720K) NonClass: 53391K(53568K)->53391K(53568K) Class: 9039K(9152K)->9039K(9152K)
[14990.445s][info][gc             ] GC(34598) Pause Young (Allocation Failure) 675M->595M(677M) 2.991ms
[14990.445s][info][gc,cpu         ] GC(34598) User=0.00s Sys=0.00s Real=0.00s
[14990.919s][info][gc,start       ] GC(34599) Pause Young (Allocation Failure)
[14990.922s][info][gc,heap        ] GC(34599) PSYoungGen: 81536K(83968K)->352K(83968K) Eden: 80896K(80896K)->0K(80896K) From: 640K(3072K)->352K(3072K)
[14990.922s][info][gc,heap        ] GC(34599) ParOldGen: 609201K(609280K)->609257K(609280K)
[14990.922s][info][gc,metaspace   ] GC(34599) Metaspace: 62430K(62720K)->62430K(62720K) NonClass: 53391K(53568K)->53391K(53568K) Class: 9039K(9152K)->9039K(9152K)
[14990.922s][info][gc             ] GC(34599) Pause Young (Allocation Failure) 674M->595M(677M) 2.623ms
[14990.922s][info][gc,cpu         ] GC(34599) User=0.00s Sys=0.00s Real=0.00s
[14991.433s][info][gc,start       ] GC(34600) Pause Young (Allocation Failure)
[14991.436s][info][gc,heap        ] GC(34600) PSYoungGen: 81248K(83968K)->576K(83968K) Eden: 80896K(80896K)->0K(80896K) From: 352K(3072K)->576K(3072K)
[14991.436s][info][gc,heap        ] GC(34600) ParOldGen: 609257K(609280K)->609313K(609792K)
[14991.436s][info][gc,metaspace   ] GC(34600) Metaspace: 62430K(62720K)->62430K(62720K) NonClass: 53391K(53568K)->53391K(53568K) Class: 9039K(9152K)->9039K(9152K)
[14991.436s][info][gc             ] GC(34600) Pause Young (Allocation Failure) 674M->595M(677M) 3.067ms
[14991.437s][info][gc,cpu         ] GC(34600) User=0.01s Sys=0.00s Real=0.01s
[14991.871s][info][gc,start       ] GC(34601) Pause Young (Allocation Failure)
[14991.874s][info][gc,heap        ] GC(34601) PSYoungGen: 81472K(83968K)->1152K(84480K) Eden: 80896K(80896K)->0K(81920K) From: 576K(3072K)->1152K(2560K)
[14991.874s][info][gc,heap        ] GC(34601) ParOldGen: 609313K(609792K)->609417K(609792K)
[14991.874s][info][gc,metaspace   ] GC(34601) Metaspace: 62430K(62720K)->62430K(62720K) NonClass: 53391K(53568K)->53391K(53568K) Class: 9039K(9152K)->9039K(9152K)
[14991.874s][info][gc             ] GC(34601) Pause Young (Allocation Failure) 674M->596M(678M) 3.468ms
[14991.874s][info][gc,cpu         ] GC(34601) User=0.01s Sys=0.00s Real=0.00s
[14992.307s][info][gc,start       ] GC(34602) Pause Young (Allocation Failure)
[14992.310s][info][gc,heap        ] GC(34602) PSYoungGen: 83072K(84480K)->192K(84480K) Eden: 81920K(81920K)->0K(81920K) From: 1152K(2560K)->192K(2560K)
[14992.310s][info][gc,heap        ] GC(34602) ParOldGen: 609417K(609792K)->609465K(609792K)
[14992.310s][info][gc,metaspace   ] GC(34602) Metaspace: 62430K(62720K)->62430K(62720K) NonClass: 53391K(53568K)->53391K(53568K) Class: 9039K(9152K)->9039K(9152K)
[14992.310s][info][gc             ] GC(34602) Pause Young (Allocation Failure) 676M->595M(678M) 2.671ms
[14992.310s][info][gc,cpu         ] GC(34602) User=0.01s Sys=0.00s Real=0.00s
[14992.709s][info][gc,start       ] GC(34603) Pause Young (Allocation Failure)
[14992.712s][info][gc,heap        ] GC(34603) PSYoungGen: 82112K(84480K)->224K(84480K) Eden: 81920K(81920K)->0K(81920K) From: 192K(2560K)->224K(2560K)
[14992.712s][info][gc,heap        ] GC(34603) ParOldGen: 609465K(609792K)->609513K(609792K)
[14992.712s][info][gc,metaspace   ] GC(34603) Metaspace: 62430K(62720K)->62430K(62720K) NonClass: 53391K(53568K)->53391K(53568K) Class: 9039K(9152K)->9039K(9152K)
[14992.712s][info][gc             ] GC(34603) Pause Young (Allocation Failure) 675M->595M(678M) 2.696ms
[14992.712s][info][gc,cpu         ] GC(34603) User=0.00s Sys=0.00s Real=0.00s
[14993.155s][info][gc,start       ] GC(34604) Pause Young (Allocation Failure)
[14993.158s][info][gc,heap        ] GC(34604) PSYoungGen: 82144K(84480K)->800K(84480K) Eden: 81920K(81920K)->0K(81920K) From: 224K(2560K)->800K(2560K)
[14993.158s][info][gc,heap        ] GC(34604) ParOldGen: 609513K(609792K)->609561K(609792K)
[14993.158s][info][gc,metaspace   ] GC(34604) Metaspace: 62430K(62720K)->62430K(62720K) NonClass: 53391K(53568K)->53391K(53568K) Class: 9039K(9152K)->9039K(9152K)
[14993.158s][info][gc             ] GC(34604) Pause Young (Allocation Failure) 675M->596M(678M) 3.157ms
[14993.158s][info][gc,cpu         ] GC(34604) User=0.01s Sys=0.00s Real=0.01s
[14993.665s][info][gc,start       ] GC(34605) Pause Young (Allocation Failure)
[14993.668s][info][gc,heap        ] GC(34605) PSYoungGen: 82720K(84480K)->960K(84480K) Eden: 81920K(81920K)->0K(81920K) From: 800K(2560K)->960K(2560K)
[14993.668s][info][gc,heap        ] GC(34605) ParOldGen: 609561K(609792K)->609617K(609792K)
[14993.668s][info][gc,metaspace   ] GC(34605) Metaspace: 62430K(62720K)->62430K(62720K) NonClass: 53391K(53568K)->53391K(53568K) Class: 9039K(9152K)->9039K(9152K)
[14993.668s][info][gc             ] GC(34605) Pause Young (Allocation Failure) 676M->596M(678M) 3.362ms
[14993.668s][info][gc,cpu         ] GC(34605) User=0.01s Sys=0.00s Real=0.01s
[14994.108s][info][gc,start       ] GC(34606) Pause Young (Allocation Failure)
[14994.111s][info][gc,heap        ] GC(34606) PSYoungGen: 82880K(84480K)->2240K(84480K) Eden: 81920K(81920K)->0K(81920K) From: 960K(2560K)->2240K(2560K)
[14994.111s][info][gc,heap        ] GC(34606) ParOldGen: 609617K(609792K)->609673K(609792K)
[14994.111s][info][gc,metaspace   ] GC(34606) Metaspace: 62430K(62720K)->62430K(62720K) NonClass: 53391K(53568K)->53391K(53568K) Class: 9039K(9152K)->9039K(9152K)
[14994.111s][info][gc             ] GC(34606) Pause Young (Allocation Failure) 676M->597M(678M) 2.781ms
[14994.111s][info][gc,cpu         ] GC(34606) User=0.01s Sys=0.00s Real=0.00s
[14994.600s][info][gc,start       ] GC(34607) Pause Young (Allocation Failure)
[14994.605s][info][gc,heap        ] GC(34607) PSYoungGen: 84160K(84480K)->1408K(84480K) Eden: 81920K(81920K)->0K(81920K) From: 2240K(2560K)->1408K(2560K)
[14994.605s][info][gc,heap        ] GC(34607) ParOldGen: 609673K(609792K)->611777K(612864K)
[14994.605s][info][gc,metaspace   ] GC(34607) Metaspace: 62430K(62720K)->62430K(62720K) NonClass: 53391K(53568K)->53391K(53568K) Class: 9039K(9152K)->9039K(9152K)
[14994.605s][info][gc             ] GC(34607) Pause Young (Allocation Failure) 677M->598M(681M) 4.979ms
[14994.605s][info][gc,cpu         ] GC(34607) User=0.01s Sys=0.00s Real=0.00s
[14995.096s][info][gc,start       ] GC(34608) Pause Young (Allocation Failure)
[14995.099s][info][gc,heap        ] GC(34608) PSYoungGen: 83328K(84480K)->1344K(84480K) Eden: 81920K(81920K)->0K(81920K) From: 1408K(2560K)->1344K(2560K)
[14995.099s][info][gc,heap        ] GC(34608) ParOldGen: 611777K(612864K)->611825K(612864K)
[14995.099s][info][gc,metaspace   ] GC(34608) Metaspace: 62430K(62720K)->62430K(62720K) NonClass: 53391K(53568K)->53391K(53568K) Class: 9039K(9152K)->9039K(9152K)
[14995.099s][info][gc             ] GC(34608) Pause Young (Allocation Failure) 678M->598M(681M) 3.643ms
[14995.099s][info][gc,cpu         ] GC(34608) User=0.01s Sys=0.00s Real=0.01s
[14995.588s][info][gc,start       ] GC(34609) Pause Young (Allocation Failure)
[14995.592s][info][gc,heap        ] GC(34609) PSYoungGen: 83264K(84480K)->1312K(84480K) Eden: 81920K(81920K)->0K(81920K) From: 1344K(2560K)->1312K(2560K)
[14995.592s][info][gc,heap        ] GC(34609) ParOldGen: 611825K(612864K)->611881K(612864K)
[14995.592s][info][gc,metaspace   ] GC(34609) Metaspace: 62430K(62720K)->62430K(62720K) NonClass: 53391K(53568K)->53391K(53568K) Class: 9039K(9152K)->9039K(9152K)
[14995.592s][info][gc             ] GC(34609) Pause Young (Allocation Failure) 678M->598M(681M) 3.500ms
[14995.592s][info][gc,cpu         ] GC(34609) User=0.01s Sys=0.00s Real=0.00s
[14996.041s][info][gc,start       ] GC(34610) Pause Young (Allocation Failure)
[14996.044s][info][gc,heap        ] GC(34610) PSYoungGen: 83232K(84480K)->672K(84480K) Eden: 81920K(81920K)->0K(81920K) From: 1312K(2560K)->672K(2560K)
[14996.044s][info][gc,heap        ] GC(34610) ParOldGen: 611881K(612864K)->611929K(612864K)
[14996.044s][info][gc,metaspace   ] GC(34610) Metaspace: 62430K(62720K)->62430K(62720K) NonClass: 53391K(53568K)->53391K(53568K) Class: 9039K(9152K)->9039K(9152K)
[14996.044s][info][gc             ] GC(34610) Pause Young (Allocation Failure) 678M->598M(681M) 3.187ms
[14996.044s][info][gc,cpu         ] GC(34610) User=0.00s Sys=0.00s Real=0.00s
[14996.521s][info][gc,start       ] GC(34611) Pause Young (Allocation Failure)
[14996.524s][info][gc,heap        ] GC(34611) PSYoungGen: 82592K(84480K)->384K(84480K) Eden: 81920K(81920K)->0K(81920K) From: 672K(2560K)->384K(2560K)
[14996.524s][info][gc,heap        ] GC(34611) ParOldGen: 611929K(612864K)->611985K(612864K)
[14996.524s][info][gc,metaspace   ] GC(34611) Metaspace: 62430K(62720K)->62430K(62720K) NonClass: 53391K(53568K)->53391K(53568K) Class: 9039K(9152K)->9039K(9152K)
[14996.524s][info][gc             ] GC(34611) Pause Young (Allocation Failure) 678M->598M(681M) 2.864ms
[14996.524s][info][gc,cpu         ] GC(34611) User=0.00s Sys=0.01s Real=0.00s
[14997.000s][info][gc,start       ] GC(34612) Pause Young (Allocation Failure)
[14997.004s][info][gc,heap        ] GC(34612) PSYoungGen: 82304K(84480K)->1472K(84480K) Eden: 81920K(81920K)->0K(81920K) From: 384K(2560K)->1472K(2560K)
[14997.004s][info][gc,heap        ] GC(34612) ParOldGen: 611985K(612864K)->612033K(612864K)
[14997.004s][info][gc,metaspace   ] GC(34612) Metaspace: 62430K(62720K)->62430K(62720K) NonClass: 53391K(53568K)->53391K(53568K) Class: 9039K(9152K)->9039K(9152K)
[14997.004s][info][gc             ] GC(34612) Pause Young (Allocation Failure) 678M->599M(681M) 3.631ms
[14997.004s][info][gc,cpu         ] GC(34612) User=0.01s Sys=0.00s Real=0.00s
[14997.489s][info][gc,start       ] GC(34613) Pause Young (Allocation Failure)
[14997.493s][info][gc,heap        ] GC(34613) PSYoungGen: 83392K(84480K)->1248K(84480K) Eden: 81920K(81920K)->0K(81920K) From: 1472K(2560K)->1248K(2560K)
[14997.493s][info][gc,heap        ] GC(34613) ParOldGen: 612033K(612864K)->612089K(612864K)
[14997.493s][info][gc,metaspace   ] GC(34613) Metaspace: 62430K(62720K)->62430K(62720K) NonClass: 53391K(53568K)->53391K(53568K) Class: 9039K(9152K)->9039K(9152K)
[14997.493s][info][gc             ] GC(34613) Pause Young (Allocation Failure) 679M->598M(681M) 3.727ms
[14997.493s][info][gc,cpu         ] GC(34613) User=0.00s Sys=0.00s Real=0.00s
[14997.923s][info][gc,start       ] GC(34614) Pause Young (Allocation Failure)
[14997.926s][info][gc,heap        ] GC(34614) PSYoungGen: 83168K(84480K)->448K(84480K) Eden: 81920K(81920K)->0K(81920K) From: 1248K(2560K)->448K(2560K)
[14997.926s][info][gc,heap        ] GC(34614) ParOldGen: 612089K(612864K)->612145K(612864K)
[14997.926s][info][gc,metaspace   ] GC(34614) Metaspace: 62430K(62720K)->62430K(62720K) NonClass: 53391K(53568K)->53391K(53568K) Class: 9039K(9152K)->9039K(9152K)
[14997.926s][info][gc             ] GC(34614) Pause Young (Allocation Failure) 678M->598M(681M) 2.833ms
[14997.926s][info][gc,cpu         ] GC(34614) User=0.01s Sys=0.01s Real=0.00s
[14998.359s][info][gc,start       ] GC(34615) Pause Young (Allocation Failure)
[14998.362s][info][gc,heap        ] GC(34615) PSYoungGen: 82368K(84480K)->928K(84480K) Eden: 81920K(81920K)->0K(81920K) From: 448K(2560K)->928K(2560K)
[14998.362s][info][gc,heap        ] GC(34615) ParOldGen: 612145K(612864K)->612193K(612864K)
[14998.362s][info][gc,metaspace   ] GC(34615) Metaspace: 62430K(62720K)->62430K(62720K) NonClass: 53391K(53568K)->53391K(53568K) Class: 9039K(9152K)->9039K(9152K)
[14998.362s][info][gc             ] GC(34615) Pause Young (Allocation Failure) 678M->598M(681M) 3.287ms
[14998.362s][info][gc,cpu         ] GC(34615) User=0.01s Sys=0.00s Real=0.00s
[14998.790s][info][gc,start       ] GC(34616) Pause Young (Allocation Failure)
[14998.794s][info][gc,heap        ] GC(34616) PSYoungGen: 82848K(84480K)->1408K(84480K) Eden: 81920K(81920K)->0K(81920K) From: 928K(2560K)->1408K(2560K)
[14998.794s][info][gc,heap        ] GC(34616) ParOldGen: 612193K(612864K)->612249K(612864K)
[14998.794s][info][gc,metaspace   ] GC(34616) Metaspace: 62430K(62720K)->62430K(62720K) NonClass: 53391K(53568K)->53391K(53568K) Class: 9039K(9152K)->9039K(9152K)
[14998.794s][info][gc             ] GC(34616) Pause Young (Allocation Failure) 678M->599M(681M) 3.808ms
[14998.794s][info][gc,cpu         ] GC(34616) User=0.00s Sys=0.00s Real=0.00s
[14999.272s][info][gc,start       ] GC(34617) Pause Young (Allocation Failure)
[14999.276s][info][gc,heap        ] GC(34617) PSYoungGen: 83328K(84480K)->2528K(83456K) Eden: 81920K(81920K)->0K(80896K) From: 1408K(2560K)->2528K(2560K)
[14999.276s][info][gc,heap        ] GC(34617) ParOldGen: 612249K(612864K)->612929K(613376K)
[14999.276s][info][gc,metaspace   ] GC(34617) Metaspace: 62430K(62720K)->62430K(62720K) NonClass: 53391K(53568K)->53391K(53568K) Class: 9039K(9152K)->9039K(9152K)
[14999.276s][info][gc             ] GC(34617) Pause Young (Allocation Failure) 679M->601M(680M) 4.198ms
[14999.276s][info][gc,cpu         ] GC(34617) User=0.01s Sys=0.00s Real=0.00s
[14999.701s][info][gc,start       ] GC(34618) Pause Young (Allocation Failure)
[14999.706s][info][gc,heap        ] GC(34618) PSYoungGen: 83424K(83456K)->1632K(83968K) Eden: 80896K(80896K)->0K(80896K) From: 2528K(2560K)->1632K(3072K)
[14999.706s][info][gc,heap        ] GC(34618) ParOldGen: 612929K(613376K)->615025K(616448K)
[14999.706s][info][gc,metaspace   ] GC(34618) Metaspace: 62430K(62720K)->62430K(62720K) NonClass: 53391K(53568K)->53391K(53568K) Class: 9039K(9152K)->9039K(9152K)
[14999.706s][info][gc             ] GC(34618) Pause Young (Allocation Failure) 680M->602M(684M) 5.022ms
[14999.706s][info][gc,cpu         ] GC(34618) User=0.01s Sys=0.00s Real=0.00s
[15000.161s][info][gc,start       ] GC(34619) Pause Young (Allocation Failure)
[15000.164s][info][gc,heap        ] GC(34619) PSYoungGen: 82527K(83968K)->896K(83968K) Eden: 80895K(80896K)->0K(80896K) From: 1632K(3072K)->896K(3072K)
[15000.164s][info][gc,heap        ] GC(34619) ParOldGen: 615025K(616448K)->615081K(616448K)
[15000.164s][info][gc,metaspace   ] GC(34619) Metaspace: 62430K(62720K)->62430K(62720K) NonClass: 53391K(53568K)->53391K(53568K) Class: 9039K(9152K)->9039K(9152K)
[15000.164s][info][gc             ] GC(34619) Pause Young (Allocation Failure) 681M->601M(684M) 3.291ms
[15000.164s][info][gc,cpu         ] GC(34619) User=0.00s Sys=0.00s Real=0.00s
[15000.628s][info][gc,start       ] GC(34620) Pause Young (Allocation Failure)
[15000.631s][info][gc,heap        ] GC(34620) PSYoungGen: 81792K(83968K)->480K(83968K) Eden: 80896K(80896K)->0K(80896K) From: 896K(3072K)->480K(3072K)
[15000.631s][info][gc,heap        ] GC(34620) ParOldGen: 615081K(616448K)->615137K(616448K)
[15000.631s][info][gc,metaspace   ] GC(34620) Metaspace: 62430K(62720K)->62430K(62720K) NonClass: 53391K(53568K)->53391K(53568K) Class: 9039K(9152K)->9039K(9152K)
[15000.631s][info][gc             ] GC(34620) Pause Young (Allocation Failure) 680M->601M(684M) 2.736ms
[15000.631s][info][gc,cpu         ] GC(34620) User=0.00s Sys=0.00s Real=0.00s
[15001.095s][info][gc,start       ] GC(34621) Pause Young (Allocation Failure)
[15001.098s][info][gc,heap        ] GC(34621) PSYoungGen: 81376K(83968K)->1472K(83968K) Eden: 80896K(80896K)->0K(80896K) From: 480K(3072K)->1472K(3072K)
[15001.098s][info][gc,heap        ] GC(34621) ParOldGen: 615137K(616448K)->615193K(616448K)
[15001.098s][info][gc,metaspace   ] GC(34621) Metaspace: 62430K(62720K)->62430K(62720K) NonClass: 53391K(53568K)->53391K(53568K) Class: 9039K(9152K)->9039K(9152K)
[15001.098s][info][gc             ] GC(34621) Pause Young (Allocation Failure) 680M->602M(684M) 3.847ms
[15001.098s][info][gc,cpu         ] GC(34621) User=0.01s Sys=0.00s Real=0.01s
[15001.520s][info][gc,start       ] GC(34622) Pause Young (Allocation Failure)
[15001.523s][info][gc,heap        ] GC(34622) PSYoungGen: 82368K(83968K)->352K(83968K) Eden: 80896K(80896K)->0K(80896K) From: 1472K(3072K)->352K(3072K)
[15001.523s][info][gc,heap        ] GC(34622) ParOldGen: 615193K(616448K)->615241K(616448K)
[15001.523s][info][gc,metaspace   ] GC(34622) Metaspace: 62430K(62720K)->62430K(62720K) NonClass: 53391K(53568K)->53391K(53568K) Class: 9039K(9152K)->9039K(9152K)
[15001.523s][info][gc             ] GC(34622) Pause Young (Allocation Failure) 681M->601M(684M) 2.830ms
[15001.523s][info][gc,cpu         ] GC(34622) User=0.01s Sys=0.00s Real=0.00s
[15002.005s][info][gc,start       ] GC(34623) Pause Young (Allocation Failure)
[15002.009s][info][gc,heap        ] GC(34623) PSYoungGen: 81248K(83968K)->1504K(83968K) Eden: 80896K(80896K)->0K(80896K) From: 352K(3072K)->1504K(3072K)
[15002.009s][info][gc,heap        ] GC(34623) ParOldGen: 615241K(616448K)->615297K(616448K)
[15002.009s][info][gc,metaspace   ] GC(34623) Metaspace: 62430K(62720K)->62430K(62720K) NonClass: 53391K(53568K)->53391K(53568K) Class: 9039K(9152K)->9039K(9152K)
[15002.009s][info][gc             ] GC(34623) Pause Young (Allocation Failure) 680M->602M(684M) 3.771ms
[15002.009s][info][gc,cpu         ] GC(34623) User=0.01s Sys=0.00s Real=0.01s
[15002.450s][info][gc,start       ] GC(34624) Pause Young (Allocation Failure)
[15002.453s][info][gc,heap        ] GC(34624) PSYoungGen: 82400K(83968K)->832K(83968K) Eden: 80896K(80896K)->0K(80896K) From: 1504K(3072K)->832K(3072K)
[15002.453s][info][gc,heap        ] GC(34624) ParOldGen: 615297K(616448K)->615345K(616448K)
[15002.453s][info][gc,metaspace   ] GC(34624) Metaspace: 62430K(62720K)->62430K(62720K) NonClass: 53391K(53568K)->53391K(53568K) Class: 9039K(9152K)->9039K(9152K)
[15002.453s][info][gc             ] GC(34624) Pause Young (Allocation Failure) 681M->601M(684M) 3.141ms
[15002.453s][info][gc,cpu         ] GC(34624) User=0.01s Sys=0.00s Real=0.00s
[15002.897s][info][gc,start       ] GC(34625) Pause Young (Allocation Failure)
[15002.901s][info][gc,heap        ] GC(34625) PSYoungGen: 81728K(83968K)->1536K(83968K) Eden: 80896K(80896K)->0K(80896K) From: 832K(3072K)->1536K(3072K)
[15002.901s][info][gc,heap        ] GC(34625) ParOldGen: 615345K(616448K)->615401K(616448K)
[15002.901s][info][gc,metaspace   ] GC(34625) Metaspace: 62430K(62720K)->62430K(62720K) NonClass: 53391K(53568K)->53391K(53568K) Class: 9039K(9152K)->9039K(9152K)
[15002.901s][info][gc             ] GC(34625) Pause Young (Allocation Failure) 680M->602M(684M) 3.925ms
[15002.901s][info][gc,cpu         ] GC(34625) User=0.01s Sys=0.00s Real=0.00s
[15003.329s][info][gc,start       ] GC(34626) Pause Young (Allocation Failure)
[15003.332s][info][gc,heap        ] GC(34626) PSYoungGen: 82432K(83968K)->544K(83968K) Eden: 80896K(80896K)->0K(80896K) From: 1536K(3072K)->544K(3072K)
[15003.332s][info][gc,heap        ] GC(34626) ParOldGen: 615401K(616448K)->615449K(616448K)
[15003.332s][info][gc,metaspace   ] GC(34626) Metaspace: 62430K(62720K)->62430K(62720K) NonClass: 53391K(53568K)->53391K(53568K) Class: 9039K(9152K)->9039K(9152K)
[15003.332s][info][gc             ] GC(34626) Pause Young (Allocation Failure) 681M->601M(684M) 2.887ms
[15003.332s][info][gc,cpu         ] GC(34626) User=0.01s Sys=0.00s Real=0.00s
[15003.753s][info][gc,start       ] GC(34627) Pause Young (Allocation Failure)
[15003.756s][info][gc,heap        ] GC(34627) PSYoungGen: 81440K(83968K)->832K(84480K) Eden: 80896K(80896K)->0K(81408K) From: 544K(3072K)->832K(3072K)
[15003.756s][info][gc,heap        ] GC(34627) ParOldGen: 615449K(616448K)->615505K(616448K)
[15003.756s][info][gc,metaspace   ] GC(34627) Metaspace: 62430K(62720K)->62430K(62720K) NonClass: 53391K(53568K)->53391K(53568K) Class: 9039K(9152K)->9039K(9152K)
[15003.756s][info][gc             ] GC(34627) Pause Young (Allocation Failure) 680M->601M(684M) 3.051ms
[15003.756s][info][gc,cpu         ] GC(34627) User=0.01s Sys=0.00s Real=0.00s
[15004.140s][info][gc,start       ] GC(34628) Pause Young (Allocation Failure)
[15004.144s][info][gc,heap        ] GC(34628) PSYoungGen: 82240K(84480K)->2528K(83968K) Eden: 81408K(81408K)->0K(81408K) From: 832K(3072K)->2528K(2560K)
[15004.144s][info][gc,heap        ] GC(34628) ParOldGen: 615505K(616448K)->616809K(617984K)
[15004.144s][info][gc,metaspace   ] GC(34628) Metaspace: 62430K(62720K)->62430K(62720K) NonClass: 53391K(53568K)->53391K(53568K) Class: 9039K(9152K)->9039K(9152K)
[15004.144s][info][gc             ] GC(34628) Pause Young (Allocation Failure) 681M->604M(685M) 4.250ms
[15004.144s][info][gc,cpu         ] GC(34628) User=0.01s Sys=0.00s Real=0.00s
[15004.614s][info][gc,start       ] GC(34629) Pause Young (Allocation Failure)
[15004.617s][info][gc,heap        ] GC(34629) PSYoungGen: 83936K(83968K)->288K(82944K) Eden: 81408K(81408K)->0K(79872K) From: 2528K(2560K)->288K(3072K)
[15004.617s][info][gc,heap        ] GC(34629) ParOldGen: 616809K(617984K)->618905K(619520K)
[15004.617s][info][gc,metaspace   ] GC(34629) Metaspace: 62430K(62720K)->62430K(62720K) NonClass: 53391K(53568K)->53391K(53568K) Class: 9039K(9152K)->9039K(9152K)
[15004.617s][info][gc             ] GC(34629) Pause Young (Allocation Failure) 684M->604M(686M) 3.792ms
[15004.617s][info][gc,cpu         ] GC(34629) User=0.01s Sys=0.00s Real=0.01s
[15005.081s][info][gc,start       ] GC(34630) Pause Young (Allocation Failure)
[15005.084s][info][gc,heap        ] GC(34630) PSYoungGen: 80160K(82944K)->1184K(83456K) Eden: 79872K(79872K)->0K(79872K) From: 288K(3072K)->1184K(3584K)
[15005.084s][info][gc,heap        ] GC(34630) ParOldGen: 618905K(619520K)->618961K(619520K)
[15005.084s][info][gc,metaspace   ] GC(34630) Metaspace: 62430K(62720K)->62430K(62720K) NonClass: 53391K(53568K)->53391K(53568K) Class: 9039K(9152K)->9039K(9152K)
[15005.084s][info][gc             ] GC(34630) Pause Young (Allocation Failure) 682M->605M(686M) 3.529ms
[15005.084s][info][gc,cpu         ] GC(34630) User=0.00s Sys=0.00s Real=0.00s
[15005.551s][info][gc,start       ] GC(34631) Pause Young (Allocation Failure)
[15005.554s][info][gc,heap        ] GC(34631) PSYoungGen: 81056K(83456K)->768K(83968K) Eden: 79872K(79872K)->0K(80384K) From: 1184K(3584K)->768K(3584K)
[15005.554s][info][gc,heap        ] GC(34631) ParOldGen: 618961K(619520K)->619017K(619520K)
[15005.554s][info][gc,metaspace   ] GC(34631) Metaspace: 62430K(62720K)->62430K(62720K) NonClass: 53391K(53568K)->53391K(53568K) Class: 9039K(9152K)->9039K(9152K)
[15005.554s][info][gc             ] GC(34631) Pause Young (Allocation Failure) 683M->605M(687M) 3.180ms
[15005.554s][info][gc,cpu         ] GC(34631) User=0.01s Sys=0.00s Real=0.00s
[15006.012s][info][gc,start       ] GC(34632) Pause Young (Allocation Failure)
[15006.014s][info][gc,heap        ] GC(34632) PSYoungGen: 81152K(83968K)->256K(83456K) Eden: 80384K(80384K)->0K(80384K) From: 768K(3584K)->256K(3072K)
[15006.014s][info][gc,heap        ] GC(34632) ParOldGen: 619017K(619520K)->619073K(619520K)
[15006.014s][info][gc,metaspace   ] GC(34632) Metaspace: 62430K(62720K)->62430K(62720K) NonClass: 53391K(53568K)->53391K(53568K) Class: 9039K(9152K)->9039K(9152K)
[15006.014s][info][gc             ] GC(34632) Pause Young (Allocation Failure) 683M->604M(686M) 2.729ms
[15006.014s][info][gc,cpu         ] GC(34632) User=0.01s Sys=0.00s Real=0.00s
[15006.452s][info][gc,start       ] GC(34633) Pause Young (Allocation Failure)
[15006.455s][info][gc,heap        ] GC(34633) PSYoungGen: 80640K(83456K)->768K(83968K) Eden: 80384K(80384K)->0K(80896K) From: 256K(3072K)->768K(3072K)
[15006.455s][info][gc,heap        ] GC(34633) ParOldGen: 619073K(619520K)->619129K(619520K)
[15006.455s][info][gc,metaspace   ] GC(34633) Metaspace: 62430K(62720K)->62430K(62720K) NonClass: 53391K(53568K)->53391K(53568K) Class: 9039K(9152K)->9039K(9152K)
[15006.455s][info][gc             ] GC(34633) Pause Young (Allocation Failure) 683M->605M(687M) 3.074ms
[15006.455s][info][gc,cpu         ] GC(34633) User=0.01s Sys=0.00s Real=0.00s
[15006.967s][info][gc,start       ] GC(34634) Pause Young (Allocation Failure)
[15006.970s][info][gc,heap        ] GC(34634) PSYoungGen: 81664K(83968K)->992K(83968K) Eden: 80896K(80896K)->0K(80896K) From: 768K(3072K)->992K(3072K)
[15006.970s][info][gc,heap        ] GC(34634) ParOldGen: 619129K(619520K)->619177K(619520K)
[15006.970s][info][gc,metaspace   ] GC(34634) Metaspace: 62430K(62720K)->62430K(62720K) NonClass: 53391K(53568K)->53391K(53568K) Class: 9039K(9152K)->9039K(9152K)
[15006.970s][info][gc             ] GC(34634) Pause Young (Allocation Failure) 684M->605M(687M) 3.377ms
[15006.970s][info][gc,cpu         ] GC(34634) User=0.01s Sys=0.00s Real=0.00s
[15007.386s][info][gc,start       ] GC(34635) Pause Young (Allocation Failure)
[15007.390s][info][gc,heap        ] GC(34635) PSYoungGen: 81888K(83968K)->1408K(83968K) Eden: 80896K(80896K)->0K(80896K) From: 992K(3072K)->1408K(3072K)
[15007.390s][info][gc,heap        ] GC(34635) ParOldGen: 619177K(619520K)->619281K(619520K)
[15007.390s][info][gc,metaspace   ] GC(34635) Metaspace: 62430K(62720K)->62430K(62720K) NonClass: 53391K(53568K)->53391K(53568K) Class: 9039K(9152K)->9039K(9152K)
[15007.390s][info][gc             ] GC(34635) Pause Young (Allocation Failure) 684M->606M(687M) 3.774ms
[15007.390s][info][gc,cpu         ] GC(34635) User=0.00s Sys=0.00s Real=0.01s
[15007.864s][info][gc,start       ] GC(34636) Pause Young (Allocation Failure)
[15007.867s][info][gc,heap        ] GC(34636) PSYoungGen: 82304K(83968K)->896K(83968K) Eden: 80896K(80896K)->0K(80896K) From: 1408K(3072K)->896K(3072K)
[15007.867s][info][gc,heap        ] GC(34636) ParOldGen: 619281K(619520K)->619337K(619520K)
[15007.867s][info][gc,metaspace   ] GC(34636) Metaspace: 62430K(62720K)->62430K(62720K) NonClass: 53391K(53568K)->53391K(53568K) Class: 9039K(9152K)->9039K(9152K)
[15007.867s][info][gc             ] GC(34636) Pause Young (Allocation Failure) 685M->605M(687M) 3.160ms
[15007.867s][info][gc,cpu         ] GC(34636) User=0.01s Sys=0.00s Real=0.01s
[15008.339s][info][gc,start       ] GC(34637) Pause Young (Allocation Failure)
[15008.342s][info][gc,heap        ] GC(34637) PSYoungGen: 81792K(83968K)->640K(84480K) Eden: 80896K(80896K)->0K(81920K) From: 896K(3072K)->640K(2560K)
[15008.342s][info][gc,heap        ] GC(34637) ParOldGen: 619337K(619520K)->619385K(619520K)
[15008.342s][info][gc,metaspace   ] GC(34637) Metaspace: 62430K(62720K)->62430K(62720K) NonClass: 53391K(53568K)->53391K(53568K) Class: 9039K(9152K)->9039K(9152K)
[15008.342s][info][gc             ] GC(34637) Pause Young (Allocation Failure) 684M->605M(687M) 2.873ms
[15008.342s][info][gc,cpu         ] GC(34637) User=0.01s Sys=0.00s Real=0.00s
[15008.814s][info][gc,start       ] GC(34638) Pause Young (Allocation Failure)
[15008.816s][info][gc,heap        ] GC(34638) PSYoungGen: 82560K(84480K)->288K(84480K) Eden: 81920K(81920K)->0K(81920K) From: 640K(2560K)->288K(2560K)
[15008.816s][info][gc,heap        ] GC(34638) ParOldGen: 619385K(619520K)->619433K(619520K)
[15008.816s][info][gc,metaspace   ] GC(34638) Metaspace: 62430K(62720K)->62430K(62720K) NonClass: 53391K(53568K)->53391K(53568K) Class: 9039K(9152K)->9039K(9152K)
[15008.816s][info][gc             ] GC(34638) Pause Young (Allocation Failure) 685M->605M(687M) 2.855ms
[15008.816s][info][gc,cpu         ] GC(34638) User=0.00s Sys=0.00s Real=0.01s
[15009.198s][info][gc,start       ] GC(34639) Pause Young (Allocation Failure)
[15009.202s][info][gc,heap        ] GC(34639) PSYoungGen: 82208K(84480K)->1728K(83456K) Eden: 81920K(81920K)->0K(80896K) From: 288K(2560K)->1728K(2560K)
[15009.202s][info][gc,heap        ] GC(34639) ParOldGen: 619433K(619520K)->619489K(619520K)
[15009.202s][info][gc,metaspace   ] GC(34639) Metaspace: 62430K(62720K)->62430K(62720K) NonClass: 53391K(53568K)->53391K(53568K) Class: 9039K(9152K)->9039K(9152K)
[15009.202s][info][gc             ] GC(34639) Pause Young (Allocation Failure) 685M->606M(686M) 4.195ms
[15009.203s][info][gc,cpu         ] GC(34639) User=0.01s Sys=0.00s Real=0.00s
[15009.638s][info][gc,start       ] GC(34640) Pause Young (Allocation Failure)
[15009.641s][info][gc,heap        ] GC(34640) PSYoungGen: 82624K(83456K)->640K(83968K) Eden: 80896K(80896K)->0K(80896K) From: 1728K(2560K)->640K(3072K)
[15009.641s][info][gc,heap        ] GC(34640) ParOldGen: 619489K(619520K)->619545K(620032K)
[15009.641s][info][gc,metaspace   ] GC(34640) Metaspace: 62430K(62720K)->62430K(62720K) NonClass: 53391K(53568K)->53391K(53568K) Class: 9039K(9152K)->9039K(9152K)
[15009.641s][info][gc             ] GC(34640) Pause Young (Allocation Failure) 685M->605M(687M) 3.030ms
[15009.641s][info][gc,cpu         ] GC(34640) User=0.01s Sys=0.00s Real=0.00s
[15010.111s][info][gc,start       ] GC(34641) Pause Young (Allocation Failure)
[15010.113s][info][gc,heap        ] GC(34641) PSYoungGen: 81536K(83968K)->256K(84480K) Eden: 80896K(80896K)->0K(81920K) From: 640K(3072K)->256K(2560K)
[15010.113s][info][gc,heap        ] GC(34641) ParOldGen: 619545K(620032K)->619601K(620032K)
[15010.113s][info][gc,metaspace   ] GC(34641) Metaspace: 62430K(62720K)->62430K(62720K) NonClass: 53391K(53568K)->53391K(53568K) Class: 9039K(9152K)->9039K(9152K)
[15010.113s][info][gc             ] GC(34641) Pause Young (Allocation Failure) 684M->605M(688M) 2.630ms
[15010.114s][info][gc,cpu         ] GC(34641) User=0.00s Sys=0.00s Real=0.00s
[15010.582s][info][gc,start       ] GC(34642) Pause Young (Allocation Failure)
[15010.586s][info][gc,heap        ] GC(34642) PSYoungGen: 82176K(84480K)->1184K(84480K) Eden: 81920K(81920K)->0K(81920K) From: 256K(2560K)->1184K(2560K)
[15010.586s][info][gc,heap        ] GC(34642) ParOldGen: 619601K(620032K)->619649K(620032K)
[15010.586s][info][gc,metaspace   ] GC(34642) Metaspace: 62430K(62720K)->62430K(62720K) NonClass: 53391K(53568K)->53391K(53568K) Class: 9039K(9152K)->9039K(9152K)
[15010.586s][info][gc             ] GC(34642) Pause Young (Allocation Failure) 685M->606M(688M) 3.777ms
[15010.586s][info][gc,cpu         ] GC(34642) User=0.00s Sys=0.00s Real=0.00s
[15011.074s][info][gc,start       ] GC(34643) Pause Young (Allocation Failure)
[15011.077s][info][gc,heap        ] GC(34643) PSYoungGen: 83104K(84480K)->1120K(84480K) Eden: 81920K(81920K)->0K(81920K) From: 1184K(2560K)->1120K(2560K)
[15011.077s][info][gc,heap        ] GC(34643) ParOldGen: 619649K(620032K)->619705K(620032K)
[15011.077s][info][gc,metaspace   ] GC(34643) Metaspace: 62430K(62720K)->62430K(62720K) NonClass: 53391K(53568K)->53391K(53568K) Class: 9039K(9152K)->9039K(9152K)
[15011.077s][info][gc             ] GC(34643) Pause Young (Allocation Failure) 686M->606M(688M) 3.410ms
[15011.077s][info][gc,cpu         ] GC(34643) User=0.01s Sys=0.00s Real=0.01s
[15011.519s][info][gc,start       ] GC(34644) Pause Young (Allocation Failure)
[15011.522s][info][gc,heap        ] GC(34644) PSYoungGen: 83040K(84480K)->384K(84480K) Eden: 81920K(81920K)->0K(81920K) From: 1120K(2560K)->384K(2560K)
[15011.522s][info][gc,heap        ] GC(34644) ParOldGen: 619705K(620032K)->619761K(620032K)
[15011.522s][info][gc,metaspace   ] GC(34644) Metaspace: 62430K(62720K)->62430K(62720K) NonClass: 53391K(53568K)->53391K(53568K) Class: 9039K(9152K)->9039K(9152K)
[15011.522s][info][gc             ] GC(34644) Pause Young (Allocation Failure) 686M->605M(688M) 2.748ms
[15011.522s][info][gc,cpu         ] GC(34644) User=0.01s Sys=0.00s Real=0.00s
[15011.976s][info][gc,start       ] GC(34645) Pause Young (Allocation Failure)
[15011.979s][info][gc,heap        ] GC(34645) PSYoungGen: 82304K(84480K)->1184K(84480K) Eden: 81920K(81920K)->0K(81920K) From: 384K(2560K)->1184K(2560K)
[15011.980s][info][gc,heap        ] GC(34645) ParOldGen: 619761K(620032K)->619817K(620032K)
[15011.980s][info][gc,metaspace   ] GC(34645) Metaspace: 62430K(62720K)->62430K(62720K) NonClass: 53391K(53568K)->53391K(53568K) Class: 9039K(9152K)->9039K(9152K)
[15011.980s][info][gc             ] GC(34645) Pause Young (Allocation Failure) 685M->606M(688M) 3.597ms
[15011.980s][info][gc,cpu         ] GC(34645) User=0.01s Sys=0.00s Real=0.01s
[15012.413s][info][gc,start       ] GC(34646) Pause Young (Allocation Failure)
[15012.415s][info][gc,heap        ] GC(34646) PSYoungGen: 83104K(84480K)->256K(84480K) Eden: 81920K(81920K)->0K(81920K) From: 1184K(2560K)->256K(2560K)
[15012.415s][info][gc,heap        ] GC(34646) ParOldGen: 619817K(620032K)->619865K(620032K)
[15012.415s][info][gc,metaspace   ] GC(34646) Metaspace: 62430K(62720K)->62430K(62720K) NonClass: 53391K(53568K)->53391K(53568K) Class: 9039K(9152K)->9039K(9152K)
[15012.415s][info][gc             ] GC(34646) Pause Young (Allocation Failure) 686M->605M(688M) 2.616ms
[15012.415s][info][gc,cpu         ] GC(34646) User=0.00s Sys=0.00s Real=0.00s
[15012.853s][info][gc,start       ] GC(34647) Pause Young (Allocation Failure)
[15012.856s][info][gc,heap        ] GC(34647) PSYoungGen: 82176K(84480K)->864K(84480K) Eden: 81920K(81920K)->0K(81920K) From: 256K(2560K)->864K(2560K)
[15012.856s][info][gc,heap        ] GC(34647) ParOldGen: 619865K(620032K)->619921K(620032K)
[15012.856s][info][gc,metaspace   ] GC(34647) Metaspace: 62430K(62720K)->62430K(62720K) NonClass: 53391K(53568K)->53391K(53568K) Class: 9039K(9152K)->9039K(9152K)
[15012.856s][info][gc             ] GC(34647) Pause Young (Allocation Failure) 685M->606M(688M) 3.101ms
[15012.856s][info][gc,cpu         ] GC(34647) User=0.01s Sys=0.00s Real=0.00s
[15013.280s][info][gc,start       ] GC(34648) Pause Young (Allocation Failure)
[15013.284s][info][gc,heap        ] GC(34648) PSYoungGen: 82784K(84480K)->1248K(84480K) Eden: 81920K(81920K)->0K(81920K) From: 864K(2560K)->1248K(2560K)
[15013.284s][info][gc,heap        ] GC(34648) ParOldGen: 619921K(620032K)->619977K(620032K)
[15013.284s][info][gc,metaspace   ] GC(34648) Metaspace: 62430K(62720K)->62430K(62720K) NonClass: 53391K(53568K)->53391K(53568K) Class: 9039K(9152K)->9039K(9152K)
[15013.284s][info][gc             ] GC(34648) Pause Young (Allocation Failure) 686M->606M(688M) 3.756ms
[15013.284s][info][gc,cpu         ] GC(34648) User=0.01s Sys=0.00s Real=0.00s
[15013.714s][info][gc,start       ] GC(34649) Pause Young (Allocation Failure)
[15013.717s][info][gc,heap        ] GC(34649) PSYoungGen: 83168K(84480K)->2368K(84480K) Eden: 81920K(81920K)->0K(81920K) From: 1248K(2560K)->2368K(2560K)
[15013.717s][info][gc,heap        ] GC(34649) ParOldGen: 619977K(620032K)->620033K(620544K)
[15013.717s][info][gc,metaspace   ] GC(34649) Metaspace: 62430K(62720K)->62430K(62720K) NonClass: 53391K(53568K)->53391K(53568K) Class: 9039K(9152K)->9039K(9152K)
[15013.717s][info][gc             ] GC(34649) Pause Young (Allocation Failure) 686M->607M(688M) 2.947ms
[15013.717s][info][gc,cpu         ] GC(34649) User=0.01s Sys=0.00s Real=0.01s
[15014.157s][info][gc,start       ] GC(34650) Pause Young (Allocation Failure)
[15014.162s][info][gc,heap        ] GC(34650) PSYoungGen: 84288K(84480K)->928K(84480K) Eden: 81920K(81920K)->0K(81920K) From: 2368K(2560K)->928K(2560K)
[15014.162s][info][gc,heap        ] GC(34650) ParOldGen: 620033K(620544K)->622137K(623616K)
[15014.162s][info][gc,metaspace   ] GC(34650) Metaspace: 62430K(62720K)->62430K(62720K) NonClass: 53391K(53568K)->53391K(53568K) Class: 9039K(9152K)->9039K(9152K)
[15014.162s][info][gc             ] GC(34650) Pause Young (Allocation Failure) 687M->608M(691M) 4.438ms
[15014.162s][info][gc,cpu         ] GC(34650) User=0.00s Sys=0.00s Real=0.00s
[15014.664s][info][gc,start       ] GC(34651) Pause Young (Allocation Failure)
[15014.667s][info][gc,heap        ] GC(34651) PSYoungGen: 82848K(84480K)->1104K(84480K) Eden: 81920K(81920K)->0K(81920K) From: 928K(2560K)->1104K(2560K)
[15014.667s][info][gc,heap        ] GC(34651) ParOldGen: 622137K(623616K)->622185K(623616K)
[15014.667s][info][gc,metaspace   ] GC(34651) Metaspace: 62430K(62720K)->62430K(62720K) NonClass: 53391K(53568K)->53391K(53568K) Class: 9039K(9152K)->9039K(9152K)
[15014.667s][info][gc             ] GC(34651) Pause Young (Allocation Failure) 688M->608M(691M) 3.522ms
[15014.667s][info][gc,cpu         ] GC(34651) User=0.00s Sys=0.00s Real=0.01s
[15015.130s][info][gc,start       ] GC(34652) Pause Young (Allocation Failure)
