[14418.906s][info][gc,heap        ] GC(31656) ParOldGen: 386131K(387072K)->386187K(387072K)
[14418.906s][info][gc,metaspace   ] GC(31656) Metaspace: 62339K(62592K)->62339K(62592K) NonClass: 53302K(53504K)->53302K(53504K) Class: 9037K(9088K)->9037K(9088K)
[14418.906s][info][gc             ] GC(31656) Pause Young (Allocation Failure) 458M->377M(461M) 2.939ms
[14418.906s][info][gc,cpu         ] GC(31656) User=0.00s Sys=0.00s Real=0.01s
[14419.392s][info][gc,start       ] GC(31657) Pause Young (Allocation Failure)
[14419.395s][info][gc,heap        ] GC(31657) PSYoungGen: 83200K(84992K)->576K(84480K) Eden: 82432K(82432K)->0K(82432K) From: 768K(2560K)->576K(2048K)
[14419.395s][info][gc,heap        ] GC(31657) ParOldGen: 386187K(387072K)->386243K(387072K)
[14419.395s][info][gc,metaspace   ] GC(31657) Metaspace: 62339K(62592K)->62339K(62592K) NonClass: 53302K(53504K)->53302K(53504K) Class: 9037K(9088K)->9037K(9088K)
[14419.395s][info][gc             ] GC(31657) Pause Young (Allocation Failure) 458M->377M(460M) 2.686ms
[14419.395s][info][gc,cpu         ] GC(31657) User=0.01s Sys=0.00s Real=0.01s
[14419.902s][info][gc,start       ] GC(31658) Pause Young (Allocation Failure)
[14419.905s][info][gc,heap        ] GC(31658) PSYoungGen: 83008K(84480K)->608K(84992K) Eden: 82432K(82432K)->0K(82944K) From: 576K(2048K)->608K(2048K)
[14419.905s][info][gc,heap        ] GC(31658) ParOldGen: 386243K(387072K)->386291K(387072K)
[14419.905s][info][gc,metaspace   ] GC(31658) Metaspace: 62339K(62592K)->62339K(62592K) NonClass: 53302K(53504K)->53302K(53504K) Class: 9037K(9088K)->9037K(9088K)
[14419.905s][info][gc             ] GC(31658) Pause Young (Allocation Failure) 458M->377M(461M) 2.605ms
[14419.905s][info][gc,cpu         ] GC(31658) User=0.00s Sys=0.00s Real=0.01s
[14420.406s][info][gc,start       ] GC(31659) Pause Young (Allocation Failure)
[14420.409s][info][gc,heap        ] GC(31659) PSYoungGen: 83552K(84992K)->800K(84992K) Eden: 82944K(82944K)->0K(82944K) From: 608K(2048K)->800K(2048K)
[14420.409s][info][gc,heap        ] GC(31659) ParOldGen: 386291K(387072K)->386339K(387072K)
[14420.409s][info][gc,metaspace   ] GC(31659) Metaspace: 62339K(62592K)->62339K(62592K) NonClass: 53302K(53504K)->53302K(53504K) Class: 9037K(9088K)->9037K(9088K)
[14420.409s][info][gc             ] GC(31659) Pause Young (Allocation Failure) 458M->378M(461M) 2.832ms
[14420.409s][info][gc,cpu         ] GC(31659) User=0.00s Sys=0.00s Real=0.00s
[14420.866s][info][gc,start       ] GC(31660) Pause Young (Allocation Failure)
[14420.868s][info][gc,heap        ] GC(31660) PSYoungGen: 83744K(84992K)->224K(84992K) Eden: 82944K(82944K)->0K(82944K) From: 800K(2048K)->224K(2048K)
[14420.868s][info][gc,heap        ] GC(31660) ParOldGen: 386339K(387072K)->386395K(387072K)
[14420.868s][info][gc,metaspace   ] GC(31660) Metaspace: 62339K(62592K)->62339K(62592K) NonClass: 53302K(53504K)->53302K(53504K) Class: 9037K(9088K)->9037K(9088K)
[14420.868s][info][gc             ] GC(31660) Pause Young (Allocation Failure) 459M->377M(461M) 2.319ms
[14420.869s][info][gc,cpu         ] GC(31660) User=0.01s Sys=0.00s Real=0.00s
[14421.385s][info][gc,start       ] GC(31661) Pause Young (Allocation Failure)
[14421.387s][info][gc,heap        ] GC(31661) PSYoungGen: 83168K(84992K)->480K(84992K) Eden: 82944K(82944K)->0K(82944K) From: 224K(2048K)->480K(2048K)
[14421.387s][info][gc,heap        ] GC(31661) ParOldGen: 386395K(387072K)->386443K(387072K)
[14421.387s][info][gc,metaspace   ] GC(31661) Metaspace: 62339K(62592K)->62339K(62592K) NonClass: 53302K(53504K)->53302K(53504K) Class: 9037K(9088K)->9037K(9088K)
[14421.387s][info][gc             ] GC(31661) Pause Young (Allocation Failure) 458M->377M(461M) 2.418ms
[14421.387s][info][gc,cpu         ] GC(31661) User=0.00s Sys=0.00s Real=0.00s
[14421.906s][info][gc,start       ] GC(31662) Pause Young (Allocation Failure)
[14421.909s][info][gc,heap        ] GC(31662) PSYoungGen: 83424K(84992K)->704K(84992K) Eden: 82944K(82944K)->0K(82944K) From: 480K(2048K)->704K(2048K)
[14421.909s][info][gc,heap        ] GC(31662) ParOldGen: 386443K(387072K)->386491K(387072K)
[14421.909s][info][gc,metaspace   ] GC(31662) Metaspace: 62339K(62592K)->62339K(62592K) NonClass: 53302K(53504K)->53302K(53504K) Class: 9037K(9088K)->9037K(9088K)
[14421.909s][info][gc             ] GC(31662) Pause Young (Allocation Failure) 458M->378M(461M) 2.796ms
[14421.909s][info][gc,cpu         ] GC(31662) User=0.01s Sys=0.00s Real=0.00s
[14422.464s][info][gc,start       ] GC(31663) Pause Young (Allocation Failure)
[14422.467s][info][gc,heap        ] GC(31663) PSYoungGen: 83648K(84992K)->272K(84992K) Eden: 82944K(82944K)->0K(82944K) From: 704K(2048K)->272K(2048K)
[14422.467s][info][gc,heap        ] GC(31663) ParOldGen: 386491K(387072K)->386539K(387072K)
[14422.467s][info][gc,metaspace   ] GC(31663) Metaspace: 62339K(62592K)->62339K(62592K) NonClass: 53302K(53504K)->53302K(53504K) Class: 9037K(9088K)->9037K(9088K)
[14422.467s][info][gc             ] GC(31663) Pause Young (Allocation Failure) 459M->377M(461M) 2.266ms
[14422.467s][info][gc,cpu         ] GC(31663) User=0.00s Sys=0.00s Real=0.00s
[14422.961s][info][gc,start       ] GC(31664) Pause Young (Allocation Failure)
[14422.964s][info][gc,heap        ] GC(31664) PSYoungGen: 83216K(84992K)->1408K(84992K) Eden: 82944K(82944K)->0K(82944K) From: 272K(2048K)->1408K(2048K)
[14422.964s][info][gc,heap        ] GC(31664) ParOldGen: 386539K(387072K)->386643K(387072K)
[14422.964s][info][gc,metaspace   ] GC(31664) Metaspace: 62339K(62592K)->62339K(62592K) NonClass: 53302K(53504K)->53302K(53504K) Class: 9037K(9088K)->9037K(9088K)
[14422.964s][info][gc             ] GC(31664) Pause Young (Allocation Failure) 458M->378M(461M) 3.536ms
[14422.964s][info][gc,cpu         ] GC(31664) User=0.00s Sys=0.00s Real=0.01s
[14423.469s][info][gc,start       ] GC(31665) Pause Young (Allocation Failure)
[14423.471s][info][gc,heap        ] GC(31665) PSYoungGen: 84352K(84992K)->288K(84992K) Eden: 82944K(82944K)->0K(82944K) From: 1408K(2048K)->288K(2048K)
[14423.471s][info][gc,heap        ] GC(31665) ParOldGen: 386643K(387072K)->386699K(387072K)
[14423.471s][info][gc,metaspace   ] GC(31665) Metaspace: 62339K(62592K)->62339K(62592K) NonClass: 53302K(53504K)->53302K(53504K) Class: 9037K(9088K)->9037K(9088K)
[14423.471s][info][gc             ] GC(31665) Pause Young (Allocation Failure) 459M->377M(461M) 2.253ms
[14423.471s][info][gc,cpu         ] GC(31665) User=0.00s Sys=0.00s Real=0.00s
[14423.962s][info][gc,start       ] GC(31666) Pause Young (Allocation Failure)
[14423.964s][info][gc,heap        ] GC(31666) PSYoungGen: 83232K(84992K)->192K(84992K) Eden: 82944K(82944K)->0K(82944K) From: 288K(2048K)->192K(2048K)
[14423.964s][info][gc,heap        ] GC(31666) ParOldGen: 386699K(387072K)->386755K(387072K)
[14423.964s][info][gc,metaspace   ] GC(31666) Metaspace: 62339K(62592K)->62339K(62592K) NonClass: 53302K(53504K)->53302K(53504K) Class: 9037K(9088K)->9037K(9088K)
[14423.964s][info][gc             ] GC(31666) Pause Young (Allocation Failure) 458M->377M(461M) 2.206ms
[14423.964s][info][gc,cpu         ] GC(31666) User=0.01s Sys=0.00s Real=0.00s
[14424.422s][info][gc,start       ] GC(31667) Pause Young (Allocation Failure)
[14424.425s][info][gc,heap        ] GC(31667) PSYoungGen: 83136K(84992K)->992K(84992K) Eden: 82944K(82944K)->0K(82944K) From: 192K(2048K)->992K(2048K)
[14424.425s][info][gc,heap        ] GC(31667) ParOldGen: 386755K(387072K)->386811K(387072K)
[14424.425s][info][gc,metaspace   ] GC(31667) Metaspace: 62339K(62592K)->62339K(62592K) NonClass: 53302K(53504K)->53302K(53504K) Class: 9037K(9088K)->9037K(9088K)
[14424.425s][info][gc             ] GC(31667) Pause Young (Allocation Failure) 458M->378M(461M) 2.965ms
[14424.425s][info][gc,cpu         ] GC(31667) User=0.00s Sys=0.00s Real=0.01s
[14424.880s][info][gc,start       ] GC(31668) Pause Young (Allocation Failure)
[14424.882s][info][gc,heap        ] GC(31668) PSYoungGen: 83936K(84992K)->448K(84992K) Eden: 82944K(82944K)->0K(82944K) From: 992K(2048K)->448K(2048K)
[14424.882s][info][gc,heap        ] GC(31668) ParOldGen: 386811K(387072K)->386867K(387072K)
[14424.882s][info][gc,metaspace   ] GC(31668) Metaspace: 62339K(62592K)->62339K(62592K) NonClass: 53302K(53504K)->53302K(53504K) Class: 9037K(9088K)->9037K(9088K)
[14424.882s][info][gc             ] GC(31668) Pause Young (Allocation Failure) 459M->378M(461M) 2.432ms
[14424.882s][info][gc,cpu         ] GC(31668) User=0.00s Sys=0.00s Real=0.00s
[14425.350s][info][gc,start       ] GC(31669) Pause Young (Allocation Failure)
[14425.354s][info][gc,heap        ] GC(31669) PSYoungGen: 83392K(84992K)->2016K(84992K) Eden: 82944K(82944K)->0K(82944K) From: 448K(2048K)->2016K(2048K)
[14425.354s][info][gc,heap        ] GC(31669) ParOldGen: 386867K(387072K)->387299K(387584K)
[14425.354s][info][gc,metaspace   ] GC(31669) Metaspace: 62339K(62592K)->62339K(62592K) NonClass: 53302K(53504K)->53302K(53504K) Class: 9037K(9088K)->9037K(9088K)
[14425.354s][info][gc             ] GC(31669) Pause Young (Allocation Failure) 459M->380M(461M) 3.933ms
[14425.354s][info][gc,cpu         ] GC(31669) User=0.01s Sys=0.00s Real=0.00s
[14425.818s][info][gc,start       ] GC(31670) Pause Young (Allocation Failure)
[14425.821s][info][gc,heap        ] GC(31670) PSYoungGen: 84960K(84992K)->960K(83968K) Eden: 82944K(82944K)->0K(81920K) From: 2016K(2048K)->960K(2048K)
[14425.821s][info][gc,heap        ] GC(31670) ParOldGen: 387299K(387584K)->388363K(389120K)
[14425.821s][info][gc,metaspace   ] GC(31670) Metaspace: 62339K(62592K)->62339K(62592K) NonClass: 53302K(53504K)->53302K(53504K) Class: 9037K(9088K)->9037K(9088K)
[14425.821s][info][gc             ] GC(31670) Pause Young (Allocation Failure) 461M->380M(462M) 3.467ms
[14425.821s][info][gc,cpu         ] GC(31670) User=0.00s Sys=0.00s Real=0.00s
[14426.320s][info][gc,start       ] GC(31671) Pause Young (Allocation Failure)
[14426.325s][info][gc,heap        ] GC(31671) PSYoungGen: 82880K(83968K)->960K(84480K) Eden: 81920K(81920K)->0K(81920K) From: 960K(2048K)->960K(2560K)
[14426.325s][info][gc,heap        ] GC(31671) ParOldGen: 388363K(389120K)->388435K(389120K)
[14426.325s][info][gc,metaspace   ] GC(31671) Metaspace: 62339K(62592K)->62339K(62592K) NonClass: 53302K(53504K)->53302K(53504K) Class: 9037K(9088K)->9037K(9088K)
[14426.325s][info][gc             ] GC(31671) Pause Young (Allocation Failure) 460M->380M(462M) 5.659ms
[14426.325s][info][gc,cpu         ] GC(31671) User=0.01s Sys=0.00s Real=0.01s
[14426.813s][info][gc,start       ] GC(31672) Pause Young (Allocation Failure)
[14426.816s][info][gc,heap        ] GC(31672) PSYoungGen: 82880K(84480K)->896K(84992K) Eden: 81920K(81920K)->0K(82432K) From: 960K(2560K)->896K(2560K)
[14426.816s][info][gc,heap        ] GC(31672) ParOldGen: 388435K(389120K)->388491K(389120K)
[14426.816s][info][gc,metaspace   ] GC(31672) Metaspace: 62339K(62592K)->62339K(62592K) NonClass: 53302K(53504K)->53302K(53504K) Class: 9037K(9088K)->9037K(9088K)
[14426.816s][info][gc             ] GC(31672) Pause Young (Allocation Failure) 460M->380M(463M) 2.953ms
[14426.816s][info][gc,cpu         ] GC(31672) User=0.00s Sys=0.00s Real=0.01s
[14427.317s][info][gc,start       ] GC(31673) Pause Young (Allocation Failure)
[14427.320s][info][gc,heap        ] GC(31673) PSYoungGen: 83328K(84992K)->896K(84480K) Eden: 82432K(82432K)->0K(82432K) From: 896K(2560K)->896K(2048K)
[14427.320s][info][gc,heap        ] GC(31673) ParOldGen: 388491K(389120K)->388547K(389120K)
[14427.320s][info][gc,metaspace   ] GC(31673) Metaspace: 62339K(62592K)->62339K(62592K) NonClass: 53302K(53504K)->53302K(53504K) Class: 9037K(9088K)->9037K(9088K)
[14427.320s][info][gc             ] GC(31673) Pause Young (Allocation Failure) 460M->380M(462M) 2.904ms
[14427.320s][info][gc,cpu         ] GC(31673) User=0.01s Sys=0.00s Real=0.00s
[14427.787s][info][gc,start       ] GC(31674) Pause Young (Allocation Failure)
[14427.790s][info][gc,heap        ] GC(31674) PSYoungGen: 83328K(84480K)->576K(84992K) Eden: 82432K(82432K)->0K(82944K) From: 896K(2048K)->576K(2048K)
[14427.790s][info][gc,heap        ] GC(31674) ParOldGen: 388547K(389120K)->388603K(389120K)
[14427.790s][info][gc,metaspace   ] GC(31674) Metaspace: 62339K(62592K)->62339K(62592K) NonClass: 53302K(53504K)->53302K(53504K) Class: 9037K(9088K)->9037K(9088K)
[14427.790s][info][gc             ] GC(31674) Pause Young (Allocation Failure) 460M->380M(463M) 2.577ms
[14427.790s][info][gc,cpu         ] GC(31674) User=0.00s Sys=0.00s Real=0.00s
[14428.306s][info][gc,start       ] GC(31675) Pause Young (Allocation Failure)
[14428.309s][info][gc,heap        ] GC(31675) PSYoungGen: 83520K(84992K)->832K(84992K) Eden: 82944K(82944K)->0K(82944K) From: 576K(2048K)->832K(2048K)
[14428.309s][info][gc,heap        ] GC(31675) ParOldGen: 388603K(389120K)->388659K(389120K)
[14428.309s][info][gc,metaspace   ] GC(31675) Metaspace: 62339K(62592K)->62339K(62592K) NonClass: 53302K(53504K)->53302K(53504K) Class: 9037K(9088K)->9037K(9088K)
[14428.309s][info][gc             ] GC(31675) Pause Young (Allocation Failure) 461M->380M(463M) 2.902ms
[14428.309s][info][gc,cpu         ] GC(31675) User=0.01s Sys=0.00s Real=0.00s
[14428.818s][info][gc,start       ] GC(31676) Pause Young (Allocation Failure)
[14428.820s][info][gc,heap        ] GC(31676) PSYoungGen: 83776K(84992K)->864K(84992K) Eden: 82944K(82944K)->0K(82944K) From: 832K(2048K)->864K(2048K)
[14428.820s][info][gc,heap        ] GC(31676) ParOldGen: 388659K(389120K)->388707K(389120K)
[14428.820s][info][gc,metaspace   ] GC(31676) Metaspace: 62339K(62592K)->62339K(62592K) NonClass: 53302K(53504K)->53302K(53504K) Class: 9037K(9088K)->9037K(9088K)
[14428.820s][info][gc             ] GC(31676) Pause Young (Allocation Failure) 461M->380M(463M) 2.903ms
[14428.820s][info][gc,cpu         ] GC(31676) User=0.00s Sys=0.00s Real=0.00s
[14429.355s][info][gc,start       ] GC(31677) Pause Young (Allocation Failure)
[14429.359s][info][gc,heap        ] GC(31677) PSYoungGen: 83808K(84992K)->1312K(84992K) Eden: 82944K(82944K)->0K(82944K) From: 864K(2048K)->1312K(2048K)
[14429.359s][info][gc,heap        ] GC(31677) ParOldGen: 388707K(389120K)->388763K(389120K)
[14429.359s][info][gc,metaspace   ] GC(31677) Metaspace: 62339K(62592K)->62339K(62592K) NonClass: 53302K(53504K)->53302K(53504K) Class: 9037K(9088K)->9037K(9088K)
[14429.359s][info][gc             ] GC(31677) Pause Young (Allocation Failure) 461M->380M(463M) 3.489ms
[14429.359s][info][gc,cpu         ] GC(31677) User=0.01s Sys=0.00s Real=0.00s
[14429.865s][info][gc,start       ] GC(31678) Pause Young (Allocation Failure)
[14429.867s][info][gc,heap        ] GC(31678) PSYoungGen: 84256K(84992K)->224K(84992K) Eden: 82944K(82944K)->0K(82944K) From: 1312K(2048K)->224K(2048K)
[14429.867s][info][gc,heap        ] GC(31678) ParOldGen: 388763K(389120K)->388811K(389120K)
[14429.867s][info][gc,metaspace   ] GC(31678) Metaspace: 62339K(62592K)->62339K(62592K) NonClass: 53302K(53504K)->53302K(53504K) Class: 9037K(9088K)->9037K(9088K)
[14429.867s][info][gc             ] GC(31678) Pause Young (Allocation Failure) 461M->379M(463M) 2.125ms
[14429.867s][info][gc,cpu         ] GC(31678) User=0.00s Sys=0.00s Real=0.00s
[14430.367s][info][gc,start       ] GC(31679) Pause Young (Allocation Failure)
[14430.370s][info][gc,heap        ] GC(31679) PSYoungGen: 83168K(84992K)->1312K(84992K) Eden: 82944K(82944K)->0K(82944K) From: 224K(2048K)->1312K(2048K)
[14430.370s][info][gc,heap        ] GC(31679) ParOldGen: 388811K(389120K)->389883K(390656K)
[14430.370s][info][gc,metaspace   ] GC(31679) Metaspace: 62339K(62592K)->62339K(62592K) NonClass: 53302K(53504K)->53302K(53504K) Class: 9037K(9088K)->9037K(9088K)
[14430.370s][info][gc             ] GC(31679) Pause Young (Allocation Failure) 460M->382M(464M) 3.054ms
[14430.370s][info][gc,cpu         ] GC(31679) User=0.00s Sys=0.00s Real=0.00s
[14430.908s][info][gc,start       ] GC(31680) Pause Young (Allocation Failure)
[14430.911s][info][gc,heap        ] GC(31680) PSYoungGen: 84256K(84992K)->944K(84992K) Eden: 82944K(82944K)->0K(82944K) From: 1312K(2048K)->944K(2048K)
[14430.911s][info][gc,heap        ] GC(31680) ParOldGen: 389883K(390656K)->390955K(392192K)
[14430.911s][info][gc,metaspace   ] GC(31680) Metaspace: 62339K(62592K)->62339K(62592K) NonClass: 53302K(53504K)->53302K(53504K) Class: 9037K(9088K)->9037K(9088K)
[14430.911s][info][gc             ] GC(31680) Pause Young (Allocation Failure) 463M->382M(466M) 3.337ms
[14430.911s][info][gc,cpu         ] GC(31680) User=0.00s Sys=0.00s Real=0.00s
[14431.353s][info][gc,start       ] GC(31681) Pause Young (Allocation Failure)
[14431.356s][info][gc,heap        ] GC(31681) PSYoungGen: 83888K(84992K)->1312K(84992K) Eden: 82944K(82944K)->0K(82944K) From: 944K(2048K)->1312K(2048K)
[14431.356s][info][gc,heap        ] GC(31681) ParOldGen: 390955K(392192K)->391059K(392192K)
[14431.356s][info][gc,metaspace   ] GC(31681) Metaspace: 62339K(62592K)->62339K(62592K) NonClass: 53302K(53504K)->53302K(53504K) Class: 9037K(9088K)->9037K(9088K)
[14431.356s][info][gc             ] GC(31681) Pause Young (Allocation Failure) 463M->383M(466M) 3.391ms
[14431.356s][info][gc,cpu         ] GC(31681) User=0.00s Sys=0.00s Real=0.01s
[14431.836s][info][gc,start       ] GC(31682) Pause Young (Allocation Failure)
[14431.839s][info][gc,heap        ] GC(31682) PSYoungGen: 84256K(84992K)->1120K(84992K) Eden: 82944K(82944K)->0K(82944K) From: 1312K(2048K)->1120K(2048K)
[14431.839s][info][gc,heap        ] GC(31682) ParOldGen: 391059K(392192K)->391107K(392192K)
[14431.839s][info][gc,metaspace   ] GC(31682) Metaspace: 62339K(62592K)->62339K(62592K) NonClass: 53302K(53504K)->53302K(53504K) Class: 9037K(9088K)->9037K(9088K)
[14431.839s][info][gc             ] GC(31682) Pause Young (Allocation Failure) 464M->383M(466M) 3.080ms
[14431.839s][info][gc,cpu         ] GC(31682) User=0.01s Sys=0.00s Real=0.00s
[14432.337s][info][gc,start       ] GC(31683) Pause Young (Allocation Failure)
[14432.340s][info][gc,heap        ] GC(31683) PSYoungGen: 84064K(84992K)->1280K(84992K) Eden: 82944K(82944K)->0K(82944K) From: 1120K(2048K)->1280K(2048K)
[14432.340s][info][gc,heap        ] GC(31683) ParOldGen: 391107K(392192K)->391155K(392192K)
[14432.340s][info][gc,metaspace   ] GC(31683) Metaspace: 62339K(62592K)->62339K(62592K) NonClass: 53302K(53504K)->53302K(53504K) Class: 9037K(9088K)->9037K(9088K)
[14432.340s][info][gc             ] GC(31683) Pause Young (Allocation Failure) 464M->383M(466M) 3.142ms
[14432.340s][info][gc,cpu         ] GC(31683) User=0.01s Sys=0.00s Real=0.00s
[14432.856s][info][gc,start       ] GC(31684) Pause Young (Allocation Failure)
[14432.860s][info][gc,heap        ] GC(31684) PSYoungGen: 84224K(84992K)->1376K(84992K) Eden: 82944K(82944K)->0K(82944K) From: 1280K(2048K)->1376K(2048K)
[14432.860s][info][gc,heap        ] GC(31684) ParOldGen: 391155K(392192K)->391203K(392192K)
[14432.860s][info][gc,metaspace   ] GC(31684) Metaspace: 62339K(62592K)->62339K(62592K) NonClass: 53302K(53504K)->53302K(53504K) Class: 9037K(9088K)->9037K(9088K)
[14432.860s][info][gc             ] GC(31684) Pause Young (Allocation Failure) 464M->383M(466M) 3.381ms
[14432.860s][info][gc,cpu         ] GC(31684) User=0.01s Sys=0.00s Real=0.00s
[14433.362s][info][gc,start       ] GC(31685) Pause Young (Allocation Failure)
[14433.364s][info][gc,heap        ] GC(31685) PSYoungGen: 84320K(84992K)->192K(84992K) Eden: 82944K(82944K)->0K(82944K) From: 1376K(2048K)->192K(2048K)
[14433.364s][info][gc,heap        ] GC(31685) ParOldGen: 391203K(392192K)->391259K(392192K)
[14433.364s][info][gc,metaspace   ] GC(31685) Metaspace: 62339K(62592K)->62339K(62592K) NonClass: 53302K(53504K)->53302K(53504K) Class: 9037K(9088K)->9037K(9088K)
[14433.364s][info][gc             ] GC(31685) Pause Young (Allocation Failure) 464M->382M(466M) 2.182ms
[14433.364s][info][gc,cpu         ] GC(31685) User=0.00s Sys=0.00s Real=0.01s
[14433.858s][info][gc,start       ] GC(31686) Pause Young (Allocation Failure)
[14433.861s][info][gc,heap        ] GC(31686) PSYoungGen: 83136K(84992K)->1408K(84992K) Eden: 82944K(82944K)->0K(82944K) From: 192K(2048K)->1408K(2048K)
[14433.861s][info][gc,heap        ] GC(31686) ParOldGen: 391259K(392192K)->391307K(392192K)
[14433.861s][info][gc,metaspace   ] GC(31686) Metaspace: 62339K(62592K)->62339K(62592K) NonClass: 53302K(53504K)->53302K(53504K) Class: 9037K(9088K)->9037K(9088K)
[14433.861s][info][gc             ] GC(31686) Pause Young (Allocation Failure) 463M->383M(466M) 3.321ms
[14433.861s][info][gc,cpu         ] GC(31686) User=0.01s Sys=0.00s Real=0.00s
[14434.355s][info][gc,start       ] GC(31687) Pause Young (Allocation Failure)
[14434.358s][info][gc,heap        ] GC(31687) PSYoungGen: 84352K(84992K)->1440K(84480K) Eden: 82944K(82944K)->0K(82944K) From: 1408K(2048K)->1440K(1536K)
[14434.358s][info][gc,heap        ] GC(31687) ParOldGen: 391307K(392192K)->391363K(392192K)
[14434.358s][info][gc,metaspace   ] GC(31687) Metaspace: 62339K(62592K)->62339K(62592K) NonClass: 53302K(53504K)->53302K(53504K) Class: 9037K(9088K)->9037K(9088K)
[14434.358s][info][gc             ] GC(31687) Pause Young (Allocation Failure) 464M->383M(465M) 3.406ms
[14434.358s][info][gc,cpu         ] GC(31687) User=0.01s Sys=0.00s Real=0.00s
[14434.863s][info][gc,start       ] GC(31688) Pause Young (Allocation Failure)
[14434.865s][info][gc,heap        ] GC(31688) PSYoungGen: 84384K(84480K)->224K(84480K) Eden: 82944K(82944K)->0K(81920K) From: 1440K(1536K)->224K(2560K)
[14434.866s][info][gc,heap        ] GC(31688) ParOldGen: 391363K(392192K)->391411K(392192K)
[14434.866s][info][gc,metaspace   ] GC(31688) Metaspace: 62339K(62592K)->62339K(62592K) NonClass: 53302K(53504K)->53302K(53504K) Class: 9037K(9088K)->9037K(9088K)
[14434.866s][info][gc             ] GC(31688) Pause Young (Allocation Failure) 464M->382M(465M) 2.352ms
[14434.866s][info][gc,cpu         ] GC(31688) User=0.00s Sys=0.00s Real=0.01s
[14435.343s][info][gc,start       ] GC(31689) Pause Young (Allocation Failure)
[14435.346s][info][gc,heap        ] GC(31689) PSYoungGen: 82144K(84480K)->1312K(84480K) Eden: 81920K(81920K)->0K(81920K) From: 224K(2560K)->1312K(2560K)
[14435.346s][info][gc,heap        ] GC(31689) ParOldGen: 391411K(392192K)->391459K(392192K)
[14435.346s][info][gc,metaspace   ] GC(31689) Metaspace: 62339K(62592K)->62339K(62592K) NonClass: 53302K(53504K)->53302K(53504K) Class: 9037K(9088K)->9037K(9088K)
[14435.346s][info][gc             ] GC(31689) Pause Young (Allocation Failure) 462M->383M(465M) 3.209ms
[14435.346s][info][gc,cpu         ] GC(31689) User=0.01s Sys=0.00s Real=0.01s
[14435.842s][info][gc,start       ] GC(31690) Pause Young (Allocation Failure)
[14435.845s][info][gc,heap        ] GC(31690) PSYoungGen: 83232K(84480K)->2176K(84480K) Eden: 81920K(81920K)->0K(81920K) From: 1312K(2560K)->2176K(2560K)
[14435.845s][info][gc,heap        ] GC(31690) ParOldGen: 391459K(392192K)->391507K(392192K)
[14435.846s][info][gc,metaspace   ] GC(31690) Metaspace: 62339K(62592K)->62339K(62592K) NonClass: 53302K(53504K)->53302K(53504K) Class: 9037K(9088K)->9037K(9088K)
[14435.846s][info][gc             ] GC(31690) Pause Young (Allocation Failure) 463M->384M(465M) 3.320ms
[14435.846s][info][gc,cpu         ] GC(31690) User=0.00s Sys=0.00s Real=0.01s
[14436.328s][info][gc,start       ] GC(31691) Pause Young (Allocation Failure)
[14436.333s][info][gc,heap        ] GC(31691) PSYoungGen: 84096K(84480K)->1152K(84480K) Eden: 81920K(81920K)->0K(81920K) From: 2176K(2560K)->1152K(2560K)
[14436.333s][info][gc,heap        ] GC(31691) ParOldGen: 391507K(392192K)->392579K(393728K)
[14436.333s][info][gc,metaspace   ] GC(31691) Metaspace: 62339K(62592K)->62339K(62592K) NonClass: 53302K(53504K)->53302K(53504K) Class: 9037K(9088K)->9037K(9088K)
[14436.333s][info][gc             ] GC(31691) Pause Young (Allocation Failure) 464M->384M(467M) 4.629ms
[14436.333s][info][gc,cpu         ] GC(31691) User=0.00s Sys=0.00s Real=0.00s
[14436.784s][info][gc,start       ] GC(31692) Pause Young (Allocation Failure)
[14436.786s][info][gc,heap        ] GC(31692) PSYoungGen: 83072K(84480K)->512K(84480K) Eden: 81920K(81920K)->0K(81920K) From: 1152K(2560K)->512K(2560K)
[14436.786s][info][gc,heap        ] GC(31692) ParOldGen: 392579K(393728K)->392627K(393728K)
[14436.786s][info][gc,metaspace   ] GC(31692) Metaspace: 62339K(62592K)->62339K(62592K) NonClass: 53302K(53504K)->53302K(53504K) Class: 9037K(9088K)->9037K(9088K)
[14436.787s][info][gc             ] GC(31692) Pause Young (Allocation Failure) 464M->383M(467M) 2.521ms
[14436.787s][info][gc,cpu         ] GC(31692) User=0.00s Sys=0.00s Real=0.01s
[14437.230s][info][gc,start       ] GC(31693) Pause Young (Allocation Failure)
[14437.233s][info][gc,heap        ] GC(31693) PSYoungGen: 82432K(84480K)->1152K(84480K) Eden: 81920K(81920K)->0K(81920K) From: 512K(2560K)->1152K(2560K)
[14437.233s][info][gc,heap        ] GC(31693) ParOldGen: 392627K(393728K)->392683K(393728K)
[14437.233s][info][gc,metaspace   ] GC(31693) Metaspace: 62339K(62592K)->62339K(62592K) NonClass: 53302K(53504K)->53302K(53504K) Class: 9037K(9088K)->9037K(9088K)
[14437.233s][info][gc             ] GC(31693) Pause Young (Allocation Failure) 463M->384M(467M) 3.249ms
[14437.233s][info][gc,cpu         ] GC(31693) User=0.01s Sys=0.00s Real=0.00s
[14437.668s][info][gc,start       ] GC(31694) Pause Young (Allocation Failure)
[14437.670s][info][gc,heap        ] GC(31694) PSYoungGen: 83072K(84480K)->256K(84480K) Eden: 81920K(81920K)->0K(81920K) From: 1152K(2560K)->256K(2560K)
[14437.670s][info][gc,heap        ] GC(31694) ParOldGen: 392683K(393728K)->392739K(393728K)
[14437.670s][info][gc,metaspace   ] GC(31694) Metaspace: 62339K(62592K)->62339K(62592K) NonClass: 53302K(53504K)->53302K(53504K) Class: 9037K(9088K)->9037K(9088K)
[14437.671s][info][gc             ] GC(31694) Pause Young (Allocation Failure) 464M->383M(467M) 2.229ms
[14437.671s][info][gc,cpu         ] GC(31694) User=0.01s Sys=0.00s Real=0.00s
[14438.183s][info][gc,start       ] GC(31695) Pause Young (Allocation Failure)
[14438.185s][info][gc,heap        ] GC(31695) PSYoungGen: 82176K(84480K)->448K(84480K) Eden: 81920K(81920K)->0K(81920K) From: 256K(2560K)->448K(2560K)
[14438.185s][info][gc,heap        ] GC(31695) ParOldGen: 392739K(393728K)->392787K(393728K)
[14438.185s][info][gc,metaspace   ] GC(31695) Metaspace: 62339K(62592K)->62339K(62592K) NonClass: 53302K(53504K)->53302K(53504K) Class: 9037K(9088K)->9037K(9088K)
[14438.185s][info][gc             ] GC(31695) Pause Young (Allocation Failure) 463M->384M(467M) 2.272ms
[14438.186s][info][gc,cpu         ] GC(31695) User=0.00s Sys=0.00s Real=0.01s
[14438.675s][info][gc,start       ] GC(31696) Pause Young (Allocation Failure)
[14438.679s][info][gc,heap        ] GC(31696) PSYoungGen: 82368K(84480K)->1760K(84480K) Eden: 81920K(81920K)->0K(81920K) From: 448K(2560K)->1760K(2560K)
[14438.679s][info][gc,heap        ] GC(31696) ParOldGen: 392787K(393728K)->394900K(395264K)
[14438.679s][info][gc,metaspace   ] GC(31696) Metaspace: 62345K(62592K)->62345K(62592K) NonClass: 53308K(53504K)->53308K(53504K) Class: 9037K(9088K)->9037K(9088K)
[14438.679s][info][gc             ] GC(31696) Pause Young (Allocation Failure) 464M->387M(468M) 4.019ms
[14438.679s][info][gc,cpu         ] GC(31696) User=0.01s Sys=0.00s Real=0.00s
[14439.214s][info][gc,start       ] GC(31697) Pause Young (Allocation Failure)
[14439.218s][info][gc,heap        ] GC(31697) PSYoungGen: 83680K(84480K)->912K(84480K) Eden: 81920K(81920K)->0K(81920K) From: 1760K(2560K)->912K(2560K)
[14439.218s][info][gc,heap        ] GC(31697) ParOldGen: 394900K(395264K)->396356K(396800K)
[14439.218s][info][gc,metaspace   ] GC(31697) Metaspace: 62347K(62592K)->62347K(62592K) NonClass: 53309K(53504K)->53309K(53504K) Class: 9037K(9088K)->9037K(9088K)
[14439.218s][info][gc             ] GC(31697) Pause Young (Allocation Failure) 467M->387M(470M) 3.983ms
[14439.218s][info][gc,cpu         ] GC(31697) User=0.00s Sys=0.00s Real=0.01s
[14439.714s][info][gc,start       ] GC(31698) Pause Young (Allocation Failure)
[14439.717s][info][gc,heap        ] GC(31698) PSYoungGen: 82832K(84480K)->928K(84480K) Eden: 81920K(81920K)->0K(81920K) From: 912K(2560K)->928K(2560K)
[14439.717s][info][gc,heap        ] GC(31698) ParOldGen: 396356K(396800K)->396460K(396800K)
[14439.717s][info][gc,metaspace   ] GC(31698) Metaspace: 62347K(62592K)->62347K(62592K) NonClass: 53309K(53504K)->53309K(53504K) Class: 9037K(9088K)->9037K(9088K)
[14439.717s][info][gc             ] GC(31698) Pause Young (Allocation Failure) 467M->388M(470M) 3.110ms
[14439.717s][info][gc,cpu         ] GC(31698) User=0.01s Sys=0.00s Real=0.01s
[14440.189s][info][gc,start       ] GC(31699) Pause Young (Allocation Failure)
[14440.192s][info][gc,heap        ] GC(31699) PSYoungGen: 82848K(84480K)->544K(84480K) Eden: 81920K(81920K)->0K(81920K) From: 928K(2560K)->544K(2560K)
[14440.192s][info][gc,heap        ] GC(31699) ParOldGen: 396460K(396800K)->396516K(396800K)
[14440.192s][info][gc,metaspace   ] GC(31699) Metaspace: 62347K(62592K)->62347K(62592K) NonClass: 53309K(53504K)->53309K(53504K) Class: 9037K(9088K)->9037K(9088K)
[14440.192s][info][gc             ] GC(31699) Pause Young (Allocation Failure) 468M->387M(470M) 2.601ms
[14440.192s][info][gc,cpu         ] GC(31699) User=0.00s Sys=0.00s Real=0.00s
[14440.644s][info][gc,start       ] GC(31700) Pause Young (Allocation Failure)
[14440.647s][info][gc,heap        ] GC(31700) PSYoungGen: 82464K(84480K)->2336K(84480K) Eden: 81920K(81920K)->0K(81920K) From: 544K(2560K)->2336K(2560K)
[14440.647s][info][gc,heap        ] GC(31700) ParOldGen: 396516K(396800K)->396572K(396800K)
[14440.647s][info][gc,metaspace   ] GC(31700) Metaspace: 62347K(62592K)->62347K(62592K) NonClass: 53309K(53504K)->53309K(53504K) Class: 9037K(9088K)->9037K(9088K)
[14440.647s][info][gc             ] GC(31700) Pause Young (Allocation Failure) 467M->389M(470M) 3.487ms
[14440.647s][info][gc,cpu         ] GC(31700) User=0.01s Sys=0.00s Real=0.01s
[14441.110s][info][gc,start       ] GC(31701) Pause Young (Allocation Failure)
[14441.113s][info][gc,heap        ] GC(31701) PSYoungGen: 84256K(84480K)->864K(84480K) Eden: 81920K(81920K)->0K(81920K) From: 2336K(2560K)->864K(2560K)
[14441.113s][info][gc,heap        ] GC(31701) ParOldGen: 396572K(396800K)->397652K(398336K)
[14441.113s][info][gc,metaspace   ] GC(31701) Metaspace: 62347K(62592K)->62347K(62592K) NonClass: 53309K(53504K)->53309K(53504K) Class: 9037K(9088K)->9037K(9088K)
[14441.113s][info][gc             ] GC(31701) Pause Young (Allocation Failure) 469M->389M(471M) 3.326ms
[14441.113s][info][gc,cpu         ] GC(31701) User=0.01s Sys=0.00s Real=0.00s
[14441.586s][info][gc,start       ] GC(31702) Pause Young (Allocation Failure)
[14441.588s][info][gc,heap        ] GC(31702) PSYoungGen: 82784K(84480K)->512K(84480K) Eden: 81920K(81920K)->0K(81920K) From: 864K(2560K)->512K(2560K)
[14441.588s][info][gc,heap        ] GC(31702) ParOldGen: 397652K(398336K)->397708K(398336K)
[14441.588s][info][gc,metaspace   ] GC(31702) Metaspace: 62347K(62592K)->62347K(62592K) NonClass: 53309K(53504K)->53309K(53504K) Class: 9037K(9088K)->9037K(9088K)
[14441.588s][info][gc             ] GC(31702) Pause Young (Allocation Failure) 469M->388M(471M) 2.575ms
[14441.588s][info][gc,cpu         ] GC(31702) User=0.00s Sys=0.00s Real=0.00s
[14442.066s][info][gc,start       ] GC(31703) Pause Young (Allocation Failure)
[14442.068s][info][gc,heap        ] GC(31703) PSYoungGen: 82432K(84480K)->224K(84480K) Eden: 81920K(81920K)->0K(81920K) From: 512K(2560K)->224K(2560K)
[14442.068s][info][gc,heap        ] GC(31703) ParOldGen: 397708K(398336K)->397756K(398336K)
[14442.068s][info][gc,metaspace   ] GC(31703) Metaspace: 62347K(62592K)->62347K(62592K) NonClass: 53309K(53504K)->53309K(53504K) Class: 9037K(9088K)->9037K(9088K)
[14442.068s][info][gc             ] GC(31703) Pause Young (Allocation Failure) 468M->388M(471M) 2.166ms
[14442.068s][info][gc,cpu         ] GC(31703) User=0.00s Sys=0.00s Real=0.00s
[14442.524s][info][gc,start       ] GC(31704) Pause Young (Allocation Failure)
[14442.527s][info][gc,heap        ] GC(31704) PSYoungGen: 82144K(84480K)->1088K(84480K) Eden: 81920K(81920K)->0K(81920K) From: 224K(2560K)->1088K(2560K)
[14442.527s][info][gc,heap        ] GC(31704) ParOldGen: 397756K(398336K)->397812K(398336K)
[14442.527s][info][gc,metaspace   ] GC(31704) Metaspace: 62347K(62592K)->62347K(62592K) NonClass: 53309K(53504K)->53309K(53504K) Class: 9037K(9088K)->9037K(9088K)
[14442.527s][info][gc             ] GC(31704) Pause Young (Allocation Failure) 468M->389M(471M) 3.061ms
[14442.527s][info][gc,cpu         ] GC(31704) User=0.00s Sys=0.00s Real=0.00s
[14443.037s][info][gc,start       ] GC(31705) Pause Young (Allocation Failure)
[14443.040s][info][gc,heap        ] GC(31705) PSYoungGen: 83008K(84480K)->1120K(84480K) Eden: 81920K(81920K)->0K(81920K) From: 1088K(2560K)->1120K(2560K)
[14443.040s][info][gc,heap        ] GC(31705) ParOldGen: 397812K(398336K)->397868K(398336K)
[14443.040s][info][gc,metaspace   ] GC(31705) Metaspace: 62347K(62592K)->62347K(62592K) NonClass: 53309K(53504K)->53309K(53504K) Class: 9037K(9088K)->9037K(9088K)
[14443.040s][info][gc             ] GC(31705) Pause Young (Allocation Failure) 469M->389M(471M) 3.173ms
[14443.040s][info][gc,cpu         ] GC(31705) User=0.00s Sys=0.00s Real=0.00s
[14443.532s][info][gc,start       ] GC(31706) Pause Young (Allocation Failure)
[14443.535s][info][gc,heap        ] GC(31706) PSYoungGen: 83040K(84480K)->1120K(84480K) Eden: 81920K(81920K)->0K(81920K) From: 1120K(2560K)->1120K(2560K)
[14443.535s][info][gc,heap        ] GC(31706) ParOldGen: 397868K(398336K)->397924K(398336K)
[14443.535s][info][gc,metaspace   ] GC(31706) Metaspace: 62347K(62592K)->62347K(62592K) NonClass: 53309K(53504K)->53309K(53504K) Class: 9037K(9088K)->9037K(9088K)
[14443.536s][info][gc             ] GC(31706) Pause Young (Allocation Failure) 469M->389M(471M) 3.207ms
[14443.536s][info][gc,cpu         ] GC(31706) User=0.01s Sys=0.00s Real=0.01s
[14444.051s][info][gc,start       ] GC(31707) Pause Young (Allocation Failure)
[14444.054s][info][gc,heap        ] GC(31707) PSYoungGen: 83040K(84480K)->1280K(84480K) Eden: 81920K(81920K)->0K(81920K) From: 1120K(2560K)->1280K(2560K)
[14444.054s][info][gc,heap        ] GC(31707) ParOldGen: 397924K(398336K)->397980K(398336K)
[14444.054s][info][gc,metaspace   ] GC(31707) Metaspace: 62347K(62592K)->62347K(62592K) NonClass: 53309K(53504K)->53309K(53504K) Class: 9037K(9088K)->9037K(9088K)
[14444.054s][info][gc             ] GC(31707) Pause Young (Allocation Failure) 469M->389M(471M) 3.402ms
[14444.054s][info][gc,cpu         ] GC(31707) User=0.01s Sys=0.00s Real=0.00s
[14444.536s][info][gc,start       ] GC(31708) Pause Young (Allocation Failure)
[14444.539s][info][gc,heap        ] GC(31708) PSYoungGen: 83200K(84480K)->1152K(84480K) Eden: 81920K(81920K)->0K(81920K) From: 1280K(2560K)->1152K(2560K)
[14444.539s][info][gc,heap        ] GC(31708) ParOldGen: 397980K(398336K)->398036K(398336K)
[14444.539s][info][gc,metaspace   ] GC(31708) Metaspace: 62347K(62592K)->62347K(62592K) NonClass: 53309K(53504K)->53309K(53504K) Class: 9037K(9088K)->9037K(9088K)
[14444.540s][info][gc             ] GC(31708) Pause Young (Allocation Failure) 469M->389M(471M) 3.093ms
[14444.540s][info][gc,cpu         ] GC(31708) User=0.00s Sys=0.00s Real=0.00s
[14445.047s][info][gc,start       ] GC(31709) Pause Young (Allocation Failure)
[14445.051s][info][gc,heap        ] GC(31709) PSYoungGen: 83072K(84480K)->1344K(84480K) Eden: 81920K(81920K)->0K(81920K) From: 1152K(2560K)->1344K(2560K)
[14445.051s][info][gc,heap        ] GC(31709) ParOldGen: 398036K(398336K)->398092K(398336K)
[14445.051s][info][gc,metaspace   ] GC(31709) Metaspace: 62347K(62592K)->62347K(62592K) NonClass: 53309K(53504K)->53309K(53504K) Class: 9037K(9088K)->9037K(9088K)
[14445.051s][info][gc             ] GC(31709) Pause Young (Allocation Failure) 469M->390M(471M) 3.426ms
[14445.051s][info][gc,cpu         ] GC(31709) User=0.01s Sys=0.00s Real=0.00s
[14445.507s][info][gc,start       ] GC(31710) Pause Young (Allocation Failure)
[14445.511s][info][gc,heap        ] GC(31710) PSYoungGen: 83264K(84480K)->832K(84992K) Eden: 81920K(81920K)->0K(82432K) From: 1344K(2560K)->832K(2560K)
[14445.511s][info][gc,heap        ] GC(31710) ParOldGen: 398092K(398336K)->398140K(398336K)
[14445.511s][info][gc,metaspace   ] GC(31710) Metaspace: 62347K(62592K)->62347K(62592K) NonClass: 53309K(53504K)->53309K(53504K) Class: 9037K(9088K)->9037K(9088K)
[14445.511s][info][gc             ] GC(31710) Pause Young (Allocation Failure) 470M->389M(472M) 3.851ms
[14445.511s][info][gc,cpu         ] GC(31710) User=0.01s Sys=0.00s Real=0.00s
[14445.967s][info][gc,start       ] GC(31711) Pause Young (Allocation Failure)
[14445.970s][info][gc,heap        ] GC(31711) PSYoungGen: 83264K(84992K)->1280K(84480K) Eden: 82432K(82432K)->0K(82432K) From: 832K(2560K)->1280K(2048K)
[14445.970s][info][gc,heap        ] GC(31711) ParOldGen: 398140K(398336K)->399220K(399872K)
[14445.970s][info][gc,metaspace   ] GC(31711) Metaspace: 62347K(62592K)->62347K(62592K) NonClass: 53309K(53504K)->53309K(53504K) Class: 9037K(9088K)->9037K(9088K)
[14445.970s][info][gc             ] GC(31711) Pause Young (Allocation Failure) 470M->391M(473M) 3.084ms
[14445.970s][info][gc,cpu         ] GC(31711) User=0.00s Sys=0.00s Real=0.00s
[14446.468s][info][gc,start       ] GC(31712) Pause Young (Allocation Failure)
[14446.471s][info][gc,heap        ] GC(31712) PSYoungGen: 83712K(84480K)->256K(83968K) Eden: 82432K(82432K)->0K(81920K) From: 1280K(2048K)->256K(2048K)
[14446.471s][info][gc,heap        ] GC(31712) ParOldGen: 399220K(399872K)->401324K(401408K)
[14446.471s][info][gc,metaspace   ] GC(31712) Metaspace: 62347K(62592K)->62347K(62592K) NonClass: 53309K(53504K)->53309K(53504K) Class: 9037K(9088K)->9037K(9088K)
[14446.471s][info][gc             ] GC(31712) Pause Young (Allocation Failure) 471M->392M(474M) 3.425ms
[14446.471s][info][gc,cpu         ] GC(31712) User=0.00s Sys=0.00s Real=0.00s
[14446.999s][info][gc,start       ] GC(31713) Pause Young (Allocation Failure)
[14447.001s][info][gc,heap        ] GC(31713) PSYoungGen: 82176K(83968K)->512K(84480K) Eden: 81920K(81920K)->0K(81920K) From: 256K(2048K)->512K(2560K)
[14447.001s][info][gc,heap        ] GC(31713) ParOldGen: 401324K(401408K)->401372K(401408K)
[14447.001s][info][gc,metaspace   ] GC(31713) Metaspace: 62347K(62592K)->62347K(62592K) NonClass: 53309K(53504K)->53309K(53504K) Class: 9037K(9088K)->9037K(9088K)
[14447.001s][info][gc             ] GC(31713) Pause Young (Allocation Failure) 472M->392M(474M) 2.362ms
[14447.001s][info][gc,cpu         ] GC(31713) User=0.01s Sys=0.00s Real=0.00s
[14447.466s][info][gc,start       ] GC(31714) Pause Young (Allocation Failure)
[14447.469s][info][gc,heap        ] GC(31714) PSYoungGen: 82432K(84480K)->256K(84992K) Eden: 81920K(81920K)->0K(82944K) From: 512K(2560K)->256K(2048K)
[14447.469s][info][gc,heap        ] GC(31714) ParOldGen: 401372K(401408K)->401476K(401920K)
[14447.469s][info][gc,metaspace   ] GC(31714) Metaspace: 62347K(62592K)->62347K(62592K) NonClass: 53309K(53504K)->53309K(53504K) Class: 9037K(9088K)->9037K(9088K)
[14447.469s][info][gc             ] GC(31714) Pause Young (Allocation Failure) 472M->392M(475M) 2.326ms
[14447.469s][info][gc,cpu         ] GC(31714) User=0.01s Sys=0.00s Real=0.00s
[14447.989s][info][gc,start       ] GC(31715) Pause Young (Allocation Failure)
[14447.991s][info][gc,heap        ] GC(31715) PSYoungGen: 83200K(84992K)->576K(84992K) Eden: 82944K(82944K)->0K(82944K) From: 256K(2048K)->576K(2048K)
[14447.991s][info][gc,heap        ] GC(31715) ParOldGen: 401476K(401920K)->401524K(401920K)
[14447.991s][info][gc,metaspace   ] GC(31715) Metaspace: 62347K(62592K)->62347K(62592K) NonClass: 53309K(53504K)->53309K(53504K) Class: 9037K(9088K)->9037K(9088K)
[14447.991s][info][gc             ] GC(31715) Pause Young (Allocation Failure) 473M->392M(475M) 2.407ms
[14447.991s][info][gc,cpu         ] GC(31715) User=0.01s Sys=0.00s Real=0.00s
[14448.492s][info][gc,start       ] GC(31716) Pause Young (Allocation Failure)
[14448.495s][info][gc,heap        ] GC(31716) PSYoungGen: 83520K(84992K)->640K(84992K) Eden: 82944K(82944K)->0K(82944K) From: 576K(2048K)->640K(2048K)
[14448.495s][info][gc,heap        ] GC(31716) ParOldGen: 401524K(401920K)->401572K(401920K)
[14448.495s][info][gc,metaspace   ] GC(31716) Metaspace: 62347K(62592K)->62347K(62592K) NonClass: 53309K(53504K)->53309K(53504K) Class: 9037K(9088K)->9037K(9088K)
[14448.495s][info][gc             ] GC(31716) Pause Young (Allocation Failure) 473M->392M(475M) 2.639ms
[14448.495s][info][gc,cpu         ] GC(31716) User=0.00s Sys=0.00s Real=0.01s
[14448.974s][info][gc,start       ] GC(31717) Pause Young (Allocation Failure)
[14448.977s][info][gc,heap        ] GC(31717) PSYoungGen: 83584K(84992K)->352K(84992K) Eden: 82944K(82944K)->0K(82944K) From: 640K(2048K)->352K(2048K)
[14448.977s][info][gc,heap        ] GC(31717) ParOldGen: 401572K(401920K)->401620K(401920K)
[14448.977s][info][gc,metaspace   ] GC(31717) Metaspace: 62347K(62592K)->62347K(62592K) NonClass: 53309K(53504K)->53309K(53504K) Class: 9037K(9088K)->9037K(9088K)
[14448.977s][info][gc             ] GC(31717) Pause Young (Allocation Failure) 473M->392M(475M) 2.390ms
[14448.977s][info][gc,cpu         ] GC(31717) User=0.00s Sys=0.00s Real=0.00s
[14449.505s][info][gc,start       ] GC(31718) Pause Young (Allocation Failure)
[14449.508s][info][gc,heap        ] GC(31718) PSYoungGen: 83296K(84992K)->736K(84992K) Eden: 82944K(82944K)->0K(82944K) From: 352K(2048K)->736K(2048K)
[14449.508s][info][gc,heap        ] GC(31718) ParOldGen: 401620K(401920K)->401676K(401920K)
[14449.508s][info][gc,metaspace   ] GC(31718) Metaspace: 62347K(62592K)->62347K(62592K) NonClass: 53309K(53504K)->53309K(53504K) Class: 9037K(9088K)->9037K(9088K)
[14449.508s][info][gc             ] GC(31718) Pause Young (Allocation Failure) 473M->392M(475M) 2.644ms
[14449.508s][info][gc,cpu         ] GC(31718) User=0.00s Sys=0.00s Real=0.00s
[14450.014s][info][gc,start       ] GC(31719) Pause Young (Allocation Failure)
[14450.017s][info][gc,heap        ] GC(31719) PSYoungGen: 83680K(84992K)->928K(84992K) Eden: 82944K(82944K)->0K(82944K) From: 736K(2048K)->928K(2048K)
[14450.017s][info][gc,heap        ] GC(31719) ParOldGen: 401676K(401920K)->401732K(401920K)
[14450.017s][info][gc,metaspace   ] GC(31719) Metaspace: 62347K(62592K)->62347K(62592K) NonClass: 53309K(53504K)->53309K(53504K) Class: 9037K(9088K)->9037K(9088K)
[14450.017s][info][gc             ] GC(31719) Pause Young (Allocation Failure) 473M->393M(475M) 2.980ms
[14450.017s][info][gc,cpu         ] GC(31719) User=0.00s Sys=0.00s Real=0.01s
[14450.514s][info][gc,start       ] GC(31720) Pause Young (Allocation Failure)
[14450.517s][info][gc,heap        ] GC(31720) PSYoungGen: 83872K(84992K)->928K(84992K) Eden: 82944K(82944K)->0K(82944K) From: 928K(2048K)->928K(2048K)
[14450.517s][info][gc,heap        ] GC(31720) ParOldGen: 401732K(401920K)->401788K(401920K)
[14450.517s][info][gc,metaspace   ] GC(31720) Metaspace: 62347K(62592K)->62347K(62592K) NonClass: 53309K(53504K)->53309K(53504K) Class: 9037K(9088K)->9037K(9088K)
[14450.517s][info][gc             ] GC(31720) Pause Young (Allocation Failure) 474M->393M(475M) 2.967ms
[14450.517s][info][gc,cpu         ] GC(31720) User=0.01s Sys=0.00s Real=0.00s
[14450.997s][info][gc,start       ] GC(31721) Pause Young (Allocation Failure)
[14451.000s][info][gc,heap        ] GC(31721) PSYoungGen: 83872K(84992K)->1664K(84992K) Eden: 82944K(82944K)->0K(82944K) From: 928K(2048K)->1664K(2048K)
[14451.000s][info][gc,heap        ] GC(31721) ParOldGen: 401788K(401920K)->401844K(401920K)
[14451.000s][info][gc,metaspace   ] GC(31721) Metaspace: 62347K(62592K)->62347K(62592K) NonClass: 53309K(53504K)->53309K(53504K) Class: 9037K(9088K)->9037K(9088K)
[14451.000s][info][gc             ] GC(31721) Pause Young (Allocation Failure) 474M->394M(475M) 2.711ms
[14451.000s][info][gc,cpu         ] GC(31721) User=0.01s Sys=0.00s Real=0.00s
[14451.487s][info][gc,start       ] GC(31722) Pause Young (Allocation Failure)
[14451.491s][info][gc,heap        ] GC(31722) PSYoungGen: 84608K(84992K)->544K(84992K) Eden: 82944K(82944K)->0K(82944K) From: 1664K(2048K)->544K(2048K)
[14451.491s][info][gc,heap        ] GC(31722) ParOldGen: 401844K(401920K)->403940K(404992K)
[14451.491s][info][gc,metaspace   ] GC(31722) Metaspace: 62347K(62592K)->62347K(62592K) NonClass: 53309K(53504K)->53309K(53504K) Class: 9037K(9088K)->9037K(9088K)
[14451.491s][info][gc             ] GC(31722) Pause Young (Allocation Failure) 475M->395M(478M) 3.732ms
[14451.491s][info][gc,cpu         ] GC(31722) User=0.00s Sys=0.00s Real=0.00s
[14451.944s][info][gc,start       ] GC(31723) Pause Young (Allocation Failure)
[14451.947s][info][gc,heap        ] GC(31723) PSYoungGen: 83488K(84992K)->1344K(84992K) Eden: 82944K(82944K)->0K(82944K) From: 544K(2048K)->1344K(2048K)
[14451.947s][info][gc,heap        ] GC(31723) ParOldGen: 403940K(404992K)->403996K(404992K)
[14451.947s][info][gc,metaspace   ] GC(31723) Metaspace: 62347K(62592K)->62347K(62592K) NonClass: 53309K(53504K)->53309K(53504K) Class: 9037K(9088K)->9037K(9088K)
[14451.947s][info][gc             ] GC(31723) Pause Young (Allocation Failure) 476M->395M(478M) 3.189ms
[14451.947s][info][gc,cpu         ] GC(31723) User=0.01s Sys=0.00s Real=0.01s
[14452.438s][info][gc,start       ] GC(31724) Pause Young (Allocation Failure)
[14452.441s][info][gc,heap        ] GC(31724) PSYoungGen: 84288K(84992K)->1216K(84992K) Eden: 82944K(82944K)->0K(82944K) From: 1344K(2048K)->1216K(2048K)
[14452.441s][info][gc,heap        ] GC(31724) ParOldGen: 403996K(404992K)->404052K(404992K)
[14452.441s][info][gc,metaspace   ] GC(31724) Metaspace: 62347K(62592K)->62347K(62592K) NonClass: 53309K(53504K)->53309K(53504K) Class: 9037K(9088K)->9037K(9088K)
[14452.441s][info][gc             ] GC(31724) Pause Young (Allocation Failure) 476M->395M(478M) 3.212ms
[14452.441s][info][gc,cpu         ] GC(31724) User=0.00s Sys=0.00s Real=0.00s
[14452.937s][info][gc,start       ] GC(31725) Pause Young (Allocation Failure)
[14452.940s][info][gc,heap        ] GC(31725) PSYoungGen: 84160K(84992K)->1120K(84992K) Eden: 82944K(82944K)->0K(82944K) From: 1216K(2048K)->1120K(2048K)
[14452.940s][info][gc,heap        ] GC(31725) ParOldGen: 404052K(404992K)->404108K(404992K)
[14452.940s][info][gc,metaspace   ] GC(31725) Metaspace: 62347K(62592K)->62347K(62592K) NonClass: 53309K(53504K)->53309K(53504K) Class: 9037K(9088K)->9037K(9088K)
[14452.940s][info][gc             ] GC(31725) Pause Young (Allocation Failure) 476M->395M(478M) 3.195ms
[14452.940s][info][gc,cpu         ] GC(31725) User=0.01s Sys=0.00s Real=0.00s
[14453.449s][info][gc,start       ] GC(31726) Pause Young (Allocation Failure)
[14453.452s][info][gc,heap        ] GC(31726) PSYoungGen: 84064K(84992K)->1248K(84992K) Eden: 82944K(82944K)->0K(82944K) From: 1120K(2048K)->1248K(2048K)
[14453.452s][info][gc,heap        ] GC(31726) ParOldGen: 404108K(404992K)->404164K(404992K)
[14453.452s][info][gc,metaspace   ] GC(31726) Metaspace: 62347K(62592K)->62347K(62592K) NonClass: 53309K(53504K)->53309K(53504K) Class: 9037K(9088K)->9037K(9088K)
[14453.452s][info][gc             ] GC(31726) Pause Young (Allocation Failure) 476M->395M(478M) 3.166ms
[14453.452s][info][gc,cpu         ] GC(31726) User=0.00s Sys=0.00s Real=0.00s
[14453.921s][info][gc,start       ] GC(31727) Pause Young (Allocation Failure)
[14453.924s][info][gc,heap        ] GC(31727) PSYoungGen: 84192K(84992K)->1024K(84992K) Eden: 82944K(82944K)->0K(82944K) From: 1248K(2048K)->1024K(2048K)
[14453.924s][info][gc,heap        ] GC(31727) ParOldGen: 404164K(404992K)->404220K(404992K)
[14453.924s][info][gc,metaspace   ] GC(31727) Metaspace: 62347K(62592K)->62347K(62592K) NonClass: 53309K(53504K)->53309K(53504K) Class: 9037K(9088K)->9037K(9088K)
[14453.924s][info][gc             ] GC(31727) Pause Young (Allocation Failure) 476M->395M(478M) 3.052ms
[14453.924s][info][gc,cpu         ] GC(31727) User=0.01s Sys=0.00s Real=0.00s
[14454.387s][info][gc,start       ] GC(31728) Pause Young (Allocation Failure)
[14454.389s][info][gc,heap        ] GC(31728) PSYoungGen: 83968K(84992K)->544K(84992K) Eden: 82944K(82944K)->0K(82944K) From: 1024K(2048K)->544K(2048K)
[14454.389s][info][gc,heap        ] GC(31728) ParOldGen: 404220K(404992K)->404268K(404992K)
[14454.389s][info][gc,metaspace   ] GC(31728) Metaspace: 62347K(62592K)->62347K(62592K) NonClass: 53309K(53504K)->53309K(53504K) Class: 9037K(9088K)->9037K(9088K)
[14454.389s][info][gc             ] GC(31728) Pause Young (Allocation Failure) 476M->395M(478M) 2.449ms
[14454.389s][info][gc,cpu         ] GC(31728) User=0.01s Sys=0.00s Real=0.00s
[14454.840s][info][gc,start       ] GC(31729) Pause Young (Allocation Failure)
[14454.844s][info][gc,heap        ] GC(31729) PSYoungGen: 83488K(84992K)->1312K(84992K) Eden: 82944K(82944K)->0K(82944K) From: 544K(2048K)->1312K(2048K)
[14454.844s][info][gc,heap        ] GC(31729) ParOldGen: 404268K(404992K)->404324K(404992K)
[14454.844s][info][gc,metaspace   ] GC(31729) Metaspace: 62347K(62592K)->62347K(62592K) NonClass: 53309K(53504K)->53309K(53504K) Class: 9037K(9088K)->9037K(9088K)
[14454.844s][info][gc             ] GC(31729) Pause Young (Allocation Failure) 476M->396M(478M) 3.264ms
[14454.844s][info][gc,cpu         ] GC(31729) User=0.01s Sys=0.00s Real=0.00s
[14455.368s][info][gc,start       ] GC(31730) Pause Young (Allocation Failure)
[14455.370s][info][gc,heap        ] GC(31730) PSYoungGen: 84256K(84992K)->304K(84992K) Eden: 82944K(82944K)->0K(82944K) From: 1312K(2048K)->304K(2048K)
[14455.370s][info][gc,heap        ] GC(31730) ParOldGen: 404324K(404992K)->404372K(404992K)
[14455.370s][info][gc,metaspace   ] GC(31730) Metaspace: 62347K(62592K)->62347K(62592K) NonClass: 53309K(53504K)->53309K(53504K) Class: 9037K(9088K)->9037K(9088K)
[14455.370s][info][gc             ] GC(31730) Pause Young (Allocation Failure) 477M->395M(478M) 2.325ms
[14455.370s][info][gc,cpu         ] GC(31730) User=0.01s Sys=0.00s Real=0.00s
[14455.887s][info][gc,start       ] GC(31731) Pause Young (Allocation Failure)
[14455.889s][info][gc,heap        ] GC(31731) PSYoungGen: 83248K(84992K)->480K(84992K) Eden: 82944K(82944K)->0K(82944K) From: 304K(2048K)->480K(2048K)
[14455.889s][info][gc,heap        ] GC(31731) ParOldGen: 404372K(404992K)->404476K(404992K)
[14455.889s][info][gc,metaspace   ] GC(31731) Metaspace: 62347K(62592K)->62347K(62592K) NonClass: 53309K(53504K)->53309K(53504K) Class: 9037K(9088K)->9037K(9088K)
[14455.889s][info][gc             ] GC(31731) Pause Young (Allocation Failure) 476M->395M(478M) 2.555ms
[14455.889s][info][gc,cpu         ] GC(31731) User=0.00s Sys=0.00s Real=0.00s
[14456.379s][info][gc,start       ] GC(31732) Pause Young (Allocation Failure)
[14456.382s][info][gc,heap        ] GC(31732) PSYoungGen: 83424K(84992K)->1440K(84992K) Eden: 82944K(82944K)->0K(82944K) From: 480K(2048K)->1440K(2048K)
[14456.382s][info][gc,heap        ] GC(31732) ParOldGen: 404476K(404992K)->404524K(404992K)
[14456.382s][info][gc,metaspace   ] GC(31732) Metaspace: 62347K(62592K)->62347K(62592K) NonClass: 53309K(53504K)->53309K(53504K) Class: 9037K(9088K)->9037K(9088K)
[14456.382s][info][gc             ] GC(31732) Pause Young (Allocation Failure) 476M->396M(478M) 2.648ms
[14456.382s][info][gc,cpu         ] GC(31732) User=0.01s Sys=0.00s Real=0.00s
[14456.900s][info][gc,start       ] GC(31733) Pause Young (Allocation Failure)
[14456.903s][info][gc,heap        ] GC(31733) PSYoungGen: 84384K(84992K)->704K(84992K) Eden: 82944K(82944K)->0K(82944K) From: 1440K(2048K)->704K(2048K)
[14456.903s][info][gc,heap        ] GC(31733) ParOldGen: 404524K(404992K)->406620K(408064K)
[14456.903s][info][gc,metaspace   ] GC(31733) Metaspace: 62347K(62592K)->62347K(62592K) NonClass: 53309K(53504K)->53309K(53504K) Class: 9037K(9088K)->9037K(9088K)
[14456.903s][info][gc             ] GC(31733) Pause Young (Allocation Failure) 477M->397M(481M) 3.854ms
[14456.903s][info][gc,cpu         ] GC(31733) User=0.01s Sys=0.00s Real=0.00s
[14457.418s][info][gc,start       ] GC(31734) Pause Young (Allocation Failure)
[14457.421s][info][gc,heap        ] GC(31734) PSYoungGen: 83648K(84992K)->864K(84992K) Eden: 82944K(82944K)->0K(82944K) From: 704K(2048K)->864K(2048K)
[14457.421s][info][gc,heap        ] GC(31734) ParOldGen: 406620K(408064K)->406676K(408064K)
[14457.421s][info][gc,metaspace   ] GC(31734) Metaspace: 62347K(62592K)->62347K(62592K) NonClass: 53309K(53504K)->53309K(53504K) Class: 9037K(9088K)->9037K(9088K)
[14457.421s][info][gc             ] GC(31734) Pause Young (Allocation Failure) 478M->397M(481M) 2.941ms
[14457.421s][info][gc,cpu         ] GC(31734) User=0.01s Sys=0.00s Real=0.00s
[14457.891s][info][gc,start       ] GC(31735) Pause Young (Allocation Failure)
[14457.894s][info][gc,heap        ] GC(31735) PSYoungGen: 83808K(84992K)->640K(84992K) Eden: 82944K(82944K)->0K(82944K) From: 864K(2048K)->640K(2048K)
[14457.894s][info][gc,heap        ] GC(31735) ParOldGen: 406676K(408064K)->406732K(408064K)
[14457.894s][info][gc,metaspace   ] GC(31735) Metaspace: 62347K(62592K)->62347K(62592K) NonClass: 53309K(53504K)->53309K(53504K) Class: 9037K(9088K)->9037K(9088K)
[14457.894s][info][gc             ] GC(31735) Pause Young (Allocation Failure) 478M->397M(481M) 2.542ms
[14457.894s][info][gc,cpu         ] GC(31735) User=0.00s Sys=0.00s Real=0.00s
[14458.359s][info][gc,start       ] GC(31736) Pause Young (Allocation Failure)
[14458.362s][info][gc,heap        ] GC(31736) PSYoungGen: 83584K(84992K)->1280K(84992K) Eden: 82944K(82944K)->0K(82944K) From: 640K(2048K)->1280K(2048K)
[14458.362s][info][gc,heap        ] GC(31736) ParOldGen: 406732K(408064K)->406780K(408064K)
[14458.362s][info][gc,metaspace   ] GC(31736) Metaspace: 62347K(62592K)->62347K(62592K) NonClass: 53309K(53504K)->53309K(53504K) Class: 9037K(9088K)->9037K(9088K)
[14458.362s][info][gc             ] GC(31736) Pause Young (Allocation Failure) 478M->398M(481M) 3.281ms
[14458.362s][info][gc,cpu         ] GC(31736) User=0.01s Sys=0.00s Real=0.00s
[14458.883s][info][gc,start       ] GC(31737) Pause Young (Allocation Failure)
[14458.885s][info][gc,heap        ] GC(31737) PSYoungGen: 84224K(84992K)->448K(84992K) Eden: 82944K(82944K)->0K(82944K) From: 1280K(2048K)->448K(2048K)
[14458.885s][info][gc,heap        ] GC(31737) ParOldGen: 406780K(408064K)->406828K(408064K)
[14458.885s][info][gc,metaspace   ] GC(31737) Metaspace: 62347K(62592K)->62347K(62592K) NonClass: 53309K(53504K)->53309K(53504K) Class: 9037K(9088K)->9037K(9088K)
[14458.885s][info][gc             ] GC(31737) Pause Young (Allocation Failure) 479M->397M(481M) 2.448ms
[14458.885s][info][gc,cpu         ] GC(31737) User=0.00s Sys=0.00s Real=0.01s
[14459.394s][info][gc,start       ] GC(31738) Pause Young (Allocation Failure)
[14459.396s][info][gc,heap        ] GC(31738) PSYoungGen: 83392K(84992K)->576K(84992K) Eden: 82944K(82944K)->0K(82944K) From: 448K(2048K)->576K(2048K)
[14459.396s][info][gc,heap        ] GC(31738) ParOldGen: 406828K(408064K)->406876K(408064K)
[14459.396s][info][gc,metaspace   ] GC(31738) Metaspace: 62347K(62592K)->62347K(62592K) NonClass: 53309K(53504K)->53309K(53504K) Class: 9037K(9088K)->9037K(9088K)
[14459.396s][info][gc             ] GC(31738) Pause Young (Allocation Failure) 478M->397M(481M) 2.494ms
[14459.396s][info][gc,cpu         ] GC(31738) User=0.00s Sys=0.00s Real=0.01s
[14459.868s][info][gc,start       ] GC(31739) Pause Young (Allocation Failure)
[14459.871s][info][gc,heap        ] GC(31739) PSYoungGen: 83520K(84992K)->288K(84992K) Eden: 82944K(82944K)->0K(82944K) From: 576K(2048K)->288K(2048K)
[14459.871s][info][gc,heap        ] GC(31739) ParOldGen: 406876K(408064K)->406932K(408064K)
[14459.871s][info][gc,metaspace   ] GC(31739) Metaspace: 62347K(62592K)->62347K(62592K) NonClass: 53309K(53504K)->53309K(53504K) Class: 9037K(9088K)->9037K(9088K)
[14459.871s][info][gc             ] GC(31739) Pause Young (Allocation Failure) 478M->397M(481M) 2.265ms
[14459.871s][info][gc,cpu         ] GC(31739) User=0.01s Sys=0.00s Real=0.00s
[14460.337s][info][gc,start       ] GC(31740) Pause Young (Allocation Failure)
[14460.341s][info][gc,heap        ] GC(31740) PSYoungGen: 83232K(84992K)->1248K(84992K) Eden: 82944K(82944K)->0K(82944K) From: 288K(2048K)->1248K(2048K)
[14460.341s][info][gc,heap        ] GC(31740) ParOldGen: 406932K(408064K)->406980K(408064K)
[14460.341s][info][gc,metaspace   ] GC(31740) Metaspace: 62347K(62592K)->62347K(62592K) NonClass: 53309K(53504K)->53309K(53504K) Class: 9037K(9088K)->9037K(9088K)
[14460.341s][info][gc             ] GC(31740) Pause Young (Allocation Failure) 478M->398M(481M) 3.345ms
[14460.341s][info][gc,cpu         ] GC(31740) User=0.01s Sys=0.00s Real=0.00s
[14460.801s][info][gc,start       ] GC(31741) Pause Young (Allocation Failure)
[14460.803s][info][gc,heap        ] GC(31741) PSYoungGen: 84192K(84992K)->736K(84992K) Eden: 82944K(82944K)->0K(82944K) From: 1248K(2048K)->736K(2048K)
[14460.803s][info][gc,heap        ] GC(31741) ParOldGen: 406980K(408064K)->407036K(408064K)
[14460.803s][info][gc,metaspace   ] GC(31741) Metaspace: 62347K(62592K)->62347K(62592K) NonClass: 53309K(53504K)->53309K(53504K) Class: 9037K(9088K)->9037K(9088K)
[14460.803s][info][gc             ] GC(31741) Pause Young (Allocation Failure) 479M->398M(481M) 2.774ms
[14460.804s][info][gc,cpu         ] GC(31741) User=0.00s Sys=0.00s Real=0.00s
[14461.283s][info][gc,start       ] GC(31742) Pause Young (Allocation Failure)
[14461.285s][info][gc,heap        ] GC(31742) PSYoungGen: 83680K(84992K)->1472K(84992K) Eden: 82944K(82944K)->0K(82944K) From: 736K(2048K)->1472K(2048K)
[14461.285s][info][gc,heap        ] GC(31742) ParOldGen: 407036K(408064K)->407092K(408064K)
[14461.285s][info][gc,metaspace   ] GC(31742) Metaspace: 62347K(62592K)->62347K(62592K) NonClass: 53309K(53504K)->53309K(53504K) Class: 9037K(9088K)->9037K(9088K)
[14461.285s][info][gc             ] GC(31742) Pause Young (Allocation Failure) 479M->398M(481M) 2.779ms
[14461.285s][info][gc,cpu         ] GC(31742) User=0.00s Sys=0.00s Real=0.01s
[14461.771s][info][gc,start       ] GC(31743) Pause Young (Allocation Failure)
[14461.775s][info][gc,heap        ] GC(31743) PSYoungGen: 84416K(84992K)->320K(84992K) Eden: 82944K(82944K)->0K(82944K) From: 1472K(2048K)->320K(2048K)
[14461.775s][info][gc,heap        ] GC(31743) ParOldGen: 407092K(408064K)->409196K(409600K)
[14461.775s][info][gc,metaspace   ] GC(31743) Metaspace: 62347K(62592K)->62347K(62592K) NonClass: 53309K(53504K)->53309K(53504K) Class: 9037K(9088K)->9037K(9088K)
[14461.775s][info][gc             ] GC(31743) Pause Young (Allocation Failure) 479M->399M(483M) 3.541ms
[14461.775s][info][gc,cpu         ] GC(31743) User=0.00s Sys=0.00s Real=0.01s
[14462.287s][info][gc,start       ] GC(31744) Pause Young (Allocation Failure)
[14462.289s][info][gc,heap        ] GC(31744) PSYoungGen: 83264K(84992K)->448K(84992K) Eden: 82944K(82944K)->0K(82944K) From: 320K(2048K)->448K(2048K)
[14462.289s][info][gc,heap        ] GC(31744) ParOldGen: 409196K(409600K)->409244K(409600K)
[14462.289s][info][gc,metaspace   ] GC(31744) Metaspace: 62347K(62592K)->62347K(62592K) NonClass: 53309K(53504K)->53309K(53504K) Class: 9037K(9088K)->9037K(9088K)
[14462.289s][info][gc             ] GC(31744) Pause Young (Allocation Failure) 480M->400M(483M) 2.323ms
[14462.289s][info][gc,cpu         ] GC(31744) User=0.01s Sys=0.00s Real=0.00s
[14462.788s][info][gc,start       ] GC(31745) Pause Young (Allocation Failure)
[14462.790s][info][gc,heap        ] GC(31745) PSYoungGen: 83392K(84992K)->480K(84992K) Eden: 82944K(82944K)->0K(82944K) From: 448K(2048K)->480K(2048K)
[14462.790s][info][gc,heap        ] GC(31745) ParOldGen: 409244K(409600K)->409300K(409600K)
[14462.790s][info][gc,metaspace   ] GC(31745) Metaspace: 62347K(62592K)->62347K(62592K) NonClass: 53309K(53504K)->53309K(53504K) Class: 9037K(9088K)->9037K(9088K)
[14462.790s][info][gc             ] GC(31745) Pause Young (Allocation Failure) 481M->400M(483M) 2.465ms
[14462.790s][info][gc,cpu         ] GC(31745) User=0.01s Sys=0.00s Real=0.00s
[14463.315s][info][gc,start       ] GC(31746) Pause Young (Allocation Failure)
[14463.318s][info][gc,heap        ] GC(31746) PSYoungGen: 83424K(84992K)->864K(84992K) Eden: 82944K(82944K)->0K(82944K) From: 480K(2048K)->864K(2048K)
[14463.318s][info][gc,heap        ] GC(31746) ParOldGen: 409300K(409600K)->409356K(409600K)
[14463.318s][info][gc,metaspace   ] GC(31746) Metaspace: 62347K(62592K)->62347K(62592K) NonClass: 53309K(53504K)->53309K(53504K) Class: 9037K(9088K)->9037K(9088K)
[14463.318s][info][gc             ] GC(31746) Pause Young (Allocation Failure) 481M->400M(483M) 2.941ms
[14463.318s][info][gc,cpu         ] GC(31746) User=0.00s Sys=0.00s Real=0.00s
[14463.872s][info][gc,start       ] GC(31747) Pause Young (Allocation Failure)
[14463.874s][info][gc,heap        ] GC(31747) PSYoungGen: 83808K(84992K)->400K(84992K) Eden: 82944K(82944K)->0K(82944K) From: 864K(2048K)->400K(2048K)
[14463.874s][info][gc,heap        ] GC(31747) ParOldGen: 409356K(409600K)->409404K(409600K)
[14463.874s][info][gc,metaspace   ] GC(31747) Metaspace: 62347K(62592K)->62347K(62592K) NonClass: 53309K(53504K)->53309K(53504K) Class: 9037K(9088K)->9037K(9088K)
[14463.874s][info][gc             ] GC(31747) Pause Young (Allocation Failure) 481M->400M(483M) 2.433ms
[14463.874s][info][gc,cpu         ] GC(31747) User=0.01s Sys=0.00s Real=0.01s
[14464.347s][info][gc,start       ] GC(31748) Pause Young (Allocation Failure)
[14464.351s][info][gc,heap        ] GC(31748) PSYoungGen: 83344K(84992K)->1312K(84992K) Eden: 82944K(82944K)->0K(82944K) From: 400K(2048K)->1312K(2048K)
[14464.351s][info][gc,heap        ] GC(31748) ParOldGen: 409404K(409600K)->409508K(409600K)
[14464.351s][info][gc,metaspace   ] GC(31748) Metaspace: 62347K(62592K)->62347K(62592K) NonClass: 53309K(53504K)->53309K(53504K) Class: 9037K(9088K)->9037K(9088K)
[14464.351s][info][gc             ] GC(31748) Pause Young (Allocation Failure) 481M->401M(483M) 3.399ms
[14464.351s][info][gc,cpu         ] GC(31748) User=0.00s Sys=0.00s Real=0.00s
[14464.826s][info][gc,start       ] GC(31749) Pause Young (Allocation Failure)
[14464.829s][info][gc,heap        ] GC(31749) PSYoungGen: 84256K(84992K)->1056K(84992K) Eden: 82944K(82944K)->0K(82944K) From: 1312K(2048K)->1056K(2048K)
[14464.829s][info][gc,heap        ] GC(31749) ParOldGen: 409508K(409600K)->409564K(409600K)
[14464.829s][info][gc,metaspace   ] GC(31749) Metaspace: 62347K(62592K)->62347K(62592K) NonClass: 53309K(53504K)->53309K(53504K) Class: 9037K(9088K)->9037K(9088K)
[14464.829s][info][gc             ] GC(31749) Pause Young (Allocation Failure) 482M->400M(483M) 3.026ms
[14464.829s][info][gc,cpu         ] GC(31749) User=0.00s Sys=0.00s Real=0.00s
[14465.297s][info][gc,start       ] GC(31750) Pause Young (Allocation Failure)
[14465.300s][info][gc,heap        ] GC(31750) PSYoungGen: 84000K(84992K)->672K(84992K) Eden: 82944K(82944K)->0K(82944K) From: 1056K(2048K)->672K(2048K)
[14465.300s][info][gc,heap        ] GC(31750) ParOldGen: 409564K(409600K)->409620K(410112K)
[14465.300s][info][gc,metaspace   ] GC(31750) Metaspace: 62347K(62592K)->62347K(62592K) NonClass: 53309K(53504K)->53309K(53504K) Class: 9037K(9088K)->9037K(9088K)
[14465.300s][info][gc             ] GC(31750) Pause Young (Allocation Failure) 481M->400M(483M) 2.671ms
[14465.300s][info][gc,cpu         ] GC(31750) User=0.01s Sys=0.00s Real=0.00s
[14465.752s][info][gc,start       ] GC(31751) Pause Young (Allocation Failure)
[14465.755s][info][gc,heap        ] GC(31751) PSYoungGen: 83616K(84992K)->1504K(84992K) Eden: 82944K(82944K)->0K(82944K) From: 672K(2048K)->1504K(2048K)
[14465.755s][info][gc,heap        ] GC(31751) ParOldGen: 409620K(410112K)->409668K(410112K)
[14465.755s][info][gc,metaspace   ] GC(31751) Metaspace: 62347K(62592K)->62347K(62592K) NonClass: 53309K(53504K)->53309K(53504K) Class: 9037K(9088K)->9037K(9088K)
[14465.755s][info][gc             ] GC(31751) Pause Young (Allocation Failure) 481M->401M(483M) 3.394ms
[14465.755s][info][gc,cpu         ] GC(31751) User=0.01s Sys=0.00s Real=0.01s
[14466.229s][info][gc,start       ] GC(31752) Pause Young (Allocation Failure)
[14466.232s][info][gc,heap        ] GC(31752) PSYoungGen: 84448K(84992K)->1088K(84992K) Eden: 82944K(82944K)->0K(82944K) From: 1504K(2048K)->1088K(2048K)
[14466.232s][info][gc,heap        ] GC(31752) ParOldGen: 409668K(410112K)->409724K(410112K)
[14466.232s][info][gc,metaspace   ] GC(31752) Metaspace: 62347K(62592K)->62347K(62592K) NonClass: 53309K(53504K)->53309K(53504K) Class: 9037K(9088K)->9037K(9088K)
[14466.232s][info][gc             ] GC(31752) Pause Young (Allocation Failure) 482M->401M(483M) 3.197ms
[14466.232s][info][gc,cpu         ] GC(31752) User=0.00s Sys=0.00s Real=0.00s
[14466.679s][info][gc,start       ] GC(31753) Pause Young (Allocation Failure)
[14466.682s][info][gc,heap        ] GC(31753) PSYoungGen: 84032K(84992K)->1504K(84992K) Eden: 82944K(82944K)->0K(82944K) From: 1088K(2048K)->1504K(2048K)
[14466.682s][info][gc,heap        ] GC(31753) ParOldGen: 409724K(410112K)->409780K(410112K)
[14466.682s][info][gc,metaspace   ] GC(31753) Metaspace: 62347K(62592K)->62347K(62592K) NonClass: 53309K(53504K)->53309K(53504K) Class: 9037K(9088K)->9037K(9088K)
[14466.682s][info][gc             ] GC(31753) Pause Young (Allocation Failure) 482M->401M(483M) 2.545ms
[14466.682s][info][gc,cpu         ] GC(31753) User=0.00s Sys=0.00s Real=0.00s
[14467.069s][info][gc,start       ] GC(31754) Pause Young (Allocation Failure)
[14467.072s][info][gc,heap        ] GC(31754) PSYoungGen: 84448K(84992K)->320K(84992K) Eden: 82944K(82944K)->0K(82944K) From: 1504K(2048K)->320K(2048K)
[14467.072s][info][gc,heap        ] GC(31754) ParOldGen: 409780K(410112K)->411884K(413184K)
[14467.072s][info][gc,metaspace   ] GC(31754) Metaspace: 62347K(62592K)->62347K(62592K) NonClass: 53309K(53504K)->53309K(53504K) Class: 9037K(9088K)->9037K(9088K)
[14467.072s][info][gc             ] GC(31754) Pause Young (Allocation Failure) 482M->402M(486M) 3.572ms
[14467.072s][info][gc,cpu         ] GC(31754) User=0.01s Sys=0.01s Real=0.00s
[14467.469s][info][gc,start       ] GC(31755) Pause Young (Allocation Failure)
[14467.471s][info][gc,heap        ] GC(31755) PSYoungGen: 83264K(84992K)->288K(84992K) Eden: 82944K(82944K)->0K(82944K) From: 320K(2048K)->288K(2048K)
[14467.471s][info][gc,heap        ] GC(31755) ParOldGen: 411884K(413184K)->411932K(413184K)
[14467.471s][info][gc,metaspace   ] GC(31755) Metaspace: 62347K(62592K)->62347K(62592K) NonClass: 53309K(53504K)->53309K(53504K) Class: 9037K(9088K)->9037K(9088K)
[14467.471s][info][gc             ] GC(31755) Pause Young (Allocation Failure) 483M->402M(486M) 2.388ms
[14467.471s][info][gc,cpu         ] GC(31755) User=0.00s Sys=0.00s Real=0.00s
[14467.935s][info][gc,start       ] GC(31756) Pause Young (Allocation Failure)
[14467.938s][info][gc,heap        ] GC(31756) PSYoungGen: 83232K(84992K)->1120K(84992K) Eden: 82944K(82944K)->0K(82944K) From: 288K(2048K)->1120K(2048K)
[14467.938s][info][gc,heap        ] GC(31756) ParOldGen: 411932K(413184K)->411988K(413184K)
[14467.938s][info][gc,metaspace   ] GC(31756) Metaspace: 62347K(62592K)->62347K(62592K) NonClass: 53309K(53504K)->53309K(53504K) Class: 9037K(9088K)->9037K(9088K)
[14467.938s][info][gc             ] GC(31756) Pause Young (Allocation Failure) 483M->403M(486M) 3.254ms
[14467.938s][info][gc,cpu         ] GC(31756) User=0.01s Sys=0.00s Real=0.00s
[14468.426s][info][gc,start       ] GC(31757) Pause Young (Allocation Failure)
[14468.429s][info][gc,heap        ] GC(31757) PSYoungGen: 84064K(84992K)->1088K(84992K) Eden: 82944K(82944K)->0K(82944K) From: 1120K(2048K)->1088K(2048K)
[14468.429s][info][gc,heap        ] GC(31757) ParOldGen: 411988K(413184K)->412044K(413184K)
[14468.429s][info][gc,metaspace   ] GC(31757) Metaspace: 62347K(62592K)->62347K(62592K) NonClass: 53309K(53504K)->53309K(53504K) Class: 9037K(9088K)->9037K(9088K)
[14468.429s][info][gc             ] GC(31757) Pause Young (Allocation Failure) 484M->403M(486M) 3.159ms
[14468.429s][info][gc,cpu         ] GC(31757) User=0.01s Sys=0.00s Real=0.00s
[14468.904s][info][gc,start       ] GC(31758) Pause Young (Allocation Failure)
[14468.907s][info][gc,heap        ] GC(31758) PSYoungGen: 84032K(84992K)->768K(84992K) Eden: 82944K(82944K)->0K(82944K) From: 1088K(2048K)->768K(2048K)
[14468.907s][info][gc,heap        ] GC(31758) ParOldGen: 412044K(413184K)->412100K(413184K)
[14468.907s][info][gc,metaspace   ] GC(31758) Metaspace: 62347K(62592K)->62347K(62592K) NonClass: 53309K(53504K)->53309K(53504K) Class: 9037K(9088K)->9037K(9088K)
[14468.907s][info][gc             ] GC(31758) Pause Young (Allocation Failure) 484M->403M(486M) 2.597ms
[14468.907s][info][gc,cpu         ] GC(31758) User=0.00s Sys=0.00s Real=0.00s
[14469.372s][info][gc,start       ] GC(31759) Pause Young (Allocation Failure)
[14469.374s][info][gc,heap        ] GC(31759) PSYoungGen: 83711K(84992K)->352K(84992K) Eden: 82943K(82944K)->0K(82944K) From: 768K(2048K)->352K(2048K)
[14469.374s][info][gc,heap        ] GC(31759) ParOldGen: 412100K(413184K)->412148K(413184K)
[14469.374s][info][gc,metaspace   ] GC(31759) Metaspace: 62347K(62592K)->62347K(62592K) NonClass: 53309K(53504K)->53309K(53504K) Class: 9037K(9088K)->9037K(9088K)
[14469.374s][info][gc             ] GC(31759) Pause Young (Allocation Failure) 484M->402M(486M) 2.304ms
[14469.374s][info][gc,cpu         ] GC(31759) User=0.01s Sys=0.00s Real=0.00s
[14469.783s][info][gc,start       ] GC(31760) Pause Young (Allocation Failure)
[14469.785s][info][gc,heap        ] GC(31760) PSYoungGen: 83296K(84992K)->512K(84992K) Eden: 82944K(82944K)->0K(82944K) From: 352K(2048K)->512K(2048K)
[14469.785s][info][gc,heap        ] GC(31760) ParOldGen: 412148K(413184K)->412204K(413184K)
[14469.785s][info][gc,metaspace   ] GC(31760) Metaspace: 62347K(62592K)->62347K(62592K) NonClass: 53309K(53504K)->53309K(53504K) Class: 9037K(9088K)->9037K(9088K)
[14469.785s][info][gc             ] GC(31760) Pause Young (Allocation Failure) 483M->403M(486M) 2.395ms
[14469.785s][info][gc,cpu         ] GC(31760) User=0.01s Sys=0.00s Real=0.01s
[14470.253s][info][gc,start       ] GC(31761) Pause Young (Allocation Failure)
[14470.257s][info][gc,heap        ] GC(31761) PSYoungGen: 83456K(84992K)->1504K(84992K) Eden: 82944K(82944K)->0K(82944K) From: 512K(2048K)->1504K(2048K)
[14470.257s][info][gc,heap        ] GC(31761) ParOldGen: 412204K(413184K)->412260K(413184K)
[14470.257s][info][gc,metaspace   ] GC(31761) Metaspace: 62347K(62592K)->62347K(62592K) NonClass: 53309K(53504K)->53309K(53504K) Class: 9037K(9088K)->9037K(9088K)
[14470.257s][info][gc             ] GC(31761) Pause Young (Allocation Failure) 484M->404M(486M) 3.528ms
[14470.257s][info][gc,cpu         ] GC(31761) User=0.00s Sys=0.00s Real=0.01s
[14470.706s][info][gc,start       ] GC(31762) Pause Young (Allocation Failure)
[14470.709s][info][gc,heap        ] GC(31762) PSYoungGen: 84448K(84992K)->864K(84992K) Eden: 82944K(82944K)->0K(82944K) From: 1504K(2048K)->864K(2048K)
[14470.709s][info][gc,heap        ] GC(31762) ParOldGen: 412260K(413184K)->412316K(413184K)
[14470.709s][info][gc,metaspace   ] GC(31762) Metaspace: 62347K(62592K)->62347K(62592K) NonClass: 53309K(53504K)->53309K(53504K) Class: 9037K(9088K)->9037K(9088K)
[14470.709s][info][gc             ] GC(31762) Pause Young (Allocation Failure) 485M->403M(486M) 2.916ms
[14470.709s][info][gc,cpu         ] GC(31762) User=0.00s Sys=0.00s Real=0.00s
[14471.149s][info][gc,start       ] GC(31763) Pause Young (Allocation Failure)
[14471.154s][info][gc,heap        ] GC(31763) PSYoungGen: 83808K(84992K)->2016K(84992K) Eden: 82944K(82944K)->0K(82944K) From: 864K(2048K)->2016K(2048K)
[14471.154s][info][gc,heap        ] GC(31763) ParOldGen: 412316K(413184K)->413860K(414720K)
[14471.154s][info][gc,metaspace   ] GC(31763) Metaspace: 62347K(62592K)->62347K(62592K) NonClass: 53309K(53504K)->53309K(53504K) Class: 9037K(9088K)->9037K(9088K)
[14471.154s][info][gc             ] GC(31763) Pause Young (Allocation Failure) 484M->406M(488M) 4.541ms
[14471.154s][info][gc,cpu         ] GC(31763) User=0.00s Sys=0.00s Real=0.00s
[14471.684s][info][gc,start       ] GC(31764) Pause Young (Allocation Failure)
[14471.688s][info][gc,heap        ] GC(31764) PSYoungGen: 84960K(84992K)->560K(82944K) Eden: 82944K(82944K)->0K(80896K) From: 2016K(2048K)->560K(2048K)
[14471.688s][info][gc,heap        ] GC(31764) ParOldGen: 413860K(414720K)->415956K(416256K)
[14471.688s][info][gc,metaspace   ] GC(31764) Metaspace: 62347K(62592K)->62347K(62592K) NonClass: 53309K(53504K)->53309K(53504K) Class: 9037K(9088K)->9037K(9088K)
[14471.688s][info][gc             ] GC(31764) Pause Young (Allocation Failure) 487M->406M(487M) 3.737ms
[14471.688s][info][gc,cpu         ] GC(31764) User=0.01s Sys=0.00s Real=0.01s
[14472.147s][info][gc,start       ] GC(31765) Pause Young (Allocation Failure)
[14472.151s][info][gc,heap        ] GC(31765) PSYoungGen: 81456K(82944K)->1376K(83968K) Eden: 80896K(80896K)->0K(80896K) From: 560K(2048K)->1376K(3072K)
[14472.151s][info][gc,heap        ] GC(31765) ParOldGen: 415956K(416256K)->416068K(416256K)
[14472.151s][info][gc,metaspace   ] GC(31765) Metaspace: 62347K(62592K)->62347K(62592K) NonClass: 53309K(53504K)->53309K(53504K) Class: 9037K(9088K)->9037K(9088K)
[14472.151s][info][gc             ] GC(31765) Pause Young (Allocation Failure) 485M->407M(488M) 3.564ms
[14472.151s][info][gc,cpu         ] GC(31765) User=0.01s Sys=0.00s Real=0.00s
[14472.587s][info][gc,start       ] GC(31766) Pause Young (Allocation Failure)
[14472.589s][info][gc,heap        ] GC(31766) PSYoungGen: 82272K(83968K)->544K(83968K) Eden: 80896K(80896K)->0K(80896K) From: 1376K(3072K)->544K(3072K)
[14472.589s][info][gc,heap        ] GC(31766) ParOldGen: 416068K(416256K)->416124K(416256K)
[14472.589s][info][gc,metaspace   ] GC(31766) Metaspace: 62347K(62592K)->62347K(62592K) NonClass: 53309K(53504K)->53309K(53504K) Class: 9037K(9088K)->9037K(9088K)
[14472.589s][info][gc             ] GC(31766) Pause Young (Allocation Failure) 486M->406M(488M) 2.423ms
[14472.589s][info][gc,cpu         ] GC(31766) User=0.00s Sys=0.00s Real=0.00s
[14473.005s][info][gc,start       ] GC(31767) Pause Young (Allocation Failure)
[14473.007s][info][gc,heap        ] GC(31767) PSYoungGen: 81440K(83968K)->800K(83968K) Eden: 80896K(80896K)->0K(80896K) From: 544K(3072K)->800K(3072K)
[14473.007s][info][gc,heap        ] GC(31767) ParOldGen: 416124K(416256K)->416180K(416256K)
[14473.007s][info][gc,metaspace   ] GC(31767) Metaspace: 62347K(62592K)->62347K(62592K) NonClass: 53309K(53504K)->53309K(53504K) Class: 9037K(9088K)->9037K(9088K)
[14473.007s][info][gc             ] GC(31767) Pause Young (Allocation Failure) 485M->407M(488M) 2.878ms
[14473.008s][info][gc,cpu         ] GC(31767) User=0.01s Sys=0.00s Real=0.00s
[14473.464s][info][gc,start       ] GC(31768) Pause Young (Allocation Failure)
[14473.466s][info][gc,heap        ] GC(31768) PSYoungGen: 81696K(83968K)->224K(84480K) Eden: 80896K(80896K)->0K(81920K) From: 800K(3072K)->224K(2560K)
[14473.466s][info][gc,heap        ] GC(31768) ParOldGen: 416180K(416256K)->416228K(416256K)
[14473.466s][info][gc,metaspace   ] GC(31768) Metaspace: 62347K(62592K)->62347K(62592K) NonClass: 53309K(53504K)->53309K(53504K) Class: 9037K(9088K)->9037K(9088K)
[14473.466s][info][gc             ] GC(31768) Pause Young (Allocation Failure) 486M->406M(489M) 2.197ms
[14473.466s][info][gc,cpu         ] GC(31768) User=0.01s Sys=0.00s Real=0.01s
[14473.940s][info][gc,start       ] GC(31769) Pause Young (Allocation Failure)
[14473.943s][info][gc,heap        ] GC(31769) PSYoungGen: 82144K(84480K)->1248K(84480K) Eden: 81920K(81920K)->0K(81920K) From: 224K(2560K)->1248K(2560K)
[14473.943s][info][gc,heap        ] GC(31769) ParOldGen: 416228K(416256K)->416284K(416768K)
[14473.943s][info][gc,metaspace   ] GC(31769) Metaspace: 62347K(62592K)->62347K(62592K) NonClass: 53309K(53504K)->53309K(53504K) Class: 9037K(9088K)->9037K(9088K)
[14473.943s][info][gc             ] GC(31769) Pause Young (Allocation Failure) 486M->407M(489M) 3.205ms
[14473.943s][info][gc,cpu         ] GC(31769) User=0.00s Sys=0.00s Real=0.00s
[14474.396s][info][gc,start       ] GC(31770) Pause Young (Allocation Failure)
[14474.399s][info][gc,heap        ] GC(31770) PSYoungGen: 83168K(84480K)->704K(84480K) Eden: 81920K(81920K)->0K(81920K) From: 1248K(2560K)->704K(2560K)
[14474.399s][info][gc,heap        ] GC(31770) ParOldGen: 416284K(416768K)->416340K(416768K)
[14474.399s][info][gc,metaspace   ] GC(31770) Metaspace: 62347K(62592K)->62347K(62592K) NonClass: 53309K(53504K)->53309K(53504K) Class: 9037K(9088K)->9037K(9088K)
[14474.399s][info][gc             ] GC(31770) Pause Young (Allocation Failure) 487M->407M(489M) 2.671ms
[14474.399s][info][gc,cpu         ] GC(31770) User=0.00s Sys=0.00s Real=0.00s
[14474.816s][info][gc,start       ] GC(31771) Pause Young (Allocation Failure)
[14474.819s][info][gc,heap        ] GC(31771) PSYoungGen: 82624K(84480K)->1088K(84480K) Eden: 81920K(81920K)->0K(81920K) From: 704K(2560K)->1088K(2560K)
[14474.819s][info][gc,heap        ] GC(31771) ParOldGen: 416340K(416768K)->416396K(416768K)
[14474.819s][info][gc,metaspace   ] GC(31771) Metaspace: 62347K(62592K)->62347K(62592K) NonClass: 53309K(53504K)->53309K(53504K) Class: 9037K(9088K)->9037K(9088K)
[14474.819s][info][gc             ] GC(31771) Pause Young (Allocation Failure) 487M->407M(489M) 3.163ms
[14474.819s][info][gc,cpu         ] GC(31771) User=0.00s Sys=0.00s Real=0.00s
[14475.222s][info][gc,start       ] GC(31772) Pause Young (Allocation Failure)
[14475.225s][info][gc,heap        ] GC(31772) PSYoungGen: 83008K(84480K)->1088K(84480K) Eden: 81920K(81920K)->0K(81920K) From: 1088K(2560K)->1088K(2560K)
[14475.225s][info][gc,heap        ] GC(31772) ParOldGen: 416396K(416768K)->416452K(416768K)
[14475.225s][info][gc,metaspace   ] GC(31772) Metaspace: 62347K(62592K)->62347K(62592K) NonClass: 53309K(53504K)->53309K(53504K) Class: 9037K(9088K)->9037K(9088K)
[14475.225s][info][gc             ] GC(31772) Pause Young (Allocation Failure) 487M->407M(489M) 2.993ms
[14475.225s][info][gc,cpu         ] GC(31772) User=0.01s Sys=0.00s Real=0.01s
[14475.651s][info][gc,start       ] GC(31773) Pause Young (Allocation Failure)
[14475.654s][info][gc,heap        ] GC(31773) PSYoungGen: 83008K(84480K)->1536K(84480K) Eden: 81920K(81920K)->0K(81920K) From: 1088K(2560K)->1536K(2560K)
[14475.654s][info][gc,heap        ] GC(31773) ParOldGen: 416452K(416768K)->416508K(416768K)
[14475.654s][info][gc,metaspace   ] GC(31773) Metaspace: 62347K(62592K)->62347K(62592K) NonClass: 53309K(53504K)->53309K(53504K) Class: 9037K(9088K)->9037K(9088K)
[14475.654s][info][gc             ] GC(31773) Pause Young (Allocation Failure) 487M->408M(489M) 3.462ms
[14475.654s][info][gc,cpu         ] GC(31773) User=0.00s Sys=0.00s Real=0.01s
[14476.107s][info][gc,start       ] GC(31774) Pause Young (Allocation Failure)
[14476.110s][info][gc,heap        ] GC(31774) PSYoungGen: 83456K(84480K)->800K(84480K) Eden: 81920K(81920K)->0K(81920K) From: 1536K(2560K)->800K(2560K)
[14476.110s][info][gc,heap        ] GC(31774) ParOldGen: 416508K(416768K)->416564K(416768K)
[14476.110s][info][gc,metaspace   ] GC(31774) Metaspace: 62347K(62592K)->62347K(62592K) NonClass: 53309K(53504K)->53309K(53504K) Class: 9037K(9088K)->9037K(9088K)
[14476.110s][info][gc             ] GC(31774) Pause Young (Allocation Failure) 488M->407M(489M) 2.674ms
[14476.110s][info][gc,cpu         ] GC(31774) User=0.01s Sys=0.00s Real=0.00s
[14476.573s][info][gc,start       ] GC(31775) Pause Young (Allocation Failure)
[14476.576s][info][gc,heap        ] GC(31775) PSYoungGen: 82720K(84480K)->320K(84480K) Eden: 81920K(81920K)->0K(81920K) From: 800K(2560K)->320K(2560K)
[14476.576s][info][gc,heap        ] GC(31775) ParOldGen: 416564K(416768K)->416620K(416768K)
[14476.576s][info][gc,metaspace   ] GC(31775) Metaspace: 62347K(62592K)->62347K(62592K) NonClass: 53309K(53504K)->53309K(53504K) Class: 9037K(9088K)->9037K(9088K)
[14476.576s][info][gc             ] GC(31775) Pause Young (Allocation Failure) 487M->407M(489M) 2.393ms
[14476.576s][info][gc,cpu         ] GC(31775) User=0.01s Sys=0.00s Real=0.01s
[14477.046s][info][gc,start       ] GC(31776) Pause Young (Allocation Failure)
[14477.049s][info][gc,heap        ] GC(31776) PSYoungGen: 82240K(84480K)->1312K(84480K) Eden: 81920K(81920K)->0K(81920K) From: 320K(2560K)->1312K(2560K)
[14477.049s][info][gc,heap        ] GC(31776) ParOldGen: 416620K(416768K)->416668K(416768K)
[14477.049s][info][gc,metaspace   ] GC(31776) Metaspace: 62347K(62592K)->62347K(62592K) NonClass: 53309K(53504K)->53309K(53504K) Class: 9037K(9088K)->9037K(9088K)
[14477.049s][info][gc             ] GC(31776) Pause Young (Allocation Failure) 487M->408M(489M) 3.454ms
[14477.049s][info][gc,cpu         ] GC(31776) User=0.00s Sys=0.00s Real=0.00s
[14477.509s][info][gc,start       ] GC(31777) Pause Young (Allocation Failure)
[14477.512s][info][gc,heap        ] GC(31777) PSYoungGen: 83232K(84480K)->864K(84480K) Eden: 81920K(81920K)->0K(81920K) From: 1312K(2560K)->864K(2560K)
[14477.512s][info][gc,heap        ] GC(31777) ParOldGen: 416668K(416768K)->416724K(416768K)
[14477.512s][info][gc,metaspace   ] GC(31777) Metaspace: 62347K(62592K)->62347K(62592K) NonClass: 53309K(53504K)->53309K(53504K) Class: 9037K(9088K)->9037K(9088K)
[14477.512s][info][gc             ] GC(31777) Pause Young (Allocation Failure) 488M->407M(489M) 2.763ms
[14477.512s][info][gc,cpu         ] GC(31777) User=0.00s Sys=0.00s Real=0.00s
[14477.937s][info][gc,start       ] GC(31778) Pause Young (Allocation Failure)
[14477.940s][info][gc,heap        ] GC(31778) PSYoungGen: 82784K(84480K)->1312K(84480K) Eden: 81920K(81920K)->0K(81920K) From: 864K(2560K)->1312K(2560K)
[14477.940s][info][gc,heap        ] GC(31778) ParOldGen: 416724K(416768K)->416780K(417280K)
[14477.940s][info][gc,metaspace   ] GC(31778) Metaspace: 62347K(62592K)->62347K(62592K) NonClass: 53309K(53504K)->53309K(53504K) Class: 9037K(9088K)->9037K(9088K)
[14477.940s][info][gc             ] GC(31778) Pause Young (Allocation Failure) 487M->408M(490M) 3.202ms
[14477.940s][info][gc,cpu         ] GC(31778) User=0.01s Sys=0.00s Real=0.00s
[14478.381s][info][gc,start       ] GC(31779) Pause Young (Allocation Failure)
[14478.384s][info][gc,heap        ] GC(31779) PSYoungGen: 83232K(84480K)->480K(84480K) Eden: 81920K(81920K)->0K(81920K) From: 1312K(2560K)->480K(2560K)
[14478.384s][info][gc,heap        ] GC(31779) ParOldGen: 416780K(417280K)->416836K(417280K)
[14478.384s][info][gc,metaspace   ] GC(31779) Metaspace: 62347K(62592K)->62347K(62592K) NonClass: 53309K(53504K)->53309K(53504K) Class: 9037K(9088K)->9037K(9088K)
[14478.384s][info][gc             ] GC(31779) Pause Young (Allocation Failure) 488M->407M(490M) 2.458ms
[14478.384s][info][gc,cpu         ] GC(31779) User=0.01s Sys=0.00s Real=0.00s
[14478.918s][info][gc,start       ] GC(31780) Pause Young (Allocation Failure)
[14478.920s][info][gc,heap        ] GC(31780) PSYoungGen: 82400K(84480K)->400K(84480K) Eden: 81920K(81920K)->0K(81920K) From: 480K(2560K)->400K(2560K)
[14478.920s][info][gc,heap        ] GC(31780) ParOldGen: 416836K(417280K)->416884K(417280K)
[14478.920s][info][gc,metaspace   ] GC(31780) Metaspace: 62347K(62592K)->62347K(62592K) NonClass: 53309K(53504K)->53309K(53504K) Class: 9037K(9088K)->9037K(9088K)
[14478.920s][info][gc             ] GC(31780) Pause Young (Allocation Failure) 487M->407M(490M) 2.458ms
[14478.920s][info][gc,cpu         ] GC(31780) User=0.01s Sys=0.00s Real=0.00s
[14479.368s][info][gc,start       ] GC(31781) Pause Young (Allocation Failure)
[14479.370s][info][gc,heap        ] GC(31781) PSYoungGen: 82320K(84480K)->288K(84480K) Eden: 81919K(81920K)->0K(81920K) From: 400K(2560K)->288K(2560K)
[14479.370s][info][gc,heap        ] GC(31781) ParOldGen: 416884K(417280K)->416988K(417280K)
[14479.370s][info][gc,metaspace   ] GC(31781) Metaspace: 62347K(62592K)->62347K(62592K) NonClass: 53309K(53504K)->53309K(53504K) Class: 9037K(9088K)->9037K(9088K)
[14479.370s][info][gc             ] GC(31781) Pause Young (Allocation Failure) 487M->407M(490M) 2.383ms
[14479.370s][info][gc,cpu         ] GC(31781) User=0.01s Sys=0.00s Real=0.00s
[14479.796s][info][gc,start       ] GC(31782) Pause Young (Allocation Failure)
[14479.798s][info][gc,heap        ] GC(31782) PSYoungGen: 82208K(84480K)->704K(84992K) Eden: 81920K(81920K)->0K(82944K) From: 288K(2560K)->704K(2048K)
[14479.798s][info][gc,heap        ] GC(31782) ParOldGen: 416988K(417280K)->417044K(417280K)
[14479.798s][info][gc,metaspace   ] GC(31782) Metaspace: 62347K(62592K)->62347K(62592K) NonClass: 53309K(53504K)->53309K(53504K) Class: 9037K(9088K)->9037K(9088K)
[14479.798s][info][gc             ] GC(31782) Pause Young (Allocation Failure) 487M->407M(490M) 2.701ms
[14479.798s][info][gc,cpu         ] GC(31782) User=0.01s Sys=0.00s Real=0.00s
[14480.243s][info][gc,start       ] GC(31783) Pause Young (Allocation Failure)
[14480.247s][info][gc,heap        ] GC(31783) PSYoungGen: 83648K(84992K)->1376K(84992K) Eden: 82944K(82944K)->0K(82944K) From: 704K(2048K)->1376K(2048K)
[14480.247s][info][gc,heap        ] GC(31783) ParOldGen: 417044K(417280K)->417092K(417280K)
[14480.247s][info][gc,metaspace   ] GC(31783) Metaspace: 62347K(62592K)->62347K(62592K) NonClass: 53309K(53504K)->53309K(53504K) Class: 9037K(9088K)->9037K(9088K)
[14480.247s][info][gc             ] GC(31783) Pause Young (Allocation Failure) 488M->408M(490M) 3.467ms
[14480.247s][info][gc,cpu         ] GC(31783) User=0.01s Sys=0.00s Real=0.01s
[14480.684s][info][gc,start       ] GC(31784) Pause Young (Allocation Failure)
[14480.687s][info][gc,heap        ] GC(31784) PSYoungGen: 84320K(84992K)->1568K(83968K) Eden: 82944K(82944K)->0K(81920K) From: 1376K(2048K)->1568K(2048K)
[14480.687s][info][gc,heap        ] GC(31784) ParOldGen: 417092K(417280K)->417148K(417280K)
[14480.687s][info][gc,metaspace   ] GC(31784) Metaspace: 62347K(62592K)->62347K(62592K) NonClass: 53309K(53504K)->53309K(53504K) Class: 9037K(9088K)->9037K(9088K)
[14480.687s][info][gc             ] GC(31784) Pause Young (Allocation Failure) 489M->408M(489M) 2.629ms
[14480.687s][info][gc,cpu         ] GC(31784) User=0.01s Sys=0.00s Real=0.00s
[14481.116s][info][gc,start       ] GC(31785) Pause Young (Allocation Failure)
[14481.119s][info][gc,heap        ] GC(31785) PSYoungGen: 83488K(83968K)->1024K(84480K) Eden: 81920K(81920K)->0K(81920K) From: 1568K(2048K)->1024K(2560K)
[14481.119s][info][gc,heap        ] GC(31785) ParOldGen: 417148K(417280K)->418228K(418816K)
[14481.119s][info][gc,metaspace   ] GC(31785) Metaspace: 62347K(62592K)->62347K(62592K) NonClass: 53309K(53504K)->53309K(53504K) Class: 9037K(9088K)->9037K(9088K)
[14481.119s][info][gc             ] GC(31785) Pause Young (Allocation Failure) 488M->409M(491M) 3.579ms
[14481.119s][info][gc,cpu         ] GC(31785) User=0.00s Sys=0.00s Real=0.00s
[14481.551s][info][gc,start       ] GC(31786) Pause Young (Allocation Failure)
[14481.555s][info][gc,heap        ] GC(31786) PSYoungGen: 82944K(84480K)->1504K(84480K) Eden: 81920K(81920K)->0K(81920K) From: 1024K(2560K)->1504K(2560K)
[14481.555s][info][gc,heap        ] GC(31786) ParOldGen: 418228K(418816K)->418284K(418816K)
[14481.555s][info][gc,metaspace   ] GC(31786) Metaspace: 62347K(62592K)->62347K(62592K) NonClass: 53309K(53504K)->53309K(53504K) Class: 9037K(9088K)->9037K(9088K)
[14481.555s][info][gc             ] GC(31786) Pause Young (Allocation Failure) 489M->409M(491M) 3.432ms
[14481.555s][info][gc,cpu         ] GC(31786) User=0.00s Sys=0.00s Real=0.01s
[14482.052s][info][gc,start       ] GC(31787) Pause Young (Allocation Failure)
[14482.056s][info][gc,heap        ] GC(31787) PSYoungGen: 83424K(84480K)->1408K(84480K) Eden: 81920K(81920K)->0K(81920K) From: 1504K(2560K)->1408K(2560K)
[14482.056s][info][gc,heap        ] GC(31787) ParOldGen: 418284K(418816K)->418340K(418816K)
[14482.056s][info][gc,metaspace   ] GC(31787) Metaspace: 62347K(62592K)->62347K(62592K) NonClass: 53309K(53504K)->53309K(53504K) Class: 9037K(9088K)->9037K(9088K)
[14482.056s][info][gc             ] GC(31787) Pause Young (Allocation Failure) 489M->409M(491M) 3.463ms
[14482.056s][info][gc,cpu         ] GC(31787) User=0.00s Sys=0.00s Real=0.01s
[14482.539s][info][gc,start       ] GC(31788) Pause Young (Allocation Failure)
[14482.542s][info][gc,heap        ] GC(31788) PSYoungGen: 83328K(84480K)->1248K(84480K) Eden: 81920K(81920K)->0K(81920K) From: 1408K(2560K)->1248K(2560K)
[14482.542s][info][gc,heap        ] GC(31788) ParOldGen: 418340K(418816K)->418388K(418816K)
[14482.542s][info][gc,metaspace   ] GC(31788) Metaspace: 62347K(62592K)->62347K(62592K) NonClass: 53309K(53504K)->53309K(53504K) Class: 9037K(9088K)->9037K(9088K)
[14482.542s][info][gc             ] GC(31788) Pause Young (Allocation Failure) 489M->409M(491M) 3.266ms
[14482.542s][info][gc,cpu         ] GC(31788) User=0.00s Sys=0.00s Real=0.00s
[14483.024s][info][gc,start       ] GC(31789) Pause Young (Allocation Failure)
[14483.027s][info][gc,heap        ] GC(31789) PSYoungGen: 83168K(84480K)->1024K(84480K) Eden: 81920K(81920K)->0K(81920K) From: 1248K(2560K)->1024K(2560K)
[14483.027s][info][gc,heap        ] GC(31789) ParOldGen: 418388K(418816K)->418444K(418816K)
[14483.027s][info][gc,metaspace   ] GC(31789) Metaspace: 62347K(62592K)->62347K(62592K) NonClass: 53309K(53504K)->53309K(53504K) Class: 9037K(9088K)->9037K(9088K)
[14483.027s][info][gc             ] GC(31789) Pause Young (Allocation Failure) 489M->409M(491M) 3.126ms
[14483.027s][info][gc,cpu         ] GC(31789) User=0.00s Sys=0.00s Real=0.01s
[14483.496s][info][gc,start       ] GC(31790) Pause Young (Allocation Failure)
[14483.498s][info][gc,heap        ] GC(31790) PSYoungGen: 82944K(84480K)->640K(84992K) Eden: 81920K(81920K)->0K(82432K) From: 1024K(2560K)->640K(2560K)
[14483.498s][info][gc,heap        ] GC(31790) ParOldGen: 418444K(418816K)->418492K(418816K)
[14483.498s][info][gc,metaspace   ] GC(31790) Metaspace: 62347K(62592K)->62347K(62592K) NonClass: 53309K(53504K)->53309K(53504K) Class: 9037K(9088K)->9037K(9088K)
[14483.498s][info][gc             ] GC(31790) Pause Young (Allocation Failure) 489M->409M(492M) 2.614ms
[14483.498s][info][gc,cpu         ] GC(31790) User=0.00s Sys=0.00s Real=0.00s
[14483.982s][info][gc,start       ] GC(31791) Pause Young (Allocation Failure)
[14483.985s][info][gc,heap        ] GC(31791) PSYoungGen: 83072K(84992K)->480K(84480K) Eden: 82432K(82432K)->0K(82432K) From: 640K(2560K)->480K(2048K)
[14483.985s][info][gc,heap        ] GC(31791) ParOldGen: 418492K(418816K)->418540K(418816K)
[14483.985s][info][gc,metaspace   ] GC(31791) Metaspace: 62347K(62592K)->62347K(62592K) NonClass: 53309K(53504K)->53309K(53504K) Class: 9037K(9088K)->9037K(9088K)
[14483.985s][info][gc             ] GC(31791) Pause Young (Allocation Failure) 489M->409M(491M) 2.493ms
[14483.985s][info][gc,cpu         ] GC(31791) User=0.01s Sys=0.00s Real=0.01s
[14484.431s][info][gc,start       ] GC(31792) Pause Young (Allocation Failure)
[14484.434s][info][gc,heap        ] GC(31792) PSYoungGen: 82912K(84480K)->1248K(84992K) Eden: 82432K(82432K)->0K(82944K) From: 480K(2048K)->1248K(2048K)
[14484.434s][info][gc,heap        ] GC(31792) ParOldGen: 418540K(418816K)->418596K(418816K)
[14484.434s][info][gc,metaspace   ] GC(31792) Metaspace: 62347K(62592K)->62347K(62592K) NonClass: 53309K(53504K)->53309K(53504K) Class: 9037K(9088K)->9037K(9088K)
[14484.434s][info][gc             ] GC(31792) Pause Young (Allocation Failure) 489M->410M(492M) 3.156ms
[14484.434s][info][gc,cpu         ] GC(31792) User=0.01s Sys=0.00s Real=0.00s
[14484.867s][info][gc,start       ] GC(31793) Pause Young (Allocation Failure)
[14484.869s][info][gc,heap        ] GC(31793) PSYoungGen: 84192K(84992K)->288K(84992K) Eden: 82944K(82944K)->0K(82944K) From: 1248K(2048K)->288K(2048K)
[14484.869s][info][gc,heap        ] GC(31793) ParOldGen: 418596K(418816K)->418652K(418816K)
[14484.869s][info][gc,metaspace   ] GC(31793) Metaspace: 62347K(62592K)->62347K(62592K) NonClass: 53309K(53504K)->53309K(53504K) Class: 9037K(9088K)->9037K(9088K)
[14484.869s][info][gc             ] GC(31793) Pause Young (Allocation Failure) 491M->409M(492M) 2.282ms
[14484.869s][info][gc,cpu         ] GC(31793) User=0.01s Sys=0.00s Real=0.00s
[14485.291s][info][gc,start       ] GC(31794) Pause Young (Allocation Failure)
[14485.294s][info][gc,heap        ] GC(31794) PSYoungGen: 83232K(84992K)->672K(84992K) Eden: 82944K(82944K)->0K(82944K) From: 288K(2048K)->672K(2048K)
[14485.294s][info][gc,heap        ] GC(31794) ParOldGen: 418652K(418816K)->418700K(418816K)
[14485.294s][info][gc,metaspace   ] GC(31794) Metaspace: 62347K(62592K)->62347K(62592K) NonClass: 53309K(53504K)->53309K(53504K) Class: 9037K(9088K)->9037K(9088K)
[14485.294s][info][gc             ] GC(31794) Pause Young (Allocation Failure) 490M->409M(492M) 2.674ms
[14485.294s][info][gc,cpu         ] GC(31794) User=0.00s Sys=0.00s Real=0.00s
[14485.724s][info][gc,start       ] GC(31795) Pause Young (Allocation Failure)
[14485.727s][info][gc,heap        ] GC(31795) PSYoungGen: 83616K(84992K)->2016K(84992K) Eden: 82944K(82944K)->0K(82944K) From: 672K(2048K)->2016K(2048K)
[14485.727s][info][gc,heap        ] GC(31795) ParOldGen: 418700K(418816K)->418804K(418816K)
[14485.727s][info][gc,metaspace   ] GC(31795) Metaspace: 62347K(62592K)->62347K(62592K) NonClass: 53309K(53504K)->53309K(53504K) Class: 9037K(9088K)->9037K(9088K)
[14485.727s][info][gc             ] GC(31795) Pause Young (Allocation Failure) 490M->410M(492M) 3.294ms
[14485.727s][info][gc,cpu         ] GC(31795) User=0.01s Sys=0.00s Real=0.01s
[14486.166s][info][gc,start       ] GC(31796) Pause Young (Allocation Failure)
[14486.169s][info][gc,heap        ] GC(31796) PSYoungGen: 84960K(84992K)->256K(83968K) Eden: 82944K(82944K)->0K(81920K) From: 2016K(2048K)->256K(2048K)
[14486.169s][info][gc,heap        ] GC(31796) ParOldGen: 418804K(418816K)->420892K(421888K)
[14486.169s][info][gc,metaspace   ] GC(31796) Metaspace: 62347K(62592K)->62347K(62592K) NonClass: 53309K(53504K)->53309K(53504K) Class: 9037K(9088K)->9037K(9088K)
[14486.169s][info][gc             ] GC(31796) Pause Young (Allocation Failure) 491M->411M(494M) 3.377ms
[14486.169s][info][gc,cpu         ] GC(31796) User=0.01s Sys=0.00s Real=0.00s
[14486.701s][info][gc,start       ] GC(31797) Pause Young (Allocation Failure)
[14486.703s][info][gc,heap        ] GC(31797) PSYoungGen: 82176K(83968K)->720K(84480K) Eden: 81920K(81920K)->0K(81920K) From: 256K(2048K)->720K(2560K)
[14486.703s][info][gc,heap        ] GC(31797) ParOldGen: 420892K(421888K)->420948K(421888K)
[14486.703s][info][gc,metaspace   ] GC(31797) Metaspace: 62347K(62592K)->62347K(62592K) NonClass: 53309K(53504K)->53309K(53504K) Class: 9037K(9088K)->9037K(9088K)
[14486.703s][info][gc             ] GC(31797) Pause Young (Allocation Failure) 491M->411M(494M) 2.833ms
[14486.704s][info][gc,cpu         ] GC(31797) User=0.01s Sys=0.00s Real=0.00s
[14487.142s][info][gc,start       ] GC(31798) Pause Young (Allocation Failure)
[14487.145s][info][gc,heap        ] GC(31798) PSYoungGen: 82640K(84480K)->1344K(84480K) Eden: 81920K(81920K)->0K(81920K) From: 720K(2560K)->1344K(2560K)
[14487.145s][info][gc,heap        ] GC(31798) ParOldGen: 420948K(421888K)->421052K(421888K)
[14487.145s][info][gc,metaspace   ] GC(31798) Metaspace: 62347K(62592K)->62347K(62592K) NonClass: 53309K(53504K)->53309K(53504K) Class: 9037K(9088K)->9037K(9088K)
[14487.145s][info][gc             ] GC(31798) Pause Young (Allocation Failure) 491M->412M(494M) 3.360ms
[14487.145s][info][gc,cpu         ] GC(31798) User=0.00s Sys=0.00s Real=0.01s
[14487.584s][info][gc,start       ] GC(31799) Pause Young (Allocation Failure)
[14487.587s][info][gc,heap        ] GC(31799) PSYoungGen: 83264K(84480K)->512K(84480K) Eden: 81920K(81920K)->0K(81920K) From: 1344K(2560K)->512K(2560K)
[14487.587s][info][gc,heap        ] GC(31799) ParOldGen: 421052K(421888K)->421108K(421888K)
[14487.587s][info][gc,metaspace   ] GC(31799) Metaspace: 62347K(62592K)->62347K(62592K) NonClass: 53309K(53504K)->53309K(53504K) Class: 9037K(9088K)->9037K(9088K)
[14487.587s][info][gc             ] GC(31799) Pause Young (Allocation Failure) 492M->411M(494M) 2.548ms
[14487.587s][info][gc,cpu         ] GC(31799) User=0.00s Sys=0.00s Real=0.00s
[14488.087s][info][gc,start       ] GC(31800) Pause Young (Allocation Failure)
[14488.090s][info][gc,heap        ] GC(31800) PSYoungGen: 82432K(84480K)->544K(84480K) Eden: 81920K(81920K)->0K(81920K) From: 512K(2560K)->544K(2560K)
[14488.090s][info][gc,heap        ] GC(31800) ParOldGen: 421108K(421888K)->421164K(421888K)
[14488.090s][info][gc,metaspace   ] GC(31800) Metaspace: 62347K(62592K)->62347K(62592K) NonClass: 53309K(53504K)->53309K(53504K) Class: 9037K(9088K)->9037K(9088K)
[14488.090s][info][gc             ] GC(31800) Pause Young (Allocation Failure) 491M->411M(494M) 2.532ms
[14488.090s][info][gc,cpu         ] GC(31800) User=0.00s Sys=0.01s Real=0.00s
[14488.546s][info][gc,start       ] GC(31801) Pause Young (Allocation Failure)
[14488.549s][info][gc,heap        ] GC(31801) PSYoungGen: 82464K(84480K)->1376K(84480K) Eden: 81920K(81920K)->0K(81920K) From: 544K(2560K)->1376K(2560K)
[14488.549s][info][gc,heap        ] GC(31801) ParOldGen: 421164K(421888K)->421220K(421888K)
[14488.549s][info][gc,metaspace   ] GC(31801) Metaspace: 62347K(62592K)->62347K(62592K) NonClass: 53309K(53504K)->53309K(53504K) Class: 9037K(9088K)->9037K(9088K)
[14488.549s][info][gc             ] GC(31801) Pause Young (Allocation Failure) 491M->412M(494M) 3.540ms
[14488.550s][info][gc,cpu         ] GC(31801) User=0.00s Sys=0.00s Real=0.00s
[14489.026s][info][gc,start       ] GC(31802) Pause Young (Allocation Failure)
[14489.029s][info][gc,heap        ] GC(31802) PSYoungGen: 83296K(84480K)->1088K(84480K) Eden: 81920K(81920K)->0K(81920K) From: 1376K(2560K)->1088K(2560K)
[14489.029s][info][gc,heap        ] GC(31802) ParOldGen: 421220K(421888K)->421276K(421888K)
[14489.029s][info][gc,metaspace   ] GC(31802) Metaspace: 62347K(62592K)->62347K(62592K) NonClass: 53309K(53504K)->53309K(53504K) Class: 9037K(9088K)->9037K(9088K)
[14489.029s][info][gc             ] GC(31802) Pause Young (Allocation Failure) 492M->412M(494M) 3.167ms
[14489.029s][info][gc,cpu         ] GC(31802) User=0.00s Sys=0.00s Real=0.00s
[14489.517s][info][gc,start       ] GC(31803) Pause Young (Allocation Failure)
[14489.520s][info][gc,heap        ] GC(31803) PSYoungGen: 83008K(84480K)->928K(84480K) Eden: 81920K(81920K)->0K(81920K) From: 1088K(2560K)->928K(2560K)
[14489.520s][info][gc,heap        ] GC(31803) ParOldGen: 421276K(421888K)->421332K(421888K)
[14489.520s][info][gc,metaspace   ] GC(31803) Metaspace: 62347K(62592K)->62347K(62592K) NonClass: 53309K(53504K)->53309K(53504K) Class: 9037K(9088K)->9037K(9088K)
[14489.520s][info][gc             ] GC(31803) Pause Young (Allocation Failure) 492M->412M(494M) 3.054ms
[14489.520s][info][gc,cpu         ] GC(31803) User=0.00s Sys=0.00s Real=0.00s
[14490.006s][info][gc,start       ] GC(31804) Pause Young (Allocation Failure)
[14490.009s][info][gc,heap        ] GC(31804) PSYoungGen: 82848K(84480K)->768K(84992K) Eden: 81920K(81920K)->0K(82944K) From: 928K(2560K)->768K(2048K)
[14490.009s][info][gc,heap        ] GC(31804) ParOldGen: 421332K(421888K)->421388K(421888K)
[14490.009s][info][gc,metaspace   ] GC(31804) Metaspace: 62347K(62592K)->62347K(62592K) NonClass: 53309K(53504K)->53309K(53504K) Class: 9037K(9088K)->9037K(9088K)
[14490.009s][info][gc             ] GC(31804) Pause Young (Allocation Failure) 492M->412M(495M) 2.785ms
[14490.009s][info][gc,cpu         ] GC(31804) User=0.00s Sys=0.00s Real=0.00s
[14490.491s][info][gc,start       ] GC(31805) Pause Young (Allocation Failure)
[14490.494s][info][gc,heap        ] GC(31805) PSYoungGen: 83711K(84992K)->576K(84992K) Eden: 82943K(82944K)->0K(82944K) From: 768K(2048K)->576K(2048K)
[14490.494s][info][gc,heap        ] GC(31805) ParOldGen: 421388K(421888K)->421436K(421888K)
[14490.494s][info][gc,metaspace   ] GC(31805) Metaspace: 62347K(62592K)->62347K(62592K) NonClass: 53309K(53504K)->53309K(53504K) Class: 9037K(9088K)->9037K(9088K)
[14490.494s][info][gc             ] GC(31805) Pause Young (Allocation Failure) 493M->412M(495M) 2.620ms
[14490.494s][info][gc,cpu         ] GC(31805) User=0.00s Sys=0.00s Real=0.00s
[14490.972s][info][gc,start       ] GC(31806) Pause Young (Allocation Failure)
[14490.974s][info][gc,heap        ] GC(31806) PSYoungGen: 83520K(84992K)->1344K(84992K) Eden: 82944K(82944K)->0K(82944K) From: 576K(2048K)->1344K(2048K)
[14490.974s][info][gc,heap        ] GC(31806) ParOldGen: 421436K(421888K)->421492K(421888K)
[14490.974s][info][gc,metaspace   ] GC(31806) Metaspace: 62347K(62592K)->62347K(62592K) NonClass: 53309K(53504K)->53309K(53504K) Class: 9037K(9088K)->9037K(9088K)
[14490.975s][info][gc             ] GC(31806) Pause Young (Allocation Failure) 493M->412M(495M) 2.443ms
[14490.975s][info][gc,cpu         ] GC(31806) User=0.00s Sys=0.00s Real=0.01s
[14491.461s][info][gc,start       ] GC(31807) Pause Young (Allocation Failure)
[14491.465s][info][gc,heap        ] GC(31807) PSYoungGen: 84288K(84992K)->1536K(84480K) Eden: 82944K(82944K)->0K(82944K) From: 1344K(2048K)->1536K(1536K)
[14491.465s][info][gc,heap        ] GC(31807) ParOldGen: 421492K(421888K)->422572K(423424K)
[14491.465s][info][gc,metaspace   ] GC(31807) Metaspace: 62347K(62592K)->62347K(62592K) NonClass: 53309K(53504K)->53309K(53504K) Class: 9037K(9088K)->9037K(9088K)
[14491.465s][info][gc             ] GC(31807) Pause Young (Allocation Failure) 493M->414M(496M) 4.241ms
[14491.465s][info][gc,cpu         ] GC(31807) User=0.01s Sys=0.00s Real=0.01s
[14491.902s][info][gc,start       ] GC(31808) Pause Young (Allocation Failure)
[14491.904s][info][gc,heap        ] GC(31808) PSYoungGen: 84480K(84480K)->800K(84992K) Eden: 82944K(82944K)->0K(82432K) From: 1536K(1536K)->800K(2560K)
[14491.904s][info][gc,heap        ] GC(31808) ParOldGen: 422572K(423424K)->422628K(423424K)
[14491.904s][info][gc,metaspace   ] GC(31808) Metaspace: 62347K(62592K)->62347K(62592K) NonClass: 53309K(53504K)->53309K(53504K) Class: 9037K(9088K)->9037K(9088K)
[14491.904s][info][gc             ] GC(31808) Pause Young (Allocation Failure) 495M->413M(496M) 2.735ms
[14491.904s][info][gc,cpu         ] GC(31808) User=0.01s Sys=0.00s Real=0.01s
[14492.334s][info][gc,start       ] GC(31809) Pause Young (Allocation Failure)
[14492.337s][info][gc,heap        ] GC(31809) PSYoungGen: 83232K(84992K)->1280K(84480K) Eden: 82432K(82432K)->0K(82432K) From: 800K(2560K)->1280K(2048K)
[14492.337s][info][gc,heap        ] GC(31809) ParOldGen: 422628K(423424K)->422684K(423424K)
[14492.337s][info][gc,metaspace   ] GC(31809) Metaspace: 62347K(62592K)->62347K(62592K) NonClass: 53309K(53504K)->53309K(53504K) Class: 9037K(9088K)->9037K(9088K)
[14492.337s][info][gc             ] GC(31809) Pause Young (Allocation Failure) 494M->414M(496M) 3.434ms
[14492.337s][info][gc,cpu         ] GC(31809) User=0.00s Sys=0.00s Real=0.01s
[14492.790s][info][gc,start       ] GC(31810) Pause Young (Allocation Failure)
[14492.792s][info][gc,heap        ] GC(31810) PSYoungGen: 83712K(84480K)->576K(84992K) Eden: 82432K(82432K)->0K(82944K) From: 1280K(2048K)->576K(2048K)
[14492.792s][info][gc,heap        ] GC(31810) ParOldGen: 422684K(423424K)->422732K(423424K)
[14492.792s][info][gc,metaspace   ] GC(31810) Metaspace: 62347K(62592K)->62347K(62592K) NonClass: 53309K(53504K)->53309K(53504K) Class: 9037K(9088K)->9037K(9088K)
[14492.793s][info][gc             ] GC(31810) Pause Young (Allocation Failure) 494M->413M(496M) 2.595ms
[14492.793s][info][gc,cpu         ] GC(31810) User=0.00s Sys=0.00s Real=0.00s
[14493.232s][info][gc,start       ] GC(31811) Pause Young (Allocation Failure)
[14493.235s][info][gc,heap        ] GC(31811) PSYoungGen: 83520K(84992K)->1184K(84992K) Eden: 82944K(82944K)->0K(82944K) From: 576K(2048K)->1184K(2048K)
[14493.235s][info][gc,heap        ] GC(31811) ParOldGen: 422732K(423424K)->422780K(423424K)
[14493.235s][info][gc,metaspace   ] GC(31811) Metaspace: 62347K(62592K)->62347K(62592K) NonClass: 53309K(53504K)->53309K(53504K) Class: 9037K(9088K)->9037K(9088K)
[14493.235s][info][gc             ] GC(31811) Pause Young (Allocation Failure) 494M->414M(496M) 3.382ms
[14493.235s][info][gc,cpu         ] GC(31811) User=0.00s Sys=0.00s Real=0.01s
[14493.689s][info][gc,start       ] GC(31812) Pause Young (Allocation Failure)
[14493.691s][info][gc,heap        ] GC(31812) PSYoungGen: 84128K(84992K)->608K(84992K) Eden: 82944K(82944K)->0K(82944K) From: 1184K(2048K)->608K(2048K)
[14493.691s][info][gc,heap        ] GC(31812) ParOldGen: 422780K(423424K)->422828K(423424K)
[14493.691s][info][gc,metaspace   ] GC(31812) Metaspace: 62347K(62592K)->62347K(62592K) NonClass: 53309K(53504K)->53309K(53504K) Class: 9037K(9088K)->9037K(9088K)
[14493.691s][info][gc             ] GC(31812) Pause Young (Allocation Failure) 495M->413M(496M) 2.585ms
[14493.691s][info][gc,cpu         ] GC(31812) User=0.01s Sys=0.00s Real=0.00s
[14494.170s][info][gc,start       ] GC(31813) Pause Young (Allocation Failure)
[14494.172s][info][gc,heap        ] GC(31813) PSYoungGen: 83552K(84992K)->288K(84992K) Eden: 82944K(82944K)->0K(82944K) From: 608K(2048K)->288K(2048K)
[14494.172s][info][gc,heap        ] GC(31813) ParOldGen: 422828K(423424K)->422876K(423424K)
[14494.172s][info][gc,metaspace   ] GC(31813) Metaspace: 62347K(62592K)->62347K(62592K) NonClass: 53309K(53504K)->53309K(53504K) Class: 9037K(9088K)->9037K(9088K)
[14494.172s][info][gc             ] GC(31813) Pause Young (Allocation Failure) 494M->413M(496M) 2.307ms
[14494.172s][info][gc,cpu         ] GC(31813) User=0.00s Sys=0.00s Real=0.00s
[14494.687s][info][gc,start       ] GC(31814) Pause Young (Allocation Failure)
[14494.689s][info][gc,heap        ] GC(31814) PSYoungGen: 83232K(84992K)->544K(84992K) Eden: 82944K(82944K)->0K(82944K) From: 288K(2048K)->544K(2048K)
[14494.689s][info][gc,heap        ] GC(31814) ParOldGen: 422876K(423424K)->422924K(423424K)
[14494.689s][info][gc,metaspace   ] GC(31814) Metaspace: 62347K(62592K)->62347K(62592K) NonClass: 53309K(53504K)->53309K(53504K) Class: 9037K(9088K)->9037K(9088K)
[14494.689s][info][gc             ] GC(31814) Pause Young (Allocation Failure) 494M->413M(496M) 2.562ms
[14494.689s][info][gc,cpu         ] GC(31814) User=0.00s Sys=0.01s Real=0.00s
[14495.186s][info][gc,start       ] GC(31815) Pause Young (Allocation Failure)
[14495.189s][info][gc,heap        ] GC(31815) PSYoungGen: 83488K(84992K)->480K(84992K) Eden: 82944K(82944K)->0K(82944K) From: 544K(2048K)->480K(2048K)
[14495.189s][info][gc,heap        ] GC(31815) ParOldGen: 422924K(423424K)->423028K(423424K)
[14495.189s][info][gc,metaspace   ] GC(31815) Metaspace: 62347K(62592K)->62347K(62592K) NonClass: 53309K(53504K)->53309K(53504K) Class: 9037K(9088K)->9037K(9088K)
[14495.189s][info][gc             ] GC(31815) Pause Young (Allocation Failure) 494M->413M(496M) 2.569ms
[14495.189s][info][gc,cpu         ] GC(31815) User=0.01s Sys=0.00s Real=0.00s
[14495.689s][info][gc,start       ] GC(31816) Pause Young (Allocation Failure)
[14495.691s][info][gc,heap        ] GC(31816) PSYoungGen: 83424K(84992K)->1568K(84992K) Eden: 82944K(82944K)->0K(82944K) From: 480K(2048K)->1568K(2048K)
[14495.691s][info][gc,heap        ] GC(31816) ParOldGen: 423028K(423424K)->423084K(423424K)
[14495.691s][info][gc,metaspace   ] GC(31816) Metaspace: 62347K(62592K)->62347K(62592K) NonClass: 53309K(53504K)->53309K(53504K) Class: 9037K(9088K)->9037K(9088K)
[14495.691s][info][gc             ] GC(31816) Pause Young (Allocation Failure) 494M->414M(496M) 2.712ms
[14495.691s][info][gc,cpu         ] GC(31816) User=0.01s Sys=0.00s Real=0.00s
[14496.165s][info][gc,start       ] GC(31817) Pause Young (Allocation Failure)
[14496.168s][info][gc,heap        ] GC(31817) PSYoungGen: 84512K(84992K)->224K(84992K) Eden: 82944K(82944K)->0K(82944K) From: 1568K(2048K)->224K(2048K)
[14496.168s][info][gc,heap        ] GC(31817) ParOldGen: 423084K(423424K)->425188K(426496K)
[14496.168s][info][gc,metaspace   ] GC(31817) Metaspace: 62347K(62592K)->62347K(62592K) NonClass: 53309K(53504K)->53309K(53504K) Class: 9037K(9088K)->9037K(9088K)
[14496.168s][info][gc             ] GC(31817) Pause Young (Allocation Failure) 495M->415M(499M) 3.405ms
[14496.168s][info][gc,cpu         ] GC(31817) User=0.00s Sys=0.01s Real=0.00s
[14496.639s][info][gc,start       ] GC(31818) Pause Young (Allocation Failure)
[14496.642s][info][gc,heap        ] GC(31818) PSYoungGen: 83168K(84992K)->1280K(83968K) Eden: 82944K(82944K)->0K(81920K) From: 224K(2048K)->1280K(2048K)
[14496.643s][info][gc,heap        ] GC(31818) ParOldGen: 425188K(426496K)->425244K(426496K)
[14496.643s][info][gc,metaspace   ] GC(31818) Metaspace: 62347K(62592K)->62347K(62592K) NonClass: 53309K(53504K)->53309K(53504K) Class: 9037K(9088K)->9037K(9088K)
[14496.643s][info][gc             ] GC(31818) Pause Young (Allocation Failure) 496M->416M(498M) 3.340ms
[14496.643s][info][gc,cpu         ] GC(31818) User=0.00s Sys=0.00s Real=0.00s
[14497.083s][info][gc,start       ] GC(31819) Pause Young (Allocation Failure)
[14497.086s][info][gc,heap        ] GC(31819) PSYoungGen: 83200K(83968K)->512K(84480K) Eden: 81920K(81920K)->0K(81920K) From: 1280K(2048K)->512K(2560K)
[14497.086s][info][gc,heap        ] GC(31819) ParOldGen: 425244K(426496K)->425300K(426496K)
[14497.086s][info][gc,metaspace   ] GC(31819) Metaspace: 62347K(62592K)->62347K(62592K) NonClass: 53309K(53504K)->53309K(53504K) Class: 9037K(9088K)->9037K(9088K)
[14497.086s][info][gc             ] GC(31819) Pause Young (Allocation Failure) 496M->415M(499M) 2.613ms
[14497.086s][info][gc,cpu         ] GC(31819) User=0.01s Sys=0.00s Real=0.01s
[14497.524s][info][gc,start       ] GC(31820) Pause Young (Allocation Failure)
[14497.527s][info][gc,heap        ] GC(31820) PSYoungGen: 82432K(84480K)->1088K(84992K) Eden: 81920K(81920K)->0K(82944K) From: 512K(2560K)->1088K(2048K)
[14497.527s][info][gc,heap        ] GC(31820) ParOldGen: 425300K(426496K)->425356K(426496K)
[14497.527s][info][gc,metaspace   ] GC(31820) Metaspace: 62347K(62592K)->62347K(62592K) NonClass: 53309K(53504K)->53309K(53504K) Class: 9037K(9088K)->9037K(9088K)
[14497.527s][info][gc             ] GC(31820) Pause Young (Allocation Failure) 495M->416M(499M) 3.290ms
[14497.527s][info][gc,cpu         ] GC(31820) User=0.00s Sys=0.00s Real=0.01s
[14497.941s][info][gc,start       ] GC(31821) Pause Young (Allocation Failure)
[14497.944s][info][gc,heap        ] GC(31821) PSYoungGen: 84032K(84992K)->1472K(84480K) Eden: 82944K(82944K)->0K(82944K) From: 1088K(2048K)->1472K(1536K)
[14497.944s][info][gc,heap        ] GC(31821) ParOldGen: 425356K(426496K)->425412K(426496K)
[14497.944s][info][gc,metaspace   ] GC(31821) Metaspace: 62347K(62592K)->62347K(62592K) NonClass: 53309K(53504K)->53309K(53504K) Class: 9037K(9088K)->9037K(9088K)
[14497.944s][info][gc             ] GC(31821) Pause Young (Allocation Failure) 497M->416M(499M) 3.515ms
[14497.944s][info][gc,cpu         ] GC(31821) User=0.01s Sys=0.00s Real=0.01s
[14498.437s][info][gc,start       ] GC(31822) Pause Young (Allocation Failure)
[14498.440s][info][gc,heap        ] GC(31822) PSYoungGen: 84416K(84480K)->1152K(84480K) Eden: 82944K(82944K)->0K(81920K) From: 1472K(1536K)->1152K(2560K)
[14498.440s][info][gc,heap        ] GC(31822) ParOldGen: 425412K(426496K)->425468K(426496K)
[14498.440s][info][gc,metaspace   ] GC(31822) Metaspace: 62347K(62592K)->62347K(62592K) NonClass: 53309K(53504K)->53309K(53504K) Class: 9037K(9088K)->9037K(9088K)
[14498.440s][info][gc             ] GC(31822) Pause Young (Allocation Failure) 497M->416M(499M) 3.309ms
[14498.440s][info][gc,cpu         ] GC(31822) User=0.00s Sys=0.00s Real=0.00s
[14498.929s][info][gc,start       ] GC(31823) Pause Young (Allocation Failure)
[14498.932s][info][gc,heap        ] GC(31823) PSYoungGen: 83072K(84480K)->1056K(84480K) Eden: 81920K(81920K)->0K(81920K) From: 1152K(2560K)->1056K(2560K)
[14498.932s][info][gc,heap        ] GC(31823) ParOldGen: 425468K(426496K)->425524K(426496K)
[14498.932s][info][gc,metaspace   ] GC(31823) Metaspace: 62347K(62592K)->62347K(62592K) NonClass: 53309K(53504K)->53309K(53504K) Class: 9037K(9088K)->9037K(9088K)
[14498.932s][info][gc             ] GC(31823) Pause Young (Allocation Failure) 496M->416M(499M) 3.040ms
[14498.932s][info][gc,cpu         ] GC(31823) User=0.01s Sys=0.00s Real=0.00s
[14499.414s][info][gc,start       ] GC(31824) Pause Young (Allocation Failure)
[14499.417s][info][gc,heap        ] GC(31824) PSYoungGen: 82976K(84480K)->960K(84992K) Eden: 81920K(81920K)->0K(82944K) From: 1056K(2560K)->960K(2048K)
[14499.417s][info][gc,heap        ] GC(31824) ParOldGen: 425524K(426496K)->425580K(426496K)
[14499.417s][info][gc,metaspace   ] GC(31824) Metaspace: 62347K(62592K)->62347K(62592K) NonClass: 53309K(53504K)->53309K(53504K) Class: 9037K(9088K)->9037K(9088K)
[14499.417s][info][gc             ] GC(31824) Pause Young (Allocation Failure) 496M->416M(499M) 3.096ms
[14499.417s][info][gc,cpu         ] GC(31824) User=0.01s Sys=0.00s Real=0.00s
[14499.856s][info][gc,start       ] GC(31825) Pause Young (Allocation Failure)
[14499.860s][info][gc,heap        ] GC(31825) PSYoungGen: 83904K(84992K)->1696K(84992K) Eden: 82944K(82944K)->0K(82944K) From: 960K(2048K)->1696K(2048K)
[14499.860s][info][gc,heap        ] GC(31825) ParOldGen: 425580K(426496K)->425636K(426496K)
[14499.860s][info][gc,metaspace   ] GC(31825) Metaspace: 62347K(62592K)->62347K(62592K) NonClass: 53309K(53504K)->53309K(53504K) Class: 9037K(9088K)->9037K(9088K)
[14499.860s][info][gc             ] GC(31825) Pause Young (Allocation Failure) 497M->417M(499M) 3.764ms
[14499.860s][info][gc,cpu         ] GC(31825) User=0.00s Sys=0.00s Real=0.00s
[14500.350s][info][gc,start       ] GC(31826) Pause Young (Allocation Failure)
[14500.353s][info][gc,heap        ] GC(31826) PSYoungGen: 84640K(84992K)->1376K(83968K) Eden: 82944K(82944K)->0K(81920K) From: 1696K(2048K)->1376K(2048K)
[14500.353s][info][gc,heap        ] GC(31826) ParOldGen: 425636K(426496K)->425692K(426496K)
[14500.353s][info][gc,metaspace   ] GC(31826) Metaspace: 62347K(62592K)->62347K(62592K) NonClass: 53309K(53504K)->53309K(53504K) Class: 9037K(9088K)->9037K(9088K)
[14500.353s][info][gc             ] GC(31826) Pause Young (Allocation Failure) 498M->417M(498M) 3.436ms
[14500.353s][info][gc,cpu         ] GC(31826) User=0.01s Sys=0.00s Real=0.00s
[14500.829s][info][gc,start       ] GC(31827) Pause Young (Allocation Failure)
[14500.832s][info][gc,heap        ] GC(31827) PSYoungGen: 83296K(83968K)->2080K(84480K) Eden: 81920K(81920K)->0K(81920K) From: 1376K(2048K)->2080K(2560K)
[14500.832s][info][gc,heap        ] GC(31827) ParOldGen: 425692K(426496K)->425748K(426496K)
[14500.832s][info][gc,metaspace   ] GC(31827) Metaspace: 62347K(62592K)->62347K(62592K) NonClass: 53309K(53504K)->53309K(53504K) Class: 9037K(9088K)->9037K(9088K)
[14500.832s][info][gc             ] GC(31827) Pause Young (Allocation Failure) 497M->417M(499M) 3.214ms
[14500.832s][info][gc,cpu         ] GC(31827) User=0.00s Sys=0.00s Real=0.00s
[14501.318s][info][gc,start       ] GC(31828) Pause Young (Allocation Failure)
[14501.321s][info][gc,heap        ] GC(31828) PSYoungGen: 84000K(84480K)->960K(84480K) Eden: 81920K(81920K)->0K(81920K) From: 2080K(2560K)->960K(2560K)
[14501.321s][info][gc,heap        ] GC(31828) ParOldGen: 425748K(426496K)->426820K(428032K)
[14501.321s][info][gc,metaspace   ] GC(31828) Metaspace: 62347K(62592K)->62347K(62592K) NonClass: 53309K(53504K)->53309K(53504K) Class: 9037K(9088K)->9037K(9088K)
[14501.322s][info][gc             ] GC(31828) Pause Young (Allocation Failure) 497M->417M(500M) 3.543ms
[14501.322s][info][gc,cpu         ] GC(31828) User=0.01s Sys=0.00s Real=0.00s
[14501.809s][info][gc,start       ] GC(31829) Pause Young (Allocation Failure)
[14501.811s][info][gc,heap        ] GC(31829) PSYoungGen: 82880K(84480K)->832K(84480K) Eden: 81920K(81920K)->0K(81920K) From: 960K(2560K)->832K(2560K)
[14501.811s][info][gc,heap        ] GC(31829) ParOldGen: 426820K(428032K)->426876K(428032K)
[14501.811s][info][gc,metaspace   ] GC(31829) Metaspace: 62347K(62592K)->62347K(62592K) NonClass: 53309K(53504K)->53309K(53504K) Class: 9037K(9088K)->9037K(9088K)
[14501.811s][info][gc             ] GC(31829) Pause Young (Allocation Failure) 497M->417M(500M) 2.716ms
[14501.811s][info][gc,cpu         ] GC(31829) User=0.01s Sys=0.00s Real=0.00s
[14502.294s][info][gc,start       ] GC(31830) Pause Young (Allocation Failure)
[14502.297s][info][gc,heap        ] GC(31830) PSYoungGen: 82752K(84480K)->608K(84480K) Eden: 81920K(81920K)->0K(81920K) From: 832K(2560K)->608K(2560K)
[14502.297s][info][gc,heap        ] GC(31830) ParOldGen: 426876K(428032K)->426932K(428032K)
[14502.297s][info][gc,metaspace   ] GC(31830) Metaspace: 62347K(62592K)->62347K(62592K) NonClass: 53309K(53504K)->53309K(53504K) Class: 9037K(9088K)->9037K(9088K)
[14502.297s][info][gc             ] GC(31830) Pause Young (Allocation Failure) 497M->417M(500M) 2.672ms
[14502.297s][info][gc,cpu         ] GC(31830) User=0.00s Sys=0.00s Real=0.01s
[14502.837s][info][gc,start       ] GC(31831) Pause Young (Allocation Failure)
[14502.840s][info][gc,heap        ] GC(31831) PSYoungGen: 82528K(84480K)->1200K(84480K) Eden: 81920K(81920K)->0K(81920K) From: 608K(2560K)->1200K(2560K)
[14502.840s][info][gc,heap        ] GC(31831) ParOldGen: 426932K(428032K)->426980K(428032K)
[14502.840s][info][gc,metaspace   ] GC(31831) Metaspace: 62347K(62592K)->62347K(62592K) NonClass: 53309K(53504K)->53309K(53504K) Class: 9037K(9088K)->9037K(9088K)
[14502.840s][info][gc             ] GC(31831) Pause Young (Allocation Failure) 497M->418M(500M) 3.229ms
[14502.840s][info][gc,cpu         ] GC(31831) User=0.01s Sys=0.00s Real=0.00s
[14503.337s][info][gc,start       ] GC(31832) Pause Young (Allocation Failure)
[14503.341s][info][gc,heap        ] GC(31832) PSYoungGen: 83120K(84480K)->1120K(84480K) Eden: 81920K(81920K)->0K(81920K) From: 1200K(2560K)->1120K(2560K)
[14503.341s][info][gc,heap        ] GC(31832) ParOldGen: 426980K(428032K)->427084K(428032K)
[14503.341s][info][gc,metaspace   ] GC(31832) Metaspace: 62347K(62592K)->62347K(62592K) NonClass: 53309K(53504K)->53309K(53504K) Class: 9037K(9088K)->9037K(9088K)
[14503.341s][info][gc             ] GC(31832) Pause Young (Allocation Failure) 498M->418M(500M) 3.392ms
[14503.341s][info][gc,cpu         ] GC(31832) User=0.00s Sys=0.00s Real=0.00s
[14503.787s][info][gc,start       ] GC(31833) Pause Young (Allocation Failure)
[14503.790s][info][gc,heap        ] GC(31833) PSYoungGen: 83040K(84480K)->544K(84480K) Eden: 81920K(81920K)->0K(81920K) From: 1120K(2560K)->544K(2560K)
[14503.790s][info][gc,heap        ] GC(31833) ParOldGen: 427084K(428032K)->427132K(428032K)
[14503.790s][info][gc,metaspace   ] GC(31833) Metaspace: 62347K(62592K)->62347K(62592K) NonClass: 53309K(53504K)->53309K(53504K) Class: 9037K(9088K)->9037K(9088K)
[14503.790s][info][gc             ] GC(31833) Pause Young (Allocation Failure) 498M->417M(500M) 3.227ms
[14503.790s][info][gc,cpu         ] GC(31833) User=0.01s Sys=0.00s Real=0.00s
[14504.220s][info][gc,start       ] GC(31834) Pause Young (Allocation Failure)
[14504.223s][info][gc,heap        ] GC(31834) PSYoungGen: 82464K(84480K)->1056K(84992K) Eden: 81920K(81920K)->0K(82944K) From: 544K(2560K)->1056K(2048K)
[14504.223s][info][gc,heap        ] GC(31834) ParOldGen: 427132K(428032K)->427188K(428032K)
[14504.223s][info][gc,metaspace   ] GC(31834) Metaspace: 62347K(62592K)->62347K(62592K) NonClass: 53309K(53504K)->53309K(53504K) Class: 9037K(9088K)->9037K(9088K)
[14504.223s][info][gc             ] GC(31834) Pause Young (Allocation Failure) 497M->418M(501M) 3.342ms
[14504.223s][info][gc,cpu         ] GC(31834) User=0.00s Sys=0.00s Real=0.00s
[14504.708s][info][gc,start       ] GC(31835) Pause Young (Allocation Failure)
[14504.711s][info][gc,heap        ] GC(31835) PSYoungGen: 84000K(84992K)->896K(84992K) Eden: 82944K(82944K)->0K(82944K) From: 1056K(2048K)->896K(2048K)
[14504.711s][info][gc,heap        ] GC(31835) ParOldGen: 427188K(428032K)->427244K(428032K)
[14504.711s][info][gc,metaspace   ] GC(31835) Metaspace: 62347K(62592K)->62347K(62592K) NonClass: 53309K(53504K)->53309K(53504K) Class: 9037K(9088K)->9037K(9088K)
[14504.711s][info][gc             ] GC(31835) Pause Young (Allocation Failure) 499M->418M(501M) 2.843ms
[14504.711s][info][gc,cpu         ] GC(31835) User=0.01s Sys=0.00s Real=0.00s
[14505.154s][info][gc,start       ] GC(31836) Pause Young (Allocation Failure)
[14505.157s][info][gc,heap        ] GC(31836) PSYoungGen: 83840K(84992K)->1504K(84992K) Eden: 82944K(82944K)->0K(82944K) From: 896K(2048K)->1504K(2048K)
[14505.157s][info][gc,heap        ] GC(31836) ParOldGen: 427244K(428032K)->427300K(428032K)
[14505.157s][info][gc,metaspace   ] GC(31836) Metaspace: 62347K(62592K)->62347K(62592K) NonClass: 53309K(53504K)->53309K(53504K) Class: 9037K(9088K)->9037K(9088K)
[14505.157s][info][gc             ] GC(31836) Pause Young (Allocation Failure) 499M->418M(501M) 3.540ms
[14505.157s][info][gc,cpu         ] GC(31836) User=0.01s Sys=0.00s Real=0.01s
[14505.632s][info][gc,start       ] GC(31837) Pause Young (Allocation Failure)
[14505.636s][info][gc,heap        ] GC(31837) PSYoungGen: 84448K(84992K)->2016K(84992K) Eden: 82944K(82944K)->0K(82944K) From: 1504K(2048K)->2016K(2048K)
[14505.636s][info][gc,heap        ] GC(31837) ParOldGen: 427300K(428032K)->428604K(429568K)
[14505.636s][info][gc,metaspace   ] GC(31837) Metaspace: 62347K(62592K)->62347K(62592K) NonClass: 53309K(53504K)->53309K(53504K) Class: 9037K(9088K)->9037K(9088K)
[14505.636s][info][gc             ] GC(31837) Pause Young (Allocation Failure) 499M->420M(502M) 3.967ms
[14505.636s][info][gc,cpu         ] GC(31837) User=0.01s Sys=0.00s Real=0.01s
[14506.069s][info][gc,start       ] GC(31838) Pause Young (Allocation Failure)
[14506.072s][info][gc,heap        ] GC(31838) PSYoungGen: 84960K(84992K)->320K(82944K) Eden: 82944K(82944K)->0K(80896K) From: 2016K(2048K)->320K(2048K)
[14506.072s][info][gc,heap        ] GC(31838) ParOldGen: 428604K(429568K)->430700K(431104K)
[14506.072s][info][gc,metaspace   ] GC(31838) Metaspace: 62347K(62592K)->62347K(62592K) NonClass: 53309K(53504K)->53309K(53504K) Class: 9037K(9088K)->9037K(9088K)
[14506.072s][info][gc             ] GC(31838) Pause Young (Allocation Failure) 501M->420M(502M) 3.425ms
[14506.072s][info][gc,cpu         ] GC(31838) User=0.00s Sys=0.00s Real=0.00s
[14506.504s][info][gc,start       ] GC(31839) Pause Young (Allocation Failure)
[14506.507s][info][gc,heap        ] GC(31839) PSYoungGen: 81216K(82944K)->768K(83968K) Eden: 80896K(80896K)->0K(80896K) From: 320K(2048K)->768K(3072K)
[14506.507s][info][gc,heap        ] GC(31839) ParOldGen: 430700K(431104K)->430796K(431104K)
[14506.507s][info][gc,metaspace   ] GC(31839) Metaspace: 62347K(62592K)->62347K(62592K) NonClass: 53309K(53504K)->53309K(53504K) Class: 9037K(9088K)->9037K(9088K)
[14506.507s][info][gc             ] GC(31839) Pause Young (Allocation Failure) 499M->421M(503M) 2.919ms
[14506.507s][info][gc,cpu         ] GC(31839) User=0.00s Sys=0.00s Real=0.01s
[14506.919s][info][gc,start       ] GC(31840) Pause Young (Allocation Failure)
[14506.922s][info][gc,heap        ] GC(31840) PSYoungGen: 81664K(83968K)->1088K(84480K) Eden: 80896K(80896K)->0K(81408K) From: 768K(3072K)->1088K(3072K)
[14506.922s][info][gc,heap        ] GC(31840) ParOldGen: 430796K(431104K)->430852K(431104K)
[14506.922s][info][gc,metaspace   ] GC(31840) Metaspace: 62347K(62592K)->62347K(62592K) NonClass: 53309K(53504K)->53309K(53504K) Class: 9037K(9088K)->9037K(9088K)
[14506.922s][info][gc             ] GC(31840) Pause Young (Allocation Failure) 500M->421M(503M) 3.274ms
[14506.922s][info][gc,cpu         ] GC(31840) User=0.01s Sys=0.00s Real=0.00s
[14507.345s][info][gc,start       ] GC(31841) Pause Young (Allocation Failure)
[14507.348s][info][gc,heap        ] GC(31841) PSYoungGen: 82496K(84480K)->1376K(83968K) Eden: 81408K(81408K)->0K(81408K) From: 1088K(3072K)->1376K(2560K)
[14507.348s][info][gc,heap        ] GC(31841) ParOldGen: 430852K(431104K)->430908K(431104K)
[14507.348s][info][gc,metaspace   ] GC(31841) Metaspace: 62347K(62592K)->62347K(62592K) NonClass: 53309K(53504K)->53309K(53504K) Class: 9037K(9088K)->9037K(9088K)
[14507.348s][info][gc             ] GC(31841) Pause Young (Allocation Failure) 501M->422M(503M) 3.440ms
[14507.348s][info][gc,cpu         ] GC(31841) User=0.00s Sys=0.00s Real=0.00s
[14507.765s][info][gc,start       ] GC(31842) Pause Young (Allocation Failure)
[14507.767s][info][gc,heap        ] GC(31842) PSYoungGen: 82784K(83968K)->256K(84480K) Eden: 81408K(81408K)->0K(81920K) From: 1376K(2560K)->256K(2560K)
[14507.767s][info][gc,heap        ] GC(31842) ParOldGen: 430908K(431104K)->430956K(431104K)
[14507.767s][info][gc,metaspace   ] GC(31842) Metaspace: 62347K(62592K)->62347K(62592K) NonClass: 53309K(53504K)->53309K(53504K) Class: 9037K(9088K)->9037K(9088K)
[14507.767s][info][gc             ] GC(31842) Pause Young (Allocation Failure) 501M->421M(503M) 2.370ms
[14507.767s][info][gc,cpu         ] GC(31842) User=0.00s Sys=0.00s Real=0.00s
[14508.202s][info][gc,start       ] GC(31843) Pause Young (Allocation Failure)
[14508.205s][info][gc,heap        ] GC(31843) PSYoungGen: 82176K(84480K)->768K(84480K) Eden: 81920K(81920K)->0K(81920K) From: 256K(2560K)->768K(2560K)
[14508.205s][info][gc,heap        ] GC(31843) ParOldGen: 430956K(431104K)->431012K(431104K)
[14508.205s][info][gc,metaspace   ] GC(31843) Metaspace: 62347K(62592K)->62347K(62592K) NonClass: 53309K(53504K)->53309K(53504K) Class: 9037K(9088K)->9037K(9088K)
[14508.205s][info][gc             ] GC(31843) Pause Young (Allocation Failure) 501M->421M(503M) 2.853ms
[14508.205s][info][gc,cpu         ] GC(31843) User=0.00s Sys=0.00s Real=0.01s
[14508.699s][info][gc,start       ] GC(31844) Pause Young (Allocation Failure)
[14508.701s][info][gc,heap        ] GC(31844) PSYoungGen: 82688K(84480K)->640K(84480K) Eden: 81920K(81920K)->0K(81920K) From: 768K(2560K)->640K(2560K)
[14508.701s][info][gc,heap        ] GC(31844) ParOldGen: 431012K(431104K)->431060K(431104K)
[14508.701s][info][gc,metaspace   ] GC(31844) Metaspace: 62347K(62592K)->62347K(62592K) NonClass: 53309K(53504K)->53309K(53504K) Class: 9037K(9088K)->9037K(9088K)
[14508.701s][info][gc             ] GC(31844) Pause Young (Allocation Failure) 501M->421M(503M) 2.712ms
[14508.701s][info][gc,cpu         ] GC(31844) User=0.00s Sys=0.00s Real=0.00s
[14509.174s][info][gc,start       ] GC(31845) Pause Young (Allocation Failure)
[14509.177s][info][gc,heap        ] GC(31845) PSYoungGen: 82560K(84480K)->352K(84480K) Eden: 81920K(81920K)->0K(81920K) From: 640K(2560K)->352K(2560K)
[14509.177s][info][gc,heap        ] GC(31845) ParOldGen: 431060K(431104K)->431108K(431616K)
[14509.177s][info][gc,metaspace   ] GC(31845) Metaspace: 62347K(62592K)->62347K(62592K) NonClass: 53309K(53504K)->53309K(53504K) Class: 9037K(9088K)->9037K(9088K)
[14509.177s][info][gc             ] GC(31845) Pause Young (Allocation Failure) 501M->421M(504M) 2.539ms
[14509.177s][info][gc,cpu         ] GC(31845) User=0.00s Sys=0.00s Real=0.00s
[14509.662s][info][gc,start       ] GC(31846) Pause Young (Allocation Failure)
[14509.665s][info][gc,heap        ] GC(31846) PSYoungGen: 82272K(84480K)->192K(84480K) Eden: 81920K(81920K)->0K(81920K) From: 352K(2560K)->192K(2560K)
[14509.665s][info][gc,heap        ] GC(31846) ParOldGen: 431108K(431616K)->431164K(431616K)
[14509.665s][info][gc,metaspace   ] GC(31846) Metaspace: 62347K(62592K)->62347K(62592K) NonClass: 53309K(53504K)->53309K(53504K) Class: 9037K(9088K)->9037K(9088K)
[14509.665s][info][gc             ] GC(31846) Pause Young (Allocation Failure) 501M->421M(504M) 2.323ms
[14509.665s][info][gc,cpu         ] GC(31846) User=0.00s Sys=0.01s Real=0.01s
[14510.097s][info][gc,start       ] GC(31847) Pause Young (Allocation Failure)
[14510.100s][info][gc,heap        ] GC(31847) PSYoungGen: 82112K(84480K)->704K(84480K) Eden: 81920K(81920K)->0K(81920K) From: 192K(2560K)->704K(2560K)
[14510.100s][info][gc,heap        ] GC(31847) ParOldGen: 431164K(431616K)->431220K(431616K)
[14510.100s][info][gc,metaspace   ] GC(31847) Metaspace: 62347K(62592K)->62347K(62592K) NonClass: 53309K(53504K)->53309K(53504K) Class: 9037K(9088K)->9037K(9088K)
[14510.100s][info][gc             ] GC(31847) Pause Young (Allocation Failure) 501M->421M(504M) 2.631ms
[14510.100s][info][gc,cpu         ] GC(31847) User=0.00s Sys=0.00s Real=0.00s
[14510.599s][info][gc,start       ] GC(31848) Pause Young (Allocation Failure)
[14510.602s][info][gc,heap        ] GC(31848) PSYoungGen: 82624K(84480K)->752K(84480K) Eden: 81920K(81920K)->0K(81920K) From: 704K(2560K)->752K(2560K)
[14510.602s][info][gc,heap        ] GC(31848) ParOldGen: 431220K(431616K)->431276K(431616K)
[14510.602s][info][gc,metaspace   ] GC(31848) Metaspace: 62347K(62592K)->62347K(62592K) NonClass: 53309K(53504K)->53309K(53504K) Class: 9037K(9088K)->9037K(9088K)
[14510.602s][info][gc             ] GC(31848) Pause Young (Allocation Failure) 501M->421M(504M) 2.729ms
[14510.602s][info][gc,cpu         ] GC(31848) User=0.01s Sys=0.00s Real=0.00s
[14511.093s][info][gc,start       ] GC(31849) Pause Young (Allocation Failure)
[14511.095s][info][gc,heap        ] GC(31849) PSYoungGen: 82672K(84480K)->608K(84480K) Eden: 81920K(81920K)->0K(81920K) From: 752K(2560K)->608K(2560K)
[14511.095s][info][gc,heap        ] GC(31849) ParOldGen: 431276K(431616K)->431380K(431616K)
[14511.095s][info][gc,metaspace   ] GC(31849) Metaspace: 62347K(62592K)->62347K(62592K) NonClass: 53309K(53504K)->53309K(53504K) Class: 9037K(9088K)->9037K(9088K)
[14511.095s][info][gc             ] GC(31849) Pause Young (Allocation Failure) 501M->421M(504M) 2.595ms
[14511.095s][info][gc,cpu         ] GC(31849) User=0.00s Sys=0.00s Real=0.01s
[14511.595s][info][gc,start       ] GC(31850) Pause Young (Allocation Failure)
[14511.598s][info][gc,heap        ] GC(31850) PSYoungGen: 82528K(84480K)->640K(84992K) Eden: 81920K(81920K)->0K(82944K) From: 608K(2560K)->640K(2048K)
[14511.598s][info][gc,heap        ] GC(31850) ParOldGen: 431380K(431616K)->431428K(431616K)
[14511.598s][info][gc,metaspace   ] GC(31850) Metaspace: 62347K(62592K)->62347K(62592K) NonClass: 53309K(53504K)->53309K(53504K) Class: 9037K(9088K)->9037K(9088K)
[14511.598s][info][gc             ] GC(31850) Pause Young (Allocation Failure) 501M->421M(504M) 2.692ms
[14511.598s][info][gc,cpu         ] GC(31850) User=0.01s Sys=0.00s Real=0.00s
[14512.097s][info][gc,start       ] GC(31851) Pause Young (Allocation Failure)
[14512.099s][info][gc,heap        ] GC(31851) PSYoungGen: 83584K(84992K)->640K(84992K) Eden: 82944K(82944K)->0K(82944K) From: 640K(2048K)->640K(2048K)
[14512.099s][info][gc,heap        ] GC(31851) ParOldGen: 431428K(431616K)->431476K(431616K)
[14512.099s][info][gc,metaspace   ] GC(31851) Metaspace: 62347K(62592K)->62347K(62592K) NonClass: 53309K(53504K)->53309K(53504K) Class: 9037K(9088K)->9037K(9088K)
[14512.099s][info][gc             ] GC(31851) Pause Young (Allocation Failure) 502M->421M(504M) 2.799ms
[14512.099s][info][gc,cpu         ] GC(31851) User=0.00s Sys=0.00s Real=0.00s
[14512.569s][info][gc,start       ] GC(31852) Pause Young (Allocation Failure)
[14512.571s][info][gc,heap        ] GC(31852) PSYoungGen: 83584K(84992K)->288K(84992K) Eden: 82944K(82944K)->0K(82944K) From: 640K(2048K)->288K(2048K)
[14512.571s][info][gc,heap        ] GC(31852) ParOldGen: 431476K(431616K)->431532K(431616K)
[14512.571s][info][gc,metaspace   ] GC(31852) Metaspace: 62347K(62592K)->62347K(62592K) NonClass: 53309K(53504K)->53309K(53504K) Class: 9037K(9088K)->9037K(9088K)
[14512.571s][info][gc             ] GC(31852) Pause Young (Allocation Failure) 502M->421M(504M) 2.296ms
[14512.571s][info][gc,cpu         ] GC(31852) User=0.01s Sys=0.00s Real=0.00s
[14513.055s][info][gc,start       ] GC(31853) Pause Young (Allocation Failure)
[14513.058s][info][gc,heap        ] GC(31853) PSYoungGen: 83232K(84992K)->1504K(84992K) Eden: 82944K(82944K)->0K(82944K) From: 288K(2048K)->1504K(2048K)
[14513.058s][info][gc,heap        ] GC(31853) ParOldGen: 431532K(431616K)->431588K(431616K)
[14513.058s][info][gc,metaspace   ] GC(31853) Metaspace: 62347K(62592K)->62347K(62592K) NonClass: 53309K(53504K)->53309K(53504K) Class: 9037K(9088K)->9037K(9088K)
[14513.058s][info][gc             ] GC(31853) Pause Young (Allocation Failure) 502M->422M(504M) 3.598ms
[14513.058s][info][gc,cpu         ] GC(31853) User=0.01s Sys=0.00s Real=0.00s
[14513.561s][info][gc,start       ] GC(31854) Pause Young (Allocation Failure)
[14513.563s][info][gc,heap        ] GC(31854) PSYoungGen: 84448K(84992K)->192K(84992K) Eden: 82944K(82944K)->0K(82944K) From: 1504K(2048K)->192K(2048K)
[14513.563s][info][gc,heap        ] GC(31854) ParOldGen: 431588K(431616K)->431636K(432128K)
[14513.563s][info][gc,metaspace   ] GC(31854) Metaspace: 62347K(62592K)->62347K(62592K) NonClass: 53309K(53504K)->53309K(53504K) Class: 9037K(9088K)->9037K(9088K)
[14513.563s][info][gc             ] GC(31854) Pause Young (Allocation Failure) 503M->421M(505M) 2.304ms
[14513.563s][info][gc,cpu         ] GC(31854) User=0.00s Sys=0.00s Real=0.00s
[14514.056s][info][gc,start       ] GC(31855) Pause Young (Allocation Failure)
[14514.059s][info][gc,heap        ] GC(31855) PSYoungGen: 83136K(84992K)->1472K(84480K) Eden: 82944K(82944K)->0K(82944K) From: 192K(2048K)->1472K(1536K)
[14514.060s][info][gc,heap        ] GC(31855) ParOldGen: 431636K(432128K)->431692K(432128K)
[14514.060s][info][gc,metaspace   ] GC(31855) Metaspace: 62347K(62592K)->62347K(62592K) NonClass: 53309K(53504K)->53309K(53504K) Class: 9037K(9088K)->9037K(9088K)
[14514.060s][info][gc             ] GC(31855) Pause Young (Allocation Failure) 502M->423M(504M) 3.626ms
[14514.060s][info][gc,cpu         ] GC(31855) User=0.01s Sys=0.00s Real=0.00s
[14514.545s][info][gc,start       ] GC(31856) Pause Young (Allocation Failure)
[14514.549s][info][gc,heap        ] GC(31856) PSYoungGen: 84416K(84480K)->1376K(84480K) Eden: 82944K(82944K)->0K(81920K) From: 1472K(1536K)->1376K(2560K)
[14514.549s][info][gc,heap        ] GC(31856) ParOldGen: 431692K(432128K)->431740K(432128K)
[14514.549s][info][gc,metaspace   ] GC(31856) Metaspace: 62347K(62592K)->62347K(62592K) NonClass: 53309K(53504K)->53309K(53504K) Class: 9037K(9088K)->9037K(9088K)
[14514.549s][info][gc             ] GC(31856) Pause Young (Allocation Failure) 504M->422M(504M) 3.526ms
[14514.549s][info][gc,cpu         ] GC(31856) User=0.01s Sys=0.00s Real=0.00s
[14515.044s][info][gc,start       ] GC(31857) Pause Young (Allocation Failure)
[14515.047s][info][gc,heap        ] GC(31857) PSYoungGen: 83296K(84480K)->1248K(84480K) Eden: 81920K(81920K)->0K(81920K) From: 1376K(2560K)->1248K(2560K)
[14515.047s][info][gc,heap        ] GC(31857) ParOldGen: 431740K(432128K)->431796K(432128K)
[14515.047s][info][gc,metaspace   ] GC(31857) Metaspace: 62347K(62592K)->62347K(62592K) NonClass: 53309K(53504K)->53309K(53504K) Class: 9037K(9088K)->9037K(9088K)
[14515.047s][info][gc             ] GC(31857) Pause Young (Allocation Failure) 502M->422M(504M) 3.443ms
[14515.047s][info][gc,cpu         ] GC(31857) User=0.01s Sys=0.00s Real=0.01s
[14515.536s][info][gc,start       ] GC(31858) Pause Young (Allocation Failure)
[14515.539s][info][gc,heap        ] GC(31858) PSYoungGen: 83168K(84480K)->2144K(84480K) Eden: 81920K(81920K)->0K(81920K) From: 1248K(2560K)->2144K(2560K)
[14515.539s][info][gc,heap        ] GC(31858) ParOldGen: 431796K(432128K)->431852K(432128K)
[14515.539s][info][gc,metaspace   ] GC(31858) Metaspace: 62347K(62592K)->62347K(62592K) NonClass: 53309K(53504K)->53309K(53504K) Class: 9037K(9088K)->9037K(9088K)
[14515.539s][info][gc             ] GC(31858) Pause Young (Allocation Failure) 502M->423M(504M) 3.352ms
[14515.539s][info][gc,cpu         ] GC(31858) User=0.01s Sys=0.00s Real=0.00s
[14515.990s][info][gc,start       ] GC(31859) Pause Young (Allocation Failure)
[14515.994s][info][gc,heap        ] GC(31859) PSYoungGen: 84064K(84480K)->576K(84480K) Eden: 81920K(81920K)->0K(81920K) From: 2144K(2560K)->576K(2560K)
[14515.994s][info][gc,heap        ] GC(31859) ParOldGen: 431852K(432128K)->433956K(435200K)
[14515.994s][info][gc,metaspace   ] GC(31859) Metaspace: 62347K(62592K)->62347K(62592K) NonClass: 53309K(53504K)->53309K(53504K) Class: 9037K(9088K)->9037K(9088K)
[14515.994s][info][gc             ] GC(31859) Pause Young (Allocation Failure) 503M->424M(507M) 3.840ms
[14515.994s][info][gc,cpu         ] GC(31859) User=0.01s Sys=0.01s Real=0.01s
[14516.500s][info][gc,start       ] GC(31860) Pause Young (Allocation Failure)
[14516.503s][info][gc,heap        ] GC(31860) PSYoungGen: 82496K(84480K)->608K(84480K) Eden: 81920K(81920K)->0K(81920K) From: 576K(2560K)->608K(2560K)
[14516.503s][info][gc,heap        ] GC(31860) ParOldGen: 433956K(435200K)->434012K(435200K)
[14516.503s][info][gc,metaspace   ] GC(31860) Metaspace: 62347K(62592K)->62347K(62592K) NonClass: 53309K(53504K)->53309K(53504K) Class: 9037K(9088K)->9037K(9088K)
[14516.503s][info][gc             ] GC(31860) Pause Young (Allocation Failure) 504M->424M(507M) 2.622ms
[14516.503s][info][gc,cpu         ] GC(31860) User=0.00s Sys=0.00s Real=0.00s
[14516.990s][info][gc,start       ] GC(31861) Pause Young (Allocation Failure)
[14516.993s][info][gc,heap        ] GC(31861) PSYoungGen: 82528K(84480K)->544K(84480K) Eden: 81920K(81920K)->0K(81920K) From: 608K(2560K)->544K(2560K)
[14516.993s][info][gc,heap        ] GC(31861) ParOldGen: 434012K(435200K)->434060K(435200K)
[14516.993s][info][gc,metaspace   ] GC(31861) Metaspace: 62347K(62592K)->62347K(62592K) NonClass: 53309K(53504K)->53309K(53504K) Class: 9037K(9088K)->9037K(9088K)
[14516.993s][info][gc             ] GC(31861) Pause Young (Allocation Failure) 504M->424M(507M) 2.607ms
[14516.993s][info][gc,cpu         ] GC(31861) User=0.00s Sys=0.00s Real=0.00s
[14517.487s][info][gc,start       ] GC(31862) Pause Young (Allocation Failure)
[14517.489s][info][gc,heap        ] GC(31862) PSYoungGen: 82464K(84480K)->512K(84480K) Eden: 81920K(81920K)->0K(81920K) From: 544K(2560K)->512K(2560K)
[14517.489s][info][gc,heap        ] GC(31862) ParOldGen: 434060K(435200K)->434108K(435200K)
[14517.489s][info][gc,metaspace   ] GC(31862) Metaspace: 62347K(62592K)->62347K(62592K) NonClass: 53309K(53504K)->53309K(53504K) Class: 9037K(9088K)->9037K(9088K)
[14517.489s][info][gc             ] GC(31862) Pause Young (Allocation Failure) 504M->424M(507M) 2.554ms
[14517.489s][info][gc,cpu         ] GC(31862) User=0.01s Sys=0.00s Real=0.00s
[14517.945s][info][gc,start       ] GC(31863) Pause Young (Allocation Failure)
[14517.949s][info][gc,heap        ] GC(31863) PSYoungGen: 82432K(84480K)->1536K(84480K) Eden: 81920K(81920K)->0K(81920K) From: 512K(2560K)->1536K(2560K)
[14517.949s][info][gc,heap        ] GC(31863) ParOldGen: 434108K(435200K)->434164K(435200K)
[14517.949s][info][gc,metaspace   ] GC(31863) Metaspace: 62347K(62592K)->62347K(62592K) NonClass: 53309K(53504K)->53309K(53504K) Class: 9037K(9088K)->9037K(9088K)
[14517.949s][info][gc             ] GC(31863) Pause Young (Allocation Failure) 504M->425M(507M) 3.712ms
[14517.949s][info][gc,cpu         ] GC(31863) User=0.01s Sys=0.00s Real=0.00s
[14518.385s][info][gc,start       ] GC(31864) Pause Young (Allocation Failure)
[14518.387s][info][gc,heap        ] GC(31864) PSYoungGen: 83456K(84480K)->512K(84480K) Eden: 81920K(81920K)->0K(81920K) From: 1536K(2560K)->512K(2560K)
[14518.387s][info][gc,heap        ] GC(31864) ParOldGen: 434164K(435200K)->434220K(435200K)
[14518.387s][info][gc,metaspace   ] GC(31864) Metaspace: 62347K(62592K)->62347K(62592K) NonClass: 53309K(53504K)->53309K(53504K) Class: 9037K(9088K)->9037K(9088K)
[14518.387s][info][gc             ] GC(31864) Pause Young (Allocation Failure) 505M->424M(507M) 2.606ms
[14518.387s][info][gc,cpu         ] GC(31864) User=0.00s Sys=0.00s Real=0.00s
[14518.870s][info][gc,start       ] GC(31865) Pause Young (Allocation Failure)
[14518.872s][info][gc,heap        ] GC(31865) PSYoungGen: 82432K(84480K)->336K(84480K) Eden: 81920K(81920K)->0K(81920K) From: 512K(2560K)->336K(2560K)
[14518.872s][info][gc,heap        ] GC(31865) ParOldGen: 434220K(435200K)->434268K(435200K)
[14518.872s][info][gc,metaspace   ] GC(31865) Metaspace: 62347K(62592K)->62347K(62592K) NonClass: 53309K(53504K)->53309K(53504K) Class: 9037K(9088K)->9037K(9088K)
[14518.872s][info][gc             ] GC(31865) Pause Young (Allocation Failure) 504M->424M(507M) 2.390ms
[14518.872s][info][gc,cpu         ] GC(31865) User=0.00s Sys=0.00s Real=0.00s
[14519.342s][info][gc,start       ] GC(31866) Pause Young (Allocation Failure)
[14519.345s][info][gc,heap        ] GC(31866) PSYoungGen: 82256K(84480K)->1344K(84480K) Eden: 81920K(81920K)->0K(81920K) From: 336K(2560K)->1344K(2560K)
[14519.345s][info][gc,heap        ] GC(31866) ParOldGen: 434268K(435200K)->434372K(435200K)
[14519.345s][info][gc,metaspace   ] GC(31866) Metaspace: 62347K(62592K)->62347K(62592K) NonClass: 53309K(53504K)->53309K(53504K) Class: 9037K(9088K)->9037K(9088K)
[14519.345s][info][gc             ] GC(31866) Pause Young (Allocation Failure) 504M->425M(507M) 3.593ms
[14519.345s][info][gc,cpu         ] GC(31866) User=0.01s Sys=0.00s Real=0.01s
[14519.788s][info][gc,start       ] GC(31867) Pause Young (Allocation Failure)
[14519.790s][info][gc,heap        ] GC(31867) PSYoungGen: 83264K(84480K)->544K(84480K) Eden: 81920K(81920K)->0K(81920K) From: 1344K(2560K)->544K(2560K)
[14519.790s][info][gc,heap        ] GC(31867) ParOldGen: 434372K(435200K)->434428K(435200K)
[14519.790s][info][gc,metaspace   ] GC(31867) Metaspace: 62347K(62592K)->62347K(62592K) NonClass: 53309K(53504K)->53309K(53504K) Class: 9037K(9088K)->9037K(9088K)
[14519.790s][info][gc             ] GC(31867) Pause Young (Allocation Failure) 505M->424M(507M) 2.546ms
[14519.790s][info][gc,cpu         ] GC(31867) User=0.00s Sys=0.00s Real=0.00s
[14520.223s][info][gc,start       ] GC(31868) Pause Young (Allocation Failure)
[14520.226s][info][gc,heap        ] GC(31868) PSYoungGen: 82464K(84480K)->1120K(84480K) Eden: 81920K(81920K)->0K(81920K) From: 544K(2560K)->1120K(2560K)
[14520.226s][info][gc,heap        ] GC(31868) ParOldGen: 434428K(435200K)->434476K(435200K)
[14520.226s][info][gc,metaspace   ] GC(31868) Metaspace: 62347K(62592K)->62347K(62592K) NonClass: 53309K(53504K)->53309K(53504K) Class: 9037K(9088K)->9037K(9088K)
[14520.226s][info][gc             ] GC(31868) Pause Young (Allocation Failure) 504M->425M(507M) 3.235ms
[14520.226s][info][gc,cpu         ] GC(31868) User=0.01s Sys=0.00s Real=0.01s
[14520.661s][info][gc,start       ] GC(31869) Pause Young (Allocation Failure)
[14520.664s][info][gc,heap        ] GC(31869) PSYoungGen: 83040K(84480K)->2240K(84480K) Eden: 81920K(81920K)->0K(81920K) From: 1120K(2560K)->2240K(2560K)
[14520.664s][info][gc,heap        ] GC(31869) ParOldGen: 434476K(435200K)->434532K(435200K)
[14520.664s][info][gc,metaspace   ] GC(31869) Metaspace: 62347K(62592K)->62347K(62592K) NonClass: 53309K(53504K)->53309K(53504K) Class: 9037K(9088K)->9037K(9088K)
[14520.664s][info][gc             ] GC(31869) Pause Young (Allocation Failure) 505M->426M(507M) 2.554ms
[14520.664s][info][gc,cpu         ] GC(31869) User=0.01s Sys=0.00s Real=0.00s
[14521.144s][info][gc,start       ] GC(31870) Pause Young (Allocation Failure)
[14521.148s][info][gc,heap        ] GC(31870) PSYoungGen: 84160K(84480K)->1280K(84480K) Eden: 81920K(81920K)->0K(81920K) From: 2240K(2560K)->1280K(2560K)
[14521.148s][info][gc,heap        ] GC(31870) ParOldGen: 434532K(435200K)->435604K(436736K)
[14521.148s][info][gc,metaspace   ] GC(31870) Metaspace: 62347K(62592K)->62347K(62592K) NonClass: 53309K(53504K)->53309K(53504K) Class: 9037K(9088K)->9037K(9088K)
[14521.148s][info][gc             ] GC(31870) Pause Young (Allocation Failure) 506M->426M(509M) 3.836ms
[14521.148s][info][gc,cpu         ] GC(31870) User=0.01s Sys=0.00s Real=0.01s
[14521.643s][info][gc,start       ] GC(31871) Pause Young (Allocation Failure)
[14521.647s][info][gc,heap        ] GC(31871) PSYoungGen: 83200K(84480K)->1248K(84480K) Eden: 81920K(81920K)->0K(81920K) From: 1280K(2560K)->1248K(2560K)
[14521.647s][info][gc,heap        ] GC(31871) ParOldGen: 435604K(436736K)->435660K(436736K)
[14521.647s][info][gc,metaspace   ] GC(31871) Metaspace: 62347K(62592K)->62347K(62592K) NonClass: 53309K(53504K)->53309K(53504K) Class: 9037K(9088K)->9037K(9088K)
[14521.647s][info][gc             ] GC(31871) Pause Young (Allocation Failure) 506M->426M(509M) 3.453ms
[14521.647s][info][gc,cpu         ] GC(31871) User=0.00s Sys=0.00s Real=0.01s
[14522.113s][info][gc,start       ] GC(31872) Pause Young (Allocation Failure)
[14522.116s][info][gc,heap        ] GC(31872) PSYoungGen: 83168K(84480K)->896K(84480K) Eden: 81920K(81920K)->0K(81920K) From: 1248K(2560K)->896K(2560K)
[14522.116s][info][gc,heap        ] GC(31872) ParOldGen: 435660K(436736K)->435708K(436736K)
[14522.116s][info][gc,metaspace   ] GC(31872) Metaspace: 62347K(62592K)->62347K(62592K) NonClass: 53309K(53504K)->53309K(53504K) Class: 9037K(9088K)->9037K(9088K)
[14522.116s][info][gc             ] GC(31872) Pause Young (Allocation Failure) 506M->426M(509M) 3.108ms
[14522.116s][info][gc,cpu         ] GC(31872) User=0.01s Sys=0.00s Real=0.01s
[14522.599s][info][gc,start       ] GC(31873) Pause Young (Allocation Failure)
[14522.601s][info][gc,heap        ] GC(31873) PSYoungGen: 82816K(84480K)->672K(84480K) Eden: 81920K(81920K)->0K(81920K) From: 896K(2560K)->672K(2560K)
[14522.601s][info][gc,heap        ] GC(31873) ParOldGen: 435708K(436736K)->435764K(436736K)
[14522.601s][info][gc,metaspace   ] GC(31873) Metaspace: 62347K(62592K)->62347K(62592K) NonClass: 53309K(53504K)->53309K(53504K) Class: 9037K(9088K)->9037K(9088K)
[14522.601s][info][gc             ] GC(31873) Pause Young (Allocation Failure) 506M->426M(509M) 2.718ms
[14522.601s][info][gc,cpu         ] GC(31873) User=0.00s Sys=0.00s Real=0.00s
[14523.072s][info][gc,start       ] GC(31874) Pause Young (Allocation Failure)
[14523.074s][info][gc,heap        ] GC(31874) PSYoungGen: 82592K(84480K)->352K(84480K) Eden: 81920K(81920K)->0K(81920K) From: 672K(2560K)->352K(2560K)
[14523.074s][info][gc,heap        ] GC(31874) ParOldGen: 435764K(436736K)->435812K(436736K)
[14523.074s][info][gc,metaspace   ] GC(31874) Metaspace: 62347K(62592K)->62347K(62592K) NonClass: 53309K(53504K)->53309K(53504K) Class: 9037K(9088K)->9037K(9088K)
[14523.074s][info][gc             ] GC(31874) Pause Young (Allocation Failure) 506M->425M(509M) 2.406ms
[14523.074s][info][gc,cpu         ] GC(31874) User=0.01s Sys=0.00s Real=0.00s
[14523.584s][info][gc,start       ] GC(31875) Pause Young (Allocation Failure)
[14523.587s][info][gc,heap        ] GC(31875) PSYoungGen: 82272K(84480K)->480K(84480K) Eden: 81920K(81920K)->0K(81920K) From: 352K(2560K)->480K(2560K)
[14523.587s][info][gc,heap        ] GC(31875) ParOldGen: 435812K(436736K)->435868K(436736K)
[14523.587s][info][gc,metaspace   ] GC(31875) Metaspace: 62347K(62592K)->62347K(62592K) NonClass: 53309K(53504K)->53309K(53504K) Class: 9037K(9088K)->9037K(9088K)
[14523.587s][info][gc             ] GC(31875) Pause Young (Allocation Failure) 505M->426M(509M) 2.469ms
[14523.587s][info][gc,cpu         ] GC(31875) User=0.00s Sys=0.00s Real=0.01s
[14524.084s][info][gc,start       ] GC(31876) Pause Young (Allocation Failure)
[14524.086s][info][gc,heap        ] GC(31876) PSYoungGen: 82400K(84480K)->480K(84480K) Eden: 81920K(81920K)->0K(81920K) From: 480K(2560K)->480K(2560K)
[14524.086s][info][gc,heap        ] GC(31876) ParOldGen: 435868K(436736K)->435924K(436736K)
[14524.086s][info][gc,metaspace   ] GC(31876) Metaspace: 62347K(62592K)->62347K(62592K) NonClass: 53309K(53504K)->53309K(53504K) Class: 9037K(9088K)->9037K(9088K)
[14524.086s][info][gc             ] GC(31876) Pause Young (Allocation Failure) 506M->426M(509M) 2.494ms
[14524.086s][info][gc,cpu         ] GC(31876) User=0.00s Sys=0.00s Real=0.01s
[14524.582s][info][gc,start       ] GC(31877) Pause Young (Allocation Failure)
[14524.585s][info][gc,heap        ] GC(31877) PSYoungGen: 82400K(84480K)->448K(84480K) Eden: 81920K(81920K)->0K(81920K) From: 480K(2560K)->448K(2560K)
[14524.585s][info][gc,heap        ] GC(31877) ParOldGen: 435924K(436736K)->435980K(436736K)
[14524.585s][info][gc,metaspace   ] GC(31877) Metaspace: 62347K(62592K)->62347K(62592K) NonClass: 53309K(53504K)->53309K(53504K) Class: 9037K(9088K)->9037K(9088K)
[14524.585s][info][gc             ] GC(31877) Pause Young (Allocation Failure) 506M->426M(509M) 2.449ms
[14524.585s][info][gc,cpu         ] GC(31877) User=0.01s Sys=0.00s Real=0.01s
[14525.039s][info][gc,start       ] GC(31878) Pause Young (Allocation Failure)
[14525.042s][info][gc,heap        ] GC(31878) PSYoungGen: 82368K(84480K)->1312K(84480K) Eden: 81920K(81920K)->0K(81920K) From: 448K(2560K)->1312K(2560K)
[14525.042s][info][gc,heap        ] GC(31878) ParOldGen: 435980K(436736K)->436036K(436736K)
[14525.042s][info][gc,metaspace   ] GC(31878) Metaspace: 62347K(62592K)->62347K(62592K) NonClass: 53309K(53504K)->53309K(53504K) Class: 9037K(9088K)->9037K(9088K)
[14525.042s][info][gc             ] GC(31878) Pause Young (Allocation Failure) 506M->427M(509M) 3.393ms
[14525.042s][info][gc,cpu         ] GC(31878) User=0.01s Sys=0.00s Real=0.00s
[14525.497s][info][gc,start       ] GC(31879) Pause Young (Allocation Failure)
[14525.500s][info][gc,heap        ] GC(31879) PSYoungGen: 82491K(84480K)->768K(84480K) Eden: 81179K(81920K)->0K(81920K) From: 1312K(2560K)->768K(2560K)
[14525.500s][info][gc,heap        ] GC(31879) ParOldGen: 436036K(436736K)->436084K(436736K)
[14525.500s][info][gc,metaspace   ] GC(31879) Metaspace: 62347K(62592K)->62347K(62592K) NonClass: 53309K(53504K)->53309K(53504K) Class: 9037K(9088K)->9037K(9088K)
[14525.500s][info][gc             ] GC(31879) Pause Young (Allocation Failure) 506M->426M(509M) 2.878ms
[14525.500s][info][gc,cpu         ] GC(31879) User=0.00s Sys=0.00s Real=0.00s
[14525.912s][info][gc,start       ] GC(31880) Pause Young (Allocation Failure)
[14525.915s][info][gc,heap        ] GC(31880) PSYoungGen: 82688K(84480K)->1952K(83968K) Eden: 81920K(81920K)->0K(81920K) From: 768K(2560K)->1952K(2048K)
[14525.915s][info][gc,heap        ] GC(31880) ParOldGen: 436084K(436736K)->437164K(438272K)
[14525.915s][info][gc,metaspace   ] GC(31880) Metaspace: 62347K(62592K)->62347K(62592K) NonClass: 53309K(53504K)->53309K(53504K) Class: 9037K(9088K)->9037K(9088K)
[14525.915s][info][gc             ] GC(31880) Pause Young (Allocation Failure) 506M->428M(510M) 3.951ms
[14525.915s][info][gc,cpu         ] GC(31880) User=0.00s Sys=0.00s Real=0.01s
[14526.376s][info][gc,start       ] GC(31881) Pause Young (Allocation Failure)
[14526.379s][info][gc,heap        ] GC(31881) PSYoungGen: 83872K(83968K)->352K(84480K) Eden: 81920K(81920K)->0K(81920K) From: 1952K(2048K)->352K(2560K)
[14526.379s][info][gc,heap        ] GC(31881) ParOldGen: 437164K(438272K)->439268K(439808K)
[14526.379s][info][gc,metaspace   ] GC(31881) Metaspace: 62347K(62592K)->62347K(62592K) NonClass: 53309K(53504K)->53309K(53504K) Class: 9037K(9088K)->9037K(9088K)
[14526.379s][info][gc             ] GC(31881) Pause Young (Allocation Failure) 508M->429M(512M) 3.607ms
[14526.380s][info][gc,cpu         ] GC(31881) User=0.01s Sys=0.00s Real=0.00s
[14526.905s][info][gc,start       ] GC(31882) Pause Young (Allocation Failure)
[14526.908s][info][gc,heap        ] GC(31882) PSYoungGen: 82272K(84480K)->832K(84480K) Eden: 81920K(81920K)->0K(81920K) From: 352K(2560K)->832K(2560K)
[14526.908s][info][gc,heap        ] GC(31882) ParOldGen: 439268K(439808K)->439324K(439808K)
[14526.908s][info][gc,metaspace   ] GC(31882) Metaspace: 62347K(62592K)->62347K(62592K) NonClass: 53309K(53504K)->53309K(53504K) Class: 9037K(9088K)->9037K(9088K)
[14526.908s][info][gc             ] GC(31882) Pause Young (Allocation Failure) 509M->429M(512M) 2.857ms
[14526.908s][info][gc,cpu         ] GC(31882) User=0.01s Sys=0.00s Real=0.00s
[14527.366s][info][gc,start       ] GC(31883) Pause Young (Allocation Failure)
[14527.368s][info][gc,heap        ] GC(31883) PSYoungGen: 82752K(84480K)->256K(84480K) Eden: 81920K(81920K)->0K(81920K) From: 832K(2560K)->256K(2560K)
[14527.369s][info][gc,heap        ] GC(31883) ParOldGen: 439324K(439808K)->439428K(439808K)
[14527.369s][info][gc,metaspace   ] GC(31883) Metaspace: 62347K(62592K)->62347K(62592K) NonClass: 53309K(53504K)->53309K(53504K) Class: 9037K(9088K)->9037K(9088K)
[14527.369s][info][gc             ] GC(31883) Pause Young (Allocation Failure) 509M->429M(512M) 2.447ms
[14527.369s][info][gc,cpu         ] GC(31883) User=0.00s Sys=0.00s Real=0.00s
[14527.844s][info][gc,start       ] GC(31884) Pause Young (Allocation Failure)
[14527.847s][info][gc,heap        ] GC(31884) PSYoungGen: 82176K(84480K)->1120K(84480K) Eden: 81920K(81920K)->0K(81920K) From: 256K(2560K)->1120K(2560K)
[14527.847s][info][gc,heap        ] GC(31884) ParOldGen: 439428K(439808K)->439484K(439808K)
[14527.847s][info][gc,metaspace   ] GC(31884) Metaspace: 62347K(62592K)->62347K(62592K) NonClass: 53309K(53504K)->53309K(53504K) Class: 9037K(9088K)->9037K(9088K)
[14527.847s][info][gc             ] GC(31884) Pause Young (Allocation Failure) 509M->430M(512M) 3.288ms
[14527.847s][info][gc,cpu         ] GC(31884) User=0.01s Sys=0.00s Real=0.01s
[14528.318s][info][gc,start       ] GC(31885) Pause Young (Allocation Failure)
[14528.321s][info][gc,heap        ] GC(31885) PSYoungGen: 83040K(84480K)->1024K(84480K) Eden: 81920K(81920K)->0K(81920K) From: 1120K(2560K)->1024K(2560K)
[14528.321s][info][gc,heap        ] GC(31885) ParOldGen: 439484K(439808K)->439540K(439808K)
[14528.321s][info][gc,metaspace   ] GC(31885) Metaspace: 62347K(62592K)->62347K(62592K) NonClass: 53309K(53504K)->53309K(53504K) Class: 9037K(9088K)->9037K(9088K)
[14528.321s][info][gc             ] GC(31885) Pause Young (Allocation Failure) 510M->430M(512M) 3.140ms
[14528.321s][info][gc,cpu         ] GC(31885) User=0.01s Sys=0.00s Real=0.00s
[14528.766s][info][gc,start       ] GC(31886) Pause Young (Allocation Failure)
[14528.768s][info][gc,heap        ] GC(31886) PSYoungGen: 82944K(84480K)->256K(84992K) Eden: 81920K(81920K)->0K(82944K) From: 1024K(2560K)->256K(2048K)
[14528.768s][info][gc,heap        ] GC(31886) ParOldGen: 439540K(439808K)->439596K(439808K)
[14528.768s][info][gc,metaspace   ] GC(31886) Metaspace: 62347K(62592K)->62347K(62592K) NonClass: 53309K(53504K)->53309K(53504K) Class: 9037K(9088K)->9037K(9088K)
[14528.768s][info][gc             ] GC(31886) Pause Young (Allocation Failure) 510M->429M(512M) 2.293ms
[14528.768s][info][gc,cpu         ] GC(31886) User=0.00s Sys=0.00s Real=0.00s
[14529.208s][info][gc,start       ] GC(31887) Pause Young (Allocation Failure)
[14529.211s][info][gc,heap        ] GC(31887) PSYoungGen: 83200K(84992K)->896K(84992K) Eden: 82944K(82944K)->0K(82944K) From: 256K(2048K)->896K(2048K)
[14529.211s][info][gc,heap        ] GC(31887) ParOldGen: 439596K(439808K)->439652K(439808K)
[14529.211s][info][gc,metaspace   ] GC(31887) Metaspace: 62347K(62592K)->62347K(62592K) NonClass: 53309K(53504K)->53309K(53504K) Class: 9037K(9088K)->9037K(9088K)
[14529.211s][info][gc             ] GC(31887) Pause Young (Allocation Failure) 510M->430M(512M) 3.065ms
[14529.211s][info][gc,cpu         ] GC(31887) User=0.00s Sys=0.00s Real=0.00s
[14529.688s][info][gc,start       ] GC(31888) Pause Young (Allocation Failure)
[14529.691s][info][gc,heap        ] GC(31888) PSYoungGen: 83840K(84992K)->544K(84992K) Eden: 82944K(82944K)->0K(82944K) From: 896K(2048K)->544K(2048K)
[14529.691s][info][gc,heap        ] GC(31888) ParOldGen: 439652K(439808K)->439700K(439808K)
[14529.691s][info][gc,metaspace   ] GC(31888) Metaspace: 62347K(62592K)->62347K(62592K) NonClass: 53309K(53504K)->53309K(53504K) Class: 9037K(9088K)->9037K(9088K)
[14529.691s][info][gc             ] GC(31888) Pause Young (Allocation Failure) 511M->429M(512M) 2.602ms
[14529.691s][info][gc,cpu         ] GC(31888) User=0.00s Sys=0.00s Real=0.00s
[14530.127s][info][gc,start       ] GC(31889) Pause Young (Allocation Failure)
[14530.131s][info][gc,heap        ] GC(31889) PSYoungGen: 83488K(84992K)->1216K(84992K) Eden: 82944K(82944K)->0K(82944K) From: 544K(2048K)->1216K(2048K)
[14530.131s][info][gc,heap        ] GC(31889) ParOldGen: 439700K(439808K)->439756K(439808K)
[14530.131s][info][gc,metaspace   ] GC(31889) Metaspace: 62348K(62592K)->62348K(62592K) NonClass: 53311K(53504K)->53311K(53504K) Class: 9037K(9088K)->9037K(9088K)
[14530.131s][info][gc             ] GC(31889) Pause Young (Allocation Failure) 510M->430M(512M) 3.472ms
[14530.131s][info][gc,cpu         ] GC(31889) User=0.01s Sys=0.00s Real=0.00s
[14530.568s][info][gc,start       ] GC(31890) Pause Young (Allocation Failure)
[14530.571s][info][gc,heap        ] GC(31890) PSYoungGen: 84160K(84992K)->320K(84992K) Eden: 82944K(82944K)->0K(82944K) From: 1216K(2048K)->320K(2048K)
[14530.571s][info][gc,heap        ] GC(31890) ParOldGen: 439756K(439808K)->439804K(439808K)
[14530.571s][info][gc,metaspace   ] GC(31890) Metaspace: 62348K(62592K)->62348K(62592K) NonClass: 53311K(53504K)->53311K(53504K) Class: 9037K(9088K)->9037K(9088K)
[14530.571s][info][gc             ] GC(31890) Pause Young (Allocation Failure) 511M->429M(512M) 2.426ms
[14530.571s][info][gc,cpu         ] GC(31890) User=0.01s Sys=0.00s Real=0.00s
[14531.005s][info][gc,start       ] GC(31891) Pause Young (Allocation Failure)
[14531.008s][info][gc,heap        ] GC(31891) PSYoungGen: 83264K(84992K)->800K(84992K) Eden: 82944K(82944K)->0K(82944K) From: 320K(2048K)->800K(2048K)
[14531.008s][info][gc,heap        ] GC(31891) ParOldGen: 439804K(439808K)->439860K(440320K)
[14531.008s][info][gc,metaspace   ] GC(31891) Metaspace: 62348K(62592K)->62348K(62592K) NonClass: 53311K(53504K)->53311K(53504K) Class: 9037K(9088K)->9037K(9088K)
[14531.008s][info][gc             ] GC(31891) Pause Young (Allocation Failure) 510M->430M(513M) 2.859ms
[14531.008s][info][gc,cpu         ] GC(31891) User=0.01s Sys=0.00s Real=0.00s
[14531.484s][info][gc,start       ] GC(31892) Pause Young (Allocation Failure)
[14531.486s][info][gc,heap        ] GC(31892) PSYoungGen: 83744K(84992K)->512K(84992K) Eden: 82944K(82944K)->0K(82944K) From: 800K(2048K)->512K(2048K)
[14531.486s][info][gc,heap        ] GC(31892) ParOldGen: 439860K(440320K)->439908K(440320K)
[14531.486s][info][gc,metaspace   ] GC(31892) Metaspace: 62348K(62592K)->62348K(62592K) NonClass: 53311K(53504K)->53311K(53504K) Class: 9037K(9088K)->9037K(9088K)
[14531.486s][info][gc             ] GC(31892) Pause Young (Allocation Failure) 511M->430M(513M) 2.586ms
[14531.486s][info][gc,cpu         ] GC(31892) User=0.01s Sys=0.00s Real=0.01s
[14531.943s][info][gc,start       ] GC(31893) Pause Young (Allocation Failure)
[14531.946s][info][gc,heap        ] GC(31893) PSYoungGen: 83456K(84992K)->1216K(84992K) Eden: 82944K(82944K)->0K(82944K) From: 512K(2048K)->1216K(2048K)
[14531.946s][info][gc,heap        ] GC(31893) ParOldGen: 439908K(440320K)->439964K(440320K)
[14531.946s][info][gc,metaspace   ] GC(31893) Metaspace: 62348K(62592K)->62348K(62592K) NonClass: 53311K(53504K)->53311K(53504K) Class: 9037K(9088K)->9037K(9088K)
[14531.946s][info][gc             ] GC(31893) Pause Young (Allocation Failure) 511M->430M(513M) 3.307ms
[14531.946s][info][gc,cpu         ] GC(31893) User=0.01s Sys=0.00s Real=0.01s
[14532.433s][info][gc,start       ] GC(31894) Pause Young (Allocation Failure)
[14532.436s][info][gc,heap        ] GC(31894) PSYoungGen: 84160K(84992K)->1088K(84992K) Eden: 82944K(82944K)->0K(82944K) From: 1216K(2048K)->1088K(2048K)
[14532.436s][info][gc,heap        ] GC(31894) ParOldGen: 439964K(440320K)->440020K(440320K)
[14532.436s][info][gc,metaspace   ] GC(31894) Metaspace: 62348K(62592K)->62348K(62592K) NonClass: 53311K(53504K)->53311K(53504K) Class: 9037K(9088K)->9037K(9088K)
[14532.436s][info][gc             ] GC(31894) Pause Young (Allocation Failure) 511M->430M(513M) 3.182ms
[14532.436s][info][gc,cpu         ] GC(31894) User=0.01s Sys=0.00s Real=0.01s
[14532.917s][info][gc,start       ] GC(31895) Pause Young (Allocation Failure)
[14532.920s][info][gc,heap        ] GC(31895) PSYoungGen: 84032K(84992K)->864K(84992K) Eden: 82944K(82944K)->0K(82944K) From: 1088K(2048K)->864K(2048K)
[14532.920s][info][gc,heap        ] GC(31895) ParOldGen: 440020K(440320K)->440076K(440320K)
[14532.920s][info][gc,metaspace   ] GC(31895) Metaspace: 62348K(62592K)->62348K(62592K) NonClass: 53311K(53504K)->53311K(53504K) Class: 9037K(9088K)->9037K(9088K)
[14532.920s][info][gc             ] GC(31895) Pause Young (Allocation Failure) 511M->430M(513M) 2.979ms
[14532.920s][info][gc,cpu         ] GC(31895) User=0.00s Sys=0.00s Real=0.00s
[14533.371s][info][gc,start       ] GC(31896) Pause Young (Allocation Failure)
[14533.374s][info][gc,heap        ] GC(31896) PSYoungGen: 83808K(84992K)->352K(84992K) Eden: 82944K(82944K)->0K(82944K) From: 864K(2048K)->352K(2048K)
[14533.374s][info][gc,heap        ] GC(31896) ParOldGen: 440076K(440320K)->440132K(440320K)
[14533.374s][info][gc,metaspace   ] GC(31896) Metaspace: 62348K(62592K)->62348K(62592K) NonClass: 53311K(53504K)->53311K(53504K) Class: 9037K(9088K)->9037K(9088K)
[14533.374s][info][gc             ] GC(31896) Pause Young (Allocation Failure) 511M->430M(513M) 2.513ms
[14533.374s][info][gc,cpu         ] GC(31896) User=0.01s Sys=0.00s Real=0.00s
[14533.803s][info][gc,start       ] GC(31897) Pause Young (Allocation Failure)
[14533.806s][info][gc,heap        ] GC(31897) PSYoungGen: 83296K(84992K)->800K(84992K) Eden: 82944K(82944K)->0K(82944K) From: 352K(2048K)->800K(2048K)
[14533.806s][info][gc,heap        ] GC(31897) ParOldGen: 440132K(440320K)->440180K(440320K)
[14533.806s][info][gc,metaspace   ] GC(31897) Metaspace: 62348K(62592K)->62348K(62592K) NonClass: 53311K(53504K)->53311K(53504K) Class: 9037K(9088K)->9037K(9088K)
[14533.806s][info][gc             ] GC(31897) Pause Young (Allocation Failure) 511M->430M(513M) 2.937ms
[14533.806s][info][gc,cpu         ] GC(31897) User=0.01s Sys=0.00s Real=0.01s
[14534.299s][info][gc,start       ] GC(31898) Pause Young (Allocation Failure)
[14534.302s][info][gc,heap        ] GC(31898) PSYoungGen: 83744K(84992K)->752K(84992K) Eden: 82944K(82944K)->0K(82944K) From: 800K(2048K)->752K(2048K)
[14534.302s][info][gc,heap        ] GC(31898) ParOldGen: 440180K(440320K)->440236K(440320K)
[14534.302s][info][gc,metaspace   ] GC(31898) Metaspace: 62348K(62592K)->62348K(62592K) NonClass: 53311K(53504K)->53311K(53504K) Class: 9037K(9088K)->9037K(9088K)
[14534.302s][info][gc             ] GC(31898) Pause Young (Allocation Failure) 511M->430M(513M) 2.881ms
[14534.302s][info][gc,cpu         ] GC(31898) User=0.00s Sys=0.00s Real=0.00s
[14534.775s][info][gc,start       ] GC(31899) Pause Young (Allocation Failure)
[14534.778s][info][gc,heap        ] GC(31899) PSYoungGen: 83696K(84992K)->384K(84992K) Eden: 82944K(82944K)->0K(82944K) From: 752K(2048K)->384K(2048K)
[14534.778s][info][gc,heap        ] GC(31899) ParOldGen: 440236K(440320K)->440333K(440832K)
[14534.778s][info][gc,metaspace   ] GC(31899) Metaspace: 62348K(62592K)->62348K(62592K) NonClass: 53311K(53504K)->53311K(53504K) Class: 9037K(9088K)->9037K(9088K)
[14534.778s][info][gc             ] GC(31899) Pause Young (Allocation Failure) 511M->430M(513M) 2.513ms
[14534.778s][info][gc,cpu         ] GC(31899) User=0.01s Sys=0.00s Real=0.00s
[14535.254s][info][gc,start       ] GC(31900) Pause Young (Allocation Failure)
[14535.258s][info][gc,heap        ] GC(31900) PSYoungGen: 83328K(84992K)->1440K(84992K) Eden: 82944K(82944K)->0K(82944K) From: 384K(2048K)->1440K(2048K)
[14535.258s][info][gc,heap        ] GC(31900) ParOldGen: 440333K(440832K)->440389K(440832K)
[14535.258s][info][gc,metaspace   ] GC(31900) Metaspace: 62348K(62592K)->62348K(62592K) NonClass: 53311K(53504K)->53311K(53504K) Class: 9037K(9088K)->9037K(9088K)
[14535.258s][info][gc             ] GC(31900) Pause Young (Allocation Failure) 511M->431M(513M) 3.833ms
[14535.258s][info][gc,cpu         ] GC(31900) User=0.00s Sys=0.00s Real=0.01s
[14535.760s][info][gc,start       ] GC(31901) Pause Young (Allocation Failure)
[14535.764s][info][gc,heap        ] GC(31901) PSYoungGen: 84384K(84992K)->2016K(84992K) Eden: 82944K(82944K)->0K(82944K) From: 1440K(2048K)->2016K(2048K)
[14535.764s][info][gc,heap        ] GC(31901) ParOldGen: 440389K(440832K)->440973K(441344K)
[14535.764s][info][gc,metaspace   ] GC(31901) Metaspace: 62348K(62592K)->62348K(62592K) NonClass: 53311K(53504K)->53311K(53504K) Class: 9037K(9088K)->9037K(9088K)
[14535.764s][info][gc             ] GC(31901) Pause Young (Allocation Failure) 512M->432M(514M) 4.387ms
[14535.764s][info][gc,cpu         ] GC(31901) User=0.01s Sys=0.00s Real=0.01s
[14536.273s][info][gc,start       ] GC(31902) Pause Young (Allocation Failure)
[14536.277s][info][gc,heap        ] GC(31902) PSYoungGen: 84960K(84992K)->352K(83968K) Eden: 82944K(82944K)->0K(81920K) From: 2016K(2048K)->352K(2048K)
[14536.277s][info][gc,heap        ] GC(31902) ParOldGen: 440973K(441344K)->443061K(444416K)
[14536.277s][info][gc,metaspace   ] GC(31902) Metaspace: 62348K(62592K)->62348K(62592K) NonClass: 53311K(53504K)->53311K(53504K) Class: 9037K(9088K)->9037K(9088K)
[14536.277s][info][gc             ] GC(31902) Pause Young (Allocation Failure) 513M->433M(516M) 3.688ms
[14536.277s][info][gc,cpu         ] GC(31902) User=0.01s Sys=0.01s Real=0.01s
[14536.771s][info][gc,start       ] GC(31903) Pause Young (Allocation Failure)
[14536.773s][info][gc,heap        ] GC(31903) PSYoungGen: 82272K(83968K)->288K(84480K) Eden: 81920K(81920K)->0K(81920K) From: 352K(2048K)->288K(2560K)
[14536.773s][info][gc,heap        ] GC(31903) ParOldGen: 443061K(444416K)->443125K(444416K)
[14536.773s][info][gc,metaspace   ] GC(31903) Metaspace: 62348K(62592K)->62348K(62592K) NonClass: 53311K(53504K)->53311K(53504K) Class: 9037K(9088K)->9037K(9088K)
[14536.773s][info][gc             ] GC(31903) Pause Young (Allocation Failure) 513M->433M(516M) 2.352ms
[14536.773s][info][gc,cpu         ] GC(31903) User=0.01s Sys=0.00s Real=0.00s
[14537.260s][info][gc,start       ] GC(31904) Pause Young (Allocation Failure)
[14537.264s][info][gc,heap        ] GC(31904) PSYoungGen: 82208K(84480K)->1440K(84480K) Eden: 81920K(81920K)->0K(81920K) From: 288K(2560K)->1440K(2560K)
[14537.264s][info][gc,heap        ] GC(31904) ParOldGen: 443125K(444416K)->443181K(444416K)
[14537.264s][info][gc,metaspace   ] GC(31904) Metaspace: 62348K(62592K)->62348K(62592K) NonClass: 53311K(53504K)->53311K(53504K) Class: 9037K(9088K)->9037K(9088K)
[14537.264s][info][gc             ] GC(31904) Pause Young (Allocation Failure) 513M->434M(516M) 3.719ms
[14537.264s][info][gc,cpu         ] GC(31904) User=0.00s Sys=0.00s Real=0.00s
[14537.759s][info][gc,start       ] GC(31905) Pause Young (Allocation Failure)
[14537.763s][info][gc,heap        ] GC(31905) PSYoungGen: 83360K(84480K)->1440K(84480K) Eden: 81920K(81920K)->0K(81920K) From: 1440K(2560K)->1440K(2560K)
[14537.763s][info][gc,heap        ] GC(31905) ParOldGen: 443181K(444416K)->443229K(444416K)
[14537.763s][info][gc,metaspace   ] GC(31905) Metaspace: 62348K(62592K)->62348K(62592K) NonClass: 53311K(53504K)->53311K(53504K) Class: 9037K(9088K)->9037K(9088K)
[14537.763s][info][gc             ] GC(31905) Pause Young (Allocation Failure) 514M->434M(516M) 3.625ms
[14537.763s][info][gc,cpu         ] GC(31905) User=0.01s Sys=0.00s Real=0.00s
[14538.253s][info][gc,start       ] GC(31906) Pause Young (Allocation Failure)
[14538.256s][info][gc,heap        ] GC(31906) PSYoungGen: 83360K(84480K)->1376K(84480K) Eden: 81920K(81920K)->0K(81920K) From: 1440K(2560K)->1376K(2560K)
[14538.256s][info][gc,heap        ] GC(31906) ParOldGen: 443229K(444416K)->443285K(444416K)
[14538.256s][info][gc,metaspace   ] GC(31906) Metaspace: 62348K(62592K)->62348K(62592K) NonClass: 53311K(53504K)->53311K(53504K) Class: 9037K(9088K)->9037K(9088K)
[14538.257s][info][gc             ] GC(31906) Pause Young (Allocation Failure) 514M->434M(516M) 3.618ms
[14538.257s][info][gc,cpu         ] GC(31906) User=0.01s Sys=0.00s Real=0.01s
[14538.745s][info][gc,start       ] GC(31907) Pause Young (Allocation Failure)
[14538.748s][info][gc,heap        ] GC(31907) PSYoungGen: 83296K(84480K)->1280K(84480K) Eden: 81920K(81920K)->0K(81920K) From: 1376K(2560K)->1280K(2560K)
[14538.748s][info][gc,heap        ] GC(31907) ParOldGen: 443285K(444416K)->443341K(444416K)
[14538.748s][info][gc,metaspace   ] GC(31907) Metaspace: 62348K(62592K)->62348K(62592K) NonClass: 53311K(53504K)->53311K(53504K) Class: 9037K(9088K)->9037K(9088K)
[14538.748s][info][gc             ] GC(31907) Pause Young (Allocation Failure) 514M->434M(516M) 3.468ms
[14538.748s][info][gc,cpu         ] GC(31907) User=0.00s Sys=0.00s Real=0.00s
[14539.231s][info][gc,start       ] GC(31908) Pause Young (Allocation Failure)
[14539.234s][info][gc,heap        ] GC(31908) PSYoungGen: 83200K(84480K)->1120K(84480K) Eden: 81920K(81920K)->0K(81920K) From: 1280K(2560K)->1120K(2560K)
[14539.234s][info][gc,heap        ] GC(31908) ParOldGen: 443341K(444416K)->443397K(444416K)
[14539.234s][info][gc,metaspace   ] GC(31908) Metaspace: 62348K(62592K)->62348K(62592K) NonClass: 53311K(53504K)->53311K(53504K) Class: 9037K(9088K)->9037K(9088K)
[14539.234s][info][gc             ] GC(31908) Pause Young (Allocation Failure) 514M->434M(516M) 3.236ms
[14539.234s][info][gc,cpu         ] GC(31908) User=0.01s Sys=0.00s Real=0.01s
[14539.726s][info][gc,start       ] GC(31909) Pause Young (Allocation Failure)
[14539.729s][info][gc,heap        ] GC(31909) PSYoungGen: 83040K(84480K)->1024K(84480K) Eden: 81920K(81920K)->0K(81920K) From: 1120K(2560K)->1024K(2560K)
[14539.729s][info][gc,heap        ] GC(31909) ParOldGen: 443397K(444416K)->443453K(444416K)
[14539.729s][info][gc,metaspace   ] GC(31909) Metaspace: 62348K(62592K)->62348K(62592K) NonClass: 53311K(53504K)->53311K(53504K) Class: 9037K(9088K)->9037K(9088K)
[14539.729s][info][gc             ] GC(31909) Pause Young (Allocation Failure) 514M->434M(516M) 3.223ms
[14539.730s][info][gc,cpu         ] GC(31909) User=0.00s Sys=0.00s Real=0.00s
[14540.212s][info][gc,start       ] GC(31910) Pause Young (Allocation Failure)
[14540.215s][info][gc,heap        ] GC(31910) PSYoungGen: 82944K(84480K)->864K(84480K) Eden: 81920K(81920K)->0K(81920K) From: 1024K(2560K)->864K(2560K)
[14540.215s][info][gc,heap        ] GC(31910) ParOldGen: 443453K(444416K)->443509K(444416K)
[14540.215s][info][gc,metaspace   ] GC(31910) Metaspace: 62348K(62592K)->62348K(62592K) NonClass: 53311K(53504K)->53311K(53504K) Class: 9037K(9088K)->9037K(9088K)
[14540.215s][info][gc             ] GC(31910) Pause Young (Allocation Failure) 514M->433M(516M) 2.944ms
[14540.215s][info][gc,cpu         ] GC(31910) User=0.00s Sys=0.00s Real=0.01s
[14540.700s][info][gc,start       ] GC(31911) Pause Young (Allocation Failure)
[14540.703s][info][gc,heap        ] GC(31911) PSYoungGen: 82784K(84480K)->1696K(84480K) Eden: 81920K(81920K)->0K(81920K) From: 864K(2560K)->1696K(2560K)
[14540.703s][info][gc,heap        ] GC(31911) ParOldGen: 443509K(444416K)->443565K(444416K)
[14540.703s][info][gc,metaspace   ] GC(31911) Metaspace: 62348K(62592K)->62348K(62592K) NonClass: 53311K(53504K)->53311K(53504K) Class: 9037K(9088K)->9037K(9088K)
[14540.703s][info][gc             ] GC(31911) Pause Young (Allocation Failure) 513M->434M(516M) 2.894ms
[14540.703s][info][gc,cpu         ] GC(31911) User=0.01s Sys=0.00s Real=0.00s
[14541.187s][info][gc,start       ] GC(31912) Pause Young (Allocation Failure)
[14541.191s][info][gc,heap        ] GC(31912) PSYoungGen: 83616K(84480K)->512K(84480K) Eden: 81920K(81920K)->0K(81920K) From: 1696K(2560K)->512K(2560K)
[14541.191s][info][gc,heap        ] GC(31912) ParOldGen: 443565K(444416K)->445669K(445952K)
[14541.191s][info][gc,metaspace   ] GC(31912) Metaspace: 62348K(62592K)->62348K(62592K) NonClass: 53311K(53504K)->53311K(53504K) Class: 9037K(9088K)->9037K(9088K)
[14541.191s][info][gc             ] GC(31912) Pause Young (Allocation Failure) 514M->435M(518M) 3.964ms
[14541.191s][info][gc,cpu         ] GC(31912) User=0.01s Sys=0.00s Real=0.00s
[14541.684s][info][gc,start       ] GC(31913) Pause Young (Allocation Failure)
[14541.686s][info][gc,heap        ] GC(31913) PSYoungGen: 82432K(84480K)->480K(84480K) Eden: 81920K(81920K)->0K(81920K) From: 512K(2560K)->480K(2560K)
[14541.686s][info][gc,heap        ] GC(31913) ParOldGen: 445669K(445952K)->445725K(445952K)
[14541.686s][info][gc,metaspace   ] GC(31913) Metaspace: 62348K(62592K)->62348K(62592K) NonClass: 53311K(53504K)->53311K(53504K) Class: 9037K(9088K)->9037K(9088K)
[14541.686s][info][gc             ] GC(31913) Pause Young (Allocation Failure) 515M->435M(518M) 2.545ms
[14541.686s][info][gc,cpu         ] GC(31913) User=0.00s Sys=0.00s Real=0.01s
[14542.134s][info][gc,start       ] GC(31914) Pause Young (Allocation Failure)
[14542.138s][info][gc,heap        ] GC(31914) PSYoungGen: 82400K(84480K)->1280K(84480K) Eden: 81920K(81920K)->0K(81920K) From: 480K(2560K)->1280K(2560K)
[14542.138s][info][gc,heap        ] GC(31914) ParOldGen: 445725K(445952K)->445781K(445952K)
[14542.138s][info][gc,metaspace   ] GC(31914) Metaspace: 62348K(62592K)->62348K(62592K) NonClass: 53311K(53504K)->53311K(53504K) Class: 9037K(9088K)->9037K(9088K)
[14542.138s][info][gc             ] GC(31914) Pause Young (Allocation Failure) 515M->436M(518M) 3.418ms
[14542.138s][info][gc,cpu         ] GC(31914) User=0.01s Sys=0.00s Real=0.00s
[14542.644s][info][gc,start       ] GC(31915) Pause Young (Allocation Failure)
[14542.647s][info][gc,heap        ] GC(31915) PSYoungGen: 83200K(84480K)->1312K(84480K) Eden: 81920K(81920K)->0K(81920K) From: 1280K(2560K)->1312K(2560K)
[14542.647s][info][gc,heap        ] GC(31915) ParOldGen: 445781K(445952K)->445837K(445952K)
[14542.647s][info][gc,metaspace   ] GC(31915) Metaspace: 62348K(62592K)->62348K(62592K) NonClass: 53311K(53504K)->53311K(53504K) Class: 9037K(9088K)->9037K(9088K)
[14542.647s][info][gc             ] GC(31915) Pause Young (Allocation Failure) 516M->436M(518M) 3.491ms
[14542.647s][info][gc,cpu         ] GC(31915) User=0.01s Sys=0.00s Real=0.01s
[14543.142s][info][gc,start       ] GC(31916) Pause Young (Allocation Failure)
[14543.145s][info][gc,heap        ] GC(31916) PSYoungGen: 83232K(84480K)->1216K(84480K) Eden: 81920K(81920K)->0K(81920K) From: 1312K(2560K)->1216K(2560K)
[14543.145s][info][gc,heap        ] GC(31916) ParOldGen: 445837K(445952K)->445941K(445952K)
[14543.145s][info][gc,metaspace   ] GC(31916) Metaspace: 62348K(62592K)->62348K(62592K) NonClass: 53311K(53504K)->53311K(53504K) Class: 9037K(9088K)->9037K(9088K)
[14543.145s][info][gc             ] GC(31916) Pause Young (Allocation Failure) 516M->436M(518M) 3.448ms
[14543.145s][info][gc,cpu         ] GC(31916) User=0.00s Sys=0.00s Real=0.01s
[14543.646s][info][gc,start       ] GC(31917) Pause Young (Allocation Failure)
[14543.649s][info][gc,heap        ] GC(31917) PSYoungGen: 83136K(84480K)->1248K(84480K) Eden: 81920K(81920K)->0K(81920K) From: 1216K(2560K)->1248K(2560K)
[14543.649s][info][gc,heap        ] GC(31917) ParOldGen: 445941K(445952K)->445997K(446464K)
[14543.649s][info][gc,metaspace   ] GC(31917) Metaspace: 62348K(62592K)->62348K(62592K) NonClass: 53311K(53504K)->53311K(53504K) Class: 9037K(9088K)->9037K(9088K)
[14543.649s][info][gc             ] GC(31917) Pause Young (Allocation Failure) 516M->436M(518M) 3.440ms
[14543.649s][info][gc,cpu         ] GC(31917) User=0.01s Sys=0.00s Real=0.00s
[14544.143s][info][gc,start       ] GC(31918) Pause Young (Allocation Failure)
[14544.146s][info][gc,heap        ] GC(31918) PSYoungGen: 83168K(84480K)->1216K(84992K) Eden: 81920K(81920K)->0K(82432K) From: 1248K(2560K)->1216K(2560K)
[14544.146s][info][gc,heap        ] GC(31918) ParOldGen: 445997K(446464K)->446053K(446464K)
[14544.146s][info][gc,metaspace   ] GC(31918) Metaspace: 62348K(62592K)->62348K(62592K) NonClass: 53311K(53504K)->53311K(53504K) Class: 9037K(9088K)->9037K(9088K)
[14544.146s][info][gc             ] GC(31918) Pause Young (Allocation Failure) 516M->436M(519M) 3.449ms
[14544.146s][info][gc,cpu         ] GC(31918) User=0.01s Sys=0.00s Real=0.01s
[14544.672s][info][gc,start       ] GC(31919) Pause Young (Allocation Failure)
[14544.674s][info][gc,heap        ] GC(31919) PSYoungGen: 83648K(84992K)->320K(84480K) Eden: 82432K(82432K)->0K(82432K) From: 1216K(2560K)->320K(2048K)
[14544.674s][info][gc,heap        ] GC(31919) ParOldGen: 446053K(446464K)->446101K(446464K)
[14544.674s][info][gc,metaspace   ] GC(31919) Metaspace: 62348K(62592K)->62348K(62592K) NonClass: 53311K(53504K)->53311K(53504K) Class: 9037K(9088K)->9037K(9088K)
[14544.674s][info][gc             ] GC(31919) Pause Young (Allocation Failure) 517M->435M(518M) 2.382ms
[14544.674s][info][gc,cpu         ] GC(31919) User=0.00s Sys=0.00s Real=0.01s
[14545.109s][info][gc,start       ] GC(31920) Pause Young (Allocation Failure)
[14545.112s][info][gc,heap        ] GC(31920) PSYoungGen: 82752K(84480K)->928K(84992K) Eden: 82432K(82432K)->0K(82432K) From: 320K(2048K)->928K(2560K)
[14545.112s][info][gc,heap        ] GC(31920) ParOldGen: 446101K(446464K)->446157K(446464K)
[14545.112s][info][gc,metaspace   ] GC(31920) Metaspace: 62348K(62592K)->62348K(62592K) NonClass: 53311K(53504K)->53311K(53504K) Class: 9037K(9088K)->9037K(9088K)
[14545.112s][info][gc             ] GC(31920) Pause Young (Allocation Failure) 516M->436M(519M) 3.084ms
[14545.112s][info][gc,cpu         ] GC(31920) User=0.00s Sys=0.00s Real=0.00s
[14545.554s][info][gc,start       ] GC(31921) Pause Young (Allocation Failure)
[14545.557s][info][gc,heap        ] GC(31921) PSYoungGen: 83360K(84992K)->1568K(84480K) Eden: 82432K(82432K)->0K(82432K) From: 928K(2560K)->1568K(2048K)
[14545.557s][info][gc,heap        ] GC(31921) ParOldGen: 446157K(446464K)->446213K(446464K)
[14545.557s][info][gc,metaspace   ] GC(31921) Metaspace: 62348K(62592K)->62348K(62592K) NonClass: 53311K(53504K)->53311K(53504K) Class: 9037K(9088K)->9037K(9088K)
[14545.558s][info][gc             ] GC(31921) Pause Young (Allocation Failure) 517M->437M(518M) 3.822ms
[14545.558s][info][gc,cpu         ] GC(31921) User=0.01s Sys=0.00s Real=0.01s
[14545.953s][info][gc,start       ] GC(31922) Pause Young (Allocation Failure)
[14545.957s][info][gc,heap        ] GC(31922) PSYoungGen: 84000K(84480K)->2528K(83456K) Eden: 82432K(82432K)->0K(80896K) From: 1568K(2048K)->2528K(2560K)
[14545.957s][info][gc,heap        ] GC(31922) ParOldGen: 446213K(446464K)->446389K(446464K)
[14545.957s][info][gc,metaspace   ] GC(31922) Metaspace: 62348K(62592K)->62348K(62592K) NonClass: 53311K(53504K)->53311K(53504K) Class: 9037K(9088K)->9037K(9088K)
[14545.957s][info][gc             ] GC(31922) Pause Young (Allocation Failure) 517M->438M(517M) 4.024ms
[14545.957s][info][gc,cpu         ] GC(31922) User=0.01s Sys=0.00s Real=0.01s
[14546.347s][info][gc,start       ] GC(31923) Pause Young (Allocation Failure)
[14546.351s][info][gc,heap        ] GC(31923) PSYoungGen: 83424K(83456K)->1568K(83968K) Eden: 80896K(80896K)->0K(80896K) From: 2528K(2560K)->1568K(3072K)
[14546.351s][info][gc,heap        ] GC(31923) ParOldGen: 446389K(446464K)->447445K(448000K)
[14546.351s][info][gc,metaspace   ] GC(31923) Metaspace: 62348K(62592K)->62348K(62592K) NonClass: 53311K(53504K)->53311K(53504K) Class: 9037K(9088K)->9037K(9088K)
[14546.351s][info][gc             ] GC(31923) Pause Young (Allocation Failure) 517M->438M(519M) 4.298ms
[14546.352s][info][gc,cpu         ] GC(31923) User=0.01s Sys=0.00s Real=0.00s
[14546.790s][info][gc,start       ] GC(31924) Pause Young (Allocation Failure)
[14546.792s][info][gc,heap        ] GC(31924) PSYoungGen: 82464K(83968K)->576K(83968K) Eden: 80896K(80896K)->0K(80896K) From: 1568K(3072K)->576K(3072K)
[14546.792s][info][gc,heap        ] GC(31924) ParOldGen: 447445K(448000K)->447501K(448000K)
[14546.792s][info][gc,metaspace   ] GC(31924) Metaspace: 62348K(62592K)->62348K(62592K) NonClass: 53311K(53504K)->53311K(53504K) Class: 9037K(9088K)->9037K(9088K)
[14546.792s][info][gc             ] GC(31924) Pause Young (Allocation Failure) 517M->437M(519M) 2.663ms
[14546.792s][info][gc,cpu         ] GC(31924) User=0.01s Sys=0.00s Real=0.00s
[14547.251s][info][gc,start       ] GC(31925) Pause Young (Allocation Failure)
[14547.255s][info][gc,heap        ] GC(31925) PSYoungGen: 81472K(83968K)->1312K(83968K) Eden: 80896K(80896K)->0K(80896K) From: 576K(3072K)->1312K(3072K)
[14547.255s][info][gc,heap        ] GC(31925) ParOldGen: 447501K(448000K)->447557K(448000K)
[14547.255s][info][gc,metaspace   ] GC(31925) Metaspace: 62348K(62592K)->62348K(62592K) NonClass: 53311K(53504K)->53311K(53504K) Class: 9037K(9088K)->9037K(9088K)
[14547.255s][info][gc             ] GC(31925) Pause Young (Allocation Failure) 516M->438M(519M) 3.498ms
[14547.255s][info][gc,cpu         ] GC(31925) User=0.00s Sys=0.00s Real=0.01s
[14547.746s][info][gc,start       ] GC(31926) Pause Young (Allocation Failure)
[14547.750s][info][gc,heap        ] GC(31926) PSYoungGen: 82208K(83968K)->1280K(84480K) Eden: 80896K(80896K)->0K(81920K) From: 1312K(3072K)->1280K(2560K)
[14547.750s][info][gc,heap        ] GC(31926) ParOldGen: 447557K(448000K)->447613K(448000K)
[14547.750s][info][gc,metaspace   ] GC(31926) Metaspace: 62348K(62592K)->62348K(62592K) NonClass: 53311K(53504K)->53311K(53504K) Class: 9037K(9088K)->9037K(9088K)
[14547.750s][info][gc             ] GC(31926) Pause Young (Allocation Failure) 517M->438M(520M) 3.507ms
[14547.750s][info][gc,cpu         ] GC(31926) User=0.01s Sys=0.00s Real=0.00s
[14548.243s][info][gc,start       ] GC(31927) Pause Young (Allocation Failure)
[14548.246s][info][gc,heap        ] GC(31927) PSYoungGen: 83200K(84480K)->1280K(84480K) Eden: 81920K(81920K)->0K(81920K) From: 1280K(2560K)->1280K(2560K)
[14548.246s][info][gc,heap        ] GC(31927) ParOldGen: 447613K(448000K)->447669K(448000K)
[14548.246s][info][gc,metaspace   ] GC(31927) Metaspace: 62348K(62592K)->62348K(62592K) NonClass: 53311K(53504K)->53311K(53504K) Class: 9037K(9088K)->9037K(9088K)
[14548.246s][info][gc             ] GC(31927) Pause Young (Allocation Failure) 518M->438M(520M) 3.382ms
[14548.246s][info][gc,cpu         ] GC(31927) User=0.00s Sys=0.00s Real=0.01s
[14548.731s][info][gc,start       ] GC(31928) Pause Young (Allocation Failure)
[14548.734s][info][gc,heap        ] GC(31928) PSYoungGen: 83200K(84480K)->1120K(84480K) Eden: 81920K(81920K)->0K(81920K) From: 1280K(2560K)->1120K(2560K)
[14548.734s][info][gc,heap        ] GC(31928) ParOldGen: 447669K(448000K)->447725K(448000K)
[14548.735s][info][gc,metaspace   ] GC(31928) Metaspace: 62348K(62592K)->62348K(62592K) NonClass: 53311K(53504K)->53311K(53504K) Class: 9037K(9088K)->9037K(9088K)
[14548.735s][info][gc             ] GC(31928) Pause Young (Allocation Failure) 518M->438M(520M) 3.805ms
[14548.735s][info][gc,cpu         ] GC(31928) User=0.01s Sys=0.00s Real=0.01s
[14549.225s][info][gc,start       ] GC(31929) Pause Young (Allocation Failure)
[14549.228s][info][gc,heap        ] GC(31929) PSYoungGen: 83040K(84480K)->992K(84480K) Eden: 81920K(81920K)->0K(81920K) From: 1120K(2560K)->992K(2560K)
[14549.228s][info][gc,heap        ] GC(31929) ParOldGen: 447725K(448000K)->447781K(448000K)
[14549.228s][info][gc,metaspace   ] GC(31929) Metaspace: 62348K(62592K)->62348K(62592K) NonClass: 53311K(53504K)->53311K(53504K) Class: 9037K(9088K)->9037K(9088K)
[14549.228s][info][gc             ] GC(31929) Pause Young (Allocation Failure) 518M->438M(520M) 3.153ms
[14549.228s][info][gc,cpu         ] GC(31929) User=0.01s Sys=0.00s Real=0.00s
[14549.722s][info][gc,start       ] GC(31930) Pause Young (Allocation Failure)
[14549.725s][info][gc,heap        ] GC(31930) PSYoungGen: 82912K(84480K)->960K(84480K) Eden: 81920K(81920K)->0K(81920K) From: 992K(2560K)->960K(2560K)
[14549.725s][info][gc,heap        ] GC(31930) ParOldGen: 447781K(448000K)->447837K(448000K)
[14549.725s][info][gc,metaspace   ] GC(31930) Metaspace: 62348K(62592K)->62348K(62592K) NonClass: 53311K(53504K)->53311K(53504K) Class: 9037K(9088K)->9037K(9088K)
[14549.725s][info][gc             ] GC(31930) Pause Young (Allocation Failure) 518M->438M(520M) 3.097ms
[14549.725s][info][gc,cpu         ] GC(31930) User=0.00s Sys=0.00s Real=0.01s
[14550.223s][info][gc,start       ] GC(31931) Pause Young (Allocation Failure)
[14550.226s][info][gc,heap        ] GC(31931) PSYoungGen: 82880K(84480K)->960K(84480K) Eden: 81920K(81920K)->0K(81920K) From: 960K(2560K)->960K(2560K)
[14550.226s][info][gc,heap        ] GC(31931) ParOldGen: 447837K(448000K)->447893K(448000K)
[14550.226s][info][gc,metaspace   ] GC(31931) Metaspace: 62348K(62592K)->62348K(62592K) NonClass: 53311K(53504K)->53311K(53504K) Class: 9037K(9088K)->9037K(9088K)
[14550.226s][info][gc             ] GC(31931) Pause Young (Allocation Failure) 518M->438M(520M) 2.994ms
[14550.226s][info][gc,cpu         ] GC(31931) User=0.01s Sys=0.00s Real=0.01s
[14550.747s][info][gc,start       ] GC(31932) Pause Young (Allocation Failure)
[14550.751s][info][gc,heap        ] GC(31932) PSYoungGen: 82880K(84480K)->2032K(83968K) Eden: 81920K(81920K)->0K(81920K) From: 960K(2560K)->2032K(2048K)
[14550.751s][info][gc,heap        ] GC(31932) ParOldGen: 447893K(448000K)->448397K(448512K)
[14550.751s][info][gc,metaspace   ] GC(31932) Metaspace: 62348K(62592K)->62348K(62592K) NonClass: 53311K(53504K)->53311K(53504K) Class: 9037K(9088K)->9037K(9088K)
[14550.751s][info][gc             ] GC(31932) Pause Young (Allocation Failure) 518M->439M(520M) 4.069ms
[14550.751s][info][gc,cpu         ] GC(31932) User=0.00s Sys=0.00s Real=0.00s
[14551.218s][info][gc,start       ] GC(31933) Pause Young (Allocation Failure)
[14551.222s][info][gc,heap        ] GC(31933) PSYoungGen: 83952K(83968K)->992K(84480K) Eden: 81920K(81920K)->0K(81920K) From: 2032K(2048K)->992K(2560K)
[14551.222s][info][gc,heap        ] GC(31933) ParOldGen: 448397K(448512K)->449485K(450048K)
[14551.222s][info][gc,metaspace   ] GC(31933) Metaspace: 62348K(62592K)->62348K(62592K) NonClass: 53311K(53504K)->53311K(53504K) Class: 9037K(9088K)->9037K(9088K)
[14551.222s][info][gc             ] GC(31933) Pause Young (Allocation Failure) 519M->439M(522M) 3.678ms
[14551.222s][info][gc,cpu         ] GC(31933) User=0.01s Sys=0.01s Real=0.00s
[14551.683s][info][gc,start       ] GC(31934) Pause Young (Allocation Failure)
[14551.685s][info][gc,heap        ] GC(31934) PSYoungGen: 82912K(84480K)->480K(84480K) Eden: 81920K(81920K)->0K(81920K) From: 992K(2560K)->480K(2560K)
[14551.685s][info][gc,heap        ] GC(31934) ParOldGen: 449485K(450048K)->449533K(450048K)
[14551.685s][info][gc,metaspace   ] GC(31934) Metaspace: 62348K(62592K)->62348K(62592K) NonClass: 53311K(53504K)->53311K(53504K) Class: 9037K(9088K)->9037K(9088K)
[14551.686s][info][gc             ] GC(31934) Pause Young (Allocation Failure) 519M->439M(522M) 2.520ms
[14551.686s][info][gc,cpu         ] GC(31934) User=0.01s Sys=0.00s Real=0.01s
[14552.127s][info][gc,start       ] GC(31935) Pause Young (Allocation Failure)
[14552.130s][info][gc,heap        ] GC(31935) PSYoungGen: 82400K(84480K)->1088K(84480K) Eden: 81920K(81920K)->0K(81920K) From: 480K(2560K)->1088K(2560K)
[14552.130s][info][gc,heap        ] GC(31935) ParOldGen: 449533K(450048K)->449589K(450048K)
[14552.130s][info][gc,metaspace   ] GC(31935) Metaspace: 62348K(62592K)->62348K(62592K) NonClass: 53311K(53504K)->53311K(53504K) Class: 9037K(9088K)->9037K(9088K)
[14552.130s][info][gc             ] GC(31935) Pause Young (Allocation Failure) 519M->440M(522M) 3.275ms
[14552.130s][info][gc,cpu         ] GC(31935) User=0.01s Sys=0.00s Real=0.00s
[14552.592s][info][gc,start       ] GC(31936) Pause Young (Allocation Failure)
[14552.594s][info][gc,heap        ] GC(31936) PSYoungGen: 83008K(84480K)->640K(84480K) Eden: 81920K(81920K)->0K(81920K) From: 1088K(2560K)->640K(2560K)
[14552.594s][info][gc,heap        ] GC(31936) ParOldGen: 449589K(450048K)->449645K(450048K)
[14552.594s][info][gc,metaspace   ] GC(31936) Metaspace: 62348K(62592K)->62348K(62592K) NonClass: 53311K(53504K)->53311K(53504K) Class: 9037K(9088K)->9037K(9088K)
[14552.594s][info][gc             ] GC(31936) Pause Young (Allocation Failure) 520M->439M(522M) 2.727ms
[14552.594s][info][gc,cpu         ] GC(31936) User=0.00s Sys=0.00s Real=0.01s
[14553.041s][info][gc,start       ] GC(31937) Pause Young (Allocation Failure)
[14553.045s][info][gc,heap        ] GC(31937) PSYoungGen: 82560K(84480K)->1280K(84480K) Eden: 81920K(81920K)->0K(81920K) From: 640K(2560K)->1280K(2560K)
[14553.045s][info][gc,heap        ] GC(31937) ParOldGen: 449645K(450048K)->449701K(450048K)
[14553.045s][info][gc,metaspace   ] GC(31937) Metaspace: 62348K(62592K)->62348K(62592K) NonClass: 53311K(53504K)->53311K(53504K) Class: 9037K(9088K)->9037K(9088K)
[14553.045s][info][gc             ] GC(31937) Pause Young (Allocation Failure) 519M->440M(522M) 3.531ms
[14553.045s][info][gc,cpu         ] GC(31937) User=0.01s Sys=0.00s Real=0.01s
[14553.490s][info][gc,start       ] GC(31938) Pause Young (Allocation Failure)
[14553.493s][info][gc,heap        ] GC(31938) PSYoungGen: 83200K(84480K)->608K(84480K) Eden: 81920K(81920K)->0K(81920K) From: 1280K(2560K)->608K(2560K)
[14553.493s][info][gc,heap        ] GC(31938) ParOldGen: 449701K(450048K)->449757K(450048K)
[14553.493s][info][gc,metaspace   ] GC(31938) Metaspace: 62348K(62592K)->62348K(62592K) NonClass: 53311K(53504K)->53311K(53504K) Class: 9037K(9088K)->9037K(9088K)
[14553.493s][info][gc             ] GC(31938) Pause Young (Allocation Failure) 520M->439M(522M) 2.551ms
[14553.493s][info][gc,cpu         ] GC(31938) User=0.01s Sys=0.00s Real=0.00s
[14553.968s][info][gc,start       ] GC(31939) Pause Young (Allocation Failure)
[14553.971s][info][gc,heap        ] GC(31939) PSYoungGen: 82528K(84480K)->288K(84480K) Eden: 81920K(81920K)->0K(81920K) From: 608K(2560K)->288K(2560K)
[14553.971s][info][gc,heap        ] GC(31939) ParOldGen: 449757K(450048K)->449813K(450048K)
[14553.971s][info][gc,metaspace   ] GC(31939) Metaspace: 62348K(62592K)->62348K(62592K) NonClass: 53311K(53504K)->53311K(53504K) Class: 9037K(9088K)->9037K(9088K)
[14553.971s][info][gc             ] GC(31939) Pause Young (Allocation Failure) 519M->439M(522M) 2.445ms
[14553.971s][info][gc,cpu         ] GC(31939) User=0.01s Sys=0.00s Real=0.00s
[14554.469s][info][gc,start       ] GC(31940) Pause Young (Allocation Failure)
[14554.472s][info][gc,heap        ] GC(31940) PSYoungGen: 82208K(84480K)->288K(84480K) Eden: 81920K(81920K)->0K(81920K) From: 288K(2560K)->288K(2560K)
[14554.472s][info][gc,heap        ] GC(31940) ParOldGen: 449813K(450048K)->449869K(450048K)
[14554.472s][info][gc,metaspace   ] GC(31940) Metaspace: 62348K(62592K)->62348K(62592K) NonClass: 53311K(53504K)->53311K(53504K) Class: 9037K(9088K)->9037K(9088K)
[14554.472s][info][gc             ] GC(31940) Pause Young (Allocation Failure) 519M->439M(522M) 2.347ms
[14554.472s][info][gc,cpu         ] GC(31940) User=0.01s Sys=0.00s Real=0.00s
[14554.978s][info][gc,start       ] GC(31941) Pause Young (Allocation Failure)
[14554.980s][info][gc,heap        ] GC(31941) PSYoungGen: 82208K(84480K)->416K(84480K) Eden: 81920K(81920K)->0K(81920K) From: 288K(2560K)->416K(2560K)
[14554.981s][info][gc,heap        ] GC(31941) ParOldGen: 449869K(450048K)->449917K(450048K)
[14554.981s][info][gc,metaspace   ] GC(31941) Metaspace: 62348K(62592K)->62348K(62592K) NonClass: 53311K(53504K)->53311K(53504K) Class: 9037K(9088K)->9037K(9088K)
[14554.981s][info][gc             ] GC(31941) Pause Young (Allocation Failure) 519M->439M(522M) 2.480ms
[14554.981s][info][gc,cpu         ] GC(31941) User=0.00s Sys=0.00s Real=0.00s
[14555.478s][info][gc,start       ] GC(31942) Pause Young (Allocation Failure)
[14555.480s][info][gc,heap        ] GC(31942) PSYoungGen: 82336K(84480K)->416K(84480K) Eden: 81920K(81920K)->0K(81920K) From: 416K(2560K)->416K(2560K)
[14555.481s][info][gc,heap        ] GC(31942) ParOldGen: 449917K(450048K)->449973K(450048K)
[14555.481s][info][gc,metaspace   ] GC(31942) Metaspace: 62348K(62592K)->62348K(62592K) NonClass: 53311K(53504K)->53311K(53504K) Class: 9037K(9088K)->9037K(9088K)
[14555.481s][info][gc             ] GC(31942) Pause Young (Allocation Failure) 519M->439M(522M) 2.534ms
[14555.481s][info][gc,cpu         ] GC(31942) User=0.01s Sys=0.00s Real=0.00s
[14555.932s][info][gc,start       ] GC(31943) Pause Young (Allocation Failure)
[14555.935s][info][gc,heap        ] GC(31943) PSYoungGen: 82336K(84480K)->2112K(84480K) Eden: 81920K(81920K)->0K(81920K) From: 416K(2560K)->2112K(2560K)
[14555.935s][info][gc,heap        ] GC(31943) ParOldGen: 449973K(450048K)->450029K(450048K)
[14555.935s][info][gc,metaspace   ] GC(31943) Metaspace: 62348K(62592K)->62348K(62592K) NonClass: 53311K(53504K)->53311K(53504K) Class: 9037K(9088K)->9037K(9088K)
[14555.935s][info][gc             ] GC(31943) Pause Young (Allocation Failure) 519M->441M(522M) 3.465ms
[14555.935s][info][gc,cpu         ] GC(31943) User=0.01s Sys=0.00s Real=0.01s
[14556.364s][info][gc,start       ] GC(31944) Pause Young (Allocation Failure)
[14556.367s][info][gc,heap        ] GC(31944) PSYoungGen: 84032K(84480K)->224K(84480K) Eden: 81920K(81920K)->0K(81920K) From: 2112K(2560K)->224K(2560K)
[14556.367s][info][gc,heap        ] GC(31944) ParOldGen: 450029K(450048K)->452133K(453120K)
[14556.368s][info][gc,metaspace   ] GC(31944) Metaspace: 62348K(62592K)->62348K(62592K) NonClass: 53311K(53504K)->53311K(53504K) Class: 9037K(9088K)->9037K(9088K)
[14556.368s][info][gc             ] GC(31944) Pause Young (Allocation Failure) 521M->441M(525M) 3.573ms
[14556.368s][info][gc,cpu         ] GC(31944) User=0.00s Sys=0.00s Real=0.01s
[14556.841s][info][gc,start       ] GC(31945) Pause Young (Allocation Failure)
[14556.844s][info][gc,heap        ] GC(31945) PSYoungGen: 82144K(84480K)->1312K(84480K) Eden: 81920K(81920K)->0K(81920K) From: 224K(2560K)->1312K(2560K)
[14556.844s][info][gc,heap        ] GC(31945) ParOldGen: 452133K(453120K)->452189K(453120K)
[14556.844s][info][gc,metaspace   ] GC(31945) Metaspace: 62348K(62592K)->62348K(62592K) NonClass: 53311K(53504K)->53311K(53504K) Class: 9037K(9088K)->9037K(9088K)
[14556.844s][info][gc             ] GC(31945) Pause Young (Allocation Failure) 521M->442M(525M) 3.529ms
[14556.844s][info][gc,cpu         ] GC(31945) User=0.01s Sys=0.00s Real=0.00s
[14557.281s][info][gc,start       ] GC(31946) Pause Young (Allocation Failure)
[14557.283s][info][gc,heap        ] GC(31946) PSYoungGen: 83232K(84480K)->448K(84480K) Eden: 81920K(81920K)->0K(81920K) From: 1312K(2560K)->448K(2560K)
[14557.283s][info][gc,heap        ] GC(31946) ParOldGen: 452189K(453120K)->452245K(453120K)
[14557.283s][info][gc,metaspace   ] GC(31946) Metaspace: 62348K(62592K)->62348K(62592K) NonClass: 53311K(53504K)->53311K(53504K) Class: 9037K(9088K)->9037K(9088K)
[14557.283s][info][gc             ] GC(31946) Pause Young (Allocation Failure) 522M->442M(525M) 2.582ms
[14557.283s][info][gc,cpu         ] GC(31946) User=0.00s Sys=0.00s Real=0.00s
[14557.720s][info][gc,start       ] GC(31947) Pause Young (Allocation Failure)
[14557.723s][info][gc,heap        ] GC(31947) PSYoungGen: 82368K(84480K)->1024K(84480K) Eden: 81920K(81920K)->0K(81920K) From: 448K(2560K)->1024K(2560K)
[14557.723s][info][gc,heap        ] GC(31947) ParOldGen: 452245K(453120K)->452301K(453120K)
[14557.723s][info][gc,metaspace   ] GC(31947) Metaspace: 62348K(62592K)->62348K(62592K) NonClass: 53311K(53504K)->53311K(53504K) Class: 9037K(9088K)->9037K(9088K)
[14557.723s][info][gc             ] GC(31947) Pause Young (Allocation Failure) 522M->442M(525M) 3.180ms
[14557.723s][info][gc,cpu         ] GC(31947) User=0.00s Sys=0.00s Real=0.00s
[14558.167s][info][gc,start       ] GC(31948) Pause Young (Allocation Failure)
[14558.170s][info][gc,heap        ] GC(31948) PSYoungGen: 82944K(84480K)->256K(84480K) Eden: 81920K(81920K)->0K(81920K) From: 1024K(2560K)->256K(2560K)
[14558.170s][info][gc,heap        ] GC(31948) ParOldGen: 452301K(453120K)->452357K(453120K)
[14558.170s][info][gc,metaspace   ] GC(31948) Metaspace: 62348K(62592K)->62348K(62592K) NonClass: 53311K(53504K)->53311K(53504K) Class: 9037K(9088K)->9037K(9088K)
[14558.170s][info][gc             ] GC(31948) Pause Young (Allocation Failure) 522M->442M(525M) 2.381ms
[14558.170s][info][gc,cpu         ] GC(31948) User=0.01s Sys=0.00s Real=0.00s
[14558.679s][info][gc,start       ] GC(31949) Pause Young (Allocation Failure)
[14558.682s][info][gc,heap        ] GC(31949) PSYoungGen: 82176K(84480K)->448K(84480K) Eden: 81920K(81920K)->0K(81920K) From: 256K(2560K)->448K(2560K)
[14558.682s][info][gc,heap        ] GC(31949) ParOldGen: 452357K(453120K)->452413K(453120K)
[14558.682s][info][gc,metaspace   ] GC(31949) Metaspace: 62348K(62592K)->62348K(62592K) NonClass: 53311K(53504K)->53311K(53504K) Class: 9037K(9088K)->9037K(9088K)
[14558.682s][info][gc             ] GC(31949) Pause Young (Allocation Failure) 522M->442M(525M) 2.523ms
[14558.682s][info][gc,cpu         ] GC(31949) User=0.01s Sys=0.00s Real=0.00s
[14559.174s][info][gc,start       ] GC(31950) Pause Young (Allocation Failure)
[14559.176s][info][gc,heap        ] GC(31950) PSYoungGen: 82368K(84480K)->352K(84480K) Eden: 81920K(81920K)->0K(81920K) From: 448K(2560K)->352K(2560K)
[14559.176s][info][gc,heap        ] GC(31950) ParOldGen: 452413K(453120K)->452517K(453120K)
[14559.176s][info][gc,metaspace   ] GC(31950) Metaspace: 62348K(62592K)->62348K(62592K) NonClass: 53311K(53504K)->53311K(53504K) Class: 9037K(9088K)->9037K(9088K)
[14559.176s][info][gc             ] GC(31950) Pause Young (Allocation Failure) 522M->442M(525M) 2.592ms
[14559.176s][info][gc,cpu         ] GC(31950) User=0.00s Sys=0.00s Real=0.01s
[14559.675s][info][gc,start       ] GC(31951) Pause Young (Allocation Failure)
[14559.677s][info][gc,heap        ] GC(31951) PSYoungGen: 82272K(84480K)->352K(84480K) Eden: 81920K(81920K)->0K(81920K) From: 352K(2560K)->352K(2560K)
[14559.677s][info][gc,heap        ] GC(31951) ParOldGen: 452517K(453120K)->452565K(453120K)
[14559.677s][info][gc,metaspace   ] GC(31951) Metaspace: 62348K(62592K)->62348K(62592K) NonClass: 53311K(53504K)->53311K(53504K) Class: 9037K(9088K)->9037K(9088K)
[14559.677s][info][gc             ] GC(31951) Pause Young (Allocation Failure) 522M->442M(525M) 2.459ms
[14559.677s][info][gc,cpu         ] GC(31951) User=0.01s Sys=0.00s Real=0.00s
[14560.170s][info][gc,start       ] GC(31952) Pause Young (Allocation Failure)
[14560.173s][info][gc,heap        ] GC(31952) PSYoungGen: 82272K(84480K)->320K(84992K) Eden: 81920K(81920K)->0K(82944K) From: 352K(2560K)->320K(2048K)
[14560.173s][info][gc,heap        ] GC(31952) ParOldGen: 452565K(453120K)->452613K(453120K)
[14560.173s][info][gc,metaspace   ] GC(31952) Metaspace: 62348K(62592K)->62348K(62592K) NonClass: 53311K(53504K)->53311K(53504K) Class: 9037K(9088K)->9037K(9088K)
[14560.173s][info][gc             ] GC(31952) Pause Young (Allocation Failure) 522M->442M(525M) 2.445ms
[14560.173s][info][gc,cpu         ] GC(31952) User=0.01s Sys=0.00s Real=0.00s
[14560.672s][info][gc,start       ] GC(31953) Pause Young (Allocation Failure)
[14560.674s][info][gc,heap        ] GC(31953) PSYoungGen: 83264K(84992K)->320K(84992K) Eden: 82944K(82944K)->0K(82944K) From: 320K(2048K)->320K(2048K)
[14560.674s][info][gc,heap        ] GC(31953) ParOldGen: 452613K(453120K)->452669K(453120K)
[14560.674s][info][gc,metaspace   ] GC(31953) Metaspace: 62348K(62592K)->62348K(62592K) NonClass: 53311K(53504K)->53311K(53504K) Class: 9037K(9088K)->9037K(9088K)
[14560.675s][info][gc             ] GC(31953) Pause Young (Allocation Failure) 523M->442M(525M) 2.393ms
[14560.675s][info][gc,cpu         ] GC(31953) User=0.01s Sys=0.00s Real=0.01s
[14561.157s][info][gc,start       ] GC(31954) Pause Young (Allocation Failure)
[14561.161s][info][gc,heap        ] GC(31954) PSYoungGen: 83264K(84992K)->2016K(83968K) Eden: 82944K(82944K)->0K(81920K) From: 320K(2048K)->2016K(2048K)
[14561.161s][info][gc,heap        ] GC(31954) ParOldGen: 452669K(453120K)->453101K(453120K)
[14561.161s][info][gc,metaspace   ] GC(31954) Metaspace: 62348K(62592K)->62348K(62592K) NonClass: 53311K(53504K)->53311K(53504K) Class: 9037K(9088K)->9037K(9088K)
[14561.161s][info][gc             ] GC(31954) Pause Young (Allocation Failure) 523M->444M(524M) 4.001ms
[14561.161s][info][gc,cpu         ] GC(31954) User=0.01s Sys=0.00s Real=0.00s
[14561.654s][info][gc,start       ] GC(31955) Pause Young (Allocation Failure)
[14561.658s][info][gc,heap        ] GC(31955) PSYoungGen: 83936K(83968K)->1376K(84480K) Eden: 81920K(81920K)->0K(81920K) From: 2016K(2048K)->1376K(2560K)
[14561.658s][info][gc,heap        ] GC(31955) ParOldGen: 453101K(453120K)->454157K(454656K)
[14561.658s][info][gc,metaspace   ] GC(31955) Metaspace: 62348K(62592K)->62348K(62592K) NonClass: 53311K(53504K)->53311K(53504K) Class: 9037K(9088K)->9037K(9088K)
[14561.658s][info][gc             ] GC(31955) Pause Young (Allocation Failure) 524M->444M(526M) 4.071ms
[14561.658s][info][gc,cpu         ] GC(31955) User=0.00s Sys=0.00s Real=0.01s
[14562.149s][info][gc,start       ] GC(31956) Pause Young (Allocation Failure)
[14562.152s][info][gc,heap        ] GC(31956) PSYoungGen: 83296K(84480K)->1344K(84480K) Eden: 81920K(81920K)->0K(81920K) From: 1376K(2560K)->1344K(2560K)
[14562.152s][info][gc,heap        ] GC(31956) ParOldGen: 454157K(454656K)->454221K(454656K)
[14562.152s][info][gc,metaspace   ] GC(31956) Metaspace: 62348K(62592K)->62348K(62592K) NonClass: 53311K(53504K)->53311K(53504K) Class: 9037K(9088K)->9037K(9088K)
[14562.152s][info][gc             ] GC(31956) Pause Young (Allocation Failure) 524M->444M(526M) 3.511ms
[14562.153s][info][gc,cpu         ] GC(31956) User=0.01s Sys=0.00s Real=0.00s
[14562.649s][info][gc,start       ] GC(31957) Pause Young (Allocation Failure)
[14562.653s][info][gc,heap        ] GC(31957) PSYoungGen: 83264K(84480K)->1312K(84480K) Eden: 81920K(81920K)->0K(81920K) From: 1344K(2560K)->1312K(2560K)
[14562.653s][info][gc,heap        ] GC(31957) ParOldGen: 454221K(454656K)->454277K(454656K)
[14562.653s][info][gc,metaspace   ] GC(31957) Metaspace: 62348K(62592K)->62348K(62592K) NonClass: 53311K(53504K)->53311K(53504K) Class: 9037K(9088K)->9037K(9088K)
[14562.653s][info][gc             ] GC(31957) Pause Young (Allocation Failure) 524M->444M(526M) 3.614ms
[14562.653s][info][gc,cpu         ] GC(31957) User=0.01s Sys=0.00s Real=0.00s
[14563.126s][info][gc,start       ] GC(31958) Pause Young (Allocation Failure)
[14563.129s][info][gc,heap        ] GC(31958) PSYoungGen: 83232K(84480K)->1024K(84480K) Eden: 81920K(81920K)->0K(81920K) From: 1312K(2560K)->1024K(2560K)
[14563.129s][info][gc,heap        ] GC(31958) ParOldGen: 454277K(454656K)->454333K(454656K)
[14563.129s][info][gc,metaspace   ] GC(31958) Metaspace: 62348K(62592K)->62348K(62592K) NonClass: 53311K(53504K)->53311K(53504K) Class: 9037K(9088K)->9037K(9088K)
[14563.129s][info][gc             ] GC(31958) Pause Young (Allocation Failure) 524M->444M(526M) 3.210ms
[14563.129s][info][gc,cpu         ] GC(31958) User=0.00s Sys=0.00s Real=0.00s
[14563.623s][info][gc,start       ] GC(31959) Pause Young (Allocation Failure)
[14563.626s][info][gc,heap        ] GC(31959) PSYoungGen: 82944K(84480K)->960K(84480K) Eden: 81920K(81920K)->0K(81920K) From: 1024K(2560K)->960K(2560K)
[14563.626s][info][gc,heap        ] GC(31959) ParOldGen: 454333K(454656K)->454389K(454656K)
[14563.626s][info][gc,metaspace   ] GC(31959) Metaspace: 62348K(62592K)->62348K(62592K) NonClass: 53311K(53504K)->53311K(53504K) Class: 9037K(9088K)->9037K(9088K)
[14563.626s][info][gc             ] GC(31959) Pause Young (Allocation Failure) 524M->444M(526M) 3.179ms
[14563.626s][info][gc,cpu         ] GC(31959) User=0.00s Sys=0.00s Real=0.01s
[14564.113s][info][gc,start       ] GC(31960) Pause Young (Allocation Failure)
[14564.116s][info][gc,heap        ] GC(31960) PSYoungGen: 82880K(84480K)->896K(84480K) Eden: 81920K(81920K)->0K(81920K) From: 960K(2560K)->896K(2560K)
[14564.116s][info][gc,heap        ] GC(31960) ParOldGen: 454389K(454656K)->454445K(454656K)
[14564.116s][info][gc,metaspace   ] GC(31960) Metaspace: 62348K(62592K)->62348K(62592K) NonClass: 53311K(53504K)->53311K(53504K) Class: 9037K(9088K)->9037K(9088K)
[14564.116s][info][gc             ] GC(31960) Pause Young (Allocation Failure) 524M->444M(526M) 3.028ms
[14564.116s][info][gc,cpu         ] GC(31960) User=0.00s Sys=0.00s Real=0.01s
[14564.611s][info][gc,start       ] GC(31961) Pause Young (Allocation Failure)
[14564.614s][info][gc,heap        ] GC(31961) PSYoungGen: 82816K(84480K)->832K(84480K) Eden: 81920K(81920K)->0K(81920K) From: 896K(2560K)->832K(2560K)
[14564.614s][info][gc,heap        ] GC(31961) ParOldGen: 454445K(454656K)->454501K(454656K)
[14564.614s][info][gc,metaspace   ] GC(31961) Metaspace: 62348K(62592K)->62348K(62592K) NonClass: 53311K(53504K)->53311K(53504K) Class: 9037K(9088K)->9037K(9088K)
[14564.614s][info][gc             ] GC(31961) Pause Young (Allocation Failure) 524M->444M(526M) 2.931ms
[14564.614s][info][gc,cpu         ] GC(31961) User=0.01s Sys=0.00s Real=0.01s
[14565.066s][info][gc,start       ] GC(31962) Pause Young (Allocation Failure)
[14565.069s][info][gc,heap        ] GC(31962) PSYoungGen: 82752K(84480K)->288K(84992K) Eden: 81920K(81920K)->0K(82944K) From: 832K(2560K)->288K(2048K)
[14565.069s][info][gc,heap        ] GC(31962) ParOldGen: 454501K(454656K)->454549K(454656K)
[14565.069s][info][gc,metaspace   ] GC(31962) Metaspace: 62348K(62592K)->62348K(62592K) NonClass: 53311K(53504K)->53311K(53504K) Class: 9037K(9088K)->9037K(9088K)
[14565.069s][info][gc             ] GC(31962) Pause Young (Allocation Failure) 524M->444M(527M) 2.428ms
[14565.069s][info][gc,cpu         ] GC(31962) User=0.00s Sys=0.00s Real=0.00s
[14565.504s][info][gc,start       ] GC(31963) Pause Young (Allocation Failure)
[14565.507s][info][gc,heap        ] GC(31963) PSYoungGen: 83232K(84992K)->832K(84992K) Eden: 82944K(82944K)->0K(82944K) From: 288K(2048K)->832K(2048K)
[14565.507s][info][gc,heap        ] GC(31963) ParOldGen: 454549K(454656K)->454597K(454656K)
[14565.507s][info][gc,metaspace   ] GC(31963) Metaspace: 62348K(62592K)->62348K(62592K) NonClass: 53311K(53504K)->53311K(53504K) Class: 9037K(9088K)->9037K(9088K)
[14565.507s][info][gc             ] GC(31963) Pause Young (Allocation Failure) 525M->444M(527M) 2.897ms
[14565.507s][info][gc,cpu         ] GC(31963) User=0.01s Sys=0.00s Real=0.00s
[14565.968s][info][gc,start       ] GC(31964) Pause Young (Allocation Failure)
[14565.971s][info][gc,heap        ] GC(31964) PSYoungGen: 83776K(84992K)->1312K(84992K) Eden: 82944K(82944K)->0K(82944K) From: 832K(2048K)->1312K(2048K)
[14565.971s][info][gc,heap        ] GC(31964) ParOldGen: 454597K(454656K)->454653K(454656K)
[14565.971s][info][gc,metaspace   ] GC(31964) Metaspace: 62348K(62592K)->62348K(62592K) NonClass: 53311K(53504K)->53311K(53504K) Class: 9037K(9088K)->9037K(9088K)
[14565.971s][info][gc             ] GC(31964) Pause Young (Allocation Failure) 525M->445M(527M) 2.605ms
[14565.971s][info][gc,cpu         ] GC(31964) User=0.00s Sys=0.00s Real=0.00s
[14566.415s][info][gc,start       ] GC(31965) Pause Young (Allocation Failure)
[14566.419s][info][gc,heap        ] GC(31965) PSYoungGen: 84256K(84992K)->960K(84992K) Eden: 82944K(82944K)->0K(82944K) From: 1312K(2048K)->960K(2048K)
[14566.419s][info][gc,heap        ] GC(31965) ParOldGen: 454653K(454656K)->455725K(456192K)
[14566.419s][info][gc,metaspace   ] GC(31965) Metaspace: 62348K(62592K)->62348K(62592K) NonClass: 53311K(53504K)->53311K(53504K) Class: 9037K(9088K)->9037K(9088K)
[14566.419s][info][gc             ] GC(31965) Pause Young (Allocation Failure) 526M->445M(528M) 3.656ms
[14566.419s][info][gc,cpu         ] GC(31965) User=0.01s Sys=0.00s Real=0.00s
[14566.944s][info][gc,start       ] GC(31966) Pause Young (Allocation Failure)
[14566.948s][info][gc,heap        ] GC(31966) PSYoungGen: 83904K(84992K)->1520K(84992K) Eden: 82944K(82944K)->0K(82944K) From: 960K(2048K)->1520K(2048K)
[14566.948s][info][gc,heap        ] GC(31966) ParOldGen: 455725K(456192K)->455773K(456192K)
[14566.948s][info][gc,metaspace   ] GC(31966) Metaspace: 62348K(62592K)->62348K(62592K) NonClass: 53311K(53504K)->53311K(53504K) Class: 9037K(9088K)->9037K(9088K)
[14566.948s][info][gc             ] GC(31966) Pause Young (Allocation Failure) 526M->446M(528M) 3.621ms
[14566.948s][info][gc,cpu         ] GC(31966) User=0.01s Sys=0.00s Real=0.01s
[14567.417s][info][gc,start       ] GC(31967) Pause Young (Allocation Failure)
[14567.420s][info][gc,heap        ] GC(31967) PSYoungGen: 84464K(84992K)->864K(84992K) Eden: 82944K(82944K)->0K(82944K) From: 1520K(2048K)->864K(2048K)
[14567.420s][info][gc,heap        ] GC(31967) ParOldGen: 455773K(456192K)->455869K(456192K)
[14567.420s][info][gc,metaspace   ] GC(31967) Metaspace: 62348K(62592K)->62348K(62592K) NonClass: 53311K(53504K)->53311K(53504K) Class: 9037K(9088K)->9037K(9088K)
[14567.420s][info][gc             ] GC(31967) Pause Young (Allocation Failure) 527M->446M(528M) 3.044ms
[14567.420s][info][gc,cpu         ] GC(31967) User=0.00s Sys=0.00s Real=0.00s
[14567.921s][info][gc,start       ] GC(31968) Pause Young (Allocation Failure)
[14567.924s][info][gc,heap        ] GC(31968) PSYoungGen: 83808K(84992K)->960K(84992K) Eden: 82944K(82944K)->0K(82944K) From: 864K(2048K)->960K(2048K)
[14567.924s][info][gc,heap        ] GC(31968) ParOldGen: 455869K(456192K)->455917K(456192K)
[14567.924s][info][gc,metaspace   ] GC(31968) Metaspace: 62348K(62592K)->62348K(62592K) NonClass: 53311K(53504K)->53311K(53504K) Class: 9037K(9088K)->9037K(9088K)
[14567.924s][info][gc             ] GC(31968) Pause Young (Allocation Failure) 527M->446M(528M) 3.088ms
[14567.924s][info][gc,cpu         ] GC(31968) User=0.00s Sys=0.00s Real=0.01s
[14568.430s][info][gc,start       ] GC(31969) Pause Young (Allocation Failure)
[14568.433s][info][gc,heap        ] GC(31969) PSYoungGen: 83904K(84992K)->1088K(84992K) Eden: 82944K(82944K)->0K(82944K) From: 960K(2048K)->1088K(2048K)
[14568.433s][info][gc,heap        ] GC(31969) ParOldGen: 455917K(456192K)->455965K(456192K)
[14568.433s][info][gc,metaspace   ] GC(31969) Metaspace: 62348K(62592K)->62348K(62592K) NonClass: 53311K(53504K)->53311K(53504K) Class: 9037K(9088K)->9037K(9088K)
[14568.433s][info][gc             ] GC(31969) Pause Young (Allocation Failure) 527M->446M(528M) 3.273ms
[14568.433s][info][gc,cpu         ] GC(31969) User=0.01s Sys=0.00s Real=0.00s
[14568.916s][info][gc,start       ] GC(31970) Pause Young (Allocation Failure)
[14568.919s][info][gc,heap        ] GC(31970) PSYoungGen: 84032K(84992K)->960K(84992K) Eden: 82944K(82944K)->0K(82944K) From: 1088K(2048K)->960K(2048K)
[14568.919s][info][gc,heap        ] GC(31970) ParOldGen: 455965K(456192K)->456021K(456192K)
[14568.919s][info][gc,metaspace   ] GC(31970) Metaspace: 62348K(62592K)->62348K(62592K) NonClass: 53311K(53504K)->53311K(53504K) Class: 9037K(9088K)->9037K(9088K)
[14568.919s][info][gc             ] GC(31970) Pause Young (Allocation Failure) 527M->446M(528M) 3.159ms
[14568.919s][info][gc,cpu         ] GC(31970) User=0.01s Sys=0.00s Real=0.00s
[14569.417s][info][gc,start       ] GC(31971) Pause Young (Allocation Failure)
[14569.420s][info][gc,heap        ] GC(31971) PSYoungGen: 83904K(84992K)->896K(84992K) Eden: 82944K(82944K)->0K(82944K) From: 960K(2048K)->896K(2048K)
[14569.420s][info][gc,heap        ] GC(31971) ParOldGen: 456021K(456192K)->456077K(456192K)
[14569.420s][info][gc,metaspace   ] GC(31971) Metaspace: 62348K(62592K)->62348K(62592K) NonClass: 53311K(53504K)->53311K(53504K) Class: 9037K(9088K)->9037K(9088K)
[14569.420s][info][gc             ] GC(31971) Pause Young (Allocation Failure) 527M->446M(528M) 3.070ms
[14569.420s][info][gc,cpu         ] GC(31971) User=0.01s Sys=0.00s Real=0.00s
[14569.926s][info][gc,start       ] GC(31972) Pause Young (Allocation Failure)
[14569.929s][info][gc,heap        ] GC(31972) PSYoungGen: 83840K(84992K)->1024K(84992K) Eden: 82944K(82944K)->0K(82944K) From: 896K(2048K)->1024K(2048K)
[14569.929s][info][gc,heap        ] GC(31972) ParOldGen: 456077K(456192K)->456133K(456192K)
[14569.929s][info][gc,metaspace   ] GC(31972) Metaspace: 62348K(62592K)->62348K(62592K) NonClass: 53311K(53504K)->53311K(53504K) Class: 9037K(9088K)->9037K(9088K)
[14569.929s][info][gc             ] GC(31972) Pause Young (Allocation Failure) 527M->446M(528M) 3.157ms
[14569.929s][info][gc,cpu         ] GC(31972) User=0.01s Sys=0.00s Real=0.00s
[14570.437s][info][gc,start       ] GC(31973) Pause Young (Allocation Failure)
[14570.440s][info][gc,heap        ] GC(31973) PSYoungGen: 83968K(84992K)->1184K(84992K) Eden: 82944K(82944K)->0K(82944K) From: 1024K(2048K)->1184K(2048K)
[14570.440s][info][gc,heap        ] GC(31973) ParOldGen: 456133K(456192K)->456189K(456192K)
[14570.440s][info][gc,metaspace   ] GC(31973) Metaspace: 62348K(62592K)->62348K(62592K) NonClass: 53311K(53504K)->53311K(53504K) Class: 9037K(9088K)->9037K(9088K)
[14570.440s][info][gc             ] GC(31973) Pause Young (Allocation Failure) 527M->446M(528M) 3.373ms
[14570.440s][info][gc,cpu         ] GC(31973) User=0.00s Sys=0.00s Real=0.00s
[14570.929s][info][gc,start       ] GC(31974) Pause Young (Allocation Failure)
[14570.933s][info][gc,heap        ] GC(31974) PSYoungGen: 84128K(84992K)->1152K(84992K) Eden: 82944K(82944K)->0K(82944K) From: 1184K(2048K)->1152K(2048K)
[14570.933s][info][gc,heap        ] GC(31974) ParOldGen: 456189K(456192K)->456245K(456704K)
[14570.933s][info][gc,metaspace   ] GC(31974) Metaspace: 62348K(62592K)->62348K(62592K) NonClass: 53311K(53504K)->53311K(53504K) Class: 9037K(9088K)->9037K(9088K)
[14570.933s][info][gc             ] GC(31974) Pause Young (Allocation Failure) 527M->446M(529M) 3.400ms
[14570.933s][info][gc,cpu         ] GC(31974) User=0.00s Sys=0.00s Real=0.00s
[14571.362s][info][gc,start       ] GC(31975) Pause Young (Allocation Failure)
[14571.365s][info][gc,heap        ] GC(31975) PSYoungGen: 84096K(84992K)->1216K(84992K) Eden: 82944K(82944K)->0K(82944K) From: 1152K(2048K)->1216K(2048K)
[14571.365s][info][gc,heap        ] GC(31975) ParOldGen: 456245K(456704K)->457325K(458240K)
[14571.365s][info][gc,metaspace   ] GC(31975) Metaspace: 62348K(62592K)->62348K(62592K) NonClass: 53311K(53504K)->53311K(53504K) Class: 9037K(9088K)->9037K(9088K)
[14571.365s][info][gc             ] GC(31975) Pause Young (Allocation Failure) 527M->447M(530M) 3.095ms
[14571.365s][info][gc,cpu         ] GC(31975) User=0.01s Sys=0.01s Real=0.01s
[14571.883s][info][gc,start       ] GC(31976) Pause Young (Allocation Failure)
[14571.886s][info][gc,heap        ] GC(31976) PSYoungGen: 84160K(84992K)->448K(84992K) Eden: 82944K(82944K)->0K(82944K) From: 1216K(2048K)->448K(2048K)
[14571.886s][info][gc,heap        ] GC(31976) ParOldGen: 457325K(458240K)->459421K(459776K)
[14571.886s][info][gc,metaspace   ] GC(31976) Metaspace: 62348K(62592K)->62348K(62592K) NonClass: 53311K(53504K)->53311K(53504K) Class: 9037K(9088K)->9037K(9088K)
[14571.886s][info][gc             ] GC(31976) Pause Young (Allocation Failure) 528M->449M(532M) 3.722ms
[14571.886s][info][gc,cpu         ] GC(31976) User=0.00s Sys=0.00s Real=0.01s
[14572.388s][info][gc,start       ] GC(31977) Pause Young (Allocation Failure)
[14572.391s][info][gc,heap        ] GC(31977) PSYoungGen: 83392K(84992K)->544K(84992K) Eden: 82944K(82944K)->0K(82944K) From: 448K(2048K)->544K(2048K)
[14572.391s][info][gc,heap        ] GC(31977) ParOldGen: 459421K(459776K)->459469K(459776K)
[14572.391s][info][gc,metaspace   ] GC(31977) Metaspace: 62348K(62592K)->62348K(62592K) NonClass: 53311K(53504K)->53311K(53504K) Class: 9037K(9088K)->9037K(9088K)
[14572.391s][info][gc             ] GC(31977) Pause Young (Allocation Failure) 530M->449M(532M) 2.634ms
[14572.391s][info][gc,cpu         ] GC(31977) User=0.00s Sys=0.00s Real=0.00s
[14572.896s][info][gc,start       ] GC(31978) Pause Young (Allocation Failure)
[14572.898s][info][gc,heap        ] GC(31978) PSYoungGen: 83488K(84992K)->608K(84992K) Eden: 82944K(82944K)->0K(82944K) From: 544K(2048K)->608K(2048K)
[14572.898s][info][gc,heap        ] GC(31978) ParOldGen: 459469K(459776K)->459517K(459776K)
[14572.898s][info][gc,metaspace   ] GC(31978) Metaspace: 62348K(62592K)->62348K(62592K) NonClass: 53311K(53504K)->53311K(53504K) Class: 9037K(9088K)->9037K(9088K)
[14572.899s][info][gc             ] GC(31978) Pause Young (Allocation Failure) 530M->449M(532M) 2.763ms
[14572.899s][info][gc,cpu         ] GC(31978) User=0.00s Sys=0.00s Real=0.00s
[14573.402s][info][gc,start       ] GC(31979) Pause Young (Allocation Failure)
[14573.405s][info][gc,heap        ] GC(31979) PSYoungGen: 83552K(84992K)->672K(84992K) Eden: 82944K(82944K)->0K(82944K) From: 608K(2048K)->672K(2048K)
[14573.405s][info][gc,heap        ] GC(31979) ParOldGen: 459517K(459776K)->459573K(459776K)
[14573.405s][info][gc,metaspace   ] GC(31979) Metaspace: 62348K(62592K)->62348K(62592K) NonClass: 53311K(53504K)->53311K(53504K) Class: 9037K(9088K)->9037K(9088K)
[14573.405s][info][gc             ] GC(31979) Pause Young (Allocation Failure) 530M->449M(532M) 2.852ms
[14573.405s][info][gc,cpu         ] GC(31979) User=0.00s Sys=0.00s Real=0.01s
[14573.911s][info][gc,start       ] GC(31980) Pause Young (Allocation Failure)
[14573.914s][info][gc,heap        ] GC(31980) PSYoungGen: 83616K(84992K)->832K(84992K) Eden: 82944K(82944K)->0K(82944K) From: 672K(2048K)->832K(2048K)
[14573.914s][info][gc,heap        ] GC(31980) ParOldGen: 459573K(459776K)->459629K(459776K)
[14573.914s][info][gc,metaspace   ] GC(31980) Metaspace: 62348K(62592K)->62348K(62592K) NonClass: 53311K(53504K)->53311K(53504K) Class: 9037K(9088K)->9037K(9088K)
[14573.914s][info][gc             ] GC(31980) Pause Young (Allocation Failure) 530M->449M(532M) 2.997ms
[14573.914s][info][gc,cpu         ] GC(31980) User=0.00s Sys=0.00s Real=0.01s
[14574.417s][info][gc,start       ] GC(31981) Pause Young (Allocation Failure)
[14574.420s][info][gc,heap        ] GC(31981) PSYoungGen: 83775K(84992K)->896K(84992K) Eden: 82943K(82944K)->0K(82944K) From: 832K(2048K)->896K(2048K)
[14574.420s][info][gc,heap        ] GC(31981) ParOldGen: 459629K(459776K)->459685K(459776K)
[14574.420s][info][gc,metaspace   ] GC(31981) Metaspace: 62348K(62592K)->62348K(62592K) NonClass: 53311K(53504K)->53311K(53504K) Class: 9037K(9088K)->9037K(9088K)
[14574.420s][info][gc             ] GC(31981) Pause Young (Allocation Failure) 530M->449M(532M) 3.078ms
[14574.420s][info][gc,cpu         ] GC(31981) User=0.00s Sys=0.00s Real=0.00s
[14574.922s][info][gc,start       ] GC(31982) Pause Young (Allocation Failure)
[14574.926s][info][gc,heap        ] GC(31982) PSYoungGen: 83840K(84992K)->960K(85504K) Eden: 82944K(82944K)->0K(83968K) From: 896K(2048K)->960K(1536K)
[14574.926s][info][gc,heap        ] GC(31982) ParOldGen: 459685K(459776K)->459741K(459776K)
[14574.926s][info][gc,metaspace   ] GC(31982) Metaspace: 62348K(62592K)->62348K(62592K) NonClass: 53311K(53504K)->53311K(53504K) Class: 9037K(9088K)->9037K(9088K)
[14574.926s][info][gc             ] GC(31982) Pause Young (Allocation Failure) 530M->449M(532M) 3.155ms
[14574.926s][info][gc,cpu         ] GC(31982) User=0.01s Sys=0.00s Real=0.01s
[14575.427s][info][gc,start       ] GC(31983) Pause Young (Allocation Failure)
[14575.431s][info][gc,heap        ] GC(31983) PSYoungGen: 84928K(85504K)->1248K(85504K) Eden: 83968K(83968K)->0K(83968K) From: 960K(1536K)->1248K(1536K)
[14575.431s][info][gc,heap        ] GC(31983) ParOldGen: 459741K(459776K)->459797K(460288K)
[14575.431s][info][gc,metaspace   ] GC(31983) Metaspace: 62348K(62592K)->62348K(62592K) NonClass: 53311K(53504K)->53311K(53504K) Class: 9037K(9088K)->9037K(9088K)
[14575.431s][info][gc             ] GC(31983) Pause Young (Allocation Failure) 531M->450M(533M) 3.440ms
[14575.431s][info][gc,cpu         ] GC(31983) User=0.01s Sys=0.00s Real=0.00s
[14575.877s][info][gc,start       ] GC(31984) Pause Young (Allocation Failure)
[14575.880s][info][gc,heap        ] GC(31984) PSYoungGen: 85216K(85504K)->416K(84480K) Eden: 83968K(83968K)->0K(82944K) From: 1248K(1536K)->416K(1536K)
[14575.880s][info][gc,heap        ] GC(31984) ParOldGen: 459797K(460288K)->459893K(460288K)
[14575.880s][info][gc,metaspace   ] GC(31984) Metaspace: 62348K(62592K)->62348K(62592K) NonClass: 53311K(53504K)->53311K(53504K) Class: 9037K(9088K)->9037K(9088K)
[14575.880s][info][gc             ] GC(31984) Pause Young (Allocation Failure) 532M->449M(532M) 2.589ms
[14575.880s][info][gc,cpu         ] GC(31984) User=0.01s Sys=0.00s Real=0.00s
[14576.311s][info][gc,start       ] GC(31985) Pause Young (Allocation Failure)
[14576.314s][info][gc,heap        ] GC(31985) PSYoungGen: 83360K(84480K)->1984K(84992K) Eden: 82944K(82944K)->0K(82944K) From: 416K(1536K)->1984K(2048K)
[14576.314s][info][gc,heap        ] GC(31985) ParOldGen: 459893K(460288K)->459949K(460288K)
[14576.314s][info][gc,metaspace   ] GC(31985) Metaspace: 62348K(62592K)->62348K(62592K) NonClass: 53311K(53504K)->53311K(53504K) Class: 9037K(9088K)->9037K(9088K)
[14576.314s][info][gc             ] GC(31985) Pause Young (Allocation Failure) 530M->451M(532M) 3.218ms
[14576.314s][info][gc,cpu         ] GC(31985) User=0.01s Sys=0.00s Real=0.01s
[14576.808s][info][gc,start       ] GC(31986) Pause Young (Allocation Failure)
[14576.812s][info][gc,heap        ] GC(31986) PSYoungGen: 84928K(84992K)->800K(84992K) Eden: 82944K(82944K)->0K(82944K) From: 1984K(2048K)->800K(2048K)
[14576.812s][info][gc,heap        ] GC(31986) ParOldGen: 459949K(460288K)->461021K(461824K)
[14576.812s][info][gc,metaspace   ] GC(31986) Metaspace: 62348K(62592K)->62348K(62592K) NonClass: 53311K(53504K)->53311K(53504K) Class: 9037K(9088K)->9037K(9088K)
[14576.812s][info][gc             ] GC(31986) Pause Young (Allocation Failure) 532M->450M(534M) 3.574ms
[14576.812s][info][gc,cpu         ] GC(31986) User=0.00s Sys=0.00s Real=0.00s
[14577.319s][info][gc,start       ] GC(31987) Pause Young (Allocation Failure)
[14577.322s][info][gc,heap        ] GC(31987) PSYoungGen: 83744K(84992K)->1056K(84992K) Eden: 82944K(82944K)->0K(82944K) From: 800K(2048K)->1056K(2048K)
[14577.322s][info][gc,heap        ] GC(31987) ParOldGen: 461021K(461824K)->461077K(461824K)
[14577.322s][info][gc,metaspace   ] GC(31987) Metaspace: 62348K(62592K)->62348K(62592K) NonClass: 53311K(53504K)->53311K(53504K) Class: 9037K(9088K)->9037K(9088K)
[14577.322s][info][gc             ] GC(31987) Pause Young (Allocation Failure) 531M->451M(534M) 3.327ms
[14577.322s][info][gc,cpu         ] GC(31987) User=0.01s Sys=0.00s Real=0.00s
[14577.793s][info][gc,start       ] GC(31988) Pause Young (Allocation Failure)
[14577.796s][info][gc,heap        ] GC(31988) PSYoungGen: 84000K(84992K)->640K(84992K) Eden: 82944K(82944K)->0K(82944K) From: 1056K(2048K)->640K(2048K)
[14577.796s][info][gc,heap        ] GC(31988) ParOldGen: 461077K(461824K)->461133K(461824K)
[14577.796s][info][gc,metaspace   ] GC(31988) Metaspace: 62348K(62592K)->62348K(62592K) NonClass: 53311K(53504K)->53311K(53504K) Class: 9037K(9088K)->9037K(9088K)
[14577.796s][info][gc             ] GC(31988) Pause Young (Allocation Failure) 532M->450M(534M) 2.788ms
[14577.796s][info][gc,cpu         ] GC(31988) User=0.00s Sys=0.00s Real=0.01s
[14578.242s][info][gc,start       ] GC(31989) Pause Young (Allocation Failure)
[14578.246s][info][gc,heap        ] GC(31989) PSYoungGen: 83584K(84992K)->1408K(84992K) Eden: 82944K(82944K)->0K(82944K) From: 640K(2048K)->1408K(2048K)
[14578.246s][info][gc,heap        ] GC(31989) ParOldGen: 461133K(461824K)->461189K(461824K)
[14578.246s][info][gc,metaspace   ] GC(31989) Metaspace: 62348K(62592K)->62348K(62592K) NonClass: 53311K(53504K)->53311K(53504K) Class: 9037K(9088K)->9037K(9088K)
[14578.246s][info][gc             ] GC(31989) Pause Young (Allocation Failure) 531M->451M(534M) 3.714ms
[14578.246s][info][gc,cpu         ] GC(31989) User=0.00s Sys=0.00s Real=0.01s
[14578.706s][info][gc,start       ] GC(31990) Pause Young (Allocation Failure)
[14578.709s][info][gc,heap        ] GC(31990) PSYoungGen: 84352K(84992K)->832K(84992K) Eden: 82944K(82944K)->0K(82944K) From: 1408K(2048K)->832K(2048K)
[14578.709s][info][gc,heap        ] GC(31990) ParOldGen: 461189K(461824K)->461237K(461824K)
[14578.709s][info][gc,metaspace   ] GC(31990) Metaspace: 62348K(62592K)->62348K(62592K) NonClass: 53311K(53504K)->53311K(53504K) Class: 9037K(9088K)->9037K(9088K)
[14578.709s][info][gc             ] GC(31990) Pause Young (Allocation Failure) 532M->451M(534M) 3.005ms
[14578.709s][info][gc,cpu         ] GC(31990) User=0.01s Sys=0.00s Real=0.00s
[14579.163s][info][gc,start       ] GC(31991) Pause Young (Allocation Failure)
[14579.165s][info][gc,heap        ] GC(31991) PSYoungGen: 83776K(84992K)->192K(84992K) Eden: 82944K(82944K)->0K(82944K) From: 832K(2048K)->192K(2048K)
[14579.165s][info][gc,heap        ] GC(31991) ParOldGen: 461237K(461824K)->461293K(461824K)
[14579.165s][info][gc,metaspace   ] GC(31991) Metaspace: 62348K(62592K)->62348K(62592K) NonClass: 53311K(53504K)->53311K(53504K) Class: 9037K(9088K)->9037K(9088K)
[14579.165s][info][gc             ] GC(31991) Pause Young (Allocation Failure) 532M->450M(534M) 2.349ms
[14579.165s][info][gc,cpu         ] GC(31991) User=0.00s Sys=0.00s Real=0.01s
[14579.615s][info][gc,start       ] GC(31992) Pause Young (Allocation Failure)
[14579.618s][info][gc,heap        ] GC(31992) PSYoungGen: 83136K(84992K)->960K(84992K) Eden: 82944K(82944K)->0K(82944K) From: 192K(2048K)->960K(2048K)
[14579.618s][info][gc,heap        ] GC(31992) ParOldGen: 461293K(461824K)->461341K(461824K)
[14579.618s][info][gc,metaspace   ] GC(31992) Metaspace: 62348K(62592K)->62348K(62592K) NonClass: 53311K(53504K)->53311K(53504K) Class: 9037K(9088K)->9037K(9088K)
[14579.618s][info][gc             ] GC(31992) Pause Young (Allocation Failure) 531M->451M(534M) 3.173ms
[14579.618s][info][gc,cpu         ] GC(31992) User=0.01s Sys=0.00s Real=0.00s
[14580.077s][info][gc,start       ] GC(31993) Pause Young (Allocation Failure)
[14580.080s][info][gc,heap        ] GC(31993) PSYoungGen: 83904K(84992K)->416K(84992K) Eden: 82944K(82944K)->0K(82944K) From: 960K(2048K)->416K(2048K)
[14580.080s][info][gc,heap        ] GC(31993) ParOldGen: 461341K(461824K)->461389K(461824K)
[14580.080s][info][gc,metaspace   ] GC(31993) Metaspace: 62348K(62592K)->62348K(62592K) NonClass: 53311K(53504K)->53311K(53504K) Class: 9037K(9088K)->9037K(9088K)
[14580.080s][info][gc             ] GC(31993) Pause Young (Allocation Failure) 532M->450M(534M) 2.525ms
[14580.080s][info][gc,cpu         ] GC(31993) User=0.01s Sys=0.01s Real=0.00s
[14580.528s][info][gc,start       ] GC(31994) Pause Young (Allocation Failure)
[14580.532s][info][gc,heap        ] GC(31994) PSYoungGen: 83360K(84992K)->1216K(84992K) Eden: 82944K(82944K)->0K(82944K) From: 416K(2048K)->1216K(2048K)
[14580.532s][info][gc,heap        ] GC(31994) ParOldGen: 461389K(461824K)->461437K(461824K)
[14580.532s][info][gc,metaspace   ] GC(31994) Metaspace: 62348K(62592K)->62348K(62592K) NonClass: 53311K(53504K)->53311K(53504K) Class: 9037K(9088K)->9037K(9088K)
[14580.532s][info][gc             ] GC(31994) Pause Young (Allocation Failure) 531M->451M(534M) 3.417ms
[14580.532s][info][gc,cpu         ] GC(31994) User=0.00s Sys=0.00s Real=0.00s
[14580.986s][info][gc,start       ] GC(31995) Pause Young (Allocation Failure)
[14580.988s][info][gc,heap        ] GC(31995) PSYoungGen: 84160K(84992K)->480K(84992K) Eden: 82944K(82944K)->0K(82944K) From: 1216K(2048K)->480K(2048K)
[14580.989s][info][gc,heap        ] GC(31995) ParOldGen: 461437K(461824K)->461493K(461824K)
[14580.989s][info][gc,metaspace   ] GC(31995) Metaspace: 62348K(62592K)->62348K(62592K) NonClass: 53311K(53504K)->53311K(53504K) Class: 9037K(9088K)->9037K(9088K)
[14580.989s][info][gc             ] GC(31995) Pause Young (Allocation Failure) 532M->451M(534M) 2.518ms
[14580.989s][info][gc,cpu         ] GC(31995) User=0.00s Sys=0.00s Real=0.00s
[14581.497s][info][gc,start       ] GC(31996) Pause Young (Allocation Failure)
[14581.499s][info][gc,heap        ] GC(31996) PSYoungGen: 83424K(84992K)->1632K(84992K) Eden: 82944K(82944K)->0K(82944K) From: 480K(2048K)->1632K(2048K)
[14581.499s][info][gc,heap        ] GC(31996) ParOldGen: 461493K(461824K)->461541K(461824K)
[14581.499s][info][gc,metaspace   ] GC(31996) Metaspace: 62348K(62592K)->62348K(62592K) NonClass: 53311K(53504K)->53311K(53504K) Class: 9037K(9088K)->9037K(9088K)
[14581.499s][info][gc             ] GC(31996) Pause Young (Allocation Failure) 532M->452M(534M) 2.837ms
[14581.499s][info][gc,cpu         ] GC(31996) User=0.01s Sys=0.00s Real=0.00s
[14582.013s][info][gc,start       ] GC(31997) Pause Young (Allocation Failure)
[14582.017s][info][gc,heap        ] GC(31997) PSYoungGen: 84576K(84992K)->832K(84992K) Eden: 82944K(82944K)->0K(82944K) From: 1632K(2048K)->832K(2048K)
[14582.017s][info][gc,heap        ] GC(31997) ParOldGen: 461541K(461824K)->462621K(463360K)
[14582.017s][info][gc,metaspace   ] GC(31997) Metaspace: 62348K(62592K)->62348K(62592K) NonClass: 53311K(53504K)->53311K(53504K) Class: 9037K(9088K)->9037K(9088K)
[14582.017s][info][gc             ] GC(31997) Pause Young (Allocation Failure) 533M->452M(535M) 3.578ms
[14582.017s][info][gc,cpu         ] GC(31997) User=0.00s Sys=0.00s Real=0.01s
[14582.524s][info][gc,start       ] GC(31998) Pause Young (Allocation Failure)
[14582.527s][info][gc,heap        ] GC(31998) PSYoungGen: 83776K(84992K)->960K(84992K) Eden: 82944K(82944K)->0K(82944K) From: 832K(2048K)->960K(2048K)
[14582.527s][info][gc,heap        ] GC(31998) ParOldGen: 462621K(463360K)->462677K(463360K)
[14582.527s][info][gc,metaspace   ] GC(31998) Metaspace: 62348K(62592K)->62348K(62592K) NonClass: 53311K(53504K)->53311K(53504K) Class: 9037K(9088K)->9037K(9088K)
[14582.527s][info][gc             ] GC(31998) Pause Young (Allocation Failure) 533M->452M(535M) 3.104ms
[14582.527s][info][gc,cpu         ] GC(31998) User=0.00s Sys=0.00s Real=0.01s
[14583.036s][info][gc,start       ] GC(31999) Pause Young (Allocation Failure)
[14583.039s][info][gc,heap        ] GC(31999) PSYoungGen: 83904K(84992K)->1248K(84992K) Eden: 82944K(82944K)->0K(82944K) From: 960K(2048K)->1248K(2048K)
[14583.039s][info][gc,heap        ] GC(31999) ParOldGen: 462677K(463360K)->462725K(463360K)
[14583.039s][info][gc,metaspace   ] GC(31999) Metaspace: 62348K(62592K)->62348K(62592K) NonClass: 53311K(53504K)->53311K(53504K) Class: 9037K(9088K)->9037K(9088K)
[14583.039s][info][gc             ] GC(31999) Pause Young (Allocation Failure) 533M->453M(535M) 3.505ms
[14583.039s][info][gc,cpu         ] GC(31999) User=0.01s Sys=0.00s Real=0.00s
[14583.549s][info][gc,start       ] GC(32000) Pause Young (Allocation Failure)
[14583.553s][info][gc,heap        ] GC(32000) PSYoungGen: 84192K(84992K)->1312K(84992K) Eden: 82944K(82944K)->0K(82944K) From: 1248K(2048K)->1312K(2048K)
[14583.553s][info][gc,heap        ] GC(32000) ParOldGen: 462725K(463360K)->462829K(463360K)
[14583.553s][info][gc,metaspace   ] GC(32000) Metaspace: 62348K(62592K)->62348K(62592K) NonClass: 53311K(53504K)->53311K(53504K) Class: 9037K(9088K)->9037K(9088K)
[14583.553s][info][gc             ] GC(32000) Pause Young (Allocation Failure) 534M->453M(535M) 3.590ms
[14583.553s][info][gc,cpu         ] GC(32000) User=0.01s Sys=0.00s Real=0.00s
[14584.040s][info][gc,start       ] GC(32001) Pause Young (Allocation Failure)
[14584.044s][info][gc,heap        ] GC(32001) PSYoungGen: 84256K(84992K)->1280K(84992K) Eden: 82944K(82944K)->0K(82944K) From: 1312K(2048K)->1280K(2048K)
[14584.044s][info][gc,heap        ] GC(32001) ParOldGen: 462829K(463360K)->462885K(463360K)
[14584.044s][info][gc,metaspace   ] GC(32001) Metaspace: 62348K(62592K)->62348K(62592K) NonClass: 53311K(53504K)->53311K(53504K) Class: 9037K(9088K)->9037K(9088K)
[14584.044s][info][gc             ] GC(32001) Pause Young (Allocation Failure) 534M->453M(535M) 3.512ms
[14584.044s][info][gc,cpu         ] GC(32001) User=0.01s Sys=0.00s Real=0.00s
[14584.495s][info][gc,start       ] GC(32002) Pause Young (Allocation Failure)
[14584.498s][info][gc,heap        ] GC(32002) PSYoungGen: 84224K(84992K)->672K(84992K) Eden: 82944K(82944K)->0K(82944K) From: 1280K(2048K)->672K(2048K)
[14584.498s][info][gc,heap        ] GC(32002) ParOldGen: 462885K(463360K)->462933K(463360K)
[14584.498s][info][gc,metaspace   ] GC(32002) Metaspace: 62348K(62592K)->62348K(62592K) NonClass: 53311K(53504K)->53311K(53504K) Class: 9037K(9088K)->9037K(9088K)
[14584.498s][info][gc             ] GC(32002) Pause Young (Allocation Failure) 534M->452M(535M) 2.821ms
[14584.498s][info][gc,cpu         ] GC(32002) User=0.01s Sys=0.00s Real=0.00s
[14584.954s][info][gc,start       ] GC(32003) Pause Young (Allocation Failure)
[14584.958s][info][gc,heap        ] GC(32003) PSYoungGen: 83616K(84992K)->1408K(84992K) Eden: 82944K(82944K)->0K(82944K) From: 672K(2048K)->1408K(2048K)
[14584.958s][info][gc,heap        ] GC(32003) ParOldGen: 462933K(463360K)->462989K(463360K)
[14584.958s][info][gc,metaspace   ] GC(32003) Metaspace: 62348K(62592K)->62348K(62592K) NonClass: 53311K(53504K)->53311K(53504K) Class: 9037K(9088K)->9037K(9088K)
[14584.958s][info][gc             ] GC(32003) Pause Young (Allocation Failure) 533M->453M(535M) 3.603ms
[14584.958s][info][gc,cpu         ] GC(32003) User=0.01s Sys=0.00s Real=0.01s
[14585.400s][info][gc,start       ] GC(32004) Pause Young (Allocation Failure)
[14585.403s][info][gc,heap        ] GC(32004) PSYoungGen: 84352K(84992K)->768K(84992K) Eden: 82944K(82944K)->0K(82944K) From: 1408K(2048K)->768K(2048K)
[14585.403s][info][gc,heap        ] GC(32004) ParOldGen: 462989K(463360K)->463037K(463360K)
[14585.403s][info][gc,metaspace   ] GC(32004) Metaspace: 62348K(62592K)->62348K(62592K) NonClass: 53311K(53504K)->53311K(53504K) Class: 9037K(9088K)->9037K(9088K)
[14585.403s][info][gc             ] GC(32004) Pause Young (Allocation Failure) 534M->452M(535M) 2.844ms
[14585.403s][info][gc,cpu         ] GC(32004) User=0.00s Sys=0.00s Real=0.00s
[14585.847s][info][gc,start       ] GC(32005) Pause Young (Allocation Failure)
[14585.850s][info][gc,heap        ] GC(32005) PSYoungGen: 83712K(84992K)->1440K(84992K) Eden: 82944K(82944K)->0K(82944K) From: 768K(2048K)->1440K(2048K)
[14585.850s][info][gc,heap        ] GC(32005) ParOldGen: 463037K(463360K)->463085K(463360K)
[14585.851s][info][gc,metaspace   ] GC(32005) Metaspace: 62348K(62592K)->62348K(62592K) NonClass: 53311K(53504K)->53311K(53504K) Class: 9037K(9088K)->9037K(9088K)
[14585.851s][info][gc             ] GC(32005) Pause Young (Allocation Failure) 533M->453M(535M) 3.654ms
[14585.851s][info][gc,cpu         ] GC(32005) User=0.01s Sys=0.00s Real=0.00s
[14586.350s][info][gc,start       ] GC(32006) Pause Young (Allocation Failure)
[14586.354s][info][gc,heap        ] GC(32006) PSYoungGen: 84384K(84992K)->2016K(83968K) Eden: 82944K(82944K)->0K(81920K) From: 1440K(2048K)->2016K(2048K)
[14586.354s][info][gc,heap        ] GC(32006) ParOldGen: 463085K(463360K)->463421K(463872K)
[14586.354s][info][gc,metaspace   ] GC(32006) Metaspace: 62348K(62592K)->62348K(62592K) NonClass: 53311K(53504K)->53311K(53504K) Class: 9037K(9088K)->9037K(9088K)
[14586.354s][info][gc             ] GC(32006) Pause Young (Allocation Failure) 534M->454M(535M) 3.887ms
[14586.354s][info][gc,cpu         ] GC(32006) User=0.01s Sys=0.00s Real=0.00s
[14586.851s][info][gc,start       ] GC(32007) Pause Young (Allocation Failure)
[14586.855s][info][gc,heap        ] GC(32007) PSYoungGen: 83936K(83968K)->1312K(84480K) Eden: 81920K(81920K)->0K(81920K) From: 2016K(2048K)->1312K(2560K)
[14586.855s][info][gc,heap        ] GC(32007) ParOldGen: 463421K(463872K)->464493K(465408K)
[14586.855s][info][gc,metaspace   ] GC(32007) Metaspace: 62348K(62592K)->62348K(62592K) NonClass: 53311K(53504K)->53311K(53504K) Class: 9037K(9088K)->9037K(9088K)
[14586.855s][info][gc             ] GC(32007) Pause Young (Allocation Failure) 534M->454M(537M) 4.097ms
[14586.855s][info][gc,cpu         ] GC(32007) User=0.01s Sys=0.00s Real=0.01s
[14587.342s][info][gc,start       ] GC(32008) Pause Young (Allocation Failure)
[14587.345s][info][gc,heap        ] GC(32008) PSYoungGen: 83232K(84480K)->1248K(84480K) Eden: 81920K(81920K)->0K(81920K) From: 1312K(2560K)->1248K(2560K)
[14587.345s][info][gc,heap        ] GC(32008) ParOldGen: 464493K(465408K)->464557K(465408K)
[14587.345s][info][gc,metaspace   ] GC(32008) Metaspace: 62348K(62592K)->62348K(62592K) NonClass: 53311K(53504K)->53311K(53504K) Class: 9037K(9088K)->9037K(9088K)
[14587.345s][info][gc             ] GC(32008) Pause Young (Allocation Failure) 534M->454M(537M) 3.449ms
[14587.345s][info][gc,cpu         ] GC(32008) User=0.00s Sys=0.00s Real=0.01s
[14587.841s][info][gc,start       ] GC(32009) Pause Young (Allocation Failure)
[14587.844s][info][gc,heap        ] GC(32009) PSYoungGen: 83168K(84480K)->1216K(84480K) Eden: 81920K(81920K)->0K(81920K) From: 1248K(2560K)->1216K(2560K)
[14587.844s][info][gc,heap        ] GC(32009) ParOldGen: 464557K(465408K)->464605K(465408K)
[14587.844s][info][gc,metaspace   ] GC(32009) Metaspace: 62348K(62592K)->62348K(62592K) NonClass: 53311K(53504K)->53311K(53504K) Class: 9037K(9088K)->9037K(9088K)
[14587.844s][info][gc             ] GC(32009) Pause Young (Allocation Failure) 534M->454M(537M) 3.392ms
[14587.844s][info][gc,cpu         ] GC(32009) User=0.01s Sys=0.00s Real=0.00s
[14588.340s][info][gc,start       ] GC(32010) Pause Young (Allocation Failure)
[14588.343s][info][gc,heap        ] GC(32010) PSYoungGen: 83136K(84480K)->1184K(84992K) Eden: 81920K(81920K)->0K(82432K) From: 1216K(2560K)->1184K(2560K)
[14588.343s][info][gc,heap        ] GC(32010) ParOldGen: 464605K(465408K)->464661K(465408K)
[14588.343s][info][gc,metaspace   ] GC(32010) Metaspace: 62348K(62592K)->62348K(62592K) NonClass: 53311K(53504K)->53311K(53504K) Class: 9037K(9088K)->9037K(9088K)
[14588.343s][info][gc             ] GC(32010) Pause Young (Allocation Failure) 534M->454M(537M) 3.470ms
[14588.343s][info][gc,cpu         ] GC(32010) User=0.01s Sys=0.00s Real=0.00s
[14588.840s][info][gc,start       ] GC(32011) Pause Young (Allocation Failure)
[14588.844s][info][gc,heap        ] GC(32011) PSYoungGen: 83616K(84992K)->1184K(84480K) Eden: 82432K(82432K)->0K(82432K) From: 1184K(2560K)->1184K(2048K)
[14588.844s][info][gc,heap        ] GC(32011) ParOldGen: 464661K(465408K)->464717K(465408K)
[14588.844s][info][gc,metaspace   ] GC(32011) Metaspace: 62348K(62592K)->62348K(62592K) NonClass: 53311K(53504K)->53311K(53504K) Class: 9037K(9088K)->9037K(9088K)
[14588.844s][info][gc             ] GC(32011) Pause Young (Allocation Failure) 535M->454M(537M) 3.484ms
[14588.844s][info][gc,cpu         ] GC(32011) User=0.01s Sys=0.00s Real=0.00s
[14589.347s][info][gc,start       ] GC(32012) Pause Young (Allocation Failure)
[14589.351s][info][gc,heap        ] GC(32012) PSYoungGen: 83616K(84480K)->1280K(84992K) Eden: 82432K(82432K)->0K(82944K) From: 1184K(2048K)->1280K(2048K)
[14589.351s][info][gc,heap        ] GC(32012) ParOldGen: 464717K(465408K)->464773K(465408K)
[14589.351s][info][gc,metaspace   ] GC(32012) Metaspace: 62348K(62592K)->62348K(62592K) NonClass: 53311K(53504K)->53311K(53504K) Class: 9037K(9088K)->9037K(9088K)
[14589.351s][info][gc             ] GC(32012) Pause Young (Allocation Failure) 535M->455M(537M) 3.456ms
[14589.351s][info][gc,cpu         ] GC(32012) User=0.00s Sys=0.00s Real=0.00s
[14589.846s][info][gc,start       ] GC(32013) Pause Young (Allocation Failure)
[14589.850s][info][gc,heap        ] GC(32013) PSYoungGen: 84224K(84992K)->1248K(84992K) Eden: 82944K(82944K)->0K(82944K) From: 1280K(2048K)->1248K(2048K)
[14589.850s][info][gc,heap        ] GC(32013) ParOldGen: 464773K(465408K)->464829K(465408K)
[14589.850s][info][gc,metaspace   ] GC(32013) Metaspace: 62348K(62592K)->62348K(62592K) NonClass: 53311K(53504K)->53311K(53504K) Class: 9037K(9088K)->9037K(9088K)
[14589.850s][info][gc             ] GC(32013) Pause Young (Allocation Failure) 536M->455M(537M) 3.393ms
[14589.850s][info][gc,cpu         ] GC(32013) User=0.01s Sys=0.00s Real=0.00s
[14590.357s][info][gc,start       ] GC(32014) Pause Young (Allocation Failure)
[14590.361s][info][gc,heap        ] GC(32014) PSYoungGen: 84192K(84992K)->1440K(84992K) Eden: 82944K(82944K)->0K(82944K) From: 1248K(2048K)->1440K(2048K)
[14590.361s][info][gc,heap        ] GC(32014) ParOldGen: 464829K(465408K)->464885K(465408K)
[14590.361s][info][gc,metaspace   ] GC(32014) Metaspace: 62352K(62592K)->62352K(62592K) NonClass: 53315K(53504K)->53315K(53504K) Class: 9037K(9088K)->9037K(9088K)
[14590.361s][info][gc             ] GC(32014) Pause Young (Allocation Failure) 536M->455M(537M) 3.697ms
[14590.361s][info][gc,cpu         ] GC(32014) User=0.01s Sys=0.00s Real=0.00s
[14590.825s][info][gc,start       ] GC(32015) Pause Young (Allocation Failure)
[14590.828s][info][gc,heap        ] GC(32015) PSYoungGen: 84384K(84992K)->1088K(84992K) Eden: 82944K(82944K)->0K(82944K) From: 1440K(2048K)->1088K(2048K)
[14590.828s][info][gc,heap        ] GC(32015) ParOldGen: 464885K(465408K)->464941K(465408K)
[14590.828s][info][gc,metaspace   ] GC(32015) Metaspace: 62352K(62592K)->62352K(62592K) NonClass: 53315K(53504K)->53315K(53504K) Class: 9037K(9088K)->9037K(9088K)
[14590.828s][info][gc             ] GC(32015) Pause Young (Allocation Failure) 536M->455M(537M) 3.236ms
[14590.828s][info][gc,cpu         ] GC(32015) User=0.01s Sys=0.00s Real=0.00s
[14591.353s][info][gc,start       ] GC(32016) Pause Young (Allocation Failure)
[14591.357s][info][gc,heap        ] GC(32016) PSYoungGen: 84032K(84992K)->1376K(84992K) Eden: 82944K(82944K)->0K(82944K) From: 1088K(2048K)->1376K(2048K)
[14591.357s][info][gc,heap        ] GC(32016) ParOldGen: 464941K(465408K)->464989K(465408K)
[14591.357s][info][gc,metaspace   ] GC(32016) Metaspace: 62352K(62592K)->62352K(62592K) NonClass: 53315K(53504K)->53315K(53504K) Class: 9037K(9088K)->9037K(9088K)
[14591.357s][info][gc             ] GC(32016) Pause Young (Allocation Failure) 536M->455M(537M) 3.639ms
[14591.357s][info][gc,cpu         ] GC(32016) User=0.01s Sys=0.00s Real=0.01s
[14591.824s][info][gc,start       ] GC(32017) Pause Young (Allocation Failure)
[14591.828s][info][gc,heap        ] GC(32017) PSYoungGen: 84320K(84992K)->2016K(84992K) Eden: 82944K(82944K)->0K(82944K) From: 1376K(2048K)->2016K(2048K)
[14591.828s][info][gc,heap        ] GC(32017) ParOldGen: 464989K(465408K)->465157K(465408K)
[14591.828s][info][gc,metaspace   ] GC(32017) Metaspace: 62352K(62592K)->62352K(62592K) NonClass: 53315K(53504K)->53315K(53504K) Class: 9037K(9088K)->9037K(9088K)
[14591.828s][info][gc             ] GC(32017) Pause Young (Allocation Failure) 536M->456M(537M) 3.457ms
[14591.828s][info][gc,cpu         ] GC(32017) User=0.01s Sys=0.00s Real=0.00s
[14592.253s][info][gc,start       ] GC(32018) Pause Young (Allocation Failure)
[14592.257s][info][gc,heap        ] GC(32018) PSYoungGen: 84960K(84992K)->1568K(83968K) Eden: 82944K(82944K)->0K(81920K) From: 2016K(2048K)->1568K(2048K)
[14592.257s][info][gc,heap        ] GC(32018) ParOldGen: 465157K(465408K)->466213K(466944K)
[14592.257s][info][gc,metaspace   ] GC(32018) Metaspace: 62352K(62592K)->62352K(62592K) NonClass: 53315K(53504K)->53315K(53504K) Class: 9037K(9088K)->9037K(9088K)
[14592.257s][info][gc             ] GC(32018) Pause Young (Allocation Failure) 537M->456M(538M) 4.346ms
[14592.257s][info][gc,cpu         ] GC(32018) User=0.01s Sys=0.00s Real=0.01s
[14592.698s][info][gc,start       ] GC(32019) Pause Young (Allocation Failure)
[14592.701s][info][gc,heap        ] GC(32019) PSYoungGen: 83488K(83968K)->736K(84480K) Eden: 81920K(81920K)->0K(81920K) From: 1568K(2048K)->736K(2560K)
[14592.701s][info][gc,heap        ] GC(32019) ParOldGen: 466213K(466944K)->466261K(466944K)
[14592.701s][info][gc,metaspace   ] GC(32019) Metaspace: 62352K(62592K)->62352K(62592K) NonClass: 53315K(53504K)->53315K(53504K) Class: 9037K(9088K)->9037K(9088K)
[14592.701s][info][gc             ] GC(32019) Pause Young (Allocation Failure) 536M->456M(538M) 2.899ms
[14592.701s][info][gc,cpu         ] GC(32019) User=0.00s Sys=0.00s Real=0.00s
[14593.145s][info][gc,start       ] GC(32020) Pause Young (Allocation Failure)
[14593.149s][info][gc,heap        ] GC(32020) PSYoungGen: 82656K(84480K)->1408K(84480K) Eden: 81920K(81920K)->0K(81920K) From: 736K(2560K)->1408K(2560K)
[14593.149s][info][gc,heap        ] GC(32020) ParOldGen: 466261K(466944K)->466317K(466944K)
[14593.149s][info][gc,metaspace   ] GC(32020) Metaspace: 62352K(62592K)->62352K(62592K) NonClass: 53315K(53504K)->53315K(53504K) Class: 9037K(9088K)->9037K(9088K)
[14593.149s][info][gc             ] GC(32020) Pause Young (Allocation Failure) 536M->456M(538M) 3.542ms
[14593.149s][info][gc,cpu         ] GC(32020) User=0.01s Sys=0.00s Real=0.00s
[14593.592s][info][gc,start       ] GC(32021) Pause Young (Allocation Failure)
[14593.595s][info][gc,heap        ] GC(32021) PSYoungGen: 83328K(84480K)->640K(84480K) Eden: 81920K(81920K)->0K(81920K) From: 1408K(2560K)->640K(2560K)
[14593.595s][info][gc,heap        ] GC(32021) ParOldGen: 466317K(466944K)->466365K(466944K)
[14593.595s][info][gc,metaspace   ] GC(32021) Metaspace: 62352K(62592K)->62352K(62592K) NonClass: 53315K(53504K)->53315K(53504K) Class: 9037K(9088K)->9037K(9088K)
[14593.595s][info][gc             ] GC(32021) Pause Young (Allocation Failure) 536M->456M(538M) 2.697ms
[14593.595s][info][gc,cpu         ] GC(32021) User=0.01s Sys=0.00s Real=0.01s
[14594.059s][info][gc,start       ] GC(32022) Pause Young (Allocation Failure)
[14594.063s][info][gc,heap        ] GC(32022) PSYoungGen: 82560K(84480K)->1408K(84480K) Eden: 81920K(81920K)->0K(81920K) From: 640K(2560K)->1408K(2560K)
[14594.063s][info][gc,heap        ] GC(32022) ParOldGen: 466365K(466944K)->466421K(466944K)
[14594.063s][info][gc,metaspace   ] GC(32022) Metaspace: 62352K(62592K)->62352K(62592K) NonClass: 53315K(53504K)->53315K(53504K) Class: 9037K(9088K)->9037K(9088K)
[14594.063s][info][gc             ] GC(32022) Pause Young (Allocation Failure) 536M->456M(538M) 3.581ms
[14594.063s][info][gc,cpu         ] GC(32022) User=0.01s Sys=0.00s Real=0.00s
[14594.549s][info][gc,start       ] GC(32023) Pause Young (Allocation Failure)
[14594.553s][info][gc,heap        ] GC(32023) PSYoungGen: 83328K(84480K)->1344K(84480K) Eden: 81920K(81920K)->0K(81920K) From: 1408K(2560K)->1344K(2560K)
[14594.553s][info][gc,heap        ] GC(32023) ParOldGen: 466421K(466944K)->466477K(466944K)
[14594.553s][info][gc,metaspace   ] GC(32023) Metaspace: 62352K(62592K)->62352K(62592K) NonClass: 53315K(53504K)->53315K(53504K) Class: 9037K(9088K)->9037K(9088K)
[14594.553s][info][gc             ] GC(32023) Pause Young (Allocation Failure) 536M->456M(538M) 3.578ms
[14594.553s][info][gc,cpu         ] GC(32023) User=0.00s Sys=0.00s Real=0.00s
[14595.050s][info][gc,start       ] GC(32024) Pause Young (Allocation Failure)
[14595.053s][info][gc,heap        ] GC(32024) PSYoungGen: 83264K(84480K)->1184K(84992K) Eden: 81920K(81920K)->0K(82432K) From: 1344K(2560K)->1184K(2560K)
[14595.053s][info][gc,heap        ] GC(32024) ParOldGen: 466477K(466944K)->466533K(466944K)
[14595.053s][info][gc,metaspace   ] GC(32024) Metaspace: 62352K(62592K)->62352K(62592K) NonClass: 53315K(53504K)->53315K(53504K) Class: 9037K(9088K)->9037K(9088K)
[14595.053s][info][gc             ] GC(32024) Pause Young (Allocation Failure) 536M->456M(539M) 3.488ms
[14595.053s][info][gc,cpu         ] GC(32024) User=0.01s Sys=0.00s Real=0.00s
[14595.516s][info][gc,start       ] GC(32025) Pause Young (Allocation Failure)
[14595.519s][info][gc,heap        ] GC(32025) PSYoungGen: 83616K(84992K)->960K(84480K) Eden: 82432K(82432K)->0K(82432K) From: 1184K(2560K)->960K(2048K)
[14595.519s][info][gc,heap        ] GC(32025) ParOldGen: 466533K(466944K)->466589K(466944K)
[14595.519s][info][gc,metaspace   ] GC(32025) Metaspace: 62352K(62592K)->62352K(62592K) NonClass: 53315K(53504K)->53315K(53504K) Class: 9037K(9088K)->9037K(9088K)
[14595.519s][info][gc             ] GC(32025) Pause Young (Allocation Failure) 537M->456M(538M) 3.101ms
[14595.519s][info][gc,cpu         ] GC(32025) User=0.01s Sys=0.00s Real=0.00s
[14595.970s][info][gc,start       ] GC(32026) Pause Young (Allocation Failure)
[14595.972s][info][gc,heap        ] GC(32026) PSYoungGen: 83392K(84480K)->288K(83968K) Eden: 82432K(82432K)->0K(81920K) From: 960K(2048K)->288K(2048K)
[14595.972s][info][gc,heap        ] GC(32026) ParOldGen: 466589K(466944K)->466645K(466944K)
[14595.972s][info][gc,metaspace   ] GC(32026) Metaspace: 62352K(62592K)->62352K(62592K) NonClass: 53315K(53504K)->53315K(53504K) Class: 9037K(9088K)->9037K(9088K)
[14595.972s][info][gc             ] GC(32026) Pause Young (Allocation Failure) 537M->455M(538M) 2.414ms
[14595.972s][info][gc,cpu         ] GC(32026) User=0.01s Sys=0.00s Real=0.00s
[14596.452s][info][gc,start       ] GC(32027) Pause Young (Allocation Failure)
[14596.457s][info][gc,heap        ] GC(32027) PSYoungGen: 82208K(83968K)->2400K(84480K) Eden: 81920K(81920K)->0K(81920K) From: 288K(2048K)->2400K(2560K)
[14596.457s][info][gc,heap        ] GC(32027) ParOldGen: 466645K(466944K)->467725K(468480K)
[14596.457s][info][gc,metaspace   ] GC(32027) Metaspace: 62352K(62592K)->62352K(62592K) NonClass: 53315K(53504K)->53315K(53504K) Class: 9037K(9088K)->9037K(9088K)
[14596.457s][info][gc             ] GC(32027) Pause Young (Allocation Failure) 535M->459M(540M) 4.883ms
[14596.457s][info][gc,cpu         ] GC(32027) User=0.01s Sys=0.00s Real=0.01s
[14596.953s][info][gc,start       ] GC(32028) Pause Young (Allocation Failure)
[14596.957s][info][gc,heap        ] GC(32028) PSYoungGen: 84320K(84480K)->1376K(84480K) Eden: 81920K(81920K)->0K(81920K) From: 2400K(2560K)->1376K(2560K)
[14596.957s][info][gc,heap        ] GC(32028) ParOldGen: 467725K(468480K)->468797K(470016K)
[14596.957s][info][gc,metaspace   ] GC(32028) Metaspace: 62352K(62592K)->62352K(62592K) NonClass: 53315K(53504K)->53315K(53504K) Class: 9037K(9088K)->9037K(9088K)
[14596.957s][info][gc             ] GC(32028) Pause Young (Allocation Failure) 539M->459M(541M) 4.170ms
[14596.957s][info][gc,cpu         ] GC(32028) User=0.00s Sys=0.01s Real=0.01s
[14597.421s][info][gc,start       ] GC(32029) Pause Young (Allocation Failure)
[14597.424s][info][gc,heap        ] GC(32029) PSYoungGen: 83296K(84480K)->1088K(84480K) Eden: 81920K(81920K)->0K(81920K) From: 1376K(2560K)->1088K(2560K)
[14597.424s][info][gc,heap        ] GC(32029) ParOldGen: 468797K(470016K)->468853K(470016K)
[14597.424s][info][gc,metaspace   ] GC(32029) Metaspace: 62352K(62592K)->62352K(62592K) NonClass: 53315K(53504K)->53315K(53504K) Class: 9037K(9088K)->9037K(9088K)
[14597.424s][info][gc             ] GC(32029) Pause Young (Allocation Failure) 539M->458M(541M) 3.320ms
[14597.424s][info][gc,cpu         ] GC(32029) User=0.00s Sys=0.00s Real=0.00s
[14597.866s][info][gc,start       ] GC(32030) Pause Young (Allocation Failure)
[14597.868s][info][gc,heap        ] GC(32030) PSYoungGen: 83008K(84480K)->256K(84480K) Eden: 81920K(81920K)->0K(81920K) From: 1088K(2560K)->256K(2560K)
[14597.868s][info][gc,heap        ] GC(32030) ParOldGen: 468853K(470016K)->468909K(470016K)
[14597.868s][info][gc,metaspace   ] GC(32030) Metaspace: 62352K(62592K)->62352K(62592K) NonClass: 53315K(53504K)->53315K(53504K) Class: 9037K(9088K)->9037K(9088K)
[14597.868s][info][gc             ] GC(32030) Pause Young (Allocation Failure) 538M->458M(541M) 2.468ms
[14597.868s][info][gc,cpu         ] GC(32030) User=0.01s Sys=0.00s Real=0.00s
[14598.356s][info][gc,start       ] GC(32031) Pause Young (Allocation Failure)
[14598.359s][info][gc,heap        ] GC(32031) PSYoungGen: 82176K(84480K)->1344K(84480K) Eden: 81920K(81920K)->0K(81920K) From: 256K(2560K)->1344K(2560K)
[14598.359s][info][gc,heap        ] GC(32031) ParOldGen: 468909K(470016K)->468965K(470016K)
[14598.359s][info][gc,metaspace   ] GC(32031) Metaspace: 62352K(62592K)->62352K(62592K) NonClass: 53315K(53504K)->53315K(53504K) Class: 9037K(9088K)->9037K(9088K)
[14598.359s][info][gc             ] GC(32031) Pause Young (Allocation Failure) 538M->459M(541M) 3.675ms
[14598.359s][info][gc,cpu         ] GC(32031) User=0.00s Sys=0.00s Real=0.00s
[14598.861s][info][gc,start       ] GC(32032) Pause Young (Allocation Failure)
[14598.865s][info][gc,heap        ] GC(32032) PSYoungGen: 83264K(84480K)->1440K(84480K) Eden: 81920K(81920K)->0K(81920K) From: 1344K(2560K)->1440K(2560K)
[14598.865s][info][gc,heap        ] GC(32032) ParOldGen: 468965K(470016K)->469021K(470016K)
[14598.865s][info][gc,metaspace   ] GC(32032) Metaspace: 62352K(62592K)->62352K(62592K) NonClass: 53315K(53504K)->53315K(53504K) Class: 9037K(9088K)->9037K(9088K)
[14598.865s][info][gc             ] GC(32032) Pause Young (Allocation Failure) 539M->459M(541M) 3.722ms
[14598.865s][info][gc,cpu         ] GC(32032) User=0.00s Sys=0.00s Real=0.01s
[14599.371s][info][gc,start       ] GC(32033) Pause Young (Allocation Failure)
[14599.373s][info][gc,heap        ] GC(32033) PSYoungGen: 83360K(84480K)->384K(84480K) Eden: 81920K(81920K)->0K(81920K) From: 1440K(2560K)->384K(2560K)
[14599.373s][info][gc,heap        ] GC(32033) ParOldGen: 469021K(470016K)->469077K(470016K)
[14599.373s][info][gc,metaspace   ] GC(32033) Metaspace: 62352K(62592K)->62352K(62592K) NonClass: 53315K(53504K)->53315K(53504K) Class: 9037K(9088K)->9037K(9088K)
[14599.373s][info][gc             ] GC(32033) Pause Young (Allocation Failure) 539M->458M(541M) 2.581ms
[14599.373s][info][gc,cpu         ] GC(32033) User=0.00s Sys=0.00s Real=0.00s
[14599.787s][info][gc,start       ] GC(32034) Pause Young (Allocation Failure)
[14599.789s][info][gc,heap        ] GC(32034) PSYoungGen: 82304K(84480K)->576K(84480K) Eden: 81920K(81920K)->0K(81920K) From: 384K(2560K)->576K(2560K)
[14599.790s][info][gc,heap        ] GC(32034) ParOldGen: 469077K(470016K)->469173K(470016K)
[14599.790s][info][gc,metaspace   ] GC(32034) Metaspace: 62352K(62592K)->62352K(62592K) NonClass: 53315K(53504K)->53315K(53504K) Class: 9037K(9088K)->9037K(9088K)
[14599.790s][info][gc             ] GC(32034) Pause Young (Allocation Failure) 538M->458M(541M) 2.715ms
[14599.790s][info][gc,cpu         ] GC(32034) User=0.00s Sys=0.00s Real=0.00s
[14600.219s][info][gc,start       ] GC(32035) Pause Young (Allocation Failure)
[14600.223s][info][gc,heap        ] GC(32035) PSYoungGen: 82496K(84480K)->1152K(84480K) Eden: 81920K(81920K)->0K(81920K) From: 576K(2560K)->1152K(2560K)
[14600.223s][info][gc,heap        ] GC(32035) ParOldGen: 469173K(470016K)->469229K(470016K)
[14600.223s][info][gc,metaspace   ] GC(32035) Metaspace: 62352K(62592K)->62352K(62592K) NonClass: 53315K(53504K)->53315K(53504K) Class: 9037K(9088K)->9037K(9088K)
[14600.223s][info][gc             ] GC(32035) Pause Young (Allocation Failure) 538M->459M(541M) 3.397ms
[14600.223s][info][gc,cpu         ] GC(32035) User=0.01s Sys=0.00s Real=0.00s
[14600.627s][info][gc,start       ] GC(32036) Pause Young (Allocation Failure)
[14600.630s][info][gc,heap        ] GC(32036) PSYoungGen: 83072K(84480K)->1088K(84480K) Eden: 81920K(81920K)->0K(81920K) From: 1152K(2560K)->1088K(2560K)
[14600.630s][info][gc,heap        ] GC(32036) ParOldGen: 469229K(470016K)->469285K(470016K)
[14600.631s][info][gc,metaspace   ] GC(32036) Metaspace: 62352K(62592K)->62352K(62592K) NonClass: 53315K(53504K)->53315K(53504K) Class: 9037K(9088K)->9037K(9088K)
[14600.631s][info][gc             ] GC(32036) Pause Young (Allocation Failure) 539M->459M(541M) 3.442ms
[14600.631s][info][gc,cpu         ] GC(32036) User=0.01s Sys=0.00s Real=0.00s
[14601.107s][info][gc,start       ] GC(32037) Pause Young (Allocation Failure)
[14601.110s][info][gc,heap        ] GC(32037) PSYoungGen: 83008K(84480K)->832K(84480K) Eden: 81920K(81920K)->0K(81920K) From: 1088K(2560K)->832K(2560K)
[14601.110s][info][gc,heap        ] GC(32037) ParOldGen: 469285K(470016K)->469341K(470016K)
[14601.110s][info][gc,metaspace   ] GC(32037) Metaspace: 62352K(62592K)->62352K(62592K) NonClass: 53315K(53504K)->53315K(53504K) Class: 9037K(9088K)->9037K(9088K)
[14601.110s][info][gc             ] GC(32037) Pause Young (Allocation Failure) 539M->459M(541M) 3.027ms
[14601.110s][info][gc,cpu         ] GC(32037) User=0.00s Sys=0.00s Real=0.00s
[14601.559s][info][gc,start       ] GC(32038) Pause Young (Allocation Failure)
[14601.562s][info][gc,heap        ] GC(32038) PSYoungGen: 82752K(84480K)->1472K(83968K) Eden: 81920K(81920K)->0K(81920K) From: 832K(2560K)->1472K(2048K)
[14601.562s][info][gc,heap        ] GC(32038) ParOldGen: 469341K(470016K)->469397K(470016K)
[14601.562s][info][gc,metaspace   ] GC(32038) Metaspace: 62352K(62592K)->62352K(62592K) NonClass: 53315K(53504K)->53315K(53504K) Class: 9037K(9088K)->9037K(9088K)
[14601.562s][info][gc             ] GC(32038) Pause Young (Allocation Failure) 539M->459M(541M) 3.737ms
[14601.562s][info][gc,cpu         ] GC(32038) User=0.01s Sys=0.00s Real=0.00s
[14602.035s][info][gc,start       ] GC(32039) Pause Young (Allocation Failure)
[14602.039s][info][gc,heap        ] GC(32039) PSYoungGen: 83392K(83968K)->1120K(84480K) Eden: 81920K(81920K)->0K(81920K) From: 1472K(2048K)->1120K(2560K)
[14602.039s][info][gc,heap        ] GC(32039) ParOldGen: 469397K(470016K)->469453K(470016K)
[14602.039s][info][gc,metaspace   ] GC(32039) Metaspace: 62352K(62592K)->62352K(62592K) NonClass: 53315K(53504K)->53315K(53504K) Class: 9037K(9088K)->9037K(9088K)
[14602.039s][info][gc             ] GC(32039) Pause Young (Allocation Failure) 539M->459M(541M) 3.327ms
[14602.039s][info][gc,cpu         ] GC(32039) User=0.01s Sys=0.00s Real=0.00s
[14602.526s][info][gc,start       ] GC(32040) Pause Young (Allocation Failure)
[14602.529s][info][gc,heap        ] GC(32040) PSYoungGen: 83040K(84480K)->1024K(84992K) Eden: 81920K(81920K)->0K(82944K) From: 1120K(2560K)->1024K(2048K)
[14602.529s][info][gc,heap        ] GC(32040) ParOldGen: 469453K(470016K)->469509K(470016K)
[14602.529s][info][gc,metaspace   ] GC(32040) Metaspace: 62352K(62592K)->62352K(62592K) NonClass: 53315K(53504K)->53315K(53504K) Class: 9037K(9088K)->9037K(9088K)
[14602.529s][info][gc             ] GC(32040) Pause Young (Allocation Failure) 539M->459M(542M) 3.313ms
[14602.529s][info][gc,cpu         ] GC(32040) User=0.01s Sys=0.00s Real=0.00s
[14603.026s][info][gc,start       ] GC(32041) Pause Young (Allocation Failure)
[14603.029s][info][gc,heap        ] GC(32041) PSYoungGen: 83968K(84992K)->1088K(84992K) Eden: 82944K(82944K)->0K(82944K) From: 1024K(2048K)->1088K(2048K)
[14603.029s][info][gc,heap        ] GC(32041) ParOldGen: 469509K(470016K)->469565K(470016K)
[14603.029s][info][gc,metaspace   ] GC(32041) Metaspace: 62352K(62592K)->62352K(62592K) NonClass: 53315K(53504K)->53315K(53504K) Class: 9037K(9088K)->9037K(9088K)
[14603.029s][info][gc             ] GC(32041) Pause Young (Allocation Failure) 540M->459M(542M) 3.323ms
[14603.029s][info][gc,cpu         ] GC(32041) User=0.00s Sys=0.00s Real=0.00s
[14603.486s][info][gc,start       ] GC(32042) Pause Young (Allocation Failure)
[14603.488s][info][gc,heap        ] GC(32042) PSYoungGen: 84032K(84992K)->512K(84992K) Eden: 82944K(82944K)->0K(82944K) From: 1088K(2048K)->512K(2048K)
[14603.488s][info][gc,heap        ] GC(32042) ParOldGen: 469565K(470016K)->469621K(470016K)
[14603.488s][info][gc,metaspace   ] GC(32042) Metaspace: 62352K(62592K)->62352K(62592K) NonClass: 53315K(53504K)->53315K(53504K) Class: 9037K(9088K)->9037K(9088K)
[14603.488s][info][gc             ] GC(32042) Pause Young (Allocation Failure) 540M->459M(542M) 2.678ms
[14603.488s][info][gc,cpu         ] GC(32042) User=0.01s Sys=0.00s Real=0.00s
[14603.945s][info][gc,start       ] GC(32043) Pause Young (Allocation Failure)
[14603.948s][info][gc,heap        ] GC(32043) PSYoungGen: 83456K(84992K)->1344K(84992K) Eden: 82944K(82944K)->0K(82944K) From: 512K(2048K)->1344K(2048K)
[14603.948s][info][gc,heap        ] GC(32043) ParOldGen: 469621K(470016K)->469677K(470016K)
[14603.948s][info][gc,metaspace   ] GC(32043) Metaspace: 62352K(62592K)->62352K(62592K) NonClass: 53315K(53504K)->53315K(53504K) Class: 9037K(9088K)->9037K(9088K)
[14603.948s][info][gc             ] GC(32043) Pause Young (Allocation Failure) 540M->459M(542M) 3.583ms
[14603.948s][info][gc,cpu         ] GC(32043) User=0.00s Sys=0.00s Real=0.00s
[14604.395s][info][gc,start       ] GC(32044) Pause Young (Allocation Failure)
[14604.397s][info][gc,heap        ] GC(32044) PSYoungGen: 84288K(84992K)->672K(84992K) Eden: 82944K(82944K)->0K(82944K) From: 1344K(2048K)->672K(2048K)
[14604.397s][info][gc,heap        ] GC(32044) ParOldGen: 469677K(470016K)->469725K(470016K)
[14604.397s][info][gc,metaspace   ] GC(32044) Metaspace: 62352K(62592K)->62352K(62592K) NonClass: 53315K(53504K)->53315K(53504K) Class: 9037K(9088K)->9037K(9088K)
[14604.397s][info][gc             ] GC(32044) Pause Young (Allocation Failure) 540M->459M(542M) 2.776ms
[14604.398s][info][gc,cpu         ] GC(32044) User=0.00s Sys=0.00s Real=0.00s
[14604.851s][info][gc,start       ] GC(32045) Pause Young (Allocation Failure)
[14604.855s][info][gc,heap        ] GC(32045) PSYoungGen: 83616K(84992K)->1408K(84992K) Eden: 82944K(82944K)->0K(82944K) From: 672K(2048K)->1408K(2048K)
[14604.855s][info][gc,heap        ] GC(32045) ParOldGen: 469725K(470016K)->469781K(470016K)
[14604.855s][info][gc,metaspace   ] GC(32045) Metaspace: 62352K(62592K)->62352K(62592K) NonClass: 53315K(53504K)->53315K(53504K) Class: 9037K(9088K)->9037K(9088K)
[14604.855s][info][gc             ] GC(32045) Pause Young (Allocation Failure) 540M->460M(542M) 3.661ms
[14604.855s][info][gc,cpu         ] GC(32045) User=0.00s Sys=0.00s Real=0.01s
[14605.302s][info][gc,start       ] GC(32046) Pause Young (Allocation Failure)
[14605.305s][info][gc,heap        ] GC(32046) PSYoungGen: 84352K(84992K)->800K(84992K) Eden: 82944K(82944K)->0K(82944K) From: 1408K(2048K)->800K(2048K)
[14605.305s][info][gc,heap        ] GC(32046) ParOldGen: 469781K(470016K)->469829K(470016K)
[14605.305s][info][gc,metaspace   ] GC(32046) Metaspace: 62352K(62592K)->62352K(62592K) NonClass: 53315K(53504K)->53315K(53504K) Class: 9037K(9088K)->9037K(9088K)
[14605.305s][info][gc             ] GC(32046) Pause Young (Allocation Failure) 541M->459M(542M) 2.954ms
[14605.305s][info][gc,cpu         ] GC(32046) User=0.00s Sys=0.00s Real=0.01s
[14605.761s][info][gc,start       ] GC(32047) Pause Young (Allocation Failure)
[14605.765s][info][gc,heap        ] GC(32047) PSYoungGen: 83744K(84992K)->1568K(84992K) Eden: 82944K(82944K)->0K(82944K) From: 800K(2048K)->1568K(2048K)
[14605.765s][info][gc,heap        ] GC(32047) ParOldGen: 469829K(470016K)->469885K(470016K)
[14605.765s][info][gc,metaspace   ] GC(32047) Metaspace: 62352K(62592K)->62352K(62592K) NonClass: 53315K(53504K)->53315K(53504K) Class: 9037K(9088K)->9037K(9088K)
[14605.765s][info][gc             ] GC(32047) Pause Young (Allocation Failure) 540M->460M(542M) 3.646ms
[14605.765s][info][gc,cpu         ] GC(32047) User=0.00s Sys=0.00s Real=0.01s
[14606.215s][info][gc,start       ] GC(32048) Pause Young (Allocation Failure)
[14606.218s][info][gc,heap        ] GC(32048) PSYoungGen: 84512K(84992K)->1920K(83968K) Eden: 82944K(82944K)->0K(81920K) From: 1568K(2048K)->1920K(2048K)
[14606.218s][info][gc,heap        ] GC(32048) ParOldGen: 469885K(470016K)->469941K(470016K)
[14606.218s][info][gc,metaspace   ] GC(32048) Metaspace: 62352K(62592K)->62352K(62592K) NonClass: 53315K(53504K)->53315K(53504K) Class: 9037K(9088K)->9037K(9088K)
[14606.218s][info][gc             ] GC(32048) Pause Young (Allocation Failure) 541M->460M(541M) 3.149ms
[14606.218s][info][gc,cpu         ] GC(32048) User=0.00s Sys=0.00s Real=0.00s
[14606.693s][info][gc,start       ] GC(32049) Pause Young (Allocation Failure)
[14606.697s][info][gc,heap        ] GC(32049) PSYoungGen: 83840K(83968K)->640K(84480K) Eden: 81920K(81920K)->0K(81920K) From: 1920K(2048K)->640K(2560K)
[14606.697s][info][gc,heap        ] GC(32049) ParOldGen: 469941K(470016K)->472045K(473088K)
[14606.697s][info][gc,metaspace   ] GC(32049) Metaspace: 62352K(62592K)->62352K(62592K) NonClass: 53315K(53504K)->53315K(53504K) Class: 9037K(9088K)->9037K(9088K)
[14606.697s][info][gc             ] GC(32049) Pause Young (Allocation Failure) 540M->461M(544M) 3.917ms
[14606.697s][info][gc,cpu         ] GC(32049) User=0.01s Sys=0.01s Real=0.01s
[14607.175s][info][gc,start       ] GC(32050) Pause Young (Allocation Failure)
[14607.177s][info][gc,heap        ] GC(32050) PSYoungGen: 82560K(84480K)->448K(84480K) Eden: 81920K(81920K)->0K(81920K) From: 640K(2560K)->448K(2560K)
[14607.177s][info][gc,heap        ] GC(32050) ParOldGen: 472045K(473088K)->472101K(473088K)
[14607.177s][info][gc,metaspace   ] GC(32050) Metaspace: 62352K(62592K)->62352K(62592K) NonClass: 53315K(53504K)->53315K(53504K) Class: 9037K(9088K)->9037K(9088K)
[14607.177s][info][gc             ] GC(32050) Pause Young (Allocation Failure) 541M->461M(544M) 2.565ms
[14607.177s][info][gc,cpu         ] GC(32050) User=0.01s Sys=0.00s Real=0.00s
[14607.616s][info][gc,start       ] GC(32051) Pause Young (Allocation Failure)
[14607.619s][info][gc,heap        ] GC(32051) PSYoungGen: 82368K(84480K)->992K(84480K) Eden: 81920K(81920K)->0K(81920K) From: 448K(2560K)->992K(2560K)
[14607.619s][info][gc,heap        ] GC(32051) ParOldGen: 472101K(473088K)->472205K(473088K)
[14607.619s][info][gc,metaspace   ] GC(32051) Metaspace: 62352K(62592K)->62352K(62592K) NonClass: 53315K(53504K)->53315K(53504K) Class: 9037K(9088K)->9037K(9088K)
[14607.619s][info][gc             ] GC(32051) Pause Young (Allocation Failure) 541M->462M(544M) 3.186ms
[14607.619s][info][gc,cpu         ] GC(32051) User=0.01s Sys=0.00s Real=0.00s
[14608.071s][info][gc,start       ] GC(32052) Pause Young (Allocation Failure)
[14608.074s][info][gc,heap        ] GC(32052) PSYoungGen: 82912K(84480K)->320K(84480K) Eden: 81920K(81920K)->0K(81920K) From: 992K(2560K)->320K(2560K)
[14608.074s][info][gc,heap        ] GC(32052) ParOldGen: 472205K(473088K)->472261K(473088K)
[14608.074s][info][gc,metaspace   ] GC(32052) Metaspace: 62352K(62592K)->62352K(62592K) NonClass: 53315K(53504K)->53315K(53504K) Class: 9037K(9088K)->9037K(9088K)
[14608.074s][info][gc             ] GC(32052) Pause Young (Allocation Failure) 542M->461M(544M) 2.469ms
[14608.074s][info][gc,cpu         ] GC(32052) User=0.01s Sys=0.00s Real=0.00s
[14608.501s][info][gc,start       ] GC(32053) Pause Young (Allocation Failure)
[14608.504s][info][gc,heap        ] GC(32053) PSYoungGen: 82240K(84480K)->800K(84480K) Eden: 81920K(81920K)->0K(81920K) From: 320K(2560K)->800K(2560K)
[14608.504s][info][gc,heap        ] GC(32053) ParOldGen: 472261K(473088K)->472309K(473088K)
[14608.504s][info][gc,metaspace   ] GC(32053) Metaspace: 62352K(62592K)->62352K(62592K) NonClass: 53315K(53504K)->53315K(53504K) Class: 9037K(9088K)->9037K(9088K)
[14608.504s][info][gc             ] GC(32053) Pause Young (Allocation Failure) 541M->462M(544M) 2.954ms
[14608.504s][info][gc,cpu         ] GC(32053) User=0.00s Sys=0.00s Real=0.00s
[14608.957s][info][gc,start       ] GC(32054) Pause Young (Allocation Failure)
[14608.961s][info][gc,heap        ] GC(32054) PSYoungGen: 82720K(84480K)->1568K(83968K) Eden: 81920K(81920K)->0K(81920K) From: 800K(2560K)->1568K(2048K)
[14608.961s][info][gc,heap        ] GC(32054) ParOldGen: 472309K(473088K)->472365K(473088K)
[14608.961s][info][gc,metaspace   ] GC(32054) Metaspace: 62352K(62592K)->62352K(62592K) NonClass: 53315K(53504K)->53315K(53504K) Class: 9037K(9088K)->9037K(9088K)
[14608.961s][info][gc             ] GC(32054) Pause Young (Allocation Failure) 542M->462M(544M) 3.893ms
[14608.961s][info][gc,cpu         ] GC(32054) User=0.01s Sys=0.00s Real=0.00s
[14609.400s][info][gc,start       ] GC(32055) Pause Young (Allocation Failure)
[14609.403s][info][gc,heap        ] GC(32055) PSYoungGen: 83488K(83968K)->768K(84480K) Eden: 81920K(81920K)->0K(81920K) From: 1568K(2048K)->768K(2560K)
[14609.403s][info][gc,heap        ] GC(32055) ParOldGen: 472365K(473088K)->472421K(473088K)
[14609.403s][info][gc,metaspace   ] GC(32055) Metaspace: 62352K(62592K)->62352K(62592K) NonClass: 53315K(53504K)->53315K(53504K) Class: 9037K(9088K)->9037K(9088K)
[14609.403s][info][gc             ] GC(32055) Pause Young (Allocation Failure) 542M->462M(544M) 3.049ms
[14609.403s][info][gc,cpu         ] GC(32055) User=0.01s Sys=0.00s Real=0.00s
[14609.838s][info][gc,start       ] GC(32056) Pause Young (Allocation Failure)
[14609.841s][info][gc,heap        ] GC(32056) PSYoungGen: 82688K(84480K)->1312K(84480K) Eden: 81920K(81920K)->0K(81920K) From: 768K(2560K)->1312K(2560K)
[14609.841s][info][gc,heap        ] GC(32056) ParOldGen: 472421K(473088K)->472477K(473088K)
[14609.841s][info][gc,metaspace   ] GC(32056) Metaspace: 62352K(62592K)->62352K(62592K) NonClass: 53315K(53504K)->53315K(53504K) Class: 9037K(9088K)->9037K(9088K)
[14609.842s][info][gc             ] GC(32056) Pause Young (Allocation Failure) 542M->462M(544M) 3.529ms
[14609.842s][info][gc,cpu         ] GC(32056) User=0.00s Sys=0.00s Real=0.00s
[14610.278s][info][gc,start       ] GC(32057) Pause Young (Allocation Failure)
[14610.281s][info][gc,heap        ] GC(32057) PSYoungGen: 83232K(84480K)->448K(84480K) Eden: 81920K(81920K)->0K(81920K) From: 1312K(2560K)->448K(2560K)
[14610.281s][info][gc,heap        ] GC(32057) ParOldGen: 472477K(473088K)->472525K(473088K)
[14610.281s][info][gc,metaspace   ] GC(32057) Metaspace: 62352K(62592K)->62352K(62592K) NonClass: 53315K(53504K)->53315K(53504K) Class: 9037K(9088K)->9037K(9088K)
[14610.281s][info][gc             ] GC(32057) Pause Young (Allocation Failure) 542M->461M(544M) 2.547ms
[14610.281s][info][gc,cpu         ] GC(32057) User=0.00s Sys=0.00s Real=0.00s
[14610.706s][info][gc,start       ] GC(32058) Pause Young (Allocation Failure)
[14610.709s][info][gc,heap        ] GC(32058) PSYoungGen: 82368K(84480K)->928K(84992K) Eden: 81920K(81920K)->0K(82432K) From: 448K(2560K)->928K(2560K)
[14610.709s][info][gc,heap        ] GC(32058) ParOldGen: 472525K(473088K)->472581K(473088K)
[14610.709s][info][gc,metaspace   ] GC(32058) Metaspace: 62352K(62592K)->62352K(62592K) NonClass: 53315K(53504K)->53315K(53504K) Class: 9037K(9088K)->9037K(9088K)
[14610.710s][info][gc             ] GC(32058) Pause Young (Allocation Failure) 541M->462M(545M) 3.151ms
[14610.710s][info][gc,cpu         ] GC(32058) User=0.01s Sys=0.00s Real=0.00s
[14611.114s][info][gc,start       ] GC(32059) Pause Young (Allocation Failure)
[14611.117s][info][gc,heap        ] GC(32059) PSYoungGen: 83360K(84992K)->1984K(84480K) Eden: 82432K(82432K)->0K(82432K) From: 928K(2560K)->1984K(2048K)
[14611.117s][info][gc,heap        ] GC(32059) ParOldGen: 472581K(473088K)->472637K(473088K)
[14611.117s][info][gc,metaspace   ] GC(32059) Metaspace: 62352K(62592K)->62352K(62592K) NonClass: 53315K(53504K)->53315K(53504K) Class: 9037K(9088K)->9037K(9088K)
[14611.117s][info][gc             ] GC(32059) Pause Young (Allocation Failure) 542M->463M(544M) 3.252ms
[14611.117s][info][gc,cpu         ] GC(32059) User=0.01s Sys=0.00s Real=0.01s
[14611.564s][info][gc,start       ] GC(32060) Pause Young (Allocation Failure)
[14611.567s][info][gc,heap        ] GC(32060) PSYoungGen: 84416K(84480K)->192K(84480K) Eden: 82432K(82432K)->0K(81920K) From: 1984K(2048K)->192K(2560K)
[14611.567s][info][gc,heap        ] GC(32060) ParOldGen: 472637K(473088K)->474733K(476160K)
[14611.567s][info][gc,metaspace   ] GC(32060) Metaspace: 62352K(62592K)->62352K(62592K) NonClass: 53315K(53504K)->53315K(53504K) Class: 9037K(9088K)->9037K(9088K)
[14611.567s][info][gc             ] GC(32060) Pause Young (Allocation Failure) 543M->463M(547M) 3.587ms
[14611.567s][info][gc,cpu         ] GC(32060) User=0.00s Sys=0.00s Real=0.01s
[14612.060s][info][gc,start       ] GC(32061) Pause Young (Allocation Failure)
[14612.064s][info][gc,heap        ] GC(32061) PSYoungGen: 82112K(84480K)->1440K(84480K) Eden: 81920K(81920K)->0K(81920K) From: 192K(2560K)->1440K(2560K)
[14612.064s][info][gc,heap        ] GC(32061) ParOldGen: 474733K(476160K)->474789K(476160K)
[14612.064s][info][gc,metaspace   ] GC(32061) Metaspace: 62352K(62592K)->62352K(62592K) NonClass: 53315K(53504K)->53315K(53504K) Class: 9037K(9088K)->9037K(9088K)
[14612.064s][info][gc             ] GC(32061) Pause Young (Allocation Failure) 543M->465M(547M) 3.633ms
[14612.064s][info][gc,cpu         ] GC(32061) User=0.01s Sys=0.00s Real=0.00s
[14612.559s][info][gc,start       ] GC(32062) Pause Young (Allocation Failure)
[14612.563s][info][gc,heap        ] GC(32062) PSYoungGen: 83360K(84480K)->1472K(84480K) Eden: 81920K(81920K)->0K(81920K) From: 1440K(2560K)->1472K(2560K)
[14612.563s][info][gc,heap        ] GC(32062) ParOldGen: 474789K(476160K)->474845K(476160K)
[14612.563s][info][gc,metaspace   ] GC(32062) Metaspace: 62352K(62592K)->62352K(62592K) NonClass: 53315K(53504K)->53315K(53504K) Class: 9037K(9088K)->9037K(9088K)
[14612.563s][info][gc             ] GC(32062) Pause Young (Allocation Failure) 545M->465M(547M) 3.710ms
[14612.563s][info][gc,cpu         ] GC(32062) User=0.00s Sys=0.00s Real=0.00s
[14613.057s][info][gc,start       ] GC(32063) Pause Young (Allocation Failure)
[14613.061s][info][gc,heap        ] GC(32063) PSYoungGen: 83392K(84480K)->1408K(84480K) Eden: 81920K(81920K)->0K(81920K) From: 1472K(2560K)->1408K(2560K)
[14613.061s][info][gc,heap        ] GC(32063) ParOldGen: 474845K(476160K)->474901K(476160K)
[14613.061s][info][gc,metaspace   ] GC(32063) Metaspace: 62352K(62592K)->62352K(62592K) NonClass: 53315K(53504K)->53315K(53504K) Class: 9037K(9088K)->9037K(9088K)
[14613.061s][info][gc             ] GC(32063) Pause Young (Allocation Failure) 545M->465M(547M) 3.653ms
[14613.061s][info][gc,cpu         ] GC(32063) User=0.01s Sys=0.00s Real=0.00s
[14613.579s][info][gc,start       ] GC(32064) Pause Young (Allocation Failure)
[14613.582s][info][gc,heap        ] GC(32064) PSYoungGen: 83328K(84480K)->416K(84480K) Eden: 81920K(81920K)->0K(81920K) From: 1408K(2560K)->416K(2560K)
[14613.582s][info][gc,heap        ] GC(32064) ParOldGen: 474901K(476160K)->474957K(476160K)
[14613.582s][info][gc,metaspace   ] GC(32064) Metaspace: 62352K(62592K)->62352K(62592K) NonClass: 53315K(53504K)->53315K(53504K) Class: 9037K(9088K)->9037K(9088K)
[14613.582s][info][gc             ] GC(32064) Pause Young (Allocation Failure) 545M->464M(547M) 2.528ms
[14613.582s][info][gc,cpu         ] GC(32064) User=0.01s Sys=0.00s Real=0.00s
[14614.084s][info][gc,start       ] GC(32065) Pause Young (Allocation Failure)
[14614.087s][info][gc,heap        ] GC(32065) PSYoungGen: 82336K(84480K)->480K(84480K) Eden: 81920K(81920K)->0K(81920K) From: 416K(2560K)->480K(2560K)
[14614.087s][info][gc,heap        ] GC(32065) ParOldGen: 474957K(476160K)->475005K(476160K)
[14614.087s][info][gc,metaspace   ] GC(32065) Metaspace: 62352K(62592K)->62352K(62592K) NonClass: 53315K(53504K)->53315K(53504K) Class: 9037K(9088K)->9037K(9088K)
[14614.087s][info][gc             ] GC(32065) Pause Young (Allocation Failure) 544M->464M(547M) 2.565ms
[14614.087s][info][gc,cpu         ] GC(32065) User=0.00s Sys=0.00s Real=0.01s
[14614.628s][info][gc,start       ] GC(32066) Pause Young (Allocation Failure)
[14614.631s][info][gc,heap        ] GC(32066) PSYoungGen: 82400K(84480K)->560K(84480K) Eden: 81920K(81920K)->0K(81920K) From: 480K(2560K)->560K(2560K)
[14614.631s][info][gc,heap        ] GC(32066) ParOldGen: 475005K(476160K)->475061K(476160K)
[14614.631s][info][gc,metaspace   ] GC(32066) Metaspace: 62352K(62592K)->62352K(62592K) NonClass: 53315K(53504K)->53315K(53504K) Class: 9037K(9088K)->9037K(9088K)
[14614.631s][info][gc             ] GC(32066) Pause Young (Allocation Failure) 544M->464M(547M) 2.871ms
[14614.631s][info][gc,cpu         ] GC(32066) User=0.01s Sys=0.01s Real=0.00s
[14615.145s][info][gc,start       ] GC(32067) Pause Young (Allocation Failure)
[14615.148s][info][gc,heap        ] GC(32067) PSYoungGen: 82480K(84480K)->1280K(84480K) Eden: 81920K(81920K)->0K(81920K) From: 560K(2560K)->1280K(2560K)
[14615.148s][info][gc,heap        ] GC(32067) ParOldGen: 475061K(476160K)->475157K(476160K)
[14615.148s][info][gc,metaspace   ] GC(32067) Metaspace: 62352K(62592K)->62352K(62592K) NonClass: 53315K(53504K)->53315K(53504K) Class: 9037K(9088K)->9037K(9088K)
[14615.148s][info][gc             ] GC(32067) Pause Young (Allocation Failure) 544M->465M(547M) 3.558ms
[14615.148s][info][gc,cpu         ] GC(32067) User=0.01s Sys=0.00s Real=0.00s
[14615.647s][info][gc,start       ] GC(32068) Pause Young (Allocation Failure)
[14615.651s][info][gc,heap        ] GC(32068) PSYoungGen: 83200K(84480K)->1248K(84480K) Eden: 81920K(81920K)->0K(81920K) From: 1280K(2560K)->1248K(2560K)
[14615.651s][info][gc,heap        ] GC(32068) ParOldGen: 475157K(476160K)->475213K(476160K)
[14615.651s][info][gc,metaspace   ] GC(32068) Metaspace: 62352K(62592K)->62352K(62592K) NonClass: 53315K(53504K)->53315K(53504K) Class: 9037K(9088K)->9037K(9088K)
[14615.651s][info][gc             ] GC(32068) Pause Young (Allocation Failure) 545M->465M(547M) 3.574ms
[14615.651s][info][gc,cpu         ] GC(32068) User=0.01s Sys=0.00s Real=0.00s
[14616.147s][info][gc,start       ] GC(32069) Pause Young (Allocation Failure)
[14616.151s][info][gc,heap        ] GC(32069) PSYoungGen: 83168K(84480K)->2272K(84480K) Eden: 81920K(81920K)->0K(81920K) From: 1248K(2560K)->2272K(2560K)
[14616.151s][info][gc,heap        ] GC(32069) ParOldGen: 475213K(476160K)->476293K(477696K)
[14616.151s][info][gc,metaspace   ] GC(32069) Metaspace: 62352K(62592K)->62352K(62592K) NonClass: 53315K(53504K)->53315K(53504K) Class: 9037K(9088K)->9037K(9088K)
[14616.151s][info][gc             ] GC(32069) Pause Young (Allocation Failure) 545M->467M(549M) 4.128ms
[14616.151s][info][gc,cpu         ] GC(32069) User=0.00s Sys=0.00s Real=0.00s
[14616.640s][info][gc,start       ] GC(32070) Pause Young (Allocation Failure)
[14616.644s][info][gc,heap        ] GC(32070) PSYoungGen: 84192K(84480K)->1312K(84480K) Eden: 81920K(81920K)->0K(81920K) From: 2272K(2560K)->1312K(2560K)
[14616.644s][info][gc,heap        ] GC(32070) ParOldGen: 476293K(477696K)->477373K(477696K)
[14616.644s][info][gc,metaspace   ] GC(32070) Metaspace: 62352K(62592K)->62352K(62592K) NonClass: 53315K(53504K)->53315K(53504K) Class: 9037K(9088K)->9037K(9088K)
[14616.645s][info][gc             ] GC(32070) Pause Young (Allocation Failure) 547M->467M(549M) 4.024ms
[14616.645s][info][gc,cpu         ] GC(32070) User=0.01s Sys=0.00s Real=0.01s
[14617.111s][info][gc,start       ] GC(32071) Pause Young (Allocation Failure)
[14617.114s][info][gc,heap        ] GC(32071) PSYoungGen: 83232K(84480K)->896K(84480K) Eden: 81920K(81920K)->0K(81920K) From: 1312K(2560K)->896K(2560K)
[14617.114s][info][gc,heap        ] GC(32071) ParOldGen: 477373K(477696K)->477421K(477696K)
[14617.114s][info][gc,metaspace   ] GC(32071) Metaspace: 62352K(62592K)->62352K(62592K) NonClass: 53315K(53504K)->53315K(53504K) Class: 9037K(9088K)->9037K(9088K)
[14617.115s][info][gc             ] GC(32071) Pause Young (Allocation Failure) 547M->467M(549M) 3.201ms
[14617.115s][info][gc,cpu         ] GC(32071) User=0.01s Sys=0.00s Real=0.01s
[14617.616s][info][gc,start       ] GC(32072) Pause Young (Allocation Failure)
[14617.619s][info][gc,heap        ] GC(32072) PSYoungGen: 82816K(84480K)->864K(84480K) Eden: 81920K(81920K)->0K(81920K) From: 896K(2560K)->864K(2560K)
[14617.619s][info][gc,heap        ] GC(32072) ParOldGen: 477421K(477696K)->477477K(477696K)
[14617.619s][info][gc,metaspace   ] GC(32072) Metaspace: 62352K(62592K)->62352K(62592K) NonClass: 53315K(53504K)->53315K(53504K) Class: 9037K(9088K)->9037K(9088K)
[14617.619s][info][gc             ] GC(32072) Pause Young (Allocation Failure) 547M->467M(549M) 3.117ms
[14617.619s][info][gc,cpu         ] GC(32072) User=0.00s Sys=0.00s Real=0.00s
[14618.115s][info][gc,start       ] GC(32073) Pause Young (Allocation Failure)
[14618.118s][info][gc,heap        ] GC(32073) PSYoungGen: 82784K(84480K)->864K(84480K) Eden: 81920K(81920K)->0K(81920K) From: 864K(2560K)->864K(2560K)
[14618.118s][info][gc,heap        ] GC(32073) ParOldGen: 477477K(477696K)->477533K(477696K)
[14618.118s][info][gc,metaspace   ] GC(32073) Metaspace: 62352K(62592K)->62352K(62592K) NonClass: 53315K(53504K)->53315K(53504K) Class: 9037K(9088K)->9037K(9088K)
[14618.118s][info][gc             ] GC(32073) Pause Young (Allocation Failure) 547M->467M(549M) 3.125ms
[14618.118s][info][gc,cpu         ] GC(32073) User=0.01s Sys=0.00s Real=0.00s
[14618.615s][info][gc,start       ] GC(32074) Pause Young (Allocation Failure)
[14618.618s][info][gc,heap        ] GC(32074) PSYoungGen: 82784K(84480K)->896K(84480K) Eden: 81920K(81920K)->0K(81920K) From: 864K(2560K)->896K(2560K)
[14618.618s][info][gc,heap        ] GC(32074) ParOldGen: 477533K(477696K)->477589K(477696K)
[14618.618s][info][gc,metaspace   ] GC(32074) Metaspace: 62352K(62592K)->62352K(62592K) NonClass: 53315K(53504K)->53315K(53504K) Class: 9037K(9088K)->9037K(9088K)
[14618.618s][info][gc             ] GC(32074) Pause Young (Allocation Failure) 547M->467M(549M) 3.082ms
[14618.618s][info][gc,cpu         ] GC(32074) User=0.01s Sys=0.00s Real=0.00s
[14619.108s][info][gc,start       ] GC(32075) Pause Young (Allocation Failure)
[14619.111s][info][gc,heap        ] GC(32075) PSYoungGen: 82816K(84480K)->800K(84480K) Eden: 81920K(81920K)->0K(81920K) From: 896K(2560K)->800K(2560K)
[14619.111s][info][gc,heap        ] GC(32075) ParOldGen: 477589K(477696K)->477645K(477696K)
[14619.111s][info][gc,metaspace   ] GC(32075) Metaspace: 62352K(62592K)->62352K(62592K) NonClass: 53315K(53504K)->53315K(53504K) Class: 9037K(9088K)->9037K(9088K)
[14619.111s][info][gc             ] GC(32075) Pause Young (Allocation Failure) 547M->467M(549M) 3.009ms
[14619.111s][info][gc,cpu         ] GC(32075) User=0.01s Sys=0.00s Real=0.00s
[14619.609s][info][gc,start       ] GC(32076) Pause Young (Allocation Failure)
[14619.612s][info][gc,heap        ] GC(32076) PSYoungGen: 82720K(84480K)->768K(84992K) Eden: 81920K(81920K)->0K(82432K) From: 800K(2560K)->768K(2560K)
[14619.612s][info][gc,heap        ] GC(32076) ParOldGen: 477645K(477696K)->477701K(478208K)
[14619.612s][info][gc,metaspace   ] GC(32076) Metaspace: 62352K(62592K)->62352K(62592K) NonClass: 53315K(53504K)->53315K(53504K) Class: 9037K(9088K)->9037K(9088K)
[14619.612s][info][gc             ] GC(32076) Pause Young (Allocation Failure) 547M->467M(550M) 3.033ms
[14619.613s][info][gc,cpu         ] GC(32076) User=0.01s Sys=0.00s Real=0.00s
[14620.119s][info][gc,start       ] GC(32077) Pause Young (Allocation Failure)
[14620.122s][info][gc,heap        ] GC(32077) PSYoungGen: 83200K(84992K)->960K(84480K) Eden: 82432K(82432K)->0K(82432K) From: 768K(2560K)->960K(2048K)
[14620.122s][info][gc,heap        ] GC(32077) ParOldGen: 477701K(478208K)->477757K(478208K)
[14620.122s][info][gc,metaspace   ] GC(32077) Metaspace: 62352K(62592K)->62352K(62592K) NonClass: 53315K(53504K)->53315K(53504K) Class: 9037K(9088K)->9037K(9088K)
[14620.122s][info][gc             ] GC(32077) Pause Young (Allocation Failure) 547M->467M(549M) 3.249ms
[14620.122s][info][gc,cpu         ] GC(32077) User=0.01s Sys=0.00s Real=0.00s
[14620.560s][info][gc,start       ] GC(32078) Pause Young (Allocation Failure)
[14620.564s][info][gc,heap        ] GC(32078) PSYoungGen: 83392K(84480K)->1600K(83968K) Eden: 82432K(82432K)->0K(81920K) From: 960K(2048K)->1600K(2048K)
[14620.564s][info][gc,heap        ] GC(32078) ParOldGen: 477757K(478208K)->477813K(478208K)
[14620.564s][info][gc,metaspace   ] GC(32078) Metaspace: 62352K(62592K)->62352K(62592K) NonClass: 53315K(53504K)->53315K(53504K) Class: 9037K(9088K)->9037K(9088K)
[14620.564s][info][gc             ] GC(32078) Pause Young (Allocation Failure) 547M->468M(549M) 4.024ms
[14620.564s][info][gc,cpu         ] GC(32078) User=0.01s Sys=0.00s Real=0.00s
[14621.001s][info][gc,start       ] GC(32079) Pause Young (Allocation Failure)
[14621.004s][info][gc,heap        ] GC(32079) PSYoungGen: 83520K(83968K)->800K(84480K) Eden: 81920K(81920K)->0K(81920K) From: 1600K(2048K)->800K(2560K)
[14621.004s][info][gc,heap        ] GC(32079) ParOldGen: 477813K(478208K)->477869K(478208K)
[14621.004s][info][gc,metaspace   ] GC(32079) Metaspace: 62352K(62592K)->62352K(62592K) NonClass: 53315K(53504K)->53315K(53504K) Class: 9037K(9088K)->9037K(9088K)
[14621.004s][info][gc             ] GC(32079) Pause Young (Allocation Failure) 548M->467M(549M) 3.032ms
[14621.004s][info][gc,cpu         ] GC(32079) User=0.00s Sys=0.01s Real=0.00s
[14621.414s][info][gc,start       ] GC(32080) Pause Young (Allocation Failure)
[14621.418s][info][gc,heap        ] GC(32080) PSYoungGen: 82720K(84480K)->1056K(84992K) Eden: 81920K(81920K)->0K(82944K) From: 800K(2560K)->1056K(2048K)
[14621.418s][info][gc,heap        ] GC(32080) ParOldGen: 477869K(478208K)->477925K(478208K)
[14621.418s][info][gc,metaspace   ] GC(32080) Metaspace: 62352K(62592K)->62352K(62592K) NonClass: 53315K(53504K)->53315K(53504K) Class: 9037K(9088K)->9037K(9088K)
[14621.418s][info][gc             ] GC(32080) Pause Young (Allocation Failure) 547M->467M(550M) 3.459ms
[14621.418s][info][gc,cpu         ] GC(32080) User=0.00s Sys=0.00s Real=0.00s
[14621.870s][info][gc,start       ] GC(32081) Pause Young (Allocation Failure)
[14621.872s][info][gc,heap        ] GC(32081) PSYoungGen: 84000K(84992K)->320K(84992K) Eden: 82944K(82944K)->0K(82944K) From: 1056K(2048K)->320K(2048K)
[14621.872s][info][gc,heap        ] GC(32081) ParOldGen: 477925K(478208K)->477973K(478208K)
[14621.872s][info][gc,metaspace   ] GC(32081) Metaspace: 62352K(62592K)->62352K(62592K) NonClass: 53315K(53504K)->53315K(53504K) Class: 9037K(9088K)->9037K(9088K)
[14621.872s][info][gc             ] GC(32081) Pause Young (Allocation Failure) 548M->467M(550M) 2.496ms
[14621.872s][info][gc,cpu         ] GC(32081) User=0.00s Sys=0.00s Real=0.00s
[14622.315s][info][gc,start       ] GC(32082) Pause Young (Allocation Failure)
[14622.318s][info][gc,heap        ] GC(32082) PSYoungGen: 83264K(84992K)->960K(84992K) Eden: 82944K(82944K)->0K(82944K) From: 320K(2048K)->960K(2048K)
[14622.318s][info][gc,heap        ] GC(32082) ParOldGen: 477973K(478208K)->478029K(478208K)
[14622.318s][info][gc,metaspace   ] GC(32082) Metaspace: 62352K(62592K)->62352K(62592K) NonClass: 53315K(53504K)->53315K(53504K) Class: 9037K(9088K)->9037K(9088K)
[14622.318s][info][gc             ] GC(32082) Pause Young (Allocation Failure) 548M->467M(550M) 3.235ms
[14622.318s][info][gc,cpu         ] GC(32082) User=0.00s Sys=0.00s Real=0.00s
[14622.852s][info][gc,start       ] GC(32083) Pause Young (Allocation Failure)
[14622.855s][info][gc,heap        ] GC(32083) PSYoungGen: 83904K(84992K)->1008K(84992K) Eden: 82944K(82944K)->0K(82944K) From: 960K(2048K)->1008K(2048K)
[14622.855s][info][gc,heap        ] GC(32083) ParOldGen: 478029K(478208K)->478085K(478208K)
[14622.855s][info][gc,metaspace   ] GC(32083) Metaspace: 62352K(62592K)->62352K(62592K) NonClass: 53315K(53504K)->53315K(53504K) Class: 9037K(9088K)->9037K(9088K)
[14622.855s][info][gc             ] GC(32083) Pause Young (Allocation Failure) 548M->467M(550M) 3.327ms
[14622.855s][info][gc,cpu         ] GC(32083) User=0.00s Sys=0.00s Real=0.01s
[14623.364s][info][gc,start       ] GC(32084) Pause Young (Allocation Failure)
[14623.366s][info][gc,heap        ] GC(32084) PSYoungGen: 83952K(84992K)->224K(84992K) Eden: 82944K(82944K)->0K(82944K) From: 1008K(2048K)->224K(2048K)
[14623.367s][info][gc,heap        ] GC(32084) ParOldGen: 478085K(478208K)->478189K(478208K)
[14623.367s][info][gc,metaspace   ] GC(32084) Metaspace: 62352K(62592K)->62352K(62592K) NonClass: 53315K(53504K)->53315K(53504K) Class: 9037K(9088K)->9037K(9088K)
[14623.367s][info][gc             ] GC(32084) Pause Young (Allocation Failure) 548M->467M(550M) 2.511ms
[14623.367s][info][gc,cpu         ] GC(32084) User=0.01s Sys=0.00s Real=0.01s
[14623.892s][info][gc,start       ] GC(32085) Pause Young (Allocation Failure)
[14623.895s][info][gc,heap        ] GC(32085) PSYoungGen: 83168K(84992K)->512K(84992K) Eden: 82944K(82944K)->0K(82944K) From: 224K(2048K)->512K(2048K)
[14623.895s][info][gc,heap        ] GC(32085) ParOldGen: 478189K(478208K)->478237K(478720K)
[14623.895s][info][gc,metaspace   ] GC(32085) Metaspace: 62352K(62592K)->62352K(62592K) NonClass: 53315K(53504K)->53315K(53504K) Class: 9037K(9088K)->9037K(9088K)
[14623.895s][info][gc             ] GC(32085) Pause Young (Allocation Failure) 548M->467M(550M) 2.778ms
[14623.895s][info][gc,cpu         ] GC(32085) User=0.00s Sys=0.00s Real=0.01s
[14624.404s][info][gc,start       ] GC(32086) Pause Young (Allocation Failure)
[14624.407s][info][gc,heap        ] GC(32086) PSYoungGen: 83456K(84992K)->736K(84992K) Eden: 82944K(82944K)->0K(82944K) From: 512K(2048K)->736K(2048K)
[14624.407s][info][gc,heap        ] GC(32086) ParOldGen: 478237K(478720K)->478285K(478720K)
[14624.407s][info][gc,metaspace   ] GC(32086) Metaspace: 62352K(62592K)->62352K(62592K) NonClass: 53315K(53504K)->53315K(53504K) Class: 9037K(9088K)->9037K(9088K)
[14624.407s][info][gc             ] GC(32086) Pause Young (Allocation Failure) 548M->467M(550M) 2.933ms
[14624.407s][info][gc,cpu         ] GC(32086) User=0.00s Sys=0.00s Real=0.00s
[14624.904s][info][gc,start       ] GC(32087) Pause Young (Allocation Failure)
[14624.907s][info][gc,heap        ] GC(32087) PSYoungGen: 83680K(84992K)->704K(84992K) Eden: 82944K(82944K)->0K(82944K) From: 736K(2048K)->704K(2048K)
[14624.907s][info][gc,heap        ] GC(32087) ParOldGen: 478285K(478720K)->478341K(478720K)
[14624.907s][info][gc,metaspace   ] GC(32087) Metaspace: 62352K(62592K)->62352K(62592K) NonClass: 53315K(53504K)->53315K(53504K) Class: 9037K(9088K)->9037K(9088K)
[14624.907s][info][gc             ] GC(32087) Pause Young (Allocation Failure) 548M->467M(550M) 2.920ms
[14624.907s][info][gc,cpu         ] GC(32087) User=0.01s Sys=0.00s Real=0.01s
[14625.408s][info][gc,start       ] GC(32088) Pause Young (Allocation Failure)
[14625.411s][info][gc,heap        ] GC(32088) PSYoungGen: 83648K(84992K)->800K(84992K) Eden: 82944K(82944K)->0K(82944K) From: 704K(2048K)->800K(2048K)
[14625.411s][info][gc,heap        ] GC(32088) ParOldGen: 478341K(478720K)->478389K(478720K)
[14625.411s][info][gc,metaspace   ] GC(32088) Metaspace: 62352K(62592K)->62352K(62592K) NonClass: 53315K(53504K)->53315K(53504K) Class: 9037K(9088K)->9037K(9088K)
[14625.411s][info][gc             ] GC(32088) Pause Young (Allocation Failure) 548M->467M(550M) 3.003ms
[14625.411s][info][gc,cpu         ] GC(32088) User=0.00s Sys=0.00s Real=0.00s
[14625.906s][info][gc,start       ] GC(32089) Pause Young (Allocation Failure)
[14625.909s][info][gc,heap        ] GC(32089) PSYoungGen: 83744K(84992K)->800K(84992K) Eden: 82944K(82944K)->0K(82944K) From: 800K(2048K)->800K(2048K)
[14625.909s][info][gc,heap        ] GC(32089) ParOldGen: 478389K(478720K)->478445K(478720K)
[14625.909s][info][gc,metaspace   ] GC(32089) Metaspace: 62352K(62592K)->62352K(62592K) NonClass: 53315K(53504K)->53315K(53504K) Class: 9037K(9088K)->9037K(9088K)
[14625.909s][info][gc             ] GC(32089) Pause Young (Allocation Failure) 548M->468M(550M) 2.950ms
[14625.909s][info][gc,cpu         ] GC(32089) User=0.01s Sys=0.00s Real=0.00s
[14626.394s][info][gc,start       ] GC(32090) Pause Young (Allocation Failure)
[14626.397s][info][gc,heap        ] GC(32090) PSYoungGen: 83744K(84992K)->1504K(84480K) Eden: 82944K(82944K)->0K(82944K) From: 800K(2048K)->1504K(1536K)
[14626.397s][info][gc,heap        ] GC(32090) ParOldGen: 478445K(478720K)->478589K(478720K)
[14626.397s][info][gc,metaspace   ] GC(32090) Metaspace: 62352K(62592K)->62352K(62592K) NonClass: 53315K(53504K)->53315K(53504K) Class: 9037K(9088K)->9037K(9088K)
[14626.397s][info][gc             ] GC(32090) Pause Young (Allocation Failure) 549M->468M(550M) 2.940ms
[14626.397s][info][gc,cpu         ] GC(32090) User=0.00s Sys=0.00s Real=0.01s
[14626.862s][info][gc,start       ] GC(32091) Pause Young (Allocation Failure)
[14626.866s][info][gc,heap        ] GC(32091) PSYoungGen: 84448K(84480K)->192K(84992K) Eden: 82944K(82944K)->0K(82944K) From: 1504K(1536K)->192K(2048K)
[14626.866s][info][gc,heap        ] GC(32091) ParOldGen: 478589K(478720K)->480677K(481792K)
[14626.866s][info][gc,metaspace   ] GC(32091) Metaspace: 62352K(62592K)->62352K(62592K) NonClass: 53315K(53504K)->53315K(53504K) Class: 9037K(9088K)->9037K(9088K)
[14626.866s][info][gc             ] GC(32091) Pause Young (Allocation Failure) 549M->469M(553M) 3.725ms
[14626.866s][info][gc,cpu         ] GC(32091) User=0.01s Sys=0.00s Real=0.01s
[14627.301s][info][gc,start       ] GC(32092) Pause Young (Allocation Failure)
[14627.303s][info][gc,heap        ] GC(32092) PSYoungGen: 83136K(84992K)->800K(84992K) Eden: 82944K(82944K)->0K(82944K) From: 192K(2048K)->800K(2048K)
[14627.304s][info][gc,heap        ] GC(32092) ParOldGen: 480677K(481792K)->480733K(481792K)
[14627.304s][info][gc,metaspace   ] GC(32092) Metaspace: 62352K(62592K)->62352K(62592K) NonClass: 53315K(53504K)->53315K(53504K) Class: 9037K(9088K)->9037K(9088K)
[14627.304s][info][gc             ] GC(32092) Pause Young (Allocation Failure) 550M->470M(553M) 2.996ms
[14627.304s][info][gc,cpu         ] GC(32092) User=0.00s Sys=0.00s Real=0.00s
[14627.755s][info][gc,start       ] GC(32093) Pause Young (Allocation Failure)
[14627.759s][info][gc,heap        ] GC(32093) PSYoungGen: 83744K(84992K)->1568K(84992K) Eden: 82944K(82944K)->0K(82944K) From: 800K(2048K)->1568K(2048K)
[14627.759s][info][gc,heap        ] GC(32093) ParOldGen: 480733K(481792K)->480789K(481792K)
[14627.759s][info][gc,metaspace   ] GC(32093) Metaspace: 62352K(62592K)->62352K(62592K) NonClass: 53315K(53504K)->53315K(53504K) Class: 9037K(9088K)->9037K(9088K)
[14627.759s][info][gc             ] GC(32093) Pause Young (Allocation Failure) 551M->471M(553M) 3.828ms
[14627.759s][info][gc,cpu         ] GC(32093) User=0.01s Sys=0.00s Real=0.00s
[14628.219s][info][gc,start       ] GC(32094) Pause Young (Allocation Failure)
[14628.222s][info][gc,heap        ] GC(32094) PSYoungGen: 84512K(84992K)->960K(84992K) Eden: 82944K(82944K)->0K(82944K) From: 1568K(2048K)->960K(2048K)
[14628.222s][info][gc,heap        ] GC(32094) ParOldGen: 480789K(481792K)->480845K(481792K)
[14628.222s][info][gc,metaspace   ] GC(32094) Metaspace: 62352K(62592K)->62352K(62592K) NonClass: 53315K(53504K)->53315K(53504K) Class: 9037K(9088K)->9037K(9088K)
[14628.222s][info][gc             ] GC(32094) Pause Young (Allocation Failure) 552M->470M(553M) 3.220ms
[14628.222s][info][gc,cpu         ] GC(32094) User=0.00s Sys=0.00s Real=0.00s
[14628.656s][info][gc,start       ] GC(32095) Pause Young (Allocation Failure)
[14628.660s][info][gc,heap        ] GC(32095) PSYoungGen: 83904K(84992K)->1568K(84992K) Eden: 82944K(82944K)->0K(82944K) From: 960K(2048K)->1568K(2048K)
[14628.660s][info][gc,heap        ] GC(32095) ParOldGen: 480845K(481792K)->480901K(481792K)
[14628.660s][info][gc,metaspace   ] GC(32095) Metaspace: 62352K(62592K)->62352K(62592K) NonClass: 53315K(53504K)->53315K(53504K) Class: 9037K(9088K)->9037K(9088K)
[14628.660s][info][gc             ] GC(32095) Pause Young (Allocation Failure) 551M->471M(553M) 3.907ms
[14628.660s][info][gc,cpu         ] GC(32095) User=0.01s Sys=0.00s Real=0.00s
[14629.100s][info][gc,start       ] GC(32096) Pause Young (Allocation Failure)
[14629.103s][info][gc,heap        ] GC(32096) PSYoungGen: 84512K(84992K)->704K(84992K) Eden: 82944K(82944K)->0K(82944K) From: 1568K(2048K)->704K(2048K)
[14629.103s][info][gc,heap        ] GC(32096) ParOldGen: 480901K(481792K)->480957K(481792K)
[14629.103s][info][gc,metaspace   ] GC(32096) Metaspace: 62352K(62592K)->62352K(62592K) NonClass: 53315K(53504K)->53315K(53504K) Class: 9037K(9088K)->9037K(9088K)
[14629.103s][info][gc             ] GC(32096) Pause Young (Allocation Failure) 552M->470M(553M) 2.997ms
[14629.103s][info][gc,cpu         ] GC(32096) User=0.01s Sys=0.00s Real=0.00s
[14629.542s][info][gc,start       ] GC(32097) Pause Young (Allocation Failure)
[14629.546s][info][gc,heap        ] GC(32097) PSYoungGen: 83648K(84992K)->1312K(84992K) Eden: 82944K(82944K)->0K(82944K) From: 704K(2048K)->1312K(2048K)
[14629.546s][info][gc,heap        ] GC(32097) ParOldGen: 480957K(481792K)->481013K(481792K)
[14629.546s][info][gc,metaspace   ] GC(32097) Metaspace: 62352K(62592K)->62352K(62592K) NonClass: 53315K(53504K)->53315K(53504K) Class: 9037K(9088K)->9037K(9088K)
[14629.546s][info][gc             ] GC(32097) Pause Young (Allocation Failure) 551M->471M(553M) 3.608ms
[14629.546s][info][gc,cpu         ] GC(32097) User=0.01s Sys=0.00s Real=0.01s
[14629.985s][info][gc,start       ] GC(32098) Pause Young (Allocation Failure)
[14629.988s][info][gc,heap        ] GC(32098) PSYoungGen: 84256K(84992K)->512K(84992K) Eden: 82944K(82944K)->0K(82944K) From: 1312K(2048K)->512K(2048K)
[14629.988s][info][gc,heap        ] GC(32098) ParOldGen: 481013K(481792K)->481069K(481792K)
[14629.988s][info][gc,metaspace   ] GC(32098) Metaspace: 62352K(62592K)->62352K(62592K) NonClass: 53315K(53504K)->53315K(53504K) Class: 9037K(9088K)->9037K(9088K)
[14629.988s][info][gc             ] GC(32098) Pause Young (Allocation Failure) 552M->470M(553M) 2.748ms
[14629.988s][info][gc,cpu         ] GC(32098) User=0.01s Sys=0.00s Real=0.00s
[14630.436s][info][gc,start       ] GC(32099) Pause Young (Allocation Failure)
[14630.439s][info][gc,heap        ] GC(32099) PSYoungGen: 83456K(84992K)->1248K(84992K) Eden: 82944K(82944K)->0K(82944K) From: 512K(2048K)->1248K(2048K)
[14630.439s][info][gc,heap        ] GC(32099) ParOldGen: 481069K(481792K)->481125K(481792K)
[14630.439s][info][gc,metaspace   ] GC(32099) Metaspace: 62352K(62592K)->62352K(62592K) NonClass: 53315K(53504K)->53315K(53504K) Class: 9037K(9088K)->9037K(9088K)
[14630.439s][info][gc             ] GC(32099) Pause Young (Allocation Failure) 551M->471M(553M) 3.543ms
[14630.439s][info][gc,cpu         ] GC(32099) User=0.01s Sys=0.01s Real=0.00s
[14630.945s][info][gc,start       ] GC(32100) Pause Young (Allocation Failure)
[14630.948s][info][gc,heap        ] GC(32100) PSYoungGen: 84192K(84992K)->1328K(84992K) Eden: 82944K(82944K)->0K(82944K) From: 1248K(2048K)->1328K(2048K)
[14630.948s][info][gc,heap        ] GC(32100) ParOldGen: 481125K(481792K)->481181K(481792K)
[14630.948s][info][gc,metaspace   ] GC(32100) Metaspace: 62352K(62592K)->62352K(62592K) NonClass: 53315K(53504K)->53315K(53504K) Class: 9037K(9088K)->9037K(9088K)
[14630.948s][info][gc             ] GC(32100) Pause Young (Allocation Failure) 552M->471M(553M) 3.546ms
[14630.948s][info][gc,cpu         ] GC(32100) User=0.01s Sys=0.00s Real=0.00s
[14631.440s][info][gc,start       ] GC(32101) Pause Young (Allocation Failure)
[14631.444s][info][gc,heap        ] GC(32101) PSYoungGen: 84272K(84992K)->2016K(84992K) Eden: 82944K(82944K)->0K(82944K) From: 1328K(2048K)->2016K(2048K)
[14631.444s][info][gc,heap        ] GC(32101) ParOldGen: 481181K(481792K)->481453K(481792K)
[14631.444s][info][gc,metaspace   ] GC(32101) Metaspace: 62352K(62592K)->62352K(62592K) NonClass: 53315K(53504K)->53315K(53504K) Class: 9037K(9088K)->9037K(9088K)
[14631.444s][info][gc             ] GC(32101) Pause Young (Allocation Failure) 552M->472M(553M) 3.729ms
[14631.444s][info][gc,cpu         ] GC(32101) User=0.00s Sys=0.00s Real=0.00s
[14631.951s][info][gc,start       ] GC(32102) Pause Young (Allocation Failure)
[14631.955s][info][gc,heap        ] GC(32102) PSYoungGen: 84960K(84992K)->1344K(83968K) Eden: 82944K(82944K)->0K(81920K) From: 2016K(2048K)->1344K(2048K)
[14631.955s][info][gc,heap        ] GC(32102) ParOldGen: 481453K(481792K)->482509K(483328K)
[14631.955s][info][gc,metaspace   ] GC(32102) Metaspace: 62352K(62592K)->62352K(62592K) NonClass: 53315K(53504K)->53315K(53504K) Class: 9037K(9088K)->9037K(9088K)
[14631.955s][info][gc             ] GC(32102) Pause Young (Allocation Failure) 553M->472M(554M) 4.123ms
[14631.955s][info][gc,cpu         ] GC(32102) User=0.01s Sys=0.00s Real=0.01s
[14632.454s][info][gc,start       ] GC(32103) Pause Young (Allocation Failure)
[14632.458s][info][gc,heap        ] GC(32103) PSYoungGen: 83264K(83968K)->1376K(84480K) Eden: 81920K(81920K)->0K(81920K) From: 1344K(2048K)->1376K(2560K)
[14632.458s][info][gc,heap        ] GC(32103) ParOldGen: 482509K(483328K)->482573K(483328K)
[14632.458s][info][gc,metaspace   ] GC(32103) Metaspace: 62352K(62592K)->62352K(62592K) NonClass: 53315K(53504K)->53315K(53504K) Class: 9037K(9088K)->9037K(9088K)
[14632.458s][info][gc             ] GC(32103) Pause Young (Allocation Failure) 552M->472M(554M) 3.777ms
[14632.458s][info][gc,cpu         ] GC(32103) User=0.00s Sys=0.00s Real=0.01s
[14632.958s][info][gc,start       ] GC(32104) Pause Young (Allocation Failure)
[14632.961s][info][gc,heap        ] GC(32104) PSYoungGen: 83296K(84480K)->1408K(84480K) Eden: 81920K(81920K)->0K(81920K) From: 1376K(2560K)->1408K(2560K)
[14632.961s][info][gc,heap        ] GC(32104) ParOldGen: 482573K(483328K)->482629K(483328K)
[14632.961s][info][gc,metaspace   ] GC(32104) Metaspace: 62352K(62592K)->62352K(62592K) NonClass: 53315K(53504K)->53315K(53504K) Class: 9037K(9088K)->9037K(9088K)
[14632.961s][info][gc             ] GC(32104) Pause Young (Allocation Failure) 552M->472M(554M) 3.573ms
[14632.961s][info][gc,cpu         ] GC(32104) User=0.01s Sys=0.00s Real=0.00s
[14633.452s][info][gc,start       ] GC(32105) Pause Young (Allocation Failure)
[14633.455s][info][gc,heap        ] GC(32105) PSYoungGen: 83328K(84480K)->1376K(84480K) Eden: 81920K(81920K)->0K(81920K) From: 1408K(2560K)->1376K(2560K)
[14633.455s][info][gc,heap        ] GC(32105) ParOldGen: 482629K(483328K)->482685K(483328K)
[14633.455s][info][gc,metaspace   ] GC(32105) Metaspace: 62352K(62592K)->62352K(62592K) NonClass: 53315K(53504K)->53315K(53504K) Class: 9037K(9088K)->9037K(9088K)
[14633.456s][info][gc             ] GC(32105) Pause Young (Allocation Failure) 552M->472M(554M) 3.575ms
[14633.456s][info][gc,cpu         ] GC(32105) User=0.01s Sys=0.00s Real=0.01s
[14633.945s][info][gc,start       ] GC(32106) Pause Young (Allocation Failure)
[14633.949s][info][gc,heap        ] GC(32106) PSYoungGen: 83296K(84480K)->1248K(84480K) Eden: 81920K(81920K)->0K(81920K) From: 1376K(2560K)->1248K(2560K)
[14633.949s][info][gc,heap        ] GC(32106) ParOldGen: 482685K(483328K)->482741K(483328K)
[14633.949s][info][gc,metaspace   ] GC(32106) Metaspace: 62352K(62592K)->62352K(62592K) NonClass: 53315K(53504K)->53315K(53504K) Class: 9037K(9088K)->9037K(9088K)
[14633.949s][info][gc             ] GC(32106) Pause Young (Allocation Failure) 552M->472M(554M) 3.489ms
[14633.949s][info][gc,cpu         ] GC(32106) User=0.01s Sys=0.00s Real=0.00s
[14634.425s][info][gc,start       ] GC(32107) Pause Young (Allocation Failure)
[14634.428s][info][gc,heap        ] GC(32107) PSYoungGen: 83168K(84480K)->1024K(84480K) Eden: 81920K(81920K)->0K(81920K) From: 1248K(2560K)->1024K(2560K)
[14634.428s][info][gc,heap        ] GC(32107) ParOldGen: 482741K(483328K)->482797K(483328K)
[14634.428s][info][gc,metaspace   ] GC(32107) Metaspace: 62352K(62592K)->62352K(62592K) NonClass: 53315K(53504K)->53315K(53504K) Class: 9037K(9088K)->9037K(9088K)
[14634.428s][info][gc             ] GC(32107) Pause Young (Allocation Failure) 552M->472M(554M) 3.328ms
[14634.428s][info][gc,cpu         ] GC(32107) User=0.00s Sys=0.00s Real=0.00s
[14634.915s][info][gc,start       ] GC(32108) Pause Young (Allocation Failure)
[14634.918s][info][gc,heap        ] GC(32108) PSYoungGen: 82944K(84480K)->928K(84992K) Eden: 81920K(81920K)->0K(82432K) From: 1024K(2560K)->928K(2560K)
[14634.918s][info][gc,heap        ] GC(32108) ParOldGen: 482797K(483328K)->482853K(483328K)
[14634.918s][info][gc,metaspace   ] GC(32108) Metaspace: 62352K(62592K)->62352K(62592K) NonClass: 53315K(53504K)->53315K(53504K) Class: 9037K(9088K)->9037K(9088K)
[14634.918s][info][gc             ] GC(32108) Pause Young (Allocation Failure) 552M->472M(555M) 3.132ms
[14634.918s][info][gc,cpu         ] GC(32108) User=0.01s Sys=0.00s Real=0.00s
[14635.414s][info][gc,start       ] GC(32109) Pause Young (Allocation Failure)
[14635.417s][info][gc,heap        ] GC(32109) PSYoungGen: 83360K(84992K)->864K(84480K) Eden: 82432K(82432K)->0K(82432K) From: 928K(2560K)->864K(2048K)
[14635.417s][info][gc,heap        ] GC(32109) ParOldGen: 482853K(483328K)->482901K(483328K)
[14635.417s][info][gc,metaspace   ] GC(32109) Metaspace: 62352K(62592K)->62352K(62592K) NonClass: 53315K(53504K)->53315K(53504K) Class: 9037K(9088K)->9037K(9088K)
[14635.417s][info][gc             ] GC(32109) Pause Young (Allocation Failure) 552M->472M(554M) 3.043ms
[14635.417s][info][gc,cpu         ] GC(32109) User=0.01s Sys=0.00s Real=0.01s
[14635.908s][info][gc,start       ] GC(32110) Pause Young (Allocation Failure)
[14635.911s][info][gc,heap        ] GC(32110) PSYoungGen: 83296K(84480K)->768K(84992K) Eden: 82432K(82432K)->0K(82944K) From: 864K(2048K)->768K(2048K)
[14635.911s][info][gc,heap        ] GC(32110) ParOldGen: 482901K(483328K)->482957K(483328K)
[14635.911s][info][gc,metaspace   ] GC(32110) Metaspace: 62352K(62592K)->62352K(62592K) NonClass: 53315K(53504K)->53315K(53504K) Class: 9037K(9088K)->9037K(9088K)
[14635.911s][info][gc             ] GC(32110) Pause Young (Allocation Failure) 552M->472M(555M) 2.907ms
[14635.911s][info][gc,cpu         ] GC(32110) User=0.01s Sys=0.00s Real=0.00s
[14636.391s][info][gc,start       ] GC(32111) Pause Young (Allocation Failure)
[14636.394s][info][gc,heap        ] GC(32111) PSYoungGen: 83712K(84992K)->1632K(84992K) Eden: 82944K(82944K)->0K(82944K) From: 768K(2048K)->1632K(2048K)
[14636.394s][info][gc,heap        ] GC(32111) ParOldGen: 482957K(483328K)->483013K(483328K)
[14636.394s][info][gc,metaspace   ] GC(32111) Metaspace: 62352K(62592K)->62352K(62592K) NonClass: 53315K(53504K)->53315K(53504K) Class: 9037K(9088K)->9037K(9088K)
[14636.394s][info][gc             ] GC(32111) Pause Young (Allocation Failure) 553M->473M(555M) 2.832ms
[14636.394s][info][gc,cpu         ] GC(32111) User=0.01s Sys=0.00s Real=0.00s
[14636.880s][info][gc,start       ] GC(32112) Pause Young (Allocation Failure)
[14636.883s][info][gc,heap        ] GC(32112) PSYoungGen: 84576K(84992K)->448K(83968K) Eden: 82944K(82944K)->0K(81920K) From: 1632K(2048K)->448K(2048K)
[14636.883s][info][gc,heap        ] GC(32112) ParOldGen: 483013K(483328K)->485109K(486400K)
[14636.883s][info][gc,metaspace   ] GC(32112) Metaspace: 62352K(62592K)->62352K(62592K) NonClass: 53315K(53504K)->53315K(53504K) Class: 9037K(9088K)->9037K(9088K)
[14636.883s][info][gc             ] GC(32112) Pause Young (Allocation Failure) 554M->474M(557M) 3.712ms
[14636.883s][info][gc,cpu         ] GC(32112) User=0.01s Sys=0.00s Real=0.00s
[14637.359s][info][gc,start       ] GC(32113) Pause Young (Allocation Failure)
[14637.363s][info][gc,heap        ] GC(32113) PSYoungGen: 82368K(83968K)->1472K(84480K) Eden: 81920K(81920K)->0K(81920K) From: 448K(2048K)->1472K(2560K)
[14637.363s][info][gc,heap        ] GC(32113) ParOldGen: 485109K(486400K)->485165K(486400K)
[14637.363s][info][gc,metaspace   ] GC(32113) Metaspace: 62352K(62592K)->62352K(62592K) NonClass: 53315K(53504K)->53315K(53504K) Class: 9037K(9088K)->9037K(9088K)
[14637.363s][info][gc             ] GC(32113) Pause Young (Allocation Failure) 554M->475M(557M) 3.733ms
[14637.363s][info][gc,cpu         ] GC(32113) User=0.01s Sys=0.00s Real=0.00s
[14637.817s][info][gc,start       ] GC(32114) Pause Young (Allocation Failure)
[14637.820s][info][gc,heap        ] GC(32114) PSYoungGen: 83392K(84480K)->992K(84480K) Eden: 81920K(81920K)->0K(81920K) From: 1472K(2560K)->992K(2560K)
[14637.820s][info][gc,heap        ] GC(32114) ParOldGen: 485165K(486400K)->485221K(486400K)
[14637.820s][info][gc,metaspace   ] GC(32114) Metaspace: 62352K(62592K)->62352K(62592K) NonClass: 53315K(53504K)->53315K(53504K) Class: 9037K(9088K)->9037K(9088K)
[14637.820s][info][gc             ] GC(32114) Pause Young (Allocation Failure) 555M->474M(557M) 3.201ms
[14637.820s][info][gc,cpu         ] GC(32114) User=0.00s Sys=0.00s Real=0.00s
[14638.267s][info][gc,start       ] GC(32115) Pause Young (Allocation Failure)
[14638.269s][info][gc,heap        ] GC(32115) PSYoungGen: 82912K(84480K)->288K(84480K) Eden: 81920K(81920K)->0K(81920K) From: 992K(2560K)->288K(2560K)
[14638.269s][info][gc,heap        ] GC(32115) ParOldGen: 485221K(486400K)->485269K(486400K)
[14638.269s][info][gc,metaspace   ] GC(32115) Metaspace: 62352K(62592K)->62352K(62592K) NonClass: 53315K(53504K)->53315K(53504K) Class: 9037K(9088K)->9037K(9088K)
[14638.269s][info][gc             ] GC(32115) Pause Young (Allocation Failure) 554M->474M(557M) 2.463ms
[14638.269s][info][gc,cpu         ] GC(32115) User=0.00s Sys=0.00s Real=0.00s
[14638.720s][info][gc,start       ] GC(32116) Pause Young (Allocation Failure)
[14638.723s][info][gc,heap        ] GC(32116) PSYoungGen: 82208K(84480K)->992K(84992K) Eden: 81920K(81920K)->0K(82432K) From: 288K(2560K)->992K(2560K)
[14638.723s][info][gc,heap        ] GC(32116) ParOldGen: 485269K(486400K)->485325K(486400K)
[14638.723s][info][gc,metaspace   ] GC(32116) Metaspace: 62352K(62592K)->62352K(62592K) NonClass: 53315K(53504K)->53315K(53504K) Class: 9037K(9088K)->9037K(9088K)
[14638.723s][info][gc             ] GC(32116) Pause Young (Allocation Failure) 554M->474M(558M) 3.238ms
[14638.723s][info][gc,cpu         ] GC(32116) User=0.00s Sys=0.00s Real=0.00s
[14639.214s][info][gc,start       ] GC(32117) Pause Young (Allocation Failure)
[14639.218s][info][gc,heap        ] GC(32117) PSYoungGen: 83424K(84992K)->992K(84480K) Eden: 82432K(82432K)->0K(82432K) From: 992K(2560K)->992K(2048K)
[14639.218s][info][gc,heap        ] GC(32117) ParOldGen: 485325K(486400K)->485381K(486400K)
[14639.218s][info][gc,metaspace   ] GC(32117) Metaspace: 62352K(62592K)->62352K(62592K) NonClass: 53315K(53504K)->53315K(53504K) Class: 9037K(9088K)->9037K(9088K)
[14639.218s][info][gc             ] GC(32117) Pause Young (Allocation Failure) 555M->474M(557M) 3.257ms
[14639.218s][info][gc,cpu         ] GC(32117) User=0.01s Sys=0.00s Real=0.00s
[14639.662s][info][gc,start       ] GC(32118) Pause Young (Allocation Failure)
[14639.665s][info][gc,heap        ] GC(32118) PSYoungGen: 83424K(84480K)->192K(84992K) Eden: 82432K(82432K)->0K(82944K) From: 992K(2048K)->192K(2048K)
[14639.665s][info][gc,heap        ] GC(32118) ParOldGen: 485381K(486400K)->485485K(486400K)
[14639.665s][info][gc,metaspace   ] GC(32118) Metaspace: 62352K(62592K)->62352K(62592K) NonClass: 53315K(53504K)->53315K(53504K) Class: 9037K(9088K)->9037K(9088K)
[14639.665s][info][gc             ] GC(32118) Pause Young (Allocation Failure) 555M->474M(558M) 2.492ms
[14639.665s][info][gc,cpu         ] GC(32118) User=0.00s Sys=0.01s Real=0.01s
[14640.169s][info][gc,start       ] GC(32119) Pause Young (Allocation Failure)
[14640.171s][info][gc,heap        ] GC(32119) PSYoungGen: 83136K(84992K)->288K(84992K) Eden: 82944K(82944K)->0K(82944K) From: 192K(2048K)->288K(2048K)
[14640.171s][info][gc,heap        ] GC(32119) ParOldGen: 485485K(486400K)->485533K(486400K)
[14640.171s][info][gc,metaspace   ] GC(32119) Metaspace: 62352K(62592K)->62352K(62592K) NonClass: 53315K(53504K)->53315K(53504K) Class: 9037K(9088K)->9037K(9088K)
[14640.171s][info][gc             ] GC(32119) Pause Young (Allocation Failure) 555M->474M(558M) 2.434ms
[14640.171s][info][gc,cpu         ] GC(32119) User=0.01s Sys=0.00s Real=0.00s
[14640.664s][info][gc,start       ] GC(32120) Pause Young (Allocation Failure)
[14640.666s][info][gc,heap        ] GC(32120) PSYoungGen: 83232K(84992K)->224K(84992K) Eden: 82944K(82944K)->0K(82944K) From: 288K(2048K)->224K(2048K)
[14640.666s][info][gc,heap        ] GC(32120) ParOldGen: 485533K(486400K)->485589K(486400K)
[14640.666s][info][gc,metaspace   ] GC(32120) Metaspace: 62352K(62592K)->62352K(62592K) NonClass: 53315K(53504K)->53315K(53504K) Class: 9037K(9088K)->9037K(9088K)
[14640.666s][info][gc             ] GC(32120) Pause Young (Allocation Failure) 555M->474M(558M) 2.427ms
[14640.666s][info][gc,cpu         ] GC(32120) User=0.00s Sys=0.00s Real=0.01s
[14641.151s][info][gc,start       ] GC(32121) Pause Young (Allocation Failure)
[14641.154s][info][gc,heap        ] GC(32121) PSYoungGen: 83168K(84992K)->1504K(84480K) Eden: 82944K(82944K)->0K(82944K) From: 224K(2048K)->1504K(1536K)
[14641.154s][info][gc,heap        ] GC(32121) ParOldGen: 485589K(486400K)->485645K(486400K)
[14641.155s][info][gc,metaspace   ] GC(32121) Metaspace: 62352K(62592K)->62352K(62592K) NonClass: 53315K(53504K)->53315K(53504K) Class: 9037K(9088K)->9037K(9088K)
[14641.155s][info][gc             ] GC(32121) Pause Young (Allocation Failure) 555M->475M(557M) 3.622ms
[14641.155s][info][gc,cpu         ] GC(32121) User=0.00s Sys=0.00s Real=0.01s
[14641.610s][info][gc,start       ] GC(32122) Pause Young (Allocation Failure)
[14641.614s][info][gc,heap        ] GC(32122) PSYoungGen: 84448K(84480K)->1920K(84480K) Eden: 82944K(82944K)->0K(81920K) From: 1504K(1536K)->1920K(2560K)
[14641.614s][info][gc,heap        ] GC(32122) ParOldGen: 485645K(486400K)->485693K(486400K)
[14641.614s][info][gc,metaspace   ] GC(32122) Metaspace: 62352K(62592K)->62352K(62592K) NonClass: 53315K(53504K)->53315K(53504K) Class: 9037K(9088K)->9037K(9088K)
[14641.614s][info][gc             ] GC(32122) Pause Young (Allocation Failure) 556M->476M(557M) 3.219ms
[14641.614s][info][gc,cpu         ] GC(32122) User=0.01s Sys=0.00s Real=0.00s
[14642.055s][info][gc,start       ] GC(32123) Pause Young (Allocation Failure)
[14642.059s][info][gc,heap        ] GC(32123) PSYoungGen: 83840K(84480K)->1504K(84480K) Eden: 81920K(81920K)->0K(81920K) From: 1920K(2560K)->1504K(2560K)
[14642.059s][info][gc,heap        ] GC(32123) ParOldGen: 485693K(486400K)->486774K(487936K)
[14642.059s][info][gc,metaspace   ] GC(32123) Metaspace: 62352K(62592K)->62352K(62592K) NonClass: 53315K(53504K)->53315K(53504K) Class: 9037K(9088K)->9037K(9088K)
[14642.059s][info][gc             ] GC(32123) Pause Young (Allocation Failure) 556M->476M(559M) 4.399ms
[14642.059s][info][gc,cpu         ] GC(32123) User=0.01s Sys=0.01s Real=0.00s
[14642.500s][info][gc,start       ] GC(32124) Pause Young (Allocation Failure)
[14642.503s][info][gc,heap        ] GC(32124) PSYoungGen: 83424K(84480K)->768K(84480K) Eden: 81920K(81920K)->0K(81920K) From: 1504K(2560K)->768K(2560K)
[14642.503s][info][gc,heap        ] GC(32124) ParOldGen: 486774K(487936K)->486822K(487936K)
[14642.503s][info][gc,metaspace   ] GC(32124) Metaspace: 62352K(62592K)->62352K(62592K) NonClass: 53315K(53504K)->53315K(53504K) Class: 9037K(9088K)->9037K(9088K)
[14642.503s][info][gc             ] GC(32124) Pause Young (Allocation Failure) 556M->476M(559M) 2.893ms
[14642.503s][info][gc,cpu         ] GC(32124) User=0.01s Sys=0.00s Real=0.00s
[14642.938s][info][gc,start       ] GC(32125) Pause Young (Allocation Failure)
[14642.941s][info][gc,heap        ] GC(32125) PSYoungGen: 82688K(84480K)->1376K(84480K) Eden: 81920K(81920K)->0K(81920K) From: 768K(2560K)->1376K(2560K)
[14642.942s][info][gc,heap        ] GC(32125) ParOldGen: 486822K(487936K)->486878K(487936K)
[14642.942s][info][gc,metaspace   ] GC(32125) Metaspace: 62352K(62592K)->62352K(62592K) NonClass: 53315K(53504K)->53315K(53504K) Class: 9037K(9088K)->9037K(9088K)
[14642.942s][info][gc             ] GC(32125) Pause Young (Allocation Failure) 556M->476M(559M) 3.623ms
[14642.942s][info][gc,cpu         ] GC(32125) User=0.01s Sys=0.00s Real=0.00s
[14643.340s][info][gc,start       ] GC(32126) Pause Young (Allocation Failure)
[14643.344s][info][gc,heap        ] GC(32126) PSYoungGen: 83296K(84480K)->1440K(84480K) Eden: 81920K(81920K)->0K(81920K) From: 1376K(2560K)->1440K(2560K)
[14643.344s][info][gc,heap        ] GC(32126) ParOldGen: 486878K(487936K)->486926K(487936K)
[14643.344s][info][gc,metaspace   ] GC(32126) Metaspace: 62352K(62592K)->62352K(62592K) NonClass: 53315K(53504K)->53315K(53504K) Class: 9037K(9088K)->9037K(9088K)
[14643.344s][info][gc             ] GC(32126) Pause Young (Allocation Failure) 556M->476M(559M) 3.759ms
[14643.344s][info][gc,cpu         ] GC(32126) User=0.00s Sys=0.00s Real=0.00s
[14643.856s][info][gc,start       ] GC(32127) Pause Young (Allocation Failure)
[14643.859s][info][gc,heap        ] GC(32127) PSYoungGen: 83360K(84480K)->1440K(84480K) Eden: 81920K(81920K)->0K(81920K) From: 1440K(2560K)->1440K(2560K)
[14643.859s][info][gc,heap        ] GC(32127) ParOldGen: 486926K(487936K)->486982K(487936K)
[14643.859s][info][gc,metaspace   ] GC(32127) Metaspace: 62352K(62592K)->62352K(62592K) NonClass: 53315K(53504K)->53315K(53504K) Class: 9037K(9088K)->9037K(9088K)
[14643.859s][info][gc             ] GC(32127) Pause Young (Allocation Failure) 556M->476M(559M) 3.758ms
[14643.859s][info][gc,cpu         ] GC(32127) User=0.00s Sys=0.00s Real=0.00s
[14644.263s][info][gc,start       ] GC(32128) Pause Young (Allocation Failure)
[14644.265s][info][gc,heap        ] GC(32128) PSYoungGen: 83360K(84480K)->224K(84480K) Eden: 81920K(81920K)->0K(81920K) From: 1440K(2560K)->224K(2560K)
[14644.266s][info][gc,heap        ] GC(32128) ParOldGen: 486982K(487936K)->487038K(487936K)
[14644.266s][info][gc,metaspace   ] GC(32128) Metaspace: 62352K(62592K)->62352K(62592K) NonClass: 53315K(53504K)->53315K(53504K) Class: 9037K(9088K)->9037K(9088K)
[14644.266s][info][gc             ] GC(32128) Pause Young (Allocation Failure) 556M->475M(559M) 2.432ms
[14644.266s][info][gc,cpu         ] GC(32128) User=0.00s Sys=0.00s Real=0.01s
[14644.805s][info][gc,start       ] GC(32129) Pause Young (Allocation Failure)
[14644.811s][info][gc,heap        ] GC(32129) PSYoungGen: 82144K(84480K)->1440K(84480K) Eden: 81920K(81920K)->0K(81920K) From: 224K(2560K)->1440K(2560K)
[14644.811s][info][gc,heap        ] GC(32129) ParOldGen: 487038K(487936K)->487166K(487936K)
[14644.811s][info][gc,metaspace   ] GC(32129) Metaspace: 62364K(62592K)->62364K(62592K) NonClass: 53326K(53504K)->53326K(53504K) Class: 9037K(9088K)->9037K(9088K)
[14644.811s][info][gc             ] GC(32129) Pause Young (Allocation Failure) 555M->477M(559M) 6.152ms
[14644.811s][info][gc,cpu         ] GC(32129) User=0.01s Sys=0.00s Real=0.00s
[14645.453s][info][gc,start       ] GC(32130) Pause Young (Allocation Failure)
[14645.458s][info][gc,heap        ] GC(32130) PSYoungGen: 83360K(84480K)->1504K(84480K) Eden: 81920K(81920K)->0K(81920K) From: 1440K(2560K)->1504K(2560K)
[14645.458s][info][gc,heap        ] GC(32130) ParOldGen: 487166K(487936K)->488374K(489472K)
[14645.458s][info][gc,metaspace   ] GC(32130) Metaspace: 62364K(62592K)->62364K(62592K) NonClass: 53326K(53504K)->53326K(53504K) Class: 9037K(9088K)->9037K(9088K)
[14645.458s][info][gc             ] GC(32130) Pause Young (Allocation Failure) 557M->478M(560M) 4.659ms
[14645.458s][info][gc,cpu         ] GC(32130) User=0.01s Sys=0.00s Real=0.01s
[14645.863s][info][gc,start       ] GC(32131) Pause Young (Allocation Failure)
[14645.866s][info][gc,heap        ] GC(32131) PSYoungGen: 83424K(84480K)->224K(84480K) Eden: 81920K(81920K)->0K(81920K) From: 1504K(2560K)->224K(2560K)
[14645.866s][info][gc,heap        ] GC(32131) ParOldGen: 488374K(489472K)->488462K(489472K)
[14645.866s][info][gc,metaspace   ] GC(32131) Metaspace: 62364K(62592K)->62364K(62592K) NonClass: 53326K(53504K)->53326K(53504K) Class: 9037K(9088K)->9037K(9088K)
[14645.866s][info][gc             ] GC(32131) Pause Young (Allocation Failure) 558M->477M(560M) 2.558ms
[14645.866s][info][gc,cpu         ] GC(32131) User=0.00s Sys=0.00s Real=0.01s
[14646.288s][info][gc,start       ] GC(32132) Pause Young (Allocation Failure)
[14646.291s][info][gc,heap        ] GC(32132) PSYoungGen: 82144K(84480K)->576K(84480K) Eden: 81920K(81920K)->0K(81920K) From: 224K(2560K)->576K(2560K)
[14646.291s][info][gc,heap        ] GC(32132) ParOldGen: 488462K(489472K)->488518K(489472K)
[14646.291s][info][gc,metaspace   ] GC(32132) Metaspace: 62364K(62592K)->62364K(62592K) NonClass: 53326K(53504K)->53326K(53504K) Class: 9037K(9088K)->9037K(9088K)
[14646.291s][info][gc             ] GC(32132) Pause Young (Allocation Failure) 557M->477M(560M) 2.814ms
[14646.291s][info][gc,cpu         ] GC(32132) User=0.00s Sys=0.00s Real=0.00s
[14646.791s][info][gc,start       ] GC(32133) Pause Young (Allocation Failure)
[14646.793s][info][gc,heap        ] GC(32133) PSYoungGen: 82496K(84480K)->544K(84480K) Eden: 81920K(81920K)->0K(81920K) From: 576K(2560K)->544K(2560K)
[14646.793s][info][gc,heap        ] GC(32133) ParOldGen: 488518K(489472K)->488566K(489472K)
[14646.793s][info][gc,metaspace   ] GC(32133) Metaspace: 62364K(62592K)->62364K(62592K) NonClass: 53326K(53504K)->53326K(53504K) Class: 9037K(9088K)->9037K(9088K)
[14646.793s][info][gc             ] GC(32133) Pause Young (Allocation Failure) 557M->477M(560M) 2.815ms
[14646.793s][info][gc,cpu         ] GC(32133) User=0.00s Sys=0.00s Real=0.00s
[14647.385s][info][gc,start       ] GC(32134) Pause Young (Allocation Failure)
[14647.388s][info][gc,heap        ] GC(32134) PSYoungGen: 82464K(84480K)->592K(84480K) Eden: 81920K(81920K)->0K(81920K) From: 544K(2560K)->592K(2560K)
[14647.388s][info][gc,heap        ] GC(32134) ParOldGen: 488566K(489472K)->488622K(489472K)
[14647.388s][info][gc,metaspace   ] GC(32134) Metaspace: 62364K(62592K)->62364K(62592K) NonClass: 53326K(53504K)->53326K(53504K) Class: 9037K(9088K)->9037K(9088K)
[14647.388s][info][gc             ] GC(32134) Pause Young (Allocation Failure) 557M->477M(560M) 2.808ms
[14647.388s][info][gc,cpu         ] GC(32134) User=0.01s Sys=0.00s Real=0.00s
[14647.880s][info][gc,start       ] GC(32135) Pause Young (Allocation Failure)
[14647.883s][info][gc,heap        ] GC(32135) PSYoungGen: 82512K(84480K)->448K(84480K) Eden: 81920K(81920K)->0K(81920K) From: 592K(2560K)->448K(2560K)
[14647.883s][info][gc,heap        ] GC(32135) ParOldGen: 488622K(489472K)->488726K(489472K)
[14647.883s][info][gc,metaspace   ] GC(32135) Metaspace: 62364K(62592K)->62364K(62592K) NonClass: 53326K(53504K)->53326K(53504K) Class: 9037K(9088K)->9037K(9088K)
[14647.883s][info][gc             ] GC(32135) Pause Young (Allocation Failure) 557M->477M(560M) 2.656ms
[14647.883s][info][gc,cpu         ] GC(32135) User=0.00s Sys=0.00s Real=0.00s
[14648.388s][info][gc,start       ] GC(32136) Pause Young (Allocation Failure)
[14648.391s][info][gc,heap        ] GC(32136) PSYoungGen: 82368K(84480K)->544K(84480K) Eden: 81920K(81920K)->0K(81920K) From: 448K(2560K)->544K(2560K)
[14648.391s][info][gc,heap        ] GC(32136) ParOldGen: 488726K(489472K)->488782K(489472K)
[14648.391s][info][gc,metaspace   ] GC(32136) Metaspace: 62364K(62592K)->62364K(62592K) NonClass: 53326K(53504K)->53326K(53504K) Class: 9037K(9088K)->9037K(9088K)
[14648.391s][info][gc             ] GC(32136) Pause Young (Allocation Failure) 557M->477M(560M) 2.714ms
[14648.391s][info][gc,cpu         ] GC(32136) User=0.01s Sys=0.00s Real=0.00s
[14648.876s][info][gc,start       ] GC(32137) Pause Young (Allocation Failure)
[14648.878s][info][gc,heap        ] GC(32137) PSYoungGen: 82464K(84480K)->384K(84480K) Eden: 81920K(81920K)->0K(81920K) From: 544K(2560K)->384K(2560K)
[14648.878s][info][gc,heap        ] GC(32137) ParOldGen: 488782K(489472K)->488830K(489472K)
[14648.878s][info][gc,metaspace   ] GC(32137) Metaspace: 62364K(62592K)->62364K(62592K) NonClass: 53326K(53504K)->53326K(53504K) Class: 9037K(9088K)->9037K(9088K)
[14648.878s][info][gc             ] GC(32137) Pause Young (Allocation Failure) 557M->477M(560M) 2.589ms
[14648.878s][info][gc,cpu         ] GC(32137) User=0.01s Sys=0.00s Real=0.00s
[14649.359s][info][gc,start       ] GC(32138) Pause Young (Allocation Failure)
[14649.363s][info][gc,heap        ] GC(32138) PSYoungGen: 82304K(84480K)->2528K(83456K) Eden: 81920K(81920K)->0K(80896K) From: 384K(2560K)->2528K(2560K)
[14649.363s][info][gc,heap        ] GC(32138) ParOldGen: 488830K(489472K)->488926K(489472K)
[14649.363s][info][gc,metaspace   ] GC(32138) Metaspace: 62364K(62592K)->62364K(62592K) NonClass: 53326K(53504K)->53326K(53504K) Class: 9037K(9088K)->9037K(9088K)
[14649.363s][info][gc             ] GC(32138) Pause Young (Allocation Failure) 557M->479M(559M) 4.022ms
[14649.363s][info][gc,cpu         ] GC(32138) User=0.00s Sys=0.00s Real=0.00s
[14649.843s][info][gc,start       ] GC(32139) Pause Young (Allocation Failure)
[14649.847s][info][gc,heap        ] GC(32139) PSYoungGen: 83424K(83456K)->1248K(83968K) Eden: 80896K(80896K)->0K(80896K) From: 2528K(2560K)->1248K(3072K)
[14649.847s][info][gc,heap        ] GC(32139) ParOldGen: 488926K(489472K)->489998K(491008K)
[14649.847s][info][gc,metaspace   ] GC(32139) Metaspace: 62364K(62592K)->62364K(62592K) NonClass: 53326K(53504K)->53326K(53504K) Class: 9037K(9088K)->9037K(9088K)
[14649.847s][info][gc             ] GC(32139) Pause Young (Allocation Failure) 558M->479M(561M) 3.999ms
[14649.847s][info][gc,cpu         ] GC(32139) User=0.01s Sys=0.00s Real=0.01s
[14650.329s][info][gc,start       ] GC(32140) Pause Young (Allocation Failure)
[14650.332s][info][gc,heap        ] GC(32140) PSYoungGen: 82144K(83968K)->1024K(84480K) Eden: 80896K(80896K)->0K(81920K) From: 1248K(3072K)->1024K(2560K)
[14650.332s][info][gc,heap        ] GC(32140) ParOldGen: 489998K(491008K)->490054K(491008K)
[14650.332s][info][gc,metaspace   ] GC(32140) Metaspace: 62364K(62592K)->62364K(62592K) NonClass: 53326K(53504K)->53326K(53504K) Class: 9037K(9088K)->9037K(9088K)
[14650.332s][info][gc             ] GC(32140) Pause Young (Allocation Failure) 558M->479M(562M) 3.462ms
[14650.332s][info][gc,cpu         ] GC(32140) User=0.01s Sys=0.00s Real=0.00s
[14650.832s][info][gc,start       ] GC(32141) Pause Young (Allocation Failure)
[14650.836s][info][gc,heap        ] GC(32141) PSYoungGen: 82944K(84480K)->1088K(84480K) Eden: 81920K(81920K)->0K(81920K) From: 1024K(2560K)->1088K(2560K)
[14650.836s][info][gc,heap        ] GC(32141) ParOldGen: 490054K(491008K)->490110K(491008K)
[14650.836s][info][gc,metaspace   ] GC(32141) Metaspace: 62364K(62592K)->62364K(62592K) NonClass: 53326K(53504K)->53326K(53504K) Class: 9037K(9088K)->9037K(9088K)
[14650.836s][info][gc             ] GC(32141) Pause Young (Allocation Failure) 559M->479M(562M) 3.428ms
[14650.836s][info][gc,cpu         ] GC(32141) User=0.00s Sys=0.01s Real=0.01s
[14651.344s][info][gc,start       ] GC(32142) Pause Young (Allocation Failure)
[14651.347s][info][gc,heap        ] GC(32142) PSYoungGen: 83008K(84480K)->1216K(84480K) Eden: 81920K(81920K)->0K(81920K) From: 1088K(2560K)->1216K(2560K)
[14651.347s][info][gc,heap        ] GC(32142) ParOldGen: 490110K(491008K)->490166K(491008K)
[14651.347s][info][gc,metaspace   ] GC(32142) Metaspace: 62364K(62592K)->62364K(62592K) NonClass: 53326K(53504K)->53326K(53504K) Class: 9037K(9088K)->9037K(9088K)
[14651.347s][info][gc             ] GC(32142) Pause Young (Allocation Failure) 559M->479M(562M) 3.602ms
[14651.348s][info][gc,cpu         ] GC(32142) User=0.01s Sys=0.00s Real=0.01s
[14651.825s][info][gc,start       ] GC(32143) Pause Young (Allocation Failure)
[14651.828s][info][gc,heap        ] GC(32143) PSYoungGen: 83136K(84480K)->1088K(84480K) Eden: 81920K(81920K)->0K(81920K) From: 1216K(2560K)->1088K(2560K)
[14651.828s][info][gc,heap        ] GC(32143) ParOldGen: 490166K(491008K)->490222K(491008K)
[14651.828s][info][gc,metaspace   ] GC(32143) Metaspace: 62364K(62592K)->62364K(62592K) NonClass: 53326K(53504K)->53326K(53504K) Class: 9037K(9088K)->9037K(9088K)
[14651.828s][info][gc             ] GC(32143) Pause Young (Allocation Failure) 559M->479M(562M) 3.477ms
[14651.829s][info][gc,cpu         ] GC(32143) User=0.01s Sys=0.00s Real=0.00s
[14652.326s][info][gc,start       ] GC(32144) Pause Young (Allocation Failure)
[14652.329s][info][gc,heap        ] GC(32144) PSYoungGen: 83008K(84480K)->1024K(84992K) Eden: 81920K(81920K)->0K(82432K) From: 1088K(2560K)->1024K(2560K)
[14652.330s][info][gc,heap        ] GC(32144) ParOldGen: 490222K(491008K)->490270K(491008K)
[14652.330s][info][gc,metaspace   ] GC(32144) Metaspace: 62364K(62592K)->62364K(62592K) NonClass: 53326K(53504K)->53326K(53504K) Class: 9037K(9088K)->9037K(9088K)
[14652.330s][info][gc             ] GC(32144) Pause Young (Allocation Failure) 559M->479M(562M) 3.319ms
[14652.330s][info][gc,cpu         ] GC(32144) User=0.00s Sys=0.00s Real=0.00s
[14652.756s][info][gc,start       ] GC(32145) Pause Young (Allocation Failure)
[14652.760s][info][gc,heap        ] GC(32145) PSYoungGen: 83456K(84992K)->1664K(84480K) Eden: 82432K(82432K)->0K(82432K) From: 1024K(2560K)->1664K(2048K)
[14652.760s][info][gc,heap        ] GC(32145) ParOldGen: 490270K(491008K)->490326K(491008K)
[14652.760s][info][gc,metaspace   ] GC(32145) Metaspace: 62364K(62592K)->62364K(62592K) NonClass: 53326K(53504K)->53326K(53504K) Class: 9037K(9088K)->9037K(9088K)
[14652.760s][info][gc             ] GC(32145) Pause Young (Allocation Failure) 560M->480M(562M) 4.061ms
[14652.760s][info][gc,cpu         ] GC(32145) User=0.01s Sys=0.00s Real=0.00s
[14653.193s][info][gc,start       ] GC(32146) Pause Young (Allocation Failure)
[14653.196s][info][gc,heap        ] GC(32146) PSYoungGen: 84096K(84480K)->576K(84480K) Eden: 82432K(82432K)->0K(81920K) From: 1664K(2048K)->576K(2560K)
[14653.196s][info][gc,heap        ] GC(32146) ParOldGen: 490326K(491008K)->490382K(491008K)
[14653.196s][info][gc,metaspace   ] GC(32146) Metaspace: 62364K(62592K)->62364K(62592K) NonClass: 53326K(53504K)->53326K(53504K) Class: 9037K(9088K)->9037K(9088K)
[14653.196s][info][gc             ] GC(32146) Pause Young (Allocation Failure) 560M->479M(562M) 2.837ms
[14653.196s][info][gc,cpu         ] GC(32146) User=0.00s Sys=0.00s Real=0.01s
[14653.642s][info][gc,start       ] GC(32147) Pause Young (Allocation Failure)
[14653.646s][info][gc,heap        ] GC(32147) PSYoungGen: 82496K(84480K)->1344K(84480K) Eden: 81920K(81920K)->0K(81920K) From: 576K(2560K)->1344K(2560K)
[14653.646s][info][gc,heap        ] GC(32147) ParOldGen: 490382K(491008K)->490430K(491008K)
[14653.646s][info][gc,metaspace   ] GC(32147) Metaspace: 62364K(62592K)->62364K(62592K) NonClass: 53326K(53504K)->53326K(53504K) Class: 9037K(9088K)->9037K(9088K)
[14653.646s][info][gc             ] GC(32147) Pause Young (Allocation Failure) 559M->480M(562M) 3.781ms
[14653.646s][info][gc,cpu         ] GC(32147) User=0.01s Sys=0.00s Real=0.01s
[14654.093s][info][gc,start       ] GC(32148) Pause Young (Allocation Failure)
[14654.096s][info][gc,heap        ] GC(32148) PSYoungGen: 83264K(84480K)->608K(84480K) Eden: 81920K(81920K)->0K(81920K) From: 1344K(2560K)->608K(2560K)
[14654.096s][info][gc,heap        ] GC(32148) ParOldGen: 490430K(491008K)->490486K(491008K)
[14654.096s][info][gc,metaspace   ] GC(32148) Metaspace: 62364K(62592K)->62364K(62592K) NonClass: 53326K(53504K)->53326K(53504K) Class: 9037K(9088K)->9037K(9088K)
[14654.096s][info][gc             ] GC(32148) Pause Young (Allocation Failure) 560M->479M(562M) 2.819ms
[14654.096s][info][gc,cpu         ] GC(32148) User=0.00s Sys=0.00s Real=0.01s
[14654.601s][info][gc,start       ] GC(32149) Pause Young (Allocation Failure)
[14654.604s][info][gc,heap        ] GC(32149) PSYoungGen: 82528K(84480K)->1696K(84480K) Eden: 81920K(81920K)->0K(81920K) From: 608K(2560K)->1696K(2560K)
[14654.604s][info][gc,heap        ] GC(32149) ParOldGen: 490486K(491008K)->490534K(491008K)
[14654.604s][info][gc,metaspace   ] GC(32149) Metaspace: 62364K(62592K)->62364K(62592K) NonClass: 53326K(53504K)->53326K(53504K) Class: 9037K(9088K)->9037K(9088K)
[14654.604s][info][gc             ] GC(32149) Pause Young (Allocation Failure) 559M->480M(562M) 3.082ms
[14654.604s][info][gc,cpu         ] GC(32149) User=0.00s Sys=0.00s Real=0.01s
[14655.115s][info][gc,start       ] GC(32150) Pause Young (Allocation Failure)
[14655.119s][info][gc,heap        ] GC(32150) PSYoungGen: 83616K(84480K)->832K(84480K) Eden: 81920K(81920K)->0K(81920K) From: 1696K(2560K)->832K(2560K)
[14655.119s][info][gc,heap        ] GC(32150) ParOldGen: 490534K(491008K)->491606K(492544K)
[14655.119s][info][gc,metaspace   ] GC(32150) Metaspace: 62364K(62592K)->62364K(62592K) NonClass: 53326K(53504K)->53326K(53504K) Class: 9037K(9088K)->9037K(9088K)
[14655.119s][info][gc             ] GC(32150) Pause Young (Allocation Failure) 560M->480M(563M) 3.678ms
[14655.119s][info][gc,cpu         ] GC(32150) User=0.01s Sys=0.00s Real=0.00s
[14655.686s][info][gc,start       ] GC(32151) Pause Young (Allocation Failure)
[14655.689s][info][gc,heap        ] GC(32151) PSYoungGen: 82752K(84480K)->512K(84480K) Eden: 81920K(81920K)->0K(81920K) From: 832K(2560K)->512K(2560K)
[14655.689s][info][gc,heap        ] GC(32151) ParOldGen: 491606K(492544K)->491662K(492544K)
[14655.689s][info][gc,metaspace   ] GC(32151) Metaspace: 62364K(62592K)->62364K(62592K) NonClass: 53326K(53504K)->53326K(53504K) Class: 9037K(9088K)->9037K(9088K)
[14655.689s][info][gc             ] GC(32151) Pause Young (Allocation Failure) 560M->480M(563M) 2.724ms
[14655.689s][info][gc,cpu         ] GC(32151) User=0.00s Sys=0.00s Real=0.00s
[14656.196s][info][gc,start       ] GC(32152) Pause Young (Allocation Failure)
[14656.199s][info][gc,heap        ] GC(32152) PSYoungGen: 82432K(84480K)->576K(84480K) Eden: 81920K(81920K)->0K(81920K) From: 512K(2560K)->576K(2560K)
[14656.199s][info][gc,heap        ] GC(32152) ParOldGen: 491662K(492544K)->491766K(492544K)
[14656.199s][info][gc,metaspace   ] GC(32152) Metaspace: 62364K(62592K)->62364K(62592K) NonClass: 53326K(53504K)->53326K(53504K) Class: 9037K(9088K)->9037K(9088K)
[14656.199s][info][gc             ] GC(32152) Pause Young (Allocation Failure) 560M->480M(563M) 2.774ms
[14656.199s][info][gc,cpu         ] GC(32152) User=0.01s Sys=0.00s Real=0.00s
[14656.689s][info][gc,start       ] GC(32153) Pause Young (Allocation Failure)
[14656.692s][info][gc,heap        ] GC(32153) PSYoungGen: 82496K(84480K)->576K(84480K) Eden: 81920K(81920K)->0K(81920K) From: 576K(2560K)->576K(2560K)
[14656.692s][info][gc,heap        ] GC(32153) ParOldGen: 491766K(492544K)->491822K(492544K)
[14656.692s][info][gc,metaspace   ] GC(32153) Metaspace: 62364K(62592K)->62364K(62592K) NonClass: 53326K(53504K)->53326K(53504K) Class: 9037K(9088K)->9037K(9088K)
[14656.692s][info][gc             ] GC(32153) Pause Young (Allocation Failure) 560M->480M(563M) 2.857ms
[14656.692s][info][gc,cpu         ] GC(32153) User=0.00s Sys=0.00s Real=0.00s
[14657.195s][info][gc,start       ] GC(32154) Pause Young (Allocation Failure)
[14657.198s][info][gc,heap        ] GC(32154) PSYoungGen: 82496K(84480K)->608K(84992K) Eden: 81920K(81920K)->0K(82432K) From: 576K(2560K)->608K(2560K)
[14657.198s][info][gc,heap        ] GC(32154) ParOldGen: 491822K(492544K)->491878K(492544K)
[14657.198s][info][gc,metaspace   ] GC(32154) Metaspace: 62364K(62592K)->62364K(62592K) NonClass: 53326K(53504K)->53326K(53504K) Class: 9037K(9088K)->9037K(9088K)
[14657.198s][info][gc             ] GC(32154) Pause Young (Allocation Failure) 560M->480M(564M) 2.851ms
[14657.198s][info][gc,cpu         ] GC(32154) User=0.00s Sys=0.00s Real=0.00s
[14657.673s][info][gc,start       ] GC(32155) Pause Young (Allocation Failure)
[14657.675s][info][gc,heap        ] GC(32155) PSYoungGen: 83040K(84992K)->320K(84480K) Eden: 82432K(82432K)->0K(82432K) From: 608K(2560K)->320K(2048K)
[14657.675s][info][gc,heap        ] GC(32155) ParOldGen: 491878K(492544K)->491934K(492544K)
[14657.675s][info][gc,metaspace   ] GC(32155) Metaspace: 62364K(62592K)->62364K(62592K) NonClass: 53326K(53504K)->53326K(53504K) Class: 9037K(9088K)->9037K(9088K)
[14657.675s][info][gc             ] GC(32155) Pause Young (Allocation Failure) 561M->480M(563M) 2.537ms
[14657.675s][info][gc,cpu         ] GC(32155) User=0.00s Sys=0.00s Real=0.01s
[14658.123s][info][gc,start       ] GC(32156) Pause Young (Allocation Failure)
[14658.127s][info][gc,heap        ] GC(32156) PSYoungGen: 82752K(84480K)->1120K(84992K) Eden: 82432K(82432K)->0K(82944K) From: 320K(2048K)->1120K(2048K)
[14658.127s][info][gc,heap        ] GC(32156) ParOldGen: 491934K(492544K)->491990K(492544K)
[14658.127s][info][gc,metaspace   ] GC(32156) Metaspace: 62364K(62592K)->62364K(62592K) NonClass: 53326K(53504K)->53326K(53504K) Class: 9037K(9088K)->9037K(9088K)
[14658.127s][info][gc             ] GC(32156) Pause Young (Allocation Failure) 561M->481M(564M) 3.530ms
[14658.127s][info][gc,cpu         ] GC(32156) User=0.01s Sys=0.00s Real=0.01s
[14658.661s][info][gc,start       ] GC(32157) Pause Young (Allocation Failure)
[14658.664s][info][gc,heap        ] GC(32157) PSYoungGen: 84064K(84992K)->192K(84992K) Eden: 82944K(82944K)->0K(82944K) From: 1120K(2048K)->192K(2048K)
[14658.664s][info][gc,heap        ] GC(32157) ParOldGen: 491990K(492544K)->492038K(492544K)
[14658.664s][info][gc,metaspace   ] GC(32157) Metaspace: 62364K(62592K)->62364K(62592K) NonClass: 53326K(53504K)->53326K(53504K) Class: 9037K(9088K)->9037K(9088K)
[14658.664s][info][gc             ] GC(32157) Pause Young (Allocation Failure) 562M->480M(564M) 2.508ms
[14658.664s][info][gc,cpu         ] GC(32157) User=0.00s Sys=0.01s Real=0.00s
[14659.175s][info][gc,start       ] GC(32158) Pause Young (Allocation Failure)
[14659.177s][info][gc,heap        ] GC(32158) PSYoungGen: 83136K(84992K)->352K(84992K) Eden: 82944K(82944K)->0K(82944K) From: 192K(2048K)->352K(2048K)
[14659.177s][info][gc,heap        ] GC(32158) ParOldGen: 492038K(492544K)->492086K(492544K)
[14659.177s][info][gc,metaspace   ] GC(32158) Metaspace: 62364K(62592K)->62364K(62592K) NonClass: 53326K(53504K)->53326K(53504K) Class: 9037K(9088K)->9037K(9088K)
[14659.178s][info][gc             ] GC(32158) Pause Young (Allocation Failure) 561M->480M(564M) 2.538ms
[14659.178s][info][gc,cpu         ] GC(32158) User=0.00s Sys=0.00s Real=0.00s
[14659.693s][info][gc,start       ] GC(32159) Pause Young (Allocation Failure)
[14659.696s][info][gc,heap        ] GC(32159) PSYoungGen: 83296K(84992K)->672K(84992K) Eden: 82944K(82944K)->0K(82944K) From: 352K(2048K)->672K(2048K)
[14659.696s][info][gc,heap        ] GC(32159) ParOldGen: 492086K(492544K)->492142K(492544K)
[14659.696s][info][gc,metaspace   ] GC(32159) Metaspace: 62364K(62592K)->62364K(62592K) NonClass: 53326K(53504K)->53326K(53504K) Class: 9037K(9088K)->9037K(9088K)
[14659.696s][info][gc             ] GC(32159) Pause Young (Allocation Failure) 561M->481M(564M) 2.874ms
[14659.696s][info][gc,cpu         ] GC(32159) User=0.01s Sys=0.00s Real=0.01s
[14660.143s][info][gc,start       ] GC(32160) Pause Young (Allocation Failure)
[14660.147s][info][gc,heap        ] GC(32160) PSYoungGen: 83615K(84992K)->2016K(83968K) Eden: 82943K(82944K)->0K(81920K) From: 672K(2048K)->2016K(2048K)
[14660.147s][info][gc,heap        ] GC(32160) ParOldGen: 492142K(492544K)->492470K(492544K)
[14660.147s][info][gc,metaspace   ] GC(32160) Metaspace: 62364K(62592K)->62364K(62592K) NonClass: 53326K(53504K)->53326K(53504K) Class: 9037K(9088K)->9037K(9088K)
[14660.147s][info][gc             ] GC(32160) Pause Young (Allocation Failure) 562M->482M(563M) 4.005ms
[14660.147s][info][gc,cpu         ] GC(32160) User=0.00s Sys=0.00s Real=0.01s
[14660.606s][info][gc,start       ] GC(32161) Pause Young (Allocation Failure)
[14660.610s][info][gc,heap        ] GC(32161) PSYoungGen: 83936K(83968K)->864K(84480K) Eden: 81920K(81920K)->0K(81920K) From: 2016K(2048K)->864K(2560K)
[14660.610s][info][gc,heap        ] GC(32161) ParOldGen: 492470K(492544K)->493518K(494080K)
[14660.610s][info][gc,metaspace   ] GC(32161) Metaspace: 62364K(62592K)->62364K(62592K) NonClass: 53326K(53504K)->53326K(53504K) Class: 9037K(9088K)->9037K(9088K)
[14660.610s][info][gc             ] GC(32161) Pause Young (Allocation Failure) 562M->482M(565M) 3.674ms
[14660.610s][info][gc,cpu         ] GC(32161) User=0.00s Sys=0.00s Real=0.00s
[14661.059s][info][gc,start       ] GC(32162) Pause Young (Allocation Failure)
[14661.063s][info][gc,heap        ] GC(32162) PSYoungGen: 82784K(84480K)->1600K(84480K) Eden: 81920K(81920K)->0K(81920K) From: 864K(2560K)->1600K(2560K)
[14661.063s][info][gc,heap        ] GC(32162) ParOldGen: 493518K(494080K)->493590K(494080K)
[14661.063s][info][gc,metaspace   ] GC(32162) Metaspace: 62364K(62592K)->62364K(62592K) NonClass: 53326K(53504K)->53326K(53504K) Class: 9037K(9088K)->9037K(9088K)
[14661.063s][info][gc             ] GC(32162) Pause Young (Allocation Failure) 562M->483M(565M) 4.105ms
[14661.063s][info][gc,cpu         ] GC(32162) User=0.01s Sys=0.00s Real=0.00s
[14661.521s][info][gc,start       ] GC(32163) Pause Young (Allocation Failure)
[14661.525s][info][gc,heap        ] GC(32163) PSYoungGen: 83520K(84480K)->928K(84480K) Eden: 81920K(81920K)->0K(81920K) From: 1600K(2560K)->928K(2560K)
[14661.525s][info][gc,heap        ] GC(32163) ParOldGen: 493590K(494080K)->493646K(494080K)
[14661.525s][info][gc,metaspace   ] GC(32163) Metaspace: 62364K(62592K)->62364K(62592K) NonClass: 53326K(53504K)->53326K(53504K) Class: 9037K(9088K)->9037K(9088K)
[14661.525s][info][gc             ] GC(32163) Pause Young (Allocation Failure) 563M->482M(565M) 3.356ms
[14661.525s][info][gc,cpu         ] GC(32163) User=0.01s Sys=0.00s Real=0.01s
[14662.028s][info][gc,start       ] GC(32164) Pause Young (Allocation Failure)
[14662.031s][info][gc,heap        ] GC(32164) PSYoungGen: 82848K(84480K)->1152K(84480K) Eden: 81920K(81920K)->0K(81920K) From: 928K(2560K)->1152K(2560K)
[14662.031s][info][gc,heap        ] GC(32164) ParOldGen: 493646K(494080K)->493702K(494080K)
[14662.031s][info][gc,metaspace   ] GC(32164) Metaspace: 62364K(62592K)->62364K(62592K) NonClass: 53326K(53504K)->53326K(53504K) Class: 9037K(9088K)->9037K(9088K)
[14662.032s][info][gc             ] GC(32164) Pause Young (Allocation Failure) 562M->483M(565M) 3.511ms
[14662.032s][info][gc,cpu         ] GC(32164) User=0.01s Sys=0.00s Real=0.00s
[14662.471s][info][gc,start       ] GC(32165) Pause Young (Allocation Failure)
[14662.473s][info][gc,heap        ] GC(32165) PSYoungGen: 83072K(84480K)->320K(84480K) Eden: 81920K(81920K)->0K(81920K) From: 1152K(2560K)->320K(2560K)
[14662.473s][info][gc,heap        ] GC(32165) ParOldGen: 493702K(494080K)->493750K(494080K)
[14662.473s][info][gc,metaspace   ] GC(32165) Metaspace: 62364K(62592K)->62364K(62592K) NonClass: 53326K(53504K)->53326K(53504K) Class: 9037K(9088K)->9037K(9088K)
[14662.473s][info][gc             ] GC(32165) Pause Young (Allocation Failure) 563M->482M(565M) 2.649ms
[14662.473s][info][gc,cpu         ] GC(32165) User=0.00s Sys=0.00s Real=0.00s
[14662.928s][info][gc,start       ] GC(32166) Pause Young (Allocation Failure)
[14662.931s][info][gc,heap        ] GC(32166) PSYoungGen: 82240K(84480K)->1120K(84480K) Eden: 81920K(81920K)->0K(81920K) From: 320K(2560K)->1120K(2560K)
[14662.931s][info][gc,heap        ] GC(32166) ParOldGen: 493750K(494080K)->493806K(494080K)
[14662.931s][info][gc,metaspace   ] GC(32166) Metaspace: 62364K(62592K)->62364K(62592K) NonClass: 53326K(53504K)->53326K(53504K) Class: 9037K(9088K)->9037K(9088K)
[14662.931s][info][gc             ] GC(32166) Pause Young (Allocation Failure) 562M->483M(565M) 3.553ms
[14662.931s][info][gc,cpu         ] GC(32166) User=0.00s Sys=0.00s Real=0.00s
[14663.377s][info][gc,start       ] GC(32167) Pause Young (Allocation Failure)
[14663.380s][info][gc,heap        ] GC(32167) PSYoungGen: 83040K(84480K)->448K(84480K) Eden: 81920K(81920K)->0K(81920K) From: 1120K(2560K)->448K(2560K)
[14663.380s][info][gc,heap        ] GC(32167) ParOldGen: 493806K(494080K)->493854K(494080K)
[14663.380s][info][gc,metaspace   ] GC(32167) Metaspace: 62364K(62592K)->62364K(62592K) NonClass: 53326K(53504K)->53326K(53504K) Class: 9037K(9088K)->9037K(9088K)
[14663.380s][info][gc             ] GC(32167) Pause Young (Allocation Failure) 563M->482M(565M) 2.619ms
[14663.380s][info][gc,cpu         ] GC(32167) User=0.01s Sys=0.00s Real=0.00s
[14663.885s][info][gc,start       ] GC(32168) Pause Young (Allocation Failure)
[14663.888s][info][gc,heap        ] GC(32168) PSYoungGen: 82368K(84480K)->576K(84992K) Eden: 81920K(81920K)->0K(82432K) From: 448K(2560K)->576K(2560K)
[14663.888s][info][gc,heap        ] GC(32168) ParOldGen: 493854K(494080K)->493910K(494080K)
[14663.888s][info][gc,metaspace   ] GC(32168) Metaspace: 62364K(62592K)->62364K(62592K) NonClass: 53326K(53504K)->53326K(53504K) Class: 9037K(9088K)->9037K(9088K)
[14663.888s][info][gc             ] GC(32168) Pause Young (Allocation Failure) 562M->482M(565M) 2.793ms
[14663.888s][info][gc,cpu         ] GC(32168) User=0.00s Sys=0.00s Real=0.00s
[14664.358s][info][gc,start       ] GC(32169) Pause Young (Allocation Failure)
[14664.362s][info][gc,heap        ] GC(32169) PSYoungGen: 83008K(84992K)->1536K(84480K) Eden: 82432K(82432K)->0K(82432K) From: 576K(2560K)->1536K(2048K)
[14664.363s][info][gc,heap        ] GC(32169) ParOldGen: 493910K(494080K)->494014K(494080K)
[14664.363s][info][gc,metaspace   ] GC(32169) Metaspace: 62364K(62592K)->62364K(62592K) NonClass: 53326K(53504K)->53326K(53504K) Class: 9037K(9088K)->9037K(9088K)
[14664.363s][info][gc             ] GC(32169) Pause Young (Allocation Failure) 563M->483M(565M) 4.062ms
[14664.363s][info][gc,cpu         ] GC(32169) User=0.01s Sys=0.01s Real=0.00s
[14664.852s][info][gc,start       ] GC(32170) Pause Young (Allocation Failure)
[14664.856s][info][gc,heap        ] GC(32170) PSYoungGen: 83968K(84480K)->2336K(84480K) Eden: 82432K(82432K)->0K(81920K) From: 1536K(2048K)->2336K(2560K)
[14664.856s][info][gc,heap        ] GC(32170) ParOldGen: 494014K(494080K)->494070K(494080K)
[14664.856s][info][gc,metaspace   ] GC(32170) Metaspace: 62364K(62592K)->62364K(62592K) NonClass: 53326K(53504K)->53326K(53504K) Class: 9037K(9088K)->9037K(9088K)
[14664.856s][info][gc             ] GC(32170) Pause Young (Allocation Failure) 564M->484M(565M) 3.908ms
[14664.856s][info][gc,cpu         ] GC(32170) User=0.01s Sys=0.00s Real=0.01s
[14665.360s][info][gc,start       ] GC(32171) Pause Young (Allocation Failure)
[14665.364s][info][gc,heap        ] GC(32171) PSYoungGen: 84256K(84480K)->1408K(84480K) Eden: 81920K(81920K)->0K(81920K) From: 2336K(2560K)->1408K(2560K)
[14665.364s][info][gc,heap        ] GC(32171) ParOldGen: 494070K(494080K)->495150K(495616K)
[14665.364s][info][gc,metaspace   ] GC(32171) Metaspace: 62364K(62592K)->62364K(62592K) NonClass: 53326K(53504K)->53326K(53504K) Class: 9037K(9088K)->9037K(9088K)
[14665.364s][info][gc             ] GC(32171) Pause Young (Allocation Failure) 564M->484M(566M) 4.439ms
[14665.364s][info][gc,cpu         ] GC(32171) User=0.01s Sys=0.00s Real=0.01s
[14665.871s][info][gc,start       ] GC(32172) Pause Young (Allocation Failure)
[14665.873s][info][gc,heap        ] GC(32172) PSYoungGen: 83328K(84480K)->288K(84480K) Eden: 81920K(81920K)->0K(81920K) From: 1408K(2560K)->288K(2560K)
[14665.873s][info][gc,heap        ] GC(32172) ParOldGen: 495150K(495616K)->495206K(495616K)
[14665.873s][info][gc,metaspace   ] GC(32172) Metaspace: 62364K(62592K)->62364K(62592K) NonClass: 53326K(53504K)->53326K(53504K) Class: 9037K(9088K)->9037K(9088K)
[14665.874s][info][gc             ] GC(32172) Pause Young (Allocation Failure) 564M->483M(566M) 2.470ms
[14665.874s][info][gc,cpu         ] GC(32172) User=0.01s Sys=0.00s Real=0.00s
[14666.373s][info][gc,start       ] GC(32173) Pause Young (Allocation Failure)
[14666.375s][info][gc,heap        ] GC(32173) PSYoungGen: 82208K(84480K)->352K(84480K) Eden: 81920K(81920K)->0K(81920K) From: 288K(2560K)->352K(2560K)
[14666.376s][info][gc,heap        ] GC(32173) ParOldGen: 495206K(495616K)->495262K(495616K)
[14666.376s][info][gc,metaspace   ] GC(32173) Metaspace: 62364K(62592K)->62364K(62592K) NonClass: 53326K(53504K)->53326K(53504K) Class: 9037K(9088K)->9037K(9088K)
[14666.376s][info][gc             ] GC(32173) Pause Young (Allocation Failure) 563M->483M(566M) 2.585ms
[14666.376s][info][gc,cpu         ] GC(32173) User=0.00s Sys=0.00s Real=0.01s
[14666.873s][info][gc,start       ] GC(32174) Pause Young (Allocation Failure)
[14666.876s][info][gc,heap        ] GC(32174) PSYoungGen: 82272K(84480K)->320K(84480K) Eden: 81920K(81920K)->0K(81920K) From: 352K(2560K)->320K(2560K)
[14666.876s][info][gc,heap        ] GC(32174) ParOldGen: 495262K(495616K)->495318K(495616K)
[14666.876s][info][gc,metaspace   ] GC(32174) Metaspace: 62364K(62592K)->62364K(62592K) NonClass: 53326K(53504K)->53326K(53504K) Class: 9037K(9088K)->9037K(9088K)
[14666.876s][info][gc             ] GC(32174) Pause Young (Allocation Failure) 563M->484M(566M) 2.534ms
[14666.876s][info][gc,cpu         ] GC(32174) User=0.00s Sys=0.00s Real=0.01s
[14667.323s][info][gc,start       ] GC(32175) Pause Young (Allocation Failure)
[14667.327s][info][gc,heap        ] GC(32175) PSYoungGen: 82240K(84480K)->1120K(84480K) Eden: 81920K(81920K)->0K(81920K) From: 320K(2560K)->1120K(2560K)
[14667.327s][info][gc,heap        ] GC(32175) ParOldGen: 495318K(495616K)->495374K(495616K)
[14667.327s][info][gc,metaspace   ] GC(32175) Metaspace: 62364K(62592K)->62364K(62592K) NonClass: 53326K(53504K)->53326K(53504K) Class: 9037K(9088K)->9037K(9088K)
[14667.327s][info][gc             ] GC(32175) Pause Young (Allocation Failure) 564M->484M(566M) 3.633ms
[14667.327s][info][gc,cpu         ] GC(32175) User=0.01s Sys=0.00s Real=0.01s
[14667.777s][info][gc,start       ] GC(32176) Pause Young (Allocation Failure)
[14667.779s][info][gc,heap        ] GC(32176) PSYoungGen: 83040K(84480K)->384K(84480K) Eden: 81920K(81920K)->0K(81920K) From: 1120K(2560K)->384K(2560K)
[14667.779s][info][gc,heap        ] GC(32176) ParOldGen: 495374K(495616K)->495422K(495616K)
[14667.779s][info][gc,metaspace   ] GC(32176) Metaspace: 62364K(62592K)->62364K(62592K) NonClass: 53326K(53504K)->53326K(53504K) Class: 9037K(9088K)->9037K(9088K)
[14667.779s][info][gc             ] GC(32176) Pause Young (Allocation Failure) 564M->484M(566M) 2.581ms
[14667.779s][info][gc,cpu         ] GC(32176) User=0.00s Sys=0.00s Real=0.00s
[14668.229s][info][gc,start       ] GC(32177) Pause Young (Allocation Failure)
[14668.232s][info][gc,heap        ] GC(32177) PSYoungGen: 82304K(84480K)->1120K(84480K) Eden: 81920K(81920K)->0K(81920K) From: 384K(2560K)->1120K(2560K)
[14668.233s][info][gc,heap        ] GC(32177) ParOldGen: 495422K(495616K)->495478K(495616K)
[14668.233s][info][gc,metaspace   ] GC(32177) Metaspace: 62364K(62592K)->62364K(62592K) NonClass: 53326K(53504K)->53326K(53504K) Class: 9037K(9088K)->9037K(9088K)
[14668.233s][info][gc             ] GC(32177) Pause Young (Allocation Failure) 564M->484M(566M) 3.482ms
[14668.233s][info][gc,cpu         ] GC(32177) User=0.01s Sys=0.00s Real=0.00s
[14668.683s][info][gc,start       ] GC(32178) Pause Young (Allocation Failure)
[14668.685s][info][gc,heap        ] GC(32178) PSYoungGen: 83040K(84480K)->480K(84480K) Eden: 81920K(81920K)->0K(81920K) From: 1120K(2560K)->480K(2560K)
[14668.685s][info][gc,heap        ] GC(32178) ParOldGen: 495478K(495616K)->495526K(495616K)
[14668.685s][info][gc,metaspace   ] GC(32178) Metaspace: 62364K(62592K)->62364K(62592K) NonClass: 53326K(53504K)->53326K(53504K) Class: 9037K(9088K)->9037K(9088K)
[14668.685s][info][gc             ] GC(32178) Pause Young (Allocation Failure) 564M->484M(566M) 2.770ms
[14668.685s][info][gc,cpu         ] GC(32178) User=0.01s Sys=0.01s Real=0.01s
[14669.143s][info][gc,start       ] GC(32179) Pause Young (Allocation Failure)
[14669.146s][info][gc,heap        ] GC(32179) PSYoungGen: 82400K(84480K)->1312K(84480K) Eden: 81920K(81920K)->0K(81920K) From: 480K(2560K)->1312K(2560K)
[14669.146s][info][gc,heap        ] GC(32179) ParOldGen: 495526K(495616K)->495582K(495616K)
[14669.146s][info][gc,metaspace   ] GC(32179) Metaspace: 62364K(62592K)->62364K(62592K) NonClass: 53326K(53504K)->53326K(53504K) Class: 9037K(9088K)->9037K(9088K)
[14669.146s][info][gc             ] GC(32179) Pause Young (Allocation Failure) 564M->485M(566M) 3.810ms
[14669.147s][info][gc,cpu         ] GC(32179) User=0.01s Sys=0.00s Real=0.01s
[14669.628s][info][gc,start       ] GC(32180) Pause Young (Allocation Failure)
[14669.631s][info][gc,heap        ] GC(32180) PSYoungGen: 83232K(84480K)->1024K(84480K) Eden: 81920K(81920K)->0K(81920K) From: 1312K(2560K)->1024K(2560K)
[14669.631s][info][gc,heap        ] GC(32180) ParOldGen: 495582K(495616K)->495630K(496128K)
[14669.631s][info][gc,metaspace   ] GC(32180) Metaspace: 62364K(62592K)->62364K(62592K) NonClass: 53326K(53504K)->53326K(53504K) Class: 9037K(9088K)->9037K(9088K)
[14669.631s][info][gc             ] GC(32180) Pause Young (Allocation Failure) 565M->485M(567M) 3.535ms
[14669.631s][info][gc,cpu         ] GC(32180) User=0.01s Sys=0.00s Real=0.00s
[14670.112s][info][gc,start       ] GC(32181) Pause Young (Allocation Failure)
[14670.115s][info][gc,heap        ] GC(32181) PSYoungGen: 82944K(84480K)->1856K(84480K) Eden: 81920K(81920K)->0K(81920K) From: 1024K(2560K)->1856K(2560K)
[14670.115s][info][gc,heap        ] GC(32181) ParOldGen: 495630K(496128K)->495686K(496128K)
[14670.115s][info][gc,metaspace   ] GC(32181) Metaspace: 62364K(62592K)->62364K(62592K) NonClass: 53326K(53504K)->53326K(53504K) Class: 9037K(9088K)->9037K(9088K)
[14670.115s][info][gc             ] GC(32181) Pause Young (Allocation Failure) 565M->485M(567M) 3.234ms
[14670.115s][info][gc,cpu         ] GC(32181) User=0.01s Sys=0.00s Real=0.01s
[14670.597s][info][gc,start       ] GC(32182) Pause Young (Allocation Failure)
[14670.601s][info][gc,heap        ] GC(32182) PSYoungGen: 83776K(84480K)->704K(84480K) Eden: 81920K(81920K)->0K(81920K) From: 1856K(2560K)->704K(2560K)
[14670.601s][info][gc,heap        ] GC(32182) ParOldGen: 495686K(496128K)->497790K(499200K)
[14670.601s][info][gc,metaspace   ] GC(32182) Metaspace: 62364K(62592K)->62364K(62592K) NonClass: 53326K(53504K)->53326K(53504K) Class: 9037K(9088K)->9037K(9088K)
[14670.601s][info][gc             ] GC(32182) Pause Young (Allocation Failure) 565M->486M(570M) 4.154ms
[14670.601s][info][gc,cpu         ] GC(32182) User=0.01s Sys=0.00s Real=0.00s
[14671.057s][info][gc,start       ] GC(32183) Pause Young (Allocation Failure)
[14671.061s][info][gc,heap        ] GC(32183) PSYoungGen: 82624K(84480K)->1504K(84480K) Eden: 81920K(81920K)->0K(81920K) From: 704K(2560K)->1504K(2560K)
[14671.061s][info][gc,heap        ] GC(32183) ParOldGen: 497790K(499200K)->497838K(499200K)
[14671.061s][info][gc,metaspace   ] GC(32183) Metaspace: 62364K(62592K)->62364K(62592K) NonClass: 53326K(53504K)->53326K(53504K) Class: 9037K(9088K)->9037K(9088K)
[14671.061s][info][gc             ] GC(32183) Pause Young (Allocation Failure) 566M->487M(570M) 3.949ms
[14671.061s][info][gc,cpu         ] GC(32183) User=0.01s Sys=0.00s Real=0.00s
[14671.478s][info][gc,start       ] GC(32184) Pause Young (Allocation Failure)
[14671.480s][info][gc,heap        ] GC(32184) PSYoungGen: 83424K(84480K)->384K(84480K) Eden: 81920K(81920K)->0K(81920K) From: 1504K(2560K)->384K(2560K)
[14671.480s][info][gc,heap        ] GC(32184) ParOldGen: 497838K(499200K)->497894K(499200K)
[14671.480s][info][gc,metaspace   ] GC(32184) Metaspace: 62364K(62592K)->62364K(62592K) NonClass: 53326K(53504K)->53326K(53504K) Class: 9037K(9088K)->9037K(9088K)
[14671.480s][info][gc             ] GC(32184) Pause Young (Allocation Failure) 567M->486M(570M) 2.615ms
[14671.480s][info][gc,cpu         ] GC(32184) User=0.00s Sys=0.00s Real=0.00s
[14672.051s][info][gc,start       ] GC(32185) Pause Young (Allocation Failure)
[14672.055s][info][gc,heap        ] GC(32185) PSYoungGen: 82304K(84480K)->1312K(84480K) Eden: 81920K(81920K)->0K(81920K) From: 384K(2560K)->1312K(2560K)
[14672.055s][info][gc,heap        ] GC(32185) ParOldGen: 497894K(499200K)->497950K(499200K)
[14672.055s][info][gc,metaspace   ] GC(32185) Metaspace: 62364K(62592K)->62364K(62592K) NonClass: 53326K(53504K)->53326K(53504K) Class: 9037K(9088K)->9037K(9088K)
[14672.055s][info][gc             ] GC(32185) Pause Young (Allocation Failure) 566M->487M(570M) 3.621ms
[14672.055s][info][gc,cpu         ] GC(32185) User=0.01s Sys=0.00s Real=0.01s
[14672.518s][info][gc,start       ] GC(32186) Pause Young (Allocation Failure)
[14672.521s][info][gc,heap        ] GC(32186) PSYoungGen: 83232K(84480K)->960K(84480K) Eden: 81920K(81920K)->0K(81920K) From: 1312K(2560K)->960K(2560K)
[14672.521s][info][gc,heap        ] GC(32186) ParOldGen: 497950K(499200K)->498054K(499200K)
[14672.521s][info][gc,metaspace   ] GC(32186) Metaspace: 62364K(62592K)->62364K(62592K) NonClass: 53326K(53504K)->53326K(53504K) Class: 9037K(9088K)->9037K(9088K)
[14672.522s][info][gc             ] GC(32186) Pause Young (Allocation Failure) 567M->487M(570M) 3.370ms
[14672.522s][info][gc,cpu         ] GC(32186) User=0.01s Sys=0.00s Real=0.00s
[14673.006s][info][gc,start       ] GC(32187) Pause Young (Allocation Failure)
[14673.009s][info][gc,heap        ] GC(32187) PSYoungGen: 82880K(84480K)->800K(84480K) Eden: 81920K(81920K)->0K(81920K) From: 960K(2560K)->800K(2560K)
[14673.009s][info][gc,heap        ] GC(32187) ParOldGen: 498054K(499200K)->498102K(499200K)
[14673.009s][info][gc,metaspace   ] GC(32187) Metaspace: 62364K(62592K)->62364K(62592K) NonClass: 53326K(53504K)->53326K(53504K) Class: 9037K(9088K)->9037K(9088K)
[14673.009s][info][gc             ] GC(32187) Pause Young (Allocation Failure) 567M->487M(570M) 3.215ms
[14673.009s][info][gc,cpu         ] GC(32187) User=0.01s Sys=0.00s Real=0.00s
[14673.435s][info][gc,start       ] GC(32188) Pause Young (Allocation Failure)
[14673.439s][info][gc,heap        ] GC(32188) PSYoungGen: 82720K(84480K)->1344K(84480K) Eden: 81920K(81920K)->0K(81920K) From: 800K(2560K)->1344K(2560K)
[14673.439s][info][gc,heap        ] GC(32188) ParOldGen: 498102K(499200K)->498158K(499200K)
[14673.439s][info][gc,metaspace   ] GC(32188) Metaspace: 62364K(62592K)->62364K(62592K) NonClass: 53326K(53504K)->53326K(53504K) Class: 9037K(9088K)->9037K(9088K)
[14673.439s][info][gc             ] GC(32188) Pause Young (Allocation Failure) 567M->487M(570M) 3.661ms
[14673.439s][info][gc,cpu         ] GC(32188) User=0.01s Sys=0.00s Real=0.00s
[14674.016s][info][gc,start       ] GC(32189) Pause Young (Allocation Failure)
[14674.019s][info][gc,heap        ] GC(32189) PSYoungGen: 83264K(84480K)->800K(84480K) Eden: 81920K(81920K)->0K(81920K) From: 1344K(2560K)->800K(2560K)
[14674.019s][info][gc,heap        ] GC(32189) ParOldGen: 498158K(499200K)->498206K(499200K)
[14674.019s][info][gc,metaspace   ] GC(32189) Metaspace: 62364K(62592K)->62364K(62592K) NonClass: 53326K(53504K)->53326K(53504K) Class: 9037K(9088K)->9037K(9088K)
[14674.019s][info][gc             ] GC(32189) Pause Young (Allocation Failure) 567M->487M(570M) 3.263ms
[14674.019s][info][gc,cpu         ] GC(32189) User=0.01s Sys=0.00s Real=0.00s
[14674.531s][info][gc,start       ] GC(32190) Pause Young (Allocation Failure)
[14674.534s][info][gc,heap        ] GC(32190) PSYoungGen: 82720K(84480K)->1056K(84992K) Eden: 81920K(81920K)->0K(82432K) From: 800K(2560K)->1056K(2560K)
[14674.534s][info][gc,heap        ] GC(32190) ParOldGen: 498206K(499200K)->498262K(499200K)
[14674.534s][info][gc,metaspace   ] GC(32190) Metaspace: 62364K(62592K)->62364K(62592K) NonClass: 53326K(53504K)->53326K(53504K) Class: 9037K(9088K)->9037K(9088K)
[14674.534s][info][gc             ] GC(32190) Pause Young (Allocation Failure) 567M->487M(570M) 3.404ms
[14674.534s][info][gc,cpu         ] GC(32190) User=0.01s Sys=0.00s Real=0.00s
[14675.002s][info][gc,start       ] GC(32191) Pause Young (Allocation Failure)
[14675.005s][info][gc,heap        ] GC(32191) PSYoungGen: 83488K(84992K)->1792K(84480K) Eden: 82432K(82432K)->0K(82432K) From: 1056K(2560K)->1792K(2048K)
[14675.006s][info][gc,heap        ] GC(32191) ParOldGen: 498262K(499200K)->498318K(499200K)
[14675.006s][info][gc,metaspace   ] GC(32191) Metaspace: 62364K(62592K)->62364K(62592K) NonClass: 53326K(53504K)->53326K(53504K) Class: 9037K(9088K)->9037K(9088K)
[14675.006s][info][gc             ] GC(32191) Pause Young (Allocation Failure) 568M->488M(570M) 3.160ms
[14675.006s][info][gc,cpu         ] GC(32191) User=0.01s Sys=0.00s Real=0.01s
[14675.480s][info][gc,start       ] GC(32192) Pause Young (Allocation Failure)
[14675.483s][info][gc,heap        ] GC(32192) PSYoungGen: 84224K(84480K)->416K(84480K) Eden: 82432K(82432K)->0K(81920K) From: 1792K(2048K)->416K(2560K)
[14675.483s][info][gc,heap        ] GC(32192) ParOldGen: 498318K(499200K)->500422K(500736K)
[14675.483s][info][gc,metaspace   ] GC(32192) Metaspace: 62364K(62592K)->62364K(62592K) NonClass: 53326K(53504K)->53326K(53504K) Class: 9037K(9088K)->9037K(9088K)
[14675.483s][info][gc             ] GC(32192) Pause Young (Allocation Failure) 568M->489M(571M) 3.775ms
[14675.483s][info][gc,cpu         ] GC(32192) User=0.01s Sys=0.00s Real=0.00s
[14675.984s][info][gc,start       ] GC(32193) Pause Young (Allocation Failure)
[14675.986s][info][gc,heap        ] GC(32193) PSYoungGen: 82336K(84480K)->480K(84480K) Eden: 81920K(81920K)->0K(81920K) From: 416K(2560K)->480K(2560K)
[14675.986s][info][gc,heap        ] GC(32193) ParOldGen: 500422K(500736K)->500470K(500736K)
[14675.986s][info][gc,metaspace   ] GC(32193) Metaspace: 62364K(62592K)->62364K(62592K) NonClass: 53326K(53504K)->53326K(53504K) Class: 9037K(9088K)->9037K(9088K)
[14675.986s][info][gc             ] GC(32193) Pause Young (Allocation Failure) 569M->489M(571M) 2.744ms
[14675.986s][info][gc,cpu         ] GC(32193) User=0.01s Sys=0.00s Real=0.01s
[14676.482s][info][gc,start       ] GC(32194) Pause Young (Allocation Failure)
[14676.485s][info][gc,heap        ] GC(32194) PSYoungGen: 82400K(84480K)->448K(84480K) Eden: 81920K(81920K)->0K(81920K) From: 480K(2560K)->448K(2560K)
[14676.485s][info][gc,heap        ] GC(32194) ParOldGen: 500470K(500736K)->500526K(500736K)
[14676.485s][info][gc,metaspace   ] GC(32194) Metaspace: 62364K(62592K)->62364K(62592K) NonClass: 53326K(53504K)->53326K(53504K) Class: 9037K(9088K)->9037K(9088K)
[14676.485s][info][gc             ] GC(32194) Pause Young (Allocation Failure) 569M->489M(571M) 2.662ms
[14676.485s][info][gc,cpu         ] GC(32194) User=0.00s Sys=0.00s Real=0.01s
[14676.919s][info][gc,start       ] GC(32195) Pause Young (Allocation Failure)
[14676.923s][info][gc,heap        ] GC(32195) PSYoungGen: 82368K(84480K)->1056K(84480K) Eden: 81920K(81920K)->0K(81920K) From: 448K(2560K)->1056K(2560K)
[14676.923s][info][gc,heap        ] GC(32195) ParOldGen: 500526K(500736K)->500582K(500736K)
[14676.923s][info][gc,metaspace   ] GC(32195) Metaspace: 62364K(62592K)->62364K(62592K) NonClass: 53326K(53504K)->53326K(53504K) Class: 9037K(9088K)->9037K(9088K)
[14676.923s][info][gc             ] GC(32195) Pause Young (Allocation Failure) 569M->489M(571M) 3.419ms
[14676.923s][info][gc,cpu         ] GC(32195) User=0.00s Sys=0.00s Real=0.00s
[14677.360s][info][gc,start       ] GC(32196) Pause Young (Allocation Failure)
[14677.364s][info][gc,heap        ] GC(32196) PSYoungGen: 82976K(84480K)->1632K(83968K) Eden: 81920K(81920K)->0K(81920K) From: 1056K(2560K)->1632K(2048K)
[14677.364s][info][gc,heap        ] GC(32196) ParOldGen: 500582K(500736K)->500630K(500736K)
[14677.364s][info][gc,metaspace   ] GC(32196) Metaspace: 62364K(62592K)->62364K(62592K) NonClass: 53326K(53504K)->53326K(53504K) Class: 9037K(9088K)->9037K(9088K)
[14677.365s][info][gc             ] GC(32196) Pause Young (Allocation Failure) 569M->490M(571M) 4.067ms
[14677.365s][info][gc,cpu         ] GC(32196) User=0.00s Sys=0.00s Real=0.01s
[14677.820s][info][gc,start       ] GC(32197) Pause Young (Allocation Failure)
[14677.823s][info][gc,heap        ] GC(32197) PSYoungGen: 83552K(83968K)->928K(84480K) Eden: 81920K(81920K)->0K(81920K) From: 1632K(2048K)->928K(2560K)
[14677.823s][info][gc,heap        ] GC(32197) ParOldGen: 500630K(500736K)->500686K(500736K)
[14677.823s][info][gc,metaspace   ] GC(32197) Metaspace: 62364K(62592K)->62364K(62592K) NonClass: 53326K(53504K)->53326K(53504K) Class: 9037K(9088K)->9037K(9088K)
[14677.823s][info][gc             ] GC(32197) Pause Young (Allocation Failure) 570M->489M(571M) 3.343ms
[14677.823s][info][gc,cpu         ] GC(32197) User=0.01s Sys=0.00s Real=0.00s
[14678.321s][info][gc,start       ] GC(32198) Pause Young (Allocation Failure)
[14678.324s][info][gc,heap        ] GC(32198) PSYoungGen: 82848K(84480K)->960K(84992K) Eden: 81920K(81920K)->0K(82432K) From: 928K(2560K)->960K(2560K)
[14678.324s][info][gc,heap        ] GC(32198) ParOldGen: 500686K(500736K)->500750K(501248K)
[14678.325s][info][gc,metaspace   ] GC(32198) Metaspace: 62364K(62592K)->62364K(62592K) NonClass: 53326K(53504K)->53326K(53504K) Class: 9037K(9088K)->9037K(9088K)
[14678.325s][info][gc             ] GC(32198) Pause Young (Allocation Failure) 569M->489M(572M) 3.441ms
[14678.325s][info][gc,cpu         ] GC(32198) User=0.00s Sys=0.00s Real=0.01s
[14678.794s][info][gc,start       ] GC(32199) Pause Young (Allocation Failure)
[14678.797s][info][gc,heap        ] GC(32199) PSYoungGen: 83392K(84992K)->640K(84480K) Eden: 82432K(82432K)->0K(82432K) From: 960K(2560K)->640K(2048K)
[14678.797s][info][gc,heap        ] GC(32199) ParOldGen: 500750K(501248K)->500806K(501248K)
[14678.797s][info][gc,metaspace   ] GC(32199) Metaspace: 62364K(62592K)->62364K(62592K) NonClass: 53326K(53504K)->53326K(53504K) Class: 9037K(9088K)->9037K(9088K)
[14678.797s][info][gc             ] GC(32199) Pause Young (Allocation Failure) 570M->489M(572M) 2.947ms
[14678.797s][info][gc,cpu         ] GC(32199) User=0.01s Sys=0.00s Real=0.00s
[14679.260s][info][gc,start       ] GC(32200) Pause Young (Allocation Failure)
[14679.264s][info][gc,heap        ] GC(32200) PSYoungGen: 83072K(84480K)->1536K(83968K) Eden: 82432K(82432K)->0K(81920K) From: 640K(2048K)->1536K(2048K)
[14679.265s][info][gc,heap        ] GC(32200) ParOldGen: 500806K(501248K)->500854K(501248K)
[14679.265s][info][gc,metaspace   ] GC(32200) Metaspace: 62364K(62592K)->62364K(62592K) NonClass: 53326K(53504K)->53326K(53504K) Class: 9037K(9088K)->9037K(9088K)
[14679.265s][info][gc             ] GC(32200) Pause Young (Allocation Failure) 570M->490M(571M) 4.245ms
[14679.265s][info][gc,cpu         ] GC(32200) User=0.00s Sys=0.00s Real=0.01s
[14679.734s][info][gc,start       ] GC(32201) Pause Young (Allocation Failure)
[14679.737s][info][gc,heap        ] GC(32201) PSYoungGen: 83456K(83968K)->1216K(84480K) Eden: 81920K(81920K)->0K(81920K) From: 1536K(2048K)->1216K(2560K)
[14679.737s][info][gc,heap        ] GC(32201) ParOldGen: 500854K(501248K)->500910K(501248K)
[14679.737s][info][gc,metaspace   ] GC(32201) Metaspace: 62364K(62592K)->62364K(62592K) NonClass: 53326K(53504K)->53326K(53504K) Class: 9037K(9088K)->9037K(9088K)
[14679.737s][info][gc             ] GC(32201) Pause Young (Allocation Failure) 570M->490M(572M) 3.661ms
[14679.738s][info][gc,cpu         ] GC(32201) User=0.01s Sys=0.00s Real=0.01s
[14680.214s][info][gc,start       ] GC(32202) Pause Young (Allocation Failure)
[14680.218s][info][gc,heap        ] GC(32202) PSYoungGen: 83136K(84480K)->2032K(83968K) Eden: 81920K(81920K)->0K(81920K) From: 1216K(2560K)->2032K(2048K)
[14680.218s][info][gc,heap        ] GC(32202) ParOldGen: 500910K(501248K)->501990K(502784K)
[14680.218s][info][gc,metaspace   ] GC(32202) Metaspace: 62364K(62592K)->62364K(62592K) NonClass: 53326K(53504K)->53326K(53504K) Class: 9037K(9088K)->9037K(9088K)
[14680.218s][info][gc             ] GC(32202) Pause Young (Allocation Failure) 570M->492M(573M) 3.902ms
[14680.218s][info][gc,cpu         ] GC(32202) User=0.01s Sys=0.00s Real=0.00s
[14680.659s][info][gc,start       ] GC(32203) Pause Young (Allocation Failure)
[14680.663s][info][gc,heap        ] GC(32203) PSYoungGen: 83952K(83968K)->1600K(84480K) Eden: 81920K(81920K)->0K(81920K) From: 2032K(2048K)->1600K(2560K)
[14680.663s][info][gc,heap        ] GC(32203) ParOldGen: 501990K(502784K)->503118K(504320K)
[14680.663s][info][gc,metaspace   ] GC(32203) Metaspace: 62364K(62592K)->62364K(62592K) NonClass: 53326K(53504K)->53326K(53504K) Class: 9037K(9088K)->9037K(9088K)
[14680.663s][info][gc             ] GC(32203) Pause Young (Allocation Failure) 572M->492M(575M) 4.615ms
[14680.663s][info][gc,cpu         ] GC(32203) User=0.01s Sys=0.00s Real=0.00s
[14681.117s][info][gc,start       ] GC(32204) Pause Young (Allocation Failure)
[14681.120s][info][gc,heap        ] GC(32204) PSYoungGen: 83520K(84480K)->896K(84480K) Eden: 81920K(81920K)->0K(81920K) From: 1600K(2560K)->896K(2560K)
[14681.120s][info][gc,heap        ] GC(32204) ParOldGen: 503118K(504320K)->503166K(504320K)
[14681.120s][info][gc,metaspace   ] GC(32204) Metaspace: 62364K(62592K)->62364K(62592K) NonClass: 53326K(53504K)->53326K(53504K) Class: 9037K(9088K)->9037K(9088K)
[14681.120s][info][gc             ] GC(32204) Pause Young (Allocation Failure) 572M->492M(575M) 3.328ms
[14681.120s][info][gc,cpu         ] GC(32204) User=0.00s Sys=0.00s Real=0.00s
[14681.617s][info][gc,start       ] GC(32205) Pause Young (Allocation Failure)
[14681.621s][info][gc,heap        ] GC(32205) PSYoungGen: 82816K(84480K)->928K(84480K) Eden: 81920K(81920K)->0K(81920K) From: 896K(2560K)->928K(2560K)
[14681.621s][info][gc,heap        ] GC(32205) ParOldGen: 503166K(504320K)->503222K(504320K)
[14681.621s][info][gc,metaspace   ] GC(32205) Metaspace: 62364K(62592K)->62364K(62592K) NonClass: 53326K(53504K)->53326K(53504K) Class: 9037K(9088K)->9037K(9088K)
[14681.621s][info][gc             ] GC(32205) Pause Young (Allocation Failure) 572M->492M(575M) 3.332ms
[14681.621s][info][gc,cpu         ] GC(32205) User=0.01s Sys=0.00s Real=0.00s
[14682.128s][info][gc,start       ] GC(32206) Pause Young (Allocation Failure)
[14682.132s][info][gc,heap        ] GC(32206) PSYoungGen: 82848K(84480K)->1024K(84480K) Eden: 81920K(81920K)->0K(81920K) From: 928K(2560K)->1024K(2560K)
[14682.132s][info][gc,heap        ] GC(32206) ParOldGen: 503222K(504320K)->503270K(504320K)
[14682.132s][info][gc,metaspace   ] GC(32206) Metaspace: 62364K(62592K)->62364K(62592K) NonClass: 53326K(53504K)->53326K(53504K) Class: 9037K(9088K)->9037K(9088K)
[14682.132s][info][gc             ] GC(32206) Pause Young (Allocation Failure) 572M->492M(575M) 3.535ms
[14682.132s][info][gc,cpu         ] GC(32206) User=0.00s Sys=0.00s Real=0.00s
[14682.631s][info][gc,start       ] GC(32207) Pause Young (Allocation Failure)
[14682.634s][info][gc,heap        ] GC(32207) PSYoungGen: 82944K(84480K)->1088K(84480K) Eden: 81920K(81920K)->0K(81920K) From: 1024K(2560K)->1088K(2560K)
[14682.634s][info][gc,heap        ] GC(32207) ParOldGen: 503270K(504320K)->503326K(504320K)
[14682.634s][info][gc,metaspace   ] GC(32207) Metaspace: 62364K(62592K)->62364K(62592K) NonClass: 53326K(53504K)->53326K(53504K) Class: 9037K(9088K)->9037K(9088K)
[14682.634s][info][gc             ] GC(32207) Pause Young (Allocation Failure) 572M->492M(575M) 3.523ms
[14682.634s][info][gc,cpu         ] GC(32207) User=0.01s Sys=0.00s Real=0.01s
[14683.117s][info][gc,start       ] GC(32208) Pause Young (Allocation Failure)
[14683.120s][info][gc,heap        ] GC(32208) PSYoungGen: 83008K(84480K)->960K(84992K) Eden: 81920K(81920K)->0K(82944K) From: 1088K(2560K)->960K(2048K)
[14683.120s][info][gc,heap        ] GC(32208) ParOldGen: 503326K(504320K)->503382K(504320K)
[14683.120s][info][gc,metaspace   ] GC(32208) Metaspace: 62364K(62592K)->62364K(62592K) NonClass: 53326K(53504K)->53326K(53504K) Class: 9037K(9088K)->9037K(9088K)
[14683.120s][info][gc             ] GC(32208) Pause Young (Allocation Failure) 572M->492M(575M) 3.315ms
[14683.120s][info][gc,cpu         ] GC(32208) User=0.00s Sys=0.00s Real=0.00s
[14683.595s][info][gc,start       ] GC(32209) Pause Young (Allocation Failure)
[14683.598s][info][gc,heap        ] GC(32209) PSYoungGen: 83904K(84992K)->672K(84992K) Eden: 82944K(82944K)->0K(82944K) From: 960K(2048K)->672K(2048K)
[14683.598s][info][gc,heap        ] GC(32209) ParOldGen: 503382K(504320K)->503438K(504320K)
[14683.598s][info][gc,metaspace   ] GC(32209) Metaspace: 62364K(62592K)->62364K(62592K) NonClass: 53326K(53504K)->53326K(53504K) Class: 9037K(9088K)->9037K(9088K)
[14683.598s][info][gc             ] GC(32209) Pause Young (Allocation Failure) 573M->492M(575M) 2.979ms
[14683.598s][info][gc,cpu         ] GC(32209) User=0.01s Sys=0.00s Real=0.00s
[14684.129s][info][gc,start       ] GC(32210) Pause Young (Allocation Failure)
[14684.133s][info][gc,heap        ] GC(32210) PSYoungGen: 83616K(84992K)->1056K(84992K) Eden: 82944K(82944K)->0K(82944K) From: 672K(2048K)->1056K(2048K)
[14684.133s][info][gc,heap        ] GC(32210) ParOldGen: 503438K(504320K)->503494K(504320K)
[14684.133s][info][gc,metaspace   ] GC(32210) Metaspace: 62364K(62592K)->62364K(62592K) NonClass: 53326K(53504K)->53326K(53504K) Class: 9037K(9088K)->9037K(9088K)
[14684.133s][info][gc             ] GC(32210) Pause Young (Allocation Failure) 573M->492M(575M) 3.492ms
[14684.133s][info][gc,cpu         ] GC(32210) User=0.00s Sys=0.00s Real=0.00s
[14684.645s][info][gc,start       ] GC(32211) Pause Young (Allocation Failure)
[14684.649s][info][gc,heap        ] GC(32211) PSYoungGen: 84000K(84992K)->1216K(84992K) Eden: 82944K(82944K)->0K(82944K) From: 1056K(2048K)->1216K(2048K)
[14684.649s][info][gc,heap        ] GC(32211) ParOldGen: 503494K(504320K)->503550K(504320K)
[14684.649s][info][gc,metaspace   ] GC(32211) Metaspace: 62364K(62592K)->62364K(62592K) NonClass: 53326K(53504K)->53326K(53504K) Class: 9037K(9088K)->9037K(9088K)
[14684.649s][info][gc             ] GC(32211) Pause Young (Allocation Failure) 573M->492M(575M) 3.636ms
[14684.649s][info][gc,cpu         ] GC(32211) User=0.01s Sys=0.00s Real=0.00s
[14685.147s][info][gc,start       ] GC(32212) Pause Young (Allocation Failure)
[14685.151s][info][gc,heap        ] GC(32212) PSYoungGen: 84160K(84992K)->1280K(84992K) Eden: 82944K(82944K)->0K(82944K) From: 1216K(2048K)->1280K(2048K)
[14685.151s][info][gc,heap        ] GC(32212) ParOldGen: 503550K(504320K)->503598K(504320K)
[14685.151s][info][gc,metaspace   ] GC(32212) Metaspace: 62364K(62592K)->62364K(62592K) NonClass: 53326K(53504K)->53326K(53504K) Class: 9037K(9088K)->9037K(9088K)
[14685.151s][info][gc             ] GC(32212) Pause Young (Allocation Failure) 573M->493M(575M) 3.642ms
[14685.151s][info][gc,cpu         ] GC(32212) User=0.01s Sys=0.00s Real=0.00s
[14685.663s][info][gc,start       ] GC(32213) Pause Young (Allocation Failure)
[14685.665s][info][gc,heap        ] GC(32213) PSYoungGen: 84224K(84992K)->224K(84992K) Eden: 82944K(82944K)->0K(82944K) From: 1280K(2048K)->224K(2048K)
[14685.665s][info][gc,heap        ] GC(32213) ParOldGen: 503598K(504320K)->503646K(504320K)
[14685.665s][info][gc,metaspace   ] GC(32213) Metaspace: 62364K(62592K)->62364K(62592K) NonClass: 53326K(53504K)->53326K(53504K) Class: 9037K(9088K)->9037K(9088K)
[14685.665s][info][gc             ] GC(32213) Pause Young (Allocation Failure) 574M->492M(575M) 2.444ms
[14685.665s][info][gc,cpu         ] GC(32213) User=0.01s Sys=0.00s Real=0.01s
[14686.187s][info][gc,start       ] GC(32214) Pause Young (Allocation Failure)
[14686.190s][info][gc,heap        ] GC(32214) PSYoungGen: 83168K(84992K)->512K(84992K) Eden: 82944K(82944K)->0K(82944K) From: 224K(2048K)->512K(2048K)
[14686.190s][info][gc,heap        ] GC(32214) ParOldGen: 503646K(504320K)->503702K(504320K)
[14686.190s][info][gc,metaspace   ] GC(32214) Metaspace: 62364K(62592K)->62364K(62592K) NonClass: 53326K(53504K)->53326K(53504K) Class: 9037K(9088K)->9037K(9088K)
[14686.190s][info][gc             ] GC(32214) Pause Young (Allocation Failure) 573M->492M(575M) 2.833ms
[14686.190s][info][gc,cpu         ] GC(32214) User=0.01s Sys=0.00s Real=0.00s
[14686.705s][info][gc,start       ] GC(32215) Pause Young (Allocation Failure)
[14686.708s][info][gc,heap        ] GC(32215) PSYoungGen: 83456K(84992K)->800K(84992K) Eden: 82944K(82944K)->0K(82944K) From: 512K(2048K)->800K(2048K)
[14686.708s][info][gc,heap        ] GC(32215) ParOldGen: 503702K(504320K)->503758K(504320K)
[14686.708s][info][gc,metaspace   ] GC(32215) Metaspace: 62364K(62592K)->62364K(62592K) NonClass: 53326K(53504K)->53326K(53504K) Class: 9037K(9088K)->9037K(9088K)
[14686.708s][info][gc             ] GC(32215) Pause Young (Allocation Failure) 573M->492M(575M) 3.060ms
[14686.708s][info][gc,cpu         ] GC(32215) User=0.00s Sys=0.00s Real=0.00s
[14687.153s][info][gc,start       ] GC(32216) Pause Young (Allocation Failure)
[14687.157s][info][gc,heap        ] GC(32216) PSYoungGen: 83744K(84992K)->1536K(84992K) Eden: 82944K(82944K)->0K(82944K) From: 800K(2048K)->1536K(2048K)
[14687.157s][info][gc,heap        ] GC(32216) ParOldGen: 503758K(504320K)->503806K(504320K)
[14687.157s][info][gc,metaspace   ] GC(32216) Metaspace: 62364K(62592K)->62364K(62592K) NonClass: 53326K(53504K)->53326K(53504K) Class: 9037K(9088K)->9037K(9088K)
[14687.157s][info][gc             ] GC(32216) Pause Young (Allocation Failure) 573M->493M(575M) 3.993ms
[14687.157s][info][gc,cpu         ] GC(32216) User=0.00s Sys=0.00s Real=0.01s
[14687.605s][info][gc,start       ] GC(32217) Pause Young (Allocation Failure)
[14687.608s][info][gc,heap        ] GC(32217) PSYoungGen: 84480K(84992K)->800K(84992K) Eden: 82944K(82944K)->0K(82944K) From: 1536K(2048K)->800K(2048K)
[14687.608s][info][gc,heap        ] GC(32217) ParOldGen: 503806K(504320K)->503854K(504320K)
[14687.608s][info][gc,metaspace   ] GC(32217) Metaspace: 62364K(62592K)->62364K(62592K) NonClass: 53326K(53504K)->53326K(53504K) Class: 9037K(9088K)->9037K(9088K)
[14687.608s][info][gc             ] GC(32217) Pause Young (Allocation Failure) 574M->492M(575M) 3.116ms
[14687.608s][info][gc,cpu         ] GC(32217) User=0.00s Sys=0.00s Real=0.00s
[14688.158s][info][gc,start       ] GC(32218) Pause Young (Allocation Failure)
[14688.162s][info][gc,heap        ] GC(32218) PSYoungGen: 83744K(84992K)->1376K(84992K) Eden: 82944K(82944K)->0K(82944K) From: 800K(2048K)->1376K(2048K)
[14688.162s][info][gc,heap        ] GC(32218) ParOldGen: 503854K(504320K)->503910K(504320K)
[14688.162s][info][gc,metaspace   ] GC(32218) Metaspace: 62364K(62592K)->62364K(62592K) NonClass: 53326K(53504K)->53326K(53504K) Class: 9037K(9088K)->9037K(9088K)
[14688.162s][info][gc             ] GC(32218) Pause Young (Allocation Failure) 573M->493M(575M) 3.771ms
[14688.162s][info][gc,cpu         ] GC(32218) User=0.00s Sys=0.00s Real=0.00s
[14688.657s][info][gc,start       ] GC(32219) Pause Young (Allocation Failure)
[14688.661s][info][gc,heap        ] GC(32219) PSYoungGen: 84320K(84992K)->1408K(84992K) Eden: 82944K(82944K)->0K(82944K) From: 1376K(2048K)->1408K(2048K)
[14688.661s][info][gc,heap        ] GC(32219) ParOldGen: 503910K(504320K)->504014K(504320K)
[14688.661s][info][gc,metaspace   ] GC(32219) Metaspace: 62364K(62592K)->62364K(62592K) NonClass: 53326K(53504K)->53326K(53504K) Class: 9037K(9088K)->9037K(9088K)
[14688.661s][info][gc             ] GC(32219) Pause Young (Allocation Failure) 574M->493M(575M) 3.943ms
[14688.661s][info][gc,cpu         ] GC(32219) User=0.01s Sys=0.00s Real=0.00s
[14689.190s][info][gc,start       ] GC(32220) Pause Young (Allocation Failure)
[14689.193s][info][gc,heap        ] GC(32220) PSYoungGen: 84352K(84992K)->544K(84992K) Eden: 82944K(82944K)->0K(82944K) From: 1408K(2048K)->544K(2048K)
[14689.193s][info][gc,heap        ] GC(32220) ParOldGen: 504014K(504320K)->504070K(504320K)
[14689.193s][info][gc,metaspace   ] GC(32220) Metaspace: 62364K(62592K)->62364K(62592K) NonClass: 53326K(53504K)->53326K(53504K) Class: 9037K(9088K)->9037K(9088K)
[14689.193s][info][gc             ] GC(32220) Pause Young (Allocation Failure) 574M->492M(575M) 2.669ms
[14689.193s][info][gc,cpu         ] GC(32220) User=0.00s Sys=0.00s Real=0.00s
[14689.702s][info][gc,start       ] GC(32221) Pause Young (Allocation Failure)
[14689.705s][info][gc,heap        ] GC(32221) PSYoungGen: 83488K(84992K)->800K(84992K) Eden: 82944K(82944K)->0K(82944K) From: 544K(2048K)->800K(2048K)
[14689.705s][info][gc,heap        ] GC(32221) ParOldGen: 504070K(504320K)->504118K(504320K)
[14689.705s][info][gc,metaspace   ] GC(32221) Metaspace: 62364K(62592K)->62364K(62592K) NonClass: 53326K(53504K)->53326K(53504K) Class: 9037K(9088K)->9037K(9088K)
[14689.705s][info][gc             ] GC(32221) Pause Young (Allocation Failure) 573M->493M(575M) 3.143ms
[14689.705s][info][gc,cpu         ] GC(32221) User=0.01s Sys=0.00s Real=0.01s
[14690.143s][info][gc,start       ] GC(32222) Pause Young (Allocation Failure)
[14690.146s][info][gc,heap        ] GC(32222) PSYoungGen: 83744K(84992K)->1408K(84992K) Eden: 82944K(82944K)->0K(82944K) From: 800K(2048K)->1408K(2048K)
[14690.147s][info][gc,heap        ] GC(32222) ParOldGen: 504118K(504320K)->504166K(504320K)
[14690.147s][info][gc,metaspace   ] GC(32222) Metaspace: 62364K(62592K)->62364K(62592K) NonClass: 53326K(53504K)->53326K(53504K) Class: 9037K(9088K)->9037K(9088K)
[14690.147s][info][gc             ] GC(32222) Pause Young (Allocation Failure) 574M->493M(575M) 3.781ms
[14690.147s][info][gc,cpu         ] GC(32222) User=0.01s Sys=0.00s Real=0.01s
[14690.588s][info][gc,start       ] GC(32223) Pause Young (Allocation Failure)
[14690.591s][info][gc,heap        ] GC(32223) PSYoungGen: 84352K(84992K)->1600K(84992K) Eden: 82944K(82944K)->0K(82944K) From: 1408K(2048K)->1600K(2048K)
[14690.591s][info][gc,heap        ] GC(32223) ParOldGen: 504166K(504320K)->504222K(504320K)
[14690.591s][info][gc,metaspace   ] GC(32223) Metaspace: 62364K(62592K)->62364K(62592K) NonClass: 53326K(53504K)->53326K(53504K) Class: 9037K(9088K)->9037K(9088K)
[14690.591s][info][gc             ] GC(32223) Pause Young (Allocation Failure) 574M->493M(575M) 2.903ms
[14690.591s][info][gc,cpu         ] GC(32223) User=0.00s Sys=0.00s Real=0.00s
[14691.036s][info][gc,start       ] GC(32224) Pause Young (Allocation Failure)
[14691.040s][info][gc,heap        ] GC(32224) PSYoungGen: 84544K(84992K)->1280K(83968K) Eden: 82944K(82944K)->0K(81920K) From: 1600K(2048K)->1280K(2048K)
[14691.040s][info][gc,heap        ] GC(32224) ParOldGen: 504222K(504320K)->505302K(505856K)
[14691.040s][info][gc,metaspace   ] GC(32224) Metaspace: 62364K(62592K)->62364K(62592K) NonClass: 53326K(53504K)->53326K(53504K) Class: 9037K(9088K)->9037K(9088K)
[14691.040s][info][gc             ] GC(32224) Pause Young (Allocation Failure) 574M->494M(576M) 4.200ms
[14691.040s][info][gc,cpu         ] GC(32224) User=0.00s Sys=0.00s Real=0.00s
[14691.504s][info][gc,start       ] GC(32225) Pause Young (Allocation Failure)
[14691.507s][info][gc,heap        ] GC(32225) PSYoungGen: 83200K(83968K)->800K(84480K) Eden: 81920K(81920K)->0K(81920K) From: 1280K(2048K)->800K(2560K)
[14691.507s][info][gc,heap        ] GC(32225) ParOldGen: 505302K(505856K)->505358K(505856K)
[14691.507s][info][gc,metaspace   ] GC(32225) Metaspace: 62364K(62592K)->62364K(62592K) NonClass: 53326K(53504K)->53326K(53504K) Class: 9037K(9088K)->9037K(9088K)
[14691.507s][info][gc             ] GC(32225) Pause Young (Allocation Failure) 574M->494M(576M) 3.239ms
[14691.507s][info][gc,cpu         ] GC(32225) User=0.00s Sys=0.00s Real=0.01s
[14691.990s][info][gc,start       ] GC(32226) Pause Young (Allocation Failure)
[14691.993s][info][gc,heap        ] GC(32226) PSYoungGen: 82720K(84480K)->608K(84992K) Eden: 81920K(81920K)->0K(82944K) From: 800K(2560K)->608K(2048K)
[14691.993s][info][gc,heap        ] GC(32226) ParOldGen: 505358K(505856K)->505414K(505856K)
[14691.993s][info][gc,metaspace   ] GC(32226) Metaspace: 62364K(62592K)->62364K(62592K) NonClass: 53326K(53504K)->53326K(53504K) Class: 9037K(9088K)->9037K(9088K)
[14691.993s][info][gc             ] GC(32226) Pause Young (Allocation Failure) 574M->494M(577M) 2.848ms
[14691.993s][info][gc,cpu         ] GC(32226) User=0.00s Sys=0.01s Real=0.00s
[14692.447s][info][gc,start       ] GC(32227) Pause Young (Allocation Failure)
[14692.451s][info][gc,heap        ] GC(32227) PSYoungGen: 83552K(84992K)->1376K(84480K) Eden: 82944K(82944K)->0K(82944K) From: 608K(2048K)->1376K(1536K)
[14692.451s][info][gc,heap        ] GC(32227) ParOldGen: 505414K(505856K)->505470K(505856K)
[14692.451s][info][gc,metaspace   ] GC(32227) Metaspace: 62364K(62592K)->62364K(62592K) NonClass: 53326K(53504K)->53326K(53504K) Class: 9037K(9088K)->9037K(9088K)
[14692.451s][info][gc             ] GC(32227) Pause Young (Allocation Failure) 575M->494M(576M) 3.824ms
[14692.451s][info][gc,cpu         ] GC(32227) User=0.01s Sys=0.00s Real=0.00s
[14692.888s][info][gc,start       ] GC(32228) Pause Young (Allocation Failure)
[14692.890s][info][gc,heap        ] GC(32228) PSYoungGen: 84320K(84480K)->608K(84992K) Eden: 82944K(82944K)->0K(82432K) From: 1376K(1536K)->608K(2560K)
[14692.890s][info][gc,heap        ] GC(32228) ParOldGen: 505470K(505856K)->505518K(505856K)
[14692.890s][info][gc,metaspace   ] GC(32228) Metaspace: 62364K(62592K)->62364K(62592K) NonClass: 53326K(53504K)->53326K(53504K) Class: 9037K(9088K)->9037K(9088K)
[14692.890s][info][gc             ] GC(32228) Pause Young (Allocation Failure) 575M->494M(577M) 2.829ms
[14692.890s][info][gc,cpu         ] GC(32228) User=0.01s Sys=0.00s Real=0.00s
[14693.327s][info][gc,start       ] GC(32229) Pause Young (Allocation Failure)
[14693.330s][info][gc,heap        ] GC(32229) PSYoungGen: 83040K(84992K)->1152K(84480K) Eden: 82432K(82432K)->0K(82432K) From: 608K(2560K)->1152K(2048K)
[14693.330s][info][gc,heap        ] GC(32229) ParOldGen: 505518K(505856K)->505574K(505856K)
[14693.331s][info][gc,metaspace   ] GC(32229) Metaspace: 62364K(62592K)->62364K(62592K) NonClass: 53326K(53504K)->53326K(53504K) Class: 9037K(9088K)->9037K(9088K)
[14693.331s][info][gc             ] GC(32229) Pause Young (Allocation Failure) 574M->494M(576M) 3.512ms
[14693.331s][info][gc,cpu         ] GC(32229) User=0.01s Sys=0.00s Real=0.00s
[14693.786s][info][gc,start       ] GC(32230) Pause Young (Allocation Failure)
[14693.789s][info][gc,heap        ] GC(32230) PSYoungGen: 83584K(84480K)->512K(84992K) Eden: 82432K(82432K)->0K(82944K) From: 1152K(2048K)->512K(2048K)
[14693.789s][info][gc,heap        ] GC(32230) ParOldGen: 505574K(505856K)->505630K(505856K)
[14693.789s][info][gc,metaspace   ] GC(32230) Metaspace: 62364K(62592K)->62364K(62592K) NonClass: 53326K(53504K)->53326K(53504K) Class: 9037K(9088K)->9037K(9088K)
[14693.789s][info][gc             ] GC(32230) Pause Young (Allocation Failure) 575M->494M(577M) 2.764ms
[14693.789s][info][gc,cpu         ] GC(32230) User=0.00s Sys=0.00s Real=0.00s
[14694.279s][info][gc,start       ] GC(32231) Pause Young (Allocation Failure)
[14694.282s][info][gc,heap        ] GC(32231) PSYoungGen: 83456K(84992K)->448K(84992K) Eden: 82944K(82944K)->0K(82944K) From: 512K(2048K)->448K(2048K)
[14694.282s][info][gc,heap        ] GC(32231) ParOldGen: 505630K(505856K)->505686K(505856K)
[14694.282s][info][gc,metaspace   ] GC(32231) Metaspace: 62364K(62592K)->62364K(62592K) NonClass: 53326K(53504K)->53326K(53504K) Class: 9037K(9088K)->9037K(9088K)
[14694.282s][info][gc             ] GC(32231) Pause Young (Allocation Failure) 575M->494M(577M) 2.681ms
[14694.282s][info][gc,cpu         ] GC(32231) User=0.01s Sys=0.00s Real=0.00s
[14694.745s][info][gc,start       ] GC(32232) Pause Young (Allocation Failure)
[14694.748s][info][gc,heap        ] GC(32232) PSYoungGen: 83392K(84992K)->1376K(84992K) Eden: 82944K(82944K)->0K(82944K) From: 448K(2048K)->1376K(2048K)
[14694.748s][info][gc,heap        ] GC(32232) ParOldGen: 505686K(505856K)->505734K(505856K)
[14694.748s][info][gc,metaspace   ] GC(32232) Metaspace: 62364K(62592K)->62364K(62592K) NonClass: 53326K(53504K)->53326K(53504K) Class: 9037K(9088K)->9037K(9088K)
[14694.748s][info][gc             ] GC(32232) Pause Young (Allocation Failure) 575M->495M(577M) 3.794ms
[14694.748s][info][gc,cpu         ] GC(32232) User=0.00s Sys=0.00s Real=0.00s
[14695.228s][info][gc,start       ] GC(32233) Pause Young (Allocation Failure)
[14695.232s][info][gc,heap        ] GC(32233) PSYoungGen: 84320K(84992K)->1024K(84992K) Eden: 82944K(82944K)->0K(82944K) From: 1376K(2048K)->1024K(2048K)
[14695.232s][info][gc,heap        ] GC(32233) ParOldGen: 505734K(505856K)->505790K(505856K)
[14695.232s][info][gc,metaspace   ] GC(32233) Metaspace: 62364K(62592K)->62364K(62592K) NonClass: 53326K(53504K)->53326K(53504K) Class: 9037K(9088K)->9037K(9088K)
[14695.232s][info][gc             ] GC(32233) Pause Young (Allocation Failure) 576M->494M(577M) 3.447ms
[14695.232s][info][gc,cpu         ] GC(32233) User=0.00s Sys=0.00s Real=0.00s
[14695.749s][info][gc,start       ] GC(32234) Pause Young (Allocation Failure)
[14695.753s][info][gc,heap        ] GC(32234) PSYoungGen: 83968K(84992K)->2016K(83968K) Eden: 82944K(82944K)->0K(81920K) From: 1024K(2048K)->2016K(2048K)
[14695.753s][info][gc,heap        ] GC(32234) ParOldGen: 505790K(505856K)->506102K(506368K)
[14695.753s][info][gc,metaspace   ] GC(32234) Metaspace: 62364K(62592K)->62364K(62592K) NonClass: 53326K(53504K)->53326K(53504K) Class: 9037K(9088K)->9037K(9088K)
[14695.753s][info][gc             ] GC(32234) Pause Young (Allocation Failure) 575M->496M(576M) 4.015ms
[14695.753s][info][gc,cpu         ] GC(32234) User=0.00s Sys=0.00s Real=0.00s
[14696.299s][info][gc,start       ] GC(32235) Pause Young (Allocation Failure)
[14696.303s][info][gc,heap        ] GC(32235) PSYoungGen: 83936K(83968K)->736K(84480K) Eden: 81920K(81920K)->0K(81920K) From: 2016K(2048K)->736K(2560K)
[14696.303s][info][gc,heap        ] GC(32235) ParOldGen: 506102K(506368K)->508174K(509440K)
[14696.303s][info][gc,metaspace   ] GC(32235) Metaspace: 62364K(62592K)->62364K(62592K) NonClass: 53326K(53504K)->53326K(53504K) Class: 9037K(9088K)->9037K(9088K)
[14696.303s][info][gc             ] GC(32235) Pause Young (Allocation Failure) 576M->496M(580M) 4.097ms
[14696.303s][info][gc,cpu         ] GC(32235) User=0.00s Sys=0.00s Real=0.00s
[14696.805s][info][gc,start       ] GC(32236) Pause Young (Allocation Failure)
[14696.808s][info][gc,heap        ] GC(32236) PSYoungGen: 82656K(84480K)->736K(84480K) Eden: 81920K(81920K)->0K(81920K) From: 736K(2560K)->736K(2560K)
[14696.808s][info][gc,heap        ] GC(32236) ParOldGen: 508174K(509440K)->508294K(509440K)
[14696.808s][info][gc,metaspace   ] GC(32236) Metaspace: 62364K(62592K)->62364K(62592K) NonClass: 53326K(53504K)->53326K(53504K) Class: 9037K(9088K)->9037K(9088K)
[14696.808s][info][gc             ] GC(32236) Pause Young (Allocation Failure) 576M->497M(580M) 3.128ms
[14696.808s][info][gc,cpu         ] GC(32236) User=0.01s Sys=0.00s Real=0.00s
[14697.311s][info][gc,start       ] GC(32237) Pause Young (Allocation Failure)
[14697.314s][info][gc,heap        ] GC(32237) PSYoungGen: 82656K(84480K)->832K(84480K) Eden: 81920K(81920K)->0K(81920K) From: 736K(2560K)->832K(2560K)
[14697.314s][info][gc,heap        ] GC(32237) ParOldGen: 508294K(509440K)->508342K(509440K)
[14697.314s][info][gc,metaspace   ] GC(32237) Metaspace: 62364K(62592K)->62364K(62592K) NonClass: 53326K(53504K)->53326K(53504K) Class: 9037K(9088K)->9037K(9088K)
[14697.314s][info][gc             ] GC(32237) Pause Young (Allocation Failure) 577M->497M(580M) 3.190ms
[14697.314s][info][gc,cpu         ] GC(32237) User=0.01s Sys=0.00s Real=0.00s
[14697.818s][info][gc,start       ] GC(32238) Pause Young (Allocation Failure)
[14697.822s][info][gc,heap        ] GC(32238) PSYoungGen: 82752K(84480K)->928K(84992K) Eden: 81920K(81920K)->0K(82432K) From: 832K(2560K)->928K(2560K)
[14697.822s][info][gc,heap        ] GC(32238) ParOldGen: 508342K(509440K)->508398K(509440K)
[14697.822s][info][gc,metaspace   ] GC(32238) Metaspace: 62364K(62592K)->62364K(62592K) NonClass: 53326K(53504K)->53326K(53504K) Class: 9037K(9088K)->9037K(9088K)
[14697.822s][info][gc             ] GC(32238) Pause Young (Allocation Failure) 577M->497M(580M) 3.351ms
[14697.822s][info][gc,cpu         ] GC(32238) User=0.01s Sys=0.00s Real=0.00s
[14698.306s][info][gc,start       ] GC(32239) Pause Young (Allocation Failure)
[14698.309s][info][gc,heap        ] GC(32239) PSYoungGen: 83360K(84992K)->736K(84480K) Eden: 82432K(82432K)->0K(82432K) From: 928K(2560K)->736K(2048K)
[14698.309s][info][gc,heap        ] GC(32239) ParOldGen: 508398K(509440K)->508446K(509440K)
[14698.309s][info][gc,metaspace   ] GC(32239) Metaspace: 62364K(62592K)->62364K(62592K) NonClass: 53326K(53504K)->53326K(53504K) Class: 9037K(9088K)->9037K(9088K)
[14698.309s][info][gc             ] GC(32239) Pause Young (Allocation Failure) 577M->497M(580M) 3.105ms
[14698.309s][info][gc,cpu         ] GC(32239) User=0.01s Sys=0.00s Real=0.00s
[14698.838s][info][gc,start       ] GC(32240) Pause Young (Allocation Failure)
[14698.841s][info][gc,heap        ] GC(32240) PSYoungGen: 83168K(84480K)->1088K(84992K) Eden: 82432K(82432K)->0K(82944K) From: 736K(2048K)->1088K(2048K)
[14698.841s][info][gc,heap        ] GC(32240) ParOldGen: 508446K(509440K)->508502K(509440K)
[14698.841s][info][gc,metaspace   ] GC(32240) Metaspace: 62364K(62592K)->62364K(62592K) NonClass: 53326K(53504K)->53326K(53504K) Class: 9037K(9088K)->9037K(9088K)
[14698.842s][info][gc             ] GC(32240) Pause Young (Allocation Failure) 577M->497M(580M) 3.582ms
[14698.842s][info][gc,cpu         ] GC(32240) User=0.01s Sys=0.00s Real=0.00s
[14699.366s][info][gc,start       ] GC(32241) Pause Young (Allocation Failure)
[14699.368s][info][gc,heap        ] GC(32241) PSYoungGen: 84032K(84992K)->224K(84992K) Eden: 82944K(82944K)->0K(82944K) From: 1088K(2048K)->224K(2048K)
[14699.368s][info][gc,heap        ] GC(32241) ParOldGen: 508502K(509440K)->508550K(509440K)
[14699.368s][info][gc,metaspace   ] GC(32241) Metaspace: 62364K(62592K)->62364K(62592K) NonClass: 53326K(53504K)->53326K(53504K) Class: 9037K(9088K)->9037K(9088K)
[14699.368s][info][gc             ] GC(32241) Pause Young (Allocation Failure) 578M->496M(580M) 2.494ms
[14699.368s][info][gc,cpu         ] GC(32241) User=0.01s Sys=0.00s Real=0.00s
[14699.864s][info][gc,start       ] GC(32242) Pause Young (Allocation Failure)
[14699.866s][info][gc,heap        ] GC(32242) PSYoungGen: 83168K(84992K)->224K(84992K) Eden: 82944K(82944K)->0K(82944K) From: 224K(2048K)->224K(2048K)
[14699.866s][info][gc,heap        ] GC(32242) ParOldGen: 508550K(509440K)->508606K(509440K)
[14699.866s][info][gc,metaspace   ] GC(32242) Metaspace: 62364K(62592K)->62364K(62592K) NonClass: 53326K(53504K)->53326K(53504K) Class: 9037K(9088K)->9037K(9088K)
[14699.866s][info][gc             ] GC(32242) Pause Young (Allocation Failure) 577M->496M(580M) 2.490ms
[14699.866s][info][gc,cpu         ] GC(32242) User=0.01s Sys=0.00s Real=0.01s
[14700.382s][info][gc,start       ] GC(32243) Pause Young (Allocation Failure)
[14700.385s][info][gc,heap        ] GC(32243) PSYoungGen: 83168K(84992K)->448K(84992K) Eden: 82944K(82944K)->0K(82944K) From: 224K(2048K)->448K(2048K)
[14700.385s][info][gc,heap        ] GC(32243) ParOldGen: 508606K(509440K)->508662K(509440K)
[14700.385s][info][gc,metaspace   ] GC(32243) Metaspace: 62364K(62592K)->62364K(62592K) NonClass: 53326K(53504K)->53326K(53504K) Class: 9037K(9088K)->9037K(9088K)
[14700.385s][info][gc             ] GC(32243) Pause Young (Allocation Failure) 577M->497M(580M) 2.688ms
[14700.385s][info][gc,cpu         ] GC(32243) User=0.00s Sys=0.00s Real=0.01s
[14700.895s][info][gc,start       ] GC(32244) Pause Young (Allocation Failure)
[14700.898s][info][gc,heap        ] GC(32244) PSYoungGen: 83392K(84992K)->1664K(83968K) Eden: 82944K(82944K)->0K(81920K) From: 448K(2048K)->1664K(2048K)
[14700.898s][info][gc,heap        ] GC(32244) ParOldGen: 508662K(509440K)->508718K(509440K)
[14700.898s][info][gc,metaspace   ] GC(32244) Metaspace: 62364K(62592K)->62364K(62592K) NonClass: 53326K(53504K)->53326K(53504K) Class: 9037K(9088K)->9037K(9088K)
[14700.898s][info][gc             ] GC(32244) Pause Young (Allocation Failure) 578M->498M(579M) 3.048ms
[14700.898s][info][gc,cpu         ] GC(32244) User=0.01s Sys=0.00s Real=0.00s
[14701.386s][info][gc,start       ] GC(32245) Pause Young (Allocation Failure)
[14701.390s][info][gc,heap        ] GC(32245) PSYoungGen: 83584K(83968K)->512K(84480K) Eden: 81920K(81920K)->0K(81920K) From: 1664K(2048K)->512K(2560K)
[14701.390s][info][gc,heap        ] GC(32245) ParOldGen: 508718K(509440K)->510814K(510976K)
[14701.390s][info][gc,metaspace   ] GC(32245) Metaspace: 62364K(62592K)->62364K(62592K) NonClass: 53326K(53504K)->53326K(53504K) Class: 9037K(9088K)->9037K(9088K)
[14701.390s][info][gc             ] GC(32245) Pause Young (Allocation Failure) 578M->499M(581M) 4.069ms
[14701.391s][info][gc,cpu         ] GC(32245) User=0.00s Sys=0.00s Real=0.00s
[14701.885s][info][gc,start       ] GC(32246) Pause Young (Allocation Failure)
[14701.888s][info][gc,heap        ] GC(32246) PSYoungGen: 82432K(84480K)->480K(84992K) Eden: 81920K(81920K)->0K(82432K) From: 512K(2560K)->480K(2560K)
[14701.888s][info][gc,heap        ] GC(32246) ParOldGen: 510814K(510976K)->510870K(510976K)
[14701.888s][info][gc,metaspace   ] GC(32246) Metaspace: 62364K(62592K)->62364K(62592K) NonClass: 53326K(53504K)->53326K(53504K) Class: 9037K(9088K)->9037K(9088K)
[14701.888s][info][gc             ] GC(32246) Pause Young (Allocation Failure) 579M->499M(582M) 2.669ms
[14701.888s][info][gc,cpu         ] GC(32246) User=0.00s Sys=0.00s Real=0.00s
[14702.384s][info][gc,start       ] GC(32247) Pause Young (Allocation Failure)
[14702.387s][info][gc,heap        ] GC(32247) PSYoungGen: 82912K(84992K)->480K(84480K) Eden: 82432K(82432K)->0K(82432K) From: 480K(2560K)->480K(2048K)
[14702.387s][info][gc,heap        ] GC(32247) ParOldGen: 510870K(510976K)->510918K(510976K)
[14702.387s][info][gc,metaspace   ] GC(32247) Metaspace: 62364K(62592K)->62364K(62592K) NonClass: 53326K(53504K)->53326K(53504K) Class: 9037K(9088K)->9037K(9088K)
[14702.387s][info][gc             ] GC(32247) Pause Young (Allocation Failure) 579M->499M(581M) 2.711ms
[14702.387s][info][gc,cpu         ] GC(32247) User=0.01s Sys=0.00s Real=0.00s
[14702.894s][info][gc,start       ] GC(32248) Pause Young (Allocation Failure)
[14702.896s][info][gc,heap        ] GC(32248) PSYoungGen: 82912K(84480K)->608K(84992K) Eden: 82432K(82432K)->0K(82944K) From: 480K(2048K)->608K(2048K)
[14702.896s][info][gc,heap        ] GC(32248) ParOldGen: 510918K(510976K)->510974K(510976K)
[14702.896s][info][gc,metaspace   ] GC(32248) Metaspace: 62364K(62592K)->62364K(62592K) NonClass: 53326K(53504K)->53326K(53504K) Class: 9037K(9088K)->9037K(9088K)
[14702.896s][info][gc             ] GC(32248) Pause Young (Allocation Failure) 579M->499M(582M) 2.782ms
[14702.896s][info][gc,cpu         ] GC(32248) User=0.00s Sys=0.00s Real=0.01s
[14703.392s][info][gc,start       ] GC(32249) Pause Young (Allocation Failure)
[14703.395s][info][gc,heap        ] GC(32249) PSYoungGen: 83552K(84992K)->576K(84992K) Eden: 82944K(82944K)->0K(82944K) From: 608K(2048K)->576K(2048K)
[14703.395s][info][gc,heap        ] GC(32249) ParOldGen: 510974K(510976K)->511030K(511488K)
[14703.395s][info][gc,metaspace   ] GC(32249) Metaspace: 62364K(62592K)->62364K(62592K) NonClass: 53326K(53504K)->53326K(53504K) Class: 9037K(9088K)->9037K(9088K)
[14703.395s][info][gc             ] GC(32249) Pause Young (Allocation Failure) 580M->499M(582M) 2.880ms
[14703.395s][info][gc,cpu         ] GC(32249) User=0.00s Sys=0.00s Real=0.01s
[14703.906s][info][gc,start       ] GC(32250) Pause Young (Allocation Failure)
[14703.909s][info][gc,heap        ] GC(32250) PSYoungGen: 83520K(84992K)->736K(84992K) Eden: 82944K(82944K)->0K(82944K) From: 576K(2048K)->736K(2048K)
[14703.909s][info][gc,heap        ] GC(32250) ParOldGen: 511030K(511488K)->511078K(511488K)
[14703.909s][info][gc,metaspace   ] GC(32250) Metaspace: 62364K(62592K)->62364K(62592K) NonClass: 53326K(53504K)->53326K(53504K) Class: 9037K(9088K)->9037K(9088K)
[14703.909s][info][gc             ] GC(32250) Pause Young (Allocation Failure) 580M->499M(582M) 3.047ms
[14703.909s][info][gc,cpu         ] GC(32250) User=0.01s Sys=0.00s Real=0.00s
[14704.398s][info][gc,start       ] GC(32251) Pause Young (Allocation Failure)
[14704.401s][info][gc,heap        ] GC(32251) PSYoungGen: 83680K(84992K)->704K(84992K) Eden: 82944K(82944K)->0K(82944K) From: 736K(2048K)->704K(2048K)
[14704.401s][info][gc,heap        ] GC(32251) ParOldGen: 511078K(511488K)->511134K(511488K)
[14704.401s][info][gc,metaspace   ] GC(32251) Metaspace: 62364K(62592K)->62364K(62592K) NonClass: 53326K(53504K)->53326K(53504K) Class: 9037K(9088K)->9037K(9088K)
[14704.401s][info][gc             ] GC(32251) Pause Young (Allocation Failure) 580M->499M(582M) 2.925ms
[14704.401s][info][gc,cpu         ] GC(32251) User=0.01s Sys=0.00s Real=0.00s
[14704.941s][info][gc,start       ] GC(32252) Pause Young (Allocation Failure)
[14704.945s][info][gc,heap        ] GC(32252) PSYoungGen: 83648K(84992K)->1280K(84992K) Eden: 82944K(82944K)->0K(82944K) From: 704K(2048K)->1280K(2048K)
[14704.945s][info][gc,heap        ] GC(32252) ParOldGen: 511134K(511488K)->511182K(511488K)
[14704.945s][info][gc,metaspace   ] GC(32252) Metaspace: 62364K(62592K)->62364K(62592K) NonClass: 53326K(53504K)->53326K(53504K) Class: 9037K(9088K)->9037K(9088K)
[14704.945s][info][gc             ] GC(32252) Pause Young (Allocation Failure) 580M->500M(582M) 3.691ms
[14704.945s][info][gc,cpu         ] GC(32252) User=0.01s Sys=0.00s Real=0.01s
[14705.452s][info][gc,start       ] GC(32253) Pause Young (Allocation Failure)
[14705.456s][info][gc,heap        ] GC(32253) PSYoungGen: 84224K(84992K)->1312K(84992K) Eden: 82944K(82944K)->0K(82944K) From: 1280K(2048K)->1312K(2048K)
[14705.456s][info][gc,heap        ] GC(32253) ParOldGen: 511182K(511488K)->511286K(511488K)
[14705.456s][info][gc,metaspace   ] GC(32253) Metaspace: 62364K(62592K)->62364K(62592K) NonClass: 53326K(53504K)->53326K(53504K) Class: 9037K(9088K)->9037K(9088K)
[14705.456s][info][gc             ] GC(32253) Pause Young (Allocation Failure) 581M->500M(582M) 3.785ms
[14705.456s][info][gc,cpu         ] GC(32253) User=0.00s Sys=0.00s Real=0.01s
[14705.933s][info][gc,start       ] GC(32254) Pause Young (Allocation Failure)
[14705.937s][info][gc,heap        ] GC(32254) PSYoungGen: 84256K(84992K)->1216K(84992K) Eden: 82944K(82944K)->0K(82944K) From: 1312K(2048K)->1216K(2048K)
[14705.937s][info][gc,heap        ] GC(32254) ParOldGen: 511286K(511488K)->511342K(511488K)
[14705.937s][info][gc,metaspace   ] GC(32254) Metaspace: 62364K(62592K)->62364K(62592K) NonClass: 53326K(53504K)->53326K(53504K) Class: 9037K(9088K)->9037K(9088K)
[14705.937s][info][gc             ] GC(32254) Pause Young (Allocation Failure) 581M->500M(582M) 3.678ms
[14705.937s][info][gc,cpu         ] GC(32254) User=0.00s Sys=0.00s Real=0.01s
[14706.436s][info][gc,start       ] GC(32255) Pause Young (Allocation Failure)
[14706.440s][info][gc,heap        ] GC(32255) PSYoungGen: 84160K(84992K)->2016K(84992K) Eden: 82944K(82944K)->0K(82944K) From: 1216K(2048K)->2016K(2048K)
[14706.440s][info][gc,heap        ] GC(32255) ParOldGen: 511342K(511488K)->511550K(512000K)
[14706.440s][info][gc,metaspace   ] GC(32255) Metaspace: 62364K(62592K)->62364K(62592K) NonClass: 53326K(53504K)->53326K(53504K) Class: 9037K(9088K)->9037K(9088K)
[14706.440s][info][gc             ] GC(32255) Pause Young (Allocation Failure) 581M->501M(583M) 3.894ms
[14706.440s][info][gc,cpu         ] GC(32255) User=0.01s Sys=0.00s Real=0.00s
[14706.918s][info][gc,start       ] GC(32256) Pause Young (Allocation Failure)
[14706.922s][info][gc,heap        ] GC(32256) PSYoungGen: 84960K(84992K)->992K(83968K) Eden: 82944K(82944K)->0K(81920K) From: 2016K(2048K)->992K(2048K)
[14706.922s][info][gc,heap        ] GC(32256) ParOldGen: 511550K(512000K)->512598K(513536K)
[14706.922s][info][gc,metaspace   ] GC(32256) Metaspace: 62364K(62592K)->62364K(62592K) NonClass: 53326K(53504K)->53326K(53504K) Class: 9037K(9088K)->9037K(9088K)
[14706.922s][info][gc             ] GC(32256) Pause Young (Allocation Failure) 582M->501M(583M) 3.773ms
[14706.922s][info][gc,cpu         ] GC(32256) User=0.01s Sys=0.00s Real=0.00s
[14707.372s][info][gc,start       ] GC(32257) Pause Young (Allocation Failure)
[14707.374s][info][gc,heap        ] GC(32257) PSYoungGen: 82912K(83968K)->352K(84480K) Eden: 81920K(81920K)->0K(81920K) From: 992K(2048K)->352K(2560K)
[14707.374s][info][gc,heap        ] GC(32257) ParOldGen: 512598K(513536K)->512646K(513536K)
[14707.374s][info][gc,metaspace   ] GC(32257) Metaspace: 62364K(62592K)->62364K(62592K) NonClass: 53326K(53504K)->53326K(53504K) Class: 9037K(9088K)->9037K(9088K)
[14707.375s][info][gc             ] GC(32257) Pause Young (Allocation Failure) 581M->500M(584M) 2.565ms
[14707.375s][info][gc,cpu         ] GC(32257) User=0.01s Sys=0.00s Real=0.01s
[14707.826s][info][gc,start       ] GC(32258) Pause Young (Allocation Failure)
[14707.829s][info][gc,heap        ] GC(32258) PSYoungGen: 82272K(84480K)->1152K(84480K) Eden: 81920K(81920K)->0K(81920K) From: 352K(2560K)->1152K(2560K)
[14707.829s][info][gc,heap        ] GC(32258) ParOldGen: 512646K(513536K)->512694K(513536K)
[14707.829s][info][gc,metaspace   ] GC(32258) Metaspace: 62364K(62592K)->62364K(62592K) NonClass: 53326K(53504K)->53326K(53504K) Class: 9037K(9088K)->9037K(9088K)
[14707.829s][info][gc             ] GC(32258) Pause Young (Allocation Failure) 580M->501M(584M) 3.589ms
[14707.829s][info][gc,cpu         ] GC(32258) User=0.01s Sys=0.00s Real=0.00s
[14708.293s][info][gc,start       ] GC(32259) Pause Young (Allocation Failure)
[14708.296s][info][gc,heap        ] GC(32259) PSYoungGen: 83072K(84480K)->640K(84480K) Eden: 81920K(81920K)->0K(81920K) From: 1152K(2560K)->640K(2560K)
[14708.296s][info][gc,heap        ] GC(32259) ParOldGen: 512694K(513536K)->512750K(513536K)
[14708.296s][info][gc,metaspace   ] GC(32259) Metaspace: 62364K(62592K)->62364K(62592K) NonClass: 53326K(53504K)->53326K(53504K) Class: 9037K(9088K)->9037K(9088K)
[14708.296s][info][gc             ] GC(32259) Pause Young (Allocation Failure) 581M->501M(584M) 2.935ms
[14708.296s][info][gc,cpu         ] GC(32259) User=0.01s Sys=0.00s Real=0.01s
[14708.768s][info][gc,start       ] GC(32260) Pause Young (Allocation Failure)
[14708.770s][info][gc,heap        ] GC(32260) PSYoungGen: 82560K(84480K)->288K(84992K) Eden: 81920K(81920K)->0K(82944K) From: 640K(2560K)->288K(2048K)
[14708.770s][info][gc,heap        ] GC(32260) ParOldGen: 512750K(513536K)->512798K(513536K)
[14708.770s][info][gc,metaspace   ] GC(32260) Metaspace: 62364K(62592K)->62364K(62592K) NonClass: 53326K(53504K)->53326K(53504K) Class: 9037K(9088K)->9037K(9088K)
[14708.770s][info][gc             ] GC(32260) Pause Young (Allocation Failure) 581M->501M(584M) 2.433ms
[14708.770s][info][gc,cpu         ] GC(32260) User=0.01s Sys=0.00s Real=0.00s
[14709.228s][info][gc,start       ] GC(32261) Pause Young (Allocation Failure)
[14709.231s][info][gc,heap        ] GC(32261) PSYoungGen: 83232K(84992K)->1120K(84992K) Eden: 82944K(82944K)->0K(82944K) From: 288K(2048K)->1120K(2048K)
[14709.231s][info][gc,heap        ] GC(32261) ParOldGen: 512798K(513536K)->512854K(513536K)
[14709.231s][info][gc,metaspace   ] GC(32261) Metaspace: 62364K(62592K)->62364K(62592K) NonClass: 53326K(53504K)->53326K(53504K) Class: 9037K(9088K)->9037K(9088K)
[14709.231s][info][gc             ] GC(32261) Pause Young (Allocation Failure) 582M->501M(584M) 3.545ms
[14709.231s][info][gc,cpu         ] GC(32261) User=0.01s Sys=0.00s Real=0.00s
[14709.689s][info][gc,start       ] GC(32262) Pause Young (Allocation Failure)
[14709.692s][info][gc,heap        ] GC(32262) PSYoungGen: 84064K(84992K)->576K(84992K) Eden: 82944K(82944K)->0K(82944K) From: 1120K(2048K)->576K(2048K)
[14709.692s][info][gc,heap        ] GC(32262) ParOldGen: 512854K(513536K)->512902K(513536K)
[14709.692s][info][gc,metaspace   ] GC(32262) Metaspace: 62364K(62592K)->62364K(62592K) NonClass: 53326K(53504K)->53326K(53504K) Class: 9037K(9088K)->9037K(9088K)
[14709.692s][info][gc             ] GC(32262) Pause Young (Allocation Failure) 582M->501M(584M) 2.865ms
[14709.692s][info][gc,cpu         ] GC(32262) User=0.00s Sys=0.00s Real=0.00s
[14710.152s][info][gc,start       ] GC(32263) Pause Young (Allocation Failure)
[14710.156s][info][gc,heap        ] GC(32263) PSYoungGen: 83520K(84992K)->1472K(84480K) Eden: 82944K(82944K)->0K(82944K) From: 576K(2048K)->1472K(1536K)
[14710.156s][info][gc,heap        ] GC(32263) ParOldGen: 512902K(513536K)->512958K(513536K)
[14710.156s][info][gc,metaspace   ] GC(32263) Metaspace: 62365K(62592K)->62365K(62592K) NonClass: 53327K(53504K)->53327K(53504K) Class: 9037K(9088K)->9037K(9088K)
[14710.156s][info][gc             ] GC(32263) Pause Young (Allocation Failure) 582M->502M(584M) 3.987ms
[14710.156s][info][gc,cpu         ] GC(32263) User=0.01s Sys=0.00s Real=0.01s
[14710.627s][info][gc,start       ] GC(32264) Pause Young (Allocation Failure)
[14710.630s][info][gc,heap        ] GC(32264) PSYoungGen: 84416K(84480K)->992K(84992K) Eden: 82944K(82944K)->0K(82432K) From: 1472K(1536K)->992K(2560K)
[14710.630s][info][gc,heap        ] GC(32264) ParOldGen: 512958K(513536K)->513006K(513536K)
[14710.630s][info][gc,metaspace   ] GC(32264) Metaspace: 62365K(62592K)->62365K(62592K) NonClass: 53327K(53504K)->53327K(53504K) Class: 9037K(9088K)->9037K(9088K)
[14710.630s][info][gc             ] GC(32264) Pause Young (Allocation Failure) 583M->501M(584M) 3.453ms
[14710.630s][info][gc,cpu         ] GC(32264) User=0.01s Sys=0.00s Real=0.00s
[14711.133s][info][gc,start       ] GC(32265) Pause Young (Allocation Failure)
[14711.137s][info][gc,heap        ] GC(32265) PSYoungGen: 83423K(84992K)->2016K(84480K) Eden: 82431K(82432K)->0K(82432K) From: 992K(2560K)->2016K(2048K)
[14711.137s][info][gc,heap        ] GC(32265) ParOldGen: 513006K(513536K)->513134K(513536K)
[14711.137s][info][gc,metaspace   ] GC(32265) Metaspace: 62365K(62592K)->62365K(62592K) NonClass: 53327K(53504K)->53327K(53504K) Class: 9037K(9088K)->9037K(9088K)
[14711.137s][info][gc             ] GC(32265) Pause Young (Allocation Failure) 582M->503M(584M) 3.665ms
[14711.137s][info][gc,cpu         ] GC(32265) User=0.01s Sys=0.00s Real=0.01s
[14711.641s][info][gc,start       ] GC(32266) Pause Young (Allocation Failure)
[14711.645s][info][gc,heap        ] GC(32266) PSYoungGen: 84448K(84480K)->1184K(84480K) Eden: 82432K(82432K)->0K(81920K) From: 2016K(2048K)->1184K(2560K)
[14711.645s][info][gc,heap        ] GC(32266) ParOldGen: 513134K(513536K)->514198K(515072K)
[14711.645s][info][gc,metaspace   ] GC(32266) Metaspace: 62365K(62592K)->62365K(62592K) NonClass: 53327K(53504K)->53327K(53504K) Class: 9037K(9088K)->9037K(9088K)
[14711.645s][info][gc             ] GC(32266) Pause Young (Allocation Failure) 583M->503M(585M) 4.039ms
[14711.645s][info][gc,cpu         ] GC(32266) User=0.01s Sys=0.00s Real=0.01s
[14712.145s][info][gc,start       ] GC(32267) Pause Young (Allocation Failure)
[14712.149s][info][gc,heap        ] GC(32267) PSYoungGen: 83104K(84480K)->1248K(84480K) Eden: 81920K(81920K)->0K(81920K) From: 1184K(2560K)->1248K(2560K)
[14712.149s][info][gc,heap        ] GC(32267) ParOldGen: 514198K(515072K)->514254K(515072K)
[14712.149s][info][gc,metaspace   ] GC(32267) Metaspace: 62365K(62592K)->62365K(62592K) NonClass: 53327K(53504K)->53327K(53504K) Class: 9037K(9088K)->9037K(9088K)
[14712.149s][info][gc             ] GC(32267) Pause Young (Allocation Failure) 583M->503M(585M) 3.763ms
[14712.149s][info][gc,cpu         ] GC(32267) User=0.00s Sys=0.00s Real=0.00s
[14712.655s][info][gc,start       ] GC(32268) Pause Young (Allocation Failure)
[14712.659s][info][gc,heap        ] GC(32268) PSYoungGen: 83168K(84480K)->1344K(84480K) Eden: 81920K(81920K)->0K(81920K) From: 1248K(2560K)->1344K(2560K)
[14712.659s][info][gc,heap        ] GC(32268) ParOldGen: 514254K(515072K)->514310K(515072K)
[14712.659s][info][gc,metaspace   ] GC(32268) Metaspace: 62365K(62592K)->62365K(62592K) NonClass: 53327K(53504K)->53327K(53504K) Class: 9037K(9088K)->9037K(9088K)
[14712.659s][info][gc             ] GC(32268) Pause Young (Allocation Failure) 583M->503M(585M) 3.871ms
[14712.659s][info][gc,cpu         ] GC(32268) User=0.00s Sys=0.00s Real=0.00s
[14713.164s][info][gc,start       ] GC(32269) Pause Young (Allocation Failure)
[14713.166s][info][gc,heap        ] GC(32269) PSYoungGen: 83264K(84480K)->272K(84480K) Eden: 81920K(81920K)->0K(81920K) From: 1344K(2560K)->272K(2560K)
[14713.166s][info][gc,heap        ] GC(32269) ParOldGen: 514310K(515072K)->514358K(515072K)
[14713.166s][info][gc,metaspace   ] GC(32269) Metaspace: 62365K(62592K)->62365K(62592K) NonClass: 53327K(53504K)->53327K(53504K) Class: 9037K(9088K)->9037K(9088K)
[14713.166s][info][gc             ] GC(32269) Pause Young (Allocation Failure) 583M->502M(585M) 2.537ms
[14713.166s][info][gc,cpu         ] GC(32269) User=0.00s Sys=0.00s Real=0.01s
[14713.612s][info][gc,start       ] GC(32270) Pause Young (Allocation Failure)
[14713.616s][info][gc,heap        ] GC(32270) PSYoungGen: 82192K(84480K)->896K(84480K) Eden: 81920K(81920K)->0K(81920K) From: 272K(2560K)->896K(2560K)
[14713.616s][info][gc,heap        ] GC(32270) ParOldGen: 514358K(515072K)->514462K(515072K)
[14713.616s][info][gc,metaspace   ] GC(32270) Metaspace: 62365K(62592K)->62365K(62592K) NonClass: 53327K(53504K)->53327K(53504K) Class: 9037K(9088K)->9037K(9088K)
[14713.616s][info][gc             ] GC(32270) Pause Young (Allocation Failure) 582M->503M(585M) 3.471ms
[14713.616s][info][gc,cpu         ] GC(32270) User=0.01s Sys=0.00s Real=0.01s
[14714.081s][info][gc,start       ] GC(32271) Pause Young (Allocation Failure)
[14714.083s][info][gc,heap        ] GC(32271) PSYoungGen: 82816K(84480K)->480K(84480K) Eden: 81920K(81920K)->0K(81920K) From: 896K(2560K)->480K(2560K)
[14714.083s][info][gc,heap        ] GC(32271) ParOldGen: 514462K(515072K)->514518K(515072K)
[14714.083s][info][gc,metaspace   ] GC(32271) Metaspace: 62365K(62592K)->62365K(62592K) NonClass: 53327K(53504K)->53327K(53504K) Class: 9037K(9088K)->9037K(9088K)
[14714.083s][info][gc             ] GC(32271) Pause Young (Allocation Failure) 583M->502M(585M) 2.699ms
[14714.083s][info][gc,cpu         ] GC(32271) User=0.00s Sys=0.00s Real=0.00s
[14714.526s][info][gc,start       ] GC(32272) Pause Young (Allocation Failure)
[14714.529s][info][gc,heap        ] GC(32272) PSYoungGen: 82400K(84480K)->1056K(84992K) Eden: 81920K(81920K)->0K(82432K) From: 480K(2560K)->1056K(2560K)
[14714.529s][info][gc,heap        ] GC(32272) ParOldGen: 514518K(515072K)->514574K(515072K)
[14714.529s][info][gc,metaspace   ] GC(32272) Metaspace: 62365K(62592K)->62365K(62592K) NonClass: 53327K(53504K)->53327K(53504K) Class: 9037K(9088K)->9037K(9088K)
[14714.529s][info][gc             ] GC(32272) Pause Young (Allocation Failure) 582M->503M(586M) 3.533ms
[14714.529s][info][gc,cpu         ] GC(32272) User=0.01s Sys=0.00s Real=0.00s
[14715.014s][info][gc,start       ] GC(32273) Pause Young (Allocation Failure)
[14715.018s][info][gc,heap        ] GC(32273) PSYoungGen: 83488K(84992K)->896K(84480K) Eden: 82432K(82432K)->0K(82432K) From: 1056K(2560K)->896K(2048K)
[14715.018s][info][gc,heap        ] GC(32273) ParOldGen: 514574K(515072K)->514622K(515072K)
[14715.018s][info][gc,metaspace   ] GC(32273) Metaspace: 62365K(62592K)->62365K(62592K) NonClass: 53327K(53504K)->53327K(53504K) Class: 9037K(9088K)->9037K(9088K)
[14715.018s][info][gc             ] GC(32273) Pause Young (Allocation Failure) 584M->503M(585M) 3.373ms
[14715.018s][info][gc,cpu         ] GC(32273) User=0.00s Sys=0.00s Real=0.00s
[14715.491s][info][gc,start       ] GC(32274) Pause Young (Allocation Failure)
[14715.494s][info][gc,heap        ] GC(32274) PSYoungGen: 83328K(84480K)->576K(84992K) Eden: 82432K(82432K)->0K(82944K) From: 896K(2048K)->576K(2048K)
[14715.494s][info][gc,heap        ] GC(32274) ParOldGen: 514622K(515072K)->514678K(515072K)
[14715.494s][info][gc,metaspace   ] GC(32274) Metaspace: 62365K(62592K)->62365K(62592K) NonClass: 53327K(53504K)->53327K(53504K) Class: 9037K(9088K)->9037K(9088K)
[14715.494s][info][gc             ] GC(32274) Pause Young (Allocation Failure) 583M->503M(586M) 2.806ms
[14715.494s][info][gc,cpu         ] GC(32274) User=0.01s Sys=0.00s Real=0.00s
[14715.980s][info][gc,start       ] GC(32275) Pause Young (Allocation Failure)
[14715.983s][info][gc,heap        ] GC(32275) PSYoungGen: 83520K(84992K)->480K(84992K) Eden: 82944K(82944K)->0K(82944K) From: 576K(2048K)->480K(2048K)
[14715.983s][info][gc,heap        ] GC(32275) ParOldGen: 514678K(515072K)->514726K(515072K)
[14715.983s][info][gc,metaspace   ] GC(32275) Metaspace: 62365K(62592K)->62365K(62592K) NonClass: 53327K(53504K)->53327K(53504K) Class: 9037K(9088K)->9037K(9088K)
[14715.983s][info][gc             ] GC(32275) Pause Young (Allocation Failure) 584M->503M(586M) 2.723ms
[14715.983s][info][gc,cpu         ] GC(32275) User=0.00s Sys=0.00s Real=0.00s
[14716.485s][info][gc,start       ] GC(32276) Pause Young (Allocation Failure)
[14716.489s][info][gc,heap        ] GC(32276) PSYoungGen: 83424K(84992K)->1536K(84992K) Eden: 82944K(82944K)->0K(82944K) From: 480K(2048K)->1536K(2048K)
[14716.489s][info][gc,heap        ] GC(32276) ParOldGen: 514726K(515072K)->515806K(516608K)
[14716.489s][info][gc,metaspace   ] GC(32276) Metaspace: 62365K(62592K)->62365K(62592K) NonClass: 53327K(53504K)->53327K(53504K) Class: 9037K(9088K)->9037K(9088K)
[14716.489s][info][gc             ] GC(32276) Pause Young (Allocation Failure) 584M->505M(587M) 4.000ms
[14716.489s][info][gc,cpu         ] GC(32276) User=0.01s Sys=0.01s Real=0.00s
[14716.980s][info][gc,start       ] GC(32277) Pause Young (Allocation Failure)
[14716.983s][info][gc,heap        ] GC(32277) PSYoungGen: 84480K(84992K)->480K(84992K) Eden: 82944K(82944K)->0K(82944K) From: 1536K(2048K)->480K(2048K)
[14716.983s][info][gc,heap        ] GC(32277) ParOldGen: 515806K(516608K)->517910K(518144K)
[14716.983s][info][gc,metaspace   ] GC(32277) Metaspace: 62365K(62592K)->62365K(62592K) NonClass: 53327K(53504K)->53327K(53504K) Class: 9037K(9088K)->9037K(9088K)
[14716.983s][info][gc             ] GC(32277) Pause Young (Allocation Failure) 586M->506M(589M) 3.820ms
[14716.983s][info][gc,cpu         ] GC(32277) User=0.00s Sys=0.00s Real=0.00s
[14717.495s][info][gc,start       ] GC(32278) Pause Young (Allocation Failure)
[14717.498s][info][gc,heap        ] GC(32278) PSYoungGen: 83424K(84992K)->640K(84992K) Eden: 82944K(82944K)->0K(82944K) From: 480K(2048K)->640K(2048K)
[14717.498s][info][gc,heap        ] GC(32278) ParOldGen: 517910K(518144K)->517958K(518144K)
[14717.498s][info][gc,metaspace   ] GC(32278) Metaspace: 62365K(62592K)->62365K(62592K) NonClass: 53327K(53504K)->53327K(53504K) Class: 9037K(9088K)->9037K(9088K)
[14717.498s][info][gc             ] GC(32278) Pause Young (Allocation Failure) 587M->506M(589M) 2.866ms
[14717.498s][info][gc,cpu         ] GC(32278) User=0.00s Sys=0.00s Real=0.00s
[14718.007s][info][gc,start       ] GC(32279) Pause Young (Allocation Failure)
[14718.010s][info][gc,heap        ] GC(32279) PSYoungGen: 83584K(84992K)->832K(84992K) Eden: 82944K(82944K)->0K(82944K) From: 640K(2048K)->832K(2048K)
[14718.010s][info][gc,heap        ] GC(32279) ParOldGen: 517958K(518144K)->518014K(518144K)
[14718.010s][info][gc,metaspace   ] GC(32279) Metaspace: 62365K(62592K)->62365K(62592K) NonClass: 53327K(53504K)->53327K(53504K) Class: 9037K(9088K)->9037K(9088K)
[14718.010s][info][gc             ] GC(32279) Pause Young (Allocation Failure) 587M->506M(589M) 3.251ms
[14718.010s][info][gc,cpu         ] GC(32279) User=0.00s Sys=0.00s Real=0.00s
[14718.510s][info][gc,start       ] GC(32280) Pause Young (Allocation Failure)
[14718.513s][info][gc,heap        ] GC(32280) PSYoungGen: 83776K(84992K)->832K(84992K) Eden: 82944K(82944K)->0K(82944K) From: 832K(2048K)->832K(2048K)
[14718.513s][info][gc,heap        ] GC(32280) ParOldGen: 518014K(518144K)->518062K(518144K)
[14718.513s][info][gc,metaspace   ] GC(32280) Metaspace: 62365K(62592K)->62365K(62592K) NonClass: 53327K(53504K)->53327K(53504K) Class: 9037K(9088K)->9037K(9088K)
[14718.513s][info][gc             ] GC(32280) Pause Young (Allocation Failure) 587M->506M(589M) 3.358ms
[14718.513s][info][gc,cpu         ] GC(32280) User=0.00s Sys=0.00s Real=0.00s
[14719.020s][info][gc,start       ] GC(32281) Pause Young (Allocation Failure)
[14719.024s][info][gc,heap        ] GC(32281) PSYoungGen: 83776K(84992K)->960K(84992K) Eden: 82944K(82944K)->0K(82944K) From: 832K(2048K)->960K(2048K)
[14719.024s][info][gc,heap        ] GC(32281) ParOldGen: 518062K(518144K)->518110K(518144K)
[14719.024s][info][gc,metaspace   ] GC(32281) Metaspace: 62365K(62592K)->62365K(62592K) NonClass: 53327K(53504K)->53327K(53504K) Class: 9037K(9088K)->9037K(9088K)
[14719.024s][info][gc             ] GC(32281) Pause Young (Allocation Failure) 587M->506M(589M) 3.401ms
[14719.024s][info][gc,cpu         ] GC(32281) User=0.00s Sys=0.00s Real=0.00s
[14719.482s][info][gc,start       ] GC(32282) Pause Young (Allocation Failure)
[14719.485s][info][gc,heap        ] GC(32282) PSYoungGen: 83904K(84992K)->480K(84992K) Eden: 82944K(82944K)->0K(82944K) From: 960K(2048K)->480K(2048K)
[14719.485s][info][gc,heap        ] GC(32282) ParOldGen: 518110K(518144K)->518166K(518656K)
[14719.485s][info][gc,metaspace   ] GC(32282) Metaspace: 62365K(62592K)->62365K(62592K) NonClass: 53327K(53504K)->53327K(53504K) Class: 9037K(9088K)->9037K(9088K)
[14719.485s][info][gc             ] GC(32282) Pause Young (Allocation Failure) 587M->506M(589M) 2.816ms
[14719.485s][info][gc,cpu         ] GC(32282) User=0.00s Sys=0.00s Real=0.01s
[14719.938s][info][gc,start       ] GC(32283) Pause Young (Allocation Failure)
[14719.942s][info][gc,heap        ] GC(32283) PSYoungGen: 83424K(84992K)->1312K(84992K) Eden: 82944K(82944K)->0K(82944K) From: 480K(2048K)->1312K(2048K)
[14719.942s][info][gc,heap        ] GC(32283) ParOldGen: 518166K(518656K)->518214K(518656K)
[14719.942s][info][gc,metaspace   ] GC(32283) Metaspace: 62365K(62592K)->62365K(62592K) NonClass: 53327K(53504K)->53327K(53504K) Class: 9037K(9088K)->9037K(9088K)
[14719.942s][info][gc             ] GC(32283) Pause Young (Allocation Failure) 587M->507M(589M) 3.824ms
[14719.942s][info][gc,cpu         ] GC(32283) User=0.00s Sys=0.00s Real=0.00s
[14720.409s][info][gc,start       ] GC(32284) Pause Young (Allocation Failure)
[14720.413s][info][gc,heap        ] GC(32284) PSYoungGen: 84256K(84992K)->864K(84992K) Eden: 82944K(82944K)->0K(82944K) From: 1312K(2048K)->864K(2048K)
[14720.413s][info][gc,heap        ] GC(32284) ParOldGen: 518214K(518656K)->518270K(518656K)
[14720.413s][info][gc,metaspace   ] GC(32284) Metaspace: 62365K(62592K)->62365K(62592K) NonClass: 53327K(53504K)->53327K(53504K) Class: 9037K(9088K)->9037K(9088K)
[14720.413s][info][gc             ] GC(32284) Pause Young (Allocation Failure) 588M->506M(589M) 3.256ms
[14720.413s][info][gc,cpu         ] GC(32284) User=0.01s Sys=0.00s Real=0.00s
[14720.892s][info][gc,start       ] GC(32285) Pause Young (Allocation Failure)
[14720.895s][info][gc,heap        ] GC(32285) PSYoungGen: 83808K(84992K)->608K(84992K) Eden: 82944K(82944K)->0K(82944K) From: 864K(2048K)->608K(2048K)
[14720.895s][info][gc,heap        ] GC(32285) ParOldGen: 518270K(518656K)->518326K(518656K)
[14720.895s][info][gc,metaspace   ] GC(32285) Metaspace: 62365K(62592K)->62365K(62592K) NonClass: 53327K(53504K)->53327K(53504K) Class: 9037K(9088K)->9037K(9088K)
[14720.895s][info][gc             ] GC(32285) Pause Young (Allocation Failure) 587M->506M(589M) 2.885ms
[14720.895s][info][gc,cpu         ] GC(32285) User=0.00s Sys=0.00s Real=0.01s
[14721.375s][info][gc,start       ] GC(32286) Pause Young (Allocation Failure)
[14721.378s][info][gc,heap        ] GC(32286) PSYoungGen: 83552K(84992K)->384K(84992K) Eden: 82944K(82944K)->0K(82944K) From: 608K(2048K)->384K(2048K)
[14721.378s][info][gc,heap        ] GC(32286) ParOldGen: 518326K(518656K)->518430K(518656K)
[14721.378s][info][gc,metaspace   ] GC(32286) Metaspace: 62365K(62592K)->62365K(62592K) NonClass: 53327K(53504K)->53327K(53504K) Class: 9037K(9088K)->9037K(9088K)
[14721.378s][info][gc             ] GC(32286) Pause Young (Allocation Failure) 587M->506M(589M) 2.737ms
[14721.378s][info][gc,cpu         ] GC(32286) User=0.00s Sys=0.00s Real=0.00s
[14721.883s][info][gc,start       ] GC(32287) Pause Young (Allocation Failure)
[14721.885s][info][gc,heap        ] GC(32287) PSYoungGen: 83328K(84992K)->416K(84992K) Eden: 82944K(82944K)->0K(82944K) From: 384K(2048K)->416K(2048K)
[14721.885s][info][gc,heap        ] GC(32287) ParOldGen: 518430K(518656K)->518478K(518656K)
[14721.885s][info][gc,metaspace   ] GC(32287) Metaspace: 62365K(62592K)->62365K(62592K) NonClass: 53327K(53504K)->53327K(53504K) Class: 9037K(9088K)->9037K(9088K)
[14721.885s][info][gc             ] GC(32287) Pause Young (Allocation Failure) 587M->506M(589M) 2.717ms
[14721.885s][info][gc,cpu         ] GC(32287) User=0.01s Sys=0.00s Real=0.01s
[14722.321s][info][gc,start       ] GC(32288) Pause Young (Allocation Failure)
[14722.325s][info][gc,heap        ] GC(32288) PSYoungGen: 83360K(84992K)->1056K(84992K) Eden: 82944K(82944K)->0K(82944K) From: 416K(2048K)->1056K(2048K)
[14722.325s][info][gc,heap        ] GC(32288) ParOldGen: 518478K(518656K)->518534K(518656K)
[14722.325s][info][gc,metaspace   ] GC(32288) Metaspace: 62365K(62592K)->62365K(62592K) NonClass: 53327K(53504K)->53327K(53504K) Class: 9037K(9088K)->9037K(9088K)
[14722.325s][info][gc             ] GC(32288) Pause Young (Allocation Failure) 587M->507M(589M) 3.511ms
[14722.325s][info][gc,cpu         ] GC(32288) User=0.01s Sys=0.00s Real=0.01s
[14722.791s][info][gc,start       ] GC(32289) Pause Young (Allocation Failure)
[14722.794s][info][gc,heap        ] GC(32289) PSYoungGen: 84000K(84992K)->640K(84992K) Eden: 82944K(82944K)->0K(82944K) From: 1056K(2048K)->640K(2048K)
[14722.794s][info][gc,heap        ] GC(32289) ParOldGen: 518534K(518656K)->518590K(518656K)
[14722.794s][info][gc,metaspace   ] GC(32289) Metaspace: 62365K(62592K)->62365K(62592K) NonClass: 53327K(53504K)->53327K(53504K) Class: 9037K(9088K)->9037K(9088K)
[14722.794s][info][gc             ] GC(32289) Pause Young (Allocation Failure) 588M->507M(589M) 2.921ms
[14722.794s][info][gc,cpu         ] GC(32289) User=0.01s Sys=0.00s Real=0.00s
[14723.284s][info][gc,start       ] GC(32290) Pause Young (Allocation Failure)
[14723.287s][info][gc,heap        ] GC(32290) PSYoungGen: 83584K(84992K)->512K(84992K) Eden: 82944K(82944K)->0K(82944K) From: 640K(2048K)->512K(2048K)
[14723.287s][info][gc,heap        ] GC(32290) ParOldGen: 518590K(518656K)->518638K(518656K)
[14723.287s][info][gc,metaspace   ] GC(32290) Metaspace: 62365K(62592K)->62365K(62592K) NonClass: 53327K(53504K)->53327K(53504K) Class: 9037K(9088K)->9037K(9088K)
[14723.287s][info][gc             ] GC(32290) Pause Young (Allocation Failure) 588M->506M(589M) 2.773ms
[14723.287s][info][gc,cpu         ] GC(32290) User=0.01s Sys=0.00s Real=0.01s
[14723.749s][info][gc,start       ] GC(32291) Pause Young (Allocation Failure)
[14723.753s][info][gc,heap        ] GC(32291) PSYoungGen: 83456K(84992K)->1376K(84992K) Eden: 82944K(82944K)->0K(82944K) From: 512K(2048K)->1376K(2048K)
[14723.753s][info][gc,heap        ] GC(32291) ParOldGen: 518638K(518656K)->518686K(519168K)
[14723.753s][info][gc,metaspace   ] GC(32291) Metaspace: 62365K(62592K)->62365K(62592K) NonClass: 53327K(53504K)->53327K(53504K) Class: 9037K(9088K)->9037K(9088K)
[14723.753s][info][gc             ] GC(32291) Pause Young (Allocation Failure) 587M->507M(590M) 3.921ms
[14723.753s][info][gc,cpu         ] GC(32291) User=0.00s Sys=0.00s Real=0.00s
[14724.223s][info][gc,start       ] GC(32292) Pause Young (Allocation Failure)
[14724.227s][info][gc,heap        ] GC(32292) PSYoungGen: 84320K(84992K)->1056K(84992K) Eden: 82944K(82944K)->0K(82944K) From: 1376K(2048K)->1056K(2048K)
[14724.227s][info][gc,heap        ] GC(32292) ParOldGen: 518686K(519168K)->518734K(519168K)
[14724.227s][info][gc,metaspace   ] GC(32292) Metaspace: 62365K(62592K)->62365K(62592K) NonClass: 53327K(53504K)->53327K(53504K) Class: 9037K(9088K)->9037K(9088K)
[14724.227s][info][gc             ] GC(32292) Pause Young (Allocation Failure) 588M->507M(590M) 3.454ms
[14724.227s][info][gc,cpu         ] GC(32292) User=0.00s Sys=0.00s Real=0.01s
[14724.768s][info][gc,start       ] GC(32293) Pause Young (Allocation Failure)
[14724.770s][info][gc,heap        ] GC(32293) PSYoungGen: 84000K(84992K)->288K(84992K) Eden: 82944K(82944K)->0K(82944K) From: 1056K(2048K)->288K(2048K)
[14724.770s][info][gc,heap        ] GC(32293) ParOldGen: 518734K(519168K)->518782K(519168K)
[14724.770s][info][gc,metaspace   ] GC(32293) Metaspace: 62365K(62592K)->62365K(62592K) NonClass: 53327K(53504K)->53327K(53504K) Class: 9037K(9088K)->9037K(9088K)
[14724.770s][info][gc             ] GC(32293) Pause Young (Allocation Failure) 588M->506M(590M) 2.462ms
[14724.771s][info][gc,cpu         ] GC(32293) User=0.00s Sys=0.00s Real=0.00s
[14725.285s][info][gc,start       ] GC(32294) Pause Young (Allocation Failure)
[14725.287s][info][gc,heap        ] GC(32294) PSYoungGen: 83232K(84992K)->480K(84992K) Eden: 82944K(82944K)->0K(82944K) From: 288K(2048K)->480K(2048K)
[14725.287s][info][gc,heap        ] GC(32294) ParOldGen: 518782K(519168K)->518830K(519168K)
[14725.287s][info][gc,metaspace   ] GC(32294) Metaspace: 62365K(62592K)->62365K(62592K) NonClass: 53327K(53504K)->53327K(53504K) Class: 9037K(9088K)->9037K(9088K)
[14725.288s][info][gc             ] GC(32294) Pause Young (Allocation Failure) 587M->507M(590M) 2.684ms
[14725.288s][info][gc,cpu         ] GC(32294) User=0.00s Sys=0.00s Real=0.00s
[14725.789s][info][gc,start       ] GC(32295) Pause Young (Allocation Failure)
[14725.791s][info][gc,heap        ] GC(32295) PSYoungGen: 83424K(84992K)->512K(84992K) Eden: 82944K(82944K)->0K(82944K) From: 480K(2048K)->512K(2048K)
[14725.791s][info][gc,heap        ] GC(32295) ParOldGen: 518830K(519168K)->518886K(519168K)
[14725.791s][info][gc,metaspace   ] GC(32295) Metaspace: 62365K(62592K)->62365K(62592K) NonClass: 53327K(53504K)->53327K(53504K) Class: 9037K(9088K)->9037K(9088K)
[14725.791s][info][gc             ] GC(32295) Pause Young (Allocation Failure) 588M->507M(590M) 2.723ms
[14725.791s][info][gc,cpu         ] GC(32295) User=0.00s Sys=0.00s Real=0.00s
[14726.290s][info][gc,start       ] GC(32296) Pause Young (Allocation Failure)
[14726.293s][info][gc,heap        ] GC(32296) PSYoungGen: 83456K(84992K)->640K(84992K) Eden: 82944K(82944K)->0K(82944K) From: 512K(2048K)->640K(2048K)
[14726.293s][info][gc,heap        ] GC(32296) ParOldGen: 518886K(519168K)->518942K(519168K)
[14726.293s][info][gc,metaspace   ] GC(32296) Metaspace: 62365K(62592K)->62365K(62592K) NonClass: 53327K(53504K)->53327K(53504K) Class: 9037K(9088K)->9037K(9088K)
[14726.293s][info][gc             ] GC(32296) Pause Young (Allocation Failure) 588M->507M(590M) 2.894ms
[14726.293s][info][gc,cpu         ] GC(32296) User=0.01s Sys=0.00s Real=0.00s
[14726.787s][info][gc,start       ] GC(32297) Pause Young (Allocation Failure)
[14726.790s][info][gc,heap        ] GC(32297) PSYoungGen: 83584K(84992K)->1536K(84992K) Eden: 82944K(82944K)->0K(82944K) From: 640K(2048K)->1536K(2048K)
[14726.790s][info][gc,heap        ] GC(32297) ParOldGen: 518942K(519168K)->518990K(519168K)
[14726.790s][info][gc,metaspace   ] GC(32297) Metaspace: 62365K(62592K)->62365K(62592K) NonClass: 53327K(53504K)->53327K(53504K) Class: 9037K(9088K)->9037K(9088K)
[14726.790s][info][gc             ] GC(32297) Pause Young (Allocation Failure) 588M->508M(590M) 2.944ms
[14726.790s][info][gc,cpu         ] GC(32297) User=0.00s Sys=0.00s Real=0.00s
[14727.287s][info][gc,start       ] GC(32298) Pause Young (Allocation Failure)
[14727.291s][info][gc,heap        ] GC(32298) PSYoungGen: 84480K(84992K)->544K(84992K) Eden: 82944K(82944K)->0K(82944K) From: 1536K(2048K)->544K(2048K)
[14727.291s][info][gc,heap        ] GC(32298) ParOldGen: 518990K(519168K)->521094K(522240K)
[14727.291s][info][gc,metaspace   ] GC(32298) Metaspace: 62365K(62592K)->62365K(62592K) NonClass: 53327K(53504K)->53327K(53504K) Class: 9037K(9088K)->9037K(9088K)
[14727.291s][info][gc             ] GC(32298) Pause Young (Allocation Failure) 589M->509M(593M) 3.998ms
[14727.291s][info][gc,cpu         ] GC(32298) User=0.00s Sys=0.00s Real=0.00s
[14727.767s][info][gc,start       ] GC(32299) Pause Young (Allocation Failure)
[14727.770s][info][gc,heap        ] GC(32299) PSYoungGen: 83488K(84992K)->256K(84992K) Eden: 82944K(82944K)->0K(82944K) From: 544K(2048K)->256K(2048K)
[14727.770s][info][gc,heap        ] GC(32299) ParOldGen: 521094K(522240K)->521150K(522240K)
[14727.770s][info][gc,metaspace   ] GC(32299) Metaspace: 62365K(62592K)->62365K(62592K) NonClass: 53327K(53504K)->53327K(53504K) Class: 9037K(9088K)->9037K(9088K)
[14727.770s][info][gc             ] GC(32299) Pause Young (Allocation Failure) 590M->509M(593M) 2.554ms
[14727.770s][info][gc,cpu         ] GC(32299) User=0.01s Sys=0.00s Real=0.00s
[14728.277s][info][gc,start       ] GC(32300) Pause Young (Allocation Failure)
[14728.279s][info][gc,heap        ] GC(32300) PSYoungGen: 83200K(84992K)->352K(84992K) Eden: 82944K(82944K)->0K(82944K) From: 256K(2048K)->352K(2048K)
[14728.279s][info][gc,heap        ] GC(32300) ParOldGen: 521150K(522240K)->521198K(522240K)
[14728.279s][info][gc,metaspace   ] GC(32300) Metaspace: 62365K(62592K)->62365K(62592K) NonClass: 53327K(53504K)->53327K(53504K) Class: 9037K(9088K)->9037K(9088K)
[14728.279s][info][gc             ] GC(32300) Pause Young (Allocation Failure) 590M->509M(593M) 2.692ms
[14728.279s][info][gc,cpu         ] GC(32300) User=0.01s Sys=0.00s Real=0.00s
[14728.764s][info][gc,start       ] GC(32301) Pause Young (Allocation Failure)
[14728.767s][info][gc,heap        ] GC(32301) PSYoungGen: 83296K(84992K)->224K(84992K) Eden: 82944K(82944K)->0K(82944K) From: 352K(2048K)->224K(2048K)
[14728.767s][info][gc,heap        ] GC(32301) ParOldGen: 521198K(522240K)->521254K(522240K)
[14728.767s][info][gc,metaspace   ] GC(32301) Metaspace: 62365K(62592K)->62365K(62592K) NonClass: 53327K(53504K)->53327K(53504K) Class: 9037K(9088K)->9037K(9088K)
[14728.767s][info][gc             ] GC(32301) Pause Young (Allocation Failure) 590M->509M(593M) 2.479ms
[14728.767s][info][gc,cpu         ] GC(32301) User=0.00s Sys=0.00s Real=0.01s
[14729.309s][info][gc,start       ] GC(32302) Pause Young (Allocation Failure)
[14729.313s][info][gc,heap        ] GC(32302) PSYoungGen: 83168K(84992K)->928K(84992K) Eden: 82944K(82944K)->0K(82944K) From: 224K(2048K)->928K(2048K)
[14729.313s][info][gc,heap        ] GC(32302) ParOldGen: 521254K(522240K)->521302K(522240K)
[14729.313s][info][gc,metaspace   ] GC(32302) Metaspace: 62365K(62592K)->62365K(62592K) NonClass: 53327K(53504K)->53327K(53504K) Class: 9037K(9088K)->9037K(9088K)
[14729.313s][info][gc             ] GC(32302) Pause Young (Allocation Failure) 590M->509M(593M) 4.218ms
[14729.313s][info][gc,cpu         ] GC(32302) User=0.01s Sys=0.00s Real=0.00s
[14729.745s][info][gc,start       ] GC(32303) Pause Young (Allocation Failure)
[14729.749s][info][gc,heap        ] GC(32303) PSYoungGen: 83872K(84992K)->1376K(84992K) Eden: 82944K(82944K)->0K(82944K) From: 928K(2048K)->1376K(2048K)
[14729.749s][info][gc,heap        ] GC(32303) ParOldGen: 521302K(522240K)->521406K(522240K)
[14729.749s][info][gc,metaspace   ] GC(32303) Metaspace: 62365K(62592K)->62365K(62592K) NonClass: 53327K(53504K)->53327K(53504K) Class: 9037K(9088K)->9037K(9088K)
[14729.749s][info][gc             ] GC(32303) Pause Young (Allocation Failure) 590M->510M(593M) 3.784ms
[14729.749s][info][gc,cpu         ] GC(32303) User=0.01s Sys=0.00s Real=0.00s
[14730.214s][info][gc,start       ] GC(32304) Pause Young (Allocation Failure)
[14730.217s][info][gc,heap        ] GC(32304) PSYoungGen: 84320K(84992K)->928K(84992K) Eden: 82944K(82944K)->0K(82944K) From: 1376K(2048K)->928K(2048K)
[14730.217s][info][gc,heap        ] GC(32304) ParOldGen: 521406K(522240K)->521462K(522240K)
[14730.217s][info][gc,metaspace   ] GC(32304) Metaspace: 62365K(62592K)->62365K(62592K) NonClass: 53327K(53504K)->53327K(53504K) Class: 9037K(9088K)->9037K(9088K)
[14730.218s][info][gc             ] GC(32304) Pause Young (Allocation Failure) 591M->510M(593M) 3.254ms
[14730.218s][info][gc,cpu         ] GC(32304) User=0.00s Sys=0.00s Real=0.00s
[14730.719s][info][gc,start       ] GC(32305) Pause Young (Allocation Failure)
[14730.722s][info][gc,heap        ] GC(32305) PSYoungGen: 83872K(84992K)->896K(84992K) Eden: 82944K(82944K)->0K(82944K) From: 928K(2048K)->896K(2048K)
[14730.722s][info][gc,heap        ] GC(32305) ParOldGen: 521462K(522240K)->521510K(522240K)
[14730.722s][info][gc,metaspace   ] GC(32305) Metaspace: 62365K(62592K)->62365K(62592K) NonClass: 53327K(53504K)->53327K(53504K) Class: 9037K(9088K)->9037K(9088K)
[14730.722s][info][gc             ] GC(32305) Pause Young (Allocation Failure) 591M->510M(593M) 3.312ms
[14730.722s][info][gc,cpu         ] GC(32305) User=0.01s Sys=0.00s Real=0.00s
[14731.230s][info][gc,start       ] GC(32306) Pause Young (Allocation Failure)
[14731.233s][info][gc,heap        ] GC(32306) PSYoungGen: 83840K(84992K)->1024K(84992K) Eden: 82944K(82944K)->0K(82944K) From: 896K(2048K)->1024K(2048K)
[14731.233s][info][gc,heap        ] GC(32306) ParOldGen: 521510K(522240K)->521566K(522240K)
[14731.233s][info][gc,metaspace   ] GC(32306) Metaspace: 62365K(62592K)->62365K(62592K) NonClass: 53327K(53504K)->53327K(53504K) Class: 9037K(9088K)->9037K(9088K)
[14731.233s][info][gc             ] GC(32306) Pause Young (Allocation Failure) 591M->510M(593M) 3.411ms
[14731.233s][info][gc,cpu         ] GC(32306) User=0.01s Sys=0.00s Real=0.00s
[14731.716s][info][gc,start       ] GC(32307) Pause Young (Allocation Failure)
[14731.719s][info][gc,heap        ] GC(32307) PSYoungGen: 83968K(84992K)->2016K(84992K) Eden: 82944K(82944K)->0K(82944K) From: 1024K(2048K)->2016K(2048K)
[14731.719s][info][gc,heap        ] GC(32307) ParOldGen: 521566K(522240K)->521614K(522240K)
[14731.719s][info][gc,metaspace   ] GC(32307) Metaspace: 62365K(62592K)->62365K(62592K) NonClass: 53327K(53504K)->53327K(53504K) Class: 9037K(9088K)->9037K(9088K)
[14731.719s][info][gc             ] GC(32307) Pause Young (Allocation Failure) 591M->511M(593M) 3.614ms
[14731.719s][info][gc,cpu         ] GC(32307) User=0.00s Sys=0.00s Real=0.00s
[14732.171s][info][gc,start       ] GC(32308) Pause Young (Allocation Failure)
[14732.175s][info][gc,heap        ] GC(32308) PSYoungGen: 84960K(84992K)->320K(83968K) Eden: 82944K(82944K)->0K(81920K) From: 2016K(2048K)->320K(2048K)
[14732.175s][info][gc,heap        ] GC(32308) ParOldGen: 521614K(522240K)->523710K(523776K)
[14732.175s][info][gc,metaspace   ] GC(32308) Metaspace: 62365K(62592K)->62365K(62592K) NonClass: 53327K(53504K)->53327K(53504K) Class: 9037K(9088K)->9037K(9088K)
[14732.175s][info][gc             ] GC(32308) Pause Young (Allocation Failure) 592M->511M(593M) 3.682ms
[14732.175s][info][gc,cpu         ] GC(32308) User=0.00s Sys=0.00s Real=0.01s
[14732.623s][info][gc,start       ] GC(32309) Pause Young (Allocation Failure)
[14732.627s][info][gc,heap        ] GC(32309) PSYoungGen: 82240K(83968K)->960K(84480K) Eden: 81920K(81920K)->0K(81920K) From: 320K(2048K)->960K(2560K)
[14732.627s][info][gc,heap        ] GC(32309) ParOldGen: 523710K(523776K)->523758K(523776K)
[14732.627s][info][gc,metaspace   ] GC(32309) Metaspace: 62365K(62592K)->62365K(62592K) NonClass: 53327K(53504K)->53327K(53504K) Class: 9037K(9088K)->9037K(9088K)
[14732.627s][info][gc             ] GC(32309) Pause Young (Allocation Failure) 591M->512M(594M) 3.409ms
[14732.627s][info][gc,cpu         ] GC(32309) User=0.01s Sys=0.00s Real=0.01s
[14733.126s][info][gc,start       ] GC(32310) Pause Young (Allocation Failure)
[14733.130s][info][gc,heap        ] GC(32310) PSYoungGen: 82880K(84480K)->992K(84992K) Eden: 81920K(81920K)->0K(82944K) From: 960K(2560K)->992K(2048K)
[14733.130s][info][gc,heap        ] GC(32310) ParOldGen: 523758K(523776K)->523814K(524288K)
[14733.130s][info][gc,metaspace   ] GC(32310) Metaspace: 62365K(62592K)->62365K(62592K) NonClass: 53327K(53504K)->53327K(53504K) Class: 9037K(9088K)->9037K(9088K)
[14733.130s][info][gc             ] GC(32310) Pause Young (Allocation Failure) 592M->512M(595M) 3.465ms
[14733.130s][info][gc,cpu         ] GC(32310) User=0.01s Sys=0.01s Real=0.00s
[14733.635s][info][gc,start       ] GC(32311) Pause Young (Allocation Failure)
[14733.639s][info][gc,heap        ] GC(32311) PSYoungGen: 83936K(84992K)->1120K(84992K) Eden: 82944K(82944K)->0K(82944K) From: 992K(2048K)->1120K(2048K)
[14733.639s][info][gc,heap        ] GC(32311) ParOldGen: 523814K(524288K)->523862K(524288K)
[14733.639s][info][gc,metaspace   ] GC(32311) Metaspace: 62365K(62592K)->62365K(62592K) NonClass: 53327K(53504K)->53327K(53504K) Class: 9037K(9088K)->9037K(9088K)
[14733.639s][info][gc             ] GC(32311) Pause Young (Allocation Failure) 593M->512M(595M) 3.495ms
[14733.639s][info][gc,cpu         ] GC(32311) User=0.01s Sys=0.00s Real=0.00s
[14734.144s][info][gc,start       ] GC(32312) Pause Young (Allocation Failure)
[14734.148s][info][gc,heap        ] GC(32312) PSYoungGen: 84064K(84992K)->1120K(84992K) Eden: 82944K(82944K)->0K(82944K) From: 1120K(2048K)->1120K(2048K)
[14734.148s][info][gc,heap        ] GC(32312) ParOldGen: 523862K(524288K)->523918K(524288K)
[14734.148s][info][gc,metaspace   ] GC(32312) Metaspace: 62365K(62592K)->62365K(62592K) NonClass: 53327K(53504K)->53327K(53504K) Class: 9037K(9088K)->9037K(9088K)
[14734.148s][info][gc             ] GC(32312) Pause Young (Allocation Failure) 593M->512M(595M) 4.261ms
[14734.148s][info][gc,cpu         ] GC(32312) User=0.01s Sys=0.00s Real=0.01s
[14734.616s][info][gc,start       ] GC(32313) Pause Young (Allocation Failure)
[14734.619s][info][gc,heap        ] GC(32313) PSYoungGen: 84064K(84992K)->928K(84992K) Eden: 82944K(82944K)->0K(82944K) From: 1120K(2048K)->928K(2048K)
[14734.619s][info][gc,heap        ] GC(32313) ParOldGen: 523918K(524288K)->523974K(524288K)
[14734.619s][info][gc,metaspace   ] GC(32313) Metaspace: 62365K(62592K)->62365K(62592K) NonClass: 53327K(53504K)->53327K(53504K) Class: 9037K(9088K)->9037K(9088K)
[14734.619s][info][gc             ] GC(32313) Pause Young (Allocation Failure) 593M->512M(595M) 3.403ms
[14734.619s][info][gc,cpu         ] GC(32313) User=0.01s Sys=0.01s Real=0.00s
[14735.170s][info][gc,start       ] GC(32314) Pause Young (Allocation Failure)
[14735.173s][info][gc,heap        ] GC(32314) PSYoungGen: 83872K(84992K)->320K(84992K) Eden: 82944K(82944K)->0K(82944K) From: 928K(2048K)->320K(2048K)
[14735.173s][info][gc,heap        ] GC(32314) ParOldGen: 523974K(524288K)->524022K(524288K)
[14735.173s][info][gc,metaspace   ] GC(32314) Metaspace: 62365K(62592K)->62365K(62592K) NonClass: 53327K(53504K)->53327K(53504K) Class: 9037K(9088K)->9037K(9088K)
[14735.173s][info][gc             ] GC(32314) Pause Young (Allocation Failure) 593M->512M(595M) 2.547ms
[14735.173s][info][gc,cpu         ] GC(32314) User=0.00s Sys=0.00s Real=0.00s
[14735.658s][info][gc,start       ] GC(32315) Pause Young (Allocation Failure)
[14735.662s][info][gc,heap        ] GC(32315) PSYoungGen: 83264K(84992K)->1472K(84992K) Eden: 82944K(82944K)->0K(82944K) From: 320K(2048K)->1472K(2048K)
[14735.662s][info][gc,heap        ] GC(32315) ParOldGen: 524022K(524288K)->524070K(524288K)
[14735.662s][info][gc,metaspace   ] GC(32315) Metaspace: 62365K(62592K)->62365K(62592K) NonClass: 53327K(53504K)->53327K(53504K) Class: 9037K(9088K)->9037K(9088K)
[14735.662s][info][gc             ] GC(32315) Pause Young (Allocation Failure) 593M->513M(595M) 4.045ms
[14735.662s][info][gc,cpu         ] GC(32315) User=0.01s Sys=0.00s Real=0.00s
[14736.139s][info][gc,start       ] GC(32316) Pause Young (Allocation Failure)
[14736.143s][info][gc,heap        ] GC(32316) PSYoungGen: 84416K(84992K)->1248K(84992K) Eden: 82944K(82944K)->0K(82944K) From: 1472K(2048K)->1248K(2048K)
[14736.143s][info][gc,heap        ] GC(32316) ParOldGen: 524070K(524288K)->524126K(524288K)
[14736.143s][info][gc,metaspace   ] GC(32316) Metaspace: 62365K(62592K)->62365K(62592K) NonClass: 53327K(53504K)->53327K(53504K) Class: 9037K(9088K)->9037K(9088K)
[14736.143s][info][gc             ] GC(32316) Pause Young (Allocation Failure) 594M->513M(595M) 3.717ms
[14736.143s][info][gc,cpu         ] GC(32316) User=0.00s Sys=0.00s Real=0.00s
[14736.633s][info][gc,start       ] GC(32317) Pause Young (Allocation Failure)
[14736.636s][info][gc,heap        ] GC(32317) PSYoungGen: 84192K(84992K)->1024K(84992K) Eden: 82944K(82944K)->0K(82944K) From: 1248K(2048K)->1024K(2048K)
[14736.636s][info][gc,heap        ] GC(32317) ParOldGen: 524126K(524288K)->524174K(524288K)
[14736.636s][info][gc,metaspace   ] GC(32317) Metaspace: 62365K(62592K)->62365K(62592K) NonClass: 53327K(53504K)->53327K(53504K) Class: 9037K(9088K)->9037K(9088K)
[14736.636s][info][gc             ] GC(32317) Pause Young (Allocation Failure) 594M->512M(595M) 3.525ms
[14736.636s][info][gc,cpu         ] GC(32317) User=0.01s Sys=0.00s Real=0.01s
[14737.140s][info][gc,start       ] GC(32318) Pause Young (Allocation Failure)
[14737.143s][info][gc,heap        ] GC(32318) PSYoungGen: 83968K(84992K)->2016K(83968K) Eden: 82944K(82944K)->0K(81920K) From: 1024K(2048K)->2016K(2048K)
[14737.143s][info][gc,heap        ] GC(32318) ParOldGen: 524174K(524288K)->524398K(524800K)
[14737.143s][info][gc,metaspace   ] GC(32318) Metaspace: 62365K(62592K)->62365K(62592K) NonClass: 53327K(53504K)->53327K(53504K) Class: 9037K(9088K)->9037K(9088K)
[14737.143s][info][gc             ] GC(32318) Pause Young (Allocation Failure) 593M->514M(594M) 3.907ms
[14737.143s][info][gc,cpu         ] GC(32318) User=0.01s Sys=0.00s Real=0.00s
[14737.622s][info][gc,start       ] GC(32319) Pause Young (Allocation Failure)
[14737.626s][info][gc,heap        ] GC(32319) PSYoungGen: 83936K(83968K)->1088K(84480K) Eden: 81920K(81920K)->0K(81920K) From: 2016K(2048K)->1088K(2560K)
[14737.626s][info][gc,heap        ] GC(32319) ParOldGen: 524398K(524800K)->525438K(526336K)
[14737.626s][info][gc,metaspace   ] GC(32319) Metaspace: 62365K(62592K)->62365K(62592K) NonClass: 53327K(53504K)->53327K(53504K) Class: 9037K(9088K)->9037K(9088K)
[14737.626s][info][gc             ] GC(32319) Pause Young (Allocation Failure) 594M->514M(596M) 3.905ms
[14737.626s][info][gc,cpu         ] GC(32319) User=0.01s Sys=0.00s Real=0.01s
[14738.077s][info][gc,start       ] GC(32320) Pause Young (Allocation Failure)
[14738.080s][info][gc,heap        ] GC(32320) PSYoungGen: 83008K(84480K)->416K(84480K) Eden: 81920K(81920K)->0K(81920K) From: 1088K(2560K)->416K(2560K)
[14738.080s][info][gc,heap        ] GC(32320) ParOldGen: 525438K(526336K)->525534K(526336K)
[14738.080s][info][gc,metaspace   ] GC(32320) Metaspace: 62365K(62592K)->62365K(62592K) NonClass: 53327K(53504K)->53327K(53504K) Class: 9037K(9088K)->9037K(9088K)
[14738.080s][info][gc             ] GC(32320) Pause Young (Allocation Failure) 594M->513M(596M) 2.672ms
[14738.080s][info][gc,cpu         ] GC(32320) User=0.01s Sys=0.00s Real=0.00s
[14738.535s][info][gc,start       ] GC(32321) Pause Young (Allocation Failure)
[14738.539s][info][gc,heap        ] GC(32321) PSYoungGen: 82336K(84480K)->1440K(84480K) Eden: 81920K(81920K)->0K(81920K) From: 416K(2560K)->1440K(2560K)
[14738.539s][info][gc,heap        ] GC(32321) ParOldGen: 525534K(526336K)->525590K(526336K)
[14738.539s][info][gc,metaspace   ] GC(32321) Metaspace: 62365K(62592K)->62365K(62592K) NonClass: 53327K(53504K)->53327K(53504K) Class: 9037K(9088K)->9037K(9088K)
[14738.539s][info][gc             ] GC(32321) Pause Young (Allocation Failure) 593M->514M(596M) 3.953ms
[14738.539s][info][gc,cpu         ] GC(32321) User=0.01s Sys=0.00s Real=0.00s
[14739.012s][info][gc,start       ] GC(32322) Pause Young (Allocation Failure)
[14739.015s][info][gc,heap        ] GC(32322) PSYoungGen: 83360K(84480K)->800K(84480K) Eden: 81920K(81920K)->0K(81920K) From: 1440K(2560K)->800K(2560K)
[14739.015s][info][gc,heap        ] GC(32322) ParOldGen: 525590K(526336K)->525846K(526336K)
[14739.015s][info][gc,metaspace   ] GC(32322) Metaspace: 62365K(62592K)->62365K(62592K) NonClass: 53327K(53504K)->53327K(53504K) Class: 9037K(9088K)->9037K(9088K)
[14739.015s][info][gc             ] GC(32322) Pause Young (Allocation Failure) 594M->514M(596M) 3.586ms
[14739.015s][info][gc,cpu         ] GC(32322) User=0.01s Sys=0.00s Real=0.01s
[14739.516s][info][gc,start       ] GC(32323) Pause Young (Allocation Failure)
[14739.520s][info][gc,heap        ] GC(32323) PSYoungGen: 82720K(84480K)->960K(84480K) Eden: 81920K(81920K)->0K(81920K) From: 800K(2560K)->960K(2560K)
[14739.520s][info][gc,heap        ] GC(32323) ParOldGen: 525846K(526336K)->525894K(526336K)
[14739.520s][info][gc,metaspace   ] GC(32323) Metaspace: 62365K(62592K)->62365K(62592K) NonClass: 53327K(53504K)->53327K(53504K) Class: 9037K(9088K)->9037K(9088K)
[14739.520s][info][gc             ] GC(32323) Pause Young (Allocation Failure) 594M->514M(596M) 3.440ms
[14739.520s][info][gc,cpu         ] GC(32323) User=0.01s Sys=0.00s Real=0.00s
[14740.013s][info][gc,start       ] GC(32324) Pause Young (Allocation Failure)
[14740.016s][info][gc,heap        ] GC(32324) PSYoungGen: 82880K(84480K)->832K(84992K) Eden: 81920K(81920K)->0K(82944K) From: 960K(2560K)->832K(2048K)
[14740.016s][info][gc,heap        ] GC(32324) ParOldGen: 525894K(526336K)->525950K(526336K)
[14740.016s][info][gc,metaspace   ] GC(32324) Metaspace: 62365K(62592K)->62365K(62592K) NonClass: 53327K(53504K)->53327K(53504K) Class: 9037K(9088K)->9037K(9088K)
[14740.016s][info][gc             ] GC(32324) Pause Young (Allocation Failure) 594M->514M(597M) 3.228ms
[14740.016s][info][gc,cpu         ] GC(32324) User=0.00s Sys=0.00s Real=0.01s
[14740.519s][info][gc,start       ] GC(32325) Pause Young (Allocation Failure)
[14740.522s][info][gc,heap        ] GC(32325) PSYoungGen: 83776K(84992K)->928K(84992K) Eden: 82944K(82944K)->0K(82944K) From: 832K(2048K)->928K(2048K)
[14740.522s][info][gc,heap        ] GC(32325) ParOldGen: 525950K(526336K)->525998K(526336K)
[14740.522s][info][gc,metaspace   ] GC(32325) Metaspace: 62365K(62592K)->62365K(62592K) NonClass: 53327K(53504K)->53327K(53504K) Class: 9037K(9088K)->9037K(9088K)
[14740.522s][info][gc             ] GC(32325) Pause Young (Allocation Failure) 595M->514M(597M) 3.396ms
[14740.522s][info][gc,cpu         ] GC(32325) User=0.00s Sys=0.00s Real=0.00s
[14741.013s][info][gc,start       ] GC(32326) Pause Young (Allocation Failure)
[14741.016s][info][gc,heap        ] GC(32326) PSYoungGen: 83872K(84992K)->864K(84992K) Eden: 82944K(82944K)->0K(82944K) From: 928K(2048K)->864K(2048K)
[14741.016s][info][gc,heap        ] GC(32326) ParOldGen: 525998K(526336K)->526046K(526336K)
[14741.016s][info][gc,metaspace   ] GC(32326) Metaspace: 62365K(62592K)->62365K(62592K) NonClass: 53327K(53504K)->53327K(53504K) Class: 9037K(9088K)->9037K(9088K)
[14741.016s][info][gc             ] GC(32326) Pause Young (Allocation Failure) 595M->514M(597M) 3.255ms
[14741.016s][info][gc,cpu         ] GC(32326) User=0.01s Sys=0.00s Real=0.01s
[14741.512s][info][gc,start       ] GC(32327) Pause Young (Allocation Failure)
[14741.515s][info][gc,heap        ] GC(32327) PSYoungGen: 83808K(84992K)->800K(84992K) Eden: 82944K(82944K)->0K(82944K) From: 864K(2048K)->800K(2048K)
[14741.515s][info][gc,heap        ] GC(32327) ParOldGen: 526046K(526336K)->526094K(526336K)
[14741.515s][info][gc,metaspace   ] GC(32327) Metaspace: 62365K(62592K)->62365K(62592K) NonClass: 53327K(53504K)->53327K(53504K) Class: 9037K(9088K)->9037K(9088K)
[14741.515s][info][gc             ] GC(32327) Pause Young (Allocation Failure) 595M->514M(597M) 3.207ms
[14741.515s][info][gc,cpu         ] GC(32327) User=0.00s Sys=0.00s Real=0.01s
[14742.028s][info][gc,start       ] GC(32328) Pause Young (Allocation Failure)
[14742.031s][info][gc,heap        ] GC(32328) PSYoungGen: 83744K(84992K)->2016K(83968K) Eden: 82944K(82944K)->0K(81920K) From: 800K(2048K)->2016K(2048K)
[14742.031s][info][gc,heap        ] GC(32328) ParOldGen: 526094K(526336K)->526158K(526336K)
[14742.031s][info][gc,metaspace   ] GC(32328) Metaspace: 62365K(62592K)->62365K(62592K) NonClass: 53327K(53504K)->53327K(53504K) Class: 9037K(9088K)->9037K(9088K)
[14742.031s][info][gc             ] GC(32328) Pause Young (Allocation Failure) 595M->515M(596M) 3.643ms
[14742.031s][info][gc,cpu         ] GC(32328) User=0.01s Sys=0.00s Real=0.00s
[14742.530s][info][gc,start       ] GC(32329) Pause Young (Allocation Failure)
[14742.534s][info][gc,heap        ] GC(32329) PSYoungGen: 83936K(83968K)->1088K(84480K) Eden: 81920K(81920K)->0K(81920K) From: 2016K(2048K)->1088K(2560K)
[14742.534s][info][gc,heap        ] GC(32329) ParOldGen: 526158K(526336K)->527230K(527872K)
[14742.534s][info][gc,metaspace   ] GC(32329) Metaspace: 62365K(62592K)->62365K(62592K) NonClass: 53327K(53504K)->53327K(53504K) Class: 9037K(9088K)->9037K(9088K)
[14742.534s][info][gc             ] GC(32329) Pause Young (Allocation Failure) 595M->515M(598M) 3.837ms
[14742.534s][info][gc,cpu         ] GC(32329) User=0.01s Sys=0.01s Real=0.00s
[14743.022s][info][gc,start       ] GC(32330) Pause Young (Allocation Failure)
[14743.025s][info][gc,heap        ] GC(32330) PSYoungGen: 83008K(84480K)->960K(84992K) Eden: 81920K(81920K)->0K(82944K) From: 1088K(2560K)->960K(2048K)
[14743.025s][info][gc,heap        ] GC(32330) ParOldGen: 527230K(527872K)->527286K(527872K)
[14743.025s][info][gc,metaspace   ] GC(32330) Metaspace: 62365K(62592K)->62365K(62592K) NonClass: 53327K(53504K)->53327K(53504K) Class: 9037K(9088K)->9037K(9088K)
[14743.025s][info][gc             ] GC(32330) Pause Young (Allocation Failure) 595M->515M(598M) 3.340ms
[14743.026s][info][gc,cpu         ] GC(32330) User=0.01s Sys=0.00s Real=0.01s
[14743.524s][info][gc,start       ] GC(32331) Pause Young (Allocation Failure)
[14743.527s][info][gc,heap        ] GC(32331) PSYoungGen: 83904K(84992K)->992K(84992K) Eden: 82944K(82944K)->0K(82944K) From: 960K(2048K)->992K(2048K)
[14743.527s][info][gc,heap        ] GC(32331) ParOldGen: 527286K(527872K)->527334K(527872K)
[14743.527s][info][gc,metaspace   ] GC(32331) Metaspace: 62365K(62592K)->62365K(62592K) NonClass: 53327K(53504K)->53327K(53504K) Class: 9037K(9088K)->9037K(9088K)
[14743.527s][info][gc             ] GC(32331) Pause Young (Allocation Failure) 596M->515M(598M) 3.468ms
[14743.527s][info][gc,cpu         ] GC(32331) User=0.00s Sys=0.00s Real=0.01s
[14743.956s][info][gc,start       ] GC(32332) Pause Young (Allocation Failure)
[14743.960s][info][gc,heap        ] GC(32332) PSYoungGen: 83936K(84992K)->1632K(84992K) Eden: 82944K(82944K)->0K(82944K) From: 992K(2048K)->1632K(2048K)
[14743.960s][info][gc,heap        ] GC(32332) ParOldGen: 527334K(527872K)->527390K(527872K)
[14743.960s][info][gc,metaspace   ] GC(32332) Metaspace: 62365K(62592K)->62365K(62592K) NonClass: 53327K(53504K)->53327K(53504K) Class: 9037K(9088K)->9037K(9088K)
[14743.960s][info][gc             ] GC(32332) Pause Young (Allocation Failure) 596M->516M(598M) 4.010ms
[14743.960s][info][gc,cpu         ] GC(32332) User=0.01s Sys=0.00s Real=0.00s
[14744.461s][info][gc,start       ] GC(32333) Pause Young (Allocation Failure)
[14744.465s][info][gc,heap        ] GC(32333) PSYoungGen: 84576K(84992K)->1600K(84992K) Eden: 82944K(82944K)->0K(82944K) From: 1632K(2048K)->1600K(2048K)
[14744.465s][info][gc,heap        ] GC(32333) ParOldGen: 527390K(527872K)->527438K(527872K)
[14744.465s][info][gc,metaspace   ] GC(32333) Metaspace: 62365K(62592K)->62365K(62592K) NonClass: 53327K(53504K)->53327K(53504K) Class: 9037K(9088K)->9037K(9088K)
[14744.465s][info][gc             ] GC(32333) Pause Young (Allocation Failure) 597M->516M(598M) 4.057ms
[14744.465s][info][gc,cpu         ] GC(32333) User=0.00s Sys=0.00s Real=0.01s
[14744.919s][info][gc,start       ] GC(32334) Pause Young (Allocation Failure)
[14744.922s][info][gc,heap        ] GC(32334) PSYoungGen: 84544K(84992K)->992K(84992K) Eden: 82944K(82944K)->0K(82944K) From: 1600K(2048K)->992K(2048K)
[14744.922s][info][gc,heap        ] GC(32334) ParOldGen: 527438K(527872K)->527494K(527872K)
[14744.922s][info][gc,metaspace   ] GC(32334) Metaspace: 62365K(62592K)->62365K(62592K) NonClass: 53327K(53504K)->53327K(53504K) Class: 9037K(9088K)->9037K(9088K)
[14744.922s][info][gc             ] GC(32334) Pause Young (Allocation Failure) 597M->516M(598M) 3.482ms
[14744.922s][info][gc,cpu         ] GC(32334) User=0.00s Sys=0.00s Real=0.00s
[14745.362s][info][gc,start       ] GC(32335) Pause Young (Allocation Failure)
[14745.364s][info][gc,heap        ] GC(32335) PSYoungGen: 83936K(84992K)->192K(83456K) Eden: 82944K(82944K)->0K(82944K) From: 992K(2048K)->192K(512K)
[14745.364s][info][gc,heap        ] GC(32335) ParOldGen: 527494K(527872K)->527542K(527872K)
[14745.364s][info][gc,metaspace   ] GC(32335) Metaspace: 62365K(62592K)->62365K(62592K) NonClass: 53327K(53504K)->53327K(53504K) Class: 9037K(9088K)->9037K(9088K)
[14745.364s][info][gc             ] GC(32335) Pause Young (Allocation Failure) 597M->515M(597M) 2.456ms
[14745.364s][info][gc,cpu         ] GC(32335) User=0.01s Sys=0.00s Real=0.00s
[14745.899s][info][gc,start       ] GC(32336) Pause Young (Allocation Failure)
[14745.902s][info][gc,heap        ] GC(32336) PSYoungGen: 83136K(83456K)->736K(84992K) Eden: 82944K(82944K)->0K(82432K) From: 192K(512K)->736K(2560K)
[14745.902s][info][gc,heap        ] GC(32336) ParOldGen: 527542K(527872K)->527598K(527872K)
[14745.902s][info][gc,metaspace   ] GC(32336) Metaspace: 62365K(62592K)->62365K(62592K) NonClass: 53327K(53504K)->53327K(53504K) Class: 9037K(9088K)->9037K(9088K)
[14745.902s][info][gc             ] GC(32336) Pause Young (Allocation Failure) 596M->515M(598M) 3.068ms
[14745.902s][info][gc,cpu         ] GC(32336) User=0.01s Sys=0.00s Real=0.00s
[14746.380s][info][gc,start       ] GC(32337) Pause Young (Allocation Failure)
[14746.383s][info][gc,heap        ] GC(32337) PSYoungGen: 83168K(84992K)->512K(84480K) Eden: 82432K(82432K)->0K(82432K) From: 736K(2560K)->512K(2048K)
[14746.383s][info][gc,heap        ] GC(32337) ParOldGen: 527598K(527872K)->527702K(527872K)
[14746.383s][info][gc,metaspace   ] GC(32337) Metaspace: 62365K(62592K)->62365K(62592K) NonClass: 53327K(53504K)->53327K(53504K) Class: 9037K(9088K)->9037K(9088K)
[14746.383s][info][gc             ] GC(32337) Pause Young (Allocation Failure) 596M->515M(598M) 2.810ms
[14746.383s][info][gc,cpu         ] GC(32337) User=0.00s Sys=0.00s Real=0.00s
[14746.829s][info][gc,start       ] GC(32338) Pause Young (Allocation Failure)
[14746.833s][info][gc,heap        ] GC(32338) PSYoungGen: 82944K(84480K)->1184K(84992K) Eden: 82432K(82432K)->0K(82944K) From: 512K(2048K)->1184K(2048K)
[14746.833s][info][gc,heap        ] GC(32338) ParOldGen: 527702K(527872K)->527750K(527872K)
[14746.833s][info][gc,metaspace   ] GC(32338) Metaspace: 62365K(62592K)->62365K(62592K) NonClass: 53327K(53504K)->53327K(53504K) Class: 9037K(9088K)->9037K(9088K)
[14746.833s][info][gc             ] GC(32338) Pause Young (Allocation Failure) 596M->516M(598M) 3.813ms
[14746.833s][info][gc,cpu         ] GC(32338) User=0.01s Sys=0.00s Real=0.00s
[14747.292s][info][gc,start       ] GC(32339) Pause Young (Allocation Failure)
[14747.295s][info][gc,heap        ] GC(32339) PSYoungGen: 84128K(84992K)->1696K(84992K) Eden: 82944K(82944K)->0K(82944K) From: 1184K(2048K)->1696K(2048K)
[14747.295s][info][gc,heap        ] GC(32339) ParOldGen: 527750K(527872K)->527806K(527872K)
[14747.295s][info][gc,metaspace   ] GC(32339) Metaspace: 62365K(62592K)->62365K(62592K) NonClass: 53327K(53504K)->53327K(53504K) Class: 9037K(9088K)->9037K(9088K)
[14747.295s][info][gc             ] GC(32339) Pause Young (Allocation Failure) 597M->517M(598M) 3.029ms
[14747.295s][info][gc,cpu         ] GC(32339) User=0.01s Sys=0.00s Real=0.01s
[14747.770s][info][gc,start       ] GC(32340) Pause Young (Allocation Failure)
[14747.774s][info][gc,heap        ] GC(32340) PSYoungGen: 84640K(84992K)->320K(83968K) Eden: 82944K(82944K)->0K(81920K) From: 1696K(2048K)->320K(2048K)
[14747.774s][info][gc,heap        ] GC(32340) ParOldGen: 527806K(527872K)->529903K(530944K)
[14747.774s][info][gc,metaspace   ] GC(32340) Metaspace: 62365K(62592K)->62365K(62592K) NonClass: 53327K(53504K)->53327K(53504K) Class: 9037K(9088K)->9037K(9088K)
[14747.774s][info][gc             ] GC(32340) Pause Young (Allocation Failure) 598M->517M(600M) 3.796ms
[14747.774s][info][gc,cpu         ] GC(32340) User=0.01s Sys=0.00s Real=0.01s
[14748.254s][info][gc,start       ] GC(32341) Pause Young (Allocation Failure)
[14748.258s][info][gc,heap        ] GC(32341) PSYoungGen: 82240K(83968K)->1408K(84480K) Eden: 81920K(81920K)->0K(81920K) From: 320K(2048K)->1408K(2560K)
[14748.258s][info][gc,heap        ] GC(32341) ParOldGen: 529903K(530944K)->529951K(530944K)
[14748.258s][info][gc,metaspace   ] GC(32341) Metaspace: 62365K(62592K)->62365K(62592K) NonClass: 53327K(53504K)->53327K(53504K) Class: 9037K(9088K)->9037K(9088K)
[14748.258s][info][gc             ] GC(32341) Pause Young (Allocation Failure) 597M->518M(601M) 3.828ms
[14748.258s][info][gc,cpu         ] GC(32341) User=0.00s Sys=0.00s Real=0.01s
[14748.750s][info][gc,start       ] GC(32342) Pause Young (Allocation Failure)
[14748.753s][info][gc,heap        ] GC(32342) PSYoungGen: 83328K(84480K)->1280K(84480K) Eden: 81920K(81920K)->0K(81920K) From: 1408K(2560K)->1280K(2560K)
[14748.753s][info][gc,heap        ] GC(32342) ParOldGen: 529951K(530944K)->530007K(530944K)
[14748.753s][info][gc,metaspace   ] GC(32342) Metaspace: 62365K(62592K)->62365K(62592K) NonClass: 53327K(53504K)->53327K(53504K) Class: 9037K(9088K)->9037K(9088K)
[14748.753s][info][gc             ] GC(32342) Pause Young (Allocation Failure) 598M->518M(601M) 3.819ms
[14748.753s][info][gc,cpu         ] GC(32342) User=0.01s Sys=0.00s Real=0.00s
[14749.231s][info][gc,start       ] GC(32343) Pause Young (Allocation Failure)
[14749.234s][info][gc,heap        ] GC(32343) PSYoungGen: 83200K(84480K)->1120K(84480K) Eden: 81920K(81920K)->0K(81920K) From: 1280K(2560K)->1120K(2560K)
[14749.234s][info][gc,heap        ] GC(32343) ParOldGen: 530007K(530944K)->530063K(530944K)
[14749.234s][info][gc,metaspace   ] GC(32343) Metaspace: 62365K(62592K)->62365K(62592K) NonClass: 53327K(53504K)->53327K(53504K) Class: 9037K(9088K)->9037K(9088K)
[14749.234s][info][gc             ] GC(32343) Pause Young (Allocation Failure) 598M->518M(601M) 3.316ms
[14749.234s][info][gc,cpu         ] GC(32343) User=0.01s Sys=0.00s Real=0.01s
[14749.686s][info][gc,start       ] GC(32344) Pause Young (Allocation Failure)
[14749.689s][info][gc,heap        ] GC(32344) PSYoungGen: 83040K(84480K)->544K(84480K) Eden: 81920K(81920K)->0K(81920K) From: 1120K(2560K)->544K(2560K)
[14749.689s][info][gc,heap        ] GC(32344) ParOldGen: 530063K(530944K)->530119K(530944K)
[14749.689s][info][gc,metaspace   ] GC(32344) Metaspace: 62365K(62592K)->62365K(62592K) NonClass: 53327K(53504K)->53327K(53504K) Class: 9037K(9088K)->9037K(9088K)
[14749.689s][info][gc             ] GC(32344) Pause Young (Allocation Failure) 598M->518M(601M) 2.718ms
[14749.689s][info][gc,cpu         ] GC(32344) User=0.00s Sys=0.00s Real=0.00s
[14750.159s][info][gc,start       ] GC(32345) Pause Young (Allocation Failure)
[14750.162s][info][gc,heap        ] GC(32345) PSYoungGen: 82464K(84480K)->1504K(84480K) Eden: 81920K(81920K)->0K(81920K) From: 544K(2560K)->1504K(2560K)
[14750.163s][info][gc,heap        ] GC(32345) ParOldGen: 530119K(530944K)->530175K(530944K)
[14750.163s][info][gc,metaspace   ] GC(32345) Metaspace: 62365K(62592K)->62365K(62592K) NonClass: 53327K(53504K)->53327K(53504K) Class: 9037K(9088K)->9037K(9088K)
[14750.163s][info][gc             ] GC(32345) Pause Young (Allocation Failure) 598M->519M(601M) 4.036ms
[14750.163s][info][gc,cpu         ] GC(32345) User=0.00s Sys=0.00s Real=0.00s
[14750.646s][info][gc,start       ] GC(32346) Pause Young (Allocation Failure)
[14750.650s][info][gc,heap        ] GC(32346) PSYoungGen: 83424K(84480K)->1312K(84480K) Eden: 81920K(81920K)->0K(81920K) From: 1504K(2560K)->1312K(2560K)
[14750.650s][info][gc,heap        ] GC(32346) ParOldGen: 530175K(530944K)->530231K(530944K)
[14750.650s][info][gc,metaspace   ] GC(32346) Metaspace: 62365K(62592K)->62365K(62592K) NonClass: 53327K(53504K)->53327K(53504K) Class: 9037K(9088K)->9037K(9088K)
[14750.650s][info][gc             ] GC(32346) Pause Young (Allocation Failure) 599M->519M(601M) 3.730ms
[14750.650s][info][gc,cpu         ] GC(32346) User=0.01s Sys=0.00s Real=0.00s
[14751.126s][info][gc,start       ] GC(32347) Pause Young (Allocation Failure)
[14751.129s][info][gc,heap        ] GC(32347) PSYoungGen: 83232K(84480K)->1056K(84480K) Eden: 81920K(81920K)->0K(81920K) From: 1312K(2560K)->1056K(2560K)
[14751.129s][info][gc,heap        ] GC(32347) ParOldGen: 530231K(530944K)->530279K(530944K)
[14751.129s][info][gc,metaspace   ] GC(32347) Metaspace: 62365K(62592K)->62365K(62592K) NonClass: 53327K(53504K)->53327K(53504K) Class: 9037K(9088K)->9037K(9088K)
[14751.129s][info][gc             ] GC(32347) Pause Young (Allocation Failure) 599M->518M(601M) 3.434ms
[14751.129s][info][gc,cpu         ] GC(32347) User=0.01s Sys=0.00s Real=0.00s
[14751.602s][info][gc,start       ] GC(32348) Pause Young (Allocation Failure)
[14751.605s][info][gc,heap        ] GC(32348) PSYoungGen: 82976K(84480K)->736K(84992K) Eden: 81920K(81920K)->0K(82944K) From: 1056K(2560K)->736K(2048K)
[14751.605s][info][gc,heap        ] GC(32348) ParOldGen: 530279K(530944K)->530335K(530944K)
[14751.605s][info][gc,metaspace   ] GC(32348) Metaspace: 62365K(62592K)->62365K(62592K) NonClass: 53327K(53504K)->53327K(53504K) Class: 9037K(9088K)->9037K(9088K)
[14751.605s][info][gc             ] GC(32348) Pause Young (Allocation Failure) 598M->518M(601M) 3.056ms
[14751.605s][info][gc,cpu         ] GC(32348) User=0.00s Sys=0.00s Real=0.01s
[14752.088s][info][gc,start       ] GC(32349) Pause Young (Allocation Failure)
[14752.091s][info][gc,heap        ] GC(32349) PSYoungGen: 83680K(84992K)->1568K(84992K) Eden: 82944K(82944K)->0K(82944K) From: 736K(2048K)->1568K(2048K)
[14752.091s][info][gc,heap        ] GC(32349) ParOldGen: 530335K(530944K)->530383K(530944K)
[14752.091s][info][gc,metaspace   ] GC(32349) Metaspace: 62365K(62592K)->62365K(62592K) NonClass: 53327K(53504K)->53327K(53504K) Class: 9037K(9088K)->9037K(9088K)
[14752.091s][info][gc             ] GC(32349) Pause Young (Allocation Failure) 599M->519M(601M) 2.893ms
[14752.091s][info][gc,cpu         ] GC(32349) User=0.00s Sys=0.00s Real=0.00s
[14752.571s][info][gc,start       ] GC(32350) Pause Young (Allocation Failure)
[14752.575s][info][gc,heap        ] GC(32350) PSYoungGen: 84512K(84992K)->320K(83968K) Eden: 82944K(82944K)->0K(81920K) From: 1568K(2048K)->320K(2048K)
[14752.575s][info][gc,heap        ] GC(32350) ParOldGen: 530383K(530944K)->532487K(532992K)
[14752.575s][info][gc,metaspace   ] GC(32350) Metaspace: 62365K(62592K)->62365K(62592K) NonClass: 53327K(53504K)->53327K(53504K) Class: 9037K(9088K)->9037K(9088K)
[14752.575s][info][gc             ] GC(32350) Pause Young (Allocation Failure) 600M->520M(602M) 3.855ms
[14752.575s][info][gc,cpu         ] GC(32350) User=0.00s Sys=0.01s Real=0.01s
[14753.049s][info][gc,start       ] GC(32351) Pause Young (Allocation Failure)
[14753.053s][info][gc,heap        ] GC(32351) PSYoungGen: 82240K(83968K)->1376K(84480K) Eden: 81920K(81920K)->0K(81920K) From: 320K(2048K)->1376K(2560K)
[14753.053s][info][gc,heap        ] GC(32351) ParOldGen: 532487K(532992K)->532535K(532992K)
[14753.053s][info][gc,metaspace   ] GC(32351) Metaspace: 62365K(62592K)->62365K(62592K) NonClass: 53327K(53504K)->53327K(53504K) Class: 9037K(9088K)->9037K(9088K)
[14753.053s][info][gc             ] GC(32351) Pause Young (Allocation Failure) 600M->521M(603M) 3.694ms
[14753.053s][info][gc,cpu         ] GC(32351) User=0.00s Sys=0.00s Real=0.00s
[14753.572s][info][gc,start       ] GC(32352) Pause Young (Allocation Failure)
[14753.575s][info][gc,heap        ] GC(32352) PSYoungGen: 83296K(84480K)->352K(84480K) Eden: 81920K(81920K)->0K(81920K) From: 1376K(2560K)->352K(2560K)
[14753.575s][info][gc,heap        ] GC(32352) ParOldGen: 532535K(532992K)->532583K(532992K)
[14753.575s][info][gc,metaspace   ] GC(32352) Metaspace: 62365K(62592K)->62365K(62592K) NonClass: 53327K(53504K)->53327K(53504K) Class: 9037K(9088K)->9037K(9088K)
[14753.575s][info][gc             ] GC(32352) Pause Young (Allocation Failure) 601M->520M(603M) 2.537ms
[14753.575s][info][gc,cpu         ] GC(32352) User=0.01s Sys=0.00s Real=0.01s
[14754.015s][info][gc,start       ] GC(32353) Pause Young (Allocation Failure)
[14754.018s][info][gc,heap        ] GC(32353) PSYoungGen: 82272K(84480K)->896K(84480K) Eden: 81920K(81920K)->0K(81920K) From: 352K(2560K)->896K(2560K)
[14754.018s][info][gc,heap        ] GC(32353) ParOldGen: 532583K(532992K)->532687K(532992K)
[14754.018s][info][gc,metaspace   ] GC(32353) Metaspace: 62365K(62592K)->62365K(62592K) NonClass: 53327K(53504K)->53327K(53504K) Class: 9037K(9088K)->9037K(9088K)
[14754.018s][info][gc             ] GC(32353) Pause Young (Allocation Failure) 600M->521M(603M) 3.348ms
[14754.018s][info][gc,cpu         ] GC(32353) User=0.01s Sys=0.00s Real=0.00s
[14754.434s][info][gc,start       ] GC(32354) Pause Young (Allocation Failure)
[14754.437s][info][gc,heap        ] GC(32354) PSYoungGen: 82816K(84480K)->1312K(84480K) Eden: 81920K(81920K)->0K(81920K) From: 896K(2560K)->1312K(2560K)
[14754.437s][info][gc,heap        ] GC(32354) ParOldGen: 532687K(532992K)->532735K(532992K)
[14754.437s][info][gc,metaspace   ] GC(32354) Metaspace: 62365K(62592K)->62365K(62592K) NonClass: 53327K(53504K)->53327K(53504K) Class: 9037K(9088K)->9037K(9088K)
[14754.437s][info][gc             ] GC(32354) Pause Young (Allocation Failure) 601M->521M(603M) 3.400ms
[14754.437s][info][gc,cpu         ] GC(32354) User=0.01s Sys=0.00s Real=0.01s
[14754.854s][info][gc,start       ] GC(32355) Pause Young (Allocation Failure)
[14754.858s][info][gc,heap        ] GC(32355) PSYoungGen: 83232K(84480K)->1664K(84480K) Eden: 81920K(81920K)->0K(81920K) From: 1312K(2560K)->1664K(2560K)
[14754.858s][info][gc,heap        ] GC(32355) ParOldGen: 532735K(532992K)->532783K(532992K)
[14754.858s][info][gc,metaspace   ] GC(32355) Metaspace: 62365K(62592K)->62365K(62592K) NonClass: 53327K(53504K)->53327K(53504K) Class: 9037K(9088K)->9037K(9088K)
[14754.858s][info][gc             ] GC(32355) Pause Young (Allocation Failure) 601M->521M(603M) 3.877ms
[14754.858s][info][gc,cpu         ] GC(32355) User=0.01s Sys=0.00s Real=0.01s
[14755.326s][info][gc,start       ] GC(32356) Pause Young (Allocation Failure)
[14755.329s][info][gc,heap        ] GC(32356) PSYoungGen: 83584K(84480K)->1056K(84480K) Eden: 81920K(81920K)->0K(81920K) From: 1664K(2560K)->1056K(2560K)
[14755.329s][info][gc,heap        ] GC(32356) ParOldGen: 532783K(532992K)->532839K(532992K)
[14755.329s][info][gc,metaspace   ] GC(32356) Metaspace: 62365K(62592K)->62365K(62592K) NonClass: 53327K(53504K)->53327K(53504K) Class: 9037K(9088K)->9037K(9088K)
[14755.329s][info][gc             ] GC(32356) Pause Young (Allocation Failure) 601M->521M(603M) 3.674ms
[14755.329s][info][gc,cpu         ] GC(32356) User=0.00s Sys=0.00s Real=0.00s
[14755.782s][info][gc,start       ] GC(32357) Pause Young (Allocation Failure)
[14755.784s][info][gc,heap        ] GC(32357) PSYoungGen: 82976K(84480K)->512K(84480K) Eden: 81920K(81920K)->0K(81920K) From: 1056K(2560K)->512K(2560K)
[14755.784s][info][gc,heap        ] GC(32357) ParOldGen: 532839K(532992K)->532895K(532992K)
[14755.784s][info][gc,metaspace   ] GC(32357) Metaspace: 62365K(62592K)->62365K(62592K) NonClass: 53327K(53504K)->53327K(53504K) Class: 9037K(9088K)->9037K(9088K)
[14755.784s][info][gc             ] GC(32357) Pause Young (Allocation Failure) 601M->520M(603M) 2.706ms
[14755.784s][info][gc,cpu         ] GC(32357) User=0.01s Sys=0.00s Real=0.01s
[14756.223s][info][gc,start       ] GC(32358) Pause Young (Allocation Failure)
[14756.227s][info][gc,heap        ] GC(32358) PSYoungGen: 82432K(84480K)->1088K(84992K) Eden: 81920K(81920K)->0K(82432K) From: 512K(2560K)->1088K(2560K)
[14756.227s][info][gc,heap        ] GC(32358) ParOldGen: 532895K(532992K)->532951K(532992K)
[14756.227s][info][gc,metaspace   ] GC(32358) Metaspace: 62365K(62592K)->62365K(62592K) NonClass: 53327K(53504K)->53327K(53504K) Class: 9037K(9088K)->9037K(9088K)
[14756.227s][info][gc             ] GC(32358) Pause Young (Allocation Failure) 600M->521M(603M) 3.475ms
[14756.227s][info][gc,cpu         ] GC(32358) User=0.00s Sys=0.00s Real=0.01s
[14756.718s][info][gc,start       ] GC(32359) Pause Young (Allocation Failure)
[14756.722s][info][gc,heap        ] GC(32359) PSYoungGen: 83520K(84992K)->992K(84480K) Eden: 82432K(82432K)->0K(82432K) From: 1088K(2560K)->992K(2048K)
[14756.722s][info][gc,heap        ] GC(32359) ParOldGen: 532951K(532992K)->533007K(533504K)
[14756.722s][info][gc,metaspace   ] GC(32359) Metaspace: 62365K(62592K)->62365K(62592K) NonClass: 53327K(53504K)->53327K(53504K) Class: 9037K(9088K)->9037K(9088K)
[14756.722s][info][gc             ] GC(32359) Pause Young (Allocation Failure) 602M->521M(603M) 3.473ms
[14756.722s][info][gc,cpu         ] GC(32359) User=0.01s Sys=0.00s Real=0.00s
[14757.147s][info][gc,start       ] GC(32360) Pause Young (Allocation Failure)
[14757.151s][info][gc,heap        ] GC(32360) PSYoungGen: 83424K(84480K)->2016K(83968K) Eden: 82432K(82432K)->0K(81920K) From: 992K(2048K)->2016K(2048K)
[14757.152s][info][gc,heap        ] GC(32360) ParOldGen: 533007K(533504K)->533479K(533504K)
[14757.152s][info][gc,metaspace   ] GC(32360) Metaspace: 62365K(62592K)->62365K(62592K) NonClass: 53327K(53504K)->53327K(53504K) Class: 9037K(9088K)->9037K(9088K)
[14757.152s][info][gc             ] GC(32360) Pause Young (Allocation Failure) 601M->522M(603M) 4.200ms
[14757.152s][info][gc,cpu         ] GC(32360) User=0.00s Sys=0.00s Real=0.00s
[14757.578s][info][gc,start       ] GC(32361) Pause Young (Allocation Failure)
[14757.582s][info][gc,heap        ] GC(32361) PSYoungGen: 83936K(83968K)->448K(84480K) Eden: 81920K(81920K)->0K(81920K) From: 2016K(2048K)->448K(2560K)
[14757.582s][info][gc,heap        ] GC(32361) ParOldGen: 533479K(533504K)->535551K(536576K)
[14757.582s][info][gc,metaspace   ] GC(32361) Metaspace: 62365K(62592K)->62365K(62592K) NonClass: 53327K(53504K)->53327K(53504K) Class: 9037K(9088K)->9037K(9088K)
[14757.582s][info][gc             ] GC(32361) Pause Young (Allocation Failure) 602M->523M(606M) 3.871ms
[14757.582s][info][gc,cpu         ] GC(32361) User=0.00s Sys=0.00s Real=0.00s
[14758.020s][info][gc,start       ] GC(32362) Pause Young (Allocation Failure)
[14758.023s][info][gc,heap        ] GC(32362) PSYoungGen: 82368K(84480K)->1024K(84480K) Eden: 81920K(81920K)->0K(81920K) From: 448K(2560K)->1024K(2560K)
[14758.023s][info][gc,heap        ] GC(32362) ParOldGen: 535551K(536576K)->535607K(536576K)
[14758.023s][info][gc,metaspace   ] GC(32362) Metaspace: 62365K(62592K)->62365K(62592K) NonClass: 53327K(53504K)->53327K(53504K) Class: 9037K(9088K)->9037K(9088K)
[14758.023s][info][gc             ] GC(32362) Pause Young (Allocation Failure) 603M->524M(606M) 3.335ms
[14758.023s][info][gc,cpu         ] GC(32362) User=0.01s Sys=0.00s Real=0.00s
[14758.482s][info][gc,start       ] GC(32363) Pause Young (Allocation Failure)
[14758.484s][info][gc,heap        ] GC(32363) PSYoungGen: 82944K(84480K)->480K(84480K) Eden: 81920K(81920K)->0K(81920K) From: 1024K(2560K)->480K(2560K)
[14758.484s][info][gc,heap        ] GC(32363) ParOldGen: 535607K(536576K)->535663K(536576K)
[14758.484s][info][gc,metaspace   ] GC(32363) Metaspace: 62365K(62592K)->62365K(62592K) NonClass: 53327K(53504K)->53327K(53504K) Class: 9037K(9088K)->9037K(9088K)
[14758.484s][info][gc             ] GC(32363) Pause Young (Allocation Failure) 604M->523M(606M) 2.763ms
[14758.484s][info][gc,cpu         ] GC(32363) User=0.00s Sys=0.00s Real=0.01s
[14758.906s][info][gc,start       ] GC(32364) Pause Young (Allocation Failure)
[14758.910s][info][gc,heap        ] GC(32364) PSYoungGen: 82400K(84480K)->928K(84480K) Eden: 81920K(81920K)->0K(81920K) From: 480K(2560K)->928K(2560K)
[14758.910s][info][gc,heap        ] GC(32364) ParOldGen: 535663K(536576K)->535719K(536576K)
[14758.910s][info][gc,metaspace   ] GC(32364) Metaspace: 62365K(62592K)->62365K(62592K) NonClass: 53327K(53504K)->53327K(53504K) Class: 9037K(9088K)->9037K(9088K)
[14758.910s][info][gc             ] GC(32364) Pause Young (Allocation Failure) 603M->524M(606M) 3.359ms
[14758.910s][info][gc,cpu         ] GC(32364) User=0.01s Sys=0.00s Real=0.00s
[14759.424s][info][gc,start       ] GC(32365) Pause Young (Allocation Failure)
[14759.427s][info][gc,heap        ] GC(32365) PSYoungGen: 82848K(84480K)->1024K(84480K) Eden: 81920K(81920K)->0K(81920K) From: 928K(2560K)->1024K(2560K)
[14759.427s][info][gc,heap        ] GC(32365) ParOldGen: 535719K(536576K)->535775K(536576K)
[14759.427s][info][gc,metaspace   ] GC(32365) Metaspace: 62365K(62592K)->62365K(62592K) NonClass: 53327K(53504K)->53327K(53504K) Class: 9037K(9088K)->9037K(9088K)
[14759.427s][info][gc             ] GC(32365) Pause Young (Allocation Failure) 604M->524M(606M) 3.495ms
[14759.427s][info][gc,cpu         ] GC(32365) User=0.00s Sys=0.00s Real=0.01s
[14759.924s][info][gc,start       ] GC(32366) Pause Young (Allocation Failure)
[14759.927s][info][gc,heap        ] GC(32366) PSYoungGen: 82944K(84480K)->1024K(84992K) Eden: 81920K(81920K)->0K(82944K) From: 1024K(2560K)->1024K(2048K)
[14759.927s][info][gc,heap        ] GC(32366) ParOldGen: 535775K(536576K)->535831K(536576K)
[14759.927s][info][gc,metaspace   ] GC(32366) Metaspace: 62365K(62592K)->62365K(62592K) NonClass: 53327K(53504K)->53327K(53504K) Class: 9037K(9088K)->9037K(9088K)
[14759.927s][info][gc             ] GC(32366) Pause Young (Allocation Failure) 604M->524M(607M) 3.405ms
[14759.927s][info][gc,cpu         ] GC(32366) User=0.01s Sys=0.00s Real=0.01s
[14760.418s][info][gc,start       ] GC(32367) Pause Young (Allocation Failure)
[14760.422s][info][gc,heap        ] GC(32367) PSYoungGen: 83968K(84992K)->928K(84992K) Eden: 82944K(82944K)->0K(82944K) From: 1024K(2048K)->928K(2048K)
[14760.422s][info][gc,heap        ] GC(32367) ParOldGen: 535831K(536576K)->535879K(536576K)
[14760.422s][info][gc,metaspace   ] GC(32367) Metaspace: 62365K(62592K)->62365K(62592K) NonClass: 53327K(53504K)->53327K(53504K) Class: 9037K(9088K)->9037K(9088K)
[14760.422s][info][gc             ] GC(32367) Pause Young (Allocation Failure) 605M->524M(607M) 3.281ms
[14760.422s][info][gc,cpu         ] GC(32367) User=0.01s Sys=0.00s Real=0.00s
[14760.884s][info][gc,start       ] GC(32368) Pause Young (Allocation Failure)
[14760.886s][info][gc,heap        ] GC(32368) PSYoungGen: 83872K(84992K)->512K(84992K) Eden: 82944K(82944K)->0K(82944K) From: 928K(2048K)->512K(2048K)
[14760.886s][info][gc,heap        ] GC(32368) ParOldGen: 535879K(536576K)->535927K(536576K)
[14760.886s][info][gc,metaspace   ] GC(32368) Metaspace: 62365K(62592K)->62365K(62592K) NonClass: 53327K(53504K)->53327K(53504K) Class: 9037K(9088K)->9037K(9088K)
[14760.887s][info][gc             ] GC(32368) Pause Young (Allocation Failure) 605M->523M(607M) 2.747ms
[14760.887s][info][gc,cpu         ] GC(32368) User=0.00s Sys=0.00s Real=0.01s
[14761.394s][info][gc,start       ] GC(32369) Pause Young (Allocation Failure)
[14761.397s][info][gc,heap        ] GC(32369) PSYoungGen: 83456K(84992K)->768K(84992K) Eden: 82944K(82944K)->0K(82944K) From: 512K(2048K)->768K(2048K)
[14761.397s][info][gc,heap        ] GC(32369) ParOldGen: 535927K(536576K)->535975K(536576K)
[14761.397s][info][gc,metaspace   ] GC(32369) Metaspace: 62365K(62592K)->62365K(62592K) NonClass: 53327K(53504K)->53327K(53504K) Class: 9037K(9088K)->9037K(9088K)
[14761.397s][info][gc             ] GC(32369) Pause Young (Allocation Failure) 604M->524M(607M) 2.921ms
[14761.397s][info][gc,cpu         ] GC(32369) User=0.01s Sys=0.00s Real=0.01s
[14761.827s][info][gc,start       ] GC(32370) Pause Young (Allocation Failure)
[14761.831s][info][gc,heap        ] GC(32370) PSYoungGen: 83712K(84992K)->2016K(83968K) Eden: 82944K(82944K)->0K(81920K) From: 768K(2048K)->2016K(2048K)
[14761.831s][info][gc,heap        ] GC(32370) ParOldGen: 535975K(536576K)->536223K(536576K)
[14761.831s][info][gc,metaspace   ] GC(32370) Metaspace: 62365K(62592K)->62365K(62592K) NonClass: 53327K(53504K)->53327K(53504K) Class: 9037K(9088K)->9037K(9088K)
[14761.831s][info][gc             ] GC(32370) Pause Young (Allocation Failure) 605M->525M(606M) 3.860ms
[14761.831s][info][gc,cpu         ] GC(32370) User=0.01s Sys=0.00s Real=0.00s
[14762.276s][info][gc,start       ] GC(32371) Pause Young (Allocation Failure)
[14762.280s][info][gc,heap        ] GC(32371) PSYoungGen: 83936K(83968K)->384K(84480K) Eden: 81920K(81920K)->0K(81920K) From: 2016K(2048K)->384K(2560K)
[14762.280s][info][gc,heap        ] GC(32371) ParOldGen: 536223K(536576K)->538295K(539648K)
[14762.280s][info][gc,metaspace   ] GC(32371) Metaspace: 62365K(62592K)->62365K(62592K) NonClass: 53327K(53504K)->53327K(53504K) Class: 9037K(9088K)->9037K(9088K)
[14762.280s][info][gc             ] GC(32371) Pause Young (Allocation Failure) 605M->526M(609M) 3.787ms
[14762.280s][info][gc,cpu         ] GC(32371) User=0.01s Sys=0.01s Real=0.00s
[14762.706s][info][gc,start       ] GC(32372) Pause Young (Allocation Failure)
[14762.710s][info][gc,heap        ] GC(32372) PSYoungGen: 82303K(84480K)->864K(84480K) Eden: 81919K(81920K)->0K(81920K) From: 384K(2560K)->864K(2560K)
[14762.710s][info][gc,heap        ] GC(32372) ParOldGen: 538295K(539648K)->538351K(539648K)
[14762.710s][info][gc,metaspace   ] GC(32372) Metaspace: 62365K(62592K)->62365K(62592K) NonClass: 53327K(53504K)->53327K(53504K) Class: 9037K(9088K)->9037K(9088K)
[14762.710s][info][gc             ] GC(32372) Pause Young (Allocation Failure) 606M->526M(609M) 3.241ms
[14762.710s][info][gc,cpu         ] GC(32372) User=0.00s Sys=0.00s Real=0.00s
[14763.131s][info][gc,start       ] GC(32373) Pause Young (Allocation Failure)
[14763.135s][info][gc,heap        ] GC(32373) PSYoungGen: 82784K(84480K)->1248K(84480K) Eden: 81920K(81920K)->0K(81920K) From: 864K(2560K)->1248K(2560K)
[14763.135s][info][gc,heap        ] GC(32373) ParOldGen: 538351K(539648K)->538399K(539648K)
[14763.135s][info][gc,metaspace   ] GC(32373) Metaspace: 62365K(62592K)->62365K(62592K) NonClass: 53327K(53504K)->53327K(53504K) Class: 9037K(9088K)->9037K(9088K)
[14763.135s][info][gc             ] GC(32373) Pause Young (Allocation Failure) 606M->526M(609M) 3.666ms
[14763.135s][info][gc,cpu         ] GC(32373) User=0.01s Sys=0.00s Real=0.01s
[14763.626s][info][gc,start       ] GC(32374) Pause Young (Allocation Failure)
[14763.629s][info][gc,heap        ] GC(32374) PSYoungGen: 83168K(84480K)->1056K(84992K) Eden: 81920K(81920K)->0K(82432K) From: 1248K(2560K)->1056K(2560K)
[14763.629s][info][gc,heap        ] GC(32374) ParOldGen: 538399K(539648K)->538455K(539648K)
[14763.629s][info][gc,metaspace   ] GC(32374) Metaspace: 62365K(62592K)->62365K(62592K) NonClass: 53327K(53504K)->53327K(53504K) Class: 9037K(9088K)->9037K(9088K)
[14763.629s][info][gc             ] GC(32374) Pause Young (Allocation Failure) 606M->526M(610M) 3.406ms
[14763.629s][info][gc,cpu         ] GC(32374) User=0.00s Sys=0.00s Real=0.00s
[14764.118s][info][gc,start       ] GC(32375) Pause Young (Allocation Failure)
[14764.121s][info][gc,heap        ] GC(32375) PSYoungGen: 83488K(84992K)->896K(84480K) Eden: 82432K(82432K)->0K(82432K) From: 1056K(2560K)->896K(2048K)
[14764.121s][info][gc,heap        ] GC(32375) ParOldGen: 538455K(539648K)->538511K(539648K)
[14764.121s][info][gc,metaspace   ] GC(32375) Metaspace: 62365K(62592K)->62365K(62592K) NonClass: 53327K(53504K)->53327K(53504K) Class: 9037K(9088K)->9037K(9088K)
[14764.121s][info][gc             ] GC(32375) Pause Young (Allocation Failure) 607M->526M(609M) 3.195ms
[14764.121s][info][gc,cpu         ] GC(32375) User=0.01s Sys=0.00s Real=0.00s
[14764.633s][info][gc,start       ] GC(32376) Pause Young (Allocation Failure)
[14764.636s][info][gc,heap        ] GC(32376) PSYoungGen: 83328K(84480K)->1120K(84992K) Eden: 82432K(82432K)->0K(82944K) From: 896K(2048K)->1120K(2048K)
[14764.636s][info][gc,heap        ] GC(32376) ParOldGen: 538511K(539648K)->538559K(539648K)
[14764.636s][info][gc,metaspace   ] GC(32376) Metaspace: 62365K(62592K)->62365K(62592K) NonClass: 53327K(53504K)->53327K(53504K) Class: 9037K(9088K)->9037K(9088K)
[14764.637s][info][gc             ] GC(32376) Pause Young (Allocation Failure) 607M->527M(610M) 3.466ms
[14764.637s][info][gc,cpu         ] GC(32376) User=0.00s Sys=0.00s Real=0.01s
[14765.129s][info][gc,start       ] GC(32377) Pause Young (Allocation Failure)
[14765.133s][info][gc,heap        ] GC(32377) PSYoungGen: 84064K(84992K)->1056K(84992K) Eden: 82944K(82944K)->0K(82944K) From: 1120K(2048K)->1056K(2048K)
[14765.133s][info][gc,heap        ] GC(32377) ParOldGen: 538559K(539648K)->538607K(539648K)
[14765.133s][info][gc,metaspace   ] GC(32377) Metaspace: 62365K(62592K)->62365K(62592K) NonClass: 53327K(53504K)->53327K(53504K) Class: 9037K(9088K)->9037K(9088K)
[14765.133s][info][gc             ] GC(32377) Pause Young (Allocation Failure) 608M->527M(610M) 3.502ms
[14765.133s][info][gc,cpu         ] GC(32377) User=0.00s Sys=0.00s Real=0.00s
[14765.593s][info][gc,start       ] GC(32378) Pause Young (Allocation Failure)
[14765.596s][info][gc,heap        ] GC(32378) PSYoungGen: 84000K(84992K)->640K(84992K) Eden: 82944K(82944K)->0K(82944K) From: 1056K(2048K)->640K(2048K)
[14765.596s][info][gc,heap        ] GC(32378) ParOldGen: 538607K(539648K)->538655K(539648K)
[14765.596s][info][gc,metaspace   ] GC(32378) Metaspace: 62365K(62592K)->62365K(62592K) NonClass: 53327K(53504K)->53327K(53504K) Class: 9037K(9088K)->9037K(9088K)
[14765.596s][info][gc             ] GC(32378) Pause Young (Allocation Failure) 608M->526M(610M) 2.825ms
[14765.596s][info][gc,cpu         ] GC(32378) User=0.00s Sys=0.00s Real=0.01s
[14766.086s][info][gc,start       ] GC(32379) Pause Young (Allocation Failure)
[14766.089s][info][gc,heap        ] GC(32379) PSYoungGen: 83584K(84992K)->544K(84992K) Eden: 82944K(82944K)->0K(82944K) From: 640K(2048K)->544K(2048K)
[14766.089s][info][gc,heap        ] GC(32379) ParOldGen: 538655K(539648K)->538703K(539648K)
[14766.089s][info][gc,metaspace   ] GC(32379) Metaspace: 62365K(62592K)->62365K(62592K) NonClass: 53327K(53504K)->53327K(53504K) Class: 9037K(9088K)->9037K(9088K)
[14766.089s][info][gc             ] GC(32379) Pause Young (Allocation Failure) 607M->526M(610M) 2.696ms
[14766.089s][info][gc,cpu         ] GC(32379) User=0.01s Sys=0.00s Real=0.00s
[14766.527s][info][gc,start       ] GC(32380) Pause Young (Allocation Failure)
[14766.531s][info][gc,heap        ] GC(32380) PSYoungGen: 83488K(84992K)->1184K(84992K) Eden: 82944K(82944K)->0K(82944K) From: 544K(2048K)->1184K(2048K)
[14766.531s][info][gc,heap        ] GC(32380) ParOldGen: 538703K(539648K)->538751K(539648K)
[14766.531s][info][gc,metaspace   ] GC(32380) Metaspace: 62365K(62592K)->62365K(62592K) NonClass: 53327K(53504K)->53327K(53504K) Class: 9037K(9088K)->9037K(9088K)
[14766.531s][info][gc             ] GC(32380) Pause Young (Allocation Failure) 607M->527M(610M) 3.551ms
[14766.531s][info][gc,cpu         ] GC(32380) User=0.01s Sys=0.00s Real=0.00s
[14766.988s][info][gc,start       ] GC(32381) Pause Young (Allocation Failure)
[14766.991s][info][gc,heap        ] GC(32381) PSYoungGen: 84128K(84992K)->1664K(84992K) Eden: 82944K(82944K)->0K(82944K) From: 1184K(2048K)->1664K(2048K)
[14766.991s][info][gc,heap        ] GC(32381) ParOldGen: 538751K(539648K)->538807K(539648K)
[14766.991s][info][gc,metaspace   ] GC(32381) Metaspace: 62365K(62592K)->62365K(62592K) NonClass: 53327K(53504K)->53327K(53504K) Class: 9037K(9088K)->9037K(9088K)
[14766.991s][info][gc             ] GC(32381) Pause Young (Allocation Failure) 608M->527M(610M) 2.977ms
[14766.991s][info][gc,cpu         ] GC(32381) User=0.00s Sys=0.00s Real=0.00s
[14767.435s][info][gc,start       ] GC(32382) Pause Young (Allocation Failure)
[14767.439s][info][gc,heap        ] GC(32382) PSYoungGen: 84608K(84992K)->1248K(84992K) Eden: 82944K(82944K)->0K(82944K) From: 1664K(2048K)->1248K(2048K)
[14767.439s][info][gc,heap        ] GC(32382) ParOldGen: 538807K(539648K)->539879K(541184K)
[14767.439s][info][gc,metaspace   ] GC(32382) Metaspace: 62365K(62592K)->62365K(62592K) NonClass: 53327K(53504K)->53327K(53504K) Class: 9037K(9088K)->9037K(9088K)
[14767.439s][info][gc             ] GC(32382) Pause Young (Allocation Failure) 608M->528M(611M) 3.961ms
[14767.439s][info][gc,cpu         ] GC(32382) User=0.01s Sys=0.00s Real=0.00s
[14767.914s][info][gc,start       ] GC(32383) Pause Young (Allocation Failure)
[14767.917s][info][gc,heap        ] GC(32383) PSYoungGen: 84192K(84992K)->928K(84992K) Eden: 82944K(82944K)->0K(82944K) From: 1248K(2048K)->928K(2048K)
[14767.917s][info][gc,heap        ] GC(32383) ParOldGen: 539879K(541184K)->539935K(541184K)
[14767.917s][info][gc,metaspace   ] GC(32383) Metaspace: 62365K(62592K)->62365K(62592K) NonClass: 53327K(53504K)->53327K(53504K) Class: 9037K(9088K)->9037K(9088K)
[14767.917s][info][gc             ] GC(32383) Pause Young (Allocation Failure) 609M->528M(611M) 3.213ms
[14767.917s][info][gc,cpu         ] GC(32383) User=0.00s Sys=0.00s Real=0.01s
[14768.403s][info][gc,start       ] GC(32384) Pause Young (Allocation Failure)
[14768.406s][info][gc,heap        ] GC(32384) PSYoungGen: 83872K(84992K)->736K(84992K) Eden: 82944K(82944K)->0K(82944K) From: 928K(2048K)->736K(2048K)
[14768.406s][info][gc,heap        ] GC(32384) ParOldGen: 539935K(541184K)->539983K(541184K)
[14768.406s][info][gc,metaspace   ] GC(32384) Metaspace: 62365K(62592K)->62365K(62592K) NonClass: 53327K(53504K)->53327K(53504K) Class: 9037K(9088K)->9037K(9088K)
[14768.406s][info][gc             ] GC(32384) Pause Young (Allocation Failure) 609M->528M(611M) 3.000ms
[14768.406s][info][gc,cpu         ] GC(32384) User=0.00s Sys=0.00s Real=0.01s
[14768.891s][info][gc,start       ] GC(32385) Pause Young (Allocation Failure)
[14768.894s][info][gc,heap        ] GC(32385) PSYoungGen: 83680K(84992K)->608K(84992K) Eden: 82944K(82944K)->0K(82944K) From: 736K(2048K)->608K(2048K)
[14768.894s][info][gc,heap        ] GC(32385) ParOldGen: 539983K(541184K)->540031K(541184K)
[14768.894s][info][gc,metaspace   ] GC(32385) Metaspace: 62365K(62592K)->62365K(62592K) NonClass: 53327K(53504K)->53327K(53504K) Class: 9037K(9088K)->9037K(9088K)
[14768.894s][info][gc             ] GC(32385) Pause Young (Allocation Failure) 609M->527M(611M) 2.846ms
[14768.894s][info][gc,cpu         ] GC(32385) User=0.01s Sys=0.00s Real=0.00s
[14769.414s][info][gc,start       ] GC(32386) Pause Young (Allocation Failure)
[14769.418s][info][gc,heap        ] GC(32386) PSYoungGen: 83552K(84992K)->992K(84992K) Eden: 82944K(82944K)->0K(82944K) From: 608K(2048K)->992K(2048K)
[14769.418s][info][gc,heap        ] GC(32386) ParOldGen: 540031K(541184K)->540087K(541184K)
[14769.418s][info][gc,metaspace   ] GC(32386) Metaspace: 62365K(62592K)->62365K(62592K) NonClass: 53327K(53504K)->53327K(53504K) Class: 9037K(9088K)->9037K(9088K)
[14769.418s][info][gc             ] GC(32386) Pause Young (Allocation Failure) 608M->528M(611M) 3.358ms
[14769.418s][info][gc,cpu         ] GC(32386) User=0.01s Sys=0.00s Real=0.00s
[14769.861s][info][gc,start       ] GC(32387) Pause Young (Allocation Failure)
[14769.865s][info][gc,heap        ] GC(32387) PSYoungGen: 83936K(84992K)->1632K(84992K) Eden: 82944K(82944K)->0K(82944K) From: 992K(2048K)->1632K(2048K)
[14769.865s][info][gc,heap        ] GC(32387) ParOldGen: 540087K(541184K)->540183K(541184K)
[14769.865s][info][gc,metaspace   ] GC(32387) Metaspace: 62365K(62592K)->62365K(62592K) NonClass: 53327K(53504K)->53327K(53504K) Class: 9037K(9088K)->9037K(9088K)
[14769.865s][info][gc             ] GC(32387) Pause Young (Allocation Failure) 609M->529M(611M) 4.085ms
[14769.865s][info][gc,cpu         ] GC(32387) User=0.01s Sys=0.00s Real=0.01s
[14770.364s][info][gc,start       ] GC(32388) Pause Young (Allocation Failure)
[14770.366s][info][gc,heap        ] GC(32388) PSYoungGen: 84576K(84992K)->224K(84992K) Eden: 82944K(82944K)->0K(82944K) From: 1632K(2048K)->224K(2048K)
[14770.366s][info][gc,heap        ] GC(32388) ParOldGen: 540183K(541184K)->540231K(541184K)
[14770.366s][info][gc,metaspace   ] GC(32388) Metaspace: 62366K(62592K)->62366K(62592K) NonClass: 53329K(53504K)->53329K(53504K) Class: 9037K(9088K)->9037K(9088K)
[14770.366s][info][gc             ] GC(32388) Pause Young (Allocation Failure) 610M->527M(611M) 2.383ms
[14770.366s][info][gc,cpu         ] GC(32388) User=0.01s Sys=0.00s Real=0.01s
[14770.801s][info][gc,start       ] GC(32389) Pause Young (Allocation Failure)
[14770.804s][info][gc,heap        ] GC(32389) PSYoungGen: 83168K(84992K)->768K(84992K) Eden: 82944K(82944K)->0K(82944K) From: 224K(2048K)->768K(2048K)
[14770.804s][info][gc,heap        ] GC(32389) ParOldGen: 540231K(541184K)->540279K(541184K)
[14770.804s][info][gc,metaspace   ] GC(32389) Metaspace: 62366K(62592K)->62366K(62592K) NonClass: 53329K(53504K)->53329K(53504K) Class: 9037K(9088K)->9037K(9088K)
[14770.804s][info][gc             ] GC(32389) Pause Young (Allocation Failure) 608M->528M(611M) 3.053ms
[14770.804s][info][gc,cpu         ] GC(32389) User=0.01s Sys=0.00s Real=0.00s
[14771.274s][info][gc,start       ] GC(32390) Pause Young (Allocation Failure)
[14771.276s][info][gc,heap        ] GC(32390) PSYoungGen: 83712K(84992K)->352K(84992K) Eden: 82944K(82944K)->0K(82944K) From: 768K(2048K)->352K(2048K)
[14771.276s][info][gc,heap        ] GC(32390) ParOldGen: 540279K(541184K)->540335K(541184K)
[14771.276s][info][gc,metaspace   ] GC(32390) Metaspace: 62366K(62592K)->62366K(62592K) NonClass: 53329K(53504K)->53329K(53504K) Class: 9037K(9088K)->9037K(9088K)
[14771.276s][info][gc             ] GC(32390) Pause Young (Allocation Failure) 609M->528M(611M) 2.569ms
[14771.276s][info][gc,cpu         ] GC(32390) User=0.01s Sys=0.00s Real=0.01s
[14771.753s][info][gc,start       ] GC(32391) Pause Young (Allocation Failure)
[14771.759s][info][gc,heap        ] GC(32391) PSYoungGen: 83296K(84992K)->2016K(84992K) Eden: 82944K(82944K)->0K(82944K) From: 352K(2048K)->2016K(2048K)
[14771.759s][info][gc,heap        ] GC(32391) ParOldGen: 540335K(541184K)->541807K(542720K)
[14771.759s][info][gc,metaspace   ] GC(32391) Metaspace: 62366K(62592K)->62366K(62592K) NonClass: 53329K(53504K)->53329K(53504K) Class: 9037K(9088K)->9037K(9088K)
[14771.759s][info][gc             ] GC(32391) Pause Young (Allocation Failure) 609M->531M(613M) 5.224ms
[14771.759s][info][gc,cpu         ] GC(32391) User=0.01s Sys=0.00s Real=0.01s
[14772.223s][info][gc,start       ] GC(32392) Pause Young (Allocation Failure)
[14772.226s][info][gc,heap        ] GC(32392) PSYoungGen: 84960K(84992K)->1120K(82944K) Eden: 82944K(82944K)->0K(80896K) From: 2016K(2048K)->1120K(2048K)
[14772.226s][info][gc,heap        ] GC(32392) ParOldGen: 541807K(542720K)->542855K(544256K)
[14772.226s][info][gc,metaspace   ] GC(32392) Metaspace: 62366K(62592K)->62366K(62592K) NonClass: 53329K(53504K)->53329K(53504K) Class: 9037K(9088K)->9037K(9088K)
[14772.226s][info][gc             ] GC(32392) Pause Young (Allocation Failure) 612M->531M(612M) 3.893ms
[14772.227s][info][gc,cpu         ] GC(32392) User=0.01s Sys=0.00s Real=0.01s
[14772.664s][info][gc,start       ] GC(32393) Pause Young (Allocation Failure)
[14772.667s][info][gc,heap        ] GC(32393) PSYoungGen: 82016K(82944K)->256K(83968K) Eden: 80896K(80896K)->0K(80896K) From: 1120K(2048K)->256K(3072K)
[14772.667s][info][gc,heap        ] GC(32393) ParOldGen: 542855K(544256K)->542903K(544256K)
[14772.667s][info][gc,metaspace   ] GC(32393) Metaspace: 62366K(62592K)->62366K(62592K) NonClass: 53329K(53504K)->53329K(53504K) Class: 9037K(9088K)->9037K(9088K)
[14772.667s][info][gc             ] GC(32393) Pause Young (Allocation Failure) 610M->530M(613M) 2.500ms
[14772.667s][info][gc,cpu         ] GC(32393) User=0.00s Sys=0.00s Real=0.00s
[14773.135s][info][gc,start       ] GC(32394) Pause Young (Allocation Failure)
[14773.139s][info][gc,heap        ] GC(32394) PSYoungGen: 81152K(83968K)->1184K(84480K) Eden: 80896K(80896K)->0K(81408K) From: 256K(3072K)->1184K(3072K)
[14773.139s][info][gc,heap        ] GC(32394) ParOldGen: 542903K(544256K)->542951K(544256K)
[14773.139s][info][gc,metaspace   ] GC(32394) Metaspace: 62366K(62592K)->62366K(62592K) NonClass: 53329K(53504K)->53329K(53504K) Class: 9037K(9088K)->9037K(9088K)
[14773.139s][info][gc             ] GC(32394) Pause Young (Allocation Failure) 609M->531M(614M) 3.486ms
[14773.139s][info][gc,cpu         ] GC(32394) User=0.00s Sys=0.00s Real=0.00s
[14773.622s][info][gc,start       ] GC(32395) Pause Young (Allocation Failure)
[14773.625s][info][gc,heap        ] GC(32395) PSYoungGen: 82592K(84480K)->928K(83968K) Eden: 81408K(81408K)->0K(81408K) From: 1184K(3072K)->928K(2560K)
[14773.625s][info][gc,heap        ] GC(32395) ParOldGen: 542951K(544256K)->542999K(544256K)
[14773.625s][info][gc,metaspace   ] GC(32395) Metaspace: 62366K(62592K)->62366K(62592K) NonClass: 53329K(53504K)->53329K(53504K) Class: 9037K(9088K)->9037K(9088K)
[14773.625s][info][gc             ] GC(32395) Pause Young (Allocation Failure) 610M->531M(613M) 3.225ms
[14773.625s][info][gc,cpu         ] GC(32395) User=0.00s Sys=0.00s Real=0.01s
[14774.040s][info][gc,start       ] GC(32396) Pause Young (Allocation Failure)
[14774.044s][info][gc,heap        ] GC(32396) PSYoungGen: 82336K(83968K)->1472K(84480K) Eden: 81408K(81408K)->0K(81920K) From: 928K(2560K)->1472K(2560K)
[14774.044s][info][gc,heap        ] GC(32396) ParOldGen: 542999K(544256K)->543047K(544256K)
[14774.044s][info][gc,metaspace   ] GC(32396) Metaspace: 62366K(62592K)->62366K(62592K) NonClass: 53329K(53504K)->53329K(53504K) Class: 9037K(9088K)->9037K(9088K)
[14774.044s][info][gc             ] GC(32396) Pause Young (Allocation Failure) 610M->531M(614M) 3.823ms
[14774.044s][info][gc,cpu         ] GC(32396) User=0.00s Sys=0.00s Real=0.00s
[14774.506s][info][gc,start       ] GC(32397) Pause Young (Allocation Failure)
[14774.509s][info][gc,heap        ] GC(32397) PSYoungGen: 83392K(84480K)->768K(84480K) Eden: 81920K(81920K)->0K(81920K) From: 1472K(2560K)->768K(2560K)
[14774.509s][info][gc,heap        ] GC(32397) ParOldGen: 543047K(544256K)->543103K(544256K)
[14774.509s][info][gc,metaspace   ] GC(32397) Metaspace: 62366K(62592K)->62366K(62592K) NonClass: 53329K(53504K)->53329K(53504K) Class: 9037K(9088K)->9037K(9088K)
[14774.509s][info][gc             ] GC(32397) Pause Young (Allocation Failure) 611M->531M(614M) 3.091ms
[14774.509s][info][gc,cpu         ] GC(32397) User=0.00s Sys=0.00s Real=0.00s
[14775.015s][info][gc,start       ] GC(32398) Pause Young (Allocation Failure)
[14775.018s][info][gc,heap        ] GC(32398) PSYoungGen: 82688K(84480K)->864K(84480K) Eden: 81920K(81920K)->0K(81920K) From: 768K(2560K)->864K(2560K)
[14775.018s][info][gc,heap        ] GC(32398) ParOldGen: 543103K(544256K)->543151K(544256K)
[14775.018s][info][gc,metaspace   ] GC(32398) Metaspace: 62366K(62592K)->62366K(62592K) NonClass: 53329K(53504K)->53329K(53504K) Class: 9037K(9088K)->9037K(9088K)
[14775.018s][info][gc             ] GC(32398) Pause Young (Allocation Failure) 611M->531M(614M) 3.287ms
[14775.018s][info][gc,cpu         ] GC(32398) User=0.01s Sys=0.00s Real=0.00s
[14775.526s][info][gc,start       ] GC(32399) Pause Young (Allocation Failure)
[14775.529s][info][gc,heap        ] GC(32399) PSYoungGen: 82784K(84480K)->992K(84480K) Eden: 81920K(81920K)->0K(81920K) From: 864K(2560K)->992K(2560K)
[14775.529s][info][gc,heap        ] GC(32399) ParOldGen: 543151K(544256K)->543207K(544256K)
[14775.529s][info][gc,metaspace   ] GC(32399) Metaspace: 62366K(62592K)->62366K(62592K) NonClass: 53329K(53504K)->53329K(53504K) Class: 9037K(9088K)->9037K(9088K)
[14775.529s][info][gc             ] GC(32399) Pause Young (Allocation Failure) 611M->531M(614M) 3.373ms
[14775.529s][info][gc,cpu         ] GC(32399) User=0.00s Sys=0.00s Real=0.00s
[14776.027s][info][gc,start       ] GC(32400) Pause Young (Allocation Failure)
[14776.031s][info][gc,heap        ] GC(32400) PSYoungGen: 82912K(84480K)->1056K(84992K) Eden: 81920K(81920K)->0K(82432K) From: 992K(2560K)->1056K(2560K)
[14776.031s][info][gc,heap        ] GC(32400) ParOldGen: 543207K(544256K)->543263K(544256K)
[14776.031s][info][gc,metaspace   ] GC(32400) Metaspace: 62366K(62592K)->62366K(62592K) NonClass: 53329K(53504K)->53329K(53504K) Class: 9037K(9088K)->9037K(9088K)
[14776.031s][info][gc             ] GC(32400) Pause Young (Allocation Failure) 611M->531M(614M) 3.374ms
[14776.031s][info][gc,cpu         ] GC(32400) User=0.01s Sys=0.01s Real=0.00s
[14776.523s][info][gc,start       ] GC(32401) Pause Young (Allocation Failure)
[14776.526s][info][gc,heap        ] GC(32401) PSYoungGen: 83488K(84992K)->992K(84480K) Eden: 82432K(82432K)->0K(82432K) From: 1056K(2560K)->992K(2048K)
[14776.526s][info][gc,heap        ] GC(32401) ParOldGen: 543263K(544256K)->543319K(544256K)
[14776.526s][info][gc,metaspace   ] GC(32401) Metaspace: 62366K(62592K)->62366K(62592K) NonClass: 53329K(53504K)->53329K(53504K) Class: 9037K(9088K)->9037K(9088K)
[14776.526s][info][gc             ] GC(32401) Pause Young (Allocation Failure) 612M->531M(614M) 3.320ms
[14776.526s][info][gc,cpu         ] GC(32401) User=0.01s Sys=0.00s Real=0.01s
[14777.088s][info][gc,start       ] GC(32402) Pause Young (Allocation Failure)
[14777.091s][info][gc,heap        ] GC(32402) PSYoungGen: 83424K(84480K)->544K(84992K) Eden: 82432K(82432K)->0K(82944K) From: 992K(2048K)->544K(2048K)
[14777.091s][info][gc,heap        ] GC(32402) ParOldGen: 543319K(544256K)->543367K(544256K)
[14777.091s][info][gc,metaspace   ] GC(32402) Metaspace: 62366K(62592K)->62366K(62592K) NonClass: 53329K(53504K)->53329K(53504K) Class: 9037K(9088K)->9037K(9088K)
[14777.091s][info][gc             ] GC(32402) Pause Young (Allocation Failure) 612M->531M(614M) 3.089ms
[14777.092s][info][gc,cpu         ] GC(32402) User=0.01s Sys=0.00s Real=0.00s
[14777.599s][info][gc,start       ] GC(32403) Pause Young (Allocation Failure)
[14777.602s][info][gc,heap        ] GC(32403) PSYoungGen: 83488K(84992K)->704K(84992K) Eden: 82944K(82944K)->0K(82944K) From: 544K(2048K)->704K(2048K)
[14777.602s][info][gc,heap        ] GC(32403) ParOldGen: 543367K(544256K)->543471K(544256K)
[14777.602s][info][gc,metaspace   ] GC(32403) Metaspace: 62366K(62592K)->62366K(62592K) NonClass: 53329K(53504K)->53329K(53504K) Class: 9037K(9088K)->9037K(9088K)
[14777.602s][info][gc             ] GC(32403) Pause Young (Allocation Failure) 612M->531M(614M) 2.974ms
[14777.602s][info][gc,cpu         ] GC(32403) User=0.01s Sys=0.00s Real=0.00s
[14778.121s][info][gc,start       ] GC(32404) Pause Young (Allocation Failure)
[14778.124s][info][gc,heap        ] GC(32404) PSYoungGen: 83648K(84992K)->928K(84992K) Eden: 82944K(82944K)->0K(82944K) From: 704K(2048K)->928K(2048K)
[14778.124s][info][gc,heap        ] GC(32404) ParOldGen: 543471K(544256K)->543519K(544256K)
[14778.124s][info][gc,metaspace   ] GC(32404) Metaspace: 62366K(62592K)->62366K(62592K) NonClass: 53329K(53504K)->53329K(53504K) Class: 9037K(9088K)->9037K(9088K)
[14778.124s][info][gc             ] GC(32404) Pause Young (Allocation Failure) 612M->531M(614M) 3.359ms
[14778.124s][info][gc,cpu         ] GC(32404) User=0.00s Sys=0.00s Real=0.01s
[14778.666s][info][gc,start       ] GC(32405) Pause Young (Allocation Failure)
[14778.669s][info][gc,heap        ] GC(32405) PSYoungGen: 83872K(84992K)->256K(84992K) Eden: 82944K(82944K)->0K(82944K) From: 928K(2048K)->256K(2048K)
[14778.669s][info][gc,heap        ] GC(32405) ParOldGen: 543519K(544256K)->543567K(544256K)
[14778.669s][info][gc,metaspace   ] GC(32405) Metaspace: 62366K(62592K)->62366K(62592K) NonClass: 53329K(53504K)->53329K(53504K) Class: 9037K(9088K)->9037K(9088K)
[14778.669s][info][gc             ] GC(32405) Pause Young (Allocation Failure) 612M->531M(614M) 2.878ms
[14778.669s][info][gc,cpu         ] GC(32405) User=0.00s Sys=0.00s Real=0.00s
[14779.184s][info][gc,start       ] GC(32406) Pause Young (Allocation Failure)
[14779.187s][info][gc,heap        ] GC(32406) PSYoungGen: 83200K(84992K)->480K(84992K) Eden: 82944K(82944K)->0K(82944K) From: 256K(2048K)->480K(2048K)
[14779.187s][info][gc,heap        ] GC(32406) ParOldGen: 543567K(544256K)->543623K(544256K)
[14779.187s][info][gc,metaspace   ] GC(32406) Metaspace: 62366K(62592K)->62366K(62592K) NonClass: 53329K(53504K)->53329K(53504K) Class: 9037K(9088K)->9037K(9088K)
[14779.187s][info][gc             ] GC(32406) Pause Young (Allocation Failure) 612M->531M(614M) 2.717ms
[14779.187s][info][gc,cpu         ] GC(32406) User=0.00s Sys=0.00s Real=0.00s
[14779.720s][info][gc,start       ] GC(32407) Pause Young (Allocation Failure)
[14779.723s][info][gc,heap        ] GC(32407) PSYoungGen: 83424K(84992K)->864K(84992K) Eden: 82944K(82944K)->0K(82944K) From: 480K(2048K)->864K(2048K)
[14779.723s][info][gc,heap        ] GC(32407) ParOldGen: 543623K(544256K)->543671K(544256K)
[14779.723s][info][gc,metaspace   ] GC(32407) Metaspace: 62366K(62592K)->62366K(62592K) NonClass: 53329K(53504K)->53329K(53504K) Class: 9037K(9088K)->9037K(9088K)
[14779.723s][info][gc             ] GC(32407) Pause Young (Allocation Failure) 612M->531M(614M) 3.712ms
[14779.723s][info][gc,cpu         ] GC(32407) User=0.01s Sys=0.00s Real=0.00s
[14780.255s][info][gc,start       ] GC(32408) Pause Young (Allocation Failure)
[14780.258s][info][gc,heap        ] GC(32408) PSYoungGen: 83808K(84992K)->1408K(84992K) Eden: 82944K(82944K)->0K(82944K) From: 864K(2048K)->1408K(2048K)
[14780.258s][info][gc,heap        ] GC(32408) ParOldGen: 543671K(544256K)->543727K(544256K)
[14780.258s][info][gc,metaspace   ] GC(32408) Metaspace: 62366K(62592K)->62366K(62592K) NonClass: 53329K(53504K)->53329K(53504K) Class: 9037K(9088K)->9037K(9088K)
[14780.258s][info][gc             ] GC(32408) Pause Young (Allocation Failure) 612M->532M(614M) 3.795ms
[14780.258s][info][gc,cpu         ] GC(32408) User=0.00s Sys=0.00s Real=0.00s
[14780.731s][info][gc,start       ] GC(32409) Pause Young (Allocation Failure)
[14780.734s][info][gc,heap        ] GC(32409) PSYoungGen: 84352K(84992K)->1216K(84992K) Eden: 82944K(82944K)->0K(82944K) From: 1408K(2048K)->1216K(2048K)
[14780.734s][info][gc,heap        ] GC(32409) ParOldGen: 543727K(544256K)->543783K(544256K)
[14780.734s][info][gc,metaspace   ] GC(32409) Metaspace: 62366K(62592K)->62366K(62592K) NonClass: 53329K(53504K)->53329K(53504K) Class: 9037K(9088K)->9037K(9088K)
[14780.734s][info][gc             ] GC(32409) Pause Young (Allocation Failure) 613M->532M(614M) 3.572ms
[14780.734s][info][gc,cpu         ] GC(32409) User=0.01s Sys=0.00s Real=0.00s
[14781.185s][info][gc,start       ] GC(32410) Pause Young (Allocation Failure)
[14781.188s][info][gc,heap        ] GC(32410) PSYoungGen: 84160K(84992K)->576K(84992K) Eden: 82944K(82944K)->0K(82944K) From: 1216K(2048K)->576K(2048K)
[14781.188s][info][gc,heap        ] GC(32410) ParOldGen: 543783K(544256K)->543831K(544256K)
[14781.188s][info][gc,metaspace   ] GC(32410) Metaspace: 62366K(62592K)->62366K(62592K) NonClass: 53329K(53504K)->53329K(53504K) Class: 9037K(9088K)->9037K(9088K)
[14781.188s][info][gc             ] GC(32410) Pause Young (Allocation Failure) 613M->531M(614M) 2.780ms
[14781.188s][info][gc,cpu         ] GC(32410) User=0.01s Sys=0.00s Real=0.00s
[14781.671s][info][gc,start       ] GC(32411) Pause Young (Allocation Failure)
[14781.673s][info][gc,heap        ] GC(32411) PSYoungGen: 83520K(84992K)->352K(84992K) Eden: 82944K(82944K)->0K(82944K) From: 576K(2048K)->352K(2048K)
[14781.673s][info][gc,heap        ] GC(32411) ParOldGen: 543831K(544256K)->543879K(544256K)
[14781.673s][info][gc,metaspace   ] GC(32411) Metaspace: 62366K(62592K)->62366K(62592K) NonClass: 53329K(53504K)->53329K(53504K) Class: 9037K(9088K)->9037K(9088K)
[14781.673s][info][gc             ] GC(32411) Pause Young (Allocation Failure) 612M->531M(614M) 2.537ms
[14781.673s][info][gc,cpu         ] GC(32411) User=0.00s Sys=0.00s Real=0.00s
[14782.157s][info][gc,start       ] GC(32412) Pause Young (Allocation Failure)
[14782.161s][info][gc,heap        ] GC(32412) PSYoungGen: 83296K(84992K)->2016K(83968K) Eden: 82944K(82944K)->0K(81920K) From: 352K(2048K)->2016K(2048K)
[14782.161s][info][gc,heap        ] GC(32412) ParOldGen: 543879K(544256K)->544383K(544768K)
[14782.161s][info][gc,metaspace   ] GC(32412) Metaspace: 62366K(62592K)->62366K(62592K) NonClass: 53329K(53504K)->53329K(53504K) Class: 9037K(9088K)->9037K(9088K)
[14782.161s][info][gc             ] GC(32412) Pause Young (Allocation Failure) 612M->533M(614M) 4.309ms
[14782.161s][info][gc,cpu         ] GC(32412) User=0.01s Sys=0.00s Real=0.00s
[14782.642s][info][gc,start       ] GC(32413) Pause Young (Allocation Failure)
[14782.646s][info][gc,heap        ] GC(32413) PSYoungGen: 83936K(83968K)->1248K(84480K) Eden: 81920K(81920K)->0K(81920K) From: 2016K(2048K)->1248K(2560K)
[14782.646s][info][gc,heap        ] GC(32413) ParOldGen: 544383K(544768K)->545439K(546304K)
[14782.646s][info][gc,metaspace   ] GC(32413) Metaspace: 62366K(62592K)->62366K(62592K) NonClass: 53329K(53504K)->53329K(53504K) Class: 9037K(9088K)->9037K(9088K)
[14782.646s][info][gc             ] GC(32413) Pause Young (Allocation Failure) 613M->533M(616M) 3.994ms
[14782.646s][info][gc,cpu         ] GC(32413) User=0.01s Sys=0.00s Real=0.01s
[14783.134s][info][gc,start       ] GC(32414) Pause Young (Allocation Failure)
[14783.137s][info][gc,heap        ] GC(32414) PSYoungGen: 83168K(84480K)->1120K(84480K) Eden: 81920K(81920K)->0K(81920K) From: 1248K(2560K)->1120K(2560K)
[14783.137s][info][gc,heap        ] GC(32414) ParOldGen: 545439K(546304K)->545495K(546304K)
[14783.137s][info][gc,metaspace   ] GC(32414) Metaspace: 62366K(62592K)->62366K(62592K) NonClass: 53329K(53504K)->53329K(53504K) Class: 9037K(9088K)->9037K(9088K)
[14783.137s][info][gc             ] GC(32414) Pause Young (Allocation Failure) 613M->533M(616M) 3.543ms
[14783.137s][info][gc,cpu         ] GC(32414) User=0.01s Sys=0.00s Real=0.01s
[14783.578s][info][gc,start       ] GC(32415) Pause Young (Allocation Failure)
[14783.581s][info][gc,heap        ] GC(32415) PSYoungGen: 83040K(84480K)->448K(84480K) Eden: 81920K(81920K)->0K(81920K) From: 1120K(2560K)->448K(2560K)
[14783.581s][info][gc,heap        ] GC(32415) ParOldGen: 545495K(546304K)->545543K(546304K)
[14783.581s][info][gc,metaspace   ] GC(32415) Metaspace: 62366K(62592K)->62366K(62592K) NonClass: 53329K(53504K)->53329K(53504K) Class: 9037K(9088K)->9037K(9088K)
[14783.581s][info][gc             ] GC(32415) Pause Young (Allocation Failure) 613M->533M(616M) 2.666ms
[14783.581s][info][gc,cpu         ] GC(32415) User=0.00s Sys=0.00s Real=0.00s
[14784.022s][info][gc,start       ] GC(32416) Pause Young (Allocation Failure)
[14784.026s][info][gc,heap        ] GC(32416) PSYoungGen: 82368K(84480K)->1056K(84480K) Eden: 81920K(81920K)->0K(81920K) From: 448K(2560K)->1056K(2560K)
[14784.026s][info][gc,heap        ] GC(32416) ParOldGen: 545543K(546304K)->545591K(546304K)
[14784.026s][info][gc,metaspace   ] GC(32416) Metaspace: 62366K(62592K)->62366K(62592K) NonClass: 53329K(53504K)->53329K(53504K) Class: 9037K(9088K)->9037K(9088K)
[14784.026s][info][gc             ] GC(32416) Pause Young (Allocation Failure) 613M->533M(616M) 3.397ms
[14784.026s][info][gc,cpu         ] GC(32416) User=0.01s Sys=0.00s Real=0.01s
[14784.462s][info][gc,start       ] GC(32417) Pause Young (Allocation Failure)
[14784.464s][info][gc,heap        ] GC(32417) PSYoungGen: 82976K(84480K)->224K(84480K) Eden: 81920K(81920K)->0K(81920K) From: 1056K(2560K)->224K(2560K)
[14784.464s][info][gc,heap        ] GC(32417) ParOldGen: 545591K(546304K)->545639K(546304K)
[14784.464s][info][gc,metaspace   ] GC(32417) Metaspace: 62366K(62592K)->62366K(62592K) NonClass: 53329K(53504K)->53329K(53504K) Class: 9037K(9088K)->9037K(9088K)
[14784.464s][info][gc             ] GC(32417) Pause Young (Allocation Failure) 613M->533M(616M) 2.439ms
[14784.464s][info][gc,cpu         ] GC(32417) User=0.01s Sys=0.00s Real=0.01s
[14784.902s][info][gc,start       ] GC(32418) Pause Young (Allocation Failure)
[14784.905s][info][gc,heap        ] GC(32418) PSYoungGen: 82144K(84480K)->768K(84992K) Eden: 81920K(81920K)->0K(82432K) From: 224K(2560K)->768K(2560K)
[14784.905s][info][gc,heap        ] GC(32418) ParOldGen: 545639K(546304K)->545687K(546304K)
[14784.905s][info][gc,metaspace   ] GC(32418) Metaspace: 62366K(62592K)->62366K(62592K) NonClass: 53329K(53504K)->53329K(53504K) Class: 9037K(9088K)->9037K(9088K)
[14784.905s][info][gc             ] GC(32418) Pause Young (Allocation Failure) 613M->533M(616M) 3.027ms
[14784.905s][info][gc,cpu         ] GC(32418) User=0.01s Sys=0.00s Real=0.01s
[14785.451s][info][gc,start       ] GC(32419) Pause Young (Allocation Failure)
[14785.454s][info][gc,heap        ] GC(32419) PSYoungGen: 83200K(84992K)->1360K(84480K) Eden: 82432K(82432K)->0K(82432K) From: 768K(2560K)->1360K(2048K)
[14785.454s][info][gc,heap        ] GC(32419) ParOldGen: 545687K(546304K)->545735K(546304K)
[14785.454s][info][gc,metaspace   ] GC(32419) Metaspace: 62366K(62592K)->62366K(62592K) NonClass: 53329K(53504K)->53329K(53504K) Class: 9037K(9088K)->9037K(9088K)
[14785.454s][info][gc             ] GC(32419) Pause Young (Allocation Failure) 614M->534M(616M) 3.744ms
[14785.454s][info][gc,cpu         ] GC(32419) User=0.01s Sys=0.00s Real=0.01s
[14785.945s][info][gc,start       ] GC(32420) Pause Young (Allocation Failure)
[14785.949s][info][gc,heap        ] GC(32420) PSYoungGen: 83792K(84480K)->1248K(84480K) Eden: 82432K(82432K)->0K(81920K) From: 1360K(2048K)->1248K(2560K)
[14785.949s][info][gc,heap        ] GC(32420) ParOldGen: 545735K(546304K)->545847K(546304K)
[14785.949s][info][gc,metaspace   ] GC(32420) Metaspace: 62366K(62592K)->62366K(62592K) NonClass: 53329K(53504K)->53329K(53504K) Class: 9037K(9088K)->9037K(9088K)
[14785.949s][info][gc             ] GC(32420) Pause Young (Allocation Failure) 614M->534M(616M) 3.638ms
[14785.949s][info][gc,cpu         ] GC(32420) User=0.01s Sys=0.00s Real=0.00s
[14786.432s][info][gc,start       ] GC(32421) Pause Young (Allocation Failure)
[14786.435s][info][gc,heap        ] GC(32421) PSYoungGen: 83167K(84480K)->1152K(84480K) Eden: 81919K(81920K)->0K(81920K) From: 1248K(2560K)->1152K(2560K)
[14786.435s][info][gc,heap        ] GC(32421) ParOldGen: 545847K(546304K)->545903K(546304K)
[14786.435s][info][gc,metaspace   ] GC(32421) Metaspace: 62366K(62592K)->62366K(62592K) NonClass: 53329K(53504K)->53329K(53504K) Class: 9037K(9088K)->9037K(9088K)
[14786.435s][info][gc             ] GC(32421) Pause Young (Allocation Failure) 614M->534M(616M) 3.507ms
[14786.435s][info][gc,cpu         ] GC(32421) User=0.01s Sys=0.00s Real=0.01s
[14786.919s][info][gc,start       ] GC(32422) Pause Young (Allocation Failure)
[14786.923s][info][gc,heap        ] GC(32422) PSYoungGen: 83072K(84480K)->1984K(83968K) Eden: 81920K(81920K)->0K(81920K) From: 1152K(2560K)->1984K(2048K)
[14786.923s][info][gc,heap        ] GC(32422) ParOldGen: 545903K(546304K)->545959K(546304K)
[14786.923s][info][gc,metaspace   ] GC(32422) Metaspace: 62366K(62592K)->62366K(62592K) NonClass: 53329K(53504K)->53329K(53504K) Class: 9037K(9088K)->9037K(9088K)
[14786.923s][info][gc             ] GC(32422) Pause Young (Allocation Failure) 614M->535M(615M) 3.410ms
[14786.923s][info][gc,cpu         ] GC(32422) User=0.01s Sys=0.00s Real=0.00s
[14787.428s][info][gc,start       ] GC(32423) Pause Young (Allocation Failure)
[14787.432s][info][gc,heap        ] GC(32423) PSYoungGen: 83904K(83968K)->992K(84480K) Eden: 81920K(81920K)->0K(81920K) From: 1984K(2048K)->992K(2560K)
[14787.432s][info][gc,heap        ] GC(32423) ParOldGen: 545959K(546304K)->547039K(547840K)
[14787.432s][info][gc,metaspace   ] GC(32423) Metaspace: 62366K(62592K)->62366K(62592K) NonClass: 53329K(53504K)->53329K(53504K) Class: 9037K(9088K)->9037K(9088K)
[14787.432s][info][gc             ] GC(32423) Pause Young (Allocation Failure) 615M->535M(617M) 3.787ms
[14787.432s][info][gc,cpu         ] GC(32423) User=0.01s Sys=0.00s Real=0.00s
[14787.910s][info][gc,start       ] GC(32424) Pause Young (Allocation Failure)
[14787.913s][info][gc,heap        ] GC(32424) PSYoungGen: 82912K(84480K)->832K(84480K) Eden: 81920K(81920K)->0K(81920K) From: 992K(2560K)->832K(2560K)
[14787.913s][info][gc,heap        ] GC(32424) ParOldGen: 547039K(547840K)->547087K(547840K)
[14787.913s][info][gc,metaspace   ] GC(32424) Metaspace: 62366K(62592K)->62366K(62592K) NonClass: 53329K(53504K)->53329K(53504K) Class: 9037K(9088K)->9037K(9088K)
[14787.913s][info][gc             ] GC(32424) Pause Young (Allocation Failure) 615M->535M(617M) 3.112ms
[14787.913s][info][gc,cpu         ] GC(32424) User=0.01s Sys=0.00s Real=0.00s
[14788.400s][info][gc,start       ] GC(32425) Pause Young (Allocation Failure)
[14788.402s][info][gc,heap        ] GC(32425) PSYoungGen: 82752K(84480K)->736K(84480K) Eden: 81920K(81920K)->0K(81920K) From: 832K(2560K)->736K(2560K)
[14788.402s][info][gc,heap        ] GC(32425) ParOldGen: 547087K(547840K)->547143K(547840K)
[14788.402s][info][gc,metaspace   ] GC(32425) Metaspace: 62366K(62592K)->62366K(62592K) NonClass: 53329K(53504K)->53329K(53504K) Class: 9037K(9088K)->9037K(9088K)
[14788.402s][info][gc             ] GC(32425) Pause Young (Allocation Failure) 615M->535M(617M) 2.910ms
[14788.402s][info][gc,cpu         ] GC(32425) User=0.01s Sys=0.00s Real=0.00s
[14788.882s][info][gc,start       ] GC(32426) Pause Young (Allocation Failure)
[14788.884s][info][gc,heap        ] GC(32426) PSYoungGen: 82656K(84480K)->448K(84480K) Eden: 81920K(81920K)->0K(81920K) From: 736K(2560K)->448K(2560K)
[14788.884s][info][gc,heap        ] GC(32426) ParOldGen: 547143K(547840K)->547191K(547840K)
[14788.884s][info][gc,metaspace   ] GC(32426) Metaspace: 62366K(62592K)->62366K(62592K) NonClass: 53329K(53504K)->53329K(53504K) Class: 9037K(9088K)->9037K(9088K)
[14788.884s][info][gc             ] GC(32426) Pause Young (Allocation Failure) 615M->534M(617M) 2.655ms
[14788.884s][info][gc,cpu         ] GC(32426) User=0.00s Sys=0.00s Real=0.01s
[14789.363s][info][gc,start       ] GC(32427) Pause Young (Allocation Failure)
[14789.365s][info][gc,heap        ] GC(32427) PSYoungGen: 82368K(84480K)->192K(84480K) Eden: 81920K(81920K)->0K(81920K) From: 448K(2560K)->192K(2560K)
[14789.365s][info][gc,heap        ] GC(32427) ParOldGen: 547191K(547840K)->547247K(547840K)
[14789.365s][info][gc,metaspace   ] GC(32427) Metaspace: 62366K(62592K)->62366K(62592K) NonClass: 53329K(53504K)->53329K(53504K) Class: 9037K(9088K)->9037K(9088K)
[14789.365s][info][gc             ] GC(32427) Pause Young (Allocation Failure) 614M->534M(617M) 2.478ms
[14789.365s][info][gc,cpu         ] GC(32427) User=0.00s Sys=0.00s Real=0.01s
[14789.853s][info][gc,start       ] GC(32428) Pause Young (Allocation Failure)
[14789.857s][info][gc,heap        ] GC(32428) PSYoungGen: 82112K(84480K)->1408K(84480K) Eden: 81920K(81920K)->0K(81920K) From: 192K(2560K)->1408K(2560K)
[14789.857s][info][gc,heap        ] GC(32428) ParOldGen: 547247K(547840K)->547295K(547840K)
[14789.857s][info][gc,metaspace   ] GC(32428) Metaspace: 62366K(62592K)->62366K(62592K) NonClass: 53329K(53504K)->53329K(53504K) Class: 9037K(9088K)->9037K(9088K)
[14789.857s][info][gc             ] GC(32428) Pause Young (Allocation Failure) 614M->535M(617M) 3.795ms
[14789.857s][info][gc,cpu         ] GC(32428) User=0.01s Sys=0.00s Real=0.01s
[14790.333s][info][gc,start       ] GC(32429) Pause Young (Allocation Failure)
[14790.337s][info][gc,heap        ] GC(32429) PSYoungGen: 83328K(84480K)->1280K(84480K) Eden: 81920K(81920K)->0K(81920K) From: 1408K(2560K)->1280K(2560K)
[14790.337s][info][gc,heap        ] GC(32429) ParOldGen: 547295K(547840K)->547343K(547840K)
[14790.337s][info][gc,metaspace   ] GC(32429) Metaspace: 62366K(62592K)->62366K(62592K) NonClass: 53329K(53504K)->53329K(53504K) Class: 9037K(9088K)->9037K(9088K)
[14790.337s][info][gc             ] GC(32429) Pause Young (Allocation Failure) 615M->535M(617M) 3.648ms
[14790.337s][info][gc,cpu         ] GC(32429) User=0.00s Sys=0.00s Real=0.01s
[14790.770s][info][gc,start       ] GC(32430) Pause Young (Allocation Failure)
[14790.772s][info][gc,heap        ] GC(32430) PSYoungGen: 83200K(84480K)->352K(84480K) Eden: 81920K(81920K)->0K(81920K) From: 1280K(2560K)->352K(2560K)
[14790.772s][info][gc,heap        ] GC(32430) ParOldGen: 547343K(547840K)->547391K(547840K)
[14790.772s][info][gc,metaspace   ] GC(32430) Metaspace: 62366K(62592K)->62366K(62592K) NonClass: 53329K(53504K)->53329K(53504K) Class: 9037K(9088K)->9037K(9088K)
[14790.772s][info][gc             ] GC(32430) Pause Young (Allocation Failure) 615M->534M(617M) 2.547ms
[14790.772s][info][gc,cpu         ] GC(32430) User=0.00s Sys=0.00s Real=0.00s
[14791.197s][info][gc,start       ] GC(32431) Pause Young (Allocation Failure)
[14791.200s][info][gc,heap        ] GC(32431) PSYoungGen: 82272K(84480K)->736K(84480K) Eden: 81920K(81920K)->0K(81920K) From: 352K(2560K)->736K(2560K)
[14791.200s][info][gc,heap        ] GC(32431) ParOldGen: 547391K(547840K)->547439K(547840K)
[14791.200s][info][gc,metaspace   ] GC(32431) Metaspace: 62366K(62592K)->62366K(62592K) NonClass: 53329K(53504K)->53329K(53504K) Class: 9037K(9088K)->9037K(9088K)
[14791.200s][info][gc             ] GC(32431) Pause Young (Allocation Failure) 614M->535M(617M) 2.979ms
[14791.200s][info][gc,cpu         ] GC(32431) User=0.00s Sys=0.00s Real=0.00s
[14791.648s][info][gc,start       ] GC(32432) Pause Young (Allocation Failure)
[14791.651s][info][gc,heap        ] GC(32432) PSYoungGen: 82656K(84480K)->1408K(84480K) Eden: 81920K(81920K)->0K(81920K) From: 736K(2560K)->1408K(2560K)
[14791.651s][info][gc,heap        ] GC(32432) ParOldGen: 547439K(547840K)->547495K(547840K)
[14791.651s][info][gc,metaspace   ] GC(32432) Metaspace: 62366K(62592K)->62366K(62592K) NonClass: 53329K(53504K)->53329K(53504K) Class: 9037K(9088K)->9037K(9088K)
[14791.651s][info][gc             ] GC(32432) Pause Young (Allocation Failure) 615M->536M(617M) 3.764ms
[14791.651s][info][gc,cpu         ] GC(32432) User=0.01s Sys=0.00s Real=0.00s
[14792.092s][info][gc,start       ] GC(32433) Pause Young (Allocation Failure)
[14792.095s][info][gc,heap        ] GC(32433) PSYoungGen: 83328K(84480K)->1632K(84480K) Eden: 81920K(81920K)->0K(81920K) From: 1408K(2560K)->1632K(2560K)
[14792.095s][info][gc,heap        ] GC(32433) ParOldGen: 547495K(547840K)->547543K(547840K)
[14792.095s][info][gc,metaspace   ] GC(32433) Metaspace: 62366K(62592K)->62366K(62592K) NonClass: 53329K(53504K)->53329K(53504K) Class: 9037K(9088K)->9037K(9088K)
[14792.095s][info][gc             ] GC(32433) Pause Young (Allocation Failure) 616M->536M(617M) 3.024ms
[14792.095s][info][gc,cpu         ] GC(32433) User=0.01s Sys=0.00s Real=0.01s
[14792.534s][info][gc,start       ] GC(32434) Pause Young (Allocation Failure)
[14792.538s][info][gc,heap        ] GC(32434) PSYoungGen: 83552K(84480K)->1248K(84480K) Eden: 81920K(81920K)->0K(81920K) From: 1632K(2560K)->1248K(2560K)
[14792.538s][info][gc,heap        ] GC(32434) ParOldGen: 547543K(547840K)->548615K(549376K)
[14792.538s][info][gc,metaspace   ] GC(32434) Metaspace: 62366K(62592K)->62366K(62592K) NonClass: 53329K(53504K)->53329K(53504K) Class: 9037K(9088K)->9037K(9088K)
[14792.538s][info][gc             ] GC(32434) Pause Young (Allocation Failure) 616M->536M(619M) 3.962ms
[14792.538s][info][gc,cpu         ] GC(32434) User=0.01s Sys=0.00s Real=0.01s
[14792.981s][info][gc,start       ] GC(32435) Pause Young (Allocation Failure)
[14792.984s][info][gc,heap        ] GC(32435) PSYoungGen: 83168K(84480K)->480K(84480K) Eden: 81920K(81920K)->0K(81920K) From: 1248K(2560K)->480K(2560K)
[14792.984s][info][gc,heap        ] GC(32435) ParOldGen: 548615K(549376K)->548663K(549376K)
[14792.984s][info][gc,metaspace   ] GC(32435) Metaspace: 62366K(62592K)->62366K(62592K) NonClass: 53329K(53504K)->53329K(53504K) Class: 9037K(9088K)->9037K(9088K)
[14792.984s][info][gc             ] GC(32435) Pause Young (Allocation Failure) 616M->536M(619M) 2.693ms
[14792.984s][info][gc,cpu         ] GC(32435) User=0.01s Sys=0.00s Real=0.00s
[14793.509s][info][gc,start       ] GC(32436) Pause Young (Allocation Failure)
[14793.512s][info][gc,heap        ] GC(32436) PSYoungGen: 82400K(84480K)->928K(84480K) Eden: 81920K(81920K)->0K(81920K) From: 480K(2560K)->928K(2560K)
[14793.512s][info][gc,heap        ] GC(32436) ParOldGen: 548663K(549376K)->548719K(549376K)
[14793.512s][info][gc,metaspace   ] GC(32436) Metaspace: 62366K(62592K)->62366K(62592K) NonClass: 53329K(53504K)->53329K(53504K) Class: 9037K(9088K)->9037K(9088K)
[14793.512s][info][gc             ] GC(32436) Pause Young (Allocation Failure) 616M->536M(619M) 3.332ms
[14793.513s][info][gc,cpu         ] GC(32436) User=0.01s Sys=0.00s Real=0.00s
[14794.023s][info][gc,start       ] GC(32437) Pause Young (Allocation Failure)
[14794.027s][info][gc,heap        ] GC(32437) PSYoungGen: 82848K(84480K)->928K(84480K) Eden: 81920K(81920K)->0K(81920K) From: 928K(2560K)->928K(2560K)
[14794.027s][info][gc,heap        ] GC(32437) ParOldGen: 548719K(549376K)->548823K(549376K)
[14794.027s][info][gc,metaspace   ] GC(32437) Metaspace: 62366K(62592K)->62366K(62592K) NonClass: 53329K(53504K)->53329K(53504K) Class: 9037K(9088K)->9037K(9088K)
[14794.027s][info][gc             ] GC(32437) Pause Young (Allocation Failure) 616M->536M(619M) 3.232ms
[14794.027s][info][gc,cpu         ] GC(32437) User=0.00s Sys=0.00s Real=0.01s
[14794.471s][info][gc,start       ] GC(32438) Pause Young (Allocation Failure)
[14794.473s][info][gc,heap        ] GC(32438) PSYoungGen: 82848K(84480K)->320K(84992K) Eden: 81920K(81920K)->0K(82944K) From: 928K(2560K)->320K(2048K)
[14794.473s][info][gc,heap        ] GC(32438) ParOldGen: 548823K(549376K)->548871K(549376K)
[14794.473s][info][gc,metaspace   ] GC(32438) Metaspace: 62366K(62592K)->62366K(62592K) NonClass: 53329K(53504K)->53329K(53504K) Class: 9037K(9088K)->9037K(9088K)
[14794.473s][info][gc             ] GC(32438) Pause Young (Allocation Failure) 616M->536M(619M) 2.567ms
[14794.473s][info][gc,cpu         ] GC(32438) User=0.01s Sys=0.00s Real=0.00s
[14794.938s][info][gc,start       ] GC(32439) Pause Young (Allocation Failure)
[14794.942s][info][gc,heap        ] GC(32439) PSYoungGen: 83264K(84992K)->1344K(84480K) Eden: 82944K(82944K)->0K(82944K) From: 320K(2048K)->1344K(1536K)
[14794.942s][info][gc,heap        ] GC(32439) ParOldGen: 548871K(549376K)->548919K(549376K)
[14794.942s][info][gc,metaspace   ] GC(32439) Metaspace: 62366K(62592K)->62366K(62592K) NonClass: 53329K(53504K)->53329K(53504K) Class: 9037K(9088K)->9037K(9088K)
[14794.942s][info][gc             ] GC(32439) Pause Young (Allocation Failure) 617M->537M(619M) 3.638ms
[14794.942s][info][gc,cpu         ] GC(32439) User=0.01s Sys=0.00s Real=0.00s
[14795.388s][info][gc,start       ] GC(32440) Pause Young (Allocation Failure)
[14795.391s][info][gc,heap        ] GC(32440) PSYoungGen: 84288K(84480K)->608K(84992K) Eden: 82944K(82944K)->0K(82432K) From: 1344K(1536K)->608K(2560K)
[14795.391s][info][gc,heap        ] GC(32440) ParOldGen: 548919K(549376K)->548967K(549376K)
[14795.391s][info][gc,metaspace   ] GC(32440) Metaspace: 62366K(62592K)->62366K(62592K) NonClass: 53329K(53504K)->53329K(53504K) Class: 9037K(9088K)->9037K(9088K)
[14795.391s][info][gc             ] GC(32440) Pause Young (Allocation Failure) 618M->536M(619M) 2.782ms
[14795.391s][info][gc,cpu         ] GC(32440) User=0.00s Sys=0.00s Real=0.00s
[14795.819s][info][gc,start       ] GC(32441) Pause Young (Allocation Failure)
[14795.822s][info][gc,heap        ] GC(32441) PSYoungGen: 83040K(84992K)->1056K(84480K) Eden: 82432K(82432K)->0K(82432K) From: 608K(2560K)->1056K(2048K)
[14795.822s][info][gc,heap        ] GC(32441) ParOldGen: 548967K(549376K)->549015K(549376K)
[14795.822s][info][gc,metaspace   ] GC(32441) Metaspace: 62366K(62592K)->62366K(62592K) NonClass: 53329K(53504K)->53329K(53504K) Class: 9037K(9088K)->9037K(9088K)
[14795.822s][info][gc             ] GC(32441) Pause Young (Allocation Failure) 617M->537M(619M) 3.396ms
[14795.822s][info][gc,cpu         ] GC(32441) User=0.01s Sys=0.00s Real=0.00s
[14796.262s][info][gc,start       ] GC(32442) Pause Young (Allocation Failure)
[14796.264s][info][gc,heap        ] GC(32442) PSYoungGen: 83488K(84480K)->224K(84992K) Eden: 82432K(82432K)->0K(82944K) From: 1056K(2048K)->224K(2048K)
[14796.264s][info][gc,heap        ] GC(32442) ParOldGen: 549015K(549376K)->549071K(549376K)
[14796.264s][info][gc,metaspace   ] GC(32442) Metaspace: 62366K(62592K)->62366K(62592K) NonClass: 53329K(53504K)->53329K(53504K) Class: 9037K(9088K)->9037K(9088K)
[14796.264s][info][gc             ] GC(32442) Pause Young (Allocation Failure) 617M->536M(619M) 2.411ms
[14796.264s][info][gc,cpu         ] GC(32442) User=0.00s Sys=0.00s Real=0.00s
[14796.697s][info][gc,start       ] GC(32443) Pause Young (Allocation Failure)
[14796.700s][info][gc,heap        ] GC(32443) PSYoungGen: 83168K(84992K)->1792K(84992K) Eden: 82944K(82944K)->0K(82944K) From: 224K(2048K)->1792K(2048K)
[14796.700s][info][gc,heap        ] GC(32443) ParOldGen: 549071K(549376K)->549119K(549376K)
[14796.700s][info][gc,metaspace   ] GC(32443) Metaspace: 62366K(62592K)->62366K(62592K) NonClass: 53329K(53504K)->53329K(53504K) Class: 9037K(9088K)->9037K(9088K)
[14796.700s][info][gc             ] GC(32443) Pause Young (Allocation Failure) 617M->537M(619M) 3.088ms
[14796.700s][info][gc,cpu         ] GC(32443) User=0.01s Sys=0.00s Real=0.00s
[14797.103s][info][gc,start       ] GC(32444) Pause Young (Allocation Failure)
[14797.106s][info][gc,heap        ] GC(32444) PSYoungGen: 84736K(84992K)->864K(83968K) Eden: 82944K(82944K)->0K(81920K) From: 1792K(2048K)->864K(2048K)
[14797.106s][info][gc,heap        ] GC(32444) ParOldGen: 549119K(549376K)->550199K(550912K)
[14797.106s][info][gc,metaspace   ] GC(32444) Metaspace: 62366K(62592K)->62366K(62592K) NonClass: 53329K(53504K)->53329K(53504K) Class: 9037K(9088K)->9037K(9088K)
[14797.106s][info][gc             ] GC(32444) Pause Young (Allocation Failure) 618M->538M(620M) 3.702ms
[14797.106s][info][gc,cpu         ] GC(32444) User=0.01s Sys=0.00s Real=0.01s
[14797.539s][info][gc,start       ] GC(32445) Pause Young (Allocation Failure)
[14797.543s][info][gc,heap        ] GC(32445) PSYoungGen: 82784K(83968K)->1312K(84480K) Eden: 81920K(81920K)->0K(81920K) From: 864K(2048K)->1312K(2560K)
[14797.543s][info][gc,heap        ] GC(32445) ParOldGen: 550199K(550912K)->550255K(550912K)
[14797.543s][info][gc,metaspace   ] GC(32445) Metaspace: 62366K(62592K)->62366K(62592K) NonClass: 53329K(53504K)->53329K(53504K) Class: 9037K(9088K)->9037K(9088K)
[14797.543s][info][gc             ] GC(32445) Pause Young (Allocation Failure) 618M->538M(620M) 3.737ms
[14797.543s][info][gc,cpu         ] GC(32445) User=0.00s Sys=0.00s Real=0.00s
[14797.990s][info][gc,start       ] GC(32446) Pause Young (Allocation Failure)
[14797.993s][info][gc,heap        ] GC(32446) PSYoungGen: 83232K(84480K)->608K(84480K) Eden: 81920K(81920K)->0K(81920K) From: 1312K(2560K)->608K(2560K)
[14797.993s][info][gc,heap        ] GC(32446) ParOldGen: 550255K(550912K)->550311K(550912K)
[14797.993s][info][gc,metaspace   ] GC(32446) Metaspace: 62366K(62592K)->62366K(62592K) NonClass: 53329K(53504K)->53329K(53504K) Class: 9037K(9088K)->9037K(9088K)
[14797.993s][info][gc             ] GC(32446) Pause Young (Allocation Failure) 618M->538M(620M) 2.865ms
[14797.993s][info][gc,cpu         ] GC(32446) User=0.01s Sys=0.00s Real=0.00s
[14798.465s][info][gc,start       ] GC(32447) Pause Young (Allocation Failure)
[14798.467s][info][gc,heap        ] GC(32447) PSYoungGen: 82528K(84480K)->256K(84480K) Eden: 81920K(81920K)->0K(81920K) From: 608K(2560K)->256K(2560K)
[14798.467s][info][gc,heap        ] GC(32447) ParOldGen: 550311K(550912K)->550359K(550912K)
[14798.467s][info][gc,metaspace   ] GC(32447) Metaspace: 62366K(62592K)->62366K(62592K) NonClass: 53329K(53504K)->53329K(53504K) Class: 9037K(9088K)->9037K(9088K)
[14798.467s][info][gc             ] GC(32447) Pause Young (Allocation Failure) 618M->537M(620M) 2.474ms
[14798.467s][info][gc,cpu         ] GC(32447) User=0.00s Sys=0.00s Real=0.00s
[14798.953s][info][gc,start       ] GC(32448) Pause Young (Allocation Failure)
[14798.957s][info][gc,heap        ] GC(32448) PSYoungGen: 82176K(84480K)->1408K(84480K) Eden: 81920K(81920K)->0K(81920K) From: 256K(2560K)->1408K(2560K)
[14798.957s][info][gc,heap        ] GC(32448) ParOldGen: 550359K(550912K)->550407K(550912K)
[14798.957s][info][gc,metaspace   ] GC(32448) Metaspace: 62366K(62592K)->62366K(62592K) NonClass: 53329K(53504K)->53329K(53504K) Class: 9037K(9088K)->9037K(9088K)
[14798.957s][info][gc             ] GC(32448) Pause Young (Allocation Failure) 617M->538M(620M) 3.839ms
[14798.957s][info][gc,cpu         ] GC(32448) User=0.01s Sys=0.00s Real=0.01s
[14799.435s][info][gc,start       ] GC(32449) Pause Young (Allocation Failure)
[14799.439s][info][gc,heap        ] GC(32449) PSYoungGen: 83328K(84480K)->1184K(84480K) Eden: 81920K(81920K)->0K(81920K) From: 1408K(2560K)->1184K(2560K)
[14799.439s][info][gc,heap        ] GC(32449) ParOldGen: 550407K(550912K)->550463K(550912K)
[14799.439s][info][gc,metaspace   ] GC(32449) Metaspace: 62366K(62592K)->62366K(62592K) NonClass: 53329K(53504K)->53329K(53504K) Class: 9037K(9088K)->9037K(9088K)
[14799.439s][info][gc             ] GC(32449) Pause Young (Allocation Failure) 618M->538M(620M) 3.741ms
[14799.439s][info][gc,cpu         ] GC(32449) User=0.01s Sys=0.00s Real=0.00s
[14799.919s][info][gc,start       ] GC(32450) Pause Young (Allocation Failure)
[14799.923s][info][gc,heap        ] GC(32450) PSYoungGen: 83104K(84480K)->928K(84992K) Eden: 81920K(81920K)->0K(82432K) From: 1184K(2560K)->928K(2560K)
[14799.923s][info][gc,heap        ] GC(32450) ParOldGen: 550463K(550912K)->550519K(550912K)
[14799.923s][info][gc,metaspace   ] GC(32450) Metaspace: 62366K(62592K)->62366K(62592K) NonClass: 53329K(53504K)->53329K(53504K) Class: 9037K(9088K)->9037K(9088K)
[14799.923s][info][gc             ] GC(32450) Pause Young (Allocation Failure) 618M->538M(621M) 3.454ms
[14799.923s][info][gc,cpu         ] GC(32450) User=0.01s Sys=0.00s Real=0.00s
[14800.425s][info][gc,start       ] GC(32451) Pause Young (Allocation Failure)
[14800.428s][info][gc,heap        ] GC(32451) PSYoungGen: 83360K(84992K)->992K(84480K) Eden: 82432K(82432K)->0K(82432K) From: 928K(2560K)->992K(2048K)
[14800.428s][info][gc,heap        ] GC(32451) ParOldGen: 550519K(550912K)->550567K(550912K)
[14800.428s][info][gc,metaspace   ] GC(32451) Metaspace: 62366K(62592K)->62366K(62592K) NonClass: 53329K(53504K)->53329K(53504K) Class: 9037K(9088K)->9037K(9088K)
[14800.428s][info][gc             ] GC(32451) Pause Young (Allocation Failure) 619M->538M(620M) 3.422ms
[14800.428s][info][gc,cpu         ] GC(32451) User=0.01s Sys=0.00s Real=0.00s
[14800.960s][info][gc,start       ] GC(32452) Pause Young (Allocation Failure)
[14800.964s][info][gc,heap        ] GC(32452) PSYoungGen: 83424K(84480K)->1760K(83968K) Eden: 82432K(82432K)->0K(81920K) From: 992K(2048K)->1760K(2048K)
[14800.964s][info][gc,heap        ] GC(32452) ParOldGen: 550567K(550912K)->550615K(550912K)
[14800.964s][info][gc,metaspace   ] GC(32452) Metaspace: 62366K(62592K)->62366K(62592K) NonClass: 53329K(53504K)->53329K(53504K) Class: 9037K(9088K)->9037K(9088K)
[14800.964s][info][gc             ] GC(32452) Pause Young (Allocation Failure) 619M->539M(620M) 4.178ms
[14800.964s][info][gc,cpu         ] GC(32452) User=0.01s Sys=0.00s Real=0.01s
[14801.401s][info][gc,start       ] GC(32453) Pause Young (Allocation Failure)
[14801.405s][info][gc,heap        ] GC(32453) PSYoungGen: 83680K(83968K)->1792K(84480K) Eden: 81920K(81920K)->0K(81920K) From: 1760K(2048K)->1792K(2560K)
[14801.405s][info][gc,heap        ] GC(32453) ParOldGen: 550615K(550912K)->550719K(550912K)
[14801.405s][info][gc,metaspace   ] GC(32453) Metaspace: 62366K(62592K)->62366K(62592K) NonClass: 53329K(53504K)->53329K(53504K) Class: 9037K(9088K)->9037K(9088K)
[14801.405s][info][gc             ] GC(32453) Pause Young (Allocation Failure) 619M->539M(620M) 3.214ms
[14801.405s][info][gc,cpu         ] GC(32453) User=0.01s Sys=0.00s Real=0.01s
[14801.870s][info][gc,start       ] GC(32454) Pause Young (Allocation Failure)
[14801.874s][info][gc,heap        ] GC(32454) PSYoungGen: 83712K(84480K)->352K(84480K) Eden: 81920K(81920K)->0K(81920K) From: 1792K(2560K)->352K(2560K)
[14801.874s][info][gc,heap        ] GC(32454) ParOldGen: 550719K(550912K)->552815K(553984K)
[14801.874s][info][gc,metaspace   ] GC(32454) Metaspace: 62366K(62592K)->62366K(62592K) NonClass: 53329K(53504K)->53329K(53504K) Class: 9037K(9088K)->9037K(9088K)
[14801.874s][info][gc             ] GC(32454) Pause Young (Allocation Failure) 619M->540M(623M) 3.777ms
[14801.874s][info][gc,cpu         ] GC(32454) User=0.01s Sys=0.00s Real=0.00s
[14802.274s][info][gc,start       ] GC(32455) Pause Young (Allocation Failure)
[14802.276s][info][gc,heap        ] GC(32455) PSYoungGen: 82272K(84480K)->384K(84480K) Eden: 81920K(81920K)->0K(81920K) From: 352K(2560K)->384K(2560K)
[14802.276s][info][gc,heap        ] GC(32455) ParOldGen: 552815K(553984K)->552863K(553984K)
[14802.276s][info][gc,metaspace   ] GC(32455) Metaspace: 62366K(62592K)->62366K(62592K) NonClass: 53329K(53504K)->53329K(53504K) Class: 9037K(9088K)->9037K(9088K)
[14802.276s][info][gc             ] GC(32455) Pause Young (Allocation Failure) 620M->540M(623M) 2.663ms
[14802.276s][info][gc,cpu         ] GC(32455) User=0.00s Sys=0.00s Real=0.01s
[14802.721s][info][gc,start       ] GC(32456) Pause Young (Allocation Failure)
[14802.725s][info][gc,heap        ] GC(32456) PSYoungGen: 82304K(84480K)->928K(84480K) Eden: 81920K(81920K)->0K(81920K) From: 384K(2560K)->928K(2560K)
[14802.725s][info][gc,heap        ] GC(32456) ParOldGen: 552863K(553984K)->552919K(553984K)
[14802.725s][info][gc,metaspace   ] GC(32456) Metaspace: 62366K(62592K)->62366K(62592K) NonClass: 53329K(53504K)->53329K(53504K) Class: 9037K(9088K)->9037K(9088K)
[14802.725s][info][gc             ] GC(32456) Pause Young (Allocation Failure) 620M->540M(623M) 3.341ms
[14802.725s][info][gc,cpu         ] GC(32456) User=0.01s Sys=0.00s Real=0.01s
[14803.147s][info][gc,start       ] GC(32457) Pause Young (Allocation Failure)
[14803.152s][info][gc,heap        ] GC(32457) PSYoungGen: 82848K(84480K)->1472K(84480K) Eden: 81920K(81920K)->0K(81920K) From: 928K(2560K)->1472K(2560K)
[14803.152s][info][gc,heap        ] GC(32457) ParOldGen: 552919K(553984K)->552975K(553984K)
[14803.152s][info][gc,metaspace   ] GC(32457) Metaspace: 62366K(62592K)->62366K(62592K) NonClass: 53329K(53504K)->53329K(53504K) Class: 9037K(9088K)->9037K(9088K)
[14803.152s][info][gc             ] GC(32457) Pause Young (Allocation Failure) 620M->541M(623M) 4.801ms
[14803.152s][info][gc,cpu         ] GC(32457) User=0.01s Sys=0.00s Real=0.00s
[14803.599s][info][gc,start       ] GC(32458) Pause Young (Allocation Failure)
[14803.602s][info][gc,heap        ] GC(32458) PSYoungGen: 83392K(84480K)->736K(84480K) Eden: 81920K(81920K)->0K(81920K) From: 1472K(2560K)->736K(2560K)
[14803.602s][info][gc,heap        ] GC(32458) ParOldGen: 552975K(553984K)->553023K(553984K)
[14803.602s][info][gc,metaspace   ] GC(32458) Metaspace: 62366K(62592K)->62366K(62592K) NonClass: 53329K(53504K)->53329K(53504K) Class: 9037K(9088K)->9037K(9088K)
[14803.602s][info][gc             ] GC(32458) Pause Young (Allocation Failure) 621M->540M(623M) 3.086ms
[14803.602s][info][gc,cpu         ] GC(32458) User=0.01s Sys=0.00s Real=0.00s
[14804.065s][info][gc,start       ] GC(32459) Pause Young (Allocation Failure)
[14804.067s][info][gc,heap        ] GC(32459) PSYoungGen: 82656K(84480K)->224K(84480K) Eden: 81920K(81920K)->0K(81920K) From: 736K(2560K)->224K(2560K)
[14804.067s][info][gc,heap        ] GC(32459) ParOldGen: 553023K(553984K)->553071K(553984K)
[14804.067s][info][gc,metaspace   ] GC(32459) Metaspace: 62366K(62592K)->62366K(62592K) NonClass: 53329K(53504K)->53329K(53504K) Class: 9037K(9088K)->9037K(9088K)
[14804.067s][info][gc             ] GC(32459) Pause Young (Allocation Failure) 620M->540M(623M) 2.572ms
[14804.067s][info][gc,cpu         ] GC(32459) User=0.00s Sys=0.00s Real=0.00s
[14804.489s][info][gc,start       ] GC(32460) Pause Young (Allocation Failure)
[14804.492s][info][gc,heap        ] GC(32460) PSYoungGen: 82144K(84480K)->608K(84480K) Eden: 81920K(81920K)->0K(81920K) From: 224K(2560K)->608K(2560K)
[14804.492s][info][gc,heap        ] GC(32460) ParOldGen: 553071K(553984K)->553119K(553984K)
[14804.492s][info][gc,metaspace   ] GC(32460) Metaspace: 62366K(62592K)->62366K(62592K) NonClass: 53329K(53504K)->53329K(53504K) Class: 9037K(9088K)->9037K(9088K)
[14804.492s][info][gc             ] GC(32460) Pause Young (Allocation Failure) 620M->540M(623M) 2.926ms
[14804.492s][info][gc,cpu         ] GC(32460) User=0.00s Sys=0.00s Real=0.00s
[14804.946s][info][gc,start       ] GC(32461) Pause Young (Allocation Failure)
[14804.950s][info][gc,heap        ] GC(32461) PSYoungGen: 82528K(84480K)->1248K(84480K) Eden: 81920K(81920K)->0K(81920K) From: 608K(2560K)->1248K(2560K)
[14804.950s][info][gc,heap        ] GC(32461) ParOldGen: 553119K(553984K)->553167K(553984K)
[14804.950s][info][gc,metaspace   ] GC(32461) Metaspace: 62366K(62592K)->62366K(62592K) NonClass: 53329K(53504K)->53329K(53504K) Class: 9037K(9088K)->9037K(9088K)
[14804.950s][info][gc             ] GC(32461) Pause Young (Allocation Failure) 620M->541M(623M) 3.684ms
[14804.950s][info][gc,cpu         ] GC(32461) User=0.01s Sys=0.00s Real=0.00s
[14805.432s][info][gc,start       ] GC(32462) Pause Young (Allocation Failure)
[14805.436s][info][gc,heap        ] GC(32462) PSYoungGen: 83168K(84480K)->1120K(84480K) Eden: 81920K(81920K)->0K(81920K) From: 1248K(2560K)->1120K(2560K)
[14805.436s][info][gc,heap        ] GC(32462) ParOldGen: 553167K(553984K)->553215K(553984K)
[14805.436s][info][gc,metaspace   ] GC(32462) Metaspace: 62366K(62592K)->62366K(62592K) NonClass: 53329K(53504K)->53329K(53504K) Class: 9037K(9088K)->9037K(9088K)
[14805.436s][info][gc             ] GC(32462) Pause Young (Allocation Failure) 621M->541M(623M) 3.510ms
[14805.436s][info][gc,cpu         ] GC(32462) User=0.00s Sys=0.00s Real=0.01s
[14805.917s][info][gc,start       ] GC(32463) Pause Young (Allocation Failure)
[14805.920s][info][gc,heap        ] GC(32463) PSYoungGen: 83040K(84480K)->960K(84480K) Eden: 81920K(81920K)->0K(81920K) From: 1120K(2560K)->960K(2560K)
[14805.920s][info][gc,heap        ] GC(32463) ParOldGen: 553215K(553984K)->553263K(553984K)
[14805.920s][info][gc,metaspace   ] GC(32463) Metaspace: 62366K(62592K)->62366K(62592K) NonClass: 53329K(53504K)->53329K(53504K) Class: 9037K(9088K)->9037K(9088K)
[14805.920s][info][gc             ] GC(32463) Pause Young (Allocation Failure) 621M->541M(623M) 3.307ms
[14805.920s][info][gc,cpu         ] GC(32463) User=0.01s Sys=0.00s Real=0.00s
[14806.362s][info][gc,start       ] GC(32464) Pause Young (Allocation Failure)
[14806.365s][info][gc,heap        ] GC(32464) PSYoungGen: 82880K(84480K)->1248K(84992K) Eden: 81920K(81920K)->0K(82944K) From: 960K(2560K)->1248K(2048K)
[14806.365s][info][gc,heap        ] GC(32464) ParOldGen: 553263K(553984K)->554335K(555520K)
[14806.365s][info][gc,metaspace   ] GC(32464) Metaspace: 62366K(62592K)->62366K(62592K) NonClass: 53329K(53504K)->53329K(53504K) Class: 9037K(9088K)->9037K(9088K)
[14806.365s][info][gc             ] GC(32464) Pause Young (Allocation Failure) 621M->542M(625M) 3.152ms
[14806.365s][info][gc,cpu         ] GC(32464) User=0.00s Sys=0.00s Real=0.01s
[14806.796s][info][gc,start       ] GC(32465) Pause Young (Allocation Failure)
[14806.800s][info][gc,heap        ] GC(32465) PSYoungGen: 84192K(84992K)->768K(84992K) Eden: 82944K(82944K)->0K(82944K) From: 1248K(2048K)->768K(2048K)
[14806.800s][info][gc,heap        ] GC(32465) ParOldGen: 554335K(555520K)->556431K(557056K)
[14806.800s][info][gc,metaspace   ] GC(32465) Metaspace: 62366K(62592K)->62366K(62592K) NonClass: 53329K(53504K)->53329K(53504K) Class: 9037K(9088K)->9037K(9088K)
[14806.800s][info][gc             ] GC(32465) Pause Young (Allocation Failure) 623M->544M(627M) 4.159ms
[14806.800s][info][gc,cpu         ] GC(32465) User=0.00s Sys=0.00s Real=0.00s
[14807.194s][info][gc,start       ] GC(32466) Pause Young (Allocation Failure)
[14807.197s][info][gc,heap        ] GC(32466) PSYoungGen: 83712K(84992K)->736K(84992K) Eden: 82944K(82944K)->0K(82944K) From: 768K(2048K)->736K(2048K)
[14807.197s][info][gc,heap        ] GC(32466) ParOldGen: 556431K(557056K)->556479K(557056K)
[14807.197s][info][gc,metaspace   ] GC(32466) Metaspace: 62366K(62592K)->62366K(62592K) NonClass: 53329K(53504K)->53329K(53504K) Class: 9037K(9088K)->9037K(9088K)
[14807.197s][info][gc             ] GC(32466) Pause Young (Allocation Failure) 625M->544M(627M) 3.100ms
[14807.197s][info][gc,cpu         ] GC(32466) User=0.00s Sys=0.00s Real=0.00s
[14807.590s][info][gc,start       ] GC(32467) Pause Young (Allocation Failure)
[14807.593s][info][gc,heap        ] GC(32467) PSYoungGen: 83680K(84992K)->640K(84992K) Eden: 82944K(82944K)->0K(82944K) From: 736K(2048K)->640K(2048K)
[14807.593s][info][gc,heap        ] GC(32467) ParOldGen: 556479K(557056K)->556527K(557056K)
[14807.593s][info][gc,metaspace   ] GC(32467) Metaspace: 62366K(62592K)->62366K(62592K) NonClass: 53329K(53504K)->53329K(53504K) Class: 9037K(9088K)->9037K(9088K)
[14807.593s][info][gc             ] GC(32467) Pause Young (Allocation Failure) 625M->544M(627M) 2.925ms
[14807.593s][info][gc,cpu         ] GC(32467) User=0.01s Sys=0.00s Real=0.00s
[14807.985s][info][gc,start       ] GC(32468) Pause Young (Allocation Failure)
[14807.988s][info][gc,heap        ] GC(32468) PSYoungGen: 83584K(84992K)->576K(84992K) Eden: 82944K(82944K)->0K(82944K) From: 640K(2048K)->576K(2048K)
[14807.988s][info][gc,heap        ] GC(32468) ParOldGen: 556527K(557056K)->556575K(557056K)
[14807.988s][info][gc,metaspace   ] GC(32468) Metaspace: 62366K(62592K)->62366K(62592K) NonClass: 53329K(53504K)->53329K(53504K) Class: 9037K(9088K)->9037K(9088K)
[14807.988s][info][gc             ] GC(32468) Pause Young (Allocation Failure) 625M->544M(627M) 2.794ms
[14807.988s][info][gc,cpu         ] GC(32468) User=0.01s Sys=0.00s Real=0.00s
[14808.483s][info][gc,start       ] GC(32469) Pause Young (Allocation Failure)
[14808.485s][info][gc,heap        ] GC(32469) PSYoungGen: 83520K(84992K)->576K(84992K) Eden: 82944K(82944K)->0K(82944K) From: 576K(2048K)->576K(2048K)
[14808.485s][info][gc,heap        ] GC(32469) ParOldGen: 556575K(557056K)->556623K(557056K)
[14808.486s][info][gc,metaspace   ] GC(32469) Metaspace: 62366K(62592K)->62366K(62592K) NonClass: 53329K(53504K)->53329K(53504K) Class: 9037K(9088K)->9037K(9088K)
[14808.486s][info][gc             ] GC(32469) Pause Young (Allocation Failure) 625M->544M(627M) 2.761ms
[14808.486s][info][gc,cpu         ] GC(32469) User=0.01s Sys=0.00s Real=0.01s
[14808.932s][info][gc,start       ] GC(32470) Pause Young (Allocation Failure)
[14808.936s][info][gc,heap        ] GC(32470) PSYoungGen: 83520K(84992K)->1248K(84992K) Eden: 82944K(82944K)->0K(82944K) From: 576K(2048K)->1248K(2048K)
[14808.936s][info][gc,heap        ] GC(32470) ParOldGen: 556623K(557056K)->556719K(557056K)
[14808.936s][info][gc,metaspace   ] GC(32470) Metaspace: 62366K(62592K)->62366K(62592K) NonClass: 53329K(53504K)->53329K(53504K) Class: 9037K(9088K)->9037K(9088K)
[14808.936s][info][gc             ] GC(32470) Pause Young (Allocation Failure) 625M->544M(627M) 3.752ms
[14808.936s][info][gc,cpu         ] GC(32470) User=0.01s Sys=0.00s Real=0.01s
[14809.350s][info][gc,start       ] GC(32471) Pause Young (Allocation Failure)
[14809.354s][info][gc,heap        ] GC(32471) PSYoungGen: 84192K(84992K)->1664K(84992K) Eden: 82944K(82944K)->0K(82944K) From: 1248K(2048K)->1664K(2048K)
[14809.354s][info][gc,heap        ] GC(32471) ParOldGen: 556719K(557056K)->556775K(557056K)
[14809.354s][info][gc,metaspace   ] GC(32471) Metaspace: 62366K(62592K)->62366K(62592K) NonClass: 53329K(53504K)->53329K(53504K) Class: 9037K(9088K)->9037K(9088K)
[14809.354s][info][gc             ] GC(32471) Pause Young (Allocation Failure) 625M->545M(627M) 4.074ms
[14809.354s][info][gc,cpu         ] GC(32471) User=0.01s Sys=0.00s Real=0.00s
[14809.776s][info][gc,start       ] GC(32472) Pause Young (Allocation Failure)
[14809.779s][info][gc,heap        ] GC(32472) PSYoungGen: 84608K(84992K)->384K(84992K) Eden: 82944K(82944K)->0K(82944K) From: 1664K(2048K)->384K(2048K)
[14809.779s][info][gc,heap        ] GC(32472) ParOldGen: 556775K(557056K)->556823K(557056K)
[14809.779s][info][gc,metaspace   ] GC(32472) Metaspace: 62366K(62592K)->62366K(62592K) NonClass: 53329K(53504K)->53329K(53504K) Class: 9037K(9088K)->9037K(9088K)
[14809.779s][info][gc             ] GC(32472) Pause Young (Allocation Failure) 626M->544M(627M) 2.656ms
[14809.779s][info][gc,cpu         ] GC(32472) User=0.00s Sys=0.00s Real=0.00s
[14810.233s][info][gc,start       ] GC(32473) Pause Young (Allocation Failure)
[14810.237s][info][gc,heap        ] GC(32473) PSYoungGen: 83328K(84992K)->1280K(84992K) Eden: 82944K(82944K)->0K(82944K) From: 384K(2048K)->1280K(2048K)
[14810.237s][info][gc,heap        ] GC(32473) ParOldGen: 556823K(557056K)->556879K(557056K)
[14810.237s][info][gc,metaspace   ] GC(32473) Metaspace: 62366K(62592K)->62366K(62592K) NonClass: 53329K(53504K)->53329K(53504K) Class: 9037K(9088K)->9037K(9088K)
[14810.237s][info][gc             ] GC(32473) Pause Young (Allocation Failure) 625M->545M(627M) 3.711ms
[14810.237s][info][gc,cpu         ] GC(32473) User=0.01s Sys=0.00s Real=0.01s
[14810.666s][info][gc,start       ] GC(32474) Pause Young (Allocation Failure)
[14810.670s][info][gc,heap        ] GC(32474) PSYoungGen: 84224K(84992K)->1280K(84992K) Eden: 82944K(82944K)->0K(82944K) From: 1280K(2048K)->1280K(2048K)
[14810.670s][info][gc,heap        ] GC(32474) ParOldGen: 556879K(557056K)->556935K(557056K)
[14810.670s][info][gc,metaspace   ] GC(32474) Metaspace: 62366K(62592K)->62366K(62592K) NonClass: 53329K(53504K)->53329K(53504K) Class: 9037K(9088K)->9037K(9088K)
[14810.670s][info][gc             ] GC(32474) Pause Young (Allocation Failure) 626M->545M(627M) 3.178ms
[14810.670s][info][gc,cpu         ] GC(32474) User=0.01s Sys=0.00s Real=0.00s
[14811.105s][info][gc,start       ] GC(32475) Pause Young (Allocation Failure)
[14811.108s][info][gc,heap        ] GC(32475) PSYoungGen: 84224K(84992K)->832K(84992K) Eden: 82944K(82944K)->0K(82944K) From: 1280K(2048K)->832K(2048K)
[14811.108s][info][gc,heap        ] GC(32475) ParOldGen: 556935K(557056K)->558015K(558592K)
[14811.108s][info][gc,metaspace   ] GC(32475) Metaspace: 62366K(62592K)->62366K(62592K) NonClass: 53329K(53504K)->53329K(53504K) Class: 9037K(9088K)->9037K(9088K)
[14811.108s][info][gc             ] GC(32475) Pause Young (Allocation Failure) 626M->545M(628M) 3.582ms
[14811.108s][info][gc,cpu         ] GC(32475) User=0.01s Sys=0.00s Real=0.00s
[14811.537s][info][gc,start       ] GC(32476) Pause Young (Allocation Failure)
[14811.541s][info][gc,heap        ] GC(32476) PSYoungGen: 83776K(84992K)->1344K(84992K) Eden: 82944K(82944K)->0K(82944K) From: 832K(2048K)->1344K(2048K)
[14811.541s][info][gc,heap        ] GC(32476) ParOldGen: 558015K(558592K)->558063K(558592K)
[14811.541s][info][gc,metaspace   ] GC(32476) Metaspace: 62366K(62592K)->62366K(62592K) NonClass: 53329K(53504K)->53329K(53504K) Class: 9037K(9088K)->9037K(9088K)
[14811.541s][info][gc             ] GC(32476) Pause Young (Allocation Failure) 626M->546M(628M) 3.779ms
[14811.541s][info][gc,cpu         ] GC(32476) User=0.01s Sys=0.00s Real=0.00s
[14812.024s][info][gc,start       ] GC(32477) Pause Young (Allocation Failure)
[14812.028s][info][gc,heap        ] GC(32477) PSYoungGen: 84288K(84992K)->1088K(84992K) Eden: 82944K(82944K)->0K(82944K) From: 1344K(2048K)->1088K(2048K)
[14812.028s][info][gc,heap        ] GC(32477) ParOldGen: 558063K(558592K)->558111K(558592K)
[14812.028s][info][gc,metaspace   ] GC(32477) Metaspace: 62366K(62592K)->62366K(62592K) NonClass: 53329K(53504K)->53329K(53504K) Class: 9037K(9088K)->9037K(9088K)
[14812.028s][info][gc             ] GC(32477) Pause Young (Allocation Failure) 627M->546M(628M) 3.477ms
[14812.028s][info][gc,cpu         ] GC(32477) User=0.01s Sys=0.00s Real=0.00s
[14812.555s][info][gc,start       ] GC(32478) Pause Young (Allocation Failure)
[14812.559s][info][gc,heap        ] GC(32478) PSYoungGen: 84032K(84992K)->1280K(84992K) Eden: 82944K(82944K)->0K(82944K) From: 1088K(2048K)->1280K(2048K)
[14812.559s][info][gc,heap        ] GC(32478) ParOldGen: 558111K(558592K)->558167K(558592K)
[14812.559s][info][gc,metaspace   ] GC(32478) Metaspace: 62366K(62592K)->62366K(62592K) NonClass: 53329K(53504K)->53329K(53504K) Class: 9037K(9088K)->9037K(9088K)
[14812.559s][info][gc             ] GC(32478) Pause Young (Allocation Failure) 627M->546M(628M) 3.659ms
[14812.559s][info][gc,cpu         ] GC(32478) User=0.00s Sys=0.00s Real=0.00s
[14813.053s][info][gc,start       ] GC(32479) Pause Young (Allocation Failure)
[14813.057s][info][gc,heap        ] GC(32479) PSYoungGen: 84224K(84992K)->1344K(84992K) Eden: 82944K(82944K)->0K(82944K) From: 1280K(2048K)->1344K(2048K)
[14813.057s][info][gc,heap        ] GC(32479) ParOldGen: 558167K(558592K)->558215K(558592K)
[14813.057s][info][gc,metaspace   ] GC(32479) Metaspace: 62366K(62592K)->62366K(62592K) NonClass: 53329K(53504K)->53329K(53504K) Class: 9037K(9088K)->9037K(9088K)
[14813.057s][info][gc             ] GC(32479) Pause Young (Allocation Failure) 627M->546M(628M) 3.749ms
[14813.057s][info][gc,cpu         ] GC(32479) User=0.01s Sys=0.00s Real=0.01s
[14813.537s][info][gc,start       ] GC(32480) Pause Young (Allocation Failure)
[14813.540s][info][gc,heap        ] GC(32480) PSYoungGen: 84288K(84992K)->1312K(84992K) Eden: 82944K(82944K)->0K(82944K) From: 1344K(2048K)->1312K(2048K)
[14813.540s][info][gc,heap        ] GC(32480) ParOldGen: 558215K(558592K)->558263K(558592K)
[14813.540s][info][gc,metaspace   ] GC(32480) Metaspace: 62366K(62592K)->62366K(62592K) NonClass: 53329K(53504K)->53329K(53504K) Class: 9037K(9088K)->9037K(9088K)
[14813.540s][info][gc             ] GC(32480) Pause Young (Allocation Failure) 627M->546M(628M) 3.675ms
[14813.540s][info][gc,cpu         ] GC(32480) User=0.01s Sys=0.00s Real=0.00s
[14814.003s][info][gc,start       ] GC(32481) Pause Young (Allocation Failure)
[14814.006s][info][gc,heap        ] GC(32481) PSYoungGen: 84256K(84992K)->736K(84992K) Eden: 82944K(82944K)->0K(82944K) From: 1312K(2048K)->736K(2048K)
[14814.006s][info][gc,heap        ] GC(32481) ParOldGen: 558263K(558592K)->558311K(558592K)
[14814.006s][info][gc,metaspace   ] GC(32481) Metaspace: 62366K(62592K)->62366K(62592K) NonClass: 53329K(53504K)->53329K(53504K) Class: 9037K(9088K)->9037K(9088K)
[14814.006s][info][gc             ] GC(32481) Pause Young (Allocation Failure) 627M->545M(628M) 3.066ms
[14814.006s][info][gc,cpu         ] GC(32481) User=0.01s Sys=0.00s Real=0.01s
[14814.535s][info][gc,start       ] GC(32482) Pause Young (Allocation Failure)
[14814.538s][info][gc,heap        ] GC(32482) PSYoungGen: 83680K(84992K)->1216K(84992K) Eden: 82944K(82944K)->0K(82944K) From: 736K(2048K)->1216K(2048K)
[14814.538s][info][gc,heap        ] GC(32482) ParOldGen: 558311K(558592K)->558359K(558592K)
[14814.538s][info][gc,metaspace   ] GC(32482) Metaspace: 62366K(62592K)->62366K(62592K) NonClass: 53329K(53504K)->53329K(53504K) Class: 9037K(9088K)->9037K(9088K)
[14814.538s][info][gc             ] GC(32482) Pause Young (Allocation Failure) 626M->546M(628M) 3.610ms
[14814.538s][info][gc,cpu         ] GC(32482) User=0.01s Sys=0.00s Real=0.00s
[14814.989s][info][gc,start       ] GC(32483) Pause Young (Allocation Failure)
[14814.992s][info][gc,heap        ] GC(32483) PSYoungGen: 84160K(84992K)->640K(84992K) Eden: 82944K(82944K)->0K(82944K) From: 1216K(2048K)->640K(2048K)
[14814.992s][info][gc,heap        ] GC(32483) ParOldGen: 558359K(558592K)->558407K(558592K)
[14814.992s][info][gc,metaspace   ] GC(32483) Metaspace: 62366K(62592K)->62366K(62592K) NonClass: 53329K(53504K)->53329K(53504K) Class: 9037K(9088K)->9037K(9088K)
[14814.992s][info][gc             ] GC(32483) Pause Young (Allocation Failure) 627M->545M(628M) 2.900ms
[14814.992s][info][gc,cpu         ] GC(32483) User=0.01s Sys=0.00s Real=0.00s
[14815.475s][info][gc,start       ] GC(32484) Pause Young (Allocation Failure)
[14815.478s][info][gc,heap        ] GC(32484) PSYoungGen: 83584K(84992K)->1376K(84992K) Eden: 82944K(82944K)->0K(82944K) From: 640K(2048K)->1376K(2048K)
[14815.478s][info][gc,heap        ] GC(32484) ParOldGen: 558407K(558592K)->559479K(560128K)
[14815.478s][info][gc,metaspace   ] GC(32484) Metaspace: 62366K(62592K)->62366K(62592K) NonClass: 53329K(53504K)->53329K(53504K) Class: 9037K(9088K)->9037K(9088K)
[14815.478s][info][gc             ] GC(32484) Pause Young (Allocation Failure) 626M->547M(630M) 3.387ms
[14815.478s][info][gc,cpu         ] GC(32484) User=0.00s Sys=0.00s Real=0.00s
[14816.031s][info][gc,start       ] GC(32485) Pause Young (Allocation Failure)
[14816.034s][info][gc,heap        ] GC(32485) PSYoungGen: 84320K(84992K)->1152K(84992K) Eden: 82944K(82944K)->0K(82944K) From: 1376K(2048K)->1152K(2048K)
[14816.035s][info][gc,heap        ] GC(32485) ParOldGen: 559479K(560128K)->560559K(561664K)
[14816.035s][info][gc,metaspace   ] GC(32485) Metaspace: 62366K(62592K)->62366K(62592K) NonClass: 53329K(53504K)->53329K(53504K) Class: 9037K(9088K)->9037K(9088K)
[14816.035s][info][gc             ] GC(32485) Pause Young (Allocation Failure) 628M->548M(631M) 3.926ms
[14816.035s][info][gc,cpu         ] GC(32485) User=0.00s Sys=0.01s Real=0.01s
[14816.481s][info][gc,start       ] GC(32486) Pause Young (Allocation Failure)
[14816.484s][info][gc,heap        ] GC(32486) PSYoungGen: 84096K(84992K)->544K(84992K) Eden: 82944K(82944K)->0K(82944K) From: 1152K(2048K)->544K(2048K)
[14816.484s][info][gc,heap        ] GC(32486) ParOldGen: 560559K(561664K)->560663K(561664K)
[14816.484s][info][gc,metaspace   ] GC(32486) Metaspace: 62366K(62592K)->62366K(62592K) NonClass: 53329K(53504K)->53329K(53504K) Class: 9037K(9088K)->9037K(9088K)
[14816.484s][info][gc             ] GC(32486) Pause Young (Allocation Failure) 629M->548M(631M) 2.852ms
[14816.484s][info][gc,cpu         ] GC(32486) User=0.01s Sys=0.01s Real=0.00s
[14816.989s][info][gc,start       ] GC(32487) Pause Young (Allocation Failure)
[14816.992s][info][gc,heap        ] GC(32487) PSYoungGen: 83488K(84992K)->544K(84992K) Eden: 82944K(82944K)->0K(82944K) From: 544K(2048K)->544K(2048K)
[14816.992s][info][gc,heap        ] GC(32487) ParOldGen: 560663K(561664K)->560719K(561664K)
[14816.992s][info][gc,metaspace   ] GC(32487) Metaspace: 62366K(62592K)->62366K(62592K) NonClass: 53329K(53504K)->53329K(53504K) Class: 9037K(9088K)->9037K(9088K)
[14816.992s][info][gc             ] GC(32487) Pause Young (Allocation Failure) 629M->548M(631M) 2.788ms
[14816.992s][info][gc,cpu         ] GC(32487) User=0.01s Sys=0.00s Real=0.00s
[14817.493s][info][gc,start       ] GC(32488) Pause Young (Allocation Failure)
[14817.496s][info][gc,heap        ] GC(32488) PSYoungGen: 83488K(84992K)->640K(84992K) Eden: 82944K(82944K)->0K(82944K) From: 544K(2048K)->640K(2048K)
[14817.496s][info][gc,heap        ] GC(32488) ParOldGen: 560719K(561664K)->560767K(561664K)
[14817.496s][info][gc,metaspace   ] GC(32488) Metaspace: 62366K(62592K)->62366K(62592K) NonClass: 53329K(53504K)->53329K(53504K) Class: 9037K(9088K)->9037K(9088K)
[14817.496s][info][gc             ] GC(32488) Pause Young (Allocation Failure) 629M->548M(631M) 3.126ms
[14817.496s][info][gc,cpu         ] GC(32488) User=0.00s Sys=0.00s Real=0.01s
[14817.996s][info][gc,start       ] GC(32489) Pause Young (Allocation Failure)
[14818.000s][info][gc,heap        ] GC(32489) PSYoungGen: 83584K(84992K)->672K(84992K) Eden: 82944K(82944K)->0K(82944K) From: 640K(2048K)->672K(2048K)
[14818.000s][info][gc,heap        ] GC(32489) ParOldGen: 560767K(561664K)->560815K(561664K)
[14818.000s][info][gc,metaspace   ] GC(32489) Metaspace: 62366K(62592K)->62366K(62592K) NonClass: 53329K(53504K)->53329K(53504K) Class: 9037K(9088K)->9037K(9088K)
[14818.000s][info][gc             ] GC(32489) Pause Young (Allocation Failure) 629M->548M(631M) 3.250ms
[14818.000s][info][gc,cpu         ] GC(32489) User=0.00s Sys=0.00s Real=0.00s
[14818.498s][info][gc,start       ] GC(32490) Pause Young (Allocation Failure)
[14818.501s][info][gc,heap        ] GC(32490) PSYoungGen: 83616K(84992K)->672K(84992K) Eden: 82944K(82944K)->0K(82944K) From: 672K(2048K)->672K(2048K)
[14818.501s][info][gc,heap        ] GC(32490) ParOldGen: 560815K(561664K)->560863K(561664K)
[14818.501s][info][gc,metaspace   ] GC(32490) Metaspace: 62366K(62592K)->62366K(62592K) NonClass: 53329K(53504K)->53329K(53504K) Class: 9037K(9088K)->9037K(9088K)
[14818.501s][info][gc             ] GC(32490) Pause Young (Allocation Failure) 629M->548M(631M) 2.945ms
[14818.501s][info][gc,cpu         ] GC(32490) User=0.01s Sys=0.00s Real=0.00s
[14819.008s][info][gc,start       ] GC(32491) Pause Young (Allocation Failure)
[14819.011s][info][gc,heap        ] GC(32491) PSYoungGen: 83616K(84992K)->768K(84992K) Eden: 82944K(82944K)->0K(82944K) From: 672K(2048K)->768K(2048K)
[14819.011s][info][gc,heap        ] GC(32491) ParOldGen: 560863K(561664K)->560911K(561664K)
[14819.011s][info][gc,metaspace   ] GC(32491) Metaspace: 62366K(62592K)->62366K(62592K) NonClass: 53329K(53504K)->53329K(53504K) Class: 9037K(9088K)->9037K(9088K)
[14819.011s][info][gc             ] GC(32491) Pause Young (Allocation Failure) 629M->548M(631M) 3.155ms
[14819.011s][info][gc,cpu         ] GC(32491) User=0.01s Sys=0.00s Real=0.00s
[14819.529s][info][gc,start       ] GC(32492) Pause Young (Allocation Failure)
[14819.532s][info][gc,heap        ] GC(32492) PSYoungGen: 83712K(84992K)->1152K(84992K) Eden: 82944K(82944K)->0K(82944K) From: 768K(2048K)->1152K(2048K)
[14819.532s][info][gc,heap        ] GC(32492) ParOldGen: 560911K(561664K)->560959K(561664K)
[14819.533s][info][gc,metaspace   ] GC(32492) Metaspace: 62366K(62592K)->62366K(62592K) NonClass: 53329K(53504K)->53329K(53504K) Class: 9037K(9088K)->9037K(9088K)
[14819.533s][info][gc             ] GC(32492) Pause Young (Allocation Failure) 629M->548M(631M) 3.620ms
[14819.533s][info][gc,cpu         ] GC(32492) User=0.01s Sys=0.00s Real=0.00s
[14819.962s][info][gc,start       ] GC(32493) Pause Young (Allocation Failure)
[14819.964s][info][gc,heap        ] GC(32493) PSYoungGen: 84096K(84992K)->224K(84992K) Eden: 82944K(82944K)->0K(82944K) From: 1152K(2048K)->224K(2048K)
[14819.964s][info][gc,heap        ] GC(32493) ParOldGen: 560959K(561664K)->561007K(561664K)
[14819.964s][info][gc,metaspace   ] GC(32493) Metaspace: 62366K(62592K)->62366K(62592K) NonClass: 53329K(53504K)->53329K(53504K) Class: 9037K(9088K)->9037K(9088K)
[14819.964s][info][gc             ] GC(32493) Pause Young (Allocation Failure) 629M->548M(631M) 2.548ms
[14819.964s][info][gc,cpu         ] GC(32493) User=0.00s Sys=0.00s Real=0.01s
[14820.390s][info][gc,start       ] GC(32494) Pause Young (Allocation Failure)
[14820.393s][info][gc,heap        ] GC(32494) PSYoungGen: 83168K(84992K)->608K(84992K) Eden: 82944K(82944K)->0K(82944K) From: 224K(2048K)->608K(2048K)
[14820.393s][info][gc,heap        ] GC(32494) ParOldGen: 561007K(561664K)->561055K(561664K)
[14820.393s][info][gc,metaspace   ] GC(32494) Metaspace: 62366K(62592K)->62366K(62592K) NonClass: 53329K(53504K)->53329K(53504K) Class: 9037K(9088K)->9037K(9088K)
[14820.393s][info][gc             ] GC(32494) Pause Young (Allocation Failure) 629M->548M(631M) 2.863ms
[14820.393s][info][gc,cpu         ] GC(32494) User=0.00s Sys=0.00s Real=0.00s
[14820.841s][info][gc,start       ] GC(32495) Pause Young (Allocation Failure)
[14820.845s][info][gc,heap        ] GC(32495) PSYoungGen: 83552K(84992K)->1280K(84992K) Eden: 82944K(82944K)->0K(82944K) From: 608K(2048K)->1280K(2048K)
[14820.845s][info][gc,heap        ] GC(32495) ParOldGen: 561055K(561664K)->561103K(561664K)
[14820.845s][info][gc,metaspace   ] GC(32495) Metaspace: 62366K(62592K)->62366K(62592K) NonClass: 53329K(53504K)->53329K(53504K) Class: 9037K(9088K)->9037K(9088K)
[14820.845s][info][gc             ] GC(32495) Pause Young (Allocation Failure) 629M->549M(631M) 3.690ms
[14820.845s][info][gc,cpu         ] GC(32495) User=0.01s Sys=0.00s Real=0.01s
[14821.335s][info][gc,start       ] GC(32496) Pause Young (Allocation Failure)
[14821.338s][info][gc,heap        ] GC(32496) PSYoungGen: 84224K(84992K)->1120K(84992K) Eden: 82944K(82944K)->0K(82944K) From: 1280K(2048K)->1120K(2048K)
[14821.338s][info][gc,heap        ] GC(32496) ParOldGen: 561103K(561664K)->561151K(561664K)
[14821.338s][info][gc,metaspace   ] GC(32496) Metaspace: 62366K(62592K)->62366K(62592K) NonClass: 53329K(53504K)->53329K(53504K) Class: 9037K(9088K)->9037K(9088K)
[14821.338s][info][gc             ] GC(32496) Pause Young (Allocation Failure) 630M->549M(631M) 3.579ms
[14821.338s][info][gc,cpu         ] GC(32496) User=0.01s Sys=0.00s Real=0.00s
[14821.794s][info][gc,start       ] GC(32497) Pause Young (Allocation Failure)
[14821.797s][info][gc,heap        ] GC(32497) PSYoungGen: 84064K(84992K)->640K(84992K) Eden: 82944K(82944K)->0K(82944K) From: 1120K(2048K)->640K(2048K)
[14821.797s][info][gc,heap        ] GC(32497) ParOldGen: 561151K(561664K)->561199K(561664K)
[14821.797s][info][gc,metaspace   ] GC(32497) Metaspace: 62366K(62592K)->62366K(62592K) NonClass: 53329K(53504K)->53329K(53504K) Class: 9037K(9088K)->9037K(9088K)
[14821.797s][info][gc             ] GC(32497) Pause Young (Allocation Failure) 630M->548M(631M) 2.878ms
[14821.797s][info][gc,cpu         ] GC(32497) User=0.00s Sys=0.00s Real=0.00s
[14822.245s][info][gc,start       ] GC(32498) Pause Young (Allocation Failure)
[14822.249s][info][gc,heap        ] GC(32498) PSYoungGen: 83584K(84992K)->1440K(84992K) Eden: 82944K(82944K)->0K(82944K) From: 640K(2048K)->1440K(2048K)
[14822.249s][info][gc,heap        ] GC(32498) ParOldGen: 561199K(561664K)->561247K(561664K)
[14822.249s][info][gc,metaspace   ] GC(32498) Metaspace: 62366K(62592K)->62366K(62592K) NonClass: 53329K(53504K)->53329K(53504K) Class: 9037K(9088K)->9037K(9088K)
[14822.249s][info][gc             ] GC(32498) Pause Young (Allocation Failure) 629M->549M(631M) 4.234ms
[14822.249s][info][gc,cpu         ] GC(32498) User=0.00s Sys=0.00s Real=0.00s
[14822.695s][info][gc,start       ] GC(32499) Pause Young (Allocation Failure)
[14822.698s][info][gc,heap        ] GC(32499) PSYoungGen: 84384K(84992K)->704K(84992K) Eden: 82944K(82944K)->0K(82944K) From: 1440K(2048K)->704K(2048K)
[14822.698s][info][gc,heap        ] GC(32499) ParOldGen: 561247K(561664K)->561295K(561664K)
[14822.698s][info][gc,metaspace   ] GC(32499) Metaspace: 62366K(62592K)->62366K(62592K) NonClass: 53329K(53504K)->53329K(53504K) Class: 9037K(9088K)->9037K(9088K)
[14822.699s][info][gc             ] GC(32499) Pause Young (Allocation Failure) 630M->548M(631M) 3.119ms
[14822.699s][info][gc,cpu         ] GC(32499) User=0.00s Sys=0.00s Real=0.00s
[14823.143s][info][gc,start       ] GC(32500) Pause Young (Allocation Failure)
[14823.146s][info][gc,heap        ] GC(32500) PSYoungGen: 83648K(84992K)->1408K(84992K) Eden: 82944K(82944K)->0K(82944K) From: 704K(2048K)->1408K(2048K)
[14823.146s][info][gc,heap        ] GC(32500) ParOldGen: 561295K(561664K)->561343K(561664K)
[14823.146s][info][gc,metaspace   ] GC(32500) Metaspace: 62366K(62592K)->62366K(62592K) NonClass: 53329K(53504K)->53329K(53504K) Class: 9037K(9088K)->9037K(9088K)
[14823.146s][info][gc             ] GC(32500) Pause Young (Allocation Failure) 629M->549M(631M) 3.794ms
[14823.146s][info][gc,cpu         ] GC(32500) User=0.00s Sys=0.00s Real=0.01s
[14823.567s][info][gc,start       ] GC(32501) Pause Young (Allocation Failure)
[14823.569s][info][gc,heap        ] GC(32501) PSYoungGen: 84352K(84992K)->256K(84992K) Eden: 82944K(82944K)->0K(82944K) From: 1408K(2048K)->256K(2048K)
[14823.569s][info][gc,heap        ] GC(32501) ParOldGen: 561343K(561664K)->561391K(561664K)
[14823.569s][info][gc,metaspace   ] GC(32501) Metaspace: 62366K(62592K)->62366K(62592K) NonClass: 53329K(53504K)->53329K(53504K) Class: 9037K(9088K)->9037K(9088K)
[14823.569s][info][gc             ] GC(32501) Pause Young (Allocation Failure) 630M->548M(631M) 2.505ms
[14823.569s][info][gc,cpu         ] GC(32501) User=0.01s Sys=0.00s Real=0.00s
[14824.097s][info][gc,start       ] GC(32502) Pause Young (Allocation Failure)
[14824.100s][info][gc,heap        ] GC(32502) PSYoungGen: 83200K(84992K)->736K(84992K) Eden: 82944K(82944K)->0K(82944K) From: 256K(2048K)->736K(2048K)
[14824.100s][info][gc,heap        ] GC(32502) ParOldGen: 561391K(561664K)->561439K(561664K)
[14824.100s][info][gc,metaspace   ] GC(32502) Metaspace: 62366K(62592K)->62366K(62592K) NonClass: 53329K(53504K)->53329K(53504K) Class: 9037K(9088K)->9037K(9088K)
[14824.100s][info][gc             ] GC(32502) Pause Young (Allocation Failure) 629M->548M(631M) 2.939ms
[14824.100s][info][gc,cpu         ] GC(32502) User=0.01s Sys=0.00s Real=0.00s
[14824.596s][info][gc,start       ] GC(32503) Pause Young (Allocation Failure)
[14824.599s][info][gc,heap        ] GC(32503) PSYoungGen: 83680K(84992K)->640K(84992K) Eden: 82944K(82944K)->0K(82944K) From: 736K(2048K)->640K(2048K)
[14824.599s][info][gc,heap        ] GC(32503) ParOldGen: 561439K(561664K)->561535K(561664K)
[14824.599s][info][gc,metaspace   ] GC(32503) Metaspace: 62366K(62592K)->62366K(62592K) NonClass: 53329K(53504K)->53329K(53504K) Class: 9037K(9088K)->9037K(9088K)
[14824.599s][info][gc             ] GC(32503) Pause Young (Allocation Failure) 629M->548M(631M) 2.884ms
[14824.599s][info][gc,cpu         ] GC(32503) User=0.00s Sys=0.00s Real=0.00s
[14825.094s][info][gc,start       ] GC(32504) Pause Young (Allocation Failure)
[14825.096s][info][gc,heap        ] GC(32504) PSYoungGen: 83584K(84992K)->608K(84992K) Eden: 82944K(82944K)->0K(82944K) From: 640K(2048K)->608K(2048K)
[14825.096s][info][gc,heap        ] GC(32504) ParOldGen: 561535K(561664K)->561591K(561664K)
[14825.096s][info][gc,metaspace   ] GC(32504) Metaspace: 62366K(62592K)->62366K(62592K) NonClass: 53329K(53504K)->53329K(53504K) Class: 9037K(9088K)->9037K(9088K)
[14825.096s][info][gc             ] GC(32504) Pause Young (Allocation Failure) 629M->549M(631M) 2.849ms
[14825.096s][info][gc,cpu         ] GC(32504) User=0.00s Sys=0.00s Real=0.01s
[14825.578s][info][gc,start       ] GC(32505) Pause Young (Allocation Failure)
[14825.581s][info][gc,heap        ] GC(32505) PSYoungGen: 83552K(84992K)->1440K(84992K) Eden: 82944K(82944K)->0K(82944K) From: 608K(2048K)->1440K(2048K)
[14825.581s][info][gc,heap        ] GC(32505) ParOldGen: 561591K(561664K)->561639K(561664K)
[14825.581s][info][gc,metaspace   ] GC(32505) Metaspace: 62366K(62592K)->62366K(62592K) NonClass: 53329K(53504K)->53329K(53504K) Class: 9037K(9088K)->9037K(9088K)
[14825.581s][info][gc             ] GC(32505) Pause Young (Allocation Failure) 630M->549M(631M) 2.776ms
[14825.581s][info][gc,cpu         ] GC(32505) User=0.00s Sys=0.00s Real=0.00s
[14826.055s][info][gc,start       ] GC(32506) Pause Young (Allocation Failure)
[14826.060s][info][gc,heap        ] GC(32506) PSYoungGen: 84384K(84992K)->1472K(84992K) Eden: 82944K(82944K)->0K(82944K) From: 1440K(2048K)->1472K(2048K)
[14826.060s][info][gc,heap        ] GC(32506) ParOldGen: 561639K(561664K)->562719K(563200K)
[14826.060s][info][gc,metaspace   ] GC(32506) Metaspace: 62366K(62592K)->62366K(62592K) NonClass: 53329K(53504K)->53329K(53504K) Class: 9037K(9088K)->9037K(9088K)
[14826.060s][info][gc             ] GC(32506) Pause Young (Allocation Failure) 630M->550M(633M) 4.412ms
[14826.060s][info][gc,cpu         ] GC(32506) User=0.01s Sys=0.00s Real=0.00s
[14826.541s][info][gc,start       ] GC(32507) Pause Young (Allocation Failure)
[14826.544s][info][gc,heap        ] GC(32507) PSYoungGen: 84416K(84992K)->1248K(84992K) Eden: 82944K(82944K)->0K(82944K) From: 1472K(2048K)->1248K(2048K)
[14826.544s][info][gc,heap        ] GC(32507) ParOldGen: 562719K(563200K)->562767K(563200K)
[14826.544s][info][gc,metaspace   ] GC(32507) Metaspace: 62366K(62592K)->62366K(62592K) NonClass: 53329K(53504K)->53329K(53504K) Class: 9037K(9088K)->9037K(9088K)
[14826.545s][info][gc             ] GC(32507) Pause Young (Allocation Failure) 631M->550M(633M) 3.622ms
[14826.545s][info][gc,cpu         ] GC(32507) User=0.01s Sys=0.00s Real=0.01s
[14827.032s][info][gc,start       ] GC(32508) Pause Young (Allocation Failure)
[14827.036s][info][gc,heap        ] GC(32508) PSYoungGen: 84192K(84992K)->1152K(84992K) Eden: 82944K(82944K)->0K(82944K) From: 1248K(2048K)->1152K(2048K)
[14827.036s][info][gc,heap        ] GC(32508) ParOldGen: 562767K(563200K)->562815K(563200K)
[14827.036s][info][gc,metaspace   ] GC(32508) Metaspace: 62366K(62592K)->62366K(62592K) NonClass: 53329K(53504K)->53329K(53504K) Class: 9037K(9088K)->9037K(9088K)
[14827.036s][info][gc             ] GC(32508) Pause Young (Allocation Failure) 631M->550M(633M) 3.576ms
[14827.036s][info][gc,cpu         ] GC(32508) User=0.01s Sys=0.00s Real=0.01s
[14827.526s][info][gc,start       ] GC(32509) Pause Young (Allocation Failure)
[14827.530s][info][gc,heap        ] GC(32509) PSYoungGen: 84096K(84992K)->1056K(84992K) Eden: 82944K(82944K)->0K(82944K) From: 1152K(2048K)->1056K(2048K)
[14827.530s][info][gc,heap        ] GC(32509) ParOldGen: 562815K(563200K)->562863K(563200K)
[14827.530s][info][gc,metaspace   ] GC(32509) Metaspace: 62366K(62592K)->62366K(62592K) NonClass: 53329K(53504K)->53329K(53504K) Class: 9037K(9088K)->9037K(9088K)
[14827.530s][info][gc             ] GC(32509) Pause Young (Allocation Failure) 631M->550M(633M) 3.560ms
[14827.530s][info][gc,cpu         ] GC(32509) User=0.01s Sys=0.00s Real=0.00s
[14828.002s][info][gc,start       ] GC(32510) Pause Young (Allocation Failure)
[14828.005s][info][gc,heap        ] GC(32510) PSYoungGen: 84000K(84992K)->832K(84992K) Eden: 82944K(82944K)->0K(82944K) From: 1056K(2048K)->832K(2048K)
[14828.005s][info][gc,heap        ] GC(32510) ParOldGen: 562863K(563200K)->562911K(563200K)
[14828.005s][info][gc,metaspace   ] GC(32510) Metaspace: 62366K(62592K)->62366K(62592K) NonClass: 53329K(53504K)->53329K(53504K) Class: 9037K(9088K)->9037K(9088K)
[14828.005s][info][gc             ] GC(32510) Pause Young (Allocation Failure) 631M->550M(633M) 3.235ms
[14828.005s][info][gc,cpu         ] GC(32510) User=0.00s Sys=0.01s Real=0.01s
[14828.466s][info][gc,start       ] GC(32511) Pause Young (Allocation Failure)
[14828.469s][info][gc,heap        ] GC(32511) PSYoungGen: 83776K(84992K)->256K(84992K) Eden: 82944K(82944K)->0K(82944K) From: 832K(2048K)->256K(2048K)
[14828.469s][info][gc,heap        ] GC(32511) ParOldGen: 562911K(563200K)->562959K(563200K)
[14828.469s][info][gc,metaspace   ] GC(32511) Metaspace: 62366K(62592K)->62366K(62592K) NonClass: 53329K(53504K)->53329K(53504K) Class: 9037K(9088K)->9037K(9088K)
[14828.469s][info][gc             ] GC(32511) Pause Young (Allocation Failure) 631M->550M(633M) 2.528ms
[14828.469s][info][gc,cpu         ] GC(32511) User=0.01s Sys=0.00s Real=0.00s
[14828.912s][info][gc,start       ] GC(32512) Pause Young (Allocation Failure)
[14828.915s][info][gc,heap        ] GC(32512) PSYoungGen: 83200K(84992K)->832K(84992K) Eden: 82944K(82944K)->0K(82944K) From: 256K(2048K)->832K(2048K)
[14828.915s][info][gc,heap        ] GC(32512) ParOldGen: 562959K(563200K)->563007K(563200K)
[14828.915s][info][gc,metaspace   ] GC(32512) Metaspace: 62366K(62592K)->62366K(62592K) NonClass: 53329K(53504K)->53329K(53504K) Class: 9037K(9088K)->9037K(9088K)
[14828.915s][info][gc             ] GC(32512) Pause Young (Allocation Failure) 631M->550M(633M) 3.328ms
[14828.915s][info][gc,cpu         ] GC(32512) User=0.01s Sys=0.00s Real=0.01s
[14829.365s][info][gc,start       ] GC(32513) Pause Young (Allocation Failure)
[14829.367s][info][gc,heap        ] GC(32513) PSYoungGen: 83776K(84992K)->256K(84992K) Eden: 82944K(82944K)->0K(82944K) From: 832K(2048K)->256K(2048K)
[14829.367s][info][gc,heap        ] GC(32513) ParOldGen: 563007K(563200K)->563055K(563200K)
[14829.367s][info][gc,metaspace   ] GC(32513) Metaspace: 62366K(62592K)->62366K(62592K) NonClass: 53329K(53504K)->53329K(53504K) Class: 9037K(9088K)->9037K(9088K)
[14829.367s][info][gc             ] GC(32513) Pause Young (Allocation Failure) 631M->550M(633M) 2.483ms
[14829.367s][info][gc,cpu         ] GC(32513) User=0.01s Sys=0.00s Real=0.00s
[14829.878s][info][gc,start       ] GC(32514) Pause Young (Allocation Failure)
[14829.881s][info][gc,heap        ] GC(32514) PSYoungGen: 83200K(84992K)->416K(84992K) Eden: 82944K(82944K)->0K(82944K) From: 256K(2048K)->416K(2048K)
[14829.881s][info][gc,heap        ] GC(32514) ParOldGen: 563055K(563200K)->563103K(563200K)
[14829.881s][info][gc,metaspace   ] GC(32514) Metaspace: 62366K(62592K)->62366K(62592K) NonClass: 53329K(53504K)->53329K(53504K) Class: 9037K(9088K)->9037K(9088K)
[14829.881s][info][gc             ] GC(32514) Pause Young (Allocation Failure) 631M->550M(633M) 2.699ms
[14829.881s][info][gc,cpu         ] GC(32514) User=0.00s Sys=0.00s Real=0.00s
[14830.333s][info][gc,start       ] GC(32515) Pause Young (Allocation Failure)
[14830.336s][info][gc,heap        ] GC(32515) PSYoungGen: 83360K(84992K)->2016K(84992K) Eden: 82944K(82944K)->0K(82944K) From: 416K(2048K)->2016K(2048K)
[14830.337s][info][gc,heap        ] GC(32515) ParOldGen: 563103K(563200K)->563367K(563712K)
[14830.337s][info][gc,metaspace   ] GC(32515) Metaspace: 62366K(62592K)->62366K(62592K) NonClass: 53329K(53504K)->53329K(53504K) Class: 9037K(9088K)->9037K(9088K)
[14830.337s][info][gc             ] GC(32515) Pause Young (Allocation Failure) 631M->552M(633M) 4.014ms
[14830.337s][info][gc,cpu         ] GC(32515) User=0.01s Sys=0.00s Real=0.01s
[14830.788s][info][gc,start       ] GC(32516) Pause Young (Allocation Failure)
[14830.792s][info][gc,heap        ] GC(32516) PSYoungGen: 84960K(84992K)->576K(83968K) Eden: 82944K(82944K)->0K(81920K) From: 2016K(2048K)->576K(2048K)
[14830.792s][info][gc,heap        ] GC(32516) ParOldGen: 563367K(563712K)->565431K(566784K)
[14830.792s][info][gc,metaspace   ] GC(32516) Metaspace: 62366K(62592K)->62366K(62592K) NonClass: 53329K(53504K)->53329K(53504K) Class: 9037K(9088K)->9037K(9088K)
[14830.792s][info][gc             ] GC(32516) Pause Young (Allocation Failure) 633M->552M(635M) 3.953ms
[14830.792s][info][gc,cpu         ] GC(32516) User=0.00s Sys=0.00s Real=0.00s
[14831.235s][info][gc,start       ] GC(32517) Pause Young (Allocation Failure)
[14831.238s][info][gc,heap        ] GC(32517) PSYoungGen: 82496K(83968K)->1216K(84480K) Eden: 81920K(81920K)->0K(81920K) From: 576K(2048K)->1216K(2560K)
[14831.238s][info][gc,heap        ] GC(32517) ParOldGen: 565431K(566784K)->565479K(566784K)
[14831.238s][info][gc,metaspace   ] GC(32517) Metaspace: 62366K(62592K)->62366K(62592K) NonClass: 53329K(53504K)->53329K(53504K) Class: 9037K(9088K)->9037K(9088K)
[14831.238s][info][gc             ] GC(32517) Pause Young (Allocation Failure) 632M->553M(636M) 3.641ms
[14831.238s][info][gc,cpu         ] GC(32517) User=0.01s Sys=0.00s Real=0.00s
[14831.736s][info][gc,start       ] GC(32518) Pause Young (Allocation Failure)
[14831.739s][info][gc,heap        ] GC(32518) PSYoungGen: 83136K(84480K)->1056K(84480K) Eden: 81920K(81920K)->0K(81920K) From: 1216K(2560K)->1056K(2560K)
[14831.739s][info][gc,heap        ] GC(32518) ParOldGen: 565479K(566784K)->565527K(566784K)
[14831.739s][info][gc,metaspace   ] GC(32518) Metaspace: 62366K(62592K)->62366K(62592K) NonClass: 53329K(53504K)->53329K(53504K) Class: 9037K(9088K)->9037K(9088K)
[14831.739s][info][gc             ] GC(32518) Pause Young (Allocation Failure) 633M->553M(636M) 3.570ms
[14831.739s][info][gc,cpu         ] GC(32518) User=0.01s Sys=0.00s Real=0.00s
[14832.249s][info][gc,start       ] GC(32519) Pause Young (Allocation Failure)
[14832.253s][info][gc,heap        ] GC(32519) PSYoungGen: 82976K(84480K)->1280K(84480K) Eden: 81920K(81920K)->0K(81920K) From: 1056K(2560K)->1280K(2560K)
[14832.253s][info][gc,heap        ] GC(32519) ParOldGen: 565527K(566784K)->565623K(566784K)
[14832.253s][info][gc,metaspace   ] GC(32519) Metaspace: 62366K(62592K)->62366K(62592K) NonClass: 53329K(53504K)->53329K(53504K) Class: 9037K(9088K)->9037K(9088K)
[14832.253s][info][gc             ] GC(32519) Pause Young (Allocation Failure) 633M->553M(636M) 3.888ms
[14832.253s][info][gc,cpu         ] GC(32519) User=0.01s Sys=0.00s Real=0.00s
[14832.745s][info][gc,start       ] GC(32520) Pause Young (Allocation Failure)
[14832.749s][info][gc,heap        ] GC(32520) PSYoungGen: 83200K(84480K)->1312K(84480K) Eden: 81920K(81920K)->0K(81920K) From: 1280K(2560K)->1312K(2560K)
[14832.749s][info][gc,heap        ] GC(32520) ParOldGen: 565623K(566784K)->565679K(566784K)
[14832.749s][info][gc,metaspace   ] GC(32520) Metaspace: 62366K(62592K)->62366K(62592K) NonClass: 53329K(53504K)->53329K(53504K) Class: 9037K(9088K)->9037K(9088K)
[14832.749s][info][gc             ] GC(32520) Pause Young (Allocation Failure) 633M->553M(636M) 3.751ms
[14832.749s][info][gc,cpu         ] GC(32520) User=0.00s Sys=0.00s Real=0.00s
[14833.251s][info][gc,start       ] GC(32521) Pause Young (Allocation Failure)
[14833.255s][info][gc,heap        ] GC(32521) PSYoungGen: 83232K(84480K)->1312K(84480K) Eden: 81920K(81920K)->0K(81920K) From: 1312K(2560K)->1312K(2560K)
[14833.255s][info][gc,heap        ] GC(32521) ParOldGen: 565679K(566784K)->565727K(566784K)
[14833.255s][info][gc,metaspace   ] GC(32521) Metaspace: 62366K(62592K)->62366K(62592K) NonClass: 53329K(53504K)->53329K(53504K) Class: 9037K(9088K)->9037K(9088K)
[14833.255s][info][gc             ] GC(32521) Pause Young (Allocation Failure) 633M->553M(636M) 3.783ms
[14833.255s][info][gc,cpu         ] GC(32521) User=0.00s Sys=0.00s Real=0.01s
[14833.742s][info][gc,start       ] GC(32522) Pause Young (Allocation Failure)
[14833.746s][info][gc,heap        ] GC(32522) PSYoungGen: 83232K(84480K)->1248K(84480K) Eden: 81920K(81920K)->0K(81920K) From: 1312K(2560K)->1248K(2560K)
[14833.746s][info][gc,heap        ] GC(32522) ParOldGen: 565727K(566784K)->565783K(566784K)
[14833.746s][info][gc,metaspace   ] GC(32522) Metaspace: 62366K(62592K)->62366K(62592K) NonClass: 53329K(53504K)->53329K(53504K) Class: 9037K(9088K)->9037K(9088K)
[14833.746s][info][gc             ] GC(32522) Pause Young (Allocation Failure) 633M->553M(636M) 3.710ms
[14833.746s][info][gc,cpu         ] GC(32522) User=0.01s Sys=0.00s Real=0.01s
[14834.233s][info][gc,start       ] GC(32523) Pause Young (Allocation Failure)
[14834.237s][info][gc,heap        ] GC(32523) PSYoungGen: 83168K(84480K)->1120K(84480K) Eden: 81920K(81920K)->0K(81920K) From: 1248K(2560K)->1120K(2560K)
[14834.237s][info][gc,heap        ] GC(32523) ParOldGen: 565783K(566784K)->565831K(566784K)
[14834.237s][info][gc,metaspace   ] GC(32523) Metaspace: 62366K(62592K)->62366K(62592K) NonClass: 53329K(53504K)->53329K(53504K) Class: 9037K(9088K)->9037K(9088K)
[14834.237s][info][gc             ] GC(32523) Pause Young (Allocation Failure) 633M->553M(636M) 3.582ms
[14834.237s][info][gc,cpu         ] GC(32523) User=0.00s Sys=0.00s Real=0.01s
[14834.723s][info][gc,start       ] GC(32524) Pause Young (Allocation Failure)
[14834.726s][info][gc,heap        ] GC(32524) PSYoungGen: 83040K(84480K)->1088K(84992K) Eden: 81920K(81920K)->0K(82944K) From: 1120K(2560K)->1088K(2048K)
[14834.726s][info][gc,heap        ] GC(32524) ParOldGen: 565831K(566784K)->565879K(566784K)
[14834.726s][info][gc,metaspace   ] GC(32524) Metaspace: 62366K(62592K)->62366K(62592K) NonClass: 53329K(53504K)->53329K(53504K) Class: 9037K(9088K)->9037K(9088K)
[14834.726s][info][gc             ] GC(32524) Pause Young (Allocation Failure) 633M->553M(636M) 3.567ms
[14834.726s][info][gc,cpu         ] GC(32524) User=0.00s Sys=0.00s Real=0.01s
[14835.175s][info][gc,start       ] GC(32525) Pause Young (Allocation Failure)
[14835.178s][info][gc,heap        ] GC(32525) PSYoungGen: 84032K(84992K)->416K(84992K) Eden: 82944K(82944K)->0K(82944K) From: 1088K(2048K)->416K(2048K)
[14835.178s][info][gc,heap        ] GC(32525) ParOldGen: 565879K(566784K)->565927K(566784K)
[14835.178s][info][gc,metaspace   ] GC(32525) Metaspace: 62366K(62592K)->62366K(62592K) NonClass: 53329K(53504K)->53329K(53504K) Class: 9037K(9088K)->9037K(9088K)
[14835.178s][info][gc             ] GC(32525) Pause Young (Allocation Failure) 634M->553M(636M) 2.745ms
[14835.178s][info][gc,cpu         ] GC(32525) User=0.01s Sys=0.00s Real=0.00s
[14835.707s][info][gc,start       ] GC(32526) Pause Young (Allocation Failure)
[14835.710s][info][gc,heap        ] GC(32526) PSYoungGen: 83360K(84992K)->1824K(83968K) Eden: 82944K(82944K)->0K(81920K) From: 416K(2048K)->1824K(2048K)
[14835.710s][info][gc,heap        ] GC(32526) ParOldGen: 565927K(566784K)->565975K(566784K)
[14835.710s][info][gc,metaspace   ] GC(32526) Metaspace: 62366K(62592K)->62366K(62592K) NonClass: 53329K(53504K)->53329K(53504K) Class: 9037K(9088K)->9037K(9088K)
[14835.710s][info][gc             ] GC(32526) Pause Young (Allocation Failure) 634M->554M(635M) 3.296ms
[14835.710s][info][gc,cpu         ] GC(32526) User=0.00s Sys=0.00s Real=0.00s
[14836.152s][info][gc,start       ] GC(32527) Pause Young (Allocation Failure)
[14836.157s][info][gc,heap        ] GC(32527) PSYoungGen: 83744K(83968K)->1600K(84480K) Eden: 81920K(81920K)->0K(81920K) From: 1824K(2048K)->1600K(2560K)
[14836.157s][info][gc,heap        ] GC(32527) ParOldGen: 565975K(566784K)->567055K(568320K)
[14836.157s][info][gc,metaspace   ] GC(32527) Metaspace: 62366K(62592K)->62366K(62592K) NonClass: 53329K(53504K)->53329K(53504K) Class: 9037K(9088K)->9037K(9088K)
[14836.157s][info][gc             ] GC(32527) Pause Young (Allocation Failure) 634M->555M(637M) 4.649ms
[14836.157s][info][gc,cpu         ] GC(32527) User=0.00s Sys=0.01s Real=0.01s
[14836.621s][info][gc,start       ] GC(32528) Pause Young (Allocation Failure)
[14836.625s][info][gc,heap        ] GC(32528) PSYoungGen: 83520K(84480K)->1056K(84480K) Eden: 81920K(81920K)->0K(81920K) From: 1600K(2560K)->1056K(2560K)
[14836.625s][info][gc,heap        ] GC(32528) ParOldGen: 567055K(568320K)->567111K(568320K)
[14836.625s][info][gc,metaspace   ] GC(32528) Metaspace: 62366K(62592K)->62366K(62592K) NonClass: 53329K(53504K)->53329K(53504K) Class: 9037K(9088K)->9037K(9088K)
[14836.625s][info][gc             ] GC(32528) Pause Young (Allocation Failure) 635M->554M(637M) 3.486ms
[14836.625s][info][gc,cpu         ] GC(32528) User=0.00s Sys=0.00s Real=0.01s
[14837.109s][info][gc,start       ] GC(32529) Pause Young (Allocation Failure)
[14837.112s][info][gc,heap        ] GC(32529) PSYoungGen: 82976K(84480K)->832K(84480K) Eden: 81920K(81920K)->0K(81920K) From: 1056K(2560K)->832K(2560K)
[14837.112s][info][gc,heap        ] GC(32529) ParOldGen: 567111K(568320K)->567159K(568320K)
[14837.112s][info][gc,metaspace   ] GC(32529) Metaspace: 62366K(62592K)->62366K(62592K) NonClass: 53329K(53504K)->53329K(53504K) Class: 9037K(9088K)->9037K(9088K)
[14837.112s][info][gc             ] GC(32529) Pause Young (Allocation Failure) 634M->554M(637M) 3.283ms
[14837.112s][info][gc,cpu         ] GC(32529) User=0.00s Sys=0.00s Real=0.00s
[14837.608s][info][gc,start       ] GC(32530) Pause Young (Allocation Failure)
[14837.612s][info][gc,heap        ] GC(32530) PSYoungGen: 82752K(84480K)->640K(84480K) Eden: 81920K(81920K)->0K(81920K) From: 832K(2560K)->640K(2560K)
[14837.612s][info][gc,heap        ] GC(32530) ParOldGen: 567159K(568320K)->567207K(568320K)
[14837.612s][info][gc,metaspace   ] GC(32530) Metaspace: 62366K(62592K)->62366K(62592K) NonClass: 53329K(53504K)->53329K(53504K) Class: 9037K(9088K)->9037K(9088K)
[14837.612s][info][gc             ] GC(32530) Pause Young (Allocation Failure) 634M->554M(637M) 3.992ms
[14837.612s][info][gc,cpu         ] GC(32530) User=0.01s Sys=0.00s Real=0.00s
[14838.064s][info][gc,start       ] GC(32531) Pause Young (Allocation Failure)
[14838.066s][info][gc,heap        ] GC(32531) PSYoungGen: 82560K(84480K)->224K(84480K) Eden: 81920K(81920K)->0K(81920K) From: 640K(2560K)->224K(2560K)
[14838.066s][info][gc,heap        ] GC(32531) ParOldGen: 567207K(568320K)->567255K(568320K)
[14838.066s][info][gc,metaspace   ] GC(32531) Metaspace: 62366K(62592K)->62366K(62592K) NonClass: 53329K(53504K)->53329K(53504K) Class: 9037K(9088K)->9037K(9088K)
[14838.066s][info][gc             ] GC(32531) Pause Young (Allocation Failure) 634M->554M(637M) 2.529ms
[14838.066s][info][gc,cpu         ] GC(32531) User=0.00s Sys=0.00s Real=0.01s
[14838.539s][info][gc,start       ] GC(32532) Pause Young (Allocation Failure)
[14838.543s][info][gc,heap        ] GC(32532) PSYoungGen: 82144K(84480K)->1280K(84480K) Eden: 81920K(81920K)->0K(81920K) From: 224K(2560K)->1280K(2560K)
[14838.543s][info][gc,heap        ] GC(32532) ParOldGen: 567255K(568320K)->567303K(568320K)
[14838.543s][info][gc,metaspace   ] GC(32532) Metaspace: 62366K(62592K)->62366K(62592K) NonClass: 53329K(53504K)->53329K(53504K) Class: 9037K(9088K)->9037K(9088K)
[14838.543s][info][gc             ] GC(32532) Pause Young (Allocation Failure) 634M->555M(637M) 3.965ms
[14838.543s][info][gc,cpu         ] GC(32532) User=0.01s Sys=0.00s Real=0.00s
[14838.991s][info][gc,start       ] GC(32533) Pause Young (Allocation Failure)
[14838.994s][info][gc,heap        ] GC(32533) PSYoungGen: 83200K(84480K)->640K(84480K) Eden: 81920K(81920K)->0K(81920K) From: 1280K(2560K)->640K(2560K)
[14838.994s][info][gc,heap        ] GC(32533) ParOldGen: 567303K(568320K)->567359K(568320K)
[14838.994s][info][gc,metaspace   ] GC(32533) Metaspace: 62366K(62592K)->62366K(62592K) NonClass: 53329K(53504K)->53329K(53504K) Class: 9037K(9088K)->9037K(9088K)
[14838.994s][info][gc             ] GC(32533) Pause Young (Allocation Failure) 635M->554M(637M) 2.921ms
[14838.994s][info][gc,cpu         ] GC(32533) User=0.01s Sys=0.00s Real=0.01s
[14839.429s][info][gc,start       ] GC(32534) Pause Young (Allocation Failure)
[14839.432s][info][gc,heap        ] GC(32534) PSYoungGen: 82560K(84480K)->1216K(84992K) Eden: 81920K(81920K)->0K(82432K) From: 640K(2560K)->1216K(2560K)
[14839.432s][info][gc,heap        ] GC(32534) ParOldGen: 567359K(568320K)->567407K(568320K)
[14839.432s][info][gc,metaspace   ] GC(32534) Metaspace: 62366K(62592K)->62366K(62592K) NonClass: 53329K(53504K)->53329K(53504K) Class: 9037K(9088K)->9037K(9088K)
[14839.432s][info][gc             ] GC(32534) Pause Young (Allocation Failure) 634M->555M(638M) 3.675ms
[14839.432s][info][gc,cpu         ] GC(32534) User=0.01s Sys=0.00s Real=0.00s
[14839.921s][info][gc,start       ] GC(32535) Pause Young (Allocation Failure)
[14839.924s][info][gc,heap        ] GC(32535) PSYoungGen: 83648K(84992K)->1168K(84480K) Eden: 82432K(82432K)->0K(82432K) From: 1216K(2560K)->1168K(2048K)
[14839.924s][info][gc,heap        ] GC(32535) ParOldGen: 567407K(568320K)->567455K(568320K)
[14839.924s][info][gc,metaspace   ] GC(32535) Metaspace: 62366K(62592K)->62366K(62592K) NonClass: 53329K(53504K)->53329K(53504K) Class: 9037K(9088K)->9037K(9088K)
[14839.924s][info][gc             ] GC(32535) Pause Young (Allocation Failure) 635M->555M(637M) 3.533ms
[14839.924s][info][gc,cpu         ] GC(32535) User=0.01s Sys=0.00s Real=0.01s
[14840.377s][info][gc,start       ] GC(32536) Pause Young (Allocation Failure)
[14840.380s][info][gc,heap        ] GC(32536) PSYoungGen: 83600K(84480K)->1440K(83968K) Eden: 82432K(82432K)->0K(81920K) From: 1168K(2048K)->1440K(2048K)
[14840.380s][info][gc,heap        ] GC(32536) ParOldGen: 567455K(568320K)->567551K(568320K)
[14840.380s][info][gc,metaspace   ] GC(32536) Metaspace: 62366K(62592K)->62366K(62592K) NonClass: 53329K(53504K)->53329K(53504K) Class: 9037K(9088K)->9037K(9088K)
[14840.380s][info][gc             ] GC(32536) Pause Young (Allocation Failure) 635M->555M(637M) 2.899ms
[14840.380s][info][gc,cpu         ] GC(32536) User=0.00s Sys=0.00s Real=0.00s
[14840.876s][info][gc,start       ] GC(32537) Pause Young (Allocation Failure)
[14840.880s][info][gc,heap        ] GC(32537) PSYoungGen: 83360K(83968K)->384K(84480K) Eden: 81920K(81920K)->0K(81920K) From: 1440K(2048K)->384K(2560K)
[14840.880s][info][gc,heap        ] GC(32537) ParOldGen: 567551K(568320K)->569655K(569856K)
[14840.880s][info][gc,metaspace   ] GC(32537) Metaspace: 62366K(62592K)->62366K(62592K) NonClass: 53329K(53504K)->53329K(53504K) Class: 9037K(9088K)->9037K(9088K)
[14840.880s][info][gc             ] GC(32537) Pause Young (Allocation Failure) 635M->556M(639M) 3.823ms
[14840.880s][info][gc,cpu         ] GC(32537) User=0.00s Sys=0.01s Real=0.00s
[14841.361s][info][gc,start       ] GC(32538) Pause Young (Allocation Failure)
[14841.364s][info][gc,heap        ] GC(32538) PSYoungGen: 82304K(84480K)->1568K(84480K) Eden: 81920K(81920K)->0K(81920K) From: 384K(2560K)->1568K(2560K)
[14841.365s][info][gc,heap        ] GC(32538) ParOldGen: 569655K(569856K)->569703K(569856K)
[14841.365s][info][gc,metaspace   ] GC(32538) Metaspace: 62366K(62592K)->62366K(62592K) NonClass: 53329K(53504K)->53329K(53504K) Class: 9037K(9088K)->9037K(9088K)
[14841.365s][info][gc             ] GC(32538) Pause Young (Allocation Failure) 636M->557M(639M) 3.959ms
[14841.365s][info][gc,cpu         ] GC(32538) User=0.01s Sys=0.00s Real=0.01s
[14841.860s][info][gc,start       ] GC(32539) Pause Young (Allocation Failure)
[14841.864s][info][gc,heap        ] GC(32539) PSYoungGen: 83488K(84480K)->1600K(84480K) Eden: 81920K(81920K)->0K(81920K) From: 1568K(2560K)->1600K(2560K)
[14841.864s][info][gc,heap        ] GC(32539) ParOldGen: 569703K(569856K)->569751K(569856K)
[14841.864s][info][gc,metaspace   ] GC(32539) Metaspace: 62366K(62592K)->62366K(62592K) NonClass: 53329K(53504K)->53329K(53504K) Class: 9037K(9088K)->9037K(9088K)
[14841.864s][info][gc             ] GC(32539) Pause Young (Allocation Failure) 637M->557M(639M) 4.163ms
[14841.864s][info][gc,cpu         ] GC(32539) User=0.01s Sys=0.00s Real=0.01s
[14842.316s][info][gc,start       ] GC(32540) Pause Young (Allocation Failure)
[14842.321s][info][gc,heap        ] GC(32540) PSYoungGen: 83519K(84480K)->928K(84480K) Eden: 81919K(81920K)->0K(81920K) From: 1600K(2560K)->928K(2560K)
[14842.321s][info][gc,heap        ] GC(32540) ParOldGen: 569751K(569856K)->569807K(569856K)
[14842.321s][info][gc,metaspace   ] GC(32540) Metaspace: 62366K(62592K)->62366K(62592K) NonClass: 53329K(53504K)->53329K(53504K) Class: 9037K(9088K)->9037K(9088K)
[14842.321s][info][gc             ] GC(32540) Pause Young (Allocation Failure) 637M->557M(639M) 5.078ms
[14842.321s][info][gc,cpu         ] GC(32540) User=0.01s Sys=0.00s Real=0.00s
[14842.745s][info][gc,start       ] GC(32541) Pause Young (Allocation Failure)
[14842.749s][info][gc,heap        ] GC(32541) PSYoungGen: 82848K(84480K)->1504K(84480K) Eden: 81920K(81920K)->0K(81920K) From: 928K(2560K)->1504K(2560K)
[14842.749s][info][gc,heap        ] GC(32541) ParOldGen: 569807K(569856K)->569863K(570368K)
[14842.749s][info][gc,metaspace   ] GC(32541) Metaspace: 62366K(62592K)->62366K(62592K) NonClass: 53329K(53504K)->53329K(53504K) Class: 9037K(9088K)->9037K(9088K)
[14842.749s][info][gc             ] GC(32541) Pause Young (Allocation Failure) 637M->557M(639M) 3.967ms
[14842.749s][info][gc,cpu         ] GC(32541) User=0.01s Sys=0.00s Real=0.00s
[14843.222s][info][gc,start       ] GC(32542) Pause Young (Allocation Failure)
[14843.225s][info][gc,heap        ] GC(32542) PSYoungGen: 83424K(84480K)->992K(84480K) Eden: 81920K(81920K)->0K(81920K) From: 1504K(2560K)->992K(2560K)
[14843.225s][info][gc,heap        ] GC(32542) ParOldGen: 569863K(570368K)->569919K(570368K)
[14843.225s][info][gc,metaspace   ] GC(32542) Metaspace: 62366K(62592K)->62366K(62592K) NonClass: 53329K(53504K)->53329K(53504K) Class: 9037K(9088K)->9037K(9088K)
[14843.226s][info][gc             ] GC(32542) Pause Young (Allocation Failure) 637M->557M(639M) 3.408ms
[14843.226s][info][gc,cpu         ] GC(32542) User=0.00s Sys=0.00s Real=0.01s
[14843.702s][info][gc,start       ] GC(32543) Pause Young (Allocation Failure)
[14843.706s][info][gc,heap        ] GC(32543) PSYoungGen: 82912K(84480K)->736K(84480K) Eden: 81920K(81920K)->0K(81920K) From: 992K(2560K)->736K(2560K)
[14843.706s][info][gc,heap        ] GC(32543) ParOldGen: 569919K(570368K)->569975K(570368K)
[14843.706s][info][gc,metaspace   ] GC(32543) Metaspace: 62366K(62592K)->62366K(62592K) NonClass: 53329K(53504K)->53329K(53504K) Class: 9037K(9088K)->9037K(9088K)
[14843.706s][info][gc             ] GC(32543) Pause Young (Allocation Failure) 637M->557M(639M) 3.533ms
[14843.706s][info][gc,cpu         ] GC(32543) User=0.01s Sys=0.00s Real=0.01s
[14844.182s][info][gc,start       ] GC(32544) Pause Young (Allocation Failure)
[14844.185s][info][gc,heap        ] GC(32544) PSYoungGen: 82656K(84480K)->512K(84480K) Eden: 81920K(81920K)->0K(81920K) From: 736K(2560K)->512K(2560K)
[14844.185s][info][gc,heap        ] GC(32544) ParOldGen: 569975K(570368K)->570023K(570368K)
[14844.185s][info][gc,metaspace   ] GC(32544) Metaspace: 62366K(62592K)->62366K(62592K) NonClass: 53329K(53504K)->53329K(53504K) Class: 9037K(9088K)->9037K(9088K)
[14844.185s][info][gc             ] GC(32544) Pause Young (Allocation Failure) 637M->557M(639M) 2.757ms
[14844.185s][info][gc,cpu         ] GC(32544) User=0.01s Sys=0.00s Real=0.01s
[14844.608s][info][gc,start       ] GC(32545) Pause Young (Allocation Failure)
[14844.611s][info][gc,heap        ] GC(32545) PSYoungGen: 82432K(84480K)->896K(84480K) Eden: 81920K(81920K)->0K(81920K) From: 512K(2560K)->896K(2560K)
[14844.611s][info][gc,heap        ] GC(32545) ParOldGen: 570023K(570368K)->570079K(570368K)
[14844.611s][info][gc,metaspace   ] GC(32545) Metaspace: 62366K(62592K)->62366K(62592K) NonClass: 53329K(53504K)->53329K(53504K) Class: 9037K(9088K)->9037K(9088K)
[14844.611s][info][gc             ] GC(32545) Pause Young (Allocation Failure) 637M->557M(639M) 3.385ms
[14844.611s][info][gc,cpu         ] GC(32545) User=0.00s Sys=0.00s Real=0.00s
[14845.051s][info][gc,start       ] GC(32546) Pause Young (Allocation Failure)
[14845.055s][info][gc,heap        ] GC(32546) PSYoungGen: 82816K(84480K)->1504K(83968K) Eden: 81920K(81920K)->0K(81920K) From: 896K(2560K)->1504K(2048K)
[14845.055s][info][gc,heap        ] GC(32546) ParOldGen: 570079K(570368K)->570127K(570368K)
[14845.055s][info][gc,metaspace   ] GC(32546) Metaspace: 62366K(62592K)->62366K(62592K) NonClass: 53329K(53504K)->53329K(53504K) Class: 9037K(9088K)->9037K(9088K)
[14845.055s][info][gc             ] GC(32546) Pause Young (Allocation Failure) 637M->558M(639M) 3.964ms
[14845.055s][info][gc,cpu         ] GC(32546) User=0.01s Sys=0.01s Real=0.01s
[14845.500s][info][gc,start       ] GC(32547) Pause Young (Allocation Failure)
[14845.503s][info][gc,heap        ] GC(32547) PSYoungGen: 83424K(83968K)->1792K(84480K) Eden: 81920K(81920K)->0K(81920K) From: 1504K(2048K)->1792K(2560K)
[14845.503s][info][gc,heap        ] GC(32547) ParOldGen: 570127K(570368K)->570175K(570368K)
[14845.503s][info][gc,metaspace   ] GC(32547) Metaspace: 62366K(62592K)->62366K(62592K) NonClass: 53329K(53504K)->53329K(53504K) Class: 9037K(9088K)->9037K(9088K)
[14845.503s][info][gc             ] GC(32547) Pause Young (Allocation Failure) 638M->558M(639M) 3.264ms
[14845.503s][info][gc,cpu         ] GC(32547) User=0.01s Sys=0.00s Real=0.00s
[14845.986s][info][gc,start       ] GC(32548) Pause Young (Allocation Failure)
[14845.990s][info][gc,heap        ] GC(32548) PSYoungGen: 83712K(84480K)->544K(84480K) Eden: 81920K(81920K)->0K(81920K) From: 1792K(2560K)->544K(2560K)
[14845.990s][info][gc,heap        ] GC(32548) ParOldGen: 570175K(570368K)->572271K(573440K)
[14845.990s][info][gc,metaspace   ] GC(32548) Metaspace: 62366K(62592K)->62366K(62592K) NonClass: 53329K(53504K)->53329K(53504K) Class: 9037K(9088K)->9037K(9088K)
[14845.990s][info][gc             ] GC(32548) Pause Young (Allocation Failure) 638M->559M(642M) 3.985ms
[14845.990s][info][gc,cpu         ] GC(32548) User=0.01s Sys=0.00s Real=0.00s
[14846.450s][info][gc,start       ] GC(32549) Pause Young (Allocation Failure)
[14846.453s][info][gc,heap        ] GC(32549) PSYoungGen: 82464K(84480K)->1504K(84480K) Eden: 81920K(81920K)->0K(81920K) From: 544K(2560K)->1504K(2560K)
[14846.453s][info][gc,heap        ] GC(32549) ParOldGen: 572271K(573440K)->572319K(573440K)
[14846.453s][info][gc,metaspace   ] GC(32549) Metaspace: 62366K(62592K)->62366K(62592K) NonClass: 53329K(53504K)->53329K(53504K) Class: 9037K(9088K)->9037K(9088K)
[14846.454s][info][gc             ] GC(32549) Pause Young (Allocation Failure) 639M->560M(642M) 3.927ms
[14846.454s][info][gc,cpu         ] GC(32549) User=0.01s Sys=0.00s Real=0.00s
[14846.867s][info][gc,start       ] GC(32550) Pause Young (Allocation Failure)
[14846.869s][info][gc,heap        ] GC(32550) PSYoungGen: 83424K(84480K)->256K(84480K) Eden: 81920K(81920K)->0K(81920K) From: 1504K(2560K)->256K(2560K)
[14846.869s][info][gc,heap        ] GC(32550) ParOldGen: 572319K(573440K)->572367K(573440K)
[14846.869s][info][gc,metaspace   ] GC(32550) Metaspace: 62366K(62592K)->62366K(62592K) NonClass: 53329K(53504K)->53329K(53504K) Class: 9037K(9088K)->9037K(9088K)
[14846.869s][info][gc             ] GC(32550) Pause Young (Allocation Failure) 640M->559M(642M) 2.562ms
[14846.869s][info][gc,cpu         ] GC(32550) User=0.01s Sys=0.00s Real=0.00s
[14847.340s][info][gc,start       ] GC(32551) Pause Young (Allocation Failure)
[14847.343s][info][gc,heap        ] GC(32551) PSYoungGen: 82176K(84480K)->1216K(84480K) Eden: 81920K(81920K)->0K(81920K) From: 256K(2560K)->1216K(2560K)
[14847.343s][info][gc,heap        ] GC(32551) ParOldGen: 572367K(573440K)->572415K(573440K)
[14847.343s][info][gc,metaspace   ] GC(32551) Metaspace: 62366K(62592K)->62366K(62592K) NonClass: 53329K(53504K)->53329K(53504K) Class: 9037K(9088K)->9037K(9088K)
[14847.343s][info][gc             ] GC(32551) Pause Young (Allocation Failure) 639M->560M(642M) 3.672ms
[14847.343s][info][gc,cpu         ] GC(32551) User=0.01s Sys=0.00s Real=0.00s
[14847.809s][info][gc,start       ] GC(32552) Pause Young (Allocation Failure)
[14847.812s][info][gc,heap        ] GC(32552) PSYoungGen: 83136K(84480K)->896K(84480K) Eden: 81920K(81920K)->0K(81920K) From: 1216K(2560K)->896K(2560K)
[14847.812s][info][gc,heap        ] GC(32552) ParOldGen: 572415K(573440K)->572519K(573440K)
[14847.812s][info][gc,metaspace   ] GC(32552) Metaspace: 62366K(62592K)->62366K(62592K) NonClass: 53329K(53504K)->53329K(53504K) Class: 9037K(9088K)->9037K(9088K)
[14847.812s][info][gc             ] GC(32552) Pause Young (Allocation Failure) 640M->559M(642M) 3.412ms
[14847.812s][info][gc,cpu         ] GC(32552) User=0.01s Sys=0.00s Real=0.00s
[14848.268s][info][gc,start       ] GC(32553) Pause Young (Allocation Failure)
[14848.272s][info][gc,heap        ] GC(32553) PSYoungGen: 82816K(84480K)->320K(84480K) Eden: 81920K(81920K)->0K(81920K) From: 896K(2560K)->320K(2560K)
[14848.272s][info][gc,heap        ] GC(32553) ParOldGen: 572519K(573440K)->572575K(573440K)
[14848.272s][info][gc,metaspace   ] GC(32553) Metaspace: 62366K(62592K)->62366K(62592K) NonClass: 53329K(53504K)->53329K(53504K) Class: 9037K(9088K)->9037K(9088K)
[14848.272s][info][gc             ] GC(32553) Pause Young (Allocation Failure) 639M->559M(642M) 3.608ms
[14848.272s][info][gc,cpu         ] GC(32553) User=0.00s Sys=0.00s Real=0.00s
[14848.768s][info][gc,start       ] GC(32554) Pause Young (Allocation Failure)
[14848.770s][info][gc,heap        ] GC(32554) PSYoungGen: 82240K(84480K)->256K(84480K) Eden: 81920K(81920K)->0K(81920K) From: 320K(2560K)->256K(2560K)
[14848.770s][info][gc,heap        ] GC(32554) ParOldGen: 572575K(573440K)->572631K(573440K)
[14848.770s][info][gc,metaspace   ] GC(32554) Metaspace: 62366K(62592K)->62366K(62592K) NonClass: 53329K(53504K)->53329K(53504K) Class: 9037K(9088K)->9037K(9088K)
[14848.770s][info][gc             ] GC(32554) Pause Young (Allocation Failure) 639M->559M(642M) 2.568ms
[14848.770s][info][gc,cpu         ] GC(32554) User=0.00s Sys=0.00s Real=0.00s
[14849.247s][info][gc,start       ] GC(32555) Pause Young (Allocation Failure)
[14849.250s][info][gc,heap        ] GC(32555) PSYoungGen: 82176K(84480K)->1280K(84480K) Eden: 81920K(81920K)->0K(81920K) From: 256K(2560K)->1280K(2560K)
[14849.250s][info][gc,heap        ] GC(32555) ParOldGen: 572631K(573440K)->572679K(573440K)
[14849.250s][info][gc,metaspace   ] GC(32555) Metaspace: 62366K(62592K)->62366K(62592K) NonClass: 53329K(53504K)->53329K(53504K) Class: 9037K(9088K)->9037K(9088K)
[14849.251s][info][gc             ] GC(32555) Pause Young (Allocation Failure) 639M->560M(642M) 3.772ms
[14849.251s][info][gc,cpu         ] GC(32555) User=0.00s Sys=0.00s Real=0.00s
[14849.747s][info][gc,start       ] GC(32556) Pause Young (Allocation Failure)
[14849.751s][info][gc,heap        ] GC(32556) PSYoungGen: 83200K(84480K)->1248K(84480K) Eden: 81920K(81920K)->0K(81920K) From: 1280K(2560K)->1248K(2560K)
[14849.751s][info][gc,heap        ] GC(32556) ParOldGen: 572679K(573440K)->572735K(573440K)
[14849.751s][info][gc,metaspace   ] GC(32556) Metaspace: 62366K(62592K)->62366K(62592K) NonClass: 53329K(53504K)->53329K(53504K) Class: 9037K(9088K)->9037K(9088K)
[14849.751s][info][gc             ] GC(32556) Pause Young (Allocation Failure) 640M->560M(642M) 3.846ms
[14849.751s][info][gc,cpu         ] GC(32556) User=0.01s Sys=0.00s Real=0.00s
[14850.262s][info][gc,start       ] GC(32557) Pause Young (Allocation Failure)
[14850.264s][info][gc,heap        ] GC(32557) PSYoungGen: 83168K(84480K)->2240K(84480K) Eden: 81920K(81920K)->0K(81920K) From: 1248K(2560K)->2240K(2560K)
[14850.264s][info][gc,heap        ] GC(32557) ParOldGen: 572735K(573440K)->572791K(573440K)
[14850.264s][info][gc,metaspace   ] GC(32557) Metaspace: 62366K(62592K)->62366K(62592K) NonClass: 53329K(53504K)->53329K(53504K) Class: 9037K(9088K)->9037K(9088K)
[14850.264s][info][gc             ] GC(32557) Pause Young (Allocation Failure) 640M->561M(642M) 2.867ms
[14850.264s][info][gc,cpu         ] GC(32557) User=0.00s Sys=0.00s Real=0.01s
[14850.771s][info][gc,start       ] GC(32558) Pause Young (Allocation Failure)
[14850.774s][info][gc,heap        ] GC(32558) PSYoungGen: 84160K(84480K)->288K(84480K) Eden: 81920K(81920K)->0K(81920K) From: 2240K(2560K)->288K(2560K)
[14850.774s][info][gc,heap        ] GC(32558) ParOldGen: 572791K(573440K)->574895K(574976K)
[14850.774s][info][gc,metaspace   ] GC(32558) Metaspace: 62366K(62592K)->62366K(62592K) NonClass: 53329K(53504K)->53329K(53504K) Class: 9037K(9088K)->9037K(9088K)
[14850.774s][info][gc             ] GC(32558) Pause Young (Allocation Failure) 641M->561M(644M) 3.678ms
[14850.774s][info][gc,cpu         ] GC(32558) User=0.01s Sys=0.00s Real=0.01s
[14851.266s][info][gc,start       ] GC(32559) Pause Young (Allocation Failure)
[14851.269s][info][gc,heap        ] GC(32559) PSYoungGen: 82208K(84480K)->224K(84480K) Eden: 81920K(81920K)->0K(81920K) From: 288K(2560K)->224K(2560K)
[14851.269s][info][gc,heap        ] GC(32559) ParOldGen: 574895K(574976K)->574943K(574976K)
[14851.269s][info][gc,metaspace   ] GC(32559) Metaspace: 62366K(62592K)->62366K(62592K) NonClass: 53329K(53504K)->53329K(53504K) Class: 9037K(9088K)->9037K(9088K)
[14851.269s][info][gc             ] GC(32559) Pause Young (Allocation Failure) 641M->561M(644M) 2.531ms
[14851.269s][info][gc,cpu         ] GC(32559) User=0.00s Sys=0.00s Real=0.00s
[14851.769s][info][gc,start       ] GC(32560) Pause Young (Allocation Failure)
[14851.772s][info][gc,heap        ] GC(32560) PSYoungGen: 82144K(84480K)->288K(84480K) Eden: 81920K(81920K)->0K(81920K) From: 224K(2560K)->288K(2560K)
[14851.772s][info][gc,heap        ] GC(32560) ParOldGen: 574943K(574976K)->574999K(575488K)
[14851.772s][info][gc,metaspace   ] GC(32560) Metaspace: 62366K(62592K)->62366K(62592K) NonClass: 53329K(53504K)->53329K(53504K) Class: 9037K(9088K)->9037K(9088K)
[14851.772s][info][gc             ] GC(32560) Pause Young (Allocation Failure) 641M->561M(644M) 2.633ms
[14851.772s][info][gc,cpu         ] GC(32560) User=0.01s Sys=0.01s Real=0.00s
[14852.297s][info][gc,start       ] GC(32561) Pause Young (Allocation Failure)
[14852.300s][info][gc,heap        ] GC(32561) PSYoungGen: 82208K(84480K)->672K(84480K) Eden: 81920K(81920K)->0K(81920K) From: 288K(2560K)->672K(2560K)
[14852.300s][info][gc,heap        ] GC(32561) ParOldGen: 574999K(575488K)->575047K(575488K)
[14852.300s][info][gc,metaspace   ] GC(32561) Metaspace: 62366K(62592K)->62366K(62592K) NonClass: 53329K(53504K)->53329K(53504K) Class: 9037K(9088K)->9037K(9088K)
[14852.300s][info][gc             ] GC(32561) Pause Young (Allocation Failure) 641M->562M(644M) 3.000ms
[14852.300s][info][gc,cpu         ] GC(32561) User=0.01s Sys=0.00s Real=0.00s
[14852.774s][info][gc,start       ] GC(32562) Pause Young (Allocation Failure)
[14852.777s][info][gc,heap        ] GC(32562) PSYoungGen: 82592K(84480K)->320K(84480K) Eden: 81920K(81920K)->0K(81920K) From: 672K(2560K)->320K(2560K)
[14852.778s][info][gc,heap        ] GC(32562) ParOldGen: 575047K(575488K)->575103K(575488K)
[14852.778s][info][gc,metaspace   ] GC(32562) Metaspace: 62366K(62592K)->62366K(62592K) NonClass: 53329K(53504K)->53329K(53504K) Class: 9037K(9088K)->9037K(9088K)
[14852.778s][info][gc             ] GC(32562) Pause Young (Allocation Failure) 642M->561M(644M) 3.319ms
[14852.778s][info][gc,cpu         ] GC(32562) User=0.00s Sys=0.00s Real=0.00s
[14853.235s][info][gc,start       ] GC(32563) Pause Young (Allocation Failure)
[14853.239s][info][gc,heap        ] GC(32563) PSYoungGen: 82240K(84480K)->1312K(84480K) Eden: 81920K(81920K)->0K(81920K) From: 320K(2560K)->1312K(2560K)
[14853.239s][info][gc,heap        ] GC(32563) ParOldGen: 575103K(575488K)->575159K(575488K)
[14853.239s][info][gc,metaspace   ] GC(32563) Metaspace: 62366K(62592K)->62366K(62592K) NonClass: 53329K(53504K)->53329K(53504K) Class: 9037K(9088K)->9037K(9088K)
[14853.239s][info][gc             ] GC(32563) Pause Young (Allocation Failure) 641M->562M(644M) 3.713ms
[14853.239s][info][gc,cpu         ] GC(32563) User=0.00s Sys=0.00s Real=0.00s
[14853.710s][info][gc,start       ] GC(32564) Pause Young (Allocation Failure)
[14853.713s][info][gc,heap        ] GC(32564) PSYoungGen: 83232K(84480K)->928K(84480K) Eden: 81920K(81920K)->0K(81920K) From: 1312K(2560K)->928K(2560K)
[14853.713s][info][gc,heap        ] GC(32564) ParOldGen: 575159K(575488K)->575207K(575488K)
[14853.713s][info][gc,metaspace   ] GC(32564) Metaspace: 62366K(62592K)->62366K(62592K) NonClass: 53329K(53504K)->53329K(53504K) Class: 9037K(9088K)->9037K(9088K)
[14853.713s][info][gc             ] GC(32564) Pause Young (Allocation Failure) 642M->562M(644M) 3.356ms
[14853.713s][info][gc,cpu         ] GC(32564) User=0.01s Sys=0.00s Real=0.00s
[14854.211s][info][gc,start       ] GC(32565) Pause Young (Allocation Failure)
[14854.216s][info][gc,heap        ] GC(32565) PSYoungGen: 82848K(84480K)->704K(84480K) Eden: 81920K(81920K)->0K(81920K) From: 928K(2560K)->704K(2560K)
[14854.216s][info][gc,heap        ] GC(32565) ParOldGen: 575207K(575488K)->575255K(575488K)
[14854.216s][info][gc,metaspace   ] GC(32565) Metaspace: 62366K(62592K)->62366K(62592K) NonClass: 53329K(53504K)->53329K(53504K) Class: 9037K(9088K)->9037K(9088K)
[14854.216s][info][gc             ] GC(32565) Pause Young (Allocation Failure) 642M->562M(644M) 4.447ms
[14854.216s][info][gc,cpu         ] GC(32565) User=0.01s Sys=0.00s Real=0.01s
[14854.716s][info][gc,start       ] GC(32566) Pause Young (Allocation Failure)
[14854.719s][info][gc,heap        ] GC(32566) PSYoungGen: 82624K(84480K)->864K(84992K) Eden: 81920K(81920K)->0K(82432K) From: 704K(2560K)->864K(2560K)
[14854.719s][info][gc,heap        ] GC(32566) ParOldGen: 575255K(575488K)->575303K(575488K)
[14854.719s][info][gc,metaspace   ] GC(32566) Metaspace: 62366K(62592K)->62366K(62592K) NonClass: 53329K(53504K)->53329K(53504K) Class: 9037K(9088K)->9037K(9088K)
[14854.719s][info][gc             ] GC(32566) Pause Young (Allocation Failure) 642M->562M(645M) 3.307ms
[14854.719s][info][gc,cpu         ] GC(32566) User=0.01s Sys=0.00s Real=0.00s
[14855.226s][info][gc,start       ] GC(32567) Pause Young (Allocation Failure)
[14855.230s][info][gc,heap        ] GC(32567) PSYoungGen: 83296K(84992K)->2016K(84480K) Eden: 82432K(82432K)->0K(82432K) From: 864K(2560K)->2016K(2048K)
[14855.230s][info][gc,heap        ] GC(32567) ParOldGen: 575303K(575488K)->575471K(575488K)
[14855.230s][info][gc,metaspace   ] GC(32567) Metaspace: 62366K(62592K)->62366K(62592K) NonClass: 53329K(53504K)->53329K(53504K) Class: 9037K(9088K)->9037K(9088K)
[14855.230s][info][gc             ] GC(32567) Pause Young (Allocation Failure) 643M->563M(644M) 4.214ms
[14855.230s][info][gc,cpu         ] GC(32567) User=0.00s Sys=0.00s Real=0.00s
[14855.743s][info][gc,start       ] GC(32568) Pause Young (Allocation Failure)
[14855.747s][info][gc,heap        ] GC(32568) PSYoungGen: 84448K(84480K)->1344K(84480K) Eden: 82432K(82432K)->0K(81920K) From: 2016K(2048K)->1344K(2560K)
[14855.747s][info][gc,heap        ] GC(32568) ParOldGen: 575471K(575488K)->576512K(577024K)
[14855.747s][info][gc,metaspace   ] GC(32568) Metaspace: 62366K(62592K)->62366K(62592K) NonClass: 53329K(53504K)->53329K(53504K) Class: 9037K(9088K)->9037K(9088K)
[14855.747s][info][gc             ] GC(32568) Pause Young (Allocation Failure) 644M->564M(646M) 4.177ms
[14855.747s][info][gc,cpu         ] GC(32568) User=0.01s Sys=0.00s Real=0.01s
[14856.235s][info][gc,start       ] GC(32569) Pause Young (Allocation Failure)
[14856.239s][info][gc,heap        ] GC(32569) PSYoungGen: 83264K(84480K)->1120K(84480K) Eden: 81920K(81920K)->0K(81920K) From: 1344K(2560K)->1120K(2560K)
[14856.239s][info][gc,heap        ] GC(32569) ParOldGen: 576512K(577024K)->576616K(577024K)
[14856.239s][info][gc,metaspace   ] GC(32569) Metaspace: 62366K(62592K)->62366K(62592K) NonClass: 53329K(53504K)->53329K(53504K) Class: 9037K(9088K)->9037K(9088K)
[14856.239s][info][gc             ] GC(32569) Pause Young (Allocation Failure) 644M->564M(646M) 3.711ms
[14856.239s][info][gc,cpu         ] GC(32569) User=0.00s Sys=0.00s Real=0.00s
[14856.708s][info][gc,start       ] GC(32570) Pause Young (Allocation Failure)
[14856.711s][info][gc,heap        ] GC(32570) PSYoungGen: 83040K(84480K)->736K(84480K) Eden: 81920K(81920K)->0K(81920K) From: 1120K(2560K)->736K(2560K)
[14856.711s][info][gc,heap        ] GC(32570) ParOldGen: 576616K(577024K)->576664K(577024K)
[14856.712s][info][gc,metaspace   ] GC(32570) Metaspace: 62366K(62592K)->62366K(62592K) NonClass: 53329K(53504K)->53329K(53504K) Class: 9037K(9088K)->9037K(9088K)
[14856.712s][info][gc             ] GC(32570) Pause Young (Allocation Failure) 644M->563M(646M) 3.091ms
[14856.712s][info][gc,cpu         ] GC(32570) User=0.01s Sys=0.00s Real=0.00s
[14857.152s][info][gc,start       ] GC(32571) Pause Young (Allocation Failure)
[14857.156s][info][gc,heap        ] GC(32571) PSYoungGen: 82656K(84480K)->1568K(84480K) Eden: 81920K(81920K)->0K(81920K) From: 736K(2560K)->1568K(2560K)
[14857.156s][info][gc,heap        ] GC(32571) ParOldGen: 576664K(577024K)->576720K(577024K)
[14857.156s][info][gc,metaspace   ] GC(32571) Metaspace: 62366K(62592K)->62366K(62592K) NonClass: 53329K(53504K)->53329K(53504K) Class: 9037K(9088K)->9037K(9088K)
[14857.156s][info][gc             ] GC(32571) Pause Young (Allocation Failure) 643M->564M(646M) 4.045ms
[14857.156s][info][gc,cpu         ] GC(32571) User=0.01s Sys=0.00s Real=0.01s
[14857.651s][info][gc,start       ] GC(32572) Pause Young (Allocation Failure)
[14857.655s][info][gc,heap        ] GC(32572) PSYoungGen: 83488K(84480K)->1312K(84480K) Eden: 81920K(81920K)->0K(81920K) From: 1568K(2560K)->1312K(2560K)
[14857.655s][info][gc,heap        ] GC(32572) ParOldGen: 576720K(577024K)->576768K(577024K)
[14857.655s][info][gc,metaspace   ] GC(32572) Metaspace: 62366K(62592K)->62366K(62592K) NonClass: 53329K(53504K)->53329K(53504K) Class: 9037K(9088K)->9037K(9088K)
[14857.655s][info][gc             ] GC(32572) Pause Young (Allocation Failure) 644M->564M(646M) 3.748ms
[14857.655s][info][gc,cpu         ] GC(32572) User=0.01s Sys=0.00s Real=0.01s
[14858.103s][info][gc,start       ] GC(32573) Pause Young (Allocation Failure)
[14858.106s][info][gc,heap        ] GC(32573) PSYoungGen: 83232K(84480K)->832K(84480K) Eden: 81920K(81920K)->0K(81920K) From: 1312K(2560K)->832K(2560K)
[14858.106s][info][gc,heap        ] GC(32573) ParOldGen: 576768K(577024K)->576816K(577024K)
[14858.106s][info][gc,metaspace   ] GC(32573) Metaspace: 62366K(62592K)->62366K(62592K) NonClass: 53329K(53504K)->53329K(53504K) Class: 9037K(9088K)->9037K(9088K)
[14858.106s][info][gc             ] GC(32573) Pause Young (Allocation Failure) 644M->564M(646M) 3.230ms
[14858.106s][info][gc,cpu         ] GC(32573) User=0.00s Sys=0.00s Real=0.01s
[14858.555s][info][gc,start       ] GC(32574) Pause Young (Allocation Failure)
[14858.559s][info][gc,heap        ] GC(32574) PSYoungGen: 82752K(84480K)->1568K(84480K) Eden: 81920K(81920K)->0K(81920K) From: 832K(2560K)->1568K(2560K)
[14858.559s][info][gc,heap        ] GC(32574) ParOldGen: 576816K(577024K)->576872K(577024K)
[14858.559s][info][gc,metaspace   ] GC(32574) Metaspace: 62366K(62592K)->62366K(62592K) NonClass: 53329K(53504K)->53329K(53504K) Class: 9037K(9088K)->9037K(9088K)
[14858.559s][info][gc             ] GC(32574) Pause Young (Allocation Failure) 644M->564M(646M) 3.985ms
[14858.559s][info][gc,cpu         ] GC(32574) User=0.01s Sys=0.00s Real=0.00s
[14858.995s][info][gc,start       ] GC(32575) Pause Young (Allocation Failure)
[14858.998s][info][gc,heap        ] GC(32575) PSYoungGen: 83488K(84480K)->672K(84480K) Eden: 81920K(81920K)->0K(81920K) From: 1568K(2560K)->672K(2560K)
[14858.998s][info][gc,heap        ] GC(32575) ParOldGen: 576872K(577024K)->576928K(577024K)
[14858.998s][info][gc,metaspace   ] GC(32575) Metaspace: 62366K(62592K)->62366K(62592K) NonClass: 53329K(53504K)->53329K(53504K) Class: 9037K(9088K)->9037K(9088K)
[14858.998s][info][gc             ] GC(32575) Pause Young (Allocation Failure) 644M->564M(646M) 3.029ms
[14858.998s][info][gc,cpu         ] GC(32575) User=0.01s Sys=0.00s Real=0.00s
[14859.428s][info][gc,start       ] GC(32576) Pause Young (Allocation Failure)
[14859.431s][info][gc,heap        ] GC(32576) PSYoungGen: 82592K(84480K)->1216K(84480K) Eden: 81920K(81920K)->0K(81920K) From: 672K(2560K)->1216K(2560K)
[14859.431s][info][gc,heap        ] GC(32576) ParOldGen: 576928K(577024K)->576976K(577024K)
[14859.431s][info][gc,metaspace   ] GC(32576) Metaspace: 62366K(62592K)->62366K(62592K) NonClass: 53329K(53504K)->53329K(53504K) Class: 9037K(9088K)->9037K(9088K)
[14859.431s][info][gc             ] GC(32576) Pause Young (Allocation Failure) 644M->564M(646M) 3.719ms
[14859.432s][info][gc,cpu         ] GC(32576) User=0.01s Sys=0.00s Real=0.00s
[14859.865s][info][gc,start       ] GC(32577) Pause Young (Allocation Failure)
[14859.867s][info][gc,heap        ] GC(32577) PSYoungGen: 83136K(84480K)->224K(84480K) Eden: 81920K(81920K)->0K(81920K) From: 1216K(2560K)->224K(2560K)
[14859.867s][info][gc,heap        ] GC(32577) ParOldGen: 576976K(577024K)->577024K(577536K)
[14859.867s][info][gc,metaspace   ] GC(32577) Metaspace: 62366K(62592K)->62366K(62592K) NonClass: 53329K(53504K)->53329K(53504K) Class: 9037K(9088K)->9037K(9088K)
[14859.867s][info][gc             ] GC(32577) Pause Young (Allocation Failure) 644M->563M(646M) 2.554ms
[14859.867s][info][gc,cpu         ] GC(32577) User=0.00s Sys=0.00s Real=0.00s
[14860.304s][info][gc,start       ] GC(32578) Pause Young (Allocation Failure)
[14860.308s][info][gc,heap        ] GC(32578) PSYoungGen: 82144K(84480K)->1824K(84480K) Eden: 81920K(81920K)->0K(81920K) From: 224K(2560K)->1824K(2560K)
[14860.308s][info][gc,heap        ] GC(32578) ParOldGen: 577024K(577536K)->577072K(577536K)
[14860.308s][info][gc,metaspace   ] GC(32578) Metaspace: 62366K(62592K)->62366K(62592K) NonClass: 53329K(53504K)->53329K(53504K) Class: 9037K(9088K)->9037K(9088K)
[14860.308s][info][gc             ] GC(32578) Pause Young (Allocation Failure) 643M->565M(646M) 3.272ms
[14860.308s][info][gc,cpu         ] GC(32578) User=0.01s Sys=0.00s Real=0.00s
[14860.767s][info][gc,start       ] GC(32579) Pause Young (Allocation Failure)
[14860.771s][info][gc,heap        ] GC(32579) PSYoungGen: 83744K(84480K)->288K(84480K) Eden: 81920K(81920K)->0K(81920K) From: 1824K(2560K)->288K(2560K)
[14860.771s][info][gc,heap        ] GC(32579) ParOldGen: 577072K(577536K)->579176K(580608K)
[14860.771s][info][gc,metaspace   ] GC(32579) Metaspace: 62366K(62592K)->62366K(62592K) NonClass: 53329K(53504K)->53329K(53504K) Class: 9037K(9088K)->9037K(9088K)
[14860.771s][info][gc             ] GC(32579) Pause Young (Allocation Failure) 645M->565M(649M) 3.779ms
[14860.771s][info][gc,cpu         ] GC(32579) User=0.00s Sys=0.00s Real=0.00s
[14861.293s][info][gc,start       ] GC(32580) Pause Young (Allocation Failure)
[14861.296s][info][gc,heap        ] GC(32580) PSYoungGen: 82208K(84480K)->512K(84480K) Eden: 81920K(81920K)->0K(81920K) From: 288K(2560K)->512K(2560K)
[14861.296s][info][gc,heap        ] GC(32580) ParOldGen: 579176K(580608K)->579232K(580608K)
[14861.296s][info][gc,metaspace   ] GC(32580) Metaspace: 62366K(62592K)->62366K(62592K) NonClass: 53329K(53504K)->53329K(53504K) Class: 9037K(9088K)->9037K(9088K)
[14861.296s][info][gc             ] GC(32580) Pause Young (Allocation Failure) 645M->566M(649M) 2.818ms
[14861.296s][info][gc,cpu         ] GC(32580) User=0.01s Sys=0.00s Real=0.01s
[14861.802s][info][gc,start       ] GC(32581) Pause Young (Allocation Failure)
[14861.804s][info][gc,heap        ] GC(32581) PSYoungGen: 82432K(84480K)->672K(84480K) Eden: 81920K(81920K)->0K(81920K) From: 512K(2560K)->672K(2560K)
[14861.805s][info][gc,heap        ] GC(32581) ParOldGen: 579232K(580608K)->579280K(580608K)
[14861.805s][info][gc,metaspace   ] GC(32581) Metaspace: 62366K(62592K)->62366K(62592K) NonClass: 53329K(53504K)->53329K(53504K) Class: 9037K(9088K)->9037K(9088K)
[14861.805s][info][gc             ] GC(32581) Pause Young (Allocation Failure) 646M->566M(649M) 3.043ms
[14861.805s][info][gc,cpu         ] GC(32581) User=0.00s Sys=0.00s Real=0.01s
[14862.238s][info][gc,start       ] GC(32582) Pause Young (Allocation Failure)
[14862.243s][info][gc,heap        ] GC(32582) PSYoungGen: 82592K(84480K)->1312K(84480K) Eden: 81920K(81920K)->0K(81920K) From: 672K(2560K)->1312K(2560K)
[14862.244s][info][gc,heap        ] GC(32582) ParOldGen: 579280K(580608K)->579336K(580608K)
[14862.244s][info][gc,metaspace   ] GC(32582) Metaspace: 62366K(62592K)->62366K(62592K) NonClass: 53329K(53504K)->53329K(53504K) Class: 9037K(9088K)->9037K(9088K)
[14862.244s][info][gc             ] GC(32582) Pause Young (Allocation Failure) 646M->567M(649M) 5.126ms
[14862.244s][info][gc,cpu         ] GC(32582) User=0.01s Sys=0.00s Real=0.00s
[14862.748s][info][gc,start       ] GC(32583) Pause Young (Allocation Failure)
[14862.752s][info][gc,heap        ] GC(32583) PSYoungGen: 83232K(84480K)->1312K(84480K) Eden: 81920K(81920K)->0K(81920K) From: 1312K(2560K)->1312K(2560K)
[14862.752s][info][gc,heap        ] GC(32583) ParOldGen: 579336K(580608K)->579392K(580608K)
[14862.752s][info][gc,metaspace   ] GC(32583) Metaspace: 62366K(62592K)->62366K(62592K) NonClass: 53329K(53504K)->53329K(53504K) Class: 9037K(9088K)->9037K(9088K)
[14862.752s][info][gc             ] GC(32583) Pause Young (Allocation Failure) 647M->567M(649M) 3.703ms
[14862.752s][info][gc,cpu         ] GC(32583) User=0.00s Sys=0.00s Real=0.00s
[14863.244s][info][gc,start       ] GC(32584) Pause Young (Allocation Failure)
[14863.248s][info][gc,heap        ] GC(32584) PSYoungGen: 83232K(84480K)->1280K(84480K) Eden: 81920K(81920K)->0K(81920K) From: 1312K(2560K)->1280K(2560K)
[14863.248s][info][gc,heap        ] GC(32584) ParOldGen: 579392K(580608K)->579448K(580608K)
[14863.248s][info][gc,metaspace   ] GC(32584) Metaspace: 62366K(62592K)->62366K(62592K) NonClass: 53329K(53504K)->53329K(53504K) Class: 9037K(9088K)->9037K(9088K)
[14863.248s][info][gc             ] GC(32584) Pause Young (Allocation Failure) 647M->567M(649M) 3.783ms
[14863.248s][info][gc,cpu         ] GC(32584) User=0.01s Sys=0.00s Real=0.00s
[14863.799s][info][gc,start       ] GC(32585) Pause Young (Allocation Failure)
[14863.802s][info][gc,heap        ] GC(32585) PSYoungGen: 83200K(84480K)->736K(84480K) Eden: 81920K(81920K)->0K(81920K) From: 1280K(2560K)->736K(2560K)
[14863.802s][info][gc,heap        ] GC(32585) ParOldGen: 579448K(580608K)->579496K(580608K)
[14863.802s][info][gc,metaspace   ] GC(32585) Metaspace: 62366K(62592K)->62366K(62592K) NonClass: 53329K(53504K)->53329K(53504K) Class: 9037K(9088K)->9037K(9088K)
[14863.802s][info][gc             ] GC(32585) Pause Young (Allocation Failure) 647M->566M(649M) 2.993ms
[14863.802s][info][gc,cpu         ] GC(32585) User=0.01s Sys=0.00s Real=0.00s
[14864.297s][info][gc,start       ] GC(32586) Pause Young (Allocation Failure)
[14864.300s][info][gc,heap        ] GC(32586) PSYoungGen: 82656K(84480K)->672K(84480K) Eden: 81919K(81920K)->0K(81920K) From: 736K(2560K)->672K(2560K)
[14864.300s][info][gc,heap        ] GC(32586) ParOldGen: 579496K(580608K)->579600K(580608K)
[14864.300s][info][gc,metaspace   ] GC(32586) Metaspace: 62366K(62592K)->62366K(62592K) NonClass: 53329K(53504K)->53329K(53504K) Class: 9037K(9088K)->9037K(9088K)
[14864.300s][info][gc             ] GC(32586) Pause Young (Allocation Failure) 646M->566M(649M) 3.043ms
[14864.300s][info][gc,cpu         ] GC(32586) User=0.01s Sys=0.00s Real=0.00s
[14864.762s][info][gc,start       ] GC(32587) Pause Young (Allocation Failure)
[14864.764s][info][gc,heap        ] GC(32587) PSYoungGen: 82592K(84480K)->192K(84480K) Eden: 81920K(81920K)->0K(81920K) From: 672K(2560K)->192K(2560K)
[14864.764s][info][gc,heap        ] GC(32587) ParOldGen: 579600K(580608K)->579656K(580608K)
[14864.764s][info][gc,metaspace   ] GC(32587) Metaspace: 62366K(62592K)->62366K(62592K) NonClass: 53329K(53504K)->53329K(53504K) Class: 9037K(9088K)->9037K(9088K)
[14864.764s][info][gc             ] GC(32587) Pause Young (Allocation Failure) 646M->566M(649M) 2.441ms
[14864.764s][info][gc,cpu         ] GC(32587) User=0.00s Sys=0.00s Real=0.01s
[14865.271s][info][gc,start       ] GC(32588) Pause Young (Allocation Failure)
[14865.273s][info][gc,heap        ] GC(32588) PSYoungGen: 82112K(84480K)->1344K(84480K) Eden: 81920K(81920K)->0K(81920K) From: 192K(2560K)->1344K(2560K)
[14865.273s][info][gc,heap        ] GC(32588) ParOldGen: 579656K(580608K)->579712K(580608K)
[14865.273s][info][gc,metaspace   ] GC(32588) Metaspace: 62366K(62592K)->62366K(62592K) NonClass: 53329K(53504K)->53329K(53504K) Class: 9037K(9088K)->9037K(9088K)
[14865.273s][info][gc             ] GC(32588) Pause Young (Allocation Failure) 646M->567M(649M) 2.819ms
[14865.273s][info][gc,cpu         ] GC(32588) User=0.01s Sys=0.00s Real=0.00s
[14865.827s][info][gc,start       ] GC(32589) Pause Young (Allocation Failure)
[14865.831s][info][gc,heap        ] GC(32589) PSYoungGen: 83264K(84480K)->992K(84480K) Eden: 81920K(81920K)->0K(81920K) From: 1344K(2560K)->992K(2560K)
[14865.831s][info][gc,heap        ] GC(32589) ParOldGen: 579712K(580608K)->580784K(582144K)
[14865.831s][info][gc,metaspace   ] GC(32589) Metaspace: 62366K(62592K)->62366K(62592K) NonClass: 53329K(53504K)->53329K(53504K) Class: 9037K(9088K)->9037K(9088K)
[14865.831s][info][gc             ] GC(32589) Pause Young (Allocation Failure) 647M->568M(651M) 3.904ms
[14865.831s][info][gc,cpu         ] GC(32589) User=0.01s Sys=0.00s Real=0.00s
[14866.362s][info][gc,start       ] GC(32590) Pause Young (Allocation Failure)
[14866.364s][info][gc,heap        ] GC(32590) PSYoungGen: 82912K(84480K)->224K(84480K) Eden: 81920K(81920K)->0K(81920K) From: 992K(2560K)->224K(2560K)
[14866.364s][info][gc,heap        ] GC(32590) ParOldGen: 580784K(582144K)->580840K(582144K)
[14866.364s][info][gc,metaspace   ] GC(32590) Metaspace: 62366K(62592K)->62366K(62592K) NonClass: 53329K(53504K)->53329K(53504K) Class: 9037K(9088K)->9037K(9088K)
[14866.364s][info][gc             ] GC(32590) Pause Young (Allocation Failure) 648M->567M(651M) 2.515ms
[14866.364s][info][gc,cpu         ] GC(32590) User=0.00s Sys=0.00s Real=0.00s
[14866.895s][info][gc,start       ] GC(32591) Pause Young (Allocation Failure)
[14866.898s][info][gc,heap        ] GC(32591) PSYoungGen: 82144K(84480K)->576K(84480K) Eden: 81920K(81920K)->0K(81920K) From: 224K(2560K)->576K(2560K)
[14866.898s][info][gc,heap        ] GC(32591) ParOldGen: 580840K(582144K)->580888K(582144K)
[14866.898s][info][gc,metaspace   ] GC(32591) Metaspace: 62366K(62592K)->62366K(62592K) NonClass: 53329K(53504K)->53329K(53504K) Class: 9037K(9088K)->9037K(9088K)
[14866.898s][info][gc             ] GC(32591) Pause Young (Allocation Failure) 647M->567M(651M) 2.891ms
[14866.898s][info][gc,cpu         ] GC(32591) User=0.01s Sys=0.00s Real=0.00s
[14867.417s][info][gc,start       ] GC(32592) Pause Young (Allocation Failure)
[14867.421s][info][gc,heap        ] GC(32592) PSYoungGen: 82496K(84480K)->928K(84992K) Eden: 81920K(81920K)->0K(82944K) From: 576K(2560K)->928K(2048K)
[14867.421s][info][gc,heap        ] GC(32592) ParOldGen: 580888K(582144K)->580936K(582144K)
[14867.421s][info][gc,metaspace   ] GC(32592) Metaspace: 62366K(62592K)->62366K(62592K) NonClass: 53329K(53504K)->53329K(53504K) Class: 9037K(9088K)->9037K(9088K)
[14867.421s][info][gc             ] GC(32592) Pause Young (Allocation Failure) 647M->568M(651M) 3.226ms
[14867.421s][info][gc,cpu         ] GC(32592) User=0.00s Sys=0.01s Real=0.00s
[14867.958s][info][gc,start       ] GC(32593) Pause Young (Allocation Failure)
[14867.961s][info][gc,heap        ] GC(32593) PSYoungGen: 83872K(84992K)->1344K(84992K) Eden: 82944K(82944K)->0K(82944K) From: 928K(2048K)->1344K(2048K)
[14867.961s][info][gc,heap        ] GC(32593) ParOldGen: 580936K(582144K)->580984K(582144K)
[14867.961s][info][gc,metaspace   ] GC(32593) Metaspace: 62366K(62592K)->62366K(62592K) NonClass: 53329K(53504K)->53329K(53504K) Class: 9037K(9088K)->9037K(9088K)
[14867.961s][info][gc             ] GC(32593) Pause Young (Allocation Failure) 649M->568M(651M) 3.771ms
[14867.961s][info][gc,cpu         ] GC(32593) User=0.01s Sys=0.00s Real=0.00s
[14868.495s][info][gc,start       ] GC(32594) Pause Young (Allocation Failure)
[14868.498s][info][gc,heap        ] GC(32594) PSYoungGen: 84288K(84992K)->608K(84992K) Eden: 82944K(82944K)->0K(82944K) From: 1344K(2048K)->608K(2048K)
[14868.498s][info][gc,heap        ] GC(32594) ParOldGen: 580984K(582144K)->581032K(582144K)
[14868.498s][info][gc,metaspace   ] GC(32594) Metaspace: 62366K(62592K)->62366K(62592K) NonClass: 53329K(53504K)->53329K(53504K) Class: 9037K(9088K)->9037K(9088K)
[14868.498s][info][gc             ] GC(32594) Pause Young (Allocation Failure) 649M->568M(651M) 2.972ms
[14868.498s][info][gc,cpu         ] GC(32594) User=0.01s Sys=0.00s Real=0.00s
[14869.034s][info][gc,start       ] GC(32595) Pause Young (Allocation Failure)
[14869.037s][info][gc,heap        ] GC(32595) PSYoungGen: 83552K(84992K)->1120K(84992K) Eden: 82944K(82944K)->0K(82944K) From: 608K(2048K)->1120K(2048K)
[14869.037s][info][gc,heap        ] GC(32595) ParOldGen: 581032K(582144K)->581088K(582144K)
[14869.037s][info][gc,metaspace   ] GC(32595) Metaspace: 62366K(62592K)->62366K(62592K) NonClass: 53329K(53504K)->53329K(53504K) Class: 9037K(9088K)->9037K(9088K)
[14869.037s][info][gc             ] GC(32595) Pause Young (Allocation Failure) 649M->568M(651M) 3.622ms
[14869.037s][info][gc,cpu         ] GC(32595) User=0.01s Sys=0.00s Real=0.01s
[14869.565s][info][gc,start       ] GC(32596) Pause Young (Allocation Failure)
[14869.567s][info][gc,heap        ] GC(32596) PSYoungGen: 84064K(84992K)->224K(84992K) Eden: 82944K(82944K)->0K(82944K) From: 1120K(2048K)->224K(2048K)
[14869.567s][info][gc,heap        ] GC(32596) ParOldGen: 581088K(582144K)->581136K(582144K)
[14869.567s][info][gc,metaspace   ] GC(32596) Metaspace: 62366K(62592K)->62366K(62592K) NonClass: 53329K(53504K)->53329K(53504K) Class: 9037K(9088K)->9037K(9088K)
[14869.567s][info][gc             ] GC(32596) Pause Young (Allocation Failure) 649M->567M(651M) 2.560ms
[14869.567s][info][gc,cpu         ] GC(32596) User=0.00s Sys=0.00s Real=0.00s
[14870.090s][info][gc,start       ] GC(32597) Pause Young (Allocation Failure)
[14870.093s][info][gc,heap        ] GC(32597) PSYoungGen: 83168K(84992K)->576K(84992K) Eden: 82944K(82944K)->0K(82944K) From: 224K(2048K)->576K(2048K)
[14870.093s][info][gc,heap        ] GC(32597) ParOldGen: 581136K(582144K)->581184K(582144K)
[14870.093s][info][gc,metaspace   ] GC(32597) Metaspace: 62366K(62592K)->62366K(62592K) NonClass: 53329K(53504K)->53329K(53504K) Class: 9037K(9088K)->9037K(9088K)
[14870.093s][info][gc             ] GC(32597) Pause Young (Allocation Failure) 648M->568M(651M) 2.932ms
[14870.093s][info][gc,cpu         ] GC(32597) User=0.01s Sys=0.00s Real=0.00s
[14870.569s][info][gc,start       ] GC(32598) Pause Young (Allocation Failure)
[14870.571s][info][gc,heap        ] GC(32598) PSYoungGen: 83520K(84992K)->288K(84992K) Eden: 82944K(82944K)->0K(82944K) From: 576K(2048K)->288K(2048K)
[14870.571s][info][gc,heap        ] GC(32598) ParOldGen: 581184K(582144K)->581240K(582144K)
[14870.571s][info][gc,metaspace   ] GC(32598) Metaspace: 62366K(62592K)->62366K(62592K) NonClass: 53329K(53504K)->53329K(53504K) Class: 9037K(9088K)->9037K(9088K)
[14870.571s][info][gc             ] GC(32598) Pause Young (Allocation Failure) 649M->567M(651M) 2.807ms
[14870.571s][info][gc,cpu         ] GC(32598) User=0.01s Sys=0.00s Real=0.00s
[14871.053s][info][gc,start       ] GC(32599) Pause Young (Allocation Failure)
[14871.058s][info][gc,heap        ] GC(32599) PSYoungGen: 83232K(84992K)->2016K(84992K) Eden: 82944K(82944K)->0K(82944K) From: 288K(2048K)->2016K(2048K)
[14871.058s][info][gc,heap        ] GC(32599) ParOldGen: 581240K(582144K)->582728K(583680K)
[14871.058s][info][gc,metaspace   ] GC(32599) Metaspace: 62366K(62592K)->62366K(62592K) NonClass: 53329K(53504K)->53329K(53504K) Class: 9037K(9088K)->9037K(9088K)
[14871.058s][info][gc             ] GC(32599) Pause Young (Allocation Failure) 648M->571M(653M) 5.512ms
[14871.058s][info][gc,cpu         ] GC(32599) User=0.01s Sys=0.00s Real=0.01s
[14871.616s][info][gc,start       ] GC(32600) Pause Young (Allocation Failure)
[14871.620s][info][gc,heap        ] GC(32600) PSYoungGen: 84960K(84992K)->864K(82944K) Eden: 82944K(82944K)->0K(80896K) From: 2016K(2048K)->864K(2048K)
[14871.620s][info][gc,heap        ] GC(32600) ParOldGen: 582728K(583680K)->583776K(585216K)
[14871.620s][info][gc,metaspace   ] GC(32600) Metaspace: 62366K(62592K)->62366K(62592K) NonClass: 53329K(53504K)->53329K(53504K) Class: 9037K(9088K)->9037K(9088K)
[14871.620s][info][gc             ] GC(32600) Pause Young (Allocation Failure) 652M->570M(652M) 3.725ms
[14871.620s][info][gc,cpu         ] GC(32600) User=0.01s Sys=0.00s Real=0.00s
[14872.203s][info][gc,start       ] GC(32601) Pause Young (Allocation Failure)
[14872.208s][info][gc,heap        ] GC(32601) PSYoungGen: 81760K(82944K)->768K(83968K) Eden: 80896K(80896K)->0K(80896K) From: 864K(2048K)->768K(3072K)
[14872.208s][info][gc,heap        ] GC(32601) ParOldGen: 583776K(585216K)->583856K(585216K)
[14872.208s][info][gc,metaspace   ] GC(32601) Metaspace: 62366K(62592K)->62366K(62592K) NonClass: 53329K(53504K)->53329K(53504K) Class: 9037K(9088K)->9037K(9088K)
[14872.208s][info][gc             ] GC(32601) Pause Young (Allocation Failure) 649M->570M(653M) 4.973ms
[14872.208s][info][gc,cpu         ] GC(32601) User=0.01s Sys=0.00s Real=0.01s
[14872.742s][info][gc,start       ] GC(32602) Pause Young (Allocation Failure)
[14872.745s][info][gc,heap        ] GC(32602) PSYoungGen: 81664K(83968K)->1088K(84480K) Eden: 80896K(80896K)->0K(81920K) From: 768K(3072K)->1088K(2560K)
[14872.745s][info][gc,heap        ] GC(32602) ParOldGen: 583856K(585216K)->583960K(585216K)
[14872.745s][info][gc,metaspace   ] GC(32602) Metaspace: 62366K(62592K)->62366K(62592K) NonClass: 53329K(53504K)->53329K(53504K) Class: 9037K(9088K)->9037K(9088K)
[14872.745s][info][gc             ] GC(32602) Pause Young (Allocation Failure) 649M->571M(654M) 3.674ms
[14872.745s][info][gc,cpu         ] GC(32602) User=0.01s Sys=0.00s Real=0.01s
[14873.272s][info][gc,start       ] GC(32603) Pause Young (Allocation Failure)
[14873.274s][info][gc,heap        ] GC(32603) PSYoungGen: 83008K(84480K)->352K(84480K) Eden: 81920K(81920K)->0K(81920K) From: 1088K(2560K)->352K(2560K)
[14873.275s][info][gc,heap        ] GC(32603) ParOldGen: 583960K(585216K)->584016K(585216K)
[14873.275s][info][gc,metaspace   ] GC(32603) Metaspace: 62366K(62592K)->62366K(62592K) NonClass: 53329K(53504K)->53329K(53504K) Class: 9037K(9088K)->9037K(9088K)
[14873.275s][info][gc             ] GC(32603) Pause Young (Allocation Failure) 651M->570M(654M) 2.667ms
[14873.275s][info][gc,cpu         ] GC(32603) User=0.01s Sys=0.00s Real=0.01s
[14873.716s][info][gc,start       ] GC(32604) Pause Young (Allocation Failure)
[14873.720s][info][gc,heap        ] GC(32604) PSYoungGen: 82272K(84480K)->928K(84480K) Eden: 81920K(81920K)->0K(81920K) From: 352K(2560K)->928K(2560K)
[14873.720s][info][gc,heap        ] GC(32604) ParOldGen: 584016K(585216K)->584064K(585216K)
[14873.720s][info][gc,metaspace   ] GC(32604) Metaspace: 62366K(62592K)->62366K(62592K) NonClass: 53329K(53504K)->53329K(53504K) Class: 9037K(9088K)->9037K(9088K)
[14873.720s][info][gc             ] GC(32604) Pause Young (Allocation Failure) 650M->571M(654M) 4.010ms
[14873.720s][info][gc,cpu         ] GC(32604) User=0.01s Sys=0.00s Real=0.00s
[14874.189s][info][gc,start       ] GC(32605) Pause Young (Allocation Failure)
[14874.192s][info][gc,heap        ] GC(32605) PSYoungGen: 82848K(84480K)->576K(84480K) Eden: 81920K(81920K)->0K(81920K) From: 928K(2560K)->576K(2560K)
[14874.192s][info][gc,heap        ] GC(32605) ParOldGen: 584064K(585216K)->584120K(585216K)
[14874.192s][info][gc,metaspace   ] GC(32605) Metaspace: 62366K(62592K)->62366K(62592K) NonClass: 53329K(53504K)->53329K(53504K) Class: 9037K(9088K)->9037K(9088K)
[14874.192s][info][gc             ] GC(32605) Pause Young (Allocation Failure) 651M->570M(654M) 2.892ms
[14874.192s][info][gc,cpu         ] GC(32605) User=0.01s Sys=0.00s Real=0.00s
[14874.683s][info][gc,start       ] GC(32606) Pause Young (Allocation Failure)
[14874.685s][info][gc,heap        ] GC(32606) PSYoungGen: 82496K(84480K)->448K(84480K) Eden: 81920K(81920K)->0K(81920K) From: 576K(2560K)->448K(2560K)
[14874.685s][info][gc,heap        ] GC(32606) ParOldGen: 584120K(585216K)->584168K(585216K)
[14874.685s][info][gc,metaspace   ] GC(32606) Metaspace: 62366K(62592K)->62366K(62592K) NonClass: 53329K(53504K)->53329K(53504K) Class: 9037K(9088K)->9037K(9088K)
[14874.685s][info][gc             ] GC(32606) Pause Young (Allocation Failure) 650M->570M(654M) 2.898ms
[14874.686s][info][gc,cpu         ] GC(32606) User=0.00s Sys=0.00s Real=0.01s
[14875.145s][info][gc,start       ] GC(32607) Pause Young (Allocation Failure)
[14875.148s][info][gc,heap        ] GC(32607) PSYoungGen: 82368K(84480K)->1376K(84480K) Eden: 81920K(81920K)->0K(81920K) From: 448K(2560K)->1376K(2560K)
[14875.149s][info][gc,heap        ] GC(32607) ParOldGen: 584168K(585216K)->584216K(585216K)
[14875.149s][info][gc,metaspace   ] GC(32607) Metaspace: 62366K(62592K)->62366K(62592K) NonClass: 53329K(53504K)->53329K(53504K) Class: 9037K(9088K)->9037K(9088K)
[14875.149s][info][gc             ] GC(32607) Pause Young (Allocation Failure) 650M->571M(654M) 3.906ms
[14875.149s][info][gc,cpu         ] GC(32607) User=0.01s Sys=0.01s Real=0.00s
[14875.610s][info][gc,start       ] GC(32608) Pause Young (Allocation Failure)
[14875.613s][info][gc,heap        ] GC(32608) PSYoungGen: 83296K(84480K)->832K(84992K) Eden: 81920K(81920K)->0K(82432K) From: 1376K(2560K)->832K(2560K)
[14875.613s][info][gc,heap        ] GC(32608) ParOldGen: 584216K(585216K)->584264K(585216K)
[14875.613s][info][gc,metaspace   ] GC(32608) Metaspace: 62366K(62592K)->62366K(62592K) NonClass: 53329K(53504K)->53329K(53504K) Class: 9037K(9088K)->9037K(9088K)
[14875.613s][info][gc             ] GC(32608) Pause Young (Allocation Failure) 651M->571M(654M) 3.320ms
[14875.613s][info][gc,cpu         ] GC(32608) User=0.00s Sys=0.00s Real=0.00s
[14876.119s][info][gc,start       ] GC(32609) Pause Young (Allocation Failure)
[14876.122s][info][gc,heap        ] GC(32609) PSYoungGen: 83264K(84992K)->928K(84480K) Eden: 82432K(82432K)->0K(82432K) From: 832K(2560K)->928K(2048K)
[14876.122s][info][gc,heap        ] GC(32609) ParOldGen: 584264K(585216K)->584312K(585216K)
[14876.122s][info][gc,metaspace   ] GC(32609) Metaspace: 62366K(62592K)->62366K(62592K) NonClass: 53329K(53504K)->53329K(53504K) Class: 9037K(9088K)->9037K(9088K)
[14876.122s][info][gc             ] GC(32609) Pause Young (Allocation Failure) 651M->571M(654M) 3.390ms
[14876.122s][info][gc,cpu         ] GC(32609) User=0.01s Sys=0.00s Real=0.00s
[14876.619s][info][gc,start       ] GC(32610) Pause Young (Allocation Failure)
[14876.623s][info][gc,heap        ] GC(32610) PSYoungGen: 83360K(84480K)->928K(84992K) Eden: 82432K(82432K)->0K(82944K) From: 928K(2048K)->928K(2048K)
[14876.623s][info][gc,heap        ] GC(32610) ParOldGen: 584312K(585216K)->584360K(585216K)
[14876.623s][info][gc,metaspace   ] GC(32610) Metaspace: 62366K(62592K)->62366K(62592K) NonClass: 53329K(53504K)->53329K(53504K) Class: 9037K(9088K)->9037K(9088K)
[14876.623s][info][gc             ] GC(32610) Pause Young (Allocation Failure) 652M->571M(654M) 3.413ms
[14876.623s][info][gc,cpu         ] GC(32610) User=0.00s Sys=0.00s Real=0.00s
[14877.129s][info][gc,start       ] GC(32611) Pause Young (Allocation Failure)
[14877.132s][info][gc,heap        ] GC(32611) PSYoungGen: 83872K(84992K)->1024K(84992K) Eden: 82944K(82944K)->0K(82944K) From: 928K(2048K)->1024K(2048K)
[14877.132s][info][gc,heap        ] GC(32611) ParOldGen: 584360K(585216K)->584408K(585216K)
[14877.132s][info][gc,metaspace   ] GC(32611) Metaspace: 62366K(62592K)->62366K(62592K) NonClass: 53329K(53504K)->53329K(53504K) Class: 9037K(9088K)->9037K(9088K)
[14877.132s][info][gc             ] GC(32611) Pause Young (Allocation Failure) 652M->571M(654M) 3.573ms
[14877.133s][info][gc,cpu         ] GC(32611) User=0.01s Sys=0.00s Real=0.00s
[14877.637s][info][gc,start       ] GC(32612) Pause Young (Allocation Failure)
[14877.641s][info][gc,heap        ] GC(32612) PSYoungGen: 83968K(84992K)->1184K(84992K) Eden: 82944K(82944K)->0K(82944K) From: 1024K(2048K)->1184K(2048K)
[14877.641s][info][gc,heap        ] GC(32612) ParOldGen: 584408K(585216K)->584456K(585216K)
[14877.641s][info][gc,metaspace   ] GC(32612) Metaspace: 62366K(62592K)->62366K(62592K) NonClass: 53329K(53504K)->53329K(53504K) Class: 9037K(9088K)->9037K(9088K)
[14877.641s][info][gc             ] GC(32612) Pause Young (Allocation Failure) 652M->571M(654M) 3.782ms
[14877.641s][info][gc,cpu         ] GC(32612) User=0.01s Sys=0.00s Real=0.00s
[14878.151s][info][gc,start       ] GC(32613) Pause Young (Allocation Failure)
[14878.155s][info][gc,heap        ] GC(32613) PSYoungGen: 84128K(84992K)->1344K(84992K) Eden: 82944K(82944K)->0K(82944K) From: 1184K(2048K)->1344K(2048K)
[14878.155s][info][gc,heap        ] GC(32613) ParOldGen: 584456K(585216K)->584512K(585216K)
[14878.155s][info][gc,metaspace   ] GC(32613) Metaspace: 62366K(62592K)->62366K(62592K) NonClass: 53329K(53504K)->53329K(53504K) Class: 9037K(9088K)->9037K(9088K)
[14878.155s][info][gc             ] GC(32613) Pause Young (Allocation Failure) 652M->572M(654M) 3.991ms
[14878.155s][info][gc,cpu         ] GC(32613) User=0.01s Sys=0.00s Real=0.01s
[14878.607s][info][gc,start       ] GC(32614) Pause Young (Allocation Failure)
[14878.611s][info][gc,heap        ] GC(32614) PSYoungGen: 84288K(84992K)->896K(84992K) Eden: 82944K(82944K)->0K(82944K) From: 1344K(2048K)->896K(2048K)
[14878.611s][info][gc,heap        ] GC(32614) ParOldGen: 584512K(585216K)->584560K(585216K)
[14878.611s][info][gc,metaspace   ] GC(32614) Metaspace: 62366K(62592K)->62366K(62592K) NonClass: 53329K(53504K)->53329K(53504K) Class: 9037K(9088K)->9037K(9088K)
[14878.611s][info][gc             ] GC(32614) Pause Young (Allocation Failure) 653M->571M(654M) 3.418ms
[14878.611s][info][gc,cpu         ] GC(32614) User=0.01s Sys=0.00s Real=0.00s
[14879.054s][info][gc,start       ] GC(32615) Pause Young (Allocation Failure)
[14879.058s][info][gc,heap        ] GC(32615) PSYoungGen: 83840K(84992K)->1504K(84992K) Eden: 82944K(82944K)->0K(82944K) From: 896K(2048K)->1504K(2048K)
[14879.058s][info][gc,heap        ] GC(32615) ParOldGen: 584560K(585216K)->584608K(585216K)
[14879.058s][info][gc,metaspace   ] GC(32615) Metaspace: 62366K(62592K)->62366K(62592K) NonClass: 53329K(53504K)->53329K(53504K) Class: 9037K(9088K)->9037K(9088K)
[14879.058s][info][gc             ] GC(32615) Pause Young (Allocation Failure) 652M->572M(654M) 4.128ms
[14879.058s][info][gc,cpu         ] GC(32615) User=0.00s Sys=0.00s Real=0.01s
[14879.513s][info][gc,start       ] GC(32616) Pause Young (Allocation Failure)
[14879.517s][info][gc,heap        ] GC(32616) PSYoungGen: 84448K(84992K)->928K(84992K) Eden: 82944K(82944K)->0K(82944K) From: 1504K(2048K)->928K(2048K)
[14879.517s][info][gc,heap        ] GC(32616) ParOldGen: 584608K(585216K)->584656K(585216K)
[14879.517s][info][gc,metaspace   ] GC(32616) Metaspace: 62366K(62592K)->62366K(62592K) NonClass: 53329K(53504K)->53329K(53504K) Class: 9037K(9088K)->9037K(9088K)
[14879.517s][info][gc             ] GC(32616) Pause Young (Allocation Failure) 653M->571M(654M) 3.539ms
[14879.517s][info][gc,cpu         ] GC(32616) User=0.01s Sys=0.00s Real=0.01s
[14880.020s][info][gc,start       ] GC(32617) Pause Young (Allocation Failure)
[14880.023s][info][gc,heap        ] GC(32617) PSYoungGen: 83872K(84992K)->992K(84992K) Eden: 82944K(82944K)->0K(82944K) From: 928K(2048K)->992K(2048K)
[14880.023s][info][gc,heap        ] GC(32617) ParOldGen: 584656K(585216K)->584704K(585216K)
[14880.023s][info][gc,metaspace   ] GC(32617) Metaspace: 62366K(62592K)->62366K(62592K) NonClass: 53329K(53504K)->53329K(53504K) Class: 9037K(9088K)->9037K(9088K)
[14880.023s][info][gc             ] GC(32617) Pause Young (Allocation Failure) 652M->571M(654M) 3.420ms
[14880.023s][info][gc,cpu         ] GC(32617) User=0.01s Sys=0.00s Real=0.00s
[14880.576s][info][gc,start       ] GC(32618) Pause Young (Allocation Failure)
[14880.578s][info][gc,heap        ] GC(32618) PSYoungGen: 83936K(84992K)->416K(84992K) Eden: 82944K(82944K)->0K(82944K) From: 992K(2048K)->416K(2048K)
[14880.578s][info][gc,heap        ] GC(32618) ParOldGen: 584704K(585216K)->584752K(585216K)
[14880.578s][info][gc,metaspace   ] GC(32618) Metaspace: 62366K(62592K)->62366K(62592K) NonClass: 53329K(53504K)->53329K(53504K) Class: 9037K(9088K)->9037K(9088K)
[14880.579s][info][gc             ] GC(32618) Pause Young (Allocation Failure) 652M->571M(654M) 2.776ms
[14880.579s][info][gc,cpu         ] GC(32618) User=0.01s Sys=0.00s Real=0.00s
[14881.061s][info][gc,start       ] GC(32619) Pause Young (Allocation Failure)
[14881.065s][info][gc,heap        ] GC(32619) PSYoungGen: 83360K(84992K)->1216K(84992K) Eden: 82944K(82944K)->0K(82944K) From: 416K(2048K)->1216K(2048K)
[14881.065s][info][gc,heap        ] GC(32619) ParOldGen: 584752K(585216K)->585880K(586752K)
[14881.065s][info][gc,metaspace   ] GC(32619) Metaspace: 62366K(62592K)->62366K(62592K) NonClass: 53329K(53504K)->53329K(53504K) Class: 9037K(9088K)->9037K(9088K)
[14881.065s][info][gc             ] GC(32619) Pause Young (Allocation Failure) 652M->573M(656M) 3.283ms
[14881.065s][info][gc,cpu         ] GC(32619) User=0.01s Sys=0.00s Real=0.01s
[14881.613s][info][gc,start       ] GC(32620) Pause Young (Allocation Failure)
[14881.617s][info][gc,heap        ] GC(32620) PSYoungGen: 84160K(84992K)->800K(84992K) Eden: 82944K(82944K)->0K(82944K) From: 1216K(2048K)->800K(2048K)
[14881.617s][info][gc,heap        ] GC(32620) ParOldGen: 585880K(586752K)->586952K(588288K)
[14881.617s][info][gc,metaspace   ] GC(32620) Metaspace: 62366K(62592K)->62366K(62592K) NonClass: 53329K(53504K)->53329K(53504K) Class: 9037K(9088K)->9037K(9088K)
[14881.617s][info][gc             ] GC(32620) Pause Young (Allocation Failure) 654M->573M(657M) 3.798ms
[14881.617s][info][gc,cpu         ] GC(32620) User=0.01s Sys=0.00s Real=0.01s
[14882.161s][info][gc,start       ] GC(32621) Pause Young (Allocation Failure)
[14882.164s][info][gc,heap        ] GC(32621) PSYoungGen: 83744K(84992K)->192K(84992K) Eden: 82944K(82944K)->0K(82944K) From: 800K(2048K)->192K(2048K)
[14882.164s][info][gc,heap        ] GC(32621) ParOldGen: 586952K(588288K)->587000K(588288K)
[14882.164s][info][gc,metaspace   ] GC(32621) Metaspace: 62366K(62592K)->62366K(62592K) NonClass: 53329K(53504K)->53329K(53504K) Class: 9037K(9088K)->9037K(9088K)
[14882.164s][info][gc             ] GC(32621) Pause Young (Allocation Failure) 654M->573M(657M) 2.592ms
[14882.164s][info][gc,cpu         ] GC(32621) User=0.00s Sys=0.00s Real=0.00s
[14882.707s][info][gc,start       ] GC(32622) Pause Young (Allocation Failure)
[14882.710s][info][gc,heap        ] GC(32622) PSYoungGen: 83136K(84992K)->800K(84992K) Eden: 82944K(82944K)->0K(82944K) From: 192K(2048K)->800K(2048K)
[14882.710s][info][gc,heap        ] GC(32622) ParOldGen: 587000K(588288K)->587048K(588288K)
[14882.710s][info][gc,metaspace   ] GC(32622) Metaspace: 62366K(62592K)->62366K(62592K) NonClass: 53329K(53504K)->53329K(53504K) Class: 9037K(9088K)->9037K(9088K)
[14882.710s][info][gc             ] GC(32622) Pause Young (Allocation Failure) 654M->574M(657M) 3.265ms
[14882.710s][info][gc,cpu         ] GC(32622) User=0.01s Sys=0.00s Real=0.00s
[14883.202s][info][gc,start       ] GC(32623) Pause Young (Allocation Failure)
[14883.205s][info][gc,heap        ] GC(32623) PSYoungGen: 83744K(84992K)->736K(84992K) Eden: 82944K(82944K)->0K(82944K) From: 800K(2048K)->736K(2048K)
[14883.205s][info][gc,heap        ] GC(32623) ParOldGen: 587048K(588288K)->587096K(588288K)
[14883.205s][info][gc,metaspace   ] GC(32623) Metaspace: 62366K(62592K)->62366K(62592K) NonClass: 53329K(53504K)->53329K(53504K) Class: 9037K(9088K)->9037K(9088K)
[14883.205s][info][gc             ] GC(32623) Pause Young (Allocation Failure) 655M->574M(657M) 3.115ms
[14883.205s][info][gc,cpu         ] GC(32623) User=0.01s Sys=0.00s Real=0.01s
[14883.694s][info][gc,start       ] GC(32624) Pause Young (Allocation Failure)
[14883.697s][info][gc,heap        ] GC(32624) PSYoungGen: 83680K(84992K)->704K(84992K) Eden: 82944K(82944K)->0K(82944K) From: 736K(2048K)->704K(2048K)
[14883.697s][info][gc,heap        ] GC(32624) ParOldGen: 587096K(588288K)->587144K(588288K)
[14883.697s][info][gc,metaspace   ] GC(32624) Metaspace: 62366K(62592K)->62366K(62592K) NonClass: 53329K(53504K)->53329K(53504K) Class: 9037K(9088K)->9037K(9088K)
[14883.698s][info][gc             ] GC(32624) Pause Young (Allocation Failure) 655M->574M(657M) 3.091ms
[14883.698s][info][gc,cpu         ] GC(32624) User=0.01s Sys=0.00s Real=0.00s
[14884.142s][info][gc,start       ] GC(32625) Pause Young (Allocation Failure)
[14884.146s][info][gc,heap        ] GC(32625) PSYoungGen: 83648K(84992K)->1376K(84992K) Eden: 82944K(82944K)->0K(82944K) From: 704K(2048K)->1376K(2048K)
[14884.146s][info][gc,heap        ] GC(32625) ParOldGen: 587144K(588288K)->587192K(588288K)
[14884.146s][info][gc,metaspace   ] GC(32625) Metaspace: 62366K(62592K)->62366K(62592K) NonClass: 53329K(53504K)->53329K(53504K) Class: 9037K(9088K)->9037K(9088K)
[14884.146s][info][gc             ] GC(32625) Pause Young (Allocation Failure) 655M->574M(657M) 3.840ms
[14884.146s][info][gc,cpu         ] GC(32625) User=0.01s Sys=0.00s Real=0.01s
[14884.579s][info][gc,start       ] GC(32626) Pause Young (Allocation Failure)
[14884.582s][info][gc,heap        ] GC(32626) PSYoungGen: 84320K(84992K)->448K(84992K) Eden: 82944K(82944K)->0K(82944K) From: 1376K(2048K)->448K(2048K)
[14884.582s][info][gc,heap        ] GC(32626) ParOldGen: 587192K(588288K)->587240K(588288K)
[14884.582s][info][gc,metaspace   ] GC(32626) Metaspace: 62366K(62592K)->62366K(62592K) NonClass: 53329K(53504K)->53329K(53504K) Class: 9037K(9088K)->9037K(9088K)
[14884.582s][info][gc             ] GC(32626) Pause Young (Allocation Failure) 655M->573M(657M) 2.644ms
[14884.582s][info][gc,cpu         ] GC(32626) User=0.01s Sys=0.00s Real=0.00s
[14885.029s][info][gc,start       ] GC(32627) Pause Young (Allocation Failure)
[14885.033s][info][gc,heap        ] GC(32627) PSYoungGen: 83392K(84992K)->1216K(84992K) Eden: 82944K(82944K)->0K(82944K) From: 448K(2048K)->1216K(2048K)
[14885.033s][info][gc,heap        ] GC(32627) ParOldGen: 587240K(588288K)->587288K(588288K)
[14885.033s][info][gc,metaspace   ] GC(32627) Metaspace: 62366K(62592K)->62366K(62592K) NonClass: 53329K(53504K)->53329K(53504K) Class: 9037K(9088K)->9037K(9088K)
[14885.033s][info][gc             ] GC(32627) Pause Young (Allocation Failure) 654M->574M(657M) 3.743ms
[14885.033s][info][gc,cpu         ] GC(32627) User=0.00s Sys=0.00s Real=0.00s
[14885.510s][info][gc,start       ] GC(32628) Pause Young (Allocation Failure)
[14885.514s][info][gc,heap        ] GC(32628) PSYoungGen: 84160K(84992K)->896K(84992K) Eden: 82944K(82944K)->0K(82944K) From: 1216K(2048K)->896K(2048K)
[14885.514s][info][gc,heap        ] GC(32628) ParOldGen: 587288K(588288K)->587336K(588288K)
[14885.514s][info][gc,metaspace   ] GC(32628) Metaspace: 62366K(62592K)->62366K(62592K) NonClass: 53329K(53504K)->53329K(53504K) Class: 9037K(9088K)->9037K(9088K)
[14885.514s][info][gc             ] GC(32628) Pause Young (Allocation Failure) 655M->574M(657M) 3.412ms
[14885.514s][info][gc,cpu         ] GC(32628) User=0.01s Sys=0.00s Real=0.00s
[14885.982s][info][gc,start       ] GC(32629) Pause Young (Allocation Failure)
[14885.984s][info][gc,heap        ] GC(32629) PSYoungGen: 83840K(84992K)->512K(84992K) Eden: 82944K(82944K)->0K(82944K) From: 896K(2048K)->512K(2048K)
[14885.984s][info][gc,heap        ] GC(32629) ParOldGen: 587336K(588288K)->587384K(588288K)
[14885.984s][info][gc,metaspace   ] GC(32629) Metaspace: 62366K(62592K)->62366K(62592K) NonClass: 53329K(53504K)->53329K(53504K) Class: 9037K(9088K)->9037K(9088K)
[14885.985s][info][gc             ] GC(32629) Pause Young (Allocation Failure) 655M->574M(657M) 2.943ms
[14885.985s][info][gc,cpu         ] GC(32629) User=0.01s Sys=0.00s Real=0.01s
[14886.485s][info][gc,start       ] GC(32630) Pause Young (Allocation Failure)
[14886.488s][info][gc,heap        ] GC(32630) PSYoungGen: 83456K(84992K)->1536K(84992K) Eden: 82944K(82944K)->0K(82944K) From: 512K(2048K)->1536K(2048K)
[14886.488s][info][gc,heap        ] GC(32630) ParOldGen: 587384K(588288K)->587432K(588288K)
[14886.488s][info][gc,metaspace   ] GC(32630) Metaspace: 62366K(62592K)->62366K(62592K) NonClass: 53329K(53504K)->53329K(53504K) Class: 9037K(9088K)->9037K(9088K)
[14886.488s][info][gc             ] GC(32630) Pause Young (Allocation Failure) 655M->575M(657M) 2.982ms
[14886.488s][info][gc,cpu         ] GC(32630) User=0.01s Sys=0.00s Real=0.00s
[14886.921s][info][gc,start       ] GC(32631) Pause Young (Allocation Failure)
[14886.925s][info][gc,heap        ] GC(32631) PSYoungGen: 84480K(84992K)->1088K(84992K) Eden: 82944K(82944K)->0K(82944K) From: 1536K(2048K)->1088K(2048K)
[14886.925s][info][gc,heap        ] GC(32631) ParOldGen: 587432K(588288K)->588504K(589824K)
[14886.925s][info][gc,metaspace   ] GC(32631) Metaspace: 62366K(62592K)->62366K(62592K) NonClass: 53329K(53504K)->53329K(53504K) Class: 9037K(9088K)->9037K(9088K)
[14886.925s][info][gc             ] GC(32631) Pause Young (Allocation Failure) 656M->575M(659M) 4.007ms
[14886.925s][info][gc,cpu         ] GC(32631) User=0.01s Sys=0.00s Real=0.01s
[14887.374s][info][gc,start       ] GC(32632) Pause Young (Allocation Failure)
[14887.377s][info][gc,heap        ] GC(32632) PSYoungGen: 84032K(84992K)->384K(84992K) Eden: 82944K(82944K)->0K(82944K) From: 1088K(2048K)->384K(2048K)
[14887.377s][info][gc,heap        ] GC(32632) ParOldGen: 588504K(589824K)->588552K(589824K)
[14887.377s][info][gc,metaspace   ] GC(32632) Metaspace: 62366K(62592K)->62366K(62592K) NonClass: 53329K(53504K)->53329K(53504K) Class: 9037K(9088K)->9037K(9088K)
[14887.377s][info][gc             ] GC(32632) Pause Young (Allocation Failure) 656M->575M(659M) 2.723ms
[14887.377s][info][gc,cpu         ] GC(32632) User=0.01s Sys=0.00s Real=0.00s
[14887.883s][info][gc,start       ] GC(32633) Pause Young (Allocation Failure)
[14887.886s][info][gc,heap        ] GC(32633) PSYoungGen: 83328K(84992K)->480K(84992K) Eden: 82944K(82944K)->0K(82944K) From: 384K(2048K)->480K(2048K)
[14887.886s][info][gc,heap        ] GC(32633) ParOldGen: 588552K(589824K)->588600K(589824K)
[14887.886s][info][gc,metaspace   ] GC(32633) Metaspace: 62366K(62592K)->62366K(62592K) NonClass: 53329K(53504K)->53329K(53504K) Class: 9037K(9088K)->9037K(9088K)
[14887.886s][info][gc             ] GC(32633) Pause Young (Allocation Failure) 656M->575M(659M) 2.702ms
[14887.886s][info][gc,cpu         ] GC(32633) User=0.00s Sys=0.00s Real=0.01s
[14888.427s][info][gc,start       ] GC(32634) Pause Young (Allocation Failure)
[14888.430s][info][gc,heap        ] GC(32634) PSYoungGen: 83424K(84992K)->1088K(84992K) Eden: 82944K(82944K)->0K(82944K) From: 480K(2048K)->1088K(2048K)
[14888.430s][info][gc,heap        ] GC(32634) ParOldGen: 588600K(589824K)->588648K(589824K)
[14888.430s][info][gc,metaspace   ] GC(32634) Metaspace: 62366K(62592K)->62366K(62592K) NonClass: 53329K(53504K)->53329K(53504K) Class: 9037K(9088K)->9037K(9088K)
[14888.430s][info][gc             ] GC(32634) Pause Young (Allocation Failure) 656M->575M(659M) 3.690ms
[14888.430s][info][gc,cpu         ] GC(32634) User=0.01s Sys=0.00s Real=0.00s
[14888.923s][info][gc,start       ] GC(32635) Pause Young (Allocation Failure)
[14888.926s][info][gc,heap        ] GC(32635) PSYoungGen: 84032K(84992K)->992K(84992K) Eden: 82944K(82944K)->0K(82944K) From: 1088K(2048K)->992K(2048K)
[14888.926s][info][gc,heap        ] GC(32635) ParOldGen: 588648K(589824K)->588752K(589824K)
[14888.926s][info][gc,metaspace   ] GC(32635) Metaspace: 62366K(62592K)->62366K(62592K) NonClass: 53329K(53504K)->53329K(53504K) Class: 9037K(9088K)->9037K(9088K)
[14888.926s][info][gc             ] GC(32635) Pause Young (Allocation Failure) 656M->575M(659M) 3.591ms
[14888.926s][info][gc,cpu         ] GC(32635) User=0.01s Sys=0.00s Real=0.01s
[14889.410s][info][gc,start       ] GC(32636) Pause Young (Allocation Failure)
[14889.413s][info][gc,heap        ] GC(32636) PSYoungGen: 83936K(84992K)->832K(84992K) Eden: 82944K(82944K)->0K(82944K) From: 992K(2048K)->832K(2048K)
[14889.413s][info][gc,heap        ] GC(32636) ParOldGen: 588752K(589824K)->588800K(589824K)
[14889.413s][info][gc,metaspace   ] GC(32636) Metaspace: 62366K(62592K)->62366K(62592K) NonClass: 53329K(53504K)->53329K(53504K) Class: 9037K(9088K)->9037K(9088K)
[14889.413s][info][gc             ] GC(32636) Pause Young (Allocation Failure) 656M->575M(659M) 3.475ms
[14889.413s][info][gc,cpu         ] GC(32636) User=0.00s Sys=0.00s Real=0.00s
[14889.822s][info][gc,start       ] GC(32637) Pause Young (Allocation Failure)
[14889.826s][info][gc,heap        ] GC(32637) PSYoungGen: 83776K(84992K)->1088K(84992K) Eden: 82944K(82944K)->0K(82944K) From: 832K(2048K)->1088K(2048K)
[14889.826s][info][gc,heap        ] GC(32637) ParOldGen: 588800K(589824K)->588848K(589824K)
[14889.826s][info][gc,metaspace   ] GC(32637) Metaspace: 62366K(62592K)->62366K(62592K) NonClass: 53329K(53504K)->53329K(53504K) Class: 9037K(9088K)->9037K(9088K)
[14889.826s][info][gc             ] GC(32637) Pause Young (Allocation Failure) 656M->576M(659M) 3.604ms
[14889.826s][info][gc,cpu         ] GC(32637) User=0.00s Sys=0.00s Real=0.01s
[14890.273s][info][gc,start       ] GC(32638) Pause Young (Allocation Failure)
[14890.275s][info][gc,heap        ] GC(32638) PSYoungGen: 84032K(84992K)->384K(84992K) Eden: 82944K(82944K)->0K(82944K) From: 1088K(2048K)->384K(2048K)
[14890.275s][info][gc,heap        ] GC(32638) ParOldGen: 588848K(589824K)->588904K(589824K)
[14890.275s][info][gc,metaspace   ] GC(32638) Metaspace: 62366K(62592K)->62366K(62592K) NonClass: 53329K(53504K)->53329K(53504K) Class: 9037K(9088K)->9037K(9088K)
[14890.275s][info][gc             ] GC(32638) Pause Young (Allocation Failure) 657M->575M(659M) 2.754ms
[14890.275s][info][gc,cpu         ] GC(32638) User=0.01s Sys=0.00s Real=0.01s
[14890.745s][info][gc,start       ] GC(32639) Pause Young (Allocation Failure)
[14890.749s][info][gc,heap        ] GC(32639) PSYoungGen: 83328K(84992K)->1344K(84992K) Eden: 82944K(82944K)->0K(82944K) From: 384K(2048K)->1344K(2048K)
[14890.749s][info][gc,heap        ] GC(32639) ParOldGen: 588904K(589824K)->588960K(589824K)
[14890.749s][info][gc,metaspace   ] GC(32639) Metaspace: 62366K(62592K)->62366K(62592K) NonClass: 53329K(53504K)->53329K(53504K) Class: 9037K(9088K)->9037K(9088K)
[14890.749s][info][gc             ] GC(32639) Pause Young (Allocation Failure) 656M->576M(659M) 3.927ms
[14890.749s][info][gc,cpu         ] GC(32639) User=0.00s Sys=0.00s Real=0.00s
[14891.233s][info][gc,start       ] GC(32640) Pause Young (Allocation Failure)
[14891.237s][info][gc,heap        ] GC(32640) PSYoungGen: 84288K(84992K)->2016K(83968K) Eden: 82944K(82944K)->0K(81920K) From: 1344K(2048K)->2016K(2048K)
[14891.237s][info][gc,heap        ] GC(32640) ParOldGen: 588960K(589824K)->589208K(589824K)
[14891.237s][info][gc,metaspace   ] GC(32640) Metaspace: 62366K(62592K)->62366K(62592K) NonClass: 53329K(53504K)->53329K(53504K) Class: 9037K(9088K)->9037K(9088K)
[14891.237s][info][gc             ] GC(32640) Pause Young (Allocation Failure) 657M->577M(658M) 3.961ms
[14891.237s][info][gc,cpu         ] GC(32640) User=0.01s Sys=0.00s Real=0.01s
[14891.675s][info][gc,start       ] GC(32641) Pause Young (Allocation Failure)
[14891.679s][info][gc,heap        ] GC(32641) PSYoungGen: 83936K(83968K)->416K(84480K) Eden: 81920K(81920K)->0K(81920K) From: 2016K(2048K)->416K(2560K)
[14891.679s][info][gc,heap        ] GC(32641) ParOldGen: 589208K(589824K)->591280K(591360K)
[14891.679s][info][gc,metaspace   ] GC(32641) Metaspace: 62366K(62592K)->62366K(62592K) NonClass: 53329K(53504K)->53329K(53504K) Class: 9037K(9088K)->9037K(9088K)
[14891.679s][info][gc             ] GC(32641) Pause Young (Allocation Failure) 657M->577M(660M) 3.917ms
[14891.679s][info][gc,cpu         ] GC(32641) User=0.00s Sys=0.00s Real=0.00s
[14892.117s][info][gc,start       ] GC(32642) Pause Young (Allocation Failure)
[14892.121s][info][gc,heap        ] GC(32642) PSYoungGen: 82336K(84480K)->1056K(84480K) Eden: 81920K(81920K)->0K(81920K) From: 416K(2560K)->1056K(2560K)
[14892.121s][info][gc,heap        ] GC(32642) ParOldGen: 591280K(591360K)->591328K(591360K)
[14892.121s][info][gc,metaspace   ] GC(32642) Metaspace: 62366K(62592K)->62366K(62592K) NonClass: 53329K(53504K)->53329K(53504K) Class: 9037K(9088K)->9037K(9088K)
[14892.121s][info][gc             ] GC(32642) Pause Young (Allocation Failure) 657M->578M(660M) 3.692ms
[14892.121s][info][gc,cpu         ] GC(32642) User=0.01s Sys=0.00s Real=0.00s
[14892.591s][info][gc,start       ] GC(32643) Pause Young (Allocation Failure)
[14892.594s][info][gc,heap        ] GC(32643) PSYoungGen: 82976K(84480K)->608K(84480K) Eden: 81920K(81920K)->0K(81920K) From: 1056K(2560K)->608K(2560K)
[14892.594s][info][gc,heap        ] GC(32643) ParOldGen: 591328K(591360K)->591376K(591872K)
[14892.594s][info][gc,metaspace   ] GC(32643) Metaspace: 62366K(62592K)->62366K(62592K) NonClass: 53329K(53504K)->53329K(53504K) Class: 9037K(9088K)->9037K(9088K)
[14892.594s][info][gc             ] GC(32643) Pause Young (Allocation Failure) 658M->578M(660M) 3.090ms
[14892.594s][info][gc,cpu         ] GC(32643) User=0.01s Sys=0.00s Real=0.01s
[14893.091s][info][gc,start       ] GC(32644) Pause Young (Allocation Failure)
[14893.094s][info][gc,heap        ] GC(32644) PSYoungGen: 82528K(84480K)->576K(84992K) Eden: 81920K(81920K)->0K(82944K) From: 608K(2560K)->576K(2048K)
[14893.094s][info][gc,heap        ] GC(32644) ParOldGen: 591376K(591872K)->591424K(591872K)
[14893.094s][info][gc,metaspace   ] GC(32644) Metaspace: 62366K(62592K)->62366K(62592K) NonClass: 53329K(53504K)->53329K(53504K) Class: 9037K(9088K)->9037K(9088K)
[14893.094s][info][gc             ] GC(32644) Pause Young (Allocation Failure) 658M->578M(661M) 2.960ms
[14893.094s][info][gc,cpu         ] GC(32644) User=0.01s Sys=0.00s Real=0.00s
[14893.615s][info][gc,start       ] GC(32645) Pause Young (Allocation Failure)
[14893.618s][info][gc,heap        ] GC(32645) PSYoungGen: 83520K(84992K)->896K(84992K) Eden: 82944K(82944K)->0K(82944K) From: 576K(2048K)->896K(2048K)
[14893.618s][info][gc,heap        ] GC(32645) ParOldGen: 591424K(591872K)->591472K(591872K)
[14893.618s][info][gc,metaspace   ] GC(32645) Metaspace: 62366K(62592K)->62366K(62592K) NonClass: 53329K(53504K)->53329K(53504K) Class: 9037K(9088K)->9037K(9088K)
[14893.618s][info][gc             ] GC(32645) Pause Young (Allocation Failure) 659M->578M(661M) 3.428ms
[14893.618s][info][gc,cpu         ] GC(32645) User=0.01s Sys=0.00s Real=0.00s
[14894.117s][info][gc,start       ] GC(32646) Pause Young (Allocation Failure)
[14894.120s][info][gc,heap        ] GC(32646) PSYoungGen: 83840K(84992K)->864K(84992K) Eden: 82944K(82944K)->0K(82944K) From: 896K(2048K)->864K(2048K)
[14894.120s][info][gc,heap        ] GC(32646) ParOldGen: 591472K(591872K)->591520K(591872K)
[14894.120s][info][gc,metaspace   ] GC(32646) Metaspace: 62366K(62592K)->62366K(62592K) NonClass: 53329K(53504K)->53329K(53504K) Class: 9037K(9088K)->9037K(9088K)
[14894.120s][info][gc             ] GC(32646) Pause Young (Allocation Failure) 659M->578M(661M) 3.557ms
[14894.120s][info][gc,cpu         ] GC(32646) User=0.00s Sys=0.01s Real=0.00s
[14894.618s][info][gc,start       ] GC(32647) Pause Young (Allocation Failure)
[14894.621s][info][gc,heap        ] GC(32647) PSYoungGen: 83808K(84992K)->928K(84992K) Eden: 82944K(82944K)->0K(82944K) From: 864K(2048K)->928K(2048K)
[14894.621s][info][gc,heap        ] GC(32647) ParOldGen: 591520K(591872K)->591568K(591872K)
[14894.621s][info][gc,metaspace   ] GC(32647) Metaspace: 62366K(62592K)->62366K(62592K) NonClass: 53329K(53504K)->53329K(53504K) Class: 9037K(9088K)->9037K(9088K)
[14894.621s][info][gc             ] GC(32647) Pause Young (Allocation Failure) 659M->578M(661M) 3.393ms
[14894.621s][info][gc,cpu         ] GC(32647) User=0.01s Sys=0.00s Real=0.00s
[14895.120s][info][gc,start       ] GC(32648) Pause Young (Allocation Failure)
[14895.124s][info][gc,heap        ] GC(32648) PSYoungGen: 83872K(84992K)->960K(84992K) Eden: 82944K(82944K)->0K(82944K) From: 928K(2048K)->960K(2048K)
[14895.124s][info][gc,heap        ] GC(32648) ParOldGen: 591568K(591872K)->591624K(591872K)
[14895.124s][info][gc,metaspace   ] GC(32648) Metaspace: 62366K(62592K)->62366K(62592K) NonClass: 53329K(53504K)->53329K(53504K) Class: 9037K(9088K)->9037K(9088K)
[14895.124s][info][gc             ] GC(32648) Pause Young (Allocation Failure) 659M->578M(661M) 3.464ms
[14895.124s][info][gc,cpu         ] GC(32648) User=0.00s Sys=0.00s Real=0.00s
[14895.624s][info][gc,start       ] GC(32649) Pause Young (Allocation Failure)
[14895.628s][info][gc,heap        ] GC(32649) PSYoungGen: 83904K(84992K)->1024K(84992K) Eden: 82944K(82944K)->0K(82944K) From: 960K(2048K)->1024K(2048K)
[14895.628s][info][gc,heap        ] GC(32649) ParOldGen: 591624K(591872K)->591672K(591872K)
[14895.628s][info][gc,metaspace   ] GC(32649) Metaspace: 62366K(62592K)->62366K(62592K) NonClass: 53329K(53504K)->53329K(53504K) Class: 9037K(9088K)->9037K(9088K)
[14895.628s][info][gc             ] GC(32649) Pause Young (Allocation Failure) 659M->578M(661M) 3.597ms
[14895.628s][info][gc,cpu         ] GC(32649) User=0.00s Sys=0.00s Real=0.00s
[14896.114s][info][gc,start       ] GC(32650) Pause Young (Allocation Failure)
[14896.117s][info][gc,heap        ] GC(32650) PSYoungGen: 83968K(84992K)->1888K(84992K) Eden: 82944K(82944K)->0K(82944K) From: 1024K(2048K)->1888K(2048K)
[14896.118s][info][gc,heap        ] GC(32650) ParOldGen: 591672K(591872K)->592752K(593408K)
[14896.118s][info][gc,metaspace   ] GC(32650) Metaspace: 62366K(62592K)->62366K(62592K) NonClass: 53329K(53504K)->53329K(53504K) Class: 9037K(9088K)->9037K(9088K)
[14896.118s][info][gc             ] GC(32650) Pause Young (Allocation Failure) 659M->580M(662M) 3.896ms
[14896.118s][info][gc,cpu         ] GC(32650) User=0.00s Sys=0.00s Real=0.01s
[14896.649s][info][gc,start       ] GC(32651) Pause Young (Allocation Failure)
[14896.653s][info][gc,heap        ] GC(32651) PSYoungGen: 84832K(84992K)->1440K(84992K) Eden: 82944K(82944K)->0K(82944K) From: 1888K(2048K)->1440K(2048K)
[14896.653s][info][gc,heap        ] GC(32651) ParOldGen: 592752K(593408K)->593832K(594944K)
[14896.653s][info][gc,metaspace   ] GC(32651) Metaspace: 62366K(62592K)->62366K(62592K) NonClass: 53329K(53504K)->53329K(53504K) Class: 9037K(9088K)->9037K(9088K)
[14896.653s][info][gc             ] GC(32651) Pause Young (Allocation Failure) 661M->581M(664M) 4.336ms
[14896.653s][info][gc,cpu         ] GC(32651) User=0.01s Sys=0.00s Real=0.00s
[14897.215s][info][gc,start       ] GC(32652) Pause Young (Allocation Failure)
[14897.218s][info][gc,heap        ] GC(32652) PSYoungGen: 84384K(84992K)->800K(84992K) Eden: 82944K(82944K)->0K(82944K) From: 1440K(2048K)->800K(2048K)
[14897.218s][info][gc,heap        ] GC(32652) ParOldGen: 593832K(594944K)->593928K(594944K)
[14897.218s][info][gc,metaspace   ] GC(32652) Metaspace: 62366K(62592K)->62366K(62592K) NonClass: 53329K(53504K)->53329K(53504K) Class: 9037K(9088K)->9037K(9088K)
[14897.218s][info][gc             ] GC(32652) Pause Young (Allocation Failure) 662M->580M(664M) 3.282ms
[14897.218s][info][gc,cpu         ] GC(32652) User=0.01s Sys=0.00s Real=0.00s
[14897.703s][info][gc,start       ] GC(32653) Pause Young (Allocation Failure)
[14897.706s][info][gc,heap        ] GC(32653) PSYoungGen: 83744K(84992K)->736K(84992K) Eden: 82944K(82944K)->0K(82944K) From: 800K(2048K)->736K(2048K)
[14897.706s][info][gc,heap        ] GC(32653) ParOldGen: 593928K(594944K)->593976K(594944K)
[14897.706s][info][gc,metaspace   ] GC(32653) Metaspace: 62366K(62592K)->62366K(62592K) NonClass: 53329K(53504K)->53329K(53504K) Class: 9037K(9088K)->9037K(9088K)
[14897.706s][info][gc             ] GC(32653) Pause Young (Allocation Failure) 661M->580M(664M) 3.257ms
[14897.706s][info][gc,cpu         ] GC(32653) User=0.00s Sys=0.00s Real=0.01s
[14898.203s][info][gc,start       ] GC(32654) Pause Young (Allocation Failure)
[14898.207s][info][gc,heap        ] GC(32654) PSYoungGen: 83680K(84992K)->800K(84992K) Eden: 82944K(82944K)->0K(82944K) From: 736K(2048K)->800K(2048K)
[14898.207s][info][gc,heap        ] GC(32654) ParOldGen: 593976K(594944K)->594024K(594944K)
[14898.207s][info][gc,metaspace   ] GC(32654) Metaspace: 62366K(62592K)->62366K(62592K) NonClass: 53329K(53504K)->53329K(53504K) Class: 9037K(9088K)->9037K(9088K)
[14898.207s][info][gc             ] GC(32654) Pause Young (Allocation Failure) 661M->580M(664M) 3.322ms
[14898.207s][info][gc,cpu         ] GC(32654) User=0.00s Sys=0.00s Real=0.01s
[14898.688s][info][gc,start       ] GC(32655) Pause Young (Allocation Failure)
[14898.691s][info][gc,heap        ] GC(32655) PSYoungGen: 83744K(84992K)->544K(84992K) Eden: 82944K(82944K)->0K(82944K) From: 800K(2048K)->544K(2048K)
[14898.691s][info][gc,heap        ] GC(32655) ParOldGen: 594024K(594944K)->594072K(594944K)
[14898.691s][info][gc,metaspace   ] GC(32655) Metaspace: 62366K(62592K)->62366K(62592K) NonClass: 53329K(53504K)->53329K(53504K) Class: 9037K(9088K)->9037K(9088K)
[14898.691s][info][gc             ] GC(32655) Pause Young (Allocation Failure) 661M->580M(664M) 3.027ms
[14898.691s][info][gc,cpu         ] GC(32655) User=0.01s Sys=0.00s Real=0.00s
[14899.236s][info][gc,start       ] GC(32656) Pause Young (Allocation Failure)
[14899.240s][info][gc,heap        ] GC(32656) PSYoungGen: 83488K(84992K)->1088K(84992K) Eden: 82944K(82944K)->0K(82944K) From: 544K(2048K)->1088K(2048K)
[14899.240s][info][gc,heap        ] GC(32656) ParOldGen: 594072K(594944K)->594120K(594944K)
[14899.240s][info][gc,metaspace   ] GC(32656) Metaspace: 62366K(62592K)->62366K(62592K) NonClass: 53329K(53504K)->53329K(53504K) Class: 9037K(9088K)->9037K(9088K)
[14899.240s][info][gc             ] GC(32656) Pause Young (Allocation Failure) 661M->581M(664M) 3.636ms
[14899.240s][info][gc,cpu         ] GC(32656) User=0.00s Sys=0.00s Real=0.00s
[14899.763s][info][gc,start       ] GC(32657) Pause Young (Allocation Failure)
[14899.766s][info][gc,heap        ] GC(32657) PSYoungGen: 84032K(84992K)->192K(84992K) Eden: 82944K(82944K)->0K(82944K) From: 1088K(2048K)->192K(2048K)
[14899.766s][info][gc,heap        ] GC(32657) ParOldGen: 594120K(594944K)->594168K(594944K)
[14899.766s][info][gc,metaspace   ] GC(32657) Metaspace: 62366K(62592K)->62366K(62592K) NonClass: 53329K(53504K)->53329K(53504K) Class: 9037K(9088K)->9037K(9088K)
[14899.766s][info][gc             ] GC(32657) Pause Young (Allocation Failure) 662M->580M(664M) 2.611ms
[14899.766s][info][gc,cpu         ] GC(32657) User=0.00s Sys=0.00s Real=0.01s
[14900.300s][info][gc,start       ] GC(32658) Pause Young (Allocation Failure)
[14900.303s][info][gc,heap        ] GC(32658) PSYoungGen: 83136K(84992K)->640K(84992K) Eden: 82944K(82944K)->0K(82944K) From: 192K(2048K)->640K(2048K)
[14900.303s][info][gc,heap        ] GC(32658) ParOldGen: 594168K(594944K)->594216K(594944K)
[14900.303s][info][gc,metaspace   ] GC(32658) Metaspace: 62366K(62592K)->62366K(62592K) NonClass: 53329K(53504K)->53329K(53504K) Class: 9037K(9088K)->9037K(9088K)
[14900.304s][info][gc             ] GC(32658) Pause Young (Allocation Failure) 661M->580M(664M) 3.049ms
[14900.304s][info][gc,cpu         ] GC(32658) User=0.00s Sys=0.00s Real=0.00s
[14900.805s][info][gc,start       ] GC(32659) Pause Young (Allocation Failure)
[14900.808s][info][gc,heap        ] GC(32659) PSYoungGen: 83584K(84992K)->768K(84992K) Eden: 82944K(82944K)->0K(82944K) From: 640K(2048K)->768K(2048K)
[14900.808s][info][gc,heap        ] GC(32659) ParOldGen: 594216K(594944K)->594264K(594944K)
[14900.808s][info][gc,metaspace   ] GC(32659) Metaspace: 62366K(62592K)->62366K(62592K) NonClass: 53329K(53504K)->53329K(53504K) Class: 9037K(9088K)->9037K(9088K)
[14900.808s][info][gc             ] GC(32659) Pause Young (Allocation Failure) 661M->581M(664M) 3.211ms
[14900.808s][info][gc,cpu         ] GC(32659) User=0.01s Sys=0.00s Real=0.00s
[14901.284s][info][gc,start       ] GC(32660) Pause Young (Allocation Failure)
[14901.287s][info][gc,heap        ] GC(32660) PSYoungGen: 83712K(84992K)->544K(84992K) Eden: 82944K(82944K)->0K(82944K) From: 768K(2048K)->544K(2048K)
[14901.287s][info][gc,heap        ] GC(32660) ParOldGen: 594264K(594944K)->594312K(594944K)
[14901.287s][info][gc,metaspace   ] GC(32660) Metaspace: 62366K(62592K)->62366K(62592K) NonClass: 53329K(53504K)->53329K(53504K) Class: 9037K(9088K)->9037K(9088K)
[14901.287s][info][gc             ] GC(32660) Pause Young (Allocation Failure) 662M->580M(664M) 2.943ms
[14901.287s][info][gc,cpu         ] GC(32660) User=0.01s Sys=0.00s Real=0.01s
[14901.810s][info][gc,start       ] GC(32661) Pause Young (Allocation Failure)
[14901.813s][info][gc,heap        ] GC(32661) PSYoungGen: 83488K(84992K)->768K(84992K) Eden: 82944K(82944K)->0K(82944K) From: 544K(2048K)->768K(2048K)
[14901.813s][info][gc,heap        ] GC(32661) ParOldGen: 594312K(594944K)->594360K(594944K)
[14901.813s][info][gc,metaspace   ] GC(32661) Metaspace: 62366K(62592K)->62366K(62592K) NonClass: 53329K(53504K)->53329K(53504K) Class: 9037K(9088K)->9037K(9088K)
[14901.813s][info][gc             ] GC(32661) Pause Young (Allocation Failure) 661M->581M(664M) 3.344ms
[14901.813s][info][gc,cpu         ] GC(32661) User=0.01s Sys=0.00s Real=0.00s
[14902.343s][info][gc,start       ] GC(32662) Pause Young (Allocation Failure)
[14902.347s][info][gc,heap        ] GC(32662) PSYoungGen: 83712K(84992K)->1216K(84992K) Eden: 82944K(82944K)->0K(82944K) From: 768K(2048K)->1216K(2048K)
[14902.347s][info][gc,heap        ] GC(32662) ParOldGen: 594360K(594944K)->594416K(594944K)
[14902.347s][info][gc,metaspace   ] GC(32662) Metaspace: 62366K(62592K)->62366K(62592K) NonClass: 53329K(53504K)->53329K(53504K) Class: 9037K(9088K)->9037K(9088K)
[14902.347s][info][gc             ] GC(32662) Pause Young (Allocation Failure) 662M->581M(664M) 3.683ms
[14902.347s][info][gc,cpu         ] GC(32662) User=0.01s Sys=0.00s Real=0.01s
[14902.859s][info][gc,start       ] GC(32663) Pause Young (Allocation Failure)
[14902.863s][info][gc,heap        ] GC(32663) PSYoungGen: 84160K(84992K)->1536K(84992K) Eden: 82944K(82944K)->0K(82944K) From: 1216K(2048K)->1536K(2048K)
[14902.863s][info][gc,heap        ] GC(32663) ParOldGen: 594416K(594944K)->594464K(594944K)
[14902.863s][info][gc,metaspace   ] GC(32663) Metaspace: 62366K(62592K)->62366K(62592K) NonClass: 53329K(53504K)->53329K(53504K) Class: 9037K(9088K)->9037K(9088K)
[14902.863s][info][gc             ] GC(32663) Pause Young (Allocation Failure) 662M->582M(664M) 4.127ms
[14902.863s][info][gc,cpu         ] GC(32663) User=0.01s Sys=0.01s Real=0.00s
[14903.366s][info][gc,start       ] GC(32664) Pause Young (Allocation Failure)
[14903.370s][info][gc,heap        ] GC(32664) PSYoungGen: 84480K(84992K)->256K(84992K) Eden: 82944K(82944K)->0K(82944K) From: 1536K(2048K)->256K(2048K)
[14903.370s][info][gc,heap        ] GC(32664) ParOldGen: 594464K(594944K)->594512K(594944K)
[14903.370s][info][gc,metaspace   ] GC(32664) Metaspace: 62366K(62592K)->62366K(62592K) NonClass: 53329K(53504K)->53329K(53504K) Class: 9037K(9088K)->9037K(9088K)
[14903.370s][info][gc             ] GC(32664) Pause Young (Allocation Failure) 663M->580M(664M) 3.322ms
[14903.370s][info][gc,cpu         ] GC(32664) User=0.00s Sys=0.00s Real=0.00s
[14903.853s][info][gc,start       ] GC(32665) Pause Young (Allocation Failure)
[14903.857s][info][gc,heap        ] GC(32665) PSYoungGen: 83200K(84992K)->1472K(84992K) Eden: 82944K(82944K)->0K(82944K) From: 256K(2048K)->1472K(2048K)
[14903.857s][info][gc,heap        ] GC(32665) ParOldGen: 594512K(594944K)->594560K(594944K)
[14903.857s][info][gc,metaspace   ] GC(32665) Metaspace: 62366K(62592K)->62366K(62592K) NonClass: 53329K(53504K)->53329K(53504K) Class: 9037K(9088K)->9037K(9088K)
[14903.857s][info][gc             ] GC(32665) Pause Young (Allocation Failure) 661M->582M(664M) 3.997ms
[14903.857s][info][gc,cpu         ] GC(32665) User=0.00s Sys=0.00s Real=0.01s
[14904.381s][info][gc,start       ] GC(32666) Pause Young (Allocation Failure)
[14904.383s][info][gc,heap        ] GC(32666) PSYoungGen: 84416K(84992K)->448K(84992K) Eden: 82944K(82944K)->0K(82944K) From: 1472K(2048K)->448K(2048K)
[14904.383s][info][gc,heap        ] GC(32666) ParOldGen: 594560K(594944K)->594608K(594944K)
[14904.383s][info][gc,metaspace   ] GC(32666) Metaspace: 62366K(62592K)->62366K(62592K) NonClass: 53329K(53504K)->53329K(53504K) Class: 9037K(9088K)->9037K(9088K)
[14904.383s][info][gc             ] GC(32666) Pause Young (Allocation Failure) 663M->581M(664M) 2.800ms
[14904.383s][info][gc,cpu         ] GC(32666) User=0.00s Sys=0.00s Real=0.00s
[14904.906s][info][gc,start       ] GC(32667) Pause Young (Allocation Failure)
[14904.910s][info][gc,heap        ] GC(32667) PSYoungGen: 83392K(84992K)->896K(84992K) Eden: 82944K(82944K)->0K(82944K) From: 448K(2048K)->896K(2048K)
[14904.910s][info][gc,heap        ] GC(32667) ParOldGen: 594608K(594944K)->594656K(594944K)
[14904.910s][info][gc,metaspace   ] GC(32667) Metaspace: 62366K(62592K)->62366K(62592K) NonClass: 53329K(53504K)->53329K(53504K) Class: 9037K(9088K)->9037K(9088K)
[14904.910s][info][gc             ] GC(32667) Pause Young (Allocation Failure) 662M->581M(664M) 3.429ms
[14904.910s][info][gc,cpu         ] GC(32667) User=0.01s Sys=0.00s Real=0.00s
[14905.350s][info][gc,start       ] GC(32668) Pause Young (Allocation Failure)
[14905.355s][info][gc,heap        ] GC(32668) PSYoungGen: 83840K(84992K)->1504K(84992K) Eden: 82944K(82944K)->0K(82944K) From: 896K(2048K)->1504K(2048K)
[14905.355s][info][gc,heap        ] GC(32668) ParOldGen: 594656K(594944K)->594752K(594944K)
[14905.355s][info][gc,metaspace   ] GC(32668) Metaspace: 62366K(62592K)->62366K(62592K) NonClass: 53329K(53504K)->53329K(53504K) Class: 9037K(9088K)->9037K(9088K)
[14905.355s][info][gc             ] GC(32668) Pause Young (Allocation Failure) 662M->582M(664M) 4.102ms
[14905.355s][info][gc,cpu         ] GC(32668) User=0.00s Sys=0.00s Real=0.01s
[14905.866s][info][gc,start       ] GC(32669) Pause Young (Allocation Failure)
[14905.868s][info][gc,heap        ] GC(32669) PSYoungGen: 84448K(84992K)->224K(84992K) Eden: 82944K(82944K)->0K(82944K) From: 1504K(2048K)->224K(2048K)
[14905.868s][info][gc,heap        ] GC(32669) ParOldGen: 594752K(594944K)->594800K(594944K)
[14905.868s][info][gc,metaspace   ] GC(32669) Metaspace: 62366K(62592K)->62366K(62592K) NonClass: 53329K(53504K)->53329K(53504K) Class: 9037K(9088K)->9037K(9088K)
[14905.868s][info][gc             ] GC(32669) Pause Young (Allocation Failure) 663M->581M(664M) 2.758ms
[14905.868s][info][gc,cpu         ] GC(32669) User=0.00s Sys=0.00s Real=0.00s
[14906.355s][info][gc,start       ] GC(32670) Pause Young (Allocation Failure)
[14906.359s][info][gc,heap        ] GC(32670) PSYoungGen: 83168K(84992K)->1536K(83968K) Eden: 82944K(82944K)->0K(81920K) From: 224K(2048K)->1536K(2048K)
[14906.359s][info][gc,heap        ] GC(32670) ParOldGen: 594800K(594944K)->594848K(594944K)
[14906.359s][info][gc,metaspace   ] GC(32670) Metaspace: 62366K(62592K)->62366K(62592K) NonClass: 53329K(53504K)->53329K(53504K) Class: 9037K(9088K)->9037K(9088K)
[14906.359s][info][gc             ] GC(32670) Pause Young (Allocation Failure) 662M->582M(663M) 4.094ms
[14906.359s][info][gc,cpu         ] GC(32670) User=0.01s Sys=0.00s Real=0.00s
[14906.849s][info][gc,start       ] GC(32671) Pause Young (Allocation Failure)
[14906.853s][info][gc,heap        ] GC(32671) PSYoungGen: 83456K(83968K)->2336K(84480K) Eden: 81920K(81920K)->0K(81920K) From: 1536K(2048K)->2336K(2560K)
[14906.853s][info][gc,heap        ] GC(32671) ParOldGen: 594848K(594944K)->594912K(594944K)
[14906.853s][info][gc,metaspace   ] GC(32671) Metaspace: 62366K(62592K)->62366K(62592K) NonClass: 53329K(53504K)->53329K(53504K) Class: 9037K(9088K)->9037K(9088K)
[14906.853s][info][gc             ] GC(32671) Pause Young (Allocation Failure) 662M->583M(663M) 3.977ms
[14906.853s][info][gc,cpu         ] GC(32671) User=0.01s Sys=0.00s Real=0.00s
[14907.352s][info][gc,start       ] GC(32672) Pause Young (Allocation Failure)
[14907.356s][info][gc,heap        ] GC(32672) PSYoungGen: 84256K(84480K)->1312K(84480K) Eden: 81920K(81920K)->0K(81920K) From: 2336K(2560K)->1312K(2560K)
[14907.356s][info][gc,heap        ] GC(32672) ParOldGen: 594912K(594944K)->595992K(596480K)
[14907.356s][info][gc,metaspace   ] GC(32672) Metaspace: 62366K(62592K)->62366K(62592K) NonClass: 53329K(53504K)->53329K(53504K) Class: 9037K(9088K)->9037K(9088K)
[14907.356s][info][gc             ] GC(32672) Pause Young (Allocation Failure) 663M->583M(665M) 4.223ms
[14907.356s][info][gc,cpu         ] GC(32672) User=0.01s Sys=0.00s Real=0.01s
[14907.853s][info][gc,start       ] GC(32673) Pause Young (Allocation Failure)
[14907.857s][info][gc,heap        ] GC(32673) PSYoungGen: 83232K(84480K)->1216K(84480K) Eden: 81920K(81920K)->0K(81920K) From: 1312K(2560K)->1216K(2560K)
[14907.857s][info][gc,heap        ] GC(32673) ParOldGen: 595992K(596480K)->596040K(596480K)
[14907.857s][info][gc,metaspace   ] GC(32673) Metaspace: 62366K(62592K)->62366K(62592K) NonClass: 53329K(53504K)->53329K(53504K) Class: 9037K(9088K)->9037K(9088K)
[14907.857s][info][gc             ] GC(32673) Pause Young (Allocation Failure) 663M->583M(665M) 3.808ms
[14907.857s][info][gc,cpu         ] GC(32673) User=0.01s Sys=0.00s Real=0.01s
[14908.331s][info][gc,start       ] GC(32674) Pause Young (Allocation Failure)
[14908.335s][info][gc,heap        ] GC(32674) PSYoungGen: 83136K(84480K)->1184K(84480K) Eden: 81920K(81920K)->0K(81920K) From: 1216K(2560K)->1184K(2560K)
[14908.335s][info][gc,heap        ] GC(32674) ParOldGen: 596040K(596480K)->596088K(596480K)
[14908.335s][info][gc,metaspace   ] GC(32674) Metaspace: 62366K(62592K)->62366K(62592K) NonClass: 53329K(53504K)->53329K(53504K) Class: 9037K(9088K)->9037K(9088K)
[14908.335s][info][gc             ] GC(32674) Pause Young (Allocation Failure) 663M->583M(665M) 3.687ms
[14908.335s][info][gc,cpu         ] GC(32674) User=0.00s Sys=0.00s Real=0.01s
[14908.845s][info][gc,start       ] GC(32675) Pause Young (Allocation Failure)
[14908.849s][info][gc,heap        ] GC(32675) PSYoungGen: 83104K(84480K)->1280K(84480K) Eden: 81920K(81920K)->0K(81920K) From: 1184K(2560K)->1280K(2560K)
[14908.849s][info][gc,heap        ] GC(32675) ParOldGen: 596088K(596480K)->596136K(596480K)
[14908.849s][info][gc,metaspace   ] GC(32675) Metaspace: 62366K(62592K)->62366K(62592K) NonClass: 53329K(53504K)->53329K(53504K) Class: 9037K(9088K)->9037K(9088K)
[14908.849s][info][gc             ] GC(32675) Pause Young (Allocation Failure) 663M->583M(665M) 3.777ms
[14908.849s][info][gc,cpu         ] GC(32675) User=0.00s Sys=0.00s Real=0.00s
[14909.354s][info][gc,start       ] GC(32676) Pause Young (Allocation Failure)
[14909.358s][info][gc,heap        ] GC(32676) PSYoungGen: 83200K(84480K)->1440K(84480K) Eden: 81920K(81920K)->0K(81920K) From: 1280K(2560K)->1440K(2560K)
[14909.358s][info][gc,heap        ] GC(32676) ParOldGen: 596136K(596480K)->596184K(596480K)
[14909.358s][info][gc,metaspace   ] GC(32676) Metaspace: 62366K(62592K)->62366K(62592K) NonClass: 53329K(53504K)->53329K(53504K) Class: 9037K(9088K)->9037K(9088K)
[14909.358s][info][gc             ] GC(32676) Pause Young (Allocation Failure) 663M->583M(665M) 4.011ms
[14909.358s][info][gc,cpu         ] GC(32676) User=0.01s Sys=0.00s Real=0.01s
[14909.849s][info][gc,start       ] GC(32677) Pause Young (Allocation Failure)
[14909.852s][info][gc,heap        ] GC(32677) PSYoungGen: 83360K(84480K)->1248K(84480K) Eden: 81920K(81920K)->0K(81920K) From: 1440K(2560K)->1248K(2560K)
[14909.852s][info][gc,heap        ] GC(32677) ParOldGen: 596184K(596480K)->596240K(596480K)
[14909.852s][info][gc,metaspace   ] GC(32677) Metaspace: 62366K(62592K)->62366K(62592K) NonClass: 53329K(53504K)->53329K(53504K) Class: 9037K(9088K)->9037K(9088K)
[14909.852s][info][gc             ] GC(32677) Pause Young (Allocation Failure) 663M->583M(665M) 3.809ms
[14909.852s][info][gc,cpu         ] GC(32677) User=0.01s Sys=0.01s Real=0.00s
[14910.369s][info][gc,start       ] GC(32678) Pause Young (Allocation Failure)
[14910.371s][info][gc,heap        ] GC(32678) PSYoungGen: 83168K(84480K)->288K(84480K) Eden: 81920K(81920K)->0K(81920K) From: 1248K(2560K)->288K(2560K)
[14910.371s][info][gc,heap        ] GC(32678) ParOldGen: 596240K(596480K)->596296K(596480K)
[14910.371s][info][gc,metaspace   ] GC(32678) Metaspace: 62366K(62592K)->62366K(62592K) NonClass: 53329K(53504K)->53329K(53504K) Class: 9037K(9088K)->9037K(9088K)
[14910.371s][info][gc             ] GC(32678) Pause Young (Allocation Failure) 663M->582M(665M) 2.637ms
[14910.371s][info][gc,cpu         ] GC(32678) User=0.00s Sys=0.00s Real=0.00s
[14910.883s][info][gc,start       ] GC(32679) Pause Young (Allocation Failure)
[14910.886s][info][gc,heap        ] GC(32679) PSYoungGen: 82208K(84480K)->448K(84480K) Eden: 81920K(81920K)->0K(81920K) From: 288K(2560K)->448K(2560K)
[14910.886s][info][gc,heap        ] GC(32679) ParOldGen: 596296K(596480K)->596344K(596480K)
[14910.886s][info][gc,metaspace   ] GC(32679) Metaspace: 62366K(62592K)->62366K(62592K) NonClass: 53329K(53504K)->53329K(53504K) Class: 9037K(9088K)->9037K(9088K)
[14910.886s][info][gc             ] GC(32679) Pause Young (Allocation Failure) 662M->582M(665M) 2.807ms
[14910.886s][info][gc,cpu         ] GC(32679) User=0.00s Sys=0.00s Real=0.01s
[14911.409s][info][gc,start       ] GC(32680) Pause Young (Allocation Failure)
[14911.412s][info][gc,heap        ] GC(32680) PSYoungGen: 82368K(84480K)->768K(84480K) Eden: 81920K(81920K)->0K(81920K) From: 448K(2560K)->768K(2560K)
[14911.412s][info][gc,heap        ] GC(32680) ParOldGen: 596344K(596480K)->596392K(596480K)
[14911.412s][info][gc,metaspace   ] GC(32680) Metaspace: 62366K(62592K)->62366K(62592K) NonClass: 53329K(53504K)->53329K(53504K) Class: 9037K(9088K)->9037K(9088K)
[14911.412s][info][gc             ] GC(32680) Pause Young (Allocation Failure) 662M->583M(665M) 3.244ms
[14911.412s][info][gc,cpu         ] GC(32680) User=0.01s Sys=0.00s Real=0.00s
[14911.925s][info][gc,start       ] GC(32681) Pause Young (Allocation Failure)
[14911.929s][info][gc,heap        ] GC(32681) PSYoungGen: 82688K(84480K)->1984K(84480K) Eden: 81920K(81920K)->0K(81920K) From: 768K(2560K)->1984K(2560K)
[14911.929s][info][gc,heap        ] GC(32681) ParOldGen: 596392K(596480K)->596448K(596480K)
[14911.929s][info][gc,metaspace   ] GC(32681) Metaspace: 62366K(62592K)->62366K(62592K) NonClass: 53329K(53504K)->53329K(53504K) Class: 9037K(9088K)->9037K(9088K)
[14911.929s][info][gc             ] GC(32681) Pause Young (Allocation Failure) 663M->584M(665M) 3.615ms
[14911.929s][info][gc,cpu         ] GC(32681) User=0.01s Sys=0.00s Real=0.00s
[14912.446s][info][gc,start       ] GC(32682) Pause Young (Allocation Failure)
[14912.451s][info][gc,heap        ] GC(32682) PSYoungGen: 83904K(84480K)->1248K(84480K) Eden: 81920K(81920K)->0K(81920K) From: 1984K(2560K)->1248K(2560K)
[14912.451s][info][gc,heap        ] GC(32682) ParOldGen: 596448K(596480K)->597520K(598016K)
[14912.451s][info][gc,metaspace   ] GC(32682) Metaspace: 62366K(62592K)->62366K(62592K) NonClass: 53329K(53504K)->53329K(53504K) Class: 9037K(9088K)->9037K(9088K)
[14912.451s][info][gc             ] GC(32682) Pause Young (Allocation Failure) 664M->584M(666M) 4.139ms
[14912.451s][info][gc,cpu         ] GC(32682) User=0.01s Sys=0.00s Real=0.00s
[14912.952s][info][gc,start       ] GC(32683) Pause Young (Allocation Failure)
[14912.956s][info][gc,heap        ] GC(32683) PSYoungGen: 83168K(84480K)->1408K(84480K) Eden: 81920K(81920K)->0K(81920K) From: 1248K(2560K)->1408K(2560K)
[14912.956s][info][gc,heap        ] GC(32683) ParOldGen: 597520K(598016K)->597576K(598016K)
[14912.956s][info][gc,metaspace   ] GC(32683) Metaspace: 62366K(62592K)->62366K(62592K) NonClass: 53329K(53504K)->53329K(53504K) Class: 9037K(9088K)->9037K(9088K)
[14912.956s][info][gc             ] GC(32683) Pause Young (Allocation Failure) 664M->584M(666M) 3.965ms
[14912.956s][info][gc,cpu         ] GC(32683) User=0.01s Sys=0.00s Real=0.01s
[14913.578s][info][gc,start       ] GC(32684) Pause Young (Allocation Failure)
[14913.581s][info][gc,heap        ] GC(32684) PSYoungGen: 83328K(84480K)->400K(84480K) Eden: 81920K(81920K)->0K(81920K) From: 1408K(2560K)->400K(2560K)
[14913.581s][info][gc,heap        ] GC(32684) ParOldGen: 597576K(598016K)->597632K(598016K)
[14913.581s][info][gc,metaspace   ] GC(32684) Metaspace: 62366K(62592K)->62366K(62592K) NonClass: 53329K(53504K)->53329K(53504K) Class: 9037K(9088K)->9037K(9088K)
[14913.581s][info][gc             ] GC(32684) Pause Young (Allocation Failure) 664M->584M(666M) 2.929ms
[14913.581s][info][gc,cpu         ] GC(32684) User=0.01s Sys=0.00s Real=0.00s
[14914.154s][info][gc,start       ] GC(32685) Pause Young (Allocation Failure)
[14914.158s][info][gc,heap        ] GC(32685) PSYoungGen: 82320K(84480K)->1216K(84480K) Eden: 81920K(81920K)->0K(81920K) From: 400K(2560K)->1216K(2560K)
[14914.158s][info][gc,heap        ] GC(32685) ParOldGen: 597632K(598016K)->597728K(598016K)
[14914.158s][info][gc,metaspace   ] GC(32685) Metaspace: 62366K(62592K)->62366K(62592K) NonClass: 53329K(53504K)->53329K(53504K) Class: 9037K(9088K)->9037K(9088K)
[14914.158s][info][gc             ] GC(32685) Pause Young (Allocation Failure) 664M->584M(666M) 3.967ms
[14914.158s][info][gc,cpu         ] GC(32685) User=0.01s Sys=0.00s Real=0.00s
[14914.745s][info][gc,start       ] GC(32686) Pause Young (Allocation Failure)
[14914.749s][info][gc,heap        ] GC(32686) PSYoungGen: 83136K(84480K)->1216K(84480K) Eden: 81920K(81920K)->0K(81920K) From: 1216K(2560K)->1216K(2560K)
[14914.749s][info][gc,heap        ] GC(32686) ParOldGen: 597728K(598016K)->597776K(598016K)
[14914.749s][info][gc,metaspace   ] GC(32686) Metaspace: 62366K(62592K)->62366K(62592K) NonClass: 53329K(53504K)->53329K(53504K) Class: 9037K(9088K)->9037K(9088K)
[14914.749s][info][gc             ] GC(32686) Pause Young (Allocation Failure) 664M->584M(666M) 3.742ms
[14914.749s][info][gc,cpu         ] GC(32686) User=0.00s Sys=0.00s Real=0.00s
[14915.251s][info][gc,start       ] GC(32687) Pause Young (Allocation Failure)
[14915.255s][info][gc,heap        ] GC(32687) PSYoungGen: 83136K(84480K)->1344K(84480K) Eden: 81920K(81920K)->0K(81920K) From: 1216K(2560K)->1344K(2560K)
[14915.255s][info][gc,heap        ] GC(32687) ParOldGen: 597776K(598016K)->597832K(598016K)
[14915.255s][info][gc,metaspace   ] GC(32687) Metaspace: 62366K(62592K)->62366K(62592K) NonClass: 53329K(53504K)->53329K(53504K) Class: 9037K(9088K)->9037K(9088K)
[14915.255s][info][gc             ] GC(32687) Pause Young (Allocation Failure) 664M->585M(666M) 4.258ms
[14915.255s][info][gc,cpu         ] GC(32687) User=0.01s Sys=0.00s Real=0.01s
[14915.819s][info][gc,start       ] GC(32688) Pause Young (Allocation Failure)
[14915.824s][info][gc,heap        ] GC(32688) PSYoungGen: 83264K(84480K)->960K(84480K) Eden: 81920K(81920K)->0K(81920K) From: 1344K(2560K)->960K(2560K)
[14915.824s][info][gc,heap        ] GC(32688) ParOldGen: 597832K(598016K)->597888K(598016K)
[14915.824s][info][gc,metaspace   ] GC(32688) Metaspace: 62366K(62592K)->62366K(62592K) NonClass: 53329K(53504K)->53329K(53504K) Class: 9037K(9088K)->9037K(9088K)
[14915.824s][info][gc             ] GC(32688) Pause Young (Allocation Failure) 665M->584M(666M) 4.170ms
[14915.824s][info][gc,cpu         ] GC(32688) User=0.01s Sys=0.00s Real=0.00s
[14916.308s][info][gc,start       ] GC(32689) Pause Young (Allocation Failure)
[14916.311s][info][gc,heap        ] GC(32689) PSYoungGen: 82880K(84480K)->768K(84480K) Eden: 81920K(81920K)->0K(81920K) From: 960K(2560K)->768K(2560K)
[14916.311s][info][gc,heap        ] GC(32689) ParOldGen: 597888K(598016K)->597936K(598016K)
[14916.311s][info][gc,metaspace   ] GC(32689) Metaspace: 62366K(62592K)->62366K(62592K) NonClass: 53329K(53504K)->53329K(53504K) Class: 9037K(9088K)->9037K(9088K)
[14916.312s][info][gc             ] GC(32689) Pause Young (Allocation Failure) 664M->584M(666M) 3.215ms
[14916.312s][info][gc,cpu         ] GC(32689) User=0.01s Sys=0.00s Real=0.00s
[14916.894s][info][gc,start       ] GC(32690) Pause Young (Allocation Failure)
[14916.897s][info][gc,heap        ] GC(32690) PSYoungGen: 82688K(84480K)->576K(84992K) Eden: 81920K(81920K)->0K(82944K) From: 768K(2560K)->576K(2048K)
[14916.897s][info][gc,heap        ] GC(32690) ParOldGen: 597936K(598016K)->597984K(598016K)
[14916.897s][info][gc,metaspace   ] GC(32690) Metaspace: 62366K(62592K)->62366K(62592K) NonClass: 53329K(53504K)->53329K(53504K) Class: 9037K(9088K)->9037K(9088K)
[14916.897s][info][gc             ] GC(32690) Pause Young (Allocation Failure) 664M->584M(667M) 2.873ms
[14916.897s][info][gc,cpu         ] GC(32690) User=0.00s Sys=0.00s Real=0.01s
[14917.339s][info][gc,start       ] GC(32691) Pause Young (Allocation Failure)
[14917.343s][info][gc,heap        ] GC(32691) PSYoungGen: 83520K(84992K)->1472K(84480K) Eden: 82944K(82944K)->0K(82944K) From: 576K(2048K)->1472K(1536K)
[14917.343s][info][gc,heap        ] GC(32691) ParOldGen: 597984K(598016K)->598032K(598528K)
[14917.343s][info][gc,metaspace   ] GC(32691) Metaspace: 62366K(62592K)->62366K(62592K) NonClass: 53329K(53504K)->53329K(53504K) Class: 9037K(9088K)->9037K(9088K)
[14917.343s][info][gc             ] GC(32691) Pause Young (Allocation Failure) 665M->585M(667M) 4.029ms
[14917.343s][info][gc,cpu         ] GC(32691) User=0.01s Sys=0.00s Real=0.00s
[14917.788s][info][gc,start       ] GC(32692) Pause Young (Allocation Failure)
[14917.791s][info][gc,heap        ] GC(32692) PSYoungGen: 84416K(84480K)->1632K(84480K) Eden: 82944K(82944K)->0K(81920K) From: 1472K(1536K)->1632K(2560K)
[14917.791s][info][gc,heap        ] GC(32692) ParOldGen: 598032K(598528K)->598088K(598528K)
[14917.791s][info][gc,metaspace   ] GC(32692) Metaspace: 62366K(62592K)->62366K(62592K) NonClass: 53329K(53504K)->53329K(53504K) Class: 9037K(9088K)->9037K(9088K)
[14917.791s][info][gc             ] GC(32692) Pause Young (Allocation Failure) 666M->585M(667M) 3.023ms
[14917.791s][info][gc,cpu         ] GC(32692) User=0.01s Sys=0.00s Real=0.00s
[14918.270s][info][gc,start       ] GC(32693) Pause Young (Allocation Failure)
[14918.273s][info][gc,heap        ] GC(32693) PSYoungGen: 83552K(84480K)->320K(84480K) Eden: 81920K(81920K)->0K(81920K) From: 1632K(2560K)->320K(2560K)
[14918.273s][info][gc,heap        ] GC(32693) ParOldGen: 598088K(598528K)->600184K(601600K)
[14918.273s][info][gc,metaspace   ] GC(32693) Metaspace: 62366K(62592K)->62366K(62592K) NonClass: 53329K(53504K)->53329K(53504K) Class: 9037K(9088K)->9037K(9088K)
[14918.273s][info][gc             ] GC(32693) Pause Young (Allocation Failure) 665M->586M(670M) 3.801ms
[14918.273s][info][gc,cpu         ] GC(32693) User=0.00s Sys=0.00s Real=0.00s
[14918.743s][info][gc,start       ] GC(32694) Pause Young (Allocation Failure)
[14918.747s][info][gc,heap        ] GC(32694) PSYoungGen: 82240K(84480K)->1440K(84480K) Eden: 81920K(81920K)->0K(81920K) From: 320K(2560K)->1440K(2560K)
[14918.747s][info][gc,heap        ] GC(32694) ParOldGen: 600184K(601600K)->600240K(601600K)
[14918.747s][info][gc,metaspace   ] GC(32694) Metaspace: 62366K(62592K)->62366K(62592K) NonClass: 53329K(53504K)->53329K(53504K) Class: 9037K(9088K)->9037K(9088K)
[14918.747s][info][gc             ] GC(32694) Pause Young (Allocation Failure) 666M->587M(670M) 3.861ms
[14918.747s][info][gc,cpu         ] GC(32694) User=0.01s Sys=0.00s Real=0.01s
[14919.252s][info][gc,start       ] GC(32695) Pause Young (Allocation Failure)
[14919.255s][info][gc,heap        ] GC(32695) PSYoungGen: 83360K(84480K)->1280K(84480K) Eden: 81920K(81920K)->0K(81920K) From: 1440K(2560K)->1280K(2560K)
[14919.255s][info][gc,heap        ] GC(32695) ParOldGen: 600240K(601600K)->600288K(601600K)
[14919.255s][info][gc,metaspace   ] GC(32695) Metaspace: 62366K(62592K)->62366K(62592K) NonClass: 53329K(53504K)->53329K(53504K) Class: 9037K(9088K)->9037K(9088K)
[14919.255s][info][gc             ] GC(32695) Pause Young (Allocation Failure) 667M->587M(670M) 3.795ms
[14919.255s][info][gc,cpu         ] GC(32695) User=0.01s Sys=0.00s Real=0.01s
[14919.677s][info][gc,start       ] GC(32696) Pause Young (Allocation Failure)
[14919.680s][info][gc,heap        ] GC(32696) PSYoungGen: 83200K(84480K)->448K(84480K) Eden: 81920K(81920K)->0K(81920K) From: 1280K(2560K)->448K(2560K)
[14919.680s][info][gc,heap        ] GC(32696) ParOldGen: 600288K(601600K)->600344K(601600K)
[14919.680s][info][gc,metaspace   ] GC(32696) Metaspace: 62366K(62592K)->62366K(62592K) NonClass: 53329K(53504K)->53329K(53504K) Class: 9037K(9088K)->9037K(9088K)
[14919.680s][info][gc             ] GC(32696) Pause Young (Allocation Failure) 667M->586M(670M) 2.777ms
[14919.680s][info][gc,cpu         ] GC(32696) User=0.01s Sys=0.00s Real=0.00s
[14920.175s][info][gc,start       ] GC(32697) Pause Young (Allocation Failure)
[14920.178s][info][gc,heap        ] GC(32697) PSYoungGen: 82368K(84480K)->384K(84480K) Eden: 81920K(81920K)->0K(81920K) From: 448K(2560K)->384K(2560K)
[14920.178s][info][gc,heap        ] GC(32697) ParOldGen: 600344K(601600K)->600392K(601600K)
[14920.178s][info][gc,metaspace   ] GC(32697) Metaspace: 62366K(62592K)->62366K(62592K) NonClass: 53329K(53504K)->53329K(53504K) Class: 9037K(9088K)->9037K(9088K)
[14920.178s][info][gc             ] GC(32697) Pause Young (Allocation Failure) 666M->586M(670M) 2.669ms
[14920.178s][info][gc,cpu         ] GC(32697) User=0.00s Sys=0.00s Real=0.00s
[14920.663s][info][gc,start       ] GC(32698) Pause Young (Allocation Failure)
[14920.666s][info][gc,heap        ] GC(32698) PSYoungGen: 82304K(84480K)->224K(84480K) Eden: 81920K(81920K)->0K(81920K) From: 384K(2560K)->224K(2560K)
[14920.666s][info][gc,heap        ] GC(32698) ParOldGen: 600392K(601600K)->600440K(601600K)
[14920.666s][info][gc,metaspace   ] GC(32698) Metaspace: 62366K(62592K)->62366K(62592K) NonClass: 53329K(53504K)->53329K(53504K) Class: 9037K(9088K)->9037K(9088K)
[14920.666s][info][gc             ] GC(32698) Pause Young (Allocation Failure) 666M->586M(670M) 2.571ms
[14920.666s][info][gc,cpu         ] GC(32698) User=0.00s Sys=0.00s Real=0.01s
[14921.136s][info][gc,start       ] GC(32699) Pause Young (Allocation Failure)
[14921.140s][info][gc,heap        ] GC(32699) PSYoungGen: 82144K(84480K)->1248K(84480K) Eden: 81920K(81920K)->0K(81920K) From: 224K(2560K)->1248K(2560K)
[14921.140s][info][gc,heap        ] GC(32699) ParOldGen: 600440K(601600K)->600488K(601600K)
[14921.140s][info][gc,metaspace   ] GC(32699) Metaspace: 62366K(62592K)->62366K(62592K) NonClass: 53329K(53504K)->53329K(53504K) Class: 9037K(9088K)->9037K(9088K)
[14921.140s][info][gc             ] GC(32699) Pause Young (Allocation Failure) 666M->587M(670M) 3.765ms
[14921.140s][info][gc,cpu         ] GC(32699) User=0.00s Sys=0.00s Real=0.00s
[14921.662s][info][gc,start       ] GC(32700) Pause Young (Allocation Failure)
[14921.664s][info][gc,heap        ] GC(32700) PSYoungGen: 83168K(84480K)->272K(84480K) Eden: 81920K(81920K)->0K(81920K) From: 1248K(2560K)->272K(2560K)
[14921.664s][info][gc,heap        ] GC(32700) ParOldGen: 600488K(601600K)->600536K(601600K)
[14921.664s][info][gc,metaspace   ] GC(32700) Metaspace: 62366K(62592K)->62366K(62592K) NonClass: 53329K(53504K)->53329K(53504K) Class: 9037K(9088K)->9037K(9088K)
[14921.664s][info][gc             ] GC(32700) Pause Young (Allocation Failure) 667M->586M(670M) 2.600ms
[14921.664s][info][gc,cpu         ] GC(32700) User=0.00s Sys=0.00s Real=0.00s
[14922.110s][info][gc,start       ] GC(32701) Pause Young (Allocation Failure)
[14922.113s][info][gc,heap        ] GC(32701) PSYoungGen: 82192K(84480K)->960K(84480K) Eden: 81920K(81920K)->0K(81920K) From: 272K(2560K)->960K(2560K)
[14922.113s][info][gc,heap        ] GC(32701) ParOldGen: 600536K(601600K)->600640K(601600K)
[14922.113s][info][gc,metaspace   ] GC(32701) Metaspace: 62366K(62592K)->62366K(62592K) NonClass: 53329K(53504K)->53329K(53504K) Class: 9037K(9088K)->9037K(9088K)
[14922.113s][info][gc             ] GC(32701) Pause Young (Allocation Failure) 666M->587M(670M) 3.489ms
[14922.113s][info][gc,cpu         ] GC(32701) User=0.00s Sys=0.00s Real=0.00s
[14922.549s][info][gc,start       ] GC(32702) Pause Young (Allocation Failure)
[14922.553s][info][gc,heap        ] GC(32702) PSYoungGen: 82880K(84480K)->2496K(83456K) Eden: 81920K(81920K)->0K(80896K) From: 960K(2560K)->2496K(2560K)
[14922.553s][info][gc,heap        ] GC(32702) ParOldGen: 600640K(601600K)->600688K(601600K)
[14922.553s][info][gc,metaspace   ] GC(32702) Metaspace: 62366K(62592K)->62366K(62592K) NonClass: 53329K(53504K)->53329K(53504K) Class: 9037K(9088K)->9037K(9088K)
[14922.553s][info][gc             ] GC(32702) Pause Young (Allocation Failure) 667M->589M(669M) 4.096ms
[14922.553s][info][gc,cpu         ] GC(32702) User=0.01s Sys=0.00s Real=0.00s
[14922.982s][info][gc,start       ] GC(32703) Pause Young (Allocation Failure)
[14922.986s][info][gc,heap        ] GC(32703) PSYoungGen: 83392K(83456K)->544K(83968K) Eden: 80896K(80896K)->0K(80896K) From: 2496K(2560K)->544K(3072K)
[14922.986s][info][gc,heap        ] GC(32703) ParOldGen: 600688K(601600K)->602784K(603136K)
[14922.986s][info][gc,metaspace   ] GC(32703) Metaspace: 62366K(62592K)->62366K(62592K) NonClass: 53329K(53504K)->53329K(53504K) Class: 9037K(9088K)->9037K(9088K)
[14922.986s][info][gc             ] GC(32703) Pause Young (Allocation Failure) 668M->589M(671M) 4.090ms
[14922.986s][info][gc,cpu         ] GC(32703) User=0.01s Sys=0.00s Real=0.01s
[14923.417s][info][gc,start       ] GC(32704) Pause Young (Allocation Failure)
[14923.420s][info][gc,heap        ] GC(32704) PSYoungGen: 81440K(83968K)->960K(84480K) Eden: 80896K(80896K)->0K(81920K) From: 544K(3072K)->960K(2560K)
[14923.420s][info][gc,heap        ] GC(32704) ParOldGen: 602784K(603136K)->602840K(603136K)
[14923.420s][info][gc,metaspace   ] GC(32704) Metaspace: 62366K(62592K)->62366K(62592K) NonClass: 53329K(53504K)->53329K(53504K) Class: 9037K(9088K)->9037K(9088K)
[14923.420s][info][gc             ] GC(32704) Pause Young (Allocation Failure) 668M->589M(671M) 3.459ms
[14923.420s][info][gc,cpu         ] GC(32704) User=0.01s Sys=0.00s Real=0.00s
[14923.876s][info][gc,start       ] GC(32705) Pause Young (Allocation Failure)
[14923.879s][info][gc,heap        ] GC(32705) PSYoungGen: 82880K(84480K)->416K(84480K) Eden: 81920K(81920K)->0K(81920K) From: 960K(2560K)->416K(2560K)
[14923.879s][info][gc,heap        ] GC(32705) ParOldGen: 602840K(603136K)->602888K(603136K)
[14923.879s][info][gc,metaspace   ] GC(32705) Metaspace: 62366K(62592K)->62366K(62592K) NonClass: 53329K(53504K)->53329K(53504K) Class: 9037K(9088K)->9037K(9088K)
[14923.879s][info][gc             ] GC(32705) Pause Young (Allocation Failure) 669M->589M(671M) 2.787ms
[14923.879s][info][gc,cpu         ] GC(32705) User=0.01s Sys=0.00s Real=0.00s
[14924.289s][info][gc,start       ] GC(32706) Pause Young (Allocation Failure)
[14924.292s][info][gc,heap        ] GC(32706) PSYoungGen: 82336K(84480K)->640K(84480K) Eden: 81920K(81920K)->0K(81920K) From: 416K(2560K)->640K(2560K)
[14924.292s][info][gc,heap        ] GC(32706) ParOldGen: 602888K(603136K)->602936K(603136K)
[14924.292s][info][gc,metaspace   ] GC(32706) Metaspace: 62366K(62592K)->62366K(62592K) NonClass: 53329K(53504K)->53329K(53504K) Class: 9037K(9088K)->9037K(9088K)
[14924.292s][info][gc             ] GC(32706) Pause Young (Allocation Failure) 669M->589M(671M) 3.008ms
[14924.292s][info][gc,cpu         ] GC(32706) User=0.00s Sys=0.00s Real=0.00s
[14924.739s][info][gc,start       ] GC(32707) Pause Young (Allocation Failure)
[14924.742s][info][gc,heap        ] GC(32707) PSYoungGen: 82560K(84480K)->1216K(84480K) Eden: 81920K(81920K)->0K(81920K) From: 640K(2560K)->1216K(2560K)
[14924.742s][info][gc,heap        ] GC(32707) ParOldGen: 602936K(603136K)->602984K(603136K)
[14924.742s][info][gc,metaspace   ] GC(32707) Metaspace: 62366K(62592K)->62366K(62592K) NonClass: 53329K(53504K)->53329K(53504K) Class: 9037K(9088K)->9037K(9088K)
[14924.742s][info][gc             ] GC(32707) Pause Young (Allocation Failure) 669M->590M(671M) 3.740ms
[14924.743s][info][gc,cpu         ] GC(32707) User=0.00s Sys=0.00s Real=0.00s
[14925.221s][info][gc,start       ] GC(32708) Pause Young (Allocation Failure)
[14925.225s][info][gc,heap        ] GC(32708) PSYoungGen: 83136K(84480K)->1088K(84480K) Eden: 81920K(81920K)->0K(81920K) From: 1216K(2560K)->1088K(2560K)
[14925.225s][info][gc,heap        ] GC(32708) ParOldGen: 602984K(603136K)->603032K(603136K)
[14925.225s][info][gc,metaspace   ] GC(32708) Metaspace: 62366K(62592K)->62366K(62592K) NonClass: 53329K(53504K)->53329K(53504K) Class: 9037K(9088K)->9037K(9088K)
[14925.225s][info][gc             ] GC(32708) Pause Young (Allocation Failure) 670M->589M(671M) 3.528ms
[14925.225s][info][gc,cpu         ] GC(32708) User=0.01s Sys=0.00s Real=0.01s
[14925.687s][info][gc,start       ] GC(32709) Pause Young (Allocation Failure)
[14925.690s][info][gc,heap        ] GC(32709) PSYoungGen: 83008K(84480K)->512K(84480K) Eden: 81920K(81920K)->0K(81920K) From: 1088K(2560K)->512K(2560K)
[14925.690s][info][gc,heap        ] GC(32709) ParOldGen: 603032K(603136K)->603080K(603136K)
[14925.690s][info][gc,metaspace   ] GC(32709) Metaspace: 62366K(62592K)->62366K(62592K) NonClass: 53329K(53504K)->53329K(53504K) Class: 9037K(9088K)->9037K(9088K)
[14925.690s][info][gc             ] GC(32709) Pause Young (Allocation Failure) 669M->589M(671M) 2.825ms
[14925.690s][info][gc,cpu         ] GC(32709) User=0.00s Sys=0.00s Real=0.00s
[14926.137s][info][gc,start       ] GC(32710) Pause Young (Allocation Failure)
[14926.141s][info][gc,heap        ] GC(32710) PSYoungGen: 82432K(84480K)->1184K(84480K) Eden: 81920K(81920K)->0K(81920K) From: 512K(2560K)->1184K(2560K)
[14926.141s][info][gc,heap        ] GC(32710) ParOldGen: 603080K(603136K)->603128K(603136K)
[14926.141s][info][gc,metaspace   ] GC(32710) Metaspace: 62366K(62592K)->62366K(62592K) NonClass: 53329K(53504K)->53329K(53504K) Class: 9037K(9088K)->9037K(9088K)
[14926.141s][info][gc             ] GC(32710) Pause Young (Allocation Failure) 669M->590M(671M) 3.690ms
[14926.141s][info][gc,cpu         ] GC(32710) User=0.01s Sys=0.00s Real=0.00s
[14926.617s][info][gc,start       ] GC(32711) Pause Young (Allocation Failure)
[14926.620s][info][gc,heap        ] GC(32711) PSYoungGen: 83104K(84480K)->992K(84480K) Eden: 81920K(81920K)->0K(81920K) From: 1184K(2560K)->992K(2560K)
[14926.620s][info][gc,heap        ] GC(32711) ParOldGen: 603128K(603136K)->603184K(603648K)
[14926.620s][info][gc,metaspace   ] GC(32711) Metaspace: 62366K(62592K)->62366K(62592K) NonClass: 53329K(53504K)->53329K(53504K) Class: 9037K(9088K)->9037K(9088K)
[14926.620s][info][gc             ] GC(32711) Pause Young (Allocation Failure) 670M->590M(672M) 3.507ms
[14926.620s][info][gc,cpu         ] GC(32711) User=0.01s Sys=0.00s Real=0.00s
[14927.100s][info][gc,start       ] GC(32712) Pause Young (Allocation Failure)
[14927.103s][info][gc,heap        ] GC(32712) PSYoungGen: 82912K(84480K)->704K(84992K) Eden: 81920K(81920K)->0K(82944K) From: 992K(2560K)->704K(2048K)
[14927.103s][info][gc,heap        ] GC(32712) ParOldGen: 603184K(603648K)->603240K(603648K)
[14927.103s][info][gc,metaspace   ] GC(32712) Metaspace: 62366K(62592K)->62366K(62592K) NonClass: 53329K(53504K)->53329K(53504K) Class: 9037K(9088K)->9037K(9088K)
[14927.103s][info][gc             ] GC(32712) Pause Young (Allocation Failure) 670M->589M(672M) 3.069ms
[14927.103s][info][gc,cpu         ] GC(32712) User=0.01s Sys=0.00s Real=0.00s
[14927.587s][info][gc,start       ] GC(32713) Pause Young (Allocation Failure)
[14927.590s][info][gc,heap        ] GC(32713) PSYoungGen: 83648K(84992K)->1536K(84992K) Eden: 82944K(82944K)->0K(82944K) From: 704K(2048K)->1536K(2048K)
[14927.590s][info][gc,heap        ] GC(32713) ParOldGen: 603240K(603648K)->603288K(603648K)
[14927.590s][info][gc,metaspace   ] GC(32713) Metaspace: 62366K(62592K)->62366K(62592K) NonClass: 53329K(53504K)->53329K(53504K) Class: 9037K(9088K)->9037K(9088K)
[14927.590s][info][gc             ] GC(32713) Pause Young (Allocation Failure) 670M->590M(672M) 3.049ms
[14927.590s][info][gc,cpu         ] GC(32713) User=0.01s Sys=0.00s Real=0.00s
[14928.077s][info][gc,start       ] GC(32714) Pause Young (Allocation Failure)
[14928.081s][info][gc,heap        ] GC(32714) PSYoungGen: 84480K(84992K)->416K(84992K) Eden: 82944K(82944K)->0K(82944K) From: 1536K(2048K)->416K(2048K)
[14928.081s][info][gc,heap        ] GC(32714) ParOldGen: 603288K(603648K)->605384K(606720K)
[14928.081s][info][gc,metaspace   ] GC(32714) Metaspace: 62366K(62592K)->62366K(62592K) NonClass: 53329K(53504K)->53329K(53504K) Class: 9037K(9088K)->9037K(9088K)
[14928.081s][info][gc             ] GC(32714) Pause Young (Allocation Failure) 671M->591M(675M) 3.912ms
[14928.081s][info][gc,cpu         ] GC(32714) User=0.01s Sys=0.00s Real=0.00s
[14928.581s][info][gc,start       ] GC(32715) Pause Young (Allocation Failure)
[14928.583s][info][gc,heap        ] GC(32715) PSYoungGen: 83360K(84992K)->448K(84992K) Eden: 82944K(82944K)->0K(82944K) From: 416K(2048K)->448K(2048K)
[14928.583s][info][gc,heap        ] GC(32715) ParOldGen: 605384K(606720K)->605432K(606720K)
[14928.583s][info][gc,metaspace   ] GC(32715) Metaspace: 62366K(62592K)->62366K(62592K) NonClass: 53329K(53504K)->53329K(53504K) Class: 9037K(9088K)->9037K(9088K)
[14928.584s][info][gc             ] GC(32715) Pause Young (Allocation Failure) 672M->591M(675M) 2.898ms
[14928.584s][info][gc,cpu         ] GC(32715) User=0.01s Sys=0.00s Real=0.00s
[14929.067s][info][gc,start       ] GC(32716) Pause Young (Allocation Failure)
[14929.070s][info][gc,heap        ] GC(32716) PSYoungGen: 83392K(84992K)->256K(84992K) Eden: 82944K(82944K)->0K(82944K) From: 448K(2048K)->256K(2048K)
[14929.070s][info][gc,heap        ] GC(32716) ParOldGen: 605432K(606720K)->605480K(606720K)
[14929.070s][info][gc,metaspace   ] GC(32716) Metaspace: 62366K(62592K)->62366K(62592K) NonClass: 53329K(53504K)->53329K(53504K) Class: 9037K(9088K)->9037K(9088K)
[14929.070s][info][gc             ] GC(32716) Pause Young (Allocation Failure) 672M->591M(675M) 2.661ms
[14929.070s][info][gc,cpu         ] GC(32716) User=0.01s Sys=0.00s Real=0.00s
[14929.598s][info][gc,start       ] GC(32717) Pause Young (Allocation Failure)
[14929.601s][info][gc,heap        ] GC(32717) PSYoungGen: 83200K(84992K)->704K(84992K) Eden: 82944K(82944K)->0K(82944K) From: 256K(2048K)->704K(2048K)
[14929.601s][info][gc,heap        ] GC(32717) ParOldGen: 605480K(606720K)->605536K(606720K)
[14929.601s][info][gc,metaspace   ] GC(32717) Metaspace: 62366K(62592K)->62366K(62592K) NonClass: 53329K(53504K)->53329K(53504K) Class: 9037K(9088K)->9037K(9088K)
[14929.601s][info][gc             ] GC(32717) Pause Young (Allocation Failure) 672M->592M(675M) 3.060ms
[14929.601s][info][gc,cpu         ] GC(32717) User=0.00s Sys=0.00s Real=0.00s
[14930.087s][info][gc,start       ] GC(32718) Pause Young (Allocation Failure)
[14930.090s][info][gc,heap        ] GC(32718) PSYoungGen: 83648K(84992K)->544K(84992K) Eden: 82944K(82944K)->0K(82944K) From: 704K(2048K)->544K(2048K)
[14930.090s][info][gc,heap        ] GC(32718) ParOldGen: 605536K(606720K)->605632K(606720K)
[14930.090s][info][gc,metaspace   ] GC(32718) Metaspace: 62366K(62592K)->62366K(62592K) NonClass: 53329K(53504K)->53329K(53504K) Class: 9037K(9088K)->9037K(9088K)
[14930.090s][info][gc             ] GC(32718) Pause Young (Allocation Failure) 673M->591M(675M) 2.909ms
[14930.090s][info][gc,cpu         ] GC(32718) User=0.01s Sys=0.00s Real=0.00s
[14930.570s][info][gc,start       ] GC(32719) Pause Young (Allocation Failure)
[14930.572s][info][gc,heap        ] GC(32719) PSYoungGen: 83488K(84992K)->288K(84992K) Eden: 82944K(82944K)->0K(82944K) From: 544K(2048K)->288K(2048K)
[14930.572s][info][gc,heap        ] GC(32719) ParOldGen: 605632K(606720K)->605680K(606720K)
[14930.572s][info][gc,metaspace   ] GC(32719) Metaspace: 62366K(62592K)->62366K(62592K) NonClass: 53329K(53504K)->53329K(53504K) Class: 9037K(9088K)->9037K(9088K)
[14930.572s][info][gc             ] GC(32719) Pause Young (Allocation Failure) 672M->591M(675M) 2.669ms
[14930.572s][info][gc,cpu         ] GC(32719) User=0.01s Sys=0.00s Real=0.00s
[14931.053s][info][gc,start       ] GC(32720) Pause Young (Allocation Failure)
[14931.056s][info][gc,heap        ] GC(32720) PSYoungGen: 83232K(84992K)->1408K(84992K) Eden: 82944K(82944K)->0K(82944K) From: 288K(2048K)->1408K(2048K)
[14931.057s][info][gc,heap        ] GC(32720) ParOldGen: 605680K(606720K)->605728K(606720K)
[14931.057s][info][gc,metaspace   ] GC(32720) Metaspace: 62366K(62592K)->62366K(62592K) NonClass: 53329K(53504K)->53329K(53504K) Class: 9037K(9088K)->9037K(9088K)
[14931.057s][info][gc             ] GC(32720) Pause Young (Allocation Failure) 672M->592M(675M) 4.031ms
[14931.057s][info][gc,cpu         ] GC(32720) User=0.01s Sys=0.00s Real=0.01s
[14931.511s][info][gc,start       ] GC(32721) Pause Young (Allocation Failure)
[14931.515s][info][gc,heap        ] GC(32721) PSYoungGen: 84352K(84992K)->928K(84992K) Eden: 82944K(82944K)->0K(82944K) From: 1408K(2048K)->928K(2048K)
[14931.515s][info][gc,heap        ] GC(32721) ParOldGen: 605728K(606720K)->605776K(606720K)
[14931.515s][info][gc,metaspace   ] GC(32721) Metaspace: 62366K(62592K)->62366K(62592K) NonClass: 53329K(53504K)->53329K(53504K) Class: 9037K(9088K)->9037K(9088K)
[14931.515s][info][gc             ] GC(32721) Pause Young (Allocation Failure) 673M->592M(675M) 3.483ms
[14931.515s][info][gc,cpu         ] GC(32721) User=0.01s Sys=0.00s Real=0.01s
[14932.017s][info][gc,start       ] GC(32722) Pause Young (Allocation Failure)
[14932.020s][info][gc,heap        ] GC(32722) PSYoungGen: 83872K(84992K)->928K(84992K) Eden: 82944K(82944K)->0K(82944K) From: 928K(2048K)->928K(2048K)
[14932.020s][info][gc,heap        ] GC(32722) ParOldGen: 605776K(606720K)->605824K(606720K)
[14932.020s][info][gc,metaspace   ] GC(32722) Metaspace: 62366K(62592K)->62366K(62592K) NonClass: 53329K(53504K)->53329K(53504K) Class: 9037K(9088K)->9037K(9088K)
[14932.020s][info][gc             ] GC(32722) Pause Young (Allocation Failure) 673M->592M(675M) 3.493ms
[14932.020s][info][gc,cpu         ] GC(32722) User=0.01s Sys=0.00s Real=0.00s
[14932.508s][info][gc,start       ] GC(32723) Pause Young (Allocation Failure)
[14932.512s][info][gc,heap        ] GC(32723) PSYoungGen: 83872K(84992K)->1888K(84992K) Eden: 82944K(82944K)->0K(82944K) From: 928K(2048K)->1888K(2048K)
[14932.512s][info][gc,heap        ] GC(32723) ParOldGen: 605824K(606720K)->605872K(606720K)
[14932.512s][info][gc,metaspace   ] GC(32723) Metaspace: 62366K(62592K)->62366K(62592K) NonClass: 53329K(53504K)->53329K(53504K) Class: 9037K(9088K)->9037K(9088K)
[14932.512s][info][gc             ] GC(32723) Pause Young (Allocation Failure) 673M->593M(675M) 3.462ms
[14932.512s][info][gc,cpu         ] GC(32723) User=0.01s Sys=0.00s Real=0.00s
[14932.951s][info][gc,start       ] GC(32724) Pause Young (Allocation Failure)
[14932.955s][info][gc,heap        ] GC(32724) PSYoungGen: 84832K(84992K)->1536K(83968K) Eden: 82944K(82944K)->0K(81920K) From: 1888K(2048K)->1536K(2048K)
[14932.955s][info][gc,heap        ] GC(32724) ParOldGen: 605872K(606720K)->606944K(608256K)
[14932.955s][info][gc,metaspace   ] GC(32724) Metaspace: 62366K(62592K)->62366K(62592K) NonClass: 53329K(53504K)->53329K(53504K) Class: 9037K(9088K)->9037K(9088K)
[14932.956s][info][gc             ] GC(32724) Pause Young (Allocation Failure) 674M->594M(676M) 4.545ms
[14932.956s][info][gc,cpu         ] GC(32724) User=0.01s Sys=0.00s Real=0.01s
[14933.394s][info][gc,start       ] GC(32725) Pause Young (Allocation Failure)
[14933.397s][info][gc,heap        ] GC(32725) PSYoungGen: 83456K(83968K)->640K(84480K) Eden: 81920K(81920K)->0K(81920K) From: 1536K(2048K)->640K(2560K)
[14933.397s][info][gc,heap        ] GC(32725) ParOldGen: 606944K(608256K)->606992K(608256K)
[14933.397s][info][gc,metaspace   ] GC(32725) Metaspace: 62366K(62592K)->62366K(62592K) NonClass: 53329K(53504K)->53329K(53504K) Class: 9037K(9088K)->9037K(9088K)
[14933.397s][info][gc             ] GC(32725) Pause Young (Allocation Failure) 674M->593M(676M) 3.037ms
[14933.397s][info][gc,cpu         ] GC(32725) User=0.00s Sys=0.00s Real=0.01s
[14933.842s][info][gc,start       ] GC(32726) Pause Young (Allocation Failure)
[14933.846s][info][gc,heap        ] GC(32726) PSYoungGen: 82560K(84480K)->1440K(84480K) Eden: 81920K(81920K)->0K(81920K) From: 640K(2560K)->1440K(2560K)
[14933.846s][info][gc,heap        ] GC(32726) ParOldGen: 606992K(608256K)->607040K(608256K)
[14933.846s][info][gc,metaspace   ] GC(32726) Metaspace: 62366K(62592K)->62366K(62592K) NonClass: 53329K(53504K)->53329K(53504K) Class: 9037K(9088K)->9037K(9088K)
[14933.846s][info][gc             ] GC(32726) Pause Young (Allocation Failure) 673M->594M(676M) 4.060ms
[14933.846s][info][gc,cpu         ] GC(32726) User=0.00s Sys=0.00s Real=0.01s
[14934.297s][info][gc,start       ] GC(32727) Pause Young (Allocation Failure)
[14934.300s][info][gc,heap        ] GC(32727) PSYoungGen: 83360K(84480K)->704K(84480K) Eden: 81920K(81920K)->0K(81920K) From: 1440K(2560K)->704K(2560K)
[14934.300s][info][gc,heap        ] GC(32727) ParOldGen: 607040K(608256K)->607096K(608256K)
[14934.300s][info][gc,metaspace   ] GC(32727) Metaspace: 62366K(62592K)->62366K(62592K) NonClass: 53329K(53504K)->53329K(53504K) Class: 9037K(9088K)->9037K(9088K)
[14934.300s][info][gc             ] GC(32727) Pause Young (Allocation Failure) 674M->593M(676M) 3.133ms
[14934.300s][info][gc,cpu         ] GC(32727) User=0.00s Sys=0.00s Real=0.00s
[14934.742s][info][gc,start       ] GC(32728) Pause Young (Allocation Failure)
[14934.746s][info][gc,heap        ] GC(32728) PSYoungGen: 82624K(84480K)->1344K(84480K) Eden: 81920K(81920K)->0K(81920K) From: 704K(2560K)->1344K(2560K)
[14934.746s][info][gc,heap        ] GC(32728) ParOldGen: 607096K(608256K)->607152K(608256K)
[14934.746s][info][gc,metaspace   ] GC(32728) Metaspace: 62366K(62592K)->62366K(62592K) NonClass: 53329K(53504K)->53329K(53504K) Class: 9037K(9088K)->9037K(9088K)
[14934.746s][info][gc             ] GC(32728) Pause Young (Allocation Failure) 673M->594M(676M) 4.124ms
[14934.746s][info][gc,cpu         ] GC(32728) User=0.01s Sys=0.00s Real=0.01s
[14935.227s][info][gc,start       ] GC(32729) Pause Young (Allocation Failure)
[14935.231s][info][gc,heap        ] GC(32729) PSYoungGen: 83264K(84480K)->1056K(84480K) Eden: 81920K(81920K)->0K(81920K) From: 1344K(2560K)->1056K(2560K)
[14935.231s][info][gc,heap        ] GC(32729) ParOldGen: 607152K(608256K)->607200K(608256K)
[14935.231s][info][gc,metaspace   ] GC(32729) Metaspace: 62366K(62592K)->62366K(62592K) NonClass: 53329K(53504K)->53329K(53504K) Class: 9037K(9088K)->9037K(9088K)
[14935.231s][info][gc             ] GC(32729) Pause Young (Allocation Failure) 674M->594M(676M) 3.603ms
[14935.231s][info][gc,cpu         ] GC(32729) User=0.00s Sys=0.00s Real=0.00s
[14935.716s][info][gc,start       ] GC(32730) Pause Young (Allocation Failure)
[14935.719s][info][gc,heap        ] GC(32730) PSYoungGen: 82976K(84480K)->896K(84992K) Eden: 81920K(81920K)->0K(82432K) From: 1056K(2560K)->896K(2560K)
[14935.719s][info][gc,heap        ] GC(32730) ParOldGen: 607200K(608256K)->607248K(608256K)
[14935.719s][info][gc,metaspace   ] GC(32730) Metaspace: 62366K(62592K)->62366K(62592K) NonClass: 53329K(53504K)->53329K(53504K) Class: 9037K(9088K)->9037K(9088K)
[14935.719s][info][gc             ] GC(32730) Pause Young (Allocation Failure) 674M->593M(677M) 3.385ms
[14935.719s][info][gc,cpu         ] GC(32730) User=0.00s Sys=0.00s Real=0.00s
[14936.164s][info][gc,start       ] GC(32731) Pause Young (Allocation Failure)
[14936.167s][info][gc,heap        ] GC(32731) PSYoungGen: 83328K(84992K)->224K(84480K) Eden: 82432K(82432K)->0K(82432K) From: 896K(2560K)->224K(2048K)
[14936.167s][info][gc,heap        ] GC(32731) ParOldGen: 607248K(608256K)->607296K(608256K)
[14936.167s][info][gc,metaspace   ] GC(32731) Metaspace: 62366K(62592K)->62366K(62592K) NonClass: 53329K(53504K)->53329K(53504K) Class: 9037K(9088K)->9037K(9088K)
[14936.167s][info][gc             ] GC(32731) Pause Young (Allocation Failure) 674M->593M(676M) 2.583ms
[14936.167s][info][gc,cpu         ] GC(32731) User=0.01s Sys=0.00s Real=0.00s
[14936.605s][info][gc,start       ] GC(32732) Pause Young (Allocation Failure)
[14936.608s][info][gc,heap        ] GC(32732) PSYoungGen: 82656K(84480K)->864K(84992K) Eden: 82432K(82432K)->0K(82944K) From: 224K(2048K)->864K(2048K)
[14936.608s][info][gc,heap        ] GC(32732) ParOldGen: 607296K(608256K)->607352K(608256K)
[14936.608s][info][gc,metaspace   ] GC(32732) Metaspace: 62366K(62592K)->62366K(62592K) NonClass: 53329K(53504K)->53329K(53504K) Class: 9037K(9088K)->9037K(9088K)
[14936.608s][info][gc             ] GC(32732) Pause Young (Allocation Failure) 673M->593M(677M) 3.341ms
[14936.608s][info][gc,cpu         ] GC(32732) User=0.01s Sys=0.00s Real=0.00s
[14937.105s][info][gc,start       ] GC(32733) Pause Young (Allocation Failure)
[14937.109s][info][gc,heap        ] GC(32733) PSYoungGen: 83808K(84992K)->1824K(84992K) Eden: 82944K(82944K)->0K(82944K) From: 864K(2048K)->1824K(2048K)
[14937.109s][info][gc,heap        ] GC(32733) ParOldGen: 607352K(608256K)->607408K(608256K)
[14937.109s][info][gc,metaspace   ] GC(32733) Metaspace: 62366K(62592K)->62366K(62592K) NonClass: 53329K(53504K)->53329K(53504K) Class: 9037K(9088K)->9037K(9088K)
[14937.109s][info][gc             ] GC(32733) Pause Young (Allocation Failure) 674M->594M(677M) 3.329ms
[14937.109s][info][gc,cpu         ] GC(32733) User=0.00s Sys=0.00s Real=0.00s
[14937.558s][info][gc,start       ] GC(32734) Pause Young (Allocation Failure)
[14937.563s][info][gc,heap        ] GC(32734) PSYoungGen: 84768K(84992K)->1504K(83968K) Eden: 82944K(82944K)->0K(81920K) From: 1824K(2048K)->1504K(2048K)
[14937.563s][info][gc,heap        ] GC(32734) ParOldGen: 607408K(608256K)->608528K(609792K)
[14937.563s][info][gc,metaspace   ] GC(32734) Metaspace: 62366K(62592K)->62366K(62592K) NonClass: 53329K(53504K)->53329K(53504K) Class: 9037K(9088K)->9037K(9088K)
[14937.563s][info][gc             ] GC(32734) Pause Young (Allocation Failure) 675M->595M(677M) 4.629ms
[14937.563s][info][gc,cpu         ] GC(32734) User=0.01s Sys=0.00s Real=0.00s
[14938.062s][info][gc,start       ] GC(32735) Pause Young (Allocation Failure)
[14938.065s][info][gc,heap        ] GC(32735) PSYoungGen: 83424K(83968K)->192K(84480K) Eden: 81920K(81920K)->0K(81920K) From: 1504K(2048K)->192K(2560K)
[14938.065s][info][gc,heap        ] GC(32735) ParOldGen: 608528K(609792K)->608576K(609792K)
[14938.065s][info][gc,metaspace   ] GC(32735) Metaspace: 62366K(62592K)->62366K(62592K) NonClass: 53329K(53504K)->53329K(53504K) Class: 9037K(9088K)->9037K(9088K)
[14938.065s][info][gc             ] GC(32735) Pause Young (Allocation Failure) 675M->594M(678M) 2.640ms
[14938.065s][info][gc,cpu         ] GC(32735) User=0.01s Sys=0.00s Real=0.01s
[14938.515s][info][gc,start       ] GC(32736) Pause Young (Allocation Failure)
[14938.518s][info][gc,heap        ] GC(32736) PSYoungGen: 82112K(84480K)->1024K(84480K) Eden: 81920K(81920K)->0K(81920K) From: 192K(2560K)->1024K(2560K)
[14938.518s][info][gc,heap        ] GC(32736) ParOldGen: 608576K(609792K)->608624K(609792K)
[14938.518s][info][gc,metaspace   ] GC(32736) Metaspace: 62366K(62592K)->62366K(62592K) NonClass: 53329K(53504K)->53329K(53504K) Class: 9037K(9088K)->9037K(9088K)
[14938.518s][info][gc             ] GC(32736) Pause Young (Allocation Failure) 674M->595M(678M) 3.553ms
[14938.518s][info][gc,cpu         ] GC(32736) User=0.00s Sys=0.00s Real=0.00s
[14938.954s][info][gc,start       ] GC(32737) Pause Young (Allocation Failure)
[14938.959s][info][gc,heap        ] GC(32737) PSYoungGen: 82944K(84480K)->1600K(84480K) Eden: 81920K(81920K)->0K(81920K) From: 1024K(2560K)->1600K(2560K)
[14938.959s][info][gc,heap        ] GC(32737) ParOldGen: 608624K(609792K)->608680K(609792K)
[14938.959s][info][gc,metaspace   ] GC(32737) Metaspace: 62366K(62592K)->62366K(62592K) NonClass: 53329K(53504K)->53329K(53504K) Class: 9037K(9088K)->9037K(9088K)
[14938.959s][info][gc             ] GC(32737) Pause Young (Allocation Failure) 675M->595M(678M) 4.129ms
[14938.959s][info][gc,cpu         ] GC(32737) User=0.01s Sys=0.00s Real=0.00s
[14939.481s][info][gc,start       ] GC(32738) Pause Young (Allocation Failure)
[14939.484s][info][gc,heap        ] GC(32738) PSYoungGen: 83520K(84480K)->416K(84480K) Eden: 81920K(81920K)->0K(81920K) From: 1600K(2560K)->416K(2560K)
[14939.484s][info][gc,heap        ] GC(32738) ParOldGen: 608680K(609792K)->608736K(609792K)
[14939.484s][info][gc,metaspace   ] GC(32738) Metaspace: 62366K(62592K)->62366K(62592K) NonClass: 53329K(53504K)->53329K(53504K) Class: 9037K(9088K)->9037K(9088K)
[14939.484s][info][gc             ] GC(32738) Pause Young (Allocation Failure) 675M->594M(678M) 2.927ms
[14939.484s][info][gc,cpu         ] GC(32738) User=0.01s Sys=0.00s Real=0.01s
[14939.979s][info][gc,start       ] GC(32739) Pause Young (Allocation Failure)
[14939.982s][info][gc,heap        ] GC(32739) PSYoungGen: 82336K(84480K)->416K(84480K) Eden: 81920K(81920K)->0K(81920K) From: 416K(2560K)->416K(2560K)
[14939.982s][info][gc,heap        ] GC(32739) ParOldGen: 608736K(609792K)->608792K(609792K)
[14939.982s][info][gc,metaspace   ] GC(32739) Metaspace: 62366K(62592K)->62366K(62592K) NonClass: 53329K(53504K)->53329K(53504K) Class: 9037K(9088K)->9037K(9088K)
[14939.982s][info][gc             ] GC(32739) Pause Young (Allocation Failure) 674M->594M(678M) 2.866ms
[14939.982s][info][gc,cpu         ] GC(32739) User=0.00s Sys=0.00s Real=0.00s
[14940.469s][info][gc,start       ] GC(32740) Pause Young (Allocation Failure)
[14940.472s][info][gc,heap        ] GC(32740) PSYoungGen: 82336K(84480K)->320K(84480K) Eden: 81920K(81920K)->0K(81920K) From: 416K(2560K)->320K(2560K)
[14940.472s][info][gc,heap        ] GC(32740) ParOldGen: 608792K(609792K)->608840K(609792K)
[14940.472s][info][gc,metaspace   ] GC(32740) Metaspace: 62366K(62592K)->62366K(62592K) NonClass: 53329K(53504K)->53329K(53504K) Class: 9037K(9088K)->9037K(9088K)
[14940.472s][info][gc             ] GC(32740) Pause Young (Allocation Failure) 674M->594M(678M) 2.748ms
[14940.472s][info][gc,cpu         ] GC(32740) User=0.01s Sys=0.00s Real=0.00s
[14940.939s][info][gc,start       ] GC(32741) Pause Young (Allocation Failure)
[14940.942s][info][gc,heap        ] GC(32741) PSYoungGen: 82240K(84480K)->1312K(84480K) Eden: 81920K(81920K)->0K(81920K) From: 320K(2560K)->1312K(2560K)
[14940.943s][info][gc,heap        ] GC(32741) ParOldGen: 608840K(609792K)->608888K(609792K)
[14940.943s][info][gc,metaspace   ] GC(32741) Metaspace: 62366K(62592K)->62366K(62592K) NonClass: 53329K(53504K)->53329K(53504K) Class: 9037K(9088K)->9037K(9088K)
[14940.943s][info][gc             ] GC(32741) Pause Young (Allocation Failure) 674M->595M(678M) 3.946ms
[14940.943s][info][gc,cpu         ] GC(32741) User=0.00s Sys=0.00s Real=0.00s
[14941.397s][info][gc,start       ] GC(32742) Pause Young (Allocation Failure)
[14941.400s][info][gc,heap        ] GC(32742) PSYoungGen: 83232K(84480K)->704K(84480K) Eden: 81920K(81920K)->0K(81920K) From: 1312K(2560K)->704K(2560K)
[14941.400s][info][gc,heap        ] GC(32742) ParOldGen: 608888K(609792K)->608944K(609792K)
[14941.400s][info][gc,metaspace   ] GC(32742) Metaspace: 62366K(62592K)->62366K(62592K) NonClass: 53329K(53504K)->53329K(53504K) Class: 9037K(9088K)->9037K(9088K)
[14941.400s][info][gc             ] GC(32742) Pause Young (Allocation Failure) 675M->595M(678M) 3.133ms
[14941.400s][info][gc,cpu         ] GC(32742) User=0.00s Sys=0.00s Real=0.00s
[14941.857s][info][gc,start       ] GC(32743) Pause Young (Allocation Failure)
[14941.861s][info][gc,heap        ] GC(32743) PSYoungGen: 82624K(84480K)->1440K(84480K) Eden: 81920K(81920K)->0K(81920K) From: 704K(2560K)->1440K(2560K)
[14941.861s][info][gc,heap        ] GC(32743) ParOldGen: 608944K(609792K)->608992K(609792K)
[14941.861s][info][gc,metaspace   ] GC(32743) Metaspace: 62366K(62592K)->62366K(62592K) NonClass: 53329K(53504K)->53329K(53504K) Class: 9037K(9088K)->9037K(9088K)
[14941.861s][info][gc             ] GC(32743) Pause Young (Allocation Failure) 675M->596M(678M) 3.999ms
[14941.861s][info][gc,cpu         ] GC(32743) User=0.00s Sys=0.00s Real=0.00s
[14942.303s][info][gc,start       ] GC(32744) Pause Young (Allocation Failure)
[14942.306s][info][gc,heap        ] GC(32744) PSYoungGen: 83360K(84480K)->1856K(84480K) Eden: 81920K(81920K)->0K(81920K) From: 1440K(2560K)->1856K(2560K)
[14942.306s][info][gc,heap        ] GC(32744) ParOldGen: 608992K(609792K)->609048K(609792K)
[14942.306s][info][gc,metaspace   ] GC(32744) Metaspace: 62366K(62592K)->62366K(62592K) NonClass: 53329K(53504K)->53329K(53504K) Class: 9037K(9088K)->9037K(9088K)
[14942.306s][info][gc             ] GC(32744) Pause Young (Allocation Failure) 676M->596M(678M) 3.455ms
[14942.306s][info][gc,cpu         ] GC(32744) User=0.00s Sys=0.00s Real=0.01s
[14942.754s][info][gc,start       ] GC(32745) Pause Young (Allocation Failure)
[14942.758s][info][gc,heap        ] GC(32745) PSYoungGen: 83776K(84480K)->1376K(84480K) Eden: 81920K(81920K)->0K(81920K) From: 1856K(2560K)->1376K(2560K)
[14942.758s][info][gc,heap        ] GC(32745) ParOldGen: 609048K(609792K)->610128K(611328K)
[14942.758s][info][gc,metaspace   ] GC(32745) Metaspace: 62366K(62592K)->62366K(62592K) NonClass: 53329K(53504K)->53329K(53504K) Class: 9037K(9088K)->9037K(9088K)
[14942.758s][info][gc             ] GC(32745) Pause Young (Allocation Failure) 676M->597M(679M) 4.441ms
[14942.758s][info][gc,cpu         ] GC(32745) User=0.01s Sys=0.00s Real=0.01s
[14943.230s][info][gc,start       ] GC(32746) Pause Young (Allocation Failure)
[14943.233s][info][gc,heap        ] GC(32746) PSYoungGen: 83296K(84480K)->960K(84480K) Eden: 81920K(81920K)->0K(81920K) From: 1376K(2560K)->960K(2560K)
[14943.233s][info][gc,heap        ] GC(32746) ParOldGen: 610128K(611328K)->610184K(611328K)
[14943.233s][info][gc,metaspace   ] GC(32746) Metaspace: 62366K(62592K)->62366K(62592K) NonClass: 53329K(53504K)->53329K(53504K) Class: 9037K(9088K)->9037K(9088K)
[14943.233s][info][gc             ] GC(32746) Pause Young (Allocation Failure) 677M->596M(679M) 3.553ms
[14943.233s][info][gc,cpu         ] GC(32746) User=0.01s Sys=0.00s Real=0.00s
[14943.745s][info][gc,start       ] GC(32747) Pause Young (Allocation Failure)
[14943.748s][info][gc,heap        ] GC(32747) PSYoungGen: 82880K(84480K)->1248K(84480K) Eden: 81920K(81920K)->0K(81920K) From: 960K(2560K)->1248K(2560K)
[14943.748s][info][gc,heap        ] GC(32747) ParOldGen: 610184K(611328K)->610240K(611328K)
[14943.748s][info][gc,metaspace   ] GC(32747) Metaspace: 62366K(62592K)->62366K(62592K) NonClass: 53329K(53504K)->53329K(53504K) Class: 9037K(9088K)->9037K(9088K)
[14943.748s][info][gc             ] GC(32747) Pause Young (Allocation Failure) 676M->597M(679M) 3.871ms
[14943.749s][info][gc,cpu         ] GC(32747) User=0.00s Sys=0.00s Real=0.00s
[14944.243s][info][gc,start       ] GC(32748) Pause Young (Allocation Failure)
[14944.247s][info][gc,heap        ] GC(32748) PSYoungGen: 83168K(84480K)->1248K(84480K) Eden: 81920K(81920K)->0K(81920K) From: 1248K(2560K)->1248K(2560K)
[14944.247s][info][gc,heap        ] GC(32748) ParOldGen: 610240K(611328K)->610296K(611328K)
[14944.247s][info][gc,metaspace   ] GC(32748) Metaspace: 62366K(62592K)->62366K(62592K) NonClass: 53329K(53504K)->53329K(53504K) Class: 9037K(9088K)->9037K(9088K)
[14944.247s][info][gc             ] GC(32748) Pause Young (Allocation Failure) 677M->597M(679M) 3.944ms
[14944.247s][info][gc,cpu         ] GC(32748) User=0.01s Sys=0.00s Real=0.01s
[14944.818s][info][gc,start       ] GC(32749) Pause Young (Allocation Failure)
[14944.821s][info][gc,heap        ] GC(32749) PSYoungGen: 83168K(84480K)->832K(84480K) Eden: 81920K(81920K)->0K(81920K) From: 1248K(2560K)->832K(2560K)
[14944.821s][info][gc,heap        ] GC(32749) ParOldGen: 610296K(611328K)->610352K(611328K)
[14944.821s][info][gc,metaspace   ] GC(32749) Metaspace: 62366K(62592K)->62366K(62592K) NonClass: 53329K(53504K)->53329K(53504K) Class: 9037K(9088K)->9037K(9088K)
[14944.821s][info][gc             ] GC(32749) Pause Young (Allocation Failure) 677M->596M(679M) 3.373ms
[14944.821s][info][gc,cpu         ] GC(32749) User=0.00s Sys=0.00s Real=0.00s
[14945.419s][info][gc,start       ] GC(32750) Pause Young (Allocation Failure)
[14945.422s][info][gc,heap        ] GC(32750) PSYoungGen: 82752K(84480K)->960K(84992K) Eden: 81920K(81920K)->0K(82432K) From: 832K(2560K)->960K(2560K)
[14945.422s][info][gc,heap        ] GC(32750) ParOldGen: 610352K(611328K)->610400K(611328K)
[14945.422s][info][gc,metaspace   ] GC(32750) Metaspace: 62366K(62592K)->62366K(62592K) NonClass: 53329K(53504K)->53329K(53504K) Class: 9037K(9088K)->9037K(9088K)
[14945.423s][info][gc             ] GC(32750) Pause Young (Allocation Failure) 676M->597M(680M) 3.563ms
[14945.423s][info][gc,cpu         ] GC(32750) User=0.01s Sys=0.00s Real=0.00s
[14945.964s][info][gc,start       ] GC(32751) Pause Young (Allocation Failure)
[14945.967s][info][gc,heap        ] GC(32751) PSYoungGen: 83392K(84992K)->224K(84480K) Eden: 82432K(82432K)->0K(82432K) From: 960K(2560K)->224K(2048K)
[14945.967s][info][gc,heap        ] GC(32751) ParOldGen: 610400K(611328K)->610504K(611328K)
[14945.967s][info][gc,metaspace   ] GC(32751) Metaspace: 62366K(62592K)->62366K(62592K) NonClass: 53329K(53504K)->53329K(53504K) Class: 9037K(9088K)->9037K(9088K)
[14945.967s][info][gc             ] GC(32751) Pause Young (Allocation Failure) 677M->596M(679M) 2.769ms
[14945.967s][info][gc,cpu         ] GC(32751) User=0.00s Sys=0.00s Real=0.00s
[14946.499s][info][gc,start       ] GC(32752) Pause Young (Allocation Failure)
[14946.503s][info][gc,heap        ] GC(32752) PSYoungGen: 82656K(84480K)->640K(84992K) Eden: 82432K(82432K)->0K(82432K) From: 224K(2048K)->640K(2560K)
[14946.503s][info][gc,heap        ] GC(32752) ParOldGen: 610504K(611328K)->610552K(611328K)
[14946.503s][info][gc,metaspace   ] GC(32752) Metaspace: 62366K(62592K)->62366K(62592K) NonClass: 53329K(53504K)->53329K(53504K) Class: 9037K(9088K)->9037K(9088K)
[14946.503s][info][gc             ] GC(32752) Pause Young (Allocation Failure) 676M->596M(680M) 3.300ms
[14946.503s][info][gc,cpu         ] GC(32752) User=0.01s Sys=0.00s Real=0.00s
[14946.983s][info][gc,start       ] GC(32753) Pause Young (Allocation Failure)
[14946.986s][info][gc,heap        ] GC(32753) PSYoungGen: 83072K(84992K)->512K(84480K) Eden: 82432K(82432K)->0K(82432K) From: 640K(2560K)->512K(2048K)
[14946.986s][info][gc,heap        ] GC(32753) ParOldGen: 610552K(611328K)->610608K(611328K)
[14946.986s][info][gc,metaspace   ] GC(32753) Metaspace: 62366K(62592K)->62366K(62592K) NonClass: 53329K(53504K)->53329K(53504K) Class: 9037K(9088K)->9037K(9088K)
[14946.986s][info][gc             ] GC(32753) Pause Young (Allocation Failure) 677M->596M(679M) 3.003ms
[14946.986s][info][gc,cpu         ] GC(32753) User=0.00s Sys=0.00s Real=0.01s
[14947.446s][info][gc,start       ] GC(32754) Pause Young (Allocation Failure)
[14947.451s][info][gc,heap        ] GC(32754) PSYoungGen: 82944K(84480K)->2016K(83968K) Eden: 82432K(82432K)->0K(81920K) From: 512K(2048K)->2016K(2048K)
[14947.451s][info][gc,heap        ] GC(32754) ParOldGen: 610608K(611328K)->611064K(611328K)
[14947.451s][info][gc,metaspace   ] GC(32754) Metaspace: 62366K(62592K)->62366K(62592K) NonClass: 53329K(53504K)->53329K(53504K) Class: 9037K(9088K)->9037K(9088K)
[14947.451s][info][gc             ] GC(32754) Pause Young (Allocation Failure) 677M->598M(679M) 4.366ms
[14947.451s][info][gc,cpu         ] GC(32754) User=0.01s Sys=0.00s Real=0.00s
[14947.901s][info][gc,start       ] GC(32755) Pause Young (Allocation Failure)
[14947.905s][info][gc,heap        ] GC(32755) PSYoungGen: 83936K(83968K)->704K(84480K) Eden: 81920K(81920K)->0K(81920K) From: 2016K(2048K)->704K(2560K)
[14947.905s][info][gc,heap        ] GC(32755) ParOldGen: 611064K(611328K)->613128K(614400K)
[14947.905s][info][gc,metaspace   ] GC(32755) Metaspace: 62366K(62592K)->62366K(62592K) NonClass: 53329K(53504K)->53329K(53504K) Class: 9037K(9088K)->9037K(9088K)
[14947.905s][info][gc             ] GC(32755) Pause Young (Allocation Failure) 678M->599M(682M) 4.297ms
[14947.905s][info][gc,cpu         ] GC(32755) User=0.01s Sys=0.00s Real=0.01s
[14948.385s][info][gc,start       ] GC(32756) Pause Young (Allocation Failure)
[14948.388s][info][gc,heap        ] GC(32756) PSYoungGen: 82624K(84480K)->448K(84480K) Eden: 81920K(81920K)->0K(81920K) From: 704K(2560K)->448K(2560K)
[14948.388s][info][gc,heap        ] GC(32756) ParOldGen: 613128K(614400K)->613184K(614400K)
[14948.388s][info][gc,metaspace   ] GC(32756) Metaspace: 62366K(62592K)->62366K(62592K) NonClass: 53329K(53504K)->53329K(53504K) Class: 9037K(9088K)->9037K(9088K)
[14948.388s][info][gc             ] GC(32756) Pause Young (Allocation Failure) 679M->599M(682M) 3.284ms
[14948.388s][info][gc,cpu         ] GC(32756) User=0.01s Sys=0.00s Real=0.00s
[14948.904s][info][gc,start       ] GC(32757) Pause Young (Allocation Failure)
[14948.907s][info][gc,heap        ] GC(32757) PSYoungGen: 82368K(84480K)->736K(84480K) Eden: 81920K(81920K)->0K(81920K) From: 448K(2560K)->736K(2560K)
[14948.907s][info][gc,heap        ] GC(32757) ParOldGen: 613184K(614400K)->613232K(614400K)
[14948.907s][info][gc,metaspace   ] GC(32757) Metaspace: 62366K(62592K)->62366K(62592K) NonClass: 53329K(53504K)->53329K(53504K) Class: 9037K(9088K)->9037K(9088K)
[14948.907s][info][gc             ] GC(32757) Pause Young (Allocation Failure) 679M->599M(682M) 3.562ms
[14948.907s][info][gc,cpu         ] GC(32757) User=0.01s Sys=0.00s Real=0.01s
[14949.434s][info][gc,start       ] GC(32758) Pause Young (Allocation Failure)
[14949.437s][info][gc,heap        ] GC(32758) PSYoungGen: 82656K(84480K)->1024K(84480K) Eden: 81920K(81920K)->0K(81920K) From: 736K(2560K)->1024K(2560K)
[14949.437s][info][gc,heap        ] GC(32758) ParOldGen: 613232K(614400K)->613288K(614400K)
[14949.437s][info][gc,metaspace   ] GC(32758) Metaspace: 62366K(62592K)->62366K(62592K) NonClass: 53329K(53504K)->53329K(53504K) Class: 9037K(9088K)->9037K(9088K)
[14949.437s][info][gc             ] GC(32758) Pause Young (Allocation Failure) 679M->599M(682M) 3.678ms
[14949.437s][info][gc,cpu         ] GC(32758) User=0.01s Sys=0.01s Real=0.01s
[14949.928s][info][gc,start       ] GC(32759) Pause Young (Allocation Failure)
[14949.932s][info][gc,heap        ] GC(32759) PSYoungGen: 82944K(84480K)->1184K(84480K) Eden: 81920K(81920K)->0K(81920K) From: 1024K(2560K)->1184K(2560K)
[14949.932s][info][gc,heap        ] GC(32759) ParOldGen: 613288K(614400K)->613336K(614400K)
[14949.932s][info][gc,metaspace   ] GC(32759) Metaspace: 62366K(62592K)->62366K(62592K) NonClass: 53329K(53504K)->53329K(53504K) Class: 9037K(9088K)->9037K(9088K)
[14949.932s][info][gc             ] GC(32759) Pause Young (Allocation Failure) 679M->600M(682M) 3.782ms
[14949.932s][info][gc,cpu         ] GC(32759) User=0.01s Sys=0.00s Real=0.00s
[14950.388s][info][gc,start       ] GC(32760) Pause Young (Allocation Failure)
[14950.391s][info][gc,heap        ] GC(32760) PSYoungGen: 83104K(84480K)->512K(84480K) Eden: 81920K(81920K)->0K(81920K) From: 1184K(2560K)->512K(2560K)
[14950.391s][info][gc,heap        ] GC(32760) ParOldGen: 613336K(614400K)->613384K(614400K)
[14950.391s][info][gc,metaspace   ] GC(32760) Metaspace: 62367K(62592K)->62367K(62592K) NonClass: 53330K(53504K)->53330K(53504K) Class: 9037K(9088K)->9037K(9088K)
[14950.391s][info][gc             ] GC(32760) Pause Young (Allocation Failure) 680M->599M(682M) 2.937ms
[14950.391s][info][gc,cpu         ] GC(32760) User=0.00s Sys=0.00s Real=0.00s
[14950.827s][info][gc,start       ] GC(32761) Pause Young (Allocation Failure)
[14950.830s][info][gc,heap        ] GC(32761) PSYoungGen: 82432K(84480K)->1088K(84480K) Eden: 81920K(81920K)->0K(81920K) From: 512K(2560K)->1088K(2560K)
[14950.830s][info][gc,heap        ] GC(32761) ParOldGen: 613384K(614400K)->613440K(614400K)
[14950.830s][info][gc,metaspace   ] GC(32761) Metaspace: 62367K(62592K)->62367K(62592K) NonClass: 53330K(53504K)->53330K(53504K) Class: 9037K(9088K)->9037K(9088K)
[14950.830s][info][gc             ] GC(32761) Pause Young (Allocation Failure) 679M->600M(682M) 3.659ms
[14950.830s][info][gc,cpu         ] GC(32761) User=0.01s Sys=0.00s Real=0.00s
[14951.263s][info][gc,start       ] GC(32762) Pause Young (Allocation Failure)
[14951.266s][info][gc,heap        ] GC(32762) PSYoungGen: 83008K(84480K)->192K(84992K) Eden: 81920K(81920K)->0K(82944K) From: 1088K(2560K)->192K(2048K)
[14951.266s][info][gc,heap        ] GC(32762) ParOldGen: 613440K(614400K)->613496K(614400K)
[14951.266s][info][gc,metaspace   ] GC(32762) Metaspace: 62367K(62592K)->62367K(62592K) NonClass: 53330K(53504K)->53330K(53504K) Class: 9037K(9088K)->9037K(9088K)
[14951.266s][info][gc             ] GC(32762) Pause Young (Allocation Failure) 680M->599M(683M) 2.615ms
[14951.266s][info][gc,cpu         ] GC(32762) User=0.00s Sys=0.00s Real=0.01s
[14951.775s][info][gc,start       ] GC(32763) Pause Young (Allocation Failure)
[14951.778s][info][gc,heap        ] GC(32763) PSYoungGen: 83136K(84992K)->384K(84992K) Eden: 82944K(82944K)->0K(82944K) From: 192K(2048K)->384K(2048K)
[14951.778s][info][gc,heap        ] GC(32763) ParOldGen: 613496K(614400K)->613552K(614400K)
[14951.778s][info][gc,metaspace   ] GC(32763) Metaspace: 62367K(62592K)->62367K(62592K) NonClass: 53330K(53504K)->53330K(53504K) Class: 9037K(9088K)->9037K(9088K)
[14951.778s][info][gc             ] GC(32763) Pause Young (Allocation Failure) 680M->599M(683M) 2.780ms
[14951.778s][info][gc,cpu         ] GC(32763) User=0.01s Sys=0.00s Real=0.00s
[14952.248s][info][gc,start       ] GC(32764) Pause Young (Allocation Failure)
[14952.252s][info][gc,heap        ] GC(32764) PSYoungGen: 83328K(84992K)->1408K(83968K) Eden: 82944K(82944K)->0K(81920K) From: 384K(2048K)->1408K(2048K)
[14952.252s][info][gc,heap        ] GC(32764) ParOldGen: 613552K(614400K)->613600K(614400K)
[14952.252s][info][gc,metaspace   ] GC(32764) Metaspace: 62367K(62592K)->62367K(62592K) NonClass: 53330K(53504K)->53330K(53504K) Class: 9037K(9088K)->9037K(9088K)
[14952.252s][info][gc             ] GC(32764) Pause Young (Allocation Failure) 680M->600M(682M) 3.916ms
[14952.252s][info][gc,cpu         ] GC(32764) User=0.01s Sys=0.00s Real=0.00s
[14952.708s][info][gc,start       ] GC(32765) Pause Young (Allocation Failure)
[14952.711s][info][gc,heap        ] GC(32765) PSYoungGen: 83328K(83968K)->1856K(84480K) Eden: 81920K(81920K)->0K(81920K) From: 1408K(2048K)->1856K(2560K)
[14952.711s][info][gc,heap        ] GC(32765) ParOldGen: 613600K(614400K)->613656K(614400K)
[14952.711s][info][gc,metaspace   ] GC(32765) Metaspace: 62367K(62592K)->62367K(62592K) NonClass: 53330K(53504K)->53330K(53504K) Class: 9037K(9088K)->9037K(9088K)
[14952.711s][info][gc             ] GC(32765) Pause Young (Allocation Failure) 680M->601M(682M) 3.379ms
[14952.711s][info][gc,cpu         ] GC(32765) User=0.00s Sys=0.00s Real=0.00s
[14953.160s][info][gc,start       ] GC(32766) Pause Young (Allocation Failure)
[14953.164s][info][gc,heap        ] GC(32766) PSYoungGen: 83776K(84480K)->1440K(84480K) Eden: 81920K(81920K)->0K(81920K) From: 1856K(2560K)->1440K(2560K)
[14953.164s][info][gc,heap        ] GC(32766) ParOldGen: 613656K(614400K)->614736K(615936K)
[14953.164s][info][gc,metaspace   ] GC(32766) Metaspace: 62367K(62592K)->62367K(62592K) NonClass: 53330K(53504K)->53330K(53504K) Class: 9037K(9088K)->9037K(9088K)
[14953.164s][info][gc             ] GC(32766) Pause Young (Allocation Failure) 681M->601M(684M) 4.590ms
[14953.164s][info][gc,cpu         ] GC(32766) User=0.01s Sys=0.00s Real=0.01s
[14953.712s][info][gc,start       ] GC(32767) Pause Young (Allocation Failure)
[14953.716s][info][gc,heap        ] GC(32767) PSYoungGen: 83360K(84480K)->896K(84480K) Eden: 81920K(81920K)->0K(81920K) From: 1440K(2560K)->896K(2560K)
[14953.716s][info][gc,heap        ] GC(32767) ParOldGen: 614736K(615936K)->614792K(615936K)
[14953.716s][info][gc,metaspace   ] GC(32767) Metaspace: 62367K(62592K)->62367K(62592K) NonClass: 53330K(53504K)->53330K(53504K) Class: 9037K(9088K)->9037K(9088K)
[14953.716s][info][gc             ] GC(32767) Pause Young (Allocation Failure) 681M->601M(684M) 3.412ms
[14953.716s][info][gc,cpu         ] GC(32767) User=0.01s Sys=0.00s Real=0.01s
[14954.216s][info][gc,start       ] GC(32768) Pause Young (Allocation Failure)
[14954.219s][info][gc,heap        ] GC(32768) PSYoungGen: 82816K(84480K)->800K(84480K) Eden: 81920K(81920K)->0K(81920K) From: 896K(2560K)->800K(2560K)
[14954.219s][info][gc,heap        ] GC(32768) ParOldGen: 614792K(615936K)->614896K(615936K)
[14954.219s][info][gc,metaspace   ] GC(32768) Metaspace: 62367K(62592K)->62367K(62592K) NonClass: 53330K(53504K)->53330K(53504K) Class: 9037K(9088K)->9037K(9088K)
[14954.219s][info][gc             ] GC(32768) Pause Young (Allocation Failure) 681M->601M(684M) 3.365ms
[14954.219s][info][gc,cpu         ] GC(32768) User=0.00s Sys=0.00s Real=0.00s
[14954.663s][info][gc,start       ] GC(32769) Pause Young (Allocation Failure)
[14954.666s][info][gc,heap        ] GC(32769) PSYoungGen: 82720K(84480K)->224K(84480K) Eden: 81920K(81920K)->0K(81920K) From: 800K(2560K)->224K(2560K)
[14954.666s][info][gc,heap        ] GC(32769) ParOldGen: 614896K(615936K)->614944K(615936K)
[14954.666s][info][gc,metaspace   ] GC(32769) Metaspace: 62367K(62592K)->62367K(62592K) NonClass: 53330K(53504K)->53330K(53504K) Class: 9037K(9088K)->9037K(9088K)
[14954.666s][info][gc             ] GC(32769) Pause Young (Allocation Failure) 681M->600M(684M) 2.643ms
[14954.666s][info][gc,cpu         ] GC(32769) User=0.00s Sys=0.00s Real=0.01s
[14955.120s][info][gc,start       ] GC(32770) Pause Young (Allocation Failure)
[14955.123s][info][gc,heap        ] GC(32770) PSYoungGen: 82144K(84480K)->1024K(84480K) Eden: 81920K(81920K)->0K(81920K) From: 224K(2560K)->1024K(2560K)
[14955.123s][info][gc,heap        ] GC(32770) ParOldGen: 614944K(615936K)->614992K(615936K)
[14955.123s][info][gc,metaspace   ] GC(32770) Metaspace: 62367K(62592K)->62367K(62592K) NonClass: 53330K(53504K)->53330K(53504K) Class: 9037K(9088K)->9037K(9088K)
[14955.123s][info][gc             ] GC(32770) Pause Young (Allocation Failure) 680M->601M(684M) 3.583ms
[14955.123s][info][gc,cpu         ] GC(32770) User=0.01s Sys=0.00s Real=0.00s
[14955.611s][info][gc,start       ] GC(32771) Pause Young (Allocation Failure)
[14955.614s][info][gc,heap        ] GC(32771) PSYoungGen: 82944K(84480K)->832K(84480K) Eden: 81920K(81920K)->0K(81920K) From: 1024K(2560K)->832K(2560K)
[14955.614s][info][gc,heap        ] GC(32771) ParOldGen: 614992K(615936K)->615048K(615936K)
[14955.614s][info][gc,metaspace   ] GC(32771) Metaspace: 62367K(62592K)->62367K(62592K) NonClass: 53330K(53504K)->53330K(53504K) Class: 9037K(9088K)->9037K(9088K)
[14955.614s][info][gc             ] GC(32771) Pause Young (Allocation Failure) 681M->601M(684M) 3.264ms
[14955.614s][info][gc,cpu         ] GC(32771) User=0.01s Sys=0.00s Real=0.00s
[14956.058s][info][gc,start       ] GC(32772) Pause Young (Allocation Failure)
[14956.062s][info][gc,heap        ] GC(32772) PSYoungGen: 82752K(84480K)->1568K(83968K) Eden: 81920K(81920K)->0K(81920K) From: 832K(2560K)->1568K(2048K)
[14956.062s][info][gc,heap        ] GC(32772) ParOldGen: 615048K(615936K)->615096K(615936K)
[14956.062s][info][gc,metaspace   ] GC(32772) Metaspace: 62367K(62592K)->62367K(62592K) NonClass: 53330K(53504K)->53330K(53504K) Class: 9037K(9088K)->9037K(9088K)
[14956.062s][info][gc             ] GC(32772) Pause Young (Allocation Failure) 681M->602M(683M) 4.121ms
[14956.062s][info][gc,cpu         ] GC(32772) User=0.01s Sys=0.00s Real=0.00s
[14956.551s][info][gc,start       ] GC(32773) Pause Young (Allocation Failure)
[14956.555s][info][gc,heap        ] GC(32773) PSYoungGen: 83488K(83968K)->1376K(84480K) Eden: 81920K(81920K)->0K(81920K) From: 1568K(2048K)->1376K(2560K)
[14956.555s][info][gc,heap        ] GC(32773) ParOldGen: 615096K(615936K)->615144K(615936K)
[14956.555s][info][gc,metaspace   ] GC(32773) Metaspace: 62367K(62592K)->62367K(62592K) NonClass: 53330K(53504K)->53330K(53504K) Class: 9037K(9088K)->9037K(9088K)
[14956.555s][info][gc             ] GC(32773) Pause Young (Allocation Failure) 682M->602M(684M) 3.924ms
[14956.555s][info][gc,cpu         ] GC(32773) User=0.01s Sys=0.00s Real=0.01s
[14957.024s][info][gc,start       ] GC(32774) Pause Young (Allocation Failure)
[14957.027s][info][gc,heap        ] GC(32774) PSYoungGen: 83296K(84480K)->1216K(84480K) Eden: 81920K(81920K)->0K(81920K) From: 1376K(2560K)->1216K(2560K)
[14957.028s][info][gc,heap        ] GC(32774) ParOldGen: 615144K(615936K)->615192K(615936K)
[14957.028s][info][gc,metaspace   ] GC(32774) Metaspace: 62367K(62592K)->62367K(62592K) NonClass: 53330K(53504K)->53330K(53504K) Class: 9037K(9088K)->9037K(9088K)
[14957.028s][info][gc             ] GC(32774) Pause Young (Allocation Failure) 682M->601M(684M) 3.816ms
[14957.028s][info][gc,cpu         ] GC(32774) User=0.00s Sys=0.00s Real=0.01s
[14957.496s][info][gc,start       ] GC(32775) Pause Young (Allocation Failure)
[14957.500s][info][gc,heap        ] GC(32775) PSYoungGen: 83136K(84480K)->1696K(84480K) Eden: 81920K(81920K)->0K(81920K) From: 1216K(2560K)->1696K(2560K)
[14957.500s][info][gc,heap        ] GC(32775) ParOldGen: 615192K(615936K)->615248K(615936K)
[14957.500s][info][gc,metaspace   ] GC(32775) Metaspace: 62367K(62592K)->62367K(62592K) NonClass: 53330K(53504K)->53330K(53504K) Class: 9037K(9088K)->9037K(9088K)
[14957.500s][info][gc             ] GC(32775) Pause Young (Allocation Failure) 681M->602M(684M) 3.275ms
[14957.500s][info][gc,cpu         ] GC(32775) User=0.00s Sys=0.00s Real=0.00s
[14957.968s][info][gc,start       ] GC(32776) Pause Young (Allocation Failure)
[14957.972s][info][gc,heap        ] GC(32776) PSYoungGen: 83616K(84480K)->288K(84480K) Eden: 81920K(81920K)->0K(81920K) From: 1696K(2560K)->288K(2560K)
[14957.972s][info][gc,heap        ] GC(32776) ParOldGen: 615248K(615936K)->617344K(617472K)
[14957.972s][info][gc,metaspace   ] GC(32776) Metaspace: 62367K(62592K)->62367K(62592K) NonClass: 53330K(53504K)->53330K(53504K) Class: 9037K(9088K)->9037K(9088K)
[14957.972s][info][gc             ] GC(32776) Pause Young (Allocation Failure) 682M->603M(685M) 3.886ms
[14957.972s][info][gc,cpu         ] GC(32776) User=0.00s Sys=0.01s Real=0.00s
[14958.455s][info][gc,start       ] GC(32777) Pause Young (Allocation Failure)
[14958.459s][info][gc,heap        ] GC(32777) PSYoungGen: 82208K(84480K)->1600K(84480K) Eden: 81920K(81920K)->0K(81920K) From: 288K(2560K)->1600K(2560K)
[14958.459s][info][gc,heap        ] GC(32777) ParOldGen: 617344K(617472K)->617392K(617472K)
[14958.459s][info][gc,metaspace   ] GC(32777) Metaspace: 62367K(62592K)->62367K(62592K) NonClass: 53330K(53504K)->53330K(53504K) Class: 9037K(9088K)->9037K(9088K)
[14958.459s][info][gc             ] GC(32777) Pause Young (Allocation Failure) 683M->604M(685M) 4.226ms
[14958.459s][info][gc,cpu         ] GC(32777) User=0.00s Sys=0.00s Real=0.00s
[14958.935s][info][gc,start       ] GC(32778) Pause Young (Allocation Failure)
[14958.939s][info][gc,heap        ] GC(32778) PSYoungGen: 83520K(84480K)->1152K(84480K) Eden: 81920K(81920K)->0K(81920K) From: 1600K(2560K)->1152K(2560K)
[14958.939s][info][gc,heap        ] GC(32778) ParOldGen: 617392K(617472K)->617440K(617472K)
[14958.939s][info][gc,metaspace   ] GC(32778) Metaspace: 62367K(62592K)->62367K(62592K) NonClass: 53330K(53504K)->53330K(53504K) Class: 9037K(9088K)->9037K(9088K)
[14958.939s][info][gc             ] GC(32778) Pause Young (Allocation Failure) 684M->604M(685M) 3.771ms
[14958.939s][info][gc,cpu         ] GC(32778) User=0.01s Sys=0.00s Real=0.00s
[14959.426s][info][gc,start       ] GC(32779) Pause Young (Allocation Failure)
[14959.430s][info][gc,heap        ] GC(32779) PSYoungGen: 83072K(84480K)->1120K(84480K) Eden: 81920K(81920K)->0K(81920K) From: 1152K(2560K)->1120K(2560K)
[14959.430s][info][gc,heap        ] GC(32779) ParOldGen: 617440K(617472K)->617496K(617984K)
[14959.430s][info][gc,metaspace   ] GC(32779) Metaspace: 62367K(62592K)->62367K(62592K) NonClass: 53330K(53504K)->53330K(53504K) Class: 9037K(9088K)->9037K(9088K)
[14959.430s][info][gc             ] GC(32779) Pause Young (Allocation Failure) 684M->604M(686M) 3.698ms
[14959.430s][info][gc,cpu         ] GC(32779) User=0.00s Sys=0.00s Real=0.00s
[14959.897s][info][gc,start       ] GC(32780) Pause Young (Allocation Failure)
[14959.900s][info][gc,heap        ] GC(32780) PSYoungGen: 83040K(84480K)->640K(84480K) Eden: 81920K(81920K)->0K(81920K) From: 1120K(2560K)->640K(2560K)
[14959.900s][info][gc,heap        ] GC(32780) ParOldGen: 617496K(617984K)->617544K(617984K)
[14959.900s][info][gc,metaspace   ] GC(32780) Metaspace: 62367K(62592K)->62367K(62592K) NonClass: 53330K(53504K)->53330K(53504K) Class: 9037K(9088K)->9037K(9088K)
[14959.900s][info][gc             ] GC(32780) Pause Young (Allocation Failure) 684M->603M(686M) 3.011ms
[14959.900s][info][gc,cpu         ] GC(32780) User=0.01s Sys=0.00s Real=0.00s
[14960.355s][info][gc,start       ] GC(32781) Pause Young (Allocation Failure)
[14960.359s][info][gc,heap        ] GC(32781) PSYoungGen: 82560K(84480K)->1568K(84480K) Eden: 81920K(81920K)->0K(81920K) From: 640K(2560K)->1568K(2560K)
[14960.359s][info][gc,heap        ] GC(32781) ParOldGen: 617544K(617984K)->617592K(617984K)
[14960.359s][info][gc,metaspace   ] GC(32781) Metaspace: 62367K(62592K)->62367K(62592K) NonClass: 53330K(53504K)->53330K(53504K) Class: 9037K(9088K)->9037K(9088K)
[14960.359s][info][gc             ] GC(32781) Pause Young (Allocation Failure) 683M->604M(686M) 4.093ms
[14960.359s][info][gc,cpu         ] GC(32781) User=0.00s Sys=0.00s Real=0.00s
[14960.817s][info][gc,start       ] GC(32782) Pause Young (Allocation Failure)
[14960.820s][info][gc,heap        ] GC(32782) PSYoungGen: 83488K(84480K)->896K(84480K) Eden: 81920K(81920K)->0K(81920K) From: 1568K(2560K)->896K(2560K)
[14960.820s][info][gc,heap        ] GC(32782) ParOldGen: 617592K(617984K)->617648K(617984K)
[14960.820s][info][gc,metaspace   ] GC(32782) Metaspace: 62367K(62592K)->62367K(62592K) NonClass: 53330K(53504K)->53330K(53504K) Class: 9037K(9088K)->9037K(9088K)
[14960.820s][info][gc             ] GC(32782) Pause Young (Allocation Failure) 684M->604M(686M) 3.453ms
[14960.820s][info][gc,cpu         ] GC(32782) User=0.01s Sys=0.00s Real=0.00s
[14961.297s][info][gc,start       ] GC(32783) Pause Young (Allocation Failure)
[14961.300s][info][gc,heap        ] GC(32783) PSYoungGen: 82816K(84480K)->768K(84480K) Eden: 81920K(81920K)->0K(81920K) From: 896K(2560K)->768K(2560K)
[14961.300s][info][gc,heap        ] GC(32783) ParOldGen: 617648K(617984K)->617696K(617984K)
[14961.300s][info][gc,metaspace   ] GC(32783) Metaspace: 62367K(62592K)->62367K(62592K) NonClass: 53330K(53504K)->53330K(53504K) Class: 9037K(9088K)->9037K(9088K)
[14961.300s][info][gc             ] GC(32783) Pause Young (Allocation Failure) 684M->603M(686M) 3.140ms
[14961.300s][info][gc,cpu         ] GC(32783) User=0.00s Sys=0.00s Real=0.00s
[14961.766s][info][gc,start       ] GC(32784) Pause Young (Allocation Failure)
[14961.768s][info][gc,heap        ] GC(32784) PSYoungGen: 82688K(84480K)->288K(84480K) Eden: 81920K(81920K)->0K(81920K) From: 768K(2560K)->288K(2560K)
[14961.768s][info][gc,heap        ] GC(32784) ParOldGen: 617696K(617984K)->617800K(617984K)
[14961.768s][info][gc,metaspace   ] GC(32784) Metaspace: 62367K(62592K)->62367K(62592K) NonClass: 53330K(53504K)->53330K(53504K) Class: 9037K(9088K)->9037K(9088K)
[14961.768s][info][gc             ] GC(32784) Pause Young (Allocation Failure) 683M->603M(686M) 2.701ms
[14961.768s][info][gc,cpu         ] GC(32784) User=0.00s Sys=0.00s Real=0.00s
[14962.259s][info][gc,start       ] GC(32785) Pause Young (Allocation Failure)
[14962.263s][info][gc,heap        ] GC(32785) PSYoungGen: 82208K(84480K)->1472K(84480K) Eden: 81920K(81920K)->0K(81920K) From: 288K(2560K)->1472K(2560K)
[14962.263s][info][gc,heap        ] GC(32785) ParOldGen: 617800K(617984K)->617856K(617984K)
[14962.263s][info][gc,metaspace   ] GC(32785) Metaspace: 62367K(62592K)->62367K(62592K) NonClass: 53330K(53504K)->53330K(53504K) Class: 9037K(9088K)->9037K(9088K)
[14962.263s][info][gc             ] GC(32785) Pause Young (Allocation Failure) 683M->604M(686M) 4.000ms
[14962.263s][info][gc,cpu         ] GC(32785) User=0.01s Sys=0.00s Real=0.00s
[14962.758s][info][gc,start       ] GC(32786) Pause Young (Allocation Failure)
[14962.762s][info][gc,heap        ] GC(32786) PSYoungGen: 83392K(84480K)->2464K(83456K) Eden: 81920K(81920K)->0K(80896K) From: 1472K(2560K)->2464K(2560K)
[14962.762s][info][gc,heap        ] GC(32786) ParOldGen: 617856K(617984K)->617912K(617984K)
[14962.762s][info][gc,metaspace   ] GC(32786) Metaspace: 62367K(62592K)->62367K(62592K) NonClass: 53330K(53504K)->53330K(53504K) Class: 9037K(9088K)->9037K(9088K)
[14962.762s][info][gc             ] GC(32786) Pause Young (Allocation Failure) 684M->605M(685M) 4.147ms
[14962.762s][info][gc,cpu         ] GC(32786) User=0.00s Sys=0.00s Real=0.00s
[14963.251s][info][gc,start       ] GC(32787) Pause Young (Allocation Failure)
[14963.255s][info][gc,heap        ] GC(32787) PSYoungGen: 83360K(83456K)->1312K(83968K) Eden: 80896K(80896K)->0K(80896K) From: 2464K(2560K)->1312K(3072K)
[14963.255s][info][gc,heap        ] GC(32787) ParOldGen: 617912K(617984K)->618993K(619520K)
[14963.255s][info][gc,metaspace   ] GC(32787) Metaspace: 62367K(62592K)->62367K(62592K) NonClass: 53330K(53504K)->53330K(53504K) Class: 9037K(9088K)->9037K(9088K)
[14963.255s][info][gc             ] GC(32787) Pause Young (Allocation Failure) 684M->605M(687M) 4.390ms
[14963.255s][info][gc,cpu         ] GC(32787) User=0.01s Sys=0.00s Real=0.01s
[14963.729s][info][gc,start       ] GC(32788) Pause Young (Allocation Failure)
[14963.733s][info][gc,heap        ] GC(32788) PSYoungGen: 82208K(83968K)->1024K(84480K) Eden: 80896K(80896K)->0K(81920K) From: 1312K(3072K)->1024K(2560K)
[14963.733s][info][gc,heap        ] GC(32788) ParOldGen: 618993K(619520K)->619049K(619520K)
[14963.733s][info][gc,metaspace   ] GC(32788) Metaspace: 62367K(62592K)->62367K(62592K) NonClass: 53330K(53504K)->53330K(53504K) Class: 9037K(9088K)->9037K(9088K)
[14963.733s][info][gc             ] GC(32788) Pause Young (Allocation Failure) 684M->605M(687M) 3.613ms
[14963.733s][info][gc,cpu         ] GC(32788) User=0.01s Sys=0.00s Real=0.00s
[14964.177s][info][gc,start       ] GC(32789) Pause Young (Allocation Failure)
[14964.179s][info][gc,heap        ] GC(32789) PSYoungGen: 82944K(84480K)->416K(84480K) Eden: 81920K(81920K)->0K(81920K) From: 1024K(2560K)->416K(2560K)
[14964.179s][info][gc,heap        ] GC(32789) ParOldGen: 619049K(619520K)->619105K(619520K)
[14964.179s][info][gc,metaspace   ] GC(32789) Metaspace: 62367K(62592K)->62367K(62592K) NonClass: 53330K(53504K)->53330K(53504K) Class: 9037K(9088K)->9037K(9088K)
[14964.179s][info][gc             ] GC(32789) Pause Young (Allocation Failure) 685M->605M(687M) 2.781ms
[14964.179s][info][gc,cpu         ] GC(32789) User=0.01s Sys=0.00s Real=0.00s
[14964.613s][info][gc,start       ] GC(32790) Pause Young (Allocation Failure)
[14964.617s][info][gc,heap        ] GC(32790) PSYoungGen: 82336K(84480K)->960K(84480K) Eden: 81920K(81920K)->0K(81920K) From: 416K(2560K)->960K(2560K)
[14964.617s][info][gc,heap        ] GC(32790) ParOldGen: 619105K(619520K)->619153K(619520K)
[14964.617s][info][gc,metaspace   ] GC(32790) Metaspace: 62367K(62592K)->62367K(62592K) NonClass: 53330K(53504K)->53330K(53504K) Class: 9037K(9088K)->9037K(9088K)
[14964.617s][info][gc             ] GC(32790) Pause Young (Allocation Failure) 685M->605M(687M) 3.755ms
[14964.617s][info][gc,cpu         ] GC(32790) User=0.01s Sys=0.00s Real=0.01s
[14965.078s][info][gc,start       ] GC(32791) Pause Young (Allocation Failure)
[14965.081s][info][gc,heap        ] GC(32791) PSYoungGen: 82880K(84480K)->448K(84480K) Eden: 81920K(81920K)->0K(81920K) From: 960K(2560K)->448K(2560K)
[14965.081s][info][gc,heap        ] GC(32791) ParOldGen: 619153K(619520K)->619201K(619520K)
[14965.081s][info][gc,metaspace   ] GC(32791) Metaspace: 62367K(62592K)->62367K(62592K) NonClass: 53330K(53504K)->53330K(53504K) Class: 9037K(9088K)->9037K(9088K)
[14965.081s][info][gc             ] GC(32791) Pause Young (Allocation Failure) 685M->605M(687M) 2.804ms
[14965.081s][info][gc,cpu         ] GC(32791) User=0.01s Sys=0.00s Real=0.00s
[14965.569s][info][gc,start       ] GC(32792) Pause Young (Allocation Failure)
[14965.572s][info][gc,heap        ] GC(32792) PSYoungGen: 82368K(84480K)->288K(84480K) Eden: 81920K(81920K)->0K(81920K) From: 448K(2560K)->288K(2560K)
[14965.572s][info][gc,heap        ] GC(32792) ParOldGen: 619201K(619520K)->619249K(619520K)
[14965.572s][info][gc,metaspace   ] GC(32792) Metaspace: 62367K(62592K)->62367K(62592K) NonClass: 53330K(53504K)->53330K(53504K) Class: 9037K(9088K)->9037K(9088K)
[14965.572s][info][gc             ] GC(32792) Pause Young (Allocation Failure) 685M->605M(687M) 2.940ms
[14965.572s][info][gc,cpu         ] GC(32792) User=0.00s Sys=0.00s Real=0.00s
[14966.087s][info][gc,start       ] GC(32793) Pause Young (Allocation Failure)
[14966.089s][info][gc,heap        ] GC(32793) PSYoungGen: 82208K(84480K)->512K(84480K) Eden: 81920K(81920K)->0K(81920K) From: 288K(2560K)->512K(2560K)
[14966.089s][info][gc,heap        ] GC(32793) ParOldGen: 619249K(619520K)->619297K(619520K)
[14966.089s][info][gc,metaspace   ] GC(32793) Metaspace: 62367K(62592K)->62367K(62592K) NonClass: 53330K(53504K)->53330K(53504K) Class: 9037K(9088K)->9037K(9088K)
[14966.089s][info][gc             ] GC(32793) Pause Young (Allocation Failure) 685M->605M(687M) 2.893ms
[14966.089s][info][gc,cpu         ] GC(32793) User=0.00s Sys=0.00s Real=0.00s
[14966.571s][info][gc,start       ] GC(32794) Pause Young (Allocation Failure)
[14966.574s][info][gc,heap        ] GC(32794) PSYoungGen: 82432K(84480K)->320K(84480K) Eden: 81920K(81920K)->0K(81920K) From: 512K(2560K)->320K(2560K)
[14966.574s][info][gc,heap        ] GC(32794) ParOldGen: 619297K(619520K)->619353K(619520K)
[14966.574s][info][gc,metaspace   ] GC(32794) Metaspace: 62367K(62592K)->62367K(62592K) NonClass: 53330K(53504K)->53330K(53504K) Class: 9037K(9088K)->9037K(9088K)
[14966.574s][info][gc             ] GC(32794) Pause Young (Allocation Failure) 685M->605M(687M) 2.688ms
[14966.574s][info][gc,cpu         ] GC(32794) User=0.00s Sys=0.00s Real=0.00s
[14967.068s][info][gc,start       ] GC(32795) Pause Young (Allocation Failure)
[14967.071s][info][gc,heap        ] GC(32795) PSYoungGen: 82240K(84480K)->288K(84480K) Eden: 81920K(81920K)->0K(81920K) From: 320K(2560K)->288K(2560K)
[14967.071s][info][gc,heap        ] GC(32795) ParOldGen: 619353K(619520K)->619401K(619520K)
[14967.071s][info][gc,metaspace   ] GC(32795) Metaspace: 62367K(62592K)->62367K(62592K) NonClass: 53330K(53504K)->53330K(53504K) Class: 9037K(9088K)->9037K(9088K)
[14967.071s][info][gc             ] GC(32795) Pause Young (Allocation Failure) 685M->605M(687M) 2.686ms
[14967.071s][info][gc,cpu         ] GC(32795) User=0.01s Sys=0.00s Real=0.00s
[14967.537s][info][gc,start       ] GC(32796) Pause Young (Allocation Failure)
[14967.542s][info][gc,heap        ] GC(32796) PSYoungGen: 82208K(84480K)->2240K(84480K) Eden: 81920K(81920K)->0K(81920K) From: 288K(2560K)->2240K(2560K)
[14967.542s][info][gc,heap        ] GC(32796) ParOldGen: 619401K(619520K)->620473K(621056K)
[14967.542s][info][gc,metaspace   ] GC(32796) Metaspace: 62367K(62592K)->62367K(62592K) NonClass: 53330K(53504K)->53330K(53504K) Class: 9037K(9088K)->9037K(9088K)
[14967.542s][info][gc             ] GC(32796) Pause Young (Allocation Failure) 685M->608M(689M) 4.900ms
[14967.542s][info][gc,cpu         ] GC(32796) User=0.01s Sys=0.00s Real=0.00s
[14968.025s][info][gc,start       ] GC(32797) Pause Young (Allocation Failure)
[14968.029s][info][gc,heap        ] GC(32797) PSYoungGen: 84160K(84480K)->1056K(84480K) Eden: 81920K(81920K)->0K(81920K) From: 2240K(2560K)->1056K(2560K)
[14968.029s][info][gc,heap        ] GC(32797) ParOldGen: 620473K(621056K)->621545K(622592K)
[14968.029s][info][gc,metaspace   ] GC(32797) Metaspace: 62367K(62592K)->62367K(62592K) NonClass: 53330K(53504K)->53330K(53504K) Class: 9037K(9088K)->9037K(9088K)
[14968.029s][info][gc             ] GC(32797) Pause Young (Allocation Failure) 688M->608M(690M) 3.904ms
[14968.029s][info][gc,cpu         ] GC(32797) User=0.01s Sys=0.00s Real=0.00s
[14968.516s][info][gc,start       ] GC(32798) Pause Young (Allocation Failure)
[14968.521s][info][gc,heap        ] GC(32798) PSYoungGen: 82976K(84480K)->736K(84480K) Eden: 81920K(81920K)->0K(81920K) From: 1056K(2560K)->736K(2560K)
[14968.521s][info][gc,heap        ] GC(32798) ParOldGen: 621545K(622592K)->621593K(622592K)
[14968.521s][info][gc,metaspace   ] GC(32798) Metaspace: 62367K(62592K)->62367K(62592K) NonClass: 53330K(53504K)->53330K(53504K) Class: 9037K(9088K)->9037K(9088K)
[14968.521s][info][gc             ] GC(32798) Pause Young (Allocation Failure) 688M->607M(690M) 4.532ms
[14968.521s][info][gc,cpu         ] GC(32798) User=0.00s Sys=0.00s Real=0.00s
[14969.021s][info][gc,start       ] GC(32799) Pause Young (Allocation Failure)
[14969.024s][info][gc,heap        ] GC(32799) PSYoungGen: 82656K(84480K)->960K(84480K) Eden: 81920K(81920K)->0K(81920K) From: 736K(2560K)->960K(2560K)
[14969.024s][info][gc,heap        ] GC(32799) ParOldGen: 621593K(622592K)->621649K(622592K)
[14969.024s][info][gc,metaspace   ] GC(32799) Metaspace: 62367K(62592K)->62367K(62592K) NonClass: 53330K(53504K)->53330K(53504K) Class: 9037K(9088K)->9037K(9088K)
[14969.024s][info][gc             ] GC(32799) Pause Young (Allocation Failure) 687M->608M(690M) 3.585ms
[14969.024s][info][gc,cpu         ] GC(32799) User=0.00s Sys=0.00s Real=0.01s
[14969.577s][info][gc,start       ] GC(32800) Pause Young (Allocation Failure)
[14969.580s][info][gc,heap        ] GC(32800) PSYoungGen: 82880K(84480K)->464K(84480K) Eden: 81920K(81920K)->0K(81920K) From: 960K(2560K)->464K(2560K)
[14969.580s][info][gc,heap        ] GC(32800) ParOldGen: 621649K(622592K)->621697K(622592K)
[14969.580s][info][gc,metaspace   ] GC(32800) Metaspace: 62367K(62592K)->62367K(62592K) NonClass: 53330K(53504K)->53330K(53504K) Class: 9037K(9088K)->9037K(9088K)
[14969.580s][info][gc             ] GC(32800) Pause Young (Allocation Failure) 688M->607M(690M) 2.882ms
[14969.580s][info][gc,cpu         ] GC(32800) User=0.00s Sys=0.00s Real=0.00s
[14970.106s][info][gc,start       ] GC(32801) Pause Young (Allocation Failure)
[14970.110s][info][gc,heap        ] GC(32801) PSYoungGen: 82384K(84480K)->736K(84480K) Eden: 81920K(81920K)->0K(81920K) From: 464K(2560K)->736K(2560K)
[14970.110s][info][gc,heap        ] GC(32801) ParOldGen: 621697K(622592K)->621801K(622592K)
[14970.110s][info][gc,metaspace   ] GC(32801) Metaspace: 62367K(62592K)->62367K(62592K) NonClass: 53330K(53504K)->53330K(53504K) Class: 9037K(9088K)->9037K(9088K)
[14970.110s][info][gc             ] GC(32801) Pause Young (Allocation Failure) 687M->607M(690M) 3.229ms
[14970.110s][info][gc,cpu         ] GC(32801) User=0.01s Sys=0.00s Real=0.00s
[14970.563s][info][gc,start       ] GC(32802) Pause Young (Allocation Failure)
[14970.565s][info][gc,heap        ] GC(32802) PSYoungGen: 82656K(84480K)->224K(84992K) Eden: 81920K(81920K)->0K(82944K) From: 736K(2560K)->224K(2048K)
[14970.565s][info][gc,heap        ] GC(32802) ParOldGen: 621801K(622592K)->621849K(622592K)
[14970.565s][info][gc,metaspace   ] GC(32802) Metaspace: 62367K(62592K)->62367K(62592K) NonClass: 53330K(53504K)->53330K(53504K) Class: 9037K(9088K)->9037K(9088K)
[14970.565s][info][gc             ] GC(32802) Pause Young (Allocation Failure) 687M->607M(691M) 2.598ms
[14970.565s][info][gc,cpu         ] GC(32802) User=0.01s Sys=0.00s Real=0.01s
[14971.071s][info][gc,start       ] GC(32803) Pause Young (Allocation Failure)
[14971.074s][info][gc,heap        ] GC(32803) PSYoungGen: 83168K(84992K)->320K(84992K) Eden: 82944K(82944K)->0K(82944K) From: 224K(2048K)->320K(2048K)
[14971.074s][info][gc,heap        ] GC(32803) ParOldGen: 621849K(622592K)->621905K(622592K)
[14971.074s][info][gc,metaspace   ] GC(32803) Metaspace: 62367K(62592K)->62367K(62592K) NonClass: 53330K(53504K)->53330K(53504K) Class: 9037K(9088K)->9037K(9088K)
[14971.074s][info][gc             ] GC(32803) Pause Young (Allocation Failure) 688M->607M(691M) 2.750ms
[14971.074s][info][gc,cpu         ] GC(32803) User=0.01s Sys=0.00s Real=0.00s
[14971.574s][info][gc,start       ] GC(32804) Pause Young (Allocation Failure)
[14971.577s][info][gc,heap        ] GC(32804) PSYoungGen: 83264K(84992K)->384K(84992K) Eden: 82944K(82944K)->0K(82944K) From: 320K(2048K)->384K(2048K)
[14971.577s][info][gc,heap        ] GC(32804) ParOldGen: 621905K(622592K)->621953K(622592K)
[14971.577s][info][gc,metaspace   ] GC(32804) Metaspace: 62367K(62592K)->62367K(62592K) NonClass: 53330K(53504K)->53330K(53504K) Class: 9037K(9088K)->9037K(9088K)
[14971.577s][info][gc             ] GC(32804) Pause Young (Allocation Failure) 688M->607M(691M) 2.753ms
[14971.577s][info][gc,cpu         ] GC(32804) User=0.01s Sys=0.00s Real=0.01s
[14972.077s][info][gc,start       ] GC(32805) Pause Young (Allocation Failure)
[14972.080s][info][gc,heap        ] GC(32805) PSYoungGen: 83328K(84992K)->416K(84992K) Eden: 82944K(82944K)->0K(82944K) From: 384K(2048K)->416K(2048K)
[14972.080s][info][gc,heap        ] GC(32805) ParOldGen: 621953K(622592K)->622001K(622592K)
[14972.080s][info][gc,metaspace   ] GC(32805) Metaspace: 62367K(62592K)->62367K(62592K) NonClass: 53330K(53504K)->53330K(53504K) Class: 9037K(9088K)->9037K(9088K)
[14972.080s][info][gc             ] GC(32805) Pause Young (Allocation Failure) 688M->607M(691M) 2.866ms
[14972.080s][info][gc,cpu         ] GC(32805) User=0.01s Sys=0.00s Real=0.00s
[14972.581s][info][gc,start       ] GC(32806) Pause Young (Allocation Failure)
[14972.583s][info][gc,heap        ] GC(32806) PSYoungGen: 83360K(84992K)->448K(84992K) Eden: 82944K(82944K)->0K(82944K) From: 416K(2048K)->448K(2048K)
[14972.583s][info][gc,heap        ] GC(32806) ParOldGen: 622001K(622592K)->622049K(622592K)
[14972.583s][info][gc,metaspace   ] GC(32806) Metaspace: 62367K(62592K)->62367K(62592K) NonClass: 53330K(53504K)->53330K(53504K) Class: 9037K(9088K)->9037K(9088K)
[14972.583s][info][gc             ] GC(32806) Pause Young (Allocation Failure) 688M->607M(691M) 2.859ms
[14972.583s][info][gc,cpu         ] GC(32806) User=0.01s Sys=0.00s Real=0.00s
[14973.058s][info][gc,start       ] GC(32807) Pause Young (Allocation Failure)
[14973.062s][info][gc,heap        ] GC(32807) PSYoungGen: 83392K(84992K)->1632K(84992K) Eden: 82944K(82944K)->0K(82944K) From: 448K(2048K)->1632K(2048K)
[14973.062s][info][gc,heap        ] GC(32807) ParOldGen: 622049K(622592K)->622097K(622592K)
[14973.062s][info][gc,metaspace   ] GC(32807) Metaspace: 62367K(62592K)->62367K(62592K) NonClass: 53330K(53504K)->53330K(53504K) Class: 9037K(9088K)->9037K(9088K)
[14973.062s][info][gc             ] GC(32807) Pause Young (Allocation Failure) 688M->609M(691M) 4.222ms
[14973.062s][info][gc,cpu         ] GC(32807) User=0.01s Sys=0.00s Real=0.00s
[14973.506s][info][gc,start       ] GC(32808) Pause Young (Allocation Failure)
[14973.509s][info][gc,heap        ] GC(32808) PSYoungGen: 84576K(84992K)->800K(84992K) Eden: 82944K(82944K)->0K(82944K) From: 1632K(2048K)->800K(2048K)
[14973.509s][info][gc,heap        ] GC(32808) ParOldGen: 622097K(622592K)->622145K(622592K)
[14973.509s][info][gc,metaspace   ] GC(32808) Metaspace: 62367K(62592K)->62367K(62592K) NonClass: 53330K(53504K)->53330K(53504K) Class: 9037K(9088K)->9037K(9088K)
[14973.509s][info][gc             ] GC(32808) Pause Young (Allocation Failure) 690M->608M(691M) 3.267ms
[14973.509s][info][gc,cpu         ] GC(32808) User=0.00s Sys=0.00s Real=0.00s
[14974.011s][info][gc,start       ] GC(32809) Pause Young (Allocation Failure)
[14974.014s][info][gc,heap        ] GC(32809) PSYoungGen: 83744K(84992K)->768K(84992K) Eden: 82944K(82944K)->0K(82944K) From: 800K(2048K)->768K(2048K)
[14974.014s][info][gc,heap        ] GC(32809) ParOldGen: 622145K(622592K)->622193K(622592K)
[14974.014s][info][gc,metaspace   ] GC(32809) Metaspace: 62367K(62592K)->62367K(62592K) NonClass: 53330K(53504K)->53330K(53504K) Class: 9037K(9088K)->9037K(9088K)
[14974.014s][info][gc             ] GC(32809) Pause Young (Allocation Failure) 689M->608M(691M) 3.316ms
[14974.014s][info][gc,cpu         ] GC(32809) User=0.01s Sys=0.00s Real=0.01s
[14974.504s][info][gc,start       ] GC(32810) Pause Young (Allocation Failure)
[14974.507s][info][gc,heap        ] GC(32810) PSYoungGen: 83712K(84992K)->736K(84992K) Eden: 82944K(82944K)->0K(82944K) From: 768K(2048K)->736K(2048K)
[14974.507s][info][gc,heap        ] GC(32810) ParOldGen: 622193K(622592K)->622241K(622592K)
[14974.507s][info][gc,metaspace   ] GC(32810) Metaspace: 62367K(62592K)->62367K(62592K) NonClass: 53330K(53504K)->53330K(53504K) Class: 9037K(9088K)->9037K(9088K)
[14974.507s][info][gc             ] GC(32810) Pause Young (Allocation Failure) 689M->608M(691M) 3.222ms
[14974.507s][info][gc,cpu         ] GC(32810) User=0.01s Sys=0.00s Real=0.00s
[14975.012s][info][gc,start       ] GC(32811) Pause Young (Allocation Failure)
[14975.016s][info][gc,heap        ] GC(32811) PSYoungGen: 83680K(84992K)->864K(84992K) Eden: 82944K(82944K)->0K(82944K) From: 736K(2048K)->864K(2048K)
[14975.016s][info][gc,heap        ] GC(32811) ParOldGen: 622241K(622592K)->622289K(622592K)
[14975.016s][info][gc,metaspace   ] GC(32811) Metaspace: 62367K(62592K)->62367K(62592K) NonClass: 53330K(53504K)->53330K(53504K) Class: 9037K(9088K)->9037K(9088K)
[14975.016s][info][gc             ] GC(32811) Pause Young (Allocation Failure) 689M->608M(691M) 3.454ms
[14975.016s][info][gc,cpu         ] GC(32811) User=0.01s Sys=0.00s Real=0.01s
[14975.522s][info][gc,start       ] GC(32812) Pause Young (Allocation Failure)
[14975.525s][info][gc,heap        ] GC(32812) PSYoungGen: 83808K(84992K)->960K(84992K) Eden: 82944K(82944K)->0K(82944K) From: 864K(2048K)->960K(2048K)
[14975.525s][info][gc,heap        ] GC(32812) ParOldGen: 622289K(622592K)->622337K(622592K)
[14975.525s][info][gc,metaspace   ] GC(32812) Metaspace: 62367K(62592K)->62367K(62592K) NonClass: 53330K(53504K)->53330K(53504K) Class: 9037K(9088K)->9037K(9088K)
[14975.525s][info][gc             ] GC(32812) Pause Young (Allocation Failure) 689M->608M(691M) 3.559ms
[14975.526s][info][gc,cpu         ] GC(32812) User=0.00s Sys=0.00s Real=0.01s
[14976.050s][info][gc,start       ] GC(32813) Pause Young (Allocation Failure)
[14976.054s][info][gc,heap        ] GC(32813) PSYoungGen: 83904K(84992K)->1312K(84992K) Eden: 82944K(82944K)->0K(82944K) From: 960K(2048K)->1312K(2048K)
[14976.054s][info][gc,heap        ] GC(32813) ParOldGen: 622337K(622592K)->622393K(622592K)
[14976.054s][info][gc,metaspace   ] GC(32813) Metaspace: 62367K(62592K)->62367K(62592K) NonClass: 53330K(53504K)->53330K(53504K) Class: 9037K(9088K)->9037K(9088K)
[14976.054s][info][gc             ] GC(32813) Pause Young (Allocation Failure) 689M->609M(691M) 3.972ms
[14976.054s][info][gc,cpu         ] GC(32813) User=0.01s Sys=0.00s Real=0.00s
[14976.561s][info][gc,start       ] GC(32814) Pause Young (Allocation Failure)
[14976.564s][info][gc,heap        ] GC(32814) PSYoungGen: 84256K(84992K)->192K(84992K) Eden: 82944K(82944K)->0K(82944K) From: 1312K(2048K)->192K(2048K)
[14976.564s][info][gc,heap        ] GC(32814) ParOldGen: 622393K(622592K)->622449K(622592K)
[14976.564s][info][gc,metaspace   ] GC(32814) Metaspace: 62367K(62592K)->62367K(62592K) NonClass: 53330K(53504K)->53330K(53504K) Class: 9037K(9088K)->9037K(9088K)
[14976.564s][info][gc             ] GC(32814) Pause Young (Allocation Failure) 690M->608M(691M) 2.702ms
[14976.564s][info][gc,cpu         ] GC(32814) User=0.00s Sys=0.00s Real=0.00s
[14977.080s][info][gc,start       ] GC(32815) Pause Young (Allocation Failure)
[14977.083s][info][gc,heap        ] GC(32815) PSYoungGen: 83136K(84992K)->416K(84992K) Eden: 82944K(82944K)->0K(82944K) From: 192K(2048K)->416K(2048K)
[14977.083s][info][gc,heap        ] GC(32815) ParOldGen: 622449K(622592K)->622497K(622592K)
[14977.083s][info][gc,metaspace   ] GC(32815) Metaspace: 62367K(62592K)->62367K(62592K) NonClass: 53330K(53504K)->53330K(53504K) Class: 9037K(9088K)->9037K(9088K)
[14977.083s][info][gc             ] GC(32815) Pause Young (Allocation Failure) 689M->608M(691M) 2.902ms
[14977.083s][info][gc,cpu         ] GC(32815) User=0.00s Sys=0.00s Real=0.00s
[14977.657s][info][gc,start       ] GC(32816) Pause Young (Allocation Failure)
[14977.661s][info][gc,heap        ] GC(32816) PSYoungGen: 83360K(84992K)->896K(84992K) Eden: 82944K(82944K)->0K(82944K) From: 416K(2048K)->896K(2048K)
[14977.661s][info][gc,heap        ] GC(32816) ParOldGen: 622497K(622592K)->622545K(622592K)
[14977.661s][info][gc,metaspace   ] GC(32816) Metaspace: 62367K(62592K)->62367K(62592K) NonClass: 53330K(53504K)->53330K(53504K) Class: 9037K(9088K)->9037K(9088K)
[14977.661s][info][gc             ] GC(32816) Pause Young (Allocation Failure) 689M->608M(691M) 3.530ms
[14977.661s][info][gc,cpu         ] GC(32816) User=0.01s Sys=0.00s Real=0.00s
[14978.122s][info][gc,start       ] GC(32817) Pause Young (Allocation Failure)
[14978.125s][info][gc,heap        ] GC(32817) PSYoungGen: 83840K(84992K)->2016K(84992K) Eden: 82944K(82944K)->0K(82944K) From: 896K(2048K)->2016K(2048K)
[14978.125s][info][gc,heap        ] GC(32817) ParOldGen: 622545K(622592K)->622681K(623104K)
[14978.125s][info][gc,metaspace   ] GC(32817) Metaspace: 62367K(62592K)->62367K(62592K) NonClass: 53330K(53504K)->53330K(53504K) Class: 9037K(9088K)->9037K(9088K)
[14978.125s][info][gc             ] GC(32817) Pause Young (Allocation Failure) 689M->610M(691M) 3.932ms
[14978.126s][info][gc,cpu         ] GC(32817) User=0.01s Sys=0.00s Real=0.01s
[14978.610s][info][gc,start       ] GC(32818) Pause Young (Allocation Failure)
[14978.613s][info][gc,heap        ] GC(32818) PSYoungGen: 84960K(84992K)->768K(84992K) Eden: 82944K(82944K)->0K(82944K) From: 2016K(2048K)->768K(2048K)
[14978.613s][info][gc,heap        ] GC(32818) ParOldGen: 622681K(623104K)->623753K(624640K)
[14978.613s][info][gc,metaspace   ] GC(32818) Metaspace: 62367K(62592K)->62367K(62592K) NonClass: 53330K(53504K)->53330K(53504K) Class: 9037K(9088K)->9037K(9088K)
[14978.613s][info][gc             ] GC(32818) Pause Young (Allocation Failure) 691M->609M(693M) 3.846ms
[14978.613s][info][gc,cpu         ] GC(32818) User=0.00s Sys=0.00s Real=0.00s
[14979.090s][info][gc,start       ] GC(32819) Pause Young (Allocation Failure)
[14979.094s][info][gc,heap        ] GC(32819) PSYoungGen: 83712K(84992K)->544K(84992K) Eden: 82944K(82944K)->0K(82944K) From: 768K(2048K)->544K(2048K)
[14979.094s][info][gc,heap        ] GC(32819) ParOldGen: 623753K(624640K)->623809K(624640K)
[14979.094s][info][gc,metaspace   ] GC(32819) Metaspace: 62367K(62592K)->62367K(62592K) NonClass: 53330K(53504K)->53330K(53504K) Class: 9037K(9088K)->9037K(9088K)
[14979.094s][info][gc             ] GC(32819) Pause Young (Allocation Failure) 690M->609M(693M) 3.964ms
[14979.094s][info][gc,cpu         ] GC(32819) User=0.01s Sys=0.00s Real=0.00s
[14979.593s][info][gc,start       ] GC(32820) Pause Young (Allocation Failure)
[14979.596s][info][gc,heap        ] GC(32820) PSYoungGen: 83488K(84992K)->672K(84992K) Eden: 82944K(82944K)->0K(82944K) From: 544K(2048K)->672K(2048K)
[14979.596s][info][gc,heap        ] GC(32820) ParOldGen: 623809K(624640K)->623865K(624640K)
[14979.596s][info][gc,metaspace   ] GC(32820) Metaspace: 62367K(62592K)->62367K(62592K) NonClass: 53330K(53504K)->53330K(53504K) Class: 9037K(9088K)->9037K(9088K)
[14979.596s][info][gc             ] GC(32820) Pause Young (Allocation Failure) 690M->609M(693M) 3.160ms
[14979.596s][info][gc,cpu         ] GC(32820) User=0.00s Sys=0.00s Real=0.01s
[14980.067s][info][gc,start       ] GC(32821) Pause Young (Allocation Failure)
[14980.070s][info][gc,heap        ] GC(32821) PSYoungGen: 83616K(84992K)->288K(84992K) Eden: 82944K(82944K)->0K(82944K) From: 672K(2048K)->288K(2048K)
[14980.070s][info][gc,heap        ] GC(32821) ParOldGen: 623865K(624640K)->623913K(624640K)
[14980.070s][info][gc,metaspace   ] GC(32821) Metaspace: 62367K(62592K)->62367K(62592K) NonClass: 53330K(53504K)->53330K(53504K) Class: 9037K(9088K)->9037K(9088K)
[14980.070s][info][gc             ] GC(32821) Pause Young (Allocation Failure) 690M->609M(693M) 2.691ms
[14980.070s][info][gc,cpu         ] GC(32821) User=0.00s Sys=0.00s Real=0.00s
[14980.532s][info][gc,start       ] GC(32822) Pause Young (Allocation Failure)
[14980.536s][info][gc,heap        ] GC(32822) PSYoungGen: 83232K(84992K)->1216K(84992K) Eden: 82944K(82944K)->0K(82944K) From: 288K(2048K)->1216K(2048K)
[14980.536s][info][gc,heap        ] GC(32822) ParOldGen: 623913K(624640K)->623969K(624640K)
[14980.536s][info][gc,metaspace   ] GC(32822) Metaspace: 62367K(62592K)->62367K(62592K) NonClass: 53330K(53504K)->53330K(53504K) Class: 9037K(9088K)->9037K(9088K)
[14980.536s][info][gc             ] GC(32822) Pause Young (Allocation Failure) 690M->610M(693M) 3.730ms
[14980.536s][info][gc,cpu         ] GC(32822) User=0.01s Sys=0.00s Real=0.01s
[14981.010s][info][gc,start       ] GC(32823) Pause Young (Allocation Failure)
[14981.013s][info][gc,heap        ] GC(32823) PSYoungGen: 84160K(84992K)->800K(84992K) Eden: 82944K(82944K)->0K(82944K) From: 1216K(2048K)->800K(2048K)
[14981.013s][info][gc,heap        ] GC(32823) ParOldGen: 623969K(624640K)->624025K(624640K)
[14981.013s][info][gc,metaspace   ] GC(32823) Metaspace: 62367K(62592K)->62367K(62592K) NonClass: 53330K(53504K)->53330K(53504K) Class: 9037K(9088K)->9037K(9088K)
[14981.013s][info][gc             ] GC(32823) Pause Young (Allocation Failure) 691M->610M(693M) 3.335ms
[14981.013s][info][gc,cpu         ] GC(32823) User=0.01s Sys=0.00s Real=0.00s
[14981.515s][info][gc,start       ] GC(32824) Pause Young (Allocation Failure)
[14981.518s][info][gc,heap        ] GC(32824) PSYoungGen: 83744K(84992K)->832K(84992K) Eden: 82944K(82944K)->0K(82944K) From: 800K(2048K)->832K(2048K)
[14981.518s][info][gc,heap        ] GC(32824) ParOldGen: 624025K(624640K)->624073K(624640K)
[14981.518s][info][gc,metaspace   ] GC(32824) Metaspace: 62367K(62592K)->62367K(62592K) NonClass: 53330K(53504K)->53330K(53504K) Class: 9037K(9088K)->9037K(9088K)
[14981.518s][info][gc             ] GC(32824) Pause Young (Allocation Failure) 691M->610M(693M) 3.396ms
[14981.518s][info][gc,cpu         ] GC(32824) User=0.01s Sys=0.00s Real=0.00s
[14982.087s][info][gc,start       ] GC(32825) Pause Young (Allocation Failure)
[14982.090s][info][gc,heap        ] GC(32825) PSYoungGen: 83776K(84992K)->512K(84992K) Eden: 82944K(82944K)->0K(82944K) From: 832K(2048K)->512K(2048K)
[14982.090s][info][gc,heap        ] GC(32825) ParOldGen: 624073K(624640K)->624121K(624640K)
[14982.090s][info][gc,metaspace   ] GC(32825) Metaspace: 62367K(62592K)->62367K(62592K) NonClass: 53330K(53504K)->53330K(53504K) Class: 9037K(9088K)->9037K(9088K)
[14982.090s][info][gc             ] GC(32825) Pause Young (Allocation Failure) 691M->609M(693M) 2.997ms
[14982.090s][info][gc,cpu         ] GC(32825) User=0.00s Sys=0.00s Real=0.00s
[14982.588s][info][gc,start       ] GC(32826) Pause Young (Allocation Failure)
[14982.591s][info][gc,heap        ] GC(32826) PSYoungGen: 83455K(84992K)->608K(84992K) Eden: 82943K(82944K)->0K(82944K) From: 512K(2048K)->608K(2048K)
[14982.591s][info][gc,heap        ] GC(32826) ParOldGen: 624121K(624640K)->624169K(624640K)
[14982.591s][info][gc,metaspace   ] GC(32826) Metaspace: 62367K(62592K)->62367K(62592K) NonClass: 53330K(53504K)->53330K(53504K) Class: 9037K(9088K)->9037K(9088K)
[14982.591s][info][gc             ] GC(32826) Pause Young (Allocation Failure) 690M->610M(693M) 3.028ms
[14982.591s][info][gc,cpu         ] GC(32826) User=0.01s Sys=0.00s Real=0.00s
[14983.038s][info][gc,start       ] GC(32827) Pause Young (Allocation Failure)
[14983.042s][info][gc,heap        ] GC(32827) PSYoungGen: 83552K(84992K)->2016K(84992K) Eden: 82944K(82944K)->0K(82944K) From: 608K(2048K)->2016K(2048K)
[14983.042s][info][gc,heap        ] GC(32827) ParOldGen: 624169K(624640K)->624465K(624640K)
[14983.042s][info][gc,metaspace   ] GC(32827) Metaspace: 62367K(62592K)->62367K(62592K) NonClass: 53330K(53504K)->53330K(53504K) Class: 9037K(9088K)->9037K(9088K)
[14983.042s][info][gc             ] GC(32827) Pause Young (Allocation Failure) 691M->611M(693M) 4.131ms
[14983.042s][info][gc,cpu         ] GC(32827) User=0.01s Sys=0.00s Real=0.00s
[14983.482s][info][gc,start       ] GC(32828) Pause Young (Allocation Failure)
[14983.486s][info][gc,heap        ] GC(32828) PSYoungGen: 84960K(84992K)->512K(83968K) Eden: 82944K(82944K)->0K(81920K) From: 2016K(2048K)->512K(2048K)
[14983.486s][info][gc,heap        ] GC(32828) ParOldGen: 624465K(624640K)->626529K(627712K)
[14983.486s][info][gc,metaspace   ] GC(32828) Metaspace: 62367K(62592K)->62367K(62592K) NonClass: 53330K(53504K)->53330K(53504K) Class: 9037K(9088K)->9037K(9088K)
[14983.486s][info][gc             ] GC(32828) Pause Young (Allocation Failure) 692M->612M(695M) 4.192ms
[14983.486s][info][gc,cpu         ] GC(32828) User=0.01s Sys=0.01s Real=0.01s
[14983.980s][info][gc,start       ] GC(32829) Pause Young (Allocation Failure)
[14983.983s][info][gc,heap        ] GC(32829) PSYoungGen: 82432K(83968K)->416K(84480K) Eden: 81920K(81920K)->0K(81920K) From: 512K(2048K)->416K(2560K)
[14983.983s][info][gc,heap        ] GC(32829) ParOldGen: 626529K(627712K)->626577K(627712K)
[14983.983s][info][gc,metaspace   ] GC(32829) Metaspace: 62367K(62592K)->62367K(62592K) NonClass: 53330K(53504K)->53330K(53504K) Class: 9037K(9088K)->9037K(9088K)
[14983.983s][info][gc             ] GC(32829) Pause Young (Allocation Failure) 692M->612M(695M) 2.936ms
[14983.983s][info][gc,cpu         ] GC(32829) User=0.00s Sys=0.00s Real=0.00s
[14984.489s][info][gc,start       ] GC(32830) Pause Young (Allocation Failure)
[14984.492s][info][gc,heap        ] GC(32830) PSYoungGen: 82336K(84480K)->544K(84992K) Eden: 81920K(81920K)->0K(82944K) From: 416K(2560K)->544K(2048K)
[14984.492s][info][gc,heap        ] GC(32830) ParOldGen: 626577K(627712K)->626625K(627712K)
[14984.492s][info][gc,metaspace   ] GC(32830) Metaspace: 62367K(62592K)->62367K(62592K) NonClass: 53330K(53504K)->53330K(53504K) Class: 9037K(9088K)->9037K(9088K)
[14984.492s][info][gc             ] GC(32830) Pause Young (Allocation Failure) 692M->612M(696M) 2.956ms
[14984.492s][info][gc,cpu         ] GC(32830) User=0.00s Sys=0.00s Real=0.00s
[14984.988s][info][gc,start       ] GC(32831) Pause Young (Allocation Failure)
[14984.991s][info][gc,heap        ] GC(32831) PSYoungGen: 83488K(84992K)->512K(84992K) Eden: 82944K(82944K)->0K(82944K) From: 544K(2048K)->512K(2048K)
[14984.991s][info][gc,heap        ] GC(32831) ParOldGen: 626625K(627712K)->626673K(627712K)
[14984.991s][info][gc,metaspace   ] GC(32831) Metaspace: 62367K(62592K)->62367K(62592K) NonClass: 53330K(53504K)->53330K(53504K) Class: 9037K(9088K)->9037K(9088K)
[14984.991s][info][gc             ] GC(32831) Pause Young (Allocation Failure) 693M->612M(696M) 2.935ms
[14984.991s][info][gc,cpu         ] GC(32831) User=0.01s Sys=0.00s Real=0.00s
[14985.475s][info][gc,start       ] GC(32832) Pause Young (Allocation Failure)
[14985.478s][info][gc,heap        ] GC(32832) PSYoungGen: 83456K(84992K)->384K(84992K) Eden: 82944K(82944K)->0K(82944K) From: 512K(2048K)->384K(2048K)
[14985.478s][info][gc,heap        ] GC(32832) ParOldGen: 626673K(627712K)->626721K(627712K)
[14985.478s][info][gc,metaspace   ] GC(32832) Metaspace: 62367K(62592K)->62367K(62592K) NonClass: 53330K(53504K)->53330K(53504K) Class: 9037K(9088K)->9037K(9088K)
[14985.478s][info][gc             ] GC(32832) Pause Young (Allocation Failure) 693M->612M(696M) 2.858ms
[14985.478s][info][gc,cpu         ] GC(32832) User=0.00s Sys=0.00s Real=0.00s
[14986.027s][info][gc,start       ] GC(32833) Pause Young (Allocation Failure)
[14986.030s][info][gc,heap        ] GC(32833) PSYoungGen: 83328K(84992K)->1072K(84992K) Eden: 82944K(82944K)->0K(82944K) From: 384K(2048K)->1072K(2048K)
[14986.030s][info][gc,heap        ] GC(32833) ParOldGen: 626721K(627712K)->626769K(627712K)
[14986.030s][info][gc,metaspace   ] GC(32833) Metaspace: 62367K(62592K)->62367K(62592K) NonClass: 53330K(53504K)->53330K(53504K) Class: 9037K(9088K)->9037K(9088K)
[14986.030s][info][gc             ] GC(32833) Pause Young (Allocation Failure) 693M->613M(696M) 3.648ms
[14986.030s][info][gc,cpu         ] GC(32833) User=0.01s Sys=0.00s Real=0.00s
[14986.552s][info][gc,start       ] GC(32834) Pause Young (Allocation Failure)
[14986.556s][info][gc,heap        ] GC(32834) PSYoungGen: 84016K(84992K)->1408K(84992K) Eden: 82944K(82944K)->0K(82944K) From: 1072K(2048K)->1408K(2048K)
[14986.556s][info][gc,heap        ] GC(32834) ParOldGen: 626769K(627712K)->626865K(627712K)
[14986.556s][info][gc,metaspace   ] GC(32834) Metaspace: 62367K(62592K)->62367K(62592K) NonClass: 53330K(53504K)->53330K(53504K) Class: 9037K(9088K)->9037K(9088K)
[14986.556s][info][gc             ] GC(32834) Pause Young (Allocation Failure) 694M->613M(696M) 4.097ms
[14986.556s][info][gc,cpu         ] GC(32834) User=0.01s Sys=0.00s Real=0.01s
[14987.036s][info][gc,start       ] GC(32835) Pause Young (Allocation Failure)
[14987.040s][info][gc,heap        ] GC(32835) PSYoungGen: 84352K(84992K)->1216K(84992K) Eden: 82944K(82944K)->0K(82944K) From: 1408K(2048K)->1216K(2048K)
[14987.040s][info][gc,heap        ] GC(32835) ParOldGen: 626865K(627712K)->626913K(627712K)
[14987.040s][info][gc,metaspace   ] GC(32835) Metaspace: 62367K(62592K)->62367K(62592K) NonClass: 53330K(53504K)->53330K(53504K) Class: 9037K(9088K)->9037K(9088K)
[14987.040s][info][gc             ] GC(32835) Pause Young (Allocation Failure) 694M->613M(696M) 3.835ms
[14987.040s][info][gc,cpu         ] GC(32835) User=0.01s Sys=0.00s Real=0.00s
[14987.538s][info][gc,start       ] GC(32836) Pause Young (Allocation Failure)
[14987.542s][info][gc,heap        ] GC(32836) PSYoungGen: 84160K(84992K)->1344K(83968K) Eden: 82944K(82944K)->0K(81920K) From: 1216K(2048K)->1344K(2048K)
[14987.542s][info][gc,heap        ] GC(32836) ParOldGen: 626913K(627712K)->626961K(627712K)
[14987.542s][info][gc,metaspace   ] GC(32836) Metaspace: 62367K(62592K)->62367K(62592K) NonClass: 53330K(53504K)->53330K(53504K) Class: 9037K(9088K)->9037K(9088K)
[14987.542s][info][gc             ] GC(32836) Pause Young (Allocation Failure) 694M->613M(695M) 4.033ms
[14987.542s][info][gc,cpu         ] GC(32836) User=0.01s Sys=0.00s Real=0.00s
[14988.012s][info][gc,start       ] GC(32837) Pause Young (Allocation Failure)
[14988.016s][info][gc,heap        ] GC(32837) PSYoungGen: 83264K(83968K)->1856K(84480K) Eden: 81920K(81920K)->0K(81920K) From: 1344K(2048K)->1856K(2560K)
[14988.016s][info][gc,heap        ] GC(32837) ParOldGen: 626961K(627712K)->628041K(629248K)
[14988.016s][info][gc,metaspace   ] GC(32837) Metaspace: 62367K(62592K)->62367K(62592K) NonClass: 53330K(53504K)->53330K(53504K) Class: 9037K(9088K)->9037K(9088K)
[14988.016s][info][gc             ] GC(32837) Pause Young (Allocation Failure) 693M->615M(697M) 4.203ms
[14988.016s][info][gc,cpu         ] GC(32837) User=0.01s Sys=0.00s Real=0.01s
[14988.497s][info][gc,start       ] GC(32838) Pause Young (Allocation Failure)
[14988.501s][info][gc,heap        ] GC(32838) PSYoungGen: 83776K(84480K)->704K(84480K) Eden: 81920K(81920K)->0K(81920K) From: 1856K(2560K)->704K(2560K)
[14988.501s][info][gc,heap        ] GC(32838) ParOldGen: 628041K(629248K)->630145K(630784K)
[14988.501s][info][gc,metaspace   ] GC(32838) Metaspace: 62367K(62592K)->62367K(62592K) NonClass: 53330K(53504K)->53330K(53504K) Class: 9037K(9088K)->9037K(9088K)
[14988.501s][info][gc             ] GC(32838) Pause Young (Allocation Failure) 695M->616M(698M) 4.348ms
[14988.501s][info][gc,cpu         ] GC(32838) User=0.01s Sys=0.00s Real=0.00s
[14988.963s][info][gc,start       ] GC(32839) Pause Young (Allocation Failure)
[14988.966s][info][gc,heap        ] GC(32839) PSYoungGen: 82624K(84480K)->192K(84480K) Eden: 81920K(81920K)->0K(81920K) From: 704K(2560K)->192K(2560K)
[14988.966s][info][gc,heap        ] GC(32839) ParOldGen: 630145K(630784K)->630193K(630784K)
[14988.966s][info][gc,metaspace   ] GC(32839) Metaspace: 62367K(62592K)->62367K(62592K) NonClass: 53330K(53504K)->53330K(53504K) Class: 9037K(9088K)->9037K(9088K)
[14988.966s][info][gc             ] GC(32839) Pause Young (Allocation Failure) 696M->615M(698M) 2.773ms
[14988.966s][info][gc,cpu         ] GC(32839) User=0.01s Sys=0.00s Real=0.01s
[14989.433s][info][gc,start       ] GC(32840) Pause Young (Allocation Failure)
[14989.437s][info][gc,heap        ] GC(32840) PSYoungGen: 82112K(84480K)->1056K(84480K) Eden: 81920K(81920K)->0K(81920K) From: 192K(2560K)->1056K(2560K)
[14989.437s][info][gc,heap        ] GC(32840) ParOldGen: 630193K(630784K)->630241K(630784K)
[14989.437s][info][gc,metaspace   ] GC(32840) Metaspace: 62367K(62592K)->62367K(62592K) NonClass: 53330K(53504K)->53330K(53504K) Class: 9037K(9088K)->9037K(9088K)
[14989.437s][info][gc             ] GC(32840) Pause Young (Allocation Failure) 695M->616M(698M) 3.725ms
[14989.437s][info][gc,cpu         ] GC(32840) User=0.01s Sys=0.00s Real=0.01s
[14989.939s][info][gc,start       ] GC(32841) Pause Young (Allocation Failure)
[14989.943s][info][gc,heap        ] GC(32841) PSYoungGen: 82976K(84480K)->1184K(84480K) Eden: 81920K(81920K)->0K(81920K) From: 1056K(2560K)->1184K(2560K)
[14989.943s][info][gc,heap        ] GC(32841) ParOldGen: 630241K(630784K)->630297K(630784K)
[14989.943s][info][gc,metaspace   ] GC(32841) Metaspace: 62367K(62592K)->62367K(62592K) NonClass: 53330K(53504K)->53330K(53504K) Class: 9037K(9088K)->9037K(9088K)
[14989.943s][info][gc             ] GC(32841) Pause Young (Allocation Failure) 696M->616M(698M) 3.814ms
[14989.943s][info][gc,cpu         ] GC(32841) User=0.00s Sys=0.00s Real=0.00s
[14990.440s][info][gc,start       ] GC(32842) Pause Young (Allocation Failure)
[14990.444s][info][gc,heap        ] GC(32842) PSYoungGen: 83104K(84480K)->1312K(84480K) Eden: 81920K(81920K)->0K(81920K) From: 1184K(2560K)->1312K(2560K)
[14990.444s][info][gc,heap        ] GC(32842) ParOldGen: 630297K(630784K)->630353K(630784K)
[14990.444s][info][gc,metaspace   ] GC(32842) Metaspace: 62367K(62592K)->62367K(62592K) NonClass: 53330K(53504K)->53330K(53504K) Class: 9037K(9088K)->9037K(9088K)
[14990.444s][info][gc             ] GC(32842) Pause Young (Allocation Failure) 696M->616M(698M) 4.039ms
[14990.444s][info][gc,cpu         ] GC(32842) User=0.01s Sys=0.00s Real=0.00s
[14990.918s][info][gc,start       ] GC(32843) Pause Young (Allocation Failure)
[14990.921s][info][gc,heap        ] GC(32843) PSYoungGen: 83232K(84480K)->896K(84480K) Eden: 81920K(81920K)->0K(81920K) From: 1312K(2560K)->896K(2560K)
[14990.922s][info][gc,heap        ] GC(32843) ParOldGen: 630353K(630784K)->630409K(630784K)
[14990.922s][info][gc,metaspace   ] GC(32843) Metaspace: 62367K(62592K)->62367K(62592K) NonClass: 53330K(53504K)->53330K(53504K) Class: 9037K(9088K)->9037K(9088K)
[14990.922s][info][gc             ] GC(32843) Pause Young (Allocation Failure) 696M->616M(698M) 3.557ms
[14990.922s][info][gc,cpu         ] GC(32843) User=0.01s Sys=0.00s Real=0.00s
[14991.375s][info][gc,start       ] GC(32844) Pause Young (Allocation Failure)
[14991.377s][info][gc,heap        ] GC(32844) PSYoungGen: 82816K(84480K)->384K(84992K) Eden: 81920K(81920K)->0K(82944K) From: 896K(2560K)->384K(2048K)
[14991.377s][info][gc,heap        ] GC(32844) ParOldGen: 630409K(630784K)->630457K(630784K)
[14991.377s][info][gc,metaspace   ] GC(32844) Metaspace: 62367K(62592K)->62367K(62592K) NonClass: 53330K(53504K)->53330K(53504K) Class: 9037K(9088K)->9037K(9088K)
[14991.377s][info][gc             ] GC(32844) Pause Young (Allocation Failure) 696M->616M(699M) 2.820ms
[14991.377s][info][gc,cpu         ] GC(32844) User=0.01s Sys=0.00s Real=0.00s
[14991.855s][info][gc,start       ] GC(32845) Pause Young (Allocation Failure)
[14991.859s][info][gc,heap        ] GC(32845) PSYoungGen: 83328K(84992K)->1312K(84480K) Eden: 82944K(82944K)->0K(82944K) From: 384K(2048K)->1312K(1536K)
[14991.859s][info][gc,heap        ] GC(32845) ParOldGen: 630457K(630784K)->630505K(630784K)
[14991.859s][info][gc,metaspace   ] GC(32845) Metaspace: 62367K(62592K)->62367K(62592K) NonClass: 53330K(53504K)->53330K(53504K) Class: 9037K(9088K)->9037K(9088K)
[14991.859s][info][gc             ] GC(32845) Pause Young (Allocation Failure) 697M->617M(698M) 3.888ms
[14991.859s][info][gc,cpu         ] GC(32845) User=0.01s Sys=0.00s Real=0.00s
[14992.350s][info][gc,start       ] GC(32846) Pause Young (Allocation Failure)
[14992.354s][info][gc,heap        ] GC(32846) PSYoungGen: 84256K(84480K)->1472K(84480K) Eden: 82944K(82944K)->0K(81920K) From: 1312K(1536K)->1472K(2560K)
[14992.354s][info][gc,heap        ] GC(32846) ParOldGen: 630505K(630784K)->630553K(630784K)
[14992.354s][info][gc,metaspace   ] GC(32846) Metaspace: 62367K(62592K)->62367K(62592K) NonClass: 53330K(53504K)->53330K(53504K) Class: 9037K(9088K)->9037K(9088K)
[14992.354s][info][gc             ] GC(32846) Pause Young (Allocation Failure) 698M->617M(698M) 4.105ms
[14992.354s][info][gc,cpu         ] GC(32846) User=0.00s Sys=0.00s Real=0.00s
[14992.819s][info][gc,start       ] GC(32847) Pause Young (Allocation Failure)
[14992.823s][info][gc,heap        ] GC(32847) PSYoungGen: 83392K(84480K)->1024K(84480K) Eden: 81920K(81920K)->0K(81920K) From: 1472K(2560K)->1024K(2560K)
[14992.823s][info][gc,heap        ] GC(32847) ParOldGen: 630553K(630784K)->630601K(630784K)
[14992.823s][info][gc,metaspace   ] GC(32847) Metaspace: 62367K(62592K)->62367K(62592K) NonClass: 53330K(53504K)->53330K(53504K) Class: 9037K(9088K)->9037K(9088K)
[14992.823s][info][gc             ] GC(32847) Pause Young (Allocation Failure) 697M->616M(698M) 3.590ms
[14992.823s][info][gc,cpu         ] GC(32847) User=0.00s Sys=0.00s Real=0.00s
[14993.305s][info][gc,start       ] GC(32848) Pause Young (Allocation Failure)
[14993.309s][info][gc,heap        ] GC(32848) PSYoungGen: 82944K(84480K)->832K(84992K) Eden: 81920K(81920K)->0K(82944K) From: 1024K(2560K)->832K(2048K)
[14993.309s][info][gc,heap        ] GC(32848) ParOldGen: 630601K(630784K)->630657K(630784K)
[14993.309s][info][gc,metaspace   ] GC(32848) Metaspace: 62367K(62592K)->62367K(62592K) NonClass: 53330K(53504K)->53330K(53504K) Class: 9037K(9088K)->9037K(9088K)
[14993.309s][info][gc             ] GC(32848) Pause Young (Allocation Failure) 696M->616M(699M) 3.415ms
[14993.309s][info][gc,cpu         ] GC(32848) User=0.01s Sys=0.00s Real=0.00s
[14993.770s][info][gc,start       ] GC(32849) Pause Young (Allocation Failure)
[14993.773s][info][gc,heap        ] GC(32849) PSYoungGen: 83776K(84992K)->320K(84992K) Eden: 82944K(82944K)->0K(82944K) From: 832K(2048K)->320K(2048K)
[14993.773s][info][gc,heap        ] GC(32849) ParOldGen: 630657K(630784K)->630705K(630784K)
[14993.773s][info][gc,metaspace   ] GC(32849) Metaspace: 62367K(62592K)->62367K(62592K) NonClass: 53330K(53504K)->53330K(53504K) Class: 9037K(9088K)->9037K(9088K)
[14993.773s][info][gc             ] GC(32849) Pause Young (Allocation Failure) 697M->616M(699M) 2.671ms
[14993.773s][info][gc,cpu         ] GC(32849) User=0.00s Sys=0.00s Real=0.00s
[14994.285s][info][gc,start       ] GC(32850) Pause Young (Allocation Failure)
[14994.288s][info][gc,heap        ] GC(32850) PSYoungGen: 83264K(84992K)->608K(84992K) Eden: 82944K(82944K)->0K(82944K) From: 320K(2048K)->608K(2048K)
[14994.288s][info][gc,heap        ] GC(32850) ParOldGen: 630705K(630784K)->630753K(630784K)
[14994.288s][info][gc,metaspace   ] GC(32850) Metaspace: 62367K(62592K)->62367K(62592K) NonClass: 53330K(53504K)->53330K(53504K) Class: 9037K(9088K)->9037K(9088K)
[14994.288s][info][gc             ] GC(32850) Pause Young (Allocation Failure) 697M->616M(699M) 2.971ms
[14994.288s][info][gc,cpu         ] GC(32850) User=0.00s Sys=0.00s Real=0.00s
[14994.742s][info][gc,start       ] GC(32851) Pause Young (Allocation Failure)
[14994.746s][info][gc,heap        ] GC(32851) PSYoungGen: 83552K(84992K)->1408K(84992K) Eden: 82944K(82944K)->0K(82944K) From: 608K(2048K)->1408K(2048K)
[14994.746s][info][gc,heap        ] GC(32851) ParOldGen: 630753K(630784K)->630857K(631296K)
[14994.746s][info][gc,metaspace   ] GC(32851) Metaspace: 62367K(62592K)->62367K(62592K) NonClass: 53330K(53504K)->53330K(53504K) Class: 9037K(9088K)->9037K(9088K)
[14994.746s][info][gc             ] GC(32851) Pause Young (Allocation Failure) 697M->617M(699M) 4.106ms
[14994.746s][info][gc,cpu         ] GC(32851) User=0.01s Sys=0.00s Real=0.01s
[14995.215s][info][gc,start       ] GC(32852) Pause Young (Allocation Failure)
[14995.219s][info][gc,heap        ] GC(32852) PSYoungGen: 84352K(84992K)->992K(84992K) Eden: 82944K(82944K)->0K(82944K) From: 1408K(2048K)->992K(2048K)
[14995.219s][info][gc,heap        ] GC(32852) ParOldGen: 630857K(631296K)->630905K(631296K)
[14995.219s][info][gc,metaspace   ] GC(32852) Metaspace: 62367K(62592K)->62367K(62592K) NonClass: 53330K(53504K)->53330K(53504K) Class: 9037K(9088K)->9037K(9088K)
[14995.219s][info][gc             ] GC(32852) Pause Young (Allocation Failure) 698M->617M(699M) 3.552ms
[14995.219s][info][gc,cpu         ] GC(32852) User=0.01s Sys=0.00s Real=0.00s
[14995.679s][info][gc,start       ] GC(32853) Pause Young (Allocation Failure)
[14995.682s][info][gc,heap        ] GC(32853) PSYoungGen: 83936K(84992K)->448K(84992K) Eden: 82944K(82944K)->0K(82944K) From: 992K(2048K)->448K(2048K)
[14995.682s][info][gc,heap        ] GC(32853) ParOldGen: 630905K(631296K)->630953K(631296K)
[14995.682s][info][gc,metaspace   ] GC(32853) Metaspace: 62367K(62592K)->62367K(62592K) NonClass: 53330K(53504K)->53330K(53504K) Class: 9037K(9088K)->9037K(9088K)
[14995.682s][info][gc             ] GC(32853) Pause Young (Allocation Failure) 698M->616M(699M) 2.931ms
[14995.682s][info][gc,cpu         ] GC(32853) User=0.01s Sys=0.00s Real=0.00s
[14996.122s][info][gc,start       ] GC(32854) Pause Young (Allocation Failure)
[14996.126s][info][gc,heap        ] GC(32854) PSYoungGen: 83392K(84992K)->1056K(84992K) Eden: 82944K(82944K)->0K(82944K) From: 448K(2048K)->1056K(2048K)
[14996.126s][info][gc,heap        ] GC(32854) ParOldGen: 630953K(631296K)->631009K(631296K)
[14996.126s][info][gc,metaspace   ] GC(32854) Metaspace: 62367K(62592K)->62367K(62592K) NonClass: 53330K(53504K)->53330K(53504K) Class: 9037K(9088K)->9037K(9088K)
[14996.126s][info][gc             ] GC(32854) Pause Young (Allocation Failure) 697M->617M(699M) 3.626ms
[14996.126s][info][gc,cpu         ] GC(32854) User=0.01s Sys=0.00s Real=0.01s
[14996.574s][info][gc,start       ] GC(32855) Pause Young (Allocation Failure)
[14996.577s][info][gc,heap        ] GC(32855) PSYoungGen: 84000K(84992K)->384K(84992K) Eden: 82944K(82944K)->0K(82944K) From: 1056K(2048K)->384K(2048K)
[14996.577s][info][gc,heap        ] GC(32855) ParOldGen: 631009K(631296K)->631057K(631296K)
[14996.577s][info][gc,metaspace   ] GC(32855) Metaspace: 62367K(62592K)->62367K(62592K) NonClass: 53330K(53504K)->53330K(53504K) Class: 9037K(9088K)->9037K(9088K)
[14996.577s][info][gc             ] GC(32855) Pause Young (Allocation Failure) 698M->616M(699M) 2.837ms
[14996.577s][info][gc,cpu         ] GC(32855) User=0.00s Sys=0.00s Real=0.00s
[14997.066s][info][gc,start       ] GC(32856) Pause Young (Allocation Failure)
[14997.068s][info][gc,heap        ] GC(32856) PSYoungGen: 83328K(84992K)->256K(84992K) Eden: 82944K(82944K)->0K(82944K) From: 384K(2048K)->256K(2048K)
[14997.068s][info][gc,heap        ] GC(32856) ParOldGen: 631057K(631296K)->631105K(631296K)
[14997.068s][info][gc,metaspace   ] GC(32856) Metaspace: 62367K(62592K)->62367K(62592K) NonClass: 53330K(53504K)->53330K(53504K) Class: 9037K(9088K)->9037K(9088K)
[14997.068s][info][gc             ] GC(32856) Pause Young (Allocation Failure) 697M->616M(699M) 2.642ms
[14997.068s][info][gc,cpu         ] GC(32856) User=0.01s Sys=0.00s Real=0.00s
[14997.531s][info][gc,start       ] GC(32857) Pause Young (Allocation Failure)
[14997.535s][info][gc,heap        ] GC(32857) PSYoungGen: 83200K(84992K)->1184K(84992K) Eden: 82944K(82944K)->0K(82944K) From: 256K(2048K)->1184K(2048K)
[14997.535s][info][gc,heap        ] GC(32857) ParOldGen: 631105K(631296K)->631153K(631296K)
[14997.535s][info][gc,metaspace   ] GC(32857) Metaspace: 62367K(62592K)->62367K(62592K) NonClass: 53330K(53504K)->53330K(53504K) Class: 9037K(9088K)->9037K(9088K)
[14997.535s][info][gc             ] GC(32857) Pause Young (Allocation Failure) 697M->617M(699M) 3.805ms
[14997.535s][info][gc,cpu         ] GC(32857) User=0.00s Sys=0.00s Real=0.01s
[14997.978s][info][gc,start       ] GC(32858) Pause Young (Allocation Failure)
[14997.981s][info][gc,heap        ] GC(32858) PSYoungGen: 84128K(84992K)->1504K(84992K) Eden: 82944K(82944K)->0K(82944K) From: 1184K(2048K)->1504K(2048K)
[14997.981s][info][gc,heap        ] GC(32858) ParOldGen: 631153K(631296K)->631209K(631296K)
[14997.981s][info][gc,metaspace   ] GC(32858) Metaspace: 62367K(62592K)->62367K(62592K) NonClass: 53330K(53504K)->53330K(53504K) Class: 9037K(9088K)->9037K(9088K)
[14997.981s][info][gc             ] GC(32858) Pause Young (Allocation Failure) 698M->617M(699M) 2.996ms
[14997.981s][info][gc,cpu         ] GC(32858) User=0.01s Sys=0.00s Real=0.00s
[14998.416s][info][gc,start       ] GC(32859) Pause Young (Allocation Failure)
[14998.420s][info][gc,heap        ] GC(32859) PSYoungGen: 84448K(84992K)->960K(84992K) Eden: 82944K(82944K)->0K(82944K) From: 1504K(2048K)->960K(2048K)
[14998.420s][info][gc,heap        ] GC(32859) ParOldGen: 631209K(631296K)->632281K(632832K)
[14998.420s][info][gc,metaspace   ] GC(32859) Metaspace: 62367K(62592K)->62367K(62592K) NonClass: 53330K(53504K)->53330K(53504K) Class: 9037K(9088K)->9037K(9088K)
[14998.420s][info][gc             ] GC(32859) Pause Young (Allocation Failure) 698M->618M(701M) 3.942ms
[14998.420s][info][gc,cpu         ] GC(32859) User=0.00s Sys=0.00s Real=0.00s
[14998.895s][info][gc,start       ] GC(32860) Pause Young (Allocation Failure)
[14998.898s][info][gc,heap        ] GC(32860) PSYoungGen: 83904K(84992K)->672K(84992K) Eden: 82944K(82944K)->0K(82944K) From: 960K(2048K)->672K(2048K)
[14998.898s][info][gc,heap        ] GC(32860) ParOldGen: 632281K(632832K)->632337K(632832K)
[14998.898s][info][gc,metaspace   ] GC(32860) Metaspace: 62367K(62592K)->62367K(62592K) NonClass: 53330K(53504K)->53330K(53504K) Class: 9037K(9088K)->9037K(9088K)
[14998.898s][info][gc             ] GC(32860) Pause Young (Allocation Failure) 699M->618M(701M) 3.064ms
[14998.898s][info][gc,cpu         ] GC(32860) User=0.01s Sys=0.00s Real=0.00s
[14999.345s][info][gc,start       ] GC(32861) Pause Young (Allocation Failure)
[14999.349s][info][gc,heap        ] GC(32861) PSYoungGen: 83616K(84992K)->1408K(84992K) Eden: 82944K(82944K)->0K(82944K) From: 672K(2048K)->1408K(2048K)
[14999.349s][info][gc,heap        ] GC(32861) ParOldGen: 632337K(632832K)->632385K(632832K)
[14999.349s][info][gc,metaspace   ] GC(32861) Metaspace: 62367K(62592K)->62367K(62592K) NonClass: 53330K(53504K)->53330K(53504K) Class: 9037K(9088K)->9037K(9088K)
[14999.349s][info][gc             ] GC(32861) Pause Young (Allocation Failure) 699M->618M(701M) 3.927ms
[14999.349s][info][gc,cpu         ] GC(32861) User=0.01s Sys=0.00s Real=0.00s
[14999.786s][info][gc,start       ] GC(32862) Pause Young (Allocation Failure)
[14999.789s][info][gc,heap        ] GC(32862) PSYoungGen: 84352K(84992K)->576K(84992K) Eden: 82944K(82944K)->0K(82944K) From: 1408K(2048K)->576K(2048K)
[14999.789s][info][gc,heap        ] GC(32862) ParOldGen: 632385K(632832K)->632441K(632832K)
[14999.789s][info][gc,metaspace   ] GC(32862) Metaspace: 62367K(62592K)->62367K(62592K) NonClass: 53330K(53504K)->53330K(53504K) Class: 9037K(9088K)->9037K(9088K)
[14999.789s][info][gc             ] GC(32862) Pause Young (Allocation Failure) 699M->618M(701M) 3.015ms
[14999.789s][info][gc,cpu         ] GC(32862) User=0.01s Sys=0.00s Real=0.00s
[15000.288s][info][gc,start       ] GC(32863) Pause Young (Allocation Failure)
[15000.291s][info][gc,heap        ] GC(32863) PSYoungGen: 83520K(84992K)->544K(84992K) Eden: 82944K(82944K)->0K(82944K) From: 576K(2048K)->544K(2048K)
[15000.291s][info][gc,heap        ] GC(32863) ParOldGen: 632441K(632832K)->632489K(632832K)
[15000.291s][info][gc,metaspace   ] GC(32863) Metaspace: 62367K(62592K)->62367K(62592K) NonClass: 53330K(53504K)->53330K(53504K) Class: 9037K(9088K)->9037K(9088K)
[15000.291s][info][gc             ] GC(32863) Pause Young (Allocation Failure) 699M->618M(701M) 3.014ms
[15000.291s][info][gc,cpu         ] GC(32863) User=0.00s Sys=0.00s Real=0.00s
[15000.774s][info][gc,start       ] GC(32864) Pause Young (Allocation Failure)
[15000.777s][info][gc,heap        ] GC(32864) PSYoungGen: 83488K(84992K)->384K(84992K) Eden: 82944K(82944K)->0K(82944K) From: 544K(2048K)->384K(2048K)
[15000.777s][info][gc,heap        ] GC(32864) ParOldGen: 632489K(632832K)->632545K(632832K)
[15000.777s][info][gc,metaspace   ] GC(32864) Metaspace: 62367K(62592K)->62367K(62592K) NonClass: 53330K(53504K)->53330K(53504K) Class: 9037K(9088K)->9037K(9088K)
[15000.777s][info][gc             ] GC(32864) Pause Young (Allocation Failure) 699M->618M(701M) 2.821ms
[15000.777s][info][gc,cpu         ] GC(32864) User=0.01s Sys=0.00s Real=0.00s
[15001.257s][info][gc,start       ] GC(32865) Pause Young (Allocation Failure)
[15001.261s][info][gc,heap        ] GC(32865) PSYoungGen: 83328K(84992K)->1472K(84992K) Eden: 82944K(82944K)->0K(82944K) From: 384K(2048K)->1472K(2048K)
[15001.261s][info][gc,heap        ] GC(32865) ParOldGen: 632545K(632832K)->632593K(632832K)
[15001.261s][info][gc,metaspace   ] GC(32865) Metaspace: 62367K(62592K)->62367K(62592K) NonClass: 53330K(53504K)->53330K(53504K) Class: 9037K(9088K)->9037K(9088K)
[15001.261s][info][gc             ] GC(32865) Pause Young (Allocation Failure) 699M->619M(701M) 4.099ms
[15001.261s][info][gc,cpu         ] GC(32865) User=0.01s Sys=0.00s Real=0.00s
[15001.806s][info][gc,start       ] GC(32866) Pause Young (Allocation Failure)
[15001.809s][info][gc,heap        ] GC(32866) PSYoungGen: 84416K(84992K)->768K(84992K) Eden: 82944K(82944K)->0K(82944K) From: 1472K(2048K)->768K(2048K)
[15001.809s][info][gc,heap        ] GC(32866) ParOldGen: 632593K(632832K)->632641K(632832K)
[15001.809s][info][gc,metaspace   ] GC(32866) Metaspace: 62367K(62592K)->62367K(62592K) NonClass: 53330K(53504K)->53330K(53504K) Class: 9037K(9088K)->9037K(9088K)
[15001.809s][info][gc             ] GC(32866) Pause Young (Allocation Failure) 700M->618M(701M) 3.235ms
[15001.810s][info][gc,cpu         ] GC(32866) User=0.01s Sys=0.00s Real=0.00s
[15002.304s][info][gc,start       ] GC(32867) Pause Young (Allocation Failure)
[15002.307s][info][gc,heap        ] GC(32867) PSYoungGen: 83712K(84992K)->768K(84992K) Eden: 82944K(82944K)->0K(82944K) From: 768K(2048K)->768K(2048K)
[15002.307s][info][gc,heap        ] GC(32867) ParOldGen: 632641K(632832K)->632745K(632832K)
[15002.307s][info][gc,metaspace   ] GC(32867) Metaspace: 62367K(62592K)->62367K(62592K) NonClass: 53330K(53504K)->53330K(53504K) Class: 9037K(9088K)->9037K(9088K)
[15002.308s][info][gc             ] GC(32867) Pause Young (Allocation Failure) 699M->618M(701M) 3.349ms
[15002.308s][info][gc,cpu         ] GC(32867) User=0.00s Sys=0.00s Real=0.01s
[15002.802s][info][gc,start       ] GC(32868) Pause Young (Allocation Failure)
[15002.805s][info][gc,heap        ] GC(32868) PSYoungGen: 83712K(84992K)->736K(84992K) Eden: 82944K(82944K)->0K(82944K) From: 768K(2048K)->736K(2048K)
[15002.805s][info][gc,heap        ] GC(32868) ParOldGen: 632745K(632832K)->632793K(632832K)
[15002.805s][info][gc,metaspace   ] GC(32868) Metaspace: 62367K(62592K)->62367K(62592K) NonClass: 53330K(53504K)->53330K(53504K) Class: 9037K(9088K)->9037K(9088K)
[15002.805s][info][gc             ] GC(32868) Pause Young (Allocation Failure) 699M->618M(701M) 3.147ms
[15002.805s][info][gc,cpu         ] GC(32868) User=0.01s Sys=0.00s Real=0.01s
[15003.291s][info][gc,start       ] GC(32869) Pause Young (Allocation Failure)
[15003.295s][info][gc,heap        ] GC(32869) PSYoungGen: 83680K(84992K)->1600K(84992K) Eden: 82944K(82944K)->0K(82944K) From: 736K(2048K)->1600K(2048K)
[15003.295s][info][gc,heap        ] GC(32869) ParOldGen: 632793K(632832K)->633873K(634880K)
[15003.295s][info][gc,metaspace   ] GC(32869) Metaspace: 62367K(62592K)->62367K(62592K) NonClass: 53330K(53504K)->53330K(53504K) Class: 9037K(9088K)->9037K(9088K)
[15003.295s][info][gc             ] GC(32869) Pause Young (Allocation Failure) 699M->620M(703M) 4.278ms
[15003.295s][info][gc,cpu         ] GC(32869) User=0.01s Sys=0.00s Real=0.01s
[15003.817s][info][gc,start       ] GC(32870) Pause Young (Allocation Failure)
[15003.821s][info][gc,heap        ] GC(32870) PSYoungGen: 84544K(84992K)->928K(84992K) Eden: 82944K(82944K)->0K(82944K) From: 1600K(2048K)->928K(2048K)
[15003.821s][info][gc,heap        ] GC(32870) ParOldGen: 633873K(634880K)->634945K(636416K)
[15003.821s][info][gc,metaspace   ] GC(32870) Metaspace: 62367K(62592K)->62367K(62592K) NonClass: 53330K(53504K)->53330K(53504K) Class: 9037K(9088K)->9037K(9088K)
[15003.821s][info][gc             ] GC(32870) Pause Young (Allocation Failure) 701M->620M(704M) 3.896ms
[15003.821s][info][gc,cpu         ] GC(32870) User=0.01s Sys=0.01s Real=0.00s
[15004.303s][info][gc,start       ] GC(32871) Pause Young (Allocation Failure)
[15004.306s][info][gc,heap        ] GC(32871) PSYoungGen: 83872K(84992K)->768K(84992K) Eden: 82944K(82944K)->0K(82944K) From: 928K(2048K)->768K(2048K)
[15004.306s][info][gc,heap        ] GC(32871) ParOldGen: 634945K(636416K)->634993K(636416K)
[15004.306s][info][gc,metaspace   ] GC(32871) Metaspace: 62367K(62592K)->62367K(62592K) NonClass: 53330K(53504K)->53330K(53504K) Class: 9037K(9088K)->9037K(9088K)
[15004.306s][info][gc             ] GC(32871) Pause Young (Allocation Failure) 701M->620M(704M) 3.253ms
[15004.306s][info][gc,cpu         ] GC(32871) User=0.00s Sys=0.00s Real=0.01s
[15004.775s][info][gc,start       ] GC(32872) Pause Young (Allocation Failure)
[15004.778s][info][gc,heap        ] GC(32872) PSYoungGen: 83712K(84992K)->384K(84992K) Eden: 82944K(82944K)->0K(82944K) From: 768K(2048K)->384K(2048K)
[15004.778s][info][gc,heap        ] GC(32872) ParOldGen: 634993K(636416K)->635049K(636416K)
[15004.778s][info][gc,metaspace   ] GC(32872) Metaspace: 62367K(62592K)->62367K(62592K) NonClass: 53330K(53504K)->53330K(53504K) Class: 9037K(9088K)->9037K(9088K)
[15004.778s][info][gc             ] GC(32872) Pause Young (Allocation Failure) 701M->620M(704M) 2.839ms
[15004.778s][info][gc,cpu         ] GC(32872) User=0.01s Sys=0.00s Real=0.00s
[15005.269s][info][gc,start       ] GC(32873) Pause Young (Allocation Failure)
[15005.272s][info][gc,heap        ] GC(32873) PSYoungGen: 83328K(84992K)->320K(84992K) Eden: 82944K(82944K)->0K(82944K) From: 384K(2048K)->320K(2048K)
[15005.272s][info][gc,heap        ] GC(32873) ParOldGen: 635049K(636416K)->635097K(636416K)
[15005.272s][info][gc,metaspace   ] GC(32873) Metaspace: 62367K(62592K)->62367K(62592K) NonClass: 53330K(53504K)->53330K(53504K) Class: 9037K(9088K)->9037K(9088K)
[15005.272s][info][gc             ] GC(32873) Pause Young (Allocation Failure) 701M->620M(704M) 2.669ms
[15005.272s][info][gc,cpu         ] GC(32873) User=0.01s Sys=0.00s Real=0.00s
[15005.781s][info][gc,start       ] GC(32874) Pause Young (Allocation Failure)
[15005.784s][info][gc,heap        ] GC(32874) PSYoungGen: 83264K(84992K)->480K(84992K) Eden: 82944K(82944K)->0K(82944K) From: 320K(2048K)->480K(2048K)
[15005.784s][info][gc,heap        ] GC(32874) ParOldGen: 635097K(636416K)->635153K(636416K)
[15005.784s][info][gc,metaspace   ] GC(32874) Metaspace: 62367K(62592K)->62367K(62592K) NonClass: 53330K(53504K)->53330K(53504K) Class: 9037K(9088K)->9037K(9088K)
[15005.784s][info][gc             ] GC(32874) Pause Young (Allocation Failure) 701M->620M(704M) 2.821ms
[15005.784s][info][gc,cpu         ] GC(32874) User=0.01s Sys=0.00s Real=0.00s
[15006.389s][info][gc,start       ] GC(32875) Pause Young (Allocation Failure)
[15006.395s][info][gc,heap        ] GC(32875) PSYoungGen: 83424K(84992K)->288K(84992K) Eden: 82944K(82944K)->0K(82944K) From: 480K(2048K)->288K(2048K)
[15006.395s][info][gc,heap        ] GC(32875) ParOldGen: 635153K(636416K)->635249K(636416K)
[15006.395s][info][gc,metaspace   ] GC(32875) Metaspace: 62368K(62592K)->62368K(62592K) NonClass: 53331K(53504K)->53331K(53504K) Class: 9037K(9088K)->9037K(9088K)
[15006.395s][info][gc             ] GC(32875) Pause Young (Allocation Failure) 701M->620M(704M) 6.114ms
[15006.396s][info][gc,cpu         ] GC(32875) User=0.01s Sys=0.00s Real=0.01s
[15007.076s][info][gc,start       ] GC(32876) Pause Young (Allocation Failure)
[15007.080s][info][gc,heap        ] GC(32876) PSYoungGen: 83232K(84992K)->480K(84992K) Eden: 82944K(82944K)->0K(82944K) From: 288K(2048K)->480K(2048K)
[15007.080s][info][gc,heap        ] GC(32876) ParOldGen: 635249K(636416K)->635441K(636416K)
[15007.080s][info][gc,metaspace   ] GC(32876) Metaspace: 62369K(62592K)->62369K(62592K) NonClass: 53332K(53504K)->53332K(53504K) Class: 9037K(9088K)->9037K(9088K)
[15007.080s][info][gc             ] GC(32876) Pause Young (Allocation Failure) 701M->621M(704M) 3.209ms
[15007.080s][info][gc,cpu         ] GC(32876) User=0.00s Sys=0.00s Real=0.00s
[15007.551s][info][gc,start       ] GC(32877) Pause Young (Allocation Failure)
[15007.557s][info][gc,heap        ] GC(32877) PSYoungGen: 83424K(84992K)->1216K(84992K) Eden: 82944K(82944K)->0K(82944K) From: 480K(2048K)->1216K(2048K)
[15007.557s][info][gc,heap        ] GC(32877) ParOldGen: 635441K(636416K)->635521K(636416K)
[15007.557s][info][gc,metaspace   ] GC(32877) Metaspace: 62369K(62592K)->62369K(62592K) NonClass: 53332K(53504K)->53332K(53504K) Class: 9037K(9088K)->9037K(9088K)
[15007.557s][info][gc             ] GC(32877) Pause Young (Allocation Failure) 702M->621M(704M) 5.408ms
[15007.557s][info][gc,cpu         ] GC(32877) User=0.00s Sys=0.00s Real=0.01s
[15008.104s][info][gc,start       ] GC(32878) Pause Young (Allocation Failure)
[15008.107s][info][gc,heap        ] GC(32878) PSYoungGen: 84160K(84992K)->864K(84992K) Eden: 82944K(82944K)->0K(82944K) From: 1216K(2048K)->864K(2048K)
[15008.107s][info][gc,heap        ] GC(32878) ParOldGen: 635521K(636416K)->635569K(636416K)
[15008.107s][info][gc,metaspace   ] GC(32878) Metaspace: 62369K(62592K)->62369K(62592K) NonClass: 53332K(53504K)->53332K(53504K) Class: 9037K(9088K)->9037K(9088K)
[15008.107s][info][gc             ] GC(32878) Pause Young (Allocation Failure) 702M->621M(704M) 3.428ms
[15008.107s][info][gc,cpu         ] GC(32878) User=0.00s Sys=0.00s Real=0.01s
[15008.616s][info][gc,start       ] GC(32879) Pause Young (Allocation Failure)
[15008.620s][info][gc,heap        ] GC(32879) PSYoungGen: 83808K(84992K)->800K(84992K) Eden: 82944K(82944K)->0K(82944K) From: 864K(2048K)->800K(2048K)
[15008.620s][info][gc,heap        ] GC(32879) ParOldGen: 635569K(636416K)->635617K(636416K)
[15008.620s][info][gc,metaspace   ] GC(32879) Metaspace: 62369K(62592K)->62369K(62592K) NonClass: 53332K(53504K)->53332K(53504K) Class: 9037K(9088K)->9037K(9088K)
[15008.620s][info][gc             ] GC(32879) Pause Young (Allocation Failure) 702M->621M(704M) 3.710ms
[15008.620s][info][gc,cpu         ] GC(32879) User=0.01s Sys=0.00s Real=0.00s
[15009.131s][info][gc,start       ] GC(32880) Pause Young (Allocation Failure)
[15009.135s][info][gc,heap        ] GC(32880) PSYoungGen: 83744K(84992K)->960K(84992K) Eden: 82944K(82944K)->0K(82944K) From: 800K(2048K)->960K(2048K)
[15009.135s][info][gc,heap        ] GC(32880) ParOldGen: 635617K(636416K)->635665K(636416K)
[15009.135s][info][gc,metaspace   ] GC(32880) Metaspace: 62369K(62592K)->62369K(62592K) NonClass: 53332K(53504K)->53332K(53504K) Class: 9037K(9088K)->9037K(9088K)
[15009.135s][info][gc             ] GC(32880) Pause Young (Allocation Failure) 702M->621M(704M) 4.018ms
[15009.135s][info][gc,cpu         ] GC(32880) User=0.01s Sys=0.01s Real=0.01s
[15009.679s][info][gc,start       ] GC(32881) Pause Young (Allocation Failure)
[15009.682s][info][gc,heap        ] GC(32881) PSYoungGen: 83904K(84992K)->416K(84992K) Eden: 82944K(82944K)->0K(82944K) From: 960K(2048K)->416K(2048K)
[15009.682s][info][gc,heap        ] GC(32881) ParOldGen: 635665K(636416K)->635713K(636416K)
[15009.682s][info][gc,metaspace   ] GC(32881) Metaspace: 62369K(62592K)->62369K(62592K) NonClass: 53332K(53504K)->53332K(53504K) Class: 9037K(9088K)->9037K(9088K)
[15009.682s][info][gc             ] GC(32881) Pause Young (Allocation Failure) 702M->621M(704M) 2.869ms
[15009.682s][info][gc,cpu         ] GC(32881) User=0.01s Sys=0.00s Real=0.00s
[15010.223s][info][gc,start       ] GC(32882) Pause Young (Allocation Failure)
[15010.226s][info][gc,heap        ] GC(32882) PSYoungGen: 83360K(84992K)->448K(84992K) Eden: 82944K(82944K)->0K(82944K) From: 416K(2048K)->448K(2048K)
[15010.226s][info][gc,heap        ] GC(32882) ParOldGen: 635713K(636416K)->635761K(636416K)
[15010.226s][info][gc,metaspace   ] GC(32882) Metaspace: 62369K(62592K)->62369K(62592K) NonClass: 53332K(53504K)->53332K(53504K) Class: 9037K(9088K)->9037K(9088K)
[15010.226s][info][gc             ] GC(32882) Pause Young (Allocation Failure) 702M->621M(704M) 3.059ms
[15010.226s][info][gc,cpu         ] GC(32882) User=0.01s Sys=0.00s Real=0.01s
[15010.736s][info][gc,start       ] GC(32883) Pause Young (Allocation Failure)
[15010.739s][info][gc,heap        ] GC(32883) PSYoungGen: 83392K(84992K)->1120K(84992K) Eden: 82944K(82944K)->0K(82944K) From: 448K(2048K)->1120K(2048K)
[15010.739s][info][gc,heap        ] GC(32883) ParOldGen: 635761K(636416K)->635865K(636416K)
[15010.740s][info][gc,metaspace   ] GC(32883) Metaspace: 62369K(62592K)->62369K(62592K) NonClass: 53332K(53504K)->53332K(53504K) Class: 9037K(9088K)->9037K(9088K)
[15010.740s][info][gc             ] GC(32883) Pause Young (Allocation Failure) 702M->622M(704M) 3.856ms
[15010.740s][info][gc,cpu         ] GC(32883) User=0.01s Sys=0.00s Real=0.00s
[15011.242s][info][gc,start       ] GC(32884) Pause Young (Allocation Failure)
[15011.247s][info][gc,heap        ] GC(32884) PSYoungGen: 84064K(84992K)->2016K(84992K) Eden: 82944K(82944K)->0K(82944K) From: 1120K(2048K)->2016K(2048K)
[15011.247s][info][gc,heap        ] GC(32884) ParOldGen: 635865K(636416K)->635945K(636416K)
[15011.247s][info][gc,metaspace   ] GC(32884) Metaspace: 62369K(62592K)->62369K(62592K) NonClass: 53332K(53504K)->53332K(53504K) Class: 9037K(9088K)->9037K(9088K)
[15011.247s][info][gc             ] GC(32884) Pause Young (Allocation Failure) 703M->623M(704M) 4.306ms
[15011.247s][info][gc,cpu         ] GC(32884) User=0.01s Sys=0.00s Real=0.01s
[15011.721s][info][gc,start       ] GC(32885) Pause Young (Allocation Failure)
[15011.725s][info][gc,heap        ] GC(32885) PSYoungGen: 84960K(84992K)->1056K(84992K) Eden: 82944K(82944K)->0K(82944K) From: 2016K(2048K)->1056K(2048K)
[15011.725s][info][gc,heap        ] GC(32885) ParOldGen: 635945K(636416K)->637017K(637952K)
[15011.725s][info][gc,metaspace   ] GC(32885) Metaspace: 62369K(62592K)->62369K(62592K) NonClass: 53332K(53504K)->53332K(53504K) Class: 9037K(9088K)->9037K(9088K)
[15011.725s][info][gc             ] GC(32885) Pause Young (Allocation Failure) 704M->623M(706M) 4.050ms
[15011.725s][info][gc,cpu         ] GC(32885) User=0.01s Sys=0.00s Real=0.01s
[15012.233s][info][gc,start       ] GC(32886) Pause Young (Allocation Failure)
[15012.237s][info][gc,heap        ] GC(32886) PSYoungGen: 84000K(84992K)->1056K(84992K) Eden: 82944K(82944K)->0K(82944K) From: 1056K(2048K)->1056K(2048K)
[15012.237s][info][gc,heap        ] GC(32886) ParOldGen: 637017K(637952K)->637073K(637952K)
[15012.237s][info][gc,metaspace   ] GC(32886) Metaspace: 62369K(62592K)->62369K(62592K) NonClass: 53332K(53504K)->53332K(53504K) Class: 9037K(9088K)->9037K(9088K)
[15012.237s][info][gc             ] GC(32886) Pause Young (Allocation Failure) 704M->623M(706M) 4.024ms
[15012.237s][info][gc,cpu         ] GC(32886) User=0.00s Sys=0.00s Real=0.01s
[15012.725s][info][gc,start       ] GC(32887) Pause Young (Allocation Failure)
[15012.729s][info][gc,heap        ] GC(32887) PSYoungGen: 84000K(84992K)->1056K(84992K) Eden: 82944K(82944K)->0K(82944K) From: 1056K(2048K)->1056K(2048K)
[15012.729s][info][gc,heap        ] GC(32887) ParOldGen: 637073K(637952K)->637121K(637952K)
[15012.729s][info][gc,metaspace   ] GC(32887) Metaspace: 62369K(62592K)->62369K(62592K) NonClass: 53332K(53504K)->53332K(53504K) Class: 9037K(9088K)->9037K(9088K)
[15012.729s][info][gc             ] GC(32887) Pause Young (Allocation Failure) 704M->623M(706M) 3.745ms
[15012.729s][info][gc,cpu         ] GC(32887) User=0.00s Sys=0.00s Real=0.00s
[15013.224s][info][gc,start       ] GC(32888) Pause Young (Allocation Failure)
[15013.227s][info][gc,heap        ] GC(32888) PSYoungGen: 84000K(84992K)->896K(84992K) Eden: 82944K(82944K)->0K(82944K) From: 1056K(2048K)->896K(2048K)
[15013.227s][info][gc,heap        ] GC(32888) ParOldGen: 637121K(637952K)->637169K(637952K)
[15013.227s][info][gc,metaspace   ] GC(32888) Metaspace: 62369K(62592K)->62369K(62592K) NonClass: 53332K(53504K)->53332K(53504K) Class: 9037K(9088K)->9037K(9088K)
[15013.227s][info][gc             ] GC(32888) Pause Young (Allocation Failure) 704M->623M(706M) 3.587ms
[15013.227s][info][gc,cpu         ] GC(32888) User=0.01s Sys=0.00s Real=0.01s
[15013.693s][info][gc,start       ] GC(32889) Pause Young (Allocation Failure)
[15013.696s][info][gc,heap        ] GC(32889) PSYoungGen: 83840K(84992K)->640K(84992K) Eden: 82944K(82944K)->0K(82944K) From: 896K(2048K)->640K(2048K)
[15013.696s][info][gc,heap        ] GC(32889) ParOldGen: 637169K(637952K)->637217K(637952K)
[15013.696s][info][gc,metaspace   ] GC(32889) Metaspace: 62369K(62592K)->62369K(62592K) NonClass: 53332K(53504K)->53332K(53504K) Class: 9037K(9088K)->9037K(9088K)
[15013.696s][info][gc             ] GC(32889) Pause Young (Allocation Failure) 704M->622M(706M) 3.065ms
[15013.696s][info][gc,cpu         ] GC(32889) User=0.01s Sys=0.00s Real=0.01s
[15014.194s][info][gc,start       ] GC(32890) Pause Young (Allocation Failure)
[15014.197s][info][gc,heap        ] GC(32890) PSYoungGen: 83584K(84992K)->640K(84992K) Eden: 82944K(82944K)->0K(82944K) From: 640K(2048K)->640K(2048K)
[15014.197s][info][gc,heap        ] GC(32890) ParOldGen: 637217K(637952K)->637265K(637952K)
[15014.197s][info][gc,metaspace   ] GC(32890) Metaspace: 62369K(62592K)->62369K(62592K) NonClass: 53332K(53504K)->53332K(53504K) Class: 9037K(9088K)->9037K(9088K)
[15014.197s][info][gc             ] GC(32890) Pause Young (Allocation Failure) 703M->622M(706M) 3.032ms
[15014.197s][info][gc,cpu         ] GC(32890) User=0.01s Sys=0.00s Real=0.00s
[15014.664s][info][gc,start       ] GC(32891) Pause Young (Allocation Failure)
[15014.666s][info][gc,heap        ] GC(32891) PSYoungGen: 83584K(84992K)->224K(84992K) Eden: 82944K(82944K)->0K(82944K) From: 640K(2048K)->224K(2048K)
[15014.666s][info][gc,heap        ] GC(32891) ParOldGen: 637265K(637952K)->637321K(637952K)
[15014.666s][info][gc,metaspace   ] GC(32891) Metaspace: 62369K(62592K)->62369K(62592K) NonClass: 53332K(53504K)->53332K(53504K) Class: 9037K(9088K)->9037K(9088K)
[15014.666s][info][gc             ] GC(32891) Pause Young (Allocation Failure) 703M->622M(706M) 2.691ms
[15014.666s][info][gc,cpu         ] GC(32891) User=0.01s Sys=0.01s Real=0.01s
[15015.164s][info][gc,start       ] GC(32892) Pause Young (Allocation Failure)
[15015.166s][info][gc,heap        ] GC(32892) PSYoungGen: 83168K(84992K)->224K(84992K) Eden: 82944K(82944K)->0K(82944K) From: 224K(2048K)->224K(2048K)
[15015.166s][info][gc,heap        ] GC(32892) ParOldGen: 637321K(637952K)->637369K(637952K)
[15015.166s][info][gc,metaspace   ] GC(32892) Metaspace: 62369K(62592K)->62369K(62592K) NonClass: 53332K(53504K)->53332K(53504K) Class: 9037K(9088K)->9037K(9088K)
[15015.166s][info][gc             ] GC(32892) Pause Young (Allocation Failure) 703M->622M(706M) 2.621ms
[15015.166s][info][gc,cpu         ] GC(32892) User=0.01s Sys=0.00s Real=0.01s
[15015.680s][info][gc,start       ] GC(32893) Pause Young (Allocation Failure)
[15015.683s][info][gc,heap        ] GC(32893) PSYoungGen: 83168K(84992K)->448K(84992K) Eden: 82944K(82944K)->0K(82944K) From: 224K(2048K)->448K(2048K)
[15015.683s][info][gc,heap        ] GC(32893) ParOldGen: 637369K(637952K)->637425K(637952K)
[15015.683s][info][gc,metaspace   ] GC(32893) Metaspace: 62369K(62592K)->62369K(62592K) NonClass: 53332K(53504K)->53332K(53504K) Class: 9037K(9088K)->9037K(9088K)
[15015.683s][info][gc             ] GC(32893) Pause Young (Allocation Failure) 703M->622M(706M) 2.975ms
[15015.683s][info][gc,cpu         ] GC(32893) User=0.00s Sys=0.00s Real=0.00s
[15016.178s][info][gc,start       ] GC(32894) Pause Young (Allocation Failure)
[15016.180s][info][gc,heap        ] GC(32894) PSYoungGen: 83392K(84992K)->416K(84992K) Eden: 82944K(82944K)->0K(82944K) From: 448K(2048K)->416K(2048K)
[15016.181s][info][gc,heap        ] GC(32894) ParOldGen: 637425K(637952K)->637473K(637952K)
[15016.181s][info][gc,metaspace   ] GC(32894) Metaspace: 62369K(62592K)->62369K(62592K) NonClass: 53332K(53504K)->53332K(53504K) Class: 9037K(9088K)->9037K(9088K)
[15016.181s][info][gc             ] GC(32894) Pause Young (Allocation Failure) 703M->622M(706M) 2.847ms
[15016.181s][info][gc,cpu         ] GC(32894) User=0.00s Sys=0.00s Real=0.00s
[15016.671s][info][gc,start       ] GC(32895) Pause Young (Allocation Failure)
[15016.673s][info][gc,heap        ] GC(32895) PSYoungGen: 83360K(84992K)->1344K(84992K) Eden: 82944K(82944K)->0K(82944K) From: 416K(2048K)->1344K(2048K)
[15016.673s][info][gc,heap        ] GC(32895) ParOldGen: 637473K(637952K)->637521K(637952K)
[15016.673s][info][gc,metaspace   ] GC(32895) Metaspace: 62369K(62592K)->62369K(62592K) NonClass: 53332K(53504K)->53332K(53504K) Class: 9037K(9088K)->9037K(9088K)
[15016.674s][info][gc             ] GC(32895) Pause Young (Allocation Failure) 703M->623M(706M) 2.945ms
[15016.674s][info][gc,cpu         ] GC(32895) User=0.01s Sys=0.00s Real=0.00s
[15017.168s][info][gc,start       ] GC(32896) Pause Young (Allocation Failure)
[15017.172s][info][gc,heap        ] GC(32896) PSYoungGen: 84288K(84992K)->288K(84992K) Eden: 82944K(82944K)->0K(82944K) From: 1344K(2048K)->288K(2048K)
[15017.172s][info][gc,heap        ] GC(32896) ParOldGen: 637521K(637952K)->639625K(641024K)
[15017.172s][info][gc,metaspace   ] GC(32896) Metaspace: 62369K(62592K)->62369K(62592K) NonClass: 53332K(53504K)->53332K(53504K) Class: 9037K(9088K)->9037K(9088K)
[15017.172s][info][gc             ] GC(32896) Pause Young (Allocation Failure) 704M->624M(709M) 3.936ms
[15017.172s][info][gc,cpu         ] GC(32896) User=0.01s Sys=0.01s Real=0.00s
[15017.729s][info][gc,start       ] GC(32897) Pause Young (Allocation Failure)
[15017.733s][info][gc,heap        ] GC(32897) PSYoungGen: 83232K(84992K)->1024K(84992K) Eden: 82944K(82944K)->0K(82944K) From: 288K(2048K)->1024K(2048K)
[15017.733s][info][gc,heap        ] GC(32897) ParOldGen: 639625K(641024K)->639673K(641024K)
[15017.733s][info][gc,metaspace   ] GC(32897) Metaspace: 62369K(62592K)->62369K(62592K) NonClass: 53332K(53504K)->53332K(53504K) Class: 9037K(9088K)->9037K(9088K)
[15017.733s][info][gc             ] GC(32897) Pause Young (Allocation Failure) 705M->625M(709M) 3.636ms
[15017.733s][info][gc,cpu         ] GC(32897) User=0.01s Sys=0.00s Real=0.00s
[15018.219s][info][gc,start       ] GC(32898) Pause Young (Allocation Failure)
[15018.223s][info][gc,heap        ] GC(32898) PSYoungGen: 83968K(84992K)->992K(84992K) Eden: 82944K(82944K)->0K(82944K) From: 1024K(2048K)->992K(2048K)
[15018.223s][info][gc,heap        ] GC(32898) ParOldGen: 639673K(641024K)->639721K(641024K)
[15018.223s][info][gc,metaspace   ] GC(32898) Metaspace: 62369K(62592K)->62369K(62592K) NonClass: 53332K(53504K)->53332K(53504K) Class: 9037K(9088K)->9037K(9088K)
[15018.223s][info][gc             ] GC(32898) Pause Young (Allocation Failure) 706M->625M(709M) 3.620ms
[15018.223s][info][gc,cpu         ] GC(32898) User=0.01s Sys=0.00s Real=0.00s
[15018.723s][info][gc,start       ] GC(32899) Pause Young (Allocation Failure)
[15018.727s][info][gc,heap        ] GC(32899) PSYoungGen: 83936K(84992K)->1152K(84992K) Eden: 82944K(82944K)->0K(82944K) From: 992K(2048K)->1152K(2048K)
[15018.727s][info][gc,heap        ] GC(32899) ParOldGen: 639721K(641024K)->639769K(641024K)
[15018.727s][info][gc,metaspace   ] GC(32899) Metaspace: 62369K(62592K)->62369K(62592K) NonClass: 53332K(53504K)->53332K(53504K) Class: 9037K(9088K)->9037K(9088K)
[15018.727s][info][gc             ] GC(32899) Pause Young (Allocation Failure) 706M->625M(709M) 4.001ms
[15018.727s][info][gc,cpu         ] GC(32899) User=0.01s Sys=0.00s Real=0.01s
[15019.235s][info][gc,start       ] GC(32900) Pause Young (Allocation Failure)
[15019.239s][info][gc,heap        ] GC(32900) PSYoungGen: 84096K(84992K)->1120K(84992K) Eden: 82944K(82944K)->0K(82944K) From: 1152K(2048K)->1120K(2048K)
[15019.239s][info][gc,heap        ] GC(32900) ParOldGen: 639769K(641024K)->639873K(641024K)
[15019.239s][info][gc,metaspace   ] GC(32900) Metaspace: 62369K(62592K)->62369K(62592K) NonClass: 53332K(53504K)->53332K(53504K) Class: 9037K(9088K)->9037K(9088K)
[15019.239s][info][gc             ] GC(32900) Pause Young (Allocation Failure) 706M->625M(709M) 3.895ms
[15019.239s][info][gc,cpu         ] GC(32900) User=0.01s Sys=0.00s Real=0.00s
[15019.762s][info][gc,start       ] GC(32901) Pause Young (Allocation Failure)
[15019.765s][info][gc,heap        ] GC(32901) PSYoungGen: 84064K(84992K)->192K(84992K) Eden: 82944K(82944K)->0K(82944K) From: 1120K(2048K)->192K(2048K)
[15019.765s][info][gc,heap        ] GC(32901) ParOldGen: 639873K(641024K)->639921K(641024K)
[15019.765s][info][gc,metaspace   ] GC(32901) Metaspace: 62369K(62592K)->62369K(62592K) NonClass: 53332K(53504K)->53332K(53504K) Class: 9037K(9088K)->9037K(9088K)
[15019.765s][info][gc             ] GC(32901) Pause Young (Allocation Failure) 706M->625M(709M) 2.683ms
[15019.765s][info][gc,cpu         ] GC(32901) User=0.00s Sys=0.00s Real=0.01s
[15020.265s][info][gc,start       ] GC(32902) Pause Young (Allocation Failure)
[15020.267s][info][gc,heap        ] GC(32902) PSYoungGen: 83136K(84992K)->256K(84992K) Eden: 82944K(82944K)->0K(82944K) From: 192K(2048K)->256K(2048K)
[15020.267s][info][gc,heap        ] GC(32902) ParOldGen: 639921K(641024K)->639969K(641024K)
[15020.267s][info][gc,metaspace   ] GC(32902) Metaspace: 62369K(62592K)->62369K(62592K) NonClass: 53332K(53504K)->53332K(53504K) Class: 9037K(9088K)->9037K(9088K)
[15020.267s][info][gc             ] GC(32902) Pause Young (Allocation Failure) 706M->625M(709M) 2.720ms
[15020.267s][info][gc,cpu         ] GC(32902) User=0.00s Sys=0.00s Real=0.00s
[15020.735s][info][gc,start       ] GC(32903) Pause Young (Allocation Failure)
[15020.738s][info][gc,heap        ] GC(32903) PSYoungGen: 83200K(84992K)->1120K(84992K) Eden: 82944K(82944K)->0K(82944K) From: 256K(2048K)->1120K(2048K)
[15020.738s][info][gc,heap        ] GC(32903) ParOldGen: 639969K(641024K)->640017K(641024K)
[15020.738s][info][gc,metaspace   ] GC(32903) Metaspace: 62369K(62592K)->62369K(62592K) NonClass: 53332K(53504K)->53332K(53504K) Class: 9037K(9088K)->9037K(9088K)
[15020.738s][info][gc             ] GC(32903) Pause Young (Allocation Failure) 706M->626M(709M) 3.883ms
[15020.739s][info][gc,cpu         ] GC(32903) User=0.01s Sys=0.00s Real=0.00s
[15021.221s][info][gc,start       ] GC(32904) Pause Young (Allocation Failure)
[15021.224s][info][gc,heap        ] GC(32904) PSYoungGen: 84064K(84992K)->1088K(84992K) Eden: 82944K(82944K)->0K(82944K) From: 1120K(2048K)->1088K(2048K)
[15021.224s][info][gc,heap        ] GC(32904) ParOldGen: 640017K(641024K)->640065K(641024K)
[15021.224s][info][gc,metaspace   ] GC(32904) Metaspace: 62369K(62592K)->62369K(62592K) NonClass: 53332K(53504K)->53332K(53504K) Class: 9037K(9088K)->9037K(9088K)
[15021.224s][info][gc             ] GC(32904) Pause Young (Allocation Failure) 707M->626M(709M) 3.643ms
[15021.224s][info][gc,cpu         ] GC(32904) User=0.01s Sys=0.00s Real=0.01s
[15021.686s][info][gc,start       ] GC(32905) Pause Young (Allocation Failure)
[15021.690s][info][gc,heap        ] GC(32905) PSYoungGen: 84032K(84992K)->1568K(84992K) Eden: 82944K(82944K)->0K(82944K) From: 1088K(2048K)->1568K(2048K)
[15021.690s][info][gc,heap        ] GC(32905) ParOldGen: 640065K(641024K)->641145K(642560K)
[15021.690s][info][gc,metaspace   ] GC(32905) Metaspace: 62369K(62592K)->62369K(62592K) NonClass: 53332K(53504K)->53332K(53504K) Class: 9037K(9088K)->9037K(9088K)
[15021.690s][info][gc             ] GC(32905) Pause Young (Allocation Failure) 707M->627M(710M) 4.180ms
[15021.690s][info][gc,cpu         ] GC(32905) User=0.00s Sys=0.00s Real=0.00s
[15022.165s][info][gc,start       ] GC(32906) Pause Young (Allocation Failure)
[15022.169s][info][gc,heap        ] GC(32906) PSYoungGen: 84512K(84992K)->256K(84992K) Eden: 82944K(82944K)->0K(82944K) From: 1568K(2048K)->256K(2048K)
[15022.169s][info][gc,heap        ] GC(32906) ParOldGen: 641145K(642560K)->643241K(644096K)
[15022.169s][info][gc,metaspace   ] GC(32906) Metaspace: 62369K(62592K)->62369K(62592K) NonClass: 53332K(53504K)->53332K(53504K) Class: 9037K(9088K)->9037K(9088K)
[15022.169s][info][gc             ] GC(32906) Pause Young (Allocation Failure) 708M->628M(712M) 3.943ms
[15022.169s][info][gc,cpu         ] GC(32906) User=0.01s Sys=0.00s Real=0.00s
[15022.680s][info][gc,start       ] GC(32907) Pause Young (Allocation Failure)
[15022.683s][info][gc,heap        ] GC(32907) PSYoungGen: 83200K(84992K)->448K(84992K) Eden: 82944K(82944K)->0K(82944K) From: 256K(2048K)->448K(2048K)
[15022.683s][info][gc,heap        ] GC(32907) ParOldGen: 643241K(644096K)->643297K(644096K)
[15022.683s][info][gc,metaspace   ] GC(32907) Metaspace: 62369K(62592K)->62369K(62592K) NonClass: 53332K(53504K)->53332K(53504K) Class: 9037K(9088K)->9037K(9088K)
[15022.683s][info][gc             ] GC(32907) Pause Young (Allocation Failure) 709M->628M(712M) 3.018ms
[15022.683s][info][gc,cpu         ] GC(32907) User=0.01s Sys=0.00s Real=0.00s
[15023.112s][info][gc,start       ] GC(32908) Pause Young (Allocation Failure)
[15023.116s][info][gc,heap        ] GC(32908) PSYoungGen: 83392K(84992K)->896K(84992K) Eden: 82944K(82944K)->0K(82944K) From: 448K(2048K)->896K(2048K)
[15023.116s][info][gc,heap        ] GC(32908) ParOldGen: 643297K(644096K)->643345K(644096K)
[15023.116s][info][gc,metaspace   ] GC(32908) Metaspace: 62369K(62592K)->62369K(62592K) NonClass: 53332K(53504K)->53332K(53504K) Class: 9037K(9088K)->9037K(9088K)
[15023.116s][info][gc             ] GC(32908) Pause Young (Allocation Failure) 709M->629M(712M) 3.690ms
[15023.116s][info][gc,cpu         ] GC(32908) User=0.01s Sys=0.00s Real=0.01s
[15023.630s][info][gc,start       ] GC(32909) Pause Young (Allocation Failure)
[15023.633s][info][gc,heap        ] GC(32909) PSYoungGen: 83840K(84992K)->1120K(84992K) Eden: 82944K(82944K)->0K(82944K) From: 896K(2048K)->1120K(2048K)
[15023.633s][info][gc,heap        ] GC(32909) ParOldGen: 643345K(644096K)->643393K(644096K)
[15023.633s][info][gc,metaspace   ] GC(32909) Metaspace: 62369K(62592K)->62369K(62592K) NonClass: 53332K(53504K)->53332K(53504K) Class: 9037K(9088K)->9037K(9088K)
[15023.633s][info][gc             ] GC(32909) Pause Young (Allocation Failure) 710M->629M(712M) 3.869ms
[15023.633s][info][gc,cpu         ] GC(32909) User=0.01s Sys=0.00s Real=0.00s
[15024.111s][info][gc,start       ] GC(32910) Pause Young (Allocation Failure)
[15024.114s][info][gc,heap        ] GC(32910) PSYoungGen: 84064K(84992K)->832K(84992K) Eden: 82944K(82944K)->0K(82944K) From: 1120K(2048K)->832K(2048K)
[15024.115s][info][gc,heap        ] GC(32910) ParOldGen: 643393K(644096K)->643441K(644096K)
[15024.115s][info][gc,metaspace   ] GC(32910) Metaspace: 62369K(62592K)->62369K(62592K) NonClass: 53332K(53504K)->53332K(53504K) Class: 9037K(9088K)->9037K(9088K)
[15024.115s][info][gc             ] GC(32910) Pause Young (Allocation Failure) 710M->629M(712M) 3.481ms
[15024.115s][info][gc,cpu         ] GC(32910) User=0.01s Sys=0.00s Real=0.01s
[15024.603s][info][gc,start       ] GC(32911) Pause Young (Allocation Failure)
[15024.606s][info][gc,heap        ] GC(32911) PSYoungGen: 83776K(84992K)->800K(84992K) Eden: 82944K(82944K)->0K(82944K) From: 832K(2048K)->800K(2048K)
[15024.606s][info][gc,heap        ] GC(32911) ParOldGen: 643441K(644096K)->643489K(644096K)
[15024.606s][info][gc,metaspace   ] GC(32911) Metaspace: 62369K(62592K)->62369K(62592K) NonClass: 53332K(53504K)->53332K(53504K) Class: 9037K(9088K)->9037K(9088K)
[15024.606s][info][gc             ] GC(32911) Pause Young (Allocation Failure) 710M->629M(712M) 3.416ms
[15024.606s][info][gc,cpu         ] GC(32911) User=0.01s Sys=0.00s Real=0.01s
[15025.118s][info][gc,start       ] GC(32912) Pause Young (Allocation Failure)
[15025.122s][info][gc,heap        ] GC(32912) PSYoungGen: 83744K(84992K)->832K(84992K) Eden: 82944K(82944K)->0K(82944K) From: 800K(2048K)->832K(2048K)
[15025.122s][info][gc,heap        ] GC(32912) ParOldGen: 643489K(644096K)->643537K(644096K)
[15025.122s][info][gc,metaspace   ] GC(32912) Metaspace: 62369K(62592K)->62369K(62592K) NonClass: 53332K(53504K)->53332K(53504K) Class: 9037K(9088K)->9037K(9088K)
[15025.122s][info][gc             ] GC(32912) Pause Young (Allocation Failure) 710M->629M(712M) 3.502ms
[15025.122s][info][gc,cpu         ] GC(32912) User=0.01s Sys=0.00s Real=0.00s
[15025.633s][info][gc,start       ] GC(32913) Pause Young (Allocation Failure)
[15025.637s][info][gc,heap        ] GC(32913) PSYoungGen: 83776K(84992K)->1088K(84992K) Eden: 82944K(82944K)->0K(82944K) From: 832K(2048K)->1088K(2048K)
[15025.637s][info][gc,heap        ] GC(32913) ParOldGen: 643537K(644096K)->643593K(644096K)
[15025.637s][info][gc,metaspace   ] GC(32913) Metaspace: 62369K(62592K)->62369K(62592K) NonClass: 53332K(53504K)->53332K(53504K) Class: 9037K(9088K)->9037K(9088K)
[15025.637s][info][gc             ] GC(32913) Pause Young (Allocation Failure) 710M->629M(712M) 3.794ms
[15025.637s][info][gc,cpu         ] GC(32913) User=0.01s Sys=0.00s Real=0.01s
[15026.168s][info][gc,start       ] GC(32914) Pause Young (Allocation Failure)
[15026.171s][info][gc,heap        ] GC(32914) PSYoungGen: 84032K(84992K)->288K(84992K) Eden: 82944K(82944K)->0K(82944K) From: 1088K(2048K)->288K(2048K)
[15026.172s][info][gc,heap        ] GC(32914) ParOldGen: 643593K(644096K)->643641K(644096K)
[15026.172s][info][gc,metaspace   ] GC(32914) Metaspace: 62369K(62592K)->62369K(62592K) NonClass: 53332K(53504K)->53332K(53504K) Class: 9037K(9088K)->9037K(9088K)
[15026.172s][info][gc             ] GC(32914) Pause Young (Allocation Failure) 710M->628M(712M) 3.432ms
[15026.172s][info][gc,cpu         ] GC(32914) User=0.00s Sys=0.00s Real=0.00s
[15026.724s][info][gc,start       ] GC(32915) Pause Young (Allocation Failure)
[15026.727s][info][gc,heap        ] GC(32915) PSYoungGen: 83232K(84992K)->800K(84992K) Eden: 82944K(82944K)->0K(82944K) From: 288K(2048K)->800K(2048K)
[15026.727s][info][gc,heap        ] GC(32915) ParOldGen: 643641K(644096K)->643689K(644096K)
[15026.727s][info][gc,metaspace   ] GC(32915) Metaspace: 62369K(62592K)->62369K(62592K) NonClass: 53332K(53504K)->53332K(53504K) Class: 9037K(9088K)->9037K(9088K)
[15026.727s][info][gc             ] GC(32915) Pause Young (Allocation Failure) 709M->629M(712M) 3.269ms
[15026.727s][info][gc,cpu         ] GC(32915) User=0.01s Sys=0.00s Real=0.01s
[15027.241s][info][gc,start       ] GC(32916) Pause Young (Allocation Failure)
[15027.245s][info][gc,heap        ] GC(32916) PSYoungGen: 83744K(84992K)->1120K(84992K) Eden: 82944K(82944K)->0K(82944K) From: 800K(2048K)->1120K(2048K)
[15027.245s][info][gc,heap        ] GC(32916) ParOldGen: 643689K(644096K)->643785K(644096K)
[15027.245s][info][gc,metaspace   ] GC(32916) Metaspace: 62369K(62592K)->62369K(62592K) NonClass: 53332K(53504K)->53332K(53504K) Class: 9037K(9088K)->9037K(9088K)
[15027.245s][info][gc             ] GC(32916) Pause Young (Allocation Failure) 710M->629M(712M) 3.807ms
[15027.245s][info][gc,cpu         ] GC(32916) User=0.00s Sys=0.00s Real=0.01s
[15027.744s][info][gc,start       ] GC(32917) Pause Young (Allocation Failure)
[15027.748s][info][gc,heap        ] GC(32917) PSYoungGen: 84064K(84992K)->1280K(84992K) Eden: 82944K(82944K)->0K(82944K) From: 1120K(2048K)->1280K(2048K)
[15027.748s][info][gc,heap        ] GC(32917) ParOldGen: 643785K(644096K)->643833K(644096K)
[15027.748s][info][gc,metaspace   ] GC(32917) Metaspace: 62369K(62592K)->62369K(62592K) NonClass: 53332K(53504K)->53332K(53504K) Class: 9037K(9088K)->9037K(9088K)
[15027.748s][info][gc             ] GC(32917) Pause Young (Allocation Failure) 710M->629M(712M) 4.022ms
[15027.748s][info][gc,cpu         ] GC(32917) User=0.01s Sys=0.00s Real=0.01s
[15028.284s][info][gc,start       ] GC(32918) Pause Young (Allocation Failure)
[15028.287s][info][gc,heap        ] GC(32918) PSYoungGen: 84224K(84992K)->512K(84992K) Eden: 82944K(82944K)->0K(82944K) From: 1280K(2048K)->512K(2048K)
[15028.287s][info][gc,heap        ] GC(32918) ParOldGen: 643833K(644096K)->643881K(644096K)
[15028.287s][info][gc,metaspace   ] GC(32918) Metaspace: 62369K(62592K)->62369K(62592K) NonClass: 53332K(53504K)->53332K(53504K) Class: 9037K(9088K)->9037K(9088K)
[15028.287s][info][gc             ] GC(32918) Pause Young (Allocation Failure) 710M->629M(712M) 2.920ms
[15028.287s][info][gc,cpu         ] GC(32918) User=0.00s Sys=0.00s Real=0.01s
[15028.760s][info][gc,start       ] GC(32919) Pause Young (Allocation Failure)
[15028.764s][info][gc,heap        ] GC(32919) PSYoungGen: 83456K(84992K)->1536K(84992K) Eden: 82944K(82944K)->0K(82944K) From: 512K(2048K)->1536K(2048K)
[15028.764s][info][gc,heap        ] GC(32919) ParOldGen: 643881K(644096K)->643929K(644096K)
[15028.764s][info][gc,metaspace   ] GC(32919) Metaspace: 62369K(62592K)->62369K(62592K) NonClass: 53332K(53504K)->53332K(53504K) Class: 9037K(9088K)->9037K(9088K)
[15028.764s][info][gc             ] GC(32919) Pause Young (Allocation Failure) 710M->630M(712M) 4.293ms
[15028.764s][info][gc,cpu         ] GC(32919) User=0.01s Sys=0.00s Real=0.00s
[15029.234s][info][gc,start       ] GC(32920) Pause Young (Allocation Failure)
[15029.238s][info][gc,heap        ] GC(32920) PSYoungGen: 84480K(84992K)->1152K(84992K) Eden: 82944K(82944K)->0K(82944K) From: 1536K(2048K)->1152K(2048K)
[15029.238s][info][gc,heap        ] GC(32920) ParOldGen: 643929K(644096K)->643977K(644096K)
[15029.238s][info][gc,metaspace   ] GC(32920) Metaspace: 62369K(62592K)->62369K(62592K) NonClass: 53332K(53504K)->53332K(53504K) Class: 9037K(9088K)->9037K(9088K)
[15029.238s][info][gc             ] GC(32920) Pause Young (Allocation Failure) 711M->630M(712M) 3.889ms
[15029.238s][info][gc,cpu         ] GC(32920) User=0.00s Sys=0.00s Real=0.00s
[15029.711s][info][gc,start       ] GC(32921) Pause Young (Allocation Failure)
[15029.715s][info][gc,heap        ] GC(32921) PSYoungGen: 84096K(84992K)->960K(84992K) Eden: 82944K(82944K)->0K(82944K) From: 1152K(2048K)->960K(2048K)
[15029.715s][info][gc,heap        ] GC(32921) ParOldGen: 643977K(644096K)->644033K(644096K)
[15029.715s][info][gc,metaspace   ] GC(32921) Metaspace: 62369K(62592K)->62369K(62592K) NonClass: 53332K(53504K)->53332K(53504K) Class: 9037K(9088K)->9037K(9088K)
[15029.715s][info][gc             ] GC(32921) Pause Young (Allocation Failure) 711M->629M(712M) 4.126ms
[15029.715s][info][gc,cpu         ] GC(32921) User=0.00s Sys=0.00s Real=0.01s
[15030.231s][info][gc,start       ] GC(32922) Pause Young (Allocation Failure)
[15030.235s][info][gc,heap        ] GC(32922) PSYoungGen: 83904K(84992K)->1088K(84992K) Eden: 82944K(82944K)->0K(82944K) From: 960K(2048K)->1088K(2048K)
[15030.235s][info][gc,heap        ] GC(32922) ParOldGen: 644033K(644096K)->644081K(644096K)
[15030.235s][info][gc,metaspace   ] GC(32922) Metaspace: 62369K(62592K)->62369K(62592K) NonClass: 53332K(53504K)->53332K(53504K) Class: 9037K(9088K)->9037K(9088K)
[15030.235s][info][gc             ] GC(32922) Pause Young (Allocation Failure) 710M->630M(712M) 4.226ms
[15030.235s][info][gc,cpu         ] GC(32922) User=0.00s Sys=0.00s Real=0.01s
[15030.737s][info][gc,start       ] GC(32923) Pause Young (Allocation Failure)
[15030.741s][info][gc,heap        ] GC(32923) PSYoungGen: 84032K(84992K)->1216K(84992K) Eden: 82944K(82944K)->0K(82944K) From: 1088K(2048K)->1216K(2048K)
[15030.741s][info][gc,heap        ] GC(32923) ParOldGen: 644081K(644096K)->644129K(644608K)
[15030.741s][info][gc,metaspace   ] GC(32923) Metaspace: 62369K(62592K)->62369K(62592K) NonClass: 53332K(53504K)->53332K(53504K) Class: 9037K(9088K)->9037K(9088K)
[15030.741s][info][gc             ] GC(32923) Pause Young (Allocation Failure) 711M->630M(712M) 4.086ms
[15030.742s][info][gc,cpu         ] GC(32923) User=0.01s Sys=0.00s Real=0.00s
[15031.253s][info][gc,start       ] GC(32924) Pause Young (Allocation Failure)
[15031.257s][info][gc,heap        ] GC(32924) PSYoungGen: 84160K(84992K)->1408K(84992K) Eden: 82944K(82944K)->0K(82944K) From: 1216K(2048K)->1408K(2048K)
[15031.257s][info][gc,heap        ] GC(32924) ParOldGen: 644129K(644608K)->644177K(644608K)
[15031.257s][info][gc,metaspace   ] GC(32924) Metaspace: 62369K(62592K)->62369K(62592K) NonClass: 53332K(53504K)->53332K(53504K) Class: 9037K(9088K)->9037K(9088K)
[15031.257s][info][gc             ] GC(32924) Pause Young (Allocation Failure) 711M->630M(712M) 4.220ms
[15031.257s][info][gc,cpu         ] GC(32924) User=0.01s Sys=0.00s Real=0.01s
[15031.753s][info][gc,start       ] GC(32925) Pause Young (Allocation Failure)
[15031.757s][info][gc,heap        ] GC(32925) PSYoungGen: 84352K(84992K)->1408K(84992K) Eden: 82944K(82944K)->0K(82944K) From: 1408K(2048K)->1408K(2048K)
[15031.757s][info][gc,heap        ] GC(32925) ParOldGen: 644177K(644608K)->644233K(644608K)
[15031.757s][info][gc,metaspace   ] GC(32925) Metaspace: 62369K(62592K)->62369K(62592K) NonClass: 53332K(53504K)->53332K(53504K) Class: 9037K(9088K)->9037K(9088K)
[15031.757s][info][gc             ] GC(32925) Pause Young (Allocation Failure) 711M->630M(712M) 4.214ms
[15031.757s][info][gc,cpu         ] GC(32925) User=0.01s Sys=0.00s Real=0.01s
[15032.256s][info][gc,start       ] GC(32926) Pause Young (Allocation Failure)
[15032.260s][info][gc,heap        ] GC(32926) PSYoungGen: 84352K(84992K)->2016K(83968K) Eden: 82944K(82944K)->0K(81920K) From: 1408K(2048K)->2016K(2048K)
[15032.261s][info][gc,heap        ] GC(32926) ParOldGen: 644233K(644608K)->644593K(644608K)
[15032.261s][info][gc,metaspace   ] GC(32926) Metaspace: 62369K(62592K)->62369K(62592K) NonClass: 53332K(53504K)->53332K(53504K) Class: 9037K(9088K)->9037K(9088K)
[15032.261s][info][gc             ] GC(32926) Pause Young (Allocation Failure) 711M->631M(711M) 4.384ms
[15032.261s][info][gc,cpu         ] GC(32926) User=0.01s Sys=0.00s Real=0.00s
[15032.777s][info][gc,start       ] GC(32927) Pause Young (Allocation Failure)
[15032.781s][info][gc,heap        ] GC(32927) PSYoungGen: 83936K(83968K)->384K(84480K) Eden: 81920K(81920K)->0K(81920K) From: 2016K(2048K)->384K(2560K)
[15032.781s][info][gc,heap        ] GC(32927) ParOldGen: 644593K(644608K)->646665K(647680K)
[15032.781s][info][gc,metaspace   ] GC(32927) Metaspace: 62369K(62592K)->62369K(62592K) NonClass: 53332K(53504K)->53332K(53504K) Class: 9037K(9088K)->9037K(9088K)
[15032.781s][info][gc             ] GC(32927) Pause Young (Allocation Failure) 711M->631M(715M) 4.076ms
[15032.781s][info][gc,cpu         ] GC(32927) User=0.00s Sys=0.00s Real=0.00s
[15033.302s][info][gc,start       ] GC(32928) Pause Young (Allocation Failure)
[15033.305s][info][gc,heap        ] GC(32928) PSYoungGen: 82304K(84480K)->704K(84480K) Eden: 81920K(81920K)->0K(81920K) From: 384K(2560K)->704K(2560K)
[15033.305s][info][gc,heap        ] GC(32928) ParOldGen: 646665K(647680K)->646721K(647680K)
[15033.305s][info][gc,metaspace   ] GC(32928) Metaspace: 62369K(62592K)->62369K(62592K) NonClass: 53332K(53504K)->53332K(53504K) Class: 9037K(9088K)->9037K(9088K)
[15033.305s][info][gc             ] GC(32928) Pause Young (Allocation Failure) 711M->632M(715M) 3.266ms
[15033.305s][info][gc,cpu         ] GC(32928) User=0.00s Sys=0.00s Real=0.01s
[15033.758s][info][gc,start       ] GC(32929) Pause Young (Allocation Failure)
[15033.762s][info][gc,heap        ] GC(32929) PSYoungGen: 82624K(84480K)->1632K(84480K) Eden: 81920K(81920K)->0K(81920K) From: 704K(2560K)->1632K(2560K)
[15033.762s][info][gc,heap        ] GC(32929) ParOldGen: 646721K(647680K)->646769K(647680K)
[15033.762s][info][gc,metaspace   ] GC(32929) Metaspace: 62369K(62592K)->62369K(62592K) NonClass: 53332K(53504K)->53332K(53504K) Class: 9037K(9088K)->9037K(9088K)
[15033.762s][info][gc             ] GC(32929) Pause Young (Allocation Failure) 712M->633M(715M) 4.309ms
[15033.762s][info][gc,cpu         ] GC(32929) User=0.01s Sys=0.00s Real=0.00s
[15034.256s][info][gc,start       ] GC(32930) Pause Young (Allocation Failure)
[15034.260s][info][gc,heap        ] GC(32930) PSYoungGen: 83552K(84480K)->1440K(84480K) Eden: 81920K(81920K)->0K(81920K) From: 1632K(2560K)->1440K(2560K)
[15034.260s][info][gc,heap        ] GC(32930) ParOldGen: 646769K(647680K)->646817K(647680K)
[15034.260s][info][gc,metaspace   ] GC(32930) Metaspace: 62369K(62592K)->62369K(62592K) NonClass: 53332K(53504K)->53332K(53504K) Class: 9037K(9088K)->9037K(9088K)
[15034.261s][info][gc             ] GC(32930) Pause Young (Allocation Failure) 713M->633M(715M) 4.154ms
[15034.261s][info][gc,cpu         ] GC(32930) User=0.01s Sys=0.00s Real=0.00s
[15034.768s][info][gc,start       ] GC(32931) Pause Young (Allocation Failure)
[15034.771s][info][gc,heap        ] GC(32931) PSYoungGen: 83360K(84480K)->288K(84480K) Eden: 81920K(81920K)->0K(81920K) From: 1440K(2560K)->288K(2560K)
[15034.771s][info][gc,heap        ] GC(32931) ParOldGen: 646817K(647680K)->646873K(647680K)
[15034.771s][info][gc,metaspace   ] GC(32931) Metaspace: 62369K(62592K)->62369K(62592K) NonClass: 53332K(53504K)->53332K(53504K) Class: 9037K(9088K)->9037K(9088K)
[15034.771s][info][gc             ] GC(32931) Pause Young (Allocation Failure) 713M->631M(715M) 2.854ms
[15034.771s][info][gc,cpu         ] GC(32931) User=0.01s Sys=0.00s Real=0.00s
[15035.345s][info][gc,start       ] GC(32932) Pause Young (Allocation Failure)
[15035.348s][info][gc,heap        ] GC(32932) PSYoungGen: 82208K(84480K)->1280K(84480K) Eden: 81920K(81920K)->0K(81920K) From: 288K(2560K)->1280K(2560K)
[15035.348s][info][gc,heap        ] GC(32932) ParOldGen: 646873K(647680K)->646929K(647680K)
[15035.348s][info][gc,metaspace   ] GC(32932) Metaspace: 62369K(62592K)->62369K(62592K) NonClass: 53332K(53504K)->53332K(53504K) Class: 9037K(9088K)->9037K(9088K)
[15035.349s][info][gc             ] GC(32932) Pause Young (Allocation Failure) 711M->633M(715M) 4.003ms
[15035.349s][info][gc,cpu         ] GC(32932) User=0.00s Sys=0.00s Real=0.00s
[15035.839s][info][gc,start       ] GC(32933) Pause Young (Allocation Failure)
[15035.843s][info][gc,heap        ] GC(32933) PSYoungGen: 83200K(84480K)->1088K(84480K) Eden: 81920K(81920K)->0K(81920K) From: 1280K(2560K)->1088K(2560K)
[15035.843s][info][gc,heap        ] GC(32933) ParOldGen: 646929K(647680K)->647033K(647680K)
[15035.843s][info][gc,metaspace   ] GC(32933) Metaspace: 62369K(62592K)->62369K(62592K) NonClass: 53332K(53504K)->53332K(53504K) Class: 9037K(9088K)->9037K(9088K)
[15035.843s][info][gc             ] GC(32933) Pause Young (Allocation Failure) 713M->632M(715M) 3.957ms
[15035.843s][info][gc,cpu         ] GC(32933) User=0.01s Sys=0.00s Real=0.00s
[15036.366s][info][gc,start       ] GC(32934) Pause Young (Allocation Failure)
[15036.369s][info][gc,heap        ] GC(32934) PSYoungGen: 83008K(84480K)->256K(84480K) Eden: 81920K(81920K)->0K(81920K) From: 1088K(2560K)->256K(2560K)
[15036.369s][info][gc,heap        ] GC(32934) ParOldGen: 647033K(647680K)->647089K(647680K)
[15036.369s][info][gc,metaspace   ] GC(32934) Metaspace: 62369K(62592K)->62369K(62592K) NonClass: 53332K(53504K)->53332K(53504K) Class: 9037K(9088K)->9037K(9088K)
[15036.369s][info][gc             ] GC(32934) Pause Young (Allocation Failure) 712M->632M(715M) 2.753ms
[15036.369s][info][gc,cpu         ] GC(32934) User=0.00s Sys=0.00s Real=0.00s
[15036.834s][info][gc,start       ] GC(32935) Pause Young (Allocation Failure)
[15036.838s][info][gc,heap        ] GC(32935) PSYoungGen: 82176K(84480K)->1152K(84480K) Eden: 81920K(81920K)->0K(81920K) From: 256K(2560K)->1152K(2560K)
[15036.838s][info][gc,heap        ] GC(32935) ParOldGen: 647089K(647680K)->647137K(647680K)
[15036.838s][info][gc,metaspace   ] GC(32935) Metaspace: 62369K(62592K)->62369K(62592K) NonClass: 53332K(53504K)->53332K(53504K) Class: 9037K(9088K)->9037K(9088K)
[15036.838s][info][gc             ] GC(32935) Pause Young (Allocation Failure) 712M->633M(715M) 3.705ms
[15036.838s][info][gc,cpu         ] GC(32935) User=0.01s Sys=0.00s Real=0.01s
[15037.334s][info][gc,start       ] GC(32936) Pause Young (Allocation Failure)
[15037.338s][info][gc,heap        ] GC(32936) PSYoungGen: 83072K(84480K)->2080K(84480K) Eden: 81920K(81920K)->0K(81920K) From: 1152K(2560K)->2080K(2560K)
[15037.338s][info][gc,heap        ] GC(32936) ParOldGen: 647137K(647680K)->647185K(647680K)
[15037.338s][info][gc,metaspace   ] GC(32936) Metaspace: 62369K(62592K)->62369K(62592K) NonClass: 53332K(53504K)->53332K(53504K) Class: 9037K(9088K)->9037K(9088K)
[15037.338s][info][gc             ] GC(32936) Pause Young (Allocation Failure) 713M->634M(715M) 3.813ms
[15037.338s][info][gc,cpu         ] GC(32936) User=0.01s Sys=0.00s Real=0.01s
[15037.812s][info][gc,start       ] GC(32937) Pause Young (Allocation Failure)
[15037.815s][info][gc,heap        ] GC(32937) PSYoungGen: 84000K(84480K)->896K(84480K) Eden: 81920K(81920K)->0K(81920K) From: 2080K(2560K)->896K(2560K)
[15037.815s][info][gc,heap        ] GC(32937) ParOldGen: 647185K(647680K)->648265K(649216K)
[15037.815s][info][gc,metaspace   ] GC(32937) Metaspace: 62369K(62592K)->62369K(62592K) NonClass: 53332K(53504K)->53332K(53504K) Class: 9037K(9088K)->9037K(9088K)
[15037.815s][info][gc             ] GC(32937) Pause Young (Allocation Failure) 714M->633M(716M) 3.892ms
[15037.815s][info][gc,cpu         ] GC(32937) User=0.00s Sys=0.00s Real=0.01s
[15038.284s][info][gc,start       ] GC(32938) Pause Young (Allocation Failure)
[15038.287s][info][gc,heap        ] GC(32938) PSYoungGen: 82816K(84480K)->544K(84480K) Eden: 81920K(81920K)->0K(81920K) From: 896K(2560K)->544K(2560K)
[15038.287s][info][gc,heap        ] GC(32938) ParOldGen: 648265K(649216K)->648313K(649216K)
[15038.287s][info][gc,metaspace   ] GC(32938) Metaspace: 62369K(62592K)->62369K(62592K) NonClass: 53332K(53504K)->53332K(53504K) Class: 9037K(9088K)->9037K(9088K)
[15038.287s][info][gc             ] GC(32938) Pause Young (Allocation Failure) 713M->633M(716M) 3.175ms
[15038.287s][info][gc,cpu         ] GC(32938) User=0.01s Sys=0.00s Real=0.01s
[15038.762s][info][gc,start       ] GC(32939) Pause Young (Allocation Failure)
[15038.765s][info][gc,heap        ] GC(32939) PSYoungGen: 82464K(84480K)->384K(84480K) Eden: 81920K(81920K)->0K(81920K) From: 544K(2560K)->384K(2560K)
[15038.765s][info][gc,heap        ] GC(32939) ParOldGen: 648313K(649216K)->648369K(649216K)
[15038.765s][info][gc,metaspace   ] GC(32939) Metaspace: 62369K(62592K)->62369K(62592K) NonClass: 53332K(53504K)->53332K(53504K) Class: 9037K(9088K)->9037K(9088K)
[15038.765s][info][gc             ] GC(32939) Pause Young (Allocation Failure) 713M->633M(716M) 2.870ms
[15038.765s][info][gc,cpu         ] GC(32939) User=0.00s Sys=0.00s Real=0.01s
[15039.244s][info][gc,start       ] GC(32940) Pause Young (Allocation Failure)
[15039.248s][info][gc,heap        ] GC(32940) PSYoungGen: 82304K(84480K)->1248K(84480K) Eden: 81920K(81920K)->0K(81920K) From: 384K(2560K)->1248K(2560K)
[15039.248s][info][gc,heap        ] GC(32940) ParOldGen: 648369K(649216K)->648633K(649216K)
[15039.248s][info][gc,metaspace   ] GC(32940) Metaspace: 62369K(62592K)->62369K(62592K) NonClass: 53332K(53504K)->53332K(53504K) Class: 9037K(9088K)->9037K(9088K)
[15039.248s][info][gc             ] GC(32940) Pause Young (Allocation Failure) 713M->634M(716M) 4.194ms
[15039.248s][info][gc,cpu         ] GC(32940) User=0.01s Sys=0.00s Real=0.01s
[15039.736s][info][gc,start       ] GC(32941) Pause Young (Allocation Failure)
[15039.740s][info][gc,heap        ] GC(32941) PSYoungGen: 83168K(84480K)->1184K(84480K) Eden: 81920K(81920K)->0K(81920K) From: 1248K(2560K)->1184K(2560K)
[15039.740s][info][gc,heap        ] GC(32941) ParOldGen: 648633K(649216K)->648689K(649216K)
[15039.740s][info][gc,metaspace   ] GC(32941) Metaspace: 62369K(62592K)->62369K(62592K) NonClass: 53332K(53504K)->53332K(53504K) Class: 9037K(9088K)->9037K(9088K)
[15039.740s][info][gc             ] GC(32941) Pause Young (Allocation Failure) 714M->634M(716M) 3.851ms
[15039.740s][info][gc,cpu         ] GC(32941) User=0.00s Sys=0.00s Real=0.00s
[15040.241s][info][gc,start       ] GC(32942) Pause Young (Allocation Failure)
[15040.245s][info][gc,heap        ] GC(32942) PSYoungGen: 83104K(84480K)->1248K(84480K) Eden: 81920K(81920K)->0K(81920K) From: 1184K(2560K)->1248K(2560K)
[15040.245s][info][gc,heap        ] GC(32942) ParOldGen: 648689K(649216K)->648737K(649216K)
[15040.245s][info][gc,metaspace   ] GC(32942) Metaspace: 62369K(62592K)->62369K(62592K) NonClass: 53332K(53504K)->53332K(53504K) Class: 9037K(9088K)->9037K(9088K)
[15040.245s][info][gc             ] GC(32942) Pause Young (Allocation Failure) 714M->634M(716M) 3.948ms
[15040.245s][info][gc,cpu         ] GC(32942) User=0.00s Sys=0.00s Real=0.01s
[15040.745s][info][gc,start       ] GC(32943) Pause Young (Allocation Failure)
[15040.749s][info][gc,heap        ] GC(32943) PSYoungGen: 83168K(84480K)->1248K(84480K) Eden: 81920K(81920K)->0K(81920K) From: 1248K(2560K)->1248K(2560K)
[15040.749s][info][gc,heap        ] GC(32943) ParOldGen: 648737K(649216K)->648785K(649216K)
[15040.749s][info][gc,metaspace   ] GC(32943) Metaspace: 62369K(62592K)->62369K(62592K) NonClass: 53332K(53504K)->53332K(53504K) Class: 9037K(9088K)->9037K(9088K)
[15040.749s][info][gc             ] GC(32943) Pause Young (Allocation Failure) 714M->634M(716M) 3.998ms
[15040.749s][info][gc,cpu         ] GC(32943) User=0.01s Sys=0.00s Real=0.00s
[15041.256s][info][gc,start       ] GC(32944) Pause Young (Allocation Failure)
[15041.260s][info][gc,heap        ] GC(32944) PSYoungGen: 83168K(84480K)->1344K(84480K) Eden: 81920K(81920K)->0K(81920K) From: 1248K(2560K)->1344K(2560K)
[15041.260s][info][gc,heap        ] GC(32944) ParOldGen: 648785K(649216K)->648833K(649216K)
[15041.260s][info][gc,metaspace   ] GC(32944) Metaspace: 62369K(62592K)->62369K(62592K) NonClass: 53332K(53504K)->53332K(53504K) Class: 9037K(9088K)->9037K(9088K)
[15041.260s][info][gc             ] GC(32944) Pause Young (Allocation Failure) 714M->634M(716M) 4.196ms
[15041.260s][info][gc,cpu         ] GC(32944) User=0.01s Sys=0.00s Real=0.00s
[15041.759s][info][gc,start       ] GC(32945) Pause Young (Allocation Failure)
[15041.763s][info][gc,heap        ] GC(32945) PSYoungGen: 83264K(84480K)->1408K(84480K) Eden: 81920K(81920K)->0K(81920K) From: 1344K(2560K)->1408K(2560K)
[15041.763s][info][gc,heap        ] GC(32945) ParOldGen: 648833K(649216K)->648889K(649216K)
[15041.763s][info][gc,metaspace   ] GC(32945) Metaspace: 62369K(62592K)->62369K(62592K) NonClass: 53332K(53504K)->53332K(53504K) Class: 9037K(9088K)->9037K(9088K)
[15041.763s][info][gc             ] GC(32945) Pause Young (Allocation Failure) 714M->635M(716M) 4.205ms
[15041.763s][info][gc,cpu         ] GC(32945) User=0.00s Sys=0.00s Real=0.00s
[15042.229s][info][gc,start       ] GC(32946) Pause Young (Allocation Failure)
[15042.233s][info][gc,heap        ] GC(32946) PSYoungGen: 83328K(84480K)->2208K(84480K) Eden: 81920K(81920K)->0K(81920K) From: 1408K(2560K)->2208K(2560K)
[15042.233s][info][gc,heap        ] GC(32946) ParOldGen: 648889K(649216K)->648937K(649216K)
[15042.233s][info][gc,metaspace   ] GC(32946) Metaspace: 62369K(62592K)->62369K(62592K) NonClass: 53332K(53504K)->53332K(53504K) Class: 9037K(9088K)->9037K(9088K)
[15042.233s][info][gc             ] GC(32946) Pause Young (Allocation Failure) 715M->635M(716M) 4.094ms
[15042.233s][info][gc,cpu         ] GC(32946) User=0.01s Sys=0.00s Real=0.00s
[15042.723s][info][gc,start       ] GC(32947) Pause Young (Allocation Failure)
[15042.727s][info][gc,heap        ] GC(32947) PSYoungGen: 84128K(84480K)->992K(84480K) Eden: 81920K(81920K)->0K(81920K) From: 2208K(2560K)->992K(2560K)
[15042.727s][info][gc,heap        ] GC(32947) ParOldGen: 648937K(649216K)->650017K(650752K)
[15042.727s][info][gc,metaspace   ] GC(32947) Metaspace: 62369K(62592K)->62369K(62592K) NonClass: 53332K(53504K)->53332K(53504K) Class: 9037K(9088K)->9037K(9088K)
[15042.727s][info][gc             ] GC(32947) Pause Young (Allocation Failure) 715M->635M(718M) 4.006ms
[15042.727s][info][gc,cpu         ] GC(32947) User=0.01s Sys=0.00s Real=0.01s
[15043.240s][info][gc,start       ] GC(32948) Pause Young (Allocation Failure)
[15043.243s][info][gc,heap        ] GC(32948) PSYoungGen: 82912K(84480K)->1088K(84480K) Eden: 81920K(81920K)->0K(81920K) From: 992K(2560K)->1088K(2560K)
[15043.243s][info][gc,heap        ] GC(32948) ParOldGen: 650017K(650752K)->650073K(650752K)
[15043.243s][info][gc,metaspace   ] GC(32948) Metaspace: 62369K(62592K)->62369K(62592K) NonClass: 53332K(53504K)->53332K(53504K) Class: 9037K(9088K)->9037K(9088K)
[15043.243s][info][gc             ] GC(32948) Pause Young (Allocation Failure) 715M->635M(718M) 3.882ms
[15043.244s][info][gc,cpu         ] GC(32948) User=0.01s Sys=0.00s Real=0.00s
[15043.756s][info][gc,start       ] GC(32949) Pause Young (Allocation Failure)
[15043.761s][info][gc,heap        ] GC(32949) PSYoungGen: 83008K(84480K)->1552K(84480K) Eden: 81920K(81920K)->0K(81920K) From: 1088K(2560K)->1552K(2560K)
[15043.761s][info][gc,heap        ] GC(32949) ParOldGen: 650073K(650752K)->650121K(650752K)
[15043.761s][info][gc,metaspace   ] GC(32949) Metaspace: 62369K(62592K)->62369K(62592K) NonClass: 53332K(53504K)->53332K(53504K) Class: 9037K(9088K)->9037K(9088K)
[15043.761s][info][gc             ] GC(32949) Pause Young (Allocation Failure) 715M->636M(718M) 4.277ms
[15043.761s][info][gc,cpu         ] GC(32949) User=0.01s Sys=0.00s Real=0.00s
[15044.245s][info][gc,start       ] GC(32950) Pause Young (Allocation Failure)
[15044.248s][info][gc,heap        ] GC(32950) PSYoungGen: 83472K(84480K)->1248K(84480K) Eden: 81920K(81920K)->0K(81920K) From: 1552K(2560K)->1248K(2560K)
[15044.248s][info][gc,heap        ] GC(32950) ParOldGen: 650121K(650752K)->650217K(650752K)
[15044.248s][info][gc,metaspace   ] GC(32950) Metaspace: 62369K(62592K)->62369K(62592K) NonClass: 53332K(53504K)->53332K(53504K) Class: 9037K(9088K)->9037K(9088K)
[15044.248s][info][gc             ] GC(32950) Pause Young (Allocation Failure) 716M->636M(718M) 3.965ms
[15044.249s][info][gc,cpu         ] GC(32950) User=0.00s Sys=0.00s Real=0.00s
[15044.775s][info][gc,start       ] GC(32951) Pause Young (Allocation Failure)
[15044.779s][info][gc,heap        ] GC(32951) PSYoungGen: 83168K(84480K)->320K(84480K) Eden: 81920K(81920K)->0K(81920K) From: 1248K(2560K)->320K(2560K)
[15044.779s][info][gc,heap        ] GC(32951) ParOldGen: 650217K(650752K)->650265K(650752K)
[15044.779s][info][gc,metaspace   ] GC(32951) Metaspace: 62369K(62592K)->62369K(62592K) NonClass: 53332K(53504K)->53332K(53504K) Class: 9037K(9088K)->9037K(9088K)
[15044.779s][info][gc             ] GC(32951) Pause Young (Allocation Failure) 716M->635M(718M) 3.450ms
[15044.779s][info][gc,cpu         ] GC(32951) User=0.01s Sys=0.00s Real=0.00s
[15045.266s][info][gc,start       ] GC(32952) Pause Young (Allocation Failure)
[15045.268s][info][gc,heap        ] GC(32952) PSYoungGen: 82240K(84480K)->256K(84480K) Eden: 81920K(81920K)->0K(81920K) From: 320K(2560K)->256K(2560K)
[15045.268s][info][gc,heap        ] GC(32952) ParOldGen: 650265K(650752K)->650313K(650752K)
[15045.268s][info][gc,metaspace   ] GC(32952) Metaspace: 62369K(62592K)->62369K(62592K) NonClass: 53332K(53504K)->53332K(53504K) Class: 9037K(9088K)->9037K(9088K)
[15045.268s][info][gc             ] GC(32952) Pause Young (Allocation Failure) 715M->635M(718M) 2.820ms
[15045.268s][info][gc,cpu         ] GC(32952) User=0.00s Sys=0.00s Real=0.00s
[15045.727s][info][gc,start       ] GC(32953) Pause Young (Allocation Failure)
[15045.731s][info][gc,heap        ] GC(32953) PSYoungGen: 82176K(84480K)->992K(84480K) Eden: 81920K(81920K)->0K(81920K) From: 256K(2560K)->992K(2560K)
[15045.731s][info][gc,heap        ] GC(32953) ParOldGen: 650313K(650752K)->650361K(650752K)
[15045.731s][info][gc,metaspace   ] GC(32953) Metaspace: 62369K(62592K)->62369K(62592K) NonClass: 53332K(53504K)->53332K(53504K) Class: 9037K(9088K)->9037K(9088K)
[15045.731s][info][gc             ] GC(32953) Pause Young (Allocation Failure) 715M->636M(718M) 3.717ms
[15045.731s][info][gc,cpu         ] GC(32953) User=0.00s Sys=0.00s Real=0.00s
[15046.191s][info][gc,start       ] GC(32954) Pause Young (Allocation Failure)
[15046.194s][info][gc,heap        ] GC(32954) PSYoungGen: 82912K(84480K)->672K(84480K) Eden: 81920K(81920K)->0K(81920K) From: 992K(2560K)->672K(2560K)
[15046.194s][info][gc,heap        ] GC(32954) ParOldGen: 650361K(650752K)->650409K(650752K)
[15046.194s][info][gc,metaspace   ] GC(32954) Metaspace: 62369K(62592K)->62369K(62592K) NonClass: 53332K(53504K)->53332K(53504K) Class: 9037K(9088K)->9037K(9088K)
[15046.194s][info][gc             ] GC(32954) Pause Young (Allocation Failure) 716M->635M(718M) 3.106ms
[15046.194s][info][gc,cpu         ] GC(32954) User=0.01s Sys=0.00s Real=0.00s
[15046.665s][info][gc,start       ] GC(32955) Pause Young (Allocation Failure)
[15046.668s][info][gc,heap        ] GC(32955) PSYoungGen: 82592K(84480K)->256K(84480K) Eden: 81920K(81920K)->0K(81920K) From: 672K(2560K)->256K(2560K)
[15046.668s][info][gc,heap        ] GC(32955) ParOldGen: 650409K(650752K)->650465K(650752K)
[15046.668s][info][gc,metaspace   ] GC(32955) Metaspace: 62369K(62592K)->62369K(62592K) NonClass: 53332K(53504K)->53332K(53504K) Class: 9037K(9088K)->9037K(9088K)
[15046.668s][info][gc             ] GC(32955) Pause Young (Allocation Failure) 715M->635M(718M) 2.879ms
[15046.668s][info][gc,cpu         ] GC(32955) User=0.00s Sys=0.00s Real=0.00s
[15047.160s][info][gc,start       ] GC(32956) Pause Young (Allocation Failure)
[15047.164s][info][gc,heap        ] GC(32956) PSYoungGen: 82176K(84480K)->1536K(84480K) Eden: 81920K(81920K)->0K(81920K) From: 256K(2560K)->1536K(2560K)
[15047.164s][info][gc,heap        ] GC(32956) ParOldGen: 650465K(650752K)->650513K(650752K)
[15047.164s][info][gc,metaspace   ] GC(32956) Metaspace: 62369K(62592K)->62369K(62592K) NonClass: 53332K(53504K)->53332K(53504K) Class: 9037K(9088K)->9037K(9088K)
[15047.164s][info][gc             ] GC(32956) Pause Young (Allocation Failure) 715M->636M(718M) 4.422ms
[15047.164s][info][gc,cpu         ] GC(32956) User=0.01s Sys=0.00s Real=0.00s
[15047.636s][info][gc,start       ] GC(32957) Pause Young (Allocation Failure)
[15047.640s][info][gc,heap        ] GC(32957) PSYoungGen: 83456K(84480K)->2272K(84480K) Eden: 81920K(81920K)->0K(81920K) From: 1536K(2560K)->2272K(2560K)
[15047.640s][info][gc,heap        ] GC(32957) ParOldGen: 650513K(650752K)->650569K(650752K)
[15047.640s][info][gc,metaspace   ] GC(32957) Metaspace: 62369K(62592K)->62369K(62592K) NonClass: 53332K(53504K)->53332K(53504K) Class: 9037K(9088K)->9037K(9088K)
[15047.640s][info][gc             ] GC(32957) Pause Young (Allocation Failure) 716M->637M(718M) 4.438ms
[15047.640s][info][gc,cpu         ] GC(32957) User=0.00s Sys=0.00s Real=0.00s
[15048.124s][info][gc,start       ] GC(32958) Pause Young (Allocation Failure)
[15048.128s][info][gc,heap        ] GC(32958) PSYoungGen: 84192K(84480K)->1056K(84480K) Eden: 81920K(81920K)->0K(81920K) From: 2272K(2560K)->1056K(2560K)
[15048.128s][info][gc,heap        ] GC(32958) ParOldGen: 650569K(650752K)->651641K(652288K)
[15048.128s][info][gc,metaspace   ] GC(32958) Metaspace: 62369K(62592K)->62369K(62592K) NonClass: 53332K(53504K)->53332K(53504K) Class: 9037K(9088K)->9037K(9088K)
[15048.128s][info][gc             ] GC(32958) Pause Young (Allocation Failure) 717M->637M(719M) 4.163ms
[15048.128s][info][gc,cpu         ] GC(32958) User=0.01s Sys=0.00s Real=0.01s
[15048.642s][info][gc,start       ] GC(32959) Pause Young (Allocation Failure)
[15048.646s][info][gc,heap        ] GC(32959) PSYoungGen: 82976K(84480K)->1184K(84480K) Eden: 81920K(81920K)->0K(81920K) From: 1056K(2560K)->1184K(2560K)
[15048.646s][info][gc,heap        ] GC(32959) ParOldGen: 651641K(652288K)->651689K(652288K)
[15048.646s][info][gc,metaspace   ] GC(32959) Metaspace: 62369K(62592K)->62369K(62592K) NonClass: 53332K(53504K)->53332K(53504K) Class: 9037K(9088K)->9037K(9088K)
[15048.646s][info][gc             ] GC(32959) Pause Young (Allocation Failure) 717M->637M(719M) 4.001ms
[15048.646s][info][gc,cpu         ] GC(32959) User=0.01s Sys=0.00s Real=0.01s
[15049.153s][info][gc,start       ] GC(32960) Pause Young (Allocation Failure)
[15049.157s][info][gc,heap        ] GC(32960) PSYoungGen: 83104K(84480K)->1376K(84480K) Eden: 81920K(81920K)->0K(81920K) From: 1184K(2560K)->1376K(2560K)
[15049.157s][info][gc,heap        ] GC(32960) ParOldGen: 651689K(652288K)->651737K(652288K)
[15049.157s][info][gc,metaspace   ] GC(32960) Metaspace: 62369K(62592K)->62369K(62592K) NonClass: 53332K(53504K)->53332K(53504K) Class: 9037K(9088K)->9037K(9088K)
[15049.157s][info][gc             ] GC(32960) Pause Young (Allocation Failure) 717M->637M(719M) 4.136ms
[15049.157s][info][gc,cpu         ] GC(32960) User=0.01s Sys=0.00s Real=0.01s
[15049.643s][info][gc,start       ] GC(32961) Pause Young (Allocation Failure)
[15049.647s][info][gc,heap        ] GC(32961) PSYoungGen: 83296K(84480K)->1248K(84480K) Eden: 81920K(81920K)->0K(81920K) From: 1376K(2560K)->1248K(2560K)
[15049.647s][info][gc,heap        ] GC(32961) ParOldGen: 651737K(652288K)->651785K(652288K)
[15049.647s][info][gc,metaspace   ] GC(32961) Metaspace: 62369K(62592K)->62369K(62592K) NonClass: 53332K(53504K)->53332K(53504K) Class: 9037K(9088K)->9037K(9088K)
[15049.647s][info][gc             ] GC(32961) Pause Young (Allocation Failure) 717M->637M(719M) 3.993ms
[15049.647s][info][gc,cpu         ] GC(32961) User=0.01s Sys=0.00s Real=0.01s
[15050.134s][info][gc,start       ] GC(32962) Pause Young (Allocation Failure)
[15050.138s][info][gc,heap        ] GC(32962) PSYoungGen: 83168K(84480K)->1216K(84480K) Eden: 81920K(81920K)->0K(81920K) From: 1248K(2560K)->1216K(2560K)
[15050.138s][info][gc,heap        ] GC(32962) ParOldGen: 651785K(652288K)->651833K(652288K)
[15050.138s][info][gc,metaspace   ] GC(32962) Metaspace: 62369K(62592K)->62369K(62592K) NonClass: 53332K(53504K)->53332K(53504K) Class: 9037K(9088K)->9037K(9088K)
[15050.138s][info][gc             ] GC(32962) Pause Young (Allocation Failure) 717M->637M(719M) 4.016ms
[15050.138s][info][gc,cpu         ] GC(32962) User=0.01s Sys=0.00s Real=0.01s
[15050.584s][info][gc,start       ] GC(32963) Pause Young (Allocation Failure)
[15050.587s][info][gc,heap        ] GC(32963) PSYoungGen: 83136K(84480K)->480K(84480K) Eden: 81920K(81920K)->0K(81920K) From: 1216K(2560K)->480K(2560K)
[15050.587s][info][gc,heap        ] GC(32963) ParOldGen: 651833K(652288K)->651881K(652288K)
[15050.587s][info][gc,metaspace   ] GC(32963) Metaspace: 62369K(62592K)->62369K(62592K) NonClass: 53332K(53504K)->53332K(53504K) Class: 9037K(9088K)->9037K(9088K)
[15050.587s][info][gc             ] GC(32963) Pause Young (Allocation Failure) 717M->637M(719M) 3.055ms
[15050.587s][info][gc,cpu         ] GC(32963) User=0.01s Sys=0.00s Real=0.01s
[15051.052s][info][gc,start       ] GC(32964) Pause Young (Allocation Failure)
[15051.056s][info][gc,heap        ] GC(32964) PSYoungGen: 82400K(84480K)->1504K(84480K) Eden: 81920K(81920K)->0K(81920K) From: 480K(2560K)->1504K(2560K)
[15051.056s][info][gc,heap        ] GC(32964) ParOldGen: 651881K(652288K)->651937K(652288K)
[15051.056s][info][gc,metaspace   ] GC(32964) Metaspace: 62369K(62592K)->62369K(62592K) NonClass: 53332K(53504K)->53332K(53504K) Class: 9037K(9088K)->9037K(9088K)
[15051.056s][info][gc             ] GC(32964) Pause Young (Allocation Failure) 717M->638M(719M) 4.322ms
[15051.056s][info][gc,cpu         ] GC(32964) User=0.01s Sys=0.00s Real=0.01s
[15051.558s][info][gc,start       ] GC(32965) Pause Young (Allocation Failure)
[15051.563s][info][gc,heap        ] GC(32965) PSYoungGen: 83424K(84480K)->1456K(84480K) Eden: 81920K(81920K)->0K(81920K) From: 1504K(2560K)->1456K(2560K)
[15051.563s][info][gc,heap        ] GC(32965) ParOldGen: 651937K(652288K)->651985K(652288K)
[15051.563s][info][gc,metaspace   ] GC(32965) Metaspace: 62369K(62592K)->62369K(62592K) NonClass: 53332K(53504K)->53332K(53504K) Class: 9037K(9088K)->9037K(9088K)
[15051.563s][info][gc             ] GC(32965) Pause Young (Allocation Failure) 718M->638M(719M) 4.317ms
[15051.563s][info][gc,cpu         ] GC(32965) User=0.01s Sys=0.01s Real=0.00s
[15052.104s][info][gc,start       ] GC(32966) Pause Young (Allocation Failure)
[15052.109s][info][gc,heap        ] GC(32966) PSYoungGen: 83376K(84480K)->672K(84480K) Eden: 81920K(81920K)->0K(81920K) From: 1456K(2560K)->672K(2560K)
[15052.109s][info][gc,heap        ] GC(32966) ParOldGen: 651985K(652288K)->652081K(652288K)
[15052.109s][info][gc,metaspace   ] GC(32966) Metaspace: 62369K(62592K)->62369K(62592K) NonClass: 53332K(53504K)->53332K(53504K) Class: 9037K(9088K)->9037K(9088K)
[15052.109s][info][gc             ] GC(32966) Pause Young (Allocation Failure) 718M->637M(719M) 4.474ms
[15052.109s][info][gc,cpu         ] GC(32966) User=0.00s Sys=0.00s Real=0.01s
[15052.588s][info][gc,start       ] GC(32967) Pause Young (Allocation Failure)
[15052.591s][info][gc,heap        ] GC(32967) PSYoungGen: 82592K(84480K)->2528K(84480K) Eden: 81920K(81920K)->0K(81920K) From: 672K(2560K)->2528K(2560K)
[15052.591s][info][gc,heap        ] GC(32967) ParOldGen: 652081K(652288K)->652201K(652288K)
[15052.591s][info][gc,metaspace   ] GC(32967) Metaspace: 62369K(62592K)->62369K(62592K) NonClass: 53332K(53504K)->53332K(53504K) Class: 9037K(9088K)->9037K(9088K)
[15052.591s][info][gc             ] GC(32967) Pause Young (Allocation Failure) 717M->639M(719M) 3.393ms
[15052.591s][info][gc,cpu         ] GC(32967) User=0.00s Sys=0.00s Real=0.00s
[15053.075s][info][gc,start       ] GC(32968) Pause Young (Allocation Failure)
[15053.079s][info][gc,heap        ] GC(32968) PSYoungGen: 84448K(84480K)->416K(83456K) Eden: 81920K(81920K)->0K(80896K) From: 2528K(2560K)->416K(2560K)
[15053.079s][info][gc,heap        ] GC(32968) ParOldGen: 652201K(652288K)->655305K(655360K)
[15053.079s][info][gc,metaspace   ] GC(32968) Metaspace: 62369K(62592K)->62369K(62592K) NonClass: 53332K(53504K)->53332K(53504K) Class: 9037K(9088K)->9037K(9088K)
[15053.079s][info][gc             ] GC(32968) Pause Young (Allocation Failure) 719M->640M(721M) 4.496ms
[15053.079s][info][gc,cpu         ] GC(32968) User=0.01s Sys=0.00s Real=0.00s
[15053.565s][info][gc,start       ] GC(32969) Pause Young (Allocation Failure)
[15053.569s][info][gc,heap        ] GC(32969) PSYoungGen: 81312K(83456K)->224K(83968K) Eden: 80896K(80896K)->0K(80896K) From: 416K(2560K)->224K(3072K)
[15053.569s][info][gc,heap        ] GC(32969) ParOldGen: 655305K(655360K)->655353K(655360K)
[15053.569s][info][gc,metaspace   ] GC(32969) Metaspace: 62369K(62592K)->62369K(62592K) NonClass: 53332K(53504K)->53332K(53504K) Class: 9037K(9088K)->9037K(9088K)
[15053.569s][info][gc             ] GC(32969) Pause Young (Allocation Failure) 719M->640M(722M) 3.470ms
[15053.569s][info][gc,cpu         ] GC(32969) User=0.01s Sys=0.00s Real=0.00s
[15054.045s][info][gc,start       ] GC(32970) Pause Young (Allocation Failure)
[15054.049s][info][gc,heap        ] GC(32970) PSYoungGen: 81120K(83968K)->1312K(83968K) Eden: 80896K(80896K)->0K(80896K) From: 224K(3072K)->1312K(3072K)
[15054.049s][info][gc,heap        ] GC(32970) ParOldGen: 655353K(655360K)->655401K(655872K)
[15054.049s][info][gc,metaspace   ] GC(32970) Metaspace: 62369K(62592K)->62369K(62592K) NonClass: 53332K(53504K)->53332K(53504K) Class: 9037K(9088K)->9037K(9088K)
[15054.049s][info][gc             ] GC(32970) Pause Young (Allocation Failure) 719M->641M(722M) 4.095ms
[15054.049s][info][gc,cpu         ] GC(32970) User=0.00s Sys=0.00s Real=0.00s
[15054.513s][info][gc,start       ] GC(32971) Pause Young (Allocation Failure)
[15054.516s][info][gc,heap        ] GC(32971) PSYoungGen: 82208K(83968K)->896K(83968K) Eden: 80896K(80896K)->0K(80896K) From: 1312K(3072K)->896K(3072K)
[15054.516s][info][gc,heap        ] GC(32971) ParOldGen: 655401K(655872K)->655457K(655872K)
[15054.516s][info][gc,metaspace   ] GC(32971) Metaspace: 62369K(62592K)->62369K(62592K) NonClass: 53332K(53504K)->53332K(53504K) Class: 9037K(9088K)->9037K(9088K)
[15054.516s][info][gc             ] GC(32971) Pause Young (Allocation Failure) 720M->640M(722M) 3.589ms
[15054.516s][info][gc,cpu         ] GC(32971) User=0.00s Sys=0.00s Real=0.01s
[15054.986s][info][gc,start       ] GC(32972) Pause Young (Allocation Failure)
[15054.989s][info][gc,heap        ] GC(32972) PSYoungGen: 81792K(83968K)->544K(84480K) Eden: 80896K(80896K)->0K(81920K) From: 896K(3072K)->544K(2560K)
[15054.989s][info][gc,heap        ] GC(32972) ParOldGen: 655457K(655872K)->655513K(655872K)
[15054.989s][info][gc,metaspace   ] GC(32972) Metaspace: 62369K(62592K)->62369K(62592K) NonClass: 53332K(53504K)->53332K(53504K) Class: 9037K(9088K)->9037K(9088K)
[15054.989s][info][gc             ] GC(32972) Pause Young (Allocation Failure) 719M->640M(723M) 2.947ms
[15054.989s][info][gc,cpu         ] GC(32972) User=0.01s Sys=0.00s Real=0.00s
[15055.505s][info][gc,start       ] GC(32973) Pause Young (Allocation Failure)
[15055.509s][info][gc,heap        ] GC(32973) PSYoungGen: 82464K(84480K)->768K(84480K) Eden: 81920K(81920K)->0K(81920K) From: 544K(2560K)->768K(2560K)
[15055.509s][info][gc,heap        ] GC(32973) ParOldGen: 655513K(655872K)->655561K(655872K)
[15055.509s][info][gc,metaspace   ] GC(32973) Metaspace: 62369K(62592K)->62369K(62592K) NonClass: 53332K(53504K)->53332K(53504K) Class: 9037K(9088K)->9037K(9088K)
[15055.509s][info][gc             ] GC(32973) Pause Young (Allocation Failure) 720M->640M(723M) 3.286ms
[15055.509s][info][gc,cpu         ] GC(32973) User=0.01s Sys=0.00s Real=0.00s
[15056.032s][info][gc,start       ] GC(32974) Pause Young (Allocation Failure)
[15056.036s][info][gc,heap        ] GC(32974) PSYoungGen: 82688K(84480K)->1184K(84480K) Eden: 81920K(81920K)->0K(81920K) From: 768K(2560K)->1184K(2560K)
[15056.036s][info][gc,heap        ] GC(32974) ParOldGen: 655561K(655872K)->655609K(655872K)
[15056.036s][info][gc,metaspace   ] GC(32974) Metaspace: 62369K(62592K)->62369K(62592K) NonClass: 53332K(53504K)->53332K(53504K) Class: 9037K(9088K)->9037K(9088K)
[15056.036s][info][gc             ] GC(32974) Pause Young (Allocation Failure) 720M->641M(723M) 3.953ms
[15056.036s][info][gc,cpu         ] GC(32974) User=0.01s Sys=0.00s Real=0.01s
[15056.485s][info][gc,start       ] GC(32975) Pause Young (Allocation Failure)
[15056.488s][info][gc,heap        ] GC(32975) PSYoungGen: 83104K(84480K)->576K(84480K) Eden: 81920K(81920K)->0K(81920K) From: 1184K(2560K)->576K(2560K)
[15056.488s][info][gc,heap        ] GC(32975) ParOldGen: 655609K(655872K)->655665K(655872K)
[15056.488s][info][gc,metaspace   ] GC(32975) Metaspace: 62369K(62592K)->62369K(62592K) NonClass: 53332K(53504K)->53332K(53504K) Class: 9037K(9088K)->9037K(9088K)
[15056.488s][info][gc             ] GC(32975) Pause Young (Allocation Failure) 721M->640M(723M) 3.015ms
[15056.488s][info][gc,cpu         ] GC(32975) User=0.00s Sys=0.00s Real=0.00s
[15056.958s][info][gc,start       ] GC(32976) Pause Young (Allocation Failure)
[15056.963s][info][gc,heap        ] GC(32976) PSYoungGen: 82496K(84480K)->1376K(84480K) Eden: 81920K(81920K)->0K(81920K) From: 576K(2560K)->1376K(2560K)
[15056.963s][info][gc,heap        ] GC(32976) ParOldGen: 655665K(655872K)->655713K(655872K)
[15056.963s][info][gc,metaspace   ] GC(32976) Metaspace: 62369K(62592K)->62369K(62592K) NonClass: 53332K(53504K)->53332K(53504K) Class: 9037K(9088K)->9037K(9088K)
[15056.963s][info][gc             ] GC(32976) Pause Young (Allocation Failure) 720M->641M(723M) 4.502ms
[15056.963s][info][gc,cpu         ] GC(32976) User=0.01s Sys=0.00s Real=0.00s
[15057.461s][info][gc,start       ] GC(32977) Pause Young (Allocation Failure)
[15057.465s][info][gc,heap        ] GC(32977) PSYoungGen: 83296K(84480K)->1408K(84480K) Eden: 81920K(81920K)->0K(81920K) From: 1376K(2560K)->1408K(2560K)
[15057.465s][info][gc,heap        ] GC(32977) ParOldGen: 655713K(655872K)->655761K(655872K)
[15057.465s][info][gc,metaspace   ] GC(32977) Metaspace: 62369K(62592K)->62369K(62592K) NonClass: 53332K(53504K)->53332K(53504K) Class: 9037K(9088K)->9037K(9088K)
[15057.465s][info][gc             ] GC(32977) Pause Young (Allocation Failure) 721M->641M(723M) 4.208ms
[15057.465s][info][gc,cpu         ] GC(32977) User=0.01s Sys=0.00s Real=0.01s
[15057.998s][info][gc,start       ] GC(32978) Pause Young (Allocation Failure)
[15058.001s][info][gc,heap        ] GC(32978) PSYoungGen: 83328K(84480K)->704K(84480K) Eden: 81920K(81920K)->0K(81920K) From: 1408K(2560K)->704K(2560K)
[15058.001s][info][gc,heap        ] GC(32978) ParOldGen: 655761K(655872K)->655809K(655872K)
[15058.001s][info][gc,metaspace   ] GC(32978) Metaspace: 62369K(62592K)->62369K(62592K) NonClass: 53332K(53504K)->53332K(53504K) Class: 9037K(9088K)->9037K(9088K)
[15058.001s][info][gc             ] GC(32978) Pause Young (Allocation Failure) 721M->641M(723M) 3.252ms
[15058.001s][info][gc,cpu         ] GC(32978) User=0.01s Sys=0.00s Real=0.00s
[15058.445s][info][gc,start       ] GC(32979) Pause Young (Allocation Failure)
[15058.449s][info][gc,heap        ] GC(32979) PSYoungGen: 82624K(84480K)->1408K(84480K) Eden: 81920K(81920K)->0K(81920K) From: 704K(2560K)->1408K(2560K)
[15058.449s][info][gc,heap        ] GC(32979) ParOldGen: 655809K(655872K)->655857K(655872K)
[15058.449s][info][gc,metaspace   ] GC(32979) Metaspace: 62369K(62592K)->62369K(62592K) NonClass: 53332K(53504K)->53332K(53504K) Class: 9037K(9088K)->9037K(9088K)
[15058.450s][info][gc             ] GC(32979) Pause Young (Allocation Failure) 721M->641M(723M) 4.159ms
[15058.450s][info][gc,cpu         ] GC(32979) User=0.01s Sys=0.00s Real=0.00s
[15058.846s][info][gc,start       ] GC(32980) Pause Young (Allocation Failure)
[15058.851s][info][gc,heap        ] GC(32980) PSYoungGen: 83328K(84480K)->1600K(84480K) Eden: 81920K(81920K)->0K(81920K) From: 1408K(2560K)->1600K(2560K)
[15058.851s][info][gc,heap        ] GC(32980) ParOldGen: 655857K(655872K)->655905K(656384K)
[15058.851s][info][gc,metaspace   ] GC(32980) Metaspace: 62369K(62592K)->62369K(62592K) NonClass: 53332K(53504K)->53332K(53504K) Class: 9037K(9088K)->9037K(9088K)
[15058.851s][info][gc             ] GC(32980) Pause Young (Allocation Failure) 721M->642M(723M) 4.459ms
[15058.851s][info][gc,cpu         ] GC(32980) User=0.01s Sys=0.00s Real=0.00s
[15059.250s][info][gc,start       ] GC(32981) Pause Young (Allocation Failure)
[15059.254s][info][gc,heap        ] GC(32981) PSYoungGen: 83520K(84480K)->1600K(84480K) Eden: 81920K(81920K)->0K(81920K) From: 1600K(2560K)->1600K(2560K)
[15059.254s][info][gc,heap        ] GC(32981) ParOldGen: 655905K(656384K)->655953K(656384K)
[15059.254s][info][gc,metaspace   ] GC(32981) Metaspace: 62369K(62592K)->62369K(62592K) NonClass: 53332K(53504K)->53332K(53504K) Class: 9037K(9088K)->9037K(9088K)
[15059.254s][info][gc             ] GC(32981) Pause Young (Allocation Failure) 722M->642M(723M) 4.415ms
[15059.254s][info][gc,cpu         ] GC(32981) User=0.01s Sys=0.00s Real=0.01s
[15059.760s][info][gc,start       ] GC(32982) Pause Young (Allocation Failure)
[15059.764s][info][gc,heap        ] GC(32982) PSYoungGen: 83520K(84480K)->1536K(84480K) Eden: 81920K(81920K)->0K(81920K) From: 1600K(2560K)->1536K(2560K)
[15059.765s][info][gc,heap        ] GC(32982) ParOldGen: 655953K(656384K)->656009K(656384K)
[15059.765s][info][gc,metaspace   ] GC(32982) Metaspace: 62369K(62592K)->62369K(62592K) NonClass: 53332K(53504K)->53332K(53504K) Class: 9037K(9088K)->9037K(9088K)
[15059.765s][info][gc             ] GC(32982) Pause Young (Allocation Failure) 722M->642M(723M) 4.361ms
[15059.765s][info][gc,cpu         ] GC(32982) User=0.01s Sys=0.00s Real=0.01s
[15060.243s][info][gc,start       ] GC(32983) Pause Young (Allocation Failure)
[15060.247s][info][gc,heap        ] GC(32983) PSYoungGen: 83456K(84480K)->1248K(84480K) Eden: 81920K(81920K)->0K(81920K) From: 1536K(2560K)->1248K(2560K)
[15060.247s][info][gc,heap        ] GC(32983) ParOldGen: 656009K(656384K)->656105K(656384K)
[15060.247s][info][gc,metaspace   ] GC(32983) Metaspace: 62369K(62592K)->62369K(62592K) NonClass: 53332K(53504K)->53332K(53504K) Class: 9037K(9088K)->9037K(9088K)
[15060.247s][info][gc             ] GC(32983) Pause Young (Allocation Failure) 722M->641M(723M) 4.007ms
[15060.247s][info][gc,cpu         ] GC(32983) User=0.01s Sys=0.01s Real=0.01s
[15060.736s][info][gc,start       ] GC(32984) Pause Young (Allocation Failure)
[15060.740s][info][gc,heap        ] GC(32984) PSYoungGen: 83168K(84480K)->992K(84480K) Eden: 81920K(81920K)->0K(81920K) From: 1248K(2560K)->992K(2560K)
[15060.740s][info][gc,heap        ] GC(32984) ParOldGen: 656105K(656384K)->656153K(656384K)
[15060.740s][info][gc,metaspace   ] GC(32984) Metaspace: 62369K(62592K)->62369K(62592K) NonClass: 53332K(53504K)->53332K(53504K) Class: 9037K(9088K)->9037K(9088K)
[15060.740s][info][gc             ] GC(32984) Pause Young (Allocation Failure) 721M->641M(723M) 3.972ms
[15060.740s][info][gc,cpu         ] GC(32984) User=0.00s Sys=0.00s Real=0.00s
[15061.298s][info][gc,start       ] GC(32985) Pause Young (Allocation Failure)
[15061.301s][info][gc,heap        ] GC(32985) PSYoungGen: 82912K(84480K)->704K(84480K) Eden: 81920K(81920K)->0K(81920K) From: 992K(2560K)->704K(2560K)
[15061.301s][info][gc,heap        ] GC(32985) ParOldGen: 656153K(656384K)->656209K(656384K)
[15061.301s][info][gc,metaspace   ] GC(32985) Metaspace: 62369K(62592K)->62369K(62592K) NonClass: 53332K(53504K)->53332K(53504K) Class: 9037K(9088K)->9037K(9088K)
[15061.301s][info][gc             ] GC(32985) Pause Young (Allocation Failure) 721M->641M(723M) 3.218ms
[15061.301s][info][gc,cpu         ] GC(32985) User=0.01s Sys=0.00s Real=0.00s
[15061.813s][info][gc,start       ] GC(32986) Pause Young (Allocation Failure)
[15061.816s][info][gc,heap        ] GC(32986) PSYoungGen: 82624K(84480K)->832K(84480K) Eden: 81920K(81920K)->0K(81920K) From: 704K(2560K)->832K(2560K)
[15061.817s][info][gc,heap        ] GC(32986) ParOldGen: 656209K(656384K)->656265K(656384K)
[15061.817s][info][gc,metaspace   ] GC(32986) Metaspace: 62369K(62592K)->62369K(62592K) NonClass: 53332K(53504K)->53332K(53504K) Class: 9037K(9088K)->9037K(9088K)
[15061.817s][info][gc             ] GC(32986) Pause Young (Allocation Failure) 721M->641M(723M) 3.520ms
[15061.817s][info][gc,cpu         ] GC(32986) User=0.01s Sys=0.00s Real=0.01s
[15062.301s][info][gc,start       ] GC(32987) Pause Young (Allocation Failure)
[15062.304s][info][gc,heap        ] GC(32987) PSYoungGen: 82752K(84480K)->736K(84480K) Eden: 81920K(81920K)->0K(81920K) From: 832K(2560K)->736K(2560K)
[15062.304s][info][gc,heap        ] GC(32987) ParOldGen: 656265K(656384K)->656321K(656384K)
[15062.304s][info][gc,metaspace   ] GC(32987) Metaspace: 62369K(62592K)->62369K(62592K) NonClass: 53332K(53504K)->53332K(53504K) Class: 9037K(9088K)->9037K(9088K)
[15062.304s][info][gc             ] GC(32987) Pause Young (Allocation Failure) 721M->641M(723M) 3.445ms
[15062.304s][info][gc,cpu         ] GC(32987) User=0.00s Sys=0.00s Real=0.01s
[15062.790s][info][gc,start       ] GC(32988) Pause Young (Allocation Failure)
[15062.793s][info][gc,heap        ] GC(32988) PSYoungGen: 82656K(84480K)->1568K(84480K) Eden: 81920K(81920K)->0K(81920K) From: 736K(2560K)->1568K(2560K)
[15062.793s][info][gc,heap        ] GC(32988) ParOldGen: 656321K(656384K)->656369K(656384K)
[15062.793s][info][gc,metaspace   ] GC(32988) Metaspace: 62369K(62592K)->62369K(62592K) NonClass: 53332K(53504K)->53332K(53504K) Class: 9037K(9088K)->9037K(9088K)
[15062.793s][info][gc             ] GC(32988) Pause Young (Allocation Failure) 721M->642M(723M) 3.150ms
[15062.794s][info][gc,cpu         ] GC(32988) User=0.01s Sys=0.00s Real=0.00s
[15063.288s][info][gc,start       ] GC(32989) Pause Young (Allocation Failure)
[15063.292s][info][gc,heap        ] GC(32989) PSYoungGen: 83488K(84480K)->544K(84480K) Eden: 81920K(81920K)->0K(81920K) From: 1568K(2560K)->544K(2560K)
[15063.292s][info][gc,heap        ] GC(32989) ParOldGen: 656369K(656384K)->658465K(659456K)
[15063.292s][info][gc,metaspace   ] GC(32989) Metaspace: 62369K(62592K)->62369K(62592K) NonClass: 53332K(53504K)->53332K(53504K) Class: 9037K(9088K)->9037K(9088K)
[15063.292s][info][gc             ] GC(32989) Pause Young (Allocation Failure) 722M->643M(726M) 4.054ms
[15063.292s][info][gc,cpu         ] GC(32989) User=0.00s Sys=0.00s Real=0.00s
[15063.748s][info][gc,start       ] GC(32990) Pause Young (Allocation Failure)
[15063.752s][info][gc,heap        ] GC(32990) PSYoungGen: 82464K(84480K)->1312K(84480K) Eden: 81920K(81920K)->0K(81920K) From: 544K(2560K)->1312K(2560K)
[15063.752s][info][gc,heap        ] GC(32990) ParOldGen: 658465K(659456K)->658513K(659456K)
[15063.752s][info][gc,metaspace   ] GC(32990) Metaspace: 62369K(62592K)->62369K(62592K) NonClass: 53332K(53504K)->53332K(53504K) Class: 9037K(9088K)->9037K(9088K)
[15063.752s][info][gc             ] GC(32990) Pause Young (Allocation Failure) 723M->644M(726M) 4.024ms
[15063.752s][info][gc,cpu         ] GC(32990) User=0.00s Sys=0.00s Real=0.00s
[15064.226s][info][gc,start       ] GC(32991) Pause Young (Allocation Failure)
[15064.230s][info][gc,heap        ] GC(32991) PSYoungGen: 83232K(84480K)->1056K(84480K) Eden: 81920K(81920K)->0K(81920K) From: 1312K(2560K)->1056K(2560K)
[15064.230s][info][gc,heap        ] GC(32991) ParOldGen: 658513K(659456K)->658569K(659456K)
[15064.230s][info][gc,metaspace   ] GC(32991) Metaspace: 62369K(62592K)->62369K(62592K) NonClass: 53332K(53504K)->53332K(53504K) Class: 9037K(9088K)->9037K(9088K)
[15064.230s][info][gc             ] GC(32991) Pause Young (Allocation Failure) 724M->644M(726M) 3.787ms
[15064.230s][info][gc,cpu         ] GC(32991) User=0.01s Sys=0.00s Real=0.00s
[15064.692s][info][gc,start       ] GC(32992) Pause Young (Allocation Failure)
[15064.695s][info][gc,heap        ] GC(32992) PSYoungGen: 82976K(84480K)->640K(84992K) Eden: 81920K(81920K)->0K(82432K) From: 1056K(2560K)->640K(2560K)
[15064.695s][info][gc,heap        ] GC(32992) ParOldGen: 658569K(659456K)->658617K(659456K)
[15064.695s][info][gc,metaspace   ] GC(32992) Metaspace: 62369K(62592K)->62369K(62592K) NonClass: 53332K(53504K)->53332K(53504K) Class: 9037K(9088K)->9037K(9088K)
[15064.695s][info][gc             ] GC(32992) Pause Young (Allocation Failure) 724M->643M(727M) 3.283ms
[15064.695s][info][gc,cpu         ] GC(32992) User=0.01s Sys=0.00s Real=0.01s
[15065.220s][info][gc,start       ] GC(32993) Pause Young (Allocation Failure)
[15065.224s][info][gc,heap        ] GC(32993) PSYoungGen: 83072K(84992K)->928K(84480K) Eden: 82432K(82432K)->0K(82432K) From: 640K(2560K)->928K(2048K)
[15065.224s][info][gc,heap        ] GC(32993) ParOldGen: 658617K(659456K)->658665K(659456K)
[15065.224s][info][gc,metaspace   ] GC(32993) Metaspace: 62369K(62592K)->62369K(62592K) NonClass: 53332K(53504K)->53332K(53504K) Class: 9037K(9088K)->9037K(9088K)
[15065.224s][info][gc             ] GC(32993) Pause Young (Allocation Failure) 724M->644M(726M) 3.614ms
[15065.224s][info][gc,cpu         ] GC(32993) User=0.01s Sys=0.00s Real=0.00s
[15065.718s][info][gc,start       ] GC(32994) Pause Young (Allocation Failure)
[15065.722s][info][gc,heap        ] GC(32994) PSYoungGen: 83360K(84480K)->992K(84992K) Eden: 82432K(82432K)->0K(82944K) From: 928K(2048K)->992K(2048K)
[15065.722s][info][gc,heap        ] GC(32994) ParOldGen: 658665K(659456K)->658713K(659456K)
[15065.722s][info][gc,metaspace   ] GC(32994) Metaspace: 62369K(62592K)->62369K(62592K) NonClass: 53332K(53504K)->53332K(53504K) Class: 9037K(9088K)->9037K(9088K)
[15065.722s][info][gc             ] GC(32994) Pause Young (Allocation Failure) 724M->644M(727M) 3.941ms
[15065.722s][info][gc,cpu         ] GC(32994) User=0.01s Sys=0.00s Real=0.00s
[15066.177s][info][gc,start       ] GC(32995) Pause Young (Allocation Failure)
[15066.180s][info][gc,heap        ] GC(32995) PSYoungGen: 83936K(84992K)->416K(84992K) Eden: 82944K(82944K)->0K(82944K) From: 992K(2048K)->416K(2048K)
[15066.180s][info][gc,heap        ] GC(32995) ParOldGen: 658713K(659456K)->658769K(659456K)
[15066.180s][info][gc,metaspace   ] GC(32995) Metaspace: 62369K(62592K)->62369K(62592K) NonClass: 53332K(53504K)->53332K(53504K) Class: 9037K(9088K)->9037K(9088K)
[15066.180s][info][gc             ] GC(32995) Pause Young (Allocation Failure) 725M->643M(727M) 2.908ms
[15066.180s][info][gc,cpu         ] GC(32995) User=0.00s Sys=0.00s Real=0.00s
[15066.716s][info][gc,start       ] GC(32996) Pause Young (Allocation Failure)
[15066.720s][info][gc,heap        ] GC(32996) PSYoungGen: 83360K(84992K)->768K(84992K) Eden: 82944K(82944K)->0K(82944K) From: 416K(2048K)->768K(2048K)
[15066.720s][info][gc,heap        ] GC(32996) ParOldGen: 658769K(659456K)->658817K(659456K)
[15066.720s][info][gc,metaspace   ] GC(32996) Metaspace: 62369K(62592K)->62369K(62592K) NonClass: 53332K(53504K)->53332K(53504K) Class: 9037K(9088K)->9037K(9088K)
[15066.720s][info][gc             ] GC(32996) Pause Young (Allocation Failure) 724M->644M(727M) 3.362ms
[15066.720s][info][gc,cpu         ] GC(32996) User=0.00s Sys=0.00s Real=0.00s
[15067.228s][info][gc,start       ] GC(32997) Pause Young (Allocation Failure)
[15067.232s][info][gc,heap        ] GC(32997) PSYoungGen: 83712K(84992K)->1056K(84992K) Eden: 82944K(82944K)->0K(82944K) From: 768K(2048K)->1056K(2048K)
[15067.232s][info][gc,heap        ] GC(32997) ParOldGen: 658817K(659456K)->658865K(659456K)
[15067.232s][info][gc,metaspace   ] GC(32997) Metaspace: 62369K(62592K)->62369K(62592K) NonClass: 53332K(53504K)->53332K(53504K) Class: 9037K(9088K)->9037K(9088K)
[15067.232s][info][gc             ] GC(32997) Pause Young (Allocation Failure) 725M->644M(727M) 3.938ms
[15067.232s][info][gc,cpu         ] GC(32997) User=0.01s Sys=0.00s Real=0.00s
[15067.761s][info][gc,start       ] GC(32998) Pause Young (Allocation Failure)
[15067.795s][info][gc,heap        ] GC(32998) PSYoungGen: 84000K(84992K)->1344K(84992K) Eden: 82944K(82944K)->0K(82944K) From: 1056K(2048K)->1344K(2048K)
[15067.795s][info][gc,heap        ] GC(32998) ParOldGen: 658865K(659456K)->658921K(659456K)
[15067.795s][info][gc,metaspace   ] GC(32998) Metaspace: 62369K(62592K)->62369K(62592K) NonClass: 53332K(53504K)->53332K(53504K) Class: 9037K(9088K)->9037K(9088K)
[15067.795s][info][gc             ] GC(32998) Pause Young (Allocation Failure) 725M->644M(727M) 34.285ms
[15067.795s][info][gc,cpu         ] GC(32998) User=0.01s Sys=0.00s Real=0.04s
[15068.351s][info][gc,start       ] GC(32999) Pause Young (Allocation Failure)
[15068.356s][info][gc,heap        ] GC(32999) PSYoungGen: 84288K(84992K)->2016K(84992K) Eden: 82944K(82944K)->0K(82944K) From: 1344K(2048K)->2016K(2048K)
[15068.356s][info][gc,heap        ] GC(32999) ParOldGen: 658921K(659456K)->659297K(659456K)
[15068.356s][info][gc,metaspace   ] GC(32999) Metaspace: 62369K(62592K)->62369K(62592K) NonClass: 53332K(53504K)->53332K(53504K) Class: 9037K(9088K)->9037K(9088K)
[15068.356s][info][gc             ] GC(32999) Pause Young (Allocation Failure) 725M->645M(727M) 5.126ms
[15068.356s][info][gc,cpu         ] GC(32999) User=0.01s Sys=0.00s Real=0.01s
[15068.883s][info][gc,start       ] GC(33000) Pause Young (Allocation Failure)
[15068.887s][info][gc,heap        ] GC(33000) PSYoungGen: 84960K(84992K)->512K(102400K) Eden: 82944K(82944K)->0K(99840K) From: 2016K(2048K)->512K(2560K)
[15068.888s][info][gc,heap        ] GC(33000) ParOldGen: 659297K(659456K)->661370K(662528K)
[15068.888s][info][gc,metaspace   ] GC(33000) Metaspace: 62369K(62592K)->62369K(62592K) NonClass: 53332K(53504K)->53332K(53504K) Class: 9037K(9088K)->9037K(9088K)
[15068.888s][info][gc             ] GC(33000) Pause Young (Allocation Failure) 726M->646M(747M) 4.314ms
[15068.888s][info][gc,cpu         ] GC(33000) User=0.00s Sys=0.00s Real=0.01s
[15069.449s][info][gc,start       ] GC(33001) Pause Young (Allocation Failure)
[15069.453s][info][gc,heap        ] GC(33001) PSYoungGen: 100352K(102400K)->1248K(102400K) Eden: 99840K(99840K)->0K(99840K) From: 512K(2560K)->1248K(2560K)
[15069.453s][info][gc,heap        ] GC(33001) ParOldGen: 661370K(662528K)->661386K(662528K)
[15069.453s][info][gc,metaspace   ] GC(33001) Metaspace: 62369K(62592K)->62369K(62592K) NonClass: 53332K(53504K)->53332K(53504K) Class: 9037K(9088K)->9037K(9088K)
[15069.453s][info][gc             ] GC(33001) Pause Young (Allocation Failure) 743M->647M(747M) 4.466ms
[15069.453s][info][gc,cpu         ] GC(33001) User=0.01s Sys=0.00s Real=0.00s
[15070.008s][info][gc,start       ] GC(33002) Pause Young (Allocation Failure)
[15070.012s][info][gc,heap        ] GC(33002) PSYoungGen: 101088K(102400K)->960K(122368K) Eden: 99840K(99840K)->0K(119808K) From: 1248K(2560K)->960K(2560K)
[15070.012s][info][gc,heap        ] GC(33002) ParOldGen: 661386K(662528K)->661410K(662528K)
[15070.012s][info][gc,metaspace   ] GC(33002) Metaspace: 62369K(62592K)->62369K(62592K) NonClass: 53332K(53504K)->53332K(53504K) Class: 9037K(9088K)->9037K(9088K)
[15070.012s][info][gc             ] GC(33002) Pause Young (Allocation Failure) 744M->646M(766M) 4.039ms
[15070.012s][info][gc,cpu         ] GC(33002) User=0.00s Sys=0.00s Real=0.00s
[15070.732s][info][gc,start       ] GC(33003) Pause Young (Allocation Failure)
[15070.736s][info][gc,heap        ] GC(33003) PSYoungGen: 120768K(122368K)->1024K(122368K) Eden: 119808K(119808K)->0K(119808K) From: 960K(2560K)->1024K(2560K)
[15070.736s][info][gc,heap        ] GC(33003) ParOldGen: 661410K(662528K)->661426K(662528K)
[15070.736s][info][gc,metaspace   ] GC(33003) Metaspace: 62369K(62592K)->62369K(62592K) NonClass: 53332K(53504K)->53332K(53504K) Class: 9037K(9088K)->9037K(9088K)
[15070.736s][info][gc             ] GC(33003) Pause Young (Allocation Failure) 763M->646M(766M) 4.255ms
[15070.736s][info][gc,cpu         ] GC(33003) User=0.00s Sys=0.00s Real=0.01s
[15071.467s][info][gc,start       ] GC(33004) Pause Young (Allocation Failure)
[15071.470s][info][gc,heap        ] GC(33004) PSYoungGen: 120832K(122368K)->320K(116224K) Eden: 119808K(119808K)->0K(115712K) From: 1024K(2560K)->320K(512K)
[15071.470s][info][gc,heap        ] GC(33004) ParOldGen: 661426K(662528K)->661442K(662528K)
[15071.470s][info][gc,metaspace   ] GC(33004) Metaspace: 62369K(62592K)->62369K(62592K) NonClass: 53332K(53504K)->53332K(53504K) Class: 9037K(9088K)->9037K(9088K)
[15071.470s][info][gc             ] GC(33004) Pause Young (Allocation Failure) 763M->646M(760M) 2.937ms
[15071.470s][info][gc,cpu         ] GC(33004) User=0.00s Sys=0.00s Real=0.00s
[15072.171s][info][gc,start       ] GC(33005) Pause Young (Allocation Failure)
[15072.175s][info][gc,heap        ] GC(33005) PSYoungGen: 116032K(116224K)->352K(114688K) Eden: 115712K(115712K)->0K(112128K) From: 320K(512K)->352K(2560K)
[15072.175s][info][gc,heap        ] GC(33005) ParOldGen: 661442K(662528K)->661458K(662528K)
[15072.175s][info][gc,metaspace   ] GC(33005) Metaspace: 62369K(62592K)->62369K(62592K) NonClass: 53332K(53504K)->53332K(53504K) Class: 9037K(9088K)->9037K(9088K)
[15072.175s][info][gc             ] GC(33005) Pause Young (Allocation Failure) 759M->646M(759M) 3.576ms
[15072.175s][info][gc,cpu         ] GC(33005) User=0.00s Sys=0.00s Real=0.01s
[15072.808s][info][gc,start       ] GC(33006) Pause Young (Allocation Failure)
[15072.812s][info][gc,heap        ] GC(33006) PSYoungGen: 112480K(114688K)->864K(109568K) Eden: 112128K(112128K)->0K(108544K) From: 352K(2560K)->864K(1024K)
[15072.812s][info][gc,heap        ] GC(33006) ParOldGen: 661458K(662528K)->661474K(662528K)
[15072.812s][info][gc,metaspace   ] GC(33006) Metaspace: 62369K(62592K)->62369K(62592K) NonClass: 53332K(53504K)->53332K(53504K) Class: 9037K(9088K)->9037K(9088K)
[15072.812s][info][gc             ] GC(33006) Pause Young (Allocation Failure) 755M->646M(754M) 3.963ms
[15072.812s][info][gc,cpu         ] GC(33006) User=0.00s Sys=0.00s Real=0.00s
[15073.446s][info][gc,start       ] GC(33007) Pause Young (Allocation Failure)
[15073.451s][info][gc,heap        ] GC(33007) PSYoungGen: 109408K(109568K)->2016K(107008K) Eden: 108544K(108544K)->0K(104960K) From: 864K(1024K)->2016K(2048K)
[15073.451s][info][gc,heap        ] GC(33007) ParOldGen: 661474K(662528K)->661818K(662528K)
[15073.451s][info][gc,metaspace   ] GC(33007) Metaspace: 62369K(62592K)->62369K(62592K) NonClass: 53332K(53504K)->53332K(53504K) Class: 9037K(9088K)->9037K(9088K)
[15073.451s][info][gc             ] GC(33007) Pause Young (Allocation Failure) 752M->648M(751M) 5.122ms
[15073.451s][info][gc,cpu         ] GC(33007) User=0.01s Sys=0.00s Real=0.00s
[15074.064s][info][gc,start       ] GC(33008) Pause Young (Allocation Failure)
[15074.068s][info][gc,heap        ] GC(33008) PSYoungGen: 106976K(107008K)->256K(102400K) Eden: 104960K(104960K)->0K(101888K) From: 2016K(2048K)->256K(512K)
[15074.068s][info][gc,heap        ] GC(33008) ParOldGen: 661818K(662528K)->663882K(664064K)
[15074.068s][info][gc,metaspace   ] GC(33008) Metaspace: 62369K(62592K)->62369K(62592K) NonClass: 53332K(53504K)->53332K(53504K) Class: 9037K(9088K)->9037K(9088K)
[15074.068s][info][gc             ] GC(33008) Pause Young (Allocation Failure) 750M->648M(748M) 4.090ms
[15074.068s][info][gc,cpu         ] GC(33008) User=0.00s Sys=0.00s Real=0.01s
[15074.608s][info][gc,start       ] GC(33009) Pause Young (Allocation Failure)
[15074.612s][info][gc,heap        ] GC(33009) PSYoungGen: 102143K(102400K)->896K(101376K) Eden: 101887K(101888K)->0K(98816K) From: 256K(512K)->896K(2560K)
[15074.612s][info][gc,heap        ] GC(33009) ParOldGen: 663882K(664064K)->663898K(664064K)
[15074.612s][info][gc,metaspace   ] GC(33009) Metaspace: 62369K(62592K)->62369K(62592K) NonClass: 53332K(53504K)->53332K(53504K) Class: 9037K(9088K)->9037K(9088K)
[15074.612s][info][gc             ] GC(33009) Pause Young (Allocation Failure) 748M->649M(747M) 4.022ms
[15074.612s][info][gc,cpu         ] GC(33009) User=0.01s Sys=0.01s Real=0.00s
[15075.145s][info][gc,start       ] GC(33010) Pause Young (Allocation Failure)
[15075.149s][info][gc,heap        ] GC(33010) PSYoungGen: 99712K(101376K)->1472K(97280K) Eden: 98816K(98816K)->0K(95744K) From: 896K(2560K)->1472K(1536K)
[15075.149s][info][gc,heap        ] GC(33010) ParOldGen: 663898K(664064K)->663922K(664064K)
[15075.149s][info][gc,metaspace   ] GC(33010) Metaspace: 62369K(62592K)->62369K(62592K) NonClass: 53332K(53504K)->53332K(53504K) Class: 9037K(9088K)->9037K(9088K)
[15075.149s][info][gc             ] GC(33010) Pause Young (Allocation Failure) 745M->649M(743M) 4.334ms
[15075.149s][info][gc,cpu         ] GC(33010) User=0.01s Sys=0.00s Real=0.00s
[15075.652s][info][gc,start       ] GC(33011) Pause Young (Allocation Failure)
[15075.656s][info][gc,heap        ] GC(33011) PSYoungGen: 97216K(97280K)->1568K(94720K) Eden: 95744K(95744K)->0K(92672K) From: 1472K(1536K)->1568K(2048K)
[15075.657s][info][gc,heap        ] GC(33011) ParOldGen: 663922K(664064K)->663946K(664064K)
[15075.657s][info][gc,metaspace   ] GC(33011) Metaspace: 62369K(62592K)->62369K(62592K) NonClass: 53332K(53504K)->53332K(53504K) Class: 9037K(9088K)->9037K(9088K)
[15075.657s][info][gc             ] GC(33011) Pause Young (Allocation Failure) 743M->649M(741M) 4.829ms
[15075.657s][info][gc,cpu         ] GC(33011) User=0.01s Sys=0.00s Real=0.01s
[15076.312s][info][gc,start       ] GC(33012) Pause Young (Allocation Failure)
[15076.317s][info][gc,heap        ] GC(33012) PSYoungGen: 94240K(94720K)->880K(91136K) Eden: 92672K(92672K)->0K(90112K) From: 1568K(2048K)->880K(1024K)
[15076.317s][info][gc,heap        ] GC(33012) ParOldGen: 663946K(664064K)->663978K(664064K)
[15076.317s][info][gc,metaspace   ] GC(33012) Metaspace: 62369K(62592K)->62369K(62592K) NonClass: 53332K(53504K)->53332K(53504K) Class: 9037K(9088K)->9037K(9088K)
[15076.317s][info][gc             ] GC(33012) Pause Young (Allocation Failure) 740M->649M(737M) 4.302ms
[15076.317s][info][gc,cpu         ] GC(33012) User=0.01s Sys=0.01s Real=0.01s
[15076.892s][info][gc,start       ] GC(33013) Pause Young (Allocation Failure)
[15076.896s][info][gc,heap        ] GC(33013) PSYoungGen: 90992K(91136K)->672K(88576K) Eden: 90112K(90112K)->0K(87552K) From: 880K(1024K)->672K(1024K)
[15076.896s][info][gc,heap        ] GC(33013) ParOldGen: 663978K(664064K)->664066K(664576K)
[15076.896s][info][gc,metaspace   ] GC(33013) Metaspace: 62369K(62592K)->62369K(62592K) NonClass: 53332K(53504K)->53332K(53504K) Class: 9037K(9088K)->9037K(9088K)
[15076.896s][info][gc             ] GC(33013) Pause Young (Allocation Failure) 737M->649M(735M) 3.830ms
[15076.896s][info][gc,cpu         ] GC(33013) User=0.01s Sys=0.01s Real=0.01s
[15077.361s][info][gc,start       ] GC(33014) Pause Young (Allocation Failure)
[15077.364s][info][gc,heap        ] GC(33014) PSYoungGen: 88224K(88576K)->192K(85504K) Eden: 87552K(87552K)->0K(84992K) From: 672K(1024K)->192K(512K)
[15077.364s][info][gc,heap        ] GC(33014) ParOldGen: 664066K(664576K)->664106K(664576K)
[15077.364s][info][gc,metaspace   ] GC(33014) Metaspace: 62369K(62592K)->62369K(62592K) NonClass: 53332K(53504K)->53332K(53504K) Class: 9037K(9088K)->9037K(9088K)
[15077.364s][info][gc             ] GC(33014) Pause Young (Allocation Failure) 734M->648M(732M) 2.977ms
[15077.364s][info][gc,cpu         ] GC(33014) User=0.00s Sys=0.00s Real=0.01s
[15077.833s][info][gc,start       ] GC(33015) Pause Young (Allocation Failure)
[15077.837s][info][gc,heap        ] GC(33015) PSYoungGen: 85184K(85504K)->1184K(84992K) Eden: 84992K(84992K)->0K(82432K) From: 192K(512K)->1184K(2560K)
[15077.837s][info][gc,heap        ] GC(33015) ParOldGen: 664106K(664576K)->664154K(664576K)
[15077.837s][info][gc,metaspace   ] GC(33015) Metaspace: 62369K(62592K)->62369K(62592K) NonClass: 53332K(53504K)->53332K(53504K) Class: 9037K(9088K)->9037K(9088K)
[15077.837s][info][gc             ] GC(33015) Pause Young (Allocation Failure) 731M->649M(732M) 4.440ms
[15077.837s][info][gc,cpu         ] GC(33015) User=0.01s Sys=0.00s Real=0.01s
[15078.291s][info][gc,start       ] GC(33016) Pause Young (Allocation Failure)
[15078.295s][info][gc,heap        ] GC(33016) PSYoungGen: 83616K(84992K)->1696K(133632K) Eden: 82432K(82432K)->0K(131584K) From: 1184K(2560K)->1696K(2048K)
[15078.295s][info][gc,heap        ] GC(33016) ParOldGen: 664154K(664576K)->664202K(664576K)
[15078.295s][info][gc,metaspace   ] GC(33016) Metaspace: 62369K(62592K)->62369K(62592K) NonClass: 53332K(53504K)->53332K(53504K) Class: 9037K(9088K)->9037K(9088K)
[15078.295s][info][gc             ] GC(33016) Pause Young (Allocation Failure) 730M->650M(779M) 3.761ms
[15078.295s][info][gc,cpu         ] GC(33016) User=0.00s Sys=0.00s Real=0.01s
[15079.044s][info][gc,start       ] GC(33017) Pause Young (Allocation Failure)
[15079.048s][info][gc,heap        ] GC(33017) PSYoungGen: 133280K(133632K)->1312K(128512K) Eden: 131584K(131584K)->0K(126976K) From: 1696K(2048K)->1312K(1536K)
[15079.048s][info][gc,heap        ] GC(33017) ParOldGen: 664202K(664576K)->665242K(666112K)
[15079.048s][info][gc,metaspace   ] GC(33017) Metaspace: 62369K(62592K)->62369K(62592K) NonClass: 53332K(53504K)->53332K(53504K) Class: 9037K(9088K)->9037K(9088K)
[15079.049s][info][gc             ] GC(33017) Pause Young (Allocation Failure) 778M->650M(776M) 5.003ms
[15079.049s][info][gc,cpu         ] GC(33017) User=0.01s Sys=0.00s Real=0.01s
[15079.806s][info][gc,start       ] GC(33018) Pause Young (Allocation Failure)
[15079.810s][info][gc,heap        ] GC(33018) PSYoungGen: 128288K(128512K)->832K(123904K) Eden: 126976K(126976K)->0K(122880K) From: 1312K(1536K)->832K(1024K)
[15079.810s][info][gc,heap        ] GC(33018) ParOldGen: 665242K(666112K)->665258K(666112K)
[15079.810s][info][gc,metaspace   ] GC(33018) Metaspace: 62369K(62592K)->62369K(62592K) NonClass: 53332K(53504K)->53332K(53504K) Class: 9037K(9088K)->9037K(9088K)
[15079.810s][info][gc             ] GC(33018) Pause Young (Allocation Failure) 774M->650M(771M) 3.883ms
[15079.810s][info][gc,cpu         ] GC(33018) User=0.01s Sys=0.00s Real=0.00s
[15080.563s][info][gc,start       ] GC(33019) Pause Young (Allocation Failure)
[15080.566s][info][gc,heap        ] GC(33019) PSYoungGen: 123712K(123904K)->256K(119296K) Eden: 122880K(122880K)->0K(118784K) From: 832K(1024K)->256K(512K)
[15080.566s][info][gc,heap        ] GC(33019) ParOldGen: 665258K(666112K)->665274K(666112K)
[15080.566s][info][gc,metaspace   ] GC(33019) Metaspace: 62369K(62592K)->62369K(62592K) NonClass: 53332K(53504K)->53332K(53504K) Class: 9037K(9088K)->9037K(9088K)
[15080.566s][info][gc             ] GC(33019) Pause Young (Allocation Failure) 770M->649M(767M) 2.729ms
[15080.566s][info][gc,cpu         ] GC(33019) User=0.00s Sys=0.00s Real=0.01s
[15081.263s][info][gc,start       ] GC(33020) Pause Young (Allocation Failure)
[15081.266s][info][gc,heap        ] GC(33020) PSYoungGen: 119040K(119296K)->256K(115200K) Eden: 118784K(118784K)->0K(114688K) From: 256K(512K)->256K(512K)
[15081.266s][info][gc,heap        ] GC(33020) ParOldGen: 665274K(666112K)->665290K(666112K)
[15081.266s][info][gc,metaspace   ] GC(33020) Metaspace: 62369K(62592K)->62369K(62592K) NonClass: 53332K(53504K)->53332K(53504K) Class: 9037K(9088K)->9037K(9088K)
[15081.266s][info][gc             ] GC(33020) Pause Young (Allocation Failure) 765M->649M(763M) 3.048ms
[15081.266s][info][gc,cpu         ] GC(33020) User=0.01s Sys=0.00s Real=0.01s
[15081.926s][info][gc,start       ] GC(33021) Pause Young (Allocation Failure)
[15081.930s][info][gc,heap        ] GC(33021) PSYoungGen: 114944K(115200K)->1152K(113664K) Eden: 114688K(114688K)->0K(111104K) From: 256K(512K)->1152K(2560K)
[15081.930s][info][gc,heap        ] GC(33021) ParOldGen: 665290K(666112K)->665306K(666112K)
[15081.930s][info][gc,metaspace   ] GC(33021) Metaspace: 62369K(62592K)->62369K(62592K) NonClass: 53332K(53504K)->53332K(53504K) Class: 9037K(9088K)->9037K(9088K)
[15081.930s][info][gc             ] GC(33021) Pause Young (Allocation Failure) 761M->650M(761M) 3.918ms
[15081.930s][info][gc,cpu         ] GC(33021) User=0.01s Sys=0.00s Real=0.00s
[15082.596s][info][gc,start       ] GC(33022) Pause Young (Allocation Failure)
[15082.599s][info][gc,heap        ] GC(33022) PSYoungGen: 112256K(113664K)->704K(108544K) Eden: 111104K(111104K)->0K(107520K) From: 1152K(2560K)->704K(1024K)
[15082.599s][info][gc,heap        ] GC(33022) ParOldGen: 665306K(666112K)->665322K(666112K)
[15082.599s][info][gc,metaspace   ] GC(33022) Metaspace: 62369K(62592K)->62369K(62592K) NonClass: 53332K(53504K)->53332K(53504K) Class: 9037K(9088K)->9037K(9088K)
[15082.599s][info][gc             ] GC(33022) Pause Young (Allocation Failure) 759M->650M(756M) 3.314ms
[15082.599s][info][gc,cpu         ] GC(33022) User=0.01s Sys=0.00s Real=0.00s
[15083.221s][info][gc,start       ] GC(33023) Pause Young (Allocation Failure)
[15083.224s][info][gc,heap        ] GC(33023) PSYoungGen: 108224K(108544K)->1984K(105984K) Eden: 107520K(107520K)->0K(103936K) From: 704K(1024K)->1984K(2048K)
[15083.224s][info][gc,heap        ] GC(33023) ParOldGen: 665322K(666112K)->665338K(666112K)
[15083.224s][info][gc,metaspace   ] GC(33023) Metaspace: 62369K(62592K)->62369K(62592K) NonClass: 53332K(53504K)->53332K(53504K) Class: 9037K(9088K)->9037K(9088K)
[15083.224s][info][gc             ] GC(33023) Pause Young (Allocation Failure) 755M->651M(754M) 3.814ms
[15083.225s][info][gc,cpu         ] GC(33023) User=0.01s Sys=0.00s Real=0.01s
[15083.815s][info][gc,start       ] GC(33024) Pause Young (Allocation Failure)
[15083.819s][info][gc,heap        ] GC(33024) PSYoungGen: 105920K(105984K)->992K(101888K) Eden: 103936K(103936K)->0K(100864K) From: 1984K(2048K)->992K(1024K)
[15083.819s][info][gc,heap        ] GC(33024) ParOldGen: 665338K(666112K)->666378K(667648K)
[15083.819s][info][gc,metaspace   ] GC(33024) Metaspace: 62369K(62592K)->62369K(62592K) NonClass: 53332K(53504K)->53332K(53504K) Class: 9037K(9088K)->9037K(9088K)
[15083.820s][info][gc             ] GC(33024) Pause Young (Allocation Failure) 753M->651M(751M) 4.311ms
[15083.820s][info][gc,cpu         ] GC(33024) User=0.01s Sys=0.00s Real=0.00s
[15084.445s][info][gc,start       ] GC(33025) Pause Young (Allocation Failure)
[15084.449s][info][gc,heap        ] GC(33025) PSYoungGen: 101856K(101888K)->1264K(99328K) Eden: 100864K(100864K)->0K(97792K) From: 992K(1024K)->1264K(1536K)
[15084.449s][info][gc,heap        ] GC(33025) ParOldGen: 666378K(667648K)->666402K(667648K)
[15084.449s][info][gc,metaspace   ] GC(33025) Metaspace: 62369K(62592K)->62369K(62592K) NonClass: 53332K(53504K)->53332K(53504K) Class: 9037K(9088K)->9037K(9088K)
[15084.449s][info][gc             ] GC(33025) Pause Young (Allocation Failure) 750M->652M(749M) 4.220ms
[15084.449s][info][gc,cpu         ] GC(33025) User=0.00s Sys=0.00s Real=0.00s
[15084.999s][info][gc,start       ] GC(33026) Pause Young (Allocation Failure)
[15085.002s][info][gc,heap        ] GC(33026) PSYoungGen: 99056K(99328K)->832K(95744K) Eden: 97792K(97792K)->0K(94720K) From: 1264K(1536K)->832K(1024K)
[15085.002s][info][gc,heap        ] GC(33026) ParOldGen: 666402K(667648K)->666474K(667648K)
[15085.002s][info][gc,metaspace   ] GC(33026) Metaspace: 62369K(62592K)->62369K(62592K) NonClass: 53332K(53504K)->53332K(53504K) Class: 9037K(9088K)->9037K(9088K)
[15085.002s][info][gc             ] GC(33026) Pause Young (Allocation Failure) 747M->651M(745M) 3.710ms
[15085.002s][info][gc,cpu         ] GC(33026) User=0.01s Sys=0.00s Real=0.00s
[15085.553s][info][gc,start       ] GC(33027) Pause Young (Allocation Failure)
[15085.558s][info][gc,heap        ] GC(33027) PSYoungGen: 95552K(95744K)->1408K(93696K) Eden: 94720K(94720K)->0K(92160K) From: 832K(1024K)->1408K(1536K)
[15085.558s][info][gc,heap        ] GC(33027) ParOldGen: 666474K(667648K)->666506K(667648K)
[15085.558s][info][gc,metaspace   ] GC(33027) Metaspace: 62369K(62592K)->62369K(62592K) NonClass: 53332K(53504K)->53332K(53504K) Class: 9037K(9088K)->9037K(9088K)
[15085.558s][info][gc             ] GC(33027) Pause Young (Allocation Failure) 744M->652M(743M) 4.259ms
[15085.558s][info][gc,cpu         ] GC(33027) User=0.00s Sys=0.00s Real=0.01s
[15086.100s][info][gc,start       ] GC(33028) Pause Young (Allocation Failure)
[15086.103s][info][gc,heap        ] GC(33028) PSYoungGen: 93568K(93696K)->736K(90624K) Eden: 92160K(92160K)->0K(89600K) From: 1408K(1536K)->736K(1024K)
[15086.103s][info][gc,heap        ] GC(33028) ParOldGen: 666506K(667648K)->666538K(667648K)
[15086.103s][info][gc,metaspace   ] GC(33028) Metaspace: 62369K(62592K)->62369K(62592K) NonClass: 53332K(53504K)->53332K(53504K) Class: 9037K(9088K)->9037K(9088K)
[15086.103s][info][gc             ] GC(33028) Pause Young (Allocation Failure) 742M->651M(740M) 3.545ms
[15086.103s][info][gc,cpu         ] GC(33028) User=0.01s Sys=0.00s Real=0.00s
[15086.634s][info][gc,start       ] GC(33029) Pause Young (Allocation Failure)
[15086.638s][info][gc,heap        ] GC(33029) PSYoungGen: 90336K(90624K)->1152K(88576K) Eden: 89600K(89600K)->0K(87040K) From: 736K(1024K)->1152K(1536K)
[15086.638s][info][gc,heap        ] GC(33029) ParOldGen: 666538K(667648K)->666578K(667648K)
[15086.638s][info][gc,metaspace   ] GC(33029) Metaspace: 62369K(62592K)->62369K(62592K) NonClass: 53332K(53504K)->53332K(53504K) Class: 9037K(9088K)->9037K(9088K)
[15086.638s][info][gc             ] GC(33029) Pause Young (Allocation Failure) 739M->652M(738M) 4.062ms
[15086.638s][info][gc,cpu         ] GC(33029) User=0.01s Sys=0.00s Real=0.01s
[15087.191s][info][gc,start       ] GC(33030) Pause Young (Allocation Failure)
[15087.194s][info][gc,heap        ] GC(33030) PSYoungGen: 88192K(88576K)->576K(85504K) Eden: 87040K(87040K)->0K(84480K) From: 1152K(1536K)->576K(1024K)
[15087.194s][info][gc,heap        ] GC(33030) ParOldGen: 666578K(667648K)->666618K(667648K)
[15087.194s][info][gc,metaspace   ] GC(33030) Metaspace: 62369K(62592K)->62369K(62592K) NonClass: 53332K(53504K)->53332K(53504K) Class: 9037K(9088K)->9037K(9088K)
[15087.194s][info][gc             ] GC(33030) Pause Young (Allocation Failure) 737M->651M(735M) 3.345ms
[15087.194s][info][gc,cpu         ] GC(33030) User=0.00s Sys=0.00s Real=0.01s
[15087.752s][info][gc,start       ] GC(33031) Pause Young (Allocation Failure)
[15087.756s][info][gc,heap        ] GC(33031) PSYoungGen: 85056K(85504K)->1312K(119296K) Eden: 84480K(84480K)->0K(117760K) From: 576K(1024K)->1312K(1536K)
[15087.756s][info][gc,heap        ] GC(33031) ParOldGen: 666618K(667648K)->666666K(667648K)
[15087.756s][info][gc,metaspace   ] GC(33031) Metaspace: 62369K(62592K)->62369K(62592K) NonClass: 53332K(53504K)->53332K(53504K) Class: 9037K(9088K)->9037K(9088K)
[15087.756s][info][gc             ] GC(33031) Pause Young (Allocation Failure) 734M->652M(768M) 4.166ms
[15087.756s][info][gc,cpu         ] GC(33031) User=0.01s Sys=0.01s Real=0.01s
[15088.521s][info][gc,start       ] GC(33032) Pause Young (Allocation Failure)
[15088.525s][info][gc,promotion   ] GC(33032) Promotion failed
[15088.525s][info][gc,heap        ] GC(33032) PSYoungGen: 119072K(119296K)->119072K(119296K) Eden: 117760K(117760K)->117760K(117760K) From: 1312K(1536K)->1312K(1536K)
[15088.525s][info][gc,heap        ] GC(33032) ParOldGen: 666666K(667648K)->666682K(667648K)
[15088.525s][info][gc,metaspace   ] GC(33032) Metaspace: 62369K(62592K)->62369K(62592K) NonClass: 53332K(53504K)->53332K(53504K) Class: 9037K(9088K)->9037K(9088K)
[15088.525s][info][gc             ] GC(33032) Pause Young (Allocation Failure) 767M->767M(768M) 3.742ms
[15088.525s][info][gc,cpu         ] GC(33032) User=0.01s Sys=0.00s Real=0.01s
[15088.525s][info][gc,start       ] GC(33033) Pause Full (Allocation Failure)
[15088.525s][info][gc,phases,start] GC(33033) Marking Phase
[15088.586s][info][gc,phases      ] GC(33033) Marking Phase 61.280ms
[15088.586s][info][gc,phases,start] GC(33033) Summary Phase
[15088.587s][info][gc,phases      ] GC(33033) Summary Phase 0.032ms
[15088.587s][info][gc,phases,start] GC(33033) Forward
[15088.589s][info][gc,phases      ] GC(33033) Forward 2.198ms
[15088.589s][info][gc,phases,start] GC(33033) Adjust Pointers
[15088.614s][info][gc,phases      ] GC(33033) Adjust Pointers 24.921ms
[15088.614s][info][gc,phases,start] GC(33033) Compaction Phase
[15088.627s][info][gc,phases      ] GC(33033) Compaction Phase 13.139ms
[15088.627s][info][gc,phases,start] GC(33033) Post Compact
[15088.629s][info][metaspace      ] ChkMgr @0x00007fede403edb0 (non-class-space): : reclaiming memory...
[15088.629s][info][metaspace      ] ChkMgr @0x00007fede403edb0 (non-class-space): nothing reclaimed.
[15088.629s][info][metaspace      ] ChkMgr @0x00007fede403ebc0 (class-space): : reclaiming memory...
[15088.629s][info][metaspace      ] ChkMgr @0x00007fede403ebc0 (class-space): nothing reclaimed.
[15088.630s][info][gc,phases      ] GC(33033) Post Compact 2.468ms
[15088.679s][info][gc,heap        ] GC(33033) PSYoungGen: 119072K(119296K)->0K(114688K) Eden: 117760K(117760K)->0K(114176K) From: 1312K(1536K)->0K(512K)
[15088.679s][info][gc,heap        ] GC(33033) ParOldGen: 666682K(667648K)->109053K(175104K)
[15088.679s][info][gc,metaspace   ] GC(33033) Metaspace: 62369K(62592K)->62350K(62592K) NonClass: 53332K(53504K)->53313K(53504K) Class: 9037K(9088K)->9037K(9088K)
[15088.679s][info][gc             ] GC(33033) Pause Full (Allocation Failure) 767M->106M(283M) 154.242ms
[15088.679s][info][gc,cpu         ] GC(33033) User=0.16s Sys=0.05s Real=0.15s
[15089.400s][info][gc,start       ] GC(33034) Pause Young (Allocation Failure)
[15089.402s][info][gc,heap        ] GC(33034) PSYoungGen: 114176K(114688K)->848K(113152K) Eden: 114176K(114176K)->0K(110592K) From: 0K(512K)->848K(2560K)
[15089.402s][info][gc,heap        ] GC(33034) ParOldGen: 109053K(175104K)->109053K(175104K)
[15089.402s][info][gc,metaspace   ] GC(33034) Metaspace: 62350K(62592K)->62350K(62592K) NonClass: 53313K(53504K)->53313K(53504K) Class: 9037K(9088K)->9037K(9088K)
[15089.402s][info][gc             ] GC(33034) Pause Young (Allocation Failure) 217M->107M(281M) 2.050ms
[15089.402s][info][gc,cpu         ] GC(33034) User=0.00s Sys=0.00s Real=0.00s
[15090.116s][info][gc,start       ] GC(33035) Pause Young (Allocation Failure)
[15090.118s][info][gc,heap        ] GC(33035) PSYoungGen: 111440K(113152K)->960K(108032K) Eden: 110592K(110592K)->0K(107008K) From: 848K(2560K)->960K(1024K)
[15090.118s][info][gc,heap        ] GC(33035) ParOldGen: 109053K(175104K)->109221K(175104K)
[15090.118s][info][gc,metaspace   ] GC(33035) Metaspace: 62350K(62592K)->62350K(62592K) NonClass: 53313K(53504K)->53313K(53504K) Class: 9037K(9088K)->9037K(9088K)
[15090.118s][info][gc             ] GC(33035) Pause Young (Allocation Failure) 215M->107M(276M) 2.460ms
[15090.118s][info][gc,cpu         ] GC(33035) User=0.00s Sys=0.00s Real=0.00s
[15090.822s][info][gc,start       ] GC(33036) Pause Young (Allocation Failure)
[15090.824s][info][gc,heap        ] GC(33036) PSYoungGen: 107968K(108032K)->928K(104448K) Eden: 107008K(107008K)->0K(103424K) From: 960K(1024K)->928K(1024K)
[15090.824s][info][gc,heap        ] GC(33036) ParOldGen: 109221K(175104K)->109237K(175104K)
[15090.824s][info][gc,metaspace   ] GC(33036) Metaspace: 62350K(62592K)->62350K(62592K) NonClass: 53313K(53504K)->53313K(53504K) Class: 9037K(9088K)->9037K(9088K)
[15090.824s][info][gc             ] GC(33036) Pause Young (Allocation Failure) 212M->107M(273M) 2.285ms
[15090.824s][info][gc,cpu         ] GC(33036) User=0.00s Sys=0.00s Real=0.01s
[15091.464s][info][gc,start       ] GC(33037) Pause Young (Allocation Failure)
[15091.466s][info][gc,heap        ] GC(33037) PSYoungGen: 104352K(104448K)->288K(100864K) Eden: 103424K(103424K)->0K(100352K) From: 928K(1024K)->288K(512K)
[15091.466s][info][gc,heap        ] GC(33037) ParOldGen: 109237K(175104K)->109253K(175104K)
[15091.466s][info][gc,metaspace   ] GC(33037) Metaspace: 62350K(62592K)->62350K(62592K) NonClass: 53313K(53504K)->53313K(53504K) Class: 9037K(9088K)->9037K(9088K)
[15091.466s][info][gc             ] GC(33037) Pause Young (Allocation Failure) 208M->106M(269M) 1.776ms
[15091.466s][info][gc,cpu         ] GC(33037) User=0.00s Sys=0.00s Real=0.00s
[15092.125s][info][gc,start       ] GC(33038) Pause Young (Allocation Failure)
[15092.127s][info][gc,heap        ] GC(33038) PSYoungGen: 100640K(100864K)->1056K(99328K) Eden: 100352K(100352K)->0K(97280K) From: 288K(512K)->1056K(2048K)
[15092.127s][info][gc,heap        ] GC(33038) ParOldGen: 109253K(175104K)->109269K(175104K)
[15092.127s][info][gc,metaspace   ] GC(33038) Metaspace: 62350K(62592K)->62350K(62592K) NonClass: 53313K(53504K)->53313K(53504K) Class: 9037K(9088K)->9037K(9088K)
[15092.127s][info][gc             ] GC(33038) Pause Young (Allocation Failure) 204M->107M(268M) 2.333ms
[15092.127s][info][gc,cpu         ] GC(33038) User=0.00s Sys=0.00s Real=0.00s
[15092.789s][info][gc,start       ] GC(33039) Pause Young (Allocation Failure)
[15092.791s][info][gc,heap        ] GC(33039) PSYoungGen: 98336K(99328K)->640K(95232K) Eden: 97280K(97280K)->0K(94208K) From: 1056K(2048K)->640K(1024K)
[15092.791s][info][gc,heap        ] GC(33039) ParOldGen: 109269K(175104K)->109293K(175104K)
[15092.791s][info][gc,metaspace   ] GC(33039) Metaspace: 62350K(62592K)->62350K(62592K) NonClass: 53313K(53504K)->53313K(53504K) Class: 9037K(9088K)->9037K(9088K)
[15092.791s][info][gc             ] GC(33039) Pause Young (Allocation Failure) 202M->107M(264M) 2.025ms
[15092.791s][info][gc,cpu         ] GC(33039) User=0.00s Sys=0.00s Real=0.00s
[15093.391s][info][gc,start       ] GC(33040) Pause Young (Allocation Failure)
[15093.393s][info][gc,heap        ] GC(33040) PSYoungGen: 94848K(95232K)->608K(92672K) Eden: 94208K(94208K)->0K(91648K) From: 640K(1024K)->608K(1024K)
[15093.393s][info][gc,heap        ] GC(33040) ParOldGen: 109293K(175104K)->109373K(175104K)
[15093.393s][info][gc,metaspace   ] GC(33040) Metaspace: 62350K(62592K)->62350K(62592K) NonClass: 53313K(53504K)->53313K(53504K) Class: 9037K(9088K)->9037K(9088K)
[15093.393s][info][gc             ] GC(33040) Pause Young (Allocation Failure) 199M->107M(261M) 1.961ms
[15093.393s][info][gc,cpu         ] GC(33040) User=0.00s Sys=0.00s Real=0.00s
[15093.974s][info][gc,start       ] GC(33041) Pause Young (Allocation Failure)
[15093.976s][info][gc,heap        ] GC(33041) PSYoungGen: 92256K(92672K)->384K(89600K) Eden: 91648K(91648K)->0K(89088K) From: 608K(1024K)->384K(512K)
[15093.976s][info][gc,heap        ] GC(33041) ParOldGen: 109373K(175104K)->109413K(175104K)
[15093.976s][info][gc,metaspace   ] GC(33041) Metaspace: 62350K(62592K)->62350K(62592K) NonClass: 53313K(53504K)->53313K(53504K) Class: 9037K(9088K)->9037K(9088K)
[15093.976s][info][gc             ] GC(33041) Pause Young (Allocation Failure) 196M->107M(258M) 1.931ms
[15093.976s][info][gc,cpu         ] GC(33041) User=0.00s Sys=0.00s Real=0.01s
[15094.507s][info][gc,start       ] GC(33042) Pause Young (Allocation Failure)
[15094.509s][info][gc,heap        ] GC(33042) PSYoungGen: 89472K(89600K)->800K(88576K) Eden: 89088K(89088K)->0K(86528K) From: 384K(512K)->800K(2048K)
[15094.509s][info][gc,heap        ] GC(33042) ParOldGen: 109413K(175104K)->109453K(175104K)
[15094.509s][info][gc,metaspace   ] GC(33042) Metaspace: 62350K(62592K)->62350K(62592K) NonClass: 53313K(53504K)->53313K(53504K) Class: 9037K(9088K)->9037K(9088K)
[15094.509s][info][gc             ] GC(33042) Pause Young (Allocation Failure) 194M->107M(257M) 2.109ms
[15094.509s][info][gc,cpu         ] GC(33042) User=0.00s Sys=0.00s Real=0.00s
[15095.028s][info][gc,start       ] GC(33043) Pause Young (Allocation Failure)
[15095.030s][info][gc,heap        ] GC(33043) PSYoungGen: 87328K(88576K)->1120K(85504K) Eden: 86528K(86528K)->0K(83968K) From: 800K(2048K)->1120K(1536K)
[15095.030s][info][gc,heap        ] GC(33043) ParOldGen: 109453K(175104K)->109493K(175104K)
[15095.030s][info][gc,metaspace   ] GC(33043) Metaspace: 62350K(62592K)->62350K(62592K) NonClass: 53313K(53504K)->53313K(53504K) Class: 9037K(9088K)->9037K(9088K)
[15095.031s][info][gc             ] GC(33043) Pause Young (Allocation Failure) 192M->108M(254M) 2.442ms
[15095.031s][info][gc,cpu         ] GC(33043) User=0.01s Sys=0.00s Real=0.00s
[15095.544s][info][gc,start       ] GC(33044) Pause Young (Allocation Failure)
[15095.547s][info][gc,heap        ] GC(33044) PSYoungGen: 85088K(85504K)->1152K(110592K) Eden: 83968K(83968K)->0K(109056K) From: 1120K(1536K)->1152K(1536K)
[15095.547s][info][gc,heap        ] GC(33044) ParOldGen: 109493K(175104K)->109541K(175104K)
[15095.547s][info][gc,metaspace   ] GC(33044) Metaspace: 62350K(62592K)->62350K(62592K) NonClass: 53313K(53504K)->53313K(53504K) Class: 9037K(9088K)->9037K(9088K)
[15095.547s][info][gc             ] GC(33044) Pause Young (Allocation Failure) 190M->108M(279M) 2.658ms
[15095.547s][info][gc,cpu         ] GC(33044) User=0.00s Sys=0.00s Real=0.00s
[15096.274s][info][gc,start       ] GC(33045) Pause Young (Allocation Failure)
[15096.276s][info][gc,heap        ] GC(33045) PSYoungGen: 110208K(110592K)->352K(105984K) Eden: 109056K(109056K)->0K(105472K) From: 1152K(1536K)->352K(512K)
[15096.276s][info][gc,heap        ] GC(33045) ParOldGen: 109541K(175104K)->109557K(175104K)
[15096.276s][info][gc,metaspace   ] GC(33045) Metaspace: 62350K(62592K)->62350K(62592K) NonClass: 53313K(53504K)->53313K(53504K) Class: 9037K(9088K)->9037K(9088K)
[15096.276s][info][gc             ] GC(33045) Pause Young (Allocation Failure) 214M->107M(274M) 1.774ms
[15096.276s][info][gc,cpu         ] GC(33045) User=0.01s Sys=0.00s Real=0.01s
[15096.997s][info][gc,start       ] GC(33046) Pause Young (Allocation Failure)
[15096.999s][info][gc,heap        ] GC(33046) PSYoungGen: 105824K(105984K)->576K(104448K) Eden: 105472K(105472K)->0K(102400K) From: 352K(512K)->576K(2048K)
[15096.999s][info][gc,heap        ] GC(33046) ParOldGen: 109557K(175104K)->109573K(175104K)
[15096.999s][info][gc,metaspace   ] GC(33046) Metaspace: 62350K(62592K)->62350K(62592K) NonClass: 53313K(53504K)->53313K(53504K) Class: 9037K(9088K)->9037K(9088K)
[15096.999s][info][gc             ] GC(33046) Pause Young (Allocation Failure) 210M->107M(273M) 2.058ms
[15096.999s][info][gc,cpu         ] GC(33046) User=0.00s Sys=0.00s Real=0.00s
[15097.709s][info][gc,start       ] GC(33047) Pause Young (Allocation Failure)
[15097.711s][info][gc,heap        ] GC(33047) PSYoungGen: 102976K(104448K)->800K(100352K) Eden: 102400K(102400K)->0K(99328K) From: 576K(2048K)->800K(1024K)
[15097.711s][info][gc,heap        ] GC(33047) ParOldGen: 109573K(175104K)->109589K(175104K)
[15097.711s][info][gc,metaspace   ] GC(33047) Metaspace: 62350K(62592K)->62350K(62592K) NonClass: 53313K(53504K)->53313K(53504K) Class: 9037K(9088K)->9037K(9088K)
[15097.711s][info][gc             ] GC(33047) Pause Young (Allocation Failure) 207M->107M(269M) 2.318ms
[15097.711s][info][gc,cpu         ] GC(33047) User=0.00s Sys=0.00s Real=0.00s
[15098.404s][info][gc,start       ] GC(33048) Pause Young (Allocation Failure)
[15098.406s][info][gc,heap        ] GC(33048) PSYoungGen: 100128K(100352K)->736K(98304K) Eden: 99328K(99328K)->0K(96256K) From: 800K(1024K)->736K(2048K)
[15098.406s][info][gc,heap        ] GC(33048) ParOldGen: 109589K(175104K)->109605K(175104K)
[15098.406s][info][gc,metaspace   ] GC(33048) Metaspace: 62350K(62592K)->62350K(62592K) NonClass: 53313K(53504K)->53313K(53504K) Class: 9037K(9088K)->9037K(9088K)
[15098.406s][info][gc             ] GC(33048) Pause Young (Allocation Failure) 204M->107M(267M) 2.164ms
[15098.406s][info][gc,cpu         ] GC(33048) User=0.01s Sys=0.01s Real=0.00s
[15098.997s][info][gc,start       ] GC(33049) Pause Young (Allocation Failure)
[15098.999s][info][gc,heap        ] GC(33049) PSYoungGen: 96992K(98304K)->640K(94208K) Eden: 96256K(96256K)->0K(93184K) From: 736K(2048K)->640K(1024K)
[15098.999s][info][gc,heap        ] GC(33049) ParOldGen: 109605K(175104K)->109637K(175104K)
[15098.999s][info][gc,metaspace   ] GC(33049) Metaspace: 62350K(62592K)->62350K(62592K) NonClass: 53313K(53504K)->53313K(53504K) Class: 9037K(9088K)->9037K(9088K)
[15098.999s][info][gc             ] GC(33049) Pause Young (Allocation Failure) 201M->107M(263M) 2.033ms
[15098.999s][info][gc,cpu         ] GC(33049) User=0.01s Sys=0.00s Real=0.00s
[15099.569s][info][gc,start       ] GC(33050) Pause Young (Allocation Failure)
[15099.572s][info][gc,heap        ] GC(33050) PSYoungGen: 93824K(94208K)->1344K(92160K) Eden: 93184K(93184K)->0K(90624K) From: 640K(1024K)->1344K(1536K)
[15099.572s][info][gc,heap        ] GC(33050) ParOldGen: 109637K(175104K)->110693K(175104K)
[15099.572s][info][gc,metaspace   ] GC(33050) Metaspace: 62350K(62592K)->62350K(62592K) NonClass: 53313K(53504K)->53313K(53504K) Class: 9037K(9088K)->9037K(9088K)
[15099.572s][info][gc             ] GC(33050) Pause Young (Allocation Failure) 198M->109M(261M) 2.326ms
[15099.572s][info][gc,cpu         ] GC(33050) User=0.01s Sys=0.00s Real=0.00s
[15100.130s][info][gc,start       ] GC(33051) Pause Young (Allocation Failure)
[15100.133s][info][gc,heap        ] GC(33051) PSYoungGen: 91968K(92160K)->1024K(89088K) Eden: 90624K(90624K)->0K(88064K) From: 1344K(1536K)->1024K(1024K)
[15100.133s][info][gc,heap        ] GC(33051) ParOldGen: 110693K(175104K)->111821K(175104K)
[15100.133s][info][gc,metaspace   ] GC(33051) Metaspace: 62350K(62592K)->62350K(62592K) NonClass: 53313K(53504K)->53313K(53504K) Class: 9037K(9088K)->9037K(9088K)
[15100.133s][info][gc             ] GC(33051) Pause Young (Allocation Failure) 197M->110M(258M) 2.592ms
[15100.133s][info][gc,cpu         ] GC(33051) User=0.00s Sys=0.00s Real=0.00s
[15100.668s][info][gc,start       ] GC(33052) Pause Young (Allocation Failure)
[15100.669s][info][gc,heap        ] GC(33052) PSYoungGen: 89088K(89088K)->288K(86016K) Eden: 88064K(88064K)->0K(85504K) From: 1024K(1024K)->288K(512K)
[15100.669s][info][gc,heap        ] GC(33052) ParOldGen: 111821K(175104K)->111853K(175104K)
[15100.670s][info][gc,metaspace   ] GC(33052) Metaspace: 62350K(62592K)->62350K(62592K) NonClass: 53313K(53504K)->53313K(53504K) Class: 9037K(9088K)->9037K(9088K)
[15100.670s][info][gc             ] GC(33052) Pause Young (Allocation Failure) 196M->109M(255M) 1.565ms
[15100.670s][info][gc,cpu         ] GC(33052) User=0.01s Sys=0.00s Real=0.00s
[15101.176s][info][gc,start       ] GC(33053) Pause Young (Allocation Failure)
[15101.178s][info][gc,heap        ] GC(33053) PSYoungGen: 85792K(86016K)->384K(102912K) Eden: 85504K(85504K)->0K(102400K) From: 288K(512K)->384K(512K)
[15101.178s][info][gc,heap        ] GC(33053) ParOldGen: 111853K(175104K)->111901K(175104K)
[15101.178s][info][gc,metaspace   ] GC(33053) Metaspace: 62350K(62592K)->62350K(62592K) NonClass: 53313K(53504K)->53313K(53504K) Class: 9037K(9088K)->9037K(9088K)
[15101.178s][info][gc             ] GC(33053) Pause Young (Allocation Failure) 193M->109M(271M) 1.986ms
[15101.178s][info][gc,cpu         ] GC(33053) User=0.01s Sys=0.00s Real=0.00s
[15101.833s][info][gc,start       ] GC(33054) Pause Young (Allocation Failure)
[15101.836s][info][gc,heap        ] GC(33054) PSYoungGen: 102784K(102912K)->1152K(101376K) Eden: 102400K(102400K)->0K(99328K) From: 384K(512K)->1152K(2048K)
[15101.836s][info][gc,heap        ] GC(33054) ParOldGen: 111901K(175104K)->111917K(175104K)
[15101.836s][info][gc,metaspace   ] GC(33054) Metaspace: 62350K(62592K)->62350K(62592K) NonClass: 53313K(53504K)->53313K(53504K) Class: 9037K(9088K)->9037K(9088K)
[15101.836s][info][gc             ] GC(33054) Pause Young (Allocation Failure) 209M->110M(270M) 2.823ms
[15101.836s][info][gc,cpu         ] GC(33054) User=0.00s Sys=0.00s Real=0.01s
[15102.453s][info][gc,start       ] GC(33055) Pause Young (Allocation Failure)
[15102.455s][info][gc,heap        ] GC(33055) PSYoungGen: 100480K(101376K)->1376K(97792K) Eden: 99328K(99328K)->0K(96256K) From: 1152K(2048K)->1376K(1536K)
[15102.455s][info][gc,heap        ] GC(33055) ParOldGen: 111917K(175104K)->111989K(175104K)
[15102.455s][info][gc,metaspace   ] GC(33055) Metaspace: 62350K(62592K)->62350K(62592K) NonClass: 53313K(53504K)->53313K(53504K) Class: 9037K(9088K)->9037K(9088K)
[15102.455s][info][gc             ] GC(33055) Pause Young (Allocation Failure) 207M->110M(266M) 2.705ms
[15102.455s][info][gc,cpu         ] GC(33055) User=0.01s Sys=0.00s Real=0.01s
[15103.004s][info][gc,start       ] GC(33056) Pause Young (Allocation Failure)
[15103.006s][info][gc,heap        ] GC(33056) PSYoungGen: 97632K(97792K)->864K(94208K) Eden: 96256K(96256K)->0K(93184K) From: 1376K(1536K)->864K(1024K)
[15103.006s][info][gc,heap        ] GC(33056) ParOldGen: 111989K(175104K)->112013K(175104K)
[15103.006s][info][gc,metaspace   ] GC(33056) Metaspace: 62350K(62592K)->62350K(62592K) NonClass: 53313K(53504K)->53313K(53504K) Class: 9037K(9088K)->9037K(9088K)
[15103.006s][info][gc             ] GC(33056) Pause Young (Allocation Failure) 204M->110M(263M) 2.210ms
[15103.006s][info][gc,cpu         ] GC(33056) User=0.00s Sys=0.00s Real=0.01s
[15103.566s][info][gc,start       ] GC(33057) Pause Young (Allocation Failure)
[15103.568s][info][gc,heap        ] GC(33057) PSYoungGen: 94048K(94208K)->256K(91136K) Eden: 93184K(93184K)->0K(90624K) From: 864K(1024K)->256K(512K)
[15103.568s][info][gc,heap        ] GC(33057) ParOldGen: 112013K(175104K)->112045K(175104K)
[15103.568s][info][gc,metaspace   ] GC(33057) Metaspace: 62350K(62592K)->62350K(62592K) NonClass: 53313K(53504K)->53313K(53504K) Class: 9037K(9088K)->9037K(9088K)
[15103.568s][info][gc             ] GC(33057) Pause Young (Allocation Failure) 201M->109M(260M) 1.666ms
[15103.568s][info][gc,cpu         ] GC(33057) User=0.00s Sys=0.00s Real=0.00s
[15104.086s][info][gc,start       ] GC(33058) Pause Young (Allocation Failure)
[15104.088s][info][gc,heap        ] GC(33058) PSYoungGen: 90880K(91136K)->576K(90112K) Eden: 90624K(90624K)->0K(88064K) From: 256K(512K)->576K(2048K)
[15104.088s][info][gc,heap        ] GC(33058) ParOldGen: 112045K(175104K)->112077K(175104K)
[15104.088s][info][gc,metaspace   ] GC(33058) Metaspace: 62350K(62592K)->62350K(62592K) NonClass: 53313K(53504K)->53313K(53504K) Class: 9037K(9088K)->9037K(9088K)
[15104.088s][info][gc             ] GC(33058) Pause Young (Allocation Failure) 198M->110M(259M) 1.884ms
[15104.088s][info][gc,cpu         ] GC(33058) User=0.00s Sys=0.00s Real=0.00s
[15104.616s][info][gc,start       ] GC(33059) Pause Young (Allocation Failure)
[15104.619s][info][gc,heap        ] GC(33059) PSYoungGen: 88640K(90112K)->2016K(87552K) Eden: 88064K(88064K)->0K(85504K) From: 576K(2048K)->2016K(2048K)
[15104.619s][info][gc,heap        ] GC(33059) ParOldGen: 112077K(175104K)->112133K(175104K)
[15104.619s][info][gc,metaspace   ] GC(33059) Metaspace: 62350K(62592K)->62350K(62592K) NonClass: 53313K(53504K)->53313K(53504K) Class: 9037K(9088K)->9037K(9088K)
[15104.619s][info][gc             ] GC(33059) Pause Young (Allocation Failure) 196M->111M(256M) 2.494ms
[15104.619s][info][gc,cpu         ] GC(33059) User=0.00s Sys=0.00s Real=0.00s
[15105.075s][info][gc,start       ] GC(33060) Pause Young (Allocation Failure)
[15105.077s][info][gc,heap        ] GC(33060) PSYoungGen: 87520K(87552K)->384K(83456K) Eden: 85504K(85504K)->0K(82944K) From: 2016K(2048K)->384K(512K)
[15105.077s][info][gc,heap        ] GC(33060) ParOldGen: 112133K(175104K)->113206K(175104K)
[15105.077s][info][gc,metaspace   ] GC(33060) Metaspace: 62350K(62592K)->62350K(62592K) NonClass: 53313K(53504K)->53313K(53504K) Class: 9037K(9088K)->9037K(9088K)
[15105.077s][info][gc             ] GC(33060) Pause Young (Allocation Failure) 194M->110M(252M) 1.994ms
[15105.077s][info][gc,cpu         ] GC(33060) User=0.01s Sys=0.00s Real=0.00s
[15105.571s][info][gc,start       ] GC(33061) Pause Young (Allocation Failure)
[15105.573s][info][gc,heap        ] GC(33061) PSYoungGen: 83328K(83456K)->320K(95232K) Eden: 82944K(82944K)->0K(94720K) From: 384K(512K)->320K(512K)
[15105.573s][info][gc,heap        ] GC(33061) ParOldGen: 113206K(175104K)->113262K(175104K)
[15105.573s][info][gc,metaspace   ] GC(33061) Metaspace: 62350K(62592K)->62350K(62592K) NonClass: 53313K(53504K)->53313K(53504K) Class: 9037K(9088K)->9037K(9088K)
[15105.573s][info][gc             ] GC(33061) Pause Young (Allocation Failure) 191M->110M(264M) 1.790ms
[15105.573s][info][gc,cpu         ] GC(33061) User=0.01s Sys=0.00s Real=0.00s
[15106.067s][info][gc,start       ] GC(33062) Pause Young (Allocation Failure)
[15106.069s][info][gc,heap        ] GC(33062) PSYoungGen: 95040K(95232K)->288K(94208K) Eden: 94720K(94720K)->0K(91648K) From: 320K(512K)->288K(2560K)
[15106.069s][info][gc,heap        ] GC(33062) ParOldGen: 113262K(175104K)->113294K(175104K)
[15106.069s][info][gc,metaspace   ] GC(33062) Metaspace: 62350K(62592K)->62350K(62592K) NonClass: 53313K(53504K)->53313K(53504K) Class: 9037K(9088K)->9037K(9088K)
[15106.069s][info][gc             ] GC(33062) Pause Young (Allocation Failure) 203M->110M(263M) 1.554ms
[15106.069s][info][gc,cpu         ] GC(33062) User=0.00s Sys=0.00s Real=0.00s
[15106.580s][info][gc,start       ] GC(33063) Pause Young (Allocation Failure)
[15106.582s][info][gc,heap        ] GC(33063) PSYoungGen: 91936K(94208K)->448K(89600K) Eden: 91648K(91648K)->0K(89088K) From: 288K(2560K)->448K(512K)
[15106.582s][info][gc,heap        ] GC(33063) ParOldGen: 113294K(175104K)->113334K(175104K)
[15106.582s][info][gc,metaspace   ] GC(33063) Metaspace: 62350K(62592K)->62350K(62592K) NonClass: 53313K(53504K)->53313K(53504K) Class: 9037K(9088K)->9037K(9088K)
[15106.582s][info][gc             ] GC(33063) Pause Young (Allocation Failure) 200M->111M(258M) 2.020ms
[15106.582s][info][gc,cpu         ] GC(33063) User=0.00s Sys=0.00s Real=0.00s
[15107.077s][info][gc,start       ] GC(33064) Pause Young (Allocation Failure)
[15107.079s][info][gc,heap        ] GC(33064) PSYoungGen: 89536K(89600K)->416K(89088K) Eden: 89088K(89088K)->0K(86528K) From: 448K(512K)->416K(2560K)
[15107.079s][info][gc,heap        ] GC(33064) ParOldGen: 113334K(175104K)->113374K(175104K)
[15107.079s][info][gc,metaspace   ] GC(33064) Metaspace: 62350K(62592K)->62350K(62592K) NonClass: 53313K(53504K)->53313K(53504K) Class: 9037K(9088K)->9037K(9088K)
[15107.079s][info][gc             ] GC(33064) Pause Young (Allocation Failure) 198M->111M(258M) 1.676ms
[15107.079s][info][gc,cpu         ] GC(33064) User=0.00s Sys=0.00s Real=0.00s
[15107.615s][info][gc,start       ] GC(33065) Pause Young (Allocation Failure)
[15107.617s][info][gc,heap        ] GC(33065) PSYoungGen: 86944K(89088K)->992K(84992K) Eden: 86528K(86528K)->0K(83968K) From: 416K(2560K)->992K(1024K)
[15107.617s][info][gc,heap        ] GC(33065) ParOldGen: 113374K(175104K)->113414K(175104K)
[15107.617s][info][gc,metaspace   ] GC(33065) Metaspace: 62350K(62592K)->62350K(62592K) NonClass: 53313K(53504K)->53313K(53504K) Class: 9037K(9088K)->9037K(9088K)
[15107.617s][info][gc             ] GC(33065) Pause Young (Allocation Failure) 195M->111M(254M) 2.422ms
[15107.617s][info][gc,cpu         ] GC(33065) User=0.01s Sys=0.00s Real=0.00s
[15108.115s][info][gc,start       ] GC(33066) Pause Young (Allocation Failure)
[15108.117s][info][gc,heap        ] GC(33066) PSYoungGen: 84960K(84992K)->832K(93696K) Eden: 83968K(83968K)->0K(92672K) From: 992K(1024K)->832K(1024K)
[15108.117s][info][gc,heap        ] GC(33066) ParOldGen: 113414K(175104K)->113462K(175104K)
[15108.117s][info][gc,metaspace   ] GC(33066) Metaspace: 62350K(62592K)->62350K(62592K) NonClass: 53313K(53504K)->53313K(53504K) Class: 9037K(9088K)->9037K(9088K)
[15108.117s][info][gc             ] GC(33066) Pause Young (Allocation Failure) 193M->111M(262M) 2.223ms
[15108.117s][info][gc,cpu         ] GC(33066) User=0.00s Sys=0.00s Real=0.00s
[15108.616s][info][gc,start       ] GC(33067) Pause Young (Allocation Failure)
[15108.618s][info][gc,heap        ] GC(33067) PSYoungGen: 93504K(93696K)->960K(91136K) Eden: 92672K(92672K)->0K(90112K) From: 832K(1024K)->960K(1024K)
[15108.618s][info][gc,heap        ] GC(33067) ParOldGen: 113462K(175104K)->113494K(175104K)
[15108.618s][info][gc,metaspace   ] GC(33067) Metaspace: 62350K(62592K)->62350K(62592K) NonClass: 53313K(53504K)->53313K(53504K) Class: 9037K(9088K)->9037K(9088K)
[15108.618s][info][gc             ] GC(33067) Pause Young (Allocation Failure) 202M->111M(260M) 2.460ms
[15108.618s][info][gc,cpu         ] GC(33067) User=0.01s Sys=0.00s Real=0.00s
[15109.132s][info][gc,start       ] GC(33068) Pause Young (Allocation Failure)
[15109.134s][info][gc,heap        ] GC(33068) PSYoungGen: 91072K(91136K)->1088K(89088K) Eden: 90112K(90112K)->0K(87552K) From: 960K(1024K)->1088K(1536K)
[15109.134s][info][gc,heap        ] GC(33068) ParOldGen: 113494K(175104K)->113534K(175104K)
[15109.134s][info][gc,metaspace   ] GC(33068) Metaspace: 62350K(62592K)->62350K(62592K) NonClass: 53313K(53504K)->53313K(53504K) Class: 9037K(9088K)->9037K(9088K)
[15109.134s][info][gc             ] GC(33068) Pause Young (Allocation Failure) 199M->111M(258M) 2.508ms
[15109.134s][info][gc,cpu         ] GC(33068) User=0.00s Sys=0.00s Real=0.00s
[15109.707s][info][gc,start       ] GC(33069) Pause Young (Allocation Failure)
[15109.709s][info][gc,heap        ] GC(33069) PSYoungGen: 88640K(89088K)->1856K(87040K) Eden: 87552K(87552K)->0K(84992K) From: 1088K(1536K)->1856K(2048K)
[15109.709s][info][gc,heap        ] GC(33069) ParOldGen: 113534K(175104K)->113582K(175104K)
[15109.709s][info][gc,metaspace   ] GC(33069) Metaspace: 62350K(62592K)->62350K(62592K) NonClass: 53313K(53504K)->53313K(53504K) Class: 9037K(9088K)->9037K(9088K)
[15109.709s][info][gc             ] GC(33069) Pause Young (Allocation Failure) 197M->112M(256M) 2.302ms
[15109.709s][info][gc,cpu         ] GC(33069) User=0.00s Sys=0.00s Real=0.00s
[15110.210s][info][gc,start       ] GC(33070) Pause Young (Allocation Failure)
[15110.213s][info][gc,heap        ] GC(33070) PSYoungGen: 86848K(87040K)->896K(90624K) Eden: 84992K(84992K)->0K(89600K) From: 1856K(2048K)->896K(1024K)
[15110.213s][info][gc,heap        ] GC(33070) ParOldGen: 113582K(175104K)->114702K(175104K)
[15110.213s][info][gc,metaspace   ] GC(33070) Metaspace: 62350K(62592K)->62350K(62592K) NonClass: 53313K(53504K)->53313K(53504K) Class: 9037K(9088K)->9037K(9088K)
[15110.213s][info][gc             ] GC(33070) Pause Young (Allocation Failure) 195M->112M(259M) 2.556ms
[15110.213s][info][gc,cpu         ] GC(33070) User=0.01s Sys=0.00s Real=0.00s
[15110.684s][info][gc,start       ] GC(33071) Pause Young (Allocation Failure)
[15110.686s][info][gc,heap        ] GC(33071) PSYoungGen: 90496K(90624K)->544K(88064K) Eden: 89600K(89600K)->0K(87040K) From: 896K(1024K)->544K(1024K)
[15110.686s][info][gc,heap        ] GC(33071) ParOldGen: 114702K(175104K)->114742K(175104K)
[15110.686s][info][gc,metaspace   ] GC(33071) Metaspace: 62350K(62592K)->62350K(62592K) NonClass: 53313K(53504K)->53313K(53504K) Class: 9037K(9088K)->9037K(9088K)
[15110.686s][info][gc             ] GC(33071) Pause Young (Allocation Failure) 200M->112M(257M) 1.983ms
[15110.686s][info][gc,cpu         ] GC(33071) User=0.00s Sys=0.00s Real=0.01s
[15111.207s][info][gc,start       ] GC(33072) Pause Young (Allocation Failure)
[15111.209s][info][gc,heap        ] GC(33072) PSYoungGen: 87584K(88064K)->800K(85504K) Eden: 87040K(87040K)->0K(84480K) From: 544K(1024K)->800K(1024K)
[15111.209s][info][gc,heap        ] GC(33072) ParOldGen: 114742K(175104K)->114790K(175104K)
[15111.209s][info][gc,metaspace   ] GC(33072) Metaspace: 62350K(62592K)->62350K(62592K) NonClass: 53313K(53504K)->53313K(53504K) Class: 9037K(9088K)->9037K(9088K)
[15111.209s][info][gc             ] GC(33072) Pause Young (Allocation Failure) 197M->112M(254M) 2.148ms
[15111.209s][info][gc,cpu         ] GC(33072) User=0.01s Sys=0.00s Real=0.00s
[15111.711s][info][gc,start       ] GC(33073) Pause Young (Allocation Failure)
[15111.713s][info][gc,heap        ] GC(33073) PSYoungGen: 85280K(85504K)->864K(87552K) Eden: 84480K(84480K)->0K(86528K) From: 800K(1024K)->864K(1024K)
[15111.713s][info][gc,heap        ] GC(33073) ParOldGen: 114790K(175104K)->114846K(175104K)
[15111.713s][info][gc,metaspace   ] GC(33073) Metaspace: 62350K(62592K)->62350K(62592K) NonClass: 53313K(53504K)->53313K(53504K) Class: 9037K(9088K)->9037K(9088K)
[15111.713s][info][gc             ] GC(33073) Pause Young (Allocation Failure) 195M->112M(256M) 2.381ms
[15111.713s][info][gc,cpu         ] GC(33073) User=0.00s Sys=0.00s Real=0.00s
[15112.227s][info][gc,start       ] GC(33074) Pause Young (Allocation Failure)
[15112.230s][info][gc,heap        ] GC(33074) PSYoungGen: 87392K(87552K)->1152K(85504K) Eden: 86528K(86528K)->0K(83968K) From: 864K(1024K)->1152K(1536K)
[15112.230s][info][gc,heap        ] GC(33074) ParOldGen: 114846K(175104K)->114894K(175104K)
[15112.230s][info][gc,metaspace   ] GC(33074) Metaspace: 62350K(62592K)->62350K(62592K) NonClass: 53313K(53504K)->53313K(53504K) Class: 9037K(9088K)->9037K(9088K)
[15112.230s][info][gc             ] GC(33074) Pause Young (Allocation Failure) 197M->113M(254M) 2.568ms
[15112.230s][info][gc,cpu         ] GC(33074) User=0.00s Sys=0.00s Real=0.00s
[15112.674s][info][gc,start       ] GC(33075) Pause Young (Allocation Failure)
[15112.676s][info][gc,heap        ] GC(33075) PSYoungGen: 85120K(85504K)->352K(84992K) Eden: 83968K(83968K)->0K(84480K) From: 1152K(1536K)->352K(512K)
[15112.676s][info][gc,heap        ] GC(33075) ParOldGen: 114894K(175104K)->114950K(175104K)
[15112.676s][info][gc,metaspace   ] GC(33075) Metaspace: 62350K(62592K)->62350K(62592K) NonClass: 53313K(53504K)->53313K(53504K) Class: 9037K(9088K)->9037K(9088K)
[15112.676s][info][gc             ] GC(33075) Pause Young (Allocation Failure) 195M->112M(254M) 1.851ms
[15112.676s][info][gc,cpu         ] GC(33075) User=0.00s Sys=0.00s Real=0.01s
[15113.177s][info][gc,start       ] GC(33076) Pause Young (Allocation Failure)
[15113.179s][info][gc,heap        ] GC(33076) PSYoungGen: 84832K(84992K)->384K(86528K) Eden: 84480K(84480K)->0K(84480K) From: 352K(512K)->384K(2048K)
[15113.179s][info][gc,heap        ] GC(33076) ParOldGen: 114950K(175104K)->114998K(175104K)
[15113.179s][info][gc,metaspace   ] GC(33076) Metaspace: 62350K(62592K)->62350K(62592K) NonClass: 53313K(53504K)->53313K(53504K) Class: 9037K(9088K)->9037K(9088K)
[15113.179s][info][gc             ] GC(33076) Pause Young (Allocation Failure) 195M->112M(255M) 1.666ms
[15113.179s][info][gc,cpu         ] GC(33076) User=0.00s Sys=0.00s Real=0.00s
[15113.658s][info][gc,start       ] GC(33077) Pause Young (Allocation Failure)
[15113.661s][info][gc,heap        ] GC(33077) PSYoungGen: 84864K(86528K)->1376K(85504K) Eden: 84480K(84480K)->0K(83968K) From: 384K(2048K)->1376K(1536K)
[15113.661s][info][gc,heap        ] GC(33077) ParOldGen: 114998K(175104K)->115046K(175104K)
[15113.661s][info][gc,metaspace   ] GC(33077) Metaspace: 62350K(62592K)->62350K(62592K) NonClass: 53313K(53504K)->53313K(53504K) Class: 9037K(9088K)->9037K(9088K)
[15113.661s][info][gc             ] GC(33077) Pause Young (Allocation Failure) 195M->113M(254M) 3.006ms
[15113.661s][info][gc,cpu         ] GC(33077) User=0.00s Sys=0.00s Real=0.00s
[15114.130s][info][gc,start       ] GC(33078) Pause Young (Allocation Failure)
[15114.132s][info][gc,heap        ] GC(33078) PSYoungGen: 85344K(85504K)->1120K(85504K) Eden: 83968K(83968K)->0K(83968K) From: 1376K(1536K)->1120K(1536K)
[15114.132s][info][gc,heap        ] GC(33078) ParOldGen: 115046K(175104K)->115094K(175104K)
[15114.132s][info][gc,metaspace   ] GC(33078) Metaspace: 62350K(62592K)->62350K(62592K) NonClass: 53313K(53504K)->53313K(53504K) Class: 9037K(9088K)->9037K(9088K)
[15114.132s][info][gc             ] GC(33078) Pause Young (Allocation Failure) 195M->113M(254M) 2.499ms
[15114.132s][info][gc,cpu         ] GC(33078) User=0.01s Sys=0.00s Real=0.00s
[15114.614s][info][gc,start       ] GC(33079) Pause Young (Allocation Failure)
[15114.616s][info][gc,heap        ] GC(33079) PSYoungGen: 85088K(85504K)->1504K(83456K) Eden: 83968K(83968K)->0K(81920K) From: 1120K(1536K)->1504K(1536K)
[15114.616s][info][gc,heap        ] GC(33079) ParOldGen: 115094K(175104K)->115518K(175104K)
[15114.616s][info][gc,metaspace   ] GC(33079) Metaspace: 62350K(62592K)->62350K(62592K) NonClass: 53313K(53504K)->53313K(53504K) Class: 9037K(9088K)->9037K(9088K)
[15114.616s][info][gc             ] GC(33079) Pause Young (Allocation Failure) 195M->114M(252M) 2.331ms
[15114.616s][info][gc,cpu         ] GC(33079) User=0.01s Sys=0.00s Real=0.01s
[15115.126s][info][gc,start       ] GC(33080) Pause Young (Allocation Failure)
[15115.128s][info][gc,heap        ] GC(33080) PSYoungGen: 83424K(83456K)->1056K(84480K) Eden: 81920K(81920K)->0K(81920K) From: 1504K(1536K)->1056K(2560K)
[15115.128s][info][gc,heap        ] GC(33080) ParOldGen: 115518K(175104K)->116566K(175104K)
[15115.128s][info][gc,metaspace   ] GC(33080) Metaspace: 62350K(62592K)->62350K(62592K) NonClass: 53313K(53504K)->53313K(53504K) Class: 9037K(9088K)->9037K(9088K)
[15115.129s][info][gc             ] GC(33080) Pause Young (Allocation Failure) 194M->114M(253M) 2.441ms
[15115.129s][info][gc,cpu         ] GC(33080) User=0.00s Sys=0.00s Real=0.00s
[15115.620s][info][gc,start       ] GC(33081) Pause Young (Allocation Failure)
[15115.623s][info][gc,heap        ] GC(33081) PSYoungGen: 82976K(84480K)->960K(84992K) Eden: 81920K(81920K)->0K(82432K) From: 1056K(2560K)->960K(2560K)
[15115.623s][info][gc,heap        ] GC(33081) ParOldGen: 116566K(175104K)->116614K(175104K)
[15115.623s][info][gc,metaspace   ] GC(33081) Metaspace: 62350K(62592K)->62350K(62592K) NonClass: 53313K(53504K)->53313K(53504K) Class: 9037K(9088K)->9037K(9088K)
[15115.623s][info][gc             ] GC(33081) Pause Young (Allocation Failure) 194M->114M(254M) 2.258ms
[15115.623s][info][gc,cpu         ] GC(33081) User=0.01s Sys=0.00s Real=0.00s
[15116.132s][info][gc,start       ] GC(33082) Pause Young (Allocation Failure)
[15116.134s][info][gc,heap        ] GC(33082) PSYoungGen: 83392K(84992K)->1088K(84480K) Eden: 82432K(82432K)->0K(82432K) From: 960K(2560K)->1088K(2048K)
[15116.134s][info][gc,heap        ] GC(33082) ParOldGen: 116614K(175104K)->116670K(175104K)
[15116.134s][info][gc,metaspace   ] GC(33082) Metaspace: 62350K(62592K)->62350K(62592K) NonClass: 53313K(53504K)->53313K(53504K) Class: 9037K(9088K)->9037K(9088K)
[15116.134s][info][gc             ] GC(33082) Pause Young (Allocation Failure) 195M->114M(253M) 2.421ms
[15116.134s][info][gc,cpu         ] GC(33082) User=0.01s Sys=0.00s Real=0.00s
[15116.636s][info][gc,start       ] GC(33083) Pause Young (Allocation Failure)
[15116.638s][info][gc,heap        ] GC(33083) PSYoungGen: 83520K(84480K)->1184K(84992K) Eden: 82432K(82432K)->0K(82944K) From: 1088K(2048K)->1184K(2048K)
[15116.638s][info][gc,heap        ] GC(33083) ParOldGen: 116670K(175104K)->116726K(175104K)
[15116.638s][info][gc,metaspace   ] GC(33083) Metaspace: 62350K(62592K)->62350K(62592K) NonClass: 53313K(53504K)->53313K(53504K) Class: 9037K(9088K)->9037K(9088K)
[15116.639s][info][gc             ] GC(33083) Pause Young (Allocation Failure) 195M->115M(254M) 2.502ms
[15116.639s][info][gc,cpu         ] GC(33083) User=0.01s Sys=0.00s Real=0.00s
[15117.138s][info][gc,start       ] GC(33084) Pause Young (Allocation Failure)
[15117.141s][info][gc,heap        ] GC(33084) PSYoungGen: 84128K(84992K)->1184K(84992K) Eden: 82944K(82944K)->0K(82944K) From: 1184K(2048K)->1184K(2048K)
[15117.141s][info][gc,heap        ] GC(33084) ParOldGen: 116726K(175104K)->116774K(175104K)
[15117.141s][info][gc,metaspace   ] GC(33084) Metaspace: 62350K(62592K)->62350K(62592K) NonClass: 53313K(53504K)->53313K(53504K) Class: 9037K(9088K)->9037K(9088K)
[15117.141s][info][gc             ] GC(33084) Pause Young (Allocation Failure) 196M->115M(254M) 2.424ms
[15117.141s][info][gc,cpu         ] GC(33084) User=0.00s Sys=0.01s Real=0.00s
[15117.681s][info][gc,start       ] GC(33085) Pause Young (Allocation Failure)
[15117.683s][info][gc,heap        ] GC(33085) PSYoungGen: 84128K(84992K)->512K(84992K) Eden: 82944K(82944K)->0K(82944K) From: 1184K(2048K)->512K(2048K)
[15117.683s][info][gc,heap        ] GC(33085) ParOldGen: 116774K(175104K)->116822K(175104K)
[15117.683s][info][gc,metaspace   ] GC(33085) Metaspace: 62350K(62592K)->62350K(62592K) NonClass: 53313K(53504K)->53313K(53504K) Class: 9037K(9088K)->9037K(9088K)
[15117.683s][info][gc             ] GC(33085) Pause Young (Allocation Failure) 196M->114M(254M) 1.818ms
[15117.683s][info][gc,cpu         ] GC(33085) User=0.00s Sys=0.00s Real=0.00s
[15118.189s][info][gc,start       ] GC(33086) Pause Young (Allocation Failure)
[15118.190s][info][gc,heap        ] GC(33086) PSYoungGen: 83456K(84992K)->544K(84992K) Eden: 82944K(82944K)->0K(82944K) From: 512K(2048K)->544K(2048K)
[15118.190s][info][gc,heap        ] GC(33086) ParOldGen: 116822K(175104K)->116926K(175104K)
[15118.190s][info][gc,metaspace   ] GC(33086) Metaspace: 62350K(62592K)->62350K(62592K) NonClass: 53313K(53504K)->53313K(53504K) Class: 9037K(9088K)->9037K(9088K)
[15118.190s][info][gc             ] GC(33086) Pause Young (Allocation Failure) 195M->114M(254M) 1.857ms
[15118.190s][info][gc,cpu         ] GC(33086) User=0.00s Sys=0.00s Real=0.00s
[15118.687s][info][gc,start       ] GC(33087) Pause Young (Allocation Failure)
[15118.688s][info][gc,heap        ] GC(33087) PSYoungGen: 83488K(84992K)->512K(84992K) Eden: 82944K(82944K)->0K(82944K) From: 544K(2048K)->512K(2048K)
[15118.688s][info][gc,heap        ] GC(33087) ParOldGen: 116926K(175104K)->116974K(175104K)
[15118.688s][info][gc,metaspace   ] GC(33087) Metaspace: 62350K(62592K)->62350K(62592K) NonClass: 53313K(53504K)->53313K(53504K) Class: 9037K(9088K)->9037K(9088K)
[15118.688s][info][gc             ] GC(33087) Pause Young (Allocation Failure) 195M->114M(254M) 1.830ms
[15118.688s][info][gc,cpu         ] GC(33087) User=0.00s Sys=0.00s Real=0.00s
[15119.193s][info][gc,start       ] GC(33088) Pause Young (Allocation Failure)
[15119.195s][info][gc,heap        ] GC(33088) PSYoungGen: 83456K(84992K)->576K(84992K) Eden: 82944K(82944K)->0K(82944K) From: 512K(2048K)->576K(2048K)
[15119.195s][info][gc,heap        ] GC(33088) ParOldGen: 116974K(175104K)->117030K(175104K)
[15119.195s][info][gc,metaspace   ] GC(33088) Metaspace: 62350K(62592K)->62350K(62592K) NonClass: 53313K(53504K)->53313K(53504K) Class: 9037K(9088K)->9037K(9088K)
[15119.195s][info][gc             ] GC(33088) Pause Young (Allocation Failure) 195M->114M(254M) 1.892ms
[15119.195s][info][gc,cpu         ] GC(33088) User=0.01s Sys=0.00s Real=0.01s
[15119.687s][info][gc,start       ] GC(33089) Pause Young (Allocation Failure)
[15119.689s][info][gc,heap        ] GC(33089) PSYoungGen: 83520K(84992K)->544K(84992K) Eden: 82944K(82944K)->0K(82944K) From: 576K(2048K)->544K(2048K)
[15119.689s][info][gc,heap        ] GC(33089) ParOldGen: 117030K(175104K)->117078K(175104K)
[15119.689s][info][gc,metaspace   ] GC(33089) Metaspace: 62350K(62592K)->62350K(62592K) NonClass: 53313K(53504K)->53313K(53504K) Class: 9037K(9088K)->9037K(9088K)
[15119.689s][info][gc             ] GC(33089) Pause Young (Allocation Failure) 195M->114M(254M) 1.879ms
[15119.689s][info][gc,cpu         ] GC(33089) User=0.00s Sys=0.00s Real=0.00s
[15120.173s][info][gc,start       ] GC(33090) Pause Young (Allocation Failure)
[15120.174s][info][gc,heap        ] GC(33090) PSYoungGen: 83488K(84992K)->1344K(84992K) Eden: 82944K(82944K)->0K(82944K) From: 544K(2048K)->1344K(2048K)
[15120.174s][info][gc,heap        ] GC(33090) ParOldGen: 117078K(175104K)->117134K(175104K)
[15120.174s][info][gc,metaspace   ] GC(33090) Metaspace: 62350K(62592K)->62350K(62592K) NonClass: 53313K(53504K)->53313K(53504K) Class: 9037K(9088K)->9037K(9088K)
[15120.175s][info][gc             ] GC(33090) Pause Young (Allocation Failure) 195M->115M(254M) 1.773ms
[15120.175s][info][gc,cpu         ] GC(33090) User=0.01s Sys=0.00s Real=0.01s
[15120.662s][info][gc,start       ] GC(33091) Pause Young (Allocation Failure)
[15120.664s][info][gc,heap        ] GC(33091) PSYoungGen: 84288K(84992K)->192K(84992K) Eden: 82944K(82944K)->0K(82944K) From: 1344K(2048K)->192K(2048K)
[15120.664s][info][gc,heap        ] GC(33091) ParOldGen: 117134K(175104K)->118214K(175104K)
[15120.664s][info][gc,metaspace   ] GC(33091) Metaspace: 62350K(62592K)->62350K(62592K) NonClass: 53313K(53504K)->53313K(53504K) Class: 9037K(9088K)->9037K(9088K)
[15120.664s][info][gc             ] GC(33091) Pause Young (Allocation Failure) 196M->115M(254M) 1.685ms
[15120.664s][info][gc,cpu         ] GC(33091) User=0.00s Sys=0.00s Real=0.00s
[15121.154s][info][gc,start       ] GC(33092) Pause Young (Allocation Failure)
[15121.156s][info][gc,heap        ] GC(33092) PSYoungGen: 83136K(84992K)->1408K(84992K) Eden: 82944K(82944K)->0K(82944K) From: 192K(2048K)->1408K(2048K)
[15121.156s][info][gc,heap        ] GC(33092) ParOldGen: 118214K(175104K)->118270K(175104K)
[15121.156s][info][gc,metaspace   ] GC(33092) Metaspace: 62350K(62592K)->62350K(62592K) NonClass: 53313K(53504K)->53313K(53504K) Class: 9037K(9088K)->9037K(9088K)
[15121.156s][info][gc             ] GC(33092) Pause Young (Allocation Failure) 196M->116M(254M) 2.699ms
[15121.156s][info][gc,cpu         ] GC(33092) User=0.00s Sys=0.00s Real=0.01s
[15121.688s][info][gc,start       ] GC(33093) Pause Young (Allocation Failure)
[15121.690s][info][gc,heap        ] GC(33093) PSYoungGen: 84352K(84992K)->544K(84992K) Eden: 82944K(82944K)->0K(82944K) From: 1408K(2048K)->544K(2048K)
[15121.690s][info][gc,heap        ] GC(33093) ParOldGen: 118270K(175104K)->118326K(175104K)
[15121.690s][info][gc,metaspace   ] GC(33093) Metaspace: 62350K(62592K)->62350K(62592K) NonClass: 53313K(53504K)->53313K(53504K) Class: 9037K(9088K)->9037K(9088K)
[15121.690s][info][gc             ] GC(33093) Pause Young (Allocation Failure) 197M->116M(254M) 1.844ms
[15121.690s][info][gc,cpu         ] GC(33093) User=0.01s Sys=0.00s Real=0.00s
[15122.174s][info][gc,start       ] GC(33094) Pause Young (Allocation Failure)
[15122.176s][info][gc,heap        ] GC(33094) PSYoungGen: 83488K(84992K)->352K(84992K) Eden: 82944K(82944K)->0K(82944K) From: 544K(2048K)->352K(2048K)
[15122.176s][info][gc,heap        ] GC(33094) ParOldGen: 118326K(175104K)->118374K(175104K)
[15122.176s][info][gc,metaspace   ] GC(33094) Metaspace: 62350K(62592K)->62350K(62592K) NonClass: 53313K(53504K)->53313K(53504K) Class: 9037K(9088K)->9037K(9088K)
[15122.176s][info][gc             ] GC(33094) Pause Young (Allocation Failure) 197M->115M(254M) 1.653ms
[15122.176s][info][gc,cpu         ] GC(33094) User=0.00s Sys=0.00s Real=0.00s
[15122.689s][info][gc,start       ] GC(33095) Pause Young (Allocation Failure)
[15122.690s][info][gc,heap        ] GC(33095) PSYoungGen: 83296K(84992K)->544K(84992K) Eden: 82944K(82944K)->0K(82944K) From: 352K(2048K)->544K(2048K)
[15122.690s][info][gc,heap        ] GC(33095) ParOldGen: 118374K(175104K)->118422K(175104K)
[15122.691s][info][gc,metaspace   ] GC(33095) Metaspace: 62350K(62592K)->62350K(62592K) NonClass: 53313K(53504K)->53313K(53504K) Class: 9037K(9088K)->9037K(9088K)
[15122.691s][info][gc             ] GC(33095) Pause Young (Allocation Failure) 196M->116M(254M) 1.822ms
[15122.691s][info][gc,cpu         ] GC(33095) User=0.00s Sys=0.00s Real=0.00s
[15123.249s][info][gc,start       ] GC(33096) Pause Young (Allocation Failure)
[15123.252s][info][gc,heap        ] GC(33096) PSYoungGen: 83488K(84992K)->1312K(84992K) Eden: 82944K(82944K)->0K(82944K) From: 544K(2048K)->1312K(2048K)
[15123.252s][info][gc,heap        ] GC(33096) ParOldGen: 118422K(175104K)->118470K(175104K)
[15123.252s][info][gc,metaspace   ] GC(33096) Metaspace: 62350K(62592K)->62350K(62592K) NonClass: 53313K(53504K)->53313K(53504K) Class: 9037K(9088K)->9037K(9088K)
[15123.252s][info][gc             ] GC(33096) Pause Young (Allocation Failure) 197M->116M(254M) 2.953ms
[15123.252s][info][gc,cpu         ] GC(33096) User=0.01s Sys=0.00s Real=0.00s
[15123.757s][info][gc,start       ] GC(33097) Pause Young (Allocation Failure)
[15123.759s][info][gc,heap        ] GC(33097) PSYoungGen: 84256K(84992K)->1376K(84992K) Eden: 82944K(82944K)->0K(82944K) From: 1312K(2048K)->1376K(2048K)
[15123.759s][info][gc,heap        ] GC(33097) ParOldGen: 118470K(175104K)->118526K(175104K)
[15123.759s][info][gc,metaspace   ] GC(33097) Metaspace: 62350K(62592K)->62350K(62592K) NonClass: 53313K(53504K)->53313K(53504K) Class: 9037K(9088K)->9037K(9088K)
[15123.759s][info][gc             ] GC(33097) Pause Young (Allocation Failure) 197M->117M(254M) 2.766ms
[15123.760s][info][gc,cpu         ] GC(33097) User=0.01s Sys=0.00s Real=0.00s
[15124.281s][info][gc,start       ] GC(33098) Pause Young (Allocation Failure)
[15124.284s][info][gc,heap        ] GC(33098) PSYoungGen: 84320K(84992K)->416K(84992K) Eden: 82944K(82944K)->0K(82944K) From: 1376K(2048K)->416K(2048K)
[15124.284s][info][gc,heap        ] GC(33098) ParOldGen: 118526K(175104K)->118590K(175104K)
[15124.284s][info][gc,metaspace   ] GC(33098) Metaspace: 62350K(62592K)->62350K(62592K) NonClass: 53313K(53504K)->53313K(53504K) Class: 9037K(9088K)->9037K(9088K)
[15124.284s][info][gc             ] GC(33098) Pause Young (Allocation Failure) 198M->116M(254M) 2.525ms
[15124.284s][info][gc,cpu         ] GC(33098) User=0.01s Sys=0.00s Real=0.00s
[15124.744s][info][gc,start       ] GC(33099) Pause Young (Allocation Failure)
[15124.746s][info][gc,heap        ] GC(33099) PSYoungGen: 83360K(84992K)->1376K(83968K) Eden: 82944K(82944K)->0K(81920K) From: 416K(2048K)->1376K(2048K)
[15124.746s][info][gc,heap        ] GC(33099) ParOldGen: 118590K(175104K)->118638K(175104K)
[15124.746s][info][gc,metaspace   ] GC(33099) Metaspace: 62350K(62592K)->62350K(62592K) NonClass: 53313K(53504K)->53313K(53504K) Class: 9037K(9088K)->9037K(9088K)
[15124.746s][info][gc             ] GC(33099) Pause Young (Allocation Failure) 197M->117M(253M) 2.708ms
[15124.746s][info][gc,cpu         ] GC(33099) User=0.01s Sys=0.00s Real=0.01s
[15125.211s][info][gc,start       ] GC(33100) Pause Young (Allocation Failure)
[15125.213s][info][gc,heap        ] GC(33100) PSYoungGen: 83296K(83968K)->1920K(84480K) Eden: 81920K(81920K)->0K(81920K) From: 1376K(2048K)->1920K(2560K)
[15125.213s][info][gc,heap        ] GC(33100) ParOldGen: 118638K(175104K)->118694K(175104K)
[15125.213s][info][gc,metaspace   ] GC(33100) Metaspace: 62350K(62592K)->62350K(62592K) NonClass: 53313K(53504K)->53313K(53504K) Class: 9037K(9088K)->9037K(9088K)
[15125.213s][info][gc             ] GC(33100) Pause Young (Allocation Failure) 197M->117M(253M) 2.431ms
[15125.213s][info][gc,cpu         ] GC(33100) User=0.01s Sys=0.00s Real=0.00s
[15125.663s][info][gc,start       ] GC(33101) Pause Young (Allocation Failure)
[15125.664s][info][gc,heap        ] GC(33101) PSYoungGen: 83840K(84480K)->224K(84480K) Eden: 81920K(81920K)->0K(81920K) From: 1920K(2560K)->224K(2560K)
[15125.664s][info][gc,heap        ] GC(33101) ParOldGen: 118694K(175104K)->119774K(175104K)
[15125.664s][info][gc,metaspace   ] GC(33101) Metaspace: 62350K(62592K)->62350K(62592K) NonClass: 53313K(53504K)->53313K(53504K) Class: 9037K(9088K)->9037K(9088K)
[15125.664s][info][gc             ] GC(33101) Pause Young (Allocation Failure) 197M->117M(253M) 1.689ms
[15125.665s][info][gc,cpu         ] GC(33101) User=0.00s Sys=0.00s Real=0.01s
[15126.189s][info][gc,start       ] GC(33102) Pause Young (Allocation Failure)
[15126.190s][info][gc,heap        ] GC(33102) PSYoungGen: 82144K(84480K)->608K(84480K) Eden: 81920K(81920K)->0K(81920K) From: 224K(2560K)->608K(2560K)
[15126.191s][info][gc,heap        ] GC(33102) ParOldGen: 119774K(175104K)->119830K(175104K)
[15126.191s][info][gc,metaspace   ] GC(33102) Metaspace: 62350K(62592K)->62350K(62592K) NonClass: 53313K(53504K)->53313K(53504K) Class: 9037K(9088K)->9037K(9088K)
[15126.191s][info][gc             ] GC(33102) Pause Young (Allocation Failure) 197M->117M(253M) 1.922ms
[15126.191s][info][gc,cpu         ] GC(33102) User=0.00s Sys=0.00s Real=0.00s
[15126.580s][info][gc,start       ] GC(33103) Pause Young (Allocation Failure)
[15126.581s][info][gc,heap        ] GC(33103) PSYoungGen: 82528K(84480K)->480K(84480K) Eden: 81920K(81920K)->0K(81920K) From: 608K(2560K)->480K(2560K)
[15126.581s][info][gc,heap        ] GC(33103) ParOldGen: 119830K(175104K)->119934K(175104K)
[15126.581s][info][gc,metaspace   ] GC(33103) Metaspace: 62350K(62592K)->62350K(62592K) NonClass: 53313K(53504K)->53313K(53504K) Class: 9037K(9088K)->9037K(9088K)
[15126.581s][info][gc             ] GC(33103) Pause Young (Allocation Failure) 197M->117M(253M) 1.785ms
[15126.581s][info][gc,cpu         ] GC(33103) User=0.00s Sys=0.00s Real=0.00s
[15127.082s][info][gc,start       ] GC(33104) Pause Young (Allocation Failure)
[15127.084s][info][gc,heap        ] GC(33104) PSYoungGen: 82400K(84480K)->480K(84480K) Eden: 81920K(81920K)->0K(81920K) From: 480K(2560K)->480K(2560K)
[15127.084s][info][gc,heap        ] GC(33104) ParOldGen: 119934K(175104K)->119990K(175104K)
[15127.084s][info][gc,metaspace   ] GC(33104) Metaspace: 62350K(62592K)->62350K(62592K) NonClass: 53313K(53504K)->53313K(53504K) Class: 9037K(9088K)->9037K(9088K)
[15127.084s][info][gc             ] GC(33104) Pause Young (Allocation Failure) 197M->117M(253M) 1.733ms
[15127.084s][info][gc,cpu         ] GC(33104) User=0.00s Sys=0.00s Real=0.00s
[15127.590s][info][gc,start       ] GC(33105) Pause Young (Allocation Failure)
[15127.591s][info][gc,heap        ] GC(33105) PSYoungGen: 82400K(84480K)->576K(84992K) Eden: 81920K(81920K)->0K(82432K) From: 480K(2560K)->576K(2560K)
[15127.591s][info][gc,heap        ] GC(33105) ParOldGen: 119990K(175104K)->120038K(175104K)
[15127.591s][info][gc,metaspace   ] GC(33105) Metaspace: 62350K(62592K)->62350K(62592K) NonClass: 53313K(53504K)->53313K(53504K) Class: 9037K(9088K)->9037K(9088K)
[15127.591s][info][gc             ] GC(33105) Pause Young (Allocation Failure) 197M->117M(254M) 1.846ms
[15127.591s][info][gc,cpu         ] GC(33105) User=0.01s Sys=0.00s Real=0.00s
[15128.135s][info][gc,start       ] GC(33106) Pause Young (Allocation Failure)
[15128.138s][info][gc,heap        ] GC(33106) PSYoungGen: 83008K(84992K)->1152K(84480K) Eden: 82432K(82432K)->0K(82432K) From: 576K(2560K)->1152K(2048K)
[15128.138s][info][gc,heap        ] GC(33106) ParOldGen: 120038K(175104K)->120086K(175104K)
[15128.138s][info][gc,metaspace   ] GC(33106) Metaspace: 62350K(62592K)->62350K(62592K) NonClass: 53313K(53504K)->53313K(53504K) Class: 9037K(9088K)->9037K(9088K)
[15128.138s][info][gc             ] GC(33106) Pause Young (Allocation Failure) 198M->118M(253M) 2.530ms
[15128.138s][info][gc,cpu         ] GC(33106) User=0.01s Sys=0.00s Real=0.00s
[15128.591s][info][gc,start       ] GC(33107) Pause Young (Allocation Failure)
[15128.593s][info][gc,heap        ] GC(33107) PSYoungGen: 83584K(84480K)->640K(84992K) Eden: 82432K(82432K)->0K(82944K) From: 1152K(2048K)->640K(2048K)
[15128.593s][info][gc,heap        ] GC(33107) ParOldGen: 120086K(175104K)->120134K(175104K)
[15128.593s][info][gc,metaspace   ] GC(33107) Metaspace: 62350K(62592K)->62350K(62592K) NonClass: 53313K(53504K)->53313K(53504K) Class: 9037K(9088K)->9037K(9088K)
[15128.593s][info][gc             ] GC(33107) Pause Young (Allocation Failure) 198M->117M(254M) 2.003ms
[15128.593s][info][gc,cpu         ] GC(33107) User=0.01s Sys=0.00s Real=0.00s
[15129.059s][info][gc,start       ] GC(33108) Pause Young (Allocation Failure)
[15129.062s][info][gc,heap        ] GC(33108) PSYoungGen: 83584K(84992K)->1504K(84480K) Eden: 82944K(82944K)->0K(82944K) From: 640K(2048K)->1504K(1536K)
[15129.062s][info][gc,heap        ] GC(33108) ParOldGen: 120134K(175104K)->120182K(175104K)
[15129.062s][info][gc,metaspace   ] GC(33108) Metaspace: 62350K(62592K)->62350K(62592K) NonClass: 53313K(53504K)->53313K(53504K) Class: 9037K(9088K)->9037K(9088K)
[15129.062s][info][gc             ] GC(33108) Pause Young (Allocation Failure) 198M->118M(253M) 2.896ms
[15129.062s][info][gc,cpu         ] GC(33108) User=0.01s Sys=0.00s Real=0.00s
[15129.503s][info][gc,start       ] GC(33109) Pause Young (Allocation Failure)
[15129.505s][info][gc,heap        ] GC(33109) PSYoungGen: 84448K(84480K)->800K(84992K) Eden: 82944K(82944K)->0K(82432K) From: 1504K(1536K)->800K(2560K)
[15129.505s][info][gc,heap        ] GC(33109) ParOldGen: 120182K(175104K)->120238K(175104K)
[15129.505s][info][gc,metaspace   ] GC(33109) Metaspace: 62350K(62592K)->62350K(62592K) NonClass: 53313K(53504K)->53313K(53504K) Class: 9037K(9088K)->9037K(9088K)
[15129.505s][info][gc             ] GC(33109) Pause Young (Allocation Failure) 199M->118M(254M) 2.154ms
[15129.505s][info][gc,cpu         ] GC(33109) User=0.00s Sys=0.00s Real=0.01s
[15129.957s][info][gc,start       ] GC(33110) Pause Young (Allocation Failure)
[15129.960s][info][gc,heap        ] GC(33110) PSYoungGen: 83232K(84992K)->1472K(84480K) Eden: 82432K(82432K)->0K(82432K) From: 800K(2560K)->1472K(2048K)
[15129.960s][info][gc,heap        ] GC(33110) ParOldGen: 120238K(175104K)->120294K(175104K)
[15129.960s][info][gc,metaspace   ] GC(33110) Metaspace: 62350K(62592K)->62350K(62592K) NonClass: 53313K(53504K)->53313K(53504K) Class: 9037K(9088K)->9037K(9088K)
[15129.960s][info][gc             ] GC(33110) Pause Young (Allocation Failure) 198M->118M(253M) 2.795ms
[15129.960s][info][gc,cpu         ] GC(33110) User=0.01s Sys=0.00s Real=0.00s
[15130.373s][info][gc,start       ] GC(33111) Pause Young (Allocation Failure)
[15130.375s][info][gc,heap        ] GC(33111) PSYoungGen: 83904K(84480K)->2400K(84480K) Eden: 82432K(82432K)->0K(81920K) From: 1472K(2048K)->2400K(2560K)
[15130.375s][info][gc,heap        ] GC(33111) ParOldGen: 120294K(175104K)->120342K(175104K)
[15130.375s][info][gc,metaspace   ] GC(33111) Metaspace: 62350K(62592K)->62350K(62592K) NonClass: 53313K(53504K)->53313K(53504K) Class: 9037K(9088K)->9037K(9088K)
[15130.375s][info][gc             ] GC(33111) Pause Young (Allocation Failure) 199M->119M(253M) 1.888ms
[15130.375s][info][gc,cpu         ] GC(33111) User=0.01s Sys=0.00s Real=0.01s
[15130.810s][info][gc,start       ] GC(33112) Pause Young (Allocation Failure)
[15130.812s][info][gc,heap        ] GC(33112) PSYoungGen: 84320K(84480K)->896K(84480K) Eden: 81920K(81920K)->0K(81920K) From: 2400K(2560K)->896K(2560K)
[15130.812s][info][gc,heap        ] GC(33112) ParOldGen: 120342K(175104K)->121422K(175104K)
[15130.812s][info][gc,metaspace   ] GC(33112) Metaspace: 62350K(62592K)->62350K(62592K) NonClass: 53313K(53504K)->53313K(53504K) Class: 9037K(9088K)->9037K(9088K)
[15130.812s][info][gc             ] GC(33112) Pause Young (Allocation Failure) 199M->119M(253M) 2.463ms
[15130.812s][info][gc,cpu         ] GC(33112) User=0.01s Sys=0.00s Real=0.00s
[15131.309s][info][gc,start       ] GC(33113) Pause Young (Allocation Failure)
[15131.312s][info][gc,heap        ] GC(33113) PSYoungGen: 82816K(84480K)->864K(84480K) Eden: 81920K(81920K)->0K(81920K) From: 896K(2560K)->864K(2560K)
[15131.312s][info][gc,heap        ] GC(33113) ParOldGen: 121422K(175104K)->121470K(175104K)
[15131.312s][info][gc,metaspace   ] GC(33113) Metaspace: 62350K(62592K)->62350K(62592K) NonClass: 53313K(53504K)->53313K(53504K) Class: 9037K(9088K)->9037K(9088K)
[15131.312s][info][gc             ] GC(33113) Pause Young (Allocation Failure) 199M->119M(253M) 2.208ms
[15131.312s][info][gc,cpu         ] GC(33113) User=0.01s Sys=0.00s Real=0.00s
[15131.774s][info][gc,start       ] GC(33114) Pause Young (Allocation Failure)
[15131.775s][info][gc,heap        ] GC(33114) PSYoungGen: 82784K(84480K)->352K(84480K) Eden: 81920K(81920K)->0K(81920K) From: 864K(2560K)->352K(2560K)
[15131.775s][info][gc,heap        ] GC(33114) ParOldGen: 121470K(175104K)->121518K(175104K)
[15131.775s][info][gc,metaspace   ] GC(33114) Metaspace: 62350K(62592K)->62350K(62592K) NonClass: 53313K(53504K)->53313K(53504K) Class: 9037K(9088K)->9037K(9088K)
[15131.775s][info][gc             ] GC(33114) Pause Young (Allocation Failure) 199M->119M(253M) 1.597ms
[15131.775s][info][gc,cpu         ] GC(33114) User=0.00s Sys=0.00s Real=0.01s
[15132.266s][info][gc,start       ] GC(33115) Pause Young (Allocation Failure)
[15132.267s][info][gc,heap        ] GC(33115) PSYoungGen: 82272K(84480K)->256K(84480K) Eden: 81920K(81920K)->0K(81920K) From: 352K(2560K)->256K(2560K)
[15132.267s][info][gc,heap        ] GC(33115) ParOldGen: 121518K(175104K)->121574K(175104K)
[15132.267s][info][gc,metaspace   ] GC(33115) Metaspace: 62350K(62592K)->62350K(62592K) NonClass: 53313K(53504K)->53313K(53504K) Class: 9037K(9088K)->9037K(9088K)
[15132.268s][info][gc             ] GC(33115) Pause Young (Allocation Failure) 199M->118M(253M) 2.006ms
[15132.268s][info][gc,cpu         ] GC(33115) User=0.00s Sys=0.00s Real=0.00s
[15132.745s][info][gc,start       ] GC(33116) Pause Young (Allocation Failure)
[15132.748s][info][gc,heap        ] GC(33116) PSYoungGen: 82176K(84480K)->1344K(84480K) Eden: 81920K(81920K)->0K(81920K) From: 256K(2560K)->1344K(2560K)
[15132.748s][info][gc,heap        ] GC(33116) ParOldGen: 121574K(175104K)->121630K(175104K)
[15132.748s][info][gc,metaspace   ] GC(33116) Metaspace: 62350K(62592K)->62350K(62592K) NonClass: 53313K(53504K)->53313K(53504K) Class: 9037K(9088K)->9037K(9088K)
[15132.748s][info][gc             ] GC(33116) Pause Young (Allocation Failure) 198M->120M(253M) 2.705ms
[15132.748s][info][gc,cpu         ] GC(33116) User=0.00s Sys=0.01s Real=0.00s
[15133.254s][info][gc,start       ] GC(33117) Pause Young (Allocation Failure)
[15133.256s][info][gc,heap        ] GC(33117) PSYoungGen: 83264K(84480K)->1344K(84480K) Eden: 81920K(81920K)->0K(81920K) From: 1344K(2560K)->1344K(2560K)
[15133.256s][info][gc,heap        ] GC(33117) ParOldGen: 121630K(175104K)->121686K(175104K)
[15133.256s][info][gc,metaspace   ] GC(33117) Metaspace: 62350K(62592K)->62350K(62592K) NonClass: 53313K(53504K)->53313K(53504K) Class: 9037K(9088K)->9037K(9088K)
[15133.256s][info][gc             ] GC(33117) Pause Young (Allocation Failure) 200M->120M(253M) 2.738ms
[15133.256s][info][gc,cpu         ] GC(33117) User=0.01s Sys=0.00s Real=0.01s
[15133.759s][info][gc,start       ] GC(33118) Pause Young (Allocation Failure)
[15133.761s][info][gc,heap        ] GC(33118) PSYoungGen: 83264K(84480K)->1440K(84480K) Eden: 81920K(81920K)->0K(81920K) From: 1344K(2560K)->1440K(2560K)
[15133.761s][info][gc,heap        ] GC(33118) ParOldGen: 121686K(175104K)->121734K(175104K)
[15133.761s][info][gc,metaspace   ] GC(33118) Metaspace: 62350K(62592K)->62350K(62592K) NonClass: 53313K(53504K)->53313K(53504K) Class: 9037K(9088K)->9037K(9088K)
[15133.761s][info][gc             ] GC(33118) Pause Young (Allocation Failure) 200M->120M(253M) 2.858ms
[15133.761s][info][gc,cpu         ] GC(33118) User=0.01s Sys=0.00s Real=0.00s
[15134.329s][info][gc,start       ] GC(33119) Pause Young (Allocation Failure)
[15134.332s][info][gc,heap        ] GC(33119) PSYoungGen: 83360K(84480K)->1088K(84480K) Eden: 81920K(81920K)->0K(81920K) From: 1440K(2560K)->1088K(2560K)
[15134.332s][info][gc,heap        ] GC(33119) ParOldGen: 121734K(175104K)->121782K(175104K)
[15134.332s][info][gc,metaspace   ] GC(33119) Metaspace: 62350K(62592K)->62350K(62592K) NonClass: 53313K(53504K)->53313K(53504K) Class: 9037K(9088K)->9037K(9088K)
[15134.332s][info][gc             ] GC(33119) Pause Young (Allocation Failure) 200M->119M(253M) 2.452ms
[15134.332s][info][gc,cpu         ] GC(33119) User=0.00s Sys=0.00s Real=0.00s
[15134.837s][info][gc,start       ] GC(33120) Pause Young (Allocation Failure)
[15134.839s][info][gc,heap        ] GC(33120) PSYoungGen: 83008K(84480K)->1088K(84480K) Eden: 81920K(81920K)->0K(81920K) From: 1088K(2560K)->1088K(2560K)
[15134.839s][info][gc,heap        ] GC(33120) ParOldGen: 121782K(175104K)->121886K(175104K)
[15134.840s][info][gc,metaspace   ] GC(33120) Metaspace: 62350K(62592K)->62350K(62592K) NonClass: 53313K(53504K)->53313K(53504K) Class: 9037K(9088K)->9037K(9088K)
[15134.840s][info][gc             ] GC(33120) Pause Young (Allocation Failure) 199M->120M(253M) 2.411ms
[15134.840s][info][gc,cpu         ] GC(33120) User=0.01s Sys=0.00s Real=0.00s
[15135.272s][info][gc,start       ] GC(33121) Pause Young (Allocation Failure)
[15135.273s][info][gc,heap        ] GC(33121) PSYoungGen: 83008K(84480K)->352K(84480K) Eden: 81920K(81920K)->0K(81920K) From: 1088K(2560K)->352K(2560K)
[15135.273s][info][gc,heap        ] GC(33121) ParOldGen: 121886K(175104K)->121934K(175104K)
[15135.273s][info][gc,metaspace   ] GC(33121) Metaspace: 62350K(62592K)->62350K(62592K) NonClass: 53313K(53504K)->53313K(53504K) Class: 9037K(9088K)->9037K(9088K)
[15135.273s][info][gc             ] GC(33121) Pause Young (Allocation Failure) 200M->119M(253M) 1.669ms
[15135.273s][info][gc,cpu         ] GC(33121) User=0.00s Sys=0.00s Real=0.00s
[15135.737s][info][gc,start       ] GC(33122) Pause Young (Allocation Failure)
[15135.740s][info][gc,heap        ] GC(33122) PSYoungGen: 82272K(84480K)->2240K(84480K) Eden: 81920K(81920K)->0K(81920K) From: 352K(2560K)->2240K(2560K)
[15135.740s][info][gc,heap        ] GC(33122) ParOldGen: 121934K(175104K)->121990K(175104K)
[15135.740s][info][gc,metaspace   ] GC(33122) Metaspace: 62350K(62592K)->62350K(62592K) NonClass: 53313K(53504K)->53313K(53504K) Class: 9037K(9088K)->9037K(9088K)
[15135.740s][info][gc             ] GC(33122) Pause Young (Allocation Failure) 199M->121M(253M) 2.749ms
[15135.740s][info][gc,cpu         ] GC(33122) User=0.00s Sys=0.00s Real=0.00s
[15136.197s][info][gc,start       ] GC(33123) Pause Young (Allocation Failure)
[15136.199s][info][gc,heap        ] GC(33123) PSYoungGen: 84160K(84480K)->736K(84480K) Eden: 81920K(81920K)->0K(81920K) From: 2240K(2560K)->736K(2560K)
[15136.199s][info][gc,heap        ] GC(33123) ParOldGen: 121990K(175104K)->123062K(175104K)
[15136.199s][info][gc,metaspace   ] GC(33123) Metaspace: 62350K(62592K)->62350K(62592K) NonClass: 53313K(53504K)->53313K(53504K) Class: 9037K(9088K)->9037K(9088K)
[15136.199s][info][gc             ] GC(33123) Pause Young (Allocation Failure) 201M->120M(253M) 2.185ms
[15136.199s][info][gc,cpu         ] GC(33123) User=0.01s Sys=0.00s Real=0.00s
[15136.698s][info][gc,start       ] GC(33124) Pause Young (Allocation Failure)
[15136.700s][info][gc,heap        ] GC(33124) PSYoungGen: 82656K(84480K)->672K(84480K) Eden: 81920K(81920K)->0K(81920K) From: 736K(2560K)->672K(2560K)
[15136.700s][info][gc,heap        ] GC(33124) ParOldGen: 123062K(175104K)->123118K(175104K)
[15136.700s][info][gc,metaspace   ] GC(33124) Metaspace: 62350K(62592K)->62350K(62592K) NonClass: 53313K(53504K)->53313K(53504K) Class: 9037K(9088K)->9037K(9088K)
[15136.700s][info][gc             ] GC(33124) Pause Young (Allocation Failure) 200M->120M(253M) 1.984ms
[15136.700s][info][gc,cpu         ] GC(33124) User=0.00s Sys=0.00s Real=0.00s
[15137.197s][info][gc,start       ] GC(33125) Pause Young (Allocation Failure)
[15137.199s][info][gc,heap        ] GC(33125) PSYoungGen: 82592K(84480K)->672K(84480K) Eden: 81920K(81920K)->0K(81920K) From: 672K(2560K)->672K(2560K)
[15137.199s][info][gc,heap        ] GC(33125) ParOldGen: 123118K(175104K)->123166K(175104K)
[15137.199s][info][gc,metaspace   ] GC(33125) Metaspace: 62350K(62592K)->62350K(62592K) NonClass: 53313K(53504K)->53313K(53504K) Class: 9037K(9088K)->9037K(9088K)
[15137.199s][info][gc             ] GC(33125) Pause Young (Allocation Failure) 200M->120M(253M) 1.925ms
[15137.199s][info][gc,cpu         ] GC(33125) User=0.01s Sys=0.00s Real=0.00s
[15137.654s][info][gc,start       ] GC(33126) Pause Young (Allocation Failure)
[15137.657s][info][gc,heap        ] GC(33126) PSYoungGen: 82592K(84480K)->1568K(84480K) Eden: 81920K(81920K)->0K(81920K) From: 672K(2560K)->1568K(2560K)
[15137.657s][info][gc,heap        ] GC(33126) ParOldGen: 123166K(175104K)->123214K(175104K)
[15137.657s][info][gc,metaspace   ] GC(33126) Metaspace: 62350K(62592K)->62350K(62592K) NonClass: 53313K(53504K)->53313K(53504K) Class: 9037K(9088K)->9037K(9088K)
[15137.657s][info][gc             ] GC(33126) Pause Young (Allocation Failure) 200M->121M(253M) 2.883ms
[15137.657s][info][gc,cpu         ] GC(33126) User=0.00s Sys=0.00s Real=0.01s
[15138.086s][info][gc,start       ] GC(33127) Pause Young (Allocation Failure)
[15138.088s][info][gc,heap        ] GC(33127) PSYoungGen: 83488K(84480K)->576K(84480K) Eden: 81920K(81920K)->0K(81920K) From: 1568K(2560K)->576K(2560K)
[15138.088s][info][gc,heap        ] GC(33127) ParOldGen: 123214K(175104K)->123270K(175104K)
[15138.088s][info][gc,metaspace   ] GC(33127) Metaspace: 62350K(62592K)->62350K(62592K) NonClass: 53313K(53504K)->53313K(53504K) Class: 9037K(9088K)->9037K(9088K)
[15138.088s][info][gc             ] GC(33127) Pause Young (Allocation Failure) 201M->120M(253M) 1.908ms
[15138.088s][info][gc,cpu         ] GC(33127) User=0.01s Sys=0.00s Real=0.00s
[15138.539s][info][gc,start       ] GC(33128) Pause Young (Allocation Failure)
[15138.542s][info][gc,heap        ] GC(33128) PSYoungGen: 82496K(84480K)->1280K(84480K) Eden: 81920K(81920K)->0K(81920K) From: 576K(2560K)->1280K(2560K)
[15138.542s][info][gc,heap        ] GC(33128) ParOldGen: 123270K(175104K)->123318K(175104K)
[15138.542s][info][gc,metaspace   ] GC(33128) Metaspace: 62350K(62592K)->62350K(62592K) NonClass: 53313K(53504K)->53313K(53504K) Class: 9037K(9088K)->9037K(9088K)
[15138.542s][info][gc             ] GC(33128) Pause Young (Allocation Failure) 200M->121M(253M) 2.656ms
[15138.542s][info][gc,cpu         ] GC(33128) User=0.01s Sys=0.00s Real=0.00s
[15138.994s][info][gc,start       ] GC(33129) Pause Young (Allocation Failure)
[15138.996s][info][gc,heap        ] GC(33129) PSYoungGen: 83200K(84480K)->608K(84480K) Eden: 81920K(81920K)->0K(81920K) From: 1280K(2560K)->608K(2560K)
[15138.996s][info][gc,heap        ] GC(33129) ParOldGen: 123318K(175104K)->123366K(175104K)
[15138.996s][info][gc,metaspace   ] GC(33129) Metaspace: 62350K(62592K)->62350K(62592K) NonClass: 53313K(53504K)->53313K(53504K) Class: 9037K(9088K)->9037K(9088K)
[15138.996s][info][gc             ] GC(33129) Pause Young (Allocation Failure) 201M->121M(253M) 1.947ms
[15138.996s][info][gc,cpu         ] GC(33129) User=0.01s Sys=0.00s Real=0.01s
[15139.449s][info][gc,start       ] GC(33130) Pause Young (Allocation Failure)
[15139.452s][info][gc,heap        ] GC(33130) PSYoungGen: 82528K(84480K)->1408K(84480K) Eden: 81920K(81920K)->0K(81920K) From: 608K(2560K)->1408K(2560K)
[15139.452s][info][gc,heap        ] GC(33130) ParOldGen: 123366K(175104K)->123422K(175104K)
[15139.452s][info][gc,metaspace   ] GC(33130) Metaspace: 62350K(62592K)->62350K(62592K) NonClass: 53313K(53504K)->53313K(53504K) Class: 9037K(9088K)->9037K(9088K)
[15139.452s][info][gc             ] GC(33130) Pause Young (Allocation Failure) 201M->121M(253M) 2.788ms
[15139.452s][info][gc,cpu         ] GC(33130) User=0.00s Sys=0.00s Real=0.00s
[15139.890s][info][gc,start       ] GC(33131) Pause Young (Allocation Failure)
[15139.892s][info][gc,heap        ] GC(33131) PSYoungGen: 83328K(84480K)->576K(84480K) Eden: 81920K(81920K)->0K(81920K) From: 1408K(2560K)->576K(2560K)
[15139.892s][info][gc,heap        ] GC(33131) ParOldGen: 123422K(175104K)->123470K(175104K)
[15139.892s][info][gc,metaspace   ] GC(33131) Metaspace: 62350K(62592K)->62350K(62592K) NonClass: 53313K(53504K)->53313K(53504K) Class: 9037K(9088K)->9037K(9088K)
[15139.892s][info][gc             ] GC(33131) Pause Young (Allocation Failure) 201M->121M(253M) 1.929ms
[15139.892s][info][gc,cpu         ] GC(33131) User=0.00s Sys=0.00s Real=0.00s
[15140.308s][info][gc,start       ] GC(33132) Pause Young (Allocation Failure)
[15140.311s][info][gc,heap        ] GC(33132) PSYoungGen: 82496K(84480K)->1888K(84480K) Eden: 81920K(81920K)->0K(81920K) From: 576K(2560K)->1888K(2560K)
[15140.311s][info][gc,heap        ] GC(33132) ParOldGen: 123470K(175104K)->124550K(175104K)
[15140.311s][info][gc,metaspace   ] GC(33132) Metaspace: 62350K(62592K)->62350K(62592K) NonClass: 53313K(53504K)->53313K(53504K) Class: 9037K(9088K)->9037K(9088K)
[15140.311s][info][gc             ] GC(33132) Pause Young (Allocation Failure) 201M->123M(253M) 2.573ms
[15140.311s][info][gc,cpu         ] GC(33132) User=0.00s Sys=0.00s Real=0.00s
[15140.753s][info][gc,start       ] GC(33133) Pause Young (Allocation Failure)
[15140.756s][info][gc,heap        ] GC(33133) PSYoungGen: 83808K(84480K)->1536K(84480K) Eden: 81920K(81920K)->0K(81920K) From: 1888K(2560K)->1536K(2560K)
[15140.756s][info][gc,heap        ] GC(33133) ParOldGen: 124550K(175104K)->125630K(175104K)
[15140.756s][info][gc,metaspace   ] GC(33133) Metaspace: 62350K(62592K)->62350K(62592K) NonClass: 53313K(53504K)->53313K(53504K) Class: 9037K(9088K)->9037K(9088K)
[15140.756s][info][gc             ] GC(33133) Pause Young (Allocation Failure) 203M->124M(253M) 3.066ms
[15140.756s][info][gc,cpu         ] GC(33133) User=0.00s Sys=0.00s Real=0.01s
[15141.192s][info][gc,start       ] GC(33134) Pause Young (Allocation Failure)
[15141.194s][info][gc,heap        ] GC(33134) PSYoungGen: 83456K(84480K)->640K(84480K) Eden: 81920K(81920K)->0K(81920K) From: 1536K(2560K)->640K(2560K)
[15141.194s][info][gc,heap        ] GC(33134) ParOldGen: 125630K(175104K)->125686K(175104K)
[15141.194s][info][gc,metaspace   ] GC(33134) Metaspace: 62350K(62592K)->62350K(62592K) NonClass: 53313K(53504K)->53313K(53504K) Class: 9037K(9088K)->9037K(9088K)
[15141.194s][info][gc             ] GC(33134) Pause Young (Allocation Failure) 204M->123M(253M) 1.941ms
[15141.194s][info][gc,cpu         ] GC(33134) User=0.01s Sys=0.00s Real=0.00s
[15141.676s][info][gc,start       ] GC(33135) Pause Young (Allocation Failure)
[15141.678s][info][gc,heap        ] GC(33135) PSYoungGen: 82560K(84480K)->384K(84480K) Eden: 81920K(81920K)->0K(81920K) From: 640K(2560K)->384K(2560K)
[15141.678s][info][gc,heap        ] GC(33135) ParOldGen: 125686K(175104K)->125742K(175104K)
[15141.678s][info][gc,metaspace   ] GC(33135) Metaspace: 62350K(62592K)->62350K(62592K) NonClass: 53313K(53504K)->53313K(53504K) Class: 9037K(9088K)->9037K(9088K)
[15141.678s][info][gc             ] GC(33135) Pause Young (Allocation Failure) 203M->123M(253M) 1.695ms
[15141.678s][info][gc,cpu         ] GC(33135) User=0.00s Sys=0.00s Real=0.00s
[15142.256s][info][gc,start       ] GC(33136) Pause Young (Allocation Failure)
[15142.259s][info][gc,heap        ] GC(33136) PSYoungGen: 82304K(84480K)->1408K(84480K) Eden: 81920K(81920K)->0K(81920K) From: 384K(2560K)->1408K(2560K)
[15142.259s][info][gc,heap        ] GC(33136) ParOldGen: 125742K(175104K)->125790K(175104K)
[15142.259s][info][gc,metaspace   ] GC(33136) Metaspace: 62350K(62592K)->62350K(62592K) NonClass: 53313K(53504K)->53313K(53504K) Class: 9037K(9088K)->9037K(9088K)
[15142.259s][info][gc             ] GC(33136) Pause Young (Allocation Failure) 203M->124M(253M) 2.818ms
[15142.259s][info][gc,cpu         ] GC(33136) User=0.00s Sys=0.00s Real=0.00s
[15142.761s][info][gc,start       ] GC(33137) Pause Young (Allocation Failure)
[15142.763s][info][gc,heap        ] GC(33137) PSYoungGen: 83328K(84480K)->1440K(84480K) Eden: 81920K(81920K)->0K(81920K) From: 1408K(2560K)->1440K(2560K)
[15142.763s][info][gc,heap        ] GC(33137) ParOldGen: 125790K(175104K)->125894K(175104K)
[15142.763s][info][gc,metaspace   ] GC(33137) Metaspace: 62350K(62592K)->62350K(62592K) NonClass: 53313K(53504K)->53313K(53504K) Class: 9037K(9088K)->9037K(9088K)
[15142.763s][info][gc             ] GC(33137) Pause Young (Allocation Failure) 204M->124M(253M) 2.794ms
[15142.763s][info][gc,cpu         ] GC(33137) User=0.01s Sys=0.00s Real=0.00s
[15143.227s][info][gc,start       ] GC(33138) Pause Young (Allocation Failure)
[15143.229s][info][gc,heap        ] GC(33138) PSYoungGen: 83360K(84480K)->1056K(84480K) Eden: 81920K(81920K)->0K(81920K) From: 1440K(2560K)->1056K(2560K)
[15143.229s][info][gc,heap        ] GC(33138) ParOldGen: 125894K(175104K)->125942K(175104K)
[15143.229s][info][gc,metaspace   ] GC(33138) Metaspace: 62350K(62592K)->62350K(62592K) NonClass: 53313K(53504K)->53313K(53504K) Class: 9037K(9088K)->9037K(9088K)
[15143.229s][info][gc             ] GC(33138) Pause Young (Allocation Failure) 204M->124M(253M) 2.324ms
[15143.229s][info][gc,cpu         ] GC(33138) User=0.01s Sys=0.00s Real=0.00s
[15143.691s][info][gc,start       ] GC(33139) Pause Young (Allocation Failure)
[15143.693s][info][gc,heap        ] GC(33139) PSYoungGen: 82976K(84480K)->608K(84480K) Eden: 81920K(81920K)->0K(81920K) From: 1056K(2560K)->608K(2560K)
[15143.693s][info][gc,heap        ] GC(33139) ParOldGen: 125942K(175104K)->125990K(175104K)
[15143.693s][info][gc,metaspace   ] GC(33139) Metaspace: 62350K(62592K)->62350K(62592K) NonClass: 53313K(53504K)->53313K(53504K) Class: 9037K(9088K)->9037K(9088K)
[15143.693s][info][gc             ] GC(33139) Pause Young (Allocation Failure) 204M->123M(253M) 1.756ms
[15143.693s][info][gc,cpu         ] GC(33139) User=0.00s Sys=0.00s Real=0.00s
[15144.176s][info][gc,start       ] GC(33140) Pause Young (Allocation Failure)
[15144.177s][info][gc,heap        ] GC(33140) PSYoungGen: 82528K(84480K)->352K(84480K) Eden: 81920K(81920K)->0K(81920K) From: 608K(2560K)->352K(2560K)
[15144.177s][info][gc,heap        ] GC(33140) ParOldGen: 125990K(175104K)->126038K(175104K)
[15144.177s][info][gc,metaspace   ] GC(33140) Metaspace: 62350K(62592K)->62350K(62592K) NonClass: 53313K(53504K)->53313K(53504K) Class: 9037K(9088K)->9037K(9088K)
[15144.177s][info][gc             ] GC(33140) Pause Young (Allocation Failure) 203M->123M(253M) 1.668ms
[15144.177s][info][gc,cpu         ] GC(33140) User=0.00s Sys=0.00s Real=0.00s
[15144.674s][info][gc,start       ] GC(33141) Pause Young (Allocation Failure)
[15144.675s][info][gc,heap        ] GC(33141) PSYoungGen: 82272K(84480K)->352K(84480K) Eden: 81920K(81920K)->0K(81920K) From: 352K(2560K)->352K(2560K)
[15144.675s][info][gc,heap        ] GC(33141) ParOldGen: 126038K(175104K)->126086K(175104K)
[15144.675s][info][gc,metaspace   ] GC(33141) Metaspace: 62350K(62592K)->62350K(62592K) NonClass: 53313K(53504K)->53313K(53504K) Class: 9037K(9088K)->9037K(9088K)
[15144.675s][info][gc             ] GC(33141) Pause Young (Allocation Failure) 203M->123M(253M) 1.729ms
[15144.675s][info][gc,cpu         ] GC(33141) User=0.01s Sys=0.00s Real=0.01s
[15145.142s][info][gc,start       ] GC(33142) Pause Young (Allocation Failure)
[15145.145s][info][gc,heap        ] GC(33142) PSYoungGen: 82272K(84480K)->1472K(84480K) Eden: 81920K(81920K)->0K(81920K) From: 352K(2560K)->1472K(2560K)
[15145.145s][info][gc,heap        ] GC(33142) ParOldGen: 126086K(175104K)->126142K(175104K)
[15145.145s][info][gc,metaspace   ] GC(33142) Metaspace: 62350K(62592K)->62350K(62592K) NonClass: 53313K(53504K)->53313K(53504K) Class: 9037K(9088K)->9037K(9088K)
[15145.145s][info][gc             ] GC(33142) Pause Young (Allocation Failure) 203M->124M(253M) 2.794ms
[15145.145s][info][gc,cpu         ] GC(33142) User=0.00s Sys=0.00s Real=0.01s
[15145.616s][info][gc,start       ] GC(33143) Pause Young (Allocation Failure)
[15145.618s][info][gc,heap        ] GC(33143) PSYoungGen: 83392K(84480K)->928K(84480K) Eden: 81920K(81920K)->0K(81920K) From: 1472K(2560K)->928K(2560K)
[15145.618s][info][gc,heap        ] GC(33143) ParOldGen: 126142K(175104K)->126190K(175104K)
[15145.618s][info][gc,metaspace   ] GC(33143) Metaspace: 62350K(62592K)->62350K(62592K) NonClass: 53313K(53504K)->53313K(53504K) Class: 9037K(9088K)->9037K(9088K)
[15145.618s][info][gc             ] GC(33143) Pause Young (Allocation Failure) 204M->124M(253M) 2.203ms
[15145.618s][info][gc,cpu         ] GC(33143) User=0.01s Sys=0.00s Real=0.00s
[15146.073s][info][gc,start       ] GC(33144) Pause Young (Allocation Failure)
[15146.075s][info][gc,heap        ] GC(33144) PSYoungGen: 82848K(84480K)->352K(84480K) Eden: 81920K(81920K)->0K(81920K) From: 928K(2560K)->352K(2560K)
[15146.075s][info][gc,heap        ] GC(33144) ParOldGen: 126190K(175104K)->126238K(175104K)
[15146.075s][info][gc,metaspace   ] GC(33144) Metaspace: 62350K(62592K)->62350K(62592K) NonClass: 53313K(53504K)->53313K(53504K) Class: 9037K(9088K)->9037K(9088K)
[15146.075s][info][gc             ] GC(33144) Pause Young (Allocation Failure) 204M->123M(253M) 1.626ms
[15146.075s][info][gc,cpu         ] GC(33144) User=0.00s Sys=0.00s Real=0.01s
[15146.489s][info][gc,start       ] GC(33145) Pause Young (Allocation Failure)
[15146.491s][info][gc,heap        ] GC(33145) PSYoungGen: 82272K(84480K)->640K(84480K) Eden: 81920K(81920K)->0K(81920K) From: 352K(2560K)->640K(2560K)
[15146.491s][info][gc,heap        ] GC(33145) ParOldGen: 126238K(175104K)->126286K(175104K)
[15146.491s][info][gc,metaspace   ] GC(33145) Metaspace: 62350K(62592K)->62350K(62592K) NonClass: 53313K(53504K)->53313K(53504K) Class: 9037K(9088K)->9037K(9088K)
[15146.491s][info][gc             ] GC(33145) Pause Young (Allocation Failure) 203M->123M(253M) 1.893ms
[15146.491s][info][gc,cpu         ] GC(33145) User=0.00s Sys=0.00s Real=0.00s
[15146.961s][info][gc,start       ] GC(33146) Pause Young (Allocation Failure)
[15146.964s][info][gc,heap        ] GC(33146) PSYoungGen: 82560K(84480K)->1536K(84480K) Eden: 81920K(81920K)->0K(81920K) From: 640K(2560K)->1536K(2560K)
[15146.964s][info][gc,heap        ] GC(33146) ParOldGen: 126286K(175104K)->126342K(175104K)
[15146.964s][info][gc,metaspace   ] GC(33146) Metaspace: 62350K(62592K)->62350K(62592K) NonClass: 53313K(53504K)->53313K(53504K) Class: 9037K(9088K)->9037K(9088K)
[15146.964s][info][gc             ] GC(33146) Pause Young (Allocation Failure) 203M->124M(253M) 2.816ms
[15146.964s][info][gc,cpu         ] GC(33146) User=0.01s Sys=0.00s Real=0.00s
[15147.407s][info][gc,start       ] GC(33147) Pause Young (Allocation Failure)
[15147.409s][info][gc,heap        ] GC(33147) PSYoungGen: 83456K(84480K)->864K(84480K) Eden: 81920K(81920K)->0K(81920K) From: 1536K(2560K)->864K(2560K)
[15147.409s][info][gc,heap        ] GC(33147) ParOldGen: 126342K(175104K)->126398K(175104K)
[15147.409s][info][gc,metaspace   ] GC(33147) Metaspace: 62350K(62592K)->62350K(62592K) NonClass: 53313K(53504K)->53313K(53504K) Class: 9037K(9088K)->9037K(9088K)
[15147.409s][info][gc             ] GC(33147) Pause Young (Allocation Failure) 204M->124M(253M) 2.096ms
[15147.409s][info][gc,cpu         ] GC(33147) User=0.01s Sys=0.00s Real=0.00s
[15147.830s][info][gc,start       ] GC(33148) Pause Young (Allocation Failure)
[15147.832s][info][gc,heap        ] GC(33148) PSYoungGen: 82784K(84480K)->1184K(84480K) Eden: 81920K(81920K)->0K(81920K) From: 864K(2560K)->1184K(2560K)
[15147.832s][info][gc,heap        ] GC(33148) ParOldGen: 126398K(175104K)->126446K(175104K)
[15147.832s][info][gc,metaspace   ] GC(33148) Metaspace: 62350K(62592K)->62350K(62592K) NonClass: 53313K(53504K)->53313K(53504K) Class: 9037K(9088K)->9037K(9088K)
[15147.832s][info][gc             ] GC(33148) Pause Young (Allocation Failure) 204M->124M(253M) 2.383ms
[15147.832s][info][gc,cpu         ] GC(33148) User=0.00s Sys=0.00s Real=0.00s
[15148.306s][info][gc,start       ] GC(33149) Pause Young (Allocation Failure)
[15148.308s][info][gc,heap        ] GC(33149) PSYoungGen: 83104K(84480K)->800K(84992K) Eden: 81920K(81920K)->0K(82432K) From: 1184K(2560K)->800K(2560K)
[15148.308s][info][gc,heap        ] GC(33149) ParOldGen: 126446K(175104K)->126494K(175104K)
[15148.308s][info][gc,metaspace   ] GC(33149) Metaspace: 62350K(62592K)->62350K(62592K) NonClass: 53313K(53504K)->53313K(53504K) Class: 9037K(9088K)->9037K(9088K)
[15148.308s][info][gc             ] GC(33149) Pause Young (Allocation Failure) 204M->124M(254M) 2.096ms
[15148.308s][info][gc,cpu         ] GC(33149) User=0.00s Sys=0.00s Real=0.00s
[15148.774s][info][gc,start       ] GC(33150) Pause Young (Allocation Failure)
[15148.776s][info][gc,heap        ] GC(33150) PSYoungGen: 83232K(84992K)->384K(84480K) Eden: 82432K(82432K)->0K(82432K) From: 800K(2560K)->384K(2048K)
[15148.776s][info][gc,heap        ] GC(33150) ParOldGen: 126494K(175104K)->126542K(175104K)
[15148.776s][info][gc,metaspace   ] GC(33150) Metaspace: 62350K(62592K)->62350K(62592K) NonClass: 53313K(53504K)->53313K(53504K) Class: 9037K(9088K)->9037K(9088K)
[15148.776s][info][gc             ] GC(33150) Pause Young (Allocation Failure) 204M->123M(253M) 1.584ms
[15148.776s][info][gc,cpu         ] GC(33150) User=0.01s Sys=0.00s Real=0.00s
[15149.189s][info][gc,start       ] GC(33151) Pause Young (Allocation Failure)
[15149.190s][info][gc,heap        ] GC(33151) PSYoungGen: 82816K(84480K)->608K(84992K) Eden: 82432K(82432K)->0K(82944K) From: 384K(2048K)->608K(2048K)
[15149.191s][info][gc,heap        ] GC(33151) ParOldGen: 126542K(175104K)->126590K(175104K)
[15149.191s][info][gc,metaspace   ] GC(33151) Metaspace: 62350K(62592K)->62350K(62592K) NonClass: 53313K(53504K)->53313K(53504K) Class: 9037K(9088K)->9037K(9088K)
[15149.191s][info][gc             ] GC(33151) Pause Young (Allocation Failure) 204M->124M(254M) 1.963ms
[15149.191s][info][gc,cpu         ] GC(33151) User=0.01s Sys=0.00s Real=0.00s
[15149.629s][info][gc,start       ] GC(33152) Pause Young (Allocation Failure)
[15149.631s][info][gc,heap        ] GC(33152) PSYoungGen: 83552K(84992K)->1184K(84992K) Eden: 82944K(82944K)->0K(82944K) From: 608K(2048K)->1184K(2048K)
[15149.631s][info][gc,heap        ] GC(33152) ParOldGen: 126590K(175104K)->126646K(175104K)
[15149.631s][info][gc,metaspace   ] GC(33152) Metaspace: 62350K(62592K)->62350K(62592K) NonClass: 53313K(53504K)->53313K(53504K) Class: 9037K(9088K)->9037K(9088K)
[15149.631s][info][gc             ] GC(33152) Pause Young (Allocation Failure) 205M->124M(254M) 2.386ms
[15149.631s][info][gc,cpu         ] GC(33152) User=0.00s Sys=0.00s Real=0.00s
[15150.129s][info][gc,start       ] GC(33153) Pause Young (Allocation Failure)
[15150.132s][info][gc,heap        ] GC(33153) PSYoungGen: 84128K(84992K)->2016K(83968K) Eden: 82944K(82944K)->0K(81920K) From: 1184K(2048K)->2016K(2048K)
[15150.132s][info][gc,heap        ] GC(33153) ParOldGen: 126646K(175104K)->126814K(175104K)
[15150.132s][info][gc,metaspace   ] GC(33153) Metaspace: 62350K(62592K)->62350K(62592K) NonClass: 53313K(53504K)->53313K(53504K) Class: 9037K(9088K)->9037K(9088K)
[15150.132s][info][gc             ] GC(33153) Pause Young (Allocation Failure) 205M->125M(253M) 2.564ms
[15150.132s][info][gc,cpu         ] GC(33153) User=0.00s Sys=0.00s Real=0.00s
[15150.564s][info][gc,start       ] GC(33154) Pause Young (Allocation Failure)
[15150.565s][info][gc,heap        ] GC(33154) PSYoungGen: 83936K(83968K)->224K(84480K) Eden: 81920K(81920K)->0K(81920K) From: 2016K(2048K)->224K(2560K)
[15150.565s][info][gc,heap        ] GC(33154) ParOldGen: 126814K(175104K)->128942K(175104K)
[15150.565s][info][gc,metaspace   ] GC(33154) Metaspace: 62350K(62592K)->62350K(62592K) NonClass: 53313K(53504K)->53313K(53504K) Class: 9037K(9088K)->9037K(9088K)
[15150.566s][info][gc             ] GC(33154) Pause Young (Allocation Failure) 205M->126M(253M) 1.789ms
[15150.566s][info][gc,cpu         ] GC(33154) User=0.01s Sys=0.00s Real=0.01s
[15150.995s][info][gc,start       ] GC(33155) Pause Young (Allocation Failure)
[15150.997s][info][gc,heap        ] GC(33155) PSYoungGen: 82144K(84480K)->672K(84480K) Eden: 81920K(81920K)->0K(81920K) From: 224K(2560K)->672K(2560K)
[15150.997s][info][gc,heap        ] GC(33155) ParOldGen: 128942K(175104K)->128998K(175104K)
[15150.997s][info][gc,metaspace   ] GC(33155) Metaspace: 62350K(62592K)->62350K(62592K) NonClass: 53313K(53504K)->53313K(53504K) Class: 9037K(9088K)->9037K(9088K)
[15150.997s][info][gc             ] GC(33155) Pause Young (Allocation Failure) 206M->126M(253M) 2.008ms
[15150.997s][info][gc,cpu         ] GC(33155) User=0.01s Sys=0.00s Real=0.00s
[15151.482s][info][gc,start       ] GC(33156) Pause Young (Allocation Failure)
[15151.483s][info][gc,heap        ] GC(33156) PSYoungGen: 82592K(84480K)->448K(84480K) Eden: 81920K(81920K)->0K(81920K) From: 672K(2560K)->448K(2560K)
[15151.483s][info][gc,heap        ] GC(33156) ParOldGen: 128998K(175104K)->129054K(175104K)
[15151.483s][info][gc,metaspace   ] GC(33156) Metaspace: 62350K(62592K)->62350K(62592K) NonClass: 53313K(53504K)->53313K(53504K) Class: 9037K(9088K)->9037K(9088K)
[15151.483s][info][gc             ] GC(33156) Pause Young (Allocation Failure) 206M->126M(253M) 1.741ms
[15151.483s][info][gc,cpu         ] GC(33156) User=0.00s Sys=0.00s Real=0.00s
[15151.977s][info][gc,start       ] GC(33157) Pause Young (Allocation Failure)
[15151.979s][info][gc,heap        ] GC(33157) PSYoungGen: 82368K(84480K)->352K(84480K) Eden: 81920K(81920K)->0K(81920K) From: 448K(2560K)->352K(2560K)
[15151.979s][info][gc,heap        ] GC(33157) ParOldGen: 129054K(175104K)->129110K(175104K)
[15151.979s][info][gc,metaspace   ] GC(33157) Metaspace: 62350K(62592K)->62350K(62592K) NonClass: 53313K(53504K)->53313K(53504K) Class: 9037K(9088K)->9037K(9088K)
[15151.979s][info][gc             ] GC(33157) Pause Young (Allocation Failure) 206M->126M(253M) 1.624ms
[15151.979s][info][gc,cpu         ] GC(33157) User=0.00s Sys=0.00s Real=0.00s
[15152.500s][info][gc,start       ] GC(33158) Pause Young (Allocation Failure)
[15152.502s][info][gc,heap        ] GC(33158) PSYoungGen: 82272K(84480K)->544K(84480K) Eden: 81920K(81920K)->0K(81920K) From: 352K(2560K)->544K(2560K)
[15152.502s][info][gc,heap        ] GC(33158) ParOldGen: 129110K(175104K)->129166K(175104K)
[15152.502s][info][gc,metaspace   ] GC(33158) Metaspace: 62350K(62592K)->62350K(62592K) NonClass: 53313K(53504K)->53313K(53504K) Class: 9037K(9088K)->9037K(9088K)
[15152.502s][info][gc             ] GC(33158) Pause Young (Allocation Failure) 206M->126M(253M) 1.964ms
[15152.502s][info][gc,cpu         ] GC(33158) User=0.00s Sys=0.00s Real=0.00s
[15152.995s][info][gc,start       ] GC(33159) Pause Young (Allocation Failure)
[15152.997s][info][gc,heap        ] GC(33159) PSYoungGen: 82464K(84480K)->672K(84992K) Eden: 81920K(81920K)->0K(82944K) From: 544K(2560K)->672K(2048K)
[15152.997s][info][gc,heap        ] GC(33159) ParOldGen: 129166K(175104K)->129222K(175104K)
[15152.997s][info][gc,metaspace   ] GC(33159) Metaspace: 62350K(62592K)->62350K(62592K) NonClass: 53313K(53504K)->53313K(53504K) Class: 9037K(9088K)->9037K(9088K)
[15152.997s][info][gc             ] GC(33159) Pause Young (Allocation Failure) 206M->126M(254M) 1.980ms
[15152.997s][info][gc,cpu         ] GC(33159) User=0.00s Sys=0.00s Real=0.00s
[15153.457s][info][gc,start       ] GC(33160) Pause Young (Allocation Failure)
[15153.460s][info][gc,heap        ] GC(33160) PSYoungGen: 83616K(84992K)->1504K(84480K) Eden: 82944K(82944K)->0K(82944K) From: 672K(2048K)->1504K(1536K)
[15153.460s][info][gc,heap        ] GC(33160) ParOldGen: 129222K(175104K)->129278K(175104K)
[15153.460s][info][gc,metaspace   ] GC(33160) Metaspace: 62350K(62592K)->62350K(62592K) NonClass: 53313K(53504K)->53313K(53504K) Class: 9037K(9088K)->9037K(9088K)
[15153.460s][info][gc             ] GC(33160) Pause Young (Allocation Failure) 207M->127M(253M) 2.844ms
[15153.460s][info][gc,cpu         ] GC(33160) User=0.00s Sys=0.00s Real=0.00s
[15153.932s][info][gc,start       ] GC(33161) Pause Young (Allocation Failure)
[15153.934s][info][gc,heap        ] GC(33161) PSYoungGen: 84448K(84480K)->1184K(84480K) Eden: 82944K(82944K)->0K(81920K) From: 1504K(1536K)->1184K(2560K)
[15153.934s][info][gc,heap        ] GC(33161) ParOldGen: 129278K(175104K)->129334K(175104K)
[15153.934s][info][gc,metaspace   ] GC(33161) Metaspace: 62350K(62592K)->62350K(62592K) NonClass: 53313K(53504K)->53313K(53504K) Class: 9037K(9088K)->9037K(9088K)
[15153.934s][info][gc             ] GC(33161) Pause Young (Allocation Failure) 208M->127M(253M) 2.497ms
[15153.934s][info][gc,cpu         ] GC(33161) User=0.00s Sys=0.00s Real=0.00s
[15154.367s][info][gc,start       ] GC(33162) Pause Young (Allocation Failure)
[15154.368s][info][gc,heap        ] GC(33162) PSYoungGen: 83104K(84480K)->288K(84480K) Eden: 81920K(81920K)->0K(81920K) From: 1184K(2560K)->288K(2560K)
[15154.368s][info][gc,heap        ] GC(33162) ParOldGen: 129334K(175104K)->129382K(175104K)
[15154.368s][info][gc,metaspace   ] GC(33162) Metaspace: 62350K(62592K)->62350K(62592K) NonClass: 53313K(53504K)->53313K(53504K) Class: 9037K(9088K)->9037K(9088K)
[15154.368s][info][gc             ] GC(33162) Pause Young (Allocation Failure) 207M->126M(253M) 1.522ms
[15154.368s][info][gc,cpu         ] GC(33162) User=0.00s Sys=0.00s Real=0.00s
[15154.866s][info][gc,start       ] GC(33163) Pause Young (Allocation Failure)
[15154.868s][info][gc,heap        ] GC(33163) PSYoungGen: 82208K(84480K)->256K(84992K) Eden: 81920K(81920K)->0K(82432K) From: 288K(2560K)->256K(2560K)
[15154.868s][info][gc,heap        ] GC(33163) ParOldGen: 129382K(175104K)->129438K(175104K)
[15154.868s][info][gc,metaspace   ] GC(33163) Metaspace: 62350K(62592K)->62350K(62592K) NonClass: 53313K(53504K)->53313K(53504K) Class: 9037K(9088K)->9037K(9088K)
[15154.868s][info][gc             ] GC(33163) Pause Young (Allocation Failure) 206M->126M(254M) 1.623ms
[15154.868s][info][gc,cpu         ] GC(33163) User=0.00s Sys=0.00s Real=0.00s
[15155.357s][info][gc,start       ] GC(33164) Pause Young (Allocation Failure)
[15155.360s][info][gc,heap        ] GC(33164) PSYoungGen: 82688K(84992K)->2016K(84480K) Eden: 82432K(82432K)->0K(82432K) From: 256K(2560K)->2016K(2048K)
[15155.360s][info][gc,heap        ] GC(33164) ParOldGen: 129438K(175104K)->129902K(175104K)
[15155.360s][info][gc,metaspace   ] GC(33164) Metaspace: 62350K(62592K)->62350K(62592K) NonClass: 53313K(53504K)->53313K(53504K) Class: 9037K(9088K)->9037K(9088K)
[15155.360s][info][gc             ] GC(33164) Pause Young (Allocation Failure) 207M->128M(253M) 2.915ms
[15155.360s][info][gc,cpu         ] GC(33164) User=0.00s Sys=0.00s Real=0.00s
[15155.925s][info][gc,start       ] GC(33165) Pause Young (Allocation Failure)
[15155.927s][info][gc,heap        ] GC(33165) PSYoungGen: 84448K(84480K)->928K(84480K) Eden: 82432K(82432K)->0K(81920K) From: 2016K(2048K)->928K(2560K)
[15155.927s][info][gc,heap        ] GC(33165) ParOldGen: 129902K(175104K)->130934K(175104K)
[15155.927s][info][gc,metaspace   ] GC(33165) Metaspace: 62350K(62592K)->62350K(62592K) NonClass: 53313K(53504K)->53313K(53504K) Class: 9037K(9088K)->9037K(9088K)
[15155.927s][info][gc             ] GC(33165) Pause Young (Allocation Failure) 209M->128M(253M) 2.382ms
[15155.927s][info][gc,cpu         ] GC(33165) User=0.00s Sys=0.00s Real=0.00s
[15156.410s][info][gc,start       ] GC(33166) Pause Young (Allocation Failure)
[15156.412s][info][gc,heap        ] GC(33166) PSYoungGen: 82848K(84480K)->864K(84480K) Eden: 81920K(81920K)->0K(81920K) From: 928K(2560K)->864K(2560K)
[15156.412s][info][gc,heap        ] GC(33166) ParOldGen: 130934K(175104K)->130990K(175104K)
[15156.412s][info][gc,metaspace   ] GC(33166) Metaspace: 62350K(62592K)->62350K(62592K) NonClass: 53313K(53504K)->53313K(53504K) Class: 9037K(9088K)->9037K(9088K)
[15156.412s][info][gc             ] GC(33166) Pause Young (Allocation Failure) 208M->128M(253M) 2.191ms
[15156.412s][info][gc,cpu         ] GC(33166) User=0.00s Sys=0.00s Real=0.00s
[15156.872s][info][gc,start       ] GC(33167) Pause Young (Allocation Failure)
[15156.874s][info][gc,heap        ] GC(33167) PSYoungGen: 82784K(84480K)->320K(84480K) Eden: 81920K(81920K)->0K(81920K) From: 864K(2560K)->320K(2560K)
[15156.874s][info][gc,heap        ] GC(33167) ParOldGen: 130990K(175104K)->131046K(175104K)
[15156.874s][info][gc,metaspace   ] GC(33167) Metaspace: 62350K(62592K)->62350K(62592K) NonClass: 53313K(53504K)->53313K(53504K) Class: 9037K(9088K)->9037K(9088K)
[15156.874s][info][gc             ] GC(33167) Pause Young (Allocation Failure) 208M->128M(253M) 1.605ms
[15156.874s][info][gc,cpu         ] GC(33167) User=0.00s Sys=0.00s Real=0.00s
[15157.406s][info][gc,start       ] GC(33168) Pause Young (Allocation Failure)
[15157.409s][info][gc,heap        ] GC(33168) PSYoungGen: 82240K(84480K)->768K(84480K) Eden: 81920K(81920K)->0K(81920K) From: 320K(2560K)->768K(2560K)
[15157.409s][info][gc,heap        ] GC(33168) ParOldGen: 131046K(175104K)->131094K(175104K)
[15157.409s][info][gc,metaspace   ] GC(33168) Metaspace: 62350K(62592K)->62350K(62592K) NonClass: 53313K(53504K)->53313K(53504K) Class: 9037K(9088K)->9037K(9088K)
[15157.409s][info][gc             ] GC(33168) Pause Young (Allocation Failure) 208M->128M(253M) 2.100ms
[15157.409s][info][gc,cpu         ] GC(33168) User=0.00s Sys=0.00s Real=0.00s
[15157.893s][info][gc,start       ] GC(33169) Pause Young (Allocation Failure)
[15157.895s][info][gc,heap        ] GC(33169) PSYoungGen: 82688K(84480K)->608K(84992K) Eden: 81920K(81920K)->0K(82432K) From: 768K(2560K)->608K(2560K)
[15157.895s][info][gc,heap        ] GC(33169) ParOldGen: 131094K(175104K)->131142K(175104K)
[15157.895s][info][gc,metaspace   ] GC(33169) Metaspace: 62350K(62592K)->62350K(62592K) NonClass: 53313K(53504K)->53313K(53504K) Class: 9037K(9088K)->9037K(9088K)
[15157.895s][info][gc             ] GC(33169) Pause Young (Allocation Failure) 208M->128M(254M) 1.892ms
[15157.895s][info][gc,cpu         ] GC(33169) User=0.00s Sys=0.00s Real=0.01s
[15158.433s][info][gc,start       ] GC(33170) Pause Young (Allocation Failure)
[15158.435s][info][gc,heap        ] GC(33170) PSYoungGen: 83040K(84992K)->1152K(84480K) Eden: 82432K(82432K)->0K(82432K) From: 608K(2560K)->1152K(2048K)
[15158.435s][info][gc,heap        ] GC(33170) ParOldGen: 131142K(175104K)->131190K(175104K)
[15158.435s][info][gc,metaspace   ] GC(33170) Metaspace: 62350K(62592K)->62350K(62592K) NonClass: 53313K(53504K)->53313K(53504K) Class: 9037K(9088K)->9037K(9088K)
[15158.435s][info][gc             ] GC(33170) Pause Young (Allocation Failure) 209M->129M(253M) 2.483ms
[15158.435s][info][gc,cpu         ] GC(33170) User=0.01s Sys=0.00s Real=0.01s
[15158.914s][info][gc,start       ] GC(33171) Pause Young (Allocation Failure)
[15158.916s][info][gc,heap        ] GC(33171) PSYoungGen: 83584K(84480K)->896K(84992K) Eden: 82432K(82432K)->0K(82944K) From: 1152K(2048K)->896K(2048K)
[15158.916s][info][gc,heap        ] GC(33171) ParOldGen: 131190K(175104K)->131294K(175104K)
[15158.916s][info][gc,metaspace   ] GC(33171) Metaspace: 62350K(62592K)->62350K(62592K) NonClass: 53313K(53504K)->53313K(53504K) Class: 9037K(9088K)->9037K(9088K)
[15158.916s][info][gc             ] GC(33171) Pause Young (Allocation Failure) 209M->129M(254M) 2.295ms
[15158.916s][info][gc,cpu         ] GC(33171) User=0.00s Sys=0.00s Real=0.01s
[15159.412s][info][gc,start       ] GC(33172) Pause Young (Allocation Failure)
[15159.414s][info][gc,heap        ] GC(33172) PSYoungGen: 83840K(84992K)->832K(84992K) Eden: 82944K(82944K)->0K(82944K) From: 896K(2048K)->832K(2048K)
[15159.414s][info][gc,heap        ] GC(33172) ParOldGen: 131294K(175104K)->131342K(175104K)
[15159.414s][info][gc,metaspace   ] GC(33172) Metaspace: 62350K(62592K)->62350K(62592K) NonClass: 53313K(53504K)->53313K(53504K) Class: 9037K(9088K)->9037K(9088K)
[15159.414s][info][gc             ] GC(33172) Pause Young (Allocation Failure) 210M->129M(254M) 2.252ms
[15159.414s][info][gc,cpu         ] GC(33172) User=0.00s Sys=0.00s Real=0.01s
[15159.928s][info][gc,start       ] GC(33173) Pause Young (Allocation Failure)
[15159.930s][info][gc,heap        ] GC(33173) PSYoungGen: 83776K(84992K)->960K(84992K) Eden: 82944K(82944K)->0K(82944K) From: 832K(2048K)->960K(2048K)
[15159.930s][info][gc,heap        ] GC(33173) ParOldGen: 131342K(175104K)->131398K(175104K)
[15159.930s][info][gc,metaspace   ] GC(33173) Metaspace: 62350K(62592K)->62350K(62592K) NonClass: 53313K(53504K)->53313K(53504K) Class: 9037K(9088K)->9037K(9088K)
[15159.930s][info][gc             ] GC(33173) Pause Young (Allocation Failure) 210M->129M(254M) 2.621ms
[15159.930s][info][gc,cpu         ] GC(33173) User=0.01s Sys=0.00s Real=0.00s
[15160.417s][info][gc,start       ] GC(33174) Pause Young (Allocation Failure)
[15160.419s][info][gc,heap        ] GC(33174) PSYoungGen: 83904K(84992K)->1984K(84992K) Eden: 82944K(82944K)->0K(82944K) From: 960K(2048K)->1984K(2048K)
[15160.419s][info][gc,heap        ] GC(33174) ParOldGen: 131398K(175104K)->131454K(175104K)
[15160.419s][info][gc,metaspace   ] GC(33174) Metaspace: 62350K(62592K)->62350K(62592K) NonClass: 53313K(53504K)->53313K(53504K) Class: 9037K(9088K)->9037K(9088K)
[15160.419s][info][gc             ] GC(33174) Pause Young (Allocation Failure) 210M->130M(254M) 2.475ms
[15160.419s][info][gc,cpu         ] GC(33174) User=0.00s Sys=0.00s Real=0.00s
[15160.909s][info][gc,start       ] GC(33175) Pause Young (Allocation Failure)
[15160.912s][info][gc,heap        ] GC(33175) PSYoungGen: 84928K(84992K)->864K(84992K) Eden: 82944K(82944K)->0K(82944K) From: 1984K(2048K)->864K(2048K)
[15160.912s][info][gc,heap        ] GC(33175) ParOldGen: 131454K(175104K)->132534K(175104K)
[15160.912s][info][gc,metaspace   ] GC(33175) Metaspace: 62350K(62592K)->62350K(62592K) NonClass: 53313K(53504K)->53313K(53504K) Class: 9037K(9088K)->9037K(9088K)
[15160.912s][info][gc             ] GC(33175) Pause Young (Allocation Failure) 211M->130M(254M) 2.299ms
[15160.912s][info][gc,cpu         ] GC(33175) User=0.01s Sys=0.00s Real=0.00s
[15161.380s][info][gc,start       ] GC(33176) Pause Young (Allocation Failure)
[15161.382s][info][gc,heap        ] GC(33176) PSYoungGen: 83808K(84992K)->448K(84992K) Eden: 82944K(82944K)->0K(82944K) From: 864K(2048K)->448K(2048K)
[15161.382s][info][gc,heap        ] GC(33176) ParOldGen: 132534K(175104K)->132590K(175104K)
[15161.382s][info][gc,metaspace   ] GC(33176) Metaspace: 62350K(62592K)->62350K(62592K) NonClass: 53313K(53504K)->53313K(53504K) Class: 9037K(9088K)->9037K(9088K)
[15161.382s][info][gc             ] GC(33176) Pause Young (Allocation Failure) 211M->129M(254M) 1.767ms
[15161.382s][info][gc,cpu         ] GC(33176) User=0.00s Sys=0.00s Real=0.00s
[15161.859s][info][gc,start       ] GC(33177) Pause Young (Allocation Failure)
[15161.862s][info][gc,heap        ] GC(33177) PSYoungGen: 83392K(84992K)->1312K(84992K) Eden: 82944K(82944K)->0K(82944K) From: 448K(2048K)->1312K(2048K)
[15161.862s][info][gc,heap        ] GC(33177) ParOldGen: 132590K(175104K)->132638K(175104K)
[15161.862s][info][gc,metaspace   ] GC(33177) Metaspace: 62350K(62592K)->62350K(62592K) NonClass: 53313K(53504K)->53313K(53504K) Class: 9037K(9088K)->9037K(9088K)
[15161.863s][info][gc             ] GC(33177) Pause Young (Allocation Failure) 210M->130M(254M) 3.420ms
[15161.863s][info][gc,cpu         ] GC(33177) User=0.00s Sys=0.00s Real=0.00s
[15162.369s][info][gc,start       ] GC(33178) Pause Young (Allocation Failure)
[15162.371s][info][gc,heap        ] GC(33178) PSYoungGen: 84256K(84992K)->288K(84992K) Eden: 82944K(82944K)->0K(82944K) From: 1312K(2048K)->288K(2048K)
[15162.371s][info][gc,heap        ] GC(33178) ParOldGen: 132638K(175104K)->132686K(175104K)
[15162.371s][info][gc,metaspace   ] GC(33178) Metaspace: 62350K(62592K)->62350K(62592K) NonClass: 53313K(53504K)->53313K(53504K) Class: 9037K(9088K)->9037K(9088K)
[15162.371s][info][gc             ] GC(33178) Pause Young (Allocation Failure) 211M->129M(254M) 1.625ms
[15162.371s][info][gc,cpu         ] GC(33178) User=0.00s Sys=0.00s Real=0.00s
[15162.820s][info][gc,start       ] GC(33179) Pause Young (Allocation Failure)
[15162.823s][info][gc,heap        ] GC(33179) PSYoungGen: 83232K(84992K)->960K(84992K) Eden: 82944K(82944K)->0K(82944K) From: 288K(2048K)->960K(2048K)
[15162.823s][info][gc,heap        ] GC(33179) ParOldGen: 132686K(175104K)->132734K(175104K)
[15162.823s][info][gc,metaspace   ] GC(33179) Metaspace: 62350K(62592K)->62350K(62592K) NonClass: 53313K(53504K)->53313K(53504K) Class: 9037K(9088K)->9037K(9088K)
[15162.823s][info][gc             ] GC(33179) Pause Young (Allocation Failure) 210M->130M(254M) 2.512ms
[15162.823s][info][gc,cpu         ] GC(33179) User=0.00s Sys=0.00s Real=0.00s
[15163.305s][info][gc,start       ] GC(33180) Pause Young (Allocation Failure)
[15163.307s][info][gc,heap        ] GC(33180) PSYoungGen: 83904K(84992K)->736K(84992K) Eden: 82944K(82944K)->0K(82944K) From: 960K(2048K)->736K(2048K)
[15163.307s][info][gc,heap        ] GC(33180) ParOldGen: 132734K(175104K)->132782K(175104K)
[15163.307s][info][gc,metaspace   ] GC(33180) Metaspace: 62350K(62592K)->62350K(62592K) NonClass: 53313K(53504K)->53313K(53504K) Class: 9037K(9088K)->9037K(9088K)
[15163.308s][info][gc             ] GC(33180) Pause Young (Allocation Failure) 211M->130M(254M) 2.065ms
[15163.308s][info][gc,cpu         ] GC(33180) User=0.00s Sys=0.00s Real=0.00s
[15163.799s][info][gc,start       ] GC(33181) Pause Young (Allocation Failure)
[15163.801s][info][gc,heap        ] GC(33181) PSYoungGen: 83680K(84992K)->704K(84992K) Eden: 82944K(82944K)->0K(82944K) From: 736K(2048K)->704K(2048K)
[15163.801s][info][gc,heap        ] GC(33181) ParOldGen: 132782K(175104K)->132830K(175104K)
[15163.801s][info][gc,metaspace   ] GC(33181) Metaspace: 62350K(62592K)->62350K(62592K) NonClass: 53313K(53504K)->53313K(53504K) Class: 9037K(9088K)->9037K(9088K)
[15163.801s][info][gc             ] GC(33181) Pause Young (Allocation Failure) 211M->130M(254M) 2.079ms
[15163.801s][info][gc,cpu         ] GC(33181) User=0.00s Sys=0.00s Real=0.00s
[15164.283s][info][gc,start       ] GC(33182) Pause Young (Allocation Failure)
[15164.285s][info][gc,heap        ] GC(33182) PSYoungGen: 83648K(84992K)->416K(84992K) Eden: 82944K(82944K)->0K(82944K) From: 704K(2048K)->416K(2048K)
[15164.285s][info][gc,heap        ] GC(33182) ParOldGen: 132830K(175104K)->132878K(175104K)
[15164.285s][info][gc,metaspace   ] GC(33182) Metaspace: 62350K(62592K)->62350K(62592K) NonClass: 53313K(53504K)->53313K(53504K) Class: 9037K(9088K)->9037K(9088K)
[15164.285s][info][gc             ] GC(33182) Pause Young (Allocation Failure) 211M->130M(254M) 1.677ms
[15164.285s][info][gc,cpu         ] GC(33182) User=0.00s Sys=0.00s Real=0.01s
[15164.790s][info][gc,start       ] GC(33183) Pause Young (Allocation Failure)
[15164.792s][info][gc,heap        ] GC(33183) PSYoungGen: 83360K(84992K)->544K(84992K) Eden: 82944K(82944K)->0K(82944K) From: 416K(2048K)->544K(2048K)
[15164.792s][info][gc,heap        ] GC(33183) ParOldGen: 132878K(175104K)->132934K(175104K)
[15164.792s][info][gc,metaspace   ] GC(33183) Metaspace: 62350K(62592K)->62350K(62592K) NonClass: 53313K(53504K)->53313K(53504K) Class: 9037K(9088K)->9037K(9088K)
[15164.792s][info][gc             ] GC(33183) Pause Young (Allocation Failure) 211M->130M(254M) 1.829ms
[15164.792s][info][gc,cpu         ] GC(33183) User=0.00s Sys=0.00s Real=0.00s
[15165.213s][info][gc,start       ] GC(33184) Pause Young (Allocation Failure)
[15165.216s][info][gc,heap        ] GC(33184) PSYoungGen: 83488K(84992K)->1056K(84992K) Eden: 82944K(82944K)->0K(82944K) From: 544K(2048K)->1056K(2048K)
[15165.216s][info][gc,heap        ] GC(33184) ParOldGen: 132934K(175104K)->132990K(175104K)
[15165.216s][info][gc,metaspace   ] GC(33184) Metaspace: 62350K(62592K)->62350K(62592K) NonClass: 53313K(53504K)->53313K(53504K) Class: 9037K(9088K)->9037K(9088K)
[15165.216s][info][gc             ] GC(33184) Pause Young (Allocation Failure) 211M->130M(254M) 2.167ms
[15165.216s][info][gc,cpu         ] GC(33184) User=0.00s Sys=0.00s Real=0.01s
[15165.656s][info][gc,start       ] GC(33185) Pause Young (Allocation Failure)
[15165.659s][info][gc,heap        ] GC(33185) PSYoungGen: 84000K(84992K)->2016K(83968K) Eden: 82944K(82944K)->0K(81920K) From: 1056K(2048K)->2016K(2048K)
[15165.659s][info][gc,heap        ] GC(33185) ParOldGen: 132990K(175104K)->133374K(175104K)
[15165.659s][info][gc,metaspace   ] GC(33185) Metaspace: 62350K(62592K)->62350K(62592K) NonClass: 53313K(53504K)->53313K(53504K) Class: 9037K(9088K)->9037K(9088K)
[15165.659s][info][gc             ] GC(33185) Pause Young (Allocation Failure) 211M->132M(253M) 2.879ms
[15165.659s][info][gc,cpu         ] GC(33185) User=0.01s Sys=0.00s Real=0.00s
[15166.202s][info][gc,start       ] GC(33186) Pause Young (Allocation Failure)
[15166.204s][info][gc,heap        ] GC(33186) PSYoungGen: 83936K(83968K)->768K(84480K) Eden: 81920K(81920K)->0K(81920K) From: 2016K(2048K)->768K(2560K)
[15166.204s][info][gc,heap        ] GC(33186) ParOldGen: 133374K(175104K)->134414K(175104K)
[15166.204s][info][gc,metaspace   ] GC(33186) Metaspace: 62350K(62592K)->62350K(62592K) NonClass: 53313K(53504K)->53313K(53504K) Class: 9037K(9088K)->9037K(9088K)
[15166.204s][info][gc             ] GC(33186) Pause Young (Allocation Failure) 212M->132M(253M) 2.304ms
[15166.204s][info][gc,cpu         ] GC(33186) User=0.01s Sys=0.00s Real=0.00s
[15166.693s][info][gc,start       ] GC(33187) Pause Young (Allocation Failure)
[15166.695s][info][gc,heap        ] GC(33187) PSYoungGen: 82688K(84480K)->608K(84480K) Eden: 81920K(81920K)->0K(81920K) From: 768K(2560K)->608K(2560K)
[15166.695s][info][gc,heap        ] GC(33187) ParOldGen: 134414K(175104K)->134518K(175104K)
[15166.695s][info][gc,metaspace   ] GC(33187) Metaspace: 62350K(62592K)->62350K(62592K) NonClass: 53313K(53504K)->53313K(53504K) Class: 9037K(9088K)->9037K(9088K)
[15166.695s][info][gc             ] GC(33187) Pause Young (Allocation Failure) 212M->131M(253M) 1.974ms
[15166.695s][info][gc,cpu         ] GC(33187) User=0.01s Sys=0.00s Real=0.01s
[15167.177s][info][gc,start       ] GC(33188) Pause Young (Allocation Failure)
[15167.179s][info][gc,heap        ] GC(33188) PSYoungGen: 82528K(84480K)->416K(84480K) Eden: 81920K(81920K)->0K(81920K) From: 608K(2560K)->416K(2560K)
[15167.179s][info][gc,heap        ] GC(33188) ParOldGen: 134518K(175104K)->134566K(175104K)
[15167.179s][info][gc,metaspace   ] GC(33188) Metaspace: 62350K(62592K)->62350K(62592K) NonClass: 53313K(53504K)->53313K(53504K) Class: 9037K(9088K)->9037K(9088K)
[15167.179s][info][gc             ] GC(33188) Pause Young (Allocation Failure) 211M->131M(253M) 1.710ms
[15167.179s][info][gc,cpu         ] GC(33188) User=0.01s Sys=0.00s Real=0.00s
[15167.624s][info][gc,start       ] GC(33189) Pause Young (Allocation Failure)
[15167.626s][info][gc,heap        ] GC(33189) PSYoungGen: 82336K(84480K)->1120K(84992K) Eden: 81920K(81920K)->0K(82432K) From: 416K(2560K)->1120K(2560K)
[15167.626s][info][gc,heap        ] GC(33189) ParOldGen: 134566K(175104K)->134622K(175104K)
[15167.626s][info][gc,metaspace   ] GC(33189) Metaspace: 62350K(62592K)->62350K(62592K) NonClass: 53313K(53504K)->53313K(53504K) Class: 9037K(9088K)->9037K(9088K)
[15167.626s][info][gc             ] GC(33189) Pause Young (Allocation Failure) 211M->132M(254M) 2.521ms
[15167.626s][info][gc,cpu         ] GC(33189) User=0.01s Sys=0.00s Real=0.01s
[15168.083s][info][gc,start       ] GC(33190) Pause Young (Allocation Failure)
[15168.085s][info][gc,heap        ] GC(33190) PSYoungGen: 83552K(84992K)->448K(84480K) Eden: 82432K(82432K)->0K(82432K) From: 1120K(2560K)->448K(2048K)
[15168.085s][info][gc,heap        ] GC(33190) ParOldGen: 134622K(175104K)->134678K(175104K)
[15168.085s][info][gc,metaspace   ] GC(33190) Metaspace: 62350K(62592K)->62350K(62592K) NonClass: 53313K(53504K)->53313K(53504K) Class: 9037K(9088K)->9037K(9088K)
[15168.085s][info][gc             ] GC(33190) Pause Young (Allocation Failure) 213M->131M(253M) 1.799ms
[15168.085s][info][gc,cpu         ] GC(33190) User=0.00s Sys=0.00s Real=0.01s
[15168.541s][info][gc,start       ] GC(33191) Pause Young (Allocation Failure)
[15168.543s][info][gc,heap        ] GC(33191) PSYoungGen: 82880K(84480K)->1344K(83968K) Eden: 82432K(82432K)->0K(81920K) From: 448K(2048K)->1344K(2048K)
[15168.543s][info][gc,heap        ] GC(33191) ParOldGen: 134678K(175104K)->134734K(175104K)
[15168.543s][info][gc,metaspace   ] GC(33191) Metaspace: 62350K(62592K)->62350K(62592K) NonClass: 53313K(53504K)->53313K(53504K) Class: 9037K(9088K)->9037K(9088K)
[15168.543s][info][gc             ] GC(33191) Pause Young (Allocation Failure) 212M->132M(253M) 2.609ms
[15168.543s][info][gc,cpu         ] GC(33191) User=0.00s Sys=0.00s Real=0.00s
[15169.036s][info][gc,start       ] GC(33192) Pause Young (Allocation Failure)
[15169.038s][info][gc,heap        ] GC(33192) PSYoungGen: 83264K(83968K)->1152K(84480K) Eden: 81920K(81920K)->0K(81920K) From: 1344K(2048K)->1152K(2560K)
[15169.038s][info][gc,heap        ] GC(33192) ParOldGen: 134734K(175104K)->134790K(175104K)
[15169.038s][info][gc,metaspace   ] GC(33192) Metaspace: 62350K(62592K)->62350K(62592K) NonClass: 53313K(53504K)->53313K(53504K) Class: 9037K(9088K)->9037K(9088K)
[15169.038s][info][gc             ] GC(33192) Pause Young (Allocation Failure) 212M->132M(253M) 2.429ms
[15169.038s][info][gc,cpu         ] GC(33192) User=0.00s Sys=0.01s Real=0.00s
[15169.502s][info][gc,start       ] GC(33193) Pause Young (Allocation Failure)
[15169.504s][info][gc,heap        ] GC(33193) PSYoungGen: 83072K(84480K)->736K(84992K) Eden: 81920K(81920K)->0K(82944K) From: 1152K(2560K)->736K(2048K)
[15169.504s][info][gc,heap        ] GC(33193) ParOldGen: 134790K(175104K)->134846K(175104K)
[15169.504s][info][gc,metaspace   ] GC(33193) Metaspace: 62350K(62592K)->62350K(62592K) NonClass: 53313K(53504K)->53313K(53504K) Class: 9037K(9088K)->9037K(9088K)
[15169.504s][info][gc             ] GC(33193) Pause Young (Allocation Failure) 212M->132M(254M) 2.077ms
[15169.504s][info][gc,cpu         ] GC(33193) User=0.01s Sys=0.00s Real=0.01s
[15169.967s][info][gc,start       ] GC(33194) Pause Young (Allocation Failure)
[15169.969s][info][gc,heap        ] GC(33194) PSYoungGen: 83680K(84992K)->256K(84992K) Eden: 82944K(82944K)->0K(82944K) From: 736K(2048K)->256K(2048K)
[15169.969s][info][gc,heap        ] GC(33194) ParOldGen: 134846K(175104K)->134894K(175104K)
[15169.969s][info][gc,metaspace   ] GC(33194) Metaspace: 62350K(62592K)->62350K(62592K) NonClass: 53313K(53504K)->53313K(53504K) Class: 9037K(9088K)->9037K(9088K)
[15169.969s][info][gc             ] GC(33194) Pause Young (Allocation Failure) 213M->131M(254M) 1.553ms
[15169.969s][info][gc,cpu         ] GC(33194) User=0.00s Sys=0.00s Real=0.00s
[15170.425s][info][gc,start       ] GC(33195) Pause Young (Allocation Failure)
[15170.428s][info][gc,heap        ] GC(33195) PSYoungGen: 83200K(84992K)->2016K(83968K) Eden: 82944K(82944K)->0K(81920K) From: 256K(2048K)->2016K(2048K)
[15170.428s][info][gc,heap        ] GC(33195) ParOldGen: 134894K(175104K)->135974K(175104K)
[15170.428s][info][gc,metaspace   ] GC(33195) Metaspace: 62350K(62592K)->62350K(62592K) NonClass: 53313K(53504K)->53313K(53504K) Class: 9037K(9088K)->9037K(9088K)
[15170.428s][info][gc             ] GC(33195) Pause Young (Allocation Failure) 212M->134M(253M) 2.697ms
[15170.428s][info][gc,cpu         ] GC(33195) User=0.00s Sys=0.00s Real=0.00s
[15170.884s][info][gc,start       ] GC(33196) Pause Young (Allocation Failure)
[15170.886s][info][gc,heap        ] GC(33196) PSYoungGen: 83936K(83968K)->544K(84480K) Eden: 81920K(81920K)->0K(81920K) From: 2016K(2048K)->544K(2560K)
[15170.886s][info][gc,heap        ] GC(33196) ParOldGen: 135974K(175104K)->137046K(175104K)
[15170.886s][info][gc,metaspace   ] GC(33196) Metaspace: 62350K(62592K)->62350K(62592K) NonClass: 53313K(53504K)->53313K(53504K) Class: 9037K(9088K)->9037K(9088K)
[15170.886s][info][gc             ] GC(33196) Pause Young (Allocation Failure) 214M->134M(253M) 2.014ms
[15170.886s][info][gc,cpu         ] GC(33196) User=0.00s Sys=0.00s Real=0.01s
[15171.345s][info][gc,start       ] GC(33197) Pause Young (Allocation Failure)
[15171.348s][info][gc,heap        ] GC(33197) PSYoungGen: 82464K(84480K)->1280K(84480K) Eden: 81920K(81920K)->0K(81920K) From: 544K(2560K)->1280K(2560K)
[15171.348s][info][gc,heap        ] GC(33197) ParOldGen: 137046K(175104K)->137102K(175104K)
[15171.348s][info][gc,metaspace   ] GC(33197) Metaspace: 62350K(62592K)->62350K(62592K) NonClass: 53313K(53504K)->53313K(53504K) Class: 9037K(9088K)->9037K(9088K)
[15171.348s][info][gc             ] GC(33197) Pause Young (Allocation Failure) 214M->135M(253M) 2.574ms
[15171.348s][info][gc,cpu         ] GC(33197) User=0.01s Sys=0.00s Real=0.00s
[15171.838s][info][gc,start       ] GC(33198) Pause Young (Allocation Failure)
[15171.840s][info][gc,heap        ] GC(33198) PSYoungGen: 83200K(84480K)->1152K(84480K) Eden: 81920K(81920K)->0K(81920K) From: 1280K(2560K)->1152K(2560K)
[15171.840s][info][gc,heap        ] GC(33198) ParOldGen: 137102K(175104K)->137158K(175104K)
[15171.840s][info][gc,metaspace   ] GC(33198) Metaspace: 62350K(62592K)->62350K(62592K) NonClass: 53313K(53504K)->53313K(53504K) Class: 9037K(9088K)->9037K(9088K)
[15171.840s][info][gc             ] GC(33198) Pause Young (Allocation Failure) 215M->135M(253M) 2.460ms
[15171.840s][info][gc,cpu         ] GC(33198) User=0.00s Sys=0.01s Real=0.00s
[15172.313s][info][gc,start       ] GC(33199) Pause Young (Allocation Failure)
[15172.315s][info][gc,heap        ] GC(33199) PSYoungGen: 83072K(84480K)->928K(84480K) Eden: 81920K(81920K)->0K(81920K) From: 1152K(2560K)->928K(2560K)
[15172.315s][info][gc,heap        ] GC(33199) ParOldGen: 137158K(175104K)->137206K(175104K)
[15172.315s][info][gc,metaspace   ] GC(33199) Metaspace: 62350K(62592K)->62350K(62592K) NonClass: 53313K(53504K)->53313K(53504K) Class: 9037K(9088K)->9037K(9088K)
[15172.315s][info][gc             ] GC(33199) Pause Young (Allocation Failure) 215M->134M(253M) 2.192ms
[15172.315s][info][gc,cpu         ] GC(33199) User=0.00s Sys=0.00s Real=0.01s
[15172.799s][info][gc,start       ] GC(33200) Pause Young (Allocation Failure)
[15172.801s][info][gc,heap        ] GC(33200) PSYoungGen: 82848K(84480K)->672K(84480K) Eden: 81920K(81920K)->0K(81920K) From: 928K(2560K)->672K(2560K)
[15172.801s][info][gc,heap        ] GC(33200) ParOldGen: 137206K(175104K)->137262K(175104K)
[15172.801s][info][gc,metaspace   ] GC(33200) Metaspace: 62350K(62592K)->62350K(62592K) NonClass: 53313K(53504K)->53313K(53504K) Class: 9037K(9088K)->9037K(9088K)
[15172.801s][info][gc             ] GC(33200) Pause Young (Allocation Failure) 214M->134M(253M) 1.997ms
[15172.801s][info][gc,cpu         ] GC(33200) User=0.00s Sys=0.00s Real=0.00s
[15173.290s][info][gc,start       ] GC(33201) Pause Young (Allocation Failure)
[15173.292s][info][gc,heap        ] GC(33201) PSYoungGen: 82592K(84480K)->576K(84992K) Eden: 81920K(81920K)->0K(82944K) From: 672K(2560K)->576K(2048K)
[15173.292s][info][gc,heap        ] GC(33201) ParOldGen: 137262K(175104K)->137310K(175104K)
[15173.292s][info][gc,metaspace   ] GC(33201) Metaspace: 62350K(62592K)->62350K(62592K) NonClass: 53313K(53504K)->53313K(53504K) Class: 9037K(9088K)->9037K(9088K)
[15173.292s][info][gc             ] GC(33201) Pause Young (Allocation Failure) 214M->134M(254M) 1.846ms
[15173.292s][info][gc,cpu         ] GC(33201) User=0.00s Sys=0.00s Real=0.00s
[15173.765s][info][gc,start       ] GC(33202) Pause Young (Allocation Failure)
[15173.767s][info][gc,heap        ] GC(33202) PSYoungGen: 83520K(84992K)->224K(84992K) Eden: 82944K(82944K)->0K(82944K) From: 576K(2048K)->224K(2048K)
[15173.767s][info][gc,heap        ] GC(33202) ParOldGen: 137310K(175104K)->137358K(175104K)
[15173.767s][info][gc,metaspace   ] GC(33202) Metaspace: 62350K(62592K)->62350K(62592K) NonClass: 53313K(53504K)->53313K(53504K) Class: 9037K(9088K)->9037K(9088K)
[15173.767s][info][gc             ] GC(33202) Pause Young (Allocation Failure) 215M->134M(254M) 1.510ms
[15173.767s][info][gc,cpu         ] GC(33202) User=0.00s Sys=0.00s Real=0.00s
[15174.305s][info][gc,start       ] GC(33203) Pause Young (Allocation Failure)
[15174.307s][info][gc,heap        ] GC(33203) PSYoungGen: 83168K(84992K)->832K(84992K) Eden: 82944K(82944K)->0K(82944K) From: 224K(2048K)->832K(2048K)
[15174.307s][info][gc,heap        ] GC(33203) ParOldGen: 137358K(175104K)->137406K(175104K)
[15174.307s][info][gc,metaspace   ] GC(33203) Metaspace: 62350K(62592K)->62350K(62592K) NonClass: 53313K(53504K)->53313K(53504K) Class: 9037K(9088K)->9037K(9088K)
[15174.307s][info][gc             ] GC(33203) Pause Young (Allocation Failure) 215M->134M(254M) 2.163ms
[15174.307s][info][gc,cpu         ] GC(33203) User=0.01s Sys=0.00s Real=0.00s
[15174.791s][info][gc,start       ] GC(33204) Pause Young (Allocation Failure)
[15174.793s][info][gc,heap        ] GC(33204) PSYoungGen: 83776K(84992K)->544K(84992K) Eden: 82944K(82944K)->0K(82944K) From: 832K(2048K)->544K(2048K)
[15174.793s][info][gc,heap        ] GC(33204) ParOldGen: 137406K(175104K)->137510K(175104K)
[15174.793s][info][gc,metaspace   ] GC(33204) Metaspace: 62350K(62592K)->62350K(62592K) NonClass: 53313K(53504K)->53313K(53504K) Class: 9037K(9088K)->9037K(9088K)
[15174.793s][info][gc             ] GC(33204) Pause Young (Allocation Failure) 215M->134M(254M) 1.852ms
[15174.793s][info][gc,cpu         ] GC(33204) User=0.00s Sys=0.00s Real=0.00s
[15175.285s][info][gc,start       ] GC(33205) Pause Young (Allocation Failure)
[15175.287s][info][gc,heap        ] GC(33205) PSYoungGen: 83488K(84992K)->544K(84992K) Eden: 82944K(82944K)->0K(82944K) From: 544K(2048K)->544K(2048K)
[15175.287s][info][gc,heap        ] GC(33205) ParOldGen: 137510K(175104K)->137558K(175104K)
[15175.287s][info][gc,metaspace   ] GC(33205) Metaspace: 62350K(62592K)->62350K(62592K) NonClass: 53313K(53504K)->53313K(53504K) Class: 9037K(9088K)->9037K(9088K)
[15175.287s][info][gc             ] GC(33205) Pause Young (Allocation Failure) 215M->134M(254M) 1.803ms
[15175.287s][info][gc,cpu         ] GC(33205) User=0.00s Sys=0.00s Real=0.00s
[15175.781s][info][gc,start       ] GC(33206) Pause Young (Allocation Failure)
[15175.782s][info][gc,heap        ] GC(33206) PSYoungGen: 83488K(84992K)->416K(84992K) Eden: 82944K(82944K)->0K(82944K) From: 544K(2048K)->416K(2048K)
[15175.782s][info][gc,heap        ] GC(33206) ParOldGen: 137558K(175104K)->137606K(175104K)
[15175.782s][info][gc,metaspace   ] GC(33206) Metaspace: 62350K(62592K)->62350K(62592K) NonClass: 53313K(53504K)->53313K(53504K) Class: 9037K(9088K)->9037K(9088K)
[15175.782s][info][gc             ] GC(33206) Pause Young (Allocation Failure) 215M->134M(254M) 1.779ms
[15175.782s][info][gc,cpu         ] GC(33206) User=0.00s Sys=0.00s Real=0.00s
[15176.257s][info][gc,start       ] GC(33207) Pause Young (Allocation Failure)
[15176.259s][info][gc,heap        ] GC(33207) PSYoungGen: 83360K(84992K)->1472K(84992K) Eden: 82944K(82944K)->0K(82944K) From: 416K(2048K)->1472K(2048K)
[15176.259s][info][gc,heap        ] GC(33207) ParOldGen: 137606K(175104K)->137654K(175104K)
[15176.259s][info][gc,metaspace   ] GC(33207) Metaspace: 62350K(62592K)->62350K(62592K) NonClass: 53313K(53504K)->53313K(53504K) Class: 9037K(9088K)->9037K(9088K)
[15176.259s][info][gc             ] GC(33207) Pause Young (Allocation Failure) 215M->135M(254M) 2.721ms
[15176.260s][info][gc,cpu         ] GC(33207) User=0.00s Sys=0.00s Real=0.00s
[15176.715s][info][gc,start       ] GC(33208) Pause Young (Allocation Failure)
[15176.718s][info][gc,heap        ] GC(33208) PSYoungGen: 84416K(84992K)->992K(84992K) Eden: 82944K(82944K)->0K(82944K) From: 1472K(2048K)->992K(2048K)
[15176.718s][info][gc,heap        ] GC(33208) ParOldGen: 137654K(175104K)->137710K(175104K)
[15176.718s][info][gc,metaspace   ] GC(33208) Metaspace: 62350K(62592K)->62350K(62592K) NonClass: 53313K(53504K)->53313K(53504K) Class: 9037K(9088K)->9037K(9088K)
[15176.718s][info][gc             ] GC(33208) Pause Young (Allocation Failure) 216M->135M(254M) 2.308ms
[15176.718s][info][gc,cpu         ] GC(33208) User=0.00s Sys=0.00s Real=0.00s
[15177.218s][info][gc,start       ] GC(33209) Pause Young (Allocation Failure)
[15177.220s][info][gc,heap        ] GC(33209) PSYoungGen: 83936K(84992K)->928K(84992K) Eden: 82944K(82944K)->0K(82944K) From: 992K(2048K)->928K(2048K)
[15177.220s][info][gc,heap        ] GC(33209) ParOldGen: 137710K(175104K)->137758K(175104K)
[15177.220s][info][gc,metaspace   ] GC(33209) Metaspace: 62350K(62592K)->62350K(62592K) NonClass: 53313K(53504K)->53313K(53504K) Class: 9037K(9088K)->9037K(9088K)
[15177.220s][info][gc             ] GC(33209) Pause Young (Allocation Failure) 216M->135M(254M) 2.241ms
[15177.220s][info][gc,cpu         ] GC(33209) User=0.00s Sys=0.00s Real=0.00s
[15177.725s][info][gc,start       ] GC(33210) Pause Young (Allocation Failure)
[15177.727s][info][gc,heap        ] GC(33210) PSYoungGen: 83872K(84992K)->960K(84992K) Eden: 82944K(82944K)->0K(82944K) From: 928K(2048K)->960K(2048K)
[15177.727s][info][gc,heap        ] GC(33210) ParOldGen: 137758K(175104K)->137814K(175104K)
[15177.727s][info][gc,metaspace   ] GC(33210) Metaspace: 62350K(62592K)->62350K(62592K) NonClass: 53313K(53504K)->53313K(53504K) Class: 9037K(9088K)->9037K(9088K)
[15177.727s][info][gc             ] GC(33210) Pause Young (Allocation Failure) 216M->135M(254M) 2.393ms
[15177.727s][info][gc,cpu         ] GC(33210) User=0.00s Sys=0.00s Real=0.00s
[15178.232s][info][gc,start       ] GC(33211) Pause Young (Allocation Failure)
[15178.234s][info][gc,heap        ] GC(33211) PSYoungGen: 83904K(84992K)->1088K(84992K) Eden: 82944K(82944K)->0K(82944K) From: 960K(2048K)->1088K(2048K)
[15178.234s][info][gc,heap        ] GC(33211) ParOldGen: 137814K(175104K)->137870K(175104K)
[15178.234s][info][gc,metaspace   ] GC(33211) Metaspace: 62350K(62592K)->62350K(62592K) NonClass: 53313K(53504K)->53313K(53504K) Class: 9037K(9088K)->9037K(9088K)
[15178.234s][info][gc             ] GC(33211) Pause Young (Allocation Failure) 216M->135M(254M) 2.500ms
[15178.234s][info][gc,cpu         ] GC(33211) User=0.00s Sys=0.00s Real=0.01s
[15178.715s][info][gc,start       ] GC(33212) Pause Young (Allocation Failure)
[15178.718s][info][gc,heap        ] GC(33212) PSYoungGen: 84032K(84992K)->896K(84992K) Eden: 82944K(82944K)->0K(82944K) From: 1088K(2048K)->896K(2048K)
[15178.718s][info][gc,heap        ] GC(33212) ParOldGen: 137870K(175104K)->137918K(175104K)
[15178.718s][info][gc,metaspace   ] GC(33212) Metaspace: 62350K(62592K)->62350K(62592K) NonClass: 53313K(53504K)->53313K(53504K) Class: 9037K(9088K)->9037K(9088K)
[15178.718s][info][gc             ] GC(33212) Pause Young (Allocation Failure) 216M->135M(254M) 2.477ms
[15178.718s][info][gc,cpu         ] GC(33212) User=0.00s Sys=0.00s Real=0.00s
[15179.181s][info][gc,start       ] GC(33213) Pause Young (Allocation Failure)
[15179.183s][info][gc,heap        ] GC(33213) PSYoungGen: 83840K(84992K)->448K(84992K) Eden: 82944K(82944K)->0K(82944K) From: 896K(2048K)->448K(2048K)
[15179.183s][info][gc,heap        ] GC(33213) ParOldGen: 137918K(175104K)->137966K(175104K)
[15179.183s][info][gc,metaspace   ] GC(33213) Metaspace: 62350K(62592K)->62350K(62592K) NonClass: 53313K(53504K)->53313K(53504K) Class: 9037K(9088K)->9037K(9088K)
[15179.183s][info][gc             ] GC(33213) Pause Young (Allocation Failure) 216M->135M(254M) 1.905ms
[15179.183s][info][gc,cpu         ] GC(33213) User=0.01s Sys=0.00s Real=0.00s
[15179.646s][info][gc,start       ] GC(33214) Pause Young (Allocation Failure)
[15179.649s][info][gc,heap        ] GC(33214) PSYoungGen: 83392K(84992K)->1312K(84992K) Eden: 82944K(82944K)->0K(82944K) From: 448K(2048K)->1312K(2048K)
[15179.649s][info][gc,heap        ] GC(33214) ParOldGen: 137966K(175104K)->138014K(175104K)
[15179.649s][info][gc,metaspace   ] GC(33214) Metaspace: 62350K(62592K)->62350K(62592K) NonClass: 53313K(53504K)->53313K(53504K) Class: 9037K(9088K)->9037K(9088K)
[15179.649s][info][gc             ] GC(33214) Pause Young (Allocation Failure) 216M->136M(254M) 2.701ms
[15179.649s][info][gc,cpu         ] GC(33214) User=0.00s Sys=0.00s Real=0.00s
[15180.159s][info][gc,start       ] GC(33215) Pause Young (Allocation Failure)
[15180.162s][info][gc,heap        ] GC(33215) PSYoungGen: 84256K(84992K)->1344K(84992K) Eden: 82944K(82944K)->0K(82944K) From: 1312K(2048K)->1344K(2048K)
[15180.162s][info][gc,heap        ] GC(33215) ParOldGen: 138014K(175104K)->138070K(175104K)
[15180.162s][info][gc,metaspace   ] GC(33215) Metaspace: 62350K(62592K)->62350K(62592K) NonClass: 53313K(53504K)->53313K(53504K) Class: 9037K(9088K)->9037K(9088K)
[15180.162s][info][gc             ] GC(33215) Pause Young (Allocation Failure) 217M->136M(254M) 2.652ms
[15180.162s][info][gc,cpu         ] GC(33215) User=0.01s Sys=0.00s Real=0.00s
[15180.695s][info][gc,start       ] GC(33216) Pause Young (Allocation Failure)
[15180.697s][info][gc,heap        ] GC(33216) PSYoungGen: 84075K(84992K)->640K(84992K) Eden: 82731K(82944K)->0K(82944K) From: 1344K(2048K)->640K(2048K)
[15180.697s][info][gc,heap        ] GC(33216) ParOldGen: 138070K(175104K)->138118K(175104K)
[15180.697s][info][gc,metaspace   ] GC(33216) Metaspace: 62350K(62592K)->62350K(62592K) NonClass: 53313K(53504K)->53313K(53504K) Class: 9037K(9088K)->9037K(9088K)
[15180.697s][info][gc             ] GC(33216) Pause Young (Allocation Failure) 216M->135M(254M) 2.065ms
[15180.697s][info][gc,cpu         ] GC(33216) User=0.01s Sys=0.00s Real=0.00s
[15181.182s][info][gc,start       ] GC(33217) Pause Young (Allocation Failure)
[15181.184s][info][gc,heap        ] GC(33217) PSYoungGen: 83584K(84992K)->1440K(84992K) Eden: 82944K(82944K)->0K(82944K) From: 640K(2048K)->1440K(2048K)
[15181.184s][info][gc,heap        ] GC(33217) ParOldGen: 138118K(175104K)->139198K(175104K)
[15181.184s][info][gc,metaspace   ] GC(33217) Metaspace: 62350K(62592K)->62350K(62592K) NonClass: 53313K(53504K)->53313K(53504K) Class: 9037K(9088K)->9037K(9088K)
[15181.184s][info][gc             ] GC(33217) Pause Young (Allocation Failure) 216M->137M(254M) 2.041ms
[15181.184s][info][gc,cpu         ] GC(33217) User=0.00s Sys=0.00s Real=0.00s
[15181.663s][info][gc,start       ] GC(33218) Pause Young (Allocation Failure)
[15181.664s][info][gc,heap        ] GC(33218) PSYoungGen: 84384K(84992K)->192K(84992K) Eden: 82944K(82944K)->0K(82944K) From: 1440K(2048K)->192K(2048K)
[15181.664s][info][gc,heap        ] GC(33218) ParOldGen: 139198K(175104K)->140278K(175104K)
[15181.664s][info][gc,metaspace   ] GC(33218) Metaspace: 62350K(62592K)->62350K(62592K) NonClass: 53313K(53504K)->53313K(53504K) Class: 9037K(9088K)->9037K(9088K)
[15181.664s][info][gc             ] GC(33218) Pause Young (Allocation Failure) 218M->137M(254M) 1.642ms
[15181.664s][info][gc,cpu         ] GC(33218) User=0.00s Sys=0.00s Real=0.01s
[15182.177s][info][gc,start       ] GC(33219) Pause Young (Allocation Failure)
[15182.179s][info][gc,heap        ] GC(33219) PSYoungGen: 83136K(84992K)->384K(84992K) Eden: 82944K(82944K)->0K(82944K) From: 192K(2048K)->384K(2048K)
[15182.179s][info][gc,heap        ] GC(33219) ParOldGen: 140278K(175104K)->140326K(175104K)
[15182.179s][info][gc,metaspace   ] GC(33219) Metaspace: 62350K(62592K)->62350K(62592K) NonClass: 53313K(53504K)->53313K(53504K) Class: 9037K(9088K)->9037K(9088K)
[15182.179s][info][gc             ] GC(33219) Pause Young (Allocation Failure) 218M->137M(254M) 1.618ms
[15182.179s][info][gc,cpu         ] GC(33219) User=0.00s Sys=0.00s Real=0.00s
[15182.736s][info][gc,start       ] GC(33220) Pause Young (Allocation Failure)
[15182.739s][info][gc,heap        ] GC(33220) PSYoungGen: 83328K(84992K)->1216K(84992K) Eden: 82944K(82944K)->0K(82944K) From: 384K(2048K)->1216K(2048K)
[15182.739s][info][gc,heap        ] GC(33220) ParOldGen: 140326K(175104K)->140374K(175104K)
[15182.739s][info][gc,metaspace   ] GC(33220) Metaspace: 62350K(62592K)->62350K(62592K) NonClass: 53313K(53504K)->53313K(53504K) Class: 9037K(9088K)->9037K(9088K)
[15182.739s][info][gc             ] GC(33220) Pause Young (Allocation Failure) 218M->138M(254M) 2.561ms
[15182.739s][info][gc,cpu         ] GC(33220) User=0.00s Sys=0.00s Real=0.00s
[15183.317s][info][gc,start       ] GC(33221) Pause Young (Allocation Failure)
[15183.319s][info][gc,heap        ] GC(33221) PSYoungGen: 84160K(84992K)->768K(84992K) Eden: 82944K(82944K)->0K(82944K) From: 1216K(2048K)->768K(2048K)
[15183.319s][info][gc,heap        ] GC(33221) ParOldGen: 140374K(175104K)->140478K(175104K)
[15183.319s][info][gc,metaspace   ] GC(33221) Metaspace: 62350K(62592K)->62350K(62592K) NonClass: 53313K(53504K)->53313K(53504K) Class: 9037K(9088K)->9037K(9088K)
[15183.319s][info][gc             ] GC(33221) Pause Young (Allocation Failure) 219M->137M(254M) 2.252ms
[15183.319s][info][gc,cpu         ] GC(33221) User=0.01s Sys=0.00s Real=0.00s
[15183.873s][info][gc,start       ] GC(33222) Pause Young (Allocation Failure)
[15183.874s][info][gc,heap        ] GC(33222) PSYoungGen: 83712K(84992K)->352K(84992K) Eden: 82944K(82944K)->0K(82944K) From: 768K(2048K)->352K(2048K)
[15183.875s][info][gc,heap        ] GC(33222) ParOldGen: 140478K(175104K)->140534K(175104K)
[15183.875s][info][gc,metaspace   ] GC(33222) Metaspace: 62350K(62592K)->62350K(62592K) NonClass: 53313K(53504K)->53313K(53504K) Class: 9037K(9088K)->9037K(9088K)
[15183.875s][info][gc             ] GC(33222) Pause Young (Allocation Failure) 218M->137M(254M) 1.714ms
[15183.875s][info][gc,cpu         ] GC(33222) User=0.01s Sys=0.00s Real=0.01s
[15184.428s][info][gc,start       ] GC(33223) Pause Young (Allocation Failure)
[15184.431s][info][gc,heap        ] GC(33223) PSYoungGen: 83296K(84992K)->1024K(84992K) Eden: 82944K(82944K)->0K(82944K) From: 352K(2048K)->1024K(2048K)
[15184.431s][info][gc,heap        ] GC(33223) ParOldGen: 140534K(175104K)->140590K(175104K)
[15184.431s][info][gc,metaspace   ] GC(33223) Metaspace: 62350K(62592K)->62350K(62592K) NonClass: 53313K(53504K)->53313K(53504K) Class: 9037K(9088K)->9037K(9088K)
[15184.431s][info][gc             ] GC(33223) Pause Young (Allocation Failure) 218M->138M(254M) 2.467ms
[15184.431s][info][gc,cpu         ] GC(33223) User=0.00s Sys=0.00s Real=0.00s
[15184.972s][info][gc,start       ] GC(33224) Pause Young (Allocation Failure)
[15184.974s][info][gc,heap        ] GC(33224) PSYoungGen: 83968K(84992K)->320K(84992K) Eden: 82944K(82944K)->0K(82944K) From: 1024K(2048K)->320K(2048K)
[15184.974s][info][gc,heap        ] GC(33224) ParOldGen: 140590K(175104K)->140638K(175104K)
[15184.974s][info][gc,metaspace   ] GC(33224) Metaspace: 62350K(62592K)->62350K(62592K) NonClass: 53313K(53504K)->53313K(53504K) Class: 9037K(9088K)->9037K(9088K)
[15184.974s][info][gc             ] GC(33224) Pause Young (Allocation Failure) 219M->137M(254M) 1.590ms
[15184.974s][info][gc,cpu         ] GC(33224) User=0.00s Sys=0.00s Real=0.00s
[15185.522s][info][gc,start       ] GC(33225) Pause Young (Allocation Failure)
[15185.524s][info][gc,heap        ] GC(33225) PSYoungGen: 83264K(84992K)->864K(84992K) Eden: 82944K(82944K)->0K(82944K) From: 320K(2048K)->864K(2048K)
[15185.524s][info][gc,heap        ] GC(33225) ParOldGen: 140638K(175104K)->140686K(175104K)
[15185.524s][info][gc,metaspace   ] GC(33225) Metaspace: 62350K(62592K)->62350K(62592K) NonClass: 53313K(53504K)->53313K(53504K) Class: 9037K(9088K)->9037K(9088K)
[15185.524s][info][gc             ] GC(33225) Pause Young (Allocation Failure) 218M->138M(254M) 2.255ms
[15185.524s][info][gc,cpu         ] GC(33225) User=0.01s Sys=0.00s Real=0.01s
[15186.068s][info][gc,start       ] GC(33226) Pause Young (Allocation Failure)
[15186.070s][info][gc,heap        ] GC(33226) PSYoungGen: 83808K(84992K)->288K(84992K) Eden: 82944K(82944K)->0K(82944K) From: 864K(2048K)->288K(2048K)
[15186.070s][info][gc,heap        ] GC(33226) ParOldGen: 140686K(175104K)->140742K(175104K)
[15186.070s][info][gc,metaspace   ] GC(33226) Metaspace: 62350K(62592K)->62350K(62592K) NonClass: 53313K(53504K)->53313K(53504K) Class: 9037K(9088K)->9037K(9088K)
[15186.070s][info][gc             ] GC(33226) Pause Young (Allocation Failure) 219M->137M(254M) 2.146ms
[15186.071s][info][gc,cpu         ] GC(33226) User=0.00s Sys=0.00s Real=0.00s
[15186.629s][info][gc,start       ] GC(33227) Pause Young (Allocation Failure)
[15186.631s][info][gc,heap        ] GC(33227) PSYoungGen: 83232K(84992K)->960K(84992K) Eden: 82944K(82944K)->0K(82944K) From: 288K(2048K)->960K(2048K)
[15186.631s][info][gc,heap        ] GC(33227) ParOldGen: 140742K(175104K)->140798K(175104K)
[15186.631s][info][gc,metaspace   ] GC(33227) Metaspace: 62350K(62592K)->62350K(62592K) NonClass: 53313K(53504K)->53313K(53504K) Class: 9037K(9088K)->9037K(9088K)
[15186.631s][info][gc             ] GC(33227) Pause Young (Allocation Failure) 218M->138M(254M) 2.352ms
[15186.631s][info][gc,cpu         ] GC(33227) User=0.01s Sys=0.00s Real=0.00s
[15187.212s][info][gc,start       ] GC(33228) Pause Young (Allocation Failure)
[15187.214s][info][gc,heap        ] GC(33228) PSYoungGen: 83904K(84992K)->832K(84992K) Eden: 82944K(82944K)->0K(82944K) From: 960K(2048K)->832K(2048K)
[15187.214s][info][gc,heap        ] GC(33228) ParOldGen: 140798K(175104K)->140854K(175104K)
[15187.214s][info][gc,metaspace   ] GC(33228) Metaspace: 62350K(62592K)->62350K(62592K) NonClass: 53313K(53504K)->53313K(53504K) Class: 9037K(9088K)->9037K(9088K)
[15187.214s][info][gc             ] GC(33228) Pause Young (Allocation Failure) 219M->138M(254M) 2.117ms
[15187.214s][info][gc,cpu         ] GC(33228) User=0.01s Sys=0.00s Real=0.00s
[15187.755s][info][gc,start       ] GC(33229) Pause Young (Allocation Failure)
[15187.758s][info][gc,heap        ] GC(33229) PSYoungGen: 83776K(84992K)->1312K(84992K) Eden: 82944K(82944K)->0K(82944K) From: 832K(2048K)->1312K(2048K)
[15187.758s][info][gc,heap        ] GC(33229) ParOldGen: 140854K(175104K)->140902K(175104K)
[15187.758s][info][gc,metaspace   ] GC(33229) Metaspace: 62350K(62592K)->62350K(62592K) NonClass: 53313K(53504K)->53313K(53504K) Class: 9037K(9088K)->9037K(9088K)
[15187.758s][info][gc             ] GC(33229) Pause Young (Allocation Failure) 219M->138M(254M) 2.796ms
[15187.758s][info][gc,cpu         ] GC(33229) User=0.01s Sys=0.00s Real=0.00s
[15188.308s][info][gc,start       ] GC(33230) Pause Young (Allocation Failure)
[15188.310s][info][gc,heap        ] GC(33230) PSYoungGen: 84256K(84992K)->736K(84992K) Eden: 82944K(82944K)->0K(82944K) From: 1312K(2048K)->736K(2048K)
[15188.310s][info][gc,heap        ] GC(33230) ParOldGen: 140902K(175104K)->140950K(175104K)
[15188.310s][info][gc,metaspace   ] GC(33230) Metaspace: 62350K(62592K)->62350K(62592K) NonClass: 53313K(53504K)->53313K(53504K) Class: 9037K(9088K)->9037K(9088K)
[15188.310s][info][gc             ] GC(33230) Pause Young (Allocation Failure) 219M->138M(254M) 2.094ms
[15188.310s][info][gc,cpu         ] GC(33230) User=0.01s Sys=0.00s Real=0.00s
[15188.878s][info][gc,start       ] GC(33231) Pause Young (Allocation Failure)
[15188.879s][info][gc,heap        ] GC(33231) PSYoungGen: 83680K(84992K)->384K(84992K) Eden: 82944K(82944K)->0K(82944K) From: 736K(2048K)->384K(2048K)
[15188.879s][info][gc,heap        ] GC(33231) ParOldGen: 140950K(175104K)->140998K(175104K)
[15188.879s][info][gc,metaspace   ] GC(33231) Metaspace: 62350K(62592K)->62350K(62592K) NonClass: 53313K(53504K)->53313K(53504K) Class: 9037K(9088K)->9037K(9088K)
[15188.879s][info][gc             ] GC(33231) Pause Young (Allocation Failure) 219M->138M(254M) 1.714ms
[15188.879s][info][gc,cpu         ] GC(33231) User=0.00s Sys=0.00s Real=0.00s
[15189.456s][info][gc,start       ] GC(33232) Pause Young (Allocation Failure)
[15189.458s][info][gc,heap        ] GC(33232) PSYoungGen: 83328K(84992K)->1184K(84992K) Eden: 82944K(82944K)->0K(82944K) From: 384K(2048K)->1184K(2048K)
[15189.458s][info][gc,heap        ] GC(33232) ParOldGen: 140998K(175104K)->141054K(175104K)
[15189.458s][info][gc,metaspace   ] GC(33232) Metaspace: 62350K(62592K)->62350K(62592K) NonClass: 53313K(53504K)->53313K(53504K) Class: 9037K(9088K)->9037K(9088K)
[15189.459s][info][gc             ] GC(33232) Pause Young (Allocation Failure) 219M->138M(254M) 2.579ms
[15189.459s][info][gc,cpu         ] GC(33232) User=0.01s Sys=0.00s Real=0.00s
[15190.026s][info][gc,start       ] GC(33233) Pause Young (Allocation Failure)
[15190.028s][info][gc,heap        ] GC(33233) PSYoungGen: 84128K(84992K)->864K(84992K) Eden: 82944K(82944K)->0K(82944K) From: 1184K(2048K)->864K(2048K)
[15190.028s][info][gc,heap        ] GC(33233) ParOldGen: 141054K(175104K)->141102K(175104K)
[15190.028s][info][gc,metaspace   ] GC(33233) Metaspace: 62350K(62592K)->62350K(62592K) NonClass: 53313K(53504K)->53313K(53504K) Class: 9037K(9088K)->9037K(9088K)
[15190.028s][info][gc             ] GC(33233) Pause Young (Allocation Failure) 219M->138M(254M) 2.177ms
[15190.028s][info][gc,cpu         ] GC(33233) User=0.00s Sys=0.00s Real=0.00s
[15190.559s][info][gc,start       ] GC(33234) Pause Young (Allocation Failure)
[15190.562s][info][gc,heap        ] GC(33234) PSYoungGen: 83808K(84992K)->1248K(84992K) Eden: 82944K(82944K)->0K(82944K) From: 864K(2048K)->1248K(2048K)
[15190.562s][info][gc,heap        ] GC(33234) ParOldGen: 141102K(175104K)->141150K(175104K)
[15190.562s][info][gc,metaspace   ] GC(33234) Metaspace: 62350K(62592K)->62350K(62592K) NonClass: 53313K(53504K)->53313K(53504K) Class: 9037K(9088K)->9037K(9088K)
[15190.562s][info][gc             ] GC(33234) Pause Young (Allocation Failure) 219M->139M(254M) 2.881ms
[15190.562s][info][gc,cpu         ] GC(33234) User=0.01s Sys=0.00s Real=0.00s
[15191.108s][info][gc,start       ] GC(33235) Pause Young (Allocation Failure)
[15191.110s][info][gc,heap        ] GC(33235) PSYoungGen: 84192K(84992K)->704K(84992K) Eden: 82944K(82944K)->0K(82944K) From: 1248K(2048K)->704K(2048K)
[15191.110s][info][gc,heap        ] GC(33235) ParOldGen: 141150K(175104K)->141198K(175104K)
[15191.110s][info][gc,metaspace   ] GC(33235) Metaspace: 62350K(62592K)->62350K(62592K) NonClass: 53313K(53504K)->53313K(53504K) Class: 9037K(9088K)->9037K(9088K)
[15191.110s][info][gc             ] GC(33235) Pause Young (Allocation Failure) 220M->138M(254M) 2.176ms
[15191.110s][info][gc,cpu         ] GC(33235) User=0.00s Sys=0.00s Real=0.00s
[15191.687s][info][gc,start       ] GC(33236) Pause Young (Allocation Failure)
[15191.688s][info][gc,heap        ] GC(33236) PSYoungGen: 83648K(84992K)->448K(84992K) Eden: 82944K(82944K)->0K(82944K) From: 704K(2048K)->448K(2048K)
[15191.689s][info][gc,heap        ] GC(33236) ParOldGen: 141198K(175104K)->141246K(175104K)
[15191.689s][info][gc,metaspace   ] GC(33236) Metaspace: 62350K(62592K)->62350K(62592K) NonClass: 53313K(53504K)->53313K(53504K) Class: 9037K(9088K)->9037K(9088K)
[15191.689s][info][gc             ] GC(33236) Pause Young (Allocation Failure) 219M->138M(254M) 1.788ms
[15191.689s][info][gc,cpu         ] GC(33236) User=0.00s Sys=0.00s Real=0.00s
[15192.291s][info][gc,start       ] GC(33237) Pause Young (Allocation Failure)
[15192.293s][info][gc,heap        ] GC(33237) PSYoungGen: 82907K(84992K)->608K(84992K) Eden: 82459K(82944K)->0K(82944K) From: 448K(2048K)->608K(2048K)
[15192.293s][info][gc,heap        ] GC(33237) ParOldGen: 141246K(175104K)->141302K(175104K)
[15192.293s][info][gc,metaspace   ] GC(33237) Metaspace: 62350K(62592K)->62350K(62592K) NonClass: 53313K(53504K)->53313K(53504K) Class: 9037K(9088K)->9037K(9088K)
[15192.293s][info][gc             ] GC(33237) Pause Young (Allocation Failure) 218M->138M(254M) 2.005ms
[15192.293s][info][gc,cpu         ] GC(33237) User=0.00s Sys=0.00s Real=0.00s
[15192.857s][info][gc,start       ] GC(33238) Pause Young (Allocation Failure)
[15192.860s][info][gc,heap        ] GC(33238) PSYoungGen: 83552K(84992K)->2016K(84992K) Eden: 82944K(82944K)->0K(82944K) From: 608K(2048K)->2016K(2048K)
[15192.860s][info][gc,heap        ] GC(33238) ParOldGen: 141302K(175104K)->141646K(175104K)
[15192.860s][info][gc,metaspace   ] GC(33238) Metaspace: 62350K(62592K)->62350K(62592K) NonClass: 53313K(53504K)->53313K(53504K) Class: 9037K(9088K)->9037K(9088K)
[15192.860s][info][gc             ] GC(33238) Pause Young (Allocation Failure) 219M->140M(254M) 2.808ms
[15192.860s][info][gc,cpu         ] GC(33238) User=0.01s Sys=0.00s Real=0.00s
[15193.359s][info][gc,start       ] GC(33239) Pause Young (Allocation Failure)
[15193.362s][info][gc,heap        ] GC(33239) PSYoungGen: 84960K(84992K)->1248K(83968K) Eden: 82944K(82944K)->0K(81920K) From: 2016K(2048K)->1248K(2048K)
[15193.362s][info][gc,heap        ] GC(33239) ParOldGen: 141646K(175104K)->142694K(175104K)
[15193.362s][info][gc,metaspace   ] GC(33239) Metaspace: 62350K(62592K)->62350K(62592K) NonClass: 53313K(53504K)->53313K(53504K) Class: 9037K(9088K)->9037K(9088K)
[15193.362s][info][gc             ] GC(33239) Pause Young (Allocation Failure) 221M->140M(253M) 3.022ms
[15193.362s][info][gc,cpu         ] GC(33239) User=0.00s Sys=0.00s Real=0.00s
[15193.901s][info][gc,start       ] GC(33240) Pause Young (Allocation Failure)
[15193.903s][info][gc,heap        ] GC(33240) PSYoungGen: 83168K(83968K)->704K(84480K) Eden: 81920K(81920K)->0K(81920K) From: 1248K(2048K)->704K(2560K)
[15193.903s][info][gc,heap        ] GC(33240) ParOldGen: 142694K(175104K)->142750K(175104K)
[15193.903s][info][gc,metaspace   ] GC(33240) Metaspace: 62350K(62592K)->62350K(62592K) NonClass: 53313K(53504K)->53313K(53504K) Class: 9037K(9088K)->9037K(9088K)
[15193.903s][info][gc             ] GC(33240) Pause Young (Allocation Failure) 220M->140M(253M) 2.047ms
[15193.903s][info][gc,cpu         ] GC(33240) User=0.01s Sys=0.00s Real=0.00s
[15194.417s][info][gc,start       ] GC(33241) Pause Young (Allocation Failure)
[15194.420s][info][gc,heap        ] GC(33241) PSYoungGen: 82624K(84480K)->928K(84992K) Eden: 81920K(81920K)->0K(82944K) From: 704K(2560K)->928K(2048K)
[15194.420s][info][gc,heap        ] GC(33241) ParOldGen: 142750K(175104K)->142798K(175104K)
[15194.420s][info][gc,metaspace   ] GC(33241) Metaspace: 62350K(62592K)->62350K(62592K) NonClass: 53313K(53504K)->53313K(53504K) Class: 9037K(9088K)->9037K(9088K)
[15194.420s][info][gc             ] GC(33241) Pause Young (Allocation Failure) 220M->140M(254M) 2.332ms
[15194.420s][info][gc,cpu         ] GC(33241) User=0.01s Sys=0.01s Real=0.00s
[15194.959s][info][gc,start       ] GC(33242) Pause Young (Allocation Failure)
[15194.962s][info][gc,heap        ] GC(33242) PSYoungGen: 83872K(84992K)->1344K(84992K) Eden: 82944K(82944K)->0K(82944K) From: 928K(2048K)->1344K(2048K)
[15194.962s][info][gc,heap        ] GC(33242) ParOldGen: 142798K(175104K)->142846K(175104K)
[15194.962s][info][gc,metaspace   ] GC(33242) Metaspace: 62350K(62592K)->62350K(62592K) NonClass: 53313K(53504K)->53313K(53504K) Class: 9037K(9088K)->9037K(9088K)
[15194.962s][info][gc             ] GC(33242) Pause Young (Allocation Failure) 221M->140M(254M) 2.861ms
[15194.962s][info][gc,cpu         ] GC(33242) User=0.01s Sys=0.00s Real=0.00s
[15195.490s][info][gc,start       ] GC(33243) Pause Young (Allocation Failure)
[15195.492s][info][gc,heap        ] GC(33243) PSYoungGen: 84288K(84992K)->512K(84992K) Eden: 82944K(82944K)->0K(82944K) From: 1344K(2048K)->512K(2048K)
[15195.492s][info][gc,heap        ] GC(33243) ParOldGen: 142846K(175104K)->142902K(175104K)
[15195.492s][info][gc,metaspace   ] GC(33243) Metaspace: 62350K(62592K)->62350K(62592K) NonClass: 53313K(53504K)->53313K(53504K) Class: 9037K(9088K)->9037K(9088K)
[15195.492s][info][gc             ] GC(33243) Pause Young (Allocation Failure) 221M->140M(254M) 1.895ms
[15195.492s][info][gc,cpu         ] GC(33243) User=0.00s Sys=0.00s Real=0.00s
[15196.121s][info][gc,start       ] GC(33244) Pause Young (Allocation Failure)
[15196.124s][info][gc,heap        ] GC(33244) PSYoungGen: 83456K(84992K)->832K(84992K) Eden: 82944K(82944K)->0K(82944K) From: 512K(2048K)->832K(2048K)
[15196.124s][info][gc,heap        ] GC(33244) ParOldGen: 142902K(175104K)->142958K(175104K)
[15196.124s][info][gc,metaspace   ] GC(33244) Metaspace: 62350K(62592K)->62350K(62592K) NonClass: 53313K(53504K)->53313K(53504K) Class: 9037K(9088K)->9037K(9088K)
[15196.124s][info][gc             ] GC(33244) Pause Young (Allocation Failure) 221M->140M(254M) 2.708ms
[15196.124s][info][gc,cpu         ] GC(33244) User=0.00s Sys=0.00s Real=0.00s
[15196.670s][info][gc,start       ] GC(33245) Pause Young (Allocation Failure)
[15196.672s][info][gc,heap        ] GC(33245) PSYoungGen: 83776K(84992K)->288K(84992K) Eden: 82944K(82944K)->0K(82944K) From: 832K(2048K)->288K(2048K)
[15196.672s][info][gc,heap        ] GC(33245) ParOldGen: 142958K(175104K)->143006K(175104K)
[15196.672s][info][gc,metaspace   ] GC(33245) Metaspace: 62350K(62592K)->62350K(62592K) NonClass: 53313K(53504K)->53313K(53504K) Class: 9037K(9088K)->9037K(9088K)
[15196.672s][info][gc             ] GC(33245) Pause Young (Allocation Failure) 221M->139M(254M) 1.699ms
[15196.672s][info][gc,cpu         ] GC(33245) User=0.01s Sys=0.00s Real=0.00s
[15197.194s][info][gc,start       ] GC(33246) Pause Young (Allocation Failure)
[15197.196s][info][gc,heap        ] GC(33246) PSYoungGen: 83232K(84992K)->608K(84992K) Eden: 82944K(82944K)->0K(82944K) From: 288K(2048K)->608K(2048K)
[15197.196s][info][gc,heap        ] GC(33246) ParOldGen: 143006K(175104K)->143054K(175104K)
[15197.196s][info][gc,metaspace   ] GC(33246) Metaspace: 62350K(62592K)->62350K(62592K) NonClass: 53313K(53504K)->53313K(53504K) Class: 9037K(9088K)->9037K(9088K)
[15197.196s][info][gc             ] GC(33246) Pause Young (Allocation Failure) 220M->140M(254M) 1.942ms
[15197.196s][info][gc,cpu         ] GC(33246) User=0.00s Sys=0.00s Real=0.01s
[15197.774s][info][gc,start       ] GC(33247) Pause Young (Allocation Failure)
[15197.776s][info][gc,heap        ] GC(33247) PSYoungGen: 83552K(84992K)->320K(84992K) Eden: 82944K(82944K)->0K(82944K) From: 608K(2048K)->320K(2048K)
[15197.776s][info][gc,heap        ] GC(33247) ParOldGen: 143054K(175104K)->143102K(175104K)
[15197.776s][info][gc,metaspace   ] GC(33247) Metaspace: 62350K(62592K)->62350K(62592K) NonClass: 53313K(53504K)->53313K(53504K) Class: 9037K(9088K)->9037K(9088K)
[15197.776s][info][gc             ] GC(33247) Pause Young (Allocation Failure) 221M->140M(254M) 2.063ms
[15197.776s][info][gc,cpu         ] GC(33247) User=0.01s Sys=0.00s Real=0.01s
[15198.332s][info][gc,start       ] GC(33248) Pause Young (Allocation Failure)
[15198.334s][info][gc,heap        ] GC(33248) PSYoungGen: 83264K(84992K)->1984K(84992K) Eden: 82944K(82944K)->0K(82944K) From: 320K(2048K)->1984K(2048K)
[15198.334s][info][gc,heap        ] GC(33248) ParOldGen: 143102K(175104K)->143158K(175104K)
[15198.334s][info][gc,metaspace   ] GC(33248) Metaspace: 62350K(62592K)->62350K(62592K) NonClass: 53313K(53504K)->53313K(53504K) Class: 9037K(9088K)->9037K(9088K)
[15198.334s][info][gc             ] GC(33248) Pause Young (Allocation Failure) 221M->141M(254M) 2.570ms
[15198.334s][info][gc,cpu         ] GC(33248) User=0.00s Sys=0.00s Real=0.01s
[15198.841s][info][gc,start       ] GC(33249) Pause Young (Allocation Failure)
[15198.843s][info][gc,heap        ] GC(33249) PSYoungGen: 84928K(84992K)->1088K(83968K) Eden: 82944K(82944K)->0K(81920K) From: 1984K(2048K)->1088K(2048K)
[15198.843s][info][gc,heap        ] GC(33249) ParOldGen: 143158K(175104K)->144238K(175104K)
[15198.843s][info][gc,metaspace   ] GC(33249) Metaspace: 62350K(62592K)->62350K(62592K) NonClass: 53313K(53504K)->53313K(53504K) Class: 9037K(9088K)->9037K(9088K)
[15198.843s][info][gc             ] GC(33249) Pause Young (Allocation Failure) 222M->141M(253M) 2.557ms
[15198.843s][info][gc,cpu         ] GC(33249) User=0.00s Sys=0.00s Real=0.00s
[15199.386s][info][gc,start       ] GC(33250) Pause Young (Allocation Failure)
[15199.389s][info][gc,heap        ] GC(33250) PSYoungGen: 83008K(83968K)->448K(84480K) Eden: 81920K(81920K)->0K(81920K) From: 1088K(2048K)->448K(2560K)
[15199.389s][info][gc,heap        ] GC(33250) ParOldGen: 144238K(175104K)->144294K(175104K)
[15199.389s][info][gc,metaspace   ] GC(33250) Metaspace: 62350K(62592K)->62350K(62592K) NonClass: 53313K(53504K)->53313K(53504K) Class: 9037K(9088K)->9037K(9088K)
[15199.389s][info][gc             ] GC(33250) Pause Young (Allocation Failure) 221M->141M(253M) 2.262ms
[15199.389s][info][gc,cpu         ] GC(33250) User=0.01s Sys=0.00s Real=0.00s
[15199.882s][info][gc,start       ] GC(33251) Pause Young (Allocation Failure)
[15199.884s][info][gc,heap        ] GC(33251) PSYoungGen: 82368K(84480K)->416K(84992K) Eden: 81920K(81920K)->0K(82432K) From: 448K(2560K)->416K(2560K)
[15199.884s][info][gc,heap        ] GC(33251) ParOldGen: 144294K(175104K)->144350K(175104K)
[15199.884s][info][gc,metaspace   ] GC(33251) Metaspace: 62350K(62592K)->62350K(62592K) NonClass: 53313K(53504K)->53313K(53504K) Class: 9037K(9088K)->9037K(9088K)
[15199.884s][info][gc             ] GC(33251) Pause Young (Allocation Failure) 221M->141M(254M) 1.805ms
[15199.884s][info][gc,cpu         ] GC(33251) User=0.00s Sys=0.00s Real=0.00s
[15200.347s][info][gc,start       ] GC(33252) Pause Young (Allocation Failure)
[15200.349s][info][gc,heap        ] GC(33252) PSYoungGen: 82848K(84992K)->1248K(84480K) Eden: 82432K(82432K)->0K(82432K) From: 416K(2560K)->1248K(2048K)
[15200.349s][info][gc,heap        ] GC(33252) ParOldGen: 144350K(175104K)->144406K(175104K)
[15200.349s][info][gc,metaspace   ] GC(33252) Metaspace: 62350K(62592K)->62350K(62592K) NonClass: 53313K(53504K)->53313K(53504K) Class: 9037K(9088K)->9037K(9088K)
[15200.349s][info][gc             ] GC(33252) Pause Young (Allocation Failure) 221M->142M(253M) 2.585ms
[15200.349s][info][gc,cpu         ] GC(33252) User=0.00s Sys=0.00s Real=0.00s
[15200.897s][info][gc,start       ] GC(33253) Pause Young (Allocation Failure)
[15200.899s][info][gc,heap        ] GC(33253) PSYoungGen: 83680K(84480K)->672K(84992K) Eden: 82432K(82432K)->0K(82432K) From: 1248K(2048K)->672K(2560K)
[15200.899s][info][gc,heap        ] GC(33253) ParOldGen: 144406K(175104K)->144462K(175104K)
[15200.899s][info][gc,metaspace   ] GC(33253) Metaspace: 62350K(62592K)->62350K(62592K) NonClass: 53313K(53504K)->53313K(53504K) Class: 9037K(9088K)->9037K(9088K)
[15200.899s][info][gc             ] GC(33253) Pause Young (Allocation Failure) 222M->141M(254M) 2.080ms
[15200.899s][info][gc,cpu         ] GC(33253) User=0.00s Sys=0.00s Real=0.00s
[15201.390s][info][gc,start       ] GC(33254) Pause Young (Allocation Failure)
[15201.391s][info][gc,heap        ] GC(33254) PSYoungGen: 83104K(84992K)->576K(84480K) Eden: 82432K(82432K)->0K(82432K) From: 672K(2560K)->576K(2048K)
[15201.391s][info][gc,heap        ] GC(33254) ParOldGen: 144462K(175104K)->144574K(175104K)
[15201.391s][info][gc,metaspace   ] GC(33254) Metaspace: 62350K(62592K)->62350K(62592K) NonClass: 53313K(53504K)->53313K(53504K) Class: 9037K(9088K)->9037K(9088K)
[15201.391s][info][gc             ] GC(33254) Pause Young (Allocation Failure) 222M->141M(253M) 1.962ms
[15201.392s][info][gc,cpu         ] GC(33254) User=0.01s Sys=0.00s Real=0.00s
[15201.872s][info][gc,start       ] GC(33255) Pause Young (Allocation Failure)
[15201.874s][info][gc,heap        ] GC(33255) PSYoungGen: 83008K(84480K)->320K(84992K) Eden: 82432K(82432K)->0K(82944K) From: 576K(2048K)->320K(2048K)
[15201.874s][info][gc,heap        ] GC(33255) ParOldGen: 144574K(175104K)->144622K(175104K)
[15201.874s][info][gc,metaspace   ] GC(33255) Metaspace: 62350K(62592K)->62350K(62592K) NonClass: 53313K(53504K)->53313K(53504K) Class: 9037K(9088K)->9037K(9088K)
[15201.874s][info][gc             ] GC(33255) Pause Young (Allocation Failure) 222M->141M(254M) 1.730ms
[15201.874s][info][gc,cpu         ] GC(33255) User=0.01s Sys=0.00s Real=0.00s
[15202.331s][info][gc,start       ] GC(33256) Pause Young (Allocation Failure)
[15202.333s][info][gc,heap        ] GC(33256) PSYoungGen: 83264K(84992K)->1216K(84992K) Eden: 82944K(82944K)->0K(82944K) From: 320K(2048K)->1216K(2048K)
[15202.333s][info][gc,heap        ] GC(33256) ParOldGen: 144622K(175104K)->144678K(175104K)
[15202.333s][info][gc,metaspace   ] GC(33256) Metaspace: 62350K(62592K)->62350K(62592K) NonClass: 53313K(53504K)->53313K(53504K) Class: 9037K(9088K)->9037K(9088K)
[15202.333s][info][gc             ] GC(33256) Pause Young (Allocation Failure) 222M->142M(254M) 2.521ms
[15202.333s][info][gc,cpu         ] GC(33256) User=0.01s Sys=0.00s Real=0.00s
[15202.810s][info][gc,start       ] GC(33257) Pause Young (Allocation Failure)
[15202.812s][info][gc,heap        ] GC(33257) PSYoungGen: 84160K(84992K)->864K(84992K) Eden: 82944K(82944K)->0K(82944K) From: 1216K(2048K)->864K(2048K)
[15202.812s][info][gc,heap        ] GC(33257) ParOldGen: 144678K(175104K)->144726K(175104K)
[15202.812s][info][gc,metaspace   ] GC(33257) Metaspace: 62350K(62592K)->62350K(62592K) NonClass: 53313K(53504K)->53313K(53504K) Class: 9037K(9088K)->9037K(9088K)
[15202.812s][info][gc             ] GC(33257) Pause Young (Allocation Failure) 223M->142M(254M) 2.218ms
[15202.812s][info][gc,cpu         ] GC(33257) User=0.01s Sys=0.00s Real=0.00s
[15203.307s][info][gc,start       ] GC(33258) Pause Young (Allocation Failure)
[15203.309s][info][gc,heap        ] GC(33258) PSYoungGen: 83808K(84992K)->832K(84992K) Eden: 82944K(82944K)->0K(82944K) From: 864K(2048K)->832K(2048K)
[15203.309s][info][gc,heap        ] GC(33258) ParOldGen: 144726K(175104K)->144782K(175104K)
[15203.309s][info][gc,metaspace   ] GC(33258) Metaspace: 62350K(62592K)->62350K(62592K) NonClass: 53313K(53504K)->53313K(53504K) Class: 9037K(9088K)->9037K(9088K)
[15203.309s][info][gc             ] GC(33258) Pause Young (Allocation Failure) 223M->142M(254M) 2.297ms
[15203.309s][info][gc,cpu         ] GC(33258) User=0.01s Sys=0.00s Real=0.00s
[15203.781s][info][gc,start       ] GC(33259) Pause Young (Allocation Failure)
[15203.783s][info][gc,heap        ] GC(33259) PSYoungGen: 83776K(84992K)->1440K(84992K) Eden: 82944K(82944K)->0K(82944K) From: 832K(2048K)->1440K(2048K)
[15203.783s][info][gc,heap        ] GC(33259) ParOldGen: 144782K(175104K)->144838K(175104K)
[15203.783s][info][gc,metaspace   ] GC(33259) Metaspace: 62350K(62592K)->62350K(62592K) NonClass: 53313K(53504K)->53313K(53504K) Class: 9037K(9088K)->9037K(9088K)
[15203.783s][info][gc             ] GC(33259) Pause Young (Allocation Failure) 223M->142M(254M) 2.040ms
[15203.783s][info][gc,cpu         ] GC(33259) User=0.00s Sys=0.00s Real=0.00s
[15204.290s][info][gc,start       ] GC(33260) Pause Young (Allocation Failure)
[15204.292s][info][gc,heap        ] GC(33260) PSYoungGen: 84384K(84992K)->544K(84992K) Eden: 82944K(82944K)->0K(82944K) From: 1440K(2048K)->544K(2048K)
[15204.292s][info][gc,heap        ] GC(33260) ParOldGen: 144838K(175104K)->146934K(175104K)
[15204.292s][info][gc,metaspace   ] GC(33260) Metaspace: 62350K(62592K)->62350K(62592K) NonClass: 53313K(53504K)->53313K(53504K) Class: 9037K(9088K)->9037K(9088K)
[15204.292s][info][gc             ] GC(33260) Pause Young (Allocation Failure) 223M->144M(254M) 2.228ms
[15204.292s][info][gc,cpu         ] GC(33260) User=0.01s Sys=0.00s Real=0.00s
[15204.789s][info][gc,start       ] GC(33261) Pause Young (Allocation Failure)
[15204.791s][info][gc,heap        ] GC(33261) PSYoungGen: 83488K(84992K)->576K(84992K) Eden: 82944K(82944K)->0K(82944K) From: 544K(2048K)->576K(2048K)
[15204.791s][info][gc,heap        ] GC(33261) ParOldGen: 146934K(175104K)->146982K(175104K)
[15204.791s][info][gc,metaspace   ] GC(33261) Metaspace: 62350K(62592K)->62350K(62592K) NonClass: 53313K(53504K)->53313K(53504K) Class: 9037K(9088K)->9037K(9088K)
[15204.791s][info][gc             ] GC(33261) Pause Young (Allocation Failure) 225M->144M(254M) 1.885ms
[15204.791s][info][gc,cpu         ] GC(33261) User=0.01s Sys=0.00s Real=0.00s
[15205.208s][info][gc,start       ] GC(33262) Pause Young (Allocation Failure)
[15205.210s][info][gc,heap        ] GC(33262) PSYoungGen: 83520K(84992K)->864K(84992K) Eden: 82944K(82944K)->0K(82944K) From: 576K(2048K)->864K(2048K)
[15205.210s][info][gc,heap        ] GC(33262) ParOldGen: 146982K(175104K)->147030K(175104K)
[15205.210s][info][gc,metaspace   ] GC(33262) Metaspace: 62350K(62592K)->62350K(62592K) NonClass: 53313K(53504K)->53313K(53504K) Class: 9037K(9088K)->9037K(9088K)
[15205.210s][info][gc             ] GC(33262) Pause Young (Allocation Failure) 225M->144M(254M) 2.218ms
[15205.210s][info][gc,cpu         ] GC(33262) User=0.00s Sys=0.00s Real=0.00s
[15205.705s][info][gc,start       ] GC(33263) Pause Young (Allocation Failure)
[15205.709s][info][gc,heap        ] GC(33263) PSYoungGen: 83808K(84992K)->768K(84992K) Eden: 82944K(82944K)->0K(82944K) From: 864K(2048K)->768K(2048K)
[15205.709s][info][gc,heap        ] GC(33263) ParOldGen: 147030K(175104K)->147086K(175104K)
[15205.709s][info][gc,metaspace   ] GC(33263) Metaspace: 62350K(62592K)->62350K(62592K) NonClass: 53313K(53504K)->53313K(53504K) Class: 9037K(9088K)->9037K(9088K)
[15205.709s][info][gc             ] GC(33263) Pause Young (Allocation Failure) 225M->144M(254M) 3.547ms
[15205.709s][info][gc,cpu         ] GC(33263) User=0.00s Sys=0.00s Real=0.00s
[15206.204s][info][gc,start       ] GC(33264) Pause Young (Allocation Failure)
[15206.206s][info][gc,heap        ] GC(33264) PSYoungGen: 83712K(84992K)->704K(84992K) Eden: 82944K(82944K)->0K(82944K) From: 768K(2048K)->704K(2048K)
[15206.206s][info][gc,heap        ] GC(33264) ParOldGen: 147086K(175104K)->147134K(175104K)
[15206.206s][info][gc,metaspace   ] GC(33264) Metaspace: 62350K(62592K)->62350K(62592K) NonClass: 53313K(53504K)->53313K(53504K) Class: 9037K(9088K)->9037K(9088K)
[15206.207s][info][gc             ] GC(33264) Pause Young (Allocation Failure) 225M->144M(254M) 2.056ms
[15206.207s][info][gc,cpu         ] GC(33264) User=0.01s Sys=0.00s Real=0.00s
[15206.688s][info][gc,start       ] GC(33265) Pause Young (Allocation Failure)
[15206.689s][info][gc,heap        ] GC(33265) PSYoungGen: 83648K(84992K)->544K(84992K) Eden: 82944K(82944K)->0K(82944K) From: 704K(2048K)->544K(2048K)
[15206.690s][info][gc,heap        ] GC(33265) ParOldGen: 147134K(175104K)->147182K(175104K)
[15206.690s][info][gc,metaspace   ] GC(33265) Metaspace: 62350K(62592K)->62350K(62592K) NonClass: 53313K(53504K)->53313K(53504K) Class: 9037K(9088K)->9037K(9088K)
[15206.690s][info][gc             ] GC(33265) Pause Young (Allocation Failure) 225M->144M(254M) 1.937ms
[15206.690s][info][gc,cpu         ] GC(33265) User=0.00s Sys=0.00s Real=0.00s
[15207.157s][info][gc,start       ] GC(33266) Pause Young (Allocation Failure)
[15207.160s][info][gc,heap        ] GC(33266) PSYoungGen: 83488K(84992K)->1440K(84992K) Eden: 82944K(82944K)->0K(82944K) From: 544K(2048K)->1440K(2048K)
[15207.160s][info][gc,heap        ] GC(33266) ParOldGen: 147182K(175104K)->147230K(175104K)
[15207.160s][info][gc,metaspace   ] GC(33266) Metaspace: 62350K(62592K)->62350K(62592K) NonClass: 53313K(53504K)->53313K(53504K) Class: 9037K(9088K)->9037K(9088K)
[15207.160s][info][gc             ] GC(33266) Pause Young (Allocation Failure) 225M->145M(254M) 2.897ms
[15207.160s][info][gc,cpu         ] GC(33266) User=0.00s Sys=0.00s Real=0.00s
[15207.654s][info][gc,start       ] GC(33267) Pause Young (Allocation Failure)
[15207.656s][info][gc,heap        ] GC(33267) PSYoungGen: 84384K(84992K)->1472K(84992K) Eden: 82944K(82944K)->0K(82944K) From: 1440K(2048K)->1472K(2048K)
[15207.656s][info][gc,heap        ] GC(33267) ParOldGen: 147230K(175104K)->147286K(175104K)
[15207.656s][info][gc,metaspace   ] GC(33267) Metaspace: 62350K(62592K)->62350K(62592K) NonClass: 53313K(53504K)->53313K(53504K) Class: 9037K(9088K)->9037K(9088K)
[15207.657s][info][gc             ] GC(33267) Pause Young (Allocation Failure) 226M->145M(254M) 2.823ms
[15207.657s][info][gc,cpu         ] GC(33267) User=0.01s Sys=0.00s Real=0.01s
[15208.138s][info][gc,start       ] GC(33268) Pause Young (Allocation Failure)
[15208.140s][info][gc,heap        ] GC(33268) PSYoungGen: 84416K(84992K)->1312K(84992K) Eden: 82944K(82944K)->0K(82944K) From: 1472K(2048K)->1312K(2048K)
[15208.140s][info][gc,heap        ] GC(33268) ParOldGen: 147286K(175104K)->147334K(175104K)
[15208.140s][info][gc,metaspace   ] GC(33268) Metaspace: 62350K(62592K)->62350K(62592K) NonClass: 53313K(53504K)->53313K(53504K) Class: 9037K(9088K)->9037K(9088K)
[15208.140s][info][gc             ] GC(33268) Pause Young (Allocation Failure) 226M->145M(254M) 2.726ms
[15208.140s][info][gc,cpu         ] GC(33268) User=0.01s Sys=0.00s Real=0.00s
[15208.615s][info][gc,start       ] GC(33269) Pause Young (Allocation Failure)
[15208.618s][info][gc,heap        ] GC(33269) PSYoungGen: 84256K(84992K)->2016K(83968K) Eden: 82944K(82944K)->0K(81920K) From: 1312K(2048K)->2016K(2048K)
[15208.618s][info][gc,heap        ] GC(33269) ParOldGen: 147334K(175104K)->147390K(175104K)
[15208.618s][info][gc,metaspace   ] GC(33269) Metaspace: 62350K(62592K)->62350K(62592K) NonClass: 53313K(53504K)->53313K(53504K) Class: 9037K(9088K)->9037K(9088K)
[15208.618s][info][gc             ] GC(33269) Pause Young (Allocation Failure) 226M->145M(253M) 2.512ms
[15208.618s][info][gc,cpu         ] GC(33269) User=0.00s Sys=0.00s Real=0.00s
[15209.185s][info][gc,start       ] GC(33270) Pause Young (Allocation Failure)
[15209.187s][info][gc,heap        ] GC(33270) PSYoungGen: 83936K(83968K)->544K(84480K) Eden: 81920K(81920K)->0K(81920K) From: 2016K(2048K)->544K(2560K)
[15209.187s][info][gc,heap        ] GC(33270) ParOldGen: 147390K(175104K)->149494K(175104K)
[15209.187s][info][gc,metaspace   ] GC(33270) Metaspace: 62350K(62592K)->62350K(62592K) NonClass: 53313K(53504K)->53313K(53504K) Class: 9037K(9088K)->9037K(9088K)
[15209.187s][info][gc             ] GC(33270) Pause Young (Allocation Failure) 225M->146M(253M) 2.167ms
[15209.187s][info][gc,cpu         ] GC(33270) User=0.01s Sys=0.00s Real=0.00s
[15209.691s][info][gc,start       ] GC(33271) Pause Young (Allocation Failure)
[15209.692s][info][gc,heap        ] GC(33271) PSYoungGen: 82464K(84480K)->608K(84480K) Eden: 81920K(81920K)->0K(81920K) From: 544K(2560K)->608K(2560K)
[15209.693s][info][gc,heap        ] GC(33271) ParOldGen: 149494K(175104K)->149598K(175104K)
[15209.693s][info][gc,metaspace   ] GC(33271) Metaspace: 62350K(62592K)->62350K(62592K) NonClass: 53313K(53504K)->53313K(53504K) Class: 9037K(9088K)->9037K(9088K)
[15209.693s][info][gc             ] GC(33271) Pause Young (Allocation Failure) 226M->146M(253M) 2.018ms
[15209.693s][info][gc,cpu         ] GC(33271) User=0.00s Sys=0.00s Real=0.00s
[15210.166s][info][gc,start       ] GC(33272) Pause Young (Allocation Failure)
[15210.168s][info][gc,heap        ] GC(33272) PSYoungGen: 82528K(84480K)->256K(84480K) Eden: 81920K(81920K)->0K(81920K) From: 608K(2560K)->256K(2560K)
[15210.168s][info][gc,heap        ] GC(33272) ParOldGen: 149598K(175104K)->149654K(175104K)
[15210.168s][info][gc,metaspace   ] GC(33272) Metaspace: 62350K(62592K)->62350K(62592K) NonClass: 53313K(53504K)->53313K(53504K) Class: 9037K(9088K)->9037K(9088K)
[15210.168s][info][gc             ] GC(33272) Pause Young (Allocation Failure) 226M->146M(253M) 1.695ms
[15210.168s][info][gc,cpu         ] GC(33272) User=0.00s Sys=0.00s Real=0.00s
[15210.682s][info][gc,start       ] GC(33273) Pause Young (Allocation Failure)
[15210.685s][info][gc,heap        ] GC(33273) PSYoungGen: 82176K(84480K)->352K(84480K) Eden: 81920K(81920K)->0K(81920K) From: 256K(2560K)->352K(2560K)
[15210.685s][info][gc,heap        ] GC(33273) ParOldGen: 149654K(175104K)->149710K(175104K)
[15210.685s][info][gc,metaspace   ] GC(33273) Metaspace: 62350K(62592K)->62350K(62592K) NonClass: 53313K(53504K)->53313K(53504K) Class: 9037K(9088K)->9037K(9088K)
[15210.685s][info][gc             ] GC(33273) Pause Young (Allocation Failure) 226M->146M(253M) 2.553ms
[15210.685s][info][gc,cpu         ] GC(33273) User=0.01s Sys=0.00s Real=0.01s
[15211.198s][info][gc,start       ] GC(33274) Pause Young (Allocation Failure)
[15211.200s][info][gc,heap        ] GC(33274) PSYoungGen: 82272K(84480K)->512K(84480K) Eden: 81920K(81920K)->0K(81920K) From: 352K(2560K)->512K(2560K)
[15211.200s][info][gc,heap        ] GC(33274) ParOldGen: 149710K(175104K)->149766K(175104K)
[15211.201s][info][gc,metaspace   ] GC(33274) Metaspace: 62350K(62592K)->62350K(62592K) NonClass: 53313K(53504K)->53313K(53504K) Class: 9037K(9088K)->9037K(9088K)
[15211.201s][info][gc             ] GC(33274) Pause Young (Allocation Failure) 226M->146M(253M) 2.344ms
[15211.201s][info][gc,cpu         ] GC(33274) User=0.00s Sys=0.00s Real=0.00s
[15211.727s][info][gc,start       ] GC(33275) Pause Young (Allocation Failure)
[15211.729s][info][gc,heap        ] GC(33275) PSYoungGen: 82432K(84480K)->896K(84992K) Eden: 81920K(81920K)->0K(82944K) From: 512K(2560K)->896K(2048K)
[15211.729s][info][gc,heap        ] GC(33275) ParOldGen: 149766K(175104K)->149814K(175104K)
[15211.729s][info][gc,metaspace   ] GC(33275) Metaspace: 62350K(62592K)->62350K(62592K) NonClass: 53313K(53504K)->53313K(53504K) Class: 9037K(9088K)->9037K(9088K)
[15211.729s][info][gc             ] GC(33275) Pause Young (Allocation Failure) 226M->147M(254M) 2.370ms
[15211.729s][info][gc,cpu         ] GC(33275) User=0.01s Sys=0.00s Real=0.00s
[15212.267s][info][gc,start       ] GC(33276) Pause Young (Allocation Failure)
[15212.269s][info][gc,heap        ] GC(33276) PSYoungGen: 83840K(84992K)->256K(84992K) Eden: 82944K(82944K)->0K(82944K) From: 896K(2048K)->256K(2048K)
[15212.269s][info][gc,heap        ] GC(33276) ParOldGen: 149814K(175104K)->149870K(175104K)
[15212.269s][info][gc,metaspace   ] GC(33276) Metaspace: 62350K(62592K)->62350K(62592K) NonClass: 53313K(53504K)->53313K(53504K) Class: 9037K(9088K)->9037K(9088K)
[15212.269s][info][gc             ] GC(33276) Pause Young (Allocation Failure) 228M->146M(254M) 1.704ms
[15212.269s][info][gc,cpu         ] GC(33276) User=0.00s Sys=0.00s Real=0.00s
[15212.778s][info][gc,start       ] GC(33277) Pause Young (Allocation Failure)
[15212.779s][info][gc,heap        ] GC(33277) PSYoungGen: 83200K(84992K)->384K(84992K) Eden: 82944K(82944K)->0K(82944K) From: 256K(2048K)->384K(2048K)
[15212.779s][info][gc,heap        ] GC(33277) ParOldGen: 149870K(175104K)->149926K(175104K)
[15212.779s][info][gc,metaspace   ] GC(33277) Metaspace: 62350K(62592K)->62350K(62592K) NonClass: 53313K(53504K)->53313K(53504K) Class: 9037K(9088K)->9037K(9088K)
[15212.780s][info][gc             ] GC(33277) Pause Young (Allocation Failure) 227M->146M(254M) 1.808ms
[15212.780s][info][gc,cpu         ] GC(33277) User=0.00s Sys=0.00s Real=0.00s
[15213.300s][info][gc,start       ] GC(33278) Pause Young (Allocation Failure)
[15213.302s][info][gc,heap        ] GC(33278) PSYoungGen: 83328K(84992K)->672K(84992K) Eden: 82944K(82944K)->0K(82944K) From: 384K(2048K)->672K(2048K)
[15213.302s][info][gc,heap        ] GC(33278) ParOldGen: 149926K(175104K)->149974K(175104K)
[15213.302s][info][gc,metaspace   ] GC(33278) Metaspace: 62350K(62592K)->62350K(62592K) NonClass: 53313K(53504K)->53313K(53504K) Class: 9037K(9088K)->9037K(9088K)
[15213.302s][info][gc             ] GC(33278) Pause Young (Allocation Failure) 227M->147M(254M) 2.189ms
[15213.302s][info][gc,cpu         ] GC(33278) User=0.00s Sys=0.00s Real=0.00s
[15213.834s][info][gc,start       ] GC(33279) Pause Young (Allocation Failure)
[15213.836s][info][gc,heap        ] GC(33279) PSYoungGen: 83616K(84992K)->1088K(84992K) Eden: 82944K(82944K)->0K(82944K) From: 672K(2048K)->1088K(2048K)
[15213.836s][info][gc,heap        ] GC(33279) ParOldGen: 149974K(175104K)->150022K(175104K)
[15213.836s][info][gc,metaspace   ] GC(33279) Metaspace: 62350K(62592K)->62350K(62592K) NonClass: 53313K(53504K)->53313K(53504K) Class: 9037K(9088K)->9037K(9088K)
[15213.836s][info][gc             ] GC(33279) Pause Young (Allocation Failure) 228M->147M(254M) 2.550ms
[15213.837s][info][gc,cpu         ] GC(33279) User=0.01s Sys=0.00s Real=0.01s
[15214.340s][info][gc,start       ] GC(33280) Pause Young (Allocation Failure)
[15214.343s][info][gc,heap        ] GC(33280) PSYoungGen: 84032K(84992K)->2016K(84992K) Eden: 82944K(82944K)->0K(82944K) From: 1088K(2048K)->2016K(2048K)
[15214.343s][info][gc,heap        ] GC(33280) ParOldGen: 150022K(175104K)->150270K(175104K)
[15214.343s][info][gc,metaspace   ] GC(33280) Metaspace: 62350K(62592K)->62350K(62592K) NonClass: 53313K(53504K)->53313K(53504K) Class: 9037K(9088K)->9037K(9088K)
[15214.343s][info][gc             ] GC(33280) Pause Young (Allocation Failure) 228M->148M(254M) 2.702ms
[15214.343s][info][gc,cpu         ] GC(33280) User=0.00s Sys=0.00s Real=0.00s
[15214.815s][info][gc,start       ] GC(33281) Pause Young (Allocation Failure)
[15214.818s][info][gc,heap        ] GC(33281) PSYoungGen: 84959K(84992K)->928K(83968K) Eden: 82943K(82944K)->0K(81920K) From: 2016K(2048K)->928K(2048K)
[15214.818s][info][gc,heap        ] GC(33281) ParOldGen: 150270K(175104K)->151310K(175104K)
[15214.818s][info][gc,metaspace   ] GC(33281) Metaspace: 62350K(62592K)->62350K(62592K) NonClass: 53313K(53504K)->53313K(53504K) Class: 9037K(9088K)->9037K(9088K)
[15214.818s][info][gc             ] GC(33281) Pause Young (Allocation Failure) 229M->148M(253M) 2.529ms
[15214.818s][info][gc,cpu         ] GC(33281) User=0.00s Sys=0.00s Real=0.00s
[15215.280s][info][gc,start       ] GC(33282) Pause Young (Allocation Failure)
[15215.282s][info][gc,heap        ] GC(33282) PSYoungGen: 82848K(83968K)->416K(84480K) Eden: 81920K(81920K)->0K(81920K) From: 928K(2048K)->416K(2560K)
[15215.282s][info][gc,heap        ] GC(33282) ParOldGen: 151310K(175104K)->151382K(175104K)
[15215.282s][info][gc,metaspace   ] GC(33282) Metaspace: 62350K(62592K)->62350K(62592K) NonClass: 53313K(53504K)->53313K(53504K) Class: 9037K(9088K)->9037K(9088K)
[15215.282s][info][gc             ] GC(33282) Pause Young (Allocation Failure) 228M->148M(253M) 1.824ms
[15215.282s][info][gc,cpu         ] GC(33282) User=0.01s Sys=0.00s Real=0.00s
[15215.781s][info][gc,start       ] GC(33283) Pause Young (Allocation Failure)
[15215.782s][info][gc,heap        ] GC(33283) PSYoungGen: 82336K(84480K)->448K(84992K) Eden: 81920K(81920K)->0K(82432K) From: 416K(2560K)->448K(2560K)
[15215.782s][info][gc,heap        ] GC(33283) ParOldGen: 151382K(175104K)->151430K(175104K)
[15215.782s][info][gc,metaspace   ] GC(33283) Metaspace: 62350K(62592K)->62350K(62592K) NonClass: 53313K(53504K)->53313K(53504K) Class: 9037K(9088K)->9037K(9088K)
[15215.782s][info][gc             ] GC(33283) Pause Young (Allocation Failure) 228M->148M(254M) 1.857ms
[15215.782s][info][gc,cpu         ] GC(33283) User=0.00s Sys=0.00s Real=0.00s
[15216.301s][info][gc,start       ] GC(33284) Pause Young (Allocation Failure)
[15216.303s][info][gc,heap        ] GC(33284) PSYoungGen: 82880K(84992K)->704K(84480K) Eden: 82432K(82432K)->0K(82432K) From: 448K(2560K)->704K(2048K)
[15216.303s][info][gc,heap        ] GC(33284) ParOldGen: 151430K(175104K)->151478K(175104K)
[15216.303s][info][gc,metaspace   ] GC(33284) Metaspace: 62350K(62592K)->62350K(62592K) NonClass: 53313K(53504K)->53313K(53504K) Class: 9037K(9088K)->9037K(9088K)
[15216.303s][info][gc             ] GC(33284) Pause Young (Allocation Failure) 228M->148M(253M) 2.150ms
[15216.303s][info][gc,cpu         ] GC(33284) User=0.00s Sys=0.00s Real=0.00s
[15216.767s][info][gc,start       ] GC(33285) Pause Young (Allocation Failure)
[15216.769s][info][gc,heap        ] GC(33285) PSYoungGen: 83136K(84480K)->256K(84992K) Eden: 82432K(82432K)->0K(82944K) From: 704K(2048K)->256K(2048K)
[15216.769s][info][gc,heap        ] GC(33285) ParOldGen: 151478K(175104K)->151526K(175104K)
[15216.769s][info][gc,metaspace   ] GC(33285) Metaspace: 62350K(62592K)->62350K(62592K) NonClass: 53313K(53504K)->53313K(53504K) Class: 9037K(9088K)->9037K(9088K)
[15216.769s][info][gc             ] GC(33285) Pause Young (Allocation Failure) 229M->148M(254M) 1.589ms
[15216.769s][info][gc,cpu         ] GC(33285) User=0.01s Sys=0.00s Real=0.00s
[15217.265s][info][gc,start       ] GC(33286) Pause Young (Allocation Failure)
[15217.267s][info][gc,heap        ] GC(33286) PSYoungGen: 83200K(84992K)->256K(84992K) Eden: 82944K(82944K)->0K(82944K) From: 256K(2048K)->256K(2048K)
[15217.267s][info][gc,heap        ] GC(33286) ParOldGen: 151526K(175104K)->151582K(175104K)
[15217.267s][info][gc,metaspace   ] GC(33286) Metaspace: 62350K(62592K)->62350K(62592K) NonClass: 53313K(53504K)->53313K(53504K) Class: 9037K(9088K)->9037K(9088K)
[15217.267s][info][gc             ] GC(33286) Pause Young (Allocation Failure) 229M->148M(254M) 1.591ms
[15217.267s][info][gc,cpu         ] GC(33286) User=0.00s Sys=0.00s Real=0.00s
[15217.832s][info][gc,start       ] GC(33287) Pause Young (Allocation Failure)
[15217.835s][info][gc,heap        ] GC(33287) PSYoungGen: 83200K(84992K)->1088K(84992K) Eden: 82944K(82944K)->0K(82944K) From: 256K(2048K)->1088K(2048K)
[15217.835s][info][gc,heap        ] GC(33287) ParOldGen: 151582K(175104K)->151630K(175104K)
[15217.835s][info][gc,metaspace   ] GC(33287) Metaspace: 62350K(62592K)->62350K(62592K) NonClass: 53313K(53504K)->53313K(53504K) Class: 9037K(9088K)->9037K(9088K)
[15217.835s][info][gc             ] GC(33287) Pause Young (Allocation Failure) 229M->149M(254M) 2.430ms
[15217.835s][info][gc,cpu         ] GC(33287) User=0.00s Sys=0.00s Real=0.01s
[15218.332s][info][gc,start       ] GC(33288) Pause Young (Allocation Failure)
[15218.337s][info][gc,heap        ] GC(33288) PSYoungGen: 84031K(84992K)->1120K(84992K) Eden: 82943K(82944K)->0K(82944K) From: 1088K(2048K)->1120K(2048K)
[15218.337s][info][gc,heap        ] GC(33288) ParOldGen: 151630K(175104K)->151726K(175104K)
[15218.337s][info][gc,metaspace   ] GC(33288) Metaspace: 62350K(62592K)->62350K(62592K) NonClass: 53313K(53504K)->53313K(53504K) Class: 9037K(9088K)->9037K(9088K)
[15218.337s][info][gc             ] GC(33288) Pause Young (Allocation Failure) 230M->149M(254M) 5.061ms
[15218.337s][info][gc,cpu         ] GC(33288) User=0.01s Sys=0.00s Real=0.01s
[15218.817s][info][gc,start       ] GC(33289) Pause Young (Allocation Failure)
[15218.820s][info][gc,heap        ] GC(33289) PSYoungGen: 84064K(84992K)->896K(84992K) Eden: 82944K(82944K)->0K(82944K) From: 1120K(2048K)->896K(2048K)
[15218.820s][info][gc,heap        ] GC(33289) ParOldGen: 151726K(175104K)->151774K(175104K)
[15218.820s][info][gc,metaspace   ] GC(33289) Metaspace: 62350K(62592K)->62350K(62592K) NonClass: 53313K(53504K)->53313K(53504K) Class: 9037K(9088K)->9037K(9088K)
[15218.820s][info][gc             ] GC(33289) Pause Young (Allocation Failure) 230M->149M(254M) 2.762ms
[15218.820s][info][gc,cpu         ] GC(33289) User=0.00s Sys=0.01s Real=0.00s
[15219.307s][info][gc,start       ] GC(33290) Pause Young (Allocation Failure)
[15219.309s][info][gc,heap        ] GC(33290) PSYoungGen: 83840K(84992K)->1824K(84992K) Eden: 82944K(82944K)->0K(82944K) From: 896K(2048K)->1824K(2048K)
[15219.309s][info][gc,heap        ] GC(33290) ParOldGen: 151774K(175104K)->151830K(175104K)
[15219.309s][info][gc,metaspace   ] GC(33290) Metaspace: 62350K(62592K)->62350K(62592K) NonClass: 53313K(53504K)->53313K(53504K) Class: 9037K(9088K)->9037K(9088K)
[15219.309s][info][gc             ] GC(33290) Pause Young (Allocation Failure) 230M->150M(254M) 2.378ms
[15219.309s][info][gc,cpu         ] GC(33290) User=0.01s Sys=0.00s Real=0.00s
[15219.774s][info][gc,start       ] GC(33291) Pause Young (Allocation Failure)
[15219.776s][info][gc,heap        ] GC(33291) PSYoungGen: 84768K(84992K)->416K(83968K) Eden: 82944K(82944K)->0K(81920K) From: 1824K(2048K)->416K(2048K)
[15219.776s][info][gc,heap        ] GC(33291) ParOldGen: 151830K(175104K)->152910K(175104K)
[15219.776s][info][gc,metaspace   ] GC(33291) Metaspace: 62350K(62592K)->62350K(62592K) NonClass: 53313K(53504K)->53313K(53504K) Class: 9037K(9088K)->9037K(9088K)
[15219.776s][info][gc             ] GC(33291) Pause Young (Allocation Failure) 231M->149M(253M) 1.982ms
[15219.776s][info][gc,cpu         ] GC(33291) User=0.00s Sys=0.00s Real=0.00s
[15220.307s][info][gc,start       ] GC(33292) Pause Young (Allocation Failure)
[15220.309s][info][gc,heap        ] GC(33292) PSYoungGen: 82336K(83968K)->800K(84480K) Eden: 81920K(81920K)->0K(81920K) From: 416K(2048K)->800K(2560K)
[15220.309s][info][gc,heap        ] GC(33292) ParOldGen: 152910K(175104K)->152966K(175104K)
[15220.309s][info][gc,metaspace   ] GC(33292) Metaspace: 62350K(62592K)->62350K(62592K) NonClass: 53313K(53504K)->53313K(53504K) Class: 9037K(9088K)->9037K(9088K)
[15220.309s][info][gc             ] GC(33292) Pause Young (Allocation Failure) 229M->150M(253M) 2.180ms
[15220.309s][info][gc,cpu         ] GC(33292) User=0.00s Sys=0.00s Real=0.00s
[15220.807s][info][gc,start       ] GC(33293) Pause Young (Allocation Failure)
[15220.809s][info][gc,heap        ] GC(33293) PSYoungGen: 82720K(84480K)->800K(84992K) Eden: 81920K(81920K)->0K(82944K) From: 800K(2560K)->800K(2048K)
[15220.809s][info][gc,heap        ] GC(33293) ParOldGen: 152966K(175104K)->153022K(175104K)
[15220.809s][info][gc,metaspace   ] GC(33293) Metaspace: 62350K(62592K)->62350K(62592K) NonClass: 53313K(53504K)->53313K(53504K) Class: 9037K(9088K)->9037K(9088K)
[15220.809s][info][gc             ] GC(33293) Pause Young (Allocation Failure) 230M->150M(254M) 2.199ms
[15220.809s][info][gc,cpu         ] GC(33293) User=0.01s Sys=0.00s Real=0.00s
[15221.291s][info][gc,start       ] GC(33294) Pause Young (Allocation Failure)
[15221.293s][info][gc,heap        ] GC(33294) PSYoungGen: 83744K(84992K)->608K(84992K) Eden: 82944K(82944K)->0K(82944K) From: 800K(2048K)->608K(2048K)
[15221.293s][info][gc,heap        ] GC(33294) ParOldGen: 153022K(175104K)->153070K(175104K)
[15221.293s][info][gc,metaspace   ] GC(33294) Metaspace: 62350K(62592K)->62350K(62592K) NonClass: 53313K(53504K)->53313K(53504K) Class: 9037K(9088K)->9037K(9088K)
[15221.293s][info][gc             ] GC(33294) Pause Young (Allocation Failure) 231M->150M(254M) 1.962ms
[15221.293s][info][gc,cpu         ] GC(33294) User=0.00s Sys=0.00s Real=0.00s
[15221.758s][info][gc,start       ] GC(33295) Pause Young (Allocation Failure)
[15221.761s][info][gc,heap        ] GC(33295) PSYoungGen: 83552K(84992K)->1472K(84992K) Eden: 82944K(82944K)->0K(82944K) From: 608K(2048K)->1472K(2048K)
[15221.761s][info][gc,heap        ] GC(33295) ParOldGen: 153070K(175104K)->153118K(175104K)
[15221.761s][info][gc,metaspace   ] GC(33295) Metaspace: 62350K(62592K)->62350K(62592K) NonClass: 53313K(53504K)->53313K(53504K) Class: 9037K(9088K)->9037K(9088K)
[15221.761s][info][gc             ] GC(33295) Pause Young (Allocation Failure) 231M->150M(254M) 2.945ms
[15221.761s][info][gc,cpu         ] GC(33295) User=0.01s Sys=0.00s Real=0.00s
[15222.277s][info][gc,start       ] GC(33296) Pause Young (Allocation Failure)
[15222.279s][info][gc,heap        ] GC(33296) PSYoungGen: 84416K(84992K)->384K(84992K) Eden: 82944K(82944K)->0K(82944K) From: 1472K(2048K)->384K(2048K)
[15222.279s][info][gc,heap        ] GC(33296) ParOldGen: 153118K(175104K)->153174K(175104K)
[15222.279s][info][gc,metaspace   ] GC(33296) Metaspace: 62350K(62592K)->62350K(62592K) NonClass: 53313K(53504K)->53313K(53504K) Class: 9037K(9088K)->9037K(9088K)
[15222.279s][info][gc             ] GC(33296) Pause Young (Allocation Failure) 231M->149M(254M) 1.848ms
[15222.279s][info][gc,cpu         ] GC(33296) User=0.01s Sys=0.00s Real=0.00s
[15222.880s][info][gc,start       ] GC(33297) Pause Young (Allocation Failure)
[15222.882s][info][gc,heap        ] GC(33297) PSYoungGen: 83328K(84992K)->384K(84992K) Eden: 82944K(82944K)->0K(82944K) From: 384K(2048K)->384K(2048K)
[15222.882s][info][gc,heap        ] GC(33297) ParOldGen: 153174K(175104K)->153230K(175104K)
[15222.882s][info][gc,metaspace   ] GC(33297) Metaspace: 62350K(62592K)->62350K(62592K) NonClass: 53313K(53504K)->53313K(53504K) Class: 9037K(9088K)->9037K(9088K)
[15222.882s][info][gc             ] GC(33297) Pause Young (Allocation Failure) 230M->150M(254M) 2.154ms
[15222.882s][info][gc,cpu         ] GC(33297) User=0.00s Sys=0.00s Real=0.00s
[15223.484s][info][gc,start       ] GC(33298) Pause Young (Allocation Failure)
[15223.485s][info][gc,heap        ] GC(33298) PSYoungGen: 83328K(84992K)->480K(84992K) Eden: 82944K(82944K)->0K(82944K) From: 384K(2048K)->480K(2048K)
[15223.485s][info][gc,heap        ] GC(33298) ParOldGen: 153230K(175104K)->153286K(175104K)
[15223.485s][info][gc,metaspace   ] GC(33298) Metaspace: 62350K(62592K)->62350K(62592K) NonClass: 53313K(53504K)->53313K(53504K) Class: 9037K(9088K)->9037K(9088K)
[15223.485s][info][gc             ] GC(33298) Pause Young (Allocation Failure) 231M->150M(254M) 1.836ms
[15223.485s][info][gc,cpu         ] GC(33298) User=0.00s Sys=0.00s Real=0.01s
[15224.002s][info][gc,start       ] GC(33299) Pause Young (Allocation Failure)
[15224.004s][info][gc,heap        ] GC(33299) PSYoungGen: 83424K(84992K)->768K(84992K) Eden: 82944K(82944K)->0K(82944K) From: 480K(2048K)->768K(2048K)
[15224.004s][info][gc,heap        ] GC(33299) ParOldGen: 153286K(175104K)->153334K(175104K)
[15224.004s][info][gc,metaspace   ] GC(33299) Metaspace: 62350K(62592K)->62350K(62592K) NonClass: 53313K(53504K)->53313K(53504K) Class: 9037K(9088K)->9037K(9088K)
[15224.004s][info][gc             ] GC(33299) Pause Young (Allocation Failure) 231M->150M(254M) 2.195ms
[15224.004s][info][gc,cpu         ] GC(33299) User=0.00s Sys=0.00s Real=0.00s
[15224.477s][info][gc,start       ] GC(33300) Pause Young (Allocation Failure)
[15224.478s][info][gc,heap        ] GC(33300) PSYoungGen: 83712K(84992K)->384K(84992K) Eden: 82944K(82944K)->0K(82944K) From: 768K(2048K)->384K(2048K)
[15224.478s][info][gc,heap        ] GC(33300) ParOldGen: 153334K(175104K)->153382K(175104K)
[15224.478s][info][gc,metaspace   ] GC(33300) Metaspace: 62350K(62592K)->62350K(62592K) NonClass: 53313K(53504K)->53313K(53504K) Class: 9037K(9088K)->9037K(9088K)
[15224.478s][info][gc             ] GC(33300) Pause Young (Allocation Failure) 231M->150M(254M) 1.751ms
[15224.478s][info][gc,cpu         ] GC(33300) User=0.01s Sys=0.00s Real=0.00s
[15224.952s][info][gc,start       ] GC(33301) Pause Young (Allocation Failure)
[15224.955s][info][gc,heap        ] GC(33301) PSYoungGen: 83328K(84992K)->2016K(82944K) Eden: 82944K(82944K)->0K(80896K) From: 384K(2048K)->2016K(2048K)
[15224.955s][info][gc,heap        ] GC(33301) ParOldGen: 153382K(175104K)->154822K(175104K)
[15224.955s][info][gc,metaspace   ] GC(33301) Metaspace: 62350K(62592K)->62350K(62592K) NonClass: 53313K(53504K)->53313K(53504K) Class: 9037K(9088K)->9037K(9088K)
[15224.955s][info][gc             ] GC(33301) Pause Young (Allocation Failure) 231M->153M(252M) 3.074ms
[15224.955s][info][gc,cpu         ] GC(33301) User=0.01s Sys=0.00s Real=0.01s
[15225.396s][info][gc,start       ] GC(33302) Pause Young (Allocation Failure)
[15225.398s][info][gc,heap        ] GC(33302) PSYoungGen: 82912K(82944K)->640K(83968K) Eden: 80896K(80896K)->0K(80896K) From: 2016K(2048K)->640K(3072K)
[15225.399s][info][gc,heap        ] GC(33302) ParOldGen: 154822K(175104K)->155862K(175104K)
[15225.399s][info][gc,metaspace   ] GC(33302) Metaspace: 62350K(62592K)->62350K(62592K) NonClass: 53313K(53504K)->53313K(53504K) Class: 9037K(9088K)->9037K(9088K)
[15225.399s][info][gc             ] GC(33302) Pause Young (Allocation Failure) 232M->152M(253M) 2.208ms
[15225.399s][info][gc,cpu         ] GC(33302) User=0.01s Sys=0.01s Real=0.00s
[15225.852s][info][gc,start       ] GC(33303) Pause Young (Allocation Failure)
[15225.855s][info][gc,heap        ] GC(33303) PSYoungGen: 81536K(83968K)->1280K(84480K) Eden: 80896K(80896K)->0K(81920K) From: 640K(3072K)->1280K(2560K)
[15225.855s][info][gc,heap        ] GC(33303) ParOldGen: 155862K(175104K)->155918K(175104K)
[15225.855s][info][gc,metaspace   ] GC(33303) Metaspace: 62350K(62592K)->62350K(62592K) NonClass: 53313K(53504K)->53313K(53504K) Class: 9037K(9088K)->9037K(9088K)
[15225.855s][info][gc             ] GC(33303) Pause Young (Allocation Failure) 231M->153M(253M) 2.737ms
[15225.855s][info][gc,cpu         ] GC(33303) User=0.01s Sys=0.00s Real=0.01s
[15226.366s][info][gc,start       ] GC(33304) Pause Young (Allocation Failure)
[15226.367s][info][gc,heap        ] GC(33304) PSYoungGen: 83200K(84480K)->320K(84480K) Eden: 81920K(81920K)->0K(81920K) From: 1280K(2560K)->320K(2560K)
[15226.367s][info][gc,heap        ] GC(33304) ParOldGen: 155918K(175104K)->155974K(175104K)
[15226.367s][info][gc,metaspace   ] GC(33304) Metaspace: 62350K(62592K)->62350K(62592K) NonClass: 53313K(53504K)->53313K(53504K) Class: 9037K(9088K)->9037K(9088K)
[15226.367s][info][gc             ] GC(33304) Pause Young (Allocation Failure) 233M->152M(253M) 1.748ms
[15226.367s][info][gc,cpu         ] GC(33304) User=0.00s Sys=0.00s Real=0.00s
[15226.888s][info][gc,start       ] GC(33305) Pause Young (Allocation Failure)
[15226.890s][info][gc,heap        ] GC(33305) PSYoungGen: 82240K(84480K)->576K(84480K) Eden: 81920K(81920K)->0K(81920K) From: 320K(2560K)->576K(2560K)
[15226.890s][info][gc,heap        ] GC(33305) ParOldGen: 155974K(175104K)->156087K(175104K)
[15226.890s][info][gc,metaspace   ] GC(33305) Metaspace: 62350K(62592K)->62350K(62592K) NonClass: 53313K(53504K)->53313K(53504K) Class: 9037K(9088K)->9037K(9088K)
[15226.890s][info][gc             ] GC(33305) Pause Young (Allocation Failure) 232M->152M(253M) 1.990ms
[15226.890s][info][gc,cpu         ] GC(33305) User=0.01s Sys=0.00s Real=0.00s
[15227.337s][info][gc,start       ] GC(33306) Pause Young (Allocation Failure)
[15227.339s][info][gc,heap        ] GC(33306) PSYoungGen: 82496K(84480K)->1120K(84480K) Eden: 81920K(81920K)->0K(81920K) From: 576K(2560K)->1120K(2560K)
[15227.339s][info][gc,heap        ] GC(33306) ParOldGen: 156087K(175104K)->156135K(175104K)
[15227.339s][info][gc,metaspace   ] GC(33306) Metaspace: 62350K(62592K)->62350K(62592K) NonClass: 53313K(53504K)->53313K(53504K) Class: 9037K(9088K)->9037K(9088K)
[15227.339s][info][gc             ] GC(33306) Pause Young (Allocation Failure) 232M->153M(253M) 2.514ms
[15227.339s][info][gc,cpu         ] GC(33306) User=0.01s Sys=0.00s Real=0.00s
[15227.844s][info][gc,start       ] GC(33307) Pause Young (Allocation Failure)
[15227.847s][info][gc,heap        ] GC(33307) PSYoungGen: 83040K(84480K)->1280K(84480K) Eden: 81920K(81920K)->0K(81920K) From: 1120K(2560K)->1280K(2560K)
[15227.847s][info][gc,heap        ] GC(33307) ParOldGen: 156135K(175104K)->156191K(175104K)
[15227.847s][info][gc,metaspace   ] GC(33307) Metaspace: 62350K(62592K)->62350K(62592K) NonClass: 53313K(53504K)->53313K(53504K) Class: 9037K(9088K)->9037K(9088K)
[15227.847s][info][gc             ] GC(33307) Pause Young (Allocation Failure) 233M->153M(253M) 2.698ms
[15227.847s][info][gc,cpu         ] GC(33307) User=0.01s Sys=0.00s Real=0.01s
[15228.339s][info][gc,start       ] GC(33308) Pause Young (Allocation Failure)
[15228.342s][info][gc,heap        ] GC(33308) PSYoungGen: 83200K(84480K)->1248K(84480K) Eden: 81920K(81920K)->0K(81920K) From: 1280K(2560K)->1248K(2560K)
[15228.342s][info][gc,heap        ] GC(33308) ParOldGen: 156191K(175104K)->156239K(175104K)
[15228.342s][info][gc,metaspace   ] GC(33308) Metaspace: 62350K(62592K)->62350K(62592K) NonClass: 53313K(53504K)->53313K(53504K) Class: 9037K(9088K)->9037K(9088K)
[15228.342s][info][gc             ] GC(33308) Pause Young (Allocation Failure) 233M->153M(253M) 2.943ms
[15228.342s][info][gc,cpu         ] GC(33308) User=0.01s Sys=0.00s Real=0.00s
[15228.787s][info][gc,start       ] GC(33309) Pause Young (Allocation Failure)
[15228.790s][info][gc,heap        ] GC(33309) PSYoungGen: 83168K(84480K)->576K(84480K) Eden: 81920K(81920K)->0K(81920K) From: 1248K(2560K)->576K(2560K)
[15228.790s][info][gc,heap        ] GC(33309) ParOldGen: 156239K(175104K)->156295K(175104K)
[15228.790s][info][gc,metaspace   ] GC(33309) Metaspace: 62350K(62592K)->62350K(62592K) NonClass: 53313K(53504K)->53313K(53504K) Class: 9037K(9088K)->9037K(9088K)
[15228.790s][info][gc             ] GC(33309) Pause Young (Allocation Failure) 233M->153M(253M) 3.024ms
[15228.790s][info][gc,cpu         ] GC(33309) User=0.01s Sys=0.00s Real=0.00s
[15229.280s][info][gc,start       ] GC(33310) Pause Young (Allocation Failure)
[15229.282s][info][gc,heap        ] GC(33310) PSYoungGen: 82496K(84480K)->448K(84480K) Eden: 81920K(81920K)->0K(81920K) From: 576K(2560K)->448K(2560K)
[15229.282s][info][gc,heap        ] GC(33310) ParOldGen: 156295K(175104K)->156343K(175104K)
[15229.282s][info][gc,metaspace   ] GC(33310) Metaspace: 62350K(62592K)->62350K(62592K) NonClass: 53313K(53504K)->53313K(53504K) Class: 9037K(9088K)->9037K(9088K)
[15229.282s][info][gc             ] GC(33310) Pause Young (Allocation Failure) 233M->153M(253M) 1.825ms
[15229.282s][info][gc,cpu         ] GC(33310) User=0.00s Sys=0.00s Real=0.00s
[15229.753s][info][gc,start       ] GC(33311) Pause Young (Allocation Failure)
[15229.756s][info][gc,heap        ] GC(33311) PSYoungGen: 82368K(84480K)->1440K(84480K) Eden: 81920K(81920K)->0K(81920K) From: 448K(2560K)->1440K(2560K)
[15229.756s][info][gc,heap        ] GC(33311) ParOldGen: 156343K(175104K)->156399K(175104K)
[15229.756s][info][gc,metaspace   ] GC(33311) Metaspace: 62350K(62592K)->62350K(62592K) NonClass: 53313K(53504K)->53313K(53504K) Class: 9037K(9088K)->9037K(9088K)
[15229.756s][info][gc             ] GC(33311) Pause Young (Allocation Failure) 233M->154M(253M) 2.799ms
[15229.756s][info][gc,cpu         ] GC(33311) User=0.01s Sys=0.00s Real=0.01s
[15230.270s][info][gc,start       ] GC(33312) Pause Young (Allocation Failure)
[15230.271s][info][gc,heap        ] GC(33312) PSYoungGen: 83360K(84480K)->320K(84480K) Eden: 81920K(81920K)->0K(81920K) From: 1440K(2560K)->320K(2560K)
[15230.271s][info][gc,heap        ] GC(33312) ParOldGen: 156399K(175104K)->156447K(175104K)
[15230.271s][info][gc,metaspace   ] GC(33312) Metaspace: 62350K(62592K)->62350K(62592K) NonClass: 53313K(53504K)->53313K(53504K) Class: 9037K(9088K)->9037K(9088K)
[15230.271s][info][gc             ] GC(33312) Pause Young (Allocation Failure) 234M->153M(253M) 1.632ms
[15230.271s][info][gc,cpu         ] GC(33312) User=0.00s Sys=0.00s Real=0.00s
[15230.753s][info][gc,start       ] GC(33313) Pause Young (Allocation Failure)
[15230.755s][info][gc,heap        ] GC(33313) PSYoungGen: 82240K(84480K)->1248K(84480K) Eden: 81920K(81920K)->0K(81920K) From: 320K(2560K)->1248K(2560K)
[15230.756s][info][gc,heap        ] GC(33313) ParOldGen: 156447K(175104K)->156495K(175104K)
[15230.756s][info][gc,metaspace   ] GC(33313) Metaspace: 62350K(62592K)->62350K(62592K) NonClass: 53313K(53504K)->53313K(53504K) Class: 9037K(9088K)->9037K(9088K)
[15230.756s][info][gc             ] GC(33313) Pause Young (Allocation Failure) 233M->154M(253M) 2.623ms
[15230.756s][info][gc,cpu         ] GC(33313) User=0.00s Sys=0.00s Real=0.01s
[15231.217s][info][gc,start       ] GC(33314) Pause Young (Allocation Failure)
[15231.219s][info][gc,heap        ] GC(33314) PSYoungGen: 83168K(84480K)->864K(84480K) Eden: 81920K(81920K)->0K(81920K) From: 1248K(2560K)->864K(2560K)
[15231.219s][info][gc,heap        ] GC(33314) ParOldGen: 156495K(175104K)->156551K(175104K)
[15231.219s][info][gc,metaspace   ] GC(33314) Metaspace: 62350K(62592K)->62350K(62592K) NonClass: 53313K(53504K)->53313K(53504K) Class: 9037K(9088K)->9037K(9088K)
[15231.219s][info][gc             ] GC(33314) Pause Young (Allocation Failure) 234M->153M(253M) 2.212ms
[15231.219s][info][gc,cpu         ] GC(33314) User=0.00s Sys=0.00s Real=0.00s
[15231.675s][info][gc,start       ] GC(33315) Pause Young (Allocation Failure)
[15231.677s][info][gc,heap        ] GC(33315) PSYoungGen: 82784K(84480K)->384K(84480K) Eden: 81920K(81920K)->0K(81920K) From: 864K(2560K)->384K(2560K)
[15231.677s][info][gc,heap        ] GC(33315) ParOldGen: 156551K(175104K)->156607K(175104K)
[15231.677s][info][gc,metaspace   ] GC(33315) Metaspace: 62350K(62592K)->62350K(62592K) NonClass: 53313K(53504K)->53313K(53504K) Class: 9037K(9088K)->9037K(9088K)
[15231.677s][info][gc             ] GC(33315) Pause Young (Allocation Failure) 233M->153M(253M) 1.701ms
[15231.677s][info][gc,cpu         ] GC(33315) User=0.00s Sys=0.00s Real=0.00s
[15232.123s][info][gc,start       ] GC(33316) Pause Young (Allocation Failure)
[15232.125s][info][gc,heap        ] GC(33316) PSYoungGen: 82304K(84480K)->1024K(84480K) Eden: 81920K(81920K)->0K(81920K) From: 384K(2560K)->1024K(2560K)
[15232.125s][info][gc,heap        ] GC(33316) ParOldGen: 156607K(175104K)->156663K(175104K)
[15232.125s][info][gc,metaspace   ] GC(33316) Metaspace: 62350K(62592K)->62350K(62592K) NonClass: 53313K(53504K)->53313K(53504K) Class: 9037K(9088K)->9037K(9088K)
[15232.125s][info][gc             ] GC(33316) Pause Young (Allocation Failure) 233M->153M(253M) 2.480ms
[15232.125s][info][gc,cpu         ] GC(33316) User=0.00s Sys=0.00s Real=0.01s
[15232.617s][info][gc,start       ] GC(33317) Pause Young (Allocation Failure)
[15232.619s][info][gc,heap        ] GC(33317) PSYoungGen: 82944K(84480K)->928K(84992K) Eden: 81920K(81920K)->0K(82944K) From: 1024K(2560K)->928K(2048K)
[15232.619s][info][gc,heap        ] GC(33317) ParOldGen: 156663K(175104K)->156711K(175104K)
[15232.619s][info][gc,metaspace   ] GC(33317) Metaspace: 62350K(62592K)->62350K(62592K) NonClass: 53313K(53504K)->53313K(53504K) Class: 9037K(9088K)->9037K(9088K)
[15232.619s][info][gc             ] GC(33317) Pause Young (Allocation Failure) 233M->153M(254M) 2.207ms
[15232.619s][info][gc,cpu         ] GC(33317) User=0.01s Sys=0.00s Real=0.00s
[15233.102s][info][gc,start       ] GC(33318) Pause Young (Allocation Failure)
[15233.104s][info][gc,heap        ] GC(33318) PSYoungGen: 83872K(84992K)->768K(84992K) Eden: 82944K(82944K)->0K(82944K) From: 928K(2048K)->768K(2048K)
[15233.104s][info][gc,heap        ] GC(33318) ParOldGen: 156711K(175104K)->156767K(175104K)
[15233.104s][info][gc,metaspace   ] GC(33318) Metaspace: 62350K(62592K)->62350K(62592K) NonClass: 53313K(53504K)->53313K(53504K) Class: 9037K(9088K)->9037K(9088K)
[15233.104s][info][gc             ] GC(33318) Pause Young (Allocation Failure) 234M->153M(254M) 2.158ms
[15233.104s][info][gc,cpu         ] GC(33318) User=0.01s Sys=0.00s Real=0.00s
[15233.553s][info][gc,start       ] GC(33319) Pause Young (Allocation Failure)
[15233.556s][info][gc,heap        ] GC(33319) PSYoungGen: 83712K(84992K)->1472K(84992K) Eden: 82944K(82944K)->0K(82944K) From: 768K(2048K)->1472K(2048K)
[15233.556s][info][gc,heap        ] GC(33319) ParOldGen: 156767K(175104K)->156815K(175104K)
[15233.556s][info][gc,metaspace   ] GC(33319) Metaspace: 62350K(62592K)->62350K(62592K) NonClass: 53313K(53504K)->53313K(53504K) Class: 9037K(9088K)->9037K(9088K)
[15233.556s][info][gc             ] GC(33319) Pause Young (Allocation Failure) 234M->154M(254M) 2.765ms
[15233.556s][info][gc,cpu         ] GC(33319) User=0.00s Sys=0.00s Real=0.01s
[15234.006s][info][gc,start       ] GC(33320) Pause Young (Allocation Failure)
[15234.008s][info][gc,heap        ] GC(33320) PSYoungGen: 84416K(84992K)->832K(84992K) Eden: 82944K(82944K)->0K(82944K) From: 1472K(2048K)->832K(2048K)
[15234.008s][info][gc,heap        ] GC(33320) ParOldGen: 156815K(175104K)->156863K(175104K)
[15234.008s][info][gc,metaspace   ] GC(33320) Metaspace: 62350K(62592K)->62350K(62592K) NonClass: 53313K(53504K)->53313K(53504K) Class: 9037K(9088K)->9037K(9088K)
[15234.008s][info][gc             ] GC(33320) Pause Young (Allocation Failure) 235M->153M(254M) 2.136ms
[15234.008s][info][gc,cpu         ] GC(33320) User=0.00s Sys=0.00s Real=0.00s
[15234.523s][info][gc,start       ] GC(33321) Pause Young (Allocation Failure)
[15234.526s][info][gc,heap        ] GC(33321) PSYoungGen: 83776K(84992K)->1088K(84992K) Eden: 82944K(82944K)->0K(82944K) From: 832K(2048K)->1088K(2048K)
[15234.526s][info][gc,heap        ] GC(33321) ParOldGen: 156863K(175104K)->156911K(175104K)
[15234.526s][info][gc,metaspace   ] GC(33321) Metaspace: 62350K(62592K)->62350K(62592K) NonClass: 53313K(53504K)->53313K(53504K) Class: 9037K(9088K)->9037K(9088K)
[15234.526s][info][gc             ] GC(33321) Pause Young (Allocation Failure) 234M->154M(254M) 2.496ms
[15234.526s][info][gc,cpu         ] GC(33321) User=0.00s Sys=0.00s Real=0.01s
[15235.015s][info][gc,start       ] GC(33322) Pause Young (Allocation Failure)
[15235.017s][info][gc,heap        ] GC(33322) PSYoungGen: 84032K(84992K)->1952K(84992K) Eden: 82944K(82944K)->0K(82944K) From: 1088K(2048K)->1952K(2048K)
[15235.017s][info][gc,heap        ] GC(33322) ParOldGen: 156911K(175104K)->158039K(175104K)
[15235.017s][info][gc,metaspace   ] GC(33322) Metaspace: 62350K(62592K)->62350K(62592K) NonClass: 53313K(53504K)->53313K(53504K) Class: 9037K(9088K)->9037K(9088K)
[15235.017s][info][gc             ] GC(33322) Pause Young (Allocation Failure) 235M->156M(254M) 2.847ms
[15235.017s][info][gc,cpu         ] GC(33322) User=0.00s Sys=0.00s Real=0.00s
[15235.485s][info][gc,start       ] GC(33323) Pause Young (Allocation Failure)
[15235.487s][info][gc,heap        ] GC(33323) PSYoungGen: 84896K(84992K)->576K(83968K) Eden: 82944K(82944K)->0K(81920K) From: 1952K(2048K)->576K(2048K)
[15235.487s][info][gc,heap        ] GC(33323) ParOldGen: 158039K(175104K)->160135K(175104K)
[15235.487s][info][gc,metaspace   ] GC(33323) Metaspace: 62350K(62592K)->62350K(62592K) NonClass: 53313K(53504K)->53313K(53504K) Class: 9037K(9088K)->9037K(9088K)
[15235.487s][info][gc             ] GC(33323) Pause Young (Allocation Failure) 237M->156M(253M) 2.105ms
[15235.487s][info][gc,cpu         ] GC(33323) User=0.01s Sys=0.00s Real=0.00s
[15235.968s][info][gc,start       ] GC(33324) Pause Young (Allocation Failure)
[15235.970s][info][gc,heap        ] GC(33324) PSYoungGen: 82496K(83968K)->288K(84480K) Eden: 81920K(81920K)->0K(81920K) From: 576K(2048K)->288K(2560K)
[15235.970s][info][gc,heap        ] GC(33324) ParOldGen: 160135K(175104K)->160191K(175104K)
[15235.970s][info][gc,metaspace   ] GC(33324) Metaspace: 62350K(62592K)->62350K(62592K) NonClass: 53313K(53504K)->53313K(53504K) Class: 9037K(9088K)->9037K(9088K)
[15235.970s][info][gc             ] GC(33324) Pause Young (Allocation Failure) 236M->156M(253M) 1.605ms
[15235.970s][info][gc,cpu         ] GC(33324) User=0.00s Sys=0.00s Real=0.00s
[15236.451s][info][gc,start       ] GC(33325) Pause Young (Allocation Failure)
[15236.454s][info][gc,heap        ] GC(33325) PSYoungGen: 82208K(84480K)->1312K(84480K) Eden: 81920K(81920K)->0K(81920K) From: 288K(2560K)->1312K(2560K)
[15236.454s][info][gc,heap        ] GC(33325) ParOldGen: 160191K(175104K)->160247K(175104K)
[15236.454s][info][gc,metaspace   ] GC(33325) Metaspace: 62350K(62592K)->62350K(62592K) NonClass: 53313K(53504K)->53313K(53504K) Class: 9037K(9088K)->9037K(9088K)
[15236.454s][info][gc             ] GC(33325) Pause Young (Allocation Failure) 236M->157M(253M) 2.590ms
[15236.454s][info][gc,cpu         ] GC(33325) User=0.00s Sys=0.00s Real=0.00s
[15236.926s][info][gc,start       ] GC(33326) Pause Young (Allocation Failure)
[15236.929s][info][gc,heap        ] GC(33326) PSYoungGen: 83232K(84480K)->1056K(84480K) Eden: 81920K(81920K)->0K(81920K) From: 1312K(2560K)->1056K(2560K)
[15236.929s][info][gc,heap        ] GC(33326) ParOldGen: 160247K(175104K)->160303K(175104K)
[15236.929s][info][gc,metaspace   ] GC(33326) Metaspace: 62350K(62592K)->62350K(62592K) NonClass: 53313K(53504K)->53313K(53504K) Class: 9037K(9088K)->9037K(9088K)
[15236.929s][info][gc             ] GC(33326) Pause Young (Allocation Failure) 237M->157M(253M) 2.751ms
[15236.929s][info][gc,cpu         ] GC(33326) User=0.01s Sys=0.00s Real=0.00s
[15237.424s][info][gc,start       ] GC(33327) Pause Young (Allocation Failure)
[15237.427s][info][gc,heap        ] GC(33327) PSYoungGen: 82976K(84480K)->960K(84992K) Eden: 81920K(81920K)->0K(82944K) From: 1056K(2560K)->960K(2048K)
[15237.427s][info][gc,heap        ] GC(33327) ParOldGen: 160303K(175104K)->160359K(175104K)
[15237.427s][info][gc,metaspace   ] GC(33327) Metaspace: 62350K(62592K)->62350K(62592K) NonClass: 53313K(53504K)->53313K(53504K) Class: 9037K(9088K)->9037K(9088K)
[15237.427s][info][gc             ] GC(33327) Pause Young (Allocation Failure) 237M->157M(254M) 2.464ms
[15237.427s][info][gc,cpu         ] GC(33327) User=0.00s Sys=0.00s Real=0.00s
[15237.870s][info][gc,start       ] GC(33328) Pause Young (Allocation Failure)
[15237.871s][info][gc,heap        ] GC(33328) PSYoungGen: 83904K(84992K)->320K(84992K) Eden: 82944K(82944K)->0K(82944K) From: 960K(2048K)->320K(2048K)
[15237.871s][info][gc,heap        ] GC(33328) ParOldGen: 160359K(175104K)->160407K(175104K)
[15237.871s][info][gc,metaspace   ] GC(33328) Metaspace: 62350K(62592K)->62350K(62592K) NonClass: 53313K(53504K)->53313K(53504K) Class: 9037K(9088K)->9037K(9088K)
[15237.871s][info][gc             ] GC(33328) Pause Young (Allocation Failure) 238M->156M(254M) 1.608ms
[15237.871s][info][gc,cpu         ] GC(33328) User=0.00s Sys=0.00s Real=0.00s
[15238.318s][info][gc,start       ] GC(33329) Pause Young (Allocation Failure)
[15238.320s][info][gc,heap        ] GC(33329) PSYoungGen: 83264K(84992K)->992K(84992K) Eden: 82944K(82944K)->0K(82944K) From: 320K(2048K)->992K(2048K)
[15238.320s][info][gc,heap        ] GC(33329) ParOldGen: 160407K(175104K)->160455K(175104K)
[15238.320s][info][gc,metaspace   ] GC(33329) Metaspace: 62350K(62592K)->62350K(62592K) NonClass: 53313K(53504K)->53313K(53504K) Class: 9037K(9088K)->9037K(9088K)
[15238.321s][info][gc             ] GC(33329) Pause Young (Allocation Failure) 237M->157M(254M) 2.397ms
[15238.321s][info][gc,cpu         ] GC(33329) User=0.01s Sys=0.00s Real=0.00s
[15238.782s][info][gc,start       ] GC(33330) Pause Young (Allocation Failure)
[15238.783s][info][gc,heap        ] GC(33330) PSYoungGen: 83936K(84992K)->416K(84992K) Eden: 82944K(82944K)->0K(82944K) From: 992K(2048K)->416K(2048K)
[15238.783s][info][gc,heap        ] GC(33330) ParOldGen: 160455K(175104K)->160503K(175104K)
[15238.783s][info][gc,metaspace   ] GC(33330) Metaspace: 62350K(62592K)->62350K(62592K) NonClass: 53313K(53504K)->53313K(53504K) Class: 9037K(9088K)->9037K(9088K)
[15238.783s][info][gc             ] GC(33330) Pause Young (Allocation Failure) 238M->157M(254M) 1.876ms
[15238.783s][info][gc,cpu         ] GC(33330) User=0.01s Sys=0.00s Real=0.00s
[15239.247s][info][gc,start       ] GC(33331) Pause Young (Allocation Failure)
[15239.250s][info][gc,heap        ] GC(33331) PSYoungGen: 83360K(84992K)->1344K(84992K) Eden: 82944K(82944K)->0K(82944K) From: 416K(2048K)->1344K(2048K)
[15239.250s][info][gc,heap        ] GC(33331) ParOldGen: 160503K(175104K)->160551K(175104K)
[15239.250s][info][gc,metaspace   ] GC(33331) Metaspace: 62350K(62592K)->62350K(62592K) NonClass: 53313K(53504K)->53313K(53504K) Class: 9037K(9088K)->9037K(9088K)
[15239.250s][info][gc             ] GC(33331) Pause Young (Allocation Failure) 238M->158M(254M) 2.822ms
[15239.250s][info][gc,cpu         ] GC(33331) User=0.00s Sys=0.00s Real=0.00s
[15239.723s][info][gc,start       ] GC(33332) Pause Young (Allocation Failure)
[15239.726s][info][gc,heap        ] GC(33332) PSYoungGen: 84288K(84992K)->1088K(84992K) Eden: 82944K(82944K)->0K(82944K) From: 1344K(2048K)->1088K(2048K)
[15239.726s][info][gc,heap        ] GC(33332) ParOldGen: 160551K(175104K)->160607K(175104K)
[15239.726s][info][gc,metaspace   ] GC(33332) Metaspace: 62350K(62592K)->62350K(62592K) NonClass: 53313K(53504K)->53313K(53504K) Class: 9037K(9088K)->9037K(9088K)
[15239.726s][info][gc             ] GC(33332) Pause Young (Allocation Failure) 239M->157M(254M) 2.580ms
[15239.726s][info][gc,cpu         ] GC(33332) User=0.00s Sys=0.00s Real=0.01s
[15240.157s][info][gc,start       ] GC(33333) Pause Young (Allocation Failure)
[15240.159s][info][gc,heap        ] GC(33333) PSYoungGen: 84032K(84992K)->1568K(84992K) Eden: 82944K(82944K)->0K(82944K) From: 1088K(2048K)->1568K(2048K)
[15240.159s][info][gc,heap        ] GC(33333) ParOldGen: 160607K(175104K)->160655K(175104K)
[15240.159s][info][gc,metaspace   ] GC(33333) Metaspace: 62350K(62592K)->62350K(62592K) NonClass: 53313K(53504K)->53313K(53504K) Class: 9037K(9088K)->9037K(9088K)
[15240.159s][info][gc             ] GC(33333) Pause Young (Allocation Failure) 238M->158M(254M) 2.803ms
[15240.159s][info][gc,cpu         ] GC(33333) User=0.01s Sys=0.00s Real=0.00s
[15240.629s][info][gc,start       ] GC(33334) Pause Young (Allocation Failure)
[15240.632s][info][gc,heap        ] GC(33334) PSYoungGen: 84512K(84992K)->1088K(84992K) Eden: 82944K(82944K)->0K(82944K) From: 1568K(2048K)->1088K(2048K)
[15240.632s][info][gc,heap        ] GC(33334) ParOldGen: 160655K(175104K)->160703K(175104K)
[15240.632s][info][gc,metaspace   ] GC(33334) Metaspace: 62350K(62592K)->62350K(62592K) NonClass: 53313K(53504K)->53313K(53504K) Class: 9037K(9088K)->9037K(9088K)
[15240.632s][info][gc             ] GC(33334) Pause Young (Allocation Failure) 239M->157M(254M) 2.572ms
[15240.632s][info][gc,cpu         ] GC(33334) User=0.00s Sys=0.00s Real=0.00s
[15241.044s][info][gc,start       ] GC(33335) Pause Young (Allocation Failure)
[15241.047s][info][gc,heap        ] GC(33335) PSYoungGen: 84032K(84992K)->1472K(83968K) Eden: 82944K(82944K)->0K(81920K) From: 1088K(2048K)->1472K(2048K)
[15241.047s][info][gc,heap        ] GC(33335) ParOldGen: 160703K(175104K)->160751K(175104K)
[15241.047s][info][gc,metaspace   ] GC(33335) Metaspace: 62350K(62592K)->62350K(62592K) NonClass: 53313K(53504K)->53313K(53504K) Class: 9037K(9088K)->9037K(9088K)
[15241.047s][info][gc             ] GC(33335) Pause Young (Allocation Failure) 238M->158M(253M) 3.074ms
[15241.047s][info][gc,cpu         ] GC(33335) User=0.00s Sys=0.00s Real=0.00s
[15241.550s][info][gc,start       ] GC(33336) Pause Young (Allocation Failure)
[15241.553s][info][gc,heap        ] GC(33336) PSYoungGen: 83392K(83968K)->1344K(84480K) Eden: 81920K(81920K)->0K(81920K) From: 1472K(2048K)->1344K(2560K)
[15241.553s][info][gc,heap        ] GC(33336) ParOldGen: 160751K(175104K)->160807K(175104K)
[15241.553s][info][gc,metaspace   ] GC(33336) Metaspace: 62350K(62592K)->62350K(62592K) NonClass: 53313K(53504K)->53313K(53504K) Class: 9037K(9088K)->9037K(9088K)
[15241.553s][info][gc             ] GC(33336) Pause Young (Allocation Failure) 238M->158M(253M) 2.913ms
[15241.553s][info][gc,cpu         ] GC(33336) User=0.00s Sys=0.00s Real=0.00s
[15242.076s][info][gc,start       ] GC(33337) Pause Young (Allocation Failure)
[15242.078s][info][gc,heap        ] GC(33337) PSYoungGen: 83264K(84480K)->416K(84480K) Eden: 81920K(81920K)->0K(81920K) From: 1344K(2560K)->416K(2560K)
[15242.078s][info][gc,heap        ] GC(33337) ParOldGen: 160807K(175104K)->160855K(175104K)
[15242.078s][info][gc,metaspace   ] GC(33337) Metaspace: 62350K(62592K)->62350K(62592K) NonClass: 53313K(53504K)->53313K(53504K) Class: 9037K(9088K)->9037K(9088K)
[15242.078s][info][gc             ] GC(33337) Pause Young (Allocation Failure) 238M->157M(253M) 1.959ms
[15242.078s][info][gc,cpu         ] GC(33337) User=0.00s Sys=0.00s Real=0.00s
[15242.597s][info][gc,start       ] GC(33338) Pause Young (Allocation Failure)
[15242.599s][info][gc,heap        ] GC(33338) PSYoungGen: 82336K(84480K)->672K(84480K) Eden: 81920K(81920K)->0K(81920K) From: 416K(2560K)->672K(2560K)
[15242.599s][info][gc,heap        ] GC(33338) ParOldGen: 160855K(175104K)->160959K(175104K)
[15242.599s][info][gc,metaspace   ] GC(33338) Metaspace: 62350K(62592K)->62350K(62592K) NonClass: 53313K(53504K)->53313K(53504K) Class: 9037K(9088K)->9037K(9088K)
[15242.599s][info][gc             ] GC(33338) Pause Young (Allocation Failure) 237M->157M(253M) 2.115ms
[15242.599s][info][gc,cpu         ] GC(33338) User=0.00s Sys=0.00s Real=0.00s
[15243.102s][info][gc,start       ] GC(33339) Pause Young (Allocation Failure)
[15243.104s][info][gc,heap        ] GC(33339) PSYoungGen: 82592K(84480K)->736K(84992K) Eden: 81920K(81920K)->0K(82944K) From: 672K(2560K)->736K(2048K)
[15243.104s][info][gc,heap        ] GC(33339) ParOldGen: 160959K(175104K)->161015K(175104K)
[15243.104s][info][gc,metaspace   ] GC(33339) Metaspace: 62350K(62592K)->62350K(62592K) NonClass: 53313K(53504K)->53313K(53504K) Class: 9037K(9088K)->9037K(9088K)
[15243.104s][info][gc             ] GC(33339) Pause Young (Allocation Failure) 237M->157M(254M) 2.157ms
[15243.104s][info][gc,cpu         ] GC(33339) User=0.01s Sys=0.00s Real=0.00s
[15243.524s][info][gc,start       ] GC(33340) Pause Young (Allocation Failure)
[15243.527s][info][gc,heap        ] GC(33340) PSYoungGen: 83680K(84992K)->1024K(84992K) Eden: 82944K(82944K)->0K(82944K) From: 736K(2048K)->1024K(2048K)
[15243.527s][info][gc,heap        ] GC(33340) ParOldGen: 161015K(175104K)->161071K(175104K)
[15243.527s][info][gc,metaspace   ] GC(33340) Metaspace: 62350K(62592K)->62350K(62592K) NonClass: 53313K(53504K)->53313K(53504K) Class: 9037K(9088K)->9037K(9088K)
[15243.527s][info][gc             ] GC(33340) Pause Young (Allocation Failure) 238M->158M(254M) 2.522ms
[15243.527s][info][gc,cpu         ] GC(33340) User=0.00s Sys=0.00s Real=0.00s
[15244.023s][info][gc,start       ] GC(33341) Pause Young (Allocation Failure)
[15244.025s][info][gc,heap        ] GC(33341) PSYoungGen: 83968K(84992K)->992K(84992K) Eden: 82944K(82944K)->0K(82944K) From: 1024K(2048K)->992K(2048K)
[15244.025s][info][gc,heap        ] GC(33341) ParOldGen: 161071K(175104K)->161127K(175104K)
[15244.025s][info][gc,metaspace   ] GC(33341) Metaspace: 62350K(62592K)->62350K(62592K) NonClass: 53313K(53504K)->53313K(53504K) Class: 9037K(9088K)->9037K(9088K)
[15244.025s][info][gc             ] GC(33341) Pause Young (Allocation Failure) 239M->158M(254M) 2.408ms
[15244.025s][info][gc,cpu         ] GC(33341) User=0.01s Sys=0.00s Real=0.01s
[15244.515s][info][gc,start       ] GC(33342) Pause Young (Allocation Failure)
[15244.518s][info][gc,heap        ] GC(33342) PSYoungGen: 83936K(84992K)->960K(84992K) Eden: 82944K(82944K)->0K(82944K) From: 992K(2048K)->960K(2048K)
[15244.518s][info][gc,heap        ] GC(33342) ParOldGen: 161127K(175104K)->161175K(175104K)
[15244.518s][info][gc,metaspace   ] GC(33342) Metaspace: 62350K(62592K)->62350K(62592K) NonClass: 53313K(53504K)->53313K(53504K) Class: 9037K(9088K)->9037K(9088K)
[15244.518s][info][gc             ] GC(33342) Pause Young (Allocation Failure) 239M->158M(254M) 2.461ms
[15244.518s][info][gc,cpu         ] GC(33342) User=0.00s Sys=0.00s Real=0.00s
[15244.988s][info][gc,start       ] GC(33343) Pause Young (Allocation Failure)
[15244.990s][info][gc,heap        ] GC(33343) PSYoungGen: 83904K(84992K)->1600K(84992K) Eden: 82944K(82944K)->0K(82944K) From: 960K(2048K)->1600K(2048K)
[15244.990s][info][gc,heap        ] GC(33343) ParOldGen: 161175K(175104K)->162255K(175104K)
[15244.990s][info][gc,metaspace   ] GC(33343) Metaspace: 62350K(62592K)->62350K(62592K) NonClass: 53313K(53504K)->53313K(53504K) Class: 9037K(9088K)->9037K(9088K)
[15244.990s][info][gc             ] GC(33343) Pause Young (Allocation Failure) 239M->160M(254M) 2.198ms
[15244.990s][info][gc,cpu         ] GC(33343) User=0.00s Sys=0.00s Real=0.00s
[15245.446s][info][gc,start       ] GC(33344) Pause Young (Allocation Failure)
[15245.449s][info][gc,heap        ] GC(33344) PSYoungGen: 84544K(84992K)->1440K(84992K) Eden: 82944K(82944K)->0K(82944K) From: 1600K(2048K)->1440K(2048K)
[15245.449s][info][gc,heap        ] GC(33344) ParOldGen: 162255K(175104K)->163327K(175104K)
[15245.449s][info][gc,metaspace   ] GC(33344) Metaspace: 62350K(62592K)->62350K(62592K) NonClass: 53313K(53504K)->53313K(53504K) Class: 9037K(9088K)->9037K(9088K)
[15245.449s][info][gc             ] GC(33344) Pause Young (Allocation Failure) 241M->160M(254M) 2.946ms
[15245.449s][info][gc,cpu         ] GC(33344) User=0.01s Sys=0.00s Real=0.00s
[15245.895s][info][gc,start       ] GC(33345) Pause Young (Allocation Failure)
[15245.897s][info][gc,heap        ] GC(33345) PSYoungGen: 84384K(84992K)->608K(84992K) Eden: 82944K(82944K)->0K(82944K) From: 1440K(2048K)->608K(2048K)
[15245.897s][info][gc,heap        ] GC(33345) ParOldGen: 163327K(175104K)->163375K(175104K)
[15245.897s][info][gc,metaspace   ] GC(33345) Metaspace: 62350K(62592K)->62350K(62592K) NonClass: 53313K(53504K)->53313K(53504K) Class: 9037K(9088K)->9037K(9088K)
[15245.897s][info][gc             ] GC(33345) Pause Young (Allocation Failure) 241M->160M(254M) 2.002ms
[15245.897s][info][gc,cpu         ] GC(33345) User=0.01s Sys=0.00s Real=0.00s
[15246.340s][info][gc,start       ] GC(33346) Pause Young (Allocation Failure)
[15246.343s][info][gc,heap        ] GC(33346) PSYoungGen: 83552K(84992K)->1376K(84992K) Eden: 82944K(82944K)->0K(82944K) From: 608K(2048K)->1376K(2048K)
[15246.343s][info][gc,heap        ] GC(33346) ParOldGen: 163375K(175104K)->163423K(175104K)
[15246.343s][info][gc,metaspace   ] GC(33346) Metaspace: 62350K(62592K)->62350K(62592K) NonClass: 53313K(53504K)->53313K(53504K) Class: 9037K(9088K)->9037K(9088K)
[15246.343s][info][gc             ] GC(33346) Pause Young (Allocation Failure) 241M->160M(254M) 2.743ms
[15246.343s][info][gc,cpu         ] GC(33346) User=0.00s Sys=0.00s Real=0.00s
[15246.762s][info][gc,start       ] GC(33347) Pause Young (Allocation Failure)
[15246.764s][info][gc,heap        ] GC(33347) PSYoungGen: 84320K(84992K)->192K(84992K) Eden: 82944K(82944K)->0K(82944K) From: 1376K(2048K)->192K(2048K)
[15246.764s][info][gc,heap        ] GC(33347) ParOldGen: 163423K(175104K)->163479K(175104K)
[15246.764s][info][gc,metaspace   ] GC(33347) Metaspace: 62350K(62592K)->62350K(62592K) NonClass: 53313K(53504K)->53313K(53504K) Class: 9037K(9088K)->9037K(9088K)
[15246.764s][info][gc             ] GC(33347) Pause Young (Allocation Failure) 241M->159M(254M) 1.558ms
[15246.764s][info][gc,cpu         ] GC(33347) User=0.00s Sys=0.00s Real=0.00s
[15247.170s][info][gc,start       ] GC(33348) Pause Young (Allocation Failure)
[15247.172s][info][gc,heap        ] GC(33348) PSYoungGen: 83136K(84992K)->352K(84992K) Eden: 82944K(82944K)->0K(82944K) From: 192K(2048K)->352K(2048K)
[15247.172s][info][gc,heap        ] GC(33348) ParOldGen: 163479K(175104K)->163535K(175104K)
[15247.172s][info][gc,metaspace   ] GC(33348) Metaspace: 62350K(62592K)->62350K(62592K) NonClass: 53313K(53504K)->53313K(53504K) Class: 9037K(9088K)->9037K(9088K)
[15247.172s][info][gc             ] GC(33348) Pause Young (Allocation Failure) 240M->160M(254M) 1.633ms
[15247.172s][info][gc,cpu         ] GC(33348) User=0.01s Sys=0.00s Real=0.00s
[15247.581s][info][gc,start       ] GC(33349) Pause Young (Allocation Failure)
[15247.583s][info][gc,heap        ] GC(33349) PSYoungGen: 83296K(84992K)->480K(84992K) Eden: 82944K(82944K)->0K(82944K) From: 352K(2048K)->480K(2048K)
[15247.583s][info][gc,heap        ] GC(33349) ParOldGen: 163535K(175104K)->163583K(175104K)
[15247.583s][info][gc,metaspace   ] GC(33349) Metaspace: 62350K(62592K)->62350K(62592K) NonClass: 53313K(53504K)->53313K(53504K) Class: 9037K(9088K)->9037K(9088K)
[15247.583s][info][gc             ] GC(33349) Pause Young (Allocation Failure) 241M->160M(254M) 1.847ms
[15247.583s][info][gc,cpu         ] GC(33349) User=0.01s Sys=0.00s Real=0.00s
[15248.017s][info][gc,start       ] GC(33350) Pause Young (Allocation Failure)
[15248.019s][info][gc,heap        ] GC(33350) PSYoungGen: 83424K(84992K)->1056K(84992K) Eden: 82944K(82944K)->0K(82944K) From: 480K(2048K)->1056K(2048K)
[15248.019s][info][gc,heap        ] GC(33350) ParOldGen: 163583K(175104K)->163631K(175104K)
[15248.019s][info][gc,metaspace   ] GC(33350) Metaspace: 62350K(62592K)->62350K(62592K) NonClass: 53313K(53504K)->53313K(53504K) Class: 9037K(9088K)->9037K(9088K)
[15248.019s][info][gc             ] GC(33350) Pause Young (Allocation Failure) 241M->160M(254M) 2.255ms
[15248.019s][info][gc,cpu         ] GC(33350) User=0.00s Sys=0.00s Real=0.00s
[15248.434s][info][gc,start       ] GC(33351) Pause Young (Allocation Failure)
[15248.436s][info][gc,heap        ] GC(33351) PSYoungGen: 84000K(84992K)->1312K(84992K) Eden: 82944K(82944K)->0K(82944K) From: 1056K(2048K)->1312K(2048K)
[15248.436s][info][gc,heap        ] GC(33351) ParOldGen: 163631K(175104K)->163687K(175104K)
[15248.436s][info][gc,metaspace   ] GC(33351) Metaspace: 62350K(62592K)->62350K(62592K) NonClass: 53313K(53504K)->53313K(53504K) Class: 9037K(9088K)->9037K(9088K)
[15248.436s][info][gc             ] GC(33351) Pause Young (Allocation Failure) 241M->161M(254M) 2.462ms
[15248.436s][info][gc,cpu         ] GC(33351) User=0.00s Sys=0.00s Real=0.01s
[15248.847s][info][gc,start       ] GC(33352) Pause Young (Allocation Failure)
[15248.850s][info][gc,heap        ] GC(33352) PSYoungGen: 84256K(84992K)->1536K(84480K) Eden: 82944K(82944K)->0K(82944K) From: 1312K(2048K)->1536K(1536K)
[15248.850s][info][gc,heap        ] GC(33352) ParOldGen: 163687K(175104K)->163743K(175104K)
[15248.850s][info][gc,metaspace   ] GC(33352) Metaspace: 62350K(62592K)->62350K(62592K) NonClass: 53313K(53504K)->53313K(53504K) Class: 9037K(9088K)->9037K(9088K)
[15248.850s][info][gc             ] GC(33352) Pause Young (Allocation Failure) 242M->161M(253M) 2.855ms
[15248.850s][info][gc,cpu         ] GC(33352) User=0.01s Sys=0.00s Real=0.00s
[15249.277s][info][gc,start       ] GC(33353) Pause Young (Allocation Failure)
[15249.279s][info][gc,heap        ] GC(33353) PSYoungGen: 84480K(84480K)->2464K(84480K) Eden: 82944K(82944K)->0K(81920K) From: 1536K(1536K)->2464K(2560K)
[15249.279s][info][gc,heap        ] GC(33353) ParOldGen: 163743K(175104K)->163791K(175104K)
[15249.279s][info][gc,metaspace   ] GC(33353) Metaspace: 62350K(62592K)->62350K(62592K) NonClass: 53313K(53504K)->53313K(53504K) Class: 9037K(9088K)->9037K(9088K)
[15249.279s][info][gc             ] GC(33353) Pause Young (Allocation Failure) 242M->162M(253M) 1.981ms
[15249.279s][info][gc,cpu         ] GC(33353) User=0.01s Sys=0.00s Real=0.00s
[15249.767s][info][gc,start       ] GC(33354) Pause Young (Allocation Failure)
[15249.769s][info][gc,heap        ] GC(33354) PSYoungGen: 84384K(84480K)->320K(84480K) Eden: 81920K(81920K)->0K(81920K) From: 2464K(2560K)->320K(2560K)
[15249.769s][info][gc,heap        ] GC(33354) ParOldGen: 163791K(175104K)->164863K(175104K)
[15249.769s][info][gc,metaspace   ] GC(33354) Metaspace: 62350K(62592K)->62350K(62592K) NonClass: 53313K(53504K)->53313K(53504K) Class: 9037K(9088K)->9037K(9088K)
[15249.769s][info][gc             ] GC(33354) Pause Young (Allocation Failure) 242M->161M(253M) 1.969ms
[15249.769s][info][gc,cpu         ] GC(33354) User=0.00s Sys=0.00s Real=0.00s
[15250.208s][info][gc,start       ] GC(33355) Pause Young (Allocation Failure)
[15250.210s][info][gc,heap        ] GC(33355) PSYoungGen: 82240K(84480K)->864K(84480K) Eden: 81920K(81920K)->0K(81920K) From: 320K(2560K)->864K(2560K)
[15250.210s][info][gc,heap        ] GC(33355) ParOldGen: 164863K(175104K)->164967K(175104K)
[15250.210s][info][gc,metaspace   ] GC(33355) Metaspace: 62350K(62592K)->62350K(62592K) NonClass: 53313K(53504K)->53313K(53504K) Class: 9037K(9088K)->9037K(9088K)
[15250.210s][info][gc             ] GC(33355) Pause Young (Allocation Failure) 241M->161M(253M) 2.299ms
[15250.210s][info][gc,cpu         ] GC(33355) User=0.01s Sys=0.00s Real=0.00s
[15250.651s][info][gc,start       ] GC(33356) Pause Young (Allocation Failure)
[15250.654s][info][gc,heap        ] GC(33356) PSYoungGen: 82784K(84480K)->1504K(84480K) Eden: 81920K(81920K)->0K(81920K) From: 864K(2560K)->1504K(2560K)
[15250.654s][info][gc,heap        ] GC(33356) ParOldGen: 164967K(175104K)->165015K(175104K)
[15250.654s][info][gc,metaspace   ] GC(33356) Metaspace: 62350K(62592K)->62350K(62592K) NonClass: 53313K(53504K)->53313K(53504K) Class: 9037K(9088K)->9037K(9088K)
[15250.654s][info][gc             ] GC(33356) Pause Young (Allocation Failure) 241M->162M(253M) 2.846ms
[15250.654s][info][gc,cpu         ] GC(33356) User=0.00s Sys=0.01s Real=0.00s
[15251.088s][info][gc,start       ] GC(33357) Pause Young (Allocation Failure)
[15251.091s][info][gc,heap        ] GC(33357) PSYoungGen: 83424K(84480K)->544K(84480K) Eden: 81920K(81920K)->0K(81920K) From: 1504K(2560K)->544K(2560K)
[15251.091s][info][gc,heap        ] GC(33357) ParOldGen: 165015K(175104K)->165071K(175104K)
[15251.091s][info][gc,metaspace   ] GC(33357) Metaspace: 62350K(62592K)->62350K(62592K) NonClass: 53313K(53504K)->53313K(53504K) Class: 9037K(9088K)->9037K(9088K)
[15251.091s][info][gc             ] GC(33357) Pause Young (Allocation Failure) 242M->161M(253M) 2.963ms
[15251.091s][info][gc,cpu         ] GC(33357) User=0.00s Sys=0.00s Real=0.00s
[15251.523s][info][gc,start       ] GC(33358) Pause Young (Allocation Failure)
[15251.526s][info][gc,heap        ] GC(33358) PSYoungGen: 82464K(84480K)->1088K(84480K) Eden: 81920K(81920K)->0K(81920K) From: 544K(2560K)->1088K(2560K)
[15251.526s][info][gc,heap        ] GC(33358) ParOldGen: 165071K(175104K)->165127K(175104K)
[15251.526s][info][gc,metaspace   ] GC(33358) Metaspace: 62350K(62592K)->62350K(62592K) NonClass: 53313K(53504K)->53313K(53504K) Class: 9037K(9088K)->9037K(9088K)
[15251.526s][info][gc             ] GC(33358) Pause Young (Allocation Failure) 241M->162M(253M) 2.516ms
[15251.526s][info][gc,cpu         ] GC(33358) User=0.00s Sys=0.00s Real=0.01s
[15251.949s][info][gc,start       ] GC(33359) Pause Young (Allocation Failure)
[15251.952s][info][gc,heap        ] GC(33359) PSYoungGen: 83008K(84480K)->1440K(84480K) Eden: 81920K(81920K)->0K(81920K) From: 1088K(2560K)->1440K(2560K)
[15251.952s][info][gc,heap        ] GC(33359) ParOldGen: 165127K(175104K)->165183K(175104K)
[15251.952s][info][gc,metaspace   ] GC(33359) Metaspace: 62350K(62592K)->62350K(62592K) NonClass: 53313K(53504K)->53313K(53504K) Class: 9037K(9088K)->9037K(9088K)
[15251.952s][info][gc             ] GC(33359) Pause Young (Allocation Failure) 242M->162M(253M) 2.801ms
[15251.952s][info][gc,cpu         ] GC(33359) User=0.01s Sys=0.00s Real=0.00s
[15252.407s][info][gc,start       ] GC(33360) Pause Young (Allocation Failure)
[15252.409s][info][gc,heap        ] GC(33360) PSYoungGen: 83360K(84480K)->864K(84480K) Eden: 81920K(81920K)->0K(81920K) From: 1440K(2560K)->864K(2560K)
[15252.409s][info][gc,heap        ] GC(33360) ParOldGen: 165183K(175104K)->165231K(175104K)
[15252.409s][info][gc,metaspace   ] GC(33360) Metaspace: 62350K(62592K)->62350K(62592K) NonClass: 53313K(53504K)->53313K(53504K) Class: 9037K(9088K)->9037K(9088K)
[15252.409s][info][gc             ] GC(33360) Pause Young (Allocation Failure) 242M->162M(253M) 2.291ms
[15252.409s][info][gc,cpu         ] GC(33360) User=0.00s Sys=0.00s Real=0.00s
[15252.841s][info][gc,start       ] GC(33361) Pause Young (Allocation Failure)
[15252.843s][info][gc,heap        ] GC(33361) PSYoungGen: 82784K(84480K)->1376K(84480K) Eden: 81920K(81920K)->0K(81920K) From: 864K(2560K)->1376K(2560K)
[15252.843s][info][gc,heap        ] GC(33361) ParOldGen: 165231K(175104K)->165287K(175104K)
[15252.843s][info][gc,metaspace   ] GC(33361) Metaspace: 62350K(62592K)->62350K(62592K) NonClass: 53313K(53504K)->53313K(53504K) Class: 9037K(9088K)->9037K(9088K)
[15252.843s][info][gc             ] GC(33361) Pause Young (Allocation Failure) 242M->162M(253M) 2.673ms
[15252.843s][info][gc,cpu         ] GC(33361) User=0.00s Sys=0.01s Real=0.00s
[15253.292s][info][gc,start       ] GC(33362) Pause Young (Allocation Failure)
[15253.293s][info][gc,heap        ] GC(33362) PSYoungGen: 83296K(84480K)->576K(84480K) Eden: 81920K(81920K)->0K(81920K) From: 1376K(2560K)->576K(2560K)
[15253.293s][info][gc,heap        ] GC(33362) ParOldGen: 165287K(175104K)->165343K(175104K)
[15253.293s][info][gc,metaspace   ] GC(33362) Metaspace: 62350K(62592K)->62350K(62592K) NonClass: 53313K(53504K)->53313K(53504K) Class: 9037K(9088K)->9037K(9088K)
[15253.293s][info][gc             ] GC(33362) Pause Young (Allocation Failure) 242M->162M(253M) 1.942ms
[15253.293s][info][gc,cpu         ] GC(33362) User=0.00s Sys=0.00s Real=0.00s
[15253.752s][info][gc,start       ] GC(33363) Pause Young (Allocation Failure)
[15253.755s][info][gc,heap        ] GC(33363) PSYoungGen: 82496K(84480K)->1504K(84480K) Eden: 81920K(81920K)->0K(81920K) From: 576K(2560K)->1504K(2560K)
[15253.755s][info][gc,heap        ] GC(33363) ParOldGen: 165343K(175104K)->165391K(175104K)
[15253.755s][info][gc,metaspace   ] GC(33363) Metaspace: 62350K(62592K)->62350K(62592K) NonClass: 53313K(53504K)->53313K(53504K) Class: 9037K(9088K)->9037K(9088K)
[15253.755s][info][gc             ] GC(33363) Pause Young (Allocation Failure) 242M->162M(253M) 2.937ms
[15253.755s][info][gc,cpu         ] GC(33363) User=0.01s Sys=0.00s Real=0.01s
[15254.215s][info][gc,start       ] GC(33364) Pause Young (Allocation Failure)
[15254.217s][info][gc,heap        ] GC(33364) PSYoungGen: 83424K(84480K)->1984K(84480K) Eden: 81920K(81920K)->0K(81920K) From: 1504K(2560K)->1984K(2560K)
[15254.217s][info][gc,heap        ] GC(33364) ParOldGen: 165391K(175104K)->165439K(175104K)
[15254.217s][info][gc,metaspace   ] GC(33364) Metaspace: 62350K(62592K)->62350K(62592K) NonClass: 53313K(53504K)->53313K(53504K) Class: 9037K(9088K)->9037K(9088K)
[15254.217s][info][gc             ] GC(33364) Pause Young (Allocation Failure) 242M->163M(253M) 2.527ms
[15254.217s][info][gc,cpu         ] GC(33364) User=0.00s Sys=0.00s Real=0.00s
[15254.661s][info][gc,start       ] GC(33365) Pause Young (Allocation Failure)
[15254.662s][info][gc,heap        ] GC(33365) PSYoungGen: 83904K(84480K)->192K(84480K) Eden: 81920K(81920K)->0K(81920K) From: 1984K(2560K)->192K(2560K)
[15254.662s][info][gc,heap        ] GC(33365) ParOldGen: 165439K(175104K)->166519K(175104K)
[15254.662s][info][gc,metaspace   ] GC(33365) Metaspace: 62350K(62592K)->62350K(62592K) NonClass: 53313K(53504K)->53313K(53504K) Class: 9037K(9088K)->9037K(9088K)
[15254.662s][info][gc             ] GC(33365) Pause Young (Allocation Failure) 243M->162M(253M) 1.739ms
[15254.662s][info][gc,cpu         ] GC(33365) User=0.01s Sys=0.00s Real=0.00s
[15255.078s][info][gc,start       ] GC(33366) Pause Young (Allocation Failure)
[15255.080s][info][gc,heap        ] GC(33366) PSYoungGen: 82112K(84480K)->416K(84480K) Eden: 81920K(81920K)->0K(81920K) From: 192K(2560K)->416K(2560K)
[15255.080s][info][gc,heap        ] GC(33366) ParOldGen: 166519K(175104K)->166567K(175104K)
[15255.080s][info][gc,metaspace   ] GC(33366) Metaspace: 62350K(62592K)->62350K(62592K) NonClass: 53313K(53504K)->53313K(53504K) Class: 9037K(9088K)->9037K(9088K)
[15255.080s][info][gc             ] GC(33366) Pause Young (Allocation Failure) 242M->163M(253M) 1.844ms
[15255.080s][info][gc,cpu         ] GC(33366) User=0.00s Sys=0.00s Real=0.00s
[15255.546s][info][gc,start       ] GC(33367) Pause Young (Allocation Failure)
[15255.548s][info][gc,heap        ] GC(33367) PSYoungGen: 82336K(84480K)->1312K(84480K) Eden: 81920K(81920K)->0K(81920K) From: 416K(2560K)->1312K(2560K)
[15255.548s][info][gc,heap        ] GC(33367) ParOldGen: 166567K(175104K)->166623K(175104K)
[15255.548s][info][gc,metaspace   ] GC(33367) Metaspace: 62350K(62592K)->62350K(62592K) NonClass: 53313K(53504K)->53313K(53504K) Class: 9037K(9088K)->9037K(9088K)
[15255.548s][info][gc             ] GC(33367) Pause Young (Allocation Failure) 243M->163M(253M) 2.765ms
[15255.548s][info][gc,cpu         ] GC(33367) User=0.00s Sys=0.00s Real=0.00s
[15256.006s][info][gc,start       ] GC(33368) Pause Young (Allocation Failure)
[15256.009s][info][gc,heap        ] GC(33368) PSYoungGen: 83232K(84480K)->800K(84480K) Eden: 81920K(81920K)->0K(81920K) From: 1312K(2560K)->800K(2560K)
[15256.009s][info][gc,heap        ] GC(33368) ParOldGen: 166623K(175104K)->166679K(175104K)
[15256.009s][info][gc,metaspace   ] GC(33368) Metaspace: 62350K(62592K)->62350K(62592K) NonClass: 53313K(53504K)->53313K(53504K) Class: 9037K(9088K)->9037K(9088K)
[15256.009s][info][gc             ] GC(33368) Pause Young (Allocation Failure) 243M->163M(253M) 2.349ms
[15256.009s][info][gc,cpu         ] GC(33368) User=0.00s Sys=0.00s Real=0.00s
[15256.448s][info][gc,start       ] GC(33369) Pause Young (Allocation Failure)
[15256.450s][info][gc,heap        ] GC(33369) PSYoungGen: 82720K(84480K)->1184K(84480K) Eden: 81920K(81920K)->0K(81920K) From: 800K(2560K)->1184K(2560K)
[15256.450s][info][gc,heap        ] GC(33369) ParOldGen: 166679K(175104K)->166735K(175104K)
[15256.450s][info][gc,metaspace   ] GC(33369) Metaspace: 62350K(62592K)->62350K(62592K) NonClass: 53313K(53504K)->53313K(53504K) Class: 9037K(9088K)->9037K(9088K)
[15256.450s][info][gc             ] GC(33369) Pause Young (Allocation Failure) 243M->163M(253M) 2.570ms
[15256.450s][info][gc,cpu         ] GC(33369) User=0.01s Sys=0.00s Real=0.00s
[15256.857s][info][gc,start       ] GC(33370) Pause Young (Allocation Failure)
[15256.860s][info][gc,heap        ] GC(33370) PSYoungGen: 83104K(84480K)->1632K(84480K) Eden: 81920K(81920K)->0K(81920K) From: 1184K(2560K)->1632K(2560K)
[15256.860s][info][gc,heap        ] GC(33370) ParOldGen: 166735K(175104K)->166791K(175104K)
[15256.860s][info][gc,metaspace   ] GC(33370) Metaspace: 62350K(62592K)->62350K(62592K) NonClass: 53313K(53504K)->53313K(53504K) Class: 9037K(9088K)->9037K(9088K)
[15256.860s][info][gc             ] GC(33370) Pause Young (Allocation Failure) 243M->164M(253M) 3.061ms
[15256.860s][info][gc,cpu         ] GC(33370) User=0.01s Sys=0.00s Real=0.00s
[15257.372s][info][gc,start       ] GC(33371) Pause Young (Allocation Failure)
[15257.373s][info][gc,heap        ] GC(33371) PSYoungGen: 83552K(84480K)->352K(84480K) Eden: 81920K(81920K)->0K(81920K) From: 1632K(2560K)->352K(2560K)
[15257.373s][info][gc,heap        ] GC(33371) ParOldGen: 166791K(175104K)->166847K(175104K)
[15257.373s][info][gc,metaspace   ] GC(33371) Metaspace: 62350K(62592K)->62350K(62592K) NonClass: 53313K(53504K)->53313K(53504K) Class: 9037K(9088K)->9037K(9088K)
[15257.374s][info][gc             ] GC(33371) Pause Young (Allocation Failure) 244M->163M(253M) 1.753ms
[15257.374s][info][gc,cpu         ] GC(33371) User=0.00s Sys=0.00s Real=0.00s
[15257.813s][info][gc,start       ] GC(33372) Pause Young (Allocation Failure)
[15257.815s][info][gc,heap        ] GC(33372) PSYoungGen: 82272K(84480K)->960K(84480K) Eden: 81920K(81920K)->0K(81920K) From: 352K(2560K)->960K(2560K)
[15257.815s][info][gc,heap        ] GC(33372) ParOldGen: 166847K(175104K)->166951K(175104K)
[15257.815s][info][gc,metaspace   ] GC(33372) Metaspace: 62350K(62592K)->62350K(62592K) NonClass: 53313K(53504K)->53313K(53504K) Class: 9037K(9088K)->9037K(9088K)
[15257.815s][info][gc             ] GC(33372) Pause Young (Allocation Failure) 243M->163M(253M) 2.397ms
[15257.815s][info][gc,cpu         ] GC(33372) User=0.00s Sys=0.00s Real=0.01s
[15258.252s][info][gc,start       ] GC(33373) Pause Young (Allocation Failure)
[15258.255s][info][gc,heap        ] GC(33373) PSYoungGen: 82880K(84480K)->1568K(84480K) Eden: 81920K(81920K)->0K(81920K) From: 960K(2560K)->1568K(2560K)
[15258.255s][info][gc,heap        ] GC(33373) ParOldGen: 166951K(175104K)->166999K(175104K)
[15258.255s][info][gc,metaspace   ] GC(33373) Metaspace: 62350K(62592K)->62350K(62592K) NonClass: 53313K(53504K)->53313K(53504K) Class: 9037K(9088K)->9037K(9088K)
[15258.255s][info][gc             ] GC(33373) Pause Young (Allocation Failure) 243M->164M(253M) 2.977ms
[15258.255s][info][gc,cpu         ] GC(33373) User=0.01s Sys=0.00s Real=0.01s
[15258.663s][info][gc,start       ] GC(33374) Pause Young (Allocation Failure)
[15258.664s][info][gc,heap        ] GC(33374) PSYoungGen: 83488K(84480K)->1216K(84480K) Eden: 81920K(81920K)->0K(81920K) From: 1568K(2560K)->1216K(2560K)
[15258.664s][info][gc,heap        ] GC(33374) ParOldGen: 166999K(175104K)->167055K(175104K)
[15258.664s][info][gc,metaspace   ] GC(33374) Metaspace: 62350K(62592K)->62350K(62592K) NonClass: 53313K(53504K)->53313K(53504K) Class: 9037K(9088K)->9037K(9088K)
[15258.664s][info][gc             ] GC(33374) Pause Young (Allocation Failure) 244M->164M(253M) 1.710ms
[15258.664s][info][gc,cpu         ] GC(33374) User=0.00s Sys=0.00s Real=0.01s
[15259.102s][info][gc,start       ] GC(33375) Pause Young (Allocation Failure)
[15259.105s][info][gc,heap        ] GC(33375) PSYoungGen: 83136K(84480K)->832K(84480K) Eden: 81920K(81920K)->0K(81920K) From: 1216K(2560K)->832K(2560K)
[15259.105s][info][gc,heap        ] GC(33375) ParOldGen: 167055K(175104K)->168127K(175104K)
[15259.105s][info][gc,metaspace   ] GC(33375) Metaspace: 62350K(62592K)->62350K(62592K) NonClass: 53313K(53504K)->53313K(53504K) Class: 9037K(9088K)->9037K(9088K)
[15259.105s][info][gc             ] GC(33375) Pause Young (Allocation Failure) 244M->164M(253M) 2.390ms
[15259.105s][info][gc,cpu         ] GC(33375) User=0.00s Sys=0.00s Real=0.01s
[15259.531s][info][gc,start       ] GC(33376) Pause Young (Allocation Failure)
[15259.533s][info][gc,heap        ] GC(33376) PSYoungGen: 82752K(84480K)->1216K(84480K) Eden: 81920K(81920K)->0K(81920K) From: 832K(2560K)->1216K(2560K)
[15259.533s][info][gc,heap        ] GC(33376) ParOldGen: 168127K(175104K)->168183K(175104K)
[15259.533s][info][gc,metaspace   ] GC(33376) Metaspace: 62350K(62592K)->62350K(62592K) NonClass: 53313K(53504K)->53313K(53504K) Class: 9037K(9088K)->9037K(9088K)
[15259.533s][info][gc             ] GC(33376) Pause Young (Allocation Failure) 244M->165M(253M) 2.581ms
[15259.533s][info][gc,cpu         ] GC(33376) User=0.01s Sys=0.00s Real=0.00s
[15259.964s][info][gc,start       ] GC(33377) Pause Young (Allocation Failure)
[15259.966s][info][gc,heap        ] GC(33377) PSYoungGen: 83136K(84480K)->224K(84480K) Eden: 81920K(81920K)->0K(81920K) From: 1216K(2560K)->224K(2560K)
[15259.966s][info][gc,heap        ] GC(33377) ParOldGen: 168183K(175104K)->168239K(175104K)
[15259.966s][info][gc,metaspace   ] GC(33377) Metaspace: 62350K(62592K)->62350K(62592K) NonClass: 53313K(53504K)->53313K(53504K) Class: 9037K(9088K)->9037K(9088K)
[15259.966s][info][gc             ] GC(33377) Pause Young (Allocation Failure) 245M->164M(253M) 1.623ms
[15259.966s][info][gc,cpu         ] GC(33377) User=0.01s Sys=0.00s Real=0.01s
[15260.460s][info][gc,start       ] GC(33378) Pause Young (Allocation Failure)
[15260.462s][info][gc,heap        ] GC(33378) PSYoungGen: 82144K(84480K)->1472K(84480K) Eden: 81920K(81920K)->0K(81920K) From: 224K(2560K)->1472K(2560K)
[15260.463s][info][gc,heap        ] GC(33378) ParOldGen: 168239K(175104K)->168295K(175104K)
[15260.463s][info][gc,metaspace   ] GC(33378) Metaspace: 62350K(62592K)->62350K(62592K) NonClass: 53313K(53504K)->53313K(53504K) Class: 9037K(9088K)->9037K(9088K)
[15260.463s][info][gc             ] GC(33378) Pause Young (Allocation Failure) 244M->165M(253M) 2.852ms
[15260.463s][info][gc,cpu         ] GC(33378) User=0.00s Sys=0.00s Real=0.00s
[15260.945s][info][gc,start       ] GC(33379) Pause Young (Allocation Failure)
[15260.947s][info][gc,heap        ] GC(33379) PSYoungGen: 83392K(84480K)->1216K(84480K) Eden: 81920K(81920K)->0K(81920K) From: 1472K(2560K)->1216K(2560K)
[15260.947s][info][gc,heap        ] GC(33379) ParOldGen: 168295K(175104K)->168343K(175104K)
[15260.947s][info][gc,metaspace   ] GC(33379) Metaspace: 62350K(62592K)->62350K(62592K) NonClass: 53313K(53504K)->53313K(53504K) Class: 9037K(9088K)->9037K(9088K)
[15260.947s][info][gc             ] GC(33379) Pause Young (Allocation Failure) 245M->165M(253M) 2.632ms
[15260.947s][info][gc,cpu         ] GC(33379) User=0.01s Sys=0.00s Real=0.00s
[15261.466s][info][gc,start       ] GC(33380) Pause Young (Allocation Failure)
[15261.467s][info][gc,heap        ] GC(33380) PSYoungGen: 83136K(84480K)->256K(84480K) Eden: 81920K(81920K)->0K(81920K) From: 1216K(2560K)->256K(2560K)
[15261.467s][info][gc,heap        ] GC(33380) ParOldGen: 168343K(175104K)->168399K(175104K)
[15261.467s][info][gc,metaspace   ] GC(33380) Metaspace: 62350K(62592K)->62350K(62592K) NonClass: 53313K(53504K)->53313K(53504K) Class: 9037K(9088K)->9037K(9088K)
[15261.467s][info][gc             ] GC(33380) Pause Young (Allocation Failure) 245M->164M(253M) 1.622ms
[15261.467s][info][gc,cpu         ] GC(33380) User=0.01s Sys=0.01s Real=0.00s
[15261.919s][info][gc,start       ] GC(33381) Pause Young (Allocation Failure)
[15261.922s][info][gc,heap        ] GC(33381) PSYoungGen: 82176K(84480K)->1056K(84480K) Eden: 81920K(81920K)->0K(81920K) From: 256K(2560K)->1056K(2560K)
[15261.922s][info][gc,heap        ] GC(33381) ParOldGen: 168399K(175104K)->168455K(175104K)
[15261.922s][info][gc,metaspace   ] GC(33381) Metaspace: 62350K(62592K)->62350K(62592K) NonClass: 53313K(53504K)->53313K(53504K) Class: 9037K(9088K)->9037K(9088K)
[15261.922s][info][gc             ] GC(33381) Pause Young (Allocation Failure) 244M->165M(253M) 2.473ms
[15261.922s][info][gc,cpu         ] GC(33381) User=0.00s Sys=0.00s Real=0.00s
[15262.380s][info][gc,start       ] GC(33382) Pause Young (Allocation Failure)
[15262.382s][info][gc,heap        ] GC(33382) PSYoungGen: 82976K(84480K)->480K(84480K) Eden: 81920K(81920K)->0K(81920K) From: 1056K(2560K)->480K(2560K)
[15262.382s][info][gc,heap        ] GC(33382) ParOldGen: 168455K(175104K)->168503K(175104K)
[15262.382s][info][gc,metaspace   ] GC(33382) Metaspace: 62350K(62592K)->62350K(62592K) NonClass: 53313K(53504K)->53313K(53504K) Class: 9037K(9088K)->9037K(9088K)
[15262.382s][info][gc             ] GC(33382) Pause Young (Allocation Failure) 245M->165M(253M) 1.961ms
[15262.382s][info][gc,cpu         ] GC(33382) User=0.00s Sys=0.00s Real=0.00s
[15262.870s][info][gc,start       ] GC(33383) Pause Young (Allocation Failure)
[15262.872s][info][gc,heap        ] GC(33383) PSYoungGen: 82400K(84480K)->288K(84480K) Eden: 81920K(81920K)->0K(81920K) From: 480K(2560K)->288K(2560K)
[15262.872s][info][gc,heap        ] GC(33383) ParOldGen: 168503K(175104K)->168559K(175104K)
[15262.872s][info][gc,metaspace   ] GC(33383) Metaspace: 62350K(62592K)->62350K(62592K) NonClass: 53313K(53504K)->53313K(53504K) Class: 9037K(9088K)->9037K(9088K)
[15262.872s][info][gc             ] GC(33383) Pause Young (Allocation Failure) 245M->164M(253M) 1.677ms
[15262.872s][info][gc,cpu         ] GC(33383) User=0.00s Sys=0.00s Real=0.00s
[15263.342s][info][gc,start       ] GC(33384) Pause Young (Allocation Failure)
[15263.344s][info][gc,heap        ] GC(33384) PSYoungGen: 82208K(84480K)->1216K(84480K) Eden: 81920K(81920K)->0K(81920K) From: 288K(2560K)->1216K(2560K)
[15263.344s][info][gc,heap        ] GC(33384) ParOldGen: 168559K(175104K)->168615K(175104K)
[15263.344s][info][gc,metaspace   ] GC(33384) Metaspace: 62350K(62592K)->62350K(62592K) NonClass: 53313K(53504K)->53313K(53504K) Class: 9037K(9088K)->9037K(9088K)
[15263.344s][info][gc             ] GC(33384) Pause Young (Allocation Failure) 244M->165M(253M) 2.670ms
[15263.344s][info][gc,cpu         ] GC(33384) User=0.00s Sys=0.00s Real=0.01s
[15263.793s][info][gc,start       ] GC(33385) Pause Young (Allocation Failure)
[15263.795s][info][gc,heap        ] GC(33385) PSYoungGen: 83136K(84480K)->1664K(84480K) Eden: 81920K(81920K)->0K(81920K) From: 1216K(2560K)->1664K(2560K)
[15263.795s][info][gc,heap        ] GC(33385) ParOldGen: 168615K(175104K)->169687K(175104K)
[15263.795s][info][gc,metaspace   ] GC(33385) Metaspace: 62350K(62592K)->62350K(62592K) NonClass: 53313K(53504K)->53313K(53504K) Class: 9037K(9088K)->9037K(9088K)
[15263.795s][info][gc             ] GC(33385) Pause Young (Allocation Failure) 245M->167M(253M) 2.377ms
[15263.795s][info][gc,cpu         ] GC(33385) User=0.00s Sys=0.00s Real=0.01s
[15264.214s][info][gc,start       ] GC(33386) Pause Young (Allocation Failure)
[15264.216s][info][gc,heap        ] GC(33386) PSYoungGen: 83584K(84480K)->1024K(84480K) Eden: 81920K(81920K)->0K(81920K) From: 1664K(2560K)->1024K(2560K)
[15264.216s][info][gc,heap        ] GC(33386) ParOldGen: 169687K(175104K)->170759K(175104K)
[15264.216s][info][gc,metaspace   ] GC(33386) Metaspace: 62350K(62592K)->62350K(62592K) NonClass: 53313K(53504K)->53313K(53504K) Class: 9037K(9088K)->9037K(9088K)
[15264.216s][info][gc             ] GC(33386) Pause Young (Allocation Failure) 247M->167M(253M) 2.538ms
[15264.216s][info][gc,cpu         ] GC(33386) User=0.01s Sys=0.00s Real=0.01s
[15264.666s][info][gc,start       ] GC(33387) Pause Young (Allocation Failure)
[15264.667s][info][gc,heap        ] GC(33387) PSYoungGen: 82944K(84480K)->256K(84480K) Eden: 81920K(81920K)->0K(81920K) From: 1024K(2560K)->256K(2560K)
[15264.667s][info][gc,heap        ] GC(33387) ParOldGen: 170759K(175104K)->170815K(175104K)
[15264.667s][info][gc,metaspace   ] GC(33387) Metaspace: 62350K(62592K)->62350K(62592K) NonClass: 53313K(53504K)->53313K(53504K) Class: 9037K(9088K)->9037K(9088K)
[15264.667s][info][gc             ] GC(33387) Pause Young (Allocation Failure) 247M->167M(253M) 1.672ms
[15264.667s][info][gc,cpu         ] GC(33387) User=0.01s Sys=0.00s Real=0.00s
[15265.183s][info][gc,start       ] GC(33388) Pause Young (Allocation Failure)
[15265.184s][info][gc,heap        ] GC(33388) PSYoungGen: 82176K(84480K)->544K(84480K) Eden: 81920K(81920K)->0K(81920K) From: 256K(2560K)->544K(2560K)
[15265.184s][info][gc,heap        ] GC(33388) ParOldGen: 170815K(175104K)->170871K(175104K)
[15265.184s][info][gc,metaspace   ] GC(33388) Metaspace: 62350K(62592K)->62350K(62592K) NonClass: 53313K(53504K)->53313K(53504K) Class: 9037K(9088K)->9037K(9088K)
[15265.185s][info][gc             ] GC(33388) Pause Young (Allocation Failure) 247M->167M(253M) 1.935ms
[15265.185s][info][gc,cpu         ] GC(33388) User=0.01s Sys=0.00s Real=0.01s
[15265.606s][info][gc,start       ] GC(33389) Pause Young (Allocation Failure)
[15265.608s][info][gc,heap        ] GC(33389) PSYoungGen: 82464K(84480K)->832K(84992K) Eden: 81920K(81920K)->0K(82432K) From: 544K(2560K)->832K(2560K)
[15265.608s][info][gc,heap        ] GC(33389) ParOldGen: 170871K(175104K)->170975K(175104K)
[15265.608s][info][gc,metaspace   ] GC(33389) Metaspace: 62350K(62592K)->62350K(62592K) NonClass: 53313K(53504K)->53313K(53504K) Class: 9037K(9088K)->9037K(9088K)
[15265.608s][info][gc             ] GC(33389) Pause Young (Allocation Failure) 247M->167M(254M) 2.260ms
[15265.608s][info][gc,cpu         ] GC(33389) User=0.00s Sys=0.00s Real=0.00s
[15266.083s][info][gc,start       ] GC(33390) Pause Young (Allocation Failure)
[15266.085s][info][gc,heap        ] GC(33390) PSYoungGen: 83264K(84992K)->480K(84480K) Eden: 82432K(82432K)->0K(82432K) From: 832K(2560K)->480K(2048K)
[15266.085s][info][gc,heap        ] GC(33390) ParOldGen: 170975K(175104K)->171023K(175104K)
[15266.085s][info][gc,metaspace   ] GC(33390) Metaspace: 62350K(62592K)->62350K(62592K) NonClass: 53313K(53504K)->53313K(53504K) Class: 9037K(9088K)->9037K(9088K)
[15266.085s][info][gc             ] GC(33390) Pause Young (Allocation Failure) 248M->167M(253M) 1.874ms
[15266.085s][info][gc,cpu         ] GC(33390) User=0.00s Sys=0.00s Real=0.01s
[15266.568s][info][gc,start       ] GC(33391) Pause Young (Allocation Failure)
[15266.569s][info][gc,heap        ] GC(33391) PSYoungGen: 82912K(84480K)->256K(84992K) Eden: 82432K(82432K)->0K(82944K) From: 480K(2048K)->256K(2048K)
[15266.569s][info][gc,heap        ] GC(33391) ParOldGen: 171023K(175104K)->171071K(175104K)
[15266.569s][info][gc,metaspace   ] GC(33391) Metaspace: 62350K(62592K)->62350K(62592K) NonClass: 53313K(53504K)->53313K(53504K) Class: 9037K(9088K)->9037K(9088K)
[15266.569s][info][gc             ] GC(33391) Pause Young (Allocation Failure) 247M->167M(254M) 1.613ms
[15266.569s][info][gc,cpu         ] GC(33391) User=0.00s Sys=0.00s Real=0.00s
[15267.056s][info][gc,start       ] GC(33392) Pause Young (Allocation Failure)
[15267.059s][info][gc,heap        ] GC(33392) PSYoungGen: 83200K(84992K)->1472K(84480K) Eden: 82944K(82944K)->0K(82944K) From: 256K(2048K)->1472K(1536K)
[15267.059s][info][gc,heap        ] GC(33392) ParOldGen: 171071K(175104K)->171127K(175104K)
[15267.059s][info][gc,metaspace   ] GC(33392) Metaspace: 62350K(62592K)->62350K(62592K) NonClass: 53313K(53504K)->53313K(53504K) Class: 9037K(9088K)->9037K(9088K)
[15267.059s][info][gc             ] GC(33392) Pause Young (Allocation Failure) 248M->168M(253M) 2.862ms
[15267.059s][info][gc,cpu         ] GC(33392) User=0.01s Sys=0.00s Real=0.00s
[15267.535s][info][gc,start       ] GC(33393) Pause Young (Allocation Failure)
[15267.538s][info][gc,heap        ] GC(33393) PSYoungGen: 84416K(84480K)->1152K(84480K) Eden: 82944K(82944K)->0K(81920K) From: 1472K(1536K)->1152K(2560K)
[15267.538s][info][gc,heap        ] GC(33393) ParOldGen: 171127K(175104K)->171175K(175104K)
[15267.538s][info][gc,metaspace   ] GC(33393) Metaspace: 62350K(62592K)->62350K(62592K) NonClass: 53313K(53504K)->53313K(53504K) Class: 9037K(9088K)->9037K(9088K)
[15267.538s][info][gc             ] GC(33393) Pause Young (Allocation Failure) 249M->168M(253M) 2.516ms
[15267.538s][info][gc,cpu         ] GC(33393) User=0.00s Sys=0.00s Real=0.00s
[15268.000s][info][gc,start       ] GC(33394) Pause Young (Allocation Failure)
[15268.002s][info][gc,heap        ] GC(33394) PSYoungGen: 83071K(84480K)->768K(84480K) Eden: 81919K(81920K)->0K(81920K) From: 1152K(2560K)->768K(2560K)
[15268.002s][info][gc,heap        ] GC(33394) ParOldGen: 171175K(175104K)->171231K(175104K)
[15268.002s][info][gc,metaspace   ] GC(33394) Metaspace: 62350K(62592K)->62350K(62592K) NonClass: 53313K(53504K)->53313K(53504K) Class: 9037K(9088K)->9037K(9088K)
[15268.002s][info][gc             ] GC(33394) Pause Young (Allocation Failure) 248M->167M(253M) 2.174ms
[15268.002s][info][gc,cpu         ] GC(33394) User=0.01s Sys=0.00s Real=0.00s
[15268.479s][info][gc,start       ] GC(33395) Pause Young (Allocation Failure)
[15268.481s][info][gc,heap        ] GC(33395) PSYoungGen: 82688K(84480K)->416K(84992K) Eden: 81920K(81920K)->0K(82944K) From: 768K(2560K)->416K(2048K)
[15268.481s][info][gc,heap        ] GC(33395) ParOldGen: 171231K(175104K)->171287K(175104K)
[15268.481s][info][gc,metaspace   ] GC(33395) Metaspace: 62350K(62592K)->62350K(62592K) NonClass: 53313K(53504K)->53313K(53504K) Class: 9037K(9088K)->9037K(9088K)
[15268.481s][info][gc             ] GC(33395) Pause Young (Allocation Failure) 247M->167M(254M) 1.798ms
[15268.481s][info][gc,cpu         ] GC(33395) User=0.00s Sys=0.00s Real=0.00s
[15268.942s][info][gc,start       ] GC(33396) Pause Young (Allocation Failure)
[15268.945s][info][gc,heap        ] GC(33396) PSYoungGen: 83360K(84992K)->2016K(84992K) Eden: 82944K(82944K)->0K(82944K) From: 416K(2048K)->2016K(2048K)
[15268.945s][info][gc,heap        ] GC(33396) ParOldGen: 171287K(175104K)->171591K(175104K)
[15268.945s][info][gc,metaspace   ] GC(33396) Metaspace: 62350K(62592K)->62350K(62592K) NonClass: 53313K(53504K)->53313K(53504K) Class: 9037K(9088K)->9037K(9088K)
[15268.945s][info][gc             ] GC(33396) Pause Young (Allocation Failure) 248M->169M(254M) 2.846ms
[15268.945s][info][gc,cpu         ] GC(33396) User=0.00s Sys=0.00s Real=0.01s
[15269.450s][info][gc,start       ] GC(33397) Pause Young (Allocation Failure)
[15269.452s][info][gc,heap        ] GC(33397) PSYoungGen: 84960K(84992K)->1312K(83968K) Eden: 82944K(82944K)->0K(81920K) From: 2016K(2048K)->1312K(2048K)
[15269.453s][info][gc,heap        ] GC(33397) ParOldGen: 171591K(175104K)->172623K(175104K)
[15269.453s][info][gc,metaspace   ] GC(33397) Metaspace: 62350K(62592K)->62350K(62592K) NonClass: 53313K(53504K)->53313K(53504K) Class: 9037K(9088K)->9037K(9088K)
[15269.453s][info][gc             ] GC(33397) Pause Young (Allocation Failure) 250M->169M(253M) 2.975ms
[15269.453s][info][gc,cpu         ] GC(33397) User=0.01s Sys=0.00s Real=0.00s
[15269.939s][info][gc,start       ] GC(33398) Pause Young (Allocation Failure)
[15269.942s][info][gc,heap        ] GC(33398) PSYoungGen: 83232K(83968K)->1184K(84480K) Eden: 81920K(81920K)->0K(81920K) From: 1312K(2048K)->1184K(2560K)
[15269.942s][info][gc,heap        ] GC(33398) ParOldGen: 172623K(175104K)->172679K(175104K)
[15269.942s][info][gc,metaspace   ] GC(33398) Metaspace: 62350K(62592K)->62350K(62592K) NonClass: 53313K(53504K)->53313K(53504K) Class: 9037K(9088K)->9037K(9088K)
[15269.942s][info][gc             ] GC(33398) Pause Young (Allocation Failure) 249M->169M(253M) 2.579ms
[15269.942s][info][gc,cpu         ] GC(33398) User=0.00s Sys=0.00s Real=0.00s
[15270.430s][info][gc,start       ] GC(33399) Pause Young (Allocation Failure)
[15270.433s][info][gc,heap        ] GC(33399) PSYoungGen: 83104K(84480K)->1184K(84480K) Eden: 81920K(81920K)->0K(81920K) From: 1184K(2560K)->1184K(2560K)
[15270.433s][info][gc,heap        ] GC(33399) ParOldGen: 172679K(175104K)->172735K(175104K)
[15270.433s][info][gc,metaspace   ] GC(33399) Metaspace: 62350K(62592K)->62350K(62592K) NonClass: 53313K(53504K)->53313K(53504K) Class: 9037K(9088K)->9037K(9088K)
[15270.433s][info][gc             ] GC(33399) Pause Young (Allocation Failure) 249M->169M(253M) 2.629ms
[15270.433s][info][gc,cpu         ] GC(33399) User=0.00s Sys=0.01s Real=0.00s
[15270.859s][info][gc,start       ] GC(33400) Pause Young (Allocation Failure)
[15270.862s][info][gc,heap        ] GC(33400) PSYoungGen: 83104K(84480K)->1664K(84480K) Eden: 81920K(81920K)->0K(81920K) From: 1184K(2560K)->1664K(2560K)
[15270.862s][info][gc,heap        ] GC(33400) ParOldGen: 172735K(175104K)->172791K(175104K)
[15270.862s][info][gc,metaspace   ] GC(33400) Metaspace: 62350K(62592K)->62350K(62592K) NonClass: 53313K(53504K)->53313K(53504K) Class: 9037K(9088K)->9037K(9088K)
[15270.862s][info][gc             ] GC(33400) Pause Young (Allocation Failure) 249M->170M(253M) 3.029ms
[15270.862s][info][gc,cpu         ] GC(33400) User=0.00s Sys=0.00s Real=0.00s
[15271.309s][info][gc,start       ] GC(33401) Pause Young (Allocation Failure)
[15271.311s][info][gc,heap        ] GC(33401) PSYoungGen: 83584K(84480K)->896K(84480K) Eden: 81920K(81920K)->0K(81920K) From: 1664K(2560K)->896K(2560K)
[15271.311s][info][gc,heap        ] GC(33401) ParOldGen: 172791K(175104K)->172847K(175104K)
[15271.311s][info][gc,metaspace   ] GC(33401) Metaspace: 62350K(62592K)->62350K(62592K) NonClass: 53313K(53504K)->53313K(53504K) Class: 9037K(9088K)->9037K(9088K)
[15271.311s][info][gc             ] GC(33401) Pause Young (Allocation Failure) 250M->169M(253M) 2.278ms
[15271.311s][info][gc,cpu         ] GC(33401) User=0.00s Sys=0.00s Real=0.00s
[15271.768s][info][gc,start       ] GC(33402) Pause Young (Allocation Failure)
[15271.770s][info][gc,heap        ] GC(33402) PSYoungGen: 82816K(84480K)->256K(84480K) Eden: 81920K(81920K)->0K(81920K) From: 896K(2560K)->256K(2560K)
[15271.770s][info][gc,heap        ] GC(33402) ParOldGen: 172847K(175104K)->172903K(175104K)
[15271.770s][info][gc,metaspace   ] GC(33402) Metaspace: 62350K(62592K)->62350K(62592K) NonClass: 53313K(53504K)->53313K(53504K) Class: 9037K(9088K)->9037K(9088K)
[15271.770s][info][gc             ] GC(33402) Pause Young (Allocation Failure) 249M->169M(253M) 1.663ms
[15271.770s][info][gc,cpu         ] GC(33402) User=0.01s Sys=0.00s Real=0.00s
[15272.208s][info][gc,start       ] GC(33403) Pause Young (Allocation Failure)
[15272.211s][info][gc,heap        ] GC(33403) PSYoungGen: 82176K(84480K)->864K(84480K) Eden: 81920K(81920K)->0K(81920K) From: 256K(2560K)->864K(2560K)
[15272.211s][info][gc,heap        ] GC(33403) ParOldGen: 172903K(175104K)->172959K(175104K)
[15272.211s][info][gc,metaspace   ] GC(33403) Metaspace: 62350K(62592K)->62350K(62592K) NonClass: 53313K(53504K)->53313K(53504K) Class: 9037K(9088K)->9037K(9088K)
[15272.211s][info][gc             ] GC(33403) Pause Young (Allocation Failure) 249M->169M(253M) 2.285ms
[15272.211s][info][gc,cpu         ] GC(33403) User=0.01s Sys=0.00s Real=0.00s
[15272.644s][info][gc,start       ] GC(33404) Pause Young (Allocation Failure)
[15272.646s][info][gc,heap        ] GC(33404) PSYoungGen: 82784K(84480K)->1440K(84480K) Eden: 81920K(81920K)->0K(81920K) From: 864K(2560K)->1440K(2560K)
[15272.646s][info][gc,heap        ] GC(33404) ParOldGen: 172959K(175104K)->173007K(175104K)
[15272.646s][info][gc,metaspace   ] GC(33404) Metaspace: 62350K(62592K)->62350K(62592K) NonClass: 53313K(53504K)->53313K(53504K) Class: 9037K(9088K)->9037K(9088K)
[15272.646s][info][gc             ] GC(33404) Pause Young (Allocation Failure) 249M->170M(253M) 2.811ms
[15272.646s][info][gc,cpu         ] GC(33404) User=0.00s Sys=0.00s Real=0.01s
[15273.143s][info][gc,start       ] GC(33405) Pause Young (Allocation Failure)
[15273.146s][info][gc,heap        ] GC(33405) PSYoungGen: 83360K(84480K)->1472K(84480K) Eden: 81920K(81920K)->0K(81920K) From: 1440K(2560K)->1472K(2560K)
[15273.146s][info][gc,heap        ] GC(33405) ParOldGen: 173007K(175104K)->173055K(175104K)
[15273.146s][info][gc,metaspace   ] GC(33405) Metaspace: 62350K(62592K)->62350K(62592K) NonClass: 53313K(53504K)->53313K(53504K) Class: 9037K(9088K)->9037K(9088K)
[15273.146s][info][gc             ] GC(33405) Pause Young (Allocation Failure) 250M->170M(253M) 2.835ms
[15273.146s][info][gc,cpu         ] GC(33405) User=0.00s Sys=0.00s Real=0.01s
[15273.609s][info][gc,start       ] GC(33406) Pause Young (Allocation Failure)
[15273.612s][info][gc,heap        ] GC(33406) PSYoungGen: 83392K(84480K)->1792K(84480K) Eden: 81920K(81920K)->0K(81920K) From: 1472K(2560K)->1792K(2560K)
[15273.612s][info][gc,heap        ] GC(33406) ParOldGen: 173055K(175104K)->173159K(175104K)
[15273.612s][info][gc,metaspace   ] GC(33406) Metaspace: 62350K(62592K)->62350K(62592K) NonClass: 53313K(53504K)->53313K(53504K) Class: 9037K(9088K)->9037K(9088K)
[15273.612s][info][gc             ] GC(33406) Pause Young (Allocation Failure) 250M->170M(253M) 2.344ms
[15273.612s][info][gc,cpu         ] GC(33406) User=0.01s Sys=0.00s Real=0.00s
[15274.142s][info][gc,start       ] GC(33407) Pause Young (Allocation Failure)
[15274.145s][info][gc,heap        ] GC(33407) PSYoungGen: 83712K(84480K)->1088K(84480K) Eden: 81920K(81920K)->0K(81920K) From: 1792K(2560K)->1088K(2560K)
[15274.145s][info][gc,heap        ] GC(33407) ParOldGen: 173159K(175104K)->174239K(175104K)
[15274.145s][info][gc,metaspace   ] GC(33407) Metaspace: 62350K(62592K)->62350K(62592K) NonClass: 53313K(53504K)->53313K(53504K) Class: 9037K(9088K)->9037K(9088K)
[15274.145s][info][gc             ] GC(33407) Pause Young (Allocation Failure) 250M->171M(253M) 2.972ms
[15274.145s][info][gc,cpu         ] GC(33407) User=0.01s Sys=0.00s Real=0.01s
[15274.628s][info][gc,start       ] GC(33408) Pause Young (Allocation Failure)
[15274.631s][info][gc,heap        ] GC(33408) PSYoungGen: 83008K(84480K)->1184K(84480K) Eden: 81920K(81920K)->0K(81920K) From: 1088K(2560K)->1184K(2560K)
[15274.631s][info][gc,heap        ] GC(33408) ParOldGen: 174239K(175104K)->174287K(175104K)
[15274.631s][info][gc,metaspace   ] GC(33408) Metaspace: 62350K(62592K)->62350K(62592K) NonClass: 53313K(53504K)->53313K(53504K) Class: 9037K(9088K)->9037K(9088K)
[15274.631s][info][gc             ] GC(33408) Pause Young (Allocation Failure) 251M->171M(253M) 2.629ms
[15274.631s][info][gc,cpu         ] GC(33408) User=0.00s Sys=0.00s Real=0.00s
[15275.068s][info][gc,start       ] GC(33409) Pause Young (Allocation Failure)
[15275.070s][info][gc,heap        ] GC(33409) PSYoungGen: 83104K(84480K)->256K(84480K) Eden: 81920K(81920K)->0K(81920K) From: 1184K(2560K)->256K(2560K)
[15275.070s][info][gc,heap        ] GC(33409) ParOldGen: 174287K(175104K)->174343K(175104K)
[15275.070s][info][gc,metaspace   ] GC(33409) Metaspace: 62350K(62592K)->62350K(62592K) NonClass: 53313K(53504K)->53313K(53504K) Class: 9037K(9088K)->9037K(9088K)
[15275.070s][info][gc             ] GC(33409) Pause Young (Allocation Failure) 251M->170M(253M) 1.684ms
[15275.070s][info][gc,cpu         ] GC(33409) User=0.01s Sys=0.00s Real=0.00s
[15275.504s][info][gc,start       ] GC(33410) Pause Young (Allocation Failure)
[15275.506s][info][gc,heap        ] GC(33410) PSYoungGen: 82176K(84480K)->832K(84480K) Eden: 81920K(81920K)->0K(81920K) From: 256K(2560K)->832K(2560K)
[15275.506s][info][gc,heap        ] GC(33410) ParOldGen: 174343K(175104K)->174391K(175104K)
[15275.506s][info][gc,metaspace   ] GC(33410) Metaspace: 62350K(62592K)->62350K(62592K) NonClass: 53313K(53504K)->53313K(53504K) Class: 9037K(9088K)->9037K(9088K)
[15275.506s][info][gc             ] GC(33410) Pause Young (Allocation Failure) 250M->171M(253M) 2.210ms
[15275.506s][info][gc,cpu         ] GC(33410) User=0.01s Sys=0.00s Real=0.01s
[15275.990s][info][gc,start       ] GC(33411) Pause Young (Allocation Failure)
[15275.992s][info][gc,heap        ] GC(33411) PSYoungGen: 82752K(84480K)->576K(84480K) Eden: 81920K(81920K)->0K(81920K) From: 832K(2560K)->576K(2560K)
[15275.992s][info][gc,heap        ] GC(33411) ParOldGen: 174391K(175104K)->174439K(175104K)
[15275.992s][info][gc,metaspace   ] GC(33411) Metaspace: 62350K(62592K)->62350K(62592K) NonClass: 53313K(53504K)->53313K(53504K) Class: 9037K(9088K)->9037K(9088K)
[15275.992s][info][gc             ] GC(33411) Pause Young (Allocation Failure) 251M->170M(253M) 2.017ms
[15275.993s][info][gc,cpu         ] GC(33411) User=0.00s Sys=0.00s Real=0.00s
[15276.485s][info][gc,start       ] GC(33412) Pause Young (Allocation Failure)
[15276.487s][info][gc,heap        ] GC(33412) PSYoungGen: 82496K(84480K)->480K(84480K) Eden: 81920K(81920K)->0K(81920K) From: 576K(2560K)->480K(2560K)
[15276.487s][info][gc,heap        ] GC(33412) ParOldGen: 174439K(175104K)->174495K(175104K)
[15276.487s][info][gc,metaspace   ] GC(33412) Metaspace: 62350K(62592K)->62350K(62592K) NonClass: 53313K(53504K)->53313K(53504K) Class: 9037K(9088K)->9037K(9088K)
[15276.487s][info][gc             ] GC(33412) Pause Young (Allocation Failure) 250M->170M(253M) 1.845ms
[15276.487s][info][gc,cpu         ] GC(33412) User=0.01s Sys=0.00s Real=0.00s
[15276.974s][info][gc,start       ] GC(33413) Pause Young (Allocation Failure)
[15276.975s][info][gc,heap        ] GC(33413) PSYoungGen: 82400K(84480K)->352K(84480K) Eden: 81920K(81920K)->0K(81920K) From: 480K(2560K)->352K(2560K)
[15276.975s][info][gc,heap        ] GC(33413) ParOldGen: 174495K(175104K)->174551K(175104K)
[15276.975s][info][gc,metaspace   ] GC(33413) Metaspace: 62350K(62592K)->62350K(62592K) NonClass: 53313K(53504K)->53313K(53504K) Class: 9037K(9088K)->9037K(9088K)
[15276.975s][info][gc             ] GC(33413) Pause Young (Allocation Failure) 250M->170M(253M) 1.776ms
[15276.975s][info][gc,cpu         ] GC(33413) User=0.01s Sys=0.00s Real=0.01s
[15277.455s][info][gc,start       ] GC(33414) Pause Young (Allocation Failure)
[15277.458s][info][gc,heap        ] GC(33414) PSYoungGen: 82272K(84480K)->1440K(84480K) Eden: 81920K(81920K)->0K(81920K) From: 352K(2560K)->1440K(2560K)
[15277.458s][info][gc,heap        ] GC(33414) ParOldGen: 174551K(175104K)->174599K(175104K)
[15277.458s][info][gc,metaspace   ] GC(33414) Metaspace: 62350K(62592K)->62350K(62592K) NonClass: 53313K(53504K)->53313K(53504K) Class: 9037K(9088K)->9037K(9088K)
[15277.458s][info][gc             ] GC(33414) Pause Young (Allocation Failure) 250M->171M(253M) 2.895ms
[15277.458s][info][gc,cpu         ] GC(33414) User=0.00s Sys=0.00s Real=0.00s
[15277.930s][info][gc,start       ] GC(33415) Pause Young (Allocation Failure)
[15277.932s][info][gc,heap        ] GC(33415) PSYoungGen: 83360K(84480K)->928K(84992K) Eden: 81920K(81920K)->0K(82432K) From: 1440K(2560K)->928K(2560K)
[15277.932s][info][gc,heap        ] GC(33415) ParOldGen: 174599K(175104K)->174647K(175104K)
[15277.932s][info][gc,metaspace   ] GC(33415) Metaspace: 62350K(62592K)->62350K(62592K) NonClass: 53313K(53504K)->53313K(53504K) Class: 9037K(9088K)->9037K(9088K)
[15277.932s][info][gc             ] GC(33415) Pause Young (Allocation Failure) 251M->171M(254M) 2.323ms
[15277.932s][info][gc,cpu         ] GC(33415) User=0.01s Sys=0.00s Real=0.00s
[15278.371s][info][gc,start       ] GC(33416) Pause Young (Allocation Failure)
[15278.373s][info][gc,heap        ] GC(33416) PSYoungGen: 83360K(84992K)->352K(84480K) Eden: 82432K(82432K)->0K(82432K) From: 928K(2560K)->352K(2048K)
[15278.373s][info][gc,heap        ] GC(33416) ParOldGen: 174647K(175104K)->174695K(175104K)
[15278.373s][info][gc,metaspace   ] GC(33416) Metaspace: 62350K(62592K)->62350K(62592K) NonClass: 53313K(53504K)->53313K(53504K) Class: 9037K(9088K)->9037K(9088K)
[15278.373s][info][gc             ] GC(33416) Pause Young (Allocation Failure) 251M->170M(253M) 1.773ms
[15278.373s][info][gc,cpu         ] GC(33416) User=0.01s Sys=0.00s Real=0.00s
[15278.804s][info][gc,start       ] GC(33417) Pause Young (Allocation Failure)
[15278.807s][info][gc,heap        ] GC(33417) PSYoungGen: 82784K(84480K)->1824K(83968K) Eden: 82432K(82432K)->0K(81920K) From: 352K(2048K)->1824K(2048K)
[15278.807s][info][gc,heap        ] GC(33417) ParOldGen: 174695K(175104K)->174743K(175104K)
[15278.807s][info][gc,metaspace   ] GC(33417) Metaspace: 62350K(62592K)->62350K(62592K) NonClass: 53313K(53504K)->53313K(53504K) Class: 9037K(9088K)->9037K(9088K)
[15278.807s][info][gc             ] GC(33417) Pause Young (Allocation Failure) 251M->172M(253M) 2.367ms
[15278.807s][info][gc,cpu         ] GC(33417) User=0.01s Sys=0.00s Real=0.00s
[15279.250s][info][gc,start       ] GC(33418) Pause Young (Allocation Failure)
[15279.253s][info][gc,heap        ] GC(33418) PSYoungGen: 83744K(83968K)->1280K(84480K) Eden: 81920K(81920K)->0K(81920K) From: 1824K(2048K)->1280K(2560K)
[15279.253s][info][gc,heap        ] GC(33418) ParOldGen: 174743K(175104K)->175823K(176640K)
[15279.253s][info][gc,metaspace   ] GC(33418) Metaspace: 62350K(62592K)->62350K(62592K) NonClass: 53313K(53504K)->53313K(53504K) Class: 9037K(9088K)->9037K(9088K)
[15279.253s][info][gc             ] GC(33418) Pause Young (Allocation Failure) 252M->172M(255M) 3.271ms
[15279.253s][info][gc,cpu         ] GC(33418) User=0.00s Sys=0.00s Real=0.00s
[15279.748s][info][gc,start       ] GC(33419) Pause Young (Allocation Failure)
[15279.751s][info][gc,heap        ] GC(33419) PSYoungGen: 83200K(84480K)->1344K(84480K) Eden: 81920K(81920K)->0K(81920K) From: 1280K(2560K)->1344K(2560K)
[15279.751s][info][gc,heap        ] GC(33419) ParOldGen: 175823K(176640K)->175879K(176640K)
[15279.751s][info][gc,metaspace   ] GC(33419) Metaspace: 62350K(62592K)->62350K(62592K) NonClass: 53313K(53504K)->53313K(53504K) Class: 9037K(9088K)->9037K(9088K)
[15279.751s][info][gc             ] GC(33419) Pause Young (Allocation Failure) 252M->173M(255M) 2.889ms
[15279.751s][info][gc,cpu         ] GC(33419) User=0.01s Sys=0.00s Real=0.00s
[15280.284s][info][gc,start       ] GC(33420) Pause Young (Allocation Failure)
[15280.286s][info][gc,heap        ] GC(33420) PSYoungGen: 83264K(84480K)->448K(84480K) Eden: 81920K(81920K)->0K(81920K) From: 1344K(2560K)->448K(2560K)
[15280.286s][info][gc,heap        ] GC(33420) ParOldGen: 175879K(176640K)->175935K(176640K)
[15280.286s][info][gc,metaspace   ] GC(33420) Metaspace: 62350K(62592K)->62350K(62592K) NonClass: 53313K(53504K)->53313K(53504K) Class: 9037K(9088K)->9037K(9088K)
[15280.286s][info][gc             ] GC(33420) Pause Young (Allocation Failure) 253M->172M(255M) 1.945ms
[15280.286s][info][gc,cpu         ] GC(33420) User=0.00s Sys=0.00s Real=0.01s
[15280.783s][info][gc,start       ] GC(33421) Pause Young (Allocation Failure)
[15280.785s][info][gc,heap        ] GC(33421) PSYoungGen: 82368K(84480K)->480K(84480K) Eden: 81920K(81920K)->0K(81920K) From: 448K(2560K)->480K(2560K)
[15280.785s][info][gc,heap        ] GC(33421) ParOldGen: 175935K(176640K)->175991K(176640K)
[15280.785s][info][gc,metaspace   ] GC(33421) Metaspace: 62350K(62592K)->62350K(62592K) NonClass: 53313K(53504K)->53313K(53504K) Class: 9037K(9088K)->9037K(9088K)
[15280.785s][info][gc             ] GC(33421) Pause Young (Allocation Failure) 252M->172M(255M) 1.981ms
[15280.785s][info][gc,cpu         ] GC(33421) User=0.00s Sys=0.00s Real=0.01s
[15281.318s][info][gc,start       ] GC(33422) Pause Young (Allocation Failure)
[15281.320s][info][gc,heap        ] GC(33422) PSYoungGen: 82400K(84480K)->992K(84480K) Eden: 81920K(81920K)->0K(81920K) From: 480K(2560K)->992K(2560K)
[15281.320s][info][gc,heap        ] GC(33422) ParOldGen: 175991K(176640K)->176039K(176640K)
[15281.320s][info][gc,metaspace   ] GC(33422) Metaspace: 62350K(62592K)->62350K(62592K) NonClass: 53313K(53504K)->53313K(53504K) Class: 9037K(9088K)->9037K(9088K)
[15281.320s][info][gc             ] GC(33422) Pause Young (Allocation Failure) 252M->172M(255M) 2.413ms
[15281.320s][info][gc,cpu         ] GC(33422) User=0.00s Sys=0.00s Real=0.00s
[15281.819s][info][gc,start       ] GC(33423) Pause Young (Allocation Failure)
[15281.821s][info][gc,heap        ] GC(33423) PSYoungGen: 82912K(84480K)->928K(84992K) Eden: 81920K(81920K)->0K(82432K) From: 992K(2560K)->928K(2560K)
[15281.821s][info][gc,heap        ] GC(33423) ParOldGen: 176039K(176640K)->176143K(176640K)
[15281.821s][info][gc,metaspace   ] GC(33423) Metaspace: 62350K(62592K)->62350K(62592K) NonClass: 53313K(53504K)->53313K(53504K) Class: 9037K(9088K)->9037K(9088K)
[15281.821s][info][gc             ] GC(33423) Pause Young (Allocation Failure) 252M->172M(255M) 2.417ms
[15281.821s][info][gc,cpu         ] GC(33423) User=0.00s Sys=0.00s Real=0.00s
[15282.312s][info][gc,start       ] GC(33424) Pause Young (Allocation Failure)
[15282.315s][info][gc,heap        ] GC(33424) PSYoungGen: 83360K(84992K)->832K(84480K) Eden: 82432K(82432K)->0K(82432K) From: 928K(2560K)->832K(2048K)
[15282.315s][info][gc,heap        ] GC(33424) ParOldGen: 176143K(176640K)->176191K(176640K)
[15282.315s][info][gc,metaspace   ] GC(33424) Metaspace: 62350K(62592K)->62350K(62592K) NonClass: 53313K(53504K)->53313K(53504K) Class: 9037K(9088K)->9037K(9088K)
[15282.315s][info][gc             ] GC(33424) Pause Young (Allocation Failure) 253M->172M(255M) 2.267ms
[15282.315s][info][gc,cpu         ] GC(33424) User=0.00s Sys=0.01s Real=0.01s
[15282.818s][info][gc,start       ] GC(33425) Pause Young (Allocation Failure)
[15282.820s][info][gc,heap        ] GC(33425) PSYoungGen: 83264K(84480K)->896K(84992K) Eden: 82432K(82432K)->0K(82944K) From: 832K(2048K)->896K(2048K)
[15282.820s][info][gc,heap        ] GC(33425) ParOldGen: 176191K(176640K)->176239K(176640K)
[15282.820s][info][gc,metaspace   ] GC(33425) Metaspace: 62350K(62592K)->62350K(62592K) NonClass: 53313K(53504K)->53313K(53504K) Class: 9037K(9088K)->9037K(9088K)
[15282.820s][info][gc             ] GC(33425) Pause Young (Allocation Failure) 253M->172M(255M) 2.518ms
[15282.820s][info][gc,cpu         ] GC(33425) User=0.00s Sys=0.00s Real=0.00s
[15283.314s][info][gc,start       ] GC(33426) Pause Young (Allocation Failure)
[15283.316s][info][gc,heap        ] GC(33426) PSYoungGen: 83840K(84992K)->896K(84992K) Eden: 82944K(82944K)->0K(82944K) From: 896K(2048K)->896K(2048K)
[15283.316s][info][gc,heap        ] GC(33426) ParOldGen: 176239K(176640K)->176287K(176640K)
[15283.316s][info][gc,metaspace   ] GC(33426) Metaspace: 62350K(62592K)->62350K(62592K) NonClass: 53313K(53504K)->53313K(53504K) Class: 9037K(9088K)->9037K(9088K)
[15283.316s][info][gc             ] GC(33426) Pause Young (Allocation Failure) 253M->173M(255M) 2.281ms
[15283.317s][info][gc,cpu         ] GC(33426) User=0.01s Sys=0.00s Real=0.00s
[15283.798s][info][gc,start       ] GC(33427) Pause Young (Allocation Failure)
[15283.801s][info][gc,heap        ] GC(33427) PSYoungGen: 83840K(84992K)->1696K(84992K) Eden: 82944K(82944K)->0K(82944K) From: 896K(2048K)->1696K(2048K)
[15283.801s][info][gc,heap        ] GC(33427) ParOldGen: 176287K(176640K)->177367K(178176K)
[15283.802s][info][gc,metaspace   ] GC(33427) Metaspace: 62350K(62592K)->62350K(62592K) NonClass: 53313K(53504K)->53313K(53504K) Class: 9037K(9088K)->9037K(9088K)
[15283.802s][info][gc             ] GC(33427) Pause Young (Allocation Failure) 254M->174M(257M) 3.276ms
[15283.802s][info][gc,cpu         ] GC(33427) User=0.00s Sys=0.00s Real=0.00s
[15284.278s][info][gc,start       ] GC(33428) Pause Young (Allocation Failure)
[15284.281s][info][gc,heap        ] GC(33428) PSYoungGen: 84640K(84992K)->416K(84992K) Eden: 82944K(82944K)->0K(82944K) From: 1696K(2048K)->416K(2048K)
[15284.281s][info][gc,heap        ] GC(33428) ParOldGen: 177367K(178176K)->179471K(179712K)
[15284.281s][info][gc,metaspace   ] GC(33428) Metaspace: 62350K(62592K)->62350K(62592K) NonClass: 53313K(53504K)->53313K(53504K) Class: 9037K(9088K)->9037K(9088K)
[15284.281s][info][gc             ] GC(33428) Pause Young (Allocation Failure) 255M->175M(258M) 3.027ms
[15284.281s][info][gc,cpu         ] GC(33428) User=0.00s Sys=0.00s Real=0.00s
[15284.699s][info][gc,start       ] GC(33429) Pause Young (Allocation Failure)
[15284.701s][info][gc,heap        ] GC(33429) PSYoungGen: 83360K(84992K)->800K(84992K) Eden: 82944K(82944K)->0K(82944K) From: 416K(2048K)->800K(2048K)
[15284.701s][info][gc,heap        ] GC(33429) ParOldGen: 179471K(179712K)->179527K(179712K)
[15284.701s][info][gc,metaspace   ] GC(33429) Metaspace: 62350K(62592K)->62350K(62592K) NonClass: 53313K(53504K)->53313K(53504K) Class: 9037K(9088K)->9037K(9088K)
[15284.701s][info][gc             ] GC(33429) Pause Young (Allocation Failure) 256M->176M(258M) 2.303ms
[15284.701s][info][gc,cpu         ] GC(33429) User=0.00s Sys=0.00s Real=0.00s
[15285.122s][info][gc,start       ] GC(33430) Pause Young (Allocation Failure)
[15285.124s][info][gc,heap        ] GC(33430) PSYoungGen: 83744K(84992K)->1152K(84992K) Eden: 82944K(82944K)->0K(82944K) From: 800K(2048K)->1152K(2048K)
[15285.124s][info][gc,heap        ] GC(33430) ParOldGen: 179527K(179712K)->179575K(179712K)
[15285.124s][info][gc,metaspace   ] GC(33430) Metaspace: 62350K(62592K)->62350K(62592K) NonClass: 53313K(53504K)->53313K(53504K) Class: 9037K(9088K)->9037K(9088K)
[15285.124s][info][gc             ] GC(33430) Pause Young (Allocation Failure) 257M->176M(258M) 2.529ms
[15285.124s][info][gc,cpu         ] GC(33430) User=0.00s Sys=0.00s Real=0.01s
[15285.578s][info][gc,start       ] GC(33431) Pause Young (Allocation Failure)
[15285.579s][info][gc,heap        ] GC(33431) PSYoungGen: 84096K(84992K)->416K(84992K) Eden: 82944K(82944K)->0K(82944K) From: 1152K(2048K)->416K(2048K)
[15285.579s][info][gc,heap        ] GC(33431) ParOldGen: 179575K(179712K)->179623K(179712K)
[15285.579s][info][gc,metaspace   ] GC(33431) Metaspace: 62350K(62592K)->62350K(62592K) NonClass: 53313K(53504K)->53313K(53504K) Class: 9037K(9088K)->9037K(9088K)
[15285.579s][info][gc             ] GC(33431) Pause Young (Allocation Failure) 257M->175M(258M) 1.748ms
[15285.579s][info][gc,cpu         ] GC(33431) User=0.00s Sys=0.00s Real=0.00s
[15286.046s][info][gc,start       ] GC(33432) Pause Young (Allocation Failure)
[15286.049s][info][gc,heap        ] GC(33432) PSYoungGen: 83360K(84992K)->1440K(84992K) Eden: 82944K(82944K)->0K(82944K) From: 416K(2048K)->1440K(2048K)
[15286.049s][info][gc,heap        ] GC(33432) ParOldGen: 179623K(179712K)->179671K(179712K)
[15286.049s][info][gc,metaspace   ] GC(33432) Metaspace: 62350K(62592K)->62350K(62592K) NonClass: 53313K(53504K)->53313K(53504K) Class: 9037K(9088K)->9037K(9088K)
[15286.049s][info][gc             ] GC(33432) Pause Young (Allocation Failure) 256M->176M(258M) 2.893ms
[15286.049s][info][gc,cpu         ] GC(33432) User=0.01s Sys=0.00s Real=0.00s
[15286.475s][info][gc,start       ] GC(33433) Pause Young (Allocation Failure)
[15286.477s][info][gc,heap        ] GC(33433) PSYoungGen: 84384K(84992K)->384K(84992K) Eden: 82944K(82944K)->0K(82944K) From: 1440K(2048K)->384K(2048K)
[15286.477s][info][gc,heap        ] GC(33433) ParOldGen: 179671K(179712K)->179727K(180224K)
[15286.477s][info][gc,metaspace   ] GC(33433) Metaspace: 62350K(62592K)->62350K(62592K) NonClass: 53313K(53504K)->53313K(53504K) Class: 9037K(9088K)->9037K(9088K)
[15286.477s][info][gc             ] GC(33433) Pause Young (Allocation Failure) 257M->175M(259M) 1.873ms
[15286.477s][info][gc,cpu         ] GC(33433) User=0.01s Sys=0.00s Real=0.00s
[15286.926s][info][gc,start       ] GC(33434) Pause Young (Allocation Failure)
[15286.928s][info][gc,heap        ] GC(33434) PSYoungGen: 83328K(84992K)->1216K(84992K) Eden: 82944K(82944K)->0K(82944K) From: 384K(2048K)->1216K(2048K)
[15286.928s][info][gc,heap        ] GC(33434) ParOldGen: 179727K(180224K)->179775K(180224K)
[15286.928s][info][gc,metaspace   ] GC(33434) Metaspace: 62350K(62592K)->62350K(62592K) NonClass: 53313K(53504K)->53313K(53504K) Class: 9037K(9088K)->9037K(9088K)
[15286.928s][info][gc             ] GC(33434) Pause Young (Allocation Failure) 256M->176M(259M) 2.692ms
[15286.928s][info][gc,cpu         ] GC(33434) User=0.00s Sys=0.00s Real=0.00s
[15287.415s][info][gc,start       ] GC(33435) Pause Young (Allocation Failure)
[15287.417s][info][gc,heap        ] GC(33435) PSYoungGen: 84160K(84992K)->928K(84992K) Eden: 82944K(82944K)->0K(82944K) From: 1216K(2048K)->928K(2048K)
[15287.417s][info][gc,heap        ] GC(33435) ParOldGen: 179775K(180224K)->179823K(180224K)
[15287.417s][info][gc,metaspace   ] GC(33435) Metaspace: 62350K(62592K)->62350K(62592K) NonClass: 53313K(53504K)->53313K(53504K) Class: 9037K(9088K)->9037K(9088K)
[15287.417s][info][gc             ] GC(33435) Pause Young (Allocation Failure) 257M->176M(259M) 2.393ms
[15287.417s][info][gc,cpu         ] GC(33435) User=0.00s Sys=0.00s Real=0.00s
[15287.855s][info][gc,start       ] GC(33436) Pause Young (Allocation Failure)
[15287.858s][info][gc,heap        ] GC(33436) PSYoungGen: 83872K(84992K)->1632K(84992K) Eden: 82944K(82944K)->0K(82944K) From: 928K(2048K)->1632K(2048K)
[15287.858s][info][gc,heap        ] GC(33436) ParOldGen: 179823K(180224K)->179871K(180224K)
[15287.858s][info][gc,metaspace   ] GC(33436) Metaspace: 62350K(62592K)->62350K(62592K) NonClass: 53313K(53504K)->53313K(53504K) Class: 9037K(9088K)->9037K(9088K)
[15287.858s][info][gc             ] GC(33436) Pause Young (Allocation Failure) 257M->177M(259M) 2.942ms
[15287.858s][info][gc,cpu         ] GC(33436) User=0.01s Sys=0.00s Real=0.00s
[15288.302s][info][gc,start       ] GC(33437) Pause Young (Allocation Failure)
[15288.304s][info][gc,heap        ] GC(33437) PSYoungGen: 84576K(84992K)->800K(84992K) Eden: 82944K(82944K)->0K(82944K) From: 1632K(2048K)->800K(2048K)
[15288.304s][info][gc,heap        ] GC(33437) ParOldGen: 179871K(180224K)->179919K(180224K)
[15288.304s][info][gc,metaspace   ] GC(33437) Metaspace: 62350K(62592K)->62350K(62592K) NonClass: 53313K(53504K)->53313K(53504K) Class: 9037K(9088K)->9037K(9088K)
[15288.304s][info][gc             ] GC(33437) Pause Young (Allocation Failure) 258M->176M(259M) 2.215ms
[15288.304s][info][gc,cpu         ] GC(33437) User=0.01s Sys=0.00s Real=0.00s
[15288.775s][info][gc,start       ] GC(33438) Pause Young (Allocation Failure)
[15288.776s][info][gc,heap        ] GC(33438) PSYoungGen: 83744K(84992K)->1472K(84992K) Eden: 82944K(82944K)->0K(82944K) From: 800K(2048K)->1472K(2048K)
[15288.776s][info][gc,heap        ] GC(33438) ParOldGen: 179919K(180224K)->179967K(180224K)
[15288.776s][info][gc,metaspace   ] GC(33438) Metaspace: 62350K(62592K)->62350K(62592K) NonClass: 53313K(53504K)->53313K(53504K) Class: 9037K(9088K)->9037K(9088K)
[15288.777s][info][gc             ] GC(33438) Pause Young (Allocation Failure) 257M->177M(259M) 2.006ms
[15288.777s][info][gc,cpu         ] GC(33438) User=0.00s Sys=0.00s Real=0.00s
[15289.222s][info][gc,start       ] GC(33439) Pause Young (Allocation Failure)
[15289.226s][info][gc,heap        ] GC(33439) PSYoungGen: 84416K(84992K)->1088K(84992K) Eden: 82944K(82944K)->0K(82944K) From: 1472K(2048K)->1088K(2048K)
[15289.226s][info][gc,heap        ] GC(33439) ParOldGen: 179967K(180224K)->182119K(183296K)
[15289.226s][info][gc,metaspace   ] GC(33439) Metaspace: 62350K(62592K)->62350K(62592K) NonClass: 53313K(53504K)->53313K(53504K) Class: 9037K(9088K)->9037K(9088K)
[15289.226s][info][gc             ] GC(33439) Pause Young (Allocation Failure) 258M->178M(262M) 3.996ms
[15289.226s][info][gc,cpu         ] GC(33439) User=0.01s Sys=0.00s Real=0.01s
[15289.669s][info][gc,start       ] GC(33440) Pause Young (Allocation Failure)
[15289.670s][info][gc,heap        ] GC(33440) PSYoungGen: 84032K(84992K)->288K(84992K) Eden: 82944K(82944K)->0K(82944K) From: 1088K(2048K)->288K(2048K)
[15289.670s][info][gc,heap        ] GC(33440) ParOldGen: 182119K(183296K)->182167K(183296K)
[15289.670s][info][gc,metaspace   ] GC(33440) Metaspace: 62350K(62592K)->62350K(62592K) NonClass: 53313K(53504K)->53313K(53504K) Class: 9037K(9088K)->9037K(9088K)
[15289.670s][info][gc             ] GC(33440) Pause Young (Allocation Failure) 259M->178M(262M) 1.691ms
[15289.670s][info][gc,cpu         ] GC(33440) User=0.00s Sys=0.00s Real=0.00s
[15290.135s][info][gc,start       ] GC(33441) Pause Young (Allocation Failure)
[15290.137s][info][gc,heap        ] GC(33441) PSYoungGen: 83232K(84992K)->1312K(84992K) Eden: 82944K(82944K)->0K(82944K) From: 288K(2048K)->1312K(2048K)
[15290.137s][info][gc,heap        ] GC(33441) ParOldGen: 182167K(183296K)->182223K(183296K)
[15290.137s][info][gc,metaspace   ] GC(33441) Metaspace: 62350K(62592K)->62350K(62592K) NonClass: 53313K(53504K)->53313K(53504K) Class: 9037K(9088K)->9037K(9088K)
[15290.137s][info][gc             ] GC(33441) Pause Young (Allocation Failure) 259M->179M(262M) 2.835ms
[15290.137s][info][gc,cpu         ] GC(33441) User=0.00s Sys=0.00s Real=0.00s
[15290.600s][info][gc,start       ] GC(33442) Pause Young (Allocation Failure)
[15290.602s][info][gc,heap        ] GC(33442) PSYoungGen: 84256K(84992K)->736K(84992K) Eden: 82944K(82944K)->0K(82944K) From: 1312K(2048K)->736K(2048K)
[15290.602s][info][gc,heap        ] GC(33442) ParOldGen: 182223K(183296K)->182271K(183296K)
[15290.602s][info][gc,metaspace   ] GC(33442) Metaspace: 62350K(62592K)->62350K(62592K) NonClass: 53313K(53504K)->53313K(53504K) Class: 9037K(9088K)->9037K(9088K)
[15290.602s][info][gc             ] GC(33442) Pause Young (Allocation Failure) 260M->178M(262M) 2.266ms
[15290.602s][info][gc,cpu         ] GC(33442) User=0.00s Sys=0.00s Real=0.00s
[15291.036s][info][gc,start       ] GC(33443) Pause Young (Allocation Failure)
[15291.038s][info][gc,heap        ] GC(33443) PSYoungGen: 83680K(84992K)->1248K(84992K) Eden: 82944K(82944K)->0K(82944K) From: 736K(2048K)->1248K(2048K)
[15291.038s][info][gc,heap        ] GC(33443) ParOldGen: 182271K(183296K)->182327K(183296K)
[15291.038s][info][gc,metaspace   ] GC(33443) Metaspace: 62350K(62592K)->62350K(62592K) NonClass: 53313K(53504K)->53313K(53504K) Class: 9037K(9088K)->9037K(9088K)
[15291.038s][info][gc             ] GC(33443) Pause Young (Allocation Failure) 259M->179M(262M) 2.659ms
[15291.038s][info][gc,cpu         ] GC(33443) User=0.01s Sys=0.00s Real=0.00s
[15291.474s][info][gc,start       ] GC(33444) Pause Young (Allocation Failure)
[15291.475s][info][gc,heap        ] GC(33444) PSYoungGen: 84192K(84992K)->352K(84992K) Eden: 82944K(82944K)->0K(82944K) From: 1248K(2048K)->352K(2048K)
[15291.475s][info][gc,heap        ] GC(33444) ParOldGen: 182327K(183296K)->182375K(183296K)
[15291.475s][info][gc,metaspace   ] GC(33444) Metaspace: 62350K(62592K)->62350K(62592K) NonClass: 53313K(53504K)->53313K(53504K) Class: 9037K(9088K)->9037K(9088K)
[15291.476s][info][gc             ] GC(33444) Pause Young (Allocation Failure) 260M->178M(262M) 1.749ms
[15291.476s][info][gc,cpu         ] GC(33444) User=0.00s Sys=0.00s Real=0.01s
[15291.956s][info][gc,start       ] GC(33445) Pause Young (Allocation Failure)
[15291.959s][info][gc,heap        ] GC(33445) PSYoungGen: 83296K(84992K)->1504K(83968K) Eden: 82944K(82944K)->0K(81920K) From: 352K(2048K)->1504K(2048K)
[15291.959s][info][gc,heap        ] GC(33445) ParOldGen: 182375K(183296K)->182423K(183296K)
[15291.959s][info][gc,metaspace   ] GC(33445) Metaspace: 62350K(62592K)->62350K(62592K) NonClass: 53313K(53504K)->53313K(53504K) Class: 9037K(9088K)->9037K(9088K)
[15291.959s][info][gc             ] GC(33445) Pause Young (Allocation Failure) 259M->179M(261M) 2.940ms
[15291.959s][info][gc,cpu         ] GC(33445) User=0.00s Sys=0.00s Real=0.00s
[15292.390s][info][gc,start       ] GC(33446) Pause Young (Allocation Failure)
[15292.392s][info][gc,heap        ] GC(33446) PSYoungGen: 83424K(83968K)->576K(84480K) Eden: 81920K(81920K)->0K(81920K) From: 1504K(2048K)->576K(2560K)
[15292.392s][info][gc,heap        ] GC(33446) ParOldGen: 182423K(183296K)->182479K(183296K)
[15292.392s][info][gc,metaspace   ] GC(33446) Metaspace: 62350K(62592K)->62350K(62592K) NonClass: 53313K(53504K)->53313K(53504K) Class: 9037K(9088K)->9037K(9088K)
[15292.392s][info][gc             ] GC(33446) Pause Young (Allocation Failure) 259M->178M(261M) 1.843ms
[15292.392s][info][gc,cpu         ] GC(33446) User=0.00s Sys=0.00s Real=0.00s
[15292.837s][info][gc,start       ] GC(33447) Pause Young (Allocation Failure)
[15292.839s][info][gc,heap        ] GC(33447) PSYoungGen: 82496K(84480K)->1120K(84992K) Eden: 81920K(81920K)->0K(82432K) From: 576K(2560K)->1120K(2560K)
[15292.839s][info][gc,heap        ] GC(33447) ParOldGen: 182479K(183296K)->182527K(183296K)
[15292.839s][info][gc,metaspace   ] GC(33447) Metaspace: 62350K(62592K)->62350K(62592K) NonClass: 53313K(53504K)->53313K(53504K) Class: 9037K(9088K)->9037K(9088K)
[15292.839s][info][gc             ] GC(33447) Pause Young (Allocation Failure) 258M->179M(262M) 2.482ms
[15292.839s][info][gc,cpu         ] GC(33447) User=0.00s Sys=0.00s Real=0.00s
[15293.243s][info][gc,start       ] GC(33448) Pause Young (Allocation Failure)
[15293.247s][info][gc,heap        ] GC(33448) PSYoungGen: 83552K(84992K)->2016K(84480K) Eden: 82432K(82432K)->0K(82432K) From: 1120K(2560K)->2016K(2048K)
[15293.247s][info][gc,heap        ] GC(33448) ParOldGen: 182527K(183296K)->183975K(184832K)
[15293.247s][info][gc,metaspace   ] GC(33448) Metaspace: 62350K(62592K)->62350K(62592K) NonClass: 53313K(53504K)->53313K(53504K) Class: 9037K(9088K)->9037K(9088K)
[15293.247s][info][gc             ] GC(33448) Pause Young (Allocation Failure) 259M->181M(263M) 3.649ms
[15293.247s][info][gc,cpu         ] GC(33448) User=0.00s Sys=0.00s Real=0.01s
[15293.730s][info][gc,start       ] GC(33449) Pause Young (Allocation Failure)
[15293.733s][info][gc,heap        ] GC(33449) PSYoungGen: 84448K(84480K)->1120K(83456K) Eden: 82432K(82432K)->0K(80896K) From: 2016K(2048K)->1120K(2560K)
[15293.733s][info][gc,heap        ] GC(33449) ParOldGen: 183975K(184832K)->185015K(186368K)
[15293.733s][info][gc,metaspace   ] GC(33449) Metaspace: 62350K(62592K)->62350K(62592K) NonClass: 53313K(53504K)->53313K(53504K) Class: 9037K(9088K)->9037K(9088K)
[15293.733s][info][gc             ] GC(33449) Pause Young (Allocation Failure) 262M->181M(263M) 2.962ms
[15293.733s][info][gc,cpu         ] GC(33449) User=0.00s Sys=0.00s Real=0.00s
[15294.206s][info][gc,start       ] GC(33450) Pause Young (Allocation Failure)
[15294.208s][info][gc,heap        ] GC(33450) PSYoungGen: 82016K(83456K)->768K(83968K) Eden: 80896K(80896K)->0K(80896K) From: 1120K(2560K)->768K(3072K)
[15294.208s][info][gc,heap        ] GC(33450) ParOldGen: 185015K(186368K)->185079K(186368K)
[15294.208s][info][gc,metaspace   ] GC(33450) Metaspace: 62350K(62592K)->62350K(62592K) NonClass: 53313K(53504K)->53313K(53504K) Class: 9037K(9088K)->9037K(9088K)
[15294.208s][info][gc             ] GC(33450) Pause Young (Allocation Failure) 260M->181M(264M) 2.312ms
[15294.208s][info][gc,cpu         ] GC(33450) User=0.00s Sys=0.00s Real=0.00s
[15294.720s][info][gc,start       ] GC(33451) Pause Young (Allocation Failure)
[15294.723s][info][gc,heap        ] GC(33451) PSYoungGen: 81664K(83968K)->864K(84480K) Eden: 80896K(80896K)->0K(81408K) From: 768K(3072K)->864K(3072K)
[15294.723s][info][gc,heap        ] GC(33451) ParOldGen: 185079K(186368K)->185135K(186368K)
[15294.723s][info][gc,metaspace   ] GC(33451) Metaspace: 62350K(62592K)->62350K(62592K) NonClass: 53313K(53504K)->53313K(53504K) Class: 9037K(9088K)->9037K(9088K)
[15294.723s][info][gc             ] GC(33451) Pause Young (Allocation Failure) 260M->181M(264M) 2.398ms
[15294.723s][info][gc,cpu         ] GC(33451) User=0.00s Sys=0.00s Real=0.00s
[15295.207s][info][gc,start       ] GC(33452) Pause Young (Allocation Failure)
[15295.209s][info][gc,heap        ] GC(33452) PSYoungGen: 82272K(84480K)->768K(83968K) Eden: 81408K(81408K)->0K(81408K) From: 864K(3072K)->768K(2560K)
[15295.209s][info][gc,heap        ] GC(33452) ParOldGen: 185135K(186368K)->185191K(186368K)
[15295.209s][info][gc,metaspace   ] GC(33452) Metaspace: 62350K(62592K)->62350K(62592K) NonClass: 53313K(53504K)->53313K(53504K) Class: 9037K(9088K)->9037K(9088K)
[15295.209s][info][gc             ] GC(33452) Pause Young (Allocation Failure) 261M->181M(264M) 2.230ms
[15295.209s][info][gc,cpu         ] GC(33452) User=0.00s Sys=0.00s Real=0.00s
[15295.679s][info][gc,start       ] GC(33453) Pause Young (Allocation Failure)
[15295.681s][info][gc,heap        ] GC(33453) PSYoungGen: 82176K(83968K)->416K(84480K) Eden: 81408K(81408K)->0K(81920K) From: 768K(2560K)->416K(2560K)
[15295.681s][info][gc,heap        ] GC(33453) ParOldGen: 185191K(186368K)->185247K(186368K)
[15295.681s][info][gc,metaspace   ] GC(33453) Metaspace: 62350K(62592K)->62350K(62592K) NonClass: 53313K(53504K)->53313K(53504K) Class: 9037K(9088K)->9037K(9088K)
[15295.681s][info][gc             ] GC(33453) Pause Young (Allocation Failure) 261M->181M(264M) 1.911ms
[15295.681s][info][gc,cpu         ] GC(33453) User=0.00s Sys=0.00s Real=0.00s
[15296.159s][info][gc,start       ] GC(33454) Pause Young (Allocation Failure)
[15296.162s][info][gc,heap        ] GC(33454) PSYoungGen: 82336K(84480K)->1504K(84480K) Eden: 81920K(81920K)->0K(81920K) From: 416K(2560K)->1504K(2560K)
[15296.162s][info][gc,heap        ] GC(33454) ParOldGen: 185247K(186368K)->185303K(186368K)
[15296.162s][info][gc,metaspace   ] GC(33454) Metaspace: 62350K(62592K)->62350K(62592K) NonClass: 53313K(53504K)->53313K(53504K) Class: 9037K(9088K)->9037K(9088K)
[15296.162s][info][gc             ] GC(33454) Pause Young (Allocation Failure) 261M->182M(264M) 3.075ms
[15296.162s][info][gc,cpu         ] GC(33454) User=0.01s Sys=0.00s Real=0.00s
[15296.670s][info][gc,start       ] GC(33455) Pause Young (Allocation Failure)
[15296.672s][info][gc,heap        ] GC(33455) PSYoungGen: 83424K(84480K)->352K(84480K) Eden: 81920K(81920K)->0K(81920K) From: 1504K(2560K)->352K(2560K)
[15296.672s][info][gc,heap        ] GC(33455) ParOldGen: 185303K(186368K)->185351K(186368K)
[15296.672s][info][gc,metaspace   ] GC(33455) Metaspace: 62350K(62592K)->62350K(62592K) NonClass: 53313K(53504K)->53313K(53504K) Class: 9037K(9088K)->9037K(9088K)
[15296.672s][info][gc             ] GC(33455) Pause Young (Allocation Failure) 262M->181M(264M) 1.898ms
[15296.672s][info][gc,cpu         ] GC(33455) User=0.00s Sys=0.00s Real=0.00s
[15297.185s][info][gc,start       ] GC(33456) Pause Young (Allocation Failure)
[15297.187s][info][gc,heap        ] GC(33456) PSYoungGen: 82272K(84480K)->512K(84480K) Eden: 81920K(81920K)->0K(81920K) From: 352K(2560K)->512K(2560K)
[15297.187s][info][gc,heap        ] GC(33456) ParOldGen: 185351K(186368K)->185455K(186368K)
[15297.187s][info][gc,metaspace   ] GC(33456) Metaspace: 62350K(62592K)->62350K(62592K) NonClass: 53313K(53504K)->53313K(53504K) Class: 9037K(9088K)->9037K(9088K)
[15297.187s][info][gc             ] GC(33456) Pause Young (Allocation Failure) 261M->181M(264M) 2.016ms
[15297.187s][info][gc,cpu         ] GC(33456) User=0.01s Sys=0.00s Real=0.00s
[15297.664s][info][gc,start       ] GC(33457) Pause Young (Allocation Failure)
[15297.666s][info][gc,heap        ] GC(33457) PSYoungGen: 82432K(84480K)->224K(84480K) Eden: 81920K(81920K)->0K(81920K) From: 512K(2560K)->224K(2560K)
[15297.666s][info][gc,heap        ] GC(33457) ParOldGen: 185455K(186368K)->185511K(186368K)
[15297.666s][info][gc,metaspace   ] GC(33457) Metaspace: 62350K(62592K)->62350K(62592K) NonClass: 53313K(53504K)->53313K(53504K) Class: 9037K(9088K)->9037K(9088K)
[15297.666s][info][gc             ] GC(33457) Pause Young (Allocation Failure) 261M->181M(264M) 1.597ms
[15297.666s][info][gc,cpu         ] GC(33457) User=0.00s Sys=0.00s Real=0.00s
[15298.126s][info][gc,start       ] GC(33458) Pause Young (Allocation Failure)
[15298.128s][info][gc,heap        ] GC(33458) PSYoungGen: 82144K(84480K)->1056K(84480K) Eden: 81920K(81920K)->0K(81920K) From: 224K(2560K)->1056K(2560K)
[15298.128s][info][gc,heap        ] GC(33458) ParOldGen: 185511K(186368K)->185559K(186368K)
[15298.128s][info][gc,metaspace   ] GC(33458) Metaspace: 62350K(62592K)->62350K(62592K) NonClass: 53313K(53504K)->53313K(53504K) Class: 9037K(9088K)->9037K(9088K)
[15298.128s][info][gc             ] GC(33458) Pause Young (Allocation Failure) 261M->182M(264M) 2.476ms
[15298.129s][info][gc,cpu         ] GC(33458) User=0.01s Sys=0.00s Real=0.00s
[15298.624s][info][gc,start       ] GC(33459) Pause Young (Allocation Failure)
[15298.627s][info][gc,heap        ] GC(33459) PSYoungGen: 82976K(84480K)->864K(84480K) Eden: 81920K(81920K)->0K(81920K) From: 1056K(2560K)->864K(2560K)
[15298.627s][info][gc,heap        ] GC(33459) ParOldGen: 185559K(186368K)->185607K(186368K)
[15298.627s][info][gc,metaspace   ] GC(33459) Metaspace: 62350K(62592K)->62350K(62592K) NonClass: 53313K(53504K)->53313K(53504K) Class: 9037K(9088K)->9037K(9088K)
[15298.627s][info][gc             ] GC(33459) Pause Young (Allocation Failure) 262M->182M(264M) 2.402ms
[15298.627s][info][gc,cpu         ] GC(33459) User=0.00s Sys=0.00s Real=0.00s
[15299.112s][info][gc,start       ] GC(33460) Pause Young (Allocation Failure)
[15299.114s][info][gc,heap        ] GC(33460) PSYoungGen: 82784K(84480K)->864K(84480K) Eden: 81920K(81920K)->0K(81920K) From: 864K(2560K)->864K(2560K)
[15299.114s][info][gc,heap        ] GC(33460) ParOldGen: 185607K(186368K)->185663K(186368K)
[15299.114s][info][gc,metaspace   ] GC(33460) Metaspace: 62350K(62592K)->62350K(62592K) NonClass: 53313K(53504K)->53313K(53504K) Class: 9037K(9088K)->9037K(9088K)
[15299.114s][info][gc             ] GC(33460) Pause Young (Allocation Failure) 262M->182M(264M) 2.345ms
[15299.114s][info][gc,cpu         ] GC(33460) User=0.00s Sys=0.00s Real=0.00s
[15299.557s][info][gc,start       ] GC(33461) Pause Young (Allocation Failure)
[15299.560s][info][gc,heap        ] GC(33461) PSYoungGen: 82784K(84480K)->1760K(83968K) Eden: 81920K(81920K)->0K(81920K) From: 864K(2560K)->1760K(2048K)
[15299.560s][info][gc,heap        ] GC(33461) ParOldGen: 185663K(186368K)->185719K(186368K)
[15299.560s][info][gc,metaspace   ] GC(33461) Metaspace: 62350K(62592K)->62350K(62592K) NonClass: 53313K(53504K)->53313K(53504K) Class: 9037K(9088K)->9037K(9088K)
[15299.560s][info][gc             ] GC(33461) Pause Young (Allocation Failure) 262M->183M(264M) 3.328ms
[15299.560s][info][gc,cpu         ] GC(33461) User=0.00s Sys=0.00s Real=0.00s
[15300.023s][info][gc,start       ] GC(33462) Pause Young (Allocation Failure)
[15300.025s][info][gc,heap        ] GC(33462) PSYoungGen: 83680K(83968K)->1024K(84480K) Eden: 81920K(81920K)->0K(81920K) From: 1760K(2048K)->1024K(2560K)
[15300.025s][info][gc,heap        ] GC(33462) ParOldGen: 185719K(186368K)->185767K(186368K)
[15300.025s][info][gc,metaspace   ] GC(33462) Metaspace: 62350K(62592K)->62350K(62592K) NonClass: 53313K(53504K)->53313K(53504K) Class: 9037K(9088K)->9037K(9088K)
[15300.025s][info][gc             ] GC(33462) Pause Young (Allocation Failure) 263M->182M(264M) 2.789ms
[15300.025s][info][gc,cpu         ] GC(33462) User=0.00s Sys=0.00s Real=0.01s
[15300.529s][info][gc,start       ] GC(33463) Pause Young (Allocation Failure)
[15300.531s][info][gc,heap        ] GC(33463) PSYoungGen: 82944K(84480K)->1024K(84992K) Eden: 81920K(81920K)->0K(82432K) From: 1024K(2560K)->1024K(2560K)
[15300.531s][info][gc,heap        ] GC(33463) ParOldGen: 185767K(186368K)->185815K(186368K)
[15300.531s][info][gc,metaspace   ] GC(33463) Metaspace: 62350K(62592K)->62350K(62592K) NonClass: 53313K(53504K)->53313K(53504K) Class: 9037K(9088K)->9037K(9088K)
[15300.531s][info][gc             ] GC(33463) Pause Young (Allocation Failure) 262M->182M(265M) 2.622ms
[15300.531s][info][gc,cpu         ] GC(33463) User=0.00s Sys=0.00s Real=0.00s
[15301.008s][info][gc,start       ] GC(33464) Pause Young (Allocation Failure)
[15301.010s][info][gc,heap        ] GC(33464) PSYoungGen: 83456K(84992K)->832K(84480K) Eden: 82432K(82432K)->0K(82432K) From: 1024K(2560K)->832K(2048K)
[15301.010s][info][gc,heap        ] GC(33464) ParOldGen: 185815K(186368K)->185871K(186368K)
[15301.010s][info][gc,metaspace   ] GC(33464) Metaspace: 62350K(62592K)->62350K(62592K) NonClass: 53313K(53504K)->53313K(53504K) Class: 9037K(9088K)->9037K(9088K)
[15301.010s][info][gc             ] GC(33464) Pause Young (Allocation Failure) 262M->182M(264M) 2.292ms
[15301.010s][info][gc,cpu         ] GC(33464) User=0.00s Sys=0.00s Real=0.00s
[15301.489s][info][gc,start       ] GC(33465) Pause Young (Allocation Failure)
[15301.491s][info][gc,heap        ] GC(33465) PSYoungGen: 83264K(84480K)->544K(84992K) Eden: 82432K(82432K)->0K(82944K) From: 832K(2048K)->544K(2048K)
[15301.491s][info][gc,heap        ] GC(33465) ParOldGen: 185871K(186368K)->185927K(186368K)
[15301.491s][info][gc,metaspace   ] GC(33465) Metaspace: 62350K(62592K)->62350K(62592K) NonClass: 53313K(53504K)->53313K(53504K) Class: 9037K(9088K)->9037K(9088K)
[15301.491s][info][gc             ] GC(33465) Pause Young (Allocation Failure) 262M->182M(265M) 2.080ms
[15301.491s][info][gc,cpu         ] GC(33465) User=0.00s Sys=0.00s Real=0.00s
[15301.981s][info][gc,start       ] GC(33466) Pause Young (Allocation Failure)
[15301.983s][info][gc,heap        ] GC(33466) PSYoungGen: 83488K(84992K)->448K(84992K) Eden: 82944K(82944K)->0K(82944K) From: 544K(2048K)->448K(2048K)
[15301.983s][info][gc,heap        ] GC(33466) ParOldGen: 185927K(186368K)->185983K(186368K)
[15301.983s][info][gc,metaspace   ] GC(33466) Metaspace: 62350K(62592K)->62350K(62592K) NonClass: 53313K(53504K)->53313K(53504K) Class: 9037K(9088K)->9037K(9088K)
[15301.983s][info][gc             ] GC(33466) Pause Young (Allocation Failure) 263M->182M(265M) 1.871ms
[15301.983s][info][gc,cpu         ] GC(33466) User=0.01s Sys=0.00s Real=0.00s
[15302.460s][info][gc,start       ] GC(33467) Pause Young (Allocation Failure)
[15302.463s][info][gc,heap        ] GC(33467) PSYoungGen: 83391K(84992K)->1504K(84992K) Eden: 82943K(82944K)->0K(82944K) From: 448K(2048K)->1504K(2048K)
[15302.463s][info][gc,heap        ] GC(33467) ParOldGen: 185983K(186368K)->186031K(186368K)
[15302.463s][info][gc,metaspace   ] GC(33467) Metaspace: 62350K(62592K)->62350K(62592K) NonClass: 53313K(53504K)->53313K(53504K) Class: 9037K(9088K)->9037K(9088K)
[15302.463s][info][gc             ] GC(33467) Pause Young (Allocation Failure) 263M->183M(265M) 2.968ms
[15302.463s][info][gc,cpu         ] GC(33467) User=0.01s Sys=0.00s Real=0.00s
[15302.958s][info][gc,start       ] GC(33468) Pause Young (Allocation Failure)
[15302.960s][info][gc,heap        ] GC(33468) PSYoungGen: 84448K(84992K)->1440K(84480K) Eden: 82944K(82944K)->0K(82944K) From: 1504K(2048K)->1440K(1536K)
[15302.960s][info][gc,heap        ] GC(33468) ParOldGen: 186031K(186368K)->186079K(186368K)
[15302.960s][info][gc,metaspace   ] GC(33468) Metaspace: 62350K(62592K)->62350K(62592K) NonClass: 53313K(53504K)->53313K(53504K) Class: 9037K(9088K)->9037K(9088K)
[15302.961s][info][gc             ] GC(33468) Pause Young (Allocation Failure) 264M->183M(264M) 2.960ms
[15302.961s][info][gc,cpu         ] GC(33468) User=0.00s Sys=0.00s Real=0.00s
[15303.450s][info][gc,start       ] GC(33469) Pause Young (Allocation Failure)
[15303.453s][info][gc,heap        ] GC(33469) PSYoungGen: 84384K(84480K)->2368K(84480K) Eden: 82944K(82944K)->0K(81920K) From: 1440K(1536K)->2368K(2560K)
[15303.453s][info][gc,heap        ] GC(33469) ParOldGen: 186079K(186368K)->186127K(186368K)
[15303.453s][info][gc,metaspace   ] GC(33469) Metaspace: 62350K(62592K)->62350K(62592K) NonClass: 53313K(53504K)->53313K(53504K) Class: 9037K(9088K)->9037K(9088K)
[15303.453s][info][gc             ] GC(33469) Pause Young (Allocation Failure) 264M->184M(264M) 2.987ms
[15303.453s][info][gc,cpu         ] GC(33469) User=0.01s Sys=0.00s Real=0.00s
[15303.938s][info][gc,start       ] GC(33470) Pause Young (Allocation Failure)
[15303.941s][info][gc,heap        ] GC(33470) PSYoungGen: 84288K(84480K)->1216K(84480K) Eden: 81920K(81920K)->0K(81920K) From: 2368K(2560K)->1216K(2560K)
[15303.941s][info][gc,heap        ] GC(33470) ParOldGen: 186127K(186368K)->187207K(187904K)
[15303.941s][info][gc,metaspace   ] GC(33470) Metaspace: 62350K(62592K)->62350K(62592K) NonClass: 53313K(53504K)->53313K(53504K) Class: 9037K(9088K)->9037K(9088K)
[15303.941s][info][gc             ] GC(33470) Pause Young (Allocation Failure) 264M->184M(266M) 3.234ms
[15303.941s][info][gc,cpu         ] GC(33470) User=0.01s Sys=0.00s Real=0.00s
[15304.412s][info][gc,start       ] GC(33471) Pause Young (Allocation Failure)
[15304.414s][info][gc,heap        ] GC(33471) PSYoungGen: 83136K(84480K)->896K(84480K) Eden: 81920K(81920K)->0K(81920K) From: 1216K(2560K)->896K(2560K)
[15304.414s][info][gc,heap        ] GC(33471) ParOldGen: 187207K(187904K)->187263K(187904K)
[15304.414s][info][gc,metaspace   ] GC(33471) Metaspace: 62350K(62592K)->62350K(62592K) NonClass: 53313K(53504K)->53313K(53504K) Class: 9037K(9088K)->9037K(9088K)
[15304.414s][info][gc             ] GC(33471) Pause Young (Allocation Failure) 264M->183M(266M) 2.323ms
[15304.414s][info][gc,cpu         ] GC(33471) User=0.01s Sys=0.00s Real=0.01s
[15304.932s][info][gc,start       ] GC(33472) Pause Young (Allocation Failure)
[15304.935s][info][gc,heap        ] GC(33472) PSYoungGen: 82816K(84480K)->1248K(84480K) Eden: 81920K(81920K)->0K(81920K) From: 896K(2560K)->1248K(2560K)
[15304.935s][info][gc,heap        ] GC(33472) ParOldGen: 187263K(187904K)->187319K(187904K)
[15304.935s][info][gc,metaspace   ] GC(33472) Metaspace: 62350K(62592K)->62350K(62592K) NonClass: 53313K(53504K)->53313K(53504K) Class: 9037K(9088K)->9037K(9088K)
[15304.935s][info][gc             ] GC(33472) Pause Young (Allocation Failure) 263M->184M(266M) 2.654ms
[15304.935s][info][gc,cpu         ] GC(33472) User=0.00s Sys=0.00s Real=0.01s
[15305.427s][info][gc,start       ] GC(33473) Pause Young (Allocation Failure)
[15305.429s][info][gc,heap        ] GC(33473) PSYoungGen: 83168K(84480K)->1024K(84480K) Eden: 81920K(81920K)->0K(81920K) From: 1248K(2560K)->1024K(2560K)
[15305.429s][info][gc,heap        ] GC(33473) ParOldGen: 187319K(187904K)->187423K(187904K)
[15305.429s][info][gc,metaspace   ] GC(33473) Metaspace: 62350K(62592K)->62350K(62592K) NonClass: 53313K(53504K)->53313K(53504K) Class: 9037K(9088K)->9037K(9088K)
[15305.429s][info][gc             ] GC(33473) Pause Young (Allocation Failure) 264M->184M(266M) 2.551ms
[15305.429s][info][gc,cpu         ] GC(33473) User=0.00s Sys=0.00s Real=0.00s
[15305.875s][info][gc,start       ] GC(33474) Pause Young (Allocation Failure)
[15305.876s][info][gc,heap        ] GC(33474) PSYoungGen: 82944K(84480K)->416K(84480K) Eden: 81920K(81920K)->0K(81920K) From: 1024K(2560K)->416K(2560K)
[15305.876s][info][gc,heap        ] GC(33474) ParOldGen: 187423K(187904K)->187471K(187904K)
[15305.876s][info][gc,metaspace   ] GC(33474) Metaspace: 62350K(62592K)->62350K(62592K) NonClass: 53313K(53504K)->53313K(53504K) Class: 9037K(9088K)->9037K(9088K)
[15305.876s][info][gc             ] GC(33474) Pause Young (Allocation Failure) 264M->183M(266M) 1.829ms
[15305.876s][info][gc,cpu         ] GC(33474) User=0.00s Sys=0.00s Real=0.00s
[15306.316s][info][gc,start       ] GC(33475) Pause Young (Allocation Failure)
[15306.318s][info][gc,heap        ] GC(33475) PSYoungGen: 82336K(84480K)->1056K(84480K) Eden: 81920K(81920K)->0K(81920K) From: 416K(2560K)->1056K(2560K)
[15306.318s][info][gc,heap        ] GC(33475) ParOldGen: 187471K(187904K)->187527K(187904K)
[15306.318s][info][gc,metaspace   ] GC(33475) Metaspace: 62350K(62592K)->62350K(62592K) NonClass: 53313K(53504K)->53313K(53504K) Class: 9037K(9088K)->9037K(9088K)
[15306.318s][info][gc             ] GC(33475) Pause Young (Allocation Failure) 263M->184M(266M) 2.556ms
[15306.318s][info][gc,cpu         ] GC(33475) User=0.01s Sys=0.00s Real=0.00s
[15306.744s][info][gc,start       ] GC(33476) Pause Young (Allocation Failure)
[15306.747s][info][gc,heap        ] GC(33476) PSYoungGen: 82976K(84480K)->1536K(84480K) Eden: 81920K(81920K)->0K(81920K) From: 1056K(2560K)->1536K(2560K)
[15306.747s][info][gc,heap        ] GC(33476) ParOldGen: 187527K(187904K)->187575K(187904K)
[15306.747s][info][gc,metaspace   ] GC(33476) Metaspace: 62350K(62592K)->62350K(62592K) NonClass: 53313K(53504K)->53313K(53504K) Class: 9037K(9088K)->9037K(9088K)
[15306.747s][info][gc             ] GC(33476) Pause Young (Allocation Failure) 264M->184M(266M) 3.036ms
[15306.747s][info][gc,cpu         ] GC(33476) User=0.01s Sys=0.00s Real=0.01s
[15307.173s][info][gc,start       ] GC(33477) Pause Young (Allocation Failure)
[15307.175s][info][gc,heap        ] GC(33477) PSYoungGen: 83456K(84480K)->352K(84480K) Eden: 81920K(81920K)->0K(81920K) From: 1536K(2560K)->352K(2560K)
[15307.175s][info][gc,heap        ] GC(33477) ParOldGen: 187575K(187904K)->187623K(187904K)
[15307.175s][info][gc,metaspace   ] GC(33477) Metaspace: 62350K(62592K)->62350K(62592K) NonClass: 53313K(53504K)->53313K(53504K) Class: 9037K(9088K)->9037K(9088K)
[15307.175s][info][gc             ] GC(33477) Pause Young (Allocation Failure) 264M->183M(266M) 1.776ms
[15307.175s][info][gc,cpu         ] GC(33477) User=0.01s Sys=0.00s Real=0.01s
[15307.605s][info][gc,start       ] GC(33478) Pause Young (Allocation Failure)
[15307.607s][info][gc,heap        ] GC(33478) PSYoungGen: 82272K(84480K)->896K(84480K) Eden: 81920K(81920K)->0K(81920K) From: 352K(2560K)->896K(2560K)
[15307.607s][info][gc,heap        ] GC(33478) ParOldGen: 187623K(187904K)->187671K(187904K)
[15307.607s][info][gc,metaspace   ] GC(33478) Metaspace: 62350K(62592K)->62350K(62592K) NonClass: 53313K(53504K)->53313K(53504K) Class: 9037K(9088K)->9037K(9088K)
[15307.607s][info][gc             ] GC(33478) Pause Young (Allocation Failure) 263M->184M(266M) 2.352ms
[15307.607s][info][gc,cpu         ] GC(33478) User=0.01s Sys=0.01s Real=0.00s
[15308.002s][info][gc,start       ] GC(33479) Pause Young (Allocation Failure)
[15308.004s][info][gc,heap        ] GC(33479) PSYoungGen: 82816K(84480K)->800K(84992K) Eden: 81920K(81920K)->0K(82432K) From: 896K(2560K)->800K(2560K)
[15308.004s][info][gc,heap        ] GC(33479) ParOldGen: 187671K(187904K)->187719K(187904K)
[15308.004s][info][gc,metaspace   ] GC(33479) Metaspace: 62350K(62592K)->62350K(62592K) NonClass: 53313K(53504K)->53313K(53504K) Class: 9037K(9088K)->9037K(9088K)
[15308.004s][info][gc             ] GC(33479) Pause Young (Allocation Failure) 264M->184M(266M) 2.218ms
[15308.004s][info][gc,cpu         ] GC(33479) User=0.00s Sys=0.00s Real=0.01s
[15308.475s][info][gc,start       ] GC(33480) Pause Young (Allocation Failure)
[15308.478s][info][gc,heap        ] GC(33480) PSYoungGen: 83232K(84992K)->1440K(84480K) Eden: 82432K(82432K)->0K(82432K) From: 800K(2560K)->1440K(2048K)
[15308.478s][info][gc,heap        ] GC(33480) ParOldGen: 187719K(187904K)->188799K(189440K)
[15308.478s][info][gc,metaspace   ] GC(33480) Metaspace: 62350K(62592K)->62350K(62592K) NonClass: 53313K(53504K)->53313K(53504K) Class: 9037K(9088K)->9037K(9088K)
[15308.478s][info][gc             ] GC(33480) Pause Young (Allocation Failure) 264M->185M(267M) 2.718ms
[15308.478s][info][gc,cpu         ] GC(33480) User=0.01s Sys=0.00s Real=0.00s
[15308.928s][info][gc,start       ] GC(33481) Pause Young (Allocation Failure)
[15308.932s][info][gc,heap        ] GC(33481) PSYoungGen: 83872K(84480K)->1120K(84992K) Eden: 82432K(82432K)->0K(82432K) From: 1440K(2048K)->1120K(2560K)
[15308.933s][info][gc,heap        ] GC(33481) ParOldGen: 188799K(189440K)->190895K(190976K)
[15308.933s][info][gc,metaspace   ] GC(33481) Metaspace: 62350K(62592K)->62350K(62592K) NonClass: 53313K(53504K)->53313K(53504K) Class: 9037K(9088K)->9037K(9088K)
[15308.933s][info][gc             ] GC(33481) Pause Young (Allocation Failure) 266M->187M(269M) 4.189ms
[15308.933s][info][gc,cpu         ] GC(33481) User=0.01s Sys=0.00s Real=0.00s
[15309.403s][info][gc,start       ] GC(33482) Pause Young (Allocation Failure)
[15309.405s][info][gc,heap        ] GC(33482) PSYoungGen: 83552K(84992K)->800K(84480K) Eden: 82432K(82432K)->0K(82432K) From: 1120K(2560K)->800K(2048K)
[15309.405s][info][gc,heap        ] GC(33482) ParOldGen: 190895K(190976K)->190943K(190976K)
[15309.405s][info][gc,metaspace   ] GC(33482) Metaspace: 62350K(62592K)->62350K(62592K) NonClass: 53313K(53504K)->53313K(53504K) Class: 9037K(9088K)->9037K(9088K)
[15309.405s][info][gc             ] GC(33482) Pause Young (Allocation Failure) 268M->187M(269M) 2.315ms
[15309.405s][info][gc,cpu         ] GC(33482) User=0.00s Sys=0.00s Real=0.01s
[15309.819s][info][gc,start       ] GC(33483) Pause Young (Allocation Failure)
[15309.821s][info][gc,heap        ] GC(33483) PSYoungGen: 83232K(84480K)->1088K(84992K) Eden: 82432K(82432K)->0K(82944K) From: 800K(2048K)->1088K(2048K)
[15309.821s][info][gc,heap        ] GC(33483) ParOldGen: 190943K(190976K)->190999K(191488K)
[15309.821s][info][gc,metaspace   ] GC(33483) Metaspace: 62350K(62592K)->62350K(62592K) NonClass: 53313K(53504K)->53313K(53504K) Class: 9037K(9088K)->9037K(9088K)
[15309.821s][info][gc             ] GC(33483) Pause Young (Allocation Failure) 267M->187M(270M) 2.488ms
[15309.821s][info][gc,cpu         ] GC(33483) User=0.01s Sys=0.00s Real=0.00s
[15310.223s][info][gc,start       ] GC(33484) Pause Young (Allocation Failure)
[15310.226s][info][gc,heap        ] GC(33484) PSYoungGen: 84032K(84992K)->1152K(84992K) Eden: 82944K(82944K)->0K(82944K) From: 1088K(2048K)->1152K(2048K)
[15310.226s][info][gc,heap        ] GC(33484) ParOldGen: 190999K(191488K)->191047K(191488K)
[15310.226s][info][gc,metaspace   ] GC(33484) Metaspace: 62351K(62592K)->62351K(62592K) NonClass: 53314K(53504K)->53314K(53504K) Class: 9037K(9088K)->9037K(9088K)
[15310.226s][info][gc             ] GC(33484) Pause Young (Allocation Failure) 268M->187M(270M) 2.496ms
[15310.226s][info][gc,cpu         ] GC(33484) User=0.01s Sys=0.00s Real=0.01s
[15310.645s][info][gc,start       ] GC(33485) Pause Young (Allocation Failure)
[15310.648s][info][gc,heap        ] GC(33485) PSYoungGen: 84096K(84992K)->1472K(84992K) Eden: 82944K(82944K)->0K(82944K) From: 1152K(2048K)->1472K(2048K)
[15310.648s][info][gc,heap        ] GC(33485) ParOldGen: 191047K(191488K)->191095K(191488K)
[15310.648s][info][gc,metaspace   ] GC(33485) Metaspace: 62351K(62592K)->62351K(62592K) NonClass: 53314K(53504K)->53314K(53504K) Class: 9037K(9088K)->9037K(9088K)
[15310.648s][info][gc             ] GC(33485) Pause Young (Allocation Failure) 268M->188M(270M) 2.834ms
[15310.648s][info][gc,cpu         ] GC(33485) User=0.01s Sys=0.00s Real=0.00s
[15311.122s][info][gc,start       ] GC(33486) Pause Young (Allocation Failure)
[15311.124s][info][gc,heap        ] GC(33486) PSYoungGen: 84416K(84992K)->960K(84992K) Eden: 82944K(82944K)->0K(82944K) From: 1472K(2048K)->960K(2048K)
[15311.124s][info][gc,heap        ] GC(33486) ParOldGen: 191095K(191488K)->191143K(191488K)
[15311.124s][info][gc,metaspace   ] GC(33486) Metaspace: 62351K(62592K)->62351K(62592K) NonClass: 53314K(53504K)->53314K(53504K) Class: 9037K(9088K)->9037K(9088K)
[15311.124s][info][gc             ] GC(33486) Pause Young (Allocation Failure) 269M->187M(270M) 2.453ms
[15311.124s][info][gc,cpu         ] GC(33486) User=0.01s Sys=0.00s Real=0.01s
[15311.615s][info][gc,start       ] GC(33487) Pause Young (Allocation Failure)
[15311.617s][info][gc,heap        ] GC(33487) PSYoungGen: 83904K(84992K)->896K(84992K) Eden: 82944K(82944K)->0K(82944K) From: 960K(2048K)->896K(2048K)
[15311.617s][info][gc,heap        ] GC(33487) ParOldGen: 191143K(191488K)->191191K(191488K)
[15311.617s][info][gc,metaspace   ] GC(33487) Metaspace: 62351K(62592K)->62351K(62592K) NonClass: 53314K(53504K)->53314K(53504K) Class: 9037K(9088K)->9037K(9088K)
[15311.617s][info][gc             ] GC(33487) Pause Young (Allocation Failure) 268M->187M(270M) 2.341ms
[15311.617s][info][gc,cpu         ] GC(33487) User=0.01s Sys=0.00s Real=0.00s
[15312.105s][info][gc,start       ] GC(33488) Pause Young (Allocation Failure)
[15312.107s][info][gc,heap        ] GC(33488) PSYoungGen: 83840K(84992K)->736K(84992K) Eden: 82944K(82944K)->0K(82944K) From: 896K(2048K)->736K(2048K)
[15312.107s][info][gc,heap        ] GC(33488) ParOldGen: 191191K(191488K)->191239K(191488K)
[15312.107s][info][gc,metaspace   ] GC(33488) Metaspace: 62351K(62592K)->62351K(62592K) NonClass: 53314K(53504K)->53314K(53504K) Class: 9037K(9088K)->9037K(9088K)
[15312.107s][info][gc             ] GC(33488) Pause Young (Allocation Failure) 268M->187M(270M) 2.154ms
[15312.107s][info][gc,cpu         ] GC(33488) User=0.00s Sys=0.00s Real=0.00s
[15312.648s][info][gc,start       ] GC(33489) Pause Young (Allocation Failure)
[15312.651s][info][gc,heap        ] GC(33489) PSYoungGen: 83680K(84992K)->1376K(84992K) Eden: 82944K(82944K)->0K(82944K) From: 736K(2048K)->1376K(2048K)
[15312.651s][info][gc,heap        ] GC(33489) ParOldGen: 191239K(191488K)->191295K(191488K)
[15312.651s][info][gc,metaspace   ] GC(33489) Metaspace: 62351K(62592K)->62351K(62592K) NonClass: 53314K(53504K)->53314K(53504K) Class: 9037K(9088K)->9037K(9088K)
[15312.651s][info][gc             ] GC(33489) Pause Young (Allocation Failure) 268M->188M(270M) 2.885ms
[15312.651s][info][gc,cpu         ] GC(33489) User=0.00s Sys=0.00s Real=0.00s
[15313.139s][info][gc,start       ] GC(33490) Pause Young (Allocation Failure)
[15313.142s][info][gc,heap        ] GC(33490) PSYoungGen: 84320K(84992K)->1120K(84992K) Eden: 82944K(82944K)->0K(82944K) From: 1376K(2048K)->1120K(2048K)
[15313.142s][info][gc,heap        ] GC(33490) ParOldGen: 191295K(191488K)->191391K(191488K)
[15313.142s][info][gc,metaspace   ] GC(33490) Metaspace: 62355K(62592K)->62355K(62592K) NonClass: 53318K(53504K)->53318K(53504K) Class: 9037K(9088K)->9037K(9088K)
[15313.142s][info][gc             ] GC(33490) Pause Young (Allocation Failure) 269M->187M(270M) 2.694ms
[15313.142s][info][gc,cpu         ] GC(33490) User=0.00s Sys=0.00s Real=0.00s
[15313.632s][info][gc,start       ] GC(33491) Pause Young (Allocation Failure)
[15313.635s][info][gc,heap        ] GC(33491) PSYoungGen: 84064K(84992K)->2016K(83968K) Eden: 82944K(82944K)->0K(81920K) From: 1120K(2048K)->2016K(2048K)
[15313.635s][info][gc,heap        ] GC(33491) ParOldGen: 191391K(191488K)->191519K(192000K)
[15313.635s][info][gc,metaspace   ] GC(33491) Metaspace: 62355K(62592K)->62355K(62592K) NonClass: 53318K(53504K)->53318K(53504K) Class: 9037K(9088K)->9037K(9088K)
[15313.635s][info][gc             ] GC(33491) Pause Young (Allocation Failure) 268M->188M(269M) 2.793ms
[15313.635s][info][gc,cpu         ] GC(33491) User=0.01s Sys=0.00s Real=0.01s
[15314.124s][info][gc,start       ] GC(33492) Pause Young (Allocation Failure)
[15314.127s][info][gc,heap        ] GC(33492) PSYoungGen: 83936K(83968K)->992K(84480K) Eden: 81920K(81920K)->0K(81920K) From: 2016K(2048K)->992K(2560K)
[15314.127s][info][gc,heap        ] GC(33492) ParOldGen: 191519K(192000K)->192567K(193536K)
[15314.127s][info][gc,metaspace   ] GC(33492) Metaspace: 62355K(62592K)->62355K(62592K) NonClass: 53318K(53504K)->53318K(53504K) Class: 9037K(9088K)->9037K(9088K)
[15314.127s][info][gc             ] GC(33492) Pause Young (Allocation Failure) 268M->189M(271M) 2.944ms
[15314.127s][info][gc,cpu         ] GC(33492) User=0.01s Sys=0.00s Real=0.00s
[15314.565s][info][gc,start       ] GC(33493) Pause Young (Allocation Failure)
[15314.567s][info][gc,heap        ] GC(33493) PSYoungGen: 82912K(84480K)->256K(83968K) Eden: 81920K(81920K)->0K(81920K) From: 992K(2560K)->256K(2048K)
[15314.567s][info][gc,heap        ] GC(33493) ParOldGen: 192567K(193536K)->192623K(193536K)
[15314.567s][info][gc,metaspace   ] GC(33493) Metaspace: 62355K(62592K)->62355K(62592K) NonClass: 53318K(53504K)->53318K(53504K) Class: 9037K(9088K)->9037K(9088K)
[15314.567s][info][gc             ] GC(33493) Pause Young (Allocation Failure) 269M->188M(271M) 1.717ms
[15314.567s][info][gc,cpu         ] GC(33493) User=0.01s Sys=0.00s Real=0.00s
[15315.004s][info][gc,start       ] GC(33494) Pause Young (Allocation Failure)
[15315.006s][info][gc,heap        ] GC(33494) PSYoungGen: 82176K(83968K)->768K(84480K) Eden: 81920K(81920K)->0K(81920K) From: 256K(2048K)->768K(2560K)
[15315.006s][info][gc,heap        ] GC(33494) ParOldGen: 192623K(193536K)->192679K(193536K)
[15315.006s][info][gc,metaspace   ] GC(33494) Metaspace: 62355K(62592K)->62355K(62592K) NonClass: 53318K(53504K)->53318K(53504K) Class: 9037K(9088K)->9037K(9088K)
[15315.006s][info][gc             ] GC(33494) Pause Young (Allocation Failure) 268M->188M(271M) 2.268ms
[15315.006s][info][gc,cpu         ] GC(33494) User=0.00s Sys=0.00s Real=0.01s
[15315.441s][info][gc,start       ] GC(33495) Pause Young (Allocation Failure)
[15315.444s][info][gc,heap        ] GC(33495) PSYoungGen: 82688K(84480K)->1344K(84480K) Eden: 81920K(81920K)->0K(81920K) From: 768K(2560K)->1344K(2560K)
[15315.444s][info][gc,heap        ] GC(33495) ParOldGen: 192679K(193536K)->192727K(193536K)
[15315.444s][info][gc,metaspace   ] GC(33495) Metaspace: 62355K(62592K)->62355K(62592K) NonClass: 53318K(53504K)->53318K(53504K) Class: 9037K(9088K)->9037K(9088K)
[15315.444s][info][gc             ] GC(33495) Pause Young (Allocation Failure) 268M->189M(271M) 2.831ms
[15315.444s][info][gc,cpu         ] GC(33495) User=0.00s Sys=0.00s Real=0.00s
[15315.879s][info][gc,start       ] GC(33496) Pause Young (Allocation Failure)
[15315.881s][info][gc,heap        ] GC(33496) PSYoungGen: 83263K(84480K)->448K(84480K) Eden: 81919K(81920K)->0K(81920K) From: 1344K(2560K)->448K(2560K)
[15315.881s][info][gc,heap        ] GC(33496) ParOldGen: 192727K(193536K)->192783K(193536K)
[15315.881s][info][gc,metaspace   ] GC(33496) Metaspace: 62355K(62592K)->62355K(62592K) NonClass: 53318K(53504K)->53318K(53504K) Class: 9037K(9088K)->9037K(9088K)
[15315.881s][info][gc             ] GC(33496) Pause Young (Allocation Failure) 269M->188M(271M) 1.926ms
[15315.881s][info][gc,cpu         ] GC(33496) User=0.00s Sys=0.00s Real=0.00s
[15316.320s][info][gc,start       ] GC(33497) Pause Young (Allocation Failure)
[15316.323s][info][gc,heap        ] GC(33497) PSYoungGen: 82368K(84480K)->1056K(84992K) Eden: 81920K(81920K)->0K(82432K) From: 448K(2560K)->1056K(2560K)
[15316.323s][info][gc,heap        ] GC(33497) ParOldGen: 192783K(193536K)->192839K(193536K)
[15316.323s][info][gc,metaspace   ] GC(33497) Metaspace: 62355K(62592K)->62355K(62592K) NonClass: 53318K(53504K)->53318K(53504K) Class: 9037K(9088K)->9037K(9088K)
[15316.323s][info][gc             ] GC(33497) Pause Young (Allocation Failure) 268M->189M(272M) 2.538ms
[15316.323s][info][gc,cpu         ] GC(33497) User=0.00s Sys=0.00s Real=0.00s
[15316.750s][info][gc,start       ] GC(33498) Pause Young (Allocation Failure)
[15316.753s][info][gc,heap        ] GC(33498) PSYoungGen: 83488K(84992K)->1440K(84480K) Eden: 82432K(82432K)->0K(82432K) From: 1056K(2560K)->1440K(2048K)
[15316.753s][info][gc,heap        ] GC(33498) ParOldGen: 192839K(193536K)->192895K(193536K)
[15316.753s][info][gc,metaspace   ] GC(33498) Metaspace: 62355K(62592K)->62355K(62592K) NonClass: 53318K(53504K)->53318K(53504K) Class: 9037K(9088K)->9037K(9088K)
[15316.753s][info][gc             ] GC(33498) Pause Young (Allocation Failure) 269M->189M(271M) 2.934ms
[15316.753s][info][gc,cpu         ] GC(33498) User=0.01s Sys=0.00s Real=0.00s
[15317.210s][info][gc,start       ] GC(33499) Pause Young (Allocation Failure)
[15317.212s][info][gc,heap        ] GC(33499) PSYoungGen: 83872K(84480K)->832K(84992K) Eden: 82432K(82432K)->0K(82944K) From: 1440K(2048K)->832K(2048K)
[15317.212s][info][gc,heap        ] GC(33499) ParOldGen: 192895K(193536K)->192943K(193536K)
[15317.212s][info][gc,metaspace   ] GC(33499) Metaspace: 62355K(62592K)->62355K(62592K) NonClass: 53318K(53504K)->53318K(53504K) Class: 9037K(9088K)->9037K(9088K)
[15317.212s][info][gc             ] GC(33499) Pause Young (Allocation Failure) 270M->189M(272M) 2.281ms
[15317.212s][info][gc,cpu         ] GC(33499) User=0.00s Sys=0.00s Real=0.00s
[15317.690s][info][gc,start       ] GC(33500) Pause Young (Allocation Failure)
[15317.692s][info][gc,heap        ] GC(33500) PSYoungGen: 83776K(84992K)->576K(84992K) Eden: 82944K(82944K)->0K(82944K) From: 832K(2048K)->576K(2048K)
[15317.692s][info][gc,heap        ] GC(33500) ParOldGen: 192943K(193536K)->192999K(193536K)
[15317.692s][info][gc,metaspace   ] GC(33500) Metaspace: 62355K(62592K)->62355K(62592K) NonClass: 53318K(53504K)->53318K(53504K) Class: 9037K(9088K)->9037K(9088K)
[15317.692s][info][gc             ] GC(33500) Pause Young (Allocation Failure) 270M->189M(272M) 2.018ms
[15317.692s][info][gc,cpu         ] GC(33500) User=0.01s Sys=0.00s Real=0.00s
[15318.172s][info][gc,start       ] GC(33501) Pause Young (Allocation Failure)
[15318.174s][info][gc,heap        ] GC(33501) PSYoungGen: 83520K(84992K)->1376K(84992K) Eden: 82944K(82944K)->0K(82944K) From: 576K(2048K)->1376K(2048K)
[15318.174s][info][gc,heap        ] GC(33501) ParOldGen: 192999K(193536K)->193047K(193536K)
[15318.174s][info][gc,metaspace   ] GC(33501) Metaspace: 62355K(62592K)->62355K(62592K) NonClass: 53318K(53504K)->53318K(53504K) Class: 9037K(9088K)->9037K(9088K)
[15318.174s][info][gc             ] GC(33501) Pause Young (Allocation Failure) 270M->189M(272M) 1.844ms
[15318.174s][info][gc,cpu         ] GC(33501) User=0.00s Sys=0.00s Real=0.00s
[15318.665s][info][gc,start       ] GC(33502) Pause Young (Allocation Failure)
[15318.667s][info][gc,heap        ] GC(33502) PSYoungGen: 84320K(84992K)->256K(84992K) Eden: 82944K(82944K)->0K(82944K) From: 1376K(2048K)->256K(2048K)
[15318.667s][info][gc,heap        ] GC(33502) ParOldGen: 193047K(193536K)->195143K(196608K)
[15318.667s][info][gc,metaspace   ] GC(33502) Metaspace: 62355K(62592K)->62355K(62592K) NonClass: 53318K(53504K)->53318K(53504K) Class: 9037K(9088K)->9037K(9088K)
[15318.668s][info][gc             ] GC(33502) Pause Young (Allocation Failure) 270M->190M(275M) 2.797ms
[15318.668s][info][gc,cpu         ] GC(33502) User=0.00s Sys=0.01s Real=0.00s
[15319.151s][info][gc,start       ] GC(33503) Pause Young (Allocation Failure)
[15319.153s][info][gc,heap        ] GC(33503) PSYoungGen: 83200K(84992K)->1408K(83968K) Eden: 82944K(82944K)->0K(81920K) From: 256K(2048K)->1408K(2048K)
[15319.154s][info][gc,heap        ] GC(33503) ParOldGen: 195143K(196608K)->195199K(196608K)
[15319.154s][info][gc,metaspace   ] GC(33503) Metaspace: 62355K(62592K)->62355K(62592K) NonClass: 53318K(53504K)->53318K(53504K) Class: 9037K(9088K)->9037K(9088K)
[15319.154s][info][gc             ] GC(33503) Pause Young (Allocation Failure) 271M->191M(274M) 2.868ms
[15319.154s][info][gc,cpu         ] GC(33503) User=0.00s Sys=0.00s Real=0.00s
[15319.632s][info][gc,start       ] GC(33504) Pause Young (Allocation Failure)
[15319.634s][info][gc,heap        ] GC(33504) PSYoungGen: 83328K(83968K)->1088K(84480K) Eden: 81920K(81920K)->0K(81920K) From: 1408K(2048K)->1088K(2560K)
[15319.634s][info][gc,heap        ] GC(33504) ParOldGen: 195199K(196608K)->195255K(196608K)
[15319.634s][info][gc,metaspace   ] GC(33504) Metaspace: 62355K(62592K)->62355K(62592K) NonClass: 53318K(53504K)->53318K(53504K) Class: 9037K(9088K)->9037K(9088K)
[15319.634s][info][gc             ] GC(33504) Pause Young (Allocation Failure) 271M->191M(274M) 2.509ms
[15319.634s][info][gc,cpu         ] GC(33504) User=0.01s Sys=0.00s Real=0.01s
[15320.112s][info][gc,start       ] GC(33505) Pause Young (Allocation Failure)
[15320.114s][info][gc,heap        ] GC(33505) PSYoungGen: 83008K(84480K)->864K(84992K) Eden: 81920K(81920K)->0K(82944K) From: 1088K(2560K)->864K(2048K)
[15320.114s][info][gc,heap        ] GC(33505) ParOldGen: 195255K(196608K)->195311K(196608K)
[15320.114s][info][gc,metaspace   ] GC(33505) Metaspace: 62355K(62592K)->62355K(62592K) NonClass: 53318K(53504K)->53318K(53504K) Class: 9037K(9088K)->9037K(9088K)
[15320.114s][info][gc             ] GC(33505) Pause Young (Allocation Failure) 271M->191M(275M) 2.297ms
[15320.114s][info][gc,cpu         ] GC(33505) User=0.01s Sys=0.00s Real=0.00s
[15320.667s][info][gc,start       ] GC(33506) Pause Young (Allocation Failure)
[15320.669s][info][gc,heap        ] GC(33506) PSYoungGen: 83808K(84992K)->288K(84992K) Eden: 82944K(82944K)->0K(82944K) From: 864K(2048K)->288K(2048K)
[15320.669s][info][gc,heap        ] GC(33506) ParOldGen: 195311K(196608K)->195359K(196608K)
[15320.669s][info][gc,metaspace   ] GC(33506) Metaspace: 62355K(62592K)->62355K(62592K) NonClass: 53318K(53504K)->53318K(53504K) Class: 9037K(9088K)->9037K(9088K)
[15320.669s][info][gc             ] GC(33506) Pause Young (Allocation Failure) 272M->191M(275M) 1.749ms
[15320.669s][info][gc,cpu         ] GC(33506) User=0.00s Sys=0.00s Real=0.00s
[15321.114s][info][gc,start       ] GC(33507) Pause Young (Allocation Failure)
[15321.116s][info][gc,heap        ] GC(33507) PSYoungGen: 83232K(84992K)->960K(84992K) Eden: 82944K(82944K)->0K(82944K) From: 288K(2048K)->960K(2048K)
[15321.116s][info][gc,heap        ] GC(33507) ParOldGen: 195359K(196608K)->195463K(196608K)
[15321.116s][info][gc,metaspace   ] GC(33507) Metaspace: 62355K(62592K)->62355K(62592K) NonClass: 53318K(53504K)->53318K(53504K) Class: 9037K(9088K)->9037K(9088K)
[15321.116s][info][gc             ] GC(33507) Pause Young (Allocation Failure) 272M->191M(275M) 2.456ms
[15321.116s][info][gc,cpu         ] GC(33507) User=0.00s Sys=0.00s Real=0.01s
[15321.605s][info][gc,start       ] GC(33508) Pause Young (Allocation Failure)
[15321.607s][info][gc,heap        ] GC(33508) PSYoungGen: 83904K(84992K)->800K(84992K) Eden: 82944K(82944K)->0K(82944K) From: 960K(2048K)->800K(2048K)
[15321.607s][info][gc,heap        ] GC(33508) ParOldGen: 195463K(196608K)->195519K(196608K)
[15321.607s][info][gc,metaspace   ] GC(33508) Metaspace: 62355K(62592K)->62355K(62592K) NonClass: 53318K(53504K)->53318K(53504K) Class: 9037K(9088K)->9037K(9088K)
[15321.607s][info][gc             ] GC(33508) Pause Young (Allocation Failure) 272M->191M(275M) 2.289ms
[15321.607s][info][gc,cpu         ] GC(33508) User=0.01s Sys=0.00s Real=0.00s
[15322.073s][info][gc,start       ] GC(33509) Pause Young (Allocation Failure)
[15322.074s][info][gc,heap        ] GC(33509) PSYoungGen: 83744K(84992K)->320K(84992K) Eden: 82944K(82944K)->0K(82944K) From: 800K(2048K)->320K(2048K)
[15322.074s][info][gc,heap        ] GC(33509) ParOldGen: 195519K(196608K)->195567K(196608K)
[15322.074s][info][gc,metaspace   ] GC(33509) Metaspace: 62355K(62592K)->62355K(62592K) NonClass: 53318K(53504K)->53318K(53504K) Class: 9037K(9088K)->9037K(9088K)
[15322.074s][info][gc             ] GC(33509) Pause Young (Allocation Failure) 272M->191M(275M) 1.843ms
[15322.074s][info][gc,cpu         ] GC(33509) User=0.00s Sys=0.00s Real=0.01s
[15322.584s][info][gc,start       ] GC(33510) Pause Young (Allocation Failure)
[15322.586s][info][gc,heap        ] GC(33510) PSYoungGen: 83264K(84992K)->544K(84992K) Eden: 82944K(82944K)->0K(82944K) From: 320K(2048K)->544K(2048K)
[15322.586s][info][gc,heap        ] GC(33510) ParOldGen: 195567K(196608K)->195615K(196608K)
[15322.586s][info][gc,metaspace   ] GC(33510) Metaspace: 62355K(62592K)->62355K(62592K) NonClass: 53318K(53504K)->53318K(53504K) Class: 9037K(9088K)->9037K(9088K)
[15322.586s][info][gc             ] GC(33510) Pause Young (Allocation Failure) 272M->191M(275M) 2.019ms
[15322.586s][info][gc,cpu         ] GC(33510) User=0.01s Sys=0.00s Real=0.00s
[15323.076s][info][gc,start       ] GC(33511) Pause Young (Allocation Failure)
[15323.078s][info][gc,heap        ] GC(33511) PSYoungGen: 83488K(84992K)->384K(84992K) Eden: 82944K(82944K)->0K(82944K) From: 544K(2048K)->384K(2048K)
[15323.078s][info][gc,heap        ] GC(33511) ParOldGen: 195615K(196608K)->195671K(196608K)
[15323.078s][info][gc,metaspace   ] GC(33511) Metaspace: 62355K(62592K)->62355K(62592K) NonClass: 53318K(53504K)->53318K(53504K) Class: 9037K(9088K)->9037K(9088K)
[15323.078s][info][gc             ] GC(33511) Pause Young (Allocation Failure) 272M->191M(275M) 1.858ms
[15323.078s][info][gc,cpu         ] GC(33511) User=0.01s Sys=0.00s Real=0.00s
[15323.567s][info][gc,start       ] GC(33512) Pause Young (Allocation Failure)
[15323.569s][info][gc,heap        ] GC(33512) PSYoungGen: 83328K(84992K)->1280K(84992K) Eden: 82944K(82944K)->0K(82944K) From: 384K(2048K)->1280K(2048K)
[15323.569s][info][gc,heap        ] GC(33512) ParOldGen: 195671K(196608K)->195727K(196608K)
[15323.569s][info][gc,metaspace   ] GC(33512) Metaspace: 62355K(62592K)->62355K(62592K) NonClass: 53318K(53504K)->53318K(53504K) Class: 9037K(9088K)->9037K(9088K)
[15323.569s][info][gc             ] GC(33512) Pause Young (Allocation Failure) 272M->192M(275M) 1.822ms
[15323.569s][info][gc,cpu         ] GC(33512) User=0.00s Sys=0.00s Real=0.00s
[15324.058s][info][gc,start       ] GC(33513) Pause Young (Allocation Failure)
[15324.061s][info][gc,heap        ] GC(33513) PSYoungGen: 84224K(84992K)->1472K(84992K) Eden: 82944K(82944K)->0K(82944K) From: 1280K(2048K)->1472K(2048K)
[15324.062s][info][gc,heap        ] GC(33513) ParOldGen: 195727K(196608K)->196799K(198144K)
[15324.062s][info][gc,metaspace   ] GC(33513) Metaspace: 62355K(62592K)->62355K(62592K) NonClass: 53318K(53504K)->53318K(53504K) Class: 9037K(9088K)->9037K(9088K)
[15324.062s][info][gc             ] GC(33513) Pause Young (Allocation Failure) 273M->193M(276M) 3.479ms
[15324.062s][info][gc,cpu         ] GC(33513) User=0.00s Sys=0.00s Real=0.00s
[15324.547s][info][gc,start       ] GC(33514) Pause Young (Allocation Failure)
[15324.549s][info][gc,heap        ] GC(33514) PSYoungGen: 84416K(84992K)->1344K(84992K) Eden: 82944K(82944K)->0K(82944K) From: 1472K(2048K)->1344K(2048K)
[15324.549s][info][gc,heap        ] GC(33514) ParOldGen: 196799K(198144K)->196847K(198144K)
[15324.549s][info][gc,metaspace   ] GC(33514) Metaspace: 62355K(62592K)->62355K(62592K) NonClass: 53318K(53504K)->53318K(53504K) Class: 9037K(9088K)->9037K(9088K)
[15324.549s][info][gc             ] GC(33514) Pause Young (Allocation Failure) 274M->193M(276M) 2.821ms
[15324.549s][info][gc,cpu         ] GC(33514) User=0.00s Sys=0.00s Real=0.00s
[15324.992s][info][gc,start       ] GC(33515) Pause Young (Allocation Failure)
[15324.994s][info][gc,heap        ] GC(33515) PSYoungGen: 84288K(84992K)->576K(84992K) Eden: 82944K(82944K)->0K(82944K) From: 1344K(2048K)->576K(2048K)
[15324.994s][info][gc,heap        ] GC(33515) ParOldGen: 196847K(198144K)->196895K(198144K)
[15324.994s][info][gc,metaspace   ] GC(33515) Metaspace: 62355K(62592K)->62355K(62592K) NonClass: 53318K(53504K)->53318K(53504K) Class: 9037K(9088K)->9037K(9088K)
[15324.994s][info][gc             ] GC(33515) Pause Young (Allocation Failure) 274M->192M(276M) 2.069ms
[15324.994s][info][gc,cpu         ] GC(33515) User=0.01s Sys=0.00s Real=0.01s
[15325.468s][info][gc,start       ] GC(33516) Pause Young (Allocation Failure)
[15325.470s][info][gc,heap        ] GC(33516) PSYoungGen: 83520K(84992K)->256K(84992K) Eden: 82944K(82944K)->0K(82944K) From: 576K(2048K)->256K(2048K)
[15325.470s][info][gc,heap        ] GC(33516) ParOldGen: 196895K(198144K)->196943K(198144K)
[15325.470s][info][gc,metaspace   ] GC(33516) Metaspace: 62355K(62592K)->62355K(62592K) NonClass: 53318K(53504K)->53318K(53504K) Class: 9037K(9088K)->9037K(9088K)
[15325.470s][info][gc             ] GC(33516) Pause Young (Allocation Failure) 273M->192M(276M) 1.663ms
[15325.470s][info][gc,cpu         ] GC(33516) User=0.00s Sys=0.00s Real=0.00s
[15325.980s][info][gc,start       ] GC(33517) Pause Young (Allocation Failure)
[15325.981s][info][gc,heap        ] GC(33517) PSYoungGen: 83200K(84992K)->416K(84992K) Eden: 82944K(82944K)->0K(82944K) From: 256K(2048K)->416K(2048K)
[15325.981s][info][gc,heap        ] GC(33517) ParOldGen: 196943K(198144K)->196991K(198144K)
[15325.982s][info][gc,metaspace   ] GC(33517) Metaspace: 62355K(62592K)->62355K(62592K) NonClass: 53318K(53504K)->53318K(53504K) Class: 9037K(9088K)->9037K(9088K)
[15325.982s][info][gc             ] GC(33517) Pause Young (Allocation Failure) 273M->192M(276M) 1.891ms
[15325.982s][info][gc,cpu         ] GC(33517) User=0.01s Sys=0.00s Real=0.00s
[15326.436s][info][gc,start       ] GC(33518) Pause Young (Allocation Failure)
[15326.439s][info][gc,heap        ] GC(33518) PSYoungGen: 83360K(84992K)->1248K(84992K) Eden: 82944K(82944K)->0K(82944K) From: 416K(2048K)->1248K(2048K)
[15326.439s][info][gc,heap        ] GC(33518) ParOldGen: 196991K(198144K)->197039K(198144K)
[15326.439s][info][gc,metaspace   ] GC(33518) Metaspace: 62355K(62592K)->62355K(62592K) NonClass: 53318K(53504K)->53318K(53504K) Class: 9037K(9088K)->9037K(9088K)
[15326.439s][info][gc             ] GC(33518) Pause Young (Allocation Failure) 273M->193M(276M) 2.553ms
[15326.439s][info][gc,cpu         ] GC(33518) User=0.00s Sys=0.00s Real=0.00s
[15326.916s][info][gc,start       ] GC(33519) Pause Young (Allocation Failure)
[15326.918s][info][gc,heap        ] GC(33519) PSYoungGen: 84192K(84992K)->896K(84992K) Eden: 82944K(82944K)->0K(82944K) From: 1248K(2048K)->896K(2048K)
[15326.918s][info][gc,heap        ] GC(33519) ParOldGen: 197039K(198144K)->197095K(198144K)
[15326.918s][info][gc,metaspace   ] GC(33519) Metaspace: 62355K(62592K)->62355K(62592K) NonClass: 53318K(53504K)->53318K(53504K) Class: 9037K(9088K)->9037K(9088K)
[15326.918s][info][gc             ] GC(33519) Pause Young (Allocation Failure) 274M->193M(276M) 2.156ms
[15326.918s][info][gc,cpu         ] GC(33519) User=0.00s Sys=0.00s Real=0.00s
[15327.375s][info][gc,start       ] GC(33520) Pause Young (Allocation Failure)
[15327.377s][info][gc,heap        ] GC(33520) PSYoungGen: 83840K(84992K)->384K(84992K) Eden: 82944K(82944K)->0K(82944K) From: 896K(2048K)->384K(2048K)
[15327.377s][info][gc,heap        ] GC(33520) ParOldGen: 197095K(198144K)->197151K(198144K)
[15327.377s][info][gc,metaspace   ] GC(33520) Metaspace: 62355K(62592K)->62355K(62592K) NonClass: 53318K(53504K)->53318K(53504K) Class: 9037K(9088K)->9037K(9088K)
[15327.377s][info][gc             ] GC(33520) Pause Young (Allocation Failure) 274M->192M(276M) 1.841ms
[15327.377s][info][gc,cpu         ] GC(33520) User=0.00s Sys=0.00s Real=0.00s
[15327.835s][info][gc,start       ] GC(33521) Pause Young (Allocation Failure)
[15327.838s][info][gc,heap        ] GC(33521) PSYoungGen: 83328K(84992K)->1216K(84992K) Eden: 82944K(82944K)->0K(82944K) From: 384K(2048K)->1216K(2048K)
[15327.838s][info][gc,heap        ] GC(33521) ParOldGen: 197151K(198144K)->197207K(198144K)
[15327.838s][info][gc,metaspace   ] GC(33521) Metaspace: 62355K(62592K)->62355K(62592K) NonClass: 53318K(53504K)->53318K(53504K) Class: 9037K(9088K)->9037K(9088K)
[15327.838s][info][gc             ] GC(33521) Pause Young (Allocation Failure) 273M->193M(276M) 2.435ms
[15327.838s][info][gc,cpu         ] GC(33521) User=0.01s Sys=0.00s Real=0.00s
[15328.317s][info][gc,start       ] GC(33522) Pause Young (Allocation Failure)
[15328.320s][info][gc,heap        ] GC(33522) PSYoungGen: 84160K(84992K)->2016K(84992K) Eden: 82944K(82944K)->0K(82944K) From: 1216K(2048K)->2016K(2048K)
[15328.320s][info][gc,heap        ] GC(33522) ParOldGen: 197207K(198144K)->197271K(198144K)
[15328.320s][info][gc,metaspace   ] GC(33522) Metaspace: 62355K(62592K)->62355K(62592K) NonClass: 53318K(53504K)->53318K(53504K) Class: 9037K(9088K)->9037K(9088K)
[15328.320s][info][gc             ] GC(33522) Pause Young (Allocation Failure) 274M->194M(276M) 2.598ms
[15328.320s][info][gc,cpu         ] GC(33522) User=0.01s Sys=0.00s Real=0.00s
[15328.740s][info][gc,start       ] GC(33523) Pause Young (Allocation Failure)
[15328.743s][info][gc,heap        ] GC(33523) PSYoungGen: 84960K(84992K)->1472K(83968K) Eden: 82944K(82944K)->0K(81920K) From: 2016K(2048K)->1472K(2048K)
[15328.743s][info][gc,heap        ] GC(33523) ParOldGen: 197271K(198144K)->198391K(199680K)
[15328.743s][info][gc,metaspace   ] GC(33523) Metaspace: 62355K(62592K)->62355K(62592K) NonClass: 53318K(53504K)->53318K(53504K) Class: 9037K(9088K)->9037K(9088K)
[15328.743s][info][gc             ] GC(33523) Pause Young (Allocation Failure) 275M->195M(277M) 3.352ms
[15328.743s][info][gc,cpu         ] GC(33523) User=0.00s Sys=0.00s Real=0.00s
[15329.155s][info][gc,start       ] GC(33524) Pause Young (Allocation Failure)
[15329.158s][info][gc,heap        ] GC(33524) PSYoungGen: 83392K(83968K)->1664K(84480K) Eden: 81920K(81920K)->0K(81920K) From: 1472K(2048K)->1664K(2560K)
[15329.158s][info][gc,heap        ] GC(33524) ParOldGen: 198391K(199680K)->198447K(199680K)
[15329.158s][info][gc,metaspace   ] GC(33524) Metaspace: 62355K(62592K)->62355K(62592K) NonClass: 53318K(53504K)->53318K(53504K) Class: 9037K(9088K)->9037K(9088K)
[15329.158s][info][gc             ] GC(33524) Pause Young (Allocation Failure) 275M->195M(277M) 2.917ms
[15329.158s][info][gc,cpu         ] GC(33524) User=0.01s Sys=0.00s Real=0.00s
[15329.648s][info][gc,start       ] GC(33525) Pause Young (Allocation Failure)
[15329.651s][info][gc,heap        ] GC(33525) PSYoungGen: 83584K(84480K)->1344K(84480K) Eden: 81920K(81920K)->0K(81920K) From: 1664K(2560K)->1344K(2560K)
[15329.651s][info][gc,heap        ] GC(33525) ParOldGen: 198447K(199680K)->198503K(199680K)
[15329.651s][info][gc,metaspace   ] GC(33525) Metaspace: 62355K(62592K)->62355K(62592K) NonClass: 53318K(53504K)->53318K(53504K) Class: 9037K(9088K)->9037K(9088K)
[15329.651s][info][gc             ] GC(33525) Pause Young (Allocation Failure) 275M->195M(277M) 2.883ms
[15329.651s][info][gc,cpu         ] GC(33525) User=0.01s Sys=0.00s Real=0.00s
[15330.154s][info][gc,start       ] GC(33526) Pause Young (Allocation Failure)
[15330.157s][info][gc,heap        ] GC(33526) PSYoungGen: 83264K(84480K)->1376K(84480K) Eden: 81920K(81920K)->0K(81920K) From: 1344K(2560K)->1376K(2560K)
[15330.157s][info][gc,heap        ] GC(33526) ParOldGen: 198503K(199680K)->198551K(199680K)
[15330.157s][info][gc,metaspace   ] GC(33526) Metaspace: 62355K(62592K)->62355K(62592K) NonClass: 53318K(53504K)->53318K(53504K) Class: 9037K(9088K)->9037K(9088K)
[15330.157s][info][gc             ] GC(33526) Pause Young (Allocation Failure) 275M->195M(277M) 2.981ms
[15330.157s][info][gc,cpu         ] GC(33526) User=0.01s Sys=0.00s Real=0.00s
[15330.601s][info][gc,start       ] GC(33527) Pause Young (Allocation Failure)
[15330.604s][info][gc,heap        ] GC(33527) PSYoungGen: 83296K(84480K)->736K(84480K) Eden: 81920K(81920K)->0K(81920K) From: 1376K(2560K)->736K(2560K)
[15330.604s][info][gc,heap        ] GC(33527) ParOldGen: 198551K(199680K)->198607K(199680K)
[15330.604s][info][gc,metaspace   ] GC(33527) Metaspace: 62355K(62592K)->62355K(62592K) NonClass: 53318K(53504K)->53318K(53504K) Class: 9037K(9088K)->9037K(9088K)
[15330.604s][info][gc             ] GC(33527) Pause Young (Allocation Failure) 275M->194M(277M) 2.264ms
[15330.604s][info][gc,cpu         ] GC(33527) User=0.01s Sys=0.00s Real=0.00s
[15331.038s][info][gc,start       ] GC(33528) Pause Young (Allocation Failure)
[15331.040s][info][gc,heap        ] GC(33528) PSYoungGen: 82656K(84480K)->1312K(84480K) Eden: 81920K(81920K)->0K(81920K) From: 736K(2560K)->1312K(2560K)
[15331.040s][info][gc,heap        ] GC(33528) ParOldGen: 198607K(199680K)->198655K(199680K)
[15331.040s][info][gc,metaspace   ] GC(33528) Metaspace: 62355K(62592K)->62355K(62592K) NonClass: 53318K(53504K)->53318K(53504K) Class: 9037K(9088K)->9037K(9088K)
[15331.040s][info][gc             ] GC(33528) Pause Young (Allocation Failure) 274M->195M(277M) 2.743ms
[15331.040s][info][gc,cpu         ] GC(33528) User=0.01s Sys=0.00s Real=0.00s
[15331.459s][info][gc,start       ] GC(33529) Pause Young (Allocation Failure)
[15331.462s][info][gc,heap        ] GC(33529) PSYoungGen: 83232K(84480K)->1824K(84480K) Eden: 81920K(81920K)->0K(81920K) From: 1312K(2560K)->1824K(2560K)
[15331.462s][info][gc,heap        ] GC(33529) ParOldGen: 198655K(199680K)->198711K(199680K)
[15331.462s][info][gc,metaspace   ] GC(33529) Metaspace: 62355K(62592K)->62355K(62592K) NonClass: 53318K(53504K)->53318K(53504K) Class: 9037K(9088K)->9037K(9088K)
[15331.462s][info][gc             ] GC(33529) Pause Young (Allocation Failure) 275M->195M(277M) 3.127ms
[15331.462s][info][gc,cpu         ] GC(33529) User=0.01s Sys=0.00s Real=0.00s
[15331.944s][info][gc,start       ] GC(33530) Pause Young (Allocation Failure)
[15331.947s][info][gc,heap        ] GC(33530) PSYoungGen: 83744K(84480K)->1248K(84480K) Eden: 81920K(81920K)->0K(81920K) From: 1824K(2560K)->1248K(2560K)
[15331.947s][info][gc,heap        ] GC(33530) ParOldGen: 198711K(199680K)->198767K(199680K)
[15331.947s][info][gc,metaspace   ] GC(33530) Metaspace: 62355K(62592K)->62355K(62592K) NonClass: 53318K(53504K)->53318K(53504K) Class: 9037K(9088K)->9037K(9088K)
[15331.947s][info][gc             ] GC(33530) Pause Young (Allocation Failure) 275M->195M(277M) 2.649ms
[15331.947s][info][gc,cpu         ] GC(33530) User=0.01s Sys=0.00s Real=0.01s
[15332.408s][info][gc,start       ] GC(33531) Pause Young (Allocation Failure)
[15332.410s][info][gc,heap        ] GC(33531) PSYoungGen: 83168K(84480K)->864K(84480K) Eden: 81920K(81920K)->0K(81920K) From: 1248K(2560K)->864K(2560K)
[15332.410s][info][gc,heap        ] GC(33531) ParOldGen: 198767K(199680K)->198815K(199680K)
[15332.410s][info][gc,metaspace   ] GC(33531) Metaspace: 62355K(62592K)->62355K(62592K) NonClass: 53318K(53504K)->53318K(53504K) Class: 9037K(9088K)->9037K(9088K)
[15332.410s][info][gc             ] GC(33531) Pause Young (Allocation Failure) 275M->194M(277M) 2.136ms
[15332.410s][info][gc,cpu         ] GC(33531) User=0.01s Sys=0.00s Real=0.00s
[15332.887s][info][gc,start       ] GC(33532) Pause Young (Allocation Failure)
[15332.889s][info][gc,heap        ] GC(33532) PSYoungGen: 82784K(84480K)->544K(84480K) Eden: 81920K(81920K)->0K(81920K) From: 864K(2560K)->544K(2560K)
[15332.889s][info][gc,heap        ] GC(33532) ParOldGen: 198815K(199680K)->198863K(199680K)
[15332.889s][info][gc,metaspace   ] GC(33532) Metaspace: 62355K(62592K)->62355K(62592K) NonClass: 53318K(53504K)->53318K(53504K) Class: 9037K(9088K)->9037K(9088K)
[15332.889s][info][gc             ] GC(33532) Pause Young (Allocation Failure) 274M->194M(277M) 1.982ms
[15332.889s][info][gc,cpu         ] GC(33532) User=0.01s Sys=0.00s Real=0.00s
[15333.356s][info][gc,start       ] GC(33533) Pause Young (Allocation Failure)
[15333.360s][info][gc,heap        ] GC(33533) PSYoungGen: 82464K(84480K)->2272K(83456K) Eden: 81920K(81920K)->0K(80896K) From: 544K(2560K)->2272K(2560K)
[15333.360s][info][gc,heap        ] GC(33533) ParOldGen: 198863K(199680K)->198927K(199680K)
[15333.360s][info][gc,metaspace   ] GC(33533) Metaspace: 62355K(62592K)->62355K(62592K) NonClass: 53318K(53504K)->53318K(53504K) Class: 9037K(9088K)->9037K(9088K)
[15333.360s][info][gc             ] GC(33533) Pause Young (Allocation Failure) 274M->196M(276M) 3.990ms
[15333.360s][info][gc,cpu         ] GC(33533) User=0.01s Sys=0.00s Real=0.00s
[15333.836s][info][gc,start       ] GC(33534) Pause Young (Allocation Failure)
[15333.839s][info][gc,heap        ] GC(33534) PSYoungGen: 83168K(83456K)->1088K(83968K) Eden: 80896K(80896K)->0K(80896K) From: 2272K(2560K)->1088K(3072K)
[15333.839s][info][gc,heap        ] GC(33534) ParOldGen: 198927K(199680K)->201032K(201216K)
[15333.839s][info][gc,metaspace   ] GC(33534) Metaspace: 62355K(62592K)->62355K(62592K) NonClass: 53318K(53504K)->53318K(53504K) Class: 9037K(9088K)->9037K(9088K)
[15333.839s][info][gc             ] GC(33534) Pause Young (Allocation Failure) 275M->197M(278M) 3.739ms
[15333.839s][info][gc,cpu         ] GC(33534) User=0.00s Sys=0.00s Real=0.00s
[15334.300s][info][gc,start       ] GC(33535) Pause Young (Allocation Failure)
[15334.302s][info][gc,heap        ] GC(33535) PSYoungGen: 81984K(83968K)->768K(84480K) Eden: 80896K(80896K)->0K(81920K) From: 1088K(3072K)->768K(2560K)
[15334.302s][info][gc,heap        ] GC(33535) ParOldGen: 201032K(201216K)->201088K(201216K)
[15334.302s][info][gc,metaspace   ] GC(33535) Metaspace: 62355K(62592K)->62355K(62592K) NonClass: 53318K(53504K)->53318K(53504K) Class: 9037K(9088K)->9037K(9088K)
[15334.302s][info][gc             ] GC(33535) Pause Young (Allocation Failure) 276M->197M(279M) 2.075ms
[15334.302s][info][gc,cpu         ] GC(33535) User=0.01s Sys=0.00s Real=0.00s
[15334.761s][info][gc,start       ] GC(33536) Pause Young (Allocation Failure)
[15334.763s][info][gc,heap        ] GC(33536) PSYoungGen: 82688K(84480K)->192K(84480K) Eden: 81920K(81920K)->0K(81920K) From: 768K(2560K)->192K(2560K)
[15334.763s][info][gc,heap        ] GC(33536) ParOldGen: 201088K(201216K)->201144K(201216K)
[15334.763s][info][gc,metaspace   ] GC(33536) Metaspace: 62355K(62592K)->62355K(62592K) NonClass: 53318K(53504K)->53318K(53504K) Class: 9037K(9088K)->9037K(9088K)
[15334.763s][info][gc             ] GC(33536) Pause Young (Allocation Failure) 277M->196M(279M) 1.604ms
[15334.763s][info][gc,cpu         ] GC(33536) User=0.01s Sys=0.00s Real=0.00s
[15335.214s][info][gc,start       ] GC(33537) Pause Young (Allocation Failure)
[15335.216s][info][gc,heap        ] GC(33537) PSYoungGen: 82112K(84480K)->960K(84480K) Eden: 81920K(81920K)->0K(81920K) From: 192K(2560K)->960K(2560K)
[15335.216s][info][gc,heap        ] GC(33537) ParOldGen: 201144K(201216K)->201200K(201216K)
[15335.216s][info][gc,metaspace   ] GC(33537) Metaspace: 62355K(62592K)->62355K(62592K) NonClass: 53318K(53504K)->53318K(53504K) Class: 9037K(9088K)->9037K(9088K)
[15335.216s][info][gc             ] GC(33537) Pause Young (Allocation Failure) 276M->197M(279M) 2.223ms
[15335.216s][info][gc,cpu         ] GC(33537) User=0.00s Sys=0.00s Real=0.01s
[15335.666s][info][gc,start       ] GC(33538) Pause Young (Allocation Failure)
[15335.668s][info][gc,heap        ] GC(33538) PSYoungGen: 82880K(84480K)->256K(84480K) Eden: 81920K(81920K)->0K(81920K) From: 960K(2560K)->256K(2560K)
[15335.668s][info][gc,heap        ] GC(33538) ParOldGen: 201200K(201216K)->201256K(201728K)
[15335.668s][info][gc,metaspace   ] GC(33538) Metaspace: 62355K(62592K)->62355K(62592K) NonClass: 53318K(53504K)->53318K(53504K) Class: 9037K(9088K)->9037K(9088K)
[15335.668s][info][gc             ] GC(33538) Pause Young (Allocation Failure) 277M->196M(279M) 1.757ms
[15335.668s][info][gc,cpu         ] GC(33538) User=0.00s Sys=0.00s Real=0.00s
[15336.171s][info][gc,start       ] GC(33539) Pause Young (Allocation Failure)
[15336.173s][info][gc,heap        ] GC(33539) PSYoungGen: 82176K(84480K)->384K(84480K) Eden: 81920K(81920K)->0K(81920K) From: 256K(2560K)->384K(2560K)
[15336.173s][info][gc,heap        ] GC(33539) ParOldGen: 201256K(201728K)->201312K(201728K)
[15336.173s][info][gc,metaspace   ] GC(33539) Metaspace: 62355K(62592K)->62355K(62592K) NonClass: 53318K(53504K)->53318K(53504K) Class: 9037K(9088K)->9037K(9088K)
[15336.173s][info][gc             ] GC(33539) Pause Young (Allocation Failure) 276M->196M(279M) 1.933ms
[15336.173s][info][gc,cpu         ] GC(33539) User=0.00s Sys=0.00s Real=0.00s
[15336.664s][info][gc,start       ] GC(33540) Pause Young (Allocation Failure)
[15336.665s][info][gc,heap        ] GC(33540) PSYoungGen: 82304K(84480K)->224K(84480K) Eden: 81920K(81920K)->0K(81920K) From: 384K(2560K)->224K(2560K)
[15336.665s][info][gc,heap        ] GC(33540) ParOldGen: 201312K(201728K)->201416K(201728K)
[15336.665s][info][gc,metaspace   ] GC(33540) Metaspace: 62355K(62592K)->62355K(62592K) NonClass: 53318K(53504K)->53318K(53504K) Class: 9037K(9088K)->9037K(9088K)
[15336.665s][info][gc             ] GC(33540) Pause Young (Allocation Failure) 276M->196M(279M) 1.724ms
[15336.665s][info][gc,cpu         ] GC(33540) User=0.00s Sys=0.00s Real=0.01s
[15337.115s][info][gc,start       ] GC(33541) Pause Young (Allocation Failure)
[15337.117s][info][gc,heap        ] GC(33541) PSYoungGen: 82144K(84480K)->832K(84480K) Eden: 81920K(81920K)->0K(81920K) From: 224K(2560K)->832K(2560K)
[15337.117s][info][gc,heap        ] GC(33541) ParOldGen: 201416K(201728K)->201472K(201728K)
[15337.117s][info][gc,metaspace   ] GC(33541) Metaspace: 62355K(62592K)->62355K(62592K) NonClass: 53318K(53504K)->53318K(53504K) Class: 9037K(9088K)->9037K(9088K)
[15337.117s][info][gc             ] GC(33541) Pause Young (Allocation Failure) 276M->197M(279M) 2.406ms
[15337.117s][info][gc,cpu         ] GC(33541) User=0.00s Sys=0.00s Real=0.00s
[15337.541s][info][gc,start       ] GC(33542) Pause Young (Allocation Failure)
[15337.544s][info][gc,heap        ] GC(33542) PSYoungGen: 82752K(84480K)->1440K(84480K) Eden: 81920K(81920K)->0K(81920K) From: 832K(2560K)->1440K(2560K)
[15337.544s][info][gc,heap        ] GC(33542) ParOldGen: 201472K(201728K)->201528K(201728K)
[15337.544s][info][gc,metaspace   ] GC(33542) Metaspace: 62355K(62592K)->62355K(62592K) NonClass: 53318K(53504K)->53318K(53504K) Class: 9037K(9088K)->9037K(9088K)
[15337.544s][info][gc             ] GC(33542) Pause Young (Allocation Failure) 277M->198M(279M) 2.739ms
[15337.544s][info][gc,cpu         ] GC(33542) User=0.00s Sys=0.00s Real=0.00s
[15337.965s][info][gc,start       ] GC(33543) Pause Young (Allocation Failure)
[15337.967s][info][gc,heap        ] GC(33543) PSYoungGen: 83360K(84480K)->2304K(83456K) Eden: 81920K(81920K)->0K(80896K) From: 1440K(2560K)->2304K(2560K)
[15337.967s][info][gc,heap        ] GC(33543) ParOldGen: 201528K(201728K)->201584K(201728K)
[15337.967s][info][gc,metaspace   ] GC(33543) Metaspace: 62355K(62592K)->62355K(62592K) NonClass: 53318K(53504K)->53318K(53504K) Class: 9037K(9088K)->9037K(9088K)
[15337.967s][info][gc             ] GC(33543) Pause Young (Allocation Failure) 278M->199M(278M) 2.025ms
[15337.968s][info][gc,cpu         ] GC(33543) User=0.01s Sys=0.00s Real=0.00s
[15338.383s][info][gc,start       ] GC(33544) Pause Young (Allocation Failure)
[15338.386s][info][gc,heap        ] GC(33544) PSYoungGen: 83200K(83456K)->512K(83968K) Eden: 80896K(80896K)->0K(80896K) From: 2304K(2560K)->512K(3072K)
[15338.386s][info][gc,heap        ] GC(33544) ParOldGen: 201584K(201728K)->203688K(204800K)
[15338.386s][info][gc,metaspace   ] GC(33544) Metaspace: 62355K(62592K)->62355K(62592K) NonClass: 53318K(53504K)->53318K(53504K) Class: 9037K(9088K)->9037K(9088K)
[15338.386s][info][gc             ] GC(33544) Pause Young (Allocation Failure) 278M->199M(282M) 3.078ms
[15338.386s][info][gc,cpu         ] GC(33544) User=0.01s Sys=0.00s Real=0.01s
[15338.792s][info][gc,start       ] GC(33545) Pause Young (Allocation Failure)
[15338.794s][info][gc,heap        ] GC(33545) PSYoungGen: 81408K(83968K)->896K(84480K) Eden: 80896K(80896K)->0K(81920K) From: 512K(3072K)->896K(2560K)
[15338.794s][info][gc,heap        ] GC(33545) ParOldGen: 203688K(204800K)->203768K(204800K)
[15338.794s][info][gc,metaspace   ] GC(33545) Metaspace: 62355K(62592K)->62355K(62592K) NonClass: 53318K(53504K)->53318K(53504K) Class: 9037K(9088K)->9037K(9088K)
[15338.794s][info][gc             ] GC(33545) Pause Young (Allocation Failure) 278M->199M(282M) 2.396ms
[15338.794s][info][gc,cpu         ] GC(33545) User=0.01s Sys=0.00s Real=0.01s
[15339.252s][info][gc,start       ] GC(33546) Pause Young (Allocation Failure)
[15339.255s][info][gc,heap        ] GC(33546) PSYoungGen: 82816K(84480K)->1440K(84480K) Eden: 81920K(81920K)->0K(81920K) From: 896K(2560K)->1440K(2560K)
[15339.255s][info][gc,heap        ] GC(33546) ParOldGen: 203768K(204800K)->204008K(204800K)
[15339.255s][info][gc,metaspace   ] GC(33546) Metaspace: 62355K(62592K)->62355K(62592K) NonClass: 53318K(53504K)->53318K(53504K) Class: 9037K(9088K)->9037K(9088K)
[15339.255s][info][gc             ] GC(33546) Pause Young (Allocation Failure) 279M->200M(282M) 3.191ms
[15339.255s][info][gc,cpu         ] GC(33546) User=0.01s Sys=0.00s Real=0.01s
[15339.683s][info][gc,start       ] GC(33547) Pause Young (Allocation Failure)
[15339.685s][info][gc,heap        ] GC(33547) PSYoungGen: 83360K(84480K)->480K(84480K) Eden: 81920K(81920K)->0K(81920K) From: 1440K(2560K)->480K(2560K)
[15339.685s][info][gc,heap        ] GC(33547) ParOldGen: 204008K(204800K)->204056K(204800K)
[15339.685s][info][gc,metaspace   ] GC(33547) Metaspace: 62355K(62592K)->62355K(62592K) NonClass: 53318K(53504K)->53318K(53504K) Class: 9037K(9088K)->9037K(9088K)
[15339.685s][info][gc             ] GC(33547) Pause Young (Allocation Failure) 280M->199M(282M) 2.037ms
[15339.685s][info][gc,cpu         ] GC(33547) User=0.01s Sys=0.00s Real=0.01s
[15340.179s][info][gc,start       ] GC(33548) Pause Young (Allocation Failure)
[15340.181s][info][gc,heap        ] GC(33548) PSYoungGen: 82400K(84480K)->448K(84480K) Eden: 81920K(81920K)->0K(81920K) From: 480K(2560K)->448K(2560K)
[15340.181s][info][gc,heap        ] GC(33548) ParOldGen: 204056K(204800K)->204112K(204800K)
[15340.181s][info][gc,metaspace   ] GC(33548) Metaspace: 62355K(62592K)->62355K(62592K) NonClass: 53318K(53504K)->53318K(53504K) Class: 9037K(9088K)->9037K(9088K)
[15340.181s][info][gc             ] GC(33548) Pause Young (Allocation Failure) 279M->199M(282M) 1.937ms
[15340.181s][info][gc,cpu         ] GC(33548) User=0.00s Sys=0.00s Real=0.00s
[15340.614s][info][gc,start       ] GC(33549) Pause Young (Allocation Failure)
[15340.617s][info][gc,heap        ] GC(33549) PSYoungGen: 82368K(84480K)->992K(84480K) Eden: 81920K(81920K)->0K(81920K) From: 448K(2560K)->992K(2560K)
[15340.617s][info][gc,heap        ] GC(33549) ParOldGen: 204112K(204800K)->204168K(204800K)
[15340.617s][info][gc,metaspace   ] GC(33549) Metaspace: 62355K(62592K)->62355K(62592K) NonClass: 53318K(53504K)->53318K(53504K) Class: 9037K(9088K)->9037K(9088K)
[15340.617s][info][gc             ] GC(33549) Pause Young (Allocation Failure) 279M->200M(282M) 2.617ms
[15340.617s][info][gc,cpu         ] GC(33549) User=0.01s Sys=0.00s Real=0.01s
[15341.070s][info][gc,start       ] GC(33550) Pause Young (Allocation Failure)
[15341.071s][info][gc,heap        ] GC(33550) PSYoungGen: 82912K(84480K)->320K(84480K) Eden: 81920K(81920K)->0K(81920K) From: 992K(2560K)->320K(2560K)
[15341.071s][info][gc,heap        ] GC(33550) ParOldGen: 204168K(204800K)->204224K(204800K)
[15341.071s][info][gc,metaspace   ] GC(33550) Metaspace: 62355K(62592K)->62355K(62592K) NonClass: 53318K(53504K)->53318K(53504K) Class: 9037K(9088K)->9037K(9088K)
[15341.071s][info][gc             ] GC(33550) Pause Young (Allocation Failure) 280M->199M(282M) 1.763ms
[15341.071s][info][gc,cpu         ] GC(33550) User=0.01s Sys=0.00s Real=0.00s
[15341.513s][info][gc,start       ] GC(33551) Pause Young (Allocation Failure)
[15341.516s][info][gc,heap        ] GC(33551) PSYoungGen: 82240K(84480K)->896K(84480K) Eden: 81920K(81920K)->0K(81920K) From: 320K(2560K)->896K(2560K)
[15341.516s][info][gc,heap        ] GC(33551) ParOldGen: 204224K(204800K)->204272K(204800K)
[15341.516s][info][gc,metaspace   ] GC(33551) Metaspace: 62355K(62592K)->62355K(62592K) NonClass: 53318K(53504K)->53318K(53504K) Class: 9037K(9088K)->9037K(9088K)
[15341.516s][info][gc             ] GC(33551) Pause Young (Allocation Failure) 279M->200M(282M) 2.454ms
[15341.516s][info][gc,cpu         ] GC(33551) User=0.00s Sys=0.00s Real=0.01s
[15341.969s][info][gc,start       ] GC(33552) Pause Young (Allocation Failure)
[15341.970s][info][gc,heap        ] GC(33552) PSYoungGen: 82816K(84480K)->288K(84480K) Eden: 81920K(81920K)->0K(81920K) From: 896K(2560K)->288K(2560K)
[15341.970s][info][gc,heap        ] GC(33552) ParOldGen: 204272K(204800K)->204328K(204800K)
[15341.970s][info][gc,metaspace   ] GC(33552) Metaspace: 62355K(62592K)->62355K(62592K) NonClass: 53318K(53504K)->53318K(53504K) Class: 9037K(9088K)->9037K(9088K)
[15341.971s][info][gc             ] GC(33552) Pause Young (Allocation Failure) 280M->199M(282M) 1.844ms
[15341.971s][info][gc,cpu         ] GC(33552) User=0.00s Sys=0.00s Real=0.00s
[15342.414s][info][gc,start       ] GC(33553) Pause Young (Allocation Failure)
[15342.417s][info][gc,heap        ] GC(33553) PSYoungGen: 82208K(84480K)->896K(84992K) Eden: 81920K(81920K)->0K(82432K) From: 288K(2560K)->896K(2560K)
[15342.417s][info][gc,heap        ] GC(33553) ParOldGen: 204328K(204800K)->204384K(204800K)
[15342.417s][info][gc,metaspace   ] GC(33553) Metaspace: 62355K(62592K)->62355K(62592K) NonClass: 53318K(53504K)->53318K(53504K) Class: 9037K(9088K)->9037K(9088K)
[15342.417s][info][gc             ] GC(33553) Pause Young (Allocation Failure) 279M->200M(283M) 2.425ms
[15342.417s][info][gc,cpu         ] GC(33553) User=0.01s Sys=0.00s Real=0.00s
[15342.902s][info][gc,start       ] GC(33554) Pause Young (Allocation Failure)
[15342.904s][info][gc,heap        ] GC(33554) PSYoungGen: 83328K(84992K)->736K(84480K) Eden: 82432K(82432K)->0K(82432K) From: 896K(2560K)->736K(2048K)
[15342.904s][info][gc,heap        ] GC(33554) ParOldGen: 204384K(204800K)->204432K(204800K)
[15342.904s][info][gc,metaspace   ] GC(33554) Metaspace: 62355K(62592K)->62355K(62592K) NonClass: 53318K(53504K)->53318K(53504K) Class: 9037K(9088K)->9037K(9088K)
[15342.904s][info][gc             ] GC(33554) Pause Young (Allocation Failure) 280M->200M(282M) 2.179ms
[15342.904s][info][gc,cpu         ] GC(33554) User=0.00s Sys=0.00s Real=0.00s
[15343.384s][info][gc,start       ] GC(33555) Pause Young (Allocation Failure)
[15343.386s][info][gc,heap        ] GC(33555) PSYoungGen: 83168K(84480K)->480K(84992K) Eden: 82432K(82432K)->0K(82944K) From: 736K(2048K)->480K(2048K)
[15343.386s][info][gc,heap        ] GC(33555) ParOldGen: 204432K(204800K)->204488K(204800K)
[15343.386s][info][gc,metaspace   ] GC(33555) Metaspace: 62355K(62592K)->62355K(62592K) NonClass: 53318K(53504K)->53318K(53504K) Class: 9037K(9088K)->9037K(9088K)
[15343.386s][info][gc             ] GC(33555) Pause Young (Allocation Failure) 280M->200M(283M) 2.021ms
[15343.386s][info][gc,cpu         ] GC(33555) User=0.01s Sys=0.00s Real=0.00s
[15343.922s][info][gc,start       ] GC(33556) Pause Young (Allocation Failure)
[15343.924s][info][gc,heap        ] GC(33556) PSYoungGen: 83424K(84992K)->1120K(84992K) Eden: 82944K(82944K)->0K(82944K) From: 480K(2048K)->1120K(2048K)
[15343.924s][info][gc,heap        ] GC(33556) ParOldGen: 204488K(204800K)->204536K(204800K)
[15343.924s][info][gc,metaspace   ] GC(33556) Metaspace: 62355K(62592K)->62355K(62592K) NonClass: 53318K(53504K)->53318K(53504K) Class: 9037K(9088K)->9037K(9088K)
[15343.924s][info][gc             ] GC(33556) Pause Young (Allocation Failure) 281M->200M(283M) 2.620ms
[15343.924s][info][gc,cpu         ] GC(33556) User=0.00s Sys=0.00s Real=0.01s
[15344.343s][info][gc,start       ] GC(33557) Pause Young (Allocation Failure)
[15344.346s][info][gc,heap        ] GC(33557) PSYoungGen: 84064K(84992K)->1472K(84992K) Eden: 82944K(82944K)->0K(82944K) From: 1120K(2048K)->1472K(2048K)
[15344.346s][info][gc,heap        ] GC(33557) ParOldGen: 204536K(204800K)->204632K(204800K)
[15344.346s][info][gc,metaspace   ] GC(33557) Metaspace: 62355K(62592K)->62355K(62592K) NonClass: 53318K(53504K)->53318K(53504K) Class: 9037K(9088K)->9037K(9088K)
[15344.346s][info][gc             ] GC(33557) Pause Young (Allocation Failure) 281M->201M(283M) 3.069ms
[15344.346s][info][gc,cpu         ] GC(33557) User=0.01s Sys=0.00s Real=0.01s
[15344.742s][info][gc,start       ] GC(33558) Pause Young (Allocation Failure)
[15344.745s][info][gc,heap        ] GC(33558) PSYoungGen: 84416K(84992K)->1536K(84480K) Eden: 82944K(82944K)->0K(82944K) From: 1472K(2048K)->1536K(1536K)
[15344.745s][info][gc,heap        ] GC(33558) ParOldGen: 204632K(204800K)->204680K(204800K)
[15344.745s][info][gc,metaspace   ] GC(33558) Metaspace: 62355K(62592K)->62355K(62592K) NonClass: 53318K(53504K)->53318K(53504K) Class: 9037K(9088K)->9037K(9088K)
[15344.745s][info][gc             ] GC(33558) Pause Young (Allocation Failure) 282M->201M(282M) 2.988ms
[15344.745s][info][gc,cpu         ] GC(33558) User=0.01s Sys=0.00s Real=0.01s
[15345.134s][info][gc,start       ] GC(33559) Pause Young (Allocation Failure)
[15345.137s][info][gc,heap        ] GC(33559) PSYoungGen: 84480K(84480K)->1376K(84480K) Eden: 82944K(82944K)->0K(81920K) From: 1536K(1536K)->1376K(2560K)
[15345.137s][info][gc,heap        ] GC(33559) ParOldGen: 204680K(204800K)->204728K(204800K)
[15345.137s][info][gc,metaspace   ] GC(33559) Metaspace: 62355K(62592K)->62355K(62592K) NonClass: 53318K(53504K)->53318K(53504K) Class: 9037K(9088K)->9037K(9088K)
[15345.137s][info][gc             ] GC(33559) Pause Young (Allocation Failure) 282M->201M(282M) 2.845ms
[15345.137s][info][gc,cpu         ] GC(33559) User=0.01s Sys=0.00s Real=0.00s
[15345.619s][info][gc,start       ] GC(33560) Pause Young (Allocation Failure)
[15345.621s][info][gc,heap        ] GC(33560) PSYoungGen: 83296K(84480K)->1024K(84480K) Eden: 81920K(81920K)->0K(81920K) From: 1376K(2560K)->1024K(2560K)
[15345.621s][info][gc,heap        ] GC(33560) ParOldGen: 204728K(204800K)->204776K(204800K)
[15345.621s][info][gc,metaspace   ] GC(33560) Metaspace: 62355K(62592K)->62355K(62592K) NonClass: 53318K(53504K)->53318K(53504K) Class: 9037K(9088K)->9037K(9088K)
[15345.621s][info][gc             ] GC(33560) Pause Young (Allocation Failure) 281M->200M(282M) 2.615ms
[15345.621s][info][gc,cpu         ] GC(33560) User=0.00s Sys=0.00s Real=0.00s
[15346.060s][info][gc,start       ] GC(33561) Pause Young (Allocation Failure)
[15346.063s][info][gc,heap        ] GC(33561) PSYoungGen: 82944K(84480K)->1600K(84480K) Eden: 81920K(81920K)->0K(81920K) From: 1024K(2560K)->1600K(2560K)
[15346.063s][info][gc,heap        ] GC(33561) ParOldGen: 204776K(204800K)->204824K(205312K)
[15346.063s][info][gc,metaspace   ] GC(33561) Metaspace: 62355K(62592K)->62355K(62592K) NonClass: 53318K(53504K)->53318K(53504K) Class: 9037K(9088K)->9037K(9088K)
[15346.063s][info][gc             ] GC(33561) Pause Young (Allocation Failure) 280M->201M(283M) 3.164ms
[15346.063s][info][gc,cpu         ] GC(33561) User=0.01s Sys=0.00s Real=0.00s
[15346.480s][info][gc,start       ] GC(33562) Pause Young (Allocation Failure)
[15346.482s][info][gc,heap        ] GC(33562) PSYoungGen: 83520K(84480K)->448K(84480K) Eden: 81920K(81920K)->0K(81920K) From: 1600K(2560K)->448K(2560K)
[15346.482s][info][gc,heap        ] GC(33562) ParOldGen: 204824K(205312K)->204880K(205312K)
[15346.482s][info][gc,metaspace   ] GC(33562) Metaspace: 62355K(62592K)->62355K(62592K) NonClass: 53318K(53504K)->53318K(53504K) Class: 9037K(9088K)->9037K(9088K)
[15346.482s][info][gc             ] GC(33562) Pause Young (Allocation Failure) 281M->200M(283M) 1.885ms
[15346.482s][info][gc,cpu         ] GC(33562) User=0.00s Sys=0.00s Real=0.00s
[15346.884s][info][gc,start       ] GC(33563) Pause Young (Allocation Failure)
[15346.886s][info][gc,heap        ] GC(33563) PSYoungGen: 82368K(84480K)->544K(84480K) Eden: 81920K(81920K)->0K(81920K) From: 448K(2560K)->544K(2560K)
[15346.886s][info][gc,heap        ] GC(33563) ParOldGen: 204880K(205312K)->204936K(205312K)
[15346.886s][info][gc,metaspace   ] GC(33563) Metaspace: 62355K(62592K)->62355K(62592K) NonClass: 53318K(53504K)->53318K(53504K) Class: 9037K(9088K)->9037K(9088K)
[15346.886s][info][gc             ] GC(33563) Pause Young (Allocation Failure) 280M->200M(283M) 1.975ms
[15346.886s][info][gc,cpu         ] GC(33563) User=0.00s Sys=0.00s Real=0.01s
[15347.308s][info][gc,start       ] GC(33564) Pause Young (Allocation Failure)
[15347.311s][info][gc,heap        ] GC(33564) PSYoungGen: 82464K(84480K)->1888K(84480K) Eden: 81920K(81920K)->0K(81920K) From: 544K(2560K)->1888K(2560K)
[15347.311s][info][gc,heap        ] GC(33564) ParOldGen: 204936K(205312K)->204992K(205312K)
[15347.311s][info][gc,metaspace   ] GC(33564) Metaspace: 62355K(62592K)->62355K(62592K) NonClass: 53318K(53504K)->53318K(53504K) Class: 9037K(9088K)->9037K(9088K)
[15347.311s][info][gc             ] GC(33564) Pause Young (Allocation Failure) 280M->202M(283M) 2.328ms
[15347.311s][info][gc,cpu         ] GC(33564) User=0.00s Sys=0.00s Real=0.00s
[15347.755s][info][gc,start       ] GC(33565) Pause Young (Allocation Failure)
[15347.758s][info][gc,heap        ] GC(33565) PSYoungGen: 83808K(84480K)->1536K(84480K) Eden: 81920K(81920K)->0K(81920K) From: 1888K(2560K)->1536K(2560K)
[15347.758s][info][gc,heap        ] GC(33565) ParOldGen: 204992K(205312K)->206064K(206848K)
[15347.758s][info][gc,metaspace   ] GC(33565) Metaspace: 62355K(62592K)->62355K(62592K) NonClass: 53318K(53504K)->53318K(53504K) Class: 9037K(9088K)->9037K(9088K)
[15347.758s][info][gc             ] GC(33565) Pause Young (Allocation Failure) 282M->202M(284M) 3.617ms
[15347.759s][info][gc,cpu         ] GC(33565) User=0.01s Sys=0.00s Real=0.00s
[15348.227s][info][gc,start       ] GC(33566) Pause Young (Allocation Failure)
[15348.229s][info][gc,heap        ] GC(33566) PSYoungGen: 83456K(84480K)->992K(84480K) Eden: 81920K(81920K)->0K(81920K) From: 1536K(2560K)->992K(2560K)
[15348.229s][info][gc,heap        ] GC(33566) ParOldGen: 206064K(206848K)->206120K(206848K)
[15348.229s][info][gc,metaspace   ] GC(33566) Metaspace: 62355K(62592K)->62355K(62592K) NonClass: 53318K(53504K)->53318K(53504K) Class: 9037K(9088K)->9037K(9088K)
[15348.229s][info][gc             ] GC(33566) Pause Young (Allocation Failure) 282M->202M(284M) 2.508ms
[15348.229s][info][gc,cpu         ] GC(33566) User=0.00s Sys=0.00s Real=0.00s
[15348.730s][info][gc,start       ] GC(33567) Pause Young (Allocation Failure)
[15348.733s][info][gc,heap        ] GC(33567) PSYoungGen: 82912K(84480K)->1056K(84480K) Eden: 81920K(81920K)->0K(81920K) From: 992K(2560K)->1056K(2560K)
[15348.733s][info][gc,heap        ] GC(33567) ParOldGen: 206120K(206848K)->206176K(206848K)
[15348.733s][info][gc,metaspace   ] GC(33567) Metaspace: 62355K(62592K)->62355K(62592K) NonClass: 53318K(53504K)->53318K(53504K) Class: 9037K(9088K)->9037K(9088K)
[15348.733s][info][gc             ] GC(33567) Pause Young (Allocation Failure) 282M->202M(284M) 2.772ms
[15348.733s][info][gc,cpu         ] GC(33567) User=0.00s Sys=0.00s Real=0.00s
[15349.240s][info][gc,start       ] GC(33568) Pause Young (Allocation Failure)
[15349.242s][info][gc,heap        ] GC(33568) PSYoungGen: 82976K(84480K)->1120K(84480K) Eden: 81920K(81920K)->0K(81920K) From: 1056K(2560K)->1120K(2560K)
[15349.242s][info][gc,heap        ] GC(33568) ParOldGen: 206176K(206848K)->206224K(206848K)
[15349.242s][info][gc,metaspace   ] GC(33568) Metaspace: 62355K(62592K)->62355K(62592K) NonClass: 53318K(53504K)->53318K(53504K) Class: 9037K(9088K)->9037K(9088K)
[15349.242s][info][gc             ] GC(33568) Pause Young (Allocation Failure) 282M->202M(284M) 2.714ms
[15349.242s][info][gc,cpu         ] GC(33568) User=0.01s Sys=0.00s Real=0.00s
[15349.698s][info][gc,start       ] GC(33569) Pause Young (Allocation Failure)
[15349.700s][info][gc,heap        ] GC(33569) PSYoungGen: 83040K(84480K)->672K(84992K) Eden: 81920K(81920K)->0K(82432K) From: 1120K(2560K)->672K(2560K)
[15349.700s][info][gc,heap        ] GC(33569) ParOldGen: 206224K(206848K)->206280K(206848K)
[15349.700s][info][gc,metaspace   ] GC(33569) Metaspace: 62355K(62592K)->62355K(62592K) NonClass: 53318K(53504K)->53318K(53504K) Class: 9037K(9088K)->9037K(9088K)
[15349.700s][info][gc             ] GC(33569) Pause Young (Allocation Failure) 282M->202M(285M) 2.278ms
[15349.700s][info][gc,cpu         ] GC(33569) User=0.01s Sys=0.00s Real=0.00s
[15350.139s][info][gc,start       ] GC(33570) Pause Young (Allocation Failure)
[15350.141s][info][gc,heap        ] GC(33570) PSYoungGen: 83104K(84992K)->1280K(84480K) Eden: 82432K(82432K)->0K(82432K) From: 672K(2560K)->1280K(2048K)
[15350.141s][info][gc,heap        ] GC(33570) ParOldGen: 206280K(206848K)->206336K(206848K)
[15350.141s][info][gc,metaspace   ] GC(33570) Metaspace: 62355K(62592K)->62355K(62592K) NonClass: 53318K(53504K)->53318K(53504K) Class: 9037K(9088K)->9037K(9088K)
[15350.141s][info][gc             ] GC(33570) Pause Young (Allocation Failure) 282M->202M(284M) 2.850ms
[15350.141s][info][gc,cpu         ] GC(33570) User=0.01s Sys=0.00s Real=0.00s
[15350.654s][info][gc,start       ] GC(33571) Pause Young (Allocation Failure)
[15350.657s][info][gc,heap        ] GC(33571) PSYoungGen: 83712K(84480K)->1312K(84992K) Eden: 82432K(82432K)->0K(82944K) From: 1280K(2048K)->1312K(2048K)
[15350.657s][info][gc,heap        ] GC(33571) ParOldGen: 206336K(206848K)->206384K(206848K)
[15350.657s][info][gc,metaspace   ] GC(33571) Metaspace: 62355K(62592K)->62355K(62592K) NonClass: 53318K(53504K)->53318K(53504K) Class: 9037K(9088K)->9037K(9088K)
[15350.657s][info][gc             ] GC(33571) Pause Young (Allocation Failure) 283M->202M(285M) 2.952ms
[15350.657s][info][gc,cpu         ] GC(33571) User=0.01s Sys=0.00s Real=0.00s
[15351.170s][info][gc,start       ] GC(33572) Pause Young (Allocation Failure)
[15351.171s][info][gc,heap        ] GC(33572) PSYoungGen: 84256K(84992K)->288K(83456K) Eden: 82944K(82944K)->0K(82944K) From: 1312K(2048K)->288K(512K)
[15351.172s][info][gc,heap        ] GC(33572) ParOldGen: 206384K(206848K)->206432K(206848K)
[15351.172s][info][gc,metaspace   ] GC(33572) Metaspace: 62355K(62592K)->62355K(62592K) NonClass: 53318K(53504K)->53318K(53504K) Class: 9037K(9088K)->9037K(9088K)
[15351.172s][info][gc             ] GC(33572) Pause Young (Allocation Failure) 283M->201M(283M) 1.837ms
[15351.172s][info][gc,cpu         ] GC(33572) User=0.01s Sys=0.00s Real=0.00s
[15351.698s][info][gc,start       ] GC(33573) Pause Young (Allocation Failure)
[15351.700s][info][gc,heap        ] GC(33573) PSYoungGen: 83232K(83456K)->768K(84992K) Eden: 82944K(82944K)->0K(82432K) From: 288K(512K)->768K(2560K)
[15351.700s][info][gc,heap        ] GC(33573) ParOldGen: 206432K(206848K)->206480K(206848K)
[15351.700s][info][gc,metaspace   ] GC(33573) Metaspace: 62355K(62592K)->62355K(62592K) NonClass: 53318K(53504K)->53318K(53504K) Class: 9037K(9088K)->9037K(9088K)
[15351.700s][info][gc             ] GC(33573) Pause Young (Allocation Failure) 282M->202M(285M) 2.315ms
[15351.700s][info][gc,cpu         ] GC(33573) User=0.00s Sys=0.00s Real=0.00s
[15352.193s][info][gc,start       ] GC(33574) Pause Young (Allocation Failure)
[15352.195s][info][gc,heap        ] GC(33574) PSYoungGen: 83200K(84992K)->640K(84480K) Eden: 82432K(82432K)->0K(82432K) From: 768K(2560K)->640K(2048K)
[15352.195s][info][gc,heap        ] GC(33574) ParOldGen: 206480K(206848K)->206584K(206848K)
[15352.195s][info][gc,metaspace   ] GC(33574) Metaspace: 62355K(62592K)->62355K(62592K) NonClass: 53318K(53504K)->53318K(53504K) Class: 9037K(9088K)->9037K(9088K)
[15352.195s][info][gc             ] GC(33574) Pause Young (Allocation Failure) 282M->202M(284M) 2.186ms
[15352.195s][info][gc,cpu         ] GC(33574) User=0.00s Sys=0.00s Real=0.01s
[15352.630s][info][gc,start       ] GC(33575) Pause Young (Allocation Failure)
[15352.634s][info][gc,heap        ] GC(33575) PSYoungGen: 83072K(84480K)->2016K(82944K) Eden: 82432K(82432K)->0K(80896K) From: 640K(2048K)->2016K(2048K)
[15352.634s][info][gc,heap        ] GC(33575) ParOldGen: 206584K(206848K)->207840K(208384K)
[15352.634s][info][gc,metaspace   ] GC(33575) Metaspace: 62355K(62592K)->62355K(62592K) NonClass: 53318K(53504K)->53318K(53504K) Class: 9037K(9088K)->9037K(9088K)
[15352.634s][info][gc             ] GC(33575) Pause Young (Allocation Failure) 282M->204M(284M) 3.352ms
[15352.634s][info][gc,cpu         ] GC(33575) User=0.01s Sys=0.00s Real=0.00s
[15353.055s][info][gc,start       ] GC(33576) Pause Young (Allocation Failure)
[15353.059s][info][gc,heap        ] GC(33576) PSYoungGen: 82912K(82944K)->1440K(83968K) Eden: 80896K(80896K)->0K(80896K) From: 2016K(2048K)->1440K(3072K)
[15353.059s][info][gc,heap        ] GC(33576) ParOldGen: 207840K(208384K)->208880K(209920K)
[15353.059s][info][gc,metaspace   ] GC(33576) Metaspace: 62355K(62592K)->62355K(62592K) NonClass: 53318K(53504K)->53318K(53504K) Class: 9037K(9088K)->9037K(9088K)
[15353.059s][info][gc             ] GC(33576) Pause Young (Allocation Failure) 283M->205M(287M) 3.673ms
[15353.059s][info][gc,cpu         ] GC(33576) User=0.01s Sys=0.00s Real=0.00s
[15353.530s][info][gc,start       ] GC(33577) Pause Young (Allocation Failure)
[15353.533s][info][gc,heap        ] GC(33577) PSYoungGen: 82336K(83968K)->1088K(84480K) Eden: 80896K(80896K)->0K(81408K) From: 1440K(3072K)->1088K(3072K)
[15353.533s][info][gc,heap        ] GC(33577) ParOldGen: 208880K(209920K)->208936K(209920K)
[15353.533s][info][gc,metaspace   ] GC(33577) Metaspace: 62355K(62592K)->62355K(62592K) NonClass: 53318K(53504K)->53318K(53504K) Class: 9037K(9088K)->9037K(9088K)
[15353.533s][info][gc             ] GC(33577) Pause Young (Allocation Failure) 284M->205M(287M) 2.663ms
[15353.533s][info][gc,cpu         ] GC(33577) User=0.01s Sys=0.00s Real=0.00s
[15353.961s][info][gc,start       ] GC(33578) Pause Young (Allocation Failure)
[15353.965s][info][gc,heap        ] GC(33578) PSYoungGen: 82496K(84480K)->1728K(83968K) Eden: 81408K(81408K)->0K(81408K) From: 1088K(3072K)->1728K(2560K)
[15353.965s][info][gc,heap        ] GC(33578) ParOldGen: 208936K(209920K)->208992K(209920K)
[15353.965s][info][gc,metaspace   ] GC(33578) Metaspace: 62355K(62592K)->62355K(62592K) NonClass: 53318K(53504K)->53318K(53504K) Class: 9037K(9088K)->9037K(9088K)
[15353.965s][info][gc             ] GC(33578) Pause Young (Allocation Failure) 284M->205M(287M) 3.276ms
[15353.965s][info][gc,cpu         ] GC(33578) User=0.01s Sys=0.00s Real=0.01s
[15354.386s][info][gc,start       ] GC(33579) Pause Young (Allocation Failure)
[15354.388s][info][gc,heap        ] GC(33579) PSYoungGen: 83136K(83968K)->544K(83968K) Eden: 81408K(81408K)->0K(80896K) From: 1728K(2560K)->544K(3072K)
[15354.388s][info][gc,heap        ] GC(33579) ParOldGen: 208992K(209920K)->209048K(209920K)
[15354.388s][info][gc,metaspace   ] GC(33579) Metaspace: 62355K(62592K)->62355K(62592K) NonClass: 53318K(53504K)->53318K(53504K) Class: 9037K(9088K)->9037K(9088K)
[15354.388s][info][gc             ] GC(33579) Pause Young (Allocation Failure) 285M->204M(287M) 2.098ms
[15354.388s][info][gc,cpu         ] GC(33579) User=0.01s Sys=0.00s Real=0.00s
[15354.855s][info][gc,start       ] GC(33580) Pause Young (Allocation Failure)
[15354.858s][info][gc,heap        ] GC(33580) PSYoungGen: 81440K(83968K)->1408K(83968K) Eden: 80896K(80896K)->0K(80896K) From: 544K(3072K)->1408K(3072K)
[15354.858s][info][gc,heap        ] GC(33580) ParOldGen: 209048K(209920K)->209104K(209920K)
[15354.858s][info][gc,metaspace   ] GC(33580) Metaspace: 62355K(62592K)->62355K(62592K) NonClass: 53318K(53504K)->53318K(53504K) Class: 9037K(9088K)->9037K(9088K)
[15354.858s][info][gc             ] GC(33580) Pause Young (Allocation Failure) 283M->205M(287M) 2.971ms
[15354.858s][info][gc,cpu         ] GC(33580) User=0.00s Sys=0.00s Real=0.00s
[15355.372s][info][gc,start       ] GC(33581) Pause Young (Allocation Failure)
[15355.374s][info][gc,heap        ] GC(33581) PSYoungGen: 82304K(83968K)->320K(84480K) Eden: 80896K(80896K)->0K(81920K) From: 1408K(3072K)->320K(2560K)
[15355.374s][info][gc,heap        ] GC(33581) ParOldGen: 209104K(209920K)->209152K(209920K)
[15355.374s][info][gc,metaspace   ] GC(33581) Metaspace: 62355K(62592K)->62355K(62592K) NonClass: 53318K(53504K)->53318K(53504K) Class: 9037K(9088K)->9037K(9088K)
[15355.374s][info][gc             ] GC(33581) Pause Young (Allocation Failure) 284M->204M(287M) 1.755ms
[15355.374s][info][gc,cpu         ] GC(33581) User=0.00s Sys=0.00s Real=0.00s
[15355.830s][info][gc,start       ] GC(33582) Pause Young (Allocation Failure)
[15355.832s][info][gc,heap        ] GC(33582) PSYoungGen: 82240K(84480K)->1184K(84480K) Eden: 81920K(81920K)->0K(81920K) From: 320K(2560K)->1184K(2560K)
[15355.832s][info][gc,heap        ] GC(33582) ParOldGen: 209152K(209920K)->209208K(209920K)
[15355.832s][info][gc,metaspace   ] GC(33582) Metaspace: 62355K(62592K)->62355K(62592K) NonClass: 53318K(53504K)->53318K(53504K) Class: 9037K(9088K)->9037K(9088K)
[15355.832s][info][gc             ] GC(33582) Pause Young (Allocation Failure) 284M->205M(287M) 2.511ms
[15355.832s][info][gc,cpu         ] GC(33582) User=0.01s Sys=0.00s Real=0.00s
[15356.285s][info][gc,start       ] GC(33583) Pause Young (Allocation Failure)
[15356.287s][info][gc,heap        ] GC(33583) PSYoungGen: 83104K(84480K)->512K(84480K) Eden: 81920K(81920K)->0K(81920K) From: 1184K(2560K)->512K(2560K)
[15356.287s][info][gc,heap        ] GC(33583) ParOldGen: 209208K(209920K)->209256K(209920K)
[15356.287s][info][gc,metaspace   ] GC(33583) Metaspace: 62355K(62592K)->62355K(62592K) NonClass: 53318K(53504K)->53318K(53504K) Class: 9037K(9088K)->9037K(9088K)
[15356.288s][info][gc             ] GC(33583) Pause Young (Allocation Failure) 285M->204M(287M) 2.043ms
[15356.288s][info][gc,cpu         ] GC(33583) User=0.00s Sys=0.00s Real=0.00s
[15356.791s][info][gc,start       ] GC(33584) Pause Young (Allocation Failure)
[15356.793s][info][gc,heap        ] GC(33584) PSYoungGen: 82432K(84480K)->544K(84480K) Eden: 81920K(81920K)->0K(81920K) From: 512K(2560K)->544K(2560K)
[15356.793s][info][gc,heap        ] GC(33584) ParOldGen: 209256K(209920K)->209312K(209920K)
[15356.793s][info][gc,metaspace   ] GC(33584) Metaspace: 62355K(62592K)->62355K(62592K) NonClass: 53318K(53504K)->53318K(53504K) Class: 9037K(9088K)->9037K(9088K)
[15356.793s][info][gc             ] GC(33584) Pause Young (Allocation Failure) 284M->204M(287M) 2.190ms
[15356.793s][info][gc,cpu         ] GC(33584) User=0.01s Sys=0.00s Real=0.00s
[15357.337s][info][gc,start       ] GC(33585) Pause Young (Allocation Failure)
[15357.339s][info][gc,heap        ] GC(33585) PSYoungGen: 82464K(84480K)->1024K(84480K) Eden: 81920K(81920K)->0K(81920K) From: 544K(2560K)->1024K(2560K)
[15357.340s][info][gc,heap        ] GC(33585) ParOldGen: 209312K(209920K)->209360K(209920K)
[15357.340s][info][gc,metaspace   ] GC(33585) Metaspace: 62355K(62592K)->62355K(62592K) NonClass: 53318K(53504K)->53318K(53504K) Class: 9037K(9088K)->9037K(9088K)
[15357.340s][info][gc             ] GC(33585) Pause Young (Allocation Failure) 284M->205M(287M) 2.578ms
[15357.340s][info][gc,cpu         ] GC(33585) User=0.00s Sys=0.00s Real=0.00s
[15357.843s][info][gc,start       ] GC(33586) Pause Young (Allocation Failure)
[15357.845s][info][gc,heap        ] GC(33586) PSYoungGen: 82944K(84480K)->1312K(84480K) Eden: 81920K(81920K)->0K(81920K) From: 1024K(2560K)->1312K(2560K)
[15357.845s][info][gc,heap        ] GC(33586) ParOldGen: 209360K(209920K)->209416K(209920K)
[15357.845s][info][gc,metaspace   ] GC(33586) Metaspace: 62355K(62592K)->62355K(62592K) NonClass: 53318K(53504K)->53318K(53504K) Class: 9037K(9088K)->9037K(9088K)
[15357.845s][info][gc             ] GC(33586) Pause Young (Allocation Failure) 285M->205M(287M) 2.951ms
[15357.845s][info][gc,cpu         ] GC(33586) User=0.01s Sys=0.00s Real=0.01s
[15358.336s][info][gc,start       ] GC(33587) Pause Young (Allocation Failure)
[15358.339s][info][gc,heap        ] GC(33587) PSYoungGen: 83232K(84480K)->1120K(84480K) Eden: 81920K(81920K)->0K(81920K) From: 1312K(2560K)->1120K(2560K)
[15358.339s][info][gc,heap        ] GC(33587) ParOldGen: 209416K(209920K)->209472K(209920K)
[15358.339s][info][gc,metaspace   ] GC(33587) Metaspace: 62355K(62592K)->62355K(62592K) NonClass: 53318K(53504K)->53318K(53504K) Class: 9037K(9088K)->9037K(9088K)
[15358.339s][info][gc             ] GC(33587) Pause Young (Allocation Failure) 285M->205M(287M) 2.640ms
[15358.339s][info][gc,cpu         ] GC(33587) User=0.01s Sys=0.00s Real=0.00s
[15358.837s][info][gc,start       ] GC(33588) Pause Young (Allocation Failure)
[15358.839s][info][gc,heap        ] GC(33588) PSYoungGen: 83040K(84480K)->1216K(84480K) Eden: 81920K(81920K)->0K(81920K) From: 1120K(2560K)->1216K(2560K)
[15358.839s][info][gc,heap        ] GC(33588) ParOldGen: 209472K(209920K)->209528K(209920K)
[15358.839s][info][gc,metaspace   ] GC(33588) Metaspace: 62355K(62592K)->62355K(62592K) NonClass: 53318K(53504K)->53318K(53504K) Class: 9037K(9088K)->9037K(9088K)
[15358.839s][info][gc             ] GC(33588) Pause Young (Allocation Failure) 285M->205M(287M) 2.786ms
[15358.839s][info][gc,cpu         ] GC(33588) User=0.01s Sys=0.00s Real=0.00s
[15359.291s][info][gc,start       ] GC(33589) Pause Young (Allocation Failure)
[15359.293s][info][gc,heap        ] GC(33589) PSYoungGen: 83136K(84480K)->576K(84480K) Eden: 81920K(81920K)->0K(81920K) From: 1216K(2560K)->576K(2560K)
[15359.293s][info][gc,heap        ] GC(33589) ParOldGen: 209528K(209920K)->209584K(209920K)
[15359.293s][info][gc,metaspace   ] GC(33589) Metaspace: 62355K(62592K)->62355K(62592K) NonClass: 53318K(53504K)->53318K(53504K) Class: 9037K(9088K)->9037K(9088K)
[15359.293s][info][gc             ] GC(33589) Pause Young (Allocation Failure) 285M->205M(287M) 2.143ms
[15359.293s][info][gc,cpu         ] GC(33589) User=0.00s Sys=0.00s Real=0.00s
[15359.768s][info][gc,start       ] GC(33590) Pause Young (Allocation Failure)
[15359.769s][info][gc,heap        ] GC(33590) PSYoungGen: 82496K(84480K)->352K(84480K) Eden: 81920K(81920K)->0K(81920K) From: 576K(2560K)->352K(2560K)
[15359.769s][info][gc,heap        ] GC(33590) ParOldGen: 209584K(209920K)->209640K(209920K)
[15359.769s][info][gc,metaspace   ] GC(33590) Metaspace: 62355K(62592K)->62355K(62592K) NonClass: 53318K(53504K)->53318K(53504K) Class: 9037K(9088K)->9037K(9088K)
[15359.769s][info][gc             ] GC(33590) Pause Young (Allocation Failure) 285M->205M(287M) 1.868ms
[15359.769s][info][gc,cpu         ] GC(33590) User=0.01s Sys=0.00s Real=0.00s
[15360.180s][info][gc,start       ] GC(33591) Pause Young (Allocation Failure)
[15360.182s][info][gc,heap        ] GC(33591) PSYoungGen: 82272K(84480K)->448K(84992K) Eden: 81920K(81920K)->0K(82432K) From: 352K(2560K)->448K(2560K)
[15360.182s][info][gc,heap        ] GC(33591) ParOldGen: 209640K(209920K)->209744K(209920K)
[15360.182s][info][gc,metaspace   ] GC(33591) Metaspace: 62355K(62592K)->62355K(62592K) NonClass: 53318K(53504K)->53318K(53504K) Class: 9037K(9088K)->9037K(9088K)
[15360.182s][info][gc             ] GC(33591) Pause Young (Allocation Failure) 285M->205M(288M) 2.105ms
[15360.182s][info][gc,cpu         ] GC(33591) User=0.00s Sys=0.00s Real=0.00s
[15360.641s][info][gc,start       ] GC(33592) Pause Young (Allocation Failure)
[15360.644s][info][gc,heap        ] GC(33592) PSYoungGen: 82880K(84992K)->1216K(84480K) Eden: 82432K(82432K)->0K(82432K) From: 448K(2560K)->1216K(2048K)
[15360.644s][info][gc,heap        ] GC(33592) ParOldGen: 209744K(209920K)->209800K(209920K)
[15360.644s][info][gc,metaspace   ] GC(33592) Metaspace: 62355K(62592K)->62355K(62592K) NonClass: 53318K(53504K)->53318K(53504K) Class: 9037K(9088K)->9037K(9088K)
[15360.644s][info][gc             ] GC(33592) Pause Young (Allocation Failure) 285M->206M(287M) 2.728ms
[15360.644s][info][gc,cpu         ] GC(33592) User=0.01s Sys=0.00s Real=0.00s
[15361.106s][info][gc,start       ] GC(33593) Pause Young (Allocation Failure)
[15361.109s][info][gc,heap        ] GC(33593) PSYoungGen: 83648K(84480K)->896K(84992K) Eden: 82432K(82432K)->0K(82944K) From: 1216K(2048K)->896K(2048K)
[15361.109s][info][gc,heap        ] GC(33593) ParOldGen: 209800K(209920K)->209856K(209920K)
[15361.109s][info][gc,metaspace   ] GC(33593) Metaspace: 62355K(62592K)->62355K(62592K) NonClass: 53318K(53504K)->53318K(53504K) Class: 9037K(9088K)->9037K(9088K)
[15361.109s][info][gc             ] GC(33593) Pause Young (Allocation Failure) 286M->205M(288M) 2.422ms
[15361.109s][info][gc,cpu         ] GC(33593) User=0.00s Sys=0.00s Real=0.00s
[15361.568s][info][gc,start       ] GC(33594) Pause Young (Allocation Failure)
[15361.569s][info][gc,heap        ] GC(33594) PSYoungGen: 83840K(84992K)->288K(84992K) Eden: 82944K(82944K)->0K(82944K) From: 896K(2048K)->288K(2048K)
[15361.569s][info][gc,heap        ] GC(33594) ParOldGen: 209856K(209920K)->209912K(209920K)
[15361.569s][info][gc,metaspace   ] GC(33594) Metaspace: 62355K(62592K)->62355K(62592K) NonClass: 53318K(53504K)->53318K(53504K) Class: 9037K(9088K)->9037K(9088K)
[15361.569s][info][gc             ] GC(33594) Pause Young (Allocation Failure) 286M->205M(288M) 1.851ms
[15361.569s][info][gc,cpu         ] GC(33594) User=0.00s Sys=0.00s Real=0.00s
[15362.032s][info][gc,start       ] GC(33595) Pause Young (Allocation Failure)
[15362.035s][info][gc,heap        ] GC(33595) PSYoungGen: 83232K(84992K)->1088K(84992K) Eden: 82944K(82944K)->0K(82944K) From: 288K(2048K)->1088K(2048K)
[15362.035s][info][gc,heap        ] GC(33595) ParOldGen: 209912K(209920K)->209960K(210432K)
[15362.035s][info][gc,metaspace   ] GC(33595) Metaspace: 62355K(62592K)->62355K(62592K) NonClass: 53318K(53504K)->53318K(53504K) Class: 9037K(9088K)->9037K(9088K)
[15362.035s][info][gc             ] GC(33595) Pause Young (Allocation Failure) 286M->206M(288M) 2.642ms
[15362.035s][info][gc,cpu         ] GC(33595) User=0.00s Sys=0.00s Real=0.01s
[15362.543s][info][gc,start       ] GC(33596) Pause Young (Allocation Failure)
[15362.546s][info][gc,heap        ] GC(33596) PSYoungGen: 84032K(84992K)->2016K(84992K) Eden: 82944K(82944K)->0K(82944K) From: 1088K(2048K)->2016K(2048K)
[15362.546s][info][gc,heap        ] GC(33596) ParOldGen: 209960K(210432K)->210248K(210432K)
[15362.546s][info][gc,metaspace   ] GC(33596) Metaspace: 62355K(62592K)->62355K(62592K) NonClass: 53318K(53504K)->53318K(53504K) Class: 9037K(9088K)->9037K(9088K)
[15362.546s][info][gc             ] GC(33596) Pause Young (Allocation Failure) 287M->207M(288M) 3.078ms
[15362.546s][info][gc,cpu         ] GC(33596) User=0.00s Sys=0.00s Real=0.01s
[15363.039s][info][gc,start       ] GC(33597) Pause Young (Allocation Failure)
[15363.042s][info][gc,heap        ] GC(33597) PSYoungGen: 84960K(84992K)->1184K(83968K) Eden: 82944K(82944K)->0K(81920K) From: 2016K(2048K)->1184K(2048K)
[15363.042s][info][gc,heap        ] GC(33597) ParOldGen: 210248K(210432K)->211280K(211968K)
[15363.042s][info][gc,metaspace   ] GC(33597) Metaspace: 62355K(62592K)->62355K(62592K) NonClass: 53318K(53504K)->53318K(53504K) Class: 9037K(9088K)->9037K(9088K)
[15363.042s][info][gc             ] GC(33597) Pause Young (Allocation Failure) 288M->207M(289M) 3.309ms
[15363.042s][info][gc,cpu         ] GC(33597) User=0.00s Sys=0.00s Real=0.00s
[15363.537s][info][gc,start       ] GC(33598) Pause Young (Allocation Failure)
[15363.540s][info][gc,heap        ] GC(33598) PSYoungGen: 83104K(83968K)->1184K(84480K) Eden: 81920K(81920K)->0K(81920K) From: 1184K(2048K)->1184K(2560K)
[15363.540s][info][gc,heap        ] GC(33598) ParOldGen: 211280K(211968K)->211336K(211968K)
[15363.540s][info][gc,metaspace   ] GC(33598) Metaspace: 62355K(62592K)->62355K(62592K) NonClass: 53318K(53504K)->53318K(53504K) Class: 9037K(9088K)->9037K(9088K)
[15363.540s][info][gc             ] GC(33598) Pause Young (Allocation Failure) 287M->207M(289M) 2.808ms
[15363.540s][info][gc,cpu         ] GC(33598) User=0.01s Sys=0.00s Real=0.00s
[15364.026s][info][gc,start       ] GC(33599) Pause Young (Allocation Failure)
[15364.028s][info][gc,heap        ] GC(33599) PSYoungGen: 83104K(84480K)->992K(84480K) Eden: 81920K(81920K)->0K(81920K) From: 1184K(2560K)->992K(2560K)
[15364.028s][info][gc,heap        ] GC(33599) ParOldGen: 211336K(211968K)->211384K(211968K)
[15364.029s][info][gc,metaspace   ] GC(33599) Metaspace: 62355K(62592K)->62355K(62592K) NonClass: 53318K(53504K)->53318K(53504K) Class: 9037K(9088K)->9037K(9088K)
[15364.029s][info][gc             ] GC(33599) Pause Young (Allocation Failure) 287M->207M(289M) 2.597ms
[15364.029s][info][gc,cpu         ] GC(33599) User=0.00s Sys=0.00s Real=0.00s
[15364.513s][info][gc,start       ] GC(33600) Pause Young (Allocation Failure)
[15364.516s][info][gc,heap        ] GC(33600) PSYoungGen: 82912K(84480K)->832K(84480K) Eden: 81920K(81920K)->0K(81920K) From: 992K(2560K)->832K(2560K)
[15364.516s][info][gc,heap        ] GC(33600) ParOldGen: 211384K(211968K)->211432K(211968K)
[15364.516s][info][gc,metaspace   ] GC(33600) Metaspace: 62355K(62592K)->62355K(62592K) NonClass: 53318K(53504K)->53318K(53504K) Class: 9037K(9088K)->9037K(9088K)
[15364.516s][info][gc             ] GC(33600) Pause Young (Allocation Failure) 287M->207M(289M) 2.305ms
[15364.516s][info][gc,cpu         ] GC(33600) User=0.00s Sys=0.00s Real=0.01s
[15365.063s][info][gc,start       ] GC(33601) Pause Young (Allocation Failure)
[15365.065s][info][gc,heap        ] GC(33601) PSYoungGen: 82752K(84480K)->224K(83968K) Eden: 81920K(81920K)->0K(81920K) From: 832K(2560K)->224K(2048K)
[15365.065s][info][gc,heap        ] GC(33601) ParOldGen: 211432K(211968K)->211488K(211968K)
[15365.065s][info][gc,metaspace   ] GC(33601) Metaspace: 62355K(62592K)->62355K(62592K) NonClass: 53318K(53504K)->53318K(53504K) Class: 9037K(9088K)->9037K(9088K)
[15365.065s][info][gc             ] GC(33601) Pause Young (Allocation Failure) 287M->206M(289M) 2.122ms
[15365.065s][info][gc,cpu         ] GC(33601) User=0.01s Sys=0.00s Real=0.01s
[15365.569s][info][gc,start       ] GC(33602) Pause Young (Allocation Failure)
[15365.571s][info][gc,heap        ] GC(33602) PSYoungGen: 82144K(83968K)->288K(84480K) Eden: 81920K(81920K)->0K(81920K) From: 224K(2048K)->288K(2560K)
[15365.571s][info][gc,heap        ] GC(33602) ParOldGen: 211488K(211968K)->211544K(211968K)
[15365.571s][info][gc,metaspace   ] GC(33602) Metaspace: 62355K(62592K)->62355K(62592K) NonClass: 53318K(53504K)->53318K(53504K) Class: 9037K(9088K)->9037K(9088K)
[15365.571s][info][gc             ] GC(33602) Pause Young (Allocation Failure) 286M->206M(289M) 1.904ms
[15365.571s][info][gc,cpu         ] GC(33602) User=0.00s Sys=0.00s Real=0.00s
[15366.079s][info][gc,start       ] GC(33603) Pause Young (Allocation Failure)
[15366.081s][info][gc,heap        ] GC(33603) PSYoungGen: 82208K(84480K)->384K(84992K) Eden: 81920K(81920K)->0K(82432K) From: 288K(2560K)->384K(2560K)
[15366.081s][info][gc,heap        ] GC(33603) ParOldGen: 211544K(211968K)->211600K(211968K)
[15366.081s][info][gc,metaspace   ] GC(33603) Metaspace: 62355K(62592K)->62355K(62592K) NonClass: 53318K(53504K)->53318K(53504K) Class: 9037K(9088K)->9037K(9088K)
[15366.081s][info][gc             ] GC(33603) Pause Young (Allocation Failure) 286M->207M(290M) 2.206ms
[15366.081s][info][gc,cpu         ] GC(33603) User=0.00s Sys=0.00s Real=0.00s
[15366.571s][info][gc,start       ] GC(33604) Pause Young (Allocation Failure)
[15366.572s][info][gc,heap        ] GC(33604) PSYoungGen: 82816K(84992K)->320K(84480K) Eden: 82432K(82432K)->0K(82432K) From: 384K(2560K)->320K(2048K)
[15366.572s][info][gc,heap        ] GC(33604) ParOldGen: 211600K(211968K)->211656K(211968K)
[15366.572s][info][gc,metaspace   ] GC(33604) Metaspace: 62356K(62592K)->62356K(62592K) NonClass: 53319K(53504K)->53319K(53504K) Class: 9037K(9088K)->9037K(9088K)
[15366.573s][info][gc             ] GC(33604) Pause Young (Allocation Failure) 287M->207M(289M) 1.852ms
[15366.573s][info][gc,cpu         ] GC(33604) User=0.01s Sys=0.00s Real=0.00s
[15367.001s][info][gc,start       ] GC(33605) Pause Young (Allocation Failure)
[15367.004s][info][gc,heap        ] GC(33605) PSYoungGen: 82752K(84480K)->768K(84992K) Eden: 82432K(82432K)->0K(82944K) From: 320K(2048K)->768K(2048K)
[15367.004s][info][gc,heap        ] GC(33605) ParOldGen: 211656K(211968K)->211712K(211968K)
[15367.004s][info][gc,metaspace   ] GC(33605) Metaspace: 62356K(62592K)->62356K(62592K) NonClass: 53319K(53504K)->53319K(53504K) Class: 9037K(9088K)->9037K(9088K)
[15367.004s][info][gc             ] GC(33605) Pause Young (Allocation Failure) 287M->207M(290M) 2.301ms
[15367.004s][info][gc,cpu         ] GC(33605) User=0.00s Sys=0.00s Real=0.00s
[15367.469s][info][gc,start       ] GC(33606) Pause Young (Allocation Failure)
[15367.471s][info][gc,heap        ] GC(33606) PSYoungGen: 83712K(84992K)->288K(84992K) Eden: 82944K(82944K)->0K(82944K) From: 768K(2048K)->288K(2048K)
[15367.471s][info][gc,heap        ] GC(33606) ParOldGen: 211712K(211968K)->211760K(211968K)
[15367.471s][info][gc,metaspace   ] GC(33606) Metaspace: 62356K(62592K)->62356K(62592K) NonClass: 53319K(53504K)->53319K(53504K) Class: 9037K(9088K)->9037K(9088K)
[15367.471s][info][gc             ] GC(33606) Pause Young (Allocation Failure) 288M->207M(290M) 1.806ms
[15367.471s][info][gc,cpu         ] GC(33606) User=0.00s Sys=0.00s Real=0.00s
[15367.991s][info][gc,start       ] GC(33607) Pause Young (Allocation Failure)
[15367.994s][info][gc,heap        ] GC(33607) PSYoungGen: 83232K(84992K)->1600K(83968K) Eden: 82944K(82944K)->0K(81920K) From: 288K(2048K)->1600K(2048K)
[15367.994s][info][gc,heap        ] GC(33607) ParOldGen: 211760K(211968K)->213864K(215040K)
[15367.994s][info][gc,metaspace   ] GC(33607) Metaspace: 62359K(62592K)->62359K(62592K) NonClass: 53322K(53504K)->53322K(53504K) Class: 9037K(9088K)->9037K(9088K)
[15367.994s][info][gc             ] GC(33607) Pause Young (Allocation Failure) 288M->210M(292M) 3.757ms
[15367.994s][info][gc,cpu         ] GC(33607) User=0.01s Sys=0.01s Real=0.01s
[15368.499s][info][gc,start       ] GC(33608) Pause Young (Allocation Failure)
[15368.506s][info][gc,heap        ] GC(33608) PSYoungGen: 83520K(83968K)->672K(84480K) Eden: 81920K(81920K)->0K(81920K) From: 1600K(2048K)->672K(2560K)
[15368.506s][info][gc,heap        ] GC(33608) ParOldGen: 213864K(215040K)->214992K(215040K)
[15368.506s][info][gc,metaspace   ] GC(33608) Metaspace: 62359K(62592K)->62359K(62592K) NonClass: 53322K(53504K)->53322K(53504K) Class: 9037K(9088K)->9037K(9088K)
[15368.506s][info][gc             ] GC(33608) Pause Young (Allocation Failure) 290M->210M(292M) 7.491ms
[15368.506s][info][gc,cpu         ] GC(33608) User=0.01s Sys=0.00s Real=0.01s
[15368.985s][info][gc,start       ] GC(33609) Pause Young (Allocation Failure)
[15368.988s][info][gc,heap        ] GC(33609) PSYoungGen: 82592K(84480K)->544K(84992K) Eden: 81920K(81920K)->0K(82944K) From: 672K(2560K)->544K(2048K)
[15368.988s][info][gc,heap        ] GC(33609) ParOldGen: 214992K(215040K)->215048K(215552K)
[15368.988s][info][gc,metaspace   ] GC(33609) Metaspace: 62359K(62592K)->62359K(62592K) NonClass: 53322K(53504K)->53322K(53504K) Class: 9037K(9088K)->9037K(9088K)
[15368.988s][info][gc             ] GC(33609) Pause Young (Allocation Failure) 290M->210M(293M) 2.916ms
[15368.988s][info][gc,cpu         ] GC(33609) User=0.00s Sys=0.00s Real=0.00s
[15369.477s][info][gc,start       ] GC(33610) Pause Young (Allocation Failure)
[15369.479s][info][gc,heap        ] GC(33610) PSYoungGen: 83488K(84992K)->384K(84992K) Eden: 82944K(82944K)->0K(82944K) From: 544K(2048K)->384K(2048K)
[15369.479s][info][gc,heap        ] GC(33610) ParOldGen: 215048K(215552K)->215096K(215552K)
[15369.479s][info][gc,metaspace   ] GC(33610) Metaspace: 62359K(62592K)->62359K(62592K) NonClass: 53322K(53504K)->53322K(53504K) Class: 9037K(9088K)->9037K(9088K)
[15369.479s][info][gc             ] GC(33610) Pause Young (Allocation Failure) 291M->210M(293M) 1.864ms
[15369.479s][info][gc,cpu         ] GC(33610) User=0.00s Sys=0.00s Real=0.00s
[15369.975s][info][gc,start       ] GC(33611) Pause Young (Allocation Failure)
[15369.976s][info][gc,heap        ] GC(33611) PSYoungGen: 83327K(84992K)->352K(84992K) Eden: 82943K(82944K)->0K(82944K) From: 384K(2048K)->352K(2048K)
[15369.976s][info][gc,heap        ] GC(33611) ParOldGen: 215096K(215552K)->215152K(215552K)
[15369.976s][info][gc,metaspace   ] GC(33611) Metaspace: 62359K(62592K)->62359K(62592K) NonClass: 53322K(53504K)->53322K(53504K) Class: 9037K(9088K)->9037K(9088K)
[15369.976s][info][gc             ] GC(33611) Pause Young (Allocation Failure) 291M->210M(293M) 1.870ms
[15369.976s][info][gc,cpu         ] GC(33611) User=0.00s Sys=0.00s Real=0.00s
[15370.445s][info][gc,start       ] GC(33612) Pause Young (Allocation Failure)
[15370.447s][info][gc,heap        ] GC(33612) PSYoungGen: 83296K(84992K)->1280K(84992K) Eden: 82944K(82944K)->0K(82944K) From: 352K(2048K)->1280K(2048K)
[15370.447s][info][gc,heap        ] GC(33612) ParOldGen: 215152K(215552K)->215200K(215552K)
[15370.447s][info][gc,metaspace   ] GC(33612) Metaspace: 62359K(62592K)->62359K(62592K) NonClass: 53322K(53504K)->53322K(53504K) Class: 9037K(9088K)->9037K(9088K)
[15370.448s][info][gc             ] GC(33612) Pause Young (Allocation Failure) 291M->211M(293M) 2.872ms
[15370.448s][info][gc,cpu         ] GC(33612) User=0.01s Sys=0.00s Real=0.00s
[15371.074s][info][gc,start       ] GC(33613) Pause Young (Allocation Failure)
[15371.078s][info][gc,heap        ] GC(33613) PSYoungGen: 84224K(84992K)->352K(84992K) Eden: 82944K(82944K)->0K(82944K) From: 1280K(2048K)->352K(2048K)
[15371.078s][info][gc,heap        ] GC(33613) ParOldGen: 215200K(215552K)->215304K(215552K)
[15371.078s][info][gc,metaspace   ] GC(33613) Metaspace: 62359K(62592K)->62359K(62592K) NonClass: 53322K(53504K)->53322K(53504K) Class: 9037K(9088K)->9037K(9088K)
[15371.078s][info][gc             ] GC(33613) Pause Young (Allocation Failure) 292M->210M(293M) 3.826ms
[15371.078s][info][gc,cpu         ] GC(33613) User=0.00s Sys=0.01s Real=0.01s
[15371.673s][info][gc,start       ] GC(33614) Pause Young (Allocation Failure)
[15371.675s][info][gc,heap        ] GC(33614) PSYoungGen: 83296K(84992K)->384K(84992K) Eden: 82944K(82944K)->0K(82944K) From: 352K(2048K)->384K(2048K)
[15371.675s][info][gc,heap        ] GC(33614) ParOldGen: 215304K(215552K)->215512K(215552K)
[15371.675s][info][gc,metaspace   ] GC(33614) Metaspace: 62359K(62592K)->62359K(62592K) NonClass: 53322K(53504K)->53322K(53504K) Class: 9037K(9088K)->9037K(9088K)
[15371.675s][info][gc             ] GC(33614) Pause Young (Allocation Failure) 291M->210M(293M) 2.227ms
[15371.675s][info][gc,cpu         ] GC(33614) User=0.00s Sys=0.00s Real=0.01s
[15372.188s][info][gc,start       ] GC(33615) Pause Young (Allocation Failure)
[15372.190s][info][gc,heap        ] GC(33615) PSYoungGen: 83328K(84992K)->512K(84992K) Eden: 82944K(82944K)->0K(82944K) From: 384K(2048K)->512K(2048K)
[15372.190s][info][gc,heap        ] GC(33615) ParOldGen: 215512K(215552K)->215592K(216064K)
[15372.190s][info][gc,metaspace   ] GC(33615) Metaspace: 62359K(62592K)->62359K(62592K) NonClass: 53322K(53504K)->53322K(53504K) Class: 9037K(9088K)->9037K(9088K)
[15372.190s][info][gc             ] GC(33615) Pause Young (Allocation Failure) 291M->211M(294M) 2.127ms
[15372.190s][info][gc,cpu         ] GC(33615) User=0.01s Sys=0.00s Real=0.00s
[15372.708s][info][gc,start       ] GC(33616) Pause Young (Allocation Failure)
[15372.710s][info][gc,heap        ] GC(33616) PSYoungGen: 83456K(84992K)->768K(84992K) Eden: 82944K(82944K)->0K(82944K) From: 512K(2048K)->768K(2048K)
[15372.710s][info][gc,heap        ] GC(33616) ParOldGen: 215592K(216064K)->215648K(216064K)
[15372.710s][info][gc,metaspace   ] GC(33616) Metaspace: 62359K(62592K)->62359K(62592K) NonClass: 53322K(53504K)->53322K(53504K) Class: 9037K(9088K)->9037K(9088K)
[15372.710s][info][gc             ] GC(33616) Pause Young (Allocation Failure) 292M->211M(294M) 2.368ms
[15372.710s][info][gc,cpu         ] GC(33616) User=0.00s Sys=0.00s Real=0.00s
[15373.219s][info][gc,start       ] GC(33617) Pause Young (Allocation Failure)
[15373.222s][info][gc,heap        ] GC(33617) PSYoungGen: 83712K(84992K)->896K(84992K) Eden: 82944K(82944K)->0K(82944K) From: 768K(2048K)->896K(2048K)
[15373.222s][info][gc,heap        ] GC(33617) ParOldGen: 215648K(216064K)->215704K(216064K)
[15373.222s][info][gc,metaspace   ] GC(33617) Metaspace: 62359K(62592K)->62359K(62592K) NonClass: 53322K(53504K)->53322K(53504K) Class: 9037K(9088K)->9037K(9088K)
[15373.222s][info][gc             ] GC(33617) Pause Young (Allocation Failure) 292M->211M(294M) 2.341ms
[15373.222s][info][gc,cpu         ] GC(33617) User=0.01s Sys=0.00s Real=0.00s
[15373.728s][info][gc,start       ] GC(33618) Pause Young (Allocation Failure)
[15373.730s][info][gc,heap        ] GC(33618) PSYoungGen: 83840K(84992K)->1024K(84992K) Eden: 82944K(82944K)->0K(82944K) From: 896K(2048K)->1024K(2048K)
[15373.730s][info][gc,heap        ] GC(33618) ParOldGen: 215704K(216064K)->215760K(216064K)
[15373.730s][info][gc,metaspace   ] GC(33618) Metaspace: 62359K(62592K)->62359K(62592K) NonClass: 53322K(53504K)->53322K(53504K) Class: 9037K(9088K)->9037K(9088K)
[15373.730s][info][gc             ] GC(33618) Pause Young (Allocation Failure) 292M->211M(294M) 2.490ms
[15373.730s][info][gc,cpu         ] GC(33618) User=0.01s Sys=0.00s Real=0.00s
[15374.255s][info][gc,start       ] GC(33619) Pause Young (Allocation Failure)
[15374.258s][info][gc,heap        ] GC(33619) PSYoungGen: 83968K(84992K)->1376K(84992K) Eden: 82944K(82944K)->0K(82944K) From: 1024K(2048K)->1376K(2048K)
[15374.258s][info][gc,heap        ] GC(33619) ParOldGen: 215760K(216064K)->215816K(216064K)
[15374.258s][info][gc,metaspace   ] GC(33619) Metaspace: 62359K(62592K)->62359K(62592K) NonClass: 53322K(53504K)->53322K(53504K) Class: 9037K(9088K)->9037K(9088K)
[15374.258s][info][gc             ] GC(33619) Pause Young (Allocation Failure) 292M->212M(294M) 2.897ms
[15374.258s][info][gc,cpu         ] GC(33619) User=0.00s Sys=0.00s Real=0.00s
[15374.759s][info][gc,start       ] GC(33620) Pause Young (Allocation Failure)
[15374.762s][info][gc,heap        ] GC(33620) PSYoungGen: 84320K(84992K)->1440K(84992K) Eden: 82944K(82944K)->0K(82944K) From: 1376K(2048K)->1440K(2048K)
[15374.762s][info][gc,heap        ] GC(33620) ParOldGen: 215816K(216064K)->215872K(216064K)
[15374.762s][info][gc,metaspace   ] GC(33620) Metaspace: 62359K(62592K)->62359K(62592K) NonClass: 53322K(53504K)->53322K(53504K) Class: 9037K(9088K)->9037K(9088K)
[15374.762s][info][gc             ] GC(33620) Pause Young (Allocation Failure) 293M->212M(294M) 3.253ms
[15374.762s][info][gc,cpu         ] GC(33620) User=0.00s Sys=0.00s Real=0.00s
[15375.284s][info][gc,start       ] GC(33621) Pause Young (Allocation Failure)
[15375.286s][info][gc,heap        ] GC(33621) PSYoungGen: 84384K(84992K)->448K(84992K) Eden: 82944K(82944K)->0K(82944K) From: 1440K(2048K)->448K(2048K)
[15375.286s][info][gc,heap        ] GC(33621) ParOldGen: 215872K(216064K)->215928K(216064K)
[15375.286s][info][gc,metaspace   ] GC(33621) Metaspace: 62359K(62592K)->62359K(62592K) NonClass: 53322K(53504K)->53322K(53504K) Class: 9037K(9088K)->9037K(9088K)
[15375.286s][info][gc             ] GC(33621) Pause Young (Allocation Failure) 293M->211M(294M) 1.986ms
[15375.286s][info][gc,cpu         ] GC(33621) User=0.00s Sys=0.00s Real=0.01s
[15375.779s][info][gc,start       ] GC(33622) Pause Young (Allocation Failure)
[15375.782s][info][gc,heap        ] GC(33622) PSYoungGen: 83392K(84992K)->1440K(84992K) Eden: 82944K(82944K)->0K(82944K) From: 448K(2048K)->1440K(2048K)
[15375.782s][info][gc,heap        ] GC(33622) ParOldGen: 215928K(216064K)->217008K(217600K)
[15375.782s][info][gc,metaspace   ] GC(33622) Metaspace: 62359K(62592K)->62359K(62592K) NonClass: 53322K(53504K)->53322K(53504K) Class: 9037K(9088K)->9037K(9088K)
[15375.782s][info][gc             ] GC(33622) Pause Young (Allocation Failure) 292M->213M(295M) 3.222ms
[15375.782s][info][gc,cpu         ] GC(33622) User=0.00s Sys=0.00s Real=0.00s
[15376.287s][info][gc,start       ] GC(33623) Pause Young (Allocation Failure)
[15376.290s][info][gc,heap        ] GC(33623) PSYoungGen: 84384K(84992K)->512K(84992K) Eden: 82944K(82944K)->0K(82944K) From: 1440K(2048K)->512K(2048K)
[15376.290s][info][gc,heap        ] GC(33623) ParOldGen: 217008K(217600K)->219112K(219136K)
[15376.290s][info][gc,metaspace   ] GC(33623) Metaspace: 62359K(62592K)->62359K(62592K) NonClass: 53322K(53504K)->53322K(53504K) Class: 9037K(9088K)->9037K(9088K)
[15376.290s][info][gc             ] GC(33623) Pause Young (Allocation Failure) 294M->214M(297M) 3.391ms
[15376.290s][info][gc,cpu         ] GC(33623) User=0.01s Sys=0.00s Real=0.00s
[15376.853s][info][gc,start       ] GC(33624) Pause Young (Allocation Failure)
[15376.857s][info][gc,heap        ] GC(33624) PSYoungGen: 83456K(84992K)->1360K(84480K) Eden: 82944K(82944K)->0K(82944K) From: 512K(2048K)->1360K(1536K)
[15376.857s][info][gc,heap        ] GC(33624) ParOldGen: 219112K(219136K)->219160K(219648K)
[15376.857s][info][gc,metaspace   ] GC(33624) Metaspace: 62359K(62592K)->62359K(62592K) NonClass: 53322K(53504K)->53322K(53504K) Class: 9037K(9088K)->9037K(9088K)
[15376.857s][info][gc             ] GC(33624) Pause Young (Allocation Failure) 295M->215M(297M) 3.407ms
[15376.857s][info][gc,cpu         ] GC(33624) User=0.01s Sys=0.00s Real=0.01s
[15377.333s][info][gc,start       ] GC(33625) Pause Young (Allocation Failure)
[15377.336s][info][gc,heap        ] GC(33625) PSYoungGen: 84304K(84480K)->1184K(84992K) Eden: 82944K(82944K)->0K(82432K) From: 1360K(1536K)->1184K(2560K)
[15377.336s][info][gc,heap        ] GC(33625) ParOldGen: 219160K(219648K)->219264K(219648K)
[15377.336s][info][gc,metaspace   ] GC(33625) Metaspace: 62359K(62592K)->62359K(62592K) NonClass: 53322K(53504K)->53322K(53504K) Class: 9037K(9088K)->9037K(9088K)
[15377.336s][info][gc             ] GC(33625) Pause Young (Allocation Failure) 296M->215M(297M) 2.925ms
[15377.336s][info][gc,cpu         ] GC(33625) User=0.00s Sys=0.00s Real=0.01s
[15377.791s][info][gc,start       ] GC(33626) Pause Young (Allocation Failure)
[15377.793s][info][gc,heap        ] GC(33626) PSYoungGen: 83616K(84992K)->576K(84480K) Eden: 82432K(82432K)->0K(82432K) From: 1184K(2560K)->576K(2048K)
[15377.793s][info][gc,heap        ] GC(33626) ParOldGen: 219264K(219648K)->219320K(219648K)
[15377.793s][info][gc,metaspace   ] GC(33626) Metaspace: 62359K(62592K)->62359K(62592K) NonClass: 53322K(53504K)->53322K(53504K) Class: 9037K(9088K)->9037K(9088K)
[15377.793s][info][gc             ] GC(33626) Pause Young (Allocation Failure) 295M->214M(297M) 2.063ms
[15377.793s][info][gc,cpu         ] GC(33626) User=0.01s Sys=0.00s Real=0.00s
[15378.241s][info][gc,start       ] GC(33627) Pause Young (Allocation Failure)
[15378.244s][info][gc,heap        ] GC(33627) PSYoungGen: 83008K(84480K)->1376K(83968K) Eden: 82432K(82432K)->0K(81920K) From: 576K(2048K)->1376K(2048K)
[15378.244s][info][gc,heap        ] GC(33627) ParOldGen: 219320K(219648K)->219368K(219648K)
[15378.244s][info][gc,metaspace   ] GC(33627) Metaspace: 62359K(62592K)->62359K(62592K) NonClass: 53322K(53504K)->53322K(53504K) Class: 9037K(9088K)->9037K(9088K)
[15378.244s][info][gc             ] GC(33627) Pause Young (Allocation Failure) 295M->215M(296M) 2.964ms
[15378.244s][info][gc,cpu         ] GC(33627) User=0.01s Sys=0.00s Real=0.01s
[15378.717s][info][gc,start       ] GC(33628) Pause Young (Allocation Failure)
[15378.720s][info][gc,heap        ] GC(33628) PSYoungGen: 83296K(83968K)->992K(84480K) Eden: 81920K(81920K)->0K(81920K) From: 1376K(2048K)->992K(2560K)
[15378.720s][info][gc,heap        ] GC(33628) ParOldGen: 219368K(219648K)->219424K(219648K)
[15378.720s][info][gc,metaspace   ] GC(33628) Metaspace: 62359K(62592K)->62359K(62592K) NonClass: 53322K(53504K)->53322K(53504K) Class: 9037K(9088K)->9037K(9088K)
[15378.720s][info][gc             ] GC(33628) Pause Young (Allocation Failure) 295M->215M(297M) 2.890ms
[15378.720s][info][gc,cpu         ] GC(33628) User=0.01s Sys=0.00s Real=0.00s
[15379.163s][info][gc,start       ] GC(33629) Pause Young (Allocation Failure)
[15379.165s][info][gc,heap        ] GC(33629) PSYoungGen: 82912K(84480K)->192K(84992K) Eden: 81920K(81920K)->0K(82944K) From: 992K(2560K)->192K(2048K)
[15379.165s][info][gc,heap        ] GC(33629) ParOldGen: 219424K(219648K)->219480K(219648K)
[15379.165s][info][gc,metaspace   ] GC(33629) Metaspace: 62359K(62592K)->62359K(62592K) NonClass: 53322K(53504K)->53322K(53504K) Class: 9037K(9088K)->9037K(9088K)
[15379.165s][info][gc             ] GC(33629) Pause Young (Allocation Failure) 295M->214M(297M) 1.812ms
[15379.165s][info][gc,cpu         ] GC(33629) User=0.01s Sys=0.00s Real=0.01s
[15379.659s][info][gc,start       ] GC(33630) Pause Young (Allocation Failure)
[15379.662s][info][gc,heap        ] GC(33630) PSYoungGen: 83136K(84992K)->1376K(84480K) Eden: 82944K(82944K)->0K(82944K) From: 192K(2048K)->1376K(1536K)
[15379.662s][info][gc,heap        ] GC(33630) ParOldGen: 219480K(219648K)->219528K(219648K)
[15379.662s][info][gc,metaspace   ] GC(33630) Metaspace: 62359K(62592K)->62359K(62592K) NonClass: 53322K(53504K)->53322K(53504K) Class: 9037K(9088K)->9037K(9088K)
[15379.662s][info][gc             ] GC(33630) Pause Young (Allocation Failure) 295M->215M(297M) 3.029ms
[15379.662s][info][gc,cpu         ] GC(33630) User=0.00s Sys=0.00s Real=0.00s
[15380.152s][info][gc,start       ] GC(33631) Pause Young (Allocation Failure)
[15380.155s][info][gc,heap        ] GC(33631) PSYoungGen: 84320K(84480K)->1280K(84480K) Eden: 82944K(82944K)->0K(81920K) From: 1376K(1536K)->1280K(2560K)
[15380.155s][info][gc,heap        ] GC(33631) ParOldGen: 219528K(219648K)->219576K(219648K)
[15380.155s][info][gc,metaspace   ] GC(33631) Metaspace: 62359K(62592K)->62359K(62592K) NonClass: 53322K(53504K)->53322K(53504K) Class: 9037K(9088K)->9037K(9088K)
[15380.155s][info][gc             ] GC(33631) Pause Young (Allocation Failure) 296M->215M(297M) 2.892ms
[15380.155s][info][gc,cpu         ] GC(33631) User=0.00s Sys=0.00s Real=0.01s
[15380.636s][info][gc,start       ] GC(33632) Pause Young (Allocation Failure)
[15380.639s][info][gc,heap        ] GC(33632) PSYoungGen: 83200K(84480K)->1184K(84480K) Eden: 81920K(81920K)->0K(81920K) From: 1280K(2560K)->1184K(2560K)
[15380.639s][info][gc,heap        ] GC(33632) ParOldGen: 219576K(219648K)->219632K(219648K)
[15380.639s][info][gc,metaspace   ] GC(33632) Metaspace: 62359K(62592K)->62359K(62592K) NonClass: 53322K(53504K)->53322K(53504K) Class: 9037K(9088K)->9037K(9088K)
[15380.639s][info][gc             ] GC(33632) Pause Young (Allocation Failure) 295M->215M(297M) 2.836ms
[15380.639s][info][gc,cpu         ] GC(33632) User=0.01s Sys=0.00s Real=0.00s
[15381.110s][info][gc,start       ] GC(33633) Pause Young (Allocation Failure)
[15381.113s][info][gc,heap        ] GC(33633) PSYoungGen: 83104K(84480K)->1824K(84480K) Eden: 81920K(81920K)->0K(81920K) From: 1184K(2560K)->1824K(2560K)
[15381.113s][info][gc,heap        ] GC(33633) ParOldGen: 219632K(219648K)->220712K(221696K)
[15381.113s][info][gc,metaspace   ] GC(33633) Metaspace: 62359K(62592K)->62359K(62592K) NonClass: 53322K(53504K)->53322K(53504K) Class: 9037K(9088K)->9037K(9088K)
[15381.114s][info][gc             ] GC(33633) Pause Young (Allocation Failure) 295M->217M(299M) 3.663ms
[15381.114s][info][gc,cpu         ] GC(33633) User=0.00s Sys=0.00s Real=0.00s
[15381.598s][info][gc,start       ] GC(33634) Pause Young (Allocation Failure)
[15381.601s][info][gc,heap        ] GC(33634) PSYoungGen: 83744K(84480K)->672K(84480K) Eden: 81920K(81920K)->0K(81920K) From: 1824K(2560K)->672K(2560K)
[15381.601s][info][gc,heap        ] GC(33634) ParOldGen: 220712K(221696K)->222808K(223232K)
[15381.601s][info][gc,metaspace   ] GC(33634) Metaspace: 62359K(62592K)->62359K(62592K) NonClass: 53322K(53504K)->53322K(53504K) Class: 9037K(9088K)->9037K(9088K)
[15381.601s][info][gc             ] GC(33634) Pause Young (Allocation Failure) 297M->218M(300M) 3.430ms
[15381.601s][info][gc,cpu         ] GC(33634) User=0.01s Sys=0.00s Real=0.00s
[15382.090s][info][gc,start       ] GC(33635) Pause Young (Allocation Failure)
[15382.092s][info][gc,heap        ] GC(33635) PSYoungGen: 82592K(84480K)->576K(84480K) Eden: 81920K(81920K)->0K(81920K) From: 672K(2560K)->576K(2560K)
[15382.092s][info][gc,heap        ] GC(33635) ParOldGen: 222808K(223232K)->222856K(223232K)
[15382.092s][info][gc,metaspace   ] GC(33635) Metaspace: 62359K(62592K)->62359K(62592K) NonClass: 53322K(53504K)->53322K(53504K) Class: 9037K(9088K)->9037K(9088K)
[15382.092s][info][gc             ] GC(33635) Pause Young (Allocation Failure) 298M->218M(300M) 2.160ms
[15382.092s][info][gc,cpu         ] GC(33635) User=0.00s Sys=0.00s Real=0.00s
[15382.577s][info][gc,start       ] GC(33636) Pause Young (Allocation Failure)
[15382.578s][info][gc,heap        ] GC(33636) PSYoungGen: 82496K(84480K)->384K(84480K) Eden: 81920K(81920K)->0K(81920K) From: 576K(2560K)->384K(2560K)
[15382.578s][info][gc,heap        ] GC(33636) ParOldGen: 222856K(223232K)->222912K(223232K)
[15382.578s][info][gc,metaspace   ] GC(33636) Metaspace: 62359K(62592K)->62359K(62592K) NonClass: 53322K(53504K)->53322K(53504K) Class: 9037K(9088K)->9037K(9088K)
[15382.578s][info][gc             ] GC(33636) Pause Young (Allocation Failure) 298M->218M(300M) 1.952ms
[15382.578s][info][gc,cpu         ] GC(33636) User=0.00s Sys=0.00s Real=0.00s
[15383.044s][info][gc,start       ] GC(33637) Pause Young (Allocation Failure)
[15383.047s][info][gc,heap        ] GC(33637) PSYoungGen: 82304K(84480K)->1312K(84480K) Eden: 81920K(81920K)->0K(81920K) From: 384K(2560K)->1312K(2560K)
[15383.047s][info][gc,heap        ] GC(33637) ParOldGen: 222912K(223232K)->222968K(223232K)
[15383.047s][info][gc,metaspace   ] GC(33637) Metaspace: 62359K(62592K)->62359K(62592K) NonClass: 53322K(53504K)->53322K(53504K) Class: 9037K(9088K)->9037K(9088K)
[15383.047s][info][gc             ] GC(33637) Pause Young (Allocation Failure) 298M->219M(300M) 2.893ms
[15383.047s][info][gc,cpu         ] GC(33637) User=0.00s Sys=0.00s Real=0.00s
[15383.527s][info][gc,start       ] GC(33638) Pause Young (Allocation Failure)
[15383.529s][info][gc,heap        ] GC(33638) PSYoungGen: 83232K(84480K)->1120K(84480K) Eden: 81920K(81920K)->0K(81920K) From: 1312K(2560K)->1120K(2560K)
[15383.529s][info][gc,heap        ] GC(33638) ParOldGen: 222968K(223232K)->223024K(223232K)
[15383.529s][info][gc,metaspace   ] GC(33638) Metaspace: 62359K(62592K)->62359K(62592K) NonClass: 53322K(53504K)->53322K(53504K) Class: 9037K(9088K)->9037K(9088K)
[15383.529s][info][gc             ] GC(33638) Pause Young (Allocation Failure) 299M->218M(300M) 2.587ms
[15383.529s][info][gc,cpu         ] GC(33638) User=0.00s Sys=0.00s Real=0.00s
[15384.014s][info][gc,start       ] GC(33639) Pause Young (Allocation Failure)
[15384.017s][info][gc,heap        ] GC(33639) PSYoungGen: 83040K(84480K)->992K(84992K) Eden: 81920K(81920K)->0K(82432K) From: 1120K(2560K)->992K(2560K)
[15384.017s][info][gc,heap        ] GC(33639) ParOldGen: 223024K(223232K)->223080K(223232K)
[15384.017s][info][gc,metaspace   ] GC(33639) Metaspace: 62359K(62592K)->62359K(62592K) NonClass: 53322K(53504K)->53322K(53504K) Class: 9037K(9088K)->9037K(9088K)
[15384.017s][info][gc             ] GC(33639) Pause Young (Allocation Failure) 298M->218M(301M) 2.649ms
[15384.017s][info][gc,cpu         ] GC(33639) User=0.01s Sys=0.00s Real=0.01s
[15384.522s][info][gc,start       ] GC(33640) Pause Young (Allocation Failure)
[15384.524s][info][gc,heap        ] GC(33640) PSYoungGen: 83424K(84992K)->784K(84480K) Eden: 82432K(82432K)->0K(82432K) From: 992K(2560K)->784K(2048K)
[15384.524s][info][gc,heap        ] GC(33640) ParOldGen: 223080K(223232K)->223136K(223232K)
[15384.524s][info][gc,metaspace   ] GC(33640) Metaspace: 62359K(62592K)->62359K(62592K) NonClass: 53322K(53504K)->53322K(53504K) Class: 9037K(9088K)->9037K(9088K)
[15384.524s][info][gc             ] GC(33640) Pause Young (Allocation Failure) 299M->218M(300M) 2.124ms
[15384.524s][info][gc,cpu         ] GC(33640) User=0.00s Sys=0.00s Real=0.00s
[15384.985s][info][gc,start       ] GC(33641) Pause Young (Allocation Failure)
[15384.987s][info][gc,heap        ] GC(33641) PSYoungGen: 83216K(84480K)->544K(84992K) Eden: 82432K(82432K)->0K(82944K) From: 784K(2048K)->544K(2048K)
[15384.987s][info][gc,heap        ] GC(33641) ParOldGen: 223136K(223232K)->223240K(223744K)
[15384.987s][info][gc,metaspace   ] GC(33641) Metaspace: 62359K(62592K)->62359K(62592K) NonClass: 53322K(53504K)->53322K(53504K) Class: 9037K(9088K)->9037K(9088K)
[15384.987s][info][gc             ] GC(33641) Pause Young (Allocation Failure) 299M->218M(301M) 1.988ms
[15384.987s][info][gc,cpu         ] GC(33641) User=0.00s Sys=0.00s Real=0.00s
[15385.425s][info][gc,start       ] GC(33642) Pause Young (Allocation Failure)
[15385.428s][info][gc,heap        ] GC(33642) PSYoungGen: 83488K(84992K)->1184K(84992K) Eden: 82944K(82944K)->0K(82944K) From: 544K(2048K)->1184K(2048K)
[15385.428s][info][gc,heap        ] GC(33642) ParOldGen: 223240K(223744K)->223288K(223744K)
[15385.428s][info][gc,metaspace   ] GC(33642) Metaspace: 62359K(62592K)->62359K(62592K) NonClass: 53322K(53504K)->53322K(53504K) Class: 9037K(9088K)->9037K(9088K)
[15385.428s][info][gc             ] GC(33642) Pause Young (Allocation Failure) 299M->219M(301M) 2.758ms
[15385.428s][info][gc,cpu         ] GC(33642) User=0.00s Sys=0.00s Real=0.00s
[15385.818s][info][gc,start       ] GC(33643) Pause Young (Allocation Failure)
[15385.821s][info][gc,heap        ] GC(33643) PSYoungGen: 84128K(84992K)->1216K(84992K) Eden: 82944K(82944K)->0K(82944K) From: 1184K(2048K)->1216K(2048K)
[15385.821s][info][gc,heap        ] GC(33643) ParOldGen: 223288K(223744K)->223344K(223744K)
[15385.821s][info][gc,metaspace   ] GC(33643) Metaspace: 62359K(62592K)->62359K(62592K) NonClass: 53322K(53504K)->53322K(53504K) Class: 9037K(9088K)->9037K(9088K)
[15385.821s][info][gc             ] GC(33643) Pause Young (Allocation Failure) 300M->219M(301M) 2.632ms
[15385.821s][info][gc,cpu         ] GC(33643) User=0.01s Sys=0.00s Real=0.00s
[15386.214s][info][gc,start       ] GC(33644) Pause Young (Allocation Failure)
[15386.216s][info][gc,heap        ] GC(33644) PSYoungGen: 84160K(84992K)->1088K(84992K) Eden: 82944K(82944K)->0K(82944K) From: 1216K(2048K)->1088K(2048K)
[15386.216s][info][gc,heap        ] GC(33644) ParOldGen: 223344K(223744K)->223400K(223744K)
[15386.216s][info][gc,metaspace   ] GC(33644) Metaspace: 62359K(62592K)->62359K(62592K) NonClass: 53322K(53504K)->53322K(53504K) Class: 9037K(9088K)->9037K(9088K)
[15386.216s][info][gc             ] GC(33644) Pause Young (Allocation Failure) 300M->219M(301M) 2.435ms
[15386.216s][info][gc,cpu         ] GC(33644) User=0.00s Sys=0.00s Real=0.01s
[15386.653s][info][gc,start       ] GC(33645) Pause Young (Allocation Failure)
[15386.656s][info][gc,heap        ] GC(33645) PSYoungGen: 84032K(84992K)->1504K(84992K) Eden: 82944K(82944K)->0K(82944K) From: 1088K(2048K)->1504K(2048K)
[15386.656s][info][gc,heap        ] GC(33645) ParOldGen: 223400K(223744K)->223448K(223744K)
[15386.656s][info][gc,metaspace   ] GC(33645) Metaspace: 62359K(62592K)->62359K(62592K) NonClass: 53322K(53504K)->53322K(53504K) Class: 9037K(9088K)->9037K(9088K)
[15386.656s][info][gc             ] GC(33645) Pause Young (Allocation Failure) 300M->219M(301M) 3.036ms
[15386.656s][info][gc,cpu         ] GC(33645) User=0.01s Sys=0.00s Real=0.01s
[15387.124s][info][gc,start       ] GC(33646) Pause Young (Allocation Failure)
[15387.126s][info][gc,heap        ] GC(33646) PSYoungGen: 84448K(84992K)->1056K(84992K) Eden: 82944K(82944K)->0K(82944K) From: 1504K(2048K)->1056K(2048K)
[15387.126s][info][gc,heap        ] GC(33646) ParOldGen: 223448K(223744K)->223496K(223744K)
[15387.126s][info][gc,metaspace   ] GC(33646) Metaspace: 62359K(62592K)->62359K(62592K) NonClass: 53322K(53504K)->53322K(53504K) Class: 9037K(9088K)->9037K(9088K)
[15387.126s][info][gc             ] GC(33646) Pause Young (Allocation Failure) 300M->219M(301M) 2.671ms
[15387.127s][info][gc,cpu         ] GC(33646) User=0.00s Sys=0.00s Real=0.01s
[15387.588s][info][gc,start       ] GC(33647) Pause Young (Allocation Failure)
[15387.590s][info][gc,heap        ] GC(33647) PSYoungGen: 84000K(84992K)->576K(84992K) Eden: 82944K(82944K)->0K(82944K) From: 1056K(2048K)->576K(2048K)
[15387.590s][info][gc,heap        ] GC(33647) ParOldGen: 223496K(223744K)->223552K(223744K)
[15387.590s][info][gc,metaspace   ] GC(33647) Metaspace: 62359K(62592K)->62359K(62592K) NonClass: 53322K(53504K)->53322K(53504K) Class: 9037K(9088K)->9037K(9088K)
[15387.590s][info][gc             ] GC(33647) Pause Young (Allocation Failure) 300M->218M(301M) 1.993ms
[15387.590s][info][gc,cpu         ] GC(33647) User=0.00s Sys=0.00s Real=0.00s
[15388.011s][info][gc,start       ] GC(33648) Pause Young (Allocation Failure)
[15388.013s][info][gc,heap        ] GC(33648) PSYoungGen: 83520K(84992K)->992K(84992K) Eden: 82944K(82944K)->0K(82944K) From: 576K(2048K)->992K(2048K)
[15388.014s][info][gc,heap        ] GC(33648) ParOldGen: 223552K(223744K)->223600K(223744K)
[15388.014s][info][gc,metaspace   ] GC(33648) Metaspace: 62359K(62592K)->62359K(62592K) NonClass: 53322K(53504K)->53322K(53504K) Class: 9037K(9088K)->9037K(9088K)
[15388.014s][info][gc             ] GC(33648) Pause Young (Allocation Failure) 299M->219M(301M) 2.611ms
[15388.014s][info][gc,cpu         ] GC(33648) User=0.00s Sys=0.00s Real=0.00s
[15388.456s][info][gc,start       ] GC(33649) Pause Young (Allocation Failure)
[15388.459s][info][gc,heap        ] GC(33649) PSYoungGen: 83936K(84992K)->1632K(84992K) Eden: 82944K(82944K)->0K(82944K) From: 992K(2048K)->1632K(2048K)
[15388.459s][info][gc,heap        ] GC(33649) ParOldGen: 223600K(223744K)->223648K(223744K)
[15388.459s][info][gc,metaspace   ] GC(33649) Metaspace: 62359K(62592K)->62359K(62592K) NonClass: 53322K(53504K)->53322K(53504K) Class: 9037K(9088K)->9037K(9088K)
[15388.459s][info][gc             ] GC(33649) Pause Young (Allocation Failure) 300M->220M(301M) 3.095ms
[15388.459s][info][gc,cpu         ] GC(33649) User=0.01s Sys=0.00s Real=0.00s
[15388.877s][info][gc,start       ] GC(33650) Pause Young (Allocation Failure)
[15388.879s][info][gc,heap        ] GC(33650) PSYoungGen: 84576K(84992K)->480K(84992K) Eden: 82944K(82944K)->0K(82944K) From: 1632K(2048K)->480K(2048K)
[15388.879s][info][gc,heap        ] GC(33650) ParOldGen: 223648K(223744K)->223696K(223744K)
[15388.879s][info][gc,metaspace   ] GC(33650) Metaspace: 62359K(62592K)->62359K(62592K) NonClass: 53322K(53504K)->53322K(53504K) Class: 9037K(9088K)->9037K(9088K)
[15388.879s][info][gc             ] GC(33650) Pause Young (Allocation Failure) 301M->218M(301M) 1.903ms
[15388.879s][info][gc,cpu         ] GC(33650) User=0.00s Sys=0.00s Real=0.00s
[15389.249s][info][gc,start       ] GC(33651) Pause Young (Allocation Failure)
[15389.253s][info][gc,heap        ] GC(33651) PSYoungGen: 83424K(84992K)->1760K(83968K) Eden: 82944K(82944K)->0K(81920K) From: 480K(2048K)->1760K(2048K)
[15389.253s][info][gc,heap        ] GC(33651) ParOldGen: 223696K(223744K)->223752K(224256K)
[15389.253s][info][gc,metaspace   ] GC(33651) Metaspace: 62359K(62592K)->62359K(62592K) NonClass: 53322K(53504K)->53322K(53504K) Class: 9037K(9088K)->9037K(9088K)
[15389.253s][info][gc             ] GC(33651) Pause Young (Allocation Failure) 299M->220M(301M) 3.218ms
[15389.253s][info][gc,cpu         ] GC(33651) User=0.00s Sys=0.00s Real=0.00s
[15389.684s][info][gc,start       ] GC(33652) Pause Young (Allocation Failure)
[15389.686s][info][gc,heap        ] GC(33652) PSYoungGen: 83680K(83968K)->480K(84480K) Eden: 81920K(81920K)->0K(81920K) From: 1760K(2048K)->480K(2560K)
[15389.686s][info][gc,heap        ] GC(33652) ParOldGen: 223752K(224256K)->223808K(224256K)
[15389.686s][info][gc,metaspace   ] GC(33652) Metaspace: 62359K(62592K)->62359K(62592K) NonClass: 53322K(53504K)->53322K(53504K) Class: 9037K(9088K)->9037K(9088K)
[15389.686s][info][gc             ] GC(33652) Pause Young (Allocation Failure) 300M->219M(301M) 2.159ms
[15389.686s][info][gc,cpu         ] GC(33652) User=0.00s Sys=0.00s Real=0.01s
[15390.130s][info][gc,start       ] GC(33653) Pause Young (Allocation Failure)
[15390.133s][info][gc,heap        ] GC(33653) PSYoungGen: 82400K(84480K)->1312K(84480K) Eden: 81920K(81920K)->0K(81920K) From: 480K(2560K)->1312K(2560K)
[15390.133s][info][gc,heap        ] GC(33653) ParOldGen: 223808K(224256K)->223864K(224256K)
[15390.133s][info][gc,metaspace   ] GC(33653) Metaspace: 62359K(62592K)->62359K(62592K) NonClass: 53322K(53504K)->53322K(53504K) Class: 9037K(9088K)->9037K(9088K)
[15390.133s][info][gc             ] GC(33653) Pause Young (Allocation Failure) 299M->219M(301M) 2.861ms
[15390.133s][info][gc,cpu         ] GC(33653) User=0.01s Sys=0.00s Real=0.00s
[15390.560s][info][gc,start       ] GC(33654) Pause Young (Allocation Failure)
[15390.563s][info][gc,heap        ] GC(33654) PSYoungGen: 83232K(84480K)->2528K(84480K) Eden: 81920K(81920K)->0K(81920K) From: 1312K(2560K)->2528K(2560K)
[15390.563s][info][gc,heap        ] GC(33654) ParOldGen: 223864K(224256K)->224008K(224256K)
[15390.563s][info][gc,metaspace   ] GC(33654) Metaspace: 62359K(62592K)->62359K(62592K) NonClass: 53322K(53504K)->53322K(53504K) Class: 9037K(9088K)->9037K(9088K)
[15390.563s][info][gc             ] GC(33654) Pause Young (Allocation Failure) 299M->221M(301M) 3.398ms
[15390.563s][info][gc,cpu         ] GC(33654) User=0.01s Sys=0.00s Real=0.00s
[15390.991s][info][gc,start       ] GC(33655) Pause Young (Allocation Failure)
[15390.994s][info][gc,heap        ] GC(33655) PSYoungGen: 84448K(84480K)->640K(83456K) Eden: 81920K(81920K)->0K(80896K) From: 2528K(2560K)->640K(2560K)
[15390.994s][info][gc,heap        ] GC(33655) ParOldGen: 224008K(224256K)->226104K(227328K)
[15390.994s][info][gc,metaspace   ] GC(33655) Metaspace: 62359K(62592K)->62359K(62592K) NonClass: 53322K(53504K)->53322K(53504K) Class: 9037K(9088K)->9037K(9088K)
[15390.994s][info][gc             ] GC(33655) Pause Young (Allocation Failure) 301M->221M(303M) 3.300ms
[15390.994s][info][gc,cpu         ] GC(33655) User=0.00s Sys=0.00s Real=0.01s
[15391.451s][info][gc,start       ] GC(33656) Pause Young (Allocation Failure)
[15391.453s][info][gc,heap        ] GC(33656) PSYoungGen: 81536K(83456K)->1344K(83968K) Eden: 80896K(80896K)->0K(80896K) From: 640K(2560K)->1344K(3072K)
[15391.453s][info][gc,heap        ] GC(33656) ParOldGen: 226104K(227328K)->226160K(227328K)
[15391.453s][info][gc,metaspace   ] GC(33656) Metaspace: 62359K(62592K)->62359K(62592K) NonClass: 53322K(53504K)->53322K(53504K) Class: 9037K(9088K)->9037K(9088K)
[15391.453s][info][gc             ] GC(33656) Pause Young (Allocation Failure) 300M->222M(304M) 2.990ms
[15391.454s][info][gc,cpu         ] GC(33656) User=0.00s Sys=0.00s Real=0.00s
[15391.991s][info][gc,start       ] GC(33657) Pause Young (Allocation Failure)
[15391.993s][info][gc,heap        ] GC(33657) PSYoungGen: 82240K(83968K)->656K(84480K) Eden: 80896K(80896K)->0K(81920K) From: 1344K(3072K)->656K(2560K)
[15391.993s][info][gc,heap        ] GC(33657) ParOldGen: 226160K(227328K)->226216K(227328K)
[15391.993s][info][gc,metaspace   ] GC(33657) Metaspace: 62359K(62592K)->62359K(62592K) NonClass: 53322K(53504K)->53322K(53504K) Class: 9037K(9088K)->9037K(9088K)
[15391.993s][info][gc             ] GC(33657) Pause Young (Allocation Failure) 301M->221M(304M) 2.197ms
[15391.993s][info][gc,cpu         ] GC(33657) User=0.01s Sys=0.00s Real=0.00s
[15392.461s][info][gc,start       ] GC(33658) Pause Young (Allocation Failure)
[15392.464s][info][gc,heap        ] GC(33658) PSYoungGen: 82576K(84480K)->1600K(84480K) Eden: 81920K(81920K)->0K(81920K) From: 656K(2560K)->1600K(2560K)
[15392.464s][info][gc,heap        ] GC(33658) ParOldGen: 226216K(227328K)->226320K(227328K)
[15392.464s][info][gc,metaspace   ] GC(33658) Metaspace: 62359K(62592K)->62359K(62592K) NonClass: 53322K(53504K)->53322K(53504K) Class: 9037K(9088K)->9037K(9088K)
[15392.464s][info][gc             ] GC(33658) Pause Young (Allocation Failure) 301M->222M(304M) 3.286ms
[15392.464s][info][gc,cpu         ] GC(33658) User=0.01s Sys=0.00s Real=0.00s
[15392.914s][info][gc,start       ] GC(33659) Pause Young (Allocation Failure)
[15392.917s][info][gc,heap        ] GC(33659) PSYoungGen: 83520K(84480K)->960K(84480K) Eden: 81920K(81920K)->0K(81920K) From: 1600K(2560K)->960K(2560K)
[15392.917s][info][gc,heap        ] GC(33659) ParOldGen: 226320K(227328K)->226368K(227328K)
[15392.917s][info][gc,metaspace   ] GC(33659) Metaspace: 62359K(62592K)->62359K(62592K) NonClass: 53322K(53504K)->53322K(53504K) Class: 9037K(9088K)->9037K(9088K)
[15392.917s][info][gc             ] GC(33659) Pause Young (Allocation Failure) 302M->222M(304M) 2.594ms
[15392.917s][info][gc,cpu         ] GC(33659) User=0.00s Sys=0.00s Real=0.00s
[15393.382s][info][gc,start       ] GC(33660) Pause Young (Allocation Failure)
[15393.384s][info][gc,heap        ] GC(33660) PSYoungGen: 82880K(84480K)->448K(84480K) Eden: 81920K(81920K)->0K(81920K) From: 960K(2560K)->448K(2560K)
[15393.384s][info][gc,heap        ] GC(33660) ParOldGen: 226368K(227328K)->226416K(227328K)
[15393.384s][info][gc,metaspace   ] GC(33660) Metaspace: 62359K(62592K)->62359K(62592K) NonClass: 53322K(53504K)->53322K(53504K) Class: 9037K(9088K)->9037K(9088K)
[15393.384s][info][gc             ] GC(33660) Pause Young (Allocation Failure) 302M->221M(304M) 1.968ms
[15393.384s][info][gc,cpu         ] GC(33660) User=0.01s Sys=0.00s Real=0.01s
[15393.872s][info][gc,start       ] GC(33661) Pause Young (Allocation Failure)
[15393.874s][info][gc,heap        ] GC(33661) PSYoungGen: 82368K(84480K)->320K(84480K) Eden: 81920K(81920K)->0K(81920K) From: 448K(2560K)->320K(2560K)
[15393.874s][info][gc,heap        ] GC(33661) ParOldGen: 226416K(227328K)->226464K(227328K)
[15393.874s][info][gc,metaspace   ] GC(33661) Metaspace: 62359K(62592K)->62359K(62592K) NonClass: 53322K(53504K)->53322K(53504K) Class: 9037K(9088K)->9037K(9088K)
[15393.874s][info][gc             ] GC(33661) Pause Young (Allocation Failure) 301M->221M(304M) 1.931ms
[15393.874s][info][gc,cpu         ] GC(33661) User=0.00s Sys=0.00s Real=0.00s
[15394.362s][info][gc,start       ] GC(33662) Pause Young (Allocation Failure)
[15394.364s][info][gc,heap        ] GC(33662) PSYoungGen: 82240K(84480K)->224K(84480K) Eden: 81920K(81920K)->0K(81920K) From: 320K(2560K)->224K(2560K)
[15394.364s][info][gc,heap        ] GC(33662) ParOldGen: 226464K(227328K)->226520K(227328K)
[15394.364s][info][gc,metaspace   ] GC(33662) Metaspace: 62359K(62592K)->62359K(62592K) NonClass: 53322K(53504K)->53322K(53504K) Class: 9037K(9088K)->9037K(9088K)
[15394.364s][info][gc             ] GC(33662) Pause Young (Allocation Failure) 301M->221M(304M) 2.005ms
[15394.364s][info][gc,cpu         ] GC(33662) User=0.00s Sys=0.00s Real=0.01s
[15394.821s][info][gc,start       ] GC(33663) Pause Young (Allocation Failure)
[15394.824s][info][gc,heap        ] GC(33663) PSYoungGen: 82144K(84480K)->960K(84480K) Eden: 81920K(81920K)->0K(81920K) From: 224K(2560K)->960K(2560K)
[15394.824s][info][gc,heap        ] GC(33663) ParOldGen: 226520K(227328K)->226568K(227328K)
[15394.824s][info][gc,metaspace   ] GC(33663) Metaspace: 62359K(62592K)->62359K(62592K) NonClass: 53322K(53504K)->53322K(53504K) Class: 9037K(9088K)->9037K(9088K)
[15394.824s][info][gc             ] GC(33663) Pause Young (Allocation Failure) 301M->222M(304M) 2.562ms
[15394.824s][info][gc,cpu         ] GC(33663) User=0.00s Sys=0.00s Real=0.00s
[15395.296s][info][gc,start       ] GC(33664) Pause Young (Allocation Failure)
[15395.298s][info][gc,heap        ] GC(33664) PSYoungGen: 82880K(84480K)->672K(84480K) Eden: 81920K(81920K)->0K(81920K) From: 960K(2560K)->672K(2560K)
[15395.298s][info][gc,heap        ] GC(33664) ParOldGen: 226568K(227328K)->226624K(227328K)
[15395.298s][info][gc,metaspace   ] GC(33664) Metaspace: 62359K(62592K)->62359K(62592K) NonClass: 53322K(53504K)->53322K(53504K) Class: 9037K(9088K)->9037K(9088K)
[15395.298s][info][gc             ] GC(33664) Pause Young (Allocation Failure) 302M->221M(304M) 2.032ms
[15395.298s][info][gc,cpu         ] GC(33664) User=0.00s Sys=0.00s Real=0.00s
[15395.658s][info][gc,start       ] GC(33665) Pause Young (Allocation Failure)
[15395.662s][info][gc,heap        ] GC(33665) PSYoungGen: 82592K(84480K)->2528K(83456K) Eden: 81920K(81920K)->0K(80896K) From: 672K(2560K)->2528K(2560K)
[15395.662s][info][gc,heap        ] GC(33665) ParOldGen: 226624K(227328K)->227040K(227328K)
[15395.662s][info][gc,metaspace   ] GC(33665) Metaspace: 62359K(62592K)->62359K(62592K) NonClass: 53322K(53504K)->53322K(53504K) Class: 9037K(9088K)->9037K(9088K)
[15395.662s][info][gc             ] GC(33665) Pause Young (Allocation Failure) 301M->224M(303M) 3.656ms
[15395.662s][info][gc,cpu         ] GC(33665) User=0.00s Sys=0.00s Real=0.00s
[15396.110s][info][gc,start       ] GC(33666) Pause Young (Allocation Failure)
[15396.113s][info][gc,heap        ] GC(33666) PSYoungGen: 83424K(83456K)->928K(83968K) Eden: 80896K(80896K)->0K(80896K) From: 2528K(2560K)->928K(3072K)
[15396.113s][info][gc,heap        ] GC(33666) ParOldGen: 227040K(227328K)->228096K(228864K)
[15396.113s][info][gc,metaspace   ] GC(33666) Metaspace: 62359K(62592K)->62359K(62592K) NonClass: 53322K(53504K)->53322K(53504K) Class: 9037K(9088K)->9037K(9088K)
[15396.113s][info][gc             ] GC(33666) Pause Young (Allocation Failure) 303M->223M(305M) 2.787ms
[15396.113s][info][gc,cpu         ] GC(33666) User=0.00s Sys=0.00s Real=0.00s
[15396.543s][info][gc,start       ] GC(33667) Pause Young (Allocation Failure)
[15396.546s][info][gc,heap        ] GC(33667) PSYoungGen: 81824K(83968K)->1376K(83968K) Eden: 80896K(80896K)->0K(80896K) From: 928K(3072K)->1376K(3072K)
[15396.546s][info][gc,heap        ] GC(33667) ParOldGen: 228096K(228864K)->228152K(228864K)
[15396.546s][info][gc,metaspace   ] GC(33667) Metaspace: 62359K(62592K)->62359K(62592K) NonClass: 53322K(53504K)->53322K(53504K) Class: 9037K(9088K)->9037K(9088K)
[15396.546s][info][gc             ] GC(33667) Pause Young (Allocation Failure) 302M->224M(305M) 2.794ms
[15396.546s][info][gc,cpu         ] GC(33667) User=0.01s Sys=0.00s Real=0.01s
[15396.984s][info][gc,start       ] GC(33668) Pause Young (Allocation Failure)
[15396.986s][info][gc,heap        ] GC(33668) PSYoungGen: 82272K(83968K)->512K(83968K) Eden: 80896K(80896K)->0K(80896K) From: 1376K(3072K)->512K(3072K)
[15396.986s][info][gc,heap        ] GC(33668) ParOldGen: 228152K(228864K)->228200K(228864K)
[15396.986s][info][gc,metaspace   ] GC(33668) Metaspace: 62359K(62592K)->62359K(62592K) NonClass: 53322K(53504K)->53322K(53504K) Class: 9037K(9088K)->9037K(9088K)
[15396.986s][info][gc             ] GC(33668) Pause Young (Allocation Failure) 303M->223M(305M) 1.983ms
[15396.986s][info][gc,cpu         ] GC(33668) User=0.01s Sys=0.00s Real=0.01s
[15397.448s][info][gc,start       ] GC(33669) Pause Young (Allocation Failure)
[15397.451s][info][gc,heap        ] GC(33669) PSYoungGen: 81408K(83968K)->1472K(83968K) Eden: 80896K(80896K)->0K(80896K) From: 512K(3072K)->1472K(3072K)
[15397.451s][info][gc,heap        ] GC(33669) ParOldGen: 228200K(228864K)->228256K(228864K)
[15397.451s][info][gc,metaspace   ] GC(33669) Metaspace: 62359K(62592K)->62359K(62592K) NonClass: 53322K(53504K)->53322K(53504K) Class: 9037K(9088K)->9037K(9088K)
[15397.451s][info][gc             ] GC(33669) Pause Young (Allocation Failure) 302M->224M(305M) 2.889ms
[15397.451s][info][gc,cpu         ] GC(33669) User=0.00s Sys=0.01s Real=0.00s
[15397.859s][info][gc,start       ] GC(33670) Pause Young (Allocation Failure)
[15397.862s][info][gc,heap        ] GC(33670) PSYoungGen: 82368K(83968K)->1728K(83968K) Eden: 80896K(80896K)->0K(80896K) From: 1472K(3072K)->1728K(3072K)
[15397.862s][info][gc,heap        ] GC(33670) ParOldGen: 228256K(228864K)->228312K(228864K)
[15397.862s][info][gc,metaspace   ] GC(33670) Metaspace: 62359K(62592K)->62359K(62592K) NonClass: 53322K(53504K)->53322K(53504K) Class: 9037K(9088K)->9037K(9088K)
[15397.862s][info][gc             ] GC(33670) Pause Young (Allocation Failure) 303M->224M(305M) 3.309ms
[15397.862s][info][gc,cpu         ] GC(33670) User=0.01s Sys=0.00s Real=0.00s
[15398.251s][info][gc,start       ] GC(33671) Pause Young (Allocation Failure)
[15398.254s][info][gc,heap        ] GC(33671) PSYoungGen: 82624K(83968K)->1504K(83968K) Eden: 80896K(80896K)->0K(80896K) From: 1728K(3072K)->1504K(3072K)
[15398.254s][info][gc,heap        ] GC(33671) ParOldGen: 228312K(228864K)->228360K(228864K)
[15398.254s][info][gc,metaspace   ] GC(33671) Metaspace: 62359K(62592K)->62359K(62592K) NonClass: 53322K(53504K)->53322K(53504K) Class: 9037K(9088K)->9037K(9088K)
[15398.254s][info][gc             ] GC(33671) Pause Young (Allocation Failure) 303M->224M(305M) 3.144ms
[15398.254s][info][gc,cpu         ] GC(33671) User=0.00s Sys=0.00s Real=0.00s
[15398.668s][info][gc,start       ] GC(33672) Pause Young (Allocation Failure)
[15398.670s][info][gc,heap        ] GC(33672) PSYoungGen: 82400K(83968K)->288K(83968K) Eden: 80896K(80896K)->0K(80896K) From: 1504K(3072K)->288K(3072K)
[15398.670s][info][gc,heap        ] GC(33672) ParOldGen: 228360K(228864K)->228416K(228864K)
[15398.670s][info][gc,metaspace   ] GC(33672) Metaspace: 62359K(62592K)->62359K(62592K) NonClass: 53322K(53504K)->53322K(53504K) Class: 9037K(9088K)->9037K(9088K)
[15398.670s][info][gc             ] GC(33672) Pause Young (Allocation Failure) 303M->223M(305M) 1.765ms
[15398.670s][info][gc,cpu         ] GC(33672) User=0.01s Sys=0.00s Real=0.00s
[15399.134s][info][gc,start       ] GC(33673) Pause Young (Allocation Failure)
[15399.137s][info][gc,heap        ] GC(33673) PSYoungGen: 81184K(83968K)->1248K(84480K) Eden: 80896K(80896K)->0K(81408K) From: 288K(3072K)->1248K(3072K)
[15399.137s][info][gc,heap        ] GC(33673) ParOldGen: 228416K(228864K)->228472K(228864K)
[15399.137s][info][gc,metaspace   ] GC(33673) Metaspace: 62359K(62592K)->62359K(62592K) NonClass: 53322K(53504K)->53322K(53504K) Class: 9037K(9088K)->9037K(9088K)
[15399.137s][info][gc             ] GC(33673) Pause Young (Allocation Failure) 302M->224M(306M) 2.716ms
[15399.137s][info][gc,cpu         ] GC(33673) User=0.01s Sys=0.00s Real=0.01s
[15399.629s][info][gc,start       ] GC(33674) Pause Young (Allocation Failure)
[15399.631s][info][gc,heap        ] GC(33674) PSYoungGen: 82656K(84480K)->1264K(83968K) Eden: 81408K(81408K)->0K(81408K) From: 1248K(3072K)->1264K(2560K)
[15399.632s][info][gc,heap        ] GC(33674) ParOldGen: 228472K(228864K)->228528K(228864K)
[15399.632s][info][gc,metaspace   ] GC(33674) Metaspace: 62359K(62592K)->62359K(62592K) NonClass: 53322K(53504K)->53322K(53504K) Class: 9037K(9088K)->9037K(9088K)
[15399.632s][info][gc             ] GC(33674) Pause Young (Allocation Failure) 303M->224M(305M) 2.836ms
[15399.632s][info][gc,cpu         ] GC(33674) User=0.00s Sys=0.00s Real=0.00s
[15400.021s][info][gc,start       ] GC(33675) Pause Young (Allocation Failure)
[15400.024s][info][gc,heap        ] GC(33675) PSYoungGen: 82672K(83968K)->2208K(83456K) Eden: 81408K(81408K)->0K(80896K) From: 1264K(2560K)->2208K(2560K)
[15400.024s][info][gc,heap        ] GC(33675) ParOldGen: 228528K(228864K)->228640K(228864K)
[15400.024s][info][gc,metaspace   ] GC(33675) Metaspace: 62359K(62592K)->62359K(62592K) NonClass: 53322K(53504K)->53322K(53504K) Class: 9037K(9088K)->9037K(9088K)
[15400.024s][info][gc             ] GC(33675) Pause Young (Allocation Failure) 303M->225M(305M) 2.786ms
[15400.024s][info][gc,cpu         ] GC(33675) User=0.00s Sys=0.00s Real=0.00s
[15400.441s][info][gc,start       ] GC(33676) Pause Young (Allocation Failure)
[15400.444s][info][gc,heap        ] GC(33676) PSYoungGen: 83104K(83456K)->1312K(83968K) Eden: 80896K(80896K)->0K(80896K) From: 2208K(2560K)->1312K(3072K)
[15400.444s][info][gc,heap        ] GC(33676) ParOldGen: 228640K(228864K)->229720K(230400K)
[15400.444s][info][gc,metaspace   ] GC(33676) Metaspace: 62359K(62592K)->62359K(62592K) NonClass: 53322K(53504K)->53322K(53504K) Class: 9037K(9088K)->9037K(9088K)
[15400.445s][info][gc             ] GC(33676) Pause Young (Allocation Failure) 304M->225M(307M) 3.389ms
[15400.445s][info][gc,cpu         ] GC(33676) User=0.01s Sys=0.00s Real=0.01s
[15400.935s][info][gc,start       ] GC(33677) Pause Young (Allocation Failure)
[15400.937s][info][gc,heap        ] GC(33677) PSYoungGen: 82208K(83968K)->1152K(84480K) Eden: 80896K(80896K)->0K(81408K) From: 1312K(3072K)->1152K(3072K)
[15400.937s][info][gc,heap        ] GC(33677) ParOldGen: 229720K(230400K)->229768K(230400K)
[15400.937s][info][gc,metaspace   ] GC(33677) Metaspace: 62359K(62592K)->62359K(62592K) NonClass: 53322K(53504K)->53322K(53504K) Class: 9037K(9088K)->9037K(9088K)
[15400.937s][info][gc             ] GC(33677) Pause Young (Allocation Failure) 304M->225M(307M) 2.713ms
[15400.937s][info][gc,cpu         ] GC(33677) User=0.00s Sys=0.00s Real=0.00s
[15401.435s][info][gc,start       ] GC(33678) Pause Young (Allocation Failure)
[15401.437s][info][gc,heap        ] GC(33678) PSYoungGen: 82560K(84480K)->1088K(83968K) Eden: 81408K(81408K)->0K(81408K) From: 1152K(3072K)->1088K(2560K)
[15401.437s][info][gc,heap        ] GC(33678) ParOldGen: 229768K(230400K)->229832K(230400K)
[15401.437s][info][gc,metaspace   ] GC(33678) Metaspace: 62359K(62592K)->62359K(62592K) NonClass: 53322K(53504K)->53322K(53504K) Class: 9037K(9088K)->9037K(9088K)
[15401.437s][info][gc             ] GC(33678) Pause Young (Allocation Failure) 305M->225M(307M) 2.613ms
[15401.437s][info][gc,cpu         ] GC(33678) User=0.01s Sys=0.00s Real=0.00s
[15401.907s][info][gc,start       ] GC(33679) Pause Young (Allocation Failure)
[15401.909s][info][gc,heap        ] GC(33679) PSYoungGen: 82496K(83968K)->832K(84480K) Eden: 81408K(81408K)->0K(81920K) From: 1088K(2560K)->832K(2560K)
[15401.909s][info][gc,heap        ] GC(33679) ParOldGen: 229832K(230400K)->229888K(230400K)
[15401.909s][info][gc,metaspace   ] GC(33679) Metaspace: 62359K(62592K)->62359K(62592K) NonClass: 53322K(53504K)->53322K(53504K) Class: 9037K(9088K)->9037K(9088K)
[15401.909s][info][gc             ] GC(33679) Pause Young (Allocation Failure) 305M->225M(307M) 2.334ms
[15401.909s][info][gc,cpu         ] GC(33679) User=0.01s Sys=0.00s Real=0.00s
[15402.389s][info][gc,start       ] GC(33680) Pause Young (Allocation Failure)
[15402.391s][info][gc,heap        ] GC(33680) PSYoungGen: 82752K(84480K)->544K(84480K) Eden: 81920K(81920K)->0K(81920K) From: 832K(2560K)->544K(2560K)
[15402.391s][info][gc,heap        ] GC(33680) ParOldGen: 229888K(230400K)->229936K(230400K)
[15402.391s][info][gc,metaspace   ] GC(33680) Metaspace: 62359K(62592K)->62359K(62592K) NonClass: 53322K(53504K)->53322K(53504K) Class: 9037K(9088K)->9037K(9088K)
[15402.391s][info][gc             ] GC(33680) Pause Young (Allocation Failure) 305M->225M(307M) 2.086ms
[15402.391s][info][gc,cpu         ] GC(33680) User=0.01s Sys=0.00s Real=0.00s
[15402.864s][info][gc,start       ] GC(33681) Pause Young (Allocation Failure)
[15402.865s][info][gc,heap        ] GC(33681) PSYoungGen: 82464K(84480K)->224K(84480K) Eden: 81920K(81920K)->0K(81920K) From: 544K(2560K)->224K(2560K)
[15402.865s][info][gc,heap        ] GC(33681) ParOldGen: 229936K(230400K)->229992K(230400K)
[15402.865s][info][gc,metaspace   ] GC(33681) Metaspace: 62359K(62592K)->62359K(62592K) NonClass: 53322K(53504K)->53322K(53504K) Class: 9037K(9088K)->9037K(9088K)
[15402.865s][info][gc             ] GC(33681) Pause Young (Allocation Failure) 305M->224M(307M) 1.806ms
[15402.865s][info][gc,cpu         ] GC(33681) User=0.00s Sys=0.00s Real=0.01s
[15403.337s][info][gc,start       ] GC(33682) Pause Young (Allocation Failure)
[15403.339s][info][gc,heap        ] GC(33682) PSYoungGen: 82144K(84480K)->1184K(84480K) Eden: 81920K(81920K)->0K(81920K) From: 224K(2560K)->1184K(2560K)
[15403.340s][info][gc,heap        ] GC(33682) ParOldGen: 229992K(230400K)->230048K(230400K)
[15403.340s][info][gc,metaspace   ] GC(33682) Metaspace: 62359K(62592K)->62359K(62592K) NonClass: 53322K(53504K)->53322K(53504K) Class: 9037K(9088K)->9037K(9088K)
[15403.340s][info][gc             ] GC(33682) Pause Young (Allocation Failure) 304M->225M(307M) 2.877ms
[15403.340s][info][gc,cpu         ] GC(33682) User=0.01s Sys=0.00s Real=0.00s
[15403.821s][info][gc,start       ] GC(33683) Pause Young (Allocation Failure)
[15403.823s][info][gc,heap        ] GC(33683) PSYoungGen: 83104K(84480K)->960K(84480K) Eden: 81920K(81920K)->0K(81920K) From: 1184K(2560K)->960K(2560K)
[15403.824s][info][gc,heap        ] GC(33683) ParOldGen: 230048K(230400K)->230104K(230400K)
[15403.824s][info][gc,metaspace   ] GC(33683) Metaspace: 62359K(62592K)->62359K(62592K) NonClass: 53322K(53504K)->53322K(53504K) Class: 9037K(9088K)->9037K(9088K)
[15403.824s][info][gc             ] GC(33683) Pause Young (Allocation Failure) 305M->225M(307M) 2.873ms
[15403.824s][info][gc,cpu         ] GC(33683) User=0.01s Sys=0.00s Real=0.00s
[15404.306s][info][gc,start       ] GC(33684) Pause Young (Allocation Failure)
[15404.309s][info][gc,heap        ] GC(33684) PSYoungGen: 82880K(84480K)->768K(84480K) Eden: 81920K(81920K)->0K(81920K) From: 960K(2560K)->768K(2560K)
[15404.309s][info][gc,heap        ] GC(33684) ParOldGen: 230104K(230400K)->230160K(230400K)
[15404.309s][info][gc,metaspace   ] GC(33684) Metaspace: 62359K(62592K)->62359K(62592K) NonClass: 53322K(53504K)->53322K(53504K) Class: 9037K(9088K)->9037K(9088K)
[15404.309s][info][gc             ] GC(33684) Pause Young (Allocation Failure) 305M->225M(307M) 2.392ms
[15404.309s][info][gc,cpu         ] GC(33684) User=0.01s Sys=0.00s Real=0.00s
[15404.744s][info][gc,start       ] GC(33685) Pause Young (Allocation Failure)
[15404.747s][info][gc,heap        ] GC(33685) PSYoungGen: 82688K(84480K)->1504K(84480K) Eden: 81920K(81920K)->0K(81920K) From: 768K(2560K)->1504K(2560K)
[15404.747s][info][gc,heap        ] GC(33685) ParOldGen: 230160K(230400K)->230216K(230400K)
[15404.747s][info][gc,metaspace   ] GC(33685) Metaspace: 62359K(62592K)->62359K(62592K) NonClass: 53322K(53504K)->53322K(53504K) Class: 9037K(9088K)->9037K(9088K)
[15404.747s][info][gc             ] GC(33685) Pause Young (Allocation Failure) 305M->226M(307M) 3.509ms
[15404.747s][info][gc,cpu         ] GC(33685) User=0.01s Sys=0.00s Real=0.01s
[15405.155s][info][gc,start       ] GC(33686) Pause Young (Allocation Failure)
[15405.158s][info][gc,heap        ] GC(33686) PSYoungGen: 83424K(84480K)->2528K(84480K) Eden: 81920K(81920K)->0K(81920K) From: 1504K(2560K)->2528K(2560K)
[15405.158s][info][gc,heap        ] GC(33686) ParOldGen: 230216K(230400K)->230408K(230912K)
[15405.158s][info][gc,metaspace   ] GC(33686) Metaspace: 62359K(62592K)->62359K(62592K) NonClass: 53322K(53504K)->53322K(53504K) Class: 9037K(9088K)->9037K(9088K)
[15405.158s][info][gc             ] GC(33686) Pause Young (Allocation Failure) 306M->227M(308M) 3.334ms
[15405.158s][info][gc,cpu         ] GC(33686) User=0.01s Sys=0.00s Real=0.00s
[15405.570s][info][gc,start       ] GC(33687) Pause Young (Allocation Failure)
[15405.573s][info][gc,heap        ] GC(33687) PSYoungGen: 84448K(84480K)->320K(83456K) Eden: 81920K(81920K)->0K(80896K) From: 2528K(2560K)->320K(2560K)
[15405.573s][info][gc,heap        ] GC(33687) ParOldGen: 230408K(230912K)->232496K(233984K)
[15405.573s][info][gc,metaspace   ] GC(33687) Metaspace: 62359K(62592K)->62359K(62592K) NonClass: 53322K(53504K)->53322K(53504K) Class: 9037K(9088K)->9037K(9088K)
[15405.573s][info][gc             ] GC(33687) Pause Young (Allocation Failure) 307M->227M(310M) 3.052ms
[15405.573s][info][gc,cpu         ] GC(33687) User=0.01s Sys=0.00s Real=0.00s
[15405.978s][info][gc,start       ] GC(33688) Pause Young (Allocation Failure)
[15405.980s][info][gc,heap        ] GC(33688) PSYoungGen: 81216K(83456K)->416K(83968K) Eden: 80896K(80896K)->0K(80896K) From: 320K(2560K)->416K(3072K)
[15405.980s][info][gc,heap        ] GC(33688) ParOldGen: 232496K(233984K)->232552K(233984K)
[15405.980s][info][gc,metaspace   ] GC(33688) Metaspace: 62359K(62592K)->62359K(62592K) NonClass: 53322K(53504K)->53322K(53504K) Class: 9037K(9088K)->9037K(9088K)
[15405.980s][info][gc             ] GC(33688) Pause Young (Allocation Failure) 306M->227M(310M) 1.898ms
[15405.980s][info][gc,cpu         ] GC(33688) User=0.01s Sys=0.00s Real=0.00s
[15406.429s][info][gc,start       ] GC(33689) Pause Young (Allocation Failure)
[15406.432s][info][gc,heap        ] GC(33689) PSYoungGen: 81312K(83968K)->1024K(84480K) Eden: 80896K(80896K)->0K(81408K) From: 416K(3072K)->1024K(3072K)
[15406.432s][info][gc,heap        ] GC(33689) ParOldGen: 232552K(233984K)->232608K(233984K)
[15406.432s][info][gc,metaspace   ] GC(33689) Metaspace: 62359K(62592K)->62359K(62592K) NonClass: 53322K(53504K)->53322K(53504K) Class: 9037K(9088K)->9037K(9088K)
[15406.432s][info][gc             ] GC(33689) Pause Young (Allocation Failure) 306M->228M(311M) 2.673ms
[15406.432s][info][gc,cpu         ] GC(33689) User=0.00s Sys=0.00s Real=0.00s
[15406.882s][info][gc,start       ] GC(33690) Pause Young (Allocation Failure)
[15406.884s][info][gc,heap        ] GC(33690) PSYoungGen: 82432K(84480K)->480K(83968K) Eden: 81408K(81408K)->0K(81408K) From: 1024K(3072K)->480K(2560K)
[15406.884s][info][gc,heap        ] GC(33690) ParOldGen: 232608K(233984K)->232664K(233984K)
[15406.884s][info][gc,metaspace   ] GC(33690) Metaspace: 62359K(62592K)->62359K(62592K) NonClass: 53322K(53504K)->53322K(53504K) Class: 9037K(9088K)->9037K(9088K)
[15406.884s][info][gc             ] GC(33690) Pause Young (Allocation Failure) 307M->227M(310M) 1.930ms
[15406.884s][info][gc,cpu         ] GC(33690) User=0.00s Sys=0.00s Real=0.00s
[15407.393s][info][gc,start       ] GC(33691) Pause Young (Allocation Failure)
[15407.395s][info][gc,heap        ] GC(33691) PSYoungGen: 81888K(83968K)->688K(84480K) Eden: 81408K(81408K)->0K(81920K) From: 480K(2560K)->688K(2560K)
[15407.395s][info][gc,heap        ] GC(33691) ParOldGen: 232664K(233984K)->232712K(233984K)
[15407.395s][info][gc,metaspace   ] GC(33691) Metaspace: 62359K(62592K)->62359K(62592K) NonClass: 53322K(53504K)->53322K(53504K) Class: 9037K(9088K)->9037K(9088K)
[15407.395s][info][gc             ] GC(33691) Pause Young (Allocation Failure) 307M->227M(311M) 2.195ms
[15407.395s][info][gc,cpu         ] GC(33691) User=0.01s Sys=0.00s Real=0.01s
[15407.866s][info][gc,start       ] GC(33692) Pause Young (Allocation Failure)
[15407.868s][info][gc,heap        ] GC(33692) PSYoungGen: 82608K(84480K)->256K(84480K) Eden: 81920K(81920K)->0K(81920K) From: 688K(2560K)->256K(2560K)
[15407.868s][info][gc,heap        ] GC(33692) ParOldGen: 232712K(233984K)->232808K(233984K)
[15407.868s][info][gc,metaspace   ] GC(33692) Metaspace: 62359K(62592K)->62359K(62592K) NonClass: 53322K(53504K)->53322K(53504K) Class: 9037K(9088K)->9037K(9088K)
[15407.868s][info][gc             ] GC(33692) Pause Young (Allocation Failure) 307M->227M(311M) 1.904ms
[15407.868s][info][gc,cpu         ] GC(33692) User=0.00s Sys=0.01s Real=0.00s
[15408.324s][info][gc,start       ] GC(33693) Pause Young (Allocation Failure)
[15408.327s][info][gc,heap        ] GC(33693) PSYoungGen: 82176K(84480K)->1088K(84480K) Eden: 81920K(81920K)->0K(81920K) From: 256K(2560K)->1088K(2560K)
[15408.327s][info][gc,heap        ] GC(33693) ParOldGen: 232808K(233984K)->232864K(233984K)
[15408.327s][info][gc,metaspace   ] GC(33693) Metaspace: 62359K(62592K)->62359K(62592K) NonClass: 53322K(53504K)->53322K(53504K) Class: 9037K(9088K)->9037K(9088K)
[15408.327s][info][gc             ] GC(33693) Pause Young (Allocation Failure) 307M->228M(311M) 2.684ms
[15408.327s][info][gc,cpu         ] GC(33693) User=0.00s Sys=0.00s Real=0.00s
[15408.790s][info][gc,start       ] GC(33694) Pause Young (Allocation Failure)
[15408.793s][info][gc,heap        ] GC(33694) PSYoungGen: 83008K(84480K)->608K(84480K) Eden: 81920K(81920K)->0K(81920K) From: 1088K(2560K)->608K(2560K)
[15408.793s][info][gc,heap        ] GC(33694) ParOldGen: 232864K(233984K)->232912K(233984K)
[15408.793s][info][gc,metaspace   ] GC(33694) Metaspace: 62359K(62592K)->62359K(62592K) NonClass: 53322K(53504K)->53322K(53504K) Class: 9037K(9088K)->9037K(9088K)
[15408.793s][info][gc             ] GC(33694) Pause Young (Allocation Failure) 308M->228M(311M) 2.138ms
[15408.793s][info][gc,cpu         ] GC(33694) User=0.00s Sys=0.01s Real=0.00s
[15409.262s][info][gc,start       ] GC(33695) Pause Young (Allocation Failure)
[15409.264s][info][gc,heap        ] GC(33695) PSYoungGen: 82528K(84480K)->192K(84480K) Eden: 81920K(81920K)->0K(81920K) From: 608K(2560K)->192K(2560K)
[15409.264s][info][gc,heap        ] GC(33695) ParOldGen: 232912K(233984K)->232968K(233984K)
[15409.264s][info][gc,metaspace   ] GC(33695) Metaspace: 62359K(62592K)->62359K(62592K) NonClass: 53322K(53504K)->53322K(53504K) Class: 9037K(9088K)->9037K(9088K)
[15409.264s][info][gc             ] GC(33695) Pause Young (Allocation Failure) 308M->227M(311M) 1.824ms
[15409.264s][info][gc,cpu         ] GC(33695) User=0.00s Sys=0.00s Real=0.01s
[15409.725s][info][gc,start       ] GC(33696) Pause Young (Allocation Failure)
[15409.728s][info][gc,heap        ] GC(33696) PSYoungGen: 82112K(84480K)->992K(84480K) Eden: 81920K(81920K)->0K(81920K) From: 192K(2560K)->992K(2560K)
[15409.728s][info][gc,heap        ] GC(33696) ParOldGen: 232968K(233984K)->233024K(233984K)
[15409.728s][info][gc,metaspace   ] GC(33696) Metaspace: 62359K(62592K)->62359K(62592K) NonClass: 53322K(53504K)->53322K(53504K) Class: 9037K(9088K)->9037K(9088K)
[15409.728s][info][gc             ] GC(33696) Pause Young (Allocation Failure) 307M->228M(311M) 2.597ms
[15409.728s][info][gc,cpu         ] GC(33696) User=0.00s Sys=0.00s Real=0.00s
[15410.182s][info][gc,start       ] GC(33697) Pause Young (Allocation Failure)
[15410.184s][info][gc,heap        ] GC(33697) PSYoungGen: 82912K(84480K)->2496K(83456K) Eden: 81920K(81920K)->0K(80896K) From: 992K(2560K)->2496K(2560K)
[15410.184s][info][gc,heap        ] GC(33697) ParOldGen: 233024K(233984K)->233080K(233984K)
[15410.184s][info][gc,metaspace   ] GC(33697) Metaspace: 62359K(62592K)->62359K(62592K) NonClass: 53322K(53504K)->53322K(53504K) Class: 9037K(9088K)->9037K(9088K)
[15410.184s][info][gc             ] GC(33697) Pause Young (Allocation Failure) 308M->230M(310M) 2.317ms
[15410.184s][info][gc,cpu         ] GC(33697) User=0.01s Sys=0.00s Real=0.00s
[15410.637s][info][gc,start       ] GC(33698) Pause Young (Allocation Failure)
[15410.641s][info][gc,heap        ] GC(33698) PSYoungGen: 83392K(83456K)->1216K(83968K) Eden: 80896K(80896K)->0K(80896K) From: 2496K(2560K)->1216K(3072K)
[15410.641s][info][gc,heap        ] GC(33698) ParOldGen: 233080K(233984K)->235184K(235520K)
[15410.641s][info][gc,metaspace   ] GC(33698) Metaspace: 62359K(62592K)->62359K(62592K) NonClass: 53322K(53504K)->53322K(53504K) Class: 9037K(9088K)->9037K(9088K)
[15410.641s][info][gc             ] GC(33698) Pause Young (Allocation Failure) 309M->230M(312M) 3.767ms
[15410.641s][info][gc,cpu         ] GC(33698) User=0.01s Sys=0.00s Real=0.00s
[15411.104s][info][gc,start       ] GC(33699) Pause Young (Allocation Failure)
[15411.106s][info][gc,heap        ] GC(33699) PSYoungGen: 82112K(83968K)->736K(84480K) Eden: 80896K(80896K)->0K(81920K) From: 1216K(3072K)->736K(2560K)
[15411.106s][info][gc,heap        ] GC(33699) ParOldGen: 235184K(235520K)->235240K(235520K)
[15411.106s][info][gc,metaspace   ] GC(33699) Metaspace: 62359K(62592K)->62359K(62592K) NonClass: 53322K(53504K)->53322K(53504K) Class: 9037K(9088K)->9037K(9088K)
[15411.106s][info][gc             ] GC(33699) Pause Young (Allocation Failure) 309M->230M(312M) 2.418ms
[15411.106s][info][gc,cpu         ] GC(33699) User=0.00s Sys=0.00s Real=0.01s
[15411.510s][info][gc,start       ] GC(33700) Pause Young (Allocation Failure)
[15411.513s][info][gc,heap        ] GC(33700) PSYoungGen: 82656K(84480K)->992K(84480K) Eden: 81920K(81920K)->0K(81920K) From: 736K(2560K)->992K(2560K)
[15411.513s][info][gc,heap        ] GC(33700) ParOldGen: 235240K(235520K)->235296K(235520K)
[15411.513s][info][gc,metaspace   ] GC(33700) Metaspace: 62359K(62592K)->62359K(62592K) NonClass: 53322K(53504K)->53322K(53504K) Class: 9037K(9088K)->9037K(9088K)
[15411.513s][info][gc             ] GC(33700) Pause Young (Allocation Failure) 310M->230M(312M) 2.437ms
[15411.513s][info][gc,cpu         ] GC(33700) User=0.01s Sys=0.00s Real=0.00s
[15411.883s][info][gc,start       ] GC(33701) Pause Young (Allocation Failure)
[15411.885s][info][gc,heap        ] GC(33701) PSYoungGen: 82912K(84480K)->544K(84480K) Eden: 81920K(81920K)->0K(81920K) From: 992K(2560K)->544K(2560K)
[15411.885s][info][gc,heap        ] GC(33701) ParOldGen: 235296K(235520K)->235344K(235520K)
[15411.885s][info][gc,metaspace   ] GC(33701) Metaspace: 62359K(62592K)->62359K(62592K) NonClass: 53322K(53504K)->53322K(53504K) Class: 9037K(9088K)->9037K(9088K)
[15411.885s][info][gc             ] GC(33701) Pause Young (Allocation Failure) 310M->230M(312M) 1.981ms
[15411.885s][info][gc,cpu         ] GC(33701) User=0.00s Sys=0.00s Real=0.01s
[15412.343s][info][gc,start       ] GC(33702) Pause Young (Allocation Failure)
[15412.346s][info][gc,heap        ] GC(33702) PSYoungGen: 82464K(84480K)->1344K(84480K) Eden: 81920K(81920K)->0K(81920K) From: 544K(2560K)->1344K(2560K)
[15412.346s][info][gc,heap        ] GC(33702) ParOldGen: 235344K(235520K)->235400K(235520K)
[15412.346s][info][gc,metaspace   ] GC(33702) Metaspace: 62359K(62592K)->62359K(62592K) NonClass: 53322K(53504K)->53322K(53504K) Class: 9037K(9088K)->9037K(9088K)
[15412.346s][info][gc             ] GC(33702) Pause Young (Allocation Failure) 310M->231M(312M) 2.902ms
[15412.346s][info][gc,cpu         ] GC(33702) User=0.01s Sys=0.00s Real=0.01s
[15412.795s][info][gc,start       ] GC(33703) Pause Young (Allocation Failure)
[15412.797s][info][gc,heap        ] GC(33703) PSYoungGen: 83264K(84480K)->672K(84480K) Eden: 81920K(81920K)->0K(81920K) From: 1344K(2560K)->672K(2560K)
[15412.797s][info][gc,heap        ] GC(33703) ParOldGen: 235400K(235520K)->235456K(235520K)
[15412.797s][info][gc,metaspace   ] GC(33703) Metaspace: 62359K(62592K)->62359K(62592K) NonClass: 53322K(53504K)->53322K(53504K) Class: 9037K(9088K)->9037K(9088K)
[15412.797s][info][gc             ] GC(33703) Pause Young (Allocation Failure) 311M->230M(312M) 2.150ms
[15412.797s][info][gc,cpu         ] GC(33703) User=0.01s Sys=0.00s Real=0.00s
[15413.262s][info][gc,start       ] GC(33704) Pause Young (Allocation Failure)
[15413.263s][info][gc,heap        ] GC(33704) PSYoungGen: 82592K(84480K)->192K(84480K) Eden: 81920K(81920K)->0K(81920K) From: 672K(2560K)->192K(2560K)
[15413.263s][info][gc,heap        ] GC(33704) ParOldGen: 235456K(235520K)->235512K(235520K)
[15413.263s][info][gc,metaspace   ] GC(33704) Metaspace: 62359K(62592K)->62359K(62592K) NonClass: 53322K(53504K)->53322K(53504K) Class: 9037K(9088K)->9037K(9088K)
[15413.263s][info][gc             ] GC(33704) Pause Young (Allocation Failure) 310M->230M(312M) 1.740ms
[15413.263s][info][gc,cpu         ] GC(33704) User=0.00s Sys=0.00s Real=0.00s
[15413.724s][info][gc,start       ] GC(33705) Pause Young (Allocation Failure)
[15413.727s][info][gc,heap        ] GC(33705) PSYoungGen: 82112K(84480K)->1024K(84480K) Eden: 81920K(81920K)->0K(81920K) From: 192K(2560K)->1024K(2560K)
[15413.727s][info][gc,heap        ] GC(33705) ParOldGen: 235512K(235520K)->235560K(236032K)
[15413.727s][info][gc,metaspace   ] GC(33705) Metaspace: 62359K(62592K)->62359K(62592K) NonClass: 53322K(53504K)->53322K(53504K) Class: 9037K(9088K)->9037K(9088K)
[15413.727s][info][gc             ] GC(33705) Pause Young (Allocation Failure) 310M->231M(313M) 2.600ms
[15413.727s][info][gc,cpu         ] GC(33705) User=0.00s Sys=0.00s Real=0.00s
[15414.175s][info][gc,start       ] GC(33706) Pause Young (Allocation Failure)
[15414.177s][info][gc,heap        ] GC(33706) PSYoungGen: 82944K(84480K)->384K(84480K) Eden: 81920K(81920K)->0K(81920K) From: 1024K(2560K)->384K(2560K)
[15414.177s][info][gc,heap        ] GC(33706) ParOldGen: 235560K(236032K)->235616K(236032K)
[15414.177s][info][gc,metaspace   ] GC(33706) Metaspace: 62359K(62592K)->62359K(62592K) NonClass: 53322K(53504K)->53322K(53504K) Class: 9037K(9088K)->9037K(9088K)
[15414.177s][info][gc             ] GC(33706) Pause Young (Allocation Failure) 311M->230M(313M) 1.785ms
[15414.177s][info][gc,cpu         ] GC(33706) User=0.00s Sys=0.00s Real=0.00s
[15414.575s][info][gc,start       ] GC(33707) Pause Young (Allocation Failure)
[15414.577s][info][gc,heap        ] GC(33707) PSYoungGen: 82304K(84480K)->384K(84992K) Eden: 81920K(81920K)->0K(82432K) From: 384K(2560K)->384K(2560K)
[15414.577s][info][gc,heap        ] GC(33707) ParOldGen: 235616K(236032K)->235672K(236032K)
[15414.577s][info][gc,metaspace   ] GC(33707) Metaspace: 62359K(62592K)->62359K(62592K) NonClass: 53322K(53504K)->53322K(53504K) Class: 9037K(9088K)->9037K(9088K)
[15414.577s][info][gc             ] GC(33707) Pause Young (Allocation Failure) 310M->230M(313M) 1.947ms
[15414.577s][info][gc,cpu         ] GC(33707) User=0.00s Sys=0.00s Real=0.00s
[15415.048s][info][gc,start       ] GC(33708) Pause Young (Allocation Failure)
[15415.051s][info][gc,heap        ] GC(33708) PSYoungGen: 82816K(84992K)->1392K(84480K) Eden: 82432K(82432K)->0K(82432K) From: 384K(2560K)->1392K(2048K)
[15415.051s][info][gc,heap        ] GC(33708) ParOldGen: 235672K(236032K)->235728K(236032K)
[15415.051s][info][gc,metaspace   ] GC(33708) Metaspace: 62359K(62592K)->62359K(62592K) NonClass: 53322K(53504K)->53322K(53504K) Class: 9037K(9088K)->9037K(9088K)
[15415.051s][info][gc             ] GC(33708) Pause Young (Allocation Failure) 311M->231M(313M) 2.810ms
[15415.051s][info][gc,cpu         ] GC(33708) User=0.01s Sys=0.00s Real=0.00s
[15415.496s][info][gc,start       ] GC(33709) Pause Young (Allocation Failure)
[15415.498s][info][gc,heap        ] GC(33709) PSYoungGen: 83824K(84480K)->672K(84992K) Eden: 82432K(82432K)->0K(82432K) From: 1392K(2048K)->672K(2560K)
[15415.498s][info][gc,heap        ] GC(33709) ParOldGen: 235728K(236032K)->235832K(236032K)
[15415.498s][info][gc,metaspace   ] GC(33709) Metaspace: 62359K(62592K)->62359K(62592K) NonClass: 53322K(53504K)->53322K(53504K) Class: 9037K(9088K)->9037K(9088K)
[15415.498s][info][gc             ] GC(33709) Pause Young (Allocation Failure) 312M->230M(313M) 2.092ms
[15415.498s][info][gc,cpu         ] GC(33709) User=0.00s Sys=0.00s Real=0.00s
[15415.954s][info][gc,start       ] GC(33710) Pause Young (Allocation Failure)
[15415.957s][info][gc,heap        ] GC(33710) PSYoungGen: 83104K(84992K)->1504K(84480K) Eden: 82432K(82432K)->0K(82432K) From: 672K(2560K)->1504K(2048K)
[15415.957s][info][gc,heap        ] GC(33710) ParOldGen: 235832K(236032K)->235888K(236032K)
[15415.957s][info][gc,metaspace   ] GC(33710) Metaspace: 62359K(62592K)->62359K(62592K) NonClass: 53322K(53504K)->53322K(53504K) Class: 9037K(9088K)->9037K(9088K)
[15415.957s][info][gc             ] GC(33710) Pause Young (Allocation Failure) 311M->231M(313M) 2.958ms
[15415.957s][info][gc,cpu         ] GC(33710) User=0.00s Sys=0.00s Real=0.01s
[15416.406s][info][gc,start       ] GC(33711) Pause Young (Allocation Failure)
[15416.408s][info][gc,heap        ] GC(33711) PSYoungGen: 83936K(84480K)->896K(84992K) Eden: 82432K(82432K)->0K(82432K) From: 1504K(2048K)->896K(2560K)
[15416.408s][info][gc,heap        ] GC(33711) ParOldGen: 235888K(236032K)->235936K(236032K)
[15416.408s][info][gc,metaspace   ] GC(33711) Metaspace: 62359K(62592K)->62359K(62592K) NonClass: 53322K(53504K)->53322K(53504K) Class: 9037K(9088K)->9037K(9088K)
[15416.408s][info][gc             ] GC(33711) Pause Young (Allocation Failure) 312M->231M(313M) 2.585ms
[15416.408s][info][gc,cpu         ] GC(33711) User=0.01s Sys=0.00s Real=0.00s
[15416.812s][info][gc,start       ] GC(33712) Pause Young (Allocation Failure)
[15416.815s][info][gc,heap        ] GC(33712) PSYoungGen: 83328K(84992K)->1024K(84480K) Eden: 82432K(82432K)->0K(82432K) From: 896K(2560K)->1024K(2048K)
[15416.815s][info][gc,heap        ] GC(33712) ParOldGen: 235936K(236032K)->235992K(236032K)
[15416.815s][info][gc,metaspace   ] GC(33712) Metaspace: 62359K(62592K)->62359K(62592K) NonClass: 53322K(53504K)->53322K(53504K) Class: 9037K(9088K)->9037K(9088K)
[15416.815s][info][gc             ] GC(33712) Pause Young (Allocation Failure) 311M->231M(313M) 2.449ms
[15416.815s][info][gc,cpu         ] GC(33712) User=0.01s Sys=0.00s Real=0.01s
[15417.238s][info][gc,start       ] GC(33713) Pause Young (Allocation Failure)
[15417.241s][info][gc,heap        ] GC(33713) PSYoungGen: 83456K(84480K)->1216K(84992K) Eden: 82432K(82432K)->0K(82944K) From: 1024K(2048K)->1216K(2048K)
[15417.241s][info][gc,heap        ] GC(33713) ParOldGen: 235992K(236032K)->236040K(236544K)
[15417.241s][info][gc,metaspace   ] GC(33713) Metaspace: 62359K(62592K)->62359K(62592K) NonClass: 53322K(53504K)->53322K(53504K) Class: 9037K(9088K)->9037K(9088K)
[15417.241s][info][gc             ] GC(33713) Pause Young (Allocation Failure) 311M->231M(314M) 2.698ms
[15417.241s][info][gc,cpu         ] GC(33713) User=0.00s Sys=0.00s Real=0.00s
[15417.664s][info][gc,start       ] GC(33714) Pause Young (Allocation Failure)
[15417.666s][info][gc,heap        ] GC(33714) PSYoungGen: 84160K(84992K)->224K(84992K) Eden: 82944K(82944K)->0K(82944K) From: 1216K(2048K)->224K(2048K)
[15417.666s][info][gc,heap        ] GC(33714) ParOldGen: 236040K(236544K)->236088K(236544K)
[15417.666s][info][gc,metaspace   ] GC(33714) Metaspace: 62359K(62592K)->62359K(62592K) NonClass: 53322K(53504K)->53322K(53504K) Class: 9037K(9088K)->9037K(9088K)
[15417.666s][info][gc             ] GC(33714) Pause Young (Allocation Failure) 312M->230M(314M) 1.763ms
[15417.666s][info][gc,cpu         ] GC(33714) User=0.00s Sys=0.00s Real=0.01s
[15418.076s][info][gc,start       ] GC(33715) Pause Young (Allocation Failure)
[15418.077s][info][gc,heap        ] GC(33715) PSYoungGen: 83168K(84992K)->384K(84992K) Eden: 82944K(82944K)->0K(82944K) From: 224K(2048K)->384K(2048K)
[15418.077s][info][gc,heap        ] GC(33715) ParOldGen: 236088K(236544K)->236136K(236544K)
[15418.077s][info][gc,metaspace   ] GC(33715) Metaspace: 62359K(62592K)->62359K(62592K) NonClass: 53322K(53504K)->53322K(53504K) Class: 9037K(9088K)->9037K(9088K)
[15418.077s][info][gc             ] GC(33715) Pause Young (Allocation Failure) 311M->230M(314M) 1.861ms
[15418.077s][info][gc,cpu         ] GC(33715) User=0.00s Sys=0.00s Real=0.00s
[15418.496s][info][gc,start       ] GC(33716) Pause Young (Allocation Failure)
[15418.498s][info][gc,heap        ] GC(33716) PSYoungGen: 83328K(84992K)->608K(84992K) Eden: 82944K(82944K)->0K(82944K) From: 384K(2048K)->608K(2048K)
[15418.498s][info][gc,heap        ] GC(33716) ParOldGen: 236136K(236544K)->236184K(236544K)
[15418.498s][info][gc,metaspace   ] GC(33716) Metaspace: 62359K(62592K)->62359K(62592K) NonClass: 53322K(53504K)->53322K(53504K) Class: 9037K(9088K)->9037K(9088K)
[15418.498s][info][gc             ] GC(33716) Pause Young (Allocation Failure) 311M->231M(314M) 2.044ms
[15418.498s][info][gc,cpu         ] GC(33716) User=0.00s Sys=0.00s Real=0.00s
[15418.945s][info][gc,start       ] GC(33717) Pause Young (Allocation Failure)
[15418.948s][info][gc,heap        ] GC(33717) PSYoungGen: 83552K(84992K)->1408K(84992K) Eden: 82944K(82944K)->0K(82944K) From: 608K(2048K)->1408K(2048K)
[15418.948s][info][gc,heap        ] GC(33717) ParOldGen: 236184K(236544K)->236232K(236544K)
[15418.948s][info][gc,metaspace   ] GC(33717) Metaspace: 62359K(62592K)->62359K(62592K) NonClass: 53322K(53504K)->53322K(53504K) Class: 9037K(9088K)->9037K(9088K)
[15418.948s][info][gc             ] GC(33717) Pause Young (Allocation Failure) 312M->232M(314M) 2.863ms
[15418.948s][info][gc,cpu         ] GC(33717) User=0.01s Sys=0.00s Real=0.00s
[15419.372s][info][gc,start       ] GC(33718) Pause Young (Allocation Failure)
[15419.374s][info][gc,heap        ] GC(33718) PSYoungGen: 84352K(84992K)->1344K(84480K) Eden: 82944K(82944K)->0K(82944K) From: 1408K(2048K)->1344K(1536K)
[15419.374s][info][gc,heap        ] GC(33718) ParOldGen: 236232K(236544K)->237304K(238080K)
[15419.374s][info][gc,metaspace   ] GC(33718) Metaspace: 62359K(62592K)->62359K(62592K) NonClass: 53322K(53504K)->53322K(53504K) Class: 9037K(9088K)->9037K(9088K)
[15419.374s][info][gc             ] GC(33718) Pause Young (Allocation Failure) 313M->233M(315M) 2.858ms
[15419.374s][info][gc,cpu         ] GC(33718) User=0.00s Sys=0.00s Real=0.01s
[15419.779s][info][gc,start       ] GC(33719) Pause Young (Allocation Failure)
[15419.782s][info][gc,heap        ] GC(33719) PSYoungGen: 84288K(84480K)->448K(84992K) Eden: 82944K(82944K)->0K(82432K) From: 1344K(1536K)->448K(2560K)
[15419.782s][info][gc,heap        ] GC(33719) ParOldGen: 237304K(238080K)->239400K(239616K)
[15419.782s][info][gc,metaspace   ] GC(33719) Metaspace: 62359K(62592K)->62359K(62592K) NonClass: 53322K(53504K)->53322K(53504K) Class: 9037K(9088K)->9037K(9088K)
[15419.782s][info][gc             ] GC(33719) Pause Young (Allocation Failure) 314M->234M(317M) 2.973ms
[15419.782s][info][gc,cpu         ] GC(33719) User=0.00s Sys=0.00s Real=0.00s
[15420.177s][info][gc,start       ] GC(33720) Pause Young (Allocation Failure)
[15420.179s][info][gc,heap        ] GC(33720) PSYoungGen: 82880K(84992K)->448K(84480K) Eden: 82432K(82432K)->0K(82432K) From: 448K(2560K)->448K(2048K)
[15420.179s][info][gc,heap        ] GC(33720) ParOldGen: 239400K(239616K)->239456K(239616K)
[15420.179s][info][gc,metaspace   ] GC(33720) Metaspace: 62359K(62592K)->62359K(62592K) NonClass: 53322K(53504K)->53322K(53504K) Class: 9037K(9088K)->9037K(9088K)
[15420.179s][info][gc             ] GC(33720) Pause Young (Allocation Failure) 314M->234M(316M) 1.926ms
[15420.179s][info][gc,cpu         ] GC(33720) User=0.00s Sys=0.00s Real=0.00s
[15420.570s][info][gc,start       ] GC(33721) Pause Young (Allocation Failure)
[15420.572s][info][gc,heap        ] GC(33721) PSYoungGen: 82880K(84480K)->320K(84992K) Eden: 82432K(82432K)->0K(82944K) From: 448K(2048K)->320K(2048K)
[15420.572s][info][gc,heap        ] GC(33721) ParOldGen: 239456K(239616K)->239504K(239616K)
[15420.572s][info][gc,metaspace   ] GC(33721) Metaspace: 62359K(62592K)->62359K(62592K) NonClass: 53322K(53504K)->53322K(53504K) Class: 9037K(9088K)->9037K(9088K)
[15420.572s][info][gc             ] GC(33721) Pause Young (Allocation Failure) 314M->234M(317M) 1.731ms
[15420.572s][info][gc,cpu         ] GC(33721) User=0.00s Sys=0.00s Real=0.00s
[15420.970s][info][gc,start       ] GC(33722) Pause Young (Allocation Failure)
[15420.971s][info][gc,heap        ] GC(33722) PSYoungGen: 83264K(84992K)->320K(84992K) Eden: 82944K(82944K)->0K(82944K) From: 320K(2048K)->320K(2048K)
[15420.971s][info][gc,heap        ] GC(33722) ParOldGen: 239504K(239616K)->239552K(239616K)
[15420.971s][info][gc,metaspace   ] GC(33722) Metaspace: 62359K(62592K)->62359K(62592K) NonClass: 53322K(53504K)->53322K(53504K) Class: 9037K(9088K)->9037K(9088K)
[15420.971s][info][gc             ] GC(33722) Pause Young (Allocation Failure) 315M->234M(317M) 1.755ms
[15420.971s][info][gc,cpu         ] GC(33722) User=0.00s Sys=0.00s Real=0.00s
[15421.358s][info][gc,start       ] GC(33723) Pause Young (Allocation Failure)
[15421.361s][info][gc,heap        ] GC(33723) PSYoungGen: 83264K(84992K)->1760K(83968K) Eden: 82944K(82944K)->0K(81920K) From: 320K(2048K)->1760K(2048K)
[15421.361s][info][gc,heap        ] GC(33723) ParOldGen: 239552K(239616K)->239600K(239616K)
[15421.361s][info][gc,metaspace   ] GC(33723) Metaspace: 62359K(62592K)->62359K(62592K) NonClass: 53322K(53504K)->53322K(53504K) Class: 9037K(9088K)->9037K(9088K)
[15421.361s][info][gc             ] GC(33723) Pause Young (Allocation Failure) 315M->235M(316M) 3.354ms
[15421.361s][info][gc,cpu         ] GC(33723) User=0.01s Sys=0.00s Real=0.00s
[15421.757s][info][gc,start       ] GC(33724) Pause Young (Allocation Failure)
[15421.760s][info][gc,heap        ] GC(33724) PSYoungGen: 83680K(83968K)->1696K(84480K) Eden: 81920K(81920K)->0K(81920K) From: 1760K(2048K)->1696K(2560K)
[15421.760s][info][gc,heap        ] GC(33724) ParOldGen: 239600K(239616K)->239648K(240128K)
[15421.760s][info][gc,metaspace   ] GC(33724) Metaspace: 62359K(62592K)->62359K(62592K) NonClass: 53322K(53504K)->53322K(53504K) Class: 9037K(9088K)->9037K(9088K)
[15421.760s][info][gc             ] GC(33724) Pause Young (Allocation Failure) 315M->235M(317M) 3.167ms
[15421.760s][info][gc,cpu         ] GC(33724) User=0.00s Sys=0.00s Real=0.00s
[15422.193s][info][gc,start       ] GC(33725) Pause Young (Allocation Failure)
[15422.195s][info][gc,heap        ] GC(33725) PSYoungGen: 83616K(84480K)->720K(84480K) Eden: 81920K(81920K)->0K(81920K) From: 1696K(2560K)->720K(2560K)
[15422.195s][info][gc,heap        ] GC(33725) ParOldGen: 239648K(240128K)->239696K(240128K)
[15422.195s][info][gc,metaspace   ] GC(33725) Metaspace: 62359K(62592K)->62359K(62592K) NonClass: 53322K(53504K)->53322K(53504K) Class: 9037K(9088K)->9037K(9088K)
[15422.195s][info][gc             ] GC(33725) Pause Young (Allocation Failure) 315M->234M(317M) 2.122ms
[15422.195s][info][gc,cpu         ] GC(33725) User=0.00s Sys=0.00s Real=0.01s
[15422.641s][info][gc,start       ] GC(33726) Pause Young (Allocation Failure)
[15422.644s][info][gc,heap        ] GC(33726) PSYoungGen: 82640K(84480K)->1248K(84480K) Eden: 81920K(81920K)->0K(81920K) From: 720K(2560K)->1248K(2560K)
[15422.644s][info][gc,heap        ] GC(33726) ParOldGen: 239696K(240128K)->239800K(240128K)
[15422.644s][info][gc,metaspace   ] GC(33726) Metaspace: 62359K(62592K)->62359K(62592K) NonClass: 53322K(53504K)->53322K(53504K) Class: 9037K(9088K)->9037K(9088K)
[15422.644s][info][gc             ] GC(33726) Pause Young (Allocation Failure) 314M->235M(317M) 2.884ms
[15422.644s][info][gc,cpu         ] GC(33726) User=0.00s Sys=0.00s Real=0.00s
[15423.084s][info][gc,start       ] GC(33727) Pause Young (Allocation Failure)
[15423.086s][info][gc,heap        ] GC(33727) PSYoungGen: 83168K(84480K)->512K(84480K) Eden: 81920K(81920K)->0K(81920K) From: 1248K(2560K)->512K(2560K)
[15423.086s][info][gc,heap        ] GC(33727) ParOldGen: 239800K(240128K)->239848K(240128K)
[15423.086s][info][gc,metaspace   ] GC(33727) Metaspace: 62359K(62592K)->62359K(62592K) NonClass: 53322K(53504K)->53322K(53504K) Class: 9037K(9088K)->9037K(9088K)
[15423.086s][info][gc             ] GC(33727) Pause Young (Allocation Failure) 315M->234M(317M) 2.097ms
[15423.086s][info][gc,cpu         ] GC(33727) User=0.00s Sys=0.00s Real=0.01s
[15423.533s][info][gc,start       ] GC(33728) Pause Young (Allocation Failure)
[15423.536s][info][gc,heap        ] GC(33728) PSYoungGen: 82432K(84480K)->1248K(84480K) Eden: 81920K(81920K)->0K(81920K) From: 512K(2560K)->1248K(2560K)
[15423.536s][info][gc,heap        ] GC(33728) ParOldGen: 239848K(240128K)->239904K(240128K)
[15423.536s][info][gc,metaspace   ] GC(33728) Metaspace: 62359K(62592K)->62359K(62592K) NonClass: 53322K(53504K)->53322K(53504K) Class: 9037K(9088K)->9037K(9088K)
[15423.536s][info][gc             ] GC(33728) Pause Young (Allocation Failure) 314M->235M(317M) 2.750ms
[15423.536s][info][gc,cpu         ] GC(33728) User=0.00s Sys=0.00s Real=0.01s
[15423.948s][info][gc,start       ] GC(33729) Pause Young (Allocation Failure)
[15423.951s][info][gc,heap        ] GC(33729) PSYoungGen: 83168K(84480K)->1568K(84480K) Eden: 81920K(81920K)->0K(81920K) From: 1248K(2560K)->1568K(2560K)
[15423.951s][info][gc,heap        ] GC(33729) ParOldGen: 239904K(240128K)->239960K(240128K)
[15423.951s][info][gc,metaspace   ] GC(33729) Metaspace: 62359K(62592K)->62359K(62592K) NonClass: 53322K(53504K)->53322K(53504K) Class: 9037K(9088K)->9037K(9088K)
[15423.951s][info][gc             ] GC(33729) Pause Young (Allocation Failure) 315M->235M(317M) 3.023ms
[15423.951s][info][gc,cpu         ] GC(33729) User=0.01s Sys=0.00s Real=0.00s
[15424.321s][info][gc,start       ] GC(33730) Pause Young (Allocation Failure)
[15424.324s][info][gc,heap        ] GC(33730) PSYoungGen: 83488K(84480K)->1152K(84480K) Eden: 81920K(81920K)->0K(81920K) From: 1568K(2560K)->1152K(2560K)
[15424.324s][info][gc,heap        ] GC(33730) ParOldGen: 239960K(240128K)->240008K(240128K)
[15424.324s][info][gc,metaspace   ] GC(33730) Metaspace: 62359K(62592K)->62359K(62592K) NonClass: 53322K(53504K)->53322K(53504K) Class: 9037K(9088K)->9037K(9088K)
[15424.324s][info][gc             ] GC(33730) Pause Young (Allocation Failure) 315M->235M(317M) 2.617ms
[15424.324s][info][gc,cpu         ] GC(33730) User=0.00s Sys=0.01s Real=0.00s
[15424.702s][info][gc,start       ] GC(33731) Pause Young (Allocation Failure)
[15424.705s][info][gc,heap        ] GC(33731) PSYoungGen: 83072K(84480K)->928K(84480K) Eden: 81920K(81920K)->0K(81920K) From: 1152K(2560K)->928K(2560K)
[15424.705s][info][gc,heap        ] GC(33731) ParOldGen: 240008K(240128K)->240064K(240128K)
[15424.705s][info][gc,metaspace   ] GC(33731) Metaspace: 62359K(62592K)->62359K(62592K) NonClass: 53322K(53504K)->53322K(53504K) Class: 9037K(9088K)->9037K(9088K)
[15424.705s][info][gc             ] GC(33731) Pause Young (Allocation Failure) 315M->235M(317M) 2.556ms
[15424.705s][info][gc,cpu         ] GC(33731) User=0.01s Sys=0.00s Real=0.01s
[15425.140s][info][gc,start       ] GC(33732) Pause Young (Allocation Failure)
[15425.142s][info][gc,heap        ] GC(33732) PSYoungGen: 82848K(84480K)->1248K(84480K) Eden: 81920K(81920K)->0K(81920K) From: 928K(2560K)->1248K(2560K)
[15425.142s][info][gc,heap        ] GC(33732) ParOldGen: 240064K(240128K)->240120K(240128K)
[15425.142s][info][gc,metaspace   ] GC(33732) Metaspace: 62359K(62592K)->62359K(62592K) NonClass: 53322K(53504K)->53322K(53504K) Class: 9037K(9088K)->9037K(9088K)
[15425.142s][info][gc             ] GC(33732) Pause Young (Allocation Failure) 315M->235M(317M) 2.754ms
[15425.142s][info][gc,cpu         ] GC(33732) User=0.00s Sys=0.00s Real=0.00s
[15425.587s][info][gc,start       ] GC(33733) Pause Young (Allocation Failure)
[15425.589s][info][gc,heap        ] GC(33733) PSYoungGen: 83167K(84480K)->576K(84480K) Eden: 81919K(81920K)->0K(81920K) From: 1248K(2560K)->576K(2560K)
[15425.589s][info][gc,heap        ] GC(33733) ParOldGen: 240120K(240128K)->240168K(240640K)
[15425.589s][info][gc,metaspace   ] GC(33733) Metaspace: 62359K(62592K)->62359K(62592K) NonClass: 53322K(53504K)->53322K(53504K) Class: 9037K(9088K)->9037K(9088K)
[15425.589s][info][gc             ] GC(33733) Pause Young (Allocation Failure) 315M->235M(317M) 2.003ms
[15425.589s][info][gc,cpu         ] GC(33733) User=0.01s Sys=0.00s Real=0.00s
[15426.017s][info][gc,start       ] GC(33734) Pause Young (Allocation Failure)
[15426.019s][info][gc,heap        ] GC(33734) PSYoungGen: 82496K(84480K)->1056K(84480K) Eden: 81920K(81920K)->0K(81920K) From: 576K(2560K)->1056K(2560K)
[15426.019s][info][gc,heap        ] GC(33734) ParOldGen: 240168K(240640K)->240216K(240640K)
[15426.019s][info][gc,metaspace   ] GC(33734) Metaspace: 62359K(62592K)->62359K(62592K) NonClass: 53322K(53504K)->53322K(53504K) Class: 9037K(9088K)->9037K(9088K)
[15426.019s][info][gc             ] GC(33734) Pause Young (Allocation Failure) 315M->235M(317M) 2.478ms
[15426.019s][info][gc,cpu         ] GC(33734) User=0.00s Sys=0.00s Real=0.00s
[15426.436s][info][gc,start       ] GC(33735) Pause Young (Allocation Failure)
[15426.439s][info][gc,heap        ] GC(33735) PSYoungGen: 82976K(84480K)->1280K(84992K) Eden: 81920K(81920K)->0K(82944K) From: 1056K(2560K)->1280K(2048K)
[15426.439s][info][gc,heap        ] GC(33735) ParOldGen: 240216K(240640K)->240264K(240640K)
[15426.439s][info][gc,metaspace   ] GC(33735) Metaspace: 62359K(62592K)->62359K(62592K) NonClass: 53322K(53504K)->53322K(53504K) Class: 9037K(9088K)->9037K(9088K)
[15426.439s][info][gc             ] GC(33735) Pause Young (Allocation Failure) 315M->235M(318M) 2.778ms
[15426.439s][info][gc,cpu         ] GC(33735) User=0.01s Sys=0.00s Real=0.00s
[15426.873s][info][gc,start       ] GC(33736) Pause Young (Allocation Failure)
[15426.875s][info][gc,heap        ] GC(33736) PSYoungGen: 84224K(84992K)->384K(84992K) Eden: 82944K(82944K)->0K(82944K) From: 1280K(2048K)->384K(2048K)
[15426.875s][info][gc,heap        ] GC(33736) ParOldGen: 240264K(240640K)->240312K(240640K)
[15426.875s][info][gc,metaspace   ] GC(33736) Metaspace: 62359K(62592K)->62359K(62592K) NonClass: 53322K(53504K)->53322K(53504K) Class: 9037K(9088K)->9037K(9088K)
[15426.875s][info][gc             ] GC(33736) Pause Young (Allocation Failure) 316M->235M(318M) 1.842ms
[15426.875s][info][gc,cpu         ] GC(33736) User=0.00s Sys=0.00s Real=0.01s
[15427.295s][info][gc,start       ] GC(33737) Pause Young (Allocation Failure)
[15427.297s][info][gc,heap        ] GC(33737) PSYoungGen: 83328K(84992K)->672K(84992K) Eden: 82944K(82944K)->0K(82944K) From: 384K(2048K)->672K(2048K)
[15427.297s][info][gc,heap        ] GC(33737) ParOldGen: 240312K(240640K)->240360K(240640K)
[15427.297s][info][gc,metaspace   ] GC(33737) Metaspace: 62359K(62592K)->62359K(62592K) NonClass: 53322K(53504K)->53322K(53504K) Class: 9037K(9088K)->9037K(9088K)
[15427.297s][info][gc             ] GC(33737) Pause Young (Allocation Failure) 316M->235M(318M) 2.154ms
[15427.297s][info][gc,cpu         ] GC(33737) User=0.00s Sys=0.00s Real=0.00s
[15427.697s][info][gc,start       ] GC(33738) Pause Young (Allocation Failure)
[15427.700s][info][gc,heap        ] GC(33738) PSYoungGen: 83616K(84992K)->736K(84992K) Eden: 82944K(82944K)->0K(82944K) From: 672K(2048K)->736K(2048K)
[15427.700s][info][gc,heap        ] GC(33738) ParOldGen: 240360K(240640K)->240408K(240640K)
[15427.700s][info][gc,metaspace   ] GC(33738) Metaspace: 62359K(62592K)->62359K(62592K) NonClass: 53322K(53504K)->53322K(53504K) Class: 9037K(9088K)->9037K(9088K)
[15427.700s][info][gc             ] GC(33738) Pause Young (Allocation Failure) 316M->235M(318M) 2.173ms
[15427.700s][info][gc,cpu         ] GC(33738) User=0.00s Sys=0.00s Real=0.00s
[15428.095s][info][gc,start       ] GC(33739) Pause Young (Allocation Failure)
[15428.097s][info][gc,heap        ] GC(33739) PSYoungGen: 83680K(84992K)->1760K(83968K) Eden: 82944K(82944K)->0K(81920K) From: 736K(2048K)->1760K(2048K)
[15428.098s][info][gc,heap        ] GC(33739) ParOldGen: 240408K(240640K)->240464K(240640K)
[15428.098s][info][gc,metaspace   ] GC(33739) Metaspace: 62359K(62592K)->62359K(62592K) NonClass: 53322K(53504K)->53322K(53504K) Class: 9037K(9088K)->9037K(9088K)
[15428.098s][info][gc             ] GC(33739) Pause Young (Allocation Failure) 316M->236M(317M) 2.233ms
[15428.098s][info][gc,cpu         ] GC(33739) User=0.00s Sys=0.00s Real=0.00s
[15428.511s][info][gc,start       ] GC(33740) Pause Young (Allocation Failure)
[15428.514s][info][gc,heap        ] GC(33740) PSYoungGen: 83680K(83968K)->992K(84480K) Eden: 81920K(81920K)->0K(81920K) From: 1760K(2048K)->992K(2560K)
[15428.514s][info][gc,heap        ] GC(33740) ParOldGen: 240464K(240640K)->241536K(242176K)
[15428.514s][info][gc,metaspace   ] GC(33740) Metaspace: 62359K(62592K)->62359K(62592K) NonClass: 53322K(53504K)->53322K(53504K) Class: 9037K(9088K)->9037K(9088K)
[15428.514s][info][gc             ] GC(33740) Pause Young (Allocation Failure) 316M->236M(319M) 3.000ms
[15428.514s][info][gc,cpu         ] GC(33740) User=0.01s Sys=0.00s Real=0.01s
[15428.938s][info][gc,start       ] GC(33741) Pause Young (Allocation Failure)
[15428.941s][info][gc,heap        ] GC(33741) PSYoungGen: 82912K(84480K)->1248K(84992K) Eden: 81920K(81920K)->0K(82944K) From: 992K(2560K)->1248K(2048K)
[15428.941s][info][gc,heap        ] GC(33741) ParOldGen: 241536K(242176K)->241592K(242176K)
[15428.941s][info][gc,metaspace   ] GC(33741) Metaspace: 62359K(62592K)->62359K(62592K) NonClass: 53322K(53504K)->53322K(53504K) Class: 9037K(9088K)->9037K(9088K)
[15428.941s][info][gc             ] GC(33741) Pause Young (Allocation Failure) 316M->237M(319M) 2.832ms
[15428.941s][info][gc,cpu         ] GC(33741) User=0.01s Sys=0.00s Real=0.00s
[15429.395s][info][gc,start       ] GC(33742) Pause Young (Allocation Failure)
[15429.397s][info][gc,heap        ] GC(33742) PSYoungGen: 84192K(84992K)->752K(84992K) Eden: 82944K(82944K)->0K(82944K) From: 1248K(2048K)->752K(2048K)
[15429.397s][info][gc,heap        ] GC(33742) ParOldGen: 241592K(242176K)->241640K(242176K)
[15429.397s][info][gc,metaspace   ] GC(33742) Metaspace: 62359K(62592K)->62359K(62592K) NonClass: 53322K(53504K)->53322K(53504K) Class: 9037K(9088K)->9037K(9088K)
[15429.397s][info][gc             ] GC(33742) Pause Young (Allocation Failure) 318M->236M(319M) 2.129ms
[15429.397s][info][gc,cpu         ] GC(33742) User=0.00s Sys=0.00s Real=0.00s
[15429.824s][info][gc,start       ] GC(33743) Pause Young (Allocation Failure)
[15429.827s][info][gc,heap        ] GC(33743) PSYoungGen: 83696K(84992K)->1312K(84992K) Eden: 82944K(82944K)->0K(82944K) From: 752K(2048K)->1312K(2048K)
[15429.827s][info][gc,heap        ] GC(33743) ParOldGen: 241640K(242176K)->241736K(242176K)
[15429.827s][info][gc,metaspace   ] GC(33743) Metaspace: 62359K(62592K)->62359K(62592K) NonClass: 53322K(53504K)->53322K(53504K) Class: 9037K(9088K)->9037K(9088K)
[15429.827s][info][gc             ] GC(33743) Pause Young (Allocation Failure) 317M->237M(319M) 2.668ms
[15429.827s][info][gc,cpu         ] GC(33743) User=0.00s Sys=0.00s Real=0.00s
[15430.258s][info][gc,start       ] GC(33744) Pause Young (Allocation Failure)
[15430.261s][info][gc,heap        ] GC(33744) PSYoungGen: 84255K(84992K)->1664K(84992K) Eden: 82943K(82944K)->0K(82944K) From: 1312K(2048K)->1664K(2048K)
[15430.261s][info][gc,heap        ] GC(33744) ParOldGen: 241736K(242176K)->241784K(242176K)
[15430.261s][info][gc,metaspace   ] GC(33744) Metaspace: 62359K(62592K)->62359K(62592K) NonClass: 53322K(53504K)->53322K(53504K) Class: 9037K(9088K)->9037K(9088K)
[15430.262s][info][gc             ] GC(33744) Pause Young (Allocation Failure) 318M->237M(319M) 3.031ms
[15430.262s][info][gc,cpu         ] GC(33744) User=0.00s Sys=0.00s Real=0.00s
[15430.713s][info][gc,start       ] GC(33745) Pause Young (Allocation Failure)
[15430.715s][info][gc,heap        ] GC(33745) PSYoungGen: 84608K(84992K)->832K(84992K) Eden: 82944K(82944K)->0K(82944K) From: 1664K(2048K)->832K(2048K)
[15430.715s][info][gc,heap        ] GC(33745) ParOldGen: 241784K(242176K)->241840K(242176K)
[15430.715s][info][gc,metaspace   ] GC(33745) Metaspace: 62359K(62592K)->62359K(62592K) NonClass: 53322K(53504K)->53322K(53504K) Class: 9037K(9088K)->9037K(9088K)
[15430.715s][info][gc             ] GC(33745) Pause Young (Allocation Failure) 318M->236M(319M) 2.388ms
[15430.715s][info][gc,cpu         ] GC(33745) User=0.00s Sys=0.00s Real=0.01s
[15431.199s][info][gc,start       ] GC(33746) Pause Young (Allocation Failure)
[15431.201s][info][gc,heap        ] GC(33746) PSYoungGen: 83776K(84992K)->704K(84992K) Eden: 82944K(82944K)->0K(82944K) From: 832K(2048K)->704K(2048K)
[15431.201s][info][gc,heap        ] GC(33746) ParOldGen: 241840K(242176K)->241888K(242176K)
[15431.201s][info][gc,metaspace   ] GC(33746) Metaspace: 62360K(62592K)->62360K(62592K) NonClass: 53322K(53504K)->53322K(53504K) Class: 9037K(9088K)->9037K(9088K)
[15431.201s][info][gc             ] GC(33746) Pause Young (Allocation Failure) 317M->236M(319M) 2.097ms
[15431.201s][info][gc,cpu         ] GC(33746) User=0.00s Sys=0.00s Real=0.00s
[15431.613s][info][gc,start       ] GC(33747) Pause Young (Allocation Failure)
[15431.616s][info][gc,heap        ] GC(33747) PSYoungGen: 83648K(84992K)->960K(84992K) Eden: 82944K(82944K)->0K(82944K) From: 704K(2048K)->960K(2048K)
[15431.616s][info][gc,heap        ] GC(33747) ParOldGen: 241888K(242176K)->241944K(242176K)
[15431.616s][info][gc,metaspace   ] GC(33747) Metaspace: 62360K(62592K)->62360K(62592K) NonClass: 53322K(53504K)->53322K(53504K) Class: 9037K(9088K)->9037K(9088K)
[15431.616s][info][gc             ] GC(33747) Pause Young (Allocation Failure) 317M->237M(319M) 2.577ms
[15431.616s][info][gc,cpu         ] GC(33747) User=0.00s Sys=0.00s Real=0.01s
[15432.045s][info][gc,start       ] GC(33748) Pause Young (Allocation Failure)
[15432.048s][info][gc,heap        ] GC(33748) PSYoungGen: 83904K(84992K)->1472K(84992K) Eden: 82944K(82944K)->0K(82944K) From: 960K(2048K)->1472K(2048K)
[15432.048s][info][gc,heap        ] GC(33748) ParOldGen: 241944K(242176K)->241992K(242176K)
[15432.048s][info][gc,metaspace   ] GC(33748) Metaspace: 62360K(62592K)->62360K(62592K) NonClass: 53322K(53504K)->53322K(53504K) Class: 9037K(9088K)->9037K(9088K)
[15432.048s][info][gc             ] GC(33748) Pause Young (Allocation Failure) 318M->237M(319M) 2.902ms
[15432.048s][info][gc,cpu         ] GC(33748) User=0.00s Sys=0.00s Real=0.00s
[15432.485s][info][gc,start       ] GC(33749) Pause Young (Allocation Failure)
[15432.488s][info][gc,heap        ] GC(33749) PSYoungGen: 84416K(84992K)->1536K(83968K) Eden: 82944K(82944K)->0K(81920K) From: 1472K(2048K)->1536K(2048K)
[15432.488s][info][gc,heap        ] GC(33749) ParOldGen: 241992K(242176K)->243072K(243712K)
[15432.488s][info][gc,metaspace   ] GC(33749) Metaspace: 62360K(62592K)->62360K(62592K) NonClass: 53322K(53504K)->53322K(53504K) Class: 9037K(9088K)->9037K(9088K)
[15432.488s][info][gc             ] GC(33749) Pause Young (Allocation Failure) 318M->238M(320M) 2.603ms
[15432.488s][info][gc,cpu         ] GC(33749) User=0.01s Sys=0.00s Real=0.00s
[15432.934s][info][gc,start       ] GC(33750) Pause Young (Allocation Failure)
[15432.937s][info][gc,heap        ] GC(33750) PSYoungGen: 83456K(83968K)->1248K(84480K) Eden: 81920K(81920K)->0K(81920K) From: 1536K(2048K)->1248K(2560K)
[15432.937s][info][gc,heap        ] GC(33750) ParOldGen: 243072K(243712K)->244144K(245248K)
[15432.937s][info][gc,metaspace   ] GC(33750) Metaspace: 62360K(62592K)->62360K(62592K) NonClass: 53322K(53504K)->53322K(53504K) Class: 9037K(9088K)->9037K(9088K)
[15432.937s][info][gc             ] GC(33750) Pause Young (Allocation Failure) 318M->239M(322M) 3.172ms
[15432.937s][info][gc,cpu         ] GC(33750) User=0.01s Sys=0.00s Real=0.01s
[15433.378s][info][gc,start       ] GC(33751) Pause Young (Allocation Failure)
[15433.380s][info][gc,heap        ] GC(33751) PSYoungGen: 83168K(84480K)->448K(83968K) Eden: 81920K(81920K)->0K(81920K) From: 1248K(2560K)->448K(2048K)
[15433.380s][info][gc,heap        ] GC(33751) ParOldGen: 244144K(245248K)->244200K(245248K)
[15433.380s][info][gc,metaspace   ] GC(33751) Metaspace: 62360K(62592K)->62360K(62592K) NonClass: 53322K(53504K)->53322K(53504K) Class: 9037K(9088K)->9037K(9088K)
[15433.380s][info][gc             ] GC(33751) Pause Young (Allocation Failure) 319M->238M(321M) 1.892ms
[15433.380s][info][gc,cpu         ] GC(33751) User=0.00s Sys=0.00s Real=0.00s
[15433.805s][info][gc,start       ] GC(33752) Pause Young (Allocation Failure)
[15433.807s][info][gc,heap        ] GC(33752) PSYoungGen: 82368K(83968K)->896K(84480K) Eden: 81920K(81920K)->0K(81920K) From: 448K(2048K)->896K(2560K)
[15433.807s][info][gc,heap        ] GC(33752) ParOldGen: 244200K(245248K)->244256K(245248K)
[15433.807s][info][gc,metaspace   ] GC(33752) Metaspace: 62360K(62592K)->62360K(62592K) NonClass: 53322K(53504K)->53322K(53504K) Class: 9037K(9088K)->9037K(9088K)
[15433.807s][info][gc             ] GC(33752) Pause Young (Allocation Failure) 318M->239M(322M) 2.373ms
[15433.807s][info][gc,cpu         ] GC(33752) User=0.00s Sys=0.00s Real=0.00s
[15434.204s][info][gc,start       ] GC(33753) Pause Young (Allocation Failure)
[15434.206s][info][gc,heap        ] GC(33753) PSYoungGen: 82816K(84480K)->864K(84992K) Eden: 81920K(81920K)->0K(82944K) From: 896K(2560K)->864K(2048K)
[15434.206s][info][gc,heap        ] GC(33753) ParOldGen: 244256K(245248K)->244304K(245248K)
[15434.206s][info][gc,metaspace   ] GC(33753) Metaspace: 62360K(62592K)->62360K(62592K) NonClass: 53322K(53504K)->53322K(53504K) Class: 9037K(9088K)->9037K(9088K)
[15434.206s][info][gc             ] GC(33753) Pause Young (Allocation Failure) 319M->239M(322M) 2.324ms
[15434.206s][info][gc,cpu         ] GC(33753) User=0.00s Sys=0.00s Real=0.01s
[15434.646s][info][gc,start       ] GC(33754) Pause Young (Allocation Failure)
[15434.649s][info][gc,heap        ] GC(33754) PSYoungGen: 83808K(84992K)->1504K(84992K) Eden: 82944K(82944K)->0K(82944K) From: 864K(2048K)->1504K(2048K)
[15434.649s][info][gc,heap        ] GC(33754) ParOldGen: 244304K(245248K)->244352K(245248K)
[15434.649s][info][gc,metaspace   ] GC(33754) Metaspace: 62360K(62592K)->62360K(62592K) NonClass: 53322K(53504K)->53322K(53504K) Class: 9037K(9088K)->9037K(9088K)
[15434.649s][info][gc             ] GC(33754) Pause Young (Allocation Failure) 320M->240M(322M) 2.907ms
[15434.649s][info][gc,cpu         ] GC(33754) User=0.00s Sys=0.00s Real=0.00s
[15435.083s][info][gc,start       ] GC(33755) Pause Young (Allocation Failure)
[15435.085s][info][gc,heap        ] GC(33755) PSYoungGen: 84448K(84992K)->544K(84992K) Eden: 82944K(82944K)->0K(82944K) From: 1504K(2048K)->544K(2048K)
[15435.085s][info][gc,heap        ] GC(33755) ParOldGen: 244352K(245248K)->244400K(245248K)
[15435.085s][info][gc,metaspace   ] GC(33755) Metaspace: 62360K(62592K)->62360K(62592K) NonClass: 53322K(53504K)->53322K(53504K) Class: 9037K(9088K)->9037K(9088K)
[15435.085s][info][gc             ] GC(33755) Pause Young (Allocation Failure) 321M->239M(322M) 2.125ms
[15435.085s][info][gc,cpu         ] GC(33755) User=0.00s Sys=0.00s Real=0.01s
[15435.510s][info][gc,start       ] GC(33756) Pause Young (Allocation Failure)
[15435.512s][info][gc,heap        ] GC(33756) PSYoungGen: 83488K(84992K)->896K(84992K) Eden: 82944K(82944K)->0K(82944K) From: 544K(2048K)->896K(2048K)
[15435.512s][info][gc,heap        ] GC(33756) ParOldGen: 244400K(245248K)->244448K(245248K)
[15435.512s][info][gc,metaspace   ] GC(33756) Metaspace: 62360K(62592K)->62360K(62592K) NonClass: 53322K(53504K)->53322K(53504K) Class: 9037K(9088K)->9037K(9088K)
[15435.512s][info][gc             ] GC(33756) Pause Young (Allocation Failure) 320M->239M(322M) 2.239ms
[15435.512s][info][gc,cpu         ] GC(33756) User=0.01s Sys=0.00s Real=0.00s
[15435.909s][info][gc,start       ] GC(33757) Pause Young (Allocation Failure)
[15435.911s][info][gc,heap        ] GC(33757) PSYoungGen: 83840K(84992K)->864K(84992K) Eden: 82944K(82944K)->0K(82944K) From: 896K(2048K)->864K(2048K)
[15435.911s][info][gc,heap        ] GC(33757) ParOldGen: 244448K(245248K)->244496K(245248K)
[15435.911s][info][gc,metaspace   ] GC(33757) Metaspace: 62360K(62592K)->62360K(62592K) NonClass: 53322K(53504K)->53322K(53504K) Class: 9037K(9088K)->9037K(9088K)
[15435.911s][info][gc             ] GC(33757) Pause Young (Allocation Failure) 320M->239M(322M) 2.314ms
[15435.911s][info][gc,cpu         ] GC(33757) User=0.00s Sys=0.00s Real=0.00s
[15436.354s][info][gc,start       ] GC(33758) Pause Young (Allocation Failure)
[15436.357s][info][gc,heap        ] GC(33758) PSYoungGen: 83808K(84992K)->1136K(84992K) Eden: 82944K(82944K)->0K(82944K) From: 864K(2048K)->1136K(2048K)
[15436.357s][info][gc,heap        ] GC(33758) ParOldGen: 244496K(245248K)->244544K(245248K)
[15436.357s][info][gc,metaspace   ] GC(33758) Metaspace: 62360K(62592K)->62360K(62592K) NonClass: 53322K(53504K)->53322K(53504K) Class: 9037K(9088K)->9037K(9088K)
[15436.357s][info][gc             ] GC(33758) Pause Young (Allocation Failure) 320M->239M(322M) 2.428ms
[15436.357s][info][gc,cpu         ] GC(33758) User=0.00s Sys=0.01s Real=0.00s
[15436.747s][info][gc,start       ] GC(33759) Pause Young (Allocation Failure)
[15436.750s][info][gc,heap        ] GC(33759) PSYoungGen: 84080K(84992K)->1600K(84992K) Eden: 82944K(82944K)->0K(82944K) From: 1136K(2048K)->1600K(2048K)
[15436.750s][info][gc,heap        ] GC(33759) ParOldGen: 244544K(245248K)->244649K(245248K)
[15436.750s][info][gc,metaspace   ] GC(33759) Metaspace: 62360K(62592K)->62360K(62592K) NonClass: 53322K(53504K)->53322K(53504K) Class: 9037K(9088K)->9037K(9088K)
[15436.750s][info][gc             ] GC(33759) Pause Young (Allocation Failure) 320M->240M(322M) 3.036ms
[15436.750s][info][gc,cpu         ] GC(33759) User=0.00s Sys=0.00s Real=0.00s
[15437.158s][info][gc,start       ] GC(33760) Pause Young (Allocation Failure)
[15437.161s][info][gc,heap        ] GC(33760) PSYoungGen: 84544K(84992K)->1632K(84992K) Eden: 82944K(82944K)->0K(82944K) From: 1600K(2048K)->1632K(2048K)
[15437.161s][info][gc,heap        ] GC(33760) ParOldGen: 244649K(245248K)->244705K(245248K)
[15437.161s][info][gc,metaspace   ] GC(33760) Metaspace: 62360K(62592K)->62360K(62592K) NonClass: 53322K(53504K)->53322K(53504K) Class: 9037K(9088K)->9037K(9088K)
[15437.161s][info][gc             ] GC(33760) Pause Young (Allocation Failure) 321M->240M(322M) 3.059ms
[15437.161s][info][gc,cpu         ] GC(33760) User=0.00s Sys=0.01s Real=0.00s
[15437.559s][info][gc,start       ] GC(33761) Pause Young (Allocation Failure)
[15437.562s][info][gc,heap        ] GC(33761) PSYoungGen: 84576K(84992K)->1792K(83968K) Eden: 82944K(82944K)->0K(81920K) From: 1632K(2048K)->1792K(2048K)
[15437.562s][info][gc,heap        ] GC(33761) ParOldGen: 244705K(245248K)->244753K(245248K)
[15437.562s][info][gc,metaspace   ] GC(33761) Metaspace: 62360K(62592K)->62360K(62592K) NonClass: 53322K(53504K)->53322K(53504K) Class: 9037K(9088K)->9037K(9088K)
[15437.562s][info][gc             ] GC(33761) Pause Young (Allocation Failure) 321M->240M(321M) 3.181ms
[15437.562s][info][gc,cpu         ] GC(33761) User=0.01s Sys=0.00s Real=0.00s
[15437.958s][info][gc,start       ] GC(33762) Pause Young (Allocation Failure)
[15437.962s][info][gc,heap        ] GC(33762) PSYoungGen: 83712K(83968K)->1792K(84480K) Eden: 81920K(81920K)->0K(81920K) From: 1792K(2048K)->1792K(2560K)
[15437.962s][info][gc,heap        ] GC(33762) ParOldGen: 244753K(245248K)->244809K(245248K)
[15437.962s][info][gc,metaspace   ] GC(33762) Metaspace: 62360K(62592K)->62360K(62592K) NonClass: 53322K(53504K)->53322K(53504K) Class: 9037K(9088K)->9037K(9088K)
[15437.962s][info][gc             ] GC(33762) Pause Young (Allocation Failure) 320M->240M(322M) 3.267ms
[15437.962s][info][gc,cpu         ] GC(33762) User=0.00s Sys=0.00s Real=0.00s
[15438.356s][info][gc,start       ] GC(33763) Pause Young (Allocation Failure)
[15438.359s][info][gc,heap        ] GC(33763) PSYoungGen: 83711K(84480K)->1696K(84480K) Eden: 81919K(81920K)->0K(81920K) From: 1792K(2560K)->1696K(2560K)
[15438.359s][info][gc,heap        ] GC(33763) ParOldGen: 244809K(245248K)->244857K(245248K)
[15438.359s][info][gc,metaspace   ] GC(33763) Metaspace: 62360K(62592K)->62360K(62592K) NonClass: 53322K(53504K)->53322K(53504K) Class: 9037K(9088K)->9037K(9088K)
[15438.359s][info][gc             ] GC(33763) Pause Young (Allocation Failure) 320M->240M(322M) 3.070ms
[15438.359s][info][gc,cpu         ] GC(33763) User=0.01s Sys=0.00s Real=0.00s
[15438.773s][info][gc,start       ] GC(33764) Pause Young (Allocation Failure)
[15438.775s][info][gc,heap        ] GC(33764) PSYoungGen: 83616K(84480K)->384K(84480K) Eden: 81920K(81920K)->0K(81920K) From: 1696K(2560K)->384K(2560K)
[15438.775s][info][gc,heap        ] GC(33764) ParOldGen: 244857K(245248K)->244905K(245248K)
[15438.775s][info][gc,metaspace   ] GC(33764) Metaspace: 62360K(62592K)->62360K(62592K) NonClass: 53322K(53504K)->53322K(53504K) Class: 9037K(9088K)->9037K(9088K)
[15438.775s][info][gc             ] GC(33764) Pause Young (Allocation Failure) 320M->239M(322M) 1.856ms
[15438.775s][info][gc,cpu         ] GC(33764) User=0.00s Sys=0.00s Real=0.01s
[15439.151s][info][gc,start       ] GC(33765) Pause Young (Allocation Failure)
[15439.154s][info][gc,heap        ] GC(33765) PSYoungGen: 82304K(84480K)->1728K(84480K) Eden: 81920K(81920K)->0K(81920K) From: 384K(2560K)->1728K(2560K)
[15439.154s][info][gc,heap        ] GC(33765) ParOldGen: 244905K(245248K)->244953K(245248K)
[15439.154s][info][gc,metaspace   ] GC(33765) Metaspace: 62360K(62592K)->62360K(62592K) NonClass: 53322K(53504K)->53322K(53504K) Class: 9037K(9088K)->9037K(9088K)
[15439.154s][info][gc             ] GC(33765) Pause Young (Allocation Failure) 319M->240M(322M) 3.197ms
[15439.154s][info][gc,cpu         ] GC(33765) User=0.01s Sys=0.00s Real=0.00s
[15439.573s][info][gc,start       ] GC(33766) Pause Young (Allocation Failure)
[15439.575s][info][gc,heap        ] GC(33766) PSYoungGen: 83648K(84480K)->384K(84480K) Eden: 81920K(81920K)->0K(81920K) From: 1728K(2560K)->384K(2560K)
[15439.575s][info][gc,heap        ] GC(33766) ParOldGen: 244953K(245248K)->245001K(245248K)
[15439.575s][info][gc,metaspace   ] GC(33766) Metaspace: 62360K(62592K)->62360K(62592K) NonClass: 53322K(53504K)->53322K(53504K) Class: 9037K(9088K)->9037K(9088K)
[15439.575s][info][gc             ] GC(33766) Pause Young (Allocation Failure) 320M->239M(322M) 1.926ms
[15439.575s][info][gc,cpu         ] GC(33766) User=0.00s Sys=0.00s Real=0.01s
[15440.003s][info][gc,start       ] GC(33767) Pause Young (Allocation Failure)
[15440.005s][info][gc,heap        ] GC(33767) PSYoungGen: 82304K(84480K)->800K(84480K) Eden: 81920K(81920K)->0K(81920K) From: 384K(2560K)->800K(2560K)
[15440.005s][info][gc,heap        ] GC(33767) ParOldGen: 245001K(245248K)->245049K(245248K)
[15440.005s][info][gc,metaspace   ] GC(33767) Metaspace: 62360K(62592K)->62360K(62592K) NonClass: 53322K(53504K)->53322K(53504K) Class: 9037K(9088K)->9037K(9088K)
[15440.005s][info][gc             ] GC(33767) Pause Young (Allocation Failure) 319M->240M(322M) 2.206ms
[15440.005s][info][gc,cpu         ] GC(33767) User=0.01s Sys=0.00s Real=0.01s
[15440.447s][info][gc,start       ] GC(33768) Pause Young (Allocation Failure)
[15440.450s][info][gc,heap        ] GC(33768) PSYoungGen: 82720K(84480K)->1440K(84480K) Eden: 81920K(81920K)->0K(81920K) From: 800K(2560K)->1440K(2560K)
[15440.450s][info][gc,heap        ] GC(33768) ParOldGen: 245049K(245248K)->245097K(245248K)
[15440.450s][info][gc,metaspace   ] GC(33768) Metaspace: 62360K(62592K)->62360K(62592K) NonClass: 53322K(53504K)->53322K(53504K) Class: 9037K(9088K)->9037K(9088K)
[15440.450s][info][gc             ] GC(33768) Pause Young (Allocation Failure) 320M->240M(322M) 2.808ms
[15440.450s][info][gc,cpu         ] GC(33768) User=0.00s Sys=0.00s Real=0.00s
[15440.890s][info][gc,start       ] GC(33769) Pause Young (Allocation Failure)
[15440.892s][info][gc,heap        ] GC(33769) PSYoungGen: 83360K(84480K)->544K(84480K) Eden: 81920K(81920K)->0K(81920K) From: 1440K(2560K)->544K(2560K)
[15440.892s][info][gc,heap        ] GC(33769) ParOldGen: 245097K(245248K)->245153K(245248K)
[15440.892s][info][gc,metaspace   ] GC(33769) Metaspace: 62360K(62592K)->62360K(62592K) NonClass: 53322K(53504K)->53322K(53504K) Class: 9037K(9088K)->9037K(9088K)
[15440.892s][info][gc             ] GC(33769) Pause Young (Allocation Failure) 320M->239M(322M) 1.924ms
[15440.892s][info][gc,cpu         ] GC(33769) User=0.01s Sys=0.00s Real=0.00s
[15441.319s][info][gc,start       ] GC(33770) Pause Young (Allocation Failure)
[15441.322s][info][gc,heap        ] GC(33770) PSYoungGen: 82464K(84480K)->2048K(84480K) Eden: 81920K(81920K)->0K(81920K) From: 544K(2560K)->2048K(2560K)
[15441.322s][info][gc,heap        ] GC(33770) ParOldGen: 245153K(245248K)->246233K(246784K)
[15441.322s][info][gc,metaspace   ] GC(33770) Metaspace: 62360K(62592K)->62360K(62592K) NonClass: 53322K(53504K)->53322K(53504K) Class: 9037K(9088K)->9037K(9088K)
[15441.322s][info][gc             ] GC(33770) Pause Young (Allocation Failure) 319M->242M(323M) 3.046ms
[15441.322s][info][gc,cpu         ] GC(33770) User=0.00s Sys=0.00s Real=0.00s
[15441.757s][info][gc,start       ] GC(33771) Pause Young (Allocation Failure)
[15441.760s][info][gc,heap        ] GC(33771) PSYoungGen: 83968K(84480K)->1600K(83456K) Eden: 81920K(81920K)->0K(80896K) From: 2048K(2560K)->1600K(2560K)
[15441.760s][info][gc,heap        ] GC(33771) ParOldGen: 246233K(246784K)->247305K(248320K)
[15441.760s][info][gc,metaspace   ] GC(33771) Metaspace: 62360K(62592K)->62360K(62592K) NonClass: 53322K(53504K)->53322K(53504K) Class: 9037K(9088K)->9037K(9088K)
[15441.760s][info][gc             ] GC(33771) Pause Young (Allocation Failure) 322M->243M(324M) 3.444ms
[15441.760s][info][gc,cpu         ] GC(33771) User=0.00s Sys=0.00s Real=0.00s
[15442.186s][info][gc,start       ] GC(33772) Pause Young (Allocation Failure)
[15442.187s][info][gc,heap        ] GC(33772) PSYoungGen: 82496K(83456K)->576K(83968K) Eden: 80896K(80896K)->0K(80896K) From: 1600K(2560K)->576K(3072K)
[15442.187s][info][gc,heap        ] GC(33772) ParOldGen: 247305K(248320K)->247361K(248320K)
[15442.187s][info][gc,metaspace   ] GC(33772) Metaspace: 62360K(62592K)->62360K(62592K) NonClass: 53322K(53504K)->53322K(53504K) Class: 9037K(9088K)->9037K(9088K)
[15442.187s][info][gc             ] GC(33772) Pause Young (Allocation Failure) 322M->242M(324M) 1.888ms
[15442.188s][info][gc,cpu         ] GC(33772) User=0.01s Sys=0.00s Real=0.00s
[15442.557s][info][gc,start       ] GC(33773) Pause Young (Allocation Failure)
[15442.560s][info][gc,heap        ] GC(33773) PSYoungGen: 81472K(83968K)->1856K(83968K) Eden: 80896K(80896K)->0K(80896K) From: 576K(3072K)->1856K(3072K)
[15442.560s][info][gc,heap        ] GC(33773) ParOldGen: 247361K(248320K)->247417K(248320K)
[15442.560s][info][gc,metaspace   ] GC(33773) Metaspace: 62360K(62592K)->62360K(62592K) NonClass: 53322K(53504K)->53322K(53504K) Class: 9037K(9088K)->9037K(9088K)
[15442.560s][info][gc             ] GC(33773) Pause Young (Allocation Failure) 321M->243M(324M) 3.063ms
[15442.560s][info][gc,cpu         ] GC(33773) User=0.01s Sys=0.00s Real=0.00s
[15442.939s][info][gc,start       ] GC(33774) Pause Young (Allocation Failure)
[15442.942s][info][gc,heap        ] GC(33774) PSYoungGen: 82752K(83968K)->1408K(83968K) Eden: 80896K(80896K)->0K(80896K) From: 1856K(3072K)->1408K(3072K)
[15442.942s][info][gc,heap        ] GC(33774) ParOldGen: 247417K(248320K)->247473K(248320K)
[15442.942s][info][gc,metaspace   ] GC(33774) Metaspace: 62360K(62592K)->62360K(62592K) NonClass: 53322K(53504K)->53322K(53504K) Class: 9037K(9088K)->9037K(9088K)
[15442.942s][info][gc             ] GC(33774) Pause Young (Allocation Failure) 322M->243M(324M) 2.993ms
[15442.942s][info][gc,cpu         ] GC(33774) User=0.00s Sys=0.00s Real=0.00s
[15443.377s][info][gc,start       ] GC(33775) Pause Young (Allocation Failure)
[15443.379s][info][gc,heap        ] GC(33775) PSYoungGen: 82304K(83968K)->464K(83968K) Eden: 80896K(80896K)->0K(80896K) From: 1408K(3072K)->464K(3072K)
[15443.379s][info][gc,heap        ] GC(33775) ParOldGen: 247473K(248320K)->247529K(248320K)
[15443.379s][info][gc,metaspace   ] GC(33775) Metaspace: 62360K(62592K)->62360K(62592K) NonClass: 53322K(53504K)->53322K(53504K) Class: 9037K(9088K)->9037K(9088K)
[15443.379s][info][gc             ] GC(33775) Pause Young (Allocation Failure) 322M->242M(324M) 1.947ms
[15443.379s][info][gc,cpu         ] GC(33775) User=0.00s Sys=0.00s Real=0.00s
[15443.809s][info][gc,start       ] GC(33776) Pause Young (Allocation Failure)
[15443.812s][info][gc,heap        ] GC(33776) PSYoungGen: 81360K(83968K)->864K(83968K) Eden: 80896K(80896K)->0K(80896K) From: 464K(3072K)->864K(3072K)
[15443.812s][info][gc,heap        ] GC(33776) ParOldGen: 247529K(248320K)->247633K(248320K)
[15443.812s][info][gc,metaspace   ] GC(33776) Metaspace: 62360K(62592K)->62360K(62592K) NonClass: 53322K(53504K)->53322K(53504K) Class: 9037K(9088K)->9037K(9088K)
[15443.812s][info][gc             ] GC(33776) Pause Young (Allocation Failure) 321M->242M(324M) 2.364ms
[15443.812s][info][gc,cpu         ] GC(33776) User=0.01s Sys=0.00s Real=0.00s
[15444.246s][info][gc,start       ] GC(33777) Pause Young (Allocation Failure)
[15444.249s][info][gc,heap        ] GC(33777) PSYoungGen: 81760K(83968K)->1408K(84480K) Eden: 80896K(80896K)->0K(81920K) From: 864K(3072K)->1408K(2560K)
[15444.249s][info][gc,heap        ] GC(33777) ParOldGen: 247633K(248320K)->247689K(248320K)
[15444.249s][info][gc,metaspace   ] GC(33777) Metaspace: 62360K(62592K)->62360K(62592K) NonClass: 53322K(53504K)->53322K(53504K) Class: 9037K(9088K)->9037K(9088K)
[15444.249s][info][gc             ] GC(33777) Pause Young (Allocation Failure) 321M->243M(325M) 2.979ms
[15444.249s][info][gc,cpu         ] GC(33777) User=0.00s Sys=0.00s Real=0.00s
[15444.678s][info][gc,start       ] GC(33778) Pause Young (Allocation Failure)
[15444.680s][info][gc,heap        ] GC(33778) PSYoungGen: 83328K(84480K)->448K(84480K) Eden: 81920K(81920K)->0K(81920K) From: 1408K(2560K)->448K(2560K)
[15444.680s][info][gc,heap        ] GC(33778) ParOldGen: 247689K(248320K)->247745K(248320K)
[15444.680s][info][gc,metaspace   ] GC(33778) Metaspace: 62360K(62592K)->62360K(62592K) NonClass: 53322K(53504K)->53322K(53504K) Class: 9037K(9088K)->9037K(9088K)
[15444.680s][info][gc             ] GC(33778) Pause Young (Allocation Failure) 323M->242M(325M) 1.958ms
[15444.680s][info][gc,cpu         ] GC(33778) User=0.00s Sys=0.00s Real=0.00s
[15445.077s][info][gc,start       ] GC(33779) Pause Young (Allocation Failure)
[15445.079s][info][gc,heap        ] GC(33779) PSYoungGen: 82368K(84480K)->448K(84480K) Eden: 81920K(81920K)->0K(81920K) From: 448K(2560K)->448K(2560K)
[15445.079s][info][gc,heap        ] GC(33779) ParOldGen: 247745K(248320K)->247801K(248320K)
[15445.079s][info][gc,metaspace   ] GC(33779) Metaspace: 62360K(62592K)->62360K(62592K) NonClass: 53322K(53504K)->53322K(53504K) Class: 9037K(9088K)->9037K(9088K)
[15445.079s][info][gc             ] GC(33779) Pause Young (Allocation Failure) 322M->242M(325M) 1.835ms
[15445.079s][info][gc,cpu         ] GC(33779) User=0.00s Sys=0.00s Real=0.00s
[15445.472s][info][gc,start       ] GC(33780) Pause Young (Allocation Failure)
[15445.474s][info][gc,heap        ] GC(33780) PSYoungGen: 82368K(84480K)->384K(84480K) Eden: 81920K(81920K)->0K(81920K) From: 448K(2560K)->384K(2560K)
[15445.474s][info][gc,heap        ] GC(33780) ParOldGen: 247801K(248320K)->247849K(248320K)
[15445.474s][info][gc,metaspace   ] GC(33780) Metaspace: 62360K(62592K)->62360K(62592K) NonClass: 53322K(53504K)->53322K(53504K) Class: 9037K(9088K)->9037K(9088K)
[15445.474s][info][gc             ] GC(33780) Pause Young (Allocation Failure) 322M->242M(325M) 1.826ms
[15445.474s][info][gc,cpu         ] GC(33780) User=0.00s Sys=0.00s Real=0.00s
[15445.918s][info][gc,start       ] GC(33781) Pause Young (Allocation Failure)
[15445.920s][info][gc,heap        ] GC(33781) PSYoungGen: 82304K(84480K)->1024K(84480K) Eden: 81920K(81920K)->0K(81920K) From: 384K(2560K)->1024K(2560K)
[15445.920s][info][gc,heap        ] GC(33781) ParOldGen: 247849K(248320K)->247897K(248320K)
[15445.920s][info][gc,metaspace   ] GC(33781) Metaspace: 62360K(62592K)->62360K(62592K) NonClass: 53322K(53504K)->53322K(53504K) Class: 9037K(9088K)->9037K(9088K)
[15445.920s][info][gc             ] GC(33781) Pause Young (Allocation Failure) 322M->243M(325M) 2.326ms
[15445.920s][info][gc,cpu         ] GC(33781) User=0.01s Sys=0.00s Real=0.00s
[15446.356s][info][gc,start       ] GC(33782) Pause Young (Allocation Failure)
[15446.359s][info][gc,heap        ] GC(33782) PSYoungGen: 82944K(84480K)->1664K(84480K) Eden: 81920K(81920K)->0K(81920K) From: 1024K(2560K)->1664K(2560K)
[15446.359s][info][gc,heap        ] GC(33782) ParOldGen: 247897K(248320K)->247945K(248320K)
[15446.359s][info][gc,metaspace   ] GC(33782) Metaspace: 62360K(62592K)->62360K(62592K) NonClass: 53322K(53504K)->53322K(53504K) Class: 9037K(9088K)->9037K(9088K)
[15446.359s][info][gc             ] GC(33782) Pause Young (Allocation Failure) 323M->243M(325M) 2.938ms
[15446.359s][info][gc,cpu         ] GC(33782) User=0.00s Sys=0.00s Real=0.00s
[15446.794s][info][gc,start       ] GC(33783) Pause Young (Allocation Failure)
[15446.796s][info][gc,heap        ] GC(33783) PSYoungGen: 83584K(84480K)->704K(84480K) Eden: 81920K(81920K)->0K(81920K) From: 1664K(2560K)->704K(2560K)
[15446.796s][info][gc,heap        ] GC(33783) ParOldGen: 247945K(248320K)->248001K(248320K)
[15446.796s][info][gc,metaspace   ] GC(33783) Metaspace: 62360K(62592K)->62360K(62592K) NonClass: 53322K(53504K)->53322K(53504K) Class: 9037K(9088K)->9037K(9088K)
[15446.796s][info][gc             ] GC(33783) Pause Young (Allocation Failure) 323M->242M(325M) 2.081ms
[15446.796s][info][gc,cpu         ] GC(33783) User=0.00s Sys=0.00s Real=0.00s
[15447.196s][info][gc,start       ] GC(33784) Pause Young (Allocation Failure)
[15447.198s][info][gc,heap        ] GC(33784) PSYoungGen: 82624K(84480K)->800K(84480K) Eden: 81920K(81920K)->0K(81920K) From: 704K(2560K)->800K(2560K)
[15447.198s][info][gc,heap        ] GC(33784) ParOldGen: 248001K(248320K)->248049K(248320K)
[15447.198s][info][gc,metaspace   ] GC(33784) Metaspace: 62360K(62592K)->62360K(62592K) NonClass: 53322K(53504K)->53322K(53504K) Class: 9037K(9088K)->9037K(9088K)
[15447.198s][info][gc             ] GC(33784) Pause Young (Allocation Failure) 322M->243M(325M) 2.243ms
[15447.198s][info][gc,cpu         ] GC(33784) User=0.00s Sys=0.00s Real=0.00s
[15447.619s][info][gc,start       ] GC(33785) Pause Young (Allocation Failure)
[15447.621s][info][gc,heap        ] GC(33785) PSYoungGen: 82720K(84480K)->992K(84480K) Eden: 81920K(81920K)->0K(81920K) From: 800K(2560K)->992K(2560K)
[15447.621s][info][gc,heap        ] GC(33785) ParOldGen: 248049K(248320K)->248097K(248320K)
[15447.621s][info][gc,metaspace   ] GC(33785) Metaspace: 62360K(62592K)->62360K(62592K) NonClass: 53322K(53504K)->53322K(53504K) Class: 9037K(9088K)->9037K(9088K)
[15447.621s][info][gc             ] GC(33785) Pause Young (Allocation Failure) 323M->243M(325M) 2.342ms
[15447.621s][info][gc,cpu         ] GC(33785) User=0.00s Sys=0.00s Real=0.00s
[15448.020s][info][gc,start       ] GC(33786) Pause Young (Allocation Failure)
[15448.022s][info][gc,heap        ] GC(33786) PSYoungGen: 82912K(84480K)->1184K(84480K) Eden: 81920K(81920K)->0K(81920K) From: 992K(2560K)->1184K(2560K)
[15448.022s][info][gc,heap        ] GC(33786) ParOldGen: 248097K(248320K)->248145K(248320K)
[15448.022s][info][gc,metaspace   ] GC(33786) Metaspace: 62360K(62592K)->62360K(62592K) NonClass: 53322K(53504K)->53322K(53504K) Class: 9037K(9088K)->9037K(9088K)
[15448.022s][info][gc             ] GC(33786) Pause Young (Allocation Failure) 323M->243M(325M) 2.525ms
[15448.023s][info][gc,cpu         ] GC(33786) User=0.01s Sys=0.00s Real=0.00s
[15448.397s][info][gc,start       ] GC(33787) Pause Young (Allocation Failure)
[15448.400s][info][gc,heap        ] GC(33787) PSYoungGen: 83104K(84480K)->896K(84992K) Eden: 81920K(81920K)->0K(82432K) From: 1184K(2560K)->896K(2560K)
[15448.400s][info][gc,heap        ] GC(33787) ParOldGen: 248145K(248320K)->248201K(248320K)
[15448.400s][info][gc,metaspace   ] GC(33787) Metaspace: 62360K(62592K)->62360K(62592K) NonClass: 53322K(53504K)->53322K(53504K) Class: 9037K(9088K)->9037K(9088K)
[15448.400s][info][gc             ] GC(33787) Pause Young (Allocation Failure) 323M->243M(325M) 2.217ms
[15448.400s][info][gc,cpu         ] GC(33787) User=0.00s Sys=0.00s Real=0.00s
[15448.807s][info][gc,start       ] GC(33788) Pause Young (Allocation Failure)
[15448.810s][info][gc,heap        ] GC(33788) PSYoungGen: 83328K(84992K)->928K(84480K) Eden: 82432K(82432K)->0K(82432K) From: 896K(2560K)->928K(2048K)
[15448.810s][info][gc,heap        ] GC(33788) ParOldGen: 248201K(248320K)->248249K(248320K)
[15448.810s][info][gc,metaspace   ] GC(33788) Metaspace: 62360K(62592K)->62360K(62592K) NonClass: 53322K(53504K)->53322K(53504K) Class: 9037K(9088K)->9037K(9088K)
[15448.810s][info][gc             ] GC(33788) Pause Young (Allocation Failure) 323M->243M(325M) 2.407ms
[15448.810s][info][gc,cpu         ] GC(33788) User=0.01s Sys=0.00s Real=0.00s
[15449.240s][info][gc,start       ] GC(33789) Pause Young (Allocation Failure)
[15449.242s][info][gc,heap        ] GC(33789) PSYoungGen: 83360K(84480K)->1472K(84992K) Eden: 82432K(82432K)->0K(82944K) From: 928K(2048K)->1472K(2048K)
[15449.242s][info][gc,heap        ] GC(33789) ParOldGen: 248249K(248320K)->248297K(248320K)
[15449.242s][info][gc,metaspace   ] GC(33789) Metaspace: 62360K(62592K)->62360K(62592K) NonClass: 53322K(53504K)->53322K(53504K) Class: 9037K(9088K)->9037K(9088K)
[15449.242s][info][gc             ] GC(33789) Pause Young (Allocation Failure) 323M->243M(325M) 2.834ms
[15449.242s][info][gc,cpu         ] GC(33789) User=0.00s Sys=0.00s Real=0.00s
[15449.695s][info][gc,start       ] GC(33790) Pause Young (Allocation Failure)
[15449.697s][info][gc,heap        ] GC(33790) PSYoungGen: 84416K(84992K)->576K(84992K) Eden: 82944K(82944K)->0K(82944K) From: 1472K(2048K)->576K(2048K)
[15449.697s][info][gc,heap        ] GC(33790) ParOldGen: 248297K(248320K)->248345K(248832K)
[15449.697s][info][gc,metaspace   ] GC(33790) Metaspace: 62360K(62592K)->62360K(62592K) NonClass: 53322K(53504K)->53322K(53504K) Class: 9037K(9088K)->9037K(9088K)
[15449.697s][info][gc             ] GC(33790) Pause Young (Allocation Failure) 324M->243M(326M) 2.157ms
[15449.697s][info][gc,cpu         ] GC(33790) User=0.01s Sys=0.00s Real=0.00s
[15450.114s][info][gc,start       ] GC(33791) Pause Young (Allocation Failure)
[15450.116s][info][gc,heap        ] GC(33791) PSYoungGen: 83520K(84992K)->1984K(83968K) Eden: 82944K(82944K)->0K(81920K) From: 576K(2048K)->1984K(2048K)
[15450.116s][info][gc,heap        ] GC(33791) ParOldGen: 248345K(248832K)->248401K(248832K)
[15450.116s][info][gc,metaspace   ] GC(33791) Metaspace: 62360K(62592K)->62360K(62592K) NonClass: 53322K(53504K)->53322K(53504K) Class: 9037K(9088K)->9037K(9088K)
[15450.116s][info][gc             ] GC(33791) Pause Young (Allocation Failure) 324M->244M(325M) 2.487ms
[15450.117s][info][gc,cpu         ] GC(33791) User=0.00s Sys=0.00s Real=0.01s
[15450.570s][info][gc,start       ] GC(33792) Pause Young (Allocation Failure)
[15450.573s][info][gc,heap        ] GC(33792) PSYoungGen: 83904K(83968K)->384K(84480K) Eden: 81920K(81920K)->0K(81920K) From: 1984K(2048K)->384K(2560K)
[15450.573s][info][gc,heap        ] GC(33792) ParOldGen: 248401K(248832K)->250505K(251904K)
[15450.573s][info][gc,metaspace   ] GC(33792) Metaspace: 62360K(62592K)->62360K(62592K) NonClass: 53322K(53504K)->53322K(53504K) Class: 9037K(9088K)->9037K(9088K)
[15450.573s][info][gc             ] GC(33792) Pause Young (Allocation Failure) 324M->245M(328M) 2.869ms
[15450.573s][info][gc,cpu         ] GC(33792) User=0.01s Sys=0.00s Real=0.00s
[15451.007s][info][gc,start       ] GC(33793) Pause Young (Allocation Failure)
[15451.009s][info][gc,heap        ] GC(33793) PSYoungGen: 82304K(84480K)->864K(84480K) Eden: 81920K(81920K)->0K(81920K) From: 384K(2560K)->864K(2560K)
[15451.010s][info][gc,heap        ] GC(33793) ParOldGen: 250505K(251904K)->250601K(251904K)
[15451.010s][info][gc,metaspace   ] GC(33793) Metaspace: 62360K(62592K)->62360K(62592K) NonClass: 53322K(53504K)->53322K(53504K) Class: 9037K(9088K)->9037K(9088K)
[15451.010s][info][gc             ] GC(33793) Pause Young (Allocation Failure) 325M->245M(328M) 2.426ms
[15451.010s][info][gc,cpu         ] GC(33793) User=0.00s Sys=0.00s Real=0.00s
[15451.459s][info][gc,start       ] GC(33794) Pause Young (Allocation Failure)
[15451.462s][info][gc,heap        ] GC(33794) PSYoungGen: 82784K(84480K)->1760K(84480K) Eden: 81920K(81920K)->0K(81920K) From: 864K(2560K)->1760K(2560K)
[15451.462s][info][gc,heap        ] GC(33794) ParOldGen: 250601K(251904K)->250649K(251904K)
[15451.462s][info][gc,metaspace   ] GC(33794) Metaspace: 62360K(62592K)->62360K(62592K) NonClass: 53322K(53504K)->53322K(53504K) Class: 9037K(9088K)->9037K(9088K)
[15451.462s][info][gc             ] GC(33794) Pause Young (Allocation Failure) 325M->246M(328M) 3.086ms
[15451.462s][info][gc,cpu         ] GC(33794) User=0.01s Sys=0.00s Real=0.00s
[15451.920s][info][gc,start       ] GC(33795) Pause Young (Allocation Failure)
[15451.922s][info][gc,heap        ] GC(33795) PSYoungGen: 83680K(84480K)->992K(84480K) Eden: 81920K(81920K)->0K(81920K) From: 1760K(2560K)->992K(2560K)
[15451.922s][info][gc,heap        ] GC(33795) ParOldGen: 250649K(251904K)->250697K(251904K)
[15451.922s][info][gc,metaspace   ] GC(33795) Metaspace: 62360K(62592K)->62360K(62592K) NonClass: 53322K(53504K)->53322K(53504K) Class: 9037K(9088K)->9037K(9088K)
[15451.922s][info][gc             ] GC(33795) Pause Young (Allocation Failure) 326M->245M(328M) 2.461ms
[15451.922s][info][gc,cpu         ] GC(33795) User=0.01s Sys=0.00s Real=0.00s
[15452.395s][info][gc,start       ] GC(33796) Pause Young (Allocation Failure)
[15452.398s][info][gc,heap        ] GC(33796) PSYoungGen: 82912K(84480K)->640K(84480K) Eden: 81920K(81920K)->0K(81920K) From: 992K(2560K)->640K(2560K)
[15452.398s][info][gc,heap        ] GC(33796) ParOldGen: 250697K(251904K)->250745K(251904K)
[15452.398s][info][gc,metaspace   ] GC(33796) Metaspace: 62360K(62592K)->62360K(62592K) NonClass: 53322K(53504K)->53322K(53504K) Class: 9037K(9088K)->9037K(9088K)
[15452.398s][info][gc             ] GC(33796) Pause Young (Allocation Failure) 325M->245M(328M) 3.064ms
[15452.398s][info][gc,cpu         ] GC(33796) User=0.00s Sys=0.00s Real=0.00s
[15452.871s][info][gc,start       ] GC(33797) Pause Young (Allocation Failure)
[15452.873s][info][gc,heap        ] GC(33797) PSYoungGen: 82560K(84480K)->320K(84480K) Eden: 81920K(81920K)->0K(81920K) From: 640K(2560K)->320K(2560K)
[15452.873s][info][gc,heap        ] GC(33797) ParOldGen: 250745K(251904K)->250793K(251904K)
[15452.873s][info][gc,metaspace   ] GC(33797) Metaspace: 62360K(62592K)->62360K(62592K) NonClass: 53322K(53504K)->53322K(53504K) Class: 9037K(9088K)->9037K(9088K)
[15452.873s][info][gc             ] GC(33797) Pause Young (Allocation Failure) 325M->245M(328M) 1.835ms
[15452.873s][info][gc,cpu         ] GC(33797) User=0.01s Sys=0.00s Real=0.00s
[15453.346s][info][gc,start       ] GC(33798) Pause Young (Allocation Failure)
[15453.348s][info][gc,heap        ] GC(33798) PSYoungGen: 82240K(84480K)->1344K(84480K) Eden: 81920K(81920K)->0K(81920K) From: 320K(2560K)->1344K(2560K)
[15453.348s][info][gc,heap        ] GC(33798) ParOldGen: 250793K(251904K)->250841K(251904K)
[15453.348s][info][gc,metaspace   ] GC(33798) Metaspace: 62360K(62592K)->62360K(62592K) NonClass: 53322K(53504K)->53322K(53504K) Class: 9037K(9088K)->9037K(9088K)
[15453.348s][info][gc             ] GC(33798) Pause Young (Allocation Failure) 325M->246M(328M) 2.776ms
[15453.348s][info][gc,cpu         ] GC(33798) User=0.00s Sys=0.00s Real=0.00s
[15453.831s][info][gc,start       ] GC(33799) Pause Young (Allocation Failure)
[15453.834s][info][gc,heap        ] GC(33799) PSYoungGen: 83264K(84480K)->1024K(84480K) Eden: 81920K(81920K)->0K(81920K) From: 1344K(2560K)->1024K(2560K)
[15453.834s][info][gc,heap        ] GC(33799) ParOldGen: 250841K(251904K)->250889K(251904K)
[15453.834s][info][gc,metaspace   ] GC(33799) Metaspace: 62360K(62592K)->62360K(62592K) NonClass: 53322K(53504K)->53322K(53504K) Class: 9037K(9088K)->9037K(9088K)
[15453.834s][info][gc             ] GC(33799) Pause Young (Allocation Failure) 326M->246M(328M) 3.136ms
[15453.834s][info][gc,cpu         ] GC(33799) User=0.00s Sys=0.00s Real=0.00s
[15454.297s][info][gc,start       ] GC(33800) Pause Young (Allocation Failure)
[15454.299s][info][gc,heap        ] GC(33800) PSYoungGen: 82944K(84480K)->672K(84480K) Eden: 81920K(81920K)->0K(81920K) From: 1024K(2560K)->672K(2560K)
[15454.299s][info][gc,heap        ] GC(33800) ParOldGen: 250889K(251904K)->250937K(251904K)
[15454.299s][info][gc,metaspace   ] GC(33800) Metaspace: 62360K(62592K)->62360K(62592K) NonClass: 53322K(53504K)->53322K(53504K) Class: 9037K(9088K)->9037K(9088K)
[15454.299s][info][gc             ] GC(33800) Pause Young (Allocation Failure) 326M->245M(328M) 2.109ms
[15454.299s][info][gc,cpu         ] GC(33800) User=0.00s Sys=0.00s Real=0.00s
[15454.743s][info][gc,start       ] GC(33801) Pause Young (Allocation Failure)
[15454.746s][info][gc,heap        ] GC(33801) PSYoungGen: 82592K(84480K)->1344K(83968K) Eden: 81920K(81920K)->0K(81920K) From: 672K(2560K)->1344K(2048K)
[15454.746s][info][gc,heap        ] GC(33801) ParOldGen: 250937K(251904K)->250985K(251904K)
[15454.746s][info][gc,metaspace   ] GC(33801) Metaspace: 62360K(62592K)->62360K(62592K) NonClass: 53322K(53504K)->53322K(53504K) Class: 9037K(9088K)->9037K(9088K)
[15454.746s][info][gc             ] GC(33801) Pause Young (Allocation Failure) 325M->246M(328M) 2.870ms
[15454.746s][info][gc,cpu         ] GC(33801) User=0.01s Sys=0.00s Real=0.01s
[15455.198s][info][gc,start       ] GC(33802) Pause Young (Allocation Failure)
[15455.200s][info][gc,heap        ] GC(33802) PSYoungGen: 83264K(83968K)->1728K(84480K) Eden: 81920K(81920K)->0K(81920K) From: 1344K(2048K)->1728K(2560K)
[15455.200s][info][gc,heap        ] GC(33802) ParOldGen: 250985K(251904K)->251033K(251904K)
[15455.200s][info][gc,metaspace   ] GC(33802) Metaspace: 62360K(62592K)->62360K(62592K) NonClass: 53322K(53504K)->53322K(53504K) Class: 9037K(9088K)->9037K(9088K)
[15455.200s][info][gc             ] GC(33802) Pause Young (Allocation Failure) 326M->246M(328M) 2.327ms
[15455.200s][info][gc,cpu         ] GC(33802) User=0.01s Sys=0.00s Real=0.00s
[15455.670s][info][gc,start       ] GC(33803) Pause Young (Allocation Failure)
[15455.672s][info][gc,heap        ] GC(33803) PSYoungGen: 83648K(84480K)->320K(84480K) Eden: 81920K(81920K)->0K(81920K) From: 1728K(2560K)->320K(2560K)
[15455.672s][info][gc,heap        ] GC(33803) ParOldGen: 251033K(251904K)->253137K(253440K)
[15455.672s][info][gc,metaspace   ] GC(33803) Metaspace: 62360K(62592K)->62360K(62592K) NonClass: 53322K(53504K)->53322K(53504K) Class: 9037K(9088K)->9037K(9088K)
[15455.672s][info][gc             ] GC(33803) Pause Young (Allocation Failure) 326M->247M(330M) 2.873ms
[15455.672s][info][gc,cpu         ] GC(33803) User=0.00s Sys=0.00s Real=0.00s
[15456.112s][info][gc,start       ] GC(33804) Pause Young (Allocation Failure)
[15456.115s][info][gc,heap        ] GC(33804) PSYoungGen: 82240K(84480K)->864K(84480K) Eden: 81920K(81920K)->0K(81920K) From: 320K(2560K)->864K(2560K)
[15456.115s][info][gc,heap        ] GC(33804) ParOldGen: 253137K(253440K)->253193K(253440K)
[15456.115s][info][gc,metaspace   ] GC(33804) Metaspace: 62360K(62592K)->62360K(62592K) NonClass: 53322K(53504K)->53322K(53504K) Class: 9037K(9088K)->9037K(9088K)
[15456.115s][info][gc             ] GC(33804) Pause Young (Allocation Failure) 327M->248M(330M) 2.484ms
[15456.115s][info][gc,cpu         ] GC(33804) User=0.00s Sys=0.01s Real=0.01s
[15456.558s][info][gc,start       ] GC(33805) Pause Young (Allocation Failure)
[15456.561s][info][gc,heap        ] GC(33805) PSYoungGen: 82784K(84480K)->1664K(84480K) Eden: 81920K(81920K)->0K(81920K) From: 864K(2560K)->1664K(2560K)
[15456.561s][info][gc,heap        ] GC(33805) ParOldGen: 253193K(253440K)->253241K(253440K)
[15456.561s][info][gc,metaspace   ] GC(33805) Metaspace: 62360K(62592K)->62360K(62592K) NonClass: 53322K(53504K)->53322K(53504K) Class: 9037K(9088K)->9037K(9088K)
[15456.561s][info][gc             ] GC(33805) Pause Young (Allocation Failure) 328M->248M(330M) 3.132ms
[15456.561s][info][gc,cpu         ] GC(33805) User=0.00s Sys=0.00s Real=0.00s
[15456.990s][info][gc,start       ] GC(33806) Pause Young (Allocation Failure)
[15456.992s][info][gc,heap        ] GC(33806) PSYoungGen: 83584K(84480K)->576K(84480K) Eden: 81920K(81920K)->0K(81920K) From: 1664K(2560K)->576K(2560K)
[15456.992s][info][gc,heap        ] GC(33806) ParOldGen: 253241K(253440K)->253297K(253440K)
[15456.992s][info][gc,metaspace   ] GC(33806) Metaspace: 62360K(62592K)->62360K(62592K) NonClass: 53322K(53504K)->53322K(53504K) Class: 9037K(9088K)->9037K(9088K)
[15456.992s][info][gc             ] GC(33806) Pause Young (Allocation Failure) 328M->247M(330M) 2.072ms
[15456.992s][info][gc,cpu         ] GC(33806) User=0.00s Sys=0.00s Real=0.00s
[15457.445s][info][gc,start       ] GC(33807) Pause Young (Allocation Failure)
[15457.448s][info][gc,heap        ] GC(33807) PSYoungGen: 82496K(84480K)->1536K(84480K) Eden: 81920K(81920K)->0K(81920K) From: 576K(2560K)->1536K(2560K)
[15457.448s][info][gc,heap        ] GC(33807) ParOldGen: 253297K(253440K)->253345K(253440K)
[15457.448s][info][gc,metaspace   ] GC(33807) Metaspace: 62360K(62592K)->62360K(62592K) NonClass: 53322K(53504K)->53322K(53504K) Class: 9037K(9088K)->9037K(9088K)
[15457.448s][info][gc             ] GC(33807) Pause Young (Allocation Failure) 327M->248M(330M) 2.960ms
[15457.448s][info][gc,cpu         ] GC(33807) User=0.01s Sys=0.00s Real=0.00s
[15457.911s][info][gc,start       ] GC(33808) Pause Young (Allocation Failure)
[15457.913s][info][gc,heap        ] GC(33808) PSYoungGen: 83456K(84480K)->896K(84480K) Eden: 81920K(81920K)->0K(81920K) From: 1536K(2560K)->896K(2560K)
[15457.913s][info][gc,heap        ] GC(33808) ParOldGen: 253345K(253440K)->253401K(253440K)
[15457.913s][info][gc,metaspace   ] GC(33808) Metaspace: 62360K(62592K)->62360K(62592K) NonClass: 53322K(53504K)->53322K(53504K) Class: 9037K(9088K)->9037K(9088K)
[15457.913s][info][gc             ] GC(33808) Pause Young (Allocation Failure) 328M->248M(330M) 2.421ms
[15457.913s][info][gc,cpu         ] GC(33808) User=0.00s Sys=0.00s Real=0.00s
[15458.416s][info][gc,start       ] GC(33809) Pause Young (Allocation Failure)
[15458.419s][info][gc,heap        ] GC(33809) PSYoungGen: 82816K(84480K)->1040K(84480K) Eden: 81920K(81920K)->0K(81920K) From: 896K(2560K)->1040K(2560K)
[15458.419s][info][gc,heap        ] GC(33809) ParOldGen: 253401K(253440K)->253457K(253952K)
[15458.419s][info][gc,metaspace   ] GC(33809) Metaspace: 62360K(62592K)->62360K(62592K) NonClass: 53322K(53504K)->53322K(53504K) Class: 9037K(9088K)->9037K(9088K)
[15458.419s][info][gc             ] GC(33809) Pause Young (Allocation Failure) 328M->248M(330M) 2.564ms
[15458.419s][info][gc,cpu         ] GC(33809) User=0.01s Sys=0.00s Real=0.00s
[15458.905s][info][gc,start       ] GC(33810) Pause Young (Allocation Failure)
[15458.907s][info][gc,heap        ] GC(33810) PSYoungGen: 82960K(84480K)->800K(84480K) Eden: 81920K(81920K)->0K(81920K) From: 1040K(2560K)->800K(2560K)
[15458.907s][info][gc,heap        ] GC(33810) ParOldGen: 253457K(253952K)->253553K(253952K)
[15458.907s][info][gc,metaspace   ] GC(33810) Metaspace: 62360K(62592K)->62360K(62592K) NonClass: 53322K(53504K)->53322K(53504K) Class: 9037K(9088K)->9037K(9088K)
[15458.907s][info][gc             ] GC(33810) Pause Young (Allocation Failure) 328M->248M(330M) 2.440ms
[15458.907s][info][gc,cpu         ] GC(33810) User=0.00s Sys=0.00s Real=0.00s
[15459.373s][info][gc,start       ] GC(33811) Pause Young (Allocation Failure)
[15459.375s][info][gc,heap        ] GC(33811) PSYoungGen: 82720K(84480K)->320K(83968K) Eden: 81920K(81920K)->0K(81920K) From: 800K(2560K)->320K(2048K)
[15459.375s][info][gc,heap        ] GC(33811) ParOldGen: 253553K(253952K)->253601K(253952K)
[15459.375s][info][gc,metaspace   ] GC(33811) Metaspace: 62360K(62592K)->62360K(62592K) NonClass: 53322K(53504K)->53322K(53504K) Class: 9037K(9088K)->9037K(9088K)
[15459.375s][info][gc             ] GC(33811) Pause Young (Allocation Failure) 328M->247M(330M) 1.944ms
[15459.375s][info][gc,cpu         ] GC(33811) User=0.01s Sys=0.00s Real=0.01s
[15459.793s][info][gc,start       ] GC(33812) Pause Young (Allocation Failure)
[15459.796s][info][gc,heap        ] GC(33812) PSYoungGen: 82240K(83968K)->1696K(84480K) Eden: 81920K(81920K)->0K(81920K) From: 320K(2048K)->1696K(2560K)
[15459.796s][info][gc,heap        ] GC(33812) ParOldGen: 253601K(253952K)->253657K(253952K)
[15459.796s][info][gc,metaspace   ] GC(33812) Metaspace: 62360K(62592K)->62360K(62592K) NonClass: 53322K(53504K)->53322K(53504K) Class: 9037K(9088K)->9037K(9088K)
[15459.796s][info][gc             ] GC(33812) Pause Young (Allocation Failure) 327M->249M(330M) 2.286ms
[15459.796s][info][gc,cpu         ] GC(33812) User=0.00s Sys=0.00s Real=0.01s
[15460.225s][info][gc,start       ] GC(33813) Pause Young (Allocation Failure)
[15460.228s][info][gc,heap        ] GC(33813) PSYoungGen: 83616K(84480K)->1152K(84480K) Eden: 81920K(81920K)->0K(81920K) From: 1696K(2560K)->1152K(2560K)
[15460.228s][info][gc,heap        ] GC(33813) ParOldGen: 253657K(253952K)->254729K(255488K)
[15460.228s][info][gc,metaspace   ] GC(33813) Metaspace: 62360K(62592K)->62360K(62592K) NonClass: 53322K(53504K)->53322K(53504K) Class: 9037K(9088K)->9037K(9088K)
[15460.228s][info][gc             ] GC(33813) Pause Young (Allocation Failure) 329M->249M(332M) 2.972ms
[15460.228s][info][gc,cpu         ] GC(33813) User=0.00s Sys=0.00s Real=0.00s
[15460.661s][info][gc,start       ] GC(33814) Pause Young (Allocation Failure)
[15460.664s][info][gc,heap        ] GC(33814) PSYoungGen: 83072K(84480K)->1632K(84480K) Eden: 81920K(81920K)->0K(81920K) From: 1152K(2560K)->1632K(2560K)
[15460.664s][info][gc,heap        ] GC(33814) ParOldGen: 254729K(255488K)->254785K(255488K)
[15460.664s][info][gc,metaspace   ] GC(33814) Metaspace: 62360K(62592K)->62360K(62592K) NonClass: 53322K(53504K)->53322K(53504K) Class: 9037K(9088K)->9037K(9088K)
[15460.664s][info][gc             ] GC(33814) Pause Young (Allocation Failure) 329M->250M(332M) 3.125ms
[15460.664s][info][gc,cpu         ] GC(33814) User=0.00s Sys=0.00s Real=0.00s
[15461.147s][info][gc,start       ] GC(33815) Pause Young (Allocation Failure)
[15461.150s][info][gc,heap        ] GC(33815) PSYoungGen: 83552K(84480K)->1280K(84480K) Eden: 81920K(81920K)->0K(81920K) From: 1632K(2560K)->1280K(2560K)
[15461.150s][info][gc,heap        ] GC(33815) ParOldGen: 254785K(255488K)->254833K(255488K)
[15461.150s][info][gc,metaspace   ] GC(33815) Metaspace: 62360K(62592K)->62360K(62592K) NonClass: 53322K(53504K)->53322K(53504K) Class: 9037K(9088K)->9037K(9088K)
[15461.150s][info][gc             ] GC(33815) Pause Young (Allocation Failure) 330M->250M(332M) 2.823ms
[15461.150s][info][gc,cpu         ] GC(33815) User=0.01s Sys=0.00s Real=0.00s
[15461.620s][info][gc,start       ] GC(33816) Pause Young (Allocation Failure)
[15461.623s][info][gc,heap        ] GC(33816) PSYoungGen: 83200K(84480K)->928K(84480K) Eden: 81920K(81920K)->0K(81920K) From: 1280K(2560K)->928K(2560K)
[15461.623s][info][gc,heap        ] GC(33816) ParOldGen: 254833K(255488K)->254881K(255488K)
[15461.623s][info][gc,metaspace   ] GC(33816) Metaspace: 62360K(62592K)->62360K(62592K) NonClass: 53322K(53504K)->53322K(53504K) Class: 9037K(9088K)->9037K(9088K)
[15461.623s][info][gc             ] GC(33816) Pause Young (Allocation Failure) 330M->249M(332M) 2.781ms
[15461.623s][info][gc,cpu         ] GC(33816) User=0.00s Sys=0.00s Real=0.00s
[15462.068s][info][gc,start       ] GC(33817) Pause Young (Allocation Failure)
[15462.070s][info][gc,heap        ] GC(33817) PSYoungGen: 82848K(84480K)->320K(84480K) Eden: 81920K(81920K)->0K(81920K) From: 928K(2560K)->320K(2560K)
[15462.070s][info][gc,heap        ] GC(33817) ParOldGen: 254881K(255488K)->254929K(255488K)
[15462.070s][info][gc,metaspace   ] GC(33817) Metaspace: 62360K(62592K)->62360K(62592K) NonClass: 53322K(53504K)->53322K(53504K) Class: 9037K(9088K)->9037K(9088K)
[15462.070s][info][gc             ] GC(33817) Pause Young (Allocation Failure) 329M->249M(332M) 1.816ms
[15462.070s][info][gc,cpu         ] GC(33817) User=0.00s Sys=0.00s Real=0.00s
[15462.524s][info][gc,start       ] GC(33818) Pause Young (Allocation Failure)
[15462.527s][info][gc,heap        ] GC(33818) PSYoungGen: 82240K(84480K)->1152K(84480K) Eden: 81920K(81920K)->0K(81920K) From: 320K(2560K)->1152K(2560K)
[15462.527s][info][gc,heap        ] GC(33818) ParOldGen: 254929K(255488K)->254985K(255488K)
[15462.527s][info][gc,metaspace   ] GC(33818) Metaspace: 62360K(62592K)->62360K(62592K) NonClass: 53322K(53504K)->53322K(53504K) Class: 9037K(9088K)->9037K(9088K)
[15462.527s][info][gc             ] GC(33818) Pause Young (Allocation Failure) 329M->250M(332M) 2.719ms
[15462.527s][info][gc,cpu         ] GC(33818) User=0.00s Sys=0.00s Real=0.01s
[15462.957s][info][gc,start       ] GC(33819) Pause Young (Allocation Failure)
[15462.960s][info][gc,heap        ] GC(33819) PSYoungGen: 83072K(84480K)->1600K(84480K) Eden: 81920K(81920K)->0K(81920K) From: 1152K(2560K)->1600K(2560K)
[15462.960s][info][gc,heap        ] GC(33819) ParOldGen: 254985K(255488K)->255033K(255488K)
[15462.960s][info][gc,metaspace   ] GC(33819) Metaspace: 62360K(62592K)->62360K(62592K) NonClass: 53322K(53504K)->53322K(53504K) Class: 9037K(9088K)->9037K(9088K)
[15462.960s][info][gc             ] GC(33819) Pause Young (Allocation Failure) 330M->250M(332M) 3.063ms
[15462.960s][info][gc,cpu         ] GC(33819) User=0.01s Sys=0.00s Real=0.00s
[15463.409s][info][gc,start       ] GC(33820) Pause Young (Allocation Failure)
[15463.411s][info][gc,heap        ] GC(33820) PSYoungGen: 83520K(84480K)->960K(84480K) Eden: 81920K(81920K)->0K(81920K) From: 1600K(2560K)->960K(2560K)
[15463.412s][info][gc,heap        ] GC(33820) ParOldGen: 255033K(255488K)->255081K(255488K)
[15463.412s][info][gc,metaspace   ] GC(33820) Metaspace: 62360K(62592K)->62360K(62592K) NonClass: 53322K(53504K)->53322K(53504K) Class: 9037K(9088K)->9037K(9088K)
[15463.412s][info][gc             ] GC(33820) Pause Young (Allocation Failure) 330M->250M(332M) 2.454ms
[15463.412s][info][gc,cpu         ] GC(33820) User=0.01s Sys=0.00s Real=0.00s
[15463.850s][info][gc,start       ] GC(33821) Pause Young (Allocation Failure)
[15463.853s][info][gc,heap        ] GC(33821) PSYoungGen: 82880K(84480K)->1472K(84480K) Eden: 81920K(81920K)->0K(81920K) From: 960K(2560K)->1472K(2560K)
[15463.853s][info][gc,heap        ] GC(33821) ParOldGen: 255081K(255488K)->255137K(255488K)
[15463.853s][info][gc,metaspace   ] GC(33821) Metaspace: 62360K(62592K)->62360K(62592K) NonClass: 53322K(53504K)->53322K(53504K) Class: 9037K(9088K)->9037K(9088K)
[15463.853s][info][gc             ] GC(33821) Pause Young (Allocation Failure) 330M->250M(332M) 2.890ms
[15463.853s][info][gc,cpu         ] GC(33821) User=0.00s Sys=0.00s Real=0.00s
[15464.318s][info][gc,start       ] GC(33822) Pause Young (Allocation Failure)
[15464.321s][info][gc,heap        ] GC(33822) PSYoungGen: 83392K(84480K)->960K(84480K) Eden: 81920K(81920K)->0K(81920K) From: 1472K(2560K)->960K(2560K)
[15464.321s][info][gc,heap        ] GC(33822) ParOldGen: 255137K(255488K)->255185K(255488K)
[15464.321s][info][gc,metaspace   ] GC(33822) Metaspace: 62360K(62592K)->62360K(62592K) NonClass: 53322K(53504K)->53322K(53504K) Class: 9037K(9088K)->9037K(9088K)
[15464.321s][info][gc             ] GC(33822) Pause Young (Allocation Failure) 330M->250M(332M) 2.495ms
[15464.321s][info][gc,cpu         ] GC(33822) User=0.00s Sys=0.00s Real=0.00s
[15464.741s][info][gc,start       ] GC(33823) Pause Young (Allocation Failure)
[15464.744s][info][gc,heap        ] GC(33823) PSYoungGen: 82880K(84480K)->2368K(84480K) Eden: 81920K(81920K)->0K(81920K) From: 960K(2560K)->2368K(2560K)
[15464.744s][info][gc,heap        ] GC(33823) ParOldGen: 255185K(255488K)->255233K(255488K)
[15464.744s][info][gc,metaspace   ] GC(33823) Metaspace: 62360K(62592K)->62360K(62592K) NonClass: 53322K(53504K)->53322K(53504K) Class: 9037K(9088K)->9037K(9088K)
[15464.744s][info][gc             ] GC(33823) Pause Young (Allocation Failure) 330M->251M(332M) 3.012ms
[15464.744s][info][gc,cpu         ] GC(33823) User=0.00s Sys=0.00s Real=0.00s
[15465.170s][info][gc,start       ] GC(33824) Pause Young (Allocation Failure)
[15465.172s][info][gc,heap        ] GC(33824) PSYoungGen: 84288K(84480K)->320K(84480K) Eden: 81920K(81920K)->0K(81920K) From: 2368K(2560K)->320K(2560K)
[15465.172s][info][gc,heap        ] GC(33824) ParOldGen: 255233K(255488K)->257337K(258560K)
[15465.172s][info][gc,metaspace   ] GC(33824) Metaspace: 62360K(62592K)->62360K(62592K) NonClass: 53322K(53504K)->53322K(53504K) Class: 9037K(9088K)->9037K(9088K)
[15465.173s][info][gc             ] GC(33824) Pause Young (Allocation Failure) 331M->251M(335M) 2.985ms
[15465.173s][info][gc,cpu         ] GC(33824) User=0.01s Sys=0.01s Real=0.00s
[15465.636s][info][gc,start       ] GC(33825) Pause Young (Allocation Failure)
[15465.639s][info][gc,heap        ] GC(33825) PSYoungGen: 82240K(84480K)->1456K(84480K) Eden: 81920K(81920K)->0K(81920K) From: 320K(2560K)->1456K(2560K)
[15465.639s][info][gc,heap        ] GC(33825) ParOldGen: 257337K(258560K)->257385K(258560K)
[15465.639s][info][gc,metaspace   ] GC(33825) Metaspace: 62360K(62592K)->62360K(62592K) NonClass: 53322K(53504K)->53322K(53504K) Class: 9037K(9088K)->9037K(9088K)
[15465.639s][info][gc             ] GC(33825) Pause Young (Allocation Failure) 331M->252M(335M) 2.955ms
[15465.639s][info][gc,cpu         ] GC(33825) User=0.00s Sys=0.00s Real=0.00s
[15466.084s][info][gc,start       ] GC(33826) Pause Young (Allocation Failure)
[15466.086s][info][gc,heap        ] GC(33826) PSYoungGen: 83376K(84480K)->544K(84480K) Eden: 81920K(81920K)->0K(81920K) From: 1456K(2560K)->544K(2560K)
[15466.086s][info][gc,heap        ] GC(33826) ParOldGen: 257385K(258560K)->257481K(258560K)
[15466.086s][info][gc,metaspace   ] GC(33826) Metaspace: 62360K(62592K)->62360K(62592K) NonClass: 53322K(53504K)->53322K(53504K) Class: 9037K(9088K)->9037K(9088K)
[15466.086s][info][gc             ] GC(33826) Pause Young (Allocation Failure) 332M->251M(335M) 2.016ms
[15466.086s][info][gc,cpu         ] GC(33826) User=0.00s Sys=0.00s Real=0.00s
[15466.518s][info][gc,start       ] GC(33827) Pause Young (Allocation Failure)
[15466.520s][info][gc,heap        ] GC(33827) PSYoungGen: 82464K(84480K)->1024K(84480K) Eden: 81920K(81920K)->0K(81920K) From: 544K(2560K)->1024K(2560K)
[15466.520s][info][gc,heap        ] GC(33827) ParOldGen: 257481K(258560K)->257529K(258560K)
[15466.520s][info][gc,metaspace   ] GC(33827) Metaspace: 62360K(62592K)->62360K(62592K) NonClass: 53322K(53504K)->53322K(53504K) Class: 9037K(9088K)->9037K(9088K)
[15466.520s][info][gc             ] GC(33827) Pause Young (Allocation Failure) 331M->252M(335M) 2.547ms
[15466.520s][info][gc,cpu         ] GC(33827) User=0.00s Sys=0.00s Real=0.00s
[15466.958s][info][gc,start       ] GC(33828) Pause Young (Allocation Failure)
[15466.961s][info][gc,heap        ] GC(33828) PSYoungGen: 82944K(84480K)->1472K(84480K) Eden: 81920K(81920K)->0K(81920K) From: 1024K(2560K)->1472K(2560K)
[15466.961s][info][gc,heap        ] GC(33828) ParOldGen: 257529K(258560K)->257577K(258560K)
[15466.961s][info][gc,metaspace   ] GC(33828) Metaspace: 62360K(62592K)->62360K(62592K) NonClass: 53322K(53504K)->53322K(53504K) Class: 9037K(9088K)->9037K(9088K)
[15466.961s][info][gc             ] GC(33828) Pause Young (Allocation Failure) 332M->252M(335M) 2.947ms
[15466.961s][info][gc,cpu         ] GC(33828) User=0.01s Sys=0.00s Real=0.00s
[15467.385s][info][gc,start       ] GC(33829) Pause Young (Allocation Failure)
[15467.387s][info][gc,heap        ] GC(33829) PSYoungGen: 83392K(84480K)->512K(84480K) Eden: 81920K(81920K)->0K(81920K) From: 1472K(2560K)->512K(2560K)
[15467.387s][info][gc,heap        ] GC(33829) ParOldGen: 257577K(258560K)->257625K(258560K)
[15467.387s][info][gc,metaspace   ] GC(33829) Metaspace: 62360K(62592K)->62360K(62592K) NonClass: 53322K(53504K)->53322K(53504K) Class: 9037K(9088K)->9037K(9088K)
[15467.387s][info][gc             ] GC(33829) Pause Young (Allocation Failure) 332M->252M(335M) 1.931ms
[15467.387s][info][gc,cpu         ] GC(33829) User=0.01s Sys=0.00s Real=0.00s
[15467.834s][info][gc,start       ] GC(33830) Pause Young (Allocation Failure)
[15467.837s][info][gc,heap        ] GC(33830) PSYoungGen: 82432K(84480K)->1248K(84480K) Eden: 81920K(81920K)->0K(81920K) From: 512K(2560K)->1248K(2560K)
[15467.837s][info][gc,heap        ] GC(33830) ParOldGen: 257625K(258560K)->257681K(258560K)
[15467.837s][info][gc,metaspace   ] GC(33830) Metaspace: 62360K(62592K)->62360K(62592K) NonClass: 53322K(53504K)->53322K(53504K) Class: 9037K(9088K)->9037K(9088K)
[15467.837s][info][gc             ] GC(33830) Pause Young (Allocation Failure) 332M->252M(335M) 2.711ms
[15467.837s][info][gc,cpu         ] GC(33830) User=0.01s Sys=0.00s Real=0.01s
[15468.291s][info][gc,start       ] GC(33831) Pause Young (Allocation Failure)
[15468.293s][info][gc,heap        ] GC(33831) PSYoungGen: 83168K(84480K)->608K(84480K) Eden: 81920K(81920K)->0K(81920K) From: 1248K(2560K)->608K(2560K)
[15468.293s][info][gc,heap        ] GC(33831) ParOldGen: 257681K(258560K)->257737K(258560K)
[15468.293s][info][gc,metaspace   ] GC(33831) Metaspace: 62360K(62592K)->62360K(62592K) NonClass: 53322K(53504K)->53322K(53504K) Class: 9037K(9088K)->9037K(9088K)
[15468.293s][info][gc             ] GC(33831) Pause Young (Allocation Failure) 332M->252M(335M) 2.091ms
[15468.293s][info][gc,cpu         ] GC(33831) User=0.00s Sys=0.00s Real=0.00s
[15468.750s][info][gc,start       ] GC(33832) Pause Young (Allocation Failure)
[15468.753s][info][gc,heap        ] GC(33832) PSYoungGen: 82528K(84480K)->1440K(84480K) Eden: 81920K(81920K)->0K(81920K) From: 608K(2560K)->1440K(2560K)
[15468.753s][info][gc,heap        ] GC(33832) ParOldGen: 257737K(258560K)->257785K(258560K)
[15468.753s][info][gc,metaspace   ] GC(33832) Metaspace: 62360K(62592K)->62360K(62592K) NonClass: 53322K(53504K)->53322K(53504K) Class: 9037K(9088K)->9037K(9088K)
[15468.753s][info][gc             ] GC(33832) Pause Young (Allocation Failure) 332M->253M(335M) 3.010ms
[15468.753s][info][gc,cpu         ] GC(33832) User=0.01s Sys=0.00s Real=0.00s
[15469.195s][info][gc,start       ] GC(33833) Pause Young (Allocation Failure)
[15469.197s][info][gc,heap        ] GC(33833) PSYoungGen: 83360K(84480K)->1664K(84480K) Eden: 81920K(81920K)->0K(81920K) From: 1440K(2560K)->1664K(2560K)
[15469.197s][info][gc,heap        ] GC(33833) ParOldGen: 257785K(258560K)->257841K(258560K)
[15469.197s][info][gc,metaspace   ] GC(33833) Metaspace: 62360K(62592K)->62360K(62592K) NonClass: 53322K(53504K)->53322K(53504K) Class: 9037K(9088K)->9037K(9088K)
[15469.197s][info][gc             ] GC(33833) Pause Young (Allocation Failure) 333M->253M(335M) 2.287ms
[15469.197s][info][gc,cpu         ] GC(33833) User=0.00s Sys=0.00s Real=0.00s
[15469.635s][info][gc,start       ] GC(33834) Pause Young (Allocation Failure)
[15469.639s][info][gc,heap        ] GC(33834) PSYoungGen: 83584K(84480K)->1344K(84480K) Eden: 81920K(81920K)->0K(81920K) From: 1664K(2560K)->1344K(2560K)
[15469.639s][info][gc,heap        ] GC(33834) ParOldGen: 257841K(258560K)->258921K(260096K)
[15469.639s][info][gc,metaspace   ] GC(33834) Metaspace: 62360K(62592K)->62360K(62592K) NonClass: 53322K(53504K)->53322K(53504K) Class: 9037K(9088K)->9037K(9088K)
[15469.639s][info][gc             ] GC(33834) Pause Young (Allocation Failure) 333M->254M(336M) 3.317ms
[15469.639s][info][gc,cpu         ] GC(33834) User=0.01s Sys=0.00s Real=0.00s
[15470.042s][info][gc,start       ] GC(33835) Pause Young (Allocation Failure)
[15470.045s][info][gc,heap        ] GC(33835) PSYoungGen: 83264K(84480K)->1312K(84480K) Eden: 81920K(81920K)->0K(81920K) From: 1344K(2560K)->1312K(2560K)
[15470.045s][info][gc,heap        ] GC(33835) ParOldGen: 258921K(260096K)->258969K(260096K)
[15470.045s][info][gc,metaspace   ] GC(33835) Metaspace: 62360K(62592K)->62360K(62592K) NonClass: 53322K(53504K)->53322K(53504K) Class: 9037K(9088K)->9037K(9088K)
[15470.045s][info][gc             ] GC(33835) Pause Young (Allocation Failure) 334M->254M(336M) 2.781ms
[15470.045s][info][gc,cpu         ] GC(33835) User=0.00s Sys=0.00s Real=0.01s
[15470.493s][info][gc,start       ] GC(33836) Pause Young (Allocation Failure)
[15470.496s][info][gc,heap        ] GC(33836) PSYoungGen: 83232K(84480K)->608K(84480K) Eden: 81920K(81920K)->0K(81920K) From: 1312K(2560K)->608K(2560K)
[15470.496s][info][gc,heap        ] GC(33836) ParOldGen: 258969K(260096K)->259017K(260096K)
[15470.496s][info][gc,metaspace   ] GC(33836) Metaspace: 62360K(62592K)->62360K(62592K) NonClass: 53322K(53504K)->53322K(53504K) Class: 9037K(9088K)->9037K(9088K)
[15470.496s][info][gc             ] GC(33836) Pause Young (Allocation Failure) 334M->253M(336M) 2.195ms
[15470.496s][info][gc,cpu         ] GC(33836) User=0.00s Sys=0.00s Real=0.01s
[15470.988s][info][gc,start       ] GC(33837) Pause Young (Allocation Failure)
[15470.990s][info][gc,heap        ] GC(33837) PSYoungGen: 82528K(84480K)->576K(84480K) Eden: 81920K(81920K)->0K(81920K) From: 608K(2560K)->576K(2560K)
[15470.990s][info][gc,heap        ] GC(33837) ParOldGen: 259017K(260096K)->259065K(260096K)
[15470.990s][info][gc,metaspace   ] GC(33837) Metaspace: 62360K(62592K)->62360K(62592K) NonClass: 53322K(53504K)->53322K(53504K) Class: 9037K(9088K)->9037K(9088K)
[15470.990s][info][gc             ] GC(33837) Pause Young (Allocation Failure) 333M->253M(336M) 2.187ms
[15470.990s][info][gc,cpu         ] GC(33837) User=0.00s Sys=0.00s Real=0.00s
[15471.420s][info][gc,start       ] GC(33838) Pause Young (Allocation Failure)
[15471.423s][info][gc,heap        ] GC(33838) PSYoungGen: 82496K(84480K)->992K(84480K) Eden: 81920K(81920K)->0K(81920K) From: 576K(2560K)->992K(2560K)
[15471.423s][info][gc,heap        ] GC(33838) ParOldGen: 259065K(260096K)->259121K(260096K)
[15471.423s][info][gc,metaspace   ] GC(33838) Metaspace: 62360K(62592K)->62360K(62592K) NonClass: 53322K(53504K)->53322K(53504K) Class: 9037K(9088K)->9037K(9088K)
[15471.423s][info][gc             ] GC(33838) Pause Young (Allocation Failure) 333M->254M(336M) 3.028ms
[15471.423s][info][gc,cpu         ] GC(33838) User=0.01s Sys=0.00s Real=0.00s
[15471.873s][info][gc,start       ] GC(33839) Pause Young (Allocation Failure)
[15471.874s][info][gc,heap        ] GC(33839) PSYoungGen: 82912K(84480K)->352K(84480K) Eden: 81920K(81920K)->0K(81920K) From: 992K(2560K)->352K(2560K)
[15471.874s][info][gc,heap        ] GC(33839) ParOldGen: 259121K(260096K)->259169K(260096K)
[15471.874s][info][gc,metaspace   ] GC(33839) Metaspace: 62360K(62592K)->62360K(62592K) NonClass: 53322K(53504K)->53322K(53504K) Class: 9037K(9088K)->9037K(9088K)
[15471.874s][info][gc             ] GC(33839) Pause Young (Allocation Failure) 334M->253M(336M) 1.849ms
[15471.874s][info][gc,cpu         ] GC(33839) User=0.00s Sys=0.00s Real=0.01s
[15472.360s][info][gc,start       ] GC(33840) Pause Young (Allocation Failure)
[15472.363s][info][gc,heap        ] GC(33840) PSYoungGen: 82272K(84480K)->1568K(84480K) Eden: 81920K(81920K)->0K(81920K) From: 352K(2560K)->1568K(2560K)
[15472.363s][info][gc,heap        ] GC(33840) ParOldGen: 259169K(260096K)->259225K(260096K)
[15472.363s][info][gc,metaspace   ] GC(33840) Metaspace: 62360K(62592K)->62360K(62592K) NonClass: 53322K(53504K)->53322K(53504K) Class: 9037K(9088K)->9037K(9088K)
[15472.363s][info][gc             ] GC(33840) Pause Young (Allocation Failure) 333M->254M(336M) 3.036ms
[15472.363s][info][gc,cpu         ] GC(33840) User=0.01s Sys=0.00s Real=0.00s
[15472.831s][info][gc,start       ] GC(33841) Pause Young (Allocation Failure)
[15472.834s][info][gc,heap        ] GC(33841) PSYoungGen: 83488K(84480K)->1184K(84480K) Eden: 81920K(81920K)->0K(81920K) From: 1568K(2560K)->1184K(2560K)
[15472.834s][info][gc,heap        ] GC(33841) ParOldGen: 259225K(260096K)->259281K(260096K)
[15472.834s][info][gc,metaspace   ] GC(33841) Metaspace: 62360K(62592K)->62360K(62592K) NonClass: 53322K(53504K)->53322K(53504K) Class: 9037K(9088K)->9037K(9088K)
[15472.834s][info][gc             ] GC(33841) Pause Young (Allocation Failure) 334M->254M(336M) 2.686ms
[15472.834s][info][gc,cpu         ] GC(33841) User=0.00s Sys=0.00s Real=0.00s
[15473.331s][info][gc,start       ] GC(33842) Pause Young (Allocation Failure)
[15473.334s][info][gc,heap        ] GC(33842) PSYoungGen: 83104K(84480K)->1232K(84480K) Eden: 81920K(81920K)->0K(81920K) From: 1184K(2560K)->1232K(2560K)
[15473.334s][info][gc,heap        ] GC(33842) ParOldGen: 259281K(260096K)->259329K(260096K)
[15473.334s][info][gc,metaspace   ] GC(33842) Metaspace: 62360K(62592K)->62360K(62592K) NonClass: 53322K(53504K)->53322K(53504K) Class: 9037K(9088K)->9037K(9088K)
[15473.334s][info][gc             ] GC(33842) Pause Young (Allocation Failure) 334M->254M(336M) 2.759ms
[15473.334s][info][gc,cpu         ] GC(33842) User=0.00s Sys=0.00s Real=0.00s
[15473.779s][info][gc,start       ] GC(33843) Pause Young (Allocation Failure)
[15473.781s][info][gc,heap        ] GC(33843) PSYoungGen: 83152K(84480K)->1472K(84480K) Eden: 81920K(81920K)->0K(81920K) From: 1232K(2560K)->1472K(2560K)
[15473.781s][info][gc,heap        ] GC(33843) ParOldGen: 259329K(260096K)->259433K(260096K)
[15473.781s][info][gc,metaspace   ] GC(33843) Metaspace: 62360K(62592K)->62360K(62592K) NonClass: 53322K(53504K)->53322K(53504K) Class: 9037K(9088K)->9037K(9088K)
[15473.781s][info][gc             ] GC(33843) Pause Young (Allocation Failure) 334M->254M(336M) 2.119ms
[15473.781s][info][gc,cpu         ] GC(33843) User=0.00s Sys=0.00s Real=0.00s
[15474.223s][info][gc,start       ] GC(33844) Pause Young (Allocation Failure)
[15474.226s][info][gc,heap        ] GC(33844) PSYoungGen: 83392K(84480K)->1056K(84480K) Eden: 81920K(81920K)->0K(81920K) From: 1472K(2560K)->1056K(2560K)
[15474.226s][info][gc,heap        ] GC(33844) ParOldGen: 259433K(260096K)->260505K(261632K)
[15474.226s][info][gc,metaspace   ] GC(33844) Metaspace: 62360K(62592K)->62360K(62592K) NonClass: 53322K(53504K)->53322K(53504K) Class: 9037K(9088K)->9037K(9088K)
[15474.227s][info][gc             ] GC(33844) Pause Young (Allocation Failure) 334M->255M(338M) 3.040ms
[15474.227s][info][gc,cpu         ] GC(33844) User=0.01s Sys=0.00s Real=0.01s
[15474.679s][info][gc,start       ] GC(33845) Pause Young (Allocation Failure)
[15474.681s][info][gc,heap        ] GC(33845) PSYoungGen: 82976K(84480K)->448K(84480K) Eden: 81920K(81920K)->0K(81920K) From: 1056K(2560K)->448K(2560K)
[15474.681s][info][gc,heap        ] GC(33845) ParOldGen: 260505K(261632K)->260553K(261632K)
[15474.681s][info][gc,metaspace   ] GC(33845) Metaspace: 62360K(62592K)->62360K(62592K) NonClass: 53322K(53504K)->53322K(53504K) Class: 9037K(9088K)->9037K(9088K)
[15474.681s][info][gc             ] GC(33845) Pause Young (Allocation Failure) 335M->254M(338M) 1.910ms
[15474.681s][info][gc,cpu         ] GC(33845) User=0.00s Sys=0.00s Real=0.00s
[15475.133s][info][gc,start       ] GC(33846) Pause Young (Allocation Failure)
[15475.136s][info][gc,heap        ] GC(33846) PSYoungGen: 82368K(84480K)->1152K(84480K) Eden: 81920K(81920K)->0K(81920K) From: 448K(2560K)->1152K(2560K)
[15475.136s][info][gc,heap        ] GC(33846) ParOldGen: 260553K(261632K)->260601K(261632K)
[15475.136s][info][gc,metaspace   ] GC(33846) Metaspace: 62360K(62592K)->62360K(62592K) NonClass: 53322K(53504K)->53322K(53504K) Class: 9037K(9088K)->9037K(9088K)
[15475.136s][info][gc             ] GC(33846) Pause Young (Allocation Failure) 334M->255M(338M) 2.821ms
[15475.136s][info][gc,cpu         ] GC(33846) User=0.00s Sys=0.00s Real=0.01s
[15475.572s][info][gc,start       ] GC(33847) Pause Young (Allocation Failure)
[15475.574s][info][gc,heap        ] GC(33847) PSYoungGen: 83072K(84480K)->320K(84992K) Eden: 81920K(81920K)->0K(82944K) From: 1152K(2560K)->320K(2048K)
[15475.574s][info][gc,heap        ] GC(33847) ParOldGen: 260601K(261632K)->260649K(261632K)
[15475.574s][info][gc,metaspace   ] GC(33847) Metaspace: 62360K(62592K)->62360K(62592K) NonClass: 53322K(53504K)->53322K(53504K) Class: 9037K(9088K)->9037K(9088K)
[15475.574s][info][gc             ] GC(33847) Pause Young (Allocation Failure) 335M->254M(338M) 1.880ms
[15475.574s][info][gc,cpu         ] GC(33847) User=0.01s Sys=0.00s Real=0.00s
[15476.031s][info][gc,start       ] GC(33848) Pause Young (Allocation Failure)
[15476.033s][info][gc,heap        ] GC(33848) PSYoungGen: 83264K(84992K)->1152K(84992K) Eden: 82944K(82944K)->0K(82944K) From: 320K(2048K)->1152K(2048K)
[15476.033s][info][gc,heap        ] GC(33848) ParOldGen: 260649K(261632K)->260697K(261632K)
[15476.033s][info][gc,metaspace   ] GC(33848) Metaspace: 62360K(62592K)->62360K(62592K) NonClass: 53322K(53504K)->53322K(53504K) Class: 9037K(9088K)->9037K(9088K)
[15476.033s][info][gc             ] GC(33848) Pause Young (Allocation Failure) 335M->255M(338M) 2.647ms
[15476.033s][info][gc,cpu         ] GC(33848) User=0.00s Sys=0.00s Real=0.00s
[15476.510s][info][gc,start       ] GC(33849) Pause Young (Allocation Failure)
[15476.512s][info][gc,heap        ] GC(33849) PSYoungGen: 84096K(84992K)->832K(84992K) Eden: 82944K(82944K)->0K(82944K) From: 1152K(2048K)->832K(2048K)
[15476.512s][info][gc,heap        ] GC(33849) ParOldGen: 260697K(261632K)->260745K(261632K)
[15476.512s][info][gc,metaspace   ] GC(33849) Metaspace: 62360K(62592K)->62360K(62592K) NonClass: 53322K(53504K)->53322K(53504K) Class: 9037K(9088K)->9037K(9088K)
[15476.512s][info][gc             ] GC(33849) Pause Young (Allocation Failure) 336M->255M(338M) 2.326ms
[15476.512s][info][gc,cpu         ] GC(33849) User=0.00s Sys=0.00s Real=0.00s
[15477.004s][info][gc,start       ] GC(33850) Pause Young (Allocation Failure)
[15477.006s][info][gc,heap        ] GC(33850) PSYoungGen: 83776K(84992K)->800K(84992K) Eden: 82944K(82944K)->0K(82944K) From: 832K(2048K)->800K(2048K)
[15477.006s][info][gc,heap        ] GC(33850) ParOldGen: 260745K(261632K)->260793K(261632K)
[15477.006s][info][gc,metaspace   ] GC(33850) Metaspace: 62360K(62592K)->62360K(62592K) NonClass: 53322K(53504K)->53322K(53504K) Class: 9037K(9088K)->9037K(9088K)
[15477.006s][info][gc             ] GC(33850) Pause Young (Allocation Failure) 336M->255M(338M) 2.159ms
[15477.006s][info][gc,cpu         ] GC(33850) User=0.01s Sys=0.00s Real=0.00s
[15477.483s][info][gc,start       ] GC(33851) Pause Young (Allocation Failure)
[15477.485s][info][gc,heap        ] GC(33851) PSYoungGen: 83744K(84992K)->480K(84992K) Eden: 82944K(82944K)->0K(82944K) From: 800K(2048K)->480K(2048K)
[15477.485s][info][gc,heap        ] GC(33851) ParOldGen: 260793K(261632K)->260841K(261632K)
[15477.485s][info][gc,metaspace   ] GC(33851) Metaspace: 62360K(62592K)->62360K(62592K) NonClass: 53322K(53504K)->53322K(53504K) Class: 9037K(9088K)->9037K(9088K)
[15477.485s][info][gc             ] GC(33851) Pause Young (Allocation Failure) 336M->255M(338M) 1.961ms
[15477.485s][info][gc,cpu         ] GC(33851) User=0.01s Sys=0.00s Real=0.01s
[15477.959s][info][gc,start       ] GC(33852) Pause Young (Allocation Failure)
[15477.962s][info][gc,heap        ] GC(33852) PSYoungGen: 83424K(84992K)->1600K(84992K) Eden: 82944K(82944K)->0K(82944K) From: 480K(2048K)->1600K(2048K)
[15477.962s][info][gc,heap        ] GC(33852) ParOldGen: 260841K(261632K)->260897K(261632K)
[15477.962s][info][gc,metaspace   ] GC(33852) Metaspace: 62360K(62592K)->62360K(62592K) NonClass: 53322K(53504K)->53322K(53504K) Class: 9037K(9088K)->9037K(9088K)
[15477.962s][info][gc             ] GC(33852) Pause Young (Allocation Failure) 336M->256M(338M) 3.016ms
[15477.963s][info][gc,cpu         ] GC(33852) User=0.00s Sys=0.00s Real=0.00s
[15478.420s][info][gc,start       ] GC(33853) Pause Young (Allocation Failure)
[15478.423s][info][gc,heap        ] GC(33853) PSYoungGen: 84544K(84992K)->960K(84992K) Eden: 82944K(82944K)->0K(82944K) From: 1600K(2048K)->960K(2048K)
[15478.423s][info][gc,heap        ] GC(33853) ParOldGen: 260897K(261632K)->260945K(261632K)
[15478.423s][info][gc,metaspace   ] GC(33853) Metaspace: 62360K(62592K)->62360K(62592K) NonClass: 53322K(53504K)->53322K(53504K) Class: 9037K(9088K)->9037K(9088K)
[15478.423s][info][gc             ] GC(33853) Pause Young (Allocation Failure) 337M->255M(338M) 2.606ms
[15478.423s][info][gc,cpu         ] GC(33853) User=0.01s Sys=0.00s Real=0.00s
[15478.904s][info][gc,start       ] GC(33854) Pause Young (Allocation Failure)
[15478.906s][info][gc,heap        ] GC(33854) PSYoungGen: 83904K(84992K)->1824K(84992K) Eden: 82944K(82944K)->0K(82944K) From: 960K(2048K)->1824K(2048K)
[15478.906s][info][gc,heap        ] GC(33854) ParOldGen: 260945K(261632K)->261001K(261632K)
[15478.906s][info][gc,metaspace   ] GC(33854) Metaspace: 62360K(62592K)->62360K(62592K) NonClass: 53322K(53504K)->53322K(53504K) Class: 9037K(9088K)->9037K(9088K)
[15478.906s][info][gc             ] GC(33854) Pause Young (Allocation Failure) 336M->256M(338M) 2.384ms
[15478.906s][info][gc,cpu         ] GC(33854) User=0.00s Sys=0.00s Real=0.01s
[15479.351s][info][gc,start       ] GC(33855) Pause Young (Allocation Failure)
[15479.355s][info][gc,heap        ] GC(33855) PSYoungGen: 84768K(84992K)->1504K(83968K) Eden: 82944K(82944K)->0K(81920K) From: 1824K(2048K)->1504K(2048K)
[15479.355s][info][gc,heap        ] GC(33855) ParOldGen: 261001K(261632K)->262081K(263168K)
[15479.355s][info][gc,metaspace   ] GC(33855) Metaspace: 62360K(62592K)->62360K(62592K) NonClass: 53322K(53504K)->53322K(53504K) Class: 9037K(9088K)->9037K(9088K)
[15479.355s][info][gc             ] GC(33855) Pause Young (Allocation Failure) 337M->257M(339M) 3.473ms
[15479.355s][info][gc,cpu         ] GC(33855) User=0.01s Sys=0.00s Real=0.01s
[15479.788s][info][gc,start       ] GC(33856) Pause Young (Allocation Failure)
[15479.790s][info][gc,heap        ] GC(33856) PSYoungGen: 83424K(83968K)->544K(84480K) Eden: 81920K(81920K)->0K(81920K) From: 1504K(2048K)->544K(2560K)
[15479.790s][info][gc,heap        ] GC(33856) ParOldGen: 262081K(263168K)->262137K(263168K)
[15479.791s][info][gc,metaspace   ] GC(33856) Metaspace: 62360K(62592K)->62360K(62592K) NonClass: 53322K(53504K)->53322K(53504K) Class: 9037K(9088K)->9037K(9088K)
[15479.791s][info][gc             ] GC(33856) Pause Young (Allocation Failure) 337M->256M(339M) 2.048ms
[15479.791s][info][gc,cpu         ] GC(33856) User=0.01s Sys=0.00s Real=0.00s
[15480.258s][info][gc,start       ] GC(33857) Pause Young (Allocation Failure)
[15480.261s][info][gc,heap        ] GC(33857) PSYoungGen: 82464K(84480K)->1504K(84480K) Eden: 81920K(81920K)->0K(81920K) From: 544K(2560K)->1504K(2560K)
[15480.261s][info][gc,heap        ] GC(33857) ParOldGen: 262137K(263168K)->262193K(263168K)
[15480.261s][info][gc,metaspace   ] GC(33857) Metaspace: 62360K(62592K)->62360K(62592K) NonClass: 53322K(53504K)->53322K(53504K) Class: 9037K(9088K)->9037K(9088K)
[15480.261s][info][gc             ] GC(33857) Pause Young (Allocation Failure) 336M->257M(339M) 3.019ms
[15480.261s][info][gc,cpu         ] GC(33857) User=0.01s Sys=0.00s Real=0.00s
[15480.755s][info][gc,start       ] GC(33858) Pause Young (Allocation Failure)
[15480.757s][info][gc,heap        ] GC(33858) PSYoungGen: 83424K(84480K)->880K(84480K) Eden: 81920K(81920K)->0K(81920K) From: 1504K(2560K)->880K(2560K)
[15480.758s][info][gc,heap        ] GC(33858) ParOldGen: 262193K(263168K)->262241K(263168K)
[15480.758s][info][gc,metaspace   ] GC(33858) Metaspace: 62360K(62592K)->62360K(62592K) NonClass: 53322K(53504K)->53322K(53504K) Class: 9037K(9088K)->9037K(9088K)
[15480.758s][info][gc             ] GC(33858) Pause Young (Allocation Failure) 337M->256M(339M) 2.343ms
[15480.758s][info][gc,cpu         ] GC(33858) User=0.01s Sys=0.00s Real=0.00s
[15481.215s][info][gc,start       ] GC(33859) Pause Young (Allocation Failure)
[15481.218s][info][gc,heap        ] GC(33859) PSYoungGen: 82800K(84480K)->928K(84480K) Eden: 81920K(81920K)->0K(81920K) From: 880K(2560K)->928K(2560K)
[15481.218s][info][gc,heap        ] GC(33859) ParOldGen: 262241K(263168K)->262337K(263168K)
[15481.218s][info][gc,metaspace   ] GC(33859) Metaspace: 62360K(62592K)->62360K(62592K) NonClass: 53322K(53504K)->53322K(53504K) Class: 9037K(9088K)->9037K(9088K)
[15481.218s][info][gc             ] GC(33859) Pause Young (Allocation Failure) 336M->257M(339M) 2.454ms
[15481.218s][info][gc,cpu         ] GC(33859) User=0.00s Sys=0.00s Real=0.00s
[15481.690s][info][gc,start       ] GC(33860) Pause Young (Allocation Failure)
[15481.692s][info][gc,heap        ] GC(33860) PSYoungGen: 82848K(84480K)->576K(84480K) Eden: 81920K(81920K)->0K(81920K) From: 928K(2560K)->576K(2560K)
[15481.692s][info][gc,heap        ] GC(33860) ParOldGen: 262337K(263168K)->262393K(263168K)
[15481.692s][info][gc,metaspace   ] GC(33860) Metaspace: 62360K(62592K)->62360K(62592K) NonClass: 53322K(53504K)->53322K(53504K) Class: 9037K(9088K)->9037K(9088K)
[15481.692s][info][gc             ] GC(33860) Pause Young (Allocation Failure) 337M->256M(339M) 2.025ms
[15481.692s][info][gc,cpu         ] GC(33860) User=0.00s Sys=0.00s Real=0.00s
[15482.140s][info][gc,start       ] GC(33861) Pause Young (Allocation Failure)
[15482.143s][info][gc,heap        ] GC(33861) PSYoungGen: 82496K(84480K)->1312K(84480K) Eden: 81920K(81920K)->0K(81920K) From: 576K(2560K)->1312K(2560K)
[15482.143s][info][gc,heap        ] GC(33861) ParOldGen: 262393K(263168K)->262441K(263168K)
[15482.143s][info][gc,metaspace   ] GC(33861) Metaspace: 62360K(62592K)->62360K(62592K) NonClass: 53322K(53504K)->53322K(53504K) Class: 9037K(9088K)->9037K(9088K)
[15482.143s][info][gc             ] GC(33861) Pause Young (Allocation Failure) 336M->257M(339M) 2.737ms
[15482.143s][info][gc,cpu         ] GC(33861) User=0.00s Sys=0.00s Real=0.00s
[15482.608s][info][gc,start       ] GC(33862) Pause Young (Allocation Failure)
[15482.610s][info][gc,heap        ] GC(33862) PSYoungGen: 83232K(84480K)->832K(84480K) Eden: 81920K(81920K)->0K(81920K) From: 1312K(2560K)->832K(2560K)
[15482.610s][info][gc,heap        ] GC(33862) ParOldGen: 262441K(263168K)->262489K(263168K)
[15482.611s][info][gc,metaspace   ] GC(33862) Metaspace: 62360K(62592K)->62360K(62592K) NonClass: 53322K(53504K)->53322K(53504K) Class: 9037K(9088K)->9037K(9088K)
[15482.611s][info][gc             ] GC(33862) Pause Young (Allocation Failure) 337M->257M(339M) 2.311ms
[15482.611s][info][gc,cpu         ] GC(33862) User=0.01s Sys=0.00s Real=0.00s
[15483.079s][info][gc,start       ] GC(33863) Pause Young (Allocation Failure)
[15483.081s][info][gc,heap        ] GC(33863) PSYoungGen: 82752K(84480K)->448K(84992K) Eden: 81920K(81920K)->0K(82944K) From: 832K(2560K)->448K(2048K)
[15483.081s][info][gc,heap        ] GC(33863) ParOldGen: 262489K(263168K)->262545K(263168K)
[15483.081s][info][gc,metaspace   ] GC(33863) Metaspace: 62360K(62592K)->62360K(62592K) NonClass: 53322K(53504K)->53322K(53504K) Class: 9037K(9088K)->9037K(9088K)
[15483.081s][info][gc             ] GC(33863) Pause Young (Allocation Failure) 337M->256M(340M) 1.871ms
[15483.081s][info][gc,cpu         ] GC(33863) User=0.01s Sys=0.00s Real=0.00s
[15483.552s][info][gc,start       ] GC(33864) Pause Young (Allocation Failure)
[15483.556s][info][gc,heap        ] GC(33864) PSYoungGen: 83392K(84992K)->2016K(84992K) Eden: 82944K(82944K)->0K(82944K) From: 448K(2048K)->2016K(2048K)
[15483.556s][info][gc,heap        ] GC(33864) ParOldGen: 262545K(263168K)->263057K(263168K)
[15483.556s][info][gc,metaspace   ] GC(33864) Metaspace: 62360K(62592K)->62360K(62592K) NonClass: 53322K(53504K)->53322K(53504K) Class: 9037K(9088K)->9037K(9088K)
[15483.556s][info][gc             ] GC(33864) Pause Young (Allocation Failure) 337M->258M(340M) 3.307ms
[15483.556s][info][gc,cpu         ] GC(33864) User=0.01s Sys=0.00s Real=0.01s
[15484.015s][info][gc,start       ] GC(33865) Pause Young (Allocation Failure)
[15484.018s][info][gc,heap        ] GC(33865) PSYoungGen: 84960K(84992K)->960K(83968K) Eden: 82944K(82944K)->0K(81920K) From: 2016K(2048K)->960K(2048K)
[15484.018s][info][gc,heap        ] GC(33865) ParOldGen: 263057K(263168K)->264121K(264704K)
[15484.018s][info][gc,metaspace   ] GC(33865) Metaspace: 62360K(62592K)->62360K(62592K) NonClass: 53322K(53504K)->53322K(53504K) Class: 9037K(9088K)->9037K(9088K)
[15484.018s][info][gc             ] GC(33865) Pause Young (Allocation Failure) 339M->258M(340M) 2.988ms
[15484.018s][info][gc,cpu         ] GC(33865) User=0.00s Sys=0.00s Real=0.00s
[15484.480s][info][gc,start       ] GC(33866) Pause Young (Allocation Failure)
[15484.482s][info][gc,heap        ] GC(33866) PSYoungGen: 82880K(83968K)->480K(84480K) Eden: 81920K(81920K)->0K(81920K) From: 960K(2048K)->480K(2560K)
[15484.482s][info][gc,heap        ] GC(33866) ParOldGen: 264121K(264704K)->264177K(264704K)
[15484.482s][info][gc,metaspace   ] GC(33866) Metaspace: 62360K(62592K)->62360K(62592K) NonClass: 53322K(53504K)->53322K(53504K) Class: 9037K(9088K)->9037K(9088K)
[15484.482s][info][gc             ] GC(33866) Pause Young (Allocation Failure) 338M->258M(341M) 1.968ms
[15484.482s][info][gc,cpu         ] GC(33866) User=0.00s Sys=0.00s Real=0.00s
[15484.928s][info][gc,start       ] GC(33867) Pause Young (Allocation Failure)
[15484.930s][info][gc,heap        ] GC(33867) PSYoungGen: 82400K(84480K)->1184K(84480K) Eden: 81920K(81920K)->0K(81920K) From: 480K(2560K)->1184K(2560K)
[15484.930s][info][gc,heap        ] GC(33867) ParOldGen: 264177K(264704K)->264225K(264704K)
[15484.930s][info][gc,metaspace   ] GC(33867) Metaspace: 62360K(62592K)->62360K(62592K) NonClass: 53322K(53504K)->53322K(53504K) Class: 9037K(9088K)->9037K(9088K)
[15484.930s][info][gc             ] GC(33867) Pause Young (Allocation Failure) 338M->259M(341M) 2.694ms
[15484.930s][info][gc,cpu         ] GC(33867) User=0.00s Sys=0.00s Real=0.00s
[15485.390s][info][gc,start       ] GC(33868) Pause Young (Allocation Failure)
[15485.392s][info][gc,heap        ] GC(33868) PSYoungGen: 83104K(84480K)->576K(84480K) Eden: 81920K(81920K)->0K(81920K) From: 1184K(2560K)->576K(2560K)
[15485.392s][info][gc,heap        ] GC(33868) ParOldGen: 264225K(264704K)->264273K(264704K)
[15485.392s][info][gc,metaspace   ] GC(33868) Metaspace: 62360K(62592K)->62360K(62592K) NonClass: 53322K(53504K)->53322K(53504K) Class: 9037K(9088K)->9037K(9088K)
[15485.392s][info][gc             ] GC(33868) Pause Young (Allocation Failure) 339M->258M(341M) 2.052ms
[15485.392s][info][gc,cpu         ] GC(33868) User=0.01s Sys=0.00s Real=0.00s
[15485.857s][info][gc,start       ] GC(33869) Pause Young (Allocation Failure)
[15485.859s][info][gc,heap        ] GC(33869) PSYoungGen: 82496K(84480K)->1440K(84480K) Eden: 81920K(81920K)->0K(81920K) From: 576K(2560K)->1440K(2560K)
[15485.859s][info][gc,heap        ] GC(33869) ParOldGen: 264273K(264704K)->264329K(264704K)
[15485.859s][info][gc,metaspace   ] GC(33869) Metaspace: 62360K(62592K)->62360K(62592K) NonClass: 53322K(53504K)->53322K(53504K) Class: 9037K(9088K)->9037K(9088K)
[15485.859s][info][gc             ] GC(33869) Pause Young (Allocation Failure) 338M->259M(341M) 2.886ms
[15485.859s][info][gc,cpu         ] GC(33869) User=0.01s Sys=0.00s Real=0.00s
[15486.341s][info][gc,start       ] GC(33870) Pause Young (Allocation Failure)
[15486.344s][info][gc,heap        ] GC(33870) PSYoungGen: 83360K(84480K)->1312K(84480K) Eden: 81920K(81920K)->0K(81920K) From: 1440K(2560K)->1312K(2560K)
[15486.344s][info][gc,heap        ] GC(33870) ParOldGen: 264329K(264704K)->264377K(264704K)
[15486.344s][info][gc,metaspace   ] GC(33870) Metaspace: 62360K(62592K)->62360K(62592K) NonClass: 53322K(53504K)->53322K(53504K) Class: 9037K(9088K)->9037K(9088K)
[15486.344s][info][gc             ] GC(33870) Pause Young (Allocation Failure) 339M->259M(341M) 2.724ms
[15486.344s][info][gc,cpu         ] GC(33870) User=0.00s Sys=0.00s Real=0.00s
[15486.794s][info][gc,start       ] GC(33871) Pause Young (Allocation Failure)
[15486.796s][info][gc,heap        ] GC(33871) PSYoungGen: 83232K(84480K)->640K(84480K) Eden: 81920K(81920K)->0K(81920K) From: 1312K(2560K)->640K(2560K)
[15486.796s][info][gc,heap        ] GC(33871) ParOldGen: 264377K(264704K)->264425K(264704K)
[15486.796s][info][gc,metaspace   ] GC(33871) Metaspace: 62360K(62592K)->62360K(62592K) NonClass: 53322K(53504K)->53322K(53504K) Class: 9037K(9088K)->9037K(9088K)
[15486.796s][info][gc             ] GC(33871) Pause Young (Allocation Failure) 339M->258M(341M) 2.100ms
[15486.796s][info][gc,cpu         ] GC(33871) User=0.00s Sys=0.00s Real=0.01s
[15487.260s][info][gc,start       ] GC(33872) Pause Young (Allocation Failure)
[15487.263s][info][gc,heap        ] GC(33872) PSYoungGen: 82560K(84480K)->1440K(84480K) Eden: 81920K(81920K)->0K(81920K) From: 640K(2560K)->1440K(2560K)
[15487.263s][info][gc,heap        ] GC(33872) ParOldGen: 264425K(264704K)->264473K(264704K)
[15487.263s][info][gc,metaspace   ] GC(33872) Metaspace: 62360K(62592K)->62360K(62592K) NonClass: 53322K(53504K)->53322K(53504K) Class: 9037K(9088K)->9037K(9088K)
[15487.263s][info][gc             ] GC(33872) Pause Young (Allocation Failure) 338M->259M(341M) 2.933ms
[15487.263s][info][gc,cpu         ] GC(33872) User=0.01s Sys=0.01s Real=0.00s
[15487.729s][info][gc,start       ] GC(33873) Pause Young (Allocation Failure)
[15487.731s][info][gc,heap        ] GC(33873) PSYoungGen: 83360K(84480K)->1088K(84480K) Eden: 81920K(81920K)->0K(81920K) From: 1440K(2560K)->1088K(2560K)
[15487.731s][info][gc,heap        ] GC(33873) ParOldGen: 264473K(264704K)->264529K(264704K)
[15487.731s][info][gc,metaspace   ] GC(33873) Metaspace: 62360K(62592K)->62360K(62592K) NonClass: 53322K(53504K)->53322K(53504K) Class: 9037K(9088K)->9037K(9088K)
[15487.732s][info][gc             ] GC(33873) Pause Young (Allocation Failure) 339M->259M(341M) 2.811ms
[15487.732s][info][gc,cpu         ] GC(33873) User=0.00s Sys=0.00s Real=0.00s
[15488.119s][info][gc,start       ] GC(33874) Pause Young (Allocation Failure)
[15488.122s][info][gc,heap        ] GC(33874) PSYoungGen: 83008K(84480K)->1088K(84480K) Eden: 81920K(81920K)->0K(81920K) From: 1088K(2560K)->1088K(2560K)
[15488.122s][info][gc,heap        ] GC(33874) ParOldGen: 264529K(264704K)->264577K(264704K)
[15488.122s][info][gc,metaspace   ] GC(33874) Metaspace: 62360K(62592K)->62360K(62592K) NonClass: 53322K(53504K)->53322K(53504K) Class: 9037K(9088K)->9037K(9088K)
[15488.122s][info][gc             ] GC(33874) Pause Young (Allocation Failure) 339M->259M(341M) 2.661ms
[15488.122s][info][gc,cpu         ] GC(33874) User=0.00s Sys=0.00s Real=0.00s
[15488.713s][info][gc,start       ] GC(33875) Pause Young (Allocation Failure)
[15488.716s][info][gc,heap        ] GC(33875) PSYoungGen: 83008K(84480K)->1936K(83968K) Eden: 81920K(81920K)->0K(81920K) From: 1088K(2560K)->1936K(2048K)
[15488.716s][info][gc,heap        ] GC(33875) ParOldGen: 264577K(264704K)->264633K(264704K)
[15488.716s][info][gc,metaspace   ] GC(33875) Metaspace: 62360K(62592K)->62360K(62592K) NonClass: 53322K(53504K)->53322K(53504K) Class: 9037K(9088K)->9037K(9088K)
[15488.716s][info][gc             ] GC(33875) Pause Young (Allocation Failure) 339M->260M(340M) 2.755ms
[15488.716s][info][gc,cpu         ] GC(33875) User=0.00s Sys=0.00s Real=0.01s
[15489.185s][info][gc,start       ] GC(33876) Pause Young (Allocation Failure)
[15489.188s][info][gc,heap        ] GC(33876) PSYoungGen: 83856K(83968K)->512K(84480K) Eden: 81920K(81920K)->0K(81920K) From: 1936K(2048K)->512K(2560K)
[15489.188s][info][gc,heap        ] GC(33876) ParOldGen: 264633K(264704K)->266785K(267776K)
[15489.188s][info][gc,metaspace   ] GC(33876) Metaspace: 62360K(62592K)->62360K(62592K) NonClass: 53322K(53504K)->53322K(53504K) Class: 9037K(9088K)->9037K(9088K)
[15489.188s][info][gc             ] GC(33876) Pause Young (Allocation Failure) 340M->261M(344M) 3.268ms
[15489.188s][info][gc,cpu         ] GC(33876) User=0.00s Sys=0.00s Real=0.00s
[15489.687s][info][gc,start       ] GC(33877) Pause Young (Allocation Failure)
[15489.689s][info][gc,heap        ] GC(33877) PSYoungGen: 82432K(84480K)->544K(84480K) Eden: 81920K(81920K)->0K(81920K) From: 512K(2560K)->544K(2560K)
[15489.690s][info][gc,heap        ] GC(33877) ParOldGen: 266785K(267776K)->266833K(267776K)
[15489.690s][info][gc,metaspace   ] GC(33877) Metaspace: 62360K(62592K)->62360K(62592K) NonClass: 53322K(53504K)->53322K(53504K) Class: 9037K(9088K)->9037K(9088K)
[15489.690s][info][gc             ] GC(33877) Pause Young (Allocation Failure) 341M->261M(344M) 2.106ms
[15489.690s][info][gc,cpu         ] GC(33877) User=0.01s Sys=0.00s Real=0.00s
[15490.130s][info][gc,start       ] GC(33878) Pause Young (Allocation Failure)
[15490.132s][info][gc,heap        ] GC(33878) PSYoungGen: 82464K(84480K)->1184K(84480K) Eden: 81920K(81920K)->0K(81920K) From: 544K(2560K)->1184K(2560K)
[15490.132s][info][gc,heap        ] GC(33878) ParOldGen: 266833K(267776K)->266889K(267776K)
[15490.132s][info][gc,metaspace   ] GC(33878) Metaspace: 62360K(62592K)->62360K(62592K) NonClass: 53322K(53504K)->53322K(53504K) Class: 9037K(9088K)->9037K(9088K)
[15490.132s][info][gc             ] GC(33878) Pause Young (Allocation Failure) 341M->261M(344M) 2.810ms
[15490.132s][info][gc,cpu         ] GC(33878) User=0.01s Sys=0.00s Real=0.00s
[15490.557s][info][gc,start       ] GC(33879) Pause Young (Allocation Failure)
[15490.560s][info][gc,heap        ] GC(33879) PSYoungGen: 83104K(84480K)->1824K(84480K) Eden: 81920K(81920K)->0K(81920K) From: 1184K(2560K)->1824K(2560K)
[15490.560s][info][gc,heap        ] GC(33879) ParOldGen: 266889K(267776K)->266937K(267776K)
[15490.560s][info][gc,metaspace   ] GC(33879) Metaspace: 62360K(62592K)->62360K(62592K) NonClass: 53322K(53504K)->53322K(53504K) Class: 9037K(9088K)->9037K(9088K)
[15490.560s][info][gc             ] GC(33879) Pause Young (Allocation Failure) 341M->262M(344M) 3.340ms
[15490.560s][info][gc,cpu         ] GC(33879) User=0.01s Sys=0.00s Real=0.00s
[15490.976s][info][gc,start       ] GC(33880) Pause Young (Allocation Failure)
[15490.978s][info][gc,heap        ] GC(33880) PSYoungGen: 83744K(84480K)->416K(84480K) Eden: 81920K(81920K)->0K(81920K) From: 1824K(2560K)->416K(2560K)
[15490.978s][info][gc,heap        ] GC(33880) ParOldGen: 266937K(267776K)->266985K(267776K)
[15490.978s][info][gc,metaspace   ] GC(33880) Metaspace: 62360K(62592K)->62360K(62592K) NonClass: 53322K(53504K)->53322K(53504K) Class: 9037K(9088K)->9037K(9088K)
[15490.978s][info][gc             ] GC(33880) Pause Young (Allocation Failure) 342M->261M(344M) 2.140ms
[15490.978s][info][gc,cpu         ] GC(33880) User=0.00s Sys=0.00s Real=0.00s
[15491.459s][info][gc,start       ] GC(33881) Pause Young (Allocation Failure)
[15491.462s][info][gc,heap        ] GC(33881) PSYoungGen: 82336K(84480K)->1600K(84480K) Eden: 81920K(81920K)->0K(81920K) From: 416K(2560K)->1600K(2560K)
[15491.462s][info][gc,heap        ] GC(33881) ParOldGen: 266985K(267776K)->267033K(267776K)
[15491.462s][info][gc,metaspace   ] GC(33881) Metaspace: 62360K(62592K)->62360K(62592K) NonClass: 53322K(53504K)->53322K(53504K) Class: 9037K(9088K)->9037K(9088K)
[15491.462s][info][gc             ] GC(33881) Pause Young (Allocation Failure) 341M->262M(344M) 3.071ms
[15491.462s][info][gc,cpu         ] GC(33881) User=0.00s Sys=0.00s Real=0.00s
[15491.937s][info][gc,start       ] GC(33882) Pause Young (Allocation Failure)
[15491.939s][info][gc,heap        ] GC(33882) PSYoungGen: 83520K(84480K)->1152K(84480K) Eden: 81920K(81920K)->0K(81920K) From: 1600K(2560K)->1152K(2560K)
[15491.939s][info][gc,heap        ] GC(33882) ParOldGen: 267033K(267776K)->267089K(267776K)
[15491.939s][info][gc,metaspace   ] GC(33882) Metaspace: 62360K(62592K)->62360K(62592K) NonClass: 53322K(53504K)->53322K(53504K) Class: 9037K(9088K)->9037K(9088K)
[15491.939s][info][gc             ] GC(33882) Pause Young (Allocation Failure) 342M->261M(344M) 2.768ms
[15491.939s][info][gc,cpu         ] GC(33882) User=0.01s Sys=0.00s Real=0.00s
[15492.433s][info][gc,start       ] GC(33883) Pause Young (Allocation Failure)
[15492.436s][info][gc,heap        ] GC(33883) PSYoungGen: 83072K(84480K)->1184K(84480K) Eden: 81920K(81920K)->0K(81920K) From: 1152K(2560K)->1184K(2560K)
[15492.436s][info][gc,heap        ] GC(33883) ParOldGen: 267089K(267776K)->267137K(267776K)
[15492.436s][info][gc,metaspace   ] GC(33883) Metaspace: 62360K(62592K)->62360K(62592K) NonClass: 53322K(53504K)->53322K(53504K) Class: 9037K(9088K)->9037K(9088K)
[15492.436s][info][gc             ] GC(33883) Pause Young (Allocation Failure) 341M->262M(344M) 2.554ms
[15492.436s][info][gc,cpu         ] GC(33883) User=0.00s Sys=0.00s Real=0.01s
[15492.875s][info][gc,start       ] GC(33884) Pause Young (Allocation Failure)
[15492.877s][info][gc,heap        ] GC(33884) PSYoungGen: 83104K(84480K)->384K(84480K) Eden: 81920K(81920K)->0K(81920K) From: 1184K(2560K)->384K(2560K)
[15492.877s][info][gc,heap        ] GC(33884) ParOldGen: 267137K(267776K)->267185K(267776K)
[15492.877s][info][gc,metaspace   ] GC(33884) Metaspace: 62360K(62592K)->62360K(62592K) NonClass: 53322K(53504K)->53322K(53504K) Class: 9037K(9088K)->9037K(9088K)
[15492.877s][info][gc             ] GC(33884) Pause Young (Allocation Failure) 342M->261M(344M) 1.841ms
[15492.877s][info][gc,cpu         ] GC(33884) User=0.01s Sys=0.00s Real=0.00s
[15493.366s][info][gc,start       ] GC(33885) Pause Young (Allocation Failure)
[15493.368s][info][gc,heap        ] GC(33885) PSYoungGen: 82304K(84480K)->2272K(84480K) Eden: 81920K(81920K)->0K(81920K) From: 384K(2560K)->2272K(2560K)
[15493.368s][info][gc,heap        ] GC(33885) ParOldGen: 267185K(267776K)->267233K(267776K)
[15493.368s][info][gc,metaspace   ] GC(33885) Metaspace: 62360K(62592K)->62360K(62592K) NonClass: 53322K(53504K)->53322K(53504K) Class: 9037K(9088K)->9037K(9088K)
[15493.368s][info][gc             ] GC(33885) Pause Young (Allocation Failure) 341M->263M(344M) 2.122ms
[15493.368s][info][gc,cpu         ] GC(33885) User=0.00s Sys=0.00s Real=0.00s
[15494.052s][info][gc,start       ] GC(33886) Pause Young (Allocation Failure)
[15494.054s][info][gc,heap        ] GC(33886) PSYoungGen: 84192K(84480K)->832K(84480K) Eden: 81920K(81920K)->0K(81920K) From: 2272K(2560K)->832K(2560K)
[15494.055s][info][gc,heap        ] GC(33886) ParOldGen: 267233K(267776K)->268329K(269312K)
[15494.055s][info][gc,metaspace   ] GC(33886) Metaspace: 62360K(62592K)->62360K(62592K) NonClass: 53322K(53504K)->53322K(53504K) Class: 9037K(9088K)->9037K(9088K)
[15494.055s][info][gc             ] GC(33886) Pause Young (Allocation Failure) 343M->262M(345M) 3.065ms
[15494.055s][info][gc,cpu         ] GC(33886) User=0.00s Sys=0.00s Real=0.01s
[15496.954s][info][gc,start       ] GC(33887) Pause Young (Allocation Failure)
[15496.965s][info][gc,heap        ] GC(33887) PSYoungGen: 82752K(84480K)->2216K(83456K) Eden: 81920K(81920K)->0K(80896K) From: 832K(2560K)->2216K(2560K)
[15496.965s][info][gc,heap        ] GC(33887) ParOldGen: 268329K(269312K)->278617K(279552K)
[15496.965s][info][gc,metaspace   ] GC(33887) Metaspace: 62413K(62656K)->62413K(62656K) NonClass: 53375K(53568K)->53375K(53568K) Class: 9037K(9088K)->9037K(9088K)
[15496.965s][info][gc             ] GC(33887) Pause Young (Allocation Failure) 342M->274M(354M) 11.370ms
[15496.965s][info][gc,cpu         ] GC(33887) User=0.01s Sys=0.00s Real=0.02s
[15497.480s][info][gc,start       ] GC(33888) Pause Young (Allocation Failure)
[15497.483s][info][gc,heap        ] GC(33888) PSYoungGen: 83112K(83456K)->592K(83968K) Eden: 80896K(80896K)->0K(80896K) From: 2216K(2560K)->592K(3072K)
[15497.483s][info][gc,heap        ] GC(33888) ParOldGen: 278617K(279552K)->280001K(280064K)
[15497.483s][info][gc,metaspace   ] GC(33888) Metaspace: 62415K(62656K)->62415K(62656K) NonClass: 53377K(53568K)->53377K(53568K) Class: 9037K(9088K)->9037K(9088K)
[15497.483s][info][gc             ] GC(33888) Pause Young (Allocation Failure) 353M->274M(355M) 3.706ms
[15497.483s][info][gc,cpu         ] GC(33888) User=0.01s Sys=0.01s Real=0.00s
[15497.984s][info][gc,start       ] GC(33889) Pause Young (Allocation Failure)
[15497.987s][info][gc,heap        ] GC(33889) PSYoungGen: 81488K(83968K)->608K(83968K) Eden: 80896K(80896K)->0K(80896K) From: 592K(3072K)->608K(3072K)
[15497.987s][info][gc,heap        ] GC(33889) ParOldGen: 280001K(280064K)->280337K(280576K)
[15497.987s][info][gc,metaspace   ] GC(33889) Metaspace: 62415K(62656K)->62415K(62656K) NonClass: 53378K(53568K)->53378K(53568K) Class: 9037K(9088K)->9037K(9088K)
[15497.987s][info][gc             ] GC(33889) Pause Young (Allocation Failure) 353M->274M(356M) 2.912ms
[15497.987s][info][gc,cpu         ] GC(33889) User=0.00s Sys=0.00s Real=0.01s
[15498.458s][info][gc,start       ] GC(33890) Pause Young (Allocation Failure)
[15498.477s][info][gc,heap        ] GC(33890) PSYoungGen: 81504K(83968K)->1312K(83968K) Eden: 80896K(80896K)->0K(80896K) From: 608K(3072K)->1312K(3072K)
[15498.477s][info][gc,heap        ] GC(33890) ParOldGen: 280337K(280576K)->280617K(281088K)
[15498.477s][info][gc,metaspace   ] GC(33890) Metaspace: 62415K(62656K)->62415K(62656K) NonClass: 53378K(53568K)->53378K(53568K) Class: 9037K(9088K)->9037K(9088K)
[15498.477s][info][gc             ] GC(33890) Pause Young (Allocation Failure) 353M->275M(356M) 19.627ms
[15498.477s][info][gc,cpu         ] GC(33890) User=0.02s Sys=0.01s Real=0.02s
[15498.972s][info][gc,start       ] GC(33891) Pause Young (Allocation Failure)
[15498.975s][info][gc,heap        ] GC(33891) PSYoungGen: 82208K(83968K)->528K(99328K) Eden: 80896K(80896K)->0K(97280K) From: 1312K(3072K)->528K(2048K)
[15498.975s][info][gc,heap        ] GC(33891) ParOldGen: 280617K(281088K)->280881K(281088K)
[15498.975s][info][gc,metaspace   ] GC(33891) Metaspace: 62415K(62656K)->62415K(62656K) NonClass: 53378K(53568K)->53378K(53568K) Class: 9037K(9088K)->9037K(9088K)
[15498.975s][info][gc             ] GC(33891) Pause Young (Allocation Failure) 354M->274M(371M) 3.071ms
[15498.975s][info][gc,cpu         ] GC(33891) User=0.01s Sys=0.00s Real=0.01s
[15499.588s][info][gc,start       ] GC(33892) Pause Young (Allocation Failure)
[15499.592s][info][gc,heap        ] GC(33892) PSYoungGen: 97808K(99328K)->608K(99840K) Eden: 97280K(97280K)->0K(97280K) From: 528K(2048K)->608K(2560K)
[15499.592s][info][gc,heap        ] GC(33892) ParOldGen: 280881K(281088K)->281209K(281600K)
[15499.592s][info][gc,metaspace   ] GC(33892) Metaspace: 62415K(62656K)->62415K(62656K) NonClass: 53378K(53568K)->53378K(53568K) Class: 9037K(9088K)->9037K(9088K)
[15499.592s][info][gc             ] GC(33892) Pause Young (Allocation Failure) 369M->275M(372M) 3.419ms
[15499.592s][info][gc,cpu         ] GC(33892) User=0.01s Sys=0.00s Real=0.00s
[15500.222s][info][gc,start       ] GC(33893) Pause Young (Allocation Failure)
[15500.226s][info][gc,heap        ] GC(33893) PSYoungGen: 97888K(99840K)->1024K(95744K) Eden: 97280K(97280K)->0K(94208K) From: 608K(2560K)->1024K(1536K)
[15500.226s][info][gc,heap        ] GC(33893) ParOldGen: 281209K(281600K)->281449K(281600K)
[15500.226s][info][gc,metaspace   ] GC(33893) Metaspace: 62415K(62656K)->62415K(62656K) NonClass: 53378K(53568K)->53378K(53568K) Class: 9037K(9088K)->9037K(9088K)
[15500.226s][info][gc             ] GC(33893) Pause Young (Allocation Failure) 370M->275M(368M) 4.181ms
[15500.226s][info][gc,cpu         ] GC(33893) User=0.01s Sys=0.00s Real=0.01s
[15500.843s][info][gc,start       ] GC(33894) Pause Young (Allocation Failure)
[15500.847s][info][gc,heap        ] GC(33894) PSYoungGen: 95232K(95744K)->1152K(93184K) Eden: 94208K(94208K)->0K(91648K) From: 1024K(1536K)->1152K(1536K)
[15500.847s][info][gc,heap        ] GC(33894) ParOldGen: 281449K(281600K)->281801K(282112K)
[15500.847s][info][gc,metaspace   ] GC(33894) Metaspace: 62415K(62656K)->62415K(62656K) NonClass: 53378K(53568K)->53378K(53568K) Class: 9037K(9088K)->9037K(9088K)
[15500.847s][info][gc             ] GC(33894) Pause Young (Allocation Failure) 367M->276M(366M) 4.516ms
[15500.847s][info][gc,cpu         ] GC(33894) User=0.00s Sys=0.00s Real=0.01s
[15501.364s][info][gc,start       ] GC(33895) Pause Young (Allocation Failure)
[15501.369s][info][gc,heap        ] GC(33895) PSYoungGen: 92800K(93184K)->1568K(91136K) Eden: 91648K(91648K)->0K(89088K) From: 1152K(1536K)->1568K(2048K)
[15501.369s][info][gc,heap        ] GC(33895) ParOldGen: 281801K(282112K)->282041K(282112K)
[15501.369s][info][gc,metaspace   ] GC(33895) Metaspace: 62415K(62656K)->62415K(62656K) NonClass: 53378K(53568K)->53378K(53568K) Class: 9037K(9088K)->9037K(9088K)
[15501.369s][info][gc             ] GC(33895) Pause Young (Allocation Failure) 365M->276M(364M) 4.873ms
[15501.369s][info][gc,cpu         ] GC(33895) User=0.01s Sys=0.00s Real=0.01s
[15501.887s][info][gc,start       ] GC(33896) Pause Young (Allocation Failure)
[15501.891s][info][gc,heap        ] GC(33896) PSYoungGen: 90656K(91136K)->544K(87552K) Eden: 89088K(89088K)->0K(86528K) From: 1568K(2048K)->544K(1024K)
[15501.891s][info][gc,heap        ] GC(33896) ParOldGen: 282041K(282112K)->282281K(282624K)
[15501.891s][info][gc,metaspace   ] GC(33896) Metaspace: 62415K(62656K)->62415K(62656K) NonClass: 53378K(53568K)->53378K(53568K) Class: 9037K(9088K)->9037K(9088K)
[15501.891s][info][gc             ] GC(33896) Pause Young (Allocation Failure) 363M->276M(361M) 3.517ms
[15501.891s][info][gc,cpu         ] GC(33896) User=0.00s Sys=0.00s Real=0.00s
[15502.434s][info][gc,start       ] GC(33897) Pause Young (Allocation Failure)
[15502.439s][info][gc,heap        ] GC(33897) PSYoungGen: 87072K(87552K)->2528K(86528K) Eden: 86528K(86528K)->0K(83968K) From: 544K(1024K)->2528K(2560K)
[15502.439s][info][gc,heap        ] GC(33897) ParOldGen: 282281K(282624K)->283049K(283136K)
[15502.439s][info][gc,metaspace   ] GC(33897) Metaspace: 62415K(62656K)->62415K(62656K) NonClass: 53378K(53568K)->53378K(53568K) Class: 9037K(9088K)->9037K(9088K)
[15502.439s][info][gc             ] GC(33897) Pause Young (Allocation Failure) 360M->278M(361M) 4.550ms
[15502.439s][info][gc,cpu         ] GC(33897) User=0.00s Sys=0.00s Real=0.00s
[15502.961s][info][gc,start       ] GC(33898) Pause Young (Allocation Failure)
[15502.967s][info][gc,heap        ] GC(33898) PSYoungGen: 86496K(86528K)->1408K(82944K) Eden: 83968K(83968K)->0K(81408K) From: 2528K(2560K)->1408K(1536K)
[15502.967s][info][gc,heap        ] GC(33898) ParOldGen: 283049K(283136K)->285161K(286208K)
[15502.967s][info][gc,metaspace   ] GC(33898) Metaspace: 62415K(62656K)->62415K(62656K) NonClass: 53378K(53568K)->53378K(53568K) Class: 9037K(9088K)->9037K(9088K)
[15502.967s][info][gc             ] GC(33898) Pause Young (Allocation Failure) 360M->279M(360M) 5.794ms
[15502.967s][info][gc,cpu         ] GC(33898) User=0.01s Sys=0.00s Real=0.01s
[15503.469s][info][gc,start       ] GC(33899) Pause Young (Allocation Failure)
[15503.472s][info][gc,heap        ] GC(33899) PSYoungGen: 82816K(82944K)->384K(108032K) Eden: 81408K(81408K)->0K(107520K) From: 1408K(1536K)->384K(512K)
[15503.472s][info][gc,heap        ] GC(33899) ParOldGen: 285161K(286208K)->285393K(286208K)
[15503.472s][info][gc,metaspace   ] GC(33899) Metaspace: 62415K(62656K)->62415K(62656K) NonClass: 53378K(53568K)->53378K(53568K) Class: 9037K(9088K)->9037K(9088K)
[15503.473s][info][gc             ] GC(33899) Pause Young (Allocation Failure) 359M->279M(385M) 3.151ms
[15503.473s][info][gc,cpu         ] GC(33899) User=0.01s Sys=0.00s Real=0.00s
[15504.167s][info][gc,start       ] GC(33900) Pause Young (Allocation Failure)
[15504.171s][info][gc,heap        ] GC(33900) PSYoungGen: 107904K(108032K)->416K(107008K) Eden: 107520K(107520K)->0K(103936K) From: 384K(512K)->416K(3072K)
[15504.171s][info][gc,heap        ] GC(33900) ParOldGen: 285393K(286208K)->285585K(286208K)
[15504.171s][info][gc,metaspace   ] GC(33900) Metaspace: 62415K(62656K)->62415K(62656K) NonClass: 53378K(53568K)->53378K(53568K) Class: 9037K(9088K)->9037K(9088K)
[15504.171s][info][gc             ] GC(33900) Pause Young (Allocation Failure) 384M->279M(384M) 3.296ms
[15504.171s][info][gc,cpu         ] GC(33900) User=0.01s Sys=0.01s Real=0.00s
[15504.871s][info][gc,start       ] GC(33901) Pause Young (Allocation Failure)
[15504.875s][info][gc,heap        ] GC(33901) PSYoungGen: 104352K(107008K)->496K(101376K) Eden: 103936K(103936K)->0K(100864K) From: 416K(3072K)->496K(512K)
[15504.875s][info][gc,heap        ] GC(33901) ParOldGen: 285585K(286208K)->285825K(286208K)
[15504.875s][info][gc,metaspace   ] GC(33901) Metaspace: 62415K(62656K)->62415K(62656K) NonClass: 53378K(53568K)->53378K(53568K) Class: 9037K(9088K)->9037K(9088K)
[15504.875s][info][gc             ] GC(33901) Pause Young (Allocation Failure) 380M->279M(378M) 3.641ms
[15504.875s][info][gc,cpu         ] GC(33901) User=0.00s Sys=0.00s Real=0.01s
[15505.453s][info][gc,start       ] GC(33902) Pause Young (Allocation Failure)
[15505.457s][info][gc,heap        ] GC(33902) PSYoungGen: 101360K(101376K)->1568K(100864K) Eden: 100864K(100864K)->0K(97792K) From: 496K(512K)->1568K(3072K)
[15505.457s][info][gc,heap        ] GC(33902) ParOldGen: 285825K(286208K)->286129K(286208K)
[15505.457s][info][gc,metaspace   ] GC(33902) Metaspace: 62415K(62656K)->62415K(62656K) NonClass: 53378K(53568K)->53378K(53568K) Class: 9037K(9088K)->9037K(9088K)
[15505.457s][info][gc             ] GC(33902) Pause Young (Allocation Failure) 378M->280M(378M) 4.215ms
[15505.457s][info][gc,cpu         ] GC(33902) User=0.01s Sys=0.00s Real=0.01s
[15506.037s][info][gc,start       ] GC(33903) Pause Young (Allocation Failure)
[15506.042s][info][gc,heap        ] GC(33903) PSYoungGen: 99360K(100864K)->1152K(96256K) Eden: 97792K(97792K)->0K(94720K) From: 1568K(3072K)->1152K(1536K)
[15506.042s][info][gc,heap        ] GC(33903) ParOldGen: 286129K(286208K)->286361K(286720K)
[15506.042s][info][gc,metaspace   ] GC(33903) Metaspace: 62415K(62656K)->62415K(62656K) NonClass: 53378K(53568K)->53378K(53568K) Class: 9037K(9088K)->9037K(9088K)
[15506.042s][info][gc             ] GC(33903) Pause Young (Allocation Failure) 376M->280M(374M) 4.661ms
[15506.042s][info][gc,cpu         ] GC(33903) User=0.01s Sys=0.00s Real=0.00s
[15506.639s][info][gc,start       ] GC(33904) Pause Young (Allocation Failure)
[15506.642s][info][gc,heap        ] GC(33904) PSYoungGen: 95872K(96256K)->1152K(93184K) Eden: 94720K(94720K)->0K(91648K) From: 1152K(1536K)->1152K(1536K)
[15506.642s][info][gc,heap        ] GC(33904) ParOldGen: 286361K(286720K)->286569K(286720K)
[15506.642s][info][gc,metaspace   ] GC(33904) Metaspace: 62415K(62656K)->62415K(62656K) NonClass: 53378K(53568K)->53378K(53568K) Class: 9037K(9088K)->9037K(9088K)
[15506.643s][info][gc             ] GC(33904) Pause Young (Allocation Failure) 373M->280M(371M) 3.699ms
[15506.643s][info][gc,cpu         ] GC(33904) User=0.01s Sys=0.00s Real=0.00s
[15507.204s][info][gc,start       ] GC(33905) Pause Young (Allocation Failure)
[15507.207s][info][gc,heap        ] GC(33905) PSYoungGen: 92800K(93184K)->704K(90112K) Eden: 91648K(91648K)->0K(89088K) From: 1152K(1536K)->704K(1024K)
[15507.207s][info][gc,heap        ] GC(33905) ParOldGen: 286569K(286720K)->286777K(287232K)
[15507.207s][info][gc,metaspace   ] GC(33905) Metaspace: 62415K(62656K)->62415K(62656K) NonClass: 53378K(53568K)->53378K(53568K) Class: 9037K(9088K)->9037K(9088K)
[15507.207s][info][gc             ] GC(33905) Pause Young (Allocation Failure) 370M->280M(368M) 3.442ms
[15507.207s][info][gc,cpu         ] GC(33905) User=0.00s Sys=0.00s Real=0.01s
[15507.777s][info][gc,start       ] GC(33906) Pause Young (Allocation Failure)
[15507.781s][info][gc,heap        ] GC(33906) PSYoungGen: 89792K(90112K)->448K(87040K) Eden: 89088K(89088K)->0K(86528K) From: 704K(1024K)->448K(512K)
[15507.781s][info][gc,heap        ] GC(33906) ParOldGen: 286777K(287232K)->286985K(287232K)
[15507.781s][info][gc,metaspace   ] GC(33906) Metaspace: 62415K(62656K)->62415K(62656K) NonClass: 53378K(53568K)->53378K(53568K) Class: 9037K(9088K)->9037K(9088K)
[15507.781s][info][gc             ] GC(33906) Pause Young (Allocation Failure) 367M->280M(365M) 3.190ms
[15507.781s][info][gc,cpu         ] GC(33906) User=0.00s Sys=0.00s Real=0.00s
[15508.322s][info][gc,start       ] GC(33907) Pause Young (Allocation Failure)
[15508.325s][info][gc,heap        ] GC(33907) PSYoungGen: 86976K(87040K)->896K(84992K) Eden: 86528K(86528K)->0K(83968K) From: 448K(512K)->896K(1024K)
[15508.325s][info][gc,heap        ] GC(33907) ParOldGen: 286985K(287232K)->287201K(287232K)
[15508.325s][info][gc,metaspace   ] GC(33907) Metaspace: 62415K(62656K)->62415K(62656K) NonClass: 53378K(53568K)->53378K(53568K) Class: 9037K(9088K)->9037K(9088K)
[15508.326s][info][gc             ] GC(33907) Pause Young (Allocation Failure) 365M->281M(363M) 3.473ms
[15508.326s][info][gc,cpu         ] GC(33907) User=0.01s Sys=0.00s Real=0.01s
[15508.834s][info][gc,start       ] GC(33908) Pause Young (Allocation Failure)
[15508.838s][info][gc,heap        ] GC(33908) PSYoungGen: 84864K(84992K)->1120K(101376K) Eden: 83968K(83968K)->0K(99840K) From: 896K(1024K)->1120K(1536K)
[15508.838s][info][gc,heap        ] GC(33908) ParOldGen: 287201K(287232K)->287409K(287744K)
[15508.838s][info][gc,metaspace   ] GC(33908) Metaspace: 62415K(62656K)->62415K(62656K) NonClass: 53378K(53568K)->53378K(53568K) Class: 9037K(9088K)->9037K(9088K)
[15508.838s][info][gc             ] GC(33908) Pause Young (Allocation Failure) 363M->281M(380M) 3.942ms
[15508.838s][info][gc,cpu         ] GC(33908) User=0.01s Sys=0.00s Real=0.01s
[15509.455s][info][gc,start       ] GC(33909) Pause Young (Allocation Failure)
[15509.460s][info][gc,heap        ] GC(33909) PSYoungGen: 100960K(101376K)->2528K(99328K) Eden: 99840K(99840K)->0K(96768K) From: 1120K(1536K)->2528K(2560K)
[15509.460s][info][gc,heap        ] GC(33909) ParOldGen: 287409K(287744K)->288481K(288768K)
[15509.460s][info][gc,metaspace   ] GC(33909) Metaspace: 62415K(62656K)->62415K(62656K) NonClass: 53378K(53568K)->53378K(53568K) Class: 9037K(9088K)->9037K(9088K)
[15509.460s][info][gc             ] GC(33909) Pause Young (Allocation Failure) 379M->284M(379M) 4.730ms
[15509.460s][info][gc,cpu         ] GC(33909) User=0.01s Sys=0.00s Real=0.00s
[15510.049s][info][gc,start       ] GC(33910) Pause Young (Allocation Failure)
[15510.054s][info][gc,heap        ] GC(33910) PSYoungGen: 99296K(99328K)->1280K(95232K) Eden: 96768K(96768K)->0K(93696K) From: 2528K(2560K)->1280K(1536K)
[15510.054s][info][gc,heap        ] GC(33910) ParOldGen: 288481K(288768K)->290578K(291840K)
[15510.054s][info][gc,metaspace   ] GC(33910) Metaspace: 62415K(62656K)->62415K(62656K) NonClass: 53378K(53568K)->53378K(53568K) Class: 9037K(9088K)->9037K(9088K)
[15510.054s][info][gc             ] GC(33910) Pause Young (Allocation Failure) 378M->285M(378M) 4.729ms
[15510.054s][info][gc,cpu         ] GC(33910) User=0.00s Sys=0.00s Real=0.00s
[15510.635s][info][gc,start       ] GC(33911) Pause Young (Allocation Failure)
[15510.639s][info][gc,heap        ] GC(33911) PSYoungGen: 94976K(95232K)->1120K(92672K) Eden: 93696K(93696K)->0K(91136K) From: 1280K(1536K)->1120K(1536K)
[15510.639s][info][gc,heap        ] GC(33911) ParOldGen: 290578K(291840K)->290778K(291840K)
[15510.639s][info][gc,metaspace   ] GC(33911) Metaspace: 62415K(62656K)->62415K(62656K) NonClass: 53378K(53568K)->53378K(53568K) Class: 9037K(9088K)->9037K(9088K)
[15510.639s][info][gc             ] GC(33911) Pause Young (Allocation Failure) 376M->285M(375M) 3.907ms
[15510.639s][info][gc,cpu         ] GC(33911) User=0.01s Sys=0.00s Real=0.00s
[15511.202s][info][gc,start       ] GC(33912) Pause Young (Allocation Failure)
[15511.205s][info][gc,heap        ] GC(33912) PSYoungGen: 92256K(92672K)->704K(89600K) Eden: 91136K(91136K)->0K(88576K) From: 1120K(1536K)->704K(1024K)
[15511.205s][info][gc,heap        ] GC(33912) ParOldGen: 290778K(291840K)->291042K(291840K)
[15511.205s][info][gc,metaspace   ] GC(33912) Metaspace: 62415K(62656K)->62415K(62656K) NonClass: 53378K(53568K)->53378K(53568K) Class: 9037K(9088K)->9037K(9088K)
[15511.206s][info][gc             ] GC(33912) Pause Young (Allocation Failure) 374M->284M(372M) 3.623ms
[15511.206s][info][gc,cpu         ] GC(33912) User=0.00s Sys=0.00s Real=0.01s
[15511.776s][info][gc,start       ] GC(33913) Pause Young (Allocation Failure)
[15511.780s][info][gc,heap        ] GC(33913) PSYoungGen: 89280K(89600K)->448K(86528K) Eden: 88576K(88576K)->0K(86016K) From: 704K(1024K)->448K(512K)
[15511.780s][info][gc,heap        ] GC(33913) ParOldGen: 291042K(291840K)->291250K(291840K)
[15511.780s][info][gc,metaspace   ] GC(33913) Metaspace: 62415K(62656K)->62415K(62656K) NonClass: 53378K(53568K)->53378K(53568K) Class: 9037K(9088K)->9037K(9088K)
[15511.780s][info][gc             ] GC(33913) Pause Young (Allocation Failure) 371M->284M(369M) 4.018ms
[15511.780s][info][gc,cpu         ] GC(33913) User=0.01s Sys=0.00s Real=0.00s
[15512.319s][info][gc,start       ] GC(33914) Pause Young (Allocation Failure)
[15512.322s][info][gc,heap        ] GC(33914) PSYoungGen: 86464K(86528K)->896K(86528K) Eden: 86016K(86016K)->0K(83456K) From: 448K(512K)->896K(3072K)
[15512.322s][info][gc,heap        ] GC(33914) ParOldGen: 291250K(291840K)->291466K(291840K)
[15512.322s][info][gc,metaspace   ] GC(33914) Metaspace: 62415K(62656K)->62415K(62656K) NonClass: 53378K(53568K)->53378K(53568K) Class: 9037K(9088K)->9037K(9088K)
[15512.322s][info][gc             ] GC(33914) Pause Young (Allocation Failure) 368M->285M(369M) 3.561ms
[15512.322s][info][gc,cpu         ] GC(33914) User=0.00s Sys=0.00s Real=0.00s
[15512.845s][info][gc,start       ] GC(33915) Pause Young (Allocation Failure)
[15512.849s][info][gc,heap        ] GC(33915) PSYoungGen: 84352K(86528K)->1120K(93184K) Eden: 83456K(83456K)->0K(91648K) From: 896K(3072K)->1120K(1536K)
[15512.849s][info][gc,heap        ] GC(33915) ParOldGen: 291466K(291840K)->291682K(291840K)
[15512.849s][info][gc,metaspace   ] GC(33915) Metaspace: 62415K(62656K)->62415K(62656K) NonClass: 53378K(53568K)->53378K(53568K) Class: 9037K(9088K)->9037K(9088K)
[15512.849s][info][gc             ] GC(33915) Pause Young (Allocation Failure) 367M->285M(376M) 4.123ms
[15512.849s][info][gc,cpu         ] GC(33915) User=0.01s Sys=0.00s Real=0.00s
[15513.443s][info][gc,start       ] GC(33916) Pause Young (Allocation Failure)
[15513.447s][info][gc,heap        ] GC(33916) PSYoungGen: 92768K(93184K)->1152K(90624K) Eden: 91648K(91648K)->0K(89088K) From: 1120K(1536K)->1152K(1536K)
[15513.447s][info][gc,heap        ] GC(33916) ParOldGen: 291682K(291840K)->291866K(292352K)
[15513.447s][info][gc,metaspace   ] GC(33916) Metaspace: 62415K(62656K)->62415K(62656K) NonClass: 53378K(53568K)->53378K(53568K) Class: 9037K(9088K)->9037K(9088K)
[15513.447s][info][gc             ] GC(33916) Pause Young (Allocation Failure) 375M->286M(374M) 4.051ms
[15513.447s][info][gc,cpu         ] GC(33916) User=0.01s Sys=0.00s Real=0.01s
[15514.034s][info][gc,start       ] GC(33917) Pause Young (Allocation Failure)
[15514.037s][info][gc,heap        ] GC(33917) PSYoungGen: 90240K(90624K)->1056K(88064K) Eden: 89088K(89088K)->0K(86528K) From: 1152K(1536K)->1056K(1536K)
[15514.038s][info][gc,heap        ] GC(33917) ParOldGen: 291866K(292352K)->292074K(292352K)
[15514.038s][info][gc,metaspace   ] GC(33917) Metaspace: 62415K(62656K)->62415K(62656K) NonClass: 53378K(53568K)->53378K(53568K) Class: 9037K(9088K)->9037K(9088K)
[15514.038s][info][gc             ] GC(33917) Pause Young (Allocation Failure) 373M->286M(371M) 3.934ms
[15514.038s][info][gc,cpu         ] GC(33917) User=0.01s Sys=0.00s Real=0.01s
[15514.567s][info][gc,start       ] GC(33918) Pause Young (Allocation Failure)
[15514.570s][info][gc,heap        ] GC(33918) PSYoungGen: 87584K(88064K)->320K(84480K) Eden: 86528K(86528K)->0K(83968K) From: 1056K(1536K)->320K(512K)
[15514.570s][info][gc,heap        ] GC(33918) ParOldGen: 292074K(292352K)->292274K(292352K)
[15514.570s][info][gc,metaspace   ] GC(33918) Metaspace: 62415K(62656K)->62415K(62656K) NonClass: 53378K(53568K)->53378K(53568K) Class: 9037K(9088K)->9037K(9088K)
[15514.570s][info][gc             ] GC(33918) Pause Young (Allocation Failure) 370M->285M(368M) 3.219ms
[15514.570s][info][gc,cpu         ] GC(33918) User=0.00s Sys=0.00s Real=0.00s
[15515.074s][info][gc,start       ] GC(33919) Pause Young (Allocation Failure)
[15515.077s][info][gc,heap        ] GC(33919) PSYoungGen: 84288K(84480K)->384K(87040K) Eden: 83968K(83968K)->0K(86528K) From: 320K(512K)->384K(512K)
[15515.077s][info][gc,heap        ] GC(33919) ParOldGen: 292274K(292352K)->292466K(292864K)
[15515.077s][info][gc,metaspace   ] GC(33919) Metaspace: 62415K(62656K)->62415K(62656K) NonClass: 53378K(53568K)->53378K(53568K) Class: 9037K(9088K)->9037K(9088K)
[15515.077s][info][gc             ] GC(33919) Pause Young (Allocation Failure) 367M->285M(371M) 3.487ms
[15515.077s][info][gc,cpu         ] GC(33919) User=0.01s Sys=0.00s Real=0.01s
[15515.611s][info][gc,start       ] GC(33920) Pause Young (Allocation Failure)
[15515.614s][info][gc,heap        ] GC(33920) PSYoungGen: 86912K(87040K)->768K(86528K) Eden: 86528K(86528K)->0K(83968K) From: 384K(512K)->768K(2560K)
[15515.614s][info][gc,heap        ] GC(33920) ParOldGen: 292466K(292864K)->292666K(292864K)
[15515.614s][info][gc,metaspace   ] GC(33920) Metaspace: 62415K(62656K)->62415K(62656K) NonClass: 53378K(53568K)->53378K(53568K) Class: 9037K(9088K)->9037K(9088K)
[15515.614s][info][gc             ] GC(33920) Pause Young (Allocation Failure) 370M->286M(370M) 3.300ms
[15515.614s][info][gc,cpu         ] GC(33920) User=0.00s Sys=0.00s Real=0.00s
[15516.130s][info][gc,start       ] GC(33921) Pause Young (Allocation Failure)
[15516.134s][info][gc,heap        ] GC(33921) PSYoungGen: 84736K(86528K)->2528K(83968K) Eden: 83968K(83968K)->0K(81408K) From: 768K(2560K)->2528K(2560K)
[15516.134s][info][gc,heap        ] GC(33921) ParOldGen: 292666K(292864K)->293330K(293376K)
[15516.134s][info][gc,metaspace   ] GC(33921) Metaspace: 62415K(62656K)->62415K(62656K) NonClass: 53378K(53568K)->53378K(53568K) Class: 9037K(9088K)->9037K(9088K)
[15516.134s][info][gc             ] GC(33921) Pause Young (Allocation Failure) 368M->288M(368M) 4.346ms
[15516.134s][info][gc,cpu         ] GC(33921) User=0.01s Sys=0.00s Real=0.00s
[15516.668s][info][gc,start       ] GC(33922) Pause Young (Allocation Failure)
[15516.672s][info][gc,heap        ] GC(33922) PSYoungGen: 83936K(83968K)->320K(86016K) Eden: 81408K(81408K)->0K(85504K) From: 2528K(2560K)->320K(512K)
[15516.672s][info][gc,heap        ] GC(33922) ParOldGen: 293330K(293376K)->295458K(296448K)
[15516.672s][info][gc,metaspace   ] GC(33922) Metaspace: 62415K(62656K)->62415K(62656K) NonClass: 53378K(53568K)->53378K(53568K) Class: 9037K(9088K)->9037K(9088K)
[15516.672s][info][gc             ] GC(33922) Pause Young (Allocation Failure) 368M->288M(373M) 4.143ms
[15516.672s][info][gc,cpu         ] GC(33922) User=0.00s Sys=0.00s Real=0.00s
[15517.243s][info][gc,start       ] GC(33923) Pause Young (Allocation Failure)
[15517.246s][info][gc,heap        ] GC(33923) PSYoungGen: 85824K(86016K)->1056K(85504K) Eden: 85504K(85504K)->0K(82944K) From: 320K(512K)->1056K(2560K)
[15517.246s][info][gc,heap        ] GC(33923) ParOldGen: 295458K(296448K)->295642K(296448K)
[15517.246s][info][gc,metaspace   ] GC(33923) Metaspace: 62415K(62656K)->62415K(62656K) NonClass: 53378K(53568K)->53378K(53568K) Class: 9037K(9088K)->9037K(9088K)
[15517.247s][info][gc             ] GC(33923) Pause Young (Allocation Failure) 372M->289M(373M) 3.882ms
[15517.247s][info][gc,cpu         ] GC(33923) User=0.01s Sys=0.00s Real=0.01s
[15517.811s][info][gc,start       ] GC(33924) Pause Young (Allocation Failure)
[15517.815s][info][gc,heap        ] GC(33924) PSYoungGen: 83999K(85504K)->736K(83968K) Eden: 82943K(82944K)->0K(82944K) From: 1056K(2560K)->736K(1024K)
[15517.815s][info][gc,heap        ] GC(33924) ParOldGen: 295642K(296448K)->295858K(296448K)
[15517.815s][info][gc,metaspace   ] GC(33924) Metaspace: 62415K(62656K)->62415K(62656K) NonClass: 53378K(53568K)->53378K(53568K) Class: 9037K(9088K)->9037K(9088K)
[15517.815s][info][gc             ] GC(33924) Pause Young (Allocation Failure) 370M->289M(371M) 3.801ms
[15517.815s][info][gc,cpu         ] GC(33924) User=0.01s Sys=0.00s Real=0.01s
[15518.392s][info][gc,start       ] GC(33925) Pause Young (Allocation Failure)
[15518.396s][info][gc,heap        ] GC(33925) PSYoungGen: 83680K(83968K)->576K(84480K) Eden: 82944K(82944K)->0K(81920K) From: 736K(1024K)->576K(2560K)
[15518.396s][info][gc,heap        ] GC(33925) ParOldGen: 295858K(296448K)->296066K(296448K)
[15518.396s][info][gc,metaspace   ] GC(33925) Metaspace: 62415K(62656K)->62415K(62656K) NonClass: 53378K(53568K)->53378K(53568K) Class: 9037K(9088K)->9037K(9088K)
[15518.396s][info][gc             ] GC(33925) Pause Young (Allocation Failure) 370M->289M(372M) 3.707ms
[15518.396s][info][gc,cpu         ] GC(33925) User=0.01s Sys=0.00s Real=0.01s
[15518.898s][info][gc,start       ] GC(33926) Pause Young (Allocation Failure)
[15518.901s][info][gc,heap        ] GC(33926) PSYoungGen: 82496K(84480K)->640K(84480K) Eden: 81920K(81920K)->0K(81920K) From: 576K(2560K)->640K(2560K)
[15518.901s][info][gc,heap        ] GC(33926) ParOldGen: 296066K(296448K)->296266K(296448K)
[15518.901s][info][gc,metaspace   ] GC(33926) Metaspace: 62415K(62656K)->62415K(62656K) NonClass: 53378K(53568K)->53378K(53568K) Class: 9037K(9088K)->9037K(9088K)
[15518.901s][info][gc             ] GC(33926) Pause Young (Allocation Failure) 369M->289M(372M) 3.126ms
[15518.901s][info][gc,cpu         ] GC(33926) User=0.00s Sys=0.00s Real=0.00s
[15519.423s][info][gc,start       ] GC(33927) Pause Young (Allocation Failure)
[15519.427s][info][gc,heap        ] GC(33927) PSYoungGen: 82560K(84480K)->896K(84480K) Eden: 81920K(81920K)->0K(81920K) From: 640K(2560K)->896K(2560K)
[15519.427s][info][gc,heap        ] GC(33927) ParOldGen: 296266K(296448K)->296458K(296960K)
[15519.427s][info][gc,metaspace   ] GC(33927) Metaspace: 62415K(62656K)->62415K(62656K) NonClass: 53378K(53568K)->53378K(53568K) Class: 9037K(9088K)->9037K(9088K)
[15519.427s][info][gc             ] GC(33927) Pause Young (Allocation Failure) 369M->290M(372M) 3.764ms
[15519.427s][info][gc,cpu         ] GC(33927) User=0.00s Sys=0.00s Real=0.01s
[15519.975s][info][gc,start       ] GC(33928) Pause Young (Allocation Failure)
[15519.978s][info][gc,heap        ] GC(33928) PSYoungGen: 82816K(84480K)->384K(84480K) Eden: 81920K(81920K)->0K(81920K) From: 896K(2560K)->384K(2560K)
[15519.978s][info][gc,heap        ] GC(33928) ParOldGen: 296458K(296960K)->296650K(296960K)
[15519.978s][info][gc,metaspace   ] GC(33928) Metaspace: 62415K(62656K)->62415K(62656K) NonClass: 53378K(53568K)->53378K(53568K) Class: 9037K(9088K)->9037K(9088K)
[15519.978s][info][gc             ] GC(33928) Pause Young (Allocation Failure) 370M->290M(372M) 3.185ms
[15519.978s][info][gc,cpu         ] GC(33928) User=0.01s Sys=0.00s Real=0.00s
[15520.615s][info][gc,start       ] GC(33929) Pause Young (Allocation Failure)
[15520.619s][info][gc,heap        ] GC(33929) PSYoungGen: 82304K(84480K)->800K(84480K) Eden: 81920K(81920K)->0K(81920K) From: 384K(2560K)->800K(2560K)
[15520.619s][info][gc,heap        ] GC(33929) ParOldGen: 296650K(296960K)->296842K(296960K)
[15520.619s][info][gc,metaspace   ] GC(33929) Metaspace: 62415K(62656K)->62415K(62656K) NonClass: 53378K(53568K)->53378K(53568K) Class: 9037K(9088K)->9037K(9088K)
[15520.619s][info][gc             ] GC(33929) Pause Young (Allocation Failure) 370M->290M(372M) 4.357ms
[15520.619s][info][gc,cpu         ] GC(33929) User=0.01s Sys=0.00s Real=0.00s
[15521.137s][info][gc,start       ] GC(33930) Pause Young (Allocation Failure)
[15521.141s][info][gc,heap        ] GC(33930) PSYoungGen: 82720K(84480K)->1152K(84480K) Eden: 81920K(81920K)->0K(81920K) From: 800K(2560K)->1152K(2560K)
[15521.141s][info][gc,heap        ] GC(33930) ParOldGen: 296842K(296960K)->297034K(297472K)
[15521.141s][info][gc,metaspace   ] GC(33930) Metaspace: 62415K(62656K)->62415K(62656K) NonClass: 53378K(53568K)->53378K(53568K) Class: 9037K(9088K)->9037K(9088K)
[15521.141s][info][gc             ] GC(33930) Pause Young (Allocation Failure) 370M->291M(373M) 4.024ms
[15521.141s][info][gc,cpu         ] GC(33930) User=0.00s Sys=0.00s Real=0.00s
[15521.688s][info][gc,start       ] GC(33931) Pause Young (Allocation Failure)
[15521.691s][info][gc,heap        ] GC(33931) PSYoungGen: 83072K(84480K)->592K(84992K) Eden: 81920K(81920K)->0K(82432K) From: 1152K(2560K)->592K(2560K)
[15521.691s][info][gc,heap        ] GC(33931) ParOldGen: 297034K(297472K)->297234K(297472K)
[15521.691s][info][gc,metaspace   ] GC(33931) Metaspace: 62415K(62656K)->62415K(62656K) NonClass: 53378K(53568K)->53378K(53568K) Class: 9037K(9088K)->9037K(9088K)
[15521.691s][info][gc             ] GC(33931) Pause Young (Allocation Failure) 371M->290M(373M) 3.343ms
[15521.691s][info][gc,cpu         ] GC(33931) User=0.00s Sys=0.00s Real=0.00s
[15522.231s][info][gc,start       ] GC(33932) Pause Young (Allocation Failure)
[15522.234s][info][gc,heap        ] GC(33932) PSYoungGen: 83024K(84992K)->864K(84480K) Eden: 82432K(82432K)->0K(82432K) From: 592K(2560K)->864K(2048K)
[15522.234s][info][gc,heap        ] GC(33932) ParOldGen: 297234K(297472K)->297482K(297984K)
[15522.234s][info][gc,metaspace   ] GC(33932) Metaspace: 62415K(62656K)->62415K(62656K) NonClass: 53378K(53568K)->53378K(53568K) Class: 9037K(9088K)->9037K(9088K)
[15522.234s][info][gc             ] GC(33932) Pause Young (Allocation Failure) 371M->291M(373M) 3.685ms
[15522.234s][info][gc,cpu         ] GC(33932) User=0.01s Sys=0.00s Real=0.01s
[15522.775s][info][gc,start       ] GC(33933) Pause Young (Allocation Failure)
[15522.778s][info][gc,heap        ] GC(33933) PSYoungGen: 83296K(84480K)->384K(84992K) Eden: 82432K(82432K)->0K(82944K) From: 864K(2048K)->384K(2048K)
[15522.778s][info][gc,heap        ] GC(33933) ParOldGen: 297482K(297984K)->297682K(297984K)
[15522.778s][info][gc,metaspace   ] GC(33933) Metaspace: 62415K(62656K)->62415K(62656K) NonClass: 53378K(53568K)->53378K(53568K) Class: 9037K(9088K)->9037K(9088K)
[15522.778s][info][gc             ] GC(33933) Pause Young (Allocation Failure) 371M->291M(374M) 2.901ms
[15522.778s][info][gc,cpu         ] GC(33933) User=0.00s Sys=0.00s Real=0.00s
[15523.275s][info][gc,start       ] GC(33934) Pause Young (Allocation Failure)
[15523.279s][info][gc,heap        ] GC(33934) PSYoungGen: 83328K(84992K)->1376K(84992K) Eden: 82944K(82944K)->0K(82944K) From: 384K(2048K)->1376K(2048K)
[15523.279s][info][gc,heap        ] GC(33934) ParOldGen: 297682K(297984K)->299922K(301056K)
[15523.279s][info][gc,metaspace   ] GC(33934) Metaspace: 62415K(62656K)->62415K(62656K) NonClass: 53378K(53568K)->53378K(53568K) Class: 9037K(9088K)->9037K(9088K)
[15523.280s][info][gc             ] GC(33934) Pause Young (Allocation Failure) 372M->294M(377M) 4.502ms
[15523.280s][info][gc,cpu         ] GC(33934) User=0.01s Sys=0.00s Real=0.00s
[15523.826s][info][gc,start       ] GC(33935) Pause Young (Allocation Failure)
[15523.831s][info][gc,heap        ] GC(33935) PSYoungGen: 84320K(84992K)->896K(84992K) Eden: 82944K(82944K)->0K(82944K) From: 1376K(2048K)->896K(2048K)
[15523.831s][info][gc,heap        ] GC(33935) ParOldGen: 299922K(301056K)->302162K(302592K)
[15523.831s][info][gc,metaspace   ] GC(33935) Metaspace: 62415K(62656K)->62415K(62656K) NonClass: 53378K(53568K)->53378K(53568K) Class: 9037K(9088K)->9037K(9088K)
[15523.831s][info][gc             ] GC(33935) Pause Young (Allocation Failure) 375M->295M(378M) 4.954ms
[15523.831s][info][gc,cpu         ] GC(33935) User=0.01s Sys=0.00s Real=0.00s
[15524.366s][info][gc,start       ] GC(33936) Pause Young (Allocation Failure)
[15524.369s][info][gc,heap        ] GC(33936) PSYoungGen: 83840K(84992K)->288K(84992K) Eden: 82944K(82944K)->0K(82944K) From: 896K(2048K)->288K(2048K)
[15524.369s][info][gc,heap        ] GC(33936) ParOldGen: 302162K(302592K)->302354K(302592K)
[15524.369s][info][gc,metaspace   ] GC(33936) Metaspace: 62415K(62656K)->62415K(62656K) NonClass: 53378K(53568K)->53378K(53568K) Class: 9037K(9088K)->9037K(9088K)
[15524.369s][info][gc             ] GC(33936) Pause Young (Allocation Failure) 376M->295M(378M) 2.989ms
[15524.369s][info][gc,cpu         ] GC(33936) User=0.00s Sys=0.00s Real=0.00s
[15524.926s][info][gc,start       ] GC(33937) Pause Young (Allocation Failure)
[15524.930s][info][gc,heap        ] GC(33937) PSYoungGen: 83232K(84992K)->992K(84992K) Eden: 82944K(82944K)->0K(82944K) From: 288K(2048K)->992K(2048K)
[15524.930s][info][gc,heap        ] GC(33937) ParOldGen: 302354K(302592K)->302546K(302592K)
[15524.930s][info][gc,metaspace   ] GC(33937) Metaspace: 62415K(62656K)->62415K(62656K) NonClass: 53378K(53568K)->53378K(53568K) Class: 9037K(9088K)->9037K(9088K)
[15524.930s][info][gc             ] GC(33937) Pause Young (Allocation Failure) 376M->296M(378M) 3.602ms
[15524.930s][info][gc,cpu         ] GC(33937) User=0.01s Sys=0.00s Real=0.00s
[15525.418s][info][gc,start       ] GC(33938) Pause Young (Allocation Failure)
[15525.421s][info][gc,heap        ] GC(33938) PSYoungGen: 83936K(84992K)->928K(84992K) Eden: 82944K(82944K)->0K(82944K) From: 992K(2048K)->928K(2048K)
[15525.421s][info][gc,heap        ] GC(33938) ParOldGen: 302546K(302592K)->302738K(303104K)
[15525.421s][info][gc,metaspace   ] GC(33938) Metaspace: 62415K(62656K)->62415K(62656K) NonClass: 53378K(53568K)->53378K(53568K) Class: 9037K(9088K)->9037K(9088K)
[15525.421s][info][gc             ] GC(33938) Pause Young (Allocation Failure) 377M->296M(379M) 3.437ms
[15525.421s][info][gc,cpu         ] GC(33938) User=0.01s Sys=0.00s Real=0.00s
[15525.894s][info][gc,start       ] GC(33939) Pause Young (Allocation Failure)
[15525.897s][info][gc,heap        ] GC(33939) PSYoungGen: 83872K(84992K)->608K(84992K) Eden: 82944K(82944K)->0K(82944K) From: 928K(2048K)->608K(2048K)
[15525.897s][info][gc,heap        ] GC(33939) ParOldGen: 302738K(303104K)->302922K(303104K)
[15525.897s][info][gc,metaspace   ] GC(33939) Metaspace: 62415K(62656K)->62415K(62656K) NonClass: 53378K(53568K)->53378K(53568K) Class: 9037K(9088K)->9037K(9088K)
[15525.897s][info][gc             ] GC(33939) Pause Young (Allocation Failure) 377M->296M(379M) 3.037ms
[15525.897s][info][gc,cpu         ] GC(33939) User=0.00s Sys=0.00s Real=0.01s
[15526.378s][info][gc,start       ] GC(33940) Pause Young (Allocation Failure)
[15526.381s][info][gc,heap        ] GC(33940) PSYoungGen: 83552K(84992K)->448K(84992K) Eden: 82944K(82944K)->0K(82944K) From: 608K(2048K)->448K(2048K)
[15526.381s][info][gc,heap        ] GC(33940) ParOldGen: 302922K(303104K)->303114K(303616K)
[15526.381s][info][gc,metaspace   ] GC(33940) Metaspace: 62415K(62656K)->62415K(62656K) NonClass: 53378K(53568K)->53378K(53568K) Class: 9037K(9088K)->9037K(9088K)
[15526.381s][info][gc             ] GC(33940) Pause Young (Allocation Failure) 377M->296M(379M) 3.032ms
[15526.381s][info][gc,cpu         ] GC(33940) User=0.00s Sys=0.00s Real=0.00s
[15526.896s][info][gc,start       ] GC(33941) Pause Young (Allocation Failure)
[15526.899s][info][gc,heap        ] GC(33941) PSYoungGen: 83392K(84992K)->608K(84992K) Eden: 82944K(82944K)->0K(82944K) From: 448K(2048K)->608K(2048K)
[15526.899s][info][gc,heap        ] GC(33941) ParOldGen: 303114K(303616K)->303314K(303616K)
[15526.900s][info][gc,metaspace   ] GC(33941) Metaspace: 62415K(62656K)->62415K(62656K) NonClass: 53378K(53568K)->53378K(53568K) Class: 9037K(9088K)->9037K(9088K)
[15526.900s][info][gc             ] GC(33941) Pause Young (Allocation Failure) 377M->296M(379M) 3.611ms
[15526.900s][info][gc,cpu         ] GC(33941) User=0.01s Sys=0.00s Real=0.00s
[15527.414s][info][gc,start       ] GC(33942) Pause Young (Allocation Failure)
[15527.417s][info][gc,heap        ] GC(33942) PSYoungGen: 83552K(84992K)->864K(84992K) Eden: 82944K(82944K)->0K(82944K) From: 608K(2048K)->864K(2048K)
[15527.418s][info][gc,heap        ] GC(33942) ParOldGen: 303314K(303616K)->303514K(303616K)
[15527.418s][info][gc,metaspace   ] GC(33942) Metaspace: 62415K(62656K)->62415K(62656K) NonClass: 53378K(53568K)->53378K(53568K) Class: 9037K(9088K)->9037K(9088K)
[15527.418s][info][gc             ] GC(33942) Pause Young (Allocation Failure) 377M->297M(379M) 3.604ms
[15527.418s][info][gc,cpu         ] GC(33942) User=0.01s Sys=0.00s Real=0.01s
[15527.926s][info][gc,start       ] GC(33943) Pause Young (Allocation Failure)
[15527.929s][info][gc,heap        ] GC(33943) PSYoungGen: 83808K(84992K)->1056K(84992K) Eden: 82944K(82944K)->0K(82944K) From: 864K(2048K)->1056K(2048K)
[15527.929s][info][gc,heap        ] GC(33943) ParOldGen: 303514K(303616K)->303714K(304128K)
[15527.929s][info][gc,metaspace   ] GC(33943) Metaspace: 62415K(62656K)->62415K(62656K) NonClass: 53378K(53568K)->53378K(53568K) Class: 9037K(9088K)->9037K(9088K)
[15527.930s][info][gc             ] GC(33943) Pause Young (Allocation Failure) 378M->297M(380M) 3.801ms
[15527.930s][info][gc,cpu         ] GC(33943) User=0.01s Sys=0.00s Real=0.00s
[15528.454s][info][gc,start       ] GC(33944) Pause Young (Allocation Failure)
[15528.458s][info][gc,heap        ] GC(33944) PSYoungGen: 84000K(84992K)->1152K(84992K) Eden: 82944K(82944K)->0K(82944K) From: 1056K(2048K)->1152K(2048K)
[15528.458s][info][gc,heap        ] GC(33944) ParOldGen: 303714K(304128K)->303914K(304128K)
[15528.458s][info][gc,metaspace   ] GC(33944) Metaspace: 62415K(62656K)->62415K(62656K) NonClass: 53378K(53568K)->53378K(53568K) Class: 9037K(9088K)->9037K(9088K)
[15528.458s][info][gc             ] GC(33944) Pause Young (Allocation Failure) 378M->297M(380M) 3.745ms
[15528.458s][info][gc,cpu         ] GC(33944) User=0.01s Sys=0.00s Real=0.00s
[15528.951s][info][gc,start       ] GC(33945) Pause Young (Allocation Failure)
[15528.955s][info][gc,heap        ] GC(33945) PSYoungGen: 84096K(84992K)->1408K(84992K) Eden: 82944K(82944K)->0K(82944K) From: 1152K(2048K)->1408K(2048K)
[15528.955s][info][gc,heap        ] GC(33945) ParOldGen: 303914K(304128K)->304122K(304128K)
[15528.955s][info][gc,metaspace   ] GC(33945) Metaspace: 62415K(62656K)->62415K(62656K) NonClass: 53378K(53568K)->53378K(53568K) Class: 9037K(9088K)->9037K(9088K)
[15528.955s][info][gc             ] GC(33945) Pause Young (Allocation Failure) 378M->298M(380M) 4.152ms
[15528.955s][info][gc,cpu         ] GC(33945) User=0.01s Sys=0.00s Real=0.01s
[15529.443s][info][gc,start       ] GC(33946) Pause Young (Allocation Failure)
[15529.447s][info][gc,heap        ] GC(33946) PSYoungGen: 84352K(84992K)->1216K(84992K) Eden: 82944K(82944K)->0K(82944K) From: 1408K(2048K)->1216K(2048K)
[15529.447s][info][gc,heap        ] GC(33946) ParOldGen: 304122K(304128K)->304306K(304640K)
[15529.447s][info][gc,metaspace   ] GC(33946) Metaspace: 62415K(62656K)->62415K(62656K) NonClass: 53378K(53568K)->53378K(53568K) Class: 9037K(9088K)->9037K(9088K)
[15529.447s][info][gc             ] GC(33946) Pause Young (Allocation Failure) 379M->298M(380M) 3.926ms
[15529.447s][info][gc,cpu         ] GC(33946) User=0.01s Sys=0.00s Real=0.01s
[15529.862s][info][gc,start       ] GC(33947) Pause Young (Allocation Failure)
[15529.866s][info][gc,heap        ] GC(33947) PSYoungGen: 84160K(84992K)->1504K(84992K) Eden: 82944K(82944K)->0K(82944K) From: 1216K(2048K)->1504K(2048K)
[15529.866s][info][gc,heap        ] GC(33947) ParOldGen: 304306K(304640K)->304514K(304640K)
[15529.866s][info][gc,metaspace   ] GC(33947) Metaspace: 62415K(62656K)->62415K(62656K) NonClass: 53378K(53568K)->53378K(53568K) Class: 9037K(9088K)->9037K(9088K)
[15529.866s][info][gc             ] GC(33947) Pause Young (Allocation Failure) 379M->298M(380M) 4.184ms
[15529.866s][info][gc,cpu         ] GC(33947) User=0.01s Sys=0.00s Real=0.01s
[15530.316s][info][gc,start       ] GC(33948) Pause Young (Allocation Failure)
[15530.320s][info][gc,heap        ] GC(33948) PSYoungGen: 84448K(84992K)->896K(84992K) Eden: 82944K(82944K)->0K(82944K) From: 1504K(2048K)->896K(2048K)
[15530.320s][info][gc,heap        ] GC(33948) ParOldGen: 304514K(304640K)->304690K(305152K)
[15530.320s][info][gc,metaspace   ] GC(33948) Metaspace: 62415K(62656K)->62415K(62656K) NonClass: 53378K(53568K)->53378K(53568K) Class: 9037K(9088K)->9037K(9088K)
[15530.320s][info][gc             ] GC(33948) Pause Young (Allocation Failure) 379M->298M(381M) 3.378ms
[15530.320s][info][gc,cpu         ] GC(33948) User=0.00s Sys=0.00s Real=0.00s
[15530.801s][info][gc,start       ] GC(33949) Pause Young (Allocation Failure)
[15530.804s][info][gc,heap        ] GC(33949) PSYoungGen: 83840K(84992K)->672K(84992K) Eden: 82944K(82944K)->0K(82944K) From: 896K(2048K)->672K(2048K)
[15530.804s][info][gc,heap        ] GC(33949) ParOldGen: 304690K(305152K)->304858K(305152K)
[15530.804s][info][gc,metaspace   ] GC(33949) Metaspace: 62415K(62656K)->62415K(62656K) NonClass: 53378K(53568K)->53378K(53568K) Class: 9037K(9088K)->9037K(9088K)
[15530.804s][info][gc             ] GC(33949) Pause Young (Allocation Failure) 379M->298M(381M) 3.329ms
[15530.804s][info][gc,cpu         ] GC(33949) User=0.00s Sys=0.00s Real=0.00s
[15531.392s][info][gc,start       ] GC(33950) Pause Young (Allocation Failure)
[15531.395s][info][gc,heap        ] GC(33950) PSYoungGen: 83616K(84992K)->576K(84992K) Eden: 82944K(82944K)->0K(82944K) From: 672K(2048K)->576K(2048K)
[15531.396s][info][gc,heap        ] GC(33950) ParOldGen: 304858K(305152K)->305050K(305152K)
[15531.396s][info][gc,metaspace   ] GC(33950) Metaspace: 62415K(62656K)->62415K(62656K) NonClass: 53378K(53568K)->53378K(53568K) Class: 9037K(9088K)->9037K(9088K)
[15531.396s][info][gc             ] GC(33950) Pause Young (Allocation Failure) 379M->298M(381M) 3.376ms
[15531.396s][info][gc,cpu         ] GC(33950) User=0.00s Sys=0.00s Real=0.01s
[15531.902s][info][gc,start       ] GC(33951) Pause Young (Allocation Failure)
[15531.905s][info][gc,heap        ] GC(33951) PSYoungGen: 83520K(84992K)->736K(84992K) Eden: 82944K(82944K)->0K(82944K) From: 576K(2048K)->736K(2048K)
[15531.905s][info][gc,heap        ] GC(33951) ParOldGen: 305050K(305152K)->305250K(305664K)
[15531.905s][info][gc,metaspace   ] GC(33951) Metaspace: 62415K(62656K)->62415K(62656K) NonClass: 53378K(53568K)->53378K(53568K) Class: 9037K(9088K)->9037K(9088K)
[15531.906s][info][gc             ] GC(33951) Pause Young (Allocation Failure) 379M->298M(381M) 3.384ms
[15531.906s][info][gc,cpu         ] GC(33951) User=0.01s Sys=0.00s Real=0.01s
[15532.362s][info][gc,start       ] GC(33952) Pause Young (Allocation Failure)
[15532.366s][info][gc,heap        ] GC(33952) PSYoungGen: 83680K(84992K)->1504K(84992K) Eden: 82944K(82944K)->0K(82944K) From: 736K(2048K)->1504K(2048K)
[15532.366s][info][gc,heap        ] GC(33952) ParOldGen: 305250K(305664K)->305498K(305664K)
[15532.366s][info][gc,metaspace   ] GC(33952) Metaspace: 62415K(62656K)->62415K(62656K) NonClass: 53378K(53568K)->53378K(53568K) Class: 9037K(9088K)->9037K(9088K)
[15532.366s][info][gc             ] GC(33952) Pause Young (Allocation Failure) 379M->299M(381M) 4.098ms
[15532.366s][info][gc,cpu         ] GC(33952) User=0.01s Sys=0.00s Real=0.01s
[15532.804s][info][gc,start       ] GC(33953) Pause Young (Allocation Failure)
[15532.807s][info][gc,heap        ] GC(33953) PSYoungGen: 84448K(84992K)->736K(84992K) Eden: 82944K(82944K)->0K(82944K) From: 1504K(2048K)->736K(2048K)
[15532.807s][info][gc,heap        ] GC(33953) ParOldGen: 305498K(305664K)->305682K(306176K)
[15532.807s][info][gc,metaspace   ] GC(33953) Metaspace: 62415K(62656K)->62415K(62656K) NonClass: 53378K(53568K)->53378K(53568K) Class: 9037K(9088K)->9037K(9088K)
[15532.807s][info][gc             ] GC(33953) Pause Young (Allocation Failure) 380M->299M(382M) 3.185ms
[15532.807s][info][gc,cpu         ] GC(33953) User=0.01s Sys=0.00s Real=0.00s
[15533.266s][info][gc,start       ] GC(33954) Pause Young (Allocation Failure)
[15533.268s][info][gc,heap        ] GC(33954) PSYoungGen: 83680K(84992K)->288K(84992K) Eden: 82944K(82944K)->0K(82944K) From: 736K(2048K)->288K(2048K)
[15533.269s][info][gc,heap        ] GC(33954) ParOldGen: 305682K(306176K)->305858K(306176K)
[15533.269s][info][gc,metaspace   ] GC(33954) Metaspace: 62415K(62656K)->62415K(62656K) NonClass: 53378K(53568K)->53378K(53568K) Class: 9037K(9088K)->9037K(9088K)
[15533.269s][info][gc             ] GC(33954) Pause Young (Allocation Failure) 380M->298M(382M) 2.740ms
[15533.269s][info][gc,cpu         ] GC(33954) User=0.00s Sys=0.01s Real=0.00s
[15533.699s][info][gc,start       ] GC(33955) Pause Young (Allocation Failure)
[15533.702s][info][gc,heap        ] GC(33955) PSYoungGen: 83232K(84992K)->672K(84992K) Eden: 82944K(82944K)->0K(82944K) From: 288K(2048K)->672K(2048K)
[15533.702s][info][gc,heap        ] GC(33955) ParOldGen: 305858K(306176K)->306034K(306176K)
[15533.702s][info][gc,metaspace   ] GC(33955) Metaspace: 62415K(62656K)->62415K(62656K) NonClass: 53378K(53568K)->53378K(53568K) Class: 9037K(9088K)->9037K(9088K)
[15533.702s][info][gc             ] GC(33955) Pause Young (Allocation Failure) 379M->299M(382M) 3.161ms
[15533.702s][info][gc,cpu         ] GC(33955) User=0.01s Sys=0.00s Real=0.00s
[15534.112s][info][gc,start       ] GC(33956) Pause Young (Allocation Failure)
[15534.115s][info][gc,heap        ] GC(33956) PSYoungGen: 83616K(84992K)->928K(84992K) Eden: 82944K(82944K)->0K(82944K) From: 672K(2048K)->928K(2048K)
[15534.115s][info][gc,heap        ] GC(33956) ParOldGen: 306034K(306176K)->306210K(306688K)
[15534.115s][info][gc,metaspace   ] GC(33956) Metaspace: 62415K(62656K)->62415K(62656K) NonClass: 53378K(53568K)->53378K(53568K) Class: 9037K(9088K)->9037K(9088K)
[15534.115s][info][gc             ] GC(33956) Pause Young (Allocation Failure) 380M->299M(382M) 3.499ms
[15534.115s][info][gc,cpu         ] GC(33956) User=0.01s Sys=0.00s Real=0.01s
[15534.552s][info][gc,start       ] GC(33957) Pause Young (Allocation Failure)
[15534.556s][info][gc,heap        ] GC(33957) PSYoungGen: 83872K(84992K)->1440K(84992K) Eden: 82944K(82944K)->0K(82944K) From: 928K(2048K)->1440K(2048K)
[15534.556s][info][gc,heap        ] GC(33957) ParOldGen: 306210K(306688K)->306386K(306688K)
[15534.556s][info][gc,metaspace   ] GC(33957) Metaspace: 62415K(62656K)->62415K(62656K) NonClass: 53378K(53568K)->53378K(53568K) Class: 9037K(9088K)->9037K(9088K)
[15534.556s][info][gc             ] GC(33957) Pause Young (Allocation Failure) 380M->300M(382M) 3.984ms
[15534.556s][info][gc,cpu         ] GC(33957) User=0.01s Sys=0.00s Real=0.01s
[15534.995s][info][gc,start       ] GC(33958) Pause Young (Allocation Failure)
[15534.998s][info][gc,heap        ] GC(33958) PSYoungGen: 84384K(84992K)->704K(84992K) Eden: 82944K(82944K)->0K(82944K) From: 1440K(2048K)->704K(2048K)
[15534.998s][info][gc,heap        ] GC(33958) ParOldGen: 306386K(306688K)->306578K(306688K)
[15534.998s][info][gc,metaspace   ] GC(33958) Metaspace: 62415K(62656K)->62415K(62656K) NonClass: 53378K(53568K)->53378K(53568K) Class: 9037K(9088K)->9037K(9088K)
[15534.998s][info][gc             ] GC(33958) Pause Young (Allocation Failure) 381M->300M(382M) 3.182ms
[15534.998s][info][gc,cpu         ] GC(33958) User=0.00s Sys=0.00s Real=0.00s
[15535.459s][info][gc,start       ] GC(33959) Pause Young (Allocation Failure)
[15535.462s][info][gc,heap        ] GC(33959) PSYoungGen: 83648K(84992K)->1536K(84992K) Eden: 82944K(82944K)->0K(82944K) From: 704K(2048K)->1536K(2048K)
[15535.462s][info][gc,heap        ] GC(33959) ParOldGen: 306578K(306688K)->306746K(307200K)
[15535.462s][info][gc,metaspace   ] GC(33959) Metaspace: 62415K(62656K)->62415K(62656K) NonClass: 53378K(53568K)->53378K(53568K) Class: 9037K(9088K)->9037K(9088K)
[15535.462s][info][gc             ] GC(33959) Pause Young (Allocation Failure) 381M->301M(383M) 3.929ms
[15535.463s][info][gc,cpu         ] GC(33959) User=0.00s Sys=0.00s Real=0.00s
[15535.879s][info][gc,start       ] GC(33960) Pause Young (Allocation Failure)
[15535.882s][info][gc,heap        ] GC(33960) PSYoungGen: 84480K(84992K)->1504K(84992K) Eden: 82944K(82944K)->0K(82944K) From: 1536K(2048K)->1504K(2048K)
[15535.882s][info][gc,heap        ] GC(33960) ParOldGen: 306746K(307200K)->307962K(308736K)
[15535.882s][info][gc,metaspace   ] GC(33960) Metaspace: 62415K(62656K)->62415K(62656K) NonClass: 53378K(53568K)->53378K(53568K) Class: 9037K(9088K)->9037K(9088K)
[15535.882s][info][gc             ] GC(33960) Pause Young (Allocation Failure) 382M->302M(384M) 3.609ms
[15535.882s][info][gc,cpu         ] GC(33960) User=0.01s Sys=0.00s Real=0.00s
[15536.305s][info][gc,start       ] GC(33961) Pause Young (Allocation Failure)
[15536.310s][info][gc,heap        ] GC(33961) PSYoungGen: 84448K(84992K)->832K(84992K) Eden: 82944K(82944K)->0K(82944K) From: 1504K(2048K)->832K(2048K)
[15536.310s][info][gc,heap        ] GC(33961) ParOldGen: 307962K(308736K)->310202K(310272K)
[15536.310s][info][gc,metaspace   ] GC(33961) Metaspace: 62415K(62656K)->62415K(62656K) NonClass: 53378K(53568K)->53378K(53568K) Class: 9037K(9088K)->9037K(9088K)
[15536.310s][info][gc             ] GC(33961) Pause Young (Allocation Failure) 383M->303M(386M) 4.483ms
[15536.310s][info][gc,cpu         ] GC(33961) User=0.01s Sys=0.00s Real=0.00s
[15536.765s][info][gc,start       ] GC(33962) Pause Young (Allocation Failure)
[15536.768s][info][gc,heap        ] GC(33962) PSYoungGen: 83776K(84992K)->256K(84992K) Eden: 82944K(82944K)->0K(82944K) From: 832K(2048K)->256K(2048K)
[15536.768s][info][gc,heap        ] GC(33962) ParOldGen: 310202K(310272K)->310386K(310784K)
[15536.768s][info][gc,metaspace   ] GC(33962) Metaspace: 62415K(62656K)->62415K(62656K) NonClass: 53378K(53568K)->53378K(53568K) Class: 9037K(9088K)->9037K(9088K)
[15536.768s][info][gc             ] GC(33962) Pause Young (Allocation Failure) 384M->303M(386M) 2.773ms
[15536.768s][info][gc,cpu         ] GC(33962) User=0.01s Sys=0.00s Real=0.00s
[15537.214s][info][gc,start       ] GC(33963) Pause Young (Allocation Failure)
[15537.217s][info][gc,heap        ] GC(33963) PSYoungGen: 83200K(84992K)->832K(84992K) Eden: 82944K(82944K)->0K(82944K) From: 256K(2048K)->832K(2048K)
[15537.217s][info][gc,heap        ] GC(33963) ParOldGen: 310386K(310784K)->310562K(310784K)
[15537.217s][info][gc,metaspace   ] GC(33963) Metaspace: 62415K(62656K)->62415K(62656K) NonClass: 53378K(53568K)->53378K(53568K) Class: 9037K(9088K)->9037K(9088K)
[15537.217s][info][gc             ] GC(33963) Pause Young (Allocation Failure) 384M->304M(386M) 3.374ms
[15537.217s][info][gc,cpu         ] GC(33963) User=0.01s Sys=0.00s Real=0.01s
[15537.680s][info][gc,start       ] GC(33964) Pause Young (Allocation Failure)
[15537.683s][info][gc,heap        ] GC(33964) PSYoungGen: 83776K(84992K)->448K(84992K) Eden: 82944K(82944K)->0K(82944K) From: 832K(2048K)->448K(2048K)
[15537.683s][info][gc,heap        ] GC(33964) ParOldGen: 310562K(310784K)->310738K(310784K)
[15537.683s][info][gc,metaspace   ] GC(33964) Metaspace: 62415K(62656K)->62415K(62656K) NonClass: 53378K(53568K)->53378K(53568K) Class: 9037K(9088K)->9037K(9088K)
[15537.683s][info][gc             ] GC(33964) Pause Young (Allocation Failure) 385M->303M(386M) 2.926ms
[15537.683s][info][gc,cpu         ] GC(33964) User=0.01s Sys=0.00s Real=0.00s
[15538.146s][info][gc,start       ] GC(33965) Pause Young (Allocation Failure)
[15538.150s][info][gc,heap        ] GC(33965) PSYoungGen: 83392K(84992K)->1280K(84992K) Eden: 82944K(82944K)->0K(82944K) From: 448K(2048K)->1280K(2048K)
[15538.150s][info][gc,heap        ] GC(33965) ParOldGen: 310738K(310784K)->310922K(311296K)
[15538.150s][info][gc,metaspace   ] GC(33965) Metaspace: 62415K(62656K)->62415K(62656K) NonClass: 53378K(53568K)->53378K(53568K) Class: 9037K(9088K)->9037K(9088K)
[15538.150s][info][gc             ] GC(33965) Pause Young (Allocation Failure) 384M->304M(387M) 3.719ms
[15538.150s][info][gc,cpu         ] GC(33965) User=0.01s Sys=0.00s Real=0.00s
[15538.609s][info][gc,start       ] GC(33966) Pause Young (Allocation Failure)
[15538.612s][info][gc,heap        ] GC(33966) PSYoungGen: 84224K(84992K)->864K(84992K) Eden: 82944K(82944K)->0K(82944K) From: 1280K(2048K)->864K(2048K)
[15538.612s][info][gc,heap        ] GC(33966) ParOldGen: 310922K(311296K)->311106K(311296K)
[15538.612s][info][gc,metaspace   ] GC(33966) Metaspace: 62415K(62656K)->62415K(62656K) NonClass: 53378K(53568K)->53378K(53568K) Class: 9037K(9088K)->9037K(9088K)
[15538.612s][info][gc             ] GC(33966) Pause Young (Allocation Failure) 385M->304M(387M) 3.264ms
[15538.613s][info][gc,cpu         ] GC(33966) User=0.01s Sys=0.00s Real=0.00s
[15539.043s][info][gc,start       ] GC(33967) Pause Young (Allocation Failure)
[15539.047s][info][gc,heap        ] GC(33967) PSYoungGen: 83808K(84992K)->1152K(84992K) Eden: 82944K(82944K)->0K(82944K) From: 864K(2048K)->1152K(2048K)
[15539.047s][info][gc,heap        ] GC(33967) ParOldGen: 311106K(311296K)->311298K(311808K)
[15539.047s][info][gc,metaspace   ] GC(33967) Metaspace: 62415K(62656K)->62415K(62656K) NonClass: 53378K(53568K)->53378K(53568K) Class: 9037K(9088K)->9037K(9088K)
[15539.047s][info][gc             ] GC(33967) Pause Young (Allocation Failure) 385M->305M(387M) 3.809ms
[15539.047s][info][gc,cpu         ] GC(33967) User=0.01s Sys=0.00s Real=0.01s
[15539.485s][info][gc,start       ] GC(33968) Pause Young (Allocation Failure)
[15539.488s][info][gc,heap        ] GC(33968) PSYoungGen: 84096K(84992K)->544K(84992K) Eden: 82944K(82944K)->0K(82944K) From: 1152K(2048K)->544K(2048K)
[15539.488s][info][gc,heap        ] GC(33968) ParOldGen: 311298K(311808K)->311490K(311808K)
[15539.488s][info][gc,metaspace   ] GC(33968) Metaspace: 62415K(62656K)->62415K(62656K) NonClass: 53378K(53568K)->53378K(53568K) Class: 9037K(9088K)->9037K(9088K)
[15539.488s][info][gc             ] GC(33968) Pause Young (Allocation Failure) 386M->304M(387M) 3.148ms
[15539.488s][info][gc,cpu         ] GC(33968) User=0.01s Sys=0.00s Real=0.00s
[15539.900s][info][gc,start       ] GC(33969) Pause Young (Allocation Failure)
[15539.903s][info][gc,heap        ] GC(33969) PSYoungGen: 83488K(84992K)->736K(84992K) Eden: 82944K(82944K)->0K(82944K) From: 544K(2048K)->736K(2048K)
[15539.903s][info][gc,heap        ] GC(33969) ParOldGen: 311490K(311808K)->311682K(311808K)
[15539.903s][info][gc,metaspace   ] GC(33969) Metaspace: 62415K(62656K)->62415K(62656K) NonClass: 53378K(53568K)->53378K(53568K) Class: 9037K(9088K)->9037K(9088K)
[15539.903s][info][gc             ] GC(33969) Pause Young (Allocation Failure) 385M->305M(387M) 3.378ms
[15539.903s][info][gc,cpu         ] GC(33969) User=0.01s Sys=0.00s Real=0.00s
[15540.323s][info][gc,start       ] GC(33970) Pause Young (Allocation Failure)
[15540.327s][info][gc,heap        ] GC(33970) PSYoungGen: 83680K(84992K)->1088K(84992K) Eden: 82944K(82944K)->0K(82944K) From: 736K(2048K)->1088K(2048K)
[15540.327s][info][gc,heap        ] GC(33970) ParOldGen: 311682K(311808K)->311858K(312320K)
[15540.327s][info][gc,metaspace   ] GC(33970) Metaspace: 62415K(62656K)->62415K(62656K) NonClass: 53378K(53568K)->53378K(53568K) Class: 9037K(9088K)->9037K(9088K)
[15540.327s][info][gc             ] GC(33970) Pause Young (Allocation Failure) 386M->305M(388M) 3.576ms
[15540.327s][info][gc,cpu         ] GC(33970) User=0.01s Sys=0.00s Real=0.01s
[15540.796s][info][gc,start       ] GC(33971) Pause Young (Allocation Failure)
[15540.799s][info][gc,heap        ] GC(33971) PSYoungGen: 84032K(84992K)->736K(84992K) Eden: 82944K(82944K)->0K(82944K) From: 1088K(2048K)->736K(2048K)
[15540.799s][info][gc,heap        ] GC(33971) ParOldGen: 311858K(312320K)->312042K(312320K)
[15540.799s][info][gc,metaspace   ] GC(33971) Metaspace: 62415K(62656K)->62415K(62656K) NonClass: 53378K(53568K)->53378K(53568K) Class: 9037K(9088K)->9037K(9088K)
[15540.799s][info][gc             ] GC(33971) Pause Young (Allocation Failure) 386M->305M(388M) 3.273ms
[15540.799s][info][gc,cpu         ] GC(33971) User=0.01s Sys=0.00s Real=0.00s
[15541.230s][info][gc,start       ] GC(33972) Pause Young (Allocation Failure)
[15541.234s][info][gc,heap        ] GC(33972) PSYoungGen: 83680K(84992K)->1184K(84992K) Eden: 82944K(82944K)->0K(82944K) From: 736K(2048K)->1184K(2048K)
[15541.234s][info][gc,heap        ] GC(33972) ParOldGen: 312042K(312320K)->312274K(312320K)
[15541.234s][info][gc,metaspace   ] GC(33972) Metaspace: 62415K(62656K)->62415K(62656K) NonClass: 53378K(53568K)->53378K(53568K) Class: 9037K(9088K)->9037K(9088K)
[15541.234s][info][gc             ] GC(33972) Pause Young (Allocation Failure) 386M->306M(388M) 3.606ms
[15541.234s][info][gc,cpu         ] GC(33972) User=0.01s Sys=0.00s Real=0.00s
[15541.636s][info][gc,start       ] GC(33973) Pause Young (Allocation Failure)
[15541.641s][info][gc,heap        ] GC(33973) PSYoungGen: 84128K(84992K)->2016K(83968K) Eden: 82944K(82944K)->0K(81920K) From: 1184K(2048K)->2016K(2048K)
[15541.641s][info][gc,heap        ] GC(33973) ParOldGen: 312274K(312320K)->313666K(313856K)
[15541.641s][info][gc,metaspace   ] GC(33973) Metaspace: 62415K(62656K)->62415K(62656K) NonClass: 53378K(53568K)->53378K(53568K) Class: 9037K(9088K)->9037K(9088K)
[15541.641s][info][gc             ] GC(33973) Pause Young (Allocation Failure) 387M->308M(388M) 4.418ms
[15541.641s][info][gc,cpu         ] GC(33973) User=0.01s Sys=0.00s Real=0.00s
[15542.044s][info][gc,start       ] GC(33974) Pause Young (Allocation Failure)
[15542.048s][info][gc,heap        ] GC(33974) PSYoungGen: 83936K(83968K)->1280K(84480K) Eden: 81920K(81920K)->0K(81920K) From: 2016K(2048K)->1280K(2560K)
[15542.048s][info][gc,heap        ] GC(33974) ParOldGen: 313666K(313856K)->315794K(316928K)
[15542.048s][info][gc,metaspace   ] GC(33974) Metaspace: 62415K(62656K)->62415K(62656K) NonClass: 53378K(53568K)->53378K(53568K) Class: 9037K(9088K)->9037K(9088K)
[15542.048s][info][gc             ] GC(33974) Pause Young (Allocation Failure) 388M->309M(392M) 4.498ms
[15542.048s][info][gc,cpu         ] GC(33974) User=0.01s Sys=0.00s Real=0.01s
[15542.470s][info][gc,start       ] GC(33975) Pause Young (Allocation Failure)
[15542.473s][info][gc,heap        ] GC(33975) PSYoungGen: 83200K(84480K)->352K(84480K) Eden: 81920K(81920K)->0K(81920K) From: 1280K(2560K)->352K(2560K)
[15542.473s][info][gc,heap        ] GC(33975) ParOldGen: 315794K(316928K)->315986K(316928K)
[15542.473s][info][gc,metaspace   ] GC(33975) Metaspace: 62415K(62656K)->62415K(62656K) NonClass: 53378K(53568K)->53378K(53568K) Class: 9037K(9088K)->9037K(9088K)
[15542.473s][info][gc             ] GC(33975) Pause Young (Allocation Failure) 389M->308M(392M) 2.924ms
[15542.473s][info][gc,cpu         ] GC(33975) User=0.00s Sys=0.00s Real=0.00s
[15542.852s][info][gc,start       ] GC(33976) Pause Young (Allocation Failure)
[15542.856s][info][gc,heap        ] GC(33976) PSYoungGen: 82272K(84480K)->1536K(84480K) Eden: 81920K(81920K)->0K(81920K) From: 352K(2560K)->1536K(2560K)
[15542.856s][info][gc,heap        ] GC(33976) ParOldGen: 315986K(316928K)->316170K(316928K)
[15542.856s][info][gc,metaspace   ] GC(33976) Metaspace: 62415K(62656K)->62415K(62656K) NonClass: 53378K(53568K)->53378K(53568K) Class: 9037K(9088K)->9037K(9088K)
[15542.856s][info][gc             ] GC(33976) Pause Young (Allocation Failure) 388M->310M(392M) 3.938ms
[15542.856s][info][gc,cpu         ] GC(33976) User=0.00s Sys=0.00s Real=0.01s
[15543.251s][info][gc,start       ] GC(33977) Pause Young (Allocation Failure)
[15543.255s][info][gc,heap        ] GC(33977) PSYoungGen: 83456K(84480K)->1376K(84480K) Eden: 81920K(81920K)->0K(81920K) From: 1536K(2560K)->1376K(2560K)
[15543.255s][info][gc,heap        ] GC(33977) ParOldGen: 316170K(316928K)->316346K(316928K)
[15543.255s][info][gc,metaspace   ] GC(33977) Metaspace: 62415K(62656K)->62415K(62656K) NonClass: 53378K(53568K)->53378K(53568K) Class: 9037K(9088K)->9037K(9088K)
[15543.255s][info][gc             ] GC(33977) Pause Young (Allocation Failure) 390M->310M(392M) 3.786ms
[15543.255s][info][gc,cpu         ] GC(33977) User=0.01s Sys=0.00s Real=0.01s
[15543.719s][info][gc,start       ] GC(33978) Pause Young (Allocation Failure)
[15543.722s][info][gc,heap        ] GC(33978) PSYoungGen: 83296K(84480K)->896K(84480K) Eden: 81920K(81920K)->0K(81920K) From: 1376K(2560K)->896K(2560K)
[15543.722s][info][gc,heap        ] GC(33978) ParOldGen: 316346K(316928K)->316522K(316928K)
[15543.722s][info][gc,metaspace   ] GC(33978) Metaspace: 62415K(62656K)->62415K(62656K) NonClass: 53378K(53568K)->53378K(53568K) Class: 9037K(9088K)->9037K(9088K)
[15543.722s][info][gc             ] GC(33978) Pause Young (Allocation Failure) 390M->309M(392M) 3.412ms
[15543.722s][info][gc,cpu         ] GC(33978) User=0.01s Sys=0.00s Real=0.00s
[15544.145s][info][gc,start       ] GC(33979) Pause Young (Allocation Failure)
[15544.148s][info][gc,heap        ] GC(33979) PSYoungGen: 82816K(84480K)->1312K(84480K) Eden: 81920K(81920K)->0K(81920K) From: 896K(2560K)->1312K(2560K)
[15544.148s][info][gc,heap        ] GC(33979) ParOldGen: 316522K(316928K)->316714K(316928K)
[15544.148s][info][gc,metaspace   ] GC(33979) Metaspace: 62415K(62656K)->62415K(62656K) NonClass: 53378K(53568K)->53378K(53568K) Class: 9037K(9088K)->9037K(9088K)
[15544.148s][info][gc             ] GC(33979) Pause Young (Allocation Failure) 389M->310M(392M) 3.676ms
[15544.148s][info][gc,cpu         ] GC(33979) User=0.00s Sys=0.00s Real=0.00s
[15544.543s][info][gc,start       ] GC(33980) Pause Young (Allocation Failure)
[15544.546s][info][gc,heap        ] GC(33980) PSYoungGen: 83232K(84480K)->1376K(84480K) Eden: 81920K(81920K)->0K(81920K) From: 1312K(2560K)->1376K(2560K)
[15544.546s][info][gc,heap        ] GC(33980) ParOldGen: 316714K(316928K)->316890K(316928K)
[15544.546s][info][gc,metaspace   ] GC(33980) Metaspace: 62415K(62656K)->62415K(62656K) NonClass: 53378K(53568K)->53378K(53568K) Class: 9037K(9088K)->9037K(9088K)
[15544.546s][info][gc             ] GC(33980) Pause Young (Allocation Failure) 390M->310M(392M) 3.612ms
[15544.546s][info][gc,cpu         ] GC(33980) User=0.01s Sys=0.00s Real=0.01s
[15544.945s][info][gc,start       ] GC(33981) Pause Young (Allocation Failure)
[15544.949s][info][gc,heap        ] GC(33981) PSYoungGen: 83296K(84480K)->1248K(84480K) Eden: 81920K(81920K)->0K(81920K) From: 1376K(2560K)->1248K(2560K)
[15544.949s][info][gc,heap        ] GC(33981) ParOldGen: 316890K(316928K)->317066K(317440K)
[15544.949s][info][gc,metaspace   ] GC(33981) Metaspace: 62415K(62656K)->62415K(62656K) NonClass: 53378K(53568K)->53378K(53568K) Class: 9037K(9088K)->9037K(9088K)
[15544.949s][info][gc             ] GC(33981) Pause Young (Allocation Failure) 390M->310M(392M) 3.654ms
[15544.949s][info][gc,cpu         ] GC(33981) User=0.00s Sys=0.00s Real=0.00s
[15545.348s][info][gc,start       ] GC(33982) Pause Young (Allocation Failure)
[15545.351s][info][gc,heap        ] GC(33982) PSYoungGen: 83168K(84480K)->1408K(84480K) Eden: 81920K(81920K)->0K(81920K) From: 1248K(2560K)->1408K(2560K)
[15545.351s][info][gc,heap        ] GC(33982) ParOldGen: 317066K(317440K)->317234K(317440K)
[15545.351s][info][gc,metaspace   ] GC(33982) Metaspace: 62415K(62656K)->62415K(62656K) NonClass: 53378K(53568K)->53378K(53568K) Class: 9037K(9088K)->9037K(9088K)
[15545.351s][info][gc             ] GC(33982) Pause Young (Allocation Failure) 390M->311M(392M) 3.718ms
[15545.351s][info][gc,cpu         ] GC(33982) User=0.01s Sys=0.00s Real=0.00s
[15545.755s][info][gc,start       ] GC(33983) Pause Young (Allocation Failure)
[15545.759s][info][gc,heap        ] GC(33983) PSYoungGen: 83328K(84480K)->1536K(84480K) Eden: 81920K(81920K)->0K(81920K) From: 1408K(2560K)->1536K(2560K)
[15545.759s][info][gc,heap        ] GC(33983) ParOldGen: 317234K(317440K)->317410K(317440K)
[15545.759s][info][gc,metaspace   ] GC(33983) Metaspace: 62415K(62656K)->62415K(62656K) NonClass: 53378K(53568K)->53378K(53568K) Class: 9037K(9088K)->9037K(9088K)
[15545.759s][info][gc             ] GC(33983) Pause Young (Allocation Failure) 391M->311M(392M) 3.876ms
[15545.759s][info][gc,cpu         ] GC(33983) User=0.01s Sys=0.00s Real=0.00s
[15546.195s][info][gc,start       ] GC(33984) Pause Young (Allocation Failure)
[15546.198s][info][gc,heap        ] GC(33984) PSYoungGen: 83456K(84480K)->640K(84480K) Eden: 81920K(81920K)->0K(81920K) From: 1536K(2560K)->640K(2560K)
[15546.198s][info][gc,heap        ] GC(33984) ParOldGen: 317410K(317440K)->317578K(317952K)
[15546.198s][info][gc,metaspace   ] GC(33984) Metaspace: 62415K(62656K)->62415K(62656K) NonClass: 53378K(53568K)->53378K(53568K) Class: 9037K(9088K)->9037K(9088K)
[15546.198s][info][gc             ] GC(33984) Pause Young (Allocation Failure) 391M->310M(393M) 3.159ms
[15546.198s][info][gc,cpu         ] GC(33984) User=0.00s Sys=0.00s Real=0.00s
[15546.637s][info][gc,start       ] GC(33985) Pause Young (Allocation Failure)
[15546.641s][info][gc,heap        ] GC(33985) PSYoungGen: 82560K(84480K)->1248K(84480K) Eden: 81920K(81920K)->0K(81920K) From: 640K(2560K)->1248K(2560K)
[15546.641s][info][gc,heap        ] GC(33985) ParOldGen: 317578K(317952K)->317746K(317952K)
[15546.641s][info][gc,metaspace   ] GC(33985) Metaspace: 62415K(62656K)->62415K(62656K) NonClass: 53378K(53568K)->53378K(53568K) Class: 9037K(9088K)->9037K(9088K)
[15546.641s][info][gc             ] GC(33985) Pause Young (Allocation Failure) 390M->311M(393M) 3.615ms
[15546.641s][info][gc,cpu         ] GC(33985) User=0.00s Sys=0.00s Real=0.00s
[15547.051s][info][gc,start       ] GC(33986) Pause Young (Allocation Failure)
[15547.056s][info][gc,heap        ] GC(33986) PSYoungGen: 83168K(84480K)->2528K(84480K) Eden: 81920K(81920K)->0K(81920K) From: 1248K(2560K)->2528K(2560K)
[15547.056s][info][gc,heap        ] GC(33986) ParOldGen: 317746K(317952K)->318834K(318976K)
[15547.056s][info][gc,metaspace   ] GC(33986) Metaspace: 62415K(62656K)->62415K(62656K) NonClass: 53378K(53568K)->53378K(53568K) Class: 9037K(9088K)->9037K(9088K)
[15547.056s][info][gc             ] GC(33986) Pause Young (Allocation Failure) 391M->313M(394M) 4.628ms
[15547.056s][info][gc,cpu         ] GC(33986) User=0.01s Sys=0.00s Real=0.01s
[15547.486s][info][gc,start       ] GC(33987) Pause Young (Allocation Failure)
[15547.490s][info][gc,heap        ] GC(33987) PSYoungGen: 84448K(84480K)->544K(83456K) Eden: 81920K(81920K)->0K(80896K) From: 2528K(2560K)->544K(2560K)
[15547.490s][info][gc,heap        ] GC(33987) ParOldGen: 318834K(318976K)->320946K(322048K)
[15547.490s][info][gc,metaspace   ] GC(33987) Metaspace: 62415K(62656K)->62415K(62656K) NonClass: 53378K(53568K)->53378K(53568K) Class: 9037K(9088K)->9037K(9088K)
[15547.490s][info][gc             ] GC(33987) Pause Young (Allocation Failure) 393M->313M(396M) 3.710ms
[15547.490s][info][gc,cpu         ] GC(33987) User=0.01s Sys=0.00s Real=0.00s
[15547.896s][info][gc,start       ] GC(33988) Pause Young (Allocation Failure)
[15547.899s][info][gc,heap        ] GC(33988) PSYoungGen: 81440K(83456K)->704K(83968K) Eden: 80896K(80896K)->0K(80896K) From: 544K(2560K)->704K(3072K)
[15547.899s][info][gc,heap        ] GC(33988) ParOldGen: 320946K(322048K)->321114K(322048K)
[15547.899s][info][gc,metaspace   ] GC(33988) Metaspace: 62415K(62656K)->62415K(62656K) NonClass: 53378K(53568K)->53378K(53568K) Class: 9037K(9088K)->9037K(9088K)
[15547.899s][info][gc             ] GC(33988) Pause Young (Allocation Failure) 392M->314M(396M) 3.076ms
[15547.899s][info][gc,cpu         ] GC(33988) User=0.00s Sys=0.00s Real=0.00s
[15548.299s][info][gc,start       ] GC(33989) Pause Young (Allocation Failure)
[15548.302s][info][gc,heap        ] GC(33989) PSYoungGen: 81600K(83968K)->704K(83968K) Eden: 80896K(80896K)->0K(80896K) From: 704K(3072K)->704K(3072K)
[15548.302s][info][gc,heap        ] GC(33989) ParOldGen: 321114K(322048K)->321282K(322048K)
[15548.302s][info][gc,metaspace   ] GC(33989) Metaspace: 62415K(62656K)->62415K(62656K) NonClass: 53378K(53568K)->53378K(53568K) Class: 9037K(9088K)->9037K(9088K)
[15548.302s][info][gc             ] GC(33989) Pause Young (Allocation Failure) 393M->314M(396M) 3.161ms
[15548.302s][info][gc,cpu         ] GC(33989) User=0.01s Sys=0.00s Real=0.00s
[15548.708s][info][gc,start       ] GC(33990) Pause Young (Allocation Failure)
[15548.711s][info][gc,heap        ] GC(33990) PSYoungGen: 81600K(83968K)->864K(83968K) Eden: 80896K(80896K)->0K(80896K) From: 704K(3072K)->864K(3072K)
[15548.711s][info][gc,heap        ] GC(33990) ParOldGen: 321282K(322048K)->321450K(322048K)
[15548.711s][info][gc,metaspace   ] GC(33990) Metaspace: 62415K(62656K)->62415K(62656K) NonClass: 53378K(53568K)->53378K(53568K) Class: 9037K(9088K)->9037K(9088K)
[15548.711s][info][gc             ] GC(33990) Pause Young (Allocation Failure) 393M->314M(396M) 3.345ms
[15548.711s][info][gc,cpu         ] GC(33990) User=0.01s Sys=0.00s Real=0.00s
[15549.167s][info][gc,start       ] GC(33991) Pause Young (Allocation Failure)
[15549.170s][info][gc,heap        ] GC(33991) PSYoungGen: 81760K(83968K)->336K(83968K) Eden: 80896K(80896K)->0K(80896K) From: 864K(3072K)->336K(3072K)
[15549.170s][info][gc,heap        ] GC(33991) ParOldGen: 321450K(322048K)->321626K(322048K)
[15549.170s][info][gc,metaspace   ] GC(33991) Metaspace: 62415K(62656K)->62415K(62656K) NonClass: 53378K(53568K)->53378K(53568K) Class: 9037K(9088K)->9037K(9088K)
[15549.170s][info][gc             ] GC(33991) Pause Young (Allocation Failure) 393M->314M(396M) 2.838ms
[15549.170s][info][gc,cpu         ] GC(33991) User=0.00s Sys=0.00s Real=0.00s
[15549.604s][info][gc,start       ] GC(33992) Pause Young (Allocation Failure)
[15549.608s][info][gc,heap        ] GC(33992) PSYoungGen: 81232K(83968K)->768K(83968K) Eden: 80896K(80896K)->0K(80896K) From: 336K(3072K)->768K(3072K)
[15549.608s][info][gc,heap        ] GC(33992) ParOldGen: 321626K(322048K)->321850K(322048K)
[15549.608s][info][gc,metaspace   ] GC(33992) Metaspace: 62415K(62656K)->62415K(62656K) NonClass: 53378K(53568K)->53378K(53568K) Class: 9037K(9088K)->9037K(9088K)
[15549.608s][info][gc             ] GC(33992) Pause Young (Allocation Failure) 393M->315M(396M) 3.228ms
[15549.608s][info][gc,cpu         ] GC(33992) User=0.01s Sys=0.00s Real=0.00s
[15550.065s][info][gc,start       ] GC(33993) Pause Young (Allocation Failure)
[15550.068s][info][gc,heap        ] GC(33993) PSYoungGen: 81664K(83968K)->288K(83968K) Eden: 80896K(80896K)->0K(80896K) From: 768K(3072K)->288K(3072K)
[15550.068s][info][gc,heap        ] GC(33993) ParOldGen: 321850K(322048K)->322018K(322048K)
[15550.068s][info][gc,metaspace   ] GC(33993) Metaspace: 62415K(62656K)->62415K(62656K) NonClass: 53378K(53568K)->53378K(53568K) Class: 9037K(9088K)->9037K(9088K)
[15550.068s][info][gc             ] GC(33993) Pause Young (Allocation Failure) 394M->314M(396M) 2.746ms
[15550.068s][info][gc,cpu         ] GC(33993) User=0.00s Sys=0.00s Real=0.00s
[15550.468s][info][gc,start       ] GC(33994) Pause Young (Allocation Failure)
[15550.470s][info][gc,heap        ] GC(33994) PSYoungGen: 81184K(83968K)->320K(83968K) Eden: 80896K(80896K)->0K(80896K) From: 288K(3072K)->320K(3072K)
[15550.470s][info][gc,heap        ] GC(33994) ParOldGen: 322018K(322048K)->322186K(322560K)
[15550.470s][info][gc,metaspace   ] GC(33994) Metaspace: 62415K(62656K)->62415K(62656K) NonClass: 53378K(53568K)->53378K(53568K) Class: 9037K(9088K)->9037K(9088K)
[15550.470s][info][gc             ] GC(33994) Pause Young (Allocation Failure) 393M->314M(397M) 2.745ms
[15550.470s][info][gc,cpu         ] GC(33994) User=0.01s Sys=0.00s Real=0.00s
[15550.866s][info][gc,start       ] GC(33995) Pause Young (Allocation Failure)
[15550.869s][info][gc,heap        ] GC(33995) PSYoungGen: 81216K(83968K)->256K(84480K) Eden: 80896K(80896K)->0K(81920K) From: 320K(3072K)->256K(2560K)
[15550.869s][info][gc,heap        ] GC(33995) ParOldGen: 322186K(322560K)->322362K(322560K)
[15550.869s][info][gc,metaspace   ] GC(33995) Metaspace: 62415K(62656K)->62415K(62656K) NonClass: 53378K(53568K)->53378K(53568K) Class: 9037K(9088K)->9037K(9088K)
[15550.869s][info][gc             ] GC(33995) Pause Young (Allocation Failure) 393M->315M(397M) 2.922ms
[15550.869s][info][gc,cpu         ] GC(33995) User=0.00s Sys=0.00s Real=0.00s
[15551.262s][info][gc,start       ] GC(33996) Pause Young (Allocation Failure)
[15551.266s][info][gc,heap        ] GC(33996) PSYoungGen: 82176K(84480K)->1504K(83456K) Eden: 81920K(81920K)->0K(81920K) From: 256K(2560K)->1504K(1536K)
[15551.266s][info][gc,heap        ] GC(33996) ParOldGen: 322362K(322560K)->322538K(322560K)
[15551.266s][info][gc,metaspace   ] GC(33996) Metaspace: 62415K(62656K)->62415K(62656K) NonClass: 53378K(53568K)->53378K(53568K) Class: 9037K(9088K)->9037K(9088K)
[15551.266s][info][gc             ] GC(33996) Pause Young (Allocation Failure) 395M->316M(396M) 3.873ms
[15551.266s][info][gc,cpu         ] GC(33996) User=0.01s Sys=0.00s Real=0.01s
[15551.685s][info][gc,start       ] GC(33997) Pause Young (Allocation Failure)
[15551.688s][info][gc,heap        ] GC(33997) PSYoungGen: 83424K(83456K)->544K(84480K) Eden: 81920K(81920K)->0K(81408K) From: 1504K(1536K)->544K(3072K)
[15551.688s][info][gc,heap        ] GC(33997) ParOldGen: 322538K(322560K)->322706K(323072K)
[15551.688s][info][gc,metaspace   ] GC(33997) Metaspace: 62415K(62656K)->62415K(62656K) NonClass: 53378K(53568K)->53378K(53568K) Class: 9037K(9088K)->9037K(9088K)
[15551.688s][info][gc             ] GC(33997) Pause Young (Allocation Failure) 396M->315M(398M) 3.078ms
[15551.688s][info][gc,cpu         ] GC(33997) User=0.00s Sys=0.00s Real=0.00s
[15552.127s][info][gc,start       ] GC(33998) Pause Young (Allocation Failure)
[15552.131s][info][gc,heap        ] GC(33998) PSYoungGen: 81952K(84480K)->1024K(83968K) Eden: 81408K(81408K)->0K(81408K) From: 544K(3072K)->1024K(2560K)
[15552.131s][info][gc,heap        ] GC(33998) ParOldGen: 322706K(323072K)->322882K(323072K)
[15552.131s][info][gc,metaspace   ] GC(33998) Metaspace: 62415K(62656K)->62415K(62656K) NonClass: 53378K(53568K)->53378K(53568K) Class: 9037K(9088K)->9037K(9088K)
[15552.131s][info][gc             ] GC(33998) Pause Young (Allocation Failure) 395M->316M(397M) 3.516ms
[15552.131s][info][gc,cpu         ] GC(33998) User=0.01s Sys=0.00s Real=0.00s
[15552.581s][info][gc,start       ] GC(33999) Pause Young (Allocation Failure)
[15552.584s][info][gc,heap        ] GC(33999) PSYoungGen: 82432K(83968K)->2528K(83456K) Eden: 81408K(81408K)->0K(80896K) From: 1024K(2560K)->2528K(2560K)
[15552.584s][info][gc,heap        ] GC(33999) ParOldGen: 322882K(323072K)->323050K(323072K)
[15552.584s][info][gc,metaspace   ] GC(33999) Metaspace: 62415K(62656K)->62415K(62656K) NonClass: 53378K(53568K)->53378K(53568K) Class: 9037K(9088K)->9037K(9088K)
[15552.584s][info][gc             ] GC(33999) Pause Young (Allocation Failure) 395M->317M(397M) 3.218ms
[15552.584s][info][gc,cpu         ] GC(33999) User=0.01s Sys=0.00s Real=0.00s
[15553.018s][info][gc,start       ] GC(34000) Pause Young (Allocation Failure)
[15553.022s][info][gc,heap        ] GC(34000) PSYoungGen: 83424K(83456K)->928K(83968K) Eden: 80896K(80896K)->0K(80896K) From: 2528K(2560K)->928K(3072K)
[15553.022s][info][gc,heap        ] GC(34000) ParOldGen: 323050K(323072K)->325266K(326144K)
[15553.022s][info][gc,metaspace   ] GC(34000) Metaspace: 62415K(62656K)->62415K(62656K) NonClass: 53378K(53568K)->53378K(53568K) Class: 9037K(9088K)->9037K(9088K)
[15553.022s][info][gc             ] GC(34000) Pause Young (Allocation Failure) 396M->318M(400M) 4.505ms
[15553.022s][info][gc,cpu         ] GC(34000) User=0.00s Sys=0.00s Real=0.00s
[15553.465s][info][gc,start       ] GC(34001) Pause Young (Allocation Failure)
[15553.468s][info][gc,heap        ] GC(34001) PSYoungGen: 81824K(83968K)->256K(83968K) Eden: 80896K(80896K)->0K(80896K) From: 928K(3072K)->256K(3072K)
[15553.468s][info][gc,heap        ] GC(34001) ParOldGen: 325266K(326144K)->325442K(326144K)
[15553.468s][info][gc,metaspace   ] GC(34001) Metaspace: 62415K(62656K)->62415K(62656K) NonClass: 53378K(53568K)->53378K(53568K) Class: 9037K(9088K)->9037K(9088K)
[15553.468s][info][gc             ] GC(34001) Pause Young (Allocation Failure) 397M->318M(400M) 2.847ms
[15553.468s][info][gc,cpu         ] GC(34001) User=0.01s Sys=0.00s Real=0.00s
[15553.897s][info][gc,start       ] GC(34002) Pause Young (Allocation Failure)
[15553.900s][info][gc,heap        ] GC(34002) PSYoungGen: 81152K(83968K)->640K(83968K) Eden: 80896K(80896K)->0K(80896K) From: 256K(3072K)->640K(3072K)
[15553.900s][info][gc,heap        ] GC(34002) ParOldGen: 325442K(326144K)->325610K(326144K)
[15553.900s][info][gc,metaspace   ] GC(34002) Metaspace: 62415K(62656K)->62415K(62656K) NonClass: 53378K(53568K)->53378K(53568K) Class: 9037K(9088K)->9037K(9088K)
[15553.900s][info][gc             ] GC(34002) Pause Young (Allocation Failure) 397M->318M(400M) 3.074ms
[15553.900s][info][gc,cpu         ] GC(34002) User=0.01s Sys=0.00s Real=0.00s
[15554.305s][info][gc,start       ] GC(34003) Pause Young (Allocation Failure)
[15554.308s][info][gc,heap        ] GC(34003) PSYoungGen: 81536K(83968K)->832K(84480K) Eden: 80896K(80896K)->0K(81408K) From: 640K(3072K)->832K(3072K)
[15554.308s][info][gc,heap        ] GC(34003) ParOldGen: 325610K(326144K)->325778K(326144K)
[15554.308s][info][gc,metaspace   ] GC(34003) Metaspace: 62415K(62656K)->62415K(62656K) NonClass: 53378K(53568K)->53378K(53568K) Class: 9037K(9088K)->9037K(9088K)
[15554.308s][info][gc             ] GC(34003) Pause Young (Allocation Failure) 397M->318M(401M) 3.176ms
[15554.308s][info][gc,cpu         ] GC(34003) User=0.01s Sys=0.00s Real=0.00s
[15554.720s][info][gc,start       ] GC(34004) Pause Young (Allocation Failure)
[15554.723s][info][gc,heap        ] GC(34004) PSYoungGen: 82240K(84480K)->960K(83968K) Eden: 81408K(81408K)->0K(81408K) From: 832K(3072K)->960K(2560K)
[15554.723s][info][gc,heap        ] GC(34004) ParOldGen: 325778K(326144K)->325946K(326144K)
[15554.723s][info][gc,metaspace   ] GC(34004) Metaspace: 62415K(62656K)->62415K(62656K) NonClass: 53378K(53568K)->53378K(53568K) Class: 9037K(9088K)->9037K(9088K)
[15554.723s][info][gc             ] GC(34004) Pause Young (Allocation Failure) 398M->319M(400M) 3.449ms
[15554.723s][info][gc,cpu         ] GC(34004) User=0.00s Sys=0.00s Real=0.00s
[15555.131s][info][gc,start       ] GC(34005) Pause Young (Allocation Failure)
[15555.134s][info][gc,heap        ] GC(34005) PSYoungGen: 82368K(83968K)->1120K(84480K) Eden: 81408K(81408K)->0K(81920K) From: 960K(2560K)->1120K(2560K)
[15555.134s][info][gc,heap        ] GC(34005) ParOldGen: 325946K(326144K)->326114K(326144K)
[15555.134s][info][gc,metaspace   ] GC(34005) Metaspace: 62415K(62656K)->62415K(62656K) NonClass: 53378K(53568K)->53378K(53568K) Class: 9037K(9088K)->9037K(9088K)
[15555.134s][info][gc             ] GC(34005) Pause Young (Allocation Failure) 398M->319M(401M) 3.563ms
[15555.134s][info][gc,cpu         ] GC(34005) User=0.01s Sys=0.00s Real=0.00s
[15555.552s][info][gc,start       ] GC(34006) Pause Young (Allocation Failure)
[15555.555s][info][gc,heap        ] GC(34006) PSYoungGen: 83040K(84480K)->1408K(84480K) Eden: 81920K(81920K)->0K(81920K) From: 1120K(2560K)->1408K(2560K)
[15555.555s][info][gc,heap        ] GC(34006) ParOldGen: 326114K(326144K)->326274K(326656K)
[15555.555s][info][gc,metaspace   ] GC(34006) Metaspace: 62415K(62656K)->62415K(62656K) NonClass: 53378K(53568K)->53378K(53568K) Class: 9037K(9088K)->9037K(9088K)
[15555.555s][info][gc             ] GC(34006) Pause Young (Allocation Failure) 399M->320M(401M) 3.845ms
[15555.555s][info][gc,cpu         ] GC(34006) User=0.01s Sys=0.00s Real=0.01s
[15556.044s][info][gc,start       ] GC(34007) Pause Young (Allocation Failure)
[15556.047s][info][gc,heap        ] GC(34007) PSYoungGen: 83328K(84480K)->1216K(84480K) Eden: 81920K(81920K)->0K(81920K) From: 1408K(2560K)->1216K(2560K)
[15556.047s][info][gc,heap        ] GC(34007) ParOldGen: 326274K(326656K)->326434K(326656K)
[15556.047s][info][gc,metaspace   ] GC(34007) Metaspace: 62415K(62656K)->62415K(62656K) NonClass: 53378K(53568K)->53378K(53568K) Class: 9037K(9088K)->9037K(9088K)
[15556.047s][info][gc             ] GC(34007) Pause Young (Allocation Failure) 400M->319M(401M) 3.739ms
[15556.047s][info][gc,cpu         ] GC(34007) User=0.01s Sys=0.00s Real=0.01s
[15556.509s][info][gc,start       ] GC(34008) Pause Young (Allocation Failure)
[15556.512s][info][gc,heap        ] GC(34008) PSYoungGen: 83136K(84480K)->768K(84480K) Eden: 81920K(81920K)->0K(81920K) From: 1216K(2560K)->768K(2560K)
[15556.512s][info][gc,heap        ] GC(34008) ParOldGen: 326434K(326656K)->326602K(326656K)
[15556.512s][info][gc,metaspace   ] GC(34008) Metaspace: 62415K(62656K)->62415K(62656K) NonClass: 53378K(53568K)->53378K(53568K) Class: 9037K(9088K)->9037K(9088K)
[15556.512s][info][gc             ] GC(34008) Pause Young (Allocation Failure) 399M->319M(401M) 3.120ms
[15556.512s][info][gc,cpu         ] GC(34008) User=0.00s Sys=0.00s Real=0.00s
[15556.951s][info][gc,start       ] GC(34009) Pause Young (Allocation Failure)
[15556.955s][info][gc,heap        ] GC(34009) PSYoungGen: 82688K(84480K)->1344K(84480K) Eden: 81920K(81920K)->0K(81920K) From: 768K(2560K)->1344K(2560K)
[15556.955s][info][gc,heap        ] GC(34009) ParOldGen: 326602K(326656K)->326778K(327168K)
[15556.955s][info][gc,metaspace   ] GC(34009) Metaspace: 62415K(62656K)->62415K(62656K) NonClass: 53378K(53568K)->53378K(53568K) Class: 9037K(9088K)->9037K(9088K)
[15556.955s][info][gc             ] GC(34009) Pause Young (Allocation Failure) 399M->320M(402M) 3.725ms
[15556.955s][info][gc,cpu         ] GC(34009) User=0.01s Sys=0.00s Real=0.01s
[15557.403s][info][gc,start       ] GC(34010) Pause Young (Allocation Failure)
[15557.406s][info][gc,heap        ] GC(34010) PSYoungGen: 83264K(84480K)->736K(84480K) Eden: 81920K(81920K)->0K(81920K) From: 1344K(2560K)->736K(2560K)
[15557.406s][info][gc,heap        ] GC(34010) ParOldGen: 326778K(327168K)->326946K(327168K)
[15557.406s][info][gc,metaspace   ] GC(34010) Metaspace: 62415K(62656K)->62415K(62656K) NonClass: 53378K(53568K)->53378K(53568K) Class: 9037K(9088K)->9037K(9088K)
[15557.406s][info][gc             ] GC(34010) Pause Young (Allocation Failure) 400M->320M(402M) 3.107ms
[15557.406s][info][gc,cpu         ] GC(34010) User=0.00s Sys=0.00s Real=0.01s
[15557.849s][info][gc,start       ] GC(34011) Pause Young (Allocation Failure)
[15557.853s][info][gc,heap        ] GC(34011) PSYoungGen: 82656K(84480K)->1280K(84480K) Eden: 81920K(81920K)->0K(81920K) From: 736K(2560K)->1280K(2560K)
[15557.853s][info][gc,heap        ] GC(34011) ParOldGen: 326946K(327168K)->327114K(327168K)
[15557.853s][info][gc,metaspace   ] GC(34011) Metaspace: 62415K(62656K)->62415K(62656K) NonClass: 53378K(53568K)->53378K(53568K) Class: 9037K(9088K)->9037K(9088K)
[15557.853s][info][gc             ] GC(34011) Pause Young (Allocation Failure) 400M->320M(402M) 3.647ms
[15557.853s][info][gc,cpu         ] GC(34011) User=0.01s Sys=0.00s Real=0.00s
[15558.328s][info][gc,start       ] GC(34012) Pause Young (Allocation Failure)
[15558.332s][info][gc,heap        ] GC(34012) PSYoungGen: 83200K(84480K)->2528K(84480K) Eden: 81920K(81920K)->0K(81920K) From: 1280K(2560K)->2528K(2560K)
[15558.332s][info][gc,heap        ] GC(34012) ParOldGen: 327114K(327168K)->327962K(328192K)
[15558.332s][info][gc,metaspace   ] GC(34012) Metaspace: 62415K(62656K)->62415K(62656K) NonClass: 53378K(53568K)->53378K(53568K) Class: 9037K(9088K)->9037K(9088K)
[15558.332s][info][gc             ] GC(34012) Pause Young (Allocation Failure) 400M->322M(403M) 4.228ms
[15558.332s][info][gc,cpu         ] GC(34012) User=0.01s Sys=0.01s Real=0.00s
[15558.753s][info][gc,start       ] GC(34013) Pause Young (Allocation Failure)
[15558.757s][info][gc,heap        ] GC(34013) PSYoungGen: 84448K(84480K)->1440K(83456K) Eden: 81920K(81920K)->0K(80896K) From: 2528K(2560K)->1440K(2560K)
[15558.757s][info][gc,heap        ] GC(34013) ParOldGen: 327962K(328192K)->330082K(331264K)
[15558.757s][info][gc,metaspace   ] GC(34013) Metaspace: 62415K(62656K)->62415K(62656K) NonClass: 53378K(53568K)->53378K(53568K) Class: 9037K(9088K)->9037K(9088K)
[15558.757s][info][gc             ] GC(34013) Pause Young (Allocation Failure) 402M->323M(405M) 4.508ms
[15558.758s][info][gc,cpu         ] GC(34013) User=0.01s Sys=0.00s Real=0.01s
[15559.265s][info][gc,start       ] GC(34014) Pause Young (Allocation Failure)
[15559.268s][info][gc,heap        ] GC(34014) PSYoungGen: 82336K(83456K)->256K(83968K) Eden: 80896K(80896K)->0K(80896K) From: 1440K(2560K)->256K(3072K)
[15559.268s][info][gc,heap        ] GC(34014) ParOldGen: 330082K(331264K)->330250K(331264K)
[15559.268s][info][gc,metaspace   ] GC(34014) Metaspace: 62415K(62656K)->62415K(62656K) NonClass: 53378K(53568K)->53378K(53568K) Class: 9037K(9088K)->9037K(9088K)
[15559.268s][info][gc             ] GC(34014) Pause Young (Allocation Failure) 402M->322M(405M) 2.832ms
[15559.268s][info][gc,cpu         ] GC(34014) User=0.00s Sys=0.00s Real=0.00s
[15559.750s][info][gc,start       ] GC(34015) Pause Young (Allocation Failure)
[15559.754s][info][gc,heap        ] GC(34015) PSYoungGen: 81152K(83968K)->1248K(83968K) Eden: 80896K(80896K)->0K(80896K) From: 256K(3072K)->1248K(3072K)
[15559.754s][info][gc,heap        ] GC(34015) ParOldGen: 330250K(331264K)->330410K(331264K)
[15559.754s][info][gc,metaspace   ] GC(34015) Metaspace: 62415K(62656K)->62415K(62656K) NonClass: 53378K(53568K)->53378K(53568K) Class: 9037K(9088K)->9037K(9088K)
[15559.754s][info][gc             ] GC(34015) Pause Young (Allocation Failure) 401M->323M(405M) 3.667ms
[15559.754s][info][gc,cpu         ] GC(34015) User=0.01s Sys=0.00s Real=0.00s
[15560.158s][info][gc,start       ] GC(34016) Pause Young (Allocation Failure)
[15560.162s][info][gc,heap        ] GC(34016) PSYoungGen: 82144K(83968K)->1504K(83968K) Eden: 80896K(80896K)->0K(80896K) From: 1248K(3072K)->1504K(3072K)
[15560.162s][info][gc,heap        ] GC(34016) ParOldGen: 330410K(331264K)->330594K(331264K)
[15560.162s][info][gc,metaspace   ] GC(34016) Metaspace: 62415K(62656K)->62415K(62656K) NonClass: 53378K(53568K)->53378K(53568K) Class: 9037K(9088K)->9037K(9088K)
[15560.162s][info][gc             ] GC(34016) Pause Young (Allocation Failure) 402M->324M(405M) 4.140ms
[15560.162s][info][gc,cpu         ] GC(34016) User=0.00s Sys=0.00s Real=0.00s
[15560.566s][info][gc,start       ] GC(34017) Pause Young (Allocation Failure)
[15560.569s][info][gc,heap        ] GC(34017) PSYoungGen: 82400K(83968K)->256K(83968K) Eden: 80896K(80896K)->0K(80896K) From: 1504K(3072K)->256K(3072K)
[15560.569s][info][gc,heap        ] GC(34017) ParOldGen: 330594K(331264K)->330762K(331264K)
[15560.569s][info][gc,metaspace   ] GC(34017) Metaspace: 62415K(62656K)->62415K(62656K) NonClass: 53378K(53568K)->53378K(53568K) Class: 9037K(9088K)->9037K(9088K)
[15560.569s][info][gc             ] GC(34017) Pause Young (Allocation Failure) 403M->323M(405M) 2.990ms
[15560.569s][info][gc,cpu         ] GC(34017) User=0.00s Sys=0.00s Real=0.00s
[15560.963s][info][gc,start       ] GC(34018) Pause Young (Allocation Failure)
[15560.967s][info][gc,heap        ] GC(34018) PSYoungGen: 81152K(83968K)->1600K(83968K) Eden: 80896K(80896K)->0K(80896K) From: 256K(3072K)->1600K(3072K)
[15560.967s][info][gc,heap        ] GC(34018) ParOldGen: 330762K(331264K)->330930K(331264K)
[15560.967s][info][gc,metaspace   ] GC(34018) Metaspace: 62415K(62656K)->62415K(62656K) NonClass: 53378K(53568K)->53378K(53568K) Class: 9037K(9088K)->9037K(9088K)
[15560.967s][info][gc             ] GC(34018) Pause Young (Allocation Failure) 402M->324M(405M) 3.937ms
[15560.967s][info][gc,cpu         ] GC(34018) User=0.01s Sys=0.00s Real=0.01s
[15561.374s][info][gc,start       ] GC(34019) Pause Young (Allocation Failure)
[15561.377s][info][gc,heap        ] GC(34019) PSYoungGen: 82496K(83968K)->384K(83968K) Eden: 80896K(80896K)->0K(80896K) From: 1600K(3072K)->384K(3072K)
[15561.377s][info][gc,heap        ] GC(34019) ParOldGen: 330930K(331264K)->331098K(331264K)
[15561.377s][info][gc,metaspace   ] GC(34019) Metaspace: 62415K(62656K)->62415K(62656K) NonClass: 53378K(53568K)->53378K(53568K) Class: 9037K(9088K)->9037K(9088K)
[15561.377s][info][gc             ] GC(34019) Pause Young (Allocation Failure) 403M->323M(405M) 3.040ms
[15561.377s][info][gc,cpu         ] GC(34019) User=0.01s Sys=0.00s Real=0.01s
[15561.830s][info][gc,start       ] GC(34020) Pause Young (Allocation Failure)
[15561.834s][info][gc,heap        ] GC(34020) PSYoungGen: 81280K(83968K)->1024K(83968K) Eden: 80896K(80896K)->0K(80896K) From: 384K(3072K)->1024K(3072K)
[15561.834s][info][gc,heap        ] GC(34020) ParOldGen: 331098K(331264K)->331250K(331264K)
[15561.834s][info][gc,metaspace   ] GC(34020) Metaspace: 62415K(62656K)->62415K(62656K) NonClass: 53378K(53568K)->53378K(53568K) Class: 9037K(9088K)->9037K(9088K)
[15561.834s][info][gc             ] GC(34020) Pause Young (Allocation Failure) 402M->324M(405M) 3.399ms
[15561.834s][info][gc,cpu         ] GC(34020) User=0.00s Sys=0.00s Real=0.00s
[15562.232s][info][gc,start       ] GC(34021) Pause Young (Allocation Failure)
[15562.236s][info][gc,heap        ] GC(34021) PSYoungGen: 81920K(83968K)->1216K(84480K) Eden: 80896K(80896K)->0K(81920K) From: 1024K(3072K)->1216K(2560K)
[15562.236s][info][gc,heap        ] GC(34021) ParOldGen: 331250K(331264K)->331418K(331776K)
[15562.236s][info][gc,metaspace   ] GC(34021) Metaspace: 62415K(62656K)->62415K(62656K) NonClass: 53378K(53568K)->53378K(53568K) Class: 9037K(9088K)->9037K(9088K)
[15562.236s][info][gc             ] GC(34021) Pause Young (Allocation Failure) 403M->324M(406M) 3.554ms
[15562.236s][info][gc,cpu         ] GC(34021) User=0.00s Sys=0.00s Real=0.01s
[15562.650s][info][gc,start       ] GC(34022) Pause Young (Allocation Failure)
[15562.654s][info][gc,heap        ] GC(34022) PSYoungGen: 83136K(84480K)->1376K(84480K) Eden: 81920K(81920K)->0K(81920K) From: 1216K(2560K)->1376K(2560K)
[15562.654s][info][gc,heap        ] GC(34022) ParOldGen: 331418K(331776K)->331578K(331776K)
[15562.654s][info][gc,metaspace   ] GC(34022) Metaspace: 62415K(62656K)->62415K(62656K) NonClass: 53378K(53568K)->53378K(53568K) Class: 9037K(9088K)->9037K(9088K)
[15562.654s][info][gc             ] GC(34022) Pause Young (Allocation Failure) 404M->325M(406M) 3.691ms
[15562.654s][info][gc,cpu         ] GC(34022) User=0.01s Sys=0.00s Real=0.00s
[15563.084s][info][gc,start       ] GC(34023) Pause Young (Allocation Failure)
[15563.086s][info][gc,heap        ] GC(34023) PSYoungGen: 83296K(84480K)->512K(84480K) Eden: 81920K(81920K)->0K(81920K) From: 1376K(2560K)->512K(2560K)
[15563.086s][info][gc,heap        ] GC(34023) ParOldGen: 331578K(331776K)->331746K(331776K)
[15563.086s][info][gc,metaspace   ] GC(34023) Metaspace: 62415K(62656K)->62415K(62656K) NonClass: 53378K(53568K)->53378K(53568K) Class: 9037K(9088K)->9037K(9088K)
[15563.086s][info][gc             ] GC(34023) Pause Young (Allocation Failure) 405M->324M(406M) 2.881ms
[15563.086s][info][gc,cpu         ] GC(34023) User=0.00s Sys=0.00s Real=0.01s
[15563.501s][info][gc,start       ] GC(34024) Pause Young (Allocation Failure)
[15563.504s][info][gc,heap        ] GC(34024) PSYoungGen: 82432K(84480K)->736K(84480K) Eden: 81920K(81920K)->0K(81920K) From: 512K(2560K)->736K(2560K)
[15563.504s][info][gc,heap        ] GC(34024) ParOldGen: 331746K(331776K)->331906K(332288K)
[15563.504s][info][gc,metaspace   ] GC(34024) Metaspace: 62415K(62656K)->62415K(62656K) NonClass: 53378K(53568K)->53378K(53568K) Class: 9037K(9088K)->9037K(9088K)
[15563.504s][info][gc             ] GC(34024) Pause Young (Allocation Failure) 404M->324M(407M) 3.128ms
[15563.504s][info][gc,cpu         ] GC(34024) User=0.01s Sys=0.00s Real=0.00s
[15563.910s][info][gc,start       ] GC(34025) Pause Young (Allocation Failure)
[15563.914s][info][gc,heap        ] GC(34025) PSYoungGen: 82656K(84480K)->2528K(83456K) Eden: 81920K(81920K)->0K(80896K) From: 736K(2560K)->2528K(2560K)
[15563.914s][info][gc,heap        ] GC(34025) ParOldGen: 331906K(332288K)->332434K(332800K)
[15563.914s][info][gc,metaspace   ] GC(34025) Metaspace: 62415K(62656K)->62415K(62656K) NonClass: 53378K(53568K)->53378K(53568K) Class: 9037K(9088K)->9037K(9088K)
[15563.914s][info][gc             ] GC(34025) Pause Young (Allocation Failure) 404M->327M(406M) 3.658ms
[15563.914s][info][gc,cpu         ] GC(34025) User=0.00s Sys=0.00s Real=0.00s
[15564.307s][info][gc,start       ] GC(34026) Pause Young (Allocation Failure)
[15564.311s][info][gc,heap        ] GC(34026) PSYoungGen: 83424K(83456K)->832K(83968K) Eden: 80896K(80896K)->0K(80896K) From: 2528K(2560K)->832K(3072K)
[15564.311s][info][gc,heap        ] GC(34026) ParOldGen: 332434K(332800K)->334554K(335872K)
[15564.311s][info][gc,metaspace   ] GC(34026) Metaspace: 62415K(62656K)->62415K(62656K) NonClass: 53378K(53568K)->53378K(53568K) Class: 9037K(9088K)->9037K(9088K)
[15564.311s][info][gc             ] GC(34026) Pause Young (Allocation Failure) 406M->327M(410M) 4.042ms
[15564.311s][info][gc,cpu         ] GC(34026) User=0.01s Sys=0.00s Real=0.00s
[15564.688s][info][gc,start       ] GC(34027) Pause Young (Allocation Failure)
[15564.691s][info][gc,heap        ] GC(34027) PSYoungGen: 81728K(83968K)->576K(83968K) Eden: 80896K(80896K)->0K(80896K) From: 832K(3072K)->576K(3072K)
[15564.691s][info][gc,heap        ] GC(34027) ParOldGen: 334554K(335872K)->334706K(335872K)
[15564.691s][info][gc,metaspace   ] GC(34027) Metaspace: 62415K(62656K)->62415K(62656K) NonClass: 53378K(53568K)->53378K(53568K) Class: 9037K(9088K)->9037K(9088K)
[15564.691s][info][gc             ] GC(34027) Pause Young (Allocation Failure) 406M->327M(410M) 3.012ms
[15564.691s][info][gc,cpu         ] GC(34027) User=0.00s Sys=0.00s Real=0.00s
[15565.136s][info][gc,start       ] GC(34028) Pause Young (Allocation Failure)
[15565.139s][info][gc,heap        ] GC(34028) PSYoungGen: 81472K(83968K)->1152K(83968K) Eden: 80896K(80896K)->0K(80896K) From: 576K(3072K)->1152K(3072K)
[15565.139s][info][gc,heap        ] GC(34028) ParOldGen: 334706K(335872K)->334866K(335872K)
[15565.139s][info][gc,metaspace   ] GC(34028) Metaspace: 62415K(62656K)->62415K(62656K) NonClass: 53378K(53568K)->53378K(53568K) Class: 9037K(9088K)->9037K(9088K)
[15565.139s][info][gc             ] GC(34028) Pause Young (Allocation Failure) 406M->328M(410M) 3.542ms
[15565.139s][info][gc,cpu         ] GC(34028) User=0.00s Sys=0.00s Real=0.00s
[15565.571s][info][gc,start       ] GC(34029) Pause Young (Allocation Failure)
[15565.574s][info][gc,heap        ] GC(34029) PSYoungGen: 82048K(83968K)->320K(83968K) Eden: 80896K(80896K)->0K(80896K) From: 1152K(3072K)->320K(3072K)
[15565.574s][info][gc,heap        ] GC(34029) ParOldGen: 334866K(335872K)->335026K(335872K)
[15565.574s][info][gc,metaspace   ] GC(34029) Metaspace: 62415K(62656K)->62415K(62656K) NonClass: 53378K(53568K)->53378K(53568K) Class: 9037K(9088K)->9037K(9088K)
[15565.574s][info][gc             ] GC(34029) Pause Young (Allocation Failure) 407M->327M(410M) 2.767ms
[15565.574s][info][gc,cpu         ] GC(34029) User=0.01s Sys=0.00s Real=0.00s
[15565.982s][info][gc,start       ] GC(34030) Pause Young (Allocation Failure)
[15565.985s][info][gc,heap        ] GC(34030) PSYoungGen: 81216K(83968K)->480K(83968K) Eden: 80896K(80896K)->0K(80896K) From: 320K(3072K)->480K(3072K)
[15565.985s][info][gc,heap        ] GC(34030) ParOldGen: 335026K(335872K)->335186K(335872K)
[15565.985s][info][gc,metaspace   ] GC(34030) Metaspace: 62415K(62656K)->62415K(62656K) NonClass: 53378K(53568K)->53378K(53568K) Class: 9037K(9088K)->9037K(9088K)
[15565.985s][info][gc             ] GC(34030) Pause Young (Allocation Failure) 406M->327M(410M) 2.936ms
[15565.985s][info][gc,cpu         ] GC(34030) User=0.01s Sys=0.00s Real=0.01s
[15566.390s][info][gc,start       ] GC(34031) Pause Young (Allocation Failure)
[15566.393s][info][gc,heap        ] GC(34031) PSYoungGen: 81376K(83968K)->576K(84480K) Eden: 80896K(80896K)->0K(81920K) From: 480K(3072K)->576K(2560K)
[15566.393s][info][gc,heap        ] GC(34031) ParOldGen: 335186K(335872K)->335346K(335872K)
[15566.393s][info][gc,metaspace   ] GC(34031) Metaspace: 62415K(62656K)->62415K(62656K) NonClass: 53378K(53568K)->53378K(53568K) Class: 9037K(9088K)->9037K(9088K)
[15566.393s][info][gc             ] GC(34031) Pause Young (Allocation Failure) 406M->328M(410M) 2.957ms
[15566.393s][info][gc,cpu         ] GC(34031) User=0.00s Sys=0.00s Real=0.00s
[15566.843s][info][gc,start       ] GC(34032) Pause Young (Allocation Failure)
[15566.846s][info][gc,heap        ] GC(34032) PSYoungGen: 82496K(84480K)->752K(84480K) Eden: 81920K(81920K)->0K(81920K) From: 576K(2560K)->752K(2560K)
[15566.846s][info][gc,heap        ] GC(34032) ParOldGen: 335346K(335872K)->335498K(335872K)
[15566.846s][info][gc,metaspace   ] GC(34032) Metaspace: 62415K(62656K)->62415K(62656K) NonClass: 53378K(53568K)->53378K(53568K) Class: 9037K(9088K)->9037K(9088K)
[15566.846s][info][gc             ] GC(34032) Pause Young (Allocation Failure) 408M->328M(410M) 3.081ms
[15566.846s][info][gc,cpu         ] GC(34032) User=0.00s Sys=0.00s Real=0.01s
[15567.247s][info][gc,start       ] GC(34033) Pause Young (Allocation Failure)
[15567.251s][info][gc,heap        ] GC(34033) PSYoungGen: 82672K(84480K)->1376K(84480K) Eden: 81920K(81920K)->0K(81920K) From: 752K(2560K)->1376K(2560K)
[15567.251s][info][gc,heap        ] GC(34033) ParOldGen: 335498K(335872K)->335706K(335872K)
[15567.251s][info][gc,metaspace   ] GC(34033) Metaspace: 62415K(62656K)->62415K(62656K) NonClass: 53378K(53568K)->53378K(53568K) Class: 9037K(9088K)->9037K(9088K)
[15567.251s][info][gc             ] GC(34033) Pause Young (Allocation Failure) 408M->329M(410M) 4.086ms
[15567.251s][info][gc,cpu         ] GC(34033) User=0.01s Sys=0.00s Real=0.00s
[15567.650s][info][gc,start       ] GC(34034) Pause Young (Allocation Failure)
[15567.654s][info][gc,heap        ] GC(34034) PSYoungGen: 83296K(84480K)->1376K(84480K) Eden: 81920K(81920K)->0K(81920K) From: 1376K(2560K)->1376K(2560K)
[15567.654s][info][gc,heap        ] GC(34034) ParOldGen: 335706K(335872K)->335874K(336384K)
[15567.654s][info][gc,metaspace   ] GC(34034) Metaspace: 62415K(62656K)->62415K(62656K) NonClass: 53378K(53568K)->53378K(53568K) Class: 9037K(9088K)->9037K(9088K)
[15567.654s][info][gc             ] GC(34034) Pause Young (Allocation Failure) 409M->329M(411M) 3.737ms
[15567.654s][info][gc,cpu         ] GC(34034) User=0.01s Sys=0.00s Real=0.00s
[15568.057s][info][gc,start       ] GC(34035) Pause Young (Allocation Failure)
[15568.061s][info][gc,heap        ] GC(34035) PSYoungGen: 83296K(84480K)->1568K(84480K) Eden: 81920K(81920K)->0K(81920K) From: 1376K(2560K)->1568K(2560K)
[15568.061s][info][gc,heap        ] GC(34035) ParOldGen: 335874K(336384K)->336034K(336384K)
[15568.061s][info][gc,metaspace   ] GC(34035) Metaspace: 62415K(62656K)->62415K(62656K) NonClass: 53378K(53568K)->53378K(53568K) Class: 9037K(9088K)->9037K(9088K)
[15568.061s][info][gc             ] GC(34035) Pause Young (Allocation Failure) 409M->329M(411M) 3.737ms
[15568.061s][info][gc,cpu         ] GC(34035) User=0.01s Sys=0.00s Real=0.00s
[15568.474s][info][gc,start       ] GC(34036) Pause Young (Allocation Failure)
[15568.477s][info][gc,heap        ] GC(34036) PSYoungGen: 83488K(84480K)->416K(84480K) Eden: 81920K(81920K)->0K(81920K) From: 1568K(2560K)->416K(2560K)
[15568.477s][info][gc,heap        ] GC(34036) ParOldGen: 336034K(336384K)->336202K(336384K)
[15568.477s][info][gc,metaspace   ] GC(34036) Metaspace: 62415K(62656K)->62415K(62656K) NonClass: 53378K(53568K)->53378K(53568K) Class: 9037K(9088K)->9037K(9088K)
[15568.477s][info][gc             ] GC(34036) Pause Young (Allocation Failure) 409M->328M(411M) 2.717ms
[15568.477s][info][gc,cpu         ] GC(34036) User=0.01s Sys=0.00s Real=0.01s
[15568.859s][info][gc,start       ] GC(34037) Pause Young (Allocation Failure)
[15568.862s][info][gc,heap        ] GC(34037) PSYoungGen: 82336K(84480K)->1632K(84480K) Eden: 81920K(81920K)->0K(81920K) From: 416K(2560K)->1632K(2560K)
[15568.862s][info][gc,heap        ] GC(34037) ParOldGen: 336202K(336384K)->336378K(336384K)
[15568.862s][info][gc,metaspace   ] GC(34037) Metaspace: 62415K(62656K)->62415K(62656K) NonClass: 53378K(53568K)->53378K(53568K) Class: 9037K(9088K)->9037K(9088K)
[15568.862s][info][gc             ] GC(34037) Pause Young (Allocation Failure) 408M->330M(411M) 3.643ms
[15568.862s][info][gc,cpu         ] GC(34037) User=0.01s Sys=0.00s Real=0.00s
[15569.231s][info][gc,start       ] GC(34038) Pause Young (Allocation Failure)
[15569.235s][info][gc,heap        ] GC(34038) PSYoungGen: 83552K(84480K)->2528K(84480K) Eden: 81920K(81920K)->0K(81920K) From: 1632K(2560K)->2528K(2560K)
[15569.235s][info][gc,heap        ] GC(34038) ParOldGen: 336378K(336384K)->337178K(337408K)
[15569.235s][info][gc,metaspace   ] GC(34038) Metaspace: 62415K(62656K)->62415K(62656K) NonClass: 53378K(53568K)->53378K(53568K) Class: 9037K(9088K)->9037K(9088K)
[15569.235s][info][gc             ] GC(34038) Pause Young (Allocation Failure) 410M->331M(412M) 3.844ms
[15569.235s][info][gc,cpu         ] GC(34038) User=0.01s Sys=0.00s Real=0.01s
[15569.635s][info][gc,start       ] GC(34039) Pause Young (Allocation Failure)
[15569.640s][info][gc,heap        ] GC(34039) PSYoungGen: 84448K(84480K)->1280K(83456K) Eden: 81920K(81920K)->0K(80896K) From: 2528K(2560K)->1280K(2560K)
[15569.640s][info][gc,heap        ] GC(34039) ParOldGen: 337178K(337408K)->339306K(340480K)
[15569.640s][info][gc,metaspace   ] GC(34039) Metaspace: 62415K(62656K)->62415K(62656K) NonClass: 53378K(53568K)->53378K(53568K) Class: 9037K(9088K)->9037K(9088K)
[15569.640s][info][gc             ] GC(34039) Pause Young (Allocation Failure) 411M->332M(414M) 4.378ms
[15569.640s][info][gc,cpu         ] GC(34039) User=0.00s Sys=0.01s Real=0.00s
[15570.036s][info][gc,start       ] GC(34040) Pause Young (Allocation Failure)
[15570.039s][info][gc,heap        ] GC(34040) PSYoungGen: 82176K(83456K)->1216K(83968K) Eden: 80896K(80896K)->0K(80896K) From: 1280K(2560K)->1216K(3072K)
[15570.039s][info][gc,heap        ] GC(34040) ParOldGen: 339306K(340480K)->339474K(340480K)
[15570.039s][info][gc,metaspace   ] GC(34040) Metaspace: 62415K(62656K)->62415K(62656K) NonClass: 53378K(53568K)->53378K(53568K) Class: 9037K(9088K)->9037K(9088K)
[15570.039s][info][gc             ] GC(34040) Pause Young (Allocation Failure) 411M->332M(414M) 3.588ms
[15570.040s][info][gc,cpu         ] GC(34040) User=0.00s Sys=0.00s Real=0.00s
[15570.439s][info][gc,start       ] GC(34041) Pause Young (Allocation Failure)
[15570.443s][info][gc,heap        ] GC(34041) PSYoungGen: 82112K(83968K)->1280K(83968K) Eden: 80896K(80896K)->0K(80896K) From: 1216K(3072K)->1280K(3072K)
[15570.443s][info][gc,heap        ] GC(34041) ParOldGen: 339474K(340480K)->339642K(340480K)
[15570.443s][info][gc,metaspace   ] GC(34041) Metaspace: 62415K(62656K)->62415K(62656K) NonClass: 53378K(53568K)->53378K(53568K) Class: 9037K(9088K)->9037K(9088K)
[15570.443s][info][gc             ] GC(34041) Pause Young (Allocation Failure) 411M->332M(414M) 3.875ms
[15570.443s][info][gc,cpu         ] GC(34041) User=0.01s Sys=0.00s Real=0.00s
[15570.840s][info][gc,start       ] GC(34042) Pause Young (Allocation Failure)
[15570.844s][info][gc,heap        ] GC(34042) PSYoungGen: 82176K(83968K)->1312K(83968K) Eden: 80896K(80896K)->0K(80896K) From: 1280K(3072K)->1312K(3072K)
[15570.844s][info][gc,heap        ] GC(34042) ParOldGen: 339642K(340480K)->339794K(340480K)
[15570.844s][info][gc,metaspace   ] GC(34042) Metaspace: 62415K(62656K)->62415K(62656K) NonClass: 53378K(53568K)->53378K(53568K) Class: 9037K(9088K)->9037K(9088K)
[15570.844s][info][gc             ] GC(34042) Pause Young (Allocation Failure) 411M->333M(414M) 3.593ms
[15570.844s][info][gc,cpu         ] GC(34042) User=0.01s Sys=0.00s Real=0.00s
[15571.234s][info][gc,start       ] GC(34043) Pause Young (Allocation Failure)
[15571.238s][info][gc,heap        ] GC(34043) PSYoungGen: 82208K(83968K)->1248K(84480K) Eden: 80896K(80896K)->0K(81408K) From: 1312K(3072K)->1248K(3072K)
[15571.238s][info][gc,heap        ] GC(34043) ParOldGen: 339794K(340480K)->339954K(340480K)
[15571.238s][info][gc,metaspace   ] GC(34043) Metaspace: 62415K(62656K)->62415K(62656K) NonClass: 53378K(53568K)->53378K(53568K) Class: 9037K(9088K)->9037K(9088K)
[15571.238s][info][gc             ] GC(34043) Pause Young (Allocation Failure) 412M->333M(415M) 3.479ms
[15571.238s][info][gc,cpu         ] GC(34043) User=0.00s Sys=0.00s Real=0.01s
[15571.668s][info][gc,start       ] GC(34044) Pause Young (Allocation Failure)
[15571.671s][info][gc,heap        ] GC(34044) PSYoungGen: 82656K(84480K)->320K(83968K) Eden: 81408K(81408K)->0K(81408K) From: 1248K(3072K)->320K(2560K)
[15571.671s][info][gc,heap        ] GC(34044) ParOldGen: 339954K(340480K)->340106K(340480K)
[15571.671s][info][gc,metaspace   ] GC(34044) Metaspace: 62415K(62656K)->62415K(62656K) NonClass: 53378K(53568K)->53378K(53568K) Class: 9037K(9088K)->9037K(9088K)
[15571.671s][info][gc             ] GC(34044) Pause Young (Allocation Failure) 412M->332M(414M) 2.722ms
[15571.671s][info][gc,cpu         ] GC(34044) User=0.01s Sys=0.00s Real=0.00s
[15572.070s][info][gc,start       ] GC(34045) Pause Young (Allocation Failure)
[15572.073s][info][gc,heap        ] GC(34045) PSYoungGen: 81728K(83968K)->320K(84480K) Eden: 81408K(81408K)->0K(81920K) From: 320K(2560K)->320K(2560K)
[15572.073s][info][gc,heap        ] GC(34045) ParOldGen: 340106K(340480K)->340274K(340480K)
[15572.073s][info][gc,metaspace   ] GC(34045) Metaspace: 62415K(62656K)->62415K(62656K) NonClass: 53378K(53568K)->53378K(53568K) Class: 9037K(9088K)->9037K(9088K)
[15572.073s][info][gc             ] GC(34045) Pause Young (Allocation Failure) 411M->332M(415M) 2.762ms
[15572.073s][info][gc,cpu         ] GC(34045) User=0.01s Sys=0.00s Real=0.00s
[15572.517s][info][gc,start       ] GC(34046) Pause Young (Allocation Failure)
[15572.520s][info][gc,heap        ] GC(34046) PSYoungGen: 82240K(84480K)->832K(84480K) Eden: 81920K(81920K)->0K(81920K) From: 320K(2560K)->832K(2560K)
[15572.520s][info][gc,heap        ] GC(34046) ParOldGen: 340274K(340480K)->340442K(340480K)
[15572.520s][info][gc,metaspace   ] GC(34046) Metaspace: 62415K(62656K)->62415K(62656K) NonClass: 53378K(53568K)->53378K(53568K) Class: 9037K(9088K)->9037K(9088K)
[15572.520s][info][gc             ] GC(34046) Pause Young (Allocation Failure) 412M->333M(415M) 3.238ms
[15572.520s][info][gc,cpu         ] GC(34046) User=0.01s Sys=0.00s Real=0.00s
[15572.946s][info][gc,start       ] GC(34047) Pause Young (Allocation Failure)
[15572.949s][info][gc,heap        ] GC(34047) PSYoungGen: 82752K(84480K)->1280K(84480K) Eden: 81920K(81920K)->0K(81920K) From: 832K(2560K)->1280K(2560K)
[15572.949s][info][gc,heap        ] GC(34047) ParOldGen: 340442K(340480K)->340610K(340992K)
[15572.949s][info][gc,metaspace   ] GC(34047) Metaspace: 62415K(62656K)->62415K(62656K) NonClass: 53378K(53568K)->53378K(53568K) Class: 9037K(9088K)->9037K(9088K)
[15572.949s][info][gc             ] GC(34047) Pause Young (Allocation Failure) 413M->333M(415M) 3.699ms
[15572.949s][info][gc,cpu         ] GC(34047) User=0.01s Sys=0.01s Real=0.00s
[15573.389s][info][gc,start       ] GC(34048) Pause Young (Allocation Failure)
[15573.392s][info][gc,heap        ] GC(34048) PSYoungGen: 83200K(84480K)->544K(84480K) Eden: 81920K(81920K)->0K(81920K) From: 1280K(2560K)->544K(2560K)
[15573.392s][info][gc,heap        ] GC(34048) ParOldGen: 340610K(340992K)->340770K(340992K)
[15573.392s][info][gc,metaspace   ] GC(34048) Metaspace: 62415K(62656K)->62415K(62656K) NonClass: 53378K(53568K)->53378K(53568K) Class: 9037K(9088K)->9037K(9088K)
[15573.392s][info][gc             ] GC(34048) Pause Young (Allocation Failure) 413M->333M(415M) 2.936ms
[15573.392s][info][gc,cpu         ] GC(34048) User=0.01s Sys=0.00s Real=0.00s
[15573.792s][info][gc,start       ] GC(34049) Pause Young (Allocation Failure)
[15573.794s][info][gc,heap        ] GC(34049) PSYoungGen: 82464K(84480K)->608K(84480K) Eden: 81920K(81920K)->0K(81920K) From: 544K(2560K)->608K(2560K)
[15573.795s][info][gc,heap        ] GC(34049) ParOldGen: 340770K(340992K)->340922K(340992K)
[15573.795s][info][gc,metaspace   ] GC(34049) Metaspace: 62415K(62656K)->62415K(62656K) NonClass: 53378K(53568K)->53378K(53568K) Class: 9037K(9088K)->9037K(9088K)
[15573.795s][info][gc             ] GC(34049) Pause Young (Allocation Failure) 413M->333M(415M) 3.010ms
[15573.795s][info][gc,cpu         ] GC(34049) User=0.00s Sys=0.00s Real=0.01s
[15574.205s][info][gc,start       ] GC(34050) Pause Young (Allocation Failure)
[15574.208s][info][gc,heap        ] GC(34050) PSYoungGen: 82528K(84480K)->768K(84480K) Eden: 81920K(81920K)->0K(81920K) From: 608K(2560K)->768K(2560K)
[15574.208s][info][gc,heap        ] GC(34050) ParOldGen: 340922K(340992K)->341082K(341504K)
[15574.208s][info][gc,metaspace   ] GC(34050) Metaspace: 62415K(62656K)->62415K(62656K) NonClass: 53378K(53568K)->53378K(53568K) Class: 9037K(9088K)->9037K(9088K)
[15574.208s][info][gc             ] GC(34050) Pause Young (Allocation Failure) 413M->333M(416M) 3.244ms
[15574.208s][info][gc,cpu         ] GC(34050) User=0.01s Sys=0.00s Real=0.00s
[15574.602s][info][gc,start       ] GC(34051) Pause Young (Allocation Failure)
[15574.605s][info][gc,heap        ] GC(34051) PSYoungGen: 82688K(84480K)->768K(84480K) Eden: 81920K(81920K)->0K(81920K) From: 768K(2560K)->768K(2560K)
[15574.605s][info][gc,heap        ] GC(34051) ParOldGen: 341082K(341504K)->341234K(341504K)
[15574.605s][info][gc,metaspace   ] GC(34051) Metaspace: 62415K(62656K)->62415K(62656K) NonClass: 53378K(53568K)->53378K(53568K) Class: 9037K(9088K)->9037K(9088K)
[15574.605s][info][gc             ] GC(34051) Pause Young (Allocation Failure) 413M->333M(416M) 3.062ms
[15574.605s][info][gc,cpu         ] GC(34051) User=0.01s Sys=0.00s Real=0.01s
[15574.987s][info][gc,start       ] GC(34052) Pause Young (Allocation Failure)
[15574.990s][info][gc,heap        ] GC(34052) PSYoungGen: 82688K(84480K)->2528K(84480K) Eden: 81920K(81920K)->0K(81920K) From: 768K(2560K)->2528K(2560K)
[15574.990s][info][gc,heap        ] GC(34052) ParOldGen: 341234K(341504K)->341466K(341504K)
[15574.990s][info][gc,metaspace   ] GC(34052) Metaspace: 62415K(62656K)->62415K(62656K) NonClass: 53378K(53568K)->53378K(53568K) Class: 9037K(9088K)->9037K(9088K)
[15574.990s][info][gc             ] GC(34052) Pause Young (Allocation Failure) 413M->335M(416M) 3.215ms
[15574.990s][info][gc,cpu         ] GC(34052) User=0.00s Sys=0.01s Real=0.00s
[15575.427s][info][gc,start       ] GC(34053) Pause Young (Allocation Failure)
[15575.432s][info][gc,heap        ] GC(34053) PSYoungGen: 84448K(84480K)->1152K(84480K) Eden: 81920K(81920K)->0K(81920K) From: 2528K(2560K)->1152K(2560K)
[15575.432s][info][gc,heap        ] GC(34053) ParOldGen: 341466K(341504K)->343634K(344576K)
[15575.432s][info][gc,metaspace   ] GC(34053) Metaspace: 62415K(62656K)->62415K(62656K) NonClass: 53378K(53568K)->53378K(53568K) Class: 9037K(9088K)->9037K(9088K)
[15575.432s][info][gc             ] GC(34053) Pause Young (Allocation Failure) 415M->336M(419M) 4.454ms
[15575.432s][info][gc,cpu         ] GC(34053) User=0.01s Sys=0.00s Real=0.00s
[15575.836s][info][gc,start       ] GC(34054) Pause Young (Allocation Failure)
[15575.840s][info][gc,heap        ] GC(34054) PSYoungGen: 83072K(84480K)->1216K(84480K) Eden: 81920K(81920K)->0K(81920K) From: 1152K(2560K)->1216K(2560K)
[15575.840s][info][gc,heap        ] GC(34054) ParOldGen: 343634K(344576K)->343842K(344576K)
[15575.840s][info][gc,metaspace   ] GC(34054) Metaspace: 62415K(62656K)->62415K(62656K) NonClass: 53378K(53568K)->53378K(53568K) Class: 9037K(9088K)->9037K(9088K)
[15575.840s][info][gc             ] GC(34054) Pause Young (Allocation Failure) 416M->336M(419M) 3.520ms
[15575.840s][info][gc,cpu         ] GC(34054) User=0.01s Sys=0.00s Real=0.00s
[15576.247s][info][gc,start       ] GC(34055) Pause Young (Allocation Failure)
[15576.250s][info][gc,heap        ] GC(34055) PSYoungGen: 83136K(84480K)->1312K(84480K) Eden: 81920K(81920K)->0K(81920K) From: 1216K(2560K)->1312K(2560K)
[15576.250s][info][gc,heap        ] GC(34055) ParOldGen: 343842K(344576K)->343994K(344576K)
[15576.250s][info][gc,metaspace   ] GC(34055) Metaspace: 62415K(62656K)->62415K(62656K) NonClass: 53378K(53568K)->53378K(53568K) Class: 9037K(9088K)->9037K(9088K)
[15576.250s][info][gc             ] GC(34055) Pause Young (Allocation Failure) 416M->337M(419M) 3.586ms
[15576.250s][info][gc,cpu         ] GC(34055) User=0.01s Sys=0.00s Real=0.00s
[15576.690s][info][gc,start       ] GC(34056) Pause Young (Allocation Failure)
[15576.693s][info][gc,heap        ] GC(34056) PSYoungGen: 83232K(84480K)->544K(84480K) Eden: 81920K(81920K)->0K(81920K) From: 1312K(2560K)->544K(2560K)
[15576.693s][info][gc,heap        ] GC(34056) ParOldGen: 343994K(344576K)->344154K(344576K)
[15576.693s][info][gc,metaspace   ] GC(34056) Metaspace: 62415K(62656K)->62415K(62656K) NonClass: 53378K(53568K)->53378K(53568K) Class: 9037K(9088K)->9037K(9088K)
[15576.694s][info][gc             ] GC(34056) Pause Young (Allocation Failure) 417M->336M(419M) 3.036ms
[15576.694s][info][gc,cpu         ] GC(34056) User=0.01s Sys=0.00s Real=0.00s
[15577.132s][info][gc,start       ] GC(34057) Pause Young (Allocation Failure)
[15577.136s][info][gc,heap        ] GC(34057) PSYoungGen: 82464K(84480K)->1120K(84480K) Eden: 81920K(81920K)->0K(81920K) From: 544K(2560K)->1120K(2560K)
[15577.136s][info][gc,heap        ] GC(34057) ParOldGen: 344154K(344576K)->344314K(344576K)
[15577.136s][info][gc,metaspace   ] GC(34057) Metaspace: 62415K(62656K)->62415K(62656K) NonClass: 53378K(53568K)->53378K(53568K) Class: 9037K(9088K)->9037K(9088K)
[15577.136s][info][gc             ] GC(34057) Pause Young (Allocation Failure) 416M->337M(419M) 3.593ms
[15577.136s][info][gc,cpu         ] GC(34057) User=0.00s Sys=0.00s Real=0.01s
[15577.569s][info][gc,start       ] GC(34058) Pause Young (Allocation Failure)
[15577.571s][info][gc,heap        ] GC(34058) PSYoungGen: 83039K(84480K)->288K(84480K) Eden: 81919K(81920K)->0K(81920K) From: 1120K(2560K)->288K(2560K)
[15577.571s][info][gc,heap        ] GC(34058) ParOldGen: 344314K(344576K)->344482K(344576K)
[15577.571s][info][gc,metaspace   ] GC(34058) Metaspace: 62415K(62656K)->62415K(62656K) NonClass: 53378K(53568K)->53378K(53568K) Class: 9037K(9088K)->9037K(9088K)
[15577.571s][info][gc             ] GC(34058) Pause Young (Allocation Failure) 417M->336M(419M) 2.741ms
[15577.571s][info][gc,cpu         ] GC(34058) User=0.00s Sys=0.00s Real=0.00s
[15578.013s][info][gc,start       ] GC(34059) Pause Young (Allocation Failure)
[15578.017s][info][gc,heap        ] GC(34059) PSYoungGen: 82208K(84480K)->832K(84480K) Eden: 81920K(81920K)->0K(81920K) From: 288K(2560K)->832K(2560K)
[15578.017s][info][gc,heap        ] GC(34059) ParOldGen: 344482K(344576K)->344634K(345088K)
[15578.017s][info][gc,metaspace   ] GC(34059) Metaspace: 62415K(62656K)->62415K(62656K) NonClass: 53378K(53568K)->53378K(53568K) Class: 9037K(9088K)->9037K(9088K)
[15578.017s][info][gc             ] GC(34059) Pause Young (Allocation Failure) 416M->337M(419M) 3.199ms
[15578.017s][info][gc,cpu         ] GC(34059) User=0.00s Sys=0.00s Real=0.01s
[15578.443s][info][gc,start       ] GC(34060) Pause Young (Allocation Failure)
[15578.446s][info][gc,heap        ] GC(34060) PSYoungGen: 82752K(84480K)->1216K(84480K) Eden: 81920K(81920K)->0K(81920K) From: 832K(2560K)->1216K(2560K)
[15578.446s][info][gc,heap        ] GC(34060) ParOldGen: 344634K(345088K)->344794K(345088K)
[15578.446s][info][gc,metaspace   ] GC(34060) Metaspace: 62415K(62656K)->62415K(62656K) NonClass: 53378K(53568K)->53378K(53568K) Class: 9037K(9088K)->9037K(9088K)
[15578.446s][info][gc             ] GC(34060) Pause Young (Allocation Failure) 417M->337M(419M) 3.522ms
[15578.446s][info][gc,cpu         ] GC(34060) User=0.01s Sys=0.00s Real=0.01s
[15578.891s][info][gc,start       ] GC(34061) Pause Young (Allocation Failure)
[15578.894s][info][gc,heap        ] GC(34061) PSYoungGen: 83136K(84480K)->640K(84480K) Eden: 81920K(81920K)->0K(81920K) From: 1216K(2560K)->640K(2560K)
[15578.895s][info][gc,heap        ] GC(34061) ParOldGen: 344794K(345088K)->344946K(345088K)
[15578.895s][info][gc,metaspace   ] GC(34061) Metaspace: 62415K(62656K)->62415K(62656K) NonClass: 53378K(53568K)->53378K(53568K) Class: 9037K(9088K)->9037K(9088K)
[15578.895s][info][gc             ] GC(34061) Pause Young (Allocation Failure) 417M->337M(419M) 3.184ms
[15578.895s][info][gc,cpu         ] GC(34061) User=0.00s Sys=0.00s Real=0.01s
[15579.308s][info][gc,start       ] GC(34062) Pause Young (Allocation Failure)
[15579.311s][info][gc,heap        ] GC(34062) PSYoungGen: 82560K(84480K)->800K(84480K) Eden: 81920K(81920K)->0K(81920K) From: 640K(2560K)->800K(2560K)
[15579.311s][info][gc,heap        ] GC(34062) ParOldGen: 344946K(345088K)->345098K(345600K)
[15579.311s][info][gc,metaspace   ] GC(34062) Metaspace: 62425K(62656K)->62425K(62656K) NonClass: 53388K(53568K)->53388K(53568K) Class: 9037K(9088K)->9037K(9088K)
[15579.311s][info][gc             ] GC(34062) Pause Young (Allocation Failure) 417M->337M(420M) 3.234ms
[15579.311s][info][gc,cpu         ] GC(34062) User=0.01s Sys=0.00s Real=0.00s
[15579.735s][info][gc,start       ] GC(34063) Pause Young (Allocation Failure)
[15579.738s][info][gc,heap        ] GC(34063) PSYoungGen: 82720K(84480K)->1088K(84992K) Eden: 81920K(81920K)->0K(82944K) From: 800K(2560K)->1088K(2048K)
[15579.738s][info][gc,heap        ] GC(34063) ParOldGen: 345098K(345600K)->345258K(345600K)
[15579.738s][info][gc,metaspace   ] GC(34063) Metaspace: 62425K(62656K)->62425K(62656K) NonClass: 53388K(53568K)->53388K(53568K) Class: 9037K(9088K)->9037K(9088K)
[15579.738s][info][gc             ] GC(34063) Pause Young (Allocation Failure) 417M->338M(420M) 3.341ms
[15579.738s][info][gc,cpu         ] GC(34063) User=0.00s Sys=0.00s Real=0.00s
[15580.175s][info][gc,start       ] GC(34064) Pause Young (Allocation Failure)
[15580.177s][info][gc,heap        ] GC(34064) PSYoungGen: 84032K(84992K)->384K(84992K) Eden: 82944K(82944K)->0K(82944K) From: 1088K(2048K)->384K(2048K)
[15580.177s][info][gc,heap        ] GC(34064) ParOldGen: 345258K(345600K)->345410K(345600K)
[15580.177s][info][gc,metaspace   ] GC(34064) Metaspace: 62425K(62656K)->62425K(62656K) NonClass: 53388K(53568K)->53388K(53568K) Class: 9037K(9088K)->9037K(9088K)
[15580.177s][info][gc             ] GC(34064) Pause Young (Allocation Failure) 419M->337M(420M) 2.861ms
[15580.177s][info][gc,cpu         ] GC(34064) User=0.00s Sys=0.00s Real=0.00s
[15580.592s][info][gc,start       ] GC(34065) Pause Young (Allocation Failure)
[15580.596s][info][gc,heap        ] GC(34065) PSYoungGen: 83328K(84992K)->1664K(83968K) Eden: 82944K(82944K)->0K(81920K) From: 384K(2048K)->1664K(2048K)
[15580.596s][info][gc,heap        ] GC(34065) ParOldGen: 345410K(345600K)->346586K(347136K)
[15580.596s][info][gc,metaspace   ] GC(34065) Metaspace: 62425K(62656K)->62425K(62656K) NonClass: 53388K(53568K)->53388K(53568K) Class: 9037K(9088K)->9037K(9088K)
[15580.596s][info][gc             ] GC(34065) Pause Young (Allocation Failure) 418M->340M(421M) 3.682ms
[15580.596s][info][gc,cpu         ] GC(34065) User=0.01s Sys=0.00s Real=0.01s
[15581.006s][info][gc,start       ] GC(34066) Pause Young (Allocation Failure)
[15581.010s][info][gc,heap        ] GC(34066) PSYoungGen: 83584K(83968K)->800K(84480K) Eden: 81920K(81920K)->0K(81920K) From: 1664K(2048K)->800K(2560K)
[15581.010s][info][gc,heap        ] GC(34066) ParOldGen: 346586K(347136K)->348794K(349184K)
[15581.010s][info][gc,metaspace   ] GC(34066) Metaspace: 62425K(62656K)->62425K(62656K) NonClass: 53388K(53568K)->53388K(53568K) Class: 9037K(9088K)->9037K(9088K)
[15581.010s][info][gc             ] GC(34066) Pause Young (Allocation Failure) 420M->341M(423M) 4.297ms
[15581.010s][info][gc,cpu         ] GC(34066) User=0.00s Sys=0.01s Real=0.00s
[15581.413s][info][gc,start       ] GC(34067) Pause Young (Allocation Failure)
[15581.416s][info][gc,heap        ] GC(34067) PSYoungGen: 82720K(84480K)->928K(84992K) Eden: 81920K(81920K)->0K(82944K) From: 800K(2560K)->928K(2048K)
[15581.416s][info][gc,heap        ] GC(34067) ParOldGen: 348794K(349184K)->348954K(349184K)
[15581.416s][info][gc,metaspace   ] GC(34067) Metaspace: 62425K(62656K)->62425K(62656K) NonClass: 53388K(53568K)->53388K(53568K) Class: 9037K(9088K)->9037K(9088K)
[15581.416s][info][gc             ] GC(34067) Pause Young (Allocation Failure) 421M->341M(424M) 3.229ms
[15581.416s][info][gc,cpu         ] GC(34067) User=0.01s Sys=0.00s Real=0.01s
[15581.853s][info][gc,start       ] GC(34068) Pause Young (Allocation Failure)
[15581.857s][info][gc,heap        ] GC(34068) PSYoungGen: 83872K(84992K)->1472K(84992K) Eden: 82944K(82944K)->0K(82944K) From: 928K(2048K)->1472K(2048K)
[15581.857s][info][gc,heap        ] GC(34068) ParOldGen: 348954K(349184K)->349098K(349184K)
[15581.857s][info][gc,metaspace   ] GC(34068) Metaspace: 62425K(62656K)->62425K(62656K) NonClass: 53388K(53568K)->53388K(53568K) Class: 9037K(9088K)->9037K(9088K)
[15581.857s][info][gc             ] GC(34068) Pause Young (Allocation Failure) 422M->342M(424M) 3.900ms
[15581.857s][info][gc,cpu         ] GC(34068) User=0.00s Sys=0.00s Real=0.01s
[15582.267s][info][gc,start       ] GC(34069) Pause Young (Allocation Failure)
[15582.270s][info][gc,heap        ] GC(34069) PSYoungGen: 84416K(84992K)->288K(84992K) Eden: 82944K(82944K)->0K(82944K) From: 1472K(2048K)->288K(2048K)
[15582.270s][info][gc,heap        ] GC(34069) ParOldGen: 349098K(349184K)->349250K(349696K)
[15582.270s][info][gc,metaspace   ] GC(34069) Metaspace: 62425K(62656K)->62425K(62656K) NonClass: 53388K(53568K)->53388K(53568K) Class: 9037K(9088K)->9037K(9088K)
[15582.270s][info][gc             ] GC(34069) Pause Young (Allocation Failure) 423M->341M(424M) 2.860ms
[15582.270s][info][gc,cpu         ] GC(34069) User=0.00s Sys=0.00s Real=0.00s
[15582.698s][info][gc,start       ] GC(34070) Pause Young (Allocation Failure)
[15582.701s][info][gc,heap        ] GC(34070) PSYoungGen: 83232K(84992K)->736K(84992K) Eden: 82944K(82944K)->0K(82944K) From: 288K(2048K)->736K(2048K)
[15582.701s][info][gc,heap        ] GC(34070) ParOldGen: 349250K(349696K)->349418K(349696K)
[15582.701s][info][gc,metaspace   ] GC(34070) Metaspace: 62425K(62656K)->62425K(62656K) NonClass: 53388K(53568K)->53388K(53568K) Class: 9037K(9088K)->9037K(9088K)
[15582.701s][info][gc             ] GC(34070) Pause Young (Allocation Failure) 422M->341M(424M) 3.250ms
[15582.701s][info][gc,cpu         ] GC(34070) User=0.01s Sys=0.00s Real=0.00s
[15583.080s][info][gc,start       ] GC(34071) Pause Young (Allocation Failure)
[15583.083s][info][gc,heap        ] GC(34071) PSYoungGen: 83680K(84992K)->416K(84992K) Eden: 82944K(82944K)->0K(82944K) From: 736K(2048K)->416K(2048K)
[15583.083s][info][gc,heap        ] GC(34071) ParOldGen: 349418K(349696K)->349578K(349696K)
[15583.083s][info][gc,metaspace   ] GC(34071) Metaspace: 62425K(62656K)->62425K(62656K) NonClass: 53388K(53568K)->53388K(53568K) Class: 9037K(9088K)->9037K(9088K)
[15583.083s][info][gc             ] GC(34071) Pause Young (Allocation Failure) 422M->341M(424M) 2.878ms
[15583.083s][info][gc,cpu         ] GC(34071) User=0.01s Sys=0.00s Real=0.00s
[15583.475s][info][gc,start       ] GC(34072) Pause Young (Allocation Failure)
[15583.478s][info][gc,heap        ] GC(34072) PSYoungGen: 83360K(84992K)->384K(84992K) Eden: 82944K(82944K)->0K(82944K) From: 416K(2048K)->384K(2048K)
[15583.478s][info][gc,heap        ] GC(34072) ParOldGen: 349578K(349696K)->349738K(350208K)
[15583.478s][info][gc,metaspace   ] GC(34072) Metaspace: 62425K(62656K)->62425K(62656K) NonClass: 53388K(53568K)->53388K(53568K) Class: 9037K(9088K)->9037K(9088K)
[15583.478s][info][gc             ] GC(34072) Pause Young (Allocation Failure) 422M->341M(425M) 2.939ms
[15583.478s][info][gc,cpu         ] GC(34072) User=0.01s Sys=0.00s Real=0.00s
[15583.997s][info][gc,start       ] GC(34073) Pause Young (Allocation Failure)
[15584.000s][info][gc,heap        ] GC(34073) PSYoungGen: 83328K(84992K)->640K(84992K) Eden: 82944K(82944K)->0K(82944K) From: 384K(2048K)->640K(2048K)
[15584.000s][info][gc,heap        ] GC(34073) ParOldGen: 349738K(350208K)->349890K(350208K)
[15584.000s][info][gc,metaspace   ] GC(34073) Metaspace: 62425K(62656K)->62425K(62656K) NonClass: 53388K(53568K)->53388K(53568K) Class: 9037K(9088K)->9037K(9088K)
[15584.000s][info][gc             ] GC(34073) Pause Young (Allocation Failure) 422M->342M(425M) 3.021ms
[15584.000s][info][gc,cpu         ] GC(34073) User=0.01s Sys=0.00s Real=0.00s
[15584.416s][info][gc,start       ] GC(34074) Pause Young (Allocation Failure)
[15584.419s][info][gc,heap        ] GC(34074) PSYoungGen: 83584K(84992K)->960K(84992K) Eden: 82944K(82944K)->0K(82944K) From: 640K(2048K)->960K(2048K)
[15584.420s][info][gc,heap        ] GC(34074) ParOldGen: 349890K(350208K)->350082K(350208K)
[15584.420s][info][gc,metaspace   ] GC(34074) Metaspace: 62425K(62656K)->62425K(62656K) NonClass: 53388K(53568K)->53388K(53568K) Class: 9037K(9088K)->9037K(9088K)
[15584.420s][info][gc             ] GC(34074) Pause Young (Allocation Failure) 423M->342M(425M) 3.330ms
[15584.420s][info][gc,cpu         ] GC(34074) User=0.01s Sys=0.00s Real=0.00s
[15584.853s][info][gc,start       ] GC(34075) Pause Young (Allocation Failure)
[15584.856s][info][gc,heap        ] GC(34075) PSYoungGen: 83904K(84992K)->1280K(84992K) Eden: 82944K(82944K)->0K(82944K) From: 960K(2048K)->1280K(2048K)
[15584.856s][info][gc,heap        ] GC(34075) ParOldGen: 350082K(350208K)->350234K(350720K)
[15584.856s][info][gc,metaspace   ] GC(34075) Metaspace: 62425K(62656K)->62425K(62656K) NonClass: 53388K(53568K)->53388K(53568K) Class: 9037K(9088K)->9037K(9088K)
[15584.856s][info][gc             ] GC(34075) Pause Young (Allocation Failure) 423M->343M(425M) 3.692ms
[15584.856s][info][gc,cpu         ] GC(34075) User=0.00s Sys=0.00s Real=0.01s
[15585.310s][info][gc,start       ] GC(34076) Pause Young (Allocation Failure)
[15585.314s][info][gc,heap        ] GC(34076) PSYoungGen: 84224K(84992K)->768K(84992K) Eden: 82944K(82944K)->0K(82944K) From: 1280K(2048K)->768K(2048K)
[15585.314s][info][gc,heap        ] GC(34076) ParOldGen: 350234K(350720K)->350394K(350720K)
[15585.314s][info][gc,metaspace   ] GC(34076) Metaspace: 62425K(62656K)->62425K(62656K) NonClass: 53388K(53568K)->53388K(53568K) Class: 9037K(9088K)->9037K(9088K)
[15585.314s][info][gc             ] GC(34076) Pause Young (Allocation Failure) 424M->342M(425M) 3.194ms
[15585.314s][info][gc,cpu         ] GC(34076) User=0.00s Sys=0.00s Real=0.00s
[15585.756s][info][gc,start       ] GC(34077) Pause Young (Allocation Failure)
[15585.760s][info][gc,heap        ] GC(34077) PSYoungGen: 83712K(84992K)->1376K(84992K) Eden: 82944K(82944K)->0K(82944K) From: 768K(2048K)->1376K(2048K)
[15585.760s][info][gc,heap        ] GC(34077) ParOldGen: 350394K(350720K)->350546K(350720K)
[15585.760s][info][gc,metaspace   ] GC(34077) Metaspace: 62425K(62656K)->62425K(62656K) NonClass: 53388K(53568K)->53388K(53568K) Class: 9037K(9088K)->9037K(9088K)
[15585.760s][info][gc             ] GC(34077) Pause Young (Allocation Failure) 423M->343M(425M) 3.646ms
[15585.760s][info][gc,cpu         ] GC(34077) User=0.01s Sys=0.00s Real=0.00s
[15586.183s][info][gc,start       ] GC(34078) Pause Young (Allocation Failure)
[15586.187s][info][gc,heap        ] GC(34078) PSYoungGen: 84320K(84992K)->1504K(84992K) Eden: 82944K(82944K)->0K(82944K) From: 1376K(2048K)->1504K(2048K)
[15586.187s][info][gc,heap        ] GC(34078) ParOldGen: 350546K(350720K)->352754K(353792K)
[15586.188s][info][gc,metaspace   ] GC(34078) Metaspace: 62425K(62656K)->62425K(62656K) NonClass: 53388K(53568K)->53388K(53568K) Class: 9037K(9088K)->9037K(9088K)
[15586.188s][info][gc             ] GC(34078) Pause Young (Allocation Failure) 424M->345M(428M) 4.071ms
[15586.188s][info][gc,cpu         ] GC(34078) User=0.01s Sys=0.00s Real=0.01s
[15586.612s][info][gc,start       ] GC(34079) Pause Young (Allocation Failure)
[15586.616s][info][gc,heap        ] GC(34079) PSYoungGen: 84448K(84992K)->864K(84992K) Eden: 82944K(82944K)->0K(82944K) From: 1504K(2048K)->864K(2048K)
[15586.616s][info][gc,heap        ] GC(34079) ParOldGen: 352754K(353792K)->354954K(355840K)
[15586.616s][info][gc,metaspace   ] GC(34079) Metaspace: 62425K(62656K)->62425K(62656K) NonClass: 53388K(53568K)->53388K(53568K) Class: 9037K(9088K)->9037K(9088K)
[15586.616s][info][gc             ] GC(34079) Pause Young (Allocation Failure) 426M->347M(430M) 4.192ms
[15586.616s][info][gc,cpu         ] GC(34079) User=0.00s Sys=0.00s Real=0.01s
[15587.050s][info][gc,start       ] GC(34080) Pause Young (Allocation Failure)
[15587.053s][info][gc,heap        ] GC(34080) PSYoungGen: 83808K(84992K)->1312K(84992K) Eden: 82944K(82944K)->0K(82944K) From: 864K(2048K)->1312K(2048K)
[15587.053s][info][gc,heap        ] GC(34080) ParOldGen: 354954K(355840K)->355114K(355840K)
[15587.053s][info][gc,metaspace   ] GC(34080) Metaspace: 62425K(62656K)->62425K(62656K) NonClass: 53388K(53568K)->53388K(53568K) Class: 9037K(9088K)->9037K(9088K)
[15587.053s][info][gc             ] GC(34080) Pause Young (Allocation Failure) 428M->348M(430M) 3.611ms
[15587.053s][info][gc,cpu         ] GC(34080) User=0.01s Sys=0.00s Real=0.00s
[15587.472s][info][gc,start       ] GC(34081) Pause Young (Allocation Failure)
[15587.475s][info][gc,heap        ] GC(34081) PSYoungGen: 84256K(84992K)->352K(84992K) Eden: 82944K(82944K)->0K(82944K) From: 1312K(2048K)->352K(2048K)
[15587.475s][info][gc,heap        ] GC(34081) ParOldGen: 355114K(355840K)->355266K(355840K)
[15587.475s][info][gc,metaspace   ] GC(34081) Metaspace: 62425K(62656K)->62425K(62656K) NonClass: 53388K(53568K)->53388K(53568K) Class: 9037K(9088K)->9037K(9088K)
[15587.475s][info][gc             ] GC(34081) Pause Young (Allocation Failure) 429M->347M(430M) 2.761ms
[15587.475s][info][gc,cpu         ] GC(34081) User=0.00s Sys=0.00s Real=0.01s
[15587.876s][info][gc,start       ] GC(34082) Pause Young (Allocation Failure)
[15587.879s][info][gc,heap        ] GC(34082) PSYoungGen: 83296K(84992K)->416K(84992K) Eden: 82944K(82944K)->0K(82944K) From: 352K(2048K)->416K(2048K)
[15587.879s][info][gc,heap        ] GC(34082) ParOldGen: 355266K(355840K)->355426K(355840K)
[15587.879s][info][gc,metaspace   ] GC(34082) Metaspace: 62425K(62656K)->62425K(62656K) NonClass: 53388K(53568K)->53388K(53568K) Class: 9037K(9088K)->9037K(9088K)
[15587.879s][info][gc             ] GC(34082) Pause Young (Allocation Failure) 428M->347M(430M) 2.938ms
[15587.879s][info][gc,cpu         ] GC(34082) User=0.00s Sys=0.00s Real=0.00s
[15588.279s][info][gc,start       ] GC(34083) Pause Young (Allocation Failure)
[15588.282s][info][gc,heap        ] GC(34083) PSYoungGen: 83360K(84992K)->448K(84992K) Eden: 82944K(82944K)->0K(82944K) From: 416K(2048K)->448K(2048K)
[15588.282s][info][gc,heap        ] GC(34083) ParOldGen: 355426K(355840K)->355578K(355840K)
[15588.282s][info][gc,metaspace   ] GC(34083) Metaspace: 62425K(62656K)->62425K(62656K) NonClass: 53388K(53568K)->53388K(53568K) Class: 9037K(9088K)->9037K(9088K)
[15588.282s][info][gc             ] GC(34083) Pause Young (Allocation Failure) 428M->347M(430M) 2.886ms
[15588.282s][info][gc,cpu         ] GC(34083) User=0.00s Sys=0.00s Real=0.00s
[15588.684s][info][gc,start       ] GC(34084) Pause Young (Allocation Failure)
[15588.687s][info][gc,heap        ] GC(34084) PSYoungGen: 83392K(84992K)->512K(84992K) Eden: 82944K(82944K)->0K(82944K) From: 448K(2048K)->512K(2048K)
[15588.687s][info][gc,heap        ] GC(34084) ParOldGen: 355578K(355840K)->355730K(355840K)
[15588.687s][info][gc,metaspace   ] GC(34084) Metaspace: 62425K(62656K)->62425K(62656K) NonClass: 53388K(53568K)->53388K(53568K) Class: 9037K(9088K)->9037K(9088K)
[15588.687s][info][gc             ] GC(34084) Pause Young (Allocation Failure) 428M->347M(430M) 2.952ms
[15588.687s][info][gc,cpu         ] GC(34084) User=0.01s Sys=0.00s Real=0.01s
[15589.083s][info][gc,start       ] GC(34085) Pause Young (Allocation Failure)
[15589.085s][info][gc,heap        ] GC(34085) PSYoungGen: 83456K(84992K)->512K(84992K) Eden: 82944K(82944K)->0K(82944K) From: 512K(2048K)->512K(2048K)
[15589.085s][info][gc,heap        ] GC(34085) ParOldGen: 355730K(355840K)->355882K(356352K)
[15589.085s][info][gc,metaspace   ] GC(34085) Metaspace: 62425K(62656K)->62425K(62656K) NonClass: 53388K(53568K)->53388K(53568K) Class: 9037K(9088K)->9037K(9088K)
[15589.085s][info][gc             ] GC(34085) Pause Young (Allocation Failure) 428M->348M(431M) 2.914ms
[15589.085s][info][gc,cpu         ] GC(34085) User=0.01s Sys=0.00s Real=0.01s
[15589.489s][info][gc,start       ] GC(34086) Pause Young (Allocation Failure)
[15589.491s][info][gc,heap        ] GC(34086) PSYoungGen: 83456K(84992K)->544K(84992K) Eden: 82944K(82944K)->0K(82944K) From: 512K(2048K)->544K(2048K)
[15589.491s][info][gc,heap        ] GC(34086) ParOldGen: 355882K(356352K)->356034K(356352K)
[15589.491s][info][gc,metaspace   ] GC(34086) Metaspace: 62425K(62656K)->62425K(62656K) NonClass: 53388K(53568K)->53388K(53568K) Class: 9037K(9088K)->9037K(9088K)
[15589.492s][info][gc             ] GC(34086) Pause Young (Allocation Failure) 429M->348M(431M) 2.969ms
[15589.492s][info][gc,cpu         ] GC(34086) User=0.00s Sys=0.00s Real=0.00s
[15589.871s][info][gc,start       ] GC(34087) Pause Young (Allocation Failure)
[15589.874s][info][gc,heap        ] GC(34087) PSYoungGen: 83488K(84992K)->320K(84992K) Eden: 82944K(82944K)->0K(82944K) From: 544K(2048K)->320K(2048K)
[15589.874s][info][gc,heap        ] GC(34087) ParOldGen: 356034K(356352K)->356194K(356352K)
[15589.874s][info][gc,metaspace   ] GC(34087) Metaspace: 62425K(62656K)->62425K(62656K) NonClass: 53388K(53568K)->53388K(53568K) Class: 9037K(9088K)->9037K(9088K)
[15589.874s][info][gc             ] GC(34087) Pause Young (Allocation Failure) 429M->348M(431M) 2.783ms
[15589.874s][info][gc,cpu         ] GC(34087) User=0.00s Sys=0.00s Real=0.00s
[15590.260s][info][gc,start       ] GC(34088) Pause Young (Allocation Failure)
[15590.263s][info][gc,heap        ] GC(34088) PSYoungGen: 83264K(84992K)->1664K(84992K) Eden: 82944K(82944K)->0K(82944K) From: 320K(2048K)->1664K(2048K)
[15590.263s][info][gc,heap        ] GC(34088) ParOldGen: 356194K(356352K)->356346K(356352K)
[15590.263s][info][gc,metaspace   ] GC(34088) Metaspace: 62425K(62656K)->62425K(62656K) NonClass: 53388K(53568K)->53388K(53568K) Class: 9037K(9088K)->9037K(9088K)
[15590.264s][info][gc             ] GC(34088) Pause Young (Allocation Failure) 429M->349M(431M) 3.872ms
[15590.264s][info][gc,cpu         ] GC(34088) User=0.00s Sys=0.00s Real=0.00s
[15590.675s][info][gc,start       ] GC(34089) Pause Young (Allocation Failure)
[15590.678s][info][gc,heap        ] GC(34089) PSYoungGen: 84608K(84992K)->384K(84992K) Eden: 82944K(82944K)->0K(82944K) From: 1664K(2048K)->384K(2048K)
[15590.678s][info][gc,heap        ] GC(34089) ParOldGen: 356346K(356352K)->356498K(356864K)
[15590.678s][info][gc,metaspace   ] GC(34089) Metaspace: 62425K(62656K)->62425K(62656K) NonClass: 53388K(53568K)->53388K(53568K) Class: 9037K(9088K)->9037K(9088K)
[15590.678s][info][gc             ] GC(34089) Pause Young (Allocation Failure) 430M->348M(431M) 2.834ms
[15590.678s][info][gc,cpu         ] GC(34089) User=0.00s Sys=0.00s Real=0.00s
[15591.102s][info][gc,start       ] GC(34090) Pause Young (Allocation Failure)
[15591.105s][info][gc,heap        ] GC(34090) PSYoungGen: 83328K(84992K)->832K(84992K) Eden: 82944K(82944K)->0K(82944K) From: 384K(2048K)->832K(2048K)
[15591.105s][info][gc,heap        ] GC(34090) ParOldGen: 356498K(356864K)->356650K(356864K)
[15591.106s][info][gc,metaspace   ] GC(34090) Metaspace: 62425K(62656K)->62425K(62656K) NonClass: 53388K(53568K)->53388K(53568K) Class: 9037K(9088K)->9037K(9088K)
[15591.106s][info][gc             ] GC(34090) Pause Young (Allocation Failure) 429M->349M(431M) 3.238ms
[15591.106s][info][gc,cpu         ] GC(34090) User=0.00s Sys=0.00s Real=0.01s
[15591.496s][info][gc,start       ] GC(34091) Pause Young (Allocation Failure)
[15591.499s][info][gc,heap        ] GC(34091) PSYoungGen: 83776K(84992K)->736K(84992K) Eden: 82944K(82944K)->0K(82944K) From: 832K(2048K)->736K(2048K)
[15591.499s][info][gc,heap        ] GC(34091) ParOldGen: 356650K(356864K)->356802K(356864K)
[15591.499s][info][gc,metaspace   ] GC(34091) Metaspace: 62425K(62656K)->62425K(62656K) NonClass: 53388K(53568K)->53388K(53568K) Class: 9037K(9088K)->9037K(9088K)
[15591.499s][info][gc             ] GC(34091) Pause Young (Allocation Failure) 430M->349M(431M) 3.128ms
[15591.499s][info][gc,cpu         ] GC(34091) User=0.00s Sys=0.00s Real=0.00s
[15591.889s][info][gc,start       ] GC(34092) Pause Young (Allocation Failure)
[15591.892s][info][gc,heap        ] GC(34092) PSYoungGen: 83680K(84992K)->544K(84992K) Eden: 82944K(82944K)->0K(82944K) From: 736K(2048K)->544K(2048K)
[15591.892s][info][gc,heap        ] GC(34092) ParOldGen: 356802K(356864K)->356954K(357376K)
[15591.892s][info][gc,metaspace   ] GC(34092) Metaspace: 62425K(62656K)->62425K(62656K) NonClass: 53388K(53568K)->53388K(53568K) Class: 9037K(9088K)->9037K(9088K)
[15591.892s][info][gc             ] GC(34092) Pause Young (Allocation Failure) 430M->349M(432M) 3.024ms
[15591.892s][info][gc,cpu         ] GC(34092) User=0.01s Sys=0.01s Real=0.00s
[15592.354s][info][gc,start       ] GC(34093) Pause Young (Allocation Failure)
[15592.357s][info][gc,heap        ] GC(34093) PSYoungGen: 83488K(84992K)->1232K(84992K) Eden: 82944K(82944K)->0K(82944K) From: 544K(2048K)->1232K(2048K)
[15592.357s][info][gc,heap        ] GC(34093) ParOldGen: 356954K(357376K)->357090K(357376K)
[15592.357s][info][gc,metaspace   ] GC(34093) Metaspace: 62425K(62656K)->62425K(62656K) NonClass: 53388K(53568K)->53388K(53568K) Class: 9037K(9088K)->9037K(9088K)
[15592.357s][info][gc             ] GC(34093) Pause Young (Allocation Failure) 430M->349M(432M) 3.371ms
[15592.357s][info][gc,cpu         ] GC(34093) User=0.00s Sys=0.00s Real=0.01s
[15592.801s][info][gc,start       ] GC(34094) Pause Young (Allocation Failure)
[15592.805s][info][gc,heap        ] GC(34094) PSYoungGen: 84176K(84992K)->704K(84992K) Eden: 82944K(82944K)->0K(82944K) From: 1232K(2048K)->704K(2048K)
[15592.805s][info][gc,heap        ] GC(34094) ParOldGen: 357090K(357376K)->357282K(357376K)
[15592.805s][info][gc,metaspace   ] GC(34094) Metaspace: 62425K(62656K)->62425K(62656K) NonClass: 53388K(53568K)->53388K(53568K) Class: 9037K(9088K)->9037K(9088K)
[15592.805s][info][gc             ] GC(34094) Pause Young (Allocation Failure) 430M->349M(432M) 3.221ms
[15592.805s][info][gc,cpu         ] GC(34094) User=0.00s Sys=0.00s Real=0.01s
[15593.257s][info][gc,start       ] GC(34095) Pause Young (Allocation Failure)
[15593.261s][info][gc,heap        ] GC(34095) PSYoungGen: 83648K(84992K)->1376K(84992K) Eden: 82944K(82944K)->0K(82944K) From: 704K(2048K)->1376K(2048K)
[15593.261s][info][gc,heap        ] GC(34095) ParOldGen: 357282K(357376K)->357434K(357888K)
[15593.261s][info][gc,metaspace   ] GC(34095) Metaspace: 62425K(62656K)->62425K(62656K) NonClass: 53388K(53568K)->53388K(53568K) Class: 9037K(9088K)->9037K(9088K)
[15593.261s][info][gc             ] GC(34095) Pause Young (Allocation Failure) 430M->350M(432M) 3.895ms
[15593.261s][info][gc,cpu         ] GC(34095) User=0.01s Sys=0.00s Real=0.00s
[15593.676s][info][gc,start       ] GC(34096) Pause Young (Allocation Failure)
[15593.679s][info][gc,heap        ] GC(34096) PSYoungGen: 84320K(84992K)->448K(84992K) Eden: 82944K(82944K)->0K(82944K) From: 1376K(2048K)->448K(2048K)
[15593.679s][info][gc,heap        ] GC(34096) ParOldGen: 357434K(357888K)->357586K(357888K)
[15593.679s][info][gc,metaspace   ] GC(34096) Metaspace: 62425K(62656K)->62425K(62656K) NonClass: 53388K(53568K)->53388K(53568K) Class: 9037K(9088K)->9037K(9088K)
[15593.679s][info][gc             ] GC(34096) Pause Young (Allocation Failure) 431M->349M(432M) 2.803ms
[15593.679s][info][gc,cpu         ] GC(34096) User=0.00s Sys=0.00s Real=0.00s
[15594.095s][info][gc,start       ] GC(34097) Pause Young (Allocation Failure)
[15594.098s][info][gc,heap        ] GC(34097) PSYoungGen: 83392K(84992K)->704K(84992K) Eden: 82944K(82944K)->0K(82944K) From: 448K(2048K)->704K(2048K)
[15594.098s][info][gc,heap        ] GC(34097) ParOldGen: 357586K(357888K)->357738K(357888K)
[15594.098s][info][gc,metaspace   ] GC(34097) Metaspace: 62425K(62656K)->62425K(62656K) NonClass: 53388K(53568K)->53388K(53568K) Class: 9037K(9088K)->9037K(9088K)
[15594.098s][info][gc             ] GC(34097) Pause Young (Allocation Failure) 430M->350M(432M) 3.118ms
[15594.098s][info][gc,cpu         ] GC(34097) User=0.01s Sys=0.00s Real=0.00s
[15594.513s][info][gc,start       ] GC(34098) Pause Young (Allocation Failure)
[15594.516s][info][gc,heap        ] GC(34098) PSYoungGen: 83648K(84992K)->832K(84992K) Eden: 82944K(82944K)->0K(82944K) From: 704K(2048K)->832K(2048K)
[15594.516s][info][gc,heap        ] GC(34098) ParOldGen: 357738K(357888K)->357890K(358400K)
[15594.516s][info][gc,metaspace   ] GC(34098) Metaspace: 62425K(62656K)->62425K(62656K) NonClass: 53388K(53568K)->53388K(53568K) Class: 9037K(9088K)->9037K(9088K)
[15594.516s][info][gc             ] GC(34098) Pause Young (Allocation Failure) 431M->350M(433M) 3.159ms
[15594.516s][info][gc,cpu         ] GC(34098) User=0.01s Sys=0.00s Real=0.01s
[15594.882s][info][gc,start       ] GC(34099) Pause Young (Allocation Failure)
[15594.885s][info][gc,heap        ] GC(34099) PSYoungGen: 83776K(84992K)->480K(84992K) Eden: 82944K(82944K)->0K(82944K) From: 832K(2048K)->480K(2048K)
[15594.885s][info][gc,heap        ] GC(34099) ParOldGen: 357890K(358400K)->358042K(358400K)
[15594.885s][info][gc,metaspace   ] GC(34099) Metaspace: 62425K(62656K)->62425K(62656K) NonClass: 53388K(53568K)->53388K(53568K) Class: 9037K(9088K)->9037K(9088K)
[15594.885s][info][gc             ] GC(34099) Pause Young (Allocation Failure) 431M->350M(433M) 2.878ms
[15594.885s][info][gc,cpu         ] GC(34099) User=0.00s Sys=0.00s Real=0.01s
[15595.248s][info][gc,start       ] GC(34100) Pause Young (Allocation Failure)
[15595.252s][info][gc,heap        ] GC(34100) PSYoungGen: 83424K(84992K)->1472K(84992K) Eden: 82944K(82944K)->0K(82944K) From: 480K(2048K)->1472K(2048K)
[15595.252s][info][gc,heap        ] GC(34100) ParOldGen: 358042K(358400K)->358194K(358400K)
[15595.252s][info][gc,metaspace   ] GC(34100) Metaspace: 62425K(62656K)->62425K(62656K) NonClass: 53388K(53568K)->53388K(53568K) Class: 9037K(9088K)->9037K(9088K)
[15595.252s][info][gc             ] GC(34100) Pause Young (Allocation Failure) 431M->351M(433M) 3.851ms
[15595.252s][info][gc,cpu         ] GC(34100) User=0.01s Sys=0.00s Real=0.00s
[15595.648s][info][gc,start       ] GC(34101) Pause Young (Allocation Failure)
[15595.652s][info][gc,heap        ] GC(34101) PSYoungGen: 84416K(84992K)->1376K(84992K) Eden: 82944K(82944K)->0K(82944K) From: 1472K(2048K)->1376K(2048K)
[15595.652s][info][gc,heap        ] GC(34101) ParOldGen: 358194K(358400K)->358346K(358400K)
[15595.652s][info][gc,metaspace   ] GC(34101) Metaspace: 62425K(62656K)->62425K(62656K) NonClass: 53388K(53568K)->53388K(53568K) Class: 9037K(9088K)->9037K(9088K)
[15595.652s][info][gc             ] GC(34101) Pause Young (Allocation Failure) 432M->351M(433M) 3.721ms
[15595.652s][info][gc,cpu         ] GC(34101) User=0.01s Sys=0.00s Real=0.00s
[15596.070s][info][gc,start       ] GC(34102) Pause Young (Allocation Failure)
[15596.072s][info][gc,heap        ] GC(34102) PSYoungGen: 84320K(84992K)->288K(84992K) Eden: 82944K(82944K)->0K(82944K) From: 1376K(2048K)->288K(2048K)
[15596.072s][info][gc,heap        ] GC(34102) ParOldGen: 358346K(358400K)->358506K(358912K)
[15596.072s][info][gc,metaspace   ] GC(34102) Metaspace: 62425K(62656K)->62425K(62656K) NonClass: 53388K(53568K)->53388K(53568K) Class: 9037K(9088K)->9037K(9088K)
[15596.072s][info][gc             ] GC(34102) Pause Young (Allocation Failure) 432M->350M(433M) 2.868ms
[15596.072s][info][gc,cpu         ] GC(34102) User=0.00s Sys=0.00s Real=0.00s
[15596.522s][info][gc,start       ] GC(34103) Pause Young (Allocation Failure)
[15596.527s][info][gc,heap        ] GC(34103) PSYoungGen: 83232K(84992K)->1984K(83968K) Eden: 82944K(82944K)->0K(81920K) From: 288K(2048K)->1984K(2048K)
[15596.527s][info][gc,heap        ] GC(34103) ParOldGen: 358506K(358912K)->360706K(361984K)
[15596.527s][info][gc,metaspace   ] GC(34103) Metaspace: 62425K(62656K)->62425K(62656K) NonClass: 53388K(53568K)->53388K(53568K) Class: 9037K(9088K)->9037K(9088K)
[15596.527s][info][gc             ] GC(34103) Pause Young (Allocation Failure) 431M->354M(435M) 4.655ms
[15596.527s][info][gc,cpu         ] GC(34103) User=0.01s Sys=0.00s Real=0.01s
[15596.934s][info][gc,start       ] GC(34104) Pause Young (Allocation Failure)
[15596.938s][info][gc,heap        ] GC(34104) PSYoungGen: 83904K(83968K)->1184K(84480K) Eden: 81920K(81920K)->0K(81920K) From: 1984K(2048K)->1184K(2560K)
[15596.938s][info][gc,heap        ] GC(34104) ParOldGen: 360706K(361984K)->362914K(363520K)
[15596.938s][info][gc,metaspace   ] GC(34104) Metaspace: 62425K(62656K)->62425K(62656K) NonClass: 53388K(53568K)->53388K(53568K) Class: 9037K(9088K)->9037K(9088K)
[15596.938s][info][gc             ] GC(34104) Pause Young (Allocation Failure) 434M->355M(437M) 4.697ms
[15596.938s][info][gc,cpu         ] GC(34104) User=0.00s Sys=0.00s Real=0.01s
[15597.361s][info][gc,start       ] GC(34105) Pause Young (Allocation Failure)
[15597.365s][info][gc,heap        ] GC(34105) PSYoungGen: 83104K(84480K)->1440K(84480K) Eden: 81920K(81920K)->0K(81920K) From: 1184K(2560K)->1440K(2560K)
[15597.365s][info][gc,heap        ] GC(34105) ParOldGen: 362914K(363520K)->363058K(363520K)
[15597.365s][info][gc,metaspace   ] GC(34105) Metaspace: 62425K(62656K)->62425K(62656K) NonClass: 53388K(53568K)->53388K(53568K) Class: 9037K(9088K)->9037K(9088K)
[15597.365s][info][gc             ] GC(34105) Pause Young (Allocation Failure) 435M->355M(437M) 3.666ms
[15597.365s][info][gc,cpu         ] GC(34105) User=0.00s Sys=0.00s Real=0.01s
[15597.795s][info][gc,start       ] GC(34106) Pause Young (Allocation Failure)
[15597.797s][info][gc,heap        ] GC(34106) PSYoungGen: 83359K(84480K)->640K(84480K) Eden: 81919K(81920K)->0K(81920K) From: 1440K(2560K)->640K(2560K)
[15597.798s][info][gc,heap        ] GC(34106) ParOldGen: 363058K(363520K)->363202K(363520K)
[15597.798s][info][gc,metaspace   ] GC(34106) Metaspace: 62425K(62656K)->62425K(62656K) NonClass: 53388K(53568K)->53388K(53568K) Class: 9037K(9088K)->9037K(9088K)
[15597.798s][info][gc             ] GC(34106) Pause Young (Allocation Failure) 435M->355M(437M) 2.958ms
[15597.798s][info][gc,cpu         ] GC(34106) User=0.01s Sys=0.00s Real=0.00s
[15598.183s][info][gc,start       ] GC(34107) Pause Young (Allocation Failure)
[15598.186s][info][gc,heap        ] GC(34107) PSYoungGen: 82560K(84480K)->448K(84480K) Eden: 81920K(81920K)->0K(81920K) From: 640K(2560K)->448K(2560K)
[15598.186s][info][gc,heap        ] GC(34107) ParOldGen: 363202K(363520K)->363346K(363520K)
[15598.186s][info][gc,metaspace   ] GC(34107) Metaspace: 62425K(62656K)->62425K(62656K) NonClass: 53388K(53568K)->53388K(53568K) Class: 9037K(9088K)->9037K(9088K)
[15598.186s][info][gc             ] GC(34107) Pause Young (Allocation Failure) 435M->355M(437M) 2.912ms
[15598.186s][info][gc,cpu         ] GC(34107) User=0.01s Sys=0.00s Real=0.01s
[15598.625s][info][gc,start       ] GC(34108) Pause Young (Allocation Failure)
[15598.628s][info][gc,heap        ] GC(34108) PSYoungGen: 82368K(84480K)->960K(84480K) Eden: 81920K(81920K)->0K(81920K) From: 448K(2560K)->960K(2560K)
[15598.628s][info][gc,heap        ] GC(34108) ParOldGen: 363346K(363520K)->363498K(363520K)
[15598.628s][info][gc,metaspace   ] GC(34108) Metaspace: 62425K(62656K)->62425K(62656K) NonClass: 53388K(53568K)->53388K(53568K) Class: 9037K(9088K)->9037K(9088K)
[15598.628s][info][gc             ] GC(34108) Pause Young (Allocation Failure) 435M->355M(437M) 3.300ms
[15598.628s][info][gc,cpu         ] GC(34108) User=0.01s Sys=0.00s Real=0.00s
[15599.068s][info][gc,start       ] GC(34109) Pause Young (Allocation Failure)
[15599.071s][info][gc,heap        ] GC(34109) PSYoungGen: 82880K(84480K)->256K(84992K) Eden: 81920K(81920K)->0K(82944K) From: 960K(2560K)->256K(2048K)
[15599.071s][info][gc,heap        ] GC(34109) ParOldGen: 363498K(363520K)->363650K(364032K)
[15599.071s][info][gc,metaspace   ] GC(34109) Metaspace: 62425K(62656K)->62425K(62656K) NonClass: 53388K(53568K)->53388K(53568K) Class: 9037K(9088K)->9037K(9088K)
[15599.071s][info][gc             ] GC(34109) Pause Young (Allocation Failure) 435M->355M(438M) 2.722ms
[15599.071s][info][gc,cpu         ] GC(34109) User=0.01s Sys=0.00s Real=0.00s
[15599.563s][info][gc,start       ] GC(34110) Pause Young (Allocation Failure)
[15599.566s][info][gc,heap        ] GC(34110) PSYoungGen: 83200K(84992K)->1408K(84480K) Eden: 82944K(82944K)->0K(82944K) From: 256K(2048K)->1408K(1536K)
[15599.566s][info][gc,heap        ] GC(34110) ParOldGen: 363650K(364032K)->363786K(364032K)
[15599.566s][info][gc,metaspace   ] GC(34110) Metaspace: 62425K(62656K)->62425K(62656K) NonClass: 53388K(53568K)->53388K(53568K) Class: 9037K(9088K)->9037K(9088K)
[15599.567s][info][gc             ] GC(34110) Pause Young (Allocation Failure) 436M->356M(438M) 3.754ms
[15599.567s][info][gc,cpu         ] GC(34110) User=0.00s Sys=0.00s Real=0.01s
[15600.055s][info][gc,start       ] GC(34111) Pause Young (Allocation Failure)
[15600.058s][info][gc,heap        ] GC(34111) PSYoungGen: 84352K(84480K)->1248K(84480K) Eden: 82944K(82944K)->0K(81920K) From: 1408K(1536K)->1248K(2560K)
[15600.058s][info][gc,heap        ] GC(34111) ParOldGen: 363786K(364032K)->363938K(364032K)
[15600.058s][info][gc,metaspace   ] GC(34111) Metaspace: 62425K(62656K)->62425K(62656K) NonClass: 53388K(53568K)->53388K(53568K) Class: 9037K(9088K)->9037K(9088K)
[15600.058s][info][gc             ] GC(34111) Pause Young (Allocation Failure) 437M->356M(438M) 3.695ms
[15600.058s][info][gc,cpu         ] GC(34111) User=0.01s Sys=0.00s Real=0.00s
[15600.545s][info][gc,start       ] GC(34112) Pause Young (Allocation Failure)
[15600.549s][info][gc,heap        ] GC(34112) PSYoungGen: 83168K(84480K)->1152K(84480K) Eden: 81920K(81920K)->0K(81920K) From: 1248K(2560K)->1152K(2560K)
[15600.549s][info][gc,heap        ] GC(34112) ParOldGen: 363938K(364032K)->364098K(364544K)
[15600.549s][info][gc,metaspace   ] GC(34112) Metaspace: 62425K(62656K)->62425K(62656K) NonClass: 53388K(53568K)->53388K(53568K) Class: 9037K(9088K)->9037K(9088K)
[15600.549s][info][gc             ] GC(34112) Pause Young (Allocation Failure) 436M->356M(438M) 3.732ms
[15600.549s][info][gc,cpu         ] GC(34112) User=0.00s Sys=0.00s Real=0.00s
[15601.068s][info][gc,start       ] GC(34113) Pause Young (Allocation Failure)
[15601.071s][info][gc,heap        ] GC(34113) PSYoungGen: 83072K(84480K)->320K(84480K) Eden: 81920K(81920K)->0K(81920K) From: 1152K(2560K)->320K(2560K)
[15601.071s][info][gc,heap        ] GC(34113) ParOldGen: 364098K(364544K)->364250K(364544K)
[15601.071s][info][gc,metaspace   ] GC(34113) Metaspace: 62425K(62656K)->62425K(62656K) NonClass: 53388K(53568K)->53388K(53568K) Class: 9037K(9088K)->9037K(9088K)
[15601.071s][info][gc             ] GC(34113) Pause Young (Allocation Failure) 436M->356M(438M) 2.803ms
[15601.071s][info][gc,cpu         ] GC(34113) User=0.00s Sys=0.00s Real=0.00s
[15601.564s][info][gc,start       ] GC(34114) Pause Young (Allocation Failure)
[15601.567s][info][gc,heap        ] GC(34114) PSYoungGen: 82240K(84480K)->224K(84480K) Eden: 81920K(81920K)->0K(81920K) From: 320K(2560K)->224K(2560K)
[15601.567s][info][gc,heap        ] GC(34114) ParOldGen: 364250K(364544K)->364442K(364544K)
[15601.567s][info][gc,metaspace   ] GC(34114) Metaspace: 62425K(62656K)->62425K(62656K) NonClass: 53388K(53568K)->53388K(53568K) Class: 9037K(9088K)->9037K(9088K)
[15601.567s][info][gc             ] GC(34114) Pause Young (Allocation Failure) 436M->356M(438M) 2.824ms
[15601.567s][info][gc,cpu         ] GC(34114) User=0.00s Sys=0.00s Real=0.00s
[15602.097s][info][gc,start       ] GC(34115) Pause Young (Allocation Failure)
[15602.100s][info][gc,heap        ] GC(34115) PSYoungGen: 82144K(84480K)->576K(84992K) Eden: 81920K(81920K)->0K(82432K) From: 224K(2560K)->576K(2560K)
[15602.100s][info][gc,heap        ] GC(34115) ParOldGen: 364442K(364544K)->364586K(365056K)
[15602.100s][info][gc,metaspace   ] GC(34115) Metaspace: 62425K(62656K)->62425K(62656K) NonClass: 53388K(53568K)->53388K(53568K) Class: 9037K(9088K)->9037K(9088K)
[15602.100s][info][gc             ] GC(34115) Pause Young (Allocation Failure) 436M->356M(439M) 3.173ms
[15602.100s][info][gc,cpu         ] GC(34115) User=0.00s Sys=0.00s Real=0.00s
[15602.574s][info][gc,start       ] GC(34116) Pause Young (Allocation Failure)
[15602.577s][info][gc,heap        ] GC(34116) PSYoungGen: 83008K(84992K)->352K(84480K) Eden: 82432K(82432K)->0K(82432K) From: 576K(2560K)->352K(2048K)
[15602.577s][info][gc,heap        ] GC(34116) ParOldGen: 364586K(365056K)->364738K(365056K)
[15602.577s][info][gc,metaspace   ] GC(34116) Metaspace: 62425K(62656K)->62425K(62656K) NonClass: 53388K(53568K)->53388K(53568K) Class: 9037K(9088K)->9037K(9088K)
[15602.577s][info][gc             ] GC(34116) Pause Young (Allocation Failure) 437M->356M(439M) 2.938ms
[15602.577s][info][gc,cpu         ] GC(34116) User=0.00s Sys=0.00s Real=0.01s
[15603.087s][info][gc,start       ] GC(34117) Pause Young (Allocation Failure)
[15603.090s][info][gc,heap        ] GC(34117) PSYoungGen: 82784K(84480K)->480K(84992K) Eden: 82432K(82432K)->0K(82944K) From: 352K(2048K)->480K(2048K)
[15603.090s][info][gc,heap        ] GC(34117) ParOldGen: 364738K(365056K)->364890K(365056K)
[15603.090s][info][gc,metaspace   ] GC(34117) Metaspace: 62425K(62656K)->62425K(62656K) NonClass: 53388K(53568K)->53388K(53568K) Class: 9037K(9088K)->9037K(9088K)
[15603.090s][info][gc             ] GC(34117) Pause Young (Allocation Failure) 437M->356M(439M) 3.062ms
[15603.090s][info][gc,cpu         ] GC(34117) User=0.01s Sys=0.00s Real=0.00s
[15603.612s][info][gc,start       ] GC(34118) Pause Young (Allocation Failure)
[15603.615s][info][gc,heap        ] GC(34118) PSYoungGen: 83424K(84992K)->768K(84992K) Eden: 82944K(82944K)->0K(82944K) From: 480K(2048K)->768K(2048K)
[15603.615s][info][gc,heap        ] GC(34118) ParOldGen: 364890K(365056K)->365042K(365056K)
[15603.615s][info][gc,metaspace   ] GC(34118) Metaspace: 62425K(62656K)->62425K(62656K) NonClass: 53388K(53568K)->53388K(53568K) Class: 9037K(9088K)->9037K(9088K)
[15603.615s][info][gc             ] GC(34118) Pause Young (Allocation Failure) 437M->357M(439M) 3.346ms
[15603.615s][info][gc,cpu         ] GC(34118) User=0.01s Sys=0.00s Real=0.01s
[15604.123s][info][gc,start       ] GC(34119) Pause Young (Allocation Failure)
[15604.126s][info][gc,heap        ] GC(34119) PSYoungGen: 83712K(84992K)->896K(84992K) Eden: 82944K(82944K)->0K(82944K) From: 768K(2048K)->896K(2048K)
[15604.126s][info][gc,heap        ] GC(34119) ParOldGen: 365042K(365056K)->365186K(365568K)
[15604.126s][info][gc,metaspace   ] GC(34119) Metaspace: 62425K(62656K)->62425K(62656K) NonClass: 53388K(53568K)->53388K(53568K) Class: 9037K(9088K)->9037K(9088K)
[15604.126s][info][gc             ] GC(34119) Pause Young (Allocation Failure) 438M->357M(440M) 3.193ms
[15604.126s][info][gc,cpu         ] GC(34119) User=0.00s Sys=0.00s Real=0.01s
[15604.602s][info][gc,start       ] GC(34120) Pause Young (Allocation Failure)
[15604.605s][info][gc,heap        ] GC(34120) PSYoungGen: 83840K(84992K)->704K(84992K) Eden: 82944K(82944K)->0K(82944K) From: 896K(2048K)->704K(2048K)
[15604.605s][info][gc,heap        ] GC(34120) ParOldGen: 365186K(365568K)->365330K(365568K)
[15604.605s][info][gc,metaspace   ] GC(34120) Metaspace: 62425K(62656K)->62425K(62656K) NonClass: 53388K(53568K)->53388K(53568K) Class: 9037K(9088K)->9037K(9088K)
[15604.605s][info][gc             ] GC(34120) Pause Young (Allocation Failure) 438M->357M(440M) 3.148ms
[15604.605s][info][gc,cpu         ] GC(34120) User=0.01s Sys=0.00s Real=0.01s
[15605.083s][info][gc,start       ] GC(34121) Pause Young (Allocation Failure)
[15605.086s][info][gc,heap        ] GC(34121) PSYoungGen: 83648K(84992K)->448K(84992K) Eden: 82944K(82944K)->0K(82944K) From: 704K(2048K)->448K(2048K)
[15605.086s][info][gc,heap        ] GC(34121) ParOldGen: 365330K(365568K)->365482K(365568K)
[15605.086s][info][gc,metaspace   ] GC(34121) Metaspace: 62425K(62656K)->62425K(62656K) NonClass: 53388K(53568K)->53388K(53568K) Class: 9037K(9088K)->9037K(9088K)
[15605.086s][info][gc             ] GC(34121) Pause Young (Allocation Failure) 438M->357M(440M) 2.864ms
[15605.086s][info][gc,cpu         ] GC(34121) User=0.01s Sys=0.00s Real=0.01s
[15605.549s][info][gc,start       ] GC(34122) Pause Young (Allocation Failure)
[15605.552s][info][gc,heap        ] GC(34122) PSYoungGen: 83392K(84992K)->1280K(84992K) Eden: 82944K(82944K)->0K(82944K) From: 448K(2048K)->1280K(2048K)
[15605.552s][info][gc,heap        ] GC(34122) ParOldGen: 365482K(365568K)->365634K(366080K)
[15605.552s][info][gc,metaspace   ] GC(34122) Metaspace: 62425K(62656K)->62425K(62656K) NonClass: 53388K(53568K)->53388K(53568K) Class: 9037K(9088K)->9037K(9088K)
[15605.552s][info][gc             ] GC(34122) Pause Young (Allocation Failure) 438M->358M(440M) 3.638ms
[15605.552s][info][gc,cpu         ] GC(34122) User=0.01s Sys=0.00s Real=0.00s
[15606.003s][info][gc,start       ] GC(34123) Pause Young (Allocation Failure)
[15606.006s][info][gc,heap        ] GC(34123) PSYoungGen: 84223K(84992K)->640K(84992K) Eden: 82943K(82944K)->0K(82944K) From: 1280K(2048K)->640K(2048K)
[15606.006s][info][gc,heap        ] GC(34123) ParOldGen: 365634K(366080K)->365778K(366080K)
[15606.006s][info][gc,metaspace   ] GC(34123) Metaspace: 62425K(62656K)->62425K(62656K) NonClass: 53388K(53568K)->53388K(53568K) Class: 9037K(9088K)->9037K(9088K)
[15606.006s][info][gc             ] GC(34123) Pause Young (Allocation Failure) 439M->357M(440M) 2.979ms
[15606.006s][info][gc,cpu         ] GC(34123) User=0.00s Sys=0.00s Real=0.01s
[15606.478s][info][gc,start       ] GC(34124) Pause Young (Allocation Failure)
[15606.481s][info][gc,heap        ] GC(34124) PSYoungGen: 83584K(84992K)->384K(84992K) Eden: 82944K(82944K)->0K(82944K) From: 640K(2048K)->384K(2048K)
[15606.481s][info][gc,heap        ] GC(34124) ParOldGen: 365778K(366080K)->365922K(366080K)
[15606.481s][info][gc,metaspace   ] GC(34124) Metaspace: 62425K(62656K)->62425K(62656K) NonClass: 53388K(53568K)->53388K(53568K) Class: 9037K(9088K)->9037K(9088K)
[15606.481s][info][gc             ] GC(34124) Pause Young (Allocation Failure) 438M->357M(440M) 2.887ms
[15606.481s][info][gc,cpu         ] GC(34124) User=0.01s Sys=0.00s Real=0.00s
[15606.936s][info][gc,start       ] GC(34125) Pause Young (Allocation Failure)
[15606.939s][info][gc,heap        ] GC(34125) PSYoungGen: 83328K(84992K)->1056K(84992K) Eden: 82944K(82944K)->0K(82944K) From: 384K(2048K)->1056K(2048K)
[15606.939s][info][gc,heap        ] GC(34125) ParOldGen: 365922K(366080K)->366066K(366080K)
[15606.939s][info][gc,metaspace   ] GC(34125) Metaspace: 62425K(62656K)->62425K(62656K) NonClass: 53388K(53568K)->53388K(53568K) Class: 9037K(9088K)->9037K(9088K)
[15606.939s][info][gc             ] GC(34125) Pause Young (Allocation Failure) 438M->358M(440M) 3.511ms
[15606.939s][info][gc,cpu         ] GC(34125) User=0.01s Sys=0.00s Real=0.00s
[15607.403s][info][gc,start       ] GC(34126) Pause Young (Allocation Failure)
[15607.406s][info][gc,heap        ] GC(34126) PSYoungGen: 84000K(84992K)->704K(84992K) Eden: 82944K(82944K)->0K(82944K) From: 1056K(2048K)->704K(2048K)
[15607.406s][info][gc,heap        ] GC(34126) ParOldGen: 366066K(366080K)->366218K(366592K)
[15607.406s][info][gc,metaspace   ] GC(34126) Metaspace: 62425K(62656K)->62425K(62656K) NonClass: 53388K(53568K)->53388K(53568K) Class: 9037K(9088K)->9037K(9088K)
[15607.406s][info][gc             ] GC(34126) Pause Young (Allocation Failure) 439M->358M(441M) 3.380ms
[15607.406s][info][gc,cpu         ] GC(34126) User=0.00s Sys=0.00s Real=0.01s
[15607.855s][info][gc,start       ] GC(34127) Pause Young (Allocation Failure)
[15607.858s][info][gc,heap        ] GC(34127) PSYoungGen: 83648K(84992K)->1280K(84992K) Eden: 82944K(82944K)->0K(82944K) From: 704K(2048K)->1280K(2048K)
[15607.858s][info][gc,heap        ] GC(34127) ParOldGen: 366218K(366592K)->366370K(366592K)
[15607.858s][info][gc,metaspace   ] GC(34127) Metaspace: 62425K(62656K)->62425K(62656K) NonClass: 53388K(53568K)->53388K(53568K) Class: 9037K(9088K)->9037K(9088K)
[15607.858s][info][gc             ] GC(34127) Pause Young (Allocation Failure) 439M->359M(441M) 3.693ms
[15607.858s][info][gc,cpu         ] GC(34127) User=0.01s Sys=0.00s Real=0.00s
[15608.324s][info][gc,start       ] GC(34128) Pause Young (Allocation Failure)
[15608.327s][info][gc,heap        ] GC(34128) PSYoungGen: 84224K(84992K)->928K(84992K) Eden: 82944K(82944K)->0K(82944K) From: 1280K(2048K)->928K(2048K)
[15608.327s][info][gc,heap        ] GC(34128) ParOldGen: 366370K(366592K)->366514K(366592K)
[15608.327s][info][gc,metaspace   ] GC(34128) Metaspace: 62425K(62656K)->62425K(62656K) NonClass: 53388K(53568K)->53388K(53568K) Class: 9037K(9088K)->9037K(9088K)
[15608.327s][info][gc             ] GC(34128) Pause Young (Allocation Failure) 440M->358M(441M) 3.419ms
[15608.327s][info][gc,cpu         ] GC(34128) User=0.00s Sys=0.00s Real=0.01s
[15608.752s][info][gc,start       ] GC(34129) Pause Young (Allocation Failure)
[15608.757s][info][gc,heap        ] GC(34129) PSYoungGen: 83872K(84992K)->2016K(82944K) Eden: 82944K(82944K)->0K(80896K) From: 928K(2048K)->2016K(2048K)
[15608.757s][info][gc,heap        ] GC(34129) ParOldGen: 366514K(366592K)->368051K(368128K)
[15608.757s][info][gc,metaspace   ] GC(34129) Metaspace: 62425K(62656K)->62425K(62656K) NonClass: 53388K(53568K)->53388K(53568K) Class: 9037K(9088K)->9037K(9088K)
[15608.757s][info][gc             ] GC(34129) Pause Young (Allocation Failure) 439M->361M(440M) 4.817ms
[15608.757s][info][gc,cpu         ] GC(34129) User=0.01s Sys=0.00s Real=0.01s
[15609.191s][info][gc,start       ] GC(34130) Pause Young (Allocation Failure)
[15609.195s][info][gc,heap        ] GC(34130) PSYoungGen: 82912K(82944K)->608K(83968K) Eden: 80896K(80896K)->0K(80896K) From: 2016K(2048K)->608K(3072K)
[15609.195s][info][gc,heap        ] GC(34130) ParOldGen: 368051K(368128K)->370171K(371200K)
[15609.195s][info][gc,metaspace   ] GC(34130) Metaspace: 62425K(62656K)->62425K(62656K) NonClass: 53388K(53568K)->53388K(53568K) Class: 9037K(9088K)->9037K(9088K)
[15609.195s][info][gc             ] GC(34130) Pause Young (Allocation Failure) 440M->362M(444M) 3.921ms
[15609.195s][info][gc,cpu         ] GC(34130) User=0.00s Sys=0.01s Real=0.01s
[15609.599s][info][gc,start       ] GC(34131) Pause Young (Allocation Failure)
[15609.603s][info][gc,heap        ] GC(34131) PSYoungGen: 81504K(83968K)->704K(84480K) Eden: 80896K(80896K)->0K(81920K) From: 608K(3072K)->704K(2560K)
[15609.603s][info][gc,heap        ] GC(34131) ParOldGen: 370171K(371200K)->370331K(371200K)
[15609.603s][info][gc,metaspace   ] GC(34131) Metaspace: 62425K(62656K)->62425K(62656K) NonClass: 53388K(53568K)->53388K(53568K) Class: 9037K(9088K)->9037K(9088K)
[15609.603s][info][gc             ] GC(34131) Pause Young (Allocation Failure) 441M->362M(445M) 3.279ms
[15609.603s][info][gc,cpu         ] GC(34131) User=0.01s Sys=0.00s Real=0.00s
[15610.016s][info][gc,start       ] GC(34132) Pause Young (Allocation Failure)
[15610.019s][info][gc,heap        ] GC(34132) PSYoungGen: 82624K(84480K)->896K(84480K) Eden: 81920K(81920K)->0K(81920K) From: 704K(2560K)->896K(2560K)
[15610.019s][info][gc,heap        ] GC(34132) ParOldGen: 370331K(371200K)->370483K(371200K)
[15610.019s][info][gc,metaspace   ] GC(34132) Metaspace: 62425K(62656K)->62425K(62656K) NonClass: 53388K(53568K)->53388K(53568K) Class: 9037K(9088K)->9037K(9088K)
[15610.019s][info][gc             ] GC(34132) Pause Young (Allocation Failure) 442M->362M(445M) 3.243ms
[15610.019s][info][gc,cpu         ] GC(34132) User=0.00s Sys=0.00s Real=0.00s
[15610.454s][info][gc,start       ] GC(34133) Pause Young (Allocation Failure)
[15610.457s][info][gc,heap        ] GC(34133) PSYoungGen: 82816K(84480K)->1536K(84480K) Eden: 81920K(81920K)->0K(81920K) From: 896K(2560K)->1536K(2560K)
[15610.457s][info][gc,heap        ] GC(34133) ParOldGen: 370483K(371200K)->370635K(371200K)
[15610.457s][info][gc,metaspace   ] GC(34133) Metaspace: 62425K(62656K)->62425K(62656K) NonClass: 53388K(53568K)->53388K(53568K) Class: 9037K(9088K)->9037K(9088K)
[15610.457s][info][gc             ] GC(34133) Pause Young (Allocation Failure) 442M->363M(445M) 3.850ms
[15610.457s][info][gc,cpu         ] GC(34133) User=0.01s Sys=0.00s Real=0.01s
[15610.929s][info][gc,start       ] GC(34134) Pause Young (Allocation Failure)
[15610.932s][info][gc,heap        ] GC(34134) PSYoungGen: 83456K(84480K)->1088K(84480K) Eden: 81920K(81920K)->0K(81920K) From: 1536K(2560K)->1088K(2560K)
[15610.932s][info][gc,heap        ] GC(34134) ParOldGen: 370635K(371200K)->370787K(371200K)
[15610.932s][info][gc,metaspace   ] GC(34134) Metaspace: 62425K(62656K)->62425K(62656K) NonClass: 53388K(53568K)->53388K(53568K) Class: 9037K(9088K)->9037K(9088K)
[15610.932s][info][gc             ] GC(34134) Pause Young (Allocation Failure) 443M->363M(445M) 3.487ms
[15610.932s][info][gc,cpu         ] GC(34134) User=0.01s Sys=0.00s Real=0.00s
[15611.379s][info][gc,start       ] GC(34135) Pause Young (Allocation Failure)
[15611.382s][info][gc,heap        ] GC(34135) PSYoungGen: 83008K(84480K)->416K(84480K) Eden: 81920K(81920K)->0K(81920K) From: 1088K(2560K)->416K(2560K)
[15611.382s][info][gc,heap        ] GC(34135) ParOldGen: 370787K(371200K)->370995K(371200K)
[15611.382s][info][gc,metaspace   ] GC(34135) Metaspace: 62425K(62656K)->62425K(62656K) NonClass: 53388K(53568K)->53388K(53568K) Class: 9037K(9088K)->9037K(9088K)
[15611.382s][info][gc             ] GC(34135) Pause Young (Allocation Failure) 443M->362M(445M) 2.923ms
[15611.382s][info][gc,cpu         ] GC(34135) User=0.01s Sys=0.00s Real=0.00s
[15611.838s][info][gc,start       ] GC(34136) Pause Young (Allocation Failure)
[15611.841s][info][gc,heap        ] GC(34136) PSYoungGen: 82336K(84480K)->1120K(84480K) Eden: 81920K(81920K)->0K(81920K) From: 416K(2560K)->1120K(2560K)
[15611.841s][info][gc,heap        ] GC(34136) ParOldGen: 370995K(371200K)->371147K(371200K)
[15611.842s][info][gc,metaspace   ] GC(34136) Metaspace: 62425K(62656K)->62425K(62656K) NonClass: 53388K(53568K)->53388K(53568K) Class: 9037K(9088K)->9037K(9088K)
[15611.842s][info][gc             ] GC(34136) Pause Young (Allocation Failure) 442M->363M(445M) 3.531ms
[15611.842s][info][gc,cpu         ] GC(34136) User=0.01s Sys=0.00s Real=0.00s
[15612.286s][info][gc,start       ] GC(34137) Pause Young (Allocation Failure)
[15612.289s][info][gc,heap        ] GC(34137) PSYoungGen: 83040K(84480K)->480K(84480K) Eden: 81920K(81920K)->0K(81920K) From: 1120K(2560K)->480K(2560K)
[15612.289s][info][gc,heap        ] GC(34137) ParOldGen: 371147K(371200K)->371291K(371712K)
[15612.289s][info][gc,metaspace   ] GC(34137) Metaspace: 62425K(62656K)->62425K(62656K) NonClass: 53388K(53568K)->53388K(53568K) Class: 9037K(9088K)->9037K(9088K)
[15612.289s][info][gc             ] GC(34137) Pause Young (Allocation Failure) 443M->363M(445M) 2.890ms
[15612.289s][info][gc,cpu         ] GC(34137) User=0.01s Sys=0.00s Real=0.00s
[15612.751s][info][gc,start       ] GC(34138) Pause Young (Allocation Failure)
[15612.754s][info][gc,heap        ] GC(34138) PSYoungGen: 82400K(84480K)->1184K(84480K) Eden: 81920K(81920K)->0K(81920K) From: 480K(2560K)->1184K(2560K)
[15612.754s][info][gc,heap        ] GC(34138) ParOldGen: 371291K(371712K)->371435K(371712K)
[15612.754s][info][gc,metaspace   ] GC(34138) Metaspace: 62425K(62656K)->62425K(62656K) NonClass: 53388K(53568K)->53388K(53568K) Class: 9037K(9088K)->9037K(9088K)
[15612.754s][info][gc             ] GC(34138) Pause Young (Allocation Failure) 443M->363M(445M) 3.716ms
[15612.754s][info][gc,cpu         ] GC(34138) User=0.01s Sys=0.00s Real=0.01s
[15613.227s][info][gc,start       ] GC(34139) Pause Young (Allocation Failure)
[15613.231s][info][gc,heap        ] GC(34139) PSYoungGen: 83104K(84480K)->992K(84992K) Eden: 81920K(81920K)->0K(82432K) From: 1184K(2560K)->992K(2560K)
[15613.231s][info][gc,heap        ] GC(34139) ParOldGen: 371435K(371712K)->371595K(371712K)
[15613.231s][info][gc,metaspace   ] GC(34139) Metaspace: 62425K(62656K)->62425K(62656K) NonClass: 53388K(53568K)->53388K(53568K) Class: 9037K(9088K)->9037K(9088K)
[15613.231s][info][gc             ] GC(34139) Pause Young (Allocation Failure) 443M->363M(446M) 3.674ms
[15613.231s][info][gc,cpu         ] GC(34139) User=0.01s Sys=0.00s Real=0.00s
[15613.726s][info][gc,start       ] GC(34140) Pause Young (Allocation Failure)
[15613.729s][info][gc,heap        ] GC(34140) PSYoungGen: 83424K(84992K)->864K(84480K) Eden: 82432K(82432K)->0K(82432K) From: 992K(2560K)->864K(2048K)
[15613.729s][info][gc,heap        ] GC(34140) ParOldGen: 371595K(371712K)->371747K(372224K)
[15613.729s][info][gc,metaspace   ] GC(34140) Metaspace: 62425K(62656K)->62425K(62656K) NonClass: 53388K(53568K)->53388K(53568K) Class: 9037K(9088K)->9037K(9088K)
[15613.729s][info][gc             ] GC(34140) Pause Young (Allocation Failure) 444M->363M(446M) 3.653ms
[15613.729s][info][gc,cpu         ] GC(34140) User=0.01s Sys=0.00s Real=0.00s
[15614.245s][info][gc,start       ] GC(34141) Pause Young (Allocation Failure)
[15614.249s][info][gc,heap        ] GC(34141) PSYoungGen: 83296K(84480K)->1024K(84992K) Eden: 82432K(82432K)->0K(82944K) From: 864K(2048K)->1024K(2048K)
[15614.249s][info][gc,heap        ] GC(34141) ParOldGen: 371747K(372224K)->371899K(372224K)
[15614.249s][info][gc,metaspace   ] GC(34141) Metaspace: 62425K(62656K)->62425K(62656K) NonClass: 53388K(53568K)->53388K(53568K) Class: 9037K(9088K)->9037K(9088K)
[15614.249s][info][gc             ] GC(34141) Pause Young (Allocation Failure) 444M->364M(446M) 3.451ms
[15614.249s][info][gc,cpu         ] GC(34141) User=0.01s Sys=0.00s Real=0.00s
[15614.732s][info][gc,start       ] GC(34142) Pause Young (Allocation Failure)
[15614.736s][info][gc,heap        ] GC(34142) PSYoungGen: 83968K(84992K)->2016K(84992K) Eden: 82944K(82944K)->0K(82944K) From: 1024K(2048K)->2016K(2048K)
[15614.736s][info][gc,heap        ] GC(34142) ParOldGen: 371899K(372224K)->373123K(373760K)
[15614.736s][info][gc,metaspace   ] GC(34142) Metaspace: 62425K(62656K)->62425K(62656K) NonClass: 53388K(53568K)->53388K(53568K) Class: 9037K(9088K)->9037K(9088K)
[15614.736s][info][gc             ] GC(34142) Pause Young (Allocation Failure) 445M->366M(448M) 4.242ms
[15614.736s][info][gc,cpu         ] GC(34142) User=0.01s Sys=0.01s Real=0.01s
[15615.217s][info][gc,start       ] GC(34143) Pause Young (Allocation Failure)
[15615.221s][info][gc,heap        ] GC(34143) PSYoungGen: 84960K(84992K)->800K(83968K) Eden: 82944K(82944K)->0K(81920K) From: 2016K(2048K)->800K(2048K)
[15615.221s][info][gc,heap        ] GC(34143) ParOldGen: 373123K(373760K)->375291K(375296K)
[15615.221s][info][gc,metaspace   ] GC(34143) Metaspace: 62425K(62656K)->62425K(62656K) NonClass: 53388K(53568K)->53388K(53568K) Class: 9037K(9088K)->9037K(9088K)
[15615.221s][info][gc             ] GC(34143) Pause Young (Allocation Failure) 447M->367M(448M) 4.507ms
[15615.221s][info][gc,cpu         ] GC(34143) User=0.00s Sys=0.01s Real=0.00s
[15615.723s][info][gc,start       ] GC(34144) Pause Young (Allocation Failure)
[15615.727s][info][gc,heap        ] GC(34144) PSYoungGen: 82720K(83968K)->864K(84480K) Eden: 81920K(81920K)->0K(81920K) From: 800K(2048K)->864K(2560K)
[15615.727s][info][gc,heap        ] GC(34144) ParOldGen: 375291K(375296K)->375427K(375808K)
[15615.727s][info][gc,metaspace   ] GC(34144) Metaspace: 62425K(62656K)->62425K(62656K) NonClass: 53388K(53568K)->53388K(53568K) Class: 9037K(9088K)->9037K(9088K)
[15615.727s][info][gc             ] GC(34144) Pause Young (Allocation Failure) 447M->367M(449M) 3.452ms
[15615.727s][info][gc,cpu         ] GC(34144) User=0.00s Sys=0.00s Real=0.01s
[15616.224s][info][gc,start       ] GC(34145) Pause Young (Allocation Failure)
[15616.227s][info][gc,heap        ] GC(34145) PSYoungGen: 82784K(84480K)->928K(84480K) Eden: 81920K(81920K)->0K(81920K) From: 864K(2560K)->928K(2560K)
[15616.227s][info][gc,heap        ] GC(34145) ParOldGen: 375427K(375808K)->375579K(375808K)
[15616.227s][info][gc,metaspace   ] GC(34145) Metaspace: 62425K(62656K)->62425K(62656K) NonClass: 53388K(53568K)->53388K(53568K) Class: 9037K(9088K)->9037K(9088K)
[15616.227s][info][gc             ] GC(34145) Pause Young (Allocation Failure) 447M->367M(449M) 3.299ms
[15616.227s][info][gc,cpu         ] GC(34145) User=0.00s Sys=0.00s Real=0.01s
[15616.720s][info][gc,start       ] GC(34146) Pause Young (Allocation Failure)
[15616.724s][info][gc,heap        ] GC(34146) PSYoungGen: 82848K(84480K)->832K(84480K) Eden: 81920K(81920K)->0K(81920K) From: 928K(2560K)->832K(2560K)
[15616.724s][info][gc,heap        ] GC(34146) ParOldGen: 375579K(375808K)->375723K(375808K)
[15616.724s][info][gc,metaspace   ] GC(34146) Metaspace: 62425K(62656K)->62425K(62656K) NonClass: 53388K(53568K)->53388K(53568K) Class: 9037K(9088K)->9037K(9088K)
[15616.724s][info][gc             ] GC(34146) Pause Young (Allocation Failure) 447M->367M(449M) 3.283ms
[15616.724s][info][gc,cpu         ] GC(34146) User=0.01s Sys=0.00s Real=0.00s
[15617.214s][info][gc,start       ] GC(34147) Pause Young (Allocation Failure)
[15617.217s][info][gc,heap        ] GC(34147) PSYoungGen: 82752K(84480K)->768K(84480K) Eden: 81920K(81920K)->0K(81920K) From: 832K(2560K)->768K(2560K)
[15617.217s][info][gc,heap        ] GC(34147) ParOldGen: 375723K(375808K)->375875K(376320K)
[15617.217s][info][gc,metaspace   ] GC(34147) Metaspace: 62425K(62656K)->62425K(62656K) NonClass: 53388K(53568K)->53388K(53568K) Class: 9037K(9088K)->9037K(9088K)
[15617.217s][info][gc             ] GC(34147) Pause Young (Allocation Failure) 447M->367M(450M) 3.331ms
[15617.217s][info][gc,cpu         ] GC(34147) User=0.01s Sys=0.00s Real=0.01s
[15617.690s][info][gc,start       ] GC(34148) Pause Young (Allocation Failure)
[15617.693s][info][gc,heap        ] GC(34148) PSYoungGen: 82688K(84480K)->512K(84480K) Eden: 81920K(81920K)->0K(81920K) From: 768K(2560K)->512K(2560K)
[15617.693s][info][gc,heap        ] GC(34148) ParOldGen: 375875K(376320K)->376019K(376320K)
[15617.693s][info][gc,metaspace   ] GC(34148) Metaspace: 62425K(62656K)->62425K(62656K) NonClass: 53388K(53568K)->53388K(53568K) Class: 9037K(9088K)->9037K(9088K)
[15617.693s][info][gc             ] GC(34148) Pause Young (Allocation Failure) 447M->367M(450M) 3.063ms
[15617.693s][info][gc,cpu         ] GC(34148) User=0.00s Sys=0.00s Real=0.00s
[15618.172s][info][gc,start       ] GC(34149) Pause Young (Allocation Failure)
[15618.174s][info][gc,heap        ] GC(34149) PSYoungGen: 82432K(84480K)->320K(84480K) Eden: 81920K(81920K)->0K(81920K) From: 512K(2560K)->320K(2560K)
[15618.174s][info][gc,heap        ] GC(34149) ParOldGen: 376019K(376320K)->376163K(376320K)
[15618.174s][info][gc,metaspace   ] GC(34149) Metaspace: 62425K(62656K)->62425K(62656K) NonClass: 53388K(53568K)->53388K(53568K) Class: 9037K(9088K)->9037K(9088K)
[15618.174s][info][gc             ] GC(34149) Pause Young (Allocation Failure) 447M->367M(450M) 2.810ms
[15618.174s][info][gc,cpu         ] GC(34149) User=0.01s Sys=0.00s Real=0.01s
[15618.671s][info][gc,start       ] GC(34150) Pause Young (Allocation Failure)
[15618.674s][info][gc,heap        ] GC(34150) PSYoungGen: 82240K(84480K)->288K(84480K) Eden: 81920K(81920K)->0K(81920K) From: 320K(2560K)->288K(2560K)
[15618.674s][info][gc,heap        ] GC(34150) ParOldGen: 376163K(376320K)->376315K(376320K)
[15618.674s][info][gc,metaspace   ] GC(34150) Metaspace: 62425K(62656K)->62425K(62656K) NonClass: 53388K(53568K)->53388K(53568K) Class: 9037K(9088K)->9037K(9088K)
[15618.674s][info][gc             ] GC(34150) Pause Young (Allocation Failure) 447M->367M(450M) 2.837ms
[15618.674s][info][gc,cpu         ] GC(34150) User=0.01s Sys=0.00s Real=0.00s
[15619.183s][info][gc,start       ] GC(34151) Pause Young (Allocation Failure)
[15619.186s][info][gc,heap        ] GC(34151) PSYoungGen: 82208K(84480K)->416K(84480K) Eden: 81920K(81920K)->0K(81920K) From: 288K(2560K)->416K(2560K)
[15619.186s][info][gc,heap        ] GC(34151) ParOldGen: 376315K(376320K)->376467K(376832K)
[15619.186s][info][gc,metaspace   ] GC(34151) Metaspace: 62425K(62656K)->62425K(62656K) NonClass: 53388K(53568K)->53388K(53568K) Class: 9037K(9088K)->9037K(9088K)
[15619.186s][info][gc             ] GC(34151) Pause Young (Allocation Failure) 447M->368M(450M) 2.890ms
[15619.186s][info][gc,cpu         ] GC(34151) User=0.01s Sys=0.00s Real=0.01s
[15619.689s][info][gc,start       ] GC(34152) Pause Young (Allocation Failure)
[15619.692s][info][gc,heap        ] GC(34152) PSYoungGen: 82336K(84480K)->512K(84480K) Eden: 81920K(81920K)->0K(81920K) From: 416K(2560K)->512K(2560K)
[15619.692s][info][gc,heap        ] GC(34152) ParOldGen: 376467K(376832K)->376603K(376832K)
[15619.692s][info][gc,metaspace   ] GC(34152) Metaspace: 62425K(62656K)->62425K(62656K) NonClass: 53388K(53568K)->53388K(53568K) Class: 9037K(9088K)->9037K(9088K)
[15619.692s][info][gc             ] GC(34152) Pause Young (Allocation Failure) 448M->368M(450M) 3.050ms
[15619.692s][info][gc,cpu         ] GC(34152) User=0.01s Sys=0.00s Real=0.00s
[15620.185s][info][gc,start       ] GC(34153) Pause Young (Allocation Failure)
[15620.187s][info][gc,heap        ] GC(34153) PSYoungGen: 82432K(84480K)->448K(84992K) Eden: 81920K(81920K)->0K(82944K) From: 512K(2560K)->448K(2048K)
[15620.188s][info][gc,heap        ] GC(34153) ParOldGen: 376603K(376832K)->376755K(376832K)
[15620.188s][info][gc,metaspace   ] GC(34153) Metaspace: 62425K(62656K)->62425K(62656K) NonClass: 53388K(53568K)->53388K(53568K) Class: 9037K(9088K)->9037K(9088K)
[15620.188s][info][gc             ] GC(34153) Pause Young (Allocation Failure) 448M->368M(451M) 3.032ms
[15620.188s][info][gc,cpu         ] GC(34153) User=0.00s Sys=0.00s Real=0.00s
[15620.742s][info][gc,start       ] GC(34154) Pause Young (Allocation Failure)
[15620.746s][info][gc,heap        ] GC(34154) PSYoungGen: 83392K(84992K)->1184K(84992K) Eden: 82944K(82944K)->0K(82944K) From: 448K(2048K)->1184K(2048K)
[15620.746s][info][gc,heap        ] GC(34154) ParOldGen: 376755K(376832K)->376899K(377344K)
[15620.746s][info][gc,metaspace   ] GC(34154) Metaspace: 62425K(62656K)->62425K(62656K) NonClass: 53388K(53568K)->53388K(53568K) Class: 9037K(9088K)->9037K(9088K)
[15620.746s][info][gc             ] GC(34154) Pause Young (Allocation Failure) 449M->369M(451M) 3.740ms
[15620.746s][info][gc,cpu         ] GC(34154) User=0.01s Sys=0.00s Real=0.01s
[15621.208s][info][gc,start       ] GC(34155) Pause Young (Allocation Failure)
[15621.212s][info][gc,heap        ] GC(34155) PSYoungGen: 84128K(84992K)->1760K(83968K) Eden: 82944K(82944K)->0K(81920K) From: 1184K(2048K)->1760K(2048K)
[15621.212s][info][gc,heap        ] GC(34155) ParOldGen: 376899K(377344K)->378115K(378880K)
[15621.212s][info][gc,metaspace   ] GC(34155) Metaspace: 62425K(62656K)->62425K(62656K) NonClass: 53388K(53568K)->53388K(53568K) Class: 9037K(9088K)->9037K(9088K)
[15621.212s][info][gc             ] GC(34155) Pause Young (Allocation Failure) 450M->370M(452M) 4.191ms
[15621.212s][info][gc,cpu         ] GC(34155) User=0.01s Sys=0.00s Real=0.00s
[15621.662s][info][gc,start       ] GC(34156) Pause Young (Allocation Failure)
[15621.667s][info][gc,heap        ] GC(34156) PSYoungGen: 83680K(83968K)->1408K(84480K) Eden: 81920K(81920K)->0K(81920K) From: 1760K(2048K)->1408K(2560K)
[15621.667s][info][gc,heap        ] GC(34156) ParOldGen: 378115K(378880K)->380307K(380416K)
[15621.667s][info][gc,metaspace   ] GC(34156) Metaspace: 62425K(62656K)->62425K(62656K) NonClass: 53388K(53568K)->53388K(53568K) Class: 9037K(9088K)->9037K(9088K)
[15621.667s][info][gc             ] GC(34156) Pause Young (Allocation Failure) 450M->372M(454M) 4.908ms
[15621.667s][info][gc,cpu         ] GC(34156) User=0.01s Sys=0.00s Real=0.01s
[15622.073s][info][gc,start       ] GC(34157) Pause Young (Allocation Failure)
[15622.076s][info][gc,heap        ] GC(34157) PSYoungGen: 83328K(84480K)->384K(84480K) Eden: 81920K(81920K)->0K(81920K) From: 1408K(2560K)->384K(2560K)
[15622.076s][info][gc,heap        ] GC(34157) ParOldGen: 380307K(380416K)->380443K(380928K)
[15622.076s][info][gc,metaspace   ] GC(34157) Metaspace: 62425K(62656K)->62425K(62656K) NonClass: 53388K(53568K)->53388K(53568K) Class: 9037K(9088K)->9037K(9088K)
[15622.076s][info][gc             ] GC(34157) Pause Young (Allocation Failure) 452M->371M(454M) 2.820ms
[15622.076s][info][gc,cpu         ] GC(34157) User=0.01s Sys=0.00s Real=0.01s
[15622.573s][info][gc,start       ] GC(34158) Pause Young (Allocation Failure)
[15622.576s][info][gc,heap        ] GC(34158) PSYoungGen: 82304K(84480K)->352K(84480K) Eden: 81920K(81920K)->0K(81920K) From: 384K(2560K)->352K(2560K)
[15622.576s][info][gc,heap        ] GC(34158) ParOldGen: 380443K(380928K)->380595K(380928K)
[15622.576s][info][gc,metaspace   ] GC(34158) Metaspace: 62425K(62656K)->62425K(62656K) NonClass: 53388K(53568K)->53388K(53568K) Class: 9037K(9088K)->9037K(9088K)
[15622.576s][info][gc             ] GC(34158) Pause Young (Allocation Failure) 451M->372M(454M) 2.904ms
[15622.576s][info][gc,cpu         ] GC(34158) User=0.01s Sys=0.00s Real=0.01s
[15623.037s][info][gc,start       ] GC(34159) Pause Young (Allocation Failure)
[15623.040s][info][gc,heap        ] GC(34159) PSYoungGen: 82272K(84480K)->1088K(84480K) Eden: 81920K(81920K)->0K(81920K) From: 352K(2560K)->1088K(2560K)
[15623.040s][info][gc,heap        ] GC(34159) ParOldGen: 380595K(380928K)->380739K(380928K)
[15623.040s][info][gc,metaspace   ] GC(34159) Metaspace: 62425K(62656K)->62425K(62656K) NonClass: 53388K(53568K)->53388K(53568K) Class: 9037K(9088K)->9037K(9088K)
[15623.040s][info][gc             ] GC(34159) Pause Young (Allocation Failure) 452M->372M(454M) 3.536ms
[15623.040s][info][gc,cpu         ] GC(34159) User=0.01s Sys=0.00s Real=0.00s
[15623.477s][info][gc,start       ] GC(34160) Pause Young (Allocation Failure)
[15623.479s][info][gc,heap        ] GC(34160) PSYoungGen: 83008K(84480K)->384K(84480K) Eden: 81920K(81920K)->0K(81920K) From: 1088K(2560K)->384K(2560K)
[15623.479s][info][gc,heap        ] GC(34160) ParOldGen: 380739K(380928K)->380883K(380928K)
[15623.479s][info][gc,metaspace   ] GC(34160) Metaspace: 62425K(62656K)->62425K(62656K) NonClass: 53388K(53568K)->53388K(53568K) Class: 9037K(9088K)->9037K(9088K)
[15623.479s][info][gc             ] GC(34160) Pause Young (Allocation Failure) 452M->372M(454M) 2.905ms
[15623.480s][info][gc,cpu         ] GC(34160) User=0.00s Sys=0.00s Real=0.00s
[15623.945s][info][gc,start       ] GC(34161) Pause Young (Allocation Failure)
[15623.949s][info][gc,heap        ] GC(34161) PSYoungGen: 82304K(84480K)->1152K(84480K) Eden: 81920K(81920K)->0K(81920K) From: 384K(2560K)->1152K(2560K)
[15623.949s][info][gc,heap        ] GC(34161) ParOldGen: 380883K(380928K)->381035K(381440K)
[15623.949s][info][gc,metaspace   ] GC(34161) Metaspace: 62425K(62656K)->62425K(62656K) NonClass: 53388K(53568K)->53388K(53568K) Class: 9037K(9088K)->9037K(9088K)
[15623.949s][info][gc             ] GC(34161) Pause Young (Allocation Failure) 452M->373M(455M) 3.589ms
[15623.949s][info][gc,cpu         ] GC(34161) User=0.00s Sys=0.00s Real=0.00s
[15624.390s][info][gc,start       ] GC(34162) Pause Young (Allocation Failure)
[15624.393s][info][gc,heap        ] GC(34162) PSYoungGen: 83072K(84480K)->576K(84480K) Eden: 81920K(81920K)->0K(81920K) From: 1152K(2560K)->576K(2560K)
[15624.393s][info][gc,heap        ] GC(34162) ParOldGen: 381035K(381440K)->381179K(381440K)
[15624.393s][info][gc,metaspace   ] GC(34162) Metaspace: 62425K(62656K)->62425K(62656K) NonClass: 53388K(53568K)->53388K(53568K) Class: 9037K(9088K)->9037K(9088K)
[15624.393s][info][gc             ] GC(34162) Pause Young (Allocation Failure) 453M->372M(455M) 3.040ms
[15624.393s][info][gc,cpu         ] GC(34162) User=0.01s Sys=0.00s Real=0.00s
[15624.840s][info][gc,start       ] GC(34163) Pause Young (Allocation Failure)
[15624.843s][info][gc,heap        ] GC(34163) PSYoungGen: 82496K(84480K)->1120K(84992K) Eden: 81920K(81920K)->0K(82944K) From: 576K(2560K)->1120K(2048K)
[15624.843s][info][gc,heap        ] GC(34163) ParOldGen: 381179K(381440K)->381331K(381440K)
[15624.843s][info][gc,metaspace   ] GC(34163) Metaspace: 62425K(62656K)->62425K(62656K) NonClass: 53388K(53568K)->53388K(53568K) Class: 9037K(9088K)->9037K(9088K)
[15624.843s][info][gc             ] GC(34163) Pause Young (Allocation Failure) 452M->373M(455M) 3.585ms
[15624.843s][info][gc,cpu         ] GC(34163) User=0.00s Sys=0.01s Real=0.00s
[15625.321s][info][gc,start       ] GC(34164) Pause Young (Allocation Failure)
[15625.324s][info][gc,heap        ] GC(34164) PSYoungGen: 84064K(84992K)->960K(84992K) Eden: 82944K(82944K)->0K(82944K) From: 1120K(2048K)->960K(2048K)
[15625.324s][info][gc,heap        ] GC(34164) ParOldGen: 381331K(381440K)->381483K(381952K)
[15625.324s][info][gc,metaspace   ] GC(34164) Metaspace: 62425K(62656K)->62425K(62656K) NonClass: 53388K(53568K)->53388K(53568K) Class: 9037K(9088K)->9037K(9088K)
[15625.324s][info][gc             ] GC(34164) Pause Young (Allocation Failure) 454M->373M(456M) 3.337ms
[15625.324s][info][gc,cpu         ] GC(34164) User=0.01s Sys=0.00s Real=0.00s
[15625.768s][info][gc,start       ] GC(34165) Pause Young (Allocation Failure)
[15625.771s][info][gc,heap        ] GC(34165) PSYoungGen: 83904K(84992K)->320K(84992K) Eden: 82944K(82944K)->0K(82944K) From: 960K(2048K)->320K(2048K)
[15625.771s][info][gc,heap        ] GC(34165) ParOldGen: 381483K(381952K)->381627K(381952K)
[15625.771s][info][gc,metaspace   ] GC(34165) Metaspace: 62425K(62656K)->62425K(62656K) NonClass: 53388K(53568K)->53388K(53568K) Class: 9037K(9088K)->9037K(9088K)
[15625.771s][info][gc             ] GC(34165) Pause Young (Allocation Failure) 454M->372M(456M) 2.771ms
[15625.771s][info][gc,cpu         ] GC(34165) User=0.00s Sys=0.00s Real=0.00s
[15626.238s][info][gc,start       ] GC(34166) Pause Young (Allocation Failure)
[15626.241s][info][gc,heap        ] GC(34166) PSYoungGen: 83264K(84992K)->992K(84992K) Eden: 82944K(82944K)->0K(82944K) From: 320K(2048K)->992K(2048K)
[15626.241s][info][gc,heap        ] GC(34166) ParOldGen: 381627K(381952K)->381771K(381952K)
[15626.241s][info][gc,metaspace   ] GC(34166) Metaspace: 62425K(62656K)->62425K(62656K) NonClass: 53388K(53568K)->53388K(53568K) Class: 9037K(9088K)->9037K(9088K)
[15626.241s][info][gc             ] GC(34166) Pause Young (Allocation Failure) 453M->373M(456M) 3.359ms
[15626.241s][info][gc,cpu         ] GC(34166) User=0.01s Sys=0.00s Real=0.00s
[15626.723s][info][gc,start       ] GC(34167) Pause Young (Allocation Failure)
[15626.726s][info][gc,heap        ] GC(34167) PSYoungGen: 83936K(84992K)->896K(84992K) Eden: 82944K(82944K)->0K(82944K) From: 992K(2048K)->896K(2048K)
[15626.726s][info][gc,heap        ] GC(34167) ParOldGen: 381771K(381952K)->381915K(381952K)
[15626.726s][info][gc,metaspace   ] GC(34167) Metaspace: 62425K(62656K)->62425K(62656K) NonClass: 53388K(53568K)->53388K(53568K) Class: 9037K(9088K)->9037K(9088K)
[15626.726s][info][gc             ] GC(34167) Pause Young (Allocation Failure) 454M->373M(456M) 3.538ms
[15626.726s][info][gc,cpu         ] GC(34167) User=0.01s Sys=0.00s Real=0.01s
[15627.214s][info][gc,start       ] GC(34168) Pause Young (Allocation Failure)
[15627.218s][info][gc,heap        ] GC(34168) PSYoungGen: 83840K(84992K)->1792K(84992K) Eden: 82944K(82944K)->0K(82944K) From: 896K(2048K)->1792K(2048K)
[15627.218s][info][gc,heap        ] GC(34168) ParOldGen: 381915K(381952K)->383091K(383488K)
[15627.218s][info][gc,metaspace   ] GC(34168) Metaspace: 62425K(62656K)->62425K(62656K) NonClass: 53388K(53568K)->53388K(53568K) Class: 9037K(9088K)->9037K(9088K)
[15627.218s][info][gc             ] GC(34168) Pause Young (Allocation Failure) 454M->375M(457M) 3.946ms
[15627.218s][info][gc,cpu         ] GC(34168) User=0.01s Sys=0.00s Real=0.00s
[15627.652s][info][gc,start       ] GC(34169) Pause Young (Allocation Failure)
[15627.656s][info][gc,heap        ] GC(34169) PSYoungGen: 84736K(84992K)->1472K(83968K) Eden: 82944K(82944K)->0K(81920K) From: 1792K(2048K)->1472K(2048K)
[15627.656s][info][gc,heap        ] GC(34169) ParOldGen: 383091K(383488K)->385275K(386560K)
[15627.656s][info][gc,metaspace   ] GC(34169) Metaspace: 62425K(62656K)->62425K(62656K) NonClass: 53388K(53568K)->53388K(53568K) Class: 9037K(9088K)->9037K(9088K)
[15627.656s][info][gc             ] GC(34169) Pause Young (Allocation Failure) 456M->377M(459M) 4.804ms
[15627.656s][info][gc,cpu         ] GC(34169) User=0.01s Sys=0.00s Real=0.01s
[15628.077s][info][gc,start       ] GC(34170) Pause Young (Allocation Failure)
[15628.080s][info][gc,heap        ] GC(34170) PSYoungGen: 83392K(83968K)->416K(84480K) Eden: 81920K(81920K)->0K(81920K) From: 1472K(2048K)->416K(2560K)
[15628.080s][info][gc,heap        ] GC(34170) ParOldGen: 385275K(386560K)->385427K(386560K)
[15628.080s][info][gc,metaspace   ] GC(34170) Metaspace: 62425K(62656K)->62425K(62656K) NonClass: 53388K(53568K)->53388K(53568K) Class: 9037K(9088K)->9037K(9088K)
[15628.080s][info][gc             ] GC(34170) Pause Young (Allocation Failure) 457M->376M(460M) 3.062ms
[15628.080s][info][gc,cpu         ] GC(34170) User=0.00s Sys=0.00s Real=0.00s
[15628.514s][info][gc,start       ] GC(34171) Pause Young (Allocation Failure)
[15628.517s][info][gc,heap        ] GC(34171) PSYoungGen: 82336K(84480K)->800K(84992K) Eden: 81920K(81920K)->0K(82432K) From: 416K(2560K)->800K(2560K)
[15628.517s][info][gc,heap        ] GC(34171) ParOldGen: 385427K(386560K)->385571K(386560K)
[15628.517s][info][gc,metaspace   ] GC(34171) Metaspace: 62425K(62656K)->62425K(62656K) NonClass: 53388K(53568K)->53388K(53568K) Class: 9037K(9088K)->9037K(9088K)
[15628.517s][info][gc             ] GC(34171) Pause Young (Allocation Failure) 456M->377M(460M) 3.231ms
[15628.517s][info][gc,cpu         ] GC(34171) User=0.01s Sys=0.00s Real=0.01s
[15628.970s][info][gc,start       ] GC(34172) Pause Young (Allocation Failure)
[15628.972s][info][gc,heap        ] GC(34172) PSYoungGen: 83232K(84992K)->288K(84480K) Eden: 82432K(82432K)->0K(82432K) From: 800K(2560K)->288K(2048K)
[15628.973s][info][gc,heap        ] GC(34172) ParOldGen: 385571K(386560K)->385707K(386560K)
[15628.973s][info][gc,metaspace   ] GC(34172) Metaspace: 62425K(62656K)->62425K(62656K) NonClass: 53388K(53568K)->53388K(53568K) Class: 9037K(9088K)->9037K(9088K)
[15628.973s][info][gc             ] GC(34172) Pause Young (Allocation Failure) 457M->376M(460M) 2.761ms
[15628.973s][info][gc,cpu         ] GC(34172) User=0.00s Sys=0.00s Real=0.00s
[15629.416s][info][gc,start       ] GC(34173) Pause Young (Allocation Failure)
[15629.420s][info][gc,heap        ] GC(34173) PSYoungGen: 82720K(84480K)->1888K(83968K) Eden: 82432K(82432K)->0K(81920K) From: 288K(2048K)->1888K(2048K)
[15629.420s][info][gc,heap        ] GC(34173) ParOldGen: 385707K(386560K)->386875K(388096K)
[15629.420s][info][gc,metaspace   ] GC(34173) Metaspace: 62425K(62656K)->62425K(62656K) NonClass: 53388K(53568K)->53388K(53568K) Class: 9037K(9088K)->9037K(9088K)
[15629.420s][info][gc             ] GC(34173) Pause Young (Allocation Failure) 457M->379M(461M) 4.020ms
[15629.420s][info][gc,cpu         ] GC(34173) User=0.01s Sys=0.00s Real=0.00s
[15629.888s][info][gc,start       ] GC(34174) Pause Young (Allocation Failure)
[15629.892s][info][gc,heap        ] GC(34174) PSYoungGen: 83808K(83968K)->576K(84480K) Eden: 81920K(81920K)->0K(81920K) From: 1888K(2048K)->576K(2560K)
[15629.892s][info][gc,heap        ] GC(34174) ParOldGen: 386875K(388096K)->389067K(389632K)
[15629.892s][info][gc,metaspace   ] GC(34174) Metaspace: 62425K(62656K)->62425K(62656K) NonClass: 53388K(53568K)->53388K(53568K) Class: 9037K(9088K)->9037K(9088K)
[15629.892s][info][gc             ] GC(34174) Pause Young (Allocation Failure) 459M->380M(463M) 4.084ms
[15629.892s][info][gc,cpu         ] GC(34174) User=0.01s Sys=0.01s Real=0.00s
[15630.326s][info][gc,start       ] GC(34175) Pause Young (Allocation Failure)
[15630.329s][info][gc,heap        ] GC(34175) PSYoungGen: 82496K(84480K)->960K(84480K) Eden: 81920K(81920K)->0K(81920K) From: 576K(2560K)->960K(2560K)
[15630.329s][info][gc,heap        ] GC(34175) ParOldGen: 389067K(389632K)->389259K(389632K)
[15630.329s][info][gc,metaspace   ] GC(34175) Metaspace: 62425K(62656K)->62425K(62656K) NonClass: 53388K(53568K)->53388K(53568K) Class: 9037K(9088K)->9037K(9088K)
[15630.329s][info][gc             ] GC(34175) Pause Young (Allocation Failure) 460M->381M(463M) 3.336ms
[15630.329s][info][gc,cpu         ] GC(34175) User=0.00s Sys=0.00s Real=0.00s
[15630.785s][info][gc,start       ] GC(34176) Pause Young (Allocation Failure)
[15630.788s][info][gc,heap        ] GC(34176) PSYoungGen: 82880K(84480K)->448K(84480K) Eden: 81920K(81920K)->0K(81920K) From: 960K(2560K)->448K(2560K)
[15630.788s][info][gc,heap        ] GC(34176) ParOldGen: 389259K(389632K)->389395K(389632K)
[15630.788s][info][gc,metaspace   ] GC(34176) Metaspace: 62425K(62656K)->62425K(62656K) NonClass: 53388K(53568K)->53388K(53568K) Class: 9037K(9088K)->9037K(9088K)
[15630.788s][info][gc             ] GC(34176) Pause Young (Allocation Failure) 461M->380M(463M) 2.957ms
[15630.788s][info][gc,cpu         ] GC(34176) User=0.01s Sys=0.00s Real=0.00s
[15631.254s][info][gc,start       ] GC(34177) Pause Young (Allocation Failure)
[15631.258s][info][gc,heap        ] GC(34177) PSYoungGen: 82368K(84480K)->1280K(84480K) Eden: 81920K(81920K)->0K(81920K) From: 448K(2560K)->1280K(2560K)
[15631.258s][info][gc,heap        ] GC(34177) ParOldGen: 389395K(389632K)->389531K(389632K)
[15631.258s][info][gc,metaspace   ] GC(34177) Metaspace: 62425K(62656K)->62425K(62656K) NonClass: 53388K(53568K)->53388K(53568K) Class: 9037K(9088K)->9037K(9088K)
[15631.258s][info][gc             ] GC(34177) Pause Young (Allocation Failure) 460M->381M(463M) 3.535ms
[15631.258s][info][gc,cpu         ] GC(34177) User=0.01s Sys=0.00s Real=0.00s
[15631.720s][info][gc,start       ] GC(34178) Pause Young (Allocation Failure)
[15631.724s][info][gc,heap        ] GC(34178) PSYoungGen: 83200K(84480K)->928K(84480K) Eden: 81920K(81920K)->0K(81920K) From: 1280K(2560K)->928K(2560K)
[15631.724s][info][gc,heap        ] GC(34178) ParOldGen: 389531K(389632K)->389667K(390144K)
[15631.724s][info][gc,metaspace   ] GC(34178) Metaspace: 62425K(62656K)->62425K(62656K) NonClass: 53388K(53568K)->53388K(53568K) Class: 9037K(9088K)->9037K(9088K)
[15631.724s][info][gc             ] GC(34178) Pause Young (Allocation Failure) 461M->381M(463M) 3.423ms
[15631.724s][info][gc,cpu         ] GC(34178) User=0.00s Sys=0.00s Real=0.00s
[15632.198s][info][gc,start       ] GC(34179) Pause Young (Allocation Failure)
[15632.201s][info][gc,heap        ] GC(34179) PSYoungGen: 82848K(84480K)->608K(84992K) Eden: 81920K(81920K)->0K(82944K) From: 928K(2560K)->608K(2048K)
[15632.201s][info][gc,heap        ] GC(34179) ParOldGen: 389667K(390144K)->389811K(390144K)
[15632.201s][info][gc,metaspace   ] GC(34179) Metaspace: 62425K(62656K)->62425K(62656K) NonClass: 53388K(53568K)->53388K(53568K) Class: 9037K(9088K)->9037K(9088K)
[15632.201s][info][gc             ] GC(34179) Pause Young (Allocation Failure) 461M->381M(464M) 3.040ms
[15632.201s][info][gc,cpu         ] GC(34179) User=0.00s Sys=0.00s Real=0.00s
[15632.669s][info][gc,start       ] GC(34180) Pause Young (Allocation Failure)
[15632.671s][info][gc,heap        ] GC(34180) PSYoungGen: 83552K(84992K)->288K(84992K) Eden: 82944K(82944K)->0K(82944K) From: 608K(2048K)->288K(2048K)
[15632.672s][info][gc,heap        ] GC(34180) ParOldGen: 389811K(390144K)->389955K(390144K)
[15632.672s][info][gc,metaspace   ] GC(34180) Metaspace: 62425K(62656K)->62425K(62656K) NonClass: 53388K(53568K)->53388K(53568K) Class: 9037K(9088K)->9037K(9088K)
[15632.672s][info][gc             ] GC(34180) Pause Young (Allocation Failure) 462M->381M(464M) 2.779ms
[15632.672s][info][gc,cpu         ] GC(34180) User=0.00s Sys=0.00s Real=0.00s
[15633.117s][info][gc,start       ] GC(34181) Pause Young (Allocation Failure)
[15633.121s][info][gc,heap        ] GC(34181) PSYoungGen: 83232K(84992K)->1920K(83968K) Eden: 82944K(82944K)->0K(81920K) From: 288K(2048K)->1920K(2048K)
[15633.121s][info][gc,heap        ] GC(34181) ParOldGen: 389955K(390144K)->391115K(391680K)
[15633.121s][info][gc,metaspace   ] GC(34181) Metaspace: 62425K(62656K)->62425K(62656K) NonClass: 53388K(53568K)->53388K(53568K) Class: 9037K(9088K)->9037K(9088K)
[15633.121s][info][gc             ] GC(34181) Pause Young (Allocation Failure) 462M->383M(464M) 4.033ms
[15633.121s][info][gc,cpu         ] GC(34181) User=0.01s Sys=0.00s Real=0.00s
[15633.553s][info][gc,start       ] GC(34182) Pause Young (Allocation Failure)
[15633.558s][info][gc,heap        ] GC(34182) PSYoungGen: 83840K(83968K)->1376K(84480K) Eden: 81920K(81920K)->0K(81920K) From: 1920K(2048K)->1376K(2560K)
[15633.558s][info][gc,heap        ] GC(34182) ParOldGen: 391115K(391680K)->393307K(393728K)
[15633.558s][info][gc,metaspace   ] GC(34182) Metaspace: 62425K(62656K)->62425K(62656K) NonClass: 53388K(53568K)->53388K(53568K) Class: 9037K(9088K)->9037K(9088K)
[15633.559s][info][gc             ] GC(34182) Pause Young (Allocation Failure) 463M->385M(467M) 5.481ms
[15633.559s][info][gc,cpu         ] GC(34182) User=0.01s Sys=0.00s Real=0.01s
[15633.956s][info][gc,start       ] GC(34183) Pause Young (Allocation Failure)
[15633.960s][info][gc,heap        ] GC(34183) PSYoungGen: 83296K(84480K)->1472K(84480K) Eden: 81920K(81920K)->0K(81920K) From: 1376K(2560K)->1472K(2560K)
[15633.960s][info][gc,heap        ] GC(34183) ParOldGen: 393307K(393728K)->393451K(393728K)
[15633.960s][info][gc,metaspace   ] GC(34183) Metaspace: 62425K(62656K)->62425K(62656K) NonClass: 53388K(53568K)->53388K(53568K) Class: 9037K(9088K)->9037K(9088K)
[15633.960s][info][gc             ] GC(34183) Pause Young (Allocation Failure) 465M->385M(467M) 3.885ms
[15633.960s][info][gc,cpu         ] GC(34183) User=0.01s Sys=0.00s Real=0.00s
[15634.386s][info][gc,start       ] GC(34184) Pause Young (Allocation Failure)
[15634.389s][info][gc,heap        ] GC(34184) PSYoungGen: 83392K(84480K)->480K(84480K) Eden: 81920K(81920K)->0K(81920K) From: 1472K(2560K)->480K(2560K)
[15634.389s][info][gc,heap        ] GC(34184) ParOldGen: 393451K(393728K)->393595K(393728K)
[15634.389s][info][gc,metaspace   ] GC(34184) Metaspace: 62425K(62656K)->62425K(62656K) NonClass: 53388K(53568K)->53388K(53568K) Class: 9037K(9088K)->9037K(9088K)
[15634.389s][info][gc             ] GC(34184) Pause Young (Allocation Failure) 465M->384M(467M) 2.919ms
[15634.389s][info][gc,cpu         ] GC(34184) User=0.00s Sys=0.00s Real=0.00s
[15634.829s][info][gc,start       ] GC(34185) Pause Young (Allocation Failure)
[15634.832s][info][gc,heap        ] GC(34185) PSYoungGen: 82400K(84480K)->1056K(84480K) Eden: 81920K(81920K)->0K(81920K) From: 480K(2560K)->1056K(2560K)
[15634.833s][info][gc,heap        ] GC(34185) ParOldGen: 393595K(393728K)->393739K(394240K)
[15634.833s][info][gc,metaspace   ] GC(34185) Metaspace: 62425K(62656K)->62425K(62656K) NonClass: 53388K(53568K)->53388K(53568K) Class: 9037K(9088K)->9037K(9088K)
[15634.833s][info][gc             ] GC(34185) Pause Young (Allocation Failure) 464M->385M(467M) 3.542ms
[15634.833s][info][gc,cpu         ] GC(34185) User=0.01s Sys=0.00s Real=0.00s
[15635.307s][info][gc,start       ] GC(34186) Pause Young (Allocation Failure)
[15635.310s][info][gc,heap        ] GC(34186) PSYoungGen: 82976K(84480K)->768K(84480K) Eden: 81920K(81920K)->0K(81920K) From: 1056K(2560K)->768K(2560K)
[15635.310s][info][gc,heap        ] GC(34186) ParOldGen: 393739K(394240K)->393891K(394240K)
[15635.310s][info][gc,metaspace   ] GC(34186) Metaspace: 62425K(62656K)->62425K(62656K) NonClass: 53388K(53568K)->53388K(53568K) Class: 9037K(9088K)->9037K(9088K)
[15635.310s][info][gc             ] GC(34186) Pause Young (Allocation Failure) 465M->385M(467M) 3.334ms
[15635.310s][info][gc,cpu         ] GC(34186) User=0.01s Sys=0.00s Real=0.00s
[15635.800s][info][gc,start       ] GC(34187) Pause Young (Allocation Failure)
[15635.803s][info][gc,heap        ] GC(34187) PSYoungGen: 82688K(84480K)->640K(84992K) Eden: 81920K(81920K)->0K(82432K) From: 768K(2560K)->640K(2560K)
[15635.803s][info][gc,heap        ] GC(34187) ParOldGen: 393891K(394240K)->394035K(394240K)
[15635.803s][info][gc,metaspace   ] GC(34187) Metaspace: 62425K(62656K)->62425K(62656K) NonClass: 53388K(53568K)->53388K(53568K) Class: 9037K(9088K)->9037K(9088K)
[15635.803s][info][gc             ] GC(34187) Pause Young (Allocation Failure) 465M->385M(468M) 3.126ms
[15635.803s][info][gc,cpu         ] GC(34187) User=0.01s Sys=0.00s Real=0.00s
[15636.297s][info][gc,start       ] GC(34188) Pause Young (Allocation Failure)
[15636.301s][info][gc,heap        ] GC(34188) PSYoungGen: 83072K(84992K)->512K(84480K) Eden: 82432K(82432K)->0K(82432K) From: 640K(2560K)->512K(2048K)
[15636.301s][info][gc,heap        ] GC(34188) ParOldGen: 394035K(394240K)->394179K(394240K)
[15636.301s][info][gc,metaspace   ] GC(34188) Metaspace: 62425K(62656K)->62425K(62656K) NonClass: 53388K(53568K)->53388K(53568K) Class: 9037K(9088K)->9037K(9088K)
[15636.301s][info][gc             ] GC(34188) Pause Young (Allocation Failure) 465M->385M(467M) 3.356ms
[15636.301s][info][gc,cpu         ] GC(34188) User=0.01s Sys=0.00s Real=0.00s
[15636.748s][info][gc,start       ] GC(34189) Pause Young (Allocation Failure)
[15636.751s][info][gc,heap        ] GC(34189) PSYoungGen: 82944K(84480K)->1248K(84992K) Eden: 82432K(82432K)->0K(82944K) From: 512K(2048K)->1248K(2048K)
[15636.752s][info][gc,heap        ] GC(34189) ParOldGen: 394179K(394240K)->394323K(394752K)
[15636.752s][info][gc,metaspace   ] GC(34189) Metaspace: 62425K(62656K)->62425K(62656K) NonClass: 53388K(53568K)->53388K(53568K) Class: 9037K(9088K)->9037K(9088K)
[15636.752s][info][gc             ] GC(34189) Pause Young (Allocation Failure) 465M->386M(468M) 3.562ms
[15636.752s][info][gc,cpu         ] GC(34189) User=0.01s Sys=0.00s Real=0.00s
[15637.144s][info][gc,start       ] GC(34190) Pause Young (Allocation Failure)
[15637.148s][info][gc,heap        ] GC(34190) PSYoungGen: 84192K(84992K)->1376K(84480K) Eden: 82944K(82944K)->0K(82944K) From: 1248K(2048K)->1376K(1536K)
[15637.148s][info][gc,heap        ] GC(34190) ParOldGen: 394323K(394752K)->394459K(394752K)
[15637.148s][info][gc,metaspace   ] GC(34190) Metaspace: 62425K(62656K)->62425K(62656K) NonClass: 53388K(53568K)->53388K(53568K) Class: 9037K(9088K)->9037K(9088K)
[15637.148s][info][gc             ] GC(34190) Pause Young (Allocation Failure) 467M->386M(468M) 3.782ms
[15637.148s][info][gc,cpu         ] GC(34190) User=0.00s Sys=0.00s Real=0.00s
[15637.587s][info][gc,start       ] GC(34191) Pause Young (Allocation Failure)
[15637.590s][info][gc,heap        ] GC(34191) PSYoungGen: 84320K(84480K)->512K(84992K) Eden: 82944K(82944K)->0K(82432K) From: 1376K(1536K)->512K(2560K)
[15637.590s][info][gc,heap        ] GC(34191) ParOldGen: 394459K(394752K)->394603K(394752K)
[15637.590s][info][gc,metaspace   ] GC(34191) Metaspace: 62425K(62656K)->62425K(62656K) NonClass: 53388K(53568K)->53388K(53568K) Class: 9037K(9088K)->9037K(9088K)
[15637.590s][info][gc             ] GC(34191) Pause Young (Allocation Failure) 467M->385M(468M) 2.942ms
[15637.590s][info][gc,cpu         ] GC(34191) User=0.00s Sys=0.00s Real=0.00s
[15638.048s][info][gc,start       ] GC(34192) Pause Young (Allocation Failure)
[15638.051s][info][gc,heap        ] GC(34192) PSYoungGen: 82944K(84992K)->1216K(84480K) Eden: 82432K(82432K)->0K(82432K) From: 512K(2560K)->1216K(2048K)
[15638.051s][info][gc,heap        ] GC(34192) ParOldGen: 394603K(394752K)->394755K(395264K)
[15638.051s][info][gc,metaspace   ] GC(34192) Metaspace: 62425K(62656K)->62425K(62656K) NonClass: 53388K(53568K)->53388K(53568K) Class: 9037K(9088K)->9037K(9088K)
[15638.052s][info][gc             ] GC(34192) Pause Young (Allocation Failure) 466M->386M(468M) 3.715ms
[15638.052s][info][gc,cpu         ] GC(34192) User=0.00s Sys=0.00s Real=0.00s
[15638.480s][info][gc,start       ] GC(34193) Pause Young (Allocation Failure)
[15638.483s][info][gc,heap        ] GC(34193) PSYoungGen: 83648K(84480K)->640K(84992K) Eden: 82432K(82432K)->0K(82944K) From: 1216K(2048K)->640K(2048K)
[15638.483s][info][gc,heap        ] GC(34193) ParOldGen: 394755K(395264K)->394915K(395264K)
[15638.483s][info][gc,metaspace   ] GC(34193) Metaspace: 62428K(62656K)->62428K(62656K) NonClass: 53390K(53568K)->53390K(53568K) Class: 9037K(9088K)->9037K(9088K)
[15638.483s][info][gc             ] GC(34193) Pause Young (Allocation Failure) 467M->386M(469M) 3.214ms
[15638.483s][info][gc,cpu         ] GC(34193) User=0.01s Sys=0.00s Real=0.00s
[15638.929s][info][gc,start       ] GC(34194) Pause Young (Allocation Failure)
[15638.933s][info][gc,heap        ] GC(34194) PSYoungGen: 83584K(84992K)->2016K(84992K) Eden: 82944K(82944K)->0K(82944K) From: 640K(2048K)->2016K(2048K)
[15638.933s][info][gc,heap        ] GC(34194) ParOldGen: 394915K(395264K)->396355K(396800K)
[15638.933s][info][gc,metaspace   ] GC(34194) Metaspace: 62428K(62656K)->62428K(62656K) NonClass: 53390K(53568K)->53390K(53568K) Class: 9037K(9088K)->9037K(9088K)
[15638.933s][info][gc             ] GC(34194) Pause Young (Allocation Failure) 467M->389M(470M) 4.386ms
[15638.933s][info][gc,cpu         ] GC(34194) User=0.01s Sys=0.00s Real=0.00s
[15639.423s][info][gc,start       ] GC(34195) Pause Young (Allocation Failure)
[15639.427s][info][gc,heap        ] GC(34195) PSYoungGen: 84960K(84992K)->992K(82944K) Eden: 82944K(82944K)->0K(80896K) From: 2016K(2048K)->992K(2048K)
[15639.427s][info][gc,heap        ] GC(34195) ParOldGen: 396355K(396800K)->398499K(399872K)
[15639.427s][info][gc,metaspace   ] GC(34195) Metaspace: 62428K(62656K)->62428K(62656K) NonClass: 53391K(53568K)->53391K(53568K) Class: 9037K(9088K)->9037K(9088K)
[15639.427s][info][gc             ] GC(34195) Pause Young (Allocation Failure) 470M->390M(471M) 4.320ms
[15639.427s][info][gc,cpu         ] GC(34195) User=0.01s Sys=0.00s Real=0.01s
[15639.842s][info][gc,start       ] GC(34196) Pause Young (Allocation Failure)
[15639.846s][info][gc,heap        ] GC(34196) PSYoungGen: 81888K(82944K)->1184K(83968K) Eden: 80896K(80896K)->0K(80896K) From: 992K(2048K)->1184K(3072K)
[15639.846s][info][gc,heap        ] GC(34196) ParOldGen: 398499K(399872K)->398699K(399872K)
[15639.846s][info][gc,metaspace   ] GC(34196) Metaspace: 62428K(62656K)->62428K(62656K) NonClass: 53391K(53568K)->53391K(53568K) Class: 9037K(9088K)->9037K(9088K)
[15639.846s][info][gc             ] GC(34196) Pause Young (Allocation Failure) 469M->390M(472M) 3.687ms
[15639.846s][info][gc,cpu         ] GC(34196) User=0.00s Sys=0.00s Real=0.01s
[15640.266s][info][gc,start       ] GC(34197) Pause Young (Allocation Failure)
[15640.269s][info][gc,heap        ] GC(34197) PSYoungGen: 82080K(83968K)->288K(84480K) Eden: 80896K(80896K)->0K(81920K) From: 1184K(3072K)->288K(2560K)
[15640.269s][info][gc,heap        ] GC(34197) ParOldGen: 398699K(399872K)->398843K(399872K)
[15640.269s][info][gc,metaspace   ] GC(34197) Metaspace: 62428K(62656K)->62428K(62656K) NonClass: 53391K(53568K)->53391K(53568K) Class: 9037K(9088K)->9037K(9088K)
[15640.269s][info][gc             ] GC(34197) Pause Young (Allocation Failure) 469M->389M(473M) 2.737ms
[15640.269s][info][gc,cpu         ] GC(34197) User=0.01s Sys=0.00s Real=0.00s
[15640.713s][info][gc,start       ] GC(34198) Pause Young (Allocation Failure)
[15640.716s][info][gc,heap        ] GC(34198) PSYoungGen: 82208K(84480K)->800K(84480K) Eden: 81920K(81920K)->0K(81920K) From: 288K(2560K)->800K(2560K)
[15640.716s][info][gc,heap        ] GC(34198) ParOldGen: 398843K(399872K)->398987K(399872K)
[15640.716s][info][gc,metaspace   ] GC(34198) Metaspace: 62428K(62656K)->62428K(62656K) NonClass: 53391K(53568K)->53391K(53568K) Class: 9037K(9088K)->9037K(9088K)
[15640.716s][info][gc             ] GC(34198) Pause Young (Allocation Failure) 469M->390M(473M) 3.357ms
[15640.716s][info][gc,cpu         ] GC(34198) User=0.01s Sys=0.00s Real=0.01s
[15641.117s][info][gc,start       ] GC(34199) Pause Young (Allocation Failure)
[15641.120s][info][gc,heap        ] GC(34199) PSYoungGen: 82720K(84480K)->960K(84480K) Eden: 81920K(81920K)->0K(81920K) From: 800K(2560K)->960K(2560K)
[15641.120s][info][gc,heap        ] GC(34199) ParOldGen: 398987K(399872K)->399131K(399872K)
[15641.120s][info][gc,metaspace   ] GC(34199) Metaspace: 62428K(62656K)->62428K(62656K) NonClass: 53391K(53568K)->53391K(53568K) Class: 9037K(9088K)->9037K(9088K)
[15641.120s][info][gc             ] GC(34199) Pause Young (Allocation Failure) 470M->390M(473M) 3.253ms
[15641.120s][info][gc,cpu         ] GC(34199) User=0.01s Sys=0.00s Real=0.00s
[15641.556s][info][gc,start       ] GC(34200) Pause Young (Allocation Failure)
[15641.560s][info][gc,heap        ] GC(34200) PSYoungGen: 82880K(84480K)->1344K(84480K) Eden: 81920K(81920K)->0K(81920K) From: 960K(2560K)->1344K(2560K)
[15641.560s][info][gc,heap        ] GC(34200) ParOldGen: 399131K(399872K)->399275K(399872K)
[15641.560s][info][gc,metaspace   ] GC(34200) Metaspace: 62428K(62656K)->62428K(62656K) NonClass: 53391K(53568K)->53391K(53568K) Class: 9037K(9088K)->9037K(9088K)
[15641.560s][info][gc             ] GC(34200) Pause Young (Allocation Failure) 470M->391M(473M) 3.669ms
[15641.560s][info][gc,cpu         ] GC(34200) User=0.01s Sys=0.00s Real=0.00s
[15641.987s][info][gc,start       ] GC(34201) Pause Young (Allocation Failure)
[15641.990s][info][gc,heap        ] GC(34201) PSYoungGen: 83264K(84480K)->576K(84480K) Eden: 81920K(81920K)->0K(81920K) From: 1344K(2560K)->576K(2560K)
[15641.990s][info][gc,heap        ] GC(34201) ParOldGen: 399275K(399872K)->399411K(399872K)
[15641.990s][info][gc,metaspace   ] GC(34201) Metaspace: 62428K(62656K)->62428K(62656K) NonClass: 53391K(53568K)->53391K(53568K) Class: 9037K(9088K)->9037K(9088K)
[15641.990s][info][gc             ] GC(34201) Pause Young (Allocation Failure) 471M->390M(473M) 2.931ms
[15641.990s][info][gc,cpu         ] GC(34201) User=0.00s Sys=0.00s Real=0.00s
[15642.429s][info][gc,start       ] GC(34202) Pause Young (Allocation Failure)
[15642.432s][info][gc,heap        ] GC(34202) PSYoungGen: 82496K(84480K)->1120K(84480K) Eden: 81920K(81920K)->0K(81920K) From: 576K(2560K)->1120K(2560K)
[15642.432s][info][gc,heap        ] GC(34202) ParOldGen: 399411K(399872K)->399547K(399872K)
[15642.432s][info][gc,metaspace   ] GC(34202) Metaspace: 62428K(62656K)->62428K(62656K) NonClass: 53391K(53568K)->53391K(53568K) Class: 9037K(9088K)->9037K(9088K)
[15642.432s][info][gc             ] GC(34202) Pause Young (Allocation Failure) 470M->391M(473M) 3.446ms
[15642.432s][info][gc,cpu         ] GC(34202) User=0.01s Sys=0.00s Real=0.00s
[15642.835s][info][gc,start       ] GC(34203) Pause Young (Allocation Failure)
[15642.839s][info][gc,heap        ] GC(34203) PSYoungGen: 83040K(84480K)->1184K(84480K) Eden: 81920K(81920K)->0K(81920K) From: 1120K(2560K)->1184K(2560K)
[15642.839s][info][gc,heap        ] GC(34203) ParOldGen: 399547K(399872K)->399699K(399872K)
[15642.839s][info][gc,metaspace   ] GC(34203) Metaspace: 62428K(62656K)->62428K(62656K) NonClass: 53391K(53568K)->53391K(53568K) Class: 9037K(9088K)->9037K(9088K)
[15642.839s][info][gc             ] GC(34203) Pause Young (Allocation Failure) 471M->391M(473M) 3.599ms
[15642.839s][info][gc,cpu         ] GC(34203) User=0.01s Sys=0.00s Real=0.00s
[15643.228s][info][gc,start       ] GC(34204) Pause Young (Allocation Failure)
[15643.232s][info][gc,heap        ] GC(34204) PSYoungGen: 83104K(84480K)->1024K(84480K) Eden: 81920K(81920K)->0K(81920K) From: 1184K(2560K)->1024K(2560K)
[15643.232s][info][gc,heap        ] GC(34204) ParOldGen: 399699K(399872K)->399851K(399872K)
[15643.232s][info][gc,metaspace   ] GC(34204) Metaspace: 62428K(62656K)->62428K(62656K) NonClass: 53391K(53568K)->53391K(53568K) Class: 9037K(9088K)->9037K(9088K)
[15643.232s][info][gc             ] GC(34204) Pause Young (Allocation Failure) 471M->391M(473M) 3.401ms
[15643.232s][info][gc,cpu         ] GC(34204) User=0.00s Sys=0.00s Real=0.00s
[15643.671s][info][gc,start       ] GC(34205) Pause Young (Allocation Failure)
[15643.674s][info][gc,heap        ] GC(34205) PSYoungGen: 82944K(84480K)->288K(83968K) Eden: 81920K(81920K)->0K(81920K) From: 1024K(2560K)->288K(2048K)
[15643.674s][info][gc,heap        ] GC(34205) ParOldGen: 399851K(399872K)->399995K(400384K)
[15643.674s][info][gc,metaspace   ] GC(34205) Metaspace: 62428K(62656K)->62428K(62656K) NonClass: 53391K(53568K)->53391K(53568K) Class: 9037K(9088K)->9037K(9088K)
[15643.674s][info][gc             ] GC(34205) Pause Young (Allocation Failure) 471M->390M(473M) 2.745ms
[15643.674s][info][gc,cpu         ] GC(34205) User=0.00s Sys=0.00s Real=0.00s
[15644.105s][info][gc,start       ] GC(34206) Pause Young (Allocation Failure)
[15644.108s][info][gc,heap        ] GC(34206) PSYoungGen: 82208K(83968K)->736K(84480K) Eden: 81920K(81920K)->0K(81920K) From: 288K(2048K)->736K(2560K)
[15644.108s][info][gc,heap        ] GC(34206) ParOldGen: 399995K(400384K)->400139K(400384K)
[15644.108s][info][gc,metaspace   ] GC(34206) Metaspace: 62428K(62656K)->62428K(62656K) NonClass: 53391K(53568K)->53391K(53568K) Class: 9037K(9088K)->9037K(9088K)
[15644.108s][info][gc             ] GC(34206) Pause Young (Allocation Failure) 470M->391M(473M) 3.184ms
[15644.108s][info][gc,cpu         ] GC(34206) User=0.01s Sys=0.00s Real=0.00s
[15644.534s][info][gc,start       ] GC(34207) Pause Young (Allocation Failure)
[15644.539s][info][gc,heap        ] GC(34207) PSYoungGen: 82656K(84480K)->2016K(82944K) Eden: 81920K(81920K)->0K(80896K) From: 736K(2560K)->2016K(2048K)
[15644.539s][info][gc,heap        ] GC(34207) ParOldGen: 400139K(400384K)->401363K(401920K)
[15644.539s][info][gc,metaspace   ] GC(34207) Metaspace: 62428K(62656K)->62428K(62656K) NonClass: 53391K(53568K)->53391K(53568K) Class: 9037K(9088K)->9037K(9088K)
[15644.539s][info][gc             ] GC(34207) Pause Young (Allocation Failure) 471M->393M(473M) 4.145ms
[15644.539s][info][gc,cpu         ] GC(34207) User=0.01s Sys=0.00s Real=0.00s
[15644.962s][info][gc,start       ] GC(34208) Pause Young (Allocation Failure)
[15644.967s][info][gc,heap        ] GC(34208) PSYoungGen: 82912K(82944K)->1504K(83968K) Eden: 80896K(80896K)->0K(80896K) From: 2016K(2048K)->1504K(3072K)
[15644.967s][info][gc,heap        ] GC(34208) ParOldGen: 401363K(401920K)->403515K(403968K)
[15644.967s][info][gc,metaspace   ] GC(34208) Metaspace: 62428K(62656K)->62428K(62656K) NonClass: 53391K(53568K)->53391K(53568K) Class: 9037K(9088K)->9037K(9088K)
[15644.967s][info][gc             ] GC(34208) Pause Young (Allocation Failure) 472M->395M(476M) 4.993ms
[15644.967s][info][gc,cpu         ] GC(34208) User=0.01s Sys=0.00s Real=0.01s
[15645.332s][info][gc,start       ] GC(34209) Pause Young (Allocation Failure)
[15645.335s][info][gc,heap        ] GC(34209) PSYoungGen: 82400K(83968K)->1280K(83968K) Eden: 80896K(80896K)->0K(80896K) From: 1504K(3072K)->1280K(3072K)
[15645.335s][info][gc,heap        ] GC(34209) ParOldGen: 403515K(403968K)->403651K(403968K)
[15645.335s][info][gc,metaspace   ] GC(34209) Metaspace: 62428K(62656K)->62428K(62656K) NonClass: 53391K(53568K)->53391K(53568K) Class: 9037K(9088K)->9037K(9088K)
[15645.335s][info][gc             ] GC(34209) Pause Young (Allocation Failure) 474M->395M(476M) 3.706ms
[15645.335s][info][gc,cpu         ] GC(34209) User=0.01s Sys=0.00s Real=0.01s
[15645.775s][info][gc,start       ] GC(34210) Pause Young (Allocation Failure)
[15645.778s][info][gc,heap        ] GC(34210) PSYoungGen: 82176K(83968K)->352K(83968K) Eden: 80896K(80896K)->0K(80896K) From: 1280K(3072K)->352K(3072K)
[15645.778s][info][gc,heap        ] GC(34210) ParOldGen: 403651K(403968K)->403795K(403968K)
[15645.778s][info][gc,metaspace   ] GC(34210) Metaspace: 62428K(62656K)->62428K(62656K) NonClass: 53391K(53568K)->53391K(53568K) Class: 9037K(9088K)->9037K(9088K)
[15645.778s][info][gc             ] GC(34210) Pause Young (Allocation Failure) 474M->394M(476M) 2.749ms
[15645.778s][info][gc,cpu         ] GC(34210) User=0.01s Sys=0.00s Real=0.00s
[15646.158s][info][gc,start       ] GC(34211) Pause Young (Allocation Failure)
[15646.162s][info][gc,heap        ] GC(34211) PSYoungGen: 81248K(83968K)->1504K(83968K) Eden: 80896K(80896K)->0K(80896K) From: 352K(3072K)->1504K(3072K)
[15646.162s][info][gc,heap        ] GC(34211) ParOldGen: 403795K(403968K)->403939K(403968K)
[15646.162s][info][gc,metaspace   ] GC(34211) Metaspace: 62428K(62656K)->62428K(62656K) NonClass: 53391K(53568K)->53391K(53568K) Class: 9037K(9088K)->9037K(9088K)
[15646.162s][info][gc             ] GC(34211) Pause Young (Allocation Failure) 473M->395M(476M) 3.806ms
[15646.162s][info][gc,cpu         ] GC(34211) User=0.01s Sys=0.00s Real=0.00s
[15646.578s][info][gc,start       ] GC(34212) Pause Young (Allocation Failure)
[15646.580s][info][gc,heap        ] GC(34212) PSYoungGen: 82400K(83968K)->384K(83968K) Eden: 80896K(80896K)->0K(80896K) From: 1504K(3072K)->384K(3072K)
[15646.580s][info][gc,heap        ] GC(34212) ParOldGen: 403939K(403968K)->404083K(404480K)
[15646.580s][info][gc,metaspace   ] GC(34212) Metaspace: 62428K(62656K)->62428K(62656K) NonClass: 53391K(53568K)->53391K(53568K) Class: 9037K(9088K)->9037K(9088K)
[15646.581s][info][gc             ] GC(34212) Pause Young (Allocation Failure) 474M->394M(477M) 2.883ms
[15646.581s][info][gc,cpu         ] GC(34212) User=0.01s Sys=0.00s Real=0.00s
[15647.015s][info][gc,start       ] GC(34213) Pause Young (Allocation Failure)
[15647.018s][info][gc,heap        ] GC(34213) PSYoungGen: 81280K(83968K)->896K(84480K) Eden: 80896K(80896K)->0K(81408K) From: 384K(3072K)->896K(3072K)
[15647.018s][info][gc,heap        ] GC(34213) ParOldGen: 404083K(404480K)->404235K(404480K)
[15647.018s][info][gc,metaspace   ] GC(34213) Metaspace: 62428K(62656K)->62428K(62656K) NonClass: 53391K(53568K)->53391K(53568K) Class: 9037K(9088K)->9037K(9088K)
[15647.018s][info][gc             ] GC(34213) Pause Young (Allocation Failure) 473M->395M(477M) 3.275ms
[15647.018s][info][gc,cpu         ] GC(34213) User=0.00s Sys=0.00s Real=0.00s
[15647.433s][info][gc,start       ] GC(34214) Pause Young (Allocation Failure)
[15647.436s][info][gc,heap        ] GC(34214) PSYoungGen: 82304K(84480K)->1056K(83968K) Eden: 81408K(81408K)->0K(81408K) From: 896K(3072K)->1056K(2560K)
[15647.436s][info][gc,heap        ] GC(34214) ParOldGen: 404235K(404480K)->404387K(404480K)
[15647.436s][info][gc,metaspace   ] GC(34214) Metaspace: 62428K(62656K)->62428K(62656K) NonClass: 53391K(53568K)->53391K(53568K) Class: 9037K(9088K)->9037K(9088K)
[15647.436s][info][gc             ] GC(34214) Pause Young (Allocation Failure) 475M->395M(477M) 3.484ms
[15647.436s][info][gc,cpu         ] GC(34214) User=0.01s Sys=0.00s Real=0.01s
[15647.918s][info][gc,start       ] GC(34215) Pause Young (Allocation Failure)
[15647.921s][info][gc,heap        ] GC(34215) PSYoungGen: 82464K(83968K)->992K(84480K) Eden: 81408K(81408K)->0K(81920K) From: 1056K(2560K)->992K(2560K)
[15647.921s][info][gc,heap        ] GC(34215) ParOldGen: 404387K(404480K)->404523K(404992K)
[15647.921s][info][gc,metaspace   ] GC(34215) Metaspace: 62428K(62656K)->62428K(62656K) NonClass: 53391K(53568K)->53391K(53568K) Class: 9037K(9088K)->9037K(9088K)
[15647.921s][info][gc             ] GC(34215) Pause Young (Allocation Failure) 475M->396M(478M) 3.400ms
[15647.921s][info][gc,cpu         ] GC(34215) User=0.00s Sys=0.00s Real=0.00s
[15648.335s][info][gc,start       ] GC(34216) Pause Young (Allocation Failure)
[15648.339s][info][gc,heap        ] GC(34216) PSYoungGen: 82912K(84480K)->1248K(84480K) Eden: 81920K(81920K)->0K(81920K) From: 992K(2560K)->1248K(2560K)
[15648.339s][info][gc,heap        ] GC(34216) ParOldGen: 404523K(404992K)->404715K(404992K)
[15648.339s][info][gc,metaspace   ] GC(34216) Metaspace: 62428K(62656K)->62428K(62656K) NonClass: 53391K(53568K)->53391K(53568K) Class: 9037K(9088K)->9037K(9088K)
[15648.339s][info][gc             ] GC(34216) Pause Young (Allocation Failure) 476M->396M(478M) 3.829ms
[15648.339s][info][gc,cpu         ] GC(34216) User=0.00s Sys=0.00s Real=0.00s
[15648.761s][info][gc,start       ] GC(34217) Pause Young (Allocation Failure)
[15648.765s][info][gc,heap        ] GC(34217) PSYoungGen: 83168K(84480K)->1376K(84480K) Eden: 81920K(81920K)->0K(81920K) From: 1248K(2560K)->1376K(2560K)
[15648.765s][info][gc,heap        ] GC(34217) ParOldGen: 404715K(404992K)->404859K(404992K)
[15648.765s][info][gc,metaspace   ] GC(34217) Metaspace: 62428K(62656K)->62428K(62656K) NonClass: 53391K(53568K)->53391K(53568K) Class: 9037K(9088K)->9037K(9088K)
[15648.765s][info][gc             ] GC(34217) Pause Young (Allocation Failure) 476M->396M(478M) 3.847ms
[15648.765s][info][gc,cpu         ] GC(34217) User=0.01s Sys=0.00s Real=0.01s
[15649.198s][info][gc,start       ] GC(34218) Pause Young (Allocation Failure)
[15649.201s][info][gc,heap        ] GC(34218) PSYoungGen: 83296K(84480K)->608K(84480K) Eden: 81920K(81920K)->0K(81920K) From: 1376K(2560K)->608K(2560K)
[15649.201s][info][gc,heap        ] GC(34218) ParOldGen: 404859K(404992K)->404995K(405504K)
[15649.201s][info][gc,metaspace   ] GC(34218) Metaspace: 62428K(62656K)->62428K(62656K) NonClass: 53391K(53568K)->53391K(53568K) Class: 9037K(9088K)->9037K(9088K)
[15649.201s][info][gc             ] GC(34218) Pause Young (Allocation Failure) 476M->396M(478M) 3.063ms
[15649.201s][info][gc,cpu         ] GC(34218) User=0.00s Sys=0.00s Real=0.00s
[15649.642s][info][gc,start       ] GC(34219) Pause Young (Allocation Failure)
[15649.646s][info][gc,heap        ] GC(34219) PSYoungGen: 82528K(84480K)->1248K(84480K) Eden: 81920K(81920K)->0K(81920K) From: 608K(2560K)->1248K(2560K)
[15649.646s][info][gc,heap        ] GC(34219) ParOldGen: 404995K(405504K)->405131K(405504K)
[15649.646s][info][gc,metaspace   ] GC(34219) Metaspace: 62428K(62656K)->62428K(62656K) NonClass: 53391K(53568K)->53391K(53568K) Class: 9037K(9088K)->9037K(9088K)
[15649.646s][info][gc             ] GC(34219) Pause Young (Allocation Failure) 476M->396M(478M) 3.722ms
[15649.646s][info][gc,cpu         ] GC(34219) User=0.00s Sys=0.00s Real=0.01s
[15650.055s][info][gc,start       ] GC(34220) Pause Young (Allocation Failure)
[15650.059s][info][gc,heap        ] GC(34220) PSYoungGen: 82938K(84480K)->1536K(84480K) Eden: 81690K(81920K)->0K(81920K) From: 1248K(2560K)->1536K(2560K)
[15650.059s][info][gc,heap        ] GC(34220) ParOldGen: 405131K(405504K)->405283K(405504K)
[15650.059s][info][gc,metaspace   ] GC(34220) Metaspace: 62428K(62656K)->62428K(62656K) NonClass: 53391K(53568K)->53391K(53568K) Class: 9037K(9088K)->9037K(9088K)
[15650.059s][info][gc             ] GC(34220) Pause Young (Allocation Failure) 476M->397M(478M) 4.120ms
[15650.059s][info][gc,cpu         ] GC(34220) User=0.00s Sys=0.00s Real=0.00s
[15650.518s][info][gc,start       ] GC(34221) Pause Young (Allocation Failure)
[15650.522s][info][gc,heap        ] GC(34221) PSYoungGen: 83456K(84480K)->2528K(82432K) Eden: 81920K(81920K)->0K(79872K) From: 1536K(2560K)->2528K(2560K)
[15650.522s][info][gc,heap        ] GC(34221) ParOldGen: 405283K(405504K)->406787K(407552K)
[15650.522s][info][gc,metaspace   ] GC(34221) Metaspace: 62428K(62656K)->62428K(62656K) NonClass: 53391K(53568K)->53391K(53568K) Class: 9037K(9088K)->9037K(9088K)
[15650.522s][info][gc             ] GC(34221) Pause Young (Allocation Failure) 477M->399M(478M) 4.407ms
[15650.522s][info][gc,cpu         ] GC(34221) User=0.01s Sys=0.00s Real=0.00s
[15650.952s][info][gc,start       ] GC(34222) Pause Young (Allocation Failure)
[15650.957s][info][gc,heap        ] GC(34222) PSYoungGen: 82400K(82432K)->1216K(83456K) Eden: 79872K(79872K)->0K(79872K) From: 2528K(2560K)->1216K(3584K)
[15650.957s][info][gc,heap        ] GC(34222) ParOldGen: 406787K(407552K)->408915K(409088K)
[15650.957s][info][gc,metaspace   ] GC(34222) Metaspace: 62428K(62656K)->62428K(62656K) NonClass: 53391K(53568K)->53391K(53568K) Class: 9037K(9088K)->9037K(9088K)
[15650.957s][info][gc             ] GC(34222) Pause Young (Allocation Failure) 477M->400M(481M) 4.736ms
[15650.957s][info][gc,cpu         ] GC(34222) User=0.00s Sys=0.01s Real=0.01s
[15651.423s][info][gc,start       ] GC(34223) Pause Young (Allocation Failure)
[15651.426s][info][gc,heap        ] GC(34223) PSYoungGen: 81088K(83456K)->928K(83968K) Eden: 79872K(79872K)->0K(80896K) From: 1216K(3584K)->928K(3072K)
[15651.426s][info][gc,heap        ] GC(34223) ParOldGen: 408915K(409088K)->409067K(409088K)
[15651.426s][info][gc,metaspace   ] GC(34223) Metaspace: 62428K(62656K)->62428K(62656K) NonClass: 53391K(53568K)->53391K(53568K) Class: 9037K(9088K)->9037K(9088K)
[15651.426s][info][gc             ] GC(34223) Pause Young (Allocation Failure) 478M->400M(481M) 3.383ms
[15651.427s][info][gc,cpu         ] GC(34223) User=0.01s Sys=0.00s Real=0.01s
[15651.848s][info][gc,start       ] GC(34224) Pause Young (Allocation Failure)
[15651.851s][info][gc,heap        ] GC(34224) PSYoungGen: 81824K(83968K)->1344K(83968K) Eden: 80896K(80896K)->0K(80896K) From: 928K(3072K)->1344K(3072K)
[15651.852s][info][gc,heap        ] GC(34224) ParOldGen: 409067K(409088K)->409219K(409600K)
[15651.852s][info][gc,metaspace   ] GC(34224) Metaspace: 62428K(62656K)->62428K(62656K) NonClass: 53391K(53568K)->53391K(53568K) Class: 9037K(9088K)->9037K(9088K)
[15651.852s][info][gc             ] GC(34224) Pause Young (Allocation Failure) 479M->400M(482M) 3.770ms
[15651.852s][info][gc,cpu         ] GC(34224) User=0.01s Sys=0.00s Real=0.00s
[15652.265s][info][gc,start       ] GC(34225) Pause Young (Allocation Failure)
[15652.268s][info][gc,heap        ] GC(34225) PSYoungGen: 82239K(83968K)->192K(83968K) Eden: 80895K(80896K)->0K(80896K) From: 1344K(3072K)->192K(3072K)
[15652.268s][info][gc,heap        ] GC(34225) ParOldGen: 409219K(409600K)->409363K(409600K)
[15652.268s][info][gc,metaspace   ] GC(34225) Metaspace: 62428K(62656K)->62428K(62656K) NonClass: 53391K(53568K)->53391K(53568K) Class: 9037K(9088K)->9037K(9088K)
[15652.268s][info][gc             ] GC(34225) Pause Young (Allocation Failure) 479M->399M(482M) 2.674ms
[15652.268s][info][gc,cpu         ] GC(34225) User=0.00s Sys=0.00s Real=0.00s
[15652.704s][info][gc,start       ] GC(34226) Pause Young (Allocation Failure)
[15652.707s][info][gc,heap        ] GC(34226) PSYoungGen: 81088K(83968K)->736K(83968K) Eden: 80896K(80896K)->0K(80896K) From: 192K(3072K)->736K(3072K)
[15652.707s][info][gc,heap        ] GC(34226) ParOldGen: 409363K(409600K)->409499K(409600K)
[15652.707s][info][gc,metaspace   ] GC(34226) Metaspace: 62428K(62656K)->62428K(62656K) NonClass: 53391K(53568K)->53391K(53568K) Class: 9037K(9088K)->9037K(9088K)
[15652.707s][info][gc             ] GC(34226) Pause Young (Allocation Failure) 478M->400M(482M) 3.304ms
[15652.707s][info][gc,cpu         ] GC(34226) User=0.00s Sys=0.00s Real=0.01s
[15653.131s][info][gc,start       ] GC(34227) Pause Young (Allocation Failure)
[15653.135s][info][gc,heap        ] GC(34227) PSYoungGen: 81632K(83968K)->1120K(83968K) Eden: 80896K(80896K)->0K(80896K) From: 736K(3072K)->1120K(3072K)
[15653.135s][info][gc,heap        ] GC(34227) ParOldGen: 409499K(409600K)->409643K(410112K)
[15653.135s][info][gc,metaspace   ] GC(34227) Metaspace: 62428K(62656K)->62428K(62656K) NonClass: 53391K(53568K)->53391K(53568K) Class: 9037K(9088K)->9037K(9088K)
[15653.135s][info][gc             ] GC(34227) Pause Young (Allocation Failure) 479M->401M(482M) 3.489ms
[15653.135s][info][gc,cpu         ] GC(34227) User=0.00s Sys=0.00s Real=0.01s
[15653.550s][info][gc,start       ] GC(34228) Pause Young (Allocation Failure)
[15653.554s][info][gc,heap        ] GC(34228) PSYoungGen: 82016K(83968K)->1344K(83968K) Eden: 80896K(80896K)->0K(80896K) From: 1120K(3072K)->1344K(3072K)
[15653.554s][info][gc,heap        ] GC(34228) ParOldGen: 409643K(410112K)->409787K(410112K)
[15653.554s][info][gc,metaspace   ] GC(34228) Metaspace: 62428K(62656K)->62428K(62656K) NonClass: 53391K(53568K)->53391K(53568K) Class: 9037K(9088K)->9037K(9088K)
[15653.554s][info][gc             ] GC(34228) Pause Young (Allocation Failure) 480M->401M(482M) 3.672ms
[15653.554s][info][gc,cpu         ] GC(34228) User=0.00s Sys=0.00s Real=0.00s
[15654.014s][info][gc,start       ] GC(34229) Pause Young (Allocation Failure)
[15654.017s][info][gc,heap        ] GC(34229) PSYoungGen: 82240K(83968K)->800K(84480K) Eden: 80896K(80896K)->0K(81920K) From: 1344K(3072K)->800K(2560K)
[15654.017s][info][gc,heap        ] GC(34229) ParOldGen: 409787K(410112K)->409923K(410112K)
[15654.017s][info][gc,metaspace   ] GC(34229) Metaspace: 62428K(62656K)->62428K(62656K) NonClass: 53391K(53568K)->53391K(53568K) Class: 9037K(9088K)->9037K(9088K)
[15654.017s][info][gc             ] GC(34229) Pause Young (Allocation Failure) 480M->401M(483M) 3.172ms
[15654.017s][info][gc,cpu         ] GC(34229) User=0.01s Sys=0.00s Real=0.01s
[15654.421s][info][gc,start       ] GC(34230) Pause Young (Allocation Failure)
[15654.424s][info][gc,heap        ] GC(34230) PSYoungGen: 82720K(84480K)->896K(84480K) Eden: 81920K(81920K)->0K(81920K) From: 800K(2560K)->896K(2560K)
[15654.424s][info][gc,heap        ] GC(34230) ParOldGen: 409923K(410112K)->410067K(410112K)
[15654.424s][info][gc,metaspace   ] GC(34230) Metaspace: 62428K(62656K)->62428K(62656K) NonClass: 53391K(53568K)->53391K(53568K) Class: 9037K(9088K)->9037K(9088K)
[15654.424s][info][gc             ] GC(34230) Pause Young (Allocation Failure) 481M->401M(483M) 3.263ms
[15654.424s][info][gc,cpu         ] GC(34230) User=0.01s Sys=0.00s Real=0.01s
[15654.864s][info][gc,start       ] GC(34231) Pause Young (Allocation Failure)
[15654.867s][info][gc,heap        ] GC(34231) PSYoungGen: 82816K(84480K)->1504K(84480K) Eden: 81920K(81920K)->0K(81920K) From: 896K(2560K)->1504K(2560K)
[15654.867s][info][gc,heap        ] GC(34231) ParOldGen: 410067K(410112K)->410211K(410624K)
[15654.867s][info][gc,metaspace   ] GC(34231) Metaspace: 62428K(62656K)->62428K(62656K) NonClass: 53391K(53568K)->53391K(53568K) Class: 9037K(9088K)->9037K(9088K)
[15654.868s][info][gc             ] GC(34231) Pause Young (Allocation Failure) 481M->402M(483M) 3.880ms
[15654.868s][info][gc,cpu         ] GC(34231) User=0.01s Sys=0.00s Real=0.01s
[15655.305s][info][gc,start       ] GC(34232) Pause Young (Allocation Failure)
[15655.308s][info][gc,heap        ] GC(34232) PSYoungGen: 83424K(84480K)->768K(84480K) Eden: 81920K(81920K)->0K(81920K) From: 1504K(2560K)->768K(2560K)
[15655.308s][info][gc,heap        ] GC(34232) ParOldGen: 410211K(410624K)->410347K(410624K)
[15655.308s][info][gc,metaspace   ] GC(34232) Metaspace: 62428K(62656K)->62428K(62656K) NonClass: 53391K(53568K)->53391K(53568K) Class: 9037K(9088K)->9037K(9088K)
[15655.308s][info][gc             ] GC(34232) Pause Young (Allocation Failure) 482M->401M(483M) 3.075ms
[15655.308s][info][gc,cpu         ] GC(34232) User=0.00s Sys=0.00s Real=0.00s
[15655.761s][info][gc,start       ] GC(34233) Pause Young (Allocation Failure)
[15655.772s][info][gc,heap        ] GC(34233) PSYoungGen: 82688K(84480K)->768K(84480K) Eden: 81920K(81920K)->0K(81920K) From: 768K(2560K)->768K(2560K)
[15655.772s][info][gc,heap        ] GC(34233) ParOldGen: 410347K(410624K)->410515K(410624K)
[15655.772s][info][gc,metaspace   ] GC(34233) Metaspace: 62433K(62656K)->62433K(62656K) NonClass: 53395K(53568K)->53395K(53568K) Class: 9037K(9088K)->9037K(9088K)
[15655.772s][info][gc             ] GC(34233) Pause Young (Allocation Failure) 481M->401M(483M) 10.928ms
[15655.772s][info][gc,cpu         ] GC(34233) User=0.01s Sys=0.00s Real=0.01s
[15656.265s][info][gc,start       ] GC(34234) Pause Young (Allocation Failure)
[15656.269s][info][gc,heap        ] GC(34234) PSYoungGen: 82688K(84480K)->256K(84480K) Eden: 81920K(81920K)->0K(81920K) From: 768K(2560K)->256K(2560K)
[15656.269s][info][gc,heap        ] GC(34234) ParOldGen: 410515K(410624K)->410735K(411136K)
[15656.269s][info][gc,metaspace   ] GC(34234) Metaspace: 62433K(62656K)->62433K(62656K) NonClass: 53395K(53568K)->53395K(53568K) Class: 9037K(9088K)->9037K(9088K)
[15656.269s][info][gc             ] GC(34234) Pause Young (Allocation Failure) 481M->401M(484M) 3.966ms
[15656.269s][info][gc,cpu         ] GC(34234) User=0.01s Sys=0.00s Real=0.00s
[15656.649s][info][gc,start       ] GC(34235) Pause Young (Allocation Failure)
[15656.654s][info][gc,heap        ] GC(34235) PSYoungGen: 82176K(84480K)->1504K(100864K) Eden: 81920K(81920K)->0K(98304K) From: 256K(2560K)->1504K(2560K)
[15656.654s][info][gc,heap        ] GC(34235) ParOldGen: 410735K(411136K)->410903K(411136K)
[15656.654s][info][gc,metaspace   ] GC(34235) Metaspace: 62433K(62656K)->62433K(62656K) NonClass: 53395K(53568K)->53395K(53568K) Class: 9037K(9088K)->9037K(9088K)
[15656.654s][info][gc             ] GC(34235) Pause Young (Allocation Failure) 481M->402M(500M) 4.503ms
[15656.654s][info][gc,cpu         ] GC(34235) User=0.01s Sys=0.00s Real=0.00s
[15657.245s][info][gc,start       ] GC(34236) Pause Young (Allocation Failure)
[15657.249s][info][gc,heap        ] GC(34236) PSYoungGen: 99808K(100864K)->1296K(96768K) Eden: 98304K(98304K)->0K(95232K) From: 1504K(2560K)->1296K(1536K)
[15657.249s][info][gc,heap        ] GC(34236) ParOldGen: 410903K(411136K)->411031K(411136K)
[15657.249s][info][gc,metaspace   ] GC(34236) Metaspace: 62433K(62656K)->62433K(62656K) NonClass: 53395K(53568K)->53395K(53568K) Class: 9037K(9088K)->9037K(9088K)
[15657.250s][info][gc             ] GC(34236) Pause Young (Allocation Failure) 498M->402M(496M) 4.481ms
[15657.250s][info][gc,cpu         ] GC(34236) User=0.01s Sys=0.00s Real=0.00s
[15657.736s][info][gc,start       ] GC(34237) Pause Young (Allocation Failure)
[15657.740s][info][gc,heap        ] GC(34237) PSYoungGen: 96528K(96768K)->1216K(93696K) Eden: 95232K(95232K)->0K(92160K) From: 1296K(1536K)->1216K(1536K)
[15657.740s][info][gc,heap        ] GC(34237) ParOldGen: 411031K(411136K)->411215K(411648K)
[15657.740s][info][gc,metaspace   ] GC(34237) Metaspace: 62433K(62656K)->62433K(62656K) NonClass: 53395K(53568K)->53395K(53568K) Class: 9037K(9088K)->9037K(9088K)
[15657.740s][info][gc             ] GC(34237) Pause Young (Allocation Failure) 495M->402M(493M) 4.334ms
[15657.740s][info][gc,cpu         ] GC(34237) User=0.00s Sys=0.00s Real=0.00s
[15658.207s][info][gc,start       ] GC(34238) Pause Young (Allocation Failure)
[15658.210s][info][gc,heap        ] GC(34238) PSYoungGen: 93376K(93696K)->832K(90624K) Eden: 92160K(92160K)->0K(89600K) From: 1216K(1536K)->832K(1024K)
[15658.210s][info][gc,heap        ] GC(34238) ParOldGen: 411215K(411648K)->411359K(411648K)
[15658.210s][info][gc,metaspace   ] GC(34238) Metaspace: 62433K(62656K)->62433K(62656K) NonClass: 53395K(53568K)->53395K(53568K) Class: 9037K(9088K)->9037K(9088K)
[15658.210s][info][gc             ] GC(34238) Pause Young (Allocation Failure) 492M->402M(490M) 3.421ms
[15658.210s][info][gc,cpu         ] GC(34238) User=0.00s Sys=0.00s Real=0.00s
[15658.653s][info][gc,start       ] GC(34239) Pause Young (Allocation Failure)
[15658.657s][info][gc,heap        ] GC(34239) PSYoungGen: 90432K(90624K)->1408K(88576K) Eden: 89600K(89600K)->0K(87040K) From: 832K(1024K)->1408K(1536K)
[15658.657s][info][gc,heap        ] GC(34239) ParOldGen: 411359K(411648K)->411495K(411648K)
[15658.657s][info][gc,metaspace   ] GC(34239) Metaspace: 62433K(62656K)->62433K(62656K) NonClass: 53395K(53568K)->53395K(53568K) Class: 9037K(9088K)->9037K(9088K)
[15658.657s][info][gc             ] GC(34239) Pause Young (Allocation Failure) 490M->403M(488M) 4.059ms
[15658.657s][info][gc,cpu         ] GC(34239) User=0.00s Sys=0.00s Real=0.01s
[15659.094s][info][gc,start       ] GC(34240) Pause Young (Allocation Failure)
[15659.097s][info][gc,heap        ] GC(34240) PSYoungGen: 88448K(88576K)->736K(85504K) Eden: 87040K(87040K)->0K(84480K) From: 1408K(1536K)->736K(1024K)
[15659.098s][info][gc,heap        ] GC(34240) ParOldGen: 411495K(411648K)->411639K(411648K)
[15659.098s][info][gc,metaspace   ] GC(34240) Metaspace: 62433K(62656K)->62433K(62656K) NonClass: 53395K(53568K)->53395K(53568K) Class: 9037K(9088K)->9037K(9088K)
[15659.098s][info][gc             ] GC(34240) Pause Young (Allocation Failure) 488M->402M(485M) 3.273ms
[15659.098s][info][gc,cpu         ] GC(34240) User=0.01s Sys=0.00s Real=0.00s
[15659.530s][info][gc,start       ] GC(34241) Pause Young (Allocation Failure)
[15659.533s][info][gc,heap        ] GC(34241) PSYoungGen: 85216K(85504K)->1056K(94720K) Eden: 84480K(84480K)->0K(93184K) From: 736K(1024K)->1056K(1536K)
[15659.533s][info][gc,heap        ] GC(34241) ParOldGen: 411639K(411648K)->411783K(412160K)
[15659.533s][info][gc,metaspace   ] GC(34241) Metaspace: 62433K(62656K)->62433K(62656K) NonClass: 53395K(53568K)->53395K(53568K) Class: 9037K(9088K)->9037K(9088K)
[15659.533s][info][gc             ] GC(34241) Pause Young (Allocation Failure) 485M->403M(495M) 3.479ms
[15659.533s][info][gc,cpu         ] GC(34241) User=0.00s Sys=0.00s Real=0.00s
[15660.012s][info][gc,start       ] GC(34242) Pause Young (Allocation Failure)
[15660.015s][info][gc,heap        ] GC(34242) PSYoungGen: 94240K(94720K)->832K(91648K) Eden: 93184K(93184K)->0K(90624K) From: 1056K(1536K)->832K(1024K)
[15660.015s][info][gc,heap        ] GC(34242) ParOldGen: 411783K(412160K)->411911K(412160K)
[15660.015s][info][gc,metaspace   ] GC(34242) Metaspace: 62433K(62656K)->62433K(62656K) NonClass: 53395K(53568K)->53395K(53568K) Class: 9037K(9088K)->9037K(9088K)
[15660.015s][info][gc             ] GC(34242) Pause Young (Allocation Failure) 494M->403M(492M) 3.465ms
[15660.016s][info][gc,cpu         ] GC(34242) User=0.01s Sys=0.00s Real=0.01s
[15660.493s][info][gc,start       ] GC(34243) Pause Young (Allocation Failure)
[15660.496s][info][gc,heap        ] GC(34243) PSYoungGen: 91456K(91648K)->672K(89088K) Eden: 90624K(90624K)->0K(88064K) From: 832K(1024K)->672K(1024K)
[15660.496s][info][gc,heap        ] GC(34243) ParOldGen: 411911K(412160K)->412047K(412160K)
[15660.496s][info][gc,metaspace   ] GC(34243) Metaspace: 62433K(62656K)->62433K(62656K) NonClass: 53395K(53568K)->53395K(53568K) Class: 9037K(9088K)->9037K(9088K)
[15660.496s][info][gc             ] GC(34243) Pause Young (Allocation Failure) 491M->403M(489M) 3.302ms
[15660.497s][info][gc,cpu         ] GC(34243) User=0.01s Sys=0.00s Real=0.01s
[15660.875s][info][gc,start       ] GC(34244) Pause Young (Allocation Failure)
[15660.879s][info][gc,heap        ] GC(34244) PSYoungGen: 88736K(89088K)->1440K(87040K) Eden: 88064K(88064K)->0K(85504K) From: 672K(1024K)->1440K(1536K)
[15660.879s][info][gc,heap        ] GC(34244) ParOldGen: 412047K(412160K)->413215K(413696K)
[15660.879s][info][gc,metaspace   ] GC(34244) Metaspace: 62433K(62656K)->62433K(62656K) NonClass: 53395K(53568K)->53395K(53568K) Class: 9037K(9088K)->9037K(9088K)
[15660.879s][info][gc             ] GC(34244) Pause Young (Allocation Failure) 489M->404M(489M) 4.126ms
[15660.879s][info][gc,cpu         ] GC(34244) User=0.01s Sys=0.00s Real=0.00s
[15661.311s][info][gc,start       ] GC(34245) Pause Young (Allocation Failure)
[15661.315s][info][gc,heap        ] GC(34245) PSYoungGen: 86944K(87040K)->832K(90624K) Eden: 85504K(85504K)->0K(89600K) From: 1440K(1536K)->832K(1024K)
[15661.315s][info][gc,heap        ] GC(34245) ParOldGen: 413215K(413696K)->415399K(416768K)
[15661.315s][info][gc,metaspace   ] GC(34245) Metaspace: 62433K(62656K)->62433K(62656K) NonClass: 53395K(53568K)->53395K(53568K) Class: 9037K(9088K)->9037K(9088K)
[15661.315s][info][gc             ] GC(34245) Pause Young (Allocation Failure) 488M->406M(495M) 4.638ms
[15661.315s][info][gc,cpu         ] GC(34245) User=0.00s Sys=0.01s Real=0.01s
[15661.762s][info][gc,start       ] GC(34246) Pause Young (Allocation Failure)
[15661.765s][info][gc,heap        ] GC(34246) PSYoungGen: 90432K(90624K)->1472K(88576K) Eden: 89600K(89600K)->0K(87040K) From: 832K(1024K)->1472K(1536K)
[15661.766s][info][gc,heap        ] GC(34246) ParOldGen: 415399K(416768K)->415535K(416768K)
[15661.766s][info][gc,metaspace   ] GC(34246) Metaspace: 62433K(62656K)->62433K(62656K) NonClass: 53395K(53568K)->53395K(53568K) Class: 9037K(9088K)->9037K(9088K)
[15661.766s][info][gc             ] GC(34246) Pause Young (Allocation Failure) 493M->407M(493M) 3.999ms
[15661.766s][info][gc,cpu         ] GC(34246) User=0.01s Sys=0.00s Real=0.01s
[15662.233s][info][gc,start       ] GC(34247) Pause Young (Allocation Failure)
[15662.237s][info][gc,heap        ] GC(34247) PSYoungGen: 88512K(88576K)->1152K(86016K) Eden: 87040K(87040K)->0K(84480K) From: 1472K(1536K)->1152K(1536K)
[15662.237s][info][gc,heap        ] GC(34247) ParOldGen: 415535K(416768K)->415679K(416768K)
[15662.237s][info][gc,metaspace   ] GC(34247) Metaspace: 62433K(62656K)->62433K(62656K) NonClass: 53395K(53568K)->53395K(53568K) Class: 9037K(9088K)->9037K(9088K)
[15662.237s][info][gc             ] GC(34247) Pause Young (Allocation Failure) 492M->407M(491M) 3.658ms
[15662.237s][info][gc,cpu         ] GC(34247) User=0.00s Sys=0.00s Real=0.01s
[15662.670s][info][gc,start       ] GC(34248) Pause Young (Allocation Failure)
[15662.674s][info][gc,heap        ] GC(34248) PSYoungGen: 85632K(86016K)->320K(89088K) Eden: 84480K(84480K)->0K(88576K) From: 1152K(1536K)->320K(512K)
[15662.674s][info][gc,heap        ] GC(34248) ParOldGen: 415679K(416768K)->415823K(416768K)
[15662.674s][info][gc,metaspace   ] GC(34248) Metaspace: 62433K(62656K)->62433K(62656K) NonClass: 53395K(53568K)->53395K(53568K) Class: 9037K(9088K)->9037K(9088K)
[15662.674s][info][gc             ] GC(34248) Pause Young (Allocation Failure) 489M->406M(494M) 4.036ms
[15662.674s][info][gc,cpu         ] GC(34248) User=0.01s Sys=0.01s Real=0.01s
[15663.152s][info][gc,start       ] GC(34249) Pause Young (Allocation Failure)
[15663.155s][info][gc,heap        ] GC(34249) PSYoungGen: 88896K(89088K)->1280K(87552K) Eden: 88576K(88576K)->0K(86016K) From: 320K(512K)->1280K(1536K)
[15663.155s][info][gc,heap        ] GC(34249) ParOldGen: 415823K(416768K)->415959K(416768K)
[15663.155s][info][gc,metaspace   ] GC(34249) Metaspace: 62433K(62656K)->62433K(62656K) NonClass: 53395K(53568K)->53395K(53568K) Class: 9037K(9088K)->9037K(9088K)
[15663.155s][info][gc             ] GC(34249) Pause Young (Allocation Failure) 492M->407M(492M) 3.758ms
[15663.155s][info][gc,cpu         ] GC(34249) User=0.00s Sys=0.00s Real=0.01s
[15663.600s][info][gc,start       ] GC(34250) Pause Young (Allocation Failure)
[15663.603s][info][gc,heap        ] GC(34250) PSYoungGen: 87296K(87552K)->672K(84480K) Eden: 86016K(86016K)->0K(83456K) From: 1280K(1536K)->672K(1024K)
[15663.603s][info][gc,heap        ] GC(34250) ParOldGen: 415959K(416768K)->416095K(416768K)
[15663.603s][info][gc,metaspace   ] GC(34250) Metaspace: 62433K(62656K)->62433K(62656K) NonClass: 53395K(53568K)->53395K(53568K) Class: 9037K(9088K)->9037K(9088K)
[15663.603s][info][gc             ] GC(34250) Pause Young (Allocation Failure) 491M->406M(489M) 3.252ms
[15663.603s][info][gc,cpu         ] GC(34250) User=0.01s Sys=0.00s Real=0.00s
[15664.014s][info][gc,start       ] GC(34251) Pause Young (Allocation Failure)
[15664.018s][info][gc,heap        ] GC(34251) PSYoungGen: 84128K(84480K)->896K(86016K) Eden: 83456K(83456K)->0K(84992K) From: 672K(1024K)->896K(1024K)
[15664.018s][info][gc,heap        ] GC(34251) ParOldGen: 416095K(416768K)->416239K(416768K)
[15664.018s][info][gc,metaspace   ] GC(34251) Metaspace: 62433K(62656K)->62433K(62656K) NonClass: 53395K(53568K)->53395K(53568K) Class: 9037K(9088K)->9037K(9088K)
[15664.018s][info][gc             ] GC(34251) Pause Young (Allocation Failure) 488M->407M(491M) 3.413ms
[15664.018s][info][gc,cpu         ] GC(34251) User=0.00s Sys=0.01s Real=0.00s
[15664.472s][info][gc,start       ] GC(34252) Pause Young (Allocation Failure)
[15664.475s][info][gc,heap        ] GC(34252) PSYoungGen: 85888K(86016K)->320K(85504K) Eden: 84992K(84992K)->0K(84992K) From: 896K(1024K)->320K(512K)
[15664.475s][info][gc,heap        ] GC(34252) ParOldGen: 416239K(416768K)->416375K(416768K)
[15664.475s][info][gc,metaspace   ] GC(34252) Metaspace: 62433K(62656K)->62433K(62656K) NonClass: 53395K(53568K)->53395K(53568K) Class: 9037K(9088K)->9037K(9088K)
[15664.475s][info][gc             ] GC(34252) Pause Young (Allocation Failure) 490M->406M(490M) 2.825ms
[15664.475s][info][gc,cpu         ] GC(34252) User=0.00s Sys=0.00s Real=0.01s
[15664.927s][info][gc,start       ] GC(34253) Pause Young (Allocation Failure)
[15664.930s][info][gc,heap        ] GC(34253) PSYoungGen: 85312K(85504K)->1088K(85504K) Eden: 84992K(84992K)->0K(83968K) From: 320K(512K)->1088K(1536K)
[15664.930s][info][gc,heap        ] GC(34253) ParOldGen: 416375K(416768K)->416511K(416768K)
[15664.930s][info][gc,metaspace   ] GC(34253) Metaspace: 62433K(62656K)->62433K(62656K) NonClass: 53395K(53568K)->53395K(53568K) Class: 9037K(9088K)->9037K(9088K)
[15664.930s][info][gc             ] GC(34253) Pause Young (Allocation Failure) 489M->407M(490M) 3.459ms
[15664.930s][info][gc,cpu         ] GC(34253) User=0.01s Sys=0.00s Real=0.00s
[15665.386s][info][gc,start       ] GC(34254) Pause Young (Allocation Failure)
[15665.389s][info][gc,heap        ] GC(34254) PSYoungGen: 85056K(85504K)->416K(84480K) Eden: 83968K(83968K)->0K(83968K) From: 1088K(1536K)->416K(512K)
[15665.389s][info][gc,heap        ] GC(34254) ParOldGen: 416511K(416768K)->416655K(416768K)
[15665.389s][info][gc,metaspace   ] GC(34254) Metaspace: 62433K(62656K)->62433K(62656K) NonClass: 53395K(53568K)->53395K(53568K) Class: 9037K(9088K)->9037K(9088K)
[15665.389s][info][gc             ] GC(34254) Pause Young (Allocation Failure) 489M->407M(489M) 3.120ms
[15665.389s][info][gc,cpu         ] GC(34254) User=0.00s Sys=0.00s Real=0.00s
[15665.824s][info][gc,start       ] GC(34255) Pause Young (Allocation Failure)
[15665.827s][info][gc,heap        ] GC(34255) PSYoungGen: 84384K(84480K)->1024K(84992K) Eden: 83968K(83968K)->0K(82944K) From: 416K(512K)->1024K(2048K)
[15665.827s][info][gc,heap        ] GC(34255) ParOldGen: 416655K(416768K)->416847K(417280K)
[15665.827s][info][gc,metaspace   ] GC(34255) Metaspace: 62433K(62656K)->62433K(62656K) NonClass: 53395K(53568K)->53395K(53568K) Class: 9037K(9088K)->9037K(9088K)
[15665.827s][info][gc             ] GC(34255) Pause Young (Allocation Failure) 489M->408M(490M) 3.510ms
[15665.827s][info][gc,cpu         ] GC(34255) User=0.00s Sys=0.00s Real=0.01s
[15666.214s][info][gc,start       ] GC(34256) Pause Young (Allocation Failure)
[15666.218s][info][gc,heap        ] GC(34256) PSYoungGen: 83968K(84992K)->1920K(84992K) Eden: 82944K(82944K)->0K(82944K) From: 1024K(2048K)->1920K(2048K)
[15666.218s][info][gc,heap        ] GC(34256) ParOldGen: 416847K(417280K)->418007K(418816K)
[15666.218s][info][gc,metaspace   ] GC(34256) Metaspace: 62433K(62656K)->62433K(62656K) NonClass: 53395K(53568K)->53395K(53568K) Class: 9037K(9088K)->9037K(9088K)
[15666.218s][info][gc             ] GC(34256) Pause Young (Allocation Failure) 489M->410M(492M) 3.889ms
[15666.218s][info][gc,cpu         ] GC(34256) User=0.01s Sys=0.00s Real=0.00s
[15666.648s][info][gc,start       ] GC(34257) Pause Young (Allocation Failure)
[15666.653s][info][gc,heap        ] GC(34257) PSYoungGen: 84864K(84992K)->1280K(83968K) Eden: 82944K(82944K)->0K(81920K) From: 1920K(2048K)->1280K(2048K)
[15666.653s][info][gc,heap        ] GC(34257) ParOldGen: 418007K(418816K)->420191K(420352K)
[15666.653s][info][gc,metaspace   ] GC(34257) Metaspace: 62433K(62656K)->62433K(62656K) NonClass: 53395K(53568K)->53395K(53568K) Class: 9037K(9088K)->9037K(9088K)
[15666.653s][info][gc             ] GC(34257) Pause Young (Allocation Failure) 491M->411M(492M) 4.692ms
[15666.653s][info][gc,cpu         ] GC(34257) User=0.00s Sys=0.00s Real=0.00s
[15667.058s][info][gc,start       ] GC(34258) Pause Young (Allocation Failure)
[15667.061s][info][gc,heap        ] GC(34258) PSYoungGen: 83200K(83968K)->1440K(84480K) Eden: 81920K(81920K)->0K(81920K) From: 1280K(2048K)->1440K(2560K)
[15667.061s][info][gc,heap        ] GC(34258) ParOldGen: 420191K(420352K)->420335K(420352K)
[15667.061s][info][gc,metaspace   ] GC(34258) Metaspace: 62433K(62656K)->62433K(62656K) NonClass: 53395K(53568K)->53395K(53568K) Class: 9037K(9088K)->9037K(9088K)
[15667.061s][info][gc             ] GC(34258) Pause Young (Allocation Failure) 491M->411M(493M) 3.764ms
[15667.061s][info][gc,cpu         ] GC(34258) User=0.00s Sys=0.00s Real=0.00s
[15667.502s][info][gc,start       ] GC(34259) Pause Young (Allocation Failure)
[15667.505s][info][gc,heap        ] GC(34259) PSYoungGen: 83360K(84480K)->736K(84480K) Eden: 81920K(81920K)->0K(81920K) From: 1440K(2560K)->736K(2560K)
[15667.505s][info][gc,heap        ] GC(34259) ParOldGen: 420335K(420352K)->420471K(420864K)
[15667.505s][info][gc,metaspace   ] GC(34259) Metaspace: 62433K(62656K)->62433K(62656K) NonClass: 53395K(53568K)->53395K(53568K) Class: 9037K(9088K)->9037K(9088K)
[15667.505s][info][gc             ] GC(34259) Pause Young (Allocation Failure) 491M->411M(493M) 3.091ms
[15667.505s][info][gc,cpu         ] GC(34259) User=0.01s Sys=0.00s Real=0.01s
[15667.920s][info][gc,start       ] GC(34260) Pause Young (Allocation Failure)
[15667.923s][info][gc,heap        ] GC(34260) PSYoungGen: 82656K(84480K)->864K(84480K) Eden: 81920K(81920K)->0K(81920K) From: 736K(2560K)->864K(2560K)
[15667.923s][info][gc,heap        ] GC(34260) ParOldGen: 420471K(420864K)->420615K(420864K)
[15667.923s][info][gc,metaspace   ] GC(34260) Metaspace: 62433K(62656K)->62433K(62656K) NonClass: 53395K(53568K)->53395K(53568K) Class: 9037K(9088K)->9037K(9088K)
[15667.923s][info][gc             ] GC(34260) Pause Young (Allocation Failure) 491M->411M(493M) 3.377ms
[15667.923s][info][gc,cpu         ] GC(34260) User=0.00s Sys=0.00s Real=0.00s
[15668.366s][info][gc,start       ] GC(34261) Pause Young (Allocation Failure)
[15668.369s][info][gc,heap        ] GC(34261) PSYoungGen: 82784K(84480K)->256K(84992K) Eden: 81920K(81920K)->0K(82944K) From: 864K(2560K)->256K(2048K)
[15668.369s][info][gc,heap        ] GC(34261) ParOldGen: 420615K(420864K)->420751K(420864K)
[15668.369s][info][gc,metaspace   ] GC(34261) Metaspace: 62433K(62656K)->62433K(62656K) NonClass: 53395K(53568K)->53395K(53568K) Class: 9037K(9088K)->9037K(9088K)
[15668.369s][info][gc             ] GC(34261) Pause Young (Allocation Failure) 491M->411M(494M) 2.862ms
[15668.369s][info][gc,cpu         ] GC(34261) User=0.01s Sys=0.00s Real=0.00s
[15668.810s][info][gc,start       ] GC(34262) Pause Young (Allocation Failure)
[15668.813s][info][gc,heap        ] GC(34262) PSYoungGen: 83200K(84992K)->832K(84992K) Eden: 82944K(82944K)->0K(82944K) From: 256K(2048K)->832K(2048K)
[15668.814s][info][gc,heap        ] GC(34262) ParOldGen: 420751K(420864K)->420895K(421376K)
[15668.814s][info][gc,metaspace   ] GC(34262) Metaspace: 62433K(62656K)->62433K(62656K) NonClass: 53395K(53568K)->53395K(53568K) Class: 9037K(9088K)->9037K(9088K)
[15668.814s][info][gc             ] GC(34262) Pause Young (Allocation Failure) 492M->411M(494M) 3.319ms
[15668.814s][info][gc,cpu         ] GC(34262) User=0.01s Sys=0.00s Real=0.00s
[15669.229s][info][gc,start       ] GC(34263) Pause Young (Allocation Failure)
[15669.232s][info][gc,heap        ] GC(34263) PSYoungGen: 83776K(84992K)->1152K(84992K) Eden: 82944K(82944K)->0K(82944K) From: 832K(2048K)->1152K(2048K)
[15669.232s][info][gc,heap        ] GC(34263) ParOldGen: 420895K(421376K)->421039K(421376K)
[15669.232s][info][gc,metaspace   ] GC(34263) Metaspace: 62433K(62656K)->62433K(62656K) NonClass: 53395K(53568K)->53395K(53568K) Class: 9037K(9088K)->9037K(9088K)
[15669.232s][info][gc             ] GC(34263) Pause Young (Allocation Failure) 492M->412M(494M) 3.565ms
[15669.232s][info][gc,cpu         ] GC(34263) User=0.01s Sys=0.00s Real=0.00s
[15669.699s][info][gc,start       ] GC(34264) Pause Young (Allocation Failure)
[15669.702s][info][gc,heap        ] GC(34264) PSYoungGen: 84096K(84992K)->640K(84992K) Eden: 82944K(82944K)->0K(82944K) From: 1152K(2048K)->640K(2048K)
[15669.702s][info][gc,heap        ] GC(34264) ParOldGen: 421039K(421376K)->421183K(421376K)
[15669.702s][info][gc,metaspace   ] GC(34264) Metaspace: 62433K(62656K)->62433K(62656K) NonClass: 53395K(53568K)->53395K(53568K) Class: 9037K(9088K)->9037K(9088K)
[15669.702s][info][gc             ] GC(34264) Pause Young (Allocation Failure) 493M->411M(494M) 3.103ms
[15669.702s][info][gc,cpu         ] GC(34264) User=0.01s Sys=0.00s Real=0.00s
[15670.140s][info][gc,start       ] GC(34265) Pause Young (Allocation Failure)
[15670.143s][info][gc,heap        ] GC(34265) PSYoungGen: 83584K(84992K)->1120K(84992K) Eden: 82944K(82944K)->0K(82944K) From: 640K(2048K)->1120K(2048K)
[15670.143s][info][gc,heap        ] GC(34265) ParOldGen: 421183K(421376K)->421319K(421376K)
[15670.143s][info][gc,metaspace   ] GC(34265) Metaspace: 62433K(62656K)->62433K(62656K) NonClass: 53395K(53568K)->53395K(53568K) Class: 9037K(9088K)->9037K(9088K)
[15670.143s][info][gc             ] GC(34265) Pause Young (Allocation Failure) 492M->412M(494M) 3.396ms
[15670.143s][info][gc,cpu         ] GC(34265) User=0.00s Sys=0.00s Real=0.00s
[15670.566s][info][gc,start       ] GC(34266) Pause Young (Allocation Failure)
[15670.569s][info][gc,heap        ] GC(34266) PSYoungGen: 84064K(84992K)->256K(84992K) Eden: 82944K(82944K)->0K(82944K) From: 1120K(2048K)->256K(2048K)
[15670.569s][info][gc,heap        ] GC(34266) ParOldGen: 421319K(421376K)->421447K(421888K)
[15670.569s][info][gc,metaspace   ] GC(34266) Metaspace: 62433K(62656K)->62433K(62656K) NonClass: 53395K(53568K)->53395K(53568K) Class: 9037K(9088K)->9037K(9088K)
[15670.569s][info][gc             ] GC(34266) Pause Young (Allocation Failure) 493M->411M(495M) 2.835ms
[15670.569s][info][gc,cpu         ] GC(34266) User=0.01s Sys=0.00s Real=0.00s
[15671.002s][info][gc,start       ] GC(34267) Pause Young (Allocation Failure)
[15671.005s][info][gc,heap        ] GC(34267) PSYoungGen: 83200K(84992K)->736K(84992K) Eden: 82944K(82944K)->0K(82944K) From: 256K(2048K)->736K(2048K)
[15671.005s][info][gc,heap        ] GC(34267) ParOldGen: 421447K(421888K)->421583K(421888K)
[15671.005s][info][gc,metaspace   ] GC(34267) Metaspace: 62433K(62656K)->62433K(62656K) NonClass: 53395K(53568K)->53395K(53568K) Class: 9037K(9088K)->9037K(9088K)
[15671.005s][info][gc             ] GC(34267) Pause Young (Allocation Failure) 492M->412M(495M) 3.135ms
[15671.005s][info][gc,cpu         ] GC(34267) User=0.01s Sys=0.00s Real=0.01s
[15671.413s][info][gc,start       ] GC(34268) Pause Young (Allocation Failure)
[15671.416s][info][gc,heap        ] GC(34268) PSYoungGen: 83680K(84992K)->896K(84992K) Eden: 82944K(82944K)->0K(82944K) From: 736K(2048K)->896K(2048K)
[15671.416s][info][gc,heap        ] GC(34268) ParOldGen: 421583K(421888K)->421719K(421888K)
[15671.416s][info][gc,metaspace   ] GC(34268) Metaspace: 62433K(62656K)->62433K(62656K) NonClass: 53395K(53568K)->53395K(53568K) Class: 9037K(9088K)->9037K(9088K)
[15671.416s][info][gc             ] GC(34268) Pause Young (Allocation Failure) 493M->412M(495M) 3.448ms
[15671.416s][info][gc,cpu         ] GC(34268) User=0.00s Sys=0.00s Real=0.01s
[15671.835s][info][gc,start       ] GC(34269) Pause Young (Allocation Failure)
[15671.840s][info][gc,heap        ] GC(34269) PSYoungGen: 83840K(84992K)->1184K(84992K) Eden: 82944K(82944K)->0K(82944K) From: 896K(2048K)->1184K(2048K)
[15671.840s][info][gc,heap        ] GC(34269) ParOldGen: 421719K(421888K)->423903K(424960K)
[15671.840s][info][gc,metaspace   ] GC(34269) Metaspace: 62433K(62656K)->62433K(62656K) NonClass: 53395K(53568K)->53395K(53568K) Class: 9037K(9088K)->9037K(9088K)
[15671.840s][info][gc             ] GC(34269) Pause Young (Allocation Failure) 493M->415M(498M) 4.919ms
[15671.840s][info][gc,cpu         ] GC(34269) User=0.01s Sys=0.01s Real=0.00s
[15672.245s][info][gc,start       ] GC(34270) Pause Young (Allocation Failure)
[15672.249s][info][gc,heap        ] GC(34270) PSYoungGen: 84128K(84992K)->1376K(84992K) Eden: 82944K(82944K)->0K(82944K) From: 1184K(2048K)->1376K(2048K)
[15672.249s][info][gc,heap        ] GC(34270) ParOldGen: 423903K(424960K)->424031K(424960K)
[15672.249s][info][gc,metaspace   ] GC(34270) Metaspace: 62433K(62656K)->62433K(62656K) NonClass: 53395K(53568K)->53395K(53568K) Class: 9037K(9088K)->9037K(9088K)
[15672.249s][info][gc             ] GC(34270) Pause Young (Allocation Failure) 496M->415M(498M) 3.694ms
[15672.249s][info][gc,cpu         ] GC(34270) User=0.00s Sys=0.00s Real=0.00s
[15672.656s][info][gc,start       ] GC(34271) Pause Young (Allocation Failure)
[15672.660s][info][gc,heap        ] GC(34271) PSYoungGen: 84320K(84992K)->1440K(84992K) Eden: 82944K(82944K)->0K(82944K) From: 1376K(2048K)->1440K(2048K)
[15672.660s][info][gc,heap        ] GC(34271) ParOldGen: 424031K(424960K)->424167K(424960K)
[15672.660s][info][gc,metaspace   ] GC(34271) Metaspace: 62433K(62656K)->62433K(62656K) NonClass: 53395K(53568K)->53395K(53568K) Class: 9037K(9088K)->9037K(9088K)
[15672.660s][info][gc             ] GC(34271) Pause Young (Allocation Failure) 496M->415M(498M) 3.831ms
[15672.660s][info][gc,cpu         ] GC(34271) User=0.01s Sys=0.00s Real=0.00s
[15673.069s][info][gc,start       ] GC(34272) Pause Young (Allocation Failure)
[15673.072s][info][gc,heap        ] GC(34272) PSYoungGen: 84384K(84992K)->288K(84992K) Eden: 82944K(82944K)->0K(82944K) From: 1440K(2048K)->288K(2048K)
[15673.072s][info][gc,heap        ] GC(34272) ParOldGen: 424167K(424960K)->424311K(424960K)
[15673.072s][info][gc,metaspace   ] GC(34272) Metaspace: 62433K(62656K)->62433K(62656K) NonClass: 53395K(53568K)->53395K(53568K) Class: 9037K(9088K)->9037K(9088K)
[15673.072s][info][gc             ] GC(34272) Pause Young (Allocation Failure) 496M->414M(498M) 2.862ms
[15673.072s][info][gc,cpu         ] GC(34272) User=0.01s Sys=0.00s Real=0.00s
[15673.487s][info][gc,start       ] GC(34273) Pause Young (Allocation Failure)
[15673.490s][info][gc,heap        ] GC(34273) PSYoungGen: 83232K(84992K)->512K(84992K) Eden: 82944K(82944K)->0K(82944K) From: 288K(2048K)->512K(2048K)
[15673.490s][info][gc,heap        ] GC(34273) ParOldGen: 424311K(424960K)->424447K(424960K)
[15673.490s][info][gc,metaspace   ] GC(34273) Metaspace: 62433K(62656K)->62433K(62656K) NonClass: 53395K(53568K)->53395K(53568K) Class: 9037K(9088K)->9037K(9088K)
[15673.490s][info][gc             ] GC(34273) Pause Young (Allocation Failure) 495M->414M(498M) 2.932ms
[15673.490s][info][gc,cpu         ] GC(34273) User=0.00s Sys=0.00s Real=0.00s
[15673.944s][info][gc,start       ] GC(34274) Pause Young (Allocation Failure)
[15673.947s][info][gc,heap        ] GC(34274) PSYoungGen: 83456K(84992K)->752K(84992K) Eden: 82944K(82944K)->0K(82944K) From: 512K(2048K)->752K(2048K)
[15673.947s][info][gc,heap        ] GC(34274) ParOldGen: 424447K(424960K)->424583K(424960K)
[15673.947s][info][gc,metaspace   ] GC(34274) Metaspace: 62433K(62656K)->62433K(62656K) NonClass: 53395K(53568K)->53395K(53568K) Class: 9037K(9088K)->9037K(9088K)
[15673.947s][info][gc             ] GC(34274) Pause Young (Allocation Failure) 495M->415M(498M) 3.320ms
[15673.947s][info][gc,cpu         ] GC(34274) User=0.01s Sys=0.00s Real=0.01s
[15674.365s][info][gc,start       ] GC(34275) Pause Young (Allocation Failure)
[15674.368s][info][gc,heap        ] GC(34275) PSYoungGen: 83696K(84992K)->224K(84992K) Eden: 82944K(82944K)->0K(82944K) From: 752K(2048K)->224K(2048K)
[15674.368s][info][gc,heap        ] GC(34275) ParOldGen: 424583K(424960K)->424767K(424960K)
[15674.368s][info][gc,metaspace   ] GC(34275) Metaspace: 62433K(62656K)->62433K(62656K) NonClass: 53395K(53568K)->53395K(53568K) Class: 9037K(9088K)->9037K(9088K)
[15674.368s][info][gc             ] GC(34275) Pause Young (Allocation Failure) 496M->415M(498M) 2.895ms
[15674.368s][info][gc,cpu         ] GC(34275) User=0.01s Sys=0.00s Real=0.00s
[15674.794s][info][gc,start       ] GC(34276) Pause Young (Allocation Failure)
[15674.797s][info][gc,heap        ] GC(34276) PSYoungGen: 83168K(84992K)->576K(84992K) Eden: 82944K(82944K)->0K(82944K) From: 224K(2048K)->576K(2048K)
[15674.797s][info][gc,heap        ] GC(34276) ParOldGen: 424767K(424960K)->424911K(424960K)
[15674.797s][info][gc,metaspace   ] GC(34276) Metaspace: 62433K(62656K)->62433K(62656K) NonClass: 53395K(53568K)->53395K(53568K) Class: 9037K(9088K)->9037K(9088K)
[15674.797s][info][gc             ] GC(34276) Pause Young (Allocation Failure) 496M->415M(498M) 3.108ms
[15674.797s][info][gc,cpu         ] GC(34276) User=0.00s Sys=0.00s Real=0.01s
[15675.241s][info][gc,start       ] GC(34277) Pause Young (Allocation Failure)
[15675.244s][info][gc,heap        ] GC(34277) PSYoungGen: 83520K(84992K)->1152K(84992K) Eden: 82944K(82944K)->0K(82944K) From: 576K(2048K)->1152K(2048K)
[15675.244s][info][gc,heap        ] GC(34277) ParOldGen: 424911K(424960K)->425047K(425472K)
[15675.244s][info][gc,metaspace   ] GC(34277) Metaspace: 62433K(62656K)->62433K(62656K) NonClass: 53395K(53568K)->53395K(53568K) Class: 9037K(9088K)->9037K(9088K)
[15675.244s][info][gc             ] GC(34277) Pause Young (Allocation Failure) 496M->416M(498M) 3.438ms
[15675.244s][info][gc,cpu         ] GC(34277) User=0.01s Sys=0.00s Real=0.00s
[15675.681s][info][gc,start       ] GC(34278) Pause Young (Allocation Failure)
[15675.684s][info][gc,heap        ] GC(34278) PSYoungGen: 84096K(84992K)->480K(84992K) Eden: 82944K(82944K)->0K(82944K) From: 1152K(2048K)->480K(2048K)
[15675.684s][info][gc,heap        ] GC(34278) ParOldGen: 425047K(425472K)->425175K(425472K)
[15675.684s][info][gc,metaspace   ] GC(34278) Metaspace: 62433K(62656K)->62433K(62656K) NonClass: 53395K(53568K)->53395K(53568K) Class: 9037K(9088K)->9037K(9088K)
[15675.684s][info][gc             ] GC(34278) Pause Young (Allocation Failure) 497M->415M(498M) 2.882ms
[15675.684s][info][gc,cpu         ] GC(34278) User=0.01s Sys=0.00s Real=0.01s
[15676.114s][info][gc,start       ] GC(34279) Pause Young (Allocation Failure)
[15676.118s][info][gc,heap        ] GC(34279) PSYoungGen: 83424K(84992K)->832K(84992K) Eden: 82944K(82944K)->0K(82944K) From: 480K(2048K)->832K(2048K)
[15676.118s][info][gc,heap        ] GC(34279) ParOldGen: 425175K(425472K)->425319K(425472K)
[15676.118s][info][gc,metaspace   ] GC(34279) Metaspace: 62433K(62656K)->62433K(62656K) NonClass: 53395K(53568K)->53395K(53568K) Class: 9037K(9088K)->9037K(9088K)
[15676.118s][info][gc             ] GC(34279) Pause Young (Allocation Failure) 496M->416M(498M) 3.277ms
[15676.118s][info][gc,cpu         ] GC(34279) User=0.01s Sys=0.00s Real=0.00s
[15676.514s][info][gc,start       ] GC(34280) Pause Young (Allocation Failure)
[15676.517s][info][gc,heap        ] GC(34280) PSYoungGen: 83776K(84992K)->992K(84992K) Eden: 82944K(82944K)->0K(82944K) From: 832K(2048K)->992K(2048K)
[15676.517s][info][gc,heap        ] GC(34280) ParOldGen: 425319K(425472K)->425447K(425472K)
[15676.517s][info][gc,metaspace   ] GC(34280) Metaspace: 62433K(62656K)->62433K(62656K) NonClass: 53395K(53568K)->53395K(53568K) Class: 9037K(9088K)->9037K(9088K)
[15676.517s][info][gc             ] GC(34280) Pause Young (Allocation Failure) 497M->416M(498M) 3.432ms
[15676.517s][info][gc,cpu         ] GC(34280) User=0.01s Sys=0.00s Real=0.01s
[15676.925s][info][gc,start       ] GC(34281) Pause Young (Allocation Failure)
[15676.929s][info][gc,heap        ] GC(34281) PSYoungGen: 83936K(84992K)->1088K(84992K) Eden: 82944K(82944K)->0K(82944K) From: 992K(2048K)->1088K(2048K)
[15676.929s][info][gc,heap        ] GC(34281) ParOldGen: 425447K(425472K)->425591K(425984K)
[15676.929s][info][gc,metaspace   ] GC(34281) Metaspace: 62433K(62656K)->62433K(62656K) NonClass: 53395K(53568K)->53395K(53568K) Class: 9037K(9088K)->9037K(9088K)
[15676.929s][info][gc             ] GC(34281) Pause Young (Allocation Failure) 497M->416M(499M) 3.592ms
[15676.929s][info][gc,cpu         ] GC(34281) User=0.00s Sys=0.00s Real=0.00s
[15677.358s][info][gc,start       ] GC(34282) Pause Young (Allocation Failure)
[15677.362s][info][gc,heap        ] GC(34282) PSYoungGen: 84032K(84992K)->1472K(84992K) Eden: 82944K(82944K)->0K(82944K) From: 1088K(2048K)->1472K(2048K)
[15677.362s][info][gc,heap        ] GC(34282) ParOldGen: 425591K(425984K)->427783K(429056K)
[15677.362s][info][gc,metaspace   ] GC(34282) Metaspace: 62433K(62656K)->62433K(62656K) NonClass: 53395K(53568K)->53395K(53568K) Class: 9037K(9088K)->9037K(9088K)
[15677.363s][info][gc             ] GC(34282) Pause Young (Allocation Failure) 497M->419M(502M) 4.948ms
[15677.363s][info][gc,cpu         ] GC(34282) User=0.00s Sys=0.00s Real=0.00s
[15677.795s][info][gc,start       ] GC(34283) Pause Young (Allocation Failure)
[15677.798s][info][gc,heap        ] GC(34283) PSYoungGen: 84416K(84992K)->608K(84992K) Eden: 82944K(82944K)->0K(82944K) From: 1472K(2048K)->608K(2048K)
[15677.798s][info][gc,heap        ] GC(34283) ParOldGen: 427783K(429056K)->427919K(429056K)
[15677.798s][info][gc,metaspace   ] GC(34283) Metaspace: 62433K(62656K)->62433K(62656K) NonClass: 53395K(53568K)->53395K(53568K) Class: 9037K(9088K)->9037K(9088K)
[15677.798s][info][gc             ] GC(34283) Pause Young (Allocation Failure) 500M->418M(502M) 3.104ms
[15677.798s][info][gc,cpu         ] GC(34283) User=0.01s Sys=0.00s Real=0.00s
[15678.211s][info][gc,start       ] GC(34284) Pause Young (Allocation Failure)
[15678.214s][info][gc,heap        ] GC(34284) PSYoungGen: 83552K(84992K)->896K(84992K) Eden: 82944K(82944K)->0K(82944K) From: 608K(2048K)->896K(2048K)
[15678.214s][info][gc,heap        ] GC(34284) ParOldGen: 427919K(429056K)->428063K(429056K)
[15678.214s][info][gc,metaspace   ] GC(34284) Metaspace: 62433K(62656K)->62433K(62656K) NonClass: 53395K(53568K)->53395K(53568K) Class: 9037K(9088K)->9037K(9088K)
[15678.214s][info][gc             ] GC(34284) Pause Young (Allocation Failure) 499M->418M(502M) 3.300ms
[15678.214s][info][gc,cpu         ] GC(34284) User=0.01s Sys=0.00s Real=0.00s
[15678.601s][info][gc,start       ] GC(34285) Pause Young (Allocation Failure)
[15678.604s][info][gc,heap        ] GC(34285) PSYoungGen: 83840K(84992K)->704K(84992K) Eden: 82944K(82944K)->0K(82944K) From: 896K(2048K)->704K(2048K)
[15678.604s][info][gc,heap        ] GC(34285) ParOldGen: 428063K(429056K)->428199K(429056K)
[15678.604s][info][gc,metaspace   ] GC(34285) Metaspace: 62433K(62656K)->62433K(62656K) NonClass: 53395K(53568K)->53395K(53568K) Class: 9037K(9088K)->9037K(9088K)
[15678.604s][info][gc             ] GC(34285) Pause Young (Allocation Failure) 499M->418M(502M) 3.227ms
[15678.604s][info][gc,cpu         ] GC(34285) User=0.01s Sys=0.01s Real=0.00s
[15679.041s][info][gc,start       ] GC(34286) Pause Young (Allocation Failure)
[15679.044s][info][gc,heap        ] GC(34286) PSYoungGen: 83648K(84992K)->1088K(84992K) Eden: 82944K(82944K)->0K(82944K) From: 704K(2048K)->1088K(2048K)
[15679.044s][info][gc,heap        ] GC(34286) ParOldGen: 428199K(429056K)->428335K(429056K)
[15679.044s][info][gc,metaspace   ] GC(34286) Metaspace: 62433K(62656K)->62433K(62656K) NonClass: 53395K(53568K)->53395K(53568K) Class: 9037K(9088K)->9037K(9088K)
[15679.044s][info][gc             ] GC(34286) Pause Young (Allocation Failure) 499M->419M(502M) 3.489ms
[15679.044s][info][gc,cpu         ] GC(34286) User=0.01s Sys=0.00s Real=0.01s
[15679.475s][info][gc,start       ] GC(34287) Pause Young (Allocation Failure)
[15679.477s][info][gc,heap        ] GC(34287) PSYoungGen: 84032K(84992K)->384K(84992K) Eden: 82944K(82944K)->0K(82944K) From: 1088K(2048K)->384K(2048K)
[15679.477s][info][gc,heap        ] GC(34287) ParOldGen: 428335K(429056K)->428471K(429056K)
[15679.477s][info][gc,metaspace   ] GC(34287) Metaspace: 62433K(62656K)->62433K(62656K) NonClass: 53395K(53568K)->53395K(53568K) Class: 9037K(9088K)->9037K(9088K)
[15679.477s][info][gc             ] GC(34287) Pause Young (Allocation Failure) 500M->418M(502M) 2.866ms
[15679.477s][info][gc,cpu         ] GC(34287) User=0.01s Sys=0.00s Real=0.00s
[15679.882s][info][gc,start       ] GC(34288) Pause Young (Allocation Failure)
[15679.885s][info][gc,heap        ] GC(34288) PSYoungGen: 83328K(84992K)->448K(84992K) Eden: 82944K(82944K)->0K(82944K) From: 384K(2048K)->448K(2048K)
[15679.885s][info][gc,heap        ] GC(34288) ParOldGen: 428471K(429056K)->428607K(429056K)
[15679.885s][info][gc,metaspace   ] GC(34288) Metaspace: 62433K(62656K)->62433K(62656K) NonClass: 53395K(53568K)->53395K(53568K) Class: 9037K(9088K)->9037K(9088K)
[15679.885s][info][gc             ] GC(34288) Pause Young (Allocation Failure) 499M->418M(502M) 3.043ms
[15679.885s][info][gc,cpu         ] GC(34288) User=0.00s Sys=0.00s Real=0.01s
[15680.300s][info][gc,start       ] GC(34289) Pause Young (Allocation Failure)
[15680.303s][info][gc,heap        ] GC(34289) PSYoungGen: 83392K(84992K)->704K(84992K) Eden: 82944K(82944K)->0K(82944K) From: 448K(2048K)->704K(2048K)
[15680.303s][info][gc,heap        ] GC(34289) ParOldGen: 428607K(429056K)->428743K(429056K)
[15680.303s][info][gc,metaspace   ] GC(34289) Metaspace: 62433K(62656K)->62433K(62656K) NonClass: 53395K(53568K)->53395K(53568K) Class: 9037K(9088K)->9037K(9088K)
[15680.303s][info][gc             ] GC(34289) Pause Young (Allocation Failure) 499M->419M(502M) 3.257ms
[15680.303s][info][gc,cpu         ] GC(34289) User=0.01s Sys=0.00s Real=0.00s
[15680.733s][info][gc,start       ] GC(34290) Pause Young (Allocation Failure)
[15680.737s][info][gc,heap        ] GC(34290) PSYoungGen: 83648K(84992K)->1152K(84992K) Eden: 82944K(82944K)->0K(82944K) From: 704K(2048K)->1152K(2048K)
[15680.737s][info][gc,heap        ] GC(34290) ParOldGen: 428743K(429056K)->428879K(429056K)
[15680.737s][info][gc,metaspace   ] GC(34290) Metaspace: 62433K(62656K)->62433K(62656K) NonClass: 53395K(53568K)->53395K(53568K) Class: 9037K(9088K)->9037K(9088K)
[15680.737s][info][gc             ] GC(34290) Pause Young (Allocation Failure) 500M->419M(502M) 3.527ms
[15680.737s][info][gc,cpu         ] GC(34290) User=0.01s Sys=0.00s Real=0.01s
[15681.161s][info][gc,start       ] GC(34291) Pause Young (Allocation Failure)
[15681.165s][info][gc,heap        ] GC(34291) PSYoungGen: 84096K(84992K)->1600K(84992K) Eden: 82944K(82944K)->0K(82944K) From: 1152K(2048K)->1600K(2048K)
[15681.165s][info][gc,heap        ] GC(34291) ParOldGen: 428879K(429056K)->429015K(429056K)
[15681.165s][info][gc,metaspace   ] GC(34291) Metaspace: 62433K(62656K)->62433K(62656K) NonClass: 53395K(53568K)->53395K(53568K) Class: 9037K(9088K)->9037K(9088K)
[15681.165s][info][gc             ] GC(34291) Pause Young (Allocation Failure) 500M->420M(502M) 3.963ms
[15681.165s][info][gc,cpu         ] GC(34291) User=0.01s Sys=0.00s Real=0.01s
[15681.563s][info][gc,start       ] GC(34292) Pause Young (Allocation Failure)
[15681.567s][info][gc,heap        ] GC(34292) PSYoungGen: 84544K(84992K)->1568K(84992K) Eden: 82944K(82944K)->0K(82944K) From: 1600K(2048K)->1568K(2048K)
[15681.567s][info][gc,heap        ] GC(34292) ParOldGen: 429015K(429056K)->429167K(429568K)
[15681.567s][info][gc,metaspace   ] GC(34292) Metaspace: 62433K(62656K)->62433K(62656K) NonClass: 53395K(53568K)->53395K(53568K) Class: 9037K(9088K)->9037K(9088K)
[15681.567s][info][gc             ] GC(34292) Pause Young (Allocation Failure) 501M->420M(502M) 4.032ms
[15681.567s][info][gc,cpu         ] GC(34292) User=0.01s Sys=0.00s Real=0.01s
[15681.968s][info][gc,start       ] GC(34293) Pause Young (Allocation Failure)
[15681.970s][info][gc,heap        ] GC(34293) PSYoungGen: 84512K(84992K)->256K(84992K) Eden: 82944K(82944K)->0K(82944K) From: 1568K(2048K)->256K(2048K)
[15681.970s][info][gc,heap        ] GC(34293) ParOldGen: 429167K(429568K)->429311K(429568K)
[15681.970s][info][gc,metaspace   ] GC(34293) Metaspace: 62433K(62656K)->62433K(62656K) NonClass: 53395K(53568K)->53395K(53568K) Class: 9037K(9088K)->9037K(9088K)
[15681.970s][info][gc             ] GC(34293) Pause Young (Allocation Failure) 501M->419M(502M) 2.814ms
[15681.970s][info][gc,cpu         ] GC(34293) User=0.00s Sys=0.00s Real=0.00s
[15682.365s][info][gc,start       ] GC(34294) Pause Young (Allocation Failure)
[15682.368s][info][gc,heap        ] GC(34294) PSYoungGen: 83200K(84992K)->256K(84992K) Eden: 82944K(82944K)->0K(82944K) From: 256K(2048K)->256K(2048K)
[15682.368s][info][gc,heap        ] GC(34294) ParOldGen: 429311K(429568K)->429447K(429568K)
[15682.368s][info][gc,metaspace   ] GC(34294) Metaspace: 62433K(62656K)->62433K(62656K) NonClass: 53395K(53568K)->53395K(53568K) Class: 9037K(9088K)->9037K(9088K)
[15682.368s][info][gc             ] GC(34294) Pause Young (Allocation Failure) 500M->419M(502M) 2.754ms
[15682.368s][info][gc,cpu         ] GC(34294) User=0.01s Sys=0.00s Real=0.00s
[15682.827s][info][gc,start       ] GC(34295) Pause Young (Allocation Failure)
[15682.831s][info][gc,heap        ] GC(34295) PSYoungGen: 83200K(84992K)->2016K(82944K) Eden: 82944K(82944K)->0K(80896K) From: 256K(2048K)->2016K(2048K)
[15682.831s][info][gc,heap        ] GC(34295) ParOldGen: 429447K(429568K)->430783K(431104K)
[15682.831s][info][gc,metaspace   ] GC(34295) Metaspace: 62433K(62656K)->62433K(62656K) NonClass: 53395K(53568K)->53395K(53568K) Class: 9037K(9088K)->9037K(9088K)
[15682.832s][info][gc             ] GC(34295) Pause Young (Allocation Failure) 500M->422M(502M) 4.354ms
[15682.832s][info][gc,cpu         ] GC(34295) User=0.00s Sys=0.00s Real=0.00s
[15683.246s][info][gc,start       ] GC(34296) Pause Young (Allocation Failure)
[15683.251s][info][gc,heap        ] GC(34296) PSYoungGen: 82912K(82944K)->1280K(83968K) Eden: 80896K(80896K)->0K(80896K) From: 2016K(2048K)->1280K(3072K)
[15683.251s][info][gc,heap        ] GC(34296) ParOldGen: 430783K(431104K)->432904K(434176K)
[15683.251s][info][gc,metaspace   ] GC(34296) Metaspace: 62433K(62656K)->62433K(62656K) NonClass: 53395K(53568K)->53395K(53568K) Class: 9037K(9088K)->9037K(9088K)
[15683.251s][info][gc             ] GC(34296) Pause Young (Allocation Failure) 501M->424M(506M) 4.709ms
[15683.251s][info][gc,cpu         ] GC(34296) User=0.00s Sys=0.00s Real=0.00s
[15683.683s][info][gc,start       ] GC(34297) Pause Young (Allocation Failure)
[15683.686s][info][gc,heap        ] GC(34297) PSYoungGen: 82176K(83968K)->480K(83968K) Eden: 80896K(80896K)->0K(80896K) From: 1280K(3072K)->480K(3072K)
[15683.686s][info][gc,heap        ] GC(34297) ParOldGen: 432904K(434176K)->433040K(434176K)
[15683.686s][info][gc,metaspace   ] GC(34297) Metaspace: 62433K(62656K)->62433K(62656K) NonClass: 53395K(53568K)->53395K(53568K) Class: 9037K(9088K)->9037K(9088K)
[15683.686s][info][gc             ] GC(34297) Pause Young (Allocation Failure) 503M->423M(506M) 3.006ms
[15683.686s][info][gc,cpu         ] GC(34297) User=0.01s Sys=0.00s Real=0.01s
[15684.081s][info][gc,start       ] GC(34298) Pause Young (Allocation Failure)
[15684.084s][info][gc,heap        ] GC(34298) PSYoungGen: 81376K(83968K)->416K(83968K) Eden: 80896K(80896K)->0K(80896K) From: 480K(3072K)->416K(3072K)
[15684.084s][info][gc,heap        ] GC(34298) ParOldGen: 433040K(434176K)->433176K(434176K)
[15684.084s][info][gc,metaspace   ] GC(34298) Metaspace: 62433K(62656K)->62433K(62656K) NonClass: 53395K(53568K)->53395K(53568K) Class: 9037K(9088K)->9037K(9088K)
[15684.084s][info][gc             ] GC(34298) Pause Young (Allocation Failure) 502M->423M(506M) 2.940ms
[15684.084s][info][gc,cpu         ] GC(34298) User=0.01s Sys=0.00s Real=0.00s
[15684.468s][info][gc,start       ] GC(34299) Pause Young (Allocation Failure)
[15684.471s][info][gc,heap        ] GC(34299) PSYoungGen: 81312K(83968K)->256K(83968K) Eden: 80896K(80896K)->0K(80896K) From: 416K(3072K)->256K(3072K)
[15684.471s][info][gc,heap        ] GC(34299) ParOldGen: 433176K(434176K)->433320K(434176K)
[15684.471s][info][gc,metaspace   ] GC(34299) Metaspace: 62433K(62656K)->62433K(62656K) NonClass: 53395K(53568K)->53395K(53568K) Class: 9037K(9088K)->9037K(9088K)
[15684.471s][info][gc             ] GC(34299) Pause Young (Allocation Failure) 502M->423M(506M) 2.765ms
[15684.471s][info][gc,cpu         ] GC(34299) User=0.00s Sys=0.00s Real=0.00s
[15684.875s][info][gc,start       ] GC(34300) Pause Young (Allocation Failure)
[15684.878s][info][gc,heap        ] GC(34300) PSYoungGen: 81152K(83968K)->384K(83968K) Eden: 80896K(80896K)->0K(80896K) From: 256K(3072K)->384K(3072K)
[15684.878s][info][gc,heap        ] GC(34300) ParOldGen: 433320K(434176K)->433456K(434176K)
[15684.878s][info][gc,metaspace   ] GC(34300) Metaspace: 62433K(62656K)->62433K(62656K) NonClass: 53395K(53568K)->53395K(53568K) Class: 9037K(9088K)->9037K(9088K)
[15684.878s][info][gc             ] GC(34300) Pause Young (Allocation Failure) 502M->423M(506M) 2.886ms
[15684.878s][info][gc,cpu         ] GC(34300) User=0.01s Sys=0.00s Real=0.00s
[15685.300s][info][gc,start       ] GC(34301) Pause Young (Allocation Failure)
[15685.303s][info][gc,heap        ] GC(34301) PSYoungGen: 81280K(83968K)->640K(84480K) Eden: 80896K(80896K)->0K(81920K) From: 384K(3072K)->640K(2560K)
[15685.303s][info][gc,heap        ] GC(34301) ParOldGen: 433456K(434176K)->433600K(434176K)
[15685.303s][info][gc,metaspace   ] GC(34301) Metaspace: 62433K(62656K)->62433K(62656K) NonClass: 53395K(53568K)->53395K(53568K) Class: 9037K(9088K)->9037K(9088K)
[15685.303s][info][gc             ] GC(34301) Pause Young (Allocation Failure) 502M->424M(506M) 3.313ms
[15685.303s][info][gc,cpu         ] GC(34301) User=0.01s Sys=0.00s Real=0.00s
[15685.755s][info][gc,start       ] GC(34302) Pause Young (Allocation Failure)
[15685.759s][info][gc,heap        ] GC(34302) PSYoungGen: 82560K(84480K)->1440K(84480K) Eden: 81920K(81920K)->0K(81920K) From: 640K(2560K)->1440K(2560K)
[15685.759s][info][gc,heap        ] GC(34302) ParOldGen: 433600K(434176K)->433744K(434176K)
[15685.759s][info][gc,metaspace   ] GC(34302) Metaspace: 62433K(62656K)->62433K(62656K) NonClass: 53395K(53568K)->53395K(53568K) Class: 9037K(9088K)->9037K(9088K)
[15685.759s][info][gc             ] GC(34302) Pause Young (Allocation Failure) 504M->424M(506M) 3.935ms
[15685.759s][info][gc,cpu         ] GC(34302) User=0.01s Sys=0.00s Real=0.00s
[15686.171s][info][gc,start       ] GC(34303) Pause Young (Allocation Failure)
[15686.174s][info][gc,heap        ] GC(34303) PSYoungGen: 83360K(84480K)->320K(84480K) Eden: 81920K(81920K)->0K(81920K) From: 1440K(2560K)->320K(2560K)
[15686.174s][info][gc,heap        ] GC(34303) ParOldGen: 433744K(434176K)->433888K(434176K)
[15686.174s][info][gc,metaspace   ] GC(34303) Metaspace: 62433K(62656K)->62433K(62656K) NonClass: 53395K(53568K)->53395K(53568K) Class: 9037K(9088K)->9037K(9088K)
[15686.174s][info][gc             ] GC(34303) Pause Young (Allocation Failure) 504M->424M(506M) 2.984ms
[15686.174s][info][gc,cpu         ] GC(34303) User=0.00s Sys=0.00s Real=0.00s
[15686.594s][info][gc,start       ] GC(34304) Pause Young (Allocation Failure)
[15686.598s][info][gc,heap        ] GC(34304) PSYoungGen: 82240K(84480K)->608K(84480K) Eden: 81920K(81920K)->0K(81920K) From: 320K(2560K)->608K(2560K)
[15686.598s][info][gc,heap        ] GC(34304) ParOldGen: 433888K(434176K)->434040K(434176K)
[15686.598s][info][gc,metaspace   ] GC(34304) Metaspace: 62433K(62656K)->62433K(62656K) NonClass: 53395K(53568K)->53395K(53568K) Class: 9037K(9088K)->9037K(9088K)
[15686.598s][info][gc             ] GC(34304) Pause Young (Allocation Failure) 504M->424M(506M) 3.163ms
[15686.598s][info][gc,cpu         ] GC(34304) User=0.01s Sys=0.00s Real=0.00s
[15689.388s][info][gc,start       ] GC(34305) Pause Young (Allocation Failure)
[15689.392s][info][gc,heap        ] GC(34305) PSYoungGen: 82528K(84480K)->2264K(83456K) Eden: 81920K(81920K)->0K(80896K) From: 608K(2560K)->2264K(2560K)
[15689.392s][info][gc,heap        ] GC(34305) ParOldGen: 434040K(434176K)->434192K(434688K)
[15689.392s][info][gc,metaspace   ] GC(34305) Metaspace: 62490K(62720K)->62490K(62720K) NonClass: 53453K(53632K)->53453K(53632K) Class: 9037K(9088K)->9037K(9088K)
[15689.392s][info][gc             ] GC(34305) Pause Young (Allocation Failure) 504M->426M(506M) 4.450ms
[15689.392s][info][gc,cpu         ] GC(34305) User=0.01s Sys=0.00s Real=0.00s
[15689.818s][info][gc,start       ] GC(34306) Pause Young (Allocation Failure)
[15689.823s][info][gc,heap        ] GC(34306) PSYoungGen: 83160K(83456K)->1632K(83968K) Eden: 80896K(80896K)->0K(80896K) From: 2264K(2560K)->1632K(3072K)
[15689.823s][info][gc,heap        ] GC(34306) ParOldGen: 434192K(434688K)->435532K(435712K)
[15689.823s][info][gc,metaspace   ] GC(34306) Metaspace: 62490K(62720K)->62490K(62720K) NonClass: 53453K(53632K)->53453K(53632K) Class: 9037K(9088K)->9037K(9088K)
[15689.823s][info][gc             ] GC(34306) Pause Young (Allocation Failure) 505M->426M(507M) 4.890ms
[15689.823s][info][gc,cpu         ] GC(34306) User=0.01s Sys=0.00s Real=0.00s
[15690.232s][info][gc,start       ] GC(34307) Pause Young (Allocation Failure)
[15690.235s][info][gc,heap        ] GC(34307) PSYoungGen: 82528K(83968K)->1536K(83968K) Eden: 80896K(80896K)->0K(80896K) From: 1632K(3072K)->1536K(3072K)
[15690.235s][info][gc,heap        ] GC(34307) ParOldGen: 435532K(435712K)->435700K(435712K)
[15690.235s][info][gc,metaspace   ] GC(34307) Metaspace: 62490K(62720K)->62490K(62720K) NonClass: 53453K(53632K)->53453K(53632K) Class: 9037K(9088K)->9037K(9088K)
[15690.235s][info][gc             ] GC(34307) Pause Young (Allocation Failure) 505M->426M(507M) 3.445ms
[15690.235s][info][gc,cpu         ] GC(34307) User=0.01s Sys=0.00s Real=0.01s
[15690.664s][info][gc,start       ] GC(34308) Pause Young (Allocation Failure)
[15690.667s][info][gc,heap        ] GC(34308) PSYoungGen: 82432K(83968K)->2720K(83968K) Eden: 80896K(80896K)->0K(80896K) From: 1536K(3072K)->2720K(3072K)
[15690.667s][info][gc,heap        ] GC(34308) ParOldGen: 435700K(435712K)->435796K(436224K)
[15690.667s][info][gc,metaspace   ] GC(34308) Metaspace: 62490K(62720K)->62490K(62720K) NonClass: 53453K(53632K)->53453K(53632K) Class: 9037K(9088K)->9037K(9088K)
[15690.667s][info][gc             ] GC(34308) Pause Young (Allocation Failure) 505M->428M(508M) 3.005ms
[15690.667s][info][gc,cpu         ] GC(34308) User=0.01s Sys=0.00s Real=0.01s
[15691.124s][info][gc,start       ] GC(34309) Pause Young (Allocation Failure)
[15691.128s][info][gc,heap        ] GC(34309) PSYoungGen: 83616K(83968K)->1344K(83968K) Eden: 80896K(80896K)->0K(80896K) From: 2720K(3072K)->1344K(3072K)
[15691.128s][info][gc,heap        ] GC(34309) ParOldGen: 435796K(436224K)->437932K(439296K)
[15691.128s][info][gc,metaspace   ] GC(34309) Metaspace: 62490K(62720K)->62490K(62720K) NonClass: 53453K(53632K)->53453K(53632K) Class: 9037K(9088K)->9037K(9088K)
[15691.128s][info][gc             ] GC(34309) Pause Young (Allocation Failure) 507M->428M(511M) 4.590ms
[15691.128s][info][gc,cpu         ] GC(34309) User=0.00s Sys=0.00s Real=0.01s
[15691.532s][info][gc,start       ] GC(34310) Pause Young (Allocation Failure)
[15691.535s][info][gc,heap        ] GC(34310) PSYoungGen: 82240K(83968K)->1888K(82944K) Eden: 80896K(80896K)->0K(80896K) From: 1344K(3072K)->1888K(2048K)
[15691.535s][info][gc,heap        ] GC(34310) ParOldGen: 437932K(439296K)->438012K(439296K)
[15691.535s][info][gc,metaspace   ] GC(34310) Metaspace: 62490K(62720K)->62490K(62720K) NonClass: 53453K(53632K)->53453K(53632K) Class: 9037K(9088K)->9037K(9088K)
[15691.535s][info][gc             ] GC(34310) Pause Young (Allocation Failure) 507M->429M(510M) 3.590ms
[15691.535s][info][gc,cpu         ] GC(34310) User=0.01s Sys=0.00s Real=0.01s
[15691.962s][info][gc,start       ] GC(34311) Pause Young (Allocation Failure)
[15691.964s][info][gc,heap        ] GC(34311) PSYoungGen: 82784K(82944K)->672K(83968K) Eden: 80896K(80896K)->0K(80384K) From: 1888K(2048K)->672K(3584K)
[15691.964s][info][gc,heap        ] GC(34311) ParOldGen: 438012K(439296K)->438084K(439296K)
[15691.964s][info][gc,metaspace   ] GC(34311) Metaspace: 62490K(62720K)->62490K(62720K) NonClass: 53453K(53632K)->53453K(53632K) Class: 9037K(9088K)->9037K(9088K)
[15691.964s][info][gc             ] GC(34311) Pause Young (Allocation Failure) 508M->428M(511M) 2.542ms
[15691.964s][info][gc,cpu         ] GC(34311) User=0.01s Sys=0.00s Real=0.01s
[15692.385s][info][gc,start       ] GC(34312) Pause Young (Allocation Failure)
[15692.387s][info][gc,heap        ] GC(34312) PSYoungGen: 81056K(83968K)->896K(83456K) Eden: 80384K(80384K)->0K(80384K) From: 672K(3584K)->896K(3072K)
[15692.387s][info][gc,heap        ] GC(34312) ParOldGen: 438084K(439296K)->438156K(439296K)
[15692.388s][info][gc,metaspace   ] GC(34312) Metaspace: 62490K(62720K)->62490K(62720K) NonClass: 53453K(53632K)->53453K(53632K) Class: 9037K(9088K)->9037K(9088K)
[15692.388s][info][gc             ] GC(34312) Pause Young (Allocation Failure) 506M->428M(510M) 2.710ms
[15692.388s][info][gc,cpu         ] GC(34312) User=0.01s Sys=0.00s Real=0.00s
[15692.865s][info][gc,start       ] GC(34313) Pause Young (Allocation Failure)
[15692.868s][info][gc,heap        ] GC(34313) PSYoungGen: 81280K(83456K)->752K(83968K) Eden: 80384K(80384K)->0K(80896K) From: 896K(3072K)->752K(3072K)
[15692.868s][info][gc,heap        ] GC(34313) ParOldGen: 438156K(439296K)->438220K(439296K)
[15692.868s][info][gc,metaspace   ] GC(34313) Metaspace: 62490K(62720K)->62490K(62720K) NonClass: 53453K(53632K)->53453K(53632K) Class: 9037K(9088K)->9037K(9088K)
[15692.868s][info][gc             ] GC(34313) Pause Young (Allocation Failure) 507M->428M(511M) 2.554ms
[15692.868s][info][gc,cpu         ] GC(34313) User=0.00s Sys=0.00s Real=0.00s
[15693.272s][info][gc,start       ] GC(34314) Pause Young (Allocation Failure)
[15693.274s][info][gc,heap        ] GC(34314) PSYoungGen: 81648K(83968K)->880K(83968K) Eden: 80896K(80896K)->0K(80896K) From: 752K(3072K)->880K(3072K)
[15693.274s][info][gc,heap        ] GC(34314) ParOldGen: 438220K(439296K)->438372K(439296K)
[15693.274s][info][gc,metaspace   ] GC(34314) Metaspace: 62490K(62720K)->62490K(62720K) NonClass: 53453K(53632K)->53453K(53632K) Class: 9037K(9088K)->9037K(9088K)
[15693.275s][info][gc             ] GC(34314) Pause Young (Allocation Failure) 507M->428M(511M) 2.847ms
[15693.275s][info][gc,cpu         ] GC(34314) User=0.00s Sys=0.01s Real=0.01s
[15693.664s][info][gc,start       ] GC(34315) Pause Young (Allocation Failure)
[15693.667s][info][gc,heap        ] GC(34315) PSYoungGen: 81776K(83968K)->672K(83968K) Eden: 80896K(80896K)->0K(80896K) From: 880K(3072K)->672K(3072K)
[15693.667s][info][gc,heap        ] GC(34315) ParOldGen: 438372K(439296K)->438484K(439296K)
[15693.667s][info][gc,metaspace   ] GC(34315) Metaspace: 62490K(62720K)->62490K(62720K) NonClass: 53453K(53632K)->53453K(53632K) Class: 9037K(9088K)->9037K(9088K)
[15693.667s][info][gc             ] GC(34315) Pause Young (Allocation Failure) 507M->428M(511M) 2.702ms
[15693.667s][info][gc,cpu         ] GC(34315) User=0.01s Sys=0.00s Real=0.00s
[15694.106s][info][gc,start       ] GC(34316) Pause Young (Allocation Failure)
[15694.110s][info][gc,heap        ] GC(34316) PSYoungGen: 81568K(83968K)->1408K(83968K) Eden: 80896K(80896K)->0K(80896K) From: 672K(3072K)->1408K(3072K)
[15694.110s][info][gc,heap        ] GC(34316) ParOldGen: 438484K(439296K)->438548K(439296K)
[15694.110s][info][gc,metaspace   ] GC(34316) Metaspace: 62490K(62720K)->62490K(62720K) NonClass: 53453K(53632K)->53453K(53632K) Class: 9037K(9088K)->9037K(9088K)
[15694.110s][info][gc             ] GC(34316) Pause Young (Allocation Failure) 507M->429M(511M) 3.293ms
[15694.110s][info][gc,cpu         ] GC(34316) User=0.00s Sys=0.00s Real=0.00s
[15694.549s][info][gc,start       ] GC(34317) Pause Young (Allocation Failure)
[15694.551s][info][gc,heap        ] GC(34317) PSYoungGen: 82304K(83968K)->448K(84480K) Eden: 80896K(80896K)->0K(81408K) From: 1408K(3072K)->448K(3072K)
[15694.551s][info][gc,heap        ] GC(34317) ParOldGen: 438548K(439296K)->438612K(439296K)
[15694.552s][info][gc,metaspace   ] GC(34317) Metaspace: 62490K(62720K)->62490K(62720K) NonClass: 53453K(53632K)->53453K(53632K) Class: 9037K(9088K)->9037K(9088K)
[15694.552s][info][gc             ] GC(34317) Pause Young (Allocation Failure) 508M->428M(511M) 2.425ms
[15694.552s][info][gc,cpu         ] GC(34317) User=0.00s Sys=0.00s Real=0.00s
[15694.976s][info][gc,start       ] GC(34318) Pause Young (Allocation Failure)
[15694.979s][info][gc,heap        ] GC(34318) PSYoungGen: 81856K(84480K)->2528K(83968K) Eden: 81408K(81408K)->0K(81408K) From: 448K(3072K)->2528K(2560K)
[15694.979s][info][gc,heap        ] GC(34318) ParOldGen: 438612K(439296K)->439084K(439296K)
[15694.979s][info][gc,metaspace   ] GC(34318) Metaspace: 62490K(62720K)->62490K(62720K) NonClass: 53453K(53632K)->53453K(53632K) Class: 9037K(9088K)->9037K(9088K)
[15694.979s][info][gc             ] GC(34318) Pause Young (Allocation Failure) 508M->431M(511M) 3.269ms
[15694.979s][info][gc,cpu         ] GC(34318) User=0.01s Sys=0.00s Real=0.00s
[15695.383s][info][gc,start       ] GC(34319) Pause Young (Allocation Failure)
[15695.387s][info][gc,heap        ] GC(34319) PSYoungGen: 83936K(83968K)->960K(83968K) Eden: 81408K(81408K)->0K(80896K) From: 2528K(2560K)->960K(3072K)
[15695.387s][info][gc,heap        ] GC(34319) ParOldGen: 439084K(439296K)->441180K(442368K)
[15695.387s][info][gc,metaspace   ] GC(34319) Metaspace: 62490K(62720K)->62490K(62720K) NonClass: 53453K(53632K)->53453K(53632K) Class: 9037K(9088K)->9037K(9088K)
[15695.387s][info][gc             ] GC(34319) Pause Young (Allocation Failure) 510M->431M(514M) 4.041ms
[15695.387s][info][gc,cpu         ] GC(34319) User=0.00s Sys=0.01s Real=0.01s
[15695.782s][info][gc,start       ] GC(34320) Pause Young (Allocation Failure)
[15695.785s][info][gc,heap        ] GC(34320) PSYoungGen: 81856K(83968K)->1088K(83968K) Eden: 80896K(80896K)->0K(80896K) From: 960K(3072K)->1088K(3072K)
[15695.785s][info][gc,heap        ] GC(34320) ParOldGen: 441180K(442368K)->441236K(442368K)
[15695.785s][info][gc,metaspace   ] GC(34320) Metaspace: 62490K(62720K)->62490K(62720K) NonClass: 53453K(53632K)->53453K(53632K) Class: 9037K(9088K)->9037K(9088K)
[15695.785s][info][gc             ] GC(34320) Pause Young (Allocation Failure) 510M->431M(514M) 2.932ms
[15695.785s][info][gc,cpu         ] GC(34320) User=0.00s Sys=0.00s Real=0.01s
[15696.184s][info][gc,start       ] GC(34321) Pause Young (Allocation Failure)
[15696.187s][info][gc,heap        ] GC(34321) PSYoungGen: 81984K(83968K)->992K(83968K) Eden: 80896K(80896K)->0K(80896K) From: 1088K(3072K)->992K(3072K)
[15696.187s][info][gc,heap        ] GC(34321) ParOldGen: 441236K(442368K)->441292K(442368K)
[15696.187s][info][gc,metaspace   ] GC(34321) Metaspace: 62490K(62720K)->62490K(62720K) NonClass: 53453K(53632K)->53453K(53632K) Class: 9037K(9088K)->9037K(9088K)
[15696.187s][info][gc             ] GC(34321) Pause Young (Allocation Failure) 510M->431M(514M) 2.849ms
[15696.187s][info][gc,cpu         ] GC(34321) User=0.01s Sys=0.00s Real=0.00s
[15696.586s][info][gc,start       ] GC(34322) Pause Young (Allocation Failure)
[15696.588s][info][gc,heap        ] GC(34322) PSYoungGen: 81888K(83968K)->1056K(83968K) Eden: 80896K(80896K)->0K(80896K) From: 992K(3072K)->1056K(3072K)
[15696.588s][info][gc,heap        ] GC(34322) ParOldGen: 441292K(442368K)->441348K(442368K)
[15696.588s][info][gc,metaspace   ] GC(34322) Metaspace: 62490K(62720K)->62490K(62720K) NonClass: 53453K(53632K)->53453K(53632K) Class: 9037K(9088K)->9037K(9088K)
[15696.588s][info][gc             ] GC(34322) Pause Young (Allocation Failure) 510M->432M(514M) 2.923ms
[15696.588s][info][gc,cpu         ] GC(34322) User=0.01s Sys=0.00s Real=0.00s
[15696.988s][info][gc,start       ] GC(34323) Pause Young (Allocation Failure)
[15696.990s][info][gc,heap        ] GC(34323) PSYoungGen: 81952K(83968K)->1088K(84480K) Eden: 80896K(80896K)->0K(81408K) From: 1056K(3072K)->1088K(3072K)
[15696.990s][info][gc,heap        ] GC(34323) ParOldGen: 441348K(442368K)->441412K(442368K)
[15696.990s][info][gc,metaspace   ] GC(34323) Metaspace: 62490K(62720K)->62490K(62720K) NonClass: 53453K(53632K)->53453K(53632K) Class: 9037K(9088K)->9037K(9088K)
[15696.991s][info][gc             ] GC(34323) Pause Young (Allocation Failure) 511M->432M(514M) 2.967ms
[15696.991s][info][gc,cpu         ] GC(34323) User=0.00s Sys=0.00s Real=0.00s
[15697.424s][info][gc,start       ] GC(34324) Pause Young (Allocation Failure)
[15697.427s][info][gc,heap        ] GC(34324) PSYoungGen: 82496K(84480K)->1376K(83968K) Eden: 81408K(81408K)->0K(81408K) From: 1088K(3072K)->1376K(2560K)
[15697.427s][info][gc,heap        ] GC(34324) ParOldGen: 441412K(442368K)->441468K(442368K)
[15697.427s][info][gc,metaspace   ] GC(34324) Metaspace: 62490K(62720K)->62490K(62720K) NonClass: 53453K(53632K)->53453K(53632K) Class: 9037K(9088K)->9037K(9088K)
[15697.427s][info][gc             ] GC(34324) Pause Young (Allocation Failure) 511M->432M(514M) 3.288ms
[15697.427s][info][gc,cpu         ] GC(34324) User=0.00s Sys=0.00s Real=0.01s
[15697.837s][info][gc,start       ] GC(34325) Pause Young (Allocation Failure)
[15697.839s][info][gc,heap        ] GC(34325) PSYoungGen: 82784K(83968K)->256K(84480K) Eden: 81408K(81408K)->0K(81920K) From: 1376K(2560K)->256K(2560K)
[15697.839s][info][gc,heap        ] GC(34325) ParOldGen: 441468K(442368K)->441524K(442368K)
[15697.839s][info][gc,metaspace   ] GC(34325) Metaspace: 62490K(62720K)->62490K(62720K) NonClass: 53453K(53632K)->53453K(53632K) Class: 9037K(9088K)->9037K(9088K)
[15697.839s][info][gc             ] GC(34325) Pause Young (Allocation Failure) 511M->431M(514M) 2.302ms
[15697.839s][info][gc,cpu         ] GC(34325) User=0.01s Sys=0.00s Real=0.00s
[15698.295s][info][gc,start       ] GC(34326) Pause Young (Allocation Failure)
[15698.298s][info][gc,heap        ] GC(34326) PSYoungGen: 82176K(84480K)->1056K(84480K) Eden: 81920K(81920K)->0K(81920K) From: 256K(2560K)->1056K(2560K)
[15698.298s][info][gc,heap        ] GC(34326) ParOldGen: 441524K(442368K)->441580K(442368K)
[15698.298s][info][gc,metaspace   ] GC(34326) Metaspace: 62490K(62720K)->62490K(62720K) NonClass: 53453K(53632K)->53453K(53632K) Class: 9037K(9088K)->9037K(9088K)
[15698.298s][info][gc             ] GC(34326) Pause Young (Allocation Failure) 511M->432M(514M) 2.976ms
[15698.298s][info][gc,cpu         ] GC(34326) User=0.01s Sys=0.00s Real=0.00s
[15698.686s][info][gc,start       ] GC(34327) Pause Young (Allocation Failure)
[15698.688s][info][gc,heap        ] GC(34327) PSYoungGen: 82976K(84480K)->1056K(84480K) Eden: 81920K(81920K)->0K(81920K) From: 1056K(2560K)->1056K(2560K)
[15698.689s][info][gc,heap        ] GC(34327) ParOldGen: 441580K(442368K)->441628K(442368K)
[15698.689s][info][gc,metaspace   ] GC(34327) Metaspace: 62490K(62720K)->62490K(62720K) NonClass: 53453K(53632K)->53453K(53632K) Class: 9037K(9088K)->9037K(9088K)
[15698.689s][info][gc             ] GC(34327) Pause Young (Allocation Failure) 512M->432M(514M) 2.878ms
[15698.689s][info][gc,cpu         ] GC(34327) User=0.00s Sys=0.00s Real=0.00s
[15699.121s][info][gc,start       ] GC(34328) Pause Young (Allocation Failure)
[15699.125s][info][gc,heap        ] GC(34328) PSYoungGen: 82976K(84480K)->1504K(84480K) Eden: 81920K(81920K)->0K(81920K) From: 1056K(2560K)->1504K(2560K)
[15699.125s][info][gc,heap        ] GC(34328) ParOldGen: 441628K(442368K)->441684K(442368K)
[15699.125s][info][gc,metaspace   ] GC(34328) Metaspace: 62490K(62720K)->62490K(62720K) NonClass: 53453K(53632K)->53453K(53632K) Class: 9037K(9088K)->9037K(9088K)
[15699.125s][info][gc             ] GC(34328) Pause Young (Allocation Failure) 512M->432M(514M) 3.462ms
[15699.125s][info][gc,cpu         ] GC(34328) User=0.01s Sys=0.00s Real=0.01s
[15699.568s][info][gc,start       ] GC(34329) Pause Young (Allocation Failure)
[15699.571s][info][gc,heap        ] GC(34329) PSYoungGen: 83424K(84480K)->2528K(83456K) Eden: 81920K(81920K)->0K(80896K) From: 1504K(2560K)->2528K(2560K)
[15699.571s][info][gc,heap        ] GC(34329) ParOldGen: 441684K(442368K)->441916K(442368K)
[15699.571s][info][gc,metaspace   ] GC(34329) Metaspace: 62490K(62720K)->62490K(62720K) NonClass: 53453K(53632K)->53453K(53632K) Class: 9037K(9088K)->9037K(9088K)
[15699.571s][info][gc             ] GC(34329) Pause Young (Allocation Failure) 512M->434M(513M) 2.996ms
[15699.571s][info][gc,cpu         ] GC(34329) User=0.01s Sys=0.00s Real=0.00s
[15700.016s][info][gc,start       ] GC(34330) Pause Young (Allocation Failure)
[15700.020s][info][gc,heap        ] GC(34330) PSYoungGen: 83424K(83456K)->1344K(83968K) Eden: 80896K(80896K)->0K(80896K) From: 2528K(2560K)->1344K(3072K)
[15700.020s][info][gc,heap        ] GC(34330) ParOldGen: 441916K(442368K)->444012K(445440K)
[15700.020s][info][gc,metaspace   ] GC(34330) Metaspace: 62490K(62720K)->62490K(62720K) NonClass: 53453K(53632K)->53453K(53632K) Class: 9037K(9088K)->9037K(9088K)
[15700.020s][info][gc             ] GC(34330) Pause Young (Allocation Failure) 513M->434M(517M) 4.274ms
[15700.020s][info][gc,cpu         ] GC(34330) User=0.00s Sys=0.00s Real=0.00s
[15700.501s][info][gc,start       ] GC(34331) Pause Young (Allocation Failure)
[15700.504s][info][gc,heap        ] GC(34331) PSYoungGen: 82240K(83968K)->1376K(84480K) Eden: 80896K(80896K)->0K(81408K) From: 1344K(3072K)->1376K(3072K)
[15700.504s][info][gc,heap        ] GC(34331) ParOldGen: 444012K(445440K)->444068K(445440K)
[15700.504s][info][gc,metaspace   ] GC(34331) Metaspace: 62490K(62720K)->62490K(62720K) NonClass: 53453K(53632K)->53453K(53632K) Class: 9037K(9088K)->9037K(9088K)
[15700.504s][info][gc             ] GC(34331) Pause Young (Allocation Failure) 513M->435M(517M) 3.121ms
[15700.504s][info][gc,cpu         ] GC(34331) User=0.01s Sys=0.00s Real=0.00s
[15700.903s][info][gc,start       ] GC(34332) Pause Young (Allocation Failure)
[15700.906s][info][gc,heap        ] GC(34332) PSYoungGen: 82784K(84480K)->1408K(83968K) Eden: 81408K(81408K)->0K(81408K) From: 1376K(3072K)->1408K(2560K)
[15700.906s][info][gc,heap        ] GC(34332) ParOldGen: 444068K(445440K)->444164K(445440K)
[15700.906s][info][gc,metaspace   ] GC(34332) Metaspace: 62490K(62720K)->62490K(62720K) NonClass: 53453K(53632K)->53453K(53632K) Class: 9037K(9088K)->9037K(9088K)
[15700.906s][info][gc             ] GC(34332) Pause Young (Allocation Failure) 514M->435M(517M) 3.183ms
[15700.906s][info][gc,cpu         ] GC(34332) User=0.00s Sys=0.00s Real=0.01s
[15701.362s][info][gc,start       ] GC(34333) Pause Young (Allocation Failure)
[15701.365s][info][gc,heap        ] GC(34333) PSYoungGen: 82816K(83968K)->608K(84480K) Eden: 81408K(81408K)->0K(81920K) From: 1408K(2560K)->608K(2560K)
[15701.365s][info][gc,heap        ] GC(34333) ParOldGen: 444164K(445440K)->444220K(445440K)
[15701.365s][info][gc,metaspace   ] GC(34333) Metaspace: 62490K(62720K)->62490K(62720K) NonClass: 53453K(53632K)->53453K(53632K) Class: 9037K(9088K)->9037K(9088K)
[15701.365s][info][gc             ] GC(34333) Pause Young (Allocation Failure) 514M->434M(517M) 2.518ms
[15701.365s][info][gc,cpu         ] GC(34333) User=0.01s Sys=0.00s Real=0.01s
[15701.789s][info][gc,start       ] GC(34334) Pause Young (Allocation Failure)
[15701.792s][info][gc,heap        ] GC(34334) PSYoungGen: 82528K(84480K)->1056K(84480K) Eden: 81920K(81920K)->0K(81920K) From: 608K(2560K)->1056K(2560K)
[15701.792s][info][gc,heap        ] GC(34334) ParOldGen: 444220K(445440K)->444276K(445440K)
[15701.792s][info][gc,metaspace   ] GC(34334) Metaspace: 62490K(62720K)->62490K(62720K) NonClass: 53453K(53632K)->53453K(53632K) Class: 9037K(9088K)->9037K(9088K)
[15701.792s][info][gc             ] GC(34334) Pause Young (Allocation Failure) 514M->434M(517M) 2.985ms
[15701.792s][info][gc,cpu         ] GC(34334) User=0.01s Sys=0.00s Real=0.00s
[15702.187s][info][gc,start       ] GC(34335) Pause Young (Allocation Failure)
[15702.189s][info][gc,heap        ] GC(34335) PSYoungGen: 82976K(84480K)->1152K(84480K) Eden: 81920K(81920K)->0K(81920K) From: 1056K(2560K)->1152K(2560K)
[15702.189s][info][gc,heap        ] GC(34335) ParOldGen: 444276K(445440K)->444332K(445440K)
[15702.189s][info][gc,metaspace   ] GC(34335) Metaspace: 62490K(62720K)->62490K(62720K) NonClass: 53453K(53632K)->53453K(53632K) Class: 9037K(9088K)->9037K(9088K)
[15702.190s][info][gc             ] GC(34335) Pause Young (Allocation Failure) 514M->435M(517M) 2.947ms
[15702.190s][info][gc,cpu         ] GC(34335) User=0.00s Sys=0.00s Real=0.00s
[15702.590s][info][gc,start       ] GC(34336) Pause Young (Allocation Failure)
[15702.593s][info][gc,heap        ] GC(34336) PSYoungGen: 83072K(84480K)->1088K(84480K) Eden: 81920K(81920K)->0K(81920K) From: 1152K(2560K)->1088K(2560K)
[15702.593s][info][gc,heap        ] GC(34336) ParOldGen: 444332K(445440K)->444380K(445440K)
[15702.593s][info][gc,metaspace   ] GC(34336) Metaspace: 62490K(62720K)->62490K(62720K) NonClass: 53453K(53632K)->53453K(53632K) Class: 9037K(9088K)->9037K(9088K)
[15702.593s][info][gc             ] GC(34336) Pause Young (Allocation Failure) 515M->435M(517M) 2.965ms
[15702.593s][info][gc,cpu         ] GC(34336) User=0.00s Sys=0.00s Real=0.00s
[15702.998s][info][gc,start       ] GC(34337) Pause Young (Allocation Failure)
[15703.001s][info][gc,heap        ] GC(34337) PSYoungGen: 83008K(84480K)->1248K(84480K) Eden: 81920K(81920K)->0K(81920K) From: 1088K(2560K)->1248K(2560K)
[15703.001s][info][gc,heap        ] GC(34337) ParOldGen: 444380K(445440K)->444436K(445440K)
[15703.001s][info][gc,metaspace   ] GC(34337) Metaspace: 62490K(62720K)->62490K(62720K) NonClass: 53453K(53632K)->53453K(53632K) Class: 9037K(9088K)->9037K(9088K)
[15703.001s][info][gc             ] GC(34337) Pause Young (Allocation Failure) 515M->435M(517M) 3.064ms
[15703.001s][info][gc,cpu         ] GC(34337) User=0.01s Sys=0.00s Real=0.00s
[15703.397s][info][gc,start       ] GC(34338) Pause Young (Allocation Failure)
[15703.400s][info][gc,heap        ] GC(34338) PSYoungGen: 83168K(84480K)->1248K(84480K) Eden: 81920K(81920K)->0K(81920K) From: 1248K(2560K)->1248K(2560K)
[15703.400s][info][gc,heap        ] GC(34338) ParOldGen: 444436K(445440K)->444484K(445440K)
[15703.400s][info][gc,metaspace   ] GC(34338) Metaspace: 62490K(62720K)->62490K(62720K) NonClass: 53453K(53632K)->53453K(53632K) Class: 9037K(9088K)->9037K(9088K)
[15703.400s][info][gc             ] GC(34338) Pause Young (Allocation Failure) 515M->435M(517M) 3.113ms
[15703.400s][info][gc,cpu         ] GC(34338) User=0.01s Sys=0.00s Real=0.00s
[15703.799s][info][gc,start       ] GC(34339) Pause Young (Allocation Failure)
[15703.803s][info][gc,heap        ] GC(34339) PSYoungGen: 83168K(84480K)->2016K(82944K) Eden: 81920K(81920K)->0K(80896K) From: 1248K(2560K)->2016K(2048K)
[15703.803s][info][gc,heap        ] GC(34339) ParOldGen: 444484K(445440K)->445796K(446976K)
[15703.803s][info][gc,metaspace   ] GC(34339) Metaspace: 62490K(62720K)->62490K(62720K) NonClass: 53453K(53632K)->53453K(53632K) Class: 9037K(9088K)->9037K(9088K)
[15703.803s][info][gc             ] GC(34339) Pause Young (Allocation Failure) 515M->437M(517M) 3.948ms
[15703.803s][info][gc,cpu         ] GC(34339) User=0.01s Sys=0.00s Real=0.00s
[15704.213s][info][gc,start       ] GC(34340) Pause Young (Allocation Failure)
[15704.217s][info][gc,heap        ] GC(34340) PSYoungGen: 82912K(82944K)->1248K(83968K) Eden: 80896K(80896K)->0K(80896K) From: 2016K(2048K)->1248K(3072K)
[15704.217s][info][gc,heap        ] GC(34340) ParOldGen: 445796K(446976K)->447892K(448512K)
[15704.217s][info][gc,metaspace   ] GC(34340) Metaspace: 62490K(62720K)->62490K(62720K) NonClass: 53453K(53632K)->53453K(53632K) Class: 9037K(9088K)->9037K(9088K)
[15704.217s][info][gc             ] GC(34340) Pause Young (Allocation Failure) 516M->438M(520M) 4.264ms
[15704.217s][info][gc,cpu         ] GC(34340) User=0.01s Sys=0.00s Real=0.01s
[15704.606s][info][gc,start       ] GC(34341) Pause Young (Allocation Failure)
[15704.609s][info][gc,heap        ] GC(34341) PSYoungGen: 82144K(83968K)->1472K(84480K) Eden: 80896K(80896K)->0K(81408K) From: 1248K(3072K)->1472K(3072K)
[15704.609s][info][gc,heap        ] GC(34341) ParOldGen: 447892K(448512K)->447948K(448512K)
[15704.609s][info][gc,metaspace   ] GC(34341) Metaspace: 62490K(62720K)->62490K(62720K) NonClass: 53453K(53632K)->53453K(53632K) Class: 9037K(9088K)->9037K(9088K)
[15704.609s][info][gc             ] GC(34341) Pause Young (Allocation Failure) 517M->438M(520M) 3.296ms
[15704.609s][info][gc,cpu         ] GC(34341) User=0.00s Sys=0.00s Real=0.00s
[15705.026s][info][gc,start       ] GC(34342) Pause Young (Allocation Failure)
[15705.029s][info][gc,heap        ] GC(34342) PSYoungGen: 82880K(84480K)->1632K(83968K) Eden: 81408K(81408K)->0K(81408K) From: 1472K(3072K)->1632K(2560K)
[15705.029s][info][gc,heap        ] GC(34342) ParOldGen: 447948K(448512K)->448004K(448512K)
[15705.029s][info][gc,metaspace   ] GC(34342) Metaspace: 62490K(62720K)->62490K(62720K) NonClass: 53453K(53632K)->53453K(53632K) Class: 9037K(9088K)->9037K(9088K)
[15705.029s][info][gc             ] GC(34342) Pause Young (Allocation Failure) 518M->439M(520M) 3.629ms
[15705.029s][info][gc,cpu         ] GC(34342) User=0.01s Sys=0.00s Real=0.00s
[15705.486s][info][gc,start       ] GC(34343) Pause Young (Allocation Failure)
[15705.489s][info][gc,heap        ] GC(34343) PSYoungGen: 83040K(83968K)->1088K(84480K) Eden: 81408K(81408K)->0K(81920K) From: 1632K(2560K)->1088K(2560K)
[15705.489s][info][gc,heap        ] GC(34343) ParOldGen: 448004K(448512K)->448060K(448512K)
[15705.489s][info][gc,metaspace   ] GC(34343) Metaspace: 62490K(62720K)->62490K(62720K) NonClass: 53453K(53632K)->53453K(53632K) Class: 9037K(9088K)->9037K(9088K)
[15705.489s][info][gc             ] GC(34343) Pause Young (Allocation Failure) 518M->438M(520M) 2.818ms
[15705.489s][info][gc,cpu         ] GC(34343) User=0.00s Sys=0.00s Real=0.00s
[15705.888s][info][gc,start       ] GC(34344) Pause Young (Allocation Failure)
[15705.891s][info][gc,heap        ] GC(34344) PSYoungGen: 83008K(84480K)->1152K(84480K) Eden: 81920K(81920K)->0K(81920K) From: 1088K(2560K)->1152K(2560K)
[15705.891s][info][gc,heap        ] GC(34344) ParOldGen: 448060K(448512K)->448108K(448512K)
[15705.891s][info][gc,metaspace   ] GC(34344) Metaspace: 62490K(62720K)->62490K(62720K) NonClass: 53453K(53632K)->53453K(53632K) Class: 9037K(9088K)->9037K(9088K)
[15705.891s][info][gc             ] GC(34344) Pause Young (Allocation Failure) 518M->438M(520M) 2.960ms
[15705.891s][info][gc,cpu         ] GC(34344) User=0.01s Sys=0.00s Real=0.00s
[15706.257s][info][gc,start       ] GC(34345) Pause Young (Allocation Failure)
[15706.260s][info][gc,heap        ] GC(34345) PSYoungGen: 83072K(84480K)->608K(84480K) Eden: 81920K(81920K)->0K(81920K) From: 1152K(2560K)->608K(2560K)
[15706.260s][info][gc,heap        ] GC(34345) ParOldGen: 448108K(448512K)->448164K(448512K)
[15706.260s][info][gc,metaspace   ] GC(34345) Metaspace: 62490K(62720K)->62490K(62720K) NonClass: 53453K(53632K)->53453K(53632K) Class: 9037K(9088K)->9037K(9088K)
[15706.260s][info][gc             ] GC(34345) Pause Young (Allocation Failure) 518M->438M(520M) 2.493ms
[15706.260s][info][gc,cpu         ] GC(34345) User=0.01s Sys=0.00s Real=0.00s
[15706.659s][info][gc,start       ] GC(34346) Pause Young (Allocation Failure)
[15706.661s][info][gc,heap        ] GC(34346) PSYoungGen: 82528K(84480K)->640K(84480K) Eden: 81920K(81920K)->0K(81920K) From: 608K(2560K)->640K(2560K)
[15706.661s][info][gc,heap        ] GC(34346) ParOldGen: 448164K(448512K)->448220K(448512K)
[15706.661s][info][gc,metaspace   ] GC(34346) Metaspace: 62490K(62720K)->62490K(62720K) NonClass: 53453K(53632K)->53453K(53632K) Class: 9037K(9088K)->9037K(9088K)
[15706.661s][info][gc             ] GC(34346) Pause Young (Allocation Failure) 518M->438M(520M) 2.471ms
[15706.661s][info][gc,cpu         ] GC(34346) User=0.00s Sys=0.00s Real=0.00s
[15707.150s][info][gc,start       ] GC(34347) Pause Young (Allocation Failure)
[15707.153s][info][gc,heap        ] GC(34347) PSYoungGen: 82560K(84480K)->384K(84480K) Eden: 81920K(81920K)->0K(81920K) From: 640K(2560K)->384K(2560K)
[15707.153s][info][gc,heap        ] GC(34347) ParOldGen: 448220K(448512K)->448276K(448512K)
[15707.153s][info][gc,metaspace   ] GC(34347) Metaspace: 62490K(62720K)->62490K(62720K) NonClass: 53453K(53632K)->53453K(53632K) Class: 9037K(9088K)->9037K(9088K)
[15707.153s][info][gc             ] GC(34347) Pause Young (Allocation Failure) 518M->438M(520M) 3.183ms
[15707.153s][info][gc,cpu         ] GC(34347) User=0.01s Sys=0.00s Real=0.00s
[15707.615s][info][gc,start       ] GC(34348) Pause Young (Allocation Failure)
[15707.619s][info][gc,heap        ] GC(34348) PSYoungGen: 82304K(84480K)->1696K(84480K) Eden: 81920K(81920K)->0K(81920K) From: 384K(2560K)->1696K(2560K)
[15707.619s][info][gc,heap        ] GC(34348) ParOldGen: 448276K(448512K)->448380K(448512K)
[15707.619s][info][gc,metaspace   ] GC(34348) Metaspace: 62490K(62720K)->62490K(62720K) NonClass: 53453K(53632K)->53453K(53632K) Class: 9037K(9088K)->9037K(9088K)
[15707.619s][info][gc             ] GC(34348) Pause Young (Allocation Failure) 518M->439M(520M) 3.524ms
[15707.619s][info][gc,cpu         ] GC(34348) User=0.00s Sys=0.00s Real=0.00s
[15708.065s][info][gc,start       ] GC(34349) Pause Young (Allocation Failure)
[15708.068s][info][gc,heap        ] GC(34349) PSYoungGen: 83616K(84480K)->704K(84480K) Eden: 81920K(81920K)->0K(81920K) From: 1696K(2560K)->704K(2560K)
[15708.068s][info][gc,heap        ] GC(34349) ParOldGen: 448380K(448512K)->448428K(448512K)
[15708.068s][info][gc,metaspace   ] GC(34349) Metaspace: 62490K(62720K)->62490K(62720K) NonClass: 53453K(53632K)->53453K(53632K) Class: 9037K(9088K)->9037K(9088K)
[15708.068s][info][gc             ] GC(34349) Pause Young (Allocation Failure) 519M->438M(520M) 2.661ms
[15708.068s][info][gc,cpu         ] GC(34349) User=0.01s Sys=0.00s Real=0.00s
[15708.524s][info][gc,start       ] GC(34350) Pause Young (Allocation Failure)
[15708.529s][info][gc,heap        ] GC(34350) PSYoungGen: 82624K(84480K)->2528K(84480K) Eden: 81920K(81920K)->0K(81920K) From: 704K(2560K)->2528K(2560K)
[15708.529s][info][gc,heap        ] GC(34350) ParOldGen: 448428K(448512K)->450380K(451072K)
[15708.529s][info][gc,metaspace   ] GC(34350) Metaspace: 62490K(62720K)->62490K(62720K) NonClass: 53453K(53632K)->53453K(53632K) Class: 9037K(9088K)->9037K(9088K)
[15708.529s][info][gc             ] GC(34350) Pause Young (Allocation Failure) 518M->442M(523M) 5.160ms
[15708.529s][info][gc,cpu         ] GC(34350) User=0.01s Sys=0.00s Real=0.01s
[15708.986s][info][gc,start       ] GC(34351) Pause Young (Allocation Failure)
[15708.990s][info][gc,heap        ] GC(34351) PSYoungGen: 84448K(84480K)->832K(82432K) Eden: 81920K(81920K)->0K(79872K) From: 2528K(2560K)->832K(2560K)
[15708.990s][info][gc,heap        ] GC(34351) ParOldGen: 450380K(451072K)->452476K(452608K)
[15708.990s][info][gc,metaspace   ] GC(34351) Metaspace: 62490K(62720K)->62490K(62720K) NonClass: 53453K(53632K)->53453K(53632K) Class: 9037K(9088K)->9037K(9088K)
[15708.990s][info][gc             ] GC(34351) Pause Young (Allocation Failure) 522M->442M(522M) 3.828ms
[15708.990s][info][gc,cpu         ] GC(34351) User=0.01s Sys=0.00s Real=0.00s
[15709.452s][info][gc,start       ] GC(34352) Pause Young (Allocation Failure)
[15709.455s][info][gc,heap        ] GC(34352) PSYoungGen: 80704K(82432K)->448K(83456K) Eden: 79872K(79872K)->0K(79872K) From: 832K(2560K)->448K(3584K)
[15709.455s][info][gc,heap        ] GC(34352) ParOldGen: 452476K(452608K)->452532K(452608K)
[15709.455s][info][gc,metaspace   ] GC(34352) Metaspace: 62490K(62720K)->62490K(62720K) NonClass: 53453K(53632K)->53453K(53632K) Class: 9037K(9088K)->9037K(9088K)
[15709.455s][info][gc             ] GC(34352) Pause Young (Allocation Failure) 520M->442M(523M) 2.396ms
[15709.455s][info][gc,cpu         ] GC(34352) User=0.01s Sys=0.00s Real=0.01s
[15709.960s][info][gc,start       ] GC(34353) Pause Young (Allocation Failure)
[15709.962s][info][gc,heap        ] GC(34353) PSYoungGen: 80320K(83456K)->544K(83456K) Eden: 79872K(79872K)->0K(79872K) From: 448K(3584K)->544K(3584K)
[15709.962s][info][gc,heap        ] GC(34353) ParOldGen: 452532K(452608K)->452588K(452608K)
[15709.962s][info][gc,metaspace   ] GC(34353) Metaspace: 62490K(62720K)->62490K(62720K) NonClass: 53453K(53632K)->53453K(53632K) Class: 9037K(9088K)->9037K(9088K)
[15709.962s][info][gc             ] GC(34353) Pause Young (Allocation Failure) 520M->442M(523M) 2.485ms
[15709.962s][info][gc,cpu         ] GC(34353) User=0.01s Sys=0.00s Real=0.00s
[15710.435s][info][gc,start       ] GC(34354) Pause Young (Allocation Failure)
[15710.437s][info][gc,heap        ] GC(34354) PSYoungGen: 80416K(83456K)->224K(83456K) Eden: 79872K(79872K)->0K(79872K) From: 544K(3584K)->224K(3584K)
[15710.437s][info][gc,heap        ] GC(34354) ParOldGen: 452588K(452608K)->452636K(453120K)
[15710.437s][info][gc,metaspace   ] GC(34354) Metaspace: 62490K(62720K)->62490K(62720K) NonClass: 53453K(53632K)->53453K(53632K) Class: 9037K(9088K)->9037K(9088K)
[15710.437s][info][gc             ] GC(34354) Pause Young (Allocation Failure) 520M->442M(524M) 2.348ms
[15710.437s][info][gc,cpu         ] GC(34354) User=0.01s Sys=0.00s Real=0.00s
[15710.927s][info][gc,start       ] GC(34355) Pause Young (Allocation Failure)
[15710.930s][info][gc,heap        ] GC(34355) PSYoungGen: 80096K(83456K)->1504K(83456K) Eden: 79872K(79872K)->0K(79872K) From: 224K(3584K)->1504K(3584K)
[15710.930s][info][gc,heap        ] GC(34355) ParOldGen: 452636K(453120K)->452692K(453120K)
[15710.930s][info][gc,metaspace   ] GC(34355) Metaspace: 62490K(62720K)->62490K(62720K) NonClass: 53453K(53632K)->53453K(53632K) Class: 9037K(9088K)->9037K(9088K)
[15710.930s][info][gc             ] GC(34355) Pause Young (Allocation Failure) 520M->443M(524M) 3.385ms
[15710.930s][info][gc,cpu         ] GC(34355) User=0.01s Sys=0.00s Real=0.00s
[15711.367s][info][gc,start       ] GC(34356) Pause Young (Allocation Failure)
[15711.369s][info][gc,heap        ] GC(34356) PSYoungGen: 81376K(83456K)->704K(83456K) Eden: 79872K(79872K)->0K(79872K) From: 1504K(3584K)->704K(3584K)
[15711.369s][info][gc,heap        ] GC(34356) ParOldGen: 452692K(453120K)->452748K(453120K)
[15711.369s][info][gc,metaspace   ] GC(34356) Metaspace: 62490K(62720K)->62490K(62720K) NonClass: 53453K(53632K)->53453K(53632K) Class: 9037K(9088K)->9037K(9088K)
[15711.369s][info][gc             ] GC(34356) Pause Young (Allocation Failure) 521M->442M(524M) 2.789ms
[15711.369s][info][gc,cpu         ] GC(34356) User=0.01s Sys=0.00s Real=0.00s
[15711.783s][info][gc,start       ] GC(34357) Pause Young (Allocation Failure)
[15711.786s][info][gc,heap        ] GC(34357) PSYoungGen: 80576K(83456K)->960K(83968K) Eden: 79872K(79872K)->0K(80384K) From: 704K(3584K)->960K(3584K)
[15711.786s][info][gc,heap        ] GC(34357) ParOldGen: 452748K(453120K)->452804K(453120K)
[15711.786s][info][gc,metaspace   ] GC(34357) Metaspace: 62490K(62720K)->62490K(62720K) NonClass: 53453K(53632K)->53453K(53632K) Class: 9037K(9088K)->9037K(9088K)
[15711.786s][info][gc             ] GC(34357) Pause Young (Allocation Failure) 520M->443M(524M) 2.938ms
[15711.786s][info][gc,cpu         ] GC(34357) User=0.01s Sys=0.00s Real=0.01s
[15712.210s][info][gc,start       ] GC(34358) Pause Young (Allocation Failure)
[15712.213s][info][gc,heap        ] GC(34358) PSYoungGen: 81344K(83968K)->1408K(83456K) Eden: 80384K(80384K)->0K(80384K) From: 960K(3584K)->1408K(3072K)
[15712.213s][info][gc,heap        ] GC(34358) ParOldGen: 452804K(453120K)->452868K(453120K)
[15712.213s][info][gc,metaspace   ] GC(34358) Metaspace: 62490K(62720K)->62490K(62720K) NonClass: 53453K(53632K)->53453K(53632K) Class: 9037K(9088K)->9037K(9088K)
[15712.213s][info][gc             ] GC(34358) Pause Young (Allocation Failure) 521M->443M(524M) 3.247ms
[15712.213s][info][gc,cpu         ] GC(34358) User=0.00s Sys=0.00s Real=0.00s
[15712.626s][info][gc,start       ] GC(34359) Pause Young (Allocation Failure)
[15712.630s][info][gc,heap        ] GC(34359) PSYoungGen: 81792K(83456K)->1472K(83968K) Eden: 80384K(80384K)->0K(80896K) From: 1408K(3072K)->1472K(3072K)
[15712.630s][info][gc,heap        ] GC(34359) ParOldGen: 452868K(453120K)->452924K(453120K)
[15712.630s][info][gc,metaspace   ] GC(34359) Metaspace: 62490K(62720K)->62490K(62720K) NonClass: 53453K(53632K)->53453K(53632K) Class: 9037K(9088K)->9037K(9088K)
[15712.630s][info][gc             ] GC(34359) Pause Young (Allocation Failure) 522M->443M(524M) 4.254ms
[15712.630s][info][gc,cpu         ] GC(34359) User=0.01s Sys=0.00s Real=0.00s
[15713.081s][info][gc,start       ] GC(34360) Pause Young (Allocation Failure)
[15713.083s][info][gc,heap        ] GC(34360) PSYoungGen: 82368K(83968K)->864K(83968K) Eden: 80896K(80896K)->0K(80896K) From: 1472K(3072K)->864K(3072K)
[15713.084s][info][gc,heap        ] GC(34360) ParOldGen: 452924K(453120K)->452980K(453120K)
[15713.084s][info][gc,metaspace   ] GC(34360) Metaspace: 62490K(62720K)->62490K(62720K) NonClass: 53453K(53632K)->53453K(53632K) Class: 9037K(9088K)->9037K(9088K)
[15713.084s][info][gc             ] GC(34360) Pause Young (Allocation Failure) 522M->443M(524M) 2.989ms
[15713.084s][info][gc,cpu         ] GC(34360) User=0.01s Sys=0.00s Real=0.00s
[15713.526s][info][gc,start       ] GC(34361) Pause Young (Allocation Failure)
[15713.529s][info][gc,heap        ] GC(34361) PSYoungGen: 81760K(83968K)->1440K(83968K) Eden: 80896K(80896K)->0K(80896K) From: 864K(3072K)->1440K(3072K)
[15713.529s][info][gc,heap        ] GC(34361) ParOldGen: 452980K(453120K)->453028K(453120K)
[15713.529s][info][gc,metaspace   ] GC(34361) Metaspace: 62490K(62720K)->62490K(62720K) NonClass: 53453K(53632K)->53453K(53632K) Class: 9037K(9088K)->9037K(9088K)
[15713.529s][info][gc             ] GC(34361) Pause Young (Allocation Failure) 522M->443M(524M) 3.350ms
[15713.529s][info][gc,cpu         ] GC(34361) User=0.01s Sys=0.00s Real=0.00s
[15713.965s][info][gc,start       ] GC(34362) Pause Young (Allocation Failure)
[15713.967s][info][gc,heap        ] GC(34362) PSYoungGen: 82336K(83968K)->640K(83968K) Eden: 80896K(80896K)->0K(80896K) From: 1440K(3072K)->640K(3072K)
[15713.967s][info][gc,heap        ] GC(34362) ParOldGen: 453028K(453120K)->453084K(453120K)
[15713.967s][info][gc,metaspace   ] GC(34362) Metaspace: 62490K(62720K)->62490K(62720K) NonClass: 53453K(53632K)->53453K(53632K) Class: 9037K(9088K)->9037K(9088K)
[15713.967s][info][gc             ] GC(34362) Pause Young (Allocation Failure) 522M->443M(524M) 2.557ms
[15713.967s][info][gc,cpu         ] GC(34362) User=0.00s Sys=0.00s Real=0.00s
[15714.409s][info][gc,start       ] GC(34363) Pause Young (Allocation Failure)
[15714.412s][info][gc,heap        ] GC(34363) PSYoungGen: 81536K(83968K)->1248K(84480K) Eden: 80896K(80896K)->0K(81408K) From: 640K(3072K)->1248K(3072K)
[15714.412s][info][gc,heap        ] GC(34363) ParOldGen: 453084K(453120K)->453140K(453632K)
[15714.412s][info][gc,metaspace   ] GC(34363) Metaspace: 62490K(62720K)->62490K(62720K) NonClass: 53453K(53632K)->53453K(53632K) Class: 9037K(9088K)->9037K(9088K)
[15714.413s][info][gc             ] GC(34363) Pause Young (Allocation Failure) 522M->443M(525M) 3.371ms
[15714.413s][info][gc,cpu         ] GC(34363) User=0.00s Sys=0.00s Real=0.00s
[15714.919s][info][gc,start       ] GC(34364) Pause Young (Allocation Failure)
[15714.922s][info][gc,heap        ] GC(34364) PSYoungGen: 82656K(84480K)->1392K(83968K) Eden: 81408K(81408K)->0K(81408K) From: 1248K(3072K)->1392K(2560K)
[15714.922s][info][gc,heap        ] GC(34364) ParOldGen: 453140K(453632K)->453196K(453632K)
[15714.922s][info][gc,metaspace   ] GC(34364) Metaspace: 62490K(62720K)->62490K(62720K) NonClass: 53453K(53632K)->53453K(53632K) Class: 9037K(9088K)->9037K(9088K)
[15714.922s][info][gc             ] GC(34364) Pause Young (Allocation Failure) 523M->443M(525M) 3.484ms
[15714.922s][info][gc,cpu         ] GC(34364) User=0.01s Sys=0.00s Real=0.00s
[15715.389s][info][gc,start       ] GC(34365) Pause Young (Allocation Failure)
[15715.392s][info][gc,heap        ] GC(34365) PSYoungGen: 82800K(83968K)->1024K(84480K) Eden: 81408K(81408K)->0K(81920K) From: 1392K(2560K)->1024K(2560K)
[15715.392s][info][gc,heap        ] GC(34365) ParOldGen: 453196K(453632K)->453300K(453632K)
[15715.392s][info][gc,metaspace   ] GC(34365) Metaspace: 62490K(62720K)->62490K(62720K) NonClass: 53453K(53632K)->53453K(53632K) Class: 9037K(9088K)->9037K(9088K)
[15715.392s][info][gc             ] GC(34365) Pause Young (Allocation Failure) 523M->443M(525M) 3.175ms
[15715.392s][info][gc,cpu         ] GC(34365) User=0.01s Sys=0.00s Real=0.00s
[15715.841s][info][gc,start       ] GC(34366) Pause Young (Allocation Failure)
[15715.843s][info][gc,heap        ] GC(34366) PSYoungGen: 82944K(84480K)->320K(84480K) Eden: 81920K(81920K)->0K(81920K) From: 1024K(2560K)->320K(2560K)
[15715.843s][info][gc,heap        ] GC(34366) ParOldGen: 453300K(453632K)->453348K(453632K)
[15715.843s][info][gc,metaspace   ] GC(34366) Metaspace: 62490K(62720K)->62490K(62720K) NonClass: 53453K(53632K)->53453K(53632K) Class: 9037K(9088K)->9037K(9088K)
[15715.843s][info][gc             ] GC(34366) Pause Young (Allocation Failure) 523M->443M(525M) 2.442ms
[15715.843s][info][gc,cpu         ] GC(34366) User=0.01s Sys=0.00s Real=0.00s
[15716.279s][info][gc,start       ] GC(34367) Pause Young (Allocation Failure)
[15716.282s][info][gc,heap        ] GC(34367) PSYoungGen: 82240K(84480K)->928K(84480K) Eden: 81920K(81920K)->0K(81920K) From: 320K(2560K)->928K(2560K)
[15716.282s][info][gc,heap        ] GC(34367) ParOldGen: 453348K(453632K)->453396K(453632K)
[15716.282s][info][gc,metaspace   ] GC(34367) Metaspace: 62490K(62720K)->62490K(62720K) NonClass: 53453K(53632K)->53453K(53632K) Class: 9037K(9088K)->9037K(9088K)
[15716.282s][info][gc             ] GC(34367) Pause Young (Allocation Failure) 523M->443M(525M) 2.990ms
[15716.282s][info][gc,cpu         ] GC(34367) User=0.00s Sys=0.00s Real=0.00s
[15716.746s][info][gc,start       ] GC(34368) Pause Young (Allocation Failure)
[15716.749s][info][gc,heap        ] GC(34368) PSYoungGen: 82848K(84480K)->384K(84480K) Eden: 81920K(81920K)->0K(81920K) From: 928K(2560K)->384K(2560K)
[15716.749s][info][gc,heap        ] GC(34368) ParOldGen: 453396K(453632K)->453452K(453632K)
[15716.749s][info][gc,metaspace   ] GC(34368) Metaspace: 62490K(62720K)->62490K(62720K) NonClass: 53453K(53632K)->53453K(53632K) Class: 9037K(9088K)->9037K(9088K)
[15716.749s][info][gc             ] GC(34368) Pause Young (Allocation Failure) 523M->443M(525M) 2.383ms
[15716.749s][info][gc,cpu         ] GC(34368) User=0.01s Sys=0.00s Real=0.00s
[15717.203s][info][gc,start       ] GC(34369) Pause Young (Allocation Failure)
[15717.206s][info][gc,heap        ] GC(34369) PSYoungGen: 82304K(84480K)->1120K(84480K) Eden: 81920K(81920K)->0K(81920K) From: 384K(2560K)->1120K(2560K)
[15717.206s][info][gc,heap        ] GC(34369) ParOldGen: 453452K(453632K)->453508K(453632K)
[15717.206s][info][gc,metaspace   ] GC(34369) Metaspace: 62490K(62720K)->62490K(62720K) NonClass: 53453K(53632K)->53453K(53632K) Class: 9037K(9088K)->9037K(9088K)
[15717.206s][info][gc             ] GC(34369) Pause Young (Allocation Failure) 523M->443M(525M) 3.014ms
[15717.206s][info][gc,cpu         ] GC(34369) User=0.00s Sys=0.00s Real=0.01s
[15717.702s][info][gc,start       ] GC(34370) Pause Young (Allocation Failure)
[15717.705s][info][gc,heap        ] GC(34370) PSYoungGen: 83040K(84480K)->1120K(84480K) Eden: 81920K(81920K)->0K(81920K) From: 1120K(2560K)->1120K(2560K)
[15717.705s][info][gc,heap        ] GC(34370) ParOldGen: 453508K(453632K)->453564K(453632K)
[15717.705s][info][gc,metaspace   ] GC(34370) Metaspace: 62490K(62720K)->62490K(62720K) NonClass: 53453K(53632K)->53453K(53632K) Class: 9037K(9088K)->9037K(9088K)
[15717.705s][info][gc             ] GC(34370) Pause Young (Allocation Failure) 523M->444M(525M) 3.166ms
[15717.705s][info][gc,cpu         ] GC(34370) User=0.01s Sys=0.00s Real=0.01s
[15718.154s][info][gc,start       ] GC(34371) Pause Young (Allocation Failure)
[15718.157s][info][gc,heap        ] GC(34371) PSYoungGen: 83040K(84480K)->2528K(83456K) Eden: 81920K(81920K)->0K(80896K) From: 1120K(2560K)->2528K(2560K)
[15718.157s][info][gc,heap        ] GC(34371) ParOldGen: 453564K(453632K)->454644K(455168K)
[15718.157s][info][gc,metaspace   ] GC(34371) Metaspace: 62490K(62720K)->62490K(62720K) NonClass: 53453K(53632K)->53453K(53632K) Class: 9037K(9088K)->9037K(9088K)
[15718.157s][info][gc             ] GC(34371) Pause Young (Allocation Failure) 524M->446M(526M) 3.492ms
[15718.157s][info][gc,cpu         ] GC(34371) User=0.00s Sys=0.00s Real=0.01s
[15718.620s][info][gc,start       ] GC(34372) Pause Young (Allocation Failure)
[15718.625s][info][gc,heap        ] GC(34372) PSYoungGen: 83424K(83456K)->1536K(83968K) Eden: 80896K(80896K)->0K(80896K) From: 2528K(2560K)->1536K(3072K)
[15718.625s][info][gc,heap        ] GC(34372) ParOldGen: 454644K(455168K)->456748K(457216K)
[15718.625s][info][gc,metaspace   ] GC(34372) Metaspace: 62490K(62720K)->62490K(62720K) NonClass: 53453K(53632K)->53453K(53632K) Class: 9037K(9088K)->9037K(9088K)
[15718.625s][info][gc             ] GC(34372) Pause Young (Allocation Failure) 525M->447M(528M) 4.543ms
[15718.625s][info][gc,cpu         ] GC(34372) User=0.00s Sys=0.00s Real=0.01s
[15719.052s][info][gc,start       ] GC(34373) Pause Young (Allocation Failure)
[15719.054s][info][gc,heap        ] GC(34373) PSYoungGen: 82432K(83968K)->448K(83968K) Eden: 80896K(80896K)->0K(80896K) From: 1536K(3072K)->448K(3072K)
[15719.055s][info][gc,heap        ] GC(34373) ParOldGen: 456748K(457216K)->456804K(457216K)
[15719.055s][info][gc,metaspace   ] GC(34373) Metaspace: 62490K(62720K)->62490K(62720K) NonClass: 53453K(53632K)->53453K(53632K) Class: 9037K(9088K)->9037K(9088K)
[15719.055s][info][gc             ] GC(34373) Pause Young (Allocation Failure) 526M->446M(528M) 2.560ms
[15719.055s][info][gc,cpu         ] GC(34373) User=0.01s Sys=0.00s Real=0.01s
[15719.484s][info][gc,start       ] GC(34374) Pause Young (Allocation Failure)
[15719.487s][info][gc,heap        ] GC(34374) PSYoungGen: 81344K(83968K)->896K(83968K) Eden: 80896K(80896K)->0K(80896K) From: 448K(3072K)->896K(3072K)
[15719.487s][info][gc,heap        ] GC(34374) ParOldGen: 456804K(457216K)->456860K(457216K)
[15719.487s][info][gc,metaspace   ] GC(34374) Metaspace: 62490K(62720K)->62490K(62720K) NonClass: 53453K(53632K)->53453K(53632K) Class: 9037K(9088K)->9037K(9088K)
[15719.487s][info][gc             ] GC(34374) Pause Young (Allocation Failure) 525M->447M(528M) 3.019ms
[15719.487s][info][gc,cpu         ] GC(34374) User=0.01s Sys=0.00s Real=0.00s
[15719.950s][info][gc,start       ] GC(34375) Pause Young (Allocation Failure)
[15719.952s][info][gc,heap        ] GC(34375) PSYoungGen: 81792K(83968K)->416K(83968K) Eden: 80896K(80896K)->0K(80896K) From: 896K(3072K)->416K(3072K)
[15719.952s][info][gc,heap        ] GC(34375) ParOldGen: 456860K(457216K)->456916K(457216K)
[15719.952s][info][gc,metaspace   ] GC(34375) Metaspace: 62490K(62720K)->62490K(62720K) NonClass: 53453K(53632K)->53453K(53632K) Class: 9037K(9088K)->9037K(9088K)
[15719.952s][info][gc             ] GC(34375) Pause Young (Allocation Failure) 526M->446M(528M) 2.493ms
[15719.952s][info][gc,cpu         ] GC(34375) User=0.01s Sys=0.00s Real=0.00s
[15720.423s][info][gc,start       ] GC(34376) Pause Young (Allocation Failure)
[15720.427s][info][gc,heap        ] GC(34376) PSYoungGen: 81312K(83968K)->1472K(83968K) Eden: 80896K(80896K)->0K(80896K) From: 416K(3072K)->1472K(3072K)
[15720.427s][info][gc,heap        ] GC(34376) ParOldGen: 456916K(457216K)->456972K(457216K)
[15720.427s][info][gc,metaspace   ] GC(34376) Metaspace: 62490K(62720K)->62490K(62720K) NonClass: 53453K(53632K)->53453K(53632K) Class: 9037K(9088K)->9037K(9088K)
[15720.427s][info][gc             ] GC(34376) Pause Young (Allocation Failure) 525M->447M(528M) 3.485ms
[15720.427s][info][gc,cpu         ] GC(34376) User=0.01s Sys=0.00s Real=0.01s
[15720.892s][info][gc,start       ] GC(34377) Pause Young (Allocation Failure)
[15720.895s][info][gc,heap        ] GC(34377) PSYoungGen: 82368K(83968K)->1024K(83968K) Eden: 80896K(80896K)->0K(80896K) From: 1472K(3072K)->1024K(3072K)
[15720.895s][info][gc,heap        ] GC(34377) ParOldGen: 456972K(457216K)->457028K(457216K)
[15720.895s][info][gc,metaspace   ] GC(34377) Metaspace: 62490K(62720K)->62490K(62720K) NonClass: 53453K(53632K)->53453K(53632K) Class: 9037K(9088K)->9037K(9088K)
[15720.895s][info][gc             ] GC(34377) Pause Young (Allocation Failure) 526M->447M(528M) 2.789ms
[15720.895s][info][gc,cpu         ] GC(34377) User=0.00s Sys=0.00s Real=0.01s
[15721.333s][info][gc,start       ] GC(34378) Pause Young (Allocation Failure)
[15721.336s][info][gc,heap        ] GC(34378) PSYoungGen: 81920K(83968K)->1632K(83968K) Eden: 80896K(80896K)->0K(80896K) From: 1024K(3072K)->1632K(3072K)
[15721.336s][info][gc,heap        ] GC(34378) ParOldGen: 457028K(457216K)->457076K(457216K)
[15721.336s][info][gc,metaspace   ] GC(34378) Metaspace: 62490K(62720K)->62490K(62720K) NonClass: 53453K(53632K)->53453K(53632K) Class: 9037K(9088K)->9037K(9088K)
[15721.336s][info][gc             ] GC(34378) Pause Young (Allocation Failure) 526M->447M(528M) 3.370ms
[15721.336s][info][gc,cpu         ] GC(34378) User=0.01s Sys=0.00s Real=0.01s
[15721.749s][info][gc,start       ] GC(34379) Pause Young (Allocation Failure)
[15721.751s][info][gc,heap        ] GC(34379) PSYoungGen: 82528K(83968K)->480K(83968K) Eden: 80896K(80896K)->0K(80896K) From: 1632K(3072K)->480K(3072K)
[15721.751s][info][gc,heap        ] GC(34379) ParOldGen: 457076K(457216K)->457132K(457216K)
[15721.751s][info][gc,metaspace   ] GC(34379) Metaspace: 62490K(62720K)->62490K(62720K) NonClass: 53453K(53632K)->53453K(53632K) Class: 9037K(9088K)->9037K(9088K)
[15721.751s][info][gc             ] GC(34379) Pause Young (Allocation Failure) 526M->446M(528M) 2.372ms
[15721.751s][info][gc,cpu         ] GC(34379) User=0.00s Sys=0.00s Real=0.00s
[15722.148s][info][gc,start       ] GC(34380) Pause Young (Allocation Failure)
[15722.150s][info][gc,heap        ] GC(34380) PSYoungGen: 81376K(83968K)->416K(83968K) Eden: 80896K(80896K)->0K(80896K) From: 480K(3072K)->416K(3072K)
[15722.150s][info][gc,heap        ] GC(34380) ParOldGen: 457132K(457216K)->457188K(457216K)
[15722.150s][info][gc,metaspace   ] GC(34380) Metaspace: 62490K(62720K)->62490K(62720K) NonClass: 53453K(53632K)->53453K(53632K) Class: 9037K(9088K)->9037K(9088K)
[15722.150s][info][gc             ] GC(34380) Pause Young (Allocation Failure) 525M->446M(528M) 2.312ms
[15722.150s][info][gc,cpu         ] GC(34380) User=0.00s Sys=0.00s Real=0.00s
[15722.601s][info][gc,start       ] GC(34381) Pause Young (Allocation Failure)
[15722.604s][info][gc,heap        ] GC(34381) PSYoungGen: 81312K(83968K)->1376K(84480K) Eden: 80896K(80896K)->0K(81920K) From: 416K(3072K)->1376K(2560K)
[15722.604s][info][gc,heap        ] GC(34381) ParOldGen: 457188K(457216K)->457244K(457728K)
[15722.604s][info][gc,metaspace   ] GC(34381) Metaspace: 62490K(62720K)->62490K(62720K) NonClass: 53453K(53632K)->53453K(53632K) Class: 9037K(9088K)->9037K(9088K)
[15722.604s][info][gc             ] GC(34381) Pause Young (Allocation Failure) 525M->447M(529M) 3.196ms
[15722.604s][info][gc,cpu         ] GC(34381) User=0.00s Sys=0.00s Real=0.00s
[15723.044s][info][gc,start       ] GC(34382) Pause Young (Allocation Failure)
[15723.046s][info][gc,heap        ] GC(34382) PSYoungGen: 83296K(84480K)->352K(84480K) Eden: 81920K(81920K)->0K(81920K) From: 1376K(2560K)->352K(2560K)
[15723.046s][info][gc,heap        ] GC(34382) ParOldGen: 457244K(457728K)->457340K(457728K)
[15723.046s][info][gc,metaspace   ] GC(34382) Metaspace: 62490K(62720K)->62490K(62720K) NonClass: 53453K(53632K)->53453K(53632K) Class: 9037K(9088K)->9037K(9088K)
[15723.046s][info][gc             ] GC(34382) Pause Young (Allocation Failure) 527M->446M(529M) 2.331ms
[15723.046s][info][gc,cpu         ] GC(34382) User=0.01s Sys=0.00s Real=0.01s
[15723.493s][info][gc,start       ] GC(34383) Pause Young (Allocation Failure)
[15723.495s][info][gc,heap        ] GC(34383) PSYoungGen: 82272K(84480K)->1088K(84480K) Eden: 81920K(81920K)->0K(81920K) From: 352K(2560K)->1088K(2560K)
[15723.495s][info][gc,heap        ] GC(34383) ParOldGen: 457340K(457728K)->457388K(457728K)
[15723.495s][info][gc,metaspace   ] GC(34383) Metaspace: 62490K(62720K)->62490K(62720K) NonClass: 53453K(53632K)->53453K(53632K) Class: 9037K(9088K)->9037K(9088K)
[15723.495s][info][gc             ] GC(34383) Pause Young (Allocation Failure) 526M->447M(529M) 2.794ms
[15723.495s][info][gc,cpu         ] GC(34383) User=0.00s Sys=0.00s Real=0.01s
[15723.907s][info][gc,start       ] GC(34384) Pause Young (Allocation Failure)
[15723.910s][info][gc,heap        ] GC(34384) PSYoungGen: 83008K(84480K)->1408K(84480K) Eden: 81920K(81920K)->0K(81920K) From: 1088K(2560K)->1408K(2560K)
[15723.910s][info][gc,heap        ] GC(34384) ParOldGen: 457388K(457728K)->457436K(457728K)
[15723.910s][info][gc,metaspace   ] GC(34384) Metaspace: 62490K(62720K)->62490K(62720K) NonClass: 53453K(53632K)->53453K(53632K) Class: 9037K(9088K)->9037K(9088K)
[15723.910s][info][gc             ] GC(34384) Pause Young (Allocation Failure) 527M->448M(529M) 3.049ms
[15723.910s][info][gc,cpu         ] GC(34384) User=0.01s Sys=0.00s Real=0.00s
[15724.324s][info][gc,start       ] GC(34385) Pause Young (Allocation Failure)
[15724.327s][info][gc,heap        ] GC(34385) PSYoungGen: 83328K(84480K)->1504K(84480K) Eden: 81920K(81920K)->0K(81920K) From: 1408K(2560K)->1504K(2560K)
[15724.327s][info][gc,heap        ] GC(34385) ParOldGen: 457436K(457728K)->457492K(457728K)
[15724.327s][info][gc,metaspace   ] GC(34385) Metaspace: 62490K(62720K)->62490K(62720K) NonClass: 53453K(53632K)->53453K(53632K) Class: 9037K(9088K)->9037K(9088K)
[15724.327s][info][gc             ] GC(34385) Pause Young (Allocation Failure) 528M->448M(529M) 3.131ms
[15724.327s][info][gc,cpu         ] GC(34385) User=0.00s Sys=0.00s Real=0.00s
[15724.747s][info][gc,start       ] GC(34386) Pause Young (Allocation Failure)
[15724.749s][info][gc,heap        ] GC(34386) PSYoungGen: 83424K(84480K)->384K(84480K) Eden: 81920K(81920K)->0K(81920K) From: 1504K(2560K)->384K(2560K)
[15724.749s][info][gc,heap        ] GC(34386) ParOldGen: 457492K(457728K)->457548K(457728K)
[15724.749s][info][gc,metaspace   ] GC(34386) Metaspace: 62490K(62720K)->62490K(62720K) NonClass: 53453K(53632K)->53453K(53632K) Class: 9037K(9088K)->9037K(9088K)
[15724.749s][info][gc             ] GC(34386) Pause Young (Allocation Failure) 528M->447M(529M) 2.235ms
[15724.749s][info][gc,cpu         ] GC(34386) User=0.00s Sys=0.00s Real=0.00s
[15725.173s][info][gc,start       ] GC(34387) Pause Young (Allocation Failure)
[15725.175s][info][gc,heap        ] GC(34387) PSYoungGen: 82304K(84480K)->832K(84480K) Eden: 81920K(81920K)->0K(81920K) From: 384K(2560K)->832K(2560K)
[15725.175s][info][gc,heap        ] GC(34387) ParOldGen: 457548K(457728K)->457596K(457728K)
[15725.175s][info][gc,metaspace   ] GC(34387) Metaspace: 62490K(62720K)->62490K(62720K) NonClass: 53453K(53632K)->53453K(53632K) Class: 9037K(9088K)->9037K(9088K)
[15725.175s][info][gc             ] GC(34387) Pause Young (Allocation Failure) 527M->447M(529M) 2.742ms
[15725.175s][info][gc,cpu         ] GC(34387) User=0.01s Sys=0.00s Real=0.01s
[15725.623s][info][gc,start       ] GC(34388) Pause Young (Allocation Failure)
[15725.626s][info][gc,heap        ] GC(34388) PSYoungGen: 82752K(84480K)->1504K(84480K) Eden: 81920K(81920K)->0K(81920K) From: 832K(2560K)->1504K(2560K)
[15725.626s][info][gc,heap        ] GC(34388) ParOldGen: 457596K(457728K)->457644K(457728K)
[15725.626s][info][gc,metaspace   ] GC(34388) Metaspace: 62490K(62720K)->62490K(62720K) NonClass: 53453K(53632K)->53453K(53632K) Class: 9037K(9088K)->9037K(9088K)
[15725.626s][info][gc             ] GC(34388) Pause Young (Allocation Failure) 527M->448M(529M) 3.283ms
[15725.626s][info][gc,cpu         ] GC(34388) User=0.01s Sys=0.00s Real=0.01s
[15726.042s][info][gc,start       ] GC(34389) Pause Young (Allocation Failure)
[15726.044s][info][gc,heap        ] GC(34389) PSYoungGen: 83424K(84480K)->320K(84480K) Eden: 81920K(81920K)->0K(81920K) From: 1504K(2560K)->320K(2560K)
[15726.044s][info][gc,heap        ] GC(34389) ParOldGen: 457644K(457728K)->457700K(457728K)
[15726.044s][info][gc,metaspace   ] GC(34389) Metaspace: 62490K(62720K)->62490K(62720K) NonClass: 53453K(53632K)->53453K(53632K) Class: 9037K(9088K)->9037K(9088K)
[15726.044s][info][gc             ] GC(34389) Pause Young (Allocation Failure) 528M->447M(529M) 2.203ms
[15726.044s][info][gc,cpu         ] GC(34389) User=0.01s Sys=0.00s Real=0.00s
[15726.456s][info][gc,start       ] GC(34390) Pause Young (Allocation Failure)
[15726.458s][info][gc,heap        ] GC(34390) PSYoungGen: 82240K(84480K)->544K(84480K) Eden: 81920K(81920K)->0K(81920K) From: 320K(2560K)->544K(2560K)
[15726.458s][info][gc,heap        ] GC(34390) ParOldGen: 457700K(457728K)->457748K(458240K)
[15726.458s][info][gc,metaspace   ] GC(34390) Metaspace: 62490K(62720K)->62490K(62720K) NonClass: 53453K(53632K)->53453K(53632K) Class: 9037K(9088K)->9037K(9088K)
[15726.458s][info][gc             ] GC(34390) Pause Young (Allocation Failure) 527M->447M(530M) 2.360ms
[15726.458s][info][gc,cpu         ] GC(34390) User=0.00s Sys=0.00s Real=0.00s
[15726.868s][info][gc,start       ] GC(34391) Pause Young (Allocation Failure)
[15726.871s][info][gc,heap        ] GC(34391) PSYoungGen: 82464K(84480K)->800K(84480K) Eden: 81920K(81920K)->0K(81920K) From: 544K(2560K)->800K(2560K)
[15726.871s][info][gc,heap        ] GC(34391) ParOldGen: 457748K(458240K)->457804K(458240K)
[15726.871s][info][gc,metaspace   ] GC(34391) Metaspace: 62490K(62720K)->62490K(62720K) NonClass: 53453K(53632K)->53453K(53632K) Class: 9037K(9088K)->9037K(9088K)
[15726.871s][info][gc             ] GC(34391) Pause Young (Allocation Failure) 527M->447M(530M) 2.638ms
[15726.871s][info][gc,cpu         ] GC(34391) User=0.01s Sys=0.00s Real=0.00s
[15727.278s][info][gc,start       ] GC(34392) Pause Young (Allocation Failure)
[15727.281s][info][gc,heap        ] GC(34392) PSYoungGen: 82720K(84480K)->2528K(84480K) Eden: 81920K(81920K)->0K(81920K) From: 800K(2560K)->2528K(2560K)
[15727.281s][info][gc,heap        ] GC(34392) ParOldGen: 457804K(458240K)->458260K(458752K)
[15727.281s][info][gc,metaspace   ] GC(34392) Metaspace: 62490K(62720K)->62490K(62720K) NonClass: 53453K(53632K)->53453K(53632K) Class: 9037K(9088K)->9037K(9088K)
[15727.281s][info][gc             ] GC(34392) Pause Young (Allocation Failure) 527M->449M(530M) 3.265ms
[15727.281s][info][gc,cpu         ] GC(34392) User=0.00s Sys=0.00s Real=0.00s
[15727.729s][info][gc,start       ] GC(34393) Pause Young (Allocation Failure)
[15727.734s][info][gc,heap        ] GC(34393) PSYoungGen: 84448K(84480K)->1504K(83456K) Eden: 81920K(81920K)->0K(80896K) From: 2528K(2560K)->1504K(2560K)
[15727.734s][info][gc,heap        ] GC(34393) ParOldGen: 458260K(458752K)->460340K(461824K)
[15727.734s][info][gc,metaspace   ] GC(34393) Metaspace: 62490K(62720K)->62490K(62720K) NonClass: 53453K(53632K)->53453K(53632K) Class: 9037K(9088K)->9037K(9088K)
[15727.734s][info][gc             ] GC(34393) Pause Young (Allocation Failure) 529M->451M(532M) 4.337ms
[15727.734s][info][gc,cpu         ] GC(34393) User=0.01s Sys=0.01s Real=0.00s
[15728.129s][info][gc,start       ] GC(34394) Pause Young (Allocation Failure)
[15728.132s][info][gc,heap        ] GC(34394) PSYoungGen: 82400K(83456K)->1856K(83968K) Eden: 80896K(80896K)->0K(80896K) From: 1504K(2560K)->1856K(3072K)
[15728.132s][info][gc,heap        ] GC(34394) ParOldGen: 460340K(461824K)->460388K(461824K)
[15728.132s][info][gc,metaspace   ] GC(34394) Metaspace: 62490K(62720K)->62490K(62720K) NonClass: 53453K(53632K)->53453K(53632K) Class: 9037K(9088K)->9037K(9088K)
[15728.132s][info][gc             ] GC(34394) Pause Young (Allocation Failure) 530M->451M(533M) 3.532ms
[15728.132s][info][gc,cpu         ] GC(34394) User=0.00s Sys=0.00s Real=0.00s
[15728.566s][info][gc,start       ] GC(34395) Pause Young (Allocation Failure)
[15728.568s][info][gc,heap        ] GC(34395) PSYoungGen: 82752K(83968K)->672K(83968K) Eden: 80896K(80896K)->0K(80896K) From: 1856K(3072K)->672K(3072K)
[15728.568s][info][gc,heap        ] GC(34395) ParOldGen: 460388K(461824K)->460444K(461824K)
[15728.568s][info][gc,metaspace   ] GC(34395) Metaspace: 62490K(62720K)->62490K(62720K) NonClass: 53453K(53632K)->53453K(53632K) Class: 9037K(9088K)->9037K(9088K)
[15728.568s][info][gc             ] GC(34395) Pause Young (Allocation Failure) 530M->450M(533M) 2.574ms
[15728.568s][info][gc,cpu         ] GC(34395) User=0.00s Sys=0.00s Real=0.00s
[15728.994s][info][gc,start       ] GC(34396) Pause Young (Allocation Failure)
[15728.996s][info][gc,heap        ] GC(34396) PSYoungGen: 81568K(83968K)->1120K(83968K) Eden: 80896K(80896K)->0K(80896K) From: 672K(3072K)->1120K(3072K)
[15728.996s][info][gc,heap        ] GC(34396) ParOldGen: 460444K(461824K)->460500K(461824K)
[15728.996s][info][gc,metaspace   ] GC(34396) Metaspace: 62490K(62720K)->62490K(62720K) NonClass: 53453K(53632K)->53453K(53632K) Class: 9037K(9088K)->9037K(9088K)
[15728.996s][info][gc             ] GC(34396) Pause Young (Allocation Failure) 529M->450M(533M) 2.850ms
[15728.996s][info][gc,cpu         ] GC(34396) User=0.01s Sys=0.00s Real=0.01s
[15729.414s][info][gc,start       ] GC(34397) Pause Young (Allocation Failure)
[15729.418s][info][gc,heap        ] GC(34397) PSYoungGen: 82016K(83968K)->1408K(83968K) Eden: 80896K(80896K)->0K(80896K) From: 1120K(3072K)->1408K(3072K)
[15729.418s][info][gc,heap        ] GC(34397) ParOldGen: 460500K(461824K)->460556K(461824K)
[15729.418s][info][gc,metaspace   ] GC(34397) Metaspace: 62490K(62720K)->62490K(62720K) NonClass: 53453K(53632K)->53453K(53632K) Class: 9037K(9088K)->9037K(9088K)
[15729.418s][info][gc             ] GC(34397) Pause Young (Allocation Failure) 529M->451M(533M) 3.201ms
[15729.418s][info][gc,cpu         ] GC(34397) User=0.01s Sys=0.00s Real=0.00s
[15729.854s][info][gc,start       ] GC(34398) Pause Young (Allocation Failure)
[15729.857s][info][gc,heap        ] GC(34398) PSYoungGen: 82304K(83968K)->576K(83968K) Eden: 80896K(80896K)->0K(80896K) From: 1408K(3072K)->576K(3072K)
[15729.857s][info][gc,heap        ] GC(34398) ParOldGen: 460556K(461824K)->460612K(461824K)
[15729.857s][info][gc,metaspace   ] GC(34398) Metaspace: 62490K(62720K)->62490K(62720K) NonClass: 53453K(53632K)->53453K(53632K) Class: 9037K(9088K)->9037K(9088K)
[15729.857s][info][gc             ] GC(34398) Pause Young (Allocation Failure) 530M->450M(533M) 2.384ms
[15729.857s][info][gc,cpu         ] GC(34398) User=0.01s Sys=0.00s Real=0.00s
[15730.251s][info][gc,start       ] GC(34399) Pause Young (Allocation Failure)
[15730.254s][info][gc,heap        ] GC(34399) PSYoungGen: 81472K(83968K)->512K(84480K) Eden: 80896K(80896K)->0K(81408K) From: 576K(3072K)->512K(3072K)
[15730.254s][info][gc,heap        ] GC(34399) ParOldGen: 460612K(461824K)->460716K(461824K)
[15730.254s][info][gc,metaspace   ] GC(34399) Metaspace: 62490K(62720K)->62490K(62720K) NonClass: 53453K(53632K)->53453K(53632K) Class: 9037K(9088K)->9037K(9088K)
[15730.254s][info][gc             ] GC(34399) Pause Young (Allocation Failure) 529M->450M(533M) 2.398ms
[15730.254s][info][gc,cpu         ] GC(34399) User=0.00s Sys=0.00s Real=0.00s
[15730.678s][info][gc,start       ] GC(34400) Pause Young (Allocation Failure)
[15730.681s][info][gc,heap        ] GC(34400) PSYoungGen: 81920K(84480K)->864K(83968K) Eden: 81408K(81408K)->0K(81408K) From: 512K(3072K)->864K(2560K)
[15730.681s][info][gc,heap        ] GC(34400) ParOldGen: 460716K(461824K)->460764K(461824K)
[15730.681s][info][gc,metaspace   ] GC(34400) Metaspace: 62490K(62720K)->62490K(62720K) NonClass: 53453K(53632K)->53453K(53632K) Class: 9037K(9088K)->9037K(9088K)
[15730.681s][info][gc             ] GC(34400) Pause Young (Allocation Failure) 529M->450M(533M) 2.597ms
[15730.681s][info][gc,cpu         ] GC(34400) User=0.00s Sys=0.00s Real=0.00s
[15731.106s][info][gc,start       ] GC(34401) Pause Young (Allocation Failure)
[15731.109s][info][gc,heap        ] GC(34401) PSYoungGen: 82272K(83968K)->1344K(84480K) Eden: 81408K(81408K)->0K(81920K) From: 864K(2560K)->1344K(2560K)
[15731.109s][info][gc,heap        ] GC(34401) ParOldGen: 460764K(461824K)->460812K(461824K)
[15731.109s][info][gc,metaspace   ] GC(34401) Metaspace: 62490K(62720K)->62490K(62720K) NonClass: 53453K(53632K)->53453K(53632K) Class: 9037K(9088K)->9037K(9088K)
[15731.109s][info][gc             ] GC(34401) Pause Young (Allocation Failure) 530M->451M(533M) 2.973ms
[15731.109s][info][gc,cpu         ] GC(34401) User=0.01s Sys=0.00s Real=0.00s
[15731.497s][info][gc,start       ] GC(34402) Pause Young (Allocation Failure)
[15731.501s][info][gc,heap        ] GC(34402) PSYoungGen: 83264K(84480K)->2528K(84480K) Eden: 81920K(81920K)->0K(81920K) From: 1344K(2560K)->2528K(2560K)
[15731.501s][info][gc,heap        ] GC(34402) ParOldGen: 460812K(461824K)->461508K(461824K)
[15731.501s][info][gc,metaspace   ] GC(34402) Metaspace: 62490K(62720K)->62490K(62720K) NonClass: 53453K(53632K)->53453K(53632K) Class: 9037K(9088K)->9037K(9088K)
[15731.501s][info][gc             ] GC(34402) Pause Young (Allocation Failure) 531M->453M(533M) 3.511ms
[15731.501s][info][gc,cpu         ] GC(34402) User=0.00s Sys=0.00s Real=0.00s
[15731.908s][info][gc,start       ] GC(34403) Pause Young (Allocation Failure)
[15731.912s][info][gc,heap        ] GC(34403) PSYoungGen: 84448K(84480K)->1408K(83456K) Eden: 81920K(81920K)->0K(80896K) From: 2528K(2560K)->1408K(2560K)
[15731.912s][info][gc,heap        ] GC(34403) ParOldGen: 461508K(461824K)->463604K(464896K)
[15731.912s][info][gc,metaspace   ] GC(34403) Metaspace: 62490K(62720K)->62490K(62720K) NonClass: 53453K(53632K)->53453K(53632K) Class: 9037K(9088K)->9037K(9088K)
[15731.912s][info][gc             ] GC(34403) Pause Young (Allocation Failure) 533M->454M(535M) 4.248ms
[15731.912s][info][gc,cpu         ] GC(34403) User=0.01s Sys=0.01s Real=0.00s
[15732.350s][info][gc,start       ] GC(34404) Pause Young (Allocation Failure)
[15732.352s][info][gc,heap        ] GC(34404) PSYoungGen: 82304K(83456K)->416K(83968K) Eden: 80896K(80896K)->0K(80896K) From: 1408K(2560K)->416K(3072K)
[15732.352s][info][gc,heap        ] GC(34404) ParOldGen: 463604K(464896K)->463652K(464896K)
[15732.352s][info][gc,metaspace   ] GC(34404) Metaspace: 62490K(62720K)->62490K(62720K) NonClass: 53453K(53632K)->53453K(53632K) Class: 9037K(9088K)->9037K(9088K)
[15732.352s][info][gc             ] GC(34404) Pause Young (Allocation Failure) 533M->453M(536M) 2.335ms
[15732.352s][info][gc,cpu         ] GC(34404) User=0.00s Sys=0.00s Real=0.00s
[15732.802s][info][gc,start       ] GC(34405) Pause Young (Allocation Failure)
[15732.805s][info][gc,heap        ] GC(34405) PSYoungGen: 81312K(83968K)->1280K(83968K) Eden: 80896K(80896K)->0K(80896K) From: 416K(3072K)->1280K(3072K)
[15732.805s][info][gc,heap        ] GC(34405) ParOldGen: 463652K(464896K)->463700K(464896K)
[15732.805s][info][gc,metaspace   ] GC(34405) Metaspace: 62490K(62720K)->62490K(62720K) NonClass: 53453K(53632K)->53453K(53632K) Class: 9037K(9088K)->9037K(9088K)
[15732.805s][info][gc             ] GC(34405) Pause Young (Allocation Failure) 532M->454M(536M) 3.240ms
[15732.805s][info][gc,cpu         ] GC(34405) User=0.01s Sys=0.00s Real=0.01s
[15733.232s][info][gc,start       ] GC(34406) Pause Young (Allocation Failure)
[15733.235s][info][gc,heap        ] GC(34406) PSYoungGen: 82176K(83968K)->1664K(83968K) Eden: 80896K(80896K)->0K(80896K) From: 1280K(3072K)->1664K(3072K)
[15733.235s][info][gc,heap        ] GC(34406) ParOldGen: 463700K(464896K)->463756K(464896K)
[15733.235s][info][gc,metaspace   ] GC(34406) Metaspace: 62490K(62720K)->62490K(62720K) NonClass: 53453K(53632K)->53453K(53632K) Class: 9037K(9088K)->9037K(9088K)
[15733.235s][info][gc             ] GC(34406) Pause Young (Allocation Failure) 533M->454M(536M) 3.332ms
[15733.235s][info][gc,cpu         ] GC(34406) User=0.01s Sys=0.00s Real=0.01s
[15733.678s][info][gc,start       ] GC(34407) Pause Young (Allocation Failure)
[15733.680s][info][gc,heap        ] GC(34407) PSYoungGen: 82560K(83968K)->864K(83968K) Eden: 80896K(80896K)->0K(80896K) From: 1664K(3072K)->864K(3072K)
[15733.680s][info][gc,heap        ] GC(34407) ParOldGen: 463756K(464896K)->463820K(464896K)
[15733.680s][info][gc,metaspace   ] GC(34407) Metaspace: 62490K(62720K)->62490K(62720K) NonClass: 53453K(53632K)->53453K(53632K) Class: 9037K(9088K)->9037K(9088K)
[15733.680s][info][gc             ] GC(34407) Pause Young (Allocation Failure) 533M->453M(536M) 2.607ms
[15733.680s][info][gc,cpu         ] GC(34407) User=0.01s Sys=0.00s Real=0.00s
[15734.098s][info][gc,start       ] GC(34408) Pause Young (Allocation Failure)
[15734.101s][info][gc,heap        ] GC(34408) PSYoungGen: 81760K(83968K)->1184K(83968K) Eden: 80896K(80896K)->0K(80896K) From: 864K(3072K)->1184K(3072K)
[15734.101s][info][gc,heap        ] GC(34408) ParOldGen: 463820K(464896K)->463884K(464896K)
[15734.101s][info][gc,metaspace   ] GC(34408) Metaspace: 62490K(62720K)->62490K(62720K) NonClass: 53453K(53632K)->53453K(53632K) Class: 9037K(9088K)->9037K(9088K)
[15734.101s][info][gc             ] GC(34408) Pause Young (Allocation Failure) 532M->454M(536M) 2.990ms
[15734.101s][info][gc,cpu         ] GC(34408) User=0.00s Sys=0.00s Real=0.00s
[15734.541s][info][gc,start       ] GC(34409) Pause Young (Allocation Failure)
[15734.543s][info][gc,heap        ] GC(34409) PSYoungGen: 82080K(83968K)->320K(83456K) Eden: 80896K(80896K)->0K(80896K) From: 1184K(3072K)->320K(2560K)
[15734.543s][info][gc,heap        ] GC(34409) ParOldGen: 463884K(464896K)->463940K(464896K)
[15734.543s][info][gc,metaspace   ] GC(34409) Metaspace: 62490K(62720K)->62490K(62720K) NonClass: 53453K(53632K)->53453K(53632K) Class: 9037K(9088K)->9037K(9088K)
[15734.543s][info][gc             ] GC(34409) Pause Young (Allocation Failure) 533M->453M(535M) 2.229ms
[15734.543s][info][gc,cpu         ] GC(34409) User=0.01s Sys=0.00s Real=0.00s
[15734.964s][info][gc,start       ] GC(34410) Pause Young (Allocation Failure)
[15734.966s][info][gc,heap        ] GC(34410) PSYoungGen: 81216K(83456K)->672K(83968K) Eden: 80896K(80896K)->0K(80896K) From: 320K(2560K)->672K(3072K)
[15734.966s][info][gc,heap        ] GC(34410) ParOldGen: 463940K(464896K)->463996K(464896K)
[15734.966s][info][gc,metaspace   ] GC(34410) Metaspace: 62490K(62720K)->62490K(62720K) NonClass: 53453K(53632K)->53453K(53632K) Class: 9037K(9088K)->9037K(9088K)
[15734.966s][info][gc             ] GC(34410) Pause Young (Allocation Failure) 532M->453M(536M) 2.488ms
[15734.966s][info][gc,cpu         ] GC(34410) User=0.00s Sys=0.00s Real=0.01s
[15735.385s][info][gc,start       ] GC(34411) Pause Young (Allocation Failure)
[15735.388s][info][gc,heap        ] GC(34411) PSYoungGen: 81568K(83968K)->1024K(84480K) Eden: 80896K(80896K)->0K(81920K) From: 672K(3072K)->1024K(2560K)
[15735.388s][info][gc,heap        ] GC(34411) ParOldGen: 463996K(464896K)->464044K(464896K)
[15735.388s][info][gc,metaspace   ] GC(34411) Metaspace: 62490K(62720K)->62490K(62720K) NonClass: 53453K(53632K)->53453K(53632K) Class: 9037K(9088K)->9037K(9088K)
[15735.388s][info][gc             ] GC(34411) Pause Young (Allocation Failure) 532M->454M(536M) 2.895ms
[15735.388s][info][gc,cpu         ] GC(34411) User=0.00s Sys=0.00s Real=0.00s
[15735.847s][info][gc,start       ] GC(34412) Pause Young (Allocation Failure)
[15735.850s][info][gc,heap        ] GC(34412) PSYoungGen: 82944K(84480K)->416K(84480K) Eden: 81920K(81920K)->0K(81920K) From: 1024K(2560K)->416K(2560K)
[15735.850s][info][gc,heap        ] GC(34412) ParOldGen: 464044K(464896K)->464100K(464896K)
[15735.850s][info][gc,metaspace   ] GC(34412) Metaspace: 62490K(62720K)->62490K(62720K) NonClass: 53453K(53632K)->53453K(53632K) Class: 9037K(9088K)->9037K(9088K)
[15735.850s][info][gc             ] GC(34412) Pause Young (Allocation Failure) 534M->453M(536M) 2.357ms
[15735.850s][info][gc,cpu         ] GC(34412) User=0.01s Sys=0.00s Real=0.00s
[15736.250s][info][gc,start       ] GC(34413) Pause Young (Allocation Failure)
[15736.253s][info][gc,heap        ] GC(34413) PSYoungGen: 82336K(84480K)->2528K(83456K) Eden: 81920K(81920K)->0K(80896K) From: 416K(2560K)->2528K(2560K)
[15736.253s][info][gc,heap        ] GC(34413) ParOldGen: 464100K(464896K)->464156K(464896K)
[15736.253s][info][gc,metaspace   ] GC(34413) Metaspace: 62490K(62720K)->62490K(62720K) NonClass: 53453K(53632K)->53453K(53632K) Class: 9037K(9088K)->9037K(9088K)
[15736.253s][info][gc             ] GC(34413) Pause Young (Allocation Failure) 533M->455M(535M) 2.622ms
[15736.253s][info][gc,cpu         ] GC(34413) User=0.01s Sys=0.00s Real=0.00s
[15736.707s][info][gc,start       ] GC(34414) Pause Young (Allocation Failure)
[15736.711s][info][gc,heap        ] GC(34414) PSYoungGen: 83424K(83456K)->1408K(83968K) Eden: 80896K(80896K)->0K(80896K) From: 2528K(2560K)->1408K(3072K)
[15736.711s][info][gc,heap        ] GC(34414) ParOldGen: 464156K(464896K)->466260K(466432K)
[15736.711s][info][gc,metaspace   ] GC(34414) Metaspace: 62490K(62720K)->62490K(62720K) NonClass: 53453K(53632K)->53453K(53632K) Class: 9037K(9088K)->9037K(9088K)
[15736.711s][info][gc             ] GC(34414) Pause Young (Allocation Failure) 534M->456M(537M) 4.174ms
[15736.711s][info][gc,cpu         ] GC(34414) User=0.01s Sys=0.00s Real=0.00s
[15737.102s][info][gc,start       ] GC(34415) Pause Young (Allocation Failure)
[15737.105s][info][gc,heap        ] GC(34415) PSYoungGen: 82304K(83968K)->1120K(83968K) Eden: 80896K(80896K)->0K(80896K) From: 1408K(3072K)->1120K(3072K)
[15737.105s][info][gc,heap        ] GC(34415) ParOldGen: 466260K(466432K)->466460K(466944K)
[15737.105s][info][gc,metaspace   ] GC(34415) Metaspace: 62490K(62720K)->62490K(62720K) NonClass: 53453K(53632K)->53453K(53632K) Class: 9037K(9088K)->9037K(9088K)
[15737.105s][info][gc             ] GC(34415) Pause Young (Allocation Failure) 535M->456M(538M) 2.937ms
[15737.105s][info][gc,cpu         ] GC(34415) User=0.00s Sys=0.00s Real=0.01s
[15737.537s][info][gc,start       ] GC(34416) Pause Young (Allocation Failure)
[15737.539s][info][gc,heap        ] GC(34416) PSYoungGen: 82016K(83968K)->256K(83968K) Eden: 80896K(80896K)->0K(80896K) From: 1120K(3072K)->256K(3072K)
[15737.539s][info][gc,heap        ] GC(34416) ParOldGen: 466460K(466944K)->466508K(466944K)
[15737.539s][info][gc,metaspace   ] GC(34416) Metaspace: 62490K(62720K)->62490K(62720K) NonClass: 53453K(53632K)->53453K(53632K) Class: 9037K(9088K)->9037K(9088K)
[15737.539s][info][gc             ] GC(34416) Pause Young (Allocation Failure) 535M->455M(538M) 2.119ms
[15737.539s][info][gc,cpu         ] GC(34416) User=0.01s Sys=0.00s Real=0.00s
[15737.938s][info][gc,start       ] GC(34417) Pause Young (Allocation Failure)
[15737.941s][info][gc,heap        ] GC(34417) PSYoungGen: 81152K(83968K)->288K(83968K) Eden: 80896K(80896K)->0K(80896K) From: 256K(3072K)->288K(3072K)
[15737.941s][info][gc,heap        ] GC(34417) ParOldGen: 466508K(466944K)->466564K(466944K)
[15737.941s][info][gc,metaspace   ] GC(34417) Metaspace: 62490K(62720K)->62490K(62720K) NonClass: 53453K(53632K)->53453K(53632K) Class: 9037K(9088K)->9037K(9088K)
[15737.941s][info][gc             ] GC(34417) Pause Young (Allocation Failure) 534M->455M(538M) 2.279ms
[15737.941s][info][gc,cpu         ] GC(34417) User=0.00s Sys=0.00s Real=0.00s
[15738.339s][info][gc,start       ] GC(34418) Pause Young (Allocation Failure)
[15738.341s][info][gc,heap        ] GC(34418) PSYoungGen: 81184K(83968K)->288K(83968K) Eden: 80896K(80896K)->0K(80896K) From: 288K(3072K)->288K(3072K)
[15738.341s][info][gc,heap        ] GC(34418) ParOldGen: 466564K(466944K)->466620K(466944K)
[15738.341s][info][gc,metaspace   ] GC(34418) Metaspace: 62490K(62720K)->62490K(62720K) NonClass: 53453K(53632K)->53453K(53632K) Class: 9037K(9088K)->9037K(9088K)
[15738.341s][info][gc             ] GC(34418) Pause Young (Allocation Failure) 534M->455M(538M) 2.248ms
[15738.341s][info][gc,cpu         ] GC(34418) User=0.00s Sys=0.00s Real=0.00s
[15738.786s][info][gc,start       ] GC(34419) Pause Young (Allocation Failure)
[15738.788s][info][gc,heap        ] GC(34419) PSYoungGen: 81184K(83968K)->864K(84480K) Eden: 80896K(80896K)->0K(81920K) From: 288K(3072K)->864K(2560K)
[15738.788s][info][gc,heap        ] GC(34419) ParOldGen: 466620K(466944K)->466676K(466944K)
[15738.788s][info][gc,metaspace   ] GC(34419) Metaspace: 62490K(62720K)->62490K(62720K) NonClass: 53453K(53632K)->53453K(53632K) Class: 9037K(9088K)->9037K(9088K)
[15738.788s][info][gc             ] GC(34419) Pause Young (Allocation Failure) 534M->456M(538M) 2.677ms
[15738.788s][info][gc,cpu         ] GC(34419) User=0.01s Sys=0.00s Real=0.00s
[15739.225s][info][gc,start       ] GC(34420) Pause Young (Allocation Failure)
[15739.229s][info][gc,heap        ] GC(34420) PSYoungGen: 82784K(84480K)->1504K(84480K) Eden: 81920K(81920K)->0K(81920K) From: 864K(2560K)->1504K(2560K)
[15739.229s][info][gc,heap        ] GC(34420) ParOldGen: 466676K(466944K)->466732K(466944K)
[15739.229s][info][gc,metaspace   ] GC(34420) Metaspace: 62490K(62720K)->62490K(62720K) NonClass: 53453K(53632K)->53453K(53632K) Class: 9037K(9088K)->9037K(9088K)
[15739.229s][info][gc             ] GC(34420) Pause Young (Allocation Failure) 536M->457M(538M) 3.501ms
[15739.229s][info][gc,cpu         ] GC(34420) User=0.01s Sys=0.00s Real=0.00s
[15739.651s][info][gc,start       ] GC(34421) Pause Young (Allocation Failure)
[15739.653s][info][gc,heap        ] GC(34421) PSYoungGen: 83424K(84480K)->512K(84480K) Eden: 81920K(81920K)->0K(81920K) From: 1504K(2560K)->512K(2560K)
[15739.653s][info][gc,heap        ] GC(34421) ParOldGen: 466732K(466944K)->466788K(466944K)
[15739.653s][info][gc,metaspace   ] GC(34421) Metaspace: 62490K(62720K)->62490K(62720K) NonClass: 53453K(53632K)->53453K(53632K) Class: 9037K(9088K)->9037K(9088K)
[15739.653s][info][gc             ] GC(34421) Pause Young (Allocation Failure) 537M->456M(538M) 2.329ms
[15739.653s][info][gc,cpu         ] GC(34421) User=0.00s Sys=0.00s Real=0.00s
[15740.064s][info][gc,start       ] GC(34422) Pause Young (Allocation Failure)
[15740.066s][info][gc,heap        ] GC(34422) PSYoungGen: 82432K(84480K)->640K(84480K) Eden: 81920K(81920K)->0K(81920K) From: 512K(2560K)->640K(2560K)
[15740.066s][info][gc,heap        ] GC(34422) ParOldGen: 466788K(466944K)->466836K(466944K)
[15740.066s][info][gc,metaspace   ] GC(34422) Metaspace: 62490K(62720K)->62490K(62720K) NonClass: 53453K(53632K)->53453K(53632K) Class: 9037K(9088K)->9037K(9088K)
[15740.066s][info][gc             ] GC(34422) Pause Young (Allocation Failure) 536M->456M(538M) 2.423ms
[15740.066s][info][gc,cpu         ] GC(34422) User=0.00s Sys=0.00s Real=0.01s
[15740.491s][info][gc,start       ] GC(34423) Pause Young (Allocation Failure)
[15740.495s][info][gc,heap        ] GC(34423) PSYoungGen: 82560K(84480K)->2528K(83456K) Eden: 81920K(81920K)->0K(80896K) From: 640K(2560K)->2528K(2560K)
[15740.495s][info][gc,heap        ] GC(34423) ParOldGen: 466836K(466944K)->467452K(467456K)
[15740.495s][info][gc,metaspace   ] GC(34423) Metaspace: 62490K(62720K)->62490K(62720K) NonClass: 53453K(53632K)->53453K(53632K) Class: 9037K(9088K)->9037K(9088K)
[15740.495s][info][gc             ] GC(34423) Pause Young (Allocation Failure) 536M->458M(538M) 3.337ms
[15740.495s][info][gc,cpu         ] GC(34423) User=0.00s Sys=0.00s Real=0.01s
[15740.888s][info][gc,start       ] GC(34424) Pause Young (Allocation Failure)
[15740.892s][info][gc,heap        ] GC(34424) PSYoungGen: 83424K(83456K)->1056K(83968K) Eden: 80896K(80896K)->0K(80896K) From: 2528K(2560K)->1056K(3072K)
[15740.892s][info][gc,heap        ] GC(34424) ParOldGen: 467452K(467456K)->469548K(470528K)
[15740.892s][info][gc,metaspace   ] GC(34424) Metaspace: 62490K(62720K)->62490K(62720K) NonClass: 53453K(53632K)->53453K(53632K) Class: 9037K(9088K)->9037K(9088K)
[15740.892s][info][gc             ] GC(34424) Pause Young (Allocation Failure) 537M->459M(541M) 4.077ms
[15740.892s][info][gc,cpu         ] GC(34424) User=0.01s Sys=0.00s Real=0.00s
[15741.361s][info][gc,start       ] GC(34425) Pause Young (Allocation Failure)
[15741.364s][info][gc,heap        ] GC(34425) PSYoungGen: 81952K(83968K)->608K(83968K) Eden: 80896K(80896K)->0K(80896K) From: 1056K(3072K)->608K(3072K)
[15741.364s][info][gc,heap        ] GC(34425) ParOldGen: 469548K(470528K)->469596K(470528K)
[15741.364s][info][gc,metaspace   ] GC(34425) Metaspace: 62490K(62720K)->62490K(62720K) NonClass: 53453K(53632K)->53453K(53632K) Class: 9037K(9088K)->9037K(9088K)
[15741.364s][info][gc             ] GC(34425) Pause Young (Allocation Failure) 538M->459M(541M) 2.497ms
[15741.364s][info][gc,cpu         ] GC(34425) User=0.01s Sys=0.00s Real=0.00s
[15741.841s][info][gc,start       ] GC(34426) Pause Young (Allocation Failure)
[15741.843s][info][gc,heap        ] GC(34426) PSYoungGen: 81504K(83968K)->320K(83968K) Eden: 80896K(80896K)->0K(80896K) From: 608K(3072K)->320K(3072K)
[15741.843s][info][gc,heap        ] GC(34426) ParOldGen: 469596K(470528K)->469652K(470528K)
[15741.843s][info][gc,metaspace   ] GC(34426) Metaspace: 62490K(62720K)->62490K(62720K) NonClass: 53453K(53632K)->53453K(53632K) Class: 9037K(9088K)->9037K(9088K)
[15741.843s][info][gc             ] GC(34426) Pause Young (Allocation Failure) 538M->458M(541M) 2.281ms
[15741.843s][info][gc,cpu         ] GC(34426) User=0.01s Sys=0.00s Real=0.00s
[15742.309s][info][gc,start       ] GC(34427) Pause Young (Allocation Failure)
[15742.312s][info][gc,heap        ] GC(34427) PSYoungGen: 81216K(83968K)->1344K(83968K) Eden: 80896K(80896K)->0K(80896K) From: 320K(3072K)->1344K(3072K)
[15742.312s][info][gc,heap        ] GC(34427) ParOldGen: 469652K(470528K)->469700K(470528K)
[15742.312s][info][gc,metaspace   ] GC(34427) Metaspace: 62490K(62720K)->62490K(62720K) NonClass: 53453K(53632K)->53453K(53632K) Class: 9037K(9088K)->9037K(9088K)
[15742.312s][info][gc             ] GC(34427) Pause Young (Allocation Failure) 537M->460M(541M) 3.109ms
[15742.312s][info][gc,cpu         ] GC(34427) User=0.00s Sys=0.00s Real=0.00s
[15742.761s][info][gc,start       ] GC(34428) Pause Young (Allocation Failure)
[15742.763s][info][gc,heap        ] GC(34428) PSYoungGen: 82240K(83968K)->576K(83968K) Eden: 80896K(80896K)->0K(80896K) From: 1344K(3072K)->576K(3072K)
[15742.763s][info][gc,heap        ] GC(34428) ParOldGen: 469700K(470528K)->469756K(470528K)
[15742.763s][info][gc,metaspace   ] GC(34428) Metaspace: 62490K(62720K)->62490K(62720K) NonClass: 53453K(53632K)->53453K(53632K) Class: 9037K(9088K)->9037K(9088K)
[15742.763s][info][gc             ] GC(34428) Pause Young (Allocation Failure) 539M->459M(541M) 2.498ms
[15742.763s][info][gc,cpu         ] GC(34428) User=0.00s Sys=0.00s Real=0.00s
[15743.199s][info][gc,start       ] GC(34429) Pause Young (Allocation Failure)
[15743.202s][info][gc,heap        ] GC(34429) PSYoungGen: 81472K(83968K)->1184K(84480K) Eden: 80896K(80896K)->0K(81408K) From: 576K(3072K)->1184K(3072K)
[15743.202s][info][gc,heap        ] GC(34429) ParOldGen: 469756K(470528K)->469804K(470528K)
[15743.202s][info][gc,metaspace   ] GC(34429) Metaspace: 62490K(62720K)->62490K(62720K) NonClass: 53453K(53632K)->53453K(53632K) Class: 9037K(9088K)->9037K(9088K)
[15743.202s][info][gc             ] GC(34429) Pause Young (Allocation Failure) 538M->459M(542M) 3.032ms
[15743.202s][info][gc,cpu         ] GC(34429) User=0.00s Sys=0.00s Real=0.00s
[15743.623s][info][gc,start       ] GC(34430) Pause Young (Allocation Failure)
[15743.627s][info][gc,heap        ] GC(34430) PSYoungGen: 82592K(84480K)->1664K(83968K) Eden: 81408K(81408K)->0K(81408K) From: 1184K(3072K)->1664K(2560K)
[15743.627s][info][gc,heap        ] GC(34430) ParOldGen: 469804K(470528K)->469860K(470528K)
[15743.627s][info][gc,metaspace   ] GC(34430) Metaspace: 62490K(62720K)->62490K(62720K) NonClass: 53453K(53632K)->53453K(53632K) Class: 9037K(9088K)->9037K(9088K)
[15743.627s][info][gc             ] GC(34430) Pause Young (Allocation Failure) 539M->460M(541M) 3.477ms
[15743.627s][info][gc,cpu         ] GC(34430) User=0.01s Sys=0.00s Real=0.01s
[15744.118s][info][gc,start       ] GC(34431) Pause Young (Allocation Failure)
[15744.121s][info][gc,heap        ] GC(34431) PSYoungGen: 83072K(83968K)->1328K(84480K) Eden: 81408K(81408K)->0K(81408K) From: 1664K(2560K)->1328K(3072K)
[15744.121s][info][gc,heap        ] GC(34431) ParOldGen: 469860K(470528K)->469916K(470528K)
[15744.121s][info][gc,metaspace   ] GC(34431) Metaspace: 62490K(62720K)->62490K(62720K) NonClass: 53453K(53632K)->53453K(53632K) Class: 9037K(9088K)->9037K(9088K)
[15744.121s][info][gc             ] GC(34431) Pause Young (Allocation Failure) 539M->460M(542M) 3.392ms
[15744.121s][info][gc,cpu         ] GC(34431) User=0.01s Sys=0.00s Real=0.00s
[15744.585s][info][gc,start       ] GC(34432) Pause Young (Allocation Failure)
[15744.588s][info][gc,heap        ] GC(34432) PSYoungGen: 82736K(84480K)->896K(83968K) Eden: 81408K(81408K)->0K(81408K) From: 1328K(3072K)->896K(2560K)
[15744.588s][info][gc,heap        ] GC(34432) ParOldGen: 469916K(470528K)->470012K(470528K)
[15744.588s][info][gc,metaspace   ] GC(34432) Metaspace: 62490K(62720K)->62490K(62720K) NonClass: 53453K(53632K)->53453K(53632K) Class: 9037K(9088K)->9037K(9088K)
[15744.588s][info][gc             ] GC(34432) Pause Young (Allocation Failure) 539M->459M(541M) 3.053ms
[15744.588s][info][gc,cpu         ] GC(34432) User=0.01s Sys=0.00s Real=0.00s
[15744.993s][info][gc,start       ] GC(34433) Pause Young (Allocation Failure)
[15744.996s][info][gc,heap        ] GC(34433) PSYoungGen: 82303K(83968K)->1280K(84480K) Eden: 81407K(81408K)->0K(81920K) From: 896K(2560K)->1280K(2560K)
[15744.996s][info][gc,heap        ] GC(34433) ParOldGen: 470012K(470528K)->470060K(470528K)
[15744.996s][info][gc,metaspace   ] GC(34433) Metaspace: 62490K(62720K)->62490K(62720K) NonClass: 53453K(53632K)->53453K(53632K) Class: 9037K(9088K)->9037K(9088K)
[15744.996s][info][gc             ] GC(34433) Pause Young (Allocation Failure) 539M->460M(542M) 3.126ms
[15744.996s][info][gc,cpu         ] GC(34433) User=0.00s Sys=0.00s Real=0.01s
[15745.399s][info][gc,start       ] GC(34434) Pause Young (Allocation Failure)
[15745.402s][info][gc,heap        ] GC(34434) PSYoungGen: 83200K(84480K)->2528K(84480K) Eden: 81920K(81920K)->0K(81920K) From: 1280K(2560K)->2528K(2560K)
[15745.402s][info][gc,heap        ] GC(34434) ParOldGen: 470060K(470528K)->470716K(471040K)
[15745.402s][info][gc,metaspace   ] GC(34434) Metaspace: 62490K(62720K)->62490K(62720K) NonClass: 53453K(53632K)->53453K(53632K) Class: 9037K(9088K)->9037K(9088K)
[15745.402s][info][gc             ] GC(34434) Pause Young (Allocation Failure) 540M->462M(542M) 3.527ms
[15745.402s][info][gc,cpu         ] GC(34434) User=0.00s Sys=0.00s Real=0.00s
[15745.827s][info][gc,start       ] GC(34435) Pause Young (Allocation Failure)
[15745.832s][info][gc,heap        ] GC(34435) PSYoungGen: 84448K(84480K)->1632K(83456K) Eden: 81920K(81920K)->0K(80896K) From: 2528K(2560K)->1632K(2560K)
[15745.832s][info][gc,heap        ] GC(34435) ParOldGen: 470716K(471040K)->472812K(474112K)
[15745.832s][info][gc,metaspace   ] GC(34435) Metaspace: 62490K(62720K)->62490K(62720K) NonClass: 53453K(53632K)->53453K(53632K) Class: 9037K(9088K)->9037K(9088K)
[15745.832s][info][gc             ] GC(34435) Pause Young (Allocation Failure) 542M->463M(544M) 4.513ms
[15745.832s][info][gc,cpu         ] GC(34435) User=0.01s Sys=0.01s Real=0.00s
[15746.224s][info][gc,start       ] GC(34436) Pause Young (Allocation Failure)
[15746.227s][info][gc,heap        ] GC(34436) PSYoungGen: 82528K(83456K)->1696K(83968K) Eden: 80896K(80896K)->0K(80896K) From: 1632K(2560K)->1696K(3072K)
[15746.227s][info][gc,heap        ] GC(34436) ParOldGen: 472812K(474112K)->472868K(474112K)
[15746.227s][info][gc,metaspace   ] GC(34436) Metaspace: 62490K(62720K)->62490K(62720K) NonClass: 53453K(53632K)->53453K(53632K) Class: 9037K(9088K)->9037K(9088K)
[15746.227s][info][gc             ] GC(34436) Pause Young (Allocation Failure) 542M->463M(545M) 3.500ms
[15746.227s][info][gc,cpu         ] GC(34436) User=0.01s Sys=0.00s Real=0.01s
[15746.655s][info][gc,start       ] GC(34437) Pause Young (Allocation Failure)
[15746.658s][info][gc,heap        ] GC(34437) PSYoungGen: 82592K(83968K)->576K(83968K) Eden: 80896K(80896K)->0K(80896K) From: 1696K(3072K)->576K(3072K)
[15746.658s][info][gc,heap        ] GC(34437) ParOldGen: 472868K(474112K)->472916K(474112K)
[15746.658s][info][gc,metaspace   ] GC(34437) Metaspace: 62490K(62720K)->62490K(62720K) NonClass: 53453K(53632K)->53453K(53632K) Class: 9037K(9088K)->9037K(9088K)
[15746.658s][info][gc             ] GC(34437) Pause Young (Allocation Failure) 542M->462M(545M) 2.537ms
[15746.658s][info][gc,cpu         ] GC(34437) User=0.01s Sys=0.00s Real=0.00s
[15747.113s][info][gc,start       ] GC(34438) Pause Young (Allocation Failure)
[15747.117s][info][gc,heap        ] GC(34438) PSYoungGen: 81472K(83968K)->1280K(83968K) Eden: 80896K(80896K)->0K(80896K) From: 576K(3072K)->1280K(3072K)
[15747.117s][info][gc,heap        ] GC(34438) ParOldGen: 472916K(474112K)->472972K(474112K)
[15747.117s][info][gc,metaspace   ] GC(34438) Metaspace: 62490K(62720K)->62490K(62720K) NonClass: 53453K(53632K)->53453K(53632K) Class: 9037K(9088K)->9037K(9088K)
[15747.117s][info][gc             ] GC(34438) Pause Young (Allocation Failure) 541M->463M(545M) 3.232ms
[15747.117s][info][gc,cpu         ] GC(34438) User=0.01s Sys=0.00s Real=0.01s
[15747.575s][info][gc,start       ] GC(34439) Pause Young (Allocation Failure)
[15747.578s][info][gc,heap        ] GC(34439) PSYoungGen: 82176K(83968K)->768K(83968K) Eden: 80896K(80896K)->0K(80896K) From: 1280K(3072K)->768K(3072K)
[15747.578s][info][gc,heap        ] GC(34439) ParOldGen: 472972K(474112K)->473028K(474112K)
[15747.578s][info][gc,metaspace   ] GC(34439) Metaspace: 62490K(62720K)->62490K(62720K) NonClass: 53453K(53632K)->53453K(53632K) Class: 9037K(9088K)->9037K(9088K)
[15747.578s][info][gc             ] GC(34439) Pause Young (Allocation Failure) 542M->462M(545M) 2.880ms
[15747.578s][info][gc,cpu         ] GC(34439) User=0.00s Sys=0.00s Real=0.00s
[15748.036s][info][gc,start       ] GC(34440) Pause Young (Allocation Failure)
[15748.038s][info][gc,heap        ] GC(34440) PSYoungGen: 81664K(83968K)->256K(83968K) Eden: 80896K(80896K)->0K(80896K) From: 768K(3072K)->256K(3072K)
[15748.038s][info][gc,heap        ] GC(34440) ParOldGen: 473028K(474112K)->473076K(474112K)
[15748.038s][info][gc,metaspace   ] GC(34440) Metaspace: 62490K(62720K)->62490K(62720K) NonClass: 53453K(53632K)->53453K(53632K) Class: 9037K(9088K)->9037K(9088K)
[15748.038s][info][gc             ] GC(34440) Pause Young (Allocation Failure) 541M->462M(545M) 2.245ms
[15748.038s][info][gc,cpu         ] GC(34440) User=0.00s Sys=0.00s Real=0.00s
[15748.468s][info][gc,start       ] GC(34441) Pause Young (Allocation Failure)
[15748.471s][info][gc,heap        ] GC(34441) PSYoungGen: 81152K(83968K)->736K(83968K) Eden: 80896K(80896K)->0K(80896K) From: 256K(3072K)->736K(3072K)
[15748.471s][info][gc,heap        ] GC(34441) ParOldGen: 473076K(474112K)->473132K(474112K)
[15748.471s][info][gc,metaspace   ] GC(34441) Metaspace: 62490K(62720K)->62490K(62720K) NonClass: 53453K(53632K)->53453K(53632K) Class: 9037K(9088K)->9037K(9088K)
[15748.471s][info][gc             ] GC(34441) Pause Young (Allocation Failure) 541M->462M(545M) 2.806ms
[15748.471s][info][gc,cpu         ] GC(34441) User=0.01s Sys=0.00s Real=0.00s
[15748.914s][info][gc,start       ] GC(34442) Pause Young (Allocation Failure)
[15748.917s][info][gc,heap        ] GC(34442) PSYoungGen: 81632K(83968K)->1280K(83968K) Eden: 80896K(80896K)->0K(80896K) From: 736K(3072K)->1280K(3072K)
[15748.917s][info][gc,heap        ] GC(34442) ParOldGen: 473132K(474112K)->473188K(474112K)
[15748.917s][info][gc,metaspace   ] GC(34442) Metaspace: 62490K(62720K)->62490K(62720K) NonClass: 53453K(53632K)->53453K(53632K) Class: 9037K(9088K)->9037K(9088K)
[15748.917s][info][gc             ] GC(34442) Pause Young (Allocation Failure) 541M->463M(545M) 3.240ms
[15748.917s][info][gc,cpu         ] GC(34442) User=0.01s Sys=0.00s Real=0.01s
[15749.362s][info][gc,start       ] GC(34443) Pause Young (Allocation Failure)
[15749.365s][info][gc,heap        ] GC(34443) PSYoungGen: 82176K(83968K)->640K(84480K) Eden: 80896K(80896K)->0K(81920K) From: 1280K(3072K)->640K(2560K)
[15749.365s][info][gc,heap        ] GC(34443) ParOldGen: 473188K(474112K)->473244K(474112K)
[15749.365s][info][gc,metaspace   ] GC(34443) Metaspace: 62490K(62720K)->62490K(62720K) NonClass: 53453K(53632K)->53453K(53632K) Class: 9037K(9088K)->9037K(9088K)
[15749.365s][info][gc             ] GC(34443) Pause Young (Allocation Failure) 542M->462M(545M) 2.798ms
[15749.365s][info][gc,cpu         ] GC(34443) User=0.00s Sys=0.00s Real=0.01s
[15749.775s][info][gc,start       ] GC(34444) Pause Young (Allocation Failure)
[15749.778s][info][gc,heap        ] GC(34444) PSYoungGen: 82560K(84480K)->2528K(84480K) Eden: 81920K(81920K)->0K(81920K) From: 640K(2560K)->2528K(2560K)
[15749.778s][info][gc,heap        ] GC(34444) ParOldGen: 473244K(474112K)->473580K(474112K)
[15749.778s][info][gc,metaspace   ] GC(34444) Metaspace: 62490K(62720K)->62490K(62720K) NonClass: 53453K(53632K)->53453K(53632K) Class: 9037K(9088K)->9037K(9088K)
[15749.778s][info][gc             ] GC(34444) Pause Young (Allocation Failure) 542M->464M(545M) 3.085ms
[15749.778s][info][gc,cpu         ] GC(34444) User=0.00s Sys=0.00s Real=0.00s
[15750.199s][info][gc,start       ] GC(34445) Pause Young (Allocation Failure)
[15750.203s][info][gc,heap        ] GC(34445) PSYoungGen: 84448K(84480K)->1280K(83456K) Eden: 81920K(81920K)->0K(80896K) From: 2528K(2560K)->1280K(2560K)
[15750.203s][info][gc,heap        ] GC(34445) ParOldGen: 473580K(474112K)->475677K(476160K)
[15750.203s][info][gc,metaspace   ] GC(34445) Metaspace: 62490K(62720K)->62490K(62720K) NonClass: 53453K(53632K)->53453K(53632K) Class: 9037K(9088K)->9037K(9088K)
[15750.203s][info][gc             ] GC(34445) Pause Young (Allocation Failure) 544M->465M(546M) 4.495ms
[15750.203s][info][gc,cpu         ] GC(34445) User=0.01s Sys=0.00s Real=0.00s
[15750.598s][info][gc,start       ] GC(34446) Pause Young (Allocation Failure)
[15750.601s][info][gc,heap        ] GC(34446) PSYoungGen: 82176K(83456K)->1312K(83968K) Eden: 80896K(80896K)->0K(80896K) From: 1280K(2560K)->1312K(3072K)
[15750.601s][info][gc,heap        ] GC(34446) ParOldGen: 475677K(476160K)->475733K(476160K)
[15750.601s][info][gc,metaspace   ] GC(34446) Metaspace: 62490K(62720K)->62490K(62720K) NonClass: 53453K(53632K)->53453K(53632K) Class: 9037K(9088K)->9037K(9088K)
[15750.601s][info][gc             ] GC(34446) Pause Young (Allocation Failure) 544M->465M(547M) 3.103ms
[15750.601s][info][gc,cpu         ] GC(34446) User=0.00s Sys=0.00s Real=0.00s
[15751.011s][info][gc,start       ] GC(34447) Pause Young (Allocation Failure)
[15751.014s][info][gc,heap        ] GC(34447) PSYoungGen: 82208K(83968K)->1376K(83968K) Eden: 80896K(80896K)->0K(80896K) From: 1312K(3072K)->1376K(3072K)
[15751.014s][info][gc,heap        ] GC(34447) ParOldGen: 475733K(476160K)->475789K(476160K)
[15751.014s][info][gc,metaspace   ] GC(34447) Metaspace: 62490K(62720K)->62490K(62720K) NonClass: 53453K(53632K)->53453K(53632K) Class: 9037K(9088K)->9037K(9088K)
[15751.014s][info][gc             ] GC(34447) Pause Young (Allocation Failure) 544M->465M(547M) 3.354ms
[15751.014s][info][gc,cpu         ] GC(34447) User=0.01s Sys=0.00s Real=0.00s
[15751.514s][info][gc,start       ] GC(34448) Pause Young (Allocation Failure)
[15751.517s][info][gc,heap        ] GC(34448) PSYoungGen: 82272K(83968K)->1472K(83968K) Eden: 80896K(80896K)->0K(80896K) From: 1376K(3072K)->1472K(3072K)
[15751.517s][info][gc,heap        ] GC(34448) ParOldGen: 475789K(476160K)->475845K(476160K)
[15751.517s][info][gc,metaspace   ] GC(34448) Metaspace: 62490K(62720K)->62490K(62720K) NonClass: 53453K(53632K)->53453K(53632K) Class: 9037K(9088K)->9037K(9088K)
[15751.517s][info][gc             ] GC(34448) Pause Young (Allocation Failure) 544M->466M(547M) 3.230ms
[15751.517s][info][gc,cpu         ] GC(34448) User=0.00s Sys=0.00s Real=0.01s
[15751.940s][info][gc,start       ] GC(34449) Pause Young (Allocation Failure)
[15751.942s][info][gc,heap        ] GC(34449) PSYoungGen: 82368K(83968K)->320K(83456K) Eden: 80896K(80896K)->0K(80896K) From: 1472K(3072K)->320K(2560K)
[15751.942s][info][gc,heap        ] GC(34449) ParOldGen: 475845K(476160K)->475949K(476160K)
[15751.942s][info][gc,metaspace   ] GC(34449) Metaspace: 62490K(62720K)->62490K(62720K) NonClass: 53453K(53632K)->53453K(53632K) Class: 9037K(9088K)->9037K(9088K)
[15751.942s][info][gc             ] GC(34449) Pause Young (Allocation Failure) 545M->465M(546M) 2.340ms
[15751.942s][info][gc,cpu         ] GC(34449) User=0.00s Sys=0.00s Real=0.00s
[15752.395s][info][gc,start       ] GC(34450) Pause Young (Allocation Failure)
[15752.398s][info][gc,heap        ] GC(34450) PSYoungGen: 81216K(83456K)->1120K(83968K) Eden: 80896K(80896K)->0K(80896K) From: 320K(2560K)->1120K(3072K)
[15752.398s][info][gc,heap        ] GC(34450) ParOldGen: 475949K(476160K)->475997K(476160K)
[15752.398s][info][gc,metaspace   ] GC(34450) Metaspace: 62490K(62720K)->62490K(62720K) NonClass: 53453K(53632K)->53453K(53632K) Class: 9037K(9088K)->9037K(9088K)
[15752.398s][info][gc             ] GC(34450) Pause Young (Allocation Failure) 544M->465M(547M) 2.935ms
[15752.398s][info][gc,cpu         ] GC(34450) User=0.00s Sys=0.00s Real=0.00s
[15752.790s][info][gc,start       ] GC(34451) Pause Young (Allocation Failure)
[15752.793s][info][gc,heap        ] GC(34451) PSYoungGen: 82016K(83968K)->1120K(84480K) Eden: 80896K(80896K)->0K(81920K) From: 1120K(3072K)->1120K(2560K)
[15752.793s][info][gc,heap        ] GC(34451) ParOldGen: 475997K(476160K)->476053K(476160K)
[15752.793s][info][gc,metaspace   ] GC(34451) Metaspace: 62490K(62720K)->62490K(62720K) NonClass: 53453K(53632K)->53453K(53632K) Class: 9037K(9088K)->9037K(9088K)
[15752.793s][info][gc             ] GC(34451) Pause Young (Allocation Failure) 544M->465M(547M) 3.162ms
[15752.793s][info][gc,cpu         ] GC(34451) User=0.01s Sys=0.00s Real=0.00s
[15753.236s][info][gc,start       ] GC(34452) Pause Young (Allocation Failure)
[15753.238s][info][gc,heap        ] GC(34452) PSYoungGen: 83040K(84480K)->256K(84480K) Eden: 81920K(81920K)->0K(81920K) From: 1120K(2560K)->256K(2560K)
[15753.238s][info][gc,heap        ] GC(34452) ParOldGen: 476053K(476160K)->476109K(476160K)
[15753.238s][info][gc,metaspace   ] GC(34452) Metaspace: 62490K(62720K)->62490K(62720K) NonClass: 53453K(53632K)->53453K(53632K) Class: 9037K(9088K)->9037K(9088K)
[15753.238s][info][gc             ] GC(34452) Pause Young (Allocation Failure) 545M->465M(547M) 2.270ms
[15753.238s][info][gc,cpu         ] GC(34452) User=0.01s Sys=0.00s Real=0.00s
[15753.676s][info][gc,start       ] GC(34453) Pause Young (Allocation Failure)
[15753.679s][info][gc,heap        ] GC(34453) PSYoungGen: 82176K(84480K)->896K(84480K) Eden: 81920K(81920K)->0K(81920K) From: 256K(2560K)->896K(2560K)
[15753.679s][info][gc,heap        ] GC(34453) ParOldGen: 476109K(476160K)->476165K(476672K)
[15753.679s][info][gc,metaspace   ] GC(34453) Metaspace: 62490K(62720K)->62490K(62720K) NonClass: 53453K(53632K)->53453K(53632K) Class: 9037K(9088K)->9037K(9088K)
[15753.679s][info][gc             ] GC(34453) Pause Young (Allocation Failure) 545M->465M(548M) 2.787ms
[15753.679s][info][gc,cpu         ] GC(34453) User=0.01s Sys=0.00s Real=0.00s
[15754.086s][info][gc,start       ] GC(34454) Pause Young (Allocation Failure)
[15754.089s][info][gc,heap        ] GC(34454) PSYoungGen: 82815K(84480K)->992K(84480K) Eden: 81919K(81920K)->0K(81920K) From: 896K(2560K)->992K(2560K)
[15754.089s][info][gc,heap        ] GC(34454) ParOldGen: 476165K(476672K)->476213K(476672K)
[15754.089s][info][gc,metaspace   ] GC(34454) Metaspace: 62490K(62720K)->62490K(62720K) NonClass: 53453K(53632K)->53453K(53632K) Class: 9037K(9088K)->9037K(9088K)
[15754.089s][info][gc             ] GC(34454) Pause Young (Allocation Failure) 545M->466M(548M) 3.097ms
[15754.089s][info][gc,cpu         ] GC(34454) User=0.00s Sys=0.00s Real=0.00s
[15754.500s][info][gc,start       ] GC(34455) Pause Young (Allocation Failure)
[15754.504s][info][gc,heap        ] GC(34455) PSYoungGen: 82912K(84480K)->2528K(83456K) Eden: 81920K(81920K)->0K(80896K) From: 992K(2560K)->2528K(2560K)
[15754.504s][info][gc,heap        ] GC(34455) ParOldGen: 476213K(476672K)->476965K(477184K)
[15754.504s][info][gc,metaspace   ] GC(34455) Metaspace: 62490K(62720K)->62490K(62720K) NonClass: 53453K(53632K)->53453K(53632K) Class: 9037K(9088K)->9037K(9088K)
[15754.504s][info][gc             ] GC(34455) Pause Young (Allocation Failure) 546M->468M(547M) 3.894ms
[15754.504s][info][gc,cpu         ] GC(34455) User=0.00s Sys=0.00s Real=0.00s
[15754.932s][info][gc,start       ] GC(34456) Pause Young (Allocation Failure)
[15754.937s][info][gc,heap        ] GC(34456) PSYoungGen: 83424K(83456K)->1792K(83968K) Eden: 80896K(80896K)->0K(80896K) From: 2528K(2560K)->1792K(3072K)
[15754.937s][info][gc,heap        ] GC(34456) ParOldGen: 476965K(477184K)->479053K(480256K)
[15754.937s][info][gc,metaspace   ] GC(34456) Metaspace: 62490K(62720K)->62490K(62720K) NonClass: 53453K(53632K)->53453K(53632K) Class: 9037K(9088K)->9037K(9088K)
[15754.937s][info][gc             ] GC(34456) Pause Young (Allocation Failure) 547M->469M(551M) 4.806ms
[15754.937s][info][gc,cpu         ] GC(34456) User=0.01s Sys=0.01s Real=0.01s
[15755.327s][info][gc,start       ] GC(34457) Pause Young (Allocation Failure)
[15755.330s][info][gc,heap        ] GC(34457) PSYoungGen: 82688K(83968K)->1696K(83968K) Eden: 80896K(80896K)->0K(80896K) From: 1792K(3072K)->1696K(3072K)
[15755.330s][info][gc,heap        ] GC(34457) ParOldGen: 479053K(480256K)->479109K(480256K)
[15755.330s][info][gc,metaspace   ] GC(34457) Metaspace: 62490K(62720K)->62490K(62720K) NonClass: 53453K(53632K)->53453K(53632K) Class: 9037K(9088K)->9037K(9088K)
[15755.330s][info][gc             ] GC(34457) Pause Young (Allocation Failure) 548M->469M(551M) 3.393ms
[15755.330s][info][gc,cpu         ] GC(34457) User=0.01s Sys=0.00s Real=0.00s
[15755.736s][info][gc,start       ] GC(34458) Pause Young (Allocation Failure)
[15755.738s][info][gc,heap        ] GC(34458) PSYoungGen: 82592K(83968K)->224K(83968K) Eden: 80896K(80896K)->0K(80896K) From: 1696K(3072K)->224K(3072K)
[15755.738s][info][gc,heap        ] GC(34458) ParOldGen: 479109K(480256K)->479157K(480256K)
[15755.738s][info][gc,metaspace   ] GC(34458) Metaspace: 62490K(62720K)->62490K(62720K) NonClass: 53453K(53632K)->53453K(53632K) Class: 9037K(9088K)->9037K(9088K)
[15755.738s][info][gc             ] GC(34458) Pause Young (Allocation Failure) 548M->468M(551M) 2.243ms
[15755.738s][info][gc,cpu         ] GC(34458) User=0.00s Sys=0.00s Real=0.00s
[15756.167s][info][gc,start       ] GC(34459) Pause Young (Allocation Failure)
[15756.169s][info][gc,heap        ] GC(34459) PSYoungGen: 81120K(83968K)->672K(83968K) Eden: 80896K(80896K)->0K(80896K) From: 224K(3072K)->672K(3072K)
[15756.169s][info][gc,heap        ] GC(34459) ParOldGen: 479157K(480256K)->479213K(480256K)
[15756.169s][info][gc,metaspace   ] GC(34459) Metaspace: 62490K(62720K)->62490K(62720K) NonClass: 53453K(53632K)->53453K(53632K) Class: 9037K(9088K)->9037K(9088K)
[15756.169s][info][gc             ] GC(34459) Pause Young (Allocation Failure) 547M->468M(551M) 2.606ms
[15756.169s][info][gc,cpu         ] GC(34459) User=0.00s Sys=0.00s Real=0.00s
[15756.601s][info][gc,start       ] GC(34460) Pause Young (Allocation Failure)
[15756.604s][info][gc,heap        ] GC(34460) PSYoungGen: 81568K(83968K)->1152K(83968K) Eden: 80896K(80896K)->0K(80896K) From: 672K(3072K)->1152K(3072K)
[15756.604s][info][gc,heap        ] GC(34460) ParOldGen: 479213K(480256K)->479269K(480256K)
[15756.604s][info][gc,metaspace   ] GC(34460) Metaspace: 62490K(62720K)->62490K(62720K) NonClass: 53453K(53632K)->53453K(53632K) Class: 9037K(9088K)->9037K(9088K)
[15756.604s][info][gc             ] GC(34460) Pause Young (Allocation Failure) 547M->469M(551M) 2.983ms
[15756.604s][info][gc,cpu         ] GC(34460) User=0.01s Sys=0.00s Real=0.01s
[15757.043s][info][gc,start       ] GC(34461) Pause Young (Allocation Failure)
[15757.045s][info][gc,heap        ] GC(34461) PSYoungGen: 82048K(83968K)->352K(83968K) Eden: 80896K(80896K)->0K(80896K) From: 1152K(3072K)->352K(3072K)
[15757.046s][info][gc,heap        ] GC(34461) ParOldGen: 479269K(480256K)->479317K(480256K)
[15757.046s][info][gc,metaspace   ] GC(34461) Metaspace: 62490K(62720K)->62490K(62720K) NonClass: 53453K(53632K)->53453K(53632K) Class: 9037K(9088K)->9037K(9088K)
[15757.046s][info][gc             ] GC(34461) Pause Young (Allocation Failure) 548M->468M(551M) 2.293ms
[15757.046s][info][gc,cpu         ] GC(34461) User=0.00s Sys=0.00s Real=0.01s
[15757.491s][info][gc,start       ] GC(34462) Pause Young (Allocation Failure)
[15757.494s][info][gc,heap        ] GC(34462) PSYoungGen: 81248K(83968K)->1024K(83968K) Eden: 80896K(80896K)->0K(80896K) From: 352K(3072K)->1024K(3072K)
[15757.494s][info][gc,heap        ] GC(34462) ParOldGen: 479317K(480256K)->479365K(480256K)
[15757.494s][info][gc,metaspace   ] GC(34462) Metaspace: 62490K(62720K)->62490K(62720K) NonClass: 53453K(53632K)->53453K(53632K) Class: 9037K(9088K)->9037K(9088K)
[15757.494s][info][gc             ] GC(34462) Pause Young (Allocation Failure) 547M->469M(551M) 2.821ms
[15757.494s][info][gc,cpu         ] GC(34462) User=0.01s Sys=0.00s Real=0.01s
[15757.927s][info][gc,start       ] GC(34463) Pause Young (Allocation Failure)
[15757.930s][info][gc,heap        ] GC(34463) PSYoungGen: 81920K(83968K)->1568K(83456K) Eden: 80896K(80896K)->0K(80896K) From: 1024K(3072K)->1568K(2560K)
[15757.930s][info][gc,heap        ] GC(34463) ParOldGen: 479365K(480256K)->479421K(480256K)
[15757.930s][info][gc,metaspace   ] GC(34463) Metaspace: 62490K(62720K)->62490K(62720K) NonClass: 53453K(53632K)->53453K(53632K) Class: 9037K(9088K)->9037K(9088K)
[15757.930s][info][gc             ] GC(34463) Pause Young (Allocation Failure) 548M->469M(550M) 3.348ms
[15757.930s][info][gc,cpu         ] GC(34463) User=0.01s Sys=0.00s Real=0.00s
[15758.350s][info][gc,start       ] GC(34464) Pause Young (Allocation Failure)
[15758.353s][info][gc,heap        ] GC(34464) PSYoungGen: 82464K(83456K)->448K(83968K) Eden: 80896K(80896K)->0K(80896K) From: 1568K(2560K)->448K(3072K)
[15758.353s][info][gc,heap        ] GC(34464) ParOldGen: 479421K(480256K)->479477K(480256K)
[15758.353s][info][gc,metaspace   ] GC(34464) Metaspace: 62490K(62720K)->62490K(62720K) NonClass: 53453K(53632K)->53453K(53632K) Class: 9037K(9088K)->9037K(9088K)
[15758.353s][info][gc             ] GC(34464) Pause Young (Allocation Failure) 548M->468M(551M) 2.367ms
[15758.353s][info][gc,cpu         ] GC(34464) User=0.00s Sys=0.00s Real=0.00s
[15758.738s][info][gc,start       ] GC(34465) Pause Young (Allocation Failure)
[15758.740s][info][gc,heap        ] GC(34465) PSYoungGen: 81344K(83968K)->304K(84480K) Eden: 80896K(80896K)->0K(81920K) From: 448K(3072K)->304K(2560K)
[15758.740s][info][gc,heap        ] GC(34465) ParOldGen: 479477K(480256K)->479525K(480256K)
[15758.740s][info][gc,metaspace   ] GC(34465) Metaspace: 62490K(62720K)->62490K(62720K) NonClass: 53453K(53632K)->53453K(53632K) Class: 9037K(9088K)->9037K(9088K)
[15758.740s][info][gc             ] GC(34465) Pause Young (Allocation Failure) 547M->468M(551M) 2.269ms
[15758.740s][info][gc,cpu         ] GC(34465) User=0.00s Sys=0.00s Real=0.00s
[15759.119s][info][gc,start       ] GC(34466) Pause Young (Allocation Failure)
[15759.123s][info][gc,heap        ] GC(34466) PSYoungGen: 82224K(84480K)->2528K(82432K) Eden: 81920K(81920K)->0K(79872K) From: 304K(2560K)->2528K(2560K)
[15759.123s][info][gc,heap        ] GC(34466) ParOldGen: 479525K(480256K)->481837K(482304K)
[15759.123s][info][gc,metaspace   ] GC(34466) Metaspace: 62490K(62720K)->62490K(62720K) NonClass: 53453K(53632K)->53453K(53632K) Class: 9037K(9088K)->9037K(9088K)
[15759.123s][info][gc             ] GC(34466) Pause Young (Allocation Failure) 548M->473M(551M) 4.951ms
[15759.123s][info][gc,cpu         ] GC(34466) User=0.01s Sys=0.00s Real=0.00s
[15759.591s][info][gc,start       ] GC(34467) Pause Young (Allocation Failure)
[15759.595s][info][gc,heap        ] GC(34467) PSYoungGen: 82400K(82432K)->896K(81408K) Eden: 79872K(79872K)->0K(78848K) From: 2528K(2560K)->896K(2560K)
[15759.595s][info][gc,heap        ] GC(34467) ParOldGen: 481837K(482304K)->483933K(485376K)
[15759.595s][info][gc,metaspace   ] GC(34467) Metaspace: 62490K(62720K)->62490K(62720K) NonClass: 53453K(53632K)->53453K(53632K) Class: 9037K(9088K)->9037K(9088K)
[15759.595s][info][gc             ] GC(34467) Pause Young (Allocation Failure) 551M->473M(553M) 4.282ms
[15759.595s][info][gc,cpu         ] GC(34467) User=0.00s Sys=0.00s Real=0.01s
[15759.985s][info][gc,start       ] GC(34468) Pause Young (Allocation Failure)
[15759.987s][info][gc,heap        ] GC(34468) PSYoungGen: 79744K(81408K)->992K(82944K) Eden: 78848K(78848K)->0K(78848K) From: 896K(2560K)->992K(4096K)
[15759.988s][info][gc,heap        ] GC(34468) ParOldGen: 483933K(485376K)->483989K(485376K)
[15759.988s][info][gc,metaspace   ] GC(34468) Metaspace: 62490K(62720K)->62490K(62720K) NonClass: 53453K(53632K)->53453K(53632K) Class: 9037K(9088K)->9037K(9088K)
[15759.988s][info][gc             ] GC(34468) Pause Young (Allocation Failure) 550M->473M(555M) 2.892ms
[15759.988s][info][gc,cpu         ] GC(34468) User=0.01s Sys=0.00s Real=0.00s
[15760.360s][info][gc,start       ] GC(34469) Pause Young (Allocation Failure)
[15760.362s][info][gc,heap        ] GC(34469) PSYoungGen: 79840K(82944K)->608K(83456K) Eden: 78848K(78848K)->0K(79872K) From: 992K(4096K)->608K(3584K)
[15760.362s][info][gc,heap        ] GC(34469) ParOldGen: 483989K(485376K)->484053K(485376K)
[15760.362s][info][gc,metaspace   ] GC(34469) Metaspace: 62490K(62720K)->62490K(62720K) NonClass: 53453K(53632K)->53453K(53632K) Class: 9037K(9088K)->9037K(9088K)
[15760.362s][info][gc             ] GC(34469) Pause Young (Allocation Failure) 550M->473M(555M) 2.454ms
[15760.362s][info][gc,cpu         ] GC(34469) User=0.01s Sys=0.00s Real=0.00s
[15760.779s][info][gc,start       ] GC(34470) Pause Young (Allocation Failure)
[15760.782s][info][gc,heap        ] GC(34470) PSYoungGen: 80480K(83456K)->736K(83456K) Eden: 79872K(79872K)->0K(79872K) From: 608K(3584K)->736K(3584K)
[15760.782s][info][gc,heap        ] GC(34470) ParOldGen: 484053K(485376K)->484109K(485376K)
[15760.782s][info][gc,metaspace   ] GC(34470) Metaspace: 62490K(62720K)->62490K(62720K) NonClass: 53453K(53632K)->53453K(53632K) Class: 9037K(9088K)->9037K(9088K)
[15760.782s][info][gc             ] GC(34470) Pause Young (Allocation Failure) 551M->473M(555M) 2.615ms
[15760.782s][info][gc,cpu         ] GC(34470) User=0.00s Sys=0.00s Real=0.00s
[15761.253s][info][gc,start       ] GC(34471) Pause Young (Allocation Failure)
[15761.256s][info][gc,heap        ] GC(34471) PSYoungGen: 80608K(83456K)->512K(83456K) Eden: 79872K(79872K)->0K(79872K) From: 736K(3584K)->512K(3584K)
[15761.256s][info][gc,heap        ] GC(34471) ParOldGen: 484109K(485376K)->484165K(485376K)
[15761.256s][info][gc,metaspace   ] GC(34471) Metaspace: 62490K(62720K)->62490K(62720K) NonClass: 53453K(53632K)->53453K(53632K) Class: 9037K(9088K)->9037K(9088K)
[15761.256s][info][gc             ] GC(34471) Pause Young (Allocation Failure) 551M->473M(555M) 2.301ms
[15761.256s][info][gc,cpu         ] GC(34471) User=0.00s Sys=0.00s Real=0.01s
[15761.676s][info][gc,start       ] GC(34472) Pause Young (Allocation Failure)
[15761.679s][info][gc,heap        ] GC(34472) PSYoungGen: 80384K(83456K)->864K(83456K) Eden: 79872K(79872K)->0K(79872K) From: 512K(3584K)->864K(3584K)
[15761.679s][info][gc,heap        ] GC(34472) ParOldGen: 484165K(485376K)->484213K(485376K)
[15761.679s][info][gc,metaspace   ] GC(34472) Metaspace: 62490K(62720K)->62490K(62720K) NonClass: 53453K(53632K)->53453K(53632K) Class: 9037K(9088K)->9037K(9088K)
[15761.679s][info][gc             ] GC(34472) Pause Young (Allocation Failure) 551M->473M(555M) 2.658ms
[15761.679s][info][gc,cpu         ] GC(34472) User=0.01s Sys=0.00s Real=0.00s
[15762.094s][info][gc,start       ] GC(34473) Pause Young (Allocation Failure)
[15762.097s][info][gc,heap        ] GC(34473) PSYoungGen: 80736K(83456K)->1216K(83968K) Eden: 79872K(79872K)->0K(80896K) From: 864K(3584K)->1216K(3072K)
[15762.097s][info][gc,heap        ] GC(34473) ParOldGen: 484213K(485376K)->484261K(485376K)
[15762.097s][info][gc,metaspace   ] GC(34473) Metaspace: 62490K(62720K)->62490K(62720K) NonClass: 53453K(53632K)->53453K(53632K) Class: 9037K(9088K)->9037K(9088K)
[15762.097s][info][gc             ] GC(34473) Pause Young (Allocation Failure) 551M->474M(556M) 2.959ms
[15762.097s][info][gc,cpu         ] GC(34473) User=0.00s Sys=0.00s Real=0.01s
[15762.480s][info][gc,start       ] GC(34474) Pause Young (Allocation Failure)
[15762.483s][info][gc,heap        ] GC(34474) PSYoungGen: 82112K(83968K)->1024K(83968K) Eden: 80896K(80896K)->0K(80896K) From: 1216K(3072K)->1024K(3072K)
[15762.483s][info][gc,heap        ] GC(34474) ParOldGen: 484261K(485376K)->484317K(485376K)
[15762.483s][info][gc,metaspace   ] GC(34474) Metaspace: 62490K(62720K)->62490K(62720K) NonClass: 53453K(53632K)->53453K(53632K) Class: 9037K(9088K)->9037K(9088K)
[15762.483s][info][gc             ] GC(34474) Pause Young (Allocation Failure) 553M->473M(556M) 2.932ms
[15762.483s][info][gc,cpu         ] GC(34474) User=0.00s Sys=0.00s Real=0.00s
[15762.914s][info][gc,start       ] GC(34475) Pause Young (Allocation Failure)
[15762.917s][info][gc,heap        ] GC(34475) PSYoungGen: 81920K(83968K)->1376K(83968K) Eden: 80896K(80896K)->0K(80896K) From: 1024K(3072K)->1376K(3072K)
[15762.917s][info][gc,heap        ] GC(34475) ParOldGen: 484317K(485376K)->484373K(485376K)
[15762.917s][info][gc,metaspace   ] GC(34475) Metaspace: 62490K(62720K)->62490K(62720K) NonClass: 53453K(53632K)->53453K(53632K) Class: 9037K(9088K)->9037K(9088K)
[15762.917s][info][gc             ] GC(34475) Pause Young (Allocation Failure) 552M->474M(556M) 3.078ms
[15762.917s][info][gc,cpu         ] GC(34475) User=0.01s Sys=0.00s Real=0.01s
[15763.287s][info][gc,start       ] GC(34476) Pause Young (Allocation Failure)
[15763.290s][info][gc,heap        ] GC(34476) PSYoungGen: 82272K(83968K)->1088K(83968K) Eden: 80896K(80896K)->0K(80896K) From: 1376K(3072K)->1088K(3072K)
[15763.290s][info][gc,heap        ] GC(34476) ParOldGen: 484373K(485376K)->484429K(485376K)
[15763.290s][info][gc,metaspace   ] GC(34476) Metaspace: 62490K(62720K)->62490K(62720K) NonClass: 53453K(53632K)->53453K(53632K) Class: 9037K(9088K)->9037K(9088K)
[15763.290s][info][gc             ] GC(34476) Pause Young (Allocation Failure) 553M->474M(556M) 2.919ms
[15763.290s][info][gc,cpu         ] GC(34476) User=0.00s Sys=0.00s Real=0.00s
[15763.723s][info][gc,start       ] GC(34477) Pause Young (Allocation Failure)
[15763.726s][info][gc,heap        ] GC(34477) PSYoungGen: 81984K(83968K)->1536K(84480K) Eden: 80896K(80896K)->0K(81920K) From: 1088K(3072K)->1536K(2560K)
[15763.726s][info][gc,heap        ] GC(34477) ParOldGen: 484429K(485376K)->484477K(485376K)
[15763.726s][info][gc,metaspace   ] GC(34477) Metaspace: 62490K(62720K)->62490K(62720K) NonClass: 53453K(53632K)->53453K(53632K) Class: 9037K(9088K)->9037K(9088K)
[15763.726s][info][gc             ] GC(34477) Pause Young (Allocation Failure) 553M->474M(556M) 3.414ms
[15763.726s][info][gc,cpu         ] GC(34477) User=0.00s Sys=0.00s Real=0.01s
[15764.150s][info][gc,start       ] GC(34478) Pause Young (Allocation Failure)
[15764.152s][info][gc,heap        ] GC(34478) PSYoungGen: 83456K(84480K)->448K(84480K) Eden: 81920K(81920K)->0K(81920K) From: 1536K(2560K)->448K(2560K)
[15764.152s][info][gc,heap        ] GC(34478) ParOldGen: 484477K(485376K)->484525K(485376K)
[15764.152s][info][gc,metaspace   ] GC(34478) Metaspace: 62490K(62720K)->62490K(62720K) NonClass: 53453K(53632K)->53453K(53632K) Class: 9037K(9088K)->9037K(9088K)
[15764.152s][info][gc             ] GC(34478) Pause Young (Allocation Failure) 554M->473M(556M) 2.359ms
[15764.152s][info][gc,cpu         ] GC(34478) User=0.00s Sys=0.00s Real=0.00s
[15764.589s][info][gc,start       ] GC(34479) Pause Young (Allocation Failure)
[15764.592s][info][gc,heap        ] GC(34479) PSYoungGen: 82368K(84480K)->992K(84480K) Eden: 81920K(81920K)->0K(81920K) From: 448K(2560K)->992K(2560K)
[15764.592s][info][gc,heap        ] GC(34479) ParOldGen: 484525K(485376K)->484581K(485376K)
[15764.592s][info][gc,metaspace   ] GC(34479) Metaspace: 62490K(62720K)->62490K(62720K) NonClass: 53453K(53632K)->53453K(53632K) Class: 9037K(9088K)->9037K(9088K)
[15764.592s][info][gc             ] GC(34479) Pause Young (Allocation Failure) 553M->474M(556M) 2.926ms
[15764.592s][info][gc,cpu         ] GC(34479) User=0.00s Sys=0.00s Real=0.00s
[15765.020s][info][gc,start       ] GC(34480) Pause Young (Allocation Failure)
[15765.023s][info][gc,heap        ] GC(34480) PSYoungGen: 82912K(84480K)->1600K(84480K) Eden: 81920K(81920K)->0K(81920K) From: 992K(2560K)->1600K(2560K)
[15765.023s][info][gc,heap        ] GC(34480) ParOldGen: 484581K(485376K)->484637K(485376K)
[15765.023s][info][gc,metaspace   ] GC(34480) Metaspace: 62490K(62720K)->62490K(62720K) NonClass: 53453K(53632K)->53453K(53632K) Class: 9037K(9088K)->9037K(9088K)
[15765.023s][info][gc             ] GC(34480) Pause Young (Allocation Failure) 554M->474M(556M) 3.283ms
[15765.023s][info][gc,cpu         ] GC(34480) User=0.00s Sys=0.00s Real=0.00s
[15765.421s][info][gc,start       ] GC(34481) Pause Young (Allocation Failure)
[15765.424s][info][gc,heap        ] GC(34481) PSYoungGen: 83520K(84480K)->1632K(84480K) Eden: 81920K(81920K)->0K(81920K) From: 1600K(2560K)->1632K(2560K)
[15765.424s][info][gc,heap        ] GC(34481) ParOldGen: 484637K(485376K)->484685K(485376K)
[15765.424s][info][gc,metaspace   ] GC(34481) Metaspace: 62490K(62720K)->62490K(62720K) NonClass: 53453K(53632K)->53453K(53632K) Class: 9037K(9088K)->9037K(9088K)
[15765.424s][info][gc             ] GC(34481) Pause Young (Allocation Failure) 554M->474M(556M) 3.356ms
[15765.424s][info][gc,cpu         ] GC(34481) User=0.00s Sys=0.00s Real=0.01s
[15765.987s][info][gc,start       ] GC(34482) Pause Young (Allocation Failure)
[15765.990s][info][gc,heap        ] GC(34482) PSYoungGen: 83552K(84480K)->960K(84480K) Eden: 81920K(81920K)->0K(81920K) From: 1632K(2560K)->960K(2560K)
[15765.990s][info][gc,heap        ] GC(34482) ParOldGen: 484685K(485376K)->484741K(485376K)
[15765.990s][info][gc,metaspace   ] GC(34482) Metaspace: 62490K(62720K)->62490K(62720K) NonClass: 53453K(53632K)->53453K(53632K) Class: 9037K(9088K)->9037K(9088K)
[15765.990s][info][gc             ] GC(34482) Pause Young (Allocation Failure) 554M->474M(556M) 2.911ms
[15765.990s][info][gc,cpu         ] GC(34482) User=0.01s Sys=0.00s Real=0.00s
[15766.391s][info][gc,start       ] GC(34483) Pause Young (Allocation Failure)
[15766.394s][info][gc,heap        ] GC(34483) PSYoungGen: 82880K(84480K)->1216K(84480K) Eden: 81920K(81920K)->0K(81920K) From: 960K(2560K)->1216K(2560K)
[15766.394s][info][gc,heap        ] GC(34483) ParOldGen: 484741K(485376K)->484845K(485376K)
[15766.394s][info][gc,metaspace   ] GC(34483) Metaspace: 62490K(62720K)->62490K(62720K) NonClass: 53453K(53632K)->53453K(53632K) Class: 9037K(9088K)->9037K(9088K)
[15766.394s][info][gc             ] GC(34483) Pause Young (Allocation Failure) 554M->474M(556M) 3.069ms
[15766.394s][info][gc,cpu         ] GC(34483) User=0.01s Sys=0.00s Real=0.00s
[15766.793s][info][gc,start       ] GC(34484) Pause Young (Allocation Failure)
[15766.796s][info][gc,heap        ] GC(34484) PSYoungGen: 83136K(84480K)->1184K(84480K) Eden: 81920K(81920K)->0K(81920K) From: 1216K(2560K)->1184K(2560K)
[15766.796s][info][gc,heap        ] GC(34484) ParOldGen: 484845K(485376K)->484893K(485376K)
[15766.796s][info][gc,metaspace   ] GC(34484) Metaspace: 62490K(62720K)->62490K(62720K) NonClass: 53453K(53632K)->53453K(53632K) Class: 9037K(9088K)->9037K(9088K)
[15766.796s][info][gc             ] GC(34484) Pause Young (Allocation Failure) 554M->474M(556M) 3.032ms
[15766.796s][info][gc,cpu         ] GC(34484) User=0.01s Sys=0.00s Real=0.01s
[15767.188s][info][gc,start       ] GC(34485) Pause Young (Allocation Failure)
[15767.191s][info][gc,heap        ] GC(34485) PSYoungGen: 83104K(84480K)->1056K(84480K) Eden: 81920K(81920K)->0K(81920K) From: 1184K(2560K)->1056K(2560K)
[15767.191s][info][gc,heap        ] GC(34485) ParOldGen: 484893K(485376K)->484941K(485376K)
[15767.191s][info][gc,metaspace   ] GC(34485) Metaspace: 62490K(62720K)->62490K(62720K) NonClass: 53453K(53632K)->53453K(53632K) Class: 9037K(9088K)->9037K(9088K)
[15767.191s][info][gc             ] GC(34485) Pause Young (Allocation Failure) 554M->474M(556M) 2.980ms
[15767.191s][info][gc,cpu         ] GC(34485) User=0.01s Sys=0.00s Real=0.00s
[15767.600s][info][gc,start       ] GC(34486) Pause Young (Allocation Failure)
[15767.603s][info][gc,heap        ] GC(34486) PSYoungGen: 82976K(84480K)->1248K(84480K) Eden: 81920K(81920K)->0K(81920K) From: 1056K(2560K)->1248K(2560K)
[15767.603s][info][gc,heap        ] GC(34486) ParOldGen: 484941K(485376K)->484989K(485376K)
[15767.603s][info][gc,metaspace   ] GC(34486) Metaspace: 62490K(62720K)->62490K(62720K) NonClass: 53453K(53632K)->53453K(53632K) Class: 9037K(9088K)->9037K(9088K)
[15767.603s][info][gc             ] GC(34486) Pause Young (Allocation Failure) 554M->474M(556M) 3.063ms
[15767.603s][info][gc,cpu         ] GC(34486) User=0.01s Sys=0.00s Real=0.00s
[15767.956s][info][gc,start       ] GC(34487) Pause Young (Allocation Failure)
[15767.959s][info][gc,heap        ] GC(34487) PSYoungGen: 83168K(84480K)->1600K(83968K) Eden: 81920K(81920K)->0K(81920K) From: 1248K(2560K)->1600K(2048K)
[15767.959s][info][gc,heap        ] GC(34487) ParOldGen: 484989K(485376K)->486061K(486912K)
[15767.959s][info][gc,metaspace   ] GC(34487) Metaspace: 62490K(62720K)->62490K(62720K) NonClass: 53453K(53632K)->53453K(53632K) Class: 9037K(9088K)->9037K(9088K)
[15767.959s][info][gc             ] GC(34487) Pause Young (Allocation Failure) 554M->476M(557M) 3.164ms
[15767.959s][info][gc,cpu         ] GC(34487) User=0.00s Sys=0.00s Real=0.00s
[15768.339s][info][gc,start       ] GC(34488) Pause Young (Allocation Failure)
[15768.343s][info][gc,heap        ] GC(34488) PSYoungGen: 83520K(83968K)->320K(84480K) Eden: 81920K(81920K)->0K(81920K) From: 1600K(2048K)->320K(2560K)
[15768.343s][info][gc,heap        ] GC(34488) ParOldGen: 486061K(486912K)->488157K(488448K)
[15768.343s][info][gc,metaspace   ] GC(34488) Metaspace: 62490K(62720K)->62490K(62720K) NonClass: 53453K(53632K)->53453K(53632K) Class: 9037K(9088K)->9037K(9088K)
[15768.343s][info][gc             ] GC(34488) Pause Young (Allocation Failure) 556M->477M(559M) 3.339ms
[15768.343s][info][gc,cpu         ] GC(34488) User=0.00s Sys=0.00s Real=0.00s
[15768.728s][info][gc,start       ] GC(34489) Pause Young (Allocation Failure)
[15768.731s][info][gc,heap        ] GC(34489) PSYoungGen: 82240K(84480K)->1632K(84480K) Eden: 81920K(81920K)->0K(81920K) From: 320K(2560K)->1632K(2560K)
[15768.731s][info][gc,heap        ] GC(34489) ParOldGen: 488157K(488448K)->488205K(488448K)
[15768.731s][info][gc,metaspace   ] GC(34489) Metaspace: 62490K(62720K)->62490K(62720K) NonClass: 53453K(53632K)->53453K(53632K) Class: 9037K(9088K)->9037K(9088K)
[15768.731s][info][gc             ] GC(34489) Pause Young (Allocation Failure) 557M->478M(559M) 3.345ms
[15768.731s][info][gc,cpu         ] GC(34489) User=0.01s Sys=0.00s Real=0.00s
[15769.153s][info][gc,start       ] GC(34490) Pause Young (Allocation Failure)
[15769.155s][info][gc,heap        ] GC(34490) PSYoungGen: 83552K(84480K)->512K(84480K) Eden: 81920K(81920K)->0K(81920K) From: 1632K(2560K)->512K(2560K)
[15769.155s][info][gc,heap        ] GC(34490) ParOldGen: 488205K(488448K)->488253K(488448K)
[15769.155s][info][gc,metaspace   ] GC(34490) Metaspace: 62490K(62720K)->62490K(62720K) NonClass: 53453K(53632K)->53453K(53632K) Class: 9037K(9088K)->9037K(9088K)
[15769.155s][info][gc             ] GC(34490) Pause Young (Allocation Failure) 558M->477M(559M) 2.390ms
[15769.155s][info][gc,cpu         ] GC(34490) User=0.01s Sys=0.00s Real=0.01s
[15769.533s][info][gc,start       ] GC(34491) Pause Young (Allocation Failure)
[15769.536s][info][gc,heap        ] GC(34491) PSYoungGen: 82432K(84480K)->1888K(84480K) Eden: 81920K(81920K)->0K(81920K) From: 512K(2560K)->1888K(2560K)
[15769.536s][info][gc,heap        ] GC(34491) ParOldGen: 488253K(488448K)->488309K(488448K)
[15769.536s][info][gc,metaspace   ] GC(34491) Metaspace: 62490K(62720K)->62490K(62720K) NonClass: 53453K(53632K)->53453K(53632K) Class: 9037K(9088K)->9037K(9088K)
[15769.536s][info][gc             ] GC(34491) Pause Young (Allocation Failure) 557M->478M(559M) 3.562ms
[15769.536s][info][gc,cpu         ] GC(34491) User=0.01s Sys=0.00s Real=0.01s
[15769.982s][info][gc,start       ] GC(34492) Pause Young (Allocation Failure)
[15769.985s][info][gc,heap        ] GC(34492) PSYoungGen: 83808K(84480K)->896K(84480K) Eden: 81920K(81920K)->0K(81920K) From: 1888K(2560K)->896K(2560K)
[15769.985s][info][gc,heap        ] GC(34492) ParOldGen: 488309K(488448K)->488365K(488448K)
[15769.985s][info][gc,metaspace   ] GC(34492) Metaspace: 62490K(62720K)->62490K(62720K) NonClass: 53453K(53632K)->53453K(53632K) Class: 9037K(9088K)->9037K(9088K)
[15769.985s][info][gc             ] GC(34492) Pause Young (Allocation Failure) 558M->477M(559M) 2.726ms
[15769.985s][info][gc,cpu         ] GC(34492) User=0.01s Sys=0.00s Real=0.01s
[15770.420s][info][gc,start       ] GC(34493) Pause Young (Allocation Failure)
[15770.423s][info][gc,heap        ] GC(34493) PSYoungGen: 82816K(84480K)->1504K(84480K) Eden: 81920K(81920K)->0K(81920K) From: 896K(2560K)->1504K(2560K)
[15770.423s][info][gc,heap        ] GC(34493) ParOldGen: 488365K(488448K)->488421K(488448K)
[15770.423s][info][gc,metaspace   ] GC(34493) Metaspace: 62490K(62720K)->62490K(62720K) NonClass: 53453K(53632K)->53453K(53632K) Class: 9037K(9088K)->9037K(9088K)
[15770.423s][info][gc             ] GC(34493) Pause Young (Allocation Failure) 557M->478M(559M) 3.246ms
[15770.423s][info][gc,cpu         ] GC(34493) User=0.00s Sys=0.00s Real=0.00s
[15770.867s][info][gc,start       ] GC(34494) Pause Young (Allocation Failure)
[15770.870s][info][gc,heap        ] GC(34494) PSYoungGen: 83424K(84480K)->736K(84480K) Eden: 81920K(81920K)->0K(81920K) From: 1504K(2560K)->736K(2560K)
[15770.870s][info][gc,heap        ] GC(34494) ParOldGen: 488421K(488448K)->488477K(488960K)
[15770.870s][info][gc,metaspace   ] GC(34494) Metaspace: 62490K(62720K)->62490K(62720K) NonClass: 53453K(53632K)->53453K(53632K) Class: 9037K(9088K)->9037K(9088K)
[15770.870s][info][gc             ] GC(34494) Pause Young (Allocation Failure) 558M->477M(560M) 2.590ms
[15770.870s][info][gc,cpu         ] GC(34494) User=0.00s Sys=0.00s Real=0.00s
[15771.293s][info][gc,start       ] GC(34495) Pause Young (Allocation Failure)
[15771.296s][info][gc,heap        ] GC(34495) PSYoungGen: 82656K(84480K)->1152K(84480K) Eden: 81920K(81920K)->0K(81920K) From: 736K(2560K)->1152K(2560K)
[15771.296s][info][gc,heap        ] GC(34495) ParOldGen: 488477K(488960K)->488525K(488960K)
[15771.296s][info][gc,metaspace   ] GC(34495) Metaspace: 62490K(62720K)->62490K(62720K) NonClass: 53453K(53632K)->53453K(53632K) Class: 9037K(9088K)->9037K(9088K)
[15771.296s][info][gc             ] GC(34495) Pause Young (Allocation Failure) 557M->478M(560M) 2.928ms
[15771.296s][info][gc,cpu         ] GC(34495) User=0.00s Sys=0.00s Real=0.01s
[15771.709s][info][gc,start       ] GC(34496) Pause Young (Allocation Failure)
[15771.712s][info][gc,heap        ] GC(34496) PSYoungGen: 83072K(84480K)->1472K(84480K) Eden: 81920K(81920K)->0K(81920K) From: 1152K(2560K)->1472K(2560K)
[15771.713s][info][gc,heap        ] GC(34496) ParOldGen: 488525K(488960K)->488573K(488960K)
[15771.713s][info][gc,metaspace   ] GC(34496) Metaspace: 62490K(62720K)->62490K(62720K) NonClass: 53453K(53632K)->53453K(53632K) Class: 9037K(9088K)->9037K(9088K)
[15771.713s][info][gc             ] GC(34496) Pause Young (Allocation Failure) 558M->478M(560M) 3.187ms
[15771.713s][info][gc,cpu         ] GC(34496) User=0.00s Sys=0.00s Real=0.00s
[15772.140s][info][gc,start       ] GC(34497) Pause Young (Allocation Failure)
[15772.142s][info][gc,heap        ] GC(34497) PSYoungGen: 83392K(84480K)->2336K(84480K) Eden: 81920K(81920K)->0K(81920K) From: 1472K(2560K)->2336K(2560K)
[15772.142s][info][gc,heap        ] GC(34497) ParOldGen: 488573K(488960K)->488629K(488960K)
[15772.142s][info][gc,metaspace   ] GC(34497) Metaspace: 62490K(62720K)->62490K(62720K) NonClass: 53453K(53632K)->53453K(53632K) Class: 9037K(9088K)->9037K(9088K)
[15772.142s][info][gc             ] GC(34497) Pause Young (Allocation Failure) 558M->479M(560M) 2.508ms
[15772.143s][info][gc,cpu         ] GC(34497) User=0.00s Sys=0.00s Real=0.00s
[15772.617s][info][gc,start       ] GC(34498) Pause Young (Allocation Failure)
[15772.622s][info][gc,heap        ] GC(34498) PSYoungGen: 84256K(84480K)->1536K(84480K) Eden: 81920K(81920K)->0K(81920K) From: 2336K(2560K)->1536K(2560K)
[15772.622s][info][gc,heap        ] GC(34498) ParOldGen: 488629K(488960K)->490733K(492032K)
[15772.622s][info][gc,metaspace   ] GC(34498) Metaspace: 62490K(62720K)->62490K(62720K) NonClass: 53453K(53632K)->53453K(53632K) Class: 9037K(9088K)->9037K(9088K)
[15772.622s][info][gc             ] GC(34498) Pause Young (Allocation Failure) 559M->480M(563M) 4.447ms
[15772.622s][info][gc,cpu         ] GC(34498) User=0.01s Sys=0.00s Real=0.00s
[15773.060s][info][gc,start       ] GC(34499) Pause Young (Allocation Failure)
[15773.062s][info][gc,heap        ] GC(34499) PSYoungGen: 83456K(84480K)->608K(84480K) Eden: 81920K(81920K)->0K(81920K) From: 1536K(2560K)->608K(2560K)
[15773.062s][info][gc,heap        ] GC(34499) ParOldGen: 490733K(492032K)->490829K(492032K)
[15773.062s][info][gc,metaspace   ] GC(34499) Metaspace: 62490K(62720K)->62490K(62720K) NonClass: 53453K(53632K)->53453K(53632K) Class: 9037K(9088K)->9037K(9088K)
[15773.062s][info][gc             ] GC(34499) Pause Young (Allocation Failure) 560M->479M(563M) 2.516ms
[15773.062s][info][gc,cpu         ] GC(34499) User=0.01s Sys=0.00s Real=0.00s
[15773.516s][info][gc,start       ] GC(34500) Pause Young (Allocation Failure)
[15773.519s][info][gc,heap        ] GC(34500) PSYoungGen: 82528K(84480K)->1440K(84480K) Eden: 81920K(81920K)->0K(81920K) From: 608K(2560K)->1440K(2560K)
[15773.519s][info][gc,heap        ] GC(34500) ParOldGen: 490829K(492032K)->490877K(492032K)
[15773.519s][info][gc,metaspace   ] GC(34500) Metaspace: 62490K(62720K)->62490K(62720K) NonClass: 53453K(53632K)->53453K(53632K) Class: 9037K(9088K)->9037K(9088K)
[15773.519s][info][gc             ] GC(34500) Pause Young (Allocation Failure) 559M->480M(563M) 3.224ms
[15773.519s][info][gc,cpu         ] GC(34500) User=0.01s Sys=0.00s Real=0.00s
[15773.979s][info][gc,start       ] GC(34501) Pause Young (Allocation Failure)
[15773.981s][info][gc,heap        ] GC(34501) PSYoungGen: 83360K(84480K)->768K(84480K) Eden: 81920K(81920K)->0K(81920K) From: 1440K(2560K)->768K(2560K)
[15773.981s][info][gc,heap        ] GC(34501) ParOldGen: 490877K(492032K)->490925K(492032K)
[15773.981s][info][gc,metaspace   ] GC(34501) Metaspace: 62490K(62720K)->62490K(62720K) NonClass: 53453K(53632K)->53453K(53632K) Class: 9037K(9088K)->9037K(9088K)
[15773.981s][info][gc             ] GC(34501) Pause Young (Allocation Failure) 560M->480M(563M) 2.640ms
[15773.981s][info][gc,cpu         ] GC(34501) User=0.00s Sys=0.00s Real=0.00s
[15774.427s][info][gc,start       ] GC(34502) Pause Young (Allocation Failure)
[15774.430s][info][gc,heap        ] GC(34502) PSYoungGen: 82688K(84480K)->1600K(84480K) Eden: 81920K(81920K)->0K(81920K) From: 768K(2560K)->1600K(2560K)
[15774.430s][info][gc,heap        ] GC(34502) ParOldGen: 490925K(492032K)->490973K(492032K)
[15774.430s][info][gc,metaspace   ] GC(34502) Metaspace: 62490K(62720K)->62490K(62720K) NonClass: 53453K(53632K)->53453K(53632K) Class: 9037K(9088K)->9037K(9088K)
[15774.430s][info][gc             ] GC(34502) Pause Young (Allocation Failure) 560M->481M(563M) 3.306ms
[15774.430s][info][gc,cpu         ] GC(34502) User=0.01s Sys=0.00s Real=0.00s
[15774.862s][info][gc,start       ] GC(34503) Pause Young (Allocation Failure)
[15774.865s][info][gc,heap        ] GC(34503) PSYoungGen: 83520K(84480K)->640K(84480K) Eden: 81920K(81920K)->0K(81920K) From: 1600K(2560K)->640K(2560K)
[15774.865s][info][gc,heap        ] GC(34503) ParOldGen: 490973K(492032K)->491029K(492032K)
[15774.865s][info][gc,metaspace   ] GC(34503) Metaspace: 62490K(62720K)->62490K(62720K) NonClass: 53453K(53632K)->53453K(53632K) Class: 9037K(9088K)->9037K(9088K)
[15774.865s][info][gc             ] GC(34503) Pause Young (Allocation Failure) 561M->480M(563M) 2.559ms
[15774.865s][info][gc,cpu         ] GC(34503) User=0.01s Sys=0.00s Real=0.01s
[15775.321s][info][gc,start       ] GC(34504) Pause Young (Allocation Failure)
[15775.324s][info][gc,heap        ] GC(34504) PSYoungGen: 82560K(84480K)->1312K(84480K) Eden: 81920K(81920K)->0K(81920K) From: 640K(2560K)->1312K(2560K)
[15775.324s][info][gc,heap        ] GC(34504) ParOldGen: 491029K(492032K)->491085K(492032K)
[15775.324s][info][gc,metaspace   ] GC(34504) Metaspace: 62490K(62720K)->62490K(62720K) NonClass: 53453K(53632K)->53453K(53632K) Class: 9037K(9088K)->9037K(9088K)
[15775.324s][info][gc             ] GC(34504) Pause Young (Allocation Failure) 560M->480M(563M) 3.136ms
[15775.324s][info][gc,cpu         ] GC(34504) User=0.01s Sys=0.00s Real=0.00s
[15775.766s][info][gc,start       ] GC(34505) Pause Young (Allocation Failure)
[15775.769s][info][gc,heap        ] GC(34505) PSYoungGen: 83231K(84480K)->704K(84480K) Eden: 81919K(81920K)->0K(81920K) From: 1312K(2560K)->704K(2560K)
[15775.769s][info][gc,heap        ] GC(34505) ParOldGen: 491085K(492032K)->491141K(492032K)
[15775.769s][info][gc,metaspace   ] GC(34505) Metaspace: 62490K(62720K)->62490K(62720K) NonClass: 53453K(53632K)->53453K(53632K) Class: 9037K(9088K)->9037K(9088K)
[15775.769s][info][gc             ] GC(34505) Pause Young (Allocation Failure) 560M->480M(563M) 2.577ms
[15775.769s][info][gc,cpu         ] GC(34505) User=0.00s Sys=0.00s Real=0.00s
[15776.213s][info][gc,start       ] GC(34506) Pause Young (Allocation Failure)
[15776.215s][info][gc,heap        ] GC(34506) PSYoungGen: 82624K(84480K)->1024K(84480K) Eden: 81920K(81920K)->0K(81920K) From: 704K(2560K)->1024K(2560K)
[15776.215s][info][gc,heap        ] GC(34506) ParOldGen: 491141K(492032K)->491197K(492032K)
[15776.215s][info][gc,metaspace   ] GC(34506) Metaspace: 62490K(62720K)->62490K(62720K) NonClass: 53453K(53632K)->53453K(53632K) Class: 9037K(9088K)->9037K(9088K)
[15776.216s][info][gc             ] GC(34506) Pause Young (Allocation Failure) 560M->480M(563M) 2.875ms
[15776.216s][info][gc,cpu         ] GC(34506) User=0.00s Sys=0.00s Real=0.01s
[15776.652s][info][gc,start       ] GC(34507) Pause Young (Allocation Failure)
[15776.655s][info][gc,heap        ] GC(34507) PSYoungGen: 82944K(84480K)->2528K(83456K) Eden: 81920K(81920K)->0K(80896K) From: 1024K(2560K)->2528K(2560K)
[15776.655s][info][gc,heap        ] GC(34507) ParOldGen: 491197K(492032K)->491245K(492032K)
[15776.655s][info][gc,metaspace   ] GC(34507) Metaspace: 62490K(62720K)->62490K(62720K) NonClass: 53453K(53632K)->53453K(53632K) Class: 9037K(9088K)->9037K(9088K)
[15776.655s][info][gc             ] GC(34507) Pause Young (Allocation Failure) 560M->482M(562M) 2.611ms
[15776.655s][info][gc,cpu         ] GC(34507) User=0.01s Sys=0.00s Real=0.01s
[15777.084s][info][gc,start       ] GC(34508) Pause Young (Allocation Failure)
[15777.087s][info][gc,heap        ] GC(34508) PSYoungGen: 83424K(83456K)->960K(83968K) Eden: 80896K(80896K)->0K(80896K) From: 2528K(2560K)->960K(3072K)
[15777.087s][info][gc,heap        ] GC(34508) ParOldGen: 491245K(492032K)->493349K(493568K)
[15777.087s][info][gc,metaspace   ] GC(34508) Metaspace: 62490K(62720K)->62490K(62720K) NonClass: 53453K(53632K)->53453K(53632K) Class: 9037K(9088K)->9037K(9088K)
[15777.087s][info][gc             ] GC(34508) Pause Young (Allocation Failure) 561M->482M(564M) 3.832ms
[15777.088s][info][gc,cpu         ] GC(34508) User=0.01s Sys=0.00s Real=0.01s
[15777.522s][info][gc,start       ] GC(34509) Pause Young (Allocation Failure)
[15777.526s][info][gc,heap        ] GC(34509) PSYoungGen: 81856K(83968K)->1536K(84480K) Eden: 80896K(80896K)->0K(81920K) From: 960K(3072K)->1536K(2560K)
[15777.526s][info][gc,heap        ] GC(34509) ParOldGen: 493349K(493568K)->493405K(493568K)
[15777.526s][info][gc,metaspace   ] GC(34509) Metaspace: 62490K(62720K)->62490K(62720K) NonClass: 53453K(53632K)->53453K(53632K) Class: 9037K(9088K)->9037K(9088K)
[15777.526s][info][gc             ] GC(34509) Pause Young (Allocation Failure) 561M->483M(564M) 3.589ms
[15777.526s][info][gc,cpu         ] GC(34509) User=0.01s Sys=0.00s Real=0.01s
[15777.914s][info][gc,start       ] GC(34510) Pause Young (Allocation Failure)
[15777.918s][info][gc,heap        ] GC(34510) PSYoungGen: 83456K(84480K)->1568K(84480K) Eden: 81920K(81920K)->0K(81920K) From: 1536K(2560K)->1568K(2560K)
[15777.918s][info][gc,heap        ] GC(34510) ParOldGen: 493405K(493568K)->493461K(493568K)
[15777.918s][info][gc,metaspace   ] GC(34510) Metaspace: 62490K(62720K)->62490K(62720K) NonClass: 53453K(53632K)->53453K(53632K) Class: 9037K(9088K)->9037K(9088K)
[15777.918s][info][gc             ] GC(34510) Pause Young (Allocation Failure) 563M->483M(564M) 3.392ms
[15777.918s][info][gc,cpu         ] GC(34510) User=0.01s Sys=0.00s Real=0.00s
[15778.346s][info][gc,start       ] GC(34511) Pause Young (Allocation Failure)
[15778.349s][info][gc,heap        ] GC(34511) PSYoungGen: 83488K(84480K)->416K(84480K) Eden: 81920K(81920K)->0K(81920K) From: 1568K(2560K)->416K(2560K)
[15778.349s][info][gc,heap        ] GC(34511) ParOldGen: 493461K(493568K)->493509K(493568K)
[15778.349s][info][gc,metaspace   ] GC(34511) Metaspace: 62490K(62720K)->62490K(62720K) NonClass: 53453K(53632K)->53453K(53632K) Class: 9037K(9088K)->9037K(9088K)
[15778.349s][info][gc             ] GC(34511) Pause Young (Allocation Failure) 563M->482M(564M) 2.344ms
[15778.349s][info][gc,cpu         ] GC(34511) User=0.00s Sys=0.00s Real=0.00s
[15778.746s][info][gc,start       ] GC(34512) Pause Young (Allocation Failure)
[15778.748s][info][gc,heap        ] GC(34512) PSYoungGen: 82336K(84480K)->416K(84480K) Eden: 81920K(81920K)->0K(81920K) From: 416K(2560K)->416K(2560K)
[15778.748s][info][gc,heap        ] GC(34512) ParOldGen: 493509K(493568K)->493557K(493568K)
[15778.748s][info][gc,metaspace   ] GC(34512) Metaspace: 62490K(62720K)->62490K(62720K) NonClass: 53453K(53632K)->53453K(53632K) Class: 9037K(9088K)->9037K(9088K)
[15778.748s][info][gc             ] GC(34512) Pause Young (Allocation Failure) 562M->482M(564M) 2.350ms
[15778.748s][info][gc,cpu         ] GC(34512) User=0.00s Sys=0.00s Real=0.00s
[15779.134s][info][gc,start       ] GC(34513) Pause Young (Allocation Failure)
[15779.136s][info][gc,heap        ] GC(34513) PSYoungGen: 82336K(84480K)->224K(84480K) Eden: 81920K(81920K)->0K(81920K) From: 416K(2560K)->224K(2560K)
[15779.136s][info][gc,heap        ] GC(34513) ParOldGen: 493557K(493568K)->493613K(494080K)
[15779.136s][info][gc,metaspace   ] GC(34513) Metaspace: 62490K(62720K)->62490K(62720K) NonClass: 53453K(53632K)->53453K(53632K) Class: 9037K(9088K)->9037K(9088K)
[15779.136s][info][gc             ] GC(34513) Pause Young (Allocation Failure) 562M->482M(565M) 2.217ms
[15779.136s][info][gc,cpu         ] GC(34513) User=0.01s Sys=0.00s Real=0.01s
[15779.545s][info][gc,start       ] GC(34514) Pause Young (Allocation Failure)
[15779.547s][info][gc,heap        ] GC(34514) PSYoungGen: 82144K(84480K)->352K(84480K) Eden: 81920K(81920K)->0K(81920K) From: 224K(2560K)->352K(2560K)
[15779.547s][info][gc,heap        ] GC(34514) ParOldGen: 493613K(494080K)->493661K(494080K)
[15779.547s][info][gc,metaspace   ] GC(34514) Metaspace: 62490K(62720K)->62490K(62720K) NonClass: 53453K(53632K)->53453K(53632K) Class: 9037K(9088K)->9037K(9088K)
[15779.547s][info][gc             ] GC(34514) Pause Young (Allocation Failure) 562M->482M(565M) 2.844ms
[15779.547s][info][gc,cpu         ] GC(34514) User=0.01s Sys=0.00s Real=0.00s
[15780.050s][info][gc,start       ] GC(34515) Pause Young (Allocation Failure)
[15780.052s][info][gc,heap        ] GC(34515) PSYoungGen: 82272K(84480K)->464K(84480K) Eden: 81920K(81920K)->0K(81920K) From: 352K(2560K)->464K(2560K)
[15780.052s][info][gc,heap        ] GC(34515) ParOldGen: 493661K(494080K)->493717K(494080K)
[15780.052s][info][gc,metaspace   ] GC(34515) Metaspace: 62490K(62720K)->62490K(62720K) NonClass: 53453K(53632K)->53453K(53632K) Class: 9037K(9088K)->9037K(9088K)
[15780.052s][info][gc             ] GC(34515) Pause Young (Allocation Failure) 562M->482M(565M) 2.535ms
[15780.052s][info][gc,cpu         ] GC(34515) User=0.00s Sys=0.00s Real=0.00s
[15780.484s][info][gc,start       ] GC(34516) Pause Young (Allocation Failure)
[15780.487s][info][gc,heap        ] GC(34516) PSYoungGen: 82384K(84480K)->928K(84480K) Eden: 81920K(81920K)->0K(81920K) From: 464K(2560K)->928K(2560K)
[15780.487s][info][gc,heap        ] GC(34516) ParOldGen: 493717K(494080K)->493813K(494080K)
[15780.487s][info][gc,metaspace   ] GC(34516) Metaspace: 62490K(62720K)->62490K(62720K) NonClass: 53453K(53632K)->53453K(53632K) Class: 9037K(9088K)->9037K(9088K)
[15780.487s][info][gc             ] GC(34516) Pause Young (Allocation Failure) 562M->483M(565M) 2.896ms
[15780.487s][info][gc,cpu         ] GC(34516) User=0.01s Sys=0.00s Real=0.00s
[15780.900s][info][gc,start       ] GC(34517) Pause Young (Allocation Failure)
[15780.904s][info][gc,heap        ] GC(34517) PSYoungGen: 82848K(84480K)->1408K(84480K) Eden: 81920K(81920K)->0K(81920K) From: 928K(2560K)->1408K(2560K)
[15780.904s][info][gc,heap        ] GC(34517) ParOldGen: 493813K(494080K)->493861K(494080K)
[15780.904s][info][gc,metaspace   ] GC(34517) Metaspace: 62490K(62720K)->62490K(62720K) NonClass: 53453K(53632K)->53453K(53632K) Class: 9037K(9088K)->9037K(9088K)
[15780.904s][info][gc             ] GC(34517) Pause Young (Allocation Failure) 563M->483M(565M) 3.191ms
[15780.904s][info][gc,cpu         ] GC(34517) User=0.01s Sys=0.00s Real=0.00s
[15781.331s][info][gc,start       ] GC(34518) Pause Young (Allocation Failure)
[15781.336s][info][gc,heap        ] GC(34518) PSYoungGen: 83328K(84480K)->2528K(84480K) Eden: 81920K(81920K)->0K(81920K) From: 1408K(2560K)->2528K(2560K)
[15781.336s][info][gc,heap        ] GC(34518) ParOldGen: 493861K(494080K)->495197K(495616K)
[15781.336s][info][gc,metaspace   ] GC(34518) Metaspace: 62490K(62720K)->62490K(62720K) NonClass: 53453K(53632K)->53453K(53632K) Class: 9037K(9088K)->9037K(9088K)
[15781.336s][info][gc             ] GC(34518) Pause Young (Allocation Failure) 563M->486M(566M) 4.621ms
[15781.336s][info][gc,cpu         ] GC(34518) User=0.01s Sys=0.00s Real=0.01s
[15781.748s][info][gc,start       ] GC(34519) Pause Young (Allocation Failure)
[15781.751s][info][gc,heap        ] GC(34519) PSYoungGen: 84448K(84480K)->416K(82432K) Eden: 81920K(81920K)->0K(79872K) From: 2528K(2560K)->416K(2560K)
[15781.751s][info][gc,heap        ] GC(34519) ParOldGen: 495197K(495616K)->497293K(498688K)
[15781.751s][info][gc,metaspace   ] GC(34519) Metaspace: 62490K(62720K)->62490K(62720K) NonClass: 53453K(53632K)->53453K(53632K) Class: 9037K(9088K)->9037K(9088K)
[15781.751s][info][gc             ] GC(34519) Pause Young (Allocation Failure) 566M->486M(567M) 3.551ms
[15781.751s][info][gc,cpu         ] GC(34519) User=0.01s Sys=0.00s Real=0.00s
[15782.194s][info][gc,start       ] GC(34520) Pause Young (Allocation Failure)
[15782.197s][info][gc,heap        ] GC(34520) PSYoungGen: 80288K(82432K)->1088K(83456K) Eden: 79872K(79872K)->0K(79872K) From: 416K(2560K)->1088K(3584K)
[15782.197s][info][gc,heap        ] GC(34520) ParOldGen: 497293K(498688K)->497357K(498688K)
[15782.197s][info][gc,metaspace   ] GC(34520) Metaspace: 62490K(62720K)->62490K(62720K) NonClass: 53453K(53632K)->53453K(53632K) Class: 9037K(9088K)->9037K(9088K)
[15782.197s][info][gc             ] GC(34520) Pause Young (Allocation Failure) 564M->486M(568M) 3.199ms
[15782.197s][info][gc,cpu         ] GC(34520) User=0.01s Sys=0.00s Real=0.01s
[15782.631s][info][gc,start       ] GC(34521) Pause Young (Allocation Failure)
[15782.635s][info][gc,heap        ] GC(34521) PSYoungGen: 80960K(83456K)->1760K(83968K) Eden: 79872K(79872K)->0K(80896K) From: 1088K(3584K)->1760K(3072K)
[15782.635s][info][gc,heap        ] GC(34521) ParOldGen: 497357K(498688K)->497413K(498688K)
[15782.635s][info][gc,metaspace   ] GC(34521) Metaspace: 62490K(62720K)->62490K(62720K) NonClass: 53453K(53632K)->53453K(53632K) Class: 9037K(9088K)->9037K(9088K)
[15782.635s][info][gc             ] GC(34521) Pause Young (Allocation Failure) 564M->487M(569M) 3.737ms
[15782.635s][info][gc,cpu         ] GC(34521) User=0.00s Sys=0.00s Real=0.01s
[15783.090s][info][gc,start       ] GC(34522) Pause Young (Allocation Failure)
[15783.093s][info][gc,heap        ] GC(34522) PSYoungGen: 82656K(83968K)->992K(83968K) Eden: 80896K(80896K)->0K(80896K) From: 1760K(3072K)->992K(3072K)
[15783.093s][info][gc,heap        ] GC(34522) ParOldGen: 497413K(498688K)->497461K(498688K)
[15783.093s][info][gc,metaspace   ] GC(34522) Metaspace: 62490K(62720K)->62490K(62720K) NonClass: 53453K(53632K)->53453K(53632K) Class: 9037K(9088K)->9037K(9088K)
[15783.093s][info][gc             ] GC(34522) Pause Young (Allocation Failure) 566M->486M(569M) 2.916ms
[15783.093s][info][gc,cpu         ] GC(34522) User=0.01s Sys=0.00s Real=0.00s
[15783.555s][info][gc,start       ] GC(34523) Pause Young (Allocation Failure)
[15783.558s][info][gc,heap        ] GC(34523) PSYoungGen: 81888K(83968K)->544K(83968K) Eden: 80896K(80896K)->0K(80896K) From: 992K(3072K)->544K(3072K)
[15783.558s][info][gc,heap        ] GC(34523) ParOldGen: 497461K(498688K)->497509K(498688K)
[15783.558s][info][gc,metaspace   ] GC(34523) Metaspace: 62490K(62720K)->62490K(62720K) NonClass: 53453K(53632K)->53453K(53632K) Class: 9037K(9088K)->9037K(9088K)
[15783.558s][info][gc             ] GC(34523) Pause Young (Allocation Failure) 565M->486M(569M) 2.474ms
[15783.558s][info][gc,cpu         ] GC(34523) User=0.00s Sys=0.00s Real=0.00s
[15783.968s][info][gc,start       ] GC(34524) Pause Young (Allocation Failure)
[15783.971s][info][gc,heap        ] GC(34524) PSYoungGen: 81440K(83968K)->736K(83968K) Eden: 80896K(80896K)->0K(80896K) From: 544K(3072K)->736K(3072K)
[15783.971s][info][gc,heap        ] GC(34524) ParOldGen: 497509K(498688K)->497565K(498688K)
[15783.971s][info][gc,metaspace   ] GC(34524) Metaspace: 62490K(62720K)->62490K(62720K) NonClass: 53453K(53632K)->53453K(53632K) Class: 9037K(9088K)->9037K(9088K)
[15783.971s][info][gc             ] GC(34524) Pause Young (Allocation Failure) 565M->486M(569M) 2.635ms
[15783.971s][info][gc,cpu         ] GC(34524) User=0.01s Sys=0.00s Real=0.00s
[15784.375s][info][gc,start       ] GC(34525) Pause Young (Allocation Failure)
[15784.378s][info][gc,heap        ] GC(34525) PSYoungGen: 81632K(83968K)->864K(83968K) Eden: 80896K(80896K)->0K(80896K) From: 736K(3072K)->864K(3072K)
[15784.378s][info][gc,heap        ] GC(34525) ParOldGen: 497565K(498688K)->497621K(498688K)
[15784.378s][info][gc,metaspace   ] GC(34525) Metaspace: 62490K(62720K)->62490K(62720K) NonClass: 53453K(53632K)->53453K(53632K) Class: 9037K(9088K)->9037K(9088K)
[15784.378s][info][gc             ] GC(34525) Pause Young (Allocation Failure) 565M->486M(569M) 2.860ms
[15784.378s][info][gc,cpu         ] GC(34525) User=0.01s Sys=0.00s Real=0.00s
[15784.817s][info][gc,start       ] GC(34526) Pause Young (Allocation Failure)
[15784.821s][info][gc,heap        ] GC(34526) PSYoungGen: 81760K(83968K)->1376K(83968K) Eden: 80896K(80896K)->0K(80896K) From: 864K(3072K)->1376K(3072K)
[15784.821s][info][gc,heap        ] GC(34526) ParOldGen: 497621K(498688K)->497677K(498688K)
[15784.821s][info][gc,metaspace   ] GC(34526) Metaspace: 62490K(62720K)->62490K(62720K) NonClass: 53453K(53632K)->53453K(53632K) Class: 9037K(9088K)->9037K(9088K)
[15784.821s][info][gc             ] GC(34526) Pause Young (Allocation Failure) 565M->487M(569M) 3.463ms
[15784.821s][info][gc,cpu         ] GC(34526) User=0.00s Sys=0.00s Real=0.00s
[15785.279s][info][gc,start       ] GC(34527) Pause Young (Allocation Failure)
[15785.282s][info][gc,heap        ] GC(34527) PSYoungGen: 82272K(83968K)->832K(84480K) Eden: 80896K(80896K)->0K(81408K) From: 1376K(3072K)->832K(3072K)
[15785.282s][info][gc,heap        ] GC(34527) ParOldGen: 497677K(498688K)->497733K(498688K)
[15785.282s][info][gc,metaspace   ] GC(34527) Metaspace: 62490K(62720K)->62490K(62720K) NonClass: 53453K(53632K)->53453K(53632K) Class: 9037K(9088K)->9037K(9088K)
[15785.282s][info][gc             ] GC(34527) Pause Young (Allocation Failure) 566M->486M(569M) 2.766ms
[15785.282s][info][gc,cpu         ] GC(34527) User=0.01s Sys=0.00s Real=0.00s
[15785.725s][info][gc,start       ] GC(34528) Pause Young (Allocation Failure)
[15785.730s][info][gc,heap        ] GC(34528) PSYoungGen: 82240K(84480K)->2528K(81920K) Eden: 81408K(81408K)->0K(79360K) From: 832K(3072K)->2528K(2560K)
[15785.730s][info][gc,heap        ] GC(34528) ParOldGen: 497733K(498688K)->499797K(500736K)
[15785.730s][info][gc,metaspace   ] GC(34528) Metaspace: 62490K(62720K)->62490K(62720K) NonClass: 53453K(53632K)->53453K(53632K) Class: 9037K(9088K)->9037K(9088K)
[15785.730s][info][gc             ] GC(34528) Pause Young (Allocation Failure) 566M->490M(569M) 4.955ms
[15785.730s][info][gc,cpu         ] GC(34528) User=0.01s Sys=0.00s Real=0.00s
[15786.144s][info][gc,start       ] GC(34529) Pause Young (Allocation Failure)
[15786.148s][info][gc,heap        ] GC(34529) PSYoungGen: 81888K(81920K)->352K(81920K) Eden: 79360K(79360K)->0K(78848K) From: 2528K(2560K)->352K(3072K)
[15786.148s][info][gc,heap        ] GC(34529) ParOldGen: 499797K(500736K)->501885K(502272K)
[15786.148s][info][gc,metaspace   ] GC(34529) Metaspace: 62490K(62720K)->62490K(62720K) NonClass: 53453K(53632K)->53453K(53632K) Class: 9037K(9088K)->9037K(9088K)
[15786.148s][info][gc             ] GC(34529) Pause Young (Allocation Failure) 568M->490M(570M) 3.716ms
[15786.148s][info][gc,cpu         ] GC(34529) User=0.00s Sys=0.00s Real=0.01s
[15786.627s][info][gc,start       ] GC(34530) Pause Young (Allocation Failure)
[15786.630s][info][gc,heap        ] GC(34530) PSYoungGen: 79200K(81920K)->1376K(82944K) Eden: 78848K(78848K)->0K(78848K) From: 352K(3072K)->1376K(4096K)
[15786.630s][info][gc,heap        ] GC(34530) ParOldGen: 501885K(502272K)->501941K(502272K)
[15786.630s][info][gc,metaspace   ] GC(34530) Metaspace: 62490K(62720K)->62490K(62720K) NonClass: 53453K(53632K)->53453K(53632K) Class: 9037K(9088K)->9037K(9088K)
[15786.630s][info][gc             ] GC(34530) Pause Young (Allocation Failure) 567M->491M(571M) 3.456ms
[15786.630s][info][gc,cpu         ] GC(34530) User=0.01s Sys=0.00s Real=0.00s
[15787.063s][info][gc,start       ] GC(34531) Pause Young (Allocation Failure)
[15787.066s][info][gc,heap        ] GC(34531) PSYoungGen: 80224K(82944K)->640K(83456K) Eden: 78848K(78848K)->0K(79872K) From: 1376K(4096K)->640K(3584K)
[15787.066s][info][gc,heap        ] GC(34531) ParOldGen: 501941K(502272K)->502005K(502272K)
[15787.066s][info][gc,metaspace   ] GC(34531) Metaspace: 62490K(62720K)->62490K(62720K) NonClass: 53453K(53632K)->53453K(53632K) Class: 9037K(9088K)->9037K(9088K)
[15787.066s][info][gc             ] GC(34531) Pause Young (Allocation Failure) 568M->490M(572M) 2.624ms
[15787.066s][info][gc,cpu         ] GC(34531) User=0.01s Sys=0.00s Real=0.01s
[15787.535s][info][gc,start       ] GC(34532) Pause Young (Allocation Failure)
[15787.538s][info][gc,heap        ] GC(34532) PSYoungGen: 80512K(83456K)->256K(83456K) Eden: 79872K(79872K)->0K(79872K) From: 640K(3584K)->256K(3584K)
[15787.538s][info][gc,heap        ] GC(34532) ParOldGen: 502005K(502272K)->502061K(502272K)
[15787.538s][info][gc,metaspace   ] GC(34532) Metaspace: 62490K(62720K)->62490K(62720K) NonClass: 53453K(53632K)->53453K(53632K) Class: 9037K(9088K)->9037K(9088K)
[15787.538s][info][gc             ] GC(34532) Pause Young (Allocation Failure) 568M->490M(572M) 2.290ms
[15787.538s][info][gc,cpu         ] GC(34532) User=0.00s Sys=0.00s Real=0.00s
[15787.930s][info][gc,start       ] GC(34533) Pause Young (Allocation Failure)
[15787.933s][info][gc,heap        ] GC(34533) PSYoungGen: 80128K(83456K)->1696K(83456K) Eden: 79872K(79872K)->0K(79872K) From: 256K(3584K)->1696K(3584K)
[15787.933s][info][gc,heap        ] GC(34533) ParOldGen: 502061K(502272K)->502165K(502272K)
[15787.933s][info][gc,metaspace   ] GC(34533) Metaspace: 62490K(62720K)->62490K(62720K) NonClass: 53453K(53632K)->53453K(53632K) Class: 9037K(9088K)->9037K(9088K)
[15787.933s][info][gc             ] GC(34533) Pause Young (Allocation Failure) 568M->492M(572M) 3.631ms
[15787.933s][info][gc,cpu         ] GC(34533) User=0.01s Sys=0.00s Real=0.00s
[15788.349s][info][gc,start       ] GC(34534) Pause Young (Allocation Failure)
[15788.352s][info][gc,heap        ] GC(34534) PSYoungGen: 81568K(83456K)->448K(83456K) Eden: 79872K(79872K)->0K(79872K) From: 1696K(3584K)->448K(3584K)
[15788.352s][info][gc,heap        ] GC(34534) ParOldGen: 502165K(502272K)->502221K(502272K)
[15788.352s][info][gc,metaspace   ] GC(34534) Metaspace: 62490K(62720K)->62490K(62720K) NonClass: 53453K(53632K)->53453K(53632K) Class: 9037K(9088K)->9037K(9088K)
[15788.352s][info][gc             ] GC(34534) Pause Young (Allocation Failure) 570M->490M(572M) 2.468ms
[15788.352s][info][gc,cpu         ] GC(34534) User=0.01s Sys=0.00s Real=0.00s
[15788.787s][info][gc,start       ] GC(34535) Pause Young (Allocation Failure)
[15788.790s][info][gc,heap        ] GC(34535) PSYoungGen: 80320K(83456K)->1024K(83968K) Eden: 79872K(79872K)->0K(80384K) From: 448K(3584K)->1024K(3584K)
[15788.790s][info][gc,heap        ] GC(34535) ParOldGen: 502221K(502272K)->502269K(502272K)
[15788.790s][info][gc,metaspace   ] GC(34535) Metaspace: 62490K(62720K)->62490K(62720K) NonClass: 53453K(53632K)->53453K(53632K) Class: 9037K(9088K)->9037K(9088K)
[15788.790s][info][gc             ] GC(34535) Pause Young (Allocation Failure) 568M->491M(572M) 2.959ms
[15788.790s][info][gc,cpu         ] GC(34535) User=0.00s Sys=0.00s Real=0.00s
[15789.200s][info][gc,start       ] GC(34536) Pause Young (Allocation Failure)
[15789.203s][info][gc,heap        ] GC(34536) PSYoungGen: 81408K(83968K)->1184K(83456K) Eden: 80384K(80384K)->0K(80384K) From: 1024K(3584K)->1184K(3072K)
[15789.203s][info][gc,heap        ] GC(34536) ParOldGen: 502269K(502272K)->502325K(502784K)
[15789.203s][info][gc,metaspace   ] GC(34536) Metaspace: 62490K(62720K)->62490K(62720K) NonClass: 53453K(53632K)->53453K(53632K) Class: 9037K(9088K)->9037K(9088K)
[15789.203s][info][gc             ] GC(34536) Pause Young (Allocation Failure) 569M->491M(572M) 3.053ms
[15789.204s][info][gc,cpu         ] GC(34536) User=0.01s Sys=0.00s Real=0.00s
[15789.600s][info][gc,start       ] GC(34537) Pause Young (Allocation Failure)
[15789.603s][info][gc,heap        ] GC(34537) PSYoungGen: 81568K(83456K)->1088K(83968K) Eden: 80384K(80384K)->0K(80896K) From: 1184K(3072K)->1088K(3072K)
[15789.603s][info][gc,heap        ] GC(34537) ParOldGen: 502325K(502784K)->502381K(502784K)
[15789.603s][info][gc,metaspace   ] GC(34537) Metaspace: 62490K(62720K)->62490K(62720K) NonClass: 53453K(53632K)->53453K(53632K) Class: 9037K(9088K)->9037K(9088K)
[15789.603s][info][gc             ] GC(34537) Pause Young (Allocation Failure) 570M->491M(573M) 3.023ms
[15789.603s][info][gc,cpu         ] GC(34537) User=0.01s Sys=0.00s Real=0.00s
[15789.998s][info][gc,start       ] GC(34538) Pause Young (Allocation Failure)
[15790.001s][info][gc,heap        ] GC(34538) PSYoungGen: 81984K(83968K)->1216K(83968K) Eden: 80896K(80896K)->0K(80896K) From: 1088K(3072K)->1216K(3072K)
[15790.001s][info][gc,heap        ] GC(34538) ParOldGen: 502381K(502784K)->502437K(502784K)
[15790.001s][info][gc,metaspace   ] GC(34538) Metaspace: 62490K(62720K)->62490K(62720K) NonClass: 53453K(53632K)->53453K(53632K) Class: 9037K(9088K)->9037K(9088K)
[15790.001s][info][gc             ] GC(34538) Pause Young (Allocation Failure) 570M->491M(573M) 3.045ms
[15790.001s][info][gc,cpu         ] GC(34538) User=0.00s Sys=0.00s Real=0.00s
[15790.387s][info][gc,start       ] GC(34539) Pause Young (Allocation Failure)
[15790.390s][info][gc,heap        ] GC(34539) PSYoungGen: 82112K(83968K)->1152K(84480K) Eden: 80896K(80896K)->0K(81920K) From: 1216K(3072K)->1152K(2560K)
[15790.390s][info][gc,heap        ] GC(34539) ParOldGen: 502437K(502784K)->502485K(502784K)
[15790.390s][info][gc,metaspace   ] GC(34539) Metaspace: 62490K(62720K)->62490K(62720K) NonClass: 53453K(53632K)->53453K(53632K) Class: 9037K(9088K)->9037K(9088K)
[15790.390s][info][gc             ] GC(34539) Pause Young (Allocation Failure) 570M->491M(573M) 3.113ms
[15790.390s][info][gc,cpu         ] GC(34539) User=0.01s Sys=0.00s Real=0.00s
[15790.789s][info][gc,start       ] GC(34540) Pause Young (Allocation Failure)
[15790.791s][info][gc,heap        ] GC(34540) PSYoungGen: 83072K(84480K)->1088K(84480K) Eden: 81920K(81920K)->0K(81920K) From: 1152K(2560K)->1088K(2560K)
[15790.791s][info][gc,heap        ] GC(34540) ParOldGen: 502485K(502784K)->502533K(502784K)
[15790.792s][info][gc,metaspace   ] GC(34540) Metaspace: 62490K(62720K)->62490K(62720K) NonClass: 53453K(53632K)->53453K(53632K) Class: 9037K(9088K)->9037K(9088K)
[15790.792s][info][gc             ] GC(34540) Pause Young (Allocation Failure) 571M->491M(573M) 2.916ms
[15790.792s][info][gc,cpu         ] GC(34540) User=0.00s Sys=0.00s Real=0.00s
[15791.208s][info][gc,start       ] GC(34541) Pause Young (Allocation Failure)
[15791.211s][info][gc,heap        ] GC(34541) PSYoungGen: 83008K(84480K)->1312K(84480K) Eden: 81920K(81920K)->0K(81920K) From: 1088K(2560K)->1312K(2560K)
[15791.211s][info][gc,heap        ] GC(34541) ParOldGen: 502533K(502784K)->502581K(502784K)
[15791.211s][info][gc,metaspace   ] GC(34541) Metaspace: 62490K(62720K)->62490K(62720K) NonClass: 53453K(53632K)->53453K(53632K) Class: 9037K(9088K)->9037K(9088K)
[15791.211s][info][gc             ] GC(34541) Pause Young (Allocation Failure) 571M->492M(573M) 3.156ms
[15791.211s][info][gc,cpu         ] GC(34541) User=0.01s Sys=0.00s Real=0.00s
[15791.648s][info][gc,start       ] GC(34542) Pause Young (Allocation Failure)
[15791.650s][info][gc,heap        ] GC(34542) PSYoungGen: 83232K(84480K)->416K(84480K) Eden: 81920K(81920K)->0K(81920K) From: 1312K(2560K)->416K(2560K)
[15791.650s][info][gc,heap        ] GC(34542) ParOldGen: 502581K(502784K)->502629K(502784K)
[15791.650s][info][gc,metaspace   ] GC(34542) Metaspace: 62490K(62720K)->62490K(62720K) NonClass: 53453K(53632K)->53453K(53632K) Class: 9037K(9088K)->9037K(9088K)
[15791.650s][info][gc             ] GC(34542) Pause Young (Allocation Failure) 572M->491M(573M) 2.344ms
[15791.650s][info][gc,cpu         ] GC(34542) User=0.01s Sys=0.00s Real=0.00s
[15792.078s][info][gc,start       ] GC(34543) Pause Young (Allocation Failure)
[15792.081s][info][gc,heap        ] GC(34543) PSYoungGen: 82336K(84480K)->864K(84480K) Eden: 81920K(81920K)->0K(81920K) From: 416K(2560K)->864K(2560K)
[15792.081s][info][gc,heap        ] GC(34543) ParOldGen: 502629K(502784K)->502685K(502784K)
[15792.081s][info][gc,metaspace   ] GC(34543) Metaspace: 62490K(62720K)->62490K(62720K) NonClass: 53453K(53632K)->53453K(53632K) Class: 9037K(9088K)->9037K(9088K)
[15792.081s][info][gc             ] GC(34543) Pause Young (Allocation Failure) 571M->491M(573M) 2.804ms
[15792.081s][info][gc,cpu         ] GC(34543) User=0.01s Sys=0.00s Real=0.00s
[15792.520s][info][gc,start       ] GC(34544) Pause Young (Allocation Failure)
[15792.523s][info][gc,heap        ] GC(34544) PSYoungGen: 82784K(84480K)->1472K(84480K) Eden: 81920K(81920K)->0K(81920K) From: 864K(2560K)->1472K(2560K)
[15792.523s][info][gc,heap        ] GC(34544) ParOldGen: 502685K(502784K)->502733K(502784K)
[15792.523s][info][gc,metaspace   ] GC(34544) Metaspace: 62490K(62720K)->62490K(62720K) NonClass: 53453K(53632K)->53453K(53632K) Class: 9037K(9088K)->9037K(9088K)
[15792.523s][info][gc             ] GC(34544) Pause Young (Allocation Failure) 571M->492M(573M) 3.187ms
[15792.523s][info][gc,cpu         ] GC(34544) User=0.01s Sys=0.00s Real=0.00s
[15792.956s][info][gc,start       ] GC(34545) Pause Young (Allocation Failure)
[15792.959s][info][gc,heap        ] GC(34545) PSYoungGen: 83392K(84480K)->544K(84480K) Eden: 81920K(81920K)->0K(81920K) From: 1472K(2560K)->544K(2560K)
[15792.959s][info][gc,heap        ] GC(34545) ParOldGen: 502733K(502784K)->502781K(502784K)
[15792.959s][info][gc,metaspace   ] GC(34545) Metaspace: 62490K(62720K)->62490K(62720K) NonClass: 53453K(53632K)->53453K(53632K) Class: 9037K(9088K)->9037K(9088K)
[15792.959s][info][gc             ] GC(34545) Pause Young (Allocation Failure) 572M->491M(573M) 2.404ms
[15792.959s][info][gc,cpu         ] GC(34545) User=0.00s Sys=0.00s Real=0.00s
[15793.401s][info][gc,start       ] GC(34546) Pause Young (Allocation Failure)
[15793.404s][info][gc,heap        ] GC(34546) PSYoungGen: 82464K(84480K)->1184K(84480K) Eden: 81920K(81920K)->0K(81920K) From: 544K(2560K)->1184K(2560K)
[15793.404s][info][gc,heap        ] GC(34546) ParOldGen: 502781K(502784K)->502829K(503296K)
[15793.404s][info][gc,metaspace   ] GC(34546) Metaspace: 62490K(62720K)->62490K(62720K) NonClass: 53453K(53632K)->53453K(53632K) Class: 9037K(9088K)->9037K(9088K)
[15793.404s][info][gc             ] GC(34546) Pause Young (Allocation Failure) 571M->492M(574M) 2.983ms
[15793.404s][info][gc,cpu         ] GC(34546) User=0.01s Sys=0.00s Real=0.01s
[15793.835s][info][gc,start       ] GC(34547) Pause Young (Allocation Failure)
[15793.837s][info][gc,heap        ] GC(34547) PSYoungGen: 83104K(84480K)->224K(84480K) Eden: 81920K(81920K)->0K(81920K) From: 1184K(2560K)->224K(2560K)
[15793.837s][info][gc,heap        ] GC(34547) ParOldGen: 502829K(503296K)->502877K(503296K)
[15793.837s][info][gc,metaspace   ] GC(34547) Metaspace: 62490K(62720K)->62490K(62720K) NonClass: 53453K(53632K)->53453K(53632K) Class: 9037K(9088K)->9037K(9088K)
[15793.837s][info][gc             ] GC(34547) Pause Young (Allocation Failure) 572M->491M(574M) 2.187ms
[15793.837s][info][gc,cpu         ] GC(34547) User=0.00s Sys=0.00s Real=0.00s
[15794.290s][info][gc,start       ] GC(34548) Pause Young (Allocation Failure)
[15794.292s][info][gc,heap        ] GC(34548) PSYoungGen: 82144K(84480K)->560K(84480K) Eden: 81920K(81920K)->0K(81920K) From: 224K(2560K)->560K(2560K)
[15794.293s][info][gc,heap        ] GC(34548) ParOldGen: 502877K(503296K)->502925K(503296K)
[15794.293s][info][gc,metaspace   ] GC(34548) Metaspace: 62490K(62720K)->62490K(62720K) NonClass: 53453K(53632K)->53453K(53632K) Class: 9037K(9088K)->9037K(9088K)
[15794.293s][info][gc             ] GC(34548) Pause Young (Allocation Failure) 571M->491M(574M) 2.473ms
[15794.293s][info][gc,cpu         ] GC(34548) User=0.01s Sys=0.00s Real=0.00s
[15794.694s][info][gc,start       ] GC(34549) Pause Young (Allocation Failure)
[15794.697s][info][gc,heap        ] GC(34549) PSYoungGen: 82480K(84480K)->1184K(84480K) Eden: 81920K(81920K)->0K(81920K) From: 560K(2560K)->1184K(2560K)
[15794.697s][info][gc,heap        ] GC(34549) ParOldGen: 502925K(503296K)->503029K(503296K)
[15794.697s][info][gc,metaspace   ] GC(34549) Metaspace: 62490K(62720K)->62490K(62720K) NonClass: 53453K(53632K)->53453K(53632K) Class: 9037K(9088K)->9037K(9088K)
[15794.697s][info][gc             ] GC(34549) Pause Young (Allocation Failure) 571M->492M(574M) 3.013ms
[15794.697s][info][gc,cpu         ] GC(34549) User=0.00s Sys=0.00s Real=0.01s
[15795.096s][info][gc,start       ] GC(34550) Pause Young (Allocation Failure)
[15795.100s][info][gc,heap        ] GC(34550) PSYoungGen: 83104K(84480K)->2528K(84480K) Eden: 81920K(81920K)->0K(81920K) From: 1184K(2560K)->2528K(2560K)
[15795.100s][info][gc,heap        ] GC(34550) ParOldGen: 503029K(503296K)->503845K(504320K)
[15795.100s][info][gc,metaspace   ] GC(34550) Metaspace: 62490K(62720K)->62490K(62720K) NonClass: 53453K(53632K)->53453K(53632K) Class: 9037K(9088K)->9037K(9088K)
[15795.100s][info][gc             ] GC(34550) Pause Young (Allocation Failure) 572M->494M(575M) 3.799ms
[15795.100s][info][gc,cpu         ] GC(34550) User=0.01s Sys=0.00s Real=0.00s
[15795.491s][info][gc,start       ] GC(34551) Pause Young (Allocation Failure)
[15795.495s][info][gc,heap        ] GC(34551) PSYoungGen: 84448K(84480K)->1184K(83456K) Eden: 81920K(81920K)->0K(80896K) From: 2528K(2560K)->1184K(2560K)
[15795.495s][info][gc,heap        ] GC(34551) ParOldGen: 503845K(504320K)->505933K(507392K)
[15795.495s][info][gc,metaspace   ] GC(34551) Metaspace: 62490K(62720K)->62490K(62720K) NonClass: 53453K(53632K)->53453K(53632K) Class: 9037K(9088K)->9037K(9088K)
[15795.495s][info][gc             ] GC(34551) Pause Young (Allocation Failure) 574M->495M(577M) 4.024ms
[15795.495s][info][gc,cpu         ] GC(34551) User=0.00s Sys=0.00s Real=0.01s
[15795.884s][info][gc,start       ] GC(34552) Pause Young (Allocation Failure)
[15795.887s][info][gc,heap        ] GC(34552) PSYoungGen: 82080K(83456K)->1056K(83968K) Eden: 80896K(80896K)->0K(80896K) From: 1184K(2560K)->1056K(3072K)
[15795.887s][info][gc,heap        ] GC(34552) ParOldGen: 505933K(507392K)->505981K(507392K)
[15795.887s][info][gc,metaspace   ] GC(34552) Metaspace: 62490K(62720K)->62490K(62720K) NonClass: 53453K(53632K)->53453K(53632K) Class: 9037K(9088K)->9037K(9088K)
[15795.887s][info][gc             ] GC(34552) Pause Young (Allocation Failure) 574M->495M(577M) 2.823ms
[15795.887s][info][gc,cpu         ] GC(34552) User=0.01s Sys=0.00s Real=0.00s
[15796.298s][info][gc,start       ] GC(34553) Pause Young (Allocation Failure)
[15796.301s][info][gc,heap        ] GC(34553) PSYoungGen: 81952K(83968K)->1216K(84480K) Eden: 80896K(80896K)->0K(81408K) From: 1056K(3072K)->1216K(3072K)
[15796.301s][info][gc,heap        ] GC(34553) ParOldGen: 505981K(507392K)->506037K(507392K)
[15796.301s][info][gc,metaspace   ] GC(34553) Metaspace: 62490K(62720K)->62490K(62720K) NonClass: 53453K(53632K)->53453K(53632K) Class: 9037K(9088K)->9037K(9088K)
[15796.301s][info][gc             ] GC(34553) Pause Young (Allocation Failure) 574M->495M(578M) 3.035ms
[15796.301s][info][gc,cpu         ] GC(34553) User=0.01s Sys=0.00s Real=0.00s
[15796.721s][info][gc,start       ] GC(34554) Pause Young (Allocation Failure)
[15796.724s][info][gc,heap        ] GC(34554) PSYoungGen: 82624K(84480K)->1600K(83968K) Eden: 81408K(81408K)->0K(81408K) From: 1216K(3072K)->1600K(2560K)
[15796.724s][info][gc,heap        ] GC(34554) ParOldGen: 506037K(507392K)->506093K(507392K)
[15796.724s][info][gc,metaspace   ] GC(34554) Metaspace: 62490K(62720K)->62490K(62720K) NonClass: 53453K(53632K)->53453K(53632K) Class: 9037K(9088K)->9037K(9088K)
[15796.724s][info][gc             ] GC(34554) Pause Young (Allocation Failure) 574M->495M(577M) 3.374ms
[15796.724s][info][gc,cpu         ] GC(34554) User=0.00s Sys=0.00s Real=0.01s
[15797.126s][info][gc,start       ] GC(34555) Pause Young (Allocation Failure)
[15797.130s][info][gc,heap        ] GC(34555) PSYoungGen: 83008K(83968K)->1664K(84480K) Eden: 81408K(81408K)->0K(81920K) From: 1600K(2560K)->1664K(2560K)
[15797.130s][info][gc,heap        ] GC(34555) ParOldGen: 506093K(507392K)->506149K(507392K)
[15797.130s][info][gc,metaspace   ] GC(34555) Metaspace: 62490K(62720K)->62490K(62720K) NonClass: 53453K(53632K)->53453K(53632K) Class: 9037K(9088K)->9037K(9088K)
[15797.130s][info][gc             ] GC(34555) Pause Young (Allocation Failure) 575M->495M(578M) 3.379ms
[15797.130s][info][gc,cpu         ] GC(34555) User=0.01s Sys=0.00s Real=0.00s
[15797.544s][info][gc,start       ] GC(34556) Pause Young (Allocation Failure)
[15797.546s][info][gc,heap        ] GC(34556) PSYoungGen: 83584K(84480K)->384K(84480K) Eden: 81920K(81920K)->0K(81920K) From: 1664K(2560K)->384K(2560K)
[15797.546s][info][gc,heap        ] GC(34556) ParOldGen: 506149K(507392K)->506197K(507392K)
[15797.546s][info][gc,metaspace   ] GC(34556) Metaspace: 62490K(62720K)->62490K(62720K) NonClass: 53453K(53632K)->53453K(53632K) Class: 9037K(9088K)->9037K(9088K)
[15797.546s][info][gc             ] GC(34556) Pause Young (Allocation Failure) 575M->494M(578M) 2.379ms
[15797.546s][info][gc,cpu         ] GC(34556) User=0.00s Sys=0.00s Real=0.01s
[15797.944s][info][gc,start       ] GC(34557) Pause Young (Allocation Failure)
[15797.946s][info][gc,heap        ] GC(34557) PSYoungGen: 82304K(84480K)->384K(84480K) Eden: 81920K(81920K)->0K(81920K) From: 384K(2560K)->384K(2560K)
[15797.946s][info][gc,heap        ] GC(34557) ParOldGen: 506197K(507392K)->506253K(507392K)
[15797.946s][info][gc,metaspace   ] GC(34557) Metaspace: 62490K(62720K)->62490K(62720K) NonClass: 53453K(53632K)->53453K(53632K) Class: 9037K(9088K)->9037K(9088K)
[15797.946s][info][gc             ] GC(34557) Pause Young (Allocation Failure) 574M->494M(578M) 2.362ms
[15797.947s][info][gc,cpu         ] GC(34557) User=0.00s Sys=0.00s Real=0.01s
[15798.341s][info][gc,start       ] GC(34558) Pause Young (Allocation Failure)
[15798.343s][info][gc,heap        ] GC(34558) PSYoungGen: 82304K(84480K)->320K(84480K) Eden: 81920K(81920K)->0K(81920K) From: 384K(2560K)->320K(2560K)
[15798.343s][info][gc,heap        ] GC(34558) ParOldGen: 506253K(507392K)->506301K(507392K)
[15798.343s][info][gc,metaspace   ] GC(34558) Metaspace: 62490K(62720K)->62490K(62720K) NonClass: 53453K(53632K)->53453K(53632K) Class: 9037K(9088K)->9037K(9088K)
[15798.343s][info][gc             ] GC(34558) Pause Young (Allocation Failure) 574M->494M(578M) 2.279ms
[15798.343s][info][gc,cpu         ] GC(34558) User=0.00s Sys=0.00s Real=0.00s
[15798.767s][info][gc,start       ] GC(34559) Pause Young (Allocation Failure)
[15798.770s][info][gc,heap        ] GC(34559) PSYoungGen: 82240K(84480K)->704K(84480K) Eden: 81920K(81920K)->0K(81920K) From: 320K(2560K)->704K(2560K)
[15798.770s][info][gc,heap        ] GC(34559) ParOldGen: 506301K(507392K)->506349K(507392K)
[15798.770s][info][gc,metaspace   ] GC(34559) Metaspace: 62490K(62720K)->62490K(62720K) NonClass: 53453K(53632K)->53453K(53632K) Class: 9037K(9088K)->9037K(9088K)
[15798.770s][info][gc             ] GC(34559) Pause Young (Allocation Failure) 574M->495M(578M) 2.673ms
[15798.770s][info][gc,cpu         ] GC(34559) User=0.00s Sys=0.00s Real=0.00s
[15799.208s][info][gc,start       ] GC(34560) Pause Young (Allocation Failure)
[15799.211s][info][gc,heap        ] GC(34560) PSYoungGen: 82624K(84480K)->2528K(84480K) Eden: 81920K(81920K)->0K(81920K) From: 704K(2560K)->2528K(2560K)
[15799.211s][info][gc,heap        ] GC(34560) ParOldGen: 506349K(507392K)->507173K(507392K)
[15799.211s][info][gc,metaspace   ] GC(34560) Metaspace: 62490K(62720K)->62490K(62720K) NonClass: 53453K(53632K)->53453K(53632K) Class: 9037K(9088K)->9037K(9088K)
[15799.211s][info][gc             ] GC(34560) Pause Young (Allocation Failure) 575M->497M(578M) 3.702ms
[15799.211s][info][gc,cpu         ] GC(34560) User=0.01s Sys=0.00s Real=0.00s
[15799.664s][info][gc,start       ] GC(34561) Pause Young (Allocation Failure)
[15799.668s][info][gc,heap        ] GC(34561) PSYoungGen: 84448K(84480K)->736K(83456K) Eden: 81920K(81920K)->0K(80896K) From: 2528K(2560K)->736K(2560K)
[15799.668s][info][gc,heap        ] GC(34561) ParOldGen: 507173K(507392K)->509261K(510464K)
[15799.668s][info][gc,metaspace   ] GC(34561) Metaspace: 62490K(62720K)->62490K(62720K) NonClass: 53453K(53632K)->53453K(53632K) Class: 9037K(9088K)->9037K(9088K)
[15799.668s][info][gc             ] GC(34561) Pause Young (Allocation Failure) 577M->498M(580M) 3.681ms
[15799.668s][info][gc,cpu         ] GC(34561) User=0.01s Sys=0.00s Real=0.01s
[15800.102s][info][gc,start       ] GC(34562) Pause Young (Allocation Failure)
[15800.105s][info][gc,heap        ] GC(34562) PSYoungGen: 81632K(83456K)->1184K(83968K) Eden: 80896K(80896K)->0K(80896K) From: 736K(2560K)->1184K(3072K)
[15800.105s][info][gc,heap        ] GC(34562) ParOldGen: 509261K(510464K)->509317K(510464K)
[15800.105s][info][gc,metaspace   ] GC(34562) Metaspace: 62490K(62720K)->62490K(62720K) NonClass: 53453K(53632K)->53453K(53632K) Class: 9037K(9088K)->9037K(9088K)
[15800.105s][info][gc             ] GC(34562) Pause Young (Allocation Failure) 577M->498M(580M) 3.022ms
[15800.105s][info][gc,cpu         ] GC(34562) User=0.00s Sys=0.00s Real=0.01s
[15800.527s][info][gc,start       ] GC(34563) Pause Young (Allocation Failure)
[15800.531s][info][gc,heap        ] GC(34563) PSYoungGen: 82080K(83968K)->1792K(83968K) Eden: 80896K(80896K)->0K(80896K) From: 1184K(3072K)->1792K(3072K)
[15800.531s][info][gc,heap        ] GC(34563) ParOldGen: 509317K(510464K)->509373K(510464K)
[15800.531s][info][gc,metaspace   ] GC(34563) Metaspace: 62490K(62720K)->62490K(62720K) NonClass: 53453K(53632K)->53453K(53632K) Class: 9037K(9088K)->9037K(9088K)
[15800.531s][info][gc             ] GC(34563) Pause Young (Allocation Failure) 577M->499M(580M) 3.414ms
[15800.531s][info][gc,cpu         ] GC(34563) User=0.00s Sys=0.00s Real=0.00s
[15800.913s][info][gc,start       ] GC(34564) Pause Young (Allocation Failure)
[15800.916s][info][gc,heap        ] GC(34564) PSYoungGen: 82688K(83968K)->1504K(83968K) Eden: 80896K(80896K)->0K(80896K) From: 1792K(3072K)->1504K(3072K)
[15800.916s][info][gc,heap        ] GC(34564) ParOldGen: 509373K(510464K)->509429K(510464K)
[15800.916s][info][gc,metaspace   ] GC(34564) Metaspace: 62490K(62720K)->62490K(62720K) NonClass: 53453K(53632K)->53453K(53632K) Class: 9037K(9088K)->9037K(9088K)
[15800.916s][info][gc             ] GC(34564) Pause Young (Allocation Failure) 578M->498M(580M) 3.228ms
[15800.916s][info][gc,cpu         ] GC(34564) User=0.00s Sys=0.00s Real=0.01s
[15801.361s][info][gc,start       ] GC(34565) Pause Young (Allocation Failure)
[15801.363s][info][gc,heap        ] GC(34565) PSYoungGen: 82400K(83968K)->656K(83968K) Eden: 80896K(80896K)->0K(80896K) From: 1504K(3072K)->656K(3072K)
[15801.363s][info][gc,heap        ] GC(34565) ParOldGen: 509429K(510464K)->509485K(510464K)
[15801.363s][info][gc,metaspace   ] GC(34565) Metaspace: 62490K(62720K)->62490K(62720K) NonClass: 53453K(53632K)->53453K(53632K) Class: 9037K(9088K)->9037K(9088K)
[15801.363s][info][gc             ] GC(34565) Pause Young (Allocation Failure) 577M->498M(580M) 2.600ms
[15801.363s][info][gc,cpu         ] GC(34565) User=0.01s Sys=0.00s Real=0.00s
[15801.780s][info][gc,start       ] GC(34566) Pause Young (Allocation Failure)
[15801.783s][info][gc,heap        ] GC(34566) PSYoungGen: 81552K(83968K)->992K(83968K) Eden: 80896K(80896K)->0K(80896K) From: 656K(3072K)->992K(3072K)
[15801.783s][info][gc,heap        ] GC(34566) ParOldGen: 509485K(510464K)->509589K(510464K)
[15801.783s][info][gc,metaspace   ] GC(34566) Metaspace: 62490K(62720K)->62490K(62720K) NonClass: 53453K(53632K)->53453K(53632K) Class: 9037K(9088K)->9037K(9088K)
[15801.783s][info][gc             ] GC(34566) Pause Young (Allocation Failure) 577M->498M(580M) 2.892ms
[15801.783s][info][gc,cpu         ] GC(34566) User=0.01s Sys=0.00s Real=0.00s
[15802.225s][info][gc,start       ] GC(34567) Pause Young (Allocation Failure)
[15802.229s][info][gc,heap        ] GC(34567) PSYoungGen: 81888K(83968K)->1632K(83968K) Eden: 80896K(80896K)->0K(80896K) From: 992K(3072K)->1632K(3072K)
[15802.229s][info][gc,heap        ] GC(34567) ParOldGen: 509589K(510464K)->509645K(510464K)
[15802.229s][info][gc,metaspace   ] GC(34567) Metaspace: 62490K(62720K)->62490K(62720K) NonClass: 53453K(53632K)->53453K(53632K) Class: 9037K(9088K)->9037K(9088K)
[15802.229s][info][gc             ] GC(34567) Pause Young (Allocation Failure) 577M->499M(580M) 3.467ms
[15802.229s][info][gc,cpu         ] GC(34567) User=0.01s Sys=0.00s Real=0.00s
[15802.648s][info][gc,start       ] GC(34568) Pause Young (Allocation Failure)
[15802.650s][info][gc,heap        ] GC(34568) PSYoungGen: 82528K(83968K)->416K(83968K) Eden: 80896K(80896K)->0K(80896K) From: 1632K(3072K)->416K(3072K)
[15802.650s][info][gc,heap        ] GC(34568) ParOldGen: 509645K(510464K)->509693K(510464K)
[15802.650s][info][gc,metaspace   ] GC(34568) Metaspace: 62490K(62720K)->62490K(62720K) NonClass: 53453K(53632K)->53453K(53632K) Class: 9037K(9088K)->9037K(9088K)
[15802.650s][info][gc             ] GC(34568) Pause Young (Allocation Failure) 578M->498M(580M) 2.376ms
[15802.650s][info][gc,cpu         ] GC(34568) User=0.01s Sys=0.00s Real=0.00s
[15803.090s][info][gc,start       ] GC(34569) Pause Young (Allocation Failure)
[15803.093s][info][gc,heap        ] GC(34569) PSYoungGen: 81312K(83968K)->1088K(84480K) Eden: 80896K(80896K)->0K(81408K) From: 416K(3072K)->1088K(3072K)
[15803.093s][info][gc,heap        ] GC(34569) ParOldGen: 509693K(510464K)->509749K(510464K)
[15803.093s][info][gc,metaspace   ] GC(34569) Metaspace: 62490K(62720K)->62490K(62720K) NonClass: 53453K(53632K)->53453K(53632K) Class: 9037K(9088K)->9037K(9088K)
[15803.093s][info][gc             ] GC(34569) Pause Young (Allocation Failure) 577M->498M(581M) 2.969ms
[15803.093s][info][gc,cpu         ] GC(34569) User=0.01s Sys=0.00s Real=0.00s
[15803.486s][info][gc,start       ] GC(34570) Pause Young (Allocation Failure)
[15803.489s][info][gc,heap        ] GC(34570) PSYoungGen: 82496K(84480K)->1056K(83968K) Eden: 81408K(81408K)->0K(81408K) From: 1088K(3072K)->1056K(2560K)
[15803.489s][info][gc,heap        ] GC(34570) ParOldGen: 509749K(510464K)->509797K(510464K)
[15803.489s][info][gc,metaspace   ] GC(34570) Metaspace: 62490K(62720K)->62490K(62720K) NonClass: 53453K(53632K)->53453K(53632K) Class: 9037K(9088K)->9037K(9088K)
[15803.489s][info][gc             ] GC(34570) Pause Young (Allocation Failure) 578M->498M(580M) 3.102ms
[15803.489s][info][gc,cpu         ] GC(34570) User=0.00s Sys=0.00s Real=0.00s
[15803.882s][info][gc,start       ] GC(34571) Pause Young (Allocation Failure)
[15803.885s][info][gc,heap        ] GC(34571) PSYoungGen: 82464K(83968K)->2528K(83456K) Eden: 81408K(81408K)->0K(80896K) From: 1056K(2560K)->2528K(2560K)
[15803.885s][info][gc,heap        ] GC(34571) ParOldGen: 509797K(510464K)->510237K(510464K)
[15803.885s][info][gc,metaspace   ] GC(34571) Metaspace: 62490K(62720K)->62490K(62720K) NonClass: 53453K(53632K)->53453K(53632K) Class: 9037K(9088K)->9037K(9088K)
[15803.885s][info][gc             ] GC(34571) Pause Young (Allocation Failure) 578M->500M(580M) 3.274ms
[15803.885s][info][gc,cpu         ] GC(34571) User=0.01s Sys=0.00s Real=0.01s
[15804.288s][info][gc,start       ] GC(34572) Pause Young (Allocation Failure)
[15804.292s][info][gc,heap        ] GC(34572) PSYoungGen: 83424K(83456K)->1088K(83968K) Eden: 80896K(80896K)->0K(80896K) From: 2528K(2560K)->1088K(3072K)
[15804.292s][info][gc,heap        ] GC(34572) ParOldGen: 510237K(510464K)->512325K(513536K)
[15804.292s][info][gc,metaspace   ] GC(34572) Metaspace: 62490K(62720K)->62490K(62720K) NonClass: 53453K(53632K)->53453K(53632K) Class: 9037K(9088K)->9037K(9088K)
[15804.292s][info][gc             ] GC(34572) Pause Young (Allocation Failure) 579M->501M(583M) 4.083ms
[15804.292s][info][gc,cpu         ] GC(34572) User=0.01s Sys=0.00s Real=0.00s
[15804.714s][info][gc,start       ] GC(34573) Pause Young (Allocation Failure)
[15804.717s][info][gc,heap        ] GC(34573) PSYoungGen: 81984K(83968K)->1376K(83968K) Eden: 80896K(80896K)->0K(80896K) From: 1088K(3072K)->1376K(3072K)
[15804.717s][info][gc,heap        ] GC(34573) ParOldGen: 512325K(513536K)->512373K(513536K)
[15804.717s][info][gc,metaspace   ] GC(34573) Metaspace: 62490K(62720K)->62490K(62720K) NonClass: 53453K(53632K)->53453K(53632K) Class: 9037K(9088K)->9037K(9088K)
[15804.717s][info][gc             ] GC(34573) Pause Young (Allocation Failure) 580M->501M(583M) 3.316ms
[15804.717s][info][gc,cpu         ] GC(34573) User=0.01s Sys=0.00s Real=0.01s
[15805.127s][info][gc,start       ] GC(34574) Pause Young (Allocation Failure)
[15805.131s][info][gc,heap        ] GC(34574) PSYoungGen: 82272K(83968K)->1760K(83968K) Eden: 80896K(80896K)->0K(80896K) From: 1376K(3072K)->1760K(3072K)
[15805.131s][info][gc,heap        ] GC(34574) ParOldGen: 512373K(513536K)->512421K(513536K)
[15805.131s][info][gc,metaspace   ] GC(34574) Metaspace: 62490K(62720K)->62490K(62720K) NonClass: 53453K(53632K)->53453K(53632K) Class: 9037K(9088K)->9037K(9088K)
[15805.131s][info][gc             ] GC(34574) Pause Young (Allocation Failure) 580M->502M(583M) 3.619ms
[15805.131s][info][gc,cpu         ] GC(34574) User=0.00s Sys=0.00s Real=0.00s
[15805.566s][info][gc,start       ] GC(34575) Pause Young (Allocation Failure)
[15805.569s][info][gc,heap        ] GC(34575) PSYoungGen: 82656K(83968K)->672K(83968K) Eden: 80896K(80896K)->0K(80896K) From: 1760K(3072K)->672K(3072K)
[15805.569s][info][gc,heap        ] GC(34575) ParOldGen: 512421K(513536K)->512477K(513536K)
[15805.569s][info][gc,metaspace   ] GC(34575) Metaspace: 62490K(62720K)->62490K(62720K) NonClass: 53453K(53632K)->53453K(53632K) Class: 9037K(9088K)->9037K(9088K)
[15805.569s][info][gc             ] GC(34575) Pause Young (Allocation Failure) 581M->501M(583M) 2.698ms
[15805.569s][info][gc,cpu         ] GC(34575) User=0.00s Sys=0.00s Real=0.00s
[15805.997s][info][gc,start       ] GC(34576) Pause Young (Allocation Failure)
[15806.000s][info][gc,heap        ] GC(34576) PSYoungGen: 81568K(83968K)->1216K(83968K) Eden: 80896K(80896K)->0K(80896K) From: 672K(3072K)->1216K(3072K)
[15806.000s][info][gc,heap        ] GC(34576) ParOldGen: 512477K(513536K)->512533K(513536K)
[15806.000s][info][gc,metaspace   ] GC(34576) Metaspace: 62490K(62720K)->62490K(62720K) NonClass: 53453K(53632K)->53453K(53632K) Class: 9037K(9088K)->9037K(9088K)
[15806.000s][info][gc             ] GC(34576) Pause Young (Allocation Failure) 580M->501M(583M) 3.148ms
[15806.000s][info][gc,cpu         ] GC(34576) User=0.01s Sys=0.00s Real=0.00s
[15806.456s][info][gc,start       ] GC(34577) Pause Young (Allocation Failure)
[15806.459s][info][gc,heap        ] GC(34577) PSYoungGen: 82112K(83968K)->480K(83968K) Eden: 80896K(80896K)->0K(80896K) From: 1216K(3072K)->480K(3072K)
[15806.459s][info][gc,heap        ] GC(34577) ParOldGen: 512533K(513536K)->512589K(513536K)
[15806.459s][info][gc,metaspace   ] GC(34577) Metaspace: 62490K(62720K)->62490K(62720K) NonClass: 53453K(53632K)->53453K(53632K) Class: 9037K(9088K)->9037K(9088K)
[15806.459s][info][gc             ] GC(34577) Pause Young (Allocation Failure) 580M->501M(583M) 2.461ms
[15806.459s][info][gc,cpu         ] GC(34577) User=0.00s Sys=0.00s Real=0.00s
[15806.881s][info][gc,start       ] GC(34578) Pause Young (Allocation Failure)
[15806.884s][info][gc,heap        ] GC(34578) PSYoungGen: 81376K(83968K)->992K(83968K) Eden: 80896K(80896K)->0K(80896K) From: 480K(3072K)->992K(3072K)
[15806.884s][info][gc,heap        ] GC(34578) ParOldGen: 512589K(513536K)->512645K(513536K)
[15806.884s][info][gc,metaspace   ] GC(34578) Metaspace: 62490K(62720K)->62490K(62720K) NonClass: 53453K(53632K)->53453K(53632K) Class: 9037K(9088K)->9037K(9088K)
[15806.884s][info][gc             ] GC(34578) Pause Young (Allocation Failure) 580M->501M(583M) 2.904ms
[15806.884s][info][gc,cpu         ] GC(34578) User=0.00s Sys=0.00s Real=0.01s
[15807.287s][info][gc,start       ] GC(34579) Pause Young (Allocation Failure)
[15807.290s][info][gc,heap        ] GC(34579) PSYoungGen: 81888K(83968K)->1088K(84480K) Eden: 80896K(80896K)->0K(81920K) From: 992K(3072K)->1088K(2560K)
[15807.290s][info][gc,heap        ] GC(34579) ParOldGen: 512645K(513536K)->512693K(513536K)
[15807.290s][info][gc,metaspace   ] GC(34579) Metaspace: 62490K(62720K)->62490K(62720K) NonClass: 53453K(53632K)->53453K(53632K) Class: 9037K(9088K)->9037K(9088K)
[15807.290s][info][gc             ] GC(34579) Pause Young (Allocation Failure) 580M->501M(584M) 2.977ms
[15807.290s][info][gc,cpu         ] GC(34579) User=0.00s Sys=0.00s Real=0.00s
[15807.723s][info][gc,start       ] GC(34580) Pause Young (Allocation Failure)
[15807.726s][info][gc,heap        ] GC(34580) PSYoungGen: 83008K(84480K)->1632K(84480K) Eden: 81920K(81920K)->0K(81920K) From: 1088K(2560K)->1632K(2560K)
[15807.726s][info][gc,heap        ] GC(34580) ParOldGen: 512693K(513536K)->512749K(513536K)
[15807.726s][info][gc,metaspace   ] GC(34580) Metaspace: 62490K(62720K)->62490K(62720K) NonClass: 53453K(53632K)->53453K(53632K) Class: 9037K(9088K)->9037K(9088K)
[15807.726s][info][gc             ] GC(34580) Pause Young (Allocation Failure) 581M->502M(584M) 3.457ms
[15807.726s][info][gc,cpu         ] GC(34580) User=0.01s Sys=0.00s Real=0.01s
[15808.101s][info][gc,start       ] GC(34581) Pause Young (Allocation Failure)
[15808.104s][info][gc,heap        ] GC(34581) PSYoungGen: 83552K(84480K)->2528K(82432K) Eden: 81920K(81920K)->0K(79872K) From: 1632K(2560K)->2528K(2560K)
[15808.105s][info][gc,heap        ] GC(34581) ParOldGen: 512749K(513536K)->513637K(514048K)
[15808.105s][info][gc,metaspace   ] GC(34581) Metaspace: 62490K(62720K)->62490K(62720K) NonClass: 53453K(53632K)->53453K(53632K) Class: 9037K(9088K)->9037K(9088K)
[15808.105s][info][gc             ] GC(34581) Pause Young (Allocation Failure) 582M->504M(582M) 3.941ms
[15808.105s][info][gc,cpu         ] GC(34581) User=0.00s Sys=0.00s Real=0.01s
[15808.576s][info][gc,start       ] GC(34582) Pause Young (Allocation Failure)
[15808.580s][info][gc,heap        ] GC(34582) PSYoungGen: 82400K(82432K)->896K(83456K) Eden: 79872K(79872K)->0K(79872K) From: 2528K(2560K)->896K(3584K)
[15808.580s][info][gc,heap        ] GC(34582) ParOldGen: 513637K(514048K)->515733K(517120K)
[15808.580s][info][gc,metaspace   ] GC(34582) Metaspace: 62490K(62720K)->62490K(62720K) NonClass: 53453K(53632K)->53453K(53632K) Class: 9037K(9088K)->9037K(9088K)
[15808.580s][info][gc             ] GC(34582) Pause Young (Allocation Failure) 582M->504M(586M) 3.995ms
[15808.580s][info][gc,cpu         ] GC(34582) User=0.01s Sys=0.00s Real=0.00s
[15809.047s][info][gc,start       ] GC(34583) Pause Young (Allocation Failure)
[15809.050s][info][gc,heap        ] GC(34583) PSYoungGen: 80768K(83456K)->416K(83968K) Eden: 79872K(79872K)->0K(80896K) From: 896K(3584K)->416K(3072K)
[15809.050s][info][gc,heap        ] GC(34583) ParOldGen: 515733K(517120K)->515837K(517120K)
[15809.050s][info][gc,metaspace   ] GC(34583) Metaspace: 62490K(62720K)->62490K(62720K) NonClass: 53453K(53632K)->53453K(53632K) Class: 9037K(9088K)->9037K(9088K)
[15809.050s][info][gc             ] GC(34583) Pause Young (Allocation Failure) 582M->504M(587M) 2.492ms
[15809.050s][info][gc,cpu         ] GC(34583) User=0.01s Sys=0.00s Real=0.00s
[15809.460s][info][gc,start       ] GC(34584) Pause Young (Allocation Failure)
[15809.463s][info][gc,heap        ] GC(34584) PSYoungGen: 81312K(83968K)->608K(83968K) Eden: 80896K(80896K)->0K(80896K) From: 416K(3072K)->608K(3072K)
[15809.463s][info][gc,heap        ] GC(34584) ParOldGen: 515837K(517120K)->515893K(517120K)
[15809.463s][info][gc,metaspace   ] GC(34584) Metaspace: 62490K(62720K)->62490K(62720K) NonClass: 53453K(53632K)->53453K(53632K) Class: 9037K(9088K)->9037K(9088K)
[15809.463s][info][gc             ] GC(34584) Pause Young (Allocation Failure) 583M->504M(587M) 2.712ms
[15809.463s][info][gc,cpu         ] GC(34584) User=0.01s Sys=0.00s Real=0.00s
[15809.874s][info][gc,start       ] GC(34585) Pause Young (Allocation Failure)
[15809.877s][info][gc,heap        ] GC(34585) PSYoungGen: 81504K(83968K)->960K(83968K) Eden: 80896K(80896K)->0K(80896K) From: 608K(3072K)->960K(3072K)
[15809.877s][info][gc,heap        ] GC(34585) ParOldGen: 515893K(517120K)->515941K(517120K)
[15809.877s][info][gc,metaspace   ] GC(34585) Metaspace: 62490K(62720K)->62490K(62720K) NonClass: 53453K(53632K)->53453K(53632K) Class: 9037K(9088K)->9037K(9088K)
[15809.877s][info][gc             ] GC(34585) Pause Young (Allocation Failure) 583M->504M(587M) 2.885ms
[15809.877s][info][gc,cpu         ] GC(34585) User=0.01s Sys=0.00s Real=0.00s
[15810.324s][info][gc,start       ] GC(34586) Pause Young (Allocation Failure)
[15810.328s][info][gc,heap        ] GC(34586) PSYoungGen: 81856K(83968K)->1536K(83968K) Eden: 80896K(80896K)->0K(80896K) From: 960K(3072K)->1536K(3072K)
[15810.328s][info][gc,heap        ] GC(34586) ParOldGen: 515941K(517120K)->515989K(517120K)
[15810.328s][info][gc,metaspace   ] GC(34586) Metaspace: 62490K(62720K)->62490K(62720K) NonClass: 53453K(53632K)->53453K(53632K) Class: 9037K(9088K)->9037K(9088K)
[15810.328s][info][gc             ] GC(34586) Pause Young (Allocation Failure) 583M->505M(587M) 3.432ms
[15810.328s][info][gc,cpu         ] GC(34586) User=0.01s Sys=0.00s Real=0.01s
[15810.755s][info][gc,start       ] GC(34587) Pause Young (Allocation Failure)
[15810.758s][info][gc,heap        ] GC(34587) PSYoungGen: 82432K(83968K)->544K(83968K) Eden: 80896K(80896K)->0K(80896K) From: 1536K(3072K)->544K(3072K)
[15810.758s][info][gc,heap        ] GC(34587) ParOldGen: 515989K(517120K)->516045K(517120K)
[15810.758s][info][gc,metaspace   ] GC(34587) Metaspace: 62490K(62720K)->62490K(62720K) NonClass: 53453K(53632K)->53453K(53632K) Class: 9037K(9088K)->9037K(9088K)
[15810.758s][info][gc             ] GC(34587) Pause Young (Allocation Failure) 584M->504M(587M) 2.520ms
[15810.758s][info][gc,cpu         ] GC(34587) User=0.01s Sys=0.00s Real=0.00s
[15811.172s][info][gc,start       ] GC(34588) Pause Young (Allocation Failure)
[15811.175s][info][gc,heap        ] GC(34588) PSYoungGen: 81440K(83968K)->768K(83968K) Eden: 80896K(80896K)->0K(80896K) From: 544K(3072K)->768K(3072K)
[15811.175s][info][gc,heap        ] GC(34588) ParOldGen: 516045K(517120K)->516093K(517120K)
[15811.175s][info][gc,metaspace   ] GC(34588) Metaspace: 62490K(62720K)->62490K(62720K) NonClass: 53453K(53632K)->53453K(53632K) Class: 9037K(9088K)->9037K(9088K)
[15811.175s][info][gc             ] GC(34588) Pause Young (Allocation Failure) 583M->504M(587M) 2.635ms
[15811.175s][info][gc,cpu         ] GC(34588) User=0.00s Sys=0.00s Real=0.01s
[15811.600s][info][gc,start       ] GC(34589) Pause Young (Allocation Failure)
[15811.603s][info][gc,heap        ] GC(34589) PSYoungGen: 81664K(83968K)->1088K(84480K) Eden: 80896K(80896K)->0K(81408K) From: 768K(3072K)->1088K(3072K)
[15811.603s][info][gc,heap        ] GC(34589) ParOldGen: 516093K(517120K)->516149K(517120K)
[15811.603s][info][gc,metaspace   ] GC(34589) Metaspace: 62490K(62720K)->62490K(62720K) NonClass: 53453K(53632K)->53453K(53632K) Class: 9037K(9088K)->9037K(9088K)
[15811.604s][info][gc             ] GC(34589) Pause Young (Allocation Failure) 583M->505M(587M) 3.278ms
[15811.604s][info][gc,cpu         ] GC(34589) User=0.01s Sys=0.00s Real=0.00s
[15812.023s][info][gc,start       ] GC(34590) Pause Young (Allocation Failure)
[15812.026s][info][gc,heap        ] GC(34590) PSYoungGen: 82496K(84480K)->1600K(83968K) Eden: 81408K(81408K)->0K(81408K) From: 1088K(3072K)->1600K(2560K)
[15812.026s][info][gc,heap        ] GC(34590) ParOldGen: 516149K(517120K)->516197K(517120K)
[15812.026s][info][gc,metaspace   ] GC(34590) Metaspace: 62490K(62720K)->62490K(62720K) NonClass: 53453K(53632K)->53453K(53632K) Class: 9037K(9088K)->9037K(9088K)
[15812.026s][info][gc             ] GC(34590) Pause Young (Allocation Failure) 584M->505M(587M) 3.540ms
[15812.026s][info][gc,cpu         ] GC(34590) User=0.01s Sys=0.00s Real=0.01s
[15812.438s][info][gc,start       ] GC(34591) Pause Young (Allocation Failure)
[15812.440s][info][gc,heap        ] GC(34591) PSYoungGen: 83008K(83968K)->256K(83456K) Eden: 81408K(81408K)->0K(80896K) From: 1600K(2560K)->256K(2560K)
[15812.440s][info][gc,heap        ] GC(34591) ParOldGen: 516197K(517120K)->516245K(517120K)
[15812.440s][info][gc,metaspace   ] GC(34591) Metaspace: 62490K(62720K)->62490K(62720K) NonClass: 53453K(53632K)->53453K(53632K) Class: 9037K(9088K)->9037K(9088K)
[15812.440s][info][gc             ] GC(34591) Pause Young (Allocation Failure) 585M->504M(586M) 2.259ms
[15812.440s][info][gc,cpu         ] GC(34591) User=0.00s Sys=0.00s Real=0.00s
[15812.843s][info][gc,start       ] GC(34592) Pause Young (Allocation Failure)
[15812.846s][info][gc,heap        ] GC(34592) PSYoungGen: 81152K(83456K)->2400K(83968K) Eden: 80896K(80896K)->0K(80896K) From: 256K(2560K)->2400K(3072K)
[15812.846s][info][gc,heap        ] GC(34592) ParOldGen: 516245K(517120K)->516293K(517120K)
[15812.846s][info][gc,metaspace   ] GC(34592) Metaspace: 62490K(62720K)->62490K(62720K) NonClass: 53453K(53632K)->53453K(53632K) Class: 9037K(9088K)->9037K(9088K)
[15812.846s][info][gc             ] GC(34592) Pause Young (Allocation Failure) 583M->506M(587M) 2.726ms
[15812.846s][info][gc,cpu         ] GC(34592) User=0.01s Sys=0.00s Real=0.01s
[15813.252s][info][gc,start       ] GC(34593) Pause Young (Allocation Failure)
[15813.256s][info][gc,heap        ] GC(34593) PSYoungGen: 83296K(83968K)->448K(83968K) Eden: 80896K(80896K)->0K(80896K) From: 2400K(3072K)->448K(3072K)
[15813.256s][info][gc,heap        ] GC(34593) ParOldGen: 516293K(517120K)->518397K(518656K)
[15813.256s][info][gc,metaspace   ] GC(34593) Metaspace: 62490K(62720K)->62490K(62720K) NonClass: 53453K(53632K)->53453K(53632K) Class: 9037K(9088K)->9037K(9088K)
[15813.256s][info][gc             ] GC(34593) Pause Young (Allocation Failure) 585M->506M(588M) 3.899ms
[15813.256s][info][gc,cpu         ] GC(34593) User=0.01s Sys=0.00s Real=0.01s
[15813.649s][info][gc,start       ] GC(34594) Pause Young (Allocation Failure)
[15813.651s][info][gc,heap        ] GC(34594) PSYoungGen: 81344K(83968K)->480K(83968K) Eden: 80896K(80896K)->0K(80896K) From: 448K(3072K)->480K(3072K)
[15813.651s][info][gc,heap        ] GC(34594) ParOldGen: 518397K(518656K)->518453K(518656K)
[15813.651s][info][gc,metaspace   ] GC(34594) Metaspace: 62490K(62720K)->62490K(62720K) NonClass: 53453K(53632K)->53453K(53632K) Class: 9037K(9088K)->9037K(9088K)
[15813.652s][info][gc             ] GC(34594) Pause Young (Allocation Failure) 585M->506M(588M) 2.438ms
[15813.652s][info][gc,cpu         ] GC(34594) User=0.01s Sys=0.00s Real=0.00s
[15814.040s][info][gc,start       ] GC(34595) Pause Young (Allocation Failure)
[15814.042s][info][gc,heap        ] GC(34595) PSYoungGen: 81376K(83968K)->320K(83968K) Eden: 80896K(80896K)->0K(80896K) From: 480K(3072K)->320K(3072K)
[15814.042s][info][gc,heap        ] GC(34595) ParOldGen: 518453K(518656K)->518509K(518656K)
[15814.042s][info][gc,metaspace   ] GC(34595) Metaspace: 62490K(62720K)->62490K(62720K) NonClass: 53453K(53632K)->53453K(53632K) Class: 9037K(9088K)->9037K(9088K)
[15814.042s][info][gc             ] GC(34595) Pause Young (Allocation Failure) 585M->506M(588M) 2.373ms
[15814.042s][info][gc,cpu         ] GC(34595) User=0.01s Sys=0.00s Real=0.00s
[15814.480s][info][gc,start       ] GC(34596) Pause Young (Allocation Failure)
[15814.483s][info][gc,heap        ] GC(34596) PSYoungGen: 81216K(83968K)->896K(83968K) Eden: 80896K(80896K)->0K(80896K) From: 320K(3072K)->896K(3072K)
[15814.483s][info][gc,heap        ] GC(34596) ParOldGen: 518509K(518656K)->518557K(518656K)
[15814.483s][info][gc,metaspace   ] GC(34596) Metaspace: 62490K(62720K)->62490K(62720K) NonClass: 53453K(53632K)->53453K(53632K) Class: 9037K(9088K)->9037K(9088K)
[15814.483s][info][gc             ] GC(34596) Pause Young (Allocation Failure) 585M->507M(588M) 2.805ms
[15814.483s][info][gc,cpu         ] GC(34596) User=0.01s Sys=0.00s Real=0.00s
[15814.881s][info][gc,start       ] GC(34597) Pause Young (Allocation Failure)
[15814.884s][info][gc,heap        ] GC(34597) PSYoungGen: 81792K(83968K)->992K(84480K) Eden: 80896K(80896K)->0K(81408K) From: 896K(3072K)->992K(3072K)
[15814.884s][info][gc,heap        ] GC(34597) ParOldGen: 518557K(518656K)->518605K(518656K)
[15814.884s][info][gc,metaspace   ] GC(34597) Metaspace: 62490K(62720K)->62490K(62720K) NonClass: 53453K(53632K)->53453K(53632K) Class: 9037K(9088K)->9037K(9088K)
[15814.884s][info][gc             ] GC(34597) Pause Young (Allocation Failure) 586M->507M(589M) 2.886ms
[15814.884s][info][gc,cpu         ] GC(34597) User=0.00s Sys=0.00s Real=0.00s
[15815.303s][info][gc,start       ] GC(34598) Pause Young (Allocation Failure)
[15815.306s][info][gc,heap        ] GC(34598) PSYoungGen: 82400K(84480K)->1184K(83968K) Eden: 81408K(81408K)->0K(81408K) From: 992K(3072K)->1184K(2560K)
[15815.306s][info][gc,heap        ] GC(34598) ParOldGen: 518605K(518656K)->518653K(518656K)
[15815.306s][info][gc,metaspace   ] GC(34598) Metaspace: 62490K(62720K)->62490K(62720K) NonClass: 53453K(53632K)->53453K(53632K) Class: 9037K(9088K)->9037K(9088K)
[15815.306s][info][gc             ] GC(34598) Pause Young (Allocation Failure) 586M->507M(588M) 3.249ms
[15815.306s][info][gc,cpu         ] GC(34598) User=0.01s Sys=0.00s Real=0.01s
[15815.736s][info][gc,start       ] GC(34599) Pause Young (Allocation Failure)
[15815.738s][info][gc,heap        ] GC(34599) PSYoungGen: 82592K(83968K)->272K(84480K) Eden: 81408K(81408K)->0K(81920K) From: 1184K(2560K)->272K(2560K)
[15815.738s][info][gc,heap        ] GC(34599) ParOldGen: 518653K(518656K)->518709K(519168K)
[15815.738s][info][gc,metaspace   ] GC(34599) Metaspace: 62490K(62720K)->62490K(62720K) NonClass: 53453K(53632K)->53453K(53632K) Class: 9037K(9088K)->9037K(9088K)
[15815.738s][info][gc             ] GC(34599) Pause Young (Allocation Failure) 587M->506M(589M) 2.351ms
[15815.738s][info][gc,cpu         ] GC(34599) User=0.00s Sys=0.00s Real=0.00s
[15816.144s][info][gc,start       ] GC(34600) Pause Young (Allocation Failure)
[15816.147s][info][gc,heap        ] GC(34600) PSYoungGen: 82192K(84480K)->352K(84480K) Eden: 81920K(81920K)->0K(81920K) From: 272K(2560K)->352K(2560K)
[15816.147s][info][gc,heap        ] GC(34600) ParOldGen: 518709K(519168K)->518805K(519168K)
[15816.147s][info][gc,metaspace   ] GC(34600) Metaspace: 62490K(62720K)->62490K(62720K) NonClass: 53453K(53632K)->53453K(53632K) Class: 9037K(9088K)->9037K(9088K)
[15816.147s][info][gc             ] GC(34600) Pause Young (Allocation Failure) 586M->506M(589M) 2.668ms
[15816.147s][info][gc,cpu         ] GC(34600) User=0.01s Sys=0.00s Real=0.00s
[15816.572s][info][gc,start       ] GC(34601) Pause Young (Allocation Failure)
[15816.575s][info][gc,heap        ] GC(34601) PSYoungGen: 82272K(84480K)->800K(84480K) Eden: 81920K(81920K)->0K(81920K) From: 352K(2560K)->800K(2560K)
[15816.575s][info][gc,heap        ] GC(34601) ParOldGen: 518805K(519168K)->518861K(519168K)
[15816.575s][info][gc,metaspace   ] GC(34601) Metaspace: 62490K(62720K)->62490K(62720K) NonClass: 53453K(53632K)->53453K(53632K) Class: 9037K(9088K)->9037K(9088K)
[15816.575s][info][gc             ] GC(34601) Pause Young (Allocation Failure) 586M->507M(589M) 2.715ms
[15816.575s][info][gc,cpu         ] GC(34601) User=0.01s Sys=0.00s Real=0.01s
[15816.997s][info][gc,start       ] GC(34602) Pause Young (Allocation Failure)
[15817.001s][info][gc,heap        ] GC(34602) PSYoungGen: 82720K(84480K)->2528K(84480K) Eden: 81920K(81920K)->0K(81920K) From: 800K(2560K)->2528K(2560K)
[15817.001s][info][gc,heap        ] GC(34602) ParOldGen: 518861K(519168K)->519597K(519680K)
[15817.001s][info][gc,metaspace   ] GC(34602) Metaspace: 62490K(62720K)->62490K(62720K) NonClass: 53453K(53632K)->53453K(53632K) Class: 9037K(9088K)->9037K(9088K)
[15817.001s][info][gc             ] GC(34602) Pause Young (Allocation Failure) 587M->509M(590M) 3.829ms
[15817.001s][info][gc,cpu         ] GC(34602) User=0.01s Sys=0.00s Real=0.00s
[15817.431s][info][gc,start       ] GC(34603) Pause Young (Allocation Failure)
[15817.436s][info][gc,heap        ] GC(34603) PSYoungGen: 84448K(84480K)->1536K(83456K) Eden: 81920K(81920K)->0K(80896K) From: 2528K(2560K)->1536K(2560K)
[15817.436s][info][gc,heap        ] GC(34603) ParOldGen: 519597K(519680K)->521685K(522752K)
[15817.436s][info][gc,metaspace   ] GC(34603) Metaspace: 62490K(62720K)->62490K(62720K) NonClass: 53453K(53632K)->53453K(53632K) Class: 9037K(9088K)->9037K(9088K)
[15817.436s][info][gc             ] GC(34603) Pause Young (Allocation Failure) 589M->510M(592M) 4.924ms
[15817.436s][info][gc,cpu         ] GC(34603) User=0.00s Sys=0.00s Real=0.01s
[15817.852s][info][gc,start       ] GC(34604) Pause Young (Allocation Failure)
[15817.854s][info][gc,heap        ] GC(34604) PSYoungGen: 82432K(83456K)->480K(83968K) Eden: 80896K(80896K)->0K(80896K) From: 1536K(2560K)->480K(3072K)
[15817.854s][info][gc,heap        ] GC(34604) ParOldGen: 521685K(522752K)->521741K(522752K)
[15817.854s][info][gc,metaspace   ] GC(34604) Metaspace: 62490K(62720K)->62490K(62720K) NonClass: 53453K(53632K)->53453K(53632K) Class: 9037K(9088K)->9037K(9088K)
[15817.854s][info][gc             ] GC(34604) Pause Young (Allocation Failure) 589M->509M(592M) 2.525ms
[15817.854s][info][gc,cpu         ] GC(34604) User=0.01s Sys=0.00s Real=0.00s
[15818.273s][info][gc,start       ] GC(34605) Pause Young (Allocation Failure)
[15818.275s][info][gc,heap        ] GC(34605) PSYoungGen: 81376K(83968K)->672K(83968K) Eden: 80896K(80896K)->0K(80896K) From: 480K(3072K)->672K(3072K)
[15818.275s][info][gc,heap        ] GC(34605) ParOldGen: 521741K(522752K)->521797K(522752K)
[15818.275s][info][gc,metaspace   ] GC(34605) Metaspace: 62490K(62720K)->62490K(62720K) NonClass: 53453K(53632K)->53453K(53632K) Class: 9037K(9088K)->9037K(9088K)
[15818.275s][info][gc             ] GC(34605) Pause Young (Allocation Failure) 588M->510M(592M) 2.649ms
[15818.275s][info][gc,cpu         ] GC(34605) User=0.01s Sys=0.00s Real=0.01s
[15818.658s][info][gc,start       ] GC(34606) Pause Young (Allocation Failure)
[15818.660s][info][gc,heap        ] GC(34606) PSYoungGen: 81568K(83968K)->672K(83968K) Eden: 80896K(80896K)->0K(80896K) From: 672K(3072K)->672K(3072K)
[15818.660s][info][gc,heap        ] GC(34606) ParOldGen: 521797K(522752K)->521845K(522752K)
[15818.660s][info][gc,metaspace   ] GC(34606) Metaspace: 62490K(62720K)->62490K(62720K) NonClass: 53453K(53632K)->53453K(53632K) Class: 9037K(9088K)->9037K(9088K)
[15818.660s][info][gc             ] GC(34606) Pause Young (Allocation Failure) 589M->510M(592M) 2.579ms
[15818.660s][info][gc,cpu         ] GC(34606) User=0.00s Sys=0.00s Real=0.00s
[15819.141s][info][gc,start       ] GC(34607) Pause Young (Allocation Failure)
[15819.144s][info][gc,heap        ] GC(34607) PSYoungGen: 81568K(83968K)->352K(83968K) Eden: 80896K(80896K)->0K(80896K) From: 672K(3072K)->352K(3072K)
[15819.144s][info][gc,heap        ] GC(34607) ParOldGen: 521845K(522752K)->521901K(522752K)
[15819.144s][info][gc,metaspace   ] GC(34607) Metaspace: 62490K(62720K)->62490K(62720K) NonClass: 53453K(53632K)->53453K(53632K) Class: 9037K(9088K)->9037K(9088K)
[15819.144s][info][gc             ] GC(34607) Pause Young (Allocation Failure) 589M->510M(592M) 2.346ms
[15819.144s][info][gc,cpu         ] GC(34607) User=0.01s Sys=0.00s Real=0.00s
[15819.592s][info][gc,start       ] GC(34608) Pause Young (Allocation Failure)
[15819.595s][info][gc,heap        ] GC(34608) PSYoungGen: 81248K(83968K)->1152K(83968K) Eden: 80896K(80896K)->0K(80896K) From: 352K(3072K)->1152K(3072K)
[15819.595s][info][gc,heap        ] GC(34608) ParOldGen: 521901K(522752K)->521957K(522752K)
[15819.595s][info][gc,metaspace   ] GC(34608) Metaspace: 62490K(62720K)->62490K(62720K) NonClass: 53453K(53632K)->53453K(53632K) Class: 9037K(9088K)->9037K(9088K)
[15819.595s][info][gc             ] GC(34608) Pause Young (Allocation Failure) 589M->510M(592M) 3.072ms
[15819.595s][info][gc,cpu         ] GC(34608) User=0.01s Sys=0.00s Real=0.01s
[15820.030s][info][gc,start       ] GC(34609) Pause Young (Allocation Failure)
[15820.033s][info][gc,heap        ] GC(34609) PSYoungGen: 82048K(83968K)->1632K(83456K) Eden: 80896K(80896K)->0K(80896K) From: 1152K(3072K)->1632K(2560K)
[15820.033s][info][gc,heap        ] GC(34609) ParOldGen: 521957K(522752K)->522013K(522752K)
[15820.033s][info][gc,metaspace   ] GC(34609) Metaspace: 62490K(62720K)->62490K(62720K) NonClass: 53453K(53632K)->53453K(53632K) Class: 9037K(9088K)->9037K(9088K)
[15820.033s][info][gc             ] GC(34609) Pause Young (Allocation Failure) 589M->511M(592M) 3.389ms
[15820.033s][info][gc,cpu         ] GC(34609) User=0.01s Sys=0.00s Real=0.00s
[15820.445s][info][gc,start       ] GC(34610) Pause Young (Allocation Failure)
[15820.447s][info][gc,heap        ] GC(34610) PSYoungGen: 82528K(83456K)->384K(83968K) Eden: 80896K(80896K)->0K(80896K) From: 1632K(2560K)->384K(3072K)
[15820.448s][info][gc,heap        ] GC(34610) ParOldGen: 522013K(522752K)->522069K(522752K)
[15820.448s][info][gc,metaspace   ] GC(34610) Metaspace: 62490K(62720K)->62490K(62720K) NonClass: 53453K(53632K)->53453K(53632K) Class: 9037K(9088K)->9037K(9088K)
[15820.448s][info][gc             ] GC(34610) Pause Young (Allocation Failure) 590M->510M(592M) 2.344ms
[15820.448s][info][gc,cpu         ] GC(34610) User=0.00s Sys=0.01s Real=0.00s
[15820.876s][info][gc,start       ] GC(34611) Pause Young (Allocation Failure)
[15820.878s][info][gc,heap        ] GC(34611) PSYoungGen: 81280K(83968K)->768K(84480K) Eden: 80896K(80896K)->0K(81920K) From: 384K(3072K)->768K(2560K)
[15820.878s][info][gc,heap        ] GC(34611) ParOldGen: 522069K(522752K)->522125K(522752K)
[15820.878s][info][gc,metaspace   ] GC(34611) Metaspace: 62490K(62720K)->62490K(62720K) NonClass: 53453K(53632K)->53453K(53632K) Class: 9037K(9088K)->9037K(9088K)
[15820.878s][info][gc             ] GC(34611) Pause Young (Allocation Failure) 589M->510M(593M) 2.685ms
[15820.878s][info][gc,cpu         ] GC(34611) User=0.01s Sys=0.00s Real=0.00s
[15821.325s][info][gc,start       ] GC(34612) Pause Young (Allocation Failure)
[15821.328s][info][gc,heap        ] GC(34612) PSYoungGen: 82688K(84480K)->1376K(84480K) Eden: 81920K(81920K)->0K(81920K) From: 768K(2560K)->1376K(2560K)
[15821.328s][info][gc,heap        ] GC(34612) ParOldGen: 522125K(522752K)->522173K(522752K)
[15821.328s][info][gc,metaspace   ] GC(34612) Metaspace: 62490K(62720K)->62490K(62720K) NonClass: 53453K(53632K)->53453K(53632K) Class: 9037K(9088K)->9037K(9088K)
[15821.328s][info][gc             ] GC(34612) Pause Young (Allocation Failure) 590M->511M(593M) 3.100ms
[15821.328s][info][gc,cpu         ] GC(34612) User=0.01s Sys=0.00s Real=0.00s
[15821.760s][info][gc,start       ] GC(34613) Pause Young (Allocation Failure)
[15821.762s][info][gc,heap        ] GC(34613) PSYoungGen: 83296K(84480K)->2528K(83456K) Eden: 81920K(81920K)->0K(80896K) From: 1376K(2560K)->2528K(2560K)
[15821.763s][info][gc,heap        ] GC(34613) ParOldGen: 522173K(522752K)->522285K(522752K)
[15821.763s][info][gc,metaspace   ] GC(34613) Metaspace: 62490K(62720K)->62490K(62720K) NonClass: 53453K(53632K)->53453K(53632K) Class: 9037K(9088K)->9037K(9088K)
[15821.763s][info][gc             ] GC(34613) Pause Young (Allocation Failure) 591M->512M(592M) 2.811ms
[15821.763s][info][gc,cpu         ] GC(34613) User=0.00s Sys=0.01s Real=0.00s
[15822.193s][info][gc,start       ] GC(34614) Pause Young (Allocation Failure)
[15822.197s][info][gc,heap        ] GC(34614) PSYoungGen: 83424K(83456K)->1056K(83968K) Eden: 80896K(80896K)->0K(80896K) From: 2528K(2560K)->1056K(3072K)
[15822.197s][info][gc,heap        ] GC(34614) ParOldGen: 522285K(522752K)->524365K(525824K)
[15822.197s][info][gc,metaspace   ] GC(34614) Metaspace: 62490K(62720K)->62490K(62720K) NonClass: 53453K(53632K)->53453K(53632K) Class: 9037K(9088K)->9037K(9088K)
[15822.197s][info][gc             ] GC(34614) Pause Young (Allocation Failure) 591M->513M(595M) 3.973ms
[15822.197s][info][gc,cpu         ] GC(34614) User=0.01s Sys=0.00s Real=0.01s
[15822.613s][info][gc,start       ] GC(34615) Pause Young (Allocation Failure)
[15822.616s][info][gc,heap        ] GC(34615) PSYoungGen: 81952K(83968K)->1408K(83968K) Eden: 80896K(80896K)->0K(80896K) From: 1056K(3072K)->1408K(3072K)
[15822.616s][info][gc,heap        ] GC(34615) ParOldGen: 524365K(525824K)->524421K(525824K)
[15822.616s][info][gc,metaspace   ] GC(34615) Metaspace: 62490K(62720K)->62490K(62720K) NonClass: 53453K(53632K)->53453K(53632K) Class: 9037K(9088K)->9037K(9088K)
[15822.616s][info][gc             ] GC(34615) Pause Young (Allocation Failure) 592M->513M(595M) 3.196ms
[15822.616s][info][gc,cpu         ] GC(34615) User=0.01s Sys=0.00s Real=0.01s
[15823.077s][info][gc,start       ] GC(34616) Pause Young (Allocation Failure)
[15823.080s][info][gc,heap        ] GC(34616) PSYoungGen: 82304K(83968K)->896K(83968K) Eden: 80896K(80896K)->0K(80896K) From: 1408K(3072K)->896K(3072K)
[15823.080s][info][gc,heap        ] GC(34616) ParOldGen: 524421K(525824K)->524477K(525824K)
[15823.080s][info][gc,metaspace   ] GC(34616) Metaspace: 62490K(62720K)->62490K(62720K) NonClass: 53453K(53632K)->53453K(53632K) Class: 9037K(9088K)->9037K(9088K)
[15823.080s][info][gc             ] GC(34616) Pause Young (Allocation Failure) 592M->513M(595M) 2.903ms
[15823.080s][info][gc,cpu         ] GC(34616) User=0.01s Sys=0.00s Real=0.00s
[15823.503s][info][gc,start       ] GC(34617) Pause Young (Allocation Failure)
[15823.506s][info][gc,heap        ] GC(34617) PSYoungGen: 81792K(83968K)->1376K(84480K) Eden: 80896K(80896K)->0K(81408K) From: 896K(3072K)->1376K(3072K)
[15823.506s][info][gc,heap        ] GC(34617) ParOldGen: 524477K(525824K)->524573K(525824K)
[15823.506s][info][gc,metaspace   ] GC(34617) Metaspace: 62490K(62720K)->62490K(62720K) NonClass: 53453K(53632K)->53453K(53632K) Class: 9037K(9088K)->9037K(9088K)
[15823.506s][info][gc             ] GC(34617) Pause Young (Allocation Failure) 592M->513M(596M) 3.197ms
[15823.506s][info][gc,cpu         ] GC(34617) User=0.00s Sys=0.00s Real=0.01s
[15823.934s][info][gc,start       ] GC(34618) Pause Young (Allocation Failure)
[15823.936s][info][gc,heap        ] GC(34618) PSYoungGen: 82784K(84480K)->224K(83968K) Eden: 81408K(81408K)->0K(81408K) From: 1376K(3072K)->224K(2560K)
[15823.936s][info][gc,heap        ] GC(34618) ParOldGen: 524573K(525824K)->524629K(525824K)
[15823.936s][info][gc,metaspace   ] GC(34618) Metaspace: 62490K(62720K)->62490K(62720K) NonClass: 53453K(53632K)->53453K(53632K) Class: 9037K(9088K)->9037K(9088K)
[15823.936s][info][gc             ] GC(34618) Pause Young (Allocation Failure) 593M->512M(595M) 2.293ms
[15823.936s][info][gc,cpu         ] GC(34618) User=0.00s Sys=0.00s Real=0.01s
[15824.316s][info][gc,start       ] GC(34619) Pause Young (Allocation Failure)
[15824.320s][info][gc,heap        ] GC(34619) PSYoungGen: 81632K(83968K)->1664K(83456K) Eden: 81408K(81408K)->0K(80896K) From: 224K(2560K)->1664K(2560K)
[15824.320s][info][gc,heap        ] GC(34619) ParOldGen: 524629K(525824K)->524677K(525824K)
[15824.320s][info][gc,metaspace   ] GC(34619) Metaspace: 62490K(62720K)->62490K(62720K) NonClass: 53453K(53632K)->53453K(53632K) Class: 9037K(9088K)->9037K(9088K)
[15824.320s][info][gc             ] GC(34619) Pause Young (Allocation Failure) 592M->514M(595M) 3.465ms
[15824.320s][info][gc,cpu         ] GC(34619) User=0.01s Sys=0.00s Real=0.00s
[15824.744s][info][gc,start       ] GC(34620) Pause Young (Allocation Failure)
[15824.747s][info][gc,heap        ] GC(34620) PSYoungGen: 82560K(83456K)->352K(83968K) Eden: 80896K(80896K)->0K(80896K) From: 1664K(2560K)->352K(3072K)
[15824.747s][info][gc,heap        ] GC(34620) ParOldGen: 524677K(525824K)->524733K(525824K)
[15824.747s][info][gc,metaspace   ] GC(34620) Metaspace: 62490K(62720K)->62490K(62720K) NonClass: 53453K(53632K)->53453K(53632K) Class: 9037K(9088K)->9037K(9088K)
[15824.747s][info][gc             ] GC(34620) Pause Young (Allocation Failure) 593M->512M(595M) 2.388ms
[15824.747s][info][gc,cpu         ] GC(34620) User=0.01s Sys=0.00s Real=0.00s
[15825.143s][info][gc,start       ] GC(34621) Pause Young (Allocation Failure)
[15825.146s][info][gc,heap        ] GC(34621) PSYoungGen: 81248K(83968K)->384K(84480K) Eden: 80896K(80896K)->0K(81408K) From: 352K(3072K)->384K(3072K)
[15825.146s][info][gc,heap        ] GC(34621) ParOldGen: 524733K(525824K)->524781K(525824K)
[15825.146s][info][gc,metaspace   ] GC(34621) Metaspace: 62490K(62720K)->62490K(62720K) NonClass: 53453K(53632K)->53453K(53632K) Class: 9037K(9088K)->9037K(9088K)
[15825.146s][info][gc             ] GC(34621) Pause Young (Allocation Failure) 591M->512M(596M) 2.389ms
[15825.146s][info][gc,cpu         ] GC(34621) User=0.00s Sys=0.00s Real=0.01s
[15825.538s][info][gc,start       ] GC(34622) Pause Young (Allocation Failure)
[15825.540s][info][gc,heap        ] GC(34622) PSYoungGen: 81792K(84480K)->288K(83968K) Eden: 81408K(81408K)->0K(81408K) From: 384K(3072K)->288K(2560K)
[15825.540s][info][gc,heap        ] GC(34622) ParOldGen: 524781K(525824K)->524829K(525824K)
[15825.540s][info][gc,metaspace   ] GC(34622) Metaspace: 62490K(62720K)->62490K(62720K) NonClass: 53453K(53632K)->53453K(53632K) Class: 9037K(9088K)->9037K(9088K)
[15825.540s][info][gc             ] GC(34622) Pause Young (Allocation Failure) 592M->512M(595M) 2.240ms
[15825.540s][info][gc,cpu         ] GC(34622) User=0.01s Sys=0.00s Real=0.00s
[15825.966s][info][gc,start       ] GC(34623) Pause Young (Allocation Failure)
[15825.969s][info][gc,heap        ] GC(34623) PSYoungGen: 81696K(83968K)->2528K(83456K) Eden: 81408K(81408K)->0K(80896K) From: 288K(2560K)->2528K(2560K)
[15825.969s][info][gc,heap        ] GC(34623) ParOldGen: 524829K(525824K)->525053K(525824K)
[15825.969s][info][gc,metaspace   ] GC(34623) Metaspace: 62490K(62720K)->62490K(62720K) NonClass: 53453K(53632K)->53453K(53632K) Class: 9037K(9088K)->9037K(9088K)
[15825.969s][info][gc             ] GC(34623) Pause Young (Allocation Failure) 592M->515M(595M) 2.908ms
[15825.969s][info][gc,cpu         ] GC(34623) User=0.01s Sys=0.00s Real=0.00s
[15826.369s][info][gc,start       ] GC(34624) Pause Young (Allocation Failure)
[15826.372s][info][gc,heap        ] GC(34624) PSYoungGen: 83424K(83456K)->864K(83968K) Eden: 80896K(80896K)->0K(80896K) From: 2528K(2560K)->864K(3072K)
[15826.372s][info][gc,heap        ] GC(34624) ParOldGen: 525053K(525824K)->527141K(527360K)
[15826.372s][info][gc,metaspace   ] GC(34624) Metaspace: 62490K(62720K)->62490K(62720K) NonClass: 53453K(53632K)->53453K(53632K) Class: 9037K(9088K)->9037K(9088K)
[15826.372s][info][gc             ] GC(34624) Pause Young (Allocation Failure) 594M->515M(597M) 3.789ms
[15826.372s][info][gc,cpu         ] GC(34624) User=0.01s Sys=0.01s Real=0.00s
[15826.762s][info][gc,start       ] GC(34625) Pause Young (Allocation Failure)
[15826.765s][info][gc,heap        ] GC(34625) PSYoungGen: 81760K(83968K)->672K(83968K) Eden: 80896K(80896K)->0K(80896K) From: 864K(3072K)->672K(3072K)
[15826.765s][info][gc,heap        ] GC(34625) ParOldGen: 527141K(527360K)->527197K(527360K)
[15826.765s][info][gc,metaspace   ] GC(34625) Metaspace: 62490K(62720K)->62490K(62720K) NonClass: 53453K(53632K)->53453K(53632K) Class: 9037K(9088K)->9037K(9088K)
[15826.765s][info][gc             ] GC(34625) Pause Young (Allocation Failure) 594M->515M(597M) 2.633ms
[15826.765s][info][gc,cpu         ] GC(34625) User=0.01s Sys=0.00s Real=0.01s
[15827.160s][info][gc,start       ] GC(34626) Pause Young (Allocation Failure)
[15827.163s][info][gc,heap        ] GC(34626) PSYoungGen: 81568K(83968K)->672K(83968K) Eden: 80896K(80896K)->0K(80896K) From: 672K(3072K)->672K(3072K)
[15827.163s][info][gc,heap        ] GC(34626) ParOldGen: 527197K(527360K)->527253K(527360K)
[15827.163s][info][gc,metaspace   ] GC(34626) Metaspace: 62490K(62720K)->62490K(62720K) NonClass: 53453K(53632K)->53453K(53632K) Class: 9037K(9088K)->9037K(9088K)
[15827.163s][info][gc             ] GC(34626) Pause Young (Allocation Failure) 594M->515M(597M) 2.723ms
[15827.163s][info][gc,cpu         ] GC(34626) User=0.00s Sys=0.00s Real=0.00s
[15827.578s][info][gc,start       ] GC(34627) Pause Young (Allocation Failure)
[15827.580s][info][gc,heap        ] GC(34627) PSYoungGen: 81568K(83968K)->832K(84480K) Eden: 80896K(80896K)->0K(81408K) From: 672K(3072K)->832K(3072K)
[15827.581s][info][gc,heap        ] GC(34627) ParOldGen: 527253K(527360K)->527309K(527360K)
[15827.581s][info][gc,metaspace   ] GC(34627) Metaspace: 62490K(62720K)->62490K(62720K) NonClass: 53453K(53632K)->53453K(53632K) Class: 9037K(9088K)->9037K(9088K)
[15827.581s][info][gc             ] GC(34627) Pause Young (Allocation Failure) 594M->515M(597M) 2.781ms
[15827.581s][info][gc,cpu         ] GC(34627) User=0.00s Sys=0.01s Real=0.00s
[15827.989s][info][gc,start       ] GC(34628) Pause Young (Allocation Failure)
[15827.992s][info][gc,heap        ] GC(34628) PSYoungGen: 82240K(84480K)->1120K(83968K) Eden: 81408K(81408K)->0K(81408K) From: 832K(3072K)->1120K(2560K)
[15827.992s][info][gc,heap        ] GC(34628) ParOldGen: 527309K(527360K)->527357K(527360K)
[15827.992s][info][gc,metaspace   ] GC(34628) Metaspace: 62490K(62720K)->62490K(62720K) NonClass: 53453K(53632K)->53453K(53632K) Class: 9037K(9088K)->9037K(9088K)
[15827.992s][info][gc             ] GC(34628) Pause Young (Allocation Failure) 595M->516M(597M) 2.928ms
[15827.992s][info][gc,cpu         ] GC(34628) User=0.01s Sys=0.00s Real=0.00s
[15828.429s][info][gc,start       ] GC(34629) Pause Young (Allocation Failure)
[15828.432s][info][gc,heap        ] GC(34629) PSYoungGen: 82528K(83968K)->1568K(84480K) Eden: 81408K(81408K)->0K(81920K) From: 1120K(2560K)->1568K(2560K)
[15828.432s][info][gc,heap        ] GC(34629) ParOldGen: 527357K(527360K)->527405K(527872K)
[15828.432s][info][gc,metaspace   ] GC(34629) Metaspace: 62490K(62720K)->62490K(62720K) NonClass: 53453K(53632K)->53453K(53632K) Class: 9037K(9088K)->9037K(9088K)
[15828.432s][info][gc             ] GC(34629) Pause Young (Allocation Failure) 595M->516M(598M) 3.472ms
[15828.433s][info][gc,cpu         ] GC(34629) User=0.01s Sys=0.00s Real=0.00s
[15828.923s][info][gc,start       ] GC(34630) Pause Young (Allocation Failure)
[15828.926s][info][gc,heap        ] GC(34630) PSYoungGen: 83488K(84480K)->1440K(84480K) Eden: 81920K(81920K)->0K(81920K) From: 1568K(2560K)->1440K(2560K)
[15828.926s][info][gc,heap        ] GC(34630) ParOldGen: 527405K(527872K)->527453K(527872K)
[15828.926s][info][gc,metaspace   ] GC(34630) Metaspace: 62490K(62720K)->62490K(62720K) NonClass: 53453K(53632K)->53453K(53632K) Class: 9037K(9088K)->9037K(9088K)
[15828.926s][info][gc             ] GC(34630) Pause Young (Allocation Failure) 596M->516M(598M) 3.246ms
[15828.926s][info][gc,cpu         ] GC(34630) User=0.00s Sys=0.00s Real=0.01s
[15829.379s][info][gc,start       ] GC(34631) Pause Young (Allocation Failure)
[15829.382s][info][gc,heap        ] GC(34631) PSYoungGen: 83360K(84480K)->864K(84480K) Eden: 81920K(81920K)->0K(81920K) From: 1440K(2560K)->864K(2560K)
[15829.382s][info][gc,heap        ] GC(34631) ParOldGen: 527453K(527872K)->527501K(527872K)
[15829.382s][info][gc,metaspace   ] GC(34631) Metaspace: 62490K(62720K)->62490K(62720K) NonClass: 53453K(53632K)->53453K(53632K) Class: 9037K(9088K)->9037K(9088K)
[15829.382s][info][gc             ] GC(34631) Pause Young (Allocation Failure) 596M->515M(598M) 2.771ms
[15829.382s][info][gc,cpu         ] GC(34631) User=0.01s Sys=0.00s Real=0.00s
[15829.865s][info][gc,start       ] GC(34632) Pause Young (Allocation Failure)
[15829.868s][info][gc,heap        ] GC(34632) PSYoungGen: 82784K(84480K)->656K(84480K) Eden: 81920K(81920K)->0K(81920K) From: 864K(2560K)->656K(2560K)
[15829.868s][info][gc,heap        ] GC(34632) ParOldGen: 527501K(527872K)->527549K(527872K)
[15829.868s][info][gc,metaspace   ] GC(34632) Metaspace: 62490K(62720K)->62490K(62720K) NonClass: 53453K(53632K)->53453K(53632K) Class: 9037K(9088K)->9037K(9088K)
[15829.868s][info][gc             ] GC(34632) Pause Young (Allocation Failure) 595M->515M(598M) 2.699ms
[15829.868s][info][gc,cpu         ] GC(34632) User=0.00s Sys=0.00s Real=0.00s
[15830.298s][info][gc,start       ] GC(34633) Pause Young (Allocation Failure)
[15830.301s][info][gc,heap        ] GC(34633) PSYoungGen: 82576K(84480K)->1152K(84480K) Eden: 81920K(81920K)->0K(81920K) From: 656K(2560K)->1152K(2560K)
[15830.301s][info][gc,heap        ] GC(34633) ParOldGen: 527549K(527872K)->527654K(527872K)
[15830.301s][info][gc,metaspace   ] GC(34633) Metaspace: 62490K(62720K)->62490K(62720K) NonClass: 53453K(53632K)->53453K(53632K) Class: 9037K(9088K)->9037K(9088K)
[15830.301s][info][gc             ] GC(34633) Pause Young (Allocation Failure) 595M->516M(598M) 2.986ms
[15830.301s][info][gc,cpu         ] GC(34633) User=0.01s Sys=0.00s Real=0.00s
[15830.725s][info][gc,start       ] GC(34634) Pause Young (Allocation Failure)
[15830.729s][info][gc,heap        ] GC(34634) PSYoungGen: 83072K(84480K)->2528K(84480K) Eden: 81920K(81920K)->0K(81920K) From: 1152K(2560K)->2528K(2560K)
[15830.729s][info][gc,heap        ] GC(34634) ParOldGen: 527654K(527872K)->528774K(528896K)
[15830.729s][info][gc,metaspace   ] GC(34634) Metaspace: 62490K(62720K)->62490K(62720K) NonClass: 53453K(53632K)->53453K(53632K) Class: 9037K(9088K)->9037K(9088K)
[15830.729s][info][gc             ] GC(34634) Pause Young (Allocation Failure) 596M->518M(599M) 4.418ms
[15830.730s][info][gc,cpu         ] GC(34634) User=0.00s Sys=0.00s Real=0.00s
[15831.147s][info][gc,start       ] GC(34635) Pause Young (Allocation Failure)
[15831.150s][info][gc,heap        ] GC(34635) PSYoungGen: 84448K(84480K)->448K(83456K) Eden: 81920K(81920K)->0K(80896K) From: 2528K(2560K)->448K(2560K)
[15831.150s][info][gc,heap        ] GC(34635) ParOldGen: 528774K(528896K)->530862K(531968K)
[15831.150s][info][gc,metaspace   ] GC(34635) Metaspace: 62490K(62720K)->62490K(62720K) NonClass: 53453K(53632K)->53453K(53632K) Class: 9037K(9088K)->9037K(9088K)
[15831.150s][info][gc             ] GC(34635) Pause Young (Allocation Failure) 598M->518M(601M) 3.465ms
[15831.150s][info][gc,cpu         ] GC(34635) User=0.01s Sys=0.00s Real=0.00s
[15831.532s][info][gc,start       ] GC(34636) Pause Young (Allocation Failure)
[15831.535s][info][gc,heap        ] GC(34636) PSYoungGen: 81344K(83456K)->1824K(82944K) Eden: 80896K(80896K)->0K(80896K) From: 448K(2560K)->1824K(2048K)
[15831.535s][info][gc,heap        ] GC(34636) ParOldGen: 530862K(531968K)->530918K(531968K)
[15831.535s][info][gc,metaspace   ] GC(34636) Metaspace: 62490K(62720K)->62490K(62720K) NonClass: 53453K(53632K)->53453K(53632K) Class: 9037K(9088K)->9037K(9088K)
[15831.535s][info][gc             ] GC(34636) Pause Young (Allocation Failure) 597M->520M(600M) 3.561ms
[15831.535s][info][gc,cpu         ] GC(34636) User=0.00s Sys=0.00s Real=0.01s
[15831.963s][info][gc,start       ] GC(34637) Pause Young (Allocation Failure)
[15831.965s][info][gc,heap        ] GC(34637) PSYoungGen: 82720K(82944K)->640K(83968K) Eden: 80896K(80896K)->0K(80384K) From: 1824K(2048K)->640K(3584K)
[15831.965s][info][gc,heap        ] GC(34637) ParOldGen: 530918K(531968K)->530974K(531968K)
[15831.965s][info][gc,metaspace   ] GC(34637) Metaspace: 62490K(62720K)->62490K(62720K) NonClass: 53453K(53632K)->53453K(53632K) Class: 9037K(9088K)->9037K(9088K)
[15831.965s][info][gc             ] GC(34637) Pause Young (Allocation Failure) 599M->519M(601M) 2.573ms
[15831.965s][info][gc,cpu         ] GC(34637) User=0.01s Sys=0.00s Real=0.01s
[15832.373s][info][gc,start       ] GC(34638) Pause Young (Allocation Failure)
[15832.375s][info][gc,heap        ] GC(34638) PSYoungGen: 81024K(83968K)->832K(83456K) Eden: 80384K(80384K)->0K(80384K) From: 640K(3584K)->832K(3072K)
[15832.375s][info][gc,heap        ] GC(34638) ParOldGen: 530974K(531968K)->531030K(531968K)
[15832.375s][info][gc,metaspace   ] GC(34638) Metaspace: 62490K(62720K)->62490K(62720K) NonClass: 53453K(53632K)->53453K(53632K) Class: 9037K(9088K)->9037K(9088K)
[15832.375s][info][gc             ] GC(34638) Pause Young (Allocation Failure) 597M->519M(601M) 2.694ms
[15832.375s][info][gc,cpu         ] GC(34638) User=0.00s Sys=0.00s Real=0.01s
[15832.769s][info][gc,start       ] GC(34639) Pause Young (Allocation Failure)
[15832.772s][info][gc,heap        ] GC(34639) PSYoungGen: 81216K(83456K)->800K(83968K) Eden: 80384K(80384K)->0K(80896K) From: 832K(3072K)->800K(3072K)
[15832.772s][info][gc,heap        ] GC(34639) ParOldGen: 531030K(531968K)->531086K(531968K)
[15832.772s][info][gc,metaspace   ] GC(34639) Metaspace: 62490K(62720K)->62490K(62720K) NonClass: 53453K(53632K)->53453K(53632K) Class: 9037K(9088K)->9037K(9088K)
[15832.772s][info][gc             ] GC(34639) Pause Young (Allocation Failure) 597M->519M(601M) 2.678ms
[15832.772s][info][gc,cpu         ] GC(34639) User=0.01s Sys=0.00s Real=0.00s
[15833.205s][info][gc,start       ] GC(34640) Pause Young (Allocation Failure)
[15833.208s][info][gc,heap        ] GC(34640) PSYoungGen: 81696K(83968K)->1248K(83968K) Eden: 80896K(80896K)->0K(80896K) From: 800K(3072K)->1248K(3072K)
[15833.208s][info][gc,heap        ] GC(34640) ParOldGen: 531086K(531968K)->531142K(531968K)
[15833.208s][info][gc,metaspace   ] GC(34640) Metaspace: 62490K(62720K)->62490K(62720K) NonClass: 53453K(53632K)->53453K(53632K) Class: 9037K(9088K)->9037K(9088K)
[15833.208s][info][gc             ] GC(34640) Pause Young (Allocation Failure) 598M->519M(601M) 3.116ms
[15833.208s][info][gc,cpu         ] GC(34640) User=0.00s Sys=0.00s Real=0.00s
[15833.600s][info][gc,start       ] GC(34641) Pause Young (Allocation Failure)
[15833.603s][info][gc,heap        ] GC(34641) PSYoungGen: 82144K(83968K)->1376K(83968K) Eden: 80896K(80896K)->0K(80896K) From: 1248K(3072K)->1376K(3072K)
[15833.603s][info][gc,heap        ] GC(34641) ParOldGen: 531142K(531968K)->531190K(531968K)
[15833.603s][info][gc,metaspace   ] GC(34641) Metaspace: 62490K(62720K)->62490K(62720K) NonClass: 53453K(53632K)->53453K(53632K) Class: 9037K(9088K)->9037K(9088K)
[15833.603s][info][gc             ] GC(34641) Pause Young (Allocation Failure) 598M->520M(601M) 3.171ms
[15833.603s][info][gc,cpu         ] GC(34641) User=0.00s Sys=0.00s Real=0.00s
[15833.991s][info][gc,start       ] GC(34642) Pause Young (Allocation Failure)
[15833.994s][info][gc,heap        ] GC(34642) PSYoungGen: 82272K(83968K)->1152K(83968K) Eden: 80896K(80896K)->0K(80896K) From: 1376K(3072K)->1152K(3072K)
[15833.994s][info][gc,heap        ] GC(34642) ParOldGen: 531190K(531968K)->531246K(531968K)
[15833.994s][info][gc,metaspace   ] GC(34642) Metaspace: 62490K(62720K)->62490K(62720K) NonClass: 53453K(53632K)->53453K(53632K) Class: 9037K(9088K)->9037K(9088K)
[15833.994s][info][gc             ] GC(34642) Pause Young (Allocation Failure) 599M->519M(601M) 2.995ms
[15833.994s][info][gc,cpu         ] GC(34642) User=0.00s Sys=0.00s Real=0.01s
[15834.375s][info][gc,start       ] GC(34643) Pause Young (Allocation Failure)
[15834.378s][info][gc,heap        ] GC(34643) PSYoungGen: 82048K(83968K)->928K(84480K) Eden: 80896K(80896K)->0K(81920K) From: 1152K(3072K)->928K(2560K)
[15834.378s][info][gc,heap        ] GC(34643) ParOldGen: 531246K(531968K)->531302K(531968K)
[15834.378s][info][gc,metaspace   ] GC(34643) Metaspace: 62490K(62720K)->62490K(62720K) NonClass: 53453K(53632K)->53453K(53632K) Class: 9037K(9088K)->9037K(9088K)
[15834.378s][info][gc             ] GC(34643) Pause Young (Allocation Failure) 598M->519M(602M) 2.788ms
[15834.378s][info][gc,cpu         ] GC(34643) User=0.00s Sys=0.00s Real=0.00s
[15834.752s][info][gc,start       ] GC(34644) Pause Young (Allocation Failure)
[15834.754s][info][gc,heap        ] GC(34644) PSYoungGen: 82848K(84480K)->2528K(84480K) Eden: 81920K(81920K)->0K(81920K) From: 928K(2560K)->2528K(2560K)
[15834.754s][info][gc,heap        ] GC(34644) ParOldGen: 531302K(531968K)->531358K(531968K)
[15834.754s][info][gc,metaspace   ] GC(34644) Metaspace: 62490K(62720K)->62490K(62720K) NonClass: 53453K(53632K)->53453K(53632K) Class: 9037K(9088K)->9037K(9088K)
[15834.754s][info][gc             ] GC(34644) Pause Young (Allocation Failure) 599M->521M(602M) 2.766ms
[15834.754s][info][gc,cpu         ] GC(34644) User=0.01s Sys=0.00s Real=0.01s
[15835.184s][info][gc,start       ] GC(34645) Pause Young (Allocation Failure)
[15835.188s][info][gc,heap        ] GC(34645) PSYoungGen: 84448K(84480K)->928K(83456K) Eden: 81920K(81920K)->0K(80896K) From: 2528K(2560K)->928K(2560K)
[15835.188s][info][gc,heap        ] GC(34645) ParOldGen: 531358K(531968K)->533454K(533504K)
[15835.188s][info][gc,metaspace   ] GC(34645) Metaspace: 62490K(62720K)->62490K(62720K) NonClass: 53453K(53632K)->53453K(53632K) Class: 9037K(9088K)->9037K(9088K)
[15835.188s][info][gc             ] GC(34645) Pause Young (Allocation Failure) 601M->521M(602M) 3.863ms
[15835.188s][info][gc,cpu         ] GC(34645) User=0.01s Sys=0.00s Real=0.01s
[15835.634s][info][gc,start       ] GC(34646) Pause Young (Allocation Failure)
[15835.637s][info][gc,heap        ] GC(34646) PSYoungGen: 81824K(83456K)->224K(83968K) Eden: 80896K(80896K)->0K(80896K) From: 928K(2560K)->224K(3072K)
[15835.637s][info][gc,heap        ] GC(34646) ParOldGen: 533454K(533504K)->533502K(533504K)
