[0.002s][info][metaspace]  - commit_granule_bytes: 65536.
[0.002s][info][metaspace]  - commit_granule_words: 8192.
[0.002s][info][metaspace]  - virtual_space_node_default_size: 8388608.
[0.002s][info][metaspace]  - enlarge_chunks_in_place: 1.
[0.005s][info][gc,init  ] CardTable entry size: 512
[0.005s][info][gc       ] Using Parallel
[0.006s][info][gc,init  ] Version: 24-internal-adhoc.root.jdk (release)
[0.006s][info][gc,init  ] CPUs: 2 total, 2 available
[0.006s][info][gc,init  ] Memory: 3908M
[0.006s][info][gc,init  ] Large Page Support: Disabled
[0.006s][info][gc,init  ] NUMA Support: Disabled
[0.006s][info][gc,init  ] Compressed Oops: Enabled (32-bit)
[0.006s][info][gc,init  ] Alignments: Space 512K, Generation 512K, Heap 2M
[0.006s][info][gc,init  ] Heap Min Capacity: 256M
[0.006s][info][gc,init  ] Heap Initial Capacity: 256M
[0.006s][info][gc,init  ] Heap Max Capacity: 978M
[0.006s][info][gc,init  ] Pre-touch: Disabled
[0.006s][info][gc,init  ] Parallel Workers: 2
[0.022s][info][gc,metaspace] CDS archive(s) mapped at: [0x00007f26b2000000-0x00007f26b2e7b000-0x00007f26b2e7b000), size 15183872, SharedBaseAddress: 0x00007f26b2000000, ArchiveRelocationMode: 1.
[0.022s][info][gc,metaspace] Compressed class space mapped at: 0x00007f26b3000000-0x00007f26f3000000, reserved size: 1073741824
[0.022s][info][gc,metaspace] UseCompressedClassPointers 1, UseCompactObjectHeaders 1
[0.022s][info][gc,metaspace] Narrow klass pointer bits 22, Max shift 10
[0.022s][info][gc,metaspace] Narrow klass base: 0x00007f26b2000000, Narrow klass shift: 10
[0.022s][info][gc,metaspace] Encoding Range: [0x00007f26b2000000 - 0x00007f27b2000000), (4294967296 bytes)
[0.022s][info][gc,metaspace] Klass Range:    [0x00007f26b2000000 - 0x00007f26f3000000), (1090519040 bytes)
[0.022s][info][gc,metaspace] Klass ID Range:  [1 - 1064960) (1064959)
[1.199s][info][gc,start    ] GC(0) Pause Young (Allocation Failure)
[1.206s][info][gc,heap     ] GC(0) PSYoungGen: 65536K(76288K)->3874K(76288K) Eden: 65536K(65536K)->0K(65536K) From: 0K(10752K)->3874K(10752K)
[1.206s][info][gc,heap     ] GC(0) ParOldGen: 1088K(175104K)->1096K(175104K)
[1.206s][info][gc,metaspace] GC(0) Metaspace: 8256K(8384K)->8256K(8384K) NonClass: 7131K(7232K)->7131K(7232K) Class: 1124K(1152K)->1124K(1152K)
[1.206s][info][gc          ] GC(0) Pause Young (Allocation Failure) 65M->4M(245M) 7.094ms
[1.206s][info][gc,cpu      ] GC(0) User=0.01s Sys=0.00s Real=0.01s
[4.095s][info][gc,start    ] GC(1) Pause Young (Allocation Failure)
[4.108s][info][gc,heap     ] GC(1) PSYoungGen: 69410K(76288K)->7978K(76288K) Eden: 65536K(65536K)->0K(65536K) From: 3874K(10752K)->7978K(10752K)
[4.108s][info][gc,heap     ] GC(1) ParOldGen: 1096K(175104K)->1104K(175104K)
[4.108s][info][gc,metaspace] GC(1) Metaspace: 20901K(21248K)->20901K(21248K) NonClass: 18420K(18624K)->18420K(18624K) Class: 2480K(2624K)->2480K(2624K)
[4.108s][info][gc          ] GC(1) Pause Young (Allocation Failure) 68M->8M(245M) 12.782ms
[4.108s][info][gc,cpu      ] GC(1) User=0.02s Sys=0.01s Real=0.01s
[5.422s][info][metaspace   ] ChkMgr @0x00007f271003eed0 (non-class-space): failed to commit 12 words on chunk @0x00007f2710672f50, f, base 0x00007f26a9240000, level lv10.
[5.422s][info][metaspace   ] Arena @0x00007f27104c21e0 (non-class arena): failed to allocate new chunk for requested word size 12.
[5.422s][info][metaspace   ] Arena @0x00007f27104c21e0 (non-class arena): allocation failed, returned null.
[5.422s][info][metaspace   ] ChkMgr @0x00007f271003eed0 (non-class-space): failed to commit 12 words on chunk @0x00007f2710672f50, f, base 0x00007f26a9240000, level lv10.
[5.422s][info][metaspace   ] Arena @0x00007f27104c21e0 (non-class arena): failed to allocate new chunk for requested word size 12.
[5.422s][info][metaspace   ] Arena @0x00007f27104c21e0 (non-class arena): allocation failed, returned null.
[5.422s][info][metaspace   ] ChkMgr @0x00007f271003eed0 (non-class-space): failed to commit 12 words on chunk @0x00007f2710672f50, f, base 0x00007f26a9240000, level lv10.
[5.422s][info][metaspace   ] Arena @0x00007f27104c21e0 (non-class arena): failed to allocate new chunk for requested word size 12.
[5.422s][info][metaspace   ] Arena @0x00007f27104c21e0 (non-class arena): allocation failed, returned null.
[5.422s][info][gc,start    ] GC(2) Pause Full (Metadata GC Threshold)
[5.422s][info][gc,phases,start] GC(2) Marking Phase
[5.435s][info][gc,phases      ] GC(2) Marking Phase 12.386ms
[5.435s][info][gc,phases,start] GC(2) Summary Phase
[5.435s][info][gc,phases      ] GC(2) Summary Phase 0.011ms
[5.435s][info][gc,phases,start] GC(2) Forward
[5.437s][info][gc,phases      ] GC(2) Forward 2.139ms
[5.437s][info][gc,phases,start] GC(2) Adjust Pointers
[5.443s][info][gc,phases      ] GC(2) Adjust Pointers 6.501ms
[5.443s][info][gc,phases,start] GC(2) Compaction Phase
[5.450s][info][gc,phases      ] GC(2) Compaction Phase 6.465ms
[5.450s][info][gc,phases,start] GC(2) Post Compact
[5.451s][info][gc,phases      ] GC(2) Post Compact 1.505ms
[5.451s][info][gc,heap        ] GC(2) PSYoungGen: 16493K(76288K)->0K(76288K) Eden: 8514K(65536K)->0K(65536K) From: 7978K(10752K)->0K(10752K)
[5.451s][info][gc,heap        ] GC(2) ParOldGen: 1104K(175104K)->9150K(175104K)
[5.451s][info][gc,metaspace   ] GC(2) Metaspace: 21125K(21504K)->21125K(21504K) NonClass: 18614K(18816K)->18614K(18816K) Class: 2511K(2688K)->2511K(2688K)
[5.451s][info][gc             ] GC(2) Pause Full (Metadata GC Threshold) 17M->8M(245M) 29.368ms
[5.451s][info][gc,cpu         ] GC(2) User=0.04s Sys=0.00s Real=0.03s
[6.318s][info][gc,start       ] GC(3) Pause Young (Allocation Failure)
[6.325s][info][gc,heap        ] GC(3) PSYoungGen: 65536K(76288K)->2661K(76288K) Eden: 65536K(65536K)->0K(65536K) From: 0K(10752K)->2661K(10752K)
[6.325s][info][gc,heap        ] GC(3) ParOldGen: 9150K(175104K)->9158K(175104K)
[6.325s][info][gc,metaspace   ] GC(3) Metaspace: 24070K(24512K)->24070K(24512K) NonClass: 21267K(21504K)->21267K(21504K) Class: 2803K(3008K)->2803K(3008K)
[6.325s][info][gc             ] GC(3) Pause Young (Allocation Failure) 72M->11M(245M) 6.194ms
[6.325s][info][gc,cpu         ] GC(3) User=0.01s Sys=0.00s Real=0.01s
[6.846s][info][gc,start       ] GC(4) Pause Young (Allocation Failure)
[6.851s][info][gc,heap        ] GC(4) PSYoungGen: 68197K(76288K)->3545K(76288K) Eden: 65536K(65536K)->0K(65536K) From: 2661K(10752K)->3545K(10752K)
[6.851s][info][gc,heap        ] GC(4) ParOldGen: 9158K(175104K)->9166K(175104K)
[6.851s][info][gc,metaspace   ] GC(4) Metaspace: 24381K(24832K)->24381K(24832K) NonClass: 21565K(21824K)->21565K(21824K) Class: 2815K(3008K)->2815K(3008K)
[6.851s][info][gc             ] GC(4) Pause Young (Allocation Failure) 75M->12M(245M) 5.237ms
[6.851s][info][gc,cpu         ] GC(4) User=0.01s Sys=0.00s Real=0.01s
[7.353s][info][gc,start       ] GC(5) Pause Young (Allocation Failure)
[7.359s][info][gc,heap        ] GC(5) PSYoungGen: 69081K(76288K)->4662K(76288K) Eden: 65536K(65536K)->0K(65536K) From: 3545K(10752K)->4662K(10752K)
[7.359s][info][gc,heap        ] GC(5) ParOldGen: 9166K(175104K)->9174K(175104K)
[7.359s][info][gc,metaspace   ] GC(5) Metaspace: 25829K(26240K)->25829K(26240K) NonClass: 22826K(23040K)->22826K(23040K) Class: 3002K(3200K)->3002K(3200K)
[7.359s][info][gc             ] GC(5) Pause Young (Allocation Failure) 76M->13M(245M) 5.509ms
[7.359s][info][gc,cpu         ] GC(5) User=0.02s Sys=0.00s Real=0.00s
[7.650s][info][gc,start       ] GC(6) Pause Young (Allocation Failure)
[7.656s][info][gc,heap        ] GC(6) PSYoungGen: 69647K(76288K)->5654K(78848K) Eden: 64984K(65536K)->0K(70656K) From: 4662K(10752K)->5654K(8192K)
[7.656s][info][gc,heap        ] GC(6) ParOldGen: 9174K(175104K)->9182K(175104K)
[7.656s][info][gc,metaspace   ] GC(6) Metaspace: 25979K(26368K)->25979K(26368K) NonClass: 22974K(23168K)->22974K(23168K) Class: 3004K(3200K)->3004K(3200K)
[7.656s][info][gc             ] GC(6) Pause Young (Allocation Failure) 76M->14M(248M) 6.051ms
[7.656s][info][gc,cpu         ] GC(6) User=0.02s Sys=0.00s Real=0.00s
[7.794s][info][gc,start       ] GC(7) Pause Young (Allocation Failure)
[7.807s][info][gc,heap        ] GC(7) PSYoungGen: 75587K(78848K)->6118K(78848K) Eden: 69932K(70656K)->0K(70656K) From: 5654K(8192K)->6118K(8192K)
[7.808s][info][gc,heap        ] GC(7) ParOldGen: 9182K(175104K)->9190K(175104K)
[7.808s][info][gc,metaspace   ] GC(7) Metaspace: 26010K(26368K)->26010K(26368K) NonClass: 23005K(23168K)->23005K(23168K) Class: 3004K(3200K)->3004K(3200K)
[7.808s][info][gc             ] GC(7) Pause Young (Allocation Failure) 82M->14M(248M) 13.901ms
[7.808s][info][gc,cpu         ] GC(7) User=0.02s Sys=0.01s Real=0.01s
[8.046s][info][gc,start       ] GC(8) Pause Young (Allocation Failure)
[8.057s][info][gc,heap        ] GC(8) PSYoungGen: 76774K(78848K)->5281K(149504K) Eden: 70656K(70656K)->0K(141312K) From: 6118K(8192K)->5281K(8192K)
[8.057s][info][gc,heap        ] GC(8) ParOldGen: 9190K(175104K)->12188K(175104K)
[8.057s][info][gc,metaspace   ] GC(8) Metaspace: 26201K(26560K)->26201K(26560K) NonClass: 23175K(23360K)->23175K(23360K) Class: 3025K(3200K)->3025K(3200K)
[8.057s][info][gc             ] GC(8) Pause Young (Allocation Failure) 83M->17M(317M) 11.185ms
[8.057s][info][gc,cpu         ] GC(8) User=0.02s Sys=0.00s Real=0.01s
[10.030s][info][gc,start       ] GC(9) Pause Young (Allocation Failure)
[10.039s][info][gc,heap        ] GC(9) PSYoungGen: 146593K(149504K)->4086K(149504K) Eden: 141312K(141312K)->0K(141312K) From: 5281K(8192K)->4086K(8192K)
[10.039s][info][gc,heap        ] GC(9) ParOldGen: 12188K(175104K)->14330K(175104K)
[10.039s][info][gc,metaspace   ] GC(9) Metaspace: 28335K(28736K)->28335K(28736K) NonClass: 25122K(25344K)->25122K(25344K) Class: 3212K(3392K)->3212K(3392K)
[10.039s][info][gc             ] GC(9) Pause Young (Allocation Failure) 155M->17M(317M) 8.914ms
[10.039s][info][gc,cpu         ] GC(9) User=0.02s Sys=0.01s Real=0.00s
[11.479s][info][gc,start       ] GC(10) Pause Young (Allocation Failure)
[11.502s][info][gc,heap        ] GC(10) PSYoungGen: 145398K(149504K)->8167K(231424K) Eden: 141312K(141312K)->0K(223232K) From: 4086K(8192K)->8167K(8192K)
[11.502s][info][gc,heap        ] GC(10) ParOldGen: 14330K(175104K)->20567K(175104K)
[11.502s][info][gc,metaspace   ] GC(10) Metaspace: 28540K(28992K)->28540K(28992K) NonClass: 25300K(25536K)->25300K(25536K) Class: 3239K(3456K)->3239K(3456K)
[11.502s][info][gc             ] GC(10) Pause Young (Allocation Failure) 155M->28M(397M) 22.520ms
[11.502s][info][gc,cpu         ] GC(10) User=0.04s Sys=0.01s Real=0.03s
[13.581s][info][gc,start       ] GC(11) Pause Young (Allocation Failure)
[13.627s][info][gc,heap        ] GC(11) PSYoungGen: 231399K(231424K)->11261K(234496K) Eden: 223232K(223232K)->0K(223232K) From: 8167K(8192K)->11261K(11264K)
[13.627s][info][gc,heap        ] GC(11) ParOldGen: 20567K(175104K)->41184K(175104K)
[13.627s][info][gc,metaspace   ] GC(11) Metaspace: 28588K(29056K)->28588K(29056K) NonClass: 25344K(25600K)->25344K(25600K) Class: 3243K(3456K)->3243K(3456K)
[13.627s][info][gc             ] GC(11) Pause Young (Allocation Failure) 246M->51M(400M) 45.618ms
[13.627s][info][gc,cpu         ] GC(11) User=0.07s Sys=0.03s Real=0.04s
[14.870s][info][gc,start       ] GC(12) Pause Young (Allocation Failure)
[14.928s][info][gc,heap        ] GC(12) PSYoungGen: 234493K(234496K)->20461K(295936K) Eden: 223232K(223232K)->0K(275456K) From: 11261K(11264K)->20461K(20480K)
[14.928s][info][gc,heap        ] GC(12) ParOldGen: 41184K(175104K)->55850K(175104K)
[14.928s][info][gc,metaspace   ] GC(12) Metaspace: 28658K(29120K)->28658K(29120K) NonClass: 25397K(25664K)->25397K(25664K) Class: 3260K(3456K)->3260K(3456K)
[14.928s][info][gc             ] GC(12) Pause Young (Allocation Failure) 269M->74M(460M) 57.925ms
[14.928s][info][gc,cpu         ] GC(12) User=0.09s Sys=0.02s Real=0.05s
[15.875s][info][gc,start       ] GC(13) Pause Young (Allocation Failure)
[15.961s][info][gc,heap        ] GC(13) PSYoungGen: 295917K(295936K)->29176K(304640K) Eden: 275456K(275456K)->0K(275456K) From: 20461K(20480K)->29176K(29184K)
[15.961s][info][gc,heap        ] GC(13) ParOldGen: 55850K(175104K)->81510K(175104K)
[15.961s][info][gc,metaspace   ] GC(13) Metaspace: 28713K(29184K)->28713K(29184K) NonClass: 25447K(25728K)->25447K(25728K) Class: 3266K(3456K)->3266K(3456K)
[15.961s][info][gc             ] GC(13) Pause Young (Allocation Failure) 343M->108M(468M) 86.407ms
[15.961s][info][gc,cpu         ] GC(13) User=0.13s Sys=0.04s Real=0.09s
[16.773s][info][gc,start       ] GC(14) Pause Young (Allocation Failure)
[16.855s][info][gc,heap        ] GC(14) PSYoungGen: 304632K(304640K)->29176K(247296K) Eden: 275456K(275456K)->0K(218112K) From: 29176K(29184K)->29176K(29184K)
[16.855s][info][gc,heap        ] GC(14) ParOldGen: 81510K(175104K)->114278K(175104K)
[16.855s][info][gc,metaspace   ] GC(14) Metaspace: 28714K(29184K)->28714K(29184K) NonClass: 25448K(25728K)->25448K(25728K) Class: 3266K(3456K)->3266K(3456K)
[16.855s][info][gc             ] GC(14) Pause Young (Allocation Failure) 377M->140M(412M) 82.348ms
[16.855s][info][gc,cpu         ] GC(14) User=0.14s Sys=0.02s Real=0.08s
[19.040s][info][gc,start       ] GC(15) Pause Young (Allocation Failure)
[19.111s][info][gc,heap        ] GC(15) PSYoungGen: 247288K(247296K)->17576K(275968K) Eden: 218112K(218112K)->0K(218112K) From: 29176K(29184K)->17576K(57856K)
[19.111s][info][gc,heap        ] GC(15) ParOldGen: 114278K(175104K)->143679K(175104K)
[19.111s][info][gc,metaspace   ] GC(15) Metaspace: 28738K(29184K)->28738K(29184K) NonClass: 25472K(25728K)->25472K(25728K) Class: 3266K(3456K)->3266K(3456K)
[19.111s][info][gc             ] GC(15) Pause Young (Allocation Failure) 353M->157M(440M) 71.105ms
[19.111s][info][gc,cpu         ] GC(15) User=0.12s Sys=0.02s Real=0.07s
[20.639s][info][gc,start       ] GC(16) Pause Young (Allocation Failure)
[20.685s][info][gc,heap        ] GC(16) PSYoungGen: 235688K(275968K)->23483K(267776K) Eden: 218112K(218112K)->0K(221184K) From: 17576K(57856K)->23483K(46592K)
[20.685s][info][gc,heap        ] GC(16) ParOldGen: 143679K(175104K)->161218K(175104K)
[20.685s][info][gc,metaspace   ] GC(16) Metaspace: 28785K(29184K)->28785K(29184K) NonClass: 25519K(25728K)->25519K(25728K) Class: 3266K(3456K)->3266K(3456K)
[20.685s][info][gc             ] GC(16) Pause Young (Allocation Failure) 370M->180M(432M) 45.659ms
[20.685s][info][gc,cpu         ] GC(16) User=0.08s Sys=0.01s Real=0.05s
[21.339s][info][gc,start       ] GC(17) Pause Young (Allocation Failure)
[21.393s][info][gc,heap        ] GC(17) PSYoungGen: 244667K(267776K)->33558K(273408K) Eden: 221184K(221184K)->0K(221184K) From: 23483K(46592K)->33558K(52224K)
[21.393s][info][gc,heap        ] GC(17) ParOldGen: 161218K(175104K)->181802K(182272K)
[21.393s][info][gc,metaspace   ] GC(17) Metaspace: 28816K(29184K)->28816K(29184K) NonClass: 25544K(25728K)->25544K(25728K) Class: 3272K(3456K)->3272K(3456K)
[21.393s][info][gc             ] GC(17) Pause Young (Allocation Failure) 396M->210M(445M) 53.699ms
[21.393s][info][gc,cpu         ] GC(17) User=0.09s Sys=0.01s Real=0.06s
[22.049s][info][gc,start       ] GC(18) Pause Young (Allocation Failure)
[22.125s][info][gc,heap        ] GC(18) PSYoungGen: 254742K(273408K)->27480K(280576K) Eden: 221184K(221184K)->0K(226304K) From: 33558K(52224K)->27480K(54272K)
[22.125s][info][gc,heap        ] GC(18) ParOldGen: 181802K(182272K)->214664K(215040K)
[22.125s][info][gc,metaspace   ] GC(18) Metaspace: 28817K(29184K)->28817K(29184K) NonClass: 25545K(25728K)->25545K(25728K) Class: 3272K(3456K)->3272K(3456K)
[22.125s][info][gc             ] GC(18) Pause Young (Allocation Failure) 426M->236M(484M) 76.250ms
[22.125s][info][gc,cpu         ] GC(18) User=0.13s Sys=0.02s Real=0.08s
[22.717s][info][gc,start       ] GC(19) Pause Young (Allocation Failure)
[22.781s][info][gc,heap        ] GC(19) PSYoungGen: 253784K(280576K)->28688K(255488K) Eden: 226304K(226304K)->0K(226304K) From: 27480K(54272K)->28688K(29184K)
[22.781s][info][gc,heap        ] GC(19) ParOldGen: 214664K(215040K)->240424K(240640K)
[22.781s][info][gc,metaspace   ] GC(19) Metaspace: 28818K(29184K)->28818K(29184K) NonClass: 25546K(25728K)->25546K(25728K) Class: 3272K(3456K)->3272K(3456K)
[22.781s][info][gc             ] GC(19) Pause Young (Allocation Failure) 457M->262M(484M) 64.212ms
[22.781s][info][gc,cpu         ] GC(19) User=0.10s Sys=0.02s Real=0.07s
[24.536s][info][gc,start       ] GC(20) Pause Young (Allocation Failure)
[24.579s][info][gc,heap        ] GC(20) PSYoungGen: 254992K(255488K)->7972K(279552K) Eden: 226304K(226304K)->0K(226816K) From: 28688K(29184K)->7972K(52736K)
[24.579s][info][gc,heap        ] GC(20) ParOldGen: 240424K(240640K)->269281K(269312K)
[24.579s][info][gc,metaspace   ] GC(20) Metaspace: 28869K(29248K)->28869K(29248K) NonClass: 25597K(25792K)->25597K(25792K) Class: 3272K(3456K)->3272K(3456K)
[24.579s][info][gc             ] GC(20) Pause Young (Allocation Failure) 483M->270M(536M) 42.698ms
[24.579s][info][gc,cpu         ] GC(20) User=0.05s Sys=0.03s Real=0.04s
[25.841s][info][gc,start       ] GC(21) Pause Young (Allocation Failure)
[25.856s][info][gc,heap        ] GC(21) PSYoungGen: 234788K(279552K)->4213K(279040K) Eden: 226816K(226816K)->0K(226816K) From: 7972K(52736K)->4213K(52224K)
[25.857s][info][gc,heap        ] GC(21) ParOldGen: 269281K(269312K)->275409K(275456K)
[25.857s][info][gc,metaspace   ] GC(21) Metaspace: 28876K(29248K)->28876K(29248K) NonClass: 25604K(25792K)->25604K(25792K) Class: 3272K(3456K)->3272K(3456K)
[25.857s][info][gc             ] GC(21) Pause Young (Allocation Failure) 492M->273M(541M) 15.968ms
[25.857s][info][gc,cpu         ] GC(21) User=0.03s Sys=0.00s Real=0.01s
[27.144s][info][gc,start       ] GC(22) Pause Young (Allocation Failure)
[27.174s][info][gc,heap        ] GC(22) PSYoungGen: 231029K(279040K)->24599K(280576K) Eden: 226816K(226816K)->0K(229888K) From: 4213K(52224K)->24599K(50688K)
[27.174s][info][gc,heap        ] GC(22) ParOldGen: 275409K(275456K)->279552K(280064K)
[27.174s][info][gc,metaspace   ] GC(22) Metaspace: 28887K(29248K)->28887K(29248K) NonClass: 25614K(25792K)->25614K(25792K) Class: 3272K(3456K)->3272K(3456K)
[27.174s][info][gc             ] GC(22) Pause Young (Allocation Failure) 494M->297M(547M) 30.691ms
[27.174s][info][gc,cpu         ] GC(22) User=0.06s Sys=0.01s Real=0.03s
[28.524s][info][gc,start       ] GC(23) Pause Young (Allocation Failure)
[28.575s][info][gc,heap        ] GC(23) PSYoungGen: 254487K(280576K)->22703K(280576K) Eden: 229888K(229888K)->0K(229888K) From: 24599K(50688K)->22703K(50688K)
[28.575s][info][gc,heap        ] GC(23) ParOldGen: 279552K(280064K)->304253K(304640K)
[28.575s][info][gc,metaspace   ] GC(23) Metaspace: 28904K(29312K)->28904K(29312K) NonClass: 25631K(25856K)->25631K(25856K) Class: 3272K(3456K)->3272K(3456K)
[28.575s][info][gc             ] GC(23) Pause Young (Allocation Failure) 521M->319M(571M) 51.010ms
[28.575s][info][gc,cpu         ] GC(23) User=0.09s Sys=0.02s Real=0.05s
[31.115s][info][gc,start       ] GC(24) Pause Young (Allocation Failure)
[31.168s][info][gc,heap        ] GC(24) PSYoungGen: 252591K(280576K)->24921K(282112K) Eden: 229888K(229888K)->0K(233472K) From: 22703K(50688K)->24921K(48640K)
[31.168s][info][gc,heap        ] GC(24) ParOldGen: 304253K(304640K)->326969K(327168K)
[31.168s][info][gc,metaspace   ] GC(24) Metaspace: 32540K(32960K)->32540K(32960K) NonClass: 28963K(29184K)->28963K(29184K) Class: 3576K(3776K)->3576K(3776K)
[31.168s][info][gc             ] GC(24) Pause Young (Allocation Failure) 543M->343M(595M) 53.029ms
[31.168s][info][gc,cpu         ] GC(24) User=0.10s Sys=0.01s Real=0.05s
[34.155s][info][gc,start       ] GC(25) Pause Young (Allocation Failure)
[34.195s][info][gc,heap        ] GC(25) PSYoungGen: 258382K(282112K)->11796K(281088K) Eden: 233460K(233472K)->0K(233472K) From: 24921K(48640K)->11796K(47616K)
[34.195s][info][gc,heap        ] GC(25) ParOldGen: 326969K(327168K)->343551K(343552K)
[34.195s][info][gc,metaspace   ] GC(25) Metaspace: 33884K(34304K)->33884K(34304K) NonClass: 30295K(30528K)->30295K(30528K) Class: 3589K(3776K)->3589K(3776K)
[34.195s][info][gc             ] GC(25) Pause Young (Allocation Failure) 571M->347M(610M) 39.812ms
[34.195s][info][gc,cpu         ] GC(25) User=0.07s Sys=0.02s Real=0.04s
[36.290s][info][gc,start       ] GC(26) Pause Young (Allocation Failure)
[36.311s][info][gc,heap        ] GC(26) PSYoungGen: 245268K(281088K)->19873K(283648K) Eden: 233472K(233472K)->0K(240128K) From: 11796K(47616K)->19873K(43520K)
[36.311s][info][gc,heap        ] GC(26) ParOldGen: 343551K(343552K)->344685K(345088K)
[36.311s][info][gc,metaspace   ] GC(26) Metaspace: 34068K(34496K)->34068K(34496K) NonClass: 30477K(30720K)->30477K(30720K) Class: 3591K(3776K)->3591K(3776K)
[36.311s][info][gc             ] GC(26) Pause Young (Allocation Failure) 575M->356M(614M) 21.438ms
[36.311s][info][gc,cpu         ] GC(26) User=0.04s Sys=0.00s Real=0.02s
[38.804s][info][gc,start       ] GC(27) Pause Young (Allocation Failure)
[38.811s][info][gc,heap        ] GC(27) PSYoungGen: 259890K(283648K)->1884K(283648K) Eden: 240017K(240128K)->0K(240128K) From: 19873K(43520K)->1884K(43520K)
[38.811s][info][gc,heap        ] GC(27) ParOldGen: 344685K(345088K)->345866K(346112K)
[38.811s][info][gc,metaspace   ] GC(27) Metaspace: 34159K(34560K)->34159K(34560K) NonClass: 30567K(30784K)->30567K(30784K) Class: 3592K(3776K)->3592K(3776K)
[38.811s][info][gc             ] GC(27) Pause Young (Allocation Failure) 590M->339M(615M) 6.201ms
[38.811s][info][gc,cpu         ] GC(27) User=0.01s Sys=0.00s Real=0.01s
[40.627s][info][gc,start       ] GC(28) Pause Young (Allocation Failure)
[40.635s][info][gc,heap        ] GC(28) PSYoungGen: 242012K(283648K)->5060K(289792K) Eden: 240128K(240128K)->0K(245248K) From: 1884K(43520K)->5060K(44544K)
[40.635s][info][gc,heap        ] GC(28) ParOldGen: 345866K(346112K)->347320K(347648K)
[40.635s][info][gc,metaspace   ] GC(28) Metaspace: 34202K(34624K)->34202K(34624K) NonClass: 30610K(30848K)->30610K(30848K) Class: 3592K(3776K)->3592K(3776K)
[40.635s][info][gc             ] GC(28) Pause Young (Allocation Failure) 574M->344M(622M) 7.602ms
[40.635s][info][gc,cpu         ] GC(28) User=0.01s Sys=0.00s Real=0.01s
[40.725s][info][gc,start       ] GC(29) Pause Full (CodeCache GC Threshold)
[40.725s][info][gc,phases,start] GC(29) Marking Phase
[40.784s][info][gc,phases      ] GC(29) Marking Phase 59.470ms
[40.785s][info][gc,phases,start] GC(29) Summary Phase
[40.785s][info][gc,phases      ] GC(29) Summary Phase 0.032ms
[40.785s][info][gc,phases,start] GC(29) Forward
[40.791s][info][gc,phases      ] GC(29) Forward 6.258ms
[40.791s][info][gc,phases,start] GC(29) Adjust Pointers
[40.821s][info][gc,phases      ] GC(29) Adjust Pointers 30.467ms
[40.821s][info][gc,phases,start] GC(29) Compaction Phase
[40.831s][info][gc,phases      ] GC(29) Compaction Phase 9.143ms
[40.831s][info][gc,phases,start] GC(29) Post Compact
[40.837s][info][gc,phases      ] GC(29) Post Compact 6.418ms
[40.837s][info][gc,heap        ] GC(29) PSYoungGen: 8073K(289792K)->0K(289792K) Eden: 3013K(245248K)->0K(245248K) From: 5060K(44544K)->0K(44544K)
[40.837s][info][gc,heap        ] GC(29) ParOldGen: 347320K(347648K)->50896K(347648K)
[40.837s][info][gc,metaspace   ] GC(29) Metaspace: 34202K(34624K)->34202K(34624K) NonClass: 30610K(30848K)->30610K(30848K) Class: 3592K(3776K)->3592K(3776K)
[40.837s][info][gc             ] GC(29) Pause Full (CodeCache GC Threshold) 347M->49M(622M) 112.231ms
[40.837s][info][gc,cpu         ] GC(29) User=0.15s Sys=0.01s Real=0.11s
[42.585s][info][gc,start       ] GC(30) Pause Young (Allocation Failure)
[42.625s][info][gc,heap        ] GC(30) PSYoungGen: 245248K(289792K)->24228K(289280K) Eden: 245248K(245248K)->0K(245248K) From: 0K(44544K)->24228K(44032K)
[42.625s][info][gc,heap        ] GC(30) ParOldGen: 50896K(347648K)->50896K(347648K)
[42.625s][info][gc,metaspace   ] GC(30) Metaspace: 34229K(34624K)->34229K(34624K) NonClass: 30637K(30848K)->30637K(30848K) Class: 3592K(3776K)->3592K(3776K)
[42.625s][info][gc             ] GC(30) Pause Young (Allocation Failure) 289M->73M(622M) 39.504ms
[42.625s][info][gc,cpu         ] GC(30) User=0.08s Sys=0.00s Real=0.04s
[44.422s][info][gc,start       ] GC(31) Pause Young (Allocation Failure)
[44.442s][info][gc,heap        ] GC(31) PSYoungGen: 269476K(289280K)->10690K(287232K) Eden: 245248K(245248K)->0K(245760K) From: 24228K(44032K)->10690K(41472K)
[44.442s][info][gc,heap        ] GC(31) ParOldGen: 50896K(347648K)->51859K(347648K)
[44.442s][info][gc,metaspace   ] GC(31) Metaspace: 34273K(34688K)->34273K(34688K) NonClass: 30681K(30912K)->30681K(30912K) Class: 3592K(3776K)->3592K(3776K)
[44.442s][info][gc             ] GC(31) Pause Young (Allocation Failure) 312M->61M(620M) 20.597ms
[44.442s][info][gc,cpu         ] GC(31) User=0.04s Sys=0.00s Real=0.02s
[46.198s][info][gc,start       ] GC(32) Pause Young (Allocation Failure)
[46.208s][info][gc,heap        ] GC(32) PSYoungGen: 256450K(287232K)->8404K(288256K) Eden: 245760K(245760K)->0K(245760K) From: 10690K(41472K)->8404K(42496K)
[46.208s][info][gc,heap        ] GC(32) ParOldGen: 51859K(347648K)->53255K(347648K)
[46.208s][info][gc,metaspace   ] GC(32) Metaspace: 34292K(34688K)->34292K(34688K) NonClass: 30700K(30912K)->30700K(30912K) Class: 3592K(3776K)->3592K(3776K)
[46.209s][info][gc             ] GC(32) Pause Young (Allocation Failure) 301M->60M(621M) 10.840ms
[46.209s][info][gc,cpu         ] GC(32) User=0.01s Sys=0.00s Real=0.01s
[47.783s][info][gc,start       ] GC(33) Pause Young (Allocation Failure)
[47.792s][info][gc,heap        ] GC(33) PSYoungGen: 254164K(288256K)->7892K(289280K) Eden: 245760K(245760K)->0K(249856K) From: 8404K(42496K)->7892K(39424K)
[47.792s][info][gc,heap        ] GC(33) ParOldGen: 53255K(347648K)->54358K(347648K)
[47.792s][info][gc,metaspace   ] GC(33) Metaspace: 34335K(34752K)->34335K(34752K) NonClass: 30743K(30976K)->30743K(30976K) Class: 3592K(3776K)->3592K(3776K)
[47.792s][info][gc             ] GC(33) Pause Young (Allocation Failure) 300M->60M(622M) 8.372ms
[47.792s][info][gc,cpu         ] GC(33) User=0.02s Sys=0.00s Real=0.01s
[49.287s][info][gc,start       ] GC(34) Pause Young (Allocation Failure)
[49.297s][info][gc,heap        ] GC(34) PSYoungGen: 257748K(289280K)->6921K(247296K) Eden: 249856K(249856K)->0K(240128K) From: 7892K(39424K)->6921K(7168K)
[49.297s][info][gc,heap        ] GC(34) ParOldGen: 54358K(347648K)->55553K(347648K)
[49.297s][info][gc,metaspace   ] GC(34) Metaspace: 34359K(34752K)->34359K(34752K) NonClass: 30767K(30976K)->30767K(30976K) Class: 3592K(3776K)->3592K(3776K)
[49.297s][info][gc             ] GC(34) Pause Young (Allocation Failure) 304M->61M(581M) 10.040ms
[49.297s][info][gc,cpu         ] GC(34) User=0.02s Sys=0.00s Real=0.01s
[50.447s][info][gc,start       ] GC(35) Pause Young (Allocation Failure)
[50.497s][info][gc,heap        ] GC(35) PSYoungGen: 247049K(247296K)->39416K(271872K) Eden: 240128K(240128K)->0K(232448K) From: 6921K(7168K)->39416K(39424K)
[50.497s][info][gc,heap        ] GC(35) ParOldGen: 55553K(347648K)->57950K(347648K)
[50.497s][info][gc,metaspace   ] GC(35) Metaspace: 34369K(34752K)->34369K(34752K) NonClass: 30775K(30976K)->30775K(30976K) Class: 3593K(3776K)->3593K(3776K)
[50.497s][info][gc             ] GC(35) Pause Young (Allocation Failure) 295M->95M(605M) 50.208ms
[50.497s][info][gc,cpu         ] GC(35) User=0.08s Sys=0.00s Real=0.05s
[52.385s][info][gc,start       ] GC(36) Pause Young (Allocation Failure)
[52.467s][info][gc,heap        ] GC(36) PSYoungGen: 271864K(271872K)->17993K(279552K) Eden: 232448K(232448K)->0K(232448K) From: 39416K(39424K)->17993K(47104K)
[52.467s][info][gc,heap        ] GC(36) ParOldGen: 57950K(347648K)->79724K(347648K)
[52.467s][info][gc,metaspace   ] GC(36) Metaspace: 34371K(34752K)->34371K(34752K) NonClass: 30778K(30976K)->30778K(30976K) Class: 3593K(3776K)->3593K(3776K)
[52.467s][info][gc             ] GC(36) Pause Young (Allocation Failure) 322M->95M(612M) 81.830ms
[52.467s][info][gc,cpu         ] GC(36) User=0.16s Sys=0.00s Real=0.08s
[53.822s][info][gc,start       ] GC(37) Pause Young (Allocation Failure)
[53.858s][info][gc,heap        ] GC(37) PSYoungGen: 250441K(279552K)->19843K(280064K) Eden: 232448K(232448K)->0K(242176K) From: 17993K(47104K)->19843K(37888K)
[53.858s][info][gc,heap        ] GC(37) ParOldGen: 79724K(347648K)->97351K(347648K)
[53.858s][info][gc,metaspace   ] GC(37) Metaspace: 34379K(34752K)->34379K(34752K) NonClass: 30786K(30976K)->30786K(30976K) Class: 3593K(3776K)->3593K(3776K)
[53.858s][info][gc             ] GC(37) Pause Young (Allocation Failure) 322M->114M(613M) 35.800ms
[53.858s][info][gc,cpu         ] GC(37) User=0.07s Sys=0.00s Real=0.03s
[55.415s][info][gc,start       ] GC(38) Pause Young (Allocation Failure)
[55.438s][info][gc,heap        ] GC(38) PSYoungGen: 262019K(280064K)->19059K(284672K) Eden: 242176K(242176K)->0K(242176K) From: 19843K(37888K)->19059K(42496K)
[55.438s][info][gc,heap        ] GC(38) ParOldGen: 97351K(347648K)->105611K(347648K)
[55.438s][info][gc,metaspace   ] GC(38) Metaspace: 35245K(35648K)->35245K(35648K) NonClass: 31564K(31808K)->31564K(31808K) Class: 3680K(3840K)->3680K(3840K)
[55.438s][info][gc             ] GC(38) Pause Young (Allocation Failure) 350M->121M(617M) 22.912ms
[55.438s][info][gc,cpu         ] GC(38) User=0.05s Sys=0.00s Real=0.02s
[56.516s][info][gc,start       ] GC(39) Pause Young (Allocation Failure)
[56.544s][info][gc,heap        ] GC(39) PSYoungGen: 261235K(284672K)->30145K(288768K) Eden: 242176K(242176K)->0K(247808K) From: 19059K(42496K)->30145K(40960K)
[56.544s][info][gc,heap        ] GC(39) ParOldGen: 105611K(347648K)->115618K(347648K)
[56.544s][info][gc,metaspace   ] GC(39) Metaspace: 35340K(35712K)->35340K(35712K) NonClass: 31660K(31872K)->31660K(31872K) Class: 3680K(3840K)->3680K(3840K)
[56.544s][info][gc             ] GC(39) Pause Young (Allocation Failure) 358M->142M(621M) 28.866ms
[56.544s][info][gc,cpu         ] GC(39) User=0.04s Sys=0.01s Real=0.03s
[57.583s][info][gc,start       ] GC(40) Pause Young (Allocation Failure)
[57.619s][info][gc,heap        ] GC(40) PSYoungGen: 277953K(288768K)->42982K(290816K) Eden: 247808K(247808K)->0K(247808K) From: 30145K(40960K)->42982K(43008K)
[57.619s][info][gc,heap        ] GC(40) ParOldGen: 115618K(347648K)->127377K(347648K)
[57.619s][info][gc,metaspace   ] GC(40) Metaspace: 35415K(35840K)->35415K(35840K) NonClass: 31735K(32000K)->31735K(32000K) Class: 3680K(3840K)->3680K(3840K)
[57.619s][info][gc             ] GC(40) Pause Young (Allocation Failure) 384M->166M(623M) 36.362ms
[57.619s][info][gc,cpu         ] GC(40) User=0.08s Sys=0.00s Real=0.03s
[58.749s][info][gc,start       ] GC(41) Pause Young (Allocation Failure)
[58.772s][info][gc,heap        ] GC(41) PSYoungGen: 290790K(290816K)->12879K(272384K) Eden: 247808K(247808K)->0K(229376K) From: 42982K(43008K)->12879K(43008K)
[58.772s][info][gc,heap        ] GC(41) ParOldGen: 127377K(347648K)->148283K(347648K)
[58.772s][info][gc,metaspace   ] GC(41) Metaspace: 35424K(35840K)->35424K(35840K) NonClass: 31744K(32000K)->31744K(32000K) Class: 3680K(3840K)->3680K(3840K)
[58.772s][info][gc             ] GC(41) Pause Young (Allocation Failure) 408M->157M(605M) 23.086ms
[58.772s][info][gc,cpu         ] GC(41) User=0.04s Sys=0.00s Real=0.03s
[59.695s][info][gc,start       ] GC(42) Pause Young (Allocation Failure)
[59.732s][info][gc,heap        ] GC(42) PSYoungGen: 242255K(272384K)->52221K(281600K) Eden: 229376K(229376K)->0K(229376K) From: 12879K(43008K)->52221K(52224K)
[59.732s][info][gc,heap        ] GC(42) ParOldGen: 148283K(347648K)->152564K(347648K)
[59.732s][info][gc,metaspace   ] GC(42) Metaspace: 35433K(35840K)->35433K(35840K) NonClass: 31752K(32000K)->31752K(32000K) Class: 3680K(3840K)->3680K(3840K)
[59.732s][info][gc             ] GC(42) Pause Young (Allocation Failure) 381M->199M(614M) 36.707ms
[59.732s][info][gc,cpu         ] GC(42) User=0.07s Sys=0.00s Real=0.04s
[60.674s][info][gc,start       ] GC(43) Pause Young (Allocation Failure)
[60.713s][info][gc,heap        ] GC(43) PSYoungGen: 281597K(281600K)->42716K(256000K) Eden: 229376K(229376K)->0K(203776K) From: 52221K(52224K)->42716K(52224K)
[60.713s][info][gc,heap        ] GC(43) ParOldGen: 152564K(347648K)->180919K(347648K)
[60.713s][info][gc,metaspace   ] GC(43) Metaspace: 35434K(35840K)->35434K(35840K) NonClass: 31754K(32000K)->31754K(32000K) Class: 3680K(3840K)->3680K(3840K)
[60.713s][info][gc             ] GC(43) Pause Young (Allocation Failure) 423M->218M(589M) 38.994ms
[60.713s][info][gc,cpu         ] GC(43) User=0.07s Sys=0.00s Real=0.04s
[61.486s][info][gc,start       ] GC(44) Pause Young (Allocation Failure)
[61.514s][info][gc,heap        ] GC(44) PSYoungGen: 246492K(256000K)->9424K(268800K) Eden: 203776K(203776K)->0K(203776K) From: 42716K(52224K)->9424K(65024K)
[61.514s][info][gc,heap        ] GC(44) ParOldGen: 180919K(347648K)->222097K(347648K)
[61.514s][info][gc,metaspace   ] GC(44) Metaspace: 35437K(35840K)->35437K(35840K) NonClass: 31757K(32000K)->31757K(32000K) Class: 3680K(3840K)->3680K(3840K)
[61.514s][info][gc             ] GC(44) Pause Young (Allocation Failure) 417M->226M(602M) 27.844ms
[61.514s][info][gc,cpu         ] GC(44) User=0.06s Sys=0.00s Real=0.03s
[62.345s][info][gc,start       ] GC(45) Pause Young (Allocation Failure)
[62.359s][info][gc,heap        ] GC(45) PSYoungGen: 213200K(268800K)->14645K(263168K) Eden: 203776K(203776K)->0K(204288K) From: 9424K(65024K)->14645K(58880K)
[62.360s][info][gc,heap        ] GC(45) ParOldGen: 222097K(347648K)->222961K(347648K)
[62.360s][info][gc,metaspace   ] GC(45) Metaspace: 35446K(35840K)->35446K(35840K) NonClass: 31764K(32000K)->31764K(32000K) Class: 3682K(3840K)->3682K(3840K)
[62.360s][info][gc             ] GC(45) Pause Young (Allocation Failure) 425M->232M(596M) 15.027ms
[62.360s][info][gc,cpu         ] GC(45) User=0.03s Sys=0.00s Real=0.01s
[63.138s][info][gc,start       ] GC(46) Pause Young (Allocation Failure)
[63.150s][info][gc,heap        ] GC(46) PSYoungGen: 218933K(263168K)->17782K(266240K) Eden: 204288K(204288K)->0K(204288K) From: 14645K(58880K)->17782K(61952K)
[63.150s][info][gc,heap        ] GC(46) ParOldGen: 222961K(347648K)->224001K(347648K)
[63.150s][info][gc,metaspace   ] GC(46) Metaspace: 35457K(35840K)->35457K(35840K) NonClass: 31775K(32000K)->31775K(32000K) Class: 3682K(3840K)->3682K(3840K)
[63.150s][info][gc             ] GC(46) Pause Young (Allocation Failure) 431M->236M(599M) 12.179ms
[63.150s][info][gc,cpu         ] GC(46) User=0.02s Sys=0.00s Real=0.02s
[63.893s][info][gc,start       ] GC(47) Pause Young (Allocation Failure)
[63.901s][info][gc,heap        ] GC(47) PSYoungGen: 222070K(266240K)->10640K(268288K) Eden: 204288K(204288K)->0K(212480K) From: 17782K(61952K)->10640K(55808K)
[63.901s][info][gc,heap        ] GC(47) ParOldGen: 224001K(347648K)->224720K(347648K)
[63.901s][info][gc,metaspace   ] GC(47) Metaspace: 35458K(35840K)->35458K(35840K) NonClass: 31776K(32000K)->31776K(32000K) Class: 3682K(3840K)->3682K(3840K)
[63.901s][info][gc             ] GC(47) Pause Young (Allocation Failure) 435M->229M(601M) 8.085ms
[63.901s][info][gc,cpu         ] GC(47) User=0.02s Sys=0.00s Real=0.01s
[64.685s][info][gc,start       ] GC(48) Pause Young (Allocation Failure)
[64.689s][info][gc,heap        ] GC(48) PSYoungGen: 223120K(268288K)->3427K(270336K) Eden: 212480K(212480K)->0K(212480K) From: 10640K(55808K)->3427K(57856K)
[64.689s][info][gc,heap        ] GC(48) ParOldGen: 224720K(347648K)->225230K(347648K)
[64.689s][info][gc,metaspace   ] GC(48) Metaspace: 35458K(35840K)->35458K(35840K) NonClass: 31776K(32000K)->31776K(32000K) Class: 3682K(3840K)->3682K(3840K)
[64.689s][info][gc             ] GC(48) Pause Young (Allocation Failure) 437M->223M(603M) 4.107ms
[64.689s][info][gc,cpu         ] GC(48) User=0.01s Sys=0.00s Real=0.00s
[65.460s][info][gc,start       ] GC(49) Pause Young (Allocation Failure)
[65.474s][info][gc,heap        ] GC(49) PSYoungGen: 215907K(270336K)->21565K(268800K) Eden: 212480K(212480K)->0K(218112K) From: 3427K(57856K)->21565K(50688K)
[65.474s][info][gc,heap        ] GC(49) ParOldGen: 225230K(347648K)->225668K(347648K)
[65.474s][info][gc,metaspace   ] GC(49) Metaspace: 35513K(35904K)->35513K(35904K) NonClass: 31826K(32064K)->31826K(32064K) Class: 3686K(3840K)->3686K(3840K)
[65.474s][info][gc             ] GC(49) Pause Young (Allocation Failure) 430M->241M(602M) 14.021ms
[65.474s][info][gc,cpu         ] GC(49) User=0.02s Sys=0.00s Real=0.02s
[66.157s][info][gc,start       ] GC(50) Pause Young (Allocation Failure)
[66.169s][info][gc,heap        ] GC(50) PSYoungGen: 239677K(268800K)->620K(272384K) Eden: 218112K(218112K)->0K(218112K) From: 21565K(50688K)->620K(54272K)
[66.169s][info][gc,heap        ] GC(50) ParOldGen: 225668K(347648K)->246318K(347648K)
[66.169s][info][gc,metaspace   ] GC(50) Metaspace: 35514K(35904K)->35514K(35904K) NonClass: 31827K(32064K)->31827K(32064K) Class: 3686K(3840K)->3686K(3840K)
[66.169s][info][gc             ] GC(50) Pause Young (Allocation Failure) 454M->241M(605M) 11.879ms
[66.169s][info][gc,cpu         ] GC(50) User=0.02s Sys=0.00s Real=0.01s
[66.820s][info][gc,start       ] GC(51) Pause Young (Allocation Failure)
[66.825s][info][gc,heap        ] GC(51) PSYoungGen: 218732K(272384K)->5694K(276480K) Eden: 218112K(218112K)->0K(225280K) From: 620K(54272K)->5694K(51200K)
[66.825s][info][gc,heap        ] GC(51) ParOldGen: 246318K(347648K)->246334K(347648K)
[66.825s][info][gc,metaspace   ] GC(51) Metaspace: 35907K(36288K)->35907K(36288K) NonClass: 32122K(32320K)->32122K(32320K) Class: 3785K(3968K)->3785K(3968K)
[66.825s][info][gc             ] GC(51) Pause Young (Allocation Failure) 454M->246M(609M) 5.901ms
[66.826s][info][gc,cpu         ] GC(51) User=0.02s Sys=0.00s Real=0.01s
[67.249s][info][gc,start       ] GC(52) Pause Young (Allocation Failure)
[67.256s][info][gc,heap        ] GC(52) PSYoungGen: 230974K(276480K)->2610K(278016K) Eden: 225280K(225280K)->0K(225280K) From: 5694K(51200K)->2610K(52736K)
[67.256s][info][gc,heap        ] GC(52) ParOldGen: 246334K(347648K)->248758K(347648K)
[67.256s][info][gc,metaspace   ] GC(52) Metaspace: 35931K(36352K)->35931K(36352K) NonClass: 32146K(32384K)->32146K(32384K) Class: 3785K(3968K)->3785K(3968K)
[67.256s][info][gc             ] GC(52) Pause Young (Allocation Failure) 466M->245M(611M) 7.589ms
[67.256s][info][gc,cpu         ] GC(52) User=0.01s Sys=0.00s Real=0.01s
[67.924s][info][gc,start       ] GC(53) Pause Young (Allocation Failure)
[67.936s][info][gc,heap        ] GC(53) PSYoungGen: 227890K(278016K)->10275K(275456K) Eden: 225280K(225280K)->0K(229376K) From: 2610K(52736K)->10275K(46080K)
[67.937s][info][gc,heap        ] GC(53) ParOldGen: 248758K(347648K)->249010K(347648K)
[67.937s][info][gc,metaspace   ] GC(53) Metaspace: 36531K(36928K)->36531K(36928K) NonClass: 32682K(32896K)->32682K(32896K) Class: 3848K(4032K)->3848K(4032K)
[67.937s][info][gc             ] GC(53) Pause Young (Allocation Failure) 465M->253M(608M) 12.509ms
[67.937s][info][gc,cpu         ] GC(53) User=0.02s Sys=0.00s Real=0.01s
[68.370s][info][gc,start       ] GC(54) Pause Young (Allocation Failure)
[68.380s][info][gc,heap        ] GC(54) PSYoungGen: 239319K(275456K)->1820K(278528K) Eden: 229044K(229376K)->0K(229376K) From: 10275K(46080K)->1820K(49152K)
[68.380s][info][gc,heap        ] GC(54) ParOldGen: 249010K(347648K)->258996K(347648K)
[68.380s][info][gc,metaspace   ] GC(54) Metaspace: 38009K(38400K)->38009K(38400K) NonClass: 34007K(34240K)->34007K(34240K) Class: 4002K(4160K)->4002K(4160K)
[68.380s][info][gc             ] GC(54) Pause Young (Allocation Failure) 476M->254M(611M) 10.074ms
[68.380s][info][gc,cpu         ] GC(54) User=0.02s Sys=0.00s Real=0.01s
[68.784s][info][gc,start       ] GC(55) Pause Young (Allocation Failure)
[68.793s][info][gc,heap        ] GC(55) PSYoungGen: 231196K(278528K)->2900K(280576K) Eden: 229376K(229376K)->0K(236544K) From: 1820K(49152K)->2900K(44032K)
[68.793s][info][gc,heap        ] GC(55) ParOldGen: 258996K(347648K)->260796K(347648K)
[68.793s][info][gc,metaspace   ] GC(55) Metaspace: 38145K(38528K)->38145K(38528K) NonClass: 34140K(34368K)->34140K(34368K) Class: 4004K(4160K)->4004K(4160K)
[68.793s][info][gc             ] GC(55) Pause Young (Allocation Failure) 478M->257M(613M) 8.857ms
[68.793s][info][gc,cpu         ] GC(55) User=0.01s Sys=0.00s Real=0.01s
[69.166s][info][gc,start       ] GC(56) Pause Young (Allocation Failure)
[69.173s][info][gc,heap        ] GC(56) PSYoungGen: 237957K(280576K)->4052K(283136K) Eden: 235056K(236544K)->0K(236544K) From: 2900K(44032K)->4052K(46592K)
[69.173s][info][gc,heap        ] GC(56) ParOldGen: 260796K(347648K)->263683K(347648K)
[69.173s][info][gc,metaspace   ] GC(56) Metaspace: 38236K(38592K)->38236K(38592K) NonClass: 34229K(34432K)->34229K(34432K) Class: 4007K(4160K)->4007K(4160K)
[69.173s][info][gc             ] GC(56) Pause Young (Allocation Failure) 487M->261M(616M) 7.617ms
[69.173s][info][gc,cpu         ] GC(56) User=0.01s Sys=0.00s Real=0.01s
[69.537s][info][gc,start       ] GC(57) Pause Young (Allocation Failure)
[69.551s][info][gc,heap        ] GC(57) PSYoungGen: 238794K(283136K)->5721K(282624K) Eden: 234742K(236544K)->0K(242688K) From: 4052K(46592K)->5721K(39936K)
[69.551s][info][gc,heap        ] GC(57) ParOldGen: 263683K(347648K)->267743K(347648K)
[69.551s][info][gc,metaspace   ] GC(57) Metaspace: 38327K(38720K)->38327K(38720K) NonClass: 34319K(34560K)->34319K(34560K) Class: 4007K(4160K)->4007K(4160K)
[69.551s][info][gc             ] GC(57) Pause Young (Allocation Failure) 490M->267M(615M) 13.449ms
[69.551s][info][gc,cpu         ] GC(57) User=0.02s Sys=0.00s Real=0.02s
[69.940s][info][gc,start       ] GC(58) Pause Young (Allocation Failure)
[69.958s][info][gc,heap        ] GC(58) PSYoungGen: 248409K(282624K)->7101K(285184K) Eden: 242688K(242688K)->0K(242688K) From: 5721K(39936K)->7101K(42496K)
[69.958s][info][gc,heap        ] GC(58) ParOldGen: 267743K(347648K)->273506K(347648K)
[69.958s][info][gc,metaspace   ] GC(58) Metaspace: 38363K(38720K)->38363K(38720K) NonClass: 34355K(34560K)->34355K(34560K) Class: 4007K(4160K)->4007K(4160K)
[69.958s][info][gc             ] GC(58) Pause Young (Allocation Failure) 504M->274M(618M) 17.698ms
[69.958s][info][gc,cpu         ] GC(58) User=0.03s Sys=0.00s Real=0.01s
[70.332s][info][gc,start       ] GC(59) Pause Young (Allocation Failure)
[70.347s][info][gc,heap        ] GC(59) PSYoungGen: 249789K(285184K)->8094K(286208K) Eden: 242688K(242688K)->0K(251392K) From: 7101K(42496K)->8094K(34816K)
[70.347s][info][gc,heap        ] GC(59) ParOldGen: 273506K(347648K)->280714K(347648K)
[70.347s][info][gc,metaspace   ] GC(59) Metaspace: 38392K(38784K)->38392K(38784K) NonClass: 34385K(34624K)->34385K(34624K) Class: 4007K(4160K)->4007K(4160K)
[70.347s][info][gc             ] GC(59) Pause Young (Allocation Failure) 511M->282M(619M) 15.143ms
[70.347s][info][gc,cpu         ] GC(59) User=0.03s Sys=0.00s Real=0.01s
[72.200s][info][gc,start       ] GC(60) Pause Young (Allocation Failure)
[72.220s][info][gc,heap        ] GC(60) PSYoungGen: 259486K(286208K)->9862K(288768K) Eden: 251392K(251392K)->0K(251392K) From: 8094K(34816K)->9862K(37376K)
[72.220s][info][gc,heap        ] GC(60) ParOldGen: 280714K(347648K)->288896K(347648K)
[72.220s][info][gc,metaspace   ] GC(60) Metaspace: 39389K(39808K)->39389K(39808K) NonClass: 35259K(35520K)->35259K(35520K) Class: 4130K(4288K)->4130K(4288K)
[72.220s][info][gc             ] GC(60) Pause Young (Allocation Failure) 527M->291M(621M) 19.838ms
[72.220s][info][gc,cpu         ] GC(60) User=0.04s Sys=0.00s Real=0.02s
[73.004s][info][gc,start       ] GC(61) Pause Young (Allocation Failure)
[73.012s][info][gc,heap        ] GC(61) PSYoungGen: 261254K(288768K)->1210K(295424K) Eden: 251392K(251392K)->0K(261632K) From: 9862K(37376K)->1210K(33792K)
[73.012s][info][gc,heap        ] GC(61) ParOldGen: 288896K(347648K)->295781K(347648K)
[73.012s][info][gc,metaspace   ] GC(61) Metaspace: 39426K(39808K)->39426K(39808K) NonClass: 35296K(35520K)->35296K(35520K) Class: 4130K(4288K)->4130K(4288K)
[73.012s][info][gc             ] GC(61) Pause Young (Allocation Failure) 537M->290M(628M) 7.908ms
[73.012s][info][gc,cpu         ] GC(61) User=0.01s Sys=0.00s Real=0.01s
[73.768s][info][gc,start       ] GC(62) Pause Young (Allocation Failure)
[73.770s][info][gc,heap        ] GC(62) PSYoungGen: 262842K(295424K)->704K(295936K) Eden: 261632K(261632K)->0K(261632K) From: 1210K(33792K)->704K(34304K)
[73.770s][info][gc,heap        ] GC(62) ParOldGen: 295781K(347648K)->295805K(347648K)
[73.770s][info][gc,metaspace   ] GC(62) Metaspace: 39461K(39872K)->39461K(39872K) NonClass: 35330K(35584K)->35330K(35584K) Class: 4131K(4288K)->4131K(4288K)
[73.770s][info][gc             ] GC(62) Pause Young (Allocation Failure) 545M->289M(628M) 1.969ms
[73.770s][info][gc,cpu         ] GC(62) User=0.00s Sys=0.00s Real=0.01s
[74.898s][info][gc,start       ] GC(63) Pause Young (Allocation Failure)
[74.903s][info][gc,heap        ] GC(63) PSYoungGen: 262336K(295936K)->3610K(296960K) Eden: 261632K(261632K)->0K(266240K) From: 704K(34304K)->3610K(30720K)
[74.903s][info][gc,heap        ] GC(63) ParOldGen: 295805K(347648K)->295849K(347648K)
[74.903s][info][gc,metaspace   ] GC(63) Metaspace: 40178K(40576K)->40178K(40576K) NonClass: 35883K(36096K)->35883K(36096K) Class: 4295K(4480K)->4295K(4480K)
[74.903s][info][gc             ] GC(63) Pause Young (Allocation Failure) 545M->292M(629M) 4.886ms
[74.903s][info][gc,cpu         ] GC(63) User=0.01s Sys=0.00s Real=0.01s
[76.458s][info][gc,start       ] GC(64) Pause Young (Allocation Failure)
[76.463s][info][gc,heap        ] GC(64) PSYoungGen: 269850K(296960K)->3589K(297984K) Eden: 266240K(266240K)->0K(266240K) From: 3610K(30720K)->3589K(31744K)
[76.463s][info][gc,heap        ] GC(64) ParOldGen: 295849K(347648K)->296561K(347648K)
[76.463s][info][gc,metaspace   ] GC(64) Metaspace: 40374K(40768K)->40374K(40768K) NonClass: 36079K(36288K)->36079K(36288K) Class: 4295K(4480K)->4295K(4480K)
[76.463s][info][gc             ] GC(64) Pause Young (Allocation Failure) 552M->293M(630M) 5.056ms
[76.463s][info][gc,cpu         ] GC(64) User=0.01s Sys=0.00s Real=0.01s
[78.421s][info][gc,start       ] GC(65) Pause Young (Allocation Failure)
[78.429s][info][gc,heap        ] GC(65) PSYoungGen: 268490K(297984K)->3122K(267776K) Eden: 264901K(266240K)->0K(256000K) From: 3589K(31744K)->3122K(11776K)
[78.429s][info][gc,heap        ] GC(65) ParOldGen: 296561K(347648K)->296697K(347648K)
[78.429s][info][gc,metaspace   ] GC(65) Metaspace: 40811K(41152K)->40811K(41152K) NonClass: 36478K(36672K)->36478K(36672K) Class: 4333K(4480K)->4333K(4480K)
[78.429s][info][gc             ] GC(65) Pause Young (Allocation Failure) 551M->292M(601M) 7.705ms
[78.429s][info][gc,cpu         ] GC(65) User=0.01s Sys=0.00s Real=0.00s
[79.468s][info][gc,start       ] GC(66) Pause Young (Allocation Failure)
[79.500s][info][gc,heap        ] GC(66) PSYoungGen: 259122K(267776K)->28650K(284672K) Eden: 256000K(256000K)->0K(256000K) From: 3122K(11776K)->28650K(28672K)
[79.500s][info][gc,heap        ] GC(66) ParOldGen: 296697K(347648K)->300899K(347648K)
[79.500s][info][gc,metaspace   ] GC(66) Metaspace: 40922K(41280K)->40922K(41280K) NonClass: 36584K(36800K)->36584K(36800K) Class: 4338K(4480K)->4338K(4480K)
[79.500s][info][gc             ] GC(66) Pause Young (Allocation Failure) 542M->321M(617M) 32.478ms
[79.500s][info][gc,cpu         ] GC(66) User=0.06s Sys=0.00s Real=0.04s
[80.506s][info][gc,start       ] GC(67) Pause Young (Allocation Failure)
[80.573s][info][gc,heap        ] GC(67) PSYoungGen: 284650K(284672K)->29432K(287744K) Eden: 256000K(256000K)->0K(251904K) From: 28650K(28672K)->29432K(35840K)
[80.573s][info][gc,heap        ] GC(67) ParOldGen: 300899K(347648K)->328824K(347648K)
[80.573s][info][gc,metaspace   ] GC(67) Metaspace: 40932K(41280K)->40932K(41280K) NonClass: 36594K(36800K)->36594K(36800K) Class: 4338K(4480K)->4338K(4480K)
[80.573s][info][gc             ] GC(67) Pause Young (Allocation Failure) 571M->349M(620M) 67.284ms
[80.573s][info][gc,cpu         ] GC(67) User=0.13s Sys=0.00s Real=0.07s
[81.496s][info][gc,start       ] GC(68) Pause Young (Allocation Failure)
[81.554s][info][gc,heap        ] GC(68) PSYoungGen: 281336K(287744K)->28880K(281088K) Eden: 251904K(251904K)->0K(251904K) From: 29432K(35840K)->28880K(29184K)
[81.554s][info][gc,heap        ] GC(68) ParOldGen: 328824K(347648K)->356536K(356864K)
[81.554s][info][gc,metaspace   ] GC(68) Metaspace: 40943K(41344K)->40943K(41344K) NonClass: 36605K(36864K)->36605K(36864K) Class: 4338K(4480K)->4338K(4480K)
[81.554s][info][gc             ] GC(68) Pause Young (Allocation Failure) 595M->376M(623M) 57.571ms
[81.554s][info][gc,cpu         ] GC(68) User=0.11s Sys=0.01s Real=0.06s
[86.152s][info][gc,start       ] GC(69) Pause Young (GCLocker Initiated GC)
[86.199s][info][gc,heap        ] GC(69) PSYoungGen: 280784K(281088K)->11213K(292352K) Eden: 251904K(251904K)->0K(248320K) From: 28880K(29184K)->11213K(44032K)
[86.199s][info][gc,heap        ] GC(69) ParOldGen: 356552K(356864K)->385569K(386048K)
[86.199s][info][gc,metaspace   ] GC(69) Metaspace: 41093K(41472K)->41093K(41472K) NonClass: 36755K(36992K)->36755K(36992K) Class: 4338K(4480K)->4338K(4480K)
[86.199s][info][gc             ] GC(69) Pause Young (GCLocker Initiated GC) 622M->387M(662M) 47.003ms
[86.199s][info][gc,cpu         ] GC(69) User=0.07s Sys=0.03s Real=0.04s
[87.077s][info][gc,start       ] GC(70) Pause Full (CodeCache GC Threshold)
[87.077s][info][gc,phases,start] GC(70) Marking Phase
[87.151s][info][gc,phases      ] GC(70) Marking Phase 74.467ms
[87.151s][info][gc,phases,start] GC(70) Summary Phase
[87.151s][info][gc,phases      ] GC(70) Summary Phase 0.022ms
[87.151s][info][gc,phases,start] GC(70) Forward
[87.157s][info][gc,phases      ] GC(70) Forward 5.647ms
[87.157s][info][gc,phases,start] GC(70) Adjust Pointers
[87.189s][info][gc,phases      ] GC(70) Adjust Pointers 31.914ms
[87.189s][info][gc,phases,start] GC(70) Compaction Phase
[87.196s][info][gc,phases      ] GC(70) Compaction Phase 6.912ms
[87.196s][info][gc,phases,start] GC(70) Post Compact
[87.200s][info][gc,phases      ] GC(70) Post Compact 3.992ms
[87.200s][info][gc,heap        ] GC(70) PSYoungGen: 197142K(292352K)->0K(292352K) Eden: 185929K(248320K)->0K(248320K) From: 11213K(44032K)->0K(44032K)
[87.200s][info][gc,heap        ] GC(70) ParOldGen: 385569K(386048K)->39497K(386048K)
[87.200s][info][gc,metaspace   ] GC(70) Metaspace: 41185K(41536K)->41185K(41536K) NonClass: 36846K(37056K)->36846K(37056K) Class: 4338K(4480K)->4338K(4480K)
[87.200s][info][gc             ] GC(70) Pause Full (CodeCache GC Threshold) 569M->38M(662M) 123.600ms
[87.200s][info][gc,cpu         ] GC(70) User=0.16s Sys=0.01s Real=0.13s
[88.698s][info][gc,start       ] GC(71) Pause Young (Allocation Failure)
[88.714s][info][gc,heap        ] GC(71) PSYoungGen: 248320K(292352K)->17030K(265728K) Eden: 248320K(248320K)->0K(248320K) From: 0K(44032K)->17030K(17408K)
[88.714s][info][gc,heap        ] GC(71) ParOldGen: 39497K(386048K)->39497K(386048K)
[88.714s][info][gc,metaspace   ] GC(71) Metaspace: 41187K(41536K)->41187K(41536K) NonClass: 36848K(37056K)->36848K(37056K) Class: 4338K(4480K)->4338K(4480K)
[88.714s][info][gc             ] GC(71) Pause Young (Allocation Failure) 281M->55M(636M) 15.927ms
[88.714s][info][gc,cpu         ] GC(71) User=0.03s Sys=0.00s Real=0.02s
[90.138s][info][gc,start       ] GC(72) Pause Young (Allocation Failure)
[90.173s][info][gc,heap        ] GC(72) PSYoungGen: 265350K(265728K)->25929K(286208K) Eden: 248320K(248320K)->0K(246272K) From: 17030K(17408K)->25929K(39936K)
[90.173s][info][gc,heap        ] GC(72) ParOldGen: 39497K(386048K)->56603K(386048K)
[90.173s][info][gc,metaspace   ] GC(72) Metaspace: 41193K(41536K)->41193K(41536K) NonClass: 36853K(37056K)->36853K(37056K) Class: 4339K(4480K)->4339K(4480K)
[90.173s][info][gc             ] GC(72) Pause Young (Allocation Failure) 297M->80M(656M) 35.445ms
[90.173s][info][gc,cpu         ] GC(72) User=0.07s Sys=0.00s Real=0.04s
[91.573s][info][gc,start       ] GC(73) Pause Young (Allocation Failure)
[91.612s][info][gc,heap        ] GC(73) PSYoungGen: 272201K(286208K)->22810K(288256K) Eden: 246272K(246272K)->0K(246272K) From: 25929K(39936K)->22810K(41984K)
[91.612s][info][gc,heap        ] GC(73) ParOldGen: 56603K(386048K)->82479K(386048K)
[91.612s][info][gc,metaspace   ] GC(73) Metaspace: 41194K(41536K)->41194K(41536K) NonClass: 36855K(37056K)->36855K(37056K) Class: 4339K(4480K)->4339K(4480K)
[91.612s][info][gc             ] GC(73) Pause Young (Allocation Failure) 321M->102M(658M) 39.509ms
[91.612s][info][gc,cpu         ] GC(73) User=0.08s Sys=0.00s Real=0.04s
[92.703s][info][gc,start       ] GC(74) Pause Young (Allocation Failure)
[92.744s][info][gc,heap        ] GC(74) PSYoungGen: 269082K(288256K)->31036K(285184K) Eden: 246272K(246272K)->0K(242688K) From: 22810K(41984K)->31036K(42496K)
[92.744s][info][gc,heap        ] GC(74) ParOldGen: 82479K(386048K)->105386K(386048K)
[92.744s][info][gc,metaspace   ] GC(74) Metaspace: 41195K(41536K)->41195K(41536K) NonClass: 36856K(37056K)->36856K(37056K) Class: 4339K(4480K)->4339K(4480K)
[92.744s][info][gc             ] GC(74) Pause Young (Allocation Failure) 343M->133M(655M) 41.002ms
[92.744s][info][gc,cpu         ] GC(74) User=0.08s Sys=0.00s Real=0.04s
[93.300s][info][gc,start       ] GC(75) Pause Young (Allocation Failure)
[93.349s][info][gc,heap        ] GC(75) PSYoungGen: 273724K(285184K)->30508K(273408K) Eden: 242688K(242688K)->0K(242688K) From: 31036K(42496K)->30508K(30720K)
[93.349s][info][gc,heap        ] GC(75) ParOldGen: 105386K(386048K)->136150K(386048K)
[93.349s][info][gc,metaspace   ] GC(75) Metaspace: 41195K(41536K)->41195K(41536K) NonClass: 36856K(37056K)->36856K(37056K) Class: 4339K(4480K)->4339K(4480K)
[93.349s][info][gc             ] GC(75) Pause Young (Allocation Failure) 370M->162M(644M) 49.269ms
[93.349s][info][gc,cpu         ] GC(75) User=0.10s Sys=0.00s Real=0.04s
[93.918s][info][gc,start       ] GC(76) Pause Young (Allocation Failure)
[93.984s][info][gc,heap        ] GC(76) PSYoungGen: 273196K(273408K)->31032K(283136K) Eden: 242688K(242688K)->0K(235520K) From: 30508K(30720K)->31032K(47616K)
[93.984s][info][gc,heap        ] GC(76) ParOldGen: 136150K(386048K)->165110K(386048K)
[93.984s][info][gc,metaspace   ] GC(76) Metaspace: 41195K(41536K)->41195K(41536K) NonClass: 36856K(37056K)->36856K(37056K) Class: 4339K(4480K)->4339K(4480K)
[93.984s][info][gc             ] GC(76) Pause Young (Allocation Failure) 399M->191M(653M) 65.634ms
[93.984s][info][gc,cpu         ] GC(76) User=0.14s Sys=0.01s Real=0.07s
[95.423s][info][gc,start       ] GC(77) Pause Young (Allocation Failure)
[95.463s][info][gc,heap        ] GC(77) PSYoungGen: 266552K(283136K)->15164K(250880K) Eden: 235520K(235520K)->0K(235520K) From: 31032K(47616K)->15164K(15360K)
[95.463s][info][gc,heap        ] GC(77) ParOldGen: 165110K(386048K)->196095K(386048K)
[95.463s][info][gc,metaspace   ] GC(77) Metaspace: 41195K(41536K)->41195K(41536K) NonClass: 36856K(37056K)->36856K(37056K) Class: 4339K(4480K)->4339K(4480K)
[95.463s][info][gc             ] GC(77) Pause Young (Allocation Failure) 421M->206M(622M) 40.380ms
[95.463s][info][gc,cpu         ] GC(77) User=0.07s Sys=0.01s Real=0.04s
[96.407s][info][gc,start       ] GC(78) Pause Young (Allocation Failure)
[96.429s][info][gc,heap        ] GC(78) PSYoungGen: 250684K(250880K)->13854K(286208K) Eden: 235520K(235520K)->0K(239104K) From: 15164K(15360K)->13854K(47104K)
[96.429s][info][gc,heap        ] GC(78) ParOldGen: 196095K(386048K)->210599K(386048K)
[96.429s][info][gc,metaspace   ] GC(78) Metaspace: 41204K(41536K)->41204K(41536K) NonClass: 36865K(37056K)->36865K(37056K) Class: 4339K(4480K)->4339K(4480K)
[96.429s][info][gc             ] GC(78) Pause Young (Allocation Failure) 436M->219M(656M) 21.083ms
[96.429s][info][gc,cpu         ] GC(78) User=0.04s Sys=0.00s Real=0.02s
[97.720s][info][gc,start       ] GC(79) Pause Young (Allocation Failure)
[97.734s][info][gc,heap        ] GC(79) PSYoungGen: 252958K(286208K)->5114K(284160K) Eden: 239104K(239104K)->0K(239104K) From: 13854K(47104K)->5114K(45056K)
[97.734s][info][gc,heap        ] GC(79) ParOldGen: 210599K(386048K)->223487K(386048K)
[97.734s][info][gc,metaspace   ] GC(79) Metaspace: 41205K(41536K)->41205K(41536K) NonClass: 36865K(37056K)->36865K(37056K) Class: 4339K(4480K)->4339K(4480K)
[97.734s][info][gc             ] GC(79) Pause Young (Allocation Failure) 452M->223M(654M) 13.779ms
[97.734s][info][gc,cpu         ] GC(79) User=0.03s Sys=0.00s Real=0.01s
[99.098s][info][gc,start       ] GC(80) Pause Young (Allocation Failure)
[99.122s][info][gc,heap        ] GC(80) PSYoungGen: 244218K(284160K)->22530K(287744K) Eden: 239104K(239104K)->0K(242688K) From: 5114K(45056K)->22530K(45056K)
[99.122s][info][gc,heap        ] GC(80) ParOldGen: 223487K(386048K)->228409K(386048K)
[99.122s][info][gc,metaspace   ] GC(80) Metaspace: 41205K(41536K)->41205K(41536K) NonClass: 36865K(37056K)->36865K(37056K) Class: 4339K(4480K)->4339K(4480K)
[99.122s][info][gc             ] GC(80) Pause Young (Allocation Failure) 456M->245M(658M) 24.449ms
[99.122s][info][gc,cpu         ] GC(80) User=0.05s Sys=0.00s Real=0.03s
[100.387s][info][gc,start       ] GC(81) Pause Young (Allocation Failure)
[100.433s][info][gc,heap        ] GC(81) PSYoungGen: 265218K(287744K)->29128K(286720K) Eden: 242688K(242688K)->0K(242688K) From: 22530K(45056K)->29128K(44032K)
[100.433s][info][gc,heap        ] GC(81) ParOldGen: 228409K(386048K)->250898K(386048K)
[100.433s][info][gc,metaspace   ] GC(81) Metaspace: 41229K(41600K)->41229K(41600K) NonClass: 36890K(37120K)->36890K(37120K) Class: 4339K(4480K)->4339K(4480K)
[100.433s][info][gc             ] GC(81) Pause Young (Allocation Failure) 482M->273M(657M) 46.417ms
[100.433s][info][gc,cpu         ] GC(81) User=0.08s Sys=0.00s Real=0.05s
[102.092s][info][gc,start       ] GC(82) Pause Young (Allocation Failure)
[102.124s][info][gc,heap        ] GC(82) PSYoungGen: 271816K(286720K)->12959K(288256K) Eden: 242688K(242688K)->0K(244224K) From: 29128K(44032K)->12959K(44032K)
[102.124s][info][gc,heap        ] GC(82) ParOldGen: 250898K(386048K)->273114K(386048K)
[102.124s][info][gc,metaspace   ] GC(82) Metaspace: 41233K(41600K)->41233K(41600K) NonClass: 36894K(37120K)->36894K(37120K) Class: 4339K(4480K)->4339K(4480K)
[102.124s][info][gc             ] GC(82) Pause Young (Allocation Failure) 510M->279M(658M) 31.464ms
[102.124s][info][gc,cpu         ] GC(82) User=0.07s Sys=0.00s Real=0.03s
[103.600s][info][gc,start       ] GC(83) Pause Young (Allocation Failure)
[103.619s][info][gc,heap        ] GC(83) PSYoungGen: 257183K(288256K)->17956K(262656K) Eden: 244224K(244224K)->0K(244224K) From: 12959K(44032K)->17956K(18432K)
[103.619s][info][gc,heap        ] GC(83) ParOldGen: 273114K(386048K)->274002K(386048K)
[103.619s][info][gc,metaspace   ] GC(83) Metaspace: 41247K(41664K)->41247K(41664K) NonClass: 36908K(37184K)->36908K(37184K) Class: 4339K(4480K)->4339K(4480K)
[103.619s][info][gc             ] GC(83) Pause Young (Allocation Failure) 517M->285M(633M) 18.460ms
[103.619s][info][gc,cpu         ] GC(83) User=0.03s Sys=0.00s Real=0.01s
[105.019s][info][gc,start       ] GC(84) Pause Young (Allocation Failure)
[105.024s][info][gc,heap        ] GC(84) PSYoungGen: 262180K(262656K)->3908K(286720K) Eden: 244224K(244224K)->0K(245248K) From: 17956K(18432K)->3908K(41472K)
[105.024s][info][gc,heap        ] GC(84) ParOldGen: 274002K(386048K)->274954K(386048K)
[105.024s][info][gc,metaspace   ] GC(84) Metaspace: 41259K(41664K)->41259K(41664K) NonClass: 36920K(37184K)->36920K(37184K) Class: 4339K(4480K)->4339K(4480K)
[105.024s][info][gc             ] GC(84) Pause Young (Allocation Failure) 523M->272M(657M) 5.259ms
[105.024s][info][gc,cpu         ] GC(84) User=0.01s Sys=0.00s Real=0.01s
[106.136s][info][gc,start       ] GC(85) Pause Young (Allocation Failure)
[106.143s][info][gc,heap        ] GC(85) PSYoungGen: 249156K(286720K)->7040K(287232K) Eden: 245248K(245248K)->0K(245248K) From: 3908K(41472K)->7040K(41984K)
[106.143s][info][gc,heap        ] GC(85) ParOldGen: 274954K(386048K)->276242K(386048K)
[106.143s][info][gc,metaspace   ] GC(85) Metaspace: 41268K(41664K)->41268K(41664K) NonClass: 36929K(37184K)->36929K(37184K) Class: 4339K(4480K)->4339K(4480K)
[106.143s][info][gc             ] GC(85) Pause Young (Allocation Failure) 511M->276M(657M) 7.342ms
[106.143s][info][gc,cpu         ] GC(85) User=0.01s Sys=0.00s Real=0.01s
[107.264s][info][gc,start       ] GC(86) Pause Young (Allocation Failure)
[107.295s][info][gc,heap        ] GC(86) PSYoungGen: 252288K(287232K)->28052K(288768K) Eden: 245248K(245248K)->0K(247808K) From: 7040K(41984K)->28052K(40960K)
[107.295s][info][gc,heap        ] GC(86) ParOldGen: 276242K(386048K)->277346K(386048K)
[107.295s][info][gc,metaspace   ] GC(86) Metaspace: 41286K(41728K)->41286K(41728K) NonClass: 36946K(37248K)->36946K(37248K) Class: 4339K(4480K)->4339K(4480K)
[107.295s][info][gc             ] GC(86) Pause Young (Allocation Failure) 516M->298M(659M) 31.063ms
[107.295s][info][gc,cpu         ] GC(86) User=0.06s Sys=0.00s Real=0.03s
[108.377s][info][gc,start       ] GC(87) Pause Young (Allocation Failure)
[108.384s][info][gc,heap        ] GC(87) PSYoungGen: 275860K(288768K)->7842K(290816K) Eden: 247808K(247808K)->0K(247808K) From: 28052K(40960K)->7842K(43008K)
[108.384s][info][gc,heap        ] GC(87) ParOldGen: 277346K(386048K)->278122K(386048K)
[108.384s][info][gc,metaspace   ] GC(87) Metaspace: 41296K(41728K)->41296K(41728K) NonClass: 36956K(37248K)->36956K(37248K) Class: 4339K(4480K)->4339K(4480K)
[108.384s][info][gc             ] GC(87) Pause Young (Allocation Failure) 540M->279M(661M) 7.422ms
[108.384s][info][gc,cpu         ] GC(87) User=0.01s Sys=0.00s Real=0.01s
[109.452s][info][gc,start       ] GC(88) Pause Young (Allocation Failure)
[109.458s][info][gc,heap        ] GC(88) PSYoungGen: 255650K(290816K)->5916K(288768K) Eden: 247808K(247808K)->0K(248832K) From: 7842K(43008K)->5916K(39936K)
[109.458s][info][gc,heap        ] GC(88) ParOldGen: 278122K(386048K)->279202K(386048K)
[109.458s][info][gc,metaspace   ] GC(88) Metaspace: 41300K(41728K)->41300K(41728K) NonClass: 36960K(37248K)->36960K(37248K) Class: 4339K(4480K)->4339K(4480K)
[109.458s][info][gc             ] GC(88) Pause Young (Allocation Failure) 521M->278M(659M) 5.410ms
[109.458s][info][gc,cpu         ] GC(88) User=0.01s Sys=0.00s Real=0.00s
[110.585s][info][gc,start       ] GC(89) Pause Young (Allocation Failure)
[110.591s][info][gc,heap        ] GC(89) PSYoungGen: 254748K(288768K)->6741K(290304K) Eden: 248832K(248832K)->0K(248832K) From: 5916K(39936K)->6741K(41472K)
[110.591s][info][gc,heap        ] GC(89) ParOldGen: 279202K(386048K)->280210K(386048K)
[110.591s][info][gc,metaspace   ] GC(89) Metaspace: 41307K(41728K)->41307K(41728K) NonClass: 36967K(37248K)->36967K(37248K) Class: 4339K(4480K)->4339K(4480K)
[110.591s][info][gc             ] GC(89) Pause Young (Allocation Failure) 521M->280M(660M) 6.302ms
[110.591s][info][gc,cpu         ] GC(89) User=0.01s Sys=0.00s Real=0.01s
[111.614s][info][gc,start       ] GC(90) Pause Young (Allocation Failure)
[111.621s][info][gc,heap        ] GC(90) PSYoungGen: 255573K(290304K)->5025K(263680K) Eden: 248832K(248832K)->0K(239104K) From: 6741K(41472K)->5025K(24576K)
[111.621s][info][gc,heap        ] GC(90) ParOldGen: 280210K(386048K)->281250K(386048K)
[111.621s][info][gc,metaspace   ] GC(90) Metaspace: 41329K(41728K)->41329K(41728K) NonClass: 36990K(37248K)->36990K(37248K) Class: 4339K(4480K)->4339K(4480K)
[111.621s][info][gc             ] GC(90) Pause Young (Allocation Failure) 523M->279M(634M) 6.779ms
[111.621s][info][gc,cpu         ] GC(90) User=0.01s Sys=0.00s Real=0.01s
[112.382s][info][gc,start       ] GC(91) Pause Young (Allocation Failure)
[112.417s][info][gc,heap        ] GC(91) PSYoungGen: 244129K(263680K)->38893K(278016K) Eden: 239104K(239104K)->0K(239104K) From: 5025K(24576K)->38893K(38912K)
[112.417s][info][gc,heap        ] GC(91) ParOldGen: 281250K(386048K)->285001K(386048K)
[112.417s][info][gc,metaspace   ] GC(91) Metaspace: 41329K(41728K)->41329K(41728K) NonClass: 36990K(37248K)->36990K(37248K) Class: 4339K(4480K)->4339K(4480K)
[112.417s][info][gc             ] GC(91) Pause Young (Allocation Failure) 513M->316M(648M) 35.385ms
[112.417s][info][gc,cpu         ] GC(91) User=0.07s Sys=0.00s Real=0.03s
[113.575s][info][gc,start       ] GC(92) Pause Young (Allocation Failure)
[113.611s][info][gc,heap        ] GC(92) PSYoungGen: 277997K(278016K)->18051K(288768K) Eden: 239104K(239104K)->0K(241152K) From: 38893K(38912K)->18051K(47616K)
[113.611s][info][gc,heap        ] GC(92) ParOldGen: 285001K(386048K)->305411K(386048K)
[113.611s][info][gc,metaspace   ] GC(92) Metaspace: 41330K(41728K)->41330K(41728K) NonClass: 36990K(37248K)->36990K(37248K) Class: 4339K(4480K)->4339K(4480K)
[113.611s][info][gc             ] GC(92) Pause Young (Allocation Failure) 549M->315M(659M) 36.506ms
[113.611s][info][gc,cpu         ] GC(92) User=0.07s Sys=0.00s Real=0.04s
[114.514s][info][gc,start       ] GC(93) Pause Young (Allocation Failure)
[114.564s][info][gc,heap        ] GC(93) PSYoungGen: 259203K(288768K)->21872K(263168K) Eden: 241152K(241152K)->0K(241152K) From: 18051K(47616K)->21872K(22016K)
[114.565s][info][gc,heap        ] GC(93) ParOldGen: 305411K(386048K)->323048K(386048K)
[114.565s][info][gc,metaspace   ] GC(93) Metaspace: 41348K(41728K)->41348K(41728K) NonClass: 37009K(37248K)->37009K(37248K) Class: 4339K(4480K)->4339K(4480K)
[114.565s][info][gc             ] GC(93) Pause Young (Allocation Failure) 551M->336M(634M) 50.136ms
[114.565s][info][gc,cpu         ] GC(93) User=0.08s Sys=0.00s Real=0.05s
[115.438s][info][gc,start       ] GC(94) Pause Young (Allocation Failure)
[115.461s][info][gc,heap        ] GC(94) PSYoungGen: 263024K(263168K)->16559K(287744K) Eden: 241152K(241152K)->0K(243712K) From: 21872K(22016K)->16559K(44032K)
[115.461s][info][gc,heap        ] GC(94) ParOldGen: 323048K(386048K)->333972K(386048K)
[115.461s][info][gc,metaspace   ] GC(94) Metaspace: 41361K(41792K)->41361K(41792K) NonClass: 37022K(37312K)->37022K(37312K) Class: 4339K(4480K)->4339K(4480K)
[115.461s][info][gc             ] GC(94) Pause Young (Allocation Failure) 572M->342M(658M) 23.742ms
[115.461s][info][gc,cpu         ] GC(94) User=0.05s Sys=0.00s Real=0.03s
[116.308s][info][gc,start       ] GC(95) Pause Young (Allocation Failure)
[116.316s][info][gc,heap        ] GC(95) PSYoungGen: 260271K(287744K)->3386K(285184K) Eden: 243712K(243712K)->0K(243712K) From: 16559K(44032K)->3386K(41472K)
[116.316s][info][gc,heap        ] GC(95) ParOldGen: 333972K(386048K)->343932K(386048K)
[116.316s][info][gc,metaspace   ] GC(95) Metaspace: 41363K(41792K)->41363K(41792K) NonClass: 37024K(37312K)->37024K(37312K) Class: 4339K(4480K)->4339K(4480K)
[116.316s][info][gc             ] GC(95) Pause Young (Allocation Failure) 580M->339M(655M) 8.924ms
[116.316s][info][gc,cpu         ] GC(95) User=0.02s Sys=0.00s Real=0.01s
[117.167s][info][gc,start       ] GC(96) Pause Young (Allocation Failure)
[117.182s][info][gc,heap        ] GC(96) PSYoungGen: 247098K(285184K)->25286K(288768K) Eden: 243712K(243712K)->0K(247296K) From: 3386K(41472K)->25286K(41472K)
[117.182s][info][gc,heap        ] GC(96) ParOldGen: 343932K(386048K)->344315K(386048K)
[117.182s][info][gc,metaspace   ] GC(96) Metaspace: 41366K(41792K)->41366K(41792K) NonClass: 37026K(37312K)->37026K(37312K) Class: 4339K(4480K)->4339K(4480K)
[117.182s][info][gc             ] GC(96) Pause Young (Allocation Failure) 577M->360M(659M) 15.078ms
[117.182s][info][gc,cpu         ] GC(96) User=0.03s Sys=0.00s Real=0.02s
[117.992s][info][gc,start       ] GC(97) Pause Young (Allocation Failure)
[118.000s][info][gc,heap        ] GC(97) PSYoungGen: 272582K(288768K)->10009K(289792K) Eden: 247296K(247296K)->0K(247296K) From: 25286K(41472K)->10009K(42496K)
[118.000s][info][gc,heap        ] GC(97) ParOldGen: 344315K(386048K)->345063K(386048K)
[118.000s][info][gc,metaspace   ] GC(97) Metaspace: 41366K(41792K)->41366K(41792K) NonClass: 37027K(37312K)->37027K(37312K) Class: 4339K(4480K)->4339K(4480K)
[118.000s][info][gc             ] GC(97) Pause Young (Allocation Failure) 602M->346M(660M) 8.496ms
[118.000s][info][gc,cpu         ] GC(97) User=0.01s Sys=0.00s Real=0.01s
[118.867s][info][gc,start       ] GC(98) Pause Young (Allocation Failure)
[118.903s][info][gc,heap        ] GC(98) PSYoungGen: 257305K(289792K)->40958K(270336K) Eden: 247296K(247296K)->0K(229376K) From: 10009K(42496K)->40958K(40960K)
[118.903s][info][gc,heap        ] GC(98) ParOldGen: 345063K(386048K)->357516K(386048K)
[118.903s][info][gc,metaspace   ] GC(98) Metaspace: 41367K(41792K)->41367K(41792K) NonClass: 37027K(37312K)->37027K(37312K) Class: 4339K(4480K)->4339K(4480K)
[118.903s][info][gc             ] GC(98) Pause Young (Allocation Failure) 588M->389M(641M) 35.835ms
[118.903s][info][gc,cpu         ] GC(98) User=0.06s Sys=0.02s Real=0.04s
[119.665s][info][gc,start       ] GC(99) Pause Young (Allocation Failure)
[119.783s][info][gc,heap        ] GC(99) PSYoungGen: 270334K(270336K)->52195K(281600K) Eden: 229376K(229376K)->0K(229376K) From: 40958K(40960K)->52195K(52224K)
[119.783s][info][gc,heap        ] GC(99) ParOldGen: 357516K(386048K)->452404K(452608K)
[119.783s][info][gc,metaspace   ] GC(99) Metaspace: 41367K(41792K)->41367K(41792K) NonClass: 37027K(37312K)->37027K(37312K) Class: 4339K(4480K)->4339K(4480K)
[119.783s][info][gc             ] GC(99) Pause Young (Allocation Failure) 613M->492M(717M) 117.913ms
[119.783s][info][gc,cpu         ] GC(99) User=0.20s Sys=0.04s Real=0.12s
[120.543s][info][gc,start       ] GC(100) Pause Young (Allocation Failure)
[120.590s][info][gc,heap        ] GC(100) PSYoungGen: 281571K(281600K)->5375K(196608K) Eden: 229376K(229376K)->0K(144384K) From: 52195K(52224K)->5375K(52224K)
[120.590s][info][gc,heap        ] GC(100) ParOldGen: 452404K(452608K)->487789K(487936K)
[120.590s][info][gc,metaspace   ] GC(100) Metaspace: 41372K(41792K)->41372K(41792K) NonClass: 37032K(37312K)->37032K(37312K) Class: 4339K(4480K)->4339K(4480K)
[120.590s][info][gc             ] GC(100) Pause Young (Allocation Failure) 716M->481M(668M) 46.338ms
[120.590s][info][gc,cpu         ] GC(100) User=0.06s Sys=0.03s Real=0.04s
[121.097s][info][gc,start       ] GC(101) Pause Young (Allocation Failure)
[121.110s][info][gc,heap        ] GC(101) PSYoungGen: 149759K(196608K)->17178K(239104K) Eden: 144384K(144384K)->0K(144384K) From: 5375K(52224K)->17178K(94720K)
[121.110s][info][gc,heap        ] GC(101) ParOldGen: 487789K(487936K)->488747K(488960K)
[121.110s][info][gc,metaspace   ] GC(101) Metaspace: 41374K(41792K)->41374K(41792K) NonClass: 37035K(37312K)->37035K(37312K) Class: 4339K(4480K)->4339K(4480K)
[121.110s][info][gc             ] GC(101) Pause Young (Allocation Failure) 622M->494M(711M) 12.990ms
[121.110s][info][gc,cpu         ] GC(101) User=0.02s Sys=0.00s Real=0.02s
[121.602s][info][gc,start       ] GC(102) Pause Young (Allocation Failure)
[121.610s][info][gc,heap        ] GC(102) PSYoungGen: 161562K(239104K)->9534K(228352K) Eden: 144384K(144384K)->0K(148992K) From: 17178K(94720K)->9534K(79360K)
[121.610s][info][gc,heap        ] GC(102) ParOldGen: 488747K(488960K)->489524K(489984K)
[121.610s][info][gc,metaspace   ] GC(102) Metaspace: 41380K(41792K)->41380K(41792K) NonClass: 37041K(37312K)->37041K(37312K) Class: 4339K(4480K)->4339K(4480K)
[121.610s][info][gc             ] GC(102) Pause Young (Allocation Failure) 635M->487M(701M) 8.439ms
[121.610s][info][gc,cpu         ] GC(102) User=0.02s Sys=0.00s Real=0.01s
[122.089s][info][gc,start       ] GC(103) Pause Young (Allocation Failure)
[122.108s][info][gc,heap        ] GC(103) PSYoungGen: 158526K(228352K)->29713K(236032K) Eden: 148992K(148992K)->0K(148992K) From: 9534K(79360K)->29713K(87040K)
[122.108s][info][gc,heap        ] GC(103) ParOldGen: 489524K(489984K)->490135K(490496K)
[122.108s][info][gc,metaspace   ] GC(103) Metaspace: 41381K(41792K)->41381K(41792K) NonClass: 37041K(37312K)->37041K(37312K) Class: 4339K(4480K)->4339K(4480K)
[122.108s][info][gc             ] GC(103) Pause Young (Allocation Failure) 632M->507M(709M) 19.398ms
[122.108s][info][gc,cpu         ] GC(103) User=0.04s Sys=0.00s Real=0.02s
[122.606s][info][gc,start       ] GC(104) Pause Young (Allocation Failure)
[122.614s][info][gc,heap        ] GC(104) PSYoungGen: 178705K(236032K)->8723K(238592K) Eden: 148992K(148992K)->0K(164352K) From: 29713K(87040K)->8723K(74240K)
[122.614s][info][gc,heap        ] GC(104) ParOldGen: 490135K(490496K)->490571K(491008K)
[122.614s][info][gc,metaspace   ] GC(104) Metaspace: 41381K(41792K)->41381K(41792K) NonClass: 37041K(37312K)->37041K(37312K) Class: 4339K(4480K)->4339K(4480K)
[122.614s][info][gc             ] GC(104) Pause Young (Allocation Failure) 653M->487M(712M) 7.498ms
[122.614s][info][gc,cpu         ] GC(104) User=0.01s Sys=0.01s Real=0.01s
[123.155s][info][gc,start       ] GC(105) Pause Young (Allocation Failure)
[123.158s][info][gc,heap        ] GC(105) PSYoungGen: 173075K(238592K)->1049K(244224K) Eden: 164352K(164352K)->0K(164352K) From: 8723K(74240K)->1049K(79872K)
[123.158s][info][gc,heap        ] GC(105) ParOldGen: 490571K(491008K)->490860K(491008K)
[123.158s][info][gc,metaspace   ] GC(105) Metaspace: 41386K(41792K)->41386K(41792K) NonClass: 37046K(37312K)->37046K(37312K) Class: 4339K(4480K)->4339K(4480K)
[123.158s][info][gc             ] GC(105) Pause Young (Allocation Failure) 648M->480M(718M) 2.958ms
[123.158s][info][gc,cpu         ] GC(105) User=0.00s Sys=0.00s Real=0.00s
[123.640s][info][gc,start       ] GC(106) Pause Young (Allocation Failure)
[123.653s][info][gc,heap        ] GC(106) PSYoungGen: 165401K(244224K)->21395K(242176K) Eden: 164352K(164352K)->0K(175616K) From: 1049K(79872K)->21395K(66560K)
[123.653s][info][gc,heap        ] GC(106) ParOldGen: 490860K(491008K)->491158K(491520K)
[123.653s][info][gc,metaspace   ] GC(106) Metaspace: 41386K(41792K)->41386K(41792K) NonClass: 37046K(37312K)->37046K(37312K) Class: 4339K(4480K)->4339K(4480K)
[123.653s][info][gc             ] GC(106) Pause Young (Allocation Failure) 640M->500M(716M) 13.594ms
[123.653s][info][gc,cpu         ] GC(106) User=0.03s Sys=0.00s Real=0.02s
[124.171s][info][gc,start       ] GC(107) Pause Young (Allocation Failure)
[124.191s][info][gc,heap        ] GC(107) PSYoungGen: 197011K(242176K)->1151K(248832K) Eden: 175616K(175616K)->0K(175616K) From: 21395K(66560K)->1151K(73216K)
[124.191s][info][gc,heap        ] GC(107) ParOldGen: 491158K(491520K)->511873K(512000K)
[124.191s][info][gc,metaspace   ] GC(107) Metaspace: 41386K(41792K)->41386K(41792K) NonClass: 37046K(37312K)->37046K(37312K) Class: 4339K(4480K)->4339K(4480K)
[124.191s][info][gc             ] GC(107) Pause Young (Allocation Failure) 672M->501M(743M) 20.776ms
[124.191s][info][gc,cpu         ] GC(107) User=0.03s Sys=0.02s Real=0.02s
[124.681s][info][gc,start       ] GC(108) Pause Young (Allocation Failure)
[124.685s][info][gc,heap        ] GC(108) PSYoungGen: 176767K(248832K)->1352K(256000K) Eden: 175616K(175616K)->0K(188928K) From: 1151K(73216K)->1352K(67072K)
[124.685s][info][gc,heap        ] GC(108) ParOldGen: 511873K(512000K)->512098K(512512K)
[124.685s][info][gc,metaspace   ] GC(108) Metaspace: 41386K(41792K)->41386K(41792K) NonClass: 37046K(37312K)->37046K(37312K) Class: 4339K(4480K)->4339K(4480K)
[124.685s][info][gc             ] GC(108) Pause Young (Allocation Failure) 672M->501M(750M) 3.348ms
[124.685s][info][gc,cpu         ] GC(108) User=0.00s Sys=0.00s Real=0.00s
[125.099s][info][gc,start       ] GC(109) Pause Young (Allocation Failure)
[125.105s][info][gc,heap        ] GC(109) PSYoungGen: 190280K(256000K)->4572K(259072K) Eden: 188928K(188928K)->0K(188928K) From: 1352K(67072K)->4572K(70144K)
[125.105s][info][gc,heap        ] GC(109) ParOldGen: 512098K(512512K)->512530K(513024K)
[125.105s][info][gc,metaspace   ] GC(109) Metaspace: 41398K(41792K)->41398K(41792K) NonClass: 37058K(37312K)->37058K(37312K) Class: 4339K(4480K)->4339K(4480K)
[125.105s][info][gc             ] GC(109) Pause Young (Allocation Failure) 685M->504M(754M) 5.643ms
[125.105s][info][gc,cpu         ] GC(109) User=0.01s Sys=0.00s Real=0.01s
[125.429s][info][gc,start       ] GC(110) Pause Young (Allocation Failure)
[125.434s][info][gc,heap        ] GC(110) PSYoungGen: 193500K(259072K)->1870K(259584K) Eden: 188928K(188928K)->0K(196608K) From: 4572K(70144K)->1870K(62976K)
[125.434s][info][gc,heap        ] GC(110) ParOldGen: 512530K(513024K)->514212K(514560K)
[125.434s][info][gc,metaspace   ] GC(110) Metaspace: 41416K(41792K)->41416K(41792K) NonClass: 37076K(37312K)->37076K(37312K) Class: 4339K(4480K)->4339K(4480K)
[125.434s][info][gc             ] GC(110) Pause Young (Allocation Failure) 689M->503M(756M) 4.438ms
[125.434s][info][gc,cpu         ] GC(110) User=0.00s Sys=0.00s Real=0.01s
[125.908s][info][gc,start       ] GC(111) Pause Young (Allocation Failure)
[125.915s][info][gc,heap        ] GC(111) PSYoungGen: 196860K(259584K)->10128K(261632K) Eden: 194989K(196608K)->0K(196608K) From: 1870K(62976K)->10128K(65024K)
[125.915s][info][gc,heap        ] GC(111) ParOldGen: 514212K(514560K)->514464K(514560K)
[125.915s][info][gc,metaspace   ] GC(111) Metaspace: 41447K(41856K)->41447K(41856K) NonClass: 37108K(37376K)->37108K(37376K) Class: 4339K(4480K)->4339K(4480K)
[125.915s][info][gc             ] GC(111) Pause Young (Allocation Failure) 694M->512M(758M) 7.744ms
[125.915s][info][gc,cpu         ] GC(111) User=0.01s Sys=0.00s Real=0.01s
[126.144s][info][gc,start       ] GC(112) Pause Young (Allocation Failure)
[126.156s][info][gc,heap        ] GC(112) PSYoungGen: 206736K(261632K)->1180K(266752K) Eden: 196608K(196608K)->0K(207872K) From: 10128K(65024K)->1180K(58880K)
[126.156s][info][gc,heap        ] GC(112) ParOldGen: 514464K(514560K)->524342K(524800K)
[126.156s][info][gc,metaspace   ] GC(112) Metaspace: 41447K(41856K)->41447K(41856K) NonClass: 37108K(37376K)->37108K(37376K) Class: 4339K(4480K)->4339K(4480K)
[126.156s][info][gc             ] GC(112) Pause Young (Allocation Failure) 704M->513M(773M) 11.696ms
[126.156s][info][gc,cpu         ] GC(112) User=0.01s Sys=0.01s Real=0.01s
[126.430s][info][gc,start       ] GC(113) Pause Young (Allocation Failure)
[126.436s][info][gc,heap        ] GC(113) PSYoungGen: 208321K(266752K)->2533K(266752K) Eden: 207140K(207872K)->0K(207872K) From: 1180K(58880K)->2533K(58880K)
[126.436s][info][gc,heap        ] GC(113) ParOldGen: 524342K(524800K)->525465K(525824K)
[126.436s][info][gc,metaspace   ] GC(113) Metaspace: 41452K(41856K)->41452K(41856K) NonClass: 37112K(37376K)->37112K(37376K) Class: 4339K(4480K)->4339K(4480K)
[126.436s][info][gc             ] GC(113) Pause Young (Allocation Failure) 715M->515M(774M) 5.946ms
[126.436s][info][gc,cpu         ] GC(113) User=0.01s Sys=0.00s Real=0.01s
[126.713s][info][gc,start       ] GC(114) Pause Young (Allocation Failure)
[126.725s][info][gc,heap        ] GC(114) PSYoungGen: 210340K(266752K)->5388K(271872K) Eden: 207807K(207872K)->0K(219136K) From: 2533K(58880K)->5388K(52736K)
[126.725s][info][gc,heap        ] GC(114) ParOldGen: 525465K(525824K)->527997K(528384K)
[126.725s][info][gc,metaspace   ] GC(114) Metaspace: 41462K(41856K)->41462K(41856K) NonClass: 37123K(37376K)->37123K(37376K) Class: 4339K(4480K)->4339K(4480K)
[126.725s][info][gc             ] GC(114) Pause Young (Allocation Failure) 718M->520M(781M) 11.544ms
[126.725s][info][gc,cpu         ] GC(114) User=0.02s Sys=0.00s Real=0.01s
[127.003s][info][gc,start       ] GC(115) Pause Young (Allocation Failure)
[127.013s][info][gc,heap        ] GC(115) PSYoungGen: 224524K(271872K)->3642K(271872K) Eden: 219136K(219136K)->0K(219136K) From: 5388K(52736K)->3642K(52736K)
[127.013s][info][gc,heap        ] GC(115) ParOldGen: 527997K(528384K)->531517K(531968K)
[127.013s][info][gc,metaspace   ] GC(115) Metaspace: 41462K(41856K)->41462K(41856K) NonClass: 37123K(37376K)->37123K(37376K) Class: 4339K(4480K)->4339K(4480K)
[127.013s][info][gc             ] GC(115) Pause Young (Allocation Failure) 734M->522M(785M) 10.561ms
[127.013s][info][gc,cpu         ] GC(115) User=0.01s Sys=0.01s Real=0.01s
[127.304s][info][gc,start       ] GC(116) Pause Young (Allocation Failure)
[127.319s][info][gc,heap        ] GC(116) PSYoungGen: 222659K(271872K)->7522K(277504K) Eden: 219016K(219136K)->0K(230912K) From: 3642K(52736K)->7522K(46592K)
[127.319s][info][gc,heap        ] GC(116) ParOldGen: 531517K(531968K)->535063K(535552K)
[127.319s][info][gc,metaspace   ] GC(116) Metaspace: 41473K(41856K)->41473K(41856K) NonClass: 37134K(37376K)->37134K(37376K) Class: 4339K(4480K)->4339K(4480K)
[127.320s][info][gc             ] GC(116) Pause Young (Allocation Failure) 736M->529M(794M) 15.183ms
[127.320s][info][gc,cpu         ] GC(116) User=0.02s Sys=0.00s Real=0.01s
[127.631s][info][gc,start       ] GC(117) Pause Young (Allocation Failure)
[127.649s][info][gc,heap        ] GC(117) PSYoungGen: 236796K(277504K)->5091K(278016K) Eden: 229273K(230912K)->0K(230912K) From: 7522K(46592K)->5091K(47104K)
[127.649s][info][gc,heap        ] GC(117) ParOldGen: 535063K(535552K)->540841K(541184K)
[127.650s][info][gc,metaspace   ] GC(117) Metaspace: 41474K(41856K)->41474K(41856K) NonClass: 37135K(37376K)->37135K(37376K) Class: 4339K(4480K)->4339K(4480K)
[127.650s][info][gc             ] GC(117) Pause Young (Allocation Failure) 753M->533M(800M) 18.952ms
[127.650s][info][gc,cpu         ] GC(117) User=0.03s Sys=0.00s Real=0.01s
[128.144s][info][gc,start       ] GC(118) Pause Young (Allocation Failure)
[128.170s][info][gc,heap        ] GC(118) PSYoungGen: 236003K(278016K)->14734K(285184K) Eden: 230912K(230912K)->0K(241664K) From: 5091K(47104K)->14734K(43520K)
[128.170s][info][gc,heap        ] GC(118) ParOldGen: 540841K(541184K)->545779K(545792K)
[128.170s][info][gc,metaspace   ] GC(118) Metaspace: 41523K(41920K)->41523K(41920K) NonClass: 37184K(37440K)->37184K(37440K) Class: 4339K(4480K)->4339K(4480K)
[128.170s][info][gc             ] GC(118) Pause Young (Allocation Failure) 758M->547M(811M) 25.685ms
[128.170s][info][gc,cpu         ] GC(118) User=0.05s Sys=0.00s Real=0.02s
[128.821s][info][gc,start       ] GC(119) Pause Young (Allocation Failure)
[128.849s][info][gc,heap        ] GC(119) PSYoungGen: 256398K(285184K)->4392K(284160K) Eden: 241664K(241664K)->0K(241664K) From: 14734K(43520K)->4392K(42496K)
[128.849s][info][gc,heap        ] GC(119) ParOldGen: 545779K(545792K)->560075K(560128K)
[128.849s][info][gc,metaspace   ] GC(119) Metaspace: 41546K(41920K)->41546K(41920K) NonClass: 37207K(37440K)->37207K(37440K) Class: 4339K(4480K)->4339K(4480K)
[128.849s][info][gc             ] GC(119) Pause Young (Allocation Failure) 783M->551M(824M) 28.409ms
[128.849s][info][gc,cpu         ] GC(119) User=0.04s Sys=0.01s Real=0.02s
[129.429s][info][gc,start       ] GC(120) Pause Young (Allocation Failure)
[129.432s][info][gc,heap        ] GC(120) PSYoungGen: 246056K(284160K)->256K(289792K) Eden: 241664K(241664K)->0K(249344K) From: 4392K(42496K)->256K(40448K)
[129.432s][info][gc,heap        ] GC(120) ParOldGen: 560075K(560128K)->560723K(561152K)
[129.432s][info][gc,metaspace   ] GC(120) Metaspace: 41548K(41920K)->41548K(41920K) NonClass: 37208K(37440K)->37208K(37440K) Class: 4339K(4480K)->4339K(4480K)
[129.432s][info][gc             ] GC(120) Pause Young (Allocation Failure) 787M->547M(831M) 3.050ms
[129.432s][info][gc,cpu         ] GC(120) User=0.00s Sys=0.00s Real=0.01s
[130.016s][info][gc,start       ] GC(121) Pause Young (Allocation Failure)
[130.023s][info][gc,heap        ] GC(121) PSYoungGen: 249600K(289792K)->3992K(288256K) Eden: 249344K(249344K)->0K(249344K) From: 256K(40448K)->3992K(38912K)
[130.023s][info][gc,heap        ] GC(121) ParOldGen: 560723K(561152K)->560731K(561152K)
[130.023s][info][gc,metaspace   ] GC(121) Metaspace: 41554K(41920K)->41554K(41920K) NonClass: 37215K(37440K)->37215K(37440K) Class: 4339K(4480K)->4339K(4480K)
[130.023s][info][gc             ] GC(121) Pause Young (Allocation Failure) 791M->551M(829M) 6.928ms
[130.023s][info][gc,cpu         ] GC(121) User=0.01s Sys=0.00s Real=0.01s
[130.730s][info][gc,start       ] GC(122) Pause Young (Allocation Failure)
[130.735s][info][gc,heap        ] GC(122) PSYoungGen: 253336K(288256K)->4617K(292864K) Eden: 249344K(249344K)->0K(256512K) From: 3992K(38912K)->4617K(36352K)
[130.735s][info][gc,heap        ] GC(122) ParOldGen: 560731K(561152K)->560779K(561152K)
[130.735s][info][gc,metaspace   ] GC(122) Metaspace: 41560K(41920K)->41560K(41920K) NonClass: 37220K(37440K)->37220K(37440K) Class: 4339K(4480K)->4339K(4480K)
[130.735s][info][gc             ] GC(122) Pause Young (Allocation Failure) 794M->552M(834M) 5.587ms
[130.735s][info][gc,cpu         ] GC(122) User=0.01s Sys=0.00s Real=0.00s
[131.445s][info][gc,start       ] GC(123) Pause Young (Allocation Failure)
[131.449s][info][gc,heap        ] GC(123) PSYoungGen: 261129K(292864K)->2882K(291328K) Eden: 256512K(256512K)->0K(256512K) From: 4617K(36352K)->2882K(34816K)
[131.449s][info][gc,heap        ] GC(123) ParOldGen: 560779K(561152K)->562105K(562176K)
[131.449s][info][gc,metaspace   ] GC(123) Metaspace: 41564K(41920K)->41564K(41920K) NonClass: 37225K(37440K)->37225K(37440K) Class: 4339K(4480K)->4339K(4480K)
[131.449s][info][gc             ] GC(123) Pause Young (Allocation Failure) 802M->551M(833M) 4.305ms
[131.449s][info][gc,cpu         ] GC(123) User=0.00s Sys=0.01s Real=0.00s
[132.665s][info][gc,start       ] GC(124) Pause Young (Allocation Failure)
[132.676s][info][gc,heap        ] GC(124) PSYoungGen: 259394K(291328K)->7122K(296448K) Eden: 256512K(256512K)->0K(265216K) From: 2882K(34816K)->7122K(31232K)
[132.676s][info][gc,heap        ] GC(124) ParOldGen: 562105K(562176K)->562233K(562688K)
[132.676s][info][gc,metaspace   ] GC(124) Metaspace: 41695K(42112K)->41695K(42112K) NonClass: 37355K(37632K)->37355K(37632K) Class: 4339K(4480K)->4339K(4480K)
[132.676s][info][gc             ] GC(124) Pause Young (Allocation Failure) 802M->556M(839M) 11.743ms
[132.676s][info][gc,cpu         ] GC(124) User=0.03s Sys=0.00s Real=0.01s
[133.500s][info][gc,start       ] GC(125) Pause Young (Allocation Failure)
[133.536s][info][gc,heap        ] GC(125) PSYoungGen: 272338K(296448K)->30112K(295936K) Eden: 265216K(265216K)->0K(265216K) From: 7122K(31232K)->30112K(30720K)
[133.536s][info][gc,heap        ] GC(125) ParOldGen: 562233K(562688K)->569075K(569344K)
[133.536s][info][gc,metaspace   ] GC(125) Metaspace: 41722K(42176K)->41722K(42176K) NonClass: 37383K(37696K)->37383K(37696K) Class: 4339K(4480K)->4339K(4480K)
[133.536s][info][gc             ] GC(125) Pause Young (Allocation Failure) 815M->585M(845M) 35.183ms
[133.536s][info][gc,cpu         ] GC(125) User=0.06s Sys=0.00s Real=0.03s
[134.177s][info][gc,start       ] GC(126) Pause Young (Allocation Failure)
[134.247s][info][gc,heap        ] GC(126) PSYoungGen: 295328K(295936K)->30072K(287744K) Eden: 265216K(265216K)->0K(250880K) From: 30112K(30720K)->30072K(36864K)
[134.247s][info][gc,heap        ] GC(126) ParOldGen: 569075K(569344K)->598447K(598528K)
[134.247s][info][gc,metaspace   ] GC(126) Metaspace: 41724K(42176K)->41724K(42176K) NonClass: 37385K(37696K)->37385K(37696K) Class: 4339K(4480K)->4339K(4480K)
[134.247s][info][gc             ] GC(126) Pause Young (Allocation Failure) 844M->613M(865M) 70.417ms
[134.247s][info][gc,cpu         ] GC(126) User=0.10s Sys=0.03s Real=0.07s
[134.894s][info][gc,start       ] GC(127) Pause Young (GCLocker Initiated GC)
[134.959s][info][gc,heap        ] GC(127) PSYoungGen: 280952K(287744K)->28119K(279040K) Eden: 250880K(250880K)->0K(250880K) From: 30072K(36864K)->28119K(28160K)
[134.959s][info][gc,heap        ] GC(127) ParOldGen: 598455K(598528K)->626823K(627200K)
[134.959s][info][gc,metaspace   ] GC(127) Metaspace: 41727K(42176K)->41727K(42176K) NonClass: 37388K(37696K)->37388K(37696K) Class: 4339K(4480K)->4339K(4480K)
[134.959s][info][gc             ] GC(127) Pause Young (GCLocker Initiated GC) 858M->639M(885M) 64.757ms
[134.959s][info][gc,cpu         ] GC(127) User=0.11s Sys=0.02s Real=0.06s
[138.631s][info][gc,start       ] GC(128) Pause Young (Allocation Failure)
[138.671s][info][gc,heap        ] GC(128) PSYoungGen: 278999K(279040K)->6240K(291328K) Eden: 250880K(250880K)->0K(246784K) From: 28119K(28160K)->6240K(44544K)
[138.671s][info][gc,heap        ] GC(128) ParOldGen: 626823K(627200K)->655080K(655360K)
[138.671s][info][gc,metaspace   ] GC(128) Metaspace: 41782K(42176K)->41782K(42176K) NonClass: 37443K(37696K)->37443K(37696K) Class: 4339K(4480K)->4339K(4480K)
[138.671s][info][gc             ] GC(128) Pause Young (Allocation Failure) 884M->645M(924M) 39.307ms
[138.671s][info][gc,cpu         ] GC(128) User=0.06s Sys=0.02s Real=0.04s
[139.244s][info][gc,start       ] GC(129) Pause Full (Allocation Failure)
[139.244s][info][gc,phases,start] GC(129) Marking Phase
[139.327s][info][gc,phases      ] GC(129) Marking Phase 83.367ms
[139.327s][info][gc,phases,start] GC(129) Summary Phase
[139.327s][info][gc,phases      ] GC(129) Summary Phase 0.046ms
[139.327s][info][gc,phases,start] GC(129) Forward
[139.344s][info][gc,phases      ] GC(129) Forward 16.733ms
[139.344s][info][gc,phases,start] GC(129) Adjust Pointers
[139.387s][info][gc,phases      ] GC(129) Adjust Pointers 42.922ms
[139.387s][info][gc,phases,start] GC(129) Compaction Phase
[139.404s][info][gc,phases      ] GC(129) Compaction Phase 16.523ms
[139.404s][info][gc,phases,start] GC(129) Post Compact
[139.412s][info][gc,phases      ] GC(129) Post Compact 8.304ms
[139.449s][info][gc,heap        ] GC(129) PSYoungGen: 253024K(291328K)->0K(289280K) Eden: 246784K(246784K)->0K(246784K) From: 6240K(44544K)->0K(42496K)
[139.449s][info][gc,heap        ] GC(129) ParOldGen: 655080K(655360K)->78188K(187392K)
[139.449s][info][gc,metaspace   ] GC(129) Metaspace: 41783K(42176K)->41783K(42176K) NonClass: 37444K(37696K)->37444K(37696K) Class: 4339K(4480K)->4339K(4480K)
[139.449s][info][gc             ] GC(129) Pause Full (Allocation Failure) 886M->76M(465M) 204.949ms
[139.449s][info][gc,cpu         ] GC(129) User=0.25s Sys=0.05s Real=0.20s
[140.001s][info][gc,start       ] GC(130) Pause Young (Allocation Failure)
[140.029s][info][gc,heap        ] GC(130) PSYoungGen: 246784K(289280K)->30392K(284160K) Eden: 246784K(246784K)->0K(241664K) From: 0K(42496K)->30392K(42496K)
[140.029s][info][gc,heap        ] GC(130) ParOldGen: 78188K(187392K)->78188K(187392K)
[140.029s][info][gc,metaspace   ] GC(130) Metaspace: 41783K(42176K)->41783K(42176K) NonClass: 37444K(37696K)->37444K(37696K) Class: 4339K(4480K)->4339K(4480K)
[140.029s][info][gc             ] GC(130) Pause Young (Allocation Failure) 317M->106M(460M) 27.981ms
[140.029s][info][gc,cpu         ] GC(130) User=0.05s Sys=0.01s Real=0.02s
[140.717s][info][gc,start       ] GC(131) Pause Young (Allocation Failure)
[140.775s][info][gc,heap        ] GC(131) PSYoungGen: 272056K(284160K)->36739K(278528K) Eden: 241664K(241664K)->0K(241664K) From: 30392K(42496K)->36739K(36864K)
[140.775s][info][gc,heap        ] GC(131) ParOldGen: 78188K(187392K)->106852K(187392K)
[140.775s][info][gc,metaspace   ] GC(131) Metaspace: 41783K(42176K)->41783K(42176K) NonClass: 37444K(37696K)->37444K(37696K) Class: 4339K(4480K)->4339K(4480K)
[140.775s][info][gc             ] GC(131) Pause Young (Allocation Failure) 342M->140M(455M) 58.138ms
[140.775s][info][gc,cpu         ] GC(131) User=0.11s Sys=0.00s Real=0.06s
[142.390s][info][gc,start       ] GC(132) Pause Young (Allocation Failure)
[142.417s][info][gc,heap        ] GC(132) PSYoungGen: 278403K(278528K)->11322K(285184K) Eden: 241664K(241664K)->0K(233984K) From: 36739K(36864K)->11322K(51200K)
[142.417s][info][gc,heap        ] GC(132) ParOldGen: 106852K(187392K)->135762K(187392K)
[142.418s][info][gc,metaspace   ] GC(132) Metaspace: 41784K(42176K)->41784K(42176K) NonClass: 37444K(37696K)->37444K(37696K) Class: 4339K(4480K)->4339K(4480K)
[142.418s][info][gc             ] GC(132) Pause Young (Allocation Failure) 376M->143M(461M) 27.667ms
[142.418s][info][gc,cpu         ] GC(132) User=0.06s Sys=0.00s Real=0.02s
[143.730s][info][gc,start       ] GC(133) Pause Young (Allocation Failure)
[143.735s][info][gc,heap        ] GC(133) PSYoungGen: 245306K(285184K)->352K(234496K) Eden: 233984K(233984K)->0K(233984K) From: 11322K(51200K)->352K(512K)
[143.735s][info][gc,heap        ] GC(133) ParOldGen: 135762K(187392K)->144089K(187392K)
[143.735s][info][gc,metaspace   ] GC(133) Metaspace: 41785K(42176K)->41785K(42176K) NonClass: 37446K(37696K)->37446K(37696K) Class: 4339K(4480K)->4339K(4480K)
[143.735s][info][gc             ] GC(133) Pause Young (Allocation Failure) 372M->141M(412M) 5.763ms
[143.735s][info][gc,cpu         ] GC(133) User=0.01s Sys=0.00s Real=0.01s
[145.063s][info][gc,start       ] GC(134) Pause Young (Allocation Failure)
[145.084s][info][gc,heap        ] GC(134) PSYoungGen: 234336K(234496K)->21089K(283136K) Eden: 233984K(233984K)->0K(235008K) From: 352K(512K)->21089K(48128K)
[145.084s][info][gc,heap        ] GC(134) ParOldGen: 144089K(187392K)->144333K(187392K)
[145.084s][info][gc,metaspace   ] GC(134) Metaspace: 41785K(42176K)->41785K(42176K) NonClass: 37446K(37696K)->37446K(37696K) Class: 4339K(4480K)->4339K(4480K)
[145.084s][info][gc             ] GC(134) Pause Young (Allocation Failure) 369M->161M(459M) 20.893ms
[145.084s][info][gc,cpu         ] GC(134) User=0.04s Sys=0.00s Real=0.02s
[146.417s][info][gc,start       ] GC(135) Pause Young (Allocation Failure)
[146.452s][info][gc,heap        ] GC(135) PSYoungGen: 256097K(283136K)->21556K(282112K) Eden: 235008K(235008K)->0K(235008K) From: 21089K(48128K)->21556K(47104K)
[146.452s][info][gc,heap        ] GC(135) ParOldGen: 144333K(187392K)->165592K(187392K)
[146.452s][info][gc,metaspace   ] GC(135) Metaspace: 41785K(42176K)->41785K(42176K) NonClass: 37446K(37696K)->37446K(37696K) Class: 4339K(4480K)->4339K(4480K)
[146.452s][info][gc             ] GC(135) Pause Young (Allocation Failure) 391M->182M(458M) 34.671ms
[146.452s][info][gc,cpu         ] GC(135) User=0.07s Sys=0.00s Real=0.04s
[147.130s][info][gc,start       ] GC(136) Pause Young (Allocation Failure)
[147.173s][info][gc,heap        ] GC(136) PSYoungGen: 256564K(282112K)->34037K(280064K) Eden: 235008K(235008K)->0K(233472K) From: 21556K(47104K)->34037K(46592K)
[147.173s][info][gc,heap        ] GC(136) ParOldGen: 165592K(187392K)->187201K(187392K)
[147.173s][info][gc,metaspace   ] GC(136) Metaspace: 41785K(42176K)->41785K(42176K) NonClass: 37446K(37696K)->37446K(37696K) Class: 4339K(4480K)->4339K(4480K)
[147.173s][info][gc             ] GC(136) Pause Young (Allocation Failure) 412M->216M(456M) 43.473ms
[147.173s][info][gc,cpu         ] GC(136) User=0.09s Sys=0.00s Real=0.05s
[147.682s][info][gc,start       ] GC(137) Pause Young (Allocation Failure)
[147.749s][info][gc,heap        ] GC(137) PSYoungGen: 267509K(280064K)->29048K(262656K) Eden: 233472K(233472K)->0K(233472K) From: 34037K(46592K)->29048K(29184K)
[147.749s][info][gc,heap        ] GC(137) ParOldGen: 187201K(187392K)->220574K(220672K)
[147.749s][info][gc,metaspace   ] GC(137) Metaspace: 41785K(42176K)->41785K(42176K) NonClass: 37446K(37696K)->37446K(37696K) Class: 4339K(4480K)->4339K(4480K)
[147.749s][info][gc             ] GC(137) Pause Young (Allocation Failure) 444M->243M(472M) 67.499ms
[147.749s][info][gc,cpu         ] GC(137) User=0.12s Sys=0.02s Real=0.06s
[148.292s][info][gc,start       ] GC(138) Pause Young (Allocation Failure)
[148.354s][info][gc,heap        ] GC(138) PSYoungGen: 262520K(262656K)->29648K(281600K) Eden: 233472K(233472K)->0K(230400K) From: 29048K(29184K)->29648K(51200K)
[148.354s][info][gc,heap        ] GC(138) ParOldGen: 220574K(220672K)->247910K(248320K)
[148.354s][info][gc,metaspace   ] GC(138) Metaspace: 41785K(42176K)->41785K(42176K) NonClass: 37446K(37696K)->37446K(37696K) Class: 4339K(4480K)->4339K(4480K)
[148.354s][info][gc             ] GC(138) Pause Young (Allocation Failure) 471M->271M(517M) 61.782ms
[148.354s][info][gc,cpu         ] GC(138) User=0.10s Sys=0.02s Real=0.06s
[149.825s][info][gc,start       ] GC(139) Pause Young (Allocation Failure)
[149.866s][info][gc,heap        ] GC(139) PSYoungGen: 260048K(281600K)->8608K(239104K) Eden: 230400K(230400K)->0K(230400K) From: 29648K(51200K)->8608K(8704K)
[149.866s][info][gc,heap        ] GC(139) ParOldGen: 247910K(248320K)->277751K(278016K)
[149.866s][info][gc,metaspace   ] GC(139) Metaspace: 41785K(42176K)->41785K(42176K) NonClass: 37446K(37696K)->37446K(37696K) Class: 4339K(4480K)->4339K(4480K)
[149.866s][info][gc             ] GC(139) Pause Young (Allocation Failure) 496M->279M(505M) 40.909ms
[149.866s][info][gc,cpu         ] GC(139) User=0.06s Sys=0.03s Real=0.04s
[150.941s][info][gc,start       ] GC(140) Pause Young (Allocation Failure)
[150.954s][info][gc,heap        ] GC(140) PSYoungGen: 239008K(239104K)->4625K(282112K) Eden: 230400K(230400K)->0K(231424K) From: 8608K(8704K)->4625K(50688K)
[150.954s][info][gc,heap        ] GC(140) ParOldGen: 277751K(278016K)->285623K(285696K)
[150.954s][info][gc,metaspace   ] GC(140) Metaspace: 41786K(42176K)->41786K(42176K) NonClass: 37446K(37696K)->37446K(37696K) Class: 4339K(4480K)->4339K(4480K)
[150.954s][info][gc             ] GC(140) Pause Young (Allocation Failure) 504M->283M(554M) 13.191ms
[150.954s][info][gc,cpu         ] GC(140) User=0.02s Sys=0.01s Real=0.01s
[152.181s][info][gc,start       ] GC(141) Pause Young (Allocation Failure)
[152.209s][info][gc,heap        ] GC(141) PSYoungGen: 236049K(282112K)->25460K(281600K) Eden: 231424K(231424K)->0K(231424K) From: 4625K(50688K)->25460K(50176K)
[152.209s][info][gc,heap        ] GC(141) ParOldGen: 285623K(285696K)->290193K(290304K)
[152.209s][info][gc,metaspace   ] GC(141) Metaspace: 41787K(42176K)->41787K(42176K) NonClass: 37447K(37696K)->37447K(37696K) Class: 4339K(4480K)->4339K(4480K)
[152.209s][info][gc             ] GC(141) Pause Young (Allocation Failure) 509M->308M(558M) 27.640ms
[152.209s][info][gc,cpu         ] GC(141) User=0.05s Sys=0.01s Real=0.02s
[153.514s][info][gc,start       ] GC(142) Pause Young (Allocation Failure)
[153.563s][info][gc,heap        ] GC(142) PSYoungGen: 256884K(281600K)->22337K(281600K) Eden: 231424K(231424K)->0K(233984K) From: 25460K(50176K)->22337K(47616K)
[153.563s][info][gc,heap        ] GC(142) ParOldGen: 290193K(290304K)->315770K(315904K)
[153.563s][info][gc,metaspace   ] GC(142) Metaspace: 41787K(42176K)->41787K(42176K) NonClass: 37447K(37696K)->37447K(37696K) Class: 4339K(4480K)->4339K(4480K)
[153.563s][info][gc             ] GC(142) Pause Young (Allocation Failure) 534M->330M(583M) 49.211ms
[153.563s][info][gc,cpu         ] GC(142) User=0.08s Sys=0.01s Real=0.05s
[154.649s][info][gc,start       ] GC(143) Pause Young (Allocation Failure)
[154.690s][info][gc,heap        ] GC(143) PSYoungGen: 256321K(281600K)->17371K(282112K) Eden: 233984K(233984K)->0K(233984K) From: 22337K(47616K)->17371K(48128K)
[154.690s][info][gc,heap        ] GC(143) ParOldGen: 315770K(315904K)->338184K(338432K)
[154.690s][info][gc,metaspace   ] GC(143) Metaspace: 41799K(42176K)->41799K(42176K) NonClass: 37459K(37696K)->37459K(37696K) Class: 4339K(4480K)->4339K(4480K)
[154.690s][info][gc             ] GC(143) Pause Young (Allocation Failure) 558M->347M(606M) 41.529ms
[154.690s][info][gc,cpu         ] GC(143) User=0.07s Sys=0.02s Real=0.05s
[155.534s][info][gc,start       ] GC(144) Pause Young (Allocation Failure)
[155.563s][info][gc,heap        ] GC(144) PSYoungGen: 251355K(282112K)->12653K(283648K) Eden: 233984K(233984K)->0K(240128K) From: 17371K(48128K)->12653K(43520K)
[155.563s][info][gc,heap        ] GC(144) ParOldGen: 338184K(338432K)->355631K(355840K)
[155.563s][info][gc,metaspace   ] GC(144) Metaspace: 41804K(42176K)->41804K(42176K) NonClass: 37465K(37696K)->37465K(37696K) Class: 4339K(4480K)->4339K(4480K)
[155.563s][info][gc             ] GC(144) Pause Young (Allocation Failure) 575M->359M(624M) 29.141ms
[155.563s][info][gc,cpu         ] GC(144) User=0.05s Sys=0.01s Real=0.03s
[156.463s][info][gc,start       ] GC(145) Pause Young (Allocation Failure)
[156.495s][info][gc,heap        ] GC(145) PSYoungGen: 252781K(283648K)->19860K(283648K) Eden: 240128K(240128K)->0K(240128K) From: 12653K(43520K)->19860K(43520K)
[156.495s][info][gc,heap        ] GC(145) ParOldGen: 355631K(355840K)->356331K(356352K)
[156.495s][info][gc,metaspace   ] GC(145) Metaspace: 41806K(42176K)->41806K(42176K) NonClass: 37466K(37696K)->37466K(37696K) Class: 4339K(4480K)->4339K(4480K)
[156.495s][info][gc             ] GC(145) Pause Young (Allocation Failure) 594M->367M(625M) 31.964ms
[156.495s][info][gc,cpu         ] GC(145) User=0.03s Sys=0.00s Real=0.03s
[157.402s][info][gc,start       ] GC(146) Pause Young (Allocation Failure)
[157.409s][info][gc,heap        ] GC(146) PSYoungGen: 259988K(283648K)->4542K(288768K) Eden: 240128K(240128K)->0K(246784K) From: 19860K(43520K)->4542K(41984K)
[157.409s][info][gc,heap        ] GC(146) ParOldGen: 356331K(356352K)->357363K(357376K)
[157.409s][info][gc,metaspace   ] GC(146) Metaspace: 41810K(42176K)->41810K(42176K) NonClass: 37470K(37696K)->37470K(37696K) Class: 4339K(4480K)->4339K(4480K)
[157.409s][info][gc             ] GC(146) Pause Young (Allocation Failure) 601M->353M(631M) 6.700ms
[157.409s][info][gc,cpu         ] GC(146) User=0.01s Sys=0.00s Real=0.00s
[158.523s][info][gc,start       ] GC(147) Pause Young (Allocation Failure)
[158.527s][info][gc,heap        ] GC(147) PSYoungGen: 251326K(288768K)->1296K(288768K) Eden: 246784K(246784K)->0K(246784K) From: 4542K(41984K)->1296K(41984K)
[158.527s][info][gc,heap        ] GC(147) ParOldGen: 357363K(357376K)->358523K(358912K)
[158.527s][info][gc,metaspace   ] GC(147) Metaspace: 41810K(42176K)->41810K(42176K) NonClass: 37471K(37696K)->37471K(37696K) Class: 4339K(4480K)->4339K(4480K)
[158.527s][info][gc             ] GC(147) Pause Young (Allocation Failure) 594M->351M(632M) 4.278ms
[158.527s][info][gc,cpu         ] GC(147) User=0.01s Sys=0.00s Real=0.00s
[159.478s][info][gc,start       ] GC(148) Pause Young (Allocation Failure)
[159.521s][info][gc,heap        ] GC(148) PSYoungGen: 248080K(288768K)->24719K(289792K) Eden: 246784K(246784K)->0K(247808K) From: 1296K(41984K)->24719K(41984K)
[159.521s][info][gc,heap        ] GC(148) ParOldGen: 358523K(358912K)->359675K(359936K)
[159.521s][info][gc,metaspace   ] GC(148) Metaspace: 41812K(42176K)->41812K(42176K) NonClass: 37472K(37696K)->37472K(37696K) Class: 4339K(4480K)->4339K(4480K)
[159.522s][info][gc             ] GC(148) Pause Young (Allocation Failure) 592M->375M(634M) 43.835ms
[159.522s][info][gc,cpu         ] GC(148) User=0.04s Sys=0.00s Real=0.05s
[160.498s][info][gc,start       ] GC(149) Pause Young (Allocation Failure)
[160.508s][info][gc,heap        ] GC(149) PSYoungGen: 272527K(289792K)->11106K(259072K) Eden: 247808K(247808K)->0K(247808K) From: 24719K(41984K)->11106K(11264K)
[160.508s][info][gc,heap        ] GC(149) ParOldGen: 359675K(359936K)->360411K(360448K)
[160.508s][info][gc,metaspace   ] GC(149) Metaspace: 41812K(42176K)->41812K(42176K) NonClass: 37472K(37696K)->37472K(37696K) Class: 4339K(4480K)->4339K(4480K)
[160.508s][info][gc             ] GC(149) Pause Young (Allocation Failure) 617M->362M(605M) 9.743ms
[160.508s][info][gc,cpu         ] GC(149) User=0.02s Sys=0.00s Real=0.01s
[161.590s][info][gc,start       ] GC(150) Pause Young (Allocation Failure)
[161.598s][info][gc,heap        ] GC(150) PSYoungGen: 258914K(259072K)->8405K(290816K) Eden: 247808K(247808K)->0K(249856K) From: 11106K(11264K)->8405K(40960K)
[161.598s][info][gc,heap        ] GC(150) ParOldGen: 360411K(360448K)->361563K(361984K)
[161.598s][info][gc,metaspace   ] GC(150) Metaspace: 41812K(42176K)->41812K(42176K) NonClass: 37472K(37696K)->37472K(37696K) Class: 4339K(4480K)->4339K(4480K)
[161.598s][info][gc             ] GC(150) Pause Young (Allocation Failure) 604M->361M(637M) 8.113ms
[161.598s][info][gc,cpu         ] GC(150) User=0.02s Sys=0.00s Real=0.01s
[162.528s][info][gc,start       ] GC(151) Pause Young (Allocation Failure)
[162.542s][info][gc,heap        ] GC(151) PSYoungGen: 258261K(290816K)->8604K(289792K) Eden: 249856K(249856K)->0K(249856K) From: 8405K(40960K)->8604K(39936K)
[162.542s][info][gc,heap        ] GC(151) ParOldGen: 361563K(361984K)->362467K(362496K)
[162.542s][info][gc,metaspace   ] GC(151) Metaspace: 41812K(42176K)->41812K(42176K) NonClass: 37472K(37696K)->37472K(37696K) Class: 4339K(4480K)->4339K(4480K)
[162.542s][info][gc             ] GC(151) Pause Young (Allocation Failure) 605M->362M(637M) 13.260ms
[162.542s][info][gc,cpu         ] GC(151) User=0.02s Sys=0.01s Real=0.02s
[163.438s][info][gc,start       ] GC(152) Pause Young (Allocation Failure)
[163.446s][info][gc,heap        ] GC(152) PSYoungGen: 258460K(289792K)->7164K(292352K) Eden: 249856K(249856K)->0K(253952K) From: 8604K(39936K)->7164K(38400K)
[163.446s][info][gc,heap        ] GC(152) ParOldGen: 362467K(362496K)->363555K(364032K)
[163.446s][info][gc,metaspace   ] GC(152) Metaspace: 41812K(42176K)->41812K(42176K) NonClass: 37472K(37696K)->37472K(37696K) Class: 4339K(4480K)->4339K(4480K)
[163.446s][info][gc             ] GC(152) Pause Young (Allocation Failure) 606M->362M(641M) 7.802ms
[163.446s][info][gc,cpu         ] GC(152) User=0.02s Sys=0.00s Real=0.01s
[164.257s][info][gc,start       ] GC(153) Pause Young (Allocation Failure)
[164.296s][info][gc,heap        ] GC(153) PSYoungGen: 261116K(292352K)->37344K(291328K) Eden: 253952K(253952K)->0K(253952K) From: 7164K(38400K)->37344K(37376K)
[164.296s][info][gc,heap        ] GC(153) ParOldGen: 363555K(364032K)->368710K(369152K)
[164.296s][info][gc,metaspace   ] GC(153) Metaspace: 41813K(42176K)->41813K(42176K) NonClass: 37474K(37696K)->37474K(37696K) Class: 4339K(4480K)->4339K(4480K)
[164.296s][info][gc             ] GC(153) Pause Young (Allocation Failure) 610M->396M(645M) 38.730ms
[164.296s][info][gc,cpu         ] GC(153) User=0.07s Sys=0.00s Real=0.04s
[165.494s][info][gc,start       ] GC(154) Pause Young (Allocation Failure)
[165.529s][info][gc,heap        ] GC(154) PSYoungGen: 291296K(291328K)->17730K(290304K) Eden: 253952K(253952K)->0K(247808K) From: 37344K(37376K)->17730K(42496K)
[165.529s][info][gc,heap        ] GC(154) ParOldGen: 368710K(369152K)->382195K(382464K)
[165.529s][info][gc,metaspace   ] GC(154) Metaspace: 41814K(42176K)->41814K(42176K) NonClass: 37474K(37696K)->37474K(37696K) Class: 4339K(4480K)->4339K(4480K)
[165.529s][info][gc             ] GC(154) Pause Young (Allocation Failure) 644M->390M(657M) 35.894ms
[165.530s][info][gc,cpu         ] GC(154) User=0.06s Sys=0.01s Real=0.03s
[166.394s][info][gc,start       ] GC(155) Pause Young (Allocation Failure)
[166.423s][info][gc,heap        ] GC(155) PSYoungGen: 265538K(290304K)->5651K(290816K) Eden: 247808K(247808K)->0K(247808K) From: 17730K(42496K)->5651K(43008K)
[166.423s][info][gc,heap        ] GC(155) ParOldGen: 382195K(382464K)->397672K(397824K)
[166.423s][info][gc,metaspace   ] GC(155) Metaspace: 41815K(42176K)->41815K(42176K) NonClass: 37475K(37696K)->37475K(37696K) Class: 4339K(4480K)->4339K(4480K)
[166.423s][info][gc             ] GC(155) Pause Young (Allocation Failure) 632M->393M(672M) 28.675ms
[166.423s][info][gc,cpu         ] GC(155) User=0.05s Sys=0.01s Real=0.03s
[167.139s][info][gc,start       ] GC(156) Pause Young (Allocation Failure)
[167.153s][info][gc,heap        ] GC(156) PSYoungGen: 253459K(290816K)->16689K(285696K) Eden: 247808K(247808K)->0K(248320K) From: 5651K(43008K)->16689K(37376K)
[167.153s][info][gc,heap        ] GC(156) ParOldGen: 397672K(397824K)->398544K(398848K)
[167.153s][info][gc,metaspace   ] GC(156) Metaspace: 41823K(42176K)->41823K(42176K) NonClass: 37483K(37696K)->37483K(37696K) Class: 4339K(4480K)->4339K(4480K)
[167.153s][info][gc             ] GC(156) Pause Young (Allocation Failure) 635M->405M(668M) 13.318ms
[167.153s][info][gc,cpu         ] GC(156) User=0.03s Sys=0.00s Real=0.02s
[167.892s][info][gc,start       ] GC(157) Pause Young (Allocation Failure)
[167.905s][info][gc,heap        ] GC(157) PSYoungGen: 265009K(285696K)->3525K(288256K) Eden: 248320K(248320K)->0K(248320K) From: 16689K(37376K)->3525K(39936K)
[167.905s][info][gc,heap        ] GC(157) ParOldGen: 398544K(398848K)->408337K(408576K)
[167.905s][info][gc,metaspace   ] GC(157) Metaspace: 41829K(42240K)->41829K(42240K) NonClass: 37489K(37760K)->37489K(37760K) Class: 4340K(4480K)->4340K(4480K)
[167.905s][info][gc             ] GC(157) Pause Young (Allocation Failure) 648M->402M(680M) 13.758ms
[167.905s][info][gc,cpu         ] GC(157) User=0.02s Sys=0.01s Real=0.01s
[168.721s][info][gc,start       ] GC(158) Pause Young (Allocation Failure)
[168.747s][info][gc,heap        ] GC(158) PSYoungGen: 251845K(288256K)->39932K(279552K) Eden: 248320K(248320K)->0K(239616K) From: 3525K(39936K)->39932K(39936K)
[168.747s][info][gc,heap        ] GC(158) ParOldGen: 408337K(408576K)->409272K(409600K)
[168.747s][info][gc,metaspace   ] GC(158) Metaspace: 41830K(42240K)->41830K(42240K) NonClass: 37490K(37760K)->37490K(37760K) Class: 4340K(4480K)->4340K(4480K)
[168.747s][info][gc             ] GC(158) Pause Young (Allocation Failure) 644M->438M(673M) 25.967ms
[168.747s][info][gc,cpu         ] GC(158) User=0.04s Sys=0.01s Real=0.02s
[169.500s][info][gc,start       ] GC(159) Pause Young (Allocation Failure)
[169.572s][info][gc,heap        ] GC(159) PSYoungGen: 279548K(279552K)->47087K(286720K) Eden: 239616K(239616K)->0K(239616K) From: 39932K(39936K)->47087K(47104K)
[169.572s][info][gc,heap        ] GC(159) ParOldGen: 409272K(409600K)->457526K(457728K)
[169.572s][info][gc,metaspace   ] GC(159) Metaspace: 41831K(42240K)->41831K(42240K) NonClass: 37490K(37760K)->37490K(37760K) Class: 4340K(4480K)->4340K(4480K)
[169.572s][info][gc             ] GC(159) Pause Young (Allocation Failure) 672M->492M(727M) 72.243ms
[169.572s][info][gc,cpu         ] GC(159) User=0.12s Sys=0.02s Real=0.08s
[170.382s][info][gc,start       ] GC(160) Pause Young (Allocation Failure)
[170.526s][info][gc,heap        ] GC(160) PSYoungGen: 286703K(286720K)->47097K(158720K) Eden: 239616K(239616K)->0K(111616K) From: 47087K(47104K)->47097K(47104K)
[170.526s][info][gc,heap        ] GC(160) ParOldGen: 457526K(457728K)->569871K(570368K)
[170.526s][info][gc,metaspace   ] GC(160) Metaspace: 41831K(42240K)->41831K(42240K) NonClass: 37490K(37760K)->37490K(37760K) Class: 4340K(4480K)->4340K(4480K)
[170.526s][info][gc             ] GC(160) Pause Young (Allocation Failure) 726M->602M(712M) 143.276ms
[170.526s][info][gc,cpu         ] GC(160) User=0.19s Sys=0.09s Real=0.14s
[170.903s][info][gc,start       ] GC(161) Pause Young (Allocation Failure)
[170.982s][info][gc,heap        ] GC(161) PSYoungGen: 158713K(158720K)->63768K(222720K) Eden: 111616K(111616K)->0K(111616K) From: 47097K(47104K)->63768K(111104K)
[170.982s][info][gc,heap        ] GC(161) ParOldGen: 569871K(570368K)->602552K(602624K)
[170.982s][info][gc,metaspace   ] GC(161) Metaspace: 41831K(42240K)->41831K(42240K) NonClass: 37490K(37760K)->37490K(37760K) Class: 4340K(4480K)->4340K(4480K)
[170.982s][info][gc             ] GC(161) Pause Young (Allocation Failure) 711M->650M(806M) 79.313ms
[170.983s][info][gc,cpu         ] GC(161) User=0.13s Sys=0.03s Real=0.08s
[171.343s][info][gc,start       ] GC(162) Pause Full (Allocation Failure)
[171.343s][info][gc,phases,start] GC(162) Marking Phase
[171.407s][info][gc,phases      ] GC(162) Marking Phase 63.783ms
[171.407s][info][gc,phases,start] GC(162) Summary Phase
[171.407s][info][gc,phases      ] GC(162) Summary Phase 0.025ms
[171.407s][info][gc,phases,start] GC(162) Forward
[171.417s][info][gc,phases      ] GC(162) Forward 9.958ms
[171.417s][info][gc,phases,start] GC(162) Adjust Pointers
[171.451s][info][gc,phases      ] GC(162) Adjust Pointers 34.018ms
[171.451s][info][gc,phases,start] GC(162) Compaction Phase
[171.464s][info][gc,phases      ] GC(162) Compaction Phase 13.052ms
[171.465s][info][gc,phases,start] GC(162) Post Compact
[171.467s][info][gc,phases      ] GC(162) Post Compact 2.587ms
[171.495s][info][gc,heap        ] GC(162) PSYoungGen: 175384K(222720K)->0K(222720K) Eden: 111616K(111616K)->0K(111616K) From: 63768K(111104K)->0K(111104K)
[171.495s][info][gc,heap        ] GC(162) ParOldGen: 602552K(602624K)->79600K(227840K)
[171.495s][info][gc,metaspace   ] GC(162) Metaspace: 41831K(42240K)->41831K(42240K) NonClass: 37490K(37760K)->37490K(37760K) Class: 4340K(4480K)->4340K(4480K)
[171.495s][info][gc             ] GC(162) Pause Full (Allocation Failure) 759M->77M(440M) 152.069ms
[171.496s][info][gc,cpu         ] GC(162) User=0.19s Sys=0.03s Real=0.15s
[171.860s][info][gc,start       ] GC(163) Pause Young (Allocation Failure)
[171.870s][info][gc,heap        ] GC(163) PSYoungGen: 111616K(222720K)->9401K(222720K) Eden: 111616K(111616K)->0K(111616K) From: 0K(111104K)->9401K(111104K)
[171.870s][info][gc,heap        ] GC(163) ParOldGen: 79600K(227840K)->79600K(227840K)
[171.870s][info][gc,metaspace   ] GC(163) Metaspace: 41832K(42240K)->41832K(42240K) NonClass: 37492K(37760K)->37492K(37760K) Class: 4340K(4480K)->4340K(4480K)
[171.870s][info][gc             ] GC(163) Pause Young (Allocation Failure) 186M->86M(440M) 9.513ms
[171.870s][info][gc,cpu         ] GC(163) User=0.01s Sys=0.00s Real=0.00s
[172.230s][info][gc,start       ] GC(164) Pause Young (Allocation Failure)
[172.254s][info][gc,heap        ] GC(164) PSYoungGen: 121017K(222720K)->37731K(218624K) Eden: 111616K(111616K)->0K(111616K) From: 9401K(111104K)->37731K(107008K)
[172.254s][info][gc,heap        ] GC(164) ParOldGen: 79600K(227840K)->83177K(227840K)
[172.254s][info][gc,metaspace   ] GC(164) Metaspace: 41833K(42240K)->41833K(42240K) NonClass: 37493K(37760K)->37493K(37760K) Class: 4340K(4480K)->4340K(4480K)
[172.254s][info][gc             ] GC(164) Pause Young (Allocation Failure) 195M->118M(436M) 24.795ms
[172.254s][info][gc,cpu         ] GC(164) User=0.05s Sys=0.00s Real=0.03s
[172.657s][info][gc,start       ] GC(165) Pause Young (Allocation Failure)
[172.671s][info][gc,heap        ] GC(165) PSYoungGen: 149347K(218624K)->22252K(220672K) Eden: 111616K(111616K)->0K(111616K) From: 37731K(107008K)->22252K(109056K)
[172.671s][info][gc,heap        ] GC(165) ParOldGen: 83177K(227840K)->83647K(227840K)
[172.671s][info][gc,metaspace   ] GC(165) Metaspace: 41833K(42240K)->41833K(42240K) NonClass: 37493K(37760K)->37493K(37760K) Class: 4340K(4480K)->4340K(4480K)
[172.671s][info][gc             ] GC(165) Pause Young (Allocation Failure) 227M->103M(438M) 14.170ms
[172.671s][info][gc,cpu         ] GC(165) User=0.03s Sys=0.00s Real=0.02s
[173.038s][info][gc,start       ] GC(166) Pause Young (Allocation Failure)
[173.041s][info][gc,heap        ] GC(166) PSYoungGen: 133868K(220672K)->1067K(222720K) Eden: 111616K(111616K)->0K(118272K) From: 22252K(109056K)->1067K(104448K)
[173.041s][info][gc,heap        ] GC(166) ParOldGen: 83647K(227840K)->84240K(227840K)
[173.041s][info][gc,metaspace   ] GC(166) Metaspace: 41833K(42240K)->41833K(42240K) NonClass: 37493K(37760K)->37493K(37760K) Class: 4340K(4480K)->4340K(4480K)
[173.041s][info][gc             ] GC(166) Pause Young (Allocation Failure) 212M->83M(440M) 2.109ms
[173.041s][info][gc,cpu         ] GC(166) User=0.01s Sys=0.00s Real=0.01s
[173.401s][info][gc,start       ] GC(167) Pause Young (Allocation Failure)
[173.403s][info][gc,heap        ] GC(167) PSYoungGen: 119339K(222720K)->2251K(222208K) Eden: 118272K(118272K)->0K(118272K) From: 1067K(104448K)->2251K(103936K)
[173.403s][info][gc,heap        ] GC(167) ParOldGen: 84240K(227840K)->84789K(227840K)
[173.403s][info][gc,metaspace   ] GC(167) Metaspace: 41833K(42240K)->41833K(42240K) NonClass: 37493K(37760K)->37493K(37760K) Class: 4340K(4480K)->4340K(4480K)
[173.403s][info][gc             ] GC(167) Pause Young (Allocation Failure) 198M->85M(439M) 2.594ms
[173.403s][info][gc,cpu         ] GC(167) User=0.00s Sys=0.00s Real=0.00s
[173.782s][info][gc,start       ] GC(168) Pause Young (Allocation Failure)
[173.786s][info][gc,heap        ] GC(168) PSYoungGen: 120523K(222208K)->3992K(226304K) Eden: 118272K(118272K)->0K(128000K) From: 2251K(103936K)->3992K(98304K)
[173.786s][info][gc,heap        ] GC(168) ParOldGen: 84789K(227840K)->85080K(227840K)
[173.786s][info][gc,metaspace   ] GC(168) Metaspace: 41833K(42240K)->41833K(42240K) NonClass: 37493K(37760K)->37493K(37760K) Class: 4340K(4480K)->4340K(4480K)
[173.786s][info][gc             ] GC(168) Pause Young (Allocation Failure) 200M->86M(443M) 3.684ms
[173.786s][info][gc,cpu         ] GC(168) User=0.00s Sys=0.00s Real=0.00s
[174.181s][info][gc,start       ] GC(169) Pause Young (Allocation Failure)
[174.201s][info][gc,heap        ] GC(169) PSYoungGen: 131992K(226304K)->35680K(226816K) Eden: 128000K(128000K)->0K(128000K) From: 3992K(98304K)->35680K(98816K)
[174.201s][info][gc,heap        ] GC(169) ParOldGen: 85080K(227840K)->85380K(227840K)
[174.201s][info][gc,metaspace   ] GC(169) Metaspace: 41833K(42240K)->41833K(42240K) NonClass: 37493K(37760K)->37493K(37760K) Class: 4340K(4480K)->4340K(4480K)
[174.201s][info][gc             ] GC(169) Pause Young (Allocation Failure) 211M->118M(444M) 20.253ms
[174.201s][info][gc,cpu         ] GC(169) User=0.04s Sys=0.00s Real=0.02s
[174.592s][info][gc,start       ] GC(170) Pause Young (Allocation Failure)
[174.595s][info][gc,heap        ] GC(170) PSYoungGen: 163680K(226816K)->2708K(232448K) Eden: 128000K(128000K)->0K(139264K) From: 35680K(98816K)->2708K(93184K)
[174.595s][info][gc,heap        ] GC(170) ParOldGen: 85380K(227840K)->85723K(227840K)
[174.595s][info][gc,metaspace   ] GC(170) Metaspace: 41833K(42240K)->41833K(42240K) NonClass: 37493K(37760K)->37493K(37760K) Class: 4340K(4480K)->4340K(4480K)
[174.595s][info][gc             ] GC(170) Pause Young (Allocation Failure) 243M->86M(449M) 2.821ms
[174.595s][info][gc,cpu         ] GC(170) User=0.01s Sys=0.00s Real=0.00s
[174.988s][info][gc,start       ] GC(171) Pause Young (Allocation Failure)
[175.001s][info][gc,heap        ] GC(171) PSYoungGen: 141972K(232448K)->21568K(231936K) Eden: 139264K(139264K)->0K(139264K) From: 2708K(93184K)->21568K(92672K)
[175.001s][info][gc,heap        ] GC(171) ParOldGen: 85723K(227840K)->85944K(227840K)
[175.001s][info][gc,metaspace   ] GC(171) Metaspace: 41834K(42240K)->41834K(42240K) NonClass: 37494K(37760K)->37494K(37760K) Class: 4340K(4480K)->4340K(4480K)
[175.001s][info][gc             ] GC(171) Pause Young (Allocation Failure) 222M->104M(449M) 12.824ms
[175.001s][info][gc,cpu         ] GC(171) User=0.02s Sys=0.00s Real=0.02s
[175.382s][info][gc,start       ] GC(172) Pause Young (Allocation Failure)
[175.393s][info][gc,heap        ] GC(172) PSYoungGen: 160832K(231936K)->1592K(236544K) Eden: 139264K(139264K)->0K(150016K) From: 21568K(92672K)->1592K(86528K)
[175.393s][info][gc,heap        ] GC(172) ParOldGen: 85944K(227840K)->106594K(227840K)
[175.393s][info][gc,metaspace   ] GC(172) Metaspace: 41834K(42240K)->41834K(42240K) NonClass: 37494K(37760K)->37494K(37760K) Class: 4340K(4480K)->4340K(4480K)
[175.393s][info][gc             ] GC(172) Pause Young (Allocation Failure) 240M->105M(453M) 11.332ms
[175.393s][info][gc,cpu         ] GC(172) User=0.02s Sys=0.00s Real=0.01s
[175.821s][info][gc,start       ] GC(173) Pause Young (Allocation Failure)
[175.823s][info][gc,heap        ] GC(173) PSYoungGen: 151608K(236544K)->1004K(234496K) Eden: 150016K(150016K)->0K(150016K) From: 1592K(86528K)->1004K(84480K)
[175.823s][info][gc,heap        ] GC(173) ParOldGen: 106594K(227840K)->106675K(227840K)
[175.823s][info][gc,metaspace   ] GC(173) Metaspace: 41834K(42240K)->41834K(42240K) NonClass: 37494K(37760K)->37494K(37760K) Class: 4340K(4480K)->4340K(4480K)
[175.823s][info][gc             ] GC(173) Pause Young (Allocation Failure) 252M->105M(451M) 1.853ms
[175.823s][info][gc,cpu         ] GC(173) User=0.00s Sys=0.00s Real=0.00s
[176.233s][info][gc,start       ] GC(174) Pause Young (Allocation Failure)
[176.236s][info][gc,heap        ] GC(174) PSYoungGen: 150991K(234496K)->2805K(246272K) Eden: 149986K(150016K)->0K(165888K) From: 1004K(84480K)->2805K(80384K)
[176.236s][info][gc,heap        ] GC(174) ParOldGen: 106675K(227840K)->107059K(227840K)
[176.236s][info][gc,metaspace   ] GC(174) Metaspace: 41840K(42240K)->41840K(42240K) NonClass: 37500K(37760K)->37500K(37760K) Class: 4340K(4480K)->4340K(4480K)
[176.236s][info][gc             ] GC(174) Pause Young (Allocation Failure) 251M->107M(463M) 3.263ms
[176.236s][info][gc,cpu         ] GC(174) User=0.00s Sys=0.00s Real=0.00s
[176.502s][info][gc,start       ] GC(175) Pause Young (Allocation Failure)
[176.505s][info][gc,heap        ] GC(175) PSYoungGen: 168693K(246272K)->1454K(244736K) Eden: 165888K(165888K)->0K(165888K) From: 2805K(80384K)->1454K(78848K)
[176.505s][info][gc,heap        ] GC(175) ParOldGen: 107059K(227840K)->108914K(227840K)
[176.505s][info][gc,metaspace   ] GC(175) Metaspace: 41840K(42240K)->41840K(42240K) NonClass: 37500K(37760K)->37500K(37760K) Class: 4340K(4480K)->4340K(4480K)
[176.505s][info][gc             ] GC(175) Pause Young (Allocation Failure) 269M->107M(461M) 2.942ms
[176.505s][info][gc,cpu         ] GC(175) User=0.00s Sys=0.00s Real=0.00s
[176.768s][info][gc,start       ] GC(176) Pause Young (Allocation Failure)
[176.771s][info][gc,heap        ] GC(176) PSYoungGen: 167342K(244736K)->3278K(251392K) Eden: 165888K(165888K)->0K(178176K) From: 1454K(78848K)->3278K(73216K)
[176.771s][info][gc,heap        ] GC(176) ParOldGen: 108914K(227840K)->109002K(227840K)
[176.771s][info][gc,metaspace   ] GC(176) Metaspace: 41840K(42240K)->41840K(42240K) NonClass: 37500K(37760K)->37500K(37760K) Class: 4340K(4480K)->4340K(4480K)
[176.772s][info][gc             ] GC(176) Pause Young (Allocation Failure) 269M->109M(468M) 3.260ms
[176.772s][info][gc,cpu         ] GC(176) User=0.01s Sys=0.00s Real=0.01s
[177.094s][info][gc,start       ] GC(177) Pause Young (Allocation Failure)
[177.100s][info][gc,heap        ] GC(177) PSYoungGen: 181454K(251392K)->10069K(250368K) Eden: 178176K(178176K)->0K(178176K) From: 3278K(73216K)->10069K(72192K)
[177.100s][info][gc,heap        ] GC(177) ParOldGen: 109002K(227840K)->109246K(227840K)
[177.100s][info][gc,metaspace   ] GC(177) Metaspace: 41875K(42240K)->41875K(42240K) NonClass: 37535K(37760K)->37535K(37760K) Class: 4340K(4480K)->4340K(4480K)
[177.100s][info][gc             ] GC(177) Pause Young (Allocation Failure) 283M->116M(467M) 6.790ms
[177.100s][info][gc,cpu         ] GC(177) User=0.01s Sys=0.00s Real=0.01s
[177.304s][info][gc,start       ] GC(178) Pause Young (Allocation Failure)
[177.314s][info][gc,heap        ] GC(178) PSYoungGen: 187724K(250368K)->1148K(258560K) Eden: 177654K(178176K)->0K(191488K) From: 10069K(72192K)->1148K(67072K)
[177.314s][info][gc,heap        ] GC(178) ParOldGen: 109246K(227840K)->119143K(227840K)
[177.314s][info][gc,metaspace   ] GC(178) Metaspace: 41875K(42240K)->41875K(42240K) NonClass: 37535K(37760K)->37535K(37760K) Class: 4340K(4480K)->4340K(4480K)
[177.314s][info][gc             ] GC(178) Pause Young (Allocation Failure) 290M->117M(475M) 10.233ms
[177.314s][info][gc,cpu         ] GC(178) User=0.01s Sys=0.00s Real=0.01s
[177.544s][info][gc,start       ] GC(179) Pause Young (Allocation Failure)
[177.548s][info][gc,heap        ] GC(179) PSYoungGen: 191375K(258560K)->1861K(256000K) Eden: 190226K(191488K)->0K(191488K) From: 1148K(67072K)->1861K(64512K)
[177.548s][info][gc,heap        ] GC(179) ParOldGen: 119143K(227840K)->120219K(227840K)
[177.548s][info][gc,metaspace   ] GC(179) Metaspace: 41875K(42240K)->41875K(42240K) NonClass: 37535K(37760K)->37535K(37760K) Class: 4340K(4480K)->4340K(4480K)
[177.548s][info][gc             ] GC(179) Pause Young (Allocation Failure) 303M->119M(472M) 3.825ms
[177.548s][info][gc,cpu         ] GC(179) User=0.01s Sys=0.00s Real=0.00s
[177.783s][info][gc,start       ] GC(180) Pause Young (Allocation Failure)
[177.790s][info][gc,heap        ] GC(180) PSYoungGen: 192193K(256000K)->3276K(266240K) Eden: 190332K(191488K)->0K(205312K) From: 1861K(64512K)->3276K(60928K)
[177.791s][info][gc,heap        ] GC(180) ParOldGen: 120219K(227840K)->122046K(227840K)
[177.791s][info][gc,metaspace   ] GC(180) Metaspace: 41876K(42240K)->41876K(42240K) NonClass: 37535K(37760K)->37535K(37760K) Class: 4340K(4480K)->4340K(4480K)
[177.791s][info][gc             ] GC(180) Pause Young (Allocation Failure) 305M->122M(482M) 7.394ms
[177.791s][info][gc,cpu         ] GC(180) User=0.01s Sys=0.00s Real=0.01s
[178.048s][info][gc,start       ] GC(181) Pause Young (Allocation Failure)
[178.055s][info][gc,heap        ] GC(181) PSYoungGen: 208588K(266240K)->3711K(263680K) Eden: 205312K(205312K)->0K(205312K) From: 3276K(60928K)->3711K(58368K)
[178.055s][info][gc,heap        ] GC(181) ParOldGen: 122046K(227840K)->125315K(227840K)
[178.055s][info][gc,metaspace   ] GC(181) Metaspace: 41877K(42240K)->41877K(42240K) NonClass: 37537K(37760K)->37537K(37760K) Class: 4340K(4480K)->4340K(4480K)
[178.055s][info][gc             ] GC(181) Pause Young (Allocation Failure) 322M->126M(480M) 7.219ms
[178.055s][info][gc,cpu         ] GC(181) User=0.01s Sys=0.00s Real=0.01s
[178.326s][info][gc,start       ] GC(182) Pause Young (Allocation Failure)
[178.336s][info][gc,heap        ] GC(182) PSYoungGen: 209023K(263680K)->6444K(271360K) Eden: 205312K(205312K)->0K(218624K) From: 3711K(58368K)->6444K(52736K)
[178.336s][info][gc,heap        ] GC(182) ParOldGen: 125315K(227840K)->129061K(227840K)
[178.336s][info][gc,metaspace   ] GC(182) Metaspace: 41878K(42240K)->41878K(42240K) NonClass: 37538K(37760K)->37538K(37760K) Class: 4340K(4480K)->4340K(4480K)
[178.336s][info][gc             ] GC(182) Pause Young (Allocation Failure) 326M->132M(487M) 10.434ms
[178.336s][info][gc,cpu         ] GC(182) User=0.02s Sys=0.00s Real=0.01s
[178.617s][info][gc,start       ] GC(183) Pause Young (Allocation Failure)
[178.629s][info][gc,heap        ] GC(183) PSYoungGen: 224860K(271360K)->6965K(269824K) Eden: 218415K(218624K)->0K(218624K) From: 6444K(52736K)->6965K(51200K)
[178.629s][info][gc,heap        ] GC(183) ParOldGen: 129061K(227840K)->135594K(227840K)
[178.629s][info][gc,metaspace   ] GC(183) Metaspace: 41883K(42240K)->41883K(42240K) NonClass: 37542K(37760K)->37542K(37760K) Class: 4341K(4480K)->4341K(4480K)
[178.629s][info][gc             ] GC(183) Pause Young (Allocation Failure) 345M->139M(486M) 11.398ms
[178.629s][info][gc,cpu         ] GC(183) User=0.02s Sys=0.00s Real=0.01s
[178.907s][info][gc,start       ] GC(184) Pause Young (Allocation Failure)
[178.918s][info][gc,heap        ] GC(184) PSYoungGen: 225249K(269824K)->5919K(279552K) Eden: 218284K(218624K)->0K(232960K) From: 6965K(51200K)->5919K(46592K)
[178.918s][info][gc,heap        ] GC(184) ParOldGen: 135594K(227840K)->140763K(227840K)
[178.918s][info][gc,metaspace   ] GC(184) Metaspace: 41883K(42240K)->41883K(42240K) NonClass: 37542K(37760K)->37542K(37760K) Class: 4341K(4480K)->4341K(4480K)
[178.918s][info][gc             ] GC(184) Pause Young (Allocation Failure) 352M->143M(495M) 10.766ms
[178.918s][info][gc,cpu         ] GC(184) User=0.02s Sys=0.00s Real=0.01s
[179.473s][info][gc,start       ] GC(185) Pause Young (Allocation Failure)
[179.494s][info][gc,heap        ] GC(185) PSYoungGen: 238879K(279552K)->11268K(278016K) Eden: 232960K(232960K)->0K(232960K) From: 5919K(46592K)->11268K(45056K)
[179.494s][info][gc,heap        ] GC(185) ParOldGen: 140763K(227840K)->146668K(227840K)
[179.494s][info][gc,metaspace   ] GC(185) Metaspace: 41959K(42368K)->41959K(42368K) NonClass: 37618K(37888K)->37618K(37888K) Class: 4341K(4480K)->4341K(4480K)
[179.494s][info][gc             ] GC(185) Pause Young (Allocation Failure) 370M->154M(494M) 20.941ms
[179.494s][info][gc,cpu         ] GC(185) User=0.04s Sys=0.00s Real=0.02s
[180.020s][info][gc,start       ] GC(186) Pause Young (Allocation Failure)
[180.029s][info][gc,heap        ] GC(186) PSYoungGen: 244228K(278016K)->4277K(286208K) Eden: 232960K(232960K)->0K(244224K) From: 11268K(45056K)->4277K(41984K)
[180.029s][info][gc,heap        ] GC(186) ParOldGen: 146668K(227840K)->155712K(227840K)
[180.029s][info][gc,metaspace   ] GC(186) Metaspace: 41963K(42368K)->41963K(42368K) NonClass: 37622K(37888K)->37622K(37888K) Class: 4341K(4480K)->4341K(4480K)
[180.029s][info][gc             ] GC(186) Pause Young (Allocation Failure) 381M->156M(502M) 9.153ms
[180.029s][info][gc,cpu         ] GC(186) User=0.02s Sys=0.00s Real=0.00s
[180.572s][info][gc,start       ] GC(187) Pause Young (Allocation Failure)
[180.576s][info][gc,heap        ] GC(187) PSYoungGen: 248501K(286208K)->4455K(284160K) Eden: 244224K(244224K)->0K(244224K) From: 4277K(41984K)->4455K(39936K)
[180.576s][info][gc,heap        ] GC(187) ParOldGen: 155712K(227840K)->155720K(227840K)
[180.576s][info][gc,metaspace   ] GC(187) Metaspace: 41969K(42368K)->41969K(42368K) NonClass: 37628K(37888K)->37628K(37888K) Class: 4341K(4480K)->4341K(4480K)
[180.576s][info][gc             ] GC(187) Pause Young (Allocation Failure) 394M->156M(500M) 4.313ms
[180.576s][info][gc,cpu         ] GC(187) User=0.00s Sys=0.00s Real=0.00s
[181.101s][info][gc,start       ] GC(188) Pause Young (Allocation Failure)
[181.105s][info][gc,heap        ] GC(188) PSYoungGen: 248679K(284160K)->4536K(291328K) Eden: 244224K(244224K)->0K(253952K) From: 4455K(39936K)->4536K(37376K)
[181.105s][info][gc,heap        ] GC(188) ParOldGen: 155720K(227840K)->155771K(227840K)
[181.105s][info][gc,metaspace   ] GC(188) Metaspace: 41970K(42368K)->41970K(42368K) NonClass: 37629K(37888K)->37629K(37888K) Class: 4341K(4480K)->4341K(4480K)
[181.105s][info][gc             ] GC(188) Pause Young (Allocation Failure) 394M->156M(507M) 4.295ms
[181.105s][info][gc,cpu         ] GC(188) User=0.01s Sys=0.00s Real=0.00s
[181.751s][info][gc,start       ] GC(189) Pause Young (Allocation Failure)
[181.757s][info][gc,heap        ] GC(189) PSYoungGen: 258488K(291328K)->5957K(289280K) Eden: 253952K(253952K)->0K(253952K) From: 4536K(37376K)->5957K(35328K)
[181.757s][info][gc,heap        ] GC(189) ParOldGen: 155771K(227840K)->155819K(227840K)
[181.757s][info][gc,metaspace   ] GC(189) Metaspace: 41977K(42368K)->41977K(42368K) NonClass: 37635K(37888K)->37635K(37888K) Class: 4341K(4480K)->4341K(4480K)
[181.757s][info][gc             ] GC(189) Pause Young (Allocation Failure) 404M->157M(505M) 6.214ms
[181.757s][info][gc,cpu         ] GC(189) User=0.01s Sys=0.00s Real=0.00s
[182.940s][info][gc,start       ] GC(190) Pause Young (Allocation Failure)
[182.945s][info][gc,heap        ] GC(190) PSYoungGen: 259909K(289280K)->2994K(296448K) Eden: 253952K(253952K)->0K(263168K) From: 5957K(35328K)->2994K(33280K)
[182.945s][info][gc,heap        ] GC(190) ParOldGen: 155819K(227840K)->155963K(227840K)
[182.945s][info][gc,metaspace   ] GC(190) Metaspace: 42013K(42432K)->42013K(42432K) NonClass: 37672K(37952K)->37672K(37952K) Class: 4341K(4480K)->4341K(4480K)
[182.945s][info][gc             ] GC(190) Pause Young (Allocation Failure) 405M->155M(512M) 4.521ms
[182.945s][info][gc,cpu         ] GC(190) User=0.01s Sys=0.00s Real=0.00s
[183.884s][info][gc,start       ] GC(191) Pause Young (Allocation Failure)
[183.906s][info][gc,heap        ] GC(191) PSYoungGen: 266162K(296448K)->23162K(294400K) Eden: 263168K(263168K)->0K(263168K) From: 2994K(33280K)->23162K(31232K)
[183.906s][info][gc,heap        ] GC(191) ParOldGen: 155963K(227840K)->158885K(227840K)
[183.906s][info][gc,metaspace   ] GC(191) Metaspace: 42071K(42496K)->42071K(42496K) NonClass: 37730K(38016K)->37730K(38016K) Class: 4341K(4480K)->4341K(4480K)
[183.906s][info][gc             ] GC(191) Pause Young (Allocation Failure) 412M->177M(510M) 22.228ms
[183.906s][info][gc,cpu         ] GC(191) User=0.05s Sys=0.00s Real=0.02s
[184.495s][info][gc,start       ] GC(192) Pause Young (Allocation Failure)
[184.547s][info][gc,heap        ] GC(192) PSYoungGen: 286330K(294400K)->30136K(288768K) Eden: 263168K(263168K)->0K(253952K) From: 23162K(31232K)->30136K(34816K)
[184.547s][info][gc,heap        ] GC(192) ParOldGen: 158885K(227840K)->181657K(227840K)
[184.547s][info][gc,metaspace   ] GC(192) Metaspace: 42071K(42496K)->42071K(42496K) NonClass: 37730K(38016K)->37730K(38016K) Class: 4341K(4480K)->4341K(4480K)
[184.547s][info][gc             ] GC(192) Pause Young (Allocation Failure) 434M->206M(504M) 52.122ms
[184.547s][info][gc,cpu         ] GC(192) User=0.10s Sys=0.00s Real=0.05s
[185.208s][info][gc,start       ] GC(193) Pause Young (Allocation Failure)
[185.261s][info][gc,heap        ] GC(193) PSYoungGen: 284088K(288768K)->32544K(286720K) Eden: 253952K(253952K)->0K(253952K) From: 30136K(34816K)->32544K(32768K)
[185.261s][info][gc,heap        ] GC(193) ParOldGen: 181657K(227840K)->210349K(227840K)
[185.261s][info][gc,metaspace   ] GC(193) Metaspace: 42072K(42496K)->42072K(42496K) NonClass: 37730K(38016K)->37730K(38016K) Class: 4341K(4480K)->4341K(4480K)
[185.261s][info][gc             ] GC(193) Pause Young (Allocation Failure) 454M->237M(502M) 52.501ms
[185.261s][info][gc,cpu         ] GC(193) User=0.11s Sys=0.00s Real=0.06s
[188.930s][info][gc,start       ] GC(194) Pause Young (Allocation Failure)
[188.973s][info][gc,heap        ] GC(194) PSYoungGen: 286496K(286720K)->15423K(291328K) Eden: 253952K(253952K)->0K(246272K) From: 32544K(32768K)->15423K(45056K)
[188.973s][info][gc,heap        ] GC(194) ParOldGen: 210349K(227840K)->239006K(239104K)
[188.973s][info][gc,metaspace   ] GC(194) Metaspace: 42111K(42496K)->42111K(42496K) NonClass: 37770K(38016K)->37770K(38016K) Class: 4341K(4480K)->4341K(4480K)
[188.973s][info][gc             ] GC(194) Pause Young (Allocation Failure) 485M->248M(518M) 42.978ms
[188.973s][info][gc,cpu         ] GC(194) User=0.07s Sys=0.02s Real=0.05s
[189.666s][info][gc,start       ] GC(195) Pause Young (Allocation Failure)
[189.701s][info][gc,heap        ] GC(195) PSYoungGen: 261695K(291328K)->18671K(265216K) Eden: 246272K(246272K)->0K(246272K) From: 15423K(45056K)->18671K(18944K)
[189.701s][info][gc,heap        ] GC(195) ParOldGen: 239006K(239104K)->254206K(254464K)
[189.701s][info][gc,metaspace   ] GC(195) Metaspace: 42146K(42560K)->42146K(42560K) NonClass: 37805K(38080K)->37805K(38080K) Class: 4341K(4480K)->4341K(4480K)
[189.701s][info][gc             ] GC(195) Pause Young (Allocation Failure) 488M->266M(507M) 34.887ms
[189.701s][info][gc,cpu         ] GC(195) User=0.06s Sys=0.01s Real=0.04s
[190.262s][info][gc,start       ] GC(196) Pause Young (Allocation Failure)
[190.314s][info][gc,heap        ] GC(196) PSYoungGen: 264943K(265216K)->30782K(284160K) Eden: 246272K(246272K)->0K(242688K) From: 18671K(18944K)->30782K(41472K)
[190.314s][info][gc,heap        ] GC(196) ParOldGen: 254206K(254464K)->272039K(272384K)
[190.314s][info][gc,metaspace   ] GC(196) Metaspace: 42146K(42560K)->42146K(42560K) NonClass: 37805K(38080K)->37805K(38080K) Class: 4341K(4480K)->4341K(4480K)
[190.314s][info][gc             ] GC(196) Pause Young (Allocation Failure) 506M->295M(543M) 52.554ms
[190.314s][info][gc,cpu         ] GC(196) User=0.09s Sys=0.01s Real=0.05s
[190.875s][info][gc,start       ] GC(197) Pause Young (Allocation Failure)
[190.938s][info][gc,heap        ] GC(197) PSYoungGen: 273470K(284160K)->30240K(273408K) Eden: 242688K(242688K)->0K(242688K) From: 30782K(41472K)->30240K(30720K)
[190.938s][info][gc,heap        ] GC(197) ParOldGen: 272039K(272384K)->301311K(301568K)
[190.938s][info][gc,metaspace   ] GC(197) Metaspace: 42146K(42560K)->42146K(42560K) NonClass: 37805K(38080K)->37805K(38080K) Class: 4341K(4480K)->4341K(4480K)
[190.938s][info][gc             ] GC(197) Pause Young (Allocation Failure) 532M->323M(561M) 63.501ms
[190.938s][info][gc,cpu         ] GC(197) User=0.10s Sys=0.02s Real=0.06s
[192.382s][info][gc,start       ] GC(198) Pause Young (Allocation Failure)
[192.434s][info][gc,heap        ] GC(198) PSYoungGen: 272928K(273408K)->20145K(288256K) Eden: 242688K(242688K)->0K(240640K) From: 30240K(30720K)->20145K(47616K)
[192.434s][info][gc,heap        ] GC(198) ParOldGen: 301311K(301568K)->331736K(331776K)
[192.434s][info][gc,metaspace   ] GC(198) Metaspace: 42146K(42560K)->42146K(42560K) NonClass: 37805K(38080K)->37805K(38080K) Class: 4341K(4480K)->4341K(4480K)
[192.434s][info][gc             ] GC(198) Pause Young (Allocation Failure) 560M->343M(605M) 52.726ms
[192.434s][info][gc,cpu         ] GC(198) User=0.08s Sys=0.02s Real=0.05s
[193.683s][info][gc,start       ] GC(199) Pause Young (Allocation Failure)
[193.704s][info][gc,heap        ] GC(199) PSYoungGen: 260785K(288256K)->3146K(286208K) Eden: 240640K(240640K)->0K(240640K) From: 20145K(47616K)->3146K(45568K)
[193.704s][info][gc,heap        ] GC(199) ParOldGen: 331736K(331776K)->347019K(347136K)
[193.704s][info][gc,metaspace   ] GC(199) Metaspace: 42147K(42560K)->42147K(42560K) NonClass: 37805K(38080K)->37805K(38080K) Class: 4341K(4480K)->4341K(4480K)
[193.704s][info][gc             ] GC(199) Pause Young (Allocation Failure) 578M->341M(618M) 20.799ms
[193.704s][info][gc,cpu         ] GC(199) User=0.03s Sys=0.01s Real=0.02s
[194.993s][info][gc,start       ] GC(200) Pause Young (Allocation Failure)
[195.019s][info][gc,heap        ] GC(200) PSYoungGen: 243786K(286208K)->24340K(286208K) Eden: 240640K(240640K)->0K(240640K) From: 3146K(45568K)->24340K(45568K)
[195.019s][info][gc,heap        ] GC(200) ParOldGen: 347019K(347136K)->350098K(350208K)
[195.019s][info][gc,metaspace   ] GC(200) Metaspace: 42154K(42560K)->42154K(42560K) NonClass: 37812K(38080K)->37812K(38080K) Class: 4341K(4480K)->4341K(4480K)
[195.019s][info][gc             ] GC(200) Pause Young (Allocation Failure) 576M->365M(621M) 26.075ms
[195.019s][info][gc,cpu         ] GC(200) User=0.04s Sys=0.01s Real=0.02s
[196.381s][info][gc,start       ] GC(201) Pause Young (Allocation Failure)
[196.429s][info][gc,heap        ] GC(201) PSYoungGen: 264980K(286208K)->22634K(286208K) Eden: 240640K(240640K)->0K(240640K) From: 24340K(45568K)->22634K(45568K)
[196.429s][info][gc,heap        ] GC(201) ParOldGen: 350098K(350208K)->374557K(374784K)
[196.429s][info][gc,metaspace   ] GC(201) Metaspace: 42154K(42560K)->42154K(42560K) NonClass: 37812K(38080K)->37812K(38080K) Class: 4341K(4480K)->4341K(4480K)
[196.429s][info][gc             ] GC(201) Pause Young (Allocation Failure) 600M->387M(645M) 48.244ms
[196.429s][info][gc,cpu         ] GC(201) User=0.08s Sys=0.02s Real=0.04s
[197.355s][info][gc,start       ] GC(202) Pause Young (Allocation Failure)
[197.406s][info][gc,heap        ] GC(202) PSYoungGen: 263274K(286208K)->31444K(284160K) Eden: 240640K(240640K)->0K(239616K) From: 22634K(45568K)->31444K(44544K)
[197.406s][info][gc,heap        ] GC(202) ParOldGen: 374557K(374784K)->397194K(397312K)
[197.406s][info][gc,metaspace   ] GC(202) Metaspace: 42154K(42560K)->42154K(42560K) NonClass: 37812K(38080K)->37812K(38080K) Class: 4341K(4480K)->4341K(4480K)
[197.406s][info][gc             ] GC(202) Pause Young (Allocation Failure) 622M->418M(665M) 51.506ms
[197.406s][info][gc,cpu         ] GC(202) User=0.09s Sys=0.02s Real=0.05s
[197.948s][info][gc,start       ] GC(203) Pause Young (Allocation Failure)
[198.012s][info][gc,heap        ] GC(203) PSYoungGen: 271060K(284160K)->30072K(269824K) Eden: 239616K(239616K)->0K(239616K) From: 31444K(44544K)->30072K(30208K)
[198.012s][info][gc,heap        ] GC(203) ParOldGen: 397194K(397312K)->428329K(428544K)
[198.012s][info][gc,metaspace   ] GC(203) Metaspace: 42154K(42560K)->42154K(42560K) NonClass: 37812K(38080K)->37812K(38080K) Class: 4341K(4480K)->4341K(4480K)
[198.012s][info][gc             ] GC(203) Pause Young (Allocation Failure) 652M->447M(682M) 63.979ms
[198.012s][info][gc,cpu         ] GC(203) User=0.10s Sys=0.03s Real=0.07s
[198.595s][info][gc,start       ] GC(204) Pause Young (Allocation Failure)
[198.658s][info][gc,heap        ] GC(204) PSYoungGen: 269688K(269824K)->30176K(283136K) Eden: 239616K(239616K)->0K(234496K) From: 30072K(30208K)->30176K(48640K)
[198.658s][info][gc,heap        ] GC(204) ParOldGen: 428329K(428544K)->456961K(457216K)
[198.658s][info][gc,metaspace   ] GC(204) Metaspace: 42154K(42560K)->42154K(42560K) NonClass: 37812K(38080K)->37812K(38080K) Class: 4341K(4480K)->4341K(4480K)
[198.658s][info][gc             ] GC(204) Pause Young (Allocation Failure) 681M->475M(723M) 62.316ms
[198.658s][info][gc,cpu         ] GC(204) User=0.11s Sys=0.01s Real=0.06s
[200.118s][info][gc,start       ] GC(205) Pause Young (Allocation Failure)
[200.173s][info][gc,heap        ] GC(205) PSYoungGen: 264672K(283136K)->14992K(249856K) Eden: 234496K(234496K)->0K(234496K) From: 30176K(48640K)->14992K(15360K)
[200.173s][info][gc,heap        ] GC(205) ParOldGen: 456961K(457216K)->487322K(487936K)
[200.173s][info][gc,metaspace   ] GC(205) Metaspace: 42154K(42560K)->42154K(42560K) NonClass: 37813K(38080K)->37813K(38080K) Class: 4341K(4480K)->4341K(4480K)
[200.173s][info][gc             ] GC(205) Pause Young (Allocation Failure) 704M->490M(720M) 54.752ms
[200.173s][info][gc,cpu         ] GC(205) User=0.09s Sys=0.03s Real=0.06s
[201.126s][info][gc,start       ] GC(206) Pause Young (Allocation Failure)
[201.151s][info][gc,heap        ] GC(206) PSYoungGen: 249488K(249856K)->11303K(284160K) Eden: 234496K(234496K)->0K(236544K) From: 14992K(15360K)->11303K(47616K)
[201.151s][info][gc,heap        ] GC(206) ParOldGen: 487322K(487936K)->500890K(501248K)
[201.151s][info][gc,metaspace   ] GC(206) Metaspace: 42154K(42560K)->42154K(42560K) NonClass: 37813K(38080K)->37813K(38080K) Class: 4341K(4480K)->4341K(4480K)
[201.151s][info][gc             ] GC(206) Pause Young (Allocation Failure) 719M->500M(767M) 24.639ms
[201.151s][info][gc,cpu         ] GC(206) User=0.03s Sys=0.01s Real=0.03s
[202.465s][info][gc,start       ] GC(207) Pause Young (Allocation Failure)
[202.500s][info][gc,heap        ] GC(207) PSYoungGen: 247847K(284160K)->25409K(283136K) Eden: 236544K(236544K)->0K(236544K) From: 11303K(47616K)->25409K(46592K)
[202.500s][info][gc,heap        ] GC(207) ParOldGen: 500890K(501248K)->511734K(512000K)
[202.500s][info][gc,metaspace   ] GC(207) Metaspace: 42154K(42560K)->42154K(42560K) NonClass: 37813K(38080K)->37813K(38080K) Class: 4341K(4480K)->4341K(4480K)
[202.500s][info][gc             ] GC(207) Pause Young (Allocation Failure) 731M->524M(776M) 34.726ms
[202.500s][info][gc,cpu         ] GC(207) User=0.06s Sys=0.01s Real=0.03s
[203.780s][info][gc,start       ] GC(208) Pause Young (Allocation Failure)
[203.830s][info][gc,heap        ] GC(208) PSYoungGen: 261953K(283136K)->22330K(285696K) Eden: 236544K(236544K)->0K(241152K) From: 25409K(46592K)->22330K(44544K)
[203.830s][info][gc,heap        ] GC(208) ParOldGen: 511734K(512000K)->537100K(537600K)
[203.830s][info][gc,metaspace   ] GC(208) Metaspace: 42155K(42560K)->42155K(42560K) NonClass: 37814K(38080K)->37814K(38080K) Class: 4341K(4480K)->4341K(4480K)
[203.830s][info][gc             ] GC(208) Pause Young (Allocation Failure) 755M->546M(804M) 49.834ms
[203.830s][info][gc,cpu         ] GC(208) User=0.08s Sys=0.02s Real=0.05s
[205.016s][info][gc,start       ] GC(209) Pause Young (Allocation Failure)
[205.064s][info][gc,heap        ] GC(209) PSYoungGen: 263482K(285696K)->29077K(285696K) Eden: 241152K(241152K)->0K(241152K) From: 22330K(44544K)->29077K(44544K)
[205.064s][info][gc,heap        ] GC(209) ParOldGen: 537100K(537600K)->559514K(559616K)
[205.064s][info][gc,metaspace   ] GC(209) Metaspace: 42160K(42560K)->42160K(42560K) NonClass: 37819K(38080K)->37819K(38080K) Class: 4341K(4480K)->4341K(4480K)
[205.064s][info][gc             ] GC(209) Pause Young (Allocation Failure) 781M->574M(825M) 48.364ms
[205.064s][info][gc,cpu         ] GC(209) User=0.08s Sys=0.02s Real=0.05s
[206.022s][info][gc,start       ] GC(210) Pause Young (Allocation Failure)
[206.053s][info][gc,heap        ] GC(210) PSYoungGen: 270229K(285696K)->10768K(288768K) Eden: 241152K(241152K)->0K(244224K) From: 29077K(44544K)->10768K(44544K)
[206.053s][info][gc,heap        ] GC(210) ParOldGen: 559514K(559616K)->580454K(580608K)
[206.053s][info][gc,metaspace   ] GC(210) Metaspace: 42171K(42560K)->42171K(42560K) NonClass: 37829K(38080K)->37829K(38080K) Class: 4341K(4480K)->4341K(4480K)
[206.053s][info][gc             ] GC(210) Pause Young (Allocation Failure) 810M->577M(849M) 31.637ms
[206.053s][info][gc,cpu         ] GC(210) User=0.05s Sys=0.01s Real=0.03s
[206.905s][info][gc,start       ] GC(211) Pause Young (Allocation Failure)
[206.922s][info][gc,heap        ] GC(211) PSYoungGen: 254992K(288768K)->19572K(264192K) Eden: 244224K(244224K)->0K(244224K) From: 10768K(44544K)->19572K(19968K)
[206.922s][info][gc,heap        ] GC(211) ParOldGen: 580454K(580608K)->581302K(581632K)
[206.922s][info][gc,metaspace   ] GC(211) Metaspace: 42171K(42560K)->42171K(42560K) NonClass: 37829K(38080K)->37829K(38080K) Class: 4341K(4480K)->4341K(4480K)
[206.922s][info][gc             ] GC(211) Pause Young (Allocation Failure) 815M->586M(826M) 16.814ms
[206.922s][info][gc,cpu         ] GC(211) User=0.03s Sys=0.00s Real=0.02s
[207.780s][info][gc,start       ] GC(212) Pause Young (Allocation Failure)
[207.786s][info][gc,heap        ] GC(212) PSYoungGen: 263796K(264192K)->4914K(287232K) Eden: 244224K(244224K)->0K(244736K) From: 19572K(19968K)->4914K(42496K)
[207.786s][info][gc,heap        ] GC(212) ParOldGen: 581302K(581632K)->582286K(582656K)
[207.786s][info][gc,metaspace   ] GC(212) Metaspace: 42181K(42560K)->42181K(42560K) NonClass: 37840K(38080K)->37840K(38080K) Class: 4341K(4480K)->4341K(4480K)
[207.786s][info][gc             ] GC(212) Pause Young (Allocation Failure) 825M->573M(849M) 6.462ms
[207.786s][info][gc,cpu         ] GC(212) User=0.01s Sys=0.00s Real=0.01s
[208.592s][info][gc,start       ] GC(213) Pause Young (Allocation Failure)
[208.597s][info][gc,heap        ] GC(213) PSYoungGen: 249650K(287232K)->3716K(287232K) Eden: 244736K(244736K)->0K(244736K) From: 4914K(42496K)->3716K(42496K)
[208.597s][info][gc,heap        ] GC(213) ParOldGen: 582286K(582656K)->583518K(583680K)
[208.597s][info][gc,metaspace   ] GC(213) Metaspace: 42181K(42560K)->42181K(42560K) NonClass: 37840K(38080K)->37840K(38080K) Class: 4341K(4480K)->4341K(4480K)
[208.597s][info][gc             ] GC(213) Pause Young (Allocation Failure) 812M->573M(850M) 5.097ms
[208.597s][info][gc,cpu         ] GC(213) User=0.01s Sys=0.00s Real=0.00s
[209.433s][info][gc,start       ] GC(214) Pause Young (Allocation Failure)
[209.454s][info][gc,heap        ] GC(214) PSYoungGen: 248452K(287232K)->24434K(290816K) Eden: 244736K(244736K)->0K(247808K) From: 3716K(42496K)->24434K(43008K)
[209.454s][info][gc,heap        ] GC(214) ParOldGen: 583518K(583680K)->584630K(584704K)
[209.454s][info][gc,metaspace   ] GC(214) Metaspace: 42183K(42560K)->42183K(42560K) NonClass: 37842K(38080K)->37842K(38080K) Class: 4341K(4480K)->4341K(4480K)
[209.454s][info][gc             ] GC(214) Pause Young (Allocation Failure) 812M->594M(855M) 21.145ms
[209.454s][info][gc,cpu         ] GC(214) User=0.04s Sys=0.00s Real=0.02s
[210.443s][info][gc,start       ] GC(215) Pause Young (Allocation Failure)
[210.452s][info][gc,heap        ] GC(215) PSYoungGen: 272242K(290816K)->9762K(258048K) Eden: 247808K(247808K)->0K(247808K) From: 24434K(43008K)->9762K(10240K)
[210.452s][info][gc,heap        ] GC(215) ParOldGen: 584630K(584704K)->585390K(585728K)
[210.452s][info][gc,metaspace   ] GC(215) Metaspace: 42185K(42560K)->42185K(42560K) NonClass: 37843K(38080K)->37843K(38080K) Class: 4341K(4480K)->4341K(4480K)
[210.452s][info][gc             ] GC(215) Pause Young (Allocation Failure) 836M->581M(824M) 9.030ms
[210.452s][info][gc,cpu         ] GC(215) User=0.01s Sys=0.00s Real=0.01s
[211.247s][info][gc,start       ] GC(216) Pause Young (Allocation Failure)
[211.253s][info][gc,heap        ] GC(216) PSYoungGen: 257570K(258048K)->5262K(290304K) Eden: 247808K(247808K)->0K(248320K) From: 9762K(10240K)->5262K(41984K)
[211.253s][info][gc,heap        ] GC(216) ParOldGen: 585390K(585728K)->586470K(586752K)
[211.253s][info][gc,metaspace   ] GC(216) Metaspace: 42185K(42560K)->42185K(42560K) NonClass: 37844K(38080K)->37844K(38080K) Class: 4341K(4480K)->4341K(4480K)
[211.253s][info][gc             ] GC(216) Pause Young (Allocation Failure) 823M->577M(856M) 6.132ms
[211.253s][info][gc,cpu         ] GC(216) User=0.01s Sys=0.01s Real=0.01s
[212.103s][info][gc,start       ] GC(217) Pause Young (GCLocker Initiated GC)
[212.110s][info][gc,heap        ] GC(217) PSYoungGen: 253582K(290304K)->6405K(289792K) Eden: 248320K(248320K)->0K(248320K) From: 5262K(41984K)->6405K(41472K)
[212.110s][info][gc,heap        ] GC(217) ParOldGen: 586483K(586752K)->587483K(587776K)
[212.110s][info][gc,metaspace   ] GC(217) Metaspace: 42185K(42560K)->42185K(42560K) NonClass: 37844K(38080K)->37844K(38080K) Class: 4341K(4480K)->4341K(4480K)
[212.110s][info][gc             ] GC(217) Pause Young (GCLocker Initiated GC) 820M->579M(857M) 6.961ms
[212.110s][info][gc,cpu         ] GC(217) User=0.01s Sys=0.00s Real=0.01s
[212.991s][info][gc,start       ] GC(218) Pause Young (Allocation Failure)
[212.999s][info][gc,heap        ] GC(218) PSYoungGen: 254725K(289792K)->1248K(291328K) Eden: 248320K(248320K)->0K(251904K) From: 6405K(41472K)->1248K(39424K)
[212.999s][info][gc,heap        ] GC(218) ParOldGen: 587483K(587776K)->588499K(588800K)
[212.999s][info][gc,metaspace   ] GC(218) Metaspace: 42185K(42560K)->42185K(42560K) NonClass: 37844K(38080K)->37844K(38080K) Class: 4341K(4480K)->4341K(4480K)
[212.999s][info][gc             ] GC(218) Pause Young (Allocation Failure) 822M->575M(859M) 8.471ms
[212.999s][info][gc,cpu         ] GC(218) User=0.01s Sys=0.00s Real=0.00s
[213.786s][info][gc,start       ] GC(219) Pause Young (Allocation Failure)
[213.830s][info][gc,heap        ] GC(219) PSYoungGen: 253152K(291328K)->40416K(292352K) Eden: 251904K(251904K)->0K(251904K) From: 1248K(39424K)->40416K(40448K)
[213.830s][info][gc,heap        ] GC(219) ParOldGen: 588499K(588800K)->590011K(590336K)
[213.830s][info][gc,metaspace   ] GC(219) Metaspace: 42185K(42560K)->42185K(42560K) NonClass: 37844K(38080K)->37844K(38080K) Class: 4341K(4480K)->4341K(4480K)
[213.830s][info][gc             ] GC(219) Pause Young (Allocation Failure) 821M->615M(862M) 43.821ms
[213.830s][info][gc,cpu         ] GC(219) User=0.07s Sys=0.00s Real=0.04s
[215.062s][info][gc,start       ] GC(220) Pause Young (Allocation Failure)
[215.106s][info][gc,heap        ] GC(220) PSYoungGen: 292320K(292352K)->17711K(284160K) Eden: 251904K(251904K)->0K(242688K) From: 40416K(40448K)->17711K(41472K)
[215.106s][info][gc,heap        ] GC(220) ParOldGen: 590011K(590336K)->609686K(609792K)
[215.106s][info][gc,metaspace   ] GC(220) Metaspace: 42185K(42560K)->42185K(42560K) NonClass: 37844K(38080K)->37844K(38080K) Class: 4341K(4480K)->4341K(4480K)
[215.106s][info][gc             ] GC(220) Pause Young (Allocation Failure) 861M->612M(873M) 44.321ms
[215.106s][info][gc,cpu         ] GC(220) User=0.07s Sys=0.02s Real=0.04s
[215.960s][info][gc,start       ] GC(221) Pause Young (Allocation Failure)
[215.990s][info][gc,heap        ] GC(221) PSYoungGen: 260399K(284160K)->7188K(288256K) Eden: 242688K(242688K)->0K(242688K) From: 17711K(41472K)->7188K(45568K)
[215.990s][info][gc,heap        ] GC(221) ParOldGen: 609686K(609792K)->627242K(627712K)
[215.990s][info][gc,metaspace   ] GC(221) Metaspace: 42187K(42560K)->42187K(42560K) NonClass: 37846K(38080K)->37846K(38080K) Class: 4341K(4480K)->4341K(4480K)
[215.990s][info][gc             ] GC(221) Pause Young (Allocation Failure) 849M->619M(894M) 30.621ms
[215.990s][info][gc,cpu         ] GC(221) User=0.05s Sys=0.01s Real=0.04s
[216.685s][info][gc,start       ] GC(222) Pause Young (Allocation Failure)
[216.711s][info][gc,heap        ] GC(222) PSYoungGen: 249876K(288256K)->28474K(285696K) Eden: 242688K(242688K)->0K(241664K) From: 7188K(45568K)->28474K(44032K)
[216.711s][info][gc,heap        ] GC(222) ParOldGen: 627242K(627712K)->631970K(632320K)
[216.711s][info][gc,metaspace   ] GC(222) Metaspace: 42200K(42624K)->42200K(42624K) NonClass: 37858K(38144K)->37858K(38144K) Class: 4341K(4480K)->4341K(4480K)
[216.711s][info][gc             ] GC(222) Pause Young (Allocation Failure) 856M->644M(896M) 25.281ms
[216.711s][info][gc,cpu         ] GC(222) User=0.05s Sys=0.00s Real=0.03s
[217.435s][info][gc,start       ] GC(223) Pause Full (Allocation Failure)
[217.435s][info][gc,phases,start] GC(223) Marking Phase
[217.499s][info][gc,phases      ] GC(223) Marking Phase 63.789ms
[217.499s][info][gc,phases,start] GC(223) Summary Phase
[217.499s][info][gc,phases      ] GC(223) Summary Phase 0.032ms
[217.499s][info][gc,phases,start] GC(223) Forward
[217.510s][info][gc,phases      ] GC(223) Forward 11.222ms
[217.510s][info][gc,phases,start] GC(223) Adjust Pointers
[217.546s][info][gc,phases      ] GC(223) Adjust Pointers 36.150ms
[217.546s][info][gc,phases,start] GC(223) Compaction Phase
[217.561s][info][gc,phases      ] GC(223) Compaction Phase 14.393ms
[217.561s][info][gc,phases,start] GC(223) Post Compact
[217.563s][info][gc,phases      ] GC(223) Post Compact 2.714ms
[217.598s][info][gc,heap        ] GC(223) PSYoungGen: 270138K(285696K)->0K(287744K) Eden: 241664K(241664K)->0K(241664K) From: 28474K(44032K)->0K(46080K)
[217.598s][info][gc,heap        ] GC(223) ParOldGen: 631970K(632320K)->86074K(199680K)
[217.598s][info][gc,metaspace   ] GC(223) Metaspace: 42202K(42624K)->42202K(42624K) NonClass: 37860K(38144K)->37860K(38144K) Class: 4341K(4480K)->4341K(4480K)
[217.598s][info][gc             ] GC(223) Pause Full (Allocation Failure) 880M->84M(476M) 163.212ms
[217.598s][info][gc,cpu         ] GC(223) User=0.20s Sys=0.03s Real=0.16s
[218.382s][info][gc,start       ] GC(224) Pause Young (Allocation Failure)
[218.394s][info][gc,heap        ] GC(224) PSYoungGen: 241664K(287744K)->18880K(283648K) Eden: 241664K(241664K)->0K(241664K) From: 0K(46080K)->18880K(41984K)
[218.394s][info][gc,heap        ] GC(224) ParOldGen: 86074K(199680K)->86074K(199680K)
[218.394s][info][gc,metaspace   ] GC(224) Metaspace: 42204K(42624K)->42204K(42624K) NonClass: 37862K(38144K)->37862K(38144K) Class: 4341K(4480K)->4341K(4480K)
[218.394s][info][gc             ] GC(224) Pause Young (Allocation Failure) 320M->102M(472M) 12.356ms
[218.394s][info][gc,cpu         ] GC(224) User=0.03s Sys=0.00s Real=0.01s
[219.156s][info][gc,start       ] GC(225) Pause Young (Allocation Failure)
[219.176s][info][gc,heap        ] GC(225) PSYoungGen: 260544K(283648K)->24674K(285696K) Eden: 241664K(241664K)->0K(241664K) From: 18880K(41984K)->24674K(44032K)
[219.176s][info][gc,heap        ] GC(225) ParOldGen: 86074K(199680K)->87132K(199680K)
[219.176s][info][gc,metaspace   ] GC(225) Metaspace: 42204K(42624K)->42204K(42624K) NonClass: 37863K(38144K)->37863K(38144K) Class: 4341K(4480K)->4341K(4480K)
[219.176s][info][gc             ] GC(225) Pause Young (Allocation Failure) 338M->109M(474M) 19.674ms
[219.176s][info][gc,cpu         ] GC(225) User=0.03s Sys=0.00s Real=0.02s
[219.980s][info][gc,start       ] GC(226) Pause Young (Allocation Failure)
[219.984s][info][gc,heap        ] GC(226) PSYoungGen: 266338K(285696K)->2158K(289792K) Eden: 241664K(241664K)->0K(245760K) From: 24674K(44032K)->2158K(44032K)
[219.984s][info][gc,heap        ] GC(226) ParOldGen: 87132K(199680K)->88771K(199680K)
[219.984s][info][gc,metaspace   ] GC(226) Metaspace: 42206K(42624K)->42206K(42624K) NonClass: 37864K(38144K)->37864K(38144K) Class: 4341K(4480K)->4341K(4480K)
[219.984s][info][gc             ] GC(226) Pause Young (Allocation Failure) 345M->88M(478M) 3.732ms
[219.984s][info][gc,cpu         ] GC(226) User=0.01s Sys=0.00s Real=0.00s
[220.784s][info][gc,start       ] GC(227) Pause Young (Allocation Failure)
[220.849s][info][gc,heap        ] GC(227) PSYoungGen: 247918K(289792K)->44017K(289792K) Eden: 245760K(245760K)->0K(245760K) From: 2158K(44032K)->44017K(44032K)
[220.849s][info][gc,heap        ] GC(227) ParOldGen: 88771K(199680K)->147760K(199680K)
[220.849s][info][gc,metaspace   ] GC(227) Metaspace: 42207K(42624K)->42207K(42624K) NonClass: 37866K(38144K)->37866K(38144K) Class: 4341K(4480K)->4341K(4480K)
[220.849s][info][gc             ] GC(227) Pause Young (Allocation Failure) 328M->187M(478M) 64.237ms
[220.849s][info][gc,cpu         ] GC(227) User=0.13s Sys=0.00s Real=0.06s
[221.637s][info][gc,start       ] GC(228) Pause Young (Allocation Failure)
[221.692s][info][gc,heap        ] GC(228) PSYoungGen: 289777K(289792K)->38887K(230400K) Eden: 245760K(245760K)->0K(186368K) From: 44017K(44032K)->38887K(44032K)
[221.692s][info][gc,heap        ] GC(228) ParOldGen: 147760K(199680K)->191340K(199680K)
[221.692s][info][gc,metaspace   ] GC(228) Metaspace: 42207K(42624K)->42207K(42624K) NonClass: 37866K(38144K)->37866K(38144K) Class: 4341K(4480K)->4341K(4480K)
[221.692s][info][gc             ] GC(228) Pause Young (Allocation Failure) 427M->224M(420M) 55.436ms
[221.692s][info][gc,cpu         ] GC(228) User=0.11s Sys=0.00s Real=0.06s
[222.307s][info][gc,start       ] GC(229) Pause Young (Allocation Failure)
[222.324s][info][gc,heap        ] GC(229) PSYoungGen: 225255K(230400K)->18399K(260096K) Eden: 186368K(186368K)->0K(186368K) From: 38887K(44032K)->18399K(73728K)
[222.324s][info][gc,heap        ] GC(229) ParOldGen: 191340K(199680K)->198976K(199680K)
[222.324s][info][gc,metaspace   ] GC(229) Metaspace: 42207K(42624K)->42207K(42624K) NonClass: 37866K(38144K)->37866K(38144K) Class: 4341K(4480K)->4341K(4480K)
[222.324s][info][gc             ] GC(229) Pause Young (Allocation Failure) 406M->212M(449M) 16.276ms
[222.324s][info][gc,cpu         ] GC(229) User=0.03s Sys=0.00s Real=0.02s
[222.885s][info][gc,start       ] GC(230) Pause Young (Allocation Failure)
[222.897s][info][gc,heap        ] GC(230) PSYoungGen: 204767K(260096K)->15840K(250880K) Eden: 186368K(186368K)->0K(189440K) From: 18399K(73728K)->15840K(61440K)
[222.897s][info][gc,heap        ] GC(230) ParOldGen: 198976K(199680K)->199659K(199680K)
[222.897s][info][gc,metaspace   ] GC(230) Metaspace: 42207K(42624K)->42207K(42624K) NonClass: 37866K(38144K)->37866K(38144K) Class: 4341K(4480K)->4341K(4480K)
[222.897s][info][gc             ] GC(230) Pause Young (Allocation Failure) 394M->210M(440M) 11.970ms
[222.897s][info][gc,cpu         ] GC(230) User=0.02s Sys=0.01s Real=0.01s
[223.499s][info][gc,start       ] GC(231) Pause Young (Allocation Failure)
[223.516s][info][gc,heap        ] GC(231) PSYoungGen: 205280K(250880K)->26000K(257024K) Eden: 189440K(189440K)->0K(189440K) From: 15840K(61440K)->26000K(67584K)
[223.516s][info][gc,heap        ] GC(231) ParOldGen: 199659K(199680K)->200550K(200704K)
[223.516s][info][gc,metaspace   ] GC(231) Metaspace: 42207K(42624K)->42207K(42624K) NonClass: 37866K(38144K)->37866K(38144K) Class: 4341K(4480K)->4341K(4480K)
[223.516s][info][gc             ] GC(231) Pause Young (Allocation Failure) 395M->221M(447M) 17.272ms
[223.516s][info][gc,cpu         ] GC(231) User=0.04s Sys=0.00s Real=0.02s
[224.091s][info][gc,start       ] GC(232) Pause Young (Allocation Failure)
[224.096s][info][gc,heap        ] GC(232) PSYoungGen: 215440K(257024K)->5405K(262656K) Eden: 189440K(189440K)->0K(202240K) From: 26000K(67584K)->5405K(60416K)
[224.096s][info][gc,heap        ] GC(232) ParOldGen: 200550K(200704K)->200999K(201216K)
[224.096s][info][gc,metaspace   ] GC(232) Metaspace: 42207K(42624K)->42207K(42624K) NonClass: 37866K(38144K)->37866K(38144K) Class: 4341K(4480K)->4341K(4480K)
[224.096s][info][gc             ] GC(232) Pause Young (Allocation Failure) 406M->201M(453M) 5.118ms
[224.096s][info][gc,cpu         ] GC(232) User=0.01s Sys=0.00s Real=0.00s
[224.647s][info][gc,start       ] GC(233) Pause Young (Allocation Failure)
[224.660s][info][gc,heap        ] GC(233) PSYoungGen: 207645K(262656K)->20599K(265728K) Eden: 202240K(202240K)->0K(202240K) From: 5405K(60416K)->20599K(63488K)
[224.660s][info][gc,heap        ] GC(233) ParOldGen: 200999K(201216K)->202149K(202240K)
[224.660s][info][gc,metaspace   ] GC(233) Metaspace: 42208K(42624K)->42208K(42624K) NonClass: 37867K(38144K)->37867K(38144K) Class: 4341K(4480K)->4341K(4480K)
[224.660s][info][gc             ] GC(233) Pause Young (Allocation Failure) 399M->217M(457M) 12.924ms
[224.660s][info][gc,cpu         ] GC(233) User=0.02s Sys=0.00s Real=0.02s
[225.222s][info][gc,start       ] GC(234) Pause Young (Allocation Failure)
[225.241s][info][gc,heap        ] GC(234) PSYoungGen: 222839K(265728K)->824K(269312K) Eden: 202240K(202240K)->0K(209920K) From: 20599K(63488K)->824K(59392K)
[225.241s][info][gc,heap        ] GC(234) ParOldGen: 202149K(202240K)->221856K(222208K)
[225.241s][info][gc,metaspace   ] GC(234) Metaspace: 42208K(42624K)->42208K(42624K) NonClass: 37867K(38144K)->37867K(38144K) Class: 4341K(4480K)->4341K(4480K)
[225.241s][info][gc             ] GC(234) Pause Young (Allocation Failure) 415M->217M(480M) 18.558ms
[225.241s][info][gc,cpu         ] GC(234) User=0.02s Sys=0.01s Real=0.02s
[225.735s][info][gc,start       ] GC(235) Pause Young (Allocation Failure)
[225.740s][info][gc,heap        ] GC(235) PSYoungGen: 210744K(269312K)->5116K(269312K) Eden: 209920K(209920K)->0K(209920K) From: 824K(59392K)->5116K(59392K)
[225.740s][info][gc,heap        ] GC(235) ParOldGen: 221856K(222208K)->221896K(222208K)
[225.740s][info][gc,metaspace   ] GC(235) Metaspace: 42208K(42624K)->42208K(42624K) NonClass: 37867K(38144K)->37867K(38144K) Class: 4341K(4480K)->4341K(4480K)
[225.740s][info][gc             ] GC(235) Pause Young (Allocation Failure) 422M->221M(480M) 5.066ms
[225.740s][info][gc,cpu         ] GC(235) User=0.01s Sys=0.00s Real=0.01s
[226.084s][info][gc,start       ] GC(236) Pause Young (Allocation Failure)
[226.088s][info][gc,heap        ] GC(236) PSYoungGen: 215036K(269312K)->2222K(273408K) Eden: 209920K(209920K)->0K(216064K) From: 5116K(59392K)->2222K(57344K)
[226.088s][info][gc,heap        ] GC(236) ParOldGen: 221896K(222208K)->223728K(223744K)
[226.088s][info][gc,metaspace   ] GC(236) Metaspace: 42208K(42624K)->42208K(42624K) NonClass: 37867K(38144K)->37867K(38144K) Class: 4341K(4480K)->4341K(4480K)
[226.088s][info][gc             ] GC(236) Pause Young (Allocation Failure) 426M->220M(485M) 4.249ms
[226.088s][info][gc,cpu         ] GC(236) User=0.01s Sys=0.00s Real=0.00s
[226.475s][info][gc,start       ] GC(237) Pause Young (Allocation Failure)
[226.482s][info][gc,heap        ] GC(237) PSYoungGen: 216622K(273408K)->10082K(273408K) Eden: 214399K(216064K)->0K(216064K) From: 2222K(57344K)->10082K(57344K)
[226.482s][info][gc,heap        ] GC(237) ParOldGen: 223728K(223744K)->223964K(224256K)
[226.482s][info][gc,metaspace   ] GC(237) Metaspace: 42212K(42624K)->42212K(42624K) NonClass: 37871K(38144K)->37871K(38144K) Class: 4341K(4480K)->4341K(4480K)
[226.482s][info][gc             ] GC(237) Pause Young (Allocation Failure) 430M->228M(486M) 7.301ms
[226.482s][info][gc,cpu         ] GC(237) User=0.01s Sys=0.00s Real=0.01s
[226.734s][info][gc,start       ] GC(238) Pause Young (Allocation Failure)
[226.745s][info][gc,heap        ] GC(238) PSYoungGen: 225410K(273408K)->1724K(274432K) Eden: 215328K(216064K)->0K(220160K) From: 10082K(57344K)->1724K(54272K)
[226.745s][info][gc,heap        ] GC(238) ParOldGen: 223964K(224256K)->233877K(233984K)
[226.745s][info][gc,metaspace   ] GC(238) Metaspace: 42212K(42624K)->42212K(42624K) NonClass: 37871K(38144K)->37871K(38144K) Class: 4341K(4480K)->4341K(4480K)
[226.745s][info][gc             ] GC(238) Pause Young (Allocation Failure) 438M->230M(496M) 11.563ms
[226.745s][info][gc,cpu         ] GC(238) User=0.02s Sys=0.01s Real=0.01s
[227.008s][info][gc,start       ] GC(239) Pause Young (Allocation Failure)
[227.014s][info][gc,heap        ] GC(239) PSYoungGen: 221884K(274432K)->2372K(273408K) Eden: 220160K(220160K)->0K(220160K) From: 1724K(54272K)->2372K(53248K)
[227.014s][info][gc,heap        ] GC(239) ParOldGen: 233877K(233984K)->235575K(236032K)
[227.014s][info][gc,metaspace   ] GC(239) Metaspace: 42212K(42624K)->42212K(42624K) NonClass: 37871K(38144K)->37871K(38144K) Class: 4341K(4480K)->4341K(4480K)
[227.014s][info][gc             ] GC(239) Pause Young (Allocation Failure) 445M->232M(497M) 5.939ms
[227.014s][info][gc,cpu         ] GC(239) User=0.01s Sys=0.00s Real=0.01s
[227.286s][info][gc,start       ] GC(240) Pause Young (Allocation Failure)
[227.294s][info][gc,heap        ] GC(240) PSYoungGen: 222532K(273408K)->4605K(278016K) Eden: 220160K(220160K)->0K(228864K) From: 2372K(53248K)->4605K(49152K)
[227.294s][info][gc,heap        ] GC(240) ParOldGen: 235575K(236032K)->237938K(238080K)
[227.294s][info][gc,metaspace   ] GC(240) Metaspace: 42213K(42624K)->42213K(42624K) NonClass: 37871K(38144K)->37871K(38144K) Class: 4341K(4480K)->4341K(4480K)
[227.294s][info][gc             ] GC(240) Pause Young (Allocation Failure) 447M->236M(504M) 8.268ms
[227.294s][info][gc,cpu         ] GC(240) User=0.02s Sys=0.00s Real=0.01s
[227.567s][info][gc,start       ] GC(241) Pause Young (Allocation Failure)
[227.576s][info][gc,heap        ] GC(241) PSYoungGen: 232095K(278016K)->2319K(278016K) Eden: 227490K(228864K)->0K(228864K) From: 4605K(49152K)->2319K(49152K)
[227.576s][info][gc,heap        ] GC(241) ParOldGen: 237938K(238080K)->242551K(242688K)
[227.576s][info][gc,metaspace   ] GC(241) Metaspace: 42213K(42624K)->42213K(42624K) NonClass: 37871K(38144K)->37871K(38144K) Class: 4341K(4480K)->4341K(4480K)
[227.576s][info][gc             ] GC(241) Pause Young (Allocation Failure) 459M->239M(508M) 9.325ms
[227.576s][info][gc,cpu         ] GC(241) User=0.01s Sys=0.01s Real=0.01s
[227.875s][info][gc,start       ] GC(242) Pause Young (Allocation Failure)
[227.887s][info][gc,heap        ] GC(242) PSYoungGen: 231183K(278016K)->11726K(279040K) Eden: 228864K(228864K)->0K(237056K) From: 2319K(49152K)->11726K(41984K)
[227.887s][info][gc,heap        ] GC(242) ParOldGen: 242551K(242688K)->244737K(245248K)
[227.887s][info][gc,metaspace   ] GC(242) Metaspace: 42213K(42624K)->42213K(42624K) NonClass: 37871K(38144K)->37871K(38144K) Class: 4341K(4480K)->4341K(4480K)
[227.887s][info][gc             ] GC(242) Pause Young (Allocation Failure) 462M->250M(512M) 12.228ms
[227.887s][info][gc,cpu         ] GC(242) User=0.02s Sys=0.00s Real=0.01s
[228.184s][info][gc,start       ] GC(243) Pause Young (Allocation Failure)
[228.200s][info][gc,heap        ] GC(243) PSYoungGen: 248782K(279040K)->4269K(281088K) Eden: 237056K(237056K)->0K(237056K) From: 11726K(41984K)->4269K(44032K)
[228.200s][info][gc,heap        ] GC(243) ParOldGen: 244737K(245248K)->252871K(252928K)
[228.200s][info][gc,metaspace   ] GC(243) Metaspace: 42213K(42624K)->42213K(42624K) NonClass: 37871K(38144K)->37871K(38144K) Class: 4341K(4480K)->4341K(4480K)
[228.200s][info][gc             ] GC(243) Pause Young (Allocation Failure) 481M->251M(521M) 15.565ms
[228.200s][info][gc,cpu         ] GC(243) User=0.02s Sys=0.01s Real=0.01s
[228.688s][info][gc,start       ] GC(244) Pause Young (Allocation Failure)
[228.704s][info][gc,heap        ] GC(244) PSYoungGen: 241325K(281088K)->14155K(285696K) Eden: 237056K(237056K)->0K(247808K) From: 4269K(44032K)->14155K(37888K)
[228.704s][info][gc,heap        ] GC(244) ParOldGen: 252871K(252928K)->256863K(257024K)
[228.704s][info][gc,metaspace   ] GC(244) Metaspace: 42220K(42624K)->42220K(42624K) NonClass: 37879K(38144K)->37879K(38144K) Class: 4341K(4480K)->4341K(4480K)
[228.704s][info][gc             ] GC(244) Pause Young (Allocation Failure) 482M->264M(530M) 16.555ms
[228.704s][info][gc,cpu         ] GC(244) User=0.03s Sys=0.00s Real=0.02s
[229.245s][info][gc,start       ] GC(245) Pause Young (Allocation Failure)
[229.264s][info][gc,heap        ] GC(245) PSYoungGen: 261963K(285696K)->4785K(287744K) Eden: 247808K(247808K)->0K(247808K) From: 14155K(37888K)->4785K(39936K)
[229.264s][info][gc,heap        ] GC(245) ParOldGen: 256863K(257024K)->270135K(270336K)
[229.264s][info][gc,metaspace   ] GC(245) Metaspace: 42243K(42624K)->42243K(42624K) NonClass: 37901K(38144K)->37901K(38144K) Class: 4341K(4480K)->4341K(4480K)
[229.264s][info][gc             ] GC(245) Pause Young (Allocation Failure) 506M->268M(545M) 19.104ms
[229.264s][info][gc,cpu         ] GC(245) User=0.02s Sys=0.01s Real=0.02s
[229.801s][info][gc,start       ] GC(246) Pause Young (Allocation Failure)
[229.804s][info][gc,heap        ] GC(246) PSYoungGen: 252593K(287744K)->3280K(290304K) Eden: 247808K(247808K)->0K(255488K) From: 4785K(39936K)->3280K(34816K)
[229.804s][info][gc,heap        ] GC(246) ParOldGen: 270135K(270336K)->270320K(270336K)
[229.804s][info][gc,metaspace   ] GC(246) Metaspace: 42244K(42624K)->42244K(42624K) NonClass: 37903K(38144K)->37903K(38144K) Class: 4341K(4480K)->4341K(4480K)
[229.804s][info][gc             ] GC(246) Pause Young (Allocation Failure) 510M->267M(547M) 3.723ms
[229.804s][info][gc,cpu         ] GC(246) User=0.00s Sys=0.00s Real=0.00s
[230.370s][info][gc,start       ] GC(247) Pause Young (Allocation Failure)
[230.375s][info][gc,heap        ] GC(247) PSYoungGen: 258768K(290304K)->4864K(292352K) Eden: 255488K(255488K)->0K(255488K) From: 3280K(34816K)->4864K(36864K)
[230.375s][info][gc,heap        ] GC(247) ParOldGen: 270320K(270336K)->270328K(270336K)
[230.375s][info][gc,metaspace   ] GC(247) Metaspace: 42257K(42624K)->42257K(42624K) NonClass: 37915K(38144K)->37915K(38144K) Class: 4341K(4480K)->4341K(4480K)
[230.375s][info][gc             ] GC(247) Pause Young (Allocation Failure) 516M->268M(549M) 4.718ms
[230.375s][info][gc,cpu         ] GC(247) User=0.01s Sys=0.01s Real=0.00s
[230.995s][info][gc,start       ] GC(248) Pause Young (Allocation Failure)
[231.001s][info][gc,heap        ] GC(248) PSYoungGen: 260352K(292352K)->6850K(291328K) Eden: 255488K(255488K)->0K(261632K) From: 4864K(36864K)->6850K(29696K)
[231.001s][info][gc,heap        ] GC(248) ParOldGen: 270328K(270336K)->270376K(270848K)
[231.001s][info][gc,metaspace   ] GC(248) Metaspace: 42322K(42688K)->42322K(42688K) NonClass: 37980K(38208K)->37980K(38208K) Class: 4341K(4480K)->4341K(4480K)
[231.001s][info][gc             ] GC(248) Pause Young (Allocation Failure) 518M->270M(549M) 5.140ms
[231.001s][info][gc,cpu         ] GC(248) User=0.01s Sys=0.00s Real=0.01s
[232.125s][info][gc,start       ] GC(249) Pause Young (Allocation Failure)
[232.130s][info][gc,heap        ] GC(249) PSYoungGen: 268482K(291328K)->2962K(294400K) Eden: 261632K(261632K)->0K(261632K) From: 6850K(29696K)->2962K(32768K)
[232.130s][info][gc,heap        ] GC(249) ParOldGen: 270376K(270848K)->270504K(270848K)
[232.130s][info][gc,metaspace   ] GC(249) Metaspace: 42447K(42816K)->42447K(42816K) NonClass: 38106K(38336K)->38106K(38336K) Class: 4341K(4480K)->4341K(4480K)
[232.130s][info][gc             ] GC(249) Pause Young (Allocation Failure) 526M->267M(552M) 4.729ms
[232.130s][info][gc,cpu         ] GC(249) User=0.01s Sys=0.00s Real=0.00s
[233.058s][info][gc,start       ] GC(250) Pause Young (Allocation Failure)
[233.079s][info][gc,heap        ] GC(250) PSYoungGen: 264594K(294400K)->20890K(297984K) Eden: 261632K(261632K)->0K(266240K) From: 2962K(32768K)->20890K(31744K)
[233.079s][info][gc,heap        ] GC(250) ParOldGen: 270504K(270848K)->273379K(273408K)
[233.079s][info][gc,metaspace   ] GC(250) Metaspace: 42479K(42880K)->42479K(42880K) NonClass: 38138K(38400K)->38138K(38400K) Class: 4341K(4480K)->4341K(4480K)
[233.079s][info][gc             ] GC(250) Pause Young (Allocation Failure) 522M->287M(558M) 21.292ms
[233.079s][info][gc,cpu         ] GC(250) User=0.04s Sys=0.00s Real=0.02s
[233.654s][info][gc,start       ] GC(251) Pause Young (Allocation Failure)
[233.709s][info][gc,heap        ] GC(251) PSYoungGen: 287130K(297984K)->31096K(297472K) Eden: 266240K(266240K)->0K(266240K) From: 20890K(31744K)->31096K(31232K)
[233.709s][info][gc,heap        ] GC(251) ParOldGen: 273379K(273408K)->293863K(293888K)
[233.709s][info][gc,metaspace   ] GC(251) Metaspace: 42479K(42880K)->42479K(42880K) NonClass: 38138K(38400K)->38138K(38400K) Class: 4341K(4480K)->4341K(4480K)
[233.709s][info][gc             ] GC(251) Pause Young (Allocation Failure) 547M->317M(577M) 55.299ms
[233.709s][info][gc,cpu         ] GC(251) User=0.10s Sys=0.01s Real=0.05s
[234.304s][info][gc,start       ] GC(252) Pause Young (Allocation Failure)
[234.371s][info][gc,heap        ] GC(252) PSYoungGen: 297336K(297472K)->30848K(283136K) Eden: 266240K(266240K)->0K(246784K) From: 31096K(31232K)->30848K(36352K)
[234.371s][info][gc,heap        ] GC(252) ParOldGen: 293863K(293888K)->323375K(323584K)
[234.371s][info][gc,metaspace   ] GC(252) Metaspace: 42479K(42880K)->42479K(42880K) NonClass: 38138K(38400K)->38138K(38400K) Class: 4341K(4480K)->4341K(4480K)
[234.371s][info][gc             ] GC(252) Pause Young (Allocation Failure) 577M->345M(592M) 67.394ms
[234.371s][info][gc,cpu         ] GC(252) User=0.11s Sys=0.02s Real=0.07s
[238.079s][info][gc,start       ] GC(253) Pause Young (Allocation Failure)
[238.131s][info][gc,heap        ] GC(253) PSYoungGen: 277632K(283136K)->13711K(290304K) Eden: 246784K(246784K)->0K(246784K) From: 30848K(36352K)->13711K(43520K)
[238.131s][info][gc,heap        ] GC(253) ParOldGen: 323375K(323584K)->354376K(354816K)
[238.131s][info][gc,metaspace   ] GC(253) Metaspace: 42496K(42880K)->42496K(42880K) NonClass: 38154K(38400K)->38154K(38400K) Class: 4341K(4480K)->4341K(4480K)
[238.131s][info][gc             ] GC(253) Pause Young (Allocation Failure) 586M->359M(630M) 51.520ms
[238.131s][info][gc,cpu         ] GC(253) User=0.07s Sys=0.03s Real=0.06s
[239.015s][info][gc,start       ] GC(254) Pause Young (Allocation Failure)
[239.036s][info][gc,heap        ] GC(254) PSYoungGen: 260495K(290304K)->5490K(284672K) Eden: 246784K(246784K)->0K(249344K) From: 13711K(43520K)->5490K(35328K)
[239.036s][info][gc,heap        ] GC(254) ParOldGen: 354376K(354816K)->367916K(368128K)
[239.036s][info][gc,metaspace   ] GC(254) Metaspace: 42511K(42880K)->42511K(42880K) NonClass: 38169K(38400K)->38169K(38400K) Class: 4341K(4480K)->4341K(4480K)
[239.036s][info][gc             ] GC(254) Pause Young (Allocation Failure) 600M->364M(637M) 21.309ms
[239.036s][info][gc,cpu         ] GC(254) User=0.03s Sys=0.01s Real=0.02s
[240.247s][info][gc,start       ] GC(255) Pause Young (Allocation Failure)
[240.255s][info][gc,heap        ] GC(255) PSYoungGen: 254834K(284672K)->2319K(288768K) Eden: 249344K(249344K)->0K(249344K) From: 5490K(35328K)->2319K(39424K)
[240.255s][info][gc,heap        ] GC(255) ParOldGen: 367916K(368128K)->372198K(372224K)
[240.255s][info][gc,metaspace   ] GC(255) Metaspace: 42511K(42880K)->42511K(42880K) NonClass: 38169K(38400K)->38169K(38400K) Class: 4341K(4480K)->4341K(4480K)
[240.255s][info][gc             ] GC(255) Pause Young (Allocation Failure) 608M->365M(645M) 8.004ms
[240.255s][info][gc,cpu         ] GC(255) User=0.02s Sys=0.00s Real=0.01s
[241.603s][info][gc,start       ] GC(256) Pause Young (Allocation Failure)
[241.629s][info][gc,heap        ] GC(256) PSYoungGen: 251663K(288768K)->25670K(290816K) Eden: 249344K(249344K)->0K(251904K) From: 2319K(39424K)->25670K(38912K)
[241.629s][info][gc,heap        ] GC(256) ParOldGen: 372198K(372224K)->374270K(374272K)
[241.629s][info][gc,metaspace   ] GC(256) Metaspace: 42511K(42880K)->42511K(42880K) NonClass: 38170K(38400K)->38170K(38400K) Class: 4341K(4480K)->4341K(4480K)
[241.629s][info][gc             ] GC(256) Pause Young (Allocation Failure) 609M->390M(649M) 26.175ms
[241.629s][info][gc,cpu         ] GC(256) User=0.05s Sys=0.01s Real=0.02s
[243.016s][info][gc,start       ] GC(257) Pause Young (Allocation Failure)
[243.066s][info][gc,heap        ] GC(257) PSYoungGen: 277574K(290816K)->23553K(275968K) Eden: 251904K(251904K)->0K(251904K) From: 25670K(38912K)->23553K(24064K)
[243.067s][info][gc,heap        ] GC(257) ParOldGen: 374270K(374272K)->400058K(400384K)
[243.067s][info][gc,metaspace   ] GC(257) Metaspace: 42511K(42880K)->42511K(42880K) NonClass: 38170K(38400K)->38170K(38400K) Class: 4341K(4480K)->4341K(4480K)
[243.067s][info][gc             ] GC(257) Pause Young (Allocation Failure) 636M->413M(660M) 50.783ms
[243.067s][info][gc,cpu         ] GC(257) User=0.09s Sys=0.01s Real=0.05s
[244.073s][info][gc,start       ] GC(258) Pause Young (Allocation Failure)
[244.127s][info][gc,heap        ] GC(258) PSYoungGen: 275457K(275968K)->32127K(283648K) Eden: 251904K(251904K)->0K(241664K) From: 23553K(24064K)->32127K(41984K)
[244.127s][info][gc,heap        ] GC(258) ParOldGen: 400058K(400384K)->423596K(423936K)
[244.127s][info][gc,metaspace   ] GC(258) Metaspace: 42511K(42880K)->42511K(42880K) NonClass: 38170K(38400K)->38170K(38400K) Class: 4341K(4480K)->4341K(4480K)
[244.127s][info][gc             ] GC(258) Pause Young (Allocation Failure) 659M->445M(691M) 53.772ms
[244.127s][info][gc,cpu         ] GC(258) User=0.10s Sys=0.01s Real=0.05s
[244.669s][info][gc,start       ] GC(259) Pause Young (Allocation Failure)
[244.734s][info][gc,heap        ] GC(259) PSYoungGen: 273791K(283648K)->30264K(272384K) Eden: 241664K(241664K)->0K(241664K) From: 32127K(41984K)->30264K(30720K)
[244.734s][info][gc,heap        ] GC(259) ParOldGen: 423596K(423936K)->455476K(455680K)
[244.734s][info][gc,metaspace   ] GC(259) Metaspace: 42511K(42880K)->42511K(42880K) NonClass: 38170K(38400K)->38170K(38400K) Class: 4341K(4480K)->4341K(4480K)
[244.735s][info][gc             ] GC(259) Pause Young (Allocation Failure) 681M->474M(711M) 65.497ms
[244.735s][info][gc,cpu         ] GC(259) User=0.11s Sys=0.02s Real=0.07s
[245.292s][info][gc,start       ] GC(260) Pause Young (Allocation Failure)
[245.356s][info][gc,heap        ] GC(260) PSYoungGen: 271928K(272384K)->30336K(281600K) Eden: 241664K(241664K)->0K(233472K) From: 30264K(30720K)->30336K(48128K)
[245.356s][info][gc,heap        ] GC(260) ParOldGen: 455476K(455680K)->484300K(484352K)
[245.356s][info][gc,metaspace   ] GC(260) Metaspace: 42511K(42880K)->42511K(42880K) NonClass: 38170K(38400K)->38170K(38400K) Class: 4341K(4480K)->4341K(4480K)
[245.356s][info][gc             ] GC(260) Pause Young (Allocation Failure) 710M->502M(748M) 63.547ms
[245.356s][info][gc,cpu         ] GC(260) User=0.10s Sys=0.02s Real=0.06s
[246.773s][info][gc,start       ] GC(261) Pause Young (Allocation Failure)
[246.822s][info][gc,heap        ] GC(261) PSYoungGen: 263808K(281600K)->14192K(247808K) Eden: 233472K(233472K)->0K(233472K) From: 30336K(48128K)->14192K(14336K)
[246.823s][info][gc,heap        ] GC(261) ParOldGen: 484300K(484352K)->514861K(515072K)
[246.823s][info][gc,metaspace   ] GC(261) Metaspace: 42511K(42880K)->42511K(42880K) NonClass: 38170K(38400K)->38170K(38400K) Class: 4341K(4480K)->4341K(4480K)
[246.823s][info][gc             ] GC(261) Pause Young (Allocation Failure) 730M->516M(745M) 50.033ms
[246.823s][info][gc,cpu         ] GC(261) User=0.07s Sys=0.02s Real=0.05s
[247.771s][info][gc,start       ] GC(262) Pause Young (Allocation Failure)
[247.798s][info][gc,heap        ] GC(262) PSYoungGen: 247664K(247808K)->13056K(285184K) Eden: 233472K(233472K)->0K(237568K) From: 14192K(14336K)->13056K(47616K)
[247.798s][info][gc,heap        ] GC(262) ParOldGen: 514861K(515072K)->528561K(528896K)
[247.798s][info][gc,metaspace   ] GC(262) Metaspace: 42511K(42880K)->42511K(42880K) NonClass: 38170K(38400K)->38170K(38400K) Class: 4341K(4480K)->4341K(4480K)
[247.798s][info][gc             ] GC(262) Pause Young (Allocation Failure) 744M->528M(795M) 26.907ms
[247.798s][info][gc,cpu         ] GC(262) User=0.04s Sys=0.01s Real=0.02s
[249.116s][info][gc,start       ] GC(263) Pause Young (Allocation Failure)
[249.154s][info][gc,heap        ] GC(263) PSYoungGen: 250624K(285184K)->25503K(283136K) Eden: 237568K(237568K)->0K(237568K) From: 13056K(47616K)->25503K(45568K)
[249.154s][info][gc,heap        ] GC(263) ParOldGen: 528561K(528896K)->541603K(541696K)
[249.154s][info][gc,metaspace   ] GC(263) Metaspace: 42511K(42880K)->42511K(42880K) NonClass: 38170K(38400K)->38170K(38400K) Class: 4341K(4480K)->4341K(4480K)
[249.154s][info][gc             ] GC(263) Pause Young (Allocation Failure) 760M->553M(805M) 38.397ms
[249.154s][info][gc,cpu         ] GC(263) User=0.06s Sys=0.01s Real=0.04s
[250.447s][info][gc,start       ] GC(264) Pause Young (Allocation Failure)
[250.496s][info][gc,heap        ] GC(264) PSYoungGen: 263071K(283136K)->22522K(287232K) Eden: 237568K(237568K)->0K(241664K) From: 25503K(45568K)->22522K(45568K)
[250.496s][info][gc,heap        ] GC(264) ParOldGen: 541603K(541696K)->567050K(567296K)
[250.496s][info][gc,metaspace   ] GC(264) Metaspace: 42511K(42880K)->42511K(42880K) NonClass: 38170K(38400K)->38170K(38400K) Class: 4341K(4480K)->4341K(4480K)
[250.496s][info][gc             ] GC(264) Pause Young (Allocation Failure) 785M->575M(834M) 49.516ms
[250.496s][info][gc,cpu         ] GC(264) User=0.08s Sys=0.01s Real=0.05s
[251.619s][info][gc,start       ] GC(265) Pause Young (Allocation Failure)
[251.667s][info][gc,heap        ] GC(265) PSYoungGen: 264186K(287232K)->28691K(286208K) Eden: 241664K(241664K)->0K(241664K) From: 22522K(45568K)->28691K(44544K)
[251.667s][info][gc,heap        ] GC(265) ParOldGen: 567050K(567296K)->589586K(589824K)
[251.667s][info][gc,metaspace   ] GC(265) Metaspace: 42516K(42880K)->42516K(42880K) NonClass: 38174K(38400K)->38174K(38400K) Class: 4341K(4480K)->4341K(4480K)
[251.668s][info][gc             ] GC(265) Pause Young (Allocation Failure) 811M->603M(855M) 48.853ms
[251.668s][info][gc,cpu         ] GC(265) User=0.08s Sys=0.02s Real=0.05s
[252.545s][info][gc,start       ] GC(266) Pause Young (Allocation Failure)
[252.578s][info][gc,heap        ] GC(266) PSYoungGen: 270355K(286208K)->13365K(287232K) Eden: 241664K(241664K)->0K(243712K) From: 28691K(44544K)->13365K(43520K)
[252.578s][info][gc,heap        ] GC(266) ParOldGen: 589586K(589824K)->610258K(610304K)
[252.578s][info][gc,metaspace   ] GC(266) Metaspace: 42530K(42880K)->42530K(42880K) NonClass: 38189K(38400K)->38189K(38400K) Class: 4341K(4480K)->4341K(4480K)
[252.578s][info][gc             ] GC(266) Pause Young (Allocation Failure) 839M->609M(876M) 33.267ms
[252.578s][info][gc,cpu         ] GC(266) User=0.05s Sys=0.02s Real=0.03s
[253.451s][info][gc,start       ] GC(267) Pause Young (Allocation Failure)
[253.468s][info][gc,heap        ] GC(267) PSYoungGen: 257077K(287232K)->19620K(287744K) Eden: 243712K(243712K)->0K(243712K) From: 13365K(43520K)->19620K(44032K)
[253.468s][info][gc,heap        ] GC(267) ParOldGen: 610258K(610304K)->611106K(611328K)
[253.468s][info][gc,metaspace   ] GC(267) Metaspace: 42530K(42880K)->42530K(42880K) NonClass: 38189K(38400K)->38189K(38400K) Class: 4341K(4480K)->4341K(4480K)
[253.468s][info][gc             ] GC(267) Pause Young (Allocation Failure) 847M->615M(878M) 17.157ms
[253.468s][info][gc,cpu         ] GC(267) User=0.03s Sys=0.00s Real=0.01s
[254.506s][info][gc,start       ] GC(268) Pause Young (Allocation Failure)
[254.512s][info][gc,heap        ] GC(268) PSYoungGen: 263332K(287744K)->4732K(288256K) Eden: 243712K(243712K)->0K(246272K) From: 19620K(44032K)->4732K(41984K)
[254.512s][info][gc,heap        ] GC(268) ParOldGen: 611106K(611328K)->612146K(612352K)
[254.512s][info][gc,metaspace   ] GC(268) Metaspace: 42530K(42880K)->42530K(42880K) NonClass: 38189K(38400K)->38189K(38400K) Class: 4341K(4480K)->4341K(4480K)
[254.512s][info][gc             ] GC(268) Pause Young (Allocation Failure) 853M->602M(879M) 5.722ms
[254.512s][info][gc,cpu         ] GC(268) User=0.01s Sys=0.00s Real=0.01s
[255.281s][info][gc,start       ] GC(269) Pause Young (Allocation Failure)
[255.287s][info][gc,heap        ] GC(269) PSYoungGen: 251004K(288256K)->4756K(288256K) Eden: 246272K(246272K)->0K(246272K) From: 4732K(41984K)->4756K(41984K)
[255.287s][info][gc,heap        ] GC(269) ParOldGen: 612146K(612352K)->613378K(613888K)
[255.287s][info][gc,metaspace   ] GC(269) Metaspace: 42540K(42880K)->42540K(42880K) NonClass: 38197K(38400K)->38197K(38400K) Class: 4343K(4480K)->4343K(4480K)
[255.287s][info][gc             ] GC(269) Pause Young (Allocation Failure) 842M->603M(881M) 6.442ms
[255.287s][info][gc,cpu         ] GC(269) User=0.01s Sys=0.00s Real=0.00s
[256.129s][info][gc,start       ] GC(270) Pause Young (Allocation Failure)
[256.151s][info][gc,heap        ] GC(270) PSYoungGen: 251028K(288256K)->25729K(289792K) Eden: 246272K(246272K)->0K(247808K) From: 4756K(41984K)->25729K(41984K)
[256.151s][info][gc,heap        ] GC(270) ParOldGen: 613378K(613888K)->614490K(614912K)
[256.151s][info][gc,metaspace   ] GC(270) Metaspace: 42540K(42880K)->42540K(42880K) NonClass: 38197K(38400K)->38197K(38400K) Class: 4343K(4480K)->4343K(4480K)
[256.151s][info][gc             ] GC(270) Pause Young (Allocation Failure) 844M->625M(883M) 22.392ms
[256.151s][info][gc,cpu         ] GC(270) User=0.04s Sys=0.00s Real=0.03s
[257.061s][info][gc,start       ] GC(271) Pause Young (Allocation Failure)
[257.071s][info][gc,heap        ] GC(271) PSYoungGen: 273537K(289792K)->11060K(259072K) Eden: 247808K(247808K)->0K(247808K) From: 25729K(41984K)->11060K(11264K)
[257.071s][info][gc,heap        ] GC(271) ParOldGen: 614490K(614912K)->615250K(615424K)
[257.071s][info][gc,metaspace   ] GC(271) Metaspace: 42540K(42880K)->42540K(42880K) NonClass: 38197K(38400K)->38197K(38400K) Class: 4343K(4480K)->4343K(4480K)
[257.071s][info][gc             ] GC(271) Pause Young (Allocation Failure) 867M->611M(854M) 9.863ms
[257.071s][info][gc,cpu         ] GC(271) User=0.02s Sys=0.00s Real=0.01s
[257.868s][info][gc,start       ] GC(272) Pause Young (Allocation Failure)
[257.875s][info][gc,heap        ] GC(272) PSYoungGen: 258868K(259072K)->7286K(291328K) Eden: 247808K(247808K)->0K(249856K) From: 11060K(11264K)->7286K(41472K)
[257.875s][info][gc,heap        ] GC(272) ParOldGen: 615250K(615424K)->616362K(616448K)
[257.875s][info][gc,metaspace   ] GC(272) Metaspace: 42541K(42880K)->42541K(42880K) NonClass: 38198K(38400K)->38198K(38400K) Class: 4343K(4480K)->4343K(4480K)
[257.875s][info][gc             ] GC(272) Pause Young (Allocation Failure) 853M->609M(886M) 7.448ms
[257.875s][info][gc,cpu         ] GC(272) User=0.01s Sys=0.00s Real=0.01s
[258.739s][info][gc,start       ] GC(273) Pause Young (Allocation Failure)
[258.747s][info][gc,heap        ] GC(273) PSYoungGen: 257142K(291328K)->7445K(290304K) Eden: 249856K(249856K)->0K(249856K) From: 7286K(41472K)->7445K(40448K)
[258.747s][info][gc,heap        ] GC(273) ParOldGen: 616362K(616448K)->617314K(617472K)
[258.747s][info][gc,metaspace   ] GC(273) Metaspace: 42541K(42880K)->42541K(42880K) NonClass: 38198K(38400K)->38198K(38400K) Class: 4343K(4480K)->4343K(4480K)
[258.747s][info][gc             ] GC(273) Pause Young (Allocation Failure) 853M->610M(886M) 8.446ms
[258.747s][info][gc,cpu         ] GC(273) User=0.02s Sys=0.00s Real=0.01s
[259.645s][info][gc,start       ] GC(274) Pause Young (Allocation Failure)
[259.652s][info][gc,heap        ] GC(274) PSYoungGen: 257301K(290304K)->6020K(291840K) Eden: 249856K(249856K)->0K(252416K) From: 7445K(40448K)->6020K(39424K)
[259.652s][info][gc,heap        ] GC(274) ParOldGen: 617314K(617472K)->618366K(618496K)
[259.652s][info][gc,metaspace   ] GC(274) Metaspace: 42541K(42880K)->42541K(42880K) NonClass: 38198K(38400K)->38198K(38400K) Class: 4343K(4480K)->4343K(4480K)
[259.652s][info][gc             ] GC(274) Pause Young (Allocation Failure) 854M->609M(889M) 6.961ms
[259.652s][info][gc,cpu         ] GC(274) User=0.01s Sys=0.00s Real=0.01s
[260.436s][info][gc,start       ] GC(275) Pause Young (Allocation Failure)
[260.475s][info][gc,heap        ] GC(275) PSYoungGen: 258436K(291840K)->38910K(291328K) Eden: 252416K(252416K)->0K(252416K) From: 6020K(39424K)->38910K(38912K)
[260.475s][info][gc,heap        ] GC(275) ParOldGen: 618366K(618496K)->622742K(623104K)
[260.475s][info][gc,metaspace   ] GC(275) Metaspace: 42542K(42880K)->42542K(42880K) NonClass: 38199K(38400K)->38199K(38400K) Class: 4343K(4480K)->4343K(4480K)
[260.475s][info][gc             ] GC(275) Pause Young (Allocation Failure) 856M->646M(893M) 38.756ms
[260.475s][info][gc,cpu         ] GC(275) User=0.07s Sys=0.00s Real=0.04s
[261.742s][info][gc,start       ] GC(276) Pause Young (Allocation Failure)
[261.788s][info][gc,heap        ] GC(276) PSYoungGen: 291326K(291328K)->17122K(288256K) Eden: 252416K(252416K)->0K(245760K) From: 38910K(38912K)->17122K(42496K)
[261.788s][info][gc,heap        ] GC(276) ParOldGen: 622742K(623104K)->642659K(643072K)
[261.788s][info][gc,metaspace   ] GC(276) Metaspace: 42542K(42880K)->42542K(42880K) NonClass: 38199K(38400K)->38199K(38400K) Class: 4343K(4480K)->4343K(4480K)
[261.788s][info][gc             ] GC(276) Pause Young (Allocation Failure) 892M->644M(909M) 46.401ms
[261.788s][info][gc,cpu         ] GC(276) User=0.08s Sys=0.01s Real=0.04s
[262.589s][info][gc,start       ] GC(277) Pause Full (Allocation Failure)
[262.589s][info][gc,phases,start] GC(277) Marking Phase
[262.650s][info][gc,phases      ] GC(277) Marking Phase 61.162ms
[262.650s][info][gc,phases,start] GC(277) Summary Phase
[262.650s][info][gc,phases      ] GC(277) Summary Phase 0.030ms
[262.650s][info][gc,phases,start] GC(277) Forward
[262.661s][info][gc,phases      ] GC(277) Forward 10.954ms
[262.661s][info][gc,phases,start] GC(277) Adjust Pointers
[262.692s][info][gc,phases      ] GC(277) Adjust Pointers 30.392ms
[262.692s][info][gc,phases,start] GC(277) Compaction Phase
[262.703s][info][gc,phases      ] GC(277) Compaction Phase 11.203ms
[262.703s][info][gc,phases,start] GC(277) Post Compact
[262.706s][info][gc,phases      ] GC(277) Post Compact 3.114ms
[262.742s][info][gc,heap        ] GC(277) PSYoungGen: 262882K(288256K)->0K(289792K) Eden: 245760K(245760K)->0K(245760K) From: 17122K(42496K)->0K(44032K)
[262.742s][info][gc,heap        ] GC(277) ParOldGen: 642659K(643072K)->73153K(192512K)
[262.742s][info][gc,metaspace   ] GC(277) Metaspace: 42542K(42880K)->42542K(42880K) NonClass: 38199K(38400K)->38199K(38400K) Class: 4343K(4480K)->4343K(4480K)
[262.742s][info][gc             ] GC(277) Pause Full (Allocation Failure) 884M->71M(471M) 153.255ms
[262.742s][info][gc,cpu         ] GC(277) User=0.18s Sys=0.04s Real=0.16s
[263.453s][info][gc,start       ] GC(278) Pause Young (Allocation Failure)
[263.467s][info][gc,heap        ] GC(278) PSYoungGen: 245760K(289792K)->16999K(284672K) Eden: 245760K(245760K)->0K(245760K) From: 0K(44032K)->16999K(38912K)
[263.467s][info][gc,heap        ] GC(278) ParOldGen: 73153K(192512K)->73153K(192512K)
[263.467s][info][gc,metaspace   ] GC(278) Metaspace: 42546K(42880K)->42546K(42880K) NonClass: 38202K(38400K)->38202K(38400K) Class: 4343K(4480K)->4343K(4480K)
[263.467s][info][gc             ] GC(278) Pause Young (Allocation Failure) 311M->88M(466M) 14.237ms
[263.467s][info][gc,cpu         ] GC(278) User=0.02s Sys=0.00s Real=0.01s
[264.251s][info][gc,start       ] GC(279) Pause Young (Allocation Failure)
[264.263s][info][gc,heap        ] GC(279) PSYoungGen: 262759K(284672K)->2069K(287232K) Eden: 245760K(245760K)->0K(245760K) From: 16999K(38912K)->2069K(41472K)
[264.263s][info][gc,heap        ] GC(279) ParOldGen: 73153K(192512K)->89522K(192512K)
[264.263s][info][gc,metaspace   ] GC(279) Metaspace: 42546K(42880K)->42546K(42880K) NonClass: 38202K(38400K)->38202K(38400K) Class: 4343K(4480K)->4343K(4480K)
[264.263s][info][gc             ] GC(279) Pause Young (Allocation Failure) 328M->89M(468M) 12.589ms
[264.263s][info][gc,cpu         ] GC(279) User=0.03s Sys=0.00s Real=0.01s
[265.083s][info][gc,start       ] GC(280) Pause Young (Allocation Failure)
[265.103s][info][gc,heap        ] GC(280) PSYoungGen: 247829K(287232K)->34566K(283136K) Eden: 245760K(245760K)->0K(241664K) From: 2069K(41472K)->34566K(41472K)
[265.103s][info][gc,heap        ] GC(280) ParOldGen: 89522K(192512K)->90010K(192512K)
[265.103s][info][gc,metaspace   ] GC(280) Metaspace: 42546K(42880K)->42546K(42880K) NonClass: 38202K(38400K)->38202K(38400K) Class: 4343K(4480K)->4343K(4480K)
[265.103s][info][gc             ] GC(280) Pause Young (Allocation Failure) 329M->121M(464M) 19.371ms
[265.103s][info][gc,cpu         ] GC(280) User=0.04s Sys=0.00s Real=0.02s
[265.917s][info][gc,start       ] GC(281) Pause Young (Allocation Failure)
[265.943s][info][gc,heap        ] GC(281) PSYoungGen: 276230K(283136K)->43183K(285184K) Eden: 241664K(241664K)->0K(241664K) From: 34566K(41472K)->43183K(43520K)
[265.943s][info][gc,heap        ] GC(281) ParOldGen: 90010K(192512K)->90704K(192512K)
[265.943s][info][gc,metaspace   ] GC(281) Metaspace: 42546K(42880K)->42546K(42880K) NonClass: 38203K(38400K)->38203K(38400K) Class: 4343K(4480K)->4343K(4480K)
[265.943s][info][gc             ] GC(281) Pause Young (Allocation Failure) 357M->130M(466M) 25.494ms
[265.943s][info][gc,cpu         ] GC(281) User=0.05s Sys=0.00s Real=0.03s
[266.796s][info][gc,start       ] GC(282) Pause Young (Allocation Failure)
[266.812s][info][gc,heap        ] GC(282) PSYoungGen: 284847K(285184K)->24244K(280064K) Eden: 241664K(241664K)->0K(231424K) From: 43183K(43520K)->24244K(48640K)
[266.812s][info][gc,heap        ] GC(282) ParOldGen: 90704K(192512K)->92367K(192512K)
[266.812s][info][gc,metaspace   ] GC(282) Metaspace: 42546K(42880K)->42546K(42880K) NonClass: 38203K(38400K)->38203K(38400K) Class: 4343K(4480K)->4343K(4480K)
[266.812s][info][gc             ] GC(282) Pause Young (Allocation Failure) 366M->113M(461M) 15.908ms
[266.812s][info][gc,cpu         ] GC(282) User=0.03s Sys=0.00s Real=0.02s
[267.607s][info][gc,start       ] GC(283) Pause Young (Allocation Failure)
[267.670s][info][gc,heap        ] GC(283) PSYoungGen: 255668K(280064K)->51174K(282624K) Eden: 231424K(231424K)->0K(231424K) From: 24244K(48640K)->51174K(51200K)
[267.670s][info][gc,heap        ] GC(283) ParOldGen: 92367K(192512K)->143266K(192512K)
[267.670s][info][gc,metaspace   ] GC(283) Metaspace: 42546K(42880K)->42546K(42880K) NonClass: 38203K(38400K)->38203K(38400K) Class: 4343K(4480K)->4343K(4480K)
[267.670s][info][gc             ] GC(283) Pause Young (Allocation Failure) 339M->189M(464M) 62.793ms
[267.670s][info][gc,cpu         ] GC(283) User=0.12s Sys=0.00s Real=0.07s
[268.440s][info][gc,start       ] GC(284) Pause Young (Allocation Failure)
[268.493s][info][gc,heap        ] GC(284) PSYoungGen: 282598K(282624K)->39918K(230400K) Eden: 231424K(231424K)->0K(179200K) From: 51174K(51200K)->39918K(51200K)
[268.493s][info][gc,heap        ] GC(284) ParOldGen: 143266K(192512K)->189935K(192512K)
[268.493s][info][gc,metaspace   ] GC(284) Metaspace: 42546K(42880K)->42546K(42880K) NonClass: 38203K(38400K)->38203K(38400K) Class: 4343K(4480K)->4343K(4480K)
[268.493s][info][gc             ] GC(284) Pause Young (Allocation Failure) 415M->224M(413M) 53.368ms
[268.493s][info][gc,cpu         ] GC(284) User=0.11s Sys=0.00s Real=0.05s
[269.114s][info][gc,start       ] GC(285) Pause Young (Allocation Failure)
[269.125s][info][gc,heap        ] GC(285) PSYoungGen: 219118K(230400K)->14031K(256512K) Eden: 179200K(179200K)->0K(179200K) From: 39918K(51200K)->14031K(77312K)
[269.125s][info][gc,heap        ] GC(285) ParOldGen: 189935K(192512K)->192519K(193024K)
[269.125s][info][gc,metaspace   ] GC(285) Metaspace: 42548K(42880K)->42548K(42880K) NonClass: 38204K(38400K)->38204K(38400K) Class: 4343K(4480K)->4343K(4480K)
[269.125s][info][gc             ] GC(285) Pause Young (Allocation Failure) 399M->201M(439M) 10.937ms
[269.125s][info][gc,cpu         ] GC(285) User=0.02s Sys=0.00s Real=0.01s
[269.656s][info][gc,start       ] GC(286) Pause Young (Allocation Failure)
[269.663s][info][gc,heap        ] GC(286) PSYoungGen: 193231K(256512K)->9268K(251392K) Eden: 179200K(179200K)->0K(181248K) From: 14031K(77312K)->9268K(70144K)
[269.663s][info][gc,heap        ] GC(286) ParOldGen: 192519K(193024K)->193202K(193536K)
[269.663s][info][gc,metaspace   ] GC(286) Metaspace: 42548K(42880K)->42548K(42880K) NonClass: 38205K(38400K)->38205K(38400K) Class: 4343K(4480K)->4343K(4480K)
[269.663s][info][gc             ] GC(286) Pause Young (Allocation Failure) 376M->197M(434M) 6.529ms
[269.663s][info][gc,cpu         ] GC(286) User=0.01s Sys=0.00s Real=0.01s
[270.229s][info][gc,start       ] GC(287) Pause Young (Allocation Failure)
[270.234s][info][gc,heap        ] GC(287) PSYoungGen: 190516K(251392K)->4928K(254976K) Eden: 181248K(181248K)->0K(181248K) From: 9268K(70144K)->4928K(73728K)
[270.234s][info][gc,heap        ] GC(287) ParOldGen: 193202K(193536K)->193974K(194048K)
[270.234s][info][gc,metaspace   ] GC(287) Metaspace: 42548K(42880K)->42548K(42880K) NonClass: 38205K(38400K)->38205K(38400K) Class: 4343K(4480K)->4343K(4480K)
[270.234s][info][gc             ] GC(287) Pause Young (Allocation Failure) 374M->194M(438M) 5.233ms
[270.234s][info][gc,cpu         ] GC(287) User=0.01s Sys=0.00s Real=0.01s
[270.781s][info][gc,start       ] GC(288) Pause Young (Allocation Failure)
[270.783s][info][gc,heap        ] GC(288) PSYoungGen: 186176K(254976K)->960K(257024K) Eden: 181248K(181248K)->0K(187392K) From: 4928K(73728K)->960K(69632K)
[270.783s][info][gc,heap        ] GC(288) ParOldGen: 193974K(194048K)->194407K(194560K)
[270.783s][info][gc,metaspace   ] GC(288) Metaspace: 42548K(42880K)->42548K(42880K) NonClass: 38205K(38400K)->38205K(38400K) Class: 4343K(4480K)->4343K(4480K)
[270.783s][info][gc             ] GC(288) Pause Young (Allocation Failure) 371M->190M(441M) 2.510ms
[270.783s][info][gc,cpu         ] GC(288) User=0.00s Sys=0.01s Real=0.00s
[271.299s][info][gc,start       ] GC(289) Pause Young (Allocation Failure)
[271.312s][info][gc,heap        ] GC(289) PSYoungGen: 188352K(257024K)->21616K(259072K) Eden: 187392K(187392K)->0K(187392K) From: 960K(69632K)->21616K(71680K)
[271.312s][info][gc,heap        ] GC(289) ParOldGen: 194407K(194560K)->194806K(195072K)
[271.312s][info][gc,metaspace   ] GC(289) Metaspace: 42550K(42880K)->42550K(42880K) NonClass: 38206K(38400K)->38206K(38400K) Class: 4343K(4480K)->4343K(4480K)
[271.312s][info][gc             ] GC(289) Pause Young (Allocation Failure) 373M->211M(443M) 13.275ms
[271.312s][info][gc,cpu         ] GC(289) User=0.02s Sys=0.00s Real=0.02s
[271.843s][info][gc,start       ] GC(290) Pause Young (Allocation Failure)
[271.862s][info][gc,heap        ] GC(290) PSYoungGen: 209008K(259072K)->716K(260608K) Eden: 187392K(187392K)->0K(193536K) From: 21616K(71680K)->716K(67072K)
[271.862s][info][gc,heap        ] GC(290) ParOldGen: 194806K(195072K)->215413K(215552K)
[271.862s][info][gc,metaspace   ] GC(290) Metaspace: 42551K(42944K)->42551K(42944K) NonClass: 38207K(38464K)->38207K(38464K) Class: 4343K(4480K)->4343K(4480K)
[271.862s][info][gc             ] GC(290) Pause Young (Allocation Failure) 394M->211M(465M) 19.233ms
[271.862s][info][gc,cpu         ] GC(290) User=0.02s Sys=0.02s Real=0.02s
[272.394s][info][gc,start       ] GC(291) Pause Young (Allocation Failure)
[272.398s][info][gc,heap        ] GC(291) PSYoungGen: 194252K(260608K)->4700K(259584K) Eden: 193536K(193536K)->0K(193536K) From: 716K(67072K)->4700K(66048K)
[272.398s][info][gc,heap        ] GC(291) ParOldGen: 215413K(215552K)->215429K(215552K)
[272.398s][info][gc,metaspace   ] GC(291) Metaspace: 42551K(42944K)->42551K(42944K) NonClass: 38207K(38464K)->38207K(38464K) Class: 4343K(4480K)->4343K(4480K)
[272.398s][info][gc             ] GC(291) Pause Young (Allocation Failure) 400M->214M(464M) 4.447ms
[272.398s][info][gc,cpu         ] GC(291) User=0.01s Sys=0.00s Real=0.00s
[272.714s][info][gc,start       ] GC(292) Pause Young (Allocation Failure)
[272.720s][info][gc,heap        ] GC(292) PSYoungGen: 198236K(259584K)->2958K(265728K) Eden: 193536K(193536K)->0K(202752K) From: 4700K(66048K)->2958K(62976K)
[272.720s][info][gc,heap        ] GC(292) ParOldGen: 215429K(215552K)->217380K(217600K)
[272.720s][info][gc,metaspace   ] GC(292) Metaspace: 42551K(42944K)->42551K(42944K) NonClass: 38207K(38464K)->38207K(38464K) Class: 4343K(4480K)->4343K(4480K)
[272.720s][info][gc             ] GC(292) Pause Young (Allocation Failure) 403M->215M(472M) 5.239ms
[272.720s][info][gc,cpu         ] GC(292) User=0.01s Sys=0.00s Real=0.00s
[273.047s][info][gc,start       ] GC(293) Pause Young (Allocation Failure)
[273.050s][info][gc,heap        ] GC(293) PSYoungGen: 204125K(265728K)->1308K(264704K) Eden: 201166K(202752K)->0K(202752K) From: 2958K(62976K)->1308K(61952K)
[273.050s][info][gc,heap        ] GC(293) ParOldGen: 217380K(217600K)->217436K(217600K)
[273.050s][info][gc,metaspace   ] GC(293) Metaspace: 42551K(42944K)->42551K(42944K) NonClass: 38207K(38464K)->38207K(38464K) Class: 4343K(4480K)->4343K(4480K)
[273.050s][info][gc             ] GC(293) Pause Young (Allocation Failure) 411M->213M(471M) 2.649ms
[273.050s][info][gc,cpu         ] GC(293) User=0.00s Sys=0.00s Real=0.00s
[273.359s][info][gc,start       ] GC(294) Pause Young (Allocation Failure)
[273.367s][info][gc,heap        ] GC(294) PSYoungGen: 203649K(264704K)->9211K(268800K) Eden: 202341K(202752K)->0K(211968K) From: 1308K(61952K)->9211K(56832K)
[273.367s][info][gc,heap        ] GC(294) ParOldGen: 217436K(217600K)->218631K(219136K)
[273.367s][info][gc,metaspace   ] GC(294) Metaspace: 42554K(42944K)->42554K(42944K) NonClass: 38210K(38464K)->38210K(38464K) Class: 4343K(4480K)->4343K(4480K)
[273.367s][info][gc             ] GC(294) Pause Young (Allocation Failure) 411M->222M(476M) 7.758ms
[273.367s][info][gc,cpu         ] GC(294) User=0.02s Sys=0.00s Real=0.01s
[273.648s][info][gc,start       ] GC(295) Pause Young (Allocation Failure)
[273.659s][info][gc,heap        ] GC(295) PSYoungGen: 221179K(268800K)->2005K(268800K) Eden: 211968K(211968K)->0K(211968K) From: 9211K(56832K)->2005K(56832K)
[273.659s][info][gc,heap        ] GC(295) ParOldGen: 218631K(219136K)->227649K(227840K)
[273.659s][info][gc,metaspace   ] GC(295) Metaspace: 42554K(42944K)->42554K(42944K) NonClass: 38210K(38464K)->38210K(38464K) Class: 4343K(4480K)->4343K(4480K)
[273.659s][info][gc             ] GC(295) Pause Young (Allocation Failure) 429M->224M(485M) 10.768ms
[273.659s][info][gc,cpu         ] GC(295) User=0.01s Sys=0.01s Real=0.01s
[273.911s][info][gc,start       ] GC(296) Pause Young (Allocation Failure)
[273.918s][info][gc,heap        ] GC(296) PSYoungGen: 213744K(268800K)->2644K(273920K) Eden: 211739K(211968K)->0K(222208K) From: 2005K(56832K)->2644K(51712K)
[273.918s][info][gc,heap        ] GC(296) ParOldGen: 227649K(227840K)->229605K(229888K)
[273.918s][info][gc,metaspace   ] GC(296) Metaspace: 42554K(42944K)->42554K(42944K) NonClass: 38210K(38464K)->38210K(38464K) Class: 4343K(4480K)->4343K(4480K)
[273.918s][info][gc             ] GC(296) Pause Young (Allocation Failure) 431M->226M(492M) 6.713ms
[273.918s][info][gc,cpu         ] GC(296) User=0.01s Sys=0.00s Real=0.00s
[274.189s][info][gc,start       ] GC(297) Pause Young (Allocation Failure)
[274.197s][info][gc,heap        ] GC(297) PSYoungGen: 224455K(273920K)->4110K(274432K) Eden: 221811K(222208K)->0K(222208K) From: 2644K(51712K)->4110K(52224K)
[274.197s][info][gc,heap        ] GC(297) ParOldGen: 229605K(229888K)->232236K(232448K)
[274.197s][info][gc,metaspace   ] GC(297) Metaspace: 42554K(42944K)->42554K(42944K) NonClass: 38210K(38464K)->38210K(38464K) Class: 4343K(4480K)->4343K(4480K)
[274.198s][info][gc             ] GC(297) Pause Young (Allocation Failure) 443M->230M(495M) 8.273ms
[274.198s][info][gc,cpu         ] GC(297) User=0.01s Sys=0.00s Real=0.01s
[274.477s][info][gc,start       ] GC(298) Pause Young (Allocation Failure)
[274.490s][info][gc,heap        ] GC(298) PSYoungGen: 225167K(274432K)->6463K(277504K) Eden: 221056K(222208K)->0K(231936K) From: 4110K(52224K)->6463K(45568K)
[274.490s][info][gc,heap        ] GC(298) ParOldGen: 232236K(232448K)->236331K(236544K)
[274.490s][info][gc,metaspace   ] GC(298) Metaspace: 42554K(42944K)->42554K(42944K) NonClass: 38210K(38464K)->38210K(38464K) Class: 4343K(4480K)->4343K(4480K)
[274.490s][info][gc             ] GC(298) Pause Young (Allocation Failure) 446M->237M(502M) 12.404ms
[274.490s][info][gc,cpu         ] GC(298) User=0.02s Sys=0.00s Real=0.01s
[274.785s][info][gc,start       ] GC(299) Pause Young (Allocation Failure)
[274.800s][info][gc,heap        ] GC(299) PSYoungGen: 237425K(277504K)->6306K(278528K) Eden: 230962K(231936K)->0K(231936K) From: 6463K(45568K)->6306K(46592K)
[274.800s][info][gc,heap        ] GC(299) ParOldGen: 236331K(236544K)->242849K(243200K)
[274.801s][info][gc,metaspace   ] GC(299) Metaspace: 42554K(42944K)->42554K(42944K) NonClass: 38210K(38464K)->38210K(38464K) Class: 4343K(4480K)->4343K(4480K)
[274.801s][info][gc             ] GC(299) Pause Young (Allocation Failure) 462M->243M(509M) 15.499ms
[274.801s][info][gc,cpu         ] GC(299) User=0.03s Sys=0.01s Real=0.02s
[275.089s][info][gc,start       ] GC(300) Pause Young (Allocation Failure)
[275.103s][info][gc,heap        ] GC(300) PSYoungGen: 238242K(278528K)->5919K(283648K) Eden: 231936K(231936K)->0K(243200K) From: 6306K(46592K)->5919K(40448K)
[275.103s][info][gc,heap        ] GC(300) ParOldGen: 242849K(243200K)->249213K(249344K)
[275.103s][info][gc,metaspace   ] GC(300) Metaspace: 42554K(42944K)->42554K(42944K) NonClass: 38210K(38464K)->38210K(38464K) Class: 4343K(4480K)->4343K(4480K)
[275.103s][info][gc             ] GC(300) Pause Young (Allocation Failure) 469M->249M(520M) 14.620ms
[275.103s][info][gc,cpu         ] GC(300) User=0.02s Sys=0.01s Real=0.02s
[275.637s][info][gc,start       ] GC(301) Pause Young (Allocation Failure)
[275.655s][info][gc,heap        ] GC(301) PSYoungGen: 249119K(283648K)->13451K(284672K) Eden: 243200K(243200K)->0K(243200K) From: 5919K(40448K)->13451K(41472K)
[275.655s][info][gc,heap        ] GC(301) ParOldGen: 249213K(249344K)->255109K(255488K)
[275.655s][info][gc,metaspace   ] GC(301) Metaspace: 42648K(43008K)->42648K(43008K) NonClass: 38304K(38528K)->38304K(38528K) Class: 4343K(4480K)->4343K(4480K)
[275.655s][info][gc             ] GC(301) Pause Young (Allocation Failure) 486M->262M(527M) 18.136ms
[275.655s][info][gc,cpu         ] GC(301) User=0.03s Sys=0.00s Real=0.02s
[276.177s][info][gc,start       ] GC(302) Pause Young (Allocation Failure)
[276.190s][info][gc,heap        ] GC(302) PSYoungGen: 256651K(284672K)->3844K(290304K) Eden: 243200K(243200K)->0K(252928K) From: 13451K(41472K)->3844K(37376K)
[276.190s][info][gc,heap        ] GC(302) ParOldGen: 255109K(255488K)->264165K(264192K)
[276.190s][info][gc,metaspace   ] GC(302) Metaspace: 42649K(43008K)->42649K(43008K) NonClass: 38306K(38528K)->38306K(38528K) Class: 4343K(4480K)->4343K(4480K)
[276.190s][info][gc             ] GC(302) Pause Young (Allocation Failure) 499M->261M(541M) 13.081ms
[276.190s][info][gc,cpu         ] GC(302) User=0.02s Sys=0.01s Real=0.02s
[276.746s][info][gc,start       ] GC(303) Pause Young (Allocation Failure)
[276.751s][info][gc,heap        ] GC(303) PSYoungGen: 256772K(290304K)->5127K(290816K) Eden: 252928K(252928K)->0K(252928K) From: 3844K(37376K)->5127K(37888K)
[276.751s][info][gc,heap        ] GC(303) ParOldGen: 264165K(264192K)->264173K(264192K)
[276.751s][info][gc,metaspace   ] GC(303) Metaspace: 42650K(43008K)->42650K(43008K) NonClass: 38307K(38528K)->38307K(38528K) Class: 4343K(4480K)->4343K(4480K)
[276.751s][info][gc             ] GC(303) Pause Young (Allocation Failure) 508M->262M(542M) 5.544ms
[276.751s][info][gc,cpu         ] GC(303) User=0.01s Sys=0.00s Real=0.01s
[277.299s][info][gc,start       ] GC(304) Pause Young (Allocation Failure)
[277.303s][info][gc,heap        ] GC(304) PSYoungGen: 258055K(290816K)->2978K(294400K) Eden: 252928K(252928K)->0K(260096K) From: 5127K(37888K)->2978K(34304K)
[277.303s][info][gc,heap        ] GC(304) ParOldGen: 264173K(264192K)->264189K(264192K)
[277.303s][info][gc,metaspace   ] GC(304) Metaspace: 42650K(43008K)->42650K(43008K) NonClass: 38307K(38528K)->38307K(38528K) Class: 4343K(4480K)->4343K(4480K)
[277.303s][info][gc             ] GC(304) Pause Young (Allocation Failure) 509M->260M(545M) 3.250ms
[277.303s][info][gc,cpu         ] GC(304) User=0.00s Sys=0.00s Real=0.01s
[277.919s][info][gc,start       ] GC(305) Pause Young (Allocation Failure)
[277.924s][info][gc,heap        ] GC(305) PSYoungGen: 263074K(294400K)->7665K(294400K) Eden: 260096K(260096K)->0K(260096K) From: 2978K(34304K)->7665K(34304K)
[277.924s][info][gc,heap        ] GC(305) ParOldGen: 264189K(264192K)->264513K(264704K)
[277.924s][info][gc,metaspace   ] GC(305) Metaspace: 42707K(43072K)->42707K(43072K) NonClass: 38364K(38592K)->38364K(38592K) Class: 4343K(4480K)->4343K(4480K)
[277.924s][info][gc             ] GC(305) Pause Young (Allocation Failure) 514M->265M(546M) 5.474ms
[277.924s][info][gc,cpu         ] GC(305) User=0.01s Sys=0.00s Real=0.01s
[279.031s][info][gc,start       ] GC(306) Pause Young (Allocation Failure)
[279.037s][info][gc,heap        ] GC(306) PSYoungGen: 267761K(294400K)->5766K(297984K) Eden: 260096K(260096K)->0K(266752K) From: 7665K(34304K)->5766K(31232K)
[279.037s][info][gc,heap        ] GC(306) ParOldGen: 264513K(264704K)->264633K(264704K)
[279.037s][info][gc,metaspace   ] GC(306) Metaspace: 42744K(43136K)->42744K(43136K) NonClass: 38400K(38656K)->38400K(38656K) Class: 4343K(4480K)->4343K(4480K)
[279.037s][info][gc             ] GC(306) Pause Young (Allocation Failure) 519M->264M(549M) 5.645ms
[279.037s][info][gc,cpu         ] GC(306) User=0.02s Sys=0.00s Real=0.00s
[279.896s][info][gc,start       ] GC(307) Pause Young (Allocation Failure)
[279.925s][info][gc,heap        ] GC(307) PSYoungGen: 272518K(297984K)->28079K(296960K) Eden: 266752K(266752K)->0K(266752K) From: 5766K(31232K)->28079K(30208K)
[279.925s][info][gc,heap        ] GC(307) ParOldGen: 264633K(264704K)->267636K(267776K)
[279.925s][info][gc,metaspace   ] GC(307) Metaspace: 42754K(43136K)->42754K(43136K) NonClass: 38410K(38656K)->38410K(38656K) Class: 4343K(4480K)->4343K(4480K)
[279.925s][info][gc             ] GC(307) Pause Young (Allocation Failure) 524M->288M(551M) 28.472ms
[279.925s][info][gc,cpu         ] GC(307) User=0.06s Sys=0.00s Real=0.03s
[280.481s][info][gc,start       ] GC(308) Pause Young (Allocation Failure)
[280.547s][info][gc,heap        ] GC(308) PSYoungGen: 294831K(296960K)->30616K(288256K) Eden: 266752K(266752K)->0K(252928K) From: 28079K(30208K)->30616K(35328K)
[280.547s][info][gc,heap        ] GC(308) ParOldGen: 267636K(267776K)->294972K(295424K)
[280.547s][info][gc,metaspace   ] GC(308) Metaspace: 42754K(43136K)->42754K(43136K) NonClass: 38411K(38656K)->38411K(38656K) Class: 4343K(4480K)->4343K(4480K)
[280.547s][info][gc             ] GC(308) Pause Young (Allocation Failure) 549M->317M(570M) 65.432ms
[280.547s][info][gc,cpu         ] GC(308) User=0.11s Sys=0.02s Real=0.06s
[281.078s][info][gc,start       ] GC(309) Pause Young (Allocation Failure)
[281.143s][info][gc,heap        ] GC(309) PSYoungGen: 283544K(288256K)->32724K(285696K) Eden: 252928K(252928K)->0K(252928K) From: 30616K(35328K)->32724K(32768K)
[281.144s][info][gc,heap        ] GC(309) ParOldGen: 294972K(295424K)->324124K(324608K)
[281.144s][info][gc,metaspace   ] GC(309) Metaspace: 42755K(43136K)->42755K(43136K) NonClass: 38411K(38656K)->38411K(38656K) Class: 4343K(4480K)->4343K(4480K)
[281.144s][info][gc             ] GC(309) Pause Young (Allocation Failure) 564M->348M(596M) 65.216ms
[281.144s][info][gc,cpu         ] GC(309) User=0.11s Sys=0.02s Real=0.07s
[284.476s][info][gc,start       ] GC(310) Pause Young (Allocation Failure)
[284.526s][info][gc,heap        ] GC(310) PSYoungGen: 285652K(285696K)->14880K(291840K) Eden: 252928K(252928K)->0K(246784K) From: 32724K(32768K)->14880K(45056K)
[284.526s][info][gc,heap        ] GC(310) ParOldGen: 324124K(324608K)->352453K(352768K)
[284.526s][info][gc,metaspace   ] GC(310) Metaspace: 42764K(43136K)->42764K(43136K) NonClass: 38421K(38656K)->38421K(38656K) Class: 4343K(4480K)->4343K(4480K)
[284.526s][info][gc             ] GC(310) Pause Young (Allocation Failure) 595M->358M(629M) 49.973ms
[284.526s][info][gc,cpu         ] GC(310) User=0.08s Sys=0.02s Real=0.05s
[285.304s][info][gc,start       ] GC(311) Pause Young (Allocation Failure)
[285.326s][info][gc,heap        ] GC(311) PSYoungGen: 261664K(291840K)->4512K(251392K) Eden: 246784K(246784K)->0K(246784K) From: 14880K(45056K)->4512K(4608K)
[285.326s][info][gc,heap        ] GC(311) ParOldGen: 352453K(352768K)->367097K(367104K)
[285.326s][info][gc,metaspace   ] GC(311) Metaspace: 42775K(43200K)->42775K(43200K) NonClass: 38432K(38720K)->38432K(38720K) Class: 4343K(4480K)->4343K(4480K)
[285.326s][info][gc             ] GC(311) Pause Young (Allocation Failure) 599M->362M(604M) 22.041ms
[285.326s][info][gc,cpu         ] GC(311) User=0.04s Sys=0.00s Real=0.02s
[286.540s][info][gc,start       ] GC(312) Pause Young (Allocation Failure)
[286.548s][info][gc,heap        ] GC(312) PSYoungGen: 251296K(251392K)->3350K(288768K) Eden: 246784K(246784K)->0K(247808K) From: 4512K(4608K)->3350K(40960K)
[286.548s][info][gc,heap        ] GC(312) ParOldGen: 367097K(367104K)->370550K(370688K)
[286.548s][info][gc,metaspace   ] GC(312) Metaspace: 42776K(43200K)->42776K(43200K) NonClass: 38433K(38720K)->38433K(38720K) Class: 4343K(4480K)->4343K(4480K)
[286.548s][info][gc             ] GC(312) Pause Young (Allocation Failure) 603M->365M(644M) 7.865ms
[286.548s][info][gc,cpu         ] GC(312) User=0.01s Sys=0.00s Real=0.00s
[287.844s][info][gc,start       ] GC(313) Pause Young (Allocation Failure)
[287.871s][info][gc,heap        ] GC(313) PSYoungGen: 251158K(288768K)->25071K(287744K) Eden: 247808K(247808K)->0K(247808K) From: 3350K(40960K)->25071K(39936K)
[287.871s][info][gc,heap        ] GC(313) ParOldGen: 370550K(370688K)->373822K(374272K)
[287.871s][info][gc,metaspace   ] GC(313) Metaspace: 42776K(43200K)->42776K(43200K) NonClass: 38433K(38720K)->38433K(38720K) Class: 4343K(4480K)->4343K(4480K)
[287.871s][info][gc             ] GC(313) Pause Young (Allocation Failure) 607M->389M(646M) 27.593ms
[287.871s][info][gc,cpu         ] GC(313) User=0.06s Sys=0.01s Real=0.03s
[289.251s][info][gc,start       ] GC(314) Pause Young (Allocation Failure)
[289.301s][info][gc,heap        ] GC(314) PSYoungGen: 272879K(287744K)->22849K(290816K) Eden: 247808K(247808K)->0K(248832K) From: 25071K(39936K)->22849K(41984K)
[289.301s][info][gc,heap        ] GC(314) ParOldGen: 373822K(374272K)->398894K(399360K)
[289.301s][info][gc,metaspace   ] GC(314) Metaspace: 42776K(43200K)->42776K(43200K) NonClass: 38433K(38720K)->38433K(38720K) Class: 4343K(4480K)->4343K(4480K)
[289.301s][info][gc             ] GC(314) Pause Young (Allocation Failure) 631M->411M(674M) 49.961ms
[289.301s][info][gc,cpu         ] GC(314) User=0.08s Sys=0.02s Real=0.05s
[290.190s][info][gc,start       ] GC(315) Pause Young (Allocation Failure)
[290.244s][info][gc,heap        ] GC(315) PSYoungGen: 271681K(290816K)->32603K(281600K) Eden: 248832K(248832K)->0K(248832K) From: 22849K(41984K)->32603K(32768K)
[290.244s][info][gc,heap        ] GC(315) ParOldGen: 398894K(399360K)->421727K(421888K)
[290.244s][info][gc,metaspace   ] GC(315) Metaspace: 42776K(43200K)->42776K(43200K) NonClass: 38433K(38720K)->38433K(38720K) Class: 4343K(4480K)->4343K(4480K)
[290.244s][info][gc             ] GC(315) Pause Young (Allocation Failure) 654M->443M(687M) 53.999ms
[290.244s][info][gc,cpu         ] GC(315) User=0.09s Sys=0.02s Real=0.05s
[290.799s][info][gc,start       ] GC(316) Pause Young (Allocation Failure)
[290.865s][info][gc,heap        ] GC(316) PSYoungGen: 281435K(281600K)->30968K(282112K) Eden: 248832K(248832K)->0K(235520K) From: 32603K(32768K)->30968K(46592K)
[290.865s][info][gc,heap        ] GC(316) ParOldGen: 421727K(421888K)->454087K(454144K)
[290.865s][info][gc,metaspace   ] GC(316) Metaspace: 42776K(43200K)->42776K(43200K) NonClass: 38433K(38720K)->38433K(38720K) Class: 4343K(4480K)->4343K(4480K)
[290.865s][info][gc             ] GC(316) Pause Young (Allocation Failure) 686M->473M(719M) 66.503ms
[290.865s][info][gc,cpu         ] GC(316) User=0.10s Sys=0.03s Real=0.07s
[291.405s][info][gc,start       ] GC(317) Pause Young (Allocation Failure)
[291.467s][info][gc,heap        ] GC(317) PSYoungGen: 266488K(282112K)->29408K(265216K) Eden: 235520K(235520K)->0K(235520K) From: 30968K(46592K)->29408K(29696K)
[291.467s][info][gc,heap        ] GC(317) ParOldGen: 454087K(454144K)->483623K(483840K)
[291.467s][info][gc,metaspace   ] GC(317) Metaspace: 42776K(43200K)->42776K(43200K) NonClass: 38433K(38720K)->38433K(38720K) Class: 4343K(4480K)->4343K(4480K)
[291.467s][info][gc             ] GC(317) Pause Young (Allocation Failure) 703M->501M(731M) 62.544ms
[291.467s][info][gc,cpu         ] GC(317) User=0.10s Sys=0.02s Real=0.06s
[292.913s][info][gc,start       ] GC(318) Pause Young (Allocation Failure)
[292.963s][info][gc,heap        ] GC(318) PSYoungGen: 264928K(265216K)->13008K(285696K) Eden: 235520K(235520K)->0K(235520K) From: 29408K(29696K)->13008K(50176K)
[292.963s][info][gc,heap        ] GC(318) ParOldGen: 483623K(483840K)->513216K(513536K)
[292.963s][info][gc,metaspace   ] GC(318) Metaspace: 42776K(43200K)->42776K(43200K) NonClass: 38433K(38720K)->38433K(38720K) Class: 4343K(4480K)->4343K(4480K)
[292.963s][info][gc             ] GC(318) Pause Young (Allocation Failure) 731M->513M(780M) 50.031ms
[292.963s][info][gc,cpu         ] GC(318) User=0.07s Sys=0.03s Real=0.05s
[293.988s][info][gc,start       ] GC(319) Pause Young (Allocation Failure)
[294.008s][info][gc,heap        ] GC(319) PSYoungGen: 248528K(285696K)->6886K(242688K) Eden: 235520K(235520K)->0K(235520K) From: 13008K(50176K)->6886K(7168K)
[294.008s][info][gc,heap        ] GC(319) ParOldGen: 513216K(513536K)->525653K(525824K)
[294.008s][info][gc,metaspace   ] GC(319) Metaspace: 42776K(43200K)->42776K(43200K) NonClass: 38433K(38720K)->38433K(38720K) Class: 4343K(4480K)->4343K(4480K)
[294.008s][info][gc             ] GC(319) Pause Young (Allocation Failure) 743M->520M(750M) 19.755ms
[294.008s][info][gc,cpu         ] GC(319) User=0.03s Sys=0.01s Real=0.02s
[295.242s][info][gc,start       ] GC(320) Pause Young (Allocation Failure)
[295.273s][info][gc,heap        ] GC(320) PSYoungGen: 242406K(242688K)->26060K(282112K) Eden: 235520K(235520K)->0K(235008K) From: 6886K(7168K)->26060K(47104K)
[295.273s][info][gc,heap        ] GC(320) ParOldGen: 525653K(525824K)->532531K(532992K)
[295.273s][info][gc,metaspace   ] GC(320) Metaspace: 42776K(43200K)->42776K(43200K) NonClass: 38433K(38720K)->38433K(38720K) Class: 4343K(4480K)->4343K(4480K)
[295.273s][info][gc             ] GC(320) Pause Young (Allocation Failure) 750M->545M(796M) 30.632ms
[295.273s][info][gc,cpu         ] GC(320) User=0.06s Sys=0.00s Real=0.03s
[296.533s][info][gc,start       ] GC(321) Pause Young (Allocation Failure)
[296.583s][info][gc,heap        ] GC(321) PSYoungGen: 261068K(282112K)->22592K(282624K) Eden: 235008K(235008K)->0K(235008K) From: 26060K(47104K)->22592K(47616K)
[296.583s][info][gc,heap        ] GC(321) ParOldGen: 532531K(532992K)->558475K(558592K)
[296.583s][info][gc,metaspace   ] GC(321) Metaspace: 42776K(43200K)->42776K(43200K) NonClass: 38433K(38720K)->38433K(38720K) Class: 4343K(4480K)->4343K(4480K)
[296.583s][info][gc             ] GC(321) Pause Young (Allocation Failure) 774M->567M(821M) 50.080ms
[296.583s][info][gc,cpu         ] GC(321) User=0.08s Sys=0.01s Real=0.05s
[297.629s][info][gc,start       ] GC(322) Pause Young (Allocation Failure)
[297.692s][info][gc,heap        ] GC(322) PSYoungGen: 257600K(282624K)->27903K(284160K) Eden: 235008K(235008K)->0K(238080K) From: 22592K(47616K)->27903K(46080K)
[297.692s][info][gc,heap        ] GC(322) ParOldGen: 558475K(558592K)->581094K(581120K)
[297.692s][info][gc,metaspace   ] GC(322) Metaspace: 42776K(43200K)->42776K(43200K) NonClass: 38433K(38720K)->38433K(38720K) Class: 4343K(4480K)->4343K(4480K)
[297.692s][info][gc             ] GC(322) Pause Young (Allocation Failure) 796M->594M(845M) 63.072ms
[297.692s][info][gc,cpu         ] GC(322) User=0.08s Sys=0.02s Real=0.07s
[298.506s][info][gc,start       ] GC(323) Pause Young (Allocation Failure)
[298.537s][info][gc,heap        ] GC(323) PSYoungGen: 265983K(284160K)->11516K(285184K) Eden: 238080K(238080K)->0K(238080K) From: 27903K(46080K)->11516K(47104K)
[298.537s][info][gc,heap        ] GC(323) ParOldGen: 581094K(581120K)->600275K(600576K)
[298.537s][info][gc,metaspace   ] GC(323) Metaspace: 42776K(43200K)->42776K(43200K) NonClass: 38433K(38720K)->38433K(38720K) Class: 4343K(4480K)->4343K(4480K)
[298.537s][info][gc             ] GC(323) Pause Young (Allocation Failure) 827M->597M(865M) 30.756ms
[298.537s][info][gc,cpu         ] GC(323) User=0.04s Sys=0.01s Real=0.03s
[299.336s][info][gc,start       ] GC(324) Pause Young (Allocation Failure)
[299.353s][info][gc,heap        ] GC(324) PSYoungGen: 249596K(285184K)->19852K(283136K) Eden: 238080K(238080K)->0K(241152K) From: 11516K(47104K)->19852K(41984K)
[299.353s][info][gc,heap        ] GC(324) ParOldGen: 600275K(600576K)->601099K(601600K)
[299.353s][info][gc,metaspace   ] GC(324) Metaspace: 42776K(43200K)->42776K(43200K) NonClass: 38433K(38720K)->38433K(38720K) Class: 4343K(4480K)->4343K(4480K)
[299.353s][info][gc             ] GC(324) Pause Young (Allocation Failure) 829M->606M(864M) 17.472ms
[299.353s][info][gc,cpu         ] GC(324) User=0.03s Sys=0.00s Real=0.02s
[300.184s][info][gc,start       ] GC(325) Pause Young (Allocation Failure)
[300.190s][info][gc,heap        ] GC(325) PSYoungGen: 261004K(283136K)->4580K(284672K) Eden: 241152K(241152K)->0K(241152K) From: 19852K(41984K)->4580K(43520K)
[300.190s][info][gc,heap        ] GC(325) ParOldGen: 601099K(601600K)->602295K(602624K)
[300.190s][info][gc,metaspace   ] GC(325) Metaspace: 42777K(43200K)->42777K(43200K) NonClass: 38433K(38720K)->38433K(38720K) Class: 4343K(4480K)->4343K(4480K)
[300.190s][info][gc             ] GC(325) Pause Young (Allocation Failure) 841M->592M(866M) 6.250ms
[300.190s][info][gc,cpu         ] GC(325) User=0.01s Sys=0.00s Real=0.01s
[300.897s][info][gc,start       ] GC(326) Pause Young (Allocation Failure)
[300.905s][info][gc,heap        ] GC(326) PSYoungGen: 245732K(284672K)->6807K(288256K) Eden: 241152K(241152K)->0K(246784K) From: 4580K(43520K)->6807K(41472K)
[300.905s][info][gc,heap        ] GC(326) ParOldGen: 602295K(602624K)->603527K(603648K)
[300.905s][info][gc,metaspace   ] GC(326) Metaspace: 42777K(43200K)->42777K(43200K) NonClass: 38434K(38720K)->38434K(38720K) Class: 4343K(4480K)->4343K(4480K)
[300.905s][info][gc             ] GC(326) Pause Young (Allocation Failure) 828M->596M(871M) 7.790ms
[300.905s][info][gc,cpu         ] GC(326) User=0.02s Sys=0.00s Real=0.01s
[301.829s][info][gc,start       ] GC(327) Pause Young (Allocation Failure)
[301.850s][info][gc,heap        ] GC(327) PSYoungGen: 253591K(288256K)->24988K(289280K) Eden: 246784K(246784K)->0K(246784K) From: 6807K(41472K)->24988K(42496K)
[301.850s][info][gc,heap        ] GC(327) ParOldGen: 603527K(603648K)->604591K(604672K)
[301.850s][info][gc,metaspace   ] GC(327) Metaspace: 42777K(43200K)->42777K(43200K) NonClass: 38434K(38720K)->38434K(38720K) Class: 4343K(4480K)->4343K(4480K)
[301.851s][info][gc             ] GC(327) Pause Young (Allocation Failure) 837M->614M(873M) 21.593ms
[301.851s][info][gc,cpu         ] GC(327) User=0.04s Sys=0.01s Real=0.03s
[302.794s][info][gc,start       ] GC(328) Pause Young (Allocation Failure)
[302.800s][info][gc,heap        ] GC(328) PSYoungGen: 271772K(289280K)->6645K(290816K) Eden: 246784K(246784K)->0K(248320K) From: 24988K(42496K)->6645K(42496K)
[302.800s][info][gc,heap        ] GC(328) ParOldGen: 604591K(604672K)->605375K(605696K)
[302.800s][info][gc,metaspace   ] GC(328) Metaspace: 42777K(43200K)->42777K(43200K) NonClass: 38434K(38720K)->38434K(38720K) Class: 4343K(4480K)->4343K(4480K)
[302.800s][info][gc             ] GC(328) Pause Young (Allocation Failure) 855M->597M(875M) 6.579ms
[302.800s][info][gc,cpu         ] GC(328) User=0.02s Sys=0.00s Real=0.01s
[303.595s][info][gc,start       ] GC(329) Pause Young (Allocation Failure)
[303.599s][info][gc,heap        ] GC(329) PSYoungGen: 253221K(290816K)->1698K(290816K) Eden: 246576K(248320K)->0K(248320K) From: 6645K(42496K)->1698K(42496K)
[303.599s][info][gc,heap        ] GC(329) ParOldGen: 605375K(605696K)->606471K(606720K)
[303.599s][info][gc,metaspace   ] GC(329) Metaspace: 42777K(43200K)->42777K(43200K) NonClass: 38434K(38720K)->38434K(38720K) Class: 4343K(4480K)->4343K(4480K)
[303.599s][info][gc             ] GC(329) Pause Young (Allocation Failure) 838M->593M(876M) 4.811ms
[303.600s][info][gc,cpu         ] GC(329) User=0.00s Sys=0.00s Real=0.00s
[304.435s][info][gc,start       ] GC(330) Pause Young (Allocation Failure)
[304.442s][info][gc,heap        ] GC(330) PSYoungGen: 250018K(290816K)->5620K(289792K) Eden: 248320K(248320K)->0K(249344K) From: 1698K(42496K)->5620K(40448K)
[304.442s][info][gc,heap        ] GC(330) ParOldGen: 606471K(606720K)->607475K(607744K)
[304.442s][info][gc,metaspace   ] GC(330) Metaspace: 42777K(43200K)->42777K(43200K) NonClass: 38434K(38720K)->38434K(38720K) Class: 4343K(4480K)->4343K(4480K)
[304.442s][info][gc             ] GC(330) Pause Young (Allocation Failure) 836M->598M(876M) 6.510ms
[304.442s][info][gc,cpu         ] GC(330) User=0.01s Sys=0.01s Real=0.01s
[305.285s][info][gc,start       ] GC(331) Pause Young (Allocation Failure)
[305.290s][info][gc,heap        ] GC(331) PSYoungGen: 254964K(289792K)->1344K(290304K) Eden: 249344K(249344K)->0K(249344K) From: 5620K(40448K)->1344K(40960K)
[305.290s][info][gc,heap        ] GC(331) ParOldGen: 607475K(607744K)->608495K(608768K)
[305.290s][info][gc,metaspace   ] GC(331) Metaspace: 42777K(43200K)->42777K(43200K) NonClass: 38434K(38720K)->38434K(38720K) Class: 4343K(4480K)->4343K(4480K)
[305.290s][info][gc             ] GC(331) Pause Young (Allocation Failure) 842M->595M(878M) 4.559ms
[305.290s][info][gc,cpu         ] GC(331) User=0.01s Sys=0.00s Real=0.00s
[306.041s][info][gc,start       ] GC(332) Pause Young (Allocation Failure)
[306.078s][info][gc,heap        ] GC(332) PSYoungGen: 250688K(290304K)->40171K(278016K) Eden: 249344K(249344K)->0K(237568K) From: 1344K(40960K)->40171K(40448K)
[306.078s][info][gc,heap        ] GC(332) ParOldGen: 608495K(608768K)->609655K(609792K)
[306.078s][info][gc,metaspace   ] GC(332) Metaspace: 42777K(43200K)->42777K(43200K) NonClass: 38434K(38720K)->38434K(38720K) Class: 4343K(4480K)->4343K(4480K)
[306.078s][info][gc             ] GC(332) Pause Young (Allocation Failure) 839M->634M(867M) 37.114ms
[306.078s][info][gc,cpu         ] GC(332) User=0.07s Sys=0.00s Real=0.03s
[307.156s][info][gc,start       ] GC(333) Pause Young (Allocation Failure)
[307.199s][info][gc,heap        ] GC(333) PSYoungGen: 277739K(278016K)->16469K(285696K) Eden: 237568K(237568K)->0K(237568K) From: 40171K(40448K)->16469K(48128K)
[307.199s][info][gc,heap        ] GC(333) ParOldGen: 609655K(609792K)->630220K(630272K)
[307.200s][info][gc,metaspace   ] GC(333) Metaspace: 42777K(43200K)->42777K(43200K) NonClass: 38434K(38720K)->38434K(38720K) Class: 4343K(4480K)->4343K(4480K)
[307.200s][info][gc             ] GC(333) Pause Young (Allocation Failure) 866M->631M(894M) 43.759ms
[307.200s][info][gc,cpu         ] GC(333) User=0.08s Sys=0.00s Real=0.04s
[308.039s][info][gc,start       ] GC(334) Pause Young (Allocation Failure)
[308.086s][info][gc,heap        ] GC(334) PSYoungGen: 254037K(285696K)->23298K(282624K) Eden: 237568K(237568K)->0K(240640K) From: 16469K(48128K)->23298K(41984K)
[308.086s][info][gc,heap        ] GC(334) ParOldGen: 630220K(630272K)->646571K(646656K)
[308.086s][info][gc,metaspace   ] GC(334) Metaspace: 42777K(43200K)->42777K(43200K) NonClass: 38434K(38720K)->38434K(38720K) Class: 4343K(4480K)->4343K(4480K)
[308.086s][info][gc             ] GC(334) Pause Young (Allocation Failure) 863M->654M(907M) 46.844ms
[308.086s][info][gc,cpu         ] GC(334) User=0.08s Sys=0.02s Real=0.05s
[308.834s][info][gc,start       ] GC(335) Pause Full (Allocation Failure)
[308.834s][info][gc,phases,start] GC(335) Marking Phase
[308.894s][info][gc,phases      ] GC(335) Marking Phase 59.676ms
[308.894s][info][gc,phases,start] GC(335) Summary Phase
[308.894s][info][gc,phases      ] GC(335) Summary Phase 0.030ms
[308.894s][info][gc,phases,start] GC(335) Forward
[308.909s][info][gc,phases      ] GC(335) Forward 15.076ms
[308.909s][info][gc,phases,start] GC(335) Adjust Pointers
[308.945s][info][gc,phases      ] GC(335) Adjust Pointers 35.738ms
[308.945s][info][gc,phases,start] GC(335) Compaction Phase
[308.961s][info][gc,phases      ] GC(335) Compaction Phase 16.208ms
[308.961s][info][gc,phases,start] GC(335) Post Compact
[308.964s][info][gc,phases      ] GC(335) Post Compact 2.640ms
[308.998s][info][gc,heap        ] GC(335) PSYoungGen: 263938K(282624K)->0K(285696K) Eden: 240640K(240640K)->0K(240640K) From: 23298K(41984K)->0K(45056K)
[308.998s][info][gc,heap        ] GC(335) ParOldGen: 646571K(646656K)->85614K(208384K)
[308.998s][info][gc,metaspace   ] GC(335) Metaspace: 42787K(43200K)->42787K(43200K) NonClass: 38442K(38720K)->38442K(38720K) Class: 4345K(4480K)->4345K(4480K)
[308.998s][info][gc             ] GC(335) Pause Full (Allocation Failure) 889M->83M(482M) 164.487ms
[308.998s][info][gc,cpu         ] GC(335) User=0.21s Sys=0.04s Real=0.16s
[309.729s][info][gc,start       ] GC(336) Pause Young (Allocation Failure)
[309.742s][info][gc,heap        ] GC(336) PSYoungGen: 240640K(285696K)->21782K(286720K) Eden: 240640K(240640K)->0K(243712K) From: 0K(45056K)->21782K(43008K)
[309.742s][info][gc,heap        ] GC(336) ParOldGen: 85614K(208384K)->85614K(208384K)
[309.742s][info][gc,metaspace   ] GC(336) Metaspace: 42787K(43200K)->42787K(43200K) NonClass: 38442K(38720K)->38442K(38720K) Class: 4345K(4480K)->4345K(4480K)
[309.742s][info][gc             ] GC(336) Pause Young (Allocation Failure) 318M->104M(483M) 13.132ms
[309.742s][info][gc,cpu         ] GC(336) User=0.03s Sys=0.00s Real=0.02s
[310.538s][info][gc,start       ] GC(337) Pause Young (Allocation Failure)
[310.563s][info][gc,heap        ] GC(337) PSYoungGen: 265494K(286720K)->25337K(287744K) Eden: 243712K(243712K)->0K(243712K) From: 21782K(43008K)->25337K(44032K)
[310.563s][info][gc,heap        ] GC(337) ParOldGen: 85614K(208384K)->104960K(208384K)
[310.563s][info][gc,metaspace   ] GC(337) Metaspace: 42787K(43200K)->42787K(43200K) NonClass: 38442K(38720K)->38442K(38720K) Class: 4345K(4480K)->4345K(4480K)
[310.563s][info][gc             ] GC(337) Pause Young (Allocation Failure) 342M->127M(484M) 24.910ms
[310.563s][info][gc,cpu         ] GC(337) User=0.05s Sys=0.00s Real=0.03s
[311.331s][info][gc,start       ] GC(338) Pause Young (Allocation Failure)
[311.337s][info][gc,heap        ] GC(338) PSYoungGen: 269049K(287744K)->6238K(289280K) Eden: 243712K(243712K)->0K(245248K) From: 25337K(44032K)->6238K(44032K)
[311.337s][info][gc,heap        ] GC(338) ParOldGen: 104960K(208384K)->105674K(208384K)
[311.337s][info][gc,metaspace   ] GC(338) Metaspace: 42787K(43200K)->42787K(43200K) NonClass: 38442K(38720K)->38442K(38720K) Class: 4345K(4480K)->4345K(4480K)
[311.337s][info][gc             ] GC(338) Pause Young (Allocation Failure) 365M->109M(486M) 5.900ms
[311.337s][info][gc,cpu         ] GC(338) User=0.01s Sys=0.00s Real=0.00s
[312.142s][info][gc,start       ] GC(339) Pause Young (Allocation Failure)
[312.172s][info][gc,heap        ] GC(339) PSYoungGen: 251486K(289280K)->44030K(289280K) Eden: 245248K(245248K)->0K(245248K) From: 6238K(44032K)->44030K(44032K)
[312.172s][info][gc,heap        ] GC(339) ParOldGen: 105674K(208384K)->116571K(208384K)
[312.172s][info][gc,metaspace   ] GC(339) Metaspace: 42787K(43200K)->42787K(43200K) NonClass: 38442K(38720K)->38442K(38720K) Class: 4345K(4480K)->4345K(4480K)
[312.172s][info][gc             ] GC(339) Pause Young (Allocation Failure) 348M->156M(486M) 30.129ms
[312.172s][info][gc,cpu         ] GC(339) User=0.06s Sys=0.00s Real=0.03s
[312.978s][info][gc,start       ] GC(340) Pause Young (Allocation Failure)
[313.060s][info][gc,heap        ] GC(340) PSYoungGen: 289278K(289280K)->44527K(187904K) Eden: 245248K(245248K)->0K(143360K) From: 44030K(44032K)->44527K(44544K)
[313.060s][info][gc,heap        ] GC(340) ParOldGen: 116571K(208384K)->209158K(209408K)
[313.060s][info][gc,metaspace   ] GC(340) Metaspace: 42787K(43200K)->42787K(43200K) NonClass: 38442K(38720K)->38442K(38720K) Class: 4345K(4480K)->4345K(4480K)
[313.060s][info][gc             ] GC(340) Pause Young (Allocation Failure) 396M->247M(388M) 82.564ms
[313.060s][info][gc,cpu         ] GC(340) User=0.16s Sys=0.00s Real=0.09s
[313.514s][info][gc,start       ] GC(341) Pause Young (Allocation Failure)
[313.564s][info][gc,heap        ] GC(341) PSYoungGen: 187887K(187904K)->2321K(238592K) Eden: 143360K(143360K)->0K(143360K) From: 44527K(44544K)->2321K(95232K)
[313.564s][info][gc,heap        ] GC(341) ParOldGen: 209158K(209408K)->252509K(252928K)
[313.564s][info][gc,metaspace   ] GC(341) Metaspace: 42787K(43200K)->42787K(43200K) NonClass: 38442K(38720K)->38442K(38720K) Class: 4345K(4480K)->4345K(4480K)
[313.564s][info][gc             ] GC(341) Pause Young (Allocation Failure) 387M->248M(480M) 49.733ms
[313.564s][info][gc,cpu         ] GC(341) User=0.06s Sys=0.03s Real=0.05s
[314.037s][info][gc,start       ] GC(342) Pause Young (Allocation Failure)
[314.043s][info][gc,heap        ] GC(342) PSYoungGen: 145681K(238592K)->3922K(232960K) Eden: 143360K(143360K)->0K(144896K) From: 2321K(95232K)->3922K(88064K)
[314.043s][info][gc,heap        ] GC(342) ParOldGen: 252509K(252928K)->253245K(253440K)
[314.043s][info][gc,metaspace   ] GC(342) Metaspace: 42787K(43200K)->42787K(43200K) NonClass: 38442K(38720K)->38442K(38720K) Class: 4345K(4480K)->4345K(4480K)
[314.043s][info][gc             ] GC(342) Pause Young (Allocation Failure) 388M->251M(475M) 5.729ms
[314.043s][info][gc,cpu         ] GC(342) User=0.01s Sys=0.00s Real=0.01s
[314.521s][info][gc,start       ] GC(343) Pause Young (Allocation Failure)
[314.528s][info][gc,heap        ] GC(343) PSYoungGen: 148818K(232960K)->7692K(236544K) Eden: 144896K(144896K)->0K(144896K) From: 3922K(88064K)->7692K(91648K)
[314.528s][info][gc,heap        ] GC(343) ParOldGen: 253245K(253440K)->253732K(253952K)
[314.528s][info][gc,metaspace   ] GC(343) Metaspace: 42787K(43200K)->42787K(43200K) NonClass: 38442K(38720K)->38442K(38720K) Class: 4345K(4480K)->4345K(4480K)
[314.528s][info][gc             ] GC(343) Pause Young (Allocation Failure) 392M->255M(479M) 6.632ms
[314.528s][info][gc,cpu         ] GC(343) User=0.02s Sys=0.00s Real=0.00s
[314.957s][info][gc,start       ] GC(344) Pause Young (Allocation Failure)
[314.961s][info][gc,heap        ] GC(344) PSYoungGen: 152588K(236544K)->1729K(236544K) Eden: 144896K(144896K)->0K(153600K) From: 7692K(91648K)->1729K(82944K)
[314.961s][info][gc,heap        ] GC(344) ParOldGen: 253732K(253952K)->254415K(254464K)
[314.961s][info][gc,metaspace   ] GC(344) Metaspace: 42787K(43200K)->42787K(43200K) NonClass: 38442K(38720K)->38442K(38720K) Class: 4345K(4480K)->4345K(4480K)
[314.961s][info][gc             ] GC(344) Pause Young (Allocation Failure) 396M->250M(479M) 3.739ms
[314.961s][info][gc,cpu         ] GC(344) User=0.00s Sys=0.00s Real=0.01s
[315.440s][info][gc,start       ] GC(345) Pause Young (Allocation Failure)
[315.446s][info][gc,heap        ] GC(345) PSYoungGen: 155329K(236544K)->6885K(239616K) Eden: 153600K(153600K)->0K(153600K) From: 1729K(82944K)->6885K(86016K)
[315.446s][info][gc,heap        ] GC(345) ParOldGen: 254415K(254464K)->255078K(255488K)
[315.446s][info][gc,metaspace   ] GC(345) Metaspace: 42787K(43200K)->42787K(43200K) NonClass: 38442K(38720K)->38442K(38720K) Class: 4345K(4480K)->4345K(4480K)
[315.446s][info][gc             ] GC(345) Pause Young (Allocation Failure) 400M->255M(483M) 6.086ms
[315.446s][info][gc,cpu         ] GC(345) User=0.01s Sys=0.00s Real=0.00s
[315.923s][info][gc,start       ] GC(346) Pause Young (Allocation Failure)
[315.939s][info][gc,heap        ] GC(346) PSYoungGen: 160485K(239616K)->27711K(241152K) Eden: 153600K(153600K)->0K(165376K) From: 6885K(86016K)->27711K(75776K)
[315.939s][info][gc,heap        ] GC(346) ParOldGen: 255078K(255488K)->255437K(255488K)
[315.939s][info][gc,metaspace   ] GC(346) Metaspace: 42787K(43200K)->42787K(43200K) NonClass: 38442K(38720K)->38442K(38720K) Class: 4345K(4480K)->4345K(4480K)
[315.939s][info][gc             ] GC(346) Pause Young (Allocation Failure) 405M->276M(485M) 16.642ms
[315.939s][info][gc,cpu         ] GC(346) User=0.03s Sys=0.00s Real=0.01s
[316.438s][info][gc,start       ] GC(347) Pause Young (Allocation Failure)
[316.448s][info][gc,heap        ] GC(347) PSYoungGen: 193087K(241152K)->16606K(244224K) Eden: 165376K(165376K)->0K(165376K) From: 27711K(75776K)->16606K(78848K)
[316.449s][info][gc,heap        ] GC(347) ParOldGen: 255437K(255488K)->255780K(256000K)
[316.449s][info][gc,metaspace   ] GC(347) Metaspace: 42787K(43200K)->42787K(43200K) NonClass: 38442K(38720K)->38442K(38720K) Class: 4345K(4480K)->4345K(4480K)
[316.449s][info][gc             ] GC(347) Pause Young (Allocation Failure) 438M->266M(488M) 10.484ms
[316.449s][info][gc,cpu         ] GC(347) User=0.02s Sys=0.00s Real=0.01s
[316.891s][info][gc,start       ] GC(348) Pause Young (Allocation Failure)
[316.909s][info][gc,heap        ] GC(348) PSYoungGen: 181982K(244224K)->5732K(251904K) Eden: 165376K(165376K)->0K(181248K) From: 16606K(78848K)->5732K(70656K)
[316.909s][info][gc,heap        ] GC(348) ParOldGen: 255780K(256000K)->271973K(272384K)
[316.909s][info][gc,metaspace   ] GC(348) Metaspace: 42787K(43200K)->42787K(43200K) NonClass: 38442K(38720K)->38442K(38720K) Class: 4345K(4480K)->4345K(4480K)
[316.909s][info][gc             ] GC(348) Pause Young (Allocation Failure) 427M->271M(512M) 18.167ms
[316.909s][info][gc,cpu         ] GC(348) User=0.02s Sys=0.01s Real=0.01s
[317.421s][info][gc,start       ] GC(349) Pause Young (Allocation Failure)
[317.427s][info][gc,heap        ] GC(349) PSYoungGen: 186980K(251904K)->970K(252416K) Eden: 181248K(181248K)->0K(181248K) From: 5732K(70656K)->970K(71168K)
[317.427s][info][gc,heap        ] GC(349) ParOldGen: 271973K(272384K)->276638K(276992K)
[317.427s][info][gc,metaspace   ] GC(349) Metaspace: 42787K(43200K)->42787K(43200K) NonClass: 38442K(38720K)->38442K(38720K) Class: 4345K(4480K)->4345K(4480K)
[317.427s][info][gc             ] GC(349) Pause Young (Allocation Failure) 448M->271M(517M) 5.649ms
[317.427s][info][gc,cpu         ] GC(349) User=0.01s Sys=0.00s Real=0.00s
[317.900s][info][gc,start       ] GC(350) Pause Young (Allocation Failure)
[317.904s][info][gc,heap        ] GC(350) PSYoungGen: 182218K(252416K)->4455K(258048K) Eden: 181248K(181248K)->0K(193536K) From: 970K(71168K)->4455K(64512K)
[317.904s][info][gc,heap        ] GC(350) ParOldGen: 276638K(276992K)->276654K(276992K)
[317.904s][info][gc,metaspace   ] GC(350) Metaspace: 42787K(43200K)->42787K(43200K) NonClass: 38442K(38720K)->38442K(38720K) Class: 4345K(4480K)->4345K(4480K)
[317.904s][info][gc             ] GC(350) Pause Young (Allocation Failure) 448M->274M(522M) 4.456ms
[317.904s][info][gc,cpu         ] GC(350) User=0.01s Sys=0.00s Real=0.01s
[318.227s][info][gc,start       ] GC(351) Pause Young (Allocation Failure)
[318.231s][info][gc,heap        ] GC(351) PSYoungGen: 197991K(258048K)->1902K(259584K) Eden: 193536K(193536K)->0K(193536K) From: 4455K(64512K)->1902K(66048K)
[318.231s][info][gc,heap        ] GC(351) ParOldGen: 276654K(276992K)->278557K(279040K)
[318.231s][info][gc,metaspace   ] GC(351) Metaspace: 42787K(43200K)->42787K(43200K) NonClass: 38442K(38720K)->38442K(38720K) Class: 4345K(4480K)->4345K(4480K)
[318.231s][info][gc             ] GC(351) Pause Young (Allocation Failure) 463M->273M(526M) 4.315ms
[318.231s][info][gc,cpu         ] GC(351) User=0.00s Sys=0.00s Real=0.01s
[318.564s][info][gc,start       ] GC(352) Pause Young (Allocation Failure)
[318.569s][info][gc,heap        ] GC(352) PSYoungGen: 195438K(259584K)->10278K(260096K) Eden: 193536K(193536K)->0K(203776K) From: 1902K(66048K)->10278K(56320K)
[318.569s][info][gc,heap        ] GC(352) ParOldGen: 278557K(279040K)->278605K(279040K)
[318.569s][info][gc,metaspace   ] GC(352) Metaspace: 42787K(43200K)->42787K(43200K) NonClass: 38442K(38720K)->38442K(38720K) Class: 4345K(4480K)->4345K(4480K)
[318.569s][info][gc             ] GC(352) Pause Young (Allocation Failure) 462M->282M(526M) 5.256ms
[318.569s][info][gc,cpu         ] GC(352) User=0.01s Sys=0.00s Real=0.00s
[318.853s][info][gc,start       ] GC(353) Pause Young (Allocation Failure)
[318.862s][info][gc,heap        ] GC(353) PSYoungGen: 212254K(260096K)->5206K(263680K) Eden: 201976K(203776K)->0K(203776K) From: 10278K(56320K)->5206K(59904K)
[318.863s][info][gc,heap        ] GC(353) ParOldGen: 278605K(279040K)->283619K(283648K)
[318.863s][info][gc,metaspace   ] GC(353) Metaspace: 42787K(43200K)->42787K(43200K) NonClass: 38442K(38720K)->38442K(38720K) Class: 4345K(4480K)->4345K(4480K)
[318.863s][info][gc             ] GC(353) Pause Young (Allocation Failure) 479M->282M(534M) 9.115ms
[318.863s][info][gc,cpu         ] GC(353) User=0.01s Sys=0.01s Real=0.01s
[319.097s][info][gc,start       ] GC(354) Pause Young (Allocation Failure)
[319.105s][info][gc,heap        ] GC(354) PSYoungGen: 208982K(263680K)->1976K(268288K) Eden: 203776K(203776K)->0K(217088K) From: 5206K(59904K)->1976K(51200K)
[319.105s][info][gc,heap        ] GC(354) ParOldGen: 283619K(283648K)->288810K(289280K)
[319.105s][info][gc,metaspace   ] GC(354) Metaspace: 42787K(43200K)->42787K(43200K) NonClass: 38442K(38720K)->38442K(38720K) Class: 4345K(4480K)->4345K(4480K)
[319.105s][info][gc             ] GC(354) Pause Young (Allocation Failure) 481M->283M(544M) 8.471ms
[319.105s][info][gc,cpu         ] GC(354) User=0.02s Sys=0.00s Real=0.01s
[319.361s][info][gc,start       ] GC(355) Pause Young (Allocation Failure)
[319.368s][info][gc,heap        ] GC(355) PSYoungGen: 219064K(268288K)->4518K(271360K) Eden: 217088K(217088K)->0K(217088K) From: 1976K(51200K)->4518K(54272K)
[319.368s][info][gc,heap        ] GC(355) ParOldGen: 288810K(289280K)->290753K(290816K)
[319.368s][info][gc,metaspace   ] GC(355) Metaspace: 42787K(43200K)->42787K(43200K) NonClass: 38442K(38720K)->38442K(38720K) Class: 4345K(4480K)->4345K(4480K)
[319.368s][info][gc             ] GC(355) Pause Young (Allocation Failure) 495M->288M(549M) 6.789ms
[319.368s][info][gc,cpu         ] GC(355) User=0.01s Sys=0.00s Real=0.00s
[319.634s][info][gc,start       ] GC(356) Pause Young (Allocation Failure)
[319.642s][info][gc,heap        ] GC(356) PSYoungGen: 221606K(271360K)->4094K(272896K) Eden: 217088K(217088K)->0K(227840K) From: 4518K(54272K)->4094K(45056K)
[319.642s][info][gc,heap        ] GC(356) ParOldGen: 290753K(290816K)->293397K(293888K)
[319.642s][info][gc,metaspace   ] GC(356) Metaspace: 42787K(43200K)->42787K(43200K) NonClass: 38442K(38720K)->38442K(38720K) Class: 4345K(4480K)->4345K(4480K)
[319.642s][info][gc             ] GC(356) Pause Young (Allocation Failure) 500M->290M(553M) 8.314ms
[319.642s][info][gc,cpu         ] GC(356) User=0.02s Sys=0.00s Real=0.01s
[319.933s][info][gc,start       ] GC(357) Pause Young (Allocation Failure)
[319.945s][info][gc,heap        ] GC(357) PSYoungGen: 231121K(272896K)->6726K(276480K) Eden: 227027K(227840K)->0K(227840K) From: 4094K(45056K)->6726K(48640K)
[319.945s][info][gc,heap        ] GC(357) ParOldGen: 293397K(293888K)->297428K(297472K)
[319.946s][info][gc,metaspace   ] GC(357) Metaspace: 42787K(43200K)->42787K(43200K) NonClass: 38442K(38720K)->38442K(38720K) Class: 4345K(4480K)->4345K(4480K)
[319.946s][info][gc             ] GC(357) Pause Young (Allocation Failure) 512M->297M(560M) 12.935ms
[319.946s][info][gc,cpu         ] GC(357) User=0.02s Sys=0.00s Real=0.01s
[320.240s][info][gc,start       ] GC(358) Pause Young (Allocation Failure)
[320.256s][info][gc,heap        ] GC(358) PSYoungGen: 234566K(276480K)->5983K(279552K) Eden: 227840K(227840K)->0K(239616K) From: 6726K(48640K)->5983K(39936K)
[320.256s][info][gc,heap        ] GC(358) ParOldGen: 297428K(297472K)->304267K(304640K)
[320.256s][info][gc,metaspace   ] GC(358) Metaspace: 42787K(43200K)->42787K(43200K) NonClass: 38442K(38720K)->38442K(38720K) Class: 4345K(4480K)->4345K(4480K)
[320.256s][info][gc             ] GC(358) Pause Young (Allocation Failure) 519M->302M(570M) 15.530ms
[320.256s][info][gc,cpu         ] GC(358) User=0.02s Sys=0.00s Real=0.01s
[320.574s][info][gc,start       ] GC(359) Pause Young (Allocation Failure)
[320.591s][info][gc,heap        ] GC(359) PSYoungGen: 245599K(279552K)->10222K(282624K) Eden: 239616K(239616K)->0K(239616K) From: 5983K(39936K)->10222K(43008K)
[320.591s][info][gc,heap        ] GC(359) ParOldGen: 304267K(304640K)->310184K(310272K)
[320.591s][info][gc,metaspace   ] GC(359) Metaspace: 42787K(43200K)->42787K(43200K) NonClass: 38442K(38720K)->38442K(38720K) Class: 4345K(4480K)->4345K(4480K)
[320.591s][info][gc             ] GC(359) Pause Young (Allocation Failure) 536M->312M(579M) 17.447ms
[320.591s][info][gc,cpu         ] GC(359) User=0.03s Sys=0.00s Real=0.02s
[321.123s][info][gc,start       ] GC(360) Pause Young (Allocation Failure)
[321.142s][info][gc,heap        ] GC(360) PSYoungGen: 249838K(282624K)->7361K(285696K) Eden: 239616K(239616K)->0K(250880K) From: 10222K(43008K)->7361K(34816K)
[321.143s][info][gc,heap        ] GC(360) ParOldGen: 310184K(310272K)->320677K(321024K)
[321.143s][info][gc,metaspace   ] GC(360) Metaspace: 42829K(43200K)->42829K(43200K) NonClass: 38484K(38720K)->38484K(38720K) Class: 4345K(4480K)->4345K(4480K)
[321.143s][info][gc             ] GC(360) Pause Young (Allocation Failure) 546M->320M(592M) 19.069ms
[321.143s][info][gc,cpu         ] GC(360) User=0.03s Sys=0.01s Real=0.02s
[321.673s][info][gc,start       ] GC(361) Pause Young (Allocation Failure)
[321.682s][info][gc,heap        ] GC(361) PSYoungGen: 258241K(285696K)->4120K(288256K) Eden: 250880K(250880K)->0K(250880K) From: 7361K(34816K)->4120K(37376K)
[321.682s][info][gc,heap        ] GC(361) ParOldGen: 320677K(321024K)->325167K(325632K)
[321.682s][info][gc,metaspace   ] GC(361) Metaspace: 42832K(43200K)->42832K(43200K) NonClass: 38487K(38720K)->38487K(38720K) Class: 4345K(4480K)->4345K(4480K)
[321.682s][info][gc             ] GC(361) Pause Young (Allocation Failure) 565M->321M(599M) 9.378ms
[321.682s][info][gc,cpu         ] GC(361) User=0.02s Sys=0.00s Real=0.01s
[322.235s][info][gc,start       ] GC(362) Pause Young (Allocation Failure)
[322.238s][info][gc,heap        ] GC(362) PSYoungGen: 255000K(288256K)->2706K(292864K) Eden: 250880K(250880K)->0K(261120K) From: 4120K(37376K)->2706K(31744K)
[322.238s][info][gc,heap        ] GC(362) ParOldGen: 325167K(325632K)->325175K(325632K)
[322.238s][info][gc,metaspace   ] GC(362) Metaspace: 42848K(43200K)->42848K(43200K) NonClass: 38503K(38720K)->38503K(38720K) Class: 4345K(4480K)->4345K(4480K)
[322.238s][info][gc             ] GC(362) Pause Young (Allocation Failure) 566M->320M(604M) 3.418ms
[322.238s][info][gc,cpu         ] GC(362) User=0.00s Sys=0.00s Real=0.00s
[322.820s][info][gc,start       ] GC(363) Pause Young (Allocation Failure)
[322.823s][info][gc,heap        ] GC(363) PSYoungGen: 263826K(292864K)->719K(294912K) Eden: 261120K(261120K)->0K(261120K) From: 2706K(31744K)->719K(33792K)
[322.823s][info][gc,heap        ] GC(363) ParOldGen: 325175K(325632K)->325207K(325632K)
[322.823s][info][gc,metaspace   ] GC(363) Metaspace: 42848K(43200K)->42848K(43200K) NonClass: 38503K(38720K)->38503K(38720K) Class: 4345K(4480K)->4345K(4480K)
[322.823s][info][gc             ] GC(363) Pause Young (Allocation Failure) 575M->318M(606M) 3.426ms
[322.823s][info][gc,cpu         ] GC(363) User=0.00s Sys=0.00s Real=0.01s
[323.437s][info][gc,start       ] GC(364) Pause Young (Allocation Failure)
[323.442s][info][gc,heap        ] GC(364) PSYoungGen: 261839K(294912K)->7656K(293888K) Eden: 261120K(261120K)->0K(267264K) From: 719K(33792K)->7656K(26624K)
[323.442s][info][gc,heap        ] GC(364) ParOldGen: 325207K(325632K)->325767K(326144K)
[323.442s][info][gc,metaspace   ] GC(364) Metaspace: 42855K(43200K)->42855K(43200K) NonClass: 38509K(38720K)->38509K(38720K) Class: 4345K(4480K)->4345K(4480K)
[323.443s][info][gc             ] GC(364) Pause Young (Allocation Failure) 573M->325M(605M) 5.656ms
[323.443s][info][gc,cpu         ] GC(364) User=0.01s Sys=0.00s Real=0.01s
[324.391s][info][gc,start       ] GC(365) Pause Young (Allocation Failure)
[324.395s][info][gc,heap        ] GC(365) PSYoungGen: 274920K(293888K)->1920K(297472K) Eden: 267264K(267264K)->0K(267264K) From: 7656K(26624K)->1920K(30208K)
[324.395s][info][gc,heap        ] GC(365) ParOldGen: 325767K(326144K)->325895K(326144K)
[324.395s][info][gc,metaspace   ] GC(365) Metaspace: 42873K(43200K)->42873K(43200K) NonClass: 38527K(38720K)->38527K(38720K) Class: 4345K(4480K)->4345K(4480K)
[324.395s][info][gc             ] GC(365) Pause Young (Allocation Failure) 586M->320M(609M) 4.003ms
[324.395s][info][gc,cpu         ] GC(365) User=0.00s Sys=0.00s Real=0.00s
[325.242s][info][gc,start       ] GC(366) Pause Young (Allocation Failure)
[325.278s][info][gc,heap        ] GC(366) PSYoungGen: 269184K(297472K)->29152K(290304K) Eden: 267264K(267264K)->0K(261120K) From: 1920K(30208K)->29152K(29184K)
[325.278s][info][gc,heap        ] GC(366) ParOldGen: 325895K(326144K)->329679K(329728K)
[325.278s][info][gc,metaspace   ] GC(366) Metaspace: 42886K(43264K)->42886K(43264K) NonClass: 38541K(38784K)->38541K(38784K) Class: 4345K(4480K)->4345K(4480K)
[325.278s][info][gc             ] GC(366) Pause Young (Allocation Failure) 581M->350M(605M) 36.315ms
[325.278s][info][gc,cpu         ] GC(366) User=0.06s Sys=0.02s Real=0.03s
[325.818s][info][gc,start       ] GC(367) Pause Young (Allocation Failure)
[325.882s][info][gc,heap        ] GC(367) PSYoungGen: 290272K(290304K)->29752K(291328K) Eden: 261120K(261120K)->0K(261120K) From: 29152K(29184K)->29752K(30208K)
[325.882s][info][gc,heap        ] GC(367) ParOldGen: 329679K(329728K)->358079K(358400K)
[325.882s][info][gc,metaspace   ] GC(367) Metaspace: 42886K(43264K)->42886K(43264K) NonClass: 38541K(38784K)->38541K(38784K) Class: 4345K(4480K)->4345K(4480K)
[325.882s][info][gc             ] GC(367) Pause Young (Allocation Failure) 605M->378M(634M) 64.396ms
[325.882s][info][gc,cpu         ] GC(367) User=0.11s Sys=0.01s Real=0.07s
[326.443s][info][gc,start       ] GC(368) Pause Young (Allocation Failure)
[326.506s][info][gc,heap        ] GC(368) PSYoungGen: 290872K(291328K)->29296K(285184K) Eden: 261120K(261120K)->0K(243712K) From: 29752K(30208K)->29296K(41472K)
[326.506s][info][gc,heap        ] GC(368) ParOldGen: 358079K(358400K)->386115K(386560K)
[326.506s][info][gc,metaspace   ] GC(368) Metaspace: 42894K(43264K)->42894K(43264K) NonClass: 38549K(38784K)->38549K(38784K) Class: 4345K(4480K)->4345K(4480K)
[326.506s][info][gc             ] GC(368) Pause Young (Allocation Failure) 633M->405M(656M) 62.859ms
[326.506s][info][gc,cpu         ] GC(368) User=0.10s Sys=0.02s Real=0.06s
[329.995s][info][gc,start       ] GC(369) Pause Young (Allocation Failure)
[330.040s][info][gc,heap        ] GC(369) PSYoungGen: 272996K(285184K)->13506K(288768K) Eden: 243700K(243712K)->0K(243712K) From: 29296K(41472K)->13506K(45056K)
[330.040s][info][gc,heap        ] GC(369) ParOldGen: 386115K(386560K)->415560K(415744K)
[330.040s][info][gc,metaspace   ] GC(369) Metaspace: 42898K(43264K)->42898K(43264K) NonClass: 38552K(38784K)->38552K(38784K) Class: 4345K(4480K)->4345K(4480K)
[330.040s][info][gc             ] GC(369) Pause Young (Allocation Failure) 643M->419M(688M) 44.750ms
[330.040s][info][gc,cpu         ] GC(369) User=0.07s Sys=0.02s Real=0.05s
[330.859s][info][gc,start       ] GC(370) Pause Young (Allocation Failure)
[330.879s][info][gc,heap        ] GC(370) PSYoungGen: 257218K(288768K)->6006K(285696K) Eden: 243712K(243712K)->0K(247296K) From: 13506K(45056K)->6006K(38400K)
[330.879s][info][gc,heap        ] GC(370) ParOldGen: 415560K(415744K)->428453K(428544K)
[330.879s][info][gc,metaspace   ] GC(370) Metaspace: 42906K(43264K)->42906K(43264K) NonClass: 38560K(38784K)->38560K(38784K) Class: 4346K(4480K)->4346K(4480K)
[330.879s][info][gc             ] GC(370) Pause Young (Allocation Failure) 657M->424M(697M) 19.966ms
[330.879s][info][gc,cpu         ] GC(370) User=0.03s Sys=0.01s Real=0.02s
[332.179s][info][gc,start       ] GC(371) Pause Young (Allocation Failure)
[332.187s][info][gc,heap        ] GC(371) PSYoungGen: 253302K(285696K)->1471K(287232K) Eden: 247296K(247296K)->0K(247296K) From: 6006K(38400K)->1471K(39936K)
[332.187s][info][gc,heap        ] GC(371) ParOldGen: 428453K(428544K)->433099K(433152K)
[332.187s][info][gc,metaspace   ] GC(371) Metaspace: 42907K(43264K)->42907K(43264K) NonClass: 38561K(38784K)->38561K(38784K) Class: 4346K(4480K)->4346K(4480K)
[332.187s][info][gc             ] GC(371) Pause Young (Allocation Failure) 665M->424M(703M) 8.137ms
[332.187s][info][gc,cpu         ] GC(371) User=0.01s Sys=0.01s Real=0.01s
[333.556s][info][gc,start       ] GC(372) Pause Young (Allocation Failure)
[333.579s][info][gc,heap        ] GC(372) PSYoungGen: 248767K(287232K)->22163K(292352K) Eden: 247296K(247296K)->0K(252928K) From: 1471K(39936K)->22163K(39424K)
[333.579s][info][gc,heap        ] GC(372) ParOldGen: 433099K(433152K)->434554K(434688K)
[333.579s][info][gc,metaspace   ] GC(372) Metaspace: 42907K(43264K)->42907K(43264K) NonClass: 38561K(38784K)->38561K(38784K) Class: 4346K(4480K)->4346K(4480K)
[333.579s][info][gc             ] GC(372) Pause Young (Allocation Failure) 665M->446M(710M) 23.691ms
[333.579s][info][gc,cpu         ] GC(372) User=0.04s Sys=0.00s Real=0.02s
[334.925s][info][gc,start       ] GC(373) Pause Young (Allocation Failure)
[334.972s][info][gc,heap        ] GC(373) PSYoungGen: 275091K(292352K)->24238K(277504K) Eden: 252928K(252928K)->0K(252928K) From: 22163K(39424K)->24238K(24576K)
[334.972s][info][gc,heap        ] GC(373) ParOldGen: 434554K(434688K)->456878K(457216K)
[334.972s][info][gc,metaspace   ] GC(373) Metaspace: 42907K(43264K)->42907K(43264K) NonClass: 38561K(38784K)->38561K(38784K) Class: 4346K(4480K)->4346K(4480K)
[334.972s][info][gc             ] GC(373) Pause Young (Allocation Failure) 693M->469M(717M) 47.141ms
[334.972s][info][gc,cpu         ] GC(373) User=0.08s Sys=0.02s Real=0.05s
[335.770s][info][gc,start       ] GC(374) Pause Young (Allocation Failure)
[335.828s][info][gc,heap        ] GC(374) PSYoungGen: 277166K(277504K)->34965K(281600K) Eden: 252928K(252928K)->0K(239616K) From: 24238K(24576K)->34965K(41984K)
[335.828s][info][gc,heap        ] GC(374) ParOldGen: 456878K(457216K)->480987K(481280K)
[335.828s][info][gc,metaspace   ] GC(374) Metaspace: 42907K(43264K)->42907K(43264K) NonClass: 38561K(38784K)->38561K(38784K) Class: 4346K(4480K)->4346K(4480K)
[335.828s][info][gc             ] GC(374) Pause Young (Allocation Failure) 716M->503M(745M) 57.697ms
[335.828s][info][gc,cpu         ] GC(374) User=0.10s Sys=0.01s Real=0.05s
[336.371s][info][gc,start       ] GC(375) Pause Young (Allocation Failure)
[336.440s][info][gc,heap        ] GC(375) PSYoungGen: 274581K(281600K)->29816K(269824K) Eden: 239616K(239616K)->0K(239616K) From: 34965K(41984K)->29816K(30208K)
[336.440s][info][gc,heap        ] GC(375) ParOldGen: 480987K(481280K)->515179K(515584K)
[336.440s][info][gc,metaspace   ] GC(375) Metaspace: 42907K(43264K)->42907K(43264K) NonClass: 38561K(38784K)->38561K(38784K) Class: 4346K(4480K)->4346K(4480K)
[336.440s][info][gc             ] GC(375) Pause Young (Allocation Failure) 737M->532M(767M) 69.311ms
[336.440s][info][gc,cpu         ] GC(375) User=0.11s Sys=0.02s Real=0.07s
[337.026s][info][gc,start       ] GC(376) Pause Young (Allocation Failure)
[337.090s][info][gc,heap        ] GC(376) PSYoungGen: 269432K(269824K)->30352K(281600K) Eden: 239616K(239616K)->0K(232448K) From: 29816K(30208K)->30352K(49152K)
[337.090s][info][gc,heap        ] GC(376) ParOldGen: 515179K(515584K)->543339K(543744K)
[337.090s][info][gc,metaspace   ] GC(376) Metaspace: 42907K(43264K)->42907K(43264K) NonClass: 38561K(38784K)->38561K(38784K) Class: 4346K(4480K)->4346K(4480K)
[337.090s][info][gc             ] GC(376) Pause Young (Allocation Failure) 766M->560M(806M) 64.208ms
[337.090s][info][gc,cpu         ] GC(376) User=0.10s Sys=0.03s Real=0.07s
[338.622s][info][gc,start       ] GC(377) Pause Young (Allocation Failure)
[338.664s][info][gc,heap        ] GC(377) PSYoungGen: 262800K(281600K)->8352K(283136K) Eden: 232448K(232448K)->0K(232448K) From: 30352K(49152K)->8352K(50688K)
[338.664s][info][gc,heap        ] GC(377) ParOldGen: 543339K(543744K)->573876K(573952K)
[338.664s][info][gc,metaspace   ] GC(377) Metaspace: 42907K(43264K)->42907K(43264K) NonClass: 38561K(38784K)->38561K(38784K) Class: 4346K(4480K)->4346K(4480K)
[338.664s][info][gc             ] GC(377) Pause Young (Allocation Failure) 787M->568M(837M) 42.579ms
[338.664s][info][gc,cpu         ] GC(377) User=0.06s Sys=0.03s Real=0.04s
[339.773s][info][gc,start       ] GC(378) Pause Young (Allocation Failure)
[339.789s][info][gc,heap        ] GC(378) PSYoungGen: 240800K(283136K)->6984K(281088K) Eden: 232448K(232448K)->0K(233984K) From: 8352K(50688K)->6984K(47104K)
[339.789s][info][gc,heap        ] GC(378) ParOldGen: 573876K(573952K)->581276K(581632K)
[339.789s][info][gc,metaspace   ] GC(378) Metaspace: 42907K(43264K)->42907K(43264K) NonClass: 38561K(38784K)->38561K(38784K) Class: 4346K(4480K)->4346K(4480K)
[339.789s][info][gc             ] GC(378) Pause Young (Allocation Failure) 795M->574M(842M) 15.445ms
[339.789s][info][gc,cpu         ] GC(378) User=0.03s Sys=0.00s Real=0.01s
[341.029s][info][gc,start       ] GC(379) Pause Young (Allocation Failure)
[341.061s][info][gc,heap        ] GC(379) PSYoungGen: 240968K(281088K)->25369K(282112K) Eden: 233984K(233984K)->0K(233984K) From: 6984K(47104K)->25369K(48128K)
[341.061s][info][gc,heap        ] GC(379) ParOldGen: 581276K(581632K)->588246K(588288K)
[341.061s][info][gc,metaspace   ] GC(379) Metaspace: 42907K(43264K)->42907K(43264K) NonClass: 38561K(38784K)->38561K(38784K) Class: 4346K(4480K)->4346K(4480K)
[341.061s][info][gc             ] GC(379) Pause Young (Allocation Failure) 802M->599M(850M) 31.336ms
[341.061s][info][gc,cpu         ] GC(379) User=0.05s Sys=0.00s Real=0.04s
[342.341s][info][gc,start       ] GC(380) Pause Young (Allocation Failure)
[342.390s][info][gc,heap        ] GC(380) PSYoungGen: 259353K(282112K)->23147K(283648K) Eden: 233984K(233984K)->0K(237568K) From: 25369K(48128K)->23147K(46080K)
[342.390s][info][gc,heap        ] GC(380) ParOldGen: 588246K(588288K)->613581K(613888K)
[342.390s][info][gc,metaspace   ] GC(380) Metaspace: 42907K(43264K)->42907K(43264K) NonClass: 38561K(38784K)->38561K(38784K) Class: 4346K(4480K)->4346K(4480K)
[342.390s][info][gc             ] GC(380) Pause Young (Allocation Failure) 827M->621M(876M) 49.960ms
[342.391s][info][gc,cpu         ] GC(380) User=0.08s Sys=0.02s Real=0.05s
[343.435s][info][gc,start       ] GC(381) Pause Young (GCLocker Initiated GC)
[343.480s][info][gc,heap        ] GC(381) PSYoungGen: 260715K(283648K)->22001K(259584K) Eden: 237568K(237568K)->0K(237568K) From: 23147K(46080K)->22001K(22016K)
[343.480s][info][gc,heap        ] GC(381) ParOldGen: 613585K(613888K)->636583K(636928K)
[343.480s][info][gc,metaspace   ] GC(381) Metaspace: 42913K(43264K)->42913K(43264K) NonClass: 38567K(38784K)->38567K(38784K) Class: 4346K(4480K)->4346K(4480K)
[343.480s][info][gc             ] GC(381) Pause Young (GCLocker Initiated GC) 853M->643M(875M) 44.910ms
[343.480s][info][gc,cpu         ] GC(381) User=0.07s Sys=0.01s Real=0.04s
[344.350s][info][gc,start       ] GC(382) Pause Full (Allocation Failure)
[344.350s][info][gc,phases,start] GC(382) Marking Phase
[344.397s][info][gc,phases      ] GC(382) Marking Phase 47.436ms
[344.397s][info][gc,phases,start] GC(382) Summary Phase
[344.398s][info][gc,phases      ] GC(382) Summary Phase 0.051ms
[344.398s][info][gc,phases,start] GC(382) Forward
[344.404s][info][gc,phases      ] GC(382) Forward 6.284ms
[344.404s][info][gc,phases,start] GC(382) Adjust Pointers
[344.429s][info][gc,phases      ] GC(382) Adjust Pointers 25.032ms
[344.429s][info][gc,phases,start] GC(382) Compaction Phase
[344.438s][info][gc,phases      ] GC(382) Compaction Phase 8.574ms
[344.438s][info][gc,phases,start] GC(382) Post Compact
[344.440s][info][gc,phases      ] GC(382) Post Compact 2.792ms
[344.475s][info][gc,heap        ] GC(382) PSYoungGen: 259569K(259584K)->0K(283136K) Eden: 237568K(237568K)->0K(237568K) From: 22001K(22016K)->0K(45568K)
[344.475s][info][gc,heap        ] GC(382) ParOldGen: 636583K(636928K)->65416K(200192K)
[344.475s][info][gc,metaspace   ] GC(382) Metaspace: 42931K(43264K)->42931K(43264K) NonClass: 38585K(38784K)->38585K(38784K) Class: 4346K(4480K)->4346K(4480K)
[344.475s][info][gc             ] GC(382) Pause Full (Allocation Failure) 875M->63M(472M) 125.011ms
[344.475s][info][gc,cpu         ] GC(382) User=0.14s Sys=0.04s Real=0.12s
[345.336s][info][gc,start       ] GC(383) Pause Young (Allocation Failure)
[345.363s][info][gc,heap        ] GC(383) PSYoungGen: 237568K(283136K)->31171K(283136K) Eden: 237568K(237568K)->0K(237568K) From: 0K(45568K)->31171K(45568K)
[345.363s][info][gc,heap        ] GC(383) ParOldGen: 65416K(200192K)->65416K(200192K)
[345.364s][info][gc,metaspace   ] GC(383) Metaspace: 42932K(43264K)->42932K(43264K) NonClass: 38586K(38784K)->38586K(38784K) Class: 4346K(4480K)->4346K(4480K)
[345.364s][info][gc             ] GC(383) Pause Young (Allocation Failure) 295M->94M(472M) 27.332ms
[345.364s][info][gc,cpu         ] GC(383) User=0.05s Sys=0.00s Real=0.03s
[346.185s][info][gc,start       ] GC(384) Pause Young (Allocation Failure)
[346.223s][info][gc,heap        ] GC(384) PSYoungGen: 268739K(283136K)->11193K(287232K) Eden: 237568K(237568K)->0K(239616K) From: 31171K(45568K)->11193K(47616K)
[346.224s][info][gc,heap        ] GC(384) ParOldGen: 65416K(200192K)->77018K(200192K)
[346.224s][info][gc,metaspace   ] GC(384) Metaspace: 42933K(43264K)->42933K(43264K) NonClass: 38587K(38784K)->38587K(38784K) Class: 4346K(4480K)->4346K(4480K)
[346.224s][info][gc             ] GC(384) Pause Young (Allocation Failure) 326M->86M(476M) 39.111ms
[346.224s][info][gc,cpu         ] GC(384) User=0.04s Sys=0.00s Real=0.04s
[347.054s][info][gc,start       ] GC(385) Pause Young (Allocation Failure)
[347.060s][info][gc,heap        ] GC(385) PSYoungGen: 250809K(287232K)->5828K(245760K) Eden: 239616K(239616K)->0K(239616K) From: 11193K(47616K)->5828K(6144K)
[347.060s][info][gc,heap        ] GC(385) ParOldGen: 77018K(200192K)->78050K(200192K)
[347.060s][info][gc,metaspace   ] GC(385) Metaspace: 42934K(43264K)->42934K(43264K) NonClass: 38588K(38784K)->38588K(38784K) Class: 4346K(4480K)->4346K(4480K)
[347.060s][info][gc             ] GC(385) Pause Young (Allocation Failure) 320M->81M(435M) 5.666ms
[347.060s][info][gc,cpu         ] GC(385) User=0.02s Sys=0.00s Real=0.00s
[348.021s][info][gc,start       ] GC(386) Pause Young (Allocation Failure)
[348.040s][info][gc,heap        ] GC(386) PSYoungGen: 245444K(245760K)->23009K(286720K) Eden: 239616K(239616K)->0K(240640K) From: 5828K(6144K)->23009K(46080K)
[348.040s][info][gc,heap        ] GC(386) ParOldGen: 78050K(200192K)->79202K(200192K)
[348.040s][info][gc,metaspace   ] GC(386) Metaspace: 42934K(43264K)->42934K(43264K) NonClass: 38588K(38784K)->38588K(38784K) Class: 4346K(4480K)->4346K(4480K)
[348.040s][info][gc             ] GC(386) Pause Young (Allocation Failure) 315M->99M(475M) 18.724ms
[348.040s][info][gc,cpu         ] GC(386) User=0.03s Sys=0.00s Real=0.01s
[348.974s][info][gc,start       ] GC(387) Pause Young (Allocation Failure)
[348.983s][info][gc,heap        ] GC(387) PSYoungGen: 263649K(286720K)->11378K(285696K) Eden: 240640K(240640K)->0K(240640K) From: 23009K(46080K)->11378K(45056K)
[348.983s][info][gc,heap        ] GC(387) ParOldGen: 79202K(200192K)->79906K(200192K)
[348.983s][info][gc,metaspace   ] GC(387) Metaspace: 42934K(43264K)->42934K(43264K) NonClass: 38588K(38784K)->38588K(38784K) Class: 4346K(4480K)->4346K(4480K)
[348.983s][info][gc             ] GC(387) Pause Young (Allocation Failure) 334M->89M(474M) 9.190ms
[348.983s][info][gc,cpu         ] GC(387) User=0.02s Sys=0.00s Real=0.01s
[349.759s][info][gc,start       ] GC(388) Pause Young (Allocation Failure)
[349.766s][info][gc,heap        ] GC(388) PSYoungGen: 252018K(285696K)->8612K(287232K) Eden: 240640K(240640K)->0K(243712K) From: 11378K(45056K)->8612K(43520K)
[349.766s][info][gc,heap        ] GC(388) ParOldGen: 79906K(200192K)->81034K(200192K)
[349.766s][info][gc,metaspace   ] GC(388) Metaspace: 42935K(43264K)->42935K(43264K) NonClass: 38588K(38784K)->38588K(38784K) Class: 4346K(4480K)->4346K(4480K)
[349.766s][info][gc             ] GC(388) Pause Young (Allocation Failure) 324M->87M(476M) 6.968ms
[349.766s][info][gc,cpu         ] GC(388) User=0.01s Sys=0.00s Real=0.01s
[350.604s][info][gc,start       ] GC(389) Pause Young (Allocation Failure)
[350.612s][info][gc,heap        ] GC(389) PSYoungGen: 252324K(287232K)->7461K(286208K) Eden: 243712K(243712K)->0K(243712K) From: 8612K(43520K)->7461K(42496K)
[350.613s][info][gc,heap        ] GC(389) ParOldGen: 81034K(200192K)->81898K(200192K)
[350.613s][info][gc,metaspace   ] GC(389) Metaspace: 42935K(43264K)->42935K(43264K) NonClass: 38588K(38784K)->38588K(38784K) Class: 4346K(4480K)->4346K(4480K)
[350.613s][info][gc             ] GC(389) Pause Young (Allocation Failure) 325M->87M(475M) 8.462ms
[350.613s][info][gc,cpu         ] GC(389) User=0.01s Sys=0.00s Real=0.01s
[351.469s][info][gc,start       ] GC(390) Pause Young (Allocation Failure)
[351.473s][info][gc,heap        ] GC(390) PSYoungGen: 251173K(286208K)->4740K(289792K) Eden: 243712K(243712K)->0K(248320K) From: 7461K(42496K)->4740K(41472K)
[351.473s][info][gc,heap        ] GC(390) ParOldGen: 81898K(200192K)->82954K(200192K)
[351.473s][info][gc,metaspace   ] GC(390) Metaspace: 42935K(43264K)->42935K(43264K) NonClass: 38589K(38784K)->38589K(38784K) Class: 4346K(4480K)->4346K(4480K)
[351.473s][info][gc             ] GC(390) Pause Young (Allocation Failure) 325M->85M(478M) 3.896ms
[351.473s][info][gc,cpu         ] GC(390) User=0.01s Sys=0.00s Real=0.01s
[352.249s][info][gc,start       ] GC(391) Pause Young (Allocation Failure)
[352.282s][info][gc,heap        ] GC(391) PSYoungGen: 253060K(289792K)->39756K(288256K) Eden: 248320K(248320K)->0K(248320K) From: 4740K(41472K)->39756K(39936K)
[352.282s][info][gc,heap        ] GC(391) ParOldGen: 82954K(200192K)->84082K(200192K)
[352.282s][info][gc,metaspace   ] GC(391) Metaspace: 42935K(43264K)->42935K(43264K) NonClass: 38589K(38784K)->38589K(38784K) Class: 4346K(4480K)->4346K(4480K)
[352.282s][info][gc             ] GC(391) Pause Young (Allocation Failure) 328M->120M(477M) 33.170ms
[352.282s][info][gc,cpu         ] GC(391) User=0.06s Sys=0.00s Real=0.04s
[353.445s][info][gc,start       ] GC(392) Pause Young (Allocation Failure)
[353.500s][info][gc,heap        ] GC(392) PSYoungGen: 288076K(288256K)->16863K(289280K) Eden: 248320K(248320K)->0K(243712K) From: 39756K(39936K)->16863K(45568K)
[353.500s][info][gc,heap        ] GC(392) ParOldGen: 84082K(200192K)->103282K(200192K)
[353.500s][info][gc,metaspace   ] GC(392) Metaspace: 42935K(43264K)->42935K(43264K) NonClass: 38589K(38784K)->38589K(38784K) Class: 4346K(4480K)->4346K(4480K)
[353.500s][info][gc             ] GC(392) Pause Young (Allocation Failure) 363M->117M(478M) 55.053ms
[353.500s][info][gc,cpu         ] GC(392) User=0.06s Sys=0.00s Real=0.06s
[354.366s][info][gc,start       ] GC(393) Pause Young (Allocation Failure)
[354.386s][info][gc,heap        ] GC(393) PSYoungGen: 259407K(289280K)->6048K(249856K) Eden: 242544K(243712K)->0K(243712K) From: 16863K(45568K)->6048K(6144K)
[354.386s][info][gc,heap        ] GC(393) ParOldGen: 103282K(200192K)->119987K(200192K)
[354.386s][info][gc,metaspace   ] GC(393) Metaspace: 42935K(43264K)->42935K(43264K) NonClass: 38589K(38784K)->38589K(38784K) Class: 4346K(4480K)->4346K(4480K)
[354.386s][info][gc             ] GC(393) Pause Young (Allocation Failure) 354M->123M(439M) 20.044ms
[354.387s][info][gc,cpu         ] GC(393) User=0.04s Sys=0.00s Real=0.02s
[355.075s][info][gc,start       ] GC(394) Pause Young (Allocation Failure)
[355.098s][info][gc,heap        ] GC(394) PSYoungGen: 249760K(249856K)->29208K(284672K) Eden: 243712K(243712K)->0K(241152K) From: 6048K(6144K)->29208K(43520K)
[355.098s][info][gc,heap        ] GC(394) ParOldGen: 119987K(200192K)->125914K(200192K)
[355.098s][info][gc,metaspace   ] GC(394) Metaspace: 42943K(43264K)->42943K(43264K) NonClass: 38597K(38784K)->38597K(38784K) Class: 4346K(4480K)->4346K(4480K)
[355.098s][info][gc             ] GC(394) Pause Young (Allocation Failure) 361M->151M(473M) 22.962ms
[355.098s][info][gc,cpu         ] GC(394) User=0.05s Sys=0.00s Real=0.02s
[355.860s][info][gc,start       ] GC(395) Pause Young (Allocation Failure)
[355.870s][info][gc,heap        ] GC(395) PSYoungGen: 270360K(284672K)->7541K(287232K) Eden: 241152K(241152K)->0K(241152K) From: 29208K(43520K)->7541K(46080K)
[355.870s][info][gc,heap        ] GC(395) ParOldGen: 125914K(200192K)->135661K(200192K)
[355.870s][info][gc,metaspace   ] GC(395) Metaspace: 42943K(43264K)->42943K(43264K) NonClass: 38597K(38784K)->38597K(38784K) Class: 4346K(4480K)->4346K(4480K)
[355.870s][info][gc             ] GC(395) Pause Young (Allocation Failure) 386M->139M(476M) 9.836ms
[355.870s][info][gc,cpu         ] GC(395) User=0.02s Sys=0.00s Real=0.00s
[356.675s][info][gc,start       ] GC(396) Pause Young (Allocation Failure)
[356.686s][info][gc,heap        ] GC(396) PSYoungGen: 248693K(287232K)->16873K(281600K) Eden: 241152K(241152K)->0K(243200K) From: 7541K(46080K)->16873K(38400K)
[356.686s][info][gc,heap        ] GC(396) ParOldGen: 135661K(200192K)->136110K(200192K)
[356.686s][info][gc,metaspace   ] GC(396) Metaspace: 42943K(43264K)->42943K(43264K) NonClass: 38597K(38784K)->38597K(38784K) Class: 4346K(4480K)->4346K(4480K)
[356.686s][info][gc             ] GC(396) Pause Young (Allocation Failure) 375M->149M(470M) 11.251ms
[356.686s][info][gc,cpu         ] GC(396) User=0.02s Sys=0.00s Real=0.01s
[357.504s][info][gc,start       ] GC(397) Pause Young (Allocation Failure)
[357.520s][info][gc,heap        ] GC(397) PSYoungGen: 260073K(281600K)->23394K(285184K) Eden: 243200K(243200K)->0K(243200K) From: 16873K(38400K)->23394K(41984K)
[357.520s][info][gc,heap        ] GC(397) ParOldGen: 136110K(200192K)->136936K(200192K)
[357.520s][info][gc,metaspace   ] GC(397) Metaspace: 42943K(43264K)->42943K(43264K) NonClass: 38597K(38784K)->38597K(38784K) Class: 4346K(4480K)->4346K(4480K)
[357.520s][info][gc             ] GC(397) Pause Young (Allocation Failure) 386M->156M(474M) 15.525ms
[357.520s][info][gc,cpu         ] GC(397) User=0.03s Sys=0.00s Real=0.02s
[358.375s][info][gc,start       ] GC(398) Pause Young (Allocation Failure)
[358.379s][info][gc,heap        ] GC(398) PSYoungGen: 266594K(285184K)->2305K(291840K) Eden: 243200K(243200K)->0K(249856K) From: 23394K(41984K)->2305K(41984K)
[358.379s][info][gc,heap        ] GC(398) ParOldGen: 136936K(200192K)->138578K(200192K)
[358.379s][info][gc,metaspace   ] GC(398) Metaspace: 42943K(43264K)->42943K(43264K) NonClass: 38597K(38784K)->38597K(38784K) Class: 4346K(4480K)->4346K(4480K)
[358.379s][info][gc             ] GC(398) Pause Young (Allocation Failure) 394M->137M(480M) 3.905ms
[358.379s][info][gc,cpu         ] GC(398) User=0.01s Sys=0.00s Real=0.00s
[359.239s][info][gc,start       ] GC(399) Pause Young (Allocation Failure)
[359.304s][info][gc,heap        ] GC(399) PSYoungGen: 252161K(291840K)->41970K(291840K) Eden: 249856K(249856K)->0K(249856K) From: 2305K(41984K)->41970K(41984K)
[359.304s][info][gc,heap        ] GC(399) ParOldGen: 138578K(200192K)->199768K(200192K)
[359.304s][info][gc,metaspace   ] GC(399) Metaspace: 42943K(43264K)->42943K(43264K) NonClass: 38597K(38784K)->38597K(38784K) Class: 4346K(4480K)->4346K(4480K)
[359.304s][info][gc             ] GC(399) Pause Young (Allocation Failure) 381M->236M(480M) 64.607ms
[359.304s][info][gc,cpu         ] GC(399) User=0.13s Sys=0.00s Real=0.07s
[360.159s][info][gc,start       ] GC(400) Pause Young (Allocation Failure)
[360.212s][info][gc,heap        ] GC(400) PSYoungGen: 291826K(291840K)->18428K(239616K) Eden: 249856K(249856K)->0K(197632K) From: 41970K(41984K)->18428K(41984K)
[360.212s][info][gc,heap        ] GC(400) ParOldGen: 199768K(200192K)->234040K(234496K)
[360.212s][info][gc,metaspace   ] GC(400) Metaspace: 42943K(43264K)->42943K(43264K) NonClass: 38597K(38784K)->38597K(38784K) Class: 4346K(4480K)->4346K(4480K)
[360.212s][info][gc             ] GC(400) Pause Young (Allocation Failure) 480M->246M(463M) 52.378ms
[360.212s][info][gc,cpu         ] GC(400) User=0.07s Sys=0.02s Real=0.06s
[360.902s][info][gc,start       ] GC(401) Pause Young (Allocation Failure)
[360.910s][info][gc,heap        ] GC(401) PSYoungGen: 216060K(239616K)->2894K(265728K) Eden: 197632K(197632K)->0K(197632K) From: 18428K(41984K)->2894K(68096K)
[360.910s][info][gc,heap        ] GC(401) ParOldGen: 234040K(234496K)->239056K(239104K)
[360.910s][info][gc,metaspace   ] GC(401) Metaspace: 42943K(43264K)->42943K(43264K) NonClass: 38597K(38784K)->38597K(38784K) Class: 4346K(4480K)->4346K(4480K)
[360.910s][info][gc             ] GC(401) Pause Young (Allocation Failure) 439M->236M(493M) 7.844ms
[360.910s][info][gc,cpu         ] GC(401) User=0.01s Sys=0.01s Real=0.00s
[361.519s][info][gc,start       ] GC(402) Pause Young (Allocation Failure)
[361.541s][info][gc,heap        ] GC(402) PSYoungGen: 200526K(265728K)->35066K(265728K) Eden: 197632K(197632K)->0K(198656K) From: 2894K(68096K)->35066K(67072K)
[361.541s][info][gc,heap        ] GC(402) ParOldGen: 239056K(239104K)->239781K(240128K)
[361.541s][info][gc,metaspace   ] GC(402) Metaspace: 42943K(43264K)->42943K(43264K) NonClass: 38597K(38784K)->38597K(38784K) Class: 4346K(4480K)->4346K(4480K)
[361.541s][info][gc             ] GC(402) Pause Young (Allocation Failure) 429M->268M(494M) 21.610ms
[361.541s][info][gc,cpu         ] GC(402) User=0.04s Sys=0.00s Real=0.03s
[362.208s][info][gc,start       ] GC(403) Pause Young (Allocation Failure)
[362.229s][info][gc,heap        ] GC(403) PSYoungGen: 233722K(265728K)->34276K(266240K) Eden: 198656K(198656K)->0K(198656K) From: 35066K(67072K)->34276K(67584K)
[362.229s][info][gc,heap        ] GC(403) ParOldGen: 239781K(240128K)->240678K(241152K)
[362.229s][info][gc,metaspace   ] GC(403) Metaspace: 42943K(43264K)->42943K(43264K) NonClass: 38597K(38784K)->38597K(38784K) Class: 4346K(4480K)->4346K(4480K)
[362.229s][info][gc             ] GC(403) Pause Young (Allocation Failure) 462M->268M(495M) 20.703ms
[362.229s][info][gc,cpu         ] GC(403) User=0.04s Sys=0.01s Real=0.02s
[362.851s][info][gc,start       ] GC(404) Pause Young (Allocation Failure)
[362.864s][info][gc,heap        ] GC(404) PSYoungGen: 232932K(266240K)->21970K(258048K) Eden: 198656K(198656K)->0K(198656K) From: 34276K(67584K)->21970K(59392K)
[362.864s][info][gc,heap        ] GC(404) ParOldGen: 240678K(241152K)->241087K(241152K)
[362.864s][info][gc,metaspace   ] GC(404) Metaspace: 42943K(43264K)->42943K(43264K) NonClass: 38597K(38784K)->38597K(38784K) Class: 4346K(4480K)->4346K(4480K)
[362.864s][info][gc             ] GC(404) Pause Young (Allocation Failure) 462M->256M(487M) 13.295ms
[362.864s][info][gc,cpu         ] GC(404) User=0.03s Sys=0.00s Real=0.01s
[363.421s][info][gc,start       ] GC(405) Pause Young (Allocation Failure)
[363.441s][info][gc,heap        ] GC(405) PSYoungGen: 220626K(258048K)->1223K(262144K) Eden: 198656K(198656K)->0K(198656K) From: 21970K(59392K)->1223K(63488K)
[363.441s][info][gc,heap        ] GC(405) ParOldGen: 241087K(241152K)->261839K(262144K)
[363.441s][info][gc,metaspace   ] GC(405) Metaspace: 42943K(43264K)->42943K(43264K) NonClass: 38597K(38784K)->38597K(38784K) Class: 4346K(4480K)->4346K(4480K)
[363.441s][info][gc             ] GC(405) Pause Young (Allocation Failure) 450M->256M(512M) 20.196ms
[363.441s][info][gc,cpu         ] GC(405) User=0.03s Sys=0.02s Real=0.02s
[364.005s][info][gc,start       ] GC(406) Pause Young (Allocation Failure)
[364.007s][info][gc,heap        ] GC(406) PSYoungGen: 199879K(262144K)->1531K(268288K) Eden: 198656K(198656K)->0K(206848K) From: 1223K(63488K)->1531K(61440K)
[364.008s][info][gc,heap        ] GC(406) ParOldGen: 261839K(262144K)->261952K(262144K)
[364.008s][info][gc,metaspace   ] GC(406) Metaspace: 42943K(43264K)->42943K(43264K) NonClass: 38597K(38784K)->38597K(38784K) Class: 4346K(4480K)->4346K(4480K)
[364.008s][info][gc             ] GC(406) Pause Young (Allocation Failure) 450M->257M(518M) 2.741ms
[364.008s][info][gc,cpu         ] GC(406) User=0.00s Sys=0.00s Real=0.00s
[364.464s][info][gc,start       ] GC(407) Pause Young (Allocation Failure)
[364.470s][info][gc,heap        ] GC(407) PSYoungGen: 208379K(268288K)->4572K(269312K) Eden: 206848K(206848K)->0K(206848K) From: 1531K(61440K)->4572K(62464K)
[364.470s][info][gc,heap        ] GC(407) ParOldGen: 261952K(262144K)->262448K(262656K)
[364.470s][info][gc,metaspace   ] GC(407) Metaspace: 42943K(43264K)->42943K(43264K) NonClass: 38597K(38784K)->38597K(38784K) Class: 4346K(4480K)->4346K(4480K)
[364.470s][info][gc             ] GC(407) Pause Young (Allocation Failure) 459M->260M(519M) 5.168ms
[364.470s][info][gc,cpu         ] GC(407) User=0.01s Sys=0.00s Real=0.00s
[364.802s][info][gc,start       ] GC(408) Pause Young (Allocation Failure)
[364.806s][info][gc,heap        ] GC(408) PSYoungGen: 211420K(269312K)->1870K(268800K) Eden: 206848K(206848K)->0K(210432K) From: 4572K(62464K)->1870K(58368K)
[364.806s][info][gc,heap        ] GC(408) ParOldGen: 262448K(262656K)->264182K(264192K)
[364.806s][info][gc,metaspace   ] GC(408) Metaspace: 42943K(43264K)->42943K(43264K) NonClass: 38597K(38784K)->38597K(38784K) Class: 4346K(4480K)->4346K(4480K)
[364.806s][info][gc             ] GC(408) Pause Young (Allocation Failure) 462M->259M(520M) 4.040ms
[364.806s][info][gc,cpu         ] GC(408) User=0.01s Sys=0.00s Real=0.00s
[365.174s][info][gc,start       ] GC(409) Pause Young (Allocation Failure)
[365.181s][info][gc,heap        ] GC(409) PSYoungGen: 212302K(268800K)->10186K(269824K) Eden: 210432K(210432K)->0K(210432K) From: 1870K(58368K)->10186K(59392K)
[365.181s][info][gc,heap        ] GC(409) ParOldGen: 264182K(264192K)->264435K(264704K)
[365.181s][info][gc,metaspace   ] GC(409) Metaspace: 42943K(43264K)->42943K(43264K) NonClass: 38597K(38784K)->38597K(38784K) Class: 4346K(4480K)->4346K(4480K)
[365.181s][info][gc             ] GC(409) Pause Young (Allocation Failure) 465M->268M(522M) 7.349ms
[365.181s][info][gc,cpu         ] GC(409) User=0.02s Sys=0.00s Real=0.01s
[365.429s][info][gc,start       ] GC(410) Pause Young (Allocation Failure)
[365.441s][info][gc,heap        ] GC(410) PSYoungGen: 219496K(269824K)->1724K(272896K) Eden: 209309K(210432K)->0K(217600K) From: 10186K(59392K)->1724K(55296K)
[365.441s][info][gc,heap        ] GC(410) ParOldGen: 264435K(264704K)->274383K(274432K)
[365.441s][info][gc,metaspace   ] GC(410) Metaspace: 42943K(43264K)->42943K(43264K) NonClass: 38597K(38784K)->38597K(38784K) Class: 4346K(4480K)->4346K(4480K)
[365.441s][info][gc             ] GC(410) Pause Young (Allocation Failure) 472M->269M(534M) 11.643ms
[365.441s][info][gc,cpu         ] GC(410) User=0.01s Sys=0.01s Real=0.02s
[365.702s][info][gc,start       ] GC(411) Pause Young (Allocation Failure)
[365.708s][info][gc,heap        ] GC(411) PSYoungGen: 217466K(272896K)->2356K(272384K) Eden: 215741K(217600K)->0K(217600K) From: 1724K(55296K)->2356K(54784K)
[365.708s][info][gc,heap        ] GC(411) ParOldGen: 274383K(274432K)->276079K(276480K)
[365.708s][info][gc,metaspace   ] GC(411) Metaspace: 42943K(43264K)->42943K(43264K) NonClass: 38597K(38784K)->38597K(38784K) Class: 4346K(4480K)->4346K(4480K)
[365.708s][info][gc             ] GC(411) Pause Young (Allocation Failure) 480M->271M(536M) 6.288ms
[365.708s][info][gc,cpu         ] GC(411) User=0.01s Sys=0.00s Real=0.00s
[365.981s][info][gc,start       ] GC(412) Pause Young (Allocation Failure)
[365.990s][info][gc,heap        ] GC(412) PSYoungGen: 219956K(272384K)->4538K(276480K) Eden: 217600K(217600K)->0K(226304K) From: 2356K(54784K)->4538K(50176K)
[365.990s][info][gc,heap        ] GC(412) ParOldGen: 276079K(276480K)->278420K(278528K)
[365.990s][info][gc,metaspace   ] GC(412) Metaspace: 42943K(43264K)->42943K(43264K) NonClass: 38597K(38784K)->38597K(38784K) Class: 4346K(4480K)->4346K(4480K)
[365.990s][info][gc             ] GC(412) Pause Young (Allocation Failure) 484M->276M(542M) 8.513ms
[365.990s][info][gc,cpu         ] GC(412) User=0.01s Sys=0.00s Real=0.01s
[366.270s][info][gc,start       ] GC(413) Pause Young (Allocation Failure)
[366.280s][info][gc,heap        ] GC(413) PSYoungGen: 230842K(276480K)->3686K(276480K) Eden: 226304K(226304K)->0K(226304K) From: 4538K(50176K)->3686K(50176K)
[366.280s][info][gc,heap        ] GC(413) ParOldGen: 278420K(278528K)->282989K(283136K)
[366.280s][info][gc,metaspace   ] GC(413) Metaspace: 42943K(43264K)->42943K(43264K) NonClass: 38597K(38784K)->38597K(38784K) Class: 4346K(4480K)->4346K(4480K)
[366.280s][info][gc             ] GC(413) Pause Young (Allocation Failure) 497M->279M(546M) 10.281ms
[366.280s][info][gc,cpu         ] GC(413) User=0.01s Sys=0.01s Real=0.02s
[366.584s][info][gc,start       ] GC(414) Pause Young (Allocation Failure)
[366.597s][info][gc,heap        ] GC(414) PSYoungGen: 229990K(276480K)->7441K(279552K) Eden: 226304K(226304K)->0K(235520K) From: 3686K(50176K)->7441K(44032K)
[366.597s][info][gc,heap        ] GC(414) ParOldGen: 282989K(283136K)->286614K(286720K)
[366.597s][info][gc,metaspace   ] GC(414) Metaspace: 42943K(43264K)->42943K(43264K) NonClass: 38597K(38784K)->38597K(38784K) Class: 4346K(4480K)->4346K(4480K)
[366.597s][info][gc             ] GC(414) Pause Young (Allocation Failure) 500M->287M(553M) 13.153ms
[366.597s][info][gc,cpu         ] GC(414) User=0.02s Sys=0.00s Real=0.01s
[366.899s][info][gc,start       ] GC(415) Pause Young (Allocation Failure)
[366.913s][info][gc,heap        ] GC(415) PSYoungGen: 241947K(279552K)->3467K(280576K) Eden: 234506K(235520K)->0K(235520K) From: 7441K(44032K)->3467K(45056K)
[366.913s][info][gc,heap        ] GC(415) ParOldGen: 286614K(286720K)->294163K(294400K)
[366.913s][info][gc,metaspace   ] GC(415) Metaspace: 42943K(43264K)->42943K(43264K) NonClass: 38597K(38784K)->38597K(38784K) Class: 4346K(4480K)->4346K(4480K)
[366.913s][info][gc             ] GC(415) Pause Young (Allocation Failure) 516M->290M(561M) 14.325ms
[366.913s][info][gc,cpu         ] GC(415) User=0.02s Sys=0.01s Real=0.02s
[367.416s][info][gc,start       ] GC(416) Pause Young (Allocation Failure)
[367.431s][info][gc,heap        ] GC(416) PSYoungGen: 238987K(280576K)->12910K(285696K) Eden: 235520K(235520K)->0K(245760K) From: 3467K(45056K)->12910K(39936K)
[367.431s][info][gc,heap        ] GC(416) ParOldGen: 294163K(294400K)->297383K(297472K)
[367.431s][info][gc,metaspace   ] GC(416) Metaspace: 42944K(43264K)->42944K(43264K) NonClass: 38598K(38784K)->38598K(38784K) Class: 4346K(4480K)->4346K(4480K)
[367.431s][info][gc             ] GC(416) Pause Young (Allocation Failure) 520M->303M(569M) 15.624ms
[367.431s][info][gc,cpu         ] GC(416) User=0.03s Sys=0.01s Real=0.02s
[367.978s][info][gc,start       ] GC(417) Pause Young (Allocation Failure)
[367.996s][info][gc,heap        ] GC(417) PSYoungGen: 258670K(285696K)->4101K(286720K) Eden: 245759K(245760K)->0K(245760K) From: 12910K(39936K)->4101K(40960K)
[367.996s][info][gc,heap        ] GC(417) ParOldGen: 297383K(297472K)->310631K(310784K)
[367.996s][info][gc,metaspace   ] GC(417) Metaspace: 42949K(43264K)->42949K(43264K) NonClass: 38603K(38784K)->38603K(38784K) Class: 4346K(4480K)->4346K(4480K)
[367.996s][info][gc             ] GC(417) Pause Young (Allocation Failure) 543M->307M(583M) 18.691ms
[367.996s][info][gc,cpu         ] GC(417) User=0.03s Sys=0.01s Real=0.02s
[368.524s][info][gc,start       ] GC(418) Pause Young (Allocation Failure)
[368.527s][info][gc,heap        ] GC(418) PSYoungGen: 249861K(286720K)->2780K(290816K) Eden: 245760K(245760K)->0K(253952K) From: 4101K(40960K)->2780K(36864K)
[368.527s][info][gc,heap        ] GC(418) ParOldGen: 310631K(310784K)->310816K(311296K)
[368.527s][info][gc,metaspace   ] GC(418) Metaspace: 42959K(43328K)->42959K(43328K) NonClass: 38613K(38848K)->38613K(38848K) Class: 4346K(4480K)->4346K(4480K)
[368.527s][info][gc             ] GC(418) Pause Young (Allocation Failure) 547M->306M(588M) 3.577ms
[368.527s][info][gc,cpu         ] GC(418) User=0.00s Sys=0.00s Real=0.00s
[369.077s][info][gc,start       ] GC(419) Pause Young (Allocation Failure)
[369.081s][info][gc,heap        ] GC(419) PSYoungGen: 256732K(290816K)->4088K(291328K) Eden: 253952K(253952K)->0K(253952K) From: 2780K(36864K)->4088K(37376K)
[369.081s][info][gc,heap        ] GC(419) ParOldGen: 310816K(311296K)->310816K(311296K)
[369.081s][info][gc,metaspace   ] GC(419) Metaspace: 42989K(43328K)->42989K(43328K) NonClass: 38642K(38848K)->38642K(38848K) Class: 4346K(4480K)->4346K(4480K)
[369.081s][info][gc             ] GC(419) Pause Young (Allocation Failure) 554M->307M(588M) 4.214ms
[369.081s][info][gc,cpu         ] GC(419) User=0.01s Sys=0.00s Real=0.01s
[369.684s][info][gc,start       ] GC(420) Pause Young (Allocation Failure)
[369.689s][info][gc,heap        ] GC(420) PSYoungGen: 258040K(291328K)->6850K(292864K) Eden: 253952K(253952K)->0K(261120K) From: 4088K(37376K)->6850K(31744K)
[369.689s][info][gc,heap        ] GC(420) ParOldGen: 310816K(311296K)->310864K(311296K)
[369.689s][info][gc,metaspace   ] GC(420) Metaspace: 42989K(43328K)->42989K(43328K) NonClass: 38643K(38848K)->38643K(38848K) Class: 4346K(4480K)->4346K(4480K)
[369.689s][info][gc             ] GC(420) Pause Young (Allocation Failure) 555M->310M(590M) 5.007ms
[369.689s][info][gc,cpu         ] GC(420) User=0.01s Sys=0.00s Real=0.00s
[370.757s][info][gc,start       ] GC(421) Pause Young (Allocation Failure)
[370.761s][info][gc,heap        ] GC(421) PSYoungGen: 267970K(292864K)->2962K(293888K) Eden: 261120K(261120K)->0K(261120K) From: 6850K(31744K)->2962K(32768K)
[370.761s][info][gc,heap        ] GC(421) ParOldGen: 310864K(311296K)->310984K(311296K)
[370.761s][info][gc,metaspace   ] GC(421) Metaspace: 42999K(43328K)->42999K(43328K) NonClass: 38652K(38848K)->38652K(38848K) Class: 4346K(4480K)->4346K(4480K)
[370.761s][info][gc             ] GC(421) Pause Young (Allocation Failure) 565M->306M(591M) 4.712ms
[370.761s][info][gc,cpu         ] GC(421) User=0.01s Sys=0.00s Real=0.01s
[371.736s][info][gc,start       ] GC(422) Pause Young (Allocation Failure)
[371.760s][info][gc,heap        ] GC(422) PSYoungGen: 264082K(293888K)->22810K(295936K) Eden: 261120K(261120K)->0K(264192K) From: 2962K(32768K)->22810K(31744K)
[371.760s][info][gc,heap        ] GC(422) ParOldGen: 310984K(311296K)->313826K(313856K)
[371.760s][info][gc,metaspace   ] GC(422) Metaspace: 43012K(43392K)->43012K(43392K) NonClass: 38666K(38912K)->38666K(38912K) Class: 4346K(4480K)->4346K(4480K)
[371.760s][info][gc             ] GC(422) Pause Young (Allocation Failure) 561M->328M(595M) 23.983ms
[371.760s][info][gc,cpu         ] GC(422) User=0.05s Sys=0.00s Real=0.03s
[372.306s][info][gc,start       ] GC(423) Pause Young (Allocation Failure)
[372.363s][info][gc,heap        ] GC(423) PSYoungGen: 287002K(295936K)->30200K(294400K) Eden: 264192K(264192K)->0K(264192K) From: 22810K(31744K)->30200K(30208K)
[372.363s][info][gc,heap        ] GC(423) ParOldGen: 313826K(313856K)->336258K(336384K)
[372.363s][info][gc,metaspace   ] GC(423) Metaspace: 43012K(43392K)->43012K(43392K) NonClass: 38666K(38912K)->38666K(38912K) Class: 4346K(4480K)->4346K(4480K)
[372.364s][info][gc             ] GC(423) Pause Young (Allocation Failure) 586M->357M(616M) 57.751ms
[372.364s][info][gc,cpu         ] GC(423) User=0.10s Sys=0.02s Real=0.06s
[372.926s][info][gc,start       ] GC(424) Pause Young (Allocation Failure)
[372.990s][info][gc,heap        ] GC(424) PSYoungGen: 294392K(294400K)->29952K(285184K) Eden: 264192K(264192K)->0K(245760K) From: 30200K(30208K)->29952K(39424K)
[372.990s][info][gc,heap        ] GC(424) ParOldGen: 336258K(336384K)->364998K(365056K)
[372.990s][info][gc,metaspace   ] GC(424) Metaspace: 43012K(43392K)->43012K(43392K) NonClass: 38666K(38912K)->38666K(38912K) Class: 4346K(4480K)->4346K(4480K)
[372.990s][info][gc             ] GC(424) Pause Young (Allocation Failure) 615M->385M(635M) 63.785ms
[372.990s][info][gc,cpu         ] GC(424) User=0.10s Sys=0.02s Real=0.06s
[376.261s][info][gc,start       ] GC(425) Pause Young (Allocation Failure)
[376.316s][info][gc,heap        ] GC(425) PSYoungGen: 275712K(285184K)->17472K(289792K) Eden: 245760K(245760K)->0K(245760K) From: 29952K(39424K)->17472K(44032K)
[376.316s][info][gc,heap        ] GC(425) ParOldGen: 364998K(365056K)->395111K(395264K)
[376.316s][info][gc,metaspace   ] GC(425) Metaspace: 43014K(43392K)->43014K(43392K) NonClass: 38667K(38912K)->38667K(38912K) Class: 4346K(4480K)->4346K(4480K)
[376.316s][info][gc             ] GC(425) Pause Young (Allocation Failure) 625M->402M(669M) 55.059ms
[376.316s][info][gc,cpu         ] GC(425) User=0.09s Sys=0.02s Real=0.05s
[377.193s][info][gc,start       ] GC(426) Pause Young (Allocation Failure)
[377.218s][info][gc,heap        ] GC(426) PSYoungGen: 263232K(289792K)->6392K(285184K) Eden: 245760K(245760K)->0K(247296K) From: 17472K(44032K)->6392K(37888K)
[377.218s][info][gc,heap        ] GC(426) ParOldGen: 395111K(395264K)->412451K(412672K)
[377.218s][info][gc,metaspace   ] GC(426) Metaspace: 43018K(43392K)->43018K(43392K) NonClass: 38672K(38912K)->38672K(38912K) Class: 4346K(4480K)->4346K(4480K)
[377.218s][info][gc             ] GC(426) Pause Young (Allocation Failure) 642M->409M(681M) 25.370ms
[377.218s][info][gc,cpu         ] GC(426) User=0.03s Sys=0.01s Real=0.02s
[378.375s][info][gc,start       ] GC(427) Pause Young (Allocation Failure)
[378.384s][info][gc,heap        ] GC(427) PSYoungGen: 253688K(285184K)->3036K(288256K) Eden: 247296K(247296K)->0K(247296K) From: 6392K(37888K)->3036K(40960K)
[378.384s][info][gc,heap        ] GC(427) ParOldGen: 412451K(412672K)->417025K(417280K)
[378.384s][info][gc,metaspace   ] GC(427) Metaspace: 43018K(43392K)->43018K(43392K) NonClass: 38672K(38912K)->38672K(38912K) Class: 4346K(4480K)->4346K(4480K)
[378.384s][info][gc             ] GC(427) Pause Young (Allocation Failure) 650M->410M(689M) 9.223ms
[378.384s][info][gc,cpu         ] GC(427) User=0.02s Sys=0.00s Real=0.01s
[379.710s][info][gc,start       ] GC(428) Pause Young (Allocation Failure)
[379.738s][info][gc,heap        ] GC(428) PSYoungGen: 250332K(288256K)->25905K(289792K) Eden: 247296K(247296K)->0K(249856K) From: 3036K(40960K)->25905K(39936K)
[379.738s][info][gc,heap        ] GC(428) ParOldGen: 417025K(417280K)->419905K(420352K)
[379.738s][info][gc,metaspace   ] GC(428) Metaspace: 43018K(43392K)->43018K(43392K) NonClass: 38672K(38912K)->38672K(38912K) Class: 4346K(4480K)->4346K(4480K)
[379.738s][info][gc             ] GC(428) Pause Young (Allocation Failure) 651M->435M(693M) 27.246ms
[379.738s][info][gc,cpu         ] GC(428) User=0.05s Sys=0.00s Real=0.02s
[381.108s][info][gc,start       ] GC(429) Pause Young (Allocation Failure)
[381.159s][info][gc,heap        ] GC(429) PSYoungGen: 275761K(289792K)->22920K(272896K) Eden: 249856K(249856K)->0K(249856K) From: 25905K(39936K)->22920K(23040K)
[381.159s][info][gc,heap        ] GC(429) ParOldGen: 419905K(420352K)->445682K(445952K)
[381.159s][info][gc,metaspace   ] GC(429) Metaspace: 43018K(43392K)->43018K(43392K) NonClass: 38672K(38912K)->38672K(38912K) Class: 4346K(4480K)->4346K(4480K)
[381.159s][info][gc             ] GC(429) Pause Young (Allocation Failure) 679M->457M(702M) 50.837ms
[381.159s][info][gc,cpu         ] GC(429) User=0.08s Sys=0.01s Real=0.05s
[382.226s][info][gc,start       ] GC(430) Pause Young (Allocation Failure)
[382.278s][info][gc,heap        ] GC(430) PSYoungGen: 272776K(272896K)->31429K(284672K) Eden: 249856K(249856K)->0K(241664K) From: 22920K(23040K)->31429K(43008K)
[382.278s][info][gc,heap        ] GC(430) ParOldGen: 445682K(445952K)->468690K(468992K)
[382.278s][info][gc,metaspace   ] GC(430) Metaspace: 43018K(43392K)->43018K(43392K) NonClass: 38672K(38912K)->38672K(38912K) Class: 4346K(4480K)->4346K(4480K)
[382.278s][info][gc             ] GC(430) Pause Young (Allocation Failure) 701M->488M(736M) 51.710ms
[382.278s][info][gc,cpu         ] GC(430) User=0.09s Sys=0.01s Real=0.05s
[382.846s][info][gc,start       ] GC(431) Pause Young (Allocation Failure)
[382.909s][info][gc,heap        ] GC(431) PSYoungGen: 273093K(284672K)->30380K(272384K) Eden: 241664K(241664K)->0K(241664K) From: 31429K(43008K)->30380K(30720K)
[382.909s][info][gc,heap        ] GC(431) ParOldGen: 468690K(468992K)->499859K(500224K)
[382.909s][info][gc,metaspace   ] GC(431) Metaspace: 43018K(43392K)->43018K(43392K) NonClass: 38672K(38912K)->38672K(38912K) Class: 4346K(4480K)->4346K(4480K)
[382.909s][info][gc             ] GC(431) Pause Young (Allocation Failure) 724M->517M(754M) 63.618ms
[382.909s][info][gc,cpu         ] GC(431) User=0.11s Sys=0.02s Real=0.06s
[383.492s][info][gc,start       ] GC(432) Pause Young (Allocation Failure)
[383.558s][info][gc,heap        ] GC(432) PSYoungGen: 272044K(272384K)->30872K(281088K) Eden: 241664K(241664K)->0K(232448K) From: 30380K(30720K)->30872K(48640K)
[383.558s][info][gc,heap        ] GC(432) ParOldGen: 499859K(500224K)->528707K(528896K)
[383.558s][info][gc,metaspace   ] GC(432) Metaspace: 43018K(43392K)->43018K(43392K) NonClass: 38672K(38912K)->38672K(38912K) Class: 4346K(4480K)->4346K(4480K)
[383.558s][info][gc             ] GC(432) Pause Young (Allocation Failure) 753M->546M(791M) 65.551ms
[383.558s][info][gc,cpu         ] GC(432) User=0.11s Sys=0.02s Real=0.06s
[384.993s][info][gc,start       ] GC(433) Pause Young (Allocation Failure)
[385.046s][info][gc,heap        ] GC(433) PSYoungGen: 263320K(281088K)->14844K(247296K) Eden: 232448K(232448K)->0K(232448K) From: 30872K(48640K)->14844K(14848K)
[385.046s][info][gc,heap        ] GC(433) ParOldGen: 528707K(528896K)->559564K(559616K)
[385.046s][info][gc,metaspace   ] GC(433) Metaspace: 43018K(43392K)->43018K(43392K) NonClass: 38672K(38912K)->38672K(38912K) Class: 4346K(4480K)->4346K(4480K)
[385.046s][info][gc             ] GC(433) Pause Young (Allocation Failure) 773M->560M(788M) 52.903ms
[385.046s][info][gc,cpu         ] GC(433) User=0.08s Sys=0.02s Real=0.05s
[385.980s][info][gc,start       ] GC(434) Pause Young (Allocation Failure)
[386.007s][info][gc,heap        ] GC(434) PSYoungGen: 247292K(247296K)->13598K(284672K) Eden: 232448K(232448K)->0K(236544K) From: 14844K(14848K)->13598K(48128K)
[386.007s][info][gc,heap        ] GC(434) ParOldGen: 559564K(559616K)->573905K(573952K)
[386.007s][info][gc,metaspace   ] GC(434) Metaspace: 43018K(43392K)->43018K(43392K) NonClass: 38672K(38912K)->38672K(38912K) Class: 4346K(4480K)->4346K(4480K)
[386.007s][info][gc             ] GC(434) Pause Young (Allocation Failure) 787M->573M(838M) 27.112ms
[386.007s][info][gc,cpu         ] GC(434) User=0.04s Sys=0.02s Real=0.02s
[387.287s][info][gc,start       ] GC(435) Pause Young (Allocation Failure)
[387.307s][info][gc,heap        ] GC(435) PSYoungGen: 250142K(284672K)->4748K(282624K) Eden: 236544K(236544K)->0K(236544K) From: 13598K(48128K)->4748K(46080K)
[387.307s][info][gc,heap        ] GC(435) ParOldGen: 573905K(573952K)->586566K(586752K)
[387.307s][info][gc,metaspace   ] GC(435) Metaspace: 43018K(43392K)->43018K(43392K) NonClass: 38672K(38912K)->38672K(38912K) Class: 4346K(4480K)->4346K(4480K)
[387.307s][info][gc             ] GC(435) Pause Young (Allocation Failure) 804M->577M(849M) 19.705ms
[387.307s][info][gc,cpu         ] GC(435) User=0.03s Sys=0.01s Real=0.02s
[388.563s][info][gc,start       ] GC(436) Pause Young (Allocation Failure)
[388.590s][info][gc,heap        ] GC(436) PSYoungGen: 241292K(282624K)->22200K(286208K) Eden: 236544K(236544K)->0K(240640K) From: 4748K(46080K)->22200K(45568K)
[388.590s][info][gc,heap        ] GC(436) ParOldGen: 586566K(586752K)->591186K(591360K)
[388.590s][info][gc,metaspace   ] GC(436) Metaspace: 43018K(43392K)->43018K(43392K) NonClass: 38672K(38912K)->38672K(38912K) Class: 4346K(4480K)->4346K(4480K)
[388.590s][info][gc             ] GC(436) Pause Young (Allocation Failure) 808M->599M(857M) 26.805ms
[388.590s][info][gc,cpu         ] GC(436) User=0.05s Sys=0.00s Real=0.02s
[389.759s][info][gc,start       ] GC(437) Pause Young (Allocation Failure)
[389.804s][info][gc,heap        ] GC(437) PSYoungGen: 262840K(286208K)->26709K(285184K) Eden: 240640K(240640K)->0K(240640K) From: 22200K(45568K)->26709K(44544K)
[389.804s][info][gc,heap        ] GC(437) ParOldGen: 591186K(591360K)->613359K(613376K)
[389.804s][info][gc,metaspace   ] GC(437) Metaspace: 43018K(43392K)->43018K(43392K) NonClass: 38672K(38912K)->38672K(38912K) Class: 4346K(4480K)->4346K(4480K)
[389.804s][info][gc             ] GC(437) Pause Young (Allocation Failure) 834M->625M(877M) 45.091ms
[389.804s][info][gc,cpu         ] GC(437) User=0.07s Sys=0.01s Real=0.05s
[390.663s][info][gc,start       ] GC(438) Pause Young (Allocation Failure)
[390.698s][info][gc,heap        ] GC(438) PSYoungGen: 267349K(285184K)->12056K(286208K) Eden: 240640K(240640K)->0K(243712K) From: 26709K(44544K)->12056K(42496K)
[390.698s][info][gc,heap        ] GC(438) ParOldGen: 613359K(613376K)->636502K(636928K)
[390.698s][info][gc,metaspace   ] GC(438) Metaspace: 43020K(43392K)->43020K(43392K) NonClass: 38674K(38912K)->38674K(38912K) Class: 4346K(4480K)->4346K(4480K)
[390.698s][info][gc             ] GC(438) Pause Young (Allocation Failure) 860M->633M(901M) 34.993ms
[390.698s][info][gc,cpu         ] GC(438) User=0.05s Sys=0.02s Real=0.03s
[391.695s][info][gc,start       ] GC(439) Pause Full (Allocation Failure)
[391.695s][info][gc,phases,start] GC(439) Marking Phase
[391.745s][info][gc,phases      ] GC(439) Marking Phase 50.317ms
[391.745s][info][gc,phases,start] GC(439) Summary Phase
[391.745s][info][gc,phases      ] GC(439) Summary Phase 0.031ms
[391.745s][info][gc,phases,start] GC(439) Forward
[391.756s][info][gc,phases      ] GC(439) Forward 10.342ms
[391.756s][info][gc,phases,start] GC(439) Adjust Pointers
[391.784s][info][gc,phases      ] GC(439) Adjust Pointers 28.162ms
[391.784s][info][gc,phases,start] GC(439) Compaction Phase
[391.795s][info][gc,phases      ] GC(439) Compaction Phase 11.388ms
[391.796s][info][gc,phases,start] GC(439) Post Compact
[391.798s][info][gc,phases      ] GC(439) Post Compact 2.551ms
[391.832s][info][gc,heap        ] GC(439) PSYoungGen: 255768K(286208K)->0K(287232K) Eden: 243712K(243712K)->0K(243712K) From: 12056K(42496K)->0K(43520K)
[391.832s][info][gc,heap        ] GC(439) ParOldGen: 636502K(636928K)->72927K(206848K)
[391.832s][info][gc,metaspace   ] GC(439) Metaspace: 43020K(43392K)->43020K(43392K) NonClass: 38674K(38912K)->38674K(38912K) Class: 4346K(4480K)->4346K(4480K)
[391.832s][info][gc             ] GC(439) Pause Full (Allocation Failure) 871M->71M(482M) 137.391ms
[391.832s][info][gc,cpu         ] GC(439) User=0.15s Sys=0.03s Real=0.14s
[392.734s][info][gc,start       ] GC(440) Pause Young (Allocation Failure)
[392.779s][info][gc,heap        ] GC(440) PSYoungGen: 243712K(287232K)->43501K(274944K) Eden: 243712K(243712K)->0K(231424K) From: 0K(43520K)->43501K(43520K)
[392.779s][info][gc,heap        ] GC(440) ParOldGen: 72927K(206848K)->74303K(206848K)
[392.779s][info][gc,metaspace   ] GC(440) Metaspace: 43020K(43392K)->43020K(43392K) NonClass: 38674K(38912K)->38674K(38912K) Class: 4346K(4480K)->4346K(4480K)
[392.779s][info][gc             ] GC(440) Pause Young (Allocation Failure) 309M->115M(470M) 45.655ms
[392.779s][info][gc,cpu         ] GC(440) User=0.09s Sys=0.01s Real=0.04s
[393.514s][info][gc,start       ] GC(441) Pause Young (Allocation Failure)
[393.556s][info][gc,heap        ] GC(441) PSYoungGen: 274377K(274944K)->2382K(282624K) Eden: 230876K(231424K)->0K(231424K) From: 43501K(43520K)->2382K(51200K)
[393.556s][info][gc,heap        ] GC(441) ParOldGen: 74303K(206848K)->115900K(206848K)
[393.556s][info][gc,metaspace   ] GC(441) Metaspace: 43020K(43392K)->43020K(43392K) NonClass: 38674K(38912K)->38674K(38912K) Class: 4346K(4480K)->4346K(4480K)
[393.556s][info][gc             ] GC(441) Pause Young (Allocation Failure) 340M->115M(478M) 42.133ms
[393.556s][info][gc,cpu         ] GC(441) User=0.08s Sys=0.00s Real=0.04s
[394.266s][info][gc,start       ] GC(442) Pause Young (Allocation Failure)
[394.287s][info][gc,heap        ] GC(442) PSYoungGen: 233806K(282624K)->27295K(282624K) Eden: 231424K(231424K)->0K(231424K) From: 2382K(51200K)->27295K(51200K)
[394.287s][info][gc,heap        ] GC(442) ParOldGen: 115900K(206848K)->117889K(206848K)
[394.287s][info][gc,metaspace   ] GC(442) Metaspace: 43022K(43392K)->43022K(43392K) NonClass: 38675K(38912K)->38675K(38912K) Class: 4346K(4480K)->4346K(4480K)
[394.287s][info][gc             ] GC(442) Pause Young (Allocation Failure) 341M->141M(478M) 21.576ms
[394.287s][info][gc,cpu         ] GC(442) User=0.04s Sys=0.00s Real=0.02s
[395.208s][info][gc,start       ] GC(443) Pause Young (Allocation Failure)
[395.215s][info][gc,heap        ] GC(443) PSYoungGen: 258719K(282624K)->7691K(239616K) Eden: 231424K(231424K)->0K(231424K) From: 27295K(51200K)->7691K(8192K)
[395.215s][info][gc,heap        ] GC(443) ParOldGen: 117889K(206848K)->118601K(206848K)
[395.215s][info][gc,metaspace   ] GC(443) Metaspace: 43022K(43392K)->43022K(43392K) NonClass: 38675K(38912K)->38675K(38912K) Class: 4346K(4480K)->4346K(4480K)
[395.215s][info][gc             ] GC(443) Pause Young (Allocation Failure) 367M->123M(436M) 6.617ms
[395.215s][info][gc,cpu         ] GC(443) User=0.01s Sys=0.00s Real=0.01s
[395.944s][info][gc,start       ] GC(444) Pause Young (Allocation Failure)
[395.951s][info][gc,heap        ] GC(444) PSYoungGen: 239115K(239616K)->7795K(283136K) Eden: 231424K(231424K)->0K(232960K) From: 7691K(8192K)->7795K(50176K)
[395.951s][info][gc,heap        ] GC(444) ParOldGen: 118601K(206848K)->119553K(206848K)
[395.951s][info][gc,metaspace   ] GC(444) Metaspace: 43022K(43392K)->43022K(43392K) NonClass: 38675K(38912K)->38675K(38912K) Class: 4346K(4480K)->4346K(4480K)
[395.951s][info][gc             ] GC(444) Pause Young (Allocation Failure) 349M->124M(478M) 6.863ms
[395.951s][info][gc,cpu         ] GC(444) User=0.01s Sys=0.00s Real=0.01s
[396.755s][info][gc,start       ] GC(445) Pause Young (Allocation Failure)
[396.777s][info][gc,heap        ] GC(445) PSYoungGen: 240755K(283136K)->11629K(281600K) Eden: 232960K(232960K)->0K(232960K) From: 7795K(50176K)->11629K(48640K)
[396.777s][info][gc,heap        ] GC(445) ParOldGen: 119553K(206848K)->120577K(206848K)
[396.777s][info][gc,metaspace   ] GC(445) Metaspace: 43024K(43392K)->43024K(43392K) NonClass: 38678K(38912K)->38678K(38912K) Class: 4346K(4480K)->4346K(4480K)
[396.777s][info][gc             ] GC(445) Pause Young (Allocation Failure) 351M->129M(477M) 21.438ms
[396.777s][info][gc,cpu         ] GC(445) User=0.02s Sys=0.00s Real=0.02s
[397.499s][info][gc,start       ] GC(446) Pause Young (Allocation Failure)
[397.513s][info][gc,heap        ] GC(446) PSYoungGen: 244589K(281600K)->14121K(282624K) Eden: 232960K(232960K)->0K(237568K) From: 11629K(48640K)->14121K(45056K)
[397.513s][info][gc,heap        ] GC(446) ParOldGen: 120577K(206848K)->121549K(206848K)
[397.513s][info][gc,metaspace   ] GC(446) Metaspace: 43024K(43392K)->43024K(43392K) NonClass: 38678K(38912K)->38678K(38912K) Class: 4346K(4480K)->4346K(4480K)
[397.513s][info][gc             ] GC(446) Pause Young (Allocation Failure) 356M->132M(478M) 13.438ms
[397.513s][info][gc,cpu         ] GC(446) User=0.02s Sys=0.00s Real=0.02s
[398.315s][info][gc,start       ] GC(447) Pause Young (Allocation Failure)
[398.332s][info][gc,heap        ] GC(447) PSYoungGen: 251689K(282624K)->24866K(281600K) Eden: 237568K(237568K)->0K(237568K) From: 14121K(45056K)->24866K(44032K)
[398.332s][info][gc,heap        ] GC(447) ParOldGen: 121549K(206848K)->122485K(206848K)
[398.332s][info][gc,metaspace   ] GC(447) Metaspace: 43024K(43392K)->43024K(43392K) NonClass: 38678K(38912K)->38678K(38912K) Class: 4346K(4480K)->4346K(4480K)
[398.332s][info][gc             ] GC(447) Pause Young (Allocation Failure) 364M->143M(477M) 17.647ms
[398.332s][info][gc,cpu         ] GC(447) User=0.03s Sys=0.00s Real=0.02s
[399.218s][info][gc,start       ] GC(448) Pause Young (Allocation Failure)
[399.253s][info][gc,heap        ] GC(448) PSYoungGen: 262434K(281600K)->23447K(289280K) Eden: 237568K(237568K)->0K(245248K) From: 24866K(44032K)->23447K(44032K)
[399.253s][info][gc,heap        ] GC(448) ParOldGen: 122485K(206848K)->138943K(206848K)
[399.253s][info][gc,metaspace   ] GC(448) Metaspace: 43024K(43392K)->43024K(43392K) NonClass: 38678K(38912K)->38678K(38912K) Class: 4346K(4480K)->4346K(4480K)
[399.253s][info][gc             ] GC(448) Pause Young (Allocation Failure) 375M->158M(484M) 34.963ms
[399.253s][info][gc,cpu         ] GC(448) User=0.07s Sys=0.00s Real=0.04s
[400.346s][info][gc,start       ] GC(449) Pause Young (Allocation Failure)
[400.431s][info][gc,heap        ] GC(449) PSYoungGen: 268695K(289280K)->44018K(289280K) Eden: 245248K(245248K)->0K(245248K) From: 23447K(44032K)->44018K(44032K)
[400.431s][info][gc,heap        ] GC(449) ParOldGen: 138943K(206848K)->169097K(206848K)
[400.431s][info][gc,metaspace   ] GC(449) Metaspace: 43024K(43392K)->43024K(43392K) NonClass: 38678K(38912K)->38678K(38912K) Class: 4346K(4480K)->4346K(4480K)
[400.431s][info][gc             ] GC(449) Pause Young (Allocation Failure) 398M->208M(484M) 85.069ms
[400.431s][info][gc,cpu         ] GC(449) User=0.14s Sys=0.00s Real=0.09s
[401.219s][info][gc,start       ] GC(450) Pause Young (Allocation Failure)
[401.270s][info][gc,heap        ] GC(450) PSYoungGen: 289266K(289280K)->13382K(258560K) Eden: 245248K(245248K)->0K(214016K) From: 44018K(44032K)->13382K(44544K)
[401.270s][info][gc,heap        ] GC(450) ParOldGen: 169097K(206848K)->210586K(210944K)
[401.270s][info][gc,metaspace   ] GC(450) Metaspace: 43024K(43392K)->43024K(43392K) NonClass: 38678K(38912K)->38678K(38912K) Class: 4346K(4480K)->4346K(4480K)
[401.270s][info][gc             ] GC(450) Pause Young (Allocation Failure) 447M->218M(458M) 50.899ms
[401.270s][info][gc,cpu         ] GC(450) User=0.10s Sys=0.00s Real=0.05s
[401.918s][info][gc,start       ] GC(451) Pause Young (Allocation Failure)
[401.935s][info][gc,heap        ] GC(451) PSYoungGen: 227398K(258560K)->7620K(273920K) Eden: 214016K(214016K)->0K(214016K) From: 13382K(44544K)->7620K(59904K)
[401.935s][info][gc,heap        ] GC(451) ParOldGen: 210586K(210944K)->221314K(221696K)
[401.935s][info][gc,metaspace   ] GC(451) Metaspace: 43024K(43392K)->43024K(43392K) NonClass: 38678K(38912K)->38678K(38912K) Class: 4346K(4480K)->4346K(4480K)
[401.935s][info][gc             ] GC(451) Pause Young (Allocation Failure) 427M->223M(484M) 16.953ms
[401.935s][info][gc,cpu         ] GC(451) User=0.02s Sys=0.00s Real=0.02s
[402.569s][info][gc,start       ] GC(452) Pause Young (Allocation Failure)
[402.582s][info][gc,heap        ] GC(452) PSYoungGen: 221636K(273920K)->17472K(266752K) Eden: 214016K(214016K)->0K(215040K) From: 7620K(59904K)->17472K(51712K)
[402.583s][info][gc,heap        ] GC(452) ParOldGen: 221314K(221696K)->223666K(223744K)
[402.583s][info][gc,metaspace   ] GC(452) Metaspace: 43025K(43392K)->43025K(43392K) NonClass: 38679K(38912K)->38679K(38912K) Class: 4346K(4480K)->4346K(4480K)
[402.583s][info][gc             ] GC(452) Pause Young (Allocation Failure) 432M->235M(479M) 13.318ms
[402.583s][info][gc,cpu         ] GC(452) User=0.02s Sys=0.00s Real=0.02s
[403.270s][info][gc,start       ] GC(453) Pause Young (Allocation Failure)
[403.291s][info][gc,heap        ] GC(453) PSYoungGen: 232512K(266752K)->35585K(270848K) Eden: 215040K(215040K)->0K(215040K) From: 17472K(51712K)->35585K(55808K)
[403.291s][info][gc,heap        ] GC(453) ParOldGen: 223666K(223744K)->224512K(224768K)
[403.291s][info][gc,metaspace   ] GC(453) Metaspace: 43025K(43392K)->43025K(43392K) NonClass: 38679K(38912K)->38679K(38912K) Class: 4346K(4480K)->4346K(4480K)
[403.291s][info][gc             ] GC(453) Pause Young (Allocation Failure) 445M->254M(484M) 21.101ms
[403.291s][info][gc,cpu         ] GC(453) User=0.04s Sys=0.00s Real=0.02s
[403.970s][info][gc,start       ] GC(454) Pause Young (Allocation Failure)
[403.989s][info][gc,heap        ] GC(454) PSYoungGen: 250625K(270848K)->28991K(276992K) Eden: 215040K(215040K)->0K(219136K) From: 35585K(55808K)->28991K(57856K)
[403.989s][info][gc,heap        ] GC(454) ParOldGen: 224512K(224768K)->225026K(225280K)
[403.989s][info][gc,metaspace   ] GC(454) Metaspace: 43025K(43392K)->43025K(43392K) NonClass: 38679K(38912K)->38679K(38912K) Class: 4346K(4480K)->4346K(4480K)
[403.989s][info][gc             ] GC(454) Pause Young (Allocation Failure) 464M->248M(490M) 18.908ms
[403.989s][info][gc,cpu         ] GC(454) User=0.03s Sys=0.01s Real=0.01s
[404.705s][info][gc,start       ] GC(455) Pause Young (Allocation Failure)
[404.735s][info][gc,heap        ] GC(455) PSYoungGen: 248127K(276992K)->52268K(271872K) Eden: 219136K(219136K)->0K(219136K) From: 28991K(57856K)->52268K(52736K)
[404.735s][info][gc,heap        ] GC(455) ParOldGen: 225026K(225280K)->226740K(226816K)
[404.735s][info][gc,metaspace   ] GC(455) Metaspace: 43025K(43392K)->43025K(43392K) NonClass: 38679K(38912K)->38679K(38912K) Class: 4346K(4480K)->4346K(4480K)
[404.735s][info][gc             ] GC(455) Pause Young (Allocation Failure) 462M->272M(487M) 29.922ms
[404.735s][info][gc,cpu         ] GC(455) User=0.06s Sys=0.01s Real=0.03s
[405.457s][info][gc,start       ] GC(456) Pause Young (Allocation Failure)
[405.590s][info][gc,heap        ] GC(456) PSYoungGen: 271404K(271872K)->61930K(178688K) Eden: 219136K(219136K)->0K(116736K) From: 52268K(52736K)->61930K(61952K)
[405.590s][info][gc,heap        ] GC(456) ParOldGen: 226740K(226816K)->321067K(321536K)
[405.590s][info][gc,metaspace   ] GC(456) Metaspace: 43025K(43392K)->43025K(43392K) NonClass: 38679K(38912K)->38679K(38912K) Class: 4346K(4480K)->4346K(4480K)
[405.590s][info][gc             ] GC(456) Pause Young (Allocation Failure) 486M->374M(488M) 132.893ms
[405.590s][info][gc,cpu         ] GC(456) User=0.18s Sys=0.08s Real=0.13s
[405.958s][info][gc,start       ] GC(457) Pause Young (Allocation Failure)
[406.026s][info][gc,heap        ] GC(457) PSYoungGen: 178666K(178688K)->22919K(225280K) Eden: 116736K(116736K)->0K(116736K) From: 61930K(61952K)->22919K(108544K)
[406.026s][info][gc,heap        ] GC(457) ParOldGen: 321067K(321536K)->371095K(371200K)
[406.026s][info][gc,metaspace   ] GC(457) Metaspace: 43025K(43392K)->43025K(43392K) NonClass: 38679K(38912K)->38679K(38912K) Class: 4346K(4480K)->4346K(4480K)
[406.026s][info][gc             ] GC(457) Pause Young (Allocation Failure) 488M->384M(582M) 68.224ms
[406.026s][info][gc,cpu         ] GC(457) User=0.11s Sys=0.03s Real=0.07s
[406.396s][info][gc,start       ] GC(458) Pause Young (Allocation Failure)
[406.415s][info][gc,heap        ] GC(458) PSYoungGen: 139655K(225280K)->18385K(214016K) Eden: 116736K(116736K)->0K(120832K) From: 22919K(108544K)->18385K(93184K)
[406.415s][info][gc,heap        ] GC(458) ParOldGen: 371095K(371200K)->380632K(380928K)
[406.416s][info][gc,metaspace   ] GC(458) Metaspace: 43025K(43392K)->43025K(43392K) NonClass: 38679K(38912K)->38679K(38912K) Class: 4346K(4480K)->4346K(4480K)
[406.416s][info][gc             ] GC(458) Pause Young (Allocation Failure) 498M->389M(581M) 19.564ms
[406.416s][info][gc,cpu         ] GC(458) User=0.03s Sys=0.01s Real=0.02s
[406.838s][info][gc,start       ] GC(459) Pause Young (Allocation Failure)
[406.848s][info][gc,heap        ] GC(459) PSYoungGen: 139217K(214016K)->13031K(221696K) Eden: 120832K(120832K)->0K(120832K) From: 18385K(93184K)->13031K(100864K)
[406.848s][info][gc,heap        ] GC(459) ParOldGen: 380632K(380928K)->381155K(381440K)
[406.848s][info][gc,metaspace   ] GC(459) Metaspace: 43025K(43392K)->43025K(43392K) NonClass: 38679K(38912K)->38679K(38912K) Class: 4346K(4480K)->4346K(4480K)
[406.848s][info][gc             ] GC(459) Pause Young (Allocation Failure) 507M->384M(589M) 9.560ms
[406.848s][info][gc,cpu         ] GC(459) User=0.02s Sys=0.00s Real=0.01s
[407.281s][info][gc,start       ] GC(460) Pause Young (Allocation Failure)
[407.292s][info][gc,heap        ] GC(460) PSYoungGen: 133863K(221696K)->17503K(222208K) Eden: 120832K(120832K)->0K(134656K) From: 13031K(100864K)->17503K(87552K)
[407.292s][info][gc,heap        ] GC(460) ParOldGen: 381155K(381440K)->381626K(381952K)
[407.292s][info][gc,metaspace   ] GC(460) Metaspace: 43025K(43392K)->43025K(43392K) NonClass: 38679K(38912K)->38679K(38912K) Class: 4346K(4480K)->4346K(4480K)
[407.292s][info][gc             ] GC(460) Pause Young (Allocation Failure) 502M->389M(590M) 11.555ms
[407.292s][info][gc,cpu         ] GC(460) User=0.02s Sys=0.00s Real=0.01s
[407.690s][info][gc,start       ] GC(461) Pause Young (Allocation Failure)
[407.696s][info][gc,heap        ] GC(461) PSYoungGen: 152159K(222208K)->7194K(228864K) Eden: 134656K(134656K)->0K(134656K) From: 17503K(87552K)->7194K(94208K)
[407.696s][info][gc,heap        ] GC(461) ParOldGen: 381626K(381952K)->382072K(382464K)
[407.696s][info][gc,metaspace   ] GC(461) Metaspace: 43025K(43392K)->43025K(43392K) NonClass: 38679K(38912K)->38679K(38912K) Class: 4346K(4480K)->4346K(4480K)
[407.696s][info][gc             ] GC(461) Pause Young (Allocation Failure) 521M->380M(597M) 6.102ms
[407.696s][info][gc,cpu         ] GC(461) User=0.01s Sys=0.00s Real=0.00s
[408.118s][info][gc,start       ] GC(462) Pause Young (Allocation Failure)
[408.122s][info][gc,heap        ] GC(462) PSYoungGen: 141850K(228864K)->2569K(234496K) Eden: 134656K(134656K)->0K(147456K) From: 7194K(94208K)->2569K(87040K)
[408.122s][info][gc,heap        ] GC(462) ParOldGen: 382072K(382464K)->382747K(382976K)
[408.122s][info][gc,metaspace   ] GC(462) Metaspace: 43025K(43392K)->43025K(43392K) NonClass: 38679K(38912K)->38679K(38912K) Class: 4346K(4480K)->4346K(4480K)
[408.122s][info][gc             ] GC(462) Pause Young (Allocation Failure) 511M->376M(603M) 3.949ms
[408.122s][info][gc,cpu         ] GC(462) User=0.01s Sys=0.00s Real=0.01s
[408.578s][info][gc,start       ] GC(463) Pause Young (Allocation Failure)
[408.598s][info][gc,heap        ] GC(463) PSYoungGen: 150025K(234496K)->34576K(238080K) Eden: 147456K(147456K)->0K(147456K) From: 2569K(87040K)->34576K(90624K)
[408.598s][info][gc,heap        ] GC(463) ParOldGen: 382747K(382976K)->383074K(383488K)
[408.598s][info][gc,metaspace   ] GC(463) Metaspace: 43025K(43392K)->43025K(43392K) NonClass: 38679K(38912K)->38679K(38912K) Class: 4346K(4480K)->4346K(4480K)
[408.598s][info][gc             ] GC(463) Pause Young (Allocation Failure) 520M->407M(607M) 20.656ms
[408.598s][info][gc,cpu         ] GC(463) User=0.04s Sys=0.00s Real=0.02s
[409.045s][info][gc,start       ] GC(464) Pause Young (Allocation Failure)
[409.050s][info][gc,heap        ] GC(464) PSYoungGen: 182032K(238080K)->3477K(239104K) Eden: 147456K(147456K)->0K(156160K) From: 34576K(90624K)->3477K(82944K)
[409.050s][info][gc,heap        ] GC(464) ParOldGen: 383074K(383488K)->383425K(383488K)
[409.050s][info][gc,metaspace   ] GC(464) Metaspace: 43025K(43392K)->43025K(43392K) NonClass: 38679K(38912K)->38679K(38912K) Class: 4346K(4480K)->4346K(4480K)
[409.050s][info][gc             ] GC(464) Pause Young (Allocation Failure) 551M->377M(608M) 4.335ms
[409.050s][info][gc,cpu         ] GC(464) User=0.01s Sys=0.00s Real=0.00s
[409.475s][info][gc,start       ] GC(465) Pause Young (Allocation Failure)
[409.488s][info][gc,heap        ] GC(465) PSYoungGen: 159637K(239104K)->21333K(241152K) Eden: 156160K(156160K)->0K(156160K) From: 3477K(82944K)->21333K(84992K)
[409.488s][info][gc,heap        ] GC(465) ParOldGen: 383425K(383488K)->384003K(384512K)
[409.488s][info][gc,metaspace   ] GC(465) Metaspace: 43025K(43392K)->43025K(43392K) NonClass: 38679K(38912K)->38679K(38912K) Class: 4346K(4480K)->4346K(4480K)
[409.488s][info][gc             ] GC(465) Pause Young (Allocation Failure) 530M->395M(611M) 13.586ms
[409.488s][info][gc,cpu         ] GC(465) User=0.03s Sys=0.00s Real=0.01s
[409.951s][info][gc,start       ] GC(466) Pause Young (Allocation Failure)
[409.970s][info][gc,heap        ] GC(466) PSYoungGen: 177493K(241152K)->512K(247296K) Eden: 156160K(156160K)->0K(167424K) From: 21333K(84992K)->512K(79872K)
[409.970s][info][gc,heap        ] GC(466) ParOldGen: 384003K(384512K)->404134K(404480K)
[409.970s][info][gc,metaspace   ] GC(466) Metaspace: 43025K(43392K)->43025K(43392K) NonClass: 38679K(38912K)->38679K(38912K) Class: 4346K(4480K)->4346K(4480K)
[409.970s][info][gc             ] GC(466) Pause Young (Allocation Failure) 548M->395M(636M) 19.076ms
[409.970s][info][gc,cpu         ] GC(466) User=0.02s Sys=0.02s Real=0.01s
[410.448s][info][gc,start       ] GC(467) Pause Young (Allocation Failure)
[410.450s][info][gc,heap        ] GC(467) PSYoungGen: 167936K(247296K)->1272K(245760K) Eden: 167424K(167424K)->0K(167424K) From: 512K(79872K)->1272K(78336K)
[410.450s][info][gc,heap        ] GC(467) ParOldGen: 404134K(404480K)->404159K(404480K)
[410.451s][info][gc,metaspace   ] GC(467) Metaspace: 43025K(43392K)->43025K(43392K) NonClass: 38679K(38912K)->38679K(38912K) Class: 4346K(4480K)->4346K(4480K)
[410.451s][info][gc             ] GC(467) Pause Young (Allocation Failure) 558M->395M(635M) 2.915ms
[410.451s][info][gc,cpu         ] GC(467) User=0.01s Sys=0.00s Real=0.01s
[410.830s][info][gc,start       ] GC(468) Pause Young (Allocation Failure)
[410.835s][info][gc,heap        ] GC(468) PSYoungGen: 168696K(245760K)->4391K(252416K) Eden: 167424K(167424K)->0K(178688K) From: 1272K(78336K)->4391K(73728K)
[410.835s][info][gc,heap        ] GC(468) ParOldGen: 404159K(404480K)->404575K(404992K)
[410.835s][info][gc,metaspace   ] GC(468) Metaspace: 43025K(43392K)->43025K(43392K) NonClass: 38679K(38912K)->38679K(38912K) Class: 4346K(4480K)->4346K(4480K)
[410.835s][info][gc             ] GC(468) Pause Young (Allocation Failure) 559M->399M(642M) 5.288ms
[410.835s][info][gc,cpu         ] GC(468) User=0.01s Sys=0.00s Real=0.01s
[411.125s][info][gc,start       ] GC(469) Pause Young (Allocation Failure)
[411.129s][info][gc,heap        ] GC(469) PSYoungGen: 183079K(252416K)->1333K(251904K) Eden: 178688K(178688K)->0K(178688K) From: 4391K(73728K)->1333K(73216K)
[411.129s][info][gc,heap        ] GC(469) ParOldGen: 404575K(404992K)->406247K(406528K)
[411.129s][info][gc,metaspace   ] GC(469) Metaspace: 43025K(43392K)->43025K(43392K) NonClass: 38679K(38912K)->38679K(38912K) Class: 4346K(4480K)->4346K(4480K)
[411.129s][info][gc             ] GC(469) Pause Young (Allocation Failure) 573M->398M(643M) 4.174ms
[411.129s][info][gc,cpu         ] GC(469) User=0.01s Sys=0.00s Real=0.00s
[411.478s][info][gc,start       ] GC(470) Pause Young (Allocation Failure)
[411.486s][info][gc,heap        ] GC(470) PSYoungGen: 179736K(251904K)->10084K(255488K) Eden: 178402K(178688K)->0K(189952K) From: 1333K(73216K)->10084K(65536K)
[411.486s][info][gc,heap        ] GC(470) ParOldGen: 406247K(406528K)->406483K(406528K)
[411.486s][info][gc,metaspace   ] GC(470) Metaspace: 43025K(43392K)->43025K(43392K) NonClass: 38679K(38912K)->38679K(38912K) Class: 4346K(4480K)->4346K(4480K)
[411.486s][info][gc             ] GC(470) Pause Young (Allocation Failure) 572M->406M(646M) 8.005ms
[411.486s][info][gc,cpu         ] GC(470) User=0.02s Sys=0.00s Real=0.01s
[411.707s][info][gc,start       ] GC(471) Pause Young (Allocation Failure)
[411.720s][info][gc,heap        ] GC(471) PSYoungGen: 199025K(255488K)->1052K(256512K) Eden: 188940K(189952K)->0K(189952K) From: 10084K(65536K)->1052K(66560K)
[411.720s][info][gc,heap        ] GC(471) ParOldGen: 406483K(406528K)->416349K(416768K)
[411.720s][info][gc,metaspace   ] GC(471) Metaspace: 43025K(43392K)->43025K(43392K) NonClass: 38679K(38912K)->38679K(38912K) Class: 4346K(4480K)->4346K(4480K)
[411.720s][info][gc             ] GC(471) Pause Young (Allocation Failure) 591M->407M(657M) 12.776ms
[411.720s][info][gc,cpu         ] GC(471) User=0.01s Sys=0.01s Real=0.02s
[411.943s][info][gc,start       ] GC(472) Pause Young (Allocation Failure)
[411.948s][info][gc,heap        ] GC(472) PSYoungGen: 189999K(256512K)->1189K(263680K) Eden: 188946K(189952K)->0K(203264K) From: 1052K(66560K)->1189K(60416K)
[411.948s][info][gc,heap        ] GC(472) ParOldGen: 416349K(416768K)->417368K(417792K)
[411.948s][info][gc,metaspace   ] GC(472) Metaspace: 43028K(43392K)->43028K(43392K) NonClass: 38681K(38912K)->38681K(38912K) Class: 4346K(4480K)->4346K(4480K)
[411.948s][info][gc             ] GC(472) Pause Young (Allocation Failure) 592M->408M(665M) 4.402ms
[411.948s][info][gc,cpu         ] GC(472) User=0.01s Sys=0.00s Real=0.00s
[412.200s][info][gc,start       ] GC(473) Pause Young (Allocation Failure)
[412.206s][info][gc,heap        ] GC(473) PSYoungGen: 202894K(263680K)->2976K(264704K) Eden: 201705K(203264K)->0K(203264K) From: 1189K(60416K)->2976K(61440K)
[412.206s][info][gc,heap        ] GC(473) ParOldGen: 417368K(417792K)->418480K(418816K)
[412.206s][info][gc,metaspace   ] GC(473) Metaspace: 43028K(43392K)->43028K(43392K) NonClass: 38681K(38912K)->38681K(38912K) Class: 4346K(4480K)->4346K(4480K)
[412.206s][info][gc             ] GC(473) Pause Young (Allocation Failure) 605M->411M(667M) 5.827ms
[412.206s][info][gc,cpu         ] GC(473) User=0.01s Sys=0.00s Real=0.00s
[412.452s][info][gc,start       ] GC(474) Pause Young (Allocation Failure)
[412.461s][info][gc,heap        ] GC(474) PSYoungGen: 206061K(264704K)->3780K(268288K) Eden: 203084K(203264K)->0K(214016K) From: 2976K(61440K)->3780K(54272K)
[412.461s][info][gc,heap        ] GC(474) ParOldGen: 418480K(418816K)->421426K(421888K)
[412.461s][info][gc,metaspace   ] GC(474) Metaspace: 43028K(43392K)->43028K(43392K) NonClass: 38681K(38912K)->38681K(38912K) Class: 4346K(4480K)->4346K(4480K)
[412.461s][info][gc             ] GC(474) Pause Young (Allocation Failure) 609M->415M(674M) 8.649ms
[412.461s][info][gc,cpu         ] GC(474) User=0.01s Sys=0.00s Real=0.01s
[412.732s][info][gc,start       ] GC(475) Pause Young (Allocation Failure)
[412.744s][info][gc,heap        ] GC(475) PSYoungGen: 217255K(268288K)->6385K(269312K) Eden: 213475K(214016K)->0K(214016K) From: 3780K(54272K)->6385K(55296K)
[412.744s][info][gc,heap        ] GC(475) ParOldGen: 421426K(421888K)->425168K(425472K)
[412.744s][info][gc,metaspace   ] GC(475) Metaspace: 43028K(43392K)->43028K(43392K) NonClass: 38681K(38912K)->38681K(38912K) Class: 4346K(4480K)->4346K(4480K)
[412.744s][info][gc             ] GC(475) Pause Young (Allocation Failure) 623M->421M(678M) 11.964ms
[412.744s][info][gc,cpu         ] GC(475) User=0.02s Sys=0.00s Real=0.01s
[413.017s][info][gc,start       ] GC(476) Pause Young (Allocation Failure)
[413.032s][info][gc,heap        ] GC(476) PSYoungGen: 220401K(269312K)->5693K(274944K) Eden: 214016K(214016K)->0K(226816K) From: 6385K(55296K)->5693K(48128K)
[413.032s][info][gc,heap        ] GC(476) ParOldGen: 425168K(425472K)->431671K(432128K)
[413.032s][info][gc,metaspace   ] GC(476) Metaspace: 43030K(43392K)->43030K(43392K) NonClass: 38683K(38912K)->38683K(38912K) Class: 4346K(4480K)->4346K(4480K)
[413.032s][info][gc             ] GC(476) Pause Young (Allocation Failure) 630M->427M(690M) 15.524ms
[413.032s][info][gc,cpu         ] GC(476) User=0.02s Sys=0.01s Real=0.02s
[413.318s][info][gc,start       ] GC(477) Pause Young (Allocation Failure)
[413.336s][info][gc,heap        ] GC(477) PSYoungGen: 230990K(274944K)->6581K(275456K) Eden: 225296K(226816K)->0K(226816K) From: 5693K(48128K)->6581K(48640K)
[413.336s][info][gc,heap        ] GC(477) ParOldGen: 431671K(432128K)->437422K(437760K)
[413.336s][info][gc,metaspace   ] GC(477) Metaspace: 43030K(43392K)->43030K(43392K) NonClass: 38683K(38912K)->38683K(38912K) Class: 4346K(4480K)->4346K(4480K)
[413.336s][info][gc             ] GC(477) Pause Young (Allocation Failure) 647M->433M(696M) 17.986ms
[413.336s][info][gc,cpu         ] GC(477) User=0.04s Sys=0.00s Real=0.02s
[413.810s][info][gc,start       ] GC(478) Pause Young (Allocation Failure)
[413.825s][info][gc,heap        ] GC(478) PSYoungGen: 233397K(275456K)->8837K(280576K) Eden: 226816K(226816K)->0K(239616K) From: 6581K(48640K)->8837K(40960K)
[413.825s][info][gc,heap        ] GC(478) ParOldGen: 437422K(437760K)->443940K(444416K)
[413.825s][info][gc,metaspace   ] GC(478) Metaspace: 43030K(43392K)->43030K(43392K) NonClass: 38683K(38912K)->38683K(38912K) Class: 4346K(4480K)->4346K(4480K)
[413.825s][info][gc             ] GC(478) Pause Young (Allocation Failure) 655M->442M(708M) 15.394ms
[413.825s][info][gc,cpu         ] GC(478) User=0.03s Sys=0.01s Real=0.02s
[414.330s][info][gc,start       ] GC(479) Pause Young (Allocation Failure)
[414.343s][info][gc,heap        ] GC(479) PSYoungGen: 248453K(280576K)->4544K(281600K) Eden: 239616K(239616K)->0K(239616K) From: 8837K(40960K)->4544K(41984K)
[414.343s][info][gc,heap        ] GC(479) ParOldGen: 443940K(444416K)->452881K(453120K)
[414.343s][info][gc,metaspace   ] GC(479) Metaspace: 43044K(43392K)->43044K(43392K) NonClass: 38697K(38912K)->38697K(38912K) Class: 4346K(4480K)->4346K(4480K)
[414.343s][info][gc             ] GC(479) Pause Young (Allocation Failure) 676M->446M(717M) 13.769ms
[414.343s][info][gc,cpu         ] GC(479) User=0.02s Sys=0.01s Real=0.02s
[414.865s][info][gc,start       ] GC(480) Pause Young (Allocation Failure)
[414.867s][info][gc,heap        ] GC(480) PSYoungGen: 244160K(281600K)->608K(289792K) Eden: 239616K(239616K)->0K(251904K) From: 4544K(41984K)->608K(37888K)
[414.867s][info][gc,heap        ] GC(480) ParOldGen: 452881K(453120K)->453067K(453120K)
[414.867s][info][gc,metaspace   ] GC(480) Metaspace: 43046K(43392K)->43046K(43392K) NonClass: 38700K(38912K)->38700K(38912K) Class: 4346K(4480K)->4346K(4480K)
[414.867s][info][gc             ] GC(480) Pause Young (Allocation Failure) 680M->443M(725M) 2.327ms
[414.867s][info][gc,cpu         ] GC(480) User=0.00s Sys=0.00s Real=0.00s
[415.401s][info][gc,start       ] GC(481) Pause Young (Allocation Failure)
[415.406s][info][gc,heap        ] GC(481) PSYoungGen: 252512K(289792K)->4615K(290304K) Eden: 251904K(251904K)->0K(251904K) From: 608K(37888K)->4615K(38400K)
[415.406s][info][gc,heap        ] GC(481) ParOldGen: 453067K(453120K)->453067K(453120K)
[415.406s][info][gc,metaspace   ] GC(481) Metaspace: 43046K(43392K)->43046K(43392K) NonClass: 38700K(38912K)->38700K(38912K) Class: 4346K(4480K)->4346K(4480K)
[415.406s][info][gc             ] GC(481) Pause Young (Allocation Failure) 689M->446M(726M) 4.998ms
[415.406s][info][gc,cpu         ] GC(481) User=0.01s Sys=0.00s Real=0.00s
[415.997s][info][gc,start       ] GC(482) Pause Young (Allocation Failure)
[416.001s][info][gc,heap        ] GC(482) PSYoungGen: 256519K(290304K)->5285K(293376K) Eden: 251904K(251904K)->0K(259584K) From: 4615K(38400K)->5285K(33792K)
[416.001s][info][gc,heap        ] GC(482) ParOldGen: 453067K(453120K)->453123K(453632K)
[416.001s][info][gc,metaspace   ] GC(482) Metaspace: 43048K(43392K)->43048K(43392K) NonClass: 38701K(38912K)->38701K(38912K) Class: 4347K(4480K)->4347K(4480K)
[416.001s][info][gc             ] GC(482) Pause Young (Allocation Failure) 692M->447M(729M) 3.861ms
[416.001s][info][gc,cpu         ] GC(482) User=0.00s Sys=0.00s Real=0.01s
[417.056s][info][gc,start       ] GC(483) Pause Young (Allocation Failure)
[417.061s][info][gc,heap        ] GC(483) PSYoungGen: 264869K(293376K)->2962K(293376K) Eden: 259584K(259584K)->0K(259584K) From: 5285K(33792K)->2962K(33792K)
[417.061s][info][gc,heap        ] GC(483) ParOldGen: 453123K(453632K)->453267K(453632K)
[417.061s][info][gc,metaspace   ] GC(483) Metaspace: 43048K(43392K)->43048K(43392K) NonClass: 38701K(38912K)->38701K(38912K) Class: 4347K(4480K)->4347K(4480K)
[417.061s][info][gc             ] GC(483) Pause Young (Allocation Failure) 701M->445M(729M) 5.339ms
[417.061s][info][gc,cpu         ] GC(483) User=0.01s Sys=0.00s Real=0.01s
[417.968s][info][gc,start       ] GC(484) Pause Young (Allocation Failure)
[417.993s][info][gc,heap        ] GC(484) PSYoungGen: 262546K(293376K)->23807K(293888K) Eden: 259584K(259584K)->0K(262144K) From: 2962K(33792K)->23807K(31744K)
[417.993s][info][gc,heap        ] GC(484) ParOldGen: 453267K(453632K)->456101K(456192K)
[417.993s][info][gc,metaspace   ] GC(484) Metaspace: 43052K(43392K)->43052K(43392K) NonClass: 38704K(38912K)->38704K(38912K) Class: 4347K(4480K)->4347K(4480K)
[417.993s][info][gc             ] GC(484) Pause Young (Allocation Failure) 699M->468M(732M) 24.500ms
[417.993s][info][gc,cpu         ] GC(484) User=0.04s Sys=0.01s Real=0.03s
[418.550s][info][gc,start       ] GC(485) Pause Young (Allocation Failure)
[418.608s][info][gc,heap        ] GC(485) PSYoungGen: 285951K(293888K)->30200K(292352K) Eden: 262144K(262144K)->0K(262144K) From: 23807K(31744K)->30200K(30208K)
[418.608s][info][gc,heap        ] GC(485) ParOldGen: 456101K(456192K)->479397K(479744K)
[418.608s][info][gc,metaspace   ] GC(485) Metaspace: 43052K(43392K)->43052K(43392K) NonClass: 38704K(38912K)->38704K(38912K) Class: 4347K(4480K)->4347K(4480K)
[418.608s][info][gc             ] GC(485) Pause Young (Allocation Failure) 724M->497M(754M) 58.234ms
[418.608s][info][gc,cpu         ] GC(485) User=0.11s Sys=0.01s Real=0.06s
[419.169s][info][gc,start       ] GC(486) Pause Young (Allocation Failure)
[419.232s][info][gc,heap        ] GC(486) PSYoungGen: 292344K(292352K)->29568K(285696K) Eden: 262144K(262144K)->0K(244736K) From: 30200K(30208K)->29568K(40960K)
[419.232s][info][gc,heap        ] GC(486) ParOldGen: 479397K(479744K)->508065K(508416K)
[419.232s][info][gc,metaspace   ] GC(486) Metaspace: 43052K(43392K)->43052K(43392K) NonClass: 38704K(38912K)->38704K(38912K) Class: 4347K(4480K)->4347K(4480K)
[419.232s][info][gc             ] GC(486) Pause Young (Allocation Failure) 753M->525M(775M) 63.446ms
[419.232s][info][gc,cpu         ] GC(486) User=0.10s Sys=0.03s Real=0.07s
[422.768s][info][gc,start       ] GC(487) Pause Young (Allocation Failure)
[422.819s][info][gc,heap        ] GC(487) PSYoungGen: 274304K(285696K)->12727K(289280K) Eden: 244736K(244736K)->0K(244736K) From: 29568K(40960K)->12727K(44544K)
[422.819s][info][gc,heap        ] GC(487) ParOldGen: 508065K(508416K)->537818K(538112K)
[422.819s][info][gc,metaspace   ] GC(487) Metaspace: 43055K(43392K)->43055K(43392K) NonClass: 38708K(38912K)->38708K(38912K) Class: 4347K(4480K)->4347K(4480K)
[422.819s][info][gc             ] GC(487) Pause Young (Allocation Failure) 764M->537M(808M) 51.388ms
[422.819s][info][gc,cpu         ] GC(487) User=0.08s Sys=0.02s Real=0.05s
[423.683s][info][gc,start       ] GC(488) Pause Young (Allocation Failure)
[423.703s][info][gc,heap        ] GC(488) PSYoungGen: 257463K(289280K)->5088K(285696K) Eden: 244736K(244736K)->0K(247808K) From: 12727K(44544K)->5088K(37888K)
[423.703s][info][gc,heap        ] GC(488) ParOldGen: 537818K(538112K)->549978K(550400K)
[423.703s][info][gc,metaspace   ] GC(488) Metaspace: 43056K(43392K)->43056K(43392K) NonClass: 38708K(38912K)->38708K(38912K) Class: 4347K(4480K)->4347K(4480K)
[423.703s][info][gc             ] GC(488) Pause Young (Allocation Failure) 776M->542M(816M) 19.337ms
[423.703s][info][gc,cpu         ] GC(488) User=0.03s Sys=0.01s Real=0.02s
[424.894s][info][gc,start       ] GC(489) Pause Young (Allocation Failure)
[424.902s][info][gc,heap        ] GC(489) PSYoungGen: 252896K(285696K)->2203K(287744K) Eden: 247808K(247808K)->0K(247808K) From: 5088K(37888K)->2203K(39936K)
[424.902s][info][gc,heap        ] GC(489) ParOldGen: 549978K(550400K)->553967K(553984K)
[424.902s][info][gc,metaspace   ] GC(489) Metaspace: 43056K(43392K)->43056K(43392K) NonClass: 38708K(38912K)->38708K(38912K) Class: 4347K(4480K)->4347K(4480K)
[424.902s][info][gc             ] GC(489) Pause Young (Allocation Failure) 784M->543M(822M) 8.092ms
[424.902s][info][gc,cpu         ] GC(489) User=0.02s Sys=0.00s Real=0.01s
[426.242s][info][gc,start       ] GC(490) Pause Young (Allocation Failure)
[426.269s][info][gc,heap        ] GC(490) PSYoungGen: 250011K(287744K)->25954K(289792K) Eden: 247808K(247808K)->0K(250880K) From: 2203K(39936K)->25954K(38912K)
[426.269s][info][gc,heap        ] GC(490) ParOldGen: 553967K(553984K)->556103K(556544K)
[426.269s][info][gc,metaspace   ] GC(490) Metaspace: 43056K(43392K)->43056K(43392K) NonClass: 38708K(38912K)->38708K(38912K) Class: 4347K(4480K)->4347K(4480K)
[426.269s][info][gc             ] GC(490) Pause Young (Allocation Failure) 785M->568M(826M) 26.794ms
[426.269s][info][gc,cpu         ] GC(490) User=0.05s Sys=0.00s Real=0.02s
[427.710s][info][gc,start       ] GC(491) Pause Young (Allocation Failure)
[427.761s][info][gc,heap        ] GC(491) PSYoungGen: 276834K(289792K)->23436K(274432K) Eden: 250880K(250880K)->0K(250880K) From: 25954K(38912K)->23436K(23552K)
[427.761s][info][gc,heap        ] GC(491) ParOldGen: 556103K(556544K)->581557K(581632K)
[427.761s][info][gc,metaspace   ] GC(491) Metaspace: 43056K(43392K)->43056K(43392K) NonClass: 38708K(38912K)->38708K(38912K) Class: 4347K(4480K)->4347K(4480K)
[427.761s][info][gc             ] GC(491) Pause Young (Allocation Failure) 813M->590M(836M) 51.120ms
[427.761s][info][gc,cpu         ] GC(491) User=0.08s Sys=0.02s Real=0.06s
[428.695s][info][gc,start       ] GC(492) Pause Young (Allocation Failure)
[428.751s][info][gc,heap        ] GC(492) PSYoungGen: 274316K(274432K)->32396K(282624K) Eden: 250880K(250880K)->0K(239616K) From: 23436K(23552K)->32396K(43008K)
[428.751s][info][gc,heap        ] GC(492) ParOldGen: 581557K(581632K)->605066K(605184K)
[428.751s][info][gc,metaspace   ] GC(492) Metaspace: 43056K(43392K)->43056K(43392K) NonClass: 38708K(38912K)->38708K(38912K) Class: 4347K(4480K)->4347K(4480K)
[428.751s][info][gc             ] GC(492) Pause Young (Allocation Failure) 835M->622M(867M) 55.584ms
[428.751s][info][gc,cpu         ] GC(492) User=0.09s Sys=0.02s Real=0.06s
[429.289s][info][gc,start       ] GC(493) Pause Young (Allocation Failure)
[429.356s][info][gc,heap        ] GC(493) PSYoungGen: 272012K(282624K)->30008K(269824K) Eden: 239616K(239616K)->0K(239616K) From: 32396K(43008K)->30008K(30208K)
[429.356s][info][gc,heap        ] GC(493) ParOldGen: 605066K(605184K)->637156K(637440K)
[429.356s][info][gc,metaspace   ] GC(493) Metaspace: 43056K(43392K)->43056K(43392K) NonClass: 38708K(38912K)->38708K(38912K) Class: 4347K(4480K)->4347K(4480K)
[429.356s][info][gc             ] GC(493) Pause Young (Allocation Failure) 856M->651M(886M) 66.944ms
[429.356s][info][gc,cpu         ] GC(493) User=0.11s Sys=0.02s Real=0.07s
[429.910s][info][gc,start       ] GC(494) Pause Full (Allocation Failure)
[429.910s][info][gc,phases,start] GC(494) Marking Phase
[429.996s][info][gc,phases      ] GC(494) Marking Phase 86.028ms
[429.996s][info][gc,phases,start] GC(494) Summary Phase
[429.996s][info][gc,phases      ] GC(494) Summary Phase 0.028ms
[429.996s][info][gc,phases,start] GC(494) Forward
[430.022s][info][gc,phases      ] GC(494) Forward 25.477ms
[430.022s][info][gc,phases,start] GC(494) Adjust Pointers
[430.084s][info][gc,phases      ] GC(494) Adjust Pointers 62.929ms
[430.085s][info][gc,phases,start] GC(494) Compaction Phase
[430.116s][info][gc,phases      ] GC(494) Compaction Phase 31.006ms
[430.116s][info][gc,phases,start] GC(494) Post Compact
[430.118s][info][gc,phases      ] GC(494) Post Compact 2.678ms
[430.148s][info][gc,heap        ] GC(494) PSYoungGen: 269624K(269824K)->0K(284672K) Eden: 239616K(239616K)->0K(235520K) From: 30008K(30208K)->0K(49152K)
[430.148s][info][gc,heap        ] GC(494) ParOldGen: 637156K(637440K)->124857K(261120K)
[430.148s][info][gc,metaspace   ] GC(494) Metaspace: 43056K(43392K)->43056K(43392K) NonClass: 38708K(38912K)->38708K(38912K) Class: 4347K(4480K)->4347K(4480K)
[430.148s][info][gc             ] GC(494) Pause Full (Allocation Failure) 885M->121M(533M) 238.346ms
[430.148s][info][gc,cpu         ] GC(494) User=0.37s Sys=0.03s Real=0.24s
[431.553s][info][gc,start       ] GC(495) Pause Young (Allocation Failure)
[431.567s][info][gc,heap        ] GC(495) PSYoungGen: 235520K(284672K)->14920K(250880K) Eden: 235520K(235520K)->0K(235520K) From: 0K(49152K)->14920K(15360K)
[431.567s][info][gc,heap        ] GC(495) ParOldGen: 124857K(261120K)->124857K(261120K)
[431.567s][info][gc,metaspace   ] GC(495) Metaspace: 43056K(43392K)->43056K(43392K) NonClass: 38708K(38912K)->38708K(38912K) Class: 4347K(4480K)->4347K(4480K)
[431.567s][info][gc             ] GC(495) Pause Young (Allocation Failure) 351M->136M(500M) 13.925ms
[431.567s][info][gc,cpu         ] GC(495) User=0.03s Sys=0.00s Real=0.01s
[432.533s][info][gc,start       ] GC(496) Pause Young (Allocation Failure)
[432.553s][info][gc,heap        ] GC(496) PSYoungGen: 250440K(250880K)->13406K(283648K) Eden: 235520K(235520K)->0K(237568K) From: 14920K(15360K)->13406K(46080K)
[432.553s][info][gc,heap        ] GC(496) ParOldGen: 124857K(261120K)->138358K(261120K)
[432.553s][info][gc,metaspace   ] GC(496) Metaspace: 43056K(43392K)->43056K(43392K) NonClass: 38708K(38912K)->38708K(38912K) Class: 4347K(4480K)->4347K(4480K)
[432.553s][info][gc             ] GC(496) Pause Young (Allocation Failure) 366M->148M(532M) 20.194ms
[432.553s][info][gc,cpu         ] GC(496) User=0.04s Sys=0.00s Real=0.02s
[433.864s][info][gc,start       ] GC(497) Pause Young (Allocation Failure)
[433.897s][info][gc,heap        ] GC(497) PSYoungGen: 250974K(283648K)->25715K(281600K) Eden: 237568K(237568K)->0K(237568K) From: 13406K(46080K)->25715K(44032K)
[433.897s][info][gc,heap        ] GC(497) ParOldGen: 138358K(261120K)->151766K(261120K)
[433.897s][info][gc,metaspace   ] GC(497) Metaspace: 43056K(43392K)->43056K(43392K) NonClass: 38708K(38912K)->38708K(38912K) Class: 4347K(4480K)->4347K(4480K)
[433.897s][info][gc             ] GC(497) Pause Young (Allocation Failure) 380M->173M(530M) 32.704ms
[433.897s][info][gc,cpu         ] GC(497) User=0.06s Sys=0.00s Real=0.03s
[435.188s][info][gc,start       ] GC(498) Pause Young (Allocation Failure)
[435.226s][info][gc,heap        ] GC(498) PSYoungGen: 263283K(281600K)->22597K(288768K) Eden: 237568K(237568K)->0K(244224K) From: 25715K(44032K)->22597K(44544K)
[435.226s][info][gc,heap        ] GC(498) ParOldGen: 151766K(261120K)->177417K(261120K)
[435.226s][info][gc,metaspace   ] GC(498) Metaspace: 43056K(43392K)->43056K(43392K) NonClass: 38708K(38912K)->38708K(38912K) Class: 4347K(4480K)->4347K(4480K)
[435.226s][info][gc             ] GC(498) Pause Young (Allocation Failure) 405M->195M(537M) 38.697ms
[435.226s][info][gc,cpu         ] GC(498) User=0.07s Sys=0.00s Real=0.04s
[436.356s][info][gc,start       ] GC(499) Pause Young (Allocation Failure)
[436.394s][info][gc,heap        ] GC(499) PSYoungGen: 266821K(288768K)->28263K(288256K) Eden: 244224K(244224K)->0K(244224K) From: 22597K(44544K)->28263K(44032K)
[436.394s][info][gc,heap        ] GC(499) ParOldGen: 177417K(261120K)->200043K(261120K)
[436.394s][info][gc,metaspace   ] GC(499) Metaspace: 43058K(43392K)->43058K(43392K) NonClass: 38711K(38912K)->38711K(38912K) Class: 4347K(4480K)->4347K(4480K)
[436.394s][info][gc             ] GC(499) Pause Young (Allocation Failure) 433M->222M(536M) 37.584ms
[436.394s][info][gc,cpu         ] GC(499) User=0.08s Sys=0.00s Real=0.04s
[437.264s][info][gc,start       ] GC(500) Pause Young (Allocation Failure)
[437.287s][info][gc,heap        ] GC(500) PSYoungGen: 272487K(288256K)->13321K(287744K) Eden: 244224K(244224K)->0K(244736K) From: 28263K(44032K)->13321K(43008K)
[437.287s][info][gc,heap        ] GC(500) ParOldGen: 200043K(261120K)->219885K(261120K)
[437.287s][info][gc,metaspace   ] GC(500) Metaspace: 43058K(43392K)->43058K(43392K) NonClass: 38711K(38912K)->38711K(38912K) Class: 4347K(4480K)->4347K(4480K)
[437.287s][info][gc             ] GC(500) Pause Young (Allocation Failure) 461M->227M(536M) 22.922ms
[437.287s][info][gc,cpu         ] GC(500) User=0.05s Sys=0.00s Real=0.02s
[438.137s][info][gc,start       ] GC(501) Pause Young (Allocation Failure)
[438.155s][info][gc,heap        ] GC(501) PSYoungGen: 258057K(287744K)->21409K(288256K) Eden: 244736K(244736K)->0K(244736K) From: 13321K(43008K)->21409K(43520K)
[438.155s][info][gc,heap        ] GC(501) ParOldGen: 219885K(261120K)->220697K(261120K)
[438.155s][info][gc,metaspace   ] GC(501) Metaspace: 43086K(43392K)->43086K(43392K) NonClass: 38739K(38912K)->38739K(38912K) Class: 4347K(4480K)->4347K(4480K)
[438.155s][info][gc             ] GC(501) Pause Young (Allocation Failure) 466M->236M(536M) 18.095ms
[438.155s][info][gc,cpu         ] GC(501) User=0.04s Sys=0.00s Real=0.02s
[438.977s][info][gc,start       ] GC(502) Pause Young (Allocation Failure)
[438.984s][info][gc,heap        ] GC(502) PSYoungGen: 266145K(288256K)->7109K(289280K) Eden: 244736K(244736K)->0K(247296K) From: 21409K(43520K)->7109K(41984K)
[438.984s][info][gc,heap        ] GC(502) ParOldGen: 220697K(261120K)->221777K(261120K)
[438.984s][info][gc,metaspace   ] GC(502) Metaspace: 43086K(43392K)->43086K(43392K) NonClass: 38739K(38912K)->38739K(38912K) Class: 4347K(4480K)->4347K(4480K)
[438.984s][info][gc             ] GC(502) Pause Young (Allocation Failure) 475M->223M(537M) 6.485ms
[438.984s][info][gc,cpu         ] GC(502) User=0.01s Sys=0.00s Real=0.01s
[439.820s][info][gc,start       ] GC(503) Pause Young (Allocation Failure)
[439.824s][info][gc,heap        ] GC(503) PSYoungGen: 254405K(289280K)->1511K(289280K) Eden: 247296K(247296K)->0K(247296K) From: 7109K(41984K)->1511K(41984K)
[439.824s][info][gc,heap        ] GC(503) ParOldGen: 221777K(261120K)->222889K(261120K)
[439.824s][info][gc,metaspace   ] GC(503) Metaspace: 43086K(43392K)->43086K(43392K) NonClass: 38739K(38912K)->38739K(38912K) Class: 4347K(4480K)->4347K(4480K)
[439.824s][info][gc             ] GC(503) Pause Young (Allocation Failure) 465M->219M(537M) 3.317ms
[439.824s][info][gc,cpu         ] GC(503) User=0.01s Sys=0.00s Real=0.00s
[440.691s][info][gc,start       ] GC(504) Pause Young (Allocation Failure)
[440.717s][info][gc,heap        ] GC(504) PSYoungGen: 248807K(289280K)->23893K(290816K) Eden: 247296K(247296K)->0K(248832K) From: 1511K(41984K)->23893K(41984K)
[440.717s][info][gc,heap        ] GC(504) ParOldGen: 222889K(261120K)->224033K(261120K)
[440.717s][info][gc,metaspace   ] GC(504) Metaspace: 43086K(43392K)->43086K(43392K) NonClass: 38739K(38912K)->38739K(38912K) Class: 4347K(4480K)->4347K(4480K)
[440.717s][info][gc             ] GC(504) Pause Young (Allocation Failure) 460M->242M(539M) 25.661ms
[440.717s][info][gc,cpu         ] GC(504) User=0.05s Sys=0.00s Real=0.02s
[441.685s][info][gc,start       ] GC(505) Pause Young (Allocation Failure)
[441.694s][info][gc,heap        ] GC(505) PSYoungGen: 272725K(290816K)->11081K(260096K) Eden: 248832K(248832K)->0K(248832K) From: 23893K(41984K)->11081K(11264K)
[441.694s][info][gc,heap        ] GC(505) ParOldGen: 224033K(261120K)->224769K(261120K)
[441.694s][info][gc,metaspace   ] GC(505) Metaspace: 43086K(43392K)->43086K(43392K) NonClass: 38739K(38912K)->38739K(38912K) Class: 4347K(4480K)->4347K(4480K)
[441.694s][info][gc             ] GC(505) Pause Young (Allocation Failure) 485M->230M(509M) 9.351ms
[441.694s][info][gc,cpu         ] GC(505) User=0.01s Sys=0.00s Real=0.01s
[442.514s][info][gc,start       ] GC(506) Pause Young (Allocation Failure)
[442.521s][info][gc,heap        ] GC(506) PSYoungGen: 259913K(260096K)->8261K(291328K) Eden: 248832K(248832K)->0K(250368K) From: 11081K(11264K)->8261K(40960K)
[442.521s][info][gc,heap        ] GC(506) ParOldGen: 224769K(261120K)->225913K(261120K)
[442.521s][info][gc,metaspace   ] GC(506) Metaspace: 43086K(43392K)->43086K(43392K) NonClass: 38739K(38912K)->38739K(38912K) Class: 4347K(4480K)->4347K(4480K)
[442.521s][info][gc             ] GC(506) Pause Young (Allocation Failure) 473M->228M(539M) 6.805ms
[442.521s][info][gc,cpu         ] GC(506) User=0.01s Sys=0.00s Real=0.01s
[443.347s][info][gc,start       ] GC(507) Pause Young (Allocation Failure)
[443.353s][info][gc,heap        ] GC(507) PSYoungGen: 258629K(291328K)->7285K(290304K) Eden: 250368K(250368K)->0K(250368K) From: 8261K(40960K)->7285K(39936K)
[443.353s][info][gc,heap        ] GC(507) ParOldGen: 225913K(261120K)->226821K(261120K)
[443.354s][info][gc,metaspace   ] GC(507) Metaspace: 43086K(43392K)->43086K(43392K) NonClass: 38739K(38912K)->38739K(38912K) Class: 4347K(4480K)->4347K(4480K)
[443.354s][info][gc             ] GC(507) Pause Young (Allocation Failure) 473M->228M(538M) 6.585ms
[443.354s][info][gc,cpu         ] GC(507) User=0.01s Sys=0.00s Real=0.01s
[444.231s][info][gc,start       ] GC(508) Pause Young (Allocation Failure)
[444.235s][info][gc,heap        ] GC(508) PSYoungGen: 257653K(290304K)->4868K(292864K) Eden: 250368K(250368K)->0K(253952K) From: 7285K(39936K)->4868K(38912K)
[444.235s][info][gc,heap        ] GC(508) ParOldGen: 226821K(261120K)->227861K(261120K)
[444.235s][info][gc,metaspace   ] GC(508) Metaspace: 43086K(43392K)->43086K(43392K) NonClass: 38739K(38912K)->38739K(38912K) Class: 4347K(4480K)->4347K(4480K)
[444.235s][info][gc             ] GC(508) Pause Young (Allocation Failure) 473M->227M(541M) 4.276ms
[444.235s][info][gc,cpu         ] GC(508) User=0.01s Sys=0.00s Real=0.00s
[445.010s][info][gc,start       ] GC(509) Pause Young (Allocation Failure)
[445.045s][info][gc,heap        ] GC(509) PSYoungGen: 258820K(292864K)->37884K(291840K) Eden: 253952K(253952K)->0K(253952K) From: 4868K(38912K)->37884K(37888K)
[445.045s][info][gc,heap        ] GC(509) ParOldGen: 227861K(261120K)->232287K(261120K)
[445.045s][info][gc,metaspace   ] GC(509) Metaspace: 43086K(43392K)->43086K(43392K) NonClass: 38739K(38912K)->38739K(38912K) Class: 4347K(4480K)->4347K(4480K)
[445.045s][info][gc             ] GC(509) Pause Young (Allocation Failure) 475M->263M(540M) 34.695ms
[445.045s][info][gc,cpu         ] GC(509) User=0.06s Sys=0.00s Real=0.03s
[446.219s][info][gc,start       ] GC(510) Pause Young (Allocation Failure)
[446.255s][info][gc,heap        ] GC(510) PSYoungGen: 291836K(291840K)->19151K(287744K) Eden: 253952K(253952K)->0K(245760K) From: 37884K(37888K)->19151K(41984K)
[446.255s][info][gc,heap        ] GC(510) ParOldGen: 232287K(261120K)->250440K(261120K)
[446.255s][info][gc,metaspace   ] GC(510) Metaspace: 43086K(43392K)->43086K(43392K) NonClass: 38739K(38912K)->38739K(38912K) Class: 4347K(4480K)->4347K(4480K)
[446.255s][info][gc             ] GC(510) Pause Young (Allocation Failure) 511M->263M(536M) 36.206ms
[446.255s][info][gc,cpu         ] GC(510) User=0.07s Sys=0.00s Real=0.04s
[447.078s][info][gc,start       ] GC(511) Pause Young (Allocation Failure)
[447.103s][info][gc,heap        ] GC(511) PSYoungGen: 264911K(287744K)->5124K(289792K) Eden: 245760K(245760K)->0K(245760K) From: 19151K(41984K)->5124K(44032K)
[447.103s][info][gc,heap        ] GC(511) ParOldGen: 250440K(261120K)->269576K(269824K)
[447.103s][info][gc,metaspace   ] GC(511) Metaspace: 43086K(43392K)->43086K(43392K) NonClass: 38739K(38912K)->38739K(38912K) Class: 4347K(4480K)->4347K(4480K)
[447.103s][info][gc             ] GC(511) Pause Young (Allocation Failure) 503M->268M(546M) 24.462ms
[447.103s][info][gc,cpu         ] GC(511) User=0.04s Sys=0.01s Real=0.03s
[447.803s][info][gc,start       ] GC(512) Pause Young (Allocation Failure)
[447.814s][info][gc,heap        ] GC(512) PSYoungGen: 250884K(289792K)->10509K(285184K) Eden: 245760K(245760K)->0K(246272K) From: 5124K(44032K)->10509K(38912K)
[447.815s][info][gc,heap        ] GC(512) ParOldGen: 269576K(269824K)->271881K(272384K)
[447.815s][info][gc,metaspace   ] GC(512) Metaspace: 43086K(43392K)->43086K(43392K) NonClass: 38739K(38912K)->38739K(38912K) Class: 4347K(4480K)->4347K(4480K)
[447.815s][info][gc             ] GC(512) Pause Young (Allocation Failure) 508M->275M(544M) 11.975ms
[447.815s][info][gc,cpu         ] GC(512) User=0.03s Sys=0.00s Real=0.01s
[448.584s][info][gc,start       ] GC(513) Pause Young (Allocation Failure)
[448.598s][info][gc,heap        ] GC(513) PSYoungGen: 256781K(285184K)->9259K(287744K) Eden: 246272K(246272K)->0K(246272K) From: 10509K(38912K)->9259K(41472K)
[448.598s][info][gc,heap        ] GC(513) ParOldGen: 271881K(272384K)->281500K(281600K)
[448.598s][info][gc,metaspace   ] GC(513) Metaspace: 43086K(43392K)->43086K(43392K) NonClass: 38739K(38912K)->38739K(38912K) Class: 4347K(4480K)->4347K(4480K)
[448.598s][info][gc             ] GC(513) Pause Young (Allocation Failure) 516M->283M(556M) 14.698ms
[448.598s][info][gc,cpu         ] GC(513) User=0.02s Sys=0.01s Real=0.01s
[449.410s][info][gc,start       ] GC(514) Pause Young (Allocation Failure)
[449.431s][info][gc,heap        ] GC(514) PSYoungGen: 255531K(287744K)->32368K(285696K) Eden: 246272K(246272K)->0K(245760K) From: 9259K(41472K)->32368K(39936K)
[449.431s][info][gc,heap        ] GC(514) ParOldGen: 281500K(281600K)->281949K(282112K)
[449.431s][info][gc,metaspace   ] GC(514) Metaspace: 43086K(43392K)->43086K(43392K) NonClass: 38739K(38912K)->38739K(38912K) Class: 4347K(4480K)->4347K(4480K)
[449.431s][info][gc             ] GC(514) Pause Young (Allocation Failure) 524M->306M(554M) 20.274ms
[449.431s][info][gc,cpu         ] GC(514) User=0.04s Sys=0.01s Real=0.02s
[450.249s][info][gc,start       ] GC(515) Pause Young (Allocation Failure)
[450.275s][info][gc,heap        ] GC(515) PSYoungGen: 278128K(285696K)->42545K(288768K) Eden: 245760K(245760K)->0K(245760K) From: 32368K(39936K)->42545K(43008K)
[450.275s][info][gc,heap        ] GC(515) ParOldGen: 281949K(282112K)->282733K(283136K)
[450.275s][info][gc,metaspace   ] GC(515) Metaspace: 43086K(43392K)->43086K(43392K) NonClass: 38739K(38912K)->38739K(38912K) Class: 4347K(4480K)->4347K(4480K)
[450.275s][info][gc             ] GC(515) Pause Young (Allocation Failure) 546M->317M(558M) 25.911ms
[450.275s][info][gc,cpu         ] GC(515) User=0.06s Sys=0.00s Real=0.03s
[451.141s][info][gc,start       ] GC(516) Pause Young (Allocation Failure)
[451.160s][info][gc,heap        ] GC(516) PSYoungGen: 288305K(288768K)->27167K(277504K) Eden: 245760K(245760K)->0K(232448K) From: 42545K(43008K)->27167K(45056K)
[451.160s][info][gc,heap        ] GC(516) ParOldGen: 282733K(283136K)->284387K(284672K)
[451.160s][info][gc,metaspace   ] GC(516) Metaspace: 43086K(43392K)->43086K(43392K) NonClass: 38739K(38912K)->38739K(38912K) Class: 4347K(4480K)->4347K(4480K)
[451.160s][info][gc             ] GC(516) Pause Young (Allocation Failure) 557M->304M(549M) 19.217ms
[451.160s][info][gc,cpu         ] GC(516) User=0.03s Sys=0.00s Real=0.02s
[451.970s][info][gc,start       ] GC(517) Pause Young (Allocation Failure)
[452.052s][info][gc,heap        ] GC(517) PSYoungGen: 259615K(277504K)->50659K(283136K) Eden: 232448K(232448K)->0K(232448K) From: 27167K(45056K)->50659K(50688K)
[452.052s][info][gc,heap        ] GC(517) ParOldGen: 284387K(284672K)->333586K(333824K)
[452.052s][info][gc,metaspace   ] GC(517) Metaspace: 43086K(43392K)->43086K(43392K) NonClass: 38739K(38912K)->38739K(38912K) Class: 4347K(4480K)->4347K(4480K)
[452.052s][info][gc             ] GC(517) Pause Young (Allocation Failure) 531M->375M(602M) 82.200ms
[452.052s][info][gc,cpu         ] GC(517) User=0.14s Sys=0.03s Real=0.09s
[452.791s][info][gc,start       ] GC(518) Pause Young (Allocation Failure)
[452.849s][info][gc,heap        ] GC(518) PSYoungGen: 283107K(283136K)->26295K(239104K) Eden: 232448K(232448K)->0K(188416K) From: 50659K(50688K)->26295K(50688K)
[452.849s][info][gc,heap        ] GC(518) ParOldGen: 333586K(333824K)->373395K(373760K)
[452.849s][info][gc,metaspace   ] GC(518) Metaspace: 43086K(43392K)->43086K(43392K) NonClass: 38739K(38912K)->38739K(38912K) Class: 4347K(4480K)->4347K(4480K)
[452.849s][info][gc             ] GC(518) Pause Young (Allocation Failure) 602M->390M(598M) 58.097ms
[452.849s][info][gc,cpu         ] GC(518) User=0.09s Sys=0.02s Real=0.05s
[453.461s][info][gc,start       ] GC(519) Pause Young (Allocation Failure)
[453.474s][info][gc,heap        ] GC(519) PSYoungGen: 214596K(239104K)->20098K(261120K) Eden: 188301K(188416K)->0K(188416K) From: 26295K(50688K)->20098K(72704K)
[453.474s][info][gc,heap        ] GC(519) ParOldGen: 373395K(373760K)->374434K(374784K)
[453.474s][info][gc,metaspace   ] GC(519) Metaspace: 43086K(43392K)->43086K(43392K) NonClass: 38739K(38912K)->38739K(38912K) Class: 4347K(4480K)->4347K(4480K)
[453.474s][info][gc             ] GC(519) Pause Young (Allocation Failure) 574M->385M(621M) 13.331ms
[453.474s][info][gc,cpu         ] GC(519) User=0.02s Sys=0.01s Real=0.01s
[454.037s][info][gc,start       ] GC(520) Pause Young (Allocation Failure)
[454.052s][info][gc,heap        ] GC(520) PSYoungGen: 208514K(261120K)->21402K(250880K) Eden: 188416K(188416K)->0K(191488K) From: 20098K(72704K)->21402K(59392K)
[454.052s][info][gc,heap        ] GC(520) ParOldGen: 374434K(374784K)->375109K(375296K)
[454.052s][info][gc,metaspace   ] GC(520) Metaspace: 43086K(43392K)->43086K(43392K) NonClass: 38739K(38912K)->38739K(38912K) Class: 4347K(4480K)->4347K(4480K)
[454.052s][info][gc             ] GC(520) Pause Young (Allocation Failure) 569M->387M(611M) 14.592ms
[454.052s][info][gc,cpu         ] GC(520) User=0.03s Sys=0.00s Real=0.02s
[454.648s][info][gc,start       ] GC(521) Pause Young (Allocation Failure)
[454.668s][info][gc,heap        ] GC(521) PSYoungGen: 212890K(250880K)->31264K(257536K) Eden: 191488K(191488K)->0K(191488K) From: 21402K(59392K)->31264K(66048K)
[454.668s][info][gc,heap        ] GC(521) ParOldGen: 375109K(375296K)->376041K(376320K)
[454.668s][info][gc,metaspace   ] GC(521) Metaspace: 43086K(43392K)->43086K(43392K) NonClass: 38739K(38912K)->38739K(38912K) Class: 4347K(4480K)->4347K(4480K)
[454.668s][info][gc             ] GC(521) Pause Young (Allocation Failure) 574M->397M(619M) 19.541ms
[454.668s][info][gc,cpu         ] GC(521) User=0.04s Sys=0.00s Real=0.02s
[455.243s][info][gc,start       ] GC(522) Pause Young (Allocation Failure)
[455.251s][info][gc,heap        ] GC(522) PSYoungGen: 222752K(257536K)->11289K(263680K) Eden: 191488K(191488K)->0K(203776K) From: 31264K(66048K)->11289K(59904K)
[455.251s][info][gc,heap        ] GC(522) ParOldGen: 376041K(376320K)->376458K(376832K)
[455.251s][info][gc,metaspace   ] GC(522) Metaspace: 43086K(43392K)->43086K(43392K) NonClass: 38739K(38912K)->38739K(38912K) Class: 4347K(4480K)->4347K(4480K)
[455.251s][info][gc             ] GC(522) Pause Young (Allocation Failure) 584M->378M(625M) 8.181ms
[455.251s][info][gc,cpu         ] GC(522) User=0.02s Sys=0.00s Real=0.01s
[455.802s][info][gc,start       ] GC(523) Pause Young (Allocation Failure)
[455.817s][info][gc,heap        ] GC(523) PSYoungGen: 215065K(263680K)->14555K(266752K) Eden: 203776K(203776K)->0K(203776K) From: 11289K(59904K)->14555K(62976K)
[455.817s][info][gc,heap        ] GC(523) ParOldGen: 376458K(376832K)->383444K(383488K)
[455.817s][info][gc,metaspace   ] GC(523) Metaspace: 43086K(43392K)->43086K(43392K) NonClass: 38739K(38912K)->38739K(38912K) Class: 4347K(4480K)->4347K(4480K)
[455.817s][info][gc             ] GC(523) Pause Young (Allocation Failure) 577M->388M(635M) 15.249ms
[455.817s][info][gc,cpu         ] GC(523) User=0.03s Sys=0.00s Real=0.01s
[456.380s][info][gc,start       ] GC(524) Pause Young (Allocation Failure)
[456.395s][info][gc,heap        ] GC(524) PSYoungGen: 218331K(266752K)->869K(270848K) Eden: 203776K(203776K)->0K(209920K) From: 14555K(62976K)->869K(60928K)
[456.395s][info][gc,heap        ] GC(524) ParOldGen: 383444K(383488K)->397096K(397312K)
[456.395s][info][gc,metaspace   ] GC(524) Metaspace: 43086K(43392K)->43086K(43392K) NonClass: 38739K(38912K)->38739K(38912K) Class: 4347K(4480K)->4347K(4480K)
[456.395s][info][gc             ] GC(524) Pause Young (Allocation Failure) 587M->388M(652M) 14.143ms
[456.395s][info][gc,cpu         ] GC(524) User=0.02s Sys=0.01s Real=0.01s
[456.883s][info][gc,start       ] GC(525) Pause Young (Allocation Failure)
[456.888s][info][gc,heap        ] GC(525) PSYoungGen: 210789K(270848K)->4476K(271360K) Eden: 209920K(209920K)->0K(209920K) From: 869K(60928K)->4476K(61440K)
[456.888s][info][gc,heap        ] GC(525) ParOldGen: 397096K(397312K)->397144K(397312K)
[456.888s][info][gc,metaspace   ] GC(525) Metaspace: 43086K(43392K)->43086K(43392K) NonClass: 38739K(38912K)->38739K(38912K) Class: 4347K(4480K)->4347K(4480K)
[456.888s][info][gc             ] GC(525) Pause Young (Allocation Failure) 593M->392M(653M) 4.712ms
[456.888s][info][gc,cpu         ] GC(525) User=0.01s Sys=0.00s Real=0.00s
[457.229s][info][gc,start       ] GC(526) Pause Young (Allocation Failure)
[457.234s][info][gc,heap        ] GC(526) PSYoungGen: 214396K(271360K)->2542K(270848K) Eden: 209920K(209920K)->0K(211968K) From: 4476K(61440K)->2542K(58880K)
[457.234s][info][gc,heap        ] GC(526) ParOldGen: 397144K(397312K)->398943K(399360K)
[457.234s][info][gc,metaspace   ] GC(526) Metaspace: 43086K(43392K)->43086K(43392K) NonClass: 38739K(38912K)->38739K(38912K) Class: 4347K(4480K)->4347K(4480K)
[457.234s][info][gc             ] GC(526) Pause Young (Allocation Failure) 597M->392M(654M) 4.855ms
[457.234s][info][gc,cpu         ] GC(526) User=0.01s Sys=0.00s Real=0.01s
[457.599s][info][gc,start       ] GC(527) Pause Young (Allocation Failure)
[457.607s][info][gc,heap        ] GC(527) PSYoungGen: 212668K(270848K)->10081K(271360K) Eden: 210125K(211968K)->0K(211968K) From: 2542K(58880K)->10081K(59392K)
[457.607s][info][gc,heap        ] GC(527) ParOldGen: 398943K(399360K)->399187K(399360K)
[457.607s][info][gc,metaspace   ] GC(527) Metaspace: 43086K(43392K)->43086K(43392K) NonClass: 38739K(38912K)->38739K(38912K) Class: 4347K(4480K)->4347K(4480K)
[457.607s][info][gc             ] GC(527) Pause Young (Allocation Failure) 597M->399M(655M) 7.687ms
[457.607s][info][gc,cpu         ] GC(527) User=0.01s Sys=0.00s Real=0.01s
[457.850s][info][gc,start       ] GC(528) Pause Young (Allocation Failure)
[457.862s][info][gc,heap        ] GC(528) PSYoungGen: 221087K(271360K)->1708K(272896K) Eden: 211005K(211968K)->0K(217088K) From: 10081K(59392K)->1708K(55808K)
[457.862s][info][gc,heap        ] GC(528) ParOldGen: 399187K(399360K)->409074K(409088K)
[457.862s][info][gc,metaspace   ] GC(528) Metaspace: 43086K(43392K)->43086K(43392K) NonClass: 38739K(38912K)->38739K(38912K) Class: 4347K(4480K)->4347K(4480K)
[457.862s][info][gc             ] GC(528) Pause Young (Allocation Failure) 605M->401M(666M) 11.658ms
[457.862s][info][gc,cpu         ] GC(528) User=0.01s Sys=0.01s Real=0.01s
[458.116s][info][gc,start       ] GC(529) Pause Young (Allocation Failure)
[458.122s][info][gc,heap        ] GC(529) PSYoungGen: 217630K(272896K)->2388K(272384K) Eden: 215921K(217088K)->0K(217088K) From: 1708K(55808K)->2388K(55296K)
[458.122s][info][gc,heap        ] GC(529) ParOldGen: 409074K(409088K)->410771K(411136K)
[458.122s][info][gc,metaspace   ] GC(529) Metaspace: 43086K(43392K)->43086K(43392K) NonClass: 38739K(38912K)->38739K(38912K) Class: 4347K(4480K)->4347K(4480K)
[458.122s][info][gc             ] GC(529) Pause Young (Allocation Failure) 612M->403M(667M) 6.214ms
[458.122s][info][gc,cpu         ] GC(529) User=0.01s Sys=0.00s Real=0.01s
[458.391s][info][gc,start       ] GC(530) Pause Young (Allocation Failure)
[458.399s][info][gc,heap        ] GC(530) PSYoungGen: 219476K(272384K)->4575K(276480K) Eden: 217088K(217088K)->0K(224768K) From: 2388K(55296K)->4575K(51712K)
[458.399s][info][gc,heap        ] GC(530) ParOldGen: 410771K(411136K)->413125K(413184K)
[458.399s][info][gc,metaspace   ] GC(530) Metaspace: 43086K(43392K)->43086K(43392K) NonClass: 38739K(38912K)->38739K(38912K) Class: 4347K(4480K)->4347K(4480K)
[458.399s][info][gc             ] GC(530) Pause Young (Allocation Failure) 615M->407M(673M) 8.645ms
[458.399s][info][gc,cpu         ] GC(530) User=0.01s Sys=0.00s Real=0.00s
[458.665s][info][gc,start       ] GC(531) Pause Young (Allocation Failure)
[458.674s][info][gc,heap        ] GC(531) PSYoungGen: 229343K(276480K)->2287K(276480K) Eden: 224768K(224768K)->0K(224768K) From: 4575K(51712K)->2287K(51712K)
[458.674s][info][gc,heap        ] GC(531) ParOldGen: 413125K(413184K)->417724K(417792K)
[458.674s][info][gc,metaspace   ] GC(531) Metaspace: 43086K(43392K)->43086K(43392K) NonClass: 38739K(38912K)->38739K(38912K) Class: 4347K(4480K)->4347K(4480K)
[458.674s][info][gc             ] GC(531) Pause Young (Allocation Failure) 627M->410M(678M) 9.473ms
[458.674s][info][gc,cpu         ] GC(531) User=0.02s Sys=0.00s Real=0.01s
[458.961s][info][gc,start       ] GC(532) Pause Young (Allocation Failure)
[458.973s][info][gc,heap        ] GC(532) PSYoungGen: 225494K(276480K)->7552K(279040K) Eden: 223207K(224768K)->0K(232448K) From: 2287K(51712K)->7552K(46592K)
[458.973s][info][gc,heap        ] GC(532) ParOldGen: 417724K(417792K)->419909K(420352K)
[458.973s][info][gc,metaspace   ] GC(532) Metaspace: 43086K(43392K)->43086K(43392K) NonClass: 38739K(38912K)->38739K(38912K) Class: 4347K(4480K)->4347K(4480K)
[458.973s][info][gc             ] GC(532) Pause Young (Allocation Failure) 628M->417M(683M) 11.497ms
[458.973s][info][gc,cpu         ] GC(532) User=0.02s Sys=0.01s Real=0.01s
[459.255s][info][gc,start       ] GC(533) Pause Young (Allocation Failure)
[459.269s][info][gc,heap        ] GC(533) PSYoungGen: 239958K(279040K)->3252K(279552K) Eden: 232406K(232448K)->0K(232448K) From: 7552K(46592K)->3252K(47104K)
[459.269s][info][gc,heap        ] GC(533) ParOldGen: 419909K(420352K)->427606K(428032K)
[459.269s][info][gc,metaspace   ] GC(533) Metaspace: 43086K(43392K)->43086K(43392K) NonClass: 38739K(38912K)->38739K(38912K) Class: 4347K(4480K)->4347K(4480K)
[459.269s][info][gc             ] GC(533) Pause Young (Allocation Failure) 644M->420M(691M) 14.058ms
[459.269s][info][gc,cpu         ] GC(533) User=0.02s Sys=0.01s Real=0.01s
[459.731s][info][gc,start       ] GC(534) Pause Young (Allocation Failure)
[459.747s][info][gc,heap        ] GC(534) PSYoungGen: 235700K(279552K)->13891K(283136K) Eden: 232448K(232448K)->0K(241664K) From: 3252K(47104K)->13891K(41472K)
[459.747s][info][gc,heap        ] GC(534) ParOldGen: 427606K(428032K)->430630K(431104K)
[459.747s][info][gc,metaspace   ] GC(534) Metaspace: 43087K(43392K)->43087K(43392K) NonClass: 38740K(38912K)->38740K(38912K) Class: 4347K(4480K)->4347K(4480K)
[459.747s][info][gc             ] GC(534) Pause Young (Allocation Failure) 647M->434M(697M) 16.281ms
[459.747s][info][gc,cpu         ] GC(534) User=0.03s Sys=0.00s Real=0.01s
[460.256s][info][gc,start       ] GC(535) Pause Young (Allocation Failure)
[460.275s][info][gc,heap        ] GC(535) PSYoungGen: 255555K(283136K)->3562K(284160K) Eden: 241664K(241664K)->0K(241664K) From: 13891K(41472K)->3562K(42496K)
[460.275s][info][gc,heap        ] GC(535) ParOldGen: 430630K(431104K)->444878K(444928K)
[460.275s][info][gc,metaspace   ] GC(535) Metaspace: 43095K(43456K)->43095K(43456K) NonClass: 38748K(38976K)->38748K(38976K) Class: 4347K(4480K)->4347K(4480K)
[460.275s][info][gc             ] GC(535) Pause Young (Allocation Failure) 670M->437M(712M) 19.569ms
[460.275s][info][gc,cpu         ] GC(535) User=0.03s Sys=0.01s Real=0.02s
[460.794s][info][gc,start       ] GC(536) Pause Young (Allocation Failure)
[460.799s][info][gc,heap        ] GC(536) PSYoungGen: 245226K(284160K)->3369K(287744K) Eden: 241664K(241664K)->0K(250368K) From: 3562K(42496K)->3369K(37376K)
[460.799s][info][gc,heap        ] GC(536) ParOldGen: 444878K(444928K)->445533K(445952K)
[460.799s][info][gc,metaspace   ] GC(536) Metaspace: 43098K(43456K)->43098K(43456K) NonClass: 38751K(38976K)->38751K(38976K) Class: 4347K(4480K)->4347K(4480K)
[460.799s][info][gc             ] GC(536) Pause Young (Allocation Failure) 673M->438M(716M) 4.965ms
[460.799s][info][gc,cpu         ] GC(536) User=0.01s Sys=0.01s Real=0.00s
[461.323s][info][gc,start       ] GC(537) Pause Young (Allocation Failure)
[461.329s][info][gc,heap        ] GC(537) PSYoungGen: 253737K(287744K)->5849K(289280K) Eden: 250368K(250368K)->0K(250368K) From: 3369K(37376K)->5849K(38912K)
[461.329s][info][gc,heap        ] GC(537) ParOldGen: 445533K(445952K)->445541K(445952K)
[461.329s][info][gc,metaspace   ] GC(537) Metaspace: 43098K(43456K)->43098K(43456K) NonClass: 38751K(38976K)->38751K(38976K) Class: 4347K(4480K)->4347K(4480K)
[461.329s][info][gc             ] GC(537) Pause Young (Allocation Failure) 682M->440M(718M) 5.872ms
[461.329s][info][gc,cpu         ] GC(537) User=0.01s Sys=0.00s Real=0.00s
[461.929s][info][gc,start       ] GC(538) Pause Young (Allocation Failure)
[461.933s][info][gc,heap        ] GC(538) PSYoungGen: 256217K(289280K)->4678K(291328K) Eden: 250368K(250368K)->0K(258048K) From: 5849K(38912K)->4678K(33280K)
[461.933s][info][gc,heap        ] GC(538) ParOldGen: 445541K(445952K)->445589K(445952K)
[461.933s][info][gc,metaspace   ] GC(538) Metaspace: 43103K(43456K)->43103K(43456K) NonClass: 38756K(38976K)->38756K(38976K) Class: 4347K(4480K)->4347K(4480K)
[461.933s][info][gc             ] GC(538) Pause Young (Allocation Failure) 685M->439M(720M) 3.986ms
[461.933s][info][gc,cpu         ] GC(538) User=0.01s Sys=0.00s Real=0.01s
[462.806s][info][gc,start       ] GC(539) Pause Young (Allocation Failure)
[462.812s][info][gc,heap        ] GC(539) PSYoungGen: 262726K(291328K)->2866K(292864K) Eden: 258048K(258048K)->0K(258048K) From: 4678K(33280K)->2866K(34816K)
[462.812s][info][gc,heap        ] GC(539) ParOldGen: 445589K(445952K)->445717K(445952K)
[462.812s][info][gc,metaspace   ] GC(539) Metaspace: 43105K(43456K)->43105K(43456K) NonClass: 38757K(38976K)->38757K(38976K) Class: 4347K(4480K)->4347K(4480K)
[462.812s][info][gc             ] GC(539) Pause Young (Allocation Failure) 691M->438M(721M) 6.822ms
[462.812s][info][gc,cpu         ] GC(539) User=0.01s Sys=0.00s Real=0.01s
[463.883s][info][gc,start       ] GC(540) Pause Young (Allocation Failure)
[463.902s][info][gc,heap        ] GC(540) PSYoungGen: 260914K(292864K)->18020K(297984K) Eden: 258048K(258048K)->0K(264704K) From: 2866K(34816K)->18020K(33280K)
[463.902s][info][gc,heap        ] GC(540) ParOldGen: 445717K(445952K)->448447K(448512K)
[463.902s][info][gc,metaspace   ] GC(540) Metaspace: 43116K(43456K)->43116K(43456K) NonClass: 38769K(38976K)->38769K(38976K) Class: 4347K(4480K)->4347K(4480K)
[463.902s][info][gc             ] GC(540) Pause Young (Allocation Failure) 690M->455M(729M) 18.362ms
[463.902s][info][gc,cpu         ] GC(540) User=0.04s Sys=0.00s Real=0.02s
[464.461s][info][gc,start       ] GC(541) Pause Young (Allocation Failure)
[464.511s][info][gc,heap        ] GC(541) PSYoungGen: 282724K(297984K)->30284K(295424K) Eden: 264704K(264704K)->0K(264704K) From: 18020K(33280K)->30284K(30720K)
[464.511s][info][gc,heap        ] GC(541) ParOldGen: 448447K(448512K)->466032K(466432K)
[464.511s][info][gc,metaspace   ] GC(541) Metaspace: 43116K(43456K)->43116K(43456K) NonClass: 38769K(38976K)->38769K(38976K) Class: 4347K(4480K)->4347K(4480K)
[464.511s][info][gc             ] GC(541) Pause Young (Allocation Failure) 714M->484M(744M) 50.099ms
[464.511s][info][gc,cpu         ] GC(541) User=0.09s Sys=0.00s Real=0.05s
[465.072s][info][gc,start       ] GC(542) Pause Young (Allocation Failure)
[465.136s][info][gc,heap        ] GC(542) PSYoungGen: 294988K(295424K)->30488K(284160K) Eden: 264704K(264704K)->0K(245760K) From: 30284K(30720K)->30488K(38400K)
[465.137s][info][gc,heap        ] GC(542) ParOldGen: 466032K(466432K)->494736K(495104K)
[465.137s][info][gc,metaspace   ] GC(542) Metaspace: 43116K(43456K)->43116K(43456K) NonClass: 38769K(38976K)->38769K(38976K) Class: 4347K(4480K)->4347K(4480K)
[465.137s][info][gc             ] GC(542) Pause Young (Allocation Failure) 743M->512M(761M) 64.811ms
[465.137s][info][gc,cpu         ] GC(542) User=0.10s Sys=0.02s Real=0.06s
[468.167s][info][gc,start       ] GC(543) Pause Young (Allocation Failure)
[468.232s][info][gc,heap        ] GC(543) PSYoungGen: 276248K(284160K)->22297K(268288K) Eden: 245760K(245760K)->0K(245760K) From: 30488K(38400K)->22297K(22528K)
[468.232s][info][gc,heap        ] GC(543) ParOldGen: 494736K(495104K)->525169K(525312K)
[468.232s][info][gc,metaspace   ] GC(543) Metaspace: 43124K(43456K)->43124K(43456K) NonClass: 38777K(38976K)->38777K(38976K) Class: 4347K(4480K)->4347K(4480K)
[468.232s][info][gc             ] GC(543) Pause Young (Allocation Failure) 752M->534M(775M) 65.715ms
[468.233s][info][gc,cpu         ] GC(543) User=0.09s Sys=0.02s Real=0.07s
[468.990s][info][gc,start       ] GC(544) Pause Young (GCLocker Initiated GC)
[469.018s][info][gc,heap        ] GC(544) PSYoungGen: 268057K(268288K)->3232K(290816K) Eden: 245760K(245760K)->0K(246272K) From: 22297K(22528K)->3232K(44544K)
[469.018s][info][gc,heap        ] GC(544) ParOldGen: 525169K(525312K)->546521K(546816K)
[469.018s][info][gc,metaspace   ] GC(544) Metaspace: 43124K(43456K)->43124K(43456K) NonClass: 38777K(38976K)->38777K(38976K) Class: 4347K(4480K)->4347K(4480K)
[469.018s][info][gc             ] GC(544) Pause Young (GCLocker Initiated GC) 774M->536M(818M) 27.605ms
[469.018s][info][gc,cpu         ] GC(544) User=0.04s Sys=0.01s Real=0.02s
[470.027s][info][gc,start       ] GC(545) Pause Young (Allocation Failure)
[470.039s][info][gc,heap        ] GC(545) PSYoungGen: 249504K(290816K)->9201K(255488K) Eden: 246272K(246272K)->0K(246272K) From: 3232K(44544K)->9201K(9216K)
[470.039s][info][gc,heap        ] GC(545) ParOldGen: 546521K(546816K)->549602K(549888K)
[470.039s][info][gc,metaspace   ] GC(545) Metaspace: 43124K(43456K)->43124K(43456K) NonClass: 38777K(38976K)->38777K(38976K) Class: 4347K(4480K)->4347K(4480K)
[470.039s][info][gc             ] GC(545) Pause Young (Allocation Failure) 777M->545M(786M) 11.922ms
[470.039s][info][gc,cpu         ] GC(545) User=0.02s Sys=0.00s Real=0.01s
[471.358s][info][gc,start       ] GC(546) Pause Young (Allocation Failure)
[471.365s][info][gc,heap        ] GC(546) PSYoungGen: 255473K(255488K)->2756K(288256K) Eden: 246272K(246272K)->0K(247296K) From: 9201K(9216K)->2756K(40960K)
[471.365s][info][gc,heap        ] GC(546) ParOldGen: 549602K(549888K)->552519K(552960K)
[471.365s][info][gc,metaspace   ] GC(546) Metaspace: 43124K(43456K)->43124K(43456K) NonClass: 38777K(38976K)->38777K(38976K) Class: 4347K(4480K)->4347K(4480K)
[471.365s][info][gc             ] GC(546) Pause Young (Allocation Failure) 786M->542M(821M) 7.011ms
[471.365s][info][gc,cpu         ] GC(546) User=0.02s Sys=0.00s Real=0.01s
[472.720s][info][gc,start       ] GC(547) Pause Young (Allocation Failure)
[472.747s][info][gc,heap        ] GC(547) PSYoungGen: 250052K(288256K)->22171K(287232K) Eden: 247296K(247296K)->0K(247296K) From: 2756K(40960K)->22171K(39936K)
[472.747s][info][gc,heap        ] GC(547) ParOldGen: 552519K(552960K)->554998K(555008K)
[472.747s][info][gc,metaspace   ] GC(547) Metaspace: 43124K(43456K)->43124K(43456K) NonClass: 38777K(38976K)->38777K(38976K) Class: 4347K(4480K)->4347K(4480K)
[472.747s][info][gc             ] GC(547) Pause Young (Allocation Failure) 783M->563M(822M) 27.275ms
[472.747s][info][gc,cpu         ] GC(547) User=0.04s Sys=0.00s Real=0.03s
[473.945s][info][gc,start       ] GC(548) Pause Young (Allocation Failure)
[473.992s][info][gc,heap        ] GC(548) PSYoungGen: 269467K(287232K)->29173K(286720K) Eden: 247296K(247296K)->0K(245760K) From: 22171K(39936K)->29173K(40960K)
[473.992s][info][gc,heap        ] GC(548) ParOldGen: 554998K(555008K)->577240K(577536K)
[473.992s][info][gc,metaspace   ] GC(548) Metaspace: 43124K(43456K)->43124K(43456K) NonClass: 38777K(38976K)->38777K(38976K) Class: 4347K(4480K)->4347K(4480K)
[473.992s][info][gc             ] GC(548) Pause Young (Allocation Failure) 805M->592M(844M) 47.473ms
[473.992s][info][gc,cpu         ] GC(548) User=0.08s Sys=0.02s Real=0.05s
[474.524s][info][gc,start       ] GC(549) Pause Young (Allocation Failure)
[474.583s][info][gc,heap        ] GC(549) PSYoungGen: 274933K(286720K)->30860K(276992K) Eden: 245760K(245760K)->0K(245760K) From: 29173K(40960K)->30860K(31232K)
[474.583s][info][gc,heap        ] GC(549) ParOldGen: 577240K(577536K)->606402K(606720K)
[474.583s][info][gc,metaspace   ] GC(549) Metaspace: 43124K(43456K)->43124K(43456K) NonClass: 38777K(38976K)->38777K(38976K) Class: 4347K(4480K)->4347K(4480K)
[474.583s][info][gc             ] GC(549) Pause Young (Allocation Failure) 832M->622M(863M) 59.680ms
[474.583s][info][gc,cpu         ] GC(549) User=0.09s Sys=0.02s Real=0.06s
[475.113s][info][gc,start       ] GC(550) Pause Young (Allocation Failure)
[475.179s][info][gc,heap        ] GC(550) PSYoungGen: 276620K(276992K)->29848K(282624K) Eden: 245760K(245760K)->0K(235520K) From: 30860K(31232K)->29848K(47104K)
[475.179s][info][gc,heap        ] GC(550) ParOldGen: 606402K(606720K)->636584K(636928K)
[475.179s][info][gc,metaspace   ] GC(550) Metaspace: 43124K(43456K)->43124K(43456K) NonClass: 38777K(38976K)->38777K(38976K) Class: 4347K(4480K)->4347K(4480K)
[475.179s][info][gc             ] GC(550) Pause Young (Allocation Failure) 862M->650M(898M) 65.933ms
[475.179s][info][gc,cpu         ] GC(550) User=0.11s Sys=0.02s Real=0.06s
[476.559s][info][gc,start       ] GC(551) Pause Full (Allocation Failure)
[476.559s][info][gc,phases,start] GC(551) Marking Phase
[476.597s][info][gc,phases      ] GC(551) Marking Phase 38.008ms
[476.597s][info][gc,phases,start] GC(551) Summary Phase
[476.597s][info][gc,phases      ] GC(551) Summary Phase 0.048ms
[476.597s][info][gc,phases,start] GC(551) Forward
[476.602s][info][gc,phases      ] GC(551) Forward 5.083ms
[476.602s][info][gc,phases,start] GC(551) Adjust Pointers
[476.623s][info][gc,phases      ] GC(551) Adjust Pointers 20.889ms
[476.623s][info][gc,phases,start] GC(551) Compaction Phase
[476.628s][info][gc,phases      ] GC(551) Compaction Phase 5.035ms
[476.628s][info][gc,phases,start] GC(551) Post Compact
[476.631s][info][gc,phases      ] GC(551) Post Compact 2.529ms
[476.667s][info][gc,heap        ] GC(551) PSYoungGen: 265368K(282624K)->0K(284672K) Eden: 235520K(235520K)->0K(235520K) From: 29848K(47104K)->0K(49152K)
[476.667s][info][gc,heap        ] GC(551) ParOldGen: 636584K(636928K)->53195K(192000K)
[476.667s][info][gc,metaspace   ] GC(551) Metaspace: 43124K(43456K)->43124K(43456K) NonClass: 38777K(38976K)->38777K(38976K) Class: 4347K(4480K)->4347K(4480K)
[476.667s][info][gc             ] GC(551) Pause Full (Allocation Failure) 880M->51M(465M) 108.265ms
[476.667s][info][gc,cpu         ] GC(551) User=0.10s Sys=0.04s Real=0.11s
[477.566s][info][gc,start       ] GC(552) Pause Young (Allocation Failure)
[477.575s][info][gc,heap        ] GC(552) PSYoungGen: 235520K(284672K)->12280K(280576K) Eden: 235520K(235520K)->0K(235520K) From: 0K(49152K)->12280K(45056K)
[477.575s][info][gc,heap        ] GC(552) ParOldGen: 53195K(192000K)->53195K(192000K)
[477.575s][info][gc,metaspace   ] GC(552) Metaspace: 43124K(43456K)->43124K(43456K) NonClass: 38777K(38976K)->38777K(38976K) Class: 4347K(4480K)->4347K(4480K)
[477.575s][info][gc             ] GC(552) Pause Young (Allocation Failure) 281M->63M(461M) 9.642ms
[477.575s][info][gc,cpu         ] GC(552) User=0.02s Sys=0.00s Real=0.01s
[478.790s][info][gc,start       ] GC(553) Pause Young (Allocation Failure)
[478.797s][info][gc,heap        ] GC(553) PSYoungGen: 247800K(280576K)->1843K(282624K) Eden: 235520K(235520K)->0K(235520K) From: 12280K(45056K)->1843K(47104K)
[478.797s][info][gc,heap        ] GC(553) ParOldGen: 53195K(192000K)->61845K(192000K)
[478.797s][info][gc,metaspace   ] GC(553) Metaspace: 43124K(43456K)->43124K(43456K) NonClass: 38777K(38976K)->38777K(38976K) Class: 4347K(4480K)->4347K(4480K)
[478.797s][info][gc             ] GC(553) Pause Young (Allocation Failure) 293M->62M(463M) 7.047ms
[478.797s][info][gc,cpu         ] GC(553) User=0.02s Sys=0.00s Real=0.00s
[480.033s][info][gc,start       ] GC(554) Pause Young (Allocation Failure)
[480.056s][info][gc,heap        ] GC(554) PSYoungGen: 237363K(282624K)->24238K(286208K) Eden: 235520K(235520K)->0K(240128K) From: 1843K(47104K)->24238K(46080K)
[480.056s][info][gc,heap        ] GC(554) ParOldGen: 61845K(192000K)->63519K(192000K)
[480.056s][info][gc,metaspace   ] GC(554) Metaspace: 43124K(43456K)->43124K(43456K) NonClass: 38777K(38976K)->38777K(38976K) Class: 4347K(4480K)->4347K(4480K)
[480.056s][info][gc             ] GC(554) Pause Young (Allocation Failure) 292M->85M(467M) 23.206ms
[480.056s][info][gc,cpu         ] GC(554) User=0.04s Sys=0.00s Real=0.02s
[481.303s][info][gc,start       ] GC(555) Pause Young (Allocation Failure)
[481.339s][info][gc,heap        ] GC(555) PSYoungGen: 264366K(286208K)->20703K(286720K) Eden: 240128K(240128K)->0K(240128K) From: 24238K(46080K)->20703K(46592K)
[481.339s][info][gc,heap        ] GC(555) ParOldGen: 63519K(192000K)->87722K(192000K)
[481.339s][info][gc,metaspace   ] GC(555) Metaspace: 43124K(43456K)->43124K(43456K) NonClass: 38777K(38976K)->38777K(38976K) Class: 4347K(4480K)->4347K(4480K)
[481.339s][info][gc             ] GC(555) Pause Young (Allocation Failure) 320M->105M(467M) 35.874ms
[481.339s][info][gc,cpu         ] GC(555) User=0.07s Sys=0.00s Real=0.03s
[482.085s][info][gc,start       ] GC(556) Pause Young (Allocation Failure)
[482.107s][info][gc,heap        ] GC(556) PSYoungGen: 260831K(286720K)->13278K(282624K) Eden: 240128K(240128K)->0K(241664K) From: 20703K(46592K)->13278K(40960K)
[482.107s][info][gc,heap        ] GC(556) ParOldGen: 87722K(192000K)->108290K(192000K)
[482.107s][info][gc,metaspace   ] GC(556) Metaspace: 43124K(43456K)->43124K(43456K) NonClass: 38777K(38976K)->38777K(38976K) Class: 4347K(4480K)->4347K(4480K)
[482.107s][info][gc             ] GC(556) Pause Young (Allocation Failure) 340M->118M(463M) 21.730ms
[482.107s][info][gc,cpu         ] GC(556) User=0.05s Sys=0.00s Real=0.02s
[482.985s][info][gc,start       ] GC(557) Pause Young (Allocation Failure)
[482.995s][info][gc,heap        ] GC(557) PSYoungGen: 254025K(282624K)->1161K(284672K) Eden: 240747K(241664K)->0K(241664K) From: 13278K(40960K)->1161K(43008K)
[482.995s][info][gc,heap        ] GC(557) ParOldGen: 108290K(192000K)->114307K(192000K)
[482.995s][info][gc,metaspace   ] GC(557) Metaspace: 43124K(43456K)->43124K(43456K) NonClass: 38777K(38976K)->38777K(38976K) Class: 4347K(4480K)->4347K(4480K)
[482.995s][info][gc             ] GC(557) Pause Young (Allocation Failure) 353M->112M(465M) 10.294ms
[482.995s][info][gc,cpu         ] GC(557) User=0.01s Sys=0.00s Real=0.01s
[483.848s][info][gc,start       ] GC(558) Pause Young (Allocation Failure)
[483.856s][info][gc,heap        ] GC(558) PSYoungGen: 242825K(284672K)->6507K(287744K) Eden: 241664K(241664K)->0K(247808K) From: 1161K(43008K)->6507K(39936K)
[483.856s][info][gc,heap        ] GC(558) ParOldGen: 114307K(192000K)->115343K(192000K)
[483.856s][info][gc,metaspace   ] GC(558) Metaspace: 43124K(43456K)->43124K(43456K) NonClass: 38777K(38976K)->38777K(38976K) Class: 4347K(4480K)->4347K(4480K)
[483.856s][info][gc             ] GC(558) Pause Young (Allocation Failure) 348M->118M(468M) 8.062ms
[483.857s][info][gc,cpu         ] GC(558) User=0.02s Sys=0.00s Real=0.01s
[484.558s][info][gc,start       ] GC(559) Pause Young (Allocation Failure)
[484.566s][info][gc,heap        ] GC(559) PSYoungGen: 254315K(287744K)->8671K(289280K) Eden: 247808K(247808K)->0K(247808K) From: 6507K(39936K)->8671K(41472K)
[484.566s][info][gc,heap        ] GC(559) ParOldGen: 115343K(192000K)->116575K(192000K)
[484.566s][info][gc,metaspace   ] GC(559) Metaspace: 43124K(43456K)->43124K(43456K) NonClass: 38777K(38976K)->38777K(38976K) Class: 4347K(4480K)->4347K(4480K)
[484.566s][info][gc             ] GC(559) Pause Young (Allocation Failure) 360M->122M(470M) 7.793ms
[484.566s][info][gc,cpu         ] GC(559) User=0.01s Sys=0.00s Real=0.01s
[485.304s][info][gc,start       ] GC(560) Pause Young (Allocation Failure)
[485.321s][info][gc,heap        ] GC(560) PSYoungGen: 256479K(289280K)->23854K(291328K) Eden: 247808K(247808K)->0K(251392K) From: 8671K(41472K)->23854K(39936K)
[485.321s][info][gc,heap        ] GC(560) ParOldGen: 116575K(192000K)->117575K(192000K)
[485.321s][info][gc,metaspace   ] GC(560) Metaspace: 43124K(43456K)->43124K(43456K) NonClass: 38777K(38976K)->38777K(38976K) Class: 4347K(4480K)->4347K(4480K)
[485.321s][info][gc             ] GC(560) Pause Young (Allocation Failure) 364M->138M(472M) 17.185ms
[485.321s][info][gc,cpu         ] GC(560) User=0.04s Sys=0.00s Real=0.02s
[486.287s][info][gc,start       ] GC(561) Pause Young (Allocation Failure)
[486.293s][info][gc,heap        ] GC(561) PSYoungGen: 275246K(291328K)->7122K(292352K) Eden: 251392K(251392K)->0K(251392K) From: 23854K(39936K)->7122K(40960K)
[486.293s][info][gc,heap        ] GC(561) ParOldGen: 117575K(192000K)->118415K(192000K)
[486.293s][info][gc,metaspace   ] GC(561) Metaspace: 43124K(43456K)->43124K(43456K) NonClass: 38777K(38976K)->38777K(38976K) Class: 4347K(4480K)->4347K(4480K)
[486.293s][info][gc             ] GC(561) Pause Young (Allocation Failure) 383M->122M(473M) 5.726ms
[486.293s][info][gc,cpu         ] GC(561) User=0.01s Sys=0.00s Real=0.01s
[487.087s][info][gc,start       ] GC(562) Pause Young (Allocation Failure)
[487.094s][info][gc,heap        ] GC(562) PSYoungGen: 258514K(292352K)->7819K(289792K) Eden: 251392K(251392K)->0K(252928K) From: 7122K(40960K)->7819K(36864K)
[487.094s][info][gc,heap        ] GC(562) ParOldGen: 118415K(192000K)->119391K(192000K)
[487.094s][info][gc,metaspace   ] GC(562) Metaspace: 43124K(43456K)->43124K(43456K) NonClass: 38777K(38976K)->38777K(38976K) Class: 4347K(4480K)->4347K(4480K)
[487.094s][info][gc             ] GC(562) Pause Young (Allocation Failure) 368M->124M(470M) 7.023ms
[487.094s][info][gc,cpu         ] GC(562) User=0.01s Sys=0.00s Real=0.01s
[487.905s][info][gc,start       ] GC(563) Pause Young (Allocation Failure)
[487.910s][info][gc,heap        ] GC(563) PSYoungGen: 260747K(289792K)->5347K(291328K) Eden: 252928K(252928K)->0K(252928K) From: 7819K(36864K)->5347K(38400K)
[487.910s][info][gc,heap        ] GC(563) ParOldGen: 119391K(192000K)->120491K(192000K)
[487.910s][info][gc,metaspace   ] GC(563) Metaspace: 43125K(43456K)->43125K(43456K) NonClass: 38777K(38976K)->38777K(38976K) Class: 4347K(4480K)->4347K(4480K)
[487.910s][info][gc             ] GC(563) Pause Young (Allocation Failure) 371M->122M(472M) 4.804ms
[487.910s][info][gc,cpu         ] GC(563) User=0.01s Sys=0.00s Real=0.00s
[488.697s][info][gc,start       ] GC(564) Pause Young (Allocation Failure)
[488.704s][info][gc,heap        ] GC(564) PSYoungGen: 258275K(291328K)->9252K(292352K) Eden: 252928K(252928K)->0K(258560K) From: 5347K(38400K)->9252K(33792K)
[488.704s][info][gc,heap        ] GC(564) ParOldGen: 120491K(192000K)->121527K(192000K)
[488.704s][info][gc,metaspace   ] GC(564) Metaspace: 43125K(43456K)->43125K(43456K) NonClass: 38777K(38976K)->38777K(38976K) Class: 4347K(4480K)->4347K(4480K)
[488.704s][info][gc             ] GC(564) Pause Young (Allocation Failure) 369M->127M(473M) 7.553ms
[488.704s][info][gc,cpu         ] GC(564) User=0.02s Sys=0.00s Real=0.01s
[489.492s][info][gc,start       ] GC(565) Pause Young (Allocation Failure)
[489.519s][info][gc,heap        ] GC(565) PSYoungGen: 267812K(292352K)->35298K(293888K) Eden: 258560K(258560K)->0K(258560K) From: 9252K(33792K)->35298K(35328K)
[489.519s][info][gc,heap        ] GC(565) ParOldGen: 121527K(192000K)->123519K(192000K)
[489.519s][info][gc,metaspace   ] GC(565) Metaspace: 43125K(43456K)->43125K(43456K) NonClass: 38777K(38976K)->38777K(38976K) Class: 4347K(4480K)->4347K(4480K)
[489.519s][info][gc             ] GC(565) Pause Young (Allocation Failure) 380M->155M(474M) 27.907ms
[489.519s][info][gc,cpu         ] GC(565) User=0.05s Sys=0.00s Real=0.02s
[490.609s][info][gc,start       ] GC(566) Pause Young (Allocation Failure)
[490.651s][info][gc,heap        ] GC(566) PSYoungGen: 293858K(293888K)->26591K(285696K) Eden: 258560K(258560K)->0K(245760K) From: 35298K(35328K)->26591K(39936K)
[490.651s][info][gc,heap        ] GC(566) ParOldGen: 123519K(192000K)->143164K(192000K)
[490.651s][info][gc,metaspace   ] GC(566) Metaspace: 43127K(43456K)->43127K(43456K) NonClass: 38780K(38976K)->38780K(38976K) Class: 4347K(4480K)->4347K(4480K)
[490.651s][info][gc             ] GC(566) Pause Young (Allocation Failure) 407M->165M(466M) 42.277ms
[490.651s][info][gc,cpu         ] GC(566) User=0.08s Sys=0.00s Real=0.05s
[491.525s][info][gc,start       ] GC(567) Pause Young (Allocation Failure)
[491.575s][info][gc,heap        ] GC(567) PSYoungGen: 272351K(285696K)->31138K(276992K) Eden: 245760K(245760K)->0K(245760K) From: 26591K(39936K)->31138K(31232K)
[491.575s][info][gc,heap        ] GC(567) ParOldGen: 143164K(192000K)->169792K(192000K)
[491.575s][info][gc,metaspace   ] GC(567) Metaspace: 43127K(43456K)->43127K(43456K) NonClass: 38780K(38976K)->38780K(38976K) Class: 4347K(4480K)->4347K(4480K)
[491.576s][info][gc             ] GC(567) Pause Young (Allocation Failure) 405M->196M(458M) 50.504ms
[491.576s][info][gc,cpu         ] GC(567) User=0.10s Sys=0.00s Real=0.05s
[492.269s][info][gc,start       ] GC(568) Pause Young (Allocation Failure)
[492.315s][info][gc,heap        ] GC(568) PSYoungGen: 276898K(276992K)->43731K(272896K) Eden: 245760K(245760K)->0K(226304K) From: 31138K(31232K)->43731K(46592K)
[492.315s][info][gc,heap        ] GC(568) ParOldGen: 169792K(192000K)->191506K(192000K)
[492.315s][info][gc,metaspace   ] GC(568) Metaspace: 43127K(43456K)->43127K(43456K) NonClass: 38780K(38976K)->38780K(38976K) Class: 4347K(4480K)->4347K(4480K)
[492.315s][info][gc             ] GC(568) Pause Young (Allocation Failure) 436M->229M(454M) 46.035ms
[492.315s][info][gc,cpu         ] GC(568) User=0.08s Sys=0.01s Real=0.05s
[492.990s][info][gc,start       ] GC(569) Pause Young (Allocation Failure)
[493.016s][info][gc,heap        ] GC(569) PSYoungGen: 270035K(272896K)->30534K(257024K) Eden: 226304K(226304K)->0K(226304K) From: 43731K(46592K)->30534K(30720K)
[493.016s][info][gc,heap        ] GC(569) ParOldGen: 191506K(192000K)->201441K(201728K)
[493.016s][info][gc,metaspace   ] GC(569) Metaspace: 43128K(43456K)->43128K(43456K) NonClass: 38781K(38976K)->38781K(38976K) Class: 4347K(4480K)->4347K(4480K)
[493.016s][info][gc             ] GC(569) Pause Young (Allocation Failure) 450M->226M(448M) 26.422ms
[493.016s][info][gc,cpu         ] GC(569) User=0.04s Sys=0.01s Real=0.03s
[493.704s][info][gc,start       ] GC(570) Pause Young (Allocation Failure)
[493.727s][info][gc,heap        ] GC(570) PSYoungGen: 256838K(257024K)->39816K(272384K) Eden: 226304K(226304K)->0K(218112K) From: 30534K(30720K)->39816K(54272K)
[493.727s][info][gc,heap        ] GC(570) ParOldGen: 201441K(201728K)->201933K(202240K)
[493.727s][info][gc,metaspace   ] GC(570) Metaspace: 43128K(43456K)->43128K(43456K) NonClass: 38781K(38976K)->38781K(38976K) Class: 4347K(4480K)->4347K(4480K)
[493.727s][info][gc             ] GC(570) Pause Young (Allocation Failure) 447M->236M(463M) 23.834ms
[493.727s][info][gc,cpu         ] GC(570) User=0.05s Sys=0.00s Real=0.02s
[494.449s][info][gc,start       ] GC(571) Pause Young (Allocation Failure)
[494.452s][info][gc,heap        ] GC(571) PSYoungGen: 257928K(272384K)->1427K(275968K) Eden: 218112K(218112K)->0K(218112K) From: 39816K(54272K)->1427K(57856K)
[494.452s][info][gc,heap        ] GC(571) ParOldGen: 201933K(202240K)->202716K(202752K)
[494.452s][info][gc,metaspace   ] GC(571) Metaspace: 43128K(43456K)->43128K(43456K) NonClass: 38781K(38976K)->38781K(38976K) Class: 4347K(4480K)->4347K(4480K)
[494.452s][info][gc             ] GC(571) Pause Young (Allocation Failure) 449M->199M(467M) 3.357ms
[494.452s][info][gc,cpu         ] GC(571) User=0.00s Sys=0.00s Real=0.01s
[495.138s][info][gc,start       ] GC(572) Pause Young (Allocation Failure)
[495.172s][info][gc,heap        ] GC(572) PSYoungGen: 219539K(275968K)->57837K(253440K) Eden: 218112K(218112K)->0K(195584K) From: 1427K(57856K)->57837K(57856K)
[495.172s][info][gc,heap        ] GC(572) ParOldGen: 202716K(202752K)->205071K(205312K)
[495.172s][info][gc,metaspace   ] GC(572) Metaspace: 43128K(43456K)->43128K(43456K) NonClass: 38781K(38976K)->38781K(38976K) Class: 4347K(4480K)->4347K(4480K)
[495.172s][info][gc             ] GC(572) Pause Young (Allocation Failure) 412M->256M(448M) 33.914ms
[495.172s][info][gc,cpu         ] GC(572) User=0.06s Sys=0.00s Real=0.04s
[495.802s][info][gc,start       ] GC(573) Pause Young (Allocation Failure)
[495.877s][info][gc,heap        ] GC(573) PSYoungGen: 253421K(253440K)->53477K(249344K) Eden: 195584K(195584K)->0K(195584K) From: 57837K(57856K)->53477K(53760K)
[495.877s][info][gc,heap        ] GC(573) ParOldGen: 205071K(205312K)->259311K(259584K)
[495.877s][info][gc,metaspace   ] GC(573) Metaspace: 43128K(43456K)->43128K(43456K) NonClass: 38781K(38976K)->38781K(38976K) Class: 4347K(4480K)->4347K(4480K)
[495.877s][info][gc             ] GC(573) Pause Young (Allocation Failure) 447M->305M(497M) 75.051ms
[495.877s][info][gc,cpu         ] GC(573) User=0.12s Sys=0.03s Real=0.07s
[496.527s][info][gc,start       ] GC(574) Pause Young (Allocation Failure)
[496.600s][info][gc,heap        ] GC(574) PSYoungGen: 249061K(249344K)->65910K(240128K) Eden: 195584K(195584K)->0K(164864K) From: 53477K(53760K)->65910K(75264K)
[496.600s][info][gc,heap        ] GC(574) ParOldGen: 259311K(259584K)->293967K(294400K)
[496.600s][info][gc,metaspace   ] GC(574) Metaspace: 43128K(43456K)->43128K(43456K) NonClass: 38781K(38976K)->38781K(38976K) Class: 4347K(4480K)->4347K(4480K)
[496.601s][info][gc             ] GC(574) Pause Young (Allocation Failure) 496M->351M(522M) 73.382ms
[496.601s][info][gc,cpu         ] GC(574) User=0.13s Sys=0.02s Real=0.08s
[497.106s][info][gc,start       ] GC(575) Pause Young (Allocation Failure)
[497.173s][info][gc,heap        ] GC(575) PSYoungGen: 230774K(240128K)->16392K(249344K) Eden: 164864K(164864K)->0K(164864K) From: 65910K(75264K)->16392K(84480K)
[497.173s][info][gc,heap        ] GC(575) ParOldGen: 293967K(294400K)->348610K(348672K)
[497.173s][info][gc,metaspace   ] GC(575) Metaspace: 43129K(43456K)->43129K(43456K) NonClass: 38782K(38976K)->38782K(38976K) Class: 4347K(4480K)->4347K(4480K)
[497.173s][info][gc             ] GC(575) Pause Young (Allocation Failure) 512M->356M(584M) 67.158ms
[497.173s][info][gc,cpu         ] GC(575) User=0.08s Sys=0.04s Real=0.07s
[497.720s][info][gc,start       ] GC(576) Pause Young (Allocation Failure)
[497.733s][info][gc,heap        ] GC(576) PSYoungGen: 181256K(249344K)->17371K(240640K) Eden: 164864K(164864K)->0K(167424K) From: 16392K(84480K)->17371K(73216K)
[497.733s][info][gc,heap        ] GC(576) ParOldGen: 348610K(348672K)->349402K(349696K)
[497.733s][info][gc,metaspace   ] GC(576) Metaspace: 43129K(43456K)->43129K(43456K) NonClass: 38782K(38976K)->38782K(38976K) Class: 4347K(4480K)->4347K(4480K)
[497.734s][info][gc             ] GC(576) Pause Young (Allocation Failure) 517M->358M(576M) 13.239ms
[497.734s][info][gc,cpu         ] GC(576) User=0.02s Sys=0.00s Real=0.01s
[498.258s][info][gc,start       ] GC(577) Pause Young (Allocation Failure)
[498.266s][info][gc,heap        ] GC(577) PSYoungGen: 184795K(240640K)->10402K(246272K) Eden: 167424K(167424K)->0K(167424K) From: 17371K(73216K)->10402K(78848K)
[498.266s][info][gc,heap        ] GC(577) ParOldGen: 349402K(349696K)->350221K(350720K)
[498.266s][info][gc,metaspace   ] GC(577) Metaspace: 43129K(43456K)->43129K(43456K) NonClass: 38782K(38976K)->38782K(38976K) Class: 4347K(4480K)->4347K(4480K)
[498.266s][info][gc             ] GC(577) Pause Young (Allocation Failure) 521M->352M(583M) 7.590ms
[498.266s][info][gc,cpu         ] GC(577) User=0.01s Sys=0.00s Real=0.01s
[498.774s][info][gc,start       ] GC(578) Pause Young (Allocation Failure)
[498.796s][info][gc,heap        ] GC(578) PSYoungGen: 177826K(246272K)->36787K(250880K) Eden: 167424K(167424K)->0K(178176K) From: 10402K(78848K)->36787K(72704K)
[498.796s][info][gc,heap        ] GC(578) ParOldGen: 350221K(350720K)->350871K(351232K)
[498.796s][info][gc,metaspace   ] GC(578) Metaspace: 43129K(43456K)->43129K(43456K) NonClass: 38782K(38976K)->38782K(38976K) Class: 4347K(4480K)->4347K(4480K)
[498.796s][info][gc             ] GC(578) Pause Young (Allocation Failure) 515M->378M(588M) 21.713ms
[498.796s][info][gc,cpu         ] GC(578) User=0.04s Sys=0.00s Real=0.02s
[499.349s][info][gc,start       ] GC(579) Pause Young (Allocation Failure)
[499.366s][info][gc,heap        ] GC(579) PSYoungGen: 214963K(250880K)->29697K(253952K) Eden: 178176K(178176K)->0K(178176K) From: 36787K(72704K)->29697K(75776K)
[499.366s][info][gc,heap        ] GC(579) ParOldGen: 350871K(351232K)->351264K(351744K)
[499.366s][info][gc,metaspace   ] GC(579) Metaspace: 43129K(43456K)->43129K(43456K) NonClass: 38782K(38976K)->38782K(38976K) Class: 4347K(4480K)->4347K(4480K)
[499.366s][info][gc             ] GC(579) Pause Young (Allocation Failure) 552M->372M(591M) 17.633ms
[499.366s][info][gc,cpu         ] GC(579) User=0.04s Sys=0.00s Real=0.02s
[499.892s][info][gc,start       ] GC(580) Pause Young (Allocation Failure)
[499.904s][info][gc,heap        ] GC(580) PSYoungGen: 207873K(253952K)->21556K(251904K) Eden: 178176K(178176K)->0K(186368K) From: 29697K(75776K)->21556K(65536K)
[499.904s][info][gc,heap        ] GC(580) ParOldGen: 351264K(351744K)->351673K(351744K)
[499.905s][info][gc,metaspace   ] GC(580) Metaspace: 43129K(43456K)->43129K(43456K) NonClass: 38782K(38976K)->38782K(38976K) Class: 4347K(4480K)->4347K(4480K)
[499.905s][info][gc             ] GC(580) Pause Young (Allocation Failure) 546M->364M(589M) 13.003ms
[499.905s][info][gc,cpu         ] GC(580) User=0.02s Sys=0.00s Real=0.01s
[500.406s][info][gc,start       ] GC(581) Pause Young (Allocation Failure)
[500.426s][info][gc,heap        ] GC(581) PSYoungGen: 207924K(251904K)->1470K(254464K) Eden: 186368K(186368K)->0K(186368K) From: 21556K(65536K)->1470K(68096K)
[500.426s][info][gc,heap        ] GC(581) ParOldGen: 351673K(351744K)->372266K(372736K)
[500.426s][info][gc,metaspace   ] GC(581) Metaspace: 43129K(43456K)->43129K(43456K) NonClass: 38782K(38976K)->38782K(38976K) Class: 4347K(4480K)->4347K(4480K)
[500.426s][info][gc             ] GC(581) Pause Young (Allocation Failure) 546M->364M(612M) 20.173ms
[500.426s][info][gc,cpu         ] GC(581) User=0.02s Sys=0.01s Real=0.02s
[500.944s][info][gc,start       ] GC(582) Pause Young (Allocation Failure)
[500.947s][info][gc,heap        ] GC(582) PSYoungGen: 187838K(254464K)->1408K(265216K) Eden: 186368K(186368K)->0K(197120K) From: 1470K(68096K)->1408K(68096K)
[500.947s][info][gc,heap        ] GC(582) ParOldGen: 372266K(372736K)->372513K(372736K)
[500.947s][info][gc,metaspace   ] GC(582) Metaspace: 43129K(43456K)->43129K(43456K) NonClass: 38782K(38976K)->38782K(38976K) Class: 4347K(4480K)->4347K(4480K)
[500.947s][info][gc             ] GC(582) Pause Young (Allocation Failure) 546M->365M(623M) 2.884ms
[500.947s][info][gc,cpu         ] GC(582) User=0.01s Sys=0.00s Real=0.00s
[501.408s][info][gc,start       ] GC(583) Pause Young (Allocation Failure)
[501.413s][info][gc,heap        ] GC(583) PSYoungGen: 198528K(265216K)->4135K(201728K) Eden: 197120K(197120K)->0K(197120K) From: 1408K(68096K)->4135K(4608K)
[501.413s][info][gc,heap        ] GC(583) ParOldGen: 372513K(372736K)->372993K(373248K)
[501.413s][info][gc,metaspace   ] GC(583) Metaspace: 43129K(43456K)->43129K(43456K) NonClass: 38782K(38976K)->38782K(38976K) Class: 4347K(4480K)->4347K(4480K)
[501.413s][info][gc             ] GC(583) Pause Young (Allocation Failure) 557M->368M(561M) 5.123ms
[501.413s][info][gc,cpu         ] GC(583) User=0.01s Sys=0.00s Real=0.01s
[501.728s][info][gc,start       ] GC(584) Pause Young (Allocation Failure)
[501.734s][info][gc,heap        ] GC(584) PSYoungGen: 201255K(201728K)->1838K(266240K) Eden: 197120K(197120K)->0K(199168K) From: 4135K(4608K)->1838K(67072K)
[501.734s][info][gc,heap        ] GC(584) ParOldGen: 372993K(373248K)->374816K(375296K)
[501.734s][info][gc,metaspace   ] GC(584) Metaspace: 43129K(43456K)->43129K(43456K) NonClass: 38782K(38976K)->38782K(38976K) Class: 4347K(4480K)->4347K(4480K)
[501.734s][info][gc             ] GC(584) Pause Young (Allocation Failure) 560M->367M(626M) 5.518ms
[501.734s][info][gc,cpu         ] GC(584) User=0.01s Sys=0.00s Real=0.01s
[502.126s][info][gc,start       ] GC(585) Pause Young (Allocation Failure)
[502.133s][info][gc,heap        ] GC(585) PSYoungGen: 200802K(266240K)->10015K(209408K) Eden: 198963K(199168K)->0K(199168K) From: 1838K(67072K)->10015K(10240K)
[502.133s][info][gc,heap        ] GC(585) ParOldGen: 374816K(375296K)->375052K(375296K)
[502.133s][info][gc,metaspace   ] GC(585) Metaspace: 43129K(43456K)->43129K(43456K) NonClass: 38782K(38976K)->38782K(38976K) Class: 4347K(4480K)->4347K(4480K)
[502.133s][info][gc             ] GC(585) Pause Young (Allocation Failure) 562M->376M(571M) 7.693ms
[502.133s][info][gc,cpu         ] GC(585) User=0.01s Sys=0.00s Real=0.01s
[502.358s][info][gc,start       ] GC(586) Pause Young (Allocation Failure)
[502.369s][info][gc,heap        ] GC(586) PSYoungGen: 209183K(209408K)->1084K(265216K) Eden: 199168K(199168K)->0K(202752K) From: 10015K(10240K)->1084K(62464K)
[502.369s][info][gc,heap        ] GC(586) ParOldGen: 375052K(375296K)->384900K(385024K)
[502.369s][info][gc,metaspace   ] GC(586) Metaspace: 43129K(43456K)->43129K(43456K) NonClass: 38782K(38976K)->38782K(38976K) Class: 4347K(4480K)->4347K(4480K)
[502.369s][info][gc             ] GC(586) Pause Young (Allocation Failure) 570M->376M(635M) 11.109ms
[502.369s][info][gc,cpu         ] GC(586) User=0.01s Sys=0.01s Real=0.01s
[502.604s][info][gc,start       ] GC(587) Pause Young (Allocation Failure)
[502.609s][info][gc,heap        ] GC(587) PSYoungGen: 203836K(265216K)->1189K(263680K) Eden: 202752K(202752K)->0K(202752K) From: 1084K(62464K)->1189K(60928K)
[502.609s][info][gc,heap        ] GC(587) ParOldGen: 384900K(385024K)->385922K(386048K)
[502.609s][info][gc,metaspace   ] GC(587) Metaspace: 43129K(43456K)->43129K(43456K) NonClass: 38782K(38976K)->38782K(38976K) Class: 4347K(4480K)->4347K(4480K)
[502.609s][info][gc             ] GC(587) Pause Young (Allocation Failure) 574M->378M(634M) 4.330ms
[502.609s][info][gc,cpu         ] GC(587) User=0.01s Sys=0.01s Real=0.00s
[502.856s][info][gc,start       ] GC(588) Pause Young (Allocation Failure)
[502.863s][info][gc,heap        ] GC(588) PSYoungGen: 202290K(263680K)->4040K(270336K) Eden: 201101K(202752K)->0K(212992K) From: 1189K(60928K)->4040K(57344K)
[502.863s][info][gc,heap        ] GC(588) ParOldGen: 385922K(386048K)->387050K(387072K)
[502.863s][info][gc,metaspace   ] GC(588) Metaspace: 43129K(43456K)->43129K(43456K) NonClass: 38782K(38976K)->38782K(38976K) Class: 4347K(4480K)->4347K(4480K)
[502.863s][info][gc             ] GC(588) Pause Young (Allocation Failure) 574M->381M(642M) 6.793ms
[502.863s][info][gc,cpu         ] GC(588) User=0.02s Sys=0.00s Real=0.01s
[503.118s][info][gc,start       ] GC(589) Pause Young (Allocation Failure)
[503.128s][info][gc,heap        ] GC(589) PSYoungGen: 215482K(270336K)->3728K(269312K) Eden: 211441K(212992K)->0K(212992K) From: 4040K(57344K)->3728K(56320K)
[503.128s][info][gc,heap        ] GC(589) ParOldGen: 387050K(387072K)->391121K(391168K)
[503.128s][info][gc,metaspace   ] GC(589) Metaspace: 43129K(43456K)->43129K(43456K) NonClass: 38782K(38976K)->38782K(38976K) Class: 4347K(4480K)->4347K(4480K)
[503.128s][info][gc             ] GC(589) Pause Young (Allocation Failure) 588M->385M(645M) 10.028ms
[503.128s][info][gc,cpu         ] GC(589) User=0.01s Sys=0.01s Real=0.01s
[503.399s][info][gc,start       ] GC(590) Pause Young (Allocation Failure)
[503.411s][info][gc,heap        ] GC(590) PSYoungGen: 215278K(269312K)->6453K(274432K) Eden: 211550K(212992K)->0K(223232K) From: 3728K(56320K)->6453K(51200K)
[503.411s][info][gc,heap        ] GC(590) ParOldGen: 391121K(391168K)->394874K(395264K)
[503.411s][info][gc,metaspace   ] GC(590) Metaspace: 43130K(43456K)->43130K(43456K) NonClass: 38783K(38976K)->38783K(38976K) Class: 4347K(4480K)->4347K(4480K)
[503.411s][info][gc             ] GC(590) Pause Young (Allocation Failure) 592M->391M(654M) 12.165ms
[503.411s][info][gc,cpu         ] GC(590) User=0.02s Sys=0.00s Real=0.02s
[503.691s][info][gc,start       ] GC(591) Pause Young (Allocation Failure)
[503.705s][info][gc,heap        ] GC(591) PSYoungGen: 229175K(274432K)->5143K(273920K) Eden: 222722K(223232K)->0K(223232K) From: 6453K(51200K)->5143K(50688K)
[503.706s][info][gc,heap        ] GC(591) ParOldGen: 394874K(395264K)->401423K(401920K)
[503.706s][info][gc,metaspace   ] GC(591) Metaspace: 43130K(43456K)->43130K(43456K) NonClass: 38783K(38976K)->38783K(38976K) Class: 4347K(4480K)->4347K(4480K)
[503.706s][info][gc             ] GC(591) Pause Young (Allocation Failure) 609M->397M(660M) 14.349ms
[503.706s][info][gc,cpu         ] GC(591) User=0.02s Sys=0.01s Real=0.01s
[504.000s][info][gc,start       ] GC(592) Pause Young (Allocation Failure)
[504.016s][info][gc,heap        ] GC(592) PSYoungGen: 228375K(273920K)->9769K(279040K) Eden: 223232K(223232K)->0K(235008K) From: 5143K(50688K)->9769K(44032K)
[504.016s][info][gc,heap        ] GC(592) ParOldGen: 401423K(401920K)->406589K(407040K)
[504.016s][info][gc,metaspace   ] GC(592) Metaspace: 43130K(43456K)->43130K(43456K) NonClass: 38783K(38976K)->38783K(38976K) Class: 4347K(4480K)->4347K(4480K)
[504.016s][info][gc             ] GC(592) Pause Young (Allocation Failure) 615M->406M(670M) 16.864ms
[504.017s][info][gc,cpu         ] GC(592) User=0.03s Sys=0.00s Real=0.02s
[504.533s][info][gc,start       ] GC(593) Pause Young (Allocation Failure)
[504.551s][info][gc,heap        ] GC(593) PSYoungGen: 244777K(279040K)->6672K(279552K) Eden: 235008K(235008K)->0K(235008K) From: 9769K(44032K)->6672K(44544K)
[504.551s][info][gc,heap        ] GC(593) ParOldGen: 406589K(407040K)->416571K(416768K)
[504.551s][info][gc,metaspace   ] GC(593) Metaspace: 43130K(43456K)->43130K(43456K) NonClass: 38783K(38976K)->38783K(38976K) Class: 4347K(4480K)->4347K(4480K)
[504.551s][info][gc             ] GC(593) Pause Young (Allocation Failure) 636M->413M(680M) 17.487ms
[504.551s][info][gc,cpu         ] GC(593) User=0.03s Sys=0.01s Real=0.02s
[505.045s][info][gc,start       ] GC(594) Pause Young (Allocation Failure)
[505.054s][info][gc,heap        ] GC(594) PSYoungGen: 241680K(279552K)->4272K(287232K) Eden: 235008K(235008K)->0K(247296K) From: 6672K(44544K)->4272K(39936K)
[505.055s][info][gc,heap        ] GC(594) ParOldGen: 416571K(416768K)->421564K(421888K)
[505.055s][info][gc,metaspace   ] GC(594) Metaspace: 43132K(43520K)->43132K(43520K) NonClass: 38785K(39040K)->38785K(39040K) Class: 4347K(4480K)->4347K(4480K)
[505.055s][info][gc             ] GC(594) Pause Young (Allocation Failure) 642M->415M(692M) 9.294ms
[505.055s][info][gc,cpu         ] GC(594) User=0.01s Sys=0.00s Real=0.01s
[505.586s][info][gc,start       ] GC(595) Pause Young (Allocation Failure)
[505.591s][info][gc,heap        ] GC(595) PSYoungGen: 251568K(287232K)->3459K(287232K) Eden: 247296K(247296K)->0K(247296K) From: 4272K(39936K)->3459K(39936K)
[505.591s][info][gc,heap        ] GC(595) ParOldGen: 421564K(421888K)->421572K(421888K)
[505.591s][info][gc,metaspace   ] GC(595) Metaspace: 43135K(43520K)->43135K(43520K) NonClass: 38788K(39040K)->38788K(39040K) Class: 4347K(4480K)->4347K(4480K)
[505.591s][info][gc             ] GC(595) Pause Young (Allocation Failure) 657M->415M(692M) 4.362ms
[505.591s][info][gc,cpu         ] GC(595) User=0.01s Sys=0.00s Real=0.01s
[506.113s][info][gc,start       ] GC(596) Pause Young (Allocation Failure)
[506.118s][info][gc,heap        ] GC(596) PSYoungGen: 250755K(287232K)->4736K(291328K) Eden: 247296K(247296K)->0K(255488K) From: 3459K(39936K)->4736K(35840K)
[506.118s][info][gc,heap        ] GC(596) ParOldGen: 421572K(421888K)->421623K(421888K)
[506.118s][info][gc,metaspace   ] GC(596) Metaspace: 43135K(43520K)->43135K(43520K) NonClass: 38788K(39040K)->38788K(39040K) Class: 4347K(4480K)->4347K(4480K)
[506.118s][info][gc             ] GC(596) Pause Young (Allocation Failure) 656M->416M(696M) 4.923ms
[506.118s][info][gc,cpu         ] GC(596) User=0.01s Sys=0.00s Real=0.00s
[506.718s][info][gc,start       ] GC(597) Pause Young (Allocation Failure)
[506.722s][info][gc,heap        ] GC(597) PSYoungGen: 260224K(291328K)->5377K(291840K) Eden: 255488K(255488K)->0K(255488K) From: 4736K(35840K)->5377K(36352K)
[506.722s][info][gc,heap        ] GC(597) ParOldGen: 421623K(421888K)->421687K(421888K)
[506.722s][info][gc,metaspace   ] GC(597) Metaspace: 43155K(43520K)->43155K(43520K) NonClass: 38808K(39040K)->38808K(39040K) Class: 4347K(4480K)->4347K(4480K)
[506.722s][info][gc             ] GC(597) Pause Young (Allocation Failure) 665M->417M(697M) 3.814ms
[506.722s][info][gc,cpu         ] GC(597) User=0.00s Sys=0.00s Real=0.01s
[507.879s][info][gc,start       ] GC(598) Pause Young (Allocation Failure)
[507.885s][info][gc,heap        ] GC(598) PSYoungGen: 260865K(291840K)->6246K(293888K) Eden: 255488K(255488K)->0K(263168K) From: 5377K(36352K)->6246K(30720K)
[507.885s][info][gc,heap        ] GC(598) ParOldGen: 421687K(421888K)->421823K(421888K)
[507.885s][info][gc,metaspace   ] GC(598) Metaspace: 43160K(43520K)->43160K(43520K) NonClass: 38813K(39040K)->38813K(39040K) Class: 4347K(4480K)->4347K(4480K)
[507.885s][info][gc             ] GC(598) Pause Young (Allocation Failure) 666M->418M(699M) 6.556ms
[507.885s][info][gc,cpu         ] GC(598) User=0.01s Sys=0.00s Real=0.01s
[508.742s][info][gc,start       ] GC(599) Pause Young (Allocation Failure)
[508.770s][info][gc,heap        ] GC(599) PSYoungGen: 269414K(293888K)->27951K(294912K) Eden: 263168K(263168K)->0K(263168K) From: 6246K(30720K)->27951K(31744K)
[508.770s][info][gc,heap        ] GC(599) ParOldGen: 421823K(421888K)->424909K(424960K)
[508.770s][info][gc,metaspace   ] GC(599) Metaspace: 43162K(43520K)->43162K(43520K) NonClass: 38815K(39040K)->38815K(39040K) Class: 4347K(4480K)->4347K(4480K)
[508.770s][info][gc             ] GC(599) Pause Young (Allocation Failure) 675M->442M(703M) 27.834ms
[508.770s][info][gc,cpu         ] GC(599) User=0.05s Sys=0.00s Real=0.02s
[509.320s][info][gc,start       ] GC(600) Pause Young (Allocation Failure)
[509.385s][info][gc,heap        ] GC(600) PSYoungGen: 291119K(294912K)->30424K(287744K) Eden: 263168K(263168K)->0K(250880K) From: 27951K(31744K)->30424K(36864K)
[509.385s][info][gc,heap        ] GC(600) ParOldGen: 424909K(424960K)->452069K(452096K)
[509.385s][info][gc,metaspace   ] GC(600) Metaspace: 43162K(43520K)->43162K(43520K) NonClass: 38815K(39040K)->38815K(39040K) Class: 4347K(4480K)->4347K(4480K)
[509.385s][info][gc             ] GC(600) Pause Young (Allocation Failure) 699M->471M(722M) 65.110ms
[509.385s][info][gc,cpu         ] GC(600) User=0.10s Sys=0.03s Real=0.07s
[509.915s][info][gc,start       ] GC(601) Pause Young (Allocation Failure)
[509.978s][info][gc,heap        ] GC(601) PSYoungGen: 281304K(287744K)->31712K(282624K) Eden: 250880K(250880K)->0K(250880K) From: 30424K(36864K)->31712K(31744K)
[509.978s][info][gc,heap        ] GC(601) ParOldGen: 452069K(452096K)->481029K(481280K)
[509.978s][info][gc,metaspace   ] GC(601) Metaspace: 43162K(43520K)->43162K(43520K) NonClass: 38815K(39040K)->38815K(39040K) Class: 4347K(4480K)->4347K(4480K)
[509.978s][info][gc             ] GC(601) Pause Young (Allocation Failure) 716M->500M(746M) 63.508ms
[509.978s][info][gc,cpu         ] GC(601) User=0.11s Sys=0.02s Real=0.06s
[513.242s][info][gc,start       ] GC(602) Pause Young (Allocation Failure)
[513.292s][info][gc,heap        ] GC(602) PSYoungGen: 282587K(282624K)->14976K(290816K) Eden: 250875K(250880K)->0K(244736K) From: 31712K(31744K)->14976K(46080K)
[513.292s][info][gc,heap        ] GC(602) ParOldGen: 481029K(481280K)->509310K(509440K)
[513.292s][info][gc,metaspace   ] GC(602) Metaspace: 43165K(43520K)->43165K(43520K) NonClass: 38817K(39040K)->38817K(39040K) Class: 4347K(4480K)->4347K(4480K)
[513.292s][info][gc             ] GC(602) Pause Young (Allocation Failure) 745M->511M(781M) 50.201ms
[513.292s][info][gc,cpu         ] GC(602) User=0.07s Sys=0.03s Real=0.05s
[514.079s][info][gc,start       ] GC(603) Pause Young (Allocation Failure)
[514.100s][info][gc,heap        ] GC(603) PSYoungGen: 259712K(290816K)->4544K(249344K) Eden: 244736K(244736K)->0K(244736K) From: 14976K(46080K)->4544K(4608K)
[514.100s][info][gc,heap        ] GC(603) ParOldGen: 509310K(509440K)->524061K(524288K)
[514.100s][info][gc,metaspace   ] GC(603) Metaspace: 43165K(43520K)->43165K(43520K) NonClass: 38817K(39040K)->38817K(39040K) Class: 4347K(4480K)->4347K(4480K)
[514.100s][info][gc             ] GC(603) Pause Young (Allocation Failure) 750M->516M(755M) 21.175ms
[514.100s][info][gc,cpu         ] GC(603) User=0.03s Sys=0.01s Real=0.02s
[515.299s][info][gc,start       ] GC(604) Pause Young (Allocation Failure)
[515.307s][info][gc,heap        ] GC(604) PSYoungGen: 249280K(249344K)->3094K(287744K) Eden: 244736K(244736K)->0K(245760K) From: 4544K(4608K)->3094K(41984K)
[515.307s][info][gc,heap        ] GC(604) ParOldGen: 524061K(524288K)->527655K(527872K)
[515.307s][info][gc,metaspace   ] GC(604) Metaspace: 43165K(43520K)->43165K(43520K) NonClass: 38817K(39040K)->38817K(39040K) Class: 4347K(4480K)->4347K(4480K)
[515.307s][info][gc             ] GC(604) Pause Young (Allocation Failure) 755M->518M(796M) 8.292ms
[515.307s][info][gc,cpu         ] GC(604) User=0.02s Sys=0.00s Real=0.01s
[516.598s][info][gc,start       ] GC(605) Pause Young (Allocation Failure)
[516.625s][info][gc,heap        ] GC(605) PSYoungGen: 248854K(287744K)->25300K(286720K) Eden: 245760K(245760K)->0K(245760K) From: 3094K(41984K)->25300K(40960K)
[516.625s][info][gc,heap        ] GC(605) ParOldGen: 527655K(527872K)->530686K(530944K)
[516.625s][info][gc,metaspace   ] GC(605) Metaspace: 43165K(43520K)->43165K(43520K) NonClass: 38817K(39040K)->38817K(39040K) Class: 4347K(4480K)->4347K(4480K)
[516.625s][info][gc             ] GC(605) Pause Young (Allocation Failure) 758M->542M(798M) 27.438ms
[516.625s][info][gc,cpu         ] GC(605) User=0.05s Sys=0.00s Real=0.03s
[518.030s][info][gc,start       ] GC(606) Pause Young (Allocation Failure)
[518.079s][info][gc,heap        ] GC(606) PSYoungGen: 271060K(286720K)->22969K(289792K) Eden: 245760K(245760K)->0K(246784K) From: 25300K(40960K)->22969K(43008K)
[518.079s][info][gc,heap        ] GC(606) ParOldGen: 530686K(530944K)->555928K(556032K)
[518.079s][info][gc,metaspace   ] GC(606) Metaspace: 43165K(43520K)->43165K(43520K) NonClass: 38817K(39040K)->38817K(39040K) Class: 4347K(4480K)->4347K(4480K)
[518.079s][info][gc             ] GC(606) Pause Young (Allocation Failure) 782M->565M(826M) 48.990ms
[518.079s][info][gc,cpu         ] GC(606) User=0.08s Sys=0.01s Real=0.05s
[518.987s][info][gc,start       ] GC(607) Pause Young (Allocation Failure)
[519.038s][info][gc,heap        ] GC(607) PSYoungGen: 269753K(289792K)->32126K(279040K) Eden: 246784K(246784K)->0K(246784K) From: 22969K(43008K)->32126K(32256K)
[519.038s][info][gc,heap        ] GC(607) ParOldGen: 555928K(556032K)->578943K(579072K)
[519.038s][info][gc,metaspace   ] GC(607) Metaspace: 43165K(43520K)->43165K(43520K) NonClass: 38817K(39040K)->38817K(39040K) Class: 4347K(4480K)->4347K(4480K)
[519.038s][info][gc             ] GC(607) Pause Young (Allocation Failure) 806M->596M(838M) 51.962ms
[519.039s][info][gc,cpu         ] GC(607) User=0.10s Sys=0.01s Real=0.05s
[519.592s][info][gc,start       ] GC(608) Pause Young (Allocation Failure)
[519.659s][info][gc,heap        ] GC(608) PSYoungGen: 278910K(279040K)->30808K(282624K) Eden: 246784K(246784K)->0K(235520K) From: 32126K(32256K)->30808K(47104K)
[519.659s][info][gc,heap        ] GC(608) ParOldGen: 578943K(579072K)->610726K(610816K)
[519.659s][info][gc,metaspace   ] GC(608) Metaspace: 43165K(43520K)->43165K(43520K) NonClass: 38818K(39040K)->38818K(39040K) Class: 4347K(4480K)->4347K(4480K)
[519.659s][info][gc             ] GC(608) Pause Young (Allocation Failure) 837M->626M(872M) 66.999ms
[519.659s][info][gc,cpu         ] GC(608) User=0.10s Sys=0.02s Real=0.06s
[520.206s][info][gc,start       ] GC(609) Pause Young (Allocation Failure)
[520.270s][info][gc,heap        ] GC(609) PSYoungGen: 266328K(282624K)->29472K(265216K) Eden: 235520K(235520K)->0K(235520K) From: 30808K(47104K)->29472K(29696K)
[520.270s][info][gc,heap        ] GC(609) ParOldGen: 610726K(610816K)->640062K(640512K)
[520.270s][info][gc,metaspace   ] GC(609) Metaspace: 43165K(43520K)->43165K(43520K) NonClass: 38818K(39040K)->38818K(39040K) Class: 4347K(4480K)->4347K(4480K)
[520.270s][info][gc             ] GC(609) Pause Young (Allocation Failure) 856M->653M(884M) 63.822ms
[520.270s][info][gc,cpu         ] GC(609) User=0.10s Sys=0.02s Real=0.07s
[521.696s][info][gc,start       ] GC(610) Pause Full (Allocation Failure)
[521.696s][info][gc,phases,start] GC(610) Marking Phase
[521.736s][info][gc,phases      ] GC(610) Marking Phase 40.578ms
[521.737s][info][gc,phases,start] GC(610) Summary Phase
[521.737s][info][gc,phases      ] GC(610) Summary Phase 0.027ms
[521.737s][info][gc,phases,start] GC(610) Forward
[521.742s][info][gc,phases      ] GC(610) Forward 5.822ms
[521.742s][info][gc,phases,start] GC(610) Adjust Pointers
[521.764s][info][gc,phases      ] GC(610) Adjust Pointers 21.237ms
[521.764s][info][gc,phases,start] GC(610) Compaction Phase
[521.769s][info][gc,phases      ] GC(610) Compaction Phase 5.759ms
[521.769s][info][gc,phases,start] GC(610) Post Compact
[521.772s][info][gc,phases      ] GC(610) Post Compact 2.551ms
[521.808s][info][gc,heap        ] GC(610) PSYoungGen: 264992K(265216K)->0K(283136K) Eden: 235520K(235520K)->0K(232448K) From: 29472K(29696K)->0K(50688K)
[521.808s][info][gc,heap        ] GC(610) ParOldGen: 640062K(640512K)->55344K(197120K)
[521.808s][info][gc,metaspace   ] GC(610) Metaspace: 43165K(43520K)->43165K(43520K) NonClass: 38818K(39040K)->38818K(39040K) Class: 4347K(4480K)->4347K(4480K)
[521.808s][info][gc             ] GC(610) Pause Full (Allocation Failure) 883M->54M(469M) 111.950ms
[521.808s][info][gc,cpu         ] GC(610) User=0.11s Sys=0.04s Real=0.11s
[522.809s][info][gc,start       ] GC(611) Pause Young (Allocation Failure)
[522.827s][info][gc,heap        ] GC(611) PSYoungGen: 232448K(283136K)->20443K(252928K) Eden: 232448K(232448K)->0K(232448K) From: 0K(50688K)->20443K(20480K)
[522.827s][info][gc,heap        ] GC(611) ParOldGen: 55344K(197120K)->55344K(197120K)
[522.827s][info][gc,metaspace   ] GC(611) Metaspace: 43165K(43520K)->43165K(43520K) NonClass: 38818K(39040K)->38818K(39040K) Class: 4347K(4480K)->4347K(4480K)
[522.827s][info][gc             ] GC(611) Pause Young (Allocation Failure) 281M->74M(439M) 18.101ms
[522.827s][info][gc,cpu         ] GC(611) User=0.03s Sys=0.00s Real=0.02s
[524.101s][info][gc,start       ] GC(612) Pause Young (Allocation Failure)
[524.136s][info][gc,heap        ] GC(612) PSYoungGen: 252891K(252928K)->25410K(281088K) Eden: 232448K(232448K)->0K(232960K) From: 20443K(20480K)->25410K(48128K)
[524.136s][info][gc,heap        ] GC(612) ParOldGen: 55344K(197120K)->75742K(197120K)
[524.136s][info][gc,metaspace   ] GC(612) Metaspace: 43165K(43520K)->43165K(43520K) NonClass: 38818K(39040K)->38818K(39040K) Class: 4347K(4480K)->4347K(4480K)
[524.136s][info][gc             ] GC(612) Pause Young (Allocation Failure) 301M->98M(467M) 35.428ms
[524.136s][info][gc,cpu         ] GC(612) User=0.07s Sys=0.00s Real=0.03s
[525.373s][info][gc,start       ] GC(613) Pause Young (Allocation Failure)
[525.410s][info][gc,heap        ] GC(613) PSYoungGen: 258370K(281088K)->22212K(280576K) Eden: 232960K(232960K)->0K(232960K) From: 25410K(48128K)->22212K(47616K)
[525.410s][info][gc,heap        ] GC(613) ParOldGen: 75742K(197120K)->100969K(197120K)
[525.410s][info][gc,metaspace   ] GC(613) Metaspace: 43165K(43520K)->43165K(43520K) NonClass: 38818K(39040K)->38818K(39040K) Class: 4347K(4480K)->4347K(4480K)
[525.410s][info][gc             ] GC(613) Pause Young (Allocation Failure) 326M->120M(466M) 37.140ms
[525.410s][info][gc,cpu         ] GC(613) User=0.08s Sys=0.00s Real=0.04s
[526.525s][info][gc,start       ] GC(614) Pause Young (Allocation Failure)
[526.562s][info][gc,heap        ] GC(614) PSYoungGen: 255172K(280576K)->28616K(283136K) Eden: 232960K(232960K)->0K(237568K) From: 22212K(47616K)->28616K(45568K)
[526.562s][info][gc,heap        ] GC(614) ParOldGen: 100969K(197120K)->123101K(197120K)
[526.562s][info][gc,metaspace   ] GC(614) Metaspace: 43165K(43520K)->43165K(43520K) NonClass: 38818K(39040K)->38818K(39040K) Class: 4347K(4480K)->4347K(4480K)
[526.562s][info][gc             ] GC(614) Pause Young (Allocation Failure) 347M->148M(469M) 37.024ms
[526.562s][info][gc,cpu         ] GC(614) User=0.07s Sys=0.00s Real=0.04s
[527.490s][info][gc,start       ] GC(615) Pause Young (Allocation Failure)
[527.538s][info][gc,heap        ] GC(615) PSYoungGen: 266184K(283136K)->13855K(283648K) Eden: 237568K(237568K)->0K(237568K) From: 28616K(45568K)->13855K(46080K)
[527.538s][info][gc,heap        ] GC(615) ParOldGen: 123101K(197120K)->143751K(197120K)
[527.538s][info][gc,metaspace   ] GC(615) Metaspace: 43165K(43520K)->43165K(43520K) NonClass: 38818K(39040K)->38818K(39040K) Class: 4347K(4480K)->4347K(4480K)
[527.538s][info][gc             ] GC(615) Pause Young (Allocation Failure) 380M->153M(469M) 48.180ms
[527.538s][info][gc,cpu         ] GC(615) User=0.05s Sys=0.00s Real=0.04s
[528.358s][info][gc,start       ] GC(616) Pause Young (Allocation Failure)
[528.372s][info][gc,heap        ] GC(616) PSYoungGen: 251423K(283648K)->18268K(284160K) Eden: 237568K(237568K)->0K(242688K) From: 13855K(46080K)->18268K(41472K)
[528.372s][info][gc,heap        ] GC(616) ParOldGen: 143751K(197120K)->144543K(197120K)
[528.372s][info][gc,metaspace   ] GC(616) Metaspace: 43165K(43520K)->43165K(43520K) NonClass: 38818K(39040K)->38818K(39040K) Class: 4347K(4480K)->4347K(4480K)
[528.372s][info][gc             ] GC(616) Pause Young (Allocation Failure) 385M->158M(470M) 14.668ms
[528.372s][info][gc,cpu         ] GC(616) User=0.03s Sys=0.00s Real=0.02s
[529.221s][info][gc,start       ] GC(617) Pause Young (Allocation Failure)
[529.224s][info][gc,heap        ] GC(617) PSYoungGen: 260956K(284160K)->1392K(285696K) Eden: 242688K(242688K)->0K(242688K) From: 18268K(41472K)->1392K(43008K)
[529.224s][info][gc,heap        ] GC(617) ParOldGen: 144543K(197120K)->145751K(197120K)
[529.224s][info][gc,metaspace   ] GC(617) Metaspace: 43181K(43520K)->43181K(43520K) NonClass: 38833K(39040K)->38833K(39040K) Class: 4347K(4480K)->4347K(4480K)
[529.224s][info][gc             ] GC(617) Pause Young (Allocation Failure) 395M->143M(471M) 3.457ms
[529.224s][info][gc,cpu         ] GC(617) User=0.00s Sys=0.00s Real=0.00s
[529.928s][info][gc,start       ] GC(618) Pause Young (Allocation Failure)
[529.933s][info][gc,heap        ] GC(618) PSYoungGen: 244080K(285696K)->5990K(290304K) Eden: 242688K(242688K)->0K(247296K) From: 1392K(43008K)->5990K(43008K)
[529.933s][info][gc,heap        ] GC(618) ParOldGen: 145751K(197120K)->147015K(197120K)
[529.933s][info][gc,metaspace   ] GC(618) Metaspace: 43181K(43520K)->43181K(43520K) NonClass: 38833K(39040K)->38833K(39040K) Class: 4347K(4480K)->4347K(4480K)
[529.933s][info][gc             ] GC(618) Pause Young (Allocation Failure) 380M->149M(476M) 5.294ms
[529.933s][info][gc,cpu         ] GC(618) User=0.01s Sys=0.00s Real=0.01s
[530.851s][info][gc,start       ] GC(619) Pause Young (Allocation Failure)
[530.888s][info][gc,heap        ] GC(619) PSYoungGen: 253286K(290304K)->27662K(275456K) Eden: 247296K(247296K)->0K(247296K) From: 5990K(43008K)->27662K(28160K)
[530.888s][info][gc,heap        ] GC(619) ParOldGen: 147015K(197120K)->148039K(197120K)
[530.888s][info][gc,metaspace   ] GC(619) Metaspace: 43181K(43520K)->43181K(43520K) NonClass: 38833K(39040K)->38833K(39040K) Class: 4347K(4480K)->4347K(4480K)
[530.888s][info][gc             ] GC(619) Pause Young (Allocation Failure) 390M->171M(461M) 36.487ms
[530.888s][info][gc,cpu         ] GC(619) User=0.04s Sys=0.00s Real=0.03s
[531.813s][info][gc,start       ] GC(620) Pause Young (Allocation Failure)
[531.817s][info][gc,heap        ] GC(620) PSYoungGen: 274958K(275456K)->1568K(289280K) Eden: 247296K(247296K)->0K(244736K) From: 27662K(28160K)->1568K(44544K)
[531.817s][info][gc,heap        ] GC(620) ParOldGen: 148039K(197120K)->148839K(197120K)
[531.817s][info][gc,metaspace   ] GC(620) Metaspace: 43181K(43520K)->43181K(43520K) NonClass: 38834K(39040K)->38834K(39040K) Class: 4347K(4480K)->4347K(4480K)
[531.817s][info][gc             ] GC(620) Pause Young (Allocation Failure) 413M->146M(475M) 3.242ms
[531.817s][info][gc,cpu         ] GC(620) User=0.01s Sys=0.00s Real=0.00s
[532.534s][info][gc,start       ] GC(621) Pause Young (Allocation Failure)
[532.540s][info][gc,heap        ] GC(621) PSYoungGen: 246304K(289280K)->6244K(251392K) Eden: 244736K(244736K)->0K(244736K) From: 1568K(44544K)->6244K(6656K)
[532.540s][info][gc,heap        ] GC(621) ParOldGen: 148839K(197120K)->149975K(197120K)
[532.540s][info][gc,metaspace   ] GC(621) Metaspace: 43181K(43520K)->43181K(43520K) NonClass: 38834K(39040K)->38834K(39040K) Class: 4347K(4480K)->4347K(4480K)
[532.540s][info][gc             ] GC(621) Pause Young (Allocation Failure) 385M->152M(438M) 5.950ms
[532.540s][info][gc,cpu         ] GC(621) User=0.01s Sys=0.00s Real=0.01s
[533.325s][info][gc,start       ] GC(622) Pause Young (Allocation Failure)
[533.329s][info][gc,heap        ] GC(622) PSYoungGen: 250980K(251392K)->5220K(289280K) Eden: 244736K(244736K)->0K(245760K) From: 6244K(6656K)->5220K(43520K)
[533.329s][info][gc,heap        ] GC(622) ParOldGen: 149975K(197120K)->150855K(197120K)
[533.329s][info][gc,metaspace   ] GC(622) Metaspace: 43181K(43520K)->43181K(43520K) NonClass: 38834K(39040K)->38834K(39040K) Class: 4347K(4480K)->4347K(4480K)
[533.329s][info][gc             ] GC(622) Pause Young (Allocation Failure) 391M->152M(475M) 4.594ms
[533.329s][info][gc,cpu         ] GC(622) User=0.01s Sys=0.00s Real=0.00s
[534.110s][info][gc,start       ] GC(623) Pause Young (Allocation Failure)
[534.133s][info][gc,heap        ] GC(623) PSYoungGen: 250980K(289280K)->11197K(288256K) Eden: 245760K(245760K)->0K(245760K) From: 5220K(43520K)->11197K(42496K)
[534.133s][info][gc,heap        ] GC(623) ParOldGen: 150855K(197120K)->151871K(197120K)
[534.133s][info][gc,metaspace   ] GC(623) Metaspace: 43181K(43520K)->43181K(43520K) NonClass: 38834K(39040K)->38834K(39040K) Class: 4347K(4480K)->4347K(4480K)
[534.133s][info][gc             ] GC(623) Pause Young (Allocation Failure) 392M->159M(474M) 22.848ms
[534.133s][info][gc,cpu         ] GC(623) User=0.02s Sys=0.00s Real=0.02s
[534.878s][info][gc,start       ] GC(624) Pause Young (Allocation Failure)
[534.907s][info][gc,heap        ] GC(624) PSYoungGen: 256957K(288256K)->36675K(282112K) Eden: 245760K(245760K)->0K(241664K) From: 11197K(42496K)->36675K(40448K)
[534.907s][info][gc,heap        ] GC(624) ParOldGen: 151871K(197120K)->152815K(197120K)
[534.907s][info][gc,metaspace   ] GC(624) Metaspace: 43181K(43520K)->43181K(43520K) NonClass: 38834K(39040K)->38834K(39040K) Class: 4347K(4480K)->4347K(4480K)
[534.907s][info][gc             ] GC(624) Pause Young (Allocation Failure) 399M->185M(468M) 28.290ms
[534.907s][info][gc,cpu         ] GC(624) User=0.05s Sys=0.00s Real=0.03s
[536.012s][info][gc,start       ] GC(625) Pause Young (Allocation Failure)
[536.056s][info][gc,heap        ] GC(625) PSYoungGen: 278339K(282112K)->20460K(287744K) Eden: 241664K(241664K)->0K(241664K) From: 36675K(40448K)->20460K(46080K)
[536.056s][info][gc,heap        ] GC(625) ParOldGen: 152815K(197120K)->173394K(197120K)
[536.056s][info][gc,metaspace   ] GC(625) Metaspace: 43181K(43520K)->43181K(43520K) NonClass: 38834K(39040K)->38834K(39040K) Class: 4347K(4480K)->4347K(4480K)
[536.056s][info][gc             ] GC(625) Pause Young (Allocation Failure) 421M->189M(473M) 44.451ms
[536.056s][info][gc,cpu         ] GC(625) User=0.08s Sys=0.00s Real=0.04s
[536.999s][info][gc,start       ] GC(626) Pause Young (Allocation Failure)
[537.051s][info][gc,heap        ] GC(626) PSYoungGen: 262124K(287744K)->30358K(284160K) Eden: 241664K(241664K)->0K(239616K) From: 20460K(46080K)->30358K(44544K)
[537.051s][info][gc,heap        ] GC(626) ParOldGen: 173394K(197120K)->193609K(197120K)
[537.051s][info][gc,metaspace   ] GC(626) Metaspace: 43181K(43520K)->43181K(43520K) NonClass: 38834K(39040K)->38834K(39040K) Class: 4347K(4480K)->4347K(4480K)
[537.051s][info][gc             ] GC(626) Pause Young (Allocation Failure) 425M->218M(470M) 52.681ms
[537.051s][info][gc,cpu         ] GC(626) User=0.10s Sys=0.00s Real=0.06s
[537.700s][info][gc,start       ] GC(627) Pause Young (Allocation Failure)
[537.752s][info][gc,heap        ] GC(627) PSYoungGen: 269974K(284160K)->34033K(273920K) Eden: 239616K(239616K)->0K(239616K) From: 30358K(44544K)->34033K(34304K)
[537.752s][info][gc,heap        ] GC(627) ParOldGen: 193609K(197120K)->217627K(218112K)
[537.752s][info][gc,metaspace   ] GC(627) Metaspace: 43181K(43520K)->43181K(43520K) NonClass: 38834K(39040K)->38834K(39040K) Class: 4347K(4480K)->4347K(4480K)
[537.752s][info][gc             ] GC(627) Pause Young (Allocation Failure) 452M->245M(480M) 52.004ms
[537.752s][info][gc,cpu         ] GC(627) User=0.09s Sys=0.02s Real=0.05s
[538.496s][info][gc,start       ] GC(628) Pause Young (Allocation Failure)
[538.520s][info][gc,heap        ] GC(628) PSYoungGen: 273649K(273920K)->24913K(284672K) Eden: 239616K(239616K)->0K(234496K) From: 34033K(34304K)->24913K(50176K)
[538.520s][info][gc,heap        ] GC(628) ParOldGen: 217627K(218112K)->227575K(227840K)
[538.520s][info][gc,metaspace   ] GC(628) Metaspace: 43181K(43520K)->43181K(43520K) NonClass: 38834K(39040K)->38834K(39040K) Class: 4347K(4480K)->4347K(4480K)
[538.520s][info][gc             ] GC(628) Pause Young (Allocation Failure) 479M->246M(500M) 24.357ms
[538.520s][info][gc,cpu         ] GC(628) User=0.04s Sys=0.01s Real=0.03s
[539.229s][info][gc,start       ] GC(629) Pause Young (Allocation Failure)
[539.250s][info][gc,heap        ] GC(629) PSYoungGen: 259409K(284672K)->34906K(269824K) Eden: 234496K(234496K)->0K(234496K) From: 24913K(50176K)->34906K(35328K)
[539.250s][info][gc,heap        ] GC(629) ParOldGen: 227575K(227840K)->228067K(228352K)
[539.250s][info][gc,metaspace   ] GC(629) Metaspace: 43181K(43520K)->43181K(43520K) NonClass: 38834K(39040K)->38834K(39040K) Class: 4347K(4480K)->4347K(4480K)
[539.250s][info][gc             ] GC(629) Pause Young (Allocation Failure) 475M->256M(486M) 21.040ms
[539.250s][info][gc,cpu         ] GC(629) User=0.04s Sys=0.00s Real=0.02s
[540.023s][info][gc,start       ] GC(630) Pause Young (Allocation Failure)
[540.030s][info][gc,heap        ] GC(630) PSYoungGen: 269402K(269824K)->7876K(283136K) Eden: 234496K(234496K)->0K(231424K) From: 34906K(35328K)->7876K(51712K)
[540.030s][info][gc,heap        ] GC(630) ParOldGen: 228067K(228352K)->228818K(228864K)
[540.030s][info][gc,metaspace   ] GC(630) Metaspace: 43181K(43520K)->43181K(43520K) NonClass: 38834K(39040K)->38834K(39040K) Class: 4347K(4480K)->4347K(4480K)
[540.030s][info][gc             ] GC(630) Pause Young (Allocation Failure) 485M->231M(500M) 7.228ms
[540.030s][info][gc,cpu         ] GC(630) User=0.01s Sys=0.01s Real=0.01s
[540.770s][info][gc,start       ] GC(631) Pause Young (Allocation Failure)
[540.784s][info][gc,heap        ] GC(631) PSYoungGen: 239300K(283136K)->19592K(251392K) Eden: 231424K(231424K)->0K(231424K) From: 7876K(51712K)->19592K(19968K)
[540.784s][info][gc,heap        ] GC(631) ParOldGen: 228818K(228864K)->229484K(229888K)
[540.784s][info][gc,metaspace   ] GC(631) Metaspace: 43181K(43520K)->43181K(43520K) NonClass: 38834K(39040K)->38834K(39040K) Class: 4347K(4480K)->4347K(4480K)
[540.784s][info][gc             ] GC(631) Pause Young (Allocation Failure) 457M->243M(470M) 13.945ms
[540.784s][info][gc,cpu         ] GC(631) User=0.02s Sys=0.00s Real=0.02s
[541.550s][info][gc,start       ] GC(632) Pause Young (Allocation Failure)
[541.585s][info][gc,heap        ] GC(632) PSYoungGen: 251016K(251392K)->48120K(264192K) Eden: 231424K(231424K)->0K(216064K) From: 19592K(19968K)->48120K(48128K)
[541.585s][info][gc,heap        ] GC(632) ParOldGen: 229484K(229888K)->238567K(238592K)
[541.585s][info][gc,metaspace   ] GC(632) Metaspace: 43182K(43520K)->43182K(43520K) NonClass: 38834K(39040K)->38834K(39040K) Class: 4347K(4480K)->4347K(4480K)
[541.585s][info][gc             ] GC(632) Pause Young (Allocation Failure) 469M->279M(491M) 35.428ms
[541.585s][info][gc,cpu         ] GC(632) User=0.06s Sys=0.01s Real=0.04s
[542.269s][info][gc,start       ] GC(633) Pause Young (Allocation Failure)
[542.331s][info][gc,heap        ] GC(633) PSYoungGen: 264184K(264192K)->34614K(250880K) Eden: 216064K(216064K)->0K(216064K) From: 48120K(48128K)->34614K(34816K)
[542.331s][info][gc,heap        ] GC(633) ParOldGen: 238567K(238592K)->282030K(282112K)
[542.331s][info][gc,metaspace   ] GC(633) Metaspace: 43182K(43520K)->43182K(43520K) NonClass: 38834K(39040K)->38834K(39040K) Class: 4347K(4480K)->4347K(4480K)
[542.331s][info][gc             ] GC(633) Pause Young (Allocation Failure) 490M->309M(520M) 61.829ms
[542.331s][info][gc,cpu         ] GC(633) User=0.09s Sys=0.03s Real=0.07s
[543.021s][info][gc,start       ] GC(634) Pause Young (Allocation Failure)
[543.054s][info][gc,heap        ] GC(634) PSYoungGen: 250678K(250880K)->11222K(275456K) Eden: 216064K(216064K)->0K(216064K) From: 34614K(34816K)->11222K(59392K)
[543.054s][info][gc,heap        ] GC(634) ParOldGen: 282030K(282112K)->307751K(308224K)
[543.054s][info][gc,metaspace   ] GC(634) Metaspace: 43182K(43520K)->43182K(43520K) NonClass: 38834K(39040K)->38834K(39040K) Class: 4347K(4480K)->4347K(4480K)
[543.054s][info][gc             ] GC(634) Pause Young (Allocation Failure) 520M->311M(570M) 33.060ms
[543.054s][info][gc,cpu         ] GC(634) User=0.05s Sys=0.01s Real=0.03s
[543.771s][info][gc,start       ] GC(635) Pause Young (Allocation Failure)
[543.781s][info][gc,heap        ] GC(635) PSYoungGen: 227286K(275456K)->11308K(227840K) Eden: 216064K(216064K)->0K(216064K) From: 11222K(59392K)->11308K(11776K)
[543.781s][info][gc,heap        ] GC(635) ParOldGen: 307751K(308224K)->308558K(308736K)
[543.781s][info][gc,metaspace   ] GC(635) Metaspace: 43182K(43520K)->43182K(43520K) NonClass: 38834K(39040K)->38834K(39040K) Class: 4347K(4480K)->4347K(4480K)
[543.781s][info][gc             ] GC(635) Pause Young (Allocation Failure) 522M->312M(524M) 9.208ms
[543.781s][info][gc,cpu         ] GC(635) User=0.02s Sys=0.00s Real=0.01s
[544.477s][info][gc,start       ] GC(636) Pause Young (Allocation Failure)
[544.486s][info][gc,heap        ] GC(636) PSYoungGen: 227372K(227840K)->9495K(273920K) Eden: 216064K(216064K)->0K(217088K) From: 11308K(11776K)->9495K(56832K)
[544.486s][info][gc,heap        ] GC(636) ParOldGen: 308558K(308736K)->309634K(309760K)
[544.486s][info][gc,metaspace   ] GC(636) Metaspace: 43182K(43520K)->43182K(43520K) NonClass: 38834K(39040K)->38834K(39040K) Class: 4347K(4480K)->4347K(4480K)
[544.486s][info][gc             ] GC(636) Pause Young (Allocation Failure) 523M->311M(570M) 8.232ms
[544.486s][info][gc,cpu         ] GC(636) User=0.02s Sys=0.00s Real=0.01s
[545.190s][info][gc,start       ] GC(637) Pause Young (Allocation Failure)
[545.194s][info][gc,heap        ] GC(637) PSYoungGen: 226583K(273920K)->2914K(272896K) Eden: 217088K(217088K)->0K(217088K) From: 9495K(56832K)->2914K(55808K)
[545.194s][info][gc,heap        ] GC(637) ParOldGen: 309634K(309760K)->310151K(310272K)
[545.194s][info][gc,metaspace   ] GC(637) Metaspace: 43182K(43520K)->43182K(43520K) NonClass: 38834K(39040K)->38834K(39040K) Class: 4347K(4480K)->4347K(4480K)
[545.194s][info][gc             ] GC(637) Pause Young (Allocation Failure) 523M->305M(569M) 4.016ms
[545.194s][info][gc,cpu         ] GC(637) User=0.01s Sys=0.00s Real=0.00s
[545.829s][info][gc,start       ] GC(638) Pause Young (Allocation Failure)
[545.842s][info][gc,heap        ] GC(638) PSYoungGen: 220002K(272896K)->21707K(274432K) Eden: 217088K(217088K)->0K(222720K) From: 2914K(55808K)->21707K(51712K)
[545.842s][info][gc,heap        ] GC(638) ParOldGen: 310151K(310272K)->310590K(310784K)
[545.842s][info][gc,metaspace   ] GC(638) Metaspace: 43182K(43520K)->43182K(43520K) NonClass: 38834K(39040K)->38834K(39040K) Class: 4347K(4480K)->4347K(4480K)
[545.842s][info][gc             ] GC(638) Pause Young (Allocation Failure) 517M->324M(571M) 13.366ms
[545.842s][info][gc,cpu         ] GC(638) User=0.02s Sys=0.00s Real=0.02s
[546.487s][info][gc,start       ] GC(639) Pause Young (Allocation Failure)
[546.506s][info][gc,heap        ] GC(639) PSYoungGen: 244427K(274432K)->989K(275456K) Eden: 222720K(222720K)->0K(222720K) From: 21707K(51712K)->989K(52736K)
[546.506s][info][gc,heap        ] GC(639) ParOldGen: 310590K(310784K)->331227K(331264K)
[546.506s][info][gc,metaspace   ] GC(639) Metaspace: 43182K(43520K)->43182K(43520K) NonClass: 38834K(39040K)->38834K(39040K) Class: 4347K(4480K)->4347K(4480K)
[546.506s][info][gc             ] GC(639) Pause Young (Allocation Failure) 542M->324M(592M) 19.931ms
[546.506s][info][gc,cpu         ] GC(639) User=0.02s Sys=0.01s Real=0.02s
[547.034s][info][gc,start       ] GC(640) Pause Young (Allocation Failure)
[547.039s][info][gc,heap        ] GC(640) PSYoungGen: 223709K(275456K)->5127K(278016K) Eden: 222720K(222720K)->0K(228352K) From: 989K(52736K)->5127K(49664K)
[547.039s][info][gc,heap        ] GC(640) ParOldGen: 331227K(331264K)->331267K(331776K)
[547.039s][info][gc,metaspace   ] GC(640) Metaspace: 43182K(43520K)->43182K(43520K) NonClass: 38834K(39040K)->38834K(39040K) Class: 4347K(4480K)->4347K(4480K)
[547.039s][info][gc             ] GC(640) Pause Young (Allocation Failure) 541M->328M(595M) 5.079ms
[547.039s][info][gc,cpu         ] GC(640) User=0.01s Sys=0.00s Real=0.00s
[547.409s][info][gc,start       ] GC(641) Pause Young (Allocation Failure)
[547.414s][info][gc,heap        ] GC(641) PSYoungGen: 233479K(278016K)->3022K(279552K) Eden: 228352K(228352K)->0K(228352K) From: 5127K(49664K)->3022K(51200K)
[547.414s][info][gc,heap        ] GC(641) ParOldGen: 331267K(331776K)->333090K(333312K)
[547.414s][info][gc,metaspace   ] GC(641) Metaspace: 43182K(43520K)->43182K(43520K) NonClass: 38834K(39040K)->38834K(39040K) Class: 4347K(4480K)->4347K(4480K)
[547.414s][info][gc             ] GC(641) Pause Young (Allocation Failure) 551M->328M(598M) 4.956ms
[547.414s][info][gc,cpu         ] GC(641) User=0.01s Sys=0.00s Real=0.01s
[547.801s][info][gc,start       ] GC(642) Pause Young (Allocation Failure)
[547.809s][info][gc,heap        ] GC(642) PSYoungGen: 229877K(279552K)->10157K(276992K) Eden: 226854K(228352K)->0K(232448K) From: 3022K(51200K)->10157K(44544K)
[547.809s][info][gc,heap        ] GC(642) ParOldGen: 333090K(333312K)->333342K(333824K)
[547.809s][info][gc,metaspace   ] GC(642) Metaspace: 43182K(43520K)->43182K(43520K) NonClass: 38834K(39040K)->38834K(39040K) Class: 4347K(4480K)->4347K(4480K)
[547.809s][info][gc             ] GC(642) Pause Young (Allocation Failure) 549M->335M(596M) 7.696ms
[547.809s][info][gc,cpu         ] GC(642) User=0.01s Sys=0.00s Real=0.00s
[548.081s][info][gc,start       ] GC(643) Pause Young (Allocation Failure)
[548.093s][info][gc,heap        ] GC(643) PSYoungGen: 241345K(276992K)->1989K(280064K) Eden: 231187K(232448K)->0K(232448K) From: 10157K(44544K)->1989K(47616K)
[548.093s][info][gc,heap        ] GC(643) ParOldGen: 333342K(333824K)->343292K(343552K)
[548.093s][info][gc,metaspace   ] GC(643) Metaspace: 43182K(43520K)->43182K(43520K) NonClass: 38834K(39040K)->38834K(39040K) Class: 4347K(4480K)->4347K(4480K)
[548.093s][info][gc             ] GC(643) Pause Young (Allocation Failure) 561M->337M(609M) 11.984ms
[548.093s][info][gc,cpu         ] GC(643) User=0.01s Sys=0.01s Real=0.01s
[548.372s][info][gc,start       ] GC(644) Pause Young (Allocation Failure)
[548.379s][info][gc,heap        ] GC(644) PSYoungGen: 234437K(280064K)->2644K(282624K) Eden: 232448K(232448K)->0K(240128K) From: 1989K(47616K)->2644K(42496K)
[548.379s][info][gc,heap        ] GC(644) ParOldGen: 343292K(343552K)->345234K(345600K)
[548.379s][info][gc,metaspace   ] GC(644) Metaspace: 43182K(43520K)->43182K(43520K) NonClass: 38834K(39040K)->38834K(39040K) Class: 4347K(4480K)->4347K(4480K)
[548.379s][info][gc             ] GC(644) Pause Young (Allocation Failure) 564M->339M(613M) 6.711ms
[548.379s][info][gc,cpu         ] GC(644) User=0.02s Sys=0.00s Real=0.00s
[548.675s][info][gc,start       ] GC(645) Pause Young (Allocation Failure)
[548.683s][info][gc,heap        ] GC(645) PSYoungGen: 241556K(282624K)->4145K(285184K) Eden: 238912K(240128K)->0K(240128K) From: 2644K(42496K)->4145K(45056K)
[548.683s][info][gc,heap        ] GC(645) ParOldGen: 345234K(345600K)->347881K(348160K)
[548.683s][info][gc,metaspace   ] GC(645) Metaspace: 43182K(43520K)->43182K(43520K) NonClass: 38834K(39040K)->38834K(39040K) Class: 4347K(4480K)->4347K(4480K)
[548.683s][info][gc             ] GC(645) Pause Young (Allocation Failure) 573M->343M(618M) 8.400ms
[548.683s][info][gc,cpu         ] GC(645) User=0.02s Sys=0.00s Real=0.01s
[548.996s][info][gc,start       ] GC(646) Pause Young (Allocation Failure)
[549.010s][info][gc,heap        ] GC(646) PSYoungGen: 244273K(285184K)->7571K(283136K) Eden: 240128K(240128K)->0K(245760K) From: 4145K(45056K)->7571K(37376K)
[549.010s][info][gc,heap        ] GC(646) ParOldGen: 347881K(348160K)->351946K(352256K)
[549.010s][info][gc,metaspace   ] GC(646) Metaspace: 43182K(43520K)->43182K(43520K) NonClass: 38834K(39040K)->38834K(39040K) Class: 4347K(4480K)->4347K(4480K)
[549.010s][info][gc             ] GC(646) Pause Young (Allocation Failure) 578M->351M(620M) 13.885ms
[549.010s][info][gc,cpu         ] GC(646) User=0.02s Sys=0.01s Real=0.02s
[549.320s][info][gc,start       ] GC(647) Pause Young (Allocation Failure)
[549.336s][info][gc,heap        ] GC(647) PSYoungGen: 253331K(283136K)->5143K(286208K) Eden: 245760K(245760K)->0K(245760K) From: 7571K(37376K)->5143K(40448K)
[549.336s][info][gc,heap        ] GC(647) ParOldGen: 351946K(352256K)->359653K(359936K)
[549.336s][info][gc,metaspace   ] GC(647) Metaspace: 43182K(43520K)->43182K(43520K) NonClass: 38834K(39040K)->38834K(39040K) Class: 4347K(4480K)->4347K(4480K)
[549.336s][info][gc             ] GC(647) Pause Young (Allocation Failure) 591M->356M(631M) 15.912ms
[549.336s][info][gc,cpu         ] GC(647) User=0.03s Sys=0.01s Real=0.01s
[549.752s][info][gc,start       ] GC(648) Pause Young (Allocation Failure)
[549.770s][info][gc,heap        ] GC(648) PSYoungGen: 250903K(286208K)->13386K(289280K) Eden: 245760K(245760K)->0K(254976K) From: 5143K(40448K)->13386K(34304K)
[549.770s][info][gc,heap        ] GC(648) ParOldGen: 359653K(359936K)->364753K(365056K)
[549.770s][info][gc,metaspace   ] GC(648) Metaspace: 43182K(43520K)->43182K(43520K) NonClass: 38834K(39040K)->38834K(39040K) Class: 4347K(4480K)->4347K(4480K)
[549.770s][info][gc             ] GC(648) Pause Young (Allocation Failure) 596M->369M(639M) 18.261ms
[549.770s][info][gc,cpu         ] GC(648) User=0.03s Sys=0.01s Real=0.02s
[550.306s][info][gc,start       ] GC(649) Pause Young (Allocation Failure)
[550.326s][info][gc,heap        ] GC(649) PSYoungGen: 268362K(289280K)->6506K(291840K) Eden: 254976K(254976K)->0K(254976K) From: 13386K(34304K)->6506K(36864K)
[550.326s][info][gc,heap        ] GC(649) ParOldGen: 364753K(365056K)->377742K(377856K)
[550.326s][info][gc,metaspace   ] GC(649) Metaspace: 43192K(43520K)->43192K(43520K) NonClass: 38844K(39040K)->38844K(39040K) Class: 4347K(4480K)->4347K(4480K)
[550.326s][info][gc             ] GC(649) Pause Young (Allocation Failure) 618M->375M(654M) 20.479ms
[550.326s][info][gc,cpu         ] GC(649) User=0.03s Sys=0.01s Real=0.02s
[550.872s][info][gc,start       ] GC(650) Pause Young (Allocation Failure)
[550.876s][info][gc,heap        ] GC(650) PSYoungGen: 261482K(291840K)->1472K(295424K) Eden: 254976K(254976K)->0K(262144K) From: 6506K(36864K)->1472K(33280K)
[550.876s][info][gc,heap        ] GC(650) ParOldGen: 377742K(377856K)->379723K(379904K)
[550.876s][info][gc,metaspace   ] GC(650) Metaspace: 43192K(43520K)->43192K(43520K) NonClass: 38844K(39040K)->38844K(39040K) Class: 4347K(4480K)->4347K(4480K)
[550.876s][info][gc             ] GC(650) Pause Young (Allocation Failure) 624M->372M(659M) 4.285ms
[550.876s][info][gc,cpu         ] GC(650) User=0.01s Sys=0.00s Real=0.00s
[551.432s][info][gc,start       ] GC(651) Pause Young (Allocation Failure)
[551.438s][info][gc,heap        ] GC(651) PSYoungGen: 263616K(295424K)->5849K(296448K) Eden: 262144K(262144K)->0K(262144K) From: 1472K(33280K)->5849K(34304K)
[551.438s][info][gc,heap        ] GC(651) ParOldGen: 379723K(379904K)->379731K(379904K)
[551.438s][info][gc,metaspace   ] GC(651) Metaspace: 43192K(43520K)->43192K(43520K) NonClass: 38844K(39040K)->38844K(39040K) Class: 4347K(4480K)->4347K(4480K)
[551.438s][info][gc             ] GC(651) Pause Young (Allocation Failure) 628M->376M(660M) 5.636ms
[551.438s][info][gc,cpu         ] GC(651) User=0.01s Sys=0.01s Real=0.00s
[552.043s][info][gc,start       ] GC(652) Pause Young (Allocation Failure)
[552.046s][info][gc,heap        ] GC(652) PSYoungGen: 267993K(296448K)->2985K(298496K) Eden: 262144K(262144K)->0K(267264K) From: 5849K(34304K)->2985K(31232K)
[552.046s][info][gc,heap        ] GC(652) ParOldGen: 379731K(379904K)->379779K(379904K)
[552.046s][info][gc,metaspace   ] GC(652) Metaspace: 43192K(43520K)->43192K(43520K) NonClass: 38844K(39040K)->38844K(39040K) Class: 4347K(4480K)->4347K(4480K)
[552.046s][info][gc             ] GC(652) Pause Young (Allocation Failure) 632M->373M(662M) 2.899ms
[552.046s][info][gc,cpu         ] GC(652) User=0.00s Sys=0.00s Real=0.00s
[552.713s][info][gc,start       ] GC(653) Pause Young (Allocation Failure)
[552.718s][info][gc,heap        ] GC(653) PSYoungGen: 270249K(298496K)->5364K(298496K) Eden: 267264K(267264K)->0K(267264K) From: 2985K(31232K)->5364K(31232K)
[552.718s][info][gc,heap        ] GC(653) ParOldGen: 379779K(379904K)->381105K(381440K)
[552.718s][info][gc,metaspace   ] GC(653) Metaspace: 43192K(43520K)->43192K(43520K) NonClass: 38844K(39040K)->38844K(39040K) Class: 4347K(4480K)->4347K(4480K)
[552.718s][info][gc             ] GC(653) Pause Young (Allocation Failure) 634M->377M(664M) 5.473ms
[552.719s][info][gc,cpu         ] GC(653) User=0.01s Sys=0.01s Real=0.00s
[554.018s][info][gc,start       ] GC(654) Pause Young (Allocation Failure)
[554.033s][info][gc,heap        ] GC(654) PSYoungGen: 272628K(298496K)->14474K(300032K) Eden: 267264K(267264K)->0K(270848K) From: 5364K(31232K)->14474K(29184K)
[554.033s][info][gc,heap        ] GC(654) ParOldGen: 381105K(381440K)->383571K(384000K)
[554.033s][info][gc,metaspace   ] GC(654) Metaspace: 43199K(43584K)->43199K(43584K) NonClass: 38852K(39104K)->38852K(39104K) Class: 4347K(4480K)->4347K(4480K)
[554.033s][info][gc             ] GC(654) Pause Young (Allocation Failure) 638M->388M(668M) 15.169ms
[554.033s][info][gc,cpu         ] GC(654) User=0.03s Sys=0.00s Real=0.02s
[554.622s][info][gc,start       ] GC(655) Pause Young (Allocation Failure)
[554.669s][info][gc,heap        ] GC(655) PSYoungGen: 285322K(300032K)->29676K(300544K) Eden: 270848K(270848K)->0K(270848K) From: 14474K(29184K)->29676K(29696K)
[554.669s][info][gc,heap        ] GC(655) ParOldGen: 383571K(384000K)->398783K(398848K)
[554.669s][info][gc,metaspace   ] GC(655) Metaspace: 43199K(43584K)->43199K(43584K) NonClass: 38852K(39104K)->38852K(39104K) Class: 4347K(4480K)->4347K(4480K)
[554.669s][info][gc             ] GC(655) Pause Young (Allocation Failure) 653M->418M(683M) 46.677ms
[554.669s][info][gc,cpu         ] GC(655) User=0.08s Sys=0.00s Real=0.04s
[555.211s][info][gc,start       ] GC(656) Pause Young (Allocation Failure)
[555.278s][info][gc,heap        ] GC(656) PSYoungGen: 300524K(300544K)->28184K(279040K) Eden: 270848K(270848K)->0K(245760K) From: 29676K(29696K)->28184K(33280K)
[555.278s][info][gc,heap        ] GC(656) ParOldGen: 398783K(398848K)->428635K(429056K)
[555.278s][info][gc,metaspace   ] GC(656) Metaspace: 43199K(43584K)->43199K(43584K) NonClass: 38852K(39104K)->38852K(39104K) Class: 4347K(4480K)->4347K(4480K)
[555.278s][info][gc             ] GC(656) Pause Young (Allocation Failure) 682M->446M(691M) 66.540ms
[555.278s][info][gc,cpu         ] GC(656) User=0.11s Sys=0.01s Real=0.06s
[555.590s][info][gc,heap,exit   ] Heap
[555.590s][info][gc,heap,exit   ]  PSYoungGen      total 279040K, used 143073K [0x00000000eba00000, 0x0000000100000000, 0x0000000100000000)
[555.590s][info][gc,heap,exit   ]   eden space 245760K, 46% used [0x00000000eba00000,0x00000000f2a327a0,0x00000000faa00000)
[555.590s][info][gc,heap,exit   ]   from space 33280K, 84% used [0x00000000fdf80000,0x00000000ffb06000,0x0000000100000000)
[555.590s][info][gc,heap,exit   ]   to   space 44032K, 0% used [0x00000000faa00000,0x00000000faa00000,0x00000000fd500000)
[555.590s][info][gc,heap,exit   ]  ParOldGen       total 429056K, used 428635K [0x00000000c2e00000, 0x00000000dd100000, 0x00000000eba00000)
[555.590s][info][gc,heap,exit   ]   object space 429056K, 99% used [0x00000000c2e00000,0x00000000dd096e08,0x00000000dd100000)
[555.590s][info][gc,heap,exit   ]  Metaspace       used 43332K, committed 43712K, reserved 1114112K
[555.590s][info][gc,heap,exit   ]   class space    used 4373K, committed 4480K, reserved 1048576K
