[0.002s][info][metaspace]  - commit_granule_bytes: 65536.
[0.002s][info][metaspace]  - commit_granule_words: 8192.
[0.002s][info][metaspace]  - virtual_space_node_default_size: 8388608.
[0.002s][info][metaspace]  - enlarge_chunks_in_place: 1.
[0.005s][info][gc,init  ] CardTable entry size: 512
[0.005s][info][gc       ] Using Parallel
[0.005s][info][gc,init  ] Version: 24-internal-adhoc.root.jdk (release)
[0.005s][info][gc,init  ] CPUs: 2 total, 2 available
[0.005s][info][gc,init  ] Memory: 3908M
[0.005s][info][gc,init  ] Large Page Support: Disabled
[0.005s][info][gc,init  ] NUMA Support: Disabled
[0.005s][info][gc,init  ] Compressed Oops: Enabled (32-bit)
[0.005s][info][gc,init  ] Alignments: Space 512K, Generation 512K, Heap 2M
[0.005s][info][gc,init  ] Heap Min Capacity: 256M
[0.005s][info][gc,init  ] Heap Initial Capacity: 256M
[0.005s][info][gc,init  ] Heap Max Capacity: 978M
[0.005s][info][gc,init  ] Pre-touch: Disabled
[0.005s][info][gc,init  ] Parallel Workers: 2
[0.019s][info][gc,metaspace] CDS archive(s) mapped at: [0x00007fb31d000000-0x00007fb31de7b000-0x00007fb31de7b000), size 15183872, SharedBaseAddress: 0x00007fb31d000000, ArchiveRelocationMode: 1.
[0.019s][info][gc,metaspace] Compressed class space mapped at: 0x00007fb31e000000-0x00007fb35e000000, reserved size: 1073741824
[0.019s][info][gc,metaspace] UseCompressedClassPointers 1, UseCompactObjectHeaders 1
[0.019s][info][gc,metaspace] Narrow klass pointer bits 22, Max shift 10
[0.020s][info][gc,metaspace] Narrow klass base: 0x00007fb31d000000, Narrow klass shift: 10
[0.020s][info][gc,metaspace] Encoding Range: [0x00007fb31d000000 - 0x00007fb41d000000), (4294967296 bytes)
[0.020s][info][gc,metaspace] Klass Range:    [0x00007fb31d000000 - 0x00007fb35e000000), (1090519040 bytes)
[0.020s][info][gc,metaspace] Klass ID Range:  [1 - 1064960) (1064959)
[8.607s][info][gc,start    ] GC(0) Pause Young (Allocation Failure)
[8.635s][info][gc,heap     ] GC(0) PSYoungGen: 65536K(76288K)->10739K(76288K) Eden: 65536K(65536K)->0K(65536K) From: 0K(10752K)->10739K(10752K)
[8.635s][info][gc,heap     ] GC(0) ParOldGen: 132160K(175104K)->157283K(175104K)
[8.635s][info][gc,metaspace] GC(0) Metaspace: 6102K(6272K)->6102K(6272K) NonClass: 5239K(5312K)->5239K(5312K) Class: 863K(960K)->863K(960K)
[8.635s][info][gc          ] GC(0) Pause Young (Allocation Failure) 193M->164M(245M) 27.784ms
[8.635s][info][gc,cpu      ] GC(0) User=0.02s Sys=0.02s Real=0.03s
[8.649s][info][gc,start    ] GC(1) Pause Young (Allocation Failure)
[8.699s][info][gc,heap     ] GC(1) PSYoungGen: 76275K(76288K)->10725K(76288K) Eden: 65536K(65536K)->0K(65536K) From: 10739K(10752K)->10725K(10752K)
[8.699s][info][gc,heap     ] GC(1) ParOldGen: 157283K(175104K)->223325K(223744K)
[8.699s][info][gc,metaspace] GC(1) Metaspace: 6106K(6336K)->6106K(6336K) NonClass: 5242K(5376K)->5242K(5376K) Class: 863K(960K)->863K(960K)
[8.699s][info][gc          ] GC(1) Pause Young (Allocation Failure) 228M->228M(293M) 49.425ms
[8.699s][info][gc,cpu      ] GC(1) User=0.03s Sys=0.05s Real=0.05s
[8.710s][info][gc,start    ] GC(2) Pause Young (Allocation Failure)
[8.760s][info][gc,heap     ] GC(2) PSYoungGen: 76261K(76288K)->10737K(76288K) Eden: 65536K(65536K)->0K(65536K) From: 10725K(10752K)->10737K(10752K)
[8.760s][info][gc,heap     ] GC(2) ParOldGen: 223325K(223744K)->291762K(291840K)
[8.760s][info][gc,metaspace] GC(2) Metaspace: 6106K(6336K)->6106K(6336K) NonClass: 5242K(5376K)->5242K(5376K) Class: 863K(960K)->863K(960K)
[8.760s][info][gc          ] GC(2) Pause Young (Allocation Failure) 292M->295M(359M) 49.996ms
[8.760s][info][gc,cpu      ] GC(2) User=0.04s Sys=0.05s Real=0.05s
[8.770s][info][gc,start    ] GC(3) Pause Young (Allocation Failure)
[8.823s][info][gc,heap     ] GC(3) PSYoungGen: 76273K(76288K)->10726K(141824K) Eden: 65536K(65536K)->0K(131072K) From: 10737K(10752K)->10726K(10752K)
[8.823s][info][gc,heap     ] GC(3) ParOldGen: 291762K(291840K)->361240K(361472K)
[8.823s][info][gc,metaspace] GC(3) Metaspace: 6106K(6336K)->6106K(6336K) NonClass: 5242K(5376K)->5242K(5376K) Class: 863K(960K)->863K(960K)
[8.823s][info][gc          ] GC(3) Pause Young (Allocation Failure) 359M->363M(491M) 52.555ms
[8.823s][info][gc,cpu      ] GC(3) User=0.03s Sys=0.05s Real=0.06s
[8.871s][info][gc,start    ] GC(4) Pause Young (Allocation Failure)
[8.983s][info][gc,heap     ] GC(4) PSYoungGen: 141798K(141824K)->10737K(141824K) Eden: 131072K(131072K)->0K(131072K) From: 10726K(10752K)->10737K(10752K)
[8.983s][info][gc,heap     ] GC(4) ParOldGen: 361240K(361472K)->497161K(497664K)
[8.983s][info][gc,metaspace] GC(4) Metaspace: 6107K(6336K)->6107K(6336K) NonClass: 5243K(5376K)->5243K(5376K) Class: 863K(960K)->863K(960K)
[8.983s][info][gc          ] GC(4) Pause Young (Allocation Failure) 491M->495M(624M) 111.709ms
[8.983s][info][gc,cpu      ] GC(4) User=0.07s Sys=0.11s Real=0.12s
[9.004s][info][gc,start    ] GC(5) Pause Young (Allocation Failure)
[9.088s][info][gc,heap     ] GC(5) PSYoungGen: 141682K(141824K)->111079K(222720K) Eden: 130944K(131072K)->0K(111616K) From: 10737K(10752K)->111079K(111104K)
[9.088s][info][gc,heap     ] GC(5) ParOldGen: 497161K(497664K)->527799K(527872K)
[9.088s][info][gc,metaspace] GC(5) Metaspace: 6107K(6336K)->6107K(6336K) NonClass: 5243K(5376K)->5243K(5376K) Class: 863K(960K)->863K(960K)
[9.088s][info][gc          ] GC(5) Pause Young (Allocation Failure) 623M->623M(733M) 83.904ms
[9.088s][info][gc,cpu      ] GC(5) User=0.05s Sys=0.10s Real=0.08s
[9.203s][info][gc,start    ] GC(6) Pause Full (Allocation Failure)
[9.203s][info][gc,phases,start] GC(6) Marking Phase
[9.237s][info][gc,phases      ] GC(6) Marking Phase 34.554ms
[9.237s][info][gc,phases,start] GC(6) Summary Phase
[9.237s][info][gc,phases      ] GC(6) Summary Phase 0.023ms
[9.237s][info][gc,phases,start] GC(6) Forward
[9.252s][info][gc,phases      ] GC(6) Forward 14.254ms
[9.252s][info][gc,phases,start] GC(6) Adjust Pointers
[9.268s][info][gc,phases      ] GC(6) Adjust Pointers 16.796ms
[9.268s][info][gc,phases,start] GC(6) Compaction Phase
[9.356s][info][gc,phases      ] GC(6) Compaction Phase 87.775ms
[9.356s][info][gc,phases,start] GC(6) Post Compact
[9.364s][info][gc,phases      ] GC(6) Post Compact 7.937ms
[9.364s][info][gc,heap        ] GC(6) PSYoungGen: 218387K(222720K)->198373K(222720K) Eden: 107307K(111616K)->111438K(111616K) From: 111079K(111104K)->86935K(111104K)
[9.365s][info][gc,heap        ] GC(6) ParOldGen: 624926K(625152K)->624891K(667648K)
[9.365s][info][gc,metaspace   ] GC(6) Metaspace: 6118K(6336K)->6118K(6336K) NonClass: 5252K(5376K)->5252K(5376K) Class: 865K(960K)->865K(960K)
[9.365s][info][gc             ] GC(6) Pause Full (Allocation Failure) 823M->803M(869M) 161.856ms
[9.365s][info][gc,cpu         ] GC(6) User=0.26s Sys=0.03s Real=0.16s
[9.471s][info][gc,start       ] GC(7) Pause Full (Allocation Failure)
[9.471s][info][gc,phases,start] GC(7) Marking Phase
[9.490s][info][gc,phases      ] GC(7) Marking Phase 18.512ms
[9.490s][info][gc,phases,start] GC(7) Summary Phase
[9.490s][info][gc,phases      ] GC(7) Summary Phase 0.021ms
[9.490s][info][gc,phases,start] GC(7) Forward
[9.491s][info][gc,phases      ] GC(7) Forward 1.359ms
[9.491s][info][gc,phases,start] GC(7) Adjust Pointers
[9.507s][info][gc,phases      ] GC(7) Adjust Pointers 15.542ms
[9.507s][info][gc,phases,start] GC(7) Compaction Phase
[9.546s][info][gc,phases      ] GC(7) Compaction Phase 39.632ms
[9.546s][info][gc,phases,start] GC(7) Post Compact
[9.549s][info][gc,phases      ] GC(7) Post Compact 2.930ms
[9.549s][info][gc,heap        ] GC(7) PSYoungGen: 198551K(222720K)->180394K(222720K) Eden: 111616K(111616K)->110622K(111616K) From: 86935K(111104K)->69771K(111104K)
[9.549s][info][gc,heap        ] GC(7) ParOldGen: 649173K(667648K)->667152K(667648K)
[9.549s][info][gc,metaspace   ] GC(7) Metaspace: 6118K(6336K)->6118K(6336K) NonClass: 5252K(5376K)->5252K(5376K) Class: 865K(960K)->865K(960K)
[9.549s][info][gc             ] GC(7) Pause Full (Allocation Failure) 827M->827M(869M) 78.365ms
[9.549s][info][gc,cpu         ] GC(7) User=0.13s Sys=0.02s Real=0.08s
[9.549s][info][gc,start       ] GC(8) Pause Full (Allocation Failure)
[9.549s][info][gc,phases,start] GC(8) Marking Phase
[9.570s][info][gc,phases      ] GC(8) Marking Phase 20.063ms
[9.570s][info][gc,phases,start] GC(8) Summary Phase
[9.570s][info][gc,phases      ] GC(8) Summary Phase 0.019ms
[9.570s][info][gc,phases,start] GC(8) Forward
[9.571s][info][gc,phases      ] GC(8) Forward 1.312ms
[9.571s][info][gc,phases,start] GC(8) Adjust Pointers
[9.586s][info][gc,phases      ] GC(8) Adjust Pointers 14.881ms
[9.586s][info][gc,phases,start] GC(8) Compaction Phase
[9.601s][info][gc,phases      ] GC(8) Compaction Phase 15.175ms
[9.601s][info][gc,phases,start] GC(8) Post Compact
[9.603s][info][metaspace      ] ChkMgr @0x00007fb37c03eed0 (non-class-space): : reclaiming memory...
[9.603s][info][metaspace      ] ChkMgr @0x00007fb37c03eed0 (non-class-space): nothing reclaimed.
[9.603s][info][metaspace      ] ChkMgr @0x00007fb37c03ece0 (class-space): : reclaiming memory...
[9.603s][info][metaspace      ] ChkMgr @0x00007fb37c03ece0 (class-space): nothing reclaimed.
[9.604s][info][gc,phases      ] GC(8) Post Compact 2.446ms
[9.604s][info][gc,heap        ] GC(8) PSYoungGen: 180394K(222720K)->180298K(222720K) Eden: 110622K(111616K)->110526K(111616K) From: 69771K(111104K)->69771K(111104K)
[9.604s][info][gc,heap        ] GC(8) ParOldGen: 667152K(667648K)->667152K(667648K)
[9.604s][info][gc,metaspace   ] GC(8) Metaspace: 6118K(6336K)->6105K(6336K) NonClass: 5252K(5376K)->5239K(5376K) Class: 865K(960K)->865K(960K)
[9.604s][info][gc             ] GC(8) Pause Full (Allocation Failure) 827M->827M(869M) 54.123ms
[9.604s][info][gc,cpu         ] GC(8) User=0.10s Sys=0.00s Real=0.06s
[9.609s][info][gc,start       ] GC(9) Pause Full (Allocation Failure)
[9.609s][info][gc,phases,start] GC(9) Marking Phase
[9.617s][info][gc,phases      ] GC(9) Marking Phase 7.810ms
[9.617s][info][gc,phases,start] GC(9) Summary Phase
[9.617s][info][gc,phases      ] GC(9) Summary Phase 0.019ms
[9.617s][info][gc,phases,start] GC(9) Forward
[9.619s][info][gc,phases      ] GC(9) Forward 1.729ms
[9.619s][info][gc,phases,start] GC(9) Adjust Pointers
[9.622s][info][gc,phases      ] GC(9) Adjust Pointers 3.044ms
[9.622s][info][gc,phases,start] GC(9) Compaction Phase
[9.623s][info][gc,phases      ] GC(9) Compaction Phase 1.085ms
[9.623s][info][gc,phases,start] GC(9) Post Compact
[9.625s][info][metaspace      ] ChkMgr @0x00007fb37c03eed0 (non-class-space): : reclaiming memory...
[9.625s][info][metaspace      ] ChkMgr @0x00007fb37c03eed0 (non-class-space): nothing reclaimed.
[9.625s][info][metaspace      ] ChkMgr @0x00007fb37c03ece0 (class-space): : reclaiming memory...
[9.625s][info][metaspace      ] ChkMgr @0x00007fb37c03ece0 (class-space): nothing reclaimed.
[9.626s][info][gc,phases      ] GC(9) Post Compact 2.238ms
[9.655s][info][gc,heap        ] GC(9) PSYoungGen: 181387K(222720K)->0K(222720K) Eden: 111616K(111616K)->0K(111616K) From: 69771K(111104K)->0K(111104K)
[9.655s][info][gc,heap        ] GC(9) ParOldGen: 667152K(667648K)->38034K(264704K)
[9.655s][info][gc,metaspace   ] GC(9) Metaspace: 6112K(6336K)->6110K(6336K) NonClass: 5243K(5376K)->5241K(5376K) Class: 868K(960K)->868K(960K)
[9.655s][info][gc             ] GC(9) Pause Full (Allocation Failure) 828M->37M(476M) 45.439ms
[9.655s][info][gc,cpu         ] GC(9) User=0.03s Sys=0.03s Real=0.05s
[9.657s][info][gc,heap,exit   ] Heap
[9.657s][info][gc,heap,exit   ]  PSYoungGen      total 222720K, used 4464K [0x00000000eba00000, 0x0000000100000000, 0x0000000100000000)
[9.657s][info][gc,heap,exit   ]   eden space 111616K, 4% used [0x00000000eba00000,0x00000000ebe5c330,0x00000000f2700000)
[9.657s][info][gc,heap,exit   ]   from space 111104K, 0% used [0x00000000f2700000,0x00000000f2700000,0x00000000f9380000)
[9.657s][info][gc,heap,exit   ]   to   space 111104K, 0% used [0x00000000f9380000,0x00000000f9380000,0x0000000100000000)
[9.657s][info][gc,heap,exit   ]  ParOldGen       total 264704K, used 38034K [0x00000000c2e00000, 0x00000000d3080000, 0x00000000eba00000)
[9.657s][info][gc,heap,exit   ]   object space 264704K, 14% used [0x00000000c2e00000,0x00000000c5324988,0x00000000d3080000)
[9.657s][info][gc,heap,exit   ]  Metaspace       used 6111K, committed 6336K, reserved 1114112K
[9.657s][info][gc,heap,exit   ]   class space    used 868K, committed 960K, reserved 1048576K
