[0.002s][info][metaspace]  - commit_granule_bytes: 65536.
[0.002s][info][metaspace]  - commit_granule_words: 8192.
[0.002s][info][metaspace]  - virtual_space_node_default_size: 8388608.
[0.002s][info][metaspace]  - enlarge_chunks_in_place: 1.
[0.004s][info][gc,init  ] CardTable entry size: 512
[0.004s][info][gc       ] Using Parallel
[0.005s][info][gc,init  ] Version: 24-internal-adhoc.root.jdk (release)
[0.005s][info][gc,init  ] CPUs: 2 total, 2 available
[0.005s][info][gc,init  ] Memory: 3908M
[0.005s][info][gc,init  ] Large Page Support: Disabled
[0.005s][info][gc,init  ] NUMA Support: Disabled
[0.005s][info][gc,init  ] Compressed Oops: Enabled (32-bit)
[0.005s][info][gc,init  ] Alignments: Space 512K, Generation 512K, Heap 2M
[0.005s][info][gc,init  ] Heap Min Capacity: 256M
[0.005s][info][gc,init  ] Heap Initial Capacity: 256M
[0.005s][info][gc,init  ] Heap Max Capacity: 978M
[0.005s][info][gc,init  ] Pre-touch: Disabled
[0.005s][info][gc,init  ] Parallel Workers: 2
[0.019s][info][gc,metaspace] CDS archive(s) mapped at: [0x00007f0262000000-0x00007f0262e7b000-0x00007f0262e7b000), size 15183872, SharedBaseAddress: 0x00007f0262000000, ArchiveRelocationMode: 1.
[0.019s][info][gc,metaspace] Compressed class space mapped at: 0x00007f0263000000-0x00007f02a3000000, reserved size: 1073741824
[0.019s][info][gc,metaspace] UseCompressedClassPointers 1, UseCompactObjectHeaders 1
[0.019s][info][gc,metaspace] Narrow klass pointer bits 22, Max shift 10
[0.019s][info][gc,metaspace] Narrow klass base: 0x00007f0262000000, Narrow klass shift: 10
[0.019s][info][gc,metaspace] Encoding Range: [0x00007f0262000000 - 0x00007f0362000000), (4294967296 bytes)
[0.019s][info][gc,metaspace] Klass Range:    [0x00007f0262000000 - 0x00007f02a3000000), (1090519040 bytes)
[0.019s][info][gc,metaspace] Klass ID Range:  [1 - 1064960) (1064959)
[0.745s][info][gc,start    ] GC(0) Pause Young (Allocation Failure)
[0.765s][info][gc,heap     ] GC(0) PSYoungGen: 65536K(76288K)->5088K(76288K) Eden: 65536K(65536K)->0K(65536K) From: 0K(10752K)->5088K(10752K)
[0.765s][info][gc,heap     ] GC(0) ParOldGen: 1088K(175104K)->20627K(175104K)
[0.765s][info][gc,metaspace] GC(0) Metaspace: 8233K(8384K)->8233K(8384K) NonClass: 7229K(7296K)->7229K(7296K) Class: 1003K(1088K)->1003K(1088K)
[0.765s][info][gc          ] GC(0) Pause Young (Allocation Failure) 65M->25M(245M) 20.582ms
[0.765s][info][gc,cpu      ] GC(0) User=0.03s Sys=0.02s Real=0.02s
[1.103s][info][gc,start    ] GC(1) Pause Young (Allocation Failure)
[1.120s][info][gc,heap     ] GC(1) PSYoungGen: 70624K(76288K)->10176K(141824K) Eden: 65536K(65536K)->0K(131072K) From: 5088K(10752K)->10176K(10752K)
[1.120s][info][gc,heap     ] GC(1) ParOldGen: 20627K(175104K)->20627K(175104K)
[1.120s][info][gc,metaspace] GC(1) Metaspace: 8356K(8512K)->8356K(8512K) NonClass: 7348K(7424K)->7348K(7424K) Class: 1008K(1088K)->1008K(1088K)
[1.120s][info][gc          ] GC(1) Pause Young (Allocation Failure) 89M->30M(309M) 17.261ms
[1.120s][info][gc,cpu      ] GC(1) User=0.02s Sys=0.00s Real=0.02s
[1.559s][info][gc,start    ] GC(2) Pause Young (Allocation Failure)
[1.591s][info][gc,heap     ] GC(2) PSYoungGen: 141248K(141824K)->10724K(141824K) Eden: 131072K(131072K)->0K(131072K) From: 10176K(10752K)->10724K(10752K)
[1.591s][info][gc,heap     ] GC(2) ParOldGen: 20627K(175104K)->27552K(175104K)
[1.591s][info][gc,metaspace] GC(2) Metaspace: 8379K(8576K)->8379K(8576K) NonClass: 7371K(7488K)->7371K(7488K) Class: 1008K(1088K)->1008K(1088K)
[1.591s][info][gc          ] GC(2) Pause Young (Allocation Failure) 158M->37M(309M) 31.634ms
[1.591s][info][gc,cpu      ] GC(2) User=0.05s Sys=0.01s Real=0.03s
[1.825s][info][gc,start    ] GC(3) Pause Young (Allocation Failure)
[1.862s][info][gc,heap     ] GC(3) PSYoungGen: 141796K(141824K)->10740K(272896K) Eden: 131072K(131072K)->0K(262144K) From: 10724K(10752K)->10740K(10752K)
[1.862s][info][gc,heap     ] GC(3) ParOldGen: 27552K(175104K)->35888K(175104K)
[1.862s][info][gc,metaspace] GC(3) Metaspace: 8405K(8576K)->8405K(8576K) NonClass: 7397K(7488K)->7397K(7488K) Class: 1008K(1088K)->1008K(1088K)
[1.862s][info][gc          ] GC(3) Pause Young (Allocation Failure) 165M->45M(437M) 36.826ms
[1.862s][info][gc,cpu      ] GC(3) User=0.07s Sys=0.01s Real=0.04s
[2.284s][info][gc,start    ] GC(4) Pause Young (Allocation Failure)
[2.343s][info][gc,heap     ] GC(4) PSYoungGen: 272884K(272896K)->10740K(272896K) Eden: 262144K(262144K)->0K(262144K) From: 10740K(10752K)->10740K(10752K)
[2.343s][info][gc,heap     ] GC(4) ParOldGen: 35888K(175104K)->53264K(175104K)
[2.343s][info][gc,metaspace] GC(4) Metaspace: 8414K(8576K)->8414K(8576K) NonClass: 7405K(7488K)->7405K(7488K) Class: 1008K(1088K)->1008K(1088K)
[2.343s][info][gc          ] GC(4) Pause Young (Allocation Failure) 301M->62M(437M) 59.042ms
[2.343s][info][gc,cpu      ] GC(4) User=0.10s Sys=0.02s Real=0.06s
[2.627s][info][gc,start    ] GC(5) Pause Young (Allocation Failure)
[2.695s][info][gc,heap     ] GC(5) PSYoungGen: 272884K(272896K)->28048K(292864K) Eden: 262144K(262144K)->0K(260096K) From: 10740K(10752K)->28048K(32768K)
[2.695s][info][gc,heap     ] GC(5) ParOldGen: 53264K(175104K)->53264K(175104K)
[2.695s][info][gc,metaspace] GC(5) Metaspace: 8417K(8576K)->8417K(8576K) NonClass: 7408K(7488K)->7408K(7488K) Class: 1008K(1088K)->1008K(1088K)
[2.695s][info][gc          ] GC(5) Pause Young (Allocation Failure) 318M->79M(457M) 68.583ms
[2.695s][info][gc,cpu      ] GC(5) User=0.11s Sys=0.02s Real=0.07s
[2.976s][info][gc,start    ] GC(6) Pause Young (Allocation Failure)
[3.073s][info][gc,heap     ] GC(6) PSYoungGen: 288144K(292864K)->36864K(296960K) Eden: 260096K(260096K)->0K(260096K) From: 28048K(32768K)->36864K(36864K)
[3.073s][info][gc,heap     ] GC(6) ParOldGen: 53264K(175104K)->59400K(175104K)
[3.073s][info][gc,metaspace] GC(6) Metaspace: 8451K(8640K)->8451K(8640K) NonClass: 7443K(7552K)->7443K(7552K) Class: 1008K(1088K)->1008K(1088K)
[3.073s][info][gc          ] GC(6) Pause Young (Allocation Failure) 333M->94M(461M) 96.906ms
[3.073s][info][gc,cpu      ] GC(6) User=0.18s Sys=0.01s Real=0.10s
[3.340s][info][gc,start    ] GC(7) Pause Young (Allocation Failure)
[3.427s][info][gc,heap     ] GC(7) PSYoungGen: 296960K(296960K)->36864K(254976K) Eden: 260096K(260096K)->0K(218112K) From: 36864K(36864K)->36864K(36864K)
[3.427s][info][gc,heap     ] GC(7) ParOldGen: 59400K(175104K)->76736K(175104K)
[3.427s][info][gc,metaspace] GC(7) Metaspace: 8480K(8640K)->8480K(8640K) NonClass: 7471K(7552K)->7471K(7552K) Class: 1008K(1088K)->1008K(1088K)
[3.427s][info][gc          ] GC(7) Pause Young (Allocation Failure) 348M->110M(420M) 87.208ms
[3.427s][info][gc,cpu      ] GC(7) User=0.16s Sys=0.01s Real=0.08s
[3.676s][info][gc,start    ] GC(8) Pause Young (Allocation Failure)
[3.752s][info][gc,heap     ] GC(8) PSYoungGen: 254976K(254976K)->37920K(256512K) Eden: 218112K(218112K)->0K(218112K) From: 36864K(36864K)->37920K(38400K)
[3.752s][info][gc,heap     ] GC(8) ParOldGen: 76736K(175104K)->88488K(175104K)
[3.752s][info][gc,metaspace] GC(8) Metaspace: 8482K(8640K)->8482K(8640K) NonClass: 7474K(7552K)->7474K(7552K) Class: 1008K(1088K)->1008K(1088K)
[3.752s][info][gc          ] GC(8) Pause Young (Allocation Failure) 323M->123M(421M) 76.345ms
[3.752s][info][gc,cpu      ] GC(8) User=0.14s Sys=0.01s Real=0.08s
[3.964s][info][gc,start    ] GC(9) Pause Young (Allocation Failure)
[4.043s][info][gc,heap     ] GC(9) PSYoungGen: 256032K(256512K)->26080K(277504K) Eden: 218112K(218112K)->0K(218112K) From: 37920K(38400K)->26080K(59392K)
[4.043s][info][gc,heap     ] GC(9) ParOldGen: 88488K(175104K)->113136K(175104K)
[4.043s][info][gc,metaspace] GC(9) Metaspace: 8496K(8640K)->8496K(8640K) NonClass: 7488K(7552K)->7488K(7552K) Class: 1008K(1088K)->1008K(1088K)
[4.043s][info][gc          ] GC(9) Pause Young (Allocation Failure) 336M->135M(442M) 79.377ms
[4.043s][info][gc,cpu      ] GC(9) User=0.14s Sys=0.02s Real=0.08s
[4.255s][info][gc,start    ] GC(10) Pause Young (Allocation Failure)
[4.325s][info][gc,heap     ] GC(10) PSYoungGen: 244192K(277504K)->14112K(232448K) Eden: 218112K(218112K)->0K(218112K) From: 26080K(59392K)->14112K(14336K)
[4.325s][info][gc,heap     ] GC(10) ParOldGen: 113136K(175104K)->139112K(175104K)
[4.325s][info][gc,metaspace] GC(10) Metaspace: 8500K(8640K)->8500K(8640K) NonClass: 7491K(7552K)->7491K(7552K) Class: 1008K(1088K)->1008K(1088K)
[4.325s][info][gc          ] GC(10) Pause Young (Allocation Failure) 348M->149M(398M) 70.151ms
[4.325s][info][gc,cpu      ] GC(10) User=0.13s Sys=0.02s Real=0.07s
[4.532s][info][gc,start    ] GC(11) Pause Young (Allocation Failure)
[4.570s][info][gc,heap     ] GC(11) PSYoungGen: 232224K(232448K)->12448K(274944K) Eden: 218112K(218112K)->0K(219136K) From: 14112K(14336K)->12448K(55808K)
[4.571s][info][gc,heap     ] GC(11) ParOldGen: 139112K(175104K)->152264K(175104K)
[4.571s][info][gc,metaspace] GC(11) Metaspace: 8503K(8640K)->8503K(8640K) NonClass: 7495K(7552K)->7495K(7552K) Class: 1008K(1088K)->1008K(1088K)
[4.571s][info][gc          ] GC(11) Pause Young (Allocation Failure) 362M->160M(439M) 38.878ms
[4.571s][info][gc,cpu      ] GC(11) User=0.07s Sys=0.00s Real=0.04s
[4.784s][info][gc,start    ] GC(12) Pause Young (Allocation Failure)
[4.824s][info][gc,heap     ] GC(12) PSYoungGen: 231584K(274944K)->13408K(273920K) Eden: 219136K(219136K)->0K(219136K) From: 12448K(55808K)->13408K(54784K)
[4.824s][info][gc,heap     ] GC(12) ParOldGen: 152264K(175104K)->164624K(175104K)
[4.824s][info][gc,metaspace] GC(12) Metaspace: 8504K(8640K)->8504K(8640K) NonClass: 7496K(7552K)->7496K(7552K) Class: 1008K(1088K)->1008K(1088K)
[4.824s][info][gc          ] GC(12) Pause Young (Allocation Failure) 374M->173M(438M) 40.537ms
[4.824s][info][gc,cpu      ] GC(12) User=0.07s Sys=0.01s Real=0.04s
[5.026s][info][gc,start    ] GC(13) Pause Young (Allocation Failure)
[5.067s][info][gc,heap     ] GC(13) PSYoungGen: 232544K(273920K)->13632K(277504K) Eden: 219136K(219136K)->0K(224768K) From: 13408K(54784K)->13632K(52736K)
[5.067s][info][gc,heap     ] GC(13) ParOldGen: 164624K(175104K)->177896K(178176K)
[5.067s][info][gc,metaspace] GC(13) Metaspace: 8504K(8640K)->8504K(8640K) NonClass: 7496K(7552K)->7496K(7552K) Class: 1008K(1088K)->1008K(1088K)
[5.067s][info][gc          ] GC(13) Pause Young (Allocation Failure) 387M->187M(445M) 40.889ms
[5.067s][info][gc,cpu      ] GC(13) User=0.08s Sys=0.01s Real=0.04s
[5.276s][info][gc,start    ] GC(14) Pause Young (Allocation Failure)
[5.317s][info][gc,heap     ] GC(14) PSYoungGen: 238400K(277504K)->13728K(276992K) Eden: 224768K(224768K)->0K(224768K) From: 13632K(52736K)->13728K(52224K)
[5.317s][info][gc,heap     ] GC(14) ParOldGen: 177896K(178176K)->190672K(190976K)
[5.317s][info][gc,metaspace] GC(14) Metaspace: 8507K(8640K)->8507K(8640K) NonClass: 7498K(7552K)->7498K(7552K) Class: 1008K(1088K)->1008K(1088K)
[5.317s][info][gc          ] GC(14) Pause Young (Allocation Failure) 406M->199M(457M) 41.042ms
[5.317s][info][gc,cpu      ] GC(14) User=0.07s Sys=0.01s Real=0.04s
[5.521s][info][gc,start    ] GC(15) Pause Young (Allocation Failure)
[5.574s][info][gc,heap     ] GC(15) PSYoungGen: 238496K(276992K)->13216K(280064K) Eden: 224768K(224768K)->0K(230400K) From: 13728K(52224K)->13216K(49664K)
[5.574s][info][gc,heap     ] GC(15) ParOldGen: 190672K(190976K)->203816K(204288K)
[5.574s][info][gc,metaspace] GC(15) Metaspace: 8507K(8640K)->8507K(8640K) NonClass: 7498K(7552K)->7498K(7552K) Class: 1008K(1088K)->1008K(1088K)
[5.574s][info][gc          ] GC(15) Pause Young (Allocation Failure) 419M->211M(473M) 53.621ms
[5.574s][info][gc,cpu      ] GC(15) User=0.10s Sys=0.00s Real=0.05s
[5.788s][info][gc,start    ] GC(16) Pause Young (Allocation Failure)
[5.829s][info][gc,heap     ] GC(16) PSYoungGen: 243616K(280064K)->13664K(279552K) Eden: 230400K(230400K)->0K(230400K) From: 13216K(49664K)->13664K(49152K)
[5.829s][info][gc,heap     ] GC(16) ParOldGen: 203816K(204288K)->216944K(217088K)
[5.829s][info][gc,metaspace] GC(16) Metaspace: 8507K(8640K)->8507K(8640K) NonClass: 7498K(7552K)->7498K(7552K) Class: 1008K(1088K)->1008K(1088K)
[5.829s][info][gc          ] GC(16) Pause Young (Allocation Failure) 436M->225M(485M) 41.598ms
[5.829s][info][gc,cpu      ] GC(16) User=0.08s Sys=0.01s Real=0.05s
[6.037s][info][gc,start    ] GC(17) Pause Young (Allocation Failure)
[6.080s][info][gc,heap     ] GC(17) PSYoungGen: 244064K(279552K)->14464K(282624K) Eden: 230400K(230400K)->0K(237056K) From: 13664K(49152K)->14464K(45568K)
[6.080s][info][gc,heap     ] GC(17) ParOldGen: 216944K(217088K)->229944K(230400K)
[6.080s][info][gc,metaspace] GC(17) Metaspace: 8507K(8640K)->8507K(8640K) NonClass: 7498K(7552K)->7498K(7552K) Class: 1008K(1088K)->1008K(1088K)
[6.080s][info][gc          ] GC(17) Pause Young (Allocation Failure) 450M->238M(501M) 42.870ms
[6.080s][info][gc,cpu      ] GC(17) User=0.08s Sys=0.01s Real=0.05s
[6.290s][info][gc,start    ] GC(18) Pause Young (Allocation Failure)
[6.332s][info][gc,heap     ] GC(18) PSYoungGen: 251520K(282624K)->12992K(282624K) Eden: 237056K(237056K)->0K(237056K) From: 14464K(45568K)->12992K(45568K)
[6.332s][info][gc,heap     ] GC(18) ParOldGen: 229944K(230400K)->243520K(243712K)
[6.332s][info][gc,metaspace] GC(18) Metaspace: 8507K(8640K)->8507K(8640K) NonClass: 7498K(7552K)->7498K(7552K) Class: 1008K(1088K)->1008K(1088K)
[6.332s][info][gc          ] GC(18) Pause Young (Allocation Failure) 470M->250M(514M) 41.432ms
[6.332s][info][gc,cpu      ] GC(18) User=0.08s Sys=0.00s Real=0.04s
[6.549s][info][gc,start    ] GC(19) Pause Young (Allocation Failure)
[6.591s][info][gc,heap     ] GC(19) PSYoungGen: 250048K(282624K)->14400K(286720K) Eden: 237056K(237056K)->0K(244224K) From: 12992K(45568K)->14400K(42496K)
[6.591s][info][gc,heap     ] GC(19) ParOldGen: 243520K(243712K)->256416K(256512K)
[6.591s][info][gc,metaspace] GC(19) Metaspace: 8507K(8640K)->8507K(8640K) NonClass: 7498K(7552K)->7498K(7552K) Class: 1008K(1088K)->1008K(1088K)
[6.591s][info][gc          ] GC(19) Pause Young (Allocation Failure) 482M->264M(530M) 42.539ms
[6.591s][info][gc,cpu      ] GC(19) User=0.08s Sys=0.01s Real=0.04s
[6.807s][info][gc,start    ] GC(20) Pause Young (Allocation Failure)
[6.851s][info][gc,heap     ] GC(20) PSYoungGen: 258624K(286720K)->14080K(286720K) Eden: 244224K(244224K)->0K(244224K) From: 14400K(42496K)->14080K(42496K)
[6.851s][info][gc,heap     ] GC(20) ParOldGen: 256416K(256512K)->270152K(270336K)
[6.851s][info][gc,metaspace] GC(20) Metaspace: 8507K(8640K)->8507K(8640K) NonClass: 7498K(7552K)->7498K(7552K) Class: 1008K(1088K)->1008K(1088K)
[6.851s][info][gc          ] GC(20) Pause Young (Allocation Failure) 502M->277M(544M) 43.548ms
[6.851s][info][gc,cpu      ] GC(20) User=0.08s Sys=0.01s Real=0.05s
[7.066s][info][gc,start    ] GC(21) Pause Young (Allocation Failure)
[7.109s][info][gc,heap     ] GC(21) PSYoungGen: 258304K(286720K)->13952K(289792K) Eden: 244224K(244224K)->0K(250368K) From: 14080K(42496K)->13952K(39424K)
[7.109s][info][gc,heap     ] GC(21) ParOldGen: 270152K(270336K)->283768K(284160K)
[7.109s][info][gc,metaspace] GC(21) Metaspace: 8507K(8640K)->8507K(8640K) NonClass: 7498K(7552K)->7498K(7552K) Class: 1008K(1088K)->1008K(1088K)
[7.109s][info][gc          ] GC(21) Pause Young (Allocation Failure) 516M->290M(560M) 42.882ms
[7.109s][info][gc,cpu      ] GC(21) User=0.07s Sys=0.01s Real=0.05s
[7.329s][info][gc,start    ] GC(22) Pause Young (Allocation Failure)
[7.373s][info][gc,heap     ] GC(22) PSYoungGen: 264320K(289792K)->14208K(289280K) Eden: 250368K(250368K)->0K(250368K) From: 13952K(39424K)->14208K(38912K)
[7.373s][info][gc,heap     ] GC(22) ParOldGen: 283768K(284160K)->297392K(297472K)
[7.373s][info][gc,metaspace] GC(22) Metaspace: 8507K(8640K)->8507K(8640K) NonClass: 7498K(7552K)->7498K(7552K) Class: 1008K(1088K)->1008K(1088K)
[7.373s][info][gc          ] GC(22) Pause Young (Allocation Failure) 535M->304M(573M) 43.414ms
[7.373s][info][gc,cpu      ] GC(22) User=0.08s Sys=0.01s Real=0.04s
[7.592s][info][gc,start    ] GC(23) Pause Young (Allocation Failure)
[7.646s][info][gc,heap     ] GC(23) PSYoungGen: 264576K(289280K)->13344K(293376K) Eden: 250368K(250368K)->0K(257024K) From: 14208K(38912K)->13344K(36352K)
[7.646s][info][gc,heap     ] GC(23) ParOldGen: 297392K(297472K)->311280K(311296K)
[7.646s][info][gc,metaspace] GC(23) Metaspace: 8507K(8640K)->8507K(8640K) NonClass: 7498K(7552K)->7498K(7552K) Class: 1008K(1088K)->1008K(1088K)
[7.646s][info][gc          ] GC(23) Pause Young (Allocation Failure) 548M->317M(590M) 54.883ms
[7.646s][info][gc,cpu      ] GC(23) User=0.09s Sys=0.01s Real=0.05s
[7.879s][info][gc,start    ] GC(24) Pause Young (Allocation Failure)
[7.924s][info][gc,heap     ] GC(24) PSYoungGen: 270368K(293376K)->15552K(292864K) Eden: 257024K(257024K)->0K(257024K) From: 13344K(36352K)->15552K(35840K)
[7.924s][info][gc,heap     ] GC(24) ParOldGen: 311280K(311296K)->324552K(324608K)
[7.924s][info][gc,metaspace] GC(24) Metaspace: 8507K(8640K)->8507K(8640K) NonClass: 7498K(7552K)->7498K(7552K) Class: 1008K(1088K)->1008K(1088K)
[7.924s][info][gc          ] GC(24) Pause Young (Allocation Failure) 568M->332M(603M) 45.216ms
[7.924s][info][gc,cpu      ] GC(24) User=0.08s Sys=0.01s Real=0.04s
[8.148s][info][gc,start    ] GC(25) Pause Young (Allocation Failure)
[8.194s][info][gc,heap     ] GC(25) PSYoungGen: 272576K(292864K)->14784K(296448K) Eden: 257024K(257024K)->0K(263168K) From: 15552K(35840K)->14784K(33280K)
[8.194s][info][gc,heap     ] GC(25) ParOldGen: 324552K(324608K)->339168K(339456K)
[8.194s][info][gc,metaspace] GC(25) Metaspace: 8507K(8640K)->8507K(8640K) NonClass: 7498K(7552K)->7498K(7552K) Class: 1008K(1088K)->1008K(1088K)
[8.194s][info][gc          ] GC(25) Pause Young (Allocation Failure) 583M->345M(621M) 45.835ms
[8.194s][info][gc,cpu      ] GC(25) User=0.07s Sys=0.01s Real=0.05s
[8.431s][info][gc,start    ] GC(26) Pause Young (Allocation Failure)
[8.495s][info][gc,heap     ] GC(26) PSYoungGen: 277952K(296448K)->14816K(295936K) Eden: 263168K(263168K)->0K(263168K) From: 14784K(33280K)->14816K(32768K)
[8.495s][info][gc,heap     ] GC(26) ParOldGen: 339168K(339456K)->353112K(353280K)
[8.495s][info][gc,metaspace] GC(26) Metaspace: 8507K(8640K)->8507K(8640K) NonClass: 7498K(7552K)->7498K(7552K) Class: 1008K(1088K)->1008K(1088K)
[8.495s][info][gc          ] GC(26) Pause Young (Allocation Failure) 602M->359M(634M) 64.162ms
[8.495s][info][gc,cpu      ] GC(26) User=0.12s Sys=0.01s Real=0.06s
[8.730s][info][gc,start    ] GC(27) Pause Young (Allocation Failure)
[8.775s][info][gc,heap     ] GC(27) PSYoungGen: 277984K(295936K)->14400K(299520K) Eden: 263168K(263168K)->0K(269312K) From: 14816K(32768K)->14400K(30208K)
[8.775s][info][gc,heap     ] GC(27) ParOldGen: 353112K(353280K)->367888K(368128K)
[8.775s][info][gc,metaspace] GC(27) Metaspace: 8507K(8640K)->8507K(8640K) NonClass: 7498K(7552K)->7498K(7552K) Class: 1008K(1088K)->1008K(1088K)
[8.775s][info][gc          ] GC(27) Pause Young (Allocation Failure) 616M->373M(652M) 45.702ms
[8.775s][info][gc,cpu      ] GC(27) User=0.08s Sys=0.01s Real=0.04s
[9.017s][info][gc,start    ] GC(28) Pause Young (Allocation Failure)
[9.064s][info][gc,heap     ] GC(28) PSYoungGen: 283712K(299520K)->15552K(299520K) Eden: 269312K(269312K)->0K(269312K) From: 14400K(30208K)->15552K(30208K)
[9.064s][info][gc,heap     ] GC(28) ParOldGen: 367888K(368128K)->382184K(382464K)
[9.064s][info][gc,metaspace] GC(28) Metaspace: 8508K(8640K)->8508K(8640K) NonClass: 7500K(7552K)->7500K(7552K) Class: 1008K(1088K)->1008K(1088K)
[9.064s][info][gc          ] GC(28) Pause Young (Allocation Failure) 636M->388M(666M) 46.689ms
[9.064s][info][gc,cpu      ] GC(28) User=0.08s Sys=0.01s Real=0.05s
[9.298s][info][gc,start    ] GC(29) Pause Young (Allocation Failure)
[9.347s][info][gc,heap     ] GC(29) PSYoungGen: 284864K(299520K)->15904K(301568K) Eden: 269312K(269312K)->0K(274432K) From: 15552K(30208K)->15904K(27136K)
[9.347s][info][gc,heap     ] GC(29) ParOldGen: 382184K(382464K)->397520K(397824K)
[9.347s][info][gc,metaspace] GC(29) Metaspace: 8508K(8640K)->8508K(8640K) NonClass: 7500K(7552K)->7500K(7552K) Class: 1008K(1088K)->1008K(1088K)
[9.347s][info][gc          ] GC(29) Pause Young (Allocation Failure) 651M->403M(683M) 49.048ms
[9.347s][info][gc,cpu      ] GC(29) User=0.08s Sys=0.01s Real=0.04s
[9.583s][info][gc,start    ] GC(30) Pause Young (Allocation Failure)
[9.629s][info][gc,heap     ] GC(30) PSYoungGen: 290336K(301568K)->14592K(302080K) Eden: 274432K(274432K)->0K(274432K) From: 15904K(27136K)->14592K(27648K)
[9.629s][info][gc,heap     ] GC(30) ParOldGen: 397520K(397824K)->412480K(412672K)
[9.629s][info][gc,metaspace] GC(30) Metaspace: 8508K(8640K)->8508K(8640K) NonClass: 7500K(7552K)->7500K(7552K) Class: 1008K(1088K)->1008K(1088K)
[9.629s][info][gc          ] GC(30) Pause Young (Allocation Failure) 671M->417M(698M) 46.411ms
[9.629s][info][gc,cpu      ] GC(30) User=0.08s Sys=0.02s Real=0.05s
[9.869s][info][gc,start    ] GC(31) Pause Young (Allocation Failure)
[9.916s][info][gc,heap     ] GC(31) PSYoungGen: 289024K(302080K)->15552K(304640K) Eden: 274432K(274432K)->0K(279552K) From: 14592K(27648K)->15552K(25088K)
[9.916s][info][gc,heap     ] GC(31) ParOldGen: 412480K(412672K)->427032K(427520K)
[9.916s][info][gc,metaspace] GC(31) Metaspace: 8508K(8640K)->8508K(8640K) NonClass: 7500K(7552K)->7500K(7552K) Class: 1008K(1088K)->1008K(1088K)
[9.916s][info][gc          ] GC(31) Pause Young (Allocation Failure) 685M->432M(715M) 47.148ms
[9.916s][info][gc,cpu      ] GC(31) User=0.09s Sys=0.00s Real=0.04s
[10.161s][info][gc,start    ] GC(32) Pause Young (Allocation Failure)
[10.214s][info][gc,heap     ] GC(32) PSYoungGen: 295104K(304640K)->16416K(305152K) Eden: 279552K(279552K)->0K(279552K) From: 15552K(25088K)->16416K(25600K)
[10.214s][info][gc,heap     ] GC(32) ParOldGen: 427032K(427520K)->441976K(442368K)
[10.214s][info][gc,metaspace] GC(32) Metaspace: 8508K(8640K)->8508K(8640K) NonClass: 7500K(7552K)->7500K(7552K) Class: 1008K(1088K)->1008K(1088K)
[10.214s][info][gc          ] GC(32) Pause Young (Allocation Failure) 705M->447M(730M) 53.219ms
[10.214s][info][gc,cpu      ] GC(32) User=0.09s Sys=0.01s Real=0.05s
[10.459s][info][gc,start    ] GC(33) Pause Young (Allocation Failure)
[10.507s][info][gc,heap     ] GC(33) PSYoungGen: 295968K(305152K)->15328K(306176K) Eden: 279552K(279552K)->0K(283136K) From: 16416K(25600K)->15328K(23040K)
[10.507s][info][gc,heap     ] GC(33) ParOldGen: 441976K(442368K)->457696K(457728K)
[10.507s][info][gc,metaspace] GC(33) Metaspace: 8508K(8640K)->8508K(8640K) NonClass: 7500K(7552K)->7500K(7552K) Class: 1008K(1088K)->1008K(1088K)
[10.507s][info][gc          ] GC(33) Pause Young (Allocation Failure) 720M->461M(746M) 48.260ms
[10.507s][info][gc,cpu      ] GC(33) User=0.09s Sys=0.02s Real=0.04s
[10.760s][info][gc,start    ] GC(34) Pause Young (Allocation Failure)
[10.810s][info][gc,heap     ] GC(34) PSYoungGen: 298464K(306176K)->16512K(307200K) Eden: 283136K(283136K)->0K(283136K) From: 15328K(23040K)->16512K(24064K)
[10.810s][info][gc,heap     ] GC(34) ParOldGen: 457696K(457728K)->472936K(473088K)
[10.810s][info][gc,metaspace] GC(34) Metaspace: 8508K(8640K)->8508K(8640K) NonClass: 7500K(7552K)->7500K(7552K) Class: 1008K(1088K)->1008K(1088K)
[10.810s][info][gc          ] GC(34) Pause Young (Allocation Failure) 738M->477M(762M) 50.088ms
[10.810s][info][gc,cpu      ] GC(34) User=0.09s Sys=0.00s Real=0.05s
[11.056s][info][gc,start    ] GC(35) Pause Young (Allocation Failure)
[11.105s][info][gc,heap     ] GC(35) PSYoungGen: 299648K(307200K)->15808K(308224K) Eden: 283136K(283136K)->0K(286208K) From: 16512K(24064K)->15808K(22016K)
[11.105s][info][gc,heap     ] GC(35) ParOldGen: 472936K(473088K)->489048K(489472K)
[11.105s][info][gc,metaspace] GC(35) Metaspace: 8508K(8640K)->8508K(8640K) NonClass: 7500K(7552K)->7500K(7552K) Class: 1008K(1088K)->1008K(1088K)
[11.105s][info][gc          ] GC(35) Pause Young (Allocation Failure) 754M->493M(779M) 49.298ms
[11.105s][info][gc,cpu      ] GC(35) User=0.08s Sys=0.02s Real=0.05s
[11.358s][info][gc,start    ] GC(36) Pause Young (Allocation Failure)
[11.408s][info][gc,heap     ] GC(36) PSYoungGen: 302016K(308224K)->15744K(309248K) Eden: 286208K(286208K)->0K(286208K) From: 15808K(22016K)->15744K(23040K)
[11.408s][info][gc,heap     ] GC(36) ParOldGen: 489048K(489472K)->504736K(504832K)
[11.408s][info][gc,metaspace] GC(36) Metaspace: 8508K(8640K)->8508K(8640K) NonClass: 7500K(7552K)->7500K(7552K) Class: 1008K(1088K)->1008K(1088K)
[11.408s][info][gc          ] GC(36) Pause Young (Allocation Failure) 772M->508M(795M) 49.939ms
[11.408s][info][gc,cpu      ] GC(36) User=0.09s Sys=0.01s Real=0.05s
[11.655s][info][gc,start    ] GC(37) Pause Young (Allocation Failure)
[11.705s][info][gc,heap     ] GC(37) PSYoungGen: 301952K(309248K)->16160K(309248K) Eden: 286208K(286208K)->0K(288256K) From: 15744K(23040K)->16160K(20992K)
[11.705s][info][gc,heap     ] GC(37) ParOldGen: 504736K(504832K)->520400K(520704K)
[11.705s][info][gc,metaspace] GC(37) Metaspace: 8508K(8640K)->8508K(8640K) NonClass: 7500K(7552K)->7500K(7552K) Class: 1008K(1088K)->1008K(1088K)
[11.705s][info][gc          ] GC(37) Pause Young (Allocation Failure) 787M->523M(810M) 50.433ms
[11.705s][info][gc,cpu      ] GC(37) User=0.09s Sys=0.00s Real=0.05s
[11.955s][info][gc,start    ] GC(38) Pause Young (Allocation Failure)
[12.007s][info][gc,heap     ] GC(38) PSYoungGen: 304416K(309248K)->16768K(310272K) Eden: 288256K(288256K)->0K(288256K) From: 16160K(20992K)->16768K(22016K)
[12.007s][info][gc,heap     ] GC(38) ParOldGen: 520400K(520704K)->535816K(536064K)
[12.007s][info][gc,metaspace] GC(38) Metaspace: 8508K(8640K)->8508K(8640K) NonClass: 7500K(7552K)->7500K(7552K) Class: 1008K(1088K)->1008K(1088K)
[12.007s][info][gc          ] GC(38) Pause Young (Allocation Failure) 805M->539M(826M) 51.405ms
[12.007s][info][gc,cpu      ] GC(38) User=0.09s Sys=0.01s Real=0.05s
[12.258s][info][gc,start    ] GC(39) Pause Young (Allocation Failure)
[12.309s][info][gc,heap     ] GC(39) PSYoungGen: 305024K(310272K)->16480K(310272K) Eden: 288256K(288256K)->0K(290304K) From: 16768K(22016K)->16480K(19968K)
[12.309s][info][gc,heap     ] GC(39) ParOldGen: 535816K(536064K)->551776K(551936K)
[12.309s][info][gc,metaspace] GC(39) Metaspace: 8508K(8640K)->8508K(8640K) NonClass: 7500K(7552K)->7500K(7552K) Class: 1008K(1088K)->1008K(1088K)
[12.309s][info][gc          ] GC(39) Pause Young (Allocation Failure) 821M->554M(842M) 51.699ms
[12.309s][info][gc,cpu      ] GC(39) User=0.09s Sys=0.02s Real=0.06s
[12.563s][info][gc,start    ] GC(40) Pause Young (Allocation Failure)
[12.615s][info][gc,heap     ] GC(40) PSYoungGen: 306784K(310272K)->16832K(311296K) Eden: 290304K(290304K)->0K(290304K) From: 16480K(19968K)->16832K(20992K)
[12.615s][info][gc,heap     ] GC(40) ParOldGen: 551776K(551936K)->567368K(567808K)
[12.615s][info][gc,metaspace] GC(40) Metaspace: 8508K(8640K)->8508K(8640K) NonClass: 7500K(7552K)->7500K(7552K) Class: 1008K(1088K)->1008K(1088K)
[12.615s][info][gc          ] GC(40) Pause Young (Allocation Failure) 838M->570M(858M) 52.226ms
[12.615s][info][gc,cpu      ] GC(40) User=0.09s Sys=0.00s Real=0.05s
[12.868s][info][gc,start    ] GC(41) Pause Young (Allocation Failure)
[12.918s][info][gc,heap     ] GC(41) PSYoungGen: 307136K(311296K)->15584K(311808K) Eden: 290304K(290304K)->0K(291840K) From: 16832K(20992K)->15584K(19968K)
[12.918s][info][gc,heap     ] GC(41) ParOldGen: 567368K(567808K)->583472K(583680K)
[12.918s][info][gc,metaspace] GC(41) Metaspace: 8508K(8640K)->8508K(8640K) NonClass: 7500K(7552K)->7500K(7552K) Class: 1008K(1088K)->1008K(1088K)
[12.918s][info][gc          ] GC(41) Pause Young (Allocation Failure) 854M->585M(874M) 50.353ms
[12.918s][info][gc,cpu      ] GC(41) User=0.09s Sys=0.01s Real=0.05s
[13.179s][info][gc,start    ] GC(42) Pause Young (Allocation Failure)
[13.232s][info][gc,heap     ] GC(42) PSYoungGen: 307424K(311808K)->17536K(312320K) Eden: 291840K(291840K)->0K(291840K) From: 15584K(19968K)->17536K(20480K)
[13.232s][info][gc,heap     ] GC(42) ParOldGen: 583472K(583680K)->599048K(599552K)
[13.232s][info][gc,metaspace] GC(42) Metaspace: 8508K(8640K)->8508K(8640K) NonClass: 7500K(7552K)->7500K(7552K) Class: 1008K(1088K)->1008K(1088K)
[13.232s][info][gc          ] GC(42) Pause Young (Allocation Failure) 870M->602M(890M) 53.066ms
[13.232s][info][gc,cpu      ] GC(42) User=0.10s Sys=0.02s Real=0.05s
[13.482s][info][gc,start    ] GC(43) Pause Young (Allocation Failure)
[13.536s][info][gc,heap     ] GC(43) PSYoungGen: 309376K(312320K)->16448K(312832K) Eden: 291840K(291840K)->0K(292352K) From: 17536K(20480K)->16448K(20480K)
[13.536s][info][gc,heap     ] GC(43) ParOldGen: 599048K(599552K)->615656K(615936K)
[13.536s][info][gc,metaspace] GC(43) Metaspace: 8508K(8640K)->8508K(8640K) NonClass: 7500K(7552K)->7500K(7552K) Class: 1008K(1088K)->1008K(1088K)
[13.536s][info][gc          ] GC(43) Pause Young (Allocation Failure) 887M->617M(907M) 53.230ms
[13.536s][info][gc,cpu      ] GC(43) User=0.08s Sys=0.01s Real=0.05s
[13.792s][info][gc,start    ] GC(44) Pause Young (Allocation Failure)
[13.844s][info][gc,heap     ] GC(44) PSYoungGen: 308800K(312832K)->16832K(312832K) Eden: 292352K(292352K)->0K(292352K) From: 16448K(20480K)->16832K(20480K)
[13.844s][info][gc,heap     ] GC(44) ParOldGen: 615656K(615936K)->631472K(631808K)
[13.844s][info][gc,metaspace] GC(44) Metaspace: 8508K(8640K)->8508K(8640K) NonClass: 7500K(7552K)->7500K(7552K) Class: 1008K(1088K)->1008K(1088K)
[13.844s][info][gc          ] GC(44) Pause Young (Allocation Failure) 902M->633M(922M) 51.944ms
[13.844s][info][gc,cpu      ] GC(44) User=0.08s Sys=0.02s Real=0.05s
[14.091s][info][gc,start    ] GC(45) Pause Young (Allocation Failure)
[14.143s][info][gc,heap     ] GC(45) PSYoungGen: 309184K(312832K)->16128K(312320K) Eden: 292352K(292352K)->0K(292864K) From: 16832K(20480K)->16128K(19456K)
[14.143s][info][gc,heap     ] GC(45) ParOldGen: 631472K(631808K)->647416K(647680K)
[14.143s][info][gc,metaspace] GC(45) Metaspace: 8508K(8640K)->8508K(8640K) NonClass: 7500K(7552K)->7500K(7552K) Class: 1008K(1088K)->1008K(1088K)
[14.143s][info][gc          ] GC(45) Pause Young (Allocation Failure) 918M->647M(937M) 51.670ms
[14.143s][info][gc,cpu      ] GC(45) User=0.09s Sys=0.01s Real=0.05s
[14.394s][info][gc,start    ] GC(46) Pause Young (Allocation Failure)
[14.444s][info][gc,heap     ] GC(46) PSYoungGen: 308992K(312320K)->15680K(312832K) Eden: 292864K(292864K)->0K(292864K) From: 16128K(19456K)->15680K(19968K)
[14.444s][info][gc,heap     ] GC(46) ParOldGen: 647416K(647680K)->663072K(663552K)
[14.444s][info][gc,metaspace] GC(46) Metaspace: 8508K(8640K)->8508K(8640K) NonClass: 7500K(7552K)->7500K(7552K) Class: 1008K(1088K)->1008K(1088K)
[14.444s][info][gc          ] GC(46) Pause Young (Allocation Failure) 933M->662M(953M) 49.231ms
[14.444s][info][gc,cpu      ] GC(46) User=0.09s Sys=0.01s Real=0.05s
[14.704s][info][gc,start    ] GC(47) Pause Full (Allocation Failure)
[14.704s][info][gc,phases,start] GC(47) Marking Phase
[15.308s][info][gc,phases      ] GC(47) Marking Phase 603.430ms
[15.308s][info][gc,phases,start] GC(47) Summary Phase
[15.308s][info][gc,phases      ] GC(47) Summary Phase 0.028ms
[15.308s][info][gc,phases,start] GC(47) Forward
[15.500s][info][gc,phases      ] GC(47) Forward 192.121ms
[15.500s][info][gc,phases,start] GC(47) Adjust Pointers
[15.869s][info][gc,phases      ] GC(47) Adjust Pointers 369.323ms
[15.869s][info][gc,phases,start] GC(47) Compaction Phase
[16.152s][info][gc,phases      ] GC(47) Compaction Phase 282.155ms
[16.152s][info][gc,phases,start] GC(47) Post Compact
[16.155s][info][gc,phases      ] GC(47) Post Compact 2.989ms
[16.155s][info][gc,heap        ] GC(47) PSYoungGen: 308544K(312832K)->28570K(312320K) Eden: 292864K(292864K)->28570K(292864K) From: 15680K(19968K)->0K(19456K)
[16.155s][info][gc,heap        ] GC(47) ParOldGen: 663072K(663552K)->663534K(667648K)
[16.155s][info][gc,metaspace   ] GC(47) Metaspace: 8508K(8640K)->8508K(8640K) NonClass: 7500K(7552K)->7500K(7552K) Class: 1008K(1088K)->1008K(1088K)
[16.155s][info][gc             ] GC(47) Pause Full (Allocation Failure) 948M->675M(957M) 1450.541ms
[16.155s][info][gc,cpu         ] GC(47) User=2.82s Sys=0.03s Real=1.45s
[16.381s][info][gc,start       ] GC(48) Pause Full (Allocation Failure)
[16.381s][info][gc,phases,start] GC(48) Marking Phase
[16.971s][info][gc,phases      ] GC(48) Marking Phase 590.194ms
[16.971s][info][gc,phases,start] GC(48) Summary Phase
[16.971s][info][gc,phases      ] GC(48) Summary Phase 0.041ms
[16.971s][info][gc,phases,start] GC(48) Forward
[17.159s][info][gc,phases      ] GC(48) Forward 188.016ms
[17.159s][info][gc,phases,start] GC(48) Adjust Pointers
[17.525s][info][gc,phases      ] GC(48) Adjust Pointers 365.725ms
[17.525s][info][gc,phases,start] GC(48) Compaction Phase
[17.751s][info][gc,phases      ] GC(48) Compaction Phase 225.607ms
[17.751s][info][gc,phases,start] GC(48) Post Compact
[17.754s][info][gc,phases      ] GC(48) Post Compact 2.660ms
[17.754s][info][gc,heap        ] GC(48) PSYoungGen: 292864K(312320K)->38844K(312832K) Eden: 292864K(292864K)->38844K(292864K) From: 0K(19456K)->0K(19968K)
[17.754s][info][gc,heap        ] GC(48) ParOldGen: 663534K(667648K)->667629K(667648K)
[17.754s][info][gc,metaspace   ] GC(48) Metaspace: 8508K(8640K)->8508K(8640K) NonClass: 7500K(7552K)->7500K(7552K) Class: 1008K(1088K)->1008K(1088K)
[17.754s][info][gc             ] GC(48) Pause Full (Allocation Failure) 933M->689M(957M) 1372.690ms
[17.754s][info][gc,cpu         ] GC(48) User=2.71s Sys=0.01s Real=1.37s
[17.971s][info][gc,start       ] GC(49) Pause Full (Allocation Failure)
[17.972s][info][gc,phases,start] GC(49) Marking Phase
[18.574s][info][gc,phases      ] GC(49) Marking Phase 602.518ms
[18.574s][info][gc,phases,start] GC(49) Summary Phase
[18.574s][info][gc,phases      ] GC(49) Summary Phase 0.026ms
[18.574s][info][gc,phases,start] GC(49) Forward
[18.613s][info][gc,phases      ] GC(49) Forward 39.275ms
[18.613s][info][gc,phases,start] GC(49) Adjust Pointers
[18.913s][info][gc,phases      ] GC(49) Adjust Pointers 300.043ms
[18.914s][info][gc,phases,start] GC(49) Compaction Phase
[19.083s][info][gc,phases      ] GC(49) Compaction Phase 169.311ms
[19.083s][info][gc,phases,start] GC(49) Post Compact
[19.085s][info][gc,phases      ] GC(49) Post Compact 2.581ms
[19.086s][info][gc,heap        ] GC(49) PSYoungGen: 292864K(312832K)->52673K(312320K) Eden: 292864K(292864K)->52673K(292864K) From: 0K(19968K)->0K(19456K)
[19.086s][info][gc,heap        ] GC(49) ParOldGen: 667629K(667648K)->667629K(667648K)
[19.086s][info][gc,metaspace   ] GC(49) Metaspace: 8508K(8640K)->8508K(8640K) NonClass: 7500K(7552K)->7500K(7552K) Class: 1008K(1088K)->1008K(1088K)
[19.086s][info][gc             ] GC(49) Pause Full (Allocation Failure) 937M->703M(957M) 1114.117ms
[19.086s][info][gc,cpu         ] GC(49) User=2.20s Sys=0.00s Real=1.11s
[19.292s][info][gc,start       ] GC(50) Pause Full (Allocation Failure)
[19.292s][info][gc,phases,start] GC(50) Marking Phase
[19.903s][info][gc,phases      ] GC(50) Marking Phase 610.972ms
[19.903s][info][gc,phases,start] GC(50) Summary Phase
[19.903s][info][gc,phases      ] GC(50) Summary Phase 0.025ms
[19.903s][info][gc,phases,start] GC(50) Forward
[19.937s][info][gc,phases      ] GC(50) Forward 33.286ms
[19.937s][info][gc,phases,start] GC(50) Adjust Pointers
[20.230s][info][gc,phases      ] GC(50) Adjust Pointers 293.442ms
[20.230s][info][gc,phases,start] GC(50) Compaction Phase
[20.391s][info][gc,phases      ] GC(50) Compaction Phase 160.957ms
[20.391s][info][gc,phases,start] GC(50) Post Compact
[20.394s][info][gc,phases      ] GC(50) Post Compact 2.575ms
[20.394s][info][gc,heap        ] GC(50) PSYoungGen: 292864K(312320K)->64536K(312832K) Eden: 292864K(292864K)->64536K(292864K) From: 0K(19456K)->0K(19968K)
[20.394s][info][gc,heap        ] GC(50) ParOldGen: 667629K(667648K)->667629K(667648K)
[20.394s][info][gc,metaspace   ] GC(50) Metaspace: 8508K(8640K)->8508K(8640K) NonClass: 7500K(7552K)->7500K(7552K) Class: 1008K(1088K)->1008K(1088K)
[20.394s][info][gc             ] GC(50) Pause Full (Allocation Failure) 937M->715M(957M) 1101.637ms
[20.394s][info][gc,cpu         ] GC(50) User=2.16s Sys=0.00s Real=1.10s
[20.593s][info][gc,start       ] GC(51) Pause Full (Allocation Failure)
[20.593s][info][gc,phases,start] GC(51) Marking Phase
[21.228s][info][gc,phases      ] GC(51) Marking Phase 634.801ms
[21.228s][info][gc,phases,start] GC(51) Summary Phase
[21.228s][info][gc,phases      ] GC(51) Summary Phase 0.025ms
[21.228s][info][gc,phases,start] GC(51) Forward
[21.284s][info][gc,phases      ] GC(51) Forward 56.330ms
[21.284s][info][gc,phases,start] GC(51) Adjust Pointers
[21.590s][info][gc,phases      ] GC(51) Adjust Pointers 305.413ms
[21.590s][info][gc,phases,start] GC(51) Compaction Phase
[21.759s][info][gc,phases      ] GC(51) Compaction Phase 169.569ms
[21.760s][info][gc,phases,start] GC(51) Post Compact
[21.762s][info][gc,phases      ] GC(51) Post Compact 2.623ms
[21.762s][info][gc,heap        ] GC(51) PSYoungGen: 292864K(312832K)->77266K(312320K) Eden: 292864K(292864K)->77266K(292864K) From: 0K(19968K)->0K(19456K)
[21.762s][info][gc,heap        ] GC(51) ParOldGen: 667629K(667648K)->667629K(667648K)
[21.762s][info][gc,metaspace   ] GC(51) Metaspace: 8508K(8640K)->8508K(8640K) NonClass: 7500K(7552K)->7500K(7552K) Class: 1008K(1088K)->1008K(1088K)
[21.762s][info][gc             ] GC(51) Pause Full (Allocation Failure) 937M->727M(957M) 1169.177ms
[21.762s][info][gc,cpu         ] GC(51) User=2.30s Sys=0.00s Real=1.17s
[21.948s][info][gc,start       ] GC(52) Pause Full (Allocation Failure)
[21.948s][info][gc,phases,start] GC(52) Marking Phase
[22.583s][info][gc,phases      ] GC(52) Marking Phase 634.782ms
[22.583s][info][gc,phases,start] GC(52) Summary Phase
[22.583s][info][gc,phases      ] GC(52) Summary Phase 0.027ms
[22.583s][info][gc,phases,start] GC(52) Forward
[22.697s][info][gc,phases      ] GC(52) Forward 114.234ms
[22.697s][info][gc,phases,start] GC(52) Adjust Pointers
[23.032s][info][gc,phases      ] GC(52) Adjust Pointers 334.711ms
[23.032s][info][gc,phases,start] GC(52) Compaction Phase
[23.225s][info][gc,phases      ] GC(52) Compaction Phase 193.114ms
[23.225s][info][gc,phases,start] GC(52) Post Compact
[23.228s][info][gc,phases      ] GC(52) Post Compact 2.641ms
[23.228s][info][gc,heap        ] GC(52) PSYoungGen: 292864K(312320K)->88541K(312832K) Eden: 292864K(292864K)->88541K(292864K) From: 0K(19456K)->0K(19968K)
[23.228s][info][gc,heap        ] GC(52) ParOldGen: 667629K(667648K)->667627K(667648K)
[23.228s][info][gc,metaspace   ] GC(52) Metaspace: 8508K(8640K)->8508K(8640K) NonClass: 7500K(7552K)->7500K(7552K) Class: 1008K(1088K)->1008K(1088K)
[23.228s][info][gc             ] GC(52) Pause Full (Allocation Failure) 937M->738M(957M) 1279.915ms
[23.228s][info][gc,cpu         ] GC(52) User=2.51s Sys=0.00s Real=1.28s
[23.400s][info][gc,start       ] GC(53) Pause Full (Allocation Failure)
[23.400s][info][gc,phases,start] GC(53) Marking Phase
[24.041s][info][gc,phases      ] GC(53) Marking Phase 641.001ms
[24.041s][info][gc,phases,start] GC(53) Summary Phase
[24.041s][info][gc,phases      ] GC(53) Summary Phase 0.025ms
[24.041s][info][gc,phases,start] GC(53) Forward
[24.085s][info][gc,phases      ] GC(53) Forward 43.671ms
[24.085s][info][gc,phases,start] GC(53) Adjust Pointers
[24.389s][info][gc,phases      ] GC(53) Adjust Pointers 304.058ms
[24.389s][info][gc,phases,start] GC(53) Compaction Phase
[24.570s][info][gc,phases      ] GC(53) Compaction Phase 180.888ms
[24.570s][info][gc,phases,start] GC(53) Post Compact
[24.573s][info][gc,phases      ] GC(53) Post Compact 2.639ms
[24.573s][info][gc,heap        ] GC(53) PSYoungGen: 292864K(312832K)->99145K(312320K) Eden: 292864K(292864K)->99145K(292864K) From: 0K(19968K)->0K(19456K)
[24.573s][info][gc,heap        ] GC(53) ParOldGen: 667627K(667648K)->667627K(667648K)
[24.573s][info][gc,metaspace   ] GC(53) Metaspace: 8508K(8640K)->8508K(8640K) NonClass: 7500K(7552K)->7500K(7552K) Class: 1008K(1088K)->1008K(1088K)
[24.573s][info][gc             ] GC(53) Pause Full (Allocation Failure) 937M->748M(957M) 1172.715ms
[24.573s][info][gc,cpu         ] GC(53) User=2.30s Sys=0.00s Real=1.17s
[24.756s][info][gc,start       ] GC(54) Pause Full (Allocation Failure)
[24.756s][info][gc,phases,start] GC(54) Marking Phase
[25.459s][info][gc,phases      ] GC(54) Marking Phase 703.104ms
[25.459s][info][gc,phases,start] GC(54) Summary Phase
[25.459s][info][gc,phases      ] GC(54) Summary Phase 0.026ms
[25.459s][info][gc,phases,start] GC(54) Forward
[25.518s][info][gc,phases      ] GC(54) Forward 58.610ms
[25.518s][info][gc,phases,start] GC(54) Adjust Pointers
[25.853s][info][gc,phases      ] GC(54) Adjust Pointers 335.439ms
[25.853s][info][gc,phases,start] GC(54) Compaction Phase
[26.055s][info][gc,phases      ] GC(54) Compaction Phase 201.452ms
[26.055s][info][gc,phases,start] GC(54) Post Compact
[26.057s][info][gc,phases      ] GC(54) Post Compact 2.572ms
[26.057s][info][gc,heap        ] GC(54) PSYoungGen: 292864K(312320K)->109589K(312832K) Eden: 292864K(292864K)->109589K(292864K) From: 0K(19456K)->0K(19968K)
[26.057s][info][gc,heap        ] GC(54) ParOldGen: 667627K(667648K)->667627K(667648K)
[26.058s][info][gc,metaspace   ] GC(54) Metaspace: 8508K(8640K)->8508K(8640K) NonClass: 7500K(7552K)->7500K(7552K) Class: 1008K(1088K)->1008K(1088K)
[26.058s][info][gc             ] GC(54) Pause Full (Allocation Failure) 937M->759M(957M) 1301.619ms
[26.058s][info][gc,cpu         ] GC(54) User=2.54s Sys=0.01s Real=1.30s
[26.219s][info][gc,start       ] GC(55) Pause Full (Allocation Failure)
[26.219s][info][gc,phases,start] GC(55) Marking Phase
[26.886s][info][gc,phases      ] GC(55) Marking Phase 667.061ms
[26.886s][info][gc,phases,start] GC(55) Summary Phase
[26.886s][info][gc,phases      ] GC(55) Summary Phase 0.025ms
[26.886s][info][gc,phases,start] GC(55) Forward
[26.943s][info][gc,phases      ] GC(55) Forward 56.503ms
[26.943s][info][gc,phases,start] GC(55) Adjust Pointers
[27.261s][info][gc,phases      ] GC(55) Adjust Pointers 317.861ms
[27.261s][info][gc,phases,start] GC(55) Compaction Phase
[27.450s][info][gc,phases      ] GC(55) Compaction Phase 188.803ms
[27.450s][info][gc,phases,start] GC(55) Post Compact
[27.452s][info][gc,phases      ] GC(55) Post Compact 2.617ms
[27.452s][info][gc,heap        ] GC(55) PSYoungGen: 292864K(312832K)->120899K(312320K) Eden: 292864K(292864K)->120899K(292864K) From: 0K(19968K)->0K(19456K)
[27.452s][info][gc,heap        ] GC(55) ParOldGen: 667627K(667648K)->667627K(667648K)
[27.452s][info][gc,metaspace   ] GC(55) Metaspace: 8508K(8640K)->8508K(8640K) NonClass: 7500K(7552K)->7500K(7552K) Class: 1008K(1088K)->1008K(1088K)
[27.452s][info][gc             ] GC(55) Pause Full (Allocation Failure) 937M->770M(957M) 1233.239ms
[27.452s][info][gc,cpu         ] GC(55) User=2.41s Sys=0.00s Real=1.23s
[27.598s][info][gc,start       ] GC(56) Pause Full (Allocation Failure)
[27.598s][info][gc,phases,start] GC(56) Marking Phase
[28.283s][info][gc,phases      ] GC(56) Marking Phase 685.440ms
[28.283s][info][gc,phases,start] GC(56) Summary Phase
[28.283s][info][gc,phases      ] GC(56) Summary Phase 0.024ms
[28.283s][info][gc,phases,start] GC(56) Forward
[28.338s][info][gc,phases      ] GC(56) Forward 54.488ms
[28.338s][info][gc,phases,start] GC(56) Adjust Pointers
[28.653s][info][gc,phases      ] GC(56) Adjust Pointers 315.012ms
[28.653s][info][gc,phases,start] GC(56) Compaction Phase
[28.833s][info][gc,phases      ] GC(56) Compaction Phase 179.634ms
[28.833s][info][gc,phases,start] GC(56) Post Compact
[28.835s][info][gc,phases      ] GC(56) Post Compact 2.592ms
[28.835s][info][gc,heap        ] GC(56) PSYoungGen: 292864K(312320K)->129702K(312832K) Eden: 292864K(292864K)->129702K(292864K) From: 0K(19456K)->0K(19968K)
[28.835s][info][gc,heap        ] GC(56) ParOldGen: 667627K(667648K)->667627K(667648K)
[28.835s][info][gc,metaspace   ] GC(56) Metaspace: 8508K(8640K)->8508K(8640K) NonClass: 7500K(7552K)->7500K(7552K) Class: 1008K(1088K)->1008K(1088K)
[28.835s][info][gc             ] GC(56) Pause Full (Allocation Failure) 937M->778M(957M) 1237.580ms
[28.835s][info][gc,cpu         ] GC(56) User=2.42s Sys=0.00s Real=1.24s
[28.980s][info][gc,start       ] GC(57) Pause Full (Allocation Failure)
[28.980s][info][gc,phases,start] GC(57) Marking Phase
[29.689s][info][gc,phases      ] GC(57) Marking Phase 709.666ms
[29.689s][info][gc,phases,start] GC(57) Summary Phase
[29.689s][info][gc,phases      ] GC(57) Summary Phase 0.025ms
[29.689s][info][gc,phases,start] GC(57) Forward
[29.746s][info][gc,phases      ] GC(57) Forward 56.951ms
[29.746s][info][gc,phases,start] GC(57) Adjust Pointers
[30.074s][info][gc,phases      ] GC(57) Adjust Pointers 327.565ms
[30.074s][info][gc,phases,start] GC(57) Compaction Phase
[30.258s][info][gc,phases      ] GC(57) Compaction Phase 184.191ms
[30.258s][info][gc,phases,start] GC(57) Post Compact
[30.261s][info][gc,phases      ] GC(57) Post Compact 2.579ms
[30.261s][info][gc,heap        ] GC(57) PSYoungGen: 292864K(312832K)->138719K(312320K) Eden: 292864K(292864K)->138719K(292864K) From: 0K(19968K)->0K(19456K)
[30.261s][info][gc,heap        ] GC(57) ParOldGen: 667627K(667648K)->667627K(667648K)
[30.261s][info][gc,metaspace   ] GC(57) Metaspace: 8508K(8640K)->8508K(8640K) NonClass: 7500K(7552K)->7500K(7552K) Class: 1008K(1088K)->1008K(1088K)
[30.261s][info][gc             ] GC(57) Pause Full (Allocation Failure) 937M->787M(957M) 1281.378ms
[30.261s][info][gc,cpu         ] GC(57) User=2.49s Sys=0.00s Real=1.28s
[30.403s][info][gc,start       ] GC(58) Pause Full (Allocation Failure)
[30.403s][info][gc,phases,start] GC(58) Marking Phase
[31.119s][info][gc,phases      ] GC(58) Marking Phase 715.613ms
[31.119s][info][gc,phases,start] GC(58) Summary Phase
[31.119s][info][gc,phases      ] GC(58) Summary Phase 0.024ms
[31.119s][info][gc,phases,start] GC(58) Forward
[31.179s][info][gc,phases      ] GC(58) Forward 59.980ms
[31.179s][info][gc,phases,start] GC(58) Adjust Pointers
[31.509s][info][gc,phases      ] GC(58) Adjust Pointers 330.398ms
[31.509s][info][gc,phases,start] GC(58) Compaction Phase
[31.700s][info][gc,phases      ] GC(58) Compaction Phase 190.714ms
[31.700s][info][gc,phases,start] GC(58) Post Compact
[31.703s][info][gc,phases      ] GC(58) Post Compact 2.635ms
[31.703s][info][gc,heap        ] GC(58) PSYoungGen: 292864K(312320K)->147538K(312832K) Eden: 292864K(292864K)->147538K(292864K) From: 0K(19456K)->0K(19968K)
[31.703s][info][gc,heap        ] GC(58) ParOldGen: 667627K(667648K)->667627K(667648K)
[31.703s][info][gc,metaspace   ] GC(58) Metaspace: 8508K(8640K)->8508K(8640K) NonClass: 7500K(7552K)->7500K(7552K) Class: 1008K(1088K)->1008K(1088K)
[31.703s][info][gc             ] GC(58) Pause Full (Allocation Failure) 937M->796M(957M) 1299.761ms
[31.703s][info][gc,cpu         ] GC(58) User=2.53s Sys=0.00s Real=1.30s
[31.832s][info][gc,start       ] GC(59) Pause Full (Allocation Failure)
[31.832s][info][gc,phases,start] GC(59) Marking Phase
[32.580s][info][gc,phases      ] GC(59) Marking Phase 747.412ms
[32.580s][info][gc,phases,start] GC(59) Summary Phase
[32.580s][info][gc,phases      ] GC(59) Summary Phase 0.027ms
[32.580s][info][gc,phases,start] GC(59) Forward
[32.645s][info][gc,phases      ] GC(59) Forward 65.636ms
[32.645s][info][gc,phases,start] GC(59) Adjust Pointers
[32.982s][info][gc,phases      ] GC(59) Adjust Pointers 336.618ms
[32.982s][info][gc,phases,start] GC(59) Compaction Phase
[33.170s][info][gc,phases      ] GC(59) Compaction Phase 188.022ms
[33.170s][info][gc,phases,start] GC(59) Post Compact
[33.173s][info][gc,phases      ] GC(59) Post Compact 2.608ms
[33.173s][info][gc,heap        ] GC(59) PSYoungGen: 292864K(312832K)->154980K(312320K) Eden: 292864K(292864K)->154980K(292864K) From: 0K(19968K)->0K(19456K)
[33.173s][info][gc,heap        ] GC(59) ParOldGen: 667627K(667648K)->667627K(667648K)
[33.173s][info][gc,metaspace   ] GC(59) Metaspace: 8508K(8640K)->8508K(8640K) NonClass: 7500K(7552K)->7500K(7552K) Class: 1008K(1088K)->1008K(1088K)
[33.173s][info][gc             ] GC(59) Pause Full (Allocation Failure) 937M->803M(957M) 1340.737ms
[33.173s][info][gc,cpu         ] GC(59) User=2.61s Sys=0.01s Real=1.34s
[33.297s][info][gc,start       ] GC(60) Pause Full (Allocation Failure)
[33.297s][info][gc,phases,start] GC(60) Marking Phase
[34.020s][info][gc,phases      ] GC(60) Marking Phase 723.413ms
[34.021s][info][gc,phases,start] GC(60) Summary Phase
[34.021s][info][gc,phases      ] GC(60) Summary Phase 0.028ms
[34.021s][info][gc,phases,start] GC(60) Forward
[34.082s][info][gc,phases      ] GC(60) Forward 61.044ms
[34.082s][info][gc,phases,start] GC(60) Adjust Pointers
[34.412s][info][gc,phases      ] GC(60) Adjust Pointers 330.151ms
[34.412s][info][gc,phases,start] GC(60) Compaction Phase
[34.598s][info][gc,phases      ] GC(60) Compaction Phase 185.938ms
[34.598s][info][gc,phases,start] GC(60) Post Compact
[34.601s][info][gc,phases      ] GC(60) Post Compact 2.614ms
[34.601s][info][gc,heap        ] GC(60) PSYoungGen: 292864K(312320K)->162008K(312832K) Eden: 292864K(292864K)->162008K(292864K) From: 0K(19456K)->0K(19968K)
[34.601s][info][gc,heap        ] GC(60) ParOldGen: 667627K(667648K)->667627K(667648K)
[34.601s][info][gc,metaspace   ] GC(60) Metaspace: 8508K(8640K)->8508K(8640K) NonClass: 7500K(7552K)->7500K(7552K) Class: 1008K(1088K)->1008K(1088K)
[34.601s][info][gc             ] GC(60) Pause Full (Allocation Failure) 937M->810M(957M) 1303.611ms
[34.601s][info][gc,cpu         ] GC(60) User=2.55s Sys=0.00s Real=1.31s
[34.716s][info][gc,start       ] GC(61) Pause Full (Allocation Failure)
[34.716s][info][gc,phases,start] GC(61) Marking Phase
[35.452s][info][gc,phases      ] GC(61) Marking Phase 735.681ms
[35.452s][info][gc,phases,start] GC(61) Summary Phase
[35.452s][info][gc,phases      ] GC(61) Summary Phase 0.025ms
[35.452s][info][gc,phases,start] GC(61) Forward
[35.513s][info][gc,phases      ] GC(61) Forward 60.802ms
[35.513s][info][gc,phases,start] GC(61) Adjust Pointers
[35.851s][info][gc,phases      ] GC(61) Adjust Pointers 338.076ms
[35.851s][info][gc,phases,start] GC(61) Compaction Phase
[36.037s][info][gc,phases      ] GC(61) Compaction Phase 186.408ms
[36.037s][info][gc,phases,start] GC(61) Post Compact
[36.040s][info][gc,phases      ] GC(61) Post Compact 2.577ms
[36.040s][info][gc,heap        ] GC(61) PSYoungGen: 292864K(312832K)->169138K(312320K) Eden: 292864K(292864K)->169138K(292864K) From: 0K(19968K)->0K(19456K)
[36.040s][info][gc,heap        ] GC(61) ParOldGen: 667627K(667648K)->667627K(667648K)
[36.040s][info][gc,metaspace   ] GC(61) Metaspace: 8508K(8640K)->8508K(8640K) NonClass: 7500K(7552K)->7500K(7552K) Class: 1008K(1088K)->1008K(1088K)
[36.040s][info][gc             ] GC(61) Pause Full (Allocation Failure) 937M->817M(957M) 1323.963ms
[36.040s][info][gc,cpu         ] GC(61) User=2.59s Sys=0.00s Real=1.33s
[36.149s][info][gc,start       ] GC(62) Pause Full (Allocation Failure)
[36.149s][info][gc,phases,start] GC(62) Marking Phase
[36.895s][info][gc,phases      ] GC(62) Marking Phase 745.441ms
[36.895s][info][gc,phases,start] GC(62) Summary Phase
[36.895s][info][gc,phases      ] GC(62) Summary Phase 0.026ms
[36.895s][info][gc,phases,start] GC(62) Forward
[36.960s][info][gc,phases      ] GC(62) Forward 64.838ms
[36.960s][info][gc,phases,start] GC(62) Adjust Pointers
[37.297s][info][gc,phases      ] GC(62) Adjust Pointers 337.335ms
[37.297s][info][gc,phases,start] GC(62) Compaction Phase
[37.498s][info][gc,phases      ] GC(62) Compaction Phase 201.077ms
[37.498s][info][gc,phases,start] GC(62) Post Compact
[37.501s][info][gc,phases      ] GC(62) Post Compact 2.646ms
[37.501s][info][gc,heap        ] GC(62) PSYoungGen: 292864K(312320K)->175514K(312832K) Eden: 292864K(292864K)->175514K(292864K) From: 0K(19456K)->0K(19968K)
[37.501s][info][gc,heap        ] GC(62) ParOldGen: 667627K(667648K)->667627K(667648K)
[37.501s][info][gc,metaspace   ] GC(62) Metaspace: 8508K(8640K)->8508K(8640K) NonClass: 7500K(7552K)->7500K(7552K) Class: 1008K(1088K)->1008K(1088K)
[37.501s][info][gc             ] GC(62) Pause Full (Allocation Failure) 937M->823M(957M) 1351.775ms
[37.501s][info][gc,cpu         ] GC(62) User=2.64s Sys=0.00s Real=1.35s
[37.608s][info][gc,start       ] GC(63) Pause Full (Allocation Failure)
[37.608s][info][gc,phases,start] GC(63) Marking Phase
[38.359s][info][gc,phases      ] GC(63) Marking Phase 750.362ms
[38.359s][info][gc,phases,start] GC(63) Summary Phase
[38.359s][info][gc,phases      ] GC(63) Summary Phase 0.027ms
[38.359s][info][gc,phases,start] GC(63) Forward
[38.450s][info][gc,phases      ] GC(63) Forward 91.568ms
[38.450s][info][gc,phases,start] GC(63) Adjust Pointers
[38.805s][info][gc,phases      ] GC(63) Adjust Pointers 354.973ms
[38.805s][info][gc,phases,start] GC(63) Compaction Phase
[39.006s][info][gc,phases      ] GC(63) Compaction Phase 200.526ms
[39.006s][info][gc,phases,start] GC(63) Post Compact
[39.009s][info][gc,phases      ] GC(63) Post Compact 2.620ms
[39.009s][info][gc,heap        ] GC(63) PSYoungGen: 292864K(312832K)->181557K(312320K) Eden: 292864K(292864K)->181557K(292864K) From: 0K(19968K)->0K(19456K)
[39.009s][info][gc,heap        ] GC(63) ParOldGen: 667627K(667648K)->667627K(667648K)
[39.009s][info][gc,metaspace   ] GC(63) Metaspace: 8508K(8640K)->8508K(8640K) NonClass: 7500K(7552K)->7500K(7552K) Class: 1008K(1088K)->1008K(1088K)
[39.009s][info][gc             ] GC(63) Pause Full (Allocation Failure) 937M->829M(957M) 1400.476ms
[39.009s][info][gc,cpu         ] GC(63) User=2.74s Sys=0.00s Real=1.40s
[39.111s][info][gc,start       ] GC(64) Pause Full (Allocation Failure)
[39.111s][info][gc,phases,start] GC(64) Marking Phase
[39.867s][info][gc,phases      ] GC(64) Marking Phase 756.279ms
[39.868s][info][gc,phases,start] GC(64) Summary Phase
[39.868s][info][gc,phases      ] GC(64) Summary Phase 0.026ms
[39.868s][info][gc,phases,start] GC(64) Forward
[39.930s][info][gc,phases      ] GC(64) Forward 62.676ms
[39.930s][info][gc,phases,start] GC(64) Adjust Pointers
[40.268s][info][gc,phases      ] GC(64) Adjust Pointers 337.344ms
[40.268s][info][gc,phases,start] GC(64) Compaction Phase
[40.461s][info][gc,phases      ] GC(64) Compaction Phase 193.563ms
[40.461s][info][gc,phases,start] GC(64) Post Compact
[40.464s][info][gc,phases      ] GC(64) Post Compact 2.595ms
[40.464s][info][gc,heap        ] GC(64) PSYoungGen: 292864K(312320K)->188376K(312832K) Eden: 292864K(292864K)->188376K(292864K) From: 0K(19456K)->0K(19968K)
[40.464s][info][gc,heap        ] GC(64) ParOldGen: 667627K(667648K)->667627K(667648K)
[40.464s][info][gc,metaspace   ] GC(64) Metaspace: 8508K(8640K)->8508K(8640K) NonClass: 7500K(7552K)->7500K(7552K) Class: 1008K(1088K)->1008K(1088K)
[40.464s][info][gc             ] GC(64) Pause Full (Allocation Failure) 937M->835M(957M) 1352.863ms
[40.464s][info][gc,cpu         ] GC(64) User=2.65s Sys=0.01s Real=1.35s
[40.559s][info][gc,start       ] GC(65) Pause Full (Allocation Failure)
[40.559s][info][gc,phases,start] GC(65) Marking Phase
[41.324s][info][gc,phases      ] GC(65) Marking Phase 765.310ms
[41.324s][info][gc,phases,start] GC(65) Summary Phase
[41.324s][info][gc,phases      ] GC(65) Summary Phase 0.025ms
[41.324s][info][gc,phases,start] GC(65) Forward
[41.388s][info][gc,phases      ] GC(65) Forward 63.906ms
[41.388s][info][gc,phases,start] GC(65) Adjust Pointers
[41.734s][info][gc,phases      ] GC(65) Adjust Pointers 345.940ms
[41.734s][info][gc,phases,start] GC(65) Compaction Phase
[41.933s][info][gc,phases      ] GC(65) Compaction Phase 199.336ms
[41.933s][info][gc,phases,start] GC(65) Post Compact
[41.936s][info][gc,phases      ] GC(65) Post Compact 2.675ms
[41.936s][info][gc,heap        ] GC(65) PSYoungGen: 292864K(312832K)->193340K(312320K) Eden: 292864K(292864K)->193340K(292864K) From: 0K(19968K)->0K(19456K)
[41.936s][info][gc,heap        ] GC(65) ParOldGen: 667627K(667648K)->667627K(667648K)
[41.936s][info][gc,metaspace   ] GC(65) Metaspace: 8508K(8640K)->8508K(8640K) NonClass: 7500K(7552K)->7500K(7552K) Class: 1008K(1088K)->1008K(1088K)
[41.936s][info][gc             ] GC(65) Pause Full (Allocation Failure) 937M->840M(957M) 1377.583ms
[41.936s][info][gc,cpu         ] GC(65) User=2.70s Sys=0.00s Real=1.37s
[42.026s][info][gc,start       ] GC(66) Pause Full (Allocation Failure)
[42.026s][info][gc,phases,start] GC(66) Marking Phase
[42.820s][info][gc,phases      ] GC(66) Marking Phase 793.514ms
[42.820s][info][gc,phases,start] GC(66) Summary Phase
[42.820s][info][gc,phases      ] GC(66) Summary Phase 0.025ms
[42.820s][info][gc,phases,start] GC(66) Forward
[42.885s][info][gc,phases      ] GC(66) Forward 64.954ms
[42.885s][info][gc,phases,start] GC(66) Adjust Pointers
[43.238s][info][gc,phases      ] GC(66) Adjust Pointers 353.387ms
[43.238s][info][gc,phases,start] GC(66) Compaction Phase
[43.439s][info][gc,phases      ] GC(66) Compaction Phase 201.076ms
[43.439s][info][gc,phases,start] GC(66) Post Compact
[43.442s][info][gc,phases      ] GC(66) Post Compact 2.611ms
[43.442s][info][gc,heap        ] GC(66) PSYoungGen: 292864K(312320K)->198778K(312832K) Eden: 292864K(292864K)->198778K(292864K) From: 0K(19456K)->0K(19968K)
[43.442s][info][gc,heap        ] GC(66) ParOldGen: 667627K(667648K)->667627K(667648K)
[43.442s][info][gc,metaspace   ] GC(66) Metaspace: 8508K(8640K)->8508K(8640K) NonClass: 7500K(7552K)->7500K(7552K) Class: 1008K(1088K)->1008K(1088K)
[43.442s][info][gc             ] GC(66) Pause Full (Allocation Failure) 937M->846M(957M) 1415.969ms
[43.442s][info][gc,cpu         ] GC(66) User=2.77s Sys=0.00s Real=1.42s
[43.531s][info][gc,start       ] GC(67) Pause Full (Allocation Failure)
[43.531s][info][gc,phases,start] GC(67) Marking Phase
[44.313s][info][gc,phases      ] GC(67) Marking Phase 782.838ms
[44.313s][info][gc,phases,start] GC(67) Summary Phase
[44.314s][info][gc,phases      ] GC(67) Summary Phase 0.025ms
[44.314s][info][gc,phases,start] GC(67) Forward
[44.377s][info][gc,phases      ] GC(67) Forward 63.835ms
[44.377s][info][gc,phases,start] GC(67) Adjust Pointers
[44.723s][info][gc,phases      ] GC(67) Adjust Pointers 345.861ms
[44.723s][info][gc,phases,start] GC(67) Compaction Phase
[44.925s][info][gc,phases      ] GC(67) Compaction Phase 201.516ms
[44.925s][info][gc,phases,start] GC(67) Post Compact
[44.928s][info][gc,phases      ] GC(67) Post Compact 2.637ms
[44.928s][info][gc,heap        ] GC(67) PSYoungGen: 292864K(312832K)->204347K(312320K) Eden: 292864K(292864K)->204347K(292864K) From: 0K(19968K)->0K(19456K)
[44.928s][info][gc,heap        ] GC(67) ParOldGen: 667627K(667648K)->667627K(667648K)
[44.928s][info][gc,metaspace   ] GC(67) Metaspace: 8508K(8640K)->8508K(8640K) NonClass: 7500K(7552K)->7500K(7552K) Class: 1008K(1088K)->1008K(1088K)
[44.928s][info][gc             ] GC(67) Pause Full (Allocation Failure) 937M->851M(957M) 1397.105ms
[44.928s][info][gc,cpu         ] GC(67) User=2.74s Sys=0.00s Real=1.39s
[45.006s][info][gc,start       ] GC(68) Pause Full (Allocation Failure)
[45.006s][info][gc,phases,start] GC(68) Marking Phase
[45.776s][info][gc,phases      ] GC(68) Marking Phase 769.810ms
[45.776s][info][gc,phases,start] GC(68) Summary Phase
[45.776s][info][gc,phases      ] GC(68) Summary Phase 0.033ms
[45.776s][info][gc,phases,start] GC(68) Forward
[45.839s][info][gc,phases      ] GC(68) Forward 62.912ms
[45.839s][info][gc,phases,start] GC(68) Adjust Pointers
[46.183s][info][gc,phases      ] GC(68) Adjust Pointers 344.008ms
[46.183s][info][gc,phases,start] GC(68) Compaction Phase
[46.379s][info][gc,phases      ] GC(68) Compaction Phase 196.111ms
[46.379s][info][gc,phases,start] GC(68) Post Compact
[46.382s][info][gc,phases      ] GC(68) Post Compact 2.617ms
[46.382s][info][gc,heap        ] GC(68) PSYoungGen: 292864K(312320K)->208959K(312832K) Eden: 292864K(292864K)->208959K(292864K) From: 0K(19456K)->0K(19968K)
[46.382s][info][gc,heap        ] GC(68) ParOldGen: 667627K(667648K)->667627K(667648K)
[46.382s][info][gc,metaspace   ] GC(68) Metaspace: 8508K(8640K)->8508K(8640K) NonClass: 7500K(7552K)->7500K(7552K) Class: 1008K(1088K)->1008K(1088K)
[46.382s][info][gc             ] GC(68) Pause Full (Allocation Failure) 937M->856M(957M) 1375.894ms
[46.382s][info][gc,cpu         ] GC(68) User=2.71s Sys=0.00s Real=1.38s
[46.455s][info][gc,start       ] GC(69) Pause Full (Allocation Failure)
[46.455s][info][gc,phases,start] GC(69) Marking Phase
[47.229s][info][gc,phases      ] GC(69) Marking Phase 774.340ms
[47.229s][info][gc,phases,start] GC(69) Summary Phase
[47.229s][info][gc,phases      ] GC(69) Summary Phase 0.027ms
[47.229s][info][gc,phases,start] GC(69) Forward
[47.297s][info][gc,phases      ] GC(69) Forward 67.329ms
[47.297s][info][gc,phases,start] GC(69) Adjust Pointers
[47.649s][info][gc,phases      ] GC(69) Adjust Pointers 352.386ms
[47.649s][info][gc,phases,start] GC(69) Compaction Phase
[47.875s][info][gc,phases      ] GC(69) Compaction Phase 225.440ms
[47.875s][info][gc,phases,start] GC(69) Post Compact
[47.877s][info][gc,phases      ] GC(69) Post Compact 2.653ms
[47.877s][info][gc,heap        ] GC(69) PSYoungGen: 292864K(312832K)->212273K(312320K) Eden: 292864K(292864K)->212273K(292864K) From: 0K(19968K)->0K(19456K)
[47.878s][info][gc,heap        ] GC(69) ParOldGen: 667627K(667648K)->667627K(667648K)
[47.878s][info][gc,metaspace   ] GC(69) Metaspace: 8508K(8640K)->8508K(8640K) NonClass: 7500K(7552K)->7500K(7552K) Class: 1008K(1088K)->1008K(1088K)
[47.878s][info][gc             ] GC(69) Pause Full (Allocation Failure) 937M->859M(957M) 1422.596ms
[47.878s][info][gc,cpu         ] GC(69) User=2.79s Sys=0.00s Real=1.42s
[47.957s][info][gc,start       ] GC(70) Pause Full (Allocation Failure)
[47.957s][info][gc,phases,start] GC(70) Marking Phase
[48.744s][info][gc,phases      ] GC(70) Marking Phase 787.388ms
[48.744s][info][gc,phases,start] GC(70) Summary Phase
[48.744s][info][gc,phases      ] GC(70) Summary Phase 0.025ms
[48.744s][info][gc,phases,start] GC(70) Forward
[48.817s][info][gc,phases      ] GC(70) Forward 72.616ms
[48.817s][info][gc,phases,start] GC(70) Adjust Pointers
[49.183s][info][gc,phases      ] GC(70) Adjust Pointers 365.537ms
[49.183s][info][gc,phases,start] GC(70) Compaction Phase
[49.427s][info][gc,phases      ] GC(70) Compaction Phase 244.229ms
[49.427s][info][gc,phases,start] GC(70) Post Compact
[49.430s][info][gc,phases      ] GC(70) Post Compact 2.669ms
[49.430s][info][gc,heap        ] GC(70) PSYoungGen: 292864K(312320K)->217671K(312832K) Eden: 292864K(292864K)->217671K(292864K) From: 0K(19456K)->0K(19968K)
[49.430s][info][gc,heap        ] GC(70) ParOldGen: 667627K(667648K)->667627K(667648K)
[49.430s][info][gc,metaspace   ] GC(70) Metaspace: 8508K(8640K)->8508K(8640K) NonClass: 7500K(7552K)->7500K(7552K) Class: 1008K(1088K)->1008K(1088K)
[49.430s][info][gc             ] GC(70) Pause Full (Allocation Failure) 937M->864M(957M) 1472.901ms
[49.430s][info][gc,cpu         ] GC(70) User=2.89s Sys=0.00s Real=1.48s
[49.498s][info][gc,start       ] GC(71) Pause Full (Allocation Failure)
[49.498s][info][gc,phases,start] GC(71) Marking Phase
[50.294s][info][gc,phases      ] GC(71) Marking Phase 796.379ms
[50.294s][info][gc,phases,start] GC(71) Summary Phase
[50.294s][info][gc,phases      ] GC(71) Summary Phase 0.027ms
[50.294s][info][gc,phases,start] GC(71) Forward
[50.358s][info][gc,phases      ] GC(71) Forward 64.043ms
[50.358s][info][gc,phases,start] GC(71) Adjust Pointers
[50.721s][info][gc,phases      ] GC(71) Adjust Pointers 362.356ms
[50.721s][info][gc,phases,start] GC(71) Compaction Phase
[50.924s][info][gc,phases      ] GC(71) Compaction Phase 202.866ms
[50.924s][info][gc,phases,start] GC(71) Post Compact
[50.926s][info][gc,phases      ] GC(71) Post Compact 2.643ms
[50.926s][info][gc,heap        ] GC(71) PSYoungGen: 292864K(312832K)->221422K(312320K) Eden: 292864K(292864K)->221422K(292864K) From: 0K(19968K)->0K(19456K)
[50.926s][info][gc,heap        ] GC(71) ParOldGen: 667627K(667648K)->667627K(667648K)
[50.926s][info][gc,metaspace   ] GC(71) Metaspace: 8508K(8640K)->8508K(8640K) NonClass: 7500K(7552K)->7500K(7552K) Class: 1008K(1088K)->1008K(1088K)
[50.926s][info][gc             ] GC(71) Pause Full (Allocation Failure) 937M->868M(957M) 1428.717ms
[50.926s][info][gc,cpu         ] GC(71) User=2.80s Sys=0.00s Real=1.43s
[50.995s][info][gc,start       ] GC(72) Pause Full (Allocation Failure)
[50.995s][info][gc,phases,start] GC(72) Marking Phase
[51.797s][info][gc,phases      ] GC(72) Marking Phase 801.774ms
[51.797s][info][gc,phases,start] GC(72) Summary Phase
[51.797s][info][gc,phases      ] GC(72) Summary Phase 0.025ms
[51.797s][info][gc,phases,start] GC(72) Forward
[51.864s][info][gc,phases      ] GC(72) Forward 66.813ms
[51.864s][info][gc,phases,start] GC(72) Adjust Pointers
[52.217s][info][gc,phases      ] GC(72) Adjust Pointers 353.206ms
[52.217s][info][gc,phases,start] GC(72) Compaction Phase
[52.421s][info][gc,phases      ] GC(72) Compaction Phase 203.439ms
[52.421s][info][gc,phases,start] GC(72) Post Compact
[52.423s][info][gc,phases      ] GC(72) Post Compact 2.651ms
[52.423s][info][gc,heap        ] GC(72) PSYoungGen: 292864K(312320K)->225145K(312832K) Eden: 292864K(292864K)->225145K(292864K) From: 0K(19456K)->0K(19968K)
[52.423s][info][gc,heap        ] GC(72) ParOldGen: 667627K(667648K)->667627K(667648K)
[52.423s][info][gc,metaspace   ] GC(72) Metaspace: 8508K(8640K)->8508K(8640K) NonClass: 7500K(7552K)->7500K(7552K) Class: 1008K(1088K)->1008K(1088K)
[52.423s][info][gc             ] GC(72) Pause Full (Allocation Failure) 937M->871M(957M) 1428.306ms
[52.423s][info][gc,cpu         ] GC(72) User=2.81s Sys=0.00s Real=1.43s
[52.489s][info][gc,start       ] GC(73) Pause Full (Allocation Failure)
[52.489s][info][gc,phases,start] GC(73) Marking Phase
[53.298s][info][gc,phases      ] GC(73) Marking Phase 809.086ms
[53.298s][info][gc,phases,start] GC(73) Summary Phase
[53.298s][info][gc,phases      ] GC(73) Summary Phase 0.027ms
[53.298s][info][gc,phases,start] GC(73) Forward
[53.363s][info][gc,phases      ] GC(73) Forward 64.877ms
[53.363s][info][gc,phases,start] GC(73) Adjust Pointers
[53.717s][info][gc,phases      ] GC(73) Adjust Pointers 353.537ms
[53.717s][info][gc,phases,start] GC(73) Compaction Phase
[53.921s][info][gc,phases      ] GC(73) Compaction Phase 204.519ms
[53.921s][info][gc,phases,start] GC(73) Post Compact
[53.924s][info][gc,phases      ] GC(73) Post Compact 2.600ms
[53.924s][info][gc,heap        ] GC(73) PSYoungGen: 292864K(312832K)->229650K(312320K) Eden: 292864K(292864K)->229650K(292864K) From: 0K(19968K)->0K(19456K)
[53.924s][info][gc,heap        ] GC(73) ParOldGen: 667627K(667648K)->667627K(667648K)
[53.924s][info][gc,metaspace   ] GC(73) Metaspace: 8508K(8640K)->8508K(8640K) NonClass: 7500K(7552K)->7500K(7552K) Class: 1008K(1088K)->1008K(1088K)
[53.924s][info][gc             ] GC(73) Pause Full (Allocation Failure) 937M->876M(957M) 1435.059ms
[53.924s][info][gc,cpu         ] GC(73) User=2.83s Sys=0.00s Real=1.43s
[53.981s][info][gc,start       ] GC(74) Pause Full (Allocation Failure)
[53.981s][info][gc,phases,start] GC(74) Marking Phase
[54.790s][info][gc,phases      ] GC(74) Marking Phase 808.752ms
[54.790s][info][gc,phases,start] GC(74) Summary Phase
[54.790s][info][gc,phases      ] GC(74) Summary Phase 0.025ms
[54.790s][info][gc,phases,start] GC(74) Forward
[54.856s][info][gc,phases      ] GC(74) Forward 65.628ms
[54.856s][info][gc,phases,start] GC(74) Adjust Pointers
[55.212s][info][gc,phases      ] GC(74) Adjust Pointers 356.795ms
[55.213s][info][gc,phases,start] GC(74) Compaction Phase
[55.419s][info][gc,phases      ] GC(74) Compaction Phase 206.244ms
[55.419s][info][gc,phases,start] GC(74) Post Compact
[55.422s][info][gc,phases      ] GC(74) Post Compact 2.640ms
[55.422s][info][gc,heap        ] GC(74) PSYoungGen: 292864K(312320K)->232332K(312832K) Eden: 292864K(292864K)->232332K(292864K) From: 0K(19456K)->0K(19968K)
[55.422s][info][gc,heap        ] GC(74) ParOldGen: 667627K(667648K)->667627K(667648K)
[55.422s][info][gc,metaspace   ] GC(74) Metaspace: 8508K(8640K)->8508K(8640K) NonClass: 7500K(7552K)->7500K(7552K) Class: 1008K(1088K)->1008K(1088K)
[55.422s][info][gc             ] GC(74) Pause Full (Allocation Failure) 937M->878M(957M) 1440.451ms
[55.422s][info][gc,cpu         ] GC(74) User=2.84s Sys=0.00s Real=1.44s
[55.476s][info][gc,start       ] GC(75) Pause Full (Allocation Failure)
[55.476s][info][gc,phases,start] GC(75) Marking Phase
[56.291s][info][gc,phases      ] GC(75) Marking Phase 814.227ms
[56.291s][info][gc,phases,start] GC(75) Summary Phase
[56.291s][info][gc,phases      ] GC(75) Summary Phase 0.026ms
[56.291s][info][gc,phases,start] GC(75) Forward
[56.355s][info][gc,phases      ] GC(75) Forward 64.614ms
[56.355s][info][gc,phases,start] GC(75) Adjust Pointers
[56.715s][info][gc,phases      ] GC(75) Adjust Pointers 359.180ms
[56.715s][info][gc,phases,start] GC(75) Compaction Phase
[56.920s][info][gc,phases      ] GC(75) Compaction Phase 205.052ms
[56.920s][info][gc,phases,start] GC(75) Post Compact
[56.922s][info][gc,phases      ] GC(75) Post Compact 2.624ms
[56.922s][info][gc,heap        ] GC(75) PSYoungGen: 292864K(312832K)->234962K(312320K) Eden: 292864K(292864K)->234962K(292864K) From: 0K(19968K)->0K(19456K)
[56.922s][info][gc,heap        ] GC(75) ParOldGen: 667627K(667648K)->667627K(667648K)
[56.922s][info][gc,metaspace   ] GC(75) Metaspace: 8508K(8640K)->8508K(8640K) NonClass: 7500K(7552K)->7500K(7552K) Class: 1008K(1088K)->1008K(1088K)
[56.923s][info][gc             ] GC(75) Pause Full (Allocation Failure) 937M->881M(957M) 1446.102ms
[56.923s][info][gc,cpu         ] GC(75) User=2.85s Sys=0.00s Real=1.45s
[56.979s][info][gc,start       ] GC(76) Pause Full (Allocation Failure)
[56.979s][info][gc,phases,start] GC(76) Marking Phase
[57.791s][info][gc,phases      ] GC(76) Marking Phase 812.350ms
[57.791s][info][gc,phases,start] GC(76) Summary Phase
[57.791s][info][gc,phases      ] GC(76) Summary Phase 0.026ms
[57.791s][info][gc,phases,start] GC(76) Forward
[57.856s][info][gc,phases      ] GC(76) Forward 64.792ms
[57.856s][info][gc,phases,start] GC(76) Adjust Pointers
[58.216s][info][gc,phases      ] GC(76) Adjust Pointers 359.790ms
[58.216s][info][gc,phases,start] GC(76) Compaction Phase
[58.422s][info][gc,phases      ] GC(76) Compaction Phase 206.297ms
[58.422s][info][gc,phases,start] GC(76) Post Compact
[58.425s][info][gc,phases      ] GC(76) Post Compact 2.648ms
[58.425s][info][gc,heap        ] GC(76) PSYoungGen: 292864K(312320K)->238094K(312832K) Eden: 292864K(292864K)->238094K(292864K) From: 0K(19456K)->0K(19968K)
[58.425s][info][gc,heap        ] GC(76) ParOldGen: 667627K(667648K)->667627K(667648K)
[58.425s][info][gc,metaspace   ] GC(76) Metaspace: 8508K(8640K)->8508K(8640K) NonClass: 7500K(7552K)->7500K(7552K) Class: 1008K(1088K)->1008K(1088K)
[58.425s][info][gc             ] GC(76) Pause Full (Allocation Failure) 937M->884M(957M) 1446.287ms
[58.425s][info][gc,cpu         ] GC(76) User=2.86s Sys=0.00s Real=1.44s
[58.478s][info][gc,start       ] GC(77) Pause Full (Allocation Failure)
[58.478s][info][gc,phases,start] GC(77) Marking Phase
[59.298s][info][gc,phases      ] GC(77) Marking Phase 819.652ms
[59.298s][info][gc,phases,start] GC(77) Summary Phase
[59.298s][info][gc,phases      ] GC(77) Summary Phase 0.026ms
[59.298s][info][gc,phases,start] GC(77) Forward
[59.363s][info][gc,phases      ] GC(77) Forward 64.837ms
[59.363s][info][gc,phases,start] GC(77) Adjust Pointers
[59.718s][info][gc,phases      ] GC(77) Adjust Pointers 354.879ms
[59.718s][info][gc,phases,start] GC(77) Compaction Phase
[59.925s][info][gc,phases      ] GC(77) Compaction Phase 207.446ms
[59.925s][info][gc,phases,start] GC(77) Post Compact
[59.928s][info][gc,phases      ] GC(77) Post Compact 2.654ms
[59.928s][info][gc,heap        ] GC(77) PSYoungGen: 292864K(312832K)->241526K(312320K) Eden: 292864K(292864K)->241526K(292864K) From: 0K(19968K)->0K(19456K)
[59.928s][info][gc,heap        ] GC(77) ParOldGen: 667627K(667648K)->667627K(667648K)
[59.928s][info][gc,metaspace   ] GC(77) Metaspace: 8508K(8640K)->8508K(8640K) NonClass: 7500K(7552K)->7500K(7552K) Class: 1008K(1088K)->1008K(1088K)
[59.928s][info][gc             ] GC(77) Pause Full (Allocation Failure) 937M->887M(957M) 1449.879ms
[59.928s][info][gc,cpu         ] GC(77) User=2.86s Sys=0.00s Real=1.44s
[59.977s][info][gc,start       ] GC(78) Pause Full (Allocation Failure)
[59.977s][info][gc,phases,start] GC(78) Marking Phase
[60.794s][info][gc,phases      ] GC(78) Marking Phase 816.949ms
[60.794s][info][gc,phases,start] GC(78) Summary Phase
[60.794s][info][gc,phases      ] GC(78) Summary Phase 0.028ms
[60.794s][info][gc,phases,start] GC(78) Forward
[60.859s][info][gc,phases      ] GC(78) Forward 64.612ms
[60.859s][info][gc,phases,start] GC(78) Adjust Pointers
[61.214s][info][gc,phases      ] GC(78) Adjust Pointers 355.400ms
[61.214s][info][gc,phases,start] GC(78) Compaction Phase
[61.421s][info][gc,phases      ] GC(78) Compaction Phase 206.824ms
[61.421s][info][gc,phases,start] GC(78) Post Compact
[61.424s][info][gc,phases      ] GC(78) Post Compact 2.625ms
[61.424s][info][gc,heap        ] GC(78) PSYoungGen: 292864K(312320K)->244585K(312832K) Eden: 292864K(292864K)->244585K(292864K) From: 0K(19456K)->0K(19968K)
[61.424s][info][gc,heap        ] GC(78) ParOldGen: 667627K(667648K)->667627K(667648K)
[61.424s][info][gc,metaspace   ] GC(78) Metaspace: 8508K(8640K)->8508K(8640K) NonClass: 7500K(7552K)->7500K(7552K) Class: 1008K(1088K)->1008K(1088K)
[61.424s][info][gc             ] GC(78) Pause Full (Allocation Failure) 937M->890M(957M) 1446.844ms
[61.424s][info][gc,cpu         ] GC(78) User=2.85s Sys=0.00s Real=1.45s
[61.467s][info][gc,start       ] GC(79) Pause Full (Allocation Failure)
[61.467s][info][gc,phases,start] GC(79) Marking Phase
[62.285s][info][gc,phases      ] GC(79) Marking Phase 817.766ms
[62.285s][info][gc,phases,start] GC(79) Summary Phase
[62.285s][info][gc,phases      ] GC(79) Summary Phase 0.030ms
[62.285s][info][gc,phases,start] GC(79) Forward
[62.514s][info][gc,phases      ] GC(79) Forward 228.870ms
[62.514s][info][gc,phases,start] GC(79) Adjust Pointers
[62.950s][info][gc,phases      ] GC(79) Adjust Pointers 436.580ms
[62.951s][info][gc,phases,start] GC(79) Compaction Phase
[63.216s][info][gc,phases      ] GC(79) Compaction Phase 265.465ms
[63.216s][info][gc,phases,start] GC(79) Post Compact
[63.219s][info][gc,phases      ] GC(79) Post Compact 2.641ms
[63.219s][info][gc,heap        ] GC(79) PSYoungGen: 292864K(312832K)->246336K(312320K) Eden: 292864K(292864K)->246336K(292864K) From: 0K(19968K)->0K(19456K)
[63.219s][info][gc,heap        ] GC(79) ParOldGen: 667627K(667648K)->667627K(667648K)
[63.219s][info][gc,metaspace   ] GC(79) Metaspace: 8508K(8640K)->8508K(8640K) NonClass: 7500K(7552K)->7500K(7552K) Class: 1008K(1088K)->1008K(1088K)
[63.219s][info][gc             ] GC(79) Pause Full (Allocation Failure) 937M->892M(957M) 1751.784ms
[63.219s][info][gc,cpu         ] GC(79) User=3.47s Sys=0.01s Real=1.76s
[63.269s][info][gc,start       ] GC(80) Pause Full (Allocation Failure)
[63.270s][info][gc,phases,start] GC(80) Marking Phase
[64.094s][info][gc,phases      ] GC(80) Marking Phase 824.631ms
[64.094s][info][gc,phases,start] GC(80) Summary Phase
[64.094s][info][gc,phases      ] GC(80) Summary Phase 0.037ms
[64.094s][info][gc,phases,start] GC(80) Forward
[64.159s][info][gc,phases      ] GC(80) Forward 64.364ms
[64.159s][info][gc,phases,start] GC(80) Adjust Pointers
[64.525s][info][gc,phases      ] GC(80) Adjust Pointers 366.216ms
[64.525s][info][gc,phases,start] GC(80) Compaction Phase
[64.751s][info][gc,phases      ] GC(80) Compaction Phase 225.896ms
[64.751s][info][gc,phases,start] GC(80) Post Compact
[64.754s][info][gc,phases      ] GC(80) Post Compact 2.622ms
[64.754s][info][gc,heap        ] GC(80) PSYoungGen: 292864K(312320K)->250210K(312832K) Eden: 292864K(292864K)->250210K(292864K) From: 0K(19456K)->0K(19968K)
[64.754s][info][gc,heap        ] GC(80) ParOldGen: 667627K(667648K)->667627K(667648K)
[64.754s][info][gc,metaspace   ] GC(80) Metaspace: 8508K(8640K)->8508K(8640K) NonClass: 7500K(7552K)->7500K(7552K) Class: 1008K(1088K)->1008K(1088K)
[64.754s][info][gc             ] GC(80) Pause Full (Allocation Failure) 937M->896M(957M) 1484.146ms
[64.754s][info][gc,cpu         ] GC(80) User=2.93s Sys=0.00s Real=1.48s
[64.792s][info][gc,start       ] GC(81) Pause Full (Allocation Failure)
[64.792s][info][gc,phases,start] GC(81) Marking Phase
[65.621s][info][gc,phases      ] GC(81) Marking Phase 828.605ms
[65.621s][info][gc,phases,start] GC(81) Summary Phase
[65.621s][info][gc,phases      ] GC(81) Summary Phase 0.027ms
[65.621s][info][gc,phases,start] GC(81) Forward
[65.690s][info][gc,phases      ] GC(81) Forward 69.225ms
[65.690s][info][gc,phases,start] GC(81) Adjust Pointers
[66.051s][info][gc,phases      ] GC(81) Adjust Pointers 360.161ms
[66.051s][info][gc,phases,start] GC(81) Compaction Phase
[66.259s][info][gc,phases      ] GC(81) Compaction Phase 208.421ms
[66.259s][info][gc,phases,start] GC(81) Post Compact
[66.262s][info][gc,phases      ] GC(81) Post Compact 2.663ms
[66.262s][info][gc,heap        ] GC(81) PSYoungGen: 292864K(312832K)->252482K(312320K) Eden: 292864K(292864K)->252482K(292864K) From: 0K(19968K)->0K(19456K)
[66.262s][info][gc,heap        ] GC(81) ParOldGen: 667627K(667648K)->667627K(667648K)
[66.262s][info][gc,metaspace   ] GC(81) Metaspace: 8508K(8640K)->8508K(8640K) NonClass: 7500K(7552K)->7500K(7552K) Class: 1008K(1088K)->1008K(1088K)
[66.262s][info][gc             ] GC(81) Pause Full (Allocation Failure) 937M->898M(957M) 1469.514ms
[66.262s][info][gc,cpu         ] GC(81) User=2.90s Sys=0.00s Real=1.47s
[66.297s][info][gc,start       ] GC(82) Pause Full (Allocation Failure)
[66.297s][info][gc,phases,start] GC(82) Marking Phase
[67.134s][info][gc,phases      ] GC(82) Marking Phase 836.554ms
[67.134s][info][gc,phases,start] GC(82) Summary Phase
[67.134s][info][gc,phases      ] GC(82) Summary Phase 0.026ms
[67.134s][info][gc,phases,start] GC(82) Forward
[67.198s][info][gc,phases      ] GC(82) Forward 64.815ms
[67.198s][info][gc,phases,start] GC(82) Adjust Pointers
[67.562s][info][gc,phases      ] GC(82) Adjust Pointers 363.414ms
[67.562s][info][gc,phases,start] GC(82) Compaction Phase
[67.771s][info][gc,phases      ] GC(82) Compaction Phase 208.941ms
[67.771s][info][gc,phases,start] GC(82) Post Compact
[67.774s][info][gc,phases      ] GC(82) Post Compact 2.644ms
[67.774s][info][gc,heap        ] GC(82) PSYoungGen: 292864K(312320K)->254361K(312832K) Eden: 292864K(292864K)->254361K(292864K) From: 0K(19456K)->0K(19968K)
[67.774s][info][gc,heap        ] GC(82) ParOldGen: 667627K(667648K)->667627K(667648K)
[67.774s][info][gc,metaspace   ] GC(82) Metaspace: 8508K(8640K)->8508K(8640K) NonClass: 7500K(7552K)->7500K(7552K) Class: 1008K(1088K)->1008K(1088K)
[67.774s][info][gc             ] GC(82) Pause Full (Allocation Failure) 937M->900M(957M) 1476.779ms
[67.774s][info][gc,cpu         ] GC(82) User=2.92s Sys=0.00s Real=1.48s
[67.808s][info][gc,start       ] GC(83) Pause Full (Allocation Failure)
[67.808s][info][gc,phases,start] GC(83) Marking Phase
[68.641s][info][gc,phases      ] GC(83) Marking Phase 833.478ms
[68.642s][info][gc,phases,start] GC(83) Summary Phase
[68.642s][info][gc,phases      ] GC(83) Summary Phase 0.026ms
[68.642s][info][gc,phases,start] GC(83) Forward
[68.706s][info][gc,phases      ] GC(83) Forward 64.774ms
[68.706s][info][gc,phases,start] GC(83) Adjust Pointers
[69.075s][info][gc,phases      ] GC(83) Adjust Pointers 368.261ms
[69.075s][info][gc,phases,start] GC(83) Compaction Phase
[69.293s][info][gc,phases      ] GC(83) Compaction Phase 218.022ms
[69.293s][info][gc,phases,start] GC(83) Post Compact
[69.295s][info][gc,phases      ] GC(83) Post Compact 2.647ms
[69.295s][info][gc,heap        ] GC(83) PSYoungGen: 292864K(312832K)->256248K(312320K) Eden: 292864K(292864K)->256248K(292864K) From: 0K(19968K)->0K(19456K)
[69.295s][info][gc,heap        ] GC(83) ParOldGen: 667627K(667648K)->667627K(667648K)
[69.296s][info][gc,metaspace   ] GC(83) Metaspace: 8508K(8640K)->8508K(8640K) NonClass: 7500K(7552K)->7500K(7552K) Class: 1008K(1088K)->1008K(1088K)
[69.296s][info][gc             ] GC(83) Pause Full (Allocation Failure) 937M->902M(957M) 1487.575ms
[69.296s][info][gc,cpu         ] GC(83) User=2.94s Sys=0.00s Real=1.49s
[69.326s][info][gc,start       ] GC(84) Pause Full (Allocation Failure)
[69.326s][info][gc,phases,start] GC(84) Marking Phase
[70.161s][info][gc,phases      ] GC(84) Marking Phase 835.046ms
[70.161s][info][gc,phases,start] GC(84) Summary Phase
[70.161s][info][gc,phases      ] GC(84) Summary Phase 0.025ms
[70.161s][info][gc,phases,start] GC(84) Forward
[70.226s][info][gc,phases      ] GC(84) Forward 64.863ms
[70.226s][info][gc,phases,start] GC(84) Adjust Pointers
[70.596s][info][gc,phases      ] GC(84) Adjust Pointers 369.966ms
[70.596s][info][gc,phases,start] GC(84) Compaction Phase
[70.814s][info][gc,phases      ] GC(84) Compaction Phase 218.437ms
[70.814s][info][gc,phases,start] GC(84) Post Compact
[70.817s][info][gc,phases      ] GC(84) Post Compact 2.616ms
[70.817s][info][gc,heap        ] GC(84) PSYoungGen: 292864K(312320K)->257318K(312832K) Eden: 292864K(292864K)->257318K(292864K) From: 0K(19456K)->0K(19968K)
[70.817s][info][gc,heap        ] GC(84) ParOldGen: 667627K(667648K)->667627K(667648K)
[70.817s][info][gc,metaspace   ] GC(84) Metaspace: 8508K(8640K)->8508K(8640K) NonClass: 7500K(7552K)->7500K(7552K) Class: 1008K(1088K)->1008K(1088K)
[70.817s][info][gc             ] GC(84) Pause Full (Allocation Failure) 937M->903M(957M) 1491.328ms
[70.817s][info][gc,cpu         ] GC(84) User=2.95s Sys=0.00s Real=1.49s
[70.856s][info][gc,start       ] GC(85) Pause Full (Allocation Failure)
[70.856s][info][gc,phases,start] GC(85) Marking Phase
[71.689s][info][gc,phases      ] GC(85) Marking Phase 833.038ms
[71.689s][info][gc,phases,start] GC(85) Summary Phase
[71.689s][info][gc,phases      ] GC(85) Summary Phase 0.025ms
[71.689s][info][gc,phases,start] GC(85) Forward
[71.753s][info][gc,phases      ] GC(85) Forward 64.399ms
[71.753s][info][gc,phases,start] GC(85) Adjust Pointers
[72.116s][info][gc,phases      ] GC(85) Adjust Pointers 362.518ms
[72.116s][info][gc,phases,start] GC(85) Compaction Phase
[72.326s][info][gc,phases      ] GC(85) Compaction Phase 210.206ms
[72.326s][info][gc,phases,start] GC(85) Post Compact
[72.329s][info][gc,phases      ] GC(85) Post Compact 2.653ms
[72.329s][info][gc,heap        ] GC(85) PSYoungGen: 292864K(312832K)->259663K(312320K) Eden: 292864K(292864K)->259663K(292864K) From: 0K(19968K)->0K(19456K)
[72.329s][info][gc,heap        ] GC(85) ParOldGen: 667627K(667648K)->667627K(667648K)
[72.329s][info][gc,metaspace   ] GC(85) Metaspace: 8508K(8640K)->8508K(8640K) NonClass: 7500K(7552K)->7500K(7552K) Class: 1008K(1088K)->1008K(1088K)
[72.329s][info][gc             ] GC(85) Pause Full (Allocation Failure) 937M->905M(957M) 1473.252ms
[72.329s][info][gc,cpu         ] GC(85) User=2.91s Sys=0.00s Real=1.48s
[72.358s][info][gc,start       ] GC(86) Pause Full (Allocation Failure)
[72.358s][info][gc,phases,start] GC(86) Marking Phase
[73.192s][info][gc,phases      ] GC(86) Marking Phase 833.655ms
[73.192s][info][gc,phases,start] GC(86) Summary Phase
[73.192s][info][gc,phases      ] GC(86) Summary Phase 0.025ms
[73.192s][info][gc,phases,start] GC(86) Forward
[73.257s][info][gc,phases      ] GC(86) Forward 64.768ms
[73.257s][info][gc,phases,start] GC(86) Adjust Pointers
[73.619s][info][gc,phases      ] GC(86) Adjust Pointers 362.081ms
[73.619s][info][gc,phases,start] GC(86) Compaction Phase
[73.828s][info][gc,phases      ] GC(86) Compaction Phase 209.318ms
[73.828s][info][gc,phases,start] GC(86) Post Compact
[73.831s][info][gc,phases      ] GC(86) Post Compact 2.686ms
[73.831s][info][gc,heap        ] GC(86) PSYoungGen: 292864K(312320K)->261057K(312832K) Eden: 292864K(292864K)->261057K(292864K) From: 0K(19456K)->0K(19968K)
[73.831s][info][gc,heap        ] GC(86) ParOldGen: 667627K(667648K)->667627K(667648K)
[73.831s][info][gc,metaspace   ] GC(86) Metaspace: 8508K(8640K)->8508K(8640K) NonClass: 7500K(7552K)->7500K(7552K) Class: 1008K(1088K)->1008K(1088K)
[73.831s][info][gc             ] GC(86) Pause Full (Allocation Failure) 937M->906M(957M) 1472.923ms
[73.831s][info][gc,cpu         ] GC(86) User=2.91s Sys=0.00s Real=1.48s
[73.864s][info][gc,start       ] GC(87) Pause Full (Allocation Failure)
[73.864s][info][gc,phases,start] GC(87) Marking Phase
[74.705s][info][gc,phases      ] GC(87) Marking Phase 840.381ms
[74.705s][info][gc,phases,start] GC(87) Summary Phase
[74.705s][info][gc,phases      ] GC(87) Summary Phase 0.030ms
[74.705s][info][gc,phases,start] GC(87) Forward
[74.948s][info][gc,phases      ] GC(87) Forward 243.154ms
[74.948s][info][gc,phases,start] GC(87) Adjust Pointers
[75.403s][info][gc,phases      ] GC(87) Adjust Pointers 454.715ms
[75.403s][info][gc,phases,start] GC(87) Compaction Phase
[75.696s][info][gc,phases      ] GC(87) Compaction Phase 293.189ms
[75.696s][info][gc,phases,start] GC(87) Post Compact
[75.699s][info][metaspace      ] ChkMgr @0x00007f02c003f0e0 (non-class-space): : reclaiming memory...
[75.699s][info][metaspace      ] ChkMgr @0x00007f02c003f0e0 (non-class-space): nothing reclaimed.
[75.699s][info][metaspace      ] ChkMgr @0x00007f02c003eef0 (class-space): : reclaiming memory...
[75.699s][info][metaspace      ] ChkMgr @0x00007f02c003eef0 (class-space): nothing reclaimed.
[75.699s][info][gc,phases      ] GC(87) Post Compact 2.763ms
[75.699s][info][gc,heap        ] GC(87) PSYoungGen: 292864K(312832K)->264000K(312320K) Eden: 292864K(292864K)->264000K(292864K) From: 0K(19968K)->0K(19456K)
[75.699s][info][gc,heap        ] GC(87) ParOldGen: 667627K(667648K)->667562K(667648K)
[75.699s][info][gc,metaspace   ] GC(87) Metaspace: 8508K(8640K)->8490K(8640K) NonClass: 7500K(7552K)->7482K(7552K) Class: 1008K(1088K)->1008K(1088K)
[75.699s][info][gc             ] GC(87) Pause Full (Allocation Failure) 937M->909M(957M) 1834.685ms
[75.699s][info][gc,cpu         ] GC(87) User=3.63s Sys=0.00s Real=1.84s
[75.726s][info][gc,start       ] GC(88) Pause Full (Allocation Failure)
[75.726s][info][gc,phases,start] GC(88) Marking Phase
[76.564s][info][gc,phases      ] GC(88) Marking Phase 837.447ms
[76.564s][info][gc,phases,start] GC(88) Summary Phase
[76.564s][info][gc,phases      ] GC(88) Summary Phase 0.079ms
[76.564s][info][gc,phases,start] GC(88) Forward
[76.629s][info][gc,phases      ] GC(88) Forward 64.917ms
[76.629s][info][gc,phases,start] GC(88) Adjust Pointers
[76.994s][info][gc,phases      ] GC(88) Adjust Pointers 365.100ms
[76.994s][info][gc,phases,start] GC(88) Compaction Phase
[77.204s][info][gc,phases      ] GC(88) Compaction Phase 210.087ms
[77.204s][info][gc,phases,start] GC(88) Post Compact
[77.207s][info][gc,phases      ] GC(88) Post Compact 2.642ms
[77.207s][info][gc,heap        ] GC(88) PSYoungGen: 292864K(312320K)->265042K(312832K) Eden: 292864K(292864K)->265042K(292864K) From: 0K(19456K)->0K(19968K)
[77.207s][info][gc,heap        ] GC(88) ParOldGen: 667562K(667648K)->667562K(667648K)
[77.207s][info][gc,metaspace   ] GC(88) Metaspace: 8490K(8640K)->8490K(8640K) NonClass: 7482K(7552K)->7482K(7552K) Class: 1008K(1088K)->1008K(1088K)
[77.207s][info][gc             ] GC(88) Pause Full (Allocation Failure) 937M->910M(957M) 1480.654ms
[77.207s][info][gc,cpu         ] GC(88) User=2.93s Sys=0.00s Real=1.48s
[77.230s][info][gc,start       ] GC(89) Pause Full (Allocation Failure)
[77.230s][info][gc,phases,start] GC(89) Marking Phase
[78.070s][info][gc,phases      ] GC(89) Marking Phase 839.637ms
[78.070s][info][gc,phases,start] GC(89) Summary Phase
[78.070s][info][gc,phases      ] GC(89) Summary Phase 0.025ms
[78.070s][info][gc,phases,start] GC(89) Forward
[78.134s][info][gc,phases      ] GC(89) Forward 64.616ms
[78.134s][info][gc,phases,start] GC(89) Adjust Pointers
[78.504s][info][gc,phases      ] GC(89) Adjust Pointers 369.319ms
[78.504s][info][gc,phases,start] GC(89) Compaction Phase
[78.714s][info][gc,phases      ] GC(89) Compaction Phase 210.623ms
[78.714s][info][gc,phases,start] GC(89) Post Compact
[78.717s][info][gc,phases      ] GC(89) Post Compact 2.644ms
[78.717s][info][gc,heap        ] GC(89) PSYoungGen: 292864K(312832K)->265878K(312320K) Eden: 292864K(292864K)->265878K(292864K) From: 0K(19968K)->0K(19456K)
[78.717s][info][gc,heap        ] GC(89) ParOldGen: 667562K(667648K)->667562K(667648K)
[78.717s][info][gc,metaspace   ] GC(89) Metaspace: 8490K(8640K)->8490K(8640K) NonClass: 7482K(7552K)->7482K(7552K) Class: 1008K(1088K)->1008K(1088K)
[78.717s][info][gc             ] GC(89) Pause Full (Allocation Failure) 937M->911M(957M) 1487.259ms
[78.717s][info][gc,cpu         ] GC(89) User=2.93s Sys=0.00s Real=1.48s
[78.750s][info][gc,start       ] GC(90) Pause Full (Allocation Failure)
[78.750s][info][gc,phases,start] GC(90) Marking Phase
[79.596s][info][gc,phases      ] GC(90) Marking Phase 846.359ms
[79.596s][info][gc,phases,start] GC(90) Summary Phase
[79.596s][info][gc,phases      ] GC(90) Summary Phase 0.027ms
[79.596s][info][gc,phases,start] GC(90) Forward
[79.661s][info][gc,phases      ] GC(90) Forward 64.632ms
[79.661s][info][gc,phases,start] GC(90) Adjust Pointers
[80.026s][info][gc,phases      ] GC(90) Adjust Pointers 364.577ms
[80.026s][info][gc,phases,start] GC(90) Compaction Phase
[80.238s][info][gc,phases      ] GC(90) Compaction Phase 212.530ms
[80.238s][info][gc,phases,start] GC(90) Post Compact
[80.241s][info][gc,phases      ] GC(90) Post Compact 2.638ms
[80.241s][info][gc,heap        ] GC(90) PSYoungGen: 292864K(312320K)->268512K(312832K) Eden: 292864K(292864K)->268512K(292864K) From: 0K(19456K)->0K(19968K)
[80.241s][info][gc,heap        ] GC(90) ParOldGen: 667562K(667648K)->667562K(667648K)
[80.241s][info][gc,metaspace   ] GC(90) Metaspace: 8490K(8640K)->8490K(8640K) NonClass: 7482K(7552K)->7482K(7552K) Class: 1008K(1088K)->1008K(1088K)
[80.241s][info][gc             ] GC(90) Pause Full (Allocation Failure) 937M->914M(957M) 1491.145ms
[80.241s][info][gc,cpu         ] GC(90) User=2.95s Sys=0.00s Real=1.49s
[80.260s][info][gc,start       ] GC(91) Pause Full (Allocation Failure)
[80.260s][info][gc,phases,start] GC(91) Marking Phase
[81.110s][info][gc,phases      ] GC(91) Marking Phase 849.689ms
[81.110s][info][gc,phases,start] GC(91) Summary Phase
[81.110s][info][gc,phases      ] GC(91) Summary Phase 0.026ms
[81.110s][info][gc,phases,start] GC(91) Forward
[81.175s][info][gc,phases      ] GC(91) Forward 64.990ms
[81.175s][info][gc,phases,start] GC(91) Adjust Pointers
[81.541s][info][gc,phases      ] GC(91) Adjust Pointers 365.784ms
[81.541s][info][gc,phases,start] GC(91) Compaction Phase
[81.751s][info][gc,phases      ] GC(91) Compaction Phase 210.479ms
[81.751s][info][gc,phases,start] GC(91) Post Compact
[81.754s][info][gc,phases      ] GC(91) Post Compact 2.642ms
[81.754s][info][gc,heap        ] GC(91) PSYoungGen: 292864K(312832K)->268560K(312320K) Eden: 292864K(292864K)->268560K(292864K) From: 0K(19968K)->0K(19456K)
[81.754s][info][gc,heap        ] GC(91) ParOldGen: 667562K(667648K)->667562K(667648K)
[81.754s][info][gc,metaspace   ] GC(91) Metaspace: 8490K(8640K)->8490K(8640K) NonClass: 7482K(7552K)->7482K(7552K) Class: 1008K(1088K)->1008K(1088K)
[81.754s][info][gc             ] GC(91) Pause Full (Allocation Failure) 937M->914M(957M) 1494.037ms
[81.754s][info][gc,cpu         ] GC(91) User=2.96s Sys=0.00s Real=1.49s
[81.779s][info][gc,start       ] GC(92) Pause Full (Allocation Failure)
[81.779s][info][gc,phases,start] GC(92) Marking Phase
[82.623s][info][gc,phases      ] GC(92) Marking Phase 844.292ms
[82.623s][info][gc,phases,start] GC(92) Summary Phase
[82.623s][info][gc,phases      ] GC(92) Summary Phase 0.025ms
[82.623s][info][gc,phases,start] GC(92) Forward
[82.688s][info][gc,phases      ] GC(92) Forward 64.482ms
[82.688s][info][gc,phases,start] GC(92) Adjust Pointers
[83.054s][info][gc,phases      ] GC(92) Adjust Pointers 365.994ms
[83.054s][info][gc,phases,start] GC(92) Compaction Phase
[83.264s][info][gc,phases      ] GC(92) Compaction Phase 210.333ms
[83.264s][info][gc,phases,start] GC(92) Post Compact
[83.267s][info][gc,phases      ] GC(92) Post Compact 2.680ms
[83.267s][info][gc,heap        ] GC(92) PSYoungGen: 292864K(312320K)->269675K(312832K) Eden: 292864K(292864K)->269675K(292864K) From: 0K(19456K)->0K(19968K)
[83.267s][info][gc,heap        ] GC(92) ParOldGen: 667562K(667648K)->667562K(667648K)
[83.267s][info][gc,metaspace   ] GC(92) Metaspace: 8490K(8640K)->8490K(8640K) NonClass: 7482K(7552K)->7482K(7552K) Class: 1008K(1088K)->1008K(1088K)
[83.267s][info][gc             ] GC(92) Pause Full (Allocation Failure) 937M->915M(957M) 1488.186ms
[83.267s][info][gc,cpu         ] GC(92) User=2.94s Sys=0.01s Real=1.48s
[83.293s][info][gc,start       ] GC(93) Pause Full (Allocation Failure)
[83.293s][info][gc,phases,start] GC(93) Marking Phase
[84.142s][info][gc,phases      ] GC(93) Marking Phase 848.284ms
[84.142s][info][gc,phases,start] GC(93) Summary Phase
[84.142s][info][gc,phases      ] GC(93) Summary Phase 0.027ms
[84.142s][info][gc,phases,start] GC(93) Forward
[84.206s][info][gc,phases      ] GC(93) Forward 64.467ms
[84.206s][info][gc,phases,start] GC(93) Adjust Pointers
[84.572s][info][gc,phases      ] GC(93) Adjust Pointers 365.398ms
[84.572s][info][gc,phases,start] GC(93) Compaction Phase
[84.783s][info][gc,phases      ] GC(93) Compaction Phase 210.952ms
[84.783s][info][gc,phases,start] GC(93) Post Compact
[84.785s][info][gc,phases      ] GC(93) Post Compact 2.678ms
[84.785s][info][gc,heap        ] GC(93) PSYoungGen: 292864K(312832K)->271783K(312320K) Eden: 292864K(292864K)->271783K(292864K) From: 0K(19968K)->0K(19456K)
[84.785s][info][gc,heap        ] GC(93) ParOldGen: 667562K(667648K)->667562K(667648K)
[84.785s][info][gc,metaspace   ] GC(93) Metaspace: 8490K(8640K)->8490K(8640K) NonClass: 7482K(7552K)->7482K(7552K) Class: 1008K(1088K)->1008K(1088K)
[84.785s][info][gc             ] GC(93) Pause Full (Allocation Failure) 937M->917M(957M) 1492.187ms
[84.785s][info][gc,cpu         ] GC(93) User=2.96s Sys=0.00s Real=1.49s
[84.802s][info][gc,start       ] GC(94) Pause Full (Allocation Failure)
[84.802s][info][gc,phases,start] GC(94) Marking Phase
[85.658s][info][gc,phases      ] GC(94) Marking Phase 856.278ms
[85.658s][info][gc,phases,start] GC(94) Summary Phase
[85.658s][info][gc,phases      ] GC(94) Summary Phase 0.025ms
[85.658s][info][gc,phases,start] GC(94) Forward
[85.723s][info][gc,phases      ] GC(94) Forward 64.396ms
[85.723s][info][gc,phases,start] GC(94) Adjust Pointers
[86.087s][info][gc,phases      ] GC(94) Adjust Pointers 364.482ms
[86.087s][info][gc,phases,start] GC(94) Compaction Phase
[86.297s][info][gc,phases      ] GC(94) Compaction Phase 209.803ms
[86.297s][info][gc,phases,start] GC(94) Post Compact
[86.300s][info][gc,phases      ] GC(94) Post Compact 2.658ms
[86.300s][info][gc,heap        ] GC(94) PSYoungGen: 292864K(312320K)->272838K(312832K) Eden: 292864K(292864K)->272838K(292864K) From: 0K(19456K)->0K(19968K)
[86.300s][info][gc,heap        ] GC(94) ParOldGen: 667562K(667648K)->667562K(667648K)
[86.300s][info][gc,metaspace   ] GC(94) Metaspace: 8490K(8640K)->8490K(8640K) NonClass: 7482K(7552K)->7482K(7552K) Class: 1008K(1088K)->1008K(1088K)
[86.300s][info][gc             ] GC(94) Pause Full (Allocation Failure) 937M->918M(957M) 1498.065ms
[86.300s][info][gc,cpu         ] GC(94) User=2.96s Sys=0.00s Real=1.50s
[86.321s][info][gc,start       ] GC(95) Pause Full (Allocation Failure)
[86.321s][info][gc,phases,start] GC(95) Marking Phase
[87.175s][info][gc,phases      ] GC(95) Marking Phase 853.569ms
[87.175s][info][gc,phases,start] GC(95) Summary Phase
[87.175s][info][gc,phases      ] GC(95) Summary Phase 0.025ms
[87.175s][info][gc,phases,start] GC(95) Forward
[87.239s][info][gc,phases      ] GC(95) Forward 63.744ms
[87.239s][info][gc,phases,start] GC(95) Adjust Pointers
[87.608s][info][gc,phases      ] GC(95) Adjust Pointers 368.755ms
[87.608s][info][gc,phases,start] GC(95) Compaction Phase
[87.817s][info][gc,phases      ] GC(95) Compaction Phase 209.044ms
[87.817s][info][gc,phases,start] GC(95) Post Compact
[87.819s][info][gc,phases      ] GC(95) Post Compact 2.656ms
[87.819s][info][gc,heap        ] GC(95) PSYoungGen: 292864K(312832K)->273892K(312320K) Eden: 292864K(292864K)->273892K(292864K) From: 0K(19968K)->0K(19456K)
[87.819s][info][gc,heap        ] GC(95) ParOldGen: 667562K(667648K)->667562K(667648K)
[87.819s][info][gc,metaspace   ] GC(95) Metaspace: 8490K(8640K)->8490K(8640K) NonClass: 7482K(7552K)->7482K(7552K) Class: 1008K(1088K)->1008K(1088K)
[87.819s][info][gc             ] GC(95) Pause Full (Allocation Failure) 937M->919M(957M) 1498.151ms
[87.819s][info][gc,cpu         ] GC(95) User=2.97s Sys=0.00s Real=1.50s
[87.837s][info][gc,start       ] GC(96) Pause Full (Allocation Failure)
[87.837s][info][gc,phases,start] GC(96) Marking Phase
[88.688s][info][gc,phases      ] GC(96) Marking Phase 850.978ms
[88.688s][info][gc,phases,start] GC(96) Summary Phase
[88.688s][info][gc,phases      ] GC(96) Summary Phase 0.025ms
[88.688s][info][gc,phases,start] GC(96) Forward
[88.752s][info][gc,phases      ] GC(96) Forward 63.559ms
[88.752s][info][gc,phases,start] GC(96) Adjust Pointers
[89.115s][info][gc,phases      ] GC(96) Adjust Pointers 362.738ms
[89.115s][info][gc,phases,start] GC(96) Compaction Phase
[89.322s][info][gc,phases      ] GC(96) Compaction Phase 207.829ms
[89.323s][info][gc,phases,start] GC(96) Post Compact
[89.325s][info][gc,phases      ] GC(96) Post Compact 2.655ms
[89.325s][info][gc,heap        ] GC(96) PSYoungGen: 292864K(312320K)->275361K(312832K) Eden: 292864K(292864K)->275361K(292864K) From: 0K(19456K)->0K(19968K)
[89.325s][info][gc,heap        ] GC(96) ParOldGen: 667562K(667648K)->667562K(667648K)
[89.325s][info][gc,metaspace   ] GC(96) Metaspace: 8490K(8640K)->8490K(8640K) NonClass: 7482K(7552K)->7482K(7552K) Class: 1008K(1088K)->1008K(1088K)
[89.325s][info][gc             ] GC(96) Pause Full (Allocation Failure) 937M->920M(957M) 1488.165ms
[89.325s][info][gc,cpu         ] GC(96) User=2.95s Sys=0.00s Real=1.49s
[89.341s][info][gc,start       ] GC(97) Pause Full (Allocation Failure)
[89.341s][info][gc,phases,start] GC(97) Marking Phase
[90.190s][info][gc,phases      ] GC(97) Marking Phase 849.132ms
[90.190s][info][gc,phases,start] GC(97) Summary Phase
[90.190s][info][gc,phases      ] GC(97) Summary Phase 0.025ms
[90.190s][info][gc,phases,start] GC(97) Forward
[90.254s][info][gc,phases      ] GC(97) Forward 63.438ms
[90.254s][info][gc,phases,start] GC(97) Adjust Pointers
[90.623s][info][gc,phases      ] GC(97) Adjust Pointers 369.296ms
[90.623s][info][gc,phases,start] GC(97) Compaction Phase
[90.830s][info][gc,phases      ] GC(97) Compaction Phase 207.354ms
[90.830s][info][gc,phases,start] GC(97) Post Compact
[90.833s][info][gc,phases      ] GC(97) Post Compact 2.631ms
[90.833s][info][gc,heap        ] GC(97) PSYoungGen: 292864K(312832K)->275531K(312320K) Eden: 292864K(292864K)->275531K(292864K) From: 0K(19968K)->0K(19456K)
[90.833s][info][gc,heap        ] GC(97) ParOldGen: 667562K(667648K)->667562K(667648K)
[90.833s][info][gc,metaspace   ] GC(97) Metaspace: 8490K(8640K)->8490K(8640K) NonClass: 7482K(7552K)->7482K(7552K) Class: 1008K(1088K)->1008K(1088K)
[90.833s][info][gc             ] GC(97) Pause Full (Allocation Failure) 937M->920M(957M) 1492.262ms
[90.833s][info][gc,cpu         ] GC(97) User=2.95s Sys=0.00s Real=1.49s
[90.850s][info][gc,start       ] GC(98) Pause Full (Allocation Failure)
[90.850s][info][gc,phases,start] GC(98) Marking Phase
[91.709s][info][gc,phases      ] GC(98) Marking Phase 858.861ms
[91.709s][info][gc,phases,start] GC(98) Summary Phase
[91.709s][info][gc,phases      ] GC(98) Summary Phase 0.026ms
[91.709s][info][gc,phases,start] GC(98) Forward
[91.772s][info][gc,phases      ] GC(98) Forward 63.179ms
[91.772s][info][gc,phases,start] GC(98) Adjust Pointers
[92.140s][info][gc,phases      ] GC(98) Adjust Pointers 367.313ms
[92.140s][info][gc,phases,start] GC(98) Compaction Phase
[92.348s][info][gc,phases      ] GC(98) Compaction Phase 208.167ms
[92.348s][info][gc,phases,start] GC(98) Post Compact
[92.351s][info][gc,phases      ] GC(98) Post Compact 2.632ms
[92.351s][info][gc,heap        ] GC(98) PSYoungGen: 292864K(312320K)->277183K(312832K) Eden: 292864K(292864K)->277183K(292864K) From: 0K(19456K)->0K(19968K)
[92.351s][info][gc,heap        ] GC(98) ParOldGen: 667562K(667648K)->667562K(667648K)
[92.351s][info][gc,metaspace   ] GC(98) Metaspace: 8490K(8640K)->8490K(8640K) NonClass: 7482K(7552K)->7482K(7552K) Class: 1008K(1088K)->1008K(1088K)
[92.351s][info][gc             ] GC(98) Pause Full (Allocation Failure) 937M->922M(957M) 1500.566ms
[92.351s][info][gc,cpu         ] GC(98) User=2.97s Sys=0.00s Real=1.50s
[92.361s][info][gc,start       ] GC(99) Pause Full (Allocation Failure)
[92.361s][info][gc,phases,start] GC(99) Marking Phase
[93.219s][info][gc,phases      ] GC(99) Marking Phase 857.632ms
[93.219s][info][gc,phases,start] GC(99) Summary Phase
[93.219s][info][gc,phases      ] GC(99) Summary Phase 0.026ms
[93.219s][info][gc,phases,start] GC(99) Forward
[93.282s][info][gc,phases      ] GC(99) Forward 63.195ms
[93.282s][info][gc,phases,start] GC(99) Adjust Pointers
[93.650s][info][gc,phases      ] GC(99) Adjust Pointers 368.095ms
[93.651s][info][gc,phases,start] GC(99) Compaction Phase
[93.859s][info][gc,phases      ] GC(99) Compaction Phase 208.512ms
[93.859s][info][gc,phases,start] GC(99) Post Compact
[93.862s][info][gc,phases      ] GC(99) Post Compact 2.685ms
[93.862s][info][gc,heap        ] GC(99) PSYoungGen: 292864K(312832K)->277672K(312320K) Eden: 292864K(292864K)->277672K(292864K) From: 0K(19968K)->0K(19456K)
[93.862s][info][gc,heap        ] GC(99) ParOldGen: 667562K(667648K)->667562K(667648K)
[93.862s][info][gc,metaspace   ] GC(99) Metaspace: 8490K(8640K)->8490K(8640K) NonClass: 7482K(7552K)->7482K(7552K) Class: 1008K(1088K)->1008K(1088K)
[93.862s][info][gc             ] GC(99) Pause Full (Allocation Failure) 937M->923M(957M) 1500.500ms
[93.862s][info][gc,cpu         ] GC(99) User=2.97s Sys=0.00s Real=1.50s
[93.879s][info][gc,start       ] GC(100) Pause Full (Allocation Failure)
[93.879s][info][gc,phases,start] GC(100) Marking Phase
[94.736s][info][gc,phases      ] GC(100) Marking Phase 857.185ms
[94.736s][info][gc,phases,start] GC(100) Summary Phase
[94.736s][info][gc,phases      ] GC(100) Summary Phase 0.026ms
[94.736s][info][gc,phases,start] GC(100) Forward
[94.799s][info][gc,phases      ] GC(100) Forward 63.524ms
[94.800s][info][gc,phases,start] GC(100) Adjust Pointers
[95.170s][info][gc,phases      ] GC(100) Adjust Pointers 370.652ms
[95.170s][info][gc,phases,start] GC(100) Compaction Phase
[95.380s][info][gc,phases      ] GC(100) Compaction Phase 209.946ms
[95.380s][info][gc,phases,start] GC(100) Post Compact
[95.383s][info][gc,phases      ] GC(100) Post Compact 2.618ms
[95.383s][info][gc,heap        ] GC(100) PSYoungGen: 292864K(312320K)->278251K(312832K) Eden: 292864K(292864K)->278251K(292864K) From: 0K(19456K)->0K(19968K)
[95.383s][info][gc,heap        ] GC(100) ParOldGen: 667562K(667648K)->667562K(667648K)
[95.383s][info][gc,metaspace   ] GC(100) Metaspace: 8490K(8640K)->8490K(8640K) NonClass: 7482K(7552K)->7482K(7552K) Class: 1008K(1088K)->1008K(1088K)
[95.383s][info][gc             ] GC(100) Pause Full (Allocation Failure) 937M->923M(957M) 1504.323ms
[95.383s][info][gc,cpu         ] GC(100) User=2.97s Sys=0.00s Real=1.50s
[95.398s][info][gc,start       ] GC(101) Pause Full (Allocation Failure)
[95.398s][info][gc,phases,start] GC(101) Marking Phase
[96.264s][info][gc,phases      ] GC(101) Marking Phase 865.478ms
[96.264s][info][gc,phases,start] GC(101) Summary Phase
[96.264s][info][gc,phases      ] GC(101) Summary Phase 0.025ms
[96.264s][info][gc,phases,start] GC(101) Forward
[96.328s][info][gc,phases      ] GC(101) Forward 64.051ms
[96.328s][info][gc,phases,start] GC(101) Adjust Pointers
[96.697s][info][gc,phases      ] GC(101) Adjust Pointers 368.978ms
[96.697s][info][gc,phases,start] GC(101) Compaction Phase
[96.908s][info][gc,phases      ] GC(101) Compaction Phase 211.054ms
[96.908s][info][gc,phases,start] GC(101) Post Compact
[96.911s][info][gc,phases      ] GC(101) Post Compact 2.657ms
[96.911s][info][gc,heap        ] GC(101) PSYoungGen: 292864K(312832K)->279638K(312320K) Eden: 292864K(292864K)->279638K(292864K) From: 0K(19968K)->0K(19456K)
[96.911s][info][gc,heap        ] GC(101) ParOldGen: 667562K(667648K)->667562K(667648K)
[96.911s][info][gc,metaspace   ] GC(101) Metaspace: 8490K(8640K)->8490K(8640K) NonClass: 7482K(7552K)->7482K(7552K) Class: 1008K(1088K)->1008K(1088K)
[96.911s][info][gc             ] GC(101) Pause Full (Allocation Failure) 937M->925M(957M) 1512.608ms
[96.911s][info][gc,cpu         ] GC(101) User=3.00s Sys=0.00s Real=1.52s
[96.920s][info][gc,start       ] GC(102) Pause Full (Allocation Failure)
[96.920s][info][gc,phases,start] GC(102) Marking Phase
[97.775s][info][gc,phases      ] GC(102) Marking Phase 854.580ms
[97.775s][info][gc,phases,start] GC(102) Summary Phase
[97.775s][info][gc,phases      ] GC(102) Summary Phase 0.027ms
[97.775s][info][gc,phases,start] GC(102) Forward
[97.839s][info][gc,phases      ] GC(102) Forward 64.425ms
[97.839s][info][gc,phases,start] GC(102) Adjust Pointers
[98.206s][info][gc,phases      ] GC(102) Adjust Pointers 366.445ms
[98.206s][info][gc,phases,start] GC(102) Compaction Phase
[98.417s][info][gc,phases      ] GC(102) Compaction Phase 211.609ms
[98.418s][info][gc,phases,start] GC(102) Post Compact
[98.420s][info][gc,phases      ] GC(102) Post Compact 2.632ms
[98.420s][info][gc,heap        ] GC(102) PSYoungGen: 292864K(312320K)->280119K(312832K) Eden: 292864K(292864K)->280119K(292864K) From: 0K(19456K)->0K(19968K)
[98.420s][info][gc,heap        ] GC(102) ParOldGen: 667562K(667648K)->667562K(667648K)
[98.420s][info][gc,metaspace   ] GC(102) Metaspace: 8490K(8640K)->8490K(8640K) NonClass: 7482K(7552K)->7482K(7552K) Class: 1008K(1088K)->1008K(1088K)
[98.420s][info][gc             ] GC(102) Pause Full (Allocation Failure) 937M->925M(957M) 1500.088ms
[98.420s][info][gc,cpu         ] GC(102) User=2.97s Sys=0.00s Real=1.50s
[98.431s][info][gc,start       ] GC(103) Pause Full (Allocation Failure)
[98.432s][info][gc,phases,start] GC(103) Marking Phase
[99.290s][info][gc,phases      ] GC(103) Marking Phase 858.330ms
[99.290s][info][gc,phases,start] GC(103) Summary Phase
[99.290s][info][gc,phases      ] GC(103) Summary Phase 0.025ms
[99.290s][info][gc,phases,start] GC(103) Forward
[99.355s][info][gc,phases      ] GC(103) Forward 64.779ms
[99.355s][info][gc,phases,start] GC(103) Adjust Pointers
[99.723s][info][gc,phases      ] GC(103) Adjust Pointers 368.142ms
[99.723s][info][gc,phases,start] GC(103) Compaction Phase
[99.939s][info][gc,phases      ] GC(103) Compaction Phase 215.722ms
[99.939s][info][gc,phases,start] GC(103) Post Compact
[99.941s][info][gc,phases      ] GC(103) Post Compact 2.682ms
[99.942s][info][gc,heap        ] GC(103) PSYoungGen: 292864K(312832K)->279910K(312320K) Eden: 292864K(292864K)->279910K(292864K) From: 0K(19968K)->0K(19456K)
[99.942s][info][gc,heap        ] GC(103) ParOldGen: 667562K(667648K)->667562K(667648K)
[99.942s][info][gc,metaspace   ] GC(103) Metaspace: 8490K(8640K)->8490K(8640K) NonClass: 7482K(7552K)->7482K(7552K) Class: 1008K(1088K)->1008K(1088K)
[99.942s][info][gc             ] GC(103) Pause Full (Allocation Failure) 937M->925M(957M) 1510.076ms
[99.942s][info][gc,cpu         ] GC(103) User=2.99s Sys=0.01s Real=1.51s
[99.955s][info][gc,start       ] GC(104) Pause Full (Allocation Failure)
[99.955s][info][gc,phases,start] GC(104) Marking Phase
[100.812s][info][gc,phases      ] GC(104) Marking Phase 857.072ms
[100.812s][info][gc,phases,start] GC(104) Summary Phase
[100.812s][info][gc,phases      ] GC(104) Summary Phase 0.026ms
[100.812s][info][gc,phases,start] GC(104) Forward
[100.877s][info][gc,phases      ] GC(104) Forward 64.719ms
[100.877s][info][gc,phases,start] GC(104) Adjust Pointers
[101.243s][info][gc,phases      ] GC(104) Adjust Pointers 366.429ms
[101.243s][info][gc,phases,start] GC(104) Compaction Phase
[101.456s][info][gc,phases      ] GC(104) Compaction Phase 212.228ms
[101.456s][info][gc,phases,start] GC(104) Post Compact
[101.458s][info][gc,phases      ] GC(104) Post Compact 2.645ms
[101.458s][info][gc,heap        ] GC(104) PSYoungGen: 292864K(312320K)->280482K(312832K) Eden: 292864K(292864K)->280482K(292864K) From: 0K(19456K)->0K(19968K)
[101.458s][info][gc,heap        ] GC(104) ParOldGen: 667562K(667648K)->667562K(667648K)
[101.458s][info][gc,metaspace   ] GC(104) Metaspace: 8490K(8640K)->8490K(8640K) NonClass: 7482K(7552K)->7482K(7552K) Class: 1008K(1088K)->1008K(1088K)
[101.458s][info][gc             ] GC(104) Pause Full (Allocation Failure) 937M->925M(957M) 1503.481ms
[101.458s][info][gc,cpu         ] GC(104) User=2.98s Sys=0.00s Real=1.51s
[101.473s][info][gc,start       ] GC(105) Pause Full (Allocation Failure)
[101.473s][info][gc,phases,start] GC(105) Marking Phase
[102.329s][info][gc,phases      ] GC(105) Marking Phase 856.799ms
[102.329s][info][gc,phases,start] GC(105) Summary Phase
[102.329s][info][gc,phases      ] GC(105) Summary Phase 0.026ms
[102.329s][info][gc,phases,start] GC(105) Forward
[102.394s][info][gc,phases      ] GC(105) Forward 64.504ms
[102.394s][info][gc,phases,start] GC(105) Adjust Pointers
[102.764s][info][gc,phases      ] GC(105) Adjust Pointers 370.046ms
[102.764s][info][gc,phases,start] GC(105) Compaction Phase
[102.976s][info][gc,phases      ] GC(105) Compaction Phase 212.044ms
[102.976s][info][gc,phases,start] GC(105) Post Compact
[102.979s][info][gc,phases      ] GC(105) Post Compact 2.652ms
[102.979s][info][gc,heap        ] GC(105) PSYoungGen: 292864K(312832K)->281169K(312320K) Eden: 292864K(292864K)->281169K(292864K) From: 0K(19968K)->0K(19456K)
[102.979s][info][gc,heap        ] GC(105) ParOldGen: 667562K(667648K)->667562K(667648K)
[102.979s][info][gc,metaspace   ] GC(105) Metaspace: 8490K(8640K)->8490K(8640K) NonClass: 7482K(7552K)->7482K(7552K) Class: 1008K(1088K)->1008K(1088K)
[102.979s][info][gc             ] GC(105) Pause Full (Allocation Failure) 937M->926M(957M) 1506.432ms
[102.979s][info][gc,cpu         ] GC(105) User=2.99s Sys=0.00s Real=1.51s
[102.993s][info][gc,start       ] GC(106) Pause Full (Allocation Failure)
[102.993s][info][gc,phases,start] GC(106) Marking Phase
[103.848s][info][gc,phases      ] GC(106) Marking Phase 854.494ms
[103.848s][info][gc,phases,start] GC(106) Summary Phase
[103.848s][info][gc,phases      ] GC(106) Summary Phase 0.026ms
[103.848s][info][gc,phases,start] GC(106) Forward
[103.912s][info][gc,phases      ] GC(106) Forward 64.381ms
[103.912s][info][gc,phases,start] GC(106) Adjust Pointers
[104.278s][info][gc,phases      ] GC(106) Adjust Pointers 365.281ms
[104.278s][info][gc,phases,start] GC(106) Compaction Phase
[104.490s][info][gc,phases      ] GC(106) Compaction Phase 212.148ms
[104.490s][info][gc,phases,start] GC(106) Post Compact
[104.493s][info][gc,phases      ] GC(106) Post Compact 2.646ms
[104.493s][info][gc,heap        ] GC(106) PSYoungGen: 292864K(312320K)->282200K(312832K) Eden: 292864K(292864K)->282200K(292864K) From: 0K(19456K)->0K(19968K)
[104.493s][info][gc,heap        ] GC(106) ParOldGen: 667562K(667648K)->667562K(667648K)
[104.493s][info][gc,metaspace   ] GC(106) Metaspace: 8490K(8640K)->8490K(8640K) NonClass: 7482K(7552K)->7482K(7552K) Class: 1008K(1088K)->1008K(1088K)
[104.493s][info][gc             ] GC(106) Pause Full (Allocation Failure) 937M->927M(957M) 1499.347ms
[104.493s][info][gc,cpu         ] GC(106) User=2.98s Sys=0.00s Real=1.50s
[104.504s][info][gc,start       ] GC(107) Pause Full (Allocation Failure)
[104.504s][info][gc,phases,start] GC(107) Marking Phase
[105.363s][info][gc,phases      ] GC(107) Marking Phase 859.354ms
[105.363s][info][gc,phases,start] GC(107) Summary Phase
[105.363s][info][gc,phases      ] GC(107) Summary Phase 0.026ms
[105.363s][info][gc,phases,start] GC(107) Forward
[105.428s][info][gc,phases      ] GC(107) Forward 64.623ms
[105.428s][info][gc,phases,start] GC(107) Adjust Pointers
[105.793s][info][gc,phases      ] GC(107) Adjust Pointers 365.321ms
[105.793s][info][gc,phases,start] GC(107) Compaction Phase
[106.006s][info][gc,phases      ] GC(107) Compaction Phase 212.979ms
[106.006s][info][gc,phases,start] GC(107) Post Compact
[106.009s][info][gc,phases      ] GC(107) Post Compact 2.637ms
[106.009s][info][gc,heap        ] GC(107) PSYoungGen: 292864K(312832K)->283180K(312320K) Eden: 292864K(292864K)->283180K(292864K) From: 0K(19968K)->0K(19456K)
[106.009s][info][gc,heap        ] GC(107) ParOldGen: 667562K(667648K)->667562K(667648K)
[106.009s][info][gc,metaspace   ] GC(107) Metaspace: 8490K(8640K)->8490K(8640K) NonClass: 7482K(7552K)->7482K(7552K) Class: 1008K(1088K)->1008K(1088K)
[106.009s][info][gc             ] GC(107) Pause Full (Allocation Failure) 937M->928M(957M) 1505.319ms
[106.009s][info][gc,cpu         ] GC(107) User=2.98s Sys=0.00s Real=1.51s
[106.020s][info][gc,start       ] GC(108) Pause Full (Allocation Failure)
[106.020s][info][gc,phases,start] GC(108) Marking Phase
[106.878s][info][gc,phases      ] GC(108) Marking Phase 858.055ms
[106.878s][info][gc,phases,start] GC(108) Summary Phase
[106.878s][info][gc,phases      ] GC(108) Summary Phase 0.025ms
[106.878s][info][gc,phases,start] GC(108) Forward
[106.943s][info][gc,phases      ] GC(108) Forward 64.909ms
[106.943s][info][gc,phases,start] GC(108) Adjust Pointers
[107.314s][info][gc,phases      ] GC(108) Adjust Pointers 370.968ms
[107.314s][info][gc,phases,start] GC(108) Compaction Phase
[107.528s][info][gc,phases      ] GC(108) Compaction Phase 214.364ms
[107.528s][info][gc,phases,start] GC(108) Post Compact
[107.531s][info][gc,phases      ] GC(108) Post Compact 2.617ms
[107.531s][info][gc,heap        ] GC(108) PSYoungGen: 292864K(312320K)->284215K(312832K) Eden: 292864K(292864K)->284215K(292864K) From: 0K(19456K)->0K(19968K)
[107.531s][info][gc,heap        ] GC(108) ParOldGen: 667562K(667648K)->667562K(667648K)
[107.531s][info][gc,metaspace   ] GC(108) Metaspace: 8490K(8640K)->8490K(8640K) NonClass: 7482K(7552K)->7482K(7552K) Class: 1008K(1088K)->1008K(1088K)
[107.531s][info][gc             ] GC(108) Pause Full (Allocation Failure) 937M->929M(957M) 1511.325ms
[107.531s][info][gc,cpu         ] GC(108) User=2.99s Sys=0.00s Real=1.51s
[107.536s][info][gc,start       ] GC(109) Pause Full (Allocation Failure)
[107.536s][info][gc,phases,start] GC(109) Marking Phase
[108.392s][info][gc,phases      ] GC(109) Marking Phase 855.626ms
[108.392s][info][gc,phases,start] GC(109) Summary Phase
[108.392s][info][gc,phases      ] GC(109) Summary Phase 0.026ms
[108.392s][info][gc,phases,start] GC(109) Forward
[108.456s][info][gc,phases      ] GC(109) Forward 64.292ms
[108.456s][info][gc,phases,start] GC(109) Adjust Pointers
[108.824s][info][gc,phases      ] GC(109) Adjust Pointers 367.842ms
[108.824s][info][gc,phases,start] GC(109) Compaction Phase
[109.038s][info][gc,phases      ] GC(109) Compaction Phase 214.073ms
[109.038s][info][gc,phases,start] GC(109) Post Compact
[109.041s][info][gc,phases      ] GC(109) Post Compact 2.672ms
[109.041s][info][gc,heap        ] GC(109) PSYoungGen: 292864K(312832K)->284283K(312320K) Eden: 292864K(292864K)->284283K(292864K) From: 0K(19968K)->0K(19456K)
[109.041s][info][gc,heap        ] GC(109) ParOldGen: 667562K(667648K)->667562K(667648K)
[109.041s][info][gc,metaspace   ] GC(109) Metaspace: 8490K(8640K)->8490K(8640K) NonClass: 7482K(7552K)->7482K(7552K) Class: 1008K(1088K)->1008K(1088K)
[109.041s][info][gc             ] GC(109) Pause Full (Allocation Failure) 937M->929M(957M) 1504.887ms
[109.041s][info][gc,cpu         ] GC(109) User=2.98s Sys=0.00s Real=1.51s
[109.048s][info][gc,start       ] GC(110) Pause Full (Allocation Failure)
[109.048s][info][gc,phases,start] GC(110) Marking Phase
[109.902s][info][gc,phases      ] GC(110) Marking Phase 854.602ms
[109.902s][info][gc,phases,start] GC(110) Summary Phase
[109.902s][info][gc,phases      ] GC(110) Summary Phase 0.026ms
[109.902s][info][gc,phases,start] GC(110) Forward
[109.967s][info][gc,phases      ] GC(110) Forward 64.376ms
[109.967s][info][gc,phases,start] GC(110) Adjust Pointers
[110.332s][info][gc,phases      ] GC(110) Adjust Pointers 365.610ms
[110.333s][info][gc,phases,start] GC(110) Compaction Phase
[110.545s][info][gc,phases      ] GC(110) Compaction Phase 212.344ms
[110.545s][info][gc,phases,start] GC(110) Post Compact
[110.548s][info][gc,phases      ] GC(110) Post Compact 2.661ms
[110.548s][info][gc,heap        ] GC(110) PSYoungGen: 292864K(312320K)->283942K(312832K) Eden: 292864K(292864K)->283942K(292864K) From: 0K(19456K)->0K(19968K)
[110.548s][info][gc,heap        ] GC(110) ParOldGen: 667562K(667648K)->667562K(667648K)
[110.548s][info][gc,metaspace   ] GC(110) Metaspace: 8490K(8640K)->8490K(8640K) NonClass: 7482K(7552K)->7482K(7552K) Class: 1008K(1088K)->1008K(1088K)
[110.548s][info][gc             ] GC(110) Pause Full (Allocation Failure) 937M->929M(957M) 1499.976ms
[110.548s][info][gc,cpu         ] GC(110) User=2.97s Sys=0.00s Real=1.50s
[110.559s][info][gc,start       ] GC(111) Pause Full (Allocation Failure)
[110.559s][info][gc,phases,start] GC(111) Marking Phase
[111.422s][info][gc,phases      ] GC(111) Marking Phase 863.652ms
[111.422s][info][gc,phases,start] GC(111) Summary Phase
[111.422s][info][gc,phases      ] GC(111) Summary Phase 0.026ms
[111.422s][info][gc,phases,start] GC(111) Forward
[111.487s][info][gc,phases      ] GC(111) Forward 64.561ms
[111.487s][info][gc,phases,start] GC(111) Adjust Pointers
[111.855s][info][gc,phases      ] GC(111) Adjust Pointers 367.632ms
[111.855s][info][gc,phases,start] GC(111) Compaction Phase
[112.069s][info][gc,phases      ] GC(111) Compaction Phase 214.261ms
[112.069s][info][gc,phases,start] GC(111) Post Compact
[112.072s][info][gc,phases      ] GC(111) Post Compact 2.662ms
[112.072s][info][gc,heap        ] GC(111) PSYoungGen: 292864K(312832K)->284697K(312320K) Eden: 292864K(292864K)->284697K(292864K) From: 0K(19968K)->0K(19456K)
[112.072s][info][gc,heap        ] GC(111) ParOldGen: 667562K(667648K)->667562K(667648K)
[112.072s][info][gc,metaspace   ] GC(111) Metaspace: 8490K(8640K)->8490K(8640K) NonClass: 7482K(7552K)->7482K(7552K) Class: 1008K(1088K)->1008K(1088K)
[112.072s][info][gc             ] GC(111) Pause Full (Allocation Failure) 937M->929M(957M) 1513.149ms
[112.072s][info][gc,cpu         ] GC(111) User=3.00s Sys=0.00s Real=1.51s
[112.080s][info][gc,start       ] GC(112) Pause Full (Allocation Failure)
[112.080s][info][gc,phases,start] GC(112) Marking Phase
[112.945s][info][gc,phases      ] GC(112) Marking Phase 864.861ms
[112.945s][info][gc,phases,start] GC(112) Summary Phase
[112.945s][info][gc,phases      ] GC(112) Summary Phase 0.025ms
[112.945s][info][gc,phases,start] GC(112) Forward
[113.011s][info][gc,phases      ] GC(112) Forward 65.414ms
[113.011s][info][gc,phases,start] GC(112) Adjust Pointers
[113.382s][info][gc,phases      ] GC(112) Adjust Pointers 371.458ms
[113.382s][info][gc,phases,start] GC(112) Compaction Phase
[113.596s][info][gc,phases      ] GC(112) Compaction Phase 213.677ms
[113.596s][info][gc,phases,start] GC(112) Post Compact
[113.599s][info][gc,phases      ] GC(112) Post Compact 2.669ms
[113.599s][info][gc,heap        ] GC(112) PSYoungGen: 292864K(312320K)->285446K(312832K) Eden: 292864K(292864K)->285446K(292864K) From: 0K(19456K)->0K(19968K)
[113.599s][info][gc,heap        ] GC(112) ParOldGen: 667562K(667648K)->667562K(667648K)
[113.599s][info][gc,metaspace   ] GC(112) Metaspace: 8490K(8640K)->8490K(8640K) NonClass: 7482K(7552K)->7482K(7552K) Class: 1008K(1088K)->1008K(1088K)
[113.599s][info][gc             ] GC(112) Pause Full (Allocation Failure) 937M->930M(957M) 1518.463ms
[113.599s][info][gc,cpu         ] GC(112) User=3.01s Sys=0.00s Real=1.52s
[113.607s][info][gc,start       ] GC(113) Pause Full (Allocation Failure)
[113.607s][info][gc,phases,start] GC(113) Marking Phase
[114.471s][info][gc,phases      ] GC(113) Marking Phase 863.624ms
[114.471s][info][gc,phases,start] GC(113) Summary Phase
[114.471s][info][gc,phases      ] GC(113) Summary Phase 0.026ms
[114.471s][info][gc,phases,start] GC(113) Forward
[114.536s][info][gc,phases      ] GC(113) Forward 64.954ms
[114.536s][info][gc,phases,start] GC(113) Adjust Pointers
[114.909s][info][gc,phases      ] GC(113) Adjust Pointers 373.014ms
[114.909s][info][gc,phases,start] GC(113) Compaction Phase
[115.123s][info][gc,phases      ] GC(113) Compaction Phase 214.726ms
[115.124s][info][gc,phases,start] GC(113) Post Compact
[115.126s][info][gc,phases      ] GC(113) Post Compact 2.673ms
[115.126s][info][gc,heap        ] GC(113) PSYoungGen: 292864K(312832K)->286189K(312320K) Eden: 292864K(292864K)->286189K(292864K) From: 0K(19968K)->0K(19456K)
[115.126s][info][gc,heap        ] GC(113) ParOldGen: 667562K(667648K)->667562K(667648K)
[115.126s][info][gc,metaspace   ] GC(113) Metaspace: 8490K(8640K)->8490K(8640K) NonClass: 7482K(7552K)->7482K(7552K) Class: 1008K(1088K)->1008K(1088K)
[115.126s][info][gc             ] GC(113) Pause Full (Allocation Failure) 937M->931M(957M) 1519.391ms
[115.126s][info][gc,cpu         ] GC(113) User=3.01s Sys=0.01s Real=1.52s
[115.134s][info][gc,start       ] GC(114) Pause Full (Allocation Failure)
[115.134s][info][gc,phases,start] GC(114) Marking Phase
[115.998s][info][gc,phases      ] GC(114) Marking Phase 864.533ms
[115.998s][info][gc,phases,start] GC(114) Summary Phase
[115.998s][info][gc,phases      ] GC(114) Summary Phase 0.026ms
[115.998s][info][gc,phases,start] GC(114) Forward
[116.063s][info][gc,phases      ] GC(114) Forward 64.897ms
[116.063s][info][gc,phases,start] GC(114) Adjust Pointers
[116.434s][info][gc,phases      ] GC(114) Adjust Pointers 370.507ms
[116.434s][info][gc,phases,start] GC(114) Compaction Phase
[116.648s][info][gc,phases      ] GC(114) Compaction Phase 214.274ms
[116.648s][info][gc,phases,start] GC(114) Post Compact
[116.651s][info][gc,phases      ] GC(114) Post Compact 2.720ms
[116.651s][info][gc,heap        ] GC(114) PSYoungGen: 292864K(312320K)->286850K(312832K) Eden: 292864K(292864K)->286850K(292864K) From: 0K(19456K)->0K(19968K)
[116.651s][info][gc,heap        ] GC(114) ParOldGen: 667562K(667648K)->667562K(667648K)
[116.651s][info][gc,metaspace   ] GC(114) Metaspace: 8490K(8640K)->8490K(8640K) NonClass: 7482K(7552K)->7482K(7552K) Class: 1008K(1088K)->1008K(1088K)
[116.651s][info][gc             ] GC(114) Pause Full (Allocation Failure) 937M->932M(957M) 1517.332ms
[116.651s][info][gc,cpu         ] GC(114) User=3.00s Sys=0.00s Real=1.52s
[116.653s][info][gc,start       ] GC(115) Pause Full (Allocation Failure)
[116.653s][info][gc,phases,start] GC(115) Marking Phase
[117.517s][info][gc,phases      ] GC(115) Marking Phase 863.968ms
[117.517s][info][gc,phases,start] GC(115) Summary Phase
[117.517s][info][gc,phases      ] GC(115) Summary Phase 0.027ms
[117.517s][info][gc,phases,start] GC(115) Forward
[117.582s][info][gc,phases      ] GC(115) Forward 64.699ms
[117.582s][info][gc,phases,start] GC(115) Adjust Pointers
[117.951s][info][gc,phases      ] GC(115) Adjust Pointers 368.496ms
[117.951s][info][gc,phases,start] GC(115) Compaction Phase
[118.165s][info][gc,phases      ] GC(115) Compaction Phase 214.303ms
[118.165s][info][gc,phases,start] GC(115) Post Compact
[118.168s][info][gc,phases      ] GC(115) Post Compact 2.615ms
[118.168s][info][gc,heap        ] GC(115) PSYoungGen: 292864K(312832K)->286726K(312320K) Eden: 292864K(292864K)->286726K(292864K) From: 0K(19968K)->0K(19456K)
[118.168s][info][gc,heap        ] GC(115) ParOldGen: 667562K(667648K)->667562K(667648K)
[118.168s][info][gc,metaspace   ] GC(115) Metaspace: 8490K(8640K)->8490K(8640K) NonClass: 7482K(7552K)->7482K(7552K) Class: 1008K(1088K)->1008K(1088K)
[118.168s][info][gc             ] GC(115) Pause Full (Allocation Failure) 937M->931M(957M) 1514.472ms
[118.168s][info][gc,cpu         ] GC(115) User=3.00s Sys=0.00s Real=1.51s
[118.170s][info][gc,start       ] GC(116) Pause Full (Allocation Failure)
[118.170s][info][gc,phases,start] GC(116) Marking Phase
[119.037s][info][gc,phases      ] GC(116) Marking Phase 866.995ms
[119.037s][info][gc,phases,start] GC(116) Summary Phase
[119.037s][info][gc,phases      ] GC(116) Summary Phase 0.043ms
[119.037s][info][gc,phases,start] GC(116) Forward
[119.102s][info][gc,phases      ] GC(116) Forward 64.833ms
[119.102s][info][gc,phases,start] GC(116) Adjust Pointers
[119.474s][info][gc,phases      ] GC(116) Adjust Pointers 371.854ms
[119.474s][info][gc,phases,start] GC(116) Compaction Phase
[119.689s][info][gc,phases      ] GC(116) Compaction Phase 214.424ms
[119.689s][info][gc,phases,start] GC(116) Post Compact
[119.691s][info][gc,phases      ] GC(116) Post Compact 2.635ms
[119.691s][info][gc,heap        ] GC(116) PSYoungGen: 292864K(312320K)->286598K(312832K) Eden: 292864K(292864K)->286598K(292864K) From: 0K(19456K)->0K(19968K)
[119.691s][info][gc,heap        ] GC(116) ParOldGen: 667562K(667648K)->667562K(667648K)
[119.691s][info][gc,metaspace   ] GC(116) Metaspace: 8490K(8640K)->8490K(8640K) NonClass: 7482K(7552K)->7482K(7552K) Class: 1008K(1088K)->1008K(1088K)
[119.691s][info][gc             ] GC(116) Pause Full (Allocation Failure) 937M->931M(957M) 1521.187ms
[119.691s][info][gc,cpu         ] GC(116) User=3.02s Sys=0.00s Real=1.52s
[119.702s][info][gc,start       ] GC(117) Pause Full (Allocation Failure)
[119.702s][info][gc,phases,start] GC(117) Marking Phase
[120.569s][info][gc,phases      ] GC(117) Marking Phase 867.124ms
[120.569s][info][gc,phases,start] GC(117) Summary Phase
[120.569s][info][gc,phases      ] GC(117) Summary Phase 0.026ms
[120.569s][info][gc,phases,start] GC(117) Forward
[120.634s][info][gc,phases      ] GC(117) Forward 64.832ms
[120.634s][info][gc,phases,start] GC(117) Adjust Pointers
[121.007s][info][gc,phases      ] GC(117) Adjust Pointers 372.450ms
[121.007s][info][gc,phases,start] GC(117) Compaction Phase
[121.221s][info][gc,phases      ] GC(117) Compaction Phase 214.875ms
[121.222s][info][gc,phases,start] GC(117) Post Compact
[121.224s][info][gc,phases      ] GC(117) Post Compact 2.647ms
[121.224s][info][gc,heap        ] GC(117) PSYoungGen: 292864K(312832K)->286931K(312320K) Eden: 292864K(292864K)->286931K(292864K) From: 0K(19968K)->0K(19456K)
[121.224s][info][gc,heap        ] GC(117) ParOldGen: 667562K(667648K)->667562K(667648K)
[121.224s][info][gc,metaspace   ] GC(117) Metaspace: 8490K(8640K)->8490K(8640K) NonClass: 7482K(7552K)->7482K(7552K) Class: 1008K(1088K)->1008K(1088K)
[121.224s][info][gc             ] GC(117) Pause Full (Allocation Failure) 937M->932M(957M) 1522.329ms
[121.224s][info][gc,cpu         ] GC(117) User=3.02s Sys=0.00s Real=1.52s
[121.230s][info][gc,start       ] GC(118) Pause Full (Allocation Failure)
[121.230s][info][gc,phases,start] GC(118) Marking Phase
[122.092s][info][gc,phases      ] GC(118) Marking Phase 862.092ms
[122.092s][info][gc,phases,start] GC(118) Summary Phase
[122.092s][info][gc,phases      ] GC(118) Summary Phase 0.026ms
[122.092s][info][gc,phases,start] GC(118) Forward
[122.157s][info][gc,phases      ] GC(118) Forward 64.626ms
[122.157s][info][gc,phases,start] GC(118) Adjust Pointers
[122.529s][info][gc,phases      ] GC(118) Adjust Pointers 371.674ms
[122.529s][info][gc,phases,start] GC(118) Compaction Phase
[122.744s][info][gc,phases      ] GC(118) Compaction Phase 215.598ms
[122.745s][info][gc,phases,start] GC(118) Post Compact
[122.747s][info][gc,phases      ] GC(118) Post Compact 2.629ms
[122.747s][info][gc,heap        ] GC(118) PSYoungGen: 292864K(312320K)->287216K(312832K) Eden: 292864K(292864K)->287216K(292864K) From: 0K(19456K)->0K(19968K)
[122.747s][info][gc,heap        ] GC(118) ParOldGen: 667562K(667648K)->667562K(667648K)
[122.747s][info][gc,metaspace   ] GC(118) Metaspace: 8490K(8640K)->8490K(8640K) NonClass: 7482K(7552K)->7482K(7552K) Class: 1008K(1088K)->1008K(1088K)
[122.747s][info][gc             ] GC(118) Pause Full (Allocation Failure) 937M->932M(957M) 1517.063ms
[122.747s][info][gc,cpu         ] GC(118) User=3.01s Sys=0.00s Real=1.51s
[122.752s][info][gc,start       ] GC(119) Pause Full (Allocation Failure)
[122.752s][info][gc,phases,start] GC(119) Marking Phase
[123.617s][info][gc,phases      ] GC(119) Marking Phase 864.595ms
[123.617s][info][gc,phases,start] GC(119) Summary Phase
[123.617s][info][gc,phases      ] GC(119) Summary Phase 0.025ms
[123.617s][info][gc,phases,start] GC(119) Forward
[123.685s][info][gc,phases      ] GC(119) Forward 67.756ms
[123.685s][info][gc,phases,start] GC(119) Adjust Pointers
[124.058s][info][gc,phases      ] GC(119) Adjust Pointers 372.856ms
[124.058s][info][gc,phases,start] GC(119) Compaction Phase
[124.282s][info][gc,phases      ] GC(119) Compaction Phase 224.428ms
[124.282s][info][gc,phases,start] GC(119) Post Compact
[124.285s][info][gc,phases      ] GC(119) Post Compact 2.655ms
[124.285s][info][gc,heap        ] GC(119) PSYoungGen: 292864K(312832K)->287653K(312320K) Eden: 292864K(292864K)->287653K(292864K) From: 0K(19968K)->0K(19456K)
[124.285s][info][gc,heap        ] GC(119) ParOldGen: 667562K(667648K)->667562K(667648K)
[124.285s][info][gc,metaspace   ] GC(119) Metaspace: 8490K(8640K)->8490K(8640K) NonClass: 7482K(7552K)->7482K(7552K) Class: 1008K(1088K)->1008K(1088K)
[124.285s][info][gc             ] GC(119) Pause Full (Allocation Failure) 937M->932M(957M) 1532.697ms
[124.285s][info][gc,cpu         ] GC(119) User=3.03s Sys=0.00s Real=1.53s
[124.290s][info][gc,start       ] GC(120) Pause Full (Allocation Failure)
[124.290s][info][gc,phases,start] GC(120) Marking Phase
[125.151s][info][gc,phases      ] GC(120) Marking Phase 860.266ms
[125.151s][info][gc,phases,start] GC(120) Summary Phase
[125.151s][info][gc,phases      ] GC(120) Summary Phase 0.027ms
[125.151s][info][gc,phases,start] GC(120) Forward
[125.215s][info][gc,phases      ] GC(120) Forward 64.437ms
[125.215s][info][gc,phases,start] GC(120) Adjust Pointers
[125.582s][info][gc,phases      ] GC(120) Adjust Pointers 366.818ms
[125.582s][info][gc,phases,start] GC(120) Compaction Phase
[125.802s][info][gc,phases      ] GC(120) Compaction Phase 219.511ms
[125.802s][info][gc,phases,start] GC(120) Post Compact
[125.804s][info][gc,phases      ] GC(120) Post Compact 2.661ms
[125.804s][info][gc,heap        ] GC(120) PSYoungGen: 292864K(312320K)->288122K(312832K) Eden: 292864K(292864K)->288122K(292864K) From: 0K(19456K)->0K(19968K)
[125.805s][info][gc,heap        ] GC(120) ParOldGen: 667562K(667648K)->667562K(667648K)
[125.805s][info][gc,metaspace   ] GC(120) Metaspace: 8490K(8640K)->8490K(8640K) NonClass: 7482K(7552K)->7482K(7552K) Class: 1008K(1088K)->1008K(1088K)
[125.805s][info][gc             ] GC(120) Pause Full (Allocation Failure) 937M->933M(957M) 1514.072ms
[125.805s][info][gc,cpu         ] GC(120) User=3.00s Sys=0.00s Real=1.51s
[125.810s][info][gc,start       ] GC(121) Pause Full (Allocation Failure)
[125.810s][info][gc,phases,start] GC(121) Marking Phase
[126.673s][info][gc,phases      ] GC(121) Marking Phase 862.860ms
[126.673s][info][gc,phases,start] GC(121) Summary Phase
[126.673s][info][gc,phases      ] GC(121) Summary Phase 0.025ms
[126.673s][info][gc,phases,start] GC(121) Forward
[126.737s][info][gc,phases      ] GC(121) Forward 64.491ms
[126.737s][info][gc,phases,start] GC(121) Adjust Pointers
[127.109s][info][gc,phases      ] GC(121) Adjust Pointers 371.909ms
[127.109s][info][gc,phases,start] GC(121) Compaction Phase
[127.324s][info][gc,phases      ] GC(121) Compaction Phase 214.463ms
[127.324s][info][gc,phases,start] GC(121) Post Compact
[127.327s][info][gc,phases      ] GC(121) Post Compact 2.641ms
[127.327s][info][gc,heap        ] GC(121) PSYoungGen: 292864K(312832K)->288616K(312320K) Eden: 292864K(292864K)->288616K(292864K) From: 0K(19968K)->0K(19456K)
[127.327s][info][gc,heap        ] GC(121) ParOldGen: 667562K(667648K)->667562K(667648K)
[127.327s][info][gc,metaspace   ] GC(121) Metaspace: 8490K(8640K)->8490K(8640K) NonClass: 7482K(7552K)->7482K(7552K) Class: 1008K(1088K)->1008K(1088K)
[127.327s][info][gc             ] GC(121) Pause Full (Allocation Failure) 937M->933M(957M) 1516.808ms
[127.327s][info][gc,cpu         ] GC(121) User=3.01s Sys=0.00s Real=1.51s
[127.332s][info][gc,start       ] GC(122) Pause Full (Allocation Failure)
[127.332s][info][gc,phases,start] GC(122) Marking Phase
[128.196s][info][gc,phases      ] GC(122) Marking Phase 863.818ms
[128.196s][info][gc,phases,start] GC(122) Summary Phase
[128.196s][info][gc,phases      ] GC(122) Summary Phase 0.027ms
[128.196s][info][gc,phases,start] GC(122) Forward
[128.260s][info][gc,phases      ] GC(122) Forward 64.657ms
[128.260s][info][gc,phases,start] GC(122) Adjust Pointers
[128.629s][info][gc,phases      ] GC(122) Adjust Pointers 369.006ms
[128.629s][info][gc,phases,start] GC(122) Compaction Phase
[128.844s][info][gc,phases      ] GC(122) Compaction Phase 214.501ms
[128.844s][info][gc,phases,start] GC(122) Post Compact
[128.847s][info][gc,phases      ] GC(122) Post Compact 2.761ms
[128.847s][info][gc,heap        ] GC(122) PSYoungGen: 292864K(312320K)->289104K(312832K) Eden: 292864K(292864K)->289104K(292864K) From: 0K(19456K)->0K(19968K)
[128.847s][info][gc,heap        ] GC(122) ParOldGen: 667562K(667648K)->667562K(667648K)
[128.847s][info][gc,metaspace   ] GC(122) Metaspace: 8490K(8640K)->8490K(8640K) NonClass: 7482K(7552K)->7482K(7552K) Class: 1008K(1088K)->1008K(1088K)
[128.847s][info][gc             ] GC(122) Pause Full (Allocation Failure) 937M->934M(957M) 1515.142ms
[128.847s][info][gc,cpu         ] GC(122) User=3.01s Sys=0.00s Real=1.51s
[128.850s][info][gc,start       ] GC(123) Pause Full (Allocation Failure)
[128.850s][info][gc,phases,start] GC(123) Marking Phase
[129.714s][info][gc,phases      ] GC(123) Marking Phase 864.536ms
[129.714s][info][gc,phases,start] GC(123) Summary Phase
[129.714s][info][gc,phases      ] GC(123) Summary Phase 0.027ms
[129.714s][info][gc,phases,start] GC(123) Forward
[129.779s][info][gc,phases      ] GC(123) Forward 64.895ms
[129.779s][info][gc,phases,start] GC(123) Adjust Pointers
[130.153s][info][gc,phases      ] GC(123) Adjust Pointers 373.202ms
[130.153s][info][gc,phases,start] GC(123) Compaction Phase
[130.367s][info][gc,phases      ] GC(123) Compaction Phase 213.862ms
[130.367s][info][gc,phases,start] GC(123) Post Compact
[130.369s][info][gc,phases      ] GC(123) Post Compact 2.646ms
[130.369s][info][gc,heap        ] GC(123) PSYoungGen: 292864K(312832K)->289202K(312320K) Eden: 292864K(292864K)->289202K(292864K) From: 0K(19968K)->0K(19456K)
[130.369s][info][gc,heap        ] GC(123) ParOldGen: 667562K(667648K)->667562K(667648K)
[130.369s][info][gc,metaspace   ] GC(123) Metaspace: 8490K(8640K)->8490K(8640K) NonClass: 7482K(7552K)->7482K(7552K) Class: 1008K(1088K)->1008K(1088K)
[130.369s][info][gc             ] GC(123) Pause Full (Allocation Failure) 937M->934M(957M) 1519.543ms
[130.369s][info][gc,cpu         ] GC(123) User=3.01s Sys=0.01s Real=1.52s
[130.371s][info][gc,start       ] GC(124) Pause Full (Allocation Failure)
[130.371s][info][gc,phases,start] GC(124) Marking Phase
[131.242s][info][gc,phases      ] GC(124) Marking Phase 871.340ms
[131.242s][info][gc,phases,start] GC(124) Summary Phase
[131.242s][info][gc,phases      ] GC(124) Summary Phase 0.026ms
[131.242s][info][gc,phases,start] GC(124) Forward
[131.307s][info][gc,phases      ] GC(124) Forward 64.702ms
[131.307s][info][gc,phases,start] GC(124) Adjust Pointers
[131.678s][info][gc,phases      ] GC(124) Adjust Pointers 370.955ms
[131.678s][info][gc,phases,start] GC(124) Compaction Phase
[131.892s][info][gc,phases      ] GC(124) Compaction Phase 213.963ms
[131.892s][info][gc,phases,start] GC(124) Post Compact
[131.895s][info][gc,phases      ] GC(124) Post Compact 2.692ms
[131.895s][info][gc,heap        ] GC(124) PSYoungGen: 292864K(312320K)->289124K(312832K) Eden: 292864K(292864K)->289124K(292864K) From: 0K(19456K)->0K(19968K)
[131.895s][info][gc,heap        ] GC(124) ParOldGen: 667562K(667648K)->667562K(667648K)
[131.895s][info][gc,metaspace   ] GC(124) Metaspace: 8490K(8640K)->8490K(8640K) NonClass: 7482K(7552K)->7482K(7552K) Class: 1008K(1088K)->1008K(1088K)
[131.895s][info][gc             ] GC(124) Pause Full (Allocation Failure) 937M->934M(957M) 1524.091ms
[131.895s][info][gc,cpu         ] GC(124) User=3.03s Sys=0.00s Real=1.52s
[131.896s][info][gc,start       ] GC(125) Pause Full (Allocation Failure)
[131.896s][info][gc,phases,start] GC(125) Marking Phase
[132.759s][info][gc,phases      ] GC(125) Marking Phase 862.577ms
[132.759s][info][gc,phases,start] GC(125) Summary Phase
[132.759s][info][gc,phases      ] GC(125) Summary Phase 0.026ms
[132.759s][info][gc,phases,start] GC(125) Forward
[132.824s][info][gc,phases      ] GC(125) Forward 64.794ms
[132.824s][info][gc,phases,start] GC(125) Adjust Pointers
[133.192s][info][gc,phases      ] GC(125) Adjust Pointers 368.070ms
[133.192s][info][gc,phases,start] GC(125) Compaction Phase
[133.406s][info][gc,phases      ] GC(125) Compaction Phase 213.633ms
[133.406s][info][gc,phases,start] GC(125) Post Compact
[133.408s][info][gc,phases      ] GC(125) Post Compact 2.613ms
[133.408s][info][gc,heap        ] GC(125) PSYoungGen: 292864K(312832K)->289045K(312320K) Eden: 292864K(292864K)->289045K(292864K) From: 0K(19968K)->0K(19456K)
[133.408s][info][gc,heap        ] GC(125) ParOldGen: 667562K(667648K)->667562K(667648K)
[133.408s][info][gc,metaspace   ] GC(125) Metaspace: 8490K(8640K)->8490K(8640K) NonClass: 7482K(7552K)->7482K(7552K) Class: 1008K(1088K)->1008K(1088K)
[133.409s][info][gc             ] GC(125) Pause Full (Allocation Failure) 937M->934M(957M) 1512.081ms
[133.409s][info][gc,cpu         ] GC(125) User=3.00s Sys=0.00s Real=1.52s
[133.412s][info][gc,start       ] GC(126) Pause Full (Allocation Failure)
[133.412s][info][gc,phases,start] GC(126) Marking Phase
[134.272s][info][gc,phases      ] GC(126) Marking Phase 859.659ms
[134.272s][info][gc,phases,start] GC(126) Summary Phase
[134.272s][info][gc,phases      ] GC(126) Summary Phase 0.026ms
[134.272s][info][gc,phases,start] GC(126) Forward
[134.336s][info][gc,phases      ] GC(126) Forward 64.127ms
[134.336s][info][gc,phases,start] GC(126) Adjust Pointers
[134.708s][info][gc,phases      ] GC(126) Adjust Pointers 372.196ms
[134.708s][info][gc,phases,start] GC(126) Compaction Phase
[134.923s][info][gc,phases      ] GC(126) Compaction Phase 214.651ms
[134.923s][info][gc,phases,start] GC(126) Post Compact
[134.926s][info][gc,phases      ] GC(126) Post Compact 2.658ms
[134.926s][info][gc,heap        ] GC(126) PSYoungGen: 292864K(312320K)->288613K(312832K) Eden: 292864K(292864K)->288613K(292864K) From: 0K(19456K)->0K(19968K)
[134.926s][info][gc,heap        ] GC(126) ParOldGen: 667562K(667648K)->667562K(667648K)
[134.926s][info][gc,metaspace   ] GC(126) Metaspace: 8490K(8640K)->8490K(8640K) NonClass: 7482K(7552K)->7482K(7552K) Class: 1008K(1088K)->1008K(1088K)
[134.926s][info][gc             ] GC(126) Pause Full (Allocation Failure) 937M->933M(957M) 1513.677ms
[134.926s][info][gc,cpu         ] GC(126) User=3.00s Sys=0.00s Real=1.51s
[134.933s][info][gc,start       ] GC(127) Pause Full (Allocation Failure)
[134.933s][info][gc,phases,start] GC(127) Marking Phase
[135.794s][info][gc,phases      ] GC(127) Marking Phase 861.394ms
[135.794s][info][gc,phases,start] GC(127) Summary Phase
[135.795s][info][gc,phases      ] GC(127) Summary Phase 0.033ms
[135.795s][info][gc,phases,start] GC(127) Forward
[135.859s][info][gc,phases      ] GC(127) Forward 64.243ms
[135.859s][info][gc,phases,start] GC(127) Adjust Pointers
[136.229s][info][gc,phases      ] GC(127) Adjust Pointers 369.671ms
[136.229s][info][gc,phases,start] GC(127) Compaction Phase
[136.442s][info][gc,phases      ] GC(127) Compaction Phase 213.655ms
[136.442s][info][gc,phases,start] GC(127) Post Compact
[136.445s][info][gc,phases      ] GC(127) Post Compact 2.615ms
[136.445s][info][gc,heap        ] GC(127) PSYoungGen: 292864K(312832K)->289335K(312320K) Eden: 292864K(292864K)->289335K(292864K) From: 0K(19968K)->0K(19456K)
[136.445s][info][gc,heap        ] GC(127) ParOldGen: 667562K(667648K)->667562K(667648K)
[136.445s][info][gc,metaspace   ] GC(127) Metaspace: 8490K(8640K)->8490K(8640K) NonClass: 7482K(7552K)->7482K(7552K) Class: 1008K(1088K)->1008K(1088K)
[136.445s][info][gc             ] GC(127) Pause Full (Allocation Failure) 937M->934M(957M) 1511.996ms
[136.445s][info][gc,cpu         ] GC(127) User=3.00s Sys=0.00s Real=1.51s
[136.448s][info][gc,start       ] GC(128) Pause Full (Allocation Failure)
[136.448s][info][gc,phases,start] GC(128) Marking Phase
[137.309s][info][gc,phases      ] GC(128) Marking Phase 860.537ms
[137.309s][info][gc,phases,start] GC(128) Summary Phase
[137.309s][info][gc,phases      ] GC(128) Summary Phase 0.026ms
[137.309s][info][gc,phases,start] GC(128) Forward
[137.373s][info][gc,phases      ] GC(128) Forward 64.179ms
[137.373s][info][gc,phases,start] GC(128) Adjust Pointers
[137.743s][info][gc,phases      ] GC(128) Adjust Pointers 370.152ms
[137.744s][info][gc,phases,start] GC(128) Compaction Phase
[137.957s][info][gc,phases      ] GC(128) Compaction Phase 213.711ms
[137.957s][info][gc,phases,start] GC(128) Post Compact
[137.960s][info][gc,phases      ] GC(128) Post Compact 2.613ms
[137.960s][info][gc,heap        ] GC(128) PSYoungGen: 292864K(312320K)->289344K(312832K) Eden: 292864K(292864K)->289344K(292864K) From: 0K(19456K)->0K(19968K)
[137.960s][info][gc,heap        ] GC(128) ParOldGen: 667562K(667648K)->667562K(667648K)
[137.960s][info][gc,metaspace   ] GC(128) Metaspace: 8490K(8640K)->8490K(8640K) NonClass: 7482K(7552K)->7482K(7552K) Class: 1008K(1088K)->1008K(1088K)
[137.960s][info][gc             ] GC(128) Pause Full (Allocation Failure) 937M->934M(957M) 1511.575ms
[137.960s][info][gc,cpu         ] GC(128) User=3.00s Sys=0.00s Real=1.51s
[137.964s][info][gc,start       ] GC(129) Pause Full (Allocation Failure)
[137.964s][info][gc,phases,start] GC(129) Marking Phase
[138.826s][info][gc,phases      ] GC(129) Marking Phase 861.757ms
[138.826s][info][gc,phases,start] GC(129) Summary Phase
[138.826s][info][gc,phases      ] GC(129) Summary Phase 0.028ms
[138.826s][info][gc,phases,start] GC(129) Forward
[138.890s][info][gc,phases      ] GC(129) Forward 64.397ms
[138.890s][info][gc,phases,start] GC(129) Adjust Pointers
[139.260s][info][gc,phases      ] GC(129) Adjust Pointers 369.993ms
[139.260s][info][gc,phases,start] GC(129) Compaction Phase
[139.474s][info][gc,phases      ] GC(129) Compaction Phase 213.567ms
[139.474s][info][gc,phases,start] GC(129) Post Compact
[139.477s][info][gc,phases      ] GC(129) Post Compact 2.660ms
[139.477s][info][gc,heap        ] GC(129) PSYoungGen: 292864K(312832K)->289666K(312320K) Eden: 292864K(292864K)->289666K(292864K) From: 0K(19968K)->0K(19456K)
[139.477s][info][gc,heap        ] GC(129) ParOldGen: 667562K(667648K)->667562K(667648K)
[139.477s][info][gc,metaspace   ] GC(129) Metaspace: 8490K(8640K)->8490K(8640K) NonClass: 7482K(7552K)->7482K(7552K) Class: 1008K(1088K)->1008K(1088K)
[139.477s][info][gc             ] GC(129) Pause Full (Allocation Failure) 937M->934M(957M) 1512.806ms
[139.477s][info][gc,cpu         ] GC(129) User=3.01s Sys=0.00s Real=1.51s
[139.480s][info][gc,start       ] GC(130) Pause Full (Allocation Failure)
[139.480s][info][gc,phases,start] GC(130) Marking Phase
[140.342s][info][gc,phases      ] GC(130) Marking Phase 861.190ms
[140.342s][info][gc,phases,start] GC(130) Summary Phase
[140.342s][info][gc,phases      ] GC(130) Summary Phase 0.026ms
[140.342s][info][gc,phases,start] GC(130) Forward
[140.406s][info][gc,phases      ] GC(130) Forward 64.265ms
[140.406s][info][gc,phases,start] GC(130) Adjust Pointers
[140.778s][info][gc,phases      ] GC(130) Adjust Pointers 371.664ms
[140.778s][info][gc,phases,start] GC(130) Compaction Phase
[140.992s][info][gc,phases      ] GC(130) Compaction Phase 214.606ms
[140.992s][info][gc,phases,start] GC(130) Post Compact
[140.995s][info][gc,phases      ] GC(130) Post Compact 2.633ms
[140.995s][info][gc,heap        ] GC(130) PSYoungGen: 292864K(312320K)->289960K(312832K) Eden: 292864K(292864K)->289960K(292864K) From: 0K(19456K)->0K(19968K)
[140.995s][info][gc,heap        ] GC(130) ParOldGen: 667562K(667648K)->667562K(667648K)
[140.995s][info][gc,metaspace   ] GC(130) Metaspace: 8490K(8640K)->8490K(8640K) NonClass: 7482K(7552K)->7482K(7552K) Class: 1008K(1088K)->1008K(1088K)
[140.995s][info][gc             ] GC(130) Pause Full (Allocation Failure) 937M->935M(957M) 1514.720ms
[140.995s][info][gc,cpu         ] GC(130) User=3.00s Sys=0.00s Real=1.51s
[140.998s][info][gc,start       ] GC(131) Pause Full (Allocation Failure)
[140.998s][info][gc,phases,start] GC(131) Marking Phase
[141.860s][info][gc,phases      ] GC(131) Marking Phase 861.959ms
[141.860s][info][gc,phases,start] GC(131) Summary Phase
[141.860s][info][gc,phases      ] GC(131) Summary Phase 0.026ms
[141.860s][info][gc,phases,start] GC(131) Forward
[141.925s][info][gc,phases      ] GC(131) Forward 64.776ms
[141.925s][info][gc,phases,start] GC(131) Adjust Pointers
[142.294s][info][gc,phases      ] GC(131) Adjust Pointers 369.220ms
[142.294s][info][gc,phases,start] GC(131) Compaction Phase
[142.509s][info][gc,phases      ] GC(131) Compaction Phase 214.445ms
[142.509s][info][gc,phases,start] GC(131) Post Compact
[142.512s][info][gc,phases      ] GC(131) Post Compact 2.675ms
[142.512s][info][gc,heap        ] GC(131) PSYoungGen: 292864K(312832K)->290223K(312320K) Eden: 292864K(292864K)->290223K(292864K) From: 0K(19968K)->0K(19456K)
[142.512s][info][gc,heap        ] GC(131) ParOldGen: 667562K(667648K)->667562K(667648K)
[142.512s][info][gc,metaspace   ] GC(131) Metaspace: 8490K(8640K)->8490K(8640K) NonClass: 7482K(7552K)->7482K(7552K) Class: 1008K(1088K)->1008K(1088K)
[142.512s][info][gc             ] GC(131) Pause Full (Allocation Failure) 937M->935M(957M) 1513.494ms
[142.512s][info][gc,cpu         ] GC(131) User=3.00s Sys=0.00s Real=1.52s
[142.515s][info][gc,start       ] GC(132) Pause Full (Allocation Failure)
[142.515s][info][gc,phases,start] GC(132) Marking Phase
[143.380s][info][gc,phases      ] GC(132) Marking Phase 865.026ms
[143.380s][info][gc,phases,start] GC(132) Summary Phase
[143.380s][info][gc,phases      ] GC(132) Summary Phase 0.026ms
[143.380s][info][gc,phases,start] GC(132) Forward
[143.445s][info][gc,phases      ] GC(132) Forward 64.820ms
[143.445s][info][gc,phases,start] GC(132) Adjust Pointers
[143.814s][info][gc,phases      ] GC(132) Adjust Pointers 369.017ms
[143.814s][info][gc,phases,start] GC(132) Compaction Phase
[144.028s][info][gc,phases      ] GC(132) Compaction Phase 214.621ms
[144.029s][info][gc,phases,start] GC(132) Post Compact
[144.031s][info][gc,phases      ] GC(132) Post Compact 2.642ms
[144.031s][info][gc,heap        ] GC(132) PSYoungGen: 292864K(312320K)->290462K(312832K) Eden: 292864K(292864K)->290462K(292864K) From: 0K(19456K)->0K(19968K)
[144.031s][info][gc,heap        ] GC(132) ParOldGen: 667562K(667648K)->667562K(667648K)
[144.031s][info][gc,metaspace   ] GC(132) Metaspace: 8490K(8640K)->8490K(8640K) NonClass: 7482K(7552K)->7482K(7552K) Class: 1008K(1088K)->1008K(1088K)
[144.031s][info][gc             ] GC(132) Pause Full (Allocation Failure) 937M->935M(957M) 1516.521ms
[144.031s][info][gc,cpu         ] GC(132) User=3.01s Sys=0.00s Real=1.52s
[144.034s][info][gc,start       ] GC(133) Pause Full (Allocation Failure)
[144.034s][info][gc,phases,start] GC(133) Marking Phase
[144.894s][info][gc,phases      ] GC(133) Marking Phase 860.266ms
[144.894s][info][gc,phases,start] GC(133) Summary Phase
[144.894s][info][gc,phases      ] GC(133) Summary Phase 0.027ms
[144.894s][info][gc,phases,start] GC(133) Forward
[144.961s][info][gc,phases      ] GC(133) Forward 66.627ms
[144.961s][info][gc,phases,start] GC(133) Adjust Pointers
[145.329s][info][gc,phases      ] GC(133) Adjust Pointers 367.548ms
[145.329s][info][gc,phases,start] GC(133) Compaction Phase
[145.550s][info][gc,phases      ] GC(133) Compaction Phase 221.535ms
[145.550s][info][gc,phases,start] GC(133) Post Compact
[145.553s][info][gc,phases      ] GC(133) Post Compact 2.731ms
[145.553s][info][gc,heap        ] GC(133) PSYoungGen: 292864K(312832K)->290679K(312320K) Eden: 292864K(292864K)->290679K(292864K) From: 0K(19968K)->0K(19456K)
[145.553s][info][gc,heap        ] GC(133) ParOldGen: 667562K(667648K)->667562K(667648K)
[145.553s][info][gc,metaspace   ] GC(133) Metaspace: 8490K(8640K)->8490K(8640K) NonClass: 7482K(7552K)->7482K(7552K) Class: 1008K(1088K)->1008K(1088K)
[145.553s][info][gc             ] GC(133) Pause Full (Allocation Failure) 937M->935M(957M) 1519.110ms
[145.553s][info][gc,cpu         ] GC(133) User=3.01s Sys=0.00s Real=1.52s
[145.556s][info][gc,start       ] GC(134) Pause Full (Allocation Failure)
[145.556s][info][gc,phases,start] GC(134) Marking Phase
[146.452s][info][gc,phases      ] GC(134) Marking Phase 895.569ms
[146.452s][info][gc,phases,start] GC(134) Summary Phase
[146.452s][info][gc,phases      ] GC(134) Summary Phase 0.027ms
[146.452s][info][gc,phases,start] GC(134) Forward
[146.518s][info][gc,phases      ] GC(134) Forward 65.837ms
[146.518s][info][gc,phases,start] GC(134) Adjust Pointers
[146.897s][info][gc,phases      ] GC(134) Adjust Pointers 379.392ms
[146.897s][info][gc,phases,start] GC(134) Compaction Phase
[147.121s][info][gc,phases      ] GC(134) Compaction Phase 223.228ms
[147.121s][info][gc,phases,start] GC(134) Post Compact
[147.123s][info][gc,phases      ] GC(134) Post Compact 2.680ms
[147.123s][info][gc,heap        ] GC(134) PSYoungGen: 292864K(312320K)->290907K(312832K) Eden: 292864K(292864K)->290907K(292864K) From: 0K(19456K)->0K(19968K)
[147.123s][info][gc,heap        ] GC(134) ParOldGen: 667562K(667648K)->667562K(667648K)
[147.123s][info][gc,metaspace   ] GC(134) Metaspace: 8490K(8640K)->8490K(8640K) NonClass: 7482K(7552K)->7482K(7552K) Class: 1008K(1088K)->1008K(1088K)
[147.123s][info][gc             ] GC(134) Pause Full (Allocation Failure) 937M->936M(957M) 1567.101ms
[147.123s][info][gc,cpu         ] GC(134) User=3.11s Sys=0.01s Real=1.57s
[147.126s][info][gc,start       ] GC(135) Pause Full (Allocation Failure)
[147.126s][info][gc,phases,start] GC(135) Marking Phase
[147.991s][info][gc,phases      ] GC(135) Marking Phase 864.641ms
[147.991s][info][gc,phases,start] GC(135) Summary Phase
[147.991s][info][gc,phases      ] GC(135) Summary Phase 0.026ms
[147.991s][info][gc,phases,start] GC(135) Forward
[148.055s][info][gc,phases      ] GC(135) Forward 64.570ms
[148.055s][info][gc,phases,start] GC(135) Adjust Pointers
[148.426s][info][gc,phases      ] GC(135) Adjust Pointers 370.390ms
[148.426s][info][gc,phases,start] GC(135) Compaction Phase
[148.640s][info][gc,phases      ] GC(135) Compaction Phase 214.130ms
[148.640s][info][gc,phases,start] GC(135) Post Compact
[148.643s][info][gc,phases      ] GC(135) Post Compact 2.671ms
[148.643s][info][gc,heap        ] GC(135) PSYoungGen: 292864K(312832K)->291135K(312320K) Eden: 292864K(292864K)->291135K(292864K) From: 0K(19968K)->0K(19456K)
[148.643s][info][gc,heap        ] GC(135) ParOldGen: 667562K(667648K)->667562K(667648K)
[148.643s][info][gc,metaspace   ] GC(135) Metaspace: 8490K(8640K)->8490K(8640K) NonClass: 7482K(7552K)->7482K(7552K) Class: 1008K(1088K)->1008K(1088K)
[148.643s][info][gc             ] GC(135) Pause Full (Allocation Failure) 937M->936M(957M) 1516.797ms
[148.643s][info][gc,cpu         ] GC(135) User=3.01s Sys=0.00s Real=1.52s
[148.645s][info][gc,start       ] GC(136) Pause Full (Allocation Failure)
[148.645s][info][gc,phases,start] GC(136) Marking Phase
[149.510s][info][gc,phases      ] GC(136) Marking Phase 864.565ms
[149.510s][info][gc,phases,start] GC(136) Summary Phase
[149.510s][info][gc,phases      ] GC(136) Summary Phase 0.027ms
[149.510s][info][gc,phases,start] GC(136) Forward
[149.574s][info][gc,phases      ] GC(136) Forward 64.403ms
[149.574s][info][gc,phases,start] GC(136) Adjust Pointers
[149.947s][info][gc,phases      ] GC(136) Adjust Pointers 372.613ms
[149.947s][info][gc,phases,start] GC(136) Compaction Phase
[150.162s][info][gc,phases      ] GC(136) Compaction Phase 215.461ms
[150.162s][info][gc,phases,start] GC(136) Post Compact
[150.165s][info][gc,phases      ] GC(136) Post Compact 2.624ms
[150.165s][info][gc,heap        ] GC(136) PSYoungGen: 292864K(312320K)->291329K(312832K) Eden: 292864K(292864K)->291329K(292864K) From: 0K(19456K)->0K(19968K)
[150.165s][info][gc,heap        ] GC(136) ParOldGen: 667562K(667648K)->667562K(667648K)
[150.165s][info][gc,metaspace   ] GC(136) Metaspace: 8490K(8640K)->8490K(8640K) NonClass: 7482K(7552K)->7482K(7552K) Class: 1008K(1088K)->1008K(1088K)
[150.165s][info][gc             ] GC(136) Pause Full (Allocation Failure) 937M->936M(957M) 1520.042ms
[150.165s][info][gc,cpu         ] GC(136) User=3.01s Sys=0.00s Real=1.52s
[150.167s][info][gc,start       ] GC(137) Pause Full (Allocation Failure)
[150.167s][info][gc,phases,start] GC(137) Marking Phase
[151.045s][info][gc,phases      ] GC(137) Marking Phase 878.003ms
[151.045s][info][gc,phases,start] GC(137) Summary Phase
[151.045s][info][gc,phases      ] GC(137) Summary Phase 0.028ms
[151.045s][info][gc,phases,start] GC(137) Forward
[151.110s][info][gc,phases      ] GC(137) Forward 64.793ms
[151.110s][info][gc,phases,start] GC(137) Adjust Pointers
[151.483s][info][gc,phases      ] GC(137) Adjust Pointers 372.586ms
[151.483s][info][gc,phases,start] GC(137) Compaction Phase
[151.700s][info][gc,phases      ] GC(137) Compaction Phase 217.378ms
[151.700s][info][gc,phases,start] GC(137) Post Compact
[151.703s][info][gc,phases      ] GC(137) Post Compact 2.661ms
[151.703s][info][gc,heap        ] GC(137) PSYoungGen: 292864K(312832K)->291498K(312320K) Eden: 292864K(292864K)->291498K(292864K) From: 0K(19968K)->0K(19456K)
[151.703s][info][gc,heap        ] GC(137) ParOldGen: 667562K(667648K)->667562K(667648K)
[151.703s][info][gc,metaspace   ] GC(137) Metaspace: 8490K(8640K)->8490K(8640K) NonClass: 7482K(7552K)->7482K(7552K) Class: 1008K(1088K)->1008K(1088K)
[151.703s][info][gc             ] GC(137) Pause Full (Allocation Failure) 937M->936M(957M) 1535.814ms
[151.703s][info][gc,cpu         ] GC(137) User=3.04s Sys=0.00s Real=1.54s
[151.705s][info][gc,start       ] GC(138) Pause Full (Allocation Failure)
[151.705s][info][gc,phases,start] GC(138) Marking Phase
[152.574s][info][gc,phases      ] GC(138) Marking Phase 868.870ms
[152.574s][info][gc,phases,start] GC(138) Summary Phase
[152.574s][info][gc,phases      ] GC(138) Summary Phase 0.027ms
[152.574s][info][gc,phases,start] GC(138) Forward
[152.639s][info][gc,phases      ] GC(138) Forward 64.986ms
[152.639s][info][gc,phases,start] GC(138) Adjust Pointers
[153.014s][info][gc,phases      ] GC(138) Adjust Pointers 374.685ms
[153.014s][info][gc,phases,start] GC(138) Compaction Phase
[153.230s][info][gc,phases      ] GC(138) Compaction Phase 216.331ms
[153.230s][info][gc,phases,start] GC(138) Post Compact
[153.233s][info][gc,phases      ] GC(138) Post Compact 2.661ms
[153.233s][info][gc,heap        ] GC(138) PSYoungGen: 292864K(312320K)->291646K(312832K) Eden: 292864K(292864K)->291646K(292864K) From: 0K(19456K)->0K(19968K)
[153.233s][info][gc,heap        ] GC(138) ParOldGen: 667562K(667648K)->667562K(667648K)
[153.233s][info][gc,metaspace   ] GC(138) Metaspace: 8490K(8640K)->8490K(8640K) NonClass: 7482K(7552K)->7482K(7552K) Class: 1008K(1088K)->1008K(1088K)
[153.233s][info][gc             ] GC(138) Pause Full (Allocation Failure) 937M->936M(957M) 1527.913ms
[153.233s][info][gc,cpu         ] GC(138) User=3.04s Sys=0.00s Real=1.53s
[153.234s][info][gc,start       ] GC(139) Pause Full (Allocation Failure)
[153.234s][info][gc,phases,start] GC(139) Marking Phase
[154.100s][info][gc,phases      ] GC(139) Marking Phase 865.789ms
[154.100s][info][gc,phases,start] GC(139) Summary Phase
[154.100s][info][gc,phases      ] GC(139) Summary Phase 0.029ms
[154.100s][info][gc,phases,start] GC(139) Forward
[154.338s][info][gc,phases      ] GC(139) Forward 238.365ms
[154.338s][info][gc,phases,start] GC(139) Adjust Pointers
[154.797s][info][gc,phases      ] GC(139) Adjust Pointers 458.231ms
[154.797s][info][gc,phases,start] GC(139) Compaction Phase
[155.077s][info][gc,phases      ] GC(139) Compaction Phase 280.768ms
[155.077s][info][gc,phases,start] GC(139) Post Compact
[155.080s][info][gc,phases      ] GC(139) Post Compact 2.613ms
[155.080s][info][gc,heap        ] GC(139) PSYoungGen: 292864K(312832K)->291613K(312320K) Eden: 292864K(292864K)->291613K(292864K) From: 0K(19968K)->0K(19456K)
[155.080s][info][gc,heap        ] GC(139) ParOldGen: 667562K(667648K)->667554K(667648K)
[155.080s][info][gc,metaspace   ] GC(139) Metaspace: 8490K(8640K)->8490K(8640K) NonClass: 7482K(7552K)->7482K(7552K) Class: 1008K(1088K)->1008K(1088K)
[155.080s][info][gc             ] GC(139) Pause Full (Allocation Failure) 937M->936M(957M) 1846.210ms
[155.080s][info][gc,cpu         ] GC(139) User=3.66s Sys=0.00s Real=1.85s
[155.092s][info][gc,start       ] GC(140) Pause Full (Allocation Failure)
[155.092s][info][gc,phases,start] GC(140) Marking Phase
[155.965s][info][gc,phases      ] GC(140) Marking Phase 872.666ms
[155.965s][info][gc,phases,start] GC(140) Summary Phase
[155.965s][info][gc,phases      ] GC(140) Summary Phase 0.029ms
[155.965s][info][gc,phases,start] GC(140) Forward
[156.213s][info][gc,phases      ] GC(140) Forward 248.202ms
[156.213s][info][gc,phases,start] GC(140) Adjust Pointers
[156.673s][info][gc,phases      ] GC(140) Adjust Pointers 460.464ms
[156.673s][info][gc,phases,start] GC(140) Compaction Phase
[156.965s][info][gc,phases      ] GC(140) Compaction Phase 291.560ms
[156.965s][info][gc,phases,start] GC(140) Post Compact
[156.968s][info][metaspace      ] ChkMgr @0x00007f02c003f0e0 (non-class-space): : reclaiming memory...
[156.968s][info][metaspace      ] ChkMgr @0x00007f02c003f0e0 (non-class-space): nothing reclaimed.
[156.968s][info][metaspace      ] ChkMgr @0x00007f02c003eef0 (class-space): : reclaiming memory...
[156.968s][info][metaspace      ] ChkMgr @0x00007f02c003eef0 (class-space): nothing reclaimed.
[156.968s][info][gc,phases      ] GC(140) Post Compact 2.715ms
[156.968s][info][gc,heap        ] GC(140) PSYoungGen: 292864K(312320K)->291079K(312832K) Eden: 292864K(292864K)->291079K(292864K) From: 0K(19456K)->0K(19968K)
[156.968s][info][gc,heap        ] GC(140) ParOldGen: 667554K(667648K)->667520K(667648K)
[156.968s][info][gc,metaspace   ] GC(140) Metaspace: 8563K(8704K)->8557K(8704K) NonClass: 7538K(7616K)->7532K(7616K) Class: 1024K(1088K)->1024K(1088K)
[156.968s][info][gc             ] GC(140) Pause Full (Allocation Failure) 937M->936M(957M) 1876.080ms
[156.968s][info][gc,cpu         ] GC(140) User=3.71s Sys=0.00s Real=1.87s
[156.970s][info][gc,start       ] GC(141) Pause Full (Allocation Failure)
[156.970s][info][gc,phases,start] GC(141) Marking Phase
[157.830s][info][gc,phases      ] GC(141) Marking Phase 859.689ms
[157.830s][info][gc,phases,start] GC(141) Summary Phase
[157.830s][info][gc,phases      ] GC(141) Summary Phase 0.029ms
[157.830s][info][gc,phases,start] GC(141) Forward
[158.064s][info][gc,phases      ] GC(141) Forward 234.033ms
[158.064s][info][gc,phases,start] GC(141) Adjust Pointers
[158.521s][info][gc,phases      ] GC(141) Adjust Pointers 456.787ms
[158.521s][info][gc,phases,start] GC(141) Compaction Phase
[158.798s][info][gc,phases      ] GC(141) Compaction Phase 277.800ms
[158.799s][info][gc,phases,start] GC(141) Post Compact
[158.801s][info][gc,phases      ] GC(141) Post Compact 2.665ms
[158.801s][info][gc,heap        ] GC(141) PSYoungGen: 292864K(312832K)->291078K(312320K) Eden: 292864K(292864K)->291078K(292864K) From: 0K(19968K)->0K(19456K)
[158.801s][info][gc,heap        ] GC(141) ParOldGen: 667520K(667648K)->667520K(667648K)
[158.801s][info][gc,metaspace   ] GC(141) Metaspace: 8563K(8704K)->8563K(8704K) NonClass: 7538K(7616K)->7538K(7616K) Class: 1025K(1088K)->1025K(1088K)
[158.801s][info][gc             ] GC(141) Pause Full (Allocation Failure) 937M->936M(957M) 1831.432ms
[158.801s][info][gc,cpu         ] GC(141) User=3.64s Sys=0.00s Real=1.83s
[158.802s][info][gc,heap,exit   ] Heap
[158.802s][info][gc,heap,exit   ]  PSYoungGen      total 312320K, used 291078K [0x00000000eba00000, 0x00000000fff80000, 0x0000000100000000)
[158.802s][info][gc,heap,exit   ]   eden space 292864K, 99% used [0x00000000eba00000,0x00000000fd641a50,0x00000000fd800000)
[158.802s][info][gc,heap,exit   ]   from space 19456K, 0% used [0x00000000fec80000,0x00000000fec80000,0x00000000fff80000)
[158.802s][info][gc,heap,exit   ]   to   space 19968K, 0% used [0x00000000fd800000,0x00000000fd800000,0x00000000feb80000)
[158.802s][info][gc,heap,exit   ]  ParOldGen       total 667648K, used 667520K [0x00000000c2e00000, 0x00000000eba00000, 0x00000000eba00000)
[158.802s][info][gc,heap,exit   ]   object space 667648K, 99% used [0x00000000c2e00000,0x00000000eb9e01d8,0x00000000eba00000)
[158.802s][info][gc,heap,exit   ]  Metaspace       used 8563K, committed 8704K, reserved 1114112K
[158.802s][info][gc,heap,exit   ]   class space    used 1025K, committed 1088K, reserved 1048576K
