[0.002s][info][metaspace]  - commit_granule_bytes: 65536.
[0.002s][info][metaspace]  - commit_granule_words: 8192.
[0.002s][info][metaspace]  - virtual_space_node_default_size: 8388608.
[0.002s][info][metaspace]  - enlarge_chunks_in_place: 1.
[0.004s][info][gc,init  ] CardTable entry size: 512
[0.004s][info][gc       ] Using Parallel
[0.005s][info][gc,init  ] Version: 24-internal-adhoc.root.jdk (release)
[0.005s][info][gc,init  ] CPUs: 2 total, 2 available
[0.005s][info][gc,init  ] Memory: 3908M
[0.005s][info][gc,init  ] Large Page Support: Disabled
[0.005s][info][gc,init  ] NUMA Support: Disabled
[0.005s][info][gc,init  ] Compressed Oops: Enabled (32-bit)
[0.005s][info][gc,init  ] Alignments: Space 512K, Generation 512K, Heap 2M
[0.005s][info][gc,init  ] Heap Min Capacity: 256M
[0.005s][info][gc,init  ] Heap Initial Capacity: 256M
[0.005s][info][gc,init  ] Heap Max Capacity: 978M
[0.005s][info][gc,init  ] Pre-touch: Disabled
[0.005s][info][gc,init  ] Parallel Workers: 2
[0.024s][info][gc,metaspace] CDS archive(s) mapped at: [0x00007f347d000000-0x00007f347de7b000-0x00007f347de7b000), size 15183872, SharedBaseAddress: 0x00007f347d000000, ArchiveRelocationMode: 1.
[0.024s][info][gc,metaspace] Compressed class space mapped at: 0x00007f347e000000-0x00007f34be000000, reserved size: 1073741824
[0.024s][info][gc,metaspace] UseCompressedClassPointers 1, UseCompactObjectHeaders 1
[0.024s][info][gc,metaspace] Narrow klass pointer bits 22, Max shift 10
[0.024s][info][gc,metaspace] Narrow klass base: 0x00007f347d000000, Narrow klass shift: 10
[0.024s][info][gc,metaspace] Encoding Range: [0x00007f347d000000 - 0x00007f357d000000), (4294967296 bytes)
[0.024s][info][gc,metaspace] Klass Range:    [0x00007f347d000000 - 0x00007f34be000000), (1090519040 bytes)
[0.024s][info][gc,metaspace] Klass ID Range:  [1 - 1064960) (1064959)
[1.409s][info][gc,start    ] GC(0) Pause Young (Allocation Failure)
[1.418s][info][gc,heap     ] GC(0) PSYoungGen: 65536K(76288K)->7093K(76288K) Eden: 65536K(65536K)->0K(65536K) From: 0K(10752K)->7093K(10752K)
[1.418s][info][gc,heap     ] GC(0) ParOldGen: 1088K(175104K)->1096K(175104K)
[1.418s][info][gc,metaspace] GC(0) Metaspace: 12425K(12608K)->12425K(12608K) NonClass: 10527K(10624K)->10527K(10624K) Class: 1897K(1984K)->1897K(1984K)
[1.419s][info][gc          ] GC(0) Pause Young (Allocation Failure) 65M->7M(245M) 9.205ms
[1.419s][info][gc,cpu      ] GC(0) User=0.02s Sys=0.00s Real=0.01s
[1.878s][info][gc,start    ] GC(1) Pause Young (Allocation Failure)
[1.887s][info][gc,heap     ] GC(1) PSYoungGen: 72629K(76288K)->6747K(76288K) Eden: 65536K(65536K)->0K(65536K) From: 7093K(10752K)->6747K(10752K)
[1.887s][info][gc,heap     ] GC(1) ParOldGen: 1096K(175104K)->1096K(175104K)
[1.887s][info][gc,metaspace] GC(1) Metaspace: 12881K(12992K)->12881K(12992K) NonClass: 10940K(11008K)->10940K(11008K) Class: 1940K(1984K)->1940K(1984K)
[1.887s][info][gc          ] GC(1) Pause Young (Allocation Failure) 71M->7M(245M) 8.714ms
[1.887s][info][gc,cpu      ] GC(1) User=0.01s Sys=0.01s Real=0.01s
[138.333s][info][gc,start    ] GC(2) Pause Full (System.gc())
[138.333s][info][gc,phases,start] GC(2) Marking Phase
[138.343s][info][gc,phases      ] GC(2) Marking Phase 9.316ms
[138.343s][info][gc,phases,start] GC(2) Summary Phase
[138.343s][info][gc,phases      ] GC(2) Summary Phase 0.010ms
[138.343s][info][gc,phases,start] GC(2) Forward
[138.344s][info][gc,phases      ] GC(2) Forward 1.425ms
[138.344s][info][gc,phases,start] GC(2) Adjust Pointers
[138.349s][info][gc,phases      ] GC(2) Adjust Pointers 4.286ms
[138.349s][info][gc,phases,start] GC(2) Compaction Phase
[138.354s][info][gc,phases      ] GC(2) Compaction Phase 5.817ms
[138.354s][info][gc,phases,start] GC(2) Post Compact
[138.356s][info][gc,phases      ] GC(2) Post Compact 1.386ms
[138.356s][info][gc,heap        ] GC(2) PSYoungGen: 39873K(76288K)->0K(76288K) Eden: 33125K(65536K)->0K(65536K) From: 6747K(10752K)->0K(10752K)
[138.356s][info][gc,heap        ] GC(2) ParOldGen: 1096K(175104K)->7587K(175104K)
[138.356s][info][gc,metaspace   ] GC(2) Metaspace: 13080K(13248K)->13080K(13248K) NonClass: 11134K(11200K)->11134K(11200K) Class: 1945K(2048K)->1945K(2048K)
[138.356s][info][gc             ] GC(2) Pause Full (System.gc()) 40M->7M(245M) 22.531ms
[138.356s][info][gc,cpu         ] GC(2) User=0.03s Sys=0.00s Real=0.02s
[275.192s][info][gc,start       ] GC(3) Pause Full (System.gc())
[275.192s][info][gc,phases,start] GC(3) Marking Phase
[275.201s][info][gc,phases      ] GC(3) Marking Phase 8.995ms
[275.202s][info][gc,phases,start] GC(3) Summary Phase
[275.202s][info][gc,phases      ] GC(3) Summary Phase 0.010ms
[275.202s][info][gc,phases,start] GC(3) Forward
[275.203s][info][gc,phases      ] GC(3) Forward 1.258ms
[275.203s][info][gc,phases,start] GC(3) Adjust Pointers
[275.207s][info][gc,phases      ] GC(3) Adjust Pointers 4.378ms
[275.207s][info][gc,phases,start] GC(3) Compaction Phase
[275.210s][info][gc,phases      ] GC(3) Compaction Phase 2.592ms
[275.210s][info][gc,phases,start] GC(3) Post Compact
[275.210s][info][gc,phases      ] GC(3) Post Compact 0.207ms
[275.210s][info][gc,heap        ] GC(3) PSYoungGen: 39388K(76288K)->0K(76288K) Eden: 39388K(65536K)->0K(65536K) From: 0K(10752K)->0K(10752K)
[275.210s][info][gc,heap        ] GC(3) ParOldGen: 7587K(175104K)->7708K(175104K)
[275.210s][info][gc,metaspace   ] GC(3) Metaspace: 13305K(13440K)->13305K(13440K) NonClass: 11347K(11392K)->11347K(11392K) Class: 1958K(2048K)->1958K(2048K)
[275.210s][info][gc             ] GC(3) Pause Full (System.gc()) 45M->7M(245M) 17.703ms
[275.210s][info][gc,cpu         ] GC(3) User=0.03s Sys=0.00s Real=0.01s
[412.003s][info][gc,start       ] GC(4) Pause Full (System.gc())
[412.003s][info][gc,phases,start] GC(4) Marking Phase
[412.011s][info][gc,phases      ] GC(4) Marking Phase 8.308ms
[412.011s][info][gc,phases,start] GC(4) Summary Phase
[412.011s][info][gc,phases      ] GC(4) Summary Phase 0.012ms
[412.011s][info][gc,phases,start] GC(4) Forward
[412.012s][info][gc,phases      ] GC(4) Forward 1.266ms
[412.012s][info][gc,phases,start] GC(4) Adjust Pointers
[412.016s][info][gc,phases      ] GC(4) Adjust Pointers 3.959ms
[412.016s][info][gc,phases,start] GC(4) Compaction Phase
[412.018s][info][gc,phases      ] GC(4) Compaction Phase 1.920ms
[412.018s][info][gc,phases,start] GC(4) Post Compact
[412.018s][info][gc,phases      ] GC(4) Post Compact 0.143ms
[412.018s][info][gc,heap        ] GC(4) PSYoungGen: 37906K(76288K)->0K(76288K) Eden: 37906K(65536K)->0K(65536K) From: 0K(10752K)->0K(10752K)
[412.018s][info][gc,heap        ] GC(4) ParOldGen: 7708K(175104K)->7711K(175104K)
[412.018s][info][gc,metaspace   ] GC(4) Metaspace: 13362K(13568K)->13362K(13568K) NonClass: 11403K(11520K)->11403K(11520K) Class: 1958K(2048K)->1958K(2048K)
[412.019s][info][gc             ] GC(4) Pause Full (System.gc()) 44M->7M(245M) 15.862ms
[412.019s][info][gc,cpu         ] GC(4) User=0.03s Sys=0.00s Real=0.01s
[548.716s][info][gc,start       ] GC(5) Pause Full (System.gc())
[548.716s][info][gc,phases,start] GC(5) Marking Phase
[548.726s][info][gc,phases      ] GC(5) Marking Phase 10.019ms
[548.726s][info][gc,phases,start] GC(5) Summary Phase
[548.727s][info][gc,phases      ] GC(5) Summary Phase 0.016ms
[548.727s][info][gc,phases,start] GC(5) Forward
[548.728s][info][gc,phases      ] GC(5) Forward 1.644ms
[548.728s][info][gc,phases,start] GC(5) Adjust Pointers
[548.733s][info][gc,phases      ] GC(5) Adjust Pointers 4.419ms
[548.733s][info][gc,phases,start] GC(5) Compaction Phase
[548.735s][info][gc,phases      ] GC(5) Compaction Phase 2.346ms
[548.735s][info][gc,phases,start] GC(5) Post Compact
[548.735s][info][gc,phases      ] GC(5) Post Compact 0.134ms
[548.735s][info][gc,heap        ] GC(5) PSYoungGen: 37428K(76288K)->0K(76288K) Eden: 37428K(65536K)->0K(65536K) From: 0K(10752K)->0K(10752K)
[548.735s][info][gc,heap        ] GC(5) ParOldGen: 7711K(175104K)->7713K(175104K)
[548.735s][info][gc,metaspace   ] GC(5) Metaspace: 13418K(13568K)->13418K(13568K) NonClass: 11459K(11520K)->11459K(11520K) Class: 1958K(2048K)->1958K(2048K)
[548.735s][info][gc             ] GC(5) Pause Full (System.gc()) 44M->7M(245M) 18.890ms
[548.735s][info][gc,cpu         ] GC(5) User=0.03s Sys=0.00s Real=0.02s
[685.343s][info][gc,start       ] GC(6) Pause Full (System.gc())
[685.343s][info][gc,phases,start] GC(6) Marking Phase
[685.352s][info][gc,phases      ] GC(6) Marking Phase 8.245ms
[685.352s][info][gc,phases,start] GC(6) Summary Phase
[685.352s][info][gc,phases      ] GC(6) Summary Phase 0.010ms
[685.352s][info][gc,phases,start] GC(6) Forward
[685.352s][info][gc,phases      ] GC(6) Forward 0.797ms
[685.352s][info][gc,phases,start] GC(6) Adjust Pointers
[685.358s][info][gc,phases      ] GC(6) Adjust Pointers 5.406ms
[685.358s][info][gc,phases,start] GC(6) Compaction Phase
[685.359s][info][gc,phases      ] GC(6) Compaction Phase 1.241ms
[685.359s][info][gc,phases,start] GC(6) Post Compact
[685.359s][info][gc,phases      ] GC(6) Post Compact 0.120ms
[685.359s][info][gc,heap        ] GC(6) PSYoungGen: 37230K(76288K)->0K(76288K) Eden: 37230K(65536K)->0K(65536K) From: 0K(10752K)->0K(10752K)
[685.359s][info][gc,heap        ] GC(6) ParOldGen: 7713K(175104K)->7714K(175104K)
[685.359s][info][gc,metaspace   ] GC(6) Metaspace: 13461K(13632K)->13461K(13632K) NonClass: 11502K(11584K)->11502K(11584K) Class: 1958K(2048K)->1958K(2048K)
[685.359s][info][gc             ] GC(6) Pause Full (System.gc()) 43M->7M(245M) 16.050ms
[685.359s][info][gc,cpu         ] GC(6) User=0.02s Sys=0.00s Real=0.01s
[822.092s][info][gc,start       ] GC(7) Pause Full (System.gc())
[822.092s][info][gc,phases,start] GC(7) Marking Phase
[822.100s][info][gc,phases      ] GC(7) Marking Phase 8.326ms
[822.100s][info][gc,phases,start] GC(7) Summary Phase
[822.100s][info][gc,phases      ] GC(7) Summary Phase 0.009ms
[822.100s][info][gc,phases,start] GC(7) Forward
[822.100s][info][gc,phases      ] GC(7) Forward 0.429ms
[822.100s][info][gc,phases,start] GC(7) Adjust Pointers
[822.105s][info][gc,phases      ] GC(7) Adjust Pointers 4.064ms
[822.105s][info][gc,phases,start] GC(7) Compaction Phase
[822.106s][info][gc,phases      ] GC(7) Compaction Phase 1.220ms
[822.106s][info][gc,phases,start] GC(7) Post Compact
[822.106s][info][gc,phases      ] GC(7) Post Compact 0.146ms
[822.106s][info][gc,heap        ] GC(7) PSYoungGen: 37098K(76288K)->0K(76288K) Eden: 37098K(65536K)->0K(65536K) From: 0K(10752K)->0K(10752K)
[822.106s][info][gc,heap        ] GC(7) ParOldGen: 7714K(175104K)->7715K(175104K)
[822.106s][info][gc,metaspace   ] GC(7) Metaspace: 13494K(13696K)->13494K(13696K) NonClass: 11535K(11648K)->11535K(11648K) Class: 1958K(2048K)->1958K(2048K)
[822.106s][info][gc             ] GC(7) Pause Full (System.gc()) 43M->7M(245M) 14.438ms
[822.106s][info][gc,cpu         ] GC(7) User=0.02s Sys=0.00s Real=0.02s
[958.643s][info][gc,start       ] GC(8) Pause Full (System.gc())
[958.643s][info][gc,phases,start] GC(8) Marking Phase
[958.653s][info][gc,phases      ] GC(8) Marking Phase 9.973ms
[958.653s][info][gc,phases,start] GC(8) Summary Phase
[958.653s][info][gc,phases      ] GC(8) Summary Phase 0.011ms
[958.653s][info][gc,phases,start] GC(8) Forward
[958.653s][info][gc,phases      ] GC(8) Forward 0.500ms
[958.653s][info][gc,phases,start] GC(8) Adjust Pointers
[958.658s][info][gc,phases      ] GC(8) Adjust Pointers 4.719ms
[958.658s][info][gc,phases,start] GC(8) Compaction Phase
[958.660s][info][gc,phases      ] GC(8) Compaction Phase 1.522ms
[958.660s][info][gc,phases,start] GC(8) Post Compact
[958.660s][info][gc,phases      ] GC(8) Post Compact 0.148ms
[958.660s][info][gc,heap        ] GC(8) PSYoungGen: 37084K(76288K)->0K(76288K) Eden: 37084K(65536K)->0K(65536K) From: 0K(10752K)->0K(10752K)
[958.660s][info][gc,heap        ] GC(8) ParOldGen: 7715K(175104K)->7716K(175104K)
[958.660s][info][gc,metaspace   ] GC(8) Metaspace: 13519K(13696K)->13519K(13696K) NonClass: 11560K(11648K)->11560K(11648K) Class: 1958K(2048K)->1958K(2048K)
[958.660s][info][gc             ] GC(8) Pause Full (System.gc()) 43M->7M(245M) 17.111ms
[958.660s][info][gc,cpu         ] GC(8) User=0.03s Sys=0.00s Real=0.01s
[1095.393s][info][gc,start       ] GC(9) Pause Full (System.gc())
[1095.393s][info][gc,phases,start] GC(9) Marking Phase
[1095.402s][info][gc,phases      ] GC(9) Marking Phase 8.826ms
[1095.402s][info][gc,phases,start] GC(9) Summary Phase
[1095.402s][info][gc,phases      ] GC(9) Summary Phase 0.011ms
[1095.402s][info][gc,phases,start] GC(9) Forward
[1095.403s][info][gc,phases      ] GC(9) Forward 0.838ms
[1095.403s][info][gc,phases,start] GC(9) Adjust Pointers
[1095.407s][info][gc,phases      ] GC(9) Adjust Pointers 4.213ms
[1095.407s][info][gc,phases,start] GC(9) Compaction Phase
[1095.408s][info][gc,phases      ] GC(9) Compaction Phase 1.299ms
[1095.408s][info][gc,phases,start] GC(9) Post Compact
[1095.408s][info][gc,phases      ] GC(9) Post Compact 0.133ms
[1095.408s][info][gc,heap        ] GC(9) PSYoungGen: 37002K(76288K)->0K(76288K) Eden: 37002K(65536K)->0K(65536K) From: 0K(10752K)->0K(10752K)
[1095.408s][info][gc,heap        ] GC(9) ParOldGen: 7716K(175104K)->7717K(175104K)
[1095.408s][info][gc,metaspace   ] GC(9) Metaspace: 13563K(13760K)->13563K(13760K) NonClass: 11604K(11712K)->11604K(11712K) Class: 1958K(2048K)->1958K(2048K)
[1095.408s][info][gc             ] GC(9) Pause Full (System.gc()) 43M->7M(245M) 15.594ms
[1095.408s][info][gc,cpu         ] GC(9) User=0.03s Sys=0.00s Real=0.01s
[1231.809s][info][gc,start       ] GC(10) Pause Full (System.gc())
[1231.809s][info][gc,phases,start] GC(10) Marking Phase
[1231.822s][info][gc,phases      ] GC(10) Marking Phase 12.187ms
[1231.822s][info][gc,phases,start] GC(10) Summary Phase
[1231.822s][info][gc,phases      ] GC(10) Summary Phase 0.010ms
[1231.822s][info][gc,phases,start] GC(10) Forward
[1231.824s][info][gc,phases      ] GC(10) Forward 2.089ms
[1231.824s][info][gc,phases,start] GC(10) Adjust Pointers
[1231.828s][info][gc,phases      ] GC(10) Adjust Pointers 4.596ms
[1231.828s][info][gc,phases,start] GC(10) Compaction Phase
[1231.830s][info][gc,phases      ] GC(10) Compaction Phase 1.795ms
[1231.830s][info][gc,phases,start] GC(10) Post Compact
[1231.830s][info][metaspace      ] ChkMgr @0x00007f34dc03f180 (non-class-space): : reclaiming memory...
[1231.831s][info][metaspace      ] ChkMgr @0x00007f34dc03f180 (non-class-space): nothing reclaimed.
[1231.831s][info][metaspace      ] ChkMgr @0x00007f34dc03ef90 (class-space): : reclaiming memory...
[1231.831s][info][metaspace      ] ChkMgr @0x00007f34dc03ef90 (class-space): nothing reclaimed.
[1231.831s][info][gc,phases      ] GC(10) Post Compact 0.210ms
[1231.831s][info][gc,heap        ] GC(10) PSYoungGen: 36895K(76288K)->0K(76288K) Eden: 36895K(65536K)->0K(65536K) From: 0K(10752K)->0K(10752K)
[1231.831s][info][gc,heap        ] GC(10) ParOldGen: 7717K(175104K)->7518K(175104K)
[1231.831s][info][gc,metaspace   ] GC(10) Metaspace: 13613K(13760K)->13591K(13760K) NonClass: 11655K(11712K)->11633K(11712K) Class: 1958K(2048K)->1958K(2048K)
[1231.831s][info][gc             ] GC(10) Pause Full (System.gc()) 43M->7M(245M) 21.126ms
[1231.831s][info][gc,cpu         ] GC(10) User=0.03s Sys=0.00s Real=0.02s
[1368.127s][info][gc,start       ] GC(11) Pause Full (System.gc())
[1368.127s][info][gc,phases,start] GC(11) Marking Phase
[1368.137s][info][gc,phases      ] GC(11) Marking Phase 9.750ms
[1368.137s][info][gc,phases,start] GC(11) Summary Phase
[1368.137s][info][gc,phases      ] GC(11) Summary Phase 0.010ms
[1368.137s][info][gc,phases,start] GC(11) Forward
[1368.138s][info][gc,phases      ] GC(11) Forward 1.282ms
[1368.138s][info][gc,phases,start] GC(11) Adjust Pointers
[1368.145s][info][gc,phases      ] GC(11) Adjust Pointers 6.952ms
[1368.145s][info][gc,phases,start] GC(11) Compaction Phase
[1368.147s][info][gc,phases      ] GC(11) Compaction Phase 1.848ms
[1368.147s][info][gc,phases,start] GC(11) Post Compact
[1368.147s][info][gc,phases      ] GC(11) Post Compact 0.147ms
[1368.147s][info][gc,heap        ] GC(11) PSYoungGen: 36710K(76288K)->0K(76288K) Eden: 36710K(65536K)->0K(65536K) From: 0K(10752K)->0K(10752K)
[1368.147s][info][gc,heap        ] GC(11) ParOldGen: 7518K(175104K)->7517K(175104K)
[1368.147s][info][gc,metaspace   ] GC(11) Metaspace: 13636K(13888K)->13636K(13888K) NonClass: 11677K(11840K)->11677K(11840K) Class: 1958K(2048K)->1958K(2048K)
[1368.147s][info][gc             ] GC(11) Pause Full (System.gc()) 43M->7M(245M) 20.235ms
[1368.147s][info][gc,cpu         ] GC(11) User=0.03s Sys=0.00s Real=0.02s
[1503.434s][info][gc,start       ] GC(12) Pause Full (System.gc())
[1503.434s][info][gc,phases,start] GC(12) Marking Phase
[1503.445s][info][gc,phases      ] GC(12) Marking Phase 10.174ms
[1503.445s][info][gc,phases,start] GC(12) Summary Phase
[1503.445s][info][gc,phases      ] GC(12) Summary Phase 0.012ms
[1503.445s][info][gc,phases,start] GC(12) Forward
[1503.445s][info][gc,phases      ] GC(12) Forward 0.566ms
[1503.445s][info][gc,phases,start] GC(12) Adjust Pointers
[1503.450s][info][gc,phases      ] GC(12) Adjust Pointers 4.470ms
[1503.450s][info][gc,phases,start] GC(12) Compaction Phase
[1503.451s][info][gc,phases      ] GC(12) Compaction Phase 1.263ms
[1503.451s][info][gc,phases,start] GC(12) Post Compact
[1503.451s][info][gc,phases      ] GC(12) Post Compact 0.122ms
[1503.451s][info][gc,heap        ] GC(12) PSYoungGen: 36798K(76288K)->0K(76288K) Eden: 36798K(65536K)->0K(65536K) From: 0K(10752K)->0K(10752K)
[1503.451s][info][gc,heap        ] GC(12) ParOldGen: 7517K(175104K)->7518K(175104K)
[1503.451s][info][gc,metaspace   ] GC(12) Metaspace: 13670K(13888K)->13670K(13888K) NonClass: 11711K(11840K)->11711K(11840K) Class: 1958K(2048K)->1958K(2048K)
[1503.451s][info][gc             ] GC(12) Pause Full (System.gc()) 43M->7M(245M) 16.850ms
[1503.451s][info][gc,cpu         ] GC(12) User=0.02s Sys=0.00s Real=0.01s
[1503.457s][info][gc,heap,exit   ] Heap
[1503.457s][info][gc,heap,exit   ]  PSYoungGen      total 76288K, used 1134K [0x00000000eba00000, 0x00000000f4f00000, 0x0000000100000000)
[1503.457s][info][gc,heap,exit   ]   eden space 65536K, 1% used [0x00000000eba00000,0x00000000ebb1b9a0,0x00000000efa00000)
[1503.457s][info][gc,heap,exit   ]   from space 10752K, 0% used [0x00000000f0480000,0x00000000f0480000,0x00000000f0f00000)
[1503.457s][info][gc,heap,exit   ]   to   space 10752K, 0% used [0x00000000efa00000,0x00000000efa00000,0x00000000f0480000)
[1503.457s][info][gc,heap,exit   ]  ParOldGen       total 175104K, used 7518K [0x00000000c2e00000, 0x00000000cd900000, 0x00000000eba00000)
[1503.457s][info][gc,heap,exit   ]   object space 175104K, 4% used [0x00000000c2e00000,0x00000000c3557b38,0x00000000cd900000)
[1503.457s][info][gc,heap,exit   ]  Metaspace       used 13672K, committed 13888K, reserved 1114112K
[1503.457s][info][gc,heap,exit   ]   class space    used 1958K, committed 2048K, reserved 1048576K
