[0.002s][info][metaspace]  - commit_granule_bytes: 65536.
[0.002s][info][metaspace]  - commit_granule_words: 8192.
[0.002s][info][metaspace]  - virtual_space_node_default_size: 8388608.
[0.002s][info][metaspace]  - enlarge_chunks_in_place: 1.
[0.004s][info][gc,init  ] CardTable entry size: 512
[0.004s][info][gc       ] Using Parallel
[0.005s][info][gc,init  ] Version: 24-internal-adhoc.root.jdk (release)
[0.005s][info][gc,init  ] CPUs: 2 total, 2 available
[0.005s][info][gc,init  ] Memory: 3908M
[0.005s][info][gc,init  ] Large Page Support: Disabled
[0.005s][info][gc,init  ] NUMA Support: Disabled
[0.005s][info][gc,init  ] Compressed Oops: Enabled (32-bit)
[0.005s][info][gc,init  ] Alignments: Space 512K, Generation 512K, Heap 2M
[0.005s][info][gc,init  ] Heap Min Capacity: 256M
[0.005s][info][gc,init  ] Heap Initial Capacity: 256M
[0.005s][info][gc,init  ] Heap Max Capacity: 978M
[0.005s][info][gc,init  ] Pre-touch: Disabled
[0.005s][info][gc,init  ] Parallel Workers: 2
[0.022s][info][gc,metaspace] CDS archive(s) mapped at: [0x00007f5011000000-0x00007f5011e7b000-0x00007f5011e7b000), size 15183872, SharedBaseAddress: 0x00007f5011000000, ArchiveRelocationMode: 1.
[0.022s][info][gc,metaspace] Compressed class space mapped at: 0x00007f5012000000-0x00007f5052000000, reserved size: 1073741824
[0.022s][info][gc,metaspace] UseCompressedClassPointers 1, UseCompactObjectHeaders 1
[0.022s][info][gc,metaspace] Narrow klass pointer bits 22, Max shift 10
[0.022s][info][gc,metaspace] Narrow klass base: 0x00007f5011000000, Narrow klass shift: 10
[0.022s][info][gc,metaspace] Encoding Range: [0x00007f5011000000 - 0x00007f5111000000), (4294967296 bytes)
[0.022s][info][gc,metaspace] Klass Range:    [0x00007f5011000000 - 0x00007f5052000000), (1090519040 bytes)
[0.022s][info][gc,metaspace] Klass ID Range:  [1 - 1064960) (1064959)
[0.562s][info][gc,start    ] GC(0) Pause Young (Allocation Failure)
[0.570s][info][gc,heap     ] GC(0) PSYoungGen: 65479K(76288K)->1762K(76288K) Eden: 65479K(65536K)->0K(65536K) From: 0K(10752K)->1762K(10752K)
[0.570s][info][gc,heap     ] GC(0) ParOldGen: 1088K(175104K)->1096K(175104K)
[0.570s][info][gc,metaspace] GC(0) Metaspace: 2594K(2752K)->2594K(2752K) NonClass: 2267K(2368K)->2267K(2368K) Class: 327K(384K)->327K(384K)
[0.570s][info][gc          ] GC(0) Pause Young (Allocation Failure) 65M->2M(245M) 8.690ms
[0.570s][info][gc,cpu      ] GC(0) User=0.01s Sys=0.00s Real=0.01s
[0.781s][info][gc,start    ] GC(1) Pause Young (Allocation Failure)
[0.785s][info][gc,heap     ] GC(1) PSYoungGen: 67298K(76288K)->1986K(141824K) Eden: 65536K(65536K)->0K(131072K) From: 1762K(10752K)->1986K(10752K)
[0.785s][info][gc,heap     ] GC(1) ParOldGen: 1096K(175104K)->1104K(175104K)
[0.785s][info][gc,metaspace] GC(1) Metaspace: 2609K(2752K)->2609K(2752K) NonClass: 2282K(2368K)->2282K(2368K) Class: 327K(384K)->327K(384K)
[0.785s][info][gc          ] GC(1) Pause Young (Allocation Failure) 66M->3M(309M) 4.356ms
[0.785s][info][gc,cpu      ] GC(1) User=0.01s Sys=0.00s Real=0.01s
[1.472s][info][gc,start    ] GC(2) Pause Young (Allocation Failure)
[1.488s][info][gc,heap     ] GC(2) PSYoungGen: 133058K(141824K)->7150K(141824K) Eden: 131072K(131072K)->0K(131072K) From: 1986K(10752K)->7150K(10752K)
[1.488s][info][gc,heap     ] GC(2) ParOldGen: 1104K(175104K)->1112K(175104K)
[1.488s][info][gc,metaspace] GC(2) Metaspace: 9448K(9600K)->9448K(9600K) NonClass: 6612K(6656K)->6612K(6656K) Class: 2835K(2944K)->2835K(2944K)
[1.488s][info][gc          ] GC(2) Pause Young (Allocation Failure) 131M->8M(309M) 15.501ms
[1.488s][info][gc,cpu      ] GC(2) User=0.03s Sys=0.00s Real=0.01s
[1.620s][info][gc,start    ] GC(3) Pause Young (Allocation Failure)
[1.634s][info][gc,heap     ] GC(3) PSYoungGen: 138222K(141824K)->9838K(272896K) Eden: 131072K(131072K)->0K(262144K) From: 7150K(10752K)->9838K(10752K)
[1.634s][info][gc,heap     ] GC(3) ParOldGen: 1112K(175104K)->1120K(175104K)
[1.634s][info][gc,metaspace] GC(3) Metaspace: 9494K(9664K)->9494K(9664K) NonClass: 6658K(6720K)->6658K(6720K) Class: 2835K(2944K)->2835K(2944K)
[1.634s][info][gc          ] GC(3) Pause Young (Allocation Failure) 136M->10M(437M) 14.244ms
[1.634s][info][gc,cpu      ] GC(3) User=0.02s Sys=0.01s Real=0.02s
[2.344s][info][gc,start    ] GC(4) Pause Young (Allocation Failure)
[2.368s][info][gc,heap     ] GC(4) PSYoungGen: 271982K(272896K)->10734K(272896K) Eden: 262144K(262144K)->0K(262144K) From: 9838K(10752K)->10734K(10752K)
[2.368s][info][gc,heap     ] GC(4) ParOldGen: 1120K(175104K)->5873K(175104K)
[2.368s][info][gc,metaspace] GC(4) Metaspace: 13422K(13632K)->13422K(13632K) NonClass: 9073K(9152K)->9073K(9152K) Class: 4349K(4480K)->4349K(4480K)
[2.368s][info][gc          ] GC(4) Pause Young (Allocation Failure) 266M->16M(437M) 23.951ms
[2.368s][info][gc,cpu      ] GC(4) User=0.03s Sys=0.01s Real=0.02s
[3.071s][info][metaspace   ] ChkMgr @0x00007f507003f1d0 (non-class-space): failed to commit 157 words on chunk @0x00007f507066beb0, f, base 0x00007f5008e50000, level lv10.
[3.071s][info][metaspace   ] Arena @0x00007f5070129e00 (non-class arena): failed to allocate new chunk for requested word size 157.
[3.071s][info][metaspace   ] Arena @0x00007f5070129e00 (non-class arena): allocation failed, returned null.
[3.071s][info][metaspace   ] ChkMgr @0x00007f507003f1d0 (non-class-space): failed to commit 157 words on chunk @0x00007f507066beb0, f, base 0x00007f5008e50000, level lv10.
[3.071s][info][metaspace   ] Arena @0x00007f5070129e00 (non-class arena): failed to allocate new chunk for requested word size 157.
[3.071s][info][metaspace   ] Arena @0x00007f5070129e00 (non-class arena): allocation failed, returned null.
[3.071s][info][metaspace   ] ChkMgr @0x00007f507003f1d0 (non-class-space): failed to commit 157 words on chunk @0x00007f507066beb0, f, base 0x00007f5008e50000, level lv10.
[3.071s][info][metaspace   ] Arena @0x00007f5070129e00 (non-class arena): failed to allocate new chunk for requested word size 157.
[3.071s][info][metaspace   ] Arena @0x00007f5070129e00 (non-class arena): allocation failed, returned null.
[3.071s][info][gc,start    ] GC(5) Pause Full (Metadata GC Threshold)
[3.071s][info][gc,phases,start] GC(5) Marking Phase
[3.101s][info][gc,phases      ] GC(5) Marking Phase 29.875ms
[3.101s][info][gc,phases,start] GC(5) Summary Phase
[3.101s][info][gc,phases      ] GC(5) Summary Phase 0.012ms
[3.101s][info][gc,phases,start] GC(5) Forward
[3.108s][info][gc,phases      ] GC(5) Forward 6.426ms
[3.108s][info][gc,phases,start] GC(5) Adjust Pointers
[3.131s][info][gc,phases      ] GC(5) Adjust Pointers 22.935ms
[3.131s][info][gc,phases,start] GC(5) Compaction Phase
[3.155s][info][gc,phases      ] GC(5) Compaction Phase 24.871ms
[3.156s][info][gc,phases,start] GC(5) Post Compact
[3.156s][info][metaspace      ] ChkMgr @0x00007f507003f1d0 (non-class-space): : reclaiming memory...
[3.156s][info][metaspace      ] ChkMgr @0x00007f507003f1d0 (non-class-space): nothing reclaimed.
[3.156s][info][metaspace      ] ChkMgr @0x00007f507003efe0 (class-space): : reclaiming memory...
[3.156s][info][metaspace      ] ChkMgr @0x00007f507003efe0 (class-space): nothing reclaimed.
[3.157s][info][gc,phases      ] GC(5) Post Compact 1.513ms
[3.157s][info][gc,heap        ] GC(5) PSYoungGen: 53654K(272896K)->0K(272896K) Eden: 42920K(262144K)->0K(262144K) From: 10734K(10752K)->0K(10752K)
[3.157s][info][gc,heap        ] GC(5) ParOldGen: 5873K(175104K)->19403K(175104K)
[3.157s][info][gc,metaspace   ] GC(5) Metaspace: 21272K(21504K)->21226K(21504K) NonClass: 14326K(14464K)->14282K(14464K) Class: 6945K(7040K)->6943K(7040K)
[3.157s][info][gc             ] GC(5) Pause Full (Metadata GC Threshold) 58M->18M(437M) 86.124ms
[3.157s][info][gc,cpu         ] GC(5) User=0.16s Sys=0.01s Real=0.09s
[4.804s][info][gc,start       ] GC(6) Pause Young (Allocation Failure)
[4.825s][info][gc,heap        ] GC(6) PSYoungGen: 262144K(272896K)->4946K(317440K) Eden: 262144K(262144K)->0K(300032K) From: 0K(10752K)->4946K(17408K)
[4.825s][info][gc,heap        ] GC(6) ParOldGen: 19403K(175104K)->19403K(175104K)
[4.825s][info][gc,metaspace   ] GC(6) Metaspace: 32737K(33280K)->32737K(33280K) NonClass: 23659K(24064K)->23659K(24064K) Class: 9077K(9216K)->9077K(9216K)
[4.825s][info][gc             ] GC(6) Pause Young (Allocation Failure) 274M->23M(481M) 21.207ms
[4.825s][info][gc,cpu         ] GC(6) User=0.03s Sys=0.00s Real=0.02s
[6.579s][info][gc,start       ] GC(7) Pause Young (Allocation Failure)
[6.589s][info][gc,heap        ] GC(7) PSYoungGen: 304978K(317440K)->4832K(305152K) Eden: 300032K(300032K)->0K(300032K) From: 4946K(17408K)->4832K(5120K)
[6.589s][info][gc,heap        ] GC(7) ParOldGen: 19403K(175104K)->19403K(175104K)
[6.589s][info][gc,metaspace   ] GC(7) Metaspace: 32752K(33280K)->32752K(33280K) NonClass: 23674K(24064K)->23674K(24064K) Class: 9077K(9216K)->9077K(9216K)
[6.589s][info][gc             ] GC(7) Pause Young (Allocation Failure) 316M->23M(469M) 9.958ms
[6.589s][info][gc,cpu         ] GC(7) User=0.01s Sys=0.01s Real=0.01s
[6.912s][info][gc,start       ] GC(8) Pause Young (Allocation Failure)
[6.918s][info][gc,heap        ] GC(8) PSYoungGen: 304864K(305152K)->4838K(315904K) Eden: 300032K(300032K)->0K(300544K) From: 4832K(5120K)->4838K(15360K)
[6.918s][info][gc,heap        ] GC(8) ParOldGen: 19403K(175104K)->19403K(175104K)
[6.918s][info][gc,metaspace   ] GC(8) Metaspace: 32752K(33280K)->32752K(33280K) NonClass: 23674K(24064K)->23674K(24064K) Class: 9077K(9216K)->9077K(9216K)
[6.918s][info][gc             ] GC(8) Pause Young (Allocation Failure) 316M->23M(479M) 6.374ms
[6.918s][info][gc,cpu         ] GC(8) User=0.01s Sys=0.00s Real=0.01s
[7.241s][info][gc,start       ] GC(9) Pause Young (Allocation Failure)
[7.249s][info][gc,heap        ] GC(9) PSYoungGen: 305382K(315904K)->64K(315392K) Eden: 300544K(300544K)->0K(300544K) From: 4838K(15360K)->64K(14848K)
[7.249s][info][gc,heap        ] GC(9) ParOldGen: 19403K(175104K)->24223K(175104K)
[7.249s][info][gc,metaspace   ] GC(9) Metaspace: 32752K(33280K)->32752K(33280K) NonClass: 23674K(24064K)->23674K(24064K) Class: 9077K(9216K)->9077K(9216K)
[7.249s][info][gc             ] GC(9) Pause Young (Allocation Failure) 317M->23M(479M) 8.156ms
[7.249s][info][gc,cpu         ] GC(9) User=0.01s Sys=0.00s Real=0.01s
[8.279s][info][gc,start       ] GC(10) Pause Young (Allocation Failure)
[8.280s][info][gc,heap        ] GC(10) PSYoungGen: 300608K(315392K)->64K(317952K) Eden: 300544K(300544K)->0K(303104K) From: 64K(14848K)->64K(14848K)
[8.280s][info][gc,heap        ] GC(10) ParOldGen: 24223K(175104K)->24239K(175104K)
[8.280s][info][gc,metaspace   ] GC(10) Metaspace: 32883K(33408K)->32883K(33408K) NonClass: 23805K(24192K)->23805K(24192K) Class: 9077K(9216K)->9077K(9216K)
[8.280s][info][gc             ] GC(10) Pause Young (Allocation Failure) 317M->23M(481M) 0.643ms
[8.280s][info][gc,cpu         ] GC(10) User=0.00s Sys=0.00s Real=0.00s
[8.378s][info][gc,start       ] GC(11) Pause Young (Allocation Failure)
[8.379s][info][gc,heap        ] GC(11) PSYoungGen: 303168K(317952K)->32K(318464K) Eden: 303104K(303104K)->0K(303104K) From: 64K(14848K)->32K(15360K)
[8.379s][info][gc,heap        ] GC(11) ParOldGen: 24239K(175104K)->24255K(175104K)
[8.379s][info][gc,metaspace   ] GC(11) Metaspace: 32883K(33408K)->32883K(33408K) NonClass: 23805K(24192K)->23805K(24192K) Class: 9077K(9216K)->9077K(9216K)
[8.379s][info][gc             ] GC(11) Pause Young (Allocation Failure) 319M->23M(482M) 1.020ms
[8.379s][info][gc,cpu         ] GC(11) User=0.00s Sys=0.00s Real=0.00s
[8.448s][info][gc,start       ] GC(12) Pause Young (Allocation Failure)
[8.449s][info][gc,heap        ] GC(12) PSYoungGen: 303136K(318464K)->32K(318464K) Eden: 303104K(303104K)->0K(303616K) From: 32K(15360K)->32K(14848K)
[8.449s][info][gc,heap        ] GC(12) ParOldGen: 24255K(175104K)->24255K(175104K)
[8.449s][info][gc,metaspace   ] GC(12) Metaspace: 32883K(33408K)->32883K(33408K) NonClass: 23805K(24192K)->23805K(24192K) Class: 9077K(9216K)->9077K(9216K)
[8.449s][info][gc             ] GC(12) Pause Young (Allocation Failure) 319M->23M(482M) 0.833ms
[8.449s][info][gc,cpu         ] GC(12) User=0.00s Sys=0.00s Real=0.00s
[8.818s][info][gc,start       ] GC(13) Pause Young (Allocation Failure)
[8.819s][info][gc,heap        ] GC(13) PSYoungGen: 303648K(318464K)->64K(318464K) Eden: 303616K(303616K)->0K(303616K) From: 32K(14848K)->64K(14848K)
[8.819s][info][gc,heap        ] GC(13) ParOldGen: 24255K(175104K)->24255K(175104K)
[8.819s][info][gc,metaspace   ] GC(13) Metaspace: 32887K(33408K)->32887K(33408K) NonClass: 23809K(24192K)->23809K(24192K) Class: 9077K(9216K)->9077K(9216K)
[8.819s][info][gc             ] GC(13) Pause Young (Allocation Failure) 320M->23M(482M) 0.939ms
[8.819s][info][gc,cpu         ] GC(13) User=0.00s Sys=0.00s Real=0.00s
[9.223s][info][gc,start       ] GC(14) Pause Young (Allocation Failure)
[9.225s][info][gc,heap        ] GC(14) PSYoungGen: 303680K(318464K)->64K(291840K) Eden: 303616K(303616K)->0K(291328K) From: 64K(14848K)->64K(512K)
[9.225s][info][gc,heap        ] GC(14) ParOldGen: 24255K(175104K)->24271K(175104K)
[9.225s][info][gc,metaspace   ] GC(14) Metaspace: 32945K(33536K)->32945K(33536K) NonClass: 23867K(24320K)->23867K(24320K) Class: 9077K(9216K)->9077K(9216K)
[9.225s][info][gc             ] GC(14) Pause Young (Allocation Failure) 320M->23M(456M) 2.367ms
[9.225s][info][gc,cpu         ] GC(14) User=0.01s Sys=0.00s Real=0.00s
[9.436s][info][gc,start       ] GC(15) Pause Young (Allocation Failure)
[9.437s][info][gc,heap        ] GC(15) PSYoungGen: 291392K(291840K)->32K(293376K) Eden: 291328K(291328K)->0K(279552K) From: 64K(512K)->32K(13824K)
[9.437s][info][gc,heap        ] GC(15) ParOldGen: 24271K(175104K)->24287K(175104K)
[9.437s][info][gc,metaspace   ] GC(15) Metaspace: 32945K(33536K)->32945K(33536K) NonClass: 23867K(24320K)->23867K(24320K) Class: 9077K(9216K)->9077K(9216K)
[9.437s][info][gc             ] GC(15) Pause Young (Allocation Failure) 308M->23M(457M) 1.405ms
[9.437s][info][gc,cpu         ] GC(15) User=0.00s Sys=0.00s Real=0.00s
[9.701s][info][gc,start       ] GC(16) Pause Young (Allocation Failure)
[9.702s][info][gc,heap        ] GC(16) PSYoungGen: 279584K(293376K)->64K(268800K) Eden: 279552K(279552K)->0K(268288K) From: 32K(13824K)->64K(512K)
[9.702s][info][gc,heap        ] GC(16) ParOldGen: 24287K(175104K)->24287K(175104K)
[9.702s][info][gc,metaspace   ] GC(16) Metaspace: 32946K(33536K)->32946K(33536K) NonClass: 23868K(24320K)->23868K(24320K) Class: 9077K(9216K)->9077K(9216K)
[9.702s][info][gc             ] GC(16) Pause Young (Allocation Failure) 296M->23M(433M) 1.357ms
[9.702s][info][gc,cpu         ] GC(16) User=0.00s Sys=0.01s Real=0.01s
[10.548s][info][gc,start       ] GC(17) Pause Young (Allocation Failure)
[10.549s][info][gc,heap        ] GC(17) PSYoungGen: 268352K(268800K)->32K(270336K) Eden: 268288K(268288K)->0K(257536K) From: 64K(512K)->32K(12800K)
[10.549s][info][gc,heap        ] GC(17) ParOldGen: 24287K(175104K)->24295K(175104K)
[10.549s][info][gc,metaspace   ] GC(17) Metaspace: 32953K(33536K)->32953K(33536K) NonClass: 23875K(24320K)->23875K(24320K) Class: 9077K(9216K)->9077K(9216K)
[10.549s][info][gc             ] GC(17) Pause Young (Allocation Failure) 285M->23M(435M) 1.101ms
[10.549s][info][gc,cpu         ] GC(17) User=0.00s Sys=0.00s Real=0.00s
[11.379s][info][gc,start       ] GC(18) Pause Young (Allocation Failure)
[11.380s][info][gc,heap        ] GC(18) PSYoungGen: 257568K(270336K)->64K(247808K) Eden: 257536K(257536K)->0K(247296K) From: 32K(12800K)->64K(512K)
[11.381s][info][gc,heap        ] GC(18) ParOldGen: 24295K(175104K)->24311K(175104K)
[11.381s][info][gc,metaspace   ] GC(18) Metaspace: 32986K(33536K)->32986K(33536K) NonClass: 23908K(24320K)->23908K(24320K) Class: 9077K(9216K)->9077K(9216K)
[11.381s][info][gc             ] GC(18) Pause Young (Allocation Failure) 275M->23M(413M) 1.709ms
[11.381s][info][gc,cpu         ] GC(18) User=0.00s Sys=0.00s Real=0.00s
[12.764s][info][gc,start       ] GC(19) Pause Young (Allocation Failure)
[12.765s][info][gc,heap        ] GC(19) PSYoungGen: 247360K(247808K)->64K(249344K) Eden: 247296K(247296K)->0K(237568K) From: 64K(512K)->64K(11776K)
[12.765s][info][gc,heap        ] GC(19) ParOldGen: 24311K(175104K)->24319K(175104K)
[12.765s][info][gc,metaspace   ] GC(19) Metaspace: 33012K(33600K)->33012K(33600K) NonClass: 23934K(24384K)->23934K(24384K) Class: 9077K(9216K)->9077K(9216K)
[12.765s][info][gc             ] GC(19) Pause Young (Allocation Failure) 265M->23M(414M) 0.733ms
[12.765s][info][gc,cpu         ] GC(19) User=0.00s Sys=0.00s Real=0.00s
[13.305s][info][gc,start       ] GC(20) Pause Young (Allocation Failure)
[13.306s][info][gc,heap        ] GC(20) PSYoungGen: 237632K(249344K)->64K(228864K) Eden: 237568K(237568K)->0K(228352K) From: 64K(11776K)->64K(512K)
[13.306s][info][gc,heap        ] GC(20) ParOldGen: 24319K(175104K)->24327K(175104K)
[13.306s][info][gc,metaspace   ] GC(20) Metaspace: 33021K(33600K)->33021K(33600K) NonClass: 23943K(24384K)->23943K(24384K) Class: 9077K(9216K)->9077K(9216K)
[13.306s][info][gc             ] GC(20) Pause Young (Allocation Failure) 255M->23M(394M) 1.355ms
[13.306s][info][gc,cpu         ] GC(20) User=0.00s Sys=0.00s Real=0.00s
[15.052s][info][gc,start       ] GC(21) Pause Young (Allocation Failure)
[15.054s][info][gc,heap        ] GC(21) PSYoungGen: 228416K(228864K)->32K(230400K) Eden: 228352K(228352K)->0K(219648K) From: 64K(512K)->32K(10752K)
[15.054s][info][gc,heap        ] GC(21) ParOldGen: 24327K(175104K)->24335K(175104K)
[15.054s][info][gc,metaspace   ] GC(21) Metaspace: 33062K(33600K)->33062K(33600K) NonClass: 23984K(24384K)->23984K(24384K) Class: 9077K(9216K)->9077K(9216K)
[15.054s][info][gc             ] GC(21) Pause Young (Allocation Failure) 246M->23M(396M) 1.961ms
[15.054s][info][gc,cpu         ] GC(21) User=0.01s Sys=0.00s Real=0.00s
[16.227s][info][gc,start       ] GC(22) Pause Young (Allocation Failure)
[16.229s][info][gc,heap        ] GC(22) PSYoungGen: 219680K(230400K)->64K(211968K) Eden: 219648K(219648K)->0K(211456K) From: 32K(10752K)->64K(512K)
[16.229s][info][gc,heap        ] GC(22) ParOldGen: 24335K(175104K)->24351K(175104K)
[16.229s][info][gc,metaspace   ] GC(22) Metaspace: 33106K(33728K)->33106K(33728K) NonClass: 24028K(24512K)->24028K(24512K) Class: 9077K(9216K)->9077K(9216K)
[16.229s][info][gc             ] GC(22) Pause Young (Allocation Failure) 238M->23M(378M) 1.990ms
[16.229s][info][gc,cpu         ] GC(22) User=0.00s Sys=0.01s Real=0.00s
[17.028s][info][gc,start       ] GC(23) Pause Young (Allocation Failure)
[17.029s][info][gc,heap        ] GC(23) PSYoungGen: 211520K(211968K)->64K(213504K) Eden: 211456K(211456K)->0K(203776K) From: 64K(512K)->64K(9728K)
[17.029s][info][gc,heap        ] GC(23) ParOldGen: 24351K(175104K)->24367K(175104K)
[17.029s][info][gc,metaspace   ] GC(23) Metaspace: 33255K(33856K)->33255K(33856K) NonClass: 24177K(24640K)->24177K(24640K) Class: 9077K(9216K)->9077K(9216K)
[17.029s][info][gc             ] GC(23) Pause Young (Allocation Failure) 230M->23M(379M) 1.108ms
[17.029s][info][gc,cpu         ] GC(23) User=0.00s Sys=0.00s Real=0.00s
[17.332s][info][gc,start       ] GC(24) Pause Young (Allocation Failure)
[17.334s][info][gc,heap        ] GC(24) PSYoungGen: 203840K(213504K)->64K(196608K) Eden: 203776K(203776K)->0K(196096K) From: 64K(9728K)->64K(512K)
[17.334s][info][gc,heap        ] GC(24) ParOldGen: 24367K(175104K)->24383K(175104K)
[17.334s][info][gc,metaspace   ] GC(24) Metaspace: 33277K(33856K)->33277K(33856K) NonClass: 24199K(24640K)->24199K(24640K) Class: 9077K(9216K)->9077K(9216K)
[17.334s][info][gc             ] GC(24) Pause Young (Allocation Failure) 222M->23M(363M) 1.923ms
[17.334s][info][gc,cpu         ] GC(24) User=0.00s Sys=0.00s Real=0.00s
[17.714s][info][gc,start       ] GC(25) Pause Young (Allocation Failure)
[17.715s][info][gc,heap        ] GC(25) PSYoungGen: 196160K(196608K)->64K(197632K) Eden: 196096K(196096K)->0K(188928K) From: 64K(512K)->64K(8704K)
[17.715s][info][gc,heap        ] GC(25) ParOldGen: 24383K(175104K)->24399K(175104K)
[17.715s][info][gc,metaspace   ] GC(25) Metaspace: 33330K(33920K)->33330K(33920K) NonClass: 24252K(24704K)->24252K(24704K) Class: 9077K(9216K)->9077K(9216K)
[17.715s][info][gc             ] GC(25) Pause Young (Allocation Failure) 215M->23M(364M) 0.879ms
[17.715s][info][gc,cpu         ] GC(25) User=0.00s Sys=0.00s Real=0.00s
[18.251s][info][gc,start       ] GC(26) Pause Young (Allocation Failure)
[18.252s][info][gc,heap        ] GC(26) PSYoungGen: 188992K(197632K)->64K(182784K) Eden: 188928K(188928K)->0K(182272K) From: 64K(8704K)->64K(512K)
[18.253s][info][gc,heap        ] GC(26) ParOldGen: 24399K(175104K)->24415K(175104K)
[18.253s][info][gc,metaspace   ] GC(26) Metaspace: 33330K(33920K)->33330K(33920K) NonClass: 24252K(24704K)->24252K(24704K) Class: 9077K(9216K)->9077K(9216K)
[18.253s][info][gc             ] GC(26) Pause Young (Allocation Failure) 208M->23M(349M) 1.979ms
[18.253s][info][gc,cpu         ] GC(26) User=0.00s Sys=0.00s Real=0.01s
[18.613s][info][gc,start       ] GC(27) Pause Young (Allocation Failure)
[18.614s][info][gc,heap        ] GC(27) PSYoungGen: 182336K(182784K)->64K(183296K) Eden: 182272K(182272K)->0K(175616K) From: 64K(512K)->64K(7680K)
[18.614s][info][gc,heap        ] GC(27) ParOldGen: 24415K(175104K)->24431K(175104K)
[18.614s][info][gc,metaspace   ] GC(27) Metaspace: 33488K(34048K)->33488K(34048K) NonClass: 24398K(24832K)->24398K(24832K) Class: 9090K(9216K)->9090K(9216K)
[18.614s][info][gc             ] GC(27) Pause Young (Allocation Failure) 201M->23M(350M) 1.281ms
[18.614s][info][gc,cpu         ] GC(27) User=0.00s Sys=0.01s Real=0.00s
[19.353s][info][gc,start       ] GC(28) Pause Young (Allocation Failure)
[19.366s][info][gc,heap        ] GC(28) PSYoungGen: 175680K(183296K)->6801K(176640K) Eden: 175616K(175616K)->0K(169472K) From: 64K(7680K)->6801K(7168K)
[19.366s][info][gc,heap        ] GC(28) ParOldGen: 24431K(175104K)->24475K(175104K)
[19.366s][info][gc,metaspace   ] GC(28) Metaspace: 34114K(34752K)->34114K(34752K) NonClass: 24940K(25408K)->24940K(25408K) Class: 9174K(9344K)->9174K(9344K)
[19.367s][info][gc             ] GC(28) Pause Young (Allocation Failure) 195M->30M(343M) 14.003ms
[19.367s][info][gc,cpu         ] GC(28) User=0.02s Sys=0.00s Real=0.01s
[19.735s][info][gc,start       ] GC(29) Pause Young (Allocation Failure)
[19.770s][info][gc,heap        ] GC(29) PSYoungGen: 176273K(176640K)->8704K(229376K) Eden: 169472K(169472K)->0K(220672K) From: 6801K(7168K)->8704K(8704K)
[19.770s][info][gc,heap        ] GC(29) ParOldGen: 24475K(175104K)->34987K(175104K)
[19.770s][info][gc,metaspace   ] GC(29) Metaspace: 34151K(34752K)->34151K(34752K) NonClass: 24975K(25408K)->24975K(25408K) Class: 9176K(9344K)->9176K(9344K)
[19.770s][info][gc             ] GC(29) Pause Young (Allocation Failure) 196M->42M(395M) 35.484ms
[19.770s][info][gc,cpu         ] GC(29) User=0.06s Sys=0.01s Real=0.03s
[20.178s][info][gc,start       ] GC(30) Pause Young (Allocation Failure)
[20.233s][info][gc,heap        ] GC(30) PSYoungGen: 229376K(229376K)->2048K(229376K) Eden: 220672K(220672K)->0K(227328K) From: 8704K(8704K)->2048K(2048K)
[20.233s][info][gc,heap        ] GC(30) ParOldGen: 34987K(175104K)->58035K(175104K)
[20.233s][info][gc,metaspace   ] GC(30) Metaspace: 34151K(34752K)->34151K(34752K) NonClass: 24975K(25408K)->24975K(25408K) Class: 9176K(9344K)->9176K(9344K)
[20.233s][info][gc             ] GC(30) Pause Young (Allocation Failure) 258M->58M(395M) 55.389ms
[20.233s][info][gc,cpu         ] GC(30) User=0.10s Sys=0.01s Real=0.06s
[20.488s][info][gc,start       ] GC(31) Pause Young (Allocation Failure)
[20.514s][info][gc,heap        ] GC(31) PSYoungGen: 229376K(229376K)->12512K(248832K) Eden: 227328K(227328K)->0K(227328K) From: 2048K(2048K)->12512K(21504K)
[20.514s][info][gc,heap        ] GC(31) ParOldGen: 58035K(175104K)->58659K(175104K)
[20.514s][info][gc,metaspace   ] GC(31) Metaspace: 34156K(34752K)->34156K(34752K) NonClass: 24979K(25408K)->24979K(25408K) Class: 9176K(9344K)->9176K(9344K)
[20.514s][info][gc             ] GC(31) Pause Young (Allocation Failure) 280M->69M(414M) 25.556ms
[20.514s][info][gc,cpu         ] GC(31) User=0.06s Sys=0.00s Real=0.03s
[20.795s][info][gc,start       ] GC(32) Pause Young (Allocation Failure)
[20.796s][info][gc,heap        ] GC(32) PSYoungGen: 239840K(248832K)->64K(311808K) Eden: 227328K(227328K)->0K(289280K) From: 12512K(21504K)->64K(22528K)
[20.796s][info][gc,heap        ] GC(32) ParOldGen: 58659K(175104K)->58667K(175104K)
[20.796s][info][gc,metaspace   ] GC(32) Metaspace: 34164K(34752K)->34164K(34752K) NonClass: 24985K(25408K)->24985K(25408K) Class: 9179K(9344K)->9179K(9344K)
[20.796s][info][gc             ] GC(32) Pause Young (Allocation Failure) 291M->57M(475M) 0.785ms
[20.796s][info][gc,cpu         ] GC(32) User=0.00s Sys=0.00s Real=0.00s
[21.678s][info][gc,start       ] GC(33) Pause Young (Allocation Failure)
[21.679s][info][gc,heap        ] GC(33) PSYoungGen: 289344K(311808K)->64K(289792K) Eden: 289280K(289280K)->0K(289280K) From: 64K(22528K)->64K(512K)
[21.679s][info][gc,heap        ] GC(33) ParOldGen: 58667K(175104K)->58675K(175104K)
[21.679s][info][gc,metaspace   ] GC(33) Metaspace: 34164K(34752K)->34164K(34752K) NonClass: 24985K(25408K)->24985K(25408K) Class: 9179K(9344K)->9179K(9344K)
[21.679s][info][gc             ] GC(33) Pause Young (Allocation Failure) 339M->57M(454M) 0.776ms
[21.679s][info][gc,cpu         ] GC(33) User=0.00s Sys=0.00s Real=0.00s
[22.866s][info][gc,start       ] GC(34) Pause Young (Allocation Failure)
[22.867s][info][gc,heap        ] GC(34) PSYoungGen: 289344K(289792K)->64K(311808K) Eden: 289280K(289280K)->0K(290304K) From: 64K(512K)->64K(21504K)
[22.867s][info][gc,heap        ] GC(34) ParOldGen: 58675K(175104K)->58691K(175104K)
[22.867s][info][gc,metaspace   ] GC(34) Metaspace: 34176K(34816K)->34176K(34816K) NonClass: 24997K(25472K)->24997K(25472K) Class: 9179K(9344K)->9179K(9344K)
[22.867s][info][gc             ] GC(34) Pause Young (Allocation Failure) 339M->57M(475M) 1.049ms
[22.867s][info][gc,cpu         ] GC(34) User=0.00s Sys=0.00s Real=0.00s
[23.182s][info][gc,start       ] GC(35) Pause Young (Allocation Failure)
[23.183s][info][gc,heap        ] GC(35) PSYoungGen: 290368K(311808K)->64K(310784K) Eden: 290304K(290304K)->0K(290304K) From: 64K(21504K)->64K(20480K)
[23.183s][info][gc,heap        ] GC(35) ParOldGen: 58691K(175104K)->58707K(175104K)
[23.183s][info][gc,metaspace   ] GC(35) Metaspace: 34176K(34816K)->34176K(34816K) NonClass: 24997K(25472K)->24997K(25472K) Class: 9179K(9344K)->9179K(9344K)
[23.183s][info][gc             ] GC(35) Pause Young (Allocation Failure) 340M->57M(474M) 1.036ms
[23.183s][info][gc,cpu         ] GC(35) User=0.00s Sys=0.00s Real=0.00s
[23.496s][info][gc,start       ] GC(36) Pause Young (Allocation Failure)
[23.498s][info][gc,heap        ] GC(36) PSYoungGen: 290368K(310784K)->32K(311808K) Eden: 290304K(290304K)->0K(292352K) From: 64K(20480K)->32K(19456K)
[23.498s][info][gc,heap        ] GC(36) ParOldGen: 58707K(175104K)->58707K(175104K)
[23.498s][info][gc,metaspace   ] GC(36) Metaspace: 34176K(34816K)->34176K(34816K) NonClass: 24997K(25472K)->24997K(25472K) Class: 9179K(9344K)->9179K(9344K)
[23.498s][info][gc             ] GC(36) Pause Young (Allocation Failure) 340M->57M(475M) 1.390ms
[23.498s][info][gc,cpu         ] GC(36) User=0.01s Sys=0.00s Real=0.00s
[24.251s][info][gc,start       ] GC(37) Pause Young (Allocation Failure)
[24.252s][info][gc,heap        ] GC(37) PSYoungGen: 292384K(311808K)->64K(311296K) Eden: 292352K(292352K)->0K(292352K) From: 32K(19456K)->64K(18944K)
[24.252s][info][gc,heap        ] GC(37) ParOldGen: 58707K(175104K)->58707K(175104K)
[24.252s][info][gc,metaspace   ] GC(37) Metaspace: 34187K(34816K)->34187K(34816K) NonClass: 25008K(25472K)->25008K(25472K) Class: 9179K(9344K)->9179K(9344K)
[24.252s][info][gc             ] GC(37) Pause Young (Allocation Failure) 342M->57M(475M) 1.302ms
[24.252s][info][gc,cpu         ] GC(37) User=0.00s Sys=0.00s Real=0.01s
[24.320s][info][gc,start       ] GC(38) Pause Young (Allocation Failure)
[24.321s][info][gc,heap        ] GC(38) PSYoungGen: 292416K(311296K)->32K(313856K) Eden: 292352K(292352K)->0K(296448K) From: 64K(18944K)->32K(17408K)
[24.321s][info][gc,heap        ] GC(38) ParOldGen: 58707K(175104K)->58723K(175104K)
[24.321s][info][gc,metaspace   ] GC(38) Metaspace: 34187K(34816K)->34187K(34816K) NonClass: 25008K(25472K)->25008K(25472K) Class: 9179K(9344K)->9179K(9344K)
[24.321s][info][gc             ] GC(38) Pause Young (Allocation Failure) 342M->57M(477M) 1.021ms
[24.321s][info][gc,cpu         ] GC(38) User=0.00s Sys=0.00s Real=0.00s
[24.392s][info][gc,start       ] GC(39) Pause Young (Allocation Failure)
[24.394s][info][gc,heap        ] GC(39) PSYoungGen: 296480K(313856K)->32K(313344K) Eden: 296448K(296448K)->0K(296448K) From: 32K(17408K)->32K(16896K)
[24.394s][info][gc,heap        ] GC(39) ParOldGen: 58723K(175104K)->58723K(175104K)
[24.394s][info][gc,metaspace   ] GC(39) Metaspace: 34187K(34816K)->34187K(34816K) NonClass: 25008K(25472K)->25008K(25472K) Class: 9179K(9344K)->9179K(9344K)
[24.394s][info][gc             ] GC(39) Pause Young (Allocation Failure) 346M->57M(477M) 1.152ms
[24.394s][info][gc,cpu         ] GC(39) User=0.00s Sys=0.00s Real=0.00s
[24.721s][info][gc,start       ] GC(40) Pause Young (Allocation Failure)
[24.722s][info][gc,heap        ] GC(40) PSYoungGen: 296480K(313344K)->64K(315904K) Eden: 296448K(296448K)->0K(300544K) From: 32K(16896K)->64K(15360K)
[24.722s][info][gc,heap        ] GC(40) ParOldGen: 58723K(175104K)->58723K(175104K)
[24.722s][info][gc,metaspace   ] GC(40) Metaspace: 34187K(34816K)->34187K(34816K) NonClass: 25008K(25472K)->25008K(25472K) Class: 9179K(9344K)->9179K(9344K)
[24.722s][info][gc             ] GC(40) Pause Young (Allocation Failure) 346M->57M(479M) 1.422ms
[24.722s][info][gc,cpu         ] GC(40) User=0.00s Sys=0.00s Real=0.01s
[25.055s][info][gc,start       ] GC(41) Pause Young (Allocation Failure)
[25.056s][info][gc,heap        ] GC(41) PSYoungGen: 300608K(315904K)->64K(288768K) Eden: 300544K(300544K)->0K(288256K) From: 64K(15360K)->64K(512K)
[25.056s][info][gc,heap        ] GC(41) ParOldGen: 58723K(175104K)->58739K(175104K)
[25.056s][info][gc,metaspace   ] GC(41) Metaspace: 34187K(34816K)->34187K(34816K) NonClass: 25008K(25472K)->25008K(25472K) Class: 9179K(9344K)->9179K(9344K)
[25.056s][info][gc             ] GC(41) Pause Young (Allocation Failure) 350M->57M(453M) 1.318ms
[25.056s][info][gc,cpu         ] GC(41) User=0.00s Sys=0.00s Real=0.00s
[25.230s][info][gc,start       ] GC(42) Pause Young (Allocation Failure)
[25.231s][info][gc,heap        ] GC(42) PSYoungGen: 288320K(288768K)->64K(279040K) Eden: 288256K(288256K)->0K(276992K) From: 64K(512K)->64K(2048K)
[25.231s][info][gc,heap        ] GC(42) ParOldGen: 58739K(175104K)->58755K(175104K)
[25.231s][info][gc,metaspace   ] GC(42) Metaspace: 34208K(34816K)->34208K(34816K) NonClass: 25029K(25472K)->25029K(25472K) Class: 9179K(9344K)->9179K(9344K)
[25.231s][info][gc             ] GC(42) Pause Young (Allocation Failure) 338M->57M(443M) 0.772ms
[25.231s][info][gc,cpu         ] GC(42) User=0.00s Sys=0.00s Real=0.00s
[25.437s][info][gc,start       ] GC(43) Pause Young (Allocation Failure)
[25.437s][info][gc,heap        ] GC(43) PSYoungGen: 277056K(279040K)->64K(266752K) Eden: 276992K(276992K)->0K(266240K) From: 64K(2048K)->64K(512K)
[25.438s][info][gc,heap        ] GC(43) ParOldGen: 58755K(175104K)->58763K(175104K)
[25.438s][info][gc,metaspace   ] GC(43) Metaspace: 34208K(34816K)->34208K(34816K) NonClass: 25029K(25472K)->25029K(25472K) Class: 9179K(9344K)->9179K(9344K)
[25.438s][info][gc             ] GC(43) Pause Young (Allocation Failure) 327M->57M(431M) 0.954ms
[25.438s][info][gc,cpu         ] GC(43) User=0.00s Sys=0.00s Real=0.00s
[26.159s][info][gc,start       ] GC(44) Pause Young (Allocation Failure)
[26.160s][info][gc,heap        ] GC(44) PSYoungGen: 266304K(266752K)->64K(256512K) Eden: 266240K(266240K)->0K(256000K) From: 64K(512K)->64K(512K)
[26.160s][info][gc,heap        ] GC(44) ParOldGen: 58763K(175104K)->58771K(175104K)
[26.160s][info][gc,metaspace   ] GC(44) Metaspace: 34219K(34816K)->34219K(34816K) NonClass: 25040K(25472K)->25040K(25472K) Class: 9179K(9344K)->9179K(9344K)
[26.160s][info][gc             ] GC(44) Pause Young (Allocation Failure) 317M->57M(421M) 1.486ms
[26.160s][info][gc,cpu         ] GC(44) User=0.00s Sys=0.00s Real=0.00s
[26.990s][info][gc,start       ] GC(45) Pause Young (Allocation Failure)
[26.991s][info][gc,heap        ] GC(45) PSYoungGen: 256064K(256512K)->83K(258048K) Eden: 256000K(256000K)->0K(246272K) From: 64K(512K)->83K(11776K)
[26.991s][info][gc,heap        ] GC(45) ParOldGen: 58771K(175104K)->58787K(175104K)
[26.991s][info][gc,metaspace   ] GC(45) Metaspace: 34235K(34880K)->34235K(34880K) NonClass: 25056K(25536K)->25056K(25536K) Class: 9179K(9344K)->9179K(9344K)
[26.991s][info][gc             ] GC(45) Pause Young (Allocation Failure) 307M->57M(423M) 0.705ms
[26.991s][info][gc,cpu         ] GC(45) User=0.00s Sys=0.00s Real=0.00s
[28.273s][info][gc,start       ] GC(46) Pause Young (Allocation Failure)
[28.274s][info][gc,heap        ] GC(46) PSYoungGen: 246355K(258048K)->64K(237568K) Eden: 246272K(246272K)->0K(237056K) From: 83K(11776K)->64K(512K)
[28.274s][info][gc,heap        ] GC(46) ParOldGen: 58787K(175104K)->58795K(175104K)
[28.274s][info][gc,metaspace   ] GC(46) Metaspace: 34235K(34880K)->34235K(34880K) NonClass: 25056K(25536K)->25056K(25536K) Class: 9179K(9344K)->9179K(9344K)
[28.274s][info][gc             ] GC(46) Pause Young (Allocation Failure) 297M->57M(403M) 1.560ms
[28.274s][info][gc,cpu         ] GC(46) User=0.00s Sys=0.00s Real=0.00s
[28.698s][info][gc,start       ] GC(47) Pause Young (Allocation Failure)
[28.699s][info][gc,heap        ] GC(47) PSYoungGen: 237120K(237568K)->64K(238592K) Eden: 237056K(237056K)->0K(227840K) From: 64K(512K)->64K(10752K)
[28.699s][info][gc,heap        ] GC(47) ParOldGen: 58795K(175104K)->58803K(175104K)
[28.699s][info][gc,metaspace   ] GC(47) Metaspace: 34235K(34880K)->34235K(34880K) NonClass: 25056K(25536K)->25056K(25536K) Class: 9179K(9344K)->9179K(9344K)
[28.699s][info][gc             ] GC(47) Pause Young (Allocation Failure) 288M->57M(404M) 0.930ms
[28.699s][info][gc,cpu         ] GC(47) User=0.00s Sys=0.00s Real=0.00s
[29.636s][info][gc,start       ] GC(48) Pause Young (Allocation Failure)
[29.638s][info][gc,heap        ] GC(48) PSYoungGen: 227904K(238592K)->64K(219648K) Eden: 227840K(227840K)->0K(219136K) From: 64K(10752K)->64K(512K)
[29.638s][info][gc,heap        ] GC(48) ParOldGen: 58803K(175104K)->58811K(175104K)
[29.638s][info][gc,metaspace   ] GC(48) Metaspace: 34235K(34880K)->34235K(34880K) NonClass: 25056K(25536K)->25056K(25536K) Class: 9179K(9344K)->9179K(9344K)
[29.638s][info][gc             ] GC(48) Pause Young (Allocation Failure) 279M->57M(385M) 1.892ms
[29.638s][info][gc,cpu         ] GC(48) User=0.00s Sys=0.00s Real=0.00s
[31.546s][info][gc,start       ] GC(49) Pause Young (Allocation Failure)
[31.547s][info][gc,heap        ] GC(49) PSYoungGen: 219200K(219648K)->64K(220160K) Eden: 219136K(219136K)->0K(210944K) From: 64K(512K)->64K(9216K)
[31.547s][info][gc,heap        ] GC(49) ParOldGen: 58811K(175104K)->58827K(175104K)
[31.547s][info][gc,metaspace   ] GC(49) Metaspace: 34236K(34880K)->34236K(34880K) NonClass: 25057K(25536K)->25057K(25536K) Class: 9179K(9344K)->9179K(9344K)
[31.547s][info][gc             ] GC(49) Pause Young (Allocation Failure) 271M->57M(386M) 1.399ms
[31.547s][info][gc,cpu         ] GC(49) User=0.00s Sys=0.00s Real=0.00s
[32.316s][info][gc,start       ] GC(50) Pause Young (Allocation Failure)
[32.318s][info][gc,heap        ] GC(50) PSYoungGen: 211008K(220160K)->32K(203776K) Eden: 210944K(210944K)->0K(203264K) From: 64K(9216K)->32K(512K)
[32.318s][info][gc,heap        ] GC(50) ParOldGen: 58827K(175104K)->58835K(175104K)
[32.318s][info][gc,metaspace   ] GC(50) Metaspace: 34236K(34880K)->34236K(34880K) NonClass: 25057K(25536K)->25057K(25536K) Class: 9179K(9344K)->9179K(9344K)
[32.318s][info][gc             ] GC(50) Pause Young (Allocation Failure) 263M->57M(370M) 1.923ms
[32.318s][info][gc,cpu         ] GC(50) User=0.00s Sys=0.00s Real=0.00s
[32.602s][info][gc,start       ] GC(51) Pause Young (Allocation Failure)
[32.603s][info][gc,heap        ] GC(51) PSYoungGen: 203296K(203776K)->64K(203776K) Eden: 203264K(203264K)->0K(195584K) From: 32K(512K)->64K(8192K)
[32.603s][info][gc,heap        ] GC(51) ParOldGen: 58835K(175104K)->58851K(175104K)
[32.603s][info][gc,metaspace   ] GC(51) Metaspace: 34236K(34880K)->34236K(34880K) NonClass: 25057K(25536K)->25057K(25536K) Class: 9179K(9344K)->9179K(9344K)
[32.603s][info][gc             ] GC(51) Pause Young (Allocation Failure) 255M->57M(370M) 1.126ms
[32.603s][info][gc,cpu         ] GC(51) User=0.00s Sys=0.00s Real=0.00s
[32.925s][info][gc,start       ] GC(52) Pause Young (Allocation Failure)
[32.927s][info][gc,heap        ] GC(52) PSYoungGen: 195648K(203776K)->64K(188928K) Eden: 195584K(195584K)->0K(188416K) From: 64K(8192K)->64K(512K)
[32.927s][info][gc,heap        ] GC(52) ParOldGen: 58851K(175104K)->58867K(175104K)
[32.927s][info][gc,metaspace   ] GC(52) Metaspace: 34237K(34880K)->34237K(34880K) NonClass: 25058K(25536K)->25058K(25536K) Class: 9179K(9344K)->9179K(9344K)
[32.927s][info][gc             ] GC(52) Pause Young (Allocation Failure) 248M->57M(355M) 1.948ms
[32.927s][info][gc,cpu         ] GC(52) User=0.00s Sys=0.01s Real=0.00s
[33.502s][info][gc,start       ] GC(53) Pause Young (Allocation Failure)
[33.503s][info][gc,heap        ] GC(53) PSYoungGen: 188480K(188928K)->64K(188928K) Eden: 188416K(188416K)->0K(181760K) From: 64K(512K)->64K(7168K)
[33.503s][info][gc,heap        ] GC(53) ParOldGen: 58867K(175104K)->58883K(175104K)
[33.503s][info][gc,metaspace   ] GC(53) Metaspace: 34237K(34880K)->34237K(34880K) NonClass: 25058K(25536K)->25058K(25536K) Class: 9179K(9344K)->9179K(9344K)
[33.503s][info][gc             ] GC(53) Pause Young (Allocation Failure) 241M->57M(355M) 0.836ms
[33.503s][info][gc,cpu         ] GC(53) User=0.00s Sys=0.00s Real=0.00s
[33.685s][info][gc,start       ] GC(54) Pause Young (Allocation Failure)
[33.687s][info][gc,heap        ] GC(54) PSYoungGen: 181824K(188928K)->64K(175616K) Eden: 181760K(181760K)->0K(175104K) From: 64K(7168K)->64K(512K)
[33.687s][info][gc,heap        ] GC(54) ParOldGen: 58883K(175104K)->58883K(175104K)
[33.687s][info][gc,metaspace   ] GC(54) Metaspace: 34237K(34880K)->34237K(34880K) NonClass: 25058K(25536K)->25058K(25536K) Class: 9179K(9344K)->9179K(9344K)
[33.687s][info][gc             ] GC(54) Pause Young (Allocation Failure) 235M->57M(342M) 1.478ms
[33.687s][info][gc,cpu         ] GC(54) User=0.00s Sys=0.00s Real=0.00s
[34.052s][info][gc,start       ] GC(55) Pause Young (Allocation Failure)
[34.067s][info][gc,heap        ] GC(55) PSYoungGen: 175168K(175616K)->6144K(218112K) Eden: 175104K(175104K)->0K(211968K) From: 64K(512K)->6144K(6144K)
[34.067s][info][gc,heap        ] GC(55) ParOldGen: 58883K(175104K)->59091K(175104K)
[34.067s][info][gc,metaspace   ] GC(55) Metaspace: 34237K(34880K)->34237K(34880K) NonClass: 25058K(25536K)->25058K(25536K) Class: 9179K(9344K)->9179K(9344K)
[34.067s][info][gc             ] GC(55) Pause Young (Allocation Failure) 228M->63M(384M) 14.828ms
[34.067s][info][gc,cpu         ] GC(55) User=0.02s Sys=0.00s Real=0.01s
[34.353s][info][gc,start       ] GC(56) Pause Young (Allocation Failure)
[34.401s][info][gc,heap        ] GC(56) PSYoungGen: 218112K(218112K)->6144K(233984K) Eden: 211968K(211968K)->0K(227840K) From: 6144K(6144K)->6144K(6144K)
[34.401s][info][gc,heap        ] GC(56) ParOldGen: 59091K(175104K)->76915K(175104K)
[34.401s][info][gc,metaspace   ] GC(56) Metaspace: 34237K(34880K)->34237K(34880K) NonClass: 25058K(25536K)->25058K(25536K) Class: 9179K(9344K)->9179K(9344K)
[34.401s][info][gc             ] GC(56) Pause Young (Allocation Failure) 270M->81M(399M) 48.321ms
[34.401s][info][gc,cpu         ] GC(56) User=0.08s Sys=0.01s Real=0.04s
[34.708s][info][gc,start       ] GC(57) Pause Young (Allocation Failure)
[34.762s][info][gc,heap        ] GC(57) PSYoungGen: 233984K(233984K)->15360K(243200K) Eden: 227840K(227840K)->0K(227840K) From: 6144K(6144K)->15360K(15360K)
[34.762s][info][gc,heap        ] GC(57) ParOldGen: 76915K(175104K)->87787K(175104K)
[34.762s][info][gc,metaspace   ] GC(57) Metaspace: 34237K(34880K)->34237K(34880K) NonClass: 25058K(25536K)->25058K(25536K) Class: 9179K(9344K)->9179K(9344K)
[34.762s][info][gc             ] GC(57) Pause Young (Allocation Failure) 303M->100M(408M) 54.351ms
[34.763s][info][gc,cpu         ] GC(57) User=0.10s Sys=0.01s Real=0.06s
[34.936s][info][gc,start       ] GC(58) Pause Young (Allocation Failure)
[34.952s][info][gc,heap        ] GC(58) PSYoungGen: 243200K(243200K)->6624K(293888K) Eden: 227840K(227840K)->0K(273408K) From: 15360K(15360K)->6624K(20480K)
[34.953s][info][gc,heap        ] GC(58) ParOldGen: 87787K(175104K)->88075K(175104K)
[34.953s][info][gc,metaspace   ] GC(58) Metaspace: 34237K(34880K)->34237K(34880K) NonClass: 25058K(25536K)->25058K(25536K) Class: 9179K(9344K)->9179K(9344K)
[34.953s][info][gc             ] GC(58) Pause Young (Allocation Failure) 323M->92M(458M) 16.772ms
[34.953s][info][gc,cpu         ] GC(58) User=0.03s Sys=0.01s Real=0.02s
[35.503s][info][gc,start       ] GC(59) Pause Young (Allocation Failure)
[35.504s][info][gc,heap        ] GC(59) PSYoungGen: 280032K(293888K)->64K(294912K) Eden: 273408K(273408K)->0K(273408K) From: 6624K(20480K)->64K(21504K)
[35.504s][info][gc,heap        ] GC(59) ParOldGen: 88075K(175104K)->88083K(175104K)
[35.504s][info][gc,metaspace   ] GC(59) Metaspace: 34237K(34880K)->34237K(34880K) NonClass: 25058K(25536K)->25058K(25536K) Class: 9179K(9344K)->9179K(9344K)
[35.504s][info][gc             ] GC(59) Pause Young (Allocation Failure) 359M->86M(459M) 0.831ms
[35.504s][info][gc,cpu         ] GC(59) User=0.00s Sys=0.00s Real=0.00s
[36.294s][info][gc,start       ] GC(60) Pause Young (Allocation Failure)
[36.295s][info][gc,heap        ] GC(60) PSYoungGen: 273472K(294912K)->64K(309760K) Eden: 273408K(273408K)->0K(291328K) From: 64K(21504K)->64K(18432K)
[36.295s][info][gc,heap        ] GC(60) ParOldGen: 88083K(175104K)->88091K(175104K)
[36.295s][info][gc,metaspace   ] GC(60) Metaspace: 34237K(34880K)->34237K(34880K) NonClass: 25058K(25536K)->25058K(25536K) Class: 9179K(9344K)->9179K(9344K)
[36.295s][info][gc             ] GC(60) Pause Young (Allocation Failure) 353M->86M(473M) 0.971ms
[36.295s][info][gc,cpu         ] GC(60) User=0.00s Sys=0.00s Real=0.00s
[37.274s][info][gc,start       ] GC(61) Pause Young (Allocation Failure)
[37.275s][info][gc,heap        ] GC(61) PSYoungGen: 291392K(309760K)->64K(311296K) Eden: 291328K(291328K)->0K(291328K) From: 64K(18432K)->64K(19968K)
[37.275s][info][gc,heap        ] GC(61) ParOldGen: 88091K(175104K)->88107K(175104K)
[37.275s][info][gc,metaspace   ] GC(61) Metaspace: 34260K(34880K)->34260K(34880K) NonClass: 25081K(25536K)->25081K(25536K) Class: 9179K(9344K)->9179K(9344K)
[37.275s][info][gc             ] GC(61) Pause Young (Allocation Failure) 370M->86M(475M) 1.110ms
[37.275s][info][gc,cpu         ] GC(61) User=0.00s Sys=0.01s Real=0.00s
[37.593s][info][gc,start       ] GC(62) Pause Young (Allocation Failure)
[37.594s][info][gc,heap        ] GC(62) PSYoungGen: 291392K(311296K)->64K(311296K) Eden: 291328K(291328K)->0K(294400K) From: 64K(19968K)->64K(16896K)
[37.594s][info][gc,heap        ] GC(62) ParOldGen: 88107K(175104K)->88123K(175104K)
[37.594s][info][gc,metaspace   ] GC(62) Metaspace: 34260K(34880K)->34260K(34880K) NonClass: 25081K(25536K)->25081K(25536K) Class: 9179K(9344K)->9179K(9344K)
[37.594s][info][gc             ] GC(62) Pause Young (Allocation Failure) 370M->86M(475M) 1.111ms
[37.594s][info][gc,cpu         ] GC(62) User=0.01s Sys=0.00s Real=0.00s
[37.918s][info][gc,start       ] GC(63) Pause Young (Allocation Failure)
[37.919s][info][gc,heap        ] GC(63) PSYoungGen: 294464K(311296K)->64K(312832K) Eden: 294400K(294400K)->0K(294400K) From: 64K(16896K)->64K(18432K)
[37.919s][info][gc,heap        ] GC(63) ParOldGen: 88123K(175104K)->88123K(175104K)
[37.919s][info][gc,metaspace   ] GC(63) Metaspace: 34260K(34880K)->34260K(34880K) NonClass: 25081K(25536K)->25081K(25536K) Class: 9179K(9344K)->9179K(9344K)
[37.919s][info][gc             ] GC(63) Pause Young (Allocation Failure) 373M->86M(476M) 1.042ms
[37.919s][info][gc,cpu         ] GC(63) User=0.00s Sys=0.00s Real=0.00s
[38.313s][info][gc,start       ] GC(64) Pause Young (Allocation Failure)
[38.314s][info][gc,heap        ] GC(64) PSYoungGen: 294464K(312832K)->64K(312832K) Eden: 294400K(294400K)->0K(297472K) From: 64K(18432K)->64K(15360K)
[38.314s][info][gc,heap        ] GC(64) ParOldGen: 88123K(175104K)->88123K(175104K)
[38.314s][info][gc,metaspace   ] GC(64) Metaspace: 34276K(34880K)->34276K(34880K) NonClass: 25096K(25536K)->25096K(25536K) Class: 9179K(9344K)->9179K(9344K)
[38.314s][info][gc             ] GC(64) Pause Young (Allocation Failure) 373M->86M(476M) 0.886ms
[38.314s][info][gc,cpu         ] GC(64) User=0.01s Sys=0.00s Real=0.00s
[38.383s][info][gc,start       ] GC(65) Pause Young (Allocation Failure)
[38.384s][info][gc,heap        ] GC(65) PSYoungGen: 297536K(312832K)->32K(314368K) Eden: 297472K(297472K)->0K(297472K) From: 64K(15360K)->32K(16896K)
[38.384s][info][gc,heap        ] GC(65) ParOldGen: 88123K(175104K)->88139K(175104K)
[38.384s][info][gc,metaspace   ] GC(65) Metaspace: 34276K(34880K)->34276K(34880K) NonClass: 25096K(25536K)->25096K(25536K) Class: 9179K(9344K)->9179K(9344K)
[38.384s][info][gc             ] GC(65) Pause Young (Allocation Failure) 376M->86M(478M) 1.386ms
[38.384s][info][gc,cpu         ] GC(65) User=0.00s Sys=0.00s Real=0.00s
[38.543s][info][gc,start       ] GC(66) Pause Young (Allocation Failure)
[38.544s][info][gc,heap        ] GC(66) PSYoungGen: 297504K(314368K)->64K(314368K) Eden: 297472K(297472K)->0K(300544K) From: 32K(16896K)->64K(13824K)
[38.544s][info][gc,heap        ] GC(66) ParOldGen: 88139K(175104K)->88139K(175104K)
[38.544s][info][gc,metaspace   ] GC(66) Metaspace: 34277K(34880K)->34277K(34880K) NonClass: 25098K(25536K)->25098K(25536K) Class: 9179K(9344K)->9179K(9344K)
[38.544s][info][gc             ] GC(66) Pause Young (Allocation Failure) 376M->86M(478M) 1.334ms
[38.544s][info][gc,cpu         ] GC(66) User=0.00s Sys=0.00s Real=0.00s
[38.896s][info][gc,start       ] GC(67) Pause Young (Allocation Failure)
[38.897s][info][gc,heap        ] GC(67) PSYoungGen: 300608K(314368K)->32K(315904K) Eden: 300544K(300544K)->0K(300544K) From: 64K(13824K)->32K(15360K)
[38.897s][info][gc,heap        ] GC(67) ParOldGen: 88139K(175104K)->88155K(175104K)
[38.897s][info][gc,metaspace   ] GC(67) Metaspace: 34277K(34880K)->34277K(34880K) NonClass: 25098K(25536K)->25098K(25536K) Class: 9179K(9344K)->9179K(9344K)
[38.897s][info][gc             ] GC(67) Pause Young (Allocation Failure) 379M->86M(479M) 1.315ms
[38.897s][info][gc,cpu         ] GC(67) User=0.01s Sys=0.00s Real=0.00s
[39.134s][info][gc,start       ] GC(68) Pause Young (Allocation Failure)
[39.136s][info][gc,heap        ] GC(68) PSYoungGen: 300576K(315904K)->64K(288768K) Eden: 300544K(300544K)->0K(288256K) From: 32K(15360K)->64K(512K)
[39.136s][info][gc,heap        ] GC(68) ParOldGen: 88155K(175104K)->88155K(175104K)
[39.136s][info][gc,metaspace   ] GC(68) Metaspace: 34277K(34880K)->34277K(34880K) NonClass: 25098K(25536K)->25098K(25536K) Class: 9179K(9344K)->9179K(9344K)
[39.136s][info][gc             ] GC(68) Pause Young (Allocation Failure) 379M->86M(453M) 1.407ms
[39.136s][info][gc,cpu         ] GC(68) User=0.00s Sys=0.00s Real=0.00s
[39.232s][info][gc,start       ] GC(69) Pause Young (Allocation Failure)
[39.236s][info][gc,heap        ] GC(69) PSYoungGen: 288320K(288768K)->32K(305664K) Eden: 288256K(288256K)->0K(291840K) From: 64K(512K)->32K(13824K)
[39.236s][info][gc,heap        ] GC(69) ParOldGen: 88155K(175104K)->88163K(175104K)
[39.236s][info][gc,metaspace   ] GC(69) Metaspace: 34277K(34880K)->34277K(34880K) NonClass: 25098K(25536K)->25098K(25536K) Class: 9179K(9344K)->9179K(9344K)
[39.236s][info][gc             ] GC(69) Pause Young (Allocation Failure) 367M->86M(469M) 3.960ms
[39.236s][info][gc,cpu         ] GC(69) User=0.01s Sys=0.00s Real=0.00s
[39.572s][info][gc,start       ] GC(70) Pause Young (Allocation Failure)
[39.573s][info][gc,heap        ] GC(70) PSYoungGen: 291872K(305664K)->64K(317952K) Eden: 291840K(291840K)->0K(307200K) From: 32K(13824K)->64K(10752K)
[39.573s][info][gc,heap        ] GC(70) ParOldGen: 88163K(175104K)->88163K(175104K)
[39.573s][info][gc,metaspace   ] GC(70) Metaspace: 34277K(34880K)->34277K(34880K) NonClass: 25098K(25536K)->25098K(25536K) Class: 9179K(9344K)->9179K(9344K)
[39.573s][info][gc             ] GC(70) Pause Young (Allocation Failure) 371M->86M(481M) 1.249ms
[39.573s][info][gc,cpu         ] GC(70) User=0.00s Sys=0.00s Real=0.00s
[40.673s][info][gc,start       ] GC(71) Pause Young (Allocation Failure)
[40.675s][info][gc,heap        ] GC(71) PSYoungGen: 307264K(317952K)->83K(319488K) Eden: 307200K(307200K)->0K(307200K) From: 64K(10752K)->83K(12288K)
[40.675s][info][gc,heap        ] GC(71) ParOldGen: 88163K(175104K)->88179K(175104K)
[40.675s][info][gc,metaspace   ] GC(71) Metaspace: 34293K(34944K)->34293K(34944K) NonClass: 25114K(25600K)->25114K(25600K) Class: 9179K(9344K)->9179K(9344K)
[40.675s][info][gc             ] GC(71) Pause Young (Allocation Failure) 386M->86M(483M) 1.356ms
[40.675s][info][gc,cpu         ] GC(71) User=0.00s Sys=0.00s Real=0.00s
[41.922s][info][gc,start       ] GC(72) Pause Young (Allocation Failure)
[41.924s][info][gc,heap        ] GC(72) PSYoungGen: 307283K(319488K)->64K(295424K) Eden: 307200K(307200K)->0K(294912K) From: 83K(12288K)->64K(512K)
[41.924s][info][gc,heap        ] GC(72) ParOldGen: 88179K(175104K)->88195K(175104K)
[41.924s][info][gc,metaspace   ] GC(72) Metaspace: 34295K(34944K)->34295K(34944K) NonClass: 25116K(25600K)->25116K(25600K) Class: 9179K(9344K)->9179K(9344K)
[41.924s][info][gc             ] GC(72) Pause Young (Allocation Failure) 386M->86M(459M) 1.423ms
[41.924s][info][gc,cpu         ] GC(72) User=0.00s Sys=0.00s Real=0.00s
[42.476s][info][gc,start       ] GC(73) Pause Young (Allocation Failure)
[42.477s][info][gc,heap        ] GC(73) PSYoungGen: 294976K(295424K)->64K(293888K) Eden: 294912K(294912K)->0K(283136K) From: 64K(512K)->64K(10752K)
[42.477s][info][gc,heap        ] GC(73) ParOldGen: 88195K(175104K)->88211K(175104K)
[42.477s][info][gc,metaspace   ] GC(73) Metaspace: 34295K(34944K)->34295K(34944K) NonClass: 25116K(25600K)->25116K(25600K) Class: 9179K(9344K)->9179K(9344K)
[42.477s][info][gc             ] GC(73) Pause Young (Allocation Failure) 374M->86M(458M) 1.293ms
[42.477s][info][gc,cpu         ] GC(73) User=0.00s Sys=0.00s Real=0.00s
[44.697s][info][gc,start       ] GC(74) Pause Young (Allocation Failure)
[44.699s][info][gc,heap        ] GC(74) PSYoungGen: 283200K(293888K)->64K(272384K) Eden: 283136K(283136K)->0K(271872K) From: 64K(10752K)->64K(512K)
[44.699s][info][gc,heap        ] GC(74) ParOldGen: 88211K(175104K)->88219K(175104K)
[44.699s][info][gc,metaspace   ] GC(74) Metaspace: 34412K(35072K)->34412K(35072K) NonClass: 25233K(25728K)->25233K(25728K) Class: 9179K(9344K)->9179K(9344K)
[44.699s][info][gc             ] GC(74) Pause Young (Allocation Failure) 362M->86M(437M) 1.328ms
[44.699s][info][gc,cpu         ] GC(74) User=0.00s Sys=0.00s Real=0.00s
[45.734s][info][gc,start       ] GC(75) Pause Young (Allocation Failure)
[45.734s][info][gc,heap        ] GC(75) PSYoungGen: 271936K(272384K)->64K(270336K) Eden: 271872K(271872K)->0K(261120K) From: 64K(512K)->64K(9216K)
[45.735s][info][gc,heap        ] GC(75) ParOldGen: 88219K(175104K)->88227K(175104K)
[45.735s][info][gc,metaspace   ] GC(75) Metaspace: 34412K(35072K)->34412K(35072K) NonClass: 25233K(25728K)->25233K(25728K) Class: 9179K(9344K)->9179K(9344K)
[45.735s][info][gc             ] GC(75) Pause Young (Allocation Failure) 351M->86M(435M) 0.997ms
[45.735s][info][gc,cpu         ] GC(75) User=0.00s Sys=0.00s Real=0.00s
[46.026s][info][gc,start       ] GC(76) Pause Young (Allocation Failure)
[46.027s][info][gc,heap        ] GC(76) PSYoungGen: 261184K(270336K)->64K(251392K) Eden: 261120K(261120K)->0K(250880K) From: 64K(9216K)->64K(512K)
[46.027s][info][gc,heap        ] GC(76) ParOldGen: 88227K(175104K)->88243K(175104K)
[46.027s][info][gc,metaspace   ] GC(76) Metaspace: 34412K(35072K)->34412K(35072K) NonClass: 25233K(25728K)->25233K(25728K) Class: 9179K(9344K)->9179K(9344K)
[46.028s][info][gc             ] GC(76) Pause Young (Allocation Failure) 341M->86M(416M) 1.426ms
[46.028s][info][gc,cpu         ] GC(76) User=0.00s Sys=0.00s Real=0.00s
[46.513s][info][gc,start       ] GC(77) Pause Young (Allocation Failure)
[46.515s][info][gc,heap        ] GC(77) PSYoungGen: 250944K(251392K)->64K(249344K) Eden: 250880K(250880K)->0K(241152K) From: 64K(512K)->64K(8192K)
[46.515s][info][gc,heap        ] GC(77) ParOldGen: 88243K(175104K)->88259K(175104K)
[46.515s][info][gc,metaspace   ] GC(77) Metaspace: 34439K(35072K)->34439K(35072K) NonClass: 25260K(25728K)->25260K(25728K) Class: 9179K(9344K)->9179K(9344K)
[46.515s][info][gc             ] GC(77) Pause Young (Allocation Failure) 331M->86M(414M) 1.242ms
[46.515s][info][gc,cpu         ] GC(77) User=0.01s Sys=0.00s Real=0.00s
[46.977s][info][gc,start       ] GC(78) Pause Young (Allocation Failure)
[46.979s][info][gc,heap        ] GC(78) PSYoungGen: 241216K(249344K)->64K(232448K) Eden: 241152K(241152K)->0K(231936K) From: 64K(8192K)->64K(512K)
[46.979s][info][gc,heap        ] GC(78) ParOldGen: 88259K(175104K)->88275K(175104K)
[46.979s][info][gc,metaspace   ] GC(78) Metaspace: 34439K(35072K)->34439K(35072K) NonClass: 25260K(25728K)->25260K(25728K) Class: 9179K(9344K)->9179K(9344K)
[46.979s][info][gc             ] GC(78) Pause Young (Allocation Failure) 321M->86M(398M) 2.014ms
[46.979s][info][gc,cpu         ] GC(78) User=0.00s Sys=0.00s Real=0.00s
[47.406s][info][gc,start       ] GC(79) Pause Young (Allocation Failure)
[47.416s][info][gc,heap        ] GC(79) PSYoungGen: 232000K(232448K)->5536K(228864K) Eden: 231936K(231936K)->0K(223232K) From: 64K(512K)->5536K(5632K)
[47.416s][info][gc,heap        ] GC(79) ParOldGen: 88275K(175104K)->88291K(175104K)
[47.416s][info][gc,metaspace   ] GC(79) Metaspace: 34456K(35072K)->34456K(35072K) NonClass: 25277K(25728K)->25277K(25728K) Class: 9179K(9344K)->9179K(9344K)
[47.416s][info][gc             ] GC(79) Pause Young (Allocation Failure) 312M->91M(394M) 10.118ms
[47.416s][info][gc,cpu         ] GC(79) User=0.02s Sys=0.00s Real=0.01s
[47.718s][info][gc,start       ] GC(80) Pause Young (Allocation Failure)
[47.786s][info][gc,heap        ] GC(80) PSYoungGen: 228768K(228864K)->8192K(276480K) Eden: 223232K(223232K)->0K(268288K) From: 5536K(5632K)->8192K(8192K)
[47.786s][info][gc,heap        ] GC(80) ParOldGen: 88291K(175104K)->105355K(175104K)
[47.787s][info][gc,metaspace   ] GC(80) Metaspace: 34456K(35072K)->34456K(35072K) NonClass: 25277K(25728K)->25277K(25728K) Class: 9179K(9344K)->9179K(9344K)
[47.787s][info][gc             ] GC(80) Pause Young (Allocation Failure) 309M->110M(441M) 68.412ms
[47.787s][info][gc,cpu         ] GC(80) User=0.09s Sys=0.01s Real=0.07s
[48.151s][info][gc,start       ] GC(81) Pause Young (Allocation Failure)
[48.212s][info][gc,heap        ] GC(81) PSYoungGen: 276480K(276480K)->16384K(284672K) Eden: 268288K(268288K)->0K(268288K) From: 8192K(8192K)->16384K(16384K)
[48.212s][info][gc,heap        ] GC(81) ParOldGen: 105355K(175104K)->119779K(175104K)
[48.212s][info][gc,metaspace   ] GC(81) Metaspace: 34456K(35072K)->34456K(35072K) NonClass: 25277K(25728K)->25277K(25728K) Class: 9179K(9344K)->9179K(9344K)
[48.212s][info][gc             ] GC(81) Pause Young (Allocation Failure) 372M->132M(449M) 61.062ms
[48.212s][info][gc,cpu         ] GC(81) User=0.11s Sys=0.01s Real=0.06s
[48.350s][info][gc,start       ] GC(82) Pause Young (Allocation Failure)
[48.359s][info][gc,heap        ] GC(82) PSYoungGen: 284672K(284672K)->1536K(309760K) Eden: 268288K(268288K)->0K(284672K) From: 16384K(16384K)->1536K(25088K)
[48.359s][info][gc,heap        ] GC(82) ParOldGen: 119779K(175104K)->120163K(175104K)
[48.359s][info][gc,metaspace   ] GC(82) Metaspace: 34468K(35136K)->34468K(35136K) NonClass: 25289K(25792K)->25289K(25792K) Class: 9179K(9344K)->9179K(9344K)
[48.359s][info][gc             ] GC(82) Pause Young (Allocation Failure) 394M->118M(473M) 8.272ms
[48.359s][info][gc,cpu         ] GC(82) User=0.02s Sys=0.00s Real=0.01s
[49.079s][info][gc,start       ] GC(83) Pause Young (Allocation Failure)
[49.081s][info][gc,heap        ] GC(83) PSYoungGen: 286208K(309760K)->64K(285184K) Eden: 284672K(284672K)->0K(284672K) From: 1536K(25088K)->64K(512K)
[49.081s][info][gc,heap        ] GC(83) ParOldGen: 120163K(175104K)->120179K(175104K)
[49.081s][info][gc,metaspace   ] GC(83) Metaspace: 34468K(35136K)->34468K(35136K) NonClass: 25289K(25792K)->25289K(25792K) Class: 9179K(9344K)->9179K(9344K)
[49.081s][info][gc             ] GC(83) Pause Young (Allocation Failure) 396M->117M(449M) 1.499ms
[49.081s][info][gc,cpu         ] GC(83) User=0.00s Sys=0.00s Real=0.00s
[49.795s][info][gc,start       ] GC(84) Pause Young (Allocation Failure)
[49.796s][info][gc,heap        ] GC(84) PSYoungGen: 284736K(285184K)->64K(309248K) Eden: 284672K(284672K)->0K(285696K) From: 64K(512K)->64K(23552K)
[49.796s][info][gc,heap        ] GC(84) ParOldGen: 120179K(175104K)->120187K(175104K)
[49.796s][info][gc,metaspace   ] GC(84) Metaspace: 34501K(35136K)->34501K(35136K) NonClass: 25322K(25792K)->25322K(25792K) Class: 9179K(9344K)->9179K(9344K)
[49.796s][info][gc             ] GC(84) Pause Young (Allocation Failure) 395M->117M(473M) 1.644ms
[49.796s][info][gc,cpu         ] GC(84) User=0.00s Sys=0.00s Real=0.00s
[50.461s][info][gc,start       ] GC(85) Pause Young (Allocation Failure)
[50.463s][info][gc,heap        ] GC(85) PSYoungGen: 285760K(309248K)->64K(308224K) Eden: 285696K(285696K)->0K(285696K) From: 64K(23552K)->64K(22528K)
[50.463s][info][gc,heap        ] GC(85) ParOldGen: 120187K(175104K)->120203K(175104K)
[50.463s][info][gc,metaspace   ] GC(85) Metaspace: 34501K(35136K)->34501K(35136K) NonClass: 25322K(25792K)->25322K(25792K) Class: 9179K(9344K)->9179K(9344K)
[50.463s][info][gc             ] GC(85) Pause Young (Allocation Failure) 396M->117M(472M) 1.858ms
[50.463s][info][gc,cpu         ] GC(85) User=0.01s Sys=0.00s Real=0.01s
[50.771s][info][gc,start       ] GC(86) Pause Young (Allocation Failure)
[50.772s][info][gc,heap        ] GC(86) PSYoungGen: 285760K(308224K)->32K(310272K) Eden: 285696K(285696K)->0K(288768K) From: 64K(22528K)->32K(21504K)
[50.772s][info][gc,heap        ] GC(86) ParOldGen: 120203K(175104K)->120219K(175104K)
[50.772s][info][gc,metaspace   ] GC(86) Metaspace: 34501K(35136K)->34501K(35136K) NonClass: 25322K(25792K)->25322K(25792K) Class: 9179K(9344K)->9179K(9344K)
[50.772s][info][gc             ] GC(86) Pause Young (Allocation Failure) 396M->117M(474M) 1.465ms
[50.772s][info][gc,cpu         ] GC(86) User=0.00s Sys=0.00s Real=0.01s
[51.220s][info][gc,start       ] GC(87) Pause Young (Allocation Failure)
[51.220s][info][gc,heap        ] GC(87) PSYoungGen: 288800K(310272K)->64K(309248K) Eden: 288768K(288768K)->0K(288768K) From: 32K(21504K)->64K(20480K)
[51.220s][info][gc,heap        ] GC(87) ParOldGen: 120219K(175104K)->120219K(175104K)
[51.220s][info][gc,metaspace   ] GC(87) Metaspace: 34501K(35136K)->34501K(35136K) NonClass: 25322K(25792K)->25322K(25792K) Class: 9179K(9344K)->9179K(9344K)
[51.220s][info][gc             ] GC(87) Pause Young (Allocation Failure) 399M->117M(473M) 0.777ms
[51.220s][info][gc,cpu         ] GC(87) User=0.00s Sys=0.00s Real=0.00s
[51.330s][info][gc,start       ] GC(88) Pause Young (Allocation Failure)
[51.331s][info][gc,heap        ] GC(88) PSYoungGen: 288832K(309248K)->64K(312320K) Eden: 288768K(288768K)->0K(292864K) From: 64K(20480K)->64K(19456K)
[51.331s][info][gc,heap        ] GC(88) ParOldGen: 120219K(175104K)->120227K(175104K)
[51.331s][info][gc,metaspace   ] GC(88) Metaspace: 34517K(35136K)->34517K(35136K) NonClass: 25338K(25792K)->25338K(25792K) Class: 9179K(9344K)->9179K(9344K)
[51.331s][info][gc             ] GC(88) Pause Young (Allocation Failure) 399M->117M(476M) 0.757ms
[51.331s][info][gc,cpu         ] GC(88) User=0.00s Sys=0.00s Real=0.00s
[51.386s][info][gc,start       ] GC(89) Pause Young (Allocation Failure)
[51.386s][info][gc,heap        ] GC(89) PSYoungGen: 292928K(312320K)->64K(311296K) Eden: 292864K(292864K)->0K(292864K) From: 64K(19456K)->64K(18432K)
[51.386s][info][gc,heap        ] GC(89) ParOldGen: 120227K(175104K)->120243K(175104K)
[51.386s][info][gc,metaspace   ] GC(89) Metaspace: 34517K(35136K)->34517K(35136K) NonClass: 25338K(25792K)->25338K(25792K) Class: 9179K(9344K)->9179K(9344K)
[51.386s][info][gc             ] GC(89) Pause Young (Allocation Failure) 403M->117M(475M) 0.801ms
[51.386s][info][gc,cpu         ] GC(89) User=0.00s Sys=0.00s Real=0.00s
[51.606s][info][gc,start       ] GC(90) Pause Young (Allocation Failure)
[51.607s][info][gc,heap        ] GC(90) PSYoungGen: 292928K(311296K)->64K(314368K) Eden: 292864K(292864K)->0K(296960K) From: 64K(18432K)->64K(17408K)
[51.607s][info][gc,heap        ] GC(90) ParOldGen: 120243K(175104K)->120243K(175104K)
[51.607s][info][gc,metaspace   ] GC(90) Metaspace: 34517K(35136K)->34517K(35136K) NonClass: 25338K(25792K)->25338K(25792K) Class: 9179K(9344K)->9179K(9344K)
[51.607s][info][gc             ] GC(90) Pause Young (Allocation Failure) 403M->117M(478M) 0.850ms
[51.607s][info][gc,cpu         ] GC(90) User=0.00s Sys=0.00s Real=0.00s
[51.926s][info][gc,start       ] GC(91) Pause Young (Allocation Failure)
[51.926s][info][gc,heap        ] GC(91) PSYoungGen: 297024K(314368K)->64K(285696K) Eden: 296960K(296960K)->0K(285184K) From: 64K(17408K)->64K(512K)
[51.927s][info][gc,heap        ] GC(91) ParOldGen: 120243K(175104K)->120251K(175104K)
[51.927s][info][gc,metaspace   ] GC(91) Metaspace: 34517K(35136K)->34517K(35136K) NonClass: 25338K(25792K)->25338K(25792K) Class: 9179K(9344K)->9179K(9344K)
[51.927s][info][gc             ] GC(91) Pause Young (Allocation Failure) 407M->117M(450M) 0.844ms
[51.927s][info][gc,cpu         ] GC(91) User=0.00s Sys=0.00s Real=0.00s
[52.098s][info][gc,start       ] GC(92) Pause Young (Allocation Failure)
[52.099s][info][gc,heap        ] GC(92) PSYoungGen: 285248K(285696K)->64K(276480K) Eden: 285184K(285184K)->0K(273920K) From: 64K(512K)->64K(2560K)
[52.099s][info][gc,heap        ] GC(92) ParOldGen: 120251K(175104K)->120259K(175104K)
[52.099s][info][gc,metaspace   ] GC(92) Metaspace: 34517K(35136K)->34517K(35136K) NonClass: 25338K(25792K)->25338K(25792K) Class: 9179K(9344K)->9179K(9344K)
[52.100s][info][gc             ] GC(92) Pause Young (Allocation Failure) 395M->117M(441M) 2.116ms
[52.100s][info][gc,cpu         ] GC(92) User=0.00s Sys=0.01s Real=0.00s
[52.194s][info][gc,start       ] GC(93) Pause Young (Allocation Failure)
[52.196s][info][gc,heap        ] GC(93) PSYoungGen: 273984K(276480K)->64K(263680K) Eden: 273920K(273920K)->0K(263168K) From: 64K(2560K)->64K(512K)
[52.196s][info][gc,heap        ] GC(93) ParOldGen: 120259K(175104K)->120275K(175104K)
[52.196s][info][gc,metaspace   ] GC(93) Metaspace: 34517K(35136K)->34517K(35136K) NonClass: 25338K(25792K)->25338K(25792K) Class: 9179K(9344K)->9179K(9344K)
[52.196s][info][gc             ] GC(93) Pause Young (Allocation Failure) 385M->117M(428M) 1.559ms
[52.196s][info][gc,cpu         ] GC(93) User=0.00s Sys=0.00s Real=0.00s
[52.522s][info][gc,start       ] GC(94) Pause Young (Allocation Failure)
[52.525s][info][gc,heap        ] GC(94) PSYoungGen: 263232K(263680K)->64K(253440K) Eden: 263168K(263168K)->0K(252928K) From: 64K(512K)->64K(512K)
[52.525s][info][gc,heap        ] GC(94) ParOldGen: 120275K(175104K)->120283K(175104K)
[52.525s][info][gc,metaspace   ] GC(94) Metaspace: 34537K(35200K)->34537K(35200K) NonClass: 25358K(25856K)->25358K(25856K) Class: 9179K(9344K)->9179K(9344K)
[52.525s][info][gc             ] GC(94) Pause Young (Allocation Failure) 374M->117M(418M) 2.228ms
[52.525s][info][gc,cpu         ] GC(94) User=0.00s Sys=0.00s Real=0.00s
[53.551s][info][gc,start       ] GC(95) Pause Young (Allocation Failure)
[53.552s][info][gc,heap        ] GC(95) PSYoungGen: 252992K(253440K)->96K(256000K) Eden: 252928K(252928K)->0K(243200K) From: 64K(512K)->96K(12800K)
[53.552s][info][gc,heap        ] GC(95) ParOldGen: 120283K(175104K)->120299K(175104K)
[53.552s][info][gc,metaspace   ] GC(95) Metaspace: 34558K(35200K)->34558K(35200K) NonClass: 25379K(25856K)->25379K(25856K) Class: 9179K(9344K)->9179K(9344K)
[53.552s][info][gc             ] GC(95) Pause Young (Allocation Failure) 364M->117M(421M) 1.389ms
[53.552s][info][gc,cpu         ] GC(95) User=0.00s Sys=0.00s Real=0.01s
[53.782s][info][gc,start       ] GC(96) Pause Young (Allocation Failure)
[53.784s][info][gc,heap        ] GC(96) PSYoungGen: 243296K(256000K)->64K(234496K) Eden: 243200K(243200K)->0K(233984K) From: 96K(12800K)->64K(512K)
[53.784s][info][gc,heap        ] GC(96) ParOldGen: 120299K(175104K)->120307K(175104K)
[53.784s][info][gc,metaspace   ] GC(96) Metaspace: 34558K(35200K)->34558K(35200K) NonClass: 25379K(25856K)->25379K(25856K) Class: 9179K(9344K)->9179K(9344K)
[53.784s][info][gc             ] GC(96) Pause Young (Allocation Failure) 355M->117M(400M) 1.697ms
[53.784s][info][gc,cpu         ] GC(96) User=0.00s Sys=0.00s Real=0.00s
[54.897s][info][gc,start       ] GC(97) Pause Young (Allocation Failure)
[54.898s][info][gc,heap        ] GC(97) PSYoungGen: 234048K(234496K)->64K(236544K) Eden: 233984K(233984K)->0K(225280K) From: 64K(512K)->64K(11264K)
[54.898s][info][gc,heap        ] GC(97) ParOldGen: 120307K(175104K)->120315K(175104K)
[54.898s][info][gc,metaspace   ] GC(97) Metaspace: 34618K(35264K)->34618K(35264K) NonClass: 25439K(25920K)->25439K(25920K) Class: 9179K(9344K)->9179K(9344K)
[54.898s][info][gc             ] GC(97) Pause Young (Allocation Failure) 346M->117M(402M) 0.868ms
[54.898s][info][gc,cpu         ] GC(97) User=0.00s Sys=0.00s Real=0.00s
[55.391s][info][gc,start       ] GC(98) Pause Young (Allocation Failure)
[55.393s][info][gc,heap        ] GC(98) PSYoungGen: 225344K(236544K)->64K(217088K) Eden: 225280K(225280K)->0K(216576K) From: 64K(11264K)->64K(512K)
[55.393s][info][gc,heap        ] GC(98) ParOldGen: 120315K(175104K)->120331K(175104K)
[55.393s][info][gc,metaspace   ] GC(98) Metaspace: 34618K(35264K)->34618K(35264K) NonClass: 25439K(25920K)->25439K(25920K) Class: 9179K(9344K)->9179K(9344K)
[55.393s][info][gc             ] GC(98) Pause Young (Allocation Failure) 337M->117M(383M) 2.257ms
[55.393s][info][gc,cpu         ] GC(98) User=0.00s Sys=0.00s Real=0.01s
[56.773s][info][gc,start       ] GC(99) Pause Young (Allocation Failure)
[56.775s][info][gc,heap        ] GC(99) PSYoungGen: 216640K(217088K)->64K(218112K) Eden: 216576K(216576K)->0K(208384K) From: 64K(512K)->64K(9728K)
[56.775s][info][gc,heap        ] GC(99) ParOldGen: 120331K(175104K)->120347K(175104K)
[56.775s][info][gc,metaspace   ] GC(99) Metaspace: 34675K(35328K)->34675K(35328K) NonClass: 25496K(25984K)->25496K(25984K) Class: 9179K(9344K)->9179K(9344K)
[56.775s][info][gc             ] GC(99) Pause Young (Allocation Failure) 329M->117M(384M) 1.678ms
[56.775s][info][gc,cpu         ] GC(99) User=0.00s Sys=0.00s Real=0.00s
[57.690s][info][gc,start       ] GC(100) Pause Young (Allocation Failure)
[57.692s][info][gc,heap        ] GC(100) PSYoungGen: 208448K(218112K)->64K(201216K) Eden: 208384K(208384K)->0K(200704K) From: 64K(9728K)->64K(512K)
[57.692s][info][gc,heap        ] GC(100) ParOldGen: 120347K(175104K)->120363K(175104K)
[57.692s][info][gc,metaspace   ] GC(100) Metaspace: 34796K(35456K)->34796K(35456K) NonClass: 25617K(26112K)->25617K(26112K) Class: 9179K(9344K)->9179K(9344K)
[57.692s][info][gc             ] GC(100) Pause Young (Allocation Failure) 321M->117M(367M) 2.096ms
[57.692s][info][gc,cpu         ] GC(100) User=0.01s Sys=0.00s Real=0.00s
[57.953s][info][gc,start       ] GC(101) Pause Young (Allocation Failure)
[57.955s][info][gc,heap        ] GC(101) PSYoungGen: 200768K(201216K)->64K(202240K) Eden: 200704K(200704K)->0K(193536K) From: 64K(512K)->64K(8704K)
[57.955s][info][gc,heap        ] GC(101) ParOldGen: 120363K(175104K)->120379K(175104K)
[57.955s][info][gc,metaspace   ] GC(101) Metaspace: 34816K(35456K)->34816K(35456K) NonClass: 25637K(26112K)->25637K(26112K) Class: 9179K(9344K)->9179K(9344K)
[57.955s][info][gc             ] GC(101) Pause Young (Allocation Failure) 313M->117M(368M) 1.365ms
[57.955s][info][gc,cpu         ] GC(101) User=0.00s Sys=0.00s Real=0.00s
[58.009s][info][gc,start       ] GC(102) Pause Young (Allocation Failure)
[58.011s][info][gc,heap        ] GC(102) PSYoungGen: 193600K(202240K)->64K(186880K) Eden: 193536K(193536K)->0K(186368K) From: 64K(8704K)->64K(512K)
[58.011s][info][gc,heap        ] GC(102) ParOldGen: 120379K(175104K)->120395K(175104K)
[58.011s][info][gc,metaspace   ] GC(102) Metaspace: 34816K(35456K)->34816K(35456K) NonClass: 25637K(26112K)->25637K(26112K) Class: 9179K(9344K)->9179K(9344K)
[58.011s][info][gc             ] GC(102) Pause Young (Allocation Failure) 306M->117M(353M) 1.885ms
[58.011s][info][gc,cpu         ] GC(102) User=0.00s Sys=0.00s Real=0.00s
[58.322s][info][gc,start       ] GC(103) Pause Young (Allocation Failure)
[58.324s][info][gc,heap        ] GC(103) PSYoungGen: 186432K(186880K)->64K(187392K) Eden: 186368K(186368K)->0K(179712K) From: 64K(512K)->64K(7680K)
[58.324s][info][gc,heap        ] GC(103) ParOldGen: 120395K(175104K)->120411K(175104K)
[58.324s][info][gc,metaspace   ] GC(103) Metaspace: 34816K(35456K)->34816K(35456K) NonClass: 25637K(26112K)->25637K(26112K) Class: 9179K(9344K)->9179K(9344K)
[58.324s][info][gc             ] GC(103) Pause Young (Allocation Failure) 299M->117M(354M) 1.476ms
[58.324s][info][gc,cpu         ] GC(103) User=0.00s Sys=0.00s Real=0.00s
[58.794s][info][gc,start       ] GC(104) Pause Young (Allocation Failure)
[58.796s][info][gc,heap        ] GC(104) PSYoungGen: 179776K(187392K)->64K(174080K) Eden: 179712K(179712K)->0K(173568K) From: 64K(7680K)->64K(512K)
[58.796s][info][gc,heap        ] GC(104) ParOldGen: 120411K(175104K)->120419K(175104K)
[58.796s][info][gc,metaspace   ] GC(104) Metaspace: 34819K(35456K)->34819K(35456K) NonClass: 25640K(26112K)->25640K(26112K) Class: 9179K(9344K)->9179K(9344K)
[58.796s][info][gc             ] GC(104) Pause Young (Allocation Failure) 293M->117M(341M) 1.846ms
[58.796s][info][gc,cpu         ] GC(104) User=0.01s Sys=0.01s Real=0.00s
[58.992s][info][gc,start       ] GC(105) Pause Young (Allocation Failure)
[58.992s][info][gc,heap        ] GC(105) PSYoungGen: 173632K(174080K)->64K(174080K) Eden: 173568K(173568K)->0K(167424K) From: 64K(512K)->64K(6656K)
[58.993s][info][gc,heap        ] GC(105) ParOldGen: 120419K(175104K)->120427K(175104K)
[58.993s][info][gc,metaspace   ] GC(105) Metaspace: 34820K(35456K)->34820K(35456K) NonClass: 25641K(26112K)->25641K(26112K) Class: 9179K(9344K)->9179K(9344K)
[58.993s][info][gc             ] GC(105) Pause Young (Allocation Failure) 287M->117M(341M) 0.844ms
[58.993s][info][gc,cpu         ] GC(105) User=0.00s Sys=0.00s Real=0.01s
[59.270s][info][gc,start       ] GC(106) Pause Young (Allocation Failure)
[59.285s][info][gc,heap        ] GC(106) PSYoungGen: 167488K(174080K)->6144K(207360K) Eden: 167424K(167424K)->0K(201216K) From: 64K(6656K)->6144K(6144K)
[59.285s][info][gc,heap        ] GC(106) ParOldGen: 120427K(175104K)->122779K(175104K)
[59.285s][info][gc,metaspace   ] GC(106) Metaspace: 34836K(35456K)->34836K(35456K) NonClass: 25657K(26112K)->25657K(26112K) Class: 9179K(9344K)->9179K(9344K)
[59.285s][info][gc             ] GC(106) Pause Young (Allocation Failure) 281M->125M(373M) 14.674ms
[59.285s][info][gc,cpu         ] GC(106) User=0.02s Sys=0.00s Real=0.02s
[59.537s][info][gc,start       ] GC(107) Pause Young (Allocation Failure)
[59.580s][info][gc,heap        ] GC(107) PSYoungGen: 207360K(207360K)->8192K(235008K) Eden: 201216K(201216K)->0K(226816K) From: 6144K(6144K)->8192K(8192K)
[59.580s][info][gc,heap        ] GC(107) ParOldGen: 122779K(175104K)->137419K(175104K)
[59.580s][info][gc,metaspace   ] GC(107) Metaspace: 34836K(35456K)->34836K(35456K) NonClass: 25657K(26112K)->25657K(26112K) Class: 9179K(9344K)->9179K(9344K)
[59.580s][info][gc             ] GC(107) Pause Young (Allocation Failure) 322M->142M(400M) 43.408ms
[59.580s][info][gc,cpu         ] GC(107) User=0.08s Sys=0.01s Real=0.04s
[59.866s][info][gc,start       ] GC(108) Pause Young (Allocation Failure)
[59.923s][info][gc,heap        ] GC(108) PSYoungGen: 235008K(235008K)->15872K(250368K) Eden: 226816K(226816K)->0K(234496K) From: 8192K(8192K)->15872K(15872K)
[59.923s][info][gc,heap        ] GC(108) ParOldGen: 137419K(175104K)->147595K(175104K)
[59.923s][info][gc,metaspace   ] GC(108) Metaspace: 34836K(35456K)->34836K(35456K) NonClass: 25657K(26112K)->25657K(26112K) Class: 9179K(9344K)->9179K(9344K)
[59.923s][info][gc             ] GC(108) Pause Young (Allocation Failure) 363M->159M(415M) 57.205ms
[59.923s][info][gc,cpu         ] GC(108) User=0.09s Sys=0.02s Real=0.06s
[60.041s][info][gc,start       ] GC(109) Pause Young (Allocation Failure)
[60.054s][info][gc,heap        ] GC(109) PSYoungGen: 250368K(250368K)->5728K(257536K) Eden: 234496K(234496K)->0K(234496K) From: 15872K(15872K)->5728K(23040K)
[60.054s][info][gc,heap        ] GC(109) ParOldGen: 147595K(175104K)->147867K(175104K)
[60.054s][info][gc,metaspace   ] GC(109) Metaspace: 34836K(35456K)->34836K(35456K) NonClass: 25657K(26112K)->25657K(26112K) Class: 9179K(9344K)->9179K(9344K)
[60.054s][info][gc             ] GC(109) Pause Young (Allocation Failure) 388M->149M(422M) 13.074ms
[60.054s][info][gc,cpu         ] GC(109) User=0.03s Sys=0.00s Real=0.02s
[60.466s][info][gc,start       ] GC(110) Pause Young (Allocation Failure)
[60.467s][info][gc,heap        ] GC(110) PSYoungGen: 240224K(257536K)->64K(301568K) Eden: 234496K(234496K)->0K(281600K) From: 5728K(23040K)->64K(19968K)
[60.467s][info][gc,heap        ] GC(110) ParOldGen: 147867K(175104K)->147875K(175104K)
[60.467s][info][gc,metaspace   ] GC(110) Metaspace: 34836K(35456K)->34836K(35456K) NonClass: 25657K(26112K)->25657K(26112K) Class: 9179K(9344K)->9179K(9344K)
[60.467s][info][gc             ] GC(110) Pause Young (Allocation Failure) 378M->144M(465M) 0.929ms
[60.467s][info][gc,cpu         ] GC(110) User=0.00s Sys=0.00s Real=0.00s
[61.239s][info][gc,start       ] GC(111) Pause Young (Allocation Failure)
[61.241s][info][gc,heap        ] GC(111) PSYoungGen: 281664K(301568K)->64K(302080K) Eden: 281600K(281600K)->0K(281600K) From: 64K(19968K)->64K(20480K)
[61.241s][info][gc,heap        ] GC(111) ParOldGen: 147875K(175104K)->147883K(175104K)
[61.241s][info][gc,metaspace   ] GC(111) Metaspace: 34869K(35520K)->34869K(35520K) NonClass: 25690K(26176K)->25690K(26176K) Class: 9179K(9344K)->9179K(9344K)
[61.241s][info][gc             ] GC(111) Pause Young (Allocation Failure) 419M->144M(466M) 2.316ms
[61.241s][info][gc,cpu         ] GC(111) User=0.01s Sys=0.00s Real=0.00s
[61.937s][info][gc,start       ] GC(112) Pause Young (Allocation Failure)
[61.938s][info][gc,heap        ] GC(112) PSYoungGen: 281664K(302080K)->64K(312320K) Eden: 281600K(281600K)->0K(293376K) From: 64K(20480K)->64K(18944K)
[61.938s][info][gc,heap        ] GC(112) ParOldGen: 147883K(175104K)->147899K(175104K)
[61.938s][info][gc,metaspace   ] GC(112) Metaspace: 34869K(35520K)->34869K(35520K) NonClass: 25690K(26176K)->25690K(26176K) Class: 9179K(9344K)->9179K(9344K)
[61.938s][info][gc             ] GC(112) Pause Young (Allocation Failure) 419M->144M(476M) 1.328ms
[61.938s][info][gc,cpu         ] GC(112) User=0.00s Sys=0.00s Real=0.00s
[62.264s][info][gc,start       ] GC(113) Pause Young (Allocation Failure)
[62.265s][info][gc,heap        ] GC(113) PSYoungGen: 293440K(312320K)->64K(312832K) Eden: 293376K(293376K)->0K(293376K) From: 64K(18944K)->64K(19456K)
[62.265s][info][gc,heap        ] GC(113) ParOldGen: 147899K(175104K)->147915K(175104K)
[62.265s][info][gc,metaspace   ] GC(113) Metaspace: 34901K(35520K)->34901K(35520K) NonClass: 25722K(26176K)->25722K(26176K) Class: 9179K(9344K)->9179K(9344K)
[62.265s][info][gc             ] GC(113) Pause Young (Allocation Failure) 430M->144M(476M) 1.043ms
[62.265s][info][gc,cpu         ] GC(113) User=0.00s Sys=0.00s Real=0.00s
[62.532s][info][gc,start       ] GC(114) Pause Young (Allocation Failure)
[62.533s][info][gc,heap        ] GC(114) PSYoungGen: 293440K(312832K)->64K(313856K) Eden: 293376K(293376K)->0K(295936K) From: 64K(19456K)->64K(17920K)
[62.533s][info][gc,heap        ] GC(114) ParOldGen: 147915K(175104K)->147915K(175104K)
[62.533s][info][gc,metaspace   ] GC(114) Metaspace: 34901K(35520K)->34901K(35520K) NonClass: 25722K(26176K)->25722K(26176K) Class: 9179K(9344K)->9179K(9344K)
[62.533s][info][gc             ] GC(114) Pause Young (Allocation Failure) 431M->144M(477M) 0.996ms
[62.533s][info][gc,cpu         ] GC(114) User=0.01s Sys=0.00s Real=0.00s
[62.855s][info][gc,start       ] GC(115) Pause Young (Allocation Failure)
[62.856s][info][gc,heap        ] GC(115) PSYoungGen: 296000K(313856K)->64K(313856K) Eden: 295936K(295936K)->0K(295936K) From: 64K(17920K)->64K(17920K)
[62.856s][info][gc,heap        ] GC(115) ParOldGen: 147915K(175104K)->147915K(175104K)
[62.856s][info][gc,metaspace   ] GC(115) Metaspace: 34901K(35520K)->34901K(35520K) NonClass: 25722K(26176K)->25722K(26176K) Class: 9179K(9344K)->9179K(9344K)
[62.856s][info][gc             ] GC(115) Pause Young (Allocation Failure) 433M->144M(477M) 0.907ms
[62.856s][info][gc,cpu         ] GC(115) User=0.00s Sys=0.00s Real=0.00s
[62.911s][info][gc,start       ] GC(116) Pause Young (Allocation Failure)
[62.912s][info][gc,heap        ] GC(116) PSYoungGen: 296000K(313856K)->64K(314880K) Eden: 295936K(295936K)->0K(299008K) From: 64K(17920K)->64K(15872K)
[62.912s][info][gc,heap        ] GC(116) ParOldGen: 147915K(175104K)->147931K(175104K)
[62.912s][info][gc,metaspace   ] GC(116) Metaspace: 34901K(35520K)->34901K(35520K) NonClass: 25722K(26176K)->25722K(26176K) Class: 9179K(9344K)->9179K(9344K)
[62.912s][info][gc             ] GC(116) Pause Young (Allocation Failure) 433M->144M(478M) 0.920ms
[62.912s][info][gc,cpu         ] GC(116) User=0.00s Sys=0.00s Real=0.01s
[63.045s][info][gc,start       ] GC(117) Pause Young (Allocation Failure)
[63.045s][info][gc,heap        ] GC(117) PSYoungGen: 299072K(314880K)->64K(314880K) Eden: 299008K(299008K)->0K(299008K) From: 64K(15872K)->64K(15872K)
[63.046s][info][gc,heap        ] GC(117) ParOldGen: 147931K(175104K)->147931K(175104K)
[63.046s][info][gc,metaspace   ] GC(117) Metaspace: 34901K(35520K)->34901K(35520K) NonClass: 25722K(26176K)->25722K(26176K) Class: 9179K(9344K)->9179K(9344K)
[63.046s][info][gc             ] GC(117) Pause Young (Allocation Failure) 436M->144M(478M) 1.022ms
[63.046s][info][gc,cpu         ] GC(117) User=0.00s Sys=0.00s Real=0.00s
[63.397s][info][gc,start       ] GC(118) Pause Young (Allocation Failure)
[63.398s][info][gc,heap        ] GC(118) PSYoungGen: 299072K(314880K)->64K(316416K) Eden: 299008K(299008K)->0K(302592K) From: 64K(15872K)->64K(13824K)
[63.398s][info][gc,heap        ] GC(118) ParOldGen: 147931K(175104K)->147947K(175104K)
[63.398s][info][gc,metaspace   ] GC(118) Metaspace: 34901K(35520K)->34901K(35520K) NonClass: 25722K(26176K)->25722K(26176K) Class: 9179K(9344K)->9179K(9344K)
[63.398s][info][gc             ] GC(118) Pause Young (Allocation Failure) 436M->144M(480M) 1.037ms
[63.398s][info][gc,cpu         ] GC(118) User=0.00s Sys=0.00s Real=0.00s
[63.609s][info][gc,start       ] GC(119) Pause Young (Allocation Failure)
[63.610s][info][gc,heap        ] GC(119) PSYoungGen: 302656K(316416K)->64K(290816K) Eden: 302592K(302592K)->0K(290304K) From: 64K(13824K)->64K(512K)
[63.610s][info][gc,heap        ] GC(119) ParOldGen: 147947K(175104K)->147947K(175104K)
[63.610s][info][gc,metaspace   ] GC(119) Metaspace: 34901K(35520K)->34901K(35520K) NonClass: 25722K(26176K)->25722K(26176K) Class: 9179K(9344K)->9179K(9344K)
[63.610s][info][gc             ] GC(119) Pause Young (Allocation Failure) 440M->144M(455M) 0.994ms
[63.610s][info][gc,cpu         ] GC(119) User=0.00s Sys=0.00s Real=0.00s
[63.693s][info][gc,start       ] GC(120) Pause Young (Allocation Failure)
[63.695s][info][gc,heap        ] GC(120) PSYoungGen: 290368K(290816K)->32K(305152K) Eden: 290304K(290304K)->0K(291840K) From: 64K(512K)->32K(13312K)
[63.695s][info][gc,heap        ] GC(120) ParOldGen: 147947K(175104K)->147963K(175104K)
[63.695s][info][gc,metaspace   ] GC(120) Metaspace: 34901K(35520K)->34901K(35520K) NonClass: 25722K(26176K)->25722K(26176K) Class: 9179K(9344K)->9179K(9344K)
[63.695s][info][gc             ] GC(120) Pause Young (Allocation Failure) 428M->144M(469M) 1.632ms
[63.695s][info][gc,cpu         ] GC(120) User=0.00s Sys=0.00s Real=0.00s
[63.905s][info][gc,start       ] GC(121) Pause Young (Allocation Failure)
[63.906s][info][gc,heap        ] GC(121) PSYoungGen: 291872K(305152K)->64K(280576K) Eden: 291840K(291840K)->0K(280064K) From: 32K(13312K)->64K(512K)
[63.907s][info][gc,heap        ] GC(121) ParOldGen: 147963K(175104K)->147963K(175104K)
[63.907s][info][gc,metaspace   ] GC(121) Metaspace: 34901K(35520K)->34901K(35520K) NonClass: 25722K(26176K)->25722K(26176K) Class: 9179K(9344K)->9179K(9344K)
[63.907s][info][gc             ] GC(121) Pause Young (Allocation Failure) 429M->144M(445M) 1.592ms
[63.907s][info][gc,cpu         ] GC(121) User=0.00s Sys=0.00s Real=0.00s
[64.918s][info][gc,start       ] GC(122) Pause Young (Allocation Failure)
[64.920s][info][gc,heap        ] GC(122) PSYoungGen: 280128K(280576K)->64K(269312K) Eden: 280064K(280064K)->0K(268800K) From: 64K(512K)->64K(512K)
[64.920s][info][gc,heap        ] GC(122) ParOldGen: 147963K(175104K)->147979K(175104K)
[64.920s][info][gc,metaspace   ] GC(122) Metaspace: 34969K(35584K)->34969K(35584K) NonClass: 25790K(26240K)->25790K(26240K) Class: 9179K(9344K)->9179K(9344K)
[64.920s][info][gc             ] GC(122) Pause Young (Allocation Failure) 418M->144M(434M) 2.182ms
[64.920s][info][gc,cpu         ] GC(122) User=0.00s Sys=0.00s Real=0.00s
[65.517s][info][gc,start       ] GC(123) Pause Young (Allocation Failure)
[65.519s][info][gc,heap        ] GC(123) PSYoungGen: 268864K(269312K)->64K(269312K) Eden: 268800K(268800K)->0K(258048K) From: 64K(512K)->64K(11264K)
[65.519s][info][gc,heap        ] GC(123) ParOldGen: 147979K(175104K)->147995K(175104K)
[65.519s][info][gc,metaspace   ] GC(123) Metaspace: 34969K(35584K)->34969K(35584K) NonClass: 25790K(26240K)->25790K(26240K) Class: 9179K(9344K)->9179K(9344K)
[65.519s][info][gc             ] GC(123) Pause Young (Allocation Failure) 407M->144M(434M) 1.585ms
[65.519s][info][gc,cpu         ] GC(123) User=0.00s Sys=0.00s Real=0.00s
[66.099s][info][gc,start       ] GC(124) Pause Young (Allocation Failure)
[66.101s][info][gc,heap        ] GC(124) PSYoungGen: 258112K(269312K)->64K(248320K) Eden: 258048K(258048K)->0K(247808K) From: 64K(11264K)->64K(512K)
[66.101s][info][gc,heap        ] GC(124) ParOldGen: 147995K(175104K)->148011K(175104K)
[66.101s][info][gc,metaspace   ] GC(124) Metaspace: 34969K(35584K)->34969K(35584K) NonClass: 25790K(26240K)->25790K(26240K) Class: 9179K(9344K)->9179K(9344K)
[66.101s][info][gc             ] GC(124) Pause Young (Allocation Failure) 396M->144M(413M) 2.254ms
[66.101s][info][gc,cpu         ] GC(124) User=0.00s Sys=0.00s Real=0.00s
[66.630s][info][gc,start       ] GC(125) Pause Young (Allocation Failure)
[66.631s][info][gc,heap        ] GC(125) PSYoungGen: 247872K(248320K)->32K(247808K) Eden: 247808K(247808K)->0K(238080K) From: 64K(512K)->32K(9728K)
[66.631s][info][gc,heap        ] GC(125) ParOldGen: 148011K(175104K)->148019K(175104K)
[66.631s][info][gc,metaspace   ] GC(125) Metaspace: 34971K(35648K)->34971K(35648K) NonClass: 25791K(26304K)->25791K(26304K) Class: 9179K(9344K)->9179K(9344K)
[66.631s][info][gc             ] GC(125) Pause Young (Allocation Failure) 386M->144M(413M) 1.405ms
[66.631s][info][gc,cpu         ] GC(125) User=0.00s Sys=0.00s Real=0.00s
[67.901s][info][gc,start       ] GC(126) Pause Young (Allocation Failure)
[67.903s][info][gc,heap        ] GC(126) PSYoungGen: 238112K(247808K)->64K(229376K) Eden: 238080K(238080K)->0K(228864K) From: 32K(9728K)->64K(512K)
[67.903s][info][gc,heap        ] GC(126) ParOldGen: 148019K(175104K)->148027K(175104K)
[67.903s][info][gc,metaspace   ] GC(126) Metaspace: 34973K(35648K)->34973K(35648K) NonClass: 25794K(26304K)->25794K(26304K) Class: 9179K(9344K)->9179K(9344K)
[67.903s][info][gc             ] GC(126) Pause Young (Allocation Failure) 377M->144M(395M) 1.957ms
[67.903s][info][gc,cpu         ] GC(126) User=0.00s Sys=0.01s Real=0.01s
[68.380s][info][gc,start       ] GC(127) Pause Young (Allocation Failure)
[68.381s][info][gc,heap        ] GC(127) PSYoungGen: 228928K(229376K)->64K(228864K) Eden: 228864K(228864K)->0K(220160K) From: 64K(512K)->64K(8704K)
[68.381s][info][gc,heap        ] GC(127) ParOldGen: 148027K(175104K)->148043K(175104K)
[68.381s][info][gc,metaspace   ] GC(127) Metaspace: 34983K(35648K)->34983K(35648K) NonClass: 25804K(26304K)->25804K(26304K) Class: 9179K(9344K)->9179K(9344K)
[68.381s][info][gc             ] GC(127) Pause Young (Allocation Failure) 368M->144M(394M) 1.485ms
[68.381s][info][gc,cpu         ] GC(127) User=0.00s Sys=0.00s Real=0.00s
[68.559s][info][gc,start       ] GC(128) Pause Young (Allocation Failure)
[68.561s][info][gc,heap        ] GC(128) PSYoungGen: 220224K(228864K)->64K(212480K) Eden: 220160K(220160K)->0K(211968K) From: 64K(8704K)->64K(512K)
[68.561s][info][gc,heap        ] GC(128) ParOldGen: 148043K(175104K)->148059K(175104K)
[68.561s][info][gc,metaspace   ] GC(128) Metaspace: 34983K(35648K)->34983K(35648K) NonClass: 25804K(26304K)->25804K(26304K) Class: 9179K(9344K)->9179K(9344K)
[68.561s][info][gc             ] GC(128) Pause Young (Allocation Failure) 359M->144M(378M) 1.516ms
[68.561s][info][gc,cpu         ] GC(128) User=0.00s Sys=0.00s Real=0.00s
[68.755s][info][gc,start       ] GC(129) Pause Young (Allocation Failure)
[68.756s][info][gc,heap        ] GC(129) PSYoungGen: 212032K(212480K)->64K(211968K) Eden: 211968K(211968K)->0K(204288K) From: 64K(512K)->64K(7680K)
[68.756s][info][gc,heap        ] GC(129) ParOldGen: 148059K(175104K)->148075K(175104K)
[68.756s][info][gc,metaspace   ] GC(129) Metaspace: 34983K(35648K)->34983K(35648K) NonClass: 25804K(26304K)->25804K(26304K) Class: 9179K(9344K)->9179K(9344K)
[68.756s][info][gc             ] GC(129) Pause Young (Allocation Failure) 351M->144M(378M) 1.425ms
[68.756s][info][gc,cpu         ] GC(129) User=0.00s Sys=0.00s Real=0.00s
[69.309s][info][gc,start       ] GC(130) Pause Young (Allocation Failure)
[69.311s][info][gc,heap        ] GC(130) PSYoungGen: 204352K(211968K)->64K(197120K) Eden: 204288K(204288K)->0K(196608K) From: 64K(7680K)->64K(512K)
[69.311s][info][gc,heap        ] GC(130) ParOldGen: 148075K(175104K)->148083K(175104K)
[69.311s][info][gc,metaspace   ] GC(130) Metaspace: 34983K(35648K)->34983K(35648K) NonClass: 25804K(26304K)->25804K(26304K) Class: 9179K(9344K)->9179K(9344K)
[69.311s][info][gc             ] GC(130) Pause Young (Allocation Failure) 344M->144M(363M) 2.290ms
[69.311s][info][gc,cpu         ] GC(130) User=0.00s Sys=0.00s Real=0.00s
[69.529s][info][gc,start       ] GC(131) Pause Young (Allocation Failure)
[69.531s][info][gc,heap        ] GC(131) PSYoungGen: 196671K(197120K)->64K(196096K) Eden: 196607K(196608K)->0K(189440K) From: 64K(512K)->64K(6656K)
[69.531s][info][gc,heap        ] GC(131) ParOldGen: 148083K(175104K)->148099K(175104K)
[69.531s][info][gc,metaspace   ] GC(131) Metaspace: 34983K(35648K)->34983K(35648K) NonClass: 25804K(26304K)->25804K(26304K) Class: 9179K(9344K)->9179K(9344K)
[69.531s][info][gc             ] GC(131) Pause Young (Allocation Failure) 336M->144M(362M) 1.674ms
[69.531s][info][gc,cpu         ] GC(131) User=0.00s Sys=0.00s Real=0.00s
[69.836s][info][gc,start       ] GC(132) Pause Young (Allocation Failure)
[69.870s][info][gc,heap        ] GC(132) PSYoungGen: 189504K(196096K)->6144K(233472K) Eden: 189440K(189440K)->0K(227328K) From: 64K(6656K)->6144K(6144K)
[69.870s][info][gc,heap        ] GC(132) ParOldGen: 148099K(175104K)->153955K(175104K)
[69.870s][info][gc,metaspace   ] GC(132) Metaspace: 34983K(35648K)->34983K(35648K) NonClass: 25804K(26304K)->25804K(26304K) Class: 9179K(9344K)->9179K(9344K)
[69.870s][info][gc             ] GC(132) Pause Young (Allocation Failure) 329M->156M(399M) 34.618ms
[69.870s][info][gc,cpu         ] GC(132) User=0.07s Sys=0.01s Real=0.03s
[70.154s][info][gc,start       ] GC(133) Pause Young (Allocation Failure)
[70.206s][info][gc,heap        ] GC(133) PSYoungGen: 233472K(233472K)->9728K(250880K) Eden: 227328K(227328K)->0K(241152K) From: 6144K(6144K)->9728K(9728K)
[70.206s][info][gc,heap        ] GC(133) ParOldGen: 153955K(175104K)->170107K(175104K)
[70.206s][info][gc,metaspace   ] GC(133) Metaspace: 34983K(35648K)->34983K(35648K) NonClass: 25804K(26304K)->25804K(26304K) Class: 9179K(9344K)->9179K(9344K)
[70.206s][info][gc             ] GC(133) Pause Young (Allocation Failure) 378M->175M(416M) 51.911ms
[70.206s][info][gc,cpu         ] GC(133) User=0.10s Sys=0.01s Real=0.05s
[70.489s][info][gc,start       ] GC(134) Pause Young (Allocation Failure)
[70.546s][info][gc,heap        ] GC(134) PSYoungGen: 250880K(250880K)->17920K(284160K) Eden: 241152K(241152K)->0K(266240K) From: 9728K(9728K)->17920K(17920K)
[70.546s][info][gc,heap        ] GC(134) ParOldGen: 170107K(175104K)->177531K(177664K)
[70.546s][info][gc,metaspace   ] GC(134) Metaspace: 34983K(35648K)->34983K(35648K) NonClass: 25804K(26304K)->25804K(26304K) Class: 9179K(9344K)->9179K(9344K)
[70.546s][info][gc             ] GC(134) Pause Young (Allocation Failure) 411M->190M(451M) 57.169ms
[70.546s][info][gc,cpu         ] GC(134) User=0.10s Sys=0.02s Real=0.06s
[70.660s][info][gc,start       ] GC(135) Pause Young (Allocation Failure)
[70.663s][info][gc,heap        ] GC(135) PSYoungGen: 284160K(284160K)->32K(290816K) Eden: 266240K(266240K)->0K(266240K) From: 17920K(17920K)->32K(24576K)
[70.663s][info][gc,heap        ] GC(135) ParOldGen: 177531K(177664K)->177731K(178176K)
[70.663s][info][gc,metaspace   ] GC(135) Metaspace: 34983K(35648K)->34983K(35648K) NonClass: 25804K(26304K)->25804K(26304K) Class: 9179K(9344K)->9179K(9344K)
[70.663s][info][gc             ] GC(135) Pause Young (Allocation Failure) 450M->173M(458M) 3.476ms
[70.663s][info][gc,cpu         ] GC(135) User=0.00s Sys=0.00s Real=0.01s
[71.339s][info][gc,start       ] GC(136) Pause Young (Allocation Failure)
[71.340s][info][gc,heap        ] GC(136) PSYoungGen: 266272K(290816K)->64K(307200K) Eden: 266240K(266240K)->0K(285696K) From: 32K(24576K)->64K(21504K)
[71.340s][info][gc,heap        ] GC(136) ParOldGen: 177731K(178176K)->177739K(178176K)
[71.340s][info][gc,metaspace   ] GC(136) Metaspace: 34983K(35648K)->34983K(35648K) NonClass: 25804K(26304K)->25804K(26304K) Class: 9179K(9344K)->9179K(9344K)
[71.340s][info][gc             ] GC(136) Pause Young (Allocation Failure) 433M->173M(474M) 1.019ms
[71.340s][info][gc,cpu         ] GC(136) User=0.00s Sys=0.00s Real=0.00s
[71.825s][info][gc,start       ] GC(137) Pause Young (Allocation Failure)
[71.827s][info][gc,heap        ] GC(137) PSYoungGen: 285760K(307200K)->64K(308736K) Eden: 285696K(285696K)->0K(285696K) From: 64K(21504K)->64K(23040K)
[71.827s][info][gc,heap        ] GC(137) ParOldGen: 177739K(178176K)->177747K(178176K)
[71.827s][info][gc,metaspace   ] GC(137) Metaspace: 35015K(35648K)->35015K(35648K) NonClass: 25836K(26304K)->25836K(26304K) Class: 9179K(9344K)->9179K(9344K)
[71.827s][info][gc             ] GC(137) Pause Young (Allocation Failure) 452M->173M(475M) 2.042ms
[71.827s][info][gc,cpu         ] GC(137) User=0.01s Sys=0.00s Real=0.00s
[72.355s][info][gc,start       ] GC(138) Pause Young (Allocation Failure)
[72.358s][info][gc,heap        ] GC(138) PSYoungGen: 285760K(308736K)->64K(308224K) Eden: 285696K(285696K)->0K(288768K) From: 64K(23040K)->64K(19456K)
[72.358s][info][gc,heap        ] GC(138) ParOldGen: 177747K(178176K)->177763K(178176K)
[72.358s][info][gc,metaspace   ] GC(138) Metaspace: 35015K(35648K)->35015K(35648K) NonClass: 25836K(26304K)->25836K(26304K) Class: 9179K(9344K)->9179K(9344K)
[72.358s][info][gc             ] GC(138) Pause Young (Allocation Failure) 452M->173M(475M) 2.860ms
[72.358s][info][gc,cpu         ] GC(138) User=0.00s Sys=0.00s Real=0.00s
[72.623s][info][gc,start       ] GC(139) Pause Young (Allocation Failure)
[72.624s][info][gc,heap        ] GC(139) PSYoungGen: 288832K(308224K)->64K(309760K) Eden: 288768K(288768K)->0K(288768K) From: 64K(19456K)->64K(20992K)
[72.624s][info][gc,heap        ] GC(139) ParOldGen: 177763K(178176K)->177779K(178176K)
[72.624s][info][gc,metaspace   ] GC(139) Metaspace: 35015K(35648K)->35015K(35648K) NonClass: 25836K(26304K)->25836K(26304K) Class: 9179K(9344K)->9179K(9344K)
[72.624s][info][gc             ] GC(139) Pause Young (Allocation Failure) 455M->173M(476M) 1.070ms
[72.624s][info][gc,cpu         ] GC(139) User=0.00s Sys=0.00s Real=0.00s
[73.015s][info][gc,start       ] GC(140) Pause Young (Allocation Failure)
[73.016s][info][gc,heap        ] GC(140) PSYoungGen: 288832K(309760K)->64K(310272K) Eden: 288768K(288768K)->0K(292864K) From: 64K(20992K)->64K(17408K)
[73.016s][info][gc,heap        ] GC(140) ParOldGen: 177779K(178176K)->177779K(178176K)
[73.016s][info][gc,metaspace   ] GC(140) Metaspace: 35015K(35648K)->35015K(35648K) NonClass: 25836K(26304K)->25836K(26304K) Class: 9179K(9344K)->9179K(9344K)
[73.016s][info][gc             ] GC(140) Pause Young (Allocation Failure) 455M->173M(477M) 1.022ms
[73.016s][info][gc,cpu         ] GC(140) User=0.00s Sys=0.00s Real=0.00s
[73.104s][info][gc,start       ] GC(141) Pause Young (Allocation Failure)
[73.105s][info][gc,heap        ] GC(141) PSYoungGen: 292928K(310272K)->64K(311808K) Eden: 292864K(292864K)->0K(292864K) From: 64K(17408K)->64K(18944K)
[73.105s][info][gc,heap        ] GC(141) ParOldGen: 177779K(178176K)->177787K(178176K)
[73.105s][info][gc,metaspace   ] GC(141) Metaspace: 35015K(35648K)->35015K(35648K) NonClass: 25836K(26304K)->25836K(26304K) Class: 9179K(9344K)->9179K(9344K)
[73.105s][info][gc             ] GC(141) Pause Young (Allocation Failure) 459M->173M(478M) 1.059ms
[73.105s][info][gc,cpu         ] GC(141) User=0.00s Sys=0.00s Real=0.00s
[73.160s][info][gc,start       ] GC(142) Pause Young (Allocation Failure)
[73.161s][info][gc,heap        ] GC(142) PSYoungGen: 292928K(311808K)->64K(312320K) Eden: 292864K(292864K)->0K(296960K) From: 64K(18944K)->64K(15360K)
[73.161s][info][gc,heap        ] GC(142) ParOldGen: 177787K(178176K)->177803K(178176K)
[73.161s][info][gc,metaspace   ] GC(142) Metaspace: 35015K(35648K)->35015K(35648K) NonClass: 25836K(26304K)->25836K(26304K) Class: 9179K(9344K)->9179K(9344K)
[73.161s][info][gc             ] GC(142) Pause Young (Allocation Failure) 459M->173M(479M) 1.010ms
[73.161s][info][gc,cpu         ] GC(142) User=0.00s Sys=0.00s Real=0.00s
[73.401s][info][gc,start       ] GC(143) Pause Young (Allocation Failure)
[73.402s][info][gc,heap        ] GC(143) PSYoungGen: 297024K(312320K)->64K(313856K) Eden: 296960K(296960K)->0K(296960K) From: 64K(15360K)->64K(16896K)
[73.402s][info][gc,heap        ] GC(143) ParOldGen: 177803K(178176K)->177803K(178176K)
[73.402s][info][gc,metaspace   ] GC(143) Metaspace: 35031K(35712K)->35031K(35712K) NonClass: 25852K(26368K)->25852K(26368K) Class: 9179K(9344K)->9179K(9344K)
[73.402s][info][gc             ] GC(143) Pause Young (Allocation Failure) 463M->173M(480M) 1.033ms
[73.402s][info][gc,cpu         ] GC(143) User=0.00s Sys=0.00s Real=0.01s
[73.697s][info][gc,start       ] GC(144) Pause Young (Allocation Failure)
[73.698s][info][gc,heap        ] GC(144) PSYoungGen: 297024K(313856K)->64K(314368K) Eden: 296960K(296960K)->0K(300544K) From: 64K(16896K)->64K(13824K)
[73.698s][info][gc,heap        ] GC(144) ParOldGen: 177803K(178176K)->177811K(178176K)
[73.698s][info][gc,metaspace   ] GC(144) Metaspace: 35036K(35712K)->35036K(35712K) NonClass: 25857K(26368K)->25857K(26368K) Class: 9179K(9344K)->9179K(9344K)
[73.698s][info][gc             ] GC(144) Pause Young (Allocation Failure) 463M->173M(481M) 1.087ms
[73.698s][info][gc,cpu         ] GC(144) User=0.00s Sys=0.00s Real=0.00s
[73.831s][info][gc,start       ] GC(145) Pause Young (Allocation Failure)
[73.832s][info][gc,heap        ] GC(145) PSYoungGen: 300608K(314368K)->64K(288768K) Eden: 300544K(300544K)->0K(288256K) From: 64K(13824K)->64K(512K)
[73.832s][info][gc,heap        ] GC(145) ParOldGen: 177811K(178176K)->177819K(178176K)
[73.832s][info][gc,metaspace   ] GC(145) Metaspace: 35036K(35712K)->35036K(35712K) NonClass: 25857K(26368K)->25857K(26368K) Class: 9179K(9344K)->9179K(9344K)
[73.832s][info][gc             ] GC(145) Pause Young (Allocation Failure) 467M->173M(456M) 1.110ms
[73.832s][info][gc,cpu         ] GC(145) User=0.01s Sys=0.00s Real=0.01s
[73.949s][info][gc,start       ] GC(146) Pause Young (Allocation Failure)
[73.950s][info][gc,heap        ] GC(146) PSYoungGen: 288320K(288768K)->64K(277504K) Eden: 288256K(288256K)->0K(276992K) From: 64K(512K)->64K(512K)
[73.950s][info][gc,heap        ] GC(146) ParOldGen: 177819K(178176K)->177827K(178176K)
[73.950s][info][gc,metaspace   ] GC(146) Metaspace: 35036K(35712K)->35036K(35712K) NonClass: 25857K(26368K)->25857K(26368K) Class: 9179K(9344K)->9179K(9344K)
[73.950s][info][gc             ] GC(146) Pause Young (Allocation Failure) 455M->173M(445M) 1.369ms
[73.950s][info][gc,cpu         ] GC(146) User=0.00s Sys=0.00s Real=0.00s
[74.179s][info][gc,start       ] GC(147) Pause Young (Allocation Failure)
[74.180s][info][gc,heap        ] GC(147) PSYoungGen: 277056K(277504K)->64K(279552K) Eden: 276992K(276992K)->0K(266240K) From: 64K(512K)->64K(13312K)
[74.180s][info][gc,heap        ] GC(147) ParOldGen: 177827K(178176K)->177835K(178176K)
[74.180s][info][gc,metaspace   ] GC(147) Metaspace: 35036K(35712K)->35036K(35712K) NonClass: 25857K(26368K)->25857K(26368K) Class: 9179K(9344K)->9179K(9344K)
[74.180s][info][gc             ] GC(147) Pause Young (Allocation Failure) 444M->173M(447M) 1.023ms
[74.180s][info][gc,cpu         ] GC(147) User=0.00s Sys=0.00s Real=0.00s
[75.097s][info][gc,start       ] GC(148) Pause Young (Allocation Failure)
[75.098s][info][gc,heap        ] GC(148) PSYoungGen: 266304K(279552K)->64K(256512K) Eden: 266240K(266240K)->0K(256000K) From: 64K(13312K)->64K(512K)
[75.098s][info][gc,heap        ] GC(148) ParOldGen: 177835K(178176K)->177843K(178176K)
[75.098s][info][gc,metaspace   ] GC(148) Metaspace: 35036K(35712K)->35036K(35712K) NonClass: 25857K(26368K)->25857K(26368K) Class: 9179K(9344K)->9179K(9344K)
[75.099s][info][gc             ] GC(148) Pause Young (Allocation Failure) 433M->173M(424M) 1.939ms
[75.099s][info][gc,cpu         ] GC(148) User=0.00s Sys=0.00s Real=0.00s
[76.058s][info][gc,start       ] GC(149) Pause Young (Allocation Failure)
[76.060s][info][gc,heap        ] GC(149) PSYoungGen: 256064K(256512K)->64K(258048K) Eden: 256000K(256000K)->0K(246272K) From: 64K(512K)->64K(11776K)
[76.060s][info][gc,heap        ] GC(149) ParOldGen: 177843K(178176K)->177851K(178176K)
[76.060s][info][gc,metaspace   ] GC(149) Metaspace: 35036K(35712K)->35036K(35712K) NonClass: 25857K(26368K)->25857K(26368K) Class: 9179K(9344K)->9179K(9344K)
[76.060s][info][gc             ] GC(149) Pause Young (Allocation Failure) 423M->173M(426M) 1.742ms
[76.060s][info][gc,cpu         ] GC(149) User=0.00s Sys=0.00s Real=0.00s
[76.428s][info][gc,start       ] GC(150) Pause Young (Allocation Failure)
[76.431s][info][gc,heap        ] GC(150) PSYoungGen: 246336K(258048K)->64K(237568K) Eden: 246272K(246272K)->0K(237056K) From: 64K(11776K)->64K(512K)
[76.431s][info][gc,heap        ] GC(150) ParOldGen: 177851K(178176K)->177867K(178176K)
[76.431s][info][gc,metaspace   ] GC(150) Metaspace: 35036K(35712K)->35036K(35712K) NonClass: 25857K(26368K)->25857K(26368K) Class: 9179K(9344K)->9179K(9344K)
[76.431s][info][gc             ] GC(150) Pause Young (Allocation Failure) 414M->173M(406M) 2.465ms
[76.431s][info][gc,cpu         ] GC(150) User=0.00s Sys=0.00s Real=0.00s
[76.930s][info][gc,start       ] GC(151) Pause Young (Allocation Failure)
[76.932s][info][gc,heap        ] GC(151) PSYoungGen: 237120K(237568K)->64K(238080K) Eden: 237056K(237056K)->0K(227840K) From: 64K(512K)->64K(10240K)
[76.932s][info][gc,heap        ] GC(151) ParOldGen: 177867K(178176K)->177883K(178176K)
[76.932s][info][gc,metaspace   ] GC(151) Metaspace: 35036K(35712K)->35036K(35712K) NonClass: 25857K(26368K)->25857K(26368K) Class: 9179K(9344K)->9179K(9344K)
[76.932s][info][gc             ] GC(151) Pause Young (Allocation Failure) 405M->173M(406M) 1.654ms
[76.932s][info][gc,cpu         ] GC(151) User=0.00s Sys=0.00s Real=0.00s
[78.121s][info][gc,start       ] GC(152) Pause Young (Allocation Failure)
[78.125s][info][gc,heap        ] GC(152) PSYoungGen: 227904K(238080K)->64K(219648K) Eden: 227840K(227840K)->0K(219136K) From: 64K(10240K)->64K(512K)
[78.125s][info][gc,heap        ] GC(152) ParOldGen: 177883K(178176K)->177899K(178176K)
[78.125s][info][gc,metaspace   ] GC(152) Metaspace: 35067K(35712K)->35067K(35712K) NonClass: 25888K(26368K)->25888K(26368K) Class: 9179K(9344K)->9179K(9344K)
[78.125s][info][gc             ] GC(152) Pause Young (Allocation Failure) 396M->173M(388M) 3.527ms
[78.125s][info][gc,cpu         ] GC(152) User=0.01s Sys=0.00s Real=0.01s
[78.531s][info][gc,start       ] GC(153) Pause Young (Allocation Failure)
[78.533s][info][gc,heap        ] GC(153) PSYoungGen: 219200K(219648K)->64K(220160K) Eden: 219136K(219136K)->0K(210944K) From: 64K(512K)->64K(9216K)
[78.533s][info][gc,heap        ] GC(153) ParOldGen: 177899K(178176K)->177915K(178176K)
[78.533s][info][gc,metaspace   ] GC(153) Metaspace: 35068K(35712K)->35068K(35712K) NonClass: 25889K(26368K)->25889K(26368K) Class: 9179K(9344K)->9179K(9344K)
[78.533s][info][gc             ] GC(153) Pause Young (Allocation Failure) 387M->173M(389M) 1.672ms
[78.533s][info][gc,cpu         ] GC(153) User=0.01s Sys=0.00s Real=0.01s
[78.683s][info][gc,start       ] GC(154) Pause Young (Allocation Failure)
[78.685s][info][gc,heap        ] GC(154) PSYoungGen: 211008K(220160K)->64K(203776K) Eden: 210944K(210944K)->0K(203264K) From: 64K(9216K)->64K(512K)
[78.685s][info][gc,heap        ] GC(154) ParOldGen: 177915K(178176K)->177931K(178176K)
[78.685s][info][gc,metaspace   ] GC(154) Metaspace: 35068K(35712K)->35068K(35712K) NonClass: 25889K(26368K)->25889K(26368K) Class: 9179K(9344K)->9179K(9344K)
[78.685s][info][gc             ] GC(154) Pause Young (Allocation Failure) 379M->173M(373M) 2.201ms
[78.685s][info][gc,cpu         ] GC(154) User=0.01s Sys=0.00s Real=0.00s
[78.918s][info][gc,start       ] GC(155) Pause Young (Allocation Failure)
[78.920s][info][gc,heap        ] GC(155) PSYoungGen: 203328K(203776K)->64K(203264K) Eden: 203264K(203264K)->0K(195584K) From: 64K(512K)->64K(7680K)
[78.920s][info][gc,heap        ] GC(155) ParOldGen: 177931K(178176K)->177939K(178176K)
[78.920s][info][gc,metaspace   ] GC(155) Metaspace: 35068K(35712K)->35068K(35712K) NonClass: 25889K(26368K)->25889K(26368K) Class: 9179K(9344K)->9179K(9344K)
[78.920s][info][gc             ] GC(155) Pause Young (Allocation Failure) 372M->173M(372M) 1.666ms
[78.920s][info][gc,cpu         ] GC(155) User=0.00s Sys=0.00s Real=0.00s
[79.439s][info][gc,start       ] GC(156) Pause Young (Allocation Failure)
[79.442s][info][gc,heap        ] GC(156) PSYoungGen: 195648K(203264K)->64K(188928K) Eden: 195584K(195584K)->0K(188416K) From: 64K(7680K)->64K(512K)
[79.442s][info][gc,heap        ] GC(156) ParOldGen: 177939K(178176K)->177947K(178176K)
[79.442s][info][gc,metaspace   ] GC(156) Metaspace: 35068K(35712K)->35068K(35712K) NonClass: 25889K(26368K)->25889K(26368K) Class: 9179K(9344K)->9179K(9344K)
[79.442s][info][gc             ] GC(156) Pause Young (Allocation Failure) 364M->173M(358M) 2.895ms
[79.442s][info][gc,cpu         ] GC(156) User=0.00s Sys=0.00s Real=0.01s
[79.654s][info][gc,start       ] GC(157) Pause Young (Allocation Failure)
[79.655s][info][gc,heap        ] GC(157) PSYoungGen: 188480K(188928K)->64K(188416K) Eden: 188416K(188416K)->0K(181760K) From: 64K(512K)->64K(6656K)
[79.655s][info][gc,heap        ] GC(157) ParOldGen: 177947K(178176K)->177955K(178176K)
[79.655s][info][gc,metaspace   ] GC(157) Metaspace: 35068K(35712K)->35068K(35712K) NonClass: 25889K(26368K)->25889K(26368K) Class: 9179K(9344K)->9179K(9344K)
[79.655s][info][gc             ] GC(157) Pause Young (Allocation Failure) 357M->173M(358M) 1.340ms
[79.655s][info][gc,cpu         ] GC(157) User=0.01s Sys=0.00s Real=0.00s
[79.934s][info][gc,start       ] GC(158) Pause Young (Allocation Failure)
[79.963s][info][gc,heap        ] GC(158) PSYoungGen: 181824K(188416K)->6144K(224256K) Eden: 181760K(181760K)->0K(218112K) From: 64K(6656K)->6144K(6144K)
[79.963s][info][gc,heap        ] GC(158) ParOldGen: 177955K(178176K)->182947K(183296K)
[79.963s][info][gc,metaspace   ] GC(158) Metaspace: 35068K(35712K)->35068K(35712K) NonClass: 25889K(26368K)->25889K(26368K) Class: 9179K(9344K)->9179K(9344K)
[79.963s][info][gc             ] GC(158) Pause Young (Allocation Failure) 351M->184M(398M) 29.206ms
[79.963s][info][gc,cpu         ] GC(158) User=0.05s Sys=0.00s Real=0.03s
[80.248s][info][gc,start       ] GC(159) Pause Young (Allocation Failure)
[80.300s][info][gc,heap        ] GC(159) PSYoungGen: 224256K(224256K)->9728K(247808K) Eden: 218112K(218112K)->0K(238080K) From: 6144K(6144K)->9728K(9728K)
[80.301s][info][gc,heap        ] GC(159) ParOldGen: 182947K(183296K)->198035K(198144K)
[80.301s][info][gc,metaspace   ] GC(159) Metaspace: 35068K(35712K)->35068K(35712K) NonClass: 25889K(26368K)->25889K(26368K) Class: 9179K(9344K)->9179K(9344K)
[80.301s][info][gc             ] GC(159) Pause Young (Allocation Failure) 397M->202M(435M) 52.866ms
[80.301s][info][gc,cpu         ] GC(159) User=0.09s Sys=0.02s Real=0.05s
[80.598s][info][gc,start       ] GC(160) Pause Young (Allocation Failure)
[80.660s][info][gc,heap        ] GC(160) PSYoungGen: 247808K(247808K)->17408K(272384K) Eden: 238080K(238080K)->0K(254976K) From: 9728K(9728K)->17408K(17408K)
[80.660s][info][gc,heap        ] GC(160) ParOldGen: 198035K(198144K)->207851K(207872K)
[80.660s][info][gc,metaspace   ] GC(160) Metaspace: 35068K(35712K)->35068K(35712K) NonClass: 25889K(26368K)->25889K(26368K) Class: 9179K(9344K)->9179K(9344K)
[80.660s][info][gc             ] GC(160) Pause Young (Allocation Failure) 435M->219M(469M) 61.670ms
[80.660s][info][gc,cpu         ] GC(160) User=0.10s Sys=0.02s Real=0.06s
[80.749s][info][gc,start       ] GC(161) Pause Young (Allocation Failure)
[80.753s][info][gc,heap        ] GC(161) PSYoungGen: 272384K(272384K)->64K(279552K) Eden: 254976K(254976K)->0K(254976K) From: 17408K(17408K)->64K(24576K)
[80.753s][info][gc,heap        ] GC(161) ParOldGen: 207851K(207872K)->208115K(208384K)
[80.753s][info][gc,metaspace   ] GC(161) Metaspace: 35068K(35712K)->35068K(35712K) NonClass: 25889K(26368K)->25889K(26368K) Class: 9179K(9344K)->9179K(9344K)
[80.753s][info][gc             ] GC(161) Pause Young (Allocation Failure) 468M->203M(476M) 4.087ms
[80.753s][info][gc,cpu         ] GC(161) User=0.01s Sys=0.00s Real=0.01s
[81.360s][info][gc,start       ] GC(162) Pause Young (Allocation Failure)
[81.361s][info][gc,heap        ] GC(162) PSYoungGen: 255040K(279552K)->64K(306688K) Eden: 254976K(254976K)->0K(285184K) From: 64K(24576K)->64K(21504K)
[81.361s][info][gc,heap        ] GC(162) ParOldGen: 208115K(208384K)->208123K(208384K)
[81.361s][info][gc,metaspace   ] GC(162) Metaspace: 35068K(35712K)->35068K(35712K) NonClass: 25889K(26368K)->25889K(26368K) Class: 9179K(9344K)->9179K(9344K)
[81.361s][info][gc             ] GC(162) Pause Young (Allocation Failure) 452M->203M(503M) 1.109ms
[81.361s][info][gc,cpu         ] GC(162) User=0.00s Sys=0.00s Real=0.00s
[81.892s][info][gc,start       ] GC(163) Pause Young (Allocation Failure)
[81.893s][info][gc,heap        ] GC(163) PSYoungGen: 285248K(306688K)->64K(308224K) Eden: 285184K(285184K)->0K(285184K) From: 64K(21504K)->64K(23040K)
[81.893s][info][gc,heap        ] GC(163) ParOldGen: 208123K(208384K)->208139K(208384K)
[81.893s][info][gc,metaspace   ] GC(163) Metaspace: 35068K(35712K)->35068K(35712K) NonClass: 25889K(26368K)->25889K(26368K) Class: 9179K(9344K)->9179K(9344K)
[81.893s][info][gc             ] GC(163) Pause Young (Allocation Failure) 481M->203M(504M) 1.951ms
[81.894s][info][gc,cpu         ] GC(163) User=0.00s Sys=0.00s Real=0.01s
[82.401s][info][gc,start       ] GC(164) Pause Young (Allocation Failure)
[82.403s][info][gc,heap        ] GC(164) PSYoungGen: 285248K(308224K)->64K(308224K) Eden: 285184K(285184K)->0K(288768K) From: 64K(23040K)->64K(19456K)
[82.403s][info][gc,heap        ] GC(164) ParOldGen: 208139K(208384K)->208155K(208384K)
[82.403s][info][gc,metaspace   ] GC(164) Metaspace: 35068K(35712K)->35068K(35712K) NonClass: 25889K(26368K)->25889K(26368K) Class: 9179K(9344K)->9179K(9344K)
[82.403s][info][gc             ] GC(164) Pause Young (Allocation Failure) 481M->203M(504M) 1.914ms
[82.403s][info][gc,cpu         ] GC(164) User=0.00s Sys=0.00s Real=0.01s
[82.676s][info][gc,start       ] GC(165) Pause Young (Allocation Failure)
[82.678s][info][gc,heap        ] GC(165) PSYoungGen: 288832K(308224K)->32K(309760K) Eden: 288768K(288768K)->0K(288768K) From: 64K(19456K)->32K(20992K)
[82.678s][info][gc,heap        ] GC(165) ParOldGen: 208155K(208384K)->208171K(208384K)
[82.678s][info][gc,metaspace   ] GC(165) Metaspace: 35068K(35712K)->35068K(35712K) NonClass: 25889K(26368K)->25889K(26368K) Class: 9179K(9344K)->9179K(9344K)
[82.678s][info][gc             ] GC(165) Pause Young (Allocation Failure) 485M->203M(506M) 1.993ms
[82.678s][info][gc,cpu         ] GC(165) User=0.01s Sys=0.00s Real=0.00s
[83.065s][info][gc,start       ] GC(166) Pause Young (Allocation Failure)
[83.066s][info][gc,heap        ] GC(166) PSYoungGen: 288800K(309760K)->64K(310272K) Eden: 288768K(288768K)->0K(292352K) From: 32K(20992K)->64K(17920K)
[83.066s][info][gc,heap        ] GC(166) ParOldGen: 208171K(208384K)->208171K(208384K)
[83.066s][info][gc,metaspace   ] GC(166) Metaspace: 35068K(35712K)->35068K(35712K) NonClass: 25889K(26368K)->25889K(26368K) Class: 9179K(9344K)->9179K(9344K)
[83.066s][info][gc             ] GC(166) Pause Young (Allocation Failure) 485M->203M(506M) 1.858ms
[83.066s][info][gc,cpu         ] GC(166) User=0.00s Sys=0.00s Real=0.00s
[83.194s][info][gc,start       ] GC(167) Pause Young (Allocation Failure)
[83.196s][info][gc,heap        ] GC(167) PSYoungGen: 292416K(310272K)->64K(311808K) Eden: 292352K(292352K)->0K(292352K) From: 64K(17920K)->64K(19456K)
[83.196s][info][gc,heap        ] GC(167) ParOldGen: 208171K(208384K)->208179K(208384K)
[83.196s][info][gc,metaspace   ] GC(167) Metaspace: 35068K(35712K)->35068K(35712K) NonClass: 25889K(26368K)->25889K(26368K) Class: 9179K(9344K)->9179K(9344K)
[83.196s][info][gc             ] GC(167) Pause Young (Allocation Failure) 488M->203M(508M) 1.762ms
[83.196s][info][gc,cpu         ] GC(167) User=0.00s Sys=0.00s Real=0.00s
[83.248s][info][gc,start       ] GC(168) Pause Young (Allocation Failure)
[83.251s][info][gc,heap        ] GC(168) PSYoungGen: 292416K(311808K)->32K(311808K) Eden: 292352K(292352K)->0K(295936K) From: 64K(19456K)->32K(15872K)
[83.251s][info][gc,heap        ] GC(168) ParOldGen: 208179K(208384K)->208195K(208384K)
[83.251s][info][gc,metaspace   ] GC(168) Metaspace: 35068K(35712K)->35068K(35712K) NonClass: 25889K(26368K)->25889K(26368K) Class: 9179K(9344K)->9179K(9344K)
[83.251s][info][gc             ] GC(168) Pause Young (Allocation Failure) 488M->203M(508M) 2.737ms
[83.251s][info][gc,cpu         ] GC(168) User=0.00s Sys=0.00s Real=0.00s
[83.447s][info][gc,start       ] GC(169) Pause Young (Allocation Failure)
[83.449s][info][gc,heap        ] GC(169) PSYoungGen: 295968K(311808K)->64K(313344K) Eden: 295936K(295936K)->0K(295936K) From: 32K(15872K)->64K(17408K)
[83.449s][info][gc,heap        ] GC(169) ParOldGen: 208195K(208384K)->208195K(208384K)
[83.449s][info][gc,metaspace   ] GC(169) Metaspace: 35068K(35712K)->35068K(35712K) NonClass: 25889K(26368K)->25889K(26368K) Class: 9179K(9344K)->9179K(9344K)
[83.449s][info][gc             ] GC(169) Pause Young (Allocation Failure) 492M->203M(509M) 1.939ms
[83.449s][info][gc,cpu         ] GC(169) User=0.00s Sys=0.00s Real=0.00s
[83.758s][info][gc,start       ] GC(170) Pause Young (Allocation Failure)
[83.760s][info][gc,heap        ] GC(170) PSYoungGen: 296000K(313344K)->64K(313856K) Eden: 295936K(295936K)->0K(300032K) From: 64K(17408K)->64K(13824K)
[83.760s][info][gc,heap        ] GC(170) ParOldGen: 208195K(208384K)->208211K(208384K)
[83.760s][info][gc,metaspace   ] GC(170) Metaspace: 35068K(35712K)->35068K(35712K) NonClass: 25889K(26368K)->25889K(26368K) Class: 9179K(9344K)->9179K(9344K)
[83.760s][info][gc             ] GC(170) Pause Young (Allocation Failure) 492M->203M(510M) 1.955ms
[83.760s][info][gc,cpu         ] GC(170) User=0.00s Sys=0.00s Real=0.00s
[83.918s][info][gc,start       ] GC(171) Pause Young (Allocation Failure)
[83.920s][info][gc,heap        ] GC(171) PSYoungGen: 300096K(313856K)->64K(315392K) Eden: 300032K(300032K)->0K(300032K) From: 64K(13824K)->64K(15360K)
[83.920s][info][gc,heap        ] GC(171) ParOldGen: 208211K(208384K)->208227K(208384K)
[83.920s][info][gc,metaspace   ] GC(171) Metaspace: 35069K(35712K)->35069K(35712K) NonClass: 25890K(26368K)->25890K(26368K) Class: 9179K(9344K)->9179K(9344K)
[83.920s][info][gc             ] GC(171) Pause Young (Allocation Failure) 496M->203M(511M) 1.973ms
[83.920s][info][gc,cpu         ] GC(171) User=0.00s Sys=0.01s Real=0.00s
[84.024s][info][gc,start       ] GC(172) Pause Young (Allocation Failure)
[84.026s][info][gc,heap        ] GC(172) PSYoungGen: 300096K(315392K)->64K(315904K) Eden: 300032K(300032K)->0K(304128K) From: 64K(15360K)->64K(11776K)
[84.026s][info][gc,heap        ] GC(172) ParOldGen: 208227K(208384K)->208243K(208384K)
[84.026s][info][gc,metaspace   ] GC(172) Metaspace: 35069K(35712K)->35069K(35712K) NonClass: 25890K(26368K)->25890K(26368K) Class: 9179K(9344K)->9179K(9344K)
[84.026s][info][gc             ] GC(172) Pause Young (Allocation Failure) 496M->203M(512M) 1.859ms
[84.026s][info][gc,cpu         ] GC(172) User=0.00s Sys=0.00s Real=0.00s
[84.262s][info][gc,start       ] GC(173) Pause Young (Allocation Failure)
[84.264s][info][gc,heap        ] GC(173) PSYoungGen: 304192K(315904K)->64K(317440K) Eden: 304128K(304128K)->0K(304128K) From: 64K(11776K)->64K(13312K)
[84.264s][info][gc,heap        ] GC(173) ParOldGen: 208243K(208384K)->208251K(208384K)
[84.264s][info][gc,metaspace   ] GC(173) Metaspace: 35069K(35712K)->35069K(35712K) NonClass: 25890K(26368K)->25890K(26368K) Class: 9179K(9344K)->9179K(9344K)
[84.264s][info][gc             ] GC(173) Pause Young (Allocation Failure) 500M->203M(513M) 1.869ms
[84.264s][info][gc,cpu         ] GC(173) User=0.01s Sys=0.00s Real=0.00s
[85.215s][info][gc,start       ] GC(174) Pause Young (Allocation Failure)
[85.217s][info][gc,heap        ] GC(174) PSYoungGen: 304192K(317440K)->64K(317952K) Eden: 304128K(304128K)->0K(307712K) From: 64K(13312K)->64K(10240K)
[85.217s][info][gc,heap        ] GC(174) ParOldGen: 208251K(208384K)->208259K(208384K)
[85.217s][info][gc,metaspace   ] GC(174) Metaspace: 35069K(35712K)->35069K(35712K) NonClass: 25890K(26368K)->25890K(26368K) Class: 9179K(9344K)->9179K(9344K)
[85.217s][info][gc             ] GC(174) Pause Young (Allocation Failure) 500M->203M(514M) 1.369ms
[85.217s][info][gc,cpu         ] GC(174) User=0.01s Sys=0.00s Real=0.00s
[86.262s][info][gc,start       ] GC(175) Pause Young (Allocation Failure)
[86.264s][info][gc,heap        ] GC(175) PSYoungGen: 307776K(317952K)->64K(295936K) Eden: 307712K(307712K)->0K(295424K) From: 64K(10240K)->64K(512K)
[86.264s][info][gc,heap        ] GC(175) ParOldGen: 208259K(208384K)->208275K(208384K)
[86.264s][info][gc,metaspace   ] GC(175) Metaspace: 35069K(35712K)->35069K(35712K) NonClass: 25890K(26368K)->25890K(26368K) Class: 9179K(9344K)->9179K(9344K)
[86.264s][info][gc             ] GC(175) Pause Young (Allocation Failure) 503M->203M(492M) 2.127ms
[86.264s][info][gc,cpu         ] GC(175) User=0.01s Sys=0.00s Real=0.00s
[86.825s][info][gc,start       ] GC(176) Pause Young (Allocation Failure)
[86.827s][info][gc,heap        ] GC(176) PSYoungGen: 295488K(295936K)->64K(284160K) Eden: 295424K(295424K)->0K(283648K) From: 64K(512K)->64K(512K)
[86.827s][info][gc,heap        ] GC(176) ParOldGen: 208275K(208384K)->208291K(208384K)
[86.827s][info][gc,metaspace   ] GC(176) Metaspace: 35070K(35712K)->35070K(35712K) NonClass: 25891K(26368K)->25891K(26368K) Class: 9179K(9344K)->9179K(9344K)
[86.827s][info][gc             ] GC(176) Pause Young (Allocation Failure) 491M->203M(481M) 2.055ms
[86.827s][info][gc,cpu         ] GC(176) User=0.00s Sys=0.00s Real=0.00s
[87.981s][info][gc,start       ] GC(177) Pause Young (Allocation Failure)
[87.982s][info][gc,heap        ] GC(177) PSYoungGen: 283712K(284160K)->64K(282624K) Eden: 283648K(283648K)->0K(272384K) From: 64K(512K)->64K(10240K)
[87.982s][info][gc,heap        ] GC(177) ParOldGen: 208291K(208384K)->208307K(208384K)
[87.982s][info][gc,metaspace   ] GC(177) Metaspace: 35070K(35712K)->35070K(35712K) NonClass: 25891K(26368K)->25891K(26368K) Class: 9179K(9344K)->9179K(9344K)
[87.982s][info][gc             ] GC(177) Pause Young (Allocation Failure) 480M->203M(479M) 1.793ms
[87.982s][info][gc,cpu         ] GC(177) User=0.01s Sys=0.00s Real=0.01s
[88.449s][info][gc,start       ] GC(178) Pause Young (Allocation Failure)
[88.451s][info][gc,heap        ] GC(178) PSYoungGen: 272448K(282624K)->64K(262144K) Eden: 272384K(272384K)->0K(261632K) From: 64K(10240K)->64K(512K)
[88.451s][info][gc,heap        ] GC(178) ParOldGen: 208307K(208384K)->208323K(208384K)
[88.451s][info][gc,metaspace   ] GC(178) Metaspace: 35070K(35712K)->35070K(35712K) NonClass: 25891K(26368K)->25891K(26368K) Class: 9179K(9344K)->9179K(9344K)
[88.451s][info][gc             ] GC(178) Pause Young (Allocation Failure) 469M->203M(459M) 2.353ms
[88.451s][info][gc,cpu         ] GC(178) User=0.00s Sys=0.00s Real=0.00s
[88.604s][info][gc,start       ] GC(179) Pause Young (Allocation Failure)
[88.605s][info][gc,heap        ] GC(179) PSYoungGen: 261696K(262144K)->64K(260608K) Eden: 261632K(261632K)->0K(251392K) From: 64K(512K)->64K(9216K)
[88.605s][info][gc,heap        ] GC(179) ParOldGen: 208323K(208384K)->208339K(208384K)
[88.605s][info][gc,metaspace   ] GC(179) Metaspace: 35070K(35712K)->35070K(35712K) NonClass: 25891K(26368K)->25891K(26368K) Class: 9179K(9344K)->9179K(9344K)
[88.605s][info][gc             ] GC(179) Pause Young (Allocation Failure) 459M->203M(458M) 1.767ms
[88.605s][info][gc,cpu         ] GC(179) User=0.00s Sys=0.00s Real=0.00s
[89.136s][info][gc,start       ] GC(180) Pause Young (Allocation Failure)
[89.138s][info][gc,heap        ] GC(180) PSYoungGen: 251456K(260608K)->64K(242176K) Eden: 251392K(251392K)->0K(241664K) From: 64K(9216K)->64K(512K)
[89.138s][info][gc,heap        ] GC(180) ParOldGen: 208339K(208384K)->208355K(208384K)
[89.138s][info][gc,metaspace   ] GC(180) Metaspace: 35070K(35712K)->35070K(35712K) NonClass: 25891K(26368K)->25891K(26368K) Class: 9179K(9344K)->9179K(9344K)
[89.138s][info][gc             ] GC(180) Pause Young (Allocation Failure) 449M->203M(440M) 2.383ms
[89.138s][info][gc,cpu         ] GC(180) User=0.00s Sys=0.00s Real=0.00s
[89.514s][info][gc,start       ] GC(181) Pause Young (Allocation Failure)
[89.515s][info][gc,heap        ] GC(181) PSYoungGen: 241728K(242176K)->64K(240128K) Eden: 241664K(241664K)->0K(232448K) From: 64K(512K)->64K(7680K)
[89.515s][info][gc,heap        ] GC(181) ParOldGen: 208355K(208384K)->208363K(208384K)
[89.515s][info][gc,metaspace   ] GC(181) Metaspace: 35070K(35712K)->35070K(35712K) NonClass: 25891K(26368K)->25891K(26368K) Class: 9179K(9344K)->9179K(9344K)
[89.515s][info][gc             ] GC(181) Pause Young (Allocation Failure) 439M->203M(438M) 1.454ms
[89.515s][info][gc,cpu         ] GC(181) User=0.00s Sys=0.00s Real=0.00s
[89.860s][info][gc,start       ] GC(182) Pause Young (Allocation Failure)
[89.882s][info][gc,heap        ] GC(182) PSYoungGen: 232512K(240128K)->7168K(283136K) Eden: 232448K(232448K)->0K(275968K) From: 64K(7680K)->7168K(7168K)
[89.882s][info][gc,heap        ] GC(182) ParOldGen: 208363K(208384K)->213483K(213504K)
[89.882s][info][gc,metaspace   ] GC(182) Metaspace: 35070K(35712K)->35070K(35712K) NonClass: 25891K(26368K)->25891K(26368K) Class: 9179K(9344K)->9179K(9344K)
[89.883s][info][gc             ] GC(182) Pause Young (Allocation Failure) 430M->215M(485M) 22.121ms
[89.883s][info][gc,cpu         ] GC(182) User=0.03s Sys=0.01s Real=0.03s
[90.229s][info][gc,start       ] GC(183) Pause Young (Allocation Failure)
[90.292s][info][gc,heap        ] GC(183) PSYoungGen: 283136K(283136K)->10752K(286720K) Eden: 275968K(275968K)->0K(275968K) From: 7168K(7168K)->10752K(10752K)
[90.292s][info][gc,heap        ] GC(183) ParOldGen: 213483K(213504K)->234099K(234496K)
[90.292s][info][gc,metaspace   ] GC(183) Metaspace: 35070K(35712K)->35070K(35712K) NonClass: 25891K(26368K)->25891K(26368K) Class: 9179K(9344K)->9179K(9344K)
[90.292s][info][gc             ] GC(183) Pause Young (Allocation Failure) 484M->239M(509M) 63.116ms
[90.292s][info][gc,cpu         ] GC(183) User=0.11s Sys=0.01s Real=0.06s
[90.531s][info][gc,start       ] GC(184) Pause Young (Allocation Failure)
[90.576s][info][gc,heap        ] GC(184) PSYoungGen: 286720K(286720K)->19168K(305664K) Eden: 275968K(275968K)->0K(284672K) From: 10752K(10752K)->19168K(20992K)
[90.576s][info][gc,heap        ] GC(184) ParOldGen: 234099K(234496K)->234659K(235008K)
[90.576s][info][gc,metaspace   ] GC(184) Metaspace: 35070K(35712K)->35070K(35712K) NonClass: 25891K(26368K)->25891K(26368K) Class: 9179K(9344K)->9179K(9344K)
[90.576s][info][gc             ] GC(184) Pause Young (Allocation Failure) 508M->247M(528M) 45.499ms
[90.576s][info][gc,cpu         ] GC(184) User=0.08s Sys=0.02s Real=0.05s
[90.917s][info][gc,start       ] GC(185) Pause Young (Allocation Failure)
[90.918s][info][gc,heap        ] GC(185) PSYoungGen: 303840K(305664K)->64K(309248K) Eden: 284672K(284672K)->0K(284672K) From: 19168K(20992K)->64K(24576K)
[90.919s][info][gc,heap        ] GC(185) ParOldGen: 234659K(235008K)->234667K(235008K)
[90.919s][info][gc,metaspace   ] GC(185) Metaspace: 35070K(35712K)->35070K(35712K) NonClass: 25891K(26368K)->25891K(26368K) Class: 9179K(9344K)->9179K(9344K)
[90.919s][info][gc             ] GC(185) Pause Young (Allocation Failure) 525M->229M(531M) 1.120ms
[90.919s][info][gc,cpu         ] GC(185) User=0.00s Sys=0.00s Real=0.00s
[91.582s][info][gc,start       ] GC(186) Pause Young (Allocation Failure)
[91.584s][info][gc,heap        ] GC(186) PSYoungGen: 284736K(309248K)->64K(306688K) Eden: 284672K(284672K)->0K(285184K) From: 64K(24576K)->64K(21504K)
[91.584s][info][gc,heap        ] GC(186) ParOldGen: 234667K(235008K)->234675K(235008K)
[91.584s][info][gc,metaspace   ] GC(186) Metaspace: 35070K(35712K)->35070K(35712K) NonClass: 25891K(26368K)->25891K(26368K) Class: 9179K(9344K)->9179K(9344K)
[91.584s][info][gc             ] GC(186) Pause Young (Allocation Failure) 507M->229M(529M) 1.249ms
[91.584s][info][gc,cpu         ] GC(186) User=0.01s Sys=0.00s Real=0.00s
[92.119s][info][gc,start       ] GC(187) Pause Young (Allocation Failure)
[92.120s][info][gc,heap        ] GC(187) PSYoungGen: 285248K(306688K)->64K(308224K) Eden: 285184K(285184K)->0K(285184K) From: 64K(21504K)->64K(23040K)
[92.120s][info][gc,heap        ] GC(187) ParOldGen: 234675K(235008K)->234691K(235008K)
[92.120s][info][gc,metaspace   ] GC(187) Metaspace: 35070K(35712K)->35070K(35712K) NonClass: 25891K(26368K)->25891K(26368K) Class: 9179K(9344K)->9179K(9344K)
[92.120s][info][gc             ] GC(187) Pause Young (Allocation Failure) 507M->229M(530M) 1.225ms
[92.120s][info][gc,cpu         ] GC(187) User=0.00s Sys=0.00s Real=0.00s
[92.380s][info][gc,start       ] GC(188) Pause Young (Allocation Failure)
[92.382s][info][gc,heap        ] GC(188) PSYoungGen: 285248K(308224K)->32K(308224K) Eden: 285184K(285184K)->0K(288768K) From: 64K(23040K)->32K(19456K)
[92.382s][info][gc,heap        ] GC(188) ParOldGen: 234691K(235008K)->234707K(235008K)
[92.382s][info][gc,metaspace   ] GC(188) Metaspace: 35070K(35712K)->35070K(35712K) NonClass: 25891K(26368K)->25891K(26368K) Class: 9179K(9344K)->9179K(9344K)
[92.382s][info][gc             ] GC(188) Pause Young (Allocation Failure) 507M->229M(530M) 2.177ms
[92.382s][info][gc,cpu         ] GC(188) User=0.00s Sys=0.00s Real=0.01s
[92.658s][info][gc,start       ] GC(189) Pause Young (Allocation Failure)
[92.660s][info][gc,heap        ] GC(189) PSYoungGen: 288800K(308224K)->32K(309760K) Eden: 288768K(288768K)->0K(288768K) From: 32K(19456K)->32K(20992K)
[92.660s][info][gc,heap        ] GC(189) ParOldGen: 234707K(235008K)->234707K(235008K)
[92.660s][info][gc,metaspace   ] GC(189) Metaspace: 35070K(35712K)->35070K(35712K) NonClass: 25891K(26368K)->25891K(26368K) Class: 9179K(9344K)->9179K(9344K)
[92.660s][info][gc             ] GC(189) Pause Young (Allocation Failure) 511M->229M(532M) 1.895ms
[92.660s][info][gc,cpu         ] GC(189) User=0.00s Sys=0.00s Real=0.00s
[92.992s][info][gc,start       ] GC(190) Pause Young (Allocation Failure)
[92.994s][info][gc,heap        ] GC(190) PSYoungGen: 288800K(309760K)->64K(311296K) Eden: 288768K(288768K)->0K(292864K) From: 32K(20992K)->64K(18432K)
[92.994s][info][gc,heap        ] GC(190) ParOldGen: 234707K(235008K)->234707K(235008K)
[92.994s][info][gc,metaspace   ] GC(190) Metaspace: 35070K(35712K)->35070K(35712K) NonClass: 25891K(26368K)->25891K(26368K) Class: 9179K(9344K)->9179K(9344K)
[92.994s][info][gc             ] GC(190) Pause Young (Allocation Failure) 511M->229M(533M) 1.906ms
[92.994s][info][gc,cpu         ] GC(190) User=0.00s Sys=0.00s Real=0.00s
[93.046s][info][gc,start       ] GC(191) Pause Young (Allocation Failure)
[93.047s][info][gc,heap        ] GC(191) PSYoungGen: 292928K(311296K)->64K(312320K) Eden: 292864K(292864K)->0K(292864K) From: 64K(18432K)->64K(19456K)
[93.047s][info][gc,heap        ] GC(191) ParOldGen: 234707K(235008K)->234723K(235008K)
[93.047s][info][gc,metaspace   ] GC(191) Metaspace: 35070K(35712K)->35070K(35712K) NonClass: 25891K(26368K)->25891K(26368K) Class: 9179K(9344K)->9179K(9344K)
[93.047s][info][gc             ] GC(191) Pause Young (Allocation Failure) 515M->229M(534M) 1.125ms
[93.047s][info][gc,cpu         ] GC(191) User=0.00s Sys=0.00s Real=0.00s
[93.120s][info][gc,start       ] GC(192) Pause Young (Allocation Failure)
[93.122s][info][gc,heap        ] GC(192) PSYoungGen: 292928K(312320K)->64K(312320K) Eden: 292864K(292864K)->0K(295936K) From: 64K(19456K)->64K(16384K)
[93.122s][info][gc,heap        ] GC(192) ParOldGen: 234723K(235008K)->234723K(235008K)
[93.122s][info][gc,metaspace   ] GC(192) Metaspace: 35070K(35712K)->35070K(35712K) NonClass: 25891K(26368K)->25891K(26368K) Class: 9179K(9344K)->9179K(9344K)
[93.122s][info][gc             ] GC(192) Pause Young (Allocation Failure) 515M->229M(534M) 1.856ms
[93.122s][info][gc,cpu         ] GC(192) User=0.00s Sys=0.00s Real=0.01s
[93.449s][info][gc,start       ] GC(193) Pause Young (Allocation Failure)
[93.450s][info][gc,heap        ] GC(193) PSYoungGen: 296000K(312320K)->32K(313344K) Eden: 295936K(295936K)->0K(295936K) From: 64K(16384K)->32K(17408K)
[93.450s][info][gc,heap        ] GC(193) ParOldGen: 234723K(235008K)->234731K(235008K)
[93.450s][info][gc,metaspace   ] GC(193) Metaspace: 35070K(35712K)->35070K(35712K) NonClass: 25891K(26368K)->25891K(26368K) Class: 9179K(9344K)->9179K(9344K)
[93.450s][info][gc             ] GC(193) Pause Young (Allocation Failure) 518M->229M(535M) 1.644ms
[93.450s][info][gc,cpu         ] GC(193) User=0.01s Sys=0.00s Real=0.00s
[93.692s][info][gc,start       ] GC(194) Pause Young (Allocation Failure)
[93.693s][info][gc,heap        ] GC(194) PSYoungGen: 295968K(313344K)->64K(314368K) Eden: 295936K(295936K)->0K(300032K) From: 32K(17408K)->64K(14336K)
[93.693s][info][gc,heap        ] GC(194) ParOldGen: 234731K(235008K)->234731K(235008K)
[93.693s][info][gc,metaspace   ] GC(194) Metaspace: 35070K(35712K)->35070K(35712K) NonClass: 25891K(26368K)->25891K(26368K) Class: 9179K(9344K)->9179K(9344K)
[93.693s][info][gc             ] GC(194) Pause Young (Allocation Failure) 518M->229M(536M) 1.170ms
[93.693s][info][gc,cpu         ] GC(194) User=0.00s Sys=0.00s Real=0.00s
[93.781s][info][gc,start       ] GC(195) Pause Young (Allocation Failure)
[93.782s][info][gc,heap        ] GC(195) PSYoungGen: 300096K(314368K)->64K(315392K) Eden: 300032K(300032K)->0K(300032K) From: 64K(14336K)->64K(15360K)
[93.782s][info][gc,heap        ] GC(195) ParOldGen: 234731K(235008K)->234747K(235008K)
[93.782s][info][gc,metaspace   ] GC(195) Metaspace: 35070K(35712K)->35070K(35712K) NonClass: 25891K(26368K)->25891K(26368K) Class: 9179K(9344K)->9179K(9344K)
[93.782s][info][gc             ] GC(195) Pause Young (Allocation Failure) 522M->229M(537M) 1.124ms
[93.782s][info][gc,cpu         ] GC(195) User=0.00s Sys=0.00s Real=0.01s
[93.963s][info][gc,start       ] GC(196) Pause Young (Allocation Failure)
[93.964s][info][gc,heap        ] GC(196) PSYoungGen: 300096K(315392K)->64K(316416K) Eden: 300032K(300032K)->0K(304128K) From: 64K(15360K)->64K(12288K)
[93.964s][info][gc,heap        ] GC(196) ParOldGen: 234747K(235008K)->234747K(235008K)
[93.964s][info][gc,metaspace   ] GC(196) Metaspace: 35070K(35712K)->35070K(35712K) NonClass: 25891K(26368K)->25891K(26368K) Class: 9179K(9344K)->9179K(9344K)
[93.964s][info][gc             ] GC(196) Pause Young (Allocation Failure) 522M->229M(538M) 1.250ms
[93.964s][info][gc,cpu         ] GC(196) User=0.01s Sys=0.00s Real=0.00s
[94.987s][info][gc,start       ] GC(197) Pause Young (Allocation Failure)
[94.989s][info][gc,heap        ] GC(197) PSYoungGen: 304192K(316416K)->64K(292352K) Eden: 304128K(304128K)->0K(291840K) From: 64K(12288K)->64K(512K)
[94.989s][info][gc,heap        ] GC(197) ParOldGen: 234747K(235008K)->234755K(235008K)
[94.989s][info][gc,metaspace   ] GC(197) Metaspace: 35070K(35712K)->35070K(35712K) NonClass: 25891K(26368K)->25891K(26368K) Class: 9179K(9344K)->9179K(9344K)
[94.989s][info][gc             ] GC(197) Pause Young (Allocation Failure) 526M->229M(515M) 2.007ms
[94.989s][info][gc,cpu         ] GC(197) User=0.00s Sys=0.00s Real=0.00s
[95.672s][info][gc,start       ] GC(198) Pause Young (Allocation Failure)
[95.673s][info][gc,heap        ] GC(198) PSYoungGen: 291904K(292352K)->64K(280576K) Eden: 291840K(291840K)->0K(280064K) From: 64K(512K)->64K(512K)
[95.673s][info][gc,heap        ] GC(198) ParOldGen: 234755K(235008K)->234763K(235008K)
[95.673s][info][gc,metaspace   ] GC(198) Metaspace: 35070K(35712K)->35070K(35712K) NonClass: 25891K(26368K)->25891K(26368K) Class: 9179K(9344K)->9179K(9344K)
[95.673s][info][gc             ] GC(198) Pause Young (Allocation Failure) 514M->229M(503M) 1.642ms
[95.673s][info][gc,cpu         ] GC(198) User=0.00s Sys=0.00s Real=0.00s
[96.143s][info][gc,start       ] GC(199) Pause Young (Allocation Failure)
[96.146s][info][gc,heap        ] GC(199) PSYoungGen: 280128K(280576K)->64K(280576K) Eden: 280064K(280064K)->0K(268800K) From: 64K(512K)->64K(11776K)
[96.146s][info][gc,heap        ] GC(199) ParOldGen: 234763K(235008K)->234771K(235008K)
[96.146s][info][gc,metaspace   ] GC(199) Metaspace: 35070K(35712K)->35070K(35712K) NonClass: 25891K(26368K)->25891K(26368K) Class: 9179K(9344K)->9179K(9344K)
[96.146s][info][gc             ] GC(199) Pause Young (Allocation Failure) 502M->229M(503M) 3.503ms
[96.146s][info][gc,cpu         ] GC(199) User=0.01s Sys=0.00s Real=0.00s
[96.738s][info][gc,start       ] GC(200) Pause Young (Allocation Failure)
[96.740s][info][gc,heap        ] GC(200) PSYoungGen: 268864K(280576K)->64K(258560K) Eden: 268800K(268800K)->0K(258048K) From: 64K(11776K)->64K(512K)
[96.740s][info][gc,heap        ] GC(200) ParOldGen: 234771K(235008K)->234779K(235008K)
[96.740s][info][gc,metaspace   ] GC(200) Metaspace: 35082K(35712K)->35082K(35712K) NonClass: 25903K(26368K)->25903K(26368K) Class: 9179K(9344K)->9179K(9344K)
[96.740s][info][gc             ] GC(200) Pause Young (Allocation Failure) 491M->229M(482M) 2.221ms
[96.740s][info][gc,cpu         ] GC(200) User=0.00s Sys=0.00s Real=0.00s
[97.795s][info][gc,start       ] GC(201) Pause Young (Allocation Failure)
[97.797s][info][gc,heap        ] GC(201) PSYoungGen: 258112K(258560K)->64K(258048K) Eden: 258048K(258048K)->0K(247808K) From: 64K(512K)->64K(10240K)
[97.797s][info][gc,heap        ] GC(201) ParOldGen: 234779K(235008K)->234787K(235008K)
[97.797s][info][gc,metaspace   ] GC(201) Metaspace: 35082K(35712K)->35082K(35712K) NonClass: 25903K(26368K)->25903K(26368K) Class: 9179K(9344K)->9179K(9344K)
[97.797s][info][gc             ] GC(201) Pause Young (Allocation Failure) 481M->229M(481M) 1.899ms
[97.797s][info][gc,cpu         ] GC(201) User=0.01s Sys=0.00s Real=0.00s
[98.231s][info][gc,start       ] GC(202) Pause Young (Allocation Failure)
[98.234s][info][gc,heap        ] GC(202) PSYoungGen: 247872K(258048K)->32K(238592K) Eden: 247808K(247808K)->0K(238080K) From: 64K(10240K)->32K(512K)
[98.234s][info][gc,heap        ] GC(202) ParOldGen: 234787K(235008K)->234795K(235008K)
[98.234s][info][gc,metaspace   ] GC(202) Metaspace: 35082K(35712K)->35082K(35712K) NonClass: 25903K(26368K)->25903K(26368K) Class: 9179K(9344K)->9179K(9344K)
[98.234s][info][gc             ] GC(202) Pause Young (Allocation Failure) 471M->229M(462M) 3.462ms
[98.234s][info][gc,cpu         ] GC(202) User=0.00s Sys=0.01s Real=0.01s
[98.309s][info][gc,start       ] GC(203) Pause Young (Allocation Failure)
[98.311s][info][gc,heap        ] GC(203) PSYoungGen: 238112K(238592K)->64K(238080K) Eden: 238080K(238080K)->0K(228864K) From: 32K(512K)->64K(9216K)
[98.311s][info][gc,heap        ] GC(203) ParOldGen: 234795K(235008K)->234803K(235008K)
[98.311s][info][gc,metaspace   ] GC(203) Metaspace: 35082K(35712K)->35082K(35712K) NonClass: 25903K(26368K)->25903K(26368K) Class: 9179K(9344K)->9179K(9344K)
[98.311s][info][gc             ] GC(203) Pause Young (Allocation Failure) 461M->229M(462M) 2.090ms
[98.311s][info][gc,cpu         ] GC(203) User=0.00s Sys=0.00s Real=0.00s
[98.809s][info][gc,start       ] GC(204) Pause Young (Allocation Failure)
[98.811s][info][gc,heap        ] GC(204) PSYoungGen: 228928K(238080K)->64K(220672K) Eden: 228864K(228864K)->0K(220160K) From: 64K(9216K)->64K(512K)
[98.811s][info][gc,heap        ] GC(204) ParOldGen: 234803K(235008K)->234811K(235008K)
[98.811s][info][gc,metaspace   ] GC(204) Metaspace: 35082K(35712K)->35082K(35712K) NonClass: 25903K(26368K)->25903K(26368K) Class: 9179K(9344K)->9179K(9344K)
[98.811s][info][gc             ] GC(204) Pause Young (Allocation Failure) 452M->229M(445M) 2.576ms
[98.811s][info][gc,cpu         ] GC(204) User=0.00s Sys=0.00s Real=0.00s
[99.125s][info][gc,start       ] GC(205) Pause Young (Allocation Failure)
[99.126s][info][gc,heap        ] GC(205) PSYoungGen: 220224K(220672K)->64K(219648K) Eden: 220160K(220160K)->0K(211968K) From: 64K(512K)->64K(7680K)
[99.126s][info][gc,heap        ] GC(205) ParOldGen: 234811K(235008K)->234819K(235008K)
[99.126s][info][gc,metaspace   ] GC(205) Metaspace: 35082K(35712K)->35082K(35712K) NonClass: 25903K(26368K)->25903K(26368K) Class: 9179K(9344K)->9179K(9344K)
[99.126s][info][gc             ] GC(205) Pause Young (Allocation Failure) 444M->229M(444M) 1.653ms
[99.126s][info][gc,cpu         ] GC(205) User=0.01s Sys=0.00s Real=0.00s
[99.446s][info][gc,start       ] GC(206) Pause Young (Allocation Failure)
[99.460s][info][gc,heap        ] GC(206) PSYoungGen: 212032K(219648K)->7168K(261632K) Eden: 211968K(211968K)->0K(254464K) From: 64K(7680K)->7168K(7168K)
[99.460s][info][gc,heap        ] GC(206) ParOldGen: 234819K(235008K)->235883K(236032K)
[99.460s][info][gc,metaspace   ] GC(206) Metaspace: 35082K(35712K)->35082K(35712K) NonClass: 25903K(26368K)->25903K(26368K) Class: 9179K(9344K)->9179K(9344K)
[99.460s][info][gc             ] GC(206) Pause Young (Allocation Failure) 436M->237M(486M) 13.959ms
[99.460s][info][gc,cpu         ] GC(206) User=0.03s Sys=0.00s Real=0.01s
[99.778s][info][gc,start       ] GC(207) Pause Young (Allocation Failure)
[99.835s][info][gc,heap        ] GC(207) PSYoungGen: 261632K(261632K)->9216K(269824K) Eden: 254464K(254464K)->0K(260608K) From: 7168K(7168K)->9216K(9216K)
[99.835s][info][gc,heap        ] GC(207) ParOldGen: 235883K(236032K)->255491K(256000K)
[99.835s][info][gc,metaspace   ] GC(207) Metaspace: 35082K(35712K)->35082K(35712K) NonClass: 25903K(26368K)->25903K(26368K) Class: 9179K(9344K)->9179K(9344K)
[99.835s][info][gc             ] GC(207) Pause Young (Allocation Failure) 485M->258M(513M) 56.927ms
[99.835s][info][gc,cpu         ] GC(207) User=0.09s Sys=0.02s Real=0.06s
[100.125s][info][gc,start       ] GC(208) Pause Young (Allocation Failure)
[100.184s][info][gc,heap        ] GC(208) PSYoungGen: 269824K(269824K)->18944K(301568K) Eden: 260608K(260608K)->0K(282624K) From: 9216K(9216K)->18944K(18944K)
[100.184s][info][gc,heap        ] GC(208) ParOldGen: 255491K(256000K)->262683K(263168K)
[100.184s][info][gc,metaspace   ] GC(208) Metaspace: 35082K(35712K)->35082K(35712K) NonClass: 25903K(26368K)->25903K(26368K) Class: 9179K(9344K)->9179K(9344K)
[100.184s][info][gc             ] GC(208) Pause Young (Allocation Failure) 513M->275M(551M) 58.655ms
[100.184s][info][gc,cpu         ] GC(208) User=0.10s Sys=0.01s Real=0.06s
[100.350s][info][gc,start       ] GC(209) Pause Young (Allocation Failure)
[100.353s][info][gc,heap        ] GC(209) PSYoungGen: 301568K(301568K)->64K(308224K) Eden: 282624K(282624K)->0K(282624K) From: 18944K(18944K)->64K(25600K)
[100.353s][info][gc,heap        ] GC(209) ParOldGen: 262683K(263168K)->262875K(263168K)
[100.353s][info][gc,metaspace   ] GC(209) Metaspace: 35082K(35712K)->35082K(35712K) NonClass: 25903K(26368K)->25903K(26368K) Class: 9179K(9344K)->9179K(9344K)
[100.353s][info][gc             ] GC(209) Pause Young (Allocation Failure) 551M->256M(558M) 3.261ms
[100.353s][info][gc,cpu         ] GC(209) User=0.01s Sys=0.00s Real=0.01s
[101.105s][info][gc,start       ] GC(210) Pause Young (Allocation Failure)
[101.106s][info][gc,heap        ] GC(210) PSYoungGen: 282688K(308224K)->64K(305152K) Eden: 282624K(282624K)->0K(283648K) From: 64K(25600K)->64K(21504K)
[101.106s][info][gc,heap        ] GC(210) ParOldGen: 262875K(263168K)->262891K(263168K)
[101.106s][info][gc,metaspace   ] GC(210) Metaspace: 35082K(35712K)->35082K(35712K) NonClass: 25903K(26368K)->25903K(26368K) Class: 9179K(9344K)->9179K(9344K)
[101.106s][info][gc             ] GC(210) Pause Young (Allocation Failure) 532M->256M(555M) 1.488ms
[101.106s][info][gc,cpu         ] GC(210) User=0.00s Sys=0.00s Real=0.00s
[101.674s][info][gc,start       ] GC(211) Pause Young (Allocation Failure)
[101.676s][info][gc,heap        ] GC(211) PSYoungGen: 283712K(305152K)->64K(307200K) Eden: 283648K(283648K)->0K(283648K) From: 64K(21504K)->64K(23552K)
[101.676s][info][gc,heap        ] GC(211) ParOldGen: 262891K(263168K)->262891K(263168K)
[101.676s][info][gc,metaspace   ] GC(211) Metaspace: 35083K(35712K)->35083K(35712K) NonClass: 25904K(26368K)->25904K(26368K) Class: 9179K(9344K)->9179K(9344K)
[101.676s][info][gc             ] GC(211) Pause Young (Allocation Failure) 533M->256M(557M) 2.236ms
[101.676s][info][gc,cpu         ] GC(211) User=0.01s Sys=0.00s Real=0.00s
[101.924s][info][gc,start       ] GC(212) Pause Young (Allocation Failure)
[101.926s][info][gc,heap        ] GC(212) PSYoungGen: 283712K(307200K)->32K(307712K) Eden: 283648K(283648K)->0K(287232K) From: 64K(23552K)->32K(20480K)
[101.926s][info][gc,heap        ] GC(212) ParOldGen: 262891K(263168K)->262907K(263168K)
[101.926s][info][gc,metaspace   ] GC(212) Metaspace: 35083K(35712K)->35083K(35712K) NonClass: 25904K(26368K)->25904K(26368K) Class: 9179K(9344K)->9179K(9344K)
[101.926s][info][gc             ] GC(212) Pause Young (Allocation Failure) 533M->256M(557M) 2.454ms
[101.926s][info][gc,cpu         ] GC(212) User=0.00s Sys=0.00s Real=0.00s
[102.180s][info][gc,start       ] GC(213) Pause Young (Allocation Failure)
[102.181s][info][gc,heap        ] GC(213) PSYoungGen: 287264K(307712K)->64K(309248K) Eden: 287232K(287232K)->0K(287232K) From: 32K(20480K)->64K(22016K)
[102.181s][info][gc,heap        ] GC(213) ParOldGen: 262907K(263168K)->262907K(263168K)
[102.181s][info][gc,metaspace   ] GC(213) Metaspace: 35083K(35712K)->35083K(35712K) NonClass: 25904K(26368K)->25904K(26368K) Class: 9179K(9344K)->9179K(9344K)
[102.181s][info][gc             ] GC(213) Pause Young (Allocation Failure) 537M->256M(559M) 1.385ms
[102.181s][info][gc,cpu         ] GC(213) User=0.00s Sys=0.00s Real=0.00s
[102.568s][info][gc,start       ] GC(214) Pause Young (Allocation Failure)
[102.569s][info][gc,heap        ] GC(214) PSYoungGen: 287296K(309248K)->64K(309248K) Eden: 287232K(287232K)->0K(290816K) From: 64K(22016K)->64K(18432K)
[102.570s][info][gc,heap        ] GC(214) ParOldGen: 262907K(263168K)->262907K(263168K)
[102.570s][info][gc,metaspace   ] GC(214) Metaspace: 35083K(35712K)->35083K(35712K) NonClass: 25904K(26368K)->25904K(26368K) Class: 9179K(9344K)->9179K(9344K)
[102.570s][info][gc             ] GC(214) Pause Young (Allocation Failure) 537M->256M(559M) 1.130ms
[102.570s][info][gc,cpu         ] GC(214) User=0.00s Sys=0.00s Real=0.00s
[102.623s][info][gc,start       ] GC(215) Pause Young (Allocation Failure)
[102.624s][info][gc,heap        ] GC(215) PSYoungGen: 290880K(309248K)->64K(310784K) Eden: 290816K(290816K)->0K(290816K) From: 64K(18432K)->64K(19968K)
[102.624s][info][gc,heap        ] GC(215) ParOldGen: 262907K(263168K)->262923K(263168K)
[102.624s][info][gc,metaspace   ] GC(215) Metaspace: 35083K(35712K)->35083K(35712K) NonClass: 25904K(26368K)->25904K(26368K) Class: 9179K(9344K)->9179K(9344K)
[102.624s][info][gc             ] GC(215) Pause Young (Allocation Failure) 540M->256M(560M) 1.224ms
[102.624s][info][gc,cpu         ] GC(215) User=0.01s Sys=0.00s Real=0.00s
[102.675s][info][gc,start       ] GC(216) Pause Young (Allocation Failure)
[102.676s][info][gc,heap        ] GC(216) PSYoungGen: 290880K(310784K)->64K(311296K) Eden: 290816K(290816K)->0K(294912K) From: 64K(19968K)->64K(16384K)
[102.676s][info][gc,heap        ] GC(216) ParOldGen: 262923K(263168K)->262923K(263168K)
[102.676s][info][gc,metaspace   ] GC(216) Metaspace: 35083K(35712K)->35083K(35712K) NonClass: 25904K(26368K)->25904K(26368K) Class: 9179K(9344K)->9179K(9344K)
[102.676s][info][gc             ] GC(216) Pause Young (Allocation Failure) 540M->256M(561M) 0.993ms
[102.676s][info][gc,cpu         ] GC(216) User=0.01s Sys=0.00s Real=0.00s
[102.944s][info][gc,start       ] GC(217) Pause Young (Allocation Failure)
[102.945s][info][gc,heap        ] GC(217) PSYoungGen: 294976K(311296K)->64K(312832K) Eden: 294912K(294912K)->0K(294912K) From: 64K(16384K)->64K(17920K)
[102.945s][info][gc,heap        ] GC(217) ParOldGen: 262923K(263168K)->262923K(263168K)
[102.945s][info][gc,metaspace   ] GC(217) Metaspace: 35083K(35712K)->35083K(35712K) NonClass: 25904K(26368K)->25904K(26368K) Class: 9179K(9344K)->9179K(9344K)
[102.945s][info][gc             ] GC(217) Pause Young (Allocation Failure) 544M->256M(562M) 1.322ms
[102.945s][info][gc,cpu         ] GC(217) User=0.00s Sys=0.00s Real=0.00s
[103.228s][info][gc,start       ] GC(218) Pause Young (Allocation Failure)
[103.230s][info][gc,heap        ] GC(218) PSYoungGen: 294976K(312832K)->64K(313344K) Eden: 294912K(294912K)->0K(299008K) From: 64K(17920K)->64K(14336K)
[103.230s][info][gc,heap        ] GC(218) ParOldGen: 262923K(263168K)->262931K(263168K)
[103.230s][info][gc,metaspace   ] GC(218) Metaspace: 35083K(35712K)->35083K(35712K) NonClass: 25904K(26368K)->25904K(26368K) Class: 9179K(9344K)->9179K(9344K)
[103.230s][info][gc             ] GC(218) Pause Young (Allocation Failure) 544M->256M(563M) 1.272ms
[103.230s][info][gc,cpu         ] GC(218) User=0.00s Sys=0.00s Real=0.00s
[103.351s][info][gc,start       ] GC(219) Pause Young (Allocation Failure)
[103.353s][info][gc,heap        ] GC(219) PSYoungGen: 299072K(313344K)->64K(314880K) Eden: 299008K(299008K)->0K(299008K) From: 64K(14336K)->64K(15872K)
[103.353s][info][gc,heap        ] GC(219) ParOldGen: 262931K(263168K)->262939K(263168K)
[103.353s][info][gc,metaspace   ] GC(219) Metaspace: 35083K(35712K)->35083K(35712K) NonClass: 25904K(26368K)->25904K(26368K) Class: 9179K(9344K)->9179K(9344K)
[103.353s][info][gc             ] GC(219) Pause Young (Allocation Failure) 548M->256M(564M) 1.254ms
[103.353s][info][gc,cpu         ] GC(219) User=0.00s Sys=0.00s Real=0.01s
[103.484s][info][gc,start       ] GC(220) Pause Young (Allocation Failure)
[103.485s][info][gc,heap        ] GC(220) PSYoungGen: 299072K(314880K)->64K(315392K) Eden: 299008K(299008K)->0K(303104K) From: 64K(15872K)->64K(12288K)
[103.485s][info][gc,heap        ] GC(220) ParOldGen: 262939K(263168K)->262947K(263168K)
[103.485s][info][gc,metaspace   ] GC(220) Metaspace: 35083K(35712K)->35083K(35712K) NonClass: 25904K(26368K)->25904K(26368K) Class: 9179K(9344K)->9179K(9344K)
[103.485s][info][gc             ] GC(220) Pause Young (Allocation Failure) 548M->256M(565M) 1.297ms
[103.485s][info][gc,cpu         ] GC(220) User=0.01s Sys=0.00s Real=0.00s
[103.879s][info][gc,start       ] GC(221) Pause Young (Allocation Failure)
[103.881s][info][gc,heap        ] GC(221) PSYoungGen: 303168K(315392K)->64K(291328K) Eden: 303104K(303104K)->0K(290816K) From: 64K(12288K)->64K(512K)
[103.881s][info][gc,heap        ] GC(221) ParOldGen: 262947K(263168K)->262955K(263168K)
[103.881s][info][gc,metaspace   ] GC(221) Metaspace: 35083K(35712K)->35083K(35712K) NonClass: 25904K(26368K)->25904K(26368K) Class: 9179K(9344K)->9179K(9344K)
[103.881s][info][gc             ] GC(221) Pause Young (Allocation Failure) 552M->256M(541M) 1.962ms
[103.881s][info][gc,cpu         ] GC(221) User=0.00s Sys=0.01s Real=0.00s
[104.563s][info][gc,start       ] GC(222) Pause Young (Allocation Failure)
[104.564s][info][gc,heap        ] GC(222) PSYoungGen: 290880K(291328K)->64K(279552K) Eden: 290816K(290816K)->0K(279040K) From: 64K(512K)->64K(512K)
[104.564s][info][gc,heap        ] GC(222) ParOldGen: 262955K(263168K)->262963K(263168K)
[104.564s][info][gc,metaspace   ] GC(222) Metaspace: 35083K(35712K)->35083K(35712K) NonClass: 25904K(26368K)->25904K(26368K) Class: 9179K(9344K)->9179K(9344K)
[104.564s][info][gc             ] GC(222) Pause Young (Allocation Failure) 540M->256M(530M) 1.414ms
[104.564s][info][gc,cpu         ] GC(222) User=0.00s Sys=0.00s Real=0.00s
[105.528s][info][gc,start       ] GC(223) Pause Young (Allocation Failure)
[105.529s][info][gc,heap        ] GC(223) PSYoungGen: 279104K(279552K)->64K(280064K) Eden: 279040K(279040K)->0K(267776K) From: 64K(512K)->64K(12288K)
[105.529s][info][gc,heap        ] GC(223) ParOldGen: 262963K(263168K)->262979K(263168K)
[105.529s][info][gc,metaspace   ] GC(223) Metaspace: 35083K(35712K)->35083K(35712K) NonClass: 25904K(26368K)->25904K(26368K) Class: 9179K(9344K)->9179K(9344K)
[105.529s][info][gc             ] GC(223) Pause Young (Allocation Failure) 529M->256M(530M) 1.099ms
[105.529s][info][gc,cpu         ] GC(223) User=0.00s Sys=0.00s Real=0.00s
[105.998s][info][gc,start       ] GC(224) Pause Young (Allocation Failure)
[106.000s][info][gc,heap        ] GC(224) PSYoungGen: 267840K(280064K)->64K(257536K) Eden: 267776K(267776K)->0K(257024K) From: 64K(12288K)->64K(512K)
[106.000s][info][gc,heap        ] GC(224) ParOldGen: 262979K(263168K)->262987K(263168K)
[106.000s][info][gc,metaspace   ] GC(224) Metaspace: 35083K(35712K)->35083K(35712K) NonClass: 25904K(26368K)->25904K(26368K) Class: 9179K(9344K)->9179K(9344K)
[106.000s][info][gc             ] GC(224) Pause Young (Allocation Failure) 518M->256M(508M) 1.539ms
[106.000s][info][gc,cpu         ] GC(224) User=0.00s Sys=0.00s Real=0.00s
[107.076s][info][gc,start       ] GC(225) Pause Young (Allocation Failure)
[107.078s][info][gc,heap        ] GC(225) PSYoungGen: 257088K(257536K)->64K(257536K) Eden: 257024K(257024K)->0K(246784K) From: 64K(512K)->64K(10752K)
[107.078s][info][gc,heap        ] GC(225) ParOldGen: 262987K(263168K)->262995K(263168K)
[107.078s][info][gc,metaspace   ] GC(225) Metaspace: 35083K(35712K)->35083K(35712K) NonClass: 25904K(26368K)->25904K(26368K) Class: 9179K(9344K)->9179K(9344K)
[107.079s][info][gc             ] GC(225) Pause Young (Allocation Failure) 507M->256M(508M) 2.124ms
[107.079s][info][gc,cpu         ] GC(225) User=0.00s Sys=0.00s Real=0.00s
[107.509s][info][gc,start       ] GC(226) Pause Young (Allocation Failure)
[107.512s][info][gc,heap        ] GC(226) PSYoungGen: 246848K(257536K)->64K(237568K) Eden: 246784K(246784K)->0K(237056K) From: 64K(10752K)->64K(512K)
[107.512s][info][gc,heap        ] GC(226) ParOldGen: 262995K(263168K)->263003K(263168K)
[107.512s][info][gc,metaspace   ] GC(226) Metaspace: 35083K(35712K)->35083K(35712K) NonClass: 25904K(26368K)->25904K(26368K) Class: 9179K(9344K)->9179K(9344K)
[107.512s][info][gc             ] GC(226) Pause Young (Allocation Failure) 497M->256M(489M) 2.756ms
[107.512s][info][gc,cpu         ] GC(226) User=0.01s Sys=0.00s Real=0.01s
[107.667s][info][gc,start       ] GC(227) Pause Young (Allocation Failure)
[107.669s][info][gc,heap        ] GC(227) PSYoungGen: 237120K(237568K)->64K(237056K) Eden: 237056K(237056K)->0K(227840K) From: 64K(512K)->64K(9216K)
[107.669s][info][gc,heap        ] GC(227) ParOldGen: 263003K(263168K)->263019K(263168K)
[107.669s][info][gc,metaspace   ] GC(227) Metaspace: 35083K(35712K)->35083K(35712K) NonClass: 25904K(26368K)->25904K(26368K) Class: 9179K(9344K)->9179K(9344K)
[107.669s][info][gc             ] GC(227) Pause Young (Allocation Failure) 488M->256M(488M) 2.044ms
[107.669s][info][gc,cpu         ] GC(227) User=0.00s Sys=0.00s Real=0.00s
[107.928s][info][gc,start       ] GC(228) Pause Young (Allocation Failure)
[107.932s][info][gc,heap        ] GC(228) PSYoungGen: 227904K(237056K)->64K(219648K) Eden: 227840K(227840K)->0K(219136K) From: 64K(9216K)->64K(512K)
[107.932s][info][gc,heap        ] GC(228) ParOldGen: 263019K(263168K)->263027K(263168K)
[107.932s][info][gc,metaspace   ] GC(228) Metaspace: 35083K(35712K)->35083K(35712K) NonClass: 25904K(26368K)->25904K(26368K) Class: 9179K(9344K)->9179K(9344K)
[107.932s][info][gc             ] GC(228) Pause Young (Allocation Failure) 479M->256M(471M) 3.153ms
[107.932s][info][gc,cpu         ] GC(228) User=0.00s Sys=0.00s Real=0.00s
[108.420s][info][gc,start       ] GC(229) Pause Young (Allocation Failure)
[108.423s][info][gc,heap        ] GC(229) PSYoungGen: 219200K(219648K)->64K(219136K) Eden: 219136K(219136K)->0K(210944K) From: 64K(512K)->64K(8192K)
[108.423s][info][gc,heap        ] GC(229) ParOldGen: 263027K(263168K)->263035K(263168K)
[108.423s][info][gc,metaspace   ] GC(229) Metaspace: 35083K(35712K)->35083K(35712K) NonClass: 25904K(26368K)->25904K(26368K) Class: 9179K(9344K)->9179K(9344K)
[108.423s][info][gc             ] GC(229) Pause Young (Allocation Failure) 470M->256M(471M) 2.527ms
[108.423s][info][gc,cpu         ] GC(229) User=0.00s Sys=0.00s Real=0.01s
[108.701s][info][gc,start       ] GC(230) Pause Young (Allocation Failure)
[108.703s][info][gc,heap        ] GC(230) PSYoungGen: 211008K(219136K)->64K(203776K) Eden: 210944K(210944K)->0K(203264K) From: 64K(8192K)->64K(512K)
[108.703s][info][gc,heap        ] GC(230) ParOldGen: 263035K(263168K)->263043K(263168K)
[108.703s][info][gc,metaspace   ] GC(230) Metaspace: 35083K(35712K)->35083K(35712K) NonClass: 25904K(26368K)->25904K(26368K) Class: 9179K(9344K)->9179K(9344K)
[108.703s][info][gc             ] GC(230) Pause Young (Allocation Failure) 462M->256M(456M) 2.644ms
[108.703s][info][gc,cpu         ] GC(230) User=0.01s Sys=0.00s Real=0.01s
[108.976s][info][gc,start       ] GC(231) Pause Young (Allocation Failure)
[109.015s][info][gc,heap        ] GC(231) PSYoungGen: 203328K(203776K)->7168K(251392K) Eden: 203264K(203264K)->0K(244224K) From: 64K(512K)->7168K(7168K)
[109.015s][info][gc,heap        ] GC(231) ParOldGen: 263043K(263168K)->275779K(275968K)
[109.015s][info][gc,metaspace   ] GC(231) Metaspace: 35083K(35712K)->35083K(35712K) NonClass: 25904K(26368K)->25904K(26368K) Class: 9179K(9344K)->9179K(9344K)
[109.015s][info][gc             ] GC(231) Pause Young (Allocation Failure) 455M->276M(515M) 39.055ms
[109.015s][info][gc,cpu         ] GC(231) User=0.06s Sys=0.01s Real=0.04s
[109.317s][info][gc,start       ] GC(232) Pause Young (Allocation Failure)
[109.377s][info][gc,heap        ] GC(232) PSYoungGen: 251392K(251392K)->7168K(249344K) Eden: 244224K(244224K)->0K(242176K) From: 7168K(7168K)->7168K(7168K)
[109.377s][info][gc,heap        ] GC(232) ParOldGen: 275779K(275968K)->296595K(296960K)
[109.377s][info][gc,metaspace   ] GC(232) Metaspace: 35083K(35712K)->35083K(35712K) NonClass: 25904K(26368K)->25904K(26368K) Class: 9179K(9344K)->9179K(9344K)
[109.377s][info][gc             ] GC(232) Pause Young (Allocation Failure) 514M->296M(533M) 59.429ms
[109.377s][info][gc,cpu         ] GC(232) User=0.09s Sys=0.02s Real=0.06s
[109.571s][info][gc,start       ] GC(233) Pause Young (Allocation Failure)
[109.600s][info][gc,heap        ] GC(233) PSYoungGen: 249344K(249344K)->15136K(264192K) Eden: 242176K(242176K)->0K(242176K) From: 7168K(7168K)->15136K(22016K)
[109.600s][info][gc,heap        ] GC(233) ParOldGen: 296595K(296960K)->297155K(297472K)
[109.600s][info][gc,metaspace   ] GC(233) Metaspace: 35083K(35712K)->35083K(35712K) NonClass: 25904K(26368K)->25904K(26368K) Class: 9179K(9344K)->9179K(9344K)
[109.600s][info][gc             ] GC(233) Pause Young (Allocation Failure) 533M->304M(548M) 29.479ms
[109.600s][info][gc,cpu         ] GC(233) User=0.06s Sys=0.00s Real=0.03s
[109.833s][info][gc,start       ] GC(234) Pause Young (Allocation Failure)
[109.834s][info][gc,heap        ] GC(234) PSYoungGen: 257312K(264192K)->64K(310784K) Eden: 242176K(242176K)->0K(286720K) From: 15136K(22016K)->64K(24064K)
[109.834s][info][gc,heap        ] GC(234) ParOldGen: 297155K(297472K)->297163K(297472K)
[109.834s][info][gc,metaspace   ] GC(234) Metaspace: 35083K(35712K)->35083K(35712K) NonClass: 25904K(26368K)->25904K(26368K) Class: 9179K(9344K)->9179K(9344K)
[109.834s][info][gc             ] GC(234) Pause Young (Allocation Failure) 541M->290M(594M) 1.345ms
[109.834s][info][gc,cpu         ] GC(234) User=0.00s Sys=0.00s Real=0.00s
[110.560s][info][gc,start       ] GC(235) Pause Young (Allocation Failure)
[110.561s][info][gc,heap        ] GC(235) PSYoungGen: 286784K(310784K)->64K(287232K) Eden: 286720K(286720K)->0K(286720K) From: 64K(24064K)->64K(512K)
[110.561s][info][gc,heap        ] GC(235) ParOldGen: 297163K(297472K)->297171K(297472K)
[110.561s][info][gc,metaspace   ] GC(235) Metaspace: 35084K(35712K)->35084K(35712K) NonClass: 25905K(26368K)->25905K(26368K) Class: 9179K(9344K)->9179K(9344K)
[110.561s][info][gc             ] GC(235) Pause Young (Allocation Failure) 570M->290M(571M) 1.371ms
[110.561s][info][gc,cpu         ] GC(235) User=0.00s Sys=0.00s Real=0.00s
[111.070s][info][gc,start       ] GC(236) Pause Young (Allocation Failure)
[111.071s][info][gc,heap        ] GC(236) PSYoungGen: 286784K(287232K)->64K(310272K) Eden: 286720K(286720K)->0K(287744K) From: 64K(512K)->64K(22528K)
[111.071s][info][gc,heap        ] GC(236) ParOldGen: 297171K(297472K)->297187K(297472K)
[111.071s][info][gc,metaspace   ] GC(236) Metaspace: 35084K(35712K)->35084K(35712K) NonClass: 25905K(26368K)->25905K(26368K) Class: 9179K(9344K)->9179K(9344K)
[111.071s][info][gc             ] GC(236) Pause Young (Allocation Failure) 570M->290M(593M) 1.369ms
[111.071s][info][gc,cpu         ] GC(236) User=0.00s Sys=0.00s Real=0.00s
[111.323s][info][gc,start       ] GC(237) Pause Young (Allocation Failure)
[111.325s][info][gc,heap        ] GC(237) PSYoungGen: 287808K(310272K)->64K(309248K) Eden: 287744K(287744K)->0K(287744K) From: 64K(22528K)->64K(21504K)
[111.325s][info][gc,heap        ] GC(237) ParOldGen: 297187K(297472K)->297203K(297472K)
[111.325s][info][gc,metaspace   ] GC(237) Metaspace: 35084K(35712K)->35084K(35712K) NonClass: 25905K(26368K)->25905K(26368K) Class: 9179K(9344K)->9179K(9344K)
[111.325s][info][gc             ] GC(237) Pause Young (Allocation Failure) 571M->290M(592M) 1.354ms
[111.325s][info][gc,cpu         ] GC(237) User=0.00s Sys=0.00s Real=0.00s
[111.575s][info][gc,start       ] GC(238) Pause Young (Allocation Failure)
[111.577s][info][gc,heap        ] GC(238) PSYoungGen: 287808K(309248K)->64K(311296K) Eden: 287744K(287744K)->0K(290816K) From: 64K(21504K)->64K(20480K)
[111.577s][info][gc,heap        ] GC(238) ParOldGen: 297203K(297472K)->297203K(297472K)
[111.577s][info][gc,metaspace   ] GC(238) Metaspace: 35084K(35712K)->35084K(35712K) NonClass: 25905K(26368K)->25905K(26368K) Class: 9179K(9344K)->9179K(9344K)
[111.577s][info][gc             ] GC(238) Pause Young (Allocation Failure) 571M->290M(594M) 1.266ms
[111.577s][info][gc,cpu         ] GC(238) User=0.01s Sys=0.00s Real=0.00s
[111.935s][info][gc,start       ] GC(239) Pause Young (Allocation Failure)
[111.936s][info][gc,heap        ] GC(239) PSYoungGen: 290880K(311296K)->64K(310272K) Eden: 290816K(290816K)->0K(290816K) From: 64K(20480K)->64K(19456K)
[111.936s][info][gc,heap        ] GC(239) ParOldGen: 297203K(297472K)->297203K(297472K)
[111.936s][info][gc,metaspace   ] GC(239) Metaspace: 35084K(35712K)->35084K(35712K) NonClass: 25905K(26368K)->25905K(26368K) Class: 9179K(9344K)->9179K(9344K)
[111.936s][info][gc             ] GC(239) Pause Young (Allocation Failure) 574M->290M(593M) 1.331ms
[111.936s][info][gc,cpu         ] GC(239) User=0.00s Sys=0.00s Real=0.00s
[111.988s][info][gc,start       ] GC(240) Pause Young (Allocation Failure)
[111.989s][info][gc,heap        ] GC(240) PSYoungGen: 290880K(310272K)->64K(312832K) Eden: 290816K(290816K)->0K(294400K) From: 64K(19456K)->64K(18432K)
[111.989s][info][gc,heap        ] GC(240) ParOldGen: 297203K(297472K)->297219K(297472K)
[111.989s][info][gc,metaspace   ] GC(240) Metaspace: 35084K(35712K)->35084K(35712K) NonClass: 25905K(26368K)->25905K(26368K) Class: 9179K(9344K)->9179K(9344K)
[111.989s][info][gc             ] GC(240) Pause Young (Allocation Failure) 574M->290M(596M) 1.286ms
[111.989s][info][gc,cpu         ] GC(240) User=0.00s Sys=0.00s Real=0.00s
[112.044s][info][gc,start       ] GC(241) Pause Young (Allocation Failure)
[112.045s][info][gc,heap        ] GC(241) PSYoungGen: 294464K(312832K)->64K(312320K) Eden: 294400K(294400K)->0K(294400K) From: 64K(18432K)->64K(17920K)
[112.045s][info][gc,heap        ] GC(241) ParOldGen: 297219K(297472K)->297219K(297472K)
[112.045s][info][gc,metaspace   ] GC(241) Metaspace: 35084K(35712K)->35084K(35712K) NonClass: 25905K(26368K)->25905K(26368K) Class: 9179K(9344K)->9179K(9344K)
[112.045s][info][gc             ] GC(241) Pause Young (Allocation Failure) 577M->290M(595M) 1.261ms
[112.045s][info][gc,cpu         ] GC(241) User=0.00s Sys=0.00s Real=0.00s
[112.343s][info][gc,start       ] GC(242) Pause Young (Allocation Failure)
[112.344s][info][gc,heap        ] GC(242) PSYoungGen: 294464K(312320K)->64K(314880K) Eden: 294400K(294400K)->0K(298496K) From: 64K(17920K)->64K(16384K)
[112.344s][info][gc,heap        ] GC(242) ParOldGen: 297219K(297472K)->297219K(297472K)
[112.344s][info][gc,metaspace   ] GC(242) Metaspace: 35084K(35712K)->35084K(35712K) NonClass: 25905K(26368K)->25905K(26368K) Class: 9179K(9344K)->9179K(9344K)
[112.344s][info][gc             ] GC(242) Pause Young (Allocation Failure) 577M->290M(598M) 1.371ms
[112.344s][info][gc,cpu         ] GC(242) User=0.00s Sys=0.00s Real=0.00s
[112.603s][info][gc,start       ] GC(243) Pause Young (Allocation Failure)
[112.605s][info][gc,heap        ] GC(243) PSYoungGen: 298560K(314880K)->64K(314368K) Eden: 298496K(298496K)->0K(298496K) From: 64K(16384K)->64K(15872K)
[112.605s][info][gc,heap        ] GC(243) ParOldGen: 297219K(297472K)->297235K(297472K)
[112.605s][info][gc,metaspace   ] GC(243) Metaspace: 35085K(35712K)->35085K(35712K) NonClass: 25906K(26368K)->25906K(26368K) Class: 9179K(9344K)->9179K(9344K)
[112.605s][info][gc             ] GC(243) Pause Young (Allocation Failure) 581M->290M(597M) 2.261ms
[112.605s][info][gc,cpu         ] GC(243) User=0.00s Sys=0.00s Real=0.00s
[112.697s][info][gc,start       ] GC(244) Pause Young (Allocation Failure)
[112.699s][info][gc,heap        ] GC(244) PSYoungGen: 298560K(314368K)->64K(316928K) Eden: 298496K(298496K)->0K(302592K) From: 64K(15872K)->64K(14336K)
[112.699s][info][gc,heap        ] GC(244) ParOldGen: 297235K(297472K)->297251K(297472K)
[112.699s][info][gc,metaspace   ] GC(244) Metaspace: 35085K(35712K)->35085K(35712K) NonClass: 25906K(26368K)->25906K(26368K) Class: 9179K(9344K)->9179K(9344K)
[112.699s][info][gc             ] GC(244) Pause Young (Allocation Failure) 581M->290M(600M) 2.295ms
[112.699s][info][gc,cpu         ] GC(244) User=0.00s Sys=0.00s Real=0.00s
[112.857s][info][gc,start       ] GC(245) Pause Young (Allocation Failure)
[112.858s][info][gc,heap        ] GC(245) PSYoungGen: 302656K(316928K)->64K(316416K) Eden: 302592K(302592K)->0K(302592K) From: 64K(14336K)->64K(13824K)
[112.858s][info][gc,heap        ] GC(245) ParOldGen: 297251K(297472K)->297259K(297472K)
[112.858s][info][gc,metaspace   ] GC(245) Metaspace: 35085K(35712K)->35085K(35712K) NonClass: 25906K(26368K)->25906K(26368K) Class: 9179K(9344K)->9179K(9344K)
[112.858s][info][gc             ] GC(245) Pause Young (Allocation Failure) 585M->290M(599M) 1.907ms
[112.858s][info][gc,cpu         ] GC(245) User=0.00s Sys=0.00s Real=0.00s
[113.304s][info][gc,start       ] GC(246) Pause Young (Allocation Failure)
[113.306s][info][gc,heap        ] GC(246) PSYoungGen: 302656K(316416K)->64K(318976K) Eden: 302592K(302592K)->0K(306688K) From: 64K(13824K)->64K(12288K)
[113.306s][info][gc,heap        ] GC(246) ParOldGen: 297259K(297472K)->297267K(297472K)
[113.306s][info][gc,metaspace   ] GC(246) Metaspace: 35085K(35712K)->35085K(35712K) NonClass: 25906K(26368K)->25906K(26368K) Class: 9179K(9344K)->9179K(9344K)
[113.306s][info][gc             ] GC(246) Pause Young (Allocation Failure) 585M->290M(602M) 1.468ms
[113.306s][info][gc,cpu         ] GC(246) User=0.00s Sys=0.00s Real=0.00s
[114.587s][info][gc,start       ] GC(247) Pause Young (Allocation Failure)
[114.588s][info][gc,heap        ] GC(247) PSYoungGen: 306752K(318976K)->64K(294912K) Eden: 306688K(306688K)->0K(294400K) From: 64K(12288K)->64K(512K)
[114.588s][info][gc,heap        ] GC(247) ParOldGen: 297267K(297472K)->297275K(297472K)
[114.588s][info][gc,metaspace   ] GC(247) Metaspace: 35085K(35712K)->35085K(35712K) NonClass: 25906K(26368K)->25906K(26368K) Class: 9179K(9344K)->9179K(9344K)
[114.588s][info][gc             ] GC(247) Pause Young (Allocation Failure) 589M->290M(578M) 1.422ms
[114.589s][info][gc,cpu         ] GC(247) User=0.00s Sys=0.00s Real=0.00s
[115.061s][info][gc,start       ] GC(248) Pause Young (Allocation Failure)
[115.062s][info][gc,heap        ] GC(248) PSYoungGen: 294464K(294912K)->64K(283136K) Eden: 294400K(294400K)->0K(282624K) From: 64K(512K)->64K(512K)
[115.062s][info][gc,heap        ] GC(248) ParOldGen: 297275K(297472K)->297283K(297472K)
[115.062s][info][gc,metaspace   ] GC(248) Metaspace: 35085K(35712K)->35085K(35712K) NonClass: 25906K(26368K)->25906K(26368K) Class: 9179K(9344K)->9179K(9344K)
[115.062s][info][gc             ] GC(248) Pause Young (Allocation Failure) 577M->290M(567M) 1.375ms
[115.062s][info][gc,cpu         ] GC(248) User=0.00s Sys=0.00s Real=0.01s
[115.791s][info][gc,start       ] GC(249) Pause Young (Allocation Failure)
[115.792s][info][gc,heap        ] GC(249) PSYoungGen: 282688K(283136K)->64K(282112K) Eden: 282624K(282624K)->0K(271360K) From: 64K(512K)->64K(10752K)
[115.792s][info][gc,heap        ] GC(249) ParOldGen: 297283K(297472K)->297291K(297472K)
[115.792s][info][gc,metaspace   ] GC(249) Metaspace: 35085K(35712K)->35085K(35712K) NonClass: 25906K(26368K)->25906K(26368K) Class: 9179K(9344K)->9179K(9344K)
[115.792s][info][gc             ] GC(249) Pause Young (Allocation Failure) 566M->290M(566M) 1.390ms
[115.792s][info][gc,cpu         ] GC(249) User=0.00s Sys=0.00s Real=0.01s
[116.607s][info][gc,start       ] GC(250) Pause Young (Allocation Failure)
[116.609s][info][gc,heap        ] GC(250) PSYoungGen: 271424K(282112K)->64K(261120K) Eden: 271360K(271360K)->0K(260608K) From: 64K(10752K)->64K(512K)
[116.609s][info][gc,heap        ] GC(250) ParOldGen: 297291K(297472K)->297299K(297472K)
[116.609s][info][gc,metaspace   ] GC(250) Metaspace: 35085K(35712K)->35085K(35712K) NonClass: 25906K(26368K)->25906K(26368K) Class: 9179K(9344K)->9179K(9344K)
[116.609s][info][gc             ] GC(250) Pause Young (Allocation Failure) 555M->290M(545M) 1.997ms
[116.609s][info][gc,cpu         ] GC(250) User=0.00s Sys=0.00s Real=0.00s
[116.986s][info][gc,start       ] GC(251) Pause Young (Allocation Failure)
[116.988s][info][gc,heap        ] GC(251) PSYoungGen: 260672K(261120K)->64K(259584K) Eden: 260608K(260608K)->0K(250368K) From: 64K(512K)->64K(9216K)
[116.988s][info][gc,heap        ] GC(251) ParOldGen: 297299K(297472K)->297315K(297472K)
[116.988s][info][gc,metaspace   ] GC(251) Metaspace: 35085K(35712K)->35085K(35712K) NonClass: 25906K(26368K)->25906K(26368K) Class: 9179K(9344K)->9179K(9344K)
[116.988s][info][gc             ] GC(251) Pause Young (Allocation Failure) 544M->290M(544M) 2.304ms
[116.988s][info][gc,cpu         ] GC(251) User=0.00s Sys=0.00s Real=0.00s
[117.094s][info][gc,start       ] GC(252) Pause Young (Allocation Failure)
[117.098s][info][gc,heap        ] GC(252) PSYoungGen: 250432K(259584K)->64K(241152K) Eden: 250368K(250368K)->0K(240640K) From: 64K(9216K)->64K(512K)
[117.098s][info][gc,heap        ] GC(252) ParOldGen: 297315K(297472K)->297331K(297472K)
[117.098s][info][gc,metaspace   ] GC(252) Metaspace: 35085K(35712K)->35085K(35712K) NonClass: 25906K(26368K)->25906K(26368K) Class: 9179K(9344K)->9179K(9344K)
[117.098s][info][gc             ] GC(252) Pause Young (Allocation Failure) 534M->290M(526M) 3.251ms
[117.098s][info][gc,cpu         ] GC(252) User=0.01s Sys=0.00s Real=0.00s
[117.726s][info][gc,start       ] GC(253) Pause Young (Allocation Failure)
[117.728s][info][gc,heap        ] GC(253) PSYoungGen: 240704K(241152K)->64K(239616K) Eden: 240640K(240640K)->0K(231424K) From: 64K(512K)->64K(8192K)
[117.728s][info][gc,heap        ] GC(253) ParOldGen: 297331K(297472K)->297347K(297472K)
[117.728s][info][gc,metaspace   ] GC(253) Metaspace: 35085K(35712K)->35085K(35712K) NonClass: 25906K(26368K)->25906K(26368K) Class: 9179K(9344K)->9179K(9344K)
[117.728s][info][gc             ] GC(253) Pause Young (Allocation Failure) 525M->290M(524M) 2.613ms
[117.728s][info][gc,cpu         ] GC(253) User=0.00s Sys=0.00s Real=0.00s
[118.000s][info][gc,start       ] GC(254) Pause Young (Allocation Failure)
[118.003s][info][gc,heap        ] GC(254) PSYoungGen: 231487K(239616K)->64K(223232K) Eden: 231423K(231424K)->0K(222720K) From: 64K(8192K)->64K(512K)
[118.003s][info][gc,heap        ] GC(254) ParOldGen: 297347K(297472K)->297363K(297472K)
[118.003s][info][gc,metaspace   ] GC(254) Metaspace: 35085K(35712K)->35085K(35712K) NonClass: 25906K(26368K)->25906K(26368K) Class: 9179K(9344K)->9179K(9344K)
[118.003s][info][gc             ] GC(254) Pause Young (Allocation Failure) 516M->290M(508M) 2.865ms
[118.003s][info][gc,cpu         ] GC(254) User=0.00s Sys=0.00s Real=0.01s
[118.310s][info][gc,start       ] GC(255) Pause Young (Allocation Failure)
[118.349s][info][gc,heap        ] GC(255) PSYoungGen: 222784K(223232K)->7168K(274432K) Eden: 222720K(222720K)->0K(267264K) From: 64K(512K)->7168K(7168K)
[118.349s][info][gc,heap        ] GC(255) ParOldGen: 297363K(297472K)->310139K(310272K)
[118.349s][info][gc,metaspace   ] GC(255) Metaspace: 35085K(35712K)->35085K(35712K) NonClass: 25906K(26368K)->25906K(26368K) Class: 9179K(9344K)->9179K(9344K)
[118.349s][info][gc             ] GC(255) Pause Young (Allocation Failure) 507M->309M(571M) 39.104ms
[118.349s][info][gc,cpu         ] GC(255) User=0.07s Sys=0.00s Real=0.04s
[118.679s][info][gc,start       ] GC(256) Pause Young (Allocation Failure)
[118.748s][info][gc,heap        ] GC(256) PSYoungGen: 274432K(274432K)->13824K(271872K) Eden: 267264K(267264K)->0K(258048K) From: 7168K(7168K)->13824K(13824K)
[118.748s][info][gc,heap        ] GC(256) ParOldGen: 310139K(310272K)->326899K(327168K)
[118.748s][info][gc,metaspace   ] GC(256) Metaspace: 35085K(35712K)->35085K(35712K) NonClass: 25906K(26368K)->25906K(26368K) Class: 9179K(9344K)->9179K(9344K)
[118.748s][info][gc             ] GC(256) Pause Young (Allocation Failure) 570M->332M(585M) 68.328ms
[118.748s][info][gc,cpu         ] GC(256) User=0.11s Sys=0.03s Real=0.07s
[118.923s][info][gc,start       ] GC(257) Pause Young (Allocation Failure)
[118.947s][info][gc,heap        ] GC(257) PSYoungGen: 271872K(271872K)->12480K(281088K) Eden: 258048K(258048K)->0K(258048K) From: 13824K(13824K)->12480K(23040K)
[118.947s][info][gc,heap        ] GC(257) ParOldGen: 326899K(327168K)->327347K(327680K)
[118.947s][info][gc,metaspace   ] GC(257) Metaspace: 35085K(35712K)->35085K(35712K) NonClass: 25906K(26368K)->25906K(26368K) Class: 9179K(9344K)->9179K(9344K)
[118.947s][info][gc             ] GC(257) Pause Young (Allocation Failure) 584M->331M(594M) 23.327ms
[118.947s][info][gc,cpu         ] GC(257) User=0.05s Sys=0.00s Real=0.02s
[119.314s][info][gc,start       ] GC(258) Pause Young (Allocation Failure)
[119.316s][info][gc,heap        ] GC(258) PSYoungGen: 270528K(281088K)->64K(310272K) Eden: 258048K(258048K)->0K(287232K) From: 12480K(23040K)->64K(23040K)
[119.316s][info][gc,heap        ] GC(258) ParOldGen: 327347K(327680K)->327355K(327680K)
[119.316s][info][gc,metaspace   ] GC(258) Metaspace: 35085K(35712K)->35085K(35712K) NonClass: 25906K(26368K)->25906K(26368K) Class: 9179K(9344K)->9179K(9344K)
[119.316s][info][gc             ] GC(258) Pause Young (Allocation Failure) 583M->319M(623M) 1.420ms
[119.316s][info][gc,cpu         ] GC(258) User=0.00s Sys=0.00s Real=0.00s
[119.955s][info][gc,start       ] GC(259) Pause Young (Allocation Failure)
[119.956s][info][gc,heap        ] GC(259) PSYoungGen: 287296K(310272K)->64K(287744K) Eden: 287232K(287232K)->0K(287232K) From: 64K(23040K)->64K(512K)
[119.957s][info][gc,heap        ] GC(259) ParOldGen: 327355K(327680K)->327363K(327680K)
[119.957s][info][gc,metaspace   ] GC(259) Metaspace: 35085K(35712K)->35085K(35712K) NonClass: 25906K(26368K)->25906K(26368K) Class: 9179K(9344K)->9179K(9344K)
[119.957s][info][gc             ] GC(259) Pause Young (Allocation Failure) 600M->319M(601M) 1.432ms
[119.957s][info][gc,cpu         ] GC(259) User=0.01s Sys=0.00s Real=0.00s
[120.433s][info][gc,start       ] GC(260) Pause Young (Allocation Failure)
[120.435s][info][gc,heap        ] GC(260) PSYoungGen: 287296K(287744K)->64K(310272K) Eden: 287232K(287232K)->0K(288256K) From: 64K(512K)->64K(22016K)
[120.435s][info][gc,heap        ] GC(260) ParOldGen: 327363K(327680K)->327379K(327680K)
[120.435s][info][gc,metaspace   ] GC(260) Metaspace: 35085K(35712K)->35085K(35712K) NonClass: 25906K(26368K)->25906K(26368K) Class: 9179K(9344K)->9179K(9344K)
[120.435s][info][gc             ] GC(260) Pause Young (Allocation Failure) 600M->319M(623M) 1.507ms
[120.435s][info][gc,cpu         ] GC(260) User=0.00s Sys=0.00s Real=0.00s
[120.686s][info][gc,start       ] GC(261) Pause Young (Allocation Failure)
[120.687s][info][gc,heap        ] GC(261) PSYoungGen: 288320K(310272K)->64K(309760K) Eden: 288256K(288256K)->0K(288256K) From: 64K(22016K)->64K(21504K)
[120.687s][info][gc,heap        ] GC(261) ParOldGen: 327379K(327680K)->327395K(327680K)
[120.687s][info][gc,metaspace   ] GC(261) Metaspace: 35085K(35712K)->35085K(35712K) NonClass: 25906K(26368K)->25906K(26368K) Class: 9179K(9344K)->9179K(9344K)
[120.687s][info][gc             ] GC(261) Pause Young (Allocation Failure) 601M->319M(622M) 1.367ms
[120.687s][info][gc,cpu         ] GC(261) User=0.00s Sys=0.00s Real=0.00s
[120.938s][info][gc,start       ] GC(262) Pause Young (Allocation Failure)
[120.939s][info][gc,heap        ] GC(262) PSYoungGen: 288320K(309760K)->64K(311296K) Eden: 288256K(288256K)->0K(291328K) From: 64K(21504K)->64K(19968K)
[120.939s][info][gc,heap        ] GC(262) ParOldGen: 327395K(327680K)->327395K(327680K)
[120.939s][info][gc,metaspace   ] GC(262) Metaspace: 35085K(35712K)->35085K(35712K) NonClass: 25906K(26368K)->25906K(26368K) Class: 9179K(9344K)->9179K(9344K)
[120.940s][info][gc             ] GC(262) Pause Young (Allocation Failure) 601M->319M(624M) 1.404ms
[120.940s][info][gc,cpu         ] GC(262) User=0.01s Sys=0.00s Real=0.00s
[121.255s][info][gc,start       ] GC(263) Pause Young (Allocation Failure)
[121.256s][info][gc,heap        ] GC(263) PSYoungGen: 291392K(311296K)->64K(310784K) Eden: 291328K(291328K)->0K(291328K) From: 64K(19968K)->64K(19456K)
[121.256s][info][gc,heap        ] GC(263) ParOldGen: 327395K(327680K)->327395K(327680K)
[121.256s][info][gc,metaspace   ] GC(263) Metaspace: 35085K(35712K)->35085K(35712K) NonClass: 25906K(26368K)->25906K(26368K) Class: 9179K(9344K)->9179K(9344K)
[121.256s][info][gc             ] GC(263) Pause Young (Allocation Failure) 604M->319M(623M) 1.328ms
[121.256s][info][gc,cpu         ] GC(263) User=0.00s Sys=0.00s Real=0.00s
[121.307s][info][gc,start       ] GC(264) Pause Young (Allocation Failure)
[121.308s][info][gc,heap        ] GC(264) PSYoungGen: 291392K(310784K)->64K(313344K) Eden: 291328K(291328K)->0K(295424K) From: 64K(19456K)->64K(17920K)
[121.308s][info][gc,heap        ] GC(264) ParOldGen: 327395K(327680K)->327411K(327680K)
[121.308s][info][gc,metaspace   ] GC(264) Metaspace: 35085K(35712K)->35085K(35712K) NonClass: 25906K(26368K)->25906K(26368K) Class: 9179K(9344K)->9179K(9344K)
[121.308s][info][gc             ] GC(264) Pause Young (Allocation Failure) 604M->319M(626M) 1.410ms
[121.308s][info][gc,cpu         ] GC(264) User=0.00s Sys=0.00s Real=0.00s
[121.401s][info][gc,start       ] GC(265) Pause Young (Allocation Failure)
[121.402s][info][gc,heap        ] GC(265) PSYoungGen: 295488K(313344K)->64K(312832K) Eden: 295424K(295424K)->0K(295424K) From: 64K(17920K)->64K(17408K)
[121.402s][info][gc,heap        ] GC(265) ParOldGen: 327411K(327680K)->327411K(327680K)
[121.402s][info][gc,metaspace   ] GC(265) Metaspace: 35085K(35712K)->35085K(35712K) NonClass: 25906K(26368K)->25906K(26368K) Class: 9179K(9344K)->9179K(9344K)
[121.402s][info][gc             ] GC(265) Pause Young (Allocation Failure) 608M->319M(625M) 1.342ms
[121.402s][info][gc,cpu         ] GC(265) User=0.00s Sys=0.00s Real=0.01s
[121.701s][info][gc,start       ] GC(266) Pause Young (Allocation Failure)
[121.702s][info][gc,heap        ] GC(266) PSYoungGen: 295488K(312832K)->64K(315392K) Eden: 295424K(295424K)->0K(299520K) From: 64K(17408K)->64K(15872K)
[121.702s][info][gc,heap        ] GC(266) ParOldGen: 327411K(327680K)->327427K(327680K)
[121.702s][info][gc,metaspace   ] GC(266) Metaspace: 35085K(35712K)->35085K(35712K) NonClass: 25906K(26368K)->25906K(26368K) Class: 9179K(9344K)->9179K(9344K)
[121.702s][info][gc             ] GC(266) Pause Young (Allocation Failure) 608M->319M(628M) 1.359ms
[121.702s][info][gc,cpu         ] GC(266) User=0.00s Sys=0.00s Real=0.01s
[121.927s][info][gc,start       ] GC(267) Pause Young (Allocation Failure)
[121.928s][info][gc,heap        ] GC(267) PSYoungGen: 299584K(315392K)->64K(315392K) Eden: 299520K(299520K)->0K(299520K) From: 64K(15872K)->64K(15872K)
[121.928s][info][gc,heap        ] GC(267) ParOldGen: 327427K(327680K)->327427K(327680K)
[121.928s][info][gc,metaspace   ] GC(267) Metaspace: 35085K(35712K)->35085K(35712K) NonClass: 25906K(26368K)->25906K(26368K) Class: 9179K(9344K)->9179K(9344K)
[121.928s][info][gc             ] GC(267) Pause Young (Allocation Failure) 612M->319M(628M) 1.411ms
[121.928s][info][gc,cpu         ] GC(267) User=0.00s Sys=0.00s Real=0.00s
[122.013s][info][gc,start       ] GC(268) Pause Young (Allocation Failure)
[122.014s][info][gc,heap        ] GC(268) PSYoungGen: 299584K(315392K)->64K(316928K) Eden: 299520K(299520K)->0K(303104K) From: 64K(15872K)->64K(13824K)
[122.014s][info][gc,heap        ] GC(268) ParOldGen: 327427K(327680K)->327443K(327680K)
[122.014s][info][gc,metaspace   ] GC(268) Metaspace: 35085K(35712K)->35085K(35712K) NonClass: 25906K(26368K)->25906K(26368K) Class: 9179K(9344K)->9179K(9344K)
[122.014s][info][gc             ] GC(268) Pause Young (Allocation Failure) 612M->319M(629M) 1.297ms
[122.014s][info][gc,cpu         ] GC(268) User=0.00s Sys=0.00s Real=0.00s
[122.195s][info][gc,start       ] GC(269) Pause Young (Allocation Failure)
[122.196s][info][gc,heap        ] GC(269) PSYoungGen: 303168K(316928K)->64K(316928K) Eden: 303104K(303104K)->0K(303104K) From: 64K(13824K)->64K(13824K)
[122.196s][info][gc,heap        ] GC(269) ParOldGen: 327443K(327680K)->327443K(327680K)
[122.196s][info][gc,metaspace   ] GC(269) Metaspace: 35085K(35712K)->35085K(35712K) NonClass: 25906K(26368K)->25906K(26368K) Class: 9179K(9344K)->9179K(9344K)
[122.196s][info][gc             ] GC(269) Pause Young (Allocation Failure) 615M->319M(629M) 1.344ms
[122.196s][info][gc,cpu         ] GC(269) User=0.00s Sys=0.00s Real=0.00s
[123.193s][info][gc,start       ] GC(270) Pause Young (Allocation Failure)
[123.194s][info][gc,heap        ] GC(270) PSYoungGen: 303168K(316928K)->64K(291328K) Eden: 303104K(303104K)->0K(290816K) From: 64K(13824K)->64K(512K)
[123.194s][info][gc,heap        ] GC(270) ParOldGen: 327443K(327680K)->327451K(327680K)
[123.194s][info][gc,metaspace   ] GC(270) Metaspace: 35085K(35712K)->35085K(35712K) NonClass: 25906K(26368K)->25906K(26368K) Class: 9179K(9344K)->9179K(9344K)
[123.194s][info][gc             ] GC(270) Pause Young (Allocation Failure) 615M->319M(604M) 1.374ms
[123.194s][info][gc,cpu         ] GC(270) User=0.01s Sys=0.00s Real=0.00s
[124.057s][info][gc,start       ] GC(271) Pause Young (Allocation Failure)
[124.059s][info][gc,heap        ] GC(271) PSYoungGen: 290880K(291328K)->64K(291328K) Eden: 290816K(290816K)->0K(279040K) From: 64K(512K)->64K(12288K)
[124.059s][info][gc,heap        ] GC(271) ParOldGen: 327451K(327680K)->327459K(327680K)
[124.059s][info][gc,metaspace   ] GC(271) Metaspace: 35085K(35712K)->35085K(35712K) NonClass: 25906K(26368K)->25906K(26368K) Class: 9179K(9344K)->9179K(9344K)
[124.059s][info][gc             ] GC(271) Pause Young (Allocation Failure) 603M->319M(604M) 1.340ms
[124.059s][info][gc,cpu         ] GC(271) User=0.00s Sys=0.00s Real=0.00s
[124.406s][info][gc,start       ] GC(272) Pause Young (Allocation Failure)
[124.407s][info][gc,heap        ] GC(272) PSYoungGen: 279104K(291328K)->64K(268288K) Eden: 279040K(279040K)->0K(267776K) From: 64K(12288K)->64K(512K)
[124.407s][info][gc,heap        ] GC(272) ParOldGen: 327459K(327680K)->327467K(327680K)
[124.407s][info][gc,metaspace   ] GC(272) Metaspace: 35085K(35712K)->35085K(35712K) NonClass: 25906K(26368K)->25906K(26368K) Class: 9179K(9344K)->9179K(9344K)
[124.407s][info][gc             ] GC(272) Pause Young (Allocation Failure) 592M->319M(582M) 1.407ms
[124.407s][info][gc,cpu         ] GC(272) User=0.01s Sys=0.00s Real=0.00s
[125.427s][info][gc,start       ] GC(273) Pause Young (Allocation Failure)
[125.428s][info][gc,heap        ] GC(273) PSYoungGen: 267840K(268288K)->64K(267776K) Eden: 267776K(267776K)->0K(257024K) From: 64K(512K)->64K(10752K)
[125.428s][info][gc,heap        ] GC(273) ParOldGen: 327467K(327680K)->327475K(327680K)
[125.428s][info][gc,metaspace   ] GC(273) Metaspace: 35085K(35712K)->35085K(35712K) NonClass: 25906K(26368K)->25906K(26368K) Class: 9179K(9344K)->9179K(9344K)
[125.428s][info][gc             ] GC(273) Pause Young (Allocation Failure) 581M->319M(581M) 1.396ms
[125.428s][info][gc,cpu         ] GC(273) User=0.00s Sys=0.00s Real=0.00s
[126.059s][info][gc,start       ] GC(274) Pause Young (Allocation Failure)
[126.060s][info][gc,heap        ] GC(274) PSYoungGen: 257088K(267776K)->64K(247296K) Eden: 257024K(257024K)->0K(246784K) From: 64K(10752K)->64K(512K)
[126.060s][info][gc,heap        ] GC(274) ParOldGen: 327475K(327680K)->327483K(327680K)
[126.060s][info][gc,metaspace   ] GC(274) Metaspace: 35085K(35712K)->35085K(35712K) NonClass: 25906K(26368K)->25906K(26368K) Class: 9179K(9344K)->9179K(9344K)
[126.060s][info][gc             ] GC(274) Pause Young (Allocation Failure) 570M->319M(561M) 1.720ms
[126.060s][info][gc,cpu         ] GC(274) User=0.00s Sys=0.00s Real=0.00s
[126.260s][info][gc,start       ] GC(275) Pause Young (Allocation Failure)
[126.261s][info][gc,heap        ] GC(275) PSYoungGen: 246848K(247296K)->64K(246272K) Eden: 246784K(246784K)->0K(237056K) From: 64K(512K)->64K(9216K)
[126.261s][info][gc,heap        ] GC(275) ParOldGen: 327483K(327680K)->327491K(327680K)
[126.261s][info][gc,metaspace   ] GC(275) Metaspace: 35085K(35712K)->35085K(35712K) NonClass: 25906K(26368K)->25906K(26368K) Class: 9179K(9344K)->9179K(9344K)
[126.261s][info][gc             ] GC(275) Pause Young (Allocation Failure) 560M->319M(560M) 1.379ms
[126.261s][info][gc,cpu         ] GC(275) User=0.00s Sys=0.01s Real=0.00s
[126.352s][info][gc,start       ] GC(276) Pause Young (Allocation Failure)
[126.354s][info][gc,heap        ] GC(276) PSYoungGen: 237120K(246272K)->64K(228352K) Eden: 237056K(237056K)->0K(227840K) From: 64K(9216K)->64K(512K)
[126.354s][info][gc,heap        ] GC(276) ParOldGen: 327491K(327680K)->327499K(327680K)
[126.354s][info][gc,metaspace   ] GC(276) Metaspace: 35085K(35712K)->35085K(35712K) NonClass: 25906K(26368K)->25906K(26368K) Class: 9179K(9344K)->9179K(9344K)
[126.354s][info][gc             ] GC(276) Pause Young (Allocation Failure) 551M->319M(543M) 1.999ms
[126.354s][info][gc,cpu         ] GC(276) User=0.00s Sys=0.00s Real=0.00s
[126.945s][info][gc,start       ] GC(277) Pause Young (Allocation Failure)
[126.946s][info][gc,heap        ] GC(277) PSYoungGen: 227904K(228352K)->64K(227328K) Eden: 227840K(227840K)->0K(219136K) From: 64K(512K)->64K(8192K)
[126.946s][info][gc,heap        ] GC(277) ParOldGen: 327499K(327680K)->327507K(327680K)
[126.946s][info][gc,metaspace   ] GC(277) Metaspace: 35085K(35712K)->35085K(35712K) NonClass: 25906K(26368K)->25906K(26368K) Class: 9179K(9344K)->9179K(9344K)
[126.946s][info][gc             ] GC(277) Pause Young (Allocation Failure) 542M->319M(542M) 1.331ms
[126.946s][info][gc,cpu         ] GC(277) User=0.00s Sys=0.00s Real=0.00s
[127.201s][info][gc,start       ] GC(278) Pause Young (Allocation Failure)
[127.202s][info][gc,heap        ] GC(278) PSYoungGen: 219200K(227328K)->64K(211456K) Eden: 219136K(219136K)->0K(210944K) From: 64K(8192K)->64K(512K)
[127.202s][info][gc,heap        ] GC(278) ParOldGen: 327507K(327680K)->327515K(327680K)
[127.202s][info][gc,metaspace   ] GC(278) Metaspace: 35085K(35712K)->35085K(35712K) NonClass: 25906K(26368K)->25906K(26368K) Class: 9179K(9344K)->9179K(9344K)
[127.202s][info][gc             ] GC(278) Pause Young (Allocation Failure) 533M->319M(526M) 1.859ms
[127.202s][info][gc,cpu         ] GC(278) User=0.00s Sys=0.00s Real=0.01s
[127.508s][info][gc,start       ] GC(279) Pause Young (Allocation Failure)
[127.532s][info][gc,heap        ] GC(279) PSYoungGen: 211008K(211456K)->7168K(260608K) Eden: 210944K(210944K)->0K(253440K) From: 64K(512K)->7168K(7168K)
[127.532s][info][gc,heap        ] GC(279) ParOldGen: 327515K(327680K)->333379K(333824K)
[127.532s][info][gc,metaspace   ] GC(279) Metaspace: 35085K(35712K)->35085K(35712K) NonClass: 25906K(26368K)->25906K(26368K) Class: 9179K(9344K)->9179K(9344K)
[127.532s][info][gc             ] GC(279) Pause Young (Allocation Failure) 525M->332M(580M) 23.844ms
[127.532s][info][gc,cpu         ] GC(279) User=0.04s Sys=0.01s Real=0.03s
[127.845s][info][gc,start       ] GC(280) Pause Young (Allocation Failure)
[127.905s][info][gc,heap        ] GC(280) PSYoungGen: 260608K(260608K)->7168K(263680K) Eden: 253440K(253440K)->0K(256512K) From: 7168K(7168K)->7168K(7168K)
[127.905s][info][gc,heap        ] GC(280) ParOldGen: 333379K(333824K)->355051K(355328K)
[127.905s][info][gc,metaspace   ] GC(280) Metaspace: 35085K(35712K)->35085K(35712K) NonClass: 25906K(26368K)->25906K(26368K) Class: 9179K(9344K)->9179K(9344K)
[127.905s][info][gc             ] GC(280) Pause Young (Allocation Failure) 580M->353M(604M) 59.465ms
[127.905s][info][gc,cpu         ] GC(280) User=0.10s Sys=0.02s Real=0.06s
[128.153s][info][gc,start       ] GC(281) Pause Young (Allocation Failure)
[128.191s][info][gc,heap        ] GC(281) PSYoungGen: 263680K(263680K)->19968K(276480K) Eden: 256512K(256512K)->0K(256512K) From: 7168K(7168K)->19968K(19968K)
[128.191s][info][gc,heap        ] GC(281) ParOldGen: 355051K(355328K)->356587K(356864K)
[128.191s][info][gc,metaspace   ] GC(281) Metaspace: 35085K(35712K)->35085K(35712K) NonClass: 25906K(26368K)->25906K(26368K) Class: 9179K(9344K)->9179K(9344K)
[128.192s][info][gc             ] GC(281) Pause Young (Allocation Failure) 604M->367M(618M) 38.766ms
[128.192s][info][gc,cpu         ] GC(281) User=0.08s Sys=0.00s Real=0.03s
[128.374s][info][gc,start       ] GC(282) Pause Young (Allocation Failure)
[128.376s][info][gc,heap        ] GC(282) PSYoungGen: 276480K(276480K)->64K(309760K) Eden: 256512K(256512K)->0K(285184K) From: 19968K(19968K)->64K(24576K)
[128.376s][info][gc,heap        ] GC(282) ParOldGen: 356587K(356864K)->356619K(356864K)
[128.376s][info][gc,metaspace   ] GC(282) Metaspace: 35085K(35712K)->35085K(35712K) NonClass: 25906K(26368K)->25906K(26368K) Class: 9179K(9344K)->9179K(9344K)
[128.376s][info][gc             ] GC(282) Pause Young (Allocation Failure) 618M->348M(651M) 1.760ms
[128.376s][info][gc,cpu         ] GC(282) User=0.00s Sys=0.00s Real=0.00s
[129.121s][info][gc,start       ] GC(283) Pause Young (Allocation Failure)
[129.122s][info][gc,heap        ] GC(283) PSYoungGen: 285248K(309760K)->64K(285696K) Eden: 285184K(285184K)->0K(285184K) From: 64K(24576K)->64K(512K)
[129.122s][info][gc,heap        ] GC(283) ParOldGen: 356619K(356864K)->356627K(356864K)
[129.122s][info][gc,metaspace   ] GC(283) Metaspace: 35085K(35712K)->35085K(35712K) NonClass: 25906K(26368K)->25906K(26368K) Class: 9179K(9344K)->9179K(9344K)
[129.122s][info][gc             ] GC(283) Pause Young (Allocation Failure) 626M->348M(627M) 1.366ms
[129.122s][info][gc,cpu         ] GC(283) User=0.00s Sys=0.00s Real=0.01s
[129.622s][info][gc,start       ] GC(284) Pause Young (Allocation Failure)
[129.624s][info][gc,heap        ] GC(284) PSYoungGen: 285248K(285696K)->64K(308736K) Eden: 285184K(285184K)->0K(285696K) From: 64K(512K)->64K(23040K)
[129.624s][info][gc,heap        ] GC(284) ParOldGen: 356627K(356864K)->356643K(356864K)
[129.624s][info][gc,metaspace   ] GC(284) Metaspace: 35085K(35712K)->35085K(35712K) NonClass: 25906K(26368K)->25906K(26368K) Class: 9179K(9344K)->9179K(9344K)
[129.624s][info][gc             ] GC(284) Pause Young (Allocation Failure) 626M->348M(650M) 1.497ms
[129.624s][info][gc,cpu         ] GC(284) User=0.00s Sys=0.00s Real=0.00s
[129.882s][info][gc,start       ] GC(285) Pause Young (Allocation Failure)
[129.883s][info][gc,heap        ] GC(285) PSYoungGen: 285760K(308736K)->64K(308224K) Eden: 285696K(285696K)->0K(285696K) From: 64K(23040K)->64K(22528K)
[129.884s][info][gc,heap        ] GC(285) ParOldGen: 356643K(356864K)->356659K(356864K)
[129.884s][info][gc,metaspace   ] GC(285) Metaspace: 35085K(35712K)->35085K(35712K) NonClass: 25906K(26368K)->25906K(26368K) Class: 9179K(9344K)->9179K(9344K)
[129.884s][info][gc             ] GC(285) Pause Young (Allocation Failure) 627M->348M(649M) 1.471ms
[129.884s][info][gc,cpu         ] GC(285) User=0.00s Sys=0.00s Real=0.00s
[130.133s][info][gc,start       ] GC(286) Pause Young (Allocation Failure)
[130.134s][info][gc,heap        ] GC(286) PSYoungGen: 285760K(308224K)->64K(310272K) Eden: 285696K(285696K)->0K(289280K) From: 64K(22528K)->64K(20992K)
[130.134s][info][gc,heap        ] GC(286) ParOldGen: 356659K(356864K)->356659K(356864K)
[130.134s][info][gc,metaspace   ] GC(286) Metaspace: 35085K(35712K)->35085K(35712K) NonClass: 25906K(26368K)->25906K(26368K) Class: 9179K(9344K)->9179K(9344K)
[130.134s][info][gc             ] GC(286) Pause Young (Allocation Failure) 627M->348M(651M) 1.488ms
[130.134s][info][gc,cpu         ] GC(286) User=0.00s Sys=0.00s Real=0.00s
[130.514s][info][gc,start       ] GC(287) Pause Young (Allocation Failure)
[130.515s][info][gc,heap        ] GC(287) PSYoungGen: 289344K(310272K)->64K(309760K) Eden: 289280K(289280K)->0K(289280K) From: 64K(20992K)->64K(20480K)
[130.515s][info][gc,heap        ] GC(287) ParOldGen: 356659K(356864K)->356659K(356864K)
[130.515s][info][gc,metaspace   ] GC(287) Metaspace: 35164K(35776K)->35164K(35776K) NonClass: 25985K(26432K)->25985K(26432K) Class: 9179K(9344K)->9179K(9344K)
[130.515s][info][gc             ] GC(287) Pause Young (Allocation Failure) 630M->348M(651M) 1.420ms
[130.515s][info][gc,cpu         ] GC(287) User=0.00s Sys=0.00s Real=0.00s
[130.566s][info][gc,start       ] GC(288) Pause Young (Allocation Failure)
[130.567s][info][gc,heap        ] GC(288) PSYoungGen: 289344K(309760K)->64K(312320K) Eden: 289280K(289280K)->0K(293376K) From: 64K(20480K)->64K(18944K)
[130.567s][info][gc,heap        ] GC(288) ParOldGen: 356659K(356864K)->356675K(356864K)
[130.567s][info][gc,metaspace   ] GC(288) Metaspace: 35164K(35776K)->35164K(35776K) NonClass: 25985K(26432K)->25985K(26432K) Class: 9179K(9344K)->9179K(9344K)
[130.567s][info][gc             ] GC(288) Pause Young (Allocation Failure) 630M->348M(653M) 1.416ms
[130.567s][info][gc,cpu         ] GC(288) User=0.00s Sys=0.00s Real=0.00s
[130.622s][info][gc,start       ] GC(289) Pause Young (Allocation Failure)
[130.623s][info][gc,heap        ] GC(289) PSYoungGen: 293440K(312320K)->64K(311808K) Eden: 293376K(293376K)->0K(293376K) From: 64K(18944K)->64K(18432K)
[130.623s][info][gc,heap        ] GC(289) ParOldGen: 356675K(356864K)->356675K(356864K)
[130.623s][info][gc,metaspace   ] GC(289) Metaspace: 35164K(35776K)->35164K(35776K) NonClass: 25985K(26432K)->25985K(26432K) Class: 9179K(9344K)->9179K(9344K)
[130.623s][info][gc             ] GC(289) Pause Young (Allocation Failure) 634M->348M(653M) 1.321ms
[130.623s][info][gc,cpu         ] GC(289) User=0.00s Sys=0.00s Real=0.01s
[130.882s][info][gc,start       ] GC(290) Pause Young (Allocation Failure)
[130.883s][info][gc,heap        ] GC(290) PSYoungGen: 293440K(311808K)->64K(314368K) Eden: 293376K(293376K)->0K(297472K) From: 64K(18432K)->64K(16896K)
[130.883s][info][gc,heap        ] GC(290) ParOldGen: 356675K(356864K)->356675K(356864K)
[130.883s][info][gc,metaspace   ] GC(290) Metaspace: 35164K(35776K)->35164K(35776K) NonClass: 25985K(26432K)->25985K(26432K) Class: 9179K(9344K)->9179K(9344K)
[130.883s][info][gc             ] GC(290) Pause Young (Allocation Failure) 634M->348M(655M) 1.467ms
[130.883s][info][gc,cpu         ] GC(290) User=0.00s Sys=0.00s Real=0.00s
[131.150s][info][gc,start       ] GC(291) Pause Young (Allocation Failure)
[131.151s][info][gc,heap        ] GC(291) PSYoungGen: 297536K(314368K)->64K(313856K) Eden: 297472K(297472K)->0K(297472K) From: 64K(16896K)->64K(16384K)
[131.151s][info][gc,heap        ] GC(291) ParOldGen: 356675K(356864K)->356683K(356864K)
[131.151s][info][gc,metaspace   ] GC(291) Metaspace: 35164K(35776K)->35164K(35776K) NonClass: 25985K(26432K)->25985K(26432K) Class: 9179K(9344K)->9179K(9344K)
[131.151s][info][gc             ] GC(291) Pause Young (Allocation Failure) 638M->348M(655M) 1.462ms
[131.151s][info][gc,cpu         ] GC(291) User=0.00s Sys=0.00s Real=0.00s
[131.258s][info][gc,start       ] GC(292) Pause Young (Allocation Failure)
[131.260s][info][gc,heap        ] GC(292) PSYoungGen: 297536K(313856K)->64K(316416K) Eden: 297472K(297472K)->0K(301568K) From: 64K(16384K)->64K(14848K)
[131.260s][info][gc,heap        ] GC(292) ParOldGen: 356683K(356864K)->356691K(356864K)
[131.260s][info][gc,metaspace   ] GC(292) Metaspace: 35164K(35776K)->35164K(35776K) NonClass: 25985K(26432K)->25985K(26432K) Class: 9179K(9344K)->9179K(9344K)
[131.260s][info][gc             ] GC(292) Pause Young (Allocation Failure) 638M->348M(657M) 1.527ms
[131.260s][info][gc,cpu         ] GC(292) User=0.00s Sys=0.00s Real=0.00s
[131.403s][info][gc,start       ] GC(293) Pause Young (Allocation Failure)
[131.404s][info][gc,heap        ] GC(293) PSYoungGen: 301632K(316416K)->64K(315904K) Eden: 301568K(301568K)->0K(301568K) From: 64K(14848K)->64K(14336K)
[131.404s][info][gc,heap        ] GC(293) ParOldGen: 356691K(356864K)->356699K(356864K)
[131.404s][info][gc,metaspace   ] GC(293) Metaspace: 35164K(35776K)->35164K(35776K) NonClass: 25985K(26432K)->25985K(26432K) Class: 9179K(9344K)->9179K(9344K)
[131.404s][info][gc             ] GC(293) Pause Young (Allocation Failure) 642M->348M(657M) 1.481ms
[131.404s][info][gc,cpu         ] GC(293) User=0.00s Sys=0.00s Real=0.00s
[131.818s][info][gc,start       ] GC(294) Pause Young (Allocation Failure)
[131.820s][info][gc,heap        ] GC(294) PSYoungGen: 301632K(315904K)->64K(289792K) Eden: 301568K(301568K)->0K(289280K) From: 64K(14336K)->64K(512K)
[131.820s][info][gc,heap        ] GC(294) ParOldGen: 356699K(356864K)->356707K(356864K)
[131.820s][info][gc,metaspace   ] GC(294) Metaspace: 35164K(35776K)->35164K(35776K) NonClass: 25985K(26432K)->25985K(26432K) Class: 9179K(9344K)->9179K(9344K)
[131.820s][info][gc             ] GC(294) Pause Young (Allocation Failure) 642M->348M(631M) 1.487ms
[131.820s][info][gc,cpu         ] GC(294) User=0.00s Sys=0.00s Real=0.00s
[132.496s][info][gc,start       ] GC(295) Pause Young (Allocation Failure)
[132.497s][info][gc,heap        ] GC(295) PSYoungGen: 289344K(289792K)->83K(290304K) Eden: 289280K(289280K)->0K(277504K) From: 64K(512K)->83K(12800K)
[132.497s][info][gc,heap        ] GC(295) ParOldGen: 356707K(356864K)->356715K(356864K)
[132.497s][info][gc,metaspace   ] GC(295) Metaspace: 35164K(35776K)->35164K(35776K) NonClass: 25985K(26432K)->25985K(26432K) Class: 9179K(9344K)->9179K(9344K)
[132.497s][info][gc             ] GC(295) Pause Young (Allocation Failure) 630M->348M(632M) 1.370ms
[132.497s][info][gc,cpu         ] GC(295) User=0.00s Sys=0.00s Real=0.00s
[133.469s][info][gc,start       ] GC(296) Pause Young (Allocation Failure)
[133.471s][info][gc,heap        ] GC(296) PSYoungGen: 277587K(290304K)->64K(267264K) Eden: 277504K(277504K)->0K(266752K) From: 83K(12800K)->64K(512K)
[133.471s][info][gc,heap        ] GC(296) ParOldGen: 356715K(356864K)->356723K(356864K)
[133.471s][info][gc,metaspace   ] GC(296) Metaspace: 35164K(35776K)->35164K(35776K) NonClass: 25985K(26432K)->25985K(26432K) Class: 9179K(9344K)->9179K(9344K)
[133.471s][info][gc             ] GC(296) Pause Young (Allocation Failure) 619M->348M(609M) 1.482ms
[133.471s][info][gc,cpu         ] GC(296) User=0.00s Sys=0.00s Real=0.00s
[133.948s][info][gc,start       ] GC(297) Pause Young (Allocation Failure)
[133.949s][info][gc,heap        ] GC(297) PSYoungGen: 266816K(267264K)->64K(267776K) Eden: 266752K(266752K)->0K(256512K) From: 64K(512K)->64K(11264K)
[133.949s][info][gc,heap        ] GC(297) ParOldGen: 356723K(356864K)->356731K(356864K)
[133.949s][info][gc,metaspace   ] GC(297) Metaspace: 35164K(35776K)->35164K(35776K) NonClass: 25985K(26432K)->25985K(26432K) Class: 9179K(9344K)->9179K(9344K)
[133.949s][info][gc             ] GC(297) Pause Young (Allocation Failure) 608M->348M(610M) 1.406ms
[133.949s][info][gc,cpu         ] GC(297) User=0.00s Sys=0.00s Real=0.00s
[135.008s][info][gc,start       ] GC(298) Pause Young (Allocation Failure)
[135.010s][info][gc,heap        ] GC(298) PSYoungGen: 256576K(267776K)->64K(247296K) Eden: 256512K(256512K)->0K(246784K) From: 64K(11264K)->64K(512K)
[135.010s][info][gc,heap        ] GC(298) ParOldGen: 356731K(356864K)->356739K(356864K)
[135.010s][info][gc,metaspace   ] GC(298) Metaspace: 35164K(35776K)->35164K(35776K) NonClass: 25985K(26432K)->25985K(26432K) Class: 9179K(9344K)->9179K(9344K)
[135.010s][info][gc             ] GC(298) Pause Young (Allocation Failure) 598M->348M(590M) 1.692ms
[135.010s][info][gc,cpu         ] GC(298) User=0.00s Sys=0.00s Real=0.00s
[135.382s][info][gc,start       ] GC(299) Pause Young (Allocation Failure)
[135.383s][info][gc,heap        ] GC(299) PSYoungGen: 246848K(247296K)->64K(246784K) Eden: 246784K(246784K)->0K(237056K) From: 64K(512K)->64K(9728K)
[135.383s][info][gc,heap        ] GC(299) ParOldGen: 356739K(356864K)->356747K(356864K)
[135.383s][info][gc,metaspace   ] GC(299) Metaspace: 35164K(35776K)->35164K(35776K) NonClass: 25985K(26432K)->25985K(26432K) Class: 9179K(9344K)->9179K(9344K)
[135.383s][info][gc             ] GC(299) Pause Young (Allocation Failure) 589M->348M(589M) 1.412ms
[135.383s][info][gc,cpu         ] GC(299) User=0.00s Sys=0.00s Real=0.01s
[135.517s][info][gc,start       ] GC(300) Pause Young (Allocation Failure)
[135.518s][info][gc,heap        ] GC(300) PSYoungGen: 237120K(246784K)->64K(228352K) Eden: 237056K(237056K)->0K(227840K) From: 64K(9728K)->64K(512K)
[135.518s][info][gc,heap        ] GC(300) ParOldGen: 356747K(356864K)->356755K(356864K)
[135.519s][info][gc,metaspace   ] GC(300) Metaspace: 35164K(35776K)->35164K(35776K) NonClass: 25985K(26432K)->25985K(26432K) Class: 9179K(9344K)->9179K(9344K)
[135.519s][info][gc             ] GC(300) Pause Young (Allocation Failure) 579M->348M(571M) 1.943ms
[135.519s][info][gc,cpu         ] GC(300) User=0.01s Sys=0.00s Real=0.00s
[135.865s][info][gc,start       ] GC(301) Pause Young (Allocation Failure)
[135.866s][info][gc,heap        ] GC(301) PSYoungGen: 227904K(228352K)->64K(227840K) Eden: 227840K(227840K)->0K(219136K) From: 64K(512K)->64K(8704K)
[135.866s][info][gc,heap        ] GC(301) ParOldGen: 356755K(356864K)->356763K(356864K)
[135.866s][info][gc,metaspace   ] GC(301) Metaspace: 35164K(35776K)->35164K(35776K) NonClass: 25985K(26432K)->25985K(26432K) Class: 9179K(9344K)->9179K(9344K)
[135.866s][info][gc             ] GC(301) Pause Young (Allocation Failure) 570M->348M(571M) 1.419ms
[135.866s][info][gc,cpu         ] GC(301) User=0.00s Sys=0.00s Real=0.00s
[136.281s][info][gc,start       ] GC(302) Pause Young (Allocation Failure)
[136.283s][info][gc,heap        ] GC(302) PSYoungGen: 219200K(227840K)->64K(211456K) Eden: 219136K(219136K)->0K(210944K) From: 64K(8704K)->64K(512K)
[136.283s][info][gc,heap        ] GC(302) ParOldGen: 356763K(356864K)->356771K(356864K)
[136.283s][info][gc,metaspace   ] GC(302) Metaspace: 35164K(35776K)->35164K(35776K) NonClass: 25985K(26432K)->25985K(26432K) Class: 9179K(9344K)->9179K(9344K)
[136.283s][info][gc             ] GC(302) Pause Young (Allocation Failure) 562M->348M(555M) 2.398ms
[136.283s][info][gc,cpu         ] GC(302) User=0.00s Sys=0.00s Real=0.01s
[136.605s][info][gc,start       ] GC(303) Pause Young (Allocation Failure)
[136.608s][info][gc,heap        ] GC(303) PSYoungGen: 211008K(211456K)->960K(210432K) Eden: 210944K(210944K)->0K(203264K) From: 64K(512K)->960K(7168K)
[136.608s][info][gc,heap        ] GC(303) ParOldGen: 356771K(356864K)->356787K(356864K)
[136.608s][info][gc,metaspace   ] GC(303) Metaspace: 35164K(35776K)->35164K(35776K) NonClass: 25985K(26432K)->25985K(26432K) Class: 9179K(9344K)->9179K(9344K)
[136.608s][info][gc             ] GC(303) Pause Young (Allocation Failure) 554M->349M(554M) 2.658ms
[136.608s][info][gc,cpu         ] GC(303) User=0.00s Sys=0.00s Real=0.00s
[136.861s][info][gc,start       ] GC(304) Pause Young (Allocation Failure)
[136.910s][info][gc,heap        ] GC(304) PSYoungGen: 204224K(210432K)->6656K(250880K) Eden: 203264K(203264K)->0K(244224K) From: 960K(7168K)->6656K(6656K)
[136.910s][info][gc,heap        ] GC(304) ParOldGen: 356787K(356864K)->373139K(373248K)
[136.910s][info][gc,metaspace   ] GC(304) Metaspace: 35164K(35776K)->35164K(35776K) NonClass: 25985K(26432K)->25985K(26432K) Class: 9179K(9344K)->9179K(9344K)
[136.910s][info][gc             ] GC(304) Pause Young (Allocation Failure) 547M->370M(609M) 48.579ms
[136.910s][info][gc,cpu         ] GC(304) User=0.08s Sys=0.01s Real=0.05s
[137.211s][info][gc,start       ] GC(305) Pause Young (Allocation Failure)
[137.266s][info][gc,heap        ] GC(305) PSYoungGen: 250880K(250880K)->14336K(267776K) Eden: 244224K(244224K)->0K(253440K) From: 6656K(6656K)->14336K(14336K)
[137.266s][info][gc,heap        ] GC(305) ParOldGen: 373139K(373248K)->386875K(387072K)
[137.266s][info][gc,metaspace   ] GC(305) Metaspace: 35164K(35776K)->35164K(35776K) NonClass: 25985K(26432K)->25985K(26432K) Class: 9179K(9344K)->9179K(9344K)
[137.266s][info][gc             ] GC(305) Pause Young (Allocation Failure) 609M->391M(639M) 54.640ms
[137.266s][info][gc,cpu         ] GC(305) User=0.10s Sys=0.01s Real=0.06s
[137.429s][info][gc,start       ] GC(306) Pause Young (Allocation Failure)
[137.456s][info][gc,heap        ] GC(306) PSYoungGen: 267776K(267776K)->11104K(310272K) Eden: 253440K(253440K)->0K(287744K) From: 14336K(14336K)->11104K(22528K)
[137.456s][info][gc,heap        ] GC(306) ParOldGen: 386875K(387072K)->387243K(387584K)
[137.456s][info][gc,metaspace   ] GC(306) Metaspace: 35164K(35776K)->35164K(35776K) NonClass: 25985K(26432K)->25985K(26432K) Class: 9179K(9344K)->9179K(9344K)
[137.456s][info][gc             ] GC(306) Pause Young (Allocation Failure) 639M->389M(681M) 26.951ms
[137.456s][info][gc,cpu         ] GC(306) User=0.04s Sys=0.01s Real=0.03s
[137.923s][info][gc,start       ] GC(307) Pause Young (Allocation Failure)
[137.924s][info][gc,heap        ] GC(307) PSYoungGen: 298848K(310272K)->64K(310784K) Eden: 287744K(287744K)->0K(287744K) From: 11104K(22528K)->64K(23040K)
[137.924s][info][gc,heap        ] GC(307) ParOldGen: 387243K(387584K)->387251K(387584K)
[137.924s][info][gc,metaspace   ] GC(307) Metaspace: 35164K(35776K)->35164K(35776K) NonClass: 25985K(26432K)->25985K(26432K) Class: 9179K(9344K)->9179K(9344K)
[137.924s][info][gc             ] GC(307) Pause Young (Allocation Failure) 670M->378M(682M) 1.571ms
[137.925s][info][gc,cpu         ] GC(307) User=0.00s Sys=0.00s Real=0.00s
[138.508s][info][gc,start       ] GC(308) Pause Young (Allocation Failure)
[138.510s][info][gc,heap        ] GC(308) PSYoungGen: 287808K(310784K)->64K(308736K) Eden: 287744K(287744K)->0K(288256K) From: 64K(23040K)->64K(20480K)
[138.510s][info][gc,heap        ] GC(308) ParOldGen: 387251K(387584K)->387259K(387584K)
[138.510s][info][gc,metaspace   ] GC(308) Metaspace: 35164K(35776K)->35164K(35776K) NonClass: 25985K(26432K)->25985K(26432K) Class: 9179K(9344K)->9179K(9344K)
[138.510s][info][gc             ] GC(308) Pause Young (Allocation Failure) 659M->378M(680M) 1.585ms
[138.510s][info][gc,cpu         ] GC(308) User=0.00s Sys=0.00s Real=0.00s
[138.975s][info][gc,start       ] GC(309) Pause Young (Allocation Failure)
[138.977s][info][gc,heap        ] GC(309) PSYoungGen: 288320K(308736K)->64K(309760K) Eden: 288256K(288256K)->0K(288256K) From: 64K(20480K)->64K(21504K)
[138.977s][info][gc,heap        ] GC(309) ParOldGen: 387259K(387584K)->387275K(387584K)
[138.977s][info][gc,metaspace   ] GC(309) Metaspace: 35164K(35776K)->35164K(35776K) NonClass: 25985K(26432K)->25985K(26432K) Class: 9179K(9344K)->9179K(9344K)
[138.977s][info][gc             ] GC(309) Pause Young (Allocation Failure) 659M->378M(681M) 1.563ms
[138.977s][info][gc,cpu         ] GC(309) User=0.00s Sys=0.00s Real=0.00s
[139.228s][info][gc,start       ] GC(310) Pause Young (Allocation Failure)
[139.229s][info][gc,heap        ] GC(310) PSYoungGen: 288320K(309760K)->64K(309760K) Eden: 288256K(288256K)->0K(291328K) From: 64K(21504K)->64K(18432K)
[139.229s][info][gc,heap        ] GC(310) ParOldGen: 387275K(387584K)->387291K(387584K)
[139.229s][info][gc,metaspace   ] GC(310) Metaspace: 35164K(35776K)->35164K(35776K) NonClass: 25985K(26432K)->25985K(26432K) Class: 9179K(9344K)->9179K(9344K)
[139.229s][info][gc             ] GC(310) Pause Young (Allocation Failure) 659M->378M(681M) 1.553ms
[139.229s][info][gc,cpu         ] GC(310) User=0.00s Sys=0.00s Real=0.00s
[139.493s][info][gc,start       ] GC(311) Pause Young (Allocation Failure)
[139.494s][info][gc,heap        ] GC(311) PSYoungGen: 291392K(309760K)->64K(311296K) Eden: 291328K(291328K)->0K(291328K) From: 64K(18432K)->64K(19968K)
[139.494s][info][gc,heap        ] GC(311) ParOldGen: 387291K(387584K)->387291K(387584K)
[139.494s][info][gc,metaspace   ] GC(311) Metaspace: 35164K(35776K)->35164K(35776K) NonClass: 25985K(26432K)->25985K(26432K) Class: 9179K(9344K)->9179K(9344K)
[139.494s][info][gc             ] GC(311) Pause Young (Allocation Failure) 662M->378M(682M) 1.482ms
[139.494s][info][gc,cpu         ] GC(311) User=0.00s Sys=0.00s Real=0.00s
[139.770s][info][gc,start       ] GC(312) Pause Young (Allocation Failure)
[139.772s][info][gc,heap        ] GC(312) PSYoungGen: 291392K(311296K)->64K(311296K) Eden: 291328K(291328K)->0K(294912K) From: 64K(19968K)->64K(16384K)
[139.772s][info][gc,heap        ] GC(312) ParOldGen: 387291K(387584K)->387299K(387584K)
[139.772s][info][gc,metaspace   ] GC(312) Metaspace: 35164K(35776K)->35164K(35776K) NonClass: 25985K(26432K)->25985K(26432K) Class: 9179K(9344K)->9179K(9344K)
[139.772s][info][gc             ] GC(312) Pause Young (Allocation Failure) 662M->378M(682M) 1.513ms
[139.772s][info][gc,cpu         ] GC(312) User=0.00s Sys=0.00s Real=0.00s
[139.825s][info][gc,start       ] GC(313) Pause Young (Allocation Failure)
[139.826s][info][gc,heap        ] GC(313) PSYoungGen: 294976K(311296K)->64K(312832K) Eden: 294912K(294912K)->0K(294912K) From: 64K(16384K)->64K(17920K)
[139.826s][info][gc,heap        ] GC(313) ParOldGen: 387299K(387584K)->387315K(387584K)
[139.826s][info][gc,metaspace   ] GC(313) Metaspace: 35164K(35776K)->35164K(35776K) NonClass: 25985K(26432K)->25985K(26432K) Class: 9179K(9344K)->9179K(9344K)
[139.826s][info][gc             ] GC(313) Pause Young (Allocation Failure) 666M->378M(684M) 1.497ms
[139.826s][info][gc,cpu         ] GC(313) User=0.00s Sys=0.00s Real=0.00s
[139.952s][info][gc,start       ] GC(314) Pause Young (Allocation Failure)
[139.954s][info][gc,heap        ] GC(314) PSYoungGen: 294976K(312832K)->64K(313344K) Eden: 294912K(294912K)->0K(298496K) From: 64K(17920K)->64K(14848K)
[139.954s][info][gc,heap        ] GC(314) ParOldGen: 387315K(387584K)->387315K(387584K)
[139.954s][info][gc,metaspace   ] GC(314) Metaspace: 35164K(35776K)->35164K(35776K) NonClass: 25985K(26432K)->25985K(26432K) Class: 9179K(9344K)->9179K(9344K)
[139.954s][info][gc             ] GC(314) Pause Young (Allocation Failure) 666M->378M(684M) 1.401ms
[139.954s][info][gc,cpu         ] GC(314) User=0.00s Sys=0.00s Real=0.00s
[140.247s][info][gc,start       ] GC(315) Pause Young (Allocation Failure)
[140.248s][info][gc,heap        ] GC(315) PSYoungGen: 298560K(313344K)->64K(314880K) Eden: 298496K(298496K)->0K(298496K) From: 64K(14848K)->64K(16384K)
[140.248s][info][gc,heap        ] GC(315) ParOldGen: 387315K(387584K)->387331K(387584K)
[140.248s][info][gc,metaspace   ] GC(315) Metaspace: 35164K(35776K)->35164K(35776K) NonClass: 25985K(26432K)->25985K(26432K) Class: 9179K(9344K)->9179K(9344K)
[140.248s][info][gc             ] GC(315) Pause Young (Allocation Failure) 669M->378M(686M) 1.270ms
[140.248s][info][gc,cpu         ] GC(315) User=0.00s Sys=0.00s Real=0.00s
[140.425s][info][gc,start       ] GC(316) Pause Young (Allocation Failure)
[140.427s][info][gc,heap        ] GC(316) PSYoungGen: 298560K(314880K)->64K(314880K) Eden: 298496K(298496K)->0K(302080K) From: 64K(16384K)->64K(12800K)
[140.427s][info][gc,heap        ] GC(316) ParOldGen: 387331K(387584K)->387331K(387584K)
[140.427s][info][gc,metaspace   ] GC(316) Metaspace: 35164K(35776K)->35164K(35776K) NonClass: 25985K(26432K)->25985K(26432K) Class: 9179K(9344K)->9179K(9344K)
[140.427s][info][gc             ] GC(316) Pause Young (Allocation Failure) 669M->378M(686M) 1.368ms
[140.427s][info][gc,cpu         ] GC(316) User=0.00s Sys=0.00s Real=0.00s
[140.512s][info][gc,start       ] GC(317) Pause Young (Allocation Failure)
[140.513s][info][gc,heap        ] GC(317) PSYoungGen: 302144K(314880K)->64K(316416K) Eden: 302080K(302080K)->0K(302080K) From: 64K(12800K)->64K(14336K)
[140.513s][info][gc,heap        ] GC(317) ParOldGen: 387331K(387584K)->387347K(387584K)
[140.513s][info][gc,metaspace   ] GC(317) Metaspace: 35164K(35776K)->35164K(35776K) NonClass: 25985K(26432K)->25985K(26432K) Class: 9179K(9344K)->9179K(9344K)
[140.513s][info][gc             ] GC(317) Pause Young (Allocation Failure) 673M->378M(687M) 1.348ms
[140.513s][info][gc,cpu         ] GC(317) User=0.00s Sys=0.00s Real=0.00s
[140.701s][info][gc,start       ] GC(318) Pause Young (Allocation Failure)
[140.702s][info][gc,heap        ] GC(318) PSYoungGen: 302144K(316416K)->64K(316928K) Eden: 302080K(302080K)->0K(305664K) From: 64K(14336K)->64K(11264K)
[140.702s][info][gc,heap        ] GC(318) ParOldGen: 387347K(387584K)->387347K(387584K)
[140.702s][info][gc,metaspace   ] GC(318) Metaspace: 35164K(35776K)->35164K(35776K) NonClass: 25985K(26432K)->25985K(26432K) Class: 9179K(9344K)->9179K(9344K)
[140.702s][info][gc             ] GC(318) Pause Young (Allocation Failure) 673M->378M(688M) 1.326ms
[140.702s][info][gc,cpu         ] GC(318) User=0.00s Sys=0.00s Real=0.01s
[141.648s][info][gc,start       ] GC(319) Pause Young (Allocation Failure)
[141.650s][info][gc,heap        ] GC(319) PSYoungGen: 305728K(316928K)->83K(293888K) Eden: 305664K(305664K)->0K(293376K) From: 64K(11264K)->83K(512K)
[141.650s][info][gc,heap        ] GC(319) ParOldGen: 387347K(387584K)->387355K(387584K)
[141.650s][info][gc,metaspace   ] GC(319) Metaspace: 35164K(35776K)->35164K(35776K) NonClass: 25985K(26432K)->25985K(26432K) Class: 9179K(9344K)->9179K(9344K)
[141.650s][info][gc             ] GC(319) Pause Young (Allocation Failure) 676M->378M(665M) 1.593ms
[141.650s][info][gc,cpu         ] GC(319) User=0.00s Sys=0.00s Real=0.00s
[142.501s][info][gc,start       ] GC(320) Pause Young (Allocation Failure)
[142.503s][info][gc,heap        ] GC(320) PSYoungGen: 293459K(293888K)->64K(282112K) Eden: 293376K(293376K)->0K(281600K) From: 83K(512K)->64K(512K)
[142.503s][info][gc,heap        ] GC(320) ParOldGen: 387355K(387584K)->387363K(387584K)
[142.503s][info][gc,metaspace   ] GC(320) Metaspace: 35164K(35776K)->35164K(35776K) NonClass: 25985K(26432K)->25985K(26432K) Class: 9179K(9344K)->9179K(9344K)
[142.503s][info][gc             ] GC(320) Pause Young (Allocation Failure) 664M->378M(654M) 2.044ms
[142.503s][info][gc,cpu         ] GC(320) User=0.00s Sys=0.00s Real=0.01s
[142.949s][info][gc,start       ] GC(321) Pause Young (Allocation Failure)
[142.951s][info][gc,heap        ] GC(321) PSYoungGen: 281664K(282112K)->64K(281600K) Eden: 281600K(281600K)->0K(270336K) From: 64K(512K)->64K(11264K)
[142.951s][info][gc,heap        ] GC(321) ParOldGen: 387363K(387584K)->387379K(387584K)
[142.951s][info][gc,metaspace   ] GC(321) Metaspace: 35164K(35776K)->35164K(35776K) NonClass: 25985K(26432K)->25985K(26432K) Class: 9179K(9344K)->9179K(9344K)
[142.951s][info][gc             ] GC(321) Pause Young (Allocation Failure) 653M->378M(653M) 2.755ms
[142.951s][info][gc,cpu         ] GC(321) User=0.00s Sys=0.01s Real=0.00s
[144.005s][info][gc,start       ] GC(322) Pause Young (Allocation Failure)
[144.008s][info][gc,heap        ] GC(322) PSYoungGen: 270400K(281600K)->64K(260096K) Eden: 270336K(270336K)->0K(259584K) From: 64K(11264K)->64K(512K)
[144.008s][info][gc,heap        ] GC(322) ParOldGen: 387379K(387584K)->387395K(387584K)
[144.008s][info][gc,metaspace   ] GC(322) Metaspace: 35164K(35776K)->35164K(35776K) NonClass: 25985K(26432K)->25985K(26432K) Class: 9179K(9344K)->9179K(9344K)
[144.008s][info][gc             ] GC(322) Pause Young (Allocation Failure) 642M->378M(632M) 3.135ms
[144.008s][info][gc,cpu         ] GC(322) User=0.00s Sys=0.00s Real=0.00s
[144.414s][info][gc,start       ] GC(323) Pause Young (Allocation Failure)
[144.415s][info][gc,heap        ] GC(323) PSYoungGen: 259648K(260096K)->64K(259072K) Eden: 259584K(259584K)->0K(249344K) From: 64K(512K)->64K(9728K)
[144.415s][info][gc,heap        ] GC(323) ParOldGen: 387395K(387584K)->387403K(387584K)
[144.415s][info][gc,metaspace   ] GC(323) Metaspace: 35164K(35776K)->35164K(35776K) NonClass: 25985K(26432K)->25985K(26432K) Class: 9179K(9344K)->9179K(9344K)
[144.415s][info][gc             ] GC(323) Pause Young (Allocation Failure) 631M->378M(631M) 1.296ms
[144.415s][info][gc,cpu         ] GC(323) User=0.00s Sys=0.00s Real=0.00s
[144.579s][info][gc,start       ] GC(324) Pause Young (Allocation Failure)
[144.581s][info][gc,heap        ] GC(324) PSYoungGen: 249408K(259072K)->64K(240128K) Eden: 249344K(249344K)->0K(239616K) From: 64K(9728K)->64K(512K)
[144.581s][info][gc,heap        ] GC(324) ParOldGen: 387403K(387584K)->387411K(387584K)
[144.581s][info][gc,metaspace   ] GC(324) Metaspace: 35164K(35776K)->35164K(35776K) NonClass: 25985K(26432K)->25985K(26432K) Class: 9179K(9344K)->9179K(9344K)
[144.581s][info][gc             ] GC(324) Pause Young (Allocation Failure) 621M->378M(613M) 1.791ms
[144.581s][info][gc,cpu         ] GC(324) User=0.00s Sys=0.00s Real=0.00s
[144.787s][info][gc,start       ] GC(325) Pause Young (Allocation Failure)
[144.789s][info][gc,heap        ] GC(325) PSYoungGen: 239680K(240128K)->64K(239104K) Eden: 239616K(239616K)->0K(230400K) From: 64K(512K)->64K(8704K)
[144.789s][info][gc,heap        ] GC(325) ParOldGen: 387411K(387584K)->387419K(387584K)
[144.789s][info][gc,metaspace   ] GC(325) Metaspace: 35164K(35776K)->35164K(35776K) NonClass: 25985K(26432K)->25985K(26432K) Class: 9179K(9344K)->9179K(9344K)
[144.789s][info][gc             ] GC(325) Pause Young (Allocation Failure) 612M->378M(612M) 1.507ms
[144.789s][info][gc,cpu         ] GC(325) User=0.00s Sys=0.00s Real=0.00s
[145.307s][info][gc,start       ] GC(326) Pause Young (Allocation Failure)
[145.309s][info][gc,heap        ] GC(326) PSYoungGen: 230464K(239104K)->64K(222208K) Eden: 230400K(230400K)->0K(221696K) From: 64K(8704K)->64K(512K)
[145.309s][info][gc,heap        ] GC(326) ParOldGen: 387419K(387584K)->387427K(387584K)
[145.309s][info][gc,metaspace   ] GC(326) Metaspace: 35164K(35776K)->35164K(35776K) NonClass: 25985K(26432K)->25985K(26432K) Class: 9179K(9344K)->9179K(9344K)
[145.309s][info][gc             ] GC(326) Pause Young (Allocation Failure) 603M->378M(595M) 2.328ms
[145.309s][info][gc,cpu         ] GC(326) User=0.00s Sys=0.00s Real=0.00s
[145.588s][info][gc,start       ] GC(327) Pause Young (Allocation Failure)
[145.589s][info][gc,heap        ] GC(327) PSYoungGen: 221760K(222208K)->64K(221184K) Eden: 221696K(221696K)->0K(213504K) From: 64K(512K)->64K(7680K)
[145.589s][info][gc,heap        ] GC(327) ParOldGen: 387427K(387584K)->387435K(387584K)
[145.589s][info][gc,metaspace   ] GC(327) Metaspace: 35164K(35776K)->35164K(35776K) NonClass: 25985K(26432K)->25985K(26432K) Class: 9179K(9344K)->9179K(9344K)
[145.589s][info][gc             ] GC(327) Pause Young (Allocation Failure) 594M->378M(594M) 1.428ms
[145.589s][info][gc,cpu         ] GC(327) User=0.00s Sys=0.00s Real=0.00s
[145.861s][info][gc,start       ] GC(328) Pause Young (Allocation Failure)
[145.907s][info][gc,heap        ] GC(328) PSYoungGen: 213568K(221184K)->7168K(263680K) Eden: 213504K(213504K)->0K(256512K) From: 64K(7680K)->7168K(7168K)
[145.907s][info][gc,heap        ] GC(328) ParOldGen: 387435K(387584K)->401659K(401920K)
[145.907s][info][gc,metaspace   ] GC(328) Metaspace: 35164K(35776K)->35164K(35776K) NonClass: 25985K(26432K)->25985K(26432K) Class: 9179K(9344K)->9179K(9344K)
[145.907s][info][gc             ] GC(328) Pause Young (Allocation Failure) 586M->399M(650M) 45.765ms
[145.907s][info][gc,cpu         ] GC(328) User=0.08s Sys=0.00s Real=0.05s
[146.210s][info][gc,start       ] GC(329) Pause Young (Allocation Failure)
[146.268s][info][gc,heap        ] GC(329) PSYoungGen: 263680K(263680K)->13824K(270336K) Eden: 256512K(256512K)->0K(256512K) From: 7168K(7168K)->13824K(13824K)
[146.268s][info][gc,heap        ] GC(329) ParOldGen: 401659K(401920K)->417235K(417280K)
[146.268s][info][gc,metaspace   ] GC(329) Metaspace: 35164K(35776K)->35164K(35776K) NonClass: 25985K(26432K)->25985K(26432K) Class: 9179K(9344K)->9179K(9344K)
[146.268s][info][gc             ] GC(329) Pause Young (Allocation Failure) 649M->420M(671M) 57.165ms
[146.268s][info][gc,cpu         ] GC(329) User=0.10s Sys=0.02s Real=0.06s
[146.435s][info][gc,start       ] GC(330) Pause Young (Allocation Failure)
[146.464s][info][gc,heap        ] GC(330) PSYoungGen: 270336K(270336K)->12256K(309248K) Eden: 256512K(256512K)->0K(286720K) From: 13824K(13824K)->12256K(22528K)
[146.464s][info][gc,heap        ] GC(330) ParOldGen: 417235K(417280K)->417651K(417792K)
[146.464s][info][gc,metaspace   ] GC(330) Metaspace: 35164K(35776K)->35164K(35776K) NonClass: 25985K(26432K)->25985K(26432K) Class: 9179K(9344K)->9179K(9344K)
[146.464s][info][gc             ] GC(330) Pause Young (Allocation Failure) 671M->419M(710M) 29.553ms
[146.464s][info][gc,cpu         ] GC(330) User=0.05s Sys=0.01s Real=0.03s
[146.897s][info][gc,start       ] GC(331) Pause Young (Allocation Failure)
[146.899s][info][gc,heap        ] GC(331) PSYoungGen: 298976K(309248K)->64K(310272K) Eden: 286720K(286720K)->0K(286720K) From: 12256K(22528K)->64K(23552K)
[146.899s][info][gc,heap        ] GC(331) ParOldGen: 417651K(417792K)->417659K(417792K)
[146.899s][info][gc,metaspace   ] GC(331) Metaspace: 35164K(35776K)->35164K(35776K) NonClass: 25985K(26432K)->25985K(26432K) Class: 9179K(9344K)->9179K(9344K)
[146.899s][info][gc             ] GC(331) Pause Young (Allocation Failure) 699M->407M(711M) 1.502ms
[146.899s][info][gc,cpu         ] GC(331) User=0.00s Sys=0.00s Real=0.00s
[147.476s][info][gc,start       ] GC(332) Pause Young (Allocation Failure)
[147.478s][info][gc,heap        ] GC(332) PSYoungGen: 286784K(310272K)->64K(307712K) Eden: 286720K(286720K)->0K(287232K) From: 64K(23552K)->64K(20480K)
[147.478s][info][gc,heap        ] GC(332) ParOldGen: 417659K(417792K)->417667K(417792K)
[147.478s][info][gc,metaspace   ] GC(332) Metaspace: 35164K(35776K)->35164K(35776K) NonClass: 25985K(26432K)->25985K(26432K) Class: 9179K(9344K)->9179K(9344K)
[147.478s][info][gc             ] GC(332) Pause Young (Allocation Failure) 687M->407M(708M) 1.645ms
[147.478s][info][gc,cpu         ] GC(332) User=0.01s Sys=0.00s Real=0.00s
[147.923s][info][gc,start       ] GC(333) Pause Young (Allocation Failure)
[147.925s][info][gc,heap        ] GC(333) PSYoungGen: 287296K(307712K)->64K(309248K) Eden: 287232K(287232K)->0K(287232K) From: 64K(20480K)->64K(22016K)
[147.925s][info][gc,heap        ] GC(333) ParOldGen: 417667K(417792K)->417683K(417792K)
[147.925s][info][gc,metaspace   ] GC(333) Metaspace: 35164K(35776K)->35164K(35776K) NonClass: 25985K(26432K)->25985K(26432K) Class: 9179K(9344K)->9179K(9344K)
[147.925s][info][gc             ] GC(333) Pause Young (Allocation Failure) 688M->407M(710M) 1.479ms
[147.925s][info][gc,cpu         ] GC(333) User=0.00s Sys=0.00s Real=0.00s
[148.166s][info][gc,start       ] GC(334) Pause Young (Allocation Failure)
[148.167s][info][gc,heap        ] GC(334) PSYoungGen: 287296K(309248K)->64K(310272K) Eden: 287232K(287232K)->0K(290816K) From: 64K(22016K)->64K(19456K)
[148.167s][info][gc,heap        ] GC(334) ParOldGen: 417683K(417792K)->417699K(417792K)
[148.167s][info][gc,metaspace   ] GC(334) Metaspace: 35164K(35776K)->35164K(35776K) NonClass: 25985K(26432K)->25985K(26432K) Class: 9179K(9344K)->9179K(9344K)
[148.167s][info][gc             ] GC(334) Pause Young (Allocation Failure) 688M->407M(711M) 1.466ms
[148.167s][info][gc,cpu         ] GC(334) User=0.00s Sys=0.00s Real=0.00s
[148.413s][info][gc,start       ] GC(335) Pause Young (Allocation Failure)
[148.414s][info][gc,heap        ] GC(335) PSYoungGen: 290880K(310272K)->64K(311296K) Eden: 290816K(290816K)->0K(290816K) From: 64K(19456K)->64K(20480K)
[148.414s][info][gc,heap        ] GC(335) ParOldGen: 417699K(417792K)->417699K(417792K)
[148.414s][info][gc,metaspace   ] GC(335) Metaspace: 35164K(35776K)->35164K(35776K) NonClass: 25985K(26432K)->25985K(26432K) Class: 9179K(9344K)->9179K(9344K)
[148.414s][info][gc             ] GC(335) Pause Young (Allocation Failure) 691M->407M(712M) 1.383ms
[148.415s][info][gc,cpu         ] GC(335) User=0.00s Sys=0.00s Real=0.00s
[148.699s][info][gc,start       ] GC(336) Pause Young (Allocation Failure)
[148.700s][info][gc,heap        ] GC(336) PSYoungGen: 290880K(311296K)->64K(311296K) Eden: 290816K(290816K)->0K(293888K) From: 64K(20480K)->64K(17408K)
[148.700s][info][gc,heap        ] GC(336) ParOldGen: 417699K(417792K)->417699K(417792K)
[148.700s][info][gc,metaspace   ] GC(336) Metaspace: 35165K(35776K)->35165K(35776K) NonClass: 25986K(26432K)->25986K(26432K) Class: 9179K(9344K)->9179K(9344K)
[148.700s][info][gc             ] GC(336) Pause Young (Allocation Failure) 691M->407M(712M) 1.323ms
[148.700s][info][gc,cpu         ] GC(336) User=0.00s Sys=0.00s Real=0.00s
[148.752s][info][gc,start       ] GC(337) Pause Young (Allocation Failure)
[148.754s][info][gc,heap        ] GC(337) PSYoungGen: 293952K(311296K)->64K(312320K) Eden: 293888K(293888K)->0K(293888K) From: 64K(17408K)->64K(18432K)
[148.754s][info][gc,heap        ] GC(337) ParOldGen: 417699K(417792K)->417715K(417792K)
[148.754s][info][gc,metaspace   ] GC(337) Metaspace: 35165K(35776K)->35165K(35776K) NonClass: 25986K(26432K)->25986K(26432K) Class: 9179K(9344K)->9179K(9344K)
[148.754s][info][gc             ] GC(337) Pause Young (Allocation Failure) 694M->407M(713M) 1.301ms
[148.754s][info][gc,cpu         ] GC(337) User=0.00s Sys=0.00s Real=0.00s
[148.866s][info][gc,start       ] GC(338) Pause Young (Allocation Failure)
[148.867s][info][gc,heap        ] GC(338) PSYoungGen: 293952K(312320K)->64K(313344K) Eden: 293888K(293888K)->0K(297984K) From: 64K(18432K)->64K(15360K)
[148.867s][info][gc,heap        ] GC(338) ParOldGen: 417715K(417792K)->417715K(417792K)
[148.867s][info][gc,metaspace   ] GC(338) Metaspace: 35165K(35776K)->35165K(35776K) NonClass: 25986K(26432K)->25986K(26432K) Class: 9179K(9344K)->9179K(9344K)
[148.867s][info][gc             ] GC(338) Pause Young (Allocation Failure) 694M->407M(714M) 1.281ms
[148.868s][info][gc,cpu         ] GC(338) User=0.00s Sys=0.00s Real=0.00s
[149.159s][info][gc,start       ] GC(339) Pause Young (Allocation Failure)
[149.160s][info][gc,heap        ] GC(339) PSYoungGen: 298048K(313344K)->64K(314368K) Eden: 297984K(297984K)->0K(297984K) From: 64K(15360K)->64K(16384K)
[149.160s][info][gc,heap        ] GC(339) ParOldGen: 417715K(417792K)->417731K(417792K)
[149.160s][info][gc,metaspace   ] GC(339) Metaspace: 35165K(35776K)->35165K(35776K) NonClass: 25986K(26432K)->25986K(26432K) Class: 9179K(9344K)->9179K(9344K)
[149.160s][info][gc             ] GC(339) Pause Young (Allocation Failure) 698M->408M(715M) 1.394ms
[149.160s][info][gc,cpu         ] GC(339) User=0.00s Sys=0.00s Real=0.00s
[149.347s][info][gc,start       ] GC(340) Pause Young (Allocation Failure)
[149.348s][info][gc,heap        ] GC(340) PSYoungGen: 298048K(314368K)->64K(314880K) Eden: 297984K(297984K)->0K(301568K) From: 64K(16384K)->64K(13312K)
[149.348s][info][gc,heap        ] GC(340) ParOldGen: 417731K(417792K)->417731K(417792K)
[149.348s][info][gc,metaspace   ] GC(340) Metaspace: 35168K(35776K)->35168K(35776K) NonClass: 25989K(26432K)->25989K(26432K) Class: 9179K(9344K)->9179K(9344K)
[149.348s][info][gc             ] GC(340) Pause Young (Allocation Failure) 699M->408M(715M) 1.411ms
[149.348s][info][gc,cpu         ] GC(340) User=0.00s Sys=0.00s Real=0.00s
[149.434s][info][gc,start       ] GC(341) Pause Young (Allocation Failure)
[149.435s][info][gc,heap        ] GC(341) PSYoungGen: 301632K(314880K)->64K(316416K) Eden: 301568K(301568K)->0K(301568K) From: 64K(13312K)->64K(14848K)
[149.435s][info][gc,heap        ] GC(341) ParOldGen: 417731K(417792K)->417747K(417792K)
[149.435s][info][gc,metaspace   ] GC(341) Metaspace: 35168K(35776K)->35168K(35776K) NonClass: 25989K(26432K)->25989K(26432K) Class: 9179K(9344K)->9179K(9344K)
[149.435s][info][gc             ] GC(341) Pause Young (Allocation Failure) 702M->408M(717M) 1.408ms
[149.435s][info][gc,cpu         ] GC(341) User=0.01s Sys=0.00s Real=0.00s
[149.617s][info][gc,start       ] GC(342) Pause Young (Allocation Failure)
[149.618s][info][gc,heap        ] GC(342) PSYoungGen: 301632K(316416K)->64K(316416K) Eden: 301568K(301568K)->0K(305152K) From: 64K(14848K)->64K(11264K)
[149.618s][info][gc,heap        ] GC(342) ParOldGen: 417747K(417792K)->417747K(417792K)
[149.618s][info][gc,metaspace   ] GC(342) Metaspace: 35168K(35776K)->35168K(35776K) NonClass: 25989K(26432K)->25989K(26432K) Class: 9179K(9344K)->9179K(9344K)
[149.618s][info][gc             ] GC(342) Pause Young (Allocation Failure) 702M->408M(717M) 1.365ms
[149.618s][info][gc,cpu         ] GC(342) User=0.00s Sys=0.00s Real=0.00s
[150.606s][info][gc,start       ] GC(343) Pause Young (Allocation Failure)
[150.608s][info][gc,heap        ] GC(343) PSYoungGen: 305216K(316416K)->64K(293376K) Eden: 305152K(305152K)->0K(292864K) From: 64K(11264K)->64K(512K)
[150.608s][info][gc,heap        ] GC(343) ParOldGen: 417747K(417792K)->417755K(417792K)
[150.608s][info][gc,metaspace   ] GC(343) Metaspace: 35168K(35776K)->35168K(35776K) NonClass: 25989K(26432K)->25989K(26432K) Class: 9179K(9344K)->9179K(9344K)
[150.608s][info][gc             ] GC(343) Pause Young (Allocation Failure) 706M->408M(694M) 1.819ms
[150.608s][info][gc,cpu         ] GC(343) User=0.01s Sys=0.00s Real=0.00s
[151.488s][info][gc,start       ] GC(344) Pause Young (Allocation Failure)
[151.491s][info][gc,heap        ] GC(344) PSYoungGen: 292928K(293376K)->64K(281600K) Eden: 292864K(292864K)->0K(281088K) From: 64K(512K)->64K(512K)
[151.491s][info][gc,heap        ] GC(344) ParOldGen: 417755K(417792K)->417771K(417792K)
[151.491s][info][gc,metaspace   ] GC(344) Metaspace: 35168K(35776K)->35168K(35776K) NonClass: 25989K(26432K)->25989K(26432K) Class: 9179K(9344K)->9179K(9344K)
[151.491s][info][gc             ] GC(344) Pause Young (Allocation Failure) 694M->408M(683M) 3.506ms
[151.491s][info][gc,cpu         ] GC(344) User=0.00s Sys=0.00s Real=0.00s
[151.920s][info][gc,start       ] GC(345) Pause Young (Allocation Failure)
[151.921s][info][gc,heap        ] GC(345) PSYoungGen: 281152K(281600K)->64K(281088K) Eden: 281088K(281088K)->0K(269824K) From: 64K(512K)->64K(11264K)
[151.921s][info][gc,heap        ] GC(345) ParOldGen: 417771K(417792K)->417779K(417792K)
[151.921s][info][gc,metaspace   ] GC(345) Metaspace: 35168K(35776K)->35168K(35776K) NonClass: 25989K(26432K)->25989K(26432K) Class: 9179K(9344K)->9179K(9344K)
[151.921s][info][gc             ] GC(345) Pause Young (Allocation Failure) 682M->408M(682M) 1.608ms
[151.921s][info][gc,cpu         ] GC(345) User=0.01s Sys=0.00s Real=0.00s
[153.042s][info][gc,start       ] GC(346) Pause Young (Allocation Failure)
[153.044s][info][gc,heap        ] GC(346) PSYoungGen: 269888K(281088K)->64K(259584K) Eden: 269824K(269824K)->0K(259072K) From: 64K(11264K)->64K(512K)
[153.044s][info][gc,heap        ] GC(346) ParOldGen: 417779K(417792K)->417787K(417792K)
[153.044s][info][gc,metaspace   ] GC(346) Metaspace: 35168K(35776K)->35168K(35776K) NonClass: 25989K(26432K)->25989K(26432K) Class: 9179K(9344K)->9179K(9344K)
[153.044s][info][gc             ] GC(346) Pause Young (Allocation Failure) 671M->408M(661M) 2.166ms
[153.044s][info][gc,cpu         ] GC(346) User=0.01s Sys=0.00s Real=0.00s
[153.462s][info][gc,start       ] GC(347) Pause Young (Allocation Failure)
[153.464s][info][gc,heap        ] GC(347) PSYoungGen: 259136K(259584K)->64K(259072K) Eden: 259072K(259072K)->0K(248832K) From: 64K(512K)->64K(10240K)
[153.464s][info][gc,heap        ] GC(347) ParOldGen: 417787K(417792K)->417803K(418304K)
[153.464s][info][gc,metaspace   ] GC(347) Metaspace: 35168K(35776K)->35168K(35776K) NonClass: 25989K(26432K)->25989K(26432K) Class: 9179K(9344K)->9179K(9344K)
[153.464s][info][gc             ] GC(347) Pause Young (Allocation Failure) 661M->408M(661M) 2.116ms
[153.464s][info][gc,cpu         ] GC(347) User=0.01s Sys=0.00s Real=0.00s
[153.643s][info][gc,start       ] GC(348) Pause Young (Allocation Failure)
[153.646s][info][gc,heap        ] GC(348) PSYoungGen: 248896K(259072K)->64K(239616K) Eden: 248832K(248832K)->0K(239104K) From: 64K(10240K)->64K(512K)
[153.646s][info][gc,heap        ] GC(348) ParOldGen: 417803K(418304K)->417811K(418304K)
[153.646s][info][gc,metaspace   ] GC(348) Metaspace: 35168K(35776K)->35168K(35776K) NonClass: 25989K(26432K)->25989K(26432K) Class: 9179K(9344K)->9179K(9344K)
[153.646s][info][gc             ] GC(348) Pause Young (Allocation Failure) 651M->408M(642M) 2.659ms
[153.646s][info][gc,cpu         ] GC(348) User=0.00s Sys=0.00s Real=0.00s
[153.804s][info][gc,start       ] GC(349) Pause Young (Allocation Failure)
[153.806s][info][gc,heap        ] GC(349) PSYoungGen: 239168K(239616K)->64K(238592K) Eden: 239104K(239104K)->0K(229888K) From: 64K(512K)->64K(8704K)
[153.806s][info][gc,heap        ] GC(349) ParOldGen: 417811K(418304K)->417819K(418304K)
[153.806s][info][gc,metaspace   ] GC(349) Metaspace: 35168K(35776K)->35168K(35776K) NonClass: 25989K(26432K)->25989K(26432K) Class: 9179K(9344K)->9179K(9344K)
[153.806s][info][gc             ] GC(349) Pause Young (Allocation Failure) 641M->408M(641M) 1.954ms
[153.806s][info][gc,cpu         ] GC(349) User=0.01s Sys=0.00s Real=0.00s
[154.378s][info][gc,start       ] GC(350) Pause Young (Allocation Failure)
[154.380s][info][gc,heap        ] GC(350) PSYoungGen: 229952K(238592K)->64K(221696K) Eden: 229888K(229888K)->0K(221184K) From: 64K(8704K)->64K(512K)
[154.380s][info][gc,heap        ] GC(350) ParOldGen: 417819K(418304K)->417827K(418304K)
[154.380s][info][gc,metaspace   ] GC(350) Metaspace: 35168K(35776K)->35168K(35776K) NonClass: 25989K(26432K)->25989K(26432K) Class: 9179K(9344K)->9179K(9344K)
[154.380s][info][gc             ] GC(350) Pause Young (Allocation Failure) 632M->408M(625M) 2.577ms
[154.380s][info][gc,cpu         ] GC(350) User=0.01s Sys=0.01s Real=0.00s
[154.647s][info][gc,start       ] GC(351) Pause Young (Allocation Failure)
[154.648s][info][gc,heap        ] GC(351) PSYoungGen: 221248K(221696K)->64K(220672K) Eden: 221184K(221184K)->0K(212992K) From: 64K(512K)->64K(7680K)
[154.648s][info][gc,heap        ] GC(351) ParOldGen: 417827K(418304K)->417835K(418304K)
[154.648s][info][gc,metaspace   ] GC(351) Metaspace: 35168K(35776K)->35168K(35776K) NonClass: 25989K(26432K)->25989K(26432K) Class: 9179K(9344K)->9179K(9344K)
[154.648s][info][gc             ] GC(351) Pause Young (Allocation Failure) 624M->408M(624M) 1.499ms
[154.648s][info][gc,cpu         ] GC(351) User=0.00s Sys=0.00s Real=0.00s
[154.943s][info][gc,start       ] GC(352) Pause Young (Allocation Failure)
[154.981s][info][gc,heap        ] GC(352) PSYoungGen: 213056K(220672K)->7168K(263168K) Eden: 212992K(212992K)->0K(256000K) From: 64K(7680K)->7168K(7168K)
[154.981s][info][gc,heap        ] GC(352) ParOldGen: 417835K(418304K)->429675K(430080K)
[154.981s][info][gc,metaspace   ] GC(352) Metaspace: 35168K(35776K)->35168K(35776K) NonClass: 25989K(26432K)->25989K(26432K) Class: 9179K(9344K)->9179K(9344K)
[154.981s][info][gc             ] GC(352) Pause Young (Allocation Failure) 616M->426M(677M) 38.186ms
[154.981s][info][gc,cpu         ] GC(352) User=0.06s Sys=0.00s Real=0.03s
[155.297s][info][gc,start       ] GC(353) Pause Young (Allocation Failure)
[155.356s][info][gc,heap        ] GC(353) PSYoungGen: 263168K(263168K)->13312K(269312K) Eden: 256000K(256000K)->0K(256000K) From: 7168K(7168K)->13312K(13312K)
[155.356s][info][gc,heap        ] GC(353) ParOldGen: 429675K(430080K)->445651K(445952K)
[155.356s][info][gc,metaspace   ] GC(353) Metaspace: 35168K(35776K)->35168K(35776K) NonClass: 25989K(26432K)->25989K(26432K) Class: 9179K(9344K)->9179K(9344K)
[155.356s][info][gc             ] GC(353) Pause Young (Allocation Failure) 676M->448M(698M) 58.794ms
[155.356s][info][gc,cpu         ] GC(353) User=0.10s Sys=0.02s Real=0.06s
[155.550s][info][gc,start       ] GC(354) Pause Young (Allocation Failure)
[155.584s][info][gc,heap        ] GC(354) PSYoungGen: 269312K(269312K)->14688K(307712K) Eden: 256000K(256000K)->0K(285696K) From: 13312K(13312K)->14688K(22016K)
[155.584s][info][gc,heap        ] GC(354) ParOldGen: 445651K(445952K)->446083K(446464K)
[155.584s][info][gc,metaspace   ] GC(354) Metaspace: 35168K(35776K)->35168K(35776K) NonClass: 25989K(26432K)->25989K(26432K) Class: 9179K(9344K)->9179K(9344K)
[155.584s][info][gc             ] GC(354) Pause Young (Allocation Failure) 698M->449M(736M) 34.906ms
[155.584s][info][gc,cpu         ] GC(354) User=0.05s Sys=0.01s Real=0.04s
[155.976s][info][gc,start       ] GC(355) Pause Young (Allocation Failure)
[155.978s][info][gc,heap        ] GC(355) PSYoungGen: 300384K(307712K)->64K(309760K) Eden: 285696K(285696K)->0K(285696K) From: 14688K(22016K)->64K(24064K)
[155.978s][info][gc,heap        ] GC(355) ParOldGen: 446083K(446464K)->446091K(446464K)
[155.978s][info][gc,metaspace   ] GC(355) Metaspace: 35168K(35776K)->35168K(35776K) NonClass: 25989K(26432K)->25989K(26432K) Class: 9179K(9344K)->9179K(9344K)
[155.978s][info][gc             ] GC(355) Pause Young (Allocation Failure) 728M->435M(738M) 1.575ms
[155.978s][info][gc,cpu         ] GC(355) User=0.00s Sys=0.00s Real=0.00s
[156.605s][info][gc,start       ] GC(356) Pause Young (Allocation Failure)
[156.606s][info][gc,heap        ] GC(356) PSYoungGen: 285760K(309760K)->64K(307712K) Eden: 285696K(285696K)->0K(286720K) From: 64K(24064K)->64K(20992K)
[156.606s][info][gc,heap        ] GC(356) ParOldGen: 446091K(446464K)->446099K(446464K)
[156.607s][info][gc,metaspace   ] GC(356) Metaspace: 35168K(35776K)->35168K(35776K) NonClass: 25989K(26432K)->25989K(26432K) Class: 9179K(9344K)->9179K(9344K)
[156.607s][info][gc             ] GC(356) Pause Young (Allocation Failure) 714M->435M(736M) 1.667ms
[156.607s][info][gc,cpu         ] GC(356) User=0.00s Sys=0.00s Real=0.00s
[157.079s][info][gc,start       ] GC(357) Pause Young (Allocation Failure)
[157.081s][info][gc,heap        ] GC(357) PSYoungGen: 286784K(307712K)->64K(309248K) Eden: 286720K(286720K)->0K(286720K) From: 64K(20992K)->64K(22528K)
[157.081s][info][gc,heap        ] GC(357) ParOldGen: 446099K(446464K)->446115K(446464K)
[157.081s][info][gc,metaspace   ] GC(357) Metaspace: 35168K(35776K)->35168K(35776K) NonClass: 25989K(26432K)->25989K(26432K) Class: 9179K(9344K)->9179K(9344K)
[157.081s][info][gc             ] GC(357) Pause Young (Allocation Failure) 715M->435M(738M) 1.740ms
[157.081s][info][gc,cpu         ] GC(357) User=0.00s Sys=0.00s Real=0.00s
[157.331s][info][gc,start       ] GC(358) Pause Young (Allocation Failure)
[157.333s][info][gc,heap        ] GC(358) PSYoungGen: 286784K(309248K)->64K(308736K) Eden: 286720K(286720K)->0K(289792K) From: 64K(22528K)->64K(18944K)
[157.333s][info][gc,heap        ] GC(358) ParOldGen: 446115K(446464K)->446131K(446464K)
[157.333s][info][gc,metaspace   ] GC(358) Metaspace: 35168K(35776K)->35168K(35776K) NonClass: 25989K(26432K)->25989K(26432K) Class: 9179K(9344K)->9179K(9344K)
[157.333s][info][gc             ] GC(358) Pause Young (Allocation Failure) 715M->435M(737M) 1.687ms
[157.333s][info][gc,cpu         ] GC(358) User=0.00s Sys=0.00s Real=0.01s
[157.587s][info][gc,start       ] GC(359) Pause Young (Allocation Failure)
[157.589s][info][gc,heap        ] GC(359) PSYoungGen: 289856K(308736K)->64K(310272K) Eden: 289792K(289792K)->0K(289792K) From: 64K(18944K)->64K(20480K)
[157.589s][info][gc,heap        ] GC(359) ParOldGen: 446131K(446464K)->446131K(446464K)
[157.589s][info][gc,metaspace   ] GC(359) Metaspace: 35168K(35776K)->35168K(35776K) NonClass: 25989K(26432K)->25989K(26432K) Class: 9179K(9344K)->9179K(9344K)
[157.589s][info][gc             ] GC(359) Pause Young (Allocation Failure) 718M->435M(739M) 1.612ms
[157.589s][info][gc,cpu         ] GC(359) User=0.00s Sys=0.00s Real=0.00s
[157.901s][info][gc,start       ] GC(360) Pause Young (Allocation Failure)
[157.903s][info][gc,heap        ] GC(360) PSYoungGen: 289856K(310272K)->64K(311808K) Eden: 289792K(289792K)->0K(293888K) From: 64K(20480K)->64K(17920K)
[157.903s][info][gc,heap        ] GC(360) ParOldGen: 446131K(446464K)->446131K(446464K)
[157.903s][info][gc,metaspace   ] GC(360) Metaspace: 35168K(35776K)->35168K(35776K) NonClass: 25989K(26432K)->25989K(26432K) Class: 9179K(9344K)->9179K(9344K)
[157.903s][info][gc             ] GC(360) Pause Young (Allocation Failure) 718M->435M(740M) 1.646ms
[157.903s][info][gc,cpu         ] GC(360) User=0.00s Sys=0.00s Real=0.01s
[157.957s][info][gc,start       ] GC(361) Pause Young (Allocation Failure)
[157.958s][info][gc,heap        ] GC(361) PSYoungGen: 293952K(311808K)->64K(312832K) Eden: 293888K(293888K)->0K(293888K) From: 64K(17920K)->64K(18944K)
[157.958s][info][gc,heap        ] GC(361) ParOldGen: 446131K(446464K)->446147K(446464K)
[157.958s][info][gc,metaspace   ] GC(361) Metaspace: 35168K(35776K)->35168K(35776K) NonClass: 25989K(26432K)->25989K(26432K) Class: 9179K(9344K)->9179K(9344K)
[157.958s][info][gc             ] GC(361) Pause Young (Allocation Failure) 722M->435M(741M) 1.598ms
[157.958s][info][gc,cpu         ] GC(361) User=0.00s Sys=0.00s Real=0.00s
[158.055s][info][gc,start       ] GC(362) Pause Young (Allocation Failure)
[158.057s][info][gc,heap        ] GC(362) PSYoungGen: 293952K(312832K)->64K(312832K) Eden: 293888K(293888K)->0K(296960K) From: 64K(18944K)->64K(15872K)
[158.057s][info][gc,heap        ] GC(362) ParOldGen: 446147K(446464K)->446155K(446464K)
[158.057s][info][gc,metaspace   ] GC(362) Metaspace: 35176K(35840K)->35176K(35840K) NonClass: 25997K(26496K)->25997K(26496K) Class: 9179K(9344K)->9179K(9344K)
[158.057s][info][gc             ] GC(362) Pause Young (Allocation Failure) 722M->435M(741M) 1.682ms
[158.057s][info][gc,cpu         ] GC(362) User=0.00s Sys=0.00s Real=0.00s
[158.359s][info][gc,start       ] GC(363) Pause Young (Allocation Failure)
[158.361s][info][gc,heap        ] GC(363) PSYoungGen: 297024K(312832K)->64K(313856K) Eden: 296960K(296960K)->0K(296960K) From: 64K(15872K)->64K(16896K)
[158.361s][info][gc,heap        ] GC(363) ParOldGen: 446155K(446464K)->446171K(446464K)
[158.361s][info][gc,metaspace   ] GC(363) Metaspace: 35176K(35840K)->35176K(35840K) NonClass: 25997K(26496K)->25997K(26496K) Class: 9179K(9344K)->9179K(9344K)
[158.361s][info][gc             ] GC(363) Pause Young (Allocation Failure) 725M->435M(742M) 1.734ms
[158.361s][info][gc,cpu         ] GC(363) User=0.00s Sys=0.01s Real=0.00s
[158.575s][info][gc,start       ] GC(364) Pause Young (Allocation Failure)
[158.577s][info][gc,heap        ] GC(364) PSYoungGen: 297024K(313856K)->64K(314880K) Eden: 296960K(296960K)->0K(301056K) From: 64K(16896K)->64K(13824K)
[158.577s][info][gc,heap        ] GC(364) ParOldGen: 446171K(446464K)->446171K(446464K)
[158.577s][info][gc,metaspace   ] GC(364) Metaspace: 35177K(35840K)->35177K(35840K) NonClass: 25998K(26496K)->25998K(26496K) Class: 9179K(9344K)->9179K(9344K)
[158.577s][info][gc             ] GC(364) Pause Young (Allocation Failure) 725M->435M(743M) 1.673ms
[158.577s][info][gc,cpu         ] GC(364) User=0.00s Sys=0.00s Real=0.00s
[158.666s][info][gc,start       ] GC(365) Pause Young (Allocation Failure)
[158.667s][info][gc,heap        ] GC(365) PSYoungGen: 301120K(314880K)->64K(315904K) Eden: 301056K(301056K)->0K(301056K) From: 64K(13824K)->64K(14848K)
[158.667s][info][gc,heap        ] GC(365) ParOldGen: 446171K(446464K)->446187K(446464K)
[158.667s][info][gc,metaspace   ] GC(365) Metaspace: 35177K(35840K)->35177K(35840K) NonClass: 25998K(26496K)->25998K(26496K) Class: 9179K(9344K)->9179K(9344K)
[158.667s][info][gc             ] GC(365) Pause Young (Allocation Failure) 729M->435M(744M) 1.636ms
[158.667s][info][gc,cpu         ] GC(365) User=0.00s Sys=0.00s Real=0.00s
[158.845s][info][gc,start       ] GC(366) Pause Young (Allocation Failure)
[158.846s][info][gc,heap        ] GC(366) PSYoungGen: 301120K(315904K)->64K(317952K) Eden: 301056K(301056K)->0K(305152K) From: 64K(14848K)->64K(12800K)
[158.846s][info][gc,heap        ] GC(366) ParOldGen: 446187K(446464K)->446187K(446464K)
[158.846s][info][gc,metaspace   ] GC(366) Metaspace: 35177K(35840K)->35177K(35840K) NonClass: 25998K(26496K)->25998K(26496K) Class: 9179K(9344K)->9179K(9344K)
[158.846s][info][gc             ] GC(366) Pause Young (Allocation Failure) 729M->435M(746M) 1.669ms
[158.846s][info][gc,cpu         ] GC(366) User=0.00s Sys=0.00s Real=0.00s
[159.848s][info][gc,start       ] GC(367) Pause Young (Allocation Failure)
[159.850s][info][gc,heap        ] GC(367) PSYoungGen: 305216K(317952K)->83K(293376K) Eden: 305152K(305152K)->0K(292864K) From: 64K(12800K)->83K(512K)
[159.850s][info][gc,heap        ] GC(367) ParOldGen: 446187K(446464K)->446195K(446464K)
[159.850s][info][gc,metaspace   ] GC(367) Metaspace: 35177K(35840K)->35177K(35840K) NonClass: 25998K(26496K)->25998K(26496K) Class: 9179K(9344K)->9179K(9344K)
[159.850s][info][gc             ] GC(367) Pause Young (Allocation Failure) 733M->435M(722M) 2.283ms
[159.850s][info][gc,cpu         ] GC(367) User=0.01s Sys=0.00s Real=0.00s
[160.712s][info][gc,start       ] GC(368) Pause Young (Allocation Failure)
[160.714s][info][gc,heap        ] GC(368) PSYoungGen: 292947K(293376K)->64K(281600K) Eden: 292864K(292864K)->0K(281088K) From: 83K(512K)->64K(512K)
[160.714s][info][gc,heap        ] GC(368) ParOldGen: 446195K(446464K)->446203K(446464K)
[160.714s][info][gc,metaspace   ] GC(368) Metaspace: 35177K(35840K)->35177K(35840K) NonClass: 25998K(26496K)->25998K(26496K) Class: 9179K(9344K)->9179K(9344K)
[160.714s][info][gc             ] GC(368) Pause Young (Allocation Failure) 721M->435M(711M) 2.251ms
[160.714s][info][gc,cpu         ] GC(368) User=0.00s Sys=0.00s Real=0.01s
[161.069s][info][gc,start       ] GC(369) Pause Young (Allocation Failure)
[161.071s][info][gc,heap        ] GC(369) PSYoungGen: 281152K(281600K)->64K(281600K) Eden: 281088K(281088K)->0K(269824K) From: 64K(512K)->64K(11776K)
[161.071s][info][gc,heap        ] GC(369) ParOldGen: 446203K(446464K)->446211K(446464K)
[161.071s][info][gc,metaspace   ] GC(369) Metaspace: 35177K(35840K)->35177K(35840K) NonClass: 25998K(26496K)->25998K(26496K) Class: 9179K(9344K)->9179K(9344K)
[161.071s][info][gc             ] GC(369) Pause Young (Allocation Failure) 710M->435M(711M) 1.636ms
[161.071s][info][gc,cpu         ] GC(369) User=0.00s Sys=0.00s Real=0.00s
[162.169s][info][gc,start       ] GC(370) Pause Young (Allocation Failure)
[162.171s][info][gc,heap        ] GC(370) PSYoungGen: 269888K(281600K)->64K(259584K) Eden: 269824K(269824K)->0K(259072K) From: 64K(11776K)->64K(512K)
[162.171s][info][gc,heap        ] GC(370) ParOldGen: 446211K(446464K)->446219K(446464K)
[162.171s][info][gc,metaspace   ] GC(370) Metaspace: 35177K(35840K)->35177K(35840K) NonClass: 25998K(26496K)->25998K(26496K) Class: 9179K(9344K)->9179K(9344K)
[162.171s][info][gc             ] GC(370) Pause Young (Allocation Failure) 699M->435M(689M) 2.101ms
[162.171s][info][gc,cpu         ] GC(370) User=0.00s Sys=0.00s Real=0.00s
[162.563s][info][gc,start       ] GC(371) Pause Young (Allocation Failure)
[162.564s][info][gc,heap        ] GC(371) PSYoungGen: 259136K(259584K)->64K(259072K) Eden: 259072K(259072K)->0K(248832K) From: 64K(512K)->64K(10240K)
[162.564s][info][gc,heap        ] GC(371) ParOldGen: 446219K(446464K)->446227K(446464K)
[162.564s][info][gc,metaspace   ] GC(371) Metaspace: 35177K(35840K)->35177K(35840K) NonClass: 25998K(26496K)->25998K(26496K) Class: 9179K(9344K)->9179K(9344K)
[162.564s][info][gc             ] GC(371) Pause Young (Allocation Failure) 688M->435M(689M) 1.383ms
[162.564s][info][gc,cpu         ] GC(371) User=0.00s Sys=0.00s Real=0.00s
[162.747s][info][gc,start       ] GC(372) Pause Young (Allocation Failure)
[162.749s][info][gc,heap        ] GC(372) PSYoungGen: 248896K(259072K)->64K(239616K) Eden: 248832K(248832K)->0K(239104K) From: 64K(10240K)->64K(512K)
[162.749s][info][gc,heap        ] GC(372) ParOldGen: 446227K(446464K)->446235K(446464K)
[162.749s][info][gc,metaspace   ] GC(372) Metaspace: 35177K(35840K)->35177K(35840K) NonClass: 25998K(26496K)->25998K(26496K) Class: 9179K(9344K)->9179K(9344K)
[162.749s][info][gc             ] GC(372) Pause Young (Allocation Failure) 678M->435M(670M) 2.164ms
[162.749s][info][gc,cpu         ] GC(372) User=0.00s Sys=0.00s Real=0.00s
[162.842s][info][gc,start       ] GC(373) Pause Young (Allocation Failure)
[162.843s][info][gc,heap        ] GC(373) PSYoungGen: 239168K(239616K)->64K(238592K) Eden: 239104K(239104K)->0K(229888K) From: 64K(512K)->64K(8704K)
[162.843s][info][gc,heap        ] GC(373) ParOldGen: 446235K(446464K)->446243K(446464K)
[162.843s][info][gc,metaspace   ] GC(373) Metaspace: 35177K(35840K)->35177K(35840K) NonClass: 25998K(26496K)->25998K(26496K) Class: 9179K(9344K)->9179K(9344K)
[162.843s][info][gc             ] GC(373) Pause Young (Allocation Failure) 669M->435M(669M) 1.348ms
[162.843s][info][gc,cpu         ] GC(373) User=0.00s Sys=0.00s Real=0.01s
[163.424s][info][gc,start       ] GC(374) Pause Young (Allocation Failure)
[163.426s][info][gc,heap        ] GC(374) PSYoungGen: 229952K(238592K)->64K(221696K) Eden: 229888K(229888K)->0K(221184K) From: 64K(8704K)->64K(512K)
[163.426s][info][gc,heap        ] GC(374) ParOldGen: 446243K(446464K)->446251K(446464K)
[163.426s][info][gc,metaspace   ] GC(374) Metaspace: 35177K(35840K)->35177K(35840K) NonClass: 25998K(26496K)->25998K(26496K) Class: 9179K(9344K)->9179K(9344K)
[163.426s][info][gc             ] GC(374) Pause Young (Allocation Failure) 660M->435M(652M) 2.386ms
[163.426s][info][gc,cpu         ] GC(374) User=0.00s Sys=0.00s Real=0.00s
[163.652s][info][gc,start       ] GC(375) Pause Young (Allocation Failure)
[163.653s][info][gc,heap        ] GC(375) PSYoungGen: 221248K(221696K)->64K(220672K) Eden: 221184K(221184K)->0K(212992K) From: 64K(512K)->64K(7680K)
[163.653s][info][gc,heap        ] GC(375) ParOldGen: 446251K(446464K)->446259K(446464K)
[163.653s][info][gc,metaspace   ] GC(375) Metaspace: 35177K(35840K)->35177K(35840K) NonClass: 25998K(26496K)->25998K(26496K) Class: 9179K(9344K)->9179K(9344K)
[163.653s][info][gc             ] GC(375) Pause Young (Allocation Failure) 651M->435M(651M) 1.314ms
[163.653s][info][gc,cpu         ] GC(375) User=0.01s Sys=0.00s Real=0.00s
[163.937s][info][gc,start       ] GC(376) Pause Young (Allocation Failure)
[163.967s][info][gc,heap        ] GC(376) PSYoungGen: 213056K(220672K)->7168K(263168K) Eden: 212992K(212992K)->0K(256000K) From: 64K(7680K)->7168K(7168K)
[163.967s][info][gc,heap        ] GC(376) ParOldGen: 446259K(446464K)->454667K(455168K)
[163.967s][info][gc,metaspace   ] GC(376) Metaspace: 35177K(35840K)->35177K(35840K) NonClass: 25998K(26496K)->25998K(26496K) Class: 9179K(9344K)->9179K(9344K)
[163.967s][info][gc             ] GC(376) Pause Young (Allocation Failure) 643M->451M(701M) 29.769ms
[163.967s][info][gc,cpu         ] GC(376) User=0.05s Sys=0.01s Real=0.03s
[164.266s][info][gc,start       ] GC(377) Pause Young (Allocation Failure)
[164.326s][info][gc,heap        ] GC(377) PSYoungGen: 263168K(263168K)->11776K(269312K) Eden: 256000K(256000K)->0K(257536K) From: 7168K(7168K)->11776K(11776K)
[164.326s][info][gc,heap        ] GC(377) ParOldGen: 454667K(455168K)->472083K(472576K)
[164.326s][info][gc,metaspace   ] GC(377) Metaspace: 35177K(35840K)->35177K(35840K) NonClass: 25998K(26496K)->25998K(26496K) Class: 9179K(9344K)->9179K(9344K)
[164.326s][info][gc             ] GC(377) Pause Young (Allocation Failure) 701M->472M(724M) 60.065ms
[164.326s][info][gc,cpu         ] GC(377) User=0.11s Sys=0.01s Real=0.06s
[164.543s][info][gc,start       ] GC(378) Pause Young (Allocation Failure)
[164.585s][info][gc,heap        ] GC(378) PSYoungGen: 269312K(269312K)->18112K(306688K) Eden: 257536K(257536K)->0K(285696K) From: 11776K(11776K)->18112K(20992K)
[164.585s][info][gc,heap        ] GC(378) ParOldGen: 472083K(472576K)->472555K(472576K)
[164.585s][info][gc,metaspace   ] GC(378) Metaspace: 35177K(35840K)->35177K(35840K) NonClass: 25998K(26496K)->25998K(26496K) Class: 9179K(9344K)->9179K(9344K)
[164.585s][info][gc             ] GC(378) Pause Young (Allocation Failure) 724M->479M(761M) 42.115ms
[164.585s][info][gc,cpu         ] GC(378) User=0.06s Sys=0.02s Real=0.04s
[164.898s][info][gc,start       ] GC(379) Pause Young (Allocation Failure)
[164.900s][info][gc,heap        ] GC(379) PSYoungGen: 303808K(306688K)->64K(309760K) Eden: 285696K(285696K)->0K(285696K) From: 18112K(20992K)->64K(24064K)
[164.900s][info][gc,heap        ] GC(379) ParOldGen: 472555K(472576K)->472563K(472576K)
[164.900s][info][gc,metaspace   ] GC(379) Metaspace: 35177K(35840K)->35177K(35840K) NonClass: 25998K(26496K)->25998K(26496K) Class: 9179K(9344K)->9179K(9344K)
[164.900s][info][gc             ] GC(379) Pause Young (Allocation Failure) 758M->461M(764M) 1.626ms
[164.900s][info][gc,cpu         ] GC(379) User=0.00s Sys=0.00s Real=0.00s
[165.540s][info][gc,start       ] GC(380) Pause Young (Allocation Failure)
[165.541s][info][gc,heap        ] GC(380) PSYoungGen: 285760K(309760K)->64K(307200K) Eden: 285696K(285696K)->0K(286208K) From: 64K(24064K)->64K(20992K)
[165.541s][info][gc,heap        ] GC(380) ParOldGen: 472563K(472576K)->472571K(472576K)
[165.541s][info][gc,metaspace   ] GC(380) Metaspace: 35177K(35840K)->35177K(35840K) NonClass: 25998K(26496K)->25998K(26496K) Class: 9179K(9344K)->9179K(9344K)
[165.541s][info][gc             ] GC(380) Pause Young (Allocation Failure) 740M->461M(761M) 1.640ms
[165.541s][info][gc,cpu         ] GC(380) User=0.00s Sys=0.00s Real=0.00s
[166.003s][info][gc,start       ] GC(381) Pause Young (Allocation Failure)
[166.005s][info][gc,heap        ] GC(381) PSYoungGen: 286272K(307200K)->64K(308736K) Eden: 286208K(286208K)->0K(286208K) From: 64K(20992K)->64K(22528K)
[166.005s][info][gc,heap        ] GC(381) ParOldGen: 472571K(472576K)->472587K(473088K)
[166.005s][info][gc,metaspace   ] GC(381) Metaspace: 35177K(35840K)->35177K(35840K) NonClass: 25998K(26496K)->25998K(26496K) Class: 9179K(9344K)->9179K(9344K)
[166.005s][info][gc             ] GC(381) Pause Young (Allocation Failure) 741M->461M(763M) 1.614ms
[166.005s][info][gc,cpu         ] GC(381) User=0.01s Sys=0.00s Real=0.00s
[166.243s][info][gc,start       ] GC(382) Pause Young (Allocation Failure)
[166.244s][info][gc,heap        ] GC(382) PSYoungGen: 286272K(308736K)->64K(308736K) Eden: 286208K(286208K)->0K(289280K) From: 64K(22528K)->64K(19456K)
[166.244s][info][gc,heap        ] GC(382) ParOldGen: 472587K(473088K)->472603K(473088K)
[166.244s][info][gc,metaspace   ] GC(382) Metaspace: 35177K(35840K)->35177K(35840K) NonClass: 25998K(26496K)->25998K(26496K) Class: 9179K(9344K)->9179K(9344K)
[166.244s][info][gc             ] GC(382) Pause Young (Allocation Failure) 741M->461M(763M) 1.506ms
[166.244s][info][gc,cpu         ] GC(382) User=0.00s Sys=0.00s Real=0.00s
[166.489s][info][gc,start       ] GC(383) Pause Young (Allocation Failure)
[166.490s][info][gc,heap        ] GC(383) PSYoungGen: 289344K(308736K)->64K(310272K) Eden: 289280K(289280K)->0K(289280K) From: 64K(19456K)->64K(20992K)
[166.490s][info][gc,heap        ] GC(383) ParOldGen: 472603K(473088K)->472603K(473088K)
[166.490s][info][gc,metaspace   ] GC(383) Metaspace: 35177K(35840K)->35177K(35840K) NonClass: 25998K(26496K)->25998K(26496K) Class: 9179K(9344K)->9179K(9344K)
[166.490s][info][gc             ] GC(383) Pause Young (Allocation Failure) 744M->461M(765M) 1.531ms
[166.490s][info][gc,cpu         ] GC(383) User=0.01s Sys=0.00s Real=0.00s
[166.811s][info][gc,start       ] GC(384) Pause Young (Allocation Failure)
[166.812s][info][gc,heap        ] GC(384) PSYoungGen: 289344K(310272K)->64K(310272K) Eden: 289280K(289280K)->0K(292864K) From: 64K(20992K)->64K(17408K)
[166.812s][info][gc,heap        ] GC(384) ParOldGen: 472603K(473088K)->472603K(473088K)
[166.812s][info][gc,metaspace   ] GC(384) Metaspace: 35177K(35840K)->35177K(35840K) NonClass: 25998K(26496K)->25998K(26496K) Class: 9179K(9344K)->9179K(9344K)
[166.812s][info][gc             ] GC(384) Pause Young (Allocation Failure) 744M->461M(765M) 1.495ms
[166.812s][info][gc,cpu         ] GC(384) User=0.00s Sys=0.00s Real=0.01s
[166.864s][info][gc,start       ] GC(385) Pause Young (Allocation Failure)
[166.865s][info][gc,heap        ] GC(385) PSYoungGen: 292928K(310272K)->64K(311808K) Eden: 292864K(292864K)->0K(292864K) From: 64K(17408K)->64K(18944K)
[166.865s][info][gc,heap        ] GC(385) ParOldGen: 472603K(473088K)->472619K(473088K)
[166.865s][info][gc,metaspace   ] GC(385) Metaspace: 35177K(35840K)->35177K(35840K) NonClass: 25998K(26496K)->25998K(26496K) Class: 9179K(9344K)->9179K(9344K)
[166.865s][info][gc             ] GC(385) Pause Young (Allocation Failure) 747M->461M(766M) 1.486ms
[166.865s][info][gc,cpu         ] GC(385) User=0.00s Sys=0.00s Real=0.00s
[166.931s][info][gc,start       ] GC(386) Pause Young (Allocation Failure)
[166.933s][info][gc,heap        ] GC(386) PSYoungGen: 292928K(311808K)->64K(312320K) Eden: 292864K(292864K)->0K(296960K) From: 64K(18944K)->64K(15360K)
[166.933s][info][gc,heap        ] GC(386) ParOldGen: 472619K(473088K)->472619K(473088K)
[166.933s][info][gc,metaspace   ] GC(386) Metaspace: 35177K(35840K)->35177K(35840K) NonClass: 25998K(26496K)->25998K(26496K) Class: 9179K(9344K)->9179K(9344K)
[166.933s][info][gc             ] GC(386) Pause Young (Allocation Failure) 747M->461M(767M) 1.501ms
[166.933s][info][gc,cpu         ] GC(386) User=0.00s Sys=0.00s Real=0.01s
[167.223s][info][gc,start       ] GC(387) Pause Young (Allocation Failure)
[167.224s][info][gc,heap        ] GC(387) PSYoungGen: 297024K(312320K)->64K(313856K) Eden: 296960K(296960K)->0K(296960K) From: 64K(15360K)->64K(16896K)
[167.224s][info][gc,heap        ] GC(387) ParOldGen: 472619K(473088K)->472635K(473088K)
[167.224s][info][gc,metaspace   ] GC(387) Metaspace: 35177K(35840K)->35177K(35840K) NonClass: 25998K(26496K)->25998K(26496K) Class: 9179K(9344K)->9179K(9344K)
[167.224s][info][gc             ] GC(387) Pause Young (Allocation Failure) 751M->461M(768M) 1.568ms
[167.224s][info][gc,cpu         ] GC(387) User=0.00s Sys=0.00s Real=0.00s
[167.451s][info][gc,start       ] GC(388) Pause Young (Allocation Failure)
[167.453s][info][gc,heap        ] GC(388) PSYoungGen: 297024K(313856K)->64K(315392K) Eden: 296960K(296960K)->0K(301056K) From: 64K(16896K)->64K(14336K)
[167.453s][info][gc,heap        ] GC(388) ParOldGen: 472635K(473088K)->472635K(473088K)
[167.453s][info][gc,metaspace   ] GC(388) Metaspace: 35177K(35840K)->35177K(35840K) NonClass: 25998K(26496K)->25998K(26496K) Class: 9179K(9344K)->9179K(9344K)
[167.453s][info][gc             ] GC(388) Pause Young (Allocation Failure) 751M->461M(770M) 1.493ms
[167.453s][info][gc,cpu         ] GC(388) User=0.01s Sys=0.00s Real=0.01s
[167.538s][info][gc,start       ] GC(389) Pause Young (Allocation Failure)
[167.539s][info][gc,heap        ] GC(389) PSYoungGen: 301120K(315392K)->64K(316416K) Eden: 301056K(301056K)->0K(301056K) From: 64K(14336K)->64K(15360K)
[167.539s][info][gc,heap        ] GC(389) ParOldGen: 472635K(473088K)->472651K(473088K)
[167.539s][info][gc,metaspace   ] GC(389) Metaspace: 35177K(35840K)->35177K(35840K) NonClass: 25998K(26496K)->25998K(26496K) Class: 9179K(9344K)->9179K(9344K)
[167.539s][info][gc             ] GC(389) Pause Young (Allocation Failure) 755M->461M(771M) 1.521ms
[167.539s][info][gc,cpu         ] GC(389) User=0.00s Sys=0.00s Real=0.00s
[167.698s][info][gc,start       ] GC(390) Pause Young (Allocation Failure)
[167.699s][info][gc,heap        ] GC(390) PSYoungGen: 301120K(316416K)->64K(316416K) Eden: 301056K(301056K)->0K(304128K) From: 64K(15360K)->64K(12288K)
[167.699s][info][gc,heap        ] GC(390) ParOldGen: 472651K(473088K)->472651K(473088K)
[167.699s][info][gc,metaspace   ] GC(390) Metaspace: 35177K(35840K)->35177K(35840K) NonClass: 25998K(26496K)->25998K(26496K) Class: 9179K(9344K)->9179K(9344K)
[167.699s][info][gc             ] GC(390) Pause Young (Allocation Failure) 755M->461M(771M) 1.503ms
[167.699s][info][gc,cpu         ] GC(390) User=0.00s Sys=0.00s Real=0.00s
[168.667s][info][gc,start       ] GC(391) Pause Young (Allocation Failure)
[168.669s][info][gc,heap        ] GC(391) PSYoungGen: 304192K(316416K)->64K(317440K) Eden: 304128K(304128K)->0K(304128K) From: 64K(12288K)->64K(13312K)
[168.669s][info][gc,heap        ] GC(391) ParOldGen: 472651K(473088K)->472659K(473088K)
[168.669s][info][gc,metaspace   ] GC(391) Metaspace: 35177K(35840K)->35177K(35840K) NonClass: 25998K(26496K)->25998K(26496K) Class: 9179K(9344K)->9179K(9344K)
[168.669s][info][gc             ] GC(391) Pause Young (Allocation Failure) 758M->461M(772M) 1.589ms
[168.669s][info][gc,cpu         ] GC(391) User=0.00s Sys=0.00s Real=0.00s
[169.494s][info][gc,start       ] GC(392) Pause Young (Allocation Failure)
[169.497s][info][gc,heap        ] GC(392) PSYoungGen: 304192K(317440K)->64K(292352K) Eden: 304128K(304128K)->0K(291840K) From: 64K(13312K)->64K(512K)
[169.497s][info][gc,heap        ] GC(392) ParOldGen: 472659K(473088K)->472667K(473088K)
[169.497s][info][gc,metaspace   ] GC(392) Metaspace: 35177K(35840K)->35177K(35840K) NonClass: 25998K(26496K)->25998K(26496K) Class: 9179K(9344K)->9179K(9344K)
[169.497s][info][gc             ] GC(392) Pause Young (Allocation Failure) 758M->461M(747M) 2.372ms
[169.497s][info][gc,cpu         ] GC(392) User=0.00s Sys=0.00s Real=0.00s
[169.824s][info][gc,start       ] GC(393) Pause Young (Allocation Failure)
[169.826s][info][gc,heap        ] GC(393) PSYoungGen: 291904K(292352K)->64K(291840K) Eden: 291840K(291840K)->0K(280064K) From: 64K(512K)->64K(11776K)
[169.826s][info][gc,heap        ] GC(393) ParOldGen: 472667K(473088K)->472675K(473088K)
[169.826s][info][gc,metaspace   ] GC(393) Metaspace: 35177K(35840K)->35177K(35840K) NonClass: 25998K(26496K)->25998K(26496K) Class: 9179K(9344K)->9179K(9344K)
[169.826s][info][gc             ] GC(393) Pause Young (Allocation Failure) 746M->461M(747M) 1.454ms
[169.826s][info][gc,cpu         ] GC(393) User=0.00s Sys=0.00s Real=0.00s
[170.972s][info][gc,start       ] GC(394) Pause Young (Allocation Failure)
[170.975s][info][gc,heap        ] GC(394) PSYoungGen: 280128K(291840K)->64K(269312K) Eden: 280064K(280064K)->0K(268800K) From: 64K(11776K)->64K(512K)
[170.975s][info][gc,heap        ] GC(394) ParOldGen: 472675K(473088K)->472683K(473088K)
[170.975s][info][gc,metaspace   ] GC(394) Metaspace: 35177K(35840K)->35177K(35840K) NonClass: 25998K(26496K)->25998K(26496K) Class: 9179K(9344K)->9179K(9344K)
[170.975s][info][gc             ] GC(394) Pause Young (Allocation Failure) 735M->461M(725M) 2.116ms
[170.975s][info][gc,cpu         ] GC(394) User=0.00s Sys=0.00s Real=0.00s
[171.382s][info][gc,start       ] GC(395) Pause Young (Allocation Failure)
[171.384s][info][gc,heap        ] GC(395) PSYoungGen: 268864K(269312K)->32K(268288K) Eden: 268800K(268800K)->0K(258048K) From: 64K(512K)->32K(10240K)
[171.385s][info][gc,heap        ] GC(395) ParOldGen: 472683K(473088K)->472691K(473088K)
[171.385s][info][gc,metaspace   ] GC(395) Metaspace: 35177K(35840K)->35177K(35840K) NonClass: 25998K(26496K)->25998K(26496K) Class: 9179K(9344K)->9179K(9344K)
[171.385s][info][gc             ] GC(395) Pause Young (Allocation Failure) 724M->461M(724M) 2.506ms
[171.385s][info][gc,cpu         ] GC(395) User=0.00s Sys=0.00s Real=0.00s
[171.568s][info][gc,start       ] GC(396) Pause Young (Allocation Failure)
[171.570s][info][gc,heap        ] GC(396) PSYoungGen: 258080K(268288K)->64K(248320K) Eden: 258048K(258048K)->0K(247808K) From: 32K(10240K)->64K(512K)
[171.570s][info][gc,heap        ] GC(396) ParOldGen: 472691K(473088K)->472699K(473088K)
[171.570s][info][gc,metaspace   ] GC(396) Metaspace: 35177K(35840K)->35177K(35840K) NonClass: 25998K(26496K)->25998K(26496K) Class: 9179K(9344K)->9179K(9344K)
[171.570s][info][gc             ] GC(396) Pause Young (Allocation Failure) 713M->461M(704M) 2.253ms
[171.570s][info][gc,cpu         ] GC(396) User=0.00s Sys=0.00s Real=0.00s
[171.714s][info][gc,start       ] GC(397) Pause Young (Allocation Failure)
[171.715s][info][gc,heap        ] GC(397) PSYoungGen: 247872K(248320K)->64K(246784K) Eden: 247808K(247808K)->0K(238080K) From: 64K(512K)->64K(8704K)
[171.715s][info][gc,heap        ] GC(397) ParOldGen: 472699K(473088K)->472707K(473088K)
[171.715s][info][gc,metaspace   ] GC(397) Metaspace: 35177K(35840K)->35177K(35840K) NonClass: 25998K(26496K)->25998K(26496K) Class: 9179K(9344K)->9179K(9344K)
[171.715s][info][gc             ] GC(397) Pause Young (Allocation Failure) 703M->461M(703M) 1.361ms
[171.715s][info][gc,cpu         ] GC(397) User=0.00s Sys=0.00s Real=0.00s
[172.277s][info][gc,start       ] GC(398) Pause Young (Allocation Failure)
[172.279s][info][gc,heap        ] GC(398) PSYoungGen: 238144K(246784K)->64K(229376K) Eden: 238080K(238080K)->0K(228864K) From: 64K(8704K)->64K(512K)
[172.279s][info][gc,heap        ] GC(398) ParOldGen: 472707K(473088K)->472715K(473088K)
[172.279s][info][gc,metaspace   ] GC(398) Metaspace: 35177K(35840K)->35177K(35840K) NonClass: 25998K(26496K)->25998K(26496K) Class: 9179K(9344K)->9179K(9344K)
[172.279s][info][gc             ] GC(398) Pause Young (Allocation Failure) 694M->461M(686M) 2.692ms
[172.279s][info][gc,cpu         ] GC(398) User=0.01s Sys=0.00s Real=0.00s
[172.547s][info][gc,start       ] GC(399) Pause Young (Allocation Failure)
[172.549s][info][gc,heap        ] GC(399) PSYoungGen: 228927K(229376K)->64K(227840K) Eden: 228863K(228864K)->0K(220160K) From: 64K(512K)->64K(7680K)
[172.549s][info][gc,heap        ] GC(399) ParOldGen: 472715K(473088K)->472723K(473088K)
[172.549s][info][gc,metaspace   ] GC(399) Metaspace: 35177K(35840K)->35177K(35840K) NonClass: 25998K(26496K)->25998K(26496K) Class: 9179K(9344K)->9179K(9344K)
[172.549s][info][gc             ] GC(399) Pause Young (Allocation Failure) 685M->461M(684M) 1.362ms
[172.549s][info][gc,cpu         ] GC(399) User=0.01s Sys=0.00s Real=0.00s
[172.835s][info][gc,start       ] GC(400) Pause Young (Allocation Failure)
[172.876s][info][gc,heap        ] GC(400) PSYoungGen: 220224K(227840K)->7168K(271360K) Eden: 220160K(220160K)->0K(264192K) From: 64K(7680K)->7168K(7168K)
[172.876s][info][gc,heap        ] GC(400) ParOldGen: 472723K(473088K)->486683K(486912K)
[172.876s][info][gc,metaspace   ] GC(400) Metaspace: 35177K(35840K)->35177K(35840K) NonClass: 25998K(26496K)->25998K(26496K) Class: 9179K(9344K)->9179K(9344K)
[172.876s][info][gc             ] GC(400) Pause Young (Allocation Failure) 676M->482M(740M) 41.302ms
[172.876s][info][gc,cpu         ] GC(400) User=0.07s Sys=0.01s Real=0.04s
[173.189s][info][gc,start       ] GC(401) Pause Young (Allocation Failure)
[173.249s][info][gc,heap        ] GC(401) PSYoungGen: 271360K(271360K)->14336K(279552K) Eden: 264192K(264192K)->0K(265216K) From: 7168K(7168K)->14336K(14336K)
[173.249s][info][gc,heap        ] GC(401) ParOldGen: 486683K(486912K)->502611K(502784K)
[173.249s][info][gc,metaspace   ] GC(401) Metaspace: 35177K(35840K)->35177K(35840K) NonClass: 25998K(26496K)->25998K(26496K) Class: 9179K(9344K)->9179K(9344K)
[173.249s][info][gc             ] GC(401) Pause Young (Allocation Failure) 740M->504M(764M) 60.040ms
[173.249s][info][gc,cpu         ] GC(401) User=0.11s Sys=0.02s Real=0.06s
[173.412s][info][gc,start       ] GC(402) Pause Young (Allocation Failure)
[173.441s][info][gc,heap        ] GC(402) PSYoungGen: 279552K(279552K)->11648K(309760K) Eden: 265216K(265216K)->0K(286720K) From: 14336K(14336K)->11648K(23040K)
[173.441s][info][gc,heap        ] GC(402) ParOldGen: 502611K(502784K)->503043K(503296K)
[173.441s][info][gc,metaspace   ] GC(402) Metaspace: 35177K(35840K)->35177K(35840K) NonClass: 25998K(26496K)->25998K(26496K) Class: 9179K(9344K)->9179K(9344K)
[173.441s][info][gc             ] GC(402) Pause Young (Allocation Failure) 763M->502M(794M) 28.759ms
[173.441s][info][gc,cpu         ] GC(402) User=0.06s Sys=0.00s Real=0.02s
[173.895s][info][gc,start       ] GC(403) Pause Young (Allocation Failure)
[173.897s][info][gc,heap        ] GC(403) PSYoungGen: 298368K(309760K)->64K(310272K) Eden: 286720K(286720K)->0K(286720K) From: 11648K(23040K)->64K(23552K)
[173.897s][info][gc,heap        ] GC(403) ParOldGen: 503043K(503296K)->503051K(503296K)
[173.897s][info][gc,metaspace   ] GC(403) Metaspace: 35177K(35840K)->35177K(35840K) NonClass: 25998K(26496K)->25998K(26496K) Class: 9179K(9344K)->9179K(9344K)
[173.897s][info][gc             ] GC(403) Pause Young (Allocation Failure) 782M->491M(794M) 1.761ms
[173.897s][info][gc,cpu         ] GC(403) User=0.01s Sys=0.00s Real=0.00s
[174.302s][info][metaspace      ] ChkMgr @0x00007f507003efe0 (class-space): failed to commit 67 words on chunk @0x00007f4fd87e1400, f, base 0x00007f5012940000, level lv06.
[174.302s][info][metaspace      ] Arena @0x00007f5070059c20 (class arena): failed to allocate new chunk for requested word size 67.
[174.302s][info][metaspace      ] Arena @0x00007f5070059c20 (class arena): allocation failed, returned null.
[174.302s][info][metaspace      ] ChkMgr @0x00007f507003efe0 (class-space): failed to commit 67 words on chunk @0x00007f4fd87e1400, f, base 0x00007f5012940000, level lv06.
[174.302s][info][metaspace      ] Arena @0x00007f5070059c20 (class arena): failed to allocate new chunk for requested word size 67.
[174.302s][info][metaspace      ] Arena @0x00007f5070059c20 (class arena): allocation failed, returned null.
[174.302s][info][metaspace      ] ChkMgr @0x00007f507003efe0 (class-space): failed to commit 67 words on chunk @0x00007f4fd87e1400, f, base 0x00007f5012940000, level lv06.
[174.302s][info][metaspace      ] Arena @0x00007f5070059c20 (class arena): failed to allocate new chunk for requested word size 67.
[174.302s][info][metaspace      ] Arena @0x00007f5070059c20 (class arena): allocation failed, returned null.
[174.302s][info][gc,start       ] GC(404) Pause Full (Metadata GC Threshold)
[174.302s][info][gc,phases,start] GC(404) Marking Phase
[174.349s][info][gc,phases      ] GC(404) Marking Phase 47.498ms
[174.349s][info][gc,phases,start] GC(404) Summary Phase
[174.349s][info][gc,phases      ] GC(404) Summary Phase 0.038ms
[174.349s][info][gc,phases,start] GC(404) Forward
[174.352s][info][gc,phases      ] GC(404) Forward 2.887ms
[174.352s][info][gc,phases,start] GC(404) Adjust Pointers
[174.375s][info][gc,phases      ] GC(404) Adjust Pointers 22.909ms
[174.375s][info][gc,phases,start] GC(404) Compaction Phase
[174.383s][info][gc,phases      ] GC(404) Compaction Phase 8.119ms
[174.383s][info][gc,phases,start] GC(404) Post Compact
[174.395s][info][metaspace      ] ChkMgr @0x00007f507003f1d0 (non-class-space): : reclaiming memory...
[174.395s][info][metaspace      ] ChkMgr @0x00007f507003f1d0 (non-class-space): nothing reclaimed.
[174.395s][info][metaspace      ] ChkMgr @0x00007f507003efe0 (class-space): : reclaiming memory...
[174.395s][info][metaspace      ] ChkMgr @0x00007f507003efe0 (class-space): nothing reclaimed.
[174.395s][info][gc,phases      ] GC(404) Post Compact 11.927ms
[174.395s][info][gc,heap        ] GC(404) PSYoungGen: 166343K(310272K)->0K(310272K) Eden: 166279K(286720K)->0K(286720K) From: 64K(23552K)->0K(23552K)
[174.395s][info][gc,heap        ] GC(404) ParOldGen: 503051K(503296K)->48190K(503296K)
[174.395s][info][gc,metaspace   ] GC(404) Metaspace: 35185K(35840K)->35151K(35840K) NonClass: 26006K(26496K)->25975K(26496K) Class: 9179K(9344K)->9175K(9344K)
[174.395s][info][gc             ] GC(404) Pause Full (Metadata GC Threshold) 653M->47M(794M) 93.654ms
[174.395s][info][gc,cpu         ] GC(404) User=0.12s Sys=0.02s Real=0.10s
[175.018s][info][gc,start       ] GC(405) Pause Young (Allocation Failure)
[175.020s][info][gc,heap        ] GC(405) PSYoungGen: 286720K(310272K)->160K(308224K) Eden: 286720K(286720K)->0K(287232K) From: 0K(23552K)->160K(20992K)
[175.020s][info][gc,heap        ] GC(405) ParOldGen: 48190K(503296K)->48190K(503296K)
[175.020s][info][gc,metaspace   ] GC(405) Metaspace: 35302K(35968K)->35302K(35968K) NonClass: 26101K(26624K)->26101K(26624K) Class: 9201K(9344K)->9201K(9344K)
[175.020s][info][gc             ] GC(405) Pause Young (Allocation Failure) 327M->47M(792M) 2.775ms
[175.020s][info][gc,cpu         ] GC(405) User=0.00s Sys=0.00s Real=0.00s
[175.263s][info][gc,start       ] GC(406) Pause Young (Allocation Failure)
[175.264s][info][gc,heap        ] GC(406) PSYoungGen: 287392K(308224K)->32K(309248K) Eden: 287232K(287232K)->0K(287232K) From: 160K(20992K)->32K(22016K)
[175.264s][info][gc,heap        ] GC(406) ParOldGen: 48190K(503296K)->48296K(503296K)
[175.264s][info][gc,metaspace   ] GC(406) Metaspace: 35302K(35968K)->35302K(35968K) NonClass: 26101K(26624K)->26101K(26624K) Class: 9201K(9344K)->9201K(9344K)
[175.264s][info][gc             ] GC(406) Pause Young (Allocation Failure) 327M->47M(793M) 1.293ms
[175.264s][info][gc,cpu         ] GC(406) User=0.00s Sys=0.00s Real=0.00s
[175.503s][info][gc,start       ] GC(407) Pause Young (Allocation Failure)
[175.503s][info][gc,heap        ] GC(407) PSYoungGen: 287264K(309248K)->64K(309248K) Eden: 287232K(287232K)->0K(290304K) From: 32K(22016K)->64K(18944K)
[175.504s][info][gc,heap        ] GC(407) ParOldGen: 48296K(503296K)->48296K(503296K)
[175.504s][info][gc,metaspace   ] GC(407) Metaspace: 35302K(35968K)->35302K(35968K) NonClass: 26101K(26624K)->26101K(26624K) Class: 9201K(9344K)->9201K(9344K)
[175.504s][info][gc             ] GC(407) Pause Young (Allocation Failure) 327M->47M(793M) 0.754ms
[175.504s][info][gc,cpu         ] GC(407) User=0.00s Sys=0.00s Real=0.00s
[175.878s][info][gc,start       ] GC(408) Pause Young (Allocation Failure)
[175.879s][info][gc,heap        ] GC(408) PSYoungGen: 290368K(309248K)->64K(310784K) Eden: 290304K(290304K)->0K(290304K) From: 64K(18944K)->64K(20480K)
[175.879s][info][gc,heap        ] GC(408) ParOldGen: 48296K(503296K)->48296K(503296K)
[175.879s][info][gc,metaspace   ] GC(408) Metaspace: 35302K(35968K)->35302K(35968K) NonClass: 26101K(26624K)->26101K(26624K) Class: 9201K(9344K)->9201K(9344K)
[175.879s][info][gc             ] GC(408) Pause Young (Allocation Failure) 330M->47M(795M) 0.597ms
[175.879s][info][gc,cpu         ] GC(408) User=0.00s Sys=0.00s Real=0.00s
[175.929s][info][gc,start       ] GC(409) Pause Young (Allocation Failure)
[175.930s][info][gc,heap        ] GC(409) PSYoungGen: 290368K(310784K)->64K(310784K) Eden: 290304K(290304K)->0K(293888K) From: 64K(20480K)->64K(16896K)
[175.930s][info][gc,heap        ] GC(409) ParOldGen: 48296K(503296K)->48312K(503296K)
[175.930s][info][gc,metaspace   ] GC(409) Metaspace: 35302K(35968K)->35302K(35968K) NonClass: 26101K(26624K)->26101K(26624K) Class: 9201K(9344K)->9201K(9344K)
[175.930s][info][gc             ] GC(409) Pause Young (Allocation Failure) 330M->47M(795M) 0.541ms
[175.930s][info][gc,cpu         ] GC(409) User=0.00s Sys=0.00s Real=0.00s
[175.980s][info][gc,start       ] GC(410) Pause Young (Allocation Failure)
[175.980s][info][gc,heap        ] GC(410) PSYoungGen: 293952K(310784K)->64K(312320K) Eden: 293888K(293888K)->0K(293888K) From: 64K(16896K)->64K(18432K)
[175.980s][info][gc,heap        ] GC(410) ParOldGen: 48312K(503296K)->48312K(503296K)
[175.980s][info][gc,metaspace   ] GC(410) Metaspace: 35302K(35968K)->35302K(35968K) NonClass: 26101K(26624K)->26101K(26624K) Class: 9201K(9344K)->9201K(9344K)
[175.980s][info][gc             ] GC(410) Pause Young (Allocation Failure) 334M->47M(796M) 0.437ms
[175.980s][info][gc,cpu         ] GC(410) User=0.00s Sys=0.00s Real=0.00s
[176.214s][info][gc,start       ] GC(411) Pause Young (Allocation Failure)
[176.215s][info][gc,heap        ] GC(411) PSYoungGen: 293952K(312320K)->64K(313856K) Eden: 293888K(293888K)->0K(297984K) From: 64K(18432K)->64K(15872K)
[176.215s][info][gc,heap        ] GC(411) ParOldGen: 48312K(503296K)->48312K(503296K)
[176.215s][info][gc,metaspace   ] GC(411) Metaspace: 35302K(35968K)->35302K(35968K) NonClass: 26101K(26624K)->26101K(26624K) Class: 9201K(9344K)->9201K(9344K)
[176.215s][info][gc             ] GC(411) Pause Young (Allocation Failure) 334M->47M(798M) 0.891ms
[176.215s][info][gc,cpu         ] GC(411) User=0.00s Sys=0.00s Real=0.00s
[176.486s][info][gc,start       ] GC(412) Pause Young (Allocation Failure)
[176.487s][info][gc,heap        ] GC(412) PSYoungGen: 298048K(313856K)->64K(314880K) Eden: 297984K(297984K)->0K(297984K) From: 64K(15872K)->64K(16896K)
[176.487s][info][gc,heap        ] GC(412) ParOldGen: 48312K(503296K)->48328K(503296K)
[176.487s][info][gc,metaspace   ] GC(412) Metaspace: 35302K(35968K)->35302K(35968K) NonClass: 26101K(26624K)->26101K(26624K) Class: 9201K(9344K)->9201K(9344K)
[176.487s][info][gc             ] GC(412) Pause Young (Allocation Failure) 338M->47M(799M) 0.985ms
[176.487s][info][gc,cpu         ] GC(412) User=0.00s Sys=0.00s Real=0.00s
[176.602s][info][gc,start       ] GC(413) Pause Young (Allocation Failure)
[176.603s][info][gc,heap        ] GC(413) PSYoungGen: 298048K(314880K)->64K(286720K) Eden: 297984K(297984K)->0K(286208K) From: 64K(16896K)->64K(512K)
[176.603s][info][gc,heap        ] GC(413) ParOldGen: 48328K(503296K)->48344K(503296K)
[176.603s][info][gc,metaspace   ] GC(413) Metaspace: 35302K(35968K)->35302K(35968K) NonClass: 26101K(26624K)->26101K(26624K) Class: 9201K(9344K)->9201K(9344K)
[176.603s][info][gc             ] GC(413) Pause Young (Allocation Failure) 338M->47M(771M) 1.283ms
[176.603s][info][gc,cpu         ] GC(413) User=0.00s Sys=0.00s Real=0.01s
[176.719s][info][gc,start       ] GC(414) Pause Young (Allocation Failure)
[176.720s][info][gc,heap        ] GC(414) PSYoungGen: 286272K(286720K)->64K(289792K) Eden: 286208K(286208K)->0K(274944K) From: 64K(512K)->64K(14848K)
[176.720s][info][gc,heap        ] GC(414) ParOldGen: 48344K(503296K)->48352K(503296K)
[176.720s][info][gc,metaspace   ] GC(414) Metaspace: 35302K(35968K)->35302K(35968K) NonClass: 26101K(26624K)->26101K(26624K) Class: 9201K(9344K)->9201K(9344K)
[176.720s][info][gc             ] GC(414) Pause Young (Allocation Failure) 326M->47M(774M) 0.846ms
[176.720s][info][gc,cpu         ] GC(414) User=0.00s Sys=0.00s Real=0.00s
[176.965s][info][gc,start       ] GC(415) Pause Young (Allocation Failure)
[176.966s][info][gc,heap        ] GC(415) PSYoungGen: 275008K(289792K)->64K(264704K) Eden: 274944K(274944K)->0K(264192K) From: 64K(14848K)->64K(512K)
[176.966s][info][gc,heap        ] GC(415) ParOldGen: 48352K(503296K)->48360K(503296K)
[176.966s][info][gc,metaspace   ] GC(415) Metaspace: 35302K(35968K)->35302K(35968K) NonClass: 26101K(26624K)->26101K(26624K) Class: 9201K(9344K)->9201K(9344K)
[176.966s][info][gc             ] GC(415) Pause Young (Allocation Failure) 315M->47M(750M) 1.310ms
[176.966s][info][gc,cpu         ] GC(415) User=0.00s Sys=0.00s Real=0.00s
[177.751s][info][gc,start       ] GC(416) Pause Young (Allocation Failure)
[177.752s][info][gc,heap        ] GC(416) PSYoungGen: 264256K(264704K)->83K(267264K) Eden: 264192K(264192K)->0K(253952K) From: 64K(512K)->83K(13312K)
[177.752s][info][gc,heap        ] GC(416) ParOldGen: 48360K(503296K)->48376K(503296K)
[177.752s][info][gc,metaspace   ] GC(416) Metaspace: 35302K(35968K)->35302K(35968K) NonClass: 26101K(26624K)->26101K(26624K) Class: 9201K(9344K)->9201K(9344K)
[177.752s][info][gc             ] GC(416) Pause Young (Allocation Failure) 305M->47M(752M) 0.806ms
[177.752s][info][gc,cpu         ] GC(416) User=0.01s Sys=0.00s Real=0.00s
[178.580s][info][gc,start       ] GC(417) Pause Young (Allocation Failure)
[178.581s][info][gc,heap        ] GC(417) PSYoungGen: 254035K(267264K)->64K(244736K) Eden: 253952K(253952K)->0K(244224K) From: 83K(13312K)->64K(512K)
[178.581s][info][gc,heap        ] GC(417) ParOldGen: 48376K(503296K)->48384K(503296K)
[178.581s][info][gc,metaspace   ] GC(417) Metaspace: 35302K(35968K)->35302K(35968K) NonClass: 26101K(26624K)->26101K(26624K) Class: 9201K(9344K)->9201K(9344K)
[178.581s][info][gc             ] GC(417) Pause Young (Allocation Failure) 295M->47M(730M) 0.982ms
[178.581s][info][gc,cpu         ] GC(417) User=0.00s Sys=0.00s Real=0.00s
[178.909s][info][gc,start       ] GC(418) Pause Young (Allocation Failure)
[178.910s][info][gc,heap        ] GC(418) PSYoungGen: 244288K(244736K)->64K(246272K) Eden: 244224K(244224K)->0K(235008K) From: 64K(512K)->64K(11264K)
[178.910s][info][gc,heap        ] GC(418) ParOldGen: 48384K(503296K)->48392K(503296K)
[178.910s][info][gc,metaspace   ] GC(418) Metaspace: 35302K(35968K)->35302K(35968K) NonClass: 26101K(26624K)->26101K(26624K) Class: 9201K(9344K)->9201K(9344K)
[178.910s][info][gc             ] GC(418) Pause Young (Allocation Failure) 285M->47M(732M) 0.580ms
[178.910s][info][gc,cpu         ] GC(418) User=0.00s Sys=0.00s Real=0.00s
[179.271s][info][gc,start       ] GC(419) Pause Young (Allocation Failure)
[179.272s][info][gc,heap        ] GC(419) PSYoungGen: 235072K(246272K)->64K(226816K) Eden: 235008K(235008K)->0K(226304K) From: 64K(11264K)->64K(512K)
[179.272s][info][gc,heap        ] GC(419) ParOldGen: 48392K(503296K)->48400K(503296K)
[179.272s][info][gc,metaspace   ] GC(419) Metaspace: 35302K(35968K)->35302K(35968K) NonClass: 26101K(26624K)->26101K(26624K) Class: 9201K(9344K)->9201K(9344K)
[179.272s][info][gc             ] GC(419) Pause Young (Allocation Failure) 276M->47M(713M) 1.244ms
[179.272s][info][gc,cpu         ] GC(419) User=0.00s Sys=0.00s Real=0.01s
[180.178s][info][gc,start       ] GC(420) Pause Young (Allocation Failure)
[180.178s][info][gc,heap        ] GC(420) PSYoungGen: 226368K(226816K)->64K(227840K) Eden: 226304K(226304K)->0K(217600K) From: 64K(512K)->64K(10240K)
[180.178s][info][gc,heap        ] GC(420) ParOldGen: 48400K(503296K)->48408K(503296K)
[180.178s][info][gc,metaspace   ] GC(420) Metaspace: 35302K(35968K)->35302K(35968K) NonClass: 26101K(26624K)->26101K(26624K) Class: 9201K(9344K)->9201K(9344K)
[180.178s][info][gc             ] GC(420) Pause Young (Allocation Failure) 268M->47M(714M) 0.557ms
[180.178s][info][gc,cpu         ] GC(420) User=0.00s Sys=0.00s Real=0.00s
[180.487s][info][gc,start       ] GC(421) Pause Young (Allocation Failure)
[180.489s][info][gc,heap        ] GC(421) PSYoungGen: 217664K(227840K)->64K(209920K) Eden: 217600K(217600K)->0K(209408K) From: 64K(10240K)->64K(512K)
[180.489s][info][gc,heap        ] GC(421) ParOldGen: 48408K(503296K)->48424K(503296K)
[180.489s][info][gc,metaspace   ] GC(421) Metaspace: 35302K(35968K)->35302K(35968K) NonClass: 26101K(26624K)->26101K(26624K) Class: 9201K(9344K)->9201K(9344K)
[180.489s][info][gc             ] GC(421) Pause Young (Allocation Failure) 259M->47M(696M) 1.662ms
[180.489s][info][gc,cpu         ] GC(421) User=0.00s Sys=0.00s Real=0.00s
[180.601s][info][gc,start       ] GC(422) Pause Young (Allocation Failure)
[180.602s][info][gc,heap        ] GC(422) PSYoungGen: 209472K(209920K)->64K(210432K) Eden: 209408K(209408K)->0K(201728K) From: 64K(512K)->64K(8704K)
[180.602s][info][gc,heap        ] GC(422) ParOldGen: 48424K(503296K)->48440K(503296K)
[180.602s][info][gc,metaspace   ] GC(422) Metaspace: 35302K(35968K)->35302K(35968K) NonClass: 26101K(26624K)->26101K(26624K) Class: 9201K(9344K)->9201K(9344K)
[180.602s][info][gc             ] GC(422) Pause Young (Allocation Failure) 251M->47M(697M) 0.702ms
[180.602s][info][gc,cpu         ] GC(422) User=0.00s Sys=0.00s Real=0.01s
[180.812s][info][gc,start       ] GC(423) Pause Young (Allocation Failure)
[180.814s][info][gc,heap        ] GC(423) PSYoungGen: 201792K(210432K)->64K(195072K) Eden: 201728K(201728K)->0K(194560K) From: 64K(8704K)->64K(512K)
[180.814s][info][gc,heap        ] GC(423) ParOldGen: 48440K(503296K)->48456K(503296K)
[180.814s][info][gc,metaspace   ] GC(423) Metaspace: 35302K(35968K)->35302K(35968K) NonClass: 26101K(26624K)->26101K(26624K) Class: 9201K(9344K)->9201K(9344K)
[180.814s][info][gc             ] GC(423) Pause Young (Allocation Failure) 244M->47M(682M) 1.480ms
[180.814s][info][gc,cpu         ] GC(423) User=0.00s Sys=0.00s Real=0.00s
[181.268s][info][gc,start       ] GC(424) Pause Young (Allocation Failure)
[181.269s][info][gc,heap        ] GC(424) PSYoungGen: 194624K(195072K)->64K(195072K) Eden: 194560K(194560K)->0K(187392K) From: 64K(512K)->64K(7680K)
[181.269s][info][gc,heap        ] GC(424) ParOldGen: 48456K(503296K)->48472K(503296K)
[181.269s][info][gc,metaspace   ] GC(424) Metaspace: 35302K(35968K)->35302K(35968K) NonClass: 26101K(26624K)->26101K(26624K) Class: 9201K(9344K)->9201K(9344K)
[181.269s][info][gc             ] GC(424) Pause Young (Allocation Failure) 237M->47M(682M) 1.270ms
[181.269s][info][gc,cpu         ] GC(424) User=0.00s Sys=0.00s Real=0.00s
[181.468s][info][gc,start       ] GC(425) Pause Young (Allocation Failure)
[181.469s][info][gc,heap        ] GC(425) PSYoungGen: 187456K(195072K)->32K(181248K) Eden: 187392K(187392K)->0K(180736K) From: 64K(7680K)->32K(512K)
[181.469s][info][gc,heap        ] GC(425) ParOldGen: 48472K(503296K)->48480K(503296K)
[181.469s][info][gc,metaspace   ] GC(425) Metaspace: 35302K(35968K)->35302K(35968K) NonClass: 26101K(26624K)->26101K(26624K) Class: 9201K(9344K)->9201K(9344K)
[181.469s][info][gc             ] GC(425) Pause Young (Allocation Failure) 230M->47M(668M) 1.460ms
[181.469s][info][gc,cpu         ] GC(425) User=0.00s Sys=0.00s Real=0.00s
[181.748s][info][gc,start       ] GC(426) Pause Young (Allocation Failure)
[181.766s][info][gc,heap        ] GC(426) PSYoungGen: 180768K(181248K)->6656K(223744K) Eden: 180736K(180736K)->0K(217088K) From: 32K(512K)->6656K(6656K)
[181.766s][info][gc,heap        ] GC(426) ParOldGen: 48480K(503296K)->52672K(503296K)
[181.766s][info][gc,metaspace   ] GC(426) Metaspace: 35302K(35968K)->35302K(35968K) NonClass: 26101K(26624K)->26101K(26624K) Class: 9201K(9344K)->9201K(9344K)
[181.766s][info][gc             ] GC(426) Pause Young (Allocation Failure) 223M->57M(710M) 17.836ms
[181.766s][info][gc,cpu         ] GC(426) User=0.03s Sys=0.00s Real=0.02s
[182.026s][info][gc,start       ] GC(427) Pause Young (Allocation Failure)
[182.064s][info][gc,heap        ] GC(427) PSYoungGen: 223744K(223744K)->6656K(241664K) Eden: 217088K(217088K)->0K(235008K) From: 6656K(6656K)->6656K(6656K)
[182.064s][info][gc,heap        ] GC(427) ParOldGen: 52672K(503296K)->70704K(503296K)
[182.064s][info][gc,metaspace   ] GC(427) Metaspace: 35302K(35968K)->35302K(35968K) NonClass: 26101K(26624K)->26101K(26624K) Class: 9201K(9344K)->9201K(9344K)
[182.064s][info][gc             ] GC(427) Pause Young (Allocation Failure) 269M->75M(727M) 37.832ms
[182.064s][info][gc,cpu         ] GC(427) User=0.08s Sys=0.00s Real=0.04s
[182.347s][info][gc,start       ] GC(428) Pause Young (Allocation Failure)
[182.390s][info][gc,heap        ] GC(428) PSYoungGen: 241664K(241664K)->17408K(252416K) Eden: 235008K(235008K)->0K(235008K) From: 6656K(6656K)->17408K(17408K)
[182.390s][info][gc,heap        ] GC(428) ParOldGen: 70704K(503296K)->80360K(503296K)
[182.390s][info][gc,metaspace   ] GC(428) Metaspace: 35302K(35968K)->35302K(35968K) NonClass: 26101K(26624K)->26101K(26624K) Class: 9201K(9344K)->9201K(9344K)
[182.390s][info][gc             ] GC(428) Pause Young (Allocation Failure) 305M->95M(738M) 43.151ms
[182.390s][info][gc,cpu         ] GC(428) User=0.09s Sys=0.00s Real=0.04s
[182.464s][info][gc,start       ] GC(429) Pause Young (Allocation Failure)
[182.468s][info][gc,heap        ] GC(429) PSYoungGen: 252416K(252416K)->704K(305664K) Eden: 235008K(235008K)->0K(282112K) From: 17408K(17408K)->704K(23552K)
[182.469s][info][gc,heap        ] GC(429) ParOldGen: 80360K(503296K)->80616K(503296K)
[182.469s][info][gc,metaspace   ] GC(429) Metaspace: 35302K(35968K)->35302K(35968K) NonClass: 26101K(26624K)->26101K(26624K) Class: 9201K(9344K)->9201K(9344K)
[182.469s][info][gc             ] GC(429) Pause Young (Allocation Failure) 324M->79M(790M) 4.527ms
[182.469s][info][gc,cpu         ] GC(429) User=0.01s Sys=0.00s Real=0.00s
[183.057s][info][gc,start       ] GC(430) Pause Young (Allocation Failure)
[183.058s][info][gc,heap        ] GC(430) PSYoungGen: 282816K(305664K)->64K(306176K) Eden: 282112K(282112K)->0K(282112K) From: 704K(23552K)->64K(24064K)
[183.058s][info][gc,heap        ] GC(430) ParOldGen: 80616K(503296K)->80624K(503296K)
[183.058s][info][gc,metaspace   ] GC(430) Metaspace: 35302K(35968K)->35302K(35968K) NonClass: 26101K(26624K)->26101K(26624K) Class: 9201K(9344K)->9201K(9344K)
[183.058s][info][gc             ] GC(430) Pause Young (Allocation Failure) 354M->78M(790M) 0.809ms
[183.058s][info][gc,cpu         ] GC(430) User=0.00s Sys=0.00s Real=0.00s
[183.478s][info][gc,start       ] GC(431) Pause Young (Allocation Failure)
[183.479s][info][gc,heap        ] GC(431) PSYoungGen: 282176K(306176K)->64K(308224K) Eden: 282112K(282112K)->0K(286720K) From: 64K(24064K)->64K(21504K)
[183.479s][info][gc,heap        ] GC(431) ParOldGen: 80624K(503296K)->80632K(503296K)
[183.479s][info][gc,metaspace   ] GC(431) Metaspace: 35302K(35968K)->35302K(35968K) NonClass: 26101K(26624K)->26101K(26624K) Class: 9201K(9344K)->9201K(9344K)
[183.479s][info][gc             ] GC(431) Pause Young (Allocation Failure) 354M->78M(792M) 0.794ms
[183.479s][info][gc,cpu         ] GC(431) User=0.00s Sys=0.00s Real=0.00s
[183.920s][info][gc,start       ] GC(432) Pause Young (Allocation Failure)
[183.921s][info][gc,heap        ] GC(432) PSYoungGen: 286784K(308224K)->64K(308736K) Eden: 286720K(286720K)->0K(286720K) From: 64K(21504K)->64K(22016K)
[183.921s][info][gc,heap        ] GC(432) ParOldGen: 80632K(503296K)->80648K(503296K)
[183.921s][info][gc,metaspace   ] GC(432) Metaspace: 35302K(35968K)->35302K(35968K) NonClass: 26101K(26624K)->26101K(26624K) Class: 9201K(9344K)->9201K(9344K)
[183.921s][info][gc             ] GC(432) Pause Young (Allocation Failure) 358M->78M(793M) 0.774ms
[183.921s][info][gc,cpu         ] GC(432) User=0.00s Sys=0.00s Real=0.00s
[184.155s][info][gc,start       ] GC(433) Pause Young (Allocation Failure)
[184.156s][info][gc,heap        ] GC(433) PSYoungGen: 286784K(308736K)->64K(310272K) Eden: 286720K(286720K)->0K(290816K) From: 64K(22016K)->64K(19456K)
[184.156s][info][gc,heap        ] GC(433) ParOldGen: 80648K(503296K)->80664K(503296K)
[184.156s][info][gc,metaspace   ] GC(433) Metaspace: 35302K(35968K)->35302K(35968K) NonClass: 26101K(26624K)->26101K(26624K) Class: 9201K(9344K)->9201K(9344K)
[184.156s][info][gc             ] GC(433) Pause Young (Allocation Failure) 358M->78M(794M) 0.709ms
[184.156s][info][gc,cpu         ] GC(433) User=0.00s Sys=0.01s Real=0.00s
[184.513s][info][gc,start       ] GC(434) Pause Young (Allocation Failure)
[184.513s][info][gc,heap        ] GC(434) PSYoungGen: 290880K(310272K)->64K(310784K) Eden: 290816K(290816K)->0K(290816K) From: 64K(19456K)->64K(19968K)
[184.513s][info][gc,heap        ] GC(434) ParOldGen: 80664K(503296K)->80664K(503296K)
[184.513s][info][gc,metaspace   ] GC(434) Metaspace: 35302K(35968K)->35302K(35968K) NonClass: 26101K(26624K)->26101K(26624K) Class: 9201K(9344K)->9201K(9344K)
[184.513s][info][gc             ] GC(434) Pause Young (Allocation Failure) 362M->78M(795M) 0.724ms
[184.513s][info][gc,cpu         ] GC(434) User=0.01s Sys=0.00s Real=0.00s
[184.630s][info][gc,start       ] GC(435) Pause Young (Allocation Failure)
[184.630s][info][gc,heap        ] GC(435) PSYoungGen: 290880K(310784K)->64K(311808K) Eden: 290816K(290816K)->0K(294400K) From: 64K(19968K)->64K(17408K)
[184.630s][info][gc,heap        ] GC(435) ParOldGen: 80664K(503296K)->80672K(503296K)
[184.630s][info][gc,metaspace   ] GC(435) Metaspace: 35302K(35968K)->35302K(35968K) NonClass: 26101K(26624K)->26101K(26624K) Class: 9201K(9344K)->9201K(9344K)
[184.630s][info][gc             ] GC(435) Pause Young (Allocation Failure) 362M->78M(796M) 0.583ms
[184.630s][info][gc,cpu         ] GC(435) User=0.00s Sys=0.00s Real=0.00s
[184.683s][info][gc,start       ] GC(436) Pause Young (Allocation Failure)
[184.684s][info][gc,heap        ] GC(436) PSYoungGen: 294464K(311808K)->64K(312832K) Eden: 294400K(294400K)->0K(294400K) From: 64K(17408K)->64K(18432K)
[184.684s][info][gc,heap        ] GC(436) ParOldGen: 80672K(503296K)->80688K(503296K)
[184.684s][info][gc,metaspace   ] GC(436) Metaspace: 35302K(35968K)->35302K(35968K) NonClass: 26101K(26624K)->26101K(26624K) Class: 9201K(9344K)->9201K(9344K)
[184.684s][info][gc             ] GC(436) Pause Young (Allocation Failure) 366M->78M(797M) 0.601ms
[184.684s][info][gc,cpu         ] GC(436) User=0.00s Sys=0.00s Real=0.00s
[184.851s][info][gc,start       ] GC(437) Pause Young (Allocation Failure)
[184.852s][info][gc,heap        ] GC(437) PSYoungGen: 294464K(312832K)->64K(283136K) Eden: 294400K(294400K)->0K(282624K) From: 64K(18432K)->64K(512K)
[184.852s][info][gc,heap        ] GC(437) ParOldGen: 80688K(503296K)->80688K(503296K)
[184.852s][info][gc,metaspace   ] GC(437) Metaspace: 35302K(35968K)->35302K(35968K) NonClass: 26101K(26624K)->26101K(26624K) Class: 9201K(9344K)->9201K(9344K)
[184.852s][info][gc             ] GC(437) Pause Young (Allocation Failure) 366M->78M(768M) 0.614ms
[184.852s][info][gc,cpu         ] GC(437) User=0.00s Sys=0.00s Real=0.00s
[185.111s][info][gc,start       ] GC(438) Pause Young (Allocation Failure)
[185.111s][info][gc,heap        ] GC(438) PSYoungGen: 282688K(283136K)->64K(287744K) Eden: 282624K(282624K)->0K(271360K) From: 64K(512K)->64K(16384K)
[185.111s][info][gc,heap        ] GC(438) ParOldGen: 80688K(503296K)->80696K(503296K)
[185.111s][info][gc,metaspace   ] GC(438) Metaspace: 35302K(35968K)->35302K(35968K) NonClass: 26101K(26624K)->26101K(26624K) Class: 9201K(9344K)->9201K(9344K)
[185.111s][info][gc             ] GC(438) Pause Young (Allocation Failure) 354M->78M(772M) 0.507ms
[185.111s][info][gc,cpu         ] GC(438) User=0.00s Sys=0.00s Real=0.00s
[185.258s][info][gc,start       ] GC(439) Pause Young (Allocation Failure)
[185.258s][info][gc,heap        ] GC(439) PSYoungGen: 271424K(287744K)->64K(261120K) Eden: 271360K(271360K)->0K(260608K) From: 64K(16384K)->64K(512K)
[185.258s][info][gc,heap        ] GC(439) ParOldGen: 80696K(503296K)->80704K(503296K)
[185.259s][info][gc,metaspace   ] GC(439) Metaspace: 35304K(35968K)->35304K(35968K) NonClass: 26102K(26624K)->26102K(26624K) Class: 9201K(9344K)->9201K(9344K)
[185.259s][info][gc             ] GC(439) Pause Young (Allocation Failure) 343M->78M(746M) 0.691ms
[185.259s][info][gc,cpu         ] GC(439) User=0.01s Sys=0.00s Real=0.00s
[185.328s][info][gc,start       ] GC(440) Pause Young (Allocation Failure)
[185.329s][info][gc,heap        ] GC(440) PSYoungGen: 260672K(261120K)->64K(264704K) Eden: 260608K(260608K)->0K(250368K) From: 64K(512K)->64K(14336K)
[185.329s][info][gc,heap        ] GC(440) ParOldGen: 80704K(503296K)->80720K(503296K)
[185.329s][info][gc,metaspace   ] GC(440) Metaspace: 35304K(35968K)->35304K(35968K) NonClass: 26102K(26624K)->26102K(26624K) Class: 9201K(9344K)->9201K(9344K)
[185.329s][info][gc             ] GC(440) Pause Young (Allocation Failure) 333M->78M(750M) 0.497ms
[185.329s][info][gc,cpu         ] GC(440) User=0.00s Sys=0.00s Real=0.00s
[185.471s][info][gc,start       ] GC(441) Pause Young (Allocation Failure)
[185.472s][info][gc,heap        ] GC(441) PSYoungGen: 250432K(264704K)->64K(241152K) Eden: 250368K(250368K)->0K(240640K) From: 64K(14336K)->64K(512K)
[185.472s][info][gc,heap        ] GC(441) ParOldGen: 80720K(503296K)->80720K(503296K)
[185.472s][info][gc,metaspace   ] GC(441) Metaspace: 35304K(35968K)->35304K(35968K) NonClass: 26102K(26624K)->26102K(26624K) Class: 9201K(9344K)->9201K(9344K)
[185.472s][info][gc             ] GC(441) Pause Young (Allocation Failure) 323M->78M(727M) 1.012ms
[185.472s][info][gc,cpu         ] GC(441) User=0.00s Sys=0.00s Real=0.01s
[185.830s][info][gc,start       ] GC(442) Pause Young (Allocation Failure)
[185.830s][info][gc,heap        ] GC(442) PSYoungGen: 240704K(241152K)->64K(244224K) Eden: 240640K(240640K)->0K(231424K) From: 64K(512K)->64K(12800K)
[185.830s][info][gc,heap        ] GC(442) ParOldGen: 80720K(503296K)->80728K(503296K)
[185.830s][info][gc,metaspace   ] GC(442) Metaspace: 35304K(35968K)->35304K(35968K) NonClass: 26102K(26624K)->26102K(26624K) Class: 9201K(9344K)->9201K(9344K)
[185.830s][info][gc             ] GC(442) Pause Young (Allocation Failure) 313M->78M(730M) 0.560ms
[185.830s][info][gc,cpu         ] GC(442) User=0.00s Sys=0.00s Real=0.00s
[186.443s][info][gc,start       ] GC(443) Pause Young (Allocation Failure)
[186.444s][info][gc,heap        ] GC(443) PSYoungGen: 231488K(244224K)->83K(223232K) Eden: 231424K(231424K)->0K(222720K) From: 64K(12800K)->83K(512K)
[186.444s][info][gc,heap        ] GC(443) ParOldGen: 80728K(503296K)->80736K(503296K)
[186.444s][info][gc,metaspace   ] GC(443) Metaspace: 35304K(35968K)->35304K(35968K) NonClass: 26102K(26624K)->26102K(26624K) Class: 9201K(9344K)->9201K(9344K)
[186.444s][info][gc             ] GC(443) Pause Young (Allocation Failure) 304M->78M(709M) 1.238ms
[186.444s][info][gc,cpu         ] GC(443) User=0.00s Sys=0.00s Real=0.00s
[187.314s][info][gc,start       ] GC(444) Pause Young (Allocation Failure)
[187.314s][info][gc,heap        ] GC(444) PSYoungGen: 222803K(223232K)->64K(225792K) Eden: 222720K(222720K)->0K(214528K) From: 83K(512K)->64K(11264K)
[187.314s][info][gc,heap        ] GC(444) ParOldGen: 80736K(503296K)->80744K(503296K)
[187.314s][info][gc,metaspace   ] GC(444) Metaspace: 35304K(35968K)->35304K(35968K) NonClass: 26102K(26624K)->26102K(26624K) Class: 9201K(9344K)->9201K(9344K)
[187.314s][info][gc             ] GC(444) Pause Young (Allocation Failure) 296M->78M(712M) 0.733ms
[187.314s][info][gc,cpu         ] GC(444) User=0.00s Sys=0.00s Real=0.00s
[187.587s][info][gc,start       ] GC(445) Pause Young (Allocation Failure)
[187.589s][info][gc,heap        ] GC(445) PSYoungGen: 214592K(225792K)->64K(206848K) Eden: 214528K(214528K)->0K(206336K) From: 64K(11264K)->64K(512K)
[187.589s][info][gc,heap        ] GC(445) ParOldGen: 80744K(503296K)->80760K(503296K)
[187.589s][info][gc,metaspace   ] GC(445) Metaspace: 35304K(35968K)->35304K(35968K) NonClass: 26102K(26624K)->26102K(26624K) Class: 9201K(9344K)->9201K(9344K)
[187.589s][info][gc             ] GC(445) Pause Young (Allocation Failure) 288M->78M(693M) 1.679ms
[187.589s][info][gc,cpu         ] GC(445) User=0.00s Sys=0.00s Real=0.00s
[187.938s][info][gc,start       ] GC(446) Pause Young (Allocation Failure)
[187.939s][info][gc,heap        ] GC(446) PSYoungGen: 206400K(206848K)->64K(208384K) Eden: 206336K(206336K)->0K(198656K) From: 64K(512K)->64K(9728K)
[187.939s][info][gc,heap        ] GC(446) ParOldGen: 80760K(503296K)->80776K(503296K)
[187.939s][info][gc,metaspace   ] GC(446) Metaspace: 35304K(35968K)->35304K(35968K) NonClass: 26102K(26624K)->26102K(26624K) Class: 9201K(9344K)->9201K(9344K)
[187.939s][info][gc             ] GC(446) Pause Young (Allocation Failure) 280M->78M(695M) 0.966ms
[187.939s][info][gc,cpu         ] GC(446) User=0.00s Sys=0.00s Real=0.00s
[188.817s][info][gc,start       ] GC(447) Pause Young (Allocation Failure)
[188.819s][info][gc,heap        ] GC(447) PSYoungGen: 198720K(208384K)->64K(192000K) Eden: 198656K(198656K)->0K(191488K) From: 64K(9728K)->64K(512K)
[188.819s][info][gc,heap        ] GC(447) ParOldGen: 80776K(503296K)->80792K(503296K)
[188.819s][info][gc,metaspace   ] GC(447) Metaspace: 35304K(35968K)->35304K(35968K) NonClass: 26102K(26624K)->26102K(26624K) Class: 9201K(9344K)->9201K(9344K)
[188.819s][info][gc             ] GC(447) Pause Young (Allocation Failure) 272M->78M(679M) 1.881ms
[188.819s][info][gc,cpu         ] GC(447) User=0.00s Sys=0.01s Real=0.00s
[189.158s][info][gc,start       ] GC(448) Pause Young (Allocation Failure)
[189.159s][info][gc,heap        ] GC(448) PSYoungGen: 191552K(192000K)->64K(193024K) Eden: 191488K(191488K)->0K(184832K) From: 64K(512K)->64K(8192K)
[189.159s][info][gc,heap        ] GC(448) ParOldGen: 80792K(503296K)->80808K(503296K)
[189.159s][info][gc,metaspace   ] GC(448) Metaspace: 35304K(35968K)->35304K(35968K) NonClass: 26102K(26624K)->26102K(26624K) Class: 9201K(9344K)->9201K(9344K)
[189.159s][info][gc             ] GC(448) Pause Young (Allocation Failure) 265M->78M(680M) 1.305ms
[189.159s][info][gc,cpu         ] GC(448) User=0.01s Sys=0.00s Real=0.00s
[189.313s][info][gc,start       ] GC(449) Pause Young (Allocation Failure)
[189.315s][info][gc,heap        ] GC(449) PSYoungGen: 184896K(193024K)->64K(178688K) Eden: 184832K(184832K)->0K(178176K) From: 64K(8192K)->64K(512K)
[189.315s][info][gc,heap        ] GC(449) ParOldGen: 80808K(503296K)->80824K(503296K)
[189.315s][info][gc,metaspace   ] GC(449) Metaspace: 35304K(35968K)->35304K(35968K) NonClass: 26102K(26624K)->26102K(26624K) Class: 9201K(9344K)->9201K(9344K)
[189.315s][info][gc             ] GC(449) Pause Young (Allocation Failure) 259M->78M(666M) 1.393ms
[189.315s][info][gc,cpu         ] GC(449) User=0.00s Sys=0.00s Real=0.00s
[189.359s][info][gc,start       ] GC(450) Pause Young (Allocation Failure)
[189.360s][info][gc,heap        ] GC(450) PSYoungGen: 178240K(178688K)->32K(179200K) Eden: 178176K(178176K)->0K(172032K) From: 64K(512K)->32K(7168K)
[189.360s][info][gc,heap        ] GC(450) ParOldGen: 80824K(503296K)->80840K(503296K)
[189.360s][info][gc,metaspace   ] GC(450) Metaspace: 35304K(35968K)->35304K(35968K) NonClass: 26102K(26624K)->26102K(26624K) Class: 9201K(9344K)->9201K(9344K)
[189.360s][info][gc             ] GC(450) Pause Young (Allocation Failure) 252M->78M(666M) 0.794ms
[189.360s][info][gc,cpu         ] GC(450) User=0.01s Sys=0.00s Real=0.00s
[189.614s][info][gc,start       ] GC(451) Pause Young (Allocation Failure)
[189.615s][info][gc,heap        ] GC(451) PSYoungGen: 172064K(179200K)->64K(166400K) Eden: 172032K(172032K)->0K(165888K) From: 32K(7168K)->64K(512K)
[189.615s][info][gc,heap        ] GC(451) ParOldGen: 80840K(503296K)->80840K(503296K)
[189.615s][info][gc,metaspace   ] GC(451) Metaspace: 35304K(35968K)->35304K(35968K) NonClass: 26102K(26624K)->26102K(26624K) Class: 9201K(9344K)->9201K(9344K)
[189.615s][info][gc             ] GC(451) Pause Young (Allocation Failure) 246M->79M(654M) 1.494ms
[189.615s][info][gc,cpu         ] GC(451) User=0.00s Sys=0.00s Real=0.00s
[190.027s][info][gc,start       ] GC(452) Pause Young (Allocation Failure)
[190.028s][info][gc,heap        ] GC(452) PSYoungGen: 165952K(166400K)->64K(166400K) Eden: 165888K(165888K)->0K(160256K) From: 64K(512K)->64K(6144K)
[190.028s][info][gc,heap        ] GC(452) ParOldGen: 80840K(503296K)->80856K(503296K)
[190.028s][info][gc,metaspace   ] GC(452) Metaspace: 35304K(35968K)->35304K(35968K) NonClass: 26102K(26624K)->26102K(26624K) Class: 9201K(9344K)->9201K(9344K)
[190.028s][info][gc             ] GC(452) Pause Young (Allocation Failure) 241M->79M(654M) 1.499ms
[190.028s][info][gc,cpu         ] GC(452) User=0.00s Sys=0.00s Real=0.00s
[190.182s][info][gc,start       ] GC(453) Pause Young (Allocation Failure)
[190.183s][info][gc,heap        ] GC(453) PSYoungGen: 160320K(166400K)->64K(155136K) Eden: 160256K(160256K)->0K(154624K) From: 64K(6144K)->64K(512K)
[190.183s][info][gc,heap        ] GC(453) ParOldGen: 80856K(503296K)->80864K(503296K)
[190.183s][info][gc,metaspace   ] GC(453) Metaspace: 35304K(35968K)->35304K(35968K) NonClass: 26102K(26624K)->26102K(26624K) Class: 9201K(9344K)->9201K(9344K)
[190.183s][info][gc             ] GC(453) Pause Young (Allocation Failure) 235M->79M(643M) 1.623ms
[190.184s][info][gc,cpu         ] GC(453) User=0.00s Sys=0.00s Real=0.00s
[190.418s][info][gc,start       ] GC(454) Pause Young (Allocation Failure)
[190.425s][info][gc,heap        ] GC(454) PSYoungGen: 154688K(155136K)->3872K(189952K) Eden: 154624K(154624K)->0K(185856K) From: 64K(512K)->3872K(4096K)
[190.425s][info][gc,heap        ] GC(454) ParOldGen: 80864K(503296K)->80880K(503296K)
[190.425s][info][gc,metaspace   ] GC(454) Metaspace: 35304K(35968K)->35304K(35968K) NonClass: 26102K(26624K)->26102K(26624K) Class: 9201K(9344K)->9201K(9344K)
[190.425s][info][gc             ] GC(454) Pause Young (Allocation Failure) 230M->82M(677M) 6.789ms
[190.425s][info][gc,cpu         ] GC(454) User=0.01s Sys=0.00s Real=0.01s
[190.645s][info][gc,start       ] GC(455) Pause Young (Allocation Failure)
[190.677s][info][gc,heap        ] GC(455) PSYoungGen: 189728K(189952K)->6144K(226304K) Eden: 185856K(185856K)->0K(220160K) From: 3872K(4096K)->6144K(6144K)
[190.677s][info][gc,heap        ] GC(455) ParOldGen: 80880K(503296K)->95776K(503296K)
[190.677s][info][gc,metaspace   ] GC(455) Metaspace: 35304K(35968K)->35304K(35968K) NonClass: 26102K(26624K)->26102K(26624K) Class: 9201K(9344K)->9201K(9344K)
[190.677s][info][gc             ] GC(455) Pause Young (Allocation Failure) 264M->99M(712M) 31.576ms
[190.677s][info][gc,cpu         ] GC(455) User=0.06s Sys=0.00s Real=0.03s
[190.940s][info][gc,start       ] GC(456) Pause Young (Allocation Failure)
[190.981s][info][gc,heap        ] GC(456) PSYoungGen: 226304K(226304K)->13312K(233472K) Eden: 220160K(220160K)->0K(220160K) From: 6144K(6144K)->13312K(13312K)
[190.981s][info][gc,heap        ] GC(456) ParOldGen: 95776K(503296K)->107768K(503296K)
[190.981s][info][gc,metaspace   ] GC(456) Metaspace: 35304K(35968K)->35304K(35968K) NonClass: 26102K(26624K)->26102K(26624K) Class: 9201K(9344K)->9201K(9344K)
[190.981s][info][gc             ] GC(456) Pause Young (Allocation Failure) 314M->118M(719M) 40.832ms
[190.981s][info][gc,cpu         ] GC(456) User=0.08s Sys=0.00s Real=0.04s
[191.144s][info][gc,start       ] GC(457) Pause Young (Allocation Failure)
[191.173s][info][gc,heap        ] GC(457) PSYoungGen: 233472K(233472K)->12864K(283136K) Eden: 220160K(220160K)->0K(262656K) From: 13312K(13312K)->12864K(20480K)
[191.173s][info][gc,heap        ] GC(457) ParOldGen: 107768K(503296K)->108088K(503296K)
[191.173s][info][gc,metaspace   ] GC(457) Metaspace: 35304K(35968K)->35304K(35968K) NonClass: 26102K(26624K)->26102K(26624K) Class: 9201K(9344K)->9201K(9344K)
[191.173s][info][gc             ] GC(457) Pause Young (Allocation Failure) 333M->118M(768M) 28.669ms
[191.173s][info][gc,cpu         ] GC(457) User=0.05s Sys=0.01s Real=0.03s
[191.459s][info][gc,start       ] GC(458) Pause Young (Allocation Failure)
[191.460s][info][gc,heap        ] GC(458) PSYoungGen: 275520K(283136K)->64K(284672K) Eden: 262656K(262656K)->0K(262656K) From: 12864K(20480K)->64K(22016K)
[191.460s][info][gc,heap        ] GC(458) ParOldGen: 108088K(503296K)->108096K(503296K)
[191.460s][info][gc,metaspace   ] GC(458) Metaspace: 35304K(35968K)->35304K(35968K) NonClass: 26102K(26624K)->26102K(26624K) Class: 9201K(9344K)->9201K(9344K)
[191.460s][info][gc             ] GC(458) Pause Young (Allocation Failure) 374M->105M(769M) 0.820ms
[191.460s][info][gc,cpu         ] GC(458) User=0.00s Sys=0.00s Real=0.00s
[192.135s][info][gc,start       ] GC(459) Pause Young (Allocation Failure)
[192.136s][info][gc,heap        ] GC(459) PSYoungGen: 262720K(284672K)->64K(309248K) Eden: 262656K(262656K)->0K(290304K) From: 64K(22016K)->64K(18944K)
[192.136s][info][gc,heap        ] GC(459) ParOldGen: 108096K(503296K)->108104K(503296K)
[192.136s][info][gc,metaspace   ] GC(459) Metaspace: 35304K(35968K)->35304K(35968K) NonClass: 26102K(26624K)->26102K(26624K) Class: 9201K(9344K)->9201K(9344K)
[192.136s][info][gc             ] GC(459) Pause Young (Allocation Failure) 362M->105M(793M) 0.816ms
[192.136s][info][gc,cpu         ] GC(459) User=0.01s Sys=0.00s Real=0.00s
[192.698s][info][gc,start       ] GC(460) Pause Young (Allocation Failure)
[192.699s][info][gc,heap        ] GC(460) PSYoungGen: 290368K(309248K)->64K(310784K) Eden: 290304K(290304K)->0K(290304K) From: 64K(18944K)->64K(20480K)
[192.699s][info][gc,heap        ] GC(460) ParOldGen: 108104K(503296K)->108120K(503296K)
[192.699s][info][gc,metaspace   ] GC(460) Metaspace: 35304K(35968K)->35304K(35968K) NonClass: 26102K(26624K)->26102K(26624K) Class: 9201K(9344K)->9201K(9344K)
[192.699s][info][gc             ] GC(460) Pause Young (Allocation Failure) 389M->105M(795M) 0.830ms
[192.699s][info][gc,cpu         ] GC(460) User=0.00s Sys=0.00s Real=0.00s
[192.948s][info][gc,start       ] GC(461) Pause Young (Allocation Failure)
[192.949s][info][gc,heap        ] GC(461) PSYoungGen: 290368K(310784K)->32K(310784K) Eden: 290304K(290304K)->0K(293376K) From: 64K(20480K)->32K(17408K)
[192.949s][info][gc,heap        ] GC(461) ParOldGen: 108120K(503296K)->108136K(503296K)
[192.949s][info][gc,metaspace   ] GC(461) Metaspace: 35304K(35968K)->35304K(35968K) NonClass: 26102K(26624K)->26102K(26624K) Class: 9201K(9344K)->9201K(9344K)
[192.949s][info][gc             ] GC(461) Pause Young (Allocation Failure) 389M->105M(795M) 1.070ms
[192.949s][info][gc,cpu         ] GC(461) User=0.00s Sys=0.00s Real=0.00s
[193.204s][info][gc,start       ] GC(462) Pause Young (Allocation Failure)
[193.205s][info][gc,heap        ] GC(462) PSYoungGen: 293408K(310784K)->64K(312320K) Eden: 293376K(293376K)->0K(293376K) From: 32K(17408K)->64K(18944K)
[193.205s][info][gc,heap        ] GC(462) ParOldGen: 108136K(503296K)->108136K(503296K)
[193.205s][info][gc,metaspace   ] GC(462) Metaspace: 35304K(35968K)->35304K(35968K) NonClass: 26102K(26624K)->26102K(26624K) Class: 9201K(9344K)->9201K(9344K)
[193.205s][info][gc             ] GC(462) Pause Young (Allocation Failure) 392M->105M(796M) 0.773ms
[193.205s][info][gc,cpu         ] GC(462) User=0.00s Sys=0.00s Real=0.00s
[193.552s][info][gc,start       ] GC(463) Pause Young (Allocation Failure)
[193.553s][info][gc,heap        ] GC(463) PSYoungGen: 293440K(312320K)->64K(312320K) Eden: 293376K(293376K)->0K(296448K) From: 64K(18944K)->64K(15872K)
[193.553s][info][gc,heap        ] GC(463) ParOldGen: 108136K(503296K)->108136K(503296K)
[193.553s][info][gc,metaspace   ] GC(463) Metaspace: 35304K(35968K)->35304K(35968K) NonClass: 26102K(26624K)->26102K(26624K) Class: 9201K(9344K)->9201K(9344K)
[193.553s][info][gc             ] GC(463) Pause Young (Allocation Failure) 392M->105M(796M) 0.900ms
[193.553s][info][gc,cpu         ] GC(463) User=0.00s Sys=0.00s Real=0.00s
[193.605s][info][gc,start       ] GC(464) Pause Young (Allocation Failure)
[193.606s][info][gc,heap        ] GC(464) PSYoungGen: 296512K(312320K)->64K(313856K) Eden: 296448K(296448K)->0K(296448K) From: 64K(15872K)->64K(17408K)
[193.606s][info][gc,heap        ] GC(464) ParOldGen: 108136K(503296K)->108152K(503296K)
[193.606s][info][gc,metaspace   ] GC(464) Metaspace: 35304K(35968K)->35304K(35968K) NonClass: 26102K(26624K)->26102K(26624K) Class: 9201K(9344K)->9201K(9344K)
[193.606s][info][gc             ] GC(464) Pause Young (Allocation Failure) 395M->105M(798M) 0.703ms
[193.606s][info][gc,cpu         ] GC(464) User=0.00s Sys=0.01s Real=0.00s
[193.662s][info][gc,start       ] GC(465) Pause Young (Allocation Failure)
[193.662s][info][gc,heap        ] GC(465) PSYoungGen: 296512K(313856K)->64K(313856K) Eden: 296448K(296448K)->0K(300032K) From: 64K(17408K)->64K(13824K)
[193.662s][info][gc,heap        ] GC(465) ParOldGen: 108152K(503296K)->108152K(503296K)
[193.662s][info][gc,metaspace   ] GC(465) Metaspace: 35304K(35968K)->35304K(35968K) NonClass: 26102K(26624K)->26102K(26624K) Class: 9201K(9344K)->9201K(9344K)
[193.662s][info][gc             ] GC(465) Pause Young (Allocation Failure) 395M->105M(798M) 0.669ms
[193.662s][info][gc,cpu         ] GC(465) User=0.00s Sys=0.00s Real=0.01s
[193.965s][info][gc,start       ] GC(466) Pause Young (Allocation Failure)
[193.966s][info][gc,heap        ] GC(466) PSYoungGen: 300096K(313856K)->64K(315392K) Eden: 300032K(300032K)->0K(300032K) From: 64K(13824K)->64K(15360K)
[193.966s][info][gc,heap        ] GC(466) ParOldGen: 108152K(503296K)->108168K(503296K)
[193.966s][info][gc,metaspace   ] GC(466) Metaspace: 35304K(35968K)->35304K(35968K) NonClass: 26102K(26624K)->26102K(26624K) Class: 9201K(9344K)->9201K(9344K)
[193.966s][info][gc             ] GC(466) Pause Young (Allocation Failure) 398M->105M(799M) 0.814ms
[193.966s][info][gc,cpu         ] GC(466) User=0.00s Sys=0.00s Real=0.00s
[194.208s][info][gc,start       ] GC(467) Pause Young (Allocation Failure)
[194.209s][info][gc,heap        ] GC(467) PSYoungGen: 300096K(315392K)->64K(288256K) Eden: 300032K(300032K)->0K(287744K) From: 64K(15360K)->64K(512K)
[194.209s][info][gc,heap        ] GC(467) ParOldGen: 108168K(503296K)->108168K(503296K)
[194.209s][info][gc,metaspace   ] GC(467) Metaspace: 35304K(35968K)->35304K(35968K) NonClass: 26102K(26624K)->26102K(26624K) Class: 9201K(9344K)->9201K(9344K)
[194.209s][info][gc             ] GC(467) Pause Young (Allocation Failure) 398M->105M(773M) 0.846ms
[194.209s][info][gc,cpu         ] GC(467) User=0.00s Sys=0.00s Real=0.00s
[194.289s][info][gc,start       ] GC(468) Pause Young (Allocation Failure)
[194.290s][info][gc,heap        ] GC(468) PSYoungGen: 287808K(288256K)->32K(290304K) Eden: 287744K(287744K)->0K(276480K) From: 64K(512K)->32K(13824K)
[194.290s][info][gc,heap        ] GC(468) ParOldGen: 108168K(503296K)->108184K(503296K)
[194.290s][info][gc,metaspace   ] GC(468) Metaspace: 35304K(35968K)->35304K(35968K) NonClass: 26102K(26624K)->26102K(26624K) Class: 9201K(9344K)->9201K(9344K)
[194.290s][info][gc             ] GC(468) Pause Young (Allocation Failure) 386M->105M(775M) 1.082ms
[194.290s][info][gc,cpu         ] GC(468) User=0.00s Sys=0.00s Real=0.00s
[194.433s][info][gc,start       ] GC(469) Pause Young (Allocation Failure)
[194.434s][info][gc,heap        ] GC(469) PSYoungGen: 276512K(290304K)->64K(266240K) Eden: 276480K(276480K)->0K(265728K) From: 32K(13824K)->64K(512K)
[194.435s][info][gc,heap        ] GC(469) ParOldGen: 108184K(503296K)->108184K(503296K)
[194.435s][info][gc,metaspace   ] GC(469) Metaspace: 35304K(35968K)->35304K(35968K) NonClass: 26102K(26624K)->26102K(26624K) Class: 9201K(9344K)->9201K(9344K)
[194.435s][info][gc             ] GC(469) Pause Young (Allocation Failure) 375M->105M(751M) 1.205ms
[194.435s][info][gc,cpu         ] GC(469) User=0.00s Sys=0.00s Real=0.00s
[194.820s][info][gc,start       ] GC(470) Pause Young (Allocation Failure)
[194.820s][info][gc,heap        ] GC(470) PSYoungGen: 265792K(266240K)->64K(267776K) Eden: 265728K(265728K)->0K(255488K) From: 64K(512K)->64K(12288K)
[194.820s][info][gc,heap        ] GC(470) ParOldGen: 108184K(503296K)->108192K(503296K)
[194.820s][info][gc,metaspace   ] GC(470) Metaspace: 35304K(35968K)->35304K(35968K) NonClass: 26102K(26624K)->26102K(26624K) Class: 9201K(9344K)->9201K(9344K)
[194.820s][info][gc             ] GC(470) Pause Young (Allocation Failure) 365M->105M(753M) 0.800ms
[194.820s][info][gc,cpu         ] GC(470) User=0.00s Sys=0.00s Real=0.00s
[195.502s][info][gc,start       ] GC(471) Pause Young (Allocation Failure)
[195.503s][info][gc,heap        ] GC(471) PSYoungGen: 255552K(267776K)->64K(246272K) Eden: 255488K(255488K)->0K(245760K) From: 64K(12288K)->64K(512K)
[195.503s][info][gc,heap        ] GC(471) ParOldGen: 108192K(503296K)->108200K(503296K)
[195.503s][info][gc,metaspace   ] GC(471) Metaspace: 35304K(35968K)->35304K(35968K) NonClass: 26102K(26624K)->26102K(26624K) Class: 9201K(9344K)->9201K(9344K)
[195.503s][info][gc             ] GC(471) Pause Young (Allocation Failure) 355M->105M(732M) 1.218ms
[195.503s][info][gc,cpu         ] GC(471) User=0.00s Sys=0.00s Real=0.00s
[196.450s][info][gc,start       ] GC(472) Pause Young (Allocation Failure)
[196.451s][info][gc,heap        ] GC(472) PSYoungGen: 245824K(246272K)->64K(247296K) Eden: 245760K(245760K)->0K(236544K) From: 64K(512K)->64K(10752K)
[196.451s][info][gc,heap        ] GC(472) ParOldGen: 108200K(503296K)->108208K(503296K)
[196.451s][info][gc,metaspace   ] GC(472) Metaspace: 35304K(35968K)->35304K(35968K) NonClass: 26102K(26624K)->26102K(26624K) Class: 9201K(9344K)->9201K(9344K)
[196.451s][info][gc             ] GC(472) Pause Young (Allocation Failure) 345M->105M(733M) 0.747ms
[196.451s][info][gc,cpu         ] GC(472) User=0.00s Sys=0.00s Real=0.00s
[196.836s][info][gc,start       ] GC(473) Pause Young (Allocation Failure)
[196.839s][info][gc,heap        ] GC(473) PSYoungGen: 236608K(247296K)->64K(227840K) Eden: 236544K(236544K)->0K(227328K) From: 64K(10752K)->64K(512K)
[196.839s][info][gc,heap        ] GC(473) ParOldGen: 108208K(503296K)->108216K(503296K)
[196.839s][info][gc,metaspace   ] GC(473) Metaspace: 35304K(35968K)->35304K(35968K) NonClass: 26102K(26624K)->26102K(26624K) Class: 9201K(9344K)->9201K(9344K)
[196.839s][info][gc             ] GC(473) Pause Young (Allocation Failure) 336M->105M(714M) 2.544ms
[196.839s][info][gc,cpu         ] GC(473) User=0.00s Sys=0.00s Real=0.00s
[197.398s][info][gc,start       ] GC(474) Pause Young (Allocation Failure)
[197.398s][info][gc,heap        ] GC(474) PSYoungGen: 227392K(227840K)->64K(228352K) Eden: 227328K(227328K)->0K(218624K) From: 64K(512K)->64K(9728K)
[197.399s][info][gc,heap        ] GC(474) ParOldGen: 108216K(503296K)->108224K(503296K)
[197.399s][info][gc,metaspace   ] GC(474) Metaspace: 35304K(35968K)->35304K(35968K) NonClass: 26102K(26624K)->26102K(26624K) Class: 9201K(9344K)->9201K(9344K)
[197.399s][info][gc             ] GC(474) Pause Young (Allocation Failure) 327M->105M(714M) 0.873ms
[197.399s][info][gc,cpu         ] GC(474) User=0.00s Sys=0.00s Real=0.00s
[198.225s][info][gc,start       ] GC(475) Pause Young (Allocation Failure)
[198.227s][info][gc,heap        ] GC(475) PSYoungGen: 218688K(228352K)->64K(210944K) Eden: 218624K(218624K)->0K(210432K) From: 64K(9728K)->64K(512K)
[198.227s][info][gc,heap        ] GC(475) ParOldGen: 108224K(503296K)->108240K(503296K)
[198.227s][info][gc,metaspace   ] GC(475) Metaspace: 35304K(35968K)->35304K(35968K) NonClass: 26102K(26624K)->26102K(26624K) Class: 9201K(9344K)->9201K(9344K)
[198.227s][info][gc             ] GC(475) Pause Young (Allocation Failure) 319M->105M(697M) 2.083ms
[198.227s][info][gc,cpu         ] GC(475) User=0.00s Sys=0.00s Real=0.00s
[198.560s][info][gc,start       ] GC(476) Pause Young (Allocation Failure)
[198.561s][info][gc,heap        ] GC(476) PSYoungGen: 210496K(210944K)->64K(210944K) Eden: 210432K(210432K)->0K(202752K) From: 64K(512K)->64K(8192K)
[198.561s][info][gc,heap        ] GC(476) ParOldGen: 108240K(503296K)->108248K(503296K)
[198.561s][info][gc,metaspace   ] GC(476) Metaspace: 35304K(35968K)->35304K(35968K) NonClass: 26102K(26624K)->26102K(26624K) Class: 9201K(9344K)->9201K(9344K)
[198.561s][info][gc             ] GC(476) Pause Young (Allocation Failure) 311M->105M(697M) 1.049ms
[198.561s][info][gc,cpu         ] GC(476) User=0.01s Sys=0.00s Real=0.00s
[198.688s][info][gc,start       ] GC(477) Pause Young (Allocation Failure)
[198.690s][info][gc,heap        ] GC(477) PSYoungGen: 202816K(210944K)->64K(196096K) Eden: 202752K(202752K)->0K(195584K) From: 64K(8192K)->64K(512K)
[198.690s][info][gc,heap        ] GC(477) ParOldGen: 108248K(503296K)->108256K(503296K)
[198.690s][info][gc,metaspace   ] GC(477) Metaspace: 35304K(35968K)->35304K(35968K) NonClass: 26102K(26624K)->26102K(26624K) Class: 9201K(9344K)->9201K(9344K)
[198.690s][info][gc             ] GC(477) Pause Young (Allocation Failure) 303M->105M(683M) 1.517ms
[198.690s][info][gc,cpu         ] GC(477) User=0.00s Sys=0.00s Real=0.00s
[198.910s][info][gc,start       ] GC(478) Pause Young (Allocation Failure)
[198.911s][info][gc,heap        ] GC(478) PSYoungGen: 195648K(196096K)->64K(195584K) Eden: 195584K(195584K)->0K(188416K) From: 64K(512K)->64K(7168K)
[198.911s][info][gc,heap        ] GC(478) ParOldGen: 108256K(503296K)->108264K(503296K)
[198.911s][info][gc,metaspace   ] GC(478) Metaspace: 35304K(35968K)->35304K(35968K) NonClass: 26102K(26624K)->26102K(26624K) Class: 9201K(9344K)->9201K(9344K)
[198.911s][info][gc             ] GC(478) Pause Young (Allocation Failure) 296M->105M(682M) 0.781ms
[198.911s][info][gc,cpu         ] GC(478) User=0.00s Sys=0.00s Real=0.00s
[199.405s][info][gc,start       ] GC(479) Pause Young (Allocation Failure)
[199.406s][info][gc,heap        ] GC(479) PSYoungGen: 188480K(195584K)->64K(182272K) Eden: 188416K(188416K)->0K(181760K) From: 64K(7168K)->64K(512K)
[199.406s][info][gc,heap        ] GC(479) ParOldGen: 108264K(503296K)->108272K(503296K)
[199.406s][info][gc,metaspace   ] GC(479) Metaspace: 35304K(35968K)->35304K(35968K) NonClass: 26102K(26624K)->26102K(26624K) Class: 9201K(9344K)->9201K(9344K)
[199.406s][info][gc             ] GC(479) Pause Young (Allocation Failure) 289M->105M(669M) 1.661ms
[199.406s][info][gc,cpu         ] GC(479) User=0.01s Sys=0.00s Real=0.00s
[199.585s][info][gc,start       ] GC(480) Pause Young (Allocation Failure)
[199.586s][info][gc,heap        ] GC(480) PSYoungGen: 181824K(182272K)->64K(181248K) Eden: 181760K(181760K)->0K(175104K) From: 64K(512K)->64K(6144K)
[199.586s][info][gc,heap        ] GC(480) ParOldGen: 108272K(503296K)->108280K(503296K)
[199.586s][info][gc,metaspace   ] GC(480) Metaspace: 35304K(35968K)->35304K(35968K) NonClass: 26102K(26624K)->26102K(26624K) Class: 9201K(9344K)->9201K(9344K)
[199.586s][info][gc             ] GC(480) Pause Young (Allocation Failure) 283M->105M(668M) 0.747ms
[199.586s][info][gc,cpu         ] GC(480) User=0.01s Sys=0.00s Real=0.00s
[199.837s][info][gc,start       ] GC(481) Pause Young (Allocation Failure)
[199.850s][info][gc,heap        ] GC(481) PSYoungGen: 175168K(181248K)->5632K(216064K) Eden: 175104K(175104K)->0K(210432K) From: 64K(6144K)->5632K(5632K)
[199.850s][info][gc,heap        ] GC(481) ParOldGen: 108280K(503296K)->110560K(503296K)
[199.850s][info][gc,metaspace   ] GC(481) Metaspace: 35304K(35968K)->35304K(35968K) NonClass: 26102K(26624K)->26102K(26624K) Class: 9201K(9344K)->9201K(9344K)
[199.850s][info][gc             ] GC(481) Pause Young (Allocation Failure) 276M->113M(702M) 12.386ms
[199.850s][info][gc,cpu         ] GC(481) User=0.02s Sys=0.00s Real=0.01s
[200.096s][info][gc,start       ] GC(482) Pause Young (Allocation Failure)
[200.132s][info][gc,heap        ] GC(482) PSYoungGen: 216064K(216064K)->8192K(256000K) Eden: 210432K(210432K)->0K(247808K) From: 5632K(5632K)->8192K(8192K)
[200.132s][info][gc,heap        ] GC(482) ParOldGen: 110560K(503296K)->126240K(503296K)
[200.133s][info][gc,metaspace   ] GC(482) Metaspace: 35304K(35968K)->35304K(35968K) NonClass: 26102K(26624K)->26102K(26624K) Class: 9201K(9344K)->9201K(9344K)
[200.133s][info][gc             ] GC(482) Pause Young (Allocation Failure) 318M->131M(741M) 36.173ms
[200.133s][info][gc,cpu         ] GC(482) User=0.07s Sys=0.00s Real=0.04s
[200.422s][info][gc,start       ] GC(483) Pause Young (Allocation Failure)
[200.476s][info][gc,heap        ] GC(483) PSYoungGen: 256000K(256000K)->15872K(261120K) Eden: 247808K(247808K)->0K(245248K) From: 8192K(8192K)->15872K(15872K)
[200.476s][info][gc,heap        ] GC(483) ParOldGen: 126240K(503296K)->138824K(503296K)
[200.476s][info][gc,metaspace   ] GC(483) Metaspace: 35304K(35968K)->35304K(35968K) NonClass: 26102K(26624K)->26102K(26624K) Class: 9201K(9344K)->9201K(9344K)
[200.476s][info][gc             ] GC(483) Pause Young (Allocation Failure) 373M->151M(746M) 53.977ms
[200.476s][info][gc,cpu         ] GC(483) User=0.10s Sys=0.01s Real=0.05s
[200.567s][info][gc,start       ] GC(484) Pause Young (Allocation Failure)
[200.575s][info][gc,heap        ] GC(484) PSYoungGen: 261120K(261120K)->2912K(268800K) Eden: 245248K(245248K)->0K(245248K) From: 15872K(15872K)->2912K(23552K)
[200.575s][info][gc,heap        ] GC(484) ParOldGen: 138824K(503296K)->139160K(503296K)
[200.575s][info][gc,metaspace   ] GC(484) Metaspace: 35304K(35968K)->35304K(35968K) NonClass: 26102K(26624K)->26102K(26624K) Class: 9201K(9344K)->9201K(9344K)
[200.575s][info][gc             ] GC(484) Pause Young (Allocation Failure) 390M->138M(754M) 8.068ms
[200.575s][info][gc,cpu         ] GC(484) User=0.02s Sys=0.00s Real=0.01s
[201.038s][info][gc,start       ] GC(485) Pause Young (Allocation Failure)
[201.038s][info][gc,heap        ] GC(485) PSYoungGen: 248160K(268800K)->64K(308224K) Eden: 245248K(245248K)->0K(287744K) From: 2912K(23552K)->64K(20480K)
[201.038s][info][gc,heap        ] GC(485) ParOldGen: 139160K(503296K)->139168K(503296K)
[201.038s][info][gc,metaspace   ] GC(485) Metaspace: 35304K(35968K)->35304K(35968K) NonClass: 26102K(26624K)->26102K(26624K) Class: 9201K(9344K)->9201K(9344K)
[201.038s][info][gc             ] GC(485) Pause Young (Allocation Failure) 378M->135M(792M) 0.901ms
[201.038s][info][gc,cpu         ] GC(485) User=0.00s Sys=0.00s Real=0.00s
[201.558s][info][gc,start       ] GC(486) Pause Young (Allocation Failure)
[201.559s][info][gc,heap        ] GC(486) PSYoungGen: 287808K(308224K)->64K(309760K) Eden: 287744K(287744K)->0K(287744K) From: 64K(20480K)->64K(22016K)
[201.559s][info][gc,heap        ] GC(486) ParOldGen: 139168K(503296K)->139176K(503296K)
[201.559s][info][gc,metaspace   ] GC(486) Metaspace: 35304K(35968K)->35304K(35968K) NonClass: 26102K(26624K)->26102K(26624K) Class: 9201K(9344K)->9201K(9344K)
[201.559s][info][gc             ] GC(486) Pause Young (Allocation Failure) 416M->135M(794M) 0.892ms
[201.559s][info][gc,cpu         ] GC(486) User=0.00s Sys=0.00s Real=0.00s
[202.003s][info][gc,start       ] GC(487) Pause Young (Allocation Failure)
[202.004s][info][gc,heap        ] GC(487) PSYoungGen: 287808K(309760K)->64K(310272K) Eden: 287744K(287744K)->0K(290816K) From: 64K(22016K)->64K(19456K)
[202.004s][info][gc,heap        ] GC(487) ParOldGen: 139176K(503296K)->139192K(503296K)
[202.004s][info][gc,metaspace   ] GC(487) Metaspace: 35304K(35968K)->35304K(35968K) NonClass: 26102K(26624K)->26102K(26624K) Class: 9201K(9344K)->9201K(9344K)
[202.004s][info][gc             ] GC(487) Pause Young (Allocation Failure) 416M->135M(794M) 0.850ms
[202.004s][info][gc,cpu         ] GC(487) User=0.00s Sys=0.00s Real=0.00s
[202.261s][info][gc,start       ] GC(488) Pause Young (Allocation Failure)
[202.262s][info][gc,heap        ] GC(488) PSYoungGen: 290880K(310272K)->64K(311296K) Eden: 290816K(290816K)->0K(290816K) From: 64K(19456K)->64K(20480K)
[202.262s][info][gc,heap        ] GC(488) ParOldGen: 139192K(503296K)->139208K(503296K)
[202.262s][info][gc,metaspace   ] GC(488) Metaspace: 35304K(35968K)->35304K(35968K) NonClass: 26102K(26624K)->26102K(26624K) Class: 9201K(9344K)->9201K(9344K)
[202.262s][info][gc             ] GC(488) Pause Young (Allocation Failure) 419M->136M(795M) 1.074ms
[202.263s][info][gc,cpu         ] GC(488) User=0.01s Sys=0.00s Real=0.01s
[202.657s][info][gc,start       ] GC(489) Pause Young (Allocation Failure)
[202.658s][info][gc,heap        ] GC(489) PSYoungGen: 290880K(311296K)->64K(311296K) Eden: 290816K(290816K)->0K(293888K) From: 64K(20480K)->64K(17408K)
[202.658s][info][gc,heap        ] GC(489) ParOldGen: 139208K(503296K)->139208K(503296K)
[202.658s][info][gc,metaspace   ] GC(489) Metaspace: 35304K(35968K)->35304K(35968K) NonClass: 26102K(26624K)->26102K(26624K) Class: 9201K(9344K)->9201K(9344K)
[202.658s][info][gc             ] GC(489) Pause Young (Allocation Failure) 420M->136M(795M) 0.905ms
[202.658s][info][gc,cpu         ] GC(489) User=0.00s Sys=0.00s Real=0.00s
[202.820s][info][gc,start       ] GC(490) Pause Young (Allocation Failure)
[202.821s][info][gc,heap        ] GC(490) PSYoungGen: 293952K(311296K)->64K(312320K) Eden: 293888K(293888K)->0K(293888K) From: 64K(17408K)->64K(18432K)
[202.821s][info][gc,heap        ] GC(490) ParOldGen: 139208K(503296K)->139216K(503296K)
[202.821s][info][gc,metaspace   ] GC(490) Metaspace: 35304K(35968K)->35304K(35968K) NonClass: 26102K(26624K)->26102K(26624K) Class: 9201K(9344K)->9201K(9344K)
[202.821s][info][gc             ] GC(490) Pause Young (Allocation Failure) 423M->136M(796M) 0.890ms
[202.821s][info][gc,cpu         ] GC(490) User=0.00s Sys=0.00s Real=0.00s
[202.873s][info][gc,start       ] GC(491) Pause Young (Allocation Failure)
[202.875s][info][gc,heap        ] GC(491) PSYoungGen: 293952K(312320K)->32K(314368K) Eden: 293888K(293888K)->0K(297984K) From: 64K(18432K)->32K(16384K)
[202.875s][info][gc,heap        ] GC(491) ParOldGen: 139216K(503296K)->139232K(503296K)
[202.875s][info][gc,metaspace   ] GC(491) Metaspace: 35304K(35968K)->35304K(35968K) NonClass: 26102K(26624K)->26102K(26624K) Class: 9201K(9344K)->9201K(9344K)
[202.875s][info][gc             ] GC(491) Pause Young (Allocation Failure) 423M->136M(798M) 1.312ms
[202.875s][info][gc,cpu         ] GC(491) User=0.00s Sys=0.00s Real=0.00s
[203.035s][info][gc,start       ] GC(492) Pause Young (Allocation Failure)
[203.037s][info][gc,heap        ] GC(492) PSYoungGen: 298016K(314368K)->64K(314880K) Eden: 297984K(297984K)->0K(297984K) From: 32K(16384K)->64K(16896K)
[203.037s][info][gc,heap        ] GC(492) ParOldGen: 139232K(503296K)->139232K(503296K)
[203.037s][info][gc,metaspace   ] GC(492) Metaspace: 35304K(35968K)->35304K(35968K) NonClass: 26102K(26624K)->26102K(26624K) Class: 9201K(9344K)->9201K(9344K)
[203.037s][info][gc             ] GC(492) Pause Young (Allocation Failure) 427M->136M(799M) 1.471ms
[203.037s][info][gc,cpu         ] GC(492) User=0.00s Sys=0.00s Real=0.00s
[203.338s][info][gc,start       ] GC(493) Pause Young (Allocation Failure)
[203.340s][info][gc,heap        ] GC(493) PSYoungGen: 298048K(314880K)->64K(315392K) Eden: 297984K(297984K)->0K(301056K) From: 64K(16896K)->64K(14336K)
[203.340s][info][gc,heap        ] GC(493) ParOldGen: 139232K(503296K)->139248K(503296K)
[203.340s][info][gc,metaspace   ] GC(493) Metaspace: 35304K(35968K)->35304K(35968K) NonClass: 26102K(26624K)->26102K(26624K) Class: 9201K(9344K)->9201K(9344K)
[203.340s][info][gc             ] GC(493) Pause Young (Allocation Failure) 427M->136M(799M) 1.461ms
[203.340s][info][gc,cpu         ] GC(493) User=0.00s Sys=0.00s Real=0.00s
[203.516s][info][gc,start       ] GC(494) Pause Young (Allocation Failure)
[203.518s][info][gc,heap        ] GC(494) PSYoungGen: 301120K(315392K)->64K(315904K) Eden: 301056K(301056K)->0K(301056K) From: 64K(14336K)->64K(14848K)
[203.518s][info][gc,heap        ] GC(494) ParOldGen: 139248K(503296K)->139256K(503296K)
[203.518s][info][gc,metaspace   ] GC(494) Metaspace: 35304K(35968K)->35304K(35968K) NonClass: 26103K(26624K)->26103K(26624K) Class: 9201K(9344K)->9201K(9344K)
[203.518s][info][gc             ] GC(494) Pause Young (Allocation Failure) 430M->136M(800M) 1.483ms
[203.518s][info][gc,cpu         ] GC(494) User=0.00s Sys=0.00s Real=0.00s
[203.610s][info][gc,start       ] GC(495) Pause Young (Allocation Failure)
[203.612s][info][gc,heap        ] GC(495) PSYoungGen: 301120K(315904K)->64K(318464K) Eden: 301056K(301056K)->0K(305152K) From: 64K(14848K)->64K(13312K)
[203.612s][info][gc,heap        ] GC(495) ParOldGen: 139256K(503296K)->139272K(503296K)
[203.612s][info][gc,metaspace   ] GC(495) Metaspace: 35304K(35968K)->35304K(35968K) NonClass: 26103K(26624K)->26103K(26624K) Class: 9201K(9344K)->9201K(9344K)
[203.612s][info][gc             ] GC(495) Pause Young (Allocation Failure) 430M->136M(802M) 1.501ms
[203.612s][info][gc,cpu         ] GC(495) User=0.00s Sys=0.00s Real=0.01s
[203.819s][info][gc,start       ] GC(496) Pause Young (Allocation Failure)
[203.820s][info][gc,heap        ] GC(496) PSYoungGen: 305216K(318464K)->32K(318464K) Eden: 305152K(305152K)->0K(305152K) From: 64K(13312K)->32K(13312K)
[203.820s][info][gc,heap        ] GC(496) ParOldGen: 139272K(503296K)->139280K(503296K)
[203.820s][info][gc,metaspace   ] GC(496) Metaspace: 35304K(35968K)->35304K(35968K) NonClass: 26103K(26624K)->26103K(26624K) Class: 9201K(9344K)->9201K(9344K)
[203.820s][info][gc             ] GC(496) Pause Young (Allocation Failure) 434M->136M(802M) 1.328ms
[203.820s][info][gc,cpu         ] GC(496) User=0.00s Sys=0.00s Real=0.00s
[204.773s][info][gc,start       ] GC(497) Pause Young (Allocation Failure)
[204.775s][info][gc,heap        ] GC(497) PSYoungGen: 305184K(318464K)->64K(293376K) Eden: 305152K(305152K)->0K(292864K) From: 32K(13312K)->64K(512K)
[204.775s][info][gc,heap        ] GC(497) ParOldGen: 139280K(503296K)->139296K(503296K)
[204.775s][info][gc,metaspace   ] GC(497) Metaspace: 35304K(35968K)->35304K(35968K) NonClass: 26103K(26624K)->26103K(26624K) Class: 9201K(9344K)->9201K(9344K)
[204.775s][info][gc             ] GC(497) Pause Young (Allocation Failure) 434M->136M(778M) 1.546ms
[204.775s][info][gc,cpu         ] GC(497) User=0.00s Sys=0.00s Real=0.00s
[205.709s][info][gc,start       ] GC(498) Pause Young (Allocation Failure)
[205.711s][info][gc,heap        ] GC(498) PSYoungGen: 292928K(293376K)->64K(292864K) Eden: 292864K(292864K)->0K(281088K) From: 64K(512K)->64K(11776K)
[205.711s][info][gc,heap        ] GC(498) ParOldGen: 139296K(503296K)->139312K(503296K)
[205.711s][info][gc,metaspace   ] GC(498) Metaspace: 35304K(35968K)->35304K(35968K) NonClass: 26103K(26624K)->26103K(26624K) Class: 9201K(9344K)->9201K(9344K)
[205.711s][info][gc             ] GC(498) Pause Young (Allocation Failure) 422M->136M(777M) 1.513ms
[205.711s][info][gc,cpu         ] GC(498) User=0.00s Sys=0.00s Real=0.00s
[206.140s][info][gc,start       ] GC(499) Pause Young (Allocation Failure)
[206.142s][info][gc,heap        ] GC(499) PSYoungGen: 281152K(292864K)->64K(270336K) Eden: 281088K(281088K)->0K(269824K) From: 64K(11776K)->64K(512K)
[206.142s][info][gc,heap        ] GC(499) ParOldGen: 139312K(503296K)->139328K(503296K)
[206.142s][info][gc,metaspace   ] GC(499) Metaspace: 35304K(35968K)->35304K(35968K) NonClass: 26103K(26624K)->26103K(26624K) Class: 9201K(9344K)->9201K(9344K)
[206.142s][info][gc             ] GC(499) Pause Young (Allocation Failure) 410M->136M(755M) 1.977ms
[206.142s][info][gc,cpu         ] GC(499) User=0.00s Sys=0.00s Real=0.01s
[207.243s][info][gc,start       ] GC(500) Pause Young (Allocation Failure)
[207.245s][info][gc,heap        ] GC(500) PSYoungGen: 269888K(270336K)->64K(269312K) Eden: 269824K(269824K)->0K(259072K) From: 64K(512K)->64K(10240K)
[207.245s][info][gc,heap        ] GC(500) ParOldGen: 139328K(503296K)->139344K(503296K)
[207.245s][info][gc,metaspace   ] GC(500) Metaspace: 35304K(35968K)->35304K(35968K) NonClass: 26103K(26624K)->26103K(26624K) Class: 9201K(9344K)->9201K(9344K)
[207.245s][info][gc             ] GC(500) Pause Young (Allocation Failure) 399M->136M(754M) 1.603ms
[207.245s][info][gc,cpu         ] GC(500) User=0.00s Sys=0.00s Real=0.00s
[207.663s][info][gc,start       ] GC(501) Pause Young (Allocation Failure)
[207.665s][info][gc,heap        ] GC(501) PSYoungGen: 259136K(269312K)->64K(249344K) Eden: 259072K(259072K)->0K(248832K) From: 64K(10240K)->64K(512K)
[207.665s][info][gc,heap        ] GC(501) ParOldGen: 139344K(503296K)->139360K(503296K)
[207.665s][info][gc,metaspace   ] GC(501) Metaspace: 35304K(35968K)->35304K(35968K) NonClass: 26103K(26624K)->26103K(26624K) Class: 9201K(9344K)->9201K(9344K)
[207.665s][info][gc             ] GC(501) Pause Young (Allocation Failure) 389M->136M(735M) 1.805ms
[207.665s][info][gc,cpu         ] GC(501) User=0.00s Sys=0.00s Real=0.00s
[207.838s][info][gc,start       ] GC(502) Pause Young (Allocation Failure)
[207.839s][info][gc,heap        ] GC(502) PSYoungGen: 248896K(249344K)->64K(247808K) Eden: 248832K(248832K)->0K(239104K) From: 64K(512K)->64K(8704K)
[207.840s][info][gc,heap        ] GC(502) ParOldGen: 139360K(503296K)->139376K(503296K)
[207.840s][info][gc,metaspace   ] GC(502) Metaspace: 35304K(35968K)->35304K(35968K) NonClass: 26103K(26624K)->26103K(26624K) Class: 9201K(9344K)->9201K(9344K)
[207.840s][info][gc             ] GC(502) Pause Young (Allocation Failure) 379M->136M(733M) 1.432ms
[207.840s][info][gc,cpu         ] GC(502) User=0.01s Sys=0.00s Real=0.00s
[208.040s][info][gc,start       ] GC(503) Pause Young (Allocation Failure)
[208.042s][info][gc,heap        ] GC(503) PSYoungGen: 239168K(247808K)->64K(230400K) Eden: 239104K(239104K)->0K(229888K) From: 64K(8704K)->64K(512K)
[208.042s][info][gc,heap        ] GC(503) ParOldGen: 139376K(503296K)->139392K(503296K)
[208.042s][info][gc,metaspace   ] GC(503) Metaspace: 35304K(35968K)->35304K(35968K) NonClass: 26103K(26624K)->26103K(26624K) Class: 9201K(9344K)->9201K(9344K)
[208.043s][info][gc             ] GC(503) Pause Young (Allocation Failure) 369M->136M(716M) 2.203ms
[208.043s][info][gc,cpu         ] GC(503) User=0.00s Sys=0.01s Real=0.01s
[208.582s][info][gc,start       ] GC(504) Pause Young (Allocation Failure)
[208.583s][info][gc,heap        ] GC(504) PSYoungGen: 229952K(230400K)->64K(228864K) Eden: 229888K(229888K)->0K(221184K) From: 64K(512K)->64K(7680K)
[208.583s][info][gc,heap        ] GC(504) ParOldGen: 139392K(503296K)->139400K(503296K)
[208.584s][info][gc,metaspace   ] GC(504) Metaspace: 35304K(35968K)->35304K(35968K) NonClass: 26103K(26624K)->26103K(26624K) Class: 9201K(9344K)->9201K(9344K)
[208.584s][info][gc             ] GC(504) Pause Young (Allocation Failure) 360M->136M(715M) 1.576ms
[208.584s][info][gc,cpu         ] GC(504) User=0.01s Sys=0.00s Real=0.00s
[208.868s][info][gc,start       ] GC(505) Pause Young (Allocation Failure)
[208.870s][info][gc,heap        ] GC(505) PSYoungGen: 221248K(228864K)->64K(213504K) Eden: 221184K(221184K)->0K(212992K) From: 64K(7680K)->64K(512K)
[208.870s][info][gc,heap        ] GC(505) ParOldGen: 139400K(503296K)->139408K(503296K)
[208.870s][info][gc,metaspace   ] GC(505) Metaspace: 35304K(35968K)->35304K(35968K) NonClass: 26103K(26624K)->26103K(26624K) Class: 9201K(9344K)->9201K(9344K)
[208.870s][info][gc             ] GC(505) Pause Young (Allocation Failure) 352M->136M(700M) 1.493ms
[208.870s][info][gc,cpu         ] GC(505) User=0.00s Sys=0.00s Real=0.00s
[209.159s][info][gc,start       ] GC(506) Pause Young (Allocation Failure)
[209.192s][info][gc,heap        ] GC(506) PSYoungGen: 213056K(213504K)->6656K(262656K) Eden: 212992K(212992K)->0K(256000K) From: 64K(512K)->6656K(6656K)
[209.192s][info][gc,heap        ] GC(506) ParOldGen: 139408K(503296K)->153520K(503296K)
[209.192s][info][gc,metaspace   ] GC(506) Metaspace: 35304K(35968K)->35304K(35968K) NonClass: 26103K(26624K)->26103K(26624K) Class: 9201K(9344K)->9201K(9344K)
[209.193s][info][gc             ] GC(506) Pause Young (Allocation Failure) 344M->156M(748M) 33.848ms
[209.193s][info][gc,cpu         ] GC(506) User=0.07s Sys=0.00s Real=0.04s
[209.515s][info][gc,start       ] GC(507) Pause Young (Allocation Failure)
[209.566s][info][gc,heap        ] GC(507) PSYoungGen: 262656K(262656K)->6656K(263680K) Eden: 256000K(256000K)->0K(257024K) From: 6656K(6656K)->6656K(6656K)
[209.566s][info][gc,heap        ] GC(507) ParOldGen: 153520K(503296K)->176216K(503296K)
[209.566s][info][gc,metaspace   ] GC(507) Metaspace: 35304K(35968K)->35304K(35968K) NonClass: 26103K(26624K)->26103K(26624K) Class: 9201K(9344K)->9201K(9344K)
[209.566s][info][gc             ] GC(507) Pause Young (Allocation Failure) 406M->178M(749M) 51.427ms
[209.566s][info][gc,cpu         ] GC(507) User=0.10s Sys=0.00s Real=0.05s
[209.750s][info][gc,start       ] GC(508) Pause Young (Allocation Failure)
[209.776s][info][gc,heap        ] GC(508) PSYoungGen: 263680K(263680K)->12928K(279552K) Eden: 257024K(257024K)->0K(257024K) From: 6656K(6656K)->12928K(22528K)
[209.776s][info][gc,heap        ] GC(508) ParOldGen: 176216K(503296K)->176824K(503296K)
[209.776s][info][gc,metaspace   ] GC(508) Metaspace: 35304K(35968K)->35304K(35968K) NonClass: 26103K(26624K)->26103K(26624K) Class: 9201K(9344K)->9201K(9344K)
[209.776s][info][gc             ] GC(508) Pause Young (Allocation Failure) 429M->185M(764M) 25.743ms
[209.776s][info][gc,cpu         ] GC(508) User=0.05s Sys=0.00s Real=0.03s
[210.136s][info][gc,start       ] GC(509) Pause Young (Allocation Failure)
[210.137s][info][gc,heap        ] GC(509) PSYoungGen: 269952K(279552K)->64K(310272K) Eden: 257024K(257024K)->0K(287744K) From: 12928K(22528K)->64K(22528K)
[210.137s][info][gc,heap        ] GC(509) ParOldGen: 176824K(503296K)->176832K(503296K)
[210.137s][info][gc,metaspace   ] GC(509) Metaspace: 35304K(35968K)->35304K(35968K) NonClass: 26103K(26624K)->26103K(26624K) Class: 9201K(9344K)->9201K(9344K)
[210.137s][info][gc             ] GC(509) Pause Young (Allocation Failure) 436M->172M(794M) 1.009ms
[210.137s][info][gc,cpu         ] GC(509) User=0.00s Sys=0.00s Real=0.00s
[210.792s][info][gc,start       ] GC(510) Pause Young (Allocation Failure)
[210.793s][info][gc,heap        ] GC(510) PSYoungGen: 287808K(310272K)->64K(310272K) Eden: 287744K(287744K)->0K(287744K) From: 64K(22528K)->64K(22528K)
[210.793s][info][gc,heap        ] GC(510) ParOldGen: 176832K(503296K)->176840K(503296K)
[210.793s][info][gc,metaspace   ] GC(510) Metaspace: 35304K(35968K)->35304K(35968K) NonClass: 26103K(26624K)->26103K(26624K) Class: 9201K(9344K)->9201K(9344K)
[210.793s][info][gc             ] GC(510) Pause Young (Allocation Failure) 453M->172M(794M) 0.987ms
[210.793s][info][gc,cpu         ] GC(510) User=0.00s Sys=0.00s Real=0.00s
[211.280s][info][gc,start       ] GC(511) Pause Young (Allocation Failure)
[211.281s][info][gc,heap        ] GC(511) PSYoungGen: 287808K(310272K)->64K(309760K) Eden: 287744K(287744K)->0K(289280K) From: 64K(22528K)->64K(20480K)
[211.281s][info][gc,heap        ] GC(511) ParOldGen: 176840K(503296K)->176856K(503296K)
[211.281s][info][gc,metaspace   ] GC(511) Metaspace: 35304K(35968K)->35304K(35968K) NonClass: 26103K(26624K)->26103K(26624K) Class: 9201K(9344K)->9201K(9344K)
[211.281s][info][gc             ] GC(511) Pause Young (Allocation Failure) 453M->172M(794M) 1.257ms
[211.281s][info][gc,cpu         ] GC(511) User=0.00s Sys=0.00s Real=0.00s
[211.536s][info][gc,start       ] GC(512) Pause Young (Allocation Failure)
[211.538s][info][gc,heap        ] GC(512) PSYoungGen: 289344K(309760K)->32K(310272K) Eden: 289280K(289280K)->0K(289280K) From: 64K(20480K)->32K(20992K)
[211.538s][info][gc,heap        ] GC(512) ParOldGen: 176856K(503296K)->176872K(503296K)
[211.538s][info][gc,metaspace   ] GC(512) Metaspace: 35304K(35968K)->35304K(35968K) NonClass: 26103K(26624K)->26103K(26624K) Class: 9201K(9344K)->9201K(9344K)
[211.538s][info][gc             ] GC(512) Pause Young (Allocation Failure) 455M->172M(794M) 1.703ms
[211.538s][info][gc,cpu         ] GC(512) User=0.00s Sys=0.00s Real=0.00s
[211.791s][info][gc,start       ] GC(513) Pause Young (Allocation Failure)
[211.793s][info][gc,heap        ] GC(513) PSYoungGen: 289312K(310272K)->32K(310784K) Eden: 289280K(289280K)->0K(292352K) From: 32K(20992K)->32K(18432K)
[211.793s][info][gc,heap        ] GC(513) ParOldGen: 176872K(503296K)->176872K(503296K)
[211.793s][info][gc,metaspace   ] GC(513) Metaspace: 35304K(35968K)->35304K(35968K) NonClass: 26103K(26624K)->26103K(26624K) Class: 9201K(9344K)->9201K(9344K)
[211.793s][info][gc             ] GC(513) Pause Young (Allocation Failure) 455M->172M(795M) 1.754ms
[211.793s][info][gc,cpu         ] GC(513) User=0.01s Sys=0.00s Real=0.01s
[212.118s][info][gc,start       ] GC(514) Pause Young (Allocation Failure)
[212.119s][info][gc,heap        ] GC(514) PSYoungGen: 292384K(310784K)->64K(311808K) Eden: 292352K(292352K)->0K(292352K) From: 32K(18432K)->64K(19456K)
[212.119s][info][gc,heap        ] GC(514) ParOldGen: 176872K(503296K)->176872K(503296K)
[212.119s][info][gc,metaspace   ] GC(514) Metaspace: 35304K(35968K)->35304K(35968K) NonClass: 26103K(26624K)->26103K(26624K) Class: 9201K(9344K)->9201K(9344K)
[212.119s][info][gc             ] GC(514) Pause Young (Allocation Failure) 458M->172M(796M) 1.646ms
[212.119s][info][gc,cpu         ] GC(514) User=0.00s Sys=0.00s Real=0.00s
[212.172s][info][gc,start       ] GC(515) Pause Young (Allocation Failure)
[212.173s][info][gc,heap        ] GC(515) PSYoungGen: 292416K(311808K)->32K(312320K) Eden: 292352K(292352K)->0K(295936K) From: 64K(19456K)->32K(16384K)
[212.173s][info][gc,heap        ] GC(515) ParOldGen: 176872K(503296K)->176888K(503296K)
[212.173s][info][gc,metaspace   ] GC(515) Metaspace: 35304K(35968K)->35304K(35968K) NonClass: 26103K(26624K)->26103K(26624K) Class: 9201K(9344K)->9201K(9344K)
[212.173s][info][gc             ] GC(515) Pause Young (Allocation Failure) 458M->172M(796M) 1.564ms
[212.173s][info][gc,cpu         ] GC(515) User=0.00s Sys=0.00s Real=0.01s
[212.269s][info][gc,start       ] GC(516) Pause Young (Allocation Failure)
[212.270s][info][gc,heap        ] GC(516) PSYoungGen: 295968K(312320K)->64K(313344K) Eden: 295936K(295936K)->0K(295936K) From: 32K(16384K)->64K(17408K)
[212.270s][info][gc,heap        ] GC(516) ParOldGen: 176888K(503296K)->176888K(503296K)
[212.270s][info][gc,metaspace   ] GC(516) Metaspace: 35304K(35968K)->35304K(35968K) NonClass: 26103K(26624K)->26103K(26624K) Class: 9201K(9344K)->9201K(9344K)
[212.270s][info][gc             ] GC(516) Pause Young (Allocation Failure) 461M->172M(797M) 1.578ms
[212.270s][info][gc,cpu         ] GC(516) User=0.00s Sys=0.00s Real=0.00s
[212.569s][info][gc,start       ] GC(517) Pause Young (Allocation Failure)
[212.571s][info][gc,heap        ] GC(517) PSYoungGen: 296000K(313344K)->32K(315392K) Eden: 295936K(295936K)->0K(300032K) From: 64K(17408K)->32K(15360K)
[212.571s][info][gc,heap        ] GC(517) ParOldGen: 176888K(503296K)->176904K(503296K)
[212.571s][info][gc,metaspace   ] GC(517) Metaspace: 35304K(35968K)->35304K(35968K) NonClass: 26103K(26624K)->26103K(26624K) Class: 9201K(9344K)->9201K(9344K)
[212.571s][info][gc             ] GC(517) Pause Young (Allocation Failure) 461M->172M(799M) 1.679ms
[212.571s][info][gc,cpu         ] GC(517) User=0.00s Sys=0.00s Real=0.00s
[212.796s][info][gc,start       ] GC(518) Pause Young (Allocation Failure)
[212.797s][info][gc,heap        ] GC(518) PSYoungGen: 300064K(315392K)->64K(315904K) Eden: 300032K(300032K)->0K(300032K) From: 32K(15360K)->64K(15872K)
[212.797s][info][gc,heap        ] GC(518) ParOldGen: 176904K(503296K)->176904K(503296K)
[212.797s][info][gc,metaspace   ] GC(518) Metaspace: 35304K(35968K)->35304K(35968K) NonClass: 26103K(26624K)->26103K(26624K) Class: 9201K(9344K)->9201K(9344K)
[212.797s][info][gc             ] GC(518) Pause Young (Allocation Failure) 465M->172M(800M) 1.766ms
[212.797s][info][gc,cpu         ] GC(518) User=0.00s Sys=0.00s Real=0.00s
[212.884s][info][gc,start       ] GC(519) Pause Young (Allocation Failure)
[212.885s][info][gc,heap        ] GC(519) PSYoungGen: 300096K(315904K)->32K(316416K) Eden: 300032K(300032K)->0K(303104K) From: 64K(15872K)->32K(13312K)
[212.885s][info][gc,heap        ] GC(519) ParOldGen: 176904K(503296K)->176920K(503296K)
[212.885s][info][gc,metaspace   ] GC(519) Metaspace: 35304K(35968K)->35304K(35968K) NonClass: 26103K(26624K)->26103K(26624K) Class: 9201K(9344K)->9201K(9344K)
[212.885s][info][gc             ] GC(519) Pause Young (Allocation Failure) 465M->172M(800M) 1.761ms
[212.885s][info][gc,cpu         ] GC(519) User=0.00s Sys=0.00s Real=0.00s
[213.068s][info][gc,start       ] GC(520) Pause Young (Allocation Failure)
[213.069s][info][gc,heap        ] GC(520) PSYoungGen: 303136K(316416K)->64K(316928K) Eden: 303104K(303104K)->0K(303104K) From: 32K(13312K)->64K(13824K)
[213.069s][info][gc,heap        ] GC(520) ParOldGen: 176920K(503296K)->176920K(503296K)
[213.069s][info][gc,metaspace   ] GC(520) Metaspace: 35304K(35968K)->35304K(35968K) NonClass: 26103K(26624K)->26103K(26624K) Class: 9201K(9344K)->9201K(9344K)
[213.069s][info][gc             ] GC(520) Pause Young (Allocation Failure) 468M->172M(801M) 1.647ms
[213.069s][info][gc,cpu         ] GC(520) User=0.00s Sys=0.00s Real=0.00s
[214.064s][info][gc,start       ] GC(521) Pause Young (Allocation Failure)
[214.066s][info][gc,heap        ] GC(521) PSYoungGen: 303168K(316928K)->102K(291328K) Eden: 303104K(303104K)->0K(290816K) From: 64K(13824K)->102K(512K)
[214.066s][info][gc,heap        ] GC(521) ParOldGen: 176920K(503296K)->176936K(503296K)
[214.066s][info][gc,metaspace   ] GC(521) Metaspace: 35304K(35968K)->35304K(35968K) NonClass: 26103K(26624K)->26103K(26624K) Class: 9201K(9344K)->9201K(9344K)
[214.066s][info][gc             ] GC(521) Pause Young (Allocation Failure) 468M->172M(776M) 1.751ms
[214.066s][info][gc,cpu         ] GC(521) User=0.00s Sys=0.00s Real=0.00s
[214.951s][info][gc,start       ] GC(522) Pause Young (Allocation Failure)
[214.952s][info][gc,heap        ] GC(522) PSYoungGen: 290918K(291328K)->32K(291328K) Eden: 290816K(290816K)->0K(279040K) From: 102K(512K)->32K(12288K)
[214.952s][info][gc,heap        ] GC(522) ParOldGen: 176936K(503296K)->176944K(503296K)
[214.952s][info][gc,metaspace   ] GC(522) Metaspace: 35304K(35968K)->35304K(35968K) NonClass: 26103K(26624K)->26103K(26624K) Class: 9201K(9344K)->9201K(9344K)
[214.952s][info][gc             ] GC(522) Pause Young (Allocation Failure) 456M->172M(776M) 1.505ms
[214.952s][info][gc,cpu         ] GC(522) User=0.00s Sys=0.00s Real=0.01s
[215.264s][info][gc,start       ] GC(523) Pause Young (Allocation Failure)
[215.266s][info][gc,heap        ] GC(523) PSYoungGen: 279072K(291328K)->64K(268288K) Eden: 279040K(279040K)->0K(267776K) From: 32K(12288K)->64K(512K)
[215.266s][info][gc,heap        ] GC(523) ParOldGen: 176944K(503296K)->176960K(503296K)
[215.266s][info][gc,metaspace   ] GC(523) Metaspace: 35304K(35968K)->35304K(35968K) NonClass: 26103K(26624K)->26103K(26624K) Class: 9201K(9344K)->9201K(9344K)
[215.266s][info][gc             ] GC(523) Pause Young (Allocation Failure) 445M->172M(753M) 1.699ms
[215.266s][info][gc,cpu         ] GC(523) User=0.01s Sys=0.00s Real=0.00s
[215.715s][info][gc,start       ] GC(524) Pause Young (Allocation Failure)
[215.716s][info][gc,heap        ] GC(524) PSYoungGen: 267840K(268288K)->32K(267776K) Eden: 267776K(267776K)->0K(257024K) From: 64K(512K)->32K(10752K)
[215.716s][info][gc,heap        ] GC(524) ParOldGen: 176960K(503296K)->176968K(503296K)
[215.716s][info][gc,metaspace   ] GC(524) Metaspace: 35304K(35968K)->35304K(35968K) NonClass: 26103K(26624K)->26103K(26624K) Class: 9201K(9344K)->9201K(9344K)
[215.716s][info][gc             ] GC(524) Pause Young (Allocation Failure) 434M->172M(753M) 1.577ms
[215.716s][info][gc,cpu         ] GC(524) User=0.00s Sys=0.00s Real=0.00s
[216.705s][info][gc,start       ] GC(525) Pause Young (Allocation Failure)
[216.707s][info][gc,heap        ] GC(525) PSYoungGen: 257056K(267776K)->64K(247296K) Eden: 257024K(257024K)->0K(246784K) From: 32K(10752K)->64K(512K)
[216.707s][info][gc,heap        ] GC(525) ParOldGen: 176968K(503296K)->176984K(503296K)
[216.707s][info][gc,metaspace   ] GC(525) Metaspace: 35304K(35968K)->35304K(35968K) NonClass: 26103K(26624K)->26103K(26624K) Class: 9201K(9344K)->9201K(9344K)
[216.707s][info][gc             ] GC(525) Pause Young (Allocation Failure) 423M->172M(733M) 1.976ms
[216.707s][info][gc,cpu         ] GC(525) User=0.00s Sys=0.00s Real=0.00s
[217.090s][info][gc,start       ] GC(526) Pause Young (Allocation Failure)
[217.091s][info][gc,heap        ] GC(526) PSYoungGen: 246848K(247296K)->64K(246272K) Eden: 246784K(246784K)->0K(237056K) From: 64K(512K)->64K(9216K)
[217.091s][info][gc,heap        ] GC(526) ParOldGen: 176984K(503296K)->177000K(503296K)
[217.091s][info][gc,metaspace   ] GC(526) Metaspace: 35304K(35968K)->35304K(35968K) NonClass: 26103K(26624K)->26103K(26624K) Class: 9201K(9344K)->9201K(9344K)
[217.091s][info][gc             ] GC(526) Pause Young (Allocation Failure) 413M->172M(732M) 1.653ms
[217.091s][info][gc,cpu         ] GC(526) User=0.00s Sys=0.00s Real=0.00s
[217.169s][info][gc,start       ] GC(527) Pause Young (Allocation Failure)
[217.172s][info][gc,heap        ] GC(527) PSYoungGen: 237120K(246272K)->64K(228352K) Eden: 237056K(237056K)->0K(227840K) From: 64K(9216K)->64K(512K)
[217.172s][info][gc,heap        ] GC(527) ParOldGen: 177000K(503296K)->177016K(503296K)
[217.172s][info][gc,metaspace   ] GC(527) Metaspace: 35304K(35968K)->35304K(35968K) NonClass: 26103K(26624K)->26103K(26624K) Class: 9201K(9344K)->9201K(9344K)
[217.172s][info][gc             ] GC(527) Pause Young (Allocation Failure) 404M->172M(714M) 2.451ms
[217.172s][info][gc,cpu         ] GC(527) User=0.00s Sys=0.00s Real=0.00s
[217.692s][info][gc,start       ] GC(528) Pause Young (Allocation Failure)
[217.694s][info][gc,heap        ] GC(528) PSYoungGen: 227904K(228352K)->64K(227328K) Eden: 227840K(227840K)->0K(219136K) From: 64K(512K)->64K(8192K)
[217.694s][info][gc,heap        ] GC(528) ParOldGen: 177016K(503296K)->177032K(503296K)
[217.694s][info][gc,metaspace   ] GC(528) Metaspace: 35304K(35968K)->35304K(35968K) NonClass: 26103K(26624K)->26103K(26624K) Class: 9201K(9344K)->9201K(9344K)
[217.694s][info][gc             ] GC(528) Pause Young (Allocation Failure) 395M->172M(713M) 1.613ms
[217.694s][info][gc,cpu         ] GC(528) User=0.00s Sys=0.00s Real=0.00s
[217.988s][info][gc,start       ] GC(529) Pause Young (Allocation Failure)
[217.990s][info][gc,heap        ] GC(529) PSYoungGen: 219200K(227328K)->64K(211456K) Eden: 219136K(219136K)->0K(210944K) From: 64K(8192K)->64K(512K)
[217.990s][info][gc,heap        ] GC(529) ParOldGen: 177032K(503296K)->177040K(503296K)
[217.990s][info][gc,metaspace   ] GC(529) Metaspace: 35304K(35968K)->35304K(35968K) NonClass: 26103K(26624K)->26103K(26624K) Class: 9201K(9344K)->9201K(9344K)
[217.990s][info][gc             ] GC(529) Pause Young (Allocation Failure) 386M->172M(698M) 2.434ms
[217.990s][info][gc,cpu         ] GC(529) User=0.00s Sys=0.00s Real=0.00s
[218.307s][info][gc,start       ] GC(530) Pause Young (Allocation Failure)
[218.329s][info][gc,heap        ] GC(530) PSYoungGen: 211008K(211456K)->7168K(260608K) Eden: 210944K(210944K)->0K(253440K) From: 64K(512K)->7168K(7168K)
[218.330s][info][gc,heap        ] GC(530) ParOldGen: 177040K(503296K)->179304K(503296K)
[218.330s][info][gc,metaspace   ] GC(530) Metaspace: 35304K(35968K)->35304K(35968K) NonClass: 26103K(26624K)->26103K(26624K) Class: 9201K(9344K)->9201K(9344K)
[218.330s][info][gc             ] GC(530) Pause Young (Allocation Failure) 378M->182M(746M) 22.168ms
[218.330s][info][gc,cpu         ] GC(530) User=0.03s Sys=0.00s Real=0.02s
[218.645s][info][gc,start       ] GC(531) Pause Young (Allocation Failure)
[218.693s][info][gc,heap        ] GC(531) PSYoungGen: 260608K(260608K)->7168K(265216K) Eden: 253440K(253440K)->0K(258048K) From: 7168K(7168K)->7168K(7168K)
[218.693s][info][gc,heap        ] GC(531) ParOldGen: 179304K(503296K)->200880K(503296K)
[218.693s][info][gc,metaspace   ] GC(531) Metaspace: 35304K(35968K)->35304K(35968K) NonClass: 26103K(26624K)->26103K(26624K) Class: 9201K(9344K)->9201K(9344K)
[218.693s][info][gc             ] GC(531) Pause Young (Allocation Failure) 429M->203M(750M) 48.752ms
[218.694s][info][gc,cpu         ] GC(531) User=0.09s Sys=0.00s Real=0.05s
[218.980s][info][gc,start       ] GC(532) Pause Young (Allocation Failure)
[219.023s][info][gc,heap        ] GC(532) PSYoungGen: 265216K(265216K)->18944K(276992K) Eden: 258048K(258048K)->0K(258048K) From: 7168K(7168K)->18944K(18944K)
[219.023s][info][gc,heap        ] GC(532) ParOldGen: 200880K(503296K)->207032K(503296K)
[219.023s][info][gc,metaspace   ] GC(532) Metaspace: 35304K(35968K)->35304K(35968K) NonClass: 26103K(26624K)->26103K(26624K) Class: 9201K(9344K)->9201K(9344K)
[219.023s][info][gc             ] GC(532) Pause Young (Allocation Failure) 455M->220M(762M) 43.274ms
[219.023s][info][gc,cpu         ] GC(532) User=0.09s Sys=0.00s Real=0.05s
[219.143s][info][gc,start       ] GC(533) Pause Young (Allocation Failure)
[219.146s][info][gc,heap        ] GC(533) PSYoungGen: 276992K(276992K)->64K(309248K) Eden: 258048K(258048K)->0K(284160K) From: 18944K(18944K)->64K(25088K)
[219.146s][info][gc,heap        ] GC(533) ParOldGen: 207032K(503296K)->207192K(503296K)
[219.146s][info][gc,metaspace   ] GC(533) Metaspace: 35304K(35968K)->35304K(35968K) NonClass: 26103K(26624K)->26103K(26624K) Class: 9201K(9344K)->9201K(9344K)
[219.146s][info][gc             ] GC(533) Pause Young (Allocation Failure) 472M->202M(793M) 2.736ms
[219.146s][info][gc,cpu         ] GC(533) User=0.01s Sys=0.00s Real=0.00s
[219.894s][info][gc,start       ] GC(534) Pause Young (Allocation Failure)
[219.895s][info][gc,heap        ] GC(534) PSYoungGen: 284224K(309248K)->64K(284672K) Eden: 284160K(284160K)->0K(284160K) From: 64K(25088K)->64K(512K)
[219.895s][info][gc,heap        ] GC(534) ParOldGen: 207192K(503296K)->207208K(503296K)
[219.895s][info][gc,metaspace   ] GC(534) Metaspace: 35304K(35968K)->35304K(35968K) NonClass: 26103K(26624K)->26103K(26624K) Class: 9201K(9344K)->9201K(9344K)
[219.895s][info][gc             ] GC(534) Pause Young (Allocation Failure) 479M->202M(769M) 1.183ms
[219.895s][info][gc,cpu         ] GC(534) User=0.00s Sys=0.00s Real=0.00s
[220.259s][info][gc,start       ] GC(535) Pause Young (Allocation Failure)
[220.260s][info][gc,heap        ] GC(535) PSYoungGen: 284224K(284672K)->64K(308736K) Eden: 284160K(284160K)->0K(285184K) From: 64K(512K)->64K(23552K)
[220.260s][info][gc,heap        ] GC(535) ParOldGen: 207208K(503296K)->207208K(503296K)
[220.260s][info][gc,metaspace   ] GC(535) Metaspace: 35304K(35968K)->35304K(35968K) NonClass: 26103K(26624K)->26103K(26624K) Class: 9201K(9344K)->9201K(9344K)
[220.260s][info][gc             ] GC(535) Pause Young (Allocation Failure) 479M->202M(793M) 1.161ms
[220.260s][info][gc,cpu         ] GC(535) User=0.00s Sys=0.00s Real=0.00s
[220.706s][info][gc,start       ] GC(536) Pause Young (Allocation Failure)
[220.708s][info][gc,heap        ] GC(536) PSYoungGen: 285248K(308736K)->64K(307712K) Eden: 285184K(285184K)->0K(285184K) From: 64K(23552K)->64K(22528K)
[220.708s][info][gc,heap        ] GC(536) ParOldGen: 207208K(503296K)->207216K(503296K)
[220.708s][info][gc,metaspace   ] GC(536) Metaspace: 35304K(35968K)->35304K(35968K) NonClass: 26103K(26624K)->26103K(26624K) Class: 9201K(9344K)->9201K(9344K)
[220.708s][info][gc             ] GC(536) Pause Young (Allocation Failure) 480M->202M(792M) 2.077ms
[220.708s][info][gc,cpu         ] GC(536) User=0.00s Sys=0.00s Real=0.00s
[220.955s][info][gc,start       ] GC(537) Pause Young (Allocation Failure)
[220.957s][info][gc,heap        ] GC(537) PSYoungGen: 285248K(307712K)->32K(310272K) Eden: 285184K(285184K)->0K(288768K) From: 64K(22528K)->32K(21504K)
[220.957s][info][gc,heap        ] GC(537) ParOldGen: 207216K(503296K)->207232K(503296K)
[220.957s][info][gc,metaspace   ] GC(537) Metaspace: 35304K(35968K)->35304K(35968K) NonClass: 26103K(26624K)->26103K(26624K) Class: 9201K(9344K)->9201K(9344K)
[220.957s][info][gc             ] GC(537) Pause Young (Allocation Failure) 480M->202M(794M) 1.824ms
[220.957s][info][gc,cpu         ] GC(537) User=0.00s Sys=0.00s Real=0.00s
[221.329s][info][gc,start       ] GC(538) Pause Young (Allocation Failure)
[221.331s][info][gc,heap        ] GC(538) PSYoungGen: 288800K(310272K)->64K(309248K) Eden: 288768K(288768K)->0K(288768K) From: 32K(21504K)->64K(20480K)
[221.331s][info][gc,heap        ] GC(538) ParOldGen: 207232K(503296K)->207232K(503296K)
[221.331s][info][gc,metaspace   ] GC(538) Metaspace: 35304K(35968K)->35304K(35968K) NonClass: 26103K(26624K)->26103K(26624K) Class: 9201K(9344K)->9201K(9344K)
[221.331s][info][gc             ] GC(538) Pause Young (Allocation Failure) 484M->202M(793M) 1.601ms
[221.331s][info][gc,cpu         ] GC(538) User=0.00s Sys=0.00s Real=0.00s
[221.390s][info][gc,start       ] GC(539) Pause Young (Allocation Failure)
[221.391s][info][gc,heap        ] GC(539) PSYoungGen: 288832K(309248K)->32K(312320K) Eden: 288768K(288768K)->0K(292864K) From: 64K(20480K)->32K(19456K)
[221.391s][info][gc,heap        ] GC(539) ParOldGen: 207232K(503296K)->207240K(503296K)
[221.391s][info][gc,metaspace   ] GC(539) Metaspace: 35304K(35968K)->35304K(35968K) NonClass: 26103K(26624K)->26103K(26624K) Class: 9201K(9344K)->9201K(9344K)
[221.391s][info][gc             ] GC(539) Pause Young (Allocation Failure) 484M->202M(796M) 1.185ms
[221.391s][info][gc,cpu         ] GC(539) User=0.00s Sys=0.00s Real=0.00s
[221.444s][info][gc,start       ] GC(540) Pause Young (Allocation Failure)
[221.445s][info][gc,heap        ] GC(540) PSYoungGen: 292896K(312320K)->64K(311296K) Eden: 292864K(292864K)->0K(292864K) From: 32K(19456K)->64K(18432K)
[221.445s][info][gc,heap        ] GC(540) ParOldGen: 207240K(503296K)->207256K(503296K)
[221.445s][info][gc,metaspace   ] GC(540) Metaspace: 35304K(35968K)->35304K(35968K) NonClass: 26103K(26624K)->26103K(26624K) Class: 9201K(9344K)->9201K(9344K)
[221.445s][info][gc             ] GC(540) Pause Young (Allocation Failure) 488M->202M(795M) 0.839ms
[221.445s][info][gc,cpu         ] GC(540) User=0.00s Sys=0.00s Real=0.00s
[221.663s][info][gc,start       ] GC(541) Pause Young (Allocation Failure)
[221.664s][info][gc,heap        ] GC(541) PSYoungGen: 292928K(311296K)->64K(314368K) Eden: 292864K(292864K)->0K(296960K) From: 64K(18432K)->64K(17408K)
[221.664s][info][gc,heap        ] GC(541) ParOldGen: 207256K(503296K)->207256K(503296K)
[221.664s][info][gc,metaspace   ] GC(541) Metaspace: 35304K(35968K)->35304K(35968K) NonClass: 26103K(26624K)->26103K(26624K) Class: 9201K(9344K)->9201K(9344K)
[221.664s][info][gc             ] GC(541) Pause Young (Allocation Failure) 488M->202M(798M) 1.025ms
[221.664s][info][gc,cpu         ] GC(541) User=0.00s Sys=0.00s Real=0.00s
[221.932s][info][gc,start       ] GC(542) Pause Young (Allocation Failure)
[221.933s][info][gc,heap        ] GC(542) PSYoungGen: 297024K(314368K)->64K(313344K) Eden: 296960K(296960K)->0K(296960K) From: 64K(17408K)->64K(16384K)
[221.933s][info][gc,heap        ] GC(542) ParOldGen: 207256K(503296K)->207264K(503296K)
[221.933s][info][gc,metaspace   ] GC(542) Metaspace: 35304K(35968K)->35304K(35968K) NonClass: 26103K(26624K)->26103K(26624K) Class: 9201K(9344K)->9201K(9344K)
[221.933s][info][gc             ] GC(542) Pause Young (Allocation Failure) 492M->202M(797M) 1.037ms
[221.933s][info][gc,cpu         ] GC(542) User=0.01s Sys=0.00s Real=0.00s
[222.055s][info][gc,start       ] GC(543) Pause Young (Allocation Failure)
[222.056s][info][gc,heap        ] GC(543) PSYoungGen: 297024K(313344K)->64K(285696K) Eden: 296960K(296960K)->0K(285184K) From: 64K(16384K)->64K(512K)
[222.056s][info][gc,heap        ] GC(543) ParOldGen: 207264K(503296K)->207272K(503296K)
[222.056s][info][gc,metaspace   ] GC(543) Metaspace: 35304K(35968K)->35304K(35968K) NonClass: 26103K(26624K)->26103K(26624K) Class: 9201K(9344K)->9201K(9344K)
[222.056s][info][gc             ] GC(543) Pause Young (Allocation Failure) 492M->202M(770M) 1.136ms
[222.056s][info][gc,cpu         ] GC(543) User=0.00s Sys=0.00s Real=0.00s
[222.169s][info][gc,start       ] GC(544) Pause Young (Allocation Failure)
[222.170s][info][gc,heap        ] GC(544) PSYoungGen: 285248K(285696K)->64K(288768K) Eden: 285184K(285184K)->0K(273920K) From: 64K(512K)->64K(14848K)
[222.170s][info][gc,heap        ] GC(544) ParOldGen: 207272K(503296K)->207280K(503296K)
[222.170s][info][gc,metaspace   ] GC(544) Metaspace: 35304K(35968K)->35304K(35968K) NonClass: 26103K(26624K)->26103K(26624K) Class: 9201K(9344K)->9201K(9344K)
[222.170s][info][gc             ] GC(544) Pause Young (Allocation Failure) 480M->202M(773M) 1.019ms
[222.170s][info][gc,cpu         ] GC(544) User=0.00s Sys=0.00s Real=0.00s
[222.383s][info][gc,start       ] GC(545) Pause Young (Allocation Failure)
[222.384s][info][gc,heap        ] GC(545) PSYoungGen: 273984K(288768K)->64K(263680K) Eden: 273920K(273920K)->0K(263168K) From: 64K(14848K)->64K(512K)
[222.384s][info][gc,heap        ] GC(545) ParOldGen: 207280K(503296K)->207288K(503296K)
[222.384s][info][gc,metaspace   ] GC(545) Metaspace: 35304K(35968K)->35304K(35968K) NonClass: 26103K(26624K)->26103K(26624K) Class: 9201K(9344K)->9201K(9344K)
[222.384s][info][gc             ] GC(545) Pause Young (Allocation Failure) 469M->202M(749M) 1.202ms
[222.384s][info][gc,cpu         ] GC(545) User=0.00s Sys=0.00s Real=0.00s
[223.217s][info][gc,start       ] GC(546) Pause Young (Allocation Failure)
[223.219s][info][gc,heap        ] GC(546) PSYoungGen: 263232K(263680K)->83K(265728K) Eden: 263168K(263168K)->0K(252928K) From: 64K(512K)->83K(12800K)
[223.219s][info][gc,heap        ] GC(546) ParOldGen: 207288K(503296K)->207296K(503296K)
[223.219s][info][gc,metaspace   ] GC(546) Metaspace: 35304K(35968K)->35304K(35968K) NonClass: 26103K(26624K)->26103K(26624K) Class: 9201K(9344K)->9201K(9344K)
[223.219s][info][gc             ] GC(546) Pause Young (Allocation Failure) 459M->202M(751M) 1.675ms
[223.219s][info][gc,cpu         ] GC(546) User=0.01s Sys=0.00s Real=0.00s
[224.086s][info][gc,start       ] GC(547) Pause Young (Allocation Failure)
[224.088s][info][gc,heap        ] GC(547) PSYoungGen: 253011K(265728K)->32K(243712K) Eden: 252928K(252928K)->0K(243200K) From: 83K(12800K)->32K(512K)
[224.088s][info][gc,heap        ] GC(547) ParOldGen: 207296K(503296K)->207312K(503296K)
[224.088s][info][gc,metaspace   ] GC(547) Metaspace: 35304K(35968K)->35304K(35968K) NonClass: 26103K(26624K)->26103K(26624K) Class: 9201K(9344K)->9201K(9344K)
[224.088s][info][gc             ] GC(547) Pause Young (Allocation Failure) 449M->202M(729M) 2.406ms
[224.088s][info][gc,cpu         ] GC(547) User=0.00s Sys=0.00s Real=0.00s
[224.385s][info][gc,start       ] GC(548) Pause Young (Allocation Failure)
[224.387s][info][gc,heap        ] GC(548) PSYoungGen: 243232K(243712K)->64K(245248K) Eden: 243200K(243200K)->0K(233984K) From: 32K(512K)->64K(11264K)
[224.387s][info][gc,heap        ] GC(548) ParOldGen: 207312K(503296K)->207320K(503296K)
[224.387s][info][gc,metaspace   ] GC(548) Metaspace: 35304K(35968K)->35304K(35968K) NonClass: 26103K(26624K)->26103K(26624K) Class: 9201K(9344K)->9201K(9344K)
[224.387s][info][gc             ] GC(548) Pause Young (Allocation Failure) 439M->202M(731M) 1.713ms
[224.387s][info][gc,cpu         ] GC(548) User=0.00s Sys=0.00s Real=0.00s
[224.767s][info][gc,start       ] GC(549) Pause Young (Allocation Failure)
[224.769s][info][gc,heap        ] GC(549) PSYoungGen: 234048K(245248K)->32K(225792K) Eden: 233984K(233984K)->0K(225280K) From: 64K(11264K)->32K(512K)
[224.769s][info][gc,heap        ] GC(549) ParOldGen: 207320K(503296K)->207328K(503296K)
[224.769s][info][gc,metaspace   ] GC(549) Metaspace: 35304K(35968K)->35304K(35968K) NonClass: 26103K(26624K)->26103K(26624K) Class: 9201K(9344K)->9201K(9344K)
[224.769s][info][gc             ] GC(549) Pause Young (Allocation Failure) 431M->202M(712M) 2.184ms
[224.769s][info][gc,cpu         ] GC(549) User=0.00s Sys=0.01s Real=0.00s
[225.693s][info][gc,start       ] GC(550) Pause Young (Allocation Failure)
[225.694s][info][gc,heap        ] GC(550) PSYoungGen: 225312K(225792K)->64K(226304K) Eden: 225280K(225280K)->0K(216576K) From: 32K(512K)->64K(9728K)
[225.694s][info][gc,heap        ] GC(550) ParOldGen: 207328K(503296K)->207336K(503296K)
[225.694s][info][gc,metaspace   ] GC(550) Metaspace: 35304K(35968K)->35304K(35968K) NonClass: 26103K(26624K)->26103K(26624K) Class: 9201K(9344K)->9201K(9344K)
[225.694s][info][gc             ] GC(550) Pause Young (Allocation Failure) 422M->202M(712M) 1.126ms
[225.694s][info][gc,cpu         ] GC(550) User=0.00s Sys=0.00s Real=0.00s
[226.017s][info][gc,start       ] GC(551) Pause Young (Allocation Failure)
[226.019s][info][gc,heap        ] GC(551) PSYoungGen: 216640K(226304K)->64K(208896K) Eden: 216576K(216576K)->0K(208384K) From: 64K(9728K)->64K(512K)
[226.019s][info][gc,heap        ] GC(551) ParOldGen: 207336K(503296K)->207344K(503296K)
[226.019s][info][gc,metaspace   ] GC(551) Metaspace: 35304K(35968K)->35304K(35968K) NonClass: 26103K(26624K)->26103K(26624K) Class: 9201K(9344K)->9201K(9344K)
[226.019s][info][gc             ] GC(551) Pause Young (Allocation Failure) 414M->202M(695M) 1.780ms
[226.019s][info][gc,cpu         ] GC(551) User=0.00s Sys=0.00s Real=0.00s
[226.142s][info][gc,start       ] GC(552) Pause Young (Allocation Failure)
[226.143s][info][gc,heap        ] GC(552) PSYoungGen: 208448K(208896K)->64K(209408K) Eden: 208384K(208384K)->0K(200704K) From: 64K(512K)->64K(8704K)
[226.143s][info][gc,heap        ] GC(552) ParOldGen: 207344K(503296K)->207352K(503296K)
[226.143s][info][gc,metaspace   ] GC(552) Metaspace: 35304K(35968K)->35304K(35968K) NonClass: 26103K(26624K)->26103K(26624K) Class: 9201K(9344K)->9201K(9344K)
[226.143s][info][gc             ] GC(552) Pause Young (Allocation Failure) 406M->202M(696M) 0.855ms
[226.143s][info][gc,cpu         ] GC(552) User=0.00s Sys=0.00s Real=0.00s
[226.295s][info][gc,start       ] GC(553) Pause Young (Allocation Failure)
[226.296s][info][gc,heap        ] GC(553) PSYoungGen: 200768K(209408K)->64K(194048K) Eden: 200704K(200704K)->0K(193536K) From: 64K(8704K)->64K(512K)
[226.296s][info][gc,heap        ] GC(553) ParOldGen: 207352K(503296K)->207360K(503296K)
[226.296s][info][gc,metaspace   ] GC(553) Metaspace: 35304K(35968K)->35304K(35968K) NonClass: 26103K(26624K)->26103K(26624K) Class: 9201K(9344K)->9201K(9344K)
[226.296s][info][gc             ] GC(553) Pause Young (Allocation Failure) 398M->202M(681M) 1.286ms
[226.296s][info][gc,cpu         ] GC(553) User=0.00s Sys=0.00s Real=0.00s
[226.799s][info][gc,start       ] GC(554) Pause Young (Allocation Failure)
[226.801s][info][gc,heap        ] GC(554) PSYoungGen: 193600K(194048K)->64K(193536K) Eden: 193536K(193536K)->0K(186368K) From: 64K(512K)->64K(7168K)
[226.801s][info][gc,heap        ] GC(554) ParOldGen: 207360K(503296K)->207368K(503296K)
[226.801s][info][gc,metaspace   ] GC(554) Metaspace: 35304K(35968K)->35304K(35968K) NonClass: 26103K(26624K)->26103K(26624K) Class: 9201K(9344K)->9201K(9344K)
[226.801s][info][gc             ] GC(554) Pause Young (Allocation Failure) 391M->202M(680M) 1.275ms
[226.801s][info][gc,cpu         ] GC(554) User=0.01s Sys=0.00s Real=0.00s
[226.979s][info][gc,start       ] GC(555) Pause Young (Allocation Failure)
[226.980s][info][gc,heap        ] GC(555) PSYoungGen: 186432K(193536K)->64K(180224K) Eden: 186368K(186368K)->0K(179712K) From: 64K(7168K)->64K(512K)
[226.980s][info][gc,heap        ] GC(555) ParOldGen: 207368K(503296K)->207376K(503296K)
[226.980s][info][gc,metaspace   ] GC(555) Metaspace: 35304K(35968K)->35304K(35968K) NonClass: 26103K(26624K)->26103K(26624K) Class: 9201K(9344K)->9201K(9344K)
[226.980s][info][gc             ] GC(555) Pause Young (Allocation Failure) 384M->202M(667M) 1.242ms
[226.980s][info][gc,cpu         ] GC(555) User=0.01s Sys=0.00s Real=0.00s
[227.248s][info][gc,start       ] GC(556) Pause Young (Allocation Failure)
[227.261s][info][gc,heap        ] GC(556) PSYoungGen: 179776K(180224K)->6144K(222208K) Eden: 179712K(179712K)->0K(216064K) From: 64K(512K)->6144K(6144K)
[227.261s][info][gc,heap        ] GC(556) ParOldGen: 207376K(503296K)->208960K(503296K)
[227.261s][info][gc,metaspace   ] GC(556) Metaspace: 35304K(35968K)->35304K(35968K) NonClass: 26103K(26624K)->26103K(26624K) Class: 9201K(9344K)->9201K(9344K)
[227.261s][info][gc             ] GC(556) Pause Young (Allocation Failure) 378M->210M(708M) 13.162ms
[227.261s][info][gc,cpu         ] GC(556) User=0.03s Sys=0.00s Real=0.01s
[227.523s][info][gc,start       ] GC(557) Pause Young (Allocation Failure)
[227.563s][info][gc,heap        ] GC(557) PSYoungGen: 222208K(222208K)->6144K(241664K) Eden: 216064K(216064K)->0K(235520K) From: 6144K(6144K)->6144K(6144K)
[227.563s][info][gc,heap        ] GC(557) ParOldGen: 208960K(503296K)->227320K(503296K)
[227.563s][info][gc,metaspace   ] GC(557) Metaspace: 35304K(35968K)->35304K(35968K) NonClass: 26103K(26624K)->26103K(26624K) Class: 9201K(9344K)->9201K(9344K)
[227.563s][info][gc             ] GC(557) Pause Young (Allocation Failure) 421M->227M(727M) 39.559ms
[227.563s][info][gc,cpu         ] GC(557) User=0.08s Sys=0.00s Real=0.04s
[227.849s][info][gc,start       ] GC(558) Pause Young (Allocation Failure)
[227.893s][info][gc,heap        ] GC(558) PSYoungGen: 241664K(241664K)->16384K(251904K) Eden: 235520K(235520K)->0K(235520K) From: 6144K(6144K)->16384K(16384K)
[227.893s][info][gc,heap        ] GC(558) ParOldGen: 227320K(503296K)->238064K(503296K)
[227.893s][info][gc,metaspace   ] GC(558) Metaspace: 35304K(35968K)->35304K(35968K) NonClass: 26103K(26624K)->26103K(26624K) Class: 9201K(9344K)->9201K(9344K)
[227.893s][info][gc             ] GC(558) Pause Young (Allocation Failure) 457M->248M(737M) 44.204ms
[227.893s][info][gc,cpu         ] GC(558) User=0.08s Sys=0.00s Real=0.05s
[227.983s][info][gc,start       ] GC(559) Pause Young (Allocation Failure)
[227.994s][info][gc,heap        ] GC(559) PSYoungGen: 251904K(251904K)->3840K(304128K) Eden: 235520K(235520K)->0K(282624K) From: 16384K(16384K)->3840K(21504K)
[227.994s][info][gc,heap        ] GC(559) ParOldGen: 238064K(503296K)->238352K(503296K)
[227.994s][info][gc,metaspace   ] GC(559) Metaspace: 35304K(35968K)->35304K(35968K) NonClass: 26103K(26624K)->26103K(26624K) Class: 9201K(9344K)->9201K(9344K)
[227.994s][info][gc             ] GC(559) Pause Young (Allocation Failure) 478M->236M(788M) 11.036ms
[227.994s][info][gc,cpu         ] GC(559) User=0.02s Sys=0.00s Real=0.01s
[228.533s][info][gc,start       ] GC(560) Pause Young (Allocation Failure)
[228.534s][info][gc,heap        ] GC(560) PSYoungGen: 286464K(304128K)->64K(305152K) Eden: 282624K(282624K)->0K(282624K) From: 3840K(21504K)->64K(22528K)
[228.534s][info][gc,heap        ] GC(560) ParOldGen: 238352K(503296K)->238360K(503296K)
[228.534s][info][gc,metaspace   ] GC(560) Metaspace: 35304K(35968K)->35304K(35968K) NonClass: 26103K(26624K)->26103K(26624K) Class: 9201K(9344K)->9201K(9344K)
[228.534s][info][gc             ] GC(560) Pause Young (Allocation Failure) 512M->232M(789M) 1.092ms
[228.534s][info][gc,cpu         ] GC(560) User=0.00s Sys=0.00s Real=0.00s
[229.007s][info][gc,start       ] GC(561) Pause Young (Allocation Failure)
[229.008s][info][gc,heap        ] GC(561) PSYoungGen: 282688K(305152K)->64K(310272K) Eden: 282624K(282624K)->0K(289792K) From: 64K(22528K)->64K(20480K)
[229.008s][info][gc,heap        ] GC(561) ParOldGen: 238360K(503296K)->238368K(503296K)
[229.008s][info][gc,metaspace   ] GC(561) Metaspace: 35304K(35968K)->35304K(35968K) NonClass: 26103K(26624K)->26103K(26624K) Class: 9201K(9344K)->9201K(9344K)
[229.008s][info][gc             ] GC(561) Pause Young (Allocation Failure) 508M->232M(794M) 1.123ms
[229.008s][info][gc,cpu         ] GC(561) User=0.01s Sys=0.00s Real=0.00s
[229.470s][info][gc,start       ] GC(562) Pause Young (Allocation Failure)
[229.471s][info][gc,heap        ] GC(562) PSYoungGen: 289856K(310272K)->64K(310784K) Eden: 289792K(289792K)->0K(289792K) From: 64K(20480K)->64K(20992K)
[229.471s][info][gc,heap        ] GC(562) ParOldGen: 238368K(503296K)->238384K(503296K)
[229.471s][info][gc,metaspace   ] GC(562) Metaspace: 35304K(35968K)->35304K(35968K) NonClass: 26103K(26624K)->26103K(26624K) Class: 9201K(9344K)->9201K(9344K)
[229.471s][info][gc             ] GC(562) Pause Young (Allocation Failure) 515M->232M(795M) 1.145ms
[229.471s][info][gc,cpu         ] GC(562) User=0.00s Sys=0.00s Real=0.00s
[229.709s][info][gc,start       ] GC(563) Pause Young (Allocation Failure)
[229.710s][info][gc,heap        ] GC(563) PSYoungGen: 289856K(310784K)->64K(312320K) Eden: 289792K(289792K)->0K(292864K) From: 64K(20992K)->64K(19456K)
[229.710s][info][gc,heap        ] GC(563) ParOldGen: 238384K(503296K)->238400K(503296K)
[229.710s][info][gc,metaspace   ] GC(563) Metaspace: 35304K(35968K)->35304K(35968K) NonClass: 26103K(26624K)->26103K(26624K) Class: 9201K(9344K)->9201K(9344K)
[229.710s][info][gc             ] GC(563) Pause Young (Allocation Failure) 515M->232M(796M) 1.208ms
[229.710s][info][gc,cpu         ] GC(563) User=0.00s Sys=0.00s Real=0.00s
[230.064s][info][gc,start       ] GC(564) Pause Young (Allocation Failure)
[230.065s][info][gc,heap        ] GC(564) PSYoungGen: 292928K(312320K)->64K(312320K) Eden: 292864K(292864K)->0K(292864K) From: 64K(19456K)->64K(19456K)
[230.065s][info][gc,heap        ] GC(564) ParOldGen: 238400K(503296K)->238400K(503296K)
[230.065s][info][gc,metaspace   ] GC(564) Metaspace: 35304K(35968K)->35304K(35968K) NonClass: 26103K(26624K)->26103K(26624K) Class: 9201K(9344K)->9201K(9344K)
[230.065s][info][gc             ] GC(564) Pause Young (Allocation Failure) 518M->232M(796M) 0.994ms
[230.065s][info][gc,cpu         ] GC(564) User=0.00s Sys=0.00s Real=0.00s
[230.198s][info][gc,start       ] GC(565) Pause Young (Allocation Failure)
[230.199s][info][gc,heap        ] GC(565) PSYoungGen: 292928K(312320K)->64K(313344K) Eden: 292864K(292864K)->0K(295936K) From: 64K(19456K)->64K(17408K)
[230.199s][info][gc,heap        ] GC(565) ParOldGen: 238400K(503296K)->238408K(503296K)
[230.199s][info][gc,metaspace   ] GC(565) Metaspace: 35304K(35968K)->35304K(35968K) NonClass: 26103K(26624K)->26103K(26624K) Class: 9201K(9344K)->9201K(9344K)
[230.199s][info][gc             ] GC(565) Pause Young (Allocation Failure) 518M->232M(797M) 0.928ms
[230.199s][info][gc,cpu         ] GC(565) User=0.01s Sys=0.00s Real=0.00s
[230.252s][info][gc,start       ] GC(566) Pause Young (Allocation Failure)
[230.252s][info][gc,heap        ] GC(566) PSYoungGen: 296000K(313344K)->64K(313344K) Eden: 295936K(295936K)->0K(295936K) From: 64K(17408K)->64K(17408K)
[230.252s][info][gc,heap        ] GC(566) ParOldGen: 238408K(503296K)->238424K(503296K)
[230.252s][info][gc,metaspace   ] GC(566) Metaspace: 35304K(35968K)->35304K(35968K) NonClass: 26103K(26624K)->26103K(26624K) Class: 9201K(9344K)->9201K(9344K)
[230.252s][info][gc             ] GC(566) Pause Young (Allocation Failure) 521M->232M(797M) 0.875ms
[230.252s][info][gc,cpu         ] GC(566) User=0.00s Sys=0.00s Real=0.01s
[230.410s][info][gc,start       ] GC(567) Pause Young (Allocation Failure)
[230.411s][info][gc,heap        ] GC(567) PSYoungGen: 296000K(313344K)->64K(315904K) Eden: 295936K(295936K)->0K(299520K) From: 64K(17408K)->64K(16384K)
[230.411s][info][gc,heap        ] GC(567) ParOldGen: 238424K(503296K)->238424K(503296K)
[230.411s][info][gc,metaspace   ] GC(567) Metaspace: 35304K(35968K)->35304K(35968K) NonClass: 26103K(26624K)->26103K(26624K) Class: 9201K(9344K)->9201K(9344K)
[230.411s][info][gc             ] GC(567) Pause Young (Allocation Failure) 521M->232M(800M) 0.833ms
[230.411s][info][gc,cpu         ] GC(567) User=0.00s Sys=0.00s Real=0.00s
[230.698s][info][gc,start       ] GC(568) Pause Young (Allocation Failure)
[230.699s][info][gc,heap        ] GC(568) PSYoungGen: 299584K(315904K)->64K(315392K) Eden: 299520K(299520K)->0K(299520K) From: 64K(16384K)->64K(15872K)
[230.699s][info][gc,heap        ] GC(568) ParOldGen: 238424K(503296K)->238432K(503296K)
[230.699s][info][gc,metaspace   ] GC(568) Metaspace: 35304K(35968K)->35304K(35968K) NonClass: 26103K(26624K)->26103K(26624K) Class: 9201K(9344K)->9201K(9344K)
[230.699s][info][gc             ] GC(568) Pause Young (Allocation Failure) 525M->232M(799M) 1.093ms
[230.699s][info][gc,cpu         ] GC(568) User=0.00s Sys=0.00s Real=0.00s
[230.857s][info][gc,start       ] GC(569) Pause Young (Allocation Failure)
[230.858s][info][gc,heap        ] GC(569) PSYoungGen: 299584K(315392K)->64K(288256K) Eden: 299520K(299520K)->0K(287744K) From: 64K(15872K)->64K(512K)
[230.858s][info][gc,heap        ] GC(569) ParOldGen: 238432K(503296K)->238440K(503296K)
[230.858s][info][gc,metaspace   ] GC(569) Metaspace: 35304K(35968K)->35304K(35968K) NonClass: 26103K(26624K)->26103K(26624K) Class: 9201K(9344K)->9201K(9344K)
[230.858s][info][gc             ] GC(569) Pause Young (Allocation Failure) 525M->232M(773M) 1.191ms
[230.858s][info][gc,cpu         ] GC(569) User=0.00s Sys=0.00s Real=0.00s
[230.945s][info][gc,start       ] GC(570) Pause Young (Allocation Failure)
[230.946s][info][gc,heap        ] GC(570) PSYoungGen: 287808K(288256K)->64K(290304K) Eden: 287744K(287744K)->0K(276480K) From: 64K(512K)->64K(13824K)
[230.946s][info][gc,heap        ] GC(570) ParOldGen: 238440K(503296K)->238448K(503296K)
[230.946s][info][gc,metaspace   ] GC(570) Metaspace: 35304K(35968K)->35304K(35968K) NonClass: 26103K(26624K)->26103K(26624K) Class: 9201K(9344K)->9201K(9344K)
[230.946s][info][gc             ] GC(570) Pause Young (Allocation Failure) 513M->232M(775M) 1.080ms
[230.946s][info][gc,cpu         ] GC(570) User=0.00s Sys=0.00s Real=0.00s
[231.125s][info][gc,start       ] GC(571) Pause Young (Allocation Failure)
[231.126s][info][gc,heap        ] GC(571) PSYoungGen: 276544K(290304K)->64K(266240K) Eden: 276480K(276480K)->0K(265728K) From: 64K(13824K)->64K(512K)
[231.127s][info][gc,heap        ] GC(571) ParOldGen: 238448K(503296K)->238456K(503296K)
[231.127s][info][gc,metaspace   ] GC(571) Metaspace: 35304K(35968K)->35304K(35968K) NonClass: 26103K(26624K)->26103K(26624K) Class: 9201K(9344K)->9201K(9344K)
[231.127s][info][gc             ] GC(571) Pause Young (Allocation Failure) 502M->232M(751M) 1.561ms
[231.127s][info][gc,cpu         ] GC(571) User=0.00s Sys=0.00s Real=0.00s
[232.026s][info][gc,start       ] GC(572) Pause Young (Allocation Failure)
[232.028s][info][gc,heap        ] GC(572) PSYoungGen: 265792K(266240K)->64K(267776K) Eden: 265728K(265728K)->0K(255488K) From: 64K(512K)->64K(12288K)
[232.028s][info][gc,heap        ] GC(572) ParOldGen: 238456K(503296K)->238472K(503296K)
[232.028s][info][gc,metaspace   ] GC(572) Metaspace: 35304K(35968K)->35304K(35968K) NonClass: 26103K(26624K)->26103K(26624K) Class: 9201K(9344K)->9201K(9344K)
[232.028s][info][gc             ] GC(572) Pause Young (Allocation Failure) 492M->232M(753M) 1.913ms
[232.028s][info][gc,cpu         ] GC(572) User=0.00s Sys=0.00s Real=0.00s
[232.866s][info][gc,start       ] GC(573) Pause Young (Allocation Failure)
[232.868s][info][gc,heap        ] GC(573) PSYoungGen: 255552K(267776K)->64K(246272K) Eden: 255488K(255488K)->0K(245760K) From: 64K(12288K)->64K(512K)
[232.868s][info][gc,heap        ] GC(573) ParOldGen: 238472K(503296K)->238488K(503296K)
[232.868s][info][gc,metaspace   ] GC(573) Metaspace: 35304K(35968K)->35304K(35968K) NonClass: 26103K(26624K)->26103K(26624K) Class: 9201K(9344K)->9201K(9344K)
[232.868s][info][gc             ] GC(573) Pause Young (Allocation Failure) 482M->232M(732M) 2.650ms
[232.868s][info][gc,cpu         ] GC(573) User=0.00s Sys=0.00s Real=0.00s
[233.070s][info][gc,start       ] GC(574) Pause Young (Allocation Failure)
[233.072s][info][gc,heap        ] GC(574) PSYoungGen: 245824K(246272K)->64K(247296K) Eden: 245760K(245760K)->0K(236544K) From: 64K(512K)->64K(10752K)
[233.072s][info][gc,heap        ] GC(574) ParOldGen: 238488K(503296K)->238496K(503296K)
[233.072s][info][gc,metaspace   ] GC(574) Metaspace: 35304K(35968K)->35304K(35968K) NonClass: 26103K(26624K)->26103K(26624K) Class: 9201K(9344K)->9201K(9344K)
[233.072s][info][gc             ] GC(574) Pause Young (Allocation Failure) 472M->232M(733M) 1.457ms
[233.072s][info][gc,cpu         ] GC(574) User=0.01s Sys=0.00s Real=0.01s
[233.457s][info][gc,start       ] GC(575) Pause Young (Allocation Failure)
[233.458s][info][gc,heap        ] GC(575) PSYoungGen: 236608K(247296K)->64K(227840K) Eden: 236544K(236544K)->0K(227328K) From: 64K(10752K)->64K(512K)
[233.458s][info][gc,heap        ] GC(575) ParOldGen: 238496K(503296K)->238504K(503296K)
[233.458s][info][gc,metaspace   ] GC(575) Metaspace: 35304K(35968K)->35304K(35968K) NonClass: 26103K(26624K)->26103K(26624K) Class: 9201K(9344K)->9201K(9344K)
[233.458s][info][gc             ] GC(575) Pause Young (Allocation Failure) 463M->232M(714M) 1.903ms
[233.458s][info][gc,cpu         ] GC(575) User=0.00s Sys=0.00s Real=0.00s
[234.427s][info][gc,start       ] GC(576) Pause Young (Allocation Failure)
[234.428s][info][gc,heap        ] GC(576) PSYoungGen: 227392K(227840K)->64K(228352K) Eden: 227328K(227328K)->0K(218624K) From: 64K(512K)->64K(9728K)
[234.428s][info][gc,heap        ] GC(576) ParOldGen: 238504K(503296K)->238512K(503296K)
[234.428s][info][gc,metaspace   ] GC(576) Metaspace: 35304K(35968K)->35304K(35968K) NonClass: 26103K(26624K)->26103K(26624K) Class: 9201K(9344K)->9201K(9344K)
[234.428s][info][gc             ] GC(576) Pause Young (Allocation Failure) 454M->232M(714M) 1.113ms
[234.428s][info][gc,cpu         ] GC(576) User=0.01s Sys=0.00s Real=0.00s
[234.792s][info][gc,start       ] GC(577) Pause Young (Allocation Failure)
[234.794s][info][gc,heap        ] GC(577) PSYoungGen: 218688K(228352K)->64K(210944K) Eden: 218624K(218624K)->0K(210432K) From: 64K(9728K)->64K(512K)
[234.794s][info][gc,heap        ] GC(577) ParOldGen: 238512K(503296K)->238520K(503296K)
[234.794s][info][gc,metaspace   ] GC(577) Metaspace: 35304K(35968K)->35304K(35968K) NonClass: 26103K(26624K)->26103K(26624K) Class: 9201K(9344K)->9201K(9344K)
[234.794s][info][gc             ] GC(577) Pause Young (Allocation Failure) 446M->232M(697M) 1.753ms
[234.794s][info][gc,cpu         ] GC(577) User=0.00s Sys=0.00s Real=0.00s
[234.950s][info][gc,start       ] GC(578) Pause Young (Allocation Failure)
[234.951s][info][gc,heap        ] GC(578) PSYoungGen: 210496K(210944K)->64K(210944K) Eden: 210432K(210432K)->0K(202752K) From: 64K(512K)->64K(8192K)
[234.951s][info][gc,heap        ] GC(578) ParOldGen: 238520K(503296K)->238528K(503296K)
[234.951s][info][gc,metaspace   ] GC(578) Metaspace: 35304K(35968K)->35304K(35968K) NonClass: 26103K(26624K)->26103K(26624K) Class: 9201K(9344K)->9201K(9344K)
[234.951s][info][gc             ] GC(578) Pause Young (Allocation Failure) 438M->233M(697M) 1.129ms
[234.951s][info][gc,cpu         ] GC(578) User=0.00s Sys=0.00s Real=0.00s
[235.030s][info][gc,start       ] GC(579) Pause Young (Allocation Failure)
[235.031s][info][gc,heap        ] GC(579) PSYoungGen: 202816K(210944K)->64K(196096K) Eden: 202752K(202752K)->0K(195584K) From: 64K(8192K)->64K(512K)
[235.031s][info][gc,heap        ] GC(579) ParOldGen: 238528K(503296K)->238536K(503296K)
[235.031s][info][gc,metaspace   ] GC(579) Metaspace: 35304K(35968K)->35304K(35968K) NonClass: 26103K(26624K)->26103K(26624K) Class: 9201K(9344K)->9201K(9344K)
[235.031s][info][gc             ] GC(579) Pause Young (Allocation Failure) 431M->233M(683M) 1.489ms
[235.031s][info][gc,cpu         ] GC(579) User=0.00s Sys=0.00s Real=0.00s
[235.501s][info][gc,start       ] GC(580) Pause Young (Allocation Failure)
[235.502s][info][gc,heap        ] GC(580) PSYoungGen: 195648K(196096K)->32K(195584K) Eden: 195584K(195584K)->0K(188416K) From: 64K(512K)->32K(7168K)
[235.502s][info][gc,heap        ] GC(580) ParOldGen: 238536K(503296K)->238544K(503296K)
[235.502s][info][gc,metaspace   ] GC(580) Metaspace: 35304K(35968K)->35304K(35968K) NonClass: 26103K(26624K)->26103K(26624K) Class: 9201K(9344K)->9201K(9344K)
[235.502s][info][gc             ] GC(580) Pause Young (Allocation Failure) 424M->232M(682M) 1.505ms
[235.502s][info][gc,cpu         ] GC(580) User=0.00s Sys=0.00s Real=0.01s
[235.731s][info][gc,start       ] GC(581) Pause Young (Allocation Failure)
[235.733s][info][gc,heap        ] GC(581) PSYoungGen: 188448K(195584K)->64K(182272K) Eden: 188416K(188416K)->0K(181760K) From: 32K(7168K)->64K(512K)
[235.733s][info][gc,heap        ] GC(581) ParOldGen: 238544K(503296K)->238552K(503296K)
[235.733s][info][gc,metaspace   ] GC(581) Metaspace: 35304K(35968K)->35304K(35968K) NonClass: 26103K(26624K)->26103K(26624K) Class: 9201K(9344K)->9201K(9344K)
[235.733s][info][gc             ] GC(581) Pause Young (Allocation Failure) 416M->233M(669M) 2.172ms
[235.733s][info][gc,cpu         ] GC(581) User=0.00s Sys=0.00s Real=0.01s
[236.011s][info][gc,start       ] GC(582) Pause Young (Allocation Failure)
[236.019s][info][gc,heap        ] GC(582) PSYoungGen: 181824K(182272K)->2976K(221184K) Eden: 181760K(181760K)->0K(218112K) From: 64K(512K)->2976K(3072K)
[236.019s][info][gc,heap        ] GC(582) ParOldGen: 238552K(503296K)->238568K(503296K)
[236.019s][info][gc,metaspace   ] GC(582) Metaspace: 35304K(35968K)->35304K(35968K) NonClass: 26103K(26624K)->26103K(26624K) Class: 9201K(9344K)->9201K(9344K)
[236.019s][info][gc             ] GC(582) Pause Young (Allocation Failure) 410M->235M(707M) 7.738ms
[236.019s][info][gc,cpu         ] GC(582) User=0.01s Sys=0.00s Real=0.01s
[236.281s][info][gc,start       ] GC(583) Pause Young (Allocation Failure)
[236.323s][info][gc,heap        ] GC(583) PSYoungGen: 221088K(221184K)->6656K(246784K) Eden: 218112K(218112K)->0K(240128K) From: 2976K(3072K)->6656K(6656K)
[236.323s][info][gc,heap        ] GC(583) ParOldGen: 238568K(503296K)->256592K(503296K)
[236.323s][info][gc,metaspace   ] GC(583) Metaspace: 35304K(35968K)->35304K(35968K) NonClass: 26103K(26624K)->26103K(26624K) Class: 9201K(9344K)->9201K(9344K)
[236.323s][info][gc             ] GC(583) Pause Young (Allocation Failure) 448M->257M(732M) 42.090ms
[236.323s][info][gc,cpu         ] GC(583) User=0.08s Sys=0.00s Real=0.05s
[236.619s][info][gc,start       ] GC(584) Pause Young (Allocation Failure)
[236.667s][info][gc,heap        ] GC(584) PSYoungGen: 246784K(246784K)->14848K(254976K) Eden: 240128K(240128K)->0K(240128K) From: 6656K(6656K)->14848K(14848K)
[236.667s][info][gc,heap        ] GC(584) ParOldGen: 256592K(503296K)->269392K(503296K)
[236.667s][info][gc,metaspace   ] GC(584) Metaspace: 35304K(35968K)->35304K(35968K) NonClass: 26103K(26624K)->26103K(26624K) Class: 9201K(9344K)->9201K(9344K)
[236.667s][info][gc             ] GC(584) Pause Young (Allocation Failure) 491M->277M(740M) 48.207ms
[236.667s][info][gc,cpu         ] GC(584) User=0.10s Sys=0.00s Real=0.05s
[236.798s][info][gc,start       ] GC(585) Pause Young (Allocation Failure)
[236.818s][info][gc,heap        ] GC(585) PSYoungGen: 254976K(254976K)->7872K(309760K) Eden: 240128K(240128K)->0K(288256K) From: 14848K(14848K)->7872K(21504K)
[236.818s][info][gc,heap        ] GC(585) ParOldGen: 269392K(503296K)->269728K(503296K)
[236.818s][info][gc,metaspace   ] GC(585) Metaspace: 35304K(35968K)->35304K(35968K) NonClass: 26103K(26624K)->26103K(26624K) Class: 9201K(9344K)->9201K(9344K)
[236.818s][info][gc             ] GC(585) Pause Young (Allocation Failure) 512M->271M(794M) 20.182ms
[236.818s][info][gc,cpu         ] GC(585) User=0.04s Sys=0.01s Real=0.02s
[237.351s][info][gc,start       ] GC(586) Pause Young (Allocation Failure)
[237.353s][info][gc,heap        ] GC(586) PSYoungGen: 296128K(309760K)->64K(310272K) Eden: 288256K(288256K)->0K(288256K) From: 7872K(21504K)->64K(22016K)
[237.353s][info][gc,heap        ] GC(586) ParOldGen: 269728K(503296K)->269736K(503296K)
[237.353s][info][gc,metaspace   ] GC(586) Metaspace: 35304K(35968K)->35304K(35968K) NonClass: 26103K(26624K)->26103K(26624K) Class: 9201K(9344K)->9201K(9344K)
[237.353s][info][gc             ] GC(586) Pause Young (Allocation Failure) 552M->263M(794M) 1.247ms
[237.353s][info][gc,cpu         ] GC(586) User=0.00s Sys=0.00s Real=0.01s
[237.925s][info][gc,start       ] GC(587) Pause Young (Allocation Failure)
[237.926s][info][gc,heap        ] GC(587) PSYoungGen: 288320K(310272K)->64K(309760K) Eden: 288256K(288256K)->0K(290304K) From: 64K(22016K)->64K(19456K)
[237.927s][info][gc,heap        ] GC(587) ParOldGen: 269736K(503296K)->269744K(503296K)
[237.927s][info][gc,metaspace   ] GC(587) Metaspace: 35304K(35968K)->35304K(35968K) NonClass: 26103K(26624K)->26103K(26624K) Class: 9201K(9344K)->9201K(9344K)
[237.927s][info][gc             ] GC(587) Pause Young (Allocation Failure) 544M->263M(794M) 1.330ms
[237.927s][info][gc,cpu         ] GC(587) User=0.00s Sys=0.00s Real=0.00s
[238.408s][info][gc,start       ] GC(588) Pause Young (Allocation Failure)
[238.409s][info][gc,heap        ] GC(588) PSYoungGen: 290368K(309760K)->64K(310784K) Eden: 290304K(290304K)->0K(290304K) From: 64K(19456K)->64K(20480K)
[238.409s][info][gc,heap        ] GC(588) ParOldGen: 269744K(503296K)->269760K(503296K)
[238.409s][info][gc,metaspace   ] GC(588) Metaspace: 35304K(35968K)->35304K(35968K) NonClass: 26103K(26624K)->26103K(26624K) Class: 9201K(9344K)->9201K(9344K)
[238.409s][info][gc             ] GC(588) Pause Young (Allocation Failure) 546M->263M(795M) 1.177ms
[238.409s][info][gc,cpu         ] GC(588) User=0.00s Sys=0.00s Real=0.00s
[238.647s][info][gc,start       ] GC(589) Pause Young (Allocation Failure)
[238.648s][info][gc,heap        ] GC(589) PSYoungGen: 290368K(310784K)->64K(310784K) Eden: 290304K(290304K)->0K(293376K) From: 64K(20480K)->64K(17408K)
[238.648s][info][gc,heap        ] GC(589) ParOldGen: 269760K(503296K)->269776K(503296K)
[238.648s][info][gc,metaspace   ] GC(589) Metaspace: 35304K(35968K)->35304K(35968K) NonClass: 26103K(26624K)->26103K(26624K) Class: 9201K(9344K)->9201K(9344K)
[238.648s][info][gc             ] GC(589) Pause Young (Allocation Failure) 547M->263M(795M) 1.076ms
[238.648s][info][gc,cpu         ] GC(589) User=0.00s Sys=0.00s Real=0.00s
[239.000s][info][gc,start       ] GC(590) Pause Young (Allocation Failure)
[239.001s][info][gc,heap        ] GC(590) PSYoungGen: 293440K(310784K)->64K(312320K) Eden: 293376K(293376K)->0K(293376K) From: 64K(17408K)->64K(18944K)
[239.001s][info][gc,heap        ] GC(590) ParOldGen: 269776K(503296K)->269776K(503296K)
[239.001s][info][gc,metaspace   ] GC(590) Metaspace: 35304K(35968K)->35304K(35968K) NonClass: 26103K(26624K)->26103K(26624K) Class: 9201K(9344K)->9201K(9344K)
[239.001s][info][gc             ] GC(590) Pause Young (Allocation Failure) 550M->263M(796M) 0.982ms
[239.001s][info][gc,cpu         ] GC(590) User=0.00s Sys=0.00s Real=0.00s
[239.151s][info][gc,start       ] GC(591) Pause Young (Allocation Failure)
[239.152s][info][gc,heap        ] GC(591) PSYoungGen: 293440K(312320K)->64K(312320K) Eden: 293376K(293376K)->0K(296448K) From: 64K(18944K)->64K(15872K)
[239.152s][info][gc,heap        ] GC(591) ParOldGen: 269776K(503296K)->269784K(503296K)
[239.152s][info][gc,metaspace   ] GC(591) Metaspace: 35304K(35968K)->35304K(35968K) NonClass: 26103K(26624K)->26103K(26624K) Class: 9201K(9344K)->9201K(9344K)
[239.152s][info][gc             ] GC(591) Pause Young (Allocation Failure) 550M->263M(796M) 1.015ms
[239.152s][info][gc,cpu         ] GC(591) User=0.00s Sys=0.00s Real=0.01s
[239.206s][info][gc,start       ] GC(592) Pause Young (Allocation Failure)
[239.207s][info][gc,heap        ] GC(592) PSYoungGen: 296512K(312320K)->64K(313856K) Eden: 296448K(296448K)->0K(296448K) From: 64K(15872K)->64K(17408K)
[239.207s][info][gc,heap        ] GC(592) ParOldGen: 269784K(503296K)->269800K(503296K)
[239.207s][info][gc,metaspace   ] GC(592) Metaspace: 35304K(35968K)->35304K(35968K) NonClass: 26103K(26624K)->26103K(26624K) Class: 9201K(9344K)->9201K(9344K)
[239.207s][info][gc             ] GC(592) Pause Young (Allocation Failure) 553M->263M(798M) 0.982ms
[239.207s][info][gc,cpu         ] GC(592) User=0.00s Sys=0.00s Real=0.00s
[239.354s][info][gc,start       ] GC(593) Pause Young (Allocation Failure)
[239.355s][info][gc,heap        ] GC(593) PSYoungGen: 296512K(313856K)->64K(314880K) Eden: 296448K(296448K)->0K(300032K) From: 64K(17408K)->64K(14848K)
[239.355s][info][gc,heap        ] GC(593) ParOldGen: 269800K(503296K)->269800K(503296K)
[239.355s][info][gc,metaspace   ] GC(593) Metaspace: 35304K(35968K)->35304K(35968K) NonClass: 26103K(26624K)->26103K(26624K) Class: 9201K(9344K)->9201K(9344K)
[239.355s][info][gc             ] GC(593) Pause Young (Allocation Failure) 553M->263M(799M) 1.193ms
[239.355s][info][gc,cpu         ] GC(593) User=0.00s Sys=0.00s Real=0.00s
[239.647s][info][gc,start       ] GC(594) Pause Young (Allocation Failure)
[239.649s][info][gc,heap        ] GC(594) PSYoungGen: 300096K(314880K)->64K(315904K) Eden: 300032K(300032K)->0K(300032K) From: 64K(14848K)->64K(15872K)
[239.649s][info][gc,heap        ] GC(594) ParOldGen: 269800K(503296K)->269808K(503296K)
[239.649s][info][gc,metaspace   ] GC(594) Metaspace: 35304K(35968K)->35304K(35968K) NonClass: 26103K(26624K)->26103K(26624K) Class: 9201K(9344K)->9201K(9344K)
[239.649s][info][gc             ] GC(594) Pause Young (Allocation Failure) 556M->263M(800M) 1.653ms
[239.649s][info][gc,cpu         ] GC(594) User=0.00s Sys=0.00s Real=0.00s
[239.814s][info][gc,start       ] GC(595) Pause Young (Allocation Failure)
[239.815s][info][gc,heap        ] GC(595) PSYoungGen: 300096K(315904K)->64K(315904K) Eden: 300032K(300032K)->0K(303104K) From: 64K(15872K)->64K(12800K)
[239.815s][info][gc,heap        ] GC(595) ParOldGen: 269808K(503296K)->269816K(503296K)
[239.815s][info][gc,metaspace   ] GC(595) Metaspace: 35304K(35968K)->35304K(35968K) NonClass: 26103K(26624K)->26103K(26624K) Class: 9201K(9344K)->9201K(9344K)
[239.815s][info][gc             ] GC(595) Pause Young (Allocation Failure) 556M->263M(800M) 1.287ms
[239.815s][info][gc,cpu         ] GC(595) User=0.01s Sys=0.00s Real=0.00s
[239.907s][info][gc,start       ] GC(596) Pause Young (Allocation Failure)
[239.908s][info][gc,heap        ] GC(596) PSYoungGen: 303168K(315904K)->64K(316928K) Eden: 303104K(303104K)->0K(303104K) From: 64K(12800K)->64K(13824K)
[239.908s][info][gc,heap        ] GC(596) ParOldGen: 269816K(503296K)->269824K(503296K)
[239.908s][info][gc,metaspace   ] GC(596) Metaspace: 35304K(35968K)->35304K(35968K) NonClass: 26103K(26624K)->26103K(26624K) Class: 9201K(9344K)->9201K(9344K)
[239.908s][info][gc             ] GC(596) Pause Young (Allocation Failure) 559M->263M(801M) 1.248ms
[239.909s][info][gc,cpu         ] GC(596) User=0.00s Sys=0.00s Real=0.00s
[240.103s][info][gc,start       ] GC(597) Pause Young (Allocation Failure)
[240.104s][info][gc,heap        ] GC(597) PSYoungGen: 303168K(316928K)->64K(291328K) Eden: 303104K(303104K)->0K(290816K) From: 64K(13824K)->64K(512K)
[240.104s][info][gc,heap        ] GC(597) ParOldGen: 269824K(503296K)->269832K(503296K)
[240.104s][info][gc,metaspace   ] GC(597) Metaspace: 35304K(35968K)->35304K(35968K) NonClass: 26103K(26624K)->26103K(26624K) Class: 9201K(9344K)->9201K(9344K)
[240.104s][info][gc             ] GC(597) Pause Young (Allocation Failure) 559M->263M(776M) 1.222ms
[240.104s][info][gc,cpu         ] GC(597) User=0.00s Sys=0.00s Real=0.00s
[240.992s][info][gc,start       ] GC(598) Pause Young (Allocation Failure)
[240.993s][info][gc,heap        ] GC(598) PSYoungGen: 290880K(291328K)->64K(291328K) Eden: 290816K(290816K)->0K(279040K) From: 64K(512K)->64K(12288K)
[240.993s][info][gc,heap        ] GC(598) ParOldGen: 269832K(503296K)->269840K(503296K)
[240.993s][info][gc,metaspace   ] GC(598) Metaspace: 35304K(35968K)->35304K(35968K) NonClass: 26103K(26624K)->26103K(26624K) Class: 9201K(9344K)->9201K(9344K)
[240.993s][info][gc             ] GC(598) Pause Young (Allocation Failure) 547M->263M(776M) 1.095ms
[240.993s][info][gc,cpu         ] GC(598) User=0.00s Sys=0.00s Real=0.00s
[241.861s][info][gc,start       ] GC(599) Pause Young (Allocation Failure)
[241.863s][info][gc,heap        ] GC(599) PSYoungGen: 279104K(291328K)->64K(268288K) Eden: 279040K(279040K)->0K(267776K) From: 64K(12288K)->64K(512K)
[241.863s][info][gc,heap        ] GC(599) ParOldGen: 269840K(503296K)->269848K(503296K)
[241.863s][info][gc,metaspace   ] GC(599) Metaspace: 35304K(35968K)->35304K(35968K) NonClass: 26103K(26624K)->26103K(26624K) Class: 9201K(9344K)->9201K(9344K)
[241.863s][info][gc             ] GC(599) Pause Young (Allocation Failure) 536M->263M(753M) 2.005ms
[241.863s][info][gc,cpu         ] GC(599) User=0.00s Sys=0.00s Real=0.01s
[242.226s][info][gc,start       ] GC(600) Pause Young (Allocation Failure)
[242.228s][info][gc,heap        ] GC(600) PSYoungGen: 267840K(268288K)->64K(267776K) Eden: 267776K(267776K)->0K(257024K) From: 64K(512K)->64K(10752K)
[242.228s][info][gc,heap        ] GC(600) ParOldGen: 269848K(503296K)->269856K(503296K)
[242.228s][info][gc,metaspace   ] GC(600) Metaspace: 35304K(35968K)->35304K(35968K) NonClass: 26103K(26624K)->26103K(26624K) Class: 9201K(9344K)->9201K(9344K)
[242.228s][info][gc             ] GC(600) Pause Young (Allocation Failure) 525M->263M(753M) 1.919ms
[242.228s][info][gc,cpu         ] GC(600) User=0.00s Sys=0.00s Real=0.00s
[243.136s][info][gc,start       ] GC(601) Pause Young (Allocation Failure)
[243.139s][info][gc,heap        ] GC(601) PSYoungGen: 257088K(267776K)->64K(247296K) Eden: 257024K(257024K)->0K(246784K) From: 64K(10752K)->64K(512K)
[243.139s][info][gc,heap        ] GC(601) ParOldGen: 269856K(503296K)->269864K(503296K)
[243.139s][info][gc,metaspace   ] GC(601) Metaspace: 35304K(35968K)->35304K(35968K) NonClass: 26103K(26624K)->26103K(26624K) Class: 9201K(9344K)->9201K(9344K)
[243.139s][info][gc             ] GC(601) Pause Young (Allocation Failure) 514M->263M(733M) 2.330ms
[243.139s][info][gc,cpu         ] GC(601) User=0.00s Sys=0.00s Real=0.00s
[243.534s][info][gc,start       ] GC(602) Pause Young (Allocation Failure)
[243.535s][info][gc,heap        ] GC(602) PSYoungGen: 246848K(247296K)->64K(246784K) Eden: 246784K(246784K)->0K(237056K) From: 64K(512K)->64K(9728K)
[243.535s][info][gc,heap        ] GC(602) ParOldGen: 269864K(503296K)->269880K(503296K)
[243.535s][info][gc,metaspace   ] GC(602) Metaspace: 35304K(35968K)->35304K(35968K) NonClass: 26103K(26624K)->26103K(26624K) Class: 9201K(9344K)->9201K(9344K)
[243.535s][info][gc             ] GC(602) Pause Young (Allocation Failure) 504M->263M(732M) 1.721ms
[243.535s][info][gc,cpu         ] GC(602) User=0.00s Sys=0.00s Real=0.00s
[243.875s][info][gc,start       ] GC(603) Pause Young (Allocation Failure)
[243.878s][info][gc,heap        ] GC(603) PSYoungGen: 237120K(246784K)->64K(228352K) Eden: 237056K(237056K)->0K(227840K) From: 64K(9728K)->64K(512K)
[243.878s][info][gc,heap        ] GC(603) ParOldGen: 269880K(503296K)->269888K(503296K)
[243.878s][info][gc,metaspace   ] GC(603) Metaspace: 35304K(35968K)->35304K(35968K) NonClass: 26103K(26624K)->26103K(26624K) Class: 9201K(9344K)->9201K(9344K)
[243.878s][info][gc             ] GC(603) Pause Young (Allocation Failure) 495M->263M(714M) 2.593ms
[243.878s][info][gc,cpu         ] GC(603) User=0.00s Sys=0.00s Real=0.00s
[243.951s][info][gc,start       ] GC(604) Pause Young (Allocation Failure)
[243.953s][info][gc,heap        ] GC(604) PSYoungGen: 227904K(228352K)->64K(227328K) Eden: 227840K(227840K)->0K(219136K) From: 64K(512K)->64K(8192K)
[243.953s][info][gc,heap        ] GC(604) ParOldGen: 269888K(503296K)->269896K(503296K)
[243.953s][info][gc,metaspace   ] GC(604) Metaspace: 35304K(35968K)->35304K(35968K) NonClass: 26103K(26624K)->26103K(26624K) Class: 9201K(9344K)->9201K(9344K)
[243.953s][info][gc             ] GC(604) Pause Young (Allocation Failure) 486M->263M(713M) 1.294ms
[243.953s][info][gc,cpu         ] GC(604) User=0.01s Sys=0.01s Real=0.01s
[244.426s][info][gc,start       ] GC(605) Pause Young (Allocation Failure)
[244.428s][info][gc,heap        ] GC(605) PSYoungGen: 219200K(227328K)->64K(211456K) Eden: 219136K(219136K)->0K(210944K) From: 64K(8192K)->64K(512K)
[244.428s][info][gc,heap        ] GC(605) ParOldGen: 269896K(503296K)->269904K(503296K)
[244.428s][info][gc,metaspace   ] GC(605) Metaspace: 35304K(35968K)->35304K(35968K) NonClass: 26103K(26624K)->26103K(26624K) Class: 9201K(9344K)->9201K(9344K)
[244.428s][info][gc             ] GC(605) Pause Young (Allocation Failure) 477M->263M(698M) 1.555ms
[244.428s][info][gc,cpu         ] GC(605) User=0.00s Sys=0.00s Real=0.00s
[244.708s][info][gc,start       ] GC(606) Pause Young (Allocation Failure)
[244.709s][info][gc,heap        ] GC(606) PSYoungGen: 211008K(211456K)->64K(210432K) Eden: 210944K(210944K)->0K(203264K) From: 64K(512K)->64K(7168K)
[244.709s][info][gc,heap        ] GC(606) ParOldGen: 269904K(503296K)->269912K(503296K)
[244.709s][info][gc,metaspace   ] GC(606) Metaspace: 35359K(36032K)->35359K(36032K) NonClass: 26158K(26688K)->26158K(26688K) Class: 9201K(9344K)->9201K(9344K)
[244.709s][info][gc             ] GC(606) Pause Young (Allocation Failure) 469M->263M(697M) 1.175ms
[244.709s][info][gc,cpu         ] GC(606) User=0.00s Sys=0.00s Real=0.00s
[245.010s][info][gc,start       ] GC(607) Pause Young (Allocation Failure)
[245.022s][info][gc,heap        ] GC(607) PSYoungGen: 203327K(210432K)->6656K(250880K) Eden: 203263K(203264K)->0K(244224K) From: 64K(7168K)->6656K(6656K)
[245.022s][info][gc,heap        ] GC(607) ParOldGen: 269912K(503296K)->270464K(503296K)
[245.022s][info][gc,metaspace   ] GC(607) Metaspace: 35359K(36032K)->35359K(36032K) NonClass: 26158K(26688K)->26158K(26688K) Class: 9201K(9344K)->9201K(9344K)
[245.022s][info][gc             ] GC(607) Pause Young (Allocation Failure) 462M->270M(736M) 12.195ms
[245.022s][info][gc,cpu         ] GC(607) User=0.02s Sys=0.00s Real=0.02s
[245.318s][info][gc,start       ] GC(608) Pause Young (Allocation Failure)
[245.361s][info][gc,heap        ] GC(608) PSYoungGen: 250880K(250880K)->8704K(275968K) Eden: 244224K(244224K)->0K(267264K) From: 6656K(6656K)->8704K(8704K)
[245.361s][info][gc,heap        ] GC(608) ParOldGen: 270464K(503296K)->289416K(503296K)
[245.361s][info][gc,metaspace   ] GC(608) Metaspace: 35359K(36032K)->35359K(36032K) NonClass: 26158K(26688K)->26158K(26688K) Class: 9201K(9344K)->9201K(9344K)
[245.361s][info][gc             ] GC(608) Pause Young (Allocation Failure) 509M->291M(761M) 43.102ms
[245.361s][info][gc,cpu         ] GC(608) User=0.08s Sys=0.00s Real=0.04s
[245.657s][info][gc,start       ] GC(609) Pause Young (Allocation Failure)
[245.712s][info][gc,heap        ] GC(609) PSYoungGen: 275968K(275968K)->17408K(301056K) Eden: 267264K(267264K)->0K(283648K) From: 8704K(8704K)->17408K(17408K)
[245.712s][info][gc,heap        ] GC(609) ParOldGen: 289416K(503296K)->300304K(503296K)
[245.712s][info][gc,metaspace   ] GC(609) Metaspace: 35359K(36032K)->35359K(36032K) NonClass: 26158K(26688K)->26158K(26688K) Class: 9201K(9344K)->9201K(9344K)
[245.712s][info][gc             ] GC(609) Pause Young (Allocation Failure) 552M->310M(785M) 55.345ms
[245.712s][info][gc,cpu         ] GC(609) User=0.10s Sys=0.01s Real=0.06s
[245.842s][info][gc,start       ] GC(610) Pause Young (Allocation Failure)
[245.846s][info][gc,heap        ] GC(610) PSYoungGen: 301056K(301056K)->64K(308736K) Eden: 283648K(283648K)->0K(283648K) From: 17408K(17408K)->64K(25088K)
[245.846s][info][gc,heap        ] GC(610) ParOldGen: 300304K(503296K)->300592K(503296K)
[245.846s][info][gc,metaspace   ] GC(610) Metaspace: 35359K(36032K)->35359K(36032K) NonClass: 26158K(26688K)->26158K(26688K) Class: 9201K(9344K)->9201K(9344K)
[245.846s][info][gc             ] GC(610) Pause Young (Allocation Failure) 587M->293M(793M) 4.275ms
[245.846s][info][gc,cpu         ] GC(610) User=0.01s Sys=0.00s Real=0.00s
[246.540s][info][gc,start       ] GC(611) Pause Young (Allocation Failure)
[246.542s][info][gc,heap        ] GC(611) PSYoungGen: 283712K(308736K)->64K(306176K) Eden: 283648K(283648K)->0K(284160K) From: 64K(25088K)->64K(22016K)
[246.542s][info][gc,heap        ] GC(611) ParOldGen: 300592K(503296K)->300608K(503296K)
[246.542s][info][gc,metaspace   ] GC(611) Metaspace: 35359K(36032K)->35359K(36032K) NonClass: 26158K(26688K)->26158K(26688K) Class: 9201K(9344K)->9201K(9344K)
[246.542s][info][gc             ] GC(611) Pause Young (Allocation Failure) 570M->293M(790M) 1.289ms
[246.542s][info][gc,cpu         ] GC(611) User=0.00s Sys=0.00s Real=0.00s
[246.888s][info][gc,start       ] GC(612) Pause Young (Allocation Failure)
[246.889s][info][gc,heap        ] GC(612) PSYoungGen: 284224K(306176K)->64K(307712K) Eden: 284160K(284160K)->0K(284160K) From: 64K(22016K)->64K(23552K)
[246.889s][info][gc,heap        ] GC(612) ParOldGen: 300608K(503296K)->300608K(503296K)
[246.889s][info][gc,metaspace   ] GC(612) Metaspace: 35359K(36032K)->35359K(36032K) NonClass: 26158K(26688K)->26158K(26688K) Class: 9201K(9344K)->9201K(9344K)
[246.889s][info][gc             ] GC(612) Pause Young (Allocation Failure) 571M->293M(792M) 1.363ms
[246.889s][info][gc,cpu         ] GC(612) User=0.01s Sys=0.00s Real=0.00s
[247.299s][info][gc,start       ] GC(613) Pause Young (Allocation Failure)
[247.300s][info][gc,heap        ] GC(613) PSYoungGen: 284224K(307712K)->64K(307712K) Eden: 284160K(284160K)->0K(287744K) From: 64K(23552K)->64K(19968K)
[247.300s][info][gc,heap        ] GC(613) ParOldGen: 300608K(503296K)->300624K(503296K)
[247.300s][info][gc,metaspace   ] GC(613) Metaspace: 35359K(36032K)->35359K(36032K) NonClass: 26158K(26688K)->26158K(26688K) Class: 9201K(9344K)->9201K(9344K)
[247.300s][info][gc             ] GC(613) Pause Young (Allocation Failure) 571M->293M(792M) 1.301ms
[247.300s][info][gc,cpu         ] GC(613) User=0.01s Sys=0.00s Real=0.00s
[247.539s][info][gc,start       ] GC(614) Pause Young (Allocation Failure)
[247.540s][info][gc,heap        ] GC(614) PSYoungGen: 287808K(307712K)->64K(309248K) Eden: 287744K(287744K)->0K(287744K) From: 64K(19968K)->64K(21504K)
[247.540s][info][gc,heap        ] GC(614) ParOldGen: 300624K(503296K)->300640K(503296K)
[247.540s][info][gc,metaspace   ] GC(614) Metaspace: 35359K(36032K)->35359K(36032K) NonClass: 26158K(26688K)->26158K(26688K) Class: 9201K(9344K)->9201K(9344K)
[247.540s][info][gc             ] GC(614) Pause Young (Allocation Failure) 574M->293M(793M) 1.148ms
[247.540s][info][gc,cpu         ] GC(614) User=0.00s Sys=0.00s Real=0.00s
[247.906s][info][gc,start       ] GC(615) Pause Young (Allocation Failure)
[247.907s][info][gc,heap        ] GC(615) PSYoungGen: 287808K(309248K)->64K(309760K) Eden: 287744K(287744K)->0K(291840K) From: 64K(21504K)->64K(17920K)
[247.907s][info][gc,heap        ] GC(615) ParOldGen: 300640K(503296K)->300640K(503296K)
[247.907s][info][gc,metaspace   ] GC(615) Metaspace: 35359K(36032K)->35359K(36032K) NonClass: 26158K(26688K)->26158K(26688K) Class: 9201K(9344K)->9201K(9344K)
[247.907s][info][gc             ] GC(615) Pause Young (Allocation Failure) 574M->293M(794M) 1.125ms
[247.907s][info][gc,cpu         ] GC(615) User=0.00s Sys=0.00s Real=0.00s
[247.963s][info][gc,start       ] GC(616) Pause Young (Allocation Failure)
[247.965s][info][gc,heap        ] GC(616) PSYoungGen: 291904K(309760K)->64K(311296K) Eden: 291840K(291840K)->0K(291840K) From: 64K(17920K)->64K(19456K)
[247.965s][info][gc,heap        ] GC(616) ParOldGen: 300640K(503296K)->300648K(503296K)
[247.965s][info][gc,metaspace   ] GC(616) Metaspace: 35359K(36032K)->35359K(36032K) NonClass: 26158K(26688K)->26158K(26688K) Class: 9201K(9344K)->9201K(9344K)
[247.965s][info][gc             ] GC(616) Pause Young (Allocation Failure) 578M->293M(795M) 1.450ms
[247.965s][info][gc,cpu         ] GC(616) User=0.01s Sys=0.00s Real=0.00s
[248.014s][info][gc,start       ] GC(617) Pause Young (Allocation Failure)
[248.016s][info][gc,heap        ] GC(617) PSYoungGen: 291904K(311296K)->32K(311808K) Eden: 291840K(291840K)->0K(295936K) From: 64K(19456K)->32K(15872K)
[248.016s][info][gc,heap        ] GC(617) ParOldGen: 300648K(503296K)->300664K(503296K)
[248.016s][info][gc,metaspace   ] GC(617) Metaspace: 35359K(36032K)->35359K(36032K) NonClass: 26158K(26688K)->26158K(26688K) Class: 9201K(9344K)->9201K(9344K)
[248.016s][info][gc             ] GC(617) Pause Young (Allocation Failure) 578M->293M(796M) 1.684ms
[248.016s][info][gc,cpu         ] GC(617) User=0.00s Sys=0.00s Real=0.00s
[248.252s][info][gc,start       ] GC(618) Pause Young (Allocation Failure)
[248.254s][info][gc,heap        ] GC(618) PSYoungGen: 295968K(311808K)->64K(313344K) Eden: 295936K(295936K)->0K(295936K) From: 32K(15872K)->64K(17408K)
[248.254s][info][gc,heap        ] GC(618) ParOldGen: 300664K(503296K)->300664K(503296K)
[248.254s][info][gc,metaspace   ] GC(618) Metaspace: 35359K(36032K)->35359K(36032K) NonClass: 26158K(26688K)->26158K(26688K) Class: 9201K(9344K)->9201K(9344K)
[248.254s][info][gc             ] GC(618) Pause Young (Allocation Failure) 582M->293M(797M) 2.260ms
[248.254s][info][gc,cpu         ] GC(618) User=0.00s Sys=0.00s Real=0.01s
[248.517s][info][gc,start       ] GC(619) Pause Young (Allocation Failure)
[248.519s][info][gc,heap        ] GC(619) PSYoungGen: 296000K(313344K)->64K(314880K) Eden: 295936K(295936K)->0K(300032K) From: 64K(17408K)->64K(14848K)
[248.519s][info][gc,heap        ] GC(619) ParOldGen: 300664K(503296K)->300680K(503296K)
[248.519s][info][gc,metaspace   ] GC(619) Metaspace: 35359K(36032K)->35359K(36032K) NonClass: 26158K(26688K)->26158K(26688K) Class: 9201K(9344K)->9201K(9344K)
[248.519s][info][gc             ] GC(619) Pause Young (Allocation Failure) 582M->293M(799M) 2.314ms
[248.519s][info][gc,cpu         ] GC(619) User=0.00s Sys=0.00s Real=0.00s
[248.639s][info][gc,start       ] GC(620) Pause Young (Allocation Failure)
[248.641s][info][gc,heap        ] GC(620) PSYoungGen: 300096K(314880K)->64K(315904K) Eden: 300032K(300032K)->0K(300032K) From: 64K(14848K)->64K(15872K)
[248.642s][info][gc,heap        ] GC(620) ParOldGen: 300680K(503296K)->300696K(503296K)
[248.642s][info][gc,metaspace   ] GC(620) Metaspace: 35359K(36032K)->35359K(36032K) NonClass: 26158K(26688K)->26158K(26688K) Class: 9201K(9344K)->9201K(9344K)
[248.642s][info][gc             ] GC(620) Pause Young (Allocation Failure) 586M->293M(800M) 2.353ms
[248.642s][info][gc,cpu         ] GC(620) User=0.00s Sys=0.00s Real=0.00s
[248.767s][info][gc,start       ] GC(621) Pause Young (Allocation Failure)
[248.769s][info][gc,heap        ] GC(621) PSYoungGen: 300096K(315904K)->64K(315904K) Eden: 300032K(300032K)->0K(303104K) From: 64K(15872K)->64K(12800K)
[248.769s][info][gc,heap        ] GC(621) ParOldGen: 300696K(503296K)->300704K(503296K)
[248.769s][info][gc,metaspace   ] GC(621) Metaspace: 35359K(36032K)->35359K(36032K) NonClass: 26158K(26688K)->26158K(26688K) Class: 9201K(9344K)->9201K(9344K)
[248.769s][info][gc             ] GC(621) Pause Young (Allocation Failure) 586M->293M(800M) 2.286ms
[248.769s][info][gc,cpu         ] GC(621) User=0.00s Sys=0.00s Real=0.00s
[249.156s][info][gc,start       ] GC(622) Pause Young (Allocation Failure)
[249.158s][info][gc,heap        ] GC(622) PSYoungGen: 303168K(315904K)->64K(316928K) Eden: 303104K(303104K)->0K(303104K) From: 64K(12800K)->64K(13824K)
[249.158s][info][gc,heap        ] GC(622) ParOldGen: 300704K(503296K)->300712K(503296K)
[249.158s][info][gc,metaspace   ] GC(622) Metaspace: 35359K(36032K)->35359K(36032K) NonClass: 26158K(26688K)->26158K(26688K) Class: 9201K(9344K)->9201K(9344K)
[249.158s][info][gc             ] GC(622) Pause Young (Allocation Failure) 589M->293M(801M) 2.179ms
[249.158s][info][gc,cpu         ] GC(622) User=0.01s Sys=0.00s Real=0.00s
[249.821s][info][gc,start       ] GC(623) Pause Young (Allocation Failure)
[249.823s][info][gc,heap        ] GC(623) PSYoungGen: 303168K(316928K)->51K(318976K) Eden: 303104K(303104K)->0K(307200K) From: 64K(13824K)->51K(11776K)
[249.823s][info][gc,heap        ] GC(623) ParOldGen: 300712K(503296K)->300720K(503296K)
[249.823s][info][gc,metaspace   ] GC(623) Metaspace: 35359K(36032K)->35359K(36032K) NonClass: 26158K(26688K)->26158K(26688K) Class: 9201K(9344K)->9201K(9344K)
[249.823s][info][gc             ] GC(623) Pause Young (Allocation Failure) 589M->293M(803M) 2.031ms
[249.823s][info][gc,cpu         ] GC(623) User=0.00s Sys=0.00s Real=0.01s
[250.800s][info][gc,start       ] GC(624) Pause Young (Allocation Failure)
[250.803s][info][gc,heap        ] GC(624) PSYoungGen: 307251K(318976K)->64K(295424K) Eden: 307200K(307200K)->0K(294912K) From: 51K(11776K)->64K(512K)
[250.803s][info][gc,heap        ] GC(624) ParOldGen: 300720K(503296K)->300728K(503296K)
[250.803s][info][gc,metaspace   ] GC(624) Metaspace: 35359K(36032K)->35359K(36032K) NonClass: 26158K(26688K)->26158K(26688K) Class: 9201K(9344K)->9201K(9344K)
[250.803s][info][gc             ] GC(624) Pause Young (Allocation Failure) 593M->293M(780M) 2.633ms
[250.803s][info][gc,cpu         ] GC(624) User=0.01s Sys=0.00s Real=0.01s
[251.300s][info][gc,start       ] GC(625) Pause Young (Allocation Failure)
[251.303s][info][gc,heap        ] GC(625) PSYoungGen: 294976K(295424K)->64K(283648K) Eden: 294912K(294912K)->0K(283136K) From: 64K(512K)->64K(512K)
[251.303s][info][gc,heap        ] GC(625) ParOldGen: 300728K(503296K)->300736K(503296K)
[251.303s][info][gc,metaspace   ] GC(625) Metaspace: 35359K(36032K)->35359K(36032K) NonClass: 26158K(26688K)->26158K(26688K) Class: 9201K(9344K)->9201K(9344K)
[251.303s][info][gc             ] GC(625) Pause Young (Allocation Failure) 581M->293M(768M) 2.578ms
[251.303s][info][gc,cpu         ] GC(625) User=0.00s Sys=0.00s Real=0.01s
[252.299s][info][gc,start       ] GC(626) Pause Young (Allocation Failure)
[252.301s][info][gc,heap        ] GC(626) PSYoungGen: 283200K(283648K)->64K(282624K) Eden: 283136K(283136K)->0K(271872K) From: 64K(512K)->64K(10752K)
[252.301s][info][gc,heap        ] GC(626) ParOldGen: 300736K(503296K)->300744K(503296K)
[252.301s][info][gc,metaspace   ] GC(626) Metaspace: 35359K(36032K)->35359K(36032K) NonClass: 26158K(26688K)->26158K(26688K) Class: 9201K(9344K)->9201K(9344K)
[252.301s][info][gc             ] GC(626) Pause Young (Allocation Failure) 570M->293M(767M) 2.206ms
[252.301s][info][gc,cpu         ] GC(626) User=0.00s Sys=0.00s Real=0.00s
[252.685s][info][gc,start       ] GC(627) Pause Young (Allocation Failure)
[252.687s][info][gc,heap        ] GC(627) PSYoungGen: 271936K(282624K)->64K(261632K) Eden: 271872K(271872K)->0K(261120K) From: 64K(10752K)->64K(512K)
[252.687s][info][gc,heap        ] GC(627) ParOldGen: 300744K(503296K)->300752K(503296K)
[252.687s][info][gc,metaspace   ] GC(627) Metaspace: 35359K(36032K)->35359K(36032K) NonClass: 26158K(26688K)->26158K(26688K) Class: 9201K(9344K)->9201K(9344K)
[252.687s][info][gc             ] GC(627) Pause Young (Allocation Failure) 559M->293M(747M) 2.711ms
[252.687s][info][gc,cpu         ] GC(627) User=0.00s Sys=0.00s Real=0.00s
[252.774s][info][gc,start       ] GC(628) Pause Young (Allocation Failure)
[252.775s][info][gc,heap        ] GC(628) PSYoungGen: 261184K(261632K)->32K(260096K) Eden: 261120K(261120K)->0K(250880K) From: 64K(512K)->32K(9216K)
[252.775s][info][gc,heap        ] GC(628) ParOldGen: 300752K(503296K)->300760K(503296K)
[252.775s][info][gc,metaspace   ] GC(628) Metaspace: 35359K(36032K)->35359K(36032K) NonClass: 26158K(26688K)->26158K(26688K) Class: 9201K(9344K)->9201K(9344K)
[252.775s][info][gc             ] GC(628) Pause Young (Allocation Failure) 548M->293M(745M) 1.739ms
[252.775s][info][gc,cpu         ] GC(628) User=0.00s Sys=0.00s Real=0.00s
[253.355s][info][gc,start       ] GC(629) Pause Young (Allocation Failure)
[253.358s][info][gc,heap        ] GC(629) PSYoungGen: 250912K(260096K)->64K(241664K) Eden: 250880K(250880K)->0K(241152K) From: 32K(9216K)->64K(512K)
[253.358s][info][gc,heap        ] GC(629) ParOldGen: 300760K(503296K)->300768K(503296K)
[253.358s][info][gc,metaspace   ] GC(629) Metaspace: 35359K(36032K)->35359K(36032K) NonClass: 26158K(26688K)->26158K(26688K) Class: 9201K(9344K)->9201K(9344K)
[253.358s][info][gc             ] GC(629) Pause Young (Allocation Failure) 538M->293M(727M) 2.565ms
[253.358s][info][gc,cpu         ] GC(629) User=0.00s Sys=0.00s Real=0.00s
[253.622s][info][gc,start       ] GC(630) Pause Young (Allocation Failure)
[253.624s][info][gc,heap        ] GC(630) PSYoungGen: 241216K(241664K)->64K(240128K) Eden: 241152K(241152K)->0K(231936K) From: 64K(512K)->64K(8192K)
[253.624s][info][gc,heap        ] GC(630) ParOldGen: 300768K(503296K)->300776K(503296K)
[253.624s][info][gc,metaspace   ] GC(630) Metaspace: 35359K(36032K)->35359K(36032K) NonClass: 26158K(26688K)->26158K(26688K) Class: 9201K(9344K)->9201K(9344K)
[253.624s][info][gc             ] GC(630) Pause Young (Allocation Failure) 529M->293M(726M) 2.160ms
[253.624s][info][gc,cpu         ] GC(630) User=0.00s Sys=0.00s Real=0.00s
[253.939s][info][gc,start       ] GC(631) Pause Young (Allocation Failure)
[253.971s][info][gc,heap        ] GC(631) PSYoungGen: 232000K(240128K)->7680K(279040K) Eden: 231936K(231936K)->0K(271360K) From: 64K(8192K)->7680K(7680K)
[253.971s][info][gc,heap        ] GC(631) ParOldGen: 300776K(503296K)->311992K(503296K)
[253.971s][info][gc,metaspace   ] GC(631) Metaspace: 35359K(36032K)->35359K(36032K) NonClass: 26158K(26688K)->26158K(26688K) Class: 9201K(9344K)->9201K(9344K)
[253.971s][info][gc             ] GC(631) Pause Young (Allocation Failure) 520M->312M(764M) 32.154ms
[253.971s][info][gc,cpu         ] GC(631) User=0.07s Sys=0.00s Real=0.03s
[254.295s][info][gc,start       ] GC(632) Pause Young (Allocation Failure)
[254.346s][info][gc,heap        ] GC(632) PSYoungGen: 279040K(279040K)->13312K(284672K) Eden: 271360K(271360K)->0K(271360K) From: 7680K(7680K)->13312K(13312K)
[254.346s][info][gc,heap        ] GC(632) ParOldGen: 311992K(503296K)->329680K(503296K)
[254.346s][info][gc,metaspace   ] GC(632) Metaspace: 35359K(36032K)->35359K(36032K) NonClass: 26158K(26688K)->26158K(26688K) Class: 9201K(9344K)->9201K(9344K)
[254.346s][info][gc             ] GC(632) Pause Young (Allocation Failure) 577M->334M(769M) 51.307ms
[254.346s][info][gc,cpu         ] GC(632) User=0.10s Sys=0.00s Real=0.05s
[254.522s][info][gc,start       ] GC(633) Pause Young (Allocation Failure)
[254.551s][info][gc,heap        ] GC(633) PSYoungGen: 284672K(284672K)->13088K(308736K) Eden: 271360K(271360K)->0K(285696K) From: 13312K(13312K)->13088K(23040K)
[254.551s][info][gc,heap        ] GC(633) ParOldGen: 329680K(503296K)->330160K(503296K)
[254.551s][info][gc,metaspace   ] GC(633) Metaspace: 35359K(36032K)->35359K(36032K) NonClass: 26158K(26688K)->26158K(26688K) Class: 9201K(9344K)->9201K(9344K)
[254.551s][info][gc             ] GC(633) Pause Young (Allocation Failure) 599M->335M(793M) 29.754ms
[254.551s][info][gc,cpu         ] GC(633) User=0.04s Sys=0.02s Real=0.03s
[254.978s][info][gc,start       ] GC(634) Pause Young (Allocation Failure)
[254.979s][info][gc,heap        ] GC(634) PSYoungGen: 298784K(308736K)->64K(309760K) Eden: 285696K(285696K)->0K(285696K) From: 13088K(23040K)->64K(24064K)
[254.979s][info][gc,heap        ] GC(634) ParOldGen: 330160K(503296K)->330168K(503296K)
[254.979s][info][gc,metaspace   ] GC(634) Metaspace: 35359K(36032K)->35359K(36032K) NonClass: 26158K(26688K)->26158K(26688K) Class: 9201K(9344K)->9201K(9344K)
[254.979s][info][gc             ] GC(634) Pause Young (Allocation Failure) 614M->322M(794M) 1.247ms
[254.979s][info][gc,cpu         ] GC(634) User=0.00s Sys=0.00s Real=0.00s
[255.529s][info][gc,start       ] GC(635) Pause Young (Allocation Failure)
[255.531s][info][gc,heap        ] GC(635) PSYoungGen: 285760K(309760K)->64K(307200K) Eden: 285696K(285696K)->0K(286208K) From: 64K(24064K)->64K(20992K)
[255.531s][info][gc,heap        ] GC(635) ParOldGen: 330168K(503296K)->330176K(503296K)
[255.531s][info][gc,metaspace   ] GC(635) Metaspace: 35359K(36032K)->35359K(36032K) NonClass: 26158K(26688K)->26158K(26688K) Class: 9201K(9344K)->9201K(9344K)
[255.531s][info][gc             ] GC(635) Pause Young (Allocation Failure) 601M->322M(791M) 1.409ms
[255.531s][info][gc,cpu         ] GC(635) User=0.00s Sys=0.00s Real=0.00s
[255.979s][info][gc,start       ] GC(636) Pause Young (Allocation Failure)
[255.980s][info][gc,heap        ] GC(636) PSYoungGen: 286272K(307200K)->64K(308736K) Eden: 286208K(286208K)->0K(286208K) From: 64K(20992K)->64K(22528K)
[255.980s][info][gc,heap        ] GC(636) ParOldGen: 330176K(503296K)->330192K(503296K)
[255.980s][info][gc,metaspace   ] GC(636) Metaspace: 35359K(36032K)->35359K(36032K) NonClass: 26158K(26688K)->26158K(26688K) Class: 9201K(9344K)->9201K(9344K)
[255.980s][info][gc             ] GC(636) Pause Young (Allocation Failure) 602M->322M(793M) 1.431ms
[255.980s][info][gc,cpu         ] GC(636) User=0.00s Sys=0.00s Real=0.00s
[256.215s][info][gc,start       ] GC(637) Pause Young (Allocation Failure)
[256.216s][info][gc,heap        ] GC(637) PSYoungGen: 286272K(308736K)->64K(308736K) Eden: 286208K(286208K)->0K(289792K) From: 64K(22528K)->64K(18944K)
[256.216s][info][gc,heap        ] GC(637) ParOldGen: 330192K(503296K)->330208K(503296K)
[256.216s][info][gc,metaspace   ] GC(637) Metaspace: 35359K(36032K)->35359K(36032K) NonClass: 26158K(26688K)->26158K(26688K) Class: 9201K(9344K)->9201K(9344K)
[256.216s][info][gc             ] GC(637) Pause Young (Allocation Failure) 602M->322M(793M) 1.171ms
[256.216s][info][gc,cpu         ] GC(637) User=0.01s Sys=0.00s Real=0.00s
[256.454s][info][gc,start       ] GC(638) Pause Young (Allocation Failure)
[256.455s][info][gc,heap        ] GC(638) PSYoungGen: 289856K(308736K)->64K(310272K) Eden: 289792K(289792K)->0K(289792K) From: 64K(18944K)->64K(20480K)
[256.455s][info][gc,heap        ] GC(638) ParOldGen: 330208K(503296K)->330208K(503296K)
[256.455s][info][gc,metaspace   ] GC(638) Metaspace: 35359K(36032K)->35359K(36032K) NonClass: 26158K(26688K)->26158K(26688K) Class: 9201K(9344K)->9201K(9344K)
[256.455s][info][gc             ] GC(638) Pause Young (Allocation Failure) 605M->322M(794M) 1.180ms
[256.455s][info][gc,cpu         ] GC(638) User=0.00s Sys=0.00s Real=0.00s
[256.731s][info][gc,start       ] GC(639) Pause Young (Allocation Failure)
[256.732s][info][gc,heap        ] GC(639) PSYoungGen: 289856K(310272K)->64K(310784K) Eden: 289792K(289792K)->0K(293376K) From: 64K(20480K)->64K(17408K)
[256.732s][info][gc,heap        ] GC(639) ParOldGen: 330208K(503296K)->330208K(503296K)
[256.732s][info][gc,metaspace   ] GC(639) Metaspace: 35359K(36032K)->35359K(36032K) NonClass: 26158K(26688K)->26158K(26688K) Class: 9201K(9344K)->9201K(9344K)
[256.732s][info][gc             ] GC(639) Pause Young (Allocation Failure) 605M->322M(795M) 1.099ms
[256.732s][info][gc,cpu         ] GC(639) User=0.00s Sys=0.00s Real=0.01s
[256.784s][info][gc,start       ] GC(640) Pause Young (Allocation Failure)
[256.785s][info][gc,heap        ] GC(640) PSYoungGen: 293440K(310784K)->64K(312320K) Eden: 293376K(293376K)->0K(293376K) From: 64K(17408K)->64K(18944K)
[256.785s][info][gc,heap        ] GC(640) ParOldGen: 330208K(503296K)->330224K(503296K)
[256.785s][info][gc,metaspace   ] GC(640) Metaspace: 35359K(36032K)->35359K(36032K) NonClass: 26158K(26688K)->26158K(26688K) Class: 9201K(9344K)->9201K(9344K)
[256.785s][info][gc             ] GC(640) Pause Young (Allocation Failure) 609M->322M(796M) 1.003ms
[256.785s][info][gc,cpu         ] GC(640) User=0.00s Sys=0.00s Real=0.00s
[256.897s][info][gc,start       ] GC(641) Pause Young (Allocation Failure)
[256.898s][info][gc,heap        ] GC(641) PSYoungGen: 293440K(312320K)->64K(312320K) Eden: 293376K(293376K)->0K(296960K) From: 64K(18944K)->64K(15360K)
[256.898s][info][gc,heap        ] GC(641) ParOldGen: 330224K(503296K)->330224K(503296K)
[256.898s][info][gc,metaspace   ] GC(641) Metaspace: 35359K(36032K)->35359K(36032K) NonClass: 26158K(26688K)->26158K(26688K) Class: 9201K(9344K)->9201K(9344K)
[256.898s][info][gc             ] GC(641) Pause Young (Allocation Failure) 609M->322M(796M) 1.064ms
[256.898s][info][gc,cpu         ] GC(641) User=0.01s Sys=0.00s Real=0.00s
[257.193s][info][gc,start       ] GC(642) Pause Young (Allocation Failure)
[257.195s][info][gc,heap        ] GC(642) PSYoungGen: 297024K(312320K)->64K(313856K) Eden: 296960K(296960K)->0K(296960K) From: 64K(15360K)->64K(16896K)
[257.195s][info][gc,heap        ] GC(642) ParOldGen: 330224K(503296K)->330240K(503296K)
[257.195s][info][gc,metaspace   ] GC(642) Metaspace: 35359K(36032K)->35359K(36032K) NonClass: 26158K(26688K)->26158K(26688K) Class: 9201K(9344K)->9201K(9344K)
[257.195s][info][gc             ] GC(642) Pause Young (Allocation Failure) 612M->322M(798M) 1.322ms
[257.195s][info][gc,cpu         ] GC(642) User=0.00s Sys=0.00s Real=0.00s
[257.385s][info][gc,start       ] GC(643) Pause Young (Allocation Failure)
[257.386s][info][gc,heap        ] GC(643) PSYoungGen: 297024K(313856K)->64K(314368K) Eden: 296960K(296960K)->0K(301056K) From: 64K(16896K)->64K(13312K)
[257.386s][info][gc,heap        ] GC(643) ParOldGen: 330240K(503296K)->330240K(503296K)
[257.386s][info][gc,metaspace   ] GC(643) Metaspace: 35359K(36032K)->35359K(36032K) NonClass: 26158K(26688K)->26158K(26688K) Class: 9201K(9344K)->9201K(9344K)
[257.386s][info][gc             ] GC(643) Pause Young (Allocation Failure) 612M->322M(798M) 1.366ms
[257.386s][info][gc,cpu         ] GC(643) User=0.00s Sys=0.00s Real=0.00s
[257.473s][info][gc,start       ] GC(644) Pause Young (Allocation Failure)
[257.474s][info][gc,heap        ] GC(644) PSYoungGen: 301120K(314368K)->64K(315904K) Eden: 301056K(301056K)->0K(301056K) From: 64K(13312K)->64K(14848K)
[257.474s][info][gc,heap        ] GC(644) ParOldGen: 330240K(503296K)->330256K(503296K)
[257.474s][info][gc,metaspace   ] GC(644) Metaspace: 35359K(36032K)->35359K(36032K) NonClass: 26158K(26688K)->26158K(26688K) Class: 9201K(9344K)->9201K(9344K)
[257.474s][info][gc             ] GC(644) Pause Young (Allocation Failure) 616M->322M(800M) 1.359ms
[257.474s][info][gc,cpu         ] GC(644) User=0.00s Sys=0.00s Real=0.00s
[257.657s][info][gc,start       ] GC(645) Pause Young (Allocation Failure)
[257.658s][info][gc,heap        ] GC(645) PSYoungGen: 301120K(315904K)->64K(316416K) Eden: 301056K(301056K)->0K(304640K) From: 64K(14848K)->64K(11776K)
[257.658s][info][gc,heap        ] GC(645) ParOldGen: 330256K(503296K)->330256K(503296K)
[257.658s][info][gc,metaspace   ] GC(645) Metaspace: 35359K(36032K)->35359K(36032K) NonClass: 26158K(26688K)->26158K(26688K) Class: 9201K(9344K)->9201K(9344K)
[257.658s][info][gc             ] GC(645) Pause Young (Allocation Failure) 616M->322M(800M) 1.410ms
[257.658s][info][gc,cpu         ] GC(645) User=0.00s Sys=0.00s Real=0.00s
[258.585s][info][gc,start       ] GC(646) Pause Young (Allocation Failure)
[258.587s][info][gc,heap        ] GC(646) PSYoungGen: 304704K(316416K)->64K(292864K) Eden: 304640K(304640K)->0K(292352K) From: 64K(11776K)->64K(512K)
[258.587s][info][gc,heap        ] GC(646) ParOldGen: 330256K(503296K)->330264K(503296K)
[258.587s][info][gc,metaspace   ] GC(646) Metaspace: 35359K(36032K)->35359K(36032K) NonClass: 26158K(26688K)->26158K(26688K) Class: 9201K(9344K)->9201K(9344K)
[258.587s][info][gc             ] GC(646) Pause Young (Allocation Failure) 620M->322M(777M) 1.756ms
[258.587s][info][gc,cpu         ] GC(646) User=0.00s Sys=0.00s Real=0.00s
[259.452s][info][gc,start       ] GC(647) Pause Young (Allocation Failure)
[259.455s][info][gc,heap        ] GC(647) PSYoungGen: 292416K(292864K)->64K(281088K) Eden: 292352K(292352K)->0K(280576K) From: 64K(512K)->64K(512K)
[259.455s][info][gc,heap        ] GC(647) ParOldGen: 330264K(503296K)->330272K(503296K)
[259.455s][info][gc,metaspace   ] GC(647) Metaspace: 35360K(36032K)->35360K(36032K) NonClass: 26159K(26688K)->26159K(26688K) Class: 9201K(9344K)->9201K(9344K)
[259.455s][info][gc             ] GC(647) Pause Young (Allocation Failure) 608M->322M(766M) 2.442ms
[259.455s][info][gc,cpu         ] GC(647) User=0.00s Sys=0.00s Real=0.00s
[259.807s][info][gc,start       ] GC(648) Pause Young (Allocation Failure)
[259.808s][info][gc,heap        ] GC(648) PSYoungGen: 280640K(281088K)->64K(281088K) Eden: 280576K(280576K)->0K(269312K) From: 64K(512K)->64K(11776K)
[259.808s][info][gc,heap        ] GC(648) ParOldGen: 330272K(503296K)->330280K(503296K)
[259.808s][info][gc,metaspace   ] GC(648) Metaspace: 35360K(36032K)->35360K(36032K) NonClass: 26159K(26688K)->26159K(26688K) Class: 9201K(9344K)->9201K(9344K)
[259.808s][info][gc             ] GC(648) Pause Young (Allocation Failure) 596M->322M(766M) 1.390ms
[259.808s][info][gc,cpu         ] GC(648) User=0.00s Sys=0.00s Real=0.00s
[260.748s][info][gc,start       ] GC(649) Pause Young (Allocation Failure)
[260.750s][info][gc,heap        ] GC(649) PSYoungGen: 269376K(281088K)->64K(259072K) Eden: 269312K(269312K)->0K(258560K) From: 64K(11776K)->64K(512K)
[260.750s][info][gc,heap        ] GC(649) ParOldGen: 330280K(503296K)->330288K(503296K)
[260.750s][info][gc,metaspace   ] GC(649) Metaspace: 35360K(36032K)->35360K(36032K) NonClass: 26159K(26688K)->26159K(26688K) Class: 9201K(9344K)->9201K(9344K)
[260.750s][info][gc             ] GC(649) Pause Young (Allocation Failure) 585M->322M(744M) 1.809ms
[260.750s][info][gc,cpu         ] GC(649) User=0.00s Sys=0.00s Real=0.00s
[261.304s][info][gc,start       ] GC(650) Pause Young (Allocation Failure)
[261.305s][info][gc,heap        ] GC(650) PSYoungGen: 258624K(259072K)->64K(258560K) Eden: 258560K(258560K)->0K(248320K) From: 64K(512K)->64K(10240K)
[261.305s][info][gc,heap        ] GC(650) ParOldGen: 330288K(503296K)->330296K(503296K)
[261.305s][info][gc,metaspace   ] GC(650) Metaspace: 35360K(36032K)->35360K(36032K) NonClass: 26159K(26688K)->26159K(26688K) Class: 9201K(9344K)->9201K(9344K)
[261.305s][info][gc             ] GC(650) Pause Young (Allocation Failure) 575M->322M(744M) 1.381ms
[261.305s][info][gc,cpu         ] GC(650) User=0.00s Sys=0.00s Real=0.00s
[261.491s][info][gc,start       ] GC(651) Pause Young (Allocation Failure)
[261.492s][info][gc,heap        ] GC(651) PSYoungGen: 248384K(258560K)->64K(239104K) Eden: 248320K(248320K)->0K(238592K) From: 64K(10240K)->64K(512K)
[261.492s][info][gc,heap        ] GC(651) ParOldGen: 330296K(503296K)->330304K(503296K)
[261.492s][info][gc,metaspace   ] GC(651) Metaspace: 35360K(36032K)->35360K(36032K) NonClass: 26159K(26688K)->26159K(26688K) Class: 9201K(9344K)->9201K(9344K)
[261.492s][info][gc             ] GC(651) Pause Young (Allocation Failure) 565M->322M(725M) 1.846ms
[261.492s][info][gc,cpu         ] GC(651) User=0.00s Sys=0.00s Real=0.01s
[261.583s][info][gc,start       ] GC(652) Pause Young (Allocation Failure)
[261.583s][info][gc,heap        ] GC(652) PSYoungGen: 238656K(239104K)->64K(238080K) Eden: 238592K(238592K)->0K(229376K) From: 64K(512K)->64K(8704K)
[261.584s][info][gc,heap        ] GC(652) ParOldGen: 330304K(503296K)->330312K(503296K)
[261.584s][info][gc,metaspace   ] GC(652) Metaspace: 35360K(36032K)->35360K(36032K) NonClass: 26159K(26688K)->26159K(26688K) Class: 9201K(9344K)->9201K(9344K)
[261.584s][info][gc             ] GC(652) Pause Young (Allocation Failure) 555M->322M(724M) 1.018ms
[261.584s][info][gc,cpu         ] GC(652) User=0.00s Sys=0.00s Real=0.00s
[262.150s][info][gc,start       ] GC(653) Pause Young (Allocation Failure)
[262.151s][info][gc,heap        ] GC(653) PSYoungGen: 229440K(238080K)->64K(221184K) Eden: 229376K(229376K)->0K(220672K) From: 64K(8704K)->64K(512K)
[262.151s][info][gc,heap        ] GC(653) ParOldGen: 330312K(503296K)->330320K(503296K)
[262.151s][info][gc,metaspace   ] GC(653) Metaspace: 35360K(36032K)->35360K(36032K) NonClass: 26159K(26688K)->26159K(26688K) Class: 9201K(9344K)->9201K(9344K)
[262.151s][info][gc             ] GC(653) Pause Young (Allocation Failure) 546M->322M(707M) 1.583ms
[262.151s][info][gc,cpu         ] GC(653) User=0.00s Sys=0.00s Real=0.00s
[262.358s][info][gc,start       ] GC(654) Pause Young (Allocation Failure)
[262.360s][info][gc,heap        ] GC(654) PSYoungGen: 220736K(221184K)->64K(220160K) Eden: 220672K(220672K)->0K(212480K) From: 64K(512K)->64K(7680K)
[262.360s][info][gc,heap        ] GC(654) ParOldGen: 330320K(503296K)->330328K(503296K)
[262.360s][info][gc,metaspace   ] GC(654) Metaspace: 35360K(36032K)->35360K(36032K) NonClass: 26159K(26688K)->26159K(26688K) Class: 9201K(9344K)->9201K(9344K)
[262.360s][info][gc             ] GC(654) Pause Young (Allocation Failure) 538M->322M(706M) 1.284ms
[262.360s][info][gc,cpu         ] GC(654) User=0.00s Sys=0.00s Real=0.00s
[262.656s][info][gc,start       ] GC(655) Pause Young (Allocation Failure)
[262.680s][info][gc,heap        ] GC(655) PSYoungGen: 212544K(220160K)->7168K(262144K) Eden: 212480K(212480K)->0K(254976K) From: 64K(7680K)->7168K(7168K)
[262.680s][info][gc,heap        ] GC(655) ParOldGen: 330328K(503296K)->337584K(503296K)
[262.680s][info][gc,metaspace   ] GC(655) Metaspace: 35360K(36032K)->35360K(36032K) NonClass: 26159K(26688K)->26159K(26688K) Class: 9201K(9344K)->9201K(9344K)
[262.680s][info][gc             ] GC(655) Pause Young (Allocation Failure) 530M->336M(747M) 23.601ms
[262.680s][info][gc,cpu         ] GC(655) User=0.04s Sys=0.00s Real=0.02s
[262.988s][info][gc,start       ] GC(656) Pause Young (Allocation Failure)
[263.039s][info][gc,heap        ] GC(656) PSYoungGen: 262144K(262144K)->11776K(269312K) Eden: 254976K(254976K)->0K(257536K) From: 7168K(7168K)->11776K(11776K)
[263.039s][info][gc,heap        ] GC(656) ParOldGen: 337584K(503296K)->354856K(503296K)
[263.039s][info][gc,metaspace   ] GC(656) Metaspace: 35360K(36032K)->35360K(36032K) NonClass: 26159K(26688K)->26159K(26688K) Class: 9201K(9344K)->9201K(9344K)
[263.039s][info][gc             ] GC(656) Pause Young (Allocation Failure) 585M->358M(754M) 51.434ms
[263.039s][info][gc,cpu         ] GC(656) User=0.09s Sys=0.00s Real=0.05s
[263.265s][info][gc,start       ] GC(657) Pause Young (Allocation Failure)
[263.307s][info][gc,heap        ] GC(657) PSYoungGen: 269312K(269312K)->19360K(305152K) Eden: 257536K(257536K)->0K(284672K) From: 11776K(11776K)->19360K(20480K)
[263.308s][info][gc,heap        ] GC(657) ParOldGen: 354856K(503296K)->355320K(503296K)
[263.308s][info][gc,metaspace   ] GC(657) Metaspace: 35360K(36032K)->35360K(36032K) NonClass: 26159K(26688K)->26159K(26688K) Class: 9201K(9344K)->9201K(9344K)
[263.308s][info][gc             ] GC(657) Pause Young (Allocation Failure) 609M->365M(789M) 42.377ms
[263.308s][info][gc,cpu         ] GC(657) User=0.07s Sys=0.02s Real=0.04s
[263.583s][info][gc,start       ] GC(658) Pause Young (Allocation Failure)
[263.584s][info][gc,heap        ] GC(658) PSYoungGen: 304032K(305152K)->64K(309248K) Eden: 284672K(284672K)->0K(284672K) From: 19360K(20480K)->64K(24576K)
[263.584s][info][gc,heap        ] GC(658) ParOldGen: 355320K(503296K)->355328K(503296K)
[263.584s][info][gc,metaspace   ] GC(658) Metaspace: 35360K(36032K)->35360K(36032K) NonClass: 26159K(26688K)->26159K(26688K) Class: 9201K(9344K)->9201K(9344K)
[263.584s][info][gc             ] GC(658) Pause Young (Allocation Failure) 643M->347M(793M) 1.313ms
[263.584s][info][gc,cpu         ] GC(658) User=0.00s Sys=0.00s Real=0.00s
[264.219s][info][gc,start       ] GC(659) Pause Young (Allocation Failure)
[264.220s][info][gc,heap        ] GC(659) PSYoungGen: 284736K(309248K)->64K(307200K) Eden: 284672K(284672K)->0K(285696K) From: 64K(24576K)->64K(21504K)
[264.220s][info][gc,heap        ] GC(659) ParOldGen: 355328K(503296K)->355336K(503296K)
[264.220s][info][gc,metaspace   ] GC(659) Metaspace: 35360K(36032K)->35360K(36032K) NonClass: 26159K(26688K)->26159K(26688K) Class: 9201K(9344K)->9201K(9344K)
[264.220s][info][gc             ] GC(659) Pause Young (Allocation Failure) 625M->347M(791M) 1.534ms
[264.220s][info][gc,cpu         ] GC(659) User=0.00s Sys=0.00s Real=0.00s
[264.685s][info][gc,start       ] GC(660) Pause Young (Allocation Failure)
[264.687s][info][gc,heap        ] GC(660) PSYoungGen: 285760K(307200K)->64K(308736K) Eden: 285696K(285696K)->0K(285696K) From: 64K(21504K)->64K(23040K)
[264.687s][info][gc,heap        ] GC(660) ParOldGen: 355336K(503296K)->355352K(503296K)
[264.687s][info][gc,metaspace   ] GC(660) Metaspace: 35360K(36032K)->35360K(36032K) NonClass: 26159K(26688K)->26159K(26688K) Class: 9201K(9344K)->9201K(9344K)
[264.687s][info][gc             ] GC(660) Pause Young (Allocation Failure) 626M->347M(793M) 1.473ms
[264.687s][info][gc,cpu         ] GC(660) User=0.01s Sys=0.00s Real=0.00s
[264.942s][info][gc,start       ] GC(661) Pause Young (Allocation Failure)
[264.944s][info][gc,heap        ] GC(661) PSYoungGen: 285760K(308736K)->64K(308224K) Eden: 285696K(285696K)->0K(288768K) From: 64K(23040K)->64K(19456K)
[264.944s][info][gc,heap        ] GC(661) ParOldGen: 355352K(503296K)->355368K(503296K)
[264.944s][info][gc,metaspace   ] GC(661) Metaspace: 35360K(36032K)->35360K(36032K) NonClass: 26159K(26688K)->26159K(26688K) Class: 9201K(9344K)->9201K(9344K)
[264.944s][info][gc             ] GC(661) Pause Young (Allocation Failure) 626M->347M(792M) 1.622ms
[264.944s][info][gc,cpu         ] GC(661) User=0.00s Sys=0.00s Real=0.00s
[265.233s][info][gc,start       ] GC(662) Pause Young (Allocation Failure)
[265.234s][info][gc,heap        ] GC(662) PSYoungGen: 288832K(308224K)->64K(309760K) Eden: 288768K(288768K)->0K(288768K) From: 64K(19456K)->64K(20992K)
[265.234s][info][gc,heap        ] GC(662) ParOldGen: 355368K(503296K)->355368K(503296K)
[265.234s][info][gc,metaspace   ] GC(662) Metaspace: 35360K(36032K)->35360K(36032K) NonClass: 26159K(26688K)->26159K(26688K) Class: 9201K(9344K)->9201K(9344K)
[265.234s][info][gc             ] GC(662) Pause Young (Allocation Failure) 629M->347M(794M) 1.451ms
[265.234s][info][gc,cpu         ] GC(662) User=0.00s Sys=0.00s Real=0.00s
[265.584s][info][gc,start       ] GC(663) Pause Young (Allocation Failure)
[265.585s][info][gc,heap        ] GC(663) PSYoungGen: 288832K(309760K)->64K(310272K) Eden: 288768K(288768K)->0K(292864K) From: 64K(20992K)->64K(17408K)
[265.585s][info][gc,heap        ] GC(663) ParOldGen: 355368K(503296K)->355368K(503296K)
[265.585s][info][gc,metaspace   ] GC(663) Metaspace: 35360K(36032K)->35360K(36032K) NonClass: 26159K(26688K)->26159K(26688K) Class: 9201K(9344K)->9201K(9344K)
[265.585s][info][gc             ] GC(663) Pause Young (Allocation Failure) 629M->347M(794M) 1.469ms
[265.585s][info][gc,cpu         ] GC(663) User=0.00s Sys=0.00s Real=0.00s
[265.639s][info][gc,start       ] GC(664) Pause Young (Allocation Failure)
[265.640s][info][gc,heap        ] GC(664) PSYoungGen: 292928K(310272K)->64K(311808K) Eden: 292864K(292864K)->0K(292864K) From: 64K(17408K)->64K(18944K)
[265.640s][info][gc,heap        ] GC(664) ParOldGen: 355368K(503296K)->355384K(503296K)
[265.640s][info][gc,metaspace   ] GC(664) Metaspace: 35360K(36032K)->35360K(36032K) NonClass: 26159K(26688K)->26159K(26688K) Class: 9201K(9344K)->9201K(9344K)
[265.640s][info][gc             ] GC(664) Pause Young (Allocation Failure) 633M->347M(796M) 1.344ms
[265.640s][info][gc,cpu         ] GC(664) User=0.00s Sys=0.00s Real=0.00s
[265.695s][info][gc,start       ] GC(665) Pause Young (Allocation Failure)
[265.696s][info][gc,heap        ] GC(665) PSYoungGen: 292928K(311808K)->64K(312320K) Eden: 292864K(292864K)->0K(296960K) From: 64K(18944K)->64K(15360K)
[265.696s][info][gc,heap        ] GC(665) ParOldGen: 355384K(503296K)->355384K(503296K)
[265.696s][info][gc,metaspace   ] GC(665) Metaspace: 35360K(36032K)->35360K(36032K) NonClass: 26159K(26688K)->26159K(26688K) Class: 9201K(9344K)->9201K(9344K)
[265.696s][info][gc             ] GC(665) Pause Young (Allocation Failure) 633M->347M(796M) 1.395ms
[265.696s][info][gc,cpu         ] GC(665) User=0.00s Sys=0.00s Real=0.00s
[265.996s][info][gc,start       ] GC(666) Pause Young (Allocation Failure)
[265.998s][info][gc,heap        ] GC(666) PSYoungGen: 297024K(312320K)->64K(313856K) Eden: 296960K(296960K)->0K(296960K) From: 64K(15360K)->64K(16896K)
[265.998s][info][gc,heap        ] GC(666) ParOldGen: 355384K(503296K)->355400K(503296K)
[265.998s][info][gc,metaspace   ] GC(666) Metaspace: 35360K(36032K)->35360K(36032K) NonClass: 26159K(26688K)->26159K(26688K) Class: 9201K(9344K)->9201K(9344K)
[265.998s][info][gc             ] GC(666) Pause Young (Allocation Failure) 637M->347M(798M) 2.040ms
[265.998s][info][gc,cpu         ] GC(666) User=0.01s Sys=0.00s Real=0.00s
[266.251s][info][gc,start       ] GC(667) Pause Young (Allocation Failure)
[266.253s][info][gc,heap        ] GC(667) PSYoungGen: 297024K(313856K)->64K(314368K) Eden: 296960K(296960K)->0K(300544K) From: 64K(16896K)->64K(13824K)
[266.253s][info][gc,heap        ] GC(667) ParOldGen: 355400K(503296K)->355400K(503296K)
[266.253s][info][gc,metaspace   ] GC(667) Metaspace: 35360K(36032K)->35360K(36032K) NonClass: 26159K(26688K)->26159K(26688K) Class: 9201K(9344K)->9201K(9344K)
[266.253s][info][gc             ] GC(667) Pause Young (Allocation Failure) 637M->347M(798M) 1.796ms
[266.253s][info][gc,cpu         ] GC(667) User=0.00s Sys=0.00s Real=0.01s
[266.342s][info][gc,start       ] GC(668) Pause Young (Allocation Failure)
[266.343s][info][gc,heap        ] GC(668) PSYoungGen: 300608K(314368K)->64K(315904K) Eden: 300544K(300544K)->0K(300544K) From: 64K(13824K)->64K(15360K)
[266.343s][info][gc,heap        ] GC(668) ParOldGen: 355400K(503296K)->355416K(503296K)
[266.343s][info][gc,metaspace   ] GC(668) Metaspace: 35360K(36032K)->35360K(36032K) NonClass: 26159K(26688K)->26159K(26688K) Class: 9201K(9344K)->9201K(9344K)
[266.343s][info][gc             ] GC(668) Pause Young (Allocation Failure) 640M->347M(800M) 1.434ms
[266.343s][info][gc,cpu         ] GC(668) User=0.00s Sys=0.00s Real=0.00s
[266.505s][info][gc,start       ] GC(669) Pause Young (Allocation Failure)
[266.506s][info][gc,heap        ] GC(669) PSYoungGen: 300608K(315904K)->64K(315904K) Eden: 300544K(300544K)->0K(304128K) From: 64K(15360K)->64K(11776K)
[266.506s][info][gc,heap        ] GC(669) ParOldGen: 355416K(503296K)->355416K(503296K)
[266.506s][info][gc,metaspace   ] GC(669) Metaspace: 35360K(36032K)->35360K(36032K) NonClass: 26159K(26688K)->26159K(26688K) Class: 9201K(9344K)->9201K(9344K)
[266.506s][info][gc             ] GC(669) Pause Young (Allocation Failure) 640M->347M(800M) 1.421ms
[266.506s][info][gc,cpu         ] GC(669) User=0.00s Sys=0.00s Real=0.00s
[266.962s][info][gc,start       ] GC(670) Pause Young (Allocation Failure)
[266.964s][info][gc,heap        ] GC(670) PSYoungGen: 304192K(315904K)->64K(292352K) Eden: 304128K(304128K)->0K(291840K) From: 64K(11776K)->64K(512K)
[266.964s][info][gc,heap        ] GC(670) ParOldGen: 355416K(503296K)->355424K(503296K)
[266.964s][info][gc,metaspace   ] GC(670) Metaspace: 35360K(36032K)->35360K(36032K) NonClass: 26159K(26688K)->26159K(26688K) Class: 9201K(9344K)->9201K(9344K)
[266.964s][info][gc             ] GC(670) Pause Young (Allocation Failure) 644M->347M(777M) 2.109ms
[266.964s][info][gc,cpu         ] GC(670) User=0.00s Sys=0.00s Real=0.00s
[268.393s][info][gc,start       ] GC(671) Pause Young (Allocation Failure)
[268.395s][info][gc,heap        ] GC(671) PSYoungGen: 291904K(292352K)->64K(280576K) Eden: 291840K(291840K)->0K(280064K) From: 64K(512K)->64K(512K)
[268.395s][info][gc,heap        ] GC(671) ParOldGen: 355424K(503296K)->355432K(503296K)
[268.395s][info][gc,metaspace   ] GC(671) Metaspace: 35360K(36032K)->35360K(36032K) NonClass: 26159K(26688K)->26159K(26688K) Class: 9201K(9344K)->9201K(9344K)
[268.395s][info][gc             ] GC(671) Pause Young (Allocation Failure) 632M->347M(765M) 1.940ms
[268.395s][info][gc,cpu         ] GC(671) User=0.00s Sys=0.01s Real=0.00s
[268.622s][info][gc,start       ] GC(672) Pause Young (Allocation Failure)
[268.624s][info][gc,heap        ] GC(672) PSYoungGen: 280128K(280576K)->64K(280576K) Eden: 280064K(280064K)->0K(268800K) From: 64K(512K)->64K(11776K)
[268.624s][info][gc,heap        ] GC(672) ParOldGen: 355432K(503296K)->355448K(503296K)
[268.624s][info][gc,metaspace   ] GC(672) Metaspace: 35360K(36032K)->35360K(36032K) NonClass: 26159K(26688K)->26159K(26688K) Class: 9201K(9344K)->9201K(9344K)
[268.624s][info][gc             ] GC(672) Pause Young (Allocation Failure) 620M->347M(765M) 2.245ms
[268.624s][info][gc,cpu         ] GC(672) User=0.00s Sys=0.00s Real=0.00s
[269.094s][info][gc,start       ] GC(673) Pause Young (Allocation Failure)
[269.097s][info][gc,heap        ] GC(673) PSYoungGen: 268864K(280576K)->64K(258560K) Eden: 268800K(268800K)->0K(258048K) From: 64K(11776K)->64K(512K)
[269.097s][info][gc,heap        ] GC(673) ParOldGen: 355448K(503296K)->355456K(503296K)
[269.097s][info][gc,metaspace   ] GC(673) Metaspace: 35360K(36032K)->35360K(36032K) NonClass: 26159K(26688K)->26159K(26688K) Class: 9201K(9344K)->9201K(9344K)
[269.097s][info][gc             ] GC(673) Pause Young (Allocation Failure) 609M->347M(744M) 2.964ms
[269.097s][info][gc,cpu         ] GC(673) User=0.00s Sys=0.00s Real=0.00s
[270.055s][info][gc,start       ] GC(674) Pause Young (Allocation Failure)
[270.057s][info][gc,heap        ] GC(674) PSYoungGen: 258112K(258560K)->64K(258048K) Eden: 258048K(258048K)->0K(247808K) From: 64K(512K)->64K(10240K)
[270.057s][info][gc,heap        ] GC(674) ParOldGen: 355456K(503296K)->355464K(503296K)
[270.057s][info][gc,metaspace   ] GC(674) Metaspace: 35360K(36032K)->35360K(36032K) NonClass: 26159K(26688K)->26159K(26688K) Class: 9201K(9344K)->9201K(9344K)
[270.057s][info][gc             ] GC(674) Pause Young (Allocation Failure) 599M->347M(743M) 2.414ms
[270.057s][info][gc,cpu         ] GC(674) User=0.01s Sys=0.00s Real=0.00s
[270.410s][info][gc,start       ] GC(675) Pause Young (Allocation Failure)
[270.413s][info][gc,heap        ] GC(675) PSYoungGen: 247872K(258048K)->64K(238592K) Eden: 247808K(247808K)->0K(238080K) From: 64K(10240K)->64K(512K)
[270.413s][info][gc,heap        ] GC(675) ParOldGen: 355464K(503296K)->355472K(503296K)
[270.413s][info][gc,metaspace   ] GC(675) Metaspace: 35360K(36032K)->35360K(36032K) NonClass: 26159K(26688K)->26159K(26688K) Class: 9201K(9344K)->9201K(9344K)
[270.413s][info][gc             ] GC(675) Pause Young (Allocation Failure) 589M->347M(724M) 3.267ms
[270.413s][info][gc,cpu         ] GC(675) User=0.00s Sys=0.00s Real=0.01s
[270.513s][info][gc,start       ] GC(676) Pause Young (Allocation Failure)
[270.515s][info][gc,heap        ] GC(676) PSYoungGen: 238144K(238592K)->64K(238080K) Eden: 238080K(238080K)->0K(228864K) From: 64K(512K)->64K(9216K)
[270.515s][info][gc,heap        ] GC(676) ParOldGen: 355472K(503296K)->355488K(503296K)
[270.515s][info][gc,metaspace   ] GC(676) Metaspace: 35360K(36032K)->35360K(36032K) NonClass: 26159K(26688K)->26159K(26688K) Class: 9201K(9344K)->9201K(9344K)
[270.515s][info][gc             ] GC(676) Pause Young (Allocation Failure) 579M->347M(724M) 2.228ms
[270.515s][info][gc,cpu         ] GC(676) User=0.00s Sys=0.00s Real=0.00s
[270.936s][info][gc,start       ] GC(677) Pause Young (Allocation Failure)
[270.939s][info][gc,heap        ] GC(677) PSYoungGen: 228928K(238080K)->64K(220672K) Eden: 228864K(228864K)->0K(220160K) From: 64K(9216K)->64K(512K)
[270.939s][info][gc,heap        ] GC(677) ParOldGen: 355488K(503296K)->355504K(503296K)
[270.939s][info][gc,metaspace   ] GC(677) Metaspace: 35360K(36032K)->35360K(36032K) NonClass: 26159K(26688K)->26159K(26688K) Class: 9201K(9344K)->9201K(9344K)
[270.939s][info][gc             ] GC(677) Pause Young (Allocation Failure) 570M->347M(707M) 3.304ms
[270.939s][info][gc,cpu         ] GC(677) User=0.00s Sys=0.00s Real=0.00s
[271.284s][info][gc,start       ] GC(678) Pause Young (Allocation Failure)
[271.287s][info][gc,heap        ] GC(678) PSYoungGen: 220224K(220672K)->64K(219648K) Eden: 220160K(220160K)->0K(211968K) From: 64K(512K)->64K(7680K)
[271.287s][info][gc,heap        ] GC(678) ParOldGen: 355504K(503296K)->355512K(503296K)
[271.287s][info][gc,metaspace   ] GC(678) Metaspace: 35360K(36032K)->35360K(36032K) NonClass: 26159K(26688K)->26159K(26688K) Class: 9201K(9344K)->9201K(9344K)
[271.287s][info][gc             ] GC(678) Pause Young (Allocation Failure) 562M->347M(706M) 2.736ms
[271.287s][info][gc,cpu         ] GC(678) User=0.00s Sys=0.00s Real=0.00s
[271.604s][info][gc,start       ] GC(679) Pause Young (Allocation Failure)
[271.615s][info][gc,heap        ] GC(679) PSYoungGen: 212032K(219648K)->5152K(260096K) Eden: 211968K(211968K)->0K(254464K) From: 64K(7680K)->5152K(5632K)
[271.615s][info][gc,heap        ] GC(679) ParOldGen: 355512K(503296K)->355528K(503296K)
[271.615s][info][gc,metaspace   ] GC(679) Metaspace: 35360K(36032K)->35360K(36032K) NonClass: 26159K(26688K)->26159K(26688K) Class: 9201K(9344K)->9201K(9344K)
[271.615s][info][gc             ] GC(679) Pause Young (Allocation Failure) 554M->352M(745M) 11.171ms
[271.615s][info][gc,cpu         ] GC(679) User=0.02s Sys=0.00s Real=0.01s
[271.915s][info][gc,start       ] GC(680) Pause Young (Allocation Failure)
[271.960s][info][gc,heap        ] GC(680) PSYoungGen: 259616K(260096K)->8192K(269824K) Eden: 254464K(254464K)->0K(261632K) From: 5152K(5632K)->8192K(8192K)
[271.960s][info][gc,heap        ] GC(680) ParOldGen: 355528K(503296K)->376136K(503296K)
[271.960s][info][gc,metaspace   ] GC(680) Metaspace: 35360K(36032K)->35360K(36032K) NonClass: 26159K(26688K)->26159K(26688K) Class: 9201K(9344K)->9201K(9344K)
[271.960s][info][gc             ] GC(680) Pause Young (Allocation Failure) 600M->375M(755M) 44.979ms
[271.960s][info][gc,cpu         ] GC(680) User=0.09s Sys=0.00s Real=0.04s
[272.267s][info][gc,start       ] GC(681) Pause Young (Allocation Failure)
[272.326s][info][gc,heap        ] GC(681) PSYoungGen: 269824K(269824K)->17920K(300544K) Eden: 261632K(261632K)->0K(282624K) From: 8192K(8192K)->17920K(17920K)
[272.326s][info][gc,heap        ] GC(681) ParOldGen: 376136K(503296K)->387488K(503296K)
[272.326s][info][gc,metaspace   ] GC(681) Metaspace: 35360K(36032K)->35360K(36032K) NonClass: 26159K(26688K)->26159K(26688K) Class: 9201K(9344K)->9201K(9344K)
[272.326s][info][gc             ] GC(681) Pause Young (Allocation Failure) 630M->395M(785M) 59.072ms
[272.326s][info][gc,cpu         ] GC(681) User=0.11s Sys=0.01s Real=0.06s
[272.433s][info][gc,start       ] GC(682) Pause Young (Allocation Failure)
[272.437s][info][gc,heap        ] GC(682) PSYoungGen: 300544K(300544K)->64K(308224K) Eden: 282624K(282624K)->0K(282624K) From: 17920K(17920K)->64K(25600K)
[272.437s][info][gc,heap        ] GC(682) ParOldGen: 387488K(503296K)->387792K(503296K)
[272.437s][info][gc,metaspace   ] GC(682) Metaspace: 35360K(36032K)->35360K(36032K) NonClass: 26159K(26688K)->26159K(26688K) Class: 9201K(9344K)->9201K(9344K)
[272.438s][info][gc             ] GC(682) Pause Young (Allocation Failure) 671M->378M(792M) 4.523ms
[272.438s][info][gc,cpu         ] GC(682) User=0.01s Sys=0.00s Real=0.00s
[273.129s][info][gc,start       ] GC(683) Pause Young (Allocation Failure)
[273.130s][info][gc,heap        ] GC(683) PSYoungGen: 282688K(308224K)->64K(305664K) Eden: 282624K(282624K)->0K(283136K) From: 64K(25600K)->64K(22528K)
[273.130s][info][gc,heap        ] GC(683) ParOldGen: 387792K(503296K)->387800K(503296K)
[273.130s][info][gc,metaspace   ] GC(683) Metaspace: 35360K(36032K)->35360K(36032K) NonClass: 26159K(26688K)->26159K(26688K) Class: 9201K(9344K)->9201K(9344K)
[273.130s][info][gc             ] GC(683) Pause Young (Allocation Failure) 654M->378M(790M) 1.677ms
[273.130s][info][gc,cpu         ] GC(683) User=0.00s Sys=0.00s Real=0.00s
[273.479s][info][gc,start       ] GC(684) Pause Young (Allocation Failure)
[273.481s][info][gc,heap        ] GC(684) PSYoungGen: 283200K(305664K)->64K(307200K) Eden: 283136K(283136K)->0K(283136K) From: 64K(22528K)->64K(24064K)
[273.481s][info][gc,heap        ] GC(684) ParOldGen: 387800K(503296K)->387808K(503296K)
[273.481s][info][gc,metaspace   ] GC(684) Metaspace: 35360K(36032K)->35360K(36032K) NonClass: 26159K(26688K)->26159K(26688K) Class: 9201K(9344K)->9201K(9344K)
[273.481s][info][gc             ] GC(684) Pause Young (Allocation Failure) 655M->378M(791M) 1.488ms
[273.481s][info][gc,cpu         ] GC(684) User=0.00s Sys=0.00s Real=0.00s
[273.918s][info][gc,start       ] GC(685) Pause Young (Allocation Failure)
[273.920s][info][gc,heap        ] GC(685) PSYoungGen: 283200K(307200K)->64K(307200K) Eden: 283136K(283136K)->0K(286720K) From: 64K(24064K)->64K(20480K)
[273.920s][info][gc,heap        ] GC(685) ParOldGen: 387808K(503296K)->387824K(503296K)
[273.920s][info][gc,metaspace   ] GC(685) Metaspace: 35360K(36032K)->35360K(36032K) NonClass: 26159K(26688K)->26159K(26688K) Class: 9201K(9344K)->9201K(9344K)
[273.920s][info][gc             ] GC(685) Pause Young (Allocation Failure) 655M->378M(791M) 1.608ms
[273.920s][info][gc,cpu         ] GC(685) User=0.00s Sys=0.00s Real=0.00s
[274.166s][info][gc,start       ] GC(686) Pause Young (Allocation Failure)
[274.167s][info][gc,heap        ] GC(686) PSYoungGen: 286784K(307200K)->64K(308736K) Eden: 286720K(286720K)->0K(286720K) From: 64K(20480K)->64K(22016K)
[274.167s][info][gc,heap        ] GC(686) ParOldGen: 387824K(503296K)->387840K(503296K)
[274.167s][info][gc,metaspace   ] GC(686) Metaspace: 35360K(36032K)->35360K(36032K) NonClass: 26159K(26688K)->26159K(26688K) Class: 9201K(9344K)->9201K(9344K)
[274.167s][info][gc             ] GC(686) Pause Young (Allocation Failure) 658M->378M(793M) 1.577ms
[274.167s][info][gc,cpu         ] GC(686) User=0.01s Sys=0.00s Real=0.00s
[274.537s][info][gc,start       ] GC(687) Pause Young (Allocation Failure)
[274.538s][info][gc,heap        ] GC(687) PSYoungGen: 286784K(308736K)->64K(309248K) Eden: 286720K(286720K)->0K(290816K) From: 64K(22016K)->64K(18432K)
[274.538s][info][gc,heap        ] GC(687) ParOldGen: 387840K(503296K)->387840K(503296K)
[274.538s][info][gc,metaspace   ] GC(687) Metaspace: 35360K(36032K)->35360K(36032K) NonClass: 26159K(26688K)->26159K(26688K) Class: 9201K(9344K)->9201K(9344K)
[274.538s][info][gc             ] GC(687) Pause Young (Allocation Failure) 658M->378M(793M) 1.484ms
[274.538s][info][gc,cpu         ] GC(687) User=0.01s Sys=0.00s Real=0.00s
[274.612s][info][gc,start       ] GC(688) Pause Young (Allocation Failure)
[274.614s][info][gc,heap        ] GC(688) PSYoungGen: 290880K(309248K)->64K(310784K) Eden: 290816K(290816K)->0K(290816K) From: 64K(18432K)->64K(19968K)
[274.614s][info][gc,heap        ] GC(688) ParOldGen: 387840K(503296K)->387848K(503296K)
[274.614s][info][gc,metaspace   ] GC(688) Metaspace: 35360K(36032K)->35360K(36032K) NonClass: 26159K(26688K)->26159K(26688K) Class: 9201K(9344K)->9201K(9344K)
[274.614s][info][gc             ] GC(688) Pause Young (Allocation Failure) 662M->378M(795M) 1.464ms
[274.614s][info][gc,cpu         ] GC(688) User=0.00s Sys=0.00s Real=0.00s
[274.665s][info][gc,start       ] GC(689) Pause Young (Allocation Failure)
[274.667s][info][gc,heap        ] GC(689) PSYoungGen: 290880K(310784K)->64K(311296K) Eden: 290816K(290816K)->0K(294912K) From: 64K(19968K)->64K(16384K)
[274.667s][info][gc,heap        ] GC(689) ParOldGen: 387848K(503296K)->387864K(503296K)
[274.667s][info][gc,metaspace   ] GC(689) Metaspace: 35360K(36032K)->35360K(36032K) NonClass: 26159K(26688K)->26159K(26688K) Class: 9201K(9344K)->9201K(9344K)
[274.667s][info][gc             ] GC(689) Pause Young (Allocation Failure) 662M->378M(795M) 1.461ms
[274.667s][info][gc,cpu         ] GC(689) User=0.00s Sys=0.00s Real=0.00s
[274.884s][info][gc,start       ] GC(690) Pause Young (Allocation Failure)
[274.886s][info][gc,heap        ] GC(690) PSYoungGen: 294976K(311296K)->64K(312832K) Eden: 294912K(294912K)->0K(294912K) From: 64K(16384K)->64K(17920K)
[274.886s][info][gc,heap        ] GC(690) ParOldGen: 387864K(503296K)->387864K(503296K)
[274.886s][info][gc,metaspace   ] GC(690) Metaspace: 35360K(36032K)->35360K(36032K) NonClass: 26159K(26688K)->26159K(26688K) Class: 9201K(9344K)->9201K(9344K)
[274.886s][info][gc             ] GC(690) Pause Young (Allocation Failure) 666M->378M(797M) 1.469ms
[274.886s][info][gc,cpu         ] GC(690) User=0.00s Sys=0.00s Real=0.00s
[275.147s][info][gc,start       ] GC(691) Pause Young (Allocation Failure)
[275.149s][info][gc,heap        ] GC(691) PSYoungGen: 294976K(312832K)->64K(313344K) Eden: 294912K(294912K)->0K(299008K) From: 64K(17920K)->64K(14336K)
[275.149s][info][gc,heap        ] GC(691) ParOldGen: 387864K(503296K)->387872K(503296K)
[275.149s][info][gc,metaspace   ] GC(691) Metaspace: 35360K(36032K)->35360K(36032K) NonClass: 26159K(26688K)->26159K(26688K) Class: 9201K(9344K)->9201K(9344K)
[275.149s][info][gc             ] GC(691) Pause Young (Allocation Failure) 666M->378M(797M) 1.507ms
[275.149s][info][gc,cpu         ] GC(691) User=0.00s Sys=0.00s Real=0.00s
[275.278s][info][gc,start       ] GC(692) Pause Young (Allocation Failure)
[275.280s][info][gc,heap        ] GC(692) PSYoungGen: 299072K(313344K)->64K(314880K) Eden: 299008K(299008K)->0K(299008K) From: 64K(14336K)->64K(15872K)
[275.280s][info][gc,heap        ] GC(692) ParOldGen: 387872K(503296K)->387880K(503296K)
[275.280s][info][gc,metaspace   ] GC(692) Metaspace: 35360K(36032K)->35360K(36032K) NonClass: 26159K(26688K)->26159K(26688K) Class: 9201K(9344K)->9201K(9344K)
[275.280s][info][gc             ] GC(692) Pause Young (Allocation Failure) 670M->378M(799M) 1.628ms
[275.280s][info][gc,cpu         ] GC(692) User=0.00s Sys=0.00s Real=0.00s
[275.398s][info][gc,start       ] GC(693) Pause Young (Allocation Failure)
[275.401s][info][gc,heap        ] GC(693) PSYoungGen: 299072K(314880K)->64K(315392K) Eden: 299008K(299008K)->0K(303104K) From: 64K(15872K)->64K(12288K)
[275.401s][info][gc,heap        ] GC(693) ParOldGen: 387880K(503296K)->387888K(503296K)
[275.401s][info][gc,metaspace   ] GC(693) Metaspace: 35360K(36032K)->35360K(36032K) NonClass: 26159K(26688K)->26159K(26688K) Class: 9201K(9344K)->9201K(9344K)
[275.401s][info][gc             ] GC(693) Pause Young (Allocation Failure) 670M->378M(799M) 2.650ms
[275.401s][info][gc,cpu         ] GC(693) User=0.00s Sys=0.00s Real=0.00s
[275.778s][info][gc,start       ] GC(694) Pause Young (Allocation Failure)
[275.780s][info][gc,heap        ] GC(694) PSYoungGen: 303168K(315392K)->64K(316928K) Eden: 303104K(303104K)->0K(303104K) From: 64K(12288K)->64K(13824K)
[275.780s][info][gc,heap        ] GC(694) ParOldGen: 387888K(503296K)->387896K(503296K)
[275.780s][info][gc,metaspace   ] GC(694) Metaspace: 35360K(36032K)->35360K(36032K) NonClass: 26159K(26688K)->26159K(26688K) Class: 9201K(9344K)->9201K(9344K)
[275.780s][info][gc             ] GC(694) Pause Young (Allocation Failure) 674M->378M(801M) 2.743ms
[275.780s][info][gc,cpu         ] GC(694) User=0.01s Sys=0.00s Real=0.00s
[276.504s][info][gc,start       ] GC(695) Pause Young (Allocation Failure)
[276.506s][info][gc,heap        ] GC(695) PSYoungGen: 303168K(316928K)->102K(317440K) Eden: 303104K(303104K)->0K(306688K) From: 64K(13824K)->102K(10752K)
[276.506s][info][gc,heap        ] GC(695) ParOldGen: 387896K(503296K)->387904K(503296K)
[276.506s][info][gc,metaspace   ] GC(695) Metaspace: 35360K(36032K)->35360K(36032K) NonClass: 26159K(26688K)->26159K(26688K) Class: 9201K(9344K)->9201K(9344K)
[276.506s][info][gc             ] GC(695) Pause Young (Allocation Failure) 674M->378M(801M) 2.672ms
[276.506s][info][gc,cpu         ] GC(695) User=0.00s Sys=0.00s Real=0.00s
[277.455s][info][gc,start       ] GC(696) Pause Young (Allocation Failure)
[277.459s][info][gc,heap        ] GC(696) PSYoungGen: 306790K(317440K)->64K(294912K) Eden: 306688K(306688K)->0K(294400K) From: 102K(10752K)->64K(512K)
[277.459s][info][gc,heap        ] GC(696) ParOldGen: 387904K(503296K)->387912K(503296K)
[277.459s][info][gc,metaspace   ] GC(696) Metaspace: 35360K(36032K)->35360K(36032K) NonClass: 26159K(26688K)->26159K(26688K) Class: 9201K(9344K)->9201K(9344K)
[277.459s][info][gc             ] GC(696) Pause Young (Allocation Failure) 678M->378M(779M) 3.323ms
[277.459s][info][gc,cpu         ] GC(696) User=0.01s Sys=0.00s Real=0.00s
[277.919s][info][gc,start       ] GC(697) Pause Young (Allocation Failure)
[277.922s][info][gc,heap        ] GC(697) PSYoungGen: 294464K(294912K)->64K(283136K) Eden: 294400K(294400K)->0K(282624K) From: 64K(512K)->64K(512K)
[277.922s][info][gc,heap        ] GC(697) ParOldGen: 387912K(503296K)->387920K(503296K)
[277.922s][info][gc,metaspace   ] GC(697) Metaspace: 35360K(36032K)->35360K(36032K) NonClass: 26159K(26688K)->26159K(26688K) Class: 9201K(9344K)->9201K(9344K)
[277.922s][info][gc             ] GC(697) Pause Young (Allocation Failure) 666M->378M(768M) 3.262ms
[277.922s][info][gc,cpu         ] GC(697) User=0.00s Sys=0.00s Real=0.01s
[278.964s][info][gc,start       ] GC(698) Pause Young (Allocation Failure)
[278.966s][info][gc,heap        ] GC(698) PSYoungGen: 282688K(283136K)->64K(282112K) Eden: 282624K(282624K)->0K(271360K) From: 64K(512K)->64K(10752K)
[278.966s][info][gc,heap        ] GC(698) ParOldGen: 387920K(503296K)->387928K(503296K)
[278.966s][info][gc,metaspace   ] GC(698) Metaspace: 35360K(36032K)->35360K(36032K) NonClass: 26159K(26688K)->26159K(26688K) Class: 9201K(9344K)->9201K(9344K)
[278.966s][info][gc             ] GC(698) Pause Young (Allocation Failure) 654M->378M(767M) 2.513ms
[278.966s][info][gc,cpu         ] GC(698) User=0.00s Sys=0.00s Real=0.00s
[279.337s][info][gc,start       ] GC(699) Pause Young (Allocation Failure)
[279.339s][info][gc,heap        ] GC(699) PSYoungGen: 271424K(282112K)->64K(261120K) Eden: 271360K(271360K)->0K(260608K) From: 64K(10752K)->64K(512K)
[279.339s][info][gc,heap        ] GC(699) ParOldGen: 387928K(503296K)->387936K(503296K)
[279.339s][info][gc,metaspace   ] GC(699) Metaspace: 35360K(36032K)->35360K(36032K) NonClass: 26159K(26688K)->26159K(26688K) Class: 9201K(9344K)->9201K(9344K)
[279.339s][info][gc             ] GC(699) Pause Young (Allocation Failure) 643M->378M(746M) 2.234ms
[279.339s][info][gc,cpu         ] GC(699) User=0.00s Sys=0.00s Real=0.00s
[279.441s][info][gc,start       ] GC(700) Pause Young (Allocation Failure)
[279.442s][info][gc,heap        ] GC(700) PSYoungGen: 260672K(261120K)->64K(259584K) Eden: 260608K(260608K)->0K(250368K) From: 64K(512K)->64K(9216K)
[279.442s][info][gc,heap        ] GC(700) ParOldGen: 387936K(503296K)->387944K(503296K)
[279.442s][info][gc,metaspace   ] GC(700) Metaspace: 35360K(36032K)->35360K(36032K) NonClass: 26159K(26688K)->26159K(26688K) Class: 9201K(9344K)->9201K(9344K)
[279.442s][info][gc             ] GC(700) Pause Young (Allocation Failure) 633M->378M(745M) 1.174ms
[279.442s][info][gc,cpu         ] GC(700) User=0.00s Sys=0.00s Real=0.01s
[279.985s][info][gc,start       ] GC(701) Pause Young (Allocation Failure)
[279.987s][info][gc,heap        ] GC(701) PSYoungGen: 250432K(259584K)->64K(241152K) Eden: 250368K(250368K)->0K(240640K) From: 64K(9216K)->64K(512K)
[279.987s][info][gc,heap        ] GC(701) ParOldGen: 387944K(503296K)->387952K(503296K)
[279.987s][info][gc,metaspace   ] GC(701) Metaspace: 35360K(36032K)->35360K(36032K) NonClass: 26159K(26688K)->26159K(26688K) Class: 9201K(9344K)->9201K(9344K)
[279.987s][info][gc             ] GC(701) Pause Young (Allocation Failure) 623M->378M(727M) 2.077ms
[279.987s][info][gc,cpu         ] GC(701) User=0.00s Sys=0.00s Real=0.00s
[280.252s][info][gc,start       ] GC(702) Pause Young (Allocation Failure)
[280.254s][info][gc,heap        ] GC(702) PSYoungGen: 240704K(241152K)->64K(239616K) Eden: 240640K(240640K)->0K(231424K) From: 64K(512K)->64K(8192K)
[280.254s][info][gc,heap        ] GC(702) ParOldGen: 387952K(503296K)->387960K(503296K)
[280.254s][info][gc,metaspace   ] GC(702) Metaspace: 35360K(36032K)->35360K(36032K) NonClass: 26159K(26688K)->26159K(26688K) Class: 9201K(9344K)->9201K(9344K)
[280.254s][info][gc             ] GC(702) Pause Young (Allocation Failure) 613M->378M(725M) 1.484ms
[280.254s][info][gc,cpu         ] GC(702) User=0.00s Sys=0.00s Real=0.00s
[280.593s][info][gc,start       ] GC(703) Pause Young (Allocation Failure)
[280.620s][info][gc,heap        ] GC(703) PSYoungGen: 231488K(239616K)->7680K(280064K) Eden: 231424K(231424K)->0K(272384K) From: 64K(8192K)->7680K(7680K)
[280.620s][info][gc,heap        ] GC(703) ParOldGen: 387960K(503296K)->395768K(503296K)
[280.620s][info][gc,metaspace   ] GC(703) Metaspace: 35360K(36032K)->35360K(36032K) NonClass: 26159K(26688K)->26159K(26688K) Class: 9201K(9344K)->9201K(9344K)
[280.620s][info][gc             ] GC(703) Pause Young (Allocation Failure) 604M->393M(765M) 27.301ms
[280.620s][info][gc,cpu         ] GC(703) User=0.05s Sys=0.00s Real=0.02s
[280.949s][info][gc,start       ] GC(704) Pause Young (Allocation Failure)
[281.001s][info][gc,heap        ] GC(704) PSYoungGen: 280064K(280064K)->12288K(284672K) Eden: 272384K(272384K)->0K(272384K) From: 7680K(7680K)->12288K(12288K)
[281.001s][info][gc,heap        ] GC(704) ParOldGen: 395768K(503296K)->414512K(503296K)
[281.001s][info][gc,metaspace   ] GC(704) Metaspace: 35360K(36032K)->35360K(36032K) NonClass: 26159K(26688K)->26159K(26688K) Class: 9201K(9344K)->9201K(9344K)
[281.001s][info][gc             ] GC(704) Pause Young (Allocation Failure) 659M->416M(769M) 52.018ms
[281.001s][info][gc,cpu         ] GC(704) User=0.10s Sys=0.00s Real=0.05s
[281.208s][info][gc,start       ] GC(705) Pause Young (Allocation Failure)
[281.247s][info][gc,heap        ] GC(705) PSYoungGen: 284672K(284672K)->16352K(306688K) Eden: 272384K(272384K)->0K(284672K) From: 12288K(12288K)->16352K(22016K)
[281.247s][info][gc,heap        ] GC(705) ParOldGen: 414512K(503296K)->415024K(503296K)
[281.247s][info][gc,metaspace   ] GC(705) Metaspace: 35360K(36032K)->35360K(36032K) NonClass: 26159K(26688K)->26159K(26688K) Class: 9201K(9344K)->9201K(9344K)
[281.247s][info][gc             ] GC(705) Pause Young (Allocation Failure) 682M->421M(791M) 39.145ms
[281.247s][info][gc,cpu         ] GC(705) User=0.07s Sys=0.01s Real=0.04s
[281.617s][info][gc,start       ] GC(706) Pause Young (Allocation Failure)
[281.619s][info][gc,heap        ] GC(706) PSYoungGen: 301024K(306688K)->64K(309248K) Eden: 284672K(284672K)->0K(284672K) From: 16352K(22016K)->64K(24576K)
[281.619s][info][gc,heap        ] GC(706) ParOldGen: 415024K(503296K)->415032K(503296K)
[281.619s][info][gc,metaspace   ] GC(706) Metaspace: 35360K(36032K)->35360K(36032K) NonClass: 26159K(26688K)->26159K(26688K) Class: 9201K(9344K)->9201K(9344K)
[281.619s][info][gc             ] GC(706) Pause Young (Allocation Failure) 699M->405M(793M) 1.489ms
[281.619s][info][gc,cpu         ] GC(706) User=0.00s Sys=0.00s Real=0.00s
[282.212s][info][gc,start       ] GC(707) Pause Young (Allocation Failure)
[282.213s][info][gc,heap        ] GC(707) PSYoungGen: 284736K(309248K)->64K(307200K) Eden: 284672K(284672K)->0K(285696K) From: 64K(24576K)->64K(21504K)
[282.213s][info][gc,heap        ] GC(707) ParOldGen: 415032K(503296K)->415040K(503296K)
[282.213s][info][gc,metaspace   ] GC(707) Metaspace: 35360K(36032K)->35360K(36032K) NonClass: 26159K(26688K)->26159K(26688K) Class: 9201K(9344K)->9201K(9344K)
[282.213s][info][gc             ] GC(707) Pause Young (Allocation Failure) 683M->405M(791M) 1.560ms
[282.213s][info][gc,cpu         ] GC(707) User=0.00s Sys=0.00s Real=0.01s
[282.676s][info][gc,start       ] GC(708) Pause Young (Allocation Failure)
[282.677s][info][gc,heap        ] GC(708) PSYoungGen: 285760K(307200K)->64K(308736K) Eden: 285696K(285696K)->0K(285696K) From: 64K(21504K)->64K(23040K)
[282.677s][info][gc,heap        ] GC(708) ParOldGen: 415040K(503296K)->415056K(503296K)
[282.677s][info][gc,metaspace   ] GC(708) Metaspace: 35360K(36032K)->35360K(36032K) NonClass: 26159K(26688K)->26159K(26688K) Class: 9201K(9344K)->9201K(9344K)
[282.677s][info][gc             ] GC(708) Pause Young (Allocation Failure) 684M->405M(793M) 1.604ms
[282.677s][info][gc,cpu         ] GC(708) User=0.01s Sys=0.00s Real=0.00s
[282.919s][info][gc,start       ] GC(709) Pause Young (Allocation Failure)
[282.920s][info][gc,heap        ] GC(709) PSYoungGen: 285760K(308736K)->64K(308224K) Eden: 285696K(285696K)->0K(288768K) From: 64K(23040K)->64K(19456K)
[282.920s][info][gc,heap        ] GC(709) ParOldGen: 415056K(503296K)->415072K(503296K)
[282.920s][info][gc,metaspace   ] GC(709) Metaspace: 35360K(36032K)->35360K(36032K) NonClass: 26159K(26688K)->26159K(26688K) Class: 9201K(9344K)->9201K(9344K)
[282.920s][info][gc             ] GC(709) Pause Young (Allocation Failure) 684M->405M(792M) 1.582ms
[282.920s][info][gc,cpu         ] GC(709) User=0.00s Sys=0.00s Real=0.00s
[283.162s][info][gc,start       ] GC(710) Pause Young (Allocation Failure)
[283.163s][info][gc,heap        ] GC(710) PSYoungGen: 288832K(308224K)->64K(309760K) Eden: 288768K(288768K)->0K(288768K) From: 64K(19456K)->64K(20992K)
[283.163s][info][gc,heap        ] GC(710) ParOldGen: 415072K(503296K)->415072K(503296K)
[283.163s][info][gc,metaspace   ] GC(710) Metaspace: 35360K(36032K)->35360K(36032K) NonClass: 26159K(26688K)->26159K(26688K) Class: 9201K(9344K)->9201K(9344K)
[283.163s][info][gc             ] GC(710) Pause Young (Allocation Failure) 687M->405M(794M) 1.508ms
[283.163s][info][gc,cpu         ] GC(710) User=0.00s Sys=0.00s Real=0.01s
[283.471s][info][gc,start       ] GC(711) Pause Young (Allocation Failure)
[283.472s][info][gc,heap        ] GC(711) PSYoungGen: 288832K(309760K)->64K(310272K) Eden: 288768K(288768K)->0K(292864K) From: 64K(20992K)->64K(17408K)
[283.472s][info][gc,heap        ] GC(711) ParOldGen: 415072K(503296K)->415072K(503296K)
[283.472s][info][gc,metaspace   ] GC(711) Metaspace: 35360K(36032K)->35360K(36032K) NonClass: 26159K(26688K)->26159K(26688K) Class: 9201K(9344K)->9201K(9344K)
[283.473s][info][gc             ] GC(711) Pause Young (Allocation Failure) 687M->405M(794M) 1.563ms
[283.473s][info][gc,cpu         ] GC(711) User=0.00s Sys=0.00s Real=0.01s
[283.525s][info][gc,start       ] GC(712) Pause Young (Allocation Failure)
[283.526s][info][gc,heap        ] GC(712) PSYoungGen: 292928K(310272K)->64K(311808K) Eden: 292864K(292864K)->0K(292864K) From: 64K(17408K)->64K(18944K)
[283.526s][info][gc,heap        ] GC(712) ParOldGen: 415072K(503296K)->415088K(503296K)
[283.526s][info][gc,metaspace   ] GC(712) Metaspace: 35360K(36032K)->35360K(36032K) NonClass: 26159K(26688K)->26159K(26688K) Class: 9201K(9344K)->9201K(9344K)
[283.526s][info][gc             ] GC(712) Pause Young (Allocation Failure) 691M->405M(796M) 1.531ms
[283.526s][info][gc,cpu         ] GC(712) User=0.01s Sys=0.00s Real=0.00s
[283.615s][info][gc,start       ] GC(713) Pause Young (Allocation Failure)
[283.617s][info][gc,heap        ] GC(713) PSYoungGen: 292928K(311808K)->64K(312320K) Eden: 292864K(292864K)->0K(296960K) From: 64K(18944K)->64K(15360K)
[283.617s][info][gc,heap        ] GC(713) ParOldGen: 415088K(503296K)->415088K(503296K)
[283.617s][info][gc,metaspace   ] GC(713) Metaspace: 35360K(36032K)->35360K(36032K) NonClass: 26159K(26688K)->26159K(26688K) Class: 9201K(9344K)->9201K(9344K)
[283.617s][info][gc             ] GC(713) Pause Young (Allocation Failure) 691M->405M(796M) 1.525ms
[283.617s][info][gc,cpu         ] GC(713) User=0.00s Sys=0.00s Real=0.00s
[283.913s][info][gc,start       ] GC(714) Pause Young (Allocation Failure)
[283.915s][info][gc,heap        ] GC(714) PSYoungGen: 297024K(312320K)->32K(313856K) Eden: 296960K(296960K)->0K(296960K) From: 64K(15360K)->32K(16896K)
[283.915s][info][gc,heap        ] GC(714) ParOldGen: 415088K(503296K)->415104K(503296K)
[283.915s][info][gc,metaspace   ] GC(714) Metaspace: 35360K(36032K)->35360K(36032K) NonClass: 26159K(26688K)->26159K(26688K) Class: 9201K(9344K)->9201K(9344K)
[283.915s][info][gc             ] GC(714) Pause Young (Allocation Failure) 695M->405M(798M) 1.530ms
[283.915s][info][gc,cpu         ] GC(714) User=0.00s Sys=0.00s Real=0.00s
[284.125s][info][gc,start       ] GC(715) Pause Young (Allocation Failure)
[284.127s][info][gc,heap        ] GC(715) PSYoungGen: 296992K(313856K)->64K(314368K) Eden: 296960K(296960K)->0K(300544K) From: 32K(16896K)->64K(13824K)
[284.127s][info][gc,heap        ] GC(715) ParOldGen: 415104K(503296K)->415104K(503296K)
[284.127s][info][gc,metaspace   ] GC(715) Metaspace: 35360K(36032K)->35360K(36032K) NonClass: 26159K(26688K)->26159K(26688K) Class: 9201K(9344K)->9201K(9344K)
[284.127s][info][gc             ] GC(715) Pause Young (Allocation Failure) 695M->405M(798M) 1.571ms
[284.127s][info][gc,cpu         ] GC(715) User=0.01s Sys=0.00s Real=0.00s
[284.211s][info][gc,start       ] GC(716) Pause Young (Allocation Failure)
[284.213s][info][gc,heap        ] GC(716) PSYoungGen: 300608K(314368K)->64K(315904K) Eden: 300544K(300544K)->0K(300544K) From: 64K(13824K)->64K(15360K)
[284.213s][info][gc,heap        ] GC(716) ParOldGen: 415104K(503296K)->415120K(503296K)
[284.213s][info][gc,metaspace   ] GC(716) Metaspace: 35360K(36032K)->35360K(36032K) NonClass: 26159K(26688K)->26159K(26688K) Class: 9201K(9344K)->9201K(9344K)
[284.213s][info][gc             ] GC(716) Pause Young (Allocation Failure) 698M->405M(800M) 1.548ms
[284.213s][info][gc,cpu         ] GC(716) User=0.00s Sys=0.00s Real=0.01s
[284.382s][info][gc,start       ] GC(717) Pause Young (Allocation Failure)
[284.383s][info][gc,heap        ] GC(717) PSYoungGen: 300608K(315904K)->64K(315904K) Eden: 300544K(300544K)->0K(304128K) From: 64K(15360K)->64K(11776K)
[284.383s][info][gc,heap        ] GC(717) ParOldGen: 415120K(503296K)->415120K(503296K)
[284.383s][info][gc,metaspace   ] GC(717) Metaspace: 35360K(36032K)->35360K(36032K) NonClass: 26159K(26688K)->26159K(26688K) Class: 9201K(9344K)->9201K(9344K)
[284.383s][info][gc             ] GC(717) Pause Young (Allocation Failure) 698M->405M(800M) 1.571ms
[284.383s][info][gc,cpu         ] GC(717) User=0.00s Sys=0.00s Real=0.00s
[285.361s][info][gc,start       ] GC(718) Pause Young (Allocation Failure)
[285.363s][info][gc,heap        ] GC(718) PSYoungGen: 304192K(315904K)->64K(292352K) Eden: 304128K(304128K)->0K(291840K) From: 64K(11776K)->64K(512K)
[285.363s][info][gc,heap        ] GC(718) ParOldGen: 415120K(503296K)->415128K(503296K)
[285.363s][info][gc,metaspace   ] GC(718) Metaspace: 35360K(36032K)->35360K(36032K) NonClass: 26159K(26688K)->26159K(26688K) Class: 9201K(9344K)->9201K(9344K)
[285.363s][info][gc             ] GC(718) Pause Young (Allocation Failure) 702M->405M(777M) 2.170ms
[285.363s][info][gc,cpu         ] GC(718) User=0.00s Sys=0.00s Real=0.01s
[286.237s][info][gc,start       ] GC(719) Pause Young (Allocation Failure)
[286.239s][info][gc,heap        ] GC(719) PSYoungGen: 291904K(292352K)->64K(280576K) Eden: 291840K(291840K)->0K(280064K) From: 64K(512K)->64K(512K)
[286.239s][info][gc,heap        ] GC(719) ParOldGen: 415128K(503296K)->415136K(503296K)
[286.239s][info][gc,metaspace   ] GC(719) Metaspace: 35360K(36032K)->35360K(36032K) NonClass: 26159K(26688K)->26159K(26688K) Class: 9201K(9344K)->9201K(9344K)
[286.239s][info][gc             ] GC(719) Pause Young (Allocation Failure) 690M->405M(765M) 2.139ms
[286.239s][info][gc,cpu         ] GC(719) User=0.00s Sys=0.00s Real=0.00s
[286.534s][info][gc,start       ] GC(720) Pause Young (Allocation Failure)
[286.535s][info][gc,heap        ] GC(720) PSYoungGen: 280128K(280576K)->64K(280576K) Eden: 280064K(280064K)->0K(268800K) From: 64K(512K)->64K(11776K)
[286.535s][info][gc,heap        ] GC(720) ParOldGen: 415136K(503296K)->415144K(503296K)
[286.535s][info][gc,metaspace   ] GC(720) Metaspace: 35360K(36032K)->35360K(36032K) NonClass: 26159K(26688K)->26159K(26688K) Class: 9201K(9344K)->9201K(9344K)
[286.535s][info][gc             ] GC(720) Pause Young (Allocation Failure) 678M->405M(765M) 1.513ms
[286.535s][info][gc,cpu         ] GC(720) User=0.00s Sys=0.00s Real=0.00s
[286.971s][info][gc,start       ] GC(721) Pause Young (Allocation Failure)
[286.973s][info][gc,heap        ] GC(721) PSYoungGen: 268864K(280576K)->64K(258560K) Eden: 268800K(268800K)->0K(258048K) From: 64K(11776K)->64K(512K)
[286.973s][info][gc,heap        ] GC(721) ParOldGen: 415144K(503296K)->415152K(503296K)
[286.973s][info][gc,metaspace   ] GC(721) Metaspace: 35360K(36032K)->35360K(36032K) NonClass: 26159K(26688K)->26159K(26688K) Class: 9201K(9344K)->9201K(9344K)
[286.973s][info][gc             ] GC(721) Pause Young (Allocation Failure) 667M->405M(744M) 2.155ms
[286.973s][info][gc,cpu         ] GC(721) User=0.01s Sys=0.00s Real=0.01s
[287.919s][info][gc,start       ] GC(722) Pause Young (Allocation Failure)
[287.921s][info][gc,heap        ] GC(722) PSYoungGen: 258112K(258560K)->64K(258048K) Eden: 258048K(258048K)->0K(247808K) From: 64K(512K)->64K(10240K)
[287.921s][info][gc,heap        ] GC(722) ParOldGen: 415152K(503296K)->415160K(503296K)
[287.921s][info][gc,metaspace   ] GC(722) Metaspace: 35360K(36032K)->35360K(36032K) NonClass: 26159K(26688K)->26159K(26688K) Class: 9201K(9344K)->9201K(9344K)
[287.921s][info][gc             ] GC(722) Pause Young (Allocation Failure) 657M->405M(743M) 2.639ms
[287.921s][info][gc,cpu         ] GC(722) User=0.00s Sys=0.00s Real=0.00s
[288.293s][info][gc,start       ] GC(723) Pause Young (Allocation Failure)
[288.296s][info][gc,heap        ] GC(723) PSYoungGen: 247872K(258048K)->64K(238592K) Eden: 247808K(247808K)->0K(238080K) From: 64K(10240K)->64K(512K)
[288.296s][info][gc,heap        ] GC(723) ParOldGen: 415160K(503296K)->415168K(503296K)
[288.296s][info][gc,metaspace   ] GC(723) Metaspace: 35360K(36032K)->35360K(36032K) NonClass: 26159K(26688K)->26159K(26688K) Class: 9201K(9344K)->9201K(9344K)
[288.296s][info][gc             ] GC(723) Pause Young (Allocation Failure) 647M->405M(724M) 2.450ms
[288.296s][info][gc,cpu         ] GC(723) User=0.00s Sys=0.00s Real=0.00s
[288.371s][info][gc,start       ] GC(724) Pause Young (Allocation Failure)
[288.374s][info][gc,heap        ] GC(724) PSYoungGen: 238144K(238592K)->64K(278528K) Eden: 238080K(238080K)->0K(269824K) From: 64K(512K)->64K(8704K)
[288.374s][info][gc,heap        ] GC(724) ParOldGen: 415168K(503296K)->415184K(503296K)
[288.374s][info][gc,metaspace   ] GC(724) Metaspace: 35360K(36032K)->35360K(36032K) NonClass: 26159K(26688K)->26159K(26688K) Class: 9201K(9344K)->9201K(9344K)
[288.374s][info][gc             ] GC(724) Pause Young (Allocation Failure) 638M->405M(763M) 2.756ms
[288.374s][info][gc,cpu         ] GC(724) User=0.00s Sys=0.00s Real=0.01s
[288.984s][info][gc,start       ] GC(725) Pause Young (Allocation Failure)
[288.986s][info][gc,heap        ] GC(725) PSYoungGen: 269888K(278528K)->64K(259584K) Eden: 269824K(269824K)->0K(259072K) From: 64K(8704K)->64K(512K)
[288.986s][info][gc,heap        ] GC(725) ParOldGen: 415184K(503296K)->415192K(503296K)
[288.986s][info][gc,metaspace   ] GC(725) Metaspace: 35360K(36032K)->35360K(36032K) NonClass: 26159K(26688K)->26159K(26688K) Class: 9201K(9344K)->9201K(9344K)
[288.986s][info][gc             ] GC(725) Pause Young (Allocation Failure) 669M->405M(745M) 2.723ms
[288.986s][info][gc,cpu         ] GC(725) User=0.00s Sys=0.00s Real=0.00s
[289.239s][info][gc,start       ] GC(726) Pause Young (Allocation Failure)
[289.241s][info][gc,heap        ] GC(726) PSYoungGen: 259136K(259584K)->64K(256512K) Eden: 259072K(259072K)->0K(248832K) From: 64K(512K)->64K(7680K)
[289.241s][info][gc,heap        ] GC(726) ParOldGen: 415192K(503296K)->415200K(503296K)
[289.241s][info][gc,metaspace   ] GC(726) Metaspace: 35360K(36032K)->35360K(36032K) NonClass: 26159K(26688K)->26159K(26688K) Class: 9201K(9344K)->9201K(9344K)
[289.241s][info][gc             ] GC(726) Pause Young (Allocation Failure) 658M->405M(742M) 2.064ms
[289.241s][info][gc,cpu         ] GC(726) User=0.00s Sys=0.00s Real=0.00s
[289.571s][info][gc,start       ] GC(727) Pause Young (Allocation Failure)
[289.628s][info][gc,heap        ] GC(727) PSYoungGen: 248896K(256512K)->7168K(279552K) Eden: 248832K(248832K)->0K(272384K) From: 64K(7680K)->7168K(7168K)
[289.628s][info][gc,heap        ] GC(727) ParOldGen: 415200K(503296K)->431088K(503296K)
[289.628s][info][gc,metaspace   ] GC(727) Metaspace: 35360K(36032K)->35360K(36032K) NonClass: 26159K(26688K)->26159K(26688K) Class: 9201K(9344K)->9201K(9344K)
[289.628s][info][gc             ] GC(727) Pause Young (Allocation Failure) 648M->427M(764M) 56.349ms
[289.628s][info][gc,cpu         ] GC(727) User=0.08s Sys=0.00s Real=0.06s
[289.953s][info][gc,start       ] GC(728) Pause Young (Allocation Failure)
[290.008s][info][gc,heap        ] GC(728) PSYoungGen: 279552K(279552K)->14848K(287232K) Eden: 272384K(272384K)->0K(272384K) From: 7168K(7168K)->14848K(14848K)
[290.008s][info][gc,heap        ] GC(728) ParOldGen: 431088K(503296K)->447480K(503296K)
[290.008s][info][gc,metaspace   ] GC(728) Metaspace: 35360K(36032K)->35360K(36032K) NonClass: 26159K(26688K)->26159K(26688K) Class: 9201K(9344K)->9201K(9344K)
[290.009s][info][gc             ] GC(728) Pause Young (Allocation Failure) 693M->451M(772M) 55.253ms
[290.009s][info][gc,cpu         ] GC(728) User=0.11s Sys=0.00s Real=0.05s
[290.153s][info][gc,start       ] GC(729) Pause Young (Allocation Failure)
[290.176s][info][gc,heap        ] GC(729) PSYoungGen: 287232K(287232K)->8800K(310272K) Eden: 272384K(272384K)->0K(286208K) From: 14848K(14848K)->8800K(24064K)
[290.176s][info][gc,heap        ] GC(729) ParOldGen: 447480K(503296K)->447912K(503296K)
[290.176s][info][gc,metaspace   ] GC(729) Metaspace: 35360K(36032K)->35360K(36032K) NonClass: 26159K(26688K)->26159K(26688K) Class: 9201K(9344K)->9201K(9344K)
[290.176s][info][gc             ] GC(729) Pause Young (Allocation Failure) 717M->446M(794M) 23.043ms
[290.176s][info][gc,cpu         ] GC(729) User=0.03s Sys=0.01s Real=0.02s
[290.699s][info][gc,start       ] GC(730) Pause Young (Allocation Failure)
[290.701s][info][gc,heap        ] GC(730) PSYoungGen: 295008K(310272K)->64K(286720K) Eden: 286208K(286208K)->0K(286208K) From: 8800K(24064K)->64K(512K)
[290.701s][info][gc,heap        ] GC(730) ParOldGen: 447912K(503296K)->447920K(503296K)
[290.701s][info][gc,metaspace   ] GC(730) Metaspace: 35360K(36032K)->35360K(36032K) NonClass: 26159K(26688K)->26159K(26688K) Class: 9201K(9344K)->9201K(9344K)
[290.701s][info][gc             ] GC(730) Pause Young (Allocation Failure) 725M->437M(771M) 1.679ms
[290.701s][info][gc,cpu         ] GC(730) User=0.00s Sys=0.00s Real=0.00s
[291.192s][info][gc,start       ] GC(731) Pause Young (Allocation Failure)
[291.194s][info][gc,heap        ] GC(731) PSYoungGen: 286272K(286720K)->64K(309248K) Eden: 286208K(286208K)->0K(286720K) From: 64K(512K)->64K(22528K)
[291.194s][info][gc,heap        ] GC(731) ParOldGen: 447920K(503296K)->447928K(503296K)
[291.194s][info][gc,metaspace   ] GC(731) Metaspace: 35360K(36032K)->35360K(36032K) NonClass: 26159K(26688K)->26159K(26688K) Class: 9201K(9344K)->9201K(9344K)
[291.194s][info][gc             ] GC(731) Pause Young (Allocation Failure) 716M->437M(793M) 1.701ms
[291.194s][info][gc,cpu         ] GC(731) User=0.00s Sys=0.00s Real=0.00s
[291.672s][info][gc,start       ] GC(732) Pause Young (Allocation Failure)
[291.673s][info][gc,heap        ] GC(732) PSYoungGen: 286784K(309248K)->64K(308736K) Eden: 286720K(286720K)->0K(286720K) From: 64K(22528K)->64K(22016K)
[291.673s][info][gc,heap        ] GC(732) ParOldGen: 447928K(503296K)->447944K(503296K)
[291.673s][info][gc,metaspace   ] GC(732) Metaspace: 35360K(36032K)->35360K(36032K) NonClass: 26159K(26688K)->26159K(26688K) Class: 9201K(9344K)->9201K(9344K)
[291.673s][info][gc             ] GC(732) Pause Young (Allocation Failure) 717M->437M(793M) 1.695ms
[291.673s][info][gc,cpu         ] GC(732) User=0.00s Sys=0.00s Real=0.00s
[291.913s][info][gc,start       ] GC(733) Pause Young (Allocation Failure)
[291.915s][info][gc,heap        ] GC(733) PSYoungGen: 286784K(308736K)->32K(310784K) Eden: 286720K(286720K)->0K(289792K) From: 64K(22016K)->32K(20992K)
[291.915s][info][gc,heap        ] GC(733) ParOldGen: 447944K(503296K)->447960K(503296K)
[291.915s][info][gc,metaspace   ] GC(733) Metaspace: 35360K(36032K)->35360K(36032K) NonClass: 26159K(26688K)->26159K(26688K) Class: 9201K(9344K)->9201K(9344K)
[291.915s][info][gc             ] GC(733) Pause Young (Allocation Failure) 717M->437M(795M) 1.670ms
[291.915s][info][gc,cpu         ] GC(733) User=0.00s Sys=0.00s Real=0.00s
[292.270s][info][gc,start       ] GC(734) Pause Young (Allocation Failure)
[292.271s][info][gc,heap        ] GC(734) PSYoungGen: 289824K(310784K)->64K(310272K) Eden: 289792K(289792K)->0K(289792K) From: 32K(20992K)->64K(20480K)
[292.271s][info][gc,heap        ] GC(734) ParOldGen: 447960K(503296K)->447960K(503296K)
[292.271s][info][gc,metaspace   ] GC(734) Metaspace: 35360K(36032K)->35360K(36032K) NonClass: 26159K(26688K)->26159K(26688K) Class: 9201K(9344K)->9201K(9344K)
[292.271s][info][gc             ] GC(734) Pause Young (Allocation Failure) 720M->437M(794M) 1.624ms
[292.271s][info][gc,cpu         ] GC(734) User=0.00s Sys=0.00s Real=0.00s
[292.414s][info][gc,start       ] GC(735) Pause Young (Allocation Failure)
[292.416s][info][gc,heap        ] GC(735) PSYoungGen: 289856K(310272K)->64K(312320K) Eden: 289792K(289792K)->0K(293376K) From: 64K(20480K)->64K(18944K)
[292.416s][info][gc,heap        ] GC(735) ParOldGen: 447960K(503296K)->447968K(503296K)
[292.416s][info][gc,metaspace   ] GC(735) Metaspace: 35360K(36032K)->35360K(36032K) NonClass: 26159K(26688K)->26159K(26688K) Class: 9201K(9344K)->9201K(9344K)
[292.416s][info][gc             ] GC(735) Pause Young (Allocation Failure) 720M->437M(796M) 1.624ms
[292.416s][info][gc,cpu         ] GC(735) User=0.01s Sys=0.00s Real=0.00s
[292.468s][info][gc,start       ] GC(736) Pause Young (Allocation Failure)
[292.469s][info][gc,heap        ] GC(736) PSYoungGen: 293440K(312320K)->64K(311808K) Eden: 293376K(293376K)->0K(293376K) From: 64K(18944K)->64K(18432K)
[292.469s][info][gc,heap        ] GC(736) ParOldGen: 447968K(503296K)->447984K(503296K)
[292.469s][info][gc,metaspace   ] GC(736) Metaspace: 35360K(36032K)->35360K(36032K) NonClass: 26159K(26688K)->26159K(26688K) Class: 9201K(9344K)->9201K(9344K)
[292.469s][info][gc             ] GC(736) Pause Young (Allocation Failure) 724M->437M(796M) 1.568ms
[292.469s][info][gc,cpu         ] GC(736) User=0.00s Sys=0.01s Real=0.00s
[292.616s][info][gc,start       ] GC(737) Pause Young (Allocation Failure)
[292.617s][info][gc,heap        ] GC(737) PSYoungGen: 293440K(311808K)->64K(314368K) Eden: 293376K(293376K)->0K(297472K) From: 64K(18432K)->64K(16896K)
[292.617s][info][gc,heap        ] GC(737) ParOldGen: 447984K(503296K)->447984K(503296K)
[292.617s][info][gc,metaspace   ] GC(737) Metaspace: 35360K(36032K)->35360K(36032K) NonClass: 26159K(26688K)->26159K(26688K) Class: 9201K(9344K)->9201K(9344K)
[292.617s][info][gc             ] GC(737) Pause Young (Allocation Failure) 724M->437M(798M) 1.607ms
[292.617s][info][gc,cpu         ] GC(737) User=0.01s Sys=0.00s Real=0.00s
[292.903s][info][gc,start       ] GC(738) Pause Young (Allocation Failure)
[292.904s][info][gc,heap        ] GC(738) PSYoungGen: 297536K(314368K)->64K(313856K) Eden: 297472K(297472K)->0K(297472K) From: 64K(16896K)->64K(16384K)
[292.904s][info][gc,heap        ] GC(738) ParOldGen: 447984K(503296K)->447992K(503296K)
[292.904s][info][gc,metaspace   ] GC(738) Metaspace: 35360K(36032K)->35360K(36032K) NonClass: 26159K(26688K)->26159K(26688K) Class: 9201K(9344K)->9201K(9344K)
[292.904s][info][gc             ] GC(738) Pause Young (Allocation Failure) 728M->437M(798M) 1.538ms
[292.904s][info][gc,cpu         ] GC(738) User=0.00s Sys=0.00s Real=0.00s
[293.067s][info][gc,start       ] GC(739) Pause Young (Allocation Failure)
[293.068s][info][gc,heap        ] GC(739) PSYoungGen: 297536K(313856K)->64K(316416K) Eden: 297472K(297472K)->0K(301056K) From: 64K(16384K)->64K(15360K)
[293.068s][info][gc,heap        ] GC(739) ParOldGen: 447992K(503296K)->448000K(503296K)
[293.068s][info][gc,metaspace   ] GC(739) Metaspace: 35360K(36032K)->35360K(36032K) NonClass: 26159K(26688K)->26159K(26688K) Class: 9201K(9344K)->9201K(9344K)
[293.068s][info][gc             ] GC(739) Pause Young (Allocation Failure) 728M->437M(800M) 1.586ms
[293.068s][info][gc,cpu         ] GC(739) User=0.00s Sys=0.00s Real=0.00s
[293.159s][info][gc,start       ] GC(740) Pause Young (Allocation Failure)
[293.161s][info][gc,heap        ] GC(740) PSYoungGen: 301120K(316416K)->64K(315904K) Eden: 301056K(301056K)->0K(301056K) From: 64K(15360K)->64K(14848K)
[293.161s][info][gc,heap        ] GC(740) ParOldGen: 448000K(503296K)->448008K(503296K)
[293.161s][info][gc,metaspace   ] GC(740) Metaspace: 35360K(36032K)->35360K(36032K) NonClass: 26159K(26688K)->26159K(26688K) Class: 9201K(9344K)->9201K(9344K)
[293.161s][info][gc             ] GC(740) Pause Young (Allocation Failure) 731M->437M(800M) 1.546ms
[293.161s][info][gc,cpu         ] GC(740) User=0.00s Sys=0.00s Real=0.00s
[293.356s][info][gc,start       ] GC(741) Pause Young (Allocation Failure)
[293.357s][info][gc,heap        ] GC(741) PSYoungGen: 301120K(315904K)->64K(317952K) Eden: 301056K(301056K)->0K(304640K) From: 64K(14848K)->64K(13312K)
[293.358s][info][gc,heap        ] GC(741) ParOldGen: 448008K(503296K)->448016K(503296K)
[293.358s][info][gc,metaspace   ] GC(741) Metaspace: 35360K(36032K)->35360K(36032K) NonClass: 26159K(26688K)->26159K(26688K) Class: 9201K(9344K)->9201K(9344K)
[293.358s][info][gc             ] GC(741) Pause Young (Allocation Failure) 731M->437M(802M) 1.602ms
[293.358s][info][gc,cpu         ] GC(741) User=0.01s Sys=0.00s Real=0.00s
[294.291s][info][gc,start       ] GC(742) Pause Young (Allocation Failure)
[294.293s][info][gc,heap        ] GC(742) PSYoungGen: 304704K(317952K)->83K(292864K) Eden: 304640K(304640K)->0K(292352K) From: 64K(13312K)->83K(512K)
[294.293s][info][gc,heap        ] GC(742) ParOldGen: 448016K(503296K)->448024K(503296K)
[294.293s][info][gc,metaspace   ] GC(742) Metaspace: 35360K(36032K)->35360K(36032K) NonClass: 26159K(26688K)->26159K(26688K) Class: 9201K(9344K)->9201K(9344K)
[294.293s][info][gc             ] GC(742) Pause Young (Allocation Failure) 735M->437M(777M) 1.689ms
[294.293s][info][gc,cpu         ] GC(742) User=0.01s Sys=0.00s Real=0.01s
[295.190s][info][gc,start       ] GC(743) Pause Young (Allocation Failure)
[295.192s][info][gc,heap        ] GC(743) PSYoungGen: 292435K(292864K)->64K(281088K) Eden: 292352K(292352K)->0K(280576K) From: 83K(512K)->64K(512K)
[295.192s][info][gc,heap        ] GC(743) ParOldGen: 448024K(503296K)->448032K(503296K)
[295.192s][info][gc,metaspace   ] GC(743) Metaspace: 35360K(36032K)->35360K(36032K) NonClass: 26159K(26688K)->26159K(26688K) Class: 9201K(9344K)->9201K(9344K)
[295.192s][info][gc             ] GC(743) Pause Young (Allocation Failure) 723M->437M(766M) 2.356ms
[295.192s][info][gc,cpu         ] GC(743) User=0.00s Sys=0.00s Real=0.01s
[295.599s][info][gc,start       ] GC(744) Pause Young (Allocation Failure)
[295.600s][info][gc,heap        ] GC(744) PSYoungGen: 280640K(281088K)->64K(280576K) Eden: 280576K(280576K)->0K(269312K) From: 64K(512K)->64K(11264K)
[295.600s][info][gc,heap        ] GC(744) ParOldGen: 448032K(503296K)->448040K(503296K)
[295.600s][info][gc,metaspace   ] GC(744) Metaspace: 35360K(36032K)->35360K(36032K) NonClass: 26159K(26688K)->26159K(26688K) Class: 9201K(9344K)->9201K(9344K)
[295.600s][info][gc             ] GC(744) Pause Young (Allocation Failure) 711M->437M(765M) 1.730ms
[295.600s][info][gc,cpu         ] GC(744) User=0.00s Sys=0.00s Real=0.00s
[296.646s][info][gc,start       ] GC(745) Pause Young (Allocation Failure)
[296.648s][info][gc,heap        ] GC(745) PSYoungGen: 269376K(280576K)->64K(259072K) Eden: 269312K(269312K)->0K(258560K) From: 64K(11264K)->64K(512K)
[296.648s][info][gc,heap        ] GC(745) ParOldGen: 448040K(503296K)->448056K(503296K)
[296.648s][info][gc,metaspace   ] GC(745) Metaspace: 35360K(36032K)->35360K(36032K) NonClass: 26159K(26688K)->26159K(26688K) Class: 9201K(9344K)->9201K(9344K)
[296.648s][info][gc             ] GC(745) Pause Young (Allocation Failure) 700M->437M(744M) 2.627ms
[296.648s][info][gc,cpu         ] GC(745) User=0.01s Sys=0.01s Real=0.00s
[297.050s][info][gc,start       ] GC(746) Pause Young (Allocation Failure)
[297.052s][info][gc,heap        ] GC(746) PSYoungGen: 258624K(259072K)->64K(258048K) Eden: 258560K(258560K)->0K(248320K) From: 64K(512K)->64K(9728K)
[297.052s][info][gc,heap        ] GC(746) ParOldGen: 448056K(503296K)->448064K(503296K)
[297.052s][info][gc,metaspace   ] GC(746) Metaspace: 35360K(36032K)->35360K(36032K) NonClass: 26159K(26688K)->26159K(26688K) Class: 9201K(9344K)->9201K(9344K)
[297.052s][info][gc             ] GC(746) Pause Young (Allocation Failure) 690M->437M(743M) 2.155ms
[297.052s][info][gc,cpu         ] GC(746) User=0.00s Sys=0.00s Real=0.01s
[297.225s][info][gc,start       ] GC(747) Pause Young (Allocation Failure)
[297.228s][info][gc,heap        ] GC(747) PSYoungGen: 248384K(258048K)->64K(239104K) Eden: 248320K(248320K)->0K(238592K) From: 64K(9728K)->64K(512K)
[297.228s][info][gc,heap        ] GC(747) ParOldGen: 448064K(503296K)->448072K(503296K)
[297.228s][info][gc,metaspace   ] GC(747) Metaspace: 35360K(36032K)->35360K(36032K) NonClass: 26159K(26688K)->26159K(26688K) Class: 9201K(9344K)->9201K(9344K)
[297.228s][info][gc             ] GC(747) Pause Young (Allocation Failure) 680M->437M(725M) 3.157ms
[297.228s][info][gc,cpu         ] GC(747) User=0.00s Sys=0.00s Real=0.00s
[297.390s][info][gc,start       ] GC(748) Pause Young (Allocation Failure)
[297.391s][info][gc,heap        ] GC(748) PSYoungGen: 238656K(239104K)->64K(238080K) Eden: 238592K(238592K)->0K(229376K) From: 64K(512K)->64K(8704K)
[297.391s][info][gc,heap        ] GC(748) ParOldGen: 448072K(503296K)->448080K(503296K)
[297.391s][info][gc,metaspace   ] GC(748) Metaspace: 35360K(36032K)->35360K(36032K) NonClass: 26159K(26688K)->26159K(26688K) Class: 9201K(9344K)->9201K(9344K)
[297.391s][info][gc             ] GC(748) Pause Young (Allocation Failure) 670M->437M(724M) 1.840ms
[297.391s][info][gc,cpu         ] GC(748) User=0.01s Sys=0.00s Real=0.00s
[297.921s][info][gc,start       ] GC(749) Pause Young (Allocation Failure)
[297.924s][info][gc,heap        ] GC(749) PSYoungGen: 229440K(238080K)->64K(221184K) Eden: 229376K(229376K)->0K(220672K) From: 64K(8704K)->64K(512K)
[297.924s][info][gc,heap        ] GC(749) ParOldGen: 448080K(503296K)->448088K(503296K)
[297.924s][info][gc,metaspace   ] GC(749) Metaspace: 35360K(36032K)->35360K(36032K) NonClass: 26159K(26688K)->26159K(26688K) Class: 9201K(9344K)->9201K(9344K)
[297.924s][info][gc             ] GC(749) Pause Young (Allocation Failure) 661M->437M(707M) 2.940ms
[297.924s][info][gc,cpu         ] GC(749) User=0.00s Sys=0.00s Real=0.01s
[298.156s][info][gc,start       ] GC(750) Pause Young (Allocation Failure)
[298.157s][info][gc,heap        ] GC(750) PSYoungGen: 220736K(221184K)->64K(220160K) Eden: 220672K(220672K)->0K(212480K) From: 64K(512K)->64K(7680K)
[298.157s][info][gc,heap        ] GC(750) ParOldGen: 448088K(503296K)->448096K(503296K)
[298.157s][info][gc,metaspace   ] GC(750) Metaspace: 35360K(36032K)->35360K(36032K) NonClass: 26159K(26688K)->26159K(26688K) Class: 9201K(9344K)->9201K(9344K)
[298.157s][info][gc             ] GC(750) Pause Young (Allocation Failure) 653M->437M(706M) 1.621ms
[298.157s][info][gc,cpu         ] GC(750) User=0.00s Sys=0.00s Real=0.00s
[298.449s][info][gc,start       ] GC(751) Pause Young (Allocation Failure)
[298.481s][info][gc,heap        ] GC(751) PSYoungGen: 212544K(220160K)->7168K(262144K) Eden: 212480K(212480K)->0K(254976K) From: 64K(7680K)->7168K(7168K)
[298.482s][info][gc,heap        ] GC(751) ParOldGen: 448096K(503296K)->460088K(503296K)
[298.482s][info][gc,metaspace   ] GC(751) Metaspace: 35360K(36032K)->35360K(36032K) NonClass: 26159K(26688K)->26159K(26688K) Class: 9201K(9344K)->9201K(9344K)
[298.482s][info][gc             ] GC(751) Pause Young (Allocation Failure) 645M->456M(747M) 32.894ms
[298.482s][info][gc,cpu         ] GC(751) User=0.06s Sys=0.00s Real=0.03s
[298.796s][info][gc,start       ] GC(752) Pause Young (Allocation Failure)
[298.846s][info][gc,heap        ] GC(752) PSYoungGen: 262144K(262144K)->13312K(268288K) Eden: 254976K(254976K)->0K(254976K) From: 7168K(7168K)->13312K(13312K)
[298.846s][info][gc,heap        ] GC(752) ParOldGen: 460088K(503296K)->475952K(503296K)
[298.847s][info][gc,metaspace   ] GC(752) Metaspace: 35360K(36032K)->35360K(36032K) NonClass: 26159K(26688K)->26159K(26688K) Class: 9201K(9344K)->9201K(9344K)
[298.847s][info][gc             ] GC(752) Pause Young (Allocation Failure) 705M->477M(753M) 50.083ms
[298.847s][info][gc,cpu         ] GC(752) User=0.09s Sys=0.00s Real=0.05s
[299.034s][info][gc,start       ] GC(753) Pause Young (Allocation Failure)
[299.069s][info][gc,heap        ] GC(753) PSYoungGen: 268288K(268288K)->14656K(307712K) Eden: 254976K(254976K)->0K(285696K) From: 13312K(13312K)->14656K(22016K)
[299.069s][info][gc,heap        ] GC(753) ParOldGen: 475952K(503296K)->476384K(503296K)
[299.069s][info][gc,metaspace   ] GC(753) Metaspace: 35360K(36032K)->35360K(36032K) NonClass: 26159K(26688K)->26159K(26688K) Class: 9201K(9344K)->9201K(9344K)
[299.069s][info][gc             ] GC(753) Pause Young (Allocation Failure) 726M->479M(792M) 34.779ms
[299.069s][info][gc,cpu         ] GC(753) User=0.06s Sys=0.01s Real=0.03s
[299.443s][info][gc,start       ] GC(754) Pause Young (Allocation Failure)
[299.445s][info][gc,heap        ] GC(754) PSYoungGen: 300352K(307712K)->64K(309760K) Eden: 285696K(285696K)->0K(285696K) From: 14656K(22016K)->64K(24064K)
[299.445s][info][gc,heap        ] GC(754) ParOldGen: 476384K(503296K)->476392K(503296K)
[299.445s][info][gc,metaspace   ] GC(754) Metaspace: 35360K(36032K)->35360K(36032K) NonClass: 26159K(26688K)->26159K(26688K) Class: 9201K(9344K)->9201K(9344K)
[299.445s][info][gc             ] GC(754) Pause Young (Allocation Failure) 758M->465M(794M) 1.716ms
[299.445s][info][gc,cpu         ] GC(754) User=0.00s Sys=0.00s Real=0.00s
[300.044s][info][gc,start       ] GC(755) Pause Young (Allocation Failure)
[300.046s][info][gc,heap        ] GC(755) PSYoungGen: 285760K(309760K)->64K(307712K) Eden: 285696K(285696K)->0K(286720K) From: 64K(24064K)->64K(20992K)
[300.046s][info][gc,heap        ] GC(755) ParOldGen: 476392K(503296K)->476400K(503296K)
[300.046s][info][gc,metaspace   ] GC(755) Metaspace: 35360K(36032K)->35360K(36032K) NonClass: 26159K(26688K)->26159K(26688K) Class: 9201K(9344K)->9201K(9344K)
[300.046s][info][gc             ] GC(755) Pause Young (Allocation Failure) 744M->465M(792M) 1.753ms
[300.046s][info][gc,cpu         ] GC(755) User=0.00s Sys=0.00s Real=0.00s
[300.518s][info][gc,start       ] GC(756) Pause Young (Allocation Failure)
[300.520s][info][gc,heap        ] GC(756) PSYoungGen: 286784K(307712K)->64K(309248K) Eden: 286720K(286720K)->0K(286720K) From: 64K(20992K)->64K(22528K)
[300.520s][info][gc,heap        ] GC(756) ParOldGen: 476400K(503296K)->476416K(503296K)
[300.520s][info][gc,metaspace   ] GC(756) Metaspace: 35360K(36032K)->35360K(36032K) NonClass: 26159K(26688K)->26159K(26688K) Class: 9201K(9344K)->9201K(9344K)
[300.520s][info][gc             ] GC(756) Pause Young (Allocation Failure) 745M->465M(793M) 1.665ms
[300.520s][info][gc,cpu         ] GC(756) User=0.01s Sys=0.00s Real=0.00s
[300.770s][info][gc,start       ] GC(757) Pause Young (Allocation Failure)
[300.771s][info][gc,heap        ] GC(757) PSYoungGen: 286784K(309248K)->64K(308736K) Eden: 286720K(286720K)->0K(289792K) From: 64K(22528K)->64K(18944K)
[300.771s][info][gc,heap        ] GC(757) ParOldGen: 476416K(503296K)->476432K(503296K)
[300.771s][info][gc,metaspace   ] GC(757) Metaspace: 35360K(36032K)->35360K(36032K) NonClass: 26159K(26688K)->26159K(26688K) Class: 9201K(9344K)->9201K(9344K)
[300.771s][info][gc             ] GC(757) Pause Young (Allocation Failure) 745M->465M(793M) 1.660ms
[300.771s][info][gc,cpu         ] GC(757) User=0.01s Sys=0.00s Real=0.00s
[301.026s][info][gc,start       ] GC(758) Pause Young (Allocation Failure)
[301.028s][info][gc,heap        ] GC(758) PSYoungGen: 289856K(308736K)->64K(310272K) Eden: 289792K(289792K)->0K(289792K) From: 64K(18944K)->64K(20480K)
[301.028s][info][gc,heap        ] GC(758) ParOldGen: 476432K(503296K)->476432K(503296K)
[301.028s][info][gc,metaspace   ] GC(758) Metaspace: 35360K(36032K)->35360K(36032K) NonClass: 26159K(26688K)->26159K(26688K) Class: 9201K(9344K)->9201K(9344K)
[301.028s][info][gc             ] GC(758) Pause Young (Allocation Failure) 748M->465M(794M) 1.698ms
[301.028s][info][gc,cpu         ] GC(758) User=0.00s Sys=0.00s Real=0.00s
[301.343s][info][gc,start       ] GC(759) Pause Young (Allocation Failure)
[301.345s][info][gc,heap        ] GC(759) PSYoungGen: 289856K(310272K)->64K(310784K) Eden: 289792K(289792K)->0K(293888K) From: 64K(20480K)->64K(16896K)
[301.345s][info][gc,heap        ] GC(759) ParOldGen: 476432K(503296K)->476432K(503296K)
[301.345s][info][gc,metaspace   ] GC(759) Metaspace: 35360K(36032K)->35360K(36032K) NonClass: 26159K(26688K)->26159K(26688K) Class: 9201K(9344K)->9201K(9344K)
[301.345s][info][gc             ] GC(759) Pause Young (Allocation Failure) 748M->465M(795M) 1.645ms
[301.345s][info][gc,cpu         ] GC(759) User=0.01s Sys=0.00s Real=0.00s
[301.401s][info][gc,start       ] GC(760) Pause Young (Allocation Failure)
[301.403s][info][gc,heap        ] GC(760) PSYoungGen: 293952K(310784K)->64K(312320K) Eden: 293888K(293888K)->0K(293888K) From: 64K(16896K)->64K(18432K)
[301.403s][info][gc,heap        ] GC(760) ParOldGen: 476432K(503296K)->476448K(503296K)
[301.403s][info][gc,metaspace   ] GC(760) Metaspace: 35360K(36032K)->35360K(36032K) NonClass: 26159K(26688K)->26159K(26688K) Class: 9201K(9344K)->9201K(9344K)
[301.403s][info][gc             ] GC(760) Pause Young (Allocation Failure) 752M->465M(796M) 1.726ms
[301.403s][info][gc,cpu         ] GC(760) User=0.00s Sys=0.00s Real=0.01s
[301.499s][info][gc,start       ] GC(761) Pause Young (Allocation Failure)
[301.501s][info][gc,heap        ] GC(761) PSYoungGen: 293952K(312320K)->64K(312832K) Eden: 293888K(293888K)->0K(297472K) From: 64K(18432K)->64K(15360K)
[301.501s][info][gc,heap        ] GC(761) ParOldGen: 476448K(503296K)->476448K(503296K)
[301.501s][info][gc,metaspace   ] GC(761) Metaspace: 35360K(36032K)->35360K(36032K) NonClass: 26159K(26688K)->26159K(26688K) Class: 9201K(9344K)->9201K(9344K)
[301.501s][info][gc             ] GC(761) Pause Young (Allocation Failure) 752M->465M(797M) 1.685ms
[301.501s][info][gc,cpu         ] GC(761) User=0.00s Sys=0.00s Real=0.00s
[301.803s][info][gc,start       ] GC(762) Pause Young (Allocation Failure)
[301.805s][info][gc,heap        ] GC(762) PSYoungGen: 297536K(312832K)->64K(314368K) Eden: 297472K(297472K)->0K(297472K) From: 64K(15360K)->64K(16896K)
[301.805s][info][gc,heap        ] GC(762) ParOldGen: 476448K(503296K)->476464K(503296K)
[301.805s][info][gc,metaspace   ] GC(762) Metaspace: 35360K(36032K)->35360K(36032K) NonClass: 26159K(26688K)->26159K(26688K) Class: 9201K(9344K)->9201K(9344K)
[301.805s][info][gc             ] GC(762) Pause Young (Allocation Failure) 755M->465M(798M) 1.710ms
[301.805s][info][gc,cpu         ] GC(762) User=0.00s Sys=0.00s Real=0.00s
[302.021s][info][gc,start       ] GC(763) Pause Young (Allocation Failure)
[302.023s][info][gc,heap        ] GC(763) PSYoungGen: 297536K(314368K)->64K(314368K) Eden: 297472K(297472K)->0K(301056K) From: 64K(16896K)->64K(13312K)
[302.023s][info][gc,heap        ] GC(763) ParOldGen: 476464K(503296K)->476464K(503296K)
[302.023s][info][gc,metaspace   ] GC(763) Metaspace: 35360K(36032K)->35360K(36032K) NonClass: 26159K(26688K)->26159K(26688K) Class: 9201K(9344K)->9201K(9344K)
[302.023s][info][gc             ] GC(763) Pause Young (Allocation Failure) 755M->465M(798M) 1.752ms
[302.023s][info][gc,cpu         ] GC(763) User=0.00s Sys=0.00s Real=0.01s
[302.110s][info][gc,start       ] GC(764) Pause Young (Allocation Failure)
[302.112s][info][gc,heap        ] GC(764) PSYoungGen: 301120K(314368K)->64K(315904K) Eden: 301056K(301056K)->0K(301056K) From: 64K(13312K)->64K(14848K)
[302.112s][info][gc,heap        ] GC(764) ParOldGen: 476464K(503296K)->476480K(503296K)
[302.112s][info][gc,metaspace   ] GC(764) Metaspace: 35360K(36032K)->35360K(36032K) NonClass: 26159K(26688K)->26159K(26688K) Class: 9201K(9344K)->9201K(9344K)
[302.112s][info][gc             ] GC(764) Pause Young (Allocation Failure) 759M->465M(800M) 1.761ms
[302.112s][info][gc,cpu         ] GC(764) User=0.00s Sys=0.00s Real=0.01s
[302.291s][info][gc,start       ] GC(765) Pause Young (Allocation Failure)
[302.293s][info][gc,heap        ] GC(765) PSYoungGen: 301120K(315904K)->64K(317440K) Eden: 301056K(301056K)->0K(305152K) From: 64K(14848K)->64K(12288K)
[302.293s][info][gc,heap        ] GC(765) ParOldGen: 476480K(503296K)->476480K(503296K)
[302.293s][info][gc,metaspace   ] GC(765) Metaspace: 35360K(36032K)->35360K(36032K) NonClass: 26159K(26688K)->26159K(26688K) Class: 9201K(9344K)->9201K(9344K)
[302.293s][info][gc             ] GC(765) Pause Young (Allocation Failure) 759M->465M(801M) 1.737ms
[302.293s][info][gc,cpu         ] GC(765) User=0.00s Sys=0.00s Real=0.01s
[303.291s][info][gc,start       ] GC(766) Pause Young (Allocation Failure)
[303.293s][info][gc,heap        ] GC(766) PSYoungGen: 305216K(317440K)->64K(318464K) Eden: 305152K(305152K)->0K(305152K) From: 64K(12288K)->64K(13312K)
[303.293s][info][gc,heap        ] GC(766) ParOldGen: 476480K(503296K)->476488K(503296K)
[303.293s][info][gc,metaspace   ] GC(766) Metaspace: 35360K(36032K)->35360K(36032K) NonClass: 26159K(26688K)->26159K(26688K) Class: 9201K(9344K)->9201K(9344K)
[303.293s][info][gc             ] GC(766) Pause Young (Allocation Failure) 763M->465M(802M) 1.809ms
[303.293s][info][gc,cpu         ] GC(766) User=0.01s Sys=0.00s Real=0.01s
[304.174s][info][gc,start       ] GC(767) Pause Young (Allocation Failure)
[304.176s][info][gc,heap        ] GC(767) PSYoungGen: 305216K(318464K)->64K(293376K) Eden: 305152K(305152K)->0K(292864K) From: 64K(13312K)->64K(512K)
[304.176s][info][gc,heap        ] GC(767) ParOldGen: 476488K(503296K)->476496K(503296K)
[304.176s][info][gc,metaspace   ] GC(767) Metaspace: 35360K(36032K)->35360K(36032K) NonClass: 26159K(26688K)->26159K(26688K) Class: 9201K(9344K)->9201K(9344K)
[304.176s][info][gc             ] GC(767) Pause Young (Allocation Failure) 763M->465M(778M) 2.088ms
[304.176s][info][gc,cpu         ] GC(767) User=0.01s Sys=0.00s Real=0.00s
[304.550s][info][gc,start       ] GC(768) Pause Young (Allocation Failure)
[304.551s][info][gc,heap        ] GC(768) PSYoungGen: 292928K(293376K)->64K(292864K) Eden: 292864K(292864K)->0K(281088K) From: 64K(512K)->64K(11776K)
[304.551s][info][gc,heap        ] GC(768) ParOldGen: 476496K(503296K)->476504K(503296K)
[304.551s][info][gc,metaspace   ] GC(768) Metaspace: 35360K(36032K)->35360K(36032K) NonClass: 26159K(26688K)->26159K(26688K) Class: 9201K(9344K)->9201K(9344K)
[304.551s][info][gc             ] GC(768) Pause Young (Allocation Failure) 751M->465M(777M) 1.642ms
[304.551s][info][gc,cpu         ] GC(768) User=0.00s Sys=0.00s Real=0.00s
[305.712s][info][gc,start       ] GC(769) Pause Young (Allocation Failure)
[305.714s][info][gc,heap        ] GC(769) PSYoungGen: 281152K(292864K)->64K(270336K) Eden: 281088K(281088K)->0K(269824K) From: 64K(11776K)->64K(512K)
[305.714s][info][gc,heap        ] GC(769) ParOldGen: 476504K(503296K)->476512K(503296K)
[305.714s][info][gc,metaspace   ] GC(769) Metaspace: 35360K(36032K)->35360K(36032K) NonClass: 26159K(26688K)->26159K(26688K) Class: 9201K(9344K)->9201K(9344K)
[305.714s][info][gc             ] GC(769) Pause Young (Allocation Failure) 739M->465M(755M) 2.427ms
[305.714s][info][gc,cpu         ] GC(769) User=0.00s Sys=0.00s Real=0.00s
[306.139s][info][gc,start       ] GC(770) Pause Young (Allocation Failure)
[306.141s][info][gc,heap        ] GC(770) PSYoungGen: 269888K(270336K)->64K(269312K) Eden: 269824K(269824K)->0K(259072K) From: 64K(512K)->64K(10240K)
[306.141s][info][gc,heap        ] GC(770) ParOldGen: 476512K(503296K)->476520K(503296K)
[306.141s][info][gc,metaspace   ] GC(770) Metaspace: 35360K(36032K)->35360K(36032K) NonClass: 26159K(26688K)->26159K(26688K) Class: 9201K(9344K)->9201K(9344K)
[306.141s][info][gc             ] GC(770) Pause Young (Allocation Failure) 728M->465M(754M) 1.738ms
[306.141s][info][gc,cpu         ] GC(770) User=0.01s Sys=0.00s Real=0.00s
[306.331s][info][gc,start       ] GC(771) Pause Young (Allocation Failure)
[306.334s][info][gc,heap        ] GC(771) PSYoungGen: 259136K(269312K)->64K(249344K) Eden: 259072K(259072K)->0K(248832K) From: 64K(10240K)->64K(512K)
[306.334s][info][gc,heap        ] GC(771) ParOldGen: 476520K(503296K)->476528K(503296K)
[306.334s][info][gc,metaspace   ] GC(771) Metaspace: 35360K(36032K)->35360K(36032K) NonClass: 26159K(26688K)->26159K(26688K) Class: 9201K(9344K)->9201K(9344K)
[306.334s][info][gc             ] GC(771) Pause Young (Allocation Failure) 718M->465M(735M) 2.192ms
[306.334s][info][gc,cpu         ] GC(771) User=0.00s Sys=0.00s Real=0.01s
[306.504s][info][gc,start       ] GC(772) Pause Young (Allocation Failure)
[306.506s][info][gc,heap        ] GC(772) PSYoungGen: 248896K(249344K)->64K(247808K) Eden: 248832K(248832K)->0K(239104K) From: 64K(512K)->64K(8704K)
[306.506s][info][gc,heap        ] GC(772) ParOldGen: 476528K(503296K)->476536K(503296K)
[306.506s][info][gc,metaspace   ] GC(772) Metaspace: 35360K(36032K)->35360K(36032K) NonClass: 26159K(26688K)->26159K(26688K) Class: 9201K(9344K)->9201K(9344K)
[306.506s][info][gc             ] GC(772) Pause Young (Allocation Failure) 708M->465M(733M) 2.116ms
[306.506s][info][gc,cpu         ] GC(772) User=0.00s Sys=0.00s Real=0.00s
[307.060s][info][gc,start       ] GC(773) Pause Young (Allocation Failure)
[307.062s][info][gc,heap        ] GC(773) PSYoungGen: 239168K(247808K)->64K(230400K) Eden: 239104K(239104K)->0K(229888K) From: 64K(8704K)->64K(512K)
[307.062s][info][gc,heap        ] GC(773) ParOldGen: 476536K(503296K)->476544K(503296K)
[307.062s][info][gc,metaspace   ] GC(773) Metaspace: 35360K(36032K)->35360K(36032K) NonClass: 26159K(26688K)->26159K(26688K) Class: 9201K(9344K)->9201K(9344K)
[307.062s][info][gc             ] GC(773) Pause Young (Allocation Failure) 698M->465M(716M) 2.280ms
[307.062s][info][gc,cpu         ] GC(773) User=0.01s Sys=0.00s Real=0.01s
[307.344s][info][gc,start       ] GC(774) Pause Young (Allocation Failure)
[307.346s][info][gc,heap        ] GC(774) PSYoungGen: 229952K(230400K)->64K(228864K) Eden: 229888K(229888K)->0K(221184K) From: 64K(512K)->64K(7680K)
[307.346s][info][gc,heap        ] GC(774) ParOldGen: 476544K(503296K)->476552K(503296K)
[307.346s][info][gc,metaspace   ] GC(774) Metaspace: 35374K(36032K)->35374K(36032K) NonClass: 26173K(26688K)->26173K(26688K) Class: 9201K(9344K)->9201K(9344K)
[307.346s][info][gc             ] GC(774) Pause Young (Allocation Failure) 689M->465M(715M) 1.664ms
[307.346s][info][gc,cpu         ] GC(774) User=0.00s Sys=0.00s Real=0.00s
[307.641s][info][gc,start       ] GC(775) Pause Young (Allocation Failure)
[307.678s][info][gc,heap        ] GC(775) PSYoungGen: 221248K(228864K)->7168K(272896K) Eden: 221184K(221184K)->0K(265728K) From: 64K(7680K)->7168K(7168K)
[307.678s][info][gc,heap        ] GC(775) ParOldGen: 476552K(503296K)->491712K(503296K)
[307.678s][info][gc,metaspace   ] GC(775) Metaspace: 35374K(36032K)->35374K(36032K) NonClass: 26173K(26688K)->26173K(26688K) Class: 9201K(9344K)->9201K(9344K)
[307.678s][info][gc             ] GC(775) Pause Young (Allocation Failure) 681M->487M(758M) 36.540ms
[307.678s][info][gc,cpu         ] GC(775) User=0.07s Sys=0.00s Real=0.04s
[308.008s][info][gc,start       ] GC(776) Pause Young (Allocation Failure)
[308.064s][info][gc,heap        ] GC(776) PSYoungGen: 272896K(272896K)->14336K(280064K) Eden: 265728K(265728K)->0K(265728K) From: 7168K(7168K)->14336K(14336K)
[308.064s][info][gc,heap        ] GC(776) ParOldGen: 491712K(503296K)->507848K(507904K)
[308.064s][info][gc,metaspace   ] GC(776) Metaspace: 35374K(36032K)->35374K(36032K) NonClass: 26173K(26688K)->26173K(26688K) Class: 9201K(9344K)->9201K(9344K)
[308.064s][info][gc             ] GC(776) Pause Young (Allocation Failure) 746M->509M(769M) 55.924ms
[308.064s][info][gc,cpu         ] GC(776) User=0.10s Sys=0.00s Real=0.06s
[308.223s][info][gc,start       ] GC(777) Pause Young (Allocation Failure)
[308.250s][info][gc,heap        ] GC(777) PSYoungGen: 280064K(280064K)->10272K(310272K) Eden: 265728K(265728K)->0K(286720K) From: 14336K(14336K)->10272K(23552K)
[308.250s][info][gc,heap        ] GC(777) ParOldGen: 507848K(507904K)->508280K(508416K)
[308.250s][info][gc,metaspace   ] GC(777) Metaspace: 35374K(36032K)->35374K(36032K) NonClass: 26173K(26688K)->26173K(26688K) Class: 9201K(9344K)->9201K(9344K)
[308.250s][info][gc             ] GC(777) Pause Young (Allocation Failure) 769M->506M(799M) 26.854ms
[308.250s][info][gc,cpu         ] GC(777) User=0.05s Sys=0.01s Real=0.02s
[308.752s][info][gc,start       ] GC(778) Pause Young (Allocation Failure)
[308.754s][info][gc,heap        ] GC(778) PSYoungGen: 296992K(310272K)->64K(287232K) Eden: 286720K(286720K)->0K(286720K) From: 10272K(23552K)->64K(512K)
[308.754s][info][gc,heap        ] GC(778) ParOldGen: 508280K(508416K)->508288K(508416K)
[308.754s][info][gc,metaspace   ] GC(778) Metaspace: 35374K(36032K)->35374K(36032K) NonClass: 26173K(26688K)->26173K(26688K) Class: 9201K(9344K)->9201K(9344K)
[308.754s][info][gc             ] GC(778) Pause Young (Allocation Failure) 786M->496M(777M) 1.789ms
[308.754s][info][gc,cpu         ] GC(778) User=0.01s Sys=0.00s Real=0.00s
[309.294s][info][gc,start       ] GC(779) Pause Young (Allocation Failure)
[309.296s][info][gc,heap        ] GC(779) PSYoungGen: 286784K(287232K)->64K(310784K) Eden: 286720K(286720K)->0K(287744K) From: 64K(512K)->64K(23040K)
[309.296s][info][gc,heap        ] GC(779) ParOldGen: 508288K(508416K)->508296K(508416K)
[309.296s][info][gc,metaspace   ] GC(779) Metaspace: 35374K(36032K)->35374K(36032K) NonClass: 26173K(26688K)->26173K(26688K) Class: 9201K(9344K)->9201K(9344K)
[309.296s][info][gc             ] GC(779) Pause Young (Allocation Failure) 776M->496M(800M) 1.788ms
[309.296s][info][gc,cpu         ] GC(779) User=0.00s Sys=0.00s Real=0.00s
[309.762s][info][gc,start       ] GC(780) Pause Young (Allocation Failure)
[309.764s][info][gc,heap        ] GC(780) PSYoungGen: 287808K(310784K)->64K(309760K) Eden: 287744K(287744K)->0K(287744K) From: 64K(23040K)->64K(22016K)
[309.764s][info][gc,heap        ] GC(780) ParOldGen: 508296K(508416K)->508312K(508416K)
[309.764s][info][gc,metaspace   ] GC(780) Metaspace: 35374K(36032K)->35374K(36032K) NonClass: 26173K(26688K)->26173K(26688K) Class: 9201K(9344K)->9201K(9344K)
[309.764s][info][gc             ] GC(780) Pause Young (Allocation Failure) 777M->496M(799M) 1.812ms
[309.764s][info][gc,cpu         ] GC(780) User=0.00s Sys=0.00s Real=0.00s
[310.020s][info][gc,start       ] GC(781) Pause Young (Allocation Failure)
[310.022s][info][gc,heap        ] GC(781) PSYoungGen: 287808K(309760K)->64K(310272K) Eden: 287744K(287744K)->0K(289280K) From: 64K(22016K)->64K(20992K)
[310.022s][info][gc,heap        ] GC(781) ParOldGen: 508312K(508416K)->508328K(508416K)
[310.022s][info][gc,metaspace   ] GC(781) Metaspace: 35374K(36032K)->35374K(36032K) NonClass: 26173K(26688K)->26173K(26688K) Class: 9201K(9344K)->9201K(9344K)
[310.022s][info][gc             ] GC(781) Pause Young (Allocation Failure) 777M->496M(799M) 1.797ms
[310.022s][info][gc,cpu         ] GC(781) User=0.00s Sys=0.00s Real=0.01s
[310.387s][info][gc,start       ] GC(782) Pause Young (Allocation Failure)
[310.389s][info][gc,heap        ] GC(782) PSYoungGen: 289344K(310272K)->64K(309760K) Eden: 289280K(289280K)->0K(289280K) From: 64K(20992K)->64K(20480K)
[310.389s][info][gc,heap        ] GC(782) ParOldGen: 508328K(508416K)->508328K(508416K)
[310.389s][info][gc,metaspace   ] GC(782) Metaspace: 35374K(36032K)->35374K(36032K) NonClass: 26173K(26688K)->26173K(26688K) Class: 9201K(9344K)->9201K(9344K)
[310.389s][info][gc             ] GC(782) Pause Young (Allocation Failure) 778M->496M(799M) 1.756ms
[310.389s][info][gc,cpu         ] GC(782) User=0.00s Sys=0.00s Real=0.00s
[310.553s][info][gc,start       ] GC(783) Pause Young (Allocation Failure)
[310.555s][info][gc,heap        ] GC(783) PSYoungGen: 289344K(309760K)->64K(312320K) Eden: 289280K(289280K)->0K(293376K) From: 64K(20480K)->64K(18944K)
[310.555s][info][gc,heap        ] GC(783) ParOldGen: 508328K(508416K)->508336K(508416K)
[310.555s][info][gc,metaspace   ] GC(783) Metaspace: 35374K(36032K)->35374K(36032K) NonClass: 26173K(26688K)->26173K(26688K) Class: 9201K(9344K)->9201K(9344K)
[310.555s][info][gc             ] GC(783) Pause Young (Allocation Failure) 778M->496M(801M) 1.737ms
[310.555s][info][gc,cpu         ] GC(783) User=0.01s Sys=0.00s Real=0.00s
[310.607s][info][gc,start       ] GC(784) Pause Young (Allocation Failure)
[310.608s][info][gc,heap        ] GC(784) PSYoungGen: 293440K(312320K)->64K(311808K) Eden: 293376K(293376K)->0K(293376K) From: 64K(18944K)->64K(18432K)
[310.608s][info][gc,heap        ] GC(784) ParOldGen: 508336K(508416K)->508352K(508416K)
[310.608s][info][gc,metaspace   ] GC(784) Metaspace: 35374K(36032K)->35374K(36032K) NonClass: 26173K(26688K)->26173K(26688K) Class: 9201K(9344K)->9201K(9344K)
[310.608s][info][gc             ] GC(784) Pause Young (Allocation Failure) 782M->496M(801M) 1.749ms
[310.608s][info][gc,cpu         ] GC(784) User=0.00s Sys=0.00s Real=0.00s
[310.745s][info][gc,start       ] GC(785) Pause Young (Allocation Failure)
[310.747s][info][gc,heap        ] GC(785) PSYoungGen: 293440K(311808K)->64K(314368K) Eden: 293376K(293376K)->0K(297472K) From: 64K(18432K)->64K(16896K)
[310.747s][info][gc,heap        ] GC(785) ParOldGen: 508352K(508416K)->508352K(508416K)
[310.747s][info][gc,metaspace   ] GC(785) Metaspace: 35374K(36032K)->35374K(36032K) NonClass: 26173K(26688K)->26173K(26688K) Class: 9201K(9344K)->9201K(9344K)
[310.747s][info][gc             ] GC(785) Pause Young (Allocation Failure) 783M->496M(803M) 1.779ms
[310.747s][info][gc,cpu         ] GC(785) User=0.00s Sys=0.00s Real=0.00s
[311.048s][info][gc,start       ] GC(786) Pause Young (Allocation Failure)
[311.050s][info][gc,heap        ] GC(786) PSYoungGen: 297536K(314368K)->64K(313856K) Eden: 297472K(297472K)->0K(297472K) From: 64K(16896K)->64K(16384K)
[311.050s][info][gc,heap        ] GC(786) ParOldGen: 508352K(508416K)->508360K(508416K)
[311.050s][info][gc,metaspace   ] GC(786) Metaspace: 35374K(36032K)->35374K(36032K) NonClass: 26173K(26688K)->26173K(26688K) Class: 9201K(9344K)->9201K(9344K)
[311.050s][info][gc             ] GC(786) Pause Young (Allocation Failure) 787M->496M(803M) 1.737ms
[311.050s][info][gc,cpu         ] GC(786) User=0.00s Sys=0.00s Real=0.00s
[311.228s][info][gc,start       ] GC(787) Pause Young (Allocation Failure)
[311.230s][info][gc,heap        ] GC(787) PSYoungGen: 297536K(313856K)->64K(316416K) Eden: 297472K(297472K)->0K(301568K) From: 64K(16384K)->64K(14848K)
[311.230s][info][gc,heap        ] GC(787) ParOldGen: 508360K(508416K)->508368K(508416K)
[311.230s][info][gc,metaspace   ] GC(787) Metaspace: 35374K(36032K)->35374K(36032K) NonClass: 26173K(26688K)->26173K(26688K) Class: 9201K(9344K)->9201K(9344K)
[311.230s][info][gc             ] GC(787) Pause Young (Allocation Failure) 787M->496M(805M) 1.821ms
[311.230s][info][gc,cpu         ] GC(787) User=0.00s Sys=0.00s Real=0.00s
[311.318s][info][gc,start       ] GC(788) Pause Young (Allocation Failure)
[311.320s][info][gc,heap        ] GC(788) PSYoungGen: 301632K(316416K)->64K(316416K) Eden: 301568K(301568K)->0K(301568K) From: 64K(14848K)->64K(14848K)
[311.320s][info][gc,heap        ] GC(788) ParOldGen: 508368K(508416K)->508384K(508416K)
[311.320s][info][gc,metaspace   ] GC(788) Metaspace: 35374K(36032K)->35374K(36032K) NonClass: 26173K(26688K)->26173K(26688K) Class: 9201K(9344K)->9201K(9344K)
[311.320s][info][gc             ] GC(788) Pause Young (Allocation Failure) 791M->496M(805M) 1.798ms
[311.320s][info][gc,cpu         ] GC(788) User=0.00s Sys=0.00s Real=0.00s
[311.520s][info][gc,start       ] GC(789) Pause Young (Allocation Failure)
[311.522s][info][gc,heap        ] GC(789) PSYoungGen: 301632K(316416K)->64K(317952K) Eden: 301568K(301568K)->0K(305152K) From: 64K(14848K)->64K(12800K)
[311.522s][info][gc,heap        ] GC(789) ParOldGen: 508384K(508416K)->508384K(508416K)
[311.522s][info][gc,metaspace   ] GC(789) Metaspace: 35374K(36032K)->35374K(36032K) NonClass: 26173K(26688K)->26173K(26688K) Class: 9201K(9344K)->9201K(9344K)
[311.522s][info][gc             ] GC(789) Pause Young (Allocation Failure) 791M->496M(807M) 1.699ms
[311.522s][info][gc,cpu         ] GC(789) User=0.00s Sys=0.00s Real=0.01s
[312.492s][info][gc,start       ] GC(790) Pause Young (Allocation Failure)
[312.494s][info][gc,heap        ] GC(790) PSYoungGen: 305216K(317952K)->83K(317952K) Eden: 305152K(305152K)->0K(305152K) From: 64K(12800K)->83K(12800K)
[312.494s][info][gc,heap        ] GC(790) ParOldGen: 508384K(508416K)->508392K(508416K)
[312.494s][info][gc,metaspace   ] GC(790) Metaspace: 35374K(36032K)->35374K(36032K) NonClass: 26173K(26688K)->26173K(26688K) Class: 9201K(9344K)->9201K(9344K)
[312.494s][info][gc             ] GC(790) Pause Young (Allocation Failure) 794M->496M(807M) 1.799ms
[312.494s][info][gc,cpu         ] GC(790) User=0.00s Sys=0.00s Real=0.00s
[313.388s][info][gc,start       ] GC(791) Pause Young (Allocation Failure)
[313.390s][info][gc,heap        ] GC(791) PSYoungGen: 305235K(317952K)->64K(293376K) Eden: 305152K(305152K)->0K(292864K) From: 83K(12800K)->64K(512K)
[313.390s][info][gc,heap        ] GC(791) ParOldGen: 508392K(508416K)->508400K(508416K)
[313.390s][info][gc,metaspace   ] GC(791) Metaspace: 35374K(36032K)->35374K(36032K) NonClass: 26173K(26688K)->26173K(26688K) Class: 9201K(9344K)->9201K(9344K)
[313.390s][info][gc             ] GC(791) Pause Young (Allocation Failure) 794M->496M(783M) 1.831ms
[313.390s][info][gc,cpu         ] GC(791) User=0.00s Sys=0.00s Real=0.00s
[313.834s][info][gc,start       ] GC(792) Pause Young (Allocation Failure)
[313.835s][info][gc,heap        ] GC(792) PSYoungGen: 292928K(293376K)->64K(292352K) Eden: 292864K(292864K)->0K(281088K) From: 64K(512K)->64K(11264K)
[313.835s][info][gc,heap        ] GC(792) ParOldGen: 508400K(508416K)->508408K(508416K)
[313.835s][info][gc,metaspace   ] GC(792) Metaspace: 35374K(36032K)->35374K(36032K) NonClass: 26173K(26688K)->26173K(26688K) Class: 9201K(9344K)->9201K(9344K)
[313.835s][info][gc             ] GC(792) Pause Young (Allocation Failure) 782M->496M(782M) 1.817ms
[313.835s][info][gc,cpu         ] GC(792) User=0.01s Sys=0.00s Real=0.00s
[314.918s][info][gc,start       ] GC(793) Pause Young (Allocation Failure)
[314.920s][info][gc,heap        ] GC(793) PSYoungGen: 281152K(292352K)->64K(270336K) Eden: 281088K(281088K)->0K(269824K) From: 64K(11264K)->64K(512K)
[314.920s][info][gc,heap        ] GC(793) ParOldGen: 508408K(508416K)->508416K(508928K)
[314.920s][info][gc,metaspace   ] GC(793) Metaspace: 35374K(36032K)->35374K(36032K) NonClass: 26173K(26688K)->26173K(26688K) Class: 9201K(9344K)->9201K(9344K)
[314.920s][info][gc             ] GC(793) Pause Young (Allocation Failure) 771M->496M(761M) 2.564ms
[314.920s][info][gc,cpu         ] GC(793) User=0.00s Sys=0.00s Real=0.00s
[315.344s][info][gc,start       ] GC(794) Pause Young (Allocation Failure)
[315.346s][info][gc,heap        ] GC(794) PSYoungGen: 269888K(270336K)->64K(269312K) Eden: 269824K(269824K)->0K(259072K) From: 64K(512K)->64K(10240K)
[315.346s][info][gc,heap        ] GC(794) ParOldGen: 508416K(508928K)->508424K(508928K)
[315.346s][info][gc,metaspace   ] GC(794) Metaspace: 35374K(36032K)->35374K(36032K) NonClass: 26173K(26688K)->26173K(26688K) Class: 9201K(9344K)->9201K(9344K)
[315.346s][info][gc             ] GC(794) Pause Young (Allocation Failure) 760M->496M(760M) 2.076ms
[315.346s][info][gc,cpu         ] GC(794) User=0.00s Sys=0.00s Real=0.00s
[315.512s][info][gc,start       ] GC(795) Pause Young (Allocation Failure)
[315.514s][info][gc,heap        ] GC(795) PSYoungGen: 259136K(269312K)->64K(249344K) Eden: 259072K(259072K)->0K(248832K) From: 64K(10240K)->64K(512K)
[315.514s][info][gc,heap        ] GC(795) ParOldGen: 508424K(508928K)->508432K(508928K)
[315.514s][info][gc,metaspace   ] GC(795) Metaspace: 35374K(36032K)->35374K(36032K) NonClass: 26173K(26688K)->26173K(26688K) Class: 9201K(9344K)->9201K(9344K)
[315.514s][info][gc             ] GC(795) Pause Young (Allocation Failure) 749M->496M(740M) 1.961ms
[315.514s][info][gc,cpu         ] GC(795) User=0.00s Sys=0.00s Real=0.00s
[315.818s][info][gc,start       ] GC(796) Pause Young (Allocation Failure)
[315.820s][info][gc,heap        ] GC(796) PSYoungGen: 248896K(249344K)->64K(247808K) Eden: 248832K(248832K)->0K(239104K) From: 64K(512K)->64K(8704K)
[315.820s][info][gc,heap        ] GC(796) ParOldGen: 508432K(508928K)->508440K(508928K)
[315.820s][info][gc,metaspace   ] GC(796) Metaspace: 35374K(36032K)->35374K(36032K) NonClass: 26173K(26688K)->26173K(26688K) Class: 9201K(9344K)->9201K(9344K)
[315.820s][info][gc             ] GC(796) Pause Young (Allocation Failure) 739M->496M(739M) 1.684ms
[315.820s][info][gc,cpu         ] GC(796) User=0.01s Sys=0.00s Real=0.00s
[316.245s][info][gc,start       ] GC(797) Pause Young (Allocation Failure)
[316.248s][info][gc,heap        ] GC(797) PSYoungGen: 239168K(247808K)->64K(230400K) Eden: 239104K(239104K)->0K(229888K) From: 64K(8704K)->64K(512K)
[316.248s][info][gc,heap        ] GC(797) ParOldGen: 508440K(508928K)->508448K(508928K)
[316.248s][info][gc,metaspace   ] GC(797) Metaspace: 35374K(36032K)->35374K(36032K) NonClass: 26173K(26688K)->26173K(26688K) Class: 9201K(9344K)->9201K(9344K)
[316.248s][info][gc             ] GC(797) Pause Young (Allocation Failure) 730M->496M(722M) 2.579ms
[316.248s][info][gc,cpu         ] GC(797) User=0.00s Sys=0.00s Real=0.00s
[316.583s][info][gc,start       ] GC(798) Pause Young (Allocation Failure)
[316.589s][info][gc,heap        ] GC(798) PSYoungGen: 229952K(230400K)->3264K(228864K) Eden: 229888K(229888K)->0K(221184K) From: 64K(512K)->3264K(7680K)
[316.589s][info][gc,heap        ] GC(798) ParOldGen: 508448K(508928K)->508456K(508928K)
[316.589s][info][gc,metaspace   ] GC(798) Metaspace: 35374K(36032K)->35374K(36032K) NonClass: 26173K(26688K)->26173K(26688K) Class: 9201K(9344K)->9201K(9344K)
[316.589s][info][gc             ] GC(798) Pause Young (Allocation Failure) 721M->499M(720M) 6.327ms
[316.589s][info][gc,cpu         ] GC(798) User=0.01s Sys=0.00s Real=0.00s
[316.864s][info][gc,start       ] GC(799) Pause Young (Allocation Failure)
[316.915s][info][gc,heap        ] GC(799) PSYoungGen: 224448K(228864K)->7680K(273408K) Eden: 221184K(221184K)->0K(265728K) From: 3264K(7680K)->7680K(7680K)
[316.915s][info][gc,heap        ] GC(799) ParOldGen: 508456K(508928K)->525808K(525824K)
[316.915s][info][gc,metaspace   ] GC(799) Metaspace: 35374K(36032K)->35374K(36032K) NonClass: 26173K(26688K)->26173K(26688K) Class: 9201K(9344K)->9201K(9344K)
[316.915s][info][gc             ] GC(799) Pause Young (Allocation Failure) 715M->520M(780M) 50.696ms
[316.915s][info][gc,cpu         ] GC(799) User=0.10s Sys=0.01s Real=0.05s
[317.248s][info][gc,start       ] GC(800) Pause Young (Allocation Failure)
[317.309s][info][gc,heap        ] GC(800) PSYoungGen: 273408K(273408K)->15872K(281600K) Eden: 265728K(265728K)->0K(265728K) From: 7680K(7680K)->15872K(15872K)
[317.309s][info][gc,heap        ] GC(800) ParOldGen: 525808K(525824K)->540464K(540672K)
[317.309s][info][gc,metaspace   ] GC(800) Metaspace: 35374K(36032K)->35374K(36032K) NonClass: 26173K(26688K)->26173K(26688K) Class: 9201K(9344K)->9201K(9344K)
[317.309s][info][gc             ] GC(800) Pause Young (Allocation Failure) 780M->543M(803M) 61.656ms
[317.309s][info][gc,cpu         ] GC(800) User=0.11s Sys=0.01s Real=0.06s
[317.435s][info][gc,start       ] GC(801) Pause Young (Allocation Failure)
[317.450s][info][gc,heap        ] GC(801) PSYoungGen: 281600K(281600K)->4320K(310784K) Eden: 265728K(265728K)->0K(286208K) From: 15872K(15872K)->4320K(24576K)
[317.450s][info][gc,heap        ] GC(801) ParOldGen: 540464K(540672K)->540848K(541184K)
[317.450s][info][gc,metaspace   ] GC(801) Metaspace: 35374K(36032K)->35374K(36032K) NonClass: 26173K(26688K)->26173K(26688K) Class: 9201K(9344K)->9201K(9344K)
[317.450s][info][gc             ] GC(801) Pause Young (Allocation Failure) 802M->532M(832M) 15.067ms
[317.450s][info][gc,cpu         ] GC(801) User=0.02s Sys=0.00s Real=0.01s
[318.066s][info][gc,start       ] GC(802) Pause Young (Allocation Failure)
[318.068s][info][gc,heap        ] GC(802) PSYoungGen: 290528K(310784K)->64K(286720K) Eden: 286208K(286208K)->0K(286208K) From: 4320K(24576K)->64K(512K)
[318.068s][info][gc,heap        ] GC(802) ParOldGen: 540848K(541184K)->540856K(541184K)
[318.068s][info][gc,metaspace   ] GC(802) Metaspace: 35374K(36032K)->35374K(36032K) NonClass: 26173K(26688K)->26173K(26688K) Class: 9201K(9344K)->9201K(9344K)
[318.068s][info][gc             ] GC(802) Pause Young (Allocation Failure) 811M->528M(808M) 1.896ms
[318.068s][info][gc,cpu         ] GC(802) User=0.00s Sys=0.00s Real=0.00s
[318.588s][info][gc,start       ] GC(803) Pause Young (Allocation Failure)
[318.590s][info][gc,heap        ] GC(803) PSYoungGen: 286272K(286720K)->128K(309248K) Eden: 286208K(286208K)->0K(286720K) From: 64K(512K)->128K(22528K)
[318.591s][info][gc,heap        ] GC(803) ParOldGen: 540856K(541184K)->540864K(541184K)
[318.591s][info][gc,metaspace   ] GC(803) Metaspace: 35447K(36096K)->35447K(36096K) NonClass: 26245K(26752K)->26245K(26752K) Class: 9202K(9344K)->9202K(9344K)
[318.591s][info][gc             ] GC(803) Pause Young (Allocation Failure) 807M->528M(830M) 2.486ms
[318.591s][info][gc,cpu         ] GC(803) User=0.00s Sys=0.00s Real=0.00s
[319.066s][info][gc,start       ] GC(804) Pause Young (Allocation Failure)
[319.068s][info][gc,heap        ] GC(804) PSYoungGen: 286848K(309248K)->64K(308736K) Eden: 286720K(286720K)->0K(286720K) From: 128K(22528K)->64K(22016K)
[319.068s][info][gc,heap        ] GC(804) ParOldGen: 540864K(541184K)->540944K(541184K)
[319.068s][info][gc,metaspace   ] GC(804) Metaspace: 35447K(36096K)->35447K(36096K) NonClass: 26245K(26752K)->26245K(26752K) Class: 9202K(9344K)->9202K(9344K)
[319.068s][info][gc             ] GC(804) Pause Young (Allocation Failure) 808M->528M(830M) 2.049ms
[319.068s][info][gc,cpu         ] GC(804) User=0.00s Sys=0.00s Real=0.00s
[319.319s][info][gc,start       ] GC(805) Pause Young (Allocation Failure)
[319.321s][info][gc,heap        ] GC(805) PSYoungGen: 286784K(308736K)->32K(310784K) Eden: 286720K(286720K)->0K(290304K) From: 64K(22016K)->32K(20480K)
[319.321s][info][gc,heap        ] GC(805) ParOldGen: 540944K(541184K)->540960K(541184K)
[319.321s][info][gc,metaspace   ] GC(805) Metaspace: 35447K(36096K)->35447K(36096K) NonClass: 26245K(26752K)->26245K(26752K) Class: 9202K(9344K)->9202K(9344K)
[319.321s][info][gc             ] GC(805) Pause Young (Allocation Failure) 808M->528M(832M) 1.860ms
[319.321s][info][gc,cpu         ] GC(805) User=0.00s Sys=0.00s Real=0.00s
[319.694s][info][gc,start       ] GC(806) Pause Young (Allocation Failure)
[319.696s][info][gc,heap        ] GC(806) PSYoungGen: 290336K(310784K)->64K(310272K) Eden: 290304K(290304K)->0K(290304K) From: 32K(20480K)->64K(19968K)
[319.696s][info][gc,heap        ] GC(806) ParOldGen: 540960K(541184K)->540960K(541184K)
[319.696s][info][gc,metaspace   ] GC(806) Metaspace: 35447K(36096K)->35447K(36096K) NonClass: 26245K(26752K)->26245K(26752K) Class: 9202K(9344K)->9202K(9344K)
[319.696s][info][gc             ] GC(806) Pause Young (Allocation Failure) 811M->528M(831M) 1.779ms
[319.696s][info][gc,cpu         ] GC(806) User=0.00s Sys=0.01s Real=0.00s
[319.829s][info][gc,start       ] GC(807) Pause Young (Allocation Failure)
[319.831s][info][gc,heap        ] GC(807) PSYoungGen: 290368K(310272K)->64K(312832K) Eden: 290304K(290304K)->0K(293888K) From: 64K(19968K)->64K(18944K)
[319.831s][info][gc,heap        ] GC(807) ParOldGen: 540960K(541184K)->540968K(541184K)
[319.831s][info][gc,metaspace   ] GC(807) Metaspace: 35447K(36096K)->35447K(36096K) NonClass: 26245K(26752K)->26245K(26752K) Class: 9202K(9344K)->9202K(9344K)
[319.831s][info][gc             ] GC(807) Pause Young (Allocation Failure) 811M->528M(834M) 1.821ms
[319.831s][info][gc,cpu         ] GC(807) User=0.00s Sys=0.00s Real=0.00s
[319.884s][info][gc,start       ] GC(808) Pause Young (Allocation Failure)
[319.886s][info][gc,heap        ] GC(808) PSYoungGen: 293952K(312832K)->64K(312320K) Eden: 293888K(293888K)->0K(293888K) From: 64K(18944K)->64K(18432K)
[319.886s][info][gc,heap        ] GC(808) ParOldGen: 540968K(541184K)->540984K(541184K)
[319.886s][info][gc,metaspace   ] GC(808) Metaspace: 35447K(36096K)->35447K(36096K) NonClass: 26245K(26752K)->26245K(26752K) Class: 9202K(9344K)->9202K(9344K)
[319.886s][info][gc             ] GC(808) Pause Young (Allocation Failure) 815M->528M(833M) 1.761ms
[319.886s][info][gc,cpu         ] GC(808) User=0.00s Sys=0.00s Real=0.00s
[320.054s][info][gc,start       ] GC(809) Pause Young (Allocation Failure)
[320.056s][info][gc,heap        ] GC(809) PSYoungGen: 293952K(312320K)->64K(314368K) Eden: 293888K(293888K)->0K(297472K) From: 64K(18432K)->64K(16896K)
[320.056s][info][gc,heap        ] GC(809) ParOldGen: 540984K(541184K)->540984K(541184K)
[320.056s][info][gc,metaspace   ] GC(809) Metaspace: 35447K(36096K)->35447K(36096K) NonClass: 26245K(26752K)->26245K(26752K) Class: 9202K(9344K)->9202K(9344K)
[320.056s][info][gc             ] GC(809) Pause Young (Allocation Failure) 815M->528M(835M) 1.814ms
[320.056s][info][gc,cpu         ] GC(809) User=0.00s Sys=0.00s Real=0.00s
[320.352s][info][gc,start       ] GC(810) Pause Young (Allocation Failure)
[320.354s][info][gc,heap        ] GC(810) PSYoungGen: 297536K(314368K)->64K(313856K) Eden: 297472K(297472K)->0K(297472K) From: 64K(16896K)->64K(16384K)
[320.354s][info][gc,heap        ] GC(810) ParOldGen: 540984K(541184K)->540992K(541184K)
[320.354s][info][gc,metaspace   ] GC(810) Metaspace: 35447K(36096K)->35447K(36096K) NonClass: 26245K(26752K)->26245K(26752K) Class: 9202K(9344K)->9202K(9344K)
[320.354s][info][gc             ] GC(810) Pause Young (Allocation Failure) 818M->528M(835M) 1.779ms
[320.354s][info][gc,cpu         ] GC(810) User=0.00s Sys=0.00s Real=0.00s
[320.516s][info][gc,start       ] GC(811) Pause Young (Allocation Failure)
[320.518s][info][gc,heap        ] GC(811) PSYoungGen: 297536K(313856K)->64K(316416K) Eden: 297472K(297472K)->0K(301568K) From: 64K(16384K)->64K(14848K)
[320.518s][info][gc,heap        ] GC(811) ParOldGen: 540992K(541184K)->541000K(541184K)
[320.518s][info][gc,metaspace   ] GC(811) Metaspace: 35447K(36096K)->35447K(36096K) NonClass: 26245K(26752K)->26245K(26752K) Class: 9202K(9344K)->9202K(9344K)
[320.518s][info][gc             ] GC(811) Pause Young (Allocation Failure) 818M->528M(837M) 1.806ms
[320.518s][info][gc,cpu         ] GC(811) User=0.00s Sys=0.00s Real=0.00s
[320.617s][info][gc,start       ] GC(812) Pause Young (Allocation Failure)
[320.619s][info][gc,heap        ] GC(812) PSYoungGen: 301632K(316416K)->64K(315904K) Eden: 301568K(301568K)->0K(301568K) From: 64K(14848K)->64K(14336K)
[320.619s][info][gc,heap        ] GC(812) ParOldGen: 541000K(541184K)->541008K(541184K)
[320.619s][info][gc,metaspace   ] GC(812) Metaspace: 35447K(36096K)->35447K(36096K) NonClass: 26245K(26752K)->26245K(26752K) Class: 9202K(9344K)->9202K(9344K)
[320.619s][info][gc             ] GC(812) Pause Young (Allocation Failure) 822M->528M(837M) 1.811ms
[320.619s][info][gc,cpu         ] GC(812) User=0.01s Sys=0.00s Real=0.00s
[320.821s][info][gc,start       ] GC(813) Pause Young (Allocation Failure)
[320.823s][info][gc,heap        ] GC(813) PSYoungGen: 301632K(315904K)->64K(318464K) Eden: 301568K(301568K)->0K(305664K) From: 64K(14336K)->64K(12800K)
[320.823s][info][gc,heap        ] GC(813) ParOldGen: 541008K(541184K)->541016K(541184K)
[320.823s][info][gc,metaspace   ] GC(813) Metaspace: 35447K(36096K)->35447K(36096K) NonClass: 26245K(26752K)->26245K(26752K) Class: 9202K(9344K)->9202K(9344K)
[320.823s][info][gc             ] GC(813) Pause Young (Allocation Failure) 822M->528M(839M) 1.854ms
[320.823s][info][gc,cpu         ] GC(813) User=0.00s Sys=0.00s Real=0.01s
[321.772s][info][gc,start       ] GC(814) Pause Young (Allocation Failure)
[321.774s][info][gc,heap        ] GC(814) PSYoungGen: 305728K(318464K)->83K(318464K) Eden: 305664K(305664K)->0K(305664K) From: 64K(12800K)->83K(12800K)
[321.774s][info][gc,heap        ] GC(814) ParOldGen: 541016K(541184K)->541024K(541184K)
[321.774s][info][gc,metaspace   ] GC(814) Metaspace: 35447K(36096K)->35447K(36096K) NonClass: 26245K(26752K)->26245K(26752K) Class: 9202K(9344K)->9202K(9344K)
[321.774s][info][gc             ] GC(814) Pause Young (Allocation Failure) 826M->528M(839M) 1.881ms
[321.774s][info][gc,cpu         ] GC(814) User=0.00s Sys=0.00s Real=0.00s
[322.708s][info][gc,start       ] GC(815) Pause Young (Allocation Failure)
[322.709s][info][gc,heap        ] GC(815) PSYoungGen: 305747K(318464K)->64K(293888K) Eden: 305664K(305664K)->0K(293376K) From: 83K(12800K)->64K(512K)
[322.709s][info][gc,heap        ] GC(815) ParOldGen: 541024K(541184K)->541032K(541184K)
[322.709s][info][gc,metaspace   ] GC(815) Metaspace: 35447K(36096K)->35447K(36096K) NonClass: 26245K(26752K)->26245K(26752K) Class: 9202K(9344K)->9202K(9344K)
[322.709s][info][gc             ] GC(815) Pause Young (Allocation Failure) 826M->528M(815M) 1.839ms
[322.709s][info][gc,cpu         ] GC(815) User=0.00s Sys=0.00s Real=0.00s
[323.211s][info][gc,start       ] GC(816) Pause Young (Allocation Failure)
[323.213s][info][gc,heap        ] GC(816) PSYoungGen: 293440K(293888K)->64K(292864K) Eden: 293376K(293376K)->0K(281600K) From: 64K(512K)->64K(11264K)
[323.213s][info][gc,heap        ] GC(816) ParOldGen: 541032K(541184K)->541040K(541184K)
[323.213s][info][gc,metaspace   ] GC(816) Metaspace: 35447K(36096K)->35447K(36096K) NonClass: 26245K(26752K)->26245K(26752K) Class: 9202K(9344K)->9202K(9344K)
[323.213s][info][gc             ] GC(816) Pause Young (Allocation Failure) 814M->528M(814M) 1.840ms
[323.213s][info][gc,cpu         ] GC(816) User=0.00s Sys=0.00s Real=0.01s
[324.270s][info][gc,start       ] GC(817) Pause Young (Allocation Failure)
[324.272s][info][gc,heap        ] GC(817) PSYoungGen: 281664K(292864K)->64K(270848K) Eden: 281600K(281600K)->0K(270336K) From: 64K(11264K)->64K(512K)
[324.272s][info][gc,heap        ] GC(817) ParOldGen: 541040K(541184K)->541048K(541184K)
[324.272s][info][gc,metaspace   ] GC(817) Metaspace: 35447K(36096K)->35447K(36096K) NonClass: 26245K(26752K)->26245K(26752K) Class: 9202K(9344K)->9202K(9344K)
[324.272s][info][gc             ] GC(817) Pause Young (Allocation Failure) 803M->528M(793M) 2.054ms
[324.272s][info][gc,cpu         ] GC(817) User=0.01s Sys=0.00s Real=0.01s
[324.701s][info][gc,start       ] GC(818) Pause Young (Allocation Failure)
[324.703s][info][gc,heap        ] GC(818) PSYoungGen: 270400K(270848K)->64K(269312K) Eden: 270336K(270336K)->0K(259584K) From: 64K(512K)->64K(9728K)
[324.703s][info][gc,heap        ] GC(818) ParOldGen: 541048K(541184K)->541056K(541184K)
[324.703s][info][gc,metaspace   ] GC(818) Metaspace: 35447K(36096K)->35447K(36096K) NonClass: 26245K(26752K)->26245K(26752K) Class: 9202K(9344K)->9202K(9344K)
[324.703s][info][gc             ] GC(818) Pause Young (Allocation Failure) 792M->528M(791M) 1.811ms
[324.703s][info][gc,cpu         ] GC(818) User=0.00s Sys=0.00s Real=0.01s
[324.855s][info][gc,start       ] GC(819) Pause Young (Allocation Failure)
[324.857s][info][gc,heap        ] GC(819) PSYoungGen: 259648K(269312K)->64K(249856K) Eden: 259584K(259584K)->0K(249344K) From: 64K(9728K)->64K(512K)
[324.857s][info][gc,heap        ] GC(819) ParOldGen: 541056K(541184K)->541064K(541184K)
[324.857s][info][gc,metaspace   ] GC(819) Metaspace: 35447K(36096K)->35447K(36096K) NonClass: 26245K(26752K)->26245K(26752K) Class: 9202K(9344K)->9202K(9344K)
[324.857s][info][gc             ] GC(819) Pause Young (Allocation Failure) 781M->528M(772M) 2.394ms
[324.857s][info][gc,cpu         ] GC(819) User=0.00s Sys=0.00s Real=0.00s
[325.253s][info][gc,start       ] GC(820) Pause Young (Allocation Failure)
[325.255s][info][gc,heap        ] GC(820) PSYoungGen: 249408K(249856K)->64K(248320K) Eden: 249344K(249344K)->0K(239616K) From: 64K(512K)->64K(8704K)
[325.255s][info][gc,heap        ] GC(820) ParOldGen: 541064K(541184K)->541072K(541184K)
[325.255s][info][gc,metaspace   ] GC(820) Metaspace: 35447K(36096K)->35447K(36096K) NonClass: 26245K(26752K)->26245K(26752K) Class: 9202K(9344K)->9202K(9344K)
[325.255s][info][gc             ] GC(820) Pause Young (Allocation Failure) 771M->528M(771M) 1.757ms
[325.255s][info][gc,cpu         ] GC(820) User=0.01s Sys=0.00s Real=0.00s
[325.604s][info][gc,start       ] GC(821) Pause Young (Allocation Failure)
[325.606s][info][gc,heap        ] GC(821) PSYoungGen: 239680K(248320K)->64K(230912K) Eden: 239616K(239616K)->0K(230400K) From: 64K(8704K)->64K(512K)
[325.606s][info][gc,heap        ] GC(821) ParOldGen: 541072K(541184K)->541080K(541184K)
[325.606s][info][gc,metaspace   ] GC(821) Metaspace: 35447K(36096K)->35447K(36096K) NonClass: 26245K(26752K)->26245K(26752K) Class: 9202K(9344K)->9202K(9344K)
[325.606s][info][gc             ] GC(821) Pause Young (Allocation Failure) 762M->528M(754M) 2.321ms
[325.606s][info][gc,cpu         ] GC(821) User=0.01s Sys=0.00s Real=0.00s
[325.959s][info][gc,start       ] GC(822) Pause Young (Allocation Failure)
[325.972s][info][gc,heap        ] GC(822) PSYoungGen: 230464K(230912K)->7168K(283648K) Eden: 230400K(230400K)->0K(276480K) From: 64K(512K)->7168K(7168K)
[325.972s][info][gc,heap        ] GC(822) ParOldGen: 541080K(541184K)->541656K(541696K)
[325.972s][info][gc,metaspace   ] GC(822) Metaspace: 35447K(36096K)->35447K(36096K) NonClass: 26245K(26752K)->26245K(26752K) Class: 9202K(9344K)->9202K(9344K)
[325.972s][info][gc             ] GC(822) Pause Young (Allocation Failure) 753M->535M(806M) 13.410ms
[325.972s][info][gc,cpu         ] GC(822) User=0.03s Sys=0.00s Real=0.02s
[326.319s][info][gc,start       ] GC(823) Pause Young (Allocation Failure)
[326.385s][info][gc,heap        ] GC(823) PSYoungGen: 283648K(283648K)->8192K(275456K) Eden: 276480K(276480K)->0K(267264K) From: 7168K(7168K)->8192K(8192K)
[326.385s][info][gc,heap        ] GC(823) ParOldGen: 541656K(541696K)->564776K(565248K)
[326.385s][info][gc,metaspace   ] GC(823) Metaspace: 35447K(36096K)->35447K(36096K) NonClass: 26245K(26752K)->26245K(26752K) Class: 9202K(9344K)->9202K(9344K)
[326.385s][info][gc             ] GC(823) Pause Young (Allocation Failure) 805M->559M(821M) 65.921ms
[326.385s][info][gc,cpu         ] GC(823) User=0.10s Sys=0.02s Real=0.07s
[326.664s][info][gc,start       ] GC(824) Pause Young (Allocation Failure)
[326.711s][info][gc,heap        ] GC(824) PSYoungGen: 275456K(275456K)->19456K(286720K) Eden: 267264K(267264K)->0K(267264K) From: 8192K(8192K)->19456K(19456K)
[326.711s][info][gc,heap        ] GC(824) ParOldGen: 564776K(565248K)->569544K(569856K)
[326.711s][info][gc,metaspace   ] GC(824) Metaspace: 35447K(36096K)->35447K(36096K) NonClass: 26245K(26752K)->26245K(26752K) Class: 9202K(9344K)->9202K(9344K)
[326.711s][info][gc             ] GC(824) Pause Young (Allocation Failure) 820M->575M(836M) 46.837ms
[326.711s][info][gc,cpu         ] GC(824) User=0.09s Sys=0.01s Real=0.04s
[326.896s][info][gc,start       ] GC(825) Pause Young (Allocation Failure)
[326.899s][info][gc,heap        ] GC(825) PSYoungGen: 286720K(286720K)->64K(309248K) Eden: 267264K(267264K)->0K(283648K) From: 19456K(19456K)->64K(25600K)
[326.899s][info][gc,heap        ] GC(825) ParOldGen: 569544K(569856K)->569664K(569856K)
[326.899s][info][gc,metaspace   ] GC(825) Metaspace: 35447K(36096K)->35447K(36096K) NonClass: 26245K(26752K)->26245K(26752K) Class: 9202K(9344K)->9202K(9344K)
[326.899s][info][gc             ] GC(825) Pause Young (Allocation Failure) 836M->556M(858M) 3.152ms
[326.899s][info][gc,cpu         ] GC(825) User=0.01s Sys=0.00s Real=0.00s
[327.597s][info][gc,start       ] GC(826) Pause Young (Allocation Failure)
[327.599s][info][gc,heap        ] GC(826) PSYoungGen: 283712K(309248K)->64K(284160K) Eden: 283648K(283648K)->0K(283648K) From: 64K(25600K)->64K(512K)
[327.599s][info][gc,heap        ] GC(826) ParOldGen: 569664K(569856K)->569680K(569856K)
[327.599s][info][gc,metaspace   ] GC(826) Metaspace: 35447K(36096K)->35447K(36096K) NonClass: 26245K(26752K)->26245K(26752K) Class: 9202K(9344K)->9202K(9344K)
[327.599s][info][gc             ] GC(826) Pause Young (Allocation Failure) 833M->556M(834M) 1.917ms
[327.599s][info][gc,cpu         ] GC(826) User=0.00s Sys=0.00s Real=0.00s
[328.087s][info][gc,start       ] GC(827) Pause Young (Allocation Failure)
[328.089s][info][gc,heap        ] GC(827) PSYoungGen: 283712K(284160K)->64K(307712K) Eden: 283648K(283648K)->0K(284160K) From: 64K(512K)->64K(23552K)
[328.089s][info][gc,heap        ] GC(827) ParOldGen: 569680K(569856K)->569688K(569856K)
[328.089s][info][gc,metaspace   ] GC(827) Metaspace: 35449K(36096K)->35449K(36096K) NonClass: 26247K(26752K)->26247K(26752K) Class: 9202K(9344K)->9202K(9344K)
[328.089s][info][gc             ] GC(827) Pause Young (Allocation Failure) 833M->556M(857M) 1.900ms
[328.089s][info][gc,cpu         ] GC(827) User=0.00s Sys=0.00s Real=0.00s
[328.325s][info][gc,start       ] GC(828) Pause Young (Allocation Failure)
[328.327s][info][gc,heap        ] GC(828) PSYoungGen: 284224K(307712K)->64K(307200K) Eden: 284160K(284160K)->0K(284160K) From: 64K(23552K)->64K(23040K)
[328.327s][info][gc,heap        ] GC(828) ParOldGen: 569688K(569856K)->569704K(569856K)
[328.327s][info][gc,metaspace   ] GC(828) Metaspace: 35449K(36096K)->35449K(36096K) NonClass: 26247K(26752K)->26247K(26752K) Class: 9202K(9344K)->9202K(9344K)
[328.327s][info][gc             ] GC(828) Pause Young (Allocation Failure) 833M->556M(856M) 1.960ms
[328.327s][info][gc,cpu         ] GC(828) User=0.00s Sys=0.00s Real=0.00s
[328.567s][info][gc,start       ] GC(829) Pause Young (Allocation Failure)
[328.569s][info][gc,heap        ] GC(829) PSYoungGen: 284224K(307200K)->64K(309760K) Eden: 284160K(284160K)->0K(288256K) From: 64K(23040K)->64K(21504K)
[328.569s][info][gc,heap        ] GC(829) ParOldGen: 569704K(569856K)->569704K(569856K)
[328.569s][info][gc,metaspace   ] GC(829) Metaspace: 35449K(36096K)->35449K(36096K) NonClass: 26247K(26752K)->26247K(26752K) Class: 9202K(9344K)->9202K(9344K)
[328.569s][info][gc             ] GC(829) Pause Young (Allocation Failure) 833M->556M(859M) 2.052ms
[328.569s][info][gc,cpu         ] GC(829) User=0.00s Sys=0.00s Real=0.00s
[328.964s][info][gc,start       ] GC(830) Pause Young (Allocation Failure)
[328.966s][info][gc,heap        ] GC(830) PSYoungGen: 288320K(309760K)->64K(309248K) Eden: 288256K(288256K)->0K(288256K) From: 64K(21504K)->64K(20992K)
[328.966s][info][gc,heap        ] GC(830) ParOldGen: 569704K(569856K)->569704K(569856K)
[328.966s][info][gc,metaspace   ] GC(830) Metaspace: 35449K(36096K)->35449K(36096K) NonClass: 26247K(26752K)->26247K(26752K) Class: 9202K(9344K)->9202K(9344K)
[328.966s][info][gc             ] GC(830) Pause Young (Allocation Failure) 837M->556M(858M) 1.899ms
[328.966s][info][gc,cpu         ] GC(830) User=0.00s Sys=0.00s Real=0.00s
[329.016s][info][gc,start       ] GC(831) Pause Young (Allocation Failure)
[329.018s][info][gc,heap        ] GC(831) PSYoungGen: 288320K(309248K)->64K(311808K) Eden: 288256K(288256K)->0K(292352K) From: 64K(20992K)->64K(19456K)
[329.018s][info][gc,heap        ] GC(831) ParOldGen: 569704K(569856K)->569720K(569856K)
[329.018s][info][gc,metaspace   ] GC(831) Metaspace: 35449K(36096K)->35449K(36096K) NonClass: 26247K(26752K)->26247K(26752K) Class: 9202K(9344K)->9202K(9344K)
[329.018s][info][gc             ] GC(831) Pause Young (Allocation Failure) 837M->556M(861M) 1.954ms
[329.018s][info][gc,cpu         ] GC(831) User=0.00s Sys=0.00s Real=0.00s
[329.070s][info][gc,start       ] GC(832) Pause Young (Allocation Failure)
[329.071s][info][gc,heap        ] GC(832) PSYoungGen: 292416K(311808K)->64K(311296K) Eden: 292352K(292352K)->0K(292352K) From: 64K(19456K)->64K(18944K)
[329.071s][info][gc,heap        ] GC(832) ParOldGen: 569720K(569856K)->569720K(569856K)
[329.071s][info][gc,metaspace   ] GC(832) Metaspace: 35449K(36096K)->35449K(36096K) NonClass: 26247K(26752K)->26247K(26752K) Class: 9202K(9344K)->9202K(9344K)
[329.071s][info][gc             ] GC(832) Pause Young (Allocation Failure) 841M->556M(860M) 1.918ms
[329.071s][info][gc,cpu         ] GC(832) User=0.01s Sys=0.00s Real=0.00s
[329.310s][info][gc,start       ] GC(833) Pause Young (Allocation Failure)
[329.312s][info][gc,heap        ] GC(833) PSYoungGen: 292416K(311296K)->64K(313856K) Eden: 292352K(292352K)->0K(296448K) From: 64K(18944K)->64K(17408K)
[329.312s][info][gc,heap        ] GC(833) ParOldGen: 569720K(569856K)->569720K(569856K)
[329.312s][info][gc,metaspace   ] GC(833) Metaspace: 35449K(36096K)->35449K(36096K) NonClass: 26247K(26752K)->26247K(26752K) Class: 9202K(9344K)->9202K(9344K)
[329.312s][info][gc             ] GC(833) Pause Young (Allocation Failure) 841M->556M(863M) 1.927ms
[329.312s][info][gc,cpu         ] GC(833) User=0.01s Sys=0.00s Real=0.01s
[329.572s][info][gc,start       ] GC(834) Pause Young (Allocation Failure)
[329.573s][info][gc,heap        ] GC(834) PSYoungGen: 296512K(313856K)->64K(313344K) Eden: 296448K(296448K)->0K(296448K) From: 64K(17408K)->64K(16896K)
[329.573s][info][gc,heap        ] GC(834) ParOldGen: 569720K(569856K)->569728K(569856K)
[329.573s][info][gc,metaspace   ] GC(834) Metaspace: 35449K(36096K)->35449K(36096K) NonClass: 26247K(26752K)->26247K(26752K) Class: 9202K(9344K)->9202K(9344K)
[329.574s][info][gc             ] GC(834) Pause Young (Allocation Failure) 845M->556M(862M) 1.932ms
[329.574s][info][gc,cpu         ] GC(834) User=0.01s Sys=0.00s Real=0.01s
[329.684s][info][gc,start       ] GC(835) Pause Young (Allocation Failure)
[329.686s][info][gc,heap        ] GC(835) PSYoungGen: 296512K(313344K)->64K(315904K) Eden: 296448K(296448K)->0K(300544K) From: 64K(16896K)->64K(15360K)
[329.686s][info][gc,heap        ] GC(835) ParOldGen: 569728K(569856K)->569736K(569856K)
[329.686s][info][gc,metaspace   ] GC(835) Metaspace: 35449K(36096K)->35449K(36096K) NonClass: 26247K(26752K)->26247K(26752K) Class: 9202K(9344K)->9202K(9344K)
[329.686s][info][gc             ] GC(835) Pause Young (Allocation Failure) 845M->556M(865M) 2.007ms
[329.686s][info][gc,cpu         ] GC(835) User=0.00s Sys=0.00s Real=0.00s
[329.818s][info][gc,start       ] GC(836) Pause Young (Allocation Failure)
[329.820s][info][gc,heap        ] GC(836) PSYoungGen: 300608K(315904K)->64K(315392K) Eden: 300544K(300544K)->0K(300544K) From: 64K(15360K)->64K(14848K)
[329.820s][info][gc,heap        ] GC(836) ParOldGen: 569736K(569856K)->569744K(569856K)
[329.820s][info][gc,metaspace   ] GC(836) Metaspace: 35449K(36096K)->35449K(36096K) NonClass: 26247K(26752K)->26247K(26752K) Class: 9202K(9344K)->9202K(9344K)
[329.820s][info][gc             ] GC(836) Pause Young (Allocation Failure) 849M->556M(864M) 1.943ms
[329.820s][info][gc,cpu         ] GC(836) User=0.01s Sys=0.00s Real=0.00s
[330.217s][info][gc,start       ] GC(837) Pause Young (Allocation Failure)
[330.218s][info][gc,heap        ] GC(837) PSYoungGen: 300608K(315392K)->64K(317952K) Eden: 300544K(300544K)->0K(304640K) From: 64K(14848K)->64K(13312K)
[330.218s][info][gc,heap        ] GC(837) ParOldGen: 569744K(569856K)->569752K(569856K)
[330.218s][info][gc,metaspace   ] GC(837) Metaspace: 35449K(36096K)->35449K(36096K) NonClass: 26247K(26752K)->26247K(26752K) Class: 9202K(9344K)->9202K(9344K)
[330.219s][info][gc             ] GC(837) Pause Young (Allocation Failure) 849M->556M(867M) 1.924ms
[330.219s][info][gc,cpu         ] GC(837) User=0.00s Sys=0.00s Real=0.00s
[330.912s][info][gc,start       ] GC(838) Pause Young (Allocation Failure)
[330.914s][info][gc,heap        ] GC(838) PSYoungGen: 304704K(317952K)->83K(317440K) Eden: 304640K(304640K)->0K(304640K) From: 64K(13312K)->83K(12800K)
[330.914s][info][gc,heap        ] GC(838) ParOldGen: 569752K(569856K)->569760K(569856K)
[330.914s][info][gc,metaspace   ] GC(838) Metaspace: 35449K(36096K)->35449K(36096K) NonClass: 26247K(26752K)->26247K(26752K) Class: 9202K(9344K)->9202K(9344K)
[330.914s][info][gc             ] GC(838) Pause Young (Allocation Failure) 853M->556M(866M) 1.979ms
[330.914s][info][gc,cpu         ] GC(838) User=0.01s Sys=0.00s Real=0.00s
[331.991s][info][gc,start       ] GC(839) Pause Young (Allocation Failure)
[331.993s][info][gc,heap        ] GC(839) PSYoungGen: 304723K(317440K)->64K(292864K) Eden: 304640K(304640K)->0K(292352K) From: 83K(12800K)->64K(512K)
[331.993s][info][gc,heap        ] GC(839) ParOldGen: 569760K(569856K)->569768K(569856K)
[331.993s][info][gc,metaspace   ] GC(839) Metaspace: 35449K(36096K)->35449K(36096K) NonClass: 26247K(26752K)->26247K(26752K) Class: 9202K(9344K)->9202K(9344K)
[331.993s][info][gc             ] GC(839) Pause Young (Allocation Failure) 853M->556M(842M) 1.961ms
[331.993s][info][gc,cpu         ] GC(839) User=0.00s Sys=0.01s Real=0.01s
[332.613s][info][gc,start       ] GC(840) Pause Young (Allocation Failure)
[332.616s][info][gc,heap        ] GC(840) PSYoungGen: 292416K(292864K)->32K(291840K) Eden: 292352K(292352K)->0K(280576K) From: 64K(512K)->32K(11264K)
[332.616s][info][gc,heap        ] GC(840) ParOldGen: 569768K(569856K)->569776K(569856K)
[332.616s][info][gc,metaspace   ] GC(840) Metaspace: 35449K(36096K)->35449K(36096K) NonClass: 26247K(26752K)->26247K(26752K) Class: 9202K(9344K)->9202K(9344K)
[332.616s][info][gc             ] GC(840) Pause Young (Allocation Failure) 841M->556M(841M) 2.918ms
[332.616s][info][gc,cpu         ] GC(840) User=0.00s Sys=0.00s Real=0.00s
[333.667s][info][gc,start       ] GC(841) Pause Young (Allocation Failure)
[333.669s][info][gc,heap        ] GC(841) PSYoungGen: 280608K(291840K)->64K(269824K) Eden: 280576K(280576K)->0K(269312K) From: 32K(11264K)->64K(512K)
[333.669s][info][gc,heap        ] GC(841) ParOldGen: 569776K(569856K)->569784K(569856K)
[333.669s][info][gc,metaspace   ] GC(841) Metaspace: 35449K(36096K)->35449K(36096K) NonClass: 26247K(26752K)->26247K(26752K) Class: 9202K(9344K)->9202K(9344K)
[333.669s][info][gc             ] GC(841) Pause Young (Allocation Failure) 830M->556M(820M) 1.960ms
[333.669s][info][gc,cpu         ] GC(841) User=0.00s Sys=0.00s Real=0.00s
[334.060s][info][gc,start       ] GC(842) Pause Young (Allocation Failure)
[334.062s][info][gc,heap        ] GC(842) PSYoungGen: 269376K(269824K)->64K(268288K) Eden: 269312K(269312K)->0K(258560K) From: 64K(512K)->64K(9728K)
[334.062s][info][gc,heap        ] GC(842) ParOldGen: 569784K(569856K)->569792K(569856K)
[334.062s][info][gc,metaspace   ] GC(842) Metaspace: 35449K(36096K)->35449K(36096K) NonClass: 26247K(26752K)->26247K(26752K) Class: 9202K(9344K)->9202K(9344K)
[334.062s][info][gc             ] GC(842) Pause Young (Allocation Failure) 819M->556M(818M) 1.949ms
[334.062s][info][gc,cpu         ] GC(842) User=0.00s Sys=0.00s Real=0.01s
[334.147s][info][gc,start       ] GC(843) Pause Young (Allocation Failure)
[334.149s][info][gc,heap        ] GC(843) PSYoungGen: 258624K(268288K)->64K(248832K) Eden: 258560K(258560K)->0K(248320K) From: 64K(9728K)->64K(512K)
[334.149s][info][gc,heap        ] GC(843) ParOldGen: 569792K(569856K)->569800K(569856K)
[334.149s][info][gc,metaspace   ] GC(843) Metaspace: 35449K(36096K)->35449K(36096K) NonClass: 26247K(26752K)->26247K(26752K) Class: 9202K(9344K)->9202K(9344K)
[334.149s][info][gc             ] GC(843) Pause Young (Allocation Failure) 809M->556M(799M) 2.094ms
[334.149s][info][gc,cpu         ] GC(843) User=0.00s Sys=0.00s Real=0.00s
[334.714s][info][gc,start       ] GC(844) Pause Young (Allocation Failure)
[334.715s][info][gc,heap        ] GC(844) PSYoungGen: 248384K(248832K)->64K(247296K) Eden: 248320K(248320K)->0K(238592K) From: 64K(512K)->64K(8704K)
[334.715s][info][gc,heap        ] GC(844) ParOldGen: 569800K(569856K)->569808K(569856K)
[334.715s][info][gc,metaspace   ] GC(844) Metaspace: 35449K(36096K)->35449K(36096K) NonClass: 26247K(26752K)->26247K(26752K) Class: 9202K(9344K)->9202K(9344K)
[334.715s][info][gc             ] GC(844) Pause Young (Allocation Failure) 799M->556M(798M) 1.899ms
[334.715s][info][gc,cpu         ] GC(844) User=0.00s Sys=0.00s Real=0.00s
[334.950s][info][gc,start       ] GC(845) Pause Young (Allocation Failure)
[334.952s][info][gc,heap        ] GC(845) PSYoungGen: 238655K(247296K)->64K(229888K) Eden: 238591K(238592K)->0K(229376K) From: 64K(8704K)->64K(512K)
[334.952s][info][gc,heap        ] GC(845) ParOldGen: 569808K(569856K)->569816K(569856K)
[334.952s][info][gc,metaspace   ] GC(845) Metaspace: 35449K(36096K)->35449K(36096K) NonClass: 26247K(26752K)->26247K(26752K) Class: 9202K(9344K)->9202K(9344K)
[334.952s][info][gc             ] GC(845) Pause Young (Allocation Failure) 789M->556M(781M) 2.390ms
[334.952s][info][gc,cpu         ] GC(845) User=0.00s Sys=0.00s Real=0.01s
[335.265s][info][gc,start       ] GC(846) Pause Young (Allocation Failure)
[335.299s][info][gc,heap        ] GC(846) PSYoungGen: 229440K(229888K)->7680K(283136K) Eden: 229376K(229376K)->0K(275456K) From: 64K(512K)->7680K(7680K)
[335.299s][info][gc,heap        ] GC(846) ParOldGen: 569816K(569856K)->579480K(579584K)
[335.300s][info][gc,metaspace   ] GC(846) Metaspace: 35449K(36096K)->35449K(36096K) NonClass: 26247K(26752K)->26247K(26752K) Class: 9202K(9344K)->9202K(9344K)
[335.300s][info][gc             ] GC(846) Pause Young (Allocation Failure) 780M->573M(842M) 34.243ms
[335.300s][info][gc,cpu         ] GC(846) User=0.06s Sys=0.01s Real=0.03s
[335.631s][info][gc,start       ] GC(847) Pause Young (Allocation Failure)
[335.710s][info][gc,heap        ] GC(847) PSYoungGen: 283136K(283136K)->12800K(278528K) Eden: 275456K(275456K)->0K(265728K) From: 7680K(7680K)->12800K(12800K)
[335.710s][info][gc,heap        ] GC(847) ParOldGen: 579480K(579584K)->598104K(598528K)
[335.710s][info][gc,metaspace   ] GC(847) Metaspace: 35449K(36096K)->35449K(36096K) NonClass: 26247K(26752K)->26247K(26752K) Class: 9202K(9344K)->9202K(9344K)
[335.710s][info][gc             ] GC(847) Pause Young (Allocation Failure) 842M->596M(856M) 79.143ms
[335.710s][info][gc,cpu         ] GC(847) User=0.11s Sys=0.01s Real=0.08s
[335.896s][info][gc,start       ] GC(848) Pause Young (Allocation Failure)
[335.922s][info][gc,heap        ] GC(848) PSYoungGen: 278528K(278528K)->14144K(288256K) Eden: 265728K(265728K)->0K(265728K) From: 12800K(12800K)->14144K(22528K)
[335.923s][info][gc,heap        ] GC(848) ParOldGen: 598104K(598528K)->598608K(599040K)
[335.923s][info][gc,metaspace   ] GC(848) Metaspace: 35449K(36096K)->35449K(36096K) NonClass: 26247K(26752K)->26247K(26752K) Class: 9202K(9344K)->9202K(9344K)
[335.923s][info][gc             ] GC(848) Pause Young (Allocation Failure) 856M->598M(866M) 26.842ms
[335.923s][info][gc,cpu         ] GC(848) User=0.05s Sys=0.00s Real=0.03s
[336.267s][info][gc,start       ] GC(849) Pause Young (Allocation Failure)
[336.269s][info][gc,heap        ] GC(849) PSYoungGen: 279872K(288256K)->64K(310272K) Eden: 265728K(265728K)->0K(286208K) From: 14144K(22528K)->64K(24064K)
[336.269s][info][gc,heap        ] GC(849) ParOldGen: 598608K(599040K)->598616K(599040K)
[336.269s][info][gc,metaspace   ] GC(849) Metaspace: 35449K(36096K)->35449K(36096K) NonClass: 26247K(26752K)->26247K(26752K) Class: 9202K(9344K)->9202K(9344K)
[336.269s][info][gc             ] GC(849) Pause Young (Allocation Failure) 857M->584M(888M) 1.874ms
[336.269s][info][gc,cpu         ] GC(849) User=0.01s Sys=0.00s Real=0.00s
[336.876s][info][gc,start       ] GC(850) Pause Young (Allocation Failure)
[336.878s][info][gc,heap        ] GC(850) PSYoungGen: 286272K(310272K)->64K(286720K) Eden: 286208K(286208K)->0K(286208K) From: 64K(24064K)->64K(512K)
[336.878s][info][gc,heap        ] GC(850) ParOldGen: 598616K(599040K)->598624K(599040K)
[336.878s][info][gc,metaspace   ] GC(850) Metaspace: 35449K(36096K)->35449K(36096K) NonClass: 26247K(26752K)->26247K(26752K) Class: 9202K(9344K)->9202K(9344K)
[336.878s][info][gc             ] GC(850) Pause Young (Allocation Failure) 864M->584M(865M) 2.005ms
[336.878s][info][gc,cpu         ] GC(850) User=0.00s Sys=0.00s Real=0.00s
[337.333s][info][gc,start       ] GC(851) Pause Young (Allocation Failure)
[337.335s][info][gc,heap        ] GC(851) PSYoungGen: 286272K(286720K)->64K(309248K) Eden: 286208K(286208K)->0K(286720K) From: 64K(512K)->64K(22528K)
[337.335s][info][gc,heap        ] GC(851) ParOldGen: 598624K(599040K)->598640K(599040K)
[337.335s][info][gc,metaspace   ] GC(851) Metaspace: 35449K(36096K)->35449K(36096K) NonClass: 26247K(26752K)->26247K(26752K) Class: 9202K(9344K)->9202K(9344K)
[337.335s][info][gc             ] GC(851) Pause Young (Allocation Failure) 864M->584M(887M) 1.931ms
[337.335s][info][gc,cpu         ] GC(851) User=0.00s Sys=0.00s Real=0.00s
[337.571s][info][gc,start       ] GC(852) Pause Young (Allocation Failure)
[337.573s][info][gc,heap        ] GC(852) PSYoungGen: 286784K(309248K)->64K(308736K) Eden: 286720K(286720K)->0K(286720K) From: 64K(22528K)->64K(22016K)
[337.573s][info][gc,heap        ] GC(852) ParOldGen: 598640K(599040K)->598656K(599040K)
[337.573s][info][gc,metaspace   ] GC(852) Metaspace: 35449K(36096K)->35449K(36096K) NonClass: 26247K(26752K)->26247K(26752K) Class: 9202K(9344K)->9202K(9344K)
[337.573s][info][gc             ] GC(852) Pause Young (Allocation Failure) 864M->584M(886M) 1.855ms
[337.573s][info][gc,cpu         ] GC(852) User=0.01s Sys=0.00s Real=0.01s
[337.808s][info][gc,start       ] GC(853) Pause Young (Allocation Failure)
[337.809s][info][gc,heap        ] GC(853) PSYoungGen: 286784K(308736K)->64K(310784K) Eden: 286720K(286720K)->0K(290304K) From: 64K(22016K)->64K(20480K)
[337.809s][info][gc,heap        ] GC(853) ParOldGen: 598656K(599040K)->598656K(599040K)
[337.809s][info][gc,metaspace   ] GC(853) Metaspace: 35449K(36096K)->35449K(36096K) NonClass: 26247K(26752K)->26247K(26752K) Class: 9202K(9344K)->9202K(9344K)
[337.809s][info][gc             ] GC(853) Pause Young (Allocation Failure) 864M->584M(888M) 1.628ms
[337.810s][info][gc,cpu         ] GC(853) User=0.00s Sys=0.00s Real=0.00s
[338.113s][info][gc,start       ] GC(854) Pause Young (Allocation Failure)
[338.115s][info][gc,heap        ] GC(854) PSYoungGen: 290368K(310784K)->64K(310272K) Eden: 290304K(290304K)->0K(290304K) From: 64K(20480K)->64K(19968K)
[338.115s][info][gc,heap        ] GC(854) ParOldGen: 598656K(599040K)->598656K(599040K)
[338.115s][info][gc,metaspace   ] GC(854) Metaspace: 35449K(36096K)->35449K(36096K) NonClass: 26247K(26752K)->26247K(26752K) Class: 9202K(9344K)->9202K(9344K)
[338.115s][info][gc             ] GC(854) Pause Young (Allocation Failure) 868M->584M(888M) 1.950ms
[338.115s][info][gc,cpu         ] GC(854) User=0.00s Sys=0.00s Real=0.00s
[338.167s][info][gc,start       ] GC(855) Pause Young (Allocation Failure)
[338.169s][info][gc,heap        ] GC(855) PSYoungGen: 290368K(310272K)->64K(312832K) Eden: 290304K(290304K)->0K(294400K) From: 64K(19968K)->64K(18432K)
[338.169s][info][gc,heap        ] GC(855) ParOldGen: 598656K(599040K)->598672K(599040K)
[338.169s][info][gc,metaspace   ] GC(855) Metaspace: 35449K(36096K)->35449K(36096K) NonClass: 26247K(26752K)->26247K(26752K) Class: 9202K(9344K)->9202K(9344K)
[338.169s][info][gc             ] GC(855) Pause Young (Allocation Failure) 868M->584M(890M) 1.903ms
[338.169s][info][gc,cpu         ] GC(855) User=0.00s Sys=0.00s Real=0.00s
[338.255s][info][gc,start       ] GC(856) Pause Young (Allocation Failure)
[338.257s][info][gc,heap        ] GC(856) PSYoungGen: 294464K(312832K)->64K(312320K) Eden: 294400K(294400K)->0K(294400K) From: 64K(18432K)->64K(17920K)
[338.257s][info][gc,heap        ] GC(856) ParOldGen: 598672K(599040K)->598672K(599040K)
[338.257s][info][gc,metaspace   ] GC(856) Metaspace: 35449K(36096K)->35449K(36096K) NonClass: 26247K(26752K)->26247K(26752K) Class: 9202K(9344K)->9202K(9344K)
[338.257s][info][gc             ] GC(856) Pause Young (Allocation Failure) 872M->584M(890M) 1.949ms
[338.257s][info][gc,cpu         ] GC(856) User=0.00s Sys=0.00s Real=0.00s
[338.547s][info][gc,start       ] GC(857) Pause Young (Allocation Failure)
[338.549s][info][gc,heap        ] GC(857) PSYoungGen: 294464K(312320K)->64K(314880K) Eden: 294400K(294400K)->0K(298496K) From: 64K(17920K)->64K(16384K)
[338.549s][info][gc,heap        ] GC(857) ParOldGen: 598672K(599040K)->598688K(599040K)
[338.549s][info][gc,metaspace   ] GC(857) Metaspace: 35449K(36096K)->35449K(36096K) NonClass: 26247K(26752K)->26247K(26752K) Class: 9202K(9344K)->9202K(9344K)
[338.549s][info][gc             ] GC(857) Pause Young (Allocation Failure) 872M->584M(892M) 1.960ms
[338.549s][info][gc,cpu         ] GC(857) User=0.00s Sys=0.00s Real=0.00s
[338.766s][info][gc,start       ] GC(858) Pause Young (Allocation Failure)
[338.768s][info][gc,heap        ] GC(858) PSYoungGen: 298560K(314880K)->64K(314368K) Eden: 298496K(298496K)->0K(298496K) From: 64K(16384K)->64K(15872K)
[338.768s][info][gc,heap        ] GC(858) ParOldGen: 598688K(599040K)->598688K(599040K)
[338.768s][info][gc,metaspace   ] GC(858) Metaspace: 35449K(36096K)->35449K(36096K) NonClass: 26247K(26752K)->26247K(26752K) Class: 9202K(9344K)->9202K(9344K)
[338.768s][info][gc             ] GC(858) Pause Young (Allocation Failure) 876M->584M(892M) 1.982ms
[338.768s][info][gc,cpu         ] GC(858) User=0.00s Sys=0.00s Real=0.00s
[338.852s][info][gc,start       ] GC(859) Pause Young (Allocation Failure)
[338.853s][info][gc,heap        ] GC(859) PSYoungGen: 298560K(314368K)->64K(316928K) Eden: 298496K(298496K)->0K(302080K) From: 64K(15872K)->64K(14848K)
[338.853s][info][gc,heap        ] GC(859) ParOldGen: 598688K(599040K)->598704K(599040K)
[338.853s][info][gc,metaspace   ] GC(859) Metaspace: 35450K(36096K)->35450K(36096K) NonClass: 26248K(26752K)->26248K(26752K) Class: 9202K(9344K)->9202K(9344K)
[338.853s][info][gc             ] GC(859) Pause Young (Allocation Failure) 876M->584M(894M) 1.967ms
[338.853s][info][gc,cpu         ] GC(859) User=0.00s Sys=0.00s Real=0.01s
[339.020s][info][gc,start       ] GC(860) Pause Young (Allocation Failure)
[339.022s][info][gc,heap        ] GC(860) PSYoungGen: 302144K(316928K)->64K(316416K) Eden: 302080K(302080K)->0K(302080K) From: 64K(14848K)->64K(14336K)
[339.022s][info][gc,heap        ] GC(860) ParOldGen: 598704K(599040K)->598704K(599040K)
[339.022s][info][gc,metaspace   ] GC(860) Metaspace: 35450K(36096K)->35450K(36096K) NonClass: 26248K(26752K)->26248K(26752K) Class: 9202K(9344K)->9202K(9344K)
[339.022s][info][gc             ] GC(860) Pause Young (Allocation Failure) 879M->584M(894M) 1.991ms
[339.022s][info][gc,cpu         ] GC(860) User=0.00s Sys=0.00s Real=0.01s
[339.970s][info][gc,start       ] GC(861) Pause Young (Allocation Failure)
[339.972s][info][gc,heap        ] GC(861) PSYoungGen: 302144K(316416K)->64K(318464K) Eden: 302080K(302080K)->0K(305664K) From: 64K(14336K)->64K(12800K)
[339.972s][info][gc,heap        ] GC(861) ParOldGen: 598704K(599040K)->598712K(599040K)
[339.972s][info][gc,metaspace   ] GC(861) Metaspace: 35450K(36096K)->35450K(36096K) NonClass: 26248K(26752K)->26248K(26752K) Class: 9202K(9344K)->9202K(9344K)
[339.972s][info][gc             ] GC(861) Pause Young (Allocation Failure) 879M->584M(896M) 1.960ms
[339.972s][info][gc,cpu         ] GC(861) User=0.01s Sys=0.00s Real=0.00s
[340.822s][info][gc,start       ] GC(862) Pause Young (Allocation Failure)
[340.824s][info][gc,heap        ] GC(862) PSYoungGen: 305728K(318464K)->64K(293888K) Eden: 305664K(305664K)->0K(293376K) From: 64K(12800K)->64K(512K)
[340.824s][info][gc,heap        ] GC(862) ParOldGen: 598712K(599040K)->598720K(599040K)
[340.824s][info][gc,metaspace   ] GC(862) Metaspace: 35450K(36096K)->35450K(36096K) NonClass: 26248K(26752K)->26248K(26752K) Class: 9202K(9344K)->9202K(9344K)
[340.824s][info][gc             ] GC(862) Pause Young (Allocation Failure) 883M->584M(872M) 2.099ms
[340.824s][info][gc,cpu         ] GC(862) User=0.00s Sys=0.00s Real=0.00s
[341.149s][info][gc,start       ] GC(863) Pause Young (Allocation Failure)
[341.151s][info][gc,heap        ] GC(863) PSYoungGen: 293440K(293888K)->64K(282112K) Eden: 293376K(293376K)->0K(281600K) From: 64K(512K)->64K(512K)
[341.151s][info][gc,heap        ] GC(863) ParOldGen: 598720K(599040K)->598728K(599040K)
[341.151s][info][gc,metaspace   ] GC(863) Metaspace: 35450K(36096K)->35450K(36096K) NonClass: 26248K(26752K)->26248K(26752K) Class: 9202K(9344K)->9202K(9344K)
[341.151s][info][gc             ] GC(863) Pause Young (Allocation Failure) 871M->584M(860M) 1.873ms
[341.151s][info][gc,cpu         ] GC(863) User=0.00s Sys=0.00s Real=0.00s
[342.032s][info][gc,start       ] GC(864) Pause Young (Allocation Failure)
[342.034s][info][gc,heap        ] GC(864) PSYoungGen: 281664K(282112K)->64K(281088K) Eden: 281600K(281600K)->0K(270336K) From: 64K(512K)->64K(10752K)
[342.034s][info][gc,heap        ] GC(864) ParOldGen: 598728K(599040K)->598736K(599040K)
[342.034s][info][gc,metaspace   ] GC(864) Metaspace: 35450K(36096K)->35450K(36096K) NonClass: 26248K(26752K)->26248K(26752K) Class: 9202K(9344K)->9202K(9344K)
[342.034s][info][gc             ] GC(864) Pause Young (Allocation Failure) 859M->584M(859M) 1.916ms
[342.034s][info][gc,cpu         ] GC(864) User=0.00s Sys=0.00s Real=0.00s
[342.693s][info][gc,start       ] GC(865) Pause Young (Allocation Failure)
[342.695s][info][gc,heap        ] GC(865) PSYoungGen: 270400K(281088K)->64K(260096K) Eden: 270336K(270336K)->0K(259584K) From: 64K(10752K)->64K(512K)
[342.695s][info][gc,heap        ] GC(865) ParOldGen: 598736K(599040K)->598744K(599040K)
[342.695s][info][gc,metaspace   ] GC(865) Metaspace: 35450K(36096K)->35450K(36096K) NonClass: 26248K(26752K)->26248K(26752K) Class: 9202K(9344K)->9202K(9344K)
[342.695s][info][gc             ] GC(865) Pause Young (Allocation Failure) 848M->584M(839M) 2.480ms
[342.695s][info][gc,cpu         ] GC(865) User=0.00s Sys=0.00s Real=0.00s
[342.883s][info][gc,start       ] GC(866) Pause Young (Allocation Failure)
[342.885s][info][gc,heap        ] GC(866) PSYoungGen: 259648K(260096K)->64K(259072K) Eden: 259584K(259584K)->0K(249344K) From: 64K(512K)->64K(9728K)
[342.885s][info][gc,heap        ] GC(866) ParOldGen: 598744K(599040K)->598752K(599040K)
[342.885s][info][gc,metaspace   ] GC(866) Metaspace: 35450K(36096K)->35450K(36096K) NonClass: 26248K(26752K)->26248K(26752K) Class: 9202K(9344K)->9202K(9344K)
[342.885s][info][gc             ] GC(866) Pause Young (Allocation Failure) 838M->584M(838M) 1.802ms
[342.885s][info][gc,cpu         ] GC(866) User=0.00s Sys=0.00s Real=0.00s
[343.012s][info][gc,start       ] GC(867) Pause Young (Allocation Failure)
[343.014s][info][gc,heap        ] GC(867) PSYoungGen: 249408K(259072K)->64K(240128K) Eden: 249344K(249344K)->0K(239616K) From: 64K(9728K)->64K(512K)
[343.014s][info][gc,heap        ] GC(867) ParOldGen: 598752K(599040K)->598760K(599040K)
[343.014s][info][gc,metaspace   ] GC(867) Metaspace: 35450K(36096K)->35450K(36096K) NonClass: 26248K(26752K)->26248K(26752K) Class: 9202K(9344K)->9202K(9344K)
[343.014s][info][gc             ] GC(867) Pause Young (Allocation Failure) 828M->584M(819M) 2.277ms
[343.014s][info][gc,cpu         ] GC(867) User=0.00s Sys=0.00s Real=0.00s
[343.561s][info][gc,start       ] GC(868) Pause Young (Allocation Failure)
[343.563s][info][gc,heap        ] GC(868) PSYoungGen: 239680K(240128K)->64K(238592K) Eden: 239616K(239616K)->0K(230400K) From: 64K(512K)->64K(8192K)
[343.563s][info][gc,heap        ] GC(868) ParOldGen: 598760K(599040K)->598768K(599040K)
[343.563s][info][gc,metaspace   ] GC(868) Metaspace: 35450K(36096K)->35450K(36096K) NonClass: 26248K(26752K)->26248K(26752K) Class: 9202K(9344K)->9202K(9344K)
[343.563s][info][gc             ] GC(868) Pause Young (Allocation Failure) 818M->584M(818M) 1.946ms
[343.563s][info][gc,cpu         ] GC(868) User=0.00s Sys=0.00s Real=0.01s
[343.804s][info][gc,start       ] GC(869) Pause Young (Allocation Failure)
[343.807s][info][gc,heap        ] GC(869) PSYoungGen: 230464K(238592K)->64K(222208K) Eden: 230400K(230400K)->0K(221696K) From: 64K(8192K)->64K(512K)
[343.807s][info][gc,heap        ] GC(869) ParOldGen: 598768K(599040K)->598776K(599040K)
[343.807s][info][gc,metaspace   ] GC(869) Metaspace: 35450K(36096K)->35450K(36096K) NonClass: 26248K(26752K)->26248K(26752K) Class: 9202K(9344K)->9202K(9344K)
[343.807s][info][gc             ] GC(869) Pause Young (Allocation Failure) 809M->584M(802M) 2.438ms
[343.807s][info][gc,cpu         ] GC(869) User=0.00s Sys=0.00s Real=0.00s
[344.104s][info][gc,start       ] GC(870) Pause Young (Allocation Failure)
[344.147s][info][gc,heap        ] GC(870) PSYoungGen: 221760K(222208K)->7168K(273408K) Eden: 221696K(221696K)->0K(266240K) From: 64K(512K)->7168K(7168K)
[344.147s][info][gc,heap        ] GC(870) ParOldGen: 598776K(599040K)->612528K(612864K)
[344.147s][info][gc,metaspace   ] GC(870) Metaspace: 35450K(36096K)->35450K(36096K) NonClass: 26248K(26752K)->26248K(26752K) Class: 9202K(9344K)->9202K(9344K)
[344.147s][info][gc             ] GC(870) Pause Young (Allocation Failure) 801M->605M(865M) 42.711ms
[344.147s][info][gc,cpu         ] GC(870) User=0.07s Sys=0.01s Real=0.04s
[344.468s][info][gc,start       ] GC(871) Pause Young (Allocation Failure)
[344.534s][info][gc,heap        ] GC(871) PSYoungGen: 273408K(273408K)->13824K(270848K) Eden: 266240K(266240K)->0K(257024K) From: 7168K(7168K)->13824K(13824K)
[344.534s][info][gc,heap        ] GC(871) ParOldGen: 612528K(612864K)->629200K(629248K)
[344.534s][info][gc,metaspace   ] GC(871) Metaspace: 35450K(36096K)->35450K(36096K) NonClass: 26248K(26752K)->26248K(26752K) Class: 9202K(9344K)->9202K(9344K)
[344.534s][info][gc             ] GC(871) Pause Young (Allocation Failure) 865M->627M(879M) 66.913ms
[344.535s][info][gc,cpu         ] GC(871) User=0.12s Sys=0.01s Real=0.07s
[344.695s][info][gc,start       ] GC(872) Pause Young (Allocation Failure)
[344.716s][info][gc,heap        ] GC(872) PSYoungGen: 270848K(270848K)->11616K(280064K) Eden: 257024K(257024K)->0K(257024K) From: 13824K(13824K)->11616K(23040K)
[344.717s][info][gc,heap        ] GC(872) ParOldGen: 629200K(629248K)->629648K(629760K)
[344.717s][info][gc,metaspace   ] GC(872) Metaspace: 35450K(36096K)->35450K(36096K) NonClass: 26248K(26752K)->26248K(26752K) Class: 9202K(9344K)->9202K(9344K)
[344.717s][info][gc             ] GC(872) Pause Young (Allocation Failure) 878M->626M(888M) 21.715ms
[344.717s][info][gc,cpu         ] GC(872) User=0.04s Sys=0.01s Real=0.02s
[345.067s][info][gc,start       ] GC(873) Pause Young (Allocation Failure)
[345.069s][info][gc,heap        ] GC(873) PSYoungGen: 268640K(280064K)->64K(310272K) Eden: 257024K(257024K)->0K(287232K) From: 11616K(23040K)->64K(23040K)
[345.069s][info][gc,heap        ] GC(873) ParOldGen: 629648K(629760K)->629656K(629760K)
[345.069s][info][gc,metaspace   ] GC(873) Metaspace: 35450K(36096K)->35450K(36096K) NonClass: 26248K(26752K)->26248K(26752K) Class: 9202K(9344K)->9202K(9344K)
[345.069s][info][gc             ] GC(873) Pause Young (Allocation Failure) 877M->614M(918M) 1.875ms
[345.069s][info][gc,cpu         ] GC(873) User=0.00s Sys=0.00s Real=0.00s
[345.661s][info][gc,start       ] GC(874) Pause Young (Allocation Failure)
[345.662s][info][gc,heap        ] GC(874) PSYoungGen: 287296K(310272K)->64K(287744K) Eden: 287232K(287232K)->0K(287232K) From: 64K(23040K)->64K(512K)
[345.662s][info][gc,heap        ] GC(874) ParOldGen: 629656K(629760K)->629664K(629760K)
[345.663s][info][gc,metaspace   ] GC(874) Metaspace: 35450K(36096K)->35450K(36096K) NonClass: 26248K(26752K)->26248K(26752K) Class: 9202K(9344K)->9202K(9344K)
[345.663s][info][gc             ] GC(874) Pause Young (Allocation Failure) 895M->614M(896M) 2.017ms
[345.663s][info][gc,cpu         ] GC(874) User=0.00s Sys=0.00s Real=0.01s
[346.118s][info][gc,start       ] GC(875) Pause Young (Allocation Failure)
[346.120s][info][gc,heap        ] GC(875) PSYoungGen: 287296K(287744K)->64K(310272K) Eden: 287232K(287232K)->0K(288256K) From: 64K(512K)->64K(22016K)
[346.120s][info][gc,heap        ] GC(875) ParOldGen: 629664K(629760K)->629680K(629760K)
[346.120s][info][gc,metaspace   ] GC(875) Metaspace: 35450K(36096K)->35450K(36096K) NonClass: 26248K(26752K)->26248K(26752K) Class: 9202K(9344K)->9202K(9344K)
[346.120s][info][gc             ] GC(875) Pause Young (Allocation Failure) 895M->614M(918M) 2.056ms
[346.120s][info][gc,cpu         ] GC(875) User=0.00s Sys=0.00s Real=0.00s
[346.357s][info][gc,start       ] GC(876) Pause Young (Allocation Failure)
[346.359s][info][gc,heap        ] GC(876) PSYoungGen: 288320K(310272K)->64K(309760K) Eden: 288256K(288256K)->0K(288256K) From: 64K(22016K)->64K(21504K)
[346.359s][info][gc,heap        ] GC(876) ParOldGen: 629680K(629760K)->629696K(629760K)
[346.359s][info][gc,metaspace   ] GC(876) Metaspace: 35450K(36096K)->35450K(36096K) NonClass: 26248K(26752K)->26248K(26752K) Class: 9202K(9344K)->9202K(9344K)
[346.359s][info][gc             ] GC(876) Pause Young (Allocation Failure) 896M->615M(917M) 1.969ms
[346.359s][info][gc,cpu         ] GC(876) User=0.00s Sys=0.00s Real=0.00s
[346.595s][info][gc,start       ] GC(877) Pause Young (Allocation Failure)
[346.597s][info][gc,heap        ] GC(877) PSYoungGen: 288320K(309760K)->64K(311296K) Eden: 288256K(288256K)->0K(291328K) From: 64K(21504K)->64K(19968K)
[346.597s][info][gc,heap        ] GC(877) ParOldGen: 629696K(629760K)->629696K(629760K)
[346.597s][info][gc,metaspace   ] GC(877) Metaspace: 35450K(36096K)->35450K(36096K) NonClass: 26248K(26752K)->26248K(26752K) Class: 9202K(9344K)->9202K(9344K)
[346.597s][info][gc             ] GC(877) Pause Young (Allocation Failure) 896M->615M(919M) 1.914ms
[346.597s][info][gc,cpu         ] GC(877) User=0.01s Sys=0.00s Real=0.00s
[346.891s][info][gc,start       ] GC(878) Pause Young (Allocation Failure)
[346.893s][info][gc,heap        ] GC(878) PSYoungGen: 291392K(311296K)->64K(310784K) Eden: 291328K(291328K)->0K(291328K) From: 64K(19968K)->64K(19456K)
[346.893s][info][gc,heap        ] GC(878) ParOldGen: 629696K(629760K)->629696K(629760K)
[346.893s][info][gc,metaspace   ] GC(878) Metaspace: 35463K(36096K)->35463K(36096K) NonClass: 26261K(26752K)->26261K(26752K) Class: 9202K(9344K)->9202K(9344K)
[346.893s][info][gc             ] GC(878) Pause Young (Allocation Failure) 899M->615M(918M) 1.692ms
[346.893s][info][gc,cpu         ] GC(878) User=0.00s Sys=0.00s Real=0.01s
[346.943s][info][gc,start       ] GC(879) Pause Young (Allocation Failure)
[346.945s][info][gc,heap        ] GC(879) PSYoungGen: 291392K(310784K)->64K(313344K) Eden: 291328K(291328K)->0K(295424K) From: 64K(19456K)->64K(17920K)
[346.945s][info][gc,heap        ] GC(879) ParOldGen: 629696K(629760K)->629712K(629760K)
[346.945s][info][gc,metaspace   ] GC(879) Metaspace: 35463K(36096K)->35463K(36096K) NonClass: 26261K(26752K)->26261K(26752K) Class: 9202K(9344K)->9202K(9344K)
[346.945s][info][gc             ] GC(879) Pause Young (Allocation Failure) 899M->615M(921M) 1.753ms
[346.945s][info][gc,cpu         ] GC(879) User=0.01s Sys=0.00s Real=0.00s
[347.040s][info][gc,start       ] GC(880) Pause Young (Allocation Failure)
[347.041s][info][gc,heap        ] GC(880) PSYoungGen: 295488K(313344K)->64K(312832K) Eden: 295424K(295424K)->0K(295424K) From: 64K(17920K)->64K(17408K)
[347.041s][info][gc,heap        ] GC(880) ParOldGen: 629712K(629760K)->629712K(629760K)
[347.041s][info][gc,metaspace   ] GC(880) Metaspace: 35463K(36096K)->35463K(36096K) NonClass: 26261K(26752K)->26261K(26752K) Class: 9202K(9344K)->9202K(9344K)
[347.041s][info][gc             ] GC(880) Pause Young (Allocation Failure) 903M->615M(920M) 1.706ms
[347.041s][info][gc,cpu         ] GC(880) User=0.00s Sys=0.00s Real=0.00s
[347.327s][info][gc,start       ] GC(881) Pause Young (Allocation Failure)
[347.329s][info][gc,heap        ] GC(881) PSYoungGen: 295488K(312832K)->64K(315392K) Eden: 295424K(295424K)->0K(299520K) From: 64K(17408K)->64K(15872K)
[347.329s][info][gc,heap        ] GC(881) ParOldGen: 629712K(629760K)->629728K(629760K)
[347.329s][info][gc,metaspace   ] GC(881) Metaspace: 35463K(36096K)->35463K(36096K) NonClass: 26261K(26752K)->26261K(26752K) Class: 9202K(9344K)->9202K(9344K)
[347.329s][info][gc             ] GC(881) Pause Young (Allocation Failure) 903M->615M(923M) 2.020ms
[347.329s][info][gc,cpu         ] GC(881) User=0.00s Sys=0.00s Real=0.00s
[347.544s][info][gc,start       ] GC(882) Pause Young (Allocation Failure)
[347.546s][info][gc,heap        ] GC(882) PSYoungGen: 299584K(315392K)->64K(315392K) Eden: 299520K(299520K)->0K(299520K) From: 64K(15872K)->64K(15872K)
[347.546s][info][gc,heap        ] GC(882) ParOldGen: 629728K(629760K)->629728K(629760K)
[347.546s][info][gc,metaspace   ] GC(882) Metaspace: 35465K(36096K)->35465K(36096K) NonClass: 26263K(26752K)->26263K(26752K) Class: 9202K(9344K)->9202K(9344K)
[347.546s][info][gc             ] GC(882) Pause Young (Allocation Failure) 907M->615M(923M) 2.029ms
[347.546s][info][gc,cpu         ] GC(882) User=0.01s Sys=0.00s Real=0.00s
[347.629s][info][gc,start       ] GC(883) Pause Young (Allocation Failure)
[347.631s][info][gc,heap        ] GC(883) PSYoungGen: 299584K(315392K)->32K(316928K) Eden: 299520K(299520K)->0K(303104K) From: 64K(15872K)->32K(13824K)
[347.631s][info][gc,heap        ] GC(883) ParOldGen: 629728K(629760K)->629744K(629760K)
[347.631s][info][gc,metaspace   ] GC(883) Metaspace: 35465K(36096K)->35465K(36096K) NonClass: 26263K(26752K)->26263K(26752K) Class: 9202K(9344K)->9202K(9344K)
[347.631s][info][gc             ] GC(883) Pause Young (Allocation Failure) 907M->615M(924M) 2.109ms
[347.631s][info][gc,cpu         ] GC(883) User=0.00s Sys=0.00s Real=0.00s
[347.809s][info][gc,start       ] GC(884) Pause Young (Allocation Failure)
[347.811s][info][gc,heap        ] GC(884) PSYoungGen: 303136K(316928K)->64K(316928K) Eden: 303104K(303104K)->0K(303104K) From: 32K(13824K)->64K(13824K)
[347.811s][info][gc,heap        ] GC(884) ParOldGen: 629744K(629760K)->629744K(629760K)
[347.811s][info][gc,metaspace   ] GC(884) Metaspace: 35465K(36096K)->35465K(36096K) NonClass: 26263K(26752K)->26263K(26752K) Class: 9202K(9344K)->9202K(9344K)
[347.811s][info][gc             ] GC(884) Pause Young (Allocation Failure) 911M->615M(924M) 2.033ms
[347.811s][info][gc,cpu         ] GC(884) User=0.00s Sys=0.00s Real=0.00s
[348.749s][info][gc,start       ] GC(885) Pause Young (Allocation Failure)
[348.751s][info][gc,heap        ] GC(885) PSYoungGen: 303168K(316928K)->83K(318464K) Eden: 303104K(303104K)->0K(306688K) From: 64K(13824K)->83K(11776K)
[348.751s][info][gc,heap        ] GC(885) ParOldGen: 629744K(629760K)->629752K(629760K)
[348.751s][info][gc,metaspace   ] GC(885) Metaspace: 35465K(36096K)->35465K(36096K) NonClass: 26263K(26752K)->26263K(26752K) Class: 9202K(9344K)->9202K(9344K)
[348.751s][info][gc             ] GC(885) Pause Young (Allocation Failure) 911M->615M(926M) 2.017ms
[348.751s][info][gc,cpu         ] GC(885) User=0.01s Sys=0.00s Real=0.00s
[349.603s][info][gc,start       ] GC(886) Pause Young (Allocation Failure)
[349.605s][info][gc,heap        ] GC(886) PSYoungGen: 306771K(318464K)->64K(294912K) Eden: 306688K(306688K)->0K(294400K) From: 83K(11776K)->64K(512K)
[349.605s][info][gc,heap        ] GC(886) ParOldGen: 629752K(629760K)->629768K(630272K)
[349.605s][info][gc,metaspace   ] GC(886) Metaspace: 35465K(36096K)->35465K(36096K) NonClass: 26263K(26752K)->26263K(26752K) Class: 9202K(9344K)->9202K(9344K)
[349.605s][info][gc             ] GC(886) Pause Young (Allocation Failure) 914M->615M(903M) 2.012ms
[349.605s][info][gc,cpu         ] GC(886) User=0.01s Sys=0.00s Real=0.00s
[349.968s][info][gc,start       ] GC(887) Pause Young (Allocation Failure)
[349.970s][info][gc,heap        ] GC(887) PSYoungGen: 294464K(294912K)->64K(283136K) Eden: 294400K(294400K)->0K(282624K) From: 64K(512K)->64K(512K)
[349.970s][info][gc,heap        ] GC(887) ParOldGen: 629768K(630272K)->629776K(630272K)
[349.970s][info][gc,metaspace   ] GC(887) Metaspace: 35465K(36096K)->35465K(36096K) NonClass: 26263K(26752K)->26263K(26752K) Class: 9202K(9344K)->9202K(9344K)
[349.970s][info][gc             ] GC(887) Pause Young (Allocation Failure) 902M->615M(892M) 2.024ms
[349.970s][info][gc,cpu         ] GC(887) User=0.00s Sys=0.00s Real=0.00s
[351.083s][info][gc,start       ] GC(888) Pause Young (Allocation Failure)
[351.085s][info][gc,heap        ] GC(888) PSYoungGen: 282688K(283136K)->64K(282112K) Eden: 282624K(282624K)->0K(271360K) From: 64K(512K)->64K(10752K)
[351.085s][info][gc,heap        ] GC(888) ParOldGen: 629776K(630272K)->629784K(630272K)
[351.085s][info][gc,metaspace   ] GC(888) Metaspace: 35465K(36096K)->35465K(36096K) NonClass: 26263K(26752K)->26263K(26752K) Class: 9202K(9344K)->9202K(9344K)
[351.085s][info][gc             ] GC(888) Pause Young (Allocation Failure) 891M->615M(891M) 2.018ms
[351.085s][info][gc,cpu         ] GC(888) User=0.00s Sys=0.00s Real=0.00s
[351.495s][info][gc,start       ] GC(889) Pause Young (Allocation Failure)
[351.498s][info][gc,heap        ] GC(889) PSYoungGen: 271424K(282112K)->64K(261120K) Eden: 271360K(271360K)->0K(260608K) From: 64K(10752K)->64K(512K)
[351.498s][info][gc,heap        ] GC(889) ParOldGen: 629784K(630272K)->629792K(630272K)
[351.498s][info][gc,metaspace   ] GC(889) Metaspace: 35466K(36096K)->35466K(36096K) NonClass: 26264K(26752K)->26264K(26752K) Class: 9202K(9344K)->9202K(9344K)
[351.498s][info][gc             ] GC(889) Pause Young (Allocation Failure) 880M->615M(870M) 2.472ms
[351.498s][info][gc,cpu         ] GC(889) User=0.01s Sys=0.00s Real=0.00s
[351.679s][info][gc,start       ] GC(890) Pause Young (Allocation Failure)
[351.681s][info][gc,heap        ] GC(890) PSYoungGen: 260672K(261120K)->64K(259584K) Eden: 260608K(260608K)->0K(250368K) From: 64K(512K)->64K(9216K)
[351.681s][info][gc,heap        ] GC(890) ParOldGen: 629792K(630272K)->629800K(630272K)
[351.681s][info][gc,metaspace   ] GC(890) Metaspace: 35466K(36096K)->35466K(36096K) NonClass: 26264K(26752K)->26264K(26752K) Class: 9202K(9344K)->9202K(9344K)
[351.681s][info][gc             ] GC(890) Pause Young (Allocation Failure) 869M->615M(869M) 1.895ms
[351.681s][info][gc,cpu         ] GC(890) User=0.00s Sys=0.00s Real=0.00s
[351.864s][info][gc,start       ] GC(891) Pause Young (Allocation Failure)
[351.866s][info][gc,heap        ] GC(891) PSYoungGen: 250432K(259584K)->64K(241152K) Eden: 250368K(250368K)->0K(240640K) From: 64K(9216K)->64K(512K)
[351.866s][info][gc,heap        ] GC(891) ParOldGen: 629800K(630272K)->629808K(630272K)
[351.866s][info][gc,metaspace   ] GC(891) Metaspace: 35466K(36096K)->35466K(36096K) NonClass: 26264K(26752K)->26264K(26752K) Class: 9202K(9344K)->9202K(9344K)
[351.866s][info][gc             ] GC(891) Pause Young (Allocation Failure) 859M->615M(851M) 2.282ms
[351.866s][info][gc,cpu         ] GC(891) User=0.00s Sys=0.00s Real=0.00s
[352.355s][info][gc,start       ] GC(892) Pause Young (Allocation Failure)
[352.357s][info][gc,heap        ] GC(892) PSYoungGen: 240704K(241152K)->64K(239616K) Eden: 240640K(240640K)->0K(231424K) From: 64K(512K)->64K(8192K)
[352.357s][info][gc,heap        ] GC(892) ParOldGen: 629808K(630272K)->629816K(630272K)
[352.357s][info][gc,metaspace   ] GC(892) Metaspace: 35466K(36096K)->35466K(36096K) NonClass: 26264K(26752K)->26264K(26752K) Class: 9202K(9344K)->9202K(9344K)
[352.357s][info][gc             ] GC(892) Pause Young (Allocation Failure) 850M->615M(849M) 1.775ms
[352.357s][info][gc,cpu         ] GC(892) User=0.00s Sys=0.00s Real=0.00s
[352.632s][info][gc,start       ] GC(893) Pause Young (Allocation Failure)
[352.635s][info][gc,heap        ] GC(893) PSYoungGen: 231488K(239616K)->64K(223232K) Eden: 231424K(231424K)->0K(222720K) From: 64K(8192K)->64K(512K)
[352.635s][info][gc,heap        ] GC(893) ParOldGen: 629816K(630272K)->629824K(630272K)
[352.635s][info][gc,metaspace   ] GC(893) Metaspace: 35466K(36096K)->35466K(36096K) NonClass: 26264K(26752K)->26264K(26752K) Class: 9202K(9344K)->9202K(9344K)
[352.635s][info][gc             ] GC(893) Pause Young (Allocation Failure) 841M->615M(833M) 2.501ms
[352.635s][info][gc,cpu         ] GC(893) User=0.00s Sys=0.00s Real=0.00s
[352.915s][info][gc,start       ] GC(894) Pause Young (Allocation Failure)
[352.964s][info][gc,heap        ] GC(894) PSYoungGen: 222784K(223232K)->7168K(274432K) Eden: 222720K(222720K)->0K(267264K) From: 64K(512K)->7168K(7168K)
[352.964s][info][gc,heap        ] GC(894) ParOldGen: 629824K(630272K)->646696K(647168K)
[352.964s][info][gc,metaspace   ] GC(894) Metaspace: 35466K(36096K)->35466K(36096K) NonClass: 26264K(26752K)->26264K(26752K) Class: 9202K(9344K)->9202K(9344K)
[352.964s][info][gc             ] GC(894) Pause Young (Allocation Failure) 832M->638M(900M) 49.391ms
[352.964s][info][gc,cpu         ] GC(894) User=0.08s Sys=0.02s Real=0.05s
[353.289s][info][gc,start       ] GC(895) Pause Young (Allocation Failure)
[353.361s][info][gc,heap        ] GC(895) PSYoungGen: 274432K(274432K)->14848K(272896K) Eden: 267264K(267264K)->0K(258048K) From: 7168K(7168K)->14848K(14848K)
[353.361s][info][gc,heap        ] GC(895) ParOldGen: 646696K(647168K)->662536K(663040K)
[353.361s][info][gc,metaspace   ] GC(895) Metaspace: 35466K(36096K)->35466K(36096K) NonClass: 26264K(26752K)->26264K(26752K) Class: 9202K(9344K)->9202K(9344K)
[353.361s][info][gc             ] GC(895) Pause Young (Allocation Failure) 899M->661M(914M) 71.957ms
[353.361s][info][gc,cpu         ] GC(895) User=0.12s Sys=0.02s Real=0.07s
[353.498s][info][gc,start       ] GC(896) Pause Full (Allocation Failure)
[353.498s][info][gc,phases,start] GC(896) Marking Phase
[353.551s][info][gc,phases      ] GC(896) Marking Phase 52.078ms
[353.551s][info][gc,phases,start] GC(896) Summary Phase
[353.551s][info][gc,phases      ] GC(896) Summary Phase 0.033ms
[353.551s][info][gc,phases,start] GC(896) Forward
[353.564s][info][gc,phases      ] GC(896) Forward 13.332ms
[353.564s][info][gc,phases,start] GC(896) Adjust Pointers
[353.591s][info][gc,phases      ] GC(896) Adjust Pointers 26.988ms
[353.591s][info][gc,phases,start] GC(896) Compaction Phase
[353.602s][info][gc,phases      ] GC(896) Compaction Phase 11.160ms
[353.602s][info][gc,phases,start] GC(896) Post Compact
[353.609s][info][gc,phases      ] GC(896) Post Compact 7.180ms
[353.648s][info][gc,heap        ] GC(896) PSYoungGen: 272896K(272896K)->0K(282112K) Eden: 258048K(258048K)->0K(258048K) From: 14848K(14848K)->0K(24064K)
[353.648s][info][gc,heap        ] GC(896) ParOldGen: 662536K(663040K)->64322K(175104K)
[353.648s][info][gc,metaspace   ] GC(896) Metaspace: 35466K(36096K)->35466K(36096K) NonClass: 26264K(26752K)->26264K(26752K) Class: 9202K(9344K)->9202K(9344K)
[353.648s][info][gc             ] GC(896) Pause Full (Allocation Failure) 913M->62M(446M) 149.524ms
[353.648s][info][gc,cpu         ] GC(896) User=0.17s Sys=0.05s Real=0.15s
[354.088s][info][gc,start       ] GC(897) Pause Young (Allocation Failure)
[354.091s][info][gc,heap        ] GC(897) PSYoungGen: 258048K(282112K)->64K(308736K) Eden: 258048K(258048K)->0K(285696K) From: 0K(24064K)->64K(23040K)
[354.091s][info][gc,heap        ] GC(897) ParOldGen: 64322K(175104K)->64322K(175104K)
[354.091s][info][gc,metaspace   ] GC(897) Metaspace: 35466K(36096K)->35466K(36096K) NonClass: 26264K(26752K)->26264K(26752K) Class: 9202K(9344K)->9202K(9344K)
[354.091s][info][gc             ] GC(897) Pause Young (Allocation Failure) 314M->62M(472M) 3.034ms
[354.091s][info][gc,cpu         ] GC(897) User=0.00s Sys=0.00s Real=0.00s
[354.646s][info][gc,start       ] GC(898) Pause Young (Allocation Failure)
[354.647s][info][gc,heap        ] GC(898) PSYoungGen: 285760K(308736K)->64K(309248K) Eden: 285696K(285696K)->0K(285696K) From: 64K(23040K)->64K(23552K)
[354.647s][info][gc,heap        ] GC(898) ParOldGen: 64322K(175104K)->64330K(175104K)
[354.647s][info][gc,metaspace   ] GC(898) Metaspace: 35466K(36096K)->35466K(36096K) NonClass: 26264K(26752K)->26264K(26752K) Class: 9202K(9344K)->9202K(9344K)
[354.647s][info][gc             ] GC(898) Pause Young (Allocation Failure) 341M->62M(473M) 0.688ms
[354.647s][info][gc,cpu         ] GC(898) User=0.01s Sys=0.00s Real=0.00s
[355.120s][info][gc,start       ] GC(899) Pause Young (Allocation Failure)
[355.120s][info][gc,heap        ] GC(899) PSYoungGen: 285760K(309248K)->64K(308736K) Eden: 285696K(285696K)->0K(287744K) From: 64K(23552K)->64K(20992K)
[355.120s][info][gc,heap        ] GC(899) ParOldGen: 64330K(175104K)->64346K(175104K)
[355.120s][info][gc,metaspace   ] GC(899) Metaspace: 35466K(36096K)->35466K(36096K) NonClass: 26264K(26752K)->26264K(26752K) Class: 9202K(9344K)->9202K(9344K)
[355.120s][info][gc             ] GC(899) Pause Young (Allocation Failure) 341M->62M(472M) 0.729ms
[355.120s][info][gc,cpu         ] GC(899) User=0.00s Sys=0.00s Real=0.00s
[355.361s][info][gc,start       ] GC(900) Pause Young (Allocation Failure)
[355.362s][info][gc,heap        ] GC(900) PSYoungGen: 287808K(308736K)->64K(309248K) Eden: 287744K(287744K)->0K(287744K) From: 64K(20992K)->64K(21504K)
[355.362s][info][gc,heap        ] GC(900) ParOldGen: 64346K(175104K)->64362K(175104K)
[355.362s][info][gc,metaspace   ] GC(900) Metaspace: 35466K(36096K)->35466K(36096K) NonClass: 26264K(26752K)->26264K(26752K) Class: 9202K(9344K)->9202K(9344K)
[355.362s][info][gc             ] GC(900) Pause Young (Allocation Failure) 343M->62M(473M) 0.851ms
[355.362s][info][gc,cpu         ] GC(900) User=0.01s Sys=0.00s Real=0.01s
[355.604s][info][gc,start       ] GC(901) Pause Young (Allocation Failure)
[355.604s][info][gc,heap        ] GC(901) PSYoungGen: 287808K(309248K)->64K(310784K) Eden: 287744K(287744K)->0K(291840K) From: 64K(21504K)->64K(18944K)
[355.604s][info][gc,heap        ] GC(901) ParOldGen: 64362K(175104K)->64362K(175104K)
[355.604s][info][gc,metaspace   ] GC(901) Metaspace: 35466K(36096K)->35466K(36096K) NonClass: 26264K(26752K)->26264K(26752K) Class: 9202K(9344K)->9202K(9344K)
[355.604s][info][gc             ] GC(901) Pause Young (Allocation Failure) 343M->62M(474M) 0.661ms
[355.604s][info][gc,cpu         ] GC(901) User=0.00s Sys=0.00s Real=0.00s
[355.891s][info][gc,start       ] GC(902) Pause Young (Allocation Failure)
[355.892s][info][gc,heap        ] GC(902) PSYoungGen: 291904K(310784K)->64K(311296K) Eden: 291840K(291840K)->0K(291840K) From: 64K(18944K)->64K(19456K)
[355.892s][info][gc,heap        ] GC(902) ParOldGen: 64362K(175104K)->64362K(175104K)
[355.892s][info][gc,metaspace   ] GC(902) Metaspace: 35466K(36096K)->35466K(36096K) NonClass: 26264K(26752K)->26264K(26752K) Class: 9202K(9344K)->9202K(9344K)
[355.892s][info][gc             ] GC(902) Pause Young (Allocation Failure) 347M->62M(475M) 0.707ms
[355.892s][info][gc,cpu         ] GC(902) User=0.00s Sys=0.00s Real=0.01s
[355.943s][info][gc,start       ] GC(903) Pause Young (Allocation Failure)
[355.943s][info][gc,heap        ] GC(903) PSYoungGen: 291904K(311296K)->64K(312832K) Eden: 291840K(291840K)->0K(295936K) From: 64K(19456K)->64K(16896K)
[355.943s][info][gc,heap        ] GC(903) ParOldGen: 64362K(175104K)->64378K(175104K)
[355.943s][info][gc,metaspace   ] GC(903) Metaspace: 35466K(36096K)->35466K(36096K) NonClass: 26264K(26752K)->26264K(26752K) Class: 9202K(9344K)->9202K(9344K)
[355.943s][info][gc             ] GC(903) Pause Young (Allocation Failure) 347M->62M(476M) 0.623ms
[355.943s][info][gc,cpu         ] GC(903) User=0.00s Sys=0.00s Real=0.00s
[356.057s][info][gc,start       ] GC(904) Pause Young (Allocation Failure)
[356.058s][info][gc,heap        ] GC(904) PSYoungGen: 296000K(312832K)->64K(313344K) Eden: 295936K(295936K)->0K(295936K) From: 64K(16896K)->64K(17408K)
[356.058s][info][gc,heap        ] GC(904) ParOldGen: 64378K(175104K)->64378K(175104K)
[356.058s][info][gc,metaspace   ] GC(904) Metaspace: 35466K(36096K)->35466K(36096K) NonClass: 26264K(26752K)->26264K(26752K) Class: 9202K(9344K)->9202K(9344K)
[356.058s][info][gc             ] GC(904) Pause Young (Allocation Failure) 351M->62M(477M) 0.541ms
[356.058s][info][gc,cpu         ] GC(904) User=0.00s Sys=0.00s Real=0.00s
[356.344s][info][gc,start       ] GC(905) Pause Young (Allocation Failure)
[356.344s][info][gc,heap        ] GC(905) PSYoungGen: 296000K(313344K)->64K(284672K) Eden: 295936K(295936K)->0K(284160K) From: 64K(17408K)->64K(512K)
[356.344s][info][gc,heap        ] GC(905) ParOldGen: 64378K(175104K)->64394K(175104K)
[356.344s][info][gc,metaspace   ] GC(905) Metaspace: 35466K(36096K)->35466K(36096K) NonClass: 26264K(26752K)->26264K(26752K) Class: 9202K(9344K)->9202K(9344K)
[356.344s][info][gc             ] GC(905) Pause Young (Allocation Failure) 351M->62M(449M) 0.730ms
[356.344s][info][gc,cpu         ] GC(905) User=0.00s Sys=0.00s Real=0.00s
[356.530s][info][gc,start       ] GC(906) Pause Young (Allocation Failure)
[356.531s][info][gc,heap        ] GC(906) PSYoungGen: 284224K(284672K)->64K(288256K) Eden: 284160K(284160K)->0K(272896K) From: 64K(512K)->64K(15360K)
[356.531s][info][gc,heap        ] GC(906) ParOldGen: 64394K(175104K)->64394K(175104K)
[356.531s][info][gc,metaspace   ] GC(906) Metaspace: 35466K(36096K)->35466K(36096K) NonClass: 26264K(26752K)->26264K(26752K) Class: 9202K(9344K)->9202K(9344K)
[356.531s][info][gc             ] GC(906) Pause Young (Allocation Failure) 340M->62M(452M) 0.691ms
[356.531s][info][gc,cpu         ] GC(906) User=0.00s Sys=0.00s Real=0.00s
[356.607s][info][gc,start       ] GC(907) Pause Young (Allocation Failure)
[356.607s][info][gc,heap        ] GC(907) PSYoungGen: 272960K(288256K)->64K(262656K) Eden: 272896K(272896K)->0K(262144K) From: 64K(15360K)->64K(512K)
[356.607s][info][gc,heap        ] GC(907) ParOldGen: 64394K(175104K)->64410K(175104K)
[356.607s][info][gc,metaspace   ] GC(907) Metaspace: 35466K(36096K)->35466K(36096K) NonClass: 26264K(26752K)->26264K(26752K) Class: 9202K(9344K)->9202K(9344K)
[356.607s][info][gc             ] GC(907) Pause Young (Allocation Failure) 329M->62M(427M) 0.738ms
[356.607s][info][gc,cpu         ] GC(907) User=0.00s Sys=0.00s Real=0.00s
[356.752s][info][gc,start       ] GC(908) Pause Young (Allocation Failure)
[356.753s][info][gc,heap        ] GC(908) PSYoungGen: 262208K(262656K)->64K(265728K) Eden: 262144K(262144K)->0K(251904K) From: 64K(512K)->64K(13824K)
[356.753s][info][gc,heap        ] GC(908) ParOldGen: 64410K(175104K)->64410K(175104K)
[356.753s][info][gc,metaspace   ] GC(908) Metaspace: 35466K(36096K)->35466K(36096K) NonClass: 26264K(26752K)->26264K(26752K) Class: 9202K(9344K)->9202K(9344K)
[356.753s][info][gc             ] GC(908) Pause Young (Allocation Failure) 318M->62M(430M) 0.620ms
[356.753s][info][gc,cpu         ] GC(908) User=0.00s Sys=0.00s Real=0.00s
[357.123s][info][gc,start       ] GC(909) Pause Young (Allocation Failure)
[357.124s][info][gc,heap        ] GC(909) PSYoungGen: 251968K(265728K)->64K(242688K) Eden: 251904K(251904K)->0K(242176K) From: 64K(13824K)->64K(512K)
[357.124s][info][gc,heap        ] GC(909) ParOldGen: 64410K(175104K)->64418K(175104K)
[357.124s][info][gc,metaspace   ] GC(909) Metaspace: 35466K(36096K)->35466K(36096K) NonClass: 26264K(26752K)->26264K(26752K) Class: 9202K(9344K)->9202K(9344K)
[357.124s][info][gc             ] GC(909) Pause Young (Allocation Failure) 308M->62M(408M) 1.424ms
[357.124s][info][gc,cpu         ] GC(909) User=0.00s Sys=0.00s Real=0.00s
[357.746s][info][gc,start       ] GC(910) Pause Young (Allocation Failure)
[357.747s][info][gc,heap        ] GC(910) PSYoungGen: 242240K(242688K)->64K(245248K) Eden: 242176K(242176K)->0K(232960K) From: 64K(512K)->64K(12288K)
[357.747s][info][gc,heap        ] GC(910) ParOldGen: 64418K(175104K)->64426K(175104K)
[357.747s][info][gc,metaspace   ] GC(910) Metaspace: 35466K(36096K)->35466K(36096K) NonClass: 26264K(26752K)->26264K(26752K) Class: 9202K(9344K)->9202K(9344K)
[357.747s][info][gc             ] GC(910) Pause Young (Allocation Failure) 299M->62M(410M) 0.553ms
[357.747s][info][gc,cpu         ] GC(910) User=0.00s Sys=0.00s Real=0.00s
[358.613s][info][gc,start       ] GC(911) Pause Young (Allocation Failure)
[358.614s][info][gc,heap        ] GC(911) PSYoungGen: 233024K(245248K)->64K(224768K) Eden: 232960K(232960K)->0K(224256K) From: 64K(12288K)->64K(512K)
[358.614s][info][gc,heap        ] GC(911) ParOldGen: 64426K(175104K)->64434K(175104K)
[358.614s][info][gc,metaspace   ] GC(911) Metaspace: 35466K(36096K)->35466K(36096K) NonClass: 26264K(26752K)->26264K(26752K) Class: 9202K(9344K)->9202K(9344K)
[358.615s][info][gc             ] GC(911) Pause Young (Allocation Failure) 290M->62M(390M) 1.758ms
[358.615s][info][gc,cpu         ] GC(911) User=0.01s Sys=0.00s Real=0.00s
[358.922s][info][gc,start       ] GC(912) Pause Young (Allocation Failure)
[358.922s][info][gc,heap        ] GC(912) PSYoungGen: 224320K(224768K)->64K(226816K) Eden: 224256K(224256K)->0K(216064K) From: 64K(512K)->64K(10752K)
[358.922s][info][gc,heap        ] GC(912) ParOldGen: 64434K(175104K)->64442K(175104K)
[358.922s][info][gc,metaspace   ] GC(912) Metaspace: 35466K(36096K)->35466K(36096K) NonClass: 26264K(26752K)->26264K(26752K) Class: 9202K(9344K)->9202K(9344K)
[358.922s][info][gc             ] GC(912) Pause Young (Allocation Failure) 281M->62M(392M) 0.676ms
[358.922s][info][gc,cpu         ] GC(912) User=0.00s Sys=0.00s Real=0.01s
[359.266s][info][gc,start       ] GC(913) Pause Young (Allocation Failure)
[359.267s][info][gc,heap        ] GC(913) PSYoungGen: 216128K(226816K)->64K(208384K) Eden: 216064K(216064K)->0K(207872K) From: 64K(10752K)->64K(512K)
[359.267s][info][gc,heap        ] GC(913) ParOldGen: 64442K(175104K)->64450K(175104K)
[359.267s][info][gc,metaspace   ] GC(913) Metaspace: 35466K(36096K)->35466K(36096K) NonClass: 26264K(26752K)->26264K(26752K) Class: 9202K(9344K)->9202K(9344K)
[359.267s][info][gc             ] GC(913) Pause Young (Allocation Failure) 273M->63M(374M) 1.397ms
[359.267s][info][gc,cpu         ] GC(913) User=0.00s Sys=0.00s Real=0.00s
[360.168s][info][gc,start       ] GC(914) Pause Young (Allocation Failure)
[360.168s][info][gc,heap        ] GC(914) PSYoungGen: 207936K(208384K)->64K(209408K) Eden: 207872K(207872K)->0K(200192K) From: 64K(512K)->64K(9216K)
[360.168s][info][gc,heap        ] GC(914) ParOldGen: 64450K(175104K)->64458K(175104K)
[360.169s][info][gc,metaspace   ] GC(914) Metaspace: 35466K(36096K)->35466K(36096K) NonClass: 26264K(26752K)->26264K(26752K) Class: 9202K(9344K)->9202K(9344K)
[360.169s][info][gc             ] GC(914) Pause Young (Allocation Failure) 266M->63M(375M) 0.636ms
[360.169s][info][gc,cpu         ] GC(914) User=0.00s Sys=0.00s Real=0.00s
[360.487s][info][gc,start       ] GC(915) Pause Young (Allocation Failure)
[360.488s][info][gc,heap        ] GC(915) PSYoungGen: 200256K(209408K)->64K(193536K) Eden: 200192K(200192K)->0K(193024K) From: 64K(9216K)->64K(512K)
[360.488s][info][gc,heap        ] GC(915) ParOldGen: 64458K(175104K)->64466K(175104K)
[360.488s][info][gc,metaspace   ] GC(915) Metaspace: 35466K(36096K)->35466K(36096K) NonClass: 26264K(26752K)->26264K(26752K) Class: 9202K(9344K)->9202K(9344K)
[360.488s][info][gc             ] GC(915) Pause Young (Allocation Failure) 258M->63M(360M) 1.486ms
[360.488s][info][gc,cpu         ] GC(915) User=0.00s Sys=0.01s Real=0.00s
[360.624s][info][gc,start       ] GC(916) Pause Young (Allocation Failure)
[360.625s][info][gc,heap        ] GC(916) PSYoungGen: 193088K(193536K)->64K(194048K) Eden: 193024K(193024K)->0K(185856K) From: 64K(512K)->64K(8192K)
[360.625s][info][gc,heap        ] GC(916) ParOldGen: 64466K(175104K)->64474K(175104K)
[360.625s][info][gc,metaspace   ] GC(916) Metaspace: 35466K(36096K)->35466K(36096K) NonClass: 26264K(26752K)->26264K(26752K) Class: 9202K(9344K)->9202K(9344K)
[360.625s][info][gc             ] GC(916) Pause Young (Allocation Failure) 251M->63M(360M) 0.596ms
[360.625s][info][gc,cpu         ] GC(916) User=0.01s Sys=0.00s Real=0.00s
[360.695s][info][gc,start       ] GC(917) Pause Young (Allocation Failure)
[360.696s][info][gc,heap        ] GC(917) PSYoungGen: 185920K(194048K)->64K(179712K) Eden: 185856K(185856K)->0K(179200K) From: 64K(8192K)->64K(512K)
[360.696s][info][gc,heap        ] GC(917) ParOldGen: 64474K(175104K)->64482K(175104K)
[360.696s][info][gc,metaspace   ] GC(917) Metaspace: 35466K(36096K)->35466K(36096K) NonClass: 26264K(26752K)->26264K(26752K) Class: 9202K(9344K)->9202K(9344K)
[360.696s][info][gc             ] GC(917) Pause Young (Allocation Failure) 244M->63M(346M) 1.243ms
[360.696s][info][gc,cpu         ] GC(917) User=0.00s Sys=0.00s Real=0.00s
[361.094s][info][gc,start       ] GC(918) Pause Young (Allocation Failure)
[361.094s][info][gc,heap        ] GC(918) PSYoungGen: 179264K(179712K)->64K(179712K) Eden: 179200K(179200K)->0K(173056K) From: 64K(512K)->64K(6656K)
[361.094s][info][gc,heap        ] GC(918) ParOldGen: 64482K(175104K)->64490K(175104K)
[361.094s][info][gc,metaspace   ] GC(918) Metaspace: 35466K(36096K)->35466K(36096K) NonClass: 26264K(26752K)->26264K(26752K) Class: 9202K(9344K)->9202K(9344K)
[361.094s][info][gc             ] GC(918) Pause Young (Allocation Failure) 238M->63M(346M) 0.509ms
[361.094s][info][gc,cpu         ] GC(918) User=0.00s Sys=0.00s Real=0.00s
[361.316s][info][gc,start       ] GC(919) Pause Young (Allocation Failure)
[361.317s][info][gc,heap        ] GC(919) PSYoungGen: 173120K(179712K)->64K(167424K) Eden: 173056K(173056K)->0K(166912K) From: 64K(6656K)->64K(512K)
[361.317s][info][gc,heap        ] GC(919) ParOldGen: 64490K(175104K)->64498K(175104K)
[361.317s][info][gc,metaspace   ] GC(919) Metaspace: 35466K(36096K)->35466K(36096K) NonClass: 26264K(26752K)->26264K(26752K) Class: 9202K(9344K)->9202K(9344K)
[361.317s][info][gc             ] GC(919) Pause Young (Allocation Failure) 232M->63M(334M) 1.131ms
[361.317s][info][gc,cpu         ] GC(919) User=0.00s Sys=0.00s Real=0.00s
[361.534s][info][gc,start       ] GC(920) Pause Young (Allocation Failure)
[361.535s][info][gc,heap        ] GC(920) PSYoungGen: 166976K(167424K)->64K(167424K) Eden: 166912K(166912K)->0K(161280K) From: 64K(512K)->64K(6144K)
[361.535s][info][gc,heap        ] GC(920) ParOldGen: 64498K(175104K)->64506K(175104K)
[361.535s][info][gc,metaspace   ] GC(920) Metaspace: 35466K(36096K)->35466K(36096K) NonClass: 26264K(26752K)->26264K(26752K) Class: 9202K(9344K)->9202K(9344K)
[361.535s][info][gc             ] GC(920) Pause Young (Allocation Failure) 226M->63M(334M) 0.508ms
[361.535s][info][gc,cpu         ] GC(920) User=0.00s Sys=0.00s Real=0.00s
[361.754s][info][gc,start       ] GC(921) Pause Young (Allocation Failure)
[361.777s][info][gc,heap        ] GC(921) PSYoungGen: 161344K(167424K)->5632K(198656K) Eden: 161280K(161280K)->0K(193024K) From: 64K(6144K)->5632K(5632K)
[361.777s][info][gc,heap        ] GC(921) ParOldGen: 64506K(175104K)->73426K(175104K)
[361.777s][info][gc,metaspace   ] GC(921) Metaspace: 35466K(36096K)->35466K(36096K) NonClass: 26264K(26752K)->26264K(26752K) Class: 9202K(9344K)->9202K(9344K)
[361.777s][info][gc             ] GC(921) Pause Young (Allocation Failure) 220M->77M(365M) 22.632ms
[361.777s][info][gc,cpu         ] GC(921) User=0.04s Sys=0.00s Real=0.02s
[362.017s][info][gc,start       ] GC(922) Pause Young (Allocation Failure)
[362.056s][info][gc,heap        ] GC(922) PSYoungGen: 198656K(198656K)->10240K(238592K) Eden: 193024K(193024K)->0K(228352K) From: 5632K(5632K)->10240K(10240K)
[362.056s][info][gc,heap        ] GC(922) ParOldGen: 73426K(175104K)->85266K(175104K)
[362.056s][info][gc,metaspace   ] GC(922) Metaspace: 35466K(36096K)->35466K(36096K) NonClass: 26264K(26752K)->26264K(26752K) Class: 9202K(9344K)->9202K(9344K)
[362.056s][info][gc             ] GC(922) Pause Young (Allocation Failure) 265M->93M(404M) 39.338ms
[362.056s][info][gc,cpu         ] GC(922) User=0.07s Sys=0.00s Real=0.04s
[362.335s][info][gc,start       ] GC(923) Pause Young (Allocation Failure)
[362.389s][info][gc,heap        ] GC(923) PSYoungGen: 238592K(238592K)->16896K(241664K) Eden: 228352K(228352K)->0K(224768K) From: 10240K(10240K)->16896K(16896K)
[362.389s][info][gc,heap        ] GC(923) ParOldGen: 85266K(175104K)->94514K(175104K)
[362.389s][info][gc,metaspace   ] GC(923) Metaspace: 35466K(36096K)->35466K(36096K) NonClass: 26264K(26752K)->26264K(26752K) Class: 9202K(9344K)->9202K(9344K)
[362.389s][info][gc             ] GC(923) Pause Young (Allocation Failure) 316M->108M(407M) 54.053ms
[362.389s][info][gc,cpu         ] GC(923) User=0.09s Sys=0.01s Real=0.05s
[362.456s][info][gc,start       ] GC(924) Pause Young (Allocation Failure)
[362.460s][info][gc,heap        ] GC(924) PSYoungGen: 241664K(241664K)->448K(248832K) Eden: 224768K(224768K)->0K(224768K) From: 16896K(16896K)->448K(24064K)
[362.460s][info][gc,heap        ] GC(924) ParOldGen: 94514K(175104K)->94770K(175104K)
[362.460s][info][gc,metaspace   ] GC(924) Metaspace: 35466K(36096K)->35466K(36096K) NonClass: 26264K(26752K)->26264K(26752K) Class: 9202K(9344K)->9202K(9344K)
[362.460s][info][gc             ] GC(924) Pause Young (Allocation Failure) 328M->92M(414M) 3.750ms
[362.460s][info][gc,cpu         ] GC(924) User=0.01s Sys=0.00s Real=0.00s
[362.871s][info][gc,start       ] GC(925) Pause Young (Allocation Failure)
[362.871s][info][gc,heap        ] GC(925) PSYoungGen: 225216K(248832K)->64K(291840K) Eden: 224768K(224768K)->0K(269824K) From: 448K(24064K)->64K(22016K)
[362.871s][info][gc,heap        ] GC(925) ParOldGen: 94770K(175104K)->94778K(175104K)
[362.871s][info][gc,metaspace   ] GC(925) Metaspace: 35466K(36096K)->35466K(36096K) NonClass: 26264K(26752K)->26264K(26752K) Class: 9202K(9344K)->9202K(9344K)
[362.871s][info][gc             ] GC(925) Pause Young (Allocation Failure) 312M->92M(456M) 0.678ms
[362.871s][info][gc,cpu         ] GC(925) User=0.00s Sys=0.00s Real=0.00s
[363.399s][info][gc,start       ] GC(926) Pause Young (Allocation Failure)
[363.400s][info][gc,heap        ] GC(926) PSYoungGen: 269888K(291840K)->64K(292352K) Eden: 269824K(269824K)->0K(269824K) From: 64K(22016K)->64K(22528K)
[363.400s][info][gc,heap        ] GC(926) ParOldGen: 94778K(175104K)->94786K(175104K)
[363.400s][info][gc,metaspace   ] GC(926) Metaspace: 35466K(36096K)->35466K(36096K) NonClass: 26264K(26752K)->26264K(26752K) Class: 9202K(9344K)->9202K(9344K)
[363.400s][info][gc             ] GC(926) Pause Young (Allocation Failure) 356M->92M(456M) 0.836ms
[363.400s][info][gc,cpu         ] GC(926) User=0.00s Sys=0.00s Real=0.00s
[363.845s][info][gc,start       ] GC(927) Pause Young (Allocation Failure)
[363.846s][info][gc,heap        ] GC(927) PSYoungGen: 269888K(292352K)->64K(309760K) Eden: 269824K(269824K)->0K(289792K) From: 64K(22528K)->64K(19968K)
[363.846s][info][gc,heap        ] GC(927) ParOldGen: 94786K(175104K)->94802K(175104K)
[363.846s][info][gc,metaspace   ] GC(927) Metaspace: 35466K(36096K)->35466K(36096K) NonClass: 26264K(26752K)->26264K(26752K) Class: 9202K(9344K)->9202K(9344K)
[363.846s][info][gc             ] GC(927) Pause Young (Allocation Failure) 356M->92M(473M) 0.841ms
[363.846s][info][gc,cpu         ] GC(927) User=0.00s Sys=0.00s Real=0.00s
[364.104s][info][gc,start       ] GC(928) Pause Young (Allocation Failure)
[364.105s][info][gc,heap        ] GC(928) PSYoungGen: 289856K(309760K)->64K(310272K) Eden: 289792K(289792K)->0K(289792K) From: 64K(19968K)->64K(20480K)
[364.105s][info][gc,heap        ] GC(928) ParOldGen: 94802K(175104K)->94818K(175104K)
[364.105s][info][gc,metaspace   ] GC(928) Metaspace: 35466K(36096K)->35466K(36096K) NonClass: 26264K(26752K)->26264K(26752K) Class: 9202K(9344K)->9202K(9344K)
[364.105s][info][gc             ] GC(928) Pause Young (Allocation Failure) 375M->92M(474M) 0.796ms
[364.105s][info][gc,cpu         ] GC(928) User=0.00s Sys=0.00s Real=0.00s
[364.347s][info][gc,start       ] GC(929) Pause Young (Allocation Failure)
[364.348s][info][gc,heap        ] GC(929) PSYoungGen: 289856K(310272K)->64K(311808K) Eden: 289792K(289792K)->0K(293888K) From: 64K(20480K)->64K(17920K)
[364.348s][info][gc,heap        ] GC(929) ParOldGen: 94818K(175104K)->94818K(175104K)
[364.348s][info][gc,metaspace   ] GC(929) Metaspace: 35466K(36096K)->35466K(36096K) NonClass: 26264K(26752K)->26264K(26752K) Class: 9202K(9344K)->9202K(9344K)
[364.348s][info][gc             ] GC(929) Pause Young (Allocation Failure) 375M->92M(475M) 0.747ms
[364.348s][info][gc,cpu         ] GC(929) User=0.00s Sys=0.00s Real=0.00s
[364.647s][info][gc,start       ] GC(930) Pause Young (Allocation Failure)
[364.648s][info][gc,heap        ] GC(930) PSYoungGen: 293952K(311808K)->64K(312320K) Eden: 293888K(293888K)->0K(293888K) From: 64K(17920K)->64K(18432K)
[364.648s][info][gc,heap        ] GC(930) ParOldGen: 94818K(175104K)->94818K(175104K)
[364.648s][info][gc,metaspace   ] GC(930) Metaspace: 35466K(36096K)->35466K(36096K) NonClass: 26264K(26752K)->26264K(26752K) Class: 9202K(9344K)->9202K(9344K)
[364.648s][info][gc             ] GC(930) Pause Young (Allocation Failure) 379M->92M(476M) 0.668ms
[364.648s][info][gc,cpu         ] GC(930) User=0.00s Sys=0.01s Real=0.00s
[364.698s][info][gc,start       ] GC(931) Pause Young (Allocation Failure)
[364.698s][info][gc,heap        ] GC(931) PSYoungGen: 293952K(312320K)->64K(313344K) Eden: 293888K(293888K)->0K(297472K) From: 64K(18432K)->64K(15872K)
[364.698s][info][gc,heap        ] GC(931) ParOldGen: 94818K(175104K)->94834K(175104K)
[364.698s][info][gc,metaspace   ] GC(931) Metaspace: 35466K(36096K)->35466K(36096K) NonClass: 26264K(26752K)->26264K(26752K) Class: 9202K(9344K)->9202K(9344K)
[364.698s][info][gc             ] GC(931) Pause Young (Allocation Failure) 379M->92M(477M) 0.537ms
[364.698s][info][gc,cpu         ] GC(931) User=0.01s Sys=0.00s Real=0.00s
[364.801s][info][gc,start       ] GC(932) Pause Young (Allocation Failure)
[364.802s][info][gc,heap        ] GC(932) PSYoungGen: 297536K(313344K)->64K(314368K) Eden: 297472K(297472K)->0K(297472K) From: 64K(15872K)->64K(16896K)
[364.802s][info][gc,heap        ] GC(932) ParOldGen: 94834K(175104K)->94834K(175104K)
[364.802s][info][gc,metaspace   ] GC(932) Metaspace: 35466K(36096K)->35466K(36096K) NonClass: 26264K(26752K)->26264K(26752K) Class: 9202K(9344K)->9202K(9344K)
[364.802s][info][gc             ] GC(932) Pause Young (Allocation Failure) 383M->92M(478M) 0.673ms
[364.802s][info][gc,cpu         ] GC(932) User=0.00s Sys=0.00s Real=0.01s
[365.083s][info][gc,start       ] GC(933) Pause Young (Allocation Failure)
[365.084s][info][gc,heap        ] GC(933) PSYoungGen: 297536K(314368K)->64K(286208K) Eden: 297472K(297472K)->0K(285696K) From: 64K(16896K)->64K(512K)
[365.084s][info][gc,heap        ] GC(933) ParOldGen: 94834K(175104K)->94850K(175104K)
[365.084s][info][gc,metaspace   ] GC(933) Metaspace: 35466K(36096K)->35466K(36096K) NonClass: 26264K(26752K)->26264K(26752K) Class: 9202K(9344K)->9202K(9344K)
[365.084s][info][gc             ] GC(933) Pause Young (Allocation Failure) 383M->92M(450M) 0.617ms
[365.084s][info][gc,cpu         ] GC(933) User=0.00s Sys=0.00s Real=0.00s
[365.278s][info][gc,start       ] GC(934) Pause Young (Allocation Failure)
[365.279s][info][gc,heap        ] GC(934) PSYoungGen: 285760K(286208K)->64K(289280K) Eden: 285696K(285696K)->0K(274432K) From: 64K(512K)->64K(14848K)
[365.279s][info][gc,heap        ] GC(934) ParOldGen: 94850K(175104K)->94850K(175104K)
[365.279s][info][gc,metaspace   ] GC(934) Metaspace: 35466K(36096K)->35466K(36096K) NonClass: 26264K(26752K)->26264K(26752K) Class: 9202K(9344K)->9202K(9344K)
[365.279s][info][gc             ] GC(934) Pause Young (Allocation Failure) 371M->92M(453M) 0.713ms
[365.279s][info][gc,cpu         ] GC(934) User=0.00s Sys=0.00s Real=0.00s
[365.355s][info][gc,start       ] GC(935) Pause Young (Allocation Failure)
[365.356s][info][gc,heap        ] GC(935) PSYoungGen: 274496K(289280K)->64K(264192K) Eden: 274432K(274432K)->0K(263680K) From: 64K(14848K)->64K(512K)
[365.356s][info][gc,heap        ] GC(935) ParOldGen: 94850K(175104K)->94866K(175104K)
[365.356s][info][gc,metaspace   ] GC(935) Metaspace: 35466K(36096K)->35466K(36096K) NonClass: 26264K(26752K)->26264K(26752K) Class: 9202K(9344K)->9202K(9344K)
[365.356s][info][gc             ] GC(935) Pause Young (Allocation Failure) 360M->92M(429M) 0.859ms
[365.356s][info][gc,cpu         ] GC(935) User=0.00s Sys=0.00s Real=0.00s
[365.496s][info][gc,start       ] GC(936) Pause Young (Allocation Failure)
[365.497s][info][gc,heap        ] GC(936) PSYoungGen: 263744K(264192K)->64K(266752K) Eden: 263680K(263680K)->0K(253440K) From: 64K(512K)->64K(13312K)
[365.497s][info][gc,heap        ] GC(936) ParOldGen: 94866K(175104K)->94866K(175104K)
[365.497s][info][gc,metaspace   ] GC(936) Metaspace: 35466K(36096K)->35466K(36096K) NonClass: 26264K(26752K)->26264K(26752K) Class: 9202K(9344K)->9202K(9344K)
[365.497s][info][gc             ] GC(936) Pause Young (Allocation Failure) 350M->92M(431M) 0.750ms
[365.497s][info][gc,cpu         ] GC(936) User=0.00s Sys=0.00s Real=0.00s
[365.865s][info][gc,start       ] GC(937) Pause Young (Allocation Failure)
[365.866s][info][gc,heap        ] GC(937) PSYoungGen: 253504K(266752K)->64K(244224K) Eden: 253440K(253440K)->0K(243712K) From: 64K(13312K)->64K(512K)
[365.866s][info][gc,heap        ] GC(937) ParOldGen: 94866K(175104K)->94874K(175104K)
[365.866s][info][gc,metaspace   ] GC(937) Metaspace: 35466K(36096K)->35466K(36096K) NonClass: 26264K(26752K)->26264K(26752K) Class: 9202K(9344K)->9202K(9344K)
[365.866s][info][gc             ] GC(937) Pause Young (Allocation Failure) 340M->92M(409M) 1.174ms
[365.866s][info][gc,cpu         ] GC(937) User=0.00s Sys=0.00s Real=0.00s
[366.507s][info][gc,start       ] GC(938) Pause Young (Allocation Failure)
[366.508s][info][gc,heap        ] GC(938) PSYoungGen: 243776K(244224K)->64K(246272K) Eden: 243712K(243712K)->0K(234496K) From: 64K(512K)->64K(11776K)
[366.508s][info][gc,heap        ] GC(938) ParOldGen: 94874K(175104K)->94882K(175104K)
[366.508s][info][gc,metaspace   ] GC(938) Metaspace: 35466K(36096K)->35466K(36096K) NonClass: 26264K(26752K)->26264K(26752K) Class: 9202K(9344K)->9202K(9344K)
[366.508s][info][gc             ] GC(938) Pause Young (Allocation Failure) 330M->92M(411M) 0.930ms
[366.508s][info][gc,cpu         ] GC(938) User=0.00s Sys=0.00s Real=0.00s
[367.366s][info][gc,start       ] GC(939) Pause Young (Allocation Failure)
[367.368s][info][gc,heap        ] GC(939) PSYoungGen: 234560K(246272K)->64K(226304K) Eden: 234496K(234496K)->0K(225792K) From: 64K(11776K)->64K(512K)
[367.368s][info][gc,heap        ] GC(939) ParOldGen: 94882K(175104K)->94890K(175104K)
[367.368s][info][gc,metaspace   ] GC(939) Metaspace: 35466K(36096K)->35466K(36096K) NonClass: 26264K(26752K)->26264K(26752K) Class: 9202K(9344K)->9202K(9344K)
[367.368s][info][gc             ] GC(939) Pause Young (Allocation Failure) 321M->92M(392M) 1.971ms
[367.368s][info][gc,cpu         ] GC(939) User=0.00s Sys=0.00s Real=0.00s
[367.674s][info][gc,start       ] GC(940) Pause Young (Allocation Failure)
[367.675s][info][gc,heap        ] GC(940) PSYoungGen: 225856K(226304K)->32K(227328K) Eden: 225792K(225792K)->0K(217088K) From: 64K(512K)->32K(10240K)
[367.675s][info][gc,heap        ] GC(940) ParOldGen: 94890K(175104K)->94898K(175104K)
[367.675s][info][gc,metaspace   ] GC(940) Metaspace: 35466K(36096K)->35466K(36096K) NonClass: 26264K(26752K)->26264K(26752K) Class: 9202K(9344K)->9202K(9344K)
[367.675s][info][gc             ] GC(940) Pause Young (Allocation Failure) 313M->92M(393M) 1.232ms
[367.675s][info][gc,cpu         ] GC(940) User=0.00s Sys=0.00s Real=0.00s
[368.028s][info][gc,start       ] GC(941) Pause Young (Allocation Failure)
[368.030s][info][gc,heap        ] GC(941) PSYoungGen: 217120K(227328K)->64K(209408K) Eden: 217088K(217088K)->0K(208896K) From: 32K(10240K)->64K(512K)
[368.030s][info][gc,heap        ] GC(941) ParOldGen: 94898K(175104K)->94906K(175104K)
[368.030s][info][gc,metaspace   ] GC(941) Metaspace: 35466K(36096K)->35466K(36096K) NonClass: 26264K(26752K)->26264K(26752K) Class: 9202K(9344K)->9202K(9344K)
[368.030s][info][gc             ] GC(941) Pause Young (Allocation Failure) 304M->92M(375M) 1.959ms
[368.030s][info][gc,cpu         ] GC(941) User=0.01s Sys=0.00s Real=0.00s
[368.933s][info][gc,start       ] GC(942) Pause Young (Allocation Failure)
[368.934s][info][gc,heap        ] GC(942) PSYoungGen: 208960K(209408K)->64K(209920K) Eden: 208896K(208896K)->0K(201216K) From: 64K(512K)->64K(8704K)
[368.934s][info][gc,heap        ] GC(942) ParOldGen: 94906K(175104K)->94922K(175104K)
[368.934s][info][gc,metaspace   ] GC(942) Metaspace: 35466K(36096K)->35466K(36096K) NonClass: 26264K(26752K)->26264K(26752K) Class: 9202K(9344K)->9202K(9344K)
[368.934s][info][gc             ] GC(942) Pause Young (Allocation Failure) 296M->92M(376M) 1.200ms
[368.934s][info][gc,cpu         ] GC(942) User=0.01s Sys=0.00s Real=0.00s
[369.255s][info][gc,start       ] GC(943) Pause Young (Allocation Failure)
[369.257s][info][gc,heap        ] GC(943) PSYoungGen: 201280K(209920K)->64K(194560K) Eden: 201216K(201216K)->0K(194048K) From: 64K(8704K)->64K(512K)
[369.257s][info][gc,heap        ] GC(943) ParOldGen: 94922K(175104K)->94938K(175104K)
[369.257s][info][gc,metaspace   ] GC(943) Metaspace: 35466K(36096K)->35466K(36096K) NonClass: 26264K(26752K)->26264K(26752K) Class: 9202K(9344K)->9202K(9344K)
[369.257s][info][gc             ] GC(943) Pause Young (Allocation Failure) 289M->92M(361M) 2.005ms
[369.257s][info][gc,cpu         ] GC(943) User=0.00s Sys=0.01s Real=0.00s
[369.396s][info][gc,start       ] GC(944) Pause Young (Allocation Failure)
[369.397s][info][gc,heap        ] GC(944) PSYoungGen: 194112K(194560K)->64K(194560K) Eden: 194048K(194048K)->0K(186880K) From: 64K(512K)->64K(7680K)
[369.397s][info][gc,heap        ] GC(944) ParOldGen: 94938K(175104K)->94954K(175104K)
[369.397s][info][gc,metaspace   ] GC(944) Metaspace: 35466K(36096K)->35466K(36096K) NonClass: 26264K(26752K)->26264K(26752K) Class: 9202K(9344K)->9202K(9344K)
[369.397s][info][gc             ] GC(944) Pause Young (Allocation Failure) 282M->92M(361M) 1.167ms
[369.397s][info][gc,cpu         ] GC(944) User=0.01s Sys=0.00s Real=0.00s
[369.467s][info][gc,start       ] GC(945) Pause Young (Allocation Failure)
[369.469s][info][gc,heap        ] GC(945) PSYoungGen: 186944K(194560K)->64K(180736K) Eden: 186880K(186880K)->0K(180224K) From: 64K(7680K)->64K(512K)
[369.469s][info][gc,heap        ] GC(945) ParOldGen: 94954K(175104K)->94970K(175104K)
[369.469s][info][gc,metaspace   ] GC(945) Metaspace: 35466K(36096K)->35466K(36096K) NonClass: 26264K(26752K)->26264K(26752K) Class: 9202K(9344K)->9202K(9344K)
[369.469s][info][gc             ] GC(945) Pause Young (Allocation Failure) 275M->92M(347M) 1.874ms
[369.469s][info][gc,cpu         ] GC(945) User=0.00s Sys=0.00s Real=0.00s
[369.880s][info][gc,start       ] GC(946) Pause Young (Allocation Failure)
[369.881s][info][gc,heap        ] GC(946) PSYoungGen: 180288K(180736K)->64K(180736K) Eden: 180224K(180224K)->0K(174080K) From: 64K(512K)->64K(6656K)
[369.881s][info][gc,heap        ] GC(946) ParOldGen: 94970K(175104K)->94986K(175104K)
[369.881s][info][gc,metaspace   ] GC(946) Metaspace: 35466K(36096K)->35466K(36096K) NonClass: 26264K(26752K)->26264K(26752K) Class: 9202K(9344K)->9202K(9344K)
[369.881s][info][gc             ] GC(946) Pause Young (Allocation Failure) 268M->92M(347M) 1.286ms
[369.881s][info][gc,cpu         ] GC(946) User=0.01s Sys=0.00s Real=0.00s
[370.103s][info][gc,start       ] GC(947) Pause Young (Allocation Failure)
[370.104s][info][gc,heap        ] GC(947) PSYoungGen: 174144K(180736K)->64K(168448K) Eden: 174080K(174080K)->0K(167936K) From: 64K(6656K)->64K(512K)
[370.104s][info][gc,heap        ] GC(947) ParOldGen: 94986K(175104K)->95002K(175104K)
[370.104s][info][gc,metaspace   ] GC(947) Metaspace: 35466K(36096K)->35466K(36096K) NonClass: 26264K(26752K)->26264K(26752K) Class: 9202K(9344K)->9202K(9344K)
[370.104s][info][gc             ] GC(947) Pause Young (Allocation Failure) 262M->92M(335M) 1.679ms
[370.104s][info][gc,cpu         ] GC(947) User=0.00s Sys=0.00s Real=0.00s
[370.324s][info][gc,start       ] GC(948) Pause Young (Allocation Failure)
[370.325s][info][gc,heap        ] GC(948) PSYoungGen: 168000K(168448K)->64K(167936K) Eden: 167936K(167936K)->0K(162304K) From: 64K(512K)->64K(5632K)
[370.325s][info][gc,heap        ] GC(948) ParOldGen: 95002K(175104K)->95018K(175104K)
[370.325s][info][gc,metaspace   ] GC(948) Metaspace: 35466K(36096K)->35466K(36096K) NonClass: 26264K(26752K)->26264K(26752K) Class: 9202K(9344K)->9202K(9344K)
[370.325s][info][gc             ] GC(948) Pause Young (Allocation Failure) 256M->92M(335M) 0.884ms
[370.325s][info][gc,cpu         ] GC(948) User=0.00s Sys=0.00s Real=0.00s
[370.582s][info][gc,start       ] GC(949) Pause Young (Allocation Failure)
[370.611s][info][gc,heap        ] GC(949) PSYoungGen: 162368K(167936K)->5120K(199680K) Eden: 162304K(162304K)->0K(194560K) From: 64K(5632K)->5120K(5120K)
[370.611s][info][gc,heap        ] GC(949) ParOldGen: 95018K(175104K)->104826K(175104K)
[370.611s][info][gc,metaspace   ] GC(949) Metaspace: 35466K(36096K)->35466K(36096K) NonClass: 26264K(26752K)->26264K(26752K) Class: 9202K(9344K)->9202K(9344K)
[370.611s][info][gc             ] GC(949) Pause Young (Allocation Failure) 251M->107M(366M) 29.217ms
[370.611s][info][gc,cpu         ] GC(949) User=0.06s Sys=0.00s Real=0.02s
[370.851s][info][gc,start       ] GC(950) Pause Young (Allocation Failure)
[370.889s][info][gc,heap        ] GC(950) PSYoungGen: 199680K(199680K)->10240K(243200K) Eden: 194560K(194560K)->0K(232960K) From: 5120K(5120K)->10240K(10240K)
[370.889s][info][gc,heap        ] GC(950) ParOldGen: 104826K(175104K)->116866K(175104K)
[370.889s][info][gc,metaspace   ] GC(950) Metaspace: 35466K(36096K)->35466K(36096K) NonClass: 26264K(26752K)->26264K(26752K) Class: 9202K(9344K)->9202K(9344K)
[370.889s][info][gc             ] GC(950) Pause Young (Allocation Failure) 297M->124M(408M) 37.227ms
[370.889s][info][gc,cpu         ] GC(950) User=0.07s Sys=0.00s Real=0.04s
[371.167s][info][gc,start       ] GC(951) Pause Young (Allocation Failure)
[371.218s][info][gc,heap        ] GC(951) PSYoungGen: 243200K(243200K)->16896K(243712K) Eden: 232960K(232960K)->0K(226816K) From: 10240K(10240K)->16896K(16896K)
[371.218s][info][gc,heap        ] GC(951) ParOldGen: 116866K(175104K)->125986K(175104K)
[371.218s][info][gc,metaspace   ] GC(951) Metaspace: 35466K(36096K)->35466K(36096K) NonClass: 26264K(26752K)->26264K(26752K) Class: 9202K(9344K)->9202K(9344K)
[371.218s][info][gc             ] GC(951) Pause Young (Allocation Failure) 351M->139M(409M) 51.723ms
[371.218s][info][gc,cpu         ] GC(951) User=0.09s Sys=0.01s Real=0.05s
[371.287s][info][gc,start       ] GC(952) Pause Young (Allocation Failure)
[371.290s][info][gc,heap        ] GC(952) PSYoungGen: 243712K(243712K)->64K(250368K) Eden: 226816K(226816K)->0K(226816K) From: 16896K(16896K)->64K(23552K)
[371.290s][info][gc,heap        ] GC(952) ParOldGen: 125986K(175104K)->126234K(175104K)
[371.290s][info][gc,metaspace   ] GC(952) Metaspace: 35466K(36096K)->35466K(36096K) NonClass: 26264K(26752K)->26264K(26752K) Class: 9202K(9344K)->9202K(9344K)
[371.291s][info][gc             ] GC(952) Pause Young (Allocation Failure) 361M->123M(415M) 3.494ms
[371.291s][info][gc,cpu         ] GC(952) User=0.01s Sys=0.00s Real=0.00s
[371.744s][info][gc,start       ] GC(953) Pause Young (Allocation Failure)
[371.745s][info][gc,heap        ] GC(953) PSYoungGen: 226880K(250368K)->64K(293376K) Eden: 226816K(226816K)->0K(271872K) From: 64K(23552K)->64K(21504K)
[371.745s][info][gc,heap        ] GC(953) ParOldGen: 126234K(175104K)->126242K(175104K)
[371.745s][info][gc,metaspace   ] GC(953) Metaspace: 35466K(36096K)->35466K(36096K) NonClass: 26264K(26752K)->26264K(26752K) Class: 9202K(9344K)->9202K(9344K)
[371.745s][info][gc             ] GC(953) Pause Young (Allocation Failure) 344M->123M(457M) 0.931ms
[371.745s][info][gc,cpu         ] GC(953) User=0.00s Sys=0.00s Real=0.00s
[372.283s][info][gc,start       ] GC(954) Pause Young (Allocation Failure)
[372.284s][info][gc,heap        ] GC(954) PSYoungGen: 271936K(293376K)->64K(294400K) Eden: 271872K(271872K)->0K(271872K) From: 64K(21504K)->64K(22528K)
[372.284s][info][gc,heap        ] GC(954) ParOldGen: 126242K(175104K)->126250K(175104K)
[372.284s][info][gc,metaspace   ] GC(954) Metaspace: 35466K(36096K)->35466K(36096K) NonClass: 26264K(26752K)->26264K(26752K) Class: 9202K(9344K)->9202K(9344K)
[372.284s][info][gc             ] GC(954) Pause Young (Allocation Failure) 388M->123M(458M) 0.998ms
[372.284s][info][gc,cpu         ] GC(954) User=0.00s Sys=0.00s Real=0.00s
[372.732s][info][gc,start       ] GC(955) Pause Young (Allocation Failure)
[372.733s][info][gc,heap        ] GC(955) PSYoungGen: 271936K(294400K)->64K(309248K) Eden: 271872K(271872K)->0K(289792K) From: 64K(22528K)->64K(19456K)
[372.733s][info][gc,heap        ] GC(955) ParOldGen: 126250K(175104K)->126266K(175104K)
[372.733s][info][gc,metaspace   ] GC(955) Metaspace: 35466K(36096K)->35466K(36096K) NonClass: 26264K(26752K)->26264K(26752K) Class: 9202K(9344K)->9202K(9344K)
[372.733s][info][gc             ] GC(955) Pause Young (Allocation Failure) 388M->123M(473M) 0.920ms
[372.733s][info][gc,cpu         ] GC(955) User=0.00s Sys=0.00s Real=0.00s
[372.992s][info][gc,start       ] GC(956) Pause Young (Allocation Failure)
[372.993s][info][gc,heap        ] GC(956) PSYoungGen: 289856K(309248K)->64K(310272K) Eden: 289792K(289792K)->0K(289792K) From: 64K(19456K)->64K(20480K)
[372.993s][info][gc,heap        ] GC(956) ParOldGen: 126266K(175104K)->126282K(175104K)
[372.993s][info][gc,metaspace   ] GC(956) Metaspace: 35466K(36096K)->35466K(36096K) NonClass: 26264K(26752K)->26264K(26752K) Class: 9202K(9344K)->9202K(9344K)
[372.993s][info][gc             ] GC(956) Pause Young (Allocation Failure) 406M->123M(474M) 0.878ms
[372.993s][info][gc,cpu         ] GC(956) User=0.00s Sys=0.00s Real=0.00s
[373.237s][info][gc,start       ] GC(957) Pause Young (Allocation Failure)
[373.238s][info][gc,heap        ] GC(957) PSYoungGen: 289856K(310272K)->64K(311296K) Eden: 289792K(289792K)->0K(293888K) From: 64K(20480K)->64K(17408K)
[373.238s][info][gc,heap        ] GC(957) ParOldGen: 126282K(175104K)->126282K(175104K)
[373.238s][info][gc,metaspace   ] GC(957) Metaspace: 35466K(36096K)->35466K(36096K) NonClass: 26264K(26752K)->26264K(26752K) Class: 9202K(9344K)->9202K(9344K)
[373.238s][info][gc             ] GC(957) Pause Young (Allocation Failure) 406M->123M(475M) 0.836ms
[373.238s][info][gc,cpu         ] GC(957) User=0.00s Sys=0.00s Real=0.00s
[373.535s][info][gc,start       ] GC(958) Pause Young (Allocation Failure)
[373.536s][info][gc,heap        ] GC(958) PSYoungGen: 293952K(311296K)->64K(312320K) Eden: 293888K(293888K)->0K(293888K) From: 64K(17408K)->64K(18432K)
[373.536s][info][gc,heap        ] GC(958) ParOldGen: 126282K(175104K)->126282K(175104K)
[373.536s][info][gc,metaspace   ] GC(958) Metaspace: 35466K(36096K)->35466K(36096K) NonClass: 26264K(26752K)->26264K(26752K) Class: 9202K(9344K)->9202K(9344K)
[373.536s][info][gc             ] GC(958) Pause Young (Allocation Failure) 410M->123M(476M) 0.819ms
[373.536s][info][gc,cpu         ] GC(958) User=0.00s Sys=0.00s Real=0.00s
[373.587s][info][gc,start       ] GC(959) Pause Young (Allocation Failure)
[373.588s][info][gc,heap        ] GC(959) PSYoungGen: 293952K(312320K)->64K(312832K) Eden: 293888K(293888K)->0K(297472K) From: 64K(18432K)->64K(15360K)
[373.588s][info][gc,heap        ] GC(959) ParOldGen: 126282K(175104K)->126298K(175104K)
[373.588s][info][gc,metaspace   ] GC(959) Metaspace: 35466K(36096K)->35466K(36096K) NonClass: 26264K(26752K)->26264K(26752K) Class: 9202K(9344K)->9202K(9344K)
[373.588s][info][gc             ] GC(959) Pause Young (Allocation Failure) 410M->123M(476M) 0.871ms
[373.588s][info][gc,cpu         ] GC(959) User=0.00s Sys=0.00s Real=0.00s
[373.711s][info][gc,start       ] GC(960) Pause Young (Allocation Failure)
[373.711s][info][gc,heap        ] GC(960) PSYoungGen: 297536K(312832K)->64K(314368K) Eden: 297472K(297472K)->0K(297472K) From: 64K(15360K)->64K(16896K)
[373.711s][info][gc,heap        ] GC(960) ParOldGen: 126298K(175104K)->126298K(175104K)
[373.711s][info][gc,metaspace   ] GC(960) Metaspace: 35466K(36096K)->35466K(36096K) NonClass: 26264K(26752K)->26264K(26752K) Class: 9202K(9344K)->9202K(9344K)
[373.711s][info][gc             ] GC(960) Pause Young (Allocation Failure) 413M->123M(478M) 0.912ms
[373.711s][info][gc,cpu         ] GC(960) User=0.00s Sys=0.00s Real=0.00s
[374.013s][info][gc,start       ] GC(961) Pause Young (Allocation Failure)
[374.013s][info][gc,heap        ] GC(961) PSYoungGen: 297536K(314368K)->64K(314368K) Eden: 297472K(297472K)->0K(301056K) From: 64K(16896K)->64K(13312K)
[374.013s][info][gc,heap        ] GC(961) ParOldGen: 126298K(175104K)->126314K(175104K)
[374.013s][info][gc,metaspace   ] GC(961) Metaspace: 35466K(36096K)->35466K(36096K) NonClass: 26264K(26752K)->26264K(26752K) Class: 9202K(9344K)->9202K(9344K)
[374.013s][info][gc             ] GC(961) Pause Young (Allocation Failure) 413M->123M(478M) 0.889ms
[374.013s][info][gc,cpu         ] GC(961) User=0.00s Sys=0.00s Real=0.00s
[374.212s][info][gc,start       ] GC(962) Pause Young (Allocation Failure)
[374.213s][info][gc,heap        ] GC(962) PSYoungGen: 301120K(314368K)->64K(289280K) Eden: 301056K(301056K)->0K(288768K) From: 64K(13312K)->64K(512K)
[374.213s][info][gc,heap        ] GC(962) ParOldGen: 126314K(175104K)->126314K(175104K)
[374.213s][info][gc,metaspace   ] GC(962) Metaspace: 35466K(36096K)->35466K(36096K) NonClass: 26264K(26752K)->26264K(26752K) Class: 9202K(9344K)->9202K(9344K)
[374.213s][info][gc             ] GC(962) Pause Young (Allocation Failure) 417M->123M(453M) 0.932ms
[374.213s][info][gc,cpu         ] GC(962) User=0.00s Sys=0.00s Real=0.00s
[374.295s][info][gc,start       ] GC(963) Pause Young (Allocation Failure)
[374.295s][info][gc,heap        ] GC(963) PSYoungGen: 288832K(289280K)->64K(278016K) Eden: 288768K(288768K)->0K(277504K) From: 64K(512K)->64K(512K)
[374.296s][info][gc,heap        ] GC(963) ParOldGen: 126314K(175104K)->126330K(175104K)
[374.296s][info][gc,metaspace   ] GC(963) Metaspace: 35466K(36096K)->35466K(36096K) NonClass: 26264K(26752K)->26264K(26752K) Class: 9202K(9344K)->9202K(9344K)
[374.296s][info][gc             ] GC(963) Pause Young (Allocation Failure) 405M->123M(442M) 0.899ms
[374.296s][info][gc,cpu         ] GC(963) User=0.00s Sys=0.00s Real=0.00s
[374.463s][info][gc,start       ] GC(964) Pause Young (Allocation Failure)
[374.464s][info][gc,heap        ] GC(964) PSYoungGen: 277568K(278016K)->64K(280064K) Eden: 277504K(277504K)->0K(266752K) From: 64K(512K)->64K(13312K)
[374.464s][info][gc,heap        ] GC(964) ParOldGen: 126330K(175104K)->126330K(175104K)
[374.464s][info][gc,metaspace   ] GC(964) Metaspace: 35466K(36096K)->35466K(36096K) NonClass: 26264K(26752K)->26264K(26752K) Class: 9202K(9344K)->9202K(9344K)
[374.464s][info][gc             ] GC(964) Pause Young (Allocation Failure) 394M->123M(444M) 0.881ms
[374.464s][info][gc,cpu         ] GC(964) User=0.00s Sys=0.00s Real=0.00s
[375.415s][info][gc,start       ] GC(965) Pause Young (Allocation Failure)
[375.417s][info][gc,heap        ] GC(965) PSYoungGen: 266816K(280064K)->64K(257024K) Eden: 266752K(266752K)->0K(256512K) From: 64K(13312K)->64K(512K)
[375.417s][info][gc,heap        ] GC(965) ParOldGen: 126330K(175104K)->126338K(175104K)
[375.417s][info][gc,metaspace   ] GC(965) Metaspace: 35466K(36096K)->35466K(36096K) NonClass: 26264K(26752K)->26264K(26752K) Class: 9202K(9344K)->9202K(9344K)
[375.417s][info][gc             ] GC(965) Pause Young (Allocation Failure) 383M->123M(422M) 1.387ms
[375.417s][info][gc,cpu         ] GC(965) User=0.00s Sys=0.00s Real=0.00s
[375.692s][info][gc,start       ] GC(966) Pause Young (Allocation Failure)
[375.693s][info][gc,heap        ] GC(966) PSYoungGen: 256576K(257024K)->64K(258560K) Eden: 256512K(256512K)->0K(246784K) From: 64K(512K)->64K(11776K)
[375.693s][info][gc,heap        ] GC(966) ParOldGen: 126338K(175104K)->126346K(175104K)
[375.693s][info][gc,metaspace   ] GC(966) Metaspace: 35466K(36096K)->35466K(36096K) NonClass: 26264K(26752K)->26264K(26752K) Class: 9202K(9344K)->9202K(9344K)
[375.693s][info][gc             ] GC(966) Pause Young (Allocation Failure) 373M->123M(423M) 0.993ms
[375.693s][info][gc,cpu         ] GC(966) User=0.00s Sys=0.00s Real=0.00s
[376.405s][info][gc,start       ] GC(967) Pause Young (Allocation Failure)
[376.407s][info][gc,heap        ] GC(967) PSYoungGen: 246848K(258560K)->64K(238080K) Eden: 246784K(246784K)->0K(237568K) From: 64K(11776K)->64K(512K)
[376.407s][info][gc,heap        ] GC(967) ParOldGen: 126346K(175104K)->126362K(175104K)
[376.407s][info][gc,metaspace   ] GC(967) Metaspace: 35466K(36096K)->35466K(36096K) NonClass: 26264K(26752K)->26264K(26752K) Class: 9202K(9344K)->9202K(9344K)
[376.407s][info][gc             ] GC(967) Pause Young (Allocation Failure) 364M->123M(403M) 2.422ms
[376.407s][info][gc,cpu         ] GC(967) User=0.00s Sys=0.00s Real=0.00s
[376.833s][info][gc,start       ] GC(968) Pause Young (Allocation Failure)
[376.835s][info][gc,heap        ] GC(968) PSYoungGen: 237632K(238080K)->64K(238592K) Eden: 237568K(237568K)->0K(228352K) From: 64K(512K)->64K(10240K)
[376.835s][info][gc,heap        ] GC(968) ParOldGen: 126362K(175104K)->126378K(175104K)
[376.835s][info][gc,metaspace   ] GC(968) Metaspace: 35466K(36096K)->35466K(36096K) NonClass: 26264K(26752K)->26264K(26752K) Class: 9202K(9344K)->9202K(9344K)
[376.835s][info][gc             ] GC(968) Pause Young (Allocation Failure) 355M->123M(404M) 1.369ms
[376.835s][info][gc,cpu         ] GC(968) User=0.00s Sys=0.00s Real=0.00s
[377.812s][info][gc,start       ] GC(969) Pause Young (Allocation Failure)
[377.814s][info][gc,heap        ] GC(969) PSYoungGen: 228416K(238592K)->64K(220160K) Eden: 228352K(228352K)->0K(219648K) From: 64K(10240K)->64K(512K)
[377.814s][info][gc,heap        ] GC(969) ParOldGen: 126378K(175104K)->126394K(175104K)
[377.814s][info][gc,metaspace   ] GC(969) Metaspace: 35466K(36096K)->35466K(36096K) NonClass: 26264K(26752K)->26264K(26752K) Class: 9202K(9344K)->9202K(9344K)
[377.814s][info][gc             ] GC(969) Pause Young (Allocation Failure) 346M->123M(386M) 2.151ms
[377.814s][info][gc,cpu         ] GC(969) User=0.01s Sys=0.00s Real=0.00s
[378.196s][info][gc,start       ] GC(970) Pause Young (Allocation Failure)
[378.197s][info][gc,heap        ] GC(970) PSYoungGen: 219712K(220160K)->64K(220160K) Eden: 219648K(219648K)->0K(211456K) From: 64K(512K)->64K(8704K)
[378.197s][info][gc,heap        ] GC(970) ParOldGen: 126394K(175104K)->126410K(175104K)
[378.197s][info][gc,metaspace   ] GC(970) Metaspace: 35466K(36096K)->35466K(36096K) NonClass: 26264K(26752K)->26264K(26752K) Class: 9202K(9344K)->9202K(9344K)
[378.197s][info][gc             ] GC(970) Pause Young (Allocation Failure) 337M->123M(386M) 1.374ms
[378.197s][info][gc,cpu         ] GC(970) User=0.00s Sys=0.00s Real=0.00s
[378.374s][info][gc,start       ] GC(971) Pause Young (Allocation Failure)
[378.376s][info][gc,heap        ] GC(971) PSYoungGen: 211520K(220160K)->64K(204288K) Eden: 211456K(211456K)->0K(203776K) From: 64K(8704K)->64K(512K)
[378.376s][info][gc,heap        ] GC(971) ParOldGen: 126410K(175104K)->126426K(175104K)
[378.376s][info][gc,metaspace   ] GC(971) Metaspace: 35466K(36096K)->35466K(36096K) NonClass: 26264K(26752K)->26264K(26752K) Class: 9202K(9344K)->9202K(9344K)
[378.376s][info][gc             ] GC(971) Pause Young (Allocation Failure) 330M->123M(370M) 2.093ms
[378.376s][info][gc,cpu         ] GC(971) User=0.00s Sys=0.00s Real=0.00s
[378.438s][info][gc,start       ] GC(972) Pause Young (Allocation Failure)
[378.440s][info][gc,heap        ] GC(972) PSYoungGen: 203840K(204288K)->64K(203776K) Eden: 203776K(203776K)->0K(196096K) From: 64K(512K)->64K(7680K)
[378.440s][info][gc,heap        ] GC(972) ParOldGen: 126426K(175104K)->126442K(175104K)
[378.440s][info][gc,metaspace   ] GC(972) Metaspace: 35466K(36096K)->35466K(36096K) NonClass: 26264K(26752K)->26264K(26752K) Class: 9202K(9344K)->9202K(9344K)
[378.440s][info][gc             ] GC(972) Pause Young (Allocation Failure) 322M->123M(370M) 1.289ms
[378.440s][info][gc,cpu         ] GC(972) User=0.01s Sys=0.01s Real=0.00s
[378.838s][info][gc,start       ] GC(973) Pause Young (Allocation Failure)
[378.840s][info][gc,heap        ] GC(973) PSYoungGen: 196160K(203776K)->64K(189440K) Eden: 196096K(196096K)->0K(188928K) From: 64K(7680K)->64K(512K)
[378.840s][info][gc,heap        ] GC(973) ParOldGen: 126442K(175104K)->126458K(175104K)
[378.840s][info][gc,metaspace   ] GC(973) Metaspace: 35466K(36096K)->35466K(36096K) NonClass: 26264K(26752K)->26264K(26752K) Class: 9202K(9344K)->9202K(9344K)
[378.840s][info][gc             ] GC(973) Pause Young (Allocation Failure) 315M->123M(356M) 1.945ms
[378.840s][info][gc,cpu         ] GC(973) User=0.00s Sys=0.00s Real=0.00s
[379.110s][info][gc,start       ] GC(974) Pause Young (Allocation Failure)
[379.112s][info][gc,heap        ] GC(974) PSYoungGen: 188992K(189440K)->64K(188928K) Eden: 188928K(188928K)->0K(182272K) From: 64K(512K)->64K(6656K)
[379.112s][info][gc,heap        ] GC(974) ParOldGen: 126458K(175104K)->126474K(175104K)
[379.112s][info][gc,metaspace   ] GC(974) Metaspace: 35466K(36096K)->35466K(36096K) NonClass: 26264K(26752K)->26264K(26752K) Class: 9202K(9344K)->9202K(9344K)
[379.112s][info][gc             ] GC(974) Pause Young (Allocation Failure) 308M->123M(355M) 1.401ms
[379.112s][info][gc,cpu         ] GC(974) User=0.00s Sys=0.00s Real=0.00s
[379.369s][info][gc,start       ] GC(975) Pause Young (Allocation Failure)
[379.374s][info][gc,heap        ] GC(975) PSYoungGen: 182336K(188928K)->64K(176128K) Eden: 182272K(182272K)->0K(175616K) From: 64K(6656K)->64K(512K)
[379.374s][info][gc,heap        ] GC(975) ParOldGen: 126474K(175104K)->126490K(175104K)
[379.374s][info][gc,metaspace   ] GC(975) Metaspace: 35466K(36096K)->35466K(36096K) NonClass: 26264K(26752K)->26264K(26752K) Class: 9202K(9344K)->9202K(9344K)
[379.374s][info][gc             ] GC(975) Pause Young (Allocation Failure) 301M->123M(343M) 4.144ms
[379.374s][info][gc,cpu         ] GC(975) User=0.01s Sys=0.00s Real=0.01s
[379.605s][info][gc,start       ] GC(976) Pause Young (Allocation Failure)
[379.636s][info][gc,heap        ] GC(976) PSYoungGen: 175680K(176128K)->5632K(216064K) Eden: 175616K(175616K)->0K(210432K) From: 64K(512K)->5632K(5632K)
[379.637s][info][gc,heap        ] GC(976) ParOldGen: 126490K(175104K)->138594K(175104K)
[379.637s][info][gc,metaspace   ] GC(976) Metaspace: 35466K(36096K)->35466K(36096K) NonClass: 26264K(26752K)->26264K(26752K) Class: 9202K(9344K)->9202K(9344K)
[379.637s][info][gc             ] GC(976) Pause Young (Allocation Failure) 295M->140M(382M) 31.832ms
[379.637s][info][gc,cpu         ] GC(976) User=0.06s Sys=0.00s Real=0.03s
[379.890s][info][gc,start       ] GC(977) Pause Young (Allocation Failure)
[379.956s][info][gc,heap        ] GC(977) PSYoungGen: 216064K(216064K)->5632K(235008K) Eden: 210432K(210432K)->0K(229376K) From: 5632K(5632K)->5632K(5632K)
[379.956s][info][gc,heap        ] GC(977) ParOldGen: 138594K(175104K)->157106K(175104K)
[379.956s][info][gc,metaspace   ] GC(977) Metaspace: 35466K(36096K)->35466K(36096K) NonClass: 26264K(26752K)->26264K(26752K) Class: 9202K(9344K)->9202K(9344K)
[379.956s][info][gc             ] GC(977) Pause Young (Allocation Failure) 346M->158M(400M) 65.991ms
[379.956s][info][gc,cpu         ] GC(977) User=0.13s Sys=0.00s Real=0.07s
[380.192s][info][gc,start       ] GC(978) Pause Young (Allocation Failure)
[380.240s][info][gc,heap        ] GC(978) PSYoungGen: 235008K(235008K)->18944K(248320K) Eden: 229376K(229376K)->0K(229376K) From: 5632K(5632K)->18944K(18944K)
[380.240s][info][gc,heap        ] GC(978) ParOldGen: 157106K(175104K)->159746K(175104K)
[380.240s][info][gc,metaspace   ] GC(978) Metaspace: 35466K(36096K)->35466K(36096K) NonClass: 26264K(26752K)->26264K(26752K) Class: 9202K(9344K)->9202K(9344K)
[380.240s][info][gc             ] GC(978) Pause Young (Allocation Failure) 382M->174M(413M) 47.894ms
[380.240s][info][gc,cpu         ] GC(978) User=0.09s Sys=0.00s Real=0.04s
[380.332s][info][gc,start       ] GC(979) Pause Young (Allocation Failure)
[380.333s][info][gc,heap        ] GC(979) PSYoungGen: 248320K(248320K)->64K(297984K) Eden: 229376K(229376K)->0K(275456K) From: 18944K(18944K)->64K(22528K)
[380.334s][info][gc,heap        ] GC(979) ParOldGen: 159746K(175104K)->159810K(175104K)
[380.334s][info][gc,metaspace   ] GC(979) Metaspace: 35466K(36096K)->35466K(36096K) NonClass: 26264K(26752K)->26264K(26752K) Class: 9202K(9344K)->9202K(9344K)
[380.334s][info][gc             ] GC(979) Pause Young (Allocation Failure) 398M->156M(462M) 1.619ms
[380.334s][info][gc,cpu         ] GC(979) User=0.01s Sys=0.00s Real=0.00s
[380.978s][info][gc,start       ] GC(980) Pause Young (Allocation Failure)
[380.979s][info][gc,heap        ] GC(980) PSYoungGen: 275520K(297984K)->64K(298496K) Eden: 275456K(275456K)->0K(275456K) From: 64K(22528K)->64K(23040K)
[380.979s][info][gc,heap        ] GC(980) ParOldGen: 159810K(175104K)->159818K(175104K)
[380.979s][info][gc,metaspace   ] GC(980) Metaspace: 35466K(36096K)->35466K(36096K) NonClass: 26264K(26752K)->26264K(26752K) Class: 9202K(9344K)->9202K(9344K)
[380.979s][info][gc             ] GC(980) Pause Young (Allocation Failure) 425M->156M(462M) 0.949ms
[380.979s][info][gc,cpu         ] GC(980) User=0.00s Sys=0.00s Real=0.00s
[381.336s][info][gc,start       ] GC(981) Pause Young (Allocation Failure)
[381.337s][info][gc,heap        ] GC(981) PSYoungGen: 275520K(298496K)->64K(310272K) Eden: 275456K(275456K)->0K(288768K) From: 64K(23040K)->64K(21504K)
[381.337s][info][gc,heap        ] GC(981) ParOldGen: 159818K(175104K)->159826K(175104K)
[381.337s][info][gc,metaspace   ] GC(981) Metaspace: 35467K(36096K)->35467K(36096K) NonClass: 26265K(26752K)->26265K(26752K) Class: 9202K(9344K)->9202K(9344K)
[381.337s][info][gc             ] GC(981) Pause Young (Allocation Failure) 425M->156M(474M) 0.841ms
[381.337s][info][gc,cpu         ] GC(981) User=0.00s Sys=0.00s Real=0.00s
[381.802s][info][gc,start       ] GC(982) Pause Young (Allocation Failure)
[381.803s][info][gc,heap        ] GC(982) PSYoungGen: 288832K(310272K)->64K(310272K) Eden: 288768K(288768K)->0K(288768K) From: 64K(21504K)->64K(21504K)
[381.803s][info][gc,heap        ] GC(982) ParOldGen: 159826K(175104K)->159842K(175104K)
[381.803s][info][gc,metaspace   ] GC(982) Metaspace: 35467K(36096K)->35467K(36096K) NonClass: 26265K(26752K)->26265K(26752K) Class: 9202K(9344K)->9202K(9344K)
[381.803s][info][gc             ] GC(982) Pause Young (Allocation Failure) 438M->156M(474M) 0.915ms
[381.803s][info][gc,cpu         ] GC(982) User=0.00s Sys=0.00s Real=0.00s
[382.042s][info][gc,start       ] GC(983) Pause Young (Allocation Failure)
[382.043s][info][gc,heap        ] GC(983) PSYoungGen: 288832K(310272K)->64K(311296K) Eden: 288768K(288768K)->0K(291840K) From: 64K(21504K)->64K(19456K)
[382.043s][info][gc,heap        ] GC(983) ParOldGen: 159842K(175104K)->159858K(175104K)
[382.043s][info][gc,metaspace   ] GC(983) Metaspace: 35467K(36096K)->35467K(36096K) NonClass: 26265K(26752K)->26265K(26752K) Class: 9202K(9344K)->9202K(9344K)
[382.043s][info][gc             ] GC(983) Pause Young (Allocation Failure) 438M->156M(475M) 0.796ms
[382.043s][info][gc,cpu         ] GC(983) User=0.00s Sys=0.00s Real=0.00s
[382.430s][info][gc,start       ] GC(984) Pause Young (Allocation Failure)
[382.431s][info][gc,heap        ] GC(984) PSYoungGen: 291904K(311296K)->64K(311296K) Eden: 291840K(291840K)->0K(291840K) From: 64K(19456K)->64K(19456K)
[382.431s][info][gc,heap        ] GC(984) ParOldGen: 159858K(175104K)->159858K(175104K)
[382.431s][info][gc,metaspace   ] GC(984) Metaspace: 35467K(36096K)->35467K(36096K) NonClass: 26265K(26752K)->26265K(26752K) Class: 9202K(9344K)->9202K(9344K)
[382.431s][info][gc             ] GC(984) Pause Young (Allocation Failure) 441M->156M(475M) 0.916ms
[382.431s][info][gc,cpu         ] GC(984) User=0.00s Sys=0.00s Real=0.00s
[382.520s][info][gc,start       ] GC(985) Pause Young (Allocation Failure)
[382.521s][info][gc,heap        ] GC(985) PSYoungGen: 291904K(311296K)->64K(313344K) Eden: 291840K(291840K)->0K(295936K) From: 64K(19456K)->64K(17408K)
[382.521s][info][gc,heap        ] GC(985) ParOldGen: 159858K(175104K)->159866K(175104K)
[382.521s][info][gc,metaspace   ] GC(985) Metaspace: 35467K(36096K)->35467K(36096K) NonClass: 26265K(26752K)->26265K(26752K) Class: 9202K(9344K)->9202K(9344K)
[382.521s][info][gc             ] GC(985) Pause Young (Allocation Failure) 441M->156M(477M) 0.826ms
[382.521s][info][gc,cpu         ] GC(985) User=0.00s Sys=0.00s Real=0.00s
[382.576s][info][gc,start       ] GC(986) Pause Young (Allocation Failure)
[382.577s][info][gc,heap        ] GC(986) PSYoungGen: 296000K(313344K)->64K(313344K) Eden: 295936K(295936K)->0K(295936K) From: 64K(17408K)->64K(17408K)
[382.577s][info][gc,heap        ] GC(986) ParOldGen: 159866K(175104K)->159882K(175104K)
[382.577s][info][gc,metaspace   ] GC(986) Metaspace: 35467K(36096K)->35467K(36096K) NonClass: 26265K(26752K)->26265K(26752K) Class: 9202K(9344K)->9202K(9344K)
[382.577s][info][gc             ] GC(986) Pause Young (Allocation Failure) 445M->156M(477M) 0.793ms
[382.577s][info][gc,cpu         ] GC(986) User=0.00s Sys=0.00s Real=0.00s
[382.781s][info][gc,start       ] GC(987) Pause Young (Allocation Failure)
[382.782s][info][gc,heap        ] GC(987) PSYoungGen: 296000K(313344K)->64K(314880K) Eden: 295936K(295936K)->0K(299520K) From: 64K(17408K)->64K(15360K)
[382.782s][info][gc,heap        ] GC(987) ParOldGen: 159882K(175104K)->159882K(175104K)
[382.782s][info][gc,metaspace   ] GC(987) Metaspace: 35467K(36096K)->35467K(36096K) NonClass: 26265K(26752K)->26265K(26752K) Class: 9202K(9344K)->9202K(9344K)
[382.782s][info][gc             ] GC(987) Pause Young (Allocation Failure) 445M->156M(478M) 1.604ms
[382.782s][info][gc,cpu         ] GC(987) User=0.00s Sys=0.00s Real=0.01s
[383.055s][info][gc,start       ] GC(988) Pause Young (Allocation Failure)
[383.057s][info][gc,heap        ] GC(988) PSYoungGen: 299584K(314880K)->64K(315392K) Eden: 299520K(299520K)->0K(299520K) From: 64K(15360K)->64K(15872K)
[383.057s][info][gc,heap        ] GC(988) ParOldGen: 159882K(175104K)->159898K(175104K)
[383.057s][info][gc,metaspace   ] GC(988) Metaspace: 35467K(36096K)->35467K(36096K) NonClass: 26265K(26752K)->26265K(26752K) Class: 9202K(9344K)->9202K(9344K)
[383.057s][info][gc             ] GC(988) Pause Young (Allocation Failure) 448M->156M(479M) 1.502ms
[383.057s][info][gc,cpu         ] GC(988) User=0.00s Sys=0.00s Real=0.00s
[383.189s][info][gc,start       ] GC(989) Pause Young (Allocation Failure)
[383.190s][info][gc,heap        ] GC(989) PSYoungGen: 299584K(315392K)->32K(316416K) Eden: 299520K(299520K)->0K(303104K) From: 64K(15872K)->32K(13312K)
[383.190s][info][gc,heap        ] GC(989) ParOldGen: 159898K(175104K)->159906K(175104K)
[383.190s][info][gc,metaspace   ] GC(989) Metaspace: 35467K(36096K)->35467K(36096K) NonClass: 26265K(26752K)->26265K(26752K) Class: 9202K(9344K)->9202K(9344K)
[383.190s][info][gc             ] GC(989) Pause Young (Allocation Failure) 448M->156M(480M) 1.398ms
[383.190s][info][gc,cpu         ] GC(989) User=0.00s Sys=0.00s Real=0.00s
[383.310s][info][gc,start       ] GC(990) Pause Young (Allocation Failure)
[383.311s][info][gc,heap        ] GC(990) PSYoungGen: 303136K(316416K)->64K(316928K) Eden: 303104K(303104K)->0K(303104K) From: 32K(13312K)->64K(13824K)
[383.311s][info][gc,heap        ] GC(990) ParOldGen: 159906K(175104K)->159922K(175104K)
[383.311s][info][gc,metaspace   ] GC(990) Metaspace: 35467K(36096K)->35467K(36096K) NonClass: 26265K(26752K)->26265K(26752K) Class: 9202K(9344K)->9202K(9344K)
[383.311s][info][gc             ] GC(990) Pause Young (Allocation Failure) 452M->156M(480M) 1.406ms
[383.311s][info][gc,cpu         ] GC(990) User=0.00s Sys=0.00s Real=0.00s
[383.606s][info][gc,start       ] GC(991) Pause Young (Allocation Failure)
[383.608s][info][gc,heap        ] GC(991) PSYoungGen: 303168K(316928K)->64K(291328K) Eden: 303104K(303104K)->0K(290816K) From: 64K(13824K)->64K(512K)
[383.608s][info][gc,heap        ] GC(991) ParOldGen: 159922K(175104K)->159938K(175104K)
[383.608s][info][gc,metaspace   ] GC(991) Metaspace: 35467K(36096K)->35467K(36096K) NonClass: 26265K(26752K)->26265K(26752K) Class: 9202K(9344K)->9202K(9344K)
[383.608s][info][gc             ] GC(991) Pause Young (Allocation Failure) 452M->156M(455M) 1.428ms
[383.608s][info][gc,cpu         ] GC(991) User=0.00s Sys=0.00s Real=0.00s
[384.389s][info][gc,start       ] GC(992) Pause Young (Allocation Failure)
[384.391s][info][gc,heap        ] GC(992) PSYoungGen: 290880K(291328K)->83K(291328K) Eden: 290816K(290816K)->0K(279040K) From: 64K(512K)->83K(12288K)
[384.391s][info][gc,heap        ] GC(992) ParOldGen: 159938K(175104K)->159954K(175104K)
[384.391s][info][gc,metaspace   ] GC(992) Metaspace: 35467K(36096K)->35467K(36096K) NonClass: 26265K(26752K)->26265K(26752K) Class: 9202K(9344K)->9202K(9344K)
[384.391s][info][gc             ] GC(992) Pause Young (Allocation Failure) 440M->156M(455M) 1.535ms
[384.391s][info][gc,cpu         ] GC(992) User=0.00s Sys=0.00s Real=0.00s
[385.313s][info][gc,start       ] GC(993) Pause Young (Allocation Failure)
[385.314s][info][gc,heap        ] GC(993) PSYoungGen: 279123K(291328K)->64K(268288K) Eden: 279040K(279040K)->0K(267776K) From: 83K(12288K)->64K(512K)
[385.314s][info][gc,heap        ] GC(993) ParOldGen: 159954K(175104K)->159962K(175104K)
[385.314s][info][gc,metaspace   ] GC(993) Metaspace: 35467K(36096K)->35467K(36096K) NonClass: 26265K(26752K)->26265K(26752K) Class: 9202K(9344K)->9202K(9344K)
[385.314s][info][gc             ] GC(993) Pause Young (Allocation Failure) 428M->156M(433M) 1.598ms
[385.314s][info][gc,cpu         ] GC(993) User=0.00s Sys=0.00s Real=0.00s
[385.746s][info][gc,start       ] GC(994) Pause Young (Allocation Failure)
[385.747s][info][gc,heap        ] GC(994) PSYoungGen: 267840K(268288K)->64K(268288K) Eden: 267776K(267776K)->0K(257536K) From: 64K(512K)->64K(10752K)
[385.747s][info][gc,heap        ] GC(994) ParOldGen: 159962K(175104K)->159970K(175104K)
[385.747s][info][gc,metaspace   ] GC(994) Metaspace: 35467K(36096K)->35467K(36096K) NonClass: 26265K(26752K)->26265K(26752K) Class: 9202K(9344K)->9202K(9344K)
[385.747s][info][gc             ] GC(994) Pause Young (Allocation Failure) 417M->156M(433M) 1.341ms
[385.747s][info][gc,cpu         ] GC(994) User=0.00s Sys=0.00s Real=0.00s
[386.757s][info][gc,start       ] GC(995) Pause Young (Allocation Failure)
[386.759s][info][gc,heap        ] GC(995) PSYoungGen: 257600K(268288K)->64K(248320K) Eden: 257536K(257536K)->0K(247808K) From: 64K(10752K)->64K(512K)
[386.759s][info][gc,heap        ] GC(995) ParOldGen: 159970K(175104K)->159978K(175104K)
[386.759s][info][gc,metaspace   ] GC(995) Metaspace: 35467K(36096K)->35467K(36096K) NonClass: 26265K(26752K)->26265K(26752K) Class: 9202K(9344K)->9202K(9344K)
[386.759s][info][gc             ] GC(995) Pause Young (Allocation Failure) 407M->156M(413M) 1.657ms
[386.759s][info][gc,cpu         ] GC(995) User=0.00s Sys=0.00s Real=0.00s
[387.159s][info][gc,start       ] GC(996) Pause Young (Allocation Failure)
[387.160s][info][gc,heap        ] GC(996) PSYoungGen: 247872K(248320K)->32K(247296K) Eden: 247808K(247808K)->0K(238080K) From: 64K(512K)->32K(9216K)
[387.160s][info][gc,heap        ] GC(996) ParOldGen: 159978K(175104K)->159986K(175104K)
[387.160s][info][gc,metaspace   ] GC(996) Metaspace: 35467K(36096K)->35467K(36096K) NonClass: 26265K(26752K)->26265K(26752K) Class: 9202K(9344K)->9202K(9344K)
[387.160s][info][gc             ] GC(996) Pause Young (Allocation Failure) 398M->156M(412M) 1.340ms
[387.160s][info][gc,cpu         ] GC(996) User=0.00s Sys=0.00s Real=0.00s
[387.323s][info][gc,start       ] GC(997) Pause Young (Allocation Failure)
[387.325s][info][gc,heap        ] GC(997) PSYoungGen: 238112K(247296K)->64K(229376K) Eden: 238080K(238080K)->0K(228864K) From: 32K(9216K)->64K(512K)
[387.325s][info][gc,heap        ] GC(997) ParOldGen: 159986K(175104K)->159994K(175104K)
[387.325s][info][gc,metaspace   ] GC(997) Metaspace: 35467K(36096K)->35467K(36096K) NonClass: 26265K(26752K)->26265K(26752K) Class: 9202K(9344K)->9202K(9344K)
[387.325s][info][gc             ] GC(997) Pause Young (Allocation Failure) 388M->156M(395M) 1.732ms
[387.325s][info][gc,cpu         ] GC(997) User=0.00s Sys=0.01s Real=0.00s
[387.474s][info][gc,start       ] GC(998) Pause Young (Allocation Failure)
[387.476s][info][gc,heap        ] GC(998) PSYoungGen: 228928K(229376K)->64K(228352K) Eden: 228864K(228864K)->0K(220160K) From: 64K(512K)->64K(8192K)
[387.476s][info][gc,heap        ] GC(998) ParOldGen: 159994K(175104K)->160002K(175104K)
[387.476s][info][gc,metaspace   ] GC(998) Metaspace: 35467K(36096K)->35467K(36096K) NonClass: 26265K(26752K)->26265K(26752K) Class: 9202K(9344K)->9202K(9344K)
[387.476s][info][gc             ] GC(998) Pause Young (Allocation Failure) 379M->156M(394M) 1.404ms
[387.476s][info][gc,cpu         ] GC(998) User=0.00s Sys=0.00s Real=0.00s
[388.010s][info][gc,start       ] GC(999) Pause Young (Allocation Failure)
[388.012s][info][gc,heap        ] GC(999) PSYoungGen: 220224K(228352K)->32K(212480K) Eden: 220160K(220160K)->0K(211968K) From: 64K(8192K)->32K(512K)
[388.012s][info][gc,heap        ] GC(999) ParOldGen: 160002K(175104K)->160010K(175104K)
[388.012s][info][gc,metaspace   ] GC(999) Metaspace: 35467K(36096K)->35467K(36096K) NonClass: 26265K(26752K)->26265K(26752K) Class: 9202K(9344K)->9202K(9344K)
[388.012s][info][gc             ] GC(999) Pause Young (Allocation Failure) 371M->156M(378M) 2.032ms
[388.012s][info][gc,cpu         ] GC(999) User=0.01s Sys=0.00s Real=0.01s
[388.216s][info][gc,start       ] GC(1000) Pause Young (Allocation Failure)
[388.218s][info][gc,heap        ] GC(1000) PSYoungGen: 212000K(212480K)->64K(211456K) Eden: 211968K(211968K)->0K(204288K) From: 32K(512K)->64K(7168K)
[388.218s][info][gc,heap        ] GC(1000) ParOldGen: 160010K(175104K)->160018K(175104K)
[388.218s][info][gc,metaspace   ] GC(1000) Metaspace: 35467K(36096K)->35467K(36096K) NonClass: 26265K(26752K)->26265K(26752K) Class: 9202K(9344K)->9202K(9344K)
[388.218s][info][gc             ] GC(1000) Pause Young (Allocation Failure) 363M->156M(377M) 1.484ms
[388.218s][info][gc,cpu         ] GC(1000) User=0.00s Sys=0.00s Real=0.00s
[388.505s][info][gc,start       ] GC(1001) Pause Young (Allocation Failure)
[388.551s][info][gc,heap        ] GC(1001) PSYoungGen: 204352K(211456K)->6656K(251392K) Eden: 204288K(204288K)->0K(244736K) From: 64K(7168K)->6656K(6656K)
[388.551s][info][gc,heap        ] GC(1001) ParOldGen: 160018K(175104K)->168986K(175104K)
[388.551s][info][gc,metaspace   ] GC(1001) Metaspace: 35467K(36096K)->35467K(36096K) NonClass: 26265K(26752K)->26265K(26752K) Class: 9202K(9344K)->9202K(9344K)
[388.551s][info][gc             ] GC(1001) Pause Young (Allocation Failure) 355M->171M(416M) 45.940ms
[388.551s][info][gc,cpu         ] GC(1001) User=0.09s Sys=0.00s Real=0.04s
[388.854s][info][gc,start       ] GC(1002) Pause Young (Allocation Failure)
[388.947s][info][gc,heap        ] GC(1002) PSYoungGen: 251392K(251392K)->11776K(272384K) Eden: 244736K(244736K)->0K(260608K) From: 6656K(6656K)->11776K(11776K)
[388.947s][info][gc,heap        ] GC(1002) ParOldGen: 168986K(175104K)->185138K(185344K)
[388.947s][info][gc,metaspace   ] GC(1002) Metaspace: 35467K(36096K)->35467K(36096K) NonClass: 26265K(26752K)->26265K(26752K) Class: 9202K(9344K)->9202K(9344K)
[388.947s][info][gc             ] GC(1002) Pause Young (Allocation Failure) 410M->192M(447M) 93.353ms
[388.947s][info][gc,cpu         ] GC(1002) User=0.18s Sys=0.01s Real=0.09s
[389.189s][info][gc,start       ] GC(1003) Pause Young (Allocation Failure)
[389.270s][info][gc,heap        ] GC(1003) PSYoungGen: 272384K(272384K)->19328K(305664K) Eden: 260608K(260608K)->0K(285696K) From: 11776K(11776K)->19328K(19968K)
[389.270s][info][gc,heap        ] GC(1003) ParOldGen: 185138K(185344K)->185570K(185856K)
[389.270s][info][gc,metaspace   ] GC(1003) Metaspace: 35467K(36096K)->35467K(36096K) NonClass: 26265K(26752K)->26265K(26752K) Class: 9202K(9344K)->9202K(9344K)
[389.271s][info][gc             ] GC(1003) Pause Young (Allocation Failure) 446M->200M(480M) 81.824ms
[389.271s][info][gc,cpu         ] GC(1003) User=0.15s Sys=0.01s Real=0.08s
[389.567s][info][gc,start       ] GC(1004) Pause Young (Allocation Failure)
[389.568s][info][gc,heap        ] GC(1004) PSYoungGen: 305024K(305664K)->64K(309760K) Eden: 285696K(285696K)->0K(285696K) From: 19328K(19968K)->64K(24064K)
[389.568s][info][gc,heap        ] GC(1004) ParOldGen: 185570K(185856K)->185578K(185856K)
[389.568s][info][gc,metaspace   ] GC(1004) Metaspace: 35467K(36096K)->35467K(36096K) NonClass: 26265K(26752K)->26265K(26752K) Class: 9202K(9344K)->9202K(9344K)
[389.568s][info][gc             ] GC(1004) Pause Young (Allocation Failure) 479M->181M(484M) 1.624ms
[389.568s][info][gc,cpu         ] GC(1004) User=0.00s Sys=0.00s Real=0.00s
[390.206s][info][gc,start       ] GC(1005) Pause Young (Allocation Failure)
[390.208s][info][gc,heap        ] GC(1005) PSYoungGen: 285760K(309760K)->64K(307200K) Eden: 285696K(285696K)->0K(286208K) From: 64K(24064K)->64K(20992K)
[390.208s][info][gc,heap        ] GC(1005) ParOldGen: 185578K(185856K)->185594K(185856K)
[390.208s][info][gc,metaspace   ] GC(1005) Metaspace: 35467K(36096K)->35467K(36096K) NonClass: 26265K(26752K)->26265K(26752K) Class: 9202K(9344K)->9202K(9344K)
[390.208s][info][gc             ] GC(1005) Pause Young (Allocation Failure) 460M->181M(481M) 1.797ms
[390.208s][info][gc,cpu         ] GC(1005) User=0.00s Sys=0.00s Real=0.00s
[390.701s][info][gc,start       ] GC(1006) Pause Young (Allocation Failure)
[390.702s][info][gc,heap        ] GC(1006) PSYoungGen: 286272K(307200K)->64K(308736K) Eden: 286208K(286208K)->0K(286208K) From: 64K(20992K)->64K(22528K)
[390.702s][info][gc,heap        ] GC(1006) ParOldGen: 185594K(185856K)->185610K(185856K)
[390.702s][info][gc,metaspace   ] GC(1006) Metaspace: 35467K(36096K)->35467K(36096K) NonClass: 26265K(26752K)->26265K(26752K) Class: 9202K(9344K)->9202K(9344K)
[390.702s][info][gc             ] GC(1006) Pause Young (Allocation Failure) 460M->181M(483M) 1.786ms
[390.702s][info][gc,cpu         ] GC(1006) User=0.01s Sys=0.00s Real=0.01s
[390.943s][info][gc,start       ] GC(1007) Pause Young (Allocation Failure)
[390.944s][info][gc,heap        ] GC(1007) PSYoungGen: 286272K(308736K)->64K(308736K) Eden: 286208K(286208K)->0K(289792K) From: 64K(22528K)->64K(18944K)
[390.944s][info][gc,heap        ] GC(1007) ParOldGen: 185610K(185856K)->185626K(185856K)
[390.944s][info][gc,metaspace   ] GC(1007) Metaspace: 35467K(36096K)->35467K(36096K) NonClass: 26265K(26752K)->26265K(26752K) Class: 9202K(9344K)->9202K(9344K)
[390.944s][info][gc             ] GC(1007) Pause Young (Allocation Failure) 460M->181M(483M) 1.052ms
[390.944s][info][gc,cpu         ] GC(1007) User=0.01s Sys=0.00s Real=0.00s
[391.192s][info][gc,start       ] GC(1008) Pause Young (Allocation Failure)
[391.193s][info][gc,heap        ] GC(1008) PSYoungGen: 289856K(308736K)->64K(310272K) Eden: 289792K(289792K)->0K(289792K) From: 64K(18944K)->64K(20480K)
[391.193s][info][gc,heap        ] GC(1008) ParOldGen: 185626K(185856K)->185626K(185856K)
[391.193s][info][gc,metaspace   ] GC(1008) Metaspace: 35467K(36096K)->35467K(36096K) NonClass: 26265K(26752K)->26265K(26752K) Class: 9202K(9344K)->9202K(9344K)
[391.193s][info][gc             ] GC(1008) Pause Young (Allocation Failure) 464M->181M(484M) 0.929ms
[391.193s][info][gc,cpu         ] GC(1008) User=0.00s Sys=0.00s Real=0.00s
[391.525s][info][gc,start       ] GC(1009) Pause Young (Allocation Failure)
[391.525s][info][gc,heap        ] GC(1009) PSYoungGen: 289856K(310272K)->64K(310784K) Eden: 289792K(289792K)->0K(293376K) From: 64K(20480K)->64K(17408K)
[391.525s][info][gc,heap        ] GC(1009) ParOldGen: 185626K(185856K)->185626K(185856K)
[391.525s][info][gc,metaspace   ] GC(1009) Metaspace: 35467K(36096K)->35467K(36096K) NonClass: 26265K(26752K)->26265K(26752K) Class: 9202K(9344K)->9202K(9344K)
[391.525s][info][gc             ] GC(1009) Pause Young (Allocation Failure) 464M->181M(485M) 0.846ms
[391.525s][info][gc,cpu         ] GC(1009) User=0.00s Sys=0.00s Real=0.00s
[391.579s][info][gc,start       ] GC(1010) Pause Young (Allocation Failure)
[391.580s][info][gc,heap        ] GC(1010) PSYoungGen: 293440K(310784K)->64K(312320K) Eden: 293376K(293376K)->0K(293376K) From: 64K(17408K)->64K(18944K)
[391.580s][info][gc,heap        ] GC(1010) ParOldGen: 185626K(185856K)->185642K(185856K)
[391.580s][info][gc,metaspace   ] GC(1010) Metaspace: 35467K(36096K)->35467K(36096K) NonClass: 26265K(26752K)->26265K(26752K) Class: 9202K(9344K)->9202K(9344K)
[391.580s][info][gc             ] GC(1010) Pause Young (Allocation Failure) 467M->181M(486M) 0.886ms
[391.580s][info][gc,cpu         ] GC(1010) User=0.01s Sys=0.00s Real=0.00s
[391.640s][info][gc,start       ] GC(1011) Pause Young (Allocation Failure)
[391.640s][info][gc,heap        ] GC(1011) PSYoungGen: 293440K(312320K)->64K(312320K) Eden: 293376K(293376K)->0K(296960K) From: 64K(18944K)->64K(15360K)
[391.640s][info][gc,heap        ] GC(1011) ParOldGen: 185642K(185856K)->185642K(185856K)
[391.640s][info][gc,metaspace   ] GC(1011) Metaspace: 35467K(36096K)->35467K(36096K) NonClass: 26265K(26752K)->26265K(26752K) Class: 9202K(9344K)->9202K(9344K)
[391.640s][info][gc             ] GC(1011) Pause Young (Allocation Failure) 467M->181M(486M) 0.722ms
[391.640s][info][gc,cpu         ] GC(1011) User=0.00s Sys=0.00s Real=0.00s
[391.931s][info][gc,start       ] GC(1012) Pause Young (Allocation Failure)
[391.932s][info][gc,heap        ] GC(1012) PSYoungGen: 297024K(312320K)->64K(313856K) Eden: 296960K(296960K)->0K(296960K) From: 64K(15360K)->64K(16896K)
[391.932s][info][gc,heap        ] GC(1012) ParOldGen: 185642K(185856K)->185658K(185856K)
[391.932s][info][gc,metaspace   ] GC(1012) Metaspace: 35467K(36096K)->35467K(36096K) NonClass: 26265K(26752K)->26265K(26752K) Class: 9202K(9344K)->9202K(9344K)
[391.932s][info][gc             ] GC(1012) Pause Young (Allocation Failure) 471M->181M(488M) 0.957ms
[391.932s][info][gc,cpu         ] GC(1012) User=0.01s Sys=0.00s Real=0.00s
[392.167s][info][gc,start       ] GC(1013) Pause Young (Allocation Failure)
[392.168s][info][gc,heap        ] GC(1013) PSYoungGen: 297024K(313856K)->64K(314368K) Eden: 296960K(296960K)->0K(301056K) From: 64K(16896K)->64K(13312K)
[392.168s][info][gc,heap        ] GC(1013) ParOldGen: 185658K(185856K)->185658K(185856K)
[392.168s][info][gc,metaspace   ] GC(1013) Metaspace: 35467K(36096K)->35467K(36096K) NonClass: 26265K(26752K)->26265K(26752K) Class: 9202K(9344K)->9202K(9344K)
[392.168s][info][gc             ] GC(1013) Pause Young (Allocation Failure) 471M->181M(488M) 0.937ms
[392.168s][info][gc,cpu         ] GC(1013) User=0.00s Sys=0.00s Real=0.00s
[392.254s][info][gc,start       ] GC(1014) Pause Young (Allocation Failure)
[392.255s][info][gc,heap        ] GC(1014) PSYoungGen: 301120K(314368K)->64K(315904K) Eden: 301056K(301056K)->0K(301056K) From: 64K(13312K)->64K(14848K)
[392.255s][info][gc,heap        ] GC(1014) ParOldGen: 185658K(185856K)->185674K(185856K)
[392.255s][info][gc,metaspace   ] GC(1014) Metaspace: 35467K(36096K)->35467K(36096K) NonClass: 26265K(26752K)->26265K(26752K) Class: 9202K(9344K)->9202K(9344K)
[392.255s][info][gc             ] GC(1014) Pause Young (Allocation Failure) 475M->181M(490M) 0.920ms
[392.255s][info][gc,cpu         ] GC(1014) User=0.00s Sys=0.00s Real=0.00s
[392.413s][info][gc,start       ] GC(1015) Pause Young (Allocation Failure)
[392.414s][info][gc,heap        ] GC(1015) PSYoungGen: 301120K(315904K)->64K(316416K) Eden: 301056K(301056K)->0K(304640K) From: 64K(14848K)->64K(11776K)
[392.414s][info][gc,heap        ] GC(1015) ParOldGen: 185674K(185856K)->185674K(185856K)
[392.414s][info][gc,metaspace   ] GC(1015) Metaspace: 35467K(36096K)->35467K(36096K) NonClass: 26265K(26752K)->26265K(26752K) Class: 9202K(9344K)->9202K(9344K)
[392.414s][info][gc             ] GC(1015) Pause Young (Allocation Failure) 475M->181M(490M) 0.896ms
[392.414s][info][gc,cpu         ] GC(1015) User=0.00s Sys=0.00s Real=0.00s
[393.381s][info][gc,start       ] GC(1016) Pause Young (Allocation Failure)
[393.383s][info][gc,heap        ] GC(1016) PSYoungGen: 304704K(316416K)->83K(292864K) Eden: 304640K(304640K)->0K(292352K) From: 64K(11776K)->83K(512K)
[393.383s][info][gc,heap        ] GC(1016) ParOldGen: 185674K(185856K)->185682K(185856K)
[393.383s][info][gc,metaspace   ] GC(1016) Metaspace: 35467K(36096K)->35467K(36096K) NonClass: 26265K(26752K)->26265K(26752K) Class: 9202K(9344K)->9202K(9344K)
[393.383s][info][gc             ] GC(1016) Pause Young (Allocation Failure) 478M->181M(467M) 1.691ms
[393.383s][info][gc,cpu         ] GC(1016) User=0.01s Sys=0.00s Real=0.01s
[394.197s][info][gc,start       ] GC(1017) Pause Young (Allocation Failure)
[394.198s][info][gc,heap        ] GC(1017) PSYoungGen: 292435K(292864K)->64K(281088K) Eden: 292352K(292352K)->0K(280576K) From: 83K(512K)->64K(512K)
[394.198s][info][gc,heap        ] GC(1017) ParOldGen: 185682K(185856K)->185690K(185856K)
[394.198s][info][gc,metaspace   ] GC(1017) Metaspace: 35467K(36096K)->35467K(36096K) NonClass: 26265K(26752K)->26265K(26752K) Class: 9202K(9344K)->9202K(9344K)
[394.198s][info][gc             ] GC(1017) Pause Young (Allocation Failure) 466M->181M(456M) 1.358ms
[394.198s][info][gc,cpu         ] GC(1017) User=0.00s Sys=0.00s Real=0.00s
[394.443s][info][gc,start       ] GC(1018) Pause Young (Allocation Failure)
[394.444s][info][gc,heap        ] GC(1018) PSYoungGen: 280640K(281088K)->64K(281088K) Eden: 280576K(280576K)->0K(269312K) From: 64K(512K)->64K(11776K)
[394.444s][info][gc,heap        ] GC(1018) ParOldGen: 185690K(185856K)->185698K(185856K)
[394.444s][info][gc,metaspace   ] GC(1018) Metaspace: 35467K(36096K)->35467K(36096K) NonClass: 26265K(26752K)->26265K(26752K) Class: 9202K(9344K)->9202K(9344K)
[394.444s][info][gc             ] GC(1018) Pause Young (Allocation Failure) 455M->181M(456M) 0.791ms
[394.444s][info][gc,cpu         ] GC(1018) User=0.00s Sys=0.00s Real=0.00s
[394.904s][info][gc,start       ] GC(1019) Pause Young (Allocation Failure)
[394.906s][info][gc,heap        ] GC(1019) PSYoungGen: 269376K(281088K)->64K(259072K) Eden: 269312K(269312K)->0K(258560K) From: 64K(11776K)->64K(512K)
[394.906s][info][gc,heap        ] GC(1019) ParOldGen: 185698K(185856K)->185706K(185856K)
[394.906s][info][gc,metaspace   ] GC(1019) Metaspace: 35467K(36096K)->35467K(36096K) NonClass: 26265K(26752K)->26265K(26752K) Class: 9202K(9344K)->9202K(9344K)
[394.906s][info][gc             ] GC(1019) Pause Young (Allocation Failure) 444M->181M(434M) 1.871ms
[394.906s][info][gc,cpu         ] GC(1019) User=0.00s Sys=0.00s Real=0.00s
[395.857s][info][gc,start       ] GC(1020) Pause Young (Allocation Failure)
[395.858s][info][gc,heap        ] GC(1020) PSYoungGen: 258624K(259072K)->32K(258560K) Eden: 258560K(258560K)->0K(248320K) From: 64K(512K)->32K(10240K)
[395.858s][info][gc,heap        ] GC(1020) ParOldGen: 185706K(185856K)->185714K(185856K)
[395.858s][info][gc,metaspace   ] GC(1020) Metaspace: 35467K(36096K)->35467K(36096K) NonClass: 26265K(26752K)->26265K(26752K) Class: 9202K(9344K)->9202K(9344K)
[395.858s][info][gc             ] GC(1020) Pause Young (Allocation Failure) 433M->181M(434M) 1.433ms
[395.858s][info][gc,cpu         ] GC(1020) User=0.00s Sys=0.00s Real=0.00s
[396.217s][info][gc,start       ] GC(1021) Pause Young (Allocation Failure)
[396.220s][info][gc,heap        ] GC(1021) PSYoungGen: 248352K(258560K)->64K(239104K) Eden: 248320K(248320K)->0K(238592K) From: 32K(10240K)->64K(512K)
[396.220s][info][gc,heap        ] GC(1021) ParOldGen: 185714K(185856K)->185730K(185856K)
[396.220s][info][gc,metaspace   ] GC(1021) Metaspace: 35467K(36096K)->35467K(36096K) NonClass: 26265K(26752K)->26265K(26752K) Class: 9202K(9344K)->9202K(9344K)
[396.220s][info][gc             ] GC(1021) Pause Young (Allocation Failure) 423M->181M(415M) 2.357ms
[396.220s][info][gc,cpu         ] GC(1021) User=0.00s Sys=0.00s Real=0.00s
[396.298s][info][gc,start       ] GC(1022) Pause Young (Allocation Failure)
[396.299s][info][gc,heap        ] GC(1022) PSYoungGen: 238656K(239104K)->64K(238080K) Eden: 238592K(238592K)->0K(229376K) From: 64K(512K)->64K(8704K)
[396.299s][info][gc,heap        ] GC(1022) ParOldGen: 185730K(185856K)->185746K(185856K)
[396.299s][info][gc,metaspace   ] GC(1022) Metaspace: 35467K(36096K)->35467K(36096K) NonClass: 26265K(26752K)->26265K(26752K) Class: 9202K(9344K)->9202K(9344K)
[396.299s][info][gc             ] GC(1022) Pause Young (Allocation Failure) 414M->181M(414M) 1.259ms
[396.299s][info][gc,cpu         ] GC(1022) User=0.01s Sys=0.00s Real=0.00s
[396.738s][info][gc,start       ] GC(1023) Pause Young (Allocation Failure)
[396.740s][info][gc,heap        ] GC(1023) PSYoungGen: 229440K(238080K)->64K(221184K) Eden: 229376K(229376K)->0K(220672K) From: 64K(8704K)->64K(512K)
[396.740s][info][gc,heap        ] GC(1023) ParOldGen: 185746K(185856K)->185762K(185856K)
[396.740s][info][gc,metaspace   ] GC(1023) Metaspace: 35467K(36096K)->35467K(36096K) NonClass: 26265K(26752K)->26265K(26752K) Class: 9202K(9344K)->9202K(9344K)
[396.740s][info][gc             ] GC(1023) Pause Young (Allocation Failure) 405M->181M(397M) 1.988ms
[396.740s][info][gc,cpu         ] GC(1023) User=0.00s Sys=0.00s Real=0.00s
[397.014s][info][gc,start       ] GC(1024) Pause Young (Allocation Failure)
[397.016s][info][gc,heap        ] GC(1024) PSYoungGen: 220736K(221184K)->64K(220160K) Eden: 220672K(220672K)->0K(212480K) From: 64K(512K)->64K(7680K)
[397.016s][info][gc,heap        ] GC(1024) ParOldGen: 185762K(185856K)->185778K(185856K)
[397.016s][info][gc,metaspace   ] GC(1024) Metaspace: 35467K(36096K)->35467K(36096K) NonClass: 26265K(26752K)->26265K(26752K) Class: 9202K(9344K)->9202K(9344K)
[397.016s][info][gc             ] GC(1024) Pause Young (Allocation Failure) 396M->181M(396M) 1.299ms
[397.016s][info][gc,cpu         ] GC(1024) User=0.00s Sys=0.00s Real=0.00s
[397.323s][info][gc,start       ] GC(1025) Pause Young (Allocation Failure)
[397.344s][info][gc,heap        ] GC(1025) PSYoungGen: 212543K(220160K)->6944K(261120K) Eden: 212479K(212480K)->0K(253952K) From: 64K(7680K)->6944K(7168K)
[397.344s][info][gc,heap        ] GC(1025) ParOldGen: 185778K(185856K)->185786K(185856K)
[397.344s][info][gc,metaspace   ] GC(1025) Metaspace: 35467K(36096K)->35467K(36096K) NonClass: 26265K(26752K)->26265K(26752K) Class: 9202K(9344K)->9202K(9344K)
[397.344s][info][gc             ] GC(1025) Pause Young (Allocation Failure) 388M->188M(436M) 20.719ms
[397.344s][info][gc,cpu         ] GC(1025) User=0.03s Sys=0.00s Real=0.02s
[397.649s][info][gc,start       ] GC(1026) Pause Young (Allocation Failure)
[397.705s][info][gc,heap        ] GC(1026) PSYoungGen: 260896K(261120K)->8704K(272384K) Eden: 253952K(253952K)->0K(263680K) From: 6944K(7168K)->8704K(8704K)
[397.705s][info][gc,heap        ] GC(1026) ParOldGen: 185786K(185856K)->205826K(206336K)
[397.705s][info][gc,metaspace   ] GC(1026) Metaspace: 35467K(36096K)->35467K(36096K) NonClass: 26265K(26752K)->26265K(26752K) Class: 9202K(9344K)->9202K(9344K)
[397.705s][info][gc             ] GC(1026) Pause Young (Allocation Failure) 436M->209M(467M) 56.129ms
[397.705s][info][gc,cpu         ] GC(1026) User=0.09s Sys=0.02s Real=0.06s
[397.996s][info][gc,start       ] GC(1027) Pause Young (Allocation Failure)
[398.056s][info][gc,heap        ] GC(1027) PSYoungGen: 272384K(272384K)->18432K(301056K) Eden: 263680K(263680K)->0K(282624K) From: 8704K(8704K)->18432K(18432K)
[398.056s][info][gc,heap        ] GC(1027) ParOldGen: 205826K(206336K)->214922K(215040K)
[398.056s][info][gc,metaspace   ] GC(1027) Metaspace: 35467K(36096K)->35467K(36096K) NonClass: 26265K(26752K)->26265K(26752K) Class: 9202K(9344K)->9202K(9344K)
[398.056s][info][gc             ] GC(1027) Pause Young (Allocation Failure) 467M->227M(504M) 60.310ms
[398.056s][info][gc,cpu         ] GC(1027) User=0.11s Sys=0.01s Real=0.06s
[398.193s][info][gc,start       ] GC(1028) Pause Young (Allocation Failure)
[398.197s][info][gc,heap        ] GC(1028) PSYoungGen: 301056K(301056K)->64K(308224K) Eden: 282624K(282624K)->0K(282624K) From: 18432K(18432K)->64K(25600K)
[398.197s][info][gc,heap        ] GC(1028) ParOldGen: 214922K(215040K)->215162K(215552K)
[398.197s][info][gc,metaspace   ] GC(1028) Metaspace: 35467K(36096K)->35467K(36096K) NonClass: 26265K(26752K)->26265K(26752K) Class: 9202K(9344K)->9202K(9344K)
[398.197s][info][gc             ] GC(1028) Pause Young (Allocation Failure) 503M->210M(511M) 3.454ms
[398.197s][info][gc,cpu         ] GC(1028) User=0.01s Sys=0.01s Real=0.00s
[398.884s][info][gc,start       ] GC(1029) Pause Young (Allocation Failure)
[398.885s][info][gc,heap        ] GC(1029) PSYoungGen: 282688K(308224K)->64K(306176K) Eden: 282624K(282624K)->0K(283648K) From: 64K(25600K)->64K(22528K)
[398.885s][info][gc,heap        ] GC(1029) ParOldGen: 215162K(215552K)->215178K(215552K)
[398.885s][info][gc,metaspace   ] GC(1029) Metaspace: 35467K(36096K)->35467K(36096K) NonClass: 26265K(26752K)->26265K(26752K) Class: 9202K(9344K)->9202K(9344K)
[398.885s][info][gc             ] GC(1029) Pause Young (Allocation Failure) 486M->210M(509M) 1.157ms
[398.885s][info][gc,cpu         ] GC(1029) User=0.01s Sys=0.00s Real=0.00s
[399.225s][info][gc,start       ] GC(1030) Pause Young (Allocation Failure)
[399.226s][info][gc,heap        ] GC(1030) PSYoungGen: 283712K(306176K)->64K(307712K) Eden: 283648K(283648K)->0K(283648K) From: 64K(22528K)->64K(24064K)
[399.226s][info][gc,heap        ] GC(1030) ParOldGen: 215178K(215552K)->215178K(215552K)
[399.226s][info][gc,metaspace   ] GC(1030) Metaspace: 35467K(36096K)->35467K(36096K) NonClass: 26265K(26752K)->26265K(26752K) Class: 9202K(9344K)->9202K(9344K)
[399.226s][info][gc             ] GC(1030) Pause Young (Allocation Failure) 487M->210M(511M) 1.013ms
[399.226s][info][gc,cpu         ] GC(1030) User=0.01s Sys=0.00s Real=0.00s
[399.640s][info][gc,start       ] GC(1031) Pause Young (Allocation Failure)
[399.641s][info][gc,heap        ] GC(1031) PSYoungGen: 283712K(307712K)->64K(307200K) Eden: 283648K(283648K)->0K(286720K) From: 64K(24064K)->64K(20480K)
[399.641s][info][gc,heap        ] GC(1031) ParOldGen: 215178K(215552K)->215194K(215552K)
[399.641s][info][gc,metaspace   ] GC(1031) Metaspace: 35467K(36096K)->35467K(36096K) NonClass: 26265K(26752K)->26265K(26752K) Class: 9202K(9344K)->9202K(9344K)
[399.641s][info][gc             ] GC(1031) Pause Young (Allocation Failure) 487M->210M(510M) 1.059ms
[399.641s][info][gc,cpu         ] GC(1031) User=0.00s Sys=0.00s Real=0.00s
[399.887s][info][gc,start       ] GC(1032) Pause Young (Allocation Failure)
[399.888s][info][gc,heap        ] GC(1032) PSYoungGen: 286784K(307200K)->64K(308736K) Eden: 286720K(286720K)->0K(286720K) From: 64K(20480K)->64K(22016K)
[399.888s][info][gc,heap        ] GC(1032) ParOldGen: 215194K(215552K)->215210K(215552K)
[399.888s][info][gc,metaspace   ] GC(1032) Metaspace: 35467K(36096K)->35467K(36096K) NonClass: 26265K(26752K)->26265K(26752K) Class: 9202K(9344K)->9202K(9344K)
[399.888s][info][gc             ] GC(1032) Pause Young (Allocation Failure) 490M->210M(512M) 1.139ms
[399.888s][info][gc,cpu         ] GC(1032) User=0.00s Sys=0.00s Real=0.00s
[400.262s][info][gc,start       ] GC(1033) Pause Young (Allocation Failure)
[400.263s][info][gc,heap        ] GC(1033) PSYoungGen: 286784K(308736K)->64K(309248K) Eden: 286720K(286720K)->0K(290816K) From: 64K(22016K)->64K(18432K)
[400.263s][info][gc,heap        ] GC(1033) ParOldGen: 215210K(215552K)->215210K(215552K)
[400.263s][info][gc,metaspace   ] GC(1033) Metaspace: 35467K(36096K)->35467K(36096K) NonClass: 26265K(26752K)->26265K(26752K) Class: 9202K(9344K)->9202K(9344K)
[400.263s][info][gc             ] GC(1033) Pause Young (Allocation Failure) 490M->210M(512M) 0.972ms
[400.263s][info][gc,cpu         ] GC(1033) User=0.00s Sys=0.00s Real=0.00s
[400.322s][info][gc,start       ] GC(1034) Pause Young (Allocation Failure)
[400.322s][info][gc,heap        ] GC(1034) PSYoungGen: 290880K(309248K)->64K(310784K) Eden: 290816K(290816K)->0K(290816K) From: 64K(18432K)->64K(19968K)
[400.323s][info][gc,heap        ] GC(1034) ParOldGen: 215210K(215552K)->215218K(215552K)
[400.323s][info][gc,metaspace   ] GC(1034) Metaspace: 35467K(36096K)->35467K(36096K) NonClass: 26265K(26752K)->26265K(26752K) Class: 9202K(9344K)->9202K(9344K)
[400.323s][info][gc             ] GC(1034) Pause Young (Allocation Failure) 494M->210M(514M) 0.910ms
[400.323s][info][gc,cpu         ] GC(1034) User=0.01s Sys=0.00s Real=0.01s
[400.373s][info][gc,start       ] GC(1035) Pause Young (Allocation Failure)
[400.374s][info][gc,heap        ] GC(1035) PSYoungGen: 290880K(310784K)->64K(311296K) Eden: 290816K(290816K)->0K(294912K) From: 64K(19968K)->64K(16384K)
[400.374s][info][gc,heap        ] GC(1035) ParOldGen: 215218K(215552K)->215234K(215552K)
[400.374s][info][gc,metaspace   ] GC(1035) Metaspace: 35467K(36096K)->35467K(36096K) NonClass: 26265K(26752K)->26265K(26752K) Class: 9202K(9344K)->9202K(9344K)
[400.374s][info][gc             ] GC(1035) Pause Young (Allocation Failure) 494M->210M(514M) 0.777ms
[400.374s][info][gc,cpu         ] GC(1035) User=0.00s Sys=0.00s Real=0.00s
[400.601s][info][gc,start       ] GC(1036) Pause Young (Allocation Failure)
[400.602s][info][gc,heap        ] GC(1036) PSYoungGen: 294976K(311296K)->64K(312832K) Eden: 294912K(294912K)->0K(294912K) From: 64K(16384K)->64K(17920K)
[400.602s][info][gc,heap        ] GC(1036) ParOldGen: 215234K(215552K)->215234K(215552K)
[400.602s][info][gc,metaspace   ] GC(1036) Metaspace: 35467K(36096K)->35467K(36096K) NonClass: 26265K(26752K)->26265K(26752K) Class: 9202K(9344K)->9202K(9344K)
[400.602s][info][gc             ] GC(1036) Pause Young (Allocation Failure) 498M->210M(516M) 0.921ms
[400.602s][info][gc,cpu         ] GC(1036) User=0.00s Sys=0.00s Real=0.01s
[400.857s][info][gc,start       ] GC(1037) Pause Young (Allocation Failure)
[400.858s][info][gc,heap        ] GC(1037) PSYoungGen: 294976K(312832K)->64K(313344K) Eden: 294912K(294912K)->0K(299008K) From: 64K(17920K)->64K(14336K)
[400.858s][info][gc,heap        ] GC(1037) ParOldGen: 215234K(215552K)->215242K(215552K)
[400.858s][info][gc,metaspace   ] GC(1037) Metaspace: 35467K(36096K)->35467K(36096K) NonClass: 26265K(26752K)->26265K(26752K) Class: 9202K(9344K)->9202K(9344K)
[400.858s][info][gc             ] GC(1037) Pause Young (Allocation Failure) 498M->210M(516M) 0.916ms
[400.858s][info][gc,cpu         ] GC(1037) User=0.00s Sys=0.00s Real=0.00s
[400.978s][info][gc,start       ] GC(1038) Pause Young (Allocation Failure)
[400.979s][info][gc,heap        ] GC(1038) PSYoungGen: 299072K(313344K)->64K(314880K) Eden: 299008K(299008K)->0K(299008K) From: 64K(14336K)->64K(15872K)
[400.979s][info][gc,heap        ] GC(1038) ParOldGen: 215242K(215552K)->215250K(215552K)
[400.979s][info][gc,metaspace   ] GC(1038) Metaspace: 35467K(36096K)->35467K(36096K) NonClass: 26265K(26752K)->26265K(26752K) Class: 9202K(9344K)->9202K(9344K)
[400.979s][info][gc             ] GC(1038) Pause Young (Allocation Failure) 502M->210M(518M) 0.987ms
[400.979s][info][gc,cpu         ] GC(1038) User=0.00s Sys=0.00s Real=0.00s
[401.099s][info][gc,start       ] GC(1039) Pause Young (Allocation Failure)
[401.101s][info][gc,heap        ] GC(1039) PSYoungGen: 299072K(314880K)->64K(287744K) Eden: 299008K(299008K)->0K(287232K) From: 64K(15872K)->64K(512K)
[401.101s][info][gc,heap        ] GC(1039) ParOldGen: 215250K(215552K)->215258K(215552K)
[401.101s][info][gc,metaspace   ] GC(1039) Metaspace: 35467K(36096K)->35467K(36096K) NonClass: 26265K(26752K)->26265K(26752K) Class: 9202K(9344K)->9202K(9344K)
[401.101s][info][gc             ] GC(1039) Pause Young (Allocation Failure) 502M->210M(491M) 1.684ms
[401.101s][info][gc,cpu         ] GC(1039) User=0.00s Sys=0.00s Real=0.00s
[401.457s][info][gc,start       ] GC(1040) Pause Young (Allocation Failure)
[401.458s][info][gc,heap        ] GC(1040) PSYoungGen: 287296K(287744K)->64K(289792K) Eden: 287232K(287232K)->0K(275968K) From: 64K(512K)->64K(13824K)
[401.458s][info][gc,heap        ] GC(1040) ParOldGen: 215258K(215552K)->215266K(215552K)
[401.458s][info][gc,metaspace   ] GC(1040) Metaspace: 35467K(36096K)->35467K(36096K) NonClass: 26265K(26752K)->26265K(26752K) Class: 9202K(9344K)->9202K(9344K)
[401.458s][info][gc             ] GC(1040) Pause Young (Allocation Failure) 490M->210M(493M) 0.921ms
[401.458s][info][gc,cpu         ] GC(1040) User=0.01s Sys=0.00s Real=0.00s
[402.168s][info][gc,start       ] GC(1041) Pause Young (Allocation Failure)
[402.169s][info][gc,heap        ] GC(1041) PSYoungGen: 276032K(289792K)->64K(265728K) Eden: 275968K(275968K)->0K(265216K) From: 64K(13824K)->64K(512K)
[402.169s][info][gc,heap        ] GC(1041) ParOldGen: 215266K(215552K)->215274K(215552K)
[402.169s][info][gc,metaspace   ] GC(1041) Metaspace: 35467K(36096K)->35467K(36096K) NonClass: 26265K(26752K)->26265K(26752K) Class: 9202K(9344K)->9202K(9344K)
[402.169s][info][gc             ] GC(1041) Pause Young (Allocation Failure) 479M->210M(470M) 1.169ms
[402.169s][info][gc,cpu         ] GC(1041) User=0.00s Sys=0.00s Real=0.00s
[403.075s][info][gc,start       ] GC(1042) Pause Young (Allocation Failure)
[403.076s][info][gc,heap        ] GC(1042) PSYoungGen: 265280K(265728K)->64K(267264K) Eden: 265216K(265216K)->0K(254976K) From: 64K(512K)->64K(12288K)
[403.076s][info][gc,heap        ] GC(1042) ParOldGen: 215274K(215552K)->215282K(215552K)
[403.076s][info][gc,metaspace   ] GC(1042) Metaspace: 35467K(36096K)->35467K(36096K) NonClass: 26265K(26752K)->26265K(26752K) Class: 9202K(9344K)->9202K(9344K)
[403.076s][info][gc             ] GC(1042) Pause Young (Allocation Failure) 469M->210M(471M) 0.995ms
[403.076s][info][gc,cpu         ] GC(1042) User=0.00s Sys=0.00s Real=0.00s
[403.455s][info][gc,start       ] GC(1043) Pause Young (Allocation Failure)
[403.456s][info][gc,heap        ] GC(1043) PSYoungGen: 255040K(267264K)->64K(245760K) Eden: 254976K(254976K)->0K(245248K) From: 64K(12288K)->64K(512K)
[403.456s][info][gc,heap        ] GC(1043) ParOldGen: 215282K(215552K)->215290K(215552K)
[403.456s][info][gc,metaspace   ] GC(1043) Metaspace: 35467K(36096K)->35467K(36096K) NonClass: 26265K(26752K)->26265K(26752K) Class: 9202K(9344K)->9202K(9344K)
[403.456s][info][gc             ] GC(1043) Pause Young (Allocation Failure) 459M->210M(450M) 1.217ms
[403.456s][info][gc,cpu         ] GC(1043) User=0.00s Sys=0.00s Real=0.00s
[404.473s][info][gc,start       ] GC(1044) Pause Young (Allocation Failure)
[404.474s][info][gc,heap        ] GC(1044) PSYoungGen: 245312K(245760K)->64K(246784K) Eden: 245248K(245248K)->0K(236032K) From: 64K(512K)->64K(10752K)
[404.474s][info][gc,heap        ] GC(1044) ParOldGen: 215290K(215552K)->215298K(215552K)
[404.474s][info][gc,metaspace   ] GC(1044) Metaspace: 35467K(36096K)->35467K(36096K) NonClass: 26265K(26752K)->26265K(26752K) Class: 9202K(9344K)->9202K(9344K)
[404.474s][info][gc             ] GC(1044) Pause Young (Allocation Failure) 449M->210M(451M) 0.975ms
[404.474s][info][gc,cpu         ] GC(1044) User=0.00s Sys=0.00s Real=0.00s
[404.860s][info][gc,start       ] GC(1045) Pause Young (Allocation Failure)
[404.861s][info][gc,heap        ] GC(1045) PSYoungGen: 236096K(246784K)->64K(227840K) Eden: 236032K(236032K)->0K(227328K) From: 64K(10752K)->64K(512K)
[404.861s][info][gc,heap        ] GC(1045) ParOldGen: 215298K(215552K)->215306K(215552K)
[404.861s][info][gc,metaspace   ] GC(1045) Metaspace: 35467K(36096K)->35467K(36096K) NonClass: 26265K(26752K)->26265K(26752K) Class: 9202K(9344K)->9202K(9344K)
[404.861s][info][gc             ] GC(1045) Pause Young (Allocation Failure) 440M->210M(433M) 1.499ms
[404.861s][info][gc,cpu         ] GC(1045) User=0.00s Sys=0.01s Real=0.00s
[405.044s][info][gc,start       ] GC(1046) Pause Young (Allocation Failure)
[405.045s][info][gc,heap        ] GC(1046) PSYoungGen: 227392K(227840K)->64K(227840K) Eden: 227328K(227328K)->0K(218624K) From: 64K(512K)->64K(9216K)
[405.045s][info][gc,heap        ] GC(1046) ParOldGen: 215306K(215552K)->215314K(215552K)
[405.045s][info][gc,metaspace   ] GC(1046) Metaspace: 35467K(36096K)->35467K(36096K) NonClass: 26265K(26752K)->26265K(26752K) Class: 9202K(9344K)->9202K(9344K)
[405.045s][info][gc             ] GC(1046) Pause Young (Allocation Failure) 432M->210M(433M) 0.881ms
[405.045s][info][gc,cpu         ] GC(1046) User=0.00s Sys=0.00s Real=0.00s
[405.112s][info][gc,start       ] GC(1047) Pause Young (Allocation Failure)
[405.113s][info][gc,heap        ] GC(1047) PSYoungGen: 218688K(227840K)->64K(210944K) Eden: 218624K(218624K)->0K(210432K) From: 64K(9216K)->64K(512K)
[405.113s][info][gc,heap        ] GC(1047) ParOldGen: 215314K(215552K)->215322K(215552K)
[405.113s][info][gc,metaspace   ] GC(1047) Metaspace: 35467K(36096K)->35467K(36096K) NonClass: 26265K(26752K)->26265K(26752K) Class: 9202K(9344K)->9202K(9344K)
[405.113s][info][gc             ] GC(1047) Pause Young (Allocation Failure) 423M->210M(416M) 1.776ms
[405.113s][info][gc,cpu         ] GC(1047) User=0.00s Sys=0.00s Real=0.01s
[405.543s][info][gc,start       ] GC(1048) Pause Young (Allocation Failure)
[405.544s][info][gc,heap        ] GC(1048) PSYoungGen: 210496K(210944K)->64K(210944K) Eden: 210432K(210432K)->0K(202752K) From: 64K(512K)->64K(8192K)
[405.544s][info][gc,heap        ] GC(1048) ParOldGen: 215322K(215552K)->215330K(215552K)
[405.544s][info][gc,metaspace   ] GC(1048) Metaspace: 35467K(36096K)->35467K(36096K) NonClass: 26265K(26752K)->26265K(26752K) Class: 9202K(9344K)->9202K(9344K)
[405.544s][info][gc             ] GC(1048) Pause Young (Allocation Failure) 415M->210M(416M) 0.891ms
[405.544s][info][gc,cpu         ] GC(1048) User=0.00s Sys=0.00s Real=0.00s
[405.782s][info][gc,start       ] GC(1049) Pause Young (Allocation Failure)
[405.783s][info][gc,heap        ] GC(1049) PSYoungGen: 202816K(210944K)->64K(196096K) Eden: 202752K(202752K)->0K(195584K) From: 64K(8192K)->64K(512K)
[405.783s][info][gc,heap        ] GC(1049) ParOldGen: 215330K(215552K)->215338K(215552K)
[405.783s][info][gc,metaspace   ] GC(1049) Metaspace: 35467K(36096K)->35467K(36096K) NonClass: 26265K(26752K)->26265K(26752K) Class: 9202K(9344K)->9202K(9344K)
[405.783s][info][gc             ] GC(1049) Pause Young (Allocation Failure) 408M->210M(402M) 1.480ms
[405.783s][info][gc,cpu         ] GC(1049) User=0.01s Sys=0.00s Real=0.00s
[406.074s][info][gc,start       ] GC(1050) Pause Young (Allocation Failure)
[406.079s][info][gc,heap        ] GC(1050) PSYoungGen: 195648K(196096K)->3456K(195584K) Eden: 195584K(195584K)->0K(188416K) From: 64K(512K)->3456K(7168K)
[406.080s][info][gc,heap        ] GC(1050) ParOldGen: 215338K(215552K)->215354K(215552K)
[406.080s][info][gc,metaspace   ] GC(1050) Metaspace: 35467K(36096K)->35467K(36096K) NonClass: 26265K(26752K)->26265K(26752K) Class: 9202K(9344K)->9202K(9344K)
[406.080s][info][gc             ] GC(1050) Pause Young (Allocation Failure) 401M->213M(401M) 5.762ms
[406.080s][info][gc,cpu         ] GC(1050) User=0.01s Sys=0.00s Real=0.00s
[406.304s][info][gc,start       ] GC(1051) Pause Young (Allocation Failure)
[406.344s][info][gc,heap        ] GC(1051) PSYoungGen: 191872K(195584K)->7168K(232960K) Eden: 188416K(188416K)->0K(225792K) From: 3456K(7168K)->7168K(7168K)
[406.344s][info][gc,heap        ] GC(1051) ParOldGen: 215354K(215552K)->229506K(229888K)
[406.344s][info][gc,metaspace   ] GC(1051) Metaspace: 35467K(36096K)->35467K(36096K) NonClass: 26265K(26752K)->26265K(26752K) Class: 9202K(9344K)->9202K(9344K)
[406.344s][info][gc             ] GC(1051) Pause Young (Allocation Failure) 397M->231M(452M) 39.882ms
[406.344s][info][gc,cpu         ] GC(1051) User=0.06s Sys=0.01s Real=0.04s
[406.615s][info][gc,start       ] GC(1052) Pause Young (Allocation Failure)
[406.662s][info][gc,heap        ] GC(1052) PSYoungGen: 232960K(232960K)->14336K(257024K) Eden: 225792K(225792K)->0K(242688K) From: 7168K(7168K)->14336K(14336K)
[406.662s][info][gc,heap        ] GC(1052) ParOldGen: 229506K(229888K)->241090K(241152K)
[406.662s][info][gc,metaspace   ] GC(1052) Metaspace: 35467K(36096K)->35467K(36096K) NonClass: 26265K(26752K)->26265K(26752K) Class: 9202K(9344K)->9202K(9344K)
[406.662s][info][gc             ] GC(1052) Pause Young (Allocation Failure) 451M->249M(486M) 47.256ms
[406.662s][info][gc,cpu         ] GC(1052) User=0.09s Sys=0.01s Real=0.05s
[406.827s][info][gc,start       ] GC(1053) Pause Young (Allocation Failure)
[406.854s][info][gc,heap        ] GC(1053) PSYoungGen: 257024K(257024K)->12384K(291840K) Eden: 242688K(242688K)->0K(270336K) From: 14336K(14336K)->12384K(21504K)
[406.854s][info][gc,heap        ] GC(1053) ParOldGen: 241090K(241152K)->241394K(241664K)
[406.854s][info][gc,metaspace   ] GC(1053) Metaspace: 35467K(36096K)->35467K(36096K) NonClass: 26265K(26752K)->26265K(26752K) Class: 9202K(9344K)->9202K(9344K)
[406.854s][info][gc             ] GC(1053) Pause Young (Allocation Failure) 486M->247M(521M) 27.150ms
[406.854s][info][gc,cpu         ] GC(1053) User=0.04s Sys=0.01s Real=0.03s
[407.198s][info][gc,start       ] GC(1054) Pause Young (Allocation Failure)
[407.199s][info][gc,heap        ] GC(1054) PSYoungGen: 282720K(291840K)->64K(292864K) Eden: 270336K(270336K)->0K(270336K) From: 12384K(21504K)->64K(22528K)
[407.199s][info][gc,heap        ] GC(1054) ParOldGen: 241394K(241664K)->241402K(241664K)
[407.199s][info][gc,metaspace   ] GC(1054) Metaspace: 35467K(36096K)->35467K(36096K) NonClass: 26265K(26752K)->26265K(26752K) Class: 9202K(9344K)->9202K(9344K)
[407.199s][info][gc             ] GC(1054) Pause Young (Allocation Failure) 511M->235M(522M) 1.020ms
[407.199s][info][gc,cpu         ] GC(1054) User=0.00s Sys=0.00s Real=0.00s
[407.773s][info][gc,start       ] GC(1055) Pause Young (Allocation Failure)
[407.774s][info][gc,heap        ] GC(1055) PSYoungGen: 270400K(292864K)->64K(309760K) Eden: 270336K(270336K)->0K(289280K) From: 64K(22528K)->64K(20480K)
[407.774s][info][gc,heap        ] GC(1055) ParOldGen: 241402K(241664K)->241410K(241664K)
[407.774s][info][gc,metaspace   ] GC(1055) Metaspace: 35467K(36096K)->35467K(36096K) NonClass: 26265K(26752K)->26265K(26752K) Class: 9202K(9344K)->9202K(9344K)
[407.774s][info][gc             ] GC(1055) Pause Young (Allocation Failure) 499M->235M(538M) 1.066ms
[407.774s][info][gc,cpu         ] GC(1055) User=0.00s Sys=0.00s Real=0.00s
[408.262s][info][gc,start       ] GC(1056) Pause Young (Allocation Failure)
[408.263s][info][gc,heap        ] GC(1056) PSYoungGen: 289344K(309760K)->64K(310784K) Eden: 289280K(289280K)->0K(289280K) From: 64K(20480K)->64K(21504K)
[408.263s][info][gc,heap        ] GC(1056) ParOldGen: 241410K(241664K)->241426K(241664K)
[408.263s][info][gc,metaspace   ] GC(1056) Metaspace: 35467K(36096K)->35467K(36096K) NonClass: 26265K(26752K)->26265K(26752K) Class: 9202K(9344K)->9202K(9344K)
[408.263s][info][gc             ] GC(1056) Pause Young (Allocation Failure) 518M->235M(539M) 1.073ms
[408.263s][info][gc,cpu         ] GC(1056) User=0.00s Sys=0.00s Real=0.00s
[408.503s][info][gc,start       ] GC(1057) Pause Young (Allocation Failure)
[408.504s][info][gc,heap        ] GC(1057) PSYoungGen: 289344K(310784K)->64K(310272K) Eden: 289280K(289280K)->0K(291840K) From: 64K(21504K)->64K(18432K)
[408.504s][info][gc,heap        ] GC(1057) ParOldGen: 241426K(241664K)->241442K(241664K)
[408.504s][info][gc,metaspace   ] GC(1057) Metaspace: 35467K(36096K)->35467K(36096K) NonClass: 26265K(26752K)->26265K(26752K) Class: 9202K(9344K)->9202K(9344K)
[408.504s][info][gc             ] GC(1057) Pause Young (Allocation Failure) 518M->235M(539M) 1.000ms
[408.504s][info][gc,cpu         ] GC(1057) User=0.00s Sys=0.00s Real=0.00s
[408.748s][info][gc,start       ] GC(1058) Pause Young (Allocation Failure)
[408.749s][info][gc,heap        ] GC(1058) PSYoungGen: 291904K(310272K)->64K(311296K) Eden: 291840K(291840K)->0K(291840K) From: 64K(18432K)->64K(19456K)
[408.749s][info][gc,heap        ] GC(1058) ParOldGen: 241442K(241664K)->241442K(241664K)
[408.749s][info][gc,metaspace   ] GC(1058) Metaspace: 35467K(36096K)->35467K(36096K) NonClass: 26265K(26752K)->26265K(26752K) Class: 9202K(9344K)->9202K(9344K)
[408.749s][info][gc             ] GC(1058) Pause Young (Allocation Failure) 520M->235M(540M) 1.049ms
[408.749s][info][gc,cpu         ] GC(1058) User=0.00s Sys=0.00s Real=0.00s
[409.061s][info][gc,start       ] GC(1059) Pause Young (Allocation Failure)
[409.062s][info][gc,heap        ] GC(1059) PSYoungGen: 291904K(311296K)->64K(311808K) Eden: 291840K(291840K)->0K(295424K) From: 64K(19456K)->64K(16384K)
[409.062s][info][gc,heap        ] GC(1059) ParOldGen: 241442K(241664K)->241442K(241664K)
[409.062s][info][gc,metaspace   ] GC(1059) Metaspace: 35467K(36096K)->35467K(36096K) NonClass: 26265K(26752K)->26265K(26752K) Class: 9202K(9344K)->9202K(9344K)
[409.062s][info][gc             ] GC(1059) Pause Young (Allocation Failure) 520M->235M(540M) 1.017ms
[409.062s][info][gc,cpu         ] GC(1059) User=0.00s Sys=0.00s Real=0.01s
[409.114s][info][gc,start       ] GC(1060) Pause Young (Allocation Failure)
[409.114s][info][gc,heap        ] GC(1060) PSYoungGen: 295488K(311808K)->64K(313344K) Eden: 295424K(295424K)->0K(295424K) From: 64K(16384K)->64K(17920K)
[409.114s][info][gc,heap        ] GC(1060) ParOldGen: 241442K(241664K)->241458K(241664K)
[409.114s][info][gc,metaspace   ] GC(1060) Metaspace: 35467K(36096K)->35467K(36096K) NonClass: 26265K(26752K)->26265K(26752K) Class: 9202K(9344K)->9202K(9344K)
[409.114s][info][gc             ] GC(1060) Pause Young (Allocation Failure) 524M->235M(542M) 0.876ms
[409.114s][info][gc,cpu         ] GC(1060) User=0.01s Sys=0.00s Real=0.00s
[409.198s][info][gc,start       ] GC(1061) Pause Young (Allocation Failure)
[409.199s][info][gc,heap        ] GC(1061) PSYoungGen: 295488K(313344K)->64K(313344K) Eden: 295424K(295424K)->0K(299008K) From: 64K(17920K)->64K(14336K)
[409.199s][info][gc,heap        ] GC(1061) ParOldGen: 241458K(241664K)->241458K(241664K)
[409.199s][info][gc,metaspace   ] GC(1061) Metaspace: 35467K(36096K)->35467K(36096K) NonClass: 26265K(26752K)->26265K(26752K) Class: 9202K(9344K)->9202K(9344K)
[409.199s][info][gc             ] GC(1061) Pause Young (Allocation Failure) 524M->235M(542M) 1.006ms
[409.199s][info][gc,cpu         ] GC(1061) User=0.00s Sys=0.00s Real=0.00s
[409.486s][info][gc,start       ] GC(1062) Pause Young (Allocation Failure)
[409.487s][info][gc,heap        ] GC(1062) PSYoungGen: 299072K(313344K)->64K(314880K) Eden: 299008K(299008K)->0K(299008K) From: 64K(14336K)->64K(15872K)
[409.487s][info][gc,heap        ] GC(1062) ParOldGen: 241458K(241664K)->241474K(241664K)
[409.487s][info][gc,metaspace   ] GC(1062) Metaspace: 35467K(36096K)->35467K(36096K) NonClass: 26265K(26752K)->26265K(26752K) Class: 9202K(9344K)->9202K(9344K)
[409.487s][info][gc             ] GC(1062) Pause Young (Allocation Failure) 527M->235M(543M) 1.092ms
[409.487s][info][gc,cpu         ] GC(1062) User=0.00s Sys=0.00s Real=0.00s
[409.701s][info][gc,start       ] GC(1063) Pause Young (Allocation Failure)
[409.702s][info][gc,heap        ] GC(1063) PSYoungGen: 299072K(314880K)->64K(315392K) Eden: 299008K(299008K)->0K(302592K) From: 64K(15872K)->64K(12800K)
[409.702s][info][gc,heap        ] GC(1063) ParOldGen: 241474K(241664K)->241474K(241664K)
[409.702s][info][gc,metaspace   ] GC(1063) Metaspace: 35467K(36096K)->35467K(36096K) NonClass: 26265K(26752K)->26265K(26752K) Class: 9202K(9344K)->9202K(9344K)
[409.702s][info][gc             ] GC(1063) Pause Young (Allocation Failure) 527M->235M(544M) 1.056ms
[409.702s][info][gc,cpu         ] GC(1063) User=0.00s Sys=0.00s Real=0.01s
[409.784s][info][gc,start       ] GC(1064) Pause Young (Allocation Failure)
[409.785s][info][gc,heap        ] GC(1064) PSYoungGen: 302656K(315392K)->64K(316928K) Eden: 302592K(302592K)->0K(302592K) From: 64K(12800K)->64K(14336K)
[409.785s][info][gc,heap        ] GC(1064) ParOldGen: 241474K(241664K)->241490K(241664K)
[409.785s][info][gc,metaspace   ] GC(1064) Metaspace: 35467K(36096K)->35467K(36096K) NonClass: 26265K(26752K)->26265K(26752K) Class: 9202K(9344K)->9202K(9344K)
[409.785s][info][gc             ] GC(1064) Pause Young (Allocation Failure) 531M->235M(545M) 0.971ms
[409.785s][info][gc,cpu         ] GC(1064) User=0.01s Sys=0.00s Real=0.00s
[409.954s][info][gc,start       ] GC(1065) Pause Young (Allocation Failure)
[409.955s][info][gc,heap        ] GC(1065) PSYoungGen: 302656K(316928K)->64K(290816K) Eden: 302592K(302592K)->0K(290304K) From: 64K(14336K)->64K(512K)
[409.955s][info][gc,heap        ] GC(1065) ParOldGen: 241490K(241664K)->241490K(241664K)
[409.955s][info][gc,metaspace   ] GC(1065) Metaspace: 35467K(36096K)->35467K(36096K) NonClass: 26265K(26752K)->26265K(26752K) Class: 9202K(9344K)->9202K(9344K)
[409.955s][info][gc             ] GC(1065) Pause Young (Allocation Failure) 531M->235M(520M) 1.007ms
[409.955s][info][gc,cpu         ] GC(1065) User=0.01s Sys=0.00s Real=0.00s
[410.890s][info][gc,start       ] GC(1066) Pause Young (Allocation Failure)
[410.891s][info][gc,heap        ] GC(1066) PSYoungGen: 290368K(290816K)->64K(291328K) Eden: 290304K(290304K)->0K(278528K) From: 64K(512K)->64K(12800K)
[410.891s][info][gc,heap        ] GC(1066) ParOldGen: 241490K(241664K)->241498K(241664K)
[410.891s][info][gc,metaspace   ] GC(1066) Metaspace: 35467K(36096K)->35467K(36096K) NonClass: 26265K(26752K)->26265K(26752K) Class: 9202K(9344K)->9202K(9344K)
[410.891s][info][gc             ] GC(1066) Pause Young (Allocation Failure) 519M->235M(520M) 1.006ms
[410.891s][info][gc,cpu         ] GC(1066) User=0.00s Sys=0.00s Real=0.00s
[411.704s][info][gc,start       ] GC(1067) Pause Young (Allocation Failure)
[411.705s][info][gc,heap        ] GC(1067) PSYoungGen: 278592K(291328K)->64K(268288K) Eden: 278528K(278528K)->0K(267776K) From: 64K(12800K)->64K(512K)
[411.705s][info][gc,heap        ] GC(1067) ParOldGen: 241498K(241664K)->241506K(241664K)
[411.705s][info][gc,metaspace   ] GC(1067) Metaspace: 35467K(36096K)->35467K(36096K) NonClass: 26265K(26752K)->26265K(26752K) Class: 9202K(9344K)->9202K(9344K)
[411.705s][info][gc             ] GC(1067) Pause Young (Allocation Failure) 507M->235M(498M) 1.117ms
[411.705s][info][gc,cpu         ] GC(1067) User=0.00s Sys=0.00s Real=0.00s
[411.933s][info][gc,start       ] GC(1068) Pause Young (Allocation Failure)
[411.934s][info][gc,heap        ] GC(1068) PSYoungGen: 267840K(268288K)->64K(268800K) Eden: 267776K(267776K)->0K(257536K) From: 64K(512K)->64K(11264K)
[411.934s][info][gc,heap        ] GC(1068) ParOldGen: 241506K(241664K)->241514K(241664K)
[411.934s][info][gc,metaspace   ] GC(1068) Metaspace: 35467K(36096K)->35467K(36096K) NonClass: 26265K(26752K)->26265K(26752K) Class: 9202K(9344K)->9202K(9344K)
[411.934s][info][gc             ] GC(1068) Pause Young (Allocation Failure) 497M->235M(498M) 0.983ms
[411.934s][info][gc,cpu         ] GC(1068) User=0.00s Sys=0.00s Real=0.00s
[412.385s][info][gc,start       ] GC(1069) Pause Young (Allocation Failure)
[412.387s][info][gc,heap        ] GC(1069) PSYoungGen: 257600K(268800K)->64K(248320K) Eden: 257536K(257536K)->0K(247808K) From: 64K(11264K)->64K(512K)
[412.387s][info][gc,heap        ] GC(1069) ParOldGen: 241514K(241664K)->241522K(241664K)
[412.387s][info][gc,metaspace   ] GC(1069) Metaspace: 35467K(36096K)->35467K(36096K) NonClass: 26265K(26752K)->26265K(26752K) Class: 9202K(9344K)->9202K(9344K)
[412.387s][info][gc             ] GC(1069) Pause Young (Allocation Failure) 487M->235M(478M) 1.344ms
[412.387s][info][gc,cpu         ] GC(1069) User=0.00s Sys=0.00s Real=0.00s
[413.323s][info][gc,start       ] GC(1070) Pause Young (Allocation Failure)
[413.324s][info][gc,heap        ] GC(1070) PSYoungGen: 247872K(248320K)->64K(247808K) Eden: 247808K(247808K)->0K(238080K) From: 64K(512K)->64K(9728K)
[413.324s][info][gc,heap        ] GC(1070) ParOldGen: 241522K(241664K)->241530K(241664K)
[413.324s][info][gc,metaspace   ] GC(1070) Metaspace: 35467K(36096K)->35467K(36096K) NonClass: 26265K(26752K)->26265K(26752K) Class: 9202K(9344K)->9202K(9344K)
[413.324s][info][gc             ] GC(1070) Pause Young (Allocation Failure) 477M->235M(478M) 0.931ms
[413.324s][info][gc,cpu         ] GC(1070) User=0.00s Sys=0.00s Real=0.00s
[413.652s][info][gc,start       ] GC(1071) Pause Young (Allocation Failure)
[413.653s][info][gc,heap        ] GC(1071) PSYoungGen: 238144K(247808K)->64K(229376K) Eden: 238080K(238080K)->0K(228864K) From: 64K(9728K)->64K(512K)
[413.653s][info][gc,heap        ] GC(1071) ParOldGen: 241530K(241664K)->241538K(241664K)
[413.653s][info][gc,metaspace   ] GC(1071) Metaspace: 35467K(36096K)->35467K(36096K) NonClass: 26265K(26752K)->26265K(26752K) Class: 9202K(9344K)->9202K(9344K)
[413.653s][info][gc             ] GC(1071) Pause Young (Allocation Failure) 468M->235M(460M) 1.722ms
[413.653s][info][gc,cpu         ] GC(1071) User=0.00s Sys=0.00s Real=0.01s
[413.773s][info][gc,start       ] GC(1072) Pause Young (Allocation Failure)
[413.774s][info][gc,heap        ] GC(1072) PSYoungGen: 228928K(229376K)->32K(228864K) Eden: 228864K(228864K)->0K(220160K) From: 64K(512K)->32K(8704K)
[413.774s][info][gc,heap        ] GC(1072) ParOldGen: 241538K(241664K)->241546K(241664K)
[413.774s][info][gc,metaspace   ] GC(1072) Metaspace: 35467K(36096K)->35467K(36096K) NonClass: 26265K(26752K)->26265K(26752K) Class: 9202K(9344K)->9202K(9344K)
[413.774s][info][gc             ] GC(1072) Pause Young (Allocation Failure) 459M->235M(459M) 1.466ms
[413.774s][info][gc,cpu         ] GC(1072) User=0.00s Sys=0.00s Real=0.00s
[414.073s][info][gc,start       ] GC(1073) Pause Young (Allocation Failure)
[414.076s][info][gc,heap        ] GC(1073) PSYoungGen: 220192K(228864K)->64K(212480K) Eden: 220160K(220160K)->0K(211968K) From: 32K(8704K)->64K(512K)
[414.076s][info][gc,heap        ] GC(1073) ParOldGen: 241546K(241664K)->241554K(241664K)
[414.076s][info][gc,metaspace   ] GC(1073) Metaspace: 35467K(36096K)->35467K(36096K) NonClass: 26265K(26752K)->26265K(26752K) Class: 9202K(9344K)->9202K(9344K)
[414.076s][info][gc             ] GC(1073) Pause Young (Allocation Failure) 450M->235M(443M) 2.146ms
[414.076s][info][gc,cpu         ] GC(1073) User=0.00s Sys=0.00s Real=0.00s
[414.437s][info][gc,start       ] GC(1074) Pause Young (Allocation Failure)
[414.439s][info][gc,heap        ] GC(1074) PSYoungGen: 212032K(212480K)->32K(211456K) Eden: 211968K(211968K)->0K(204288K) From: 64K(512K)->32K(7168K)
[414.439s][info][gc,heap        ] GC(1074) ParOldGen: 241554K(241664K)->241562K(241664K)
[414.439s][info][gc,metaspace   ] GC(1074) Metaspace: 35467K(36096K)->35467K(36096K) NonClass: 26265K(26752K)->26265K(26752K) Class: 9202K(9344K)->9202K(9344K)
[414.439s][info][gc             ] GC(1074) Pause Young (Allocation Failure) 442M->235M(442M) 1.662ms
[414.439s][info][gc,cpu         ] GC(1074) User=0.00s Sys=0.00s Real=0.00s
[414.701s][info][gc,start       ] GC(1075) Pause Young (Allocation Failure)
[414.704s][info][gc,heap        ] GC(1075) PSYoungGen: 204320K(211456K)->64K(197120K) Eden: 204288K(204288K)->0K(196608K) From: 32K(7168K)->64K(512K)
[414.704s][info][gc,heap        ] GC(1075) ParOldGen: 241562K(241664K)->241570K(241664K)
[414.704s][info][gc,metaspace   ] GC(1075) Metaspace: 35467K(36096K)->35467K(36096K) NonClass: 26265K(26752K)->26265K(26752K) Class: 9202K(9344K)->9202K(9344K)
[414.704s][info][gc             ] GC(1075) Pause Young (Allocation Failure) 435M->235M(428M) 2.344ms
[414.704s][info][gc,cpu         ] GC(1075) User=0.00s Sys=0.00s Real=0.01s
[414.960s][info][gc,start       ] GC(1076) Pause Young (Allocation Failure)
[415.000s][info][gc,heap        ] GC(1076) PSYoungGen: 196672K(197120K)->6144K(241664K) Eden: 196608K(196608K)->0K(235520K) From: 64K(512K)->6144K(6144K)
[415.000s][info][gc,heap        ] GC(1076) ParOldGen: 241570K(241664K)->256090K(256512K)
[415.000s][info][gc,metaspace   ] GC(1076) Metaspace: 35467K(36096K)->35467K(36096K) NonClass: 26265K(26752K)->26265K(26752K) Class: 9202K(9344K)->9202K(9344K)
[415.000s][info][gc             ] GC(1076) Pause Young (Allocation Failure) 427M->256M(486M) 39.904ms
[415.000s][info][gc,cpu         ] GC(1076) User=0.06s Sys=0.01s Real=0.04s
[415.281s][info][gc,start       ] GC(1077) Pause Young (Allocation Failure)
[415.337s][info][gc,heap        ] GC(1077) PSYoungGen: 241664K(241664K)->6144K(256512K) Eden: 235520K(235520K)->0K(250368K) From: 6144K(6144K)->6144K(6144K)
[415.337s][info][gc,heap        ] GC(1077) ParOldGen: 256090K(256512K)->276994K(277504K)
[415.337s][info][gc,metaspace   ] GC(1077) Metaspace: 35467K(36096K)->35467K(36096K) NonClass: 26265K(26752K)->26265K(26752K) Class: 9202K(9344K)->9202K(9344K)
[415.337s][info][gc             ] GC(1077) Pause Young (Allocation Failure) 486M->276M(521M) 55.930ms
[415.337s][info][gc,cpu         ] GC(1077) User=0.10s Sys=0.02s Real=0.06s
[415.527s][info][gc,start       ] GC(1078) Pause Young (Allocation Failure)
[415.555s][info][gc,heap        ] GC(1078) PSYoungGen: 256512K(256512K)->15360K(271360K) Eden: 250368K(250368K)->0K(250368K) From: 6144K(6144K)->15360K(20992K)
[415.555s][info][gc,heap        ] GC(1078) ParOldGen: 276994K(277504K)->277554K(278016K)
[415.555s][info][gc,metaspace   ] GC(1078) Metaspace: 35467K(36096K)->35467K(36096K) NonClass: 26265K(26752K)->26265K(26752K) Class: 9202K(9344K)->9202K(9344K)
[415.555s][info][gc             ] GC(1078) Pause Young (Allocation Failure) 521M->286M(536M) 27.571ms
[415.555s][info][gc,cpu         ] GC(1078) User=0.05s Sys=0.00s Real=0.03s
[415.805s][info][gc,start       ] GC(1079) Pause Young (Allocation Failure)
[415.806s][info][gc,heap        ] GC(1079) PSYoungGen: 265728K(271360K)->64K(311296K) Eden: 250368K(250368K)->0K(287744K) From: 15360K(20992K)->64K(23552K)
[415.806s][info][gc,heap        ] GC(1079) ParOldGen: 277554K(278016K)->277562K(278016K)
[415.806s][info][gc,metaspace   ] GC(1079) Metaspace: 35467K(36096K)->35467K(36096K) NonClass: 26265K(26752K)->26265K(26752K) Class: 9202K(9344K)->9202K(9344K)
[415.806s][info][gc             ] GC(1079) Pause Young (Allocation Failure) 530M->271M(575M) 1.188ms
[415.806s][info][gc,cpu         ] GC(1079) User=0.00s Sys=0.00s Real=0.00s
[416.453s][info][gc,start       ] GC(1080) Pause Young (Allocation Failure)
[416.454s][info][gc,heap        ] GC(1080) PSYoungGen: 287808K(311296K)->64K(288256K) Eden: 287744K(287744K)->0K(287744K) From: 64K(23552K)->64K(512K)
[416.454s][info][gc,heap        ] GC(1080) ParOldGen: 277562K(278016K)->277570K(278016K)
[416.454s][info][gc,metaspace   ] GC(1080) Metaspace: 35467K(36096K)->35467K(36096K) NonClass: 26265K(26752K)->26265K(26752K) Class: 9202K(9344K)->9202K(9344K)
[416.454s][info][gc             ] GC(1080) Pause Young (Allocation Failure) 552M->271M(553M) 1.117ms
[416.454s][info][gc,cpu         ] GC(1080) User=0.00s Sys=0.00s Real=0.00s
[416.922s][info][gc,start       ] GC(1081) Pause Young (Allocation Failure)
[416.923s][info][gc,heap        ] GC(1081) PSYoungGen: 287808K(288256K)->64K(310784K) Eden: 287744K(287744K)->0K(288768K) From: 64K(512K)->64K(22016K)
[416.923s][info][gc,heap        ] GC(1081) ParOldGen: 277570K(278016K)->277586K(278016K)
[416.923s][info][gc,metaspace   ] GC(1081) Metaspace: 35467K(36096K)->35467K(36096K) NonClass: 26265K(26752K)->26265K(26752K) Class: 9202K(9344K)->9202K(9344K)
[416.924s][info][gc             ] GC(1081) Pause Young (Allocation Failure) 552M->271M(575M) 1.108ms
[416.924s][info][gc,cpu         ] GC(1081) User=0.00s Sys=0.00s Real=0.00s
[417.162s][info][gc,start       ] GC(1082) Pause Young (Allocation Failure)
[417.163s][info][gc,heap        ] GC(1082) PSYoungGen: 288832K(310784K)->64K(309760K) Eden: 288768K(288768K)->0K(288768K) From: 64K(22016K)->64K(20992K)
[417.163s][info][gc,heap        ] GC(1082) ParOldGen: 277586K(278016K)->277602K(278016K)
[417.163s][info][gc,metaspace   ] GC(1082) Metaspace: 35467K(36096K)->35467K(36096K) NonClass: 26265K(26752K)->26265K(26752K) Class: 9202K(9344K)->9202K(9344K)
[417.163s][info][gc             ] GC(1082) Pause Young (Allocation Failure) 553M->271M(574M) 1.080ms
[417.163s][info][gc,cpu         ] GC(1082) User=0.00s Sys=0.00s Real=0.00s
[417.400s][info][gc,start       ] GC(1083) Pause Young (Allocation Failure)
[417.401s][info][gc,heap        ] GC(1083) PSYoungGen: 288832K(309760K)->64K(311808K) Eden: 288768K(288768K)->0K(291840K) From: 64K(20992K)->64K(19968K)
[417.401s][info][gc,heap        ] GC(1083) ParOldGen: 277602K(278016K)->277602K(278016K)
[417.401s][info][gc,metaspace   ] GC(1083) Metaspace: 35467K(36096K)->35467K(36096K) NonClass: 26265K(26752K)->26265K(26752K) Class: 9202K(9344K)->9202K(9344K)
[417.401s][info][gc             ] GC(1083) Pause Young (Allocation Failure) 553M->271M(576M) 1.081ms
[417.401s][info][gc,cpu         ] GC(1083) User=0.00s Sys=0.00s Real=0.00s
[417.733s][info][gc,start       ] GC(1084) Pause Young (Allocation Failure)
[417.734s][info][gc,heap        ] GC(1084) PSYoungGen: 291904K(311808K)->64K(311296K) Eden: 291840K(291840K)->0K(291840K) From: 64K(19968K)->64K(19456K)
[417.734s][info][gc,heap        ] GC(1084) ParOldGen: 277602K(278016K)->277602K(278016K)
[417.734s][info][gc,metaspace   ] GC(1084) Metaspace: 35467K(36096K)->35467K(36096K) NonClass: 26265K(26752K)->26265K(26752K) Class: 9202K(9344K)->9202K(9344K)
[417.734s][info][gc             ] GC(1084) Pause Young (Allocation Failure) 556M->271M(575M) 1.082ms
[417.734s][info][gc,cpu         ] GC(1084) User=0.00s Sys=0.00s Real=0.00s
[417.785s][info][gc,start       ] GC(1085) Pause Young (Allocation Failure)
[417.785s][info][gc,heap        ] GC(1085) PSYoungGen: 291904K(311296K)->64K(313344K) Eden: 291840K(291840K)->0K(295424K) From: 64K(19456K)->64K(17920K)
[417.785s][info][gc,heap        ] GC(1085) ParOldGen: 277602K(278016K)->277618K(278016K)
[417.785s][info][gc,metaspace   ] GC(1085) Metaspace: 35467K(36096K)->35467K(36096K) NonClass: 26265K(26752K)->26265K(26752K) Class: 9202K(9344K)->9202K(9344K)
[417.785s][info][gc             ] GC(1085) Pause Young (Allocation Failure) 556M->271M(577M) 0.968ms
[417.785s][info][gc,cpu         ] GC(1085) User=0.01s Sys=0.00s Real=0.00s
[417.847s][info][gc,start       ] GC(1086) Pause Young (Allocation Failure)
[417.848s][info][gc,heap        ] GC(1086) PSYoungGen: 295488K(313344K)->64K(312832K) Eden: 295424K(295424K)->0K(295424K) From: 64K(17920K)->64K(17408K)
[417.848s][info][gc,heap        ] GC(1086) ParOldGen: 277618K(278016K)->277618K(278016K)
[417.848s][info][gc,metaspace   ] GC(1086) Metaspace: 35467K(36096K)->35467K(36096K) NonClass: 26265K(26752K)->26265K(26752K) Class: 9202K(9344K)->9202K(9344K)
[417.848s][info][gc             ] GC(1086) Pause Young (Allocation Failure) 559M->271M(577M) 1.088ms
[417.848s][info][gc,cpu         ] GC(1086) User=0.01s Sys=0.00s Real=0.00s
[418.131s][info][gc,start       ] GC(1087) Pause Young (Allocation Failure)
[418.132s][info][gc,heap        ] GC(1087) PSYoungGen: 295488K(312832K)->64K(315392K) Eden: 295424K(295424K)->0K(299520K) From: 64K(17408K)->64K(15872K)
[418.132s][info][gc,heap        ] GC(1087) ParOldGen: 277618K(278016K)->277634K(278016K)
[418.132s][info][gc,metaspace   ] GC(1087) Metaspace: 35467K(36096K)->35467K(36096K) NonClass: 26265K(26752K)->26265K(26752K) Class: 9202K(9344K)->9202K(9344K)
[418.132s][info][gc             ] GC(1087) Pause Young (Allocation Failure) 559M->271M(579M) 1.021ms
[418.132s][info][gc,cpu         ] GC(1087) User=0.00s Sys=0.00s Real=0.00s
[418.369s][info][gc,start       ] GC(1088) Pause Young (Allocation Failure)
[418.370s][info][gc,heap        ] GC(1088) PSYoungGen: 299584K(315392K)->64K(314880K) Eden: 299520K(299520K)->0K(299520K) From: 64K(15872K)->64K(15360K)
[418.370s][info][gc,heap        ] GC(1088) ParOldGen: 277634K(278016K)->277634K(278016K)
[418.370s][info][gc,metaspace   ] GC(1088) Metaspace: 35467K(36096K)->35467K(36096K) NonClass: 26265K(26752K)->26265K(26752K) Class: 9202K(9344K)->9202K(9344K)
[418.370s][info][gc             ] GC(1088) Pause Young (Allocation Failure) 563M->271M(579M) 1.145ms
[418.370s][info][gc,cpu         ] GC(1088) User=0.00s Sys=0.00s Real=0.00s
[418.451s][info][gc,start       ] GC(1089) Pause Young (Allocation Failure)
[418.452s][info][gc,heap        ] GC(1089) PSYoungGen: 299584K(314880K)->64K(317440K) Eden: 299520K(299520K)->0K(303616K) From: 64K(15360K)->64K(13824K)
[418.452s][info][gc,heap        ] GC(1089) ParOldGen: 277634K(278016K)->277650K(278016K)
[418.452s][info][gc,metaspace   ] GC(1089) Metaspace: 35467K(36096K)->35467K(36096K) NonClass: 26265K(26752K)->26265K(26752K) Class: 9202K(9344K)->9202K(9344K)
[418.452s][info][gc             ] GC(1089) Pause Young (Allocation Failure) 563M->271M(581M) 1.034ms
[418.452s][info][gc,cpu         ] GC(1089) User=0.00s Sys=0.00s Real=0.01s
[418.612s][info][gc,start       ] GC(1090) Pause Young (Allocation Failure)
[418.613s][info][gc,heap        ] GC(1090) PSYoungGen: 303680K(317440K)->64K(317440K) Eden: 303616K(303616K)->0K(303616K) From: 64K(13824K)->64K(13824K)
[418.613s][info][gc,heap        ] GC(1090) ParOldGen: 277650K(278016K)->277650K(278016K)
[418.613s][info][gc,metaspace   ] GC(1090) Metaspace: 35467K(36096K)->35467K(36096K) NonClass: 26265K(26752K)->26265K(26752K) Class: 9202K(9344K)->9202K(9344K)
[418.613s][info][gc             ] GC(1090) Pause Young (Allocation Failure) 567M->271M(581M) 1.052ms
[418.613s][info][gc,cpu         ] GC(1090) User=0.00s Sys=0.00s Real=0.00s
[419.579s][info][gc,start       ] GC(1091) Pause Young (Allocation Failure)
[419.581s][info][gc,heap        ] GC(1091) PSYoungGen: 303680K(317440K)->83K(291840K) Eden: 303616K(303616K)->0K(291328K) From: 64K(13824K)->83K(512K)
[419.581s][info][gc,heap        ] GC(1091) ParOldGen: 277650K(278016K)->277666K(278016K)
[419.581s][info][gc,metaspace   ] GC(1091) Metaspace: 35467K(36096K)->35467K(36096K) NonClass: 26265K(26752K)->26265K(26752K) Class: 9202K(9344K)->9202K(9344K)
[419.581s][info][gc             ] GC(1091) Pause Young (Allocation Failure) 567M->271M(556M) 1.529ms
[419.581s][info][gc,cpu         ] GC(1091) User=0.00s Sys=0.00s Real=0.00s
[420.396s][info][gc,start       ] GC(1092) Pause Young (Allocation Failure)
[420.397s][info][gc,heap        ] GC(1092) PSYoungGen: 291411K(291840K)->64K(291840K) Eden: 291328K(291328K)->0K(279552K) From: 83K(512K)->64K(12288K)
[420.397s][info][gc,heap        ] GC(1092) ParOldGen: 277666K(278016K)->277674K(278016K)
[420.397s][info][gc,metaspace   ] GC(1092) Metaspace: 35467K(36096K)->35467K(36096K) NonClass: 26265K(26752K)->26265K(26752K) Class: 9202K(9344K)->9202K(9344K)
[420.397s][info][gc             ] GC(1092) Pause Young (Allocation Failure) 555M->271M(556M) 1.147ms
[420.397s][info][gc,cpu         ] GC(1092) User=0.00s Sys=0.00s Real=0.00s
[420.636s][info][gc,start       ] GC(1093) Pause Young (Allocation Failure)
[420.637s][info][gc,heap        ] GC(1093) PSYoungGen: 279616K(291840K)->64K(268800K) Eden: 279552K(279552K)->0K(268288K) From: 64K(12288K)->64K(512K)
[420.637s][info][gc,heap        ] GC(1093) ParOldGen: 277674K(278016K)->277682K(278016K)
[420.637s][info][gc,metaspace   ] GC(1093) Metaspace: 35467K(36096K)->35467K(36096K) NonClass: 26265K(26752K)->26265K(26752K) Class: 9202K(9344K)->9202K(9344K)
[420.637s][info][gc             ] GC(1093) Pause Young (Allocation Failure) 544M->271M(534M) 1.190ms
[420.637s][info][gc,cpu         ] GC(1093) User=0.00s Sys=0.01s Real=0.00s
[421.103s][info][gc,start       ] GC(1094) Pause Young (Allocation Failure)
[421.104s][info][gc,heap        ] GC(1094) PSYoungGen: 268352K(268800K)->64K(268800K) Eden: 268288K(268288K)->0K(258048K) From: 64K(512K)->64K(10752K)
[421.104s][info][gc,heap        ] GC(1094) ParOldGen: 277682K(278016K)->277690K(278016K)
[421.104s][info][gc,metaspace   ] GC(1094) Metaspace: 35467K(36096K)->35467K(36096K) NonClass: 26265K(26752K)->26265K(26752K) Class: 9202K(9344K)->9202K(9344K)
[421.104s][info][gc             ] GC(1094) Pause Young (Allocation Failure) 533M->271M(534M) 1.029ms
[421.104s][info][gc,cpu         ] GC(1094) User=0.01s Sys=0.00s Real=0.00s
[422.059s][info][gc,start       ] GC(1095) Pause Young (Allocation Failure)
[422.061s][info][gc,heap        ] GC(1095) PSYoungGen: 258112K(268800K)->64K(248320K) Eden: 258048K(258048K)->0K(247808K) From: 64K(10752K)->64K(512K)
[422.061s][info][gc,heap        ] GC(1095) ParOldGen: 277690K(278016K)->277698K(278016K)
[422.061s][info][gc,metaspace   ] GC(1095) Metaspace: 35467K(36096K)->35467K(36096K) NonClass: 26265K(26752K)->26265K(26752K) Class: 9202K(9344K)->9202K(9344K)
[422.061s][info][gc             ] GC(1095) Pause Young (Allocation Failure) 523M->271M(514M) 1.503ms
[422.061s][info][gc,cpu         ] GC(1095) User=0.00s Sys=0.00s Real=0.00s
[422.416s][info][gc,start       ] GC(1096) Pause Young (Allocation Failure)
[422.418s][info][gc,heap        ] GC(1096) PSYoungGen: 247872K(248320K)->64K(247296K) Eden: 247808K(247808K)->0K(238080K) From: 64K(512K)->64K(9216K)
[422.418s][info][gc,heap        ] GC(1096) ParOldGen: 277698K(278016K)->277706K(278016K)
[422.418s][info][gc,metaspace   ] GC(1096) Metaspace: 35467K(36096K)->35467K(36096K) NonClass: 26265K(26752K)->26265K(26752K) Class: 9202K(9344K)->9202K(9344K)
[422.418s][info][gc             ] GC(1096) Pause Young (Allocation Failure) 513M->271M(513M) 1.803ms
[422.418s][info][gc,cpu         ] GC(1096) User=0.00s Sys=0.00s Real=0.00s
[422.504s][info][gc,start       ] GC(1097) Pause Young (Allocation Failure)
[422.506s][info][gc,heap        ] GC(1097) PSYoungGen: 238144K(247296K)->64K(229376K) Eden: 238080K(238080K)->0K(228864K) From: 64K(9216K)->64K(512K)
[422.506s][info][gc,heap        ] GC(1097) ParOldGen: 277706K(278016K)->277714K(278016K)
[422.506s][info][gc,metaspace   ] GC(1097) Metaspace: 35467K(36096K)->35467K(36096K) NonClass: 26265K(26752K)->26265K(26752K) Class: 9202K(9344K)->9202K(9344K)
[422.506s][info][gc             ] GC(1097) Pause Young (Allocation Failure) 503M->271M(495M) 2.139ms
[422.506s][info][gc,cpu         ] GC(1097) User=0.00s Sys=0.00s Real=0.00s
[422.934s][info][gc,start       ] GC(1098) Pause Young (Allocation Failure)
[422.936s][info][gc,heap        ] GC(1098) PSYoungGen: 228928K(229376K)->64K(228352K) Eden: 228864K(228864K)->0K(220160K) From: 64K(512K)->64K(8192K)
[422.936s][info][gc,heap        ] GC(1098) ParOldGen: 277714K(278016K)->277722K(278016K)
[422.936s][info][gc,metaspace   ] GC(1098) Metaspace: 35467K(36096K)->35467K(36096K) NonClass: 26265K(26752K)->26265K(26752K) Class: 9202K(9344K)->9202K(9344K)
[422.936s][info][gc             ] GC(1098) Pause Young (Allocation Failure) 494M->271M(494M) 2.014ms
[422.936s][info][gc,cpu         ] GC(1098) User=0.00s Sys=0.00s Real=0.00s
[423.211s][info][gc,start       ] GC(1099) Pause Young (Allocation Failure)
[423.213s][info][gc,heap        ] GC(1099) PSYoungGen: 220224K(228352K)->32K(212480K) Eden: 220160K(220160K)->0K(211968K) From: 64K(8192K)->32K(512K)
[423.213s][info][gc,heap        ] GC(1099) ParOldGen: 277722K(278016K)->277730K(278016K)
[423.213s][info][gc,metaspace   ] GC(1099) Metaspace: 35467K(36096K)->35467K(36096K) NonClass: 26265K(26752K)->26265K(26752K) Class: 9202K(9344K)->9202K(9344K)
[423.213s][info][gc             ] GC(1099) Pause Young (Allocation Failure) 486M->271M(479M) 2.034ms
[423.213s][info][gc,cpu         ] GC(1099) User=0.00s Sys=0.00s Real=0.01s
[423.522s][info][gc,start       ] GC(1100) Pause Young (Allocation Failure)
[423.532s][info][gc,heap        ] GC(1100) PSYoungGen: 212000K(212480K)->6048K(259072K) Eden: 211968K(211968K)->0K(252928K) From: 32K(512K)->6048K(6144K)
[423.532s][info][gc,heap        ] GC(1100) ParOldGen: 277730K(278016K)->277738K(278016K)
[423.532s][info][gc,metaspace   ] GC(1100) Metaspace: 35467K(36096K)->35467K(36096K) NonClass: 26265K(26752K)->26265K(26752K) Class: 9202K(9344K)->9202K(9344K)
[423.532s][info][gc             ] GC(1100) Pause Young (Allocation Failure) 478M->277M(524M) 10.408ms
[423.532s][info][gc,cpu         ] GC(1100) User=0.02s Sys=0.00s Real=0.01s
[423.833s][info][gc,start       ] GC(1101) Pause Young (Allocation Failure)
[423.887s][info][gc,heap        ] GC(1101) PSYoungGen: 258976K(259072K)->8192K(265728K) Eden: 252928K(252928K)->0K(257536K) From: 6048K(6144K)->8192K(8192K)
[423.887s][info][gc,heap        ] GC(1101) ParOldGen: 277738K(278016K)->298170K(298496K)
[423.887s][info][gc,metaspace   ] GC(1101) Metaspace: 35467K(36096K)->35467K(36096K) NonClass: 26265K(26752K)->26265K(26752K) Class: 9202K(9344K)->9202K(9344K)
[423.887s][info][gc             ] GC(1101) Pause Young (Allocation Failure) 524M->299M(551M) 53.908ms
[423.887s][info][gc,cpu         ] GC(1101) User=0.10s Sys=0.01s Real=0.05s
[424.186s][info][gc,start       ] GC(1102) Pause Young (Allocation Failure)
[424.237s][info][gc,heap        ] GC(1102) PSYoungGen: 265728K(265728K)->17920K(275456K) Eden: 257536K(257536K)->0K(257536K) From: 8192K(8192K)->17920K(17920K)
[424.237s][info][gc,heap        ] GC(1102) ParOldGen: 298170K(298496K)->308786K(309248K)
[424.237s][info][gc,metaspace   ] GC(1102) Metaspace: 35467K(36096K)->35467K(36096K) NonClass: 26265K(26752K)->26265K(26752K) Class: 9202K(9344K)->9202K(9344K)
[424.237s][info][gc             ] GC(1102) Pause Young (Allocation Failure) 550M->319M(571M) 51.503ms
[424.237s][info][gc,cpu         ] GC(1102) User=0.09s Sys=0.01s Real=0.05s
[424.325s][info][gc,start       ] GC(1103) Pause Young (Allocation Failure)
[424.329s][info][gc,heap        ] GC(1103) PSYoungGen: 275456K(275456K)->64K(309248K) Eden: 257536K(257536K)->0K(283648K) From: 17920K(17920K)->64K(25600K)
[424.329s][info][gc,heap        ] GC(1103) ParOldGen: 308786K(309248K)->309066K(309248K)
[424.329s][info][gc,metaspace   ] GC(1103) Metaspace: 35467K(36096K)->35467K(36096K) NonClass: 26265K(26752K)->26265K(26752K) Class: 9202K(9344K)->9202K(9344K)
[424.329s][info][gc             ] GC(1103) Pause Young (Allocation Failure) 570M->301M(604M) 4.029ms
[424.329s][info][gc,cpu         ] GC(1103) User=0.01s Sys=0.00s Real=0.00s
[424.974s][info][gc,start       ] GC(1104) Pause Young (Allocation Failure)
[424.975s][info][gc,heap        ] GC(1104) PSYoungGen: 283712K(309248K)->64K(284160K) Eden: 283648K(283648K)->0K(283648K) From: 64K(25600K)->64K(512K)
[424.975s][info][gc,heap        ] GC(1104) ParOldGen: 309066K(309248K)->309074K(309248K)
[424.975s][info][gc,metaspace   ] GC(1104) Metaspace: 35467K(36096K)->35467K(36096K) NonClass: 26265K(26752K)->26265K(26752K) Class: 9202K(9344K)->9202K(9344K)
[424.975s][info][gc             ] GC(1104) Pause Young (Allocation Failure) 578M->301M(579M) 1.220ms
[424.975s][info][gc,cpu         ] GC(1104) User=0.00s Sys=0.00s Real=0.00s
[425.341s][info][gc,start       ] GC(1105) Pause Young (Allocation Failure)
[425.342s][info][gc,heap        ] GC(1105) PSYoungGen: 283712K(284160K)->64K(308736K) Eden: 283648K(283648K)->0K(284672K) From: 64K(512K)->64K(24064K)
[425.342s][info][gc,heap        ] GC(1105) ParOldGen: 309074K(309248K)->309082K(309248K)
[425.342s][info][gc,metaspace   ] GC(1105) Metaspace: 35467K(36096K)->35467K(36096K) NonClass: 26265K(26752K)->26265K(26752K) Class: 9202K(9344K)->9202K(9344K)
[425.342s][info][gc             ] GC(1105) Pause Young (Allocation Failure) 578M->301M(603M) 1.136ms
[425.342s][info][gc,cpu         ] GC(1105) User=0.00s Sys=0.00s Real=0.01s
[425.791s][info][gc,start       ] GC(1106) Pause Young (Allocation Failure)
[425.792s][info][gc,heap        ] GC(1106) PSYoungGen: 284736K(308736K)->64K(307712K) Eden: 284672K(284672K)->0K(284672K) From: 64K(24064K)->64K(23040K)
[425.792s][info][gc,heap        ] GC(1106) ParOldGen: 309082K(309248K)->309098K(309248K)
[425.792s][info][gc,metaspace   ] GC(1106) Metaspace: 35467K(36096K)->35467K(36096K) NonClass: 26265K(26752K)->26265K(26752K) Class: 9202K(9344K)->9202K(9344K)
[425.792s][info][gc             ] GC(1106) Pause Young (Allocation Failure) 579M->301M(602M) 1.237ms
[425.792s][info][gc,cpu         ] GC(1106) User=0.00s Sys=0.00s Real=0.01s
[426.026s][info][gc,start       ] GC(1107) Pause Young (Allocation Failure)
[426.027s][info][gc,heap        ] GC(1107) PSYoungGen: 284736K(307712K)->64K(309760K) Eden: 284672K(284672K)->0K(287744K) From: 64K(23040K)->64K(22016K)
[426.027s][info][gc,heap        ] GC(1107) ParOldGen: 309098K(309248K)->309114K(309248K)
[426.027s][info][gc,metaspace   ] GC(1107) Metaspace: 35467K(36096K)->35467K(36096K) NonClass: 26265K(26752K)->26265K(26752K) Class: 9202K(9344K)->9202K(9344K)
[426.027s][info][gc             ] GC(1107) Pause Young (Allocation Failure) 579M->301M(604M) 1.037ms
[426.027s][info][gc,cpu         ] GC(1107) User=0.00s Sys=0.00s Real=0.00s
[426.397s][info][gc,start       ] GC(1108) Pause Young (Allocation Failure)
[426.398s][info][gc,heap        ] GC(1108) PSYoungGen: 287808K(309760K)->64K(308736K) Eden: 287744K(287744K)->0K(287744K) From: 64K(22016K)->64K(20992K)
[426.398s][info][gc,heap        ] GC(1108) ParOldGen: 309114K(309248K)->309114K(309248K)
[426.398s][info][gc,metaspace   ] GC(1108) Metaspace: 35467K(36096K)->35467K(36096K) NonClass: 26265K(26752K)->26265K(26752K) Class: 9202K(9344K)->9202K(9344K)
[426.398s][info][gc             ] GC(1108) Pause Young (Allocation Failure) 582M->301M(603M) 1.173ms
[426.398s][info][gc,cpu         ] GC(1108) User=0.00s Sys=0.00s Real=0.00s
[426.487s][info][gc,start       ] GC(1109) Pause Young (Allocation Failure)
[426.488s][info][gc,heap        ] GC(1109) PSYoungGen: 287808K(308736K)->64K(311808K) Eden: 287744K(287744K)->0K(291840K) From: 64K(20992K)->64K(19968K)
[426.488s][info][gc,heap        ] GC(1109) ParOldGen: 309114K(309248K)->309122K(309248K)
[426.488s][info][gc,metaspace   ] GC(1109) Metaspace: 35467K(36096K)->35467K(36096K) NonClass: 26265K(26752K)->26265K(26752K) Class: 9202K(9344K)->9202K(9344K)
[426.488s][info][gc             ] GC(1109) Pause Young (Allocation Failure) 582M->301M(606M) 1.051ms
[426.488s][info][gc,cpu         ] GC(1109) User=0.00s Sys=0.00s Real=0.00s
[426.541s][info][gc,start       ] GC(1110) Pause Young (Allocation Failure)
[426.542s][info][gc,heap        ] GC(1110) PSYoungGen: 291904K(311808K)->64K(310784K) Eden: 291840K(291840K)->0K(291840K) From: 64K(19968K)->64K(18944K)
[426.542s][info][gc,heap        ] GC(1110) ParOldGen: 309122K(309248K)->309138K(309248K)
[426.542s][info][gc,metaspace   ] GC(1110) Metaspace: 35467K(36096K)->35467K(36096K) NonClass: 26265K(26752K)->26265K(26752K) Class: 9202K(9344K)->9202K(9344K)
[426.542s][info][gc             ] GC(1110) Pause Young (Allocation Failure) 586M->301M(605M) 1.080ms
[426.542s][info][gc,cpu         ] GC(1110) User=0.00s Sys=0.00s Real=0.01s
[426.732s][info][gc,start       ] GC(1111) Pause Young (Allocation Failure)
[426.733s][info][gc,heap        ] GC(1111) PSYoungGen: 291904K(310784K)->64K(313856K) Eden: 291840K(291840K)->0K(295936K) From: 64K(18944K)->64K(17920K)
[426.733s][info][gc,heap        ] GC(1111) ParOldGen: 309138K(309248K)->309138K(309248K)
[426.733s][info][gc,metaspace   ] GC(1111) Metaspace: 35467K(36096K)->35467K(36096K) NonClass: 26265K(26752K)->26265K(26752K) Class: 9202K(9344K)->9202K(9344K)
[426.733s][info][gc             ] GC(1111) Pause Young (Allocation Failure) 586M->301M(608M) 1.110ms
[426.733s][info][gc,cpu         ] GC(1111) User=0.00s Sys=0.00s Real=0.00s
[427.006s][info][gc,start       ] GC(1112) Pause Young (Allocation Failure)
[427.007s][info][gc,heap        ] GC(1112) PSYoungGen: 296000K(313856K)->64K(312832K) Eden: 295936K(295936K)->0K(295936K) From: 64K(17920K)->64K(16896K)
[427.007s][info][gc,heap        ] GC(1112) ParOldGen: 309138K(309248K)->309146K(309248K)
[427.007s][info][gc,metaspace   ] GC(1112) Metaspace: 35467K(36096K)->35467K(36096K) NonClass: 26265K(26752K)->26265K(26752K) Class: 9202K(9344K)->9202K(9344K)
[427.007s][info][gc             ] GC(1112) Pause Young (Allocation Failure) 590M->301M(607M) 1.113ms
[427.007s][info][gc,cpu         ] GC(1112) User=0.00s Sys=0.00s Real=0.00s
[427.142s][info][gc,start       ] GC(1113) Pause Young (Allocation Failure)
[427.144s][info][gc,heap        ] GC(1113) PSYoungGen: 296000K(312832K)->64K(315904K) Eden: 295936K(295936K)->0K(300032K) From: 64K(16896K)->64K(15872K)
[427.144s][info][gc,heap        ] GC(1113) ParOldGen: 309146K(309248K)->309154K(309248K)
[427.144s][info][gc,metaspace   ] GC(1113) Metaspace: 35467K(36096K)->35467K(36096K) NonClass: 26265K(26752K)->26265K(26752K) Class: 9202K(9344K)->9202K(9344K)
[427.144s][info][gc             ] GC(1113) Pause Young (Allocation Failure) 590M->301M(610M) 1.155ms
[427.144s][info][gc,cpu         ] GC(1113) User=0.00s Sys=0.00s Real=0.00s
[427.251s][info][gc,start       ] GC(1114) Pause Young (Allocation Failure)
[427.252s][info][gc,heap        ] GC(1114) PSYoungGen: 300096K(315904K)->64K(314880K) Eden: 300032K(300032K)->0K(300032K) From: 64K(15872K)->64K(14848K)
[427.252s][info][gc,heap        ] GC(1114) ParOldGen: 309154K(309248K)->309162K(309248K)
[427.252s][info][gc,metaspace   ] GC(1114) Metaspace: 35467K(36096K)->35467K(36096K) NonClass: 26265K(26752K)->26265K(26752K) Class: 9202K(9344K)->9202K(9344K)
[427.252s][info][gc             ] GC(1114) Pause Young (Allocation Failure) 594M->301M(609M) 1.136ms
[427.252s][info][gc,cpu         ] GC(1114) User=0.01s Sys=0.00s Real=0.01s
[427.481s][info][gc,start       ] GC(1115) Pause Young (Allocation Failure)
[427.482s][info][gc,heap        ] GC(1115) PSYoungGen: 300096K(314880K)->64K(288768K) Eden: 300032K(300032K)->0K(288256K) From: 64K(14848K)->64K(512K)
[427.482s][info][gc,heap        ] GC(1115) ParOldGen: 309162K(309248K)->309170K(309248K)
[427.482s][info][gc,metaspace   ] GC(1115) Metaspace: 35467K(36096K)->35467K(36096K) NonClass: 26265K(26752K)->26265K(26752K) Class: 9202K(9344K)->9202K(9344K)
[427.482s][info][gc             ] GC(1115) Pause Young (Allocation Failure) 594M->301M(584M) 1.111ms
[427.482s][info][gc,cpu         ] GC(1115) User=0.01s Sys=0.00s Real=0.01s
[428.325s][info][gc,start       ] GC(1116) Pause Young (Allocation Failure)
[428.326s][info][gc,heap        ] GC(1116) PSYoungGen: 288320K(288768K)->64K(290304K) Eden: 288256K(288256K)->0K(276992K) From: 64K(512K)->64K(13312K)
[428.326s][info][gc,heap        ] GC(1116) ParOldGen: 309170K(309248K)->309178K(309248K)
[428.326s][info][gc,metaspace   ] GC(1116) Metaspace: 35467K(36096K)->35467K(36096K) NonClass: 26265K(26752K)->26265K(26752K) Class: 9202K(9344K)->9202K(9344K)
[428.326s][info][gc             ] GC(1116) Pause Young (Allocation Failure) 583M->301M(585M) 1.104ms
[428.326s][info][gc,cpu         ] GC(1116) User=0.00s Sys=0.00s Real=0.00s
[429.200s][info][gc,start       ] GC(1117) Pause Young (Allocation Failure)
[429.201s][info][gc,heap        ] GC(1117) PSYoungGen: 277056K(290304K)->64K(266752K) Eden: 276992K(276992K)->0K(266240K) From: 64K(13312K)->64K(512K)
[429.201s][info][gc,heap        ] GC(1117) ParOldGen: 309178K(309248K)->309186K(309248K)
[429.201s][info][gc,metaspace   ] GC(1117) Metaspace: 35467K(36096K)->35467K(36096K) NonClass: 26265K(26752K)->26265K(26752K) Class: 9202K(9344K)->9202K(9344K)
[429.201s][info][gc             ] GC(1117) Pause Young (Allocation Failure) 572M->302M(562M) 1.267ms
[429.201s][info][gc,cpu         ] GC(1117) User=0.00s Sys=0.00s Real=0.00s
[429.593s][info][gc,start       ] GC(1118) Pause Young (Allocation Failure)
[429.594s][info][gc,heap        ] GC(1118) PSYoungGen: 266304K(266752K)->64K(267264K) Eden: 266240K(266240K)->0K(256000K) From: 64K(512K)->64K(11264K)
[429.594s][info][gc,heap        ] GC(1118) ParOldGen: 309186K(309248K)->309194K(309248K)
[429.594s][info][gc,metaspace   ] GC(1118) Metaspace: 35467K(36096K)->35467K(36096K) NonClass: 26265K(26752K)->26265K(26752K) Class: 9202K(9344K)->9202K(9344K)
[429.595s][info][gc             ] GC(1118) Pause Young (Allocation Failure) 562M->302M(563M) 1.170ms
[429.595s][info][gc,cpu         ] GC(1118) User=0.00s Sys=0.00s Real=0.00s
[430.625s][info][gc,start       ] GC(1119) Pause Young (Allocation Failure)
[430.627s][info][gc,heap        ] GC(1119) PSYoungGen: 256064K(267264K)->64K(246784K) Eden: 256000K(256000K)->0K(246272K) From: 64K(11264K)->64K(512K)
[430.627s][info][gc,heap        ] GC(1119) ParOldGen: 309194K(309248K)->309202K(309248K)
[430.627s][info][gc,metaspace   ] GC(1119) Metaspace: 35468K(36096K)->35468K(36096K) NonClass: 26266K(26752K)->26266K(26752K) Class: 9202K(9344K)->9202K(9344K)
[430.627s][info][gc             ] GC(1119) Pause Young (Allocation Failure) 552M->302M(543M) 1.607ms
[430.627s][info][gc,cpu         ] GC(1119) User=0.00s Sys=0.01s Real=0.00s
[431.028s][info][gc,start       ] GC(1120) Pause Young (Allocation Failure)
[431.029s][info][gc,heap        ] GC(1120) PSYoungGen: 246336K(246784K)->64K(246784K) Eden: 246272K(246272K)->0K(237056K) From: 64K(512K)->64K(9728K)
[431.029s][info][gc,heap        ] GC(1120) ParOldGen: 309202K(309248K)->309218K(309248K)
[431.029s][info][gc,metaspace   ] GC(1120) Metaspace: 35468K(36096K)->35468K(36096K) NonClass: 26266K(26752K)->26266K(26752K) Class: 9202K(9344K)->9202K(9344K)
[431.029s][info][gc             ] GC(1120) Pause Young (Allocation Failure) 542M->302M(543M) 1.223ms
[431.029s][info][gc,cpu         ] GC(1120) User=0.00s Sys=0.00s Real=0.00s
[431.209s][info][gc,start       ] GC(1121) Pause Young (Allocation Failure)
[431.212s][info][gc,heap        ] GC(1121) PSYoungGen: 237120K(246784K)->64K(228352K) Eden: 237056K(237056K)->0K(227840K) From: 64K(9728K)->64K(512K)
[431.212s][info][gc,heap        ] GC(1121) ParOldGen: 309218K(309248K)->309226K(309248K)
[431.212s][info][gc,metaspace   ] GC(1121) Metaspace: 35468K(36096K)->35468K(36096K) NonClass: 26266K(26752K)->26266K(26752K) Class: 9202K(9344K)->9202K(9344K)
[431.212s][info][gc             ] GC(1121) Pause Young (Allocation Failure) 533M->302M(525M) 2.850ms
[431.212s][info][gc,cpu         ] GC(1121) User=0.00s Sys=0.00s Real=0.01s
[431.301s][info][gc,start       ] GC(1122) Pause Young (Allocation Failure)
[431.304s][info][gc,heap        ] GC(1122) PSYoungGen: 227904K(228352K)->64K(278016K) Eden: 227840K(227840K)->0K(269312K) From: 64K(512K)->64K(8704K)
[431.304s][info][gc,heap        ] GC(1122) ParOldGen: 309226K(309248K)->309234K(309248K)
[431.304s][info][gc,metaspace   ] GC(1122) Metaspace: 35468K(36096K)->35468K(36096K) NonClass: 26266K(26752K)->26266K(26752K) Class: 9202K(9344K)->9202K(9344K)
[431.304s][info][gc             ] GC(1122) Pause Young (Allocation Failure) 524M->302M(573M) 2.241ms
[431.304s][info][gc,cpu         ] GC(1122) User=0.00s Sys=0.00s Real=0.01s
[431.913s][info][gc,start       ] GC(1123) Pause Young (Allocation Failure)
[431.916s][info][gc,heap        ] GC(1123) PSYoungGen: 269376K(278016K)->64K(259072K) Eden: 269312K(269312K)->0K(258560K) From: 64K(8704K)->64K(512K)
[431.916s][info][gc,heap        ] GC(1123) ParOldGen: 309234K(309248K)->309242K(309248K)
[431.916s][info][gc,metaspace   ] GC(1123) Metaspace: 35468K(36096K)->35468K(36096K) NonClass: 26266K(26752K)->26266K(26752K) Class: 9202K(9344K)->9202K(9344K)
[431.916s][info][gc             ] GC(1123) Pause Young (Allocation Failure) 565M->302M(555M) 3.045ms
[431.916s][info][gc,cpu         ] GC(1123) User=0.00s Sys=0.00s Real=0.00s
[432.222s][info][gc,start       ] GC(1124) Pause Young (Allocation Failure)
[432.224s][info][gc,heap        ] GC(1124) PSYoungGen: 258624K(259072K)->64K(256000K) Eden: 258560K(258560K)->0K(248320K) From: 64K(512K)->64K(7680K)
[432.224s][info][gc,heap        ] GC(1124) ParOldGen: 309242K(309248K)->309250K(309760K)
[432.224s][info][gc,metaspace   ] GC(1124) Metaspace: 35468K(36096K)->35468K(36096K) NonClass: 26266K(26752K)->26266K(26752K) Class: 9202K(9344K)->9202K(9344K)
[432.224s][info][gc             ] GC(1124) Pause Young (Allocation Failure) 554M->302M(552M) 2.223ms
[432.224s][info][gc,cpu         ] GC(1124) User=0.00s Sys=0.00s Real=0.00s
[432.534s][info][gc,start       ] GC(1125) Pause Young (Allocation Failure)
[432.608s][info][gc,heap        ] GC(1125) PSYoungGen: 248384K(256000K)->7168K(263168K) Eden: 248320K(248320K)->0K(256000K) From: 64K(7680K)->7168K(7168K)
[432.608s][info][gc,heap        ] GC(1125) ParOldGen: 309250K(309760K)->329306K(329728K)
[432.608s][info][gc,metaspace   ] GC(1125) Metaspace: 35468K(36096K)->35468K(36096K) NonClass: 26266K(26752K)->26266K(26752K) Class: 9202K(9344K)->9202K(9344K)
[432.608s][info][gc             ] GC(1125) Pause Young (Allocation Failure) 544M->328M(579M) 74.295ms
[432.608s][info][gc,cpu         ] GC(1125) User=0.09s Sys=0.02s Real=0.07s
[432.919s][info][gc,start       ] GC(1126) Pause Young (Allocation Failure)
[432.978s][info][gc,heap        ] GC(1126) PSYoungGen: 263168K(263168K)->16384K(272384K) Eden: 256000K(256000K)->0K(256000K) From: 7168K(7168K)->16384K(16384K)
[432.979s][info][gc,heap        ] GC(1126) ParOldGen: 329306K(329728K)->342426K(342528K)
[432.979s][info][gc,metaspace   ] GC(1126) Metaspace: 35468K(36096K)->35468K(36096K) NonClass: 26266K(26752K)->26266K(26752K) Class: 9202K(9344K)->9202K(9344K)
[432.979s][info][gc             ] GC(1126) Pause Young (Allocation Failure) 578M->350M(600M) 59.710ms
[432.979s][info][gc,cpu         ] GC(1126) User=0.10s Sys=0.01s Real=0.06s
[433.101s][info][gc,start       ] GC(1127) Pause Young (Allocation Failure)
[433.118s][info][gc,heap        ] GC(1127) PSYoungGen: 272384K(272384K)->6464K(310784K) Eden: 256000K(256000K)->0K(286208K) From: 16384K(16384K)->6464K(24576K)
[433.118s][info][gc,heap        ] GC(1127) ParOldGen: 342426K(342528K)->342778K(343040K)
[433.118s][info][gc,metaspace   ] GC(1127) Metaspace: 35468K(36096K)->35468K(36096K) NonClass: 26266K(26752K)->26266K(26752K) Class: 9202K(9344K)->9202K(9344K)
[433.118s][info][gc             ] GC(1127) Pause Young (Allocation Failure) 600M->341M(638M) 17.828ms
[433.118s][info][gc,cpu         ] GC(1127) User=0.03s Sys=0.00s Real=0.02s
[433.661s][info][gc,start       ] GC(1128) Pause Young (Allocation Failure)
[433.662s][info][gc,heap        ] GC(1128) PSYoungGen: 292672K(310784K)->64K(286720K) Eden: 286208K(286208K)->0K(286208K) From: 6464K(24576K)->64K(512K)
[433.662s][info][gc,heap        ] GC(1128) ParOldGen: 342778K(343040K)->342786K(343040K)
[433.662s][info][gc,metaspace   ] GC(1128) Metaspace: 35468K(36096K)->35468K(36096K) NonClass: 26266K(26752K)->26266K(26752K) Class: 9202K(9344K)->9202K(9344K)
[433.662s][info][gc             ] GC(1128) Pause Young (Allocation Failure) 620M->334M(615M) 1.509ms
[433.662s][info][gc,cpu         ] GC(1128) User=0.00s Sys=0.00s Real=0.01s
[434.147s][info][gc,start       ] GC(1129) Pause Young (Allocation Failure)
[434.148s][info][gc,heap        ] GC(1129) PSYoungGen: 286272K(286720K)->64K(309760K) Eden: 286208K(286208K)->0K(287232K) From: 64K(512K)->64K(22528K)
[434.148s][info][gc,heap        ] GC(1129) ParOldGen: 342786K(343040K)->342794K(343040K)
[434.148s][info][gc,metaspace   ] GC(1129) Metaspace: 35468K(36096K)->35468K(36096K) NonClass: 26266K(26752K)->26266K(26752K) Class: 9202K(9344K)->9202K(9344K)
[434.148s][info][gc             ] GC(1129) Pause Young (Allocation Failure) 614M->334M(637M) 1.414ms
[434.148s][info][gc,cpu         ] GC(1129) User=0.01s Sys=0.00s Real=0.00s
[434.612s][info][gc,start       ] GC(1130) Pause Young (Allocation Failure)
[434.613s][info][gc,heap        ] GC(1130) PSYoungGen: 287296K(309760K)->64K(308736K) Eden: 287232K(287232K)->0K(287232K) From: 64K(22528K)->64K(21504K)
[434.613s][info][gc,heap        ] GC(1130) ParOldGen: 342794K(343040K)->342810K(343040K)
[434.613s][info][gc,metaspace   ] GC(1130) Metaspace: 35468K(36096K)->35468K(36096K) NonClass: 26266K(26752K)->26266K(26752K) Class: 9202K(9344K)->9202K(9344K)
[434.613s][info][gc             ] GC(1130) Pause Young (Allocation Failure) 615M->334M(636M) 1.464ms
[434.613s][info][gc,cpu         ] GC(1130) User=0.00s Sys=0.00s Real=0.00s
[434.858s][info][gc,start       ] GC(1131) Pause Young (Allocation Failure)
[434.859s][info][gc,heap        ] GC(1131) PSYoungGen: 287296K(308736K)->32K(310784K) Eden: 287232K(287232K)->0K(290304K) From: 64K(21504K)->32K(20480K)
[434.859s][info][gc,heap        ] GC(1131) ParOldGen: 342810K(343040K)->342826K(343040K)
[434.859s][info][gc,metaspace   ] GC(1131) Metaspace: 35468K(36096K)->35468K(36096K) NonClass: 26266K(26752K)->26266K(26752K) Class: 9202K(9344K)->9202K(9344K)
[434.859s][info][gc             ] GC(1131) Pause Young (Allocation Failure) 615M->334M(638M) 1.383ms
[434.859s][info][gc,cpu         ] GC(1131) User=0.01s Sys=0.00s Real=0.00s
[435.225s][info][gc,start       ] GC(1132) Pause Young (Allocation Failure)
[435.226s][info][gc,heap        ] GC(1132) PSYoungGen: 290336K(310784K)->64K(310272K) Eden: 290304K(290304K)->0K(290304K) From: 32K(20480K)->64K(19968K)
[435.226s][info][gc,heap        ] GC(1132) ParOldGen: 342826K(343040K)->342826K(343040K)
[435.226s][info][gc,metaspace   ] GC(1132) Metaspace: 35468K(36096K)->35468K(36096K) NonClass: 26266K(26752K)->26266K(26752K) Class: 9202K(9344K)->9202K(9344K)
[435.226s][info][gc             ] GC(1132) Pause Young (Allocation Failure) 618M->334M(638M) 1.360ms
[435.226s][info][gc,cpu         ] GC(1132) User=0.00s Sys=0.00s Real=0.00s
[435.369s][info][gc,start       ] GC(1133) Pause Young (Allocation Failure)
[435.371s][info][gc,heap        ] GC(1133) PSYoungGen: 290368K(310272K)->64K(312832K) Eden: 290304K(290304K)->0K(294400K) From: 64K(19968K)->64K(18432K)
[435.371s][info][gc,heap        ] GC(1133) ParOldGen: 342826K(343040K)->342834K(343040K)
[435.371s][info][gc,metaspace   ] GC(1133) Metaspace: 35468K(36096K)->35468K(36096K) NonClass: 26266K(26752K)->26266K(26752K) Class: 9202K(9344K)->9202K(9344K)
[435.371s][info][gc             ] GC(1133) Pause Young (Allocation Failure) 618M->334M(640M) 1.390ms
[435.371s][info][gc,cpu         ] GC(1133) User=0.00s Sys=0.00s Real=0.00s
[435.426s][info][gc,start       ] GC(1134) Pause Young (Allocation Failure)
[435.427s][info][gc,heap        ] GC(1134) PSYoungGen: 294464K(312832K)->64K(312320K) Eden: 294400K(294400K)->0K(294400K) From: 64K(18432K)->64K(17920K)
[435.427s][info][gc,heap        ] GC(1134) ParOldGen: 342834K(343040K)->342850K(343040K)
[435.427s][info][gc,metaspace   ] GC(1134) Metaspace: 35468K(36096K)->35468K(36096K) NonClass: 26266K(26752K)->26266K(26752K) Class: 9202K(9344K)->9202K(9344K)
[435.427s][info][gc             ] GC(1134) Pause Young (Allocation Failure) 622M->334M(640M) 1.361ms
[435.427s][info][gc,cpu         ] GC(1134) User=0.00s Sys=0.00s Real=0.00s
[435.586s][info][gc,start       ] GC(1135) Pause Young (Allocation Failure)
[435.588s][info][gc,heap        ] GC(1135) PSYoungGen: 294464K(312320K)->64K(314880K) Eden: 294400K(294400K)->0K(297984K) From: 64K(17920K)->64K(16896K)
[435.588s][info][gc,heap        ] GC(1135) ParOldGen: 342850K(343040K)->342850K(343040K)
[435.588s][info][gc,metaspace   ] GC(1135) Metaspace: 35468K(36096K)->35468K(36096K) NonClass: 26266K(26752K)->26266K(26752K) Class: 9202K(9344K)->9202K(9344K)
[435.588s][info][gc             ] GC(1135) Pause Young (Allocation Failure) 622M->334M(642M) 1.433ms
[435.588s][info][gc,cpu         ] GC(1135) User=0.00s Sys=0.00s Real=0.00s
[435.887s][info][gc,start       ] GC(1136) Pause Young (Allocation Failure)
[435.888s][info][gc,heap        ] GC(1136) PSYoungGen: 298048K(314880K)->64K(314368K) Eden: 297984K(297984K)->0K(297984K) From: 64K(16896K)->64K(16384K)
[435.888s][info][gc,heap        ] GC(1136) ParOldGen: 342850K(343040K)->342858K(343040K)
[435.888s][info][gc,metaspace   ] GC(1136) Metaspace: 35468K(36096K)->35468K(36096K) NonClass: 26266K(26752K)->26266K(26752K) Class: 9202K(9344K)->9202K(9344K)
[435.888s][info][gc             ] GC(1136) Pause Young (Allocation Failure) 625M->334M(642M) 1.390ms
[435.888s][info][gc,cpu         ] GC(1136) User=0.01s Sys=0.00s Real=0.00s
[436.050s][info][gc,start       ] GC(1137) Pause Young (Allocation Failure)
[436.052s][info][gc,heap        ] GC(1137) PSYoungGen: 298048K(314368K)->64K(316416K) Eden: 297984K(297984K)->0K(301568K) From: 64K(16384K)->64K(14848K)
[436.052s][info][gc,heap        ] GC(1137) ParOldGen: 342858K(343040K)->342866K(343040K)
[436.052s][info][gc,metaspace   ] GC(1137) Metaspace: 35468K(36096K)->35468K(36096K) NonClass: 26266K(26752K)->26266K(26752K) Class: 9202K(9344K)->9202K(9344K)
[436.052s][info][gc             ] GC(1137) Pause Young (Allocation Failure) 625M->334M(644M) 1.434ms
[436.052s][info][gc,cpu         ] GC(1137) User=0.00s Sys=0.00s Real=0.00s
[436.145s][info][gc,start       ] GC(1138) Pause Young (Allocation Failure)
[436.147s][info][gc,heap        ] GC(1138) PSYoungGen: 301632K(316416K)->64K(315904K) Eden: 301568K(301568K)->0K(301568K) From: 64K(14848K)->64K(14336K)
[436.147s][info][gc,heap        ] GC(1138) ParOldGen: 342866K(343040K)->342874K(343040K)
[436.147s][info][gc,metaspace   ] GC(1138) Metaspace: 35468K(36096K)->35468K(36096K) NonClass: 26266K(26752K)->26266K(26752K) Class: 9202K(9344K)->9202K(9344K)
[436.147s][info][gc             ] GC(1138) Pause Young (Allocation Failure) 629M->334M(643M) 1.448ms
[436.147s][info][gc,cpu         ] GC(1138) User=0.00s Sys=0.00s Real=0.00s
[436.346s][info][gc,start       ] GC(1139) Pause Young (Allocation Failure)
[436.347s][info][gc,heap        ] GC(1139) PSYoungGen: 301632K(315904K)->64K(318464K) Eden: 301568K(301568K)->0K(305664K) From: 64K(14336K)->64K(12800K)
[436.347s][info][gc,heap        ] GC(1139) ParOldGen: 342874K(343040K)->342882K(343040K)
[436.347s][info][gc,metaspace   ] GC(1139) Metaspace: 35468K(36096K)->35468K(36096K) NonClass: 26266K(26752K)->26266K(26752K) Class: 9202K(9344K)->9202K(9344K)
[436.347s][info][gc             ] GC(1139) Pause Young (Allocation Failure) 629M->334M(646M) 1.462ms
[436.347s][info][gc,cpu         ] GC(1139) User=0.00s Sys=0.00s Real=0.00s
[437.279s][info][gc,start       ] GC(1140) Pause Young (Allocation Failure)
[437.280s][info][gc,heap        ] GC(1140) PSYoungGen: 305728K(318464K)->64K(293888K) Eden: 305664K(305664K)->0K(293376K) From: 64K(12800K)->64K(512K)
[437.280s][info][gc,heap        ] GC(1140) ParOldGen: 342882K(343040K)->342890K(343040K)
[437.280s][info][gc,metaspace   ] GC(1140) Metaspace: 35468K(36096K)->35468K(36096K) NonClass: 26266K(26752K)->26266K(26752K) Class: 9202K(9344K)->9202K(9344K)
[437.280s][info][gc             ] GC(1140) Pause Young (Allocation Failure) 633M->334M(622M) 1.423ms
[437.280s][info][gc,cpu         ] GC(1140) User=0.00s Sys=0.00s Real=0.00s
[438.159s][info][gc,start       ] GC(1141) Pause Young (Allocation Failure)
[438.160s][info][gc,heap        ] GC(1141) PSYoungGen: 293440K(293888K)->64K(282112K) Eden: 293376K(293376K)->0K(281600K) From: 64K(512K)->64K(512K)
[438.161s][info][gc,heap        ] GC(1141) ParOldGen: 342890K(343040K)->342898K(343040K)
[438.161s][info][gc,metaspace   ] GC(1141) Metaspace: 35468K(36096K)->35468K(36096K) NonClass: 26266K(26752K)->26266K(26752K) Class: 9202K(9344K)->9202K(9344K)
[438.161s][info][gc             ] GC(1141) Pause Young (Allocation Failure) 621M->334M(610M) 1.803ms
[438.161s][info][gc,cpu         ] GC(1141) User=0.00s Sys=0.00s Real=0.00s
[438.626s][info][gc,start       ] GC(1142) Pause Young (Allocation Failure)
[438.628s][info][gc,heap        ] GC(1142) PSYoungGen: 281664K(282112K)->64K(281600K) Eden: 281600K(281600K)->0K(270336K) From: 64K(512K)->64K(11264K)
[438.628s][info][gc,heap        ] GC(1142) ParOldGen: 342898K(343040K)->342906K(343040K)
[438.628s][info][gc,metaspace   ] GC(1142) Metaspace: 35468K(36096K)->35468K(36096K) NonClass: 26266K(26752K)->26266K(26752K) Class: 9202K(9344K)->9202K(9344K)
[438.628s][info][gc             ] GC(1142) Pause Young (Allocation Failure) 609M->334M(610M) 2.424ms
[438.628s][info][gc,cpu         ] GC(1142) User=0.00s Sys=0.00s Real=0.00s
[439.683s][info][gc,start       ] GC(1143) Pause Young (Allocation Failure)
[439.686s][info][gc,heap        ] GC(1143) PSYoungGen: 270400K(281600K)->64K(260096K) Eden: 270336K(270336K)->0K(259584K) From: 64K(11264K)->64K(512K)
[439.686s][info][gc,heap        ] GC(1143) ParOldGen: 342906K(343040K)->342922K(343040K)
[439.686s][info][gc,metaspace   ] GC(1143) Metaspace: 35468K(36096K)->35468K(36096K) NonClass: 26266K(26752K)->26266K(26752K) Class: 9202K(9344K)->9202K(9344K)
[439.686s][info][gc             ] GC(1143) Pause Young (Allocation Failure) 598M->334M(589M) 2.863ms
[439.686s][info][gc,cpu         ] GC(1143) User=0.01s Sys=0.00s Real=0.00s
[440.083s][info][gc,start       ] GC(1144) Pause Young (Allocation Failure)
[440.085s][info][gc,heap        ] GC(1144) PSYoungGen: 259648K(260096K)->64K(259072K) Eden: 259584K(259584K)->0K(249344K) From: 64K(512K)->64K(9728K)
[440.085s][info][gc,heap        ] GC(1144) ParOldGen: 342922K(343040K)->342938K(343040K)
[440.085s][info][gc,metaspace   ] GC(1144) Metaspace: 35468K(36096K)->35468K(36096K) NonClass: 26266K(26752K)->26266K(26752K) Class: 9202K(9344K)->9202K(9344K)
[440.085s][info][gc             ] GC(1144) Pause Young (Allocation Failure) 588M->334M(588M) 2.416ms
[440.085s][info][gc,cpu         ] GC(1144) User=0.00s Sys=0.00s Real=0.00s
[440.248s][info][gc,start       ] GC(1145) Pause Young (Allocation Failure)
[440.251s][info][gc,heap        ] GC(1145) PSYoungGen: 249408K(259072K)->32K(240128K) Eden: 249344K(249344K)->0K(239616K) From: 64K(9728K)->32K(512K)
[440.251s][info][gc,heap        ] GC(1145) ParOldGen: 342938K(343040K)->342946K(343040K)
[440.251s][info][gc,metaspace   ] GC(1145) Metaspace: 35468K(36096K)->35468K(36096K) NonClass: 26266K(26752K)->26266K(26752K) Class: 9202K(9344K)->9202K(9344K)
[440.251s][info][gc             ] GC(1145) Pause Young (Allocation Failure) 578M->334M(569M) 2.920ms
[440.251s][info][gc,cpu         ] GC(1145) User=0.00s Sys=0.00s Real=0.00s
[440.447s][info][gc,start       ] GC(1146) Pause Young (Allocation Failure)
[440.448s][info][gc,heap        ] GC(1146) PSYoungGen: 239648K(240128K)->64K(239104K) Eden: 239616K(239616K)->0K(230400K) From: 32K(512K)->64K(8704K)
[440.448s][info][gc,heap        ] GC(1146) ParOldGen: 342946K(343040K)->342954K(343040K)
[440.448s][info][gc,metaspace   ] GC(1146) Metaspace: 35468K(36096K)->35468K(36096K) NonClass: 26266K(26752K)->26266K(26752K) Class: 9202K(9344K)->9202K(9344K)
[440.448s][info][gc             ] GC(1146) Pause Young (Allocation Failure) 568M->334M(568M) 1.161ms
[440.448s][info][gc,cpu         ] GC(1146) User=0.01s Sys=0.00s Real=0.00s
[440.928s][info][gc,start       ] GC(1147) Pause Young (Allocation Failure)
[440.930s][info][gc,heap        ] GC(1147) PSYoungGen: 230464K(239104K)->64K(222208K) Eden: 230400K(230400K)->0K(221696K) From: 64K(8704K)->64K(512K)
[440.930s][info][gc,heap        ] GC(1147) ParOldGen: 342954K(343040K)->342962K(343040K)
[440.930s][info][gc,metaspace   ] GC(1147) Metaspace: 35468K(36096K)->35468K(36096K) NonClass: 26266K(26752K)->26266K(26752K) Class: 9202K(9344K)->9202K(9344K)
[440.930s][info][gc             ] GC(1147) Pause Young (Allocation Failure) 559M->334M(552M) 1.855ms
[440.930s][info][gc,cpu         ] GC(1147) User=0.01s Sys=0.00s Real=0.00s
[441.185s][info][gc,start       ] GC(1148) Pause Young (Allocation Failure)
[441.186s][info][gc,heap        ] GC(1148) PSYoungGen: 221760K(222208K)->64K(220672K) Eden: 221696K(221696K)->0K(213504K) From: 64K(512K)->64K(7168K)
[441.186s][info][gc,heap        ] GC(1148) ParOldGen: 342962K(343040K)->342970K(343040K)
[441.186s][info][gc,metaspace   ] GC(1148) Metaspace: 35468K(36096K)->35468K(36096K) NonClass: 26266K(26752K)->26266K(26752K) Class: 9202K(9344K)->9202K(9344K)
[441.186s][info][gc             ] GC(1148) Pause Young (Allocation Failure) 551M->334M(550M) 1.377ms
[441.186s][info][gc,cpu         ] GC(1148) User=0.00s Sys=0.00s Real=0.00s
[441.464s][info][gc,start       ] GC(1149) Pause Young (Allocation Failure)
[441.508s][info][gc,heap        ] GC(1149) PSYoungGen: 213568K(220672K)->6656K(262656K) Eden: 213504K(213504K)->0K(256000K) From: 64K(7168K)->6656K(6656K)
[441.508s][info][gc,heap        ] GC(1149) ParOldGen: 342970K(343040K)->357778K(357888K)
[441.508s][info][gc,metaspace   ] GC(1149) Metaspace: 35468K(36096K)->35468K(36096K) NonClass: 26266K(26752K)->26266K(26752K) Class: 9202K(9344K)->9202K(9344K)
[441.508s][info][gc             ] GC(1149) Pause Young (Allocation Failure) 543M->355M(606M) 43.975ms
[441.508s][info][gc,cpu         ] GC(1149) User=0.08s Sys=0.01s Real=0.04s
[441.811s][info][gc,start       ] GC(1150) Pause Young (Allocation Failure)
[441.867s][info][gc,heap        ] GC(1150) PSYoungGen: 262656K(262656K)->13824K(269824K) Eden: 256000K(256000K)->0K(256000K) From: 6656K(6656K)->13824K(13824K)
[441.867s][info][gc,heap        ] GC(1150) ParOldGen: 357778K(357888K)->373314K(373760K)
[441.867s][info][gc,metaspace   ] GC(1150) Metaspace: 35468K(36096K)->35468K(36096K) NonClass: 26266K(26752K)->26266K(26752K) Class: 9202K(9344K)->9202K(9344K)
[441.867s][info][gc             ] GC(1150) Pause Young (Allocation Failure) 605M->378M(628M) 56.063ms
[441.867s][info][gc,cpu         ] GC(1150) User=0.10s Sys=0.01s Real=0.06s
[442.033s][info][gc,start       ] GC(1151) Pause Young (Allocation Failure)
[442.061s][info][gc,heap        ] GC(1151) PSYoungGen: 269824K(269824K)->12224K(309248K) Eden: 256000K(256000K)->0K(286720K) From: 13824K(13824K)->12224K(22528K)
[442.061s][info][gc,heap        ] GC(1151) ParOldGen: 373314K(373760K)->373730K(373760K)
[442.061s][info][gc,metaspace   ] GC(1151) Metaspace: 35468K(36096K)->35468K(36096K) NonClass: 26266K(26752K)->26266K(26752K) Class: 9202K(9344K)->9202K(9344K)
[442.061s][info][gc             ] GC(1151) Pause Young (Allocation Failure) 628M->376M(667M) 28.466ms
[442.061s][info][gc,cpu         ] GC(1151) User=0.04s Sys=0.01s Real=0.02s
[442.478s][info][gc,start       ] GC(1152) Pause Young (Allocation Failure)
[442.479s][info][gc,heap        ] GC(1152) PSYoungGen: 298944K(309248K)->64K(310272K) Eden: 286720K(286720K)->0K(286720K) From: 12224K(22528K)->64K(23552K)
[442.479s][info][gc,heap        ] GC(1152) ParOldGen: 373730K(373760K)->373738K(373760K)
[442.479s][info][gc,metaspace   ] GC(1152) Metaspace: 35468K(36096K)->35468K(36096K) NonClass: 26266K(26752K)->26266K(26752K) Class: 9202K(9344K)->9202K(9344K)
[442.479s][info][gc             ] GC(1152) Pause Young (Allocation Failure) 656M->365M(668M) 1.430ms
[442.479s][info][gc,cpu         ] GC(1152) User=0.00s Sys=0.00s Real=0.00s
[443.050s][info][gc,start       ] GC(1153) Pause Young (Allocation Failure)
[443.051s][info][gc,heap        ] GC(1153) PSYoungGen: 286784K(310272K)->64K(307712K) Eden: 286720K(286720K)->0K(287232K) From: 64K(23552K)->64K(20480K)
[443.051s][info][gc,heap        ] GC(1153) ParOldGen: 373738K(373760K)->373746K(373760K)
[443.051s][info][gc,metaspace   ] GC(1153) Metaspace: 35468K(36096K)->35468K(36096K) NonClass: 26266K(26752K)->26266K(26752K) Class: 9202K(9344K)->9202K(9344K)
[443.052s][info][gc             ] GC(1153) Pause Young (Allocation Failure) 645M->365M(665M) 1.509ms
[443.052s][info][gc,cpu         ] GC(1153) User=0.00s Sys=0.00s Real=0.00s
[443.500s][info][gc,start       ] GC(1154) Pause Young (Allocation Failure)
[443.501s][info][gc,heap        ] GC(1154) PSYoungGen: 287296K(307712K)->64K(309248K) Eden: 287232K(287232K)->0K(287232K) From: 64K(20480K)->64K(22016K)
[443.501s][info][gc,heap        ] GC(1154) ParOldGen: 373746K(373760K)->373762K(374272K)
[443.501s][info][gc,metaspace   ] GC(1154) Metaspace: 35468K(36096K)->35468K(36096K) NonClass: 26266K(26752K)->26266K(26752K) Class: 9202K(9344K)->9202K(9344K)
[443.501s][info][gc             ] GC(1154) Pause Young (Allocation Failure) 645M->365M(667M) 1.452ms
[443.501s][info][gc,cpu         ] GC(1154) User=0.00s Sys=0.00s Real=0.00s
[443.736s][info][gc,start       ] GC(1155) Pause Young (Allocation Failure)
[443.737s][info][gc,heap        ] GC(1155) PSYoungGen: 287296K(309248K)->64K(310272K) Eden: 287232K(287232K)->0K(290816K) From: 64K(22016K)->64K(19456K)
[443.737s][info][gc,heap        ] GC(1155) ParOldGen: 373762K(374272K)->373778K(374272K)
[443.737s][info][gc,metaspace   ] GC(1155) Metaspace: 35468K(36096K)->35468K(36096K) NonClass: 26266K(26752K)->26266K(26752K) Class: 9202K(9344K)->9202K(9344K)
[443.737s][info][gc             ] GC(1155) Pause Young (Allocation Failure) 645M->365M(668M) 1.354ms
[443.738s][info][gc,cpu         ] GC(1155) User=0.01s Sys=0.00s Real=0.00s
[443.978s][info][gc,start       ] GC(1156) Pause Young (Allocation Failure)
[443.980s][info][gc,heap        ] GC(1156) PSYoungGen: 290880K(310272K)->64K(311296K) Eden: 290816K(290816K)->0K(290816K) From: 64K(19456K)->64K(20480K)
[443.980s][info][gc,heap        ] GC(1156) ParOldGen: 373778K(374272K)->373778K(374272K)
[443.980s][info][gc,metaspace   ] GC(1156) Metaspace: 35468K(36096K)->35468K(36096K) NonClass: 26266K(26752K)->26266K(26752K) Class: 9202K(9344K)->9202K(9344K)
[443.980s][info][gc             ] GC(1156) Pause Young (Allocation Failure) 649M->365M(669M) 1.342ms
[443.980s][info][gc,cpu         ] GC(1156) User=0.01s Sys=0.00s Real=0.00s
[444.263s][info][gc,start       ] GC(1157) Pause Young (Allocation Failure)
[444.264s][info][gc,heap        ] GC(1157) PSYoungGen: 290880K(311296K)->64K(311296K) Eden: 290816K(290816K)->0K(293888K) From: 64K(20480K)->64K(17408K)
[444.264s][info][gc,heap        ] GC(1157) ParOldGen: 373778K(374272K)->373778K(374272K)
[444.264s][info][gc,metaspace   ] GC(1157) Metaspace: 35468K(36096K)->35468K(36096K) NonClass: 26266K(26752K)->26266K(26752K) Class: 9202K(9344K)->9202K(9344K)
[444.264s][info][gc             ] GC(1157) Pause Young (Allocation Failure) 649M->365M(669M) 1.442ms
[444.264s][info][gc,cpu         ] GC(1157) User=0.00s Sys=0.00s Real=0.00s
[444.318s][info][gc,start       ] GC(1158) Pause Young (Allocation Failure)
[444.320s][info][gc,heap        ] GC(1158) PSYoungGen: 293952K(311296K)->64K(312320K) Eden: 293888K(293888K)->0K(293888K) From: 64K(17408K)->64K(18432K)
[444.320s][info][gc,heap        ] GC(1158) ParOldGen: 373778K(374272K)->373794K(374272K)
[444.320s][info][gc,metaspace   ] GC(1158) Metaspace: 35468K(36096K)->35468K(36096K) NonClass: 26266K(26752K)->26266K(26752K) Class: 9202K(9344K)->9202K(9344K)
[444.320s][info][gc             ] GC(1158) Pause Young (Allocation Failure) 652M->365M(670M) 1.465ms
[444.320s][info][gc,cpu         ] GC(1158) User=0.01s Sys=0.00s Real=0.00s
[444.435s][info][gc,start       ] GC(1159) Pause Young (Allocation Failure)
[444.436s][info][gc,heap        ] GC(1159) PSYoungGen: 293952K(312320K)->64K(313344K) Eden: 293888K(293888K)->0K(297984K) From: 64K(18432K)->64K(15360K)
[444.436s][info][gc,heap        ] GC(1159) ParOldGen: 373794K(374272K)->373794K(374272K)
[444.436s][info][gc,metaspace   ] GC(1159) Metaspace: 35468K(36096K)->35468K(36096K) NonClass: 26266K(26752K)->26266K(26752K) Class: 9202K(9344K)->9202K(9344K)
[444.436s][info][gc             ] GC(1159) Pause Young (Allocation Failure) 652M->365M(671M) 1.483ms
[444.436s][info][gc,cpu         ] GC(1159) User=0.00s Sys=0.00s Real=0.00s
[444.732s][info][gc,start       ] GC(1160) Pause Young (Allocation Failure)
[444.734s][info][gc,heap        ] GC(1160) PSYoungGen: 298048K(313344K)->64K(314368K) Eden: 297984K(297984K)->0K(297984K) From: 64K(15360K)->64K(16384K)
[444.734s][info][gc,heap        ] GC(1160) ParOldGen: 373794K(374272K)->373810K(374272K)
[444.734s][info][gc,metaspace   ] GC(1160) Metaspace: 35468K(36096K)->35468K(36096K) NonClass: 26266K(26752K)->26266K(26752K) Class: 9202K(9344K)->9202K(9344K)
[444.734s][info][gc             ] GC(1160) Pause Young (Allocation Failure) 656M->365M(672M) 1.531ms
[444.734s][info][gc,cpu         ] GC(1160) User=0.01s Sys=0.00s Real=0.00s
[444.931s][info][gc,start       ] GC(1161) Pause Young (Allocation Failure)
[444.932s][info][gc,heap        ] GC(1161) PSYoungGen: 298048K(314368K)->64K(314880K) Eden: 297984K(297984K)->0K(301568K) From: 64K(16384K)->64K(13312K)
[444.932s][info][gc,heap        ] GC(1161) ParOldGen: 373810K(374272K)->373810K(374272K)
[444.932s][info][gc,metaspace   ] GC(1161) Metaspace: 35468K(36096K)->35468K(36096K) NonClass: 26266K(26752K)->26266K(26752K) Class: 9202K(9344K)->9202K(9344K)
[444.932s][info][gc             ] GC(1161) Pause Young (Allocation Failure) 656M->365M(673M) 1.530ms
[444.932s][info][gc,cpu         ] GC(1161) User=0.01s Sys=0.00s Real=0.01s
[445.019s][info][gc,start       ] GC(1162) Pause Young (Allocation Failure)
[445.020s][info][gc,heap        ] GC(1162) PSYoungGen: 301632K(314880K)->64K(316416K) Eden: 301568K(301568K)->0K(301568K) From: 64K(13312K)->64K(14848K)
[445.020s][info][gc,heap        ] GC(1162) ParOldGen: 373810K(374272K)->373826K(374272K)
[445.020s][info][gc,metaspace   ] GC(1162) Metaspace: 35468K(36096K)->35468K(36096K) NonClass: 26266K(26752K)->26266K(26752K) Class: 9202K(9344K)->9202K(9344K)
[445.020s][info][gc             ] GC(1162) Pause Young (Allocation Failure) 659M->365M(674M) 1.480ms
[445.020s][info][gc,cpu         ] GC(1162) User=0.00s Sys=0.00s Real=0.00s
[445.201s][info][gc,start       ] GC(1163) Pause Young (Allocation Failure)
[445.203s][info][gc,heap        ] GC(1163) PSYoungGen: 301632K(316416K)->64K(316416K) Eden: 301568K(301568K)->0K(305152K) From: 64K(14848K)->64K(11264K)
[445.203s][info][gc,heap        ] GC(1163) ParOldGen: 373826K(374272K)->373826K(374272K)
[445.203s][info][gc,metaspace   ] GC(1163) Metaspace: 35468K(36096K)->35468K(36096K) NonClass: 26266K(26752K)->26266K(26752K) Class: 9202K(9344K)->9202K(9344K)
[445.203s][info][gc             ] GC(1163) Pause Young (Allocation Failure) 659M->365M(674M) 1.476ms
[445.203s][info][gc,cpu         ] GC(1163) User=0.00s Sys=0.00s Real=0.01s
[446.121s][info][gc,start       ] GC(1164) Pause Young (Allocation Failure)
[446.123s][info][gc,heap        ] GC(1164) PSYoungGen: 305216K(316416K)->83K(293376K) Eden: 305152K(305152K)->0K(292864K) From: 64K(11264K)->83K(512K)
[446.123s][info][gc,heap        ] GC(1164) ParOldGen: 373826K(374272K)->373834K(374272K)
[446.123s][info][gc,metaspace   ] GC(1164) Metaspace: 35468K(36096K)->35468K(36096K) NonClass: 26266K(26752K)->26266K(26752K) Class: 9202K(9344K)->9202K(9344K)
[446.123s][info][gc             ] GC(1164) Pause Young (Allocation Failure) 663M->365M(652M) 1.716ms
[446.123s][info][gc,cpu         ] GC(1164) User=0.00s Sys=0.01s Real=0.01s
[446.973s][info][gc,start       ] GC(1165) Pause Young (Allocation Failure)
[446.974s][info][gc,heap        ] GC(1165) PSYoungGen: 292947K(293376K)->64K(281600K) Eden: 292864K(292864K)->0K(281088K) From: 83K(512K)->64K(512K)
[446.975s][info][gc,heap        ] GC(1165) ParOldGen: 373834K(374272K)->373842K(374272K)
[446.975s][info][gc,metaspace   ] GC(1165) Metaspace: 35468K(36096K)->35468K(36096K) NonClass: 26266K(26752K)->26266K(26752K) Class: 9202K(9344K)->9202K(9344K)
[446.975s][info][gc             ] GC(1165) Pause Young (Allocation Failure) 651M->365M(640M) 1.941ms
[446.975s][info][gc,cpu         ] GC(1165) User=0.00s Sys=0.00s Real=0.00s
[447.330s][info][gc,start       ] GC(1166) Pause Young (Allocation Failure)
[447.332s][info][gc,heap        ] GC(1166) PSYoungGen: 281152K(281600K)->64K(281088K) Eden: 281088K(281088K)->0K(269824K) From: 64K(512K)->64K(11264K)
[447.332s][info][gc,heap        ] GC(1166) ParOldGen: 373842K(374272K)->373850K(374272K)
[447.332s][info][gc,metaspace   ] GC(1166) Metaspace: 35468K(36096K)->35468K(36096K) NonClass: 26266K(26752K)->26266K(26752K) Class: 9202K(9344K)->9202K(9344K)
[447.332s][info][gc             ] GC(1166) Pause Young (Allocation Failure) 639M->365M(640M) 1.300ms
[447.332s][info][gc,cpu         ] GC(1166) User=0.00s Sys=0.00s Real=0.00s
[448.428s][info][gc,start       ] GC(1167) Pause Young (Allocation Failure)
[448.430s][info][gc,heap        ] GC(1167) PSYoungGen: 269888K(281088K)->64K(259584K) Eden: 269824K(269824K)->0K(259072K) From: 64K(11264K)->64K(512K)
[448.430s][info][gc,heap        ] GC(1167) ParOldGen: 373850K(374272K)->373858K(374272K)
[448.430s][info][gc,metaspace   ] GC(1167) Metaspace: 35468K(36096K)->35468K(36096K) NonClass: 26266K(26752K)->26266K(26752K) Class: 9202K(9344K)->9202K(9344K)
[448.430s][info][gc             ] GC(1167) Pause Young (Allocation Failure) 628M->365M(619M) 1.993ms
[448.430s][info][gc,cpu         ] GC(1167) User=0.00s Sys=0.00s Real=0.00s
[448.831s][info][gc,start       ] GC(1168) Pause Young (Allocation Failure)
[448.833s][info][gc,heap        ] GC(1168) PSYoungGen: 259136K(259584K)->64K(259072K) Eden: 259072K(259072K)->0K(248832K) From: 64K(512K)->64K(10240K)
[448.833s][info][gc,heap        ] GC(1168) ParOldGen: 373858K(374272K)->373874K(374272K)
[448.833s][info][gc,metaspace   ] GC(1168) Metaspace: 35468K(36096K)->35468K(36096K) NonClass: 26266K(26752K)->26266K(26752K) Class: 9202K(9344K)->9202K(9344K)
[448.833s][info][gc             ] GC(1168) Pause Young (Allocation Failure) 618M->365M(618M) 1.376ms
[448.833s][info][gc,cpu         ] GC(1168) User=0.00s Sys=0.00s Real=0.01s
[449.017s][info][gc,start       ] GC(1169) Pause Young (Allocation Failure)
[449.019s][info][gc,heap        ] GC(1169) PSYoungGen: 248896K(259072K)->64K(239616K) Eden: 248832K(248832K)->0K(239104K) From: 64K(10240K)->64K(512K)
[449.019s][info][gc,heap        ] GC(1169) ParOldGen: 373874K(374272K)->373882K(374272K)
[449.019s][info][gc,metaspace   ] GC(1169) Metaspace: 35468K(36096K)->35468K(36096K) NonClass: 26266K(26752K)->26266K(26752K) Class: 9202K(9344K)->9202K(9344K)
[449.019s][info][gc             ] GC(1169) Pause Young (Allocation Failure) 608M->365M(599M) 1.806ms
[449.019s][info][gc,cpu         ] GC(1169) User=0.01s Sys=0.00s Real=0.00s
[449.113s][info][gc,start       ] GC(1170) Pause Young (Allocation Failure)
[449.114s][info][gc,heap        ] GC(1170) PSYoungGen: 239168K(239616K)->64K(238592K) Eden: 239104K(239104K)->0K(229888K) From: 64K(512K)->64K(8704K)
[449.114s][info][gc,heap        ] GC(1170) ParOldGen: 373882K(374272K)->373890K(374272K)
[449.114s][info][gc,metaspace   ] GC(1170) Metaspace: 35468K(36096K)->35468K(36096K) NonClass: 26266K(26752K)->26266K(26752K) Class: 9202K(9344K)->9202K(9344K)
[449.114s][info][gc             ] GC(1170) Pause Young (Allocation Failure) 598M->365M(598M) 1.390ms
[449.114s][info][gc,cpu         ] GC(1170) User=0.00s Sys=0.00s Real=0.00s
[449.693s][info][gc,start       ] GC(1171) Pause Young (Allocation Failure)
[449.696s][info][gc,heap        ] GC(1171) PSYoungGen: 229952K(238592K)->64K(221696K) Eden: 229888K(229888K)->0K(221184K) From: 64K(8704K)->64K(512K)
[449.696s][info][gc,heap        ] GC(1171) ParOldGen: 373890K(374272K)->373898K(374272K)
[449.696s][info][gc,metaspace   ] GC(1171) Metaspace: 35468K(36096K)->35468K(36096K) NonClass: 26266K(26752K)->26266K(26752K) Class: 9202K(9344K)->9202K(9344K)
[449.696s][info][gc             ] GC(1171) Pause Young (Allocation Failure) 589M->365M(582M) 2.254ms
[449.696s][info][gc,cpu         ] GC(1171) User=0.00s Sys=0.00s Real=0.00s
[449.885s][info][gc,start       ] GC(1172) Pause Young (Allocation Failure)
[449.886s][info][gc,heap        ] GC(1172) PSYoungGen: 221248K(221696K)->64K(220672K) Eden: 221184K(221184K)->0K(212992K) From: 64K(512K)->64K(7680K)
[449.886s][info][gc,heap        ] GC(1172) ParOldGen: 373898K(374272K)->373906K(374272K)
[449.886s][info][gc,metaspace   ] GC(1172) Metaspace: 35468K(36096K)->35468K(36096K) NonClass: 26266K(26752K)->26266K(26752K) Class: 9202K(9344K)->9202K(9344K)
[449.886s][info][gc             ] GC(1172) Pause Young (Allocation Failure) 581M->365M(581M) 1.640ms
[449.886s][info][gc,cpu         ] GC(1172) User=0.00s Sys=0.00s Real=0.00s
[450.184s][info][gc,start       ] GC(1173) Pause Young (Allocation Failure)
[450.214s][info][gc,heap        ] GC(1173) PSYoungGen: 213056K(220672K)->7168K(262656K) Eden: 212992K(212992K)->0K(255488K) From: 64K(7680K)->7168K(7168K)
[450.214s][info][gc,heap        ] GC(1173) ParOldGen: 373906K(374272K)->381986K(382464K)
[450.214s][info][gc,metaspace   ] GC(1173) Metaspace: 35468K(36096K)->35468K(36096K) NonClass: 26266K(26752K)->26266K(26752K) Class: 9202K(9344K)->9202K(9344K)
[450.214s][info][gc             ] GC(1173) Pause Young (Allocation Failure) 573M->380M(630M) 29.687ms
[450.214s][info][gc,cpu         ] GC(1173) User=0.05s Sys=0.00s Real=0.03s
[450.527s][info][gc,start       ] GC(1174) Pause Young (Allocation Failure)
[450.585s][info][gc,heap        ] GC(1174) PSYoungGen: 262656K(262656K)->11776K(269824K) Eden: 255488K(255488K)->0K(258048K) From: 7168K(7168K)->11776K(11776K)
[450.585s][info][gc,heap        ] GC(1174) ParOldGen: 381986K(382464K)->399338K(399360K)
[450.585s][info][gc,metaspace   ] GC(1174) Metaspace: 35468K(36096K)->35468K(36096K) NonClass: 26266K(26752K)->26266K(26752K) Class: 9202K(9344K)->9202K(9344K)
[450.585s][info][gc             ] GC(1174) Pause Young (Allocation Failure) 629M->401M(653M) 57.521ms
[450.585s][info][gc,cpu         ] GC(1174) User=0.10s Sys=0.02s Real=0.06s
[450.806s][info][gc,start       ] GC(1175) Pause Young (Allocation Failure)
[450.848s][info][gc,heap        ] GC(1175) PSYoungGen: 269824K(269824K)->18496K(306688K) Eden: 258048K(258048K)->0K(285696K) From: 11776K(11776K)->18496K(20992K)
[450.848s][info][gc,heap        ] GC(1175) ParOldGen: 399338K(399360K)->399802K(399872K)
[450.848s][info][gc,metaspace   ] GC(1175) Metaspace: 35468K(36096K)->35468K(36096K) NonClass: 26266K(26752K)->26266K(26752K) Class: 9202K(9344K)->9202K(9344K)
[450.848s][info][gc             ] GC(1175) Pause Young (Allocation Failure) 653M->408M(690M) 41.825ms
[450.848s][info][gc,cpu         ] GC(1175) User=0.07s Sys=0.01s Real=0.04s
[451.142s][info][gc,start       ] GC(1176) Pause Young (Allocation Failure)
[451.144s][info][gc,heap        ] GC(1176) PSYoungGen: 304192K(306688K)->64K(309760K) Eden: 285696K(285696K)->0K(285696K) From: 18496K(20992K)->64K(24064K)
[451.144s][info][gc,heap        ] GC(1176) ParOldGen: 399802K(399872K)->399810K(399872K)
[451.144s][info][gc,metaspace   ] GC(1176) Metaspace: 35468K(36096K)->35468K(36096K) NonClass: 26266K(26752K)->26266K(26752K) Class: 9202K(9344K)->9202K(9344K)
[451.144s][info][gc             ] GC(1176) Pause Young (Allocation Failure) 687M->390M(693M) 1.448ms
[451.144s][info][gc,cpu         ] GC(1176) User=0.00s Sys=0.00s Real=0.00s
[451.776s][info][gc,start       ] GC(1177) Pause Young (Allocation Failure)
[451.778s][info][gc,heap        ] GC(1177) PSYoungGen: 285760K(309760K)->64K(307200K) Eden: 285696K(285696K)->0K(286208K) From: 64K(24064K)->64K(20992K)
[451.778s][info][gc,heap        ] GC(1177) ParOldGen: 399810K(399872K)->399818K(399872K)
[451.778s][info][gc,metaspace   ] GC(1177) Metaspace: 35468K(36096K)->35468K(36096K) NonClass: 26266K(26752K)->26266K(26752K) Class: 9202K(9344K)->9202K(9344K)
[451.778s][info][gc             ] GC(1177) Pause Young (Allocation Failure) 669M->390M(690M) 1.527ms
[451.778s][info][gc,cpu         ] GC(1177) User=0.00s Sys=0.00s Real=0.00s
[452.255s][info][gc,start       ] GC(1178) Pause Young (Allocation Failure)
[452.256s][info][gc,heap        ] GC(1178) PSYoungGen: 286272K(307200K)->64K(308736K) Eden: 286208K(286208K)->0K(286208K) From: 64K(20992K)->64K(22528K)
[452.256s][info][gc,heap        ] GC(1178) ParOldGen: 399818K(399872K)->399834K(399872K)
[452.256s][info][gc,metaspace   ] GC(1178) Metaspace: 35468K(36096K)->35468K(36096K) NonClass: 26266K(26752K)->26266K(26752K) Class: 9202K(9344K)->9202K(9344K)
[452.256s][info][gc             ] GC(1178) Pause Young (Allocation Failure) 670M->390M(692M) 1.475ms
[452.256s][info][gc,cpu         ] GC(1178) User=0.00s Sys=0.00s Real=0.00s
[452.491s][info][gc,start       ] GC(1179) Pause Young (Allocation Failure)
[452.492s][info][gc,heap        ] GC(1179) PSYoungGen: 286272K(308736K)->64K(308736K) Eden: 286208K(286208K)->0K(289280K) From: 64K(22528K)->64K(19456K)
[452.492s][info][gc,heap        ] GC(1179) ParOldGen: 399834K(399872K)->399850K(399872K)
[452.492s][info][gc,metaspace   ] GC(1179) Metaspace: 35468K(36096K)->35468K(36096K) NonClass: 26266K(26752K)->26266K(26752K) Class: 9202K(9344K)->9202K(9344K)
[452.492s][info][gc             ] GC(1179) Pause Young (Allocation Failure) 670M->390M(692M) 1.275ms
[452.492s][info][gc,cpu         ] GC(1179) User=0.00s Sys=0.00s Real=0.01s
[452.733s][info][gc,start       ] GC(1180) Pause Young (Allocation Failure)
[452.734s][info][gc,heap        ] GC(1180) PSYoungGen: 289344K(308736K)->64K(310272K) Eden: 289280K(289280K)->0K(289280K) From: 64K(19456K)->64K(20992K)
[452.734s][info][gc,heap        ] GC(1180) ParOldGen: 399850K(399872K)->399850K(399872K)
[452.734s][info][gc,metaspace   ] GC(1180) Metaspace: 35468K(36096K)->35468K(36096K) NonClass: 26266K(26752K)->26266K(26752K) Class: 9202K(9344K)->9202K(9344K)
[452.734s][info][gc             ] GC(1180) Pause Young (Allocation Failure) 673M->390M(693M) 1.336ms
[452.734s][info][gc,cpu         ] GC(1180) User=0.01s Sys=0.00s Real=0.00s
[453.054s][info][gc,start       ] GC(1181) Pause Young (Allocation Failure)
[453.055s][info][gc,heap        ] GC(1181) PSYoungGen: 289344K(310272K)->64K(310272K) Eden: 289280K(289280K)->0K(292864K) From: 64K(20992K)->64K(17408K)
[453.056s][info][gc,heap        ] GC(1181) ParOldGen: 399850K(399872K)->399850K(399872K)
[453.056s][info][gc,metaspace   ] GC(1181) Metaspace: 35468K(36096K)->35468K(36096K) NonClass: 26266K(26752K)->26266K(26752K) Class: 9202K(9344K)->9202K(9344K)
[453.056s][info][gc             ] GC(1181) Pause Young (Allocation Failure) 673M->390M(693M) 1.294ms
[453.056s][info][gc,cpu         ] GC(1181) User=0.01s Sys=0.00s Real=0.00s
[453.107s][info][gc,start       ] GC(1182) Pause Young (Allocation Failure)
[453.109s][info][gc,heap        ] GC(1182) PSYoungGen: 292928K(310272K)->64K(311808K) Eden: 292864K(292864K)->0K(292864K) From: 64K(17408K)->64K(18944K)
[453.109s][info][gc,heap        ] GC(1182) ParOldGen: 399850K(399872K)->399866K(399872K)
[453.109s][info][gc,metaspace   ] GC(1182) Metaspace: 35468K(36096K)->35468K(36096K) NonClass: 26266K(26752K)->26266K(26752K) Class: 9202K(9344K)->9202K(9344K)
[453.109s][info][gc             ] GC(1182) Pause Young (Allocation Failure) 676M->390M(695M) 1.230ms
[453.109s][info][gc,cpu         ] GC(1182) User=0.00s Sys=0.00s Real=0.00s
[453.172s][info][gc,start       ] GC(1183) Pause Young (Allocation Failure)
[453.173s][info][gc,heap        ] GC(1183) PSYoungGen: 292928K(311808K)->64K(312320K) Eden: 292864K(292864K)->0K(296960K) From: 64K(18944K)->64K(15360K)
[453.173s][info][gc,heap        ] GC(1183) ParOldGen: 399866K(399872K)->399866K(399872K)
[453.173s][info][gc,metaspace   ] GC(1183) Metaspace: 35468K(36096K)->35468K(36096K) NonClass: 26266K(26752K)->26266K(26752K) Class: 9202K(9344K)->9202K(9344K)
[453.173s][info][gc             ] GC(1183) Pause Young (Allocation Failure) 676M->390M(695M) 1.132ms
[453.173s][info][gc,cpu         ] GC(1183) User=0.00s Sys=0.00s Real=0.00s
[453.469s][info][gc,start       ] GC(1184) Pause Young (Allocation Failure)
[453.470s][info][gc,heap        ] GC(1184) PSYoungGen: 297024K(312320K)->64K(313856K) Eden: 296960K(296960K)->0K(296960K) From: 64K(15360K)->64K(16896K)
[453.470s][info][gc,heap        ] GC(1184) ParOldGen: 399866K(399872K)->399882K(400384K)
[453.470s][info][gc,metaspace   ] GC(1184) Metaspace: 35468K(36096K)->35468K(36096K) NonClass: 26266K(26752K)->26266K(26752K) Class: 9202K(9344K)->9202K(9344K)
[453.470s][info][gc             ] GC(1184) Pause Young (Allocation Failure) 680M->390M(697M) 1.533ms
[453.470s][info][gc,cpu         ] GC(1184) User=0.00s Sys=0.00s Real=0.00s
[453.705s][info][gc,start       ] GC(1185) Pause Young (Allocation Failure)
[453.706s][info][gc,heap        ] GC(1185) PSYoungGen: 297024K(313856K)->64K(315392K) Eden: 296960K(296960K)->0K(301056K) From: 64K(16896K)->64K(14336K)
[453.706s][info][gc,heap        ] GC(1185) ParOldGen: 399882K(400384K)->399882K(400384K)
[453.706s][info][gc,metaspace   ] GC(1185) Metaspace: 35468K(36096K)->35468K(36096K) NonClass: 26266K(26752K)->26266K(26752K) Class: 9202K(9344K)->9202K(9344K)
[453.706s][info][gc             ] GC(1185) Pause Young (Allocation Failure) 680M->390M(699M) 1.540ms
[453.706s][info][gc,cpu         ] GC(1185) User=0.00s Sys=0.00s Real=0.00s
[453.793s][info][gc,start       ] GC(1186) Pause Young (Allocation Failure)
[453.794s][info][gc,heap        ] GC(1186) PSYoungGen: 301120K(315392K)->64K(316416K) Eden: 301056K(301056K)->0K(301056K) From: 64K(14336K)->64K(15360K)
[453.794s][info][gc,heap        ] GC(1186) ParOldGen: 399882K(400384K)->399898K(400384K)
[453.794s][info][gc,metaspace   ] GC(1186) Metaspace: 35468K(36096K)->35468K(36096K) NonClass: 26266K(26752K)->26266K(26752K) Class: 9202K(9344K)->9202K(9344K)
[453.794s][info][gc             ] GC(1186) Pause Young (Allocation Failure) 684M->390M(700M) 1.510ms
[453.794s][info][gc,cpu         ] GC(1186) User=0.00s Sys=0.00s Real=0.00s
[453.955s][info][gc,start       ] GC(1187) Pause Young (Allocation Failure)
[453.957s][info][gc,heap        ] GC(1187) PSYoungGen: 301120K(316416K)->64K(316416K) Eden: 301056K(301056K)->0K(304128K) From: 64K(15360K)->64K(12288K)
[453.957s][info][gc,heap        ] GC(1187) ParOldGen: 399898K(400384K)->399898K(400384K)
[453.957s][info][gc,metaspace   ] GC(1187) Metaspace: 35468K(36096K)->35468K(36096K) NonClass: 26266K(26752K)->26266K(26752K) Class: 9202K(9344K)->9202K(9344K)
[453.957s][info][gc             ] GC(1187) Pause Young (Allocation Failure) 684M->390M(700M) 1.537ms
[453.957s][info][gc,cpu         ] GC(1187) User=0.00s Sys=0.00s Real=0.00s
[454.910s][info][gc,start       ] GC(1188) Pause Young (Allocation Failure)
[454.912s][info][gc,heap        ] GC(1188) PSYoungGen: 304192K(316416K)->64K(292352K) Eden: 304128K(304128K)->0K(291840K) From: 64K(12288K)->64K(512K)
[454.912s][info][gc,heap        ] GC(1188) ParOldGen: 399898K(400384K)->399906K(400384K)
[454.912s][info][gc,metaspace   ] GC(1188) Metaspace: 35468K(36096K)->35468K(36096K) NonClass: 26266K(26752K)->26266K(26752K) Class: 9202K(9344K)->9202K(9344K)
[454.912s][info][gc             ] GC(1188) Pause Young (Allocation Failure) 687M->390M(676M) 2.212ms
[454.912s][info][gc,cpu         ] GC(1188) User=0.00s Sys=0.00s Real=0.01s
[455.748s][info][gc,start       ] GC(1189) Pause Young (Allocation Failure)
[455.750s][info][gc,heap        ] GC(1189) PSYoungGen: 291904K(292352K)->64K(280576K) Eden: 291840K(291840K)->0K(280064K) From: 64K(512K)->64K(512K)
[455.750s][info][gc,heap        ] GC(1189) ParOldGen: 399906K(400384K)->399914K(400384K)
[455.750s][info][gc,metaspace   ] GC(1189) Metaspace: 35468K(36096K)->35468K(36096K) NonClass: 26266K(26752K)->26266K(26752K) Class: 9202K(9344K)->9202K(9344K)
[455.750s][info][gc             ] GC(1189) Pause Young (Allocation Failure) 675M->390M(665M) 1.953ms
[455.750s][info][gc,cpu         ] GC(1189) User=0.00s Sys=0.00s Real=0.00s
[455.998s][info][gc,start       ] GC(1190) Pause Young (Allocation Failure)
[455.999s][info][gc,heap        ] GC(1190) PSYoungGen: 280128K(280576K)->64K(280576K) Eden: 280064K(280064K)->0K(268800K) From: 64K(512K)->64K(11776K)
[455.999s][info][gc,heap        ] GC(1190) ParOldGen: 399914K(400384K)->399922K(400384K)
[455.999s][info][gc,metaspace   ] GC(1190) Metaspace: 35468K(36096K)->35468K(36096K) NonClass: 26266K(26752K)->26266K(26752K) Class: 9202K(9344K)->9202K(9344K)
[455.999s][info][gc             ] GC(1190) Pause Young (Allocation Failure) 664M->390M(665M) 1.482ms
[455.999s][info][gc,cpu         ] GC(1190) User=0.00s Sys=0.00s Real=0.00s
[456.457s][info][gc,start       ] GC(1191) Pause Young (Allocation Failure)
[456.460s][info][gc,heap        ] GC(1191) PSYoungGen: 268864K(280576K)->64K(258560K) Eden: 268800K(268800K)->0K(258048K) From: 64K(11776K)->64K(512K)
[456.460s][info][gc,heap        ] GC(1191) ParOldGen: 399922K(400384K)->399938K(400384K)
[456.460s][info][gc,metaspace   ] GC(1191) Metaspace: 35468K(36096K)->35468K(36096K) NonClass: 26266K(26752K)->26266K(26752K) Class: 9202K(9344K)->9202K(9344K)
[456.460s][info][gc             ] GC(1191) Pause Young (Allocation Failure) 653M->390M(643M) 3.022ms
[456.460s][info][gc,cpu         ] GC(1191) User=0.00s Sys=0.00s Real=0.00s
[457.435s][info][gc,start       ] GC(1192) Pause Young (Allocation Failure)
[457.438s][info][gc,heap        ] GC(1192) PSYoungGen: 258112K(258560K)->64K(258048K) Eden: 258048K(258048K)->0K(247808K) From: 64K(512K)->64K(10240K)
[457.438s][info][gc,heap        ] GC(1192) ParOldGen: 399938K(400384K)->399954K(400384K)
[457.438s][info][gc,metaspace   ] GC(1192) Metaspace: 35468K(36096K)->35468K(36096K) NonClass: 26266K(26752K)->26266K(26752K) Class: 9202K(9344K)->9202K(9344K)
[457.438s][info][gc             ] GC(1192) Pause Young (Allocation Failure) 642M->390M(643M) 2.680ms
[457.438s][info][gc,cpu         ] GC(1192) User=0.01s Sys=0.00s Real=0.00s
[457.807s][info][gc,start       ] GC(1193) Pause Young (Allocation Failure)
[457.811s][info][gc,heap        ] GC(1193) PSYoungGen: 247872K(258048K)->64K(238592K) Eden: 247808K(247808K)->0K(238080K) From: 64K(10240K)->64K(512K)
[457.811s][info][gc,heap        ] GC(1193) ParOldGen: 399954K(400384K)->399962K(400384K)
[457.811s][info][gc,metaspace   ] GC(1193) Metaspace: 35468K(36096K)->35468K(36096K) NonClass: 26266K(26752K)->26266K(26752K) Class: 9202K(9344K)->9202K(9344K)
[457.811s][info][gc             ] GC(1193) Pause Young (Allocation Failure) 632M->390M(624M) 3.672ms
[457.811s][info][gc,cpu         ] GC(1193) User=0.01s Sys=0.00s Real=0.00s
[457.893s][info][gc,start       ] GC(1194) Pause Young (Allocation Failure)
[457.895s][info][gc,heap        ] GC(1194) PSYoungGen: 238144K(238592K)->64K(279040K) Eden: 238080K(238080K)->0K(270336K) From: 64K(512K)->64K(8704K)
[457.895s][info][gc,heap        ] GC(1194) ParOldGen: 399962K(400384K)->399970K(400384K)
[457.895s][info][gc,metaspace   ] GC(1194) Metaspace: 35468K(36096K)->35468K(36096K) NonClass: 26266K(26752K)->26266K(26752K) Class: 9202K(9344K)->9202K(9344K)
[457.895s][info][gc             ] GC(1194) Pause Young (Allocation Failure) 623M->390M(663M) 2.719ms
[457.895s][info][gc,cpu         ] GC(1194) User=0.00s Sys=0.00s Real=0.00s
[458.448s][info][gc,start       ] GC(1195) Pause Young (Allocation Failure)
[458.450s][info][gc,heap        ] GC(1195) PSYoungGen: 270400K(279040K)->64K(292352K) Eden: 270336K(270336K)->0K(284160K) From: 64K(8704K)->64K(8192K)
[458.450s][info][gc,heap        ] GC(1195) ParOldGen: 399970K(400384K)->399978K(400384K)
[458.450s][info][gc,metaspace   ] GC(1195) Metaspace: 35468K(36096K)->35468K(36096K) NonClass: 26266K(26752K)->26266K(26752K) Class: 9202K(9344K)->9202K(9344K)
[458.450s][info][gc             ] GC(1195) Pause Young (Allocation Failure) 654M->390M(676M) 2.878ms
[458.450s][info][gc,cpu         ] GC(1195) User=0.00s Sys=0.00s Real=0.00s
[458.820s][info][gc,start       ] GC(1196) Pause Young (Allocation Failure)
[458.823s][info][gc,heap        ] GC(1196) PSYoungGen: 284224K(292352K)->64K(273408K) Eden: 284160K(284160K)->0K(272896K) From: 64K(8192K)->64K(512K)
[458.823s][info][gc,heap        ] GC(1196) ParOldGen: 399978K(400384K)->399986K(400384K)
[458.823s][info][gc,metaspace   ] GC(1196) Metaspace: 35468K(36096K)->35468K(36096K) NonClass: 26266K(26752K)->26266K(26752K) Class: 9202K(9344K)->9202K(9344K)
[458.823s][info][gc             ] GC(1196) Pause Young (Allocation Failure) 668M->390M(658M) 2.670ms
[458.823s][info][gc,cpu         ] GC(1196) User=0.00s Sys=0.00s Real=0.01s
[459.186s][info][gc,start       ] GC(1197) Pause Young (Allocation Failure)
[459.244s][info][gc,heap        ] GC(1197) PSYoungGen: 272960K(273408K)->7168K(276480K) Eden: 272896K(272896K)->0K(269312K) From: 64K(512K)->7168K(7168K)
[459.244s][info][gc,heap        ] GC(1197) ParOldGen: 399986K(400384K)->418306K(418816K)
[459.244s][info][gc,metaspace   ] GC(1197) Metaspace: 35468K(36096K)->35468K(36096K) NonClass: 26266K(26752K)->26266K(26752K) Class: 9202K(9344K)->9202K(9344K)
[459.244s][info][gc             ] GC(1197) Pause Young (Allocation Failure) 657M->415M(679M) 58.379ms
[459.244s][info][gc,cpu         ] GC(1197) User=0.09s Sys=0.02s Real=0.06s
[459.570s][info][gc,start       ] GC(1198) Pause Young (Allocation Failure)
[459.630s][info][gc,heap        ] GC(1198) PSYoungGen: 276480K(276480K)->15872K(285184K) Eden: 269312K(269312K)->0K(269312K) From: 7168K(7168K)->15872K(15872K)
[459.630s][info][gc,heap        ] GC(1198) ParOldGen: 418306K(418816K)->433394K(433664K)
[459.630s][info][gc,metaspace   ] GC(1198) Metaspace: 35468K(36096K)->35468K(36096K) NonClass: 26266K(26752K)->26266K(26752K) Class: 9202K(9344K)->9202K(9344K)
[459.630s][info][gc             ] GC(1198) Pause Young (Allocation Failure) 678M->438M(702M) 60.602ms
[459.630s][info][gc,cpu         ] GC(1198) User=0.10s Sys=0.01s Real=0.06s
[459.759s][info][gc,start       ] GC(1199) Pause Young (Allocation Failure)
[459.778s][info][gc,heap        ] GC(1199) PSYoungGen: 285184K(285184K)->6688K(310784K) Eden: 269312K(269312K)->0K(286208K) From: 15872K(15872K)->6688K(24576K)
[459.778s][info][gc,heap        ] GC(1199) ParOldGen: 433394K(433664K)->433794K(434176K)
[459.778s][info][gc,metaspace   ] GC(1199) Metaspace: 35468K(36096K)->35468K(36096K) NonClass: 26266K(26752K)->26266K(26752K) Class: 9202K(9344K)->9202K(9344K)
[459.778s][info][gc             ] GC(1199) Pause Young (Allocation Failure) 701M->430M(727M) 18.749ms
[459.778s][info][gc,cpu         ] GC(1199) User=0.03s Sys=0.01s Real=0.02s
[460.355s][info][gc,start       ] GC(1200) Pause Young (Allocation Failure)
[460.357s][info][gc,heap        ] GC(1200) PSYoungGen: 292896K(310784K)->64K(286720K) Eden: 286208K(286208K)->0K(286208K) From: 6688K(24576K)->64K(512K)
[460.357s][info][gc,heap        ] GC(1200) ParOldGen: 433794K(434176K)->433802K(434176K)
[460.357s][info][gc,metaspace   ] GC(1200) Metaspace: 35468K(36096K)->35468K(36096K) NonClass: 26266K(26752K)->26266K(26752K) Class: 9202K(9344K)->9202K(9344K)
[460.357s][info][gc             ] GC(1200) Pause Young (Allocation Failure) 709M->423M(704M) 1.770ms
[460.357s][info][gc,cpu         ] GC(1200) User=0.00s Sys=0.00s Real=0.00s
[460.896s][info][gc,start       ] GC(1201) Pause Young (Allocation Failure)
[460.899s][info][gc,heap        ] GC(1201) PSYoungGen: 286272K(286720K)->128K(309760K) Eden: 286208K(286208K)->0K(287232K) From: 64K(512K)->128K(22528K)
[460.899s][info][gc,heap        ] GC(1201) ParOldGen: 433802K(434176K)->433810K(434176K)
[460.899s][info][gc,metaspace   ] GC(1201) Metaspace: 35569K(36224K)->35569K(36224K) NonClass: 26364K(26880K)->26364K(26880K) Class: 9204K(9344K)->9204K(9344K)
[460.899s][info][gc             ] GC(1201) Pause Young (Allocation Failure) 703M->423M(726M) 2.273ms
[460.899s][info][gc,cpu         ] GC(1201) User=0.00s Sys=0.00s Real=0.00s
[461.360s][info][gc,start       ] GC(1202) Pause Young (Allocation Failure)
[461.362s][info][gc,heap        ] GC(1202) PSYoungGen: 287360K(309760K)->64K(308736K) Eden: 287232K(287232K)->0K(287232K) From: 128K(22528K)->64K(21504K)
[461.362s][info][gc,heap        ] GC(1202) ParOldGen: 433810K(434176K)->433898K(434176K)
[461.362s][info][gc,metaspace   ] GC(1202) Metaspace: 35569K(36224K)->35569K(36224K) NonClass: 26364K(26880K)->26364K(26880K) Class: 9204K(9344K)->9204K(9344K)
[461.362s][info][gc             ] GC(1202) Pause Young (Allocation Failure) 704M->423M(725M) 1.820ms
[461.362s][info][gc,cpu         ] GC(1202) User=0.01s Sys=0.00s Real=0.01s
[461.604s][info][gc,start       ] GC(1203) Pause Young (Allocation Failure)
[461.605s][info][gc,heap        ] GC(1203) PSYoungGen: 287296K(308736K)->64K(311296K) Eden: 287232K(287232K)->0K(290816K) From: 64K(21504K)->64K(20480K)
[461.605s][info][gc,heap        ] GC(1203) ParOldGen: 433898K(434176K)->433914K(434176K)
[461.605s][info][gc,metaspace   ] GC(1203) Metaspace: 35569K(36224K)->35569K(36224K) NonClass: 26364K(26880K)->26364K(26880K) Class: 9204K(9344K)->9204K(9344K)
[461.605s][info][gc             ] GC(1203) Pause Young (Allocation Failure) 704M->423M(728M) 1.661ms
[461.605s][info][gc,cpu         ] GC(1203) User=0.00s Sys=0.00s Real=0.00s
[461.965s][info][gc,start       ] GC(1204) Pause Young (Allocation Failure)
[461.967s][info][gc,heap        ] GC(1204) PSYoungGen: 290880K(311296K)->64K(310784K) Eden: 290816K(290816K)->0K(290816K) From: 64K(20480K)->64K(19968K)
[461.967s][info][gc,heap        ] GC(1204) ParOldGen: 433914K(434176K)->433914K(434176K)
[461.967s][info][gc,metaspace   ] GC(1204) Metaspace: 35569K(36224K)->35569K(36224K) NonClass: 26364K(26880K)->26364K(26880K) Class: 9204K(9344K)->9204K(9344K)
[461.967s][info][gc             ] GC(1204) Pause Young (Allocation Failure) 707M->423M(727M) 1.622ms
[461.967s][info][gc,cpu         ] GC(1204) User=0.00s Sys=0.00s Real=0.00s
[462.109s][info][gc,start       ] GC(1205) Pause Young (Allocation Failure)
[462.111s][info][gc,heap        ] GC(1205) PSYoungGen: 290880K(310784K)->64K(312832K) Eden: 290816K(290816K)->0K(293888K) From: 64K(19968K)->64K(18944K)
[462.111s][info][gc,heap        ] GC(1205) ParOldGen: 433914K(434176K)->433922K(434176K)
[462.111s][info][gc,metaspace   ] GC(1205) Metaspace: 35569K(36224K)->35569K(36224K) NonClass: 26364K(26880K)->26364K(26880K) Class: 9204K(9344K)->9204K(9344K)
[462.111s][info][gc             ] GC(1205) Pause Young (Allocation Failure) 707M->423M(729M) 1.637ms
[462.111s][info][gc,cpu         ] GC(1205) User=0.00s Sys=0.00s Real=0.00s
[462.164s][info][gc,start       ] GC(1206) Pause Young (Allocation Failure)
[462.165s][info][gc,heap        ] GC(1206) PSYoungGen: 293952K(312832K)->64K(312320K) Eden: 293888K(293888K)->0K(293888K) From: 64K(18944K)->64K(18432K)
[462.165s][info][gc,heap        ] GC(1206) ParOldGen: 433922K(434176K)->433938K(434176K)
[462.165s][info][gc,metaspace   ] GC(1206) Metaspace: 35569K(36224K)->35569K(36224K) NonClass: 26364K(26880K)->26364K(26880K) Class: 9204K(9344K)->9204K(9344K)
[462.165s][info][gc             ] GC(1206) Pause Young (Allocation Failure) 710M->423M(729M) 1.618ms
[462.165s][info][gc,cpu         ] GC(1206) User=0.00s Sys=0.00s Real=0.00s
[462.317s][info][gc,start       ] GC(1207) Pause Young (Allocation Failure)
[462.319s][info][gc,heap        ] GC(1207) PSYoungGen: 293952K(312320K)->64K(314368K) Eden: 293888K(293888K)->0K(297472K) From: 64K(18432K)->64K(16896K)
[462.319s][info][gc,heap        ] GC(1207) ParOldGen: 433938K(434176K)->433938K(434176K)
[462.319s][info][gc,metaspace   ] GC(1207) Metaspace: 35569K(36224K)->35569K(36224K) NonClass: 26364K(26880K)->26364K(26880K) Class: 9204K(9344K)->9204K(9344K)
[462.319s][info][gc             ] GC(1207) Pause Young (Allocation Failure) 710M->423M(731M) 1.618ms
[462.319s][info][gc,cpu         ] GC(1207) User=0.00s Sys=0.00s Real=0.00s
[462.610s][info][gc,start       ] GC(1208) Pause Young (Allocation Failure)
[462.611s][info][gc,heap        ] GC(1208) PSYoungGen: 297536K(314368K)->64K(313856K) Eden: 297472K(297472K)->0K(297472K) From: 64K(16896K)->64K(16384K)
[462.611s][info][gc,heap        ] GC(1208) ParOldGen: 433938K(434176K)->433946K(434176K)
[462.611s][info][gc,metaspace   ] GC(1208) Metaspace: 35569K(36224K)->35569K(36224K) NonClass: 26364K(26880K)->26364K(26880K) Class: 9204K(9344K)->9204K(9344K)
[462.611s][info][gc             ] GC(1208) Pause Young (Allocation Failure) 714M->423M(730M) 1.575ms
[462.611s][info][gc,cpu         ] GC(1208) User=0.00s Sys=0.00s Real=0.00s
[462.780s][info][gc,start       ] GC(1209) Pause Young (Allocation Failure)
[462.782s][info][gc,heap        ] GC(1209) PSYoungGen: 297536K(313856K)->64K(316416K) Eden: 297472K(297472K)->0K(301568K) From: 64K(16384K)->64K(14848K)
[462.782s][info][gc,heap        ] GC(1209) ParOldGen: 433946K(434176K)->433954K(434176K)
[462.782s][info][gc,metaspace   ] GC(1209) Metaspace: 35579K(36224K)->35579K(36224K) NonClass: 26374K(26880K)->26374K(26880K) Class: 9204K(9344K)->9204K(9344K)
[462.782s][info][gc             ] GC(1209) Pause Young (Allocation Failure) 714M->423M(733M) 1.736ms
[462.782s][info][gc,cpu         ] GC(1209) User=0.00s Sys=0.00s Real=0.00s
[462.876s][info][gc,start       ] GC(1210) Pause Young (Allocation Failure)
[462.877s][info][gc,heap        ] GC(1210) PSYoungGen: 301632K(316416K)->64K(315904K) Eden: 301568K(301568K)->0K(301568K) From: 64K(14848K)->64K(14336K)
[462.877s][info][gc,heap        ] GC(1210) ParOldGen: 433954K(434176K)->433962K(434176K)
[462.877s][info][gc,metaspace   ] GC(1210) Metaspace: 35579K(36224K)->35579K(36224K) NonClass: 26374K(26880K)->26374K(26880K) Class: 9204K(9344K)->9204K(9344K)
[462.877s][info][gc             ] GC(1210) Pause Young (Allocation Failure) 718M->423M(732M) 1.658ms
[462.877s][info][gc,cpu         ] GC(1210) User=0.01s Sys=0.00s Real=0.00s
[463.073s][info][gc,start       ] GC(1211) Pause Young (Allocation Failure)
[463.075s][info][gc,heap        ] GC(1211) PSYoungGen: 301632K(315904K)->64K(318464K) Eden: 301568K(301568K)->0K(305664K) From: 64K(14336K)->64K(12800K)
[463.075s][info][gc,heap        ] GC(1211) ParOldGen: 433962K(434176K)->433970K(434176K)
[463.075s][info][gc,metaspace   ] GC(1211) Metaspace: 35579K(36224K)->35579K(36224K) NonClass: 26374K(26880K)->26374K(26880K) Class: 9204K(9344K)->9204K(9344K)
[463.075s][info][gc             ] GC(1211) Pause Young (Allocation Failure) 718M->423M(735M) 1.691ms
[463.075s][info][gc,cpu         ] GC(1211) User=0.00s Sys=0.00s Real=0.00s
[463.997s][info][gc,start       ] GC(1212) Pause Young (Allocation Failure)
[463.999s][info][gc,heap        ] GC(1212) PSYoungGen: 305728K(318464K)->83K(318464K) Eden: 305664K(305664K)->0K(305664K) From: 64K(12800K)->83K(12800K)
[463.999s][info][gc,heap        ] GC(1212) ParOldGen: 433970K(434176K)->433978K(434176K)
[463.999s][info][gc,metaspace   ] GC(1212) Metaspace: 35579K(36224K)->35579K(36224K) NonClass: 26374K(26880K)->26374K(26880K) Class: 9204K(9344K)->9204K(9344K)
[463.999s][info][gc             ] GC(1212) Pause Young (Allocation Failure) 722M->423M(735M) 1.666ms
[463.999s][info][gc,cpu         ] GC(1212) User=0.00s Sys=0.00s Real=0.00s
[464.917s][info][gc,start       ] GC(1213) Pause Young (Allocation Failure)
[464.919s][info][gc,heap        ] GC(1213) PSYoungGen: 305747K(318464K)->64K(293888K) Eden: 305664K(305664K)->0K(293376K) From: 83K(12800K)->64K(512K)
[464.919s][info][gc,heap        ] GC(1213) ParOldGen: 433978K(434176K)->433986K(434176K)
[464.919s][info][gc,metaspace   ] GC(1213) Metaspace: 35579K(36224K)->35579K(36224K) NonClass: 26374K(26880K)->26374K(26880K) Class: 9204K(9344K)->9204K(9344K)
[464.919s][info][gc             ] GC(1213) Pause Young (Allocation Failure) 722M->423M(711M) 1.580ms
[464.919s][info][gc,cpu         ] GC(1213) User=0.00s Sys=0.00s Real=0.00s
[465.379s][info][gc,start       ] GC(1214) Pause Young (Allocation Failure)
[465.380s][info][gc,heap        ] GC(1214) PSYoungGen: 293440K(293888K)->64K(292864K) Eden: 293376K(293376K)->0K(281600K) From: 64K(512K)->64K(11264K)
[465.380s][info][gc,heap        ] GC(1214) ParOldGen: 433986K(434176K)->433994K(434176K)
[465.380s][info][gc,metaspace   ] GC(1214) Metaspace: 35579K(36224K)->35579K(36224K) NonClass: 26374K(26880K)->26374K(26880K) Class: 9204K(9344K)->9204K(9344K)
[465.380s][info][gc             ] GC(1214) Pause Young (Allocation Failure) 710M->423M(710M) 1.556ms
[465.380s][info][gc,cpu         ] GC(1214) User=0.00s Sys=0.00s Real=0.00s
[466.438s][info][gc,start       ] GC(1215) Pause Young (Allocation Failure)
[466.440s][info][gc,heap        ] GC(1215) PSYoungGen: 281664K(292864K)->64K(270848K) Eden: 281600K(281600K)->0K(270336K) From: 64K(11264K)->64K(512K)
[466.440s][info][gc,heap        ] GC(1215) ParOldGen: 433994K(434176K)->434002K(434176K)
[466.440s][info][gc,metaspace   ] GC(1215) Metaspace: 35579K(36224K)->35579K(36224K) NonClass: 26374K(26880K)->26374K(26880K) Class: 9204K(9344K)->9204K(9344K)
[466.440s][info][gc             ] GC(1215) Pause Young (Allocation Failure) 698M->423M(688M) 1.943ms
[466.440s][info][gc,cpu         ] GC(1215) User=0.01s Sys=0.00s Real=0.00s
[466.858s][info][gc,start       ] GC(1216) Pause Young (Allocation Failure)
[466.859s][info][gc,heap        ] GC(1216) PSYoungGen: 270400K(270848K)->64K(269312K) Eden: 270336K(270336K)->0K(259584K) From: 64K(512K)->64K(9728K)
[466.859s][info][gc,heap        ] GC(1216) ParOldGen: 434002K(434176K)->434010K(434176K)
[466.859s][info][gc,metaspace   ] GC(1216) Metaspace: 35579K(36224K)->35579K(36224K) NonClass: 26374K(26880K)->26374K(26880K) Class: 9204K(9344K)->9204K(9344K)
[466.859s][info][gc             ] GC(1216) Pause Young (Allocation Failure) 687M->423M(687M) 1.587ms
[466.859s][info][gc,cpu         ] GC(1216) User=0.00s Sys=0.00s Real=0.00s
[467.013s][info][gc,start       ] GC(1217) Pause Young (Allocation Failure)
[467.015s][info][gc,heap        ] GC(1217) PSYoungGen: 259648K(269312K)->64K(249856K) Eden: 259584K(259584K)->0K(249344K) From: 64K(9728K)->64K(512K)
[467.015s][info][gc,heap        ] GC(1217) ParOldGen: 434010K(434176K)->434026K(434176K)
[467.015s][info][gc,metaspace   ] GC(1217) Metaspace: 35579K(36224K)->35579K(36224K) NonClass: 26374K(26880K)->26374K(26880K) Class: 9204K(9344K)->9204K(9344K)
[467.015s][info][gc             ] GC(1217) Pause Young (Allocation Failure) 677M->423M(668M) 2.154ms
[467.015s][info][gc,cpu         ] GC(1217) User=0.00s Sys=0.00s Real=0.00s
[467.364s][info][gc,start       ] GC(1218) Pause Young (Allocation Failure)
[467.366s][info][gc,heap        ] GC(1218) PSYoungGen: 249408K(249856K)->64K(248320K) Eden: 249344K(249344K)->0K(239616K) From: 64K(512K)->64K(8704K)
[467.366s][info][gc,heap        ] GC(1218) ParOldGen: 434026K(434176K)->434034K(434176K)
[467.366s][info][gc,metaspace   ] GC(1218) Metaspace: 35579K(36224K)->35579K(36224K) NonClass: 26374K(26880K)->26374K(26880K) Class: 9204K(9344K)->9204K(9344K)
[467.366s][info][gc             ] GC(1218) Pause Young (Allocation Failure) 667M->423M(666M) 2.187ms
[467.366s][info][gc,cpu         ] GC(1218) User=0.00s Sys=0.00s Real=0.00s
[467.718s][info][gc,start       ] GC(1219) Pause Young (Allocation Failure)
[467.721s][info][gc,heap        ] GC(1219) PSYoungGen: 239680K(248320K)->64K(230912K) Eden: 239616K(239616K)->0K(230400K) From: 64K(8704K)->64K(512K)
[467.721s][info][gc,heap        ] GC(1219) ParOldGen: 434034K(434176K)->434042K(434176K)
[467.721s][info][gc,metaspace   ] GC(1219) Metaspace: 35579K(36224K)->35579K(36224K) NonClass: 26374K(26880K)->26374K(26880K) Class: 9204K(9344K)->9204K(9344K)
[467.721s][info][gc             ] GC(1219) Pause Young (Allocation Failure) 657M->423M(649M) 2.715ms
[467.721s][info][gc,cpu         ] GC(1219) User=0.00s Sys=0.00s Real=0.00s
[468.062s][info][gc,start       ] GC(1220) Pause Young (Allocation Failure)
[468.074s][info][gc,heap        ] GC(1220) PSYoungGen: 230464K(230912K)->6048K(280576K) Eden: 230400K(230400K)->0K(274432K) From: 64K(512K)->6048K(6144K)
[468.074s][info][gc,heap        ] GC(1220) ParOldGen: 434042K(434176K)->434050K(434176K)
[468.074s][info][gc,metaspace   ] GC(1220) Metaspace: 35579K(36224K)->35579K(36224K) NonClass: 26374K(26880K)->26374K(26880K) Class: 9204K(9344K)->9204K(9344K)
[468.074s][info][gc             ] GC(1220) Pause Young (Allocation Failure) 648M->429M(698M) 11.873ms
[468.074s][info][gc,cpu         ] GC(1220) User=0.02s Sys=0.00s Real=0.01s
[468.418s][info][gc,start       ] GC(1221) Pause Young (Allocation Failure)
[468.502s][info][gc,heap        ] GC(1221) PSYoungGen: 280480K(280576K)->8704K(275456K) Eden: 274432K(274432K)->0K(266752K) From: 6048K(6144K)->8704K(8704K)
[468.502s][info][gc,heap        ] GC(1221) ParOldGen: 434050K(434176K)->456402K(456704K)
[468.502s][info][gc,metaspace   ] GC(1221) Metaspace: 35579K(36224K)->35579K(36224K) NonClass: 26374K(26880K)->26374K(26880K) Class: 9204K(9344K)->9204K(9344K)
[468.502s][info][gc             ] GC(1221) Pause Young (Allocation Failure) 697M->454M(715M) 83.983ms
[468.502s][info][gc,cpu         ] GC(1221) User=0.11s Sys=0.02s Real=0.08s
[468.796s][info][gc,start       ] GC(1222) Pause Young (Allocation Failure)
[468.846s][info][gc,heap        ] GC(1222) PSYoungGen: 275456K(275456K)->18944K(285696K) Eden: 266752K(266752K)->0K(266752K) From: 8704K(8704K)->18944K(18944K)
[468.846s][info][gc,heap        ] GC(1222) ParOldGen: 456402K(456704K)->463602K(463872K)
[468.846s][info][gc,metaspace   ] GC(1222) Metaspace: 35579K(36224K)->35579K(36224K) NonClass: 26374K(26880K)->26374K(26880K) Class: 9204K(9344K)->9204K(9344K)
[468.846s][info][gc             ] GC(1222) Pause Young (Allocation Failure) 714M->471M(732M) 49.692ms
[468.846s][info][gc,cpu         ] GC(1222) User=0.09s Sys=0.00s Real=0.05s
[468.984s][info][gc,start       ] GC(1223) Pause Young (Allocation Failure)
[468.988s][info][gc,heap        ] GC(1223) PSYoungGen: 285696K(285696K)->64K(308736K) Eden: 266752K(266752K)->0K(283136K) From: 18944K(18944K)->64K(25600K)
[468.988s][info][gc,heap        ] GC(1223) ParOldGen: 463602K(463872K)->463794K(463872K)
[468.988s][info][gc,metaspace   ] GC(1223) Metaspace: 35579K(36224K)->35579K(36224K) NonClass: 26374K(26880K)->26374K(26880K) Class: 9204K(9344K)->9204K(9344K)
[468.988s][info][gc             ] GC(1223) Pause Young (Allocation Failure) 731M->452M(754M) 3.666ms
[468.988s][info][gc,cpu         ] GC(1223) User=0.01s Sys=0.00s Real=0.00s
[469.712s][info][gc,start       ] GC(1224) Pause Young (Allocation Failure)
[469.713s][info][gc,heap        ] GC(1224) PSYoungGen: 283200K(308736K)->64K(283648K) Eden: 283136K(283136K)->0K(283136K) From: 64K(25600K)->64K(512K)
[469.713s][info][gc,heap        ] GC(1224) ParOldGen: 463794K(463872K)->463810K(463872K)
[469.713s][info][gc,metaspace   ] GC(1224) Metaspace: 35579K(36224K)->35579K(36224K) NonClass: 26374K(26880K)->26374K(26880K) Class: 9204K(9344K)->9204K(9344K)
[469.713s][info][gc             ] GC(1224) Pause Young (Allocation Failure) 729M->453M(730M) 1.688ms
[469.713s][info][gc,cpu         ] GC(1224) User=0.00s Sys=0.00s Real=0.01s
[470.067s][info][gc,start       ] GC(1225) Pause Young (Allocation Failure)
[470.069s][info][gc,heap        ] GC(1225) PSYoungGen: 283200K(283648K)->64K(308224K) Eden: 283136K(283136K)->0K(284160K) From: 64K(512K)->64K(24064K)
[470.069s][info][gc,heap        ] GC(1225) ParOldGen: 463810K(463872K)->463810K(463872K)
[470.069s][info][gc,metaspace   ] GC(1225) Metaspace: 35579K(36224K)->35579K(36224K) NonClass: 26374K(26880K)->26374K(26880K) Class: 9204K(9344K)->9204K(9344K)
[470.069s][info][gc             ] GC(1225) Pause Young (Allocation Failure) 729M->453M(754M) 1.654ms
[470.069s][info][gc,cpu         ] GC(1225) User=0.00s Sys=0.00s Real=0.00s
[470.502s][info][gc,start       ] GC(1226) Pause Young (Allocation Failure)
[470.504s][info][gc,heap        ] GC(1226) PSYoungGen: 284224K(308224K)->64K(307200K) Eden: 284160K(284160K)->0K(284160K) From: 64K(24064K)->64K(23040K)
[470.504s][info][gc,heap        ] GC(1226) ParOldGen: 463810K(463872K)->463826K(463872K)
[470.504s][info][gc,metaspace   ] GC(1226) Metaspace: 35579K(36224K)->35579K(36224K) NonClass: 26374K(26880K)->26374K(26880K) Class: 9204K(9344K)->9204K(9344K)
[470.504s][info][gc             ] GC(1226) Pause Young (Allocation Failure) 730M->453M(753M) 1.729ms
[470.504s][info][gc,cpu         ] GC(1226) User=0.00s Sys=0.00s Real=0.00s
[470.745s][info][gc,start       ] GC(1227) Pause Young (Allocation Failure)
[470.746s][info][gc,heap        ] GC(1227) PSYoungGen: 284224K(307200K)->64K(309760K) Eden: 284160K(284160K)->0K(287744K) From: 64K(23040K)->64K(22016K)
[470.746s][info][gc,heap        ] GC(1227) ParOldGen: 463826K(463872K)->463842K(463872K)
[470.746s][info][gc,metaspace   ] GC(1227) Metaspace: 35579K(36224K)->35579K(36224K) NonClass: 26374K(26880K)->26374K(26880K) Class: 9204K(9344K)->9204K(9344K)
[470.746s][info][gc             ] GC(1227) Pause Young (Allocation Failure) 730M->453M(755M) 1.752ms
[470.746s][info][gc,cpu         ] GC(1227) User=0.00s Sys=0.01s Real=0.00s
[471.125s][info][gc,start       ] GC(1228) Pause Young (Allocation Failure)
[471.126s][info][gc,heap        ] GC(1228) PSYoungGen: 287808K(309760K)->64K(308736K) Eden: 287744K(287744K)->0K(287744K) From: 64K(22016K)->64K(20992K)
[471.126s][info][gc,heap        ] GC(1228) ParOldGen: 463842K(463872K)->463842K(463872K)
[471.126s][info][gc,metaspace   ] GC(1228) Metaspace: 35579K(36224K)->35579K(36224K) NonClass: 26374K(26880K)->26374K(26880K) Class: 9204K(9344K)->9204K(9344K)
[471.126s][info][gc             ] GC(1228) Pause Young (Allocation Failure) 734M->453M(754M) 1.689ms
[471.126s][info][gc,cpu         ] GC(1228) User=0.00s Sys=0.00s Real=0.00s
[471.184s][info][gc,start       ] GC(1229) Pause Young (Allocation Failure)
[471.185s][info][gc,heap        ] GC(1229) PSYoungGen: 287808K(308736K)->64K(311808K) Eden: 287744K(287744K)->0K(291840K) From: 64K(20992K)->64K(19968K)
[471.185s][info][gc,heap        ] GC(1229) ParOldGen: 463842K(463872K)->463850K(463872K)
[471.185s][info][gc,metaspace   ] GC(1229) Metaspace: 35579K(36224K)->35579K(36224K) NonClass: 26374K(26880K)->26374K(26880K) Class: 9204K(9344K)->9204K(9344K)
[471.185s][info][gc             ] GC(1229) Pause Young (Allocation Failure) 734M->453M(757M) 1.626ms
[471.185s][info][gc,cpu         ] GC(1229) User=0.00s Sys=0.00s Real=0.00s
[471.237s][info][gc,start       ] GC(1230) Pause Young (Allocation Failure)
[471.239s][info][gc,heap        ] GC(1230) PSYoungGen: 291904K(311808K)->64K(310784K) Eden: 291840K(291840K)->0K(291840K) From: 64K(19968K)->64K(18944K)
[471.239s][info][gc,heap        ] GC(1230) ParOldGen: 463850K(463872K)->463866K(463872K)
[471.239s][info][gc,metaspace   ] GC(1230) Metaspace: 35579K(36224K)->35579K(36224K) NonClass: 26374K(26880K)->26374K(26880K) Class: 9204K(9344K)->9204K(9344K)
[471.239s][info][gc             ] GC(1230) Pause Young (Allocation Failure) 738M->453M(756M) 1.693ms
[471.239s][info][gc,cpu         ] GC(1230) User=0.00s Sys=0.00s Real=0.00s
[471.462s][info][gc,start       ] GC(1231) Pause Young (Allocation Failure)
[471.464s][info][gc,heap        ] GC(1231) PSYoungGen: 291904K(310784K)->64K(313856K) Eden: 291840K(291840K)->0K(295936K) From: 64K(18944K)->64K(17920K)
[471.464s][info][gc,heap        ] GC(1231) ParOldGen: 463866K(463872K)->463866K(463872K)
[471.464s][info][gc,metaspace   ] GC(1231) Metaspace: 35579K(36224K)->35579K(36224K) NonClass: 26374K(26880K)->26374K(26880K) Class: 9204K(9344K)->9204K(9344K)
[471.464s][info][gc             ] GC(1231) Pause Young (Allocation Failure) 738M->453M(759M) 1.649ms
[471.464s][info][gc,cpu         ] GC(1231) User=0.00s Sys=0.00s Real=0.00s
[471.729s][info][gc,start       ] GC(1232) Pause Young (Allocation Failure)
[471.731s][info][gc,heap        ] GC(1232) PSYoungGen: 296000K(313856K)->64K(312832K) Eden: 295936K(295936K)->0K(295936K) From: 64K(17920K)->64K(16896K)
[471.731s][info][gc,heap        ] GC(1232) ParOldGen: 463866K(463872K)->463874K(464384K)
[471.731s][info][gc,metaspace   ] GC(1232) Metaspace: 35579K(36224K)->35579K(36224K) NonClass: 26374K(26880K)->26374K(26880K) Class: 9204K(9344K)->9204K(9344K)
[471.731s][info][gc             ] GC(1232) Pause Young (Allocation Failure) 742M->453M(759M) 1.610ms
[471.731s][info][gc,cpu         ] GC(1232) User=0.00s Sys=0.00s Real=0.00s
[471.852s][info][gc,start       ] GC(1233) Pause Young (Allocation Failure)
[471.853s][info][gc,heap        ] GC(1233) PSYoungGen: 296000K(312832K)->64K(315904K) Eden: 295936K(295936K)->0K(300032K) From: 64K(16896K)->64K(15872K)
[471.853s][info][gc,heap        ] GC(1233) ParOldGen: 463874K(464384K)->463882K(464384K)
[471.853s][info][gc,metaspace   ] GC(1233) Metaspace: 35579K(36224K)->35579K(36224K) NonClass: 26374K(26880K)->26374K(26880K) Class: 9204K(9344K)->9204K(9344K)
[471.853s][info][gc             ] GC(1233) Pause Young (Allocation Failure) 742M->453M(762M) 1.641ms
[471.853s][info][gc,cpu         ] GC(1233) User=0.01s Sys=0.00s Real=0.01s
[471.978s][info][gc,start       ] GC(1234) Pause Young (Allocation Failure)
[471.979s][info][gc,heap        ] GC(1234) PSYoungGen: 300096K(315904K)->64K(314880K) Eden: 300032K(300032K)->0K(300032K) From: 64K(15872K)->64K(14848K)
[471.979s][info][gc,heap        ] GC(1234) ParOldGen: 463882K(464384K)->463890K(464384K)
[471.979s][info][gc,metaspace   ] GC(1234) Metaspace: 35579K(36224K)->35579K(36224K) NonClass: 26374K(26880K)->26374K(26880K) Class: 9204K(9344K)->9204K(9344K)
[471.979s][info][gc             ] GC(1234) Pause Young (Allocation Failure) 746M->453M(761M) 1.568ms
[471.979s][info][gc,cpu         ] GC(1234) User=0.00s Sys=0.00s Real=0.00s
[472.356s][info][gc,start       ] GC(1235) Pause Young (Allocation Failure)
[472.358s][info][gc,heap        ] GC(1235) PSYoungGen: 300096K(314880K)->64K(317440K) Eden: 300032K(300032K)->0K(303616K) From: 64K(14848K)->64K(13824K)
[472.358s][info][gc,heap        ] GC(1235) ParOldGen: 463890K(464384K)->463898K(464384K)
[472.358s][info][gc,metaspace   ] GC(1235) Metaspace: 35579K(36224K)->35579K(36224K) NonClass: 26374K(26880K)->26374K(26880K) Class: 9204K(9344K)->9204K(9344K)
[472.358s][info][gc             ] GC(1235) Pause Young (Allocation Failure) 746M->453M(763M) 1.650ms
[472.358s][info][gc,cpu         ] GC(1235) User=0.00s Sys=0.00s Real=0.00s
[473.062s][info][gc,start       ] GC(1236) Pause Young (Allocation Failure)
[473.063s][info][gc,heap        ] GC(1236) PSYoungGen: 303680K(317440K)->64K(291840K) Eden: 303616K(303616K)->0K(291328K) From: 64K(13824K)->64K(512K)
[473.063s][info][gc,heap        ] GC(1236) ParOldGen: 463898K(464384K)->463906K(464384K)
[473.063s][info][gc,metaspace   ] GC(1236) Metaspace: 35579K(36224K)->35579K(36224K) NonClass: 26374K(26880K)->26374K(26880K) Class: 9204K(9344K)->9204K(9344K)
[473.063s][info][gc             ] GC(1236) Pause Young (Allocation Failure) 749M->453M(738M) 1.776ms
[473.063s][info][gc,cpu         ] GC(1236) User=0.00s Sys=0.00s Real=0.01s
[474.041s][info][gc,start       ] GC(1237) Pause Young (Allocation Failure)
[474.044s][info][gc,heap        ] GC(1237) PSYoungGen: 291392K(291840K)->64K(280064K) Eden: 291328K(291328K)->0K(279552K) From: 64K(512K)->64K(512K)
[474.044s][info][gc,heap        ] GC(1237) ParOldGen: 463906K(464384K)->463922K(464384K)
[474.044s][info][gc,metaspace   ] GC(1237) Metaspace: 35579K(36224K)->35579K(36224K) NonClass: 26374K(26880K)->26374K(26880K) Class: 9204K(9344K)->9204K(9344K)
[474.044s][info][gc             ] GC(1237) Pause Young (Allocation Failure) 737M->453M(727M) 3.047ms
[474.044s][info][gc,cpu         ] GC(1237) User=0.01s Sys=0.01s Real=0.01s
[474.513s][info][gc,start       ] GC(1238) Pause Young (Allocation Failure)
[474.515s][info][gc,heap        ] GC(1238) PSYoungGen: 279616K(280064K)->32K(279552K) Eden: 279552K(279552K)->0K(268288K) From: 64K(512K)->32K(11264K)
[474.516s][info][gc,heap        ] GC(1238) ParOldGen: 463922K(464384K)->463930K(464384K)
[474.516s][info][gc,metaspace   ] GC(1238) Metaspace: 35579K(36224K)->35579K(36224K) NonClass: 26374K(26880K)->26374K(26880K) Class: 9204K(9344K)->9204K(9344K)
[474.516s][info][gc             ] GC(1238) Pause Young (Allocation Failure) 726M->453M(726M) 2.898ms
[474.516s][info][gc,cpu         ] GC(1238) User=0.00s Sys=0.00s Real=0.00s
[475.621s][info][gc,start       ] GC(1239) Pause Young (Allocation Failure)
[475.623s][info][gc,heap        ] GC(1239) PSYoungGen: 268320K(279552K)->64K(258560K) Eden: 268288K(268288K)->0K(258048K) From: 32K(11264K)->64K(512K)
[475.623s][info][gc,heap        ] GC(1239) ParOldGen: 463930K(464384K)->463938K(464384K)
[475.623s][info][gc,metaspace   ] GC(1239) Metaspace: 35580K(36224K)->35580K(36224K) NonClass: 26375K(26880K)->26375K(26880K) Class: 9204K(9344K)->9204K(9344K)
[475.623s][info][gc             ] GC(1239) Pause Young (Allocation Failure) 715M->453M(706M) 2.203ms
[475.623s][info][gc,cpu         ] GC(1239) User=0.00s Sys=0.00s Real=0.01s
[476.014s][info][gc,start       ] GC(1240) Pause Young (Allocation Failure)
[476.015s][info][gc,heap        ] GC(1240) PSYoungGen: 258112K(258560K)->64K(258048K) Eden: 258048K(258048K)->0K(247808K) From: 64K(512K)->64K(10240K)
[476.015s][info][gc,heap        ] GC(1240) ParOldGen: 463938K(464384K)->463946K(464384K)
[476.015s][info][gc,metaspace   ] GC(1240) Metaspace: 35580K(36224K)->35580K(36224K) NonClass: 26375K(26880K)->26375K(26880K) Class: 9204K(9344K)->9204K(9344K)
[476.015s][info][gc             ] GC(1240) Pause Young (Allocation Failure) 705M->453M(705M) 1.588ms
[476.015s][info][gc,cpu         ] GC(1240) User=0.00s Sys=0.00s Real=0.00s
[476.148s][info][gc,start       ] GC(1241) Pause Young (Allocation Failure)
[476.151s][info][gc,heap        ] GC(1241) PSYoungGen: 247872K(258048K)->64K(238592K) Eden: 247808K(247808K)->0K(238080K) From: 64K(10240K)->64K(512K)
[476.151s][info][gc,heap        ] GC(1241) ParOldGen: 463946K(464384K)->463954K(464384K)
[476.151s][info][gc,metaspace   ] GC(1241) Metaspace: 35580K(36224K)->35580K(36224K) NonClass: 26375K(26880K)->26375K(26880K) Class: 9204K(9344K)->9204K(9344K)
[476.151s][info][gc             ] GC(1241) Pause Young (Allocation Failure) 695M->453M(686M) 2.546ms
[476.151s][info][gc,cpu         ] GC(1241) User=0.01s Sys=0.00s Real=0.00s
[476.505s][info][gc,start       ] GC(1242) Pause Young (Allocation Failure)
[476.507s][info][gc,heap        ] GC(1242) PSYoungGen: 238144K(238592K)->64K(237568K) Eden: 238080K(238080K)->0K(228864K) From: 64K(512K)->64K(8704K)
[476.507s][info][gc,heap        ] GC(1242) ParOldGen: 463954K(464384K)->463962K(464384K)
[476.507s][info][gc,metaspace   ] GC(1242) Metaspace: 35580K(36224K)->35580K(36224K) NonClass: 26375K(26880K)->26375K(26880K) Class: 9204K(9344K)->9204K(9344K)
[476.507s][info][gc             ] GC(1242) Pause Young (Allocation Failure) 685M->453M(685M) 1.899ms
[476.507s][info][gc,cpu         ] GC(1242) User=0.00s Sys=0.00s Real=0.00s
[476.848s][info][gc,start       ] GC(1243) Pause Young (Allocation Failure)
[476.850s][info][gc,heap        ] GC(1243) PSYoungGen: 228928K(237568K)->64K(220672K) Eden: 228864K(228864K)->0K(220160K) From: 64K(8704K)->64K(512K)
[476.850s][info][gc,heap        ] GC(1243) ParOldGen: 463962K(464384K)->463970K(464384K)
[476.850s][info][gc,metaspace   ] GC(1243) Metaspace: 35580K(36224K)->35580K(36224K) NonClass: 26375K(26880K)->26375K(26880K) Class: 9204K(9344K)->9204K(9344K)
[476.850s][info][gc             ] GC(1243) Pause Young (Allocation Failure) 676M->453M(669M) 2.217ms
[476.850s][info][gc,cpu         ] GC(1243) User=0.00s Sys=0.00s Real=0.00s
[477.182s][info][gc,start       ] GC(1244) Pause Young (Allocation Failure)
[477.190s][info][gc,heap        ] GC(1244) PSYoungGen: 220224K(220672K)->4480K(266752K) Eden: 220160K(220160K)->0K(262144K) From: 64K(512K)->4480K(4608K)
[477.190s][info][gc,heap        ] GC(1244) ParOldGen: 463970K(464384K)->463986K(464384K)
[477.190s][info][gc,metaspace   ] GC(1244) Metaspace: 35580K(36224K)->35580K(36224K) NonClass: 26375K(26880K)->26375K(26880K) Class: 9204K(9344K)->9204K(9344K)
[477.190s][info][gc             ] GC(1244) Pause Young (Allocation Failure) 668M->457M(714M) 7.895ms
[477.190s][info][gc,cpu         ] GC(1244) User=0.02s Sys=0.00s Real=0.00s
[477.511s][info][gc,start       ] GC(1245) Pause Young (Allocation Failure)
[477.575s][info][gc,heap        ] GC(1245) PSYoungGen: 266624K(266752K)->8192K(261120K) Eden: 262144K(262144K)->0K(252928K) From: 4480K(4608K)->8192K(8192K)
[477.575s][info][gc,heap        ] GC(1245) ParOldGen: 463986K(464384K)->485466K(485888K)
[477.575s][info][gc,metaspace   ] GC(1245) Metaspace: 35580K(36224K)->35580K(36224K) NonClass: 26375K(26880K)->26375K(26880K) Class: 9204K(9344K)->9204K(9344K)
[477.575s][info][gc             ] GC(1245) Pause Young (Allocation Failure) 713M->482M(729M) 63.792ms
[477.575s][info][gc,cpu         ] GC(1245) User=0.11s Sys=0.02s Real=0.07s
[477.897s][info][gc,start       ] GC(1246) Pause Young (Allocation Failure)
[477.953s][info][gc,heap        ] GC(1246) PSYoungGen: 261120K(261120K)->17920K(270848K) Eden: 252928K(252928K)->0K(252928K) From: 8192K(8192K)->17920K(17920K)
[477.953s][info][gc,heap        ] GC(1246) ParOldGen: 485466K(485888K)->496650K(497152K)
[477.953s][info][gc,metaspace   ] GC(1246) Metaspace: 35580K(36224K)->35580K(36224K) NonClass: 26375K(26880K)->26375K(26880K) Class: 9204K(9344K)->9204K(9344K)
[477.953s][info][gc             ] GC(1246) Pause Young (Allocation Failure) 729M->502M(750M) 56.211ms
[477.953s][info][gc,cpu         ] GC(1246) User=0.10s Sys=0.01s Real=0.06s
[478.042s][info][gc,start       ] GC(1247) Pause Young (Allocation Failure)
[478.047s][info][gc,heap        ] GC(1247) PSYoungGen: 270848K(270848K)->64K(308736K) Eden: 252928K(252928K)->0K(282624K) From: 17920K(17920K)->64K(26112K)
[478.047s][info][gc,heap        ] GC(1247) ParOldGen: 496650K(497152K)->496946K(497152K)
[478.047s][info][gc,metaspace   ] GC(1247) Metaspace: 35580K(36224K)->35580K(36224K) NonClass: 26375K(26880K)->26375K(26880K) Class: 9204K(9344K)->9204K(9344K)
[478.047s][info][gc             ] GC(1247) Pause Young (Allocation Failure) 749M->485M(787M) 4.855ms
[478.047s][info][gc,cpu         ] GC(1247) User=0.00s Sys=0.00s Real=0.00s
[478.698s][info][gc,start       ] GC(1248) Pause Young (Allocation Failure)
[478.700s][info][gc,heap        ] GC(1248) PSYoungGen: 282688K(308736K)->64K(283136K) Eden: 282624K(282624K)->0K(282624K) From: 64K(26112K)->64K(512K)
[478.700s][info][gc,heap        ] GC(1248) ParOldGen: 496946K(497152K)->496954K(497152K)
[478.700s][info][gc,metaspace   ] GC(1248) Metaspace: 35580K(36224K)->35580K(36224K) NonClass: 26375K(26880K)->26375K(26880K) Class: 9204K(9344K)->9204K(9344K)
[478.700s][info][gc             ] GC(1248) Pause Young (Allocation Failure) 761M->485M(762M) 1.809ms
[478.700s][info][gc,cpu         ] GC(1248) User=0.00s Sys=0.00s Real=0.00s
[479.106s][info][gc,start       ] GC(1249) Pause Young (Allocation Failure)
[479.108s][info][gc,heap        ] GC(1249) PSYoungGen: 282688K(283136K)->64K(307712K) Eden: 282624K(282624K)->0K(283648K) From: 64K(512K)->64K(24064K)
[479.108s][info][gc,heap        ] GC(1249) ParOldGen: 496954K(497152K)->496962K(497152K)
[479.108s][info][gc,metaspace   ] GC(1249) Metaspace: 35580K(36224K)->35580K(36224K) NonClass: 26375K(26880K)->26375K(26880K) Class: 9204K(9344K)->9204K(9344K)
[479.108s][info][gc             ] GC(1249) Pause Young (Allocation Failure) 761M->485M(786M) 1.716ms
[479.108s][info][gc,cpu         ] GC(1249) User=0.00s Sys=0.00s Real=0.00s
[479.588s][info][gc,start       ] GC(1250) Pause Young (Allocation Failure)
[479.590s][info][gc,heap        ] GC(1250) PSYoungGen: 283712K(307712K)->64K(306688K) Eden: 283648K(283648K)->0K(283648K) From: 64K(24064K)->64K(23040K)
[479.590s][info][gc,heap        ] GC(1250) ParOldGen: 496962K(497152K)->496978K(497152K)
[479.590s][info][gc,metaspace   ] GC(1250) Metaspace: 35580K(36224K)->35580K(36224K) NonClass: 26375K(26880K)->26375K(26880K) Class: 9204K(9344K)->9204K(9344K)
[479.590s][info][gc             ] GC(1250) Pause Young (Allocation Failure) 762M->485M(785M) 1.810ms
[479.590s][info][gc,cpu         ] GC(1250) User=0.00s Sys=0.00s Real=0.00s
[479.834s][info][gc,start       ] GC(1251) Pause Young (Allocation Failure)
[479.835s][info][gc,heap        ] GC(1251) PSYoungGen: 283712K(306688K)->64K(309760K) Eden: 283648K(283648K)->0K(287744K) From: 64K(23040K)->64K(22016K)
[479.835s][info][gc,heap        ] GC(1251) ParOldGen: 496978K(497152K)->496994K(497152K)
[479.835s][info][gc,metaspace   ] GC(1251) Metaspace: 35580K(36224K)->35580K(36224K) NonClass: 26375K(26880K)->26375K(26880K) Class: 9204K(9344K)->9204K(9344K)
[479.835s][info][gc             ] GC(1251) Pause Young (Allocation Failure) 762M->485M(788M) 1.640ms
[479.835s][info][gc,cpu         ] GC(1251) User=0.01s Sys=0.00s Real=0.00s
[480.209s][info][gc,start       ] GC(1252) Pause Young (Allocation Failure)
[480.211s][info][gc,heap        ] GC(1252) PSYoungGen: 287808K(309760K)->64K(308736K) Eden: 287744K(287744K)->0K(287744K) From: 64K(22016K)->64K(20992K)
[480.211s][info][gc,heap        ] GC(1252) ParOldGen: 496994K(497152K)->496994K(497152K)
[480.211s][info][gc,metaspace   ] GC(1252) Metaspace: 35580K(36224K)->35580K(36224K) NonClass: 26375K(26880K)->26375K(26880K) Class: 9204K(9344K)->9204K(9344K)
[480.211s][info][gc             ] GC(1252) Pause Young (Allocation Failure) 766M->485M(787M) 1.682ms
[480.211s][info][gc,cpu         ] GC(1252) User=0.01s Sys=0.00s Real=0.00s
[480.317s][info][gc,start       ] GC(1253) Pause Young (Allocation Failure)
[480.318s][info][gc,heap        ] GC(1253) PSYoungGen: 287808K(308736K)->64K(311808K) Eden: 287744K(287744K)->0K(291840K) From: 64K(20992K)->64K(19968K)
[480.319s][info][gc,heap        ] GC(1253) ParOldGen: 496994K(497152K)->497002K(497152K)
[480.319s][info][gc,metaspace   ] GC(1253) Metaspace: 35580K(36224K)->35580K(36224K) NonClass: 26375K(26880K)->26375K(26880K) Class: 9204K(9344K)->9204K(9344K)
[480.319s][info][gc             ] GC(1253) Pause Young (Allocation Failure) 766M->485M(790M) 1.687ms
[480.319s][info][gc,cpu         ] GC(1253) User=0.01s Sys=0.00s Real=0.00s
[480.373s][info][gc,start       ] GC(1254) Pause Young (Allocation Failure)
[480.374s][info][gc,heap        ] GC(1254) PSYoungGen: 291904K(311808K)->64K(310784K) Eden: 291840K(291840K)->0K(291840K) From: 64K(19968K)->64K(18944K)
[480.374s][info][gc,heap        ] GC(1254) ParOldGen: 497002K(497152K)->497018K(497152K)
[480.374s][info][gc,metaspace   ] GC(1254) Metaspace: 35580K(36224K)->35580K(36224K) NonClass: 26375K(26880K)->26375K(26880K) Class: 9204K(9344K)->9204K(9344K)
[480.374s][info][gc             ] GC(1254) Pause Young (Allocation Failure) 770M->485M(789M) 1.627ms
[480.374s][info][gc,cpu         ] GC(1254) User=0.00s Sys=0.00s Real=0.00s
[480.553s][info][gc,start       ] GC(1255) Pause Young (Allocation Failure)
[480.555s][info][gc,heap        ] GC(1255) PSYoungGen: 291904K(310784K)->64K(313856K) Eden: 291840K(291840K)->0K(295936K) From: 64K(18944K)->64K(17920K)
[480.555s][info][gc,heap        ] GC(1255) ParOldGen: 497018K(497152K)->497018K(497152K)
[480.555s][info][gc,metaspace   ] GC(1255) Metaspace: 35580K(36224K)->35580K(36224K) NonClass: 26375K(26880K)->26375K(26880K) Class: 9204K(9344K)->9204K(9344K)
[480.555s][info][gc             ] GC(1255) Pause Young (Allocation Failure) 770M->485M(792M) 1.680ms
[480.555s][info][gc,cpu         ] GC(1255) User=0.00s Sys=0.00s Real=0.00s
[480.834s][info][gc,start       ] GC(1256) Pause Young (Allocation Failure)
[480.836s][info][gc,heap        ] GC(1256) PSYoungGen: 296000K(313856K)->64K(312832K) Eden: 295936K(295936K)->0K(295936K) From: 64K(17920K)->64K(16896K)
[480.836s][info][gc,heap        ] GC(1256) ParOldGen: 497018K(497152K)->497026K(497152K)
[480.836s][info][gc,metaspace   ] GC(1256) Metaspace: 35580K(36224K)->35580K(36224K) NonClass: 26375K(26880K)->26375K(26880K) Class: 9204K(9344K)->9204K(9344K)
[480.836s][info][gc             ] GC(1256) Pause Young (Allocation Failure) 774M->485M(791M) 1.645ms
[480.836s][info][gc,cpu         ] GC(1256) User=0.00s Sys=0.00s Real=0.00s
[480.983s][info][gc,start       ] GC(1257) Pause Young (Allocation Failure)
[480.985s][info][gc,heap        ] GC(1257) PSYoungGen: 296000K(312832K)->64K(315904K) Eden: 295936K(295936K)->0K(300032K) From: 64K(16896K)->64K(15872K)
[480.985s][info][gc,heap        ] GC(1257) ParOldGen: 497026K(497152K)->497034K(497152K)
[480.985s][info][gc,metaspace   ] GC(1257) Metaspace: 35580K(36224K)->35580K(36224K) NonClass: 26375K(26880K)->26375K(26880K) Class: 9204K(9344K)->9204K(9344K)
[480.985s][info][gc             ] GC(1257) Pause Young (Allocation Failure) 774M->485M(794M) 1.677ms
[480.985s][info][gc,cpu         ] GC(1257) User=0.00s Sys=0.00s Real=0.00s
[481.088s][info][gc,start       ] GC(1258) Pause Young (Allocation Failure)
[481.089s][info][gc,heap        ] GC(1258) PSYoungGen: 300096K(315904K)->64K(314880K) Eden: 300032K(300032K)->0K(300032K) From: 64K(15872K)->64K(14848K)
[481.089s][info][gc,heap        ] GC(1258) ParOldGen: 497034K(497152K)->497042K(497152K)
[481.089s][info][gc,metaspace   ] GC(1258) Metaspace: 35580K(36224K)->35580K(36224K) NonClass: 26375K(26880K)->26375K(26880K) Class: 9204K(9344K)->9204K(9344K)
[481.089s][info][gc             ] GC(1258) Pause Young (Allocation Failure) 778M->485M(793M) 1.725ms
[481.089s][info][gc,cpu         ] GC(1258) User=0.00s Sys=0.00s Real=0.00s
[481.284s][info][gc,start       ] GC(1259) Pause Young (Allocation Failure)
[481.286s][info][gc,heap        ] GC(1259) PSYoungGen: 300096K(314880K)->64K(317952K) Eden: 300032K(300032K)->0K(304128K) From: 64K(14848K)->64K(13824K)
[481.286s][info][gc,heap        ] GC(1259) ParOldGen: 497042K(497152K)->497050K(497152K)
[481.286s][info][gc,metaspace   ] GC(1259) Metaspace: 35580K(36224K)->35580K(36224K) NonClass: 26375K(26880K)->26375K(26880K) Class: 9204K(9344K)->9204K(9344K)
[481.286s][info][gc             ] GC(1259) Pause Young (Allocation Failure) 778M->485M(796M) 1.727ms
[481.286s][info][gc,cpu         ] GC(1259) User=0.01s Sys=0.00s Real=0.00s
[482.198s][info][gc,start       ] GC(1260) Pause Young (Allocation Failure)
[482.200s][info][gc,heap        ] GC(1260) PSYoungGen: 304192K(317952K)->83K(317440K) Eden: 304128K(304128K)->0K(304128K) From: 64K(13824K)->83K(13312K)
[482.200s][info][gc,heap        ] GC(1260) ParOldGen: 497050K(497152K)->497058K(497152K)
[482.200s][info][gc,metaspace   ] GC(1260) Metaspace: 35580K(36224K)->35580K(36224K) NonClass: 26375K(26880K)->26375K(26880K) Class: 9204K(9344K)->9204K(9344K)
[482.200s][info][gc             ] GC(1260) Pause Young (Allocation Failure) 782M->485M(795M) 1.703ms
[482.200s][info][gc,cpu         ] GC(1260) User=0.01s Sys=0.00s Real=0.00s
[483.117s][info][gc,start       ] GC(1261) Pause Young (Allocation Failure)
[483.119s][info][gc,heap        ] GC(1261) PSYoungGen: 304211K(317440K)->64K(292352K) Eden: 304128K(304128K)->0K(291840K) From: 83K(13312K)->64K(512K)
[483.119s][info][gc,heap        ] GC(1261) ParOldGen: 497058K(497152K)->497066K(497152K)
[483.119s][info][gc,metaspace   ] GC(1261) Metaspace: 35580K(36224K)->35580K(36224K) NonClass: 26375K(26880K)->26375K(26880K) Class: 9204K(9344K)->9204K(9344K)
[483.119s][info][gc             ] GC(1261) Pause Young (Allocation Failure) 782M->485M(771M) 1.784ms
[483.119s][info][gc,cpu         ] GC(1261) User=0.00s Sys=0.00s Real=0.00s
[483.578s][info][gc,start       ] GC(1262) Pause Young (Allocation Failure)
[483.579s][info][gc,heap        ] GC(1262) PSYoungGen: 291904K(292352K)->64K(291840K) Eden: 291840K(291840K)->0K(280064K) From: 64K(512K)->64K(11776K)
[483.579s][info][gc,heap        ] GC(1262) ParOldGen: 497066K(497152K)->497074K(497152K)
[483.579s][info][gc,metaspace   ] GC(1262) Metaspace: 35580K(36224K)->35580K(36224K) NonClass: 26375K(26880K)->26375K(26880K) Class: 9204K(9344K)->9204K(9344K)
[483.579s][info][gc             ] GC(1262) Pause Young (Allocation Failure) 770M->485M(770M) 1.702ms
[483.579s][info][gc,cpu         ] GC(1262) User=0.00s Sys=0.01s Real=0.00s
[484.637s][info][gc,start       ] GC(1263) Pause Young (Allocation Failure)
[484.639s][info][gc,heap        ] GC(1263) PSYoungGen: 280128K(291840K)->64K(269312K) Eden: 280064K(280064K)->0K(268800K) From: 64K(11776K)->64K(512K)
[484.639s][info][gc,heap        ] GC(1263) ParOldGen: 497074K(497152K)->497082K(497152K)
[484.639s][info][gc,metaspace   ] GC(1263) Metaspace: 35580K(36224K)->35580K(36224K) NonClass: 26375K(26880K)->26375K(26880K) Class: 9204K(9344K)->9204K(9344K)
[484.639s][info][gc             ] GC(1263) Pause Young (Allocation Failure) 758M->485M(748M) 1.832ms
[484.639s][info][gc,cpu         ] GC(1263) User=0.01s Sys=0.00s Real=0.00s
[485.051s][info][gc,start       ] GC(1264) Pause Young (Allocation Failure)
[485.053s][info][gc,heap        ] GC(1264) PSYoungGen: 268864K(269312K)->64K(268288K) Eden: 268800K(268800K)->0K(258048K) From: 64K(512K)->64K(10240K)
[485.053s][info][gc,heap        ] GC(1264) ParOldGen: 497082K(497152K)->497090K(497152K)
[485.053s][info][gc,metaspace   ] GC(1264) Metaspace: 35580K(36224K)->35580K(36224K) NonClass: 26375K(26880K)->26375K(26880K) Class: 9204K(9344K)->9204K(9344K)
[485.053s][info][gc             ] GC(1264) Pause Young (Allocation Failure) 747M->485M(747M) 1.761ms
[485.053s][info][gc,cpu         ] GC(1264) User=0.00s Sys=0.00s Real=0.01s
[485.199s][info][gc,start       ] GC(1265) Pause Young (Allocation Failure)
[485.201s][info][gc,heap        ] GC(1265) PSYoungGen: 258112K(268288K)->64K(248320K) Eden: 258048K(258048K)->0K(247808K) From: 64K(10240K)->64K(512K)
[485.201s][info][gc,heap        ] GC(1265) ParOldGen: 497090K(497152K)->497098K(497152K)
[485.201s][info][gc,metaspace   ] GC(1265) Metaspace: 35580K(36224K)->35580K(36224K) NonClass: 26375K(26880K)->26375K(26880K) Class: 9204K(9344K)->9204K(9344K)
[485.201s][info][gc             ] GC(1265) Pause Young (Allocation Failure) 737M->485M(728M) 1.983ms
[485.201s][info][gc,cpu         ] GC(1265) User=0.00s Sys=0.00s Real=0.00s
[485.608s][info][gc,start       ] GC(1266) Pause Young (Allocation Failure)
[485.609s][info][gc,heap        ] GC(1266) PSYoungGen: 247872K(248320K)->64K(246784K) Eden: 247808K(247808K)->0K(238080K) From: 64K(512K)->64K(8704K)
[485.609s][info][gc,heap        ] GC(1266) ParOldGen: 497098K(497152K)->497106K(497152K)
[485.609s][info][gc,metaspace   ] GC(1266) Metaspace: 35580K(36224K)->35580K(36224K) NonClass: 26375K(26880K)->26375K(26880K) Class: 9204K(9344K)->9204K(9344K)
[485.609s][info][gc             ] GC(1266) Pause Young (Allocation Failure) 727M->485M(726M) 1.641ms
[485.609s][info][gc,cpu         ] GC(1266) User=0.01s Sys=0.00s Real=0.00s
[485.948s][info][gc,start       ] GC(1267) Pause Young (Allocation Failure)
[485.951s][info][gc,heap        ] GC(1267) PSYoungGen: 238144K(246784K)->64K(229376K) Eden: 238080K(238080K)->0K(228864K) From: 64K(8704K)->64K(512K)
[485.951s][info][gc,heap        ] GC(1267) ParOldGen: 497106K(497152K)->497114K(497152K)
[485.951s][info][gc,metaspace   ] GC(1267) Metaspace: 35580K(36224K)->35580K(36224K) NonClass: 26375K(26880K)->26375K(26880K) Class: 9204K(9344K)->9204K(9344K)
[485.951s][info][gc             ] GC(1267) Pause Young (Allocation Failure) 718M->485M(709M) 2.568ms
[485.951s][info][gc,cpu         ] GC(1267) User=0.01s Sys=0.00s Real=0.00s
[486.305s][info][gc,start       ] GC(1268) Pause Young (Allocation Failure)
[486.320s][info][gc,heap        ] GC(1268) PSYoungGen: 228928K(229376K)->7680K(281088K) Eden: 228864K(228864K)->0K(273408K) From: 64K(512K)->7680K(7680K)
[486.320s][info][gc,heap        ] GC(1268) ParOldGen: 497114K(497152K)->497290K(497664K)
[486.320s][info][gc,metaspace   ] GC(1268) Metaspace: 35580K(36224K)->35580K(36224K) NonClass: 26375K(26880K)->26375K(26880K) Class: 9204K(9344K)->9204K(9344K)
[486.320s][info][gc             ] GC(1268) Pause Young (Allocation Failure) 709M->493M(760M) 14.646ms
[486.320s][info][gc,cpu         ] GC(1268) User=0.03s Sys=0.00s Real=0.01s
[486.666s][info][gc,start       ] GC(1269) Pause Young (Allocation Failure)
[486.730s][info][gc,heap        ] GC(1269) PSYoungGen: 281088K(281088K)->7680K(273408K) Eden: 273408K(273408K)->0K(265728K) From: 7680K(7680K)->7680K(7680K)
[486.730s][info][gc,heap        ] GC(1269) ParOldGen: 497290K(497664K)->520562K(520704K)
[486.730s][info][gc,metaspace   ] GC(1269) Metaspace: 35580K(36224K)->35580K(36224K) NonClass: 26375K(26880K)->26375K(26880K) Class: 9204K(9344K)->9204K(9344K)
[486.730s][info][gc             ] GC(1269) Pause Young (Allocation Failure) 760M->515M(775M) 64.152ms
[486.730s][info][gc,cpu         ] GC(1269) User=0.11s Sys=0.02s Real=0.06s
[487.012s][info][gc,start       ] GC(1270) Pause Young (Allocation Failure)
[487.058s][info][gc,heap        ] GC(1270) PSYoungGen: 273408K(273408K)->19456K(285184K) Eden: 265728K(265728K)->0K(265728K) From: 7680K(7680K)->19456K(19456K)
[487.058s][info][gc,heap        ] GC(1270) ParOldGen: 520562K(520704K)->525578K(525824K)
[487.058s][info][gc,metaspace   ] GC(1270) Metaspace: 35583K(36224K)->35583K(36224K) NonClass: 26378K(26880K)->26378K(26880K) Class: 9204K(9344K)->9204K(9344K)
[487.058s][info][gc             ] GC(1270) Pause Young (Allocation Failure) 775M->532M(792M) 46.223ms
[487.058s][info][gc,cpu         ] GC(1270) User=0.09s Sys=0.00s Real=0.04s
[487.220s][info][gc,start       ] GC(1271) Pause Young (Allocation Failure)
[487.223s][info][gc,heap        ] GC(1271) PSYoungGen: 285184K(285184K)->64K(309248K) Eden: 265728K(265728K)->0K(283648K) From: 19456K(19456K)->64K(25600K)
[487.223s][info][gc,heap        ] GC(1271) ParOldGen: 525578K(525824K)->525706K(525824K)
[487.223s][info][gc,metaspace   ] GC(1271) Metaspace: 35583K(36224K)->35583K(36224K) NonClass: 26378K(26880K)->26378K(26880K) Class: 9204K(9344K)->9204K(9344K)
[487.224s][info][gc             ] GC(1271) Pause Young (Allocation Failure) 791M->513M(815M) 3.321ms
[487.224s][info][gc,cpu         ] GC(1271) User=0.01s Sys=0.00s Real=0.01s
[488.031s][info][gc,start       ] GC(1272) Pause Young (Allocation Failure)
[488.032s][info][gc,heap        ] GC(1272) PSYoungGen: 283712K(309248K)->64K(284160K) Eden: 283648K(283648K)->0K(283648K) From: 64K(25600K)->64K(512K)
[488.032s][info][gc,heap        ] GC(1272) ParOldGen: 525706K(525824K)->525722K(525824K)
[488.032s][info][gc,metaspace   ] GC(1272) Metaspace: 35583K(36224K)->35583K(36224K) NonClass: 26378K(26880K)->26378K(26880K) Class: 9204K(9344K)->9204K(9344K)
[488.032s][info][gc             ] GC(1272) Pause Young (Allocation Failure) 790M->513M(791M) 1.839ms
[488.033s][info][gc,cpu         ] GC(1272) User=0.00s Sys=0.00s Real=0.01s
[488.848s][info][gc,start       ] GC(1273) Pause Young (Allocation Failure)
[488.850s][info][gc,heap        ] GC(1273) PSYoungGen: 283712K(284160K)->64K(308736K) Eden: 283648K(283648K)->0K(284672K) From: 64K(512K)->64K(24064K)
[488.850s][info][gc,heap        ] GC(1273) ParOldGen: 525722K(525824K)->525722K(525824K)
[488.850s][info][gc,metaspace   ] GC(1273) Metaspace: 35583K(36224K)->35583K(36224K) NonClass: 26378K(26880K)->26378K(26880K) Class: 9204K(9344K)->9204K(9344K)
[488.850s][info][gc             ] GC(1273) Pause Young (Allocation Failure) 790M->513M(815M) 1.960ms
[488.850s][info][gc,cpu         ] GC(1273) User=0.00s Sys=0.00s Real=0.00s
[489.126s][info][gc,start       ] GC(1274) Pause Young (Allocation Failure)
[489.127s][info][gc,heap        ] GC(1274) PSYoungGen: 284736K(308736K)->64K(307712K) Eden: 284672K(284672K)->0K(284672K) From: 64K(24064K)->64K(23040K)
[489.128s][info][gc,heap        ] GC(1274) ParOldGen: 525722K(525824K)->525738K(525824K)
[489.128s][info][gc,metaspace   ] GC(1274) Metaspace: 35583K(36224K)->35583K(36224K) NonClass: 26378K(26880K)->26378K(26880K) Class: 9204K(9344K)->9204K(9344K)
[489.128s][info][gc             ] GC(1274) Pause Young (Allocation Failure) 791M->513M(814M) 1.835ms
[489.128s][info][gc,cpu         ] GC(1274) User=0.00s Sys=0.00s Real=0.00s
[489.369s][info][gc,start       ] GC(1275) Pause Young (Allocation Failure)
[489.370s][info][gc,heap        ] GC(1275) PSYoungGen: 284736K(307712K)->64K(309760K) Eden: 284672K(284672K)->0K(287744K) From: 64K(23040K)->64K(22016K)
[489.370s][info][gc,heap        ] GC(1275) ParOldGen: 525738K(525824K)->525738K(525824K)
[489.370s][info][gc,metaspace   ] GC(1275) Metaspace: 35583K(36224K)->35583K(36224K) NonClass: 26378K(26880K)->26378K(26880K) Class: 9204K(9344K)->9204K(9344K)
[489.370s][info][gc             ] GC(1275) Pause Young (Allocation Failure) 791M->513M(816M) 1.685ms
[489.370s][info][gc,cpu         ] GC(1275) User=0.00s Sys=0.00s Real=0.00s
[489.855s][info][gc,start       ] GC(1276) Pause Young (Allocation Failure)
[489.857s][info][gc,heap        ] GC(1276) PSYoungGen: 287808K(309760K)->64K(308736K) Eden: 287744K(287744K)->0K(287744K) From: 64K(22016K)->64K(20992K)
[489.857s][info][gc,heap        ] GC(1276) ParOldGen: 525738K(525824K)->525738K(525824K)
[489.857s][info][gc,metaspace   ] GC(1276) Metaspace: 35583K(36224K)->35583K(36224K) NonClass: 26378K(26880K)->26378K(26880K) Class: 9204K(9344K)->9204K(9344K)
[489.857s][info][gc             ] GC(1276) Pause Young (Allocation Failure) 794M->513M(815M) 1.782ms
[489.857s][info][gc,cpu         ] GC(1276) User=0.01s Sys=0.00s Real=0.00s
[489.922s][info][gc,start       ] GC(1277) Pause Young (Allocation Failure)
[489.924s][info][gc,heap        ] GC(1277) PSYoungGen: 287807K(308736K)->64K(311808K) Eden: 287743K(287744K)->0K(291840K) From: 64K(20992K)->64K(19968K)
[489.924s][info][gc,heap        ] GC(1277) ParOldGen: 525738K(525824K)->525754K(525824K)
[489.924s][info][gc,metaspace   ] GC(1277) Metaspace: 35583K(36224K)->35583K(36224K) NonClass: 26378K(26880K)->26378K(26880K) Class: 9204K(9344K)->9204K(9344K)
[489.924s][info][gc             ] GC(1277) Pause Young (Allocation Failure) 794M->513M(818M) 1.850ms
[489.924s][info][gc,cpu         ] GC(1277) User=0.01s Sys=0.00s Real=0.00s
[489.985s][info][gc,start       ] GC(1278) Pause Young (Allocation Failure)
[489.987s][info][gc,heap        ] GC(1278) PSYoungGen: 291904K(311808K)->64K(310784K) Eden: 291840K(291840K)->0K(291840K) From: 64K(19968K)->64K(18944K)
[489.987s][info][gc,heap        ] GC(1278) ParOldGen: 525754K(525824K)->525754K(525824K)
[489.987s][info][gc,metaspace   ] GC(1278) Metaspace: 35583K(36224K)->35583K(36224K) NonClass: 26378K(26880K)->26378K(26880K) Class: 9204K(9344K)->9204K(9344K)
[489.987s][info][gc             ] GC(1278) Pause Young (Allocation Failure) 798M->513M(817M) 1.771ms
[489.987s][info][gc,cpu         ] GC(1278) User=0.00s Sys=0.00s Real=0.00s
[490.241s][info][gc,start       ] GC(1279) Pause Young (Allocation Failure)
[490.243s][info][gc,heap        ] GC(1279) PSYoungGen: 291904K(310784K)->64K(313856K) Eden: 291840K(291840K)->0K(295936K) From: 64K(18944K)->64K(17920K)
[490.243s][info][gc,heap        ] GC(1279) ParOldGen: 525754K(525824K)->525754K(525824K)
[490.243s][info][gc,metaspace   ] GC(1279) Metaspace: 35583K(36224K)->35583K(36224K) NonClass: 26378K(26880K)->26378K(26880K) Class: 9204K(9344K)->9204K(9344K)
[490.243s][info][gc             ] GC(1279) Pause Young (Allocation Failure) 798M->513M(820M) 1.713ms
[490.243s][info][gc,cpu         ] GC(1279) User=0.01s Sys=0.00s Real=0.01s
[490.533s][info][gc,start       ] GC(1280) Pause Young (Allocation Failure)
[490.535s][info][gc,heap        ] GC(1280) PSYoungGen: 296000K(313856K)->64K(312832K) Eden: 295936K(295936K)->0K(295936K) From: 64K(17920K)->64K(16896K)
[490.535s][info][gc,heap        ] GC(1280) ParOldGen: 525754K(525824K)->525762K(525824K)
[490.535s][info][gc,metaspace   ] GC(1280) Metaspace: 35583K(36224K)->35583K(36224K) NonClass: 26378K(26880K)->26378K(26880K) Class: 9204K(9344K)->9204K(9344K)
[490.535s][info][gc             ] GC(1280) Pause Young (Allocation Failure) 802M->513M(819M) 1.763ms
[490.535s][info][gc,cpu         ] GC(1280) User=0.01s Sys=0.00s Real=0.00s
[490.660s][info][gc,start       ] GC(1281) Pause Young (Allocation Failure)
[490.661s][info][gc,heap        ] GC(1281) PSYoungGen: 296000K(312832K)->64K(315904K) Eden: 295936K(295936K)->0K(300032K) From: 64K(16896K)->64K(15872K)
[490.661s][info][gc,heap        ] GC(1281) ParOldGen: 525762K(525824K)->525770K(525824K)
[490.661s][info][gc,metaspace   ] GC(1281) Metaspace: 35583K(36224K)->35583K(36224K) NonClass: 26378K(26880K)->26378K(26880K) Class: 9204K(9344K)->9204K(9344K)
[490.661s][info][gc             ] GC(1281) Pause Young (Allocation Failure) 802M->513M(822M) 1.815ms
[490.661s][info][gc,cpu         ] GC(1281) User=0.00s Sys=0.00s Real=0.00s
[490.794s][info][gc,start       ] GC(1282) Pause Young (Allocation Failure)
[490.796s][info][gc,heap        ] GC(1282) PSYoungGen: 300096K(315904K)->64K(314880K) Eden: 300032K(300032K)->0K(300032K) From: 64K(15872K)->64K(14848K)
[490.796s][info][gc,heap        ] GC(1282) ParOldGen: 525770K(525824K)->525778K(525824K)
[490.796s][info][gc,metaspace   ] GC(1282) Metaspace: 35583K(36224K)->35583K(36224K) NonClass: 26378K(26880K)->26378K(26880K) Class: 9204K(9344K)->9204K(9344K)
[490.796s][info][gc             ] GC(1282) Pause Young (Allocation Failure) 806M->513M(821M) 1.796ms
[490.796s][info][gc,cpu         ] GC(1282) User=0.01s Sys=0.00s Real=0.00s
[491.194s][info][gc,start       ] GC(1283) Pause Young (Allocation Failure)
[491.196s][info][gc,heap        ] GC(1283) PSYoungGen: 300096K(314880K)->64K(317952K) Eden: 300032K(300032K)->0K(304128K) From: 64K(14848K)->64K(13824K)
[491.196s][info][gc,heap        ] GC(1283) ParOldGen: 525778K(525824K)->525786K(525824K)
[491.196s][info][gc,metaspace   ] GC(1283) Metaspace: 35583K(36224K)->35583K(36224K) NonClass: 26378K(26880K)->26378K(26880K) Class: 9204K(9344K)->9204K(9344K)
[491.196s][info][gc             ] GC(1283) Pause Young (Allocation Failure) 806M->513M(824M) 1.747ms
[491.196s][info][gc,cpu         ] GC(1283) User=0.01s Sys=0.00s Real=0.00s
[491.918s][info][gc,start       ] GC(1284) Pause Young (Allocation Failure)
[491.919s][info][gc,heap        ] GC(1284) PSYoungGen: 304192K(317952K)->64K(292352K) Eden: 304128K(304128K)->0K(291840K) From: 64K(13824K)->64K(512K)
[491.920s][info][gc,heap        ] GC(1284) ParOldGen: 525786K(525824K)->525794K(525824K)
[491.920s][info][gc,metaspace   ] GC(1284) Metaspace: 35583K(36224K)->35583K(36224K) NonClass: 26378K(26880K)->26378K(26880K) Class: 9204K(9344K)->9204K(9344K)
[491.920s][info][gc             ] GC(1284) Pause Young (Allocation Failure) 810M->513M(799M) 2.040ms
[491.920s][info][gc,cpu         ] GC(1284) User=0.01s Sys=0.00s Real=0.00s
[492.924s][info][gc,start       ] GC(1285) Pause Young (Allocation Failure)
[492.925s][info][gc,heap        ] GC(1285) PSYoungGen: 291904K(292352K)->64K(280576K) Eden: 291840K(291840K)->0K(280064K) From: 64K(512K)->64K(512K)
[492.925s][info][gc,heap        ] GC(1285) ParOldGen: 525794K(525824K)->525802K(525824K)
[492.925s][info][gc,metaspace   ] GC(1285) Metaspace: 35583K(36224K)->35583K(36224K) NonClass: 26378K(26880K)->26378K(26880K) Class: 9204K(9344K)->9204K(9344K)
[492.925s][info][gc             ] GC(1285) Pause Young (Allocation Failure) 798M->513M(787M) 1.846ms
[492.926s][info][gc,cpu         ] GC(1285) User=0.00s Sys=0.00s Real=0.00s
[493.399s][info][gc,start       ] GC(1286) Pause Young (Allocation Failure)
[493.401s][info][gc,heap        ] GC(1286) PSYoungGen: 280128K(280576K)->64K(280064K) Eden: 280064K(280064K)->0K(268800K) From: 64K(512K)->64K(11264K)
[493.401s][info][gc,heap        ] GC(1286) ParOldGen: 525802K(525824K)->525810K(525824K)
[493.401s][info][gc,metaspace   ] GC(1286) Metaspace: 35583K(36224K)->35583K(36224K) NonClass: 26378K(26880K)->26378K(26880K) Class: 9204K(9344K)->9204K(9344K)
[493.401s][info][gc             ] GC(1286) Pause Young (Allocation Failure) 787M->513M(787M) 1.744ms
[493.401s][info][gc,cpu         ] GC(1286) User=0.00s Sys=0.00s Real=0.00s
[494.483s][info][gc,start       ] GC(1287) Pause Young (Allocation Failure)
[494.485s][info][gc,heap        ] GC(1287) PSYoungGen: 268864K(280064K)->64K(258560K) Eden: 268800K(268800K)->0K(258048K) From: 64K(11264K)->64K(512K)
[494.485s][info][gc,heap        ] GC(1287) ParOldGen: 525810K(525824K)->525818K(525824K)
[494.485s][info][gc,metaspace   ] GC(1287) Metaspace: 35583K(36224K)->35583K(36224K) NonClass: 26378K(26880K)->26378K(26880K) Class: 9204K(9344K)->9204K(9344K)
[494.485s][info][gc             ] GC(1287) Pause Young (Allocation Failure) 776M->513M(766M) 2.502ms
[494.485s][info][gc,cpu         ] GC(1287) User=0.00s Sys=0.00s Real=0.00s
[494.865s][info][gc,start       ] GC(1288) Pause Young (Allocation Failure)
[494.867s][info][gc,heap        ] GC(1288) PSYoungGen: 258112K(258560K)->64K(257536K) Eden: 258048K(258048K)->0K(247808K) From: 64K(512K)->64K(9728K)
[494.867s][info][gc,heap        ] GC(1288) ParOldGen: 525818K(525824K)->525826K(526336K)
[494.867s][info][gc,metaspace   ] GC(1288) Metaspace: 35583K(36224K)->35583K(36224K) NonClass: 26378K(26880K)->26378K(26880K) Class: 9204K(9344K)->9204K(9344K)
[494.867s][info][gc             ] GC(1288) Pause Young (Allocation Failure) 765M->513M(765M) 1.820ms
[494.867s][info][gc,cpu         ] GC(1288) User=0.00s Sys=0.00s Real=0.00s
[494.999s][info][gc,start       ] GC(1289) Pause Young (Allocation Failure)
[495.001s][info][gc,heap        ] GC(1289) PSYoungGen: 247872K(257536K)->64K(238592K) Eden: 247808K(247808K)->0K(238080K) From: 64K(9728K)->64K(512K)
[495.001s][info][gc,heap        ] GC(1289) ParOldGen: 525826K(526336K)->525842K(526336K)
[495.001s][info][gc,metaspace   ] GC(1289) Metaspace: 35583K(36224K)->35583K(36224K) NonClass: 26378K(26880K)->26378K(26880K) Class: 9204K(9344K)->9204K(9344K)
[495.001s][info][gc             ] GC(1289) Pause Young (Allocation Failure) 755M->513M(747M) 2.359ms
[495.001s][info][gc,cpu         ] GC(1289) User=0.01s Sys=0.00s Real=0.00s
[495.422s][info][gc,start       ] GC(1290) Pause Young (Allocation Failure)
[495.424s][info][gc,heap        ] GC(1290) PSYoungGen: 238144K(238592K)->64K(237568K) Eden: 238080K(238080K)->0K(228864K) From: 64K(512K)->64K(8704K)
[495.424s][info][gc,heap        ] GC(1290) ParOldGen: 525842K(526336K)->525850K(526336K)
[495.424s][info][gc,metaspace   ] GC(1290) Metaspace: 35583K(36224K)->35583K(36224K) NonClass: 26378K(26880K)->26378K(26880K) Class: 9204K(9344K)->9204K(9344K)
[495.424s][info][gc             ] GC(1290) Pause Young (Allocation Failure) 746M->513M(746M) 1.759ms
[495.424s][info][gc,cpu         ] GC(1290) User=0.00s Sys=0.00s Real=0.00s
[495.746s][info][gc,start       ] GC(1291) Pause Young (Allocation Failure)
[495.749s][info][gc,heap        ] GC(1291) PSYoungGen: 228928K(237568K)->32K(220672K) Eden: 228864K(228864K)->0K(220160K) From: 64K(8704K)->32K(512K)
[495.749s][info][gc,heap        ] GC(1291) ParOldGen: 525850K(526336K)->525866K(526336K)
[495.749s][info][gc,metaspace   ] GC(1291) Metaspace: 35583K(36224K)->35583K(36224K) NonClass: 26378K(26880K)->26378K(26880K) Class: 9204K(9344K)->9204K(9344K)
[495.749s][info][gc             ] GC(1291) Pause Young (Allocation Failure) 737M->513M(729M) 2.544ms
[495.749s][info][gc,cpu         ] GC(1291) User=0.00s Sys=0.00s Real=0.00s
[496.087s][info][gc,start       ] GC(1292) Pause Young (Allocation Failure)
[496.111s][info][gc,heap        ] GC(1292) PSYoungGen: 220192K(220672K)->6432K(270848K) Eden: 220160K(220160K)->0K(263168K) From: 32K(512K)->6432K(7680K)
[496.111s][info][gc,heap        ] GC(1292) ParOldGen: 525866K(526336K)->525882K(526336K)
[496.111s][info][gc,metaspace   ] GC(1292) Metaspace: 35583K(36224K)->35583K(36224K) NonClass: 26378K(26880K)->26378K(26880K) Class: 9204K(9344K)->9204K(9344K)
[496.111s][info][gc             ] GC(1292) Pause Young (Allocation Failure) 728M->519M(778M) 24.112ms
[496.111s][info][gc,cpu         ] GC(1292) User=0.03s Sys=0.00s Real=0.02s
[496.478s][info][gc,start       ] GC(1293) Pause Young (Allocation Failure)
[496.540s][info][gc,heap        ] GC(1293) PSYoungGen: 269600K(270848K)->8704K(261632K) Eden: 263168K(263168K)->0K(252928K) From: 6432K(7680K)->8704K(8704K)
[496.540s][info][gc,heap        ] GC(1293) ParOldGen: 525882K(526336K)->546962K(547328K)
[496.540s][info][gc,metaspace   ] GC(1293) Metaspace: 35583K(36224K)->35583K(36224K) NonClass: 26378K(26880K)->26378K(26880K) Class: 9204K(9344K)->9204K(9344K)
[496.540s][info][gc             ] GC(1293) Pause Young (Allocation Failure) 776M->542M(790M) 62.167ms
[496.540s][info][gc,cpu         ] GC(1293) User=0.11s Sys=0.02s Real=0.06s
[496.832s][info][gc,start       ] GC(1294) Pause Young (Allocation Failure)
[496.883s][info][gc,heap        ] GC(1294) PSYoungGen: 261632K(261632K)->18944K(271872K) Eden: 252928K(252928K)->0K(252928K) From: 8704K(8704K)->18944K(18944K)
[496.883s][info][gc,heap        ] GC(1294) ParOldGen: 546962K(547328K)->555058K(555520K)
[496.883s][info][gc,metaspace   ] GC(1294) Metaspace: 35583K(36224K)->35583K(36224K) NonClass: 26378K(26880K)->26378K(26880K) Class: 9204K(9344K)->9204K(9344K)
[496.883s][info][gc             ] GC(1294) Pause Young (Allocation Failure) 789M->560M(808M) 51.276ms
[496.883s][info][gc,cpu         ] GC(1294) User=0.09s Sys=0.01s Real=0.06s
[496.973s][info][gc,start       ] GC(1295) Pause Young (Allocation Failure)
[496.977s][info][gc,heap        ] GC(1295) PSYoungGen: 271872K(271872K)->64K(308736K) Eden: 252928K(252928K)->0K(283136K) From: 18944K(18944K)->64K(25600K)
[496.977s][info][gc,heap        ] GC(1295) ParOldGen: 555058K(555520K)->555266K(555520K)
[496.977s][info][gc,metaspace   ] GC(1295) Metaspace: 35583K(36224K)->35583K(36224K) NonClass: 26378K(26880K)->26378K(26880K) Class: 9204K(9344K)->9204K(9344K)
[496.977s][info][gc             ] GC(1295) Pause Young (Allocation Failure) 807M->542M(844M) 3.969ms
[496.977s][info][gc,cpu         ] GC(1295) User=0.01s Sys=0.00s Real=0.00s
[497.637s][info][gc,start       ] GC(1296) Pause Young (Allocation Failure)
[497.639s][info][gc,heap        ] GC(1296) PSYoungGen: 283200K(308736K)->64K(283648K) Eden: 283136K(283136K)->0K(283136K) From: 64K(25600K)->64K(512K)
[497.639s][info][gc,heap        ] GC(1296) ParOldGen: 555266K(555520K)->555274K(555520K)
[497.639s][info][gc,metaspace   ] GC(1296) Metaspace: 35583K(36224K)->35583K(36224K) NonClass: 26378K(26880K)->26378K(26880K) Class: 9204K(9344K)->9204K(9344K)
[497.639s][info][gc             ] GC(1296) Pause Young (Allocation Failure) 818M->542M(819M) 1.822ms
[497.639s][info][gc,cpu         ] GC(1296) User=0.01s Sys=0.00s Real=0.00s
[498.002s][info][gc,start       ] GC(1297) Pause Young (Allocation Failure)
[498.004s][info][gc,heap        ] GC(1297) PSYoungGen: 283200K(283648K)->64K(308224K) Eden: 283136K(283136K)->0K(284160K) From: 64K(512K)->64K(24064K)
[498.004s][info][gc,heap        ] GC(1297) ParOldGen: 555274K(555520K)->555282K(555520K)
[498.004s][info][gc,metaspace   ] GC(1297) Metaspace: 35583K(36224K)->35583K(36224K) NonClass: 26378K(26880K)->26378K(26880K) Class: 9204K(9344K)->9204K(9344K)
[498.004s][info][gc             ] GC(1297) Pause Young (Allocation Failure) 818M->542M(843M) 1.784ms
[498.004s][info][gc,cpu         ] GC(1297) User=0.00s Sys=0.00s Real=0.00s
[498.461s][info][gc,start       ] GC(1298) Pause Young (Allocation Failure)
[498.463s][info][gc,heap        ] GC(1298) PSYoungGen: 284224K(308224K)->64K(307200K) Eden: 284160K(284160K)->0K(284160K) From: 64K(24064K)->64K(23040K)
[498.463s][info][gc,heap        ] GC(1298) ParOldGen: 555282K(555520K)->555298K(555520K)
[498.463s][info][gc,metaspace   ] GC(1298) Metaspace: 35583K(36224K)->35583K(36224K) NonClass: 26378K(26880K)->26378K(26880K) Class: 9204K(9344K)->9204K(9344K)
[498.463s][info][gc             ] GC(1298) Pause Young (Allocation Failure) 819M->542M(842M) 1.841ms
[498.463s][info][gc,cpu         ] GC(1298) User=0.01s Sys=0.00s Real=0.01s
[498.707s][info][gc,start       ] GC(1299) Pause Young (Allocation Failure)
[498.708s][info][gc,heap        ] GC(1299) PSYoungGen: 284224K(307200K)->64K(309760K) Eden: 284160K(284160K)->0K(287744K) From: 64K(23040K)->64K(22016K)
[498.708s][info][gc,heap        ] GC(1299) ParOldGen: 555298K(555520K)->555314K(555520K)
[498.708s][info][gc,metaspace   ] GC(1299) Metaspace: 35583K(36224K)->35583K(36224K) NonClass: 26378K(26880K)->26378K(26880K) Class: 9204K(9344K)->9204K(9344K)
[498.708s][info][gc             ] GC(1299) Pause Young (Allocation Failure) 819M->542M(845M) 1.689ms
[498.708s][info][gc,cpu         ] GC(1299) User=0.00s Sys=0.00s Real=0.00s
[499.081s][info][gc,start       ] GC(1300) Pause Young (Allocation Failure)
[499.083s][info][gc,heap        ] GC(1300) PSYoungGen: 287808K(309760K)->64K(308736K) Eden: 287744K(287744K)->0K(287744K) From: 64K(22016K)->64K(20992K)
[499.083s][info][gc,heap        ] GC(1300) ParOldGen: 555314K(555520K)->555322K(555520K)
[499.083s][info][gc,metaspace   ] GC(1300) Metaspace: 35583K(36224K)->35583K(36224K) NonClass: 26378K(26880K)->26378K(26880K) Class: 9204K(9344K)->9204K(9344K)
[499.083s][info][gc             ] GC(1300) Pause Young (Allocation Failure) 823M->542M(844M) 1.734ms
[499.083s][info][gc,cpu         ] GC(1300) User=0.00s Sys=0.01s Real=0.01s
[499.171s][info][gc,start       ] GC(1301) Pause Young (Allocation Failure)
[499.172s][info][gc,heap        ] GC(1301) PSYoungGen: 287808K(308736K)->64K(311808K) Eden: 287744K(287744K)->0K(291840K) From: 64K(20992K)->64K(19968K)
[499.172s][info][gc,heap        ] GC(1301) ParOldGen: 555322K(555520K)->555330K(555520K)
[499.172s][info][gc,metaspace   ] GC(1301) Metaspace: 35583K(36224K)->35583K(36224K) NonClass: 26378K(26880K)->26378K(26880K) Class: 9204K(9344K)->9204K(9344K)
[499.172s][info][gc             ] GC(1301) Pause Young (Allocation Failure) 823M->542M(847M) 1.622ms
[499.172s][info][gc,cpu         ] GC(1301) User=0.01s Sys=0.00s Real=0.01s
[499.226s][info][gc,start       ] GC(1302) Pause Young (Allocation Failure)
[499.228s][info][gc,heap        ] GC(1302) PSYoungGen: 291904K(311808K)->64K(310784K) Eden: 291840K(291840K)->0K(291840K) From: 64K(19968K)->64K(18944K)
[499.228s][info][gc,heap        ] GC(1302) ParOldGen: 555330K(555520K)->555346K(555520K)
[499.228s][info][gc,metaspace   ] GC(1302) Metaspace: 35583K(36224K)->35583K(36224K) NonClass: 26378K(26880K)->26378K(26880K) Class: 9204K(9344K)->9204K(9344K)
[499.228s][info][gc             ] GC(1302) Pause Young (Allocation Failure) 827M->542M(846M) 1.638ms
[499.228s][info][gc,cpu         ] GC(1302) User=0.00s Sys=0.00s Real=0.00s
[499.420s][info][gc,start       ] GC(1303) Pause Young (Allocation Failure)
[499.422s][info][gc,heap        ] GC(1303) PSYoungGen: 291904K(310784K)->64K(313856K) Eden: 291840K(291840K)->0K(295936K) From: 64K(18944K)->64K(17920K)
[499.422s][info][gc,heap        ] GC(1303) ParOldGen: 555346K(555520K)->555346K(555520K)
[499.422s][info][gc,metaspace   ] GC(1303) Metaspace: 35583K(36224K)->35583K(36224K) NonClass: 26378K(26880K)->26378K(26880K) Class: 9204K(9344K)->9204K(9344K)
[499.422s][info][gc             ] GC(1303) Pause Young (Allocation Failure) 827M->542M(849M) 1.690ms
[499.422s][info][gc,cpu         ] GC(1303) User=0.00s Sys=0.00s Real=0.01s
[499.694s][info][gc,start       ] GC(1304) Pause Young (Allocation Failure)
[499.696s][info][gc,heap        ] GC(1304) PSYoungGen: 296000K(313856K)->64K(312832K) Eden: 295936K(295936K)->0K(295936K) From: 64K(17920K)->64K(16896K)
[499.696s][info][gc,heap        ] GC(1304) ParOldGen: 555346K(555520K)->555354K(555520K)
[499.696s][info][gc,metaspace   ] GC(1304) Metaspace: 35583K(36224K)->35583K(36224K) NonClass: 26378K(26880K)->26378K(26880K) Class: 9204K(9344K)->9204K(9344K)
[499.696s][info][gc             ] GC(1304) Pause Young (Allocation Failure) 831M->542M(848M) 1.726ms
[499.696s][info][gc,cpu         ] GC(1304) User=0.00s Sys=0.00s Real=0.00s
[499.831s][info][gc,start       ] GC(1305) Pause Young (Allocation Failure)
[499.833s][info][gc,heap        ] GC(1305) PSYoungGen: 296000K(312832K)->64K(315904K) Eden: 295936K(295936K)->0K(300032K) From: 64K(16896K)->64K(15872K)
[499.833s][info][gc,heap        ] GC(1305) ParOldGen: 555354K(555520K)->555362K(555520K)
[499.833s][info][gc,metaspace   ] GC(1305) Metaspace: 35583K(36224K)->35583K(36224K) NonClass: 26378K(26880K)->26378K(26880K) Class: 9204K(9344K)->9204K(9344K)
[499.833s][info][gc             ] GC(1305) Pause Young (Allocation Failure) 831M->542M(851M) 1.680ms
[499.833s][info][gc,cpu         ] GC(1305) User=0.00s Sys=0.00s Real=0.01s
[499.942s][info][gc,start       ] GC(1306) Pause Young (Allocation Failure)
[499.944s][info][gc,heap        ] GC(1306) PSYoungGen: 300096K(315904K)->64K(314880K) Eden: 300032K(300032K)->0K(300032K) From: 64K(15872K)->64K(14848K)
[499.944s][info][gc,heap        ] GC(1306) ParOldGen: 555362K(555520K)->555370K(555520K)
[499.944s][info][gc,metaspace   ] GC(1306) Metaspace: 35583K(36224K)->35583K(36224K) NonClass: 26378K(26880K)->26378K(26880K) Class: 9204K(9344K)->9204K(9344K)
[499.944s][info][gc             ] GC(1306) Pause Young (Allocation Failure) 835M->542M(850M) 1.625ms
[499.944s][info][gc,cpu         ] GC(1306) User=0.00s Sys=0.00s Real=0.00s
[500.176s][info][gc,start       ] GC(1307) Pause Young (Allocation Failure)
[500.178s][info][gc,heap        ] GC(1307) PSYoungGen: 300096K(314880K)->64K(317440K) Eden: 300032K(300032K)->0K(303616K) From: 64K(14848K)->64K(13824K)
[500.178s][info][gc,heap        ] GC(1307) ParOldGen: 555370K(555520K)->555378K(555520K)
[500.178s][info][gc,metaspace   ] GC(1307) Metaspace: 35583K(36224K)->35583K(36224K) NonClass: 26378K(26880K)->26378K(26880K) Class: 9204K(9344K)->9204K(9344K)
[500.178s][info][gc             ] GC(1307) Pause Young (Allocation Failure) 835M->542M(852M) 1.625ms
[500.178s][info][gc,cpu         ] GC(1307) User=0.00s Sys=0.01s Real=0.00s
[501.031s][info][gc,start       ] GC(1308) Pause Young (Allocation Failure)
[501.032s][info][gc,heap        ] GC(1308) PSYoungGen: 303680K(317440K)->64K(316928K) Eden: 303616K(303616K)->0K(303616K) From: 64K(13824K)->64K(13312K)
[501.032s][info][gc,heap        ] GC(1308) ParOldGen: 555378K(555520K)->555386K(555520K)
[501.032s][info][gc,metaspace   ] GC(1308) Metaspace: 35583K(36224K)->35583K(36224K) NonClass: 26378K(26880K)->26378K(26880K) Class: 9204K(9344K)->9204K(9344K)
[501.032s][info][gc             ] GC(1308) Pause Young (Allocation Failure) 838M->542M(852M) 1.849ms
[501.032s][info][gc,cpu         ] GC(1308) User=0.00s Sys=0.00s Real=0.01s
[501.963s][info][gc,start       ] GC(1309) Pause Young (Allocation Failure)
[501.965s][info][gc,heap        ] GC(1309) PSYoungGen: 303680K(316928K)->64K(291840K) Eden: 303616K(303616K)->0K(291328K) From: 64K(13312K)->64K(512K)
[501.965s][info][gc,heap        ] GC(1309) ParOldGen: 555386K(555520K)->555394K(555520K)
[501.965s][info][gc,metaspace   ] GC(1309) Metaspace: 35583K(36224K)->35583K(36224K) NonClass: 26378K(26880K)->26378K(26880K) Class: 9204K(9344K)->9204K(9344K)
[501.965s][info][gc             ] GC(1309) Pause Young (Allocation Failure) 838M->542M(827M) 1.864ms
[501.965s][info][gc,cpu         ] GC(1309) User=0.00s Sys=0.00s Real=0.00s
[502.422s][info][gc,start       ] GC(1310) Pause Young (Allocation Failure)
[502.424s][info][gc,heap        ] GC(1310) PSYoungGen: 291392K(291840K)->64K(290816K) Eden: 291328K(291328K)->0K(279552K) From: 64K(512K)->64K(11264K)
[502.424s][info][gc,heap        ] GC(1310) ParOldGen: 555394K(555520K)->555402K(555520K)
[502.424s][info][gc,metaspace   ] GC(1310) Metaspace: 35583K(36224K)->35583K(36224K) NonClass: 26378K(26880K)->26378K(26880K) Class: 9204K(9344K)->9204K(9344K)
[502.424s][info][gc             ] GC(1310) Pause Young (Allocation Failure) 826M->542M(826M) 1.720ms
[502.424s][info][gc,cpu         ] GC(1310) User=0.00s Sys=0.00s Real=0.00s
[503.441s][info][gc,start       ] GC(1311) Pause Young (Allocation Failure)
[503.443s][info][gc,heap        ] GC(1311) PSYoungGen: 279616K(290816K)->64K(268800K) Eden: 279552K(279552K)->0K(268288K) From: 64K(11264K)->64K(512K)
[503.443s][info][gc,heap        ] GC(1311) ParOldGen: 555402K(555520K)->555410K(555520K)
[503.443s][info][gc,metaspace   ] GC(1311) Metaspace: 35583K(36224K)->35583K(36224K) NonClass: 26378K(26880K)->26378K(26880K) Class: 9204K(9344K)->9204K(9344K)
[503.443s][info][gc             ] GC(1311) Pause Young (Allocation Failure) 815M->542M(805M) 1.912ms
[503.443s][info][gc,cpu         ] GC(1311) User=0.01s Sys=0.00s Real=0.01s
[503.831s][info][gc,start       ] GC(1312) Pause Young (Allocation Failure)
[503.833s][info][gc,heap        ] GC(1312) PSYoungGen: 268352K(268800K)->64K(268288K) Eden: 268288K(268288K)->0K(258048K) From: 64K(512K)->64K(10240K)
[503.833s][info][gc,heap        ] GC(1312) ParOldGen: 555410K(555520K)->555418K(555520K)
[503.833s][info][gc,metaspace   ] GC(1312) Metaspace: 35583K(36224K)->35583K(36224K) NonClass: 26378K(26880K)->26378K(26880K) Class: 9204K(9344K)->9204K(9344K)
[503.833s][info][gc             ] GC(1312) Pause Young (Allocation Failure) 804M->542M(804M) 1.748ms
[503.833s][info][gc,cpu         ] GC(1312) User=0.01s Sys=0.00s Real=0.01s
[503.965s][info][gc,start       ] GC(1313) Pause Young (Allocation Failure)
[503.968s][info][gc,heap        ] GC(1313) PSYoungGen: 258112K(268288K)->64K(248320K) Eden: 258048K(258048K)->0K(247808K) From: 64K(10240K)->64K(512K)
[503.968s][info][gc,heap        ] GC(1313) ParOldGen: 555418K(555520K)->555426K(555520K)
[503.968s][info][gc,metaspace   ] GC(1313) Metaspace: 35583K(36224K)->35583K(36224K) NonClass: 26378K(26880K)->26378K(26880K) Class: 9204K(9344K)->9204K(9344K)
[503.968s][info][gc             ] GC(1313) Pause Young (Allocation Failure) 794M->542M(785M) 2.466ms
[503.968s][info][gc,cpu         ] GC(1313) User=0.00s Sys=0.00s Real=0.00s
[504.403s][info][gc,start       ] GC(1314) Pause Young (Allocation Failure)
[504.406s][info][gc,heap        ] GC(1314) PSYoungGen: 247872K(248320K)->64K(246784K) Eden: 247808K(247808K)->0K(238080K) From: 64K(512K)->64K(8704K)
[504.406s][info][gc,heap        ] GC(1314) ParOldGen: 555426K(555520K)->555434K(555520K)
[504.406s][info][gc,metaspace   ] GC(1314) Metaspace: 35583K(36224K)->35583K(36224K) NonClass: 26378K(26880K)->26378K(26880K) Class: 9204K(9344K)->9204K(9344K)
[504.406s][info][gc             ] GC(1314) Pause Young (Allocation Failure) 784M->542M(783M) 2.503ms
[504.406s][info][gc,cpu         ] GC(1314) User=0.01s Sys=0.00s Real=0.00s
[504.770s][info][gc,start       ] GC(1315) Pause Young (Allocation Failure)
[504.772s][info][gc,heap        ] GC(1315) PSYoungGen: 238144K(246784K)->64K(229376K) Eden: 238080K(238080K)->0K(228864K) From: 64K(8704K)->64K(512K)
[504.772s][info][gc,heap        ] GC(1315) ParOldGen: 555434K(555520K)->555442K(555520K)
[504.772s][info][gc,metaspace   ] GC(1315) Metaspace: 35583K(36224K)->35583K(36224K) NonClass: 26378K(26880K)->26378K(26880K) Class: 9204K(9344K)->9204K(9344K)
[504.772s][info][gc             ] GC(1315) Pause Young (Allocation Failure) 774M->542M(766M) 2.783ms
[504.772s][info][gc,cpu         ] GC(1315) User=0.00s Sys=0.00s Real=0.01s
[505.166s][info][gc,start       ] GC(1316) Pause Young (Allocation Failure)
[505.184s][info][gc,heap        ] GC(1316) PSYoungGen: 228928K(229376K)->7680K(281088K) Eden: 228864K(228864K)->0K(273408K) From: 64K(512K)->7680K(7680K)
[505.184s][info][gc,heap        ] GC(1316) ParOldGen: 555442K(555520K)->557602K(558080K)
[505.184s][info][gc,metaspace   ] GC(1316) Metaspace: 35583K(36224K)->35583K(36224K) NonClass: 26378K(26880K)->26378K(26880K) Class: 9204K(9344K)->9204K(9344K)
[505.184s][info][gc             ] GC(1316) Pause Young (Allocation Failure) 765M->552M(819M) 17.499ms
[505.184s][info][gc,cpu         ] GC(1316) User=0.03s Sys=0.01s Real=0.02s
[505.513s][info][gc,start       ] GC(1317) Pause Young (Allocation Failure)
[505.576s][info][gc,heap        ] GC(1317) PSYoungGen: 281088K(281088K)->8704K(273408K) Eden: 273408K(273408K)->0K(264704K) From: 7680K(7680K)->8704K(8704K)
[505.576s][info][gc,heap        ] GC(1317) ParOldGen: 557602K(558080K)->579898K(580096K)
[505.576s][info][gc,metaspace   ] GC(1317) Metaspace: 35583K(36224K)->35583K(36224K) NonClass: 26378K(26880K)->26378K(26880K) Class: 9204K(9344K)->9204K(9344K)
[505.576s][info][gc             ] GC(1317) Pause Young (Allocation Failure) 819M->574M(833M) 62.183ms
[505.576s][info][gc,cpu         ] GC(1317) User=0.10s Sys=0.02s Real=0.06s
[505.827s][info][gc,start       ] GC(1318) Pause Young (Allocation Failure)
[505.867s][info][gc,heap        ] GC(1318) PSYoungGen: 273408K(273408K)->20480K(285184K) Eden: 264704K(264704K)->0K(264704K) From: 8704K(8704K)->20480K(20480K)
[505.867s][info][gc,heap        ] GC(1318) ParOldGen: 579898K(580096K)->581874K(582144K)
[505.867s][info][gc,metaspace   ] GC(1318) Metaspace: 35583K(36224K)->35583K(36224K) NonClass: 26378K(26880K)->26378K(26880K) Class: 9204K(9344K)->9204K(9344K)
[505.867s][info][gc             ] GC(1318) Pause Young (Allocation Failure) 833M->588M(847M) 39.699ms
[505.867s][info][gc,cpu         ] GC(1318) User=0.07s Sys=0.00s Real=0.04s
[506.061s][info][gc,start       ] GC(1319) Pause Young (Allocation Failure)
[506.063s][info][gc,heap        ] GC(1319) PSYoungGen: 285184K(285184K)->64K(309248K) Eden: 264704K(264704K)->0K(284160K) From: 20480K(20480K)->64K(25088K)
[506.063s][info][gc,heap        ] GC(1319) ParOldGen: 581874K(582144K)->581922K(582144K)
[506.063s][info][gc,metaspace   ] GC(1319) Metaspace: 35583K(36224K)->35583K(36224K) NonClass: 26378K(26880K)->26378K(26880K) Class: 9204K(9344K)->9204K(9344K)
[506.063s][info][gc             ] GC(1319) Pause Young (Allocation Failure) 846M->568M(870M) 2.330ms
[506.063s][info][gc,cpu         ] GC(1319) User=0.00s Sys=0.00s Real=0.01s
[506.747s][info][gc,start       ] GC(1320) Pause Young (Allocation Failure)
[506.748s][info][gc,heap        ] GC(1320) PSYoungGen: 284224K(309248K)->64K(284672K) Eden: 284160K(284160K)->0K(284160K) From: 64K(25088K)->64K(512K)
[506.748s][info][gc,heap        ] GC(1320) ParOldGen: 581922K(582144K)->581930K(582144K)
[506.749s][info][gc,metaspace   ] GC(1320) Metaspace: 35583K(36224K)->35583K(36224K) NonClass: 26378K(26880K)->26378K(26880K) Class: 9204K(9344K)->9204K(9344K)
[506.749s][info][gc             ] GC(1320) Pause Young (Allocation Failure) 845M->568M(846M) 1.818ms
[506.749s][info][gc,cpu         ] GC(1320) User=0.00s Sys=0.00s Real=0.00s
[507.233s][info][gc,start       ] GC(1321) Pause Young (Allocation Failure)
[507.235s][info][gc,heap        ] GC(1321) PSYoungGen: 284224K(284672K)->64K(308736K) Eden: 284160K(284160K)->0K(285184K) From: 64K(512K)->64K(23552K)
[507.235s][info][gc,heap        ] GC(1321) ParOldGen: 581930K(582144K)->581946K(582144K)
[507.235s][info][gc,metaspace   ] GC(1321) Metaspace: 35583K(36224K)->35583K(36224K) NonClass: 26378K(26880K)->26378K(26880K) Class: 9204K(9344K)->9204K(9344K)
[507.235s][info][gc             ] GC(1321) Pause Young (Allocation Failure) 845M->568M(870M) 1.866ms
[507.235s][info][gc,cpu         ] GC(1321) User=0.01s Sys=0.00s Real=0.00s
[507.473s][info][gc,start       ] GC(1322) Pause Young (Allocation Failure)
[507.475s][info][gc,heap        ] GC(1322) PSYoungGen: 285248K(308736K)->64K(307712K) Eden: 285184K(285184K)->0K(285184K) From: 64K(23552K)->64K(22528K)
[507.475s][info][gc,heap        ] GC(1322) ParOldGen: 581946K(582144K)->581962K(582144K)
[507.475s][info][gc,metaspace   ] GC(1322) Metaspace: 35583K(36224K)->35583K(36224K) NonClass: 26378K(26880K)->26378K(26880K) Class: 9204K(9344K)->9204K(9344K)
[507.475s][info][gc             ] GC(1322) Pause Young (Allocation Failure) 846M->568M(869M) 1.802ms
[507.475s][info][gc,cpu         ] GC(1322) User=0.01s Sys=0.00s Real=0.00s
[507.714s][info][gc,start       ] GC(1323) Pause Young (Allocation Failure)
[507.715s][info][gc,heap        ] GC(1323) PSYoungGen: 285248K(307712K)->64K(310272K) Eden: 285184K(285184K)->0K(288768K) From: 64K(22528K)->64K(21504K)
[507.716s][info][gc,heap        ] GC(1323) ParOldGen: 581962K(582144K)->581962K(582144K)
[507.716s][info][gc,metaspace   ] GC(1323) Metaspace: 35583K(36224K)->35583K(36224K) NonClass: 26378K(26880K)->26378K(26880K) Class: 9204K(9344K)->9204K(9344K)
[507.716s][info][gc             ] GC(1323) Pause Young (Allocation Failure) 846M->568M(871M) 1.764ms
[507.716s][info][gc,cpu         ] GC(1323) User=0.01s Sys=0.00s Real=0.00s
[508.077s][info][gc,start       ] GC(1324) Pause Young (Allocation Failure)
[508.078s][info][gc,heap        ] GC(1324) PSYoungGen: 288832K(310272K)->64K(309248K) Eden: 288768K(288768K)->0K(288768K) From: 64K(21504K)->64K(20480K)
[508.078s][info][gc,heap        ] GC(1324) ParOldGen: 581962K(582144K)->581962K(582144K)
[508.078s][info][gc,metaspace   ] GC(1324) Metaspace: 35583K(36224K)->35583K(36224K) NonClass: 26378K(26880K)->26378K(26880K) Class: 9204K(9344K)->9204K(9344K)
[508.078s][info][gc             ] GC(1324) Pause Young (Allocation Failure) 850M->568M(870M) 1.775ms
[508.078s][info][gc,cpu         ] GC(1324) User=0.00s Sys=0.00s Real=0.00s
[508.128s][info][gc,start       ] GC(1325) Pause Young (Allocation Failure)
[508.130s][info][gc,heap        ] GC(1325) PSYoungGen: 288832K(309248K)->64K(312320K) Eden: 288768K(288768K)->0K(292864K) From: 64K(20480K)->64K(19456K)
[508.130s][info][gc,heap        ] GC(1325) ParOldGen: 581962K(582144K)->581978K(582144K)
[508.130s][info][gc,metaspace   ] GC(1325) Metaspace: 35583K(36224K)->35583K(36224K) NonClass: 26378K(26880K)->26378K(26880K) Class: 9204K(9344K)->9204K(9344K)
[508.130s][info][gc             ] GC(1325) Pause Young (Allocation Failure) 850M->568M(873M) 1.663ms
[508.130s][info][gc,cpu         ] GC(1325) User=0.00s Sys=0.00s Real=0.00s
[508.180s][info][gc,start       ] GC(1326) Pause Young (Allocation Failure)
[508.182s][info][gc,heap        ] GC(1326) PSYoungGen: 292928K(312320K)->64K(311296K) Eden: 292864K(292864K)->0K(292864K) From: 64K(19456K)->64K(18432K)
[508.182s][info][gc,heap        ] GC(1326) ParOldGen: 581978K(582144K)->581978K(582144K)
[508.182s][info][gc,metaspace   ] GC(1326) Metaspace: 35583K(36224K)->35583K(36224K) NonClass: 26378K(26880K)->26378K(26880K) Class: 9204K(9344K)->9204K(9344K)
[508.182s][info][gc             ] GC(1326) Pause Young (Allocation Failure) 854M->568M(872M) 1.602ms
[508.182s][info][gc,cpu         ] GC(1326) User=0.01s Sys=0.00s Real=0.01s
[508.440s][info][gc,start       ] GC(1327) Pause Young (Allocation Failure)
[508.441s][info][gc,heap        ] GC(1327) PSYoungGen: 292928K(311296K)->64K(314368K) Eden: 292864K(292864K)->0K(296960K) From: 64K(18432K)->64K(17408K)
[508.441s][info][gc,heap        ] GC(1327) ParOldGen: 581978K(582144K)->581978K(582144K)
[508.441s][info][gc,metaspace   ] GC(1327) Metaspace: 35583K(36224K)->35583K(36224K) NonClass: 26378K(26880K)->26378K(26880K) Class: 9204K(9344K)->9204K(9344K)
[508.441s][info][gc             ] GC(1327) Pause Young (Allocation Failure) 854M->568M(875M) 1.649ms
[508.441s][info][gc,cpu         ] GC(1327) User=0.00s Sys=0.00s Real=0.00s
[508.706s][info][gc,start       ] GC(1328) Pause Young (Allocation Failure)
[508.707s][info][gc,heap        ] GC(1328) PSYoungGen: 297024K(314368K)->64K(313344K) Eden: 296960K(296960K)->0K(296960K) From: 64K(17408K)->64K(16384K)
[508.707s][info][gc,heap        ] GC(1328) ParOldGen: 581978K(582144K)->581986K(582144K)
[508.707s][info][gc,metaspace   ] GC(1328) Metaspace: 35583K(36224K)->35583K(36224K) NonClass: 26378K(26880K)->26378K(26880K) Class: 9204K(9344K)->9204K(9344K)
[508.707s][info][gc             ] GC(1328) Pause Young (Allocation Failure) 858M->568M(874M) 1.645ms
[508.707s][info][gc,cpu         ] GC(1328) User=0.00s Sys=0.00s Real=0.00s
[508.812s][info][gc,start       ] GC(1329) Pause Young (Allocation Failure)
[508.814s][info][gc,heap        ] GC(1329) PSYoungGen: 297024K(313344K)->64K(316416K) Eden: 296960K(296960K)->0K(301056K) From: 64K(16384K)->64K(15360K)
[508.814s][info][gc,heap        ] GC(1329) ParOldGen: 581986K(582144K)->581994K(582144K)
[508.814s][info][gc,metaspace   ] GC(1329) Metaspace: 35583K(36224K)->35583K(36224K) NonClass: 26378K(26880K)->26378K(26880K) Class: 9204K(9344K)->9204K(9344K)
[508.814s][info][gc             ] GC(1329) Pause Young (Allocation Failure) 858M->568M(877M) 1.770ms
[508.814s][info][gc,cpu         ] GC(1329) User=0.01s Sys=0.00s Real=0.00s
[508.951s][info][gc,start       ] GC(1330) Pause Young (Allocation Failure)
[508.953s][info][gc,heap        ] GC(1330) PSYoungGen: 301120K(316416K)->64K(315904K) Eden: 301056K(301056K)->0K(301056K) From: 64K(15360K)->64K(14848K)
[508.953s][info][gc,heap        ] GC(1330) ParOldGen: 581994K(582144K)->582002K(582144K)
[508.953s][info][gc,metaspace   ] GC(1330) Metaspace: 35583K(36224K)->35583K(36224K) NonClass: 26378K(26880K)->26378K(26880K) Class: 9204K(9344K)->9204K(9344K)
[508.953s][info][gc             ] GC(1330) Pause Young (Allocation Failure) 862M->568M(877M) 1.716ms
[508.953s][info][gc,cpu         ] GC(1330) User=0.00s Sys=0.00s Real=0.01s
[509.352s][info][gc,start       ] GC(1331) Pause Young (Allocation Failure)
[509.354s][info][gc,heap        ] GC(1331) PSYoungGen: 301120K(315904K)->64K(317952K) Eden: 301056K(301056K)->0K(304640K) From: 64K(14848K)->64K(13312K)
[509.354s][info][gc,heap        ] GC(1331) ParOldGen: 582002K(582144K)->582010K(582144K)
[509.354s][info][gc,metaspace   ] GC(1331) Metaspace: 35583K(36224K)->35583K(36224K) NonClass: 26378K(26880K)->26378K(26880K) Class: 9204K(9344K)->9204K(9344K)
[509.354s][info][gc             ] GC(1331) Pause Young (Allocation Failure) 862M->568M(879M) 1.834ms
[509.354s][info][gc,cpu         ] GC(1331) User=0.00s Sys=0.00s Real=0.00s
[510.003s][info][gc,start       ] GC(1332) Pause Young (Allocation Failure)
[510.005s][info][gc,heap        ] GC(1332) PSYoungGen: 304704K(317952K)->64K(317440K) Eden: 304640K(304640K)->0K(304640K) From: 64K(13312K)->64K(12800K)
[510.005s][info][gc,heap        ] GC(1332) ParOldGen: 582010K(582144K)->582018K(582144K)
[510.005s][info][gc,metaspace   ] GC(1332) Metaspace: 35583K(36224K)->35583K(36224K) NonClass: 26378K(26880K)->26378K(26880K) Class: 9204K(9344K)->9204K(9344K)
[510.005s][info][gc             ] GC(1332) Pause Young (Allocation Failure) 865M->568M(878M) 1.780ms
[510.005s][info][gc,cpu         ] GC(1332) User=0.00s Sys=0.00s Real=0.00s
[511.000s][info][gc,start       ] GC(1333) Pause Young (Allocation Failure)
[511.002s][info][gc,heap        ] GC(1333) PSYoungGen: 304704K(317440K)->64K(292864K) Eden: 304640K(304640K)->0K(292352K) From: 64K(12800K)->64K(512K)
[511.002s][info][gc,heap        ] GC(1333) ParOldGen: 582018K(582144K)->582026K(582144K)
[511.002s][info][gc,metaspace   ] GC(1333) Metaspace: 35583K(36224K)->35583K(36224K) NonClass: 26378K(26880K)->26378K(26880K) Class: 9204K(9344K)->9204K(9344K)
[511.002s][info][gc             ] GC(1333) Pause Young (Allocation Failure) 865M->568M(854M) 1.899ms
[511.002s][info][gc,cpu         ] GC(1333) User=0.00s Sys=0.00s Real=0.01s
[511.524s][info][gc,start       ] GC(1334) Pause Young (Allocation Failure)
[511.526s][info][gc,heap        ] GC(1334) PSYoungGen: 292416K(292864K)->64K(291840K) Eden: 292352K(292352K)->0K(280576K) From: 64K(512K)->64K(11264K)
[511.526s][info][gc,heap        ] GC(1334) ParOldGen: 582026K(582144K)->582034K(582144K)
[511.526s][info][gc,metaspace   ] GC(1334) Metaspace: 35583K(36224K)->35583K(36224K) NonClass: 26378K(26880K)->26378K(26880K) Class: 9204K(9344K)->9204K(9344K)
[511.526s][info][gc             ] GC(1334) Pause Young (Allocation Failure) 853M->568M(853M) 1.858ms
[511.526s][info][gc,cpu         ] GC(1334) User=0.01s Sys=0.00s Real=0.00s
[512.521s][info][gc,start       ] GC(1335) Pause Young (Allocation Failure)
[512.523s][info][gc,heap        ] GC(1335) PSYoungGen: 280640K(291840K)->64K(269824K) Eden: 280576K(280576K)->0K(269312K) From: 64K(11264K)->64K(512K)
[512.523s][info][gc,heap        ] GC(1335) ParOldGen: 582034K(582144K)->582042K(582144K)
[512.523s][info][gc,metaspace   ] GC(1335) Metaspace: 35583K(36224K)->35583K(36224K) NonClass: 26378K(26880K)->26378K(26880K) Class: 9204K(9344K)->9204K(9344K)
[512.523s][info][gc             ] GC(1335) Pause Young (Allocation Failure) 842M->568M(832M) 1.924ms
[512.523s][info][gc,cpu         ] GC(1335) User=0.00s Sys=0.00s Real=0.01s
[512.911s][info][gc,start       ] GC(1336) Pause Young (Allocation Failure)
[512.912s][info][gc,heap        ] GC(1336) PSYoungGen: 269376K(269824K)->64K(268288K) Eden: 269312K(269312K)->0K(258560K) From: 64K(512K)->64K(9728K)
[512.912s][info][gc,heap        ] GC(1336) ParOldGen: 582042K(582144K)->582050K(582144K)
[512.912s][info][gc,metaspace   ] GC(1336) Metaspace: 35583K(36224K)->35583K(36224K) NonClass: 26378K(26880K)->26378K(26880K) Class: 9204K(9344K)->9204K(9344K)
[512.912s][info][gc             ] GC(1336) Pause Young (Allocation Failure) 831M->568M(830M) 1.888ms
[512.912s][info][gc,cpu         ] GC(1336) User=0.00s Sys=0.00s Real=0.01s
[513.005s][info][gc,start       ] GC(1337) Pause Young (Allocation Failure)
[513.007s][info][gc,heap        ] GC(1337) PSYoungGen: 258624K(268288K)->64K(248832K) Eden: 258560K(258560K)->0K(248320K) From: 64K(9728K)->64K(512K)
[513.007s][info][gc,heap        ] GC(1337) ParOldGen: 582050K(582144K)->582058K(582144K)
[513.007s][info][gc,metaspace   ] GC(1337) Metaspace: 35583K(36224K)->35583K(36224K) NonClass: 26378K(26880K)->26378K(26880K) Class: 9204K(9344K)->9204K(9344K)
[513.007s][info][gc             ] GC(1337) Pause Young (Allocation Failure) 820M->568M(811M) 2.188ms
[513.007s][info][gc,cpu         ] GC(1337) User=0.01s Sys=0.00s Real=0.00s
[513.601s][info][gc,start       ] GC(1338) Pause Young (Allocation Failure)
[513.604s][info][gc,heap        ] GC(1338) PSYoungGen: 248384K(248832K)->64K(247296K) Eden: 248320K(248320K)->0K(238592K) From: 64K(512K)->64K(8704K)
[513.604s][info][gc,heap        ] GC(1338) ParOldGen: 582058K(582144K)->582066K(582144K)
[513.604s][info][gc,metaspace   ] GC(1338) Metaspace: 35583K(36224K)->35583K(36224K) NonClass: 26378K(26880K)->26378K(26880K) Class: 9204K(9344K)->9204K(9344K)
[513.604s][info][gc             ] GC(1338) Pause Young (Allocation Failure) 810M->568M(810M) 3.536ms
[513.604s][info][gc,cpu         ] GC(1338) User=0.00s Sys=0.00s Real=0.01s
[513.826s][info][gc,start       ] GC(1339) Pause Young (Allocation Failure)
[513.829s][info][gc,heap        ] GC(1339) PSYoungGen: 238656K(247296K)->32K(229888K) Eden: 238592K(238592K)->0K(229376K) From: 64K(8704K)->32K(512K)
[513.829s][info][gc,heap        ] GC(1339) ParOldGen: 582066K(582144K)->582074K(582144K)
[513.829s][info][gc,metaspace   ] GC(1339) Metaspace: 35583K(36224K)->35583K(36224K) NonClass: 26378K(26880K)->26378K(26880K) Class: 9204K(9344K)->9204K(9344K)
[513.829s][info][gc             ] GC(1339) Pause Young (Allocation Failure) 801M->568M(793M) 3.570ms
[513.829s][info][gc,cpu         ] GC(1339) User=0.00s Sys=0.01s Real=0.00s
[514.148s][info][gc,start       ] GC(1340) Pause Young (Allocation Failure)
[514.186s][info][gc,heap        ] GC(1340) PSYoungGen: 229408K(229888K)->7168K(282112K) Eden: 229376K(229376K)->0K(274944K) From: 32K(512K)->7168K(7168K)
[514.186s][info][gc,heap        ] GC(1340) ParOldGen: 582074K(582144K)->594242K(594432K)
[514.186s][info][gc,metaspace   ] GC(1340) Metaspace: 35583K(36224K)->35583K(36224K) NonClass: 26378K(26880K)->26378K(26880K) Class: 9204K(9344K)->9204K(9344K)
[514.186s][info][gc             ] GC(1340) Pause Young (Allocation Failure) 792M->587M(856M) 38.432ms
[514.186s][info][gc,cpu         ] GC(1340) User=0.07s Sys=0.00s Real=0.04s
[514.528s][info][gc,start       ] GC(1341) Pause Young (Allocation Failure)
[514.596s][info][gc,heap        ] GC(1341) PSYoungGen: 282112K(282112K)->13824K(279552K) Eden: 274944K(274944K)->0K(265728K) From: 7168K(7168K)->13824K(13824K)
[514.596s][info][gc,heap        ] GC(1341) ParOldGen: 594242K(594432K)->611850K(612352K)
[514.596s][info][gc,metaspace   ] GC(1341) Metaspace: 35583K(36224K)->35583K(36224K) NonClass: 26378K(26880K)->26378K(26880K) Class: 9204K(9344K)->9204K(9344K)
[514.596s][info][gc             ] GC(1341) Pause Young (Allocation Failure) 855M->611M(871M) 68.521ms
[514.596s][info][gc,cpu         ] GC(1341) User=0.11s Sys=0.02s Real=0.07s
[514.768s][info][gc,start       ] GC(1342) Pause Young (Allocation Failure)
[514.793s][info][gc,heap        ] GC(1342) PSYoungGen: 279552K(279552K)->12192K(288768K) Eden: 265728K(265728K)->0K(265728K) From: 13824K(13824K)->12192K(23040K)
[514.793s][info][gc,heap        ] GC(1342) ParOldGen: 611850K(612352K)->612330K(612352K)
[514.793s][info][gc,metaspace   ] GC(1342) Metaspace: 35583K(36224K)->35583K(36224K) NonClass: 26378K(26880K)->26378K(26880K) Class: 9204K(9344K)->9204K(9344K)
[514.793s][info][gc             ] GC(1342) Pause Young (Allocation Failure) 870M->609M(880M) 24.124ms
[514.793s][info][gc,cpu         ] GC(1342) User=0.05s Sys=0.00s Real=0.03s
[515.189s][info][gc,start       ] GC(1343) Pause Young (Allocation Failure)
[515.191s][info][gc,heap        ] GC(1343) PSYoungGen: 277920K(288768K)->64K(309760K) Eden: 265728K(265728K)->0K(286720K) From: 12192K(23040K)->64K(23040K)
[515.191s][info][gc,heap        ] GC(1343) ParOldGen: 612330K(612352K)->612338K(612352K)
[515.191s][info][gc,metaspace   ] GC(1343) Metaspace: 35583K(36224K)->35583K(36224K) NonClass: 26378K(26880K)->26378K(26880K) Class: 9204K(9344K)->9204K(9344K)
[515.191s][info][gc             ] GC(1343) Pause Young (Allocation Failure) 869M->598M(900M) 2.009ms
[515.191s][info][gc,cpu         ] GC(1343) User=0.00s Sys=0.00s Real=0.00s
[515.803s][info][gc,start       ] GC(1344) Pause Young (Allocation Failure)
[515.805s][info][gc,heap        ] GC(1344) PSYoungGen: 286784K(309760K)->64K(309760K) Eden: 286720K(286720K)->0K(286720K) From: 64K(23040K)->64K(23040K)
[515.805s][info][gc,heap        ] GC(1344) ParOldGen: 612338K(612352K)->612346K(612352K)
[515.805s][info][gc,metaspace   ] GC(1344) Metaspace: 35583K(36224K)->35583K(36224K) NonClass: 26378K(26880K)->26378K(26880K) Class: 9204K(9344K)->9204K(9344K)
[515.805s][info][gc             ] GC(1344) Pause Young (Allocation Failure) 878M->598M(900M) 1.941ms
[515.805s][info][gc,cpu         ] GC(1344) User=0.01s Sys=0.00s Real=0.00s
[516.260s][info][gc,start       ] GC(1345) Pause Young (Allocation Failure)
[516.262s][info][gc,heap        ] GC(1345) PSYoungGen: 286784K(309760K)->32K(309248K) Eden: 286720K(286720K)->0K(288256K) From: 64K(23040K)->32K(20992K)
[516.262s][info][gc,heap        ] GC(1345) ParOldGen: 612346K(612352K)->612354K(612864K)
[516.262s][info][gc,metaspace   ] GC(1345) Metaspace: 35583K(36224K)->35583K(36224K) NonClass: 26378K(26880K)->26378K(26880K) Class: 9204K(9344K)->9204K(9344K)
[516.262s][info][gc             ] GC(1345) Pause Young (Allocation Failure) 878M->598M(900M) 2.339ms
[516.262s][info][gc,cpu         ] GC(1345) User=0.00s Sys=0.00s Real=0.01s
[516.502s][info][gc,start       ] GC(1346) Pause Young (Allocation Failure)
[516.504s][info][gc,heap        ] GC(1346) PSYoungGen: 288288K(309248K)->32K(309760K) Eden: 288256K(288256K)->0K(288256K) From: 32K(20992K)->32K(21504K)
[516.505s][info][gc,heap        ] GC(1346) ParOldGen: 612354K(612864K)->612362K(612864K)
[516.505s][info][gc,metaspace   ] GC(1346) Metaspace: 35583K(36224K)->35583K(36224K) NonClass: 26378K(26880K)->26378K(26880K) Class: 9204K(9344K)->9204K(9344K)
[516.505s][info][gc             ] GC(1346) Pause Young (Allocation Failure) 879M->598M(901M) 2.284ms
[516.505s][info][gc,cpu         ] GC(1346) User=0.00s Sys=0.00s Real=0.00s
[516.745s][info][gc,start       ] GC(1347) Pause Young (Allocation Failure)
[516.748s][info][gc,heap        ] GC(1347) PSYoungGen: 288288K(309760K)->32K(310784K) Eden: 288256K(288256K)->0K(291840K) From: 32K(21504K)->32K(18944K)
[516.748s][info][gc,heap        ] GC(1347) ParOldGen: 612362K(612864K)->612362K(612864K)
[516.748s][info][gc,metaspace   ] GC(1347) Metaspace: 35583K(36224K)->35583K(36224K) NonClass: 26378K(26880K)->26378K(26880K) Class: 9204K(9344K)->9204K(9344K)
[516.748s][info][gc             ] GC(1347) Pause Young (Allocation Failure) 879M->598M(902M) 2.388ms
[516.748s][info][gc,cpu         ] GC(1347) User=0.01s Sys=0.00s Real=0.00s
[517.046s][info][gc,start       ] GC(1348) Pause Young (Allocation Failure)
[517.048s][info][gc,heap        ] GC(1348) PSYoungGen: 291872K(310784K)->32K(311296K) Eden: 291840K(291840K)->0K(291840K) From: 32K(18944K)->32K(19456K)
[517.048s][info][gc,heap        ] GC(1348) ParOldGen: 612362K(612864K)->612362K(612864K)
[517.048s][info][gc,metaspace   ] GC(1348) Metaspace: 35583K(36224K)->35583K(36224K) NonClass: 26378K(26880K)->26378K(26880K) Class: 9204K(9344K)->9204K(9344K)
[517.048s][info][gc             ] GC(1348) Pause Young (Allocation Failure) 883M->598M(902M) 2.575ms
[517.048s][info][gc,cpu         ] GC(1348) User=0.01s Sys=0.00s Real=0.00s
[517.098s][info][gc,start       ] GC(1349) Pause Young (Allocation Failure)
[517.101s][info][gc,heap        ] GC(1349) PSYoungGen: 291872K(311296K)->32K(312320K) Eden: 291840K(291840K)->0K(295424K) From: 32K(19456K)->32K(16896K)
[517.101s][info][gc,heap        ] GC(1349) ParOldGen: 612362K(612864K)->612370K(612864K)
[517.101s][info][gc,metaspace   ] GC(1349) Metaspace: 35583K(36224K)->35583K(36224K) NonClass: 26378K(26880K)->26378K(26880K) Class: 9204K(9344K)->9204K(9344K)
[517.101s][info][gc             ] GC(1349) Pause Young (Allocation Failure) 883M->598M(903M) 2.361ms
[517.101s][info][gc,cpu         ] GC(1349) User=0.00s Sys=0.00s Real=0.00s
[517.204s][info][gc,start       ] GC(1350) Pause Young (Allocation Failure)
[517.207s][info][gc,heap        ] GC(1350) PSYoungGen: 295456K(312320K)->32K(313344K) Eden: 295424K(295424K)->0K(295424K) From: 32K(16896K)->32K(17920K)
[517.207s][info][gc,heap        ] GC(1350) ParOldGen: 612370K(612864K)->612370K(612864K)
[517.207s][info][gc,metaspace   ] GC(1350) Metaspace: 35583K(36224K)->35583K(36224K) NonClass: 26378K(26880K)->26378K(26880K) Class: 9204K(9344K)->9204K(9344K)
[517.207s][info][gc             ] GC(1350) Pause Young (Allocation Failure) 886M->598M(904M) 2.529ms
[517.207s][info][gc,cpu         ] GC(1350) User=0.01s Sys=0.00s Real=0.00s
[517.494s][info][gc,start       ] GC(1351) Pause Young (Allocation Failure)
[517.496s][info][gc,heap        ] GC(1351) PSYoungGen: 295456K(313344K)->64K(313856K) Eden: 295424K(295424K)->0K(299008K) From: 32K(17920K)->64K(14848K)
[517.496s][info][gc,heap        ] GC(1351) ParOldGen: 612370K(612864K)->612386K(612864K)
[517.496s][info][gc,metaspace   ] GC(1351) Metaspace: 35583K(36224K)->35583K(36224K) NonClass: 26378K(26880K)->26378K(26880K) Class: 9204K(9344K)->9204K(9344K)
[517.496s][info][gc             ] GC(1351) Pause Young (Allocation Failure) 886M->598M(905M) 1.989ms
[517.496s][info][gc,cpu         ] GC(1351) User=0.01s Sys=0.01s Real=0.00s
[517.695s][info][gc,start       ] GC(1352) Pause Young (Allocation Failure)
[517.697s][info][gc,heap        ] GC(1352) PSYoungGen: 299072K(313856K)->64K(314880K) Eden: 299008K(299008K)->0K(299008K) From: 64K(14848K)->64K(15872K)
[517.697s][info][gc,heap        ] GC(1352) ParOldGen: 612386K(612864K)->612386K(612864K)
[517.697s][info][gc,metaspace   ] GC(1352) Metaspace: 35583K(36224K)->35583K(36224K) NonClass: 26378K(26880K)->26378K(26880K) Class: 9204K(9344K)->9204K(9344K)
[517.697s][info][gc             ] GC(1352) Pause Young (Allocation Failure) 890M->598M(906M) 1.983ms
[517.697s][info][gc,cpu         ] GC(1352) User=0.01s Sys=0.00s Real=0.00s
[517.779s][info][gc,start       ] GC(1353) Pause Young (Allocation Failure)
[517.781s][info][gc,heap        ] GC(1353) PSYoungGen: 299072K(314880K)->64K(315904K) Eden: 299008K(299008K)->0K(303104K) From: 64K(15872K)->64K(12800K)
[517.781s][info][gc,heap        ] GC(1353) ParOldGen: 612386K(612864K)->612402K(612864K)
[517.781s][info][gc,metaspace   ] GC(1353) Metaspace: 35583K(36224K)->35583K(36224K) NonClass: 26378K(26880K)->26378K(26880K) Class: 9204K(9344K)->9204K(9344K)
[517.781s][info][gc             ] GC(1353) Pause Young (Allocation Failure) 890M->598M(907M) 2.043ms
[517.781s][info][gc,cpu         ] GC(1353) User=0.00s Sys=0.00s Real=0.00s
[517.958s][info][gc,start       ] GC(1354) Pause Young (Allocation Failure)
[517.960s][info][gc,heap        ] GC(1354) PSYoungGen: 303168K(315904K)->64K(316928K) Eden: 303104K(303104K)->0K(303104K) From: 64K(12800K)->64K(13824K)
[517.960s][info][gc,heap        ] GC(1354) ParOldGen: 612402K(612864K)->612402K(612864K)
[517.960s][info][gc,metaspace   ] GC(1354) Metaspace: 35583K(36224K)->35583K(36224K) NonClass: 26378K(26880K)->26378K(26880K) Class: 9204K(9344K)->9204K(9344K)
[517.960s][info][gc             ] GC(1354) Pause Young (Allocation Failure) 894M->598M(908M) 1.986ms
[517.960s][info][gc,cpu         ] GC(1354) User=0.00s Sys=0.00s Real=0.00s
[518.900s][info][gc,start       ] GC(1355) Pause Young (Allocation Failure)
[518.902s][info][gc,heap        ] GC(1355) PSYoungGen: 303168K(316928K)->83K(317440K) Eden: 303104K(303104K)->0K(306688K) From: 64K(13824K)->83K(10752K)
[518.902s][info][gc,heap        ] GC(1355) ParOldGen: 612402K(612864K)->612410K(612864K)
[518.902s][info][gc,metaspace   ] GC(1355) Metaspace: 35583K(36224K)->35583K(36224K) NonClass: 26378K(26880K)->26378K(26880K) Class: 9204K(9344K)->9204K(9344K)
[518.902s][info][gc             ] GC(1355) Pause Young (Allocation Failure) 894M->598M(908M) 2.065ms
[518.902s][info][gc,cpu         ] GC(1355) User=0.00s Sys=0.00s Real=0.01s
[519.768s][info][gc,start       ] GC(1356) Pause Young (Allocation Failure)
[519.770s][info][gc,heap        ] GC(1356) PSYoungGen: 306771K(317440K)->64K(318976K) Eden: 306688K(306688K)->0K(306688K) From: 83K(10752K)->64K(12288K)
[519.770s][info][gc,heap        ] GC(1356) ParOldGen: 612410K(612864K)->612418K(612864K)
[519.770s][info][gc,metaspace   ] GC(1356) Metaspace: 35583K(36224K)->35583K(36224K) NonClass: 26378K(26880K)->26378K(26880K) Class: 9204K(9344K)->9204K(9344K)
[519.770s][info][gc             ] GC(1356) Pause Young (Allocation Failure) 897M->598M(910M) 2.118ms
[519.770s][info][gc,cpu         ] GC(1356) User=0.00s Sys=0.00s Real=0.00s
[520.186s][info][gc,start       ] GC(1357) Pause Young (Allocation Failure)
[520.188s][info][gc,heap        ] GC(1357) PSYoungGen: 306752K(318976K)->64K(294912K) Eden: 306688K(306688K)->0K(294400K) From: 64K(12288K)->64K(512K)
[520.188s][info][gc,heap        ] GC(1357) ParOldGen: 612418K(612864K)->612426K(612864K)
[520.188s][info][gc,metaspace   ] GC(1357) Metaspace: 35583K(36224K)->35583K(36224K) NonClass: 26378K(26880K)->26378K(26880K) Class: 9204K(9344K)->9204K(9344K)
[520.188s][info][gc             ] GC(1357) Pause Young (Allocation Failure) 897M->598M(886M) 1.959ms
[520.188s][info][gc,cpu         ] GC(1357) User=0.01s Sys=0.00s Real=0.00s
[521.270s][info][gc,start       ] GC(1358) Pause Young (Allocation Failure)
[521.273s][info][gc,heap        ] GC(1358) PSYoungGen: 294464K(294912K)->64K(293376K) Eden: 294400K(294400K)->0K(282624K) From: 64K(512K)->64K(10752K)
[521.273s][info][gc,heap        ] GC(1358) ParOldGen: 612426K(612864K)->612434K(612864K)
[521.273s][info][gc,metaspace   ] GC(1358) Metaspace: 35583K(36224K)->35583K(36224K) NonClass: 26378K(26880K)->26378K(26880K) Class: 9204K(9344K)->9204K(9344K)
[521.273s][info][gc             ] GC(1358) Pause Young (Allocation Failure) 885M->598M(885M) 2.457ms
[521.273s][info][gc,cpu         ] GC(1358) User=0.01s Sys=0.00s Real=0.01s
[521.692s][info][gc,start       ] GC(1359) Pause Young (Allocation Failure)
[521.695s][info][gc,heap        ] GC(1359) PSYoungGen: 282688K(293376K)->64K(271872K) Eden: 282624K(282624K)->0K(271360K) From: 64K(10752K)->64K(512K)
[521.695s][info][gc,heap        ] GC(1359) ParOldGen: 612434K(612864K)->612442K(612864K)
[521.695s][info][gc,metaspace   ] GC(1359) Metaspace: 35583K(36224K)->35583K(36224K) NonClass: 26378K(26880K)->26378K(26880K) Class: 9204K(9344K)->9204K(9344K)
[521.695s][info][gc             ] GC(1359) Pause Young (Allocation Failure) 874M->598M(864M) 2.598ms
[521.695s][info][gc,cpu         ] GC(1359) User=0.01s Sys=0.00s Real=0.00s
[521.857s][info][gc,start       ] GC(1360) Pause Young (Allocation Failure)
[521.860s][info][gc,heap        ] GC(1360) PSYoungGen: 271424K(271872K)->64K(269824K) Eden: 271360K(271360K)->0K(260608K) From: 64K(512K)->64K(9216K)
[521.860s][info][gc,heap        ] GC(1360) ParOldGen: 612442K(612864K)->612450K(612864K)
[521.860s][info][gc,metaspace   ] GC(1360) Metaspace: 35583K(36224K)->35583K(36224K) NonClass: 26378K(26880K)->26378K(26880K) Class: 9204K(9344K)->9204K(9344K)
[521.860s][info][gc             ] GC(1360) Pause Young (Allocation Failure) 863M->598M(862M) 2.667ms
[521.860s][info][gc,cpu         ] GC(1360) User=0.00s Sys=0.00s Real=0.00s
[522.209s][info][gc,start       ] GC(1361) Pause Young (Allocation Failure)
[522.212s][info][gc,heap        ] GC(1361) PSYoungGen: 260672K(269824K)->64K(250880K) Eden: 260608K(260608K)->0K(250368K) From: 64K(9216K)->64K(512K)
[522.212s][info][gc,heap        ] GC(1361) ParOldGen: 612450K(612864K)->612458K(612864K)
[522.212s][info][gc,metaspace   ] GC(1361) Metaspace: 35583K(36224K)->35583K(36224K) NonClass: 26378K(26880K)->26378K(26880K) Class: 9204K(9344K)->9204K(9344K)
[522.212s][info][gc             ] GC(1361) Pause Young (Allocation Failure) 852M->598M(843M) 2.994ms
[522.212s][info][gc,cpu         ] GC(1361) User=0.00s Sys=0.00s Real=0.01s
[522.580s][info][gc,start       ] GC(1362) Pause Young (Allocation Failure)
[522.583s][info][gc,heap        ] GC(1362) PSYoungGen: 250432K(250880K)->64K(248832K) Eden: 250368K(250368K)->0K(240640K) From: 64K(512K)->64K(8192K)
[522.583s][info][gc,heap        ] GC(1362) ParOldGen: 612458K(612864K)->612466K(612864K)
[522.583s][info][gc,metaspace   ] GC(1362) Metaspace: 35583K(36224K)->35583K(36224K) NonClass: 26378K(26880K)->26378K(26880K) Class: 9204K(9344K)->9204K(9344K)
[522.583s][info][gc             ] GC(1362) Pause Young (Allocation Failure) 842M->598M(841M) 2.768ms
[522.583s][info][gc,cpu         ] GC(1362) User=0.00s Sys=0.00s Real=0.01s
[522.945s][info][gc,start       ] GC(1363) Pause Young (Allocation Failure)
[522.963s][info][gc,heap        ] GC(1363) PSYoungGen: 240704K(248832K)->7680K(294912K) Eden: 240640K(240640K)->0K(287232K) From: 64K(8192K)->7680K(7680K)
[522.963s][info][gc,heap        ] GC(1363) ParOldGen: 612466K(612864K)->613386K(613888K)
[522.963s][info][gc,metaspace   ] GC(1363) Metaspace: 35583K(36224K)->35583K(36224K) NonClass: 26378K(26880K)->26378K(26880K) Class: 9204K(9344K)->9204K(9344K)
[522.963s][info][gc             ] GC(1363) Pause Young (Allocation Failure) 833M->606M(887M) 18.459ms
[522.963s][info][gc,cpu         ] GC(1363) User=0.03s Sys=0.00s Real=0.02s
[523.309s][info][gc,start       ] GC(1364) Pause Young (Allocation Failure)
[523.373s][info][gc,heap        ] GC(1364) PSYoungGen: 294912K(294912K)->9728K(296960K) Eden: 287232K(287232K)->0K(287232K) From: 7680K(7680K)->9728K(9728K)
[523.373s][info][gc,heap        ] GC(1364) ParOldGen: 613386K(613888K)->636186K(636416K)
[523.373s][info][gc,metaspace   ] GC(1364) Metaspace: 35583K(36224K)->35583K(36224K) NonClass: 26378K(26880K)->26378K(26880K) Class: 9204K(9344K)->9204K(9344K)
[523.373s][info][gc             ] GC(1364) Pause Young (Allocation Failure) 887M->630M(911M) 63.796ms
[523.373s][info][gc,cpu         ] GC(1364) User=0.10s Sys=0.02s Real=0.07s
[523.640s][info][gc,start       ] GC(1365) Pause Young (Allocation Failure)
[523.704s][info][gc,heap        ] GC(1365) PSYoungGen: 296960K(296960K)->20480K(303104K) Eden: 287232K(287232K)->0K(282624K) From: 9728K(9728K)->20480K(20480K)
[523.705s][info][gc,heap        ] GC(1365) ParOldGen: 636186K(636416K)->637850K(637952K)
[523.705s][info][gc,metaspace   ] GC(1365) Metaspace: 35583K(36224K)->35583K(36224K) NonClass: 26378K(26880K)->26378K(26880K) Class: 9204K(9344K)->9204K(9344K)
[523.705s][info][gc             ] GC(1365) Pause Young (Allocation Failure) 911M->642M(919M) 64.607ms
[523.705s][info][gc,cpu         ] GC(1365) User=0.09s Sys=0.02s Real=0.07s
[524.027s][info][gc,start       ] GC(1366) Pause Young (Allocation Failure)
[524.029s][info][gc,heap        ] GC(1366) PSYoungGen: 303104K(303104K)->64K(308224K) Eden: 282624K(282624K)->0K(282624K) From: 20480K(20480K)->64K(25600K)
[524.029s][info][gc,heap        ] GC(1366) ParOldGen: 637850K(637952K)->637882K(637952K)
[524.029s][info][gc,metaspace   ] GC(1366) Metaspace: 35583K(36224K)->35583K(36224K) NonClass: 26378K(26880K)->26378K(26880K) Class: 9204K(9344K)->9204K(9344K)
[524.029s][info][gc             ] GC(1366) Pause Young (Allocation Failure) 918M->622M(924M) 2.409ms
[524.029s][info][gc,cpu         ] GC(1366) User=0.01s Sys=0.00s Real=0.00s
[524.663s][info][gc,start       ] GC(1367) Pause Young (Allocation Failure)
[524.665s][info][gc,heap        ] GC(1367) PSYoungGen: 282688K(308224K)->64K(305152K) Eden: 282624K(282624K)->0K(283648K) From: 64K(25600K)->64K(21504K)
[524.665s][info][gc,heap        ] GC(1367) ParOldGen: 637882K(637952K)->637890K(637952K)
[524.665s][info][gc,metaspace   ] GC(1367) Metaspace: 35583K(36224K)->35583K(36224K) NonClass: 26379K(26880K)->26379K(26880K) Class: 9204K(9344K)->9204K(9344K)
[524.665s][info][gc             ] GC(1367) Pause Young (Allocation Failure) 898M->623M(921M) 2.231ms
[524.665s][info][gc,cpu         ] GC(1367) User=0.00s Sys=0.00s Real=0.00s
[525.133s][info][gc,start       ] GC(1368) Pause Young (Allocation Failure)
[525.135s][info][gc,heap        ] GC(1368) PSYoungGen: 283712K(305152K)->64K(307200K) Eden: 283648K(283648K)->0K(283648K) From: 64K(21504K)->64K(23552K)
[525.135s][info][gc,heap        ] GC(1368) ParOldGen: 637890K(637952K)->637906K(637952K)
[525.135s][info][gc,metaspace   ] GC(1368) Metaspace: 35583K(36224K)->35583K(36224K) NonClass: 26379K(26880K)->26379K(26880K) Class: 9204K(9344K)->9204K(9344K)
[525.135s][info][gc             ] GC(1368) Pause Young (Allocation Failure) 900M->623M(923M) 1.994ms
[525.135s][info][gc,cpu         ] GC(1368) User=0.00s Sys=0.00s Real=0.00s
[525.371s][info][gc,start       ] GC(1369) Pause Young (Allocation Failure)
[525.373s][info][gc,heap        ] GC(1369) PSYoungGen: 283712K(307200K)->64K(307712K) Eden: 283648K(283648K)->0K(287232K) From: 64K(23552K)->64K(20480K)
[525.373s][info][gc,heap        ] GC(1369) ParOldGen: 637906K(637952K)->637922K(637952K)
[525.373s][info][gc,metaspace   ] GC(1369) Metaspace: 35583K(36224K)->35583K(36224K) NonClass: 26379K(26880K)->26379K(26880K) Class: 9204K(9344K)->9204K(9344K)
[525.373s][info][gc             ] GC(1369) Pause Young (Allocation Failure) 900M->623M(923M) 2.323ms
[525.373s][info][gc,cpu         ] GC(1369) User=0.00s Sys=0.00s Real=0.01s
[525.612s][info][gc,start       ] GC(1370) Pause Young (Allocation Failure)
[525.614s][info][gc,heap        ] GC(1370) PSYoungGen: 287296K(307712K)->64K(309248K) Eden: 287232K(287232K)->0K(287232K) From: 64K(20480K)->64K(22016K)
[525.614s][info][gc,heap        ] GC(1370) ParOldGen: 637922K(637952K)->637922K(637952K)
[525.614s][info][gc,metaspace   ] GC(1370) Metaspace: 35583K(36224K)->35583K(36224K) NonClass: 26379K(26880K)->26379K(26880K) Class: 9204K(9344K)->9204K(9344K)
[525.614s][info][gc             ] GC(1370) Pause Young (Allocation Failure) 903M->623M(925M) 2.056ms
[525.614s][info][gc,cpu         ] GC(1370) User=0.00s Sys=0.00s Real=0.00s
[525.944s][info][gc,start       ] GC(1371) Pause Young (Allocation Failure)
[525.946s][info][gc,heap        ] GC(1371) PSYoungGen: 287296K(309248K)->64K(309248K) Eden: 287232K(287232K)->0K(290816K) From: 64K(22016K)->64K(18432K)
[525.946s][info][gc,heap        ] GC(1371) ParOldGen: 637922K(637952K)->637922K(637952K)
[525.946s][info][gc,metaspace   ] GC(1371) Metaspace: 35583K(36224K)->35583K(36224K) NonClass: 26379K(26880K)->26379K(26880K) Class: 9204K(9344K)->9204K(9344K)
[525.946s][info][gc             ] GC(1371) Pause Young (Allocation Failure) 903M->623M(925M) 2.101ms
[525.946s][info][gc,cpu         ] GC(1371) User=0.00s Sys=0.00s Real=0.00s
[525.996s][info][gc,start       ] GC(1372) Pause Young (Allocation Failure)
[525.998s][info][gc,heap        ] GC(1372) PSYoungGen: 290880K(309248K)->64K(310784K) Eden: 290816K(290816K)->0K(290816K) From: 64K(18432K)->64K(19968K)
[525.998s][info][gc,heap        ] GC(1372) ParOldGen: 637922K(637952K)->637938K(637952K)
[525.998s][info][gc,metaspace   ] GC(1372) Metaspace: 35583K(36224K)->35583K(36224K) NonClass: 26379K(26880K)->26379K(26880K) Class: 9204K(9344K)->9204K(9344K)
[525.998s][info][gc             ] GC(1372) Pause Young (Allocation Failure) 907M->623M(926M) 1.946ms
[525.998s][info][gc,cpu         ] GC(1372) User=0.01s Sys=0.00s Real=0.00s
[526.048s][info][gc,start       ] GC(1373) Pause Young (Allocation Failure)
[526.050s][info][gc,heap        ] GC(1373) PSYoungGen: 290880K(310784K)->64K(311296K) Eden: 290816K(290816K)->0K(294912K) From: 64K(19968K)->64K(16384K)
[526.050s][info][gc,heap        ] GC(1373) ParOldGen: 637938K(637952K)->637938K(637952K)
[526.050s][info][gc,metaspace   ] GC(1373) Metaspace: 35583K(36224K)->35583K(36224K) NonClass: 26379K(26880K)->26379K(26880K) Class: 9204K(9344K)->9204K(9344K)
[526.050s][info][gc             ] GC(1373) Pause Young (Allocation Failure) 907M->623M(927M) 1.896ms
[526.050s][info][gc,cpu         ] GC(1373) User=0.00s Sys=0.00s Real=0.00s
[526.334s][info][gc,start       ] GC(1374) Pause Young (Allocation Failure)
[526.336s][info][gc,heap        ] GC(1374) PSYoungGen: 294976K(311296K)->64K(312832K) Eden: 294912K(294912K)->0K(294912K) From: 64K(16384K)->64K(17920K)
[526.336s][info][gc,heap        ] GC(1374) ParOldGen: 637938K(637952K)->637938K(637952K)
[526.336s][info][gc,metaspace   ] GC(1374) Metaspace: 35583K(36224K)->35583K(36224K) NonClass: 26379K(26880K)->26379K(26880K) Class: 9204K(9344K)->9204K(9344K)
[526.337s][info][gc             ] GC(1374) Pause Young (Allocation Failure) 911M->623M(928M) 2.026ms
[526.337s][info][gc,cpu         ] GC(1374) User=0.00s Sys=0.00s Real=0.00s
[526.578s][info][gc,start       ] GC(1375) Pause Young (Allocation Failure)
[526.580s][info][gc,heap        ] GC(1375) PSYoungGen: 294976K(312832K)->64K(313344K) Eden: 294912K(294912K)->0K(299008K) From: 64K(17920K)->64K(14336K)
[526.580s][info][gc,heap        ] GC(1375) ParOldGen: 637938K(637952K)->637946K(637952K)
[526.580s][info][gc,metaspace   ] GC(1375) Metaspace: 35585K(36224K)->35585K(36224K) NonClass: 26380K(26880K)->26380K(26880K) Class: 9204K(9344K)->9204K(9344K)
[526.580s][info][gc             ] GC(1375) Pause Young (Allocation Failure) 911M->623M(929M) 1.969ms
[526.580s][info][gc,cpu         ] GC(1375) User=0.01s Sys=0.00s Real=0.00s
[526.667s][info][gc,start       ] GC(1376) Pause Young (Allocation Failure)
[526.669s][info][gc,heap        ] GC(1376) PSYoungGen: 299072K(313344K)->64K(314880K) Eden: 299008K(299008K)->0K(299008K) From: 64K(14336K)->64K(15872K)
[526.669s][info][gc,heap        ] GC(1376) ParOldGen: 637946K(637952K)->637962K(638464K)
[526.669s][info][gc,metaspace   ] GC(1376) Metaspace: 35585K(36224K)->35585K(36224K) NonClass: 26380K(26880K)->26380K(26880K) Class: 9204K(9344K)->9204K(9344K)
[526.669s][info][gc             ] GC(1376) Pause Young (Allocation Failure) 915M->623M(931M) 2.049ms
[526.669s][info][gc,cpu         ] GC(1376) User=0.00s Sys=0.00s Real=0.00s
[526.819s][info][gc,start       ] GC(1377) Pause Young (Allocation Failure)
[526.821s][info][gc,heap        ] GC(1377) PSYoungGen: 299072K(314880K)->64K(315392K) Eden: 299008K(299008K)->0K(303104K) From: 64K(15872K)->64K(12288K)
[526.821s][info][gc,heap        ] GC(1377) ParOldGen: 637962K(638464K)->637970K(638464K)
[526.821s][info][gc,metaspace   ] GC(1377) Metaspace: 35585K(36224K)->35585K(36224K) NonClass: 26380K(26880K)->26380K(26880K) Class: 9204K(9344K)->9204K(9344K)
[526.821s][info][gc             ] GC(1377) Pause Young (Allocation Failure) 915M->623M(931M) 2.098ms
[526.821s][info][gc,cpu         ] GC(1377) User=0.00s Sys=0.00s Real=0.00s
[527.250s][info][gc,start       ] GC(1378) Pause Young (Allocation Failure)
[527.252s][info][gc,heap        ] GC(1378) PSYoungGen: 303168K(315392K)->64K(316928K) Eden: 303104K(303104K)->0K(303104K) From: 64K(12288K)->64K(13824K)
[527.252s][info][gc,heap        ] GC(1378) ParOldGen: 637970K(638464K)->637978K(638464K)
[527.252s][info][gc,metaspace   ] GC(1378) Metaspace: 35585K(36224K)->35585K(36224K) NonClass: 26380K(26880K)->26380K(26880K) Class: 9204K(9344K)->9204K(9344K)
[527.252s][info][gc             ] GC(1378) Pause Young (Allocation Failure) 919M->623M(933M) 2.113ms
[527.252s][info][gc,cpu         ] GC(1378) User=0.00s Sys=0.00s Real=0.00s
[528.474s][info][gc,start       ] GC(1379) Pause Young (Allocation Failure)
[528.476s][info][gc,heap        ] GC(1379) PSYoungGen: 303168K(316928K)->64K(318464K) Eden: 303104K(303104K)->0K(307200K) From: 64K(13824K)->64K(11264K)
[528.476s][info][gc,heap        ] GC(1379) ParOldGen: 637978K(638464K)->637986K(638464K)
[528.476s][info][gc,metaspace   ] GC(1379) Metaspace: 35585K(36224K)->35585K(36224K) NonClass: 26380K(26880K)->26380K(26880K) Class: 9204K(9344K)->9204K(9344K)
[528.476s][info][gc             ] GC(1379) Pause Young (Allocation Failure) 919M->623M(934M) 2.108ms
[528.476s][info][gc,cpu         ] GC(1379) User=0.00s Sys=0.00s Real=0.00s
[528.923s][info][gc,start       ] GC(1380) Pause Young (Allocation Failure)
[528.926s][info][gc,heap        ] GC(1380) PSYoungGen: 307264K(318464K)->64K(295424K) Eden: 307200K(307200K)->0K(294912K) From: 64K(11264K)->64K(512K)
[528.926s][info][gc,heap        ] GC(1380) ParOldGen: 637986K(638464K)->637994K(638464K)
[528.926s][info][gc,metaspace   ] GC(1380) Metaspace: 35585K(36224K)->35585K(36224K) NonClass: 26380K(26880K)->26380K(26880K) Class: 9204K(9344K)->9204K(9344K)
[528.926s][info][gc             ] GC(1380) Pause Young (Allocation Failure) 923M->623M(912M) 2.654ms
[528.926s][info][gc,cpu         ] GC(1380) User=0.01s Sys=0.00s Real=0.00s
[529.408s][info][gc,start       ] GC(1381) Pause Young (Allocation Failure)
[529.410s][info][gc,heap        ] GC(1381) PSYoungGen: 294976K(295424K)->64K(283648K) Eden: 294912K(294912K)->0K(283136K) From: 64K(512K)->64K(512K)
[529.410s][info][gc,heap        ] GC(1381) ParOldGen: 637994K(638464K)->638002K(638464K)
[529.410s][info][gc,metaspace   ] GC(1381) Metaspace: 35585K(36224K)->35585K(36224K) NonClass: 26380K(26880K)->26380K(26880K) Class: 9204K(9344K)->9204K(9344K)
[529.410s][info][gc             ] GC(1381) Pause Young (Allocation Failure) 911M->623M(900M) 2.551ms
[529.410s][info][gc,cpu         ] GC(1381) User=0.00s Sys=0.00s Real=0.00s
[530.542s][info][gc,start       ] GC(1382) Pause Young (Allocation Failure)
[530.544s][info][gc,heap        ] GC(1382) PSYoungGen: 283200K(283648K)->64K(282624K) Eden: 283136K(283136K)->0K(271872K) From: 64K(512K)->64K(10752K)
[530.544s][info][gc,heap        ] GC(1382) ParOldGen: 638002K(638464K)->638010K(638464K)
[530.544s][info][gc,metaspace   ] GC(1382) Metaspace: 35585K(36224K)->35585K(36224K) NonClass: 26380K(26880K)->26380K(26880K) Class: 9204K(9344K)->9204K(9344K)
[530.544s][info][gc             ] GC(1382) Pause Young (Allocation Failure) 899M->623M(899M) 1.967ms
[530.544s][info][gc,cpu         ] GC(1382) User=0.00s Sys=0.00s Real=0.00s
[530.743s][info][gc,start       ] GC(1383) Pause Young (Allocation Failure)
[530.746s][info][gc,heap        ] GC(1383) PSYoungGen: 271936K(282624K)->64K(261632K) Eden: 271872K(271872K)->0K(261120K) From: 64K(10752K)->64K(512K)
[530.746s][info][gc,heap        ] GC(1383) ParOldGen: 638010K(638464K)->638018K(638464K)
[530.746s][info][gc,metaspace   ] GC(1383) Metaspace: 35585K(36224K)->35585K(36224K) NonClass: 26380K(26880K)->26380K(26880K) Class: 9204K(9344K)->9204K(9344K)
[530.746s][info][gc             ] GC(1383) Pause Young (Allocation Failure) 888M->623M(879M) 2.913ms
[530.746s][info][gc,cpu         ] GC(1383) User=0.00s Sys=0.00s Real=0.00s
[530.915s][info][gc,start       ] GC(1384) Pause Young (Allocation Failure)
[530.918s][info][gc,heap        ] GC(1384) PSYoungGen: 261184K(261632K)->64K(260096K) Eden: 261120K(261120K)->0K(250880K) From: 64K(512K)->64K(9216K)
[530.918s][info][gc,heap        ] GC(1384) ParOldGen: 638018K(638464K)->638026K(638464K)
[530.918s][info][gc,metaspace   ] GC(1384) Metaspace: 35585K(36224K)->35585K(36224K) NonClass: 26380K(26880K)->26380K(26880K) Class: 9204K(9344K)->9204K(9344K)
[530.918s][info][gc             ] GC(1384) Pause Young (Allocation Failure) 878M->623M(877M) 2.327ms
[530.918s][info][gc,cpu         ] GC(1384) User=0.00s Sys=0.00s Real=0.00s
[531.438s][info][gc,start       ] GC(1385) Pause Young (Allocation Failure)
[531.441s][info][gc,heap        ] GC(1385) PSYoungGen: 250944K(260096K)->64K(241664K) Eden: 250880K(250880K)->0K(241152K) From: 64K(9216K)->64K(512K)
[531.441s][info][gc,heap        ] GC(1385) ParOldGen: 638026K(638464K)->638034K(638464K)
[531.441s][info][gc,metaspace   ] GC(1385) Metaspace: 35585K(36224K)->35585K(36224K) NonClass: 26380K(26880K)->26380K(26880K) Class: 9204K(9344K)->9204K(9344K)
[531.441s][info][gc             ] GC(1385) Pause Young (Allocation Failure) 868M->623M(859M) 3.155ms
[531.441s][info][gc,cpu         ] GC(1385) User=0.00s Sys=0.00s Real=0.00s
[531.739s][info][gc,start       ] GC(1386) Pause Young (Allocation Failure)
[531.742s][info][gc,heap        ] GC(1386) PSYoungGen: 241216K(241664K)->64K(240128K) Eden: 241152K(241152K)->0K(231936K) From: 64K(512K)->64K(8192K)
[531.742s][info][gc,heap        ] GC(1386) ParOldGen: 638034K(638464K)->638042K(638464K)
[531.742s][info][gc,metaspace   ] GC(1386) Metaspace: 35585K(36224K)->35585K(36224K) NonClass: 26380K(26880K)->26380K(26880K) Class: 9204K(9344K)->9204K(9344K)
[531.742s][info][gc             ] GC(1386) Pause Young (Allocation Failure) 858M->623M(858M) 2.426ms
[531.742s][info][gc,cpu         ] GC(1386) User=0.00s Sys=0.00s Real=0.01s
[532.022s][info][gc,start       ] GC(1387) Pause Young (Allocation Failure)
[532.094s][info][gc,heap        ] GC(1387) PSYoungGen: 232000K(240128K)->7680K(276480K) Eden: 231936K(231936K)->0K(268800K) From: 64K(8192K)->7680K(7680K)
[532.094s][info][gc,heap        ] GC(1387) ParOldGen: 638042K(638464K)->656618K(656896K)
[532.094s][info][gc,metaspace   ] GC(1387) Metaspace: 35585K(36224K)->35585K(36224K) NonClass: 26380K(26880K)->26380K(26880K) Class: 9204K(9344K)->9204K(9344K)
[532.094s][info][gc             ] GC(1387) Pause Young (Allocation Failure) 849M->648M(911M) 71.819ms
[532.094s][info][gc,cpu         ] GC(1387) User=0.10s Sys=0.02s Real=0.07s
[532.431s][info][gc,start       ] GC(1388) Pause Young (Allocation Failure)
[532.495s][info][gc,promotion   ] GC(1388) Promotion failed
[532.495s][info][gc,heap        ] GC(1388) PSYoungGen: 276480K(276480K)->276480K(276480K) Eden: 268800K(268800K)->268800K(268800K) From: 7680K(7680K)->7680K(7680K)
[532.495s][info][gc,heap        ] GC(1388) ParOldGen: 656618K(656896K)->667642K(667648K)
[532.495s][info][gc,metaspace   ] GC(1388) Metaspace: 35585K(36224K)->35585K(36224K) NonClass: 26380K(26880K)->26380K(26880K) Class: 9204K(9344K)->9204K(9344K)
[532.495s][info][gc             ] GC(1388) Pause Young (Allocation Failure) 911M->921M(922M) 63.465ms
[532.495s][info][gc,cpu         ] GC(1388) User=0.11s Sys=0.01s Real=0.07s
[532.495s][info][gc,start       ] GC(1389) Pause Full (Allocation Failure)
[532.495s][info][gc,phases,start] GC(1389) Marking Phase
[532.569s][info][gc,phases      ] GC(1389) Marking Phase 73.968ms
[532.569s][info][gc,phases,start] GC(1389) Summary Phase
[532.569s][info][gc,phases      ] GC(1389) Summary Phase 0.024ms
[532.569s][info][gc,phases,start] GC(1389) Forward
[532.582s][info][gc,phases      ] GC(1389) Forward 12.868ms
[532.582s][info][gc,phases,start] GC(1389) Adjust Pointers
[532.615s][info][gc,phases      ] GC(1389) Adjust Pointers 32.685ms
[532.615s][info][gc,phases,start] GC(1389) Compaction Phase
[532.632s][info][gc,phases      ] GC(1389) Compaction Phase 17.491ms
[532.632s][info][gc,phases,start] GC(1389) Post Compact
[532.635s][info][metaspace      ] ChkMgr @0x00007f507003f1d0 (non-class-space): : reclaiming memory...
[532.635s][info][metaspace      ] ChkMgr @0x00007f507003f1d0 (non-class-space): nothing reclaimed.
[532.635s][info][metaspace      ] ChkMgr @0x00007f507003efe0 (class-space): : reclaiming memory...
[532.635s][info][metaspace      ] ChkMgr @0x00007f507003efe0 (class-space): nothing reclaimed.
[532.635s][info][gc,phases      ] GC(1389) Post Compact 2.875ms
[532.674s][info][gc,heap        ] GC(1389) PSYoungGen: 276480K(276480K)->0K(285184K) Eden: 268800K(268800K)->0K(268800K) From: 7680K(7680K)->0K(16384K)
[532.674s][info][gc,heap        ] GC(1389) ParOldGen: 667642K(667648K)->86822K(175104K)
[532.674s][info][gc,metaspace   ] GC(1389) Metaspace: 35585K(36224K)->35543K(36224K) NonClass: 26380K(26880K)->26339K(26880K) Class: 9204K(9344K)->9204K(9344K)
[532.674s][info][gc             ] GC(1389) Pause Full (Allocation Failure) 921M->84M(449M) 178.702ms
[532.674s][info][gc,cpu         ] GC(1389) User=0.24s Sys=0.04s Real=0.18s
[532.801s][info][gc,start       ] GC(1390) Pause Young (Allocation Failure)
[532.813s][info][gc,heap        ] GC(1390) PSYoungGen: 268800K(285184K)->5984K(316416K) Eden: 268800K(268800K)->0K(301056K) From: 0K(16384K)->5984K(15360K)
[532.813s][info][gc,heap        ] GC(1390) ParOldGen: 86822K(175104K)->86822K(175104K)
[532.813s][info][gc,metaspace   ] GC(1390) Metaspace: 35543K(36224K)->35543K(36224K) NonClass: 26339K(26880K)->26339K(26880K) Class: 9204K(9344K)->9204K(9344K)
[532.813s][info][gc             ] GC(1390) Pause Young (Allocation Failure) 347M->90M(480M) 12.962ms
[532.813s][info][gc,cpu         ] GC(1390) User=0.02s Sys=0.00s Real=0.02s
[533.426s][info][gc,start       ] GC(1391) Pause Young (Allocation Failure)
[533.427s][info][gc,heap        ] GC(1391) PSYoungGen: 307040K(316416K)->64K(316928K) Eden: 301056K(301056K)->0K(301056K) From: 5984K(15360K)->64K(15872K)
[533.427s][info][gc,heap        ] GC(1391) ParOldGen: 86822K(175104K)->86830K(175104K)
[533.427s][info][gc,metaspace   ] GC(1391) Metaspace: 35543K(36224K)->35543K(36224K) NonClass: 26339K(26880K)->26339K(26880K) Class: 9204K(9344K)->9204K(9344K)
[533.427s][info][gc             ] GC(1391) Pause Young (Allocation Failure) 384M->84M(480M) 0.797ms
[533.427s][info][gc,cpu         ] GC(1391) User=0.00s Sys=0.00s Real=0.00s
[533.861s][info][gc,start       ] GC(1392) Pause Young (Allocation Failure)
[533.862s][info][gc,heap        ] GC(1392) PSYoungGen: 301120K(316928K)->64K(316928K) Eden: 301056K(301056K)->0K(302592K) From: 64K(15872K)->64K(14336K)
[533.862s][info][gc,heap        ] GC(1392) ParOldGen: 86830K(175104K)->86838K(175104K)
[533.862s][info][gc,metaspace   ] GC(1392) Metaspace: 35543K(36224K)->35543K(36224K) NonClass: 26339K(26880K)->26339K(26880K) Class: 9204K(9344K)->9204K(9344K)
[533.862s][info][gc             ] GC(1392) Pause Young (Allocation Failure) 378M->84M(480M) 0.815ms
[533.862s][info][gc,cpu         ] GC(1392) User=0.00s Sys=0.00s Real=0.01s
[534.340s][info][gc,start       ] GC(1393) Pause Young (Allocation Failure)
[534.341s][info][gc,heap        ] GC(1393) PSYoungGen: 302656K(316928K)->64K(317440K) Eden: 302592K(302592K)->0K(302592K) From: 64K(14336K)->64K(14848K)
[534.341s][info][gc,heap        ] GC(1393) ParOldGen: 86838K(175104K)->86854K(175104K)
[534.341s][info][gc,metaspace   ] GC(1393) Metaspace: 35543K(36224K)->35543K(36224K) NonClass: 26339K(26880K)->26339K(26880K) Class: 9204K(9344K)->9204K(9344K)
[534.341s][info][gc             ] GC(1393) Pause Young (Allocation Failure) 380M->84M(481M) 0.737ms
[534.341s][info][gc,cpu         ] GC(1393) User=0.00s Sys=0.00s Real=0.00s
[534.596s][info][gc,start       ] GC(1394) Pause Young (Allocation Failure)
[534.597s][info][gc,heap        ] GC(1394) PSYoungGen: 302656K(317440K)->64K(318464K) Eden: 302592K(302592K)->0K(305152K) From: 64K(14848K)->64K(13312K)
[534.597s][info][gc,heap        ] GC(1394) ParOldGen: 86854K(175104K)->86870K(175104K)
[534.597s][info][gc,metaspace   ] GC(1394) Metaspace: 35543K(36224K)->35543K(36224K) NonClass: 26339K(26880K)->26339K(26880K) Class: 9204K(9344K)->9204K(9344K)
[534.597s][info][gc             ] GC(1394) Pause Young (Allocation Failure) 380M->84M(482M) 0.783ms
[534.597s][info][gc,cpu         ] GC(1394) User=0.01s Sys=0.00s Real=0.00s
[535.002s][info][gc,start       ] GC(1395) Pause Young (Allocation Failure)
[535.002s][info][gc,heap        ] GC(1395) PSYoungGen: 305216K(318464K)->64K(318464K) Eden: 305152K(305152K)->0K(305152K) From: 64K(13312K)->64K(13312K)
[535.002s][info][gc,heap        ] GC(1395) ParOldGen: 86870K(175104K)->86870K(175104K)
[535.002s][info][gc,metaspace   ] GC(1395) Metaspace: 35543K(36224K)->35543K(36224K) NonClass: 26339K(26880K)->26339K(26880K) Class: 9204K(9344K)->9204K(9344K)
[535.002s][info][gc             ] GC(1395) Pause Young (Allocation Failure) 382M->84M(482M) 0.792ms
[535.002s][info][gc,cpu         ] GC(1395) User=0.00s Sys=0.00s Real=0.01s
[535.064s][info][gc,start       ] GC(1396) Pause Young (Allocation Failure)
[535.064s][info][gc,heap        ] GC(1396) PSYoungGen: 305216K(318464K)->64K(318976K) Eden: 305152K(305152K)->0K(307712K) From: 64K(13312K)->64K(11264K)
[535.064s][info][gc,heap        ] GC(1396) ParOldGen: 86870K(175104K)->86878K(175104K)
[535.064s][info][gc,metaspace   ] GC(1396) Metaspace: 35543K(36224K)->35543K(36224K) NonClass: 26339K(26880K)->26339K(26880K) Class: 9204K(9344K)->9204K(9344K)
[535.065s][info][gc             ] GC(1396) Pause Young (Allocation Failure) 382M->84M(482M) 0.697ms
[535.065s][info][gc,cpu         ] GC(1396) User=0.00s Sys=0.00s Real=0.00s
[535.120s][info][gc,start       ] GC(1397) Pause Young (Allocation Failure)
[535.121s][info][gc,heap        ] GC(1397) PSYoungGen: 307776K(318976K)->64K(319488K) Eden: 307712K(307712K)->0K(307712K) From: 64K(11264K)->64K(11776K)
[535.121s][info][gc,heap        ] GC(1397) ParOldGen: 86878K(175104K)->86894K(175104K)
[535.121s][info][gc,metaspace   ] GC(1397) Metaspace: 35543K(36224K)->35543K(36224K) NonClass: 26339K(26880K)->26339K(26880K) Class: 9204K(9344K)->9204K(9344K)
[535.121s][info][gc             ] GC(1397) Pause Young (Allocation Failure) 385M->84M(483M) 0.772ms
[535.121s][info][gc,cpu         ] GC(1397) User=0.00s Sys=0.01s Real=0.00s
[535.384s][info][gc,start       ] GC(1398) Pause Young (Allocation Failure)
[535.385s][info][gc,heap        ] GC(1398) PSYoungGen: 307776K(319488K)->64K(321024K) Eden: 307712K(307712K)->0K(310784K) From: 64K(11776K)->64K(10240K)
[535.385s][info][gc,heap        ] GC(1398) ParOldGen: 86894K(175104K)->86894K(175104K)
[535.385s][info][gc,metaspace   ] GC(1398) Metaspace: 35543K(36224K)->35543K(36224K) NonClass: 26339K(26880K)->26339K(26880K) Class: 9204K(9344K)->9204K(9344K)
[535.385s][info][gc             ] GC(1398) Pause Young (Allocation Failure) 385M->84M(484M) 0.725ms
[535.385s][info][gc,cpu         ] GC(1398) User=0.00s Sys=0.00s Real=0.00s
[535.648s][info][gc,start       ] GC(1399) Pause Young (Allocation Failure)
[535.649s][info][gc,heap        ] GC(1399) PSYoungGen: 310848K(321024K)->64K(299008K) Eden: 310784K(310784K)->0K(298496K) From: 64K(10240K)->64K(512K)
[535.649s][info][gc,heap        ] GC(1399) ParOldGen: 86894K(175104K)->86902K(175104K)
[535.649s][info][gc,metaspace   ] GC(1399) Metaspace: 35543K(36224K)->35543K(36224K) NonClass: 26339K(26880K)->26339K(26880K) Class: 9204K(9344K)->9204K(9344K)
[535.649s][info][gc             ] GC(1399) Pause Young (Allocation Failure) 388M->84M(463M) 0.903ms
[535.649s][info][gc,cpu         ] GC(1399) User=0.01s Sys=0.00s Real=0.00s
[535.742s][info][gc,start       ] GC(1400) Pause Young (Allocation Failure)
[535.743s][info][gc,heap        ] GC(1400) PSYoungGen: 298560K(299008K)->64K(287232K) Eden: 298496K(298496K)->0K(286720K) From: 64K(512K)->64K(512K)
[535.743s][info][gc,heap        ] GC(1400) ParOldGen: 86902K(175104K)->86910K(175104K)
[535.743s][info][gc,metaspace   ] GC(1400) Metaspace: 35543K(36224K)->35543K(36224K) NonClass: 26339K(26880K)->26339K(26880K) Class: 9204K(9344K)->9204K(9344K)
[535.743s][info][gc             ] GC(1400) Pause Young (Allocation Failure) 376M->84M(451M) 1.371ms
[535.743s][info][gc,cpu         ] GC(1400) User=0.00s Sys=0.00s Real=0.01s
[535.878s][info][gc,start       ] GC(1401) Pause Young (Allocation Failure)
[535.879s][info][gc,heap        ] GC(1401) PSYoungGen: 286784K(287232K)->64K(284672K) Eden: 286720K(286720K)->0K(275456K) From: 64K(512K)->64K(9216K)
[535.879s][info][gc,heap        ] GC(1401) ParOldGen: 86910K(175104K)->86918K(175104K)
[535.879s][info][gc,metaspace   ] GC(1401) Metaspace: 35543K(36224K)->35543K(36224K) NonClass: 26339K(26880K)->26339K(26880K) Class: 9204K(9344K)->9204K(9344K)
[535.879s][info][gc             ] GC(1401) Pause Young (Allocation Failure) 364M->84M(449M) 0.707ms
[535.879s][info][gc,cpu         ] GC(1401) User=0.00s Sys=0.00s Real=0.00s
[536.250s][info][gc,start       ] GC(1402) Pause Young (Allocation Failure)
[536.251s][info][gc,heap        ] GC(1402) PSYoungGen: 275520K(284672K)->64K(265216K) Eden: 275456K(275456K)->0K(264704K) From: 64K(9216K)->64K(512K)
[536.251s][info][gc,heap        ] GC(1402) ParOldGen: 86918K(175104K)->86926K(175104K)
[536.251s][info][gc,metaspace   ] GC(1402) Metaspace: 35543K(36224K)->35543K(36224K) NonClass: 26339K(26880K)->26339K(26880K) Class: 9204K(9344K)->9204K(9344K)
[536.251s][info][gc             ] GC(1402) Pause Young (Allocation Failure) 353M->84M(430M) 1.305ms
[536.251s][info][gc,cpu         ] GC(1402) User=0.00s Sys=0.00s Real=0.00s
[536.911s][info][gc,start       ] GC(1403) Pause Young (Allocation Failure)
[536.911s][info][gc,heap        ] GC(1403) PSYoungGen: 264768K(265216K)->83K(262656K) Eden: 264704K(264704K)->0K(254464K) From: 64K(512K)->83K(8192K)
[536.911s][info][gc,heap        ] GC(1403) ParOldGen: 86926K(175104K)->86934K(175104K)
[536.911s][info][gc,metaspace   ] GC(1403) Metaspace: 35543K(36224K)->35543K(36224K) NonClass: 26339K(26880K)->26339K(26880K) Class: 9204K(9344K)->9204K(9344K)
[536.911s][info][gc             ] GC(1403) Pause Young (Allocation Failure) 343M->84M(427M) 0.704ms
[536.911s][info][gc,cpu         ] GC(1403) User=0.00s Sys=0.00s Real=0.00s
[537.817s][info][gc,start       ] GC(1404) Pause Young (Allocation Failure)
[537.819s][info][gc,heap        ] GC(1404) PSYoungGen: 254547K(262656K)->64K(245248K) Eden: 254464K(254464K)->0K(244736K) From: 83K(8192K)->64K(512K)
[537.819s][info][gc,heap        ] GC(1404) ParOldGen: 86934K(175104K)->86942K(175104K)
[537.819s][info][gc,metaspace   ] GC(1404) Metaspace: 35543K(36224K)->35543K(36224K) NonClass: 26339K(26880K)->26339K(26880K) Class: 9204K(9344K)->9204K(9344K)
[537.819s][info][gc             ] GC(1404) Pause Young (Allocation Failure) 333M->84M(410M) 1.612ms
[537.819s][info][gc,cpu         ] GC(1404) User=0.00s Sys=0.00s Real=0.00s
[538.190s][info][gc,start       ] GC(1405) Pause Young (Allocation Failure)
[538.191s][info][gc,heap        ] GC(1405) PSYoungGen: 244800K(245248K)->64K(242688K) Eden: 244736K(244736K)->0K(235520K) From: 64K(512K)->64K(7168K)
[538.191s][info][gc,heap        ] GC(1405) ParOldGen: 86942K(175104K)->86950K(175104K)
[538.191s][info][gc,metaspace   ] GC(1405) Metaspace: 35543K(36224K)->35543K(36224K) NonClass: 26339K(26880K)->26339K(26880K) Class: 9204K(9344K)->9204K(9344K)
[538.191s][info][gc             ] GC(1405) Pause Young (Allocation Failure) 323M->84M(408M) 0.697ms
[538.191s][info][gc,cpu         ] GC(1405) User=0.00s Sys=0.00s Real=0.00s
[539.221s][info][gc,start       ] GC(1406) Pause Young (Allocation Failure)
[539.222s][info][gc,heap        ] GC(1406) PSYoungGen: 235584K(242688K)->64K(227328K) Eden: 235520K(235520K)->0K(226816K) From: 64K(7168K)->64K(512K)
[539.222s][info][gc,heap        ] GC(1406) ParOldGen: 86950K(175104K)->86958K(175104K)
[539.222s][info][gc,metaspace   ] GC(1406) Metaspace: 35543K(36224K)->35543K(36224K) NonClass: 26339K(26880K)->26339K(26880K) Class: 9204K(9344K)->9204K(9344K)
[539.222s][info][gc             ] GC(1406) Pause Young (Allocation Failure) 314M->84M(393M) 1.341ms
[539.222s][info][gc,cpu         ] GC(1406) User=0.00s Sys=0.00s Real=0.01s
[539.445s][info][gc,start       ] GC(1407) Pause Young (Allocation Failure)
[539.446s][info][gc,heap        ] GC(1407) PSYoungGen: 226880K(227328K)->64K(224256K) Eden: 226816K(226816K)->0K(218112K) From: 64K(512K)->64K(6144K)
[539.446s][info][gc,heap        ] GC(1407) ParOldGen: 86958K(175104K)->86966K(175104K)
[539.446s][info][gc,metaspace   ] GC(1407) Metaspace: 35543K(36224K)->35543K(36224K) NonClass: 26339K(26880K)->26339K(26880K) Class: 9204K(9344K)->9204K(9344K)
[539.446s][info][gc             ] GC(1407) Pause Young (Allocation Failure) 306M->84M(390M) 0.728ms
[539.446s][info][gc,cpu         ] GC(1407) User=0.00s Sys=0.00s Real=0.00s
[539.796s][info][gc,start       ] GC(1408) Pause Young (Allocation Failure)
[539.797s][info][gc,heap        ] GC(1408) PSYoungGen: 218176K(224256K)->64K(210432K) Eden: 218112K(218112K)->0K(209920K) From: 64K(6144K)->64K(512K)
[539.797s][info][gc,heap        ] GC(1408) ParOldGen: 86966K(175104K)->86974K(175104K)
[539.797s][info][gc,metaspace   ] GC(1408) Metaspace: 35543K(36224K)->35543K(36224K) NonClass: 26339K(26880K)->26339K(26880K) Class: 9204K(9344K)->9204K(9344K)
[539.797s][info][gc             ] GC(1408) Pause Young (Allocation Failure) 297M->84M(376M) 1.115ms
[539.797s][info][gc,cpu         ] GC(1408) User=0.00s Sys=0.00s Real=0.00s
[539.850s][info][gc,start       ] GC(1409) Pause Young (Allocation Failure)
[539.850s][info][gc,heap        ] GC(1409) PSYoungGen: 209984K(210432K)->32K(207872K) Eden: 209920K(209920K)->0K(202240K) From: 64K(512K)->32K(5632K)
[539.850s][info][gc,heap        ] GC(1409) ParOldGen: 86974K(175104K)->86990K(175104K)
[539.850s][info][gc,metaspace   ] GC(1409) Metaspace: 35543K(36224K)->35543K(36224K) NonClass: 26339K(26880K)->26339K(26880K) Class: 9204K(9344K)->9204K(9344K)
[539.851s][info][gc             ] GC(1409) Pause Young (Allocation Failure) 289M->84M(374M) 0.559ms
[539.851s][info][gc,cpu         ] GC(1409) User=0.00s Sys=0.00s Real=0.00s
[540.191s][info][gc,start       ] GC(1410) Pause Young (Allocation Failure)
[540.192s][info][gc,heap        ] GC(1410) PSYoungGen: 202272K(207872K)->64K(195584K) Eden: 202240K(202240K)->0K(195072K) From: 32K(5632K)->64K(512K)
[540.192s][info][gc,heap        ] GC(1410) ParOldGen: 86990K(175104K)->86990K(175104K)
[540.192s][info][gc,metaspace   ] GC(1410) Metaspace: 35543K(36224K)->35543K(36224K) NonClass: 26339K(26880K)->26339K(26880K) Class: 9204K(9344K)->9204K(9344K)
[540.192s][info][gc             ] GC(1410) Pause Young (Allocation Failure) 282M->85M(362M) 0.915ms
[540.192s][info][gc,cpu         ] GC(1410) User=0.00s Sys=0.00s Real=0.01s
[540.518s][info][gc,start       ] GC(1411) Pause Young (Allocation Failure)
[540.519s][info][gc,heap        ] GC(1411) PSYoungGen: 195136K(195584K)->64K(192512K) Eden: 195072K(195072K)->0K(187904K) From: 64K(512K)->64K(4608K)
[540.519s][info][gc,heap        ] GC(1411) ParOldGen: 86990K(175104K)->86998K(175104K)
[540.519s][info][gc,metaspace   ] GC(1411) Metaspace: 35543K(36224K)->35543K(36224K) NonClass: 26339K(26880K)->26339K(26880K) Class: 9204K(9344K)->9204K(9344K)
[540.519s][info][gc             ] GC(1411) Pause Young (Allocation Failure) 275M->85M(359M) 0.763ms
[540.519s][info][gc,cpu         ] GC(1411) User=0.00s Sys=0.00s Real=0.00s
[540.764s][info][gc,start       ] GC(1412) Pause Young (Allocation Failure)
[540.766s][info][gc,heap        ] GC(1412) PSYoungGen: 187968K(192512K)->32K(181760K) Eden: 187904K(187904K)->0K(181248K) From: 64K(4608K)->32K(512K)
[540.766s][info][gc,heap        ] GC(1412) ParOldGen: 86998K(175104K)->87006K(175104K)
[540.766s][info][gc,metaspace   ] GC(1412) Metaspace: 35543K(36224K)->35543K(36224K) NonClass: 26339K(26880K)->26339K(26880K) Class: 9204K(9344K)->9204K(9344K)
[540.766s][info][gc             ] GC(1412) Pause Young (Allocation Failure) 268M->84M(348M) 1.529ms
[540.766s][info][gc,cpu         ] GC(1412) User=0.00s Sys=0.00s Real=0.00s
[541.013s][info][gc,start       ] GC(1413) Pause Young (Allocation Failure)
[541.041s][info][gc,heap        ] GC(1413) PSYoungGen: 181280K(181760K)->4096K(221184K) Eden: 181248K(181248K)->0K(217088K) From: 32K(512K)->4096K(4096K)
[541.041s][info][gc,heap        ] GC(1413) ParOldGen: 87006K(175104K)->100046K(175104K)
[541.041s][info][gc,metaspace   ] GC(1413) Metaspace: 35543K(36224K)->35543K(36224K) NonClass: 26339K(26880K)->26339K(26880K) Class: 9204K(9344K)->9204K(9344K)
[541.042s][info][gc             ] GC(1413) Pause Young (Allocation Failure) 261M->101M(387M) 28.640ms
[541.042s][info][gc,cpu         ] GC(1413) User=0.06s Sys=0.00s Real=0.02s
[541.312s][info][gc,start       ] GC(1414) Pause Young (Allocation Failure)
[541.355s][info][gc,heap        ] GC(1414) PSYoungGen: 221184K(221184K)->4096K(259072K) Eden: 217088K(217088K)->0K(254976K) From: 4096K(4096K)->4096K(4096K)
[541.355s][info][gc,heap        ] GC(1414) ParOldGen: 100046K(175104K)->120878K(175104K)
[541.355s][info][gc,metaspace   ] GC(1414) Metaspace: 35543K(36224K)->35543K(36224K) NonClass: 26339K(26880K)->26339K(26880K) Class: 9204K(9344K)->9204K(9344K)
[541.355s][info][gc             ] GC(1414) Pause Young (Allocation Failure) 313M->122M(424M) 43.260ms
[541.355s][info][gc,cpu         ] GC(1414) User=0.08s Sys=0.00s Real=0.04s
[541.603s][info][gc,start       ] GC(1415) Pause Young (Allocation Failure)
[541.640s][info][gc,heap        ] GC(1415) PSYoungGen: 259072K(259072K)->17920K(272896K) Eden: 254976K(254976K)->0K(254976K) From: 4096K(4096K)->17920K(17920K)
[541.640s][info][gc,heap        ] GC(1415) ParOldGen: 120878K(175104K)->124454K(175104K)
[541.640s][info][gc,metaspace   ] GC(1415) Metaspace: 35543K(36224K)->35543K(36224K) NonClass: 26339K(26880K)->26339K(26880K) Class: 9204K(9344K)->9204K(9344K)
[541.640s][info][gc             ] GC(1415) Pause Young (Allocation Failure) 371M->139M(437M) 37.493ms
[541.640s][info][gc,cpu         ] GC(1415) User=0.07s Sys=0.00s Real=0.03s
[541.813s][info][gc,start       ] GC(1416) Pause Young (Allocation Failure)
[541.814s][info][gc,heap        ] GC(1416) PSYoungGen: 272896K(272896K)->64K(311808K) Eden: 254976K(254976K)->0K(289280K) From: 17920K(17920K)->64K(22528K)
[541.814s][info][gc,heap        ] GC(1416) ParOldGen: 124454K(175104K)->124542K(175104K)
[541.814s][info][gc,metaspace   ] GC(1416) Metaspace: 35543K(36224K)->35543K(36224K) NonClass: 26339K(26880K)->26339K(26880K) Class: 9204K(9344K)->9204K(9344K)
[541.814s][info][gc             ] GC(1416) Pause Young (Allocation Failure) 388M->121M(475M) 1.737ms
[541.814s][info][gc,cpu         ] GC(1416) User=0.00s Sys=0.00s Real=0.00s
[542.534s][info][gc,start       ] GC(1417) Pause Young (Allocation Failure)
[542.535s][info][gc,heap        ] GC(1417) PSYoungGen: 289344K(311808K)->64K(289792K) Eden: 289280K(289280K)->0K(289280K) From: 64K(22528K)->64K(512K)
[542.535s][info][gc,heap        ] GC(1417) ParOldGen: 124542K(175104K)->124550K(175104K)
[542.535s][info][gc,metaspace   ] GC(1417) Metaspace: 35543K(36224K)->35543K(36224K) NonClass: 26339K(26880K)->26339K(26880K) Class: 9204K(9344K)->9204K(9344K)
[542.535s][info][gc             ] GC(1417) Pause Young (Allocation Failure) 404M->121M(454M) 0.804ms
[542.535s][info][gc,cpu         ] GC(1417) User=0.00s Sys=0.00s Real=0.00s
[543.047s][info][gc,start       ] GC(1418) Pause Young (Allocation Failure)
[543.048s][info][gc,heap        ] GC(1418) PSYoungGen: 289344K(289792K)->64K(311808K) Eden: 289280K(289280K)->0K(290304K) From: 64K(512K)->64K(21504K)
[543.048s][info][gc,heap        ] GC(1418) ParOldGen: 124550K(175104K)->124566K(175104K)
[543.048s][info][gc,metaspace   ] GC(1418) Metaspace: 35543K(36224K)->35543K(36224K) NonClass: 26339K(26880K)->26339K(26880K) Class: 9204K(9344K)->9204K(9344K)
[543.048s][info][gc             ] GC(1418) Pause Young (Allocation Failure) 404M->121M(475M) 0.843ms
[543.048s][info][gc,cpu         ] GC(1418) User=0.00s Sys=0.00s Real=0.00s
[543.294s][info][gc,start       ] GC(1419) Pause Young (Allocation Failure)
[543.295s][info][gc,heap        ] GC(1419) PSYoungGen: 290368K(311808K)->64K(310784K) Eden: 290304K(290304K)->0K(290304K) From: 64K(21504K)->64K(20480K)
[543.295s][info][gc,heap        ] GC(1419) ParOldGen: 124566K(175104K)->124582K(175104K)
[543.295s][info][gc,metaspace   ] GC(1419) Metaspace: 35543K(36224K)->35543K(36224K) NonClass: 26339K(26880K)->26339K(26880K) Class: 9204K(9344K)->9204K(9344K)
[543.295s][info][gc             ] GC(1419) Pause Young (Allocation Failure) 405M->121M(474M) 0.867ms
[543.295s][info][gc,cpu         ] GC(1419) User=0.00s Sys=0.00s Real=0.00s
[543.539s][info][gc,start       ] GC(1420) Pause Young (Allocation Failure)
[543.540s][info][gc,heap        ] GC(1420) PSYoungGen: 290368K(310784K)->64K(312320K) Eden: 290304K(290304K)->0K(292864K) From: 64K(20480K)->64K(19456K)
[543.540s][info][gc,heap        ] GC(1420) ParOldGen: 124582K(175104K)->124582K(175104K)
[543.540s][info][gc,metaspace   ] GC(1420) Metaspace: 35543K(36224K)->35543K(36224K) NonClass: 26339K(26880K)->26339K(26880K) Class: 9204K(9344K)->9204K(9344K)
[543.540s][info][gc             ] GC(1420) Pause Young (Allocation Failure) 405M->121M(476M) 0.839ms
[543.540s][info][gc,cpu         ] GC(1420) User=0.00s Sys=0.00s Real=0.00s
[543.901s][info][gc,start       ] GC(1421) Pause Young (Allocation Failure)
[543.902s][info][gc,heap        ] GC(1421) PSYoungGen: 292928K(312320K)->64K(311808K) Eden: 292864K(292864K)->0K(292864K) From: 64K(19456K)->64K(18944K)
[543.902s][info][gc,heap        ] GC(1421) ParOldGen: 124582K(175104K)->124582K(175104K)
[543.902s][info][gc,metaspace   ] GC(1421) Metaspace: 35543K(36224K)->35543K(36224K) NonClass: 26339K(26880K)->26339K(26880K) Class: 9204K(9344K)->9204K(9344K)
[543.902s][info][gc             ] GC(1421) Pause Young (Allocation Failure) 407M->121M(475M) 0.868ms
[543.902s][info][gc,cpu         ] GC(1421) User=0.00s Sys=0.00s Real=0.01s
[543.953s][info][gc,start       ] GC(1422) Pause Young (Allocation Failure)
[543.954s][info][gc,heap        ] GC(1422) PSYoungGen: 292928K(311808K)->64K(313856K) Eden: 292864K(292864K)->0K(296448K) From: 64K(18944K)->64K(17408K)
[543.954s][info][gc,heap        ] GC(1422) ParOldGen: 124582K(175104K)->124598K(175104K)
[543.954s][info][gc,metaspace   ] GC(1422) Metaspace: 35543K(36224K)->35543K(36224K) NonClass: 26339K(26880K)->26339K(26880K) Class: 9204K(9344K)->9204K(9344K)
[543.954s][info][gc             ] GC(1422) Pause Young (Allocation Failure) 407M->121M(477M) 0.906ms
[543.954s][info][gc,cpu         ] GC(1422) User=0.00s Sys=0.00s Real=0.00s
[544.009s][info][gc,start       ] GC(1423) Pause Young (Allocation Failure)
[544.010s][info][gc,heap        ] GC(1423) PSYoungGen: 296512K(313856K)->64K(313344K) Eden: 296448K(296448K)->0K(296448K) From: 64K(17408K)->64K(16896K)
[544.010s][info][gc,heap        ] GC(1423) ParOldGen: 124598K(175104K)->124598K(175104K)
[544.010s][info][gc,metaspace   ] GC(1423) Metaspace: 35543K(36224K)->35543K(36224K) NonClass: 26339K(26880K)->26339K(26880K) Class: 9204K(9344K)->9204K(9344K)
[544.010s][info][gc             ] GC(1423) Pause Young (Allocation Failure) 411M->121M(477M) 0.848ms
[544.010s][info][gc,cpu         ] GC(1423) User=0.00s Sys=0.00s Real=0.00s
[544.281s][info][gc,start       ] GC(1424) Pause Young (Allocation Failure)
[544.282s][info][gc,heap        ] GC(1424) PSYoungGen: 296512K(313344K)->64K(315904K) Eden: 296448K(296448K)->0K(300544K) From: 64K(16896K)->64K(15360K)
[544.282s][info][gc,heap        ] GC(1424) ParOldGen: 124598K(175104K)->124598K(175104K)
[544.282s][info][gc,metaspace   ] GC(1424) Metaspace: 35543K(36224K)->35543K(36224K) NonClass: 26339K(26880K)->26339K(26880K) Class: 9204K(9344K)->9204K(9344K)
[544.282s][info][gc             ] GC(1424) Pause Young (Allocation Failure) 411M->121M(479M) 0.918ms
[544.282s][info][gc,cpu         ] GC(1424) User=0.00s Sys=0.01s Real=0.00s
[544.539s][info][gc,start       ] GC(1425) Pause Young (Allocation Failure)
[544.540s][info][gc,heap        ] GC(1425) PSYoungGen: 300608K(315904K)->64K(315904K) Eden: 300544K(300544K)->0K(300544K) From: 64K(15360K)->64K(15360K)
[544.540s][info][gc,heap        ] GC(1425) ParOldGen: 124598K(175104K)->124606K(175104K)
[544.540s][info][gc,metaspace   ] GC(1425) Metaspace: 35543K(36224K)->35543K(36224K) NonClass: 26339K(26880K)->26339K(26880K) Class: 9204K(9344K)->9204K(9344K)
[544.540s][info][gc             ] GC(1425) Pause Young (Allocation Failure) 415M->121M(479M) 1.034ms
[544.540s][info][gc,cpu         ] GC(1425) User=0.00s Sys=0.00s Real=0.00s
[544.635s][info][gc,start       ] GC(1426) Pause Young (Allocation Failure)
[544.636s][info][gc,heap        ] GC(1426) PSYoungGen: 300608K(315904K)->32K(317952K) Eden: 300544K(300544K)->0K(303616K) From: 64K(15360K)->32K(14336K)
[544.636s][info][gc,heap        ] GC(1426) ParOldGen: 124606K(175104K)->124622K(175104K)
[544.636s][info][gc,metaspace   ] GC(1426) Metaspace: 35543K(36224K)->35543K(36224K) NonClass: 26339K(26880K)->26339K(26880K) Class: 9204K(9344K)->9204K(9344K)
[544.636s][info][gc             ] GC(1426) Pause Young (Allocation Failure) 415M->121M(481M) 1.497ms
[544.636s][info][gc,cpu         ] GC(1426) User=0.01s Sys=0.00s Real=0.00s
[544.792s][info][gc,start       ] GC(1427) Pause Young (Allocation Failure)
[544.793s][info][gc,heap        ] GC(1427) PSYoungGen: 303648K(317952K)->64K(317440K) Eden: 303616K(303616K)->0K(303616K) From: 32K(14336K)->64K(13824K)
[544.794s][info][gc,heap        ] GC(1427) ParOldGen: 124622K(175104K)->124630K(175104K)
[544.794s][info][gc,metaspace   ] GC(1427) Metaspace: 35543K(36224K)->35543K(36224K) NonClass: 26339K(26880K)->26339K(26880K) Class: 9204K(9344K)->9204K(9344K)
[544.794s][info][gc             ] GC(1427) Pause Young (Allocation Failure) 418M->121M(481M) 1.443ms
[544.794s][info][gc,cpu         ] GC(1427) User=0.00s Sys=0.00s Real=0.00s
[545.222s][info][gc,start       ] GC(1428) Pause Young (Allocation Failure)
[545.224s][info][gc,heap        ] GC(1428) PSYoungGen: 303680K(317440K)->32K(291840K) Eden: 303616K(303616K)->0K(291328K) From: 64K(13824K)->32K(512K)
[545.224s][info][gc,heap        ] GC(1428) ParOldGen: 124630K(175104K)->124638K(175104K)
[545.224s][info][gc,metaspace   ] GC(1428) Metaspace: 35543K(36224K)->35543K(36224K) NonClass: 26339K(26880K)->26339K(26880K) Class: 9204K(9344K)->9204K(9344K)
[545.224s][info][gc             ] GC(1428) Pause Young (Allocation Failure) 418M->121M(456M) 1.440ms
[545.224s][info][gc,cpu         ] GC(1428) User=0.00s Sys=0.00s Real=0.00s
[546.219s][info][gc,start       ] GC(1429) Pause Young (Allocation Failure)
[546.220s][info][gc,heap        ] GC(1429) PSYoungGen: 291360K(291840K)->32K(291328K) Eden: 291328K(291328K)->0K(279552K) From: 32K(512K)->32K(11776K)
[546.220s][info][gc,heap        ] GC(1429) ParOldGen: 124638K(175104K)->124646K(175104K)
[546.220s][info][gc,metaspace   ] GC(1429) Metaspace: 35543K(36224K)->35543K(36224K) NonClass: 26339K(26880K)->26339K(26880K) Class: 9204K(9344K)->9204K(9344K)
[546.220s][info][gc             ] GC(1429) Pause Young (Allocation Failure) 406M->121M(455M) 1.344ms
[546.220s][info][gc,cpu         ] GC(1429) User=0.00s Sys=0.01s Real=0.00s
[546.872s][info][gc,start       ] GC(1430) Pause Young (Allocation Failure)
[546.873s][info][gc,heap        ] GC(1430) PSYoungGen: 279584K(291328K)->64K(269312K) Eden: 279552K(279552K)->0K(268800K) From: 32K(11776K)->64K(512K)
[546.873s][info][gc,heap        ] GC(1430) ParOldGen: 124646K(175104K)->124654K(175104K)
[546.873s][info][gc,metaspace   ] GC(1430) Metaspace: 35543K(36224K)->35543K(36224K) NonClass: 26339K(26880K)->26339K(26880K) Class: 9204K(9344K)->9204K(9344K)
[546.873s][info][gc             ] GC(1430) Pause Young (Allocation Failure) 394M->121M(434M) 1.461ms
[546.873s][info][gc,cpu         ] GC(1430) User=0.00s Sys=0.00s Real=0.00s
[547.338s][info][gc,start       ] GC(1431) Pause Young (Allocation Failure)
[547.339s][info][gc,heap        ] GC(1431) PSYoungGen: 268864K(269312K)->32K(269312K) Eden: 268800K(268800K)->0K(258560K) From: 64K(512K)->32K(10752K)
[547.339s][info][gc,heap        ] GC(1431) ParOldGen: 124654K(175104K)->124670K(175104K)
[547.339s][info][gc,metaspace   ] GC(1431) Metaspace: 35543K(36224K)->35543K(36224K) NonClass: 26339K(26880K)->26339K(26880K) Class: 9204K(9344K)->9204K(9344K)
[547.339s][info][gc             ] GC(1431) Pause Young (Allocation Failure) 384M->121M(434M) 1.351ms
[547.339s][info][gc,cpu         ] GC(1431) User=0.00s Sys=0.00s Real=0.00s
[548.340s][info][gc,start       ] GC(1432) Pause Young (Allocation Failure)
[548.342s][info][gc,heap        ] GC(1432) PSYoungGen: 258592K(269312K)->32K(248832K) Eden: 258560K(258560K)->0K(248320K) From: 32K(10752K)->32K(512K)
[548.342s][info][gc,heap        ] GC(1432) ParOldGen: 124670K(175104K)->124678K(175104K)
[548.342s][info][gc,metaspace   ] GC(1432) Metaspace: 35543K(36224K)->35543K(36224K) NonClass: 26339K(26880K)->26339K(26880K) Class: 9204K(9344K)->9204K(9344K)
[548.342s][info][gc             ] GC(1432) Pause Young (Allocation Failure) 374M->121M(414M) 1.892ms
[548.342s][info][gc,cpu         ] GC(1432) User=0.00s Sys=0.00s Real=0.01s
[548.686s][info][gc,start       ] GC(1433) Pause Young (Allocation Failure)
[548.687s][info][gc,heap        ] GC(1433) PSYoungGen: 248352K(248832K)->32K(247808K) Eden: 248320K(248320K)->0K(238592K) From: 32K(512K)->32K(9216K)
[548.687s][info][gc,heap        ] GC(1433) ParOldGen: 124678K(175104K)->124686K(175104K)
[548.687s][info][gc,metaspace   ] GC(1433) Metaspace: 35543K(36224K)->35543K(36224K) NonClass: 26339K(26880K)->26339K(26880K) Class: 9204K(9344K)->9204K(9344K)
[548.687s][info][gc             ] GC(1433) Pause Young (Allocation Failure) 364M->121M(413M) 1.388ms
[548.687s][info][gc,cpu         ] GC(1433) User=0.00s Sys=0.00s Real=0.00s
[548.808s][info][gc,start       ] GC(1434) Pause Young (Allocation Failure)
[548.810s][info][gc,heap        ] GC(1434) PSYoungGen: 238624K(247808K)->32K(229888K) Eden: 238592K(238592K)->0K(229376K) From: 32K(9216K)->32K(512K)
[548.810s][info][gc,heap        ] GC(1434) ParOldGen: 124686K(175104K)->124694K(175104K)
[548.810s][info][gc,metaspace   ] GC(1434) Metaspace: 35543K(36224K)->35543K(36224K) NonClass: 26339K(26880K)->26339K(26880K) Class: 9204K(9344K)->9204K(9344K)
[548.810s][info][gc             ] GC(1434) Pause Young (Allocation Failure) 354M->121M(395M) 2.173ms
[548.811s][info][gc,cpu         ] GC(1434) User=0.00s Sys=0.00s Real=0.00s
[549.178s][info][gc,start       ] GC(1435) Pause Young (Allocation Failure)
[549.179s][info][gc,heap        ] GC(1435) PSYoungGen: 229408K(229888K)->32K(228864K) Eden: 229376K(229376K)->0K(220672K) From: 32K(512K)->32K(8192K)
[549.179s][info][gc,heap        ] GC(1435) ParOldGen: 124694K(175104K)->124702K(175104K)
[549.179s][info][gc,metaspace   ] GC(1435) Metaspace: 35543K(36224K)->35543K(36224K) NonClass: 26339K(26880K)->26339K(26880K) Class: 9204K(9344K)->9204K(9344K)
[549.179s][info][gc             ] GC(1435) Pause Young (Allocation Failure) 345M->121M(394M) 1.295ms
[549.179s][info][gc,cpu         ] GC(1435) User=0.00s Sys=0.00s Real=0.00s
[549.489s][info][gc,start       ] GC(1436) Pause Young (Allocation Failure)
[549.490s][info][gc,heap        ] GC(1436) PSYoungGen: 220704K(228864K)->64K(212992K) Eden: 220672K(220672K)->0K(212480K) From: 32K(8192K)->64K(512K)
[549.490s][info][gc,heap        ] GC(1436) ParOldGen: 124702K(175104K)->124710K(175104K)
[549.490s][info][gc,metaspace   ] GC(1436) Metaspace: 35543K(36224K)->35543K(36224K) NonClass: 26339K(26880K)->26339K(26880K) Class: 9204K(9344K)->9204K(9344K)
[549.490s][info][gc             ] GC(1436) Pause Young (Allocation Failure) 337M->121M(379M) 1.323ms
[549.490s][info][gc,cpu         ] GC(1436) User=0.00s Sys=0.00s Real=0.00s
[549.804s][info][gc,start       ] GC(1437) Pause Young (Allocation Failure)
[549.809s][info][gc,heap        ] GC(1437) PSYoungGen: 212544K(212992K)->3264K(211968K) Eden: 212480K(212480K)->0K(204800K) From: 64K(512K)->3264K(7168K)
[549.809s][info][gc,heap        ] GC(1437) ParOldGen: 124710K(175104K)->124718K(175104K)
[549.809s][info][gc,metaspace   ] GC(1437) Metaspace: 35543K(36224K)->35543K(36224K) NonClass: 26339K(26880K)->26339K(26880K) Class: 9204K(9344K)->9204K(9344K)
[549.809s][info][gc             ] GC(1437) Pause Young (Allocation Failure) 329M->124M(378M) 5.648ms
[549.809s][info][gc,cpu         ] GC(1437) User=0.01s Sys=0.00s Real=0.00s
[550.064s][info][gc,start       ] GC(1438) Pause Young (Allocation Failure)
[550.100s][info][gc,heap        ] GC(1438) PSYoungGen: 208064K(211968K)->7168K(252416K) Eden: 204800K(204800K)->0K(245248K) From: 3264K(7168K)->7168K(7168K)
[550.100s][info][gc,heap        ] GC(1438) ParOldGen: 124718K(175104K)->140726K(175104K)
[550.100s][info][gc,metaspace   ] GC(1438) Metaspace: 35543K(36224K)->35543K(36224K) NonClass: 26339K(26880K)->26339K(26880K) Class: 9204K(9344K)->9204K(9344K)
[550.100s][info][gc             ] GC(1438) Pause Young (Allocation Failure) 324M->144M(417M) 35.882ms
[550.100s][info][gc,cpu         ] GC(1438) User=0.07s Sys=0.00s Real=0.03s
[550.398s][info][gc,start       ] GC(1439) Pause Young (Allocation Failure)
[550.445s][info][gc,heap        ] GC(1439) PSYoungGen: 252416K(252416K)->14848K(268800K) Eden: 245248K(245248K)->0K(253952K) From: 7168K(7168K)->14848K(14848K)
[550.445s][info][gc,heap        ] GC(1439) ParOldGen: 140726K(175104K)->154054K(175104K)
[550.445s][info][gc,metaspace   ] GC(1439) Metaspace: 35543K(36224K)->35543K(36224K) NonClass: 26339K(26880K)->26339K(26880K) Class: 9204K(9344K)->9204K(9344K)
[550.445s][info][gc             ] GC(1439) Pause Young (Allocation Failure) 383M->164M(433M) 47.610ms
[550.445s][info][gc,cpu         ] GC(1439) User=0.09s Sys=0.00s Real=0.05s
[550.582s][info][gc,start       ] GC(1440) Pause Young (Allocation Failure)
[550.603s][info][gc,heap        ] GC(1440) PSYoungGen: 268800K(268800K)->8480K(311296K) Eden: 253952K(253952K)->0K(288256K) From: 14848K(14848K)->8480K(23040K)
[550.603s][info][gc,heap        ] GC(1440) ParOldGen: 154054K(175104K)->154406K(175104K)
[550.603s][info][gc,metaspace   ] GC(1440) Metaspace: 35543K(36224K)->35543K(36224K) NonClass: 26339K(26880K)->26339K(26880K) Class: 9204K(9344K)->9204K(9344K)
[550.603s][info][gc             ] GC(1440) Pause Young (Allocation Failure) 412M->159M(475M) 21.004ms
[550.603s][info][gc,cpu         ] GC(1440) User=0.04s Sys=0.01s Real=0.02s
[551.096s][info][gc,start       ] GC(1441) Pause Young (Allocation Failure)
[551.097s][info][gc,heap        ] GC(1441) PSYoungGen: 296736K(311296K)->64K(288768K) Eden: 288256K(288256K)->0K(288256K) From: 8480K(23040K)->64K(512K)
[551.097s][info][gc,heap        ] GC(1441) ParOldGen: 154406K(175104K)->154414K(175104K)
[551.097s][info][gc,metaspace   ] GC(1441) Metaspace: 35543K(36224K)->35543K(36224K) NonClass: 26339K(26880K)->26339K(26880K) Class: 9204K(9344K)->9204K(9344K)
[551.097s][info][gc             ] GC(1441) Pause Young (Allocation Failure) 440M->150M(453M) 0.955ms
[551.097s][info][gc,cpu         ] GC(1441) User=0.00s Sys=0.00s Real=0.00s
[551.633s][info][gc,start       ] GC(1442) Pause Young (Allocation Failure)
[551.633s][info][gc,heap        ] GC(1442) PSYoungGen: 288320K(288768K)->64K(310272K) Eden: 288256K(288256K)->0K(288768K) From: 64K(512K)->64K(21504K)
[551.633s][info][gc,heap        ] GC(1442) ParOldGen: 154414K(175104K)->154422K(175104K)
[551.633s][info][gc,metaspace   ] GC(1442) Metaspace: 35543K(36224K)->35543K(36224K) NonClass: 26339K(26880K)->26339K(26880K) Class: 9204K(9344K)->9204K(9344K)
[551.633s][info][gc             ] GC(1442) Pause Young (Allocation Failure) 432M->150M(474M) 0.935ms
[551.633s][info][gc,cpu         ] GC(1442) User=0.00s Sys=0.00s Real=0.00s
[552.091s][info][gc,start       ] GC(1443) Pause Young (Allocation Failure)
[552.092s][info][gc,heap        ] GC(1443) PSYoungGen: 288832K(310272K)->64K(309760K) Eden: 288768K(288768K)->0K(288768K) From: 64K(21504K)->64K(20992K)
[552.092s][info][gc,heap        ] GC(1443) ParOldGen: 154422K(175104K)->154438K(175104K)
[552.092s][info][gc,metaspace   ] GC(1443) Metaspace: 35543K(36224K)->35543K(36224K) NonClass: 26339K(26880K)->26339K(26880K) Class: 9204K(9344K)->9204K(9344K)
[552.092s][info][gc             ] GC(1443) Pause Young (Allocation Failure) 432M->150M(473M) 0.907ms
[552.092s][info][gc,cpu         ] GC(1443) User=0.00s Sys=0.00s Real=0.01s
[552.336s][info][gc,start       ] GC(1444) Pause Young (Allocation Failure)
[552.337s][info][gc,heap        ] GC(1444) PSYoungGen: 288832K(309760K)->64K(311808K) Eden: 288768K(288768K)->0K(292352K) From: 64K(20992K)->64K(19456K)
[552.337s][info][gc,heap        ] GC(1444) ParOldGen: 154438K(175104K)->154454K(175104K)
[552.337s][info][gc,metaspace   ] GC(1444) Metaspace: 35543K(36224K)->35543K(36224K) NonClass: 26339K(26880K)->26339K(26880K) Class: 9204K(9344K)->9204K(9344K)
[552.337s][info][gc             ] GC(1444) Pause Young (Allocation Failure) 432M->150M(475M) 0.934ms
[552.337s][info][gc,cpu         ] GC(1444) User=0.00s Sys=0.00s Real=0.00s
[552.698s][info][gc,start       ] GC(1445) Pause Young (Allocation Failure)
[552.699s][info][gc,heap        ] GC(1445) PSYoungGen: 292416K(311808K)->64K(311808K) Eden: 292352K(292352K)->0K(292352K) From: 64K(19456K)->64K(19456K)
[552.699s][info][gc,heap        ] GC(1445) ParOldGen: 154454K(175104K)->154454K(175104K)
[552.699s][info][gc,metaspace   ] GC(1445) Metaspace: 35543K(36224K)->35543K(36224K) NonClass: 26339K(26880K)->26339K(26880K) Class: 9204K(9344K)->9204K(9344K)
[552.699s][info][gc             ] GC(1445) Pause Young (Allocation Failure) 436M->150M(475M) 0.900ms
[552.699s][info][gc,cpu         ] GC(1445) User=0.00s Sys=0.00s Real=0.00s
[552.848s][info][gc,start       ] GC(1446) Pause Young (Allocation Failure)
[552.849s][info][gc,heap        ] GC(1446) PSYoungGen: 292416K(311808K)->64K(313344K) Eden: 292352K(292352K)->0K(295936K) From: 64K(19456K)->64K(17408K)
[552.849s][info][gc,heap        ] GC(1446) ParOldGen: 154454K(175104K)->154462K(175104K)
[552.849s][info][gc,metaspace   ] GC(1446) Metaspace: 35543K(36224K)->35543K(36224K) NonClass: 26339K(26880K)->26339K(26880K) Class: 9204K(9344K)->9204K(9344K)
[552.849s][info][gc             ] GC(1446) Pause Young (Allocation Failure) 436M->150M(477M) 0.867ms
[552.849s][info][gc,cpu         ] GC(1446) User=0.00s Sys=0.00s Real=0.00s
[552.904s][info][gc,start       ] GC(1447) Pause Young (Allocation Failure)
[552.905s][info][gc,heap        ] GC(1447) PSYoungGen: 296000K(313344K)->64K(313344K) Eden: 295936K(295936K)->0K(295936K) From: 64K(17408K)->64K(17408K)
[552.905s][info][gc,heap        ] GC(1447) ParOldGen: 154462K(175104K)->154478K(175104K)
[552.905s][info][gc,metaspace   ] GC(1447) Metaspace: 35543K(36224K)->35543K(36224K) NonClass: 26339K(26880K)->26339K(26880K) Class: 9204K(9344K)->9204K(9344K)
[552.905s][info][gc             ] GC(1447) Pause Young (Allocation Failure) 439M->150M(477M) 0.910ms
[552.905s][info][gc,cpu         ] GC(1447) User=0.01s Sys=0.00s Real=0.00s
[553.054s][info][gc,start       ] GC(1448) Pause Young (Allocation Failure)
[553.055s][info][gc,heap        ] GC(1448) PSYoungGen: 296000K(313344K)->64K(314880K) Eden: 295936K(295936K)->0K(299520K) From: 64K(17408K)->64K(15360K)
[553.055s][info][gc,heap        ] GC(1448) ParOldGen: 154478K(175104K)->154478K(175104K)
[553.055s][info][gc,metaspace   ] GC(1448) Metaspace: 35543K(36224K)->35543K(36224K) NonClass: 26339K(26880K)->26339K(26880K) Class: 9204K(9344K)->9204K(9344K)
[553.055s][info][gc             ] GC(1448) Pause Young (Allocation Failure) 439M->150M(478M) 0.921ms
[553.055s][info][gc,cpu         ] GC(1448) User=0.01s Sys=0.00s Real=0.00s
[553.344s][info][gc,start       ] GC(1449) Pause Young (Allocation Failure)
[553.345s][info][gc,heap        ] GC(1449) PSYoungGen: 299584K(314880K)->64K(315392K) Eden: 299520K(299520K)->0K(299520K) From: 64K(15360K)->64K(15872K)
[553.345s][info][gc,heap        ] GC(1449) ParOldGen: 154478K(175104K)->154486K(175104K)
[553.345s][info][gc,metaspace   ] GC(1449) Metaspace: 35543K(36224K)->35543K(36224K) NonClass: 26339K(26880K)->26339K(26880K) Class: 9204K(9344K)->9204K(9344K)
[553.345s][info][gc             ] GC(1449) Pause Young (Allocation Failure) 443M->150M(479M) 0.880ms
[553.345s][info][gc,cpu         ] GC(1449) User=0.00s Sys=0.00s Real=0.00s
[553.507s][info][gc,start       ] GC(1450) Pause Young (Allocation Failure)
[553.508s][info][gc,heap        ] GC(1450) PSYoungGen: 299584K(315392K)->64K(288256K) Eden: 299520K(299520K)->0K(287744K) From: 64K(15872K)->64K(512K)
[553.508s][info][gc,heap        ] GC(1450) ParOldGen: 154486K(175104K)->154494K(175104K)
[553.508s][info][gc,metaspace   ] GC(1450) Metaspace: 35543K(36224K)->35543K(36224K) NonClass: 26339K(26880K)->26339K(26880K) Class: 9204K(9344K)->9204K(9344K)
[553.508s][info][gc             ] GC(1450) Pause Young (Allocation Failure) 443M->150M(452M) 0.913ms
[553.508s][info][gc,cpu         ] GC(1450) User=0.00s Sys=0.00s Real=0.00s
[553.589s][info][gc,start       ] GC(1451) Pause Young (Allocation Failure)
[553.590s][info][gc,heap        ] GC(1451) PSYoungGen: 287808K(288256K)->64K(290816K) Eden: 287744K(287744K)->0K(276480K) From: 64K(512K)->64K(14336K)
[553.590s][info][gc,heap        ] GC(1451) ParOldGen: 154494K(175104K)->154502K(175104K)
[553.590s][info][gc,metaspace   ] GC(1451) Metaspace: 35543K(36224K)->35543K(36224K) NonClass: 26339K(26880K)->26339K(26880K) Class: 9204K(9344K)->9204K(9344K)
[553.590s][info][gc             ] GC(1451) Pause Young (Allocation Failure) 431M->150M(455M) 0.758ms
[553.590s][info][gc,cpu         ] GC(1451) User=0.01s Sys=0.00s Real=0.00s
[553.767s][info][gc,start       ] GC(1452) Pause Young (Allocation Failure)
[553.768s][info][gc,heap        ] GC(1452) PSYoungGen: 276544K(290816K)->64K(266240K) Eden: 276480K(276480K)->0K(265728K) From: 64K(14336K)->64K(512K)
[553.768s][info][gc,heap        ] GC(1452) ParOldGen: 154502K(175104K)->154510K(175104K)
[553.768s][info][gc,metaspace   ] GC(1452) Metaspace: 35543K(36224K)->35543K(36224K) NonClass: 26339K(26880K)->26339K(26880K) Class: 9204K(9344K)->9204K(9344K)
[553.768s][info][gc             ] GC(1452) Pause Young (Allocation Failure) 420M->150M(431M) 1.501ms
[553.768s][info][gc,cpu         ] GC(1452) User=0.00s Sys=0.00s Real=0.00s
[554.720s][info][gc,start       ] GC(1453) Pause Young (Allocation Failure)
[554.721s][info][gc,heap        ] GC(1453) PSYoungGen: 265792K(266240K)->64K(267776K) Eden: 265728K(265728K)->0K(255488K) From: 64K(512K)->64K(12288K)
[554.721s][info][gc,heap        ] GC(1453) ParOldGen: 154510K(175104K)->154518K(175104K)
[554.721s][info][gc,metaspace   ] GC(1453) Metaspace: 35543K(36224K)->35543K(36224K) NonClass: 26339K(26880K)->26339K(26880K) Class: 9204K(9344K)->9204K(9344K)
[554.721s][info][gc             ] GC(1453) Pause Young (Allocation Failure) 410M->150M(432M) 0.890ms
[554.721s][info][gc,cpu         ] GC(1453) User=0.00s Sys=0.00s Real=0.00s
[555.553s][info][gc,start       ] GC(1454) Pause Young (Allocation Failure)
[555.554s][info][gc,heap        ] GC(1454) PSYoungGen: 255552K(267776K)->64K(246272K) Eden: 255488K(255488K)->0K(245760K) From: 64K(12288K)->64K(512K)
[555.554s][info][gc,heap        ] GC(1454) ParOldGen: 154518K(175104K)->154526K(175104K)
[555.554s][info][gc,metaspace   ] GC(1454) Metaspace: 35543K(36224K)->35543K(36224K) NonClass: 26339K(26880K)->26339K(26880K) Class: 9204K(9344K)->9204K(9344K)
[555.554s][info][gc             ] GC(1454) Pause Young (Allocation Failure) 400M->150M(411M) 1.235ms
[555.554s][info][gc,cpu         ] GC(1454) User=0.00s Sys=0.00s Real=0.00s
[555.735s][info][gc,start       ] GC(1455) Pause Young (Allocation Failure)
[555.735s][info][gc,heap        ] GC(1455) PSYoungGen: 245824K(246272K)->64K(247808K) Eden: 245760K(245760K)->0K(236544K) From: 64K(512K)->64K(11264K)
[555.735s][info][gc,heap        ] GC(1455) ParOldGen: 154526K(175104K)->154534K(175104K)
[555.735s][info][gc,metaspace   ] GC(1455) Metaspace: 35543K(36224K)->35543K(36224K) NonClass: 26339K(26880K)->26339K(26880K) Class: 9204K(9344K)->9204K(9344K)
[555.735s][info][gc             ] GC(1455) Pause Young (Allocation Failure) 390M->150M(413M) 0.787ms
[555.735s][info][gc,cpu         ] GC(1455) User=0.00s Sys=0.00s Real=0.00s
[556.144s][info][gc,start       ] GC(1456) Pause Young (Allocation Failure)
[556.146s][info][gc,heap        ] GC(1456) PSYoungGen: 236608K(247808K)->64K(228352K) Eden: 236544K(236544K)->0K(227840K) From: 64K(11264K)->64K(512K)
[556.146s][info][gc,heap        ] GC(1456) ParOldGen: 154534K(175104K)->154542K(175104K)
[556.146s][info][gc,metaspace   ] GC(1456) Metaspace: 35543K(36224K)->35543K(36224K) NonClass: 26339K(26880K)->26339K(26880K) Class: 9204K(9344K)->9204K(9344K)
[556.146s][info][gc             ] GC(1456) Pause Young (Allocation Failure) 381M->150M(394M) 1.806ms
[556.146s][info][gc,cpu         ] GC(1456) User=0.00s Sys=0.00s Real=0.00s
[557.112s][info][gc,start       ] GC(1457) Pause Young (Allocation Failure)
[557.113s][info][gc,heap        ] GC(1457) PSYoungGen: 227904K(228352K)->64K(228864K) Eden: 227840K(227840K)->0K(219136K) From: 64K(512K)->64K(9728K)
[557.113s][info][gc,heap        ] GC(1457) ParOldGen: 154542K(175104K)->154550K(175104K)
[557.113s][info][gc,metaspace   ] GC(1457) Metaspace: 35543K(36224K)->35543K(36224K) NonClass: 26339K(26880K)->26339K(26880K) Class: 9204K(9344K)->9204K(9344K)
[557.113s][info][gc             ] GC(1457) Pause Young (Allocation Failure) 373M->150M(394M) 0.992ms
[557.113s][info][gc,cpu         ] GC(1457) User=0.01s Sys=0.00s Real=0.00s
[557.487s][info][gc,start       ] GC(1458) Pause Young (Allocation Failure)
[557.489s][info][gc,heap        ] GC(1458) PSYoungGen: 219200K(228864K)->32K(211456K) Eden: 219136K(219136K)->0K(210944K) From: 64K(9728K)->32K(512K)
[557.490s][info][gc,heap        ] GC(1458) ParOldGen: 154550K(175104K)->154558K(175104K)
[557.490s][info][gc,metaspace   ] GC(1458) Metaspace: 35543K(36224K)->35543K(36224K) NonClass: 26339K(26880K)->26339K(26880K) Class: 9204K(9344K)->9204K(9344K)
[557.490s][info][gc             ] GC(1458) Pause Young (Allocation Failure) 364M->150M(377M) 2.619ms
[557.490s][info][gc,cpu         ] GC(1458) User=0.00s Sys=0.00s Real=0.00s
[557.645s][info][gc,start       ] GC(1459) Pause Young (Allocation Failure)
[557.646s][info][gc,heap        ] GC(1459) PSYoungGen: 210976K(211456K)->32K(211456K) Eden: 210944K(210944K)->0K(203264K) From: 32K(512K)->32K(8192K)
[557.646s][info][gc,heap        ] GC(1459) ParOldGen: 154558K(175104K)->154566K(175104K)
[557.646s][info][gc,metaspace   ] GC(1459) Metaspace: 35543K(36224K)->35543K(36224K) NonClass: 26339K(26880K)->26339K(26880K) Class: 9204K(9344K)->9204K(9344K)
[557.646s][info][gc             ] GC(1459) Pause Young (Allocation Failure) 356M->150M(377M) 1.434ms
[557.646s][info][gc,cpu         ] GC(1459) User=0.00s Sys=0.00s Real=0.00s
[557.722s][info][gc,start       ] GC(1460) Pause Young (Allocation Failure)
[557.724s][info][gc,heap        ] GC(1460) PSYoungGen: 203296K(211456K)->32K(196608K) Eden: 203264K(203264K)->0K(196096K) From: 32K(8192K)->32K(512K)
[557.724s][info][gc,heap        ] GC(1460) ParOldGen: 154566K(175104K)->154574K(175104K)
[557.724s][info][gc,metaspace   ] GC(1460) Metaspace: 35543K(36224K)->35543K(36224K) NonClass: 26339K(26880K)->26339K(26880K) Class: 9204K(9344K)->9204K(9344K)
[557.724s][info][gc             ] GC(1460) Pause Young (Allocation Failure) 349M->150M(363M) 2.157ms
[557.724s][info][gc,cpu         ] GC(1460) User=0.00s Sys=0.01s Real=0.00s
[558.172s][info][gc,start       ] GC(1461) Pause Young (Allocation Failure)
[558.174s][info][gc,heap        ] GC(1461) PSYoungGen: 196128K(196608K)->64K(196096K) Eden: 196096K(196096K)->0K(188928K) From: 32K(512K)->64K(7168K)
[558.174s][info][gc,heap        ] GC(1461) ParOldGen: 154574K(175104K)->154582K(175104K)
[558.174s][info][gc,metaspace   ] GC(1461) Metaspace: 35543K(36224K)->35543K(36224K) NonClass: 26339K(26880K)->26339K(26880K) Class: 9204K(9344K)->9204K(9344K)
[558.174s][info][gc             ] GC(1461) Pause Young (Allocation Failure) 342M->151M(362M) 1.171ms
[558.174s][info][gc,cpu         ] GC(1461) User=0.00s Sys=0.00s Real=0.00s
[558.383s][info][gc,start       ] GC(1462) Pause Young (Allocation Failure)
[558.385s][info][gc,heap        ] GC(1462) PSYoungGen: 188992K(196096K)->32K(182784K) Eden: 188928K(188928K)->0K(182272K) From: 64K(7168K)->32K(512K)
[558.385s][info][gc,heap        ] GC(1462) ParOldGen: 154582K(175104K)->154590K(175104K)
[558.385s][info][gc,metaspace   ] GC(1462) Metaspace: 35543K(36224K)->35543K(36224K) NonClass: 26339K(26880K)->26339K(26880K) Class: 9204K(9344K)->9204K(9344K)
[558.385s][info][gc             ] GC(1462) Pause Young (Allocation Failure) 335M->150M(349M) 1.997ms
[558.385s][info][gc,cpu         ] GC(1462) User=0.00s Sys=0.00s Real=0.00s
[558.665s][info][gc,start       ] GC(1463) Pause Young (Allocation Failure)
[558.671s][info][gc,heap        ] GC(1463) PSYoungGen: 182304K(182784K)->1760K(223232K) Eden: 182272K(182272K)->0K(217088K) From: 32K(512K)->1760K(6144K)
[558.671s][info][gc,heap        ] GC(1463) ParOldGen: 154590K(175104K)->154598K(175104K)
[558.671s][info][gc,metaspace   ] GC(1463) Metaspace: 35543K(36224K)->35543K(36224K) NonClass: 26339K(26880K)->26339K(26880K) Class: 9204K(9344K)->9204K(9344K)
[558.671s][info][gc             ] GC(1463) Pause Young (Allocation Failure) 328M->152M(389M) 6.095ms
[558.671s][info][gc,cpu         ] GC(1463) User=0.00s Sys=0.00s Real=0.00s
[558.937s][info][gc,start       ] GC(1464) Pause Young (Allocation Failure)
[558.996s][info][gc,heap        ] GC(1464) PSYoungGen: 218848K(223232K)->6144K(247808K) Eden: 217088K(217088K)->0K(241664K) From: 1760K(6144K)->6144K(6144K)
[558.996s][info][gc,heap        ] GC(1464) ParOldGen: 154598K(175104K)->173030K(175104K)
[558.996s][info][gc,metaspace   ] GC(1464) Metaspace: 35543K(36224K)->35543K(36224K) NonClass: 26339K(26880K)->26339K(26880K) Class: 9204K(9344K)->9204K(9344K)
[558.996s][info][gc             ] GC(1464) Pause Young (Allocation Failure) 364M->174M(413M) 58.472ms
[558.996s][info][gc,cpu         ] GC(1464) User=0.07s Sys=0.00s Real=0.06s
[559.289s][info][gc,start       ] GC(1465) Pause Young (Allocation Failure)
[559.343s][info][gc,heap        ] GC(1465) PSYoungGen: 247808K(247808K)->14336K(256000K) Eden: 241664K(241664K)->0K(241664K) From: 6144K(6144K)->14336K(14336K)
[559.343s][info][gc,heap        ] GC(1465) ParOldGen: 173030K(175104K)->186534K(186880K)
[559.343s][info][gc,metaspace   ] GC(1465) Metaspace: 35543K(36224K)->35543K(36224K) NonClass: 26339K(26880K)->26339K(26880K) Class: 9204K(9344K)->9204K(9344K)
[559.343s][info][gc             ] GC(1465) Pause Young (Allocation Failure) 410M->196M(432M) 54.478ms
[559.343s][info][gc,cpu         ] GC(1465) User=0.10s Sys=0.00s Real=0.06s
[559.485s][info][gc,start       ] GC(1466) Pause Young (Allocation Failure)
[559.507s][info][gc,heap        ] GC(1466) PSYoungGen: 256000K(256000K)->9024K(311808K) Eden: 241664K(241664K)->0K(289280K) From: 14336K(14336K)->9024K(22528K)
[559.507s][info][gc,heap        ] GC(1466) ParOldGen: 186534K(186880K)->186886K(187392K)
[559.507s][info][gc,metaspace   ] GC(1466) Metaspace: 35543K(36224K)->35543K(36224K) NonClass: 26339K(26880K)->26339K(26880K) Class: 9204K(9344K)->9204K(9344K)
[559.507s][info][gc             ] GC(1466) Pause Young (Allocation Failure) 432M->191M(487M) 22.480ms
[559.507s][info][gc,cpu         ] GC(1466) User=0.04s Sys=0.02s Real=0.02s
[559.985s][info][gc,start       ] GC(1467) Pause Young (Allocation Failure)
[559.986s][info][gc,heap        ] GC(1467) PSYoungGen: 298304K(311808K)->64K(289792K) Eden: 289280K(289280K)->0K(289280K) From: 9024K(22528K)->64K(512K)
[559.986s][info][gc,heap        ] GC(1467) ParOldGen: 186886K(187392K)->186894K(187392K)
[559.986s][info][gc,metaspace   ] GC(1467) Metaspace: 35543K(36224K)->35543K(36224K) NonClass: 26339K(26880K)->26339K(26880K) Class: 9204K(9344K)->9204K(9344K)
[559.986s][info][gc             ] GC(1467) Pause Young (Allocation Failure) 473M->182M(466M) 1.113ms
[559.986s][info][gc,cpu         ] GC(1467) User=0.00s Sys=0.00s Real=0.00s
[560.526s][info][gc,start       ] GC(1468) Pause Young (Allocation Failure)
[560.527s][info][gc,heap        ] GC(1468) PSYoungGen: 289344K(289792K)->64K(311296K) Eden: 289280K(289280K)->0K(289792K) From: 64K(512K)->64K(21504K)
[560.527s][info][gc,heap        ] GC(1468) ParOldGen: 186894K(187392K)->186902K(187392K)
[560.527s][info][gc,metaspace   ] GC(1468) Metaspace: 35543K(36224K)->35543K(36224K) NonClass: 26339K(26880K)->26339K(26880K) Class: 9204K(9344K)->9204K(9344K)
[560.527s][info][gc             ] GC(1468) Pause Young (Allocation Failure) 465M->182M(487M) 1.022ms
[560.527s][info][gc,cpu         ] GC(1468) User=0.00s Sys=0.00s Real=0.00s
[560.986s][info][gc,start       ] GC(1469) Pause Young (Allocation Failure)
[560.987s][info][gc,heap        ] GC(1469) PSYoungGen: 289856K(311296K)->64K(310784K) Eden: 289792K(289792K)->0K(289792K) From: 64K(21504K)->64K(20992K)
[560.987s][info][gc,heap        ] GC(1469) ParOldGen: 186902K(187392K)->186918K(187392K)
[560.987s][info][gc,metaspace   ] GC(1469) Metaspace: 35543K(36224K)->35543K(36224K) NonClass: 26339K(26880K)->26339K(26880K) Class: 9204K(9344K)->9204K(9344K)
[560.987s][info][gc             ] GC(1469) Pause Young (Allocation Failure) 465M->182M(486M) 1.049ms
[560.987s][info][gc,cpu         ] GC(1469) User=0.00s Sys=0.00s Real=0.00s
[561.230s][info][gc,start       ] GC(1470) Pause Young (Allocation Failure)
[561.231s][info][gc,heap        ] GC(1470) PSYoungGen: 289856K(310784K)->64K(311808K) Eden: 289792K(289792K)->0K(291840K) From: 64K(20992K)->64K(19968K)
[561.231s][info][gc,heap        ] GC(1470) ParOldGen: 186918K(187392K)->186934K(187392K)
[561.231s][info][gc,metaspace   ] GC(1470) Metaspace: 35543K(36224K)->35543K(36224K) NonClass: 26339K(26880K)->26339K(26880K) Class: 9204K(9344K)->9204K(9344K)
[561.231s][info][gc             ] GC(1470) Pause Young (Allocation Failure) 465M->182M(487M) 1.047ms
[561.231s][info][gc,cpu         ] GC(1470) User=0.00s Sys=0.00s Real=0.00s
[561.586s][info][gc,start       ] GC(1471) Pause Young (Allocation Failure)
[561.587s][info][gc,heap        ] GC(1471) PSYoungGen: 291904K(311808K)->64K(311296K) Eden: 291840K(291840K)->0K(291840K) From: 64K(19968K)->64K(19456K)
[561.587s][info][gc,heap        ] GC(1471) ParOldGen: 186934K(187392K)->186934K(187392K)
[561.587s][info][gc,metaspace   ] GC(1471) Metaspace: 35543K(36224K)->35543K(36224K) NonClass: 26339K(26880K)->26339K(26880K) Class: 9204K(9344K)->9204K(9344K)
[561.587s][info][gc             ] GC(1471) Pause Young (Allocation Failure) 467M->182M(487M) 0.952ms
[561.587s][info][gc,cpu         ] GC(1471) User=0.00s Sys=0.00s Real=0.00s
[561.747s][info][gc,start       ] GC(1472) Pause Young (Allocation Failure)
[561.748s][info][gc,heap        ] GC(1472) PSYoungGen: 291904K(311296K)->64K(313344K) Eden: 291840K(291840K)->0K(295424K) From: 64K(19456K)->64K(17920K)
[561.748s][info][gc,heap        ] GC(1472) ParOldGen: 186934K(187392K)->186942K(187392K)
[561.748s][info][gc,metaspace   ] GC(1472) Metaspace: 35543K(36224K)->35543K(36224K) NonClass: 26339K(26880K)->26339K(26880K) Class: 9204K(9344K)->9204K(9344K)
[561.748s][info][gc             ] GC(1472) Pause Young (Allocation Failure) 467M->182M(489M) 0.936ms
[561.748s][info][gc,cpu         ] GC(1472) User=0.00s Sys=0.00s Real=0.00s
[561.802s][info][gc,start       ] GC(1473) Pause Young (Allocation Failure)
[561.803s][info][gc,heap        ] GC(1473) PSYoungGen: 295488K(313344K)->64K(312832K) Eden: 295424K(295424K)->0K(295424K) From: 64K(17920K)->64K(17408K)
[561.803s][info][gc,heap        ] GC(1473) ParOldGen: 186942K(187392K)->186958K(187392K)
[561.803s][info][gc,metaspace   ] GC(1473) Metaspace: 35543K(36224K)->35543K(36224K) NonClass: 26339K(26880K)->26339K(26880K) Class: 9204K(9344K)->9204K(9344K)
[561.803s][info][gc             ] GC(1473) Pause Young (Allocation Failure) 471M->182M(488M) 0.918ms
[561.803s][info][gc,cpu         ] GC(1473) User=0.00s Sys=0.00s Real=0.01s
[561.940s][info][gc,start       ] GC(1474) Pause Young (Allocation Failure)
[561.941s][info][gc,heap        ] GC(1474) PSYoungGen: 295488K(312832K)->64K(315392K) Eden: 295424K(295424K)->0K(299520K) From: 64K(17408K)->64K(15872K)
[561.941s][info][gc,heap        ] GC(1474) ParOldGen: 186958K(187392K)->186958K(187392K)
[561.941s][info][gc,metaspace   ] GC(1474) Metaspace: 35543K(36224K)->35543K(36224K) NonClass: 26339K(26880K)->26339K(26880K) Class: 9204K(9344K)->9204K(9344K)
[561.941s][info][gc             ] GC(1474) Pause Young (Allocation Failure) 471M->182M(491M) 0.921ms
[561.941s][info][gc,cpu         ] GC(1474) User=0.00s Sys=0.00s Real=0.00s
[562.231s][info][gc,start       ] GC(1475) Pause Young (Allocation Failure)
[562.232s][info][gc,heap        ] GC(1475) PSYoungGen: 299584K(315392K)->64K(315392K) Eden: 299520K(299520K)->0K(299520K) From: 64K(15872K)->64K(15872K)
[562.232s][info][gc,heap        ] GC(1475) ParOldGen: 186958K(187392K)->186966K(187392K)
[562.232s][info][gc,metaspace   ] GC(1475) Metaspace: 35543K(36224K)->35543K(36224K) NonClass: 26339K(26880K)->26339K(26880K) Class: 9204K(9344K)->9204K(9344K)
[562.232s][info][gc             ] GC(1475) Pause Young (Allocation Failure) 475M->182M(491M) 0.886ms
[562.232s][info][gc,cpu         ] GC(1475) User=0.00s Sys=0.00s Real=0.01s
[562.402s][info][gc,start       ] GC(1476) Pause Young (Allocation Failure)
[562.403s][info][gc,heap        ] GC(1476) PSYoungGen: 299584K(315392K)->64K(316928K) Eden: 299520K(299520K)->0K(303104K) From: 64K(15872K)->64K(13824K)
[562.403s][info][gc,heap        ] GC(1476) ParOldGen: 186966K(187392K)->186974K(187392K)
[562.403s][info][gc,metaspace   ] GC(1476) Metaspace: 35543K(36224K)->35543K(36224K) NonClass: 26339K(26880K)->26339K(26880K) Class: 9204K(9344K)->9204K(9344K)
[562.403s][info][gc             ] GC(1476) Pause Young (Allocation Failure) 475M->182M(492M) 0.923ms
[562.403s][info][gc,cpu         ] GC(1476) User=0.00s Sys=0.00s Real=0.00s
[562.490s][info][gc,start       ] GC(1477) Pause Young (Allocation Failure)
[562.491s][info][gc,heap        ] GC(1477) PSYoungGen: 303168K(316928K)->64K(316928K) Eden: 303104K(303104K)->0K(303104K) From: 64K(13824K)->64K(13824K)
[562.491s][info][gc,heap        ] GC(1477) ParOldGen: 186974K(187392K)->186982K(187392K)
[562.491s][info][gc,metaspace   ] GC(1477) Metaspace: 35543K(36224K)->35543K(36224K) NonClass: 26339K(26880K)->26339K(26880K) Class: 9204K(9344K)->9204K(9344K)
[562.491s][info][gc             ] GC(1477) Pause Young (Allocation Failure) 478M->182M(492M) 0.909ms
[562.491s][info][gc,cpu         ] GC(1477) User=0.01s Sys=0.00s Real=0.00s
[562.686s][info][gc,start       ] GC(1478) Pause Young (Allocation Failure)
[562.687s][info][gc,heap        ] GC(1478) PSYoungGen: 303168K(316928K)->64K(291328K) Eden: 303104K(303104K)->0K(290816K) From: 64K(13824K)->64K(512K)
[562.687s][info][gc,heap        ] GC(1478) ParOldGen: 186982K(187392K)->186990K(187392K)
[562.687s][info][gc,metaspace   ] GC(1478) Metaspace: 35543K(36224K)->35543K(36224K) NonClass: 26339K(26880K)->26339K(26880K) Class: 9204K(9344K)->9204K(9344K)
[562.687s][info][gc             ] GC(1478) Pause Young (Allocation Failure) 478M->182M(467M) 1.066ms
[562.687s][info][gc,cpu         ] GC(1478) User=0.00s Sys=0.00s Real=0.00s
[563.647s][info][gc,start       ] GC(1479) Pause Young (Allocation Failure)
[563.648s][info][gc,heap        ] GC(1479) PSYoungGen: 290880K(291328K)->83K(291328K) Eden: 290816K(290816K)->0K(279040K) From: 64K(512K)->83K(12288K)
[563.648s][info][gc,heap        ] GC(1479) ParOldGen: 186990K(187392K)->186998K(187392K)
[563.648s][info][gc,metaspace   ] GC(1479) Metaspace: 35543K(36224K)->35543K(36224K) NonClass: 26339K(26880K)->26339K(26880K) Class: 9204K(9344K)->9204K(9344K)
[563.648s][info][gc             ] GC(1479) Pause Young (Allocation Failure) 466M->182M(467M) 0.995ms
[563.648s][info][gc,cpu         ] GC(1479) User=0.00s Sys=0.00s Real=0.00s
[564.501s][info][gc,start       ] GC(1480) Pause Young (Allocation Failure)
[564.502s][info][gc,heap        ] GC(1480) PSYoungGen: 279123K(291328K)->64K(268800K) Eden: 279040K(279040K)->0K(268288K) From: 83K(12288K)->64K(512K)
[564.502s][info][gc,heap        ] GC(1480) ParOldGen: 186998K(187392K)->187006K(187392K)
[564.502s][info][gc,metaspace   ] GC(1480) Metaspace: 35543K(36224K)->35543K(36224K) NonClass: 26339K(26880K)->26339K(26880K) Class: 9204K(9344K)->9204K(9344K)
[564.503s][info][gc             ] GC(1480) Pause Young (Allocation Failure) 455M->182M(445M) 1.777ms
[564.503s][info][gc,cpu         ] GC(1480) User=0.00s Sys=0.00s Real=0.01s
[564.856s][info][gc,start       ] GC(1481) Pause Young (Allocation Failure)
[564.857s][info][gc,heap        ] GC(1481) PSYoungGen: 268352K(268800K)->64K(268800K) Eden: 268288K(268288K)->0K(258048K) From: 64K(512K)->64K(10752K)
[564.857s][info][gc,heap        ] GC(1481) ParOldGen: 187006K(187392K)->187014K(187392K)
[564.857s][info][gc,metaspace   ] GC(1481) Metaspace: 35543K(36224K)->35543K(36224K) NonClass: 26339K(26880K)->26339K(26880K) Class: 9204K(9344K)->9204K(9344K)
[564.857s][info][gc             ] GC(1481) Pause Young (Allocation Failure) 444M->182M(445M) 1.006ms
[564.857s][info][gc,cpu         ] GC(1481) User=0.00s Sys=0.00s Real=0.00s
[565.596s][info][gc,start       ] GC(1482) Pause Young (Allocation Failure)
[565.597s][info][gc,heap        ] GC(1482) PSYoungGen: 258112K(268800K)->64K(248832K) Eden: 258048K(258048K)->0K(248320K) From: 64K(10752K)->64K(512K)
[565.597s][info][gc,heap        ] GC(1482) ParOldGen: 187014K(187392K)->187022K(187392K)
[565.597s][info][gc,metaspace   ] GC(1482) Metaspace: 35543K(36224K)->35543K(36224K) NonClass: 26339K(26880K)->26339K(26880K) Class: 9204K(9344K)->9204K(9344K)
[565.597s][info][gc             ] GC(1482) Pause Young (Allocation Failure) 434M->182M(426M) 1.397ms
[565.597s][info][gc,cpu         ] GC(1482) User=0.00s Sys=0.00s Real=0.00s
[566.234s][info][gc,start       ] GC(1483) Pause Young (Allocation Failure)
[566.235s][info][gc,heap        ] GC(1483) PSYoungGen: 248384K(248832K)->64K(248320K) Eden: 248320K(248320K)->0K(238592K) From: 64K(512K)->64K(9728K)
[566.235s][info][gc,heap        ] GC(1483) ParOldGen: 187022K(187392K)->187030K(187392K)
[566.235s][info][gc,metaspace   ] GC(1483) Metaspace: 35543K(36224K)->35543K(36224K) NonClass: 26339K(26880K)->26339K(26880K) Class: 9204K(9344K)->9204K(9344K)
[566.235s][info][gc             ] GC(1483) Pause Young (Allocation Failure) 425M->182M(425M) 1.288ms
[566.235s][info][gc,cpu         ] GC(1483) User=0.00s Sys=0.00s Real=0.00s
[566.601s][info][gc,start       ] GC(1484) Pause Young (Allocation Failure)
[566.603s][info][gc,heap        ] GC(1484) PSYoungGen: 238656K(248320K)->32K(229888K) Eden: 238592K(238592K)->0K(229376K) From: 64K(9728K)->32K(512K)
[566.603s][info][gc,heap        ] GC(1484) ParOldGen: 187030K(187392K)->187038K(187392K)
[566.603s][info][gc,metaspace   ] GC(1484) Metaspace: 35543K(36224K)->35543K(36224K) NonClass: 26339K(26880K)->26339K(26880K) Class: 9204K(9344K)->9204K(9344K)
[566.603s][info][gc             ] GC(1484) Pause Young (Allocation Failure) 415M->182M(407M) 2.433ms
[566.603s][info][gc,cpu         ] GC(1484) User=0.00s Sys=0.00s Real=0.01s
[566.676s][info][gc,start       ] GC(1485) Pause Young (Allocation Failure)
[566.678s][info][gc,heap        ] GC(1485) PSYoungGen: 229408K(229888K)->32K(228864K) Eden: 229376K(229376K)->0K(220672K) From: 32K(512K)->32K(8192K)
[566.678s][info][gc,heap        ] GC(1485) ParOldGen: 187038K(187392K)->187046K(187392K)
[566.678s][info][gc,metaspace   ] GC(1485) Metaspace: 35543K(36224K)->35543K(36224K) NonClass: 26339K(26880K)->26339K(26880K) Class: 9204K(9344K)->9204K(9344K)
[566.678s][info][gc             ] GC(1485) Pause Young (Allocation Failure) 406M->182M(406M) 1.719ms
[566.678s][info][gc,cpu         ] GC(1485) User=0.00s Sys=0.00s Real=0.00s
[567.157s][info][gc,start       ] GC(1486) Pause Young (Allocation Failure)
[567.159s][info][gc,heap        ] GC(1486) PSYoungGen: 220704K(228864K)->64K(212992K) Eden: 220672K(220672K)->0K(212480K) From: 32K(8192K)->64K(512K)
[567.159s][info][gc,heap        ] GC(1486) ParOldGen: 187046K(187392K)->187054K(187392K)
[567.159s][info][gc,metaspace   ] GC(1486) Metaspace: 35543K(36224K)->35543K(36224K) NonClass: 26339K(26880K)->26339K(26880K) Class: 9204K(9344K)->9204K(9344K)
[567.159s][info][gc             ] GC(1486) Pause Young (Allocation Failure) 398M->182M(391M) 2.511ms
[567.159s][info][gc,cpu         ] GC(1486) User=0.00s Sys=0.01s Real=0.00s
[567.401s][info][gc,start       ] GC(1487) Pause Young (Allocation Failure)
[567.403s][info][gc,heap        ] GC(1487) PSYoungGen: 212544K(212992K)->32K(211968K) Eden: 212480K(212480K)->0K(204800K) From: 64K(512K)->32K(7168K)
[567.403s][info][gc,heap        ] GC(1487) ParOldGen: 187054K(187392K)->187062K(187392K)
[567.403s][info][gc,metaspace   ] GC(1487) Metaspace: 35543K(36224K)->35543K(36224K) NonClass: 26339K(26880K)->26339K(26880K) Class: 9204K(9344K)->9204K(9344K)
[567.403s][info][gc             ] GC(1487) Pause Young (Allocation Failure) 390M->182M(390M) 1.674ms
[567.403s][info][gc,cpu         ] GC(1487) User=0.00s Sys=0.00s Real=0.01s
[567.703s][info][gc,start       ] GC(1488) Pause Young (Allocation Failure)
[567.715s][info][gc,heap        ] GC(1488) PSYoungGen: 204832K(211968K)->6656K(250880K) Eden: 204800K(204800K)->0K(244224K) From: 32K(7168K)->6656K(6656K)
[567.715s][info][gc,heap        ] GC(1488) ParOldGen: 187062K(187392K)->187270K(187392K)
[567.715s][info][gc,metaspace   ] GC(1488) Metaspace: 35543K(36224K)->35543K(36224K) NonClass: 26339K(26880K)->26339K(26880K) Class: 9204K(9344K)->9204K(9344K)
[567.715s][info][gc             ] GC(1488) Pause Young (Allocation Failure) 382M->189M(428M) 12.500ms
[567.715s][info][gc,cpu         ] GC(1488) User=0.02s Sys=0.00s Real=0.01s
[568.010s][info][gc,start       ] GC(1489) Pause Young (Allocation Failure)
[568.065s][info][gc,heap        ] GC(1489) PSYoungGen: 250880K(250880K)->8704K(274944K) Eden: 244224K(244224K)->0K(266240K) From: 6656K(6656K)->8704K(8704K)
[568.065s][info][gc,heap        ] GC(1489) ParOldGen: 187270K(187392K)->206206K(206336K)
[568.065s][info][gc,metaspace   ] GC(1489) Metaspace: 35543K(36224K)->35543K(36224K) NonClass: 26339K(26880K)->26339K(26880K) Class: 9204K(9344K)->9204K(9344K)
[568.065s][info][gc             ] GC(1489) Pause Young (Allocation Failure) 427M->209M(470M) 54.634ms
[568.065s][info][gc,cpu         ] GC(1489) User=0.09s Sys=0.01s Real=0.06s
[568.374s][info][gc,start       ] GC(1490) Pause Young (Allocation Failure)
[568.438s][info][gc,heap        ] GC(1490) PSYoungGen: 274944K(274944K)->17408K(301056K) Eden: 266240K(266240K)->0K(283648K) From: 8704K(8704K)->17408K(17408K)
[568.438s][info][gc,heap        ] GC(1490) ParOldGen: 206206K(206336K)->217446K(217600K)
[568.439s][info][gc,metaspace   ] GC(1490) Metaspace: 35543K(36224K)->35543K(36224K) NonClass: 26339K(26880K)->26339K(26880K) Class: 9204K(9344K)->9204K(9344K)
[568.439s][info][gc             ] GC(1490) Pause Young (Allocation Failure) 469M->229M(506M) 64.939ms
[568.439s][info][gc,cpu         ] GC(1490) User=0.12s Sys=0.02s Real=0.06s
[568.562s][info][gc,start       ] GC(1491) Pause Young (Allocation Failure)
[568.566s][info][gc,heap        ] GC(1491) PSYoungGen: 301056K(301056K)->64K(308736K) Eden: 283648K(283648K)->0K(283648K) From: 17408K(17408K)->64K(25088K)
[568.566s][info][gc,heap        ] GC(1491) ParOldGen: 217446K(217600K)->217742K(218112K)
[568.566s][info][gc,metaspace   ] GC(1491) Metaspace: 35543K(36224K)->35543K(36224K) NonClass: 26339K(26880K)->26339K(26880K) Class: 9204K(9344K)->9204K(9344K)
[568.566s][info][gc             ] GC(1491) Pause Young (Allocation Failure) 506M->212M(514M) 4.312ms
[568.566s][info][gc,cpu         ] GC(1491) User=0.01s Sys=0.00s Real=0.00s
[569.273s][info][gc,start       ] GC(1492) Pause Young (Allocation Failure)
[569.274s][info][gc,heap        ] GC(1492) PSYoungGen: 283712K(308736K)->64K(306176K) Eden: 283648K(283648K)->0K(284160K) From: 64K(25088K)->64K(22016K)
[569.274s][info][gc,heap        ] GC(1492) ParOldGen: 217742K(218112K)->217758K(218112K)
[569.274s][info][gc,metaspace   ] GC(1492) Metaspace: 35543K(36224K)->35543K(36224K) NonClass: 26339K(26880K)->26339K(26880K) Class: 9204K(9344K)->9204K(9344K)
[569.274s][info][gc             ] GC(1492) Pause Young (Allocation Failure) 489M->212M(512M) 1.226ms
[569.274s][info][gc,cpu         ] GC(1492) User=0.01s Sys=0.00s Real=0.00s
[569.630s][info][gc,start       ] GC(1493) Pause Young (Allocation Failure)
[569.631s][info][gc,heap        ] GC(1493) PSYoungGen: 284224K(306176K)->64K(307712K) Eden: 284160K(284160K)->0K(284160K) From: 64K(22016K)->64K(23552K)
[569.631s][info][gc,heap        ] GC(1493) ParOldGen: 217758K(218112K)->217758K(218112K)
[569.631s][info][gc,metaspace   ] GC(1493) Metaspace: 35545K(36224K)->35545K(36224K) NonClass: 26341K(26880K)->26341K(26880K) Class: 9204K(9344K)->9204K(9344K)
[569.631s][info][gc             ] GC(1493) Pause Young (Allocation Failure) 490M->212M(513M) 1.099ms
[569.631s][info][gc,cpu         ] GC(1493) User=0.00s Sys=0.00s Real=0.00s
[570.055s][info][gc,start       ] GC(1494) Pause Young (Allocation Failure)
[570.056s][info][gc,heap        ] GC(1494) PSYoungGen: 284224K(307712K)->64K(307712K) Eden: 284160K(284160K)->0K(287744K) From: 64K(23552K)->64K(19968K)
[570.056s][info][gc,heap        ] GC(1494) ParOldGen: 217758K(218112K)->217774K(218112K)
[570.056s][info][gc,metaspace   ] GC(1494) Metaspace: 35545K(36224K)->35545K(36224K) NonClass: 26341K(26880K)->26341K(26880K) Class: 9204K(9344K)->9204K(9344K)
[570.056s][info][gc             ] GC(1494) Pause Young (Allocation Failure) 490M->212M(513M) 1.094ms
[570.056s][info][gc,cpu         ] GC(1494) User=0.01s Sys=0.00s Real=0.00s
[570.304s][info][gc,start       ] GC(1495) Pause Young (Allocation Failure)
[570.305s][info][gc,heap        ] GC(1495) PSYoungGen: 287808K(307712K)->64K(309248K) Eden: 287744K(287744K)->0K(287744K) From: 64K(19968K)->64K(21504K)
[570.305s][info][gc,heap        ] GC(1495) ParOldGen: 217774K(218112K)->217790K(218112K)
[570.305s][info][gc,metaspace   ] GC(1495) Metaspace: 35545K(36224K)->35545K(36224K) NonClass: 26341K(26880K)->26341K(26880K) Class: 9204K(9344K)->9204K(9344K)
[570.305s][info][gc             ] GC(1495) Pause Young (Allocation Failure) 493M->212M(515M) 1.060ms
[570.305s][info][gc,cpu         ] GC(1495) User=0.00s Sys=0.00s Real=0.00s
[570.684s][info][gc,start       ] GC(1496) Pause Young (Allocation Failure)
[570.685s][info][gc,heap        ] GC(1496) PSYoungGen: 287808K(309248K)->64K(309760K) Eden: 287744K(287744K)->0K(291840K) From: 64K(21504K)->64K(17920K)
[570.685s][info][gc,heap        ] GC(1496) ParOldGen: 217790K(218112K)->217790K(218112K)
[570.685s][info][gc,metaspace   ] GC(1496) Metaspace: 35545K(36224K)->35545K(36224K) NonClass: 26341K(26880K)->26341K(26880K) Class: 9204K(9344K)->9204K(9344K)
[570.685s][info][gc             ] GC(1496) Pause Young (Allocation Failure) 493M->212M(515M) 1.063ms
[570.685s][info][gc,cpu         ] GC(1496) User=0.00s Sys=0.00s Real=0.00s
[570.748s][info][gc,start       ] GC(1497) Pause Young (Allocation Failure)
[570.749s][info][gc,heap        ] GC(1497) PSYoungGen: 291904K(309760K)->64K(311296K) Eden: 291840K(291840K)->0K(291840K) From: 64K(17920K)->64K(19456K)
[570.749s][info][gc,heap        ] GC(1497) ParOldGen: 217790K(218112K)->217798K(218112K)
[570.749s][info][gc,metaspace   ] GC(1497) Metaspace: 35545K(36224K)->35545K(36224K) NonClass: 26341K(26880K)->26341K(26880K) Class: 9204K(9344K)->9204K(9344K)
[570.749s][info][gc             ] GC(1497) Pause Young (Allocation Failure) 497M->212M(517M) 1.055ms
[570.749s][info][gc,cpu         ] GC(1497) User=0.00s Sys=0.00s Real=0.00s
[570.800s][info][gc,start       ] GC(1498) Pause Young (Allocation Failure)
[570.801s][info][gc,heap        ] GC(1498) PSYoungGen: 291904K(311296K)->64K(311808K) Eden: 291840K(291840K)->0K(295936K) From: 64K(19456K)->64K(15872K)
[570.801s][info][gc,heap        ] GC(1498) ParOldGen: 217798K(218112K)->217814K(218112K)
[570.801s][info][gc,metaspace   ] GC(1498) Metaspace: 35545K(36224K)->35545K(36224K) NonClass: 26341K(26880K)->26341K(26880K) Class: 9204K(9344K)->9204K(9344K)
[570.801s][info][gc             ] GC(1498) Pause Young (Allocation Failure) 497M->212M(517M) 1.074ms
[570.801s][info][gc,cpu         ] GC(1498) User=0.01s Sys=0.00s Real=0.00s
[571.032s][info][gc,start       ] GC(1499) Pause Young (Allocation Failure)
[571.033s][info][gc,heap        ] GC(1499) PSYoungGen: 296000K(311808K)->64K(313344K) Eden: 295936K(295936K)->0K(295936K) From: 64K(15872K)->64K(17408K)
[571.033s][info][gc,heap        ] GC(1499) ParOldGen: 217814K(218112K)->217814K(218112K)
[571.033s][info][gc,metaspace   ] GC(1499) Metaspace: 35545K(36224K)->35545K(36224K) NonClass: 26341K(26880K)->26341K(26880K) Class: 9204K(9344K)->9204K(9344K)
[571.033s][info][gc             ] GC(1499) Pause Young (Allocation Failure) 501M->212M(519M) 1.045ms
[571.033s][info][gc,cpu         ] GC(1499) User=0.00s Sys=0.00s Real=0.00s
[571.291s][info][gc,start       ] GC(1500) Pause Young (Allocation Failure)
[571.292s][info][gc,heap        ] GC(1500) PSYoungGen: 296000K(313344K)->64K(313856K) Eden: 295936K(295936K)->0K(299520K) From: 64K(17408K)->64K(14336K)
[571.293s][info][gc,heap        ] GC(1500) ParOldGen: 217814K(218112K)->217822K(218112K)
[571.293s][info][gc,metaspace   ] GC(1500) Metaspace: 35545K(36224K)->35545K(36224K) NonClass: 26341K(26880K)->26341K(26880K) Class: 9204K(9344K)->9204K(9344K)
[571.293s][info][gc             ] GC(1500) Pause Young (Allocation Failure) 501M->212M(519M) 1.093ms
[571.293s][info][gc,cpu         ] GC(1500) User=0.00s Sys=0.00s Real=0.01s
[571.413s][info][gc,start       ] GC(1501) Pause Young (Allocation Failure)
[571.414s][info][gc,heap        ] GC(1501) PSYoungGen: 299584K(313856K)->64K(315392K) Eden: 299520K(299520K)->0K(299520K) From: 64K(14336K)->64K(15872K)
[571.414s][info][gc,heap        ] GC(1501) ParOldGen: 217822K(218112K)->217830K(218112K)
[571.414s][info][gc,metaspace   ] GC(1501) Metaspace: 35545K(36224K)->35545K(36224K) NonClass: 26341K(26880K)->26341K(26880K) Class: 9204K(9344K)->9204K(9344K)
[571.414s][info][gc             ] GC(1501) Pause Young (Allocation Failure) 505M->212M(521M) 1.093ms
[571.414s][info][gc,cpu         ] GC(1501) User=0.00s Sys=0.00s Real=0.00s
[571.537s][info][gc,start       ] GC(1502) Pause Young (Allocation Failure)
[571.538s][info][gc,heap        ] GC(1502) PSYoungGen: 299584K(315392K)->64K(315392K) Eden: 299520K(299520K)->0K(303104K) From: 64K(15872K)->64K(12288K)
[571.538s][info][gc,heap        ] GC(1502) ParOldGen: 217830K(218112K)->217838K(218112K)
[571.538s][info][gc,metaspace   ] GC(1502) Metaspace: 35545K(36224K)->35545K(36224K) NonClass: 26341K(26880K)->26341K(26880K) Class: 9204K(9344K)->9204K(9344K)
[571.538s][info][gc             ] GC(1502) Pause Young (Allocation Failure) 505M->212M(521M) 1.062ms
[571.538s][info][gc,cpu         ] GC(1502) User=0.00s Sys=0.00s Real=0.00s
[571.921s][info][gc,start       ] GC(1503) Pause Young (Allocation Failure)
[571.923s][info][gc,heap        ] GC(1503) PSYoungGen: 303168K(315392K)->64K(291328K) Eden: 303104K(303104K)->0K(290816K) From: 64K(12288K)->64K(512K)
[571.923s][info][gc,heap        ] GC(1503) ParOldGen: 217838K(218112K)->217846K(218112K)
[571.923s][info][gc,metaspace   ] GC(1503) Metaspace: 35545K(36224K)->35545K(36224K) NonClass: 26341K(26880K)->26341K(26880K) Class: 9204K(9344K)->9204K(9344K)
[571.923s][info][gc             ] GC(1503) Pause Young (Allocation Failure) 508M->212M(497M) 1.770ms
[571.923s][info][gc,cpu         ] GC(1503) User=0.00s Sys=0.00s Real=0.01s
[572.600s][info][gc,start       ] GC(1504) Pause Young (Allocation Failure)
[572.602s][info][gc,heap        ] GC(1504) PSYoungGen: 290880K(291328K)->64K(279552K) Eden: 290816K(290816K)->0K(279040K) From: 64K(512K)->64K(512K)
[572.602s][info][gc,heap        ] GC(1504) ParOldGen: 217846K(218112K)->217854K(218112K)
[572.602s][info][gc,metaspace   ] GC(1504) Metaspace: 35545K(36224K)->35545K(36224K) NonClass: 26341K(26880K)->26341K(26880K) Class: 9204K(9344K)->9204K(9344K)
[572.602s][info][gc             ] GC(1504) Pause Young (Allocation Failure) 496M->212M(486M) 1.719ms
[572.602s][info][gc,cpu         ] GC(1504) User=0.00s Sys=0.00s Real=0.01s
[573.533s][info][gc,start       ] GC(1505) Pause Young (Allocation Failure)
[573.534s][info][gc,heap        ] GC(1505) PSYoungGen: 279104K(279552K)->64K(280576K) Eden: 279040K(279040K)->0K(268288K) From: 64K(512K)->64K(12288K)
[573.534s][info][gc,heap        ] GC(1505) ParOldGen: 217854K(218112K)->217862K(218112K)
[573.534s][info][gc,metaspace   ] GC(1505) Metaspace: 35545K(36224K)->35545K(36224K) NonClass: 26341K(26880K)->26341K(26880K) Class: 9204K(9344K)->9204K(9344K)
[573.534s][info][gc             ] GC(1505) Pause Young (Allocation Failure) 485M->212M(487M) 1.014ms
[573.534s][info][gc,cpu         ] GC(1505) User=0.00s Sys=0.00s Real=0.00s
[573.977s][info][gc,start       ] GC(1506) Pause Young (Allocation Failure)
[573.979s][info][gc,heap        ] GC(1506) PSYoungGen: 268352K(280576K)->32K(258560K) Eden: 268288K(268288K)->0K(258048K) From: 64K(12288K)->32K(512K)
[573.979s][info][gc,heap        ] GC(1506) ParOldGen: 217862K(218112K)->217870K(218112K)
[573.979s][info][gc,metaspace   ] GC(1506) Metaspace: 35545K(36224K)->35545K(36224K) NonClass: 26341K(26880K)->26341K(26880K) Class: 9204K(9344K)->9204K(9344K)
[573.979s][info][gc             ] GC(1506) Pause Young (Allocation Failure) 474M->212M(465M) 2.509ms
[573.979s][info][gc,cpu         ] GC(1506) User=0.00s Sys=0.00s Real=0.00s
[574.963s][info][gc,start       ] GC(1507) Pause Young (Allocation Failure)
[574.965s][info][gc,heap        ] GC(1507) PSYoungGen: 258080K(258560K)->32K(259072K) Eden: 258048K(258048K)->0K(248320K) From: 32K(512K)->32K(10752K)
[574.965s][info][gc,heap        ] GC(1507) ParOldGen: 217870K(218112K)->217878K(218112K)
[574.965s][info][gc,metaspace   ] GC(1507) Metaspace: 35545K(36224K)->35545K(36224K) NonClass: 26341K(26880K)->26341K(26880K) Class: 9204K(9344K)->9204K(9344K)
[574.965s][info][gc             ] GC(1507) Pause Young (Allocation Failure) 464M->212M(466M) 1.827ms
[574.965s][info][gc,cpu         ] GC(1507) User=0.00s Sys=0.00s Real=0.00s
[575.356s][info][gc,start       ] GC(1508) Pause Young (Allocation Failure)
[575.359s][info][gc,heap        ] GC(1508) PSYoungGen: 248352K(259072K)->64K(239104K) Eden: 248320K(248320K)->0K(238592K) From: 32K(10752K)->64K(512K)
[575.359s][info][gc,heap        ] GC(1508) ParOldGen: 217878K(218112K)->217886K(218112K)
[575.359s][info][gc,metaspace   ] GC(1508) Metaspace: 35545K(36224K)->35545K(36224K) NonClass: 26341K(26880K)->26341K(26880K) Class: 9204K(9344K)->9204K(9344K)
[575.359s][info][gc             ] GC(1508) Pause Young (Allocation Failure) 455M->212M(446M) 2.748ms
[575.359s][info][gc,cpu         ] GC(1508) User=0.00s Sys=0.00s Real=0.00s
[575.509s][info][gc,start       ] GC(1509) Pause Young (Allocation Failure)
[575.511s][info][gc,heap        ] GC(1509) PSYoungGen: 238656K(239104K)->32K(238592K) Eden: 238592K(238592K)->0K(229376K) From: 64K(512K)->32K(9216K)
[575.511s][info][gc,heap        ] GC(1509) ParOldGen: 217886K(218112K)->217902K(218112K)
[575.511s][info][gc,metaspace   ] GC(1509) Metaspace: 35545K(36224K)->35545K(36224K) NonClass: 26341K(26880K)->26341K(26880K) Class: 9204K(9344K)->9204K(9344K)
[575.511s][info][gc             ] GC(1509) Pause Young (Allocation Failure) 445M->212M(446M) 1.758ms
[575.511s][info][gc,cpu         ] GC(1509) User=0.00s Sys=0.00s Real=0.00s
[575.722s][info][gc,start       ] GC(1510) Pause Young (Allocation Failure)
[575.725s][info][gc,heap        ] GC(1510) PSYoungGen: 229408K(238592K)->64K(221184K) Eden: 229376K(229376K)->0K(220672K) From: 32K(9216K)->64K(512K)
[575.725s][info][gc,heap        ] GC(1510) ParOldGen: 217902K(218112K)->217910K(218112K)
[575.725s][info][gc,metaspace   ] GC(1510) Metaspace: 35545K(36224K)->35545K(36224K) NonClass: 26341K(26880K)->26341K(26880K) Class: 9204K(9344K)->9204K(9344K)
[575.725s][info][gc             ] GC(1510) Pause Young (Allocation Failure) 436M->212M(429M) 2.609ms
[575.725s][info][gc,cpu         ] GC(1510) User=0.01s Sys=0.00s Real=0.00s
[576.188s][info][gc,start       ] GC(1511) Pause Young (Allocation Failure)
[576.190s][info][gc,heap        ] GC(1511) PSYoungGen: 220736K(221184K)->32K(220672K) Eden: 220672K(220672K)->0K(212480K) From: 64K(512K)->32K(8192K)
[576.190s][info][gc,heap        ] GC(1511) ParOldGen: 217910K(218112K)->217918K(218112K)
[576.190s][info][gc,metaspace   ] GC(1511) Metaspace: 35545K(36224K)->35545K(36224K) NonClass: 26341K(26880K)->26341K(26880K) Class: 9204K(9344K)->9204K(9344K)
[576.190s][info][gc             ] GC(1511) Pause Young (Allocation Failure) 428M->212M(428M) 1.859ms
[576.190s][info][gc,cpu         ] GC(1511) User=0.00s Sys=0.00s Real=0.00s
[576.417s][info][gc,start       ] GC(1512) Pause Young (Allocation Failure)
[576.420s][info][gc,heap        ] GC(1512) PSYoungGen: 212512K(220672K)->32K(205312K) Eden: 212480K(212480K)->0K(204800K) From: 32K(8192K)->32K(512K)
[576.420s][info][gc,heap        ] GC(1512) ParOldGen: 217918K(218112K)->217926K(218112K)
[576.420s][info][gc,metaspace   ] GC(1512) Metaspace: 35545K(36224K)->35545K(36224K) NonClass: 26341K(26880K)->26341K(26880K) Class: 9204K(9344K)->9204K(9344K)
[576.420s][info][gc             ] GC(1512) Pause Young (Allocation Failure) 420M->212M(413M) 2.542ms
[576.420s][info][gc,cpu         ] GC(1512) User=0.01s Sys=0.00s Real=0.00s
[576.695s][info][gc,start       ] GC(1513) Pause Young (Allocation Failure)
[576.733s][info][gc,heap        ] GC(1513) PSYoungGen: 204832K(205312K)->7168K(252416K) Eden: 204800K(204800K)->0K(245248K) From: 32K(512K)->7168K(7168K)
[576.733s][info][gc,heap        ] GC(1513) ParOldGen: 217926K(218112K)->229654K(229888K)
[576.733s][info][gc,metaspace   ] GC(1513) Metaspace: 35545K(36224K)->35545K(36224K) NonClass: 26341K(26880K)->26341K(26880K) Class: 9204K(9344K)->9204K(9344K)
[576.733s][info][gc             ] GC(1513) Pause Young (Allocation Failure) 412M->231M(471M) 38.010ms
[576.733s][info][gc,cpu         ] GC(1513) User=0.06s Sys=0.01s Real=0.04s
[577.028s][info][gc,start       ] GC(1514) Pause Young (Allocation Failure)
[577.086s][info][gc,heap        ] GC(1514) PSYoungGen: 252416K(252416K)->7680K(250368K) Eden: 245248K(245248K)->0K(242688K) From: 7168K(7168K)->7680K(7680K)
[577.086s][info][gc,heap        ] GC(1514) ParOldGen: 229654K(229888K)->250046K(250368K)
[577.086s][info][gc,metaspace   ] GC(1514) Metaspace: 35545K(36224K)->35545K(36224K) NonClass: 26341K(26880K)->26341K(26880K) Class: 9204K(9344K)->9204K(9344K)
[577.086s][info][gc             ] GC(1514) Pause Young (Allocation Failure) 470M->251M(489M) 57.995ms
[577.086s][info][gc,cpu         ] GC(1514) User=0.11s Sys=0.01s Real=0.06s
[577.283s][info][gc,start       ] GC(1515) Pause Young (Allocation Failure)
[577.313s][info][gc,heap        ] GC(1515) PSYoungGen: 250368K(250368K)->16000K(264192K) Eden: 242688K(242688K)->0K(242688K) From: 7680K(7680K)->16000K(21504K)
[577.313s][info][gc,heap        ] GC(1515) ParOldGen: 250046K(250368K)->250590K(250880K)
[577.313s][info][gc,metaspace   ] GC(1515) Metaspace: 35545K(36224K)->35545K(36224K) NonClass: 26341K(26880K)->26341K(26880K) Class: 9204K(9344K)->9204K(9344K)
[577.313s][info][gc             ] GC(1515) Pause Young (Allocation Failure) 488M->260M(503M) 29.524ms
[577.313s][info][gc,cpu         ] GC(1515) User=0.06s Sys=0.00s Real=0.03s
[577.521s][info][gc,start       ] GC(1516) Pause Young (Allocation Failure)
[577.522s][info][gc,heap        ] GC(1516) PSYoungGen: 258688K(264192K)->64K(310784K) Eden: 242688K(242688K)->0K(286720K) From: 16000K(21504K)->64K(24064K)
[577.522s][info][gc,heap        ] GC(1516) ParOldGen: 250590K(250880K)->250598K(250880K)
[577.522s][info][gc,metaspace   ] GC(1516) Metaspace: 35545K(36224K)->35545K(36224K) NonClass: 26341K(26880K)->26341K(26880K) Class: 9204K(9344K)->9204K(9344K)
[577.522s][info][gc             ] GC(1516) Pause Young (Allocation Failure) 497M->244M(548M) 1.192ms
[577.522s][info][gc,cpu         ] GC(1516) User=0.00s Sys=0.00s Real=0.00s
[578.295s][info][gc,start       ] GC(1517) Pause Young (Allocation Failure)
[578.296s][info][gc,heap        ] GC(1517) PSYoungGen: 286784K(310784K)->64K(287232K) Eden: 286720K(286720K)->0K(286720K) From: 64K(24064K)->64K(512K)
[578.296s][info][gc,heap        ] GC(1517) ParOldGen: 250598K(250880K)->250606K(250880K)
[578.296s][info][gc,metaspace   ] GC(1517) Metaspace: 35545K(36224K)->35545K(36224K) NonClass: 26341K(26880K)->26341K(26880K) Class: 9204K(9344K)->9204K(9344K)
[578.296s][info][gc             ] GC(1517) Pause Young (Allocation Failure) 524M->244M(525M) 1.197ms
[578.296s][info][gc,cpu         ] GC(1517) User=0.01s Sys=0.00s Real=0.00s
[578.784s][info][gc,start       ] GC(1518) Pause Young (Allocation Failure)
[578.786s][info][gc,heap        ] GC(1518) PSYoungGen: 286784K(287232K)->64K(310272K) Eden: 286720K(286720K)->0K(287744K) From: 64K(512K)->64K(22528K)
[578.786s][info][gc,heap        ] GC(1518) ParOldGen: 250606K(250880K)->250622K(250880K)
[578.786s][info][gc,metaspace   ] GC(1518) Metaspace: 35545K(36224K)->35545K(36224K) NonClass: 26341K(26880K)->26341K(26880K) Class: 9204K(9344K)->9204K(9344K)
[578.786s][info][gc             ] GC(1518) Pause Young (Allocation Failure) 524M->244M(548M) 1.254ms
[578.786s][info][gc,cpu         ] GC(1518) User=0.00s Sys=0.00s Real=0.00s
[579.027s][info][gc,start       ] GC(1519) Pause Young (Allocation Failure)
[579.028s][info][gc,heap        ] GC(1519) PSYoungGen: 287808K(310272K)->64K(309248K) Eden: 287744K(287744K)->0K(287744K) From: 64K(22528K)->64K(21504K)
[579.028s][info][gc,heap        ] GC(1519) ParOldGen: 250622K(250880K)->250638K(250880K)
[579.028s][info][gc,metaspace   ] GC(1519) Metaspace: 35545K(36224K)->35545K(36224K) NonClass: 26341K(26880K)->26341K(26880K) Class: 9204K(9344K)->9204K(9344K)
[579.028s][info][gc             ] GC(1519) Pause Young (Allocation Failure) 525M->244M(547M) 1.155ms
[579.028s][info][gc,cpu         ] GC(1519) User=0.01s Sys=0.00s Real=0.00s
[579.270s][info][gc,start       ] GC(1520) Pause Young (Allocation Failure)
[579.271s][info][gc,heap        ] GC(1520) PSYoungGen: 287808K(309248K)->64K(311296K) Eden: 287744K(287744K)->0K(290816K) From: 64K(21504K)->64K(20480K)
[579.271s][info][gc,heap        ] GC(1520) ParOldGen: 250638K(250880K)->250638K(250880K)
[579.271s][info][gc,metaspace   ] GC(1520) Metaspace: 35545K(36224K)->35545K(36224K) NonClass: 26341K(26880K)->26341K(26880K) Class: 9204K(9344K)->9204K(9344K)
[579.271s][info][gc             ] GC(1520) Pause Young (Allocation Failure) 525M->244M(549M) 1.127ms
[579.271s][info][gc,cpu         ] GC(1520) User=0.00s Sys=0.00s Real=0.00s
[579.623s][info][gc,start       ] GC(1521) Pause Young (Allocation Failure)
[579.624s][info][gc,heap        ] GC(1521) PSYoungGen: 290880K(311296K)->64K(310272K) Eden: 290816K(290816K)->0K(290816K) From: 64K(20480K)->64K(19456K)
[579.624s][info][gc,heap        ] GC(1521) ParOldGen: 250638K(250880K)->250638K(250880K)
[579.624s][info][gc,metaspace   ] GC(1521) Metaspace: 35545K(36224K)->35545K(36224K) NonClass: 26341K(26880K)->26341K(26880K) Class: 9204K(9344K)->9204K(9344K)
[579.624s][info][gc             ] GC(1521) Pause Young (Allocation Failure) 528M->244M(548M) 1.210ms
[579.624s][info][gc,cpu         ] GC(1521) User=0.00s Sys=0.00s Real=0.00s
[579.676s][info][gc,start       ] GC(1522) Pause Young (Allocation Failure)
[579.677s][info][gc,heap        ] GC(1522) PSYoungGen: 290880K(310272K)->64K(313344K) Eden: 290816K(290816K)->0K(294912K) From: 64K(19456K)->64K(18432K)
[579.677s][info][gc,heap        ] GC(1522) ParOldGen: 250638K(250880K)->250654K(250880K)
[579.677s][info][gc,metaspace   ] GC(1522) Metaspace: 35545K(36224K)->35545K(36224K) NonClass: 26341K(26880K)->26341K(26880K) Class: 9204K(9344K)->9204K(9344K)
[579.677s][info][gc             ] GC(1522) Pause Young (Allocation Failure) 528M->244M(551M) 1.102ms
[579.677s][info][gc,cpu         ] GC(1522) User=0.00s Sys=0.00s Real=0.00s
[579.732s][info][gc,start       ] GC(1523) Pause Young (Allocation Failure)
[579.733s][info][gc,heap        ] GC(1523) PSYoungGen: 294976K(313344K)->64K(312832K) Eden: 294912K(294912K)->0K(294912K) From: 64K(18432K)->64K(17920K)
[579.733s][info][gc,heap        ] GC(1523) ParOldGen: 250654K(250880K)->250654K(250880K)
[579.733s][info][gc,metaspace   ] GC(1523) Metaspace: 35545K(36224K)->35545K(36224K) NonClass: 26341K(26880K)->26341K(26880K) Class: 9204K(9344K)->9204K(9344K)
[579.733s][info][gc             ] GC(1523) Pause Young (Allocation Failure) 532M->244M(550M) 1.098ms
[579.733s][info][gc,cpu         ] GC(1523) User=0.00s Sys=0.00s Real=0.00s
[580.016s][info][gc,start       ] GC(1524) Pause Young (Allocation Failure)
[580.017s][info][gc,heap        ] GC(1524) PSYoungGen: 294976K(312832K)->64K(314880K) Eden: 294912K(294912K)->0K(298496K) From: 64K(17920K)->64K(16384K)
[580.017s][info][gc,heap        ] GC(1524) ParOldGen: 250654K(250880K)->250654K(250880K)
[580.017s][info][gc,metaspace   ] GC(1524) Metaspace: 35545K(36224K)->35545K(36224K) NonClass: 26341K(26880K)->26341K(26880K) Class: 9204K(9344K)->9204K(9344K)
[580.017s][info][gc             ] GC(1524) Pause Young (Allocation Failure) 532M->244M(552M) 1.217ms
[580.017s][info][gc,cpu         ] GC(1524) User=0.01s Sys=0.00s Real=0.00s
[580.268s][info][gc,start       ] GC(1525) Pause Young (Allocation Failure)
[580.269s][info][gc,heap        ] GC(1525) PSYoungGen: 298560K(314880K)->64K(314368K) Eden: 298496K(298496K)->0K(298496K) From: 64K(16384K)->64K(15872K)
[580.269s][info][gc,heap        ] GC(1525) ParOldGen: 250654K(250880K)->250662K(250880K)
[580.269s][info][gc,metaspace   ] GC(1525) Metaspace: 35545K(36224K)->35545K(36224K) NonClass: 26341K(26880K)->26341K(26880K) Class: 9204K(9344K)->9204K(9344K)
[580.269s][info][gc             ] GC(1525) Pause Young (Allocation Failure) 536M->244M(552M) 1.168ms
[580.269s][info][gc,cpu         ] GC(1525) User=0.00s Sys=0.00s Real=0.00s
[580.361s][info][gc,start       ] GC(1526) Pause Young (Allocation Failure)
[580.362s][info][gc,heap        ] GC(1526) PSYoungGen: 298560K(314368K)->64K(316928K) Eden: 298496K(298496K)->0K(302592K) From: 64K(15872K)->64K(14336K)
[580.362s][info][gc,heap        ] GC(1526) ParOldGen: 250662K(250880K)->250670K(250880K)
[580.362s][info][gc,metaspace   ] GC(1526) Metaspace: 35545K(36224K)->35545K(36224K) NonClass: 26341K(26880K)->26341K(26880K) Class: 9204K(9344K)->9204K(9344K)
[580.362s][info][gc             ] GC(1526) Pause Young (Allocation Failure) 536M->244M(554M) 1.183ms
[580.362s][info][gc,cpu         ] GC(1526) User=0.01s Sys=0.00s Real=0.01s
[580.512s][info][gc,start       ] GC(1527) Pause Young (Allocation Failure)
[580.513s][info][gc,heap        ] GC(1527) PSYoungGen: 302656K(316928K)->64K(316416K) Eden: 302592K(302592K)->0K(302592K) From: 64K(14336K)->64K(13824K)
[580.513s][info][gc,heap        ] GC(1527) ParOldGen: 250670K(250880K)->250678K(250880K)
[580.513s][info][gc,metaspace   ] GC(1527) Metaspace: 35545K(36224K)->35545K(36224K) NonClass: 26341K(26880K)->26341K(26880K) Class: 9204K(9344K)->9204K(9344K)
[580.513s][info][gc             ] GC(1527) Pause Young (Allocation Failure) 540M->244M(554M) 1.161ms
[580.513s][info][gc,cpu         ] GC(1527) User=0.01s Sys=0.00s Real=0.00s
[580.935s][info][gc,start       ] GC(1528) Pause Young (Allocation Failure)
[580.937s][info][gc,heap        ] GC(1528) PSYoungGen: 302656K(316416K)->64K(290816K) Eden: 302592K(302592K)->0K(290304K) From: 64K(13824K)->64K(512K)
[580.937s][info][gc,heap        ] GC(1528) ParOldGen: 250678K(250880K)->250686K(250880K)
[580.937s][info][gc,metaspace   ] GC(1528) Metaspace: 35545K(36224K)->35545K(36224K) NonClass: 26341K(26880K)->26341K(26880K) Class: 9204K(9344K)->9204K(9344K)
[580.937s][info][gc             ] GC(1528) Pause Young (Allocation Failure) 540M->244M(529M) 1.248ms
[580.937s][info][gc,cpu         ] GC(1528) User=0.00s Sys=0.00s Real=0.00s
[581.797s][info][gc,start       ] GC(1529) Pause Young (Allocation Failure)
[581.798s][info][gc,heap        ] GC(1529) PSYoungGen: 290368K(290816K)->64K(291328K) Eden: 290304K(290304K)->0K(279040K) From: 64K(512K)->64K(12288K)
[581.798s][info][gc,heap        ] GC(1529) ParOldGen: 250686K(250880K)->250694K(250880K)
[581.798s][info][gc,metaspace   ] GC(1529) Metaspace: 35545K(36224K)->35545K(36224K) NonClass: 26341K(26880K)->26341K(26880K) Class: 9204K(9344K)->9204K(9344K)
[581.798s][info][gc             ] GC(1529) Pause Young (Allocation Failure) 528M->244M(529M) 1.206ms
[581.798s][info][gc,cpu         ] GC(1529) User=0.01s Sys=0.00s Real=0.00s
[582.532s][info][gc,start       ] GC(1530) Pause Young (Allocation Failure)
[582.533s][info][gc,heap        ] GC(1530) PSYoungGen: 279104K(291328K)->64K(268800K) Eden: 279040K(279040K)->0K(268288K) From: 64K(12288K)->64K(512K)
[582.533s][info][gc,heap        ] GC(1530) ParOldGen: 250694K(250880K)->250702K(250880K)
[582.533s][info][gc,metaspace   ] GC(1530) Metaspace: 35545K(36224K)->35545K(36224K) NonClass: 26341K(26880K)->26341K(26880K) Class: 9204K(9344K)->9204K(9344K)
[582.533s][info][gc             ] GC(1530) Pause Young (Allocation Failure) 517M->244M(507M) 1.234ms
[582.533s][info][gc,cpu         ] GC(1530) User=0.00s Sys=0.00s Real=0.00s
[582.975s][info][gc,start       ] GC(1531) Pause Young (Allocation Failure)
[582.976s][info][gc,heap        ] GC(1531) PSYoungGen: 268352K(268800K)->64K(268800K) Eden: 268288K(268288K)->0K(258048K) From: 64K(512K)->64K(10752K)
[582.976s][info][gc,heap        ] GC(1531) ParOldGen: 250702K(250880K)->250710K(250880K)
[582.976s][info][gc,metaspace   ] GC(1531) Metaspace: 35545K(36224K)->35545K(36224K) NonClass: 26341K(26880K)->26341K(26880K) Class: 9204K(9344K)->9204K(9344K)
[582.976s][info][gc             ] GC(1531) Pause Young (Allocation Failure) 506M->244M(507M) 1.153ms
[582.976s][info][gc,cpu         ] GC(1531) User=0.00s Sys=0.00s Real=0.00s
[584.003s][info][gc,start       ] GC(1532) Pause Young (Allocation Failure)
[584.006s][info][gc,heap        ] GC(1532) PSYoungGen: 258112K(268800K)->32K(248832K) Eden: 258048K(258048K)->0K(248320K) From: 64K(10752K)->32K(512K)
[584.006s][info][gc,heap        ] GC(1532) ParOldGen: 250710K(250880K)->250718K(250880K)
[584.006s][info][gc,metaspace   ] GC(1532) Metaspace: 35545K(36224K)->35545K(36224K) NonClass: 26341K(26880K)->26341K(26880K) Class: 9204K(9344K)->9204K(9344K)
[584.006s][info][gc             ] GC(1532) Pause Young (Allocation Failure) 496M->244M(488M) 2.465ms
[584.006s][info][gc,cpu         ] GC(1532) User=0.01s Sys=0.00s Real=0.00s
[584.367s][info][gc,start       ] GC(1533) Pause Young (Allocation Failure)
[584.369s][info][gc,heap        ] GC(1533) PSYoungGen: 248352K(248832K)->32K(247808K) Eden: 248320K(248320K)->0K(238592K) From: 32K(512K)->32K(9216K)
[584.369s][info][gc,heap        ] GC(1533) ParOldGen: 250718K(250880K)->250726K(250880K)
[584.369s][info][gc,metaspace   ] GC(1533) Metaspace: 35545K(36224K)->35545K(36224K) NonClass: 26341K(26880K)->26341K(26880K) Class: 9204K(9344K)->9204K(9344K)
[584.369s][info][gc             ] GC(1533) Pause Young (Allocation Failure) 487M->244M(487M) 1.993ms
[584.369s][info][gc,cpu         ] GC(1533) User=0.01s Sys=0.00s Real=0.00s
[584.498s][info][gc,start       ] GC(1534) Pause Young (Allocation Failure)
[584.500s][info][gc,heap        ] GC(1534) PSYoungGen: 238624K(247808K)->32K(229888K) Eden: 238592K(238592K)->0K(229376K) From: 32K(9216K)->32K(512K)
[584.500s][info][gc,heap        ] GC(1534) ParOldGen: 250726K(250880K)->250734K(250880K)
[584.500s][info][gc,metaspace   ] GC(1534) Metaspace: 35545K(36224K)->35545K(36224K) NonClass: 26341K(26880K)->26341K(26880K) Class: 9204K(9344K)->9204K(9344K)
[584.500s][info][gc             ] GC(1534) Pause Young (Allocation Failure) 477M->244M(469M) 2.552ms
[584.500s][info][gc,cpu         ] GC(1534) User=0.01s Sys=0.00s Real=0.00s
[584.865s][info][gc,start       ] GC(1535) Pause Young (Allocation Failure)
[584.867s][info][gc,heap        ] GC(1535) PSYoungGen: 229408K(229888K)->64K(228864K) Eden: 229376K(229376K)->0K(220672K) From: 32K(512K)->64K(8192K)
[584.867s][info][gc,heap        ] GC(1535) ParOldGen: 250734K(250880K)->250742K(250880K)
[584.867s][info][gc,metaspace   ] GC(1535) Metaspace: 35545K(36224K)->35545K(36224K) NonClass: 26341K(26880K)->26341K(26880K) Class: 9204K(9344K)->9204K(9344K)
[584.867s][info][gc             ] GC(1535) Pause Young (Allocation Failure) 468M->244M(468M) 2.111ms
[584.867s][info][gc,cpu         ] GC(1535) User=0.00s Sys=0.00s Real=0.00s
[585.207s][info][gc,start       ] GC(1536) Pause Young (Allocation Failure)
[585.210s][info][gc,heap        ] GC(1536) PSYoungGen: 220736K(228864K)->32K(212992K) Eden: 220672K(220672K)->0K(212480K) From: 64K(8192K)->32K(512K)
[585.210s][info][gc,heap        ] GC(1536) ParOldGen: 250742K(250880K)->250750K(250880K)
[585.210s][info][gc,metaspace   ] GC(1536) Metaspace: 35545K(36224K)->35545K(36224K) NonClass: 26341K(26880K)->26341K(26880K) Class: 9204K(9344K)->9204K(9344K)
[585.210s][info][gc             ] GC(1536) Pause Young (Allocation Failure) 460M->244M(453M) 2.768ms
[585.210s][info][gc,cpu         ] GC(1536) User=0.00s Sys=0.00s Real=0.00s
[585.521s][info][gc,start       ] GC(1537) Pause Young (Allocation Failure)
[585.528s][info][gc,heap        ] GC(1537) PSYoungGen: 212512K(212992K)->2496K(259584K) Eden: 212480K(212480K)->0K(252416K) From: 32K(512K)->2496K(7168K)
[585.528s][info][gc,heap        ] GC(1537) ParOldGen: 250750K(250880K)->250758K(250880K)
[585.528s][info][gc,metaspace   ] GC(1537) Metaspace: 35545K(36224K)->35545K(36224K) NonClass: 26341K(26880K)->26341K(26880K) Class: 9204K(9344K)->9204K(9344K)
[585.528s][info][gc             ] GC(1537) Pause Young (Allocation Failure) 452M->247M(498M) 7.105ms
[585.528s][info][gc,cpu         ] GC(1537) User=0.01s Sys=0.00s Real=0.01s
[585.839s][info][gc,start       ] GC(1538) Pause Young (Allocation Failure)
[585.897s][info][gc,heap        ] GC(1538) PSYoungGen: 254912K(259584K)->7168K(266240K) Eden: 252416K(252416K)->0K(259072K) From: 2496K(7168K)->7168K(7168K)
[585.897s][info][gc,heap        ] GC(1538) ParOldGen: 250758K(250880K)->272158K(272384K)
[585.897s][info][gc,metaspace   ] GC(1538) Metaspace: 35545K(36224K)->35545K(36224K) NonClass: 26341K(26880K)->26341K(26880K) Class: 9204K(9344K)->9204K(9344K)
[585.897s][info][gc             ] GC(1538) Pause Young (Allocation Failure) 493M->272M(526M) 57.805ms
[585.897s][info][gc,cpu         ] GC(1538) User=0.10s Sys=0.02s Real=0.06s
[586.216s][info][gc,start       ] GC(1539) Pause Young (Allocation Failure)
[586.276s][info][gc,heap        ] GC(1539) PSYoungGen: 266240K(266240K)->16896K(275968K) Eden: 259072K(259072K)->0K(259072K) From: 7168K(7168K)->16896K(16896K)
[586.276s][info][gc,heap        ] GC(1539) ParOldGen: 272158K(272384K)->285142K(285184K)
[586.276s][info][gc,metaspace   ] GC(1539) Metaspace: 35545K(36224K)->35545K(36224K) NonClass: 26341K(26880K)->26341K(26880K) Class: 9204K(9344K)->9204K(9344K)
[586.276s][info][gc             ] GC(1539) Pause Young (Allocation Failure) 525M->294M(548M) 59.772ms
[586.276s][info][gc,cpu         ] GC(1539) User=0.11s Sys=0.01s Real=0.06s
[586.377s][info][gc,start       ] GC(1540) Pause Young (Allocation Failure)
[586.387s][info][gc,heap        ] GC(1540) PSYoungGen: 275968K(275968K)->2336K(309760K) Eden: 259072K(259072K)->0K(284672K) From: 16896K(16896K)->2336K(25088K)
[586.387s][info][gc,heap        ] GC(1540) ParOldGen: 285142K(285184K)->285478K(285696K)
[586.387s][info][gc,metaspace   ] GC(1540) Metaspace: 35545K(36224K)->35545K(36224K) NonClass: 26341K(26880K)->26341K(26880K) Class: 9204K(9344K)->9204K(9344K)
[586.387s][info][gc             ] GC(1540) Pause Young (Allocation Failure) 547M->281M(581M) 9.807ms
[586.387s][info][gc,cpu         ] GC(1540) User=0.02s Sys=0.00s Real=0.01s
[586.988s][info][gc,start       ] GC(1541) Pause Young (Allocation Failure)
[586.989s][info][gc,heap        ] GC(1541) PSYoungGen: 287008K(309760K)->64K(285184K) Eden: 284672K(284672K)->0K(284672K) From: 2336K(25088K)->64K(512K)
[586.989s][info][gc,heap        ] GC(1541) ParOldGen: 285478K(285696K)->285486K(285696K)
[586.989s][info][gc,metaspace   ] GC(1541) Metaspace: 35545K(36224K)->35545K(36224K) NonClass: 26341K(26880K)->26341K(26880K) Class: 9204K(9344K)->9204K(9344K)
[586.989s][info][gc             ] GC(1541) Pause Young (Allocation Failure) 559M->278M(557M) 1.324ms
[586.989s][info][gc,cpu         ] GC(1541) User=0.00s Sys=0.00s Real=0.00s
[587.409s][info][gc,start       ] GC(1542) Pause Young (Allocation Failure)
[587.410s][info][gc,heap        ] GC(1542) PSYoungGen: 284736K(285184K)->64K(308224K) Eden: 284672K(284672K)->0K(285184K) From: 64K(512K)->64K(23040K)
[587.410s][info][gc,heap        ] GC(1542) ParOldGen: 285486K(285696K)->285494K(285696K)
[587.410s][info][gc,metaspace   ] GC(1542) Metaspace: 35545K(36224K)->35545K(36224K) NonClass: 26341K(26880K)->26341K(26880K) Class: 9204K(9344K)->9204K(9344K)
[587.410s][info][gc             ] GC(1542) Pause Young (Allocation Failure) 556M->278M(580M) 1.330ms
[587.411s][info][gc,cpu         ] GC(1542) User=0.01s Sys=0.00s Real=0.00s
[587.870s][info][gc,start       ] GC(1543) Pause Young (Allocation Failure)
[587.871s][info][gc,heap        ] GC(1543) PSYoungGen: 285248K(308224K)->64K(307712K) Eden: 285184K(285184K)->0K(285184K) From: 64K(23040K)->64K(22528K)
[587.871s][info][gc,heap        ] GC(1543) ParOldGen: 285494K(285696K)->285510K(285696K)
[587.871s][info][gc,metaspace   ] GC(1543) Metaspace: 35545K(36224K)->35545K(36224K) NonClass: 26341K(26880K)->26341K(26880K) Class: 9204K(9344K)->9204K(9344K)
[587.871s][info][gc             ] GC(1543) Pause Young (Allocation Failure) 557M->278M(579M) 1.337ms
[587.871s][info][gc,cpu         ] GC(1543) User=0.01s Sys=0.00s Real=0.00s
[588.113s][info][gc,start       ] GC(1544) Pause Young (Allocation Failure)
[588.114s][info][gc,heap        ] GC(1544) PSYoungGen: 285248K(307712K)->64K(310272K) Eden: 285184K(285184K)->0K(289280K) From: 64K(22528K)->64K(20992K)
[588.115s][info][gc,heap        ] GC(1544) ParOldGen: 285510K(285696K)->285526K(285696K)
[588.115s][info][gc,metaspace   ] GC(1544) Metaspace: 35545K(36224K)->35545K(36224K) NonClass: 26341K(26880K)->26341K(26880K) Class: 9204K(9344K)->9204K(9344K)
[588.115s][info][gc             ] GC(1544) Pause Young (Allocation Failure) 557M->278M(582M) 1.269ms
[588.115s][info][gc,cpu         ] GC(1544) User=0.00s Sys=0.00s Real=0.00s
[588.485s][info][gc,start       ] GC(1545) Pause Young (Allocation Failure)
[588.486s][info][gc,heap        ] GC(1545) PSYoungGen: 289344K(310272K)->64K(309760K) Eden: 289280K(289280K)->0K(289280K) From: 64K(20992K)->64K(20480K)
[588.486s][info][gc,heap        ] GC(1545) ParOldGen: 285526K(285696K)->285526K(285696K)
[588.486s][info][gc,metaspace   ] GC(1545) Metaspace: 35545K(36224K)->35545K(36224K) NonClass: 26341K(26880K)->26341K(26880K) Class: 9204K(9344K)->9204K(9344K)
[588.486s][info][gc             ] GC(1545) Pause Young (Allocation Failure) 561M->278M(581M) 1.222ms
[588.486s][info][gc,cpu         ] GC(1545) User=0.00s Sys=0.00s Real=0.00s
[588.598s][info][gc,start       ] GC(1546) Pause Young (Allocation Failure)
[588.599s][info][gc,heap        ] GC(1546) PSYoungGen: 289344K(309760K)->64K(312320K) Eden: 289280K(289280K)->0K(293376K) From: 64K(20480K)->64K(18944K)
[588.599s][info][gc,heap        ] GC(1546) ParOldGen: 285526K(285696K)->285534K(285696K)
[588.599s][info][gc,metaspace   ] GC(1546) Metaspace: 35545K(36224K)->35545K(36224K) NonClass: 26341K(26880K)->26341K(26880K) Class: 9204K(9344K)->9204K(9344K)
[588.599s][info][gc             ] GC(1546) Pause Young (Allocation Failure) 561M->278M(584M) 1.241ms
[588.600s][info][gc,cpu         ] GC(1546) User=0.00s Sys=0.00s Real=0.00s
[588.654s][info][gc,start       ] GC(1547) Pause Young (Allocation Failure)
[588.655s][info][gc,heap        ] GC(1547) PSYoungGen: 293440K(312320K)->64K(311808K) Eden: 293376K(293376K)->0K(293376K) From: 64K(18944K)->64K(18432K)
[588.655s][info][gc,heap        ] GC(1547) ParOldGen: 285534K(285696K)->285550K(285696K)
[588.655s][info][gc,metaspace   ] GC(1547) Metaspace: 35545K(36224K)->35545K(36224K) NonClass: 26341K(26880K)->26341K(26880K) Class: 9204K(9344K)->9204K(9344K)
[588.655s][info][gc             ] GC(1547) Pause Young (Allocation Failure) 565M->278M(583M) 1.210ms
[588.655s][info][gc,cpu         ] GC(1547) User=0.00s Sys=0.00s Real=0.00s
[588.832s][info][gc,start       ] GC(1548) Pause Young (Allocation Failure)
[588.834s][info][gc,heap        ] GC(1548) PSYoungGen: 293440K(311808K)->64K(314368K) Eden: 293376K(293376K)->0K(297472K) From: 64K(18432K)->64K(16896K)
[588.834s][info][gc,heap        ] GC(1548) ParOldGen: 285550K(285696K)->285550K(285696K)
[588.834s][info][gc,metaspace   ] GC(1548) Metaspace: 35545K(36224K)->35545K(36224K) NonClass: 26341K(26880K)->26341K(26880K) Class: 9204K(9344K)->9204K(9344K)
[588.834s][info][gc             ] GC(1548) Pause Young (Allocation Failure) 565M->278M(586M) 1.262ms
[588.834s][info][gc,cpu         ] GC(1548) User=0.00s Sys=0.00s Real=0.00s
[589.118s][info][gc,start       ] GC(1549) Pause Young (Allocation Failure)
[589.120s][info][gc,heap        ] GC(1549) PSYoungGen: 297536K(314368K)->64K(313856K) Eden: 297472K(297472K)->0K(297472K) From: 64K(16896K)->64K(16384K)
[589.120s][info][gc,heap        ] GC(1549) ParOldGen: 285550K(285696K)->285558K(285696K)
[589.120s][info][gc,metaspace   ] GC(1549) Metaspace: 35545K(36224K)->35545K(36224K) NonClass: 26341K(26880K)->26341K(26880K) Class: 9204K(9344K)->9204K(9344K)
[589.120s][info][gc             ] GC(1549) Pause Young (Allocation Failure) 569M->278M(585M) 1.261ms
[589.120s][info][gc,cpu         ] GC(1549) User=0.00s Sys=0.00s Real=0.00s
[589.273s][info][gc,start       ] GC(1550) Pause Young (Allocation Failure)
[589.275s][info][gc,heap        ] GC(1550) PSYoungGen: 297536K(313856K)->64K(316416K) Eden: 297472K(297472K)->0K(301056K) From: 64K(16384K)->64K(15360K)
[589.275s][info][gc,heap        ] GC(1550) ParOldGen: 285558K(285696K)->285566K(285696K)
[589.275s][info][gc,metaspace   ] GC(1550) Metaspace: 35545K(36224K)->35545K(36224K) NonClass: 26341K(26880K)->26341K(26880K) Class: 9204K(9344K)->9204K(9344K)
[589.275s][info][gc             ] GC(1550) Pause Young (Allocation Failure) 569M->278M(588M) 2.371ms
[589.275s][info][gc,cpu         ] GC(1550) User=0.00s Sys=0.00s Real=0.00s
[589.377s][info][gc,start       ] GC(1551) Pause Young (Allocation Failure)
[589.379s][info][gc,heap        ] GC(1551) PSYoungGen: 301120K(316416K)->32K(315904K) Eden: 301056K(301056K)->0K(301056K) From: 64K(15360K)->32K(14848K)
[589.379s][info][gc,heap        ] GC(1551) ParOldGen: 285566K(285696K)->285582K(285696K)
[589.379s][info][gc,metaspace   ] GC(1551) Metaspace: 35545K(36224K)->35545K(36224K) NonClass: 26341K(26880K)->26341K(26880K) Class: 9204K(9344K)->9204K(9344K)
[589.379s][info][gc             ] GC(1551) Pause Young (Allocation Failure) 572M->278M(587M) 2.410ms
[589.379s][info][gc,cpu         ] GC(1551) User=0.00s Sys=0.00s Real=0.00s
[589.573s][info][gc,start       ] GC(1552) Pause Young (Allocation Failure)
[589.575s][info][gc,heap        ] GC(1552) PSYoungGen: 301088K(315904K)->64K(317952K) Eden: 301056K(301056K)->0K(304640K) From: 32K(14848K)->64K(13312K)
[589.575s][info][gc,heap        ] GC(1552) ParOldGen: 285582K(285696K)->285590K(285696K)
[589.575s][info][gc,metaspace   ] GC(1552) Metaspace: 35545K(36224K)->35545K(36224K) NonClass: 26341K(26880K)->26341K(26880K) Class: 9204K(9344K)->9204K(9344K)
[589.575s][info][gc             ] GC(1552) Pause Young (Allocation Failure) 572M->278M(589M) 1.752ms
[589.575s][info][gc,cpu         ] GC(1552) User=0.00s Sys=0.00s Real=0.00s
[590.516s][info][gc,start       ] GC(1553) Pause Young (Allocation Failure)
[590.517s][info][gc,heap        ] GC(1553) PSYoungGen: 304704K(317952K)->64K(317440K) Eden: 304640K(304640K)->0K(304640K) From: 64K(13312K)->64K(12800K)
[590.517s][info][gc,heap        ] GC(1553) ParOldGen: 285590K(285696K)->285598K(285696K)
[590.517s][info][gc,metaspace   ] GC(1553) Metaspace: 35545K(36224K)->35545K(36224K) NonClass: 26341K(26880K)->26341K(26880K) Class: 9204K(9344K)->9204K(9344K)
[590.517s][info][gc             ] GC(1553) Pause Young (Allocation Failure) 576M->278M(589M) 1.276ms
[590.517s][info][gc,cpu         ] GC(1553) User=0.01s Sys=0.00s Real=0.00s
[591.453s][info][gc,start       ] GC(1554) Pause Young (Allocation Failure)
[591.454s][info][gc,heap        ] GC(1554) PSYoungGen: 304704K(317440K)->64K(292864K) Eden: 304640K(304640K)->0K(292352K) From: 64K(12800K)->64K(512K)
[591.454s][info][gc,heap        ] GC(1554) ParOldGen: 285598K(285696K)->285606K(285696K)
[591.454s][info][gc,metaspace   ] GC(1554) Metaspace: 35545K(36224K)->35545K(36224K) NonClass: 26341K(26880K)->26341K(26880K) Class: 9204K(9344K)->9204K(9344K)
[591.454s][info][gc             ] GC(1554) Pause Young (Allocation Failure) 576M->278M(565M) 1.318ms
[591.454s][info][gc,cpu         ] GC(1554) User=0.00s Sys=0.00s Real=0.00s
[591.917s][info][gc,start       ] GC(1555) Pause Young (Allocation Failure)
[591.918s][info][gc,heap        ] GC(1555) PSYoungGen: 292416K(292864K)->64K(291840K) Eden: 292352K(292352K)->0K(280576K) From: 64K(512K)->64K(11264K)
[591.918s][info][gc,heap        ] GC(1555) ParOldGen: 285606K(285696K)->285614K(285696K)
[591.918s][info][gc,metaspace   ] GC(1555) Metaspace: 35545K(36224K)->35545K(36224K) NonClass: 26341K(26880K)->26341K(26880K) Class: 9204K(9344K)->9204K(9344K)
[591.918s][info][gc             ] GC(1555) Pause Young (Allocation Failure) 564M->278M(564M) 1.176ms
[591.918s][info][gc,cpu         ] GC(1555) User=0.00s Sys=0.00s Real=0.00s
[592.941s][info][gc,start       ] GC(1556) Pause Young (Allocation Failure)
[592.942s][info][gc,heap        ] GC(1556) PSYoungGen: 280640K(291840K)->64K(269824K) Eden: 280576K(280576K)->0K(269312K) From: 64K(11264K)->64K(512K)
[592.942s][info][gc,heap        ] GC(1556) ParOldGen: 285614K(285696K)->285622K(285696K)
[592.942s][info][gc,metaspace   ] GC(1556) Metaspace: 35545K(36224K)->35545K(36224K) NonClass: 26341K(26880K)->26341K(26880K) Class: 9204K(9344K)->9204K(9344K)
[592.942s][info][gc             ] GC(1556) Pause Young (Allocation Failure) 552M->278M(542M) 1.348ms
[592.942s][info][gc,cpu         ] GC(1556) User=0.00s Sys=0.00s Real=0.01s
[593.345s][info][gc,start       ] GC(1557) Pause Young (Allocation Failure)
[593.346s][info][gc,heap        ] GC(1557) PSYoungGen: 269376K(269824K)->64K(268288K) Eden: 269312K(269312K)->0K(258560K) From: 64K(512K)->64K(9728K)
[593.346s][info][gc,heap        ] GC(1557) ParOldGen: 285622K(285696K)->285630K(285696K)
[593.346s][info][gc,metaspace   ] GC(1557) Metaspace: 35545K(36224K)->35545K(36224K) NonClass: 26341K(26880K)->26341K(26880K) Class: 9204K(9344K)->9204K(9344K)
[593.346s][info][gc             ] GC(1557) Pause Young (Allocation Failure) 541M->278M(541M) 1.256ms
[593.346s][info][gc,cpu         ] GC(1557) User=0.01s Sys=0.00s Real=0.00s
[593.486s][info][gc,start       ] GC(1558) Pause Young (Allocation Failure)
[593.488s][info][gc,heap        ] GC(1558) PSYoungGen: 258624K(268288K)->64K(248832K) Eden: 258560K(258560K)->0K(248320K) From: 64K(9728K)->64K(512K)
[593.488s][info][gc,heap        ] GC(1558) ParOldGen: 285630K(285696K)->285638K(285696K)
[593.488s][info][gc,metaspace   ] GC(1558) Metaspace: 35545K(36224K)->35545K(36224K) NonClass: 26341K(26880K)->26341K(26880K) Class: 9204K(9344K)->9204K(9344K)
[593.488s][info][gc             ] GC(1558) Pause Young (Allocation Failure) 531M->279M(522M) 1.603ms
[593.488s][info][gc,cpu         ] GC(1558) User=0.00s Sys=0.00s Real=0.00s
[593.913s][info][gc,start       ] GC(1559) Pause Young (Allocation Failure)
[593.914s][info][gc,heap        ] GC(1559) PSYoungGen: 248384K(248832K)->64K(247296K) Eden: 248320K(248320K)->0K(238592K) From: 64K(512K)->64K(8704K)
[593.914s][info][gc,heap        ] GC(1559) ParOldGen: 285638K(285696K)->285654K(285696K)
[593.914s][info][gc,metaspace   ] GC(1559) Metaspace: 35545K(36224K)->35545K(36224K) NonClass: 26341K(26880K)->26341K(26880K) Class: 9204K(9344K)->9204K(9344K)
[593.914s][info][gc             ] GC(1559) Pause Young (Allocation Failure) 521M->279M(520M) 1.266ms
[593.914s][info][gc,cpu         ] GC(1559) User=0.00s Sys=0.00s Real=0.00s
[594.251s][info][gc,start       ] GC(1560) Pause Young (Allocation Failure)
[594.253s][info][gc,heap        ] GC(1560) PSYoungGen: 238656K(247296K)->64K(229888K) Eden: 238592K(238592K)->0K(229376K) From: 64K(8704K)->64K(512K)
[594.253s][info][gc,heap        ] GC(1560) ParOldGen: 285654K(285696K)->285662K(285696K)
[594.253s][info][gc,metaspace   ] GC(1560) Metaspace: 35545K(36224K)->35545K(36224K) NonClass: 26341K(26880K)->26341K(26880K) Class: 9204K(9344K)->9204K(9344K)
[594.253s][info][gc             ] GC(1560) Pause Young (Allocation Failure) 512M->279M(503M) 1.808ms
[594.253s][info][gc,cpu         ] GC(1560) User=0.00s Sys=0.00s Real=0.01s
[594.589s][info][gc,start       ] GC(1561) Pause Young (Allocation Failure)
[594.615s][info][gc,heap        ] GC(1561) PSYoungGen: 229440K(229888K)->7680K(282112K) Eden: 229376K(229376K)->0K(274432K) From: 64K(512K)->7680K(7680K)
[594.615s][info][gc,heap        ] GC(1561) ParOldGen: 285662K(285696K)->286342K(286720K)
[594.615s][info][gc,metaspace   ] GC(1561) Metaspace: 35545K(36224K)->35545K(36224K) NonClass: 26341K(26880K)->26341K(26880K) Class: 9204K(9344K)->9204K(9344K)
[594.615s][info][gc             ] GC(1561) Pause Young (Allocation Failure) 503M->287M(555M) 25.849ms
[594.615s][info][gc,cpu         ] GC(1561) User=0.03s Sys=0.00s Real=0.03s
[594.955s][info][gc,start       ] GC(1562) Pause Young (Allocation Failure)
[595.039s][info][gc,heap        ] GC(1562) PSYoungGen: 282112K(282112K)->7680K(273920K) Eden: 274432K(274432K)->0K(266240K) From: 7680K(7680K)->7680K(7680K)
[595.039s][info][gc,heap        ] GC(1562) ParOldGen: 286342K(286720K)->309742K(309760K)
[595.039s][info][gc,metaspace   ] GC(1562) Metaspace: 35545K(36224K)->35545K(36224K) NonClass: 26341K(26880K)->26341K(26880K) Class: 9204K(9344K)->9204K(9344K)
[595.039s][info][gc             ] GC(1562) Pause Young (Allocation Failure) 555M->309M(570M) 83.471ms
[595.039s][info][gc,cpu         ] GC(1562) User=0.10s Sys=0.02s Real=0.08s
[595.304s][info][gc,start       ] GC(1563) Pause Young (Allocation Failure)
[595.348s][info][gc,heap        ] GC(1563) PSYoungGen: 273920K(273920K)->19968K(286208K) Eden: 266240K(266240K)->0K(266240K) From: 7680K(7680K)->19968K(19968K)
[595.348s][info][gc,heap        ] GC(1563) ParOldGen: 309742K(309760K)->313622K(313856K)
[595.348s][info][gc,metaspace   ] GC(1563) Metaspace: 35545K(36224K)->35545K(36224K) NonClass: 26341K(26880K)->26341K(26880K) Class: 9204K(9344K)->9204K(9344K)
[595.348s][info][gc             ] GC(1563) Pause Young (Allocation Failure) 569M->325M(586M) 43.630ms
[595.348s][info][gc,cpu         ] GC(1563) User=0.08s Sys=0.01s Real=0.04s
[595.523s][info][gc,start       ] GC(1564) Pause Young (Allocation Failure)
[595.525s][info][gc,heap        ] GC(1564) PSYoungGen: 286208K(286208K)->64K(309248K) Eden: 266240K(266240K)->0K(283648K) From: 19968K(19968K)->64K(25600K)
[595.525s][info][gc,heap        ] GC(1564) ParOldGen: 313622K(313856K)->313718K(313856K)
[595.525s][info][gc,metaspace   ] GC(1564) Metaspace: 35545K(36224K)->35545K(36224K) NonClass: 26341K(26880K)->26341K(26880K) Class: 9204K(9344K)->9204K(9344K)
[595.525s][info][gc             ] GC(1564) Pause Young (Allocation Failure) 585M->306M(608M) 2.340ms
[595.525s][info][gc,cpu         ] GC(1564) User=0.00s Sys=0.00s Real=0.00s
[596.215s][info][gc,start       ] GC(1565) Pause Young (Allocation Failure)
[596.217s][info][gc,heap        ] GC(1565) PSYoungGen: 283712K(309248K)->64K(284160K) Eden: 283648K(283648K)->0K(283648K) From: 64K(25600K)->64K(512K)
[596.217s][info][gc,heap        ] GC(1565) ParOldGen: 313718K(313856K)->313726K(313856K)
[596.217s][info][gc,metaspace   ] GC(1565) Metaspace: 35545K(36224K)->35545K(36224K) NonClass: 26341K(26880K)->26341K(26880K) Class: 9204K(9344K)->9204K(9344K)
[596.217s][info][gc             ] GC(1565) Pause Young (Allocation Failure) 583M->306M(584M) 1.299ms
[596.217s][info][gc,cpu         ] GC(1565) User=0.00s Sys=0.00s Real=0.00s
[596.712s][info][gc,start       ] GC(1566) Pause Young (Allocation Failure)
[596.714s][info][gc,heap        ] GC(1566) PSYoungGen: 283712K(284160K)->64K(307712K) Eden: 283648K(283648K)->0K(284160K) From: 64K(512K)->64K(23552K)
[596.714s][info][gc,heap        ] GC(1566) ParOldGen: 313726K(313856K)->313742K(313856K)
[596.714s][info][gc,metaspace   ] GC(1566) Metaspace: 35545K(36224K)->35545K(36224K) NonClass: 26341K(26880K)->26341K(26880K) Class: 9204K(9344K)->9204K(9344K)
[596.714s][info][gc             ] GC(1566) Pause Young (Allocation Failure) 583M->306M(607M) 1.422ms
[596.714s][info][gc,cpu         ] GC(1566) User=0.00s Sys=0.00s Real=0.00s
[596.952s][info][gc,start       ] GC(1567) Pause Young (Allocation Failure)
[596.953s][info][gc,heap        ] GC(1567) PSYoungGen: 284224K(307712K)->64K(307200K) Eden: 284160K(284160K)->0K(284160K) From: 64K(23552K)->64K(23040K)
[596.953s][info][gc,heap        ] GC(1567) ParOldGen: 313742K(313856K)->313758K(313856K)
[596.953s][info][gc,metaspace   ] GC(1567) Metaspace: 35545K(36224K)->35545K(36224K) NonClass: 26341K(26880K)->26341K(26880K) Class: 9204K(9344K)->9204K(9344K)
[596.953s][info][gc             ] GC(1567) Pause Young (Allocation Failure) 583M->306M(606M) 1.295ms
[596.953s][info][gc,cpu         ] GC(1567) User=0.00s Sys=0.00s Real=0.00s
[597.192s][info][gc,start       ] GC(1568) Pause Young (Allocation Failure)
[597.193s][info][gc,heap        ] GC(1568) PSYoungGen: 284224K(307200K)->64K(309760K) Eden: 284160K(284160K)->0K(288256K) From: 64K(23040K)->64K(21504K)
[597.194s][info][gc,heap        ] GC(1568) ParOldGen: 313758K(313856K)->313758K(313856K)
[597.194s][info][gc,metaspace   ] GC(1568) Metaspace: 35545K(36224K)->35545K(36224K) NonClass: 26341K(26880K)->26341K(26880K) Class: 9204K(9344K)->9204K(9344K)
[597.194s][info][gc             ] GC(1568) Pause Young (Allocation Failure) 583M->306M(609M) 1.385ms
[597.194s][info][gc,cpu         ] GC(1568) User=0.00s Sys=0.00s Real=0.00s
[597.563s][info][gc,start       ] GC(1569) Pause Young (Allocation Failure)
[597.564s][info][gc,heap        ] GC(1569) PSYoungGen: 288320K(309760K)->64K(309248K) Eden: 288256K(288256K)->0K(288256K) From: 64K(21504K)->64K(20992K)
[597.564s][info][gc,heap        ] GC(1569) ParOldGen: 313758K(313856K)->313758K(313856K)
[597.564s][info][gc,metaspace   ] GC(1569) Metaspace: 35545K(36224K)->35545K(36224K) NonClass: 26341K(26880K)->26341K(26880K) Class: 9204K(9344K)->9204K(9344K)
[597.564s][info][gc             ] GC(1569) Pause Young (Allocation Failure) 587M->306M(608M) 1.278ms
[597.564s][info][gc,cpu         ] GC(1569) User=0.01s Sys=0.00s Real=0.00s
[597.615s][info][gc,start       ] GC(1570) Pause Young (Allocation Failure)
[597.616s][info][gc,heap        ] GC(1570) PSYoungGen: 288320K(309248K)->64K(311808K) Eden: 288256K(288256K)->0K(292352K) From: 64K(20992K)->64K(19456K)
[597.616s][info][gc,heap        ] GC(1570) ParOldGen: 313758K(313856K)->313774K(313856K)
[597.616s][info][gc,metaspace   ] GC(1570) Metaspace: 35545K(36224K)->35545K(36224K) NonClass: 26341K(26880K)->26341K(26880K) Class: 9204K(9344K)->9204K(9344K)
[597.616s][info][gc             ] GC(1570) Pause Young (Allocation Failure) 587M->306M(611M) 1.278ms
[597.616s][info][gc,cpu         ] GC(1570) User=0.00s Sys=0.00s Real=0.00s
[597.668s][info][gc,start       ] GC(1571) Pause Young (Allocation Failure)
[597.669s][info][gc,heap        ] GC(1571) PSYoungGen: 292416K(311808K)->64K(311296K) Eden: 292352K(292352K)->0K(292352K) From: 64K(19456K)->64K(18944K)
[597.669s][info][gc,heap        ] GC(1571) ParOldGen: 313774K(313856K)->313774K(313856K)
[597.669s][info][gc,metaspace   ] GC(1571) Metaspace: 35545K(36224K)->35545K(36224K) NonClass: 26341K(26880K)->26341K(26880K) Class: 9204K(9344K)->9204K(9344K)
[597.669s][info][gc             ] GC(1571) Pause Young (Allocation Failure) 591M->306M(610M) 1.198ms
[597.669s][info][gc,cpu         ] GC(1571) User=0.00s Sys=0.00s Real=0.00s
[597.909s][info][gc,start       ] GC(1572) Pause Young (Allocation Failure)
[597.911s][info][gc,heap        ] GC(1572) PSYoungGen: 292416K(311296K)->64K(313856K) Eden: 292352K(292352K)->0K(296448K) From: 64K(18944K)->64K(17408K)
[597.911s][info][gc,heap        ] GC(1572) ParOldGen: 313774K(313856K)->313774K(313856K)
[597.911s][info][gc,metaspace   ] GC(1572) Metaspace: 35545K(36224K)->35545K(36224K) NonClass: 26341K(26880K)->26341K(26880K) Class: 9204K(9344K)->9204K(9344K)
[597.911s][info][gc             ] GC(1572) Pause Young (Allocation Failure) 591M->306M(613M) 1.370ms
[597.911s][info][gc,cpu         ] GC(1572) User=0.00s Sys=0.00s Real=0.00s
[598.169s][info][gc,start       ] GC(1573) Pause Young (Allocation Failure)
[598.171s][info][gc,heap        ] GC(1573) PSYoungGen: 296512K(313856K)->64K(313344K) Eden: 296448K(296448K)->0K(296448K) From: 64K(17408K)->64K(16896K)
[598.171s][info][gc,heap        ] GC(1573) ParOldGen: 313774K(313856K)->313782K(313856K)
[598.171s][info][gc,metaspace   ] GC(1573) Metaspace: 35546K(36224K)->35546K(36224K) NonClass: 26342K(26880K)->26342K(26880K) Class: 9204K(9344K)->9204K(9344K)
[598.171s][info][gc             ] GC(1573) Pause Young (Allocation Failure) 595M->306M(612M) 1.408ms
[598.171s][info][gc,cpu         ] GC(1573) User=0.00s Sys=0.00s Real=0.00s
[598.281s][info][gc,start       ] GC(1574) Pause Young (Allocation Failure)
[598.282s][info][gc,heap        ] GC(1574) PSYoungGen: 296512K(313344K)->64K(315904K) Eden: 296448K(296448K)->0K(300544K) From: 64K(16896K)->64K(15360K)
[598.282s][info][gc,heap        ] GC(1574) ParOldGen: 313782K(313856K)->313790K(313856K)
[598.282s][info][gc,metaspace   ] GC(1574) Metaspace: 35546K(36224K)->35546K(36224K) NonClass: 26342K(26880K)->26342K(26880K) Class: 9204K(9344K)->9204K(9344K)
[598.282s][info][gc             ] GC(1574) Pause Young (Allocation Failure) 595M->306M(615M) 1.340ms
[598.282s][info][gc,cpu         ] GC(1574) User=0.00s Sys=0.00s Real=0.01s
[598.416s][info][gc,start       ] GC(1575) Pause Young (Allocation Failure)
[598.417s][info][gc,heap        ] GC(1575) PSYoungGen: 300608K(315904K)->64K(315392K) Eden: 300544K(300544K)->0K(300544K) From: 64K(15360K)->64K(14848K)
[598.417s][info][gc,heap        ] GC(1575) ParOldGen: 313790K(313856K)->313798K(313856K)
[598.417s][info][gc,metaspace   ] GC(1575) Metaspace: 35546K(36224K)->35546K(36224K) NonClass: 26342K(26880K)->26342K(26880K) Class: 9204K(9344K)->9204K(9344K)
[598.417s][info][gc             ] GC(1575) Pause Young (Allocation Failure) 599M->306M(614M) 1.323ms
[598.417s][info][gc,cpu         ] GC(1575) User=0.00s Sys=0.00s Real=0.00s
[598.806s][info][gc,start       ] GC(1576) Pause Young (Allocation Failure)
[598.808s][info][gc,heap        ] GC(1576) PSYoungGen: 300608K(315392K)->64K(289280K) Eden: 300544K(300544K)->0K(288768K) From: 64K(14848K)->64K(512K)
[598.808s][info][gc,heap        ] GC(1576) ParOldGen: 313798K(313856K)->313806K(313856K)
[598.808s][info][gc,metaspace   ] GC(1576) Metaspace: 35546K(36224K)->35546K(36224K) NonClass: 26342K(26880K)->26342K(26880K) Class: 9204K(9344K)->9204K(9344K)
[598.808s][info][gc             ] GC(1576) Pause Young (Allocation Failure) 600M->306M(589M) 1.380ms
[598.808s][info][gc,cpu         ] GC(1576) User=0.00s Sys=0.00s Real=0.00s
[599.481s][info][gc,start       ] GC(1577) Pause Young (Allocation Failure)
[599.482s][info][gc,heap        ] GC(1577) PSYoungGen: 288832K(289280K)->83K(290304K) Eden: 288768K(288768K)->0K(277504K) From: 64K(512K)->83K(12800K)
[599.482s][info][gc,heap        ] GC(1577) ParOldGen: 313806K(313856K)->313814K(313856K)
[599.482s][info][gc,metaspace   ] GC(1577) Metaspace: 35546K(36224K)->35546K(36224K) NonClass: 26342K(26880K)->26342K(26880K) Class: 9204K(9344K)->9204K(9344K)
[599.482s][info][gc             ] GC(1577) Pause Young (Allocation Failure) 588M->306M(590M) 1.340ms
[599.482s][info][gc,cpu         ] GC(1577) User=0.01s Sys=0.00s Real=0.01s
[600.459s][info][gc,start       ] GC(1578) Pause Young (Allocation Failure)
[600.461s][info][gc,heap        ] GC(1578) PSYoungGen: 277587K(290304K)->64K(267264K) Eden: 277504K(277504K)->0K(266752K) From: 83K(12800K)->64K(512K)
[600.461s][info][gc,heap        ] GC(1578) ParOldGen: 313814K(313856K)->313822K(313856K)
[600.461s][info][gc,metaspace   ] GC(1578) Metaspace: 35546K(36224K)->35546K(36224K) NonClass: 26342K(26880K)->26342K(26880K) Class: 9204K(9344K)->9204K(9344K)
[600.461s][info][gc             ] GC(1578) Pause Young (Allocation Failure) 577M->306M(567M) 1.402ms
[600.461s][info][gc,cpu         ] GC(1578) User=0.00s Sys=0.00s Real=0.00s
[600.898s][info][gc,start       ] GC(1579) Pause Young (Allocation Failure)
[600.899s][info][gc,heap        ] GC(1579) PSYoungGen: 266816K(267264K)->64K(267776K) Eden: 266752K(266752K)->0K(256512K) From: 64K(512K)->64K(11264K)
[600.899s][info][gc,heap        ] GC(1579) ParOldGen: 313822K(313856K)->313830K(313856K)
[600.899s][info][gc,metaspace   ] GC(1579) Metaspace: 35546K(36224K)->35546K(36224K) NonClass: 26342K(26880K)->26342K(26880K) Class: 9204K(9344K)->9204K(9344K)
[600.899s][info][gc             ] GC(1579) Pause Young (Allocation Failure) 567M->306M(568M) 1.323ms
[600.899s][info][gc,cpu         ] GC(1579) User=0.00s Sys=0.00s Real=0.00s
[601.883s][info][gc,start       ] GC(1580) Pause Young (Allocation Failure)
[601.885s][info][gc,heap        ] GC(1580) PSYoungGen: 256576K(267776K)->64K(247296K) Eden: 256512K(256512K)->0K(246784K) From: 64K(11264K)->64K(512K)
[601.885s][info][gc,heap        ] GC(1580) ParOldGen: 313830K(313856K)->313838K(313856K)
[601.885s][info][gc,metaspace   ] GC(1580) Metaspace: 35546K(36224K)->35546K(36224K) NonClass: 26342K(26880K)->26342K(26880K) Class: 9204K(9344K)->9204K(9344K)
[601.885s][info][gc             ] GC(1580) Pause Young (Allocation Failure) 557M->306M(548M) 2.102ms
[601.885s][info][gc,cpu         ] GC(1580) User=0.00s Sys=0.00s Real=0.00s
[602.300s][info][gc,start       ] GC(1581) Pause Young (Allocation Failure)
[602.302s][info][gc,heap        ] GC(1581) PSYoungGen: 246848K(247296K)->64K(247296K) Eden: 246784K(246784K)->0K(237568K) From: 64K(512K)->64K(9728K)
[602.302s][info][gc,heap        ] GC(1581) ParOldGen: 313838K(313856K)->313854K(313856K)
[602.302s][info][gc,metaspace   ] GC(1581) Metaspace: 35546K(36224K)->35546K(36224K) NonClass: 26342K(26880K)->26342K(26880K) Class: 9204K(9344K)->9204K(9344K)
[602.302s][info][gc             ] GC(1581) Pause Young (Allocation Failure) 547M->306M(548M) 2.060ms
[602.302s][info][gc,cpu         ] GC(1581) User=0.01s Sys=0.00s Real=0.01s
[602.460s][info][gc,start       ] GC(1582) Pause Young (Allocation Failure)
[602.463s][info][gc,heap        ] GC(1582) PSYoungGen: 237632K(247296K)->32K(228864K) Eden: 237568K(237568K)->0K(228352K) From: 64K(9728K)->32K(512K)
[602.463s][info][gc,heap        ] GC(1582) ParOldGen: 313854K(313856K)->313862K(314368K)
[602.463s][info][gc,metaspace   ] GC(1582) Metaspace: 35546K(36224K)->35546K(36224K) NonClass: 26342K(26880K)->26342K(26880K) Class: 9204K(9344K)->9204K(9344K)
[602.463s][info][gc             ] GC(1582) Pause Young (Allocation Failure) 538M->306M(530M) 2.718ms
[602.463s][info][gc,cpu         ] GC(1582) User=0.01s Sys=0.00s Real=0.01s
[602.681s][info][gc,start       ] GC(1583) Pause Young (Allocation Failure)
[602.682s][info][gc,heap        ] GC(1583) PSYoungGen: 228384K(228864K)->64K(228352K) Eden: 228352K(228352K)->0K(219648K) From: 32K(512K)->64K(8704K)
[602.682s][info][gc,heap        ] GC(1583) ParOldGen: 313862K(314368K)->313870K(314368K)
[602.682s][info][gc,metaspace   ] GC(1583) Metaspace: 35546K(36224K)->35546K(36224K) NonClass: 26342K(26880K)->26342K(26880K) Class: 9204K(9344K)->9204K(9344K)
[602.682s][info][gc             ] GC(1583) Pause Young (Allocation Failure) 529M->306M(530M) 1.540ms
[602.682s][info][gc,cpu         ] GC(1583) User=0.00s Sys=0.00s Real=0.01s
[603.143s][info][gc,start       ] GC(1584) Pause Young (Allocation Failure)
[603.146s][info][gc,heap        ] GC(1584) PSYoungGen: 219712K(228352K)->32K(211968K) Eden: 219648K(219648K)->0K(211456K) From: 64K(8704K)->32K(512K)
[603.146s][info][gc,heap        ] GC(1584) ParOldGen: 313870K(314368K)->313878K(314368K)
[603.146s][info][gc,metaspace   ] GC(1584) Metaspace: 35546K(36224K)->35546K(36224K) NonClass: 26342K(26880K)->26342K(26880K) Class: 9204K(9344K)->9204K(9344K)
[603.146s][info][gc             ] GC(1584) Pause Young (Allocation Failure) 521M->306M(514M) 2.921ms
[603.146s][info][gc,cpu         ] GC(1584) User=0.01s Sys=0.00s Real=0.00s
[603.372s][info][gc,start       ] GC(1585) Pause Young (Allocation Failure)
[603.374s][info][gc,heap        ] GC(1585) PSYoungGen: 211488K(211968K)->32K(211456K) Eden: 211456K(211456K)->0K(203776K) From: 32K(512K)->32K(7680K)
[603.374s][info][gc,heap        ] GC(1585) ParOldGen: 313878K(314368K)->313886K(314368K)
[603.374s][info][gc,metaspace   ] GC(1585) Metaspace: 35546K(36224K)->35546K(36224K) NonClass: 26342K(26880K)->26342K(26880K) Class: 9204K(9344K)->9204K(9344K)
[603.374s][info][gc             ] GC(1585) Pause Young (Allocation Failure) 513M->306M(513M) 2.166ms
[603.374s][info][gc,cpu         ] GC(1585) User=0.00s Sys=0.00s Real=0.00s
[603.646s][info][gc,start       ] GC(1586) Pause Young (Allocation Failure)
[603.688s][info][gc,heap        ] GC(1586) PSYoungGen: 203808K(211456K)->7168K(251392K) Eden: 203776K(203776K)->0K(244224K) From: 32K(7680K)->7168K(7168K)
[603.688s][info][gc,heap        ] GC(1586) ParOldGen: 313886K(314368K)->325422K(325632K)
[603.688s][info][gc,metaspace   ] GC(1586) Metaspace: 35546K(36224K)->35546K(36224K) NonClass: 26342K(26880K)->26342K(26880K) Class: 9204K(9344K)->9204K(9344K)
[603.688s][info][gc             ] GC(1586) Pause Young (Allocation Failure) 505M->324M(563M) 41.648ms
[603.688s][info][gc,cpu         ] GC(1586) User=0.07s Sys=0.01s Real=0.04s
[603.981s][info][gc,start       ] GC(1587) Pause Young (Allocation Failure)
[604.037s][info][gc,heap        ] GC(1587) PSYoungGen: 251392K(251392K)->12800K(266752K) Eden: 244224K(244224K)->0K(253952K) From: 7168K(7168K)->12800K(12800K)
[604.037s][info][gc,heap        ] GC(1587) ParOldGen: 325422K(325632K)->340566K(340992K)
[604.037s][info][gc,metaspace   ] GC(1587) Metaspace: 35546K(36224K)->35546K(36224K) NonClass: 26342K(26880K)->26342K(26880K) Class: 9204K(9344K)->9204K(9344K)
[604.037s][info][gc             ] GC(1587) Pause Young (Allocation Failure) 563M->345M(593M) 56.615ms
[604.037s][info][gc,cpu         ] GC(1587) User=0.10s Sys=0.01s Real=0.06s
[604.241s][info][gc,start       ] GC(1588) Pause Young (Allocation Failure)
[604.278s][info][gc,heap        ] GC(1588) PSYoungGen: 266752K(266752K)->16320K(307200K) Eden: 253952K(253952K)->0K(285696K) From: 12800K(12800K)->16320K(21504K)
[604.278s][info][gc,heap        ] GC(1588) ParOldGen: 340566K(340992K)->340974K(340992K)
[604.278s][info][gc,metaspace   ] GC(1588) Metaspace: 35546K(36224K)->35546K(36224K) NonClass: 26342K(26880K)->26342K(26880K) Class: 9204K(9344K)->9204K(9344K)
[604.278s][info][gc             ] GC(1588) Pause Young (Allocation Failure) 593M->348M(633M) 37.345ms
[604.278s][info][gc,cpu         ] GC(1588) User=0.07s Sys=0.01s Real=0.04s
[604.611s][info][gc,start       ] GC(1589) Pause Young (Allocation Failure)
[604.613s][info][gc,heap        ] GC(1589) PSYoungGen: 302016K(307200K)->64K(309760K) Eden: 285696K(285696K)->0K(285696K) From: 16320K(21504K)->64K(24064K)
[604.613s][info][gc,heap        ] GC(1589) ParOldGen: 340974K(340992K)->340982K(340992K)
[604.613s][info][gc,metaspace   ] GC(1589) Metaspace: 35546K(36224K)->35546K(36224K) NonClass: 26342K(26880K)->26342K(26880K) Class: 9204K(9344K)->9204K(9344K)
[604.613s][info][gc             ] GC(1589) Pause Young (Allocation Failure) 627M->333M(635M) 1.375ms
[604.613s][info][gc,cpu         ] GC(1589) User=0.00s Sys=0.00s Real=0.01s
[605.252s][info][gc,start       ] GC(1590) Pause Young (Allocation Failure)
[605.256s][info][gc,heap        ] GC(1590) PSYoungGen: 285760K(309760K)->160K(307712K) Eden: 285696K(285696K)->0K(286720K) From: 64K(24064K)->160K(20992K)
[605.256s][info][gc,heap        ] GC(1590) ParOldGen: 340982K(340992K)->340990K(340992K)
[605.256s][info][gc,metaspace   ] GC(1590) Metaspace: 35633K(36288K)->35633K(36288K) NonClass: 26428K(26944K)->26428K(26944K) Class: 9204K(9344K)->9204K(9344K)
[605.256s][info][gc             ] GC(1590) Pause Young (Allocation Failure) 612M->333M(633M) 4.383ms
[605.256s][info][gc,cpu         ] GC(1590) User=0.00s Sys=0.00s Real=0.01s
[605.730s][info][gc,start       ] GC(1591) Pause Young (Allocation Failure)
[605.732s][info][gc,heap        ] GC(1591) PSYoungGen: 286880K(307712K)->64K(309248K) Eden: 286720K(286720K)->0K(286720K) From: 160K(20992K)->64K(22528K)
[605.732s][info][gc,heap        ] GC(1591) ParOldGen: 340990K(340992K)->341078K(341504K)
[605.732s][info][gc,metaspace   ] GC(1591) Metaspace: 35633K(36288K)->35633K(36288K) NonClass: 26428K(26944K)->26428K(26944K) Class: 9204K(9344K)->9204K(9344K)
[605.732s][info][gc             ] GC(1591) Pause Young (Allocation Failure) 613M->333M(635M) 1.612ms
[605.732s][info][gc,cpu         ] GC(1591) User=0.00s Sys=0.00s Real=0.00s
[605.971s][info][gc,start       ] GC(1592) Pause Young (Allocation Failure)
[605.972s][info][gc,heap        ] GC(1592) PSYoungGen: 286784K(309248K)->64K(308736K) Eden: 286720K(286720K)->0K(289792K) From: 64K(22528K)->64K(18944K)
[605.972s][info][gc,heap        ] GC(1592) ParOldGen: 341078K(341504K)->341094K(341504K)
[605.972s][info][gc,metaspace   ] GC(1592) Metaspace: 35633K(36288K)->35633K(36288K) NonClass: 26428K(26944K)->26428K(26944K) Class: 9204K(9344K)->9204K(9344K)
[605.972s][info][gc             ] GC(1592) Pause Young (Allocation Failure) 613M->333M(635M) 1.449ms
[605.972s][info][gc,cpu         ] GC(1592) User=0.00s Sys=0.00s Real=0.01s
[606.221s][info][gc,start       ] GC(1593) Pause Young (Allocation Failure)
[606.222s][info][gc,heap        ] GC(1593) PSYoungGen: 289856K(308736K)->64K(310272K) Eden: 289792K(289792K)->0K(289792K) From: 64K(18944K)->64K(20480K)
[606.222s][info][gc,heap        ] GC(1593) ParOldGen: 341094K(341504K)->341094K(341504K)
[606.222s][info][gc,metaspace   ] GC(1593) Metaspace: 35633K(36288K)->35633K(36288K) NonClass: 26428K(26944K)->26428K(26944K) Class: 9204K(9344K)->9204K(9344K)
[606.222s][info][gc             ] GC(1593) Pause Young (Allocation Failure) 616M->333M(636M) 1.424ms
[606.222s][info][gc,cpu         ] GC(1593) User=0.00s Sys=0.00s Real=0.01s
[606.553s][info][gc,start       ] GC(1594) Pause Young (Allocation Failure)
[606.554s][info][gc,heap        ] GC(1594) PSYoungGen: 289856K(310272K)->64K(311808K) Eden: 289792K(289792K)->0K(293888K) From: 64K(20480K)->64K(17920K)
[606.554s][info][gc,heap        ] GC(1594) ParOldGen: 341094K(341504K)->341094K(341504K)
[606.554s][info][gc,metaspace   ] GC(1594) Metaspace: 35633K(36288K)->35633K(36288K) NonClass: 26428K(26944K)->26428K(26944K) Class: 9204K(9344K)->9204K(9344K)
[606.554s][info][gc             ] GC(1594) Pause Young (Allocation Failure) 616M->333M(638M) 1.444ms
[606.554s][info][gc,cpu         ] GC(1594) User=0.00s Sys=0.00s Real=0.00s
[606.609s][info][gc,start       ] GC(1595) Pause Young (Allocation Failure)
[606.611s][info][gc,heap        ] GC(1595) PSYoungGen: 293952K(311808K)->64K(312832K) Eden: 293888K(293888K)->0K(293888K) From: 64K(17920K)->64K(18944K)
[606.611s][info][gc,heap        ] GC(1595) ParOldGen: 341094K(341504K)->341110K(341504K)
[606.611s][info][gc,metaspace   ] GC(1595) Metaspace: 35633K(36288K)->35633K(36288K) NonClass: 26428K(26944K)->26428K(26944K) Class: 9204K(9344K)->9204K(9344K)
[606.611s][info][gc             ] GC(1595) Pause Young (Allocation Failure) 620M->333M(639M) 1.475ms
[606.611s][info][gc,cpu         ] GC(1595) User=0.01s Sys=0.00s Real=0.00s
[606.677s][info][gc,start       ] GC(1596) Pause Young (Allocation Failure)
[606.678s][info][gc,heap        ] GC(1596) PSYoungGen: 293952K(312832K)->64K(312832K) Eden: 293888K(293888K)->0K(296960K) From: 64K(18944K)->64K(15872K)
[606.678s][info][gc,heap        ] GC(1596) ParOldGen: 341110K(341504K)->341110K(341504K)
[606.678s][info][gc,metaspace   ] GC(1596) Metaspace: 35633K(36288K)->35633K(36288K) NonClass: 26428K(26944K)->26428K(26944K) Class: 9204K(9344K)->9204K(9344K)
[606.678s][info][gc             ] GC(1596) Pause Young (Allocation Failure) 620M->333M(639M) 1.377ms
[606.678s][info][gc,cpu         ] GC(1596) User=0.01s Sys=0.00s Real=0.00s
[606.970s][info][gc,start       ] GC(1597) Pause Young (Allocation Failure)
[606.972s][info][gc,heap        ] GC(1597) PSYoungGen: 297024K(312832K)->64K(313856K) Eden: 296960K(296960K)->0K(296960K) From: 64K(15872K)->64K(16896K)
[606.972s][info][gc,heap        ] GC(1597) ParOldGen: 341110K(341504K)->341126K(341504K)
[606.972s][info][gc,metaspace   ] GC(1597) Metaspace: 35633K(36288K)->35633K(36288K) NonClass: 26428K(26944K)->26428K(26944K) Class: 9204K(9344K)->9204K(9344K)
[606.972s][info][gc             ] GC(1597) Pause Young (Allocation Failure) 623M->333M(640M) 1.458ms
[606.972s][info][gc,cpu         ] GC(1597) User=0.01s Sys=0.00s Real=0.00s
[607.208s][info][gc,start       ] GC(1598) Pause Young (Allocation Failure)
[607.210s][info][gc,heap        ] GC(1598) PSYoungGen: 297024K(313856K)->64K(314880K) Eden: 296960K(296960K)->0K(301056K) From: 64K(16896K)->64K(13824K)
[607.210s][info][gc,heap        ] GC(1598) ParOldGen: 341126K(341504K)->341126K(341504K)
[607.210s][info][gc,metaspace   ] GC(1598) Metaspace: 35633K(36288K)->35633K(36288K) NonClass: 26428K(26944K)->26428K(26944K) Class: 9204K(9344K)->9204K(9344K)
[607.210s][info][gc             ] GC(1598) Pause Young (Allocation Failure) 623M->333M(641M) 1.457ms
[607.210s][info][gc,cpu         ] GC(1598) User=0.01s Sys=0.01s Real=0.00s
[607.296s][info][gc,start       ] GC(1599) Pause Young (Allocation Failure)
[607.298s][info][gc,heap        ] GC(1599) PSYoungGen: 301120K(314880K)->64K(315904K) Eden: 301056K(301056K)->0K(301056K) From: 64K(13824K)->64K(14848K)
[607.298s][info][gc,heap        ] GC(1599) ParOldGen: 341126K(341504K)->341142K(341504K)
[607.298s][info][gc,metaspace   ] GC(1599) Metaspace: 35633K(36288K)->35633K(36288K) NonClass: 26428K(26944K)->26428K(26944K) Class: 9204K(9344K)->9204K(9344K)
[607.298s][info][gc             ] GC(1599) Pause Young (Allocation Failure) 627M->333M(642M) 1.435ms
[607.298s][info][gc,cpu         ] GC(1599) User=0.00s Sys=0.00s Real=0.00s
[607.457s][info][gc,start       ] GC(1600) Pause Young (Allocation Failure)
[607.459s][info][gc,heap        ] GC(1600) PSYoungGen: 301120K(315904K)->64K(317952K) Eden: 301056K(301056K)->0K(305152K) From: 64K(14848K)->64K(12800K)
[607.459s][info][gc,heap        ] GC(1600) ParOldGen: 341142K(341504K)->341142K(341504K)
[607.459s][info][gc,metaspace   ] GC(1600) Metaspace: 35633K(36288K)->35633K(36288K) NonClass: 26428K(26944K)->26428K(26944K) Class: 9204K(9344K)->9204K(9344K)
[607.459s][info][gc             ] GC(1600) Pause Young (Allocation Failure) 627M->333M(644M) 1.378ms
[607.459s][info][gc,cpu         ] GC(1600) User=0.00s Sys=0.00s Real=0.00s
[608.426s][info][gc,start       ] GC(1601) Pause Young (Allocation Failure)
[608.427s][info][gc,heap        ] GC(1601) PSYoungGen: 305216K(317952K)->64K(318464K) Eden: 305152K(305152K)->0K(305152K) From: 64K(12800K)->64K(13312K)
[608.427s][info][gc,heap        ] GC(1601) ParOldGen: 341142K(341504K)->341150K(341504K)
[608.427s][info][gc,metaspace   ] GC(1601) Metaspace: 35633K(36288K)->35633K(36288K) NonClass: 26428K(26944K)->26428K(26944K) Class: 9204K(9344K)->9204K(9344K)
[608.427s][info][gc             ] GC(1601) Pause Young (Allocation Failure) 631M->333M(644M) 1.399ms
[608.427s][info][gc,cpu         ] GC(1601) User=0.01s Sys=0.00s Real=0.00s
[609.299s][info][gc,start       ] GC(1602) Pause Young (Allocation Failure)
[609.301s][info][gc,heap        ] GC(1602) PSYoungGen: 305216K(318464K)->64K(293376K) Eden: 305152K(305152K)->0K(292864K) From: 64K(13312K)->64K(512K)
[609.301s][info][gc,heap        ] GC(1602) ParOldGen: 341150K(341504K)->341166K(341504K)
[609.301s][info][gc,metaspace   ] GC(1602) Metaspace: 35633K(36288K)->35633K(36288K) NonClass: 26428K(26944K)->26428K(26944K) Class: 9204K(9344K)->9204K(9344K)
[609.301s][info][gc             ] GC(1602) Pause Young (Allocation Failure) 631M->333M(620M) 1.981ms
[609.301s][info][gc,cpu         ] GC(1602) User=0.01s Sys=0.00s Real=0.00s
[609.623s][info][gc,start       ] GC(1603) Pause Young (Allocation Failure)
[609.625s][info][gc,heap        ] GC(1603) PSYoungGen: 292928K(293376K)->64K(292864K) Eden: 292864K(292864K)->0K(281088K) From: 64K(512K)->64K(11776K)
[609.625s][info][gc,heap        ] GC(1603) ParOldGen: 341166K(341504K)->341174K(341504K)
[609.625s][info][gc,metaspace   ] GC(1603) Metaspace: 35633K(36288K)->35633K(36288K) NonClass: 26428K(26944K)->26428K(26944K) Class: 9204K(9344K)->9204K(9344K)
[609.625s][info][gc             ] GC(1603) Pause Young (Allocation Failure) 619M->333M(619M) 1.359ms
[609.625s][info][gc,cpu         ] GC(1603) User=0.00s Sys=0.00s Real=0.00s
[610.172s][info][gc,start       ] GC(1604) Pause Young (Allocation Failure)
[610.174s][info][gc,heap        ] GC(1604) PSYoungGen: 281152K(292864K)->64K(270336K) Eden: 281088K(281088K)->0K(269824K) From: 64K(11776K)->64K(512K)
[610.174s][info][gc,heap        ] GC(1604) ParOldGen: 341174K(341504K)->341182K(341504K)
[610.174s][info][gc,metaspace   ] GC(1604) Metaspace: 35633K(36288K)->35633K(36288K) NonClass: 26428K(26944K)->26428K(26944K) Class: 9204K(9344K)->9204K(9344K)
[610.174s][info][gc             ] GC(1604) Pause Young (Allocation Failure) 607M->333M(597M) 1.976ms
[610.174s][info][gc,cpu         ] GC(1604) User=0.01s Sys=0.00s Real=0.00s
[611.077s][info][gc,start       ] GC(1605) Pause Young (Allocation Failure)
[611.079s][info][gc,heap        ] GC(1605) PSYoungGen: 269888K(270336K)->64K(269312K) Eden: 269824K(269824K)->0K(259072K) From: 64K(512K)->64K(10240K)
[611.079s][info][gc,heap        ] GC(1605) ParOldGen: 341182K(341504K)->341190K(341504K)
[611.079s][info][gc,metaspace   ] GC(1605) Metaspace: 35633K(36288K)->35633K(36288K) NonClass: 26428K(26944K)->26428K(26944K) Class: 9204K(9344K)->9204K(9344K)
[611.079s][info][gc             ] GC(1605) Pause Young (Allocation Failure) 596M->333M(596M) 1.321ms
[611.079s][info][gc,cpu         ] GC(1605) User=0.00s Sys=0.00s Real=0.00s
[611.433s][info][gc,start       ] GC(1606) Pause Young (Allocation Failure)
[611.434s][info][gc,heap        ] GC(1606) PSYoungGen: 259136K(269312K)->64K(249344K) Eden: 259072K(259072K)->0K(248832K) From: 64K(10240K)->64K(512K)
[611.434s][info][gc,heap        ] GC(1606) ParOldGen: 341190K(341504K)->341206K(341504K)
[611.434s][info][gc,metaspace   ] GC(1606) Metaspace: 35633K(36288K)->35633K(36288K) NonClass: 26428K(26944K)->26428K(26944K) Class: 9204K(9344K)->9204K(9344K)
[611.434s][info][gc             ] GC(1606) Pause Young (Allocation Failure) 586M->333M(577M) 1.546ms
[611.434s][info][gc,cpu         ] GC(1606) User=0.00s Sys=0.00s Real=0.00s
[611.537s][info][gc,start       ] GC(1607) Pause Young (Allocation Failure)
[611.538s][info][gc,heap        ] GC(1607) PSYoungGen: 248896K(249344K)->64K(247808K) Eden: 248832K(248832K)->0K(239104K) From: 64K(512K)->64K(8704K)
[611.538s][info][gc,heap        ] GC(1607) ParOldGen: 341206K(341504K)->341222K(341504K)
[611.538s][info][gc,metaspace   ] GC(1607) Metaspace: 35633K(36288K)->35633K(36288K) NonClass: 26428K(26944K)->26428K(26944K) Class: 9204K(9344K)->9204K(9344K)
[611.538s][info][gc             ] GC(1607) Pause Young (Allocation Failure) 576M->333M(575M) 1.175ms
[611.538s][info][gc,cpu         ] GC(1607) User=0.00s Sys=0.00s Real=0.00s
[612.121s][info][gc,start       ] GC(1608) Pause Young (Allocation Failure)
[612.124s][info][gc,heap        ] GC(1608) PSYoungGen: 239168K(247808K)->64K(230400K) Eden: 239104K(239104K)->0K(229888K) From: 64K(8704K)->64K(512K)
[612.124s][info][gc,heap        ] GC(1608) ParOldGen: 341222K(341504K)->341230K(341504K)
[612.124s][info][gc,metaspace   ] GC(1608) Metaspace: 35633K(36288K)->35633K(36288K) NonClass: 26428K(26944K)->26428K(26944K) Class: 9204K(9344K)->9204K(9344K)
[612.124s][info][gc             ] GC(1608) Pause Young (Allocation Failure) 566M->333M(558M) 2.164ms
[612.124s][info][gc,cpu         ] GC(1608) User=0.00s Sys=0.00s Real=0.01s
[612.334s][info][gc,start       ] GC(1609) Pause Young (Allocation Failure)
[612.336s][info][gc,heap        ] GC(1609) PSYoungGen: 229951K(230400K)->64K(228864K) Eden: 229887K(229888K)->0K(221184K) From: 64K(512K)->64K(7680K)
[612.336s][info][gc,heap        ] GC(1609) ParOldGen: 341230K(341504K)->341238K(341504K)
[612.336s][info][gc,metaspace   ] GC(1609) Metaspace: 35633K(36288K)->35633K(36288K) NonClass: 26428K(26944K)->26428K(26944K) Class: 9204K(9344K)->9204K(9344K)
[612.336s][info][gc             ] GC(1609) Pause Young (Allocation Failure) 557M->333M(557M) 1.342ms
[612.336s][info][gc,cpu         ] GC(1609) User=0.00s Sys=0.00s Real=0.00s
[612.634s][info][gc,start       ] GC(1610) Pause Young (Allocation Failure)
[612.669s][info][gc,heap        ] GC(1610) PSYoungGen: 221248K(228864K)->7168K(272384K) Eden: 221184K(221184K)->0K(265216K) From: 64K(7680K)->7168K(7168K)
[612.669s][info][gc,heap        ] GC(1610) ParOldGen: 341238K(341504K)->352566K(352768K)
[612.669s][info][gc,metaspace   ] GC(1610) Metaspace: 35633K(36288K)->35633K(36288K) NonClass: 26428K(26944K)->26428K(26944K) Class: 9204K(9344K)->9204K(9344K)
[612.669s][info][gc             ] GC(1610) Pause Young (Allocation Failure) 549M->351M(610M) 35.881ms
[612.669s][info][gc,cpu         ] GC(1610) User=0.07s Sys=0.01s Real=0.03s
[612.990s][info][gc,start       ] GC(1611) Pause Young (Allocation Failure)
[613.051s][info][gc,heap        ] GC(1611) PSYoungGen: 272384K(272384K)->13312K(280576K) Eden: 265216K(265216K)->0K(267264K) From: 7168K(7168K)->13312K(13312K)
[613.051s][info][gc,heap        ] GC(1611) ParOldGen: 352566K(352768K)->369566K(369664K)
[613.051s][info][gc,metaspace   ] GC(1611) Metaspace: 35633K(36288K)->35633K(36288K) NonClass: 26428K(26944K)->26428K(26944K) Class: 9204K(9344K)->9204K(9344K)
[613.051s][info][gc             ] GC(1611) Pause Young (Allocation Failure) 610M->373M(635M) 61.583ms
[613.051s][info][gc,cpu         ] GC(1611) User=0.11s Sys=0.01s Real=0.06s
[613.246s][info][gc,start       ] GC(1612) Pause Young (Allocation Failure)
[613.281s][info][gc,heap        ] GC(1612) PSYoungGen: 280576K(280576K)->14176K(308224K) Eden: 267264K(267264K)->0K(285696K) From: 13312K(13312K)->14176K(22528K)
[613.281s][info][gc,heap        ] GC(1612) ParOldGen: 369566K(369664K)->370030K(370176K)
[613.281s][info][gc,metaspace   ] GC(1612) Metaspace: 35633K(36288K)->35633K(36288K) NonClass: 26428K(26944K)->26428K(26944K) Class: 9204K(9344K)->9204K(9344K)
[613.281s][info][gc             ] GC(1612) Pause Young (Allocation Failure) 634M->375M(662M) 35.077ms
[613.281s][info][gc,cpu         ] GC(1612) User=0.06s Sys=0.02s Real=0.03s
[613.688s][info][gc,start       ] GC(1613) Pause Young (Allocation Failure)
[613.689s][info][gc,heap        ] GC(1613) PSYoungGen: 299872K(308224K)->64K(309760K) Eden: 285696K(285696K)->0K(285696K) From: 14176K(22528K)->64K(24064K)
[613.689s][info][gc,heap        ] GC(1613) ParOldGen: 370030K(370176K)->370038K(370176K)
[613.689s][info][gc,metaspace   ] GC(1613) Metaspace: 35633K(36288K)->35633K(36288K) NonClass: 26428K(26944K)->26428K(26944K) Class: 9204K(9344K)->9204K(9344K)
[613.689s][info][gc             ] GC(1613) Pause Young (Allocation Failure) 654M->361M(664M) 1.511ms
[613.689s][info][gc,cpu         ] GC(1613) User=0.00s Sys=0.00s Real=0.00s
[614.259s][info][gc,start       ] GC(1614) Pause Young (Allocation Failure)
[614.260s][info][gc,heap        ] GC(1614) PSYoungGen: 285760K(309760K)->64K(308224K) Eden: 285696K(285696K)->0K(286720K) From: 64K(24064K)->64K(21504K)
[614.260s][info][gc,heap        ] GC(1614) ParOldGen: 370038K(370176K)->370046K(370176K)
[614.260s][info][gc,metaspace   ] GC(1614) Metaspace: 35646K(36288K)->35646K(36288K) NonClass: 26441K(26944K)->26441K(26944K) Class: 9204K(9344K)->9204K(9344K)
[614.260s][info][gc             ] GC(1614) Pause Young (Allocation Failure) 640M->361M(662M) 1.491ms
[614.260s][info][gc,cpu         ] GC(1614) User=0.00s Sys=0.00s Real=0.00s
[614.712s][info][gc,start       ] GC(1615) Pause Young (Allocation Failure)
[614.714s][info][gc,heap        ] GC(1615) PSYoungGen: 286784K(308224K)->64K(309248K) Eden: 286720K(286720K)->0K(286720K) From: 64K(21504K)->64K(22528K)
[614.714s][info][gc,heap        ] GC(1615) ParOldGen: 370046K(370176K)->370062K(370176K)
[614.714s][info][gc,metaspace   ] GC(1615) Metaspace: 35646K(36288K)->35646K(36288K) NonClass: 26441K(26944K)->26441K(26944K) Class: 9204K(9344K)->9204K(9344K)
[614.714s][info][gc             ] GC(1615) Pause Young (Allocation Failure) 641M->361M(663M) 1.495ms
[614.714s][info][gc,cpu         ] GC(1615) User=0.01s Sys=0.00s Real=0.00s
[614.955s][info][gc,start       ] GC(1616) Pause Young (Allocation Failure)
[614.956s][info][gc,heap        ] GC(1616) PSYoungGen: 286784K(309248K)->64K(309248K) Eden: 286720K(286720K)->0K(289792K) From: 64K(22528K)->64K(19456K)
[614.956s][info][gc,heap        ] GC(1616) ParOldGen: 370062K(370176K)->370078K(370176K)
[614.956s][info][gc,metaspace   ] GC(1616) Metaspace: 35646K(36288K)->35646K(36288K) NonClass: 26441K(26944K)->26441K(26944K) Class: 9204K(9344K)->9204K(9344K)
[614.956s][info][gc             ] GC(1616) Pause Young (Allocation Failure) 641M->361M(663M) 1.472ms
[614.956s][info][gc,cpu         ] GC(1616) User=0.00s Sys=0.00s Real=0.00s
[615.198s][info][gc,start       ] GC(1617) Pause Young (Allocation Failure)
[615.199s][info][gc,heap        ] GC(1617) PSYoungGen: 289856K(309248K)->64K(310272K) Eden: 289792K(289792K)->0K(289792K) From: 64K(19456K)->64K(20480K)
[615.199s][info][gc,heap        ] GC(1617) ParOldGen: 370078K(370176K)->370078K(370176K)
[615.199s][info][gc,metaspace   ] GC(1617) Metaspace: 35646K(36288K)->35646K(36288K) NonClass: 26441K(26944K)->26441K(26944K) Class: 9204K(9344K)->9204K(9344K)
[615.199s][info][gc             ] GC(1617) Pause Young (Allocation Failure) 644M->361M(664M) 1.465ms
[615.199s][info][gc,cpu         ] GC(1617) User=0.00s Sys=0.00s Real=0.00s
[615.494s][info][gc,start       ] GC(1618) Pause Young (Allocation Failure)
[615.495s][info][gc,heap        ] GC(1618) PSYoungGen: 289856K(310272K)->64K(312320K) Eden: 289792K(289792K)->0K(293888K) From: 64K(20480K)->64K(18432K)
[615.495s][info][gc,heap        ] GC(1618) ParOldGen: 370078K(370176K)->370078K(370176K)
[615.495s][info][gc,metaspace   ] GC(1618) Metaspace: 35646K(36288K)->35646K(36288K) NonClass: 26441K(26944K)->26441K(26944K) Class: 9204K(9344K)->9204K(9344K)
[615.495s][info][gc             ] GC(1618) Pause Young (Allocation Failure) 644M->361M(666M) 1.394ms
[615.495s][info][gc,cpu         ] GC(1618) User=0.00s Sys=0.00s Real=0.00s
[615.547s][info][gc,start       ] GC(1619) Pause Young (Allocation Failure)
[615.548s][info][gc,heap        ] GC(1619) PSYoungGen: 293952K(312320K)->64K(312832K) Eden: 293888K(293888K)->0K(293888K) From: 64K(18432K)->64K(18944K)
[615.548s][info][gc,heap        ] GC(1619) ParOldGen: 370078K(370176K)->370094K(370176K)
[615.548s][info][gc,metaspace   ] GC(1619) Metaspace: 35646K(36288K)->35646K(36288K) NonClass: 26441K(26944K)->26441K(26944K) Class: 9204K(9344K)->9204K(9344K)
[615.548s][info][gc             ] GC(1619) Pause Young (Allocation Failure) 648M->361M(667M) 1.428ms
[615.548s][info][gc,cpu         ] GC(1619) User=0.00s Sys=0.00s Real=0.00s
[615.653s][info][gc,start       ] GC(1620) Pause Young (Allocation Failure)
[615.655s][info][gc,heap        ] GC(1620) PSYoungGen: 293952K(312832K)->64K(313344K) Eden: 293888K(293888K)->0K(296960K) From: 64K(18944K)->64K(16384K)
[615.655s][info][gc,heap        ] GC(1620) ParOldGen: 370094K(370176K)->370094K(370176K)
[615.655s][info][gc,metaspace   ] GC(1620) Metaspace: 35646K(36288K)->35646K(36288K) NonClass: 26441K(26944K)->26441K(26944K) Class: 9204K(9344K)->9204K(9344K)
[615.655s][info][gc             ] GC(1620) Pause Young (Allocation Failure) 648M->361M(667M) 1.477ms
[615.655s][info][gc,cpu         ] GC(1620) User=0.01s Sys=0.00s Real=0.00s
[615.944s][info][gc,start       ] GC(1621) Pause Young (Allocation Failure)
[615.945s][info][gc,heap        ] GC(1621) PSYoungGen: 297024K(313344K)->32K(313856K) Eden: 296960K(296960K)->0K(296960K) From: 64K(16384K)->32K(16896K)
[615.945s][info][gc,heap        ] GC(1621) ParOldGen: 370094K(370176K)->370110K(370176K)
[615.945s][info][gc,metaspace   ] GC(1621) Metaspace: 35646K(36288K)->35646K(36288K) NonClass: 26441K(26944K)->26441K(26944K) Class: 9204K(9344K)->9204K(9344K)
[615.945s][info][gc             ] GC(1621) Pause Young (Allocation Failure) 651M->361M(668M) 1.443ms
[615.945s][info][gc,cpu         ] GC(1621) User=0.00s Sys=0.00s Real=0.00s
[616.140s][info][gc,start       ] GC(1622) Pause Young (Allocation Failure)
[616.141s][info][gc,heap        ] GC(1622) PSYoungGen: 296992K(313856K)->64K(315392K) Eden: 296960K(296960K)->0K(301056K) From: 32K(16896K)->64K(14336K)
[616.141s][info][gc,heap        ] GC(1622) ParOldGen: 370110K(370176K)->370110K(370176K)
[616.141s][info][gc,metaspace   ] GC(1622) Metaspace: 35646K(36288K)->35646K(36288K) NonClass: 26441K(26944K)->26441K(26944K) Class: 9204K(9344K)->9204K(9344K)
[616.141s][info][gc             ] GC(1622) Pause Young (Allocation Failure) 651M->361M(669M) 1.468ms
[616.141s][info][gc,cpu         ] GC(1622) User=0.00s Sys=0.00s Real=0.00s
[616.228s][info][gc,start       ] GC(1623) Pause Young (Allocation Failure)
[616.229s][info][gc,heap        ] GC(1623) PSYoungGen: 301120K(315392K)->64K(315904K) Eden: 301056K(301056K)->0K(301056K) From: 64K(14336K)->64K(14848K)
[616.229s][info][gc,heap        ] GC(1623) ParOldGen: 370110K(370176K)->370126K(370176K)
[616.229s][info][gc,metaspace   ] GC(1623) Metaspace: 35646K(36288K)->35646K(36288K) NonClass: 26441K(26944K)->26441K(26944K) Class: 9204K(9344K)->9204K(9344K)
[616.229s][info][gc             ] GC(1623) Pause Young (Allocation Failure) 655M->361M(670M) 1.451ms
[616.229s][info][gc,cpu         ] GC(1623) User=0.00s Sys=0.00s Real=0.00s
[616.406s][info][gc,start       ] GC(1624) Pause Young (Allocation Failure)
[616.407s][info][gc,heap        ] GC(1624) PSYoungGen: 301120K(315904K)->64K(318464K) Eden: 301056K(301056K)->0K(305152K) From: 64K(14848K)->64K(13312K)
[616.407s][info][gc,heap        ] GC(1624) ParOldGen: 370126K(370176K)->370126K(370176K)
[616.407s][info][gc,metaspace   ] GC(1624) Metaspace: 35646K(36288K)->35646K(36288K) NonClass: 26441K(26944K)->26441K(26944K) Class: 9204K(9344K)->9204K(9344K)
[616.407s][info][gc             ] GC(1624) Pause Young (Allocation Failure) 655M->361M(672M) 1.446ms
[616.407s][info][gc,cpu         ] GC(1624) User=0.00s Sys=0.00s Real=0.00s
[617.350s][info][gc,start       ] GC(1625) Pause Young (Allocation Failure)
[617.352s][info][gc,heap        ] GC(1625) PSYoungGen: 305216K(318464K)->64K(293376K) Eden: 305152K(305152K)->0K(292864K) From: 64K(13312K)->64K(512K)
[617.352s][info][gc,heap        ] GC(1625) ParOldGen: 370126K(370176K)->370134K(370176K)
[617.352s][info][gc,metaspace   ] GC(1625) Metaspace: 35646K(36288K)->35646K(36288K) NonClass: 26441K(26944K)->26441K(26944K) Class: 9204K(9344K)->9204K(9344K)
[617.352s][info][gc             ] GC(1625) Pause Young (Allocation Failure) 659M->361M(648M) 1.888ms
[617.352s][info][gc,cpu         ] GC(1625) User=0.00s Sys=0.00s Real=0.01s
[618.204s][info][gc,start       ] GC(1626) Pause Young (Allocation Failure)
[618.206s][info][gc,heap        ] GC(1626) PSYoungGen: 292928K(293376K)->64K(281600K) Eden: 292864K(292864K)->0K(281088K) From: 64K(512K)->64K(512K)
[618.206s][info][gc,heap        ] GC(1626) ParOldGen: 370134K(370176K)->370142K(370176K)
[618.206s][info][gc,metaspace   ] GC(1626) Metaspace: 35646K(36288K)->35646K(36288K) NonClass: 26441K(26944K)->26441K(26944K) Class: 9204K(9344K)->9204K(9344K)
[618.206s][info][gc             ] GC(1626) Pause Young (Allocation Failure) 647M->361M(636M) 1.954ms
[618.206s][info][gc,cpu         ] GC(1626) User=0.00s Sys=0.00s Real=0.00s
[618.547s][info][gc,start       ] GC(1627) Pause Young (Allocation Failure)
[618.549s][info][gc,heap        ] GC(1627) PSYoungGen: 281152K(281600K)->64K(281600K) Eden: 281088K(281088K)->0K(269824K) From: 64K(512K)->64K(11776K)
[618.549s][info][gc,heap        ] GC(1627) ParOldGen: 370142K(370176K)->370150K(370176K)
[618.549s][info][gc,metaspace   ] GC(1627) Metaspace: 35646K(36288K)->35646K(36288K) NonClass: 26441K(26944K)->26441K(26944K) Class: 9204K(9344K)->9204K(9344K)
[618.549s][info][gc             ] GC(1627) Pause Young (Allocation Failure) 636M->361M(636M) 1.376ms
[618.549s][info][gc,cpu         ] GC(1627) User=0.00s Sys=0.00s Real=0.00s
[619.364s][info][gc,start       ] GC(1628) Pause Young (Allocation Failure)
[619.366s][info][gc,heap        ] GC(1628) PSYoungGen: 269888K(281600K)->64K(259584K) Eden: 269824K(269824K)->0K(259072K) From: 64K(11776K)->64K(512K)
[619.366s][info][gc,heap        ] GC(1628) ParOldGen: 370150K(370176K)->370166K(370176K)
[619.366s][info][gc,metaspace   ] GC(1628) Metaspace: 35646K(36288K)->35646K(36288K) NonClass: 26441K(26944K)->26441K(26944K) Class: 9204K(9344K)->9204K(9344K)
[619.366s][info][gc             ] GC(1628) Pause Young (Allocation Failure) 625M->361M(615M) 2.257ms
[619.366s][info][gc,cpu         ] GC(1628) User=0.00s Sys=0.00s Real=0.00s
[619.966s][info][gc,start       ] GC(1629) Pause Young (Allocation Failure)
[619.969s][info][gc,heap        ] GC(1629) PSYoungGen: 259136K(259584K)->64K(259072K) Eden: 259072K(259072K)->0K(248832K) From: 64K(512K)->64K(10240K)
[619.969s][info][gc,heap        ] GC(1629) ParOldGen: 370166K(370176K)->370182K(370688K)
[619.969s][info][gc,metaspace   ] GC(1629) Metaspace: 35646K(36288K)->35646K(36288K) NonClass: 26441K(26944K)->26441K(26944K) Class: 9204K(9344K)->9204K(9344K)
[619.969s][info][gc             ] GC(1629) Pause Young (Allocation Failure) 614M->361M(615M) 2.539ms
[619.969s][info][gc,cpu         ] GC(1629) User=0.00s Sys=0.00s Real=0.00s
[620.316s][info][gc,start       ] GC(1630) Pause Young (Allocation Failure)
[620.319s][info][gc,heap        ] GC(1630) PSYoungGen: 248896K(259072K)->64K(239616K) Eden: 248832K(248832K)->0K(239104K) From: 64K(10240K)->64K(512K)
[620.319s][info][gc,heap        ] GC(1630) ParOldGen: 370182K(370688K)->370198K(370688K)
[620.319s][info][gc,metaspace   ] GC(1630) Metaspace: 35646K(36288K)->35646K(36288K) NonClass: 26441K(26944K)->26441K(26944K) Class: 9204K(9344K)->9204K(9344K)
[620.319s][info][gc             ] GC(1630) Pause Young (Allocation Failure) 604M->361M(596M) 3.218ms
[620.319s][info][gc,cpu         ] GC(1630) User=0.00s Sys=0.00s Real=0.00s
[620.415s][info][gc,start       ] GC(1631) Pause Young (Allocation Failure)
[620.417s][info][gc,heap        ] GC(1631) PSYoungGen: 239168K(239616K)->32K(238592K) Eden: 239104K(239104K)->0K(229888K) From: 64K(512K)->32K(8704K)
[620.417s][info][gc,heap        ] GC(1631) ParOldGen: 370198K(370688K)->370214K(370688K)
[620.417s][info][gc,metaspace   ] GC(1631) Metaspace: 35646K(36288K)->35646K(36288K) NonClass: 26441K(26944K)->26441K(26944K) Class: 9204K(9344K)->9204K(9344K)
[620.417s][info][gc             ] GC(1631) Pause Young (Allocation Failure) 595M->361M(595M) 2.005ms
[620.417s][info][gc,cpu         ] GC(1631) User=0.00s Sys=0.00s Real=0.00s
[620.971s][info][gc,start       ] GC(1632) Pause Young (Allocation Failure)
[620.973s][info][gc,heap        ] GC(1632) PSYoungGen: 229920K(238592K)->64K(221696K) Eden: 229888K(229888K)->0K(221184K) From: 32K(8704K)->64K(512K)
[620.973s][info][gc,heap        ] GC(1632) ParOldGen: 370214K(370688K)->370222K(370688K)
[620.973s][info][gc,metaspace   ] GC(1632) Metaspace: 35646K(36288K)->35646K(36288K) NonClass: 26441K(26944K)->26441K(26944K) Class: 9204K(9344K)->9204K(9344K)
[620.973s][info][gc             ] GC(1632) Pause Young (Allocation Failure) 586M->361M(578M) 2.029ms
[620.973s][info][gc,cpu         ] GC(1632) User=0.01s Sys=0.00s Real=0.01s
[621.174s][info][gc,start       ] GC(1633) Pause Young (Allocation Failure)
[621.175s][info][gc,heap        ] GC(1633) PSYoungGen: 221248K(221696K)->64K(220672K) Eden: 221184K(221184K)->0K(212992K) From: 64K(512K)->64K(7680K)
[621.175s][info][gc,heap        ] GC(1633) ParOldGen: 370222K(370688K)->370230K(370688K)
[621.175s][info][gc,metaspace   ] GC(1633) Metaspace: 35646K(36288K)->35646K(36288K) NonClass: 26441K(26944K)->26441K(26944K) Class: 9204K(9344K)->9204K(9344K)
[621.175s][info][gc             ] GC(1633) Pause Young (Allocation Failure) 577M->361M(577M) 1.444ms
[621.175s][info][gc,cpu         ] GC(1633) User=0.00s Sys=0.00s Real=0.00s
[621.472s][info][gc,start       ] GC(1634) Pause Young (Allocation Failure)
[621.497s][info][gc,heap        ] GC(1634) PSYoungGen: 213056K(220672K)->7168K(262144K) Eden: 212992K(212992K)->0K(254976K) From: 64K(7680K)->7168K(7168K)
[621.497s][info][gc,heap        ] GC(1634) ParOldGen: 370230K(370688K)->376734K(376832K)
[621.497s][info][gc,metaspace   ] GC(1634) Metaspace: 35646K(36288K)->35646K(36288K) NonClass: 26441K(26944K)->26441K(26944K) Class: 9204K(9344K)->9204K(9344K)
[621.497s][info][gc             ] GC(1634) Pause Young (Allocation Failure) 569M->374M(624M) 25.702ms
[621.497s][info][gc,cpu         ] GC(1634) User=0.05s Sys=0.01s Real=0.03s
[621.805s][info][gc,start       ] GC(1635) Pause Young (Allocation Failure)
[621.863s][info][gc,heap        ] GC(1635) PSYoungGen: 262144K(262144K)->11264K(269312K) Eden: 254976K(254976K)->0K(258048K) From: 7168K(7168K)->11264K(11264K)
[621.863s][info][gc,heap        ] GC(1635) ParOldGen: 376734K(376832K)->394494K(394752K)
[621.863s][info][gc,metaspace   ] GC(1635) Metaspace: 35646K(36288K)->35646K(36288K) NonClass: 26441K(26944K)->26441K(26944K) Class: 9204K(9344K)->9204K(9344K)
[621.863s][info][gc             ] GC(1635) Pause Young (Allocation Failure) 623M->396M(648M) 57.708ms
[621.863s][info][gc,cpu         ] GC(1635) User=0.11s Sys=0.01s Real=0.06s
[622.099s][info][gc,start       ] GC(1636) Pause Young (Allocation Failure)
[622.147s][info][gc,heap        ] GC(1636) PSYoungGen: 269312K(269312K)->20128K(305152K) Eden: 258048K(258048K)->0K(284672K) From: 11264K(11264K)->20128K(20480K)
[622.147s][info][gc,heap        ] GC(1636) ParOldGen: 394494K(394752K)->394974K(395264K)
[622.147s][info][gc,metaspace   ] GC(1636) Metaspace: 35646K(36288K)->35646K(36288K) NonClass: 26441K(26944K)->26441K(26944K) Class: 9204K(9344K)->9204K(9344K)
[622.147s][info][gc             ] GC(1636) Pause Young (Allocation Failure) 648M->405M(684M) 47.979ms
[622.147s][info][gc,cpu         ] GC(1636) User=0.08s Sys=0.01s Real=0.05s
[622.419s][info][gc,start       ] GC(1637) Pause Young (Allocation Failure)
[622.420s][info][gc,heap        ] GC(1637) PSYoungGen: 304800K(305152K)->64K(309248K) Eden: 284672K(284672K)->0K(284672K) From: 20128K(20480K)->64K(24576K)
[622.420s][info][gc,heap        ] GC(1637) ParOldGen: 394974K(395264K)->394982K(395264K)
[622.420s][info][gc,metaspace   ] GC(1637) Metaspace: 35646K(36288K)->35646K(36288K) NonClass: 26441K(26944K)->26441K(26944K) Class: 9204K(9344K)->9204K(9344K)
[622.420s][info][gc             ] GC(1637) Pause Young (Allocation Failure) 683M->385M(688M) 1.548ms
[622.420s][info][gc,cpu         ] GC(1637) User=0.00s Sys=0.00s Real=0.00s
[623.067s][info][gc,start       ] GC(1638) Pause Young (Allocation Failure)
[623.068s][info][gc,heap        ] GC(1638) PSYoungGen: 284736K(309248K)->64K(307200K) Eden: 284672K(284672K)->0K(285696K) From: 64K(24576K)->64K(21504K)
[623.068s][info][gc,heap        ] GC(1638) ParOldGen: 394982K(395264K)->394990K(395264K)
[623.068s][info][gc,metaspace   ] GC(1638) Metaspace: 35646K(36288K)->35646K(36288K) NonClass: 26441K(26944K)->26441K(26944K) Class: 9204K(9344K)->9204K(9344K)
[623.068s][info][gc             ] GC(1638) Pause Young (Allocation Failure) 663M->385M(686M) 1.704ms
[623.068s][info][gc,cpu         ] GC(1638) User=0.00s Sys=0.00s Real=0.00s
[623.546s][info][gc,start       ] GC(1639) Pause Young (Allocation Failure)
[623.548s][info][gc,heap        ] GC(1639) PSYoungGen: 285760K(307200K)->64K(308736K) Eden: 285696K(285696K)->0K(285696K) From: 64K(21504K)->64K(23040K)
[623.548s][info][gc,heap        ] GC(1639) ParOldGen: 394990K(395264K)->395006K(395264K)
[623.548s][info][gc,metaspace   ] GC(1639) Metaspace: 35646K(36288K)->35646K(36288K) NonClass: 26441K(26944K)->26441K(26944K) Class: 9204K(9344K)->9204K(9344K)
[623.548s][info][gc             ] GC(1639) Pause Young (Allocation Failure) 664M->385M(687M) 1.630ms
[623.548s][info][gc,cpu         ] GC(1639) User=0.01s Sys=0.00s Real=0.00s
[623.787s][info][gc,start       ] GC(1640) Pause Young (Allocation Failure)
[623.788s][info][gc,heap        ] GC(1640) PSYoungGen: 285760K(308736K)->64K(308224K) Eden: 285696K(285696K)->0K(288768K) From: 64K(23040K)->64K(19456K)
[623.788s][info][gc,heap        ] GC(1640) ParOldGen: 395006K(395264K)->395022K(395264K)
[623.788s][info][gc,metaspace   ] GC(1640) Metaspace: 35646K(36288K)->35646K(36288K) NonClass: 26441K(26944K)->26441K(26944K) Class: 9204K(9344K)->9204K(9344K)
[623.788s][info][gc             ] GC(1640) Pause Young (Allocation Failure) 664M->385M(687M) 1.694ms
[623.788s][info][gc,cpu         ] GC(1640) User=0.01s Sys=0.00s Real=0.00s
[624.031s][info][gc,start       ] GC(1641) Pause Young (Allocation Failure)
[624.033s][info][gc,heap        ] GC(1641) PSYoungGen: 288832K(308224K)->32K(309760K) Eden: 288768K(288768K)->0K(288768K) From: 64K(19456K)->32K(20992K)
[624.033s][info][gc,heap        ] GC(1641) ParOldGen: 395022K(395264K)->395022K(395264K)
[624.033s][info][gc,metaspace   ] GC(1641) Metaspace: 35646K(36288K)->35646K(36288K) NonClass: 26441K(26944K)->26441K(26944K) Class: 9204K(9344K)->9204K(9344K)
[624.033s][info][gc             ] GC(1641) Pause Young (Allocation Failure) 667M->385M(688M) 1.543ms
[624.033s][info][gc,cpu         ] GC(1641) User=0.00s Sys=0.00s Real=0.01s
[624.375s][info][gc,start       ] GC(1642) Pause Young (Allocation Failure)
[624.376s][info][gc,heap        ] GC(1642) PSYoungGen: 288800K(309760K)->64K(310272K) Eden: 288768K(288768K)->0K(292864K) From: 32K(20992K)->64K(17408K)
[624.376s][info][gc,heap        ] GC(1642) ParOldGen: 395022K(395264K)->395022K(395264K)
[624.376s][info][gc,metaspace   ] GC(1642) Metaspace: 35646K(36288K)->35646K(36288K) NonClass: 26441K(26944K)->26441K(26944K) Class: 9204K(9344K)->9204K(9344K)
[624.376s][info][gc             ] GC(1642) Pause Young (Allocation Failure) 667M->385M(689M) 1.476ms
[624.376s][info][gc,cpu         ] GC(1642) User=0.00s Sys=0.00s Real=0.00s
[624.431s][info][gc,start       ] GC(1643) Pause Young (Allocation Failure)
[624.432s][info][gc,heap        ] GC(1643) PSYoungGen: 292928K(310272K)->64K(311808K) Eden: 292864K(292864K)->0K(292864K) From: 64K(17408K)->64K(18944K)
[624.432s][info][gc,heap        ] GC(1643) ParOldGen: 395022K(395264K)->395038K(395264K)
[624.432s][info][gc,metaspace   ] GC(1643) Metaspace: 35646K(36288K)->35646K(36288K) NonClass: 26441K(26944K)->26441K(26944K) Class: 9204K(9344K)->9204K(9344K)
[624.432s][info][gc             ] GC(1643) Pause Young (Allocation Failure) 671M->385M(690M) 1.440ms
[624.432s][info][gc,cpu         ] GC(1643) User=0.01s Sys=0.00s Real=0.01s
[624.484s][info][gc,start       ] GC(1644) Pause Young (Allocation Failure)
[624.485s][info][gc,heap        ] GC(1644) PSYoungGen: 292928K(311808K)->64K(313344K) Eden: 292864K(292864K)->0K(296960K) From: 64K(18944K)->64K(16384K)
[624.485s][info][gc,heap        ] GC(1644) ParOldGen: 395038K(395264K)->395038K(395264K)
[624.485s][info][gc,metaspace   ] GC(1644) Metaspace: 35646K(36288K)->35646K(36288K) NonClass: 26441K(26944K)->26441K(26944K) Class: 9204K(9344K)->9204K(9344K)
[624.485s][info][gc             ] GC(1644) Pause Young (Allocation Failure) 671M->385M(692M) 1.561ms
[624.485s][info][gc,cpu         ] GC(1644) User=0.00s Sys=0.00s Real=0.00s
[624.775s][info][gc,start       ] GC(1645) Pause Young (Allocation Failure)
[624.776s][info][gc,heap        ] GC(1645) PSYoungGen: 297024K(313344K)->64K(314368K) Eden: 296960K(296960K)->0K(296960K) From: 64K(16384K)->64K(17408K)
[624.776s][info][gc,heap        ] GC(1645) ParOldGen: 395038K(395264K)->395038K(395264K)
[624.776s][info][gc,metaspace   ] GC(1645) Metaspace: 35646K(36288K)->35646K(36288K) NonClass: 26441K(26944K)->26441K(26944K) Class: 9204K(9344K)->9204K(9344K)
[624.776s][info][gc             ] GC(1645) Pause Young (Allocation Failure) 675M->385M(693M) 1.496ms
[624.776s][info][gc,cpu         ] GC(1645) User=0.00s Sys=0.00s Real=0.00s
[625.028s][info][gc,start       ] GC(1646) Pause Young (Allocation Failure)
[625.030s][info][gc,heap        ] GC(1646) PSYoungGen: 297024K(314368K)->64K(314368K) Eden: 296960K(296960K)->0K(300032K) From: 64K(17408K)->64K(14336K)
[625.030s][info][gc,heap        ] GC(1646) ParOldGen: 395038K(395264K)->395054K(395264K)
[625.030s][info][gc,metaspace   ] GC(1646) Metaspace: 35647K(36288K)->35647K(36288K) NonClass: 26442K(26944K)->26442K(26944K) Class: 9204K(9344K)->9204K(9344K)
[625.030s][info][gc             ] GC(1646) Pause Young (Allocation Failure) 675M->385M(693M) 1.497ms
[625.030s][info][gc,cpu         ] GC(1646) User=0.01s Sys=0.00s Real=0.00s
[625.117s][info][gc,start       ] GC(1647) Pause Young (Allocation Failure)
[625.119s][info][gc,heap        ] GC(1647) PSYoungGen: 300096K(314368K)->64K(315392K) Eden: 300032K(300032K)->0K(300032K) From: 64K(14336K)->64K(15360K)
[625.119s][info][gc,heap        ] GC(1647) ParOldGen: 395054K(395264K)->395062K(395264K)
[625.119s][info][gc,metaspace   ] GC(1647) Metaspace: 35647K(36288K)->35647K(36288K) NonClass: 26442K(26944K)->26442K(26944K) Class: 9204K(9344K)->9204K(9344K)
[625.119s][info][gc             ] GC(1647) Pause Young (Allocation Failure) 678M->385M(694M) 1.610ms
[625.119s][info][gc,cpu         ] GC(1647) User=0.00s Sys=0.00s Real=0.00s
[625.271s][info][gc,start       ] GC(1648) Pause Young (Allocation Failure)
[625.273s][info][gc,heap        ] GC(1648) PSYoungGen: 300096K(315392K)->64K(316416K) Eden: 300032K(300032K)->0K(304128K) From: 64K(15360K)->64K(12288K)
[625.273s][info][gc,heap        ] GC(1648) ParOldGen: 395062K(395264K)->395070K(395264K)
[625.273s][info][gc,metaspace   ] GC(1648) Metaspace: 35647K(36288K)->35647K(36288K) NonClass: 26442K(26944K)->26442K(26944K) Class: 9204K(9344K)->9204K(9344K)
[625.273s][info][gc             ] GC(1648) Pause Young (Allocation Failure) 678M->385M(695M) 1.524ms
[625.273s][info][gc,cpu         ] GC(1648) User=0.00s Sys=0.00s Real=0.01s
[625.712s][info][gc,start       ] GC(1649) Pause Young (Allocation Failure)
[625.713s][info][gc,heap        ] GC(1649) PSYoungGen: 304192K(316416K)->64K(317440K) Eden: 304128K(304128K)->0K(304128K) From: 64K(12288K)->64K(13312K)
[625.713s][info][gc,heap        ] GC(1649) ParOldGen: 395070K(395264K)->395078K(395264K)
[625.713s][info][gc,metaspace   ] GC(1649) Metaspace: 35647K(36288K)->35647K(36288K) NonClass: 26442K(26944K)->26442K(26944K) Class: 9204K(9344K)->9204K(9344K)
[625.713s][info][gc             ] GC(1649) Pause Young (Allocation Failure) 682M->385M(696M) 1.559ms
[625.713s][info][gc,cpu         ] GC(1649) User=0.01s Sys=0.00s Real=0.00s
[627.116s][info][gc,start       ] GC(1650) Pause Young (Allocation Failure)
[627.118s][info][gc,heap        ] GC(1650) PSYoungGen: 304192K(317440K)->64K(292352K) Eden: 304128K(304128K)->0K(291840K) From: 64K(13312K)->64K(512K)
[627.118s][info][gc,heap        ] GC(1650) ParOldGen: 395078K(395264K)->395086K(395264K)
[627.118s][info][gc,metaspace   ] GC(1650) Metaspace: 35647K(36288K)->35647K(36288K) NonClass: 26442K(26944K)->26442K(26944K) Class: 9204K(9344K)->9204K(9344K)
[627.118s][info][gc             ] GC(1650) Pause Young (Allocation Failure) 682M->385M(671M) 2.097ms
[627.118s][info][gc,cpu         ] GC(1650) User=0.00s Sys=0.00s Real=0.00s
[627.381s][info][gc,start       ] GC(1651) Pause Young (Allocation Failure)
[627.383s][info][gc,heap        ] GC(1651) PSYoungGen: 291904K(292352K)->64K(291840K) Eden: 291840K(291840K)->0K(280064K) From: 64K(512K)->64K(11776K)
[627.383s][info][gc,heap        ] GC(1651) ParOldGen: 395086K(395264K)->395094K(395264K)
[627.383s][info][gc,metaspace   ] GC(1651) Metaspace: 35647K(36288K)->35647K(36288K) NonClass: 26442K(26944K)->26442K(26944K) Class: 9204K(9344K)->9204K(9344K)
[627.383s][info][gc             ] GC(1651) Pause Young (Allocation Failure) 670M->385M(671M) 1.453ms
[627.383s][info][gc,cpu         ] GC(1651) User=0.00s Sys=0.00s Real=0.01s
[627.859s][info][gc,start       ] GC(1652) Pause Young (Allocation Failure)
[627.861s][info][gc,heap        ] GC(1652) PSYoungGen: 280128K(291840K)->64K(269312K) Eden: 280064K(280064K)->0K(268800K) From: 64K(11776K)->64K(512K)
[627.861s][info][gc,heap        ] GC(1652) ParOldGen: 395094K(395264K)->395102K(395264K)
[627.861s][info][gc,metaspace   ] GC(1652) Metaspace: 35647K(36288K)->35647K(36288K) NonClass: 26442K(26944K)->26442K(26944K) Class: 9204K(9344K)->9204K(9344K)
[627.861s][info][gc             ] GC(1652) Pause Young (Allocation Failure) 659M->385M(649M) 2.034ms
[627.861s][info][gc,cpu         ] GC(1652) User=0.01s Sys=0.00s Real=0.00s
[628.831s][info][gc,start       ] GC(1653) Pause Young (Allocation Failure)
[628.833s][info][gc,heap        ] GC(1653) PSYoungGen: 268864K(269312K)->64K(268800K) Eden: 268800K(268800K)->0K(258560K) From: 64K(512K)->64K(10240K)
[628.833s][info][gc,heap        ] GC(1653) ParOldGen: 395102K(395264K)->395110K(395264K)
[628.833s][info][gc,metaspace   ] GC(1653) Metaspace: 35647K(36288K)->35647K(36288K) NonClass: 26442K(26944K)->26442K(26944K) Class: 9204K(9344K)->9204K(9344K)
[628.833s][info][gc             ] GC(1653) Pause Young (Allocation Failure) 648M->385M(648M) 1.553ms
[628.833s][info][gc,cpu         ] GC(1653) User=0.00s Sys=0.00s Real=0.01s
[629.203s][info][gc,start       ] GC(1654) Pause Young (Allocation Failure)
[629.204s][info][gc,heap        ] GC(1654) PSYoungGen: 258624K(268800K)->64K(248832K) Eden: 258560K(258560K)->0K(248320K) From: 64K(10240K)->64K(512K)
[629.204s][info][gc,heap        ] GC(1654) ParOldGen: 395110K(395264K)->395126K(395264K)
[629.204s][info][gc,metaspace   ] GC(1654) Metaspace: 35647K(36288K)->35647K(36288K) NonClass: 26442K(26944K)->26442K(26944K) Class: 9204K(9344K)->9204K(9344K)
[629.204s][info][gc             ] GC(1654) Pause Young (Allocation Failure) 638M->385M(629M) 1.775ms
[629.204s][info][gc,cpu         ] GC(1654) User=0.00s Sys=0.01s Real=0.00s
[629.296s][info][gc,start       ] GC(1655) Pause Young (Allocation Failure)
[629.298s][info][gc,heap        ] GC(1655) PSYoungGen: 248384K(248832K)->64K(247808K) Eden: 248320K(248320K)->0K(238592K) From: 64K(512K)->64K(9216K)
[629.298s][info][gc,heap        ] GC(1655) ParOldGen: 395126K(395264K)->395134K(395264K)
[629.298s][info][gc,metaspace   ] GC(1655) Metaspace: 35647K(36288K)->35647K(36288K) NonClass: 26442K(26944K)->26442K(26944K) Class: 9204K(9344K)->9204K(9344K)
[629.298s][info][gc             ] GC(1655) Pause Young (Allocation Failure) 628M->385M(628M) 1.744ms
[629.298s][info][gc,cpu         ] GC(1655) User=0.01s Sys=0.00s Real=0.00s
[629.853s][info][gc,start       ] GC(1656) Pause Young (Allocation Failure)
[629.855s][info][gc,heap        ] GC(1656) PSYoungGen: 238656K(247808K)->64K(229888K) Eden: 238592K(238592K)->0K(229376K) From: 64K(9216K)->64K(512K)
[629.855s][info][gc,heap        ] GC(1656) ParOldGen: 395134K(395264K)->395142K(395264K)
[629.855s][info][gc,metaspace   ] GC(1656) Metaspace: 35647K(36288K)->35647K(36288K) NonClass: 26442K(26944K)->26442K(26944K) Class: 9204K(9344K)->9204K(9344K)
[629.855s][info][gc             ] GC(1656) Pause Young (Allocation Failure) 618M->385M(610M) 2.062ms
[629.855s][info][gc,cpu         ] GC(1656) User=0.00s Sys=0.00s Real=0.00s
[630.073s][info][gc,start       ] GC(1657) Pause Young (Allocation Failure)
[630.074s][info][gc,heap        ] GC(1657) PSYoungGen: 229440K(229888K)->64K(228352K) Eden: 229376K(229376K)->0K(220672K) From: 64K(512K)->64K(7680K)
[630.074s][info][gc,heap        ] GC(1657) ParOldGen: 395142K(395264K)->395150K(395264K)
[630.074s][info][gc,metaspace   ] GC(1657) Metaspace: 35647K(36288K)->35647K(36288K) NonClass: 26442K(26944K)->26442K(26944K) Class: 9204K(9344K)->9204K(9344K)
[630.074s][info][gc             ] GC(1657) Pause Young (Allocation Failure) 609M->385M(609M) 1.422ms
[630.074s][info][gc,cpu         ] GC(1657) User=0.00s Sys=0.00s Real=0.00s
[630.380s][info][gc,start       ] GC(1658) Pause Young (Allocation Failure)
[630.409s][info][gc,heap        ] GC(1658) PSYoungGen: 220736K(228352K)->7168K(271360K) Eden: 220672K(220672K)->0K(264192K) From: 64K(7680K)->7168K(7168K)
[630.409s][info][gc,heap        ] GC(1658) ParOldGen: 395150K(395264K)->403022K(403456K)
[630.409s][info][gc,metaspace   ] GC(1658) Metaspace: 35647K(36288K)->35647K(36288K) NonClass: 26442K(26944K)->26442K(26944K) Class: 9204K(9344K)->9204K(9344K)
[630.409s][info][gc             ] GC(1658) Pause Young (Allocation Failure) 601M->400M(659M) 28.918ms
[630.409s][info][gc,cpu         ] GC(1658) User=0.05s Sys=0.00s Real=0.03s
[630.731s][info][gc,start       ] GC(1659) Pause Young (Allocation Failure)
[630.793s][info][gc,heap        ] GC(1659) PSYoungGen: 271360K(271360K)->11776K(282112K) Eden: 264192K(264192K)->0K(270336K) From: 7168K(7168K)->11776K(11776K)
[630.793s][info][gc,heap        ] GC(1659) ParOldGen: 403022K(403456K)->421350K(421376K)
[630.793s][info][gc,metaspace   ] GC(1659) Metaspace: 35647K(36288K)->35647K(36288K) NonClass: 26442K(26944K)->26442K(26944K) Class: 9204K(9344K)->9204K(9344K)
[630.793s][info][gc             ] GC(1659) Pause Young (Allocation Failure) 658M->422M(687M) 61.451ms
[630.793s][info][gc,cpu         ] GC(1659) User=0.11s Sys=0.02s Real=0.07s
[631.015s][info][gc,start       ] GC(1660) Pause Young (Allocation Failure)
[631.057s][info][gc,heap        ] GC(1660) PSYoungGen: 282112K(282112K)->17728K(306176K) Eden: 270336K(270336K)->0K(284672K) From: 11776K(11776K)->17728K(21504K)
[631.057s][info][gc,heap        ] GC(1660) ParOldGen: 421350K(421376K)->421846K(421888K)
[631.057s][info][gc,metaspace   ] GC(1660) Metaspace: 35647K(36288K)->35647K(36288K) NonClass: 26442K(26944K)->26442K(26944K) Class: 9204K(9344K)->9204K(9344K)
[631.057s][info][gc             ] GC(1660) Pause Young (Allocation Failure) 686M->429M(711M) 41.827ms
[631.057s][info][gc,cpu         ] GC(1660) User=0.07s Sys=0.01s Real=0.04s
[631.400s][info][gc,start       ] GC(1661) Pause Young (Allocation Failure)
[631.401s][info][gc,heap        ] GC(1661) PSYoungGen: 302400K(306176K)->64K(309248K) Eden: 284672K(284672K)->0K(284672K) From: 17728K(21504K)->64K(24576K)
[631.402s][info][gc,heap        ] GC(1661) ParOldGen: 421846K(421888K)->421854K(421888K)
[631.402s][info][gc,metaspace   ] GC(1661) Metaspace: 35647K(36288K)->35647K(36288K) NonClass: 26442K(26944K)->26442K(26944K) Class: 9204K(9344K)->9204K(9344K)
[631.402s][info][gc             ] GC(1661) Pause Young (Allocation Failure) 707M->412M(714M) 1.508ms
[631.402s][info][gc,cpu         ] GC(1661) User=0.01s Sys=0.00s Real=0.00s
[632.007s][info][gc,start       ] GC(1662) Pause Young (Allocation Failure)
[632.009s][info][gc,heap        ] GC(1662) PSYoungGen: 284736K(309248K)->64K(307200K) Eden: 284672K(284672K)->0K(285696K) From: 64K(24576K)->64K(21504K)
[632.009s][info][gc,heap        ] GC(1662) ParOldGen: 421854K(421888K)->421862K(421888K)
[632.009s][info][gc,metaspace   ] GC(1662) Metaspace: 35647K(36288K)->35647K(36288K) NonClass: 26442K(26944K)->26442K(26944K) Class: 9204K(9344K)->9204K(9344K)
[632.009s][info][gc             ] GC(1662) Pause Young (Allocation Failure) 690M->412M(712M) 1.610ms
[632.009s][info][gc,cpu         ] GC(1662) User=0.00s Sys=0.00s Real=0.00s
[632.475s][info][gc,start       ] GC(1663) Pause Young (Allocation Failure)
[632.477s][info][gc,heap        ] GC(1663) PSYoungGen: 285760K(307200K)->64K(308736K) Eden: 285696K(285696K)->0K(285696K) From: 64K(21504K)->64K(23040K)
[632.477s][info][gc,heap        ] GC(1663) ParOldGen: 421862K(421888K)->421878K(421888K)
[632.477s][info][gc,metaspace   ] GC(1663) Metaspace: 35647K(36288K)->35647K(36288K) NonClass: 26442K(26944K)->26442K(26944K) Class: 9204K(9344K)->9204K(9344K)
[632.477s][info][gc             ] GC(1663) Pause Young (Allocation Failure) 691M->412M(713M) 1.576ms
[632.477s][info][gc,cpu         ] GC(1663) User=0.01s Sys=0.00s Real=0.00s
[632.717s][info][gc,start       ] GC(1664) Pause Young (Allocation Failure)
[632.719s][info][gc,heap        ] GC(1664) PSYoungGen: 285760K(308736K)->64K(308224K) Eden: 285696K(285696K)->0K(288768K) From: 64K(23040K)->64K(19456K)
[632.719s][info][gc,heap        ] GC(1664) ParOldGen: 421878K(421888K)->421894K(422400K)
[632.719s][info][gc,metaspace   ] GC(1664) Metaspace: 35647K(36288K)->35647K(36288K) NonClass: 26442K(26944K)->26442K(26944K) Class: 9204K(9344K)->9204K(9344K)
[632.719s][info][gc             ] GC(1664) Pause Young (Allocation Failure) 691M->412M(713M) 1.557ms
[632.719s][info][gc,cpu         ] GC(1664) User=0.00s Sys=0.00s Real=0.00s
[632.963s][info][gc,start       ] GC(1665) Pause Young (Allocation Failure)
[632.964s][info][gc,heap        ] GC(1665) PSYoungGen: 288832K(308224K)->64K(309760K) Eden: 288768K(288768K)->0K(288768K) From: 64K(19456K)->64K(20992K)
[632.964s][info][gc,heap        ] GC(1665) ParOldGen: 421894K(422400K)->421894K(422400K)
[632.964s][info][gc,metaspace   ] GC(1665) Metaspace: 35647K(36288K)->35647K(36288K) NonClass: 26442K(26944K)->26442K(26944K) Class: 9204K(9344K)->9204K(9344K)
[632.964s][info][gc             ] GC(1665) Pause Young (Allocation Failure) 694M->412M(715M) 1.609ms
[632.964s][info][gc,cpu         ] GC(1665) User=0.00s Sys=0.00s Real=0.00s
[633.283s][info][gc,start       ] GC(1666) Pause Young (Allocation Failure)
[633.284s][info][gc,heap        ] GC(1666) PSYoungGen: 288832K(309760K)->64K(310272K) Eden: 288768K(288768K)->0K(292864K) From: 64K(20992K)->64K(17408K)
[633.284s][info][gc,heap        ] GC(1666) ParOldGen: 421894K(422400K)->421894K(422400K)
[633.284s][info][gc,metaspace   ] GC(1666) Metaspace: 35647K(36288K)->35647K(36288K) NonClass: 26442K(26944K)->26442K(26944K) Class: 9204K(9344K)->9204K(9344K)
[633.284s][info][gc             ] GC(1666) Pause Young (Allocation Failure) 694M->412M(715M) 1.614ms
[633.284s][info][gc,cpu         ] GC(1666) User=0.00s Sys=0.00s Real=0.00s
[633.335s][info][gc,start       ] GC(1667) Pause Young (Allocation Failure)
[633.337s][info][gc,heap        ] GC(1667) PSYoungGen: 292928K(310272K)->64K(311808K) Eden: 292864K(292864K)->0K(292864K) From: 64K(17408K)->64K(18944K)
[633.337s][info][gc,heap        ] GC(1667) ParOldGen: 421894K(422400K)->421910K(422400K)
[633.337s][info][gc,metaspace   ] GC(1667) Metaspace: 35647K(36288K)->35647K(36288K) NonClass: 26442K(26944K)->26442K(26944K) Class: 9204K(9344K)->9204K(9344K)
[633.337s][info][gc             ] GC(1667) Pause Young (Allocation Failure) 698M->412M(717M) 1.620ms
[633.337s][info][gc,cpu         ] GC(1667) User=0.01s Sys=0.00s Real=0.00s
[633.413s][info][gc,start       ] GC(1668) Pause Young (Allocation Failure)
[633.415s][info][gc,heap        ] GC(1668) PSYoungGen: 292928K(311808K)->64K(312320K) Eden: 292864K(292864K)->0K(296960K) From: 64K(18944K)->64K(15360K)
[633.415s][info][gc,heap        ] GC(1668) ParOldGen: 421910K(422400K)->421910K(422400K)
[633.415s][info][gc,metaspace   ] GC(1668) Metaspace: 35647K(36288K)->35647K(36288K) NonClass: 26442K(26944K)->26442K(26944K) Class: 9204K(9344K)->9204K(9344K)
[633.415s][info][gc             ] GC(1668) Pause Young (Allocation Failure) 698M->412M(717M) 1.576ms
[633.415s][info][gc,cpu         ] GC(1668) User=0.00s Sys=0.00s Real=0.00s
[633.706s][info][gc,start       ] GC(1669) Pause Young (Allocation Failure)
[633.708s][info][gc,heap        ] GC(1669) PSYoungGen: 297024K(312320K)->64K(313856K) Eden: 296960K(296960K)->0K(296960K) From: 64K(15360K)->64K(16896K)
[633.708s][info][gc,heap        ] GC(1669) ParOldGen: 421910K(422400K)->421926K(422400K)
[633.708s][info][gc,metaspace   ] GC(1669) Metaspace: 35647K(36288K)->35647K(36288K) NonClass: 26442K(26944K)->26442K(26944K) Class: 9204K(9344K)->9204K(9344K)
[633.708s][info][gc             ] GC(1669) Pause Young (Allocation Failure) 702M->412M(719M) 1.589ms
[633.708s][info][gc,cpu         ] GC(1669) User=0.01s Sys=0.00s Real=0.00s
[633.929s][info][gc,start       ] GC(1670) Pause Young (Allocation Failure)
[633.930s][info][gc,heap        ] GC(1670) PSYoungGen: 297024K(313856K)->64K(315392K) Eden: 296960K(296960K)->0K(301056K) From: 64K(16896K)->64K(14336K)
[633.930s][info][gc,heap        ] GC(1670) ParOldGen: 421926K(422400K)->421926K(422400K)
[633.930s][info][gc,metaspace   ] GC(1670) Metaspace: 35647K(36288K)->35647K(36288K) NonClass: 26442K(26944K)->26442K(26944K) Class: 9204K(9344K)->9204K(9344K)
[633.930s][info][gc             ] GC(1670) Pause Young (Allocation Failure) 702M->412M(720M) 1.560ms
[633.930s][info][gc,cpu         ] GC(1670) User=0.01s Sys=0.00s Real=0.00s
[634.016s][info][gc,start       ] GC(1671) Pause Young (Allocation Failure)
[634.017s][info][gc,heap        ] GC(1671) PSYoungGen: 301120K(315392K)->64K(316416K) Eden: 301056K(301056K)->0K(301056K) From: 64K(14336K)->64K(15360K)
[634.018s][info][gc,heap        ] GC(1671) ParOldGen: 421926K(422400K)->421942K(422400K)
[634.018s][info][gc,metaspace   ] GC(1671) Metaspace: 35647K(36288K)->35647K(36288K) NonClass: 26442K(26944K)->26442K(26944K) Class: 9204K(9344K)->9204K(9344K)
[634.018s][info][gc             ] GC(1671) Pause Young (Allocation Failure) 706M->412M(721M) 1.607ms
[634.018s][info][gc,cpu         ] GC(1671) User=0.00s Sys=0.00s Real=0.00s
[634.182s][info][gc,start       ] GC(1672) Pause Young (Allocation Failure)
[634.184s][info][gc,heap        ] GC(1672) PSYoungGen: 301120K(316416K)->64K(316416K) Eden: 301056K(301056K)->0K(304128K) From: 64K(15360K)->64K(12288K)
[634.184s][info][gc,heap        ] GC(1672) ParOldGen: 421942K(422400K)->421942K(422400K)
[634.184s][info][gc,metaspace   ] GC(1672) Metaspace: 35647K(36288K)->35647K(36288K) NonClass: 26442K(26944K)->26442K(26944K) Class: 9204K(9344K)->9204K(9344K)
[634.184s][info][gc             ] GC(1672) Pause Young (Allocation Failure) 706M->412M(721M) 1.659ms
[634.184s][info][gc,cpu         ] GC(1672) User=0.00s Sys=0.00s Real=0.00s
[635.154s][info][gc,start       ] GC(1673) Pause Young (Allocation Failure)
[635.155s][info][gc,heap        ] GC(1673) PSYoungGen: 304192K(316416K)->83K(317440K) Eden: 304128K(304128K)->0K(304128K) From: 64K(12288K)->83K(13312K)
[635.155s][info][gc,heap        ] GC(1673) ParOldGen: 421942K(422400K)->421950K(422400K)
[635.155s][info][gc,metaspace   ] GC(1673) Metaspace: 35647K(36288K)->35647K(36288K) NonClass: 26442K(26944K)->26442K(26944K) Class: 9204K(9344K)->9204K(9344K)
[635.155s][info][gc             ] GC(1673) Pause Young (Allocation Failure) 709M->412M(722M) 1.561ms
[635.155s][info][gc,cpu         ] GC(1673) User=0.00s Sys=0.00s Real=0.00s
[636.009s][info][gc,start       ] GC(1674) Pause Young (Allocation Failure)
[636.011s][info][gc,heap        ] GC(1674) PSYoungGen: 304211K(317440K)->64K(292352K) Eden: 304128K(304128K)->0K(291840K) From: 83K(13312K)->64K(512K)
[636.011s][info][gc,heap        ] GC(1674) ParOldGen: 421950K(422400K)->421958K(422400K)
[636.011s][info][gc,metaspace   ] GC(1674) Metaspace: 35647K(36288K)->35647K(36288K) NonClass: 26442K(26944K)->26442K(26944K) Class: 9204K(9344K)->9204K(9344K)
[636.011s][info][gc             ] GC(1674) Pause Young (Allocation Failure) 709M->412M(698M) 2.133ms
[636.011s][info][gc,cpu         ] GC(1674) User=0.00s Sys=0.00s Real=0.00s
[636.330s][info][gc,start       ] GC(1675) Pause Young (Allocation Failure)
[636.331s][info][gc,heap        ] GC(1675) PSYoungGen: 291904K(292352K)->64K(291840K) Eden: 291840K(291840K)->0K(280064K) From: 64K(512K)->64K(11776K)
[636.331s][info][gc,heap        ] GC(1675) ParOldGen: 421958K(422400K)->421974K(422400K)
[636.331s][info][gc,metaspace   ] GC(1675) Metaspace: 35647K(36288K)->35647K(36288K) NonClass: 26442K(26944K)->26442K(26944K) Class: 9204K(9344K)->9204K(9344K)
[636.331s][info][gc             ] GC(1675) Pause Young (Allocation Failure) 697M->412M(697M) 1.552ms
[636.331s][info][gc,cpu         ] GC(1675) User=0.00s Sys=0.00s Real=0.00s
[637.055s][info][gc,start       ] GC(1676) Pause Young (Allocation Failure)
[637.057s][info][gc,heap        ] GC(1676) PSYoungGen: 280128K(291840K)->64K(269312K) Eden: 280064K(280064K)->0K(268800K) From: 64K(11776K)->64K(512K)
[637.057s][info][gc,heap        ] GC(1676) ParOldGen: 421974K(422400K)->421982K(422400K)
[637.057s][info][gc,metaspace   ] GC(1676) Metaspace: 35647K(36288K)->35647K(36288K) NonClass: 26442K(26944K)->26442K(26944K) Class: 9204K(9344K)->9204K(9344K)
[637.057s][info][gc             ] GC(1676) Pause Young (Allocation Failure) 685M->412M(675M) 2.120ms
[637.057s][info][gc,cpu         ] GC(1676) User=0.01s Sys=0.01s Real=0.00s
[637.892s][info][gc,start       ] GC(1677) Pause Young (Allocation Failure)
[637.894s][info][gc,heap        ] GC(1677) PSYoungGen: 268864K(269312K)->64K(268800K) Eden: 268800K(268800K)->0K(258560K) From: 64K(512K)->64K(10240K)
[637.894s][info][gc,heap        ] GC(1677) ParOldGen: 421982K(422400K)->421990K(422400K)
[637.894s][info][gc,metaspace   ] GC(1677) Metaspace: 35647K(36288K)->35647K(36288K) NonClass: 26442K(26944K)->26442K(26944K) Class: 9204K(9344K)->9204K(9344K)
[637.894s][info][gc             ] GC(1677) Pause Young (Allocation Failure) 674M->412M(675M) 2.241ms
[637.894s][info][gc,cpu         ] GC(1677) User=0.00s Sys=0.00s Real=0.00s
[638.088s][info][gc,start       ] GC(1678) Pause Young (Allocation Failure)
[638.090s][info][gc,heap        ] GC(1678) PSYoungGen: 258624K(268800K)->64K(248832K) Eden: 258560K(258560K)->0K(248320K) From: 64K(10240K)->64K(512K)
[638.090s][info][gc,heap        ] GC(1678) ParOldGen: 421990K(422400K)->421998K(422400K)
[638.090s][info][gc,metaspace   ] GC(1678) Metaspace: 35647K(36288K)->35647K(36288K) NonClass: 26442K(26944K)->26442K(26944K) Class: 9204K(9344K)->9204K(9344K)
[638.090s][info][gc             ] GC(1678) Pause Young (Allocation Failure) 664M->412M(655M) 1.775ms
[638.090s][info][gc,cpu         ] GC(1678) User=0.01s Sys=0.00s Real=0.00s
[638.198s][info][gc,start       ] GC(1679) Pause Young (Allocation Failure)
[638.199s][info][gc,heap        ] GC(1679) PSYoungGen: 248384K(248832K)->64K(247296K) Eden: 248320K(248320K)->0K(238592K) From: 64K(512K)->64K(8704K)
[638.199s][info][gc,heap        ] GC(1679) ParOldGen: 421998K(422400K)->422006K(422400K)
[638.199s][info][gc,metaspace   ] GC(1679) Metaspace: 35647K(36288K)->35647K(36288K) NonClass: 26442K(26944K)->26442K(26944K) Class: 9204K(9344K)->9204K(9344K)
[638.199s][info][gc             ] GC(1679) Pause Young (Allocation Failure) 654M->412M(654M) 1.590ms
[638.199s][info][gc,cpu         ] GC(1679) User=0.00s Sys=0.00s Real=0.00s
[638.785s][info][gc,start       ] GC(1680) Pause Young (Allocation Failure)
[638.787s][info][gc,heap        ] GC(1680) PSYoungGen: 238656K(247296K)->64K(229888K) Eden: 238592K(238592K)->0K(229376K) From: 64K(8704K)->64K(512K)
[638.787s][info][gc,heap        ] GC(1680) ParOldGen: 422006K(422400K)->422014K(422400K)
[638.787s][info][gc,metaspace   ] GC(1680) Metaspace: 35647K(36288K)->35647K(36288K) NonClass: 26442K(26944K)->26442K(26944K) Class: 9204K(9344K)->9204K(9344K)
[638.787s][info][gc             ] GC(1680) Pause Young (Allocation Failure) 645M->412M(637M) 2.134ms
[638.787s][info][gc,cpu         ] GC(1680) User=0.00s Sys=0.00s Real=0.00s
[639.007s][info][gc,start       ] GC(1681) Pause Young (Allocation Failure)
[639.009s][info][gc,heap        ] GC(1681) PSYoungGen: 229440K(229888K)->64K(228352K) Eden: 229376K(229376K)->0K(220672K) From: 64K(512K)->64K(7680K)
[639.009s][info][gc,heap        ] GC(1681) ParOldGen: 422014K(422400K)->422022K(422400K)
[639.009s][info][gc,metaspace   ] GC(1681) Metaspace: 35647K(36288K)->35647K(36288K) NonClass: 26442K(26944K)->26442K(26944K) Class: 9204K(9344K)->9204K(9344K)
[639.009s][info][gc             ] GC(1681) Pause Young (Allocation Failure) 636M->412M(635M) 1.590ms
[639.009s][info][gc,cpu         ] GC(1681) User=0.00s Sys=0.00s Real=0.00s
[639.309s][info][gc,start       ] GC(1682) Pause Young (Allocation Failure)
[639.346s][info][gc,heap        ] GC(1682) PSYoungGen: 220736K(228352K)->7168K(271872K) Eden: 220672K(220672K)->0K(264704K) From: 64K(7680K)->7168K(7168K)
[639.346s][info][gc,heap        ] GC(1682) ParOldGen: 422022K(422400K)->433934K(434176K)
[639.346s][info][gc,metaspace   ] GC(1682) Metaspace: 35647K(36288K)->35647K(36288K) NonClass: 26442K(26944K)->26442K(26944K) Class: 9204K(9344K)->9204K(9344K)
[639.346s][info][gc             ] GC(1682) Pause Young (Allocation Failure) 627M->430M(689M) 37.586ms
[639.346s][info][gc,cpu         ] GC(1682) User=0.07s Sys=0.01s Real=0.04s
[639.670s][info][gc,start       ] GC(1683) Pause Young (Allocation Failure)
[639.732s][info][gc,heap        ] GC(1683) PSYoungGen: 271872K(271872K)->13312K(281088K) Eden: 264704K(264704K)->0K(267776K) From: 7168K(7168K)->13312K(13312K)
[639.732s][info][gc,heap        ] GC(1683) ParOldGen: 433934K(434176K)->450894K(451072K)
[639.732s][info][gc,metaspace   ] GC(1683) Metaspace: 35647K(36288K)->35647K(36288K) NonClass: 26442K(26944K)->26442K(26944K) Class: 9204K(9344K)->9204K(9344K)
[639.732s][info][gc             ] GC(1683) Pause Young (Allocation Failure) 689M->453M(715M) 62.511ms
[639.732s][info][gc,cpu         ] GC(1683) User=0.11s Sys=0.01s Real=0.07s
[639.920s][info][gc,start       ] GC(1684) Pause Young (Allocation Failure)
[639.955s][info][gc,heap        ] GC(1684) PSYoungGen: 281088K(281088K)->13632K(308224K) Eden: 267776K(267776K)->0K(285696K) From: 13312K(13312K)->13632K(22528K)
[639.955s][info][gc,heap        ] GC(1684) ParOldGen: 450894K(451072K)->451358K(451584K)
[639.955s][info][gc,metaspace   ] GC(1684) Metaspace: 35647K(36288K)->35647K(36288K) NonClass: 26442K(26944K)->26442K(26944K) Class: 9204K(9344K)->9204K(9344K)
[639.955s][info][gc             ] GC(1684) Pause Young (Allocation Failure) 714M->454M(742M) 35.616ms
[639.955s][info][gc,cpu         ] GC(1684) User=0.06s Sys=0.01s Real=0.04s
[640.381s][info][gc,start       ] GC(1685) Pause Young (Allocation Failure)
[640.382s][info][gc,heap        ] GC(1685) PSYoungGen: 299328K(308224K)->64K(309760K) Eden: 285696K(285696K)->0K(285696K) From: 13632K(22528K)->64K(24064K)
[640.382s][info][gc,heap        ] GC(1685) ParOldGen: 451358K(451584K)->451366K(451584K)
[640.382s][info][gc,metaspace   ] GC(1685) Metaspace: 35647K(36288K)->35647K(36288K) NonClass: 26442K(26944K)->26442K(26944K) Class: 9204K(9344K)->9204K(9344K)
[640.382s][info][gc             ] GC(1685) Pause Young (Allocation Failure) 733M->440M(743M) 1.619ms
[640.382s][info][gc,cpu         ] GC(1685) User=0.01s Sys=0.00s Real=0.01s
[640.964s][info][gc,start       ] GC(1686) Pause Young (Allocation Failure)
[640.966s][info][gc,heap        ] GC(1686) PSYoungGen: 285760K(309760K)->64K(308224K) Eden: 285696K(285696K)->0K(286720K) From: 64K(24064K)->64K(21504K)
[640.966s][info][gc,heap        ] GC(1686) ParOldGen: 451366K(451584K)->451374K(451584K)
[640.966s][info][gc,metaspace   ] GC(1686) Metaspace: 35647K(36288K)->35647K(36288K) NonClass: 26442K(26944K)->26442K(26944K) Class: 9204K(9344K)->9204K(9344K)
[640.966s][info][gc             ] GC(1686) Pause Young (Allocation Failure) 719M->440M(742M) 1.664ms
[640.966s][info][gc,cpu         ] GC(1686) User=0.00s Sys=0.00s Real=0.00s
[641.457s][info][gc,start       ] GC(1687) Pause Young (Allocation Failure)
[641.458s][info][gc,heap        ] GC(1687) PSYoungGen: 286784K(308224K)->64K(309248K) Eden: 286720K(286720K)->0K(286720K) From: 64K(21504K)->64K(22528K)
[641.458s][info][gc,heap        ] GC(1687) ParOldGen: 451374K(451584K)->451390K(451584K)
[641.458s][info][gc,metaspace   ] GC(1687) Metaspace: 35647K(36288K)->35647K(36288K) NonClass: 26442K(26944K)->26442K(26944K) Class: 9204K(9344K)->9204K(9344K)
[641.458s][info][gc             ] GC(1687) Pause Young (Allocation Failure) 720M->440M(743M) 1.661ms
[641.458s][info][gc,cpu         ] GC(1687) User=0.00s Sys=0.00s Real=0.00s
[641.715s][info][gc,start       ] GC(1688) Pause Young (Allocation Failure)
[641.717s][info][gc,heap        ] GC(1688) PSYoungGen: 286784K(309248K)->64K(309248K) Eden: 286720K(286720K)->0K(289792K) From: 64K(22528K)->64K(19456K)
[641.717s][info][gc,heap        ] GC(1688) ParOldGen: 451390K(451584K)->451406K(451584K)
[641.717s][info][gc,metaspace   ] GC(1688) Metaspace: 35647K(36288K)->35647K(36288K) NonClass: 26442K(26944K)->26442K(26944K) Class: 9204K(9344K)->9204K(9344K)
[641.717s][info][gc             ] GC(1688) Pause Young (Allocation Failure) 720M->440M(743M) 1.656ms
[641.717s][info][gc,cpu         ] GC(1688) User=0.01s Sys=0.00s Real=0.00s
[641.972s][info][gc,start       ] GC(1689) Pause Young (Allocation Failure)
[641.974s][info][gc,heap        ] GC(1689) PSYoungGen: 289856K(309248K)->64K(310272K) Eden: 289792K(289792K)->0K(289792K) From: 64K(19456K)->64K(20480K)
[641.974s][info][gc,heap        ] GC(1689) ParOldGen: 451406K(451584K)->451406K(451584K)
[641.974s][info][gc,metaspace   ] GC(1689) Metaspace: 35647K(36288K)->35647K(36288K) NonClass: 26442K(26944K)->26442K(26944K) Class: 9204K(9344K)->9204K(9344K)
[641.974s][info][gc             ] GC(1689) Pause Young (Allocation Failure) 723M->440M(744M) 1.699ms
[641.974s][info][gc,cpu         ] GC(1689) User=0.00s Sys=0.00s Real=0.00s
[642.294s][info][gc,start       ] GC(1690) Pause Young (Allocation Failure)
[642.296s][info][gc,heap        ] GC(1690) PSYoungGen: 289856K(310272K)->64K(312320K) Eden: 289792K(289792K)->0K(293888K) From: 64K(20480K)->64K(18432K)
[642.296s][info][gc,heap        ] GC(1690) ParOldGen: 451406K(451584K)->451406K(451584K)
[642.296s][info][gc,metaspace   ] GC(1690) Metaspace: 35647K(36288K)->35647K(36288K) NonClass: 26442K(26944K)->26442K(26944K) Class: 9204K(9344K)->9204K(9344K)
[642.296s][info][gc             ] GC(1690) Pause Young (Allocation Failure) 723M->440M(746M) 2.400ms
[642.297s][info][gc,cpu         ] GC(1690) User=0.01s Sys=0.00s Real=0.00s
[642.348s][info][gc,start       ] GC(1691) Pause Young (Allocation Failure)
[642.351s][info][gc,heap        ] GC(1691) PSYoungGen: 293952K(312320K)->64K(312832K) Eden: 293888K(293888K)->0K(293888K) From: 64K(18432K)->64K(18944K)
[642.351s][info][gc,heap        ] GC(1691) ParOldGen: 451406K(451584K)->451422K(451584K)
[642.351s][info][gc,metaspace   ] GC(1691) Metaspace: 35647K(36288K)->35647K(36288K) NonClass: 26442K(26944K)->26442K(26944K) Class: 9204K(9344K)->9204K(9344K)
[642.351s][info][gc             ] GC(1691) Pause Young (Allocation Failure) 727M->440M(746M) 2.402ms
[642.351s][info][gc,cpu         ] GC(1691) User=0.00s Sys=0.00s Real=0.00s
[642.460s][info][gc,start       ] GC(1692) Pause Young (Allocation Failure)
[642.462s][info][gc,heap        ] GC(1692) PSYoungGen: 293952K(312832K)->64K(313344K) Eden: 293888K(293888K)->0K(296960K) From: 64K(18944K)->64K(16384K)
[642.463s][info][gc,heap        ] GC(1692) ParOldGen: 451422K(451584K)->451422K(451584K)
[642.463s][info][gc,metaspace   ] GC(1692) Metaspace: 35647K(36288K)->35647K(36288K) NonClass: 26442K(26944K)->26442K(26944K) Class: 9204K(9344K)->9204K(9344K)
[642.463s][info][gc             ] GC(1692) Pause Young (Allocation Failure) 727M->440M(747M) 2.421ms
[642.463s][info][gc,cpu         ] GC(1692) User=0.01s Sys=0.00s Real=0.01s
[642.768s][info][gc,start       ] GC(1693) Pause Young (Allocation Failure)
[642.770s][info][gc,heap        ] GC(1693) PSYoungGen: 297024K(313344K)->64K(313856K) Eden: 296960K(296960K)->0K(296960K) From: 64K(16384K)->64K(16896K)
[642.770s][info][gc,heap        ] GC(1693) ParOldGen: 451422K(451584K)->451438K(451584K)
[642.770s][info][gc,metaspace   ] GC(1693) Metaspace: 35647K(36288K)->35647K(36288K) NonClass: 26442K(26944K)->26442K(26944K) Class: 9204K(9344K)->9204K(9344K)
[642.770s][info][gc             ] GC(1693) Pause Young (Allocation Failure) 730M->440M(747M) 2.294ms
[642.770s][info][gc,cpu         ] GC(1693) User=0.00s Sys=0.00s Real=0.00s
[642.970s][info][gc,start       ] GC(1694) Pause Young (Allocation Failure)
[642.973s][info][gc,heap        ] GC(1694) PSYoungGen: 297024K(313856K)->64K(315392K) Eden: 296960K(296960K)->0K(301056K) From: 64K(16896K)->64K(14336K)
[642.973s][info][gc,heap        ] GC(1694) ParOldGen: 451438K(451584K)->451438K(451584K)
[642.973s][info][gc,metaspace   ] GC(1694) Metaspace: 35647K(36288K)->35647K(36288K) NonClass: 26442K(26944K)->26442K(26944K) Class: 9204K(9344K)->9204K(9344K)
[642.973s][info][gc             ] GC(1694) Pause Young (Allocation Failure) 730M->440M(749M) 2.303ms
[642.973s][info][gc,cpu         ] GC(1694) User=0.01s Sys=0.00s Real=0.01s
[643.059s][info][gc,start       ] GC(1695) Pause Young (Allocation Failure)
[643.062s][info][gc,heap        ] GC(1695) PSYoungGen: 301120K(315392K)->64K(315904K) Eden: 301056K(301056K)->0K(301056K) From: 64K(14336K)->64K(14848K)
[643.062s][info][gc,heap        ] GC(1695) ParOldGen: 451438K(451584K)->451454K(451584K)
[643.062s][info][gc,metaspace   ] GC(1695) Metaspace: 35647K(36288K)->35647K(36288K) NonClass: 26442K(26944K)->26442K(26944K) Class: 9204K(9344K)->9204K(9344K)
[643.062s][info][gc             ] GC(1695) Pause Young (Allocation Failure) 734M->440M(749M) 3.064ms
[643.062s][info][gc,cpu         ] GC(1695) User=0.00s Sys=0.00s Real=0.01s
[643.244s][info][gc,start       ] GC(1696) Pause Young (Allocation Failure)
[643.246s][info][gc,heap        ] GC(1696) PSYoungGen: 301120K(315904K)->64K(318464K) Eden: 301056K(301056K)->0K(305152K) From: 64K(14848K)->64K(13312K)
[643.246s][info][gc,heap        ] GC(1696) ParOldGen: 451454K(451584K)->451454K(451584K)
[643.246s][info][gc,metaspace   ] GC(1696) Metaspace: 35647K(36288K)->35647K(36288K) NonClass: 26442K(26944K)->26442K(26944K) Class: 9204K(9344K)->9204K(9344K)
[643.246s][info][gc             ] GC(1696) Pause Young (Allocation Failure) 734M->440M(752M) 2.244ms
[643.246s][info][gc,cpu         ] GC(1696) User=0.01s Sys=0.00s Real=0.00s
[644.212s][info][gc,start       ] GC(1697) Pause Young (Allocation Failure)
[644.214s][info][gc,heap        ] GC(1697) PSYoungGen: 305216K(318464K)->64K(318464K) Eden: 305152K(305152K)->0K(305152K) From: 64K(13312K)->64K(13312K)
[644.214s][info][gc,heap        ] GC(1697) ParOldGen: 451454K(451584K)->451462K(451584K)
[644.214s][info][gc,metaspace   ] GC(1697) Metaspace: 35647K(36288K)->35647K(36288K) NonClass: 26442K(26944K)->26442K(26944K) Class: 9204K(9344K)->9204K(9344K)
[644.214s][info][gc             ] GC(1697) Pause Young (Allocation Failure) 738M->440M(752M) 2.406ms
[644.214s][info][gc,cpu         ] GC(1697) User=0.01s Sys=0.00s Real=0.00s
[645.090s][info][gc,start       ] GC(1698) Pause Young (Allocation Failure)
[645.092s][info][gc,heap        ] GC(1698) PSYoungGen: 305216K(318464K)->64K(320000K) Eden: 305152K(305152K)->0K(307712K) From: 64K(13312K)->64K(12288K)
[645.092s][info][gc,heap        ] GC(1698) ParOldGen: 451462K(451584K)->451470K(451584K)
[645.092s][info][gc,metaspace   ] GC(1698) Metaspace: 35647K(36288K)->35647K(36288K) NonClass: 26442K(26944K)->26442K(26944K) Class: 9204K(9344K)->9204K(9344K)
[645.092s][info][gc             ] GC(1698) Pause Young (Allocation Failure) 738M->440M(753M) 2.255ms
[645.093s][info][gc,cpu         ] GC(1698) User=0.00s Sys=0.00s Real=0.01s
[645.549s][info][gc,start       ] GC(1699) Pause Young (Allocation Failure)
[645.551s][info][gc,heap        ] GC(1699) PSYoungGen: 307776K(320000K)->64K(319488K) Eden: 307712K(307712K)->0K(307712K) From: 64K(12288K)->64K(11776K)
[645.551s][info][gc,heap        ] GC(1699) ParOldGen: 451470K(451584K)->451478K(451584K)
[645.551s][info][gc,metaspace   ] GC(1699) Metaspace: 35647K(36288K)->35647K(36288K) NonClass: 26442K(26944K)->26442K(26944K) Class: 9204K(9344K)->9204K(9344K)
[645.552s][info][gc             ] GC(1699) Pause Young (Allocation Failure) 741M->440M(753M) 2.412ms
[645.552s][info][gc,cpu         ] GC(1699) User=0.00s Sys=0.00s Real=0.00s
[646.666s][info][gc,start       ] GC(1700) Pause Young (Allocation Failure)
[646.669s][info][gc,heap        ] GC(1700) PSYoungGen: 307776K(319488K)->64K(295936K) Eden: 307712K(307712K)->0K(295424K) From: 64K(11776K)->64K(512K)
[646.669s][info][gc,heap        ] GC(1700) ParOldGen: 451478K(451584K)->451494K(451584K)
[646.669s][info][gc,metaspace   ] GC(1700) Metaspace: 35647K(36288K)->35647K(36288K) NonClass: 26442K(26944K)->26442K(26944K) Class: 9204K(9344K)->9204K(9344K)
[646.669s][info][gc             ] GC(1700) Pause Young (Allocation Failure) 741M->440M(730M) 3.158ms
[646.669s][info][gc,cpu         ] GC(1700) User=0.01s Sys=0.00s Real=0.00s
[647.098s][info][gc,start       ] GC(1701) Pause Young (Allocation Failure)
[647.101s][info][gc,heap        ] GC(1701) PSYoungGen: 295488K(295936K)->64K(293888K) Eden: 295424K(295424K)->0K(283648K) From: 64K(512K)->64K(10240K)
[647.101s][info][gc,heap        ] GC(1701) ParOldGen: 451494K(451584K)->451510K(451584K)
[647.101s][info][gc,metaspace   ] GC(1701) Metaspace: 35647K(36288K)->35647K(36288K) NonClass: 26442K(26944K)->26442K(26944K) Class: 9204K(9344K)->9204K(9344K)
[647.101s][info][gc             ] GC(1701) Pause Young (Allocation Failure) 729M->440M(728M) 2.813ms
[647.101s][info][gc,cpu         ] GC(1701) User=0.00s Sys=0.00s Real=0.00s
[647.254s][info][gc,start       ] GC(1702) Pause Young (Allocation Failure)
[647.257s][info][gc,heap        ] GC(1702) PSYoungGen: 283712K(293888K)->64K(312320K) Eden: 283648K(283648K)->0K(303104K) From: 64K(10240K)->64K(9216K)
[647.257s][info][gc,heap        ] GC(1702) ParOldGen: 451510K(451584K)->451526K(451584K)
[647.257s][info][gc,metaspace   ] GC(1702) Metaspace: 35647K(36288K)->35647K(36288K) NonClass: 26442K(26944K)->26442K(26944K) Class: 9204K(9344K)->9204K(9344K)
[647.257s][info][gc             ] GC(1702) Pause Young (Allocation Failure) 717M->441M(746M) 2.914ms
[647.257s][info][gc,cpu         ] GC(1702) User=0.00s Sys=0.00s Real=0.00s
[647.837s][info][gc,start       ] GC(1703) Pause Young (Allocation Failure)
[647.840s][info][gc,heap        ] GC(1703) PSYoungGen: 303168K(312320K)->64K(291328K) Eden: 303104K(303104K)->0K(290816K) From: 64K(9216K)->64K(512K)
[647.840s][info][gc,heap        ] GC(1703) ParOldGen: 451526K(451584K)->451542K(451584K)
[647.840s][info][gc,metaspace   ] GC(1703) Metaspace: 35647K(36288K)->35647K(36288K) NonClass: 26442K(26944K)->26442K(26944K) Class: 9204K(9344K)->9204K(9344K)
[647.840s][info][gc             ] GC(1703) Pause Young (Allocation Failure) 737M->441M(725M) 3.558ms
[647.840s][info][gc,cpu         ] GC(1703) User=0.00s Sys=0.00s Real=0.00s
[648.157s][info][gc,start       ] GC(1704) Pause Young (Allocation Failure)
[648.161s][info][gc,heap        ] GC(1704) PSYoungGen: 290880K(291328K)->64K(279552K) Eden: 290816K(290816K)->0K(279040K) From: 64K(512K)->64K(512K)
[648.161s][info][gc,heap        ] GC(1704) ParOldGen: 451542K(451584K)->451558K(451584K)
[648.161s][info][gc,metaspace   ] GC(1704) Metaspace: 35647K(36288K)->35647K(36288K) NonClass: 26442K(26944K)->26442K(26944K) Class: 9204K(9344K)->9204K(9344K)
[648.161s][info][gc             ] GC(1704) Pause Young (Allocation Failure) 725M->441M(714M) 3.275ms
[648.161s][info][gc,cpu         ] GC(1704) User=0.01s Sys=0.00s Real=0.00s
[648.530s][info][gc,start       ] GC(1705) Pause Young (Allocation Failure)
[648.603s][info][gc,heap        ] GC(1705) PSYoungGen: 279104K(279552K)->7680K(296960K) Eden: 279040K(279040K)->0K(289280K) From: 64K(512K)->7680K(7680K)
[648.603s][info][gc,heap        ] GC(1705) ParOldGen: 451558K(451584K)->471462K(471552K)
[648.603s][info][gc,metaspace   ] GC(1705) Metaspace: 35647K(36288K)->35647K(36288K) NonClass: 26442K(26944K)->26442K(26944K) Class: 9204K(9344K)->9204K(9344K)
[648.603s][info][gc             ] GC(1705) Pause Young (Allocation Failure) 713M->467M(750M) 73.292ms
[648.603s][info][gc,cpu         ] GC(1705) User=0.12s Sys=0.02s Real=0.08s
[648.957s][info][gc,start       ] GC(1706) Pause Young (Allocation Failure)
[649.035s][info][gc,heap        ] GC(1706) PSYoungGen: 296960K(296960K)->16896K(297472K) Eden: 289280K(289280K)->0K(280576K) From: 7680K(7680K)->16896K(16896K)
[649.035s][info][gc,heap        ] GC(1706) ParOldGen: 471462K(471552K)->487830K(487936K)
[649.035s][info][gc,metaspace   ] GC(1706) Metaspace: 35647K(36288K)->35647K(36288K) NonClass: 26442K(26944K)->26442K(26944K) Class: 9204K(9344K)->9204K(9344K)
[649.035s][info][gc             ] GC(1706) Pause Young (Allocation Failure) 750M->492M(767M) 77.512ms
[649.035s][info][gc,cpu         ] GC(1706) User=0.14s Sys=0.01s Real=0.08s
[649.158s][info][gc,start       ] GC(1707) Pause Young (Allocation Failure)
[649.168s][info][gc,heap        ] GC(1707) PSYoungGen: 297472K(297472K)->2368K(307200K) Eden: 280576K(280576K)->0K(280576K) From: 16896K(16896K)->2368K(26624K)
[649.168s][info][gc,heap        ] GC(1707) ParOldGen: 487830K(487936K)->488262K(488448K)
[649.168s][info][gc,metaspace   ] GC(1707) Metaspace: 35647K(36288K)->35647K(36288K) NonClass: 26442K(26944K)->26442K(26944K) Class: 9204K(9344K)->9204K(9344K)
[649.168s][info][gc             ] GC(1707) Pause Young (Allocation Failure) 766M->479M(777M) 9.941ms
[649.168s][info][gc,cpu         ] GC(1707) User=0.02s Sys=0.01s Real=0.01s
[649.852s][info][gc,start       ] GC(1708) Pause Young (Allocation Failure)
[649.854s][info][gc,heap        ] GC(1708) PSYoungGen: 282944K(307200K)->64K(304640K) Eden: 280576K(280576K)->0K(282112K) From: 2368K(26624K)->64K(22528K)
[649.854s][info][gc,heap        ] GC(1708) ParOldGen: 488262K(488448K)->488270K(488448K)
[649.854s][info][gc,metaspace   ] GC(1708) Metaspace: 35647K(36288K)->35647K(36288K) NonClass: 26442K(26944K)->26442K(26944K) Class: 9204K(9344K)->9204K(9344K)
[649.854s][info][gc             ] GC(1708) Pause Young (Allocation Failure) 753M->476M(774M) 1.935ms
[649.854s][info][gc,cpu         ] GC(1708) User=0.00s Sys=0.00s Real=0.00s
[650.251s][info][gc,start       ] GC(1709) Pause Young (Allocation Failure)
[650.253s][info][gc,heap        ] GC(1709) PSYoungGen: 282176K(304640K)->64K(306688K) Eden: 282112K(282112K)->0K(282112K) From: 64K(22528K)->64K(24576K)
[650.253s][info][gc,heap        ] GC(1709) ParOldGen: 488270K(488448K)->488278K(488448K)
[650.253s][info][gc,metaspace   ] GC(1709) Metaspace: 35647K(36288K)->35647K(36288K) NonClass: 26442K(26944K)->26442K(26944K) Class: 9204K(9344K)->9204K(9344K)
[650.253s][info][gc             ] GC(1709) Pause Young (Allocation Failure) 752M->476M(776M) 1.701ms
[650.253s][info][gc,cpu         ] GC(1709) User=0.00s Sys=0.00s Real=0.01s
[650.741s][info][gc,start       ] GC(1710) Pause Young (Allocation Failure)
[650.743s][info][gc,heap        ] GC(1710) PSYoungGen: 282176K(306688K)->64K(306176K) Eden: 282112K(282112K)->0K(285696K) From: 64K(24576K)->64K(20480K)
[650.743s][info][gc,heap        ] GC(1710) ParOldGen: 488278K(488448K)->488294K(488448K)
[650.743s][info][gc,metaspace   ] GC(1710) Metaspace: 35647K(36288K)->35647K(36288K) NonClass: 26442K(26944K)->26442K(26944K) Class: 9204K(9344K)->9204K(9344K)
[650.743s][info][gc             ] GC(1710) Pause Young (Allocation Failure) 752M->476M(776M) 1.784ms
[650.743s][info][gc,cpu         ] GC(1710) User=0.01s Sys=0.00s Real=0.01s
[650.992s][info][gc,start       ] GC(1711) Pause Young (Allocation Failure)
[650.994s][info][gc,heap        ] GC(1711) PSYoungGen: 285760K(306176K)->64K(308224K) Eden: 285696K(285696K)->0K(285696K) From: 64K(20480K)->64K(22528K)
[650.994s][info][gc,heap        ] GC(1711) ParOldGen: 488294K(488448K)->488310K(488448K)
[650.994s][info][gc,metaspace   ] GC(1711) Metaspace: 35647K(36288K)->35647K(36288K) NonClass: 26442K(26944K)->26442K(26944K) Class: 9204K(9344K)->9204K(9344K)
[650.994s][info][gc             ] GC(1711) Pause Young (Allocation Failure) 755M->476M(778M) 1.902ms
[650.994s][info][gc,cpu         ] GC(1711) User=0.01s Sys=0.00s Real=0.01s
[651.381s][info][gc,start       ] GC(1712) Pause Young (Allocation Failure)
[651.383s][info][gc,heap        ] GC(1712) PSYoungGen: 285760K(308224K)->64K(308224K) Eden: 285696K(285696K)->0K(289792K) From: 64K(22528K)->64K(18432K)
[651.383s][info][gc,heap        ] GC(1712) ParOldGen: 488310K(488448K)->488310K(488448K)
[651.383s][info][gc,metaspace   ] GC(1712) Metaspace: 35647K(36288K)->35647K(36288K) NonClass: 26442K(26944K)->26442K(26944K) Class: 9204K(9344K)->9204K(9344K)
[651.383s][info][gc             ] GC(1712) Pause Young (Allocation Failure) 755M->476M(778M) 1.774ms
[651.383s][info][gc,cpu         ] GC(1712) User=0.00s Sys=0.00s Real=0.01s
[651.494s][info][gc,start       ] GC(1713) Pause Young (Allocation Failure)
[651.496s][info][gc,heap        ] GC(1713) PSYoungGen: 289856K(308224K)->64K(310272K) Eden: 289792K(289792K)->0K(289792K) From: 64K(18432K)->64K(20480K)
[651.496s][info][gc,heap        ] GC(1713) ParOldGen: 488310K(488448K)->488326K(488448K)
[651.496s][info][gc,metaspace   ] GC(1713) Metaspace: 35647K(36288K)->35647K(36288K) NonClass: 26442K(26944K)->26442K(26944K) Class: 9204K(9344K)->9204K(9344K)
[651.496s][info][gc             ] GC(1713) Pause Young (Allocation Failure) 759M->476M(780M) 1.720ms
[651.496s][info][gc,cpu         ] GC(1713) User=0.00s Sys=0.00s Real=0.00s
[651.547s][info][gc,start       ] GC(1714) Pause Young (Allocation Failure)
[651.548s][info][gc,heap        ] GC(1714) PSYoungGen: 289856K(310272K)->64K(310272K) Eden: 289792K(289792K)->0K(293888K) From: 64K(20480K)->64K(16384K)
[651.548s][info][gc,heap        ] GC(1714) ParOldGen: 488326K(488448K)->488342K(488448K)
[651.548s][info][gc,metaspace   ] GC(1714) Metaspace: 35647K(36288K)->35647K(36288K) NonClass: 26442K(26944K)->26442K(26944K) Class: 9204K(9344K)->9204K(9344K)
[651.548s][info][gc             ] GC(1714) Pause Young (Allocation Failure) 759M->476M(780M) 1.760ms
[651.548s][info][gc,cpu         ] GC(1714) User=0.00s Sys=0.00s Real=0.00s
[651.731s][info][gc,start       ] GC(1715) Pause Young (Allocation Failure)
[651.733s][info][gc,heap        ] GC(1715) PSYoungGen: 293952K(310272K)->64K(312320K) Eden: 293888K(293888K)->0K(293888K) From: 64K(16384K)->64K(18432K)
[651.733s][info][gc,heap        ] GC(1715) ParOldGen: 488342K(488448K)->488342K(488448K)
[651.733s][info][gc,metaspace   ] GC(1715) Metaspace: 35647K(36288K)->35647K(36288K) NonClass: 26442K(26944K)->26442K(26944K) Class: 9204K(9344K)->9204K(9344K)
[651.733s][info][gc             ] GC(1715) Pause Young (Allocation Failure) 763M->476M(782M) 1.742ms
[651.733s][info][gc,cpu         ] GC(1715) User=0.01s Sys=0.00s Real=0.01s
[652.013s][info][gc,start       ] GC(1716) Pause Young (Allocation Failure)
[652.014s][info][gc,heap        ] GC(1716) PSYoungGen: 293952K(312320K)->64K(312320K) Eden: 293888K(293888K)->0K(297984K) From: 64K(18432K)->64K(14336K)
[652.014s][info][gc,heap        ] GC(1716) ParOldGen: 488342K(488448K)->488350K(488448K)
[652.014s][info][gc,metaspace   ] GC(1716) Metaspace: 35647K(36288K)->35647K(36288K) NonClass: 26442K(26944K)->26442K(26944K) Class: 9204K(9344K)->9204K(9344K)
[652.014s][info][gc             ] GC(1716) Pause Young (Allocation Failure) 763M->476M(782M) 1.691ms
[652.014s][info][gc,cpu         ] GC(1716) User=0.01s Sys=0.00s Real=0.00s
[652.160s][info][gc,start       ] GC(1717) Pause Young (Allocation Failure)
[652.162s][info][gc,heap        ] GC(1717) PSYoungGen: 298048K(312320K)->64K(314368K) Eden: 297984K(297984K)->0K(297984K) From: 64K(14336K)->64K(16384K)
[652.162s][info][gc,heap        ] GC(1717) ParOldGen: 488350K(488448K)->488358K(488448K)
[652.162s][info][gc,metaspace   ] GC(1717) Metaspace: 35647K(36288K)->35647K(36288K) NonClass: 26442K(26944K)->26442K(26944K) Class: 9204K(9344K)->9204K(9344K)
[652.162s][info][gc             ] GC(1717) Pause Young (Allocation Failure) 767M->476M(784M) 1.757ms
[652.162s][info][gc,cpu         ] GC(1717) User=0.01s Sys=0.00s Real=0.01s
[652.263s][info][gc,start       ] GC(1718) Pause Young (Allocation Failure)
[652.265s][info][gc,heap        ] GC(1718) PSYoungGen: 298048K(314368K)->64K(314368K) Eden: 297984K(297984K)->0K(302080K) From: 64K(16384K)->64K(12288K)
[652.265s][info][gc,heap        ] GC(1718) ParOldGen: 488358K(488448K)->488366K(488448K)
[652.265s][info][gc,metaspace   ] GC(1718) Metaspace: 35647K(36288K)->35647K(36288K) NonClass: 26442K(26944K)->26442K(26944K) Class: 9204K(9344K)->9204K(9344K)
[652.265s][info][gc             ] GC(1718) Pause Young (Allocation Failure) 767M->476M(784M) 1.725ms
[652.265s][info][gc,cpu         ] GC(1718) User=0.00s Sys=0.00s Real=0.00s
[652.475s][info][gc,start       ] GC(1719) Pause Young (Allocation Failure)
[652.477s][info][gc,heap        ] GC(1719) PSYoungGen: 302144K(314368K)->64K(316416K) Eden: 302080K(302080K)->0K(302080K) From: 64K(12288K)->64K(14336K)
[652.477s][info][gc,heap        ] GC(1719) ParOldGen: 488366K(488448K)->488374K(488448K)
[652.477s][info][gc,metaspace   ] GC(1719) Metaspace: 35647K(36288K)->35647K(36288K) NonClass: 26442K(26944K)->26442K(26944K) Class: 9204K(9344K)->9204K(9344K)
[652.477s][info][gc             ] GC(1719) Pause Young (Allocation Failure) 771M->476M(786M) 1.677ms
[652.477s][info][gc,cpu         ] GC(1719) User=0.00s Sys=0.00s Real=0.00s
[653.414s][info][gc,start       ] GC(1720) Pause Young (Allocation Failure)
[653.416s][info][gc,heap        ] GC(1720) PSYoungGen: 302144K(316416K)->64K(317440K) Eden: 302080K(302080K)->0K(306176K) From: 64K(14336K)->64K(11264K)
[653.416s][info][gc,heap        ] GC(1720) ParOldGen: 488374K(488448K)->488382K(488448K)
[653.416s][info][gc,metaspace   ] GC(1720) Metaspace: 35647K(36288K)->35647K(36288K) NonClass: 26442K(26944K)->26442K(26944K) Class: 9204K(9344K)->9204K(9344K)
[653.416s][info][gc             ] GC(1720) Pause Young (Allocation Failure) 771M->476M(787M) 1.826ms
[653.416s][info][gc,cpu         ] GC(1720) User=0.00s Sys=0.00s Real=0.00s
[654.397s][info][gc,start       ] GC(1721) Pause Young (Allocation Failure)
[654.399s][info][gc,heap        ] GC(1721) PSYoungGen: 306240K(317440K)->64K(294400K) Eden: 306176K(306176K)->0K(293888K) From: 64K(11264K)->64K(512K)
[654.399s][info][gc,heap        ] GC(1721) ParOldGen: 488382K(488448K)->488390K(488448K)
[654.399s][info][gc,metaspace   ] GC(1721) Metaspace: 35647K(36288K)->35647K(36288K) NonClass: 26442K(26944K)->26442K(26944K) Class: 9204K(9344K)->9204K(9344K)
[654.399s][info][gc             ] GC(1721) Pause Young (Allocation Failure) 775M->477M(764M) 2.368ms
[654.399s][info][gc,cpu         ] GC(1721) User=0.00s Sys=0.00s Real=0.00s
[654.881s][info][gc,start       ] GC(1722) Pause Young (Allocation Failure)
[654.883s][info][gc,heap        ] GC(1722) PSYoungGen: 293952K(294400K)->64K(282624K) Eden: 293888K(293888K)->0K(282112K) From: 64K(512K)->64K(512K)
[654.883s][info][gc,heap        ] GC(1722) ParOldGen: 488390K(488448K)->488398K(488448K)
[654.883s][info][gc,metaspace   ] GC(1722) Metaspace: 35647K(36288K)->35647K(36288K) NonClass: 26442K(26944K)->26442K(26944K) Class: 9204K(9344K)->9204K(9344K)
[654.883s][info][gc             ] GC(1722) Pause Young (Allocation Failure) 764M->477M(753M) 2.049ms
[654.883s][info][gc,cpu         ] GC(1722) User=0.01s Sys=0.00s Real=0.01s
[655.963s][info][gc,start       ] GC(1723) Pause Young (Allocation Failure)
[655.964s][info][gc,heap        ] GC(1723) PSYoungGen: 282176K(282624K)->64K(282112K) Eden: 282112K(282112K)->0K(270848K) From: 64K(512K)->64K(11264K)
[655.965s][info][gc,heap        ] GC(1723) ParOldGen: 488398K(488448K)->488406K(488448K)
[655.965s][info][gc,metaspace   ] GC(1723) Metaspace: 35647K(36288K)->35647K(36288K) NonClass: 26442K(26944K)->26442K(26944K) Class: 9204K(9344K)->9204K(9344K)
[655.965s][info][gc             ] GC(1723) Pause Young (Allocation Failure) 752M->477M(752M) 1.706ms
[655.965s][info][gc,cpu         ] GC(1723) User=0.00s Sys=0.00s Real=0.00s
[656.362s][info][gc,start       ] GC(1724) Pause Young (Allocation Failure)
[656.365s][info][gc,heap        ] GC(1724) PSYoungGen: 270912K(282112K)->64K(260608K) Eden: 270848K(270848K)->0K(260096K) From: 64K(11264K)->64K(512K)
[656.365s][info][gc,heap        ] GC(1724) ParOldGen: 488406K(488448K)->488414K(488448K)
[656.365s][info][gc,metaspace   ] GC(1724) Metaspace: 35647K(36288K)->35647K(36288K) NonClass: 26442K(26944K)->26442K(26944K) Class: 9204K(9344K)->9204K(9344K)
[656.365s][info][gc             ] GC(1724) Pause Young (Allocation Failure) 741M->477M(731M) 2.698ms
[656.365s][info][gc,cpu         ] GC(1724) User=0.00s Sys=0.00s Real=0.00s
[656.510s][info][gc,start       ] GC(1725) Pause Young (Allocation Failure)
[656.512s][info][gc,heap        ] GC(1725) PSYoungGen: 260160K(260608K)->64K(259584K) Eden: 260096K(260096K)->0K(249856K) From: 64K(512K)->64K(9728K)
[656.512s][info][gc,heap        ] GC(1725) ParOldGen: 488414K(488448K)->488422K(488448K)
[656.512s][info][gc,metaspace   ] GC(1725) Metaspace: 35647K(36288K)->35647K(36288K) NonClass: 26442K(26944K)->26442K(26944K) Class: 9204K(9344K)->9204K(9344K)
[656.512s][info][gc             ] GC(1725) Pause Young (Allocation Failure) 731M->477M(730M) 2.202ms
[656.512s][info][gc,cpu         ] GC(1725) User=0.01s Sys=0.00s Real=0.01s
[656.943s][info][gc,start       ] GC(1726) Pause Young (Allocation Failure)
[656.945s][info][gc,heap        ] GC(1726) PSYoungGen: 249920K(259584K)->64K(240640K) Eden: 249856K(249856K)->0K(240128K) From: 64K(9728K)->64K(512K)
[656.945s][info][gc,heap        ] GC(1726) ParOldGen: 488422K(488448K)->488430K(488448K)
[656.945s][info][gc,metaspace   ] GC(1726) Metaspace: 35647K(36288K)->35647K(36288K) NonClass: 26442K(26944K)->26442K(26944K) Class: 9204K(9344K)->9204K(9344K)
[656.945s][info][gc             ] GC(1726) Pause Young (Allocation Failure) 721M->477M(712M) 2.338ms
[656.945s][info][gc,cpu         ] GC(1726) User=0.01s Sys=0.00s Real=0.00s
[657.257s][info][gc,start       ] GC(1727) Pause Young (Allocation Failure)
[657.259s][info][gc,heap        ] GC(1727) PSYoungGen: 240192K(240640K)->64K(239104K) Eden: 240128K(240128K)->0K(230912K) From: 64K(512K)->64K(8192K)
[657.259s][info][gc,heap        ] GC(1727) ParOldGen: 488430K(488448K)->488438K(488448K)
[657.259s][info][gc,metaspace   ] GC(1727) Metaspace: 35647K(36288K)->35647K(36288K) NonClass: 26442K(26944K)->26442K(26944K) Class: 9204K(9344K)->9204K(9344K)
[657.259s][info][gc             ] GC(1727) Pause Young (Allocation Failure) 711M->477M(710M) 1.667ms
[657.259s][info][gc,cpu         ] GC(1727) User=0.00s Sys=0.00s Real=0.00s
[657.589s][info][gc,start       ] GC(1728) Pause Young (Allocation Failure)
[657.607s][info][gc,heap        ] GC(1728) PSYoungGen: 230976K(239104K)->7680K(281600K) Eden: 230912K(230912K)->0K(273920K) From: 64K(8192K)->7680K(7680K)
[657.608s][info][gc,heap        ] GC(1728) ParOldGen: 488438K(488448K)->490718K(491008K)
[657.608s][info][gc,metaspace   ] GC(1728) Metaspace: 35647K(36288K)->35647K(36288K) NonClass: 26442K(26944K)->26442K(26944K) Class: 9204K(9344K)->9204K(9344K)
[657.608s][info][gc             ] GC(1728) Pause Young (Allocation Failure) 702M->486M(754M) 18.258ms
[657.608s][info][gc,cpu         ] GC(1728) User=0.03s Sys=0.00s Real=0.02s
[657.937s][info][gc,start       ] GC(1729) Pause Young (Allocation Failure)
[657.999s][info][gc,heap        ] GC(1729) PSYoungGen: 281600K(281600K)->10240K(284160K) Eden: 273920K(273920K)->0K(273920K) From: 7680K(7680K)->10240K(10240K)
[657.999s][info][gc,heap        ] GC(1729) ParOldGen: 490718K(491008K)->511534K(512000K)
[657.999s][info][gc,metaspace   ] GC(1729) Metaspace: 35647K(36288K)->35647K(36288K) NonClass: 26442K(26944K)->26442K(26944K) Class: 9204K(9344K)->9204K(9344K)
[658.000s][info][gc             ] GC(1729) Pause Young (Allocation Failure) 754M->509M(777M) 62.550ms
[658.000s][info][gc,cpu         ] GC(1729) User=0.11s Sys=0.01s Real=0.06s
[658.256s][info][gc,start       ] GC(1730) Pause Young (Allocation Failure)
[658.307s][info][gc,heap        ] GC(1730) PSYoungGen: 284160K(284160K)->20480K(303104K) Eden: 273920K(273920K)->0K(282624K) From: 10240K(10240K)->20480K(20480K)
[658.307s][info][gc,heap        ] GC(1730) ParOldGen: 511534K(512000K)->513294K(513536K)
[658.307s][info][gc,metaspace   ] GC(1730) Metaspace: 35647K(36288K)->35647K(36288K) NonClass: 26442K(26944K)->26442K(26944K) Class: 9204K(9344K)->9204K(9344K)
[658.307s][info][gc             ] GC(1730) Pause Young (Allocation Failure) 777M->521M(797M) 51.176ms
[658.308s][info][gc,cpu         ] GC(1730) User=0.09s Sys=0.01s Real=0.05s
[658.575s][info][gc,start       ] GC(1731) Pause Young (Allocation Failure)
[658.577s][info][gc,heap        ] GC(1731) PSYoungGen: 303104K(303104K)->64K(308224K) Eden: 282624K(282624K)->0K(282624K) From: 20480K(20480K)->64K(25600K)
[658.577s][info][gc,heap        ] GC(1731) ParOldGen: 513294K(513536K)->513334K(513536K)
[658.577s][info][gc,metaspace   ] GC(1731) Metaspace: 35647K(36288K)->35647K(36288K) NonClass: 26442K(26944K)->26442K(26944K) Class: 9204K(9344K)->9204K(9344K)
[658.577s][info][gc             ] GC(1731) Pause Young (Allocation Failure) 797M->501M(802M) 2.087ms
[658.577s][info][gc,cpu         ] GC(1731) User=0.00s Sys=0.00s Real=0.00s
[659.232s][info][gc,start       ] GC(1732) Pause Young (Allocation Failure)
[659.234s][info][gc,heap        ] GC(1732) PSYoungGen: 282688K(308224K)->64K(305152K) Eden: 282624K(282624K)->0K(283648K) From: 64K(25600K)->64K(21504K)
[659.234s][info][gc,heap        ] GC(1732) ParOldGen: 513334K(513536K)->513342K(513536K)
[659.234s][info][gc,metaspace   ] GC(1732) Metaspace: 35647K(36288K)->35647K(36288K) NonClass: 26442K(26944K)->26442K(26944K) Class: 9204K(9344K)->9204K(9344K)
[659.234s][info][gc             ] GC(1732) Pause Young (Allocation Failure) 777M->501M(799M) 1.971ms
[659.234s][info][gc,cpu         ] GC(1732) User=0.01s Sys=0.00s Real=0.00s
[659.710s][info][gc,start       ] GC(1733) Pause Young (Allocation Failure)
[659.712s][info][gc,heap        ] GC(1733) PSYoungGen: 283712K(305152K)->64K(307200K) Eden: 283648K(283648K)->0K(283648K) From: 64K(21504K)->64K(23552K)
[659.712s][info][gc,heap        ] GC(1733) ParOldGen: 513342K(513536K)->513358K(513536K)
[659.712s][info][gc,metaspace   ] GC(1733) Metaspace: 35647K(36288K)->35647K(36288K) NonClass: 26442K(26944K)->26442K(26944K) Class: 9204K(9344K)->9204K(9344K)
[659.712s][info][gc             ] GC(1733) Pause Young (Allocation Failure) 778M->501M(801M) 1.833ms
[659.712s][info][gc,cpu         ] GC(1733) User=0.00s Sys=0.00s Real=0.01s
[659.949s][info][gc,start       ] GC(1734) Pause Young (Allocation Failure)
[659.951s][info][gc,heap        ] GC(1734) PSYoungGen: 283712K(307200K)->64K(308224K) Eden: 283648K(283648K)->0K(287744K) From: 64K(23552K)->64K(20480K)
[659.951s][info][gc,heap        ] GC(1734) ParOldGen: 513358K(513536K)->513374K(513536K)
[659.951s][info][gc,metaspace   ] GC(1734) Metaspace: 35647K(36288K)->35647K(36288K) NonClass: 26442K(26944K)->26442K(26944K) Class: 9204K(9344K)->9204K(9344K)
[659.951s][info][gc             ] GC(1734) Pause Young (Allocation Failure) 778M->501M(802M) 1.795ms
[659.951s][info][gc,cpu         ] GC(1734) User=0.00s Sys=0.00s Real=0.00s
[660.191s][info][gc,start       ] GC(1735) Pause Young (Allocation Failure)
[660.193s][info][gc,heap        ] GC(1735) PSYoungGen: 287808K(308224K)->64K(309760K) Eden: 287744K(287744K)->0K(287744K) From: 64K(20480K)->64K(22016K)
[660.193s][info][gc,heap        ] GC(1735) ParOldGen: 513374K(513536K)->513374K(513536K)
[660.193s][info][gc,metaspace   ] GC(1735) Metaspace: 35647K(36288K)->35647K(36288K) NonClass: 26442K(26944K)->26442K(26944K) Class: 9204K(9344K)->9204K(9344K)
[660.193s][info][gc             ] GC(1735) Pause Young (Allocation Failure) 782M->501M(804M) 1.786ms
[660.193s][info][gc,cpu         ] GC(1735) User=0.00s Sys=0.00s Real=0.01s
[660.540s][info][gc,start       ] GC(1736) Pause Young (Allocation Failure)
[660.542s][info][gc,heap        ] GC(1736) PSYoungGen: 287808K(309760K)->64K(309248K) Eden: 287744K(287744K)->0K(290816K) From: 64K(22016K)->64K(18432K)
[660.542s][info][gc,heap        ] GC(1736) ParOldGen: 513374K(513536K)->513374K(513536K)
[660.542s][info][gc,metaspace   ] GC(1736) Metaspace: 35647K(36288K)->35647K(36288K) NonClass: 26442K(26944K)->26442K(26944K) Class: 9204K(9344K)->9204K(9344K)
[660.542s][info][gc             ] GC(1736) Pause Young (Allocation Failure) 782M->501M(803M) 1.779ms
[660.542s][info][gc,cpu         ] GC(1736) User=0.00s Sys=0.00s Real=0.01s
[660.594s][info][gc,start       ] GC(1737) Pause Young (Allocation Failure)
[660.595s][info][gc,heap        ] GC(1737) PSYoungGen: 290880K(309248K)->64K(310784K) Eden: 290816K(290816K)->0K(290816K) From: 64K(18432K)->64K(19968K)
[660.595s][info][gc,heap        ] GC(1737) ParOldGen: 513374K(513536K)->513390K(513536K)
[660.595s][info][gc,metaspace   ] GC(1737) Metaspace: 35647K(36288K)->35647K(36288K) NonClass: 26442K(26944K)->26442K(26944K) Class: 9204K(9344K)->9204K(9344K)
[660.595s][info][gc             ] GC(1737) Pause Young (Allocation Failure) 785M->501M(805M) 1.742ms
[660.595s][info][gc,cpu         ] GC(1737) User=0.00s Sys=0.00s Real=0.00s
[660.646s][info][gc,start       ] GC(1738) Pause Young (Allocation Failure)
[660.648s][info][gc,heap        ] GC(1738) PSYoungGen: 290880K(310784K)->64K(311296K) Eden: 290816K(290816K)->0K(294912K) From: 64K(19968K)->64K(16384K)
[660.648s][info][gc,heap        ] GC(1738) ParOldGen: 513390K(513536K)->513390K(513536K)
[660.648s][info][gc,metaspace   ] GC(1738) Metaspace: 35647K(36288K)->35647K(36288K) NonClass: 26442K(26944K)->26442K(26944K) Class: 9204K(9344K)->9204K(9344K)
[660.648s][info][gc             ] GC(1738) Pause Young (Allocation Failure) 785M->501M(805M) 1.792ms
[660.648s][info][gc,cpu         ] GC(1738) User=0.01s Sys=0.00s Real=0.00s
[660.924s][info][gc,start       ] GC(1739) Pause Young (Allocation Failure)
[660.926s][info][gc,heap        ] GC(1739) PSYoungGen: 294976K(311296K)->64K(312832K) Eden: 294912K(294912K)->0K(294912K) From: 64K(16384K)->64K(17920K)
[660.926s][info][gc,heap        ] GC(1739) ParOldGen: 513390K(513536K)->513390K(513536K)
[660.926s][info][gc,metaspace   ] GC(1739) Metaspace: 35647K(36288K)->35647K(36288K) NonClass: 26442K(26944K)->26442K(26944K) Class: 9204K(9344K)->9204K(9344K)
[660.926s][info][gc             ] GC(1739) Pause Young (Allocation Failure) 789M->501M(807M) 1.817ms
[660.926s][info][gc,cpu         ] GC(1739) User=0.00s Sys=0.00s Real=0.00s
[661.170s][info][gc,start       ] GC(1740) Pause Young (Allocation Failure)
[661.172s][info][gc,heap        ] GC(1740) PSYoungGen: 294976K(312832K)->64K(313344K) Eden: 294912K(294912K)->0K(299008K) From: 64K(17920K)->64K(14336K)
[661.172s][info][gc,heap        ] GC(1740) ParOldGen: 513390K(513536K)->513398K(513536K)
[661.172s][info][gc,metaspace   ] GC(1740) Metaspace: 35647K(36288K)->35647K(36288K) NonClass: 26442K(26944K)->26442K(26944K) Class: 9204K(9344K)->9204K(9344K)
[661.172s][info][gc             ] GC(1740) Pause Young (Allocation Failure) 789M->501M(807M) 1.807ms
[661.172s][info][gc,cpu         ] GC(1740) User=0.01s Sys=0.00s Real=0.00s
[661.268s][info][gc,start       ] GC(1741) Pause Young (Allocation Failure)
[661.269s][info][gc,heap        ] GC(1741) PSYoungGen: 299072K(313344K)->64K(314880K) Eden: 299008K(299008K)->0K(299008K) From: 64K(14336K)->64K(15872K)
[661.269s][info][gc,heap        ] GC(1741) ParOldGen: 513398K(513536K)->513406K(513536K)
[661.269s][info][gc,metaspace   ] GC(1741) Metaspace: 35647K(36288K)->35647K(36288K) NonClass: 26442K(26944K)->26442K(26944K) Class: 9204K(9344K)->9204K(9344K)
[661.270s][info][gc             ] GC(1741) Pause Young (Allocation Failure) 793M->501M(809M) 1.825ms
[661.270s][info][gc,cpu         ] GC(1741) User=0.01s Sys=0.00s Real=0.00s
[661.413s][info][gc,start       ] GC(1742) Pause Young (Allocation Failure)
[661.415s][info][gc,heap        ] GC(1742) PSYoungGen: 299072K(314880K)->64K(315392K) Eden: 299008K(299008K)->0K(303104K) From: 64K(15872K)->64K(12288K)
[661.415s][info][gc,heap        ] GC(1742) ParOldGen: 513406K(513536K)->513414K(513536K)
[661.415s][info][gc,metaspace   ] GC(1742) Metaspace: 35647K(36288K)->35647K(36288K) NonClass: 26442K(26944K)->26442K(26944K) Class: 9204K(9344K)->9204K(9344K)
[661.415s][info][gc             ] GC(1742) Pause Young (Allocation Failure) 793M->501M(809M) 1.861ms
[661.415s][info][gc,cpu         ] GC(1742) User=0.00s Sys=0.00s Real=0.00s
[661.844s][info][gc,start       ] GC(1743) Pause Young (Allocation Failure)
[661.846s][info][gc,heap        ] GC(1743) PSYoungGen: 303168K(315392K)->64K(316928K) Eden: 303104K(303104K)->0K(303104K) From: 64K(12288K)->64K(13824K)
[661.846s][info][gc,heap        ] GC(1743) ParOldGen: 513414K(513536K)->513422K(513536K)
[661.846s][info][gc,metaspace   ] GC(1743) Metaspace: 35647K(36288K)->35647K(36288K) NonClass: 26442K(26944K)->26442K(26944K) Class: 9204K(9344K)->9204K(9344K)
[661.846s][info][gc             ] GC(1743) Pause Young (Allocation Failure) 797M->501M(811M) 1.899ms
[661.846s][info][gc,cpu         ] GC(1743) User=0.00s Sys=0.00s Real=0.00s
[662.863s][info][gc,start       ] GC(1744) Pause Young (Allocation Failure)
[662.865s][info][gc,heap        ] GC(1744) PSYoungGen: 303168K(316928K)->64K(318464K) Eden: 303104K(303104K)->0K(307200K) From: 64K(13824K)->64K(11264K)
[662.865s][info][gc,heap        ] GC(1744) ParOldGen: 513422K(513536K)->513430K(513536K)
[662.865s][info][gc,metaspace   ] GC(1744) Metaspace: 35647K(36288K)->35647K(36288K) NonClass: 26442K(26944K)->26442K(26944K) Class: 9204K(9344K)->9204K(9344K)
[662.865s][info][gc             ] GC(1744) Pause Young (Allocation Failure) 797M->501M(812M) 1.840ms
[662.865s][info][gc,cpu         ] GC(1744) User=0.01s Sys=0.00s Real=0.00s
[663.523s][info][gc,start       ] GC(1745) Pause Young (Allocation Failure)
[663.525s][info][gc,heap        ] GC(1745) PSYoungGen: 307264K(318464K)->64K(295424K) Eden: 307200K(307200K)->0K(294912K) From: 64K(11264K)->64K(512K)
[663.525s][info][gc,heap        ] GC(1745) ParOldGen: 513430K(513536K)->513438K(513536K)
[663.525s][info][gc,metaspace   ] GC(1745) Metaspace: 35647K(36288K)->35647K(36288K) NonClass: 26442K(26944K)->26442K(26944K) Class: 9204K(9344K)->9204K(9344K)
[663.525s][info][gc             ] GC(1745) Pause Young (Allocation Failure) 801M->501M(790M) 2.424ms
[663.525s][info][gc,cpu         ] GC(1745) User=0.00s Sys=0.00s Real=0.00s
[664.021s][info][gc,start       ] GC(1746) Pause Young (Allocation Failure)
[664.023s][info][gc,heap        ] GC(1746) PSYoungGen: 294976K(295424K)->64K(283648K) Eden: 294912K(294912K)->0K(283136K) From: 64K(512K)->64K(512K)
[664.023s][info][gc,heap        ] GC(1746) ParOldGen: 513438K(513536K)->513446K(513536K)
[664.023s][info][gc,metaspace   ] GC(1746) Metaspace: 35647K(36288K)->35647K(36288K) NonClass: 26442K(26944K)->26442K(26944K) Class: 9204K(9344K)->9204K(9344K)
[664.023s][info][gc             ] GC(1746) Pause Young (Allocation Failure) 789M->501M(778M) 2.410ms
[664.023s][info][gc,cpu         ] GC(1746) User=0.01s Sys=0.00s Real=0.01s
[664.999s][info][gc,start       ] GC(1747) Pause Young (Allocation Failure)
[665.001s][info][gc,heap        ] GC(1747) PSYoungGen: 283200K(283648K)->64K(282624K) Eden: 283136K(283136K)->0K(271872K) From: 64K(512K)->64K(10752K)
[665.001s][info][gc,heap        ] GC(1747) ParOldGen: 513446K(513536K)->513454K(513536K)
[665.001s][info][gc,metaspace   ] GC(1747) Metaspace: 35647K(36288K)->35647K(36288K) NonClass: 26442K(26944K)->26442K(26944K) Class: 9204K(9344K)->9204K(9344K)
[665.001s][info][gc             ] GC(1747) Pause Young (Allocation Failure) 777M->501M(777M) 1.778ms
[665.001s][info][gc,cpu         ] GC(1747) User=0.00s Sys=0.00s Real=0.00s
[665.363s][info][gc,start       ] GC(1748) Pause Young (Allocation Failure)
[665.365s][info][gc,heap        ] GC(1748) PSYoungGen: 271936K(282624K)->64K(261632K) Eden: 271872K(271872K)->0K(261120K) From: 64K(10752K)->64K(512K)
[665.365s][info][gc,heap        ] GC(1748) ParOldGen: 513454K(513536K)->513462K(513536K)
[665.365s][info][gc,metaspace   ] GC(1748) Metaspace: 35647K(36288K)->35647K(36288K) NonClass: 26442K(26944K)->26442K(26944K) Class: 9204K(9344K)->9204K(9344K)
[665.366s][info][gc             ] GC(1748) Pause Young (Allocation Failure) 766M->501M(757M) 2.228ms
[665.366s][info][gc,cpu         ] GC(1748) User=0.01s Sys=0.00s Real=0.00s
[665.508s][info][gc,start       ] GC(1749) Pause Young (Allocation Failure)
[665.510s][info][gc,heap        ] GC(1749) PSYoungGen: 261184K(261632K)->64K(260096K) Eden: 261120K(261120K)->0K(250880K) From: 64K(512K)->64K(9216K)
[665.510s][info][gc,heap        ] GC(1749) ParOldGen: 513462K(513536K)->513470K(513536K)
[665.510s][info][gc,metaspace   ] GC(1749) Metaspace: 35647K(36288K)->35647K(36288K) NonClass: 26442K(26944K)->26442K(26944K) Class: 9204K(9344K)->9204K(9344K)
[665.510s][info][gc             ] GC(1749) Pause Young (Allocation Failure) 756M->501M(755M) 1.729ms
[665.510s][info][gc,cpu         ] GC(1749) User=0.00s Sys=0.00s Real=0.00s
[666.068s][info][gc,start       ] GC(1750) Pause Young (Allocation Failure)
[666.070s][info][gc,heap        ] GC(1750) PSYoungGen: 250944K(260096K)->64K(241664K) Eden: 250880K(250880K)->0K(241152K) From: 64K(9216K)->64K(512K)
[666.070s][info][gc,heap        ] GC(1750) ParOldGen: 513470K(513536K)->513478K(513536K)
[666.070s][info][gc,metaspace   ] GC(1750) Metaspace: 35647K(36288K)->35647K(36288K) NonClass: 26442K(26944K)->26442K(26944K) Class: 9204K(9344K)->9204K(9344K)
[666.070s][info][gc             ] GC(1750) Pause Young (Allocation Failure) 746M->501M(737M) 2.534ms
[666.070s][info][gc,cpu         ] GC(1750) User=0.00s Sys=0.00s Real=0.00s
[666.350s][info][gc,start       ] GC(1751) Pause Young (Allocation Failure)
[666.352s][info][gc,heap        ] GC(1751) PSYoungGen: 241216K(241664K)->64K(240128K) Eden: 241152K(241152K)->0K(231936K) From: 64K(512K)->64K(8192K)
[666.352s][info][gc,heap        ] GC(1751) ParOldGen: 513478K(513536K)->513486K(513536K)
[666.352s][info][gc,metaspace   ] GC(1751) Metaspace: 35647K(36288K)->35647K(36288K) NonClass: 26442K(26944K)->26442K(26944K) Class: 9204K(9344K)->9204K(9344K)
[666.352s][info][gc             ] GC(1751) Pause Young (Allocation Failure) 737M->501M(736M) 1.739ms
[666.352s][info][gc,cpu         ] GC(1751) User=0.00s Sys=0.00s Real=0.01s
[666.643s][info][gc,start       ] GC(1752) Pause Young (Allocation Failure)
[666.695s][info][gc,heap        ] GC(1752) PSYoungGen: 232000K(240128K)->7680K(276992K) Eden: 231936K(231936K)->0K(269312K) From: 64K(8192K)->7680K(7680K)
[666.695s][info][gc,heap        ] GC(1752) ParOldGen: 513486K(513536K)->530526K(530944K)
[666.695s][info][gc,metaspace   ] GC(1752) Metaspace: 35647K(36288K)->35647K(36288K) NonClass: 26442K(26944K)->26442K(26944K) Class: 9204K(9344K)->9204K(9344K)
[666.695s][info][gc             ] GC(1752) Pause Young (Allocation Failure) 728M->525M(789M) 51.492ms
[666.695s][info][gc,cpu         ] GC(1752) User=0.09s Sys=0.01s Real=0.05s
[667.028s][info][gc,start       ] GC(1753) Pause Young (Allocation Failure)
[667.091s][info][gc,heap        ] GC(1753) PSYoungGen: 276992K(276992K)->15872K(285184K) Eden: 269312K(269312K)->0K(269312K) From: 7680K(7680K)->15872K(15872K)
[667.091s][info][gc,heap        ] GC(1753) ParOldGen: 530526K(530944K)->545582K(545792K)
[667.091s][info][gc,metaspace   ] GC(1753) Metaspace: 35647K(36288K)->35647K(36288K) NonClass: 26442K(26944K)->26442K(26944K) Class: 9204K(9344K)->9204K(9344K)
[667.091s][info][gc             ] GC(1753) Pause Young (Allocation Failure) 788M->548M(811M) 63.314ms
[667.091s][info][gc,cpu         ] GC(1753) User=0.11s Sys=0.01s Real=0.06s
[667.228s][info][gc,start       ] GC(1754) Pause Young (Allocation Failure)
[667.248s][info][gc,heap        ] GC(1754) PSYoungGen: 285184K(285184K)->7488K(310272K) Eden: 269312K(269312K)->0K(285696K) From: 15872K(15872K)->7488K(24576K)
[667.248s][info][gc,heap        ] GC(1754) ParOldGen: 545582K(545792K)->545982K(546304K)
[667.248s][info][gc,metaspace   ] GC(1754) Metaspace: 35647K(36288K)->35647K(36288K) NonClass: 26442K(26944K)->26442K(26944K) Class: 9204K(9344K)->9204K(9344K)
[667.248s][info][gc             ] GC(1754) Pause Young (Allocation Failure) 811M->540M(836M) 20.726ms
[667.248s][info][gc,cpu         ] GC(1754) User=0.03s Sys=0.01s Real=0.02s
[667.792s][info][gc,start       ] GC(1755) Pause Young (Allocation Failure)
[667.794s][info][gc,heap        ] GC(1755) PSYoungGen: 293184K(310272K)->64K(286208K) Eden: 285696K(285696K)->0K(285696K) From: 7488K(24576K)->64K(512K)
[667.794s][info][gc,heap        ] GC(1755) ParOldGen: 545982K(546304K)->545990K(546304K)
[667.794s][info][gc,metaspace   ] GC(1755) Metaspace: 35647K(36288K)->35647K(36288K) NonClass: 26442K(26944K)->26442K(26944K) Class: 9204K(9344K)->9204K(9344K)
[667.794s][info][gc             ] GC(1755) Pause Young (Allocation Failure) 819M->533M(813M) 1.905ms
[667.794s][info][gc,cpu         ] GC(1755) User=0.00s Sys=0.00s Real=0.00s
[668.286s][info][gc,start       ] GC(1756) Pause Young (Allocation Failure)
[668.288s][info][gc,heap        ] GC(1756) PSYoungGen: 285760K(286208K)->64K(308736K) Eden: 285696K(285696K)->0K(286208K) From: 64K(512K)->64K(22528K)
[668.288s][info][gc,heap        ] GC(1756) ParOldGen: 545990K(546304K)->545998K(546304K)
[668.288s][info][gc,metaspace   ] GC(1756) Metaspace: 35647K(36288K)->35647K(36288K) NonClass: 26442K(26944K)->26442K(26944K) Class: 9204K(9344K)->9204K(9344K)
[668.288s][info][gc             ] GC(1756) Pause Young (Allocation Failure) 812M->533M(835M) 2.055ms
[668.288s][info][gc,cpu         ] GC(1756) User=0.00s Sys=0.00s Real=0.00s
[668.767s][info][gc,start       ] GC(1757) Pause Young (Allocation Failure)
[668.769s][info][gc,heap        ] GC(1757) PSYoungGen: 286272K(308736K)->64K(308224K) Eden: 286208K(286208K)->0K(286208K) From: 64K(22528K)->64K(22016K)
[668.769s][info][gc,heap        ] GC(1757) ParOldGen: 545998K(546304K)->546014K(546304K)
[668.769s][info][gc,metaspace   ] GC(1757) Metaspace: 35647K(36288K)->35647K(36288K) NonClass: 26442K(26944K)->26442K(26944K) Class: 9204K(9344K)->9204K(9344K)
[668.769s][info][gc             ] GC(1757) Pause Young (Allocation Failure) 812M->533M(834M) 2.701ms
[668.769s][info][gc,cpu         ] GC(1757) User=0.01s Sys=0.00s Real=0.00s
[669.019s][info][gc,start       ] GC(1758) Pause Young (Allocation Failure)
[669.021s][info][gc,heap        ] GC(1758) PSYoungGen: 286272K(308224K)->64K(310784K) Eden: 286208K(286208K)->0K(289792K) From: 64K(22016K)->64K(20992K)
[669.021s][info][gc,heap        ] GC(1758) ParOldGen: 546014K(546304K)->546030K(546304K)
[669.021s][info][gc,metaspace   ] GC(1758) Metaspace: 35647K(36288K)->35647K(36288K) NonClass: 26442K(26944K)->26442K(26944K) Class: 9204K(9344K)->9204K(9344K)
[669.021s][info][gc             ] GC(1758) Pause Young (Allocation Failure) 812M->533M(837M) 2.550ms
[669.021s][info][gc,cpu         ] GC(1758) User=0.01s Sys=0.00s Real=0.00s
[669.395s][info][gc,start       ] GC(1759) Pause Young (Allocation Failure)
[669.397s][info][gc,heap        ] GC(1759) PSYoungGen: 289856K(310784K)->64K(310272K) Eden: 289792K(289792K)->0K(289792K) From: 64K(20992K)->64K(20480K)
[669.397s][info][gc,heap        ] GC(1759) ParOldGen: 546030K(546304K)->546030K(546304K)
[669.397s][info][gc,metaspace   ] GC(1759) Metaspace: 35647K(36288K)->35647K(36288K) NonClass: 26442K(26944K)->26442K(26944K) Class: 9204K(9344K)->9204K(9344K)
[669.397s][info][gc             ] GC(1759) Pause Young (Allocation Failure) 816M->533M(836M) 1.810ms
[669.397s][info][gc,cpu         ] GC(1759) User=0.00s Sys=0.00s Real=0.00s
[669.538s][info][gc,start       ] GC(1760) Pause Young (Allocation Failure)
[669.539s][info][gc,heap        ] GC(1760) PSYoungGen: 289856K(310272K)->64K(312320K) Eden: 289792K(289792K)->0K(293376K) From: 64K(20480K)->64K(18944K)
[669.539s][info][gc,heap        ] GC(1760) ParOldGen: 546030K(546304K)->546038K(546304K)
[669.539s][info][gc,metaspace   ] GC(1760) Metaspace: 35647K(36288K)->35647K(36288K) NonClass: 26442K(26944K)->26442K(26944K) Class: 9204K(9344K)->9204K(9344K)
[669.539s][info][gc             ] GC(1760) Pause Young (Allocation Failure) 816M->533M(838M) 1.784ms
[669.539s][info][gc,cpu         ] GC(1760) User=0.01s Sys=0.00s Real=0.00s
[669.591s][info][gc,start       ] GC(1761) Pause Young (Allocation Failure)
[669.593s][info][gc,heap        ] GC(1761) PSYoungGen: 293440K(312320K)->64K(311808K) Eden: 293376K(293376K)->0K(293376K) From: 64K(18944K)->64K(18432K)
[669.593s][info][gc,heap        ] GC(1761) ParOldGen: 546038K(546304K)->546054K(546304K)
[669.593s][info][gc,metaspace   ] GC(1761) Metaspace: 35647K(36288K)->35647K(36288K) NonClass: 26442K(26944K)->26442K(26944K) Class: 9204K(9344K)->9204K(9344K)
[669.593s][info][gc             ] GC(1761) Pause Young (Allocation Failure) 819M->533M(838M) 1.836ms
[669.593s][info][gc,cpu         ] GC(1761) User=0.00s Sys=0.00s Real=0.01s
[669.745s][info][gc,start       ] GC(1762) Pause Young (Allocation Failure)
[669.747s][info][gc,heap        ] GC(1762) PSYoungGen: 293440K(311808K)->64K(314368K) Eden: 293376K(293376K)->0K(297472K) From: 64K(18432K)->64K(16896K)
[669.747s][info][gc,heap        ] GC(1762) ParOldGen: 546054K(546304K)->546054K(546304K)
[669.747s][info][gc,metaspace   ] GC(1762) Metaspace: 35647K(36288K)->35647K(36288K) NonClass: 26442K(26944K)->26442K(26944K) Class: 9204K(9344K)->9204K(9344K)
[669.747s][info][gc             ] GC(1762) Pause Young (Allocation Failure) 819M->533M(840M) 1.762ms
[669.747s][info][gc,cpu         ] GC(1762) User=0.00s Sys=0.00s Real=0.00s
[670.041s][info][gc,start       ] GC(1763) Pause Young (Allocation Failure)
[670.042s][info][gc,heap        ] GC(1763) PSYoungGen: 297536K(314368K)->64K(313856K) Eden: 297472K(297472K)->0K(297472K) From: 64K(16896K)->64K(16384K)
[670.042s][info][gc,heap        ] GC(1763) ParOldGen: 546054K(546304K)->546062K(546304K)
[670.042s][info][gc,metaspace   ] GC(1763) Metaspace: 35647K(36288K)->35647K(36288K) NonClass: 26442K(26944K)->26442K(26944K) Class: 9204K(9344K)->9204K(9344K)
[670.042s][info][gc             ] GC(1763) Pause Young (Allocation Failure) 823M->533M(840M) 1.790ms
[670.042s][info][gc,cpu         ] GC(1763) User=0.00s Sys=0.00s Real=0.01s
[670.204s][info][gc,start       ] GC(1764) Pause Young (Allocation Failure)
[670.206s][info][gc,heap        ] GC(1764) PSYoungGen: 297536K(313856K)->64K(316416K) Eden: 297472K(297472K)->0K(301056K) From: 64K(16384K)->64K(15360K)
[670.206s][info][gc,heap        ] GC(1764) ParOldGen: 546062K(546304K)->546070K(546304K)
[670.206s][info][gc,metaspace   ] GC(1764) Metaspace: 35647K(36288K)->35647K(36288K) NonClass: 26442K(26944K)->26442K(26944K) Class: 9204K(9344K)->9204K(9344K)
[670.206s][info][gc             ] GC(1764) Pause Young (Allocation Failure) 823M->533M(842M) 1.845ms
[670.206s][info][gc,cpu         ] GC(1764) User=0.01s Sys=0.00s Real=0.00s
[670.297s][info][gc,start       ] GC(1765) Pause Young (Allocation Failure)
[670.299s][info][gc,heap        ] GC(1765) PSYoungGen: 301120K(316416K)->64K(315904K) Eden: 301056K(301056K)->0K(301056K) From: 64K(15360K)->64K(14848K)
[670.299s][info][gc,heap        ] GC(1765) ParOldGen: 546070K(546304K)->546078K(546304K)
[670.299s][info][gc,metaspace   ] GC(1765) Metaspace: 35647K(36288K)->35647K(36288K) NonClass: 26442K(26944K)->26442K(26944K) Class: 9204K(9344K)->9204K(9344K)
[670.299s][info][gc             ] GC(1765) Pause Young (Allocation Failure) 827M->533M(842M) 1.891ms
[670.299s][info][gc,cpu         ] GC(1765) User=0.00s Sys=0.00s Real=0.00s
[670.492s][info][gc,start       ] GC(1766) Pause Young (Allocation Failure)
[670.494s][info][gc,heap        ] GC(1766) PSYoungGen: 301120K(315904K)->64K(317952K) Eden: 301056K(301056K)->0K(304640K) From: 64K(14848K)->64K(13312K)
[670.494s][info][gc,heap        ] GC(1766) ParOldGen: 546078K(546304K)->546086K(546304K)
[670.494s][info][gc,metaspace   ] GC(1766) Metaspace: 35647K(36288K)->35647K(36288K) NonClass: 26442K(26944K)->26442K(26944K) Class: 9204K(9344K)->9204K(9344K)
[670.494s][info][gc             ] GC(1766) Pause Young (Allocation Failure) 827M->533M(844M) 1.908ms
[670.494s][info][gc,cpu         ] GC(1766) User=0.01s Sys=0.00s Real=0.00s
[671.419s][info][gc,start       ] GC(1767) Pause Young (Allocation Failure)
[671.420s][info][gc,heap        ] GC(1767) PSYoungGen: 304704K(317952K)->64K(317440K) Eden: 304640K(304640K)->0K(304640K) From: 64K(13312K)->64K(12800K)
[671.420s][info][gc,heap        ] GC(1767) ParOldGen: 546086K(546304K)->546094K(546304K)
[671.420s][info][gc,metaspace   ] GC(1767) Metaspace: 35647K(36288K)->35647K(36288K) NonClass: 26442K(26944K)->26442K(26944K) Class: 9204K(9344K)->9204K(9344K)
[671.420s][info][gc             ] GC(1767) Pause Young (Allocation Failure) 830M->533M(843M) 1.888ms
[671.420s][info][gc,cpu         ] GC(1767) User=0.01s Sys=0.00s Real=0.00s
[672.320s][info][gc,start       ] GC(1768) Pause Young (Allocation Failure)
[672.322s][info][gc,heap        ] GC(1768) PSYoungGen: 304704K(317440K)->64K(292864K) Eden: 304640K(304640K)->0K(292352K) From: 64K(12800K)->64K(512K)
[672.322s][info][gc,heap        ] GC(1768) ParOldGen: 546094K(546304K)->546102K(546304K)
[672.322s][info][gc,metaspace   ] GC(1768) Metaspace: 35647K(36288K)->35647K(36288K) NonClass: 26442K(26944K)->26442K(26944K) Class: 9204K(9344K)->9204K(9344K)
[672.322s][info][gc             ] GC(1768) Pause Young (Allocation Failure) 830M->533M(819M) 1.888ms
[672.322s][info][gc,cpu         ] GC(1768) User=0.01s Sys=0.00s Real=0.01s
[672.767s][info][gc,start       ] GC(1769) Pause Young (Allocation Failure)
[672.769s][info][gc,heap        ] GC(1769) PSYoungGen: 292416K(292864K)->64K(291840K) Eden: 292352K(292352K)->0K(280576K) From: 64K(512K)->64K(11264K)
[672.769s][info][gc,heap        ] GC(1769) ParOldGen: 546102K(546304K)->546110K(546304K)
[672.769s][info][gc,metaspace   ] GC(1769) Metaspace: 35647K(36288K)->35647K(36288K) NonClass: 26442K(26944K)->26442K(26944K) Class: 9204K(9344K)->9204K(9344K)
[672.769s][info][gc             ] GC(1769) Pause Young (Allocation Failure) 818M->533M(818M) 1.786ms
[672.769s][info][gc,cpu         ] GC(1769) User=0.00s Sys=0.00s Real=0.00s
[673.821s][info][gc,start       ] GC(1770) Pause Young (Allocation Failure)
[673.823s][info][gc,heap        ] GC(1770) PSYoungGen: 280640K(291840K)->64K(269824K) Eden: 280576K(280576K)->0K(269312K) From: 64K(11264K)->64K(512K)
[673.823s][info][gc,heap        ] GC(1770) ParOldGen: 546110K(546304K)->546118K(546304K)
[673.823s][info][gc,metaspace   ] GC(1770) Metaspace: 35647K(36288K)->35647K(36288K) NonClass: 26442K(26944K)->26442K(26944K) Class: 9204K(9344K)->9204K(9344K)
[673.823s][info][gc             ] GC(1770) Pause Young (Allocation Failure) 807M->533M(797M) 2.280ms
[673.823s][info][gc,cpu         ] GC(1770) User=0.00s Sys=0.00s Real=0.01s
[674.237s][info][gc,start       ] GC(1771) Pause Young (Allocation Failure)
[674.239s][info][gc,heap        ] GC(1771) PSYoungGen: 269376K(269824K)->64K(268288K) Eden: 269312K(269312K)->0K(258560K) From: 64K(512K)->64K(9728K)
[674.240s][info][gc,heap        ] GC(1771) ParOldGen: 546118K(546304K)->546126K(546304K)
[674.240s][info][gc,metaspace   ] GC(1771) Metaspace: 35647K(36288K)->35647K(36288K) NonClass: 26442K(26944K)->26442K(26944K) Class: 9204K(9344K)->9204K(9344K)
[674.240s][info][gc             ] GC(1771) Pause Young (Allocation Failure) 796M->533M(795M) 2.339ms
[674.240s][info][gc,cpu         ] GC(1771) User=0.01s Sys=0.00s Real=0.00s
[674.392s][info][gc,start       ] GC(1772) Pause Young (Allocation Failure)
[674.395s][info][gc,heap        ] GC(1772) PSYoungGen: 258624K(268288K)->64K(248832K) Eden: 258560K(258560K)->0K(248320K) From: 64K(9728K)->64K(512K)
[674.395s][info][gc,heap        ] GC(1772) ParOldGen: 546126K(546304K)->546134K(546304K)
[674.395s][info][gc,metaspace   ] GC(1772) Metaspace: 35647K(36288K)->35647K(36288K) NonClass: 26442K(26944K)->26442K(26944K) Class: 9204K(9344K)->9204K(9344K)
[674.395s][info][gc             ] GC(1772) Pause Young (Allocation Failure) 785M->533M(776M) 2.461ms
[674.395s][info][gc,cpu         ] GC(1772) User=0.00s Sys=0.01s Real=0.00s
[674.736s][info][gc,start       ] GC(1773) Pause Young (Allocation Failure)
[674.738s][info][gc,heap        ] GC(1773) PSYoungGen: 248384K(248832K)->64K(247296K) Eden: 248320K(248320K)->0K(238592K) From: 64K(512K)->64K(8704K)
[674.738s][info][gc,heap        ] GC(1773) ParOldGen: 546134K(546304K)->546142K(546304K)
[674.739s][info][gc,metaspace   ] GC(1773) Metaspace: 35647K(36288K)->35647K(36288K) NonClass: 26442K(26944K)->26442K(26944K) Class: 9204K(9344K)->9204K(9344K)
[674.739s][info][gc             ] GC(1773) Pause Young (Allocation Failure) 775M->533M(775M) 2.348ms
[674.739s][info][gc,cpu         ] GC(1773) User=0.00s Sys=0.00s Real=0.00s
[675.094s][info][gc,start       ] GC(1774) Pause Young (Allocation Failure)
[675.097s][info][gc,heap        ] GC(1774) PSYoungGen: 238656K(247296K)->64K(229888K) Eden: 238592K(238592K)->0K(229376K) From: 64K(8704K)->64K(512K)
[675.097s][info][gc,heap        ] GC(1774) ParOldGen: 546142K(546304K)->546150K(546304K)
[675.097s][info][gc,metaspace   ] GC(1774) Metaspace: 35647K(36288K)->35647K(36288K) NonClass: 26442K(26944K)->26442K(26944K) Class: 9204K(9344K)->9204K(9344K)
[675.097s][info][gc             ] GC(1774) Pause Young (Allocation Failure) 766M->533M(758M) 3.053ms
[675.097s][info][gc,cpu         ] GC(1774) User=0.00s Sys=0.00s Real=0.00s
[675.434s][info][gc,start       ] GC(1775) Pause Young (Allocation Failure)
[675.445s][info][gc,heap        ] GC(1775) PSYoungGen: 229440K(229888K)->5376K(279040K) Eden: 229376K(229376K)->0K(273408K) From: 64K(512K)->5376K(5632K)
[675.445s][info][gc,heap        ] GC(1775) ParOldGen: 546150K(546304K)->546158K(546304K)
[675.445s][info][gc,metaspace   ] GC(1775) Metaspace: 35647K(36288K)->35647K(36288K) NonClass: 26442K(26944K)->26442K(26944K) Class: 9204K(9344K)->9204K(9344K)
[675.445s][info][gc             ] GC(1775) Pause Young (Allocation Failure) 757M->538M(806M) 10.188ms
[675.445s][info][gc,cpu         ] GC(1775) User=0.01s Sys=0.00s Real=0.01s
[675.776s][info][gc,start       ] GC(1776) Pause Young (Allocation Failure)
[675.839s][info][gc,heap        ] GC(1776) PSYoungGen: 278784K(279040K)->8704K(274944K) Eden: 273408K(273408K)->0K(266240K) From: 5376K(5632K)->8704K(8704K)
[675.839s][info][gc,heap        ] GC(1776) ParOldGen: 546158K(546304K)->568398K(568832K)
[675.839s][info][gc,metaspace   ] GC(1776) Metaspace: 35647K(36288K)->35647K(36288K) NonClass: 26442K(26944K)->26442K(26944K) Class: 9204K(9344K)->9204K(9344K)
[675.839s][info][gc             ] GC(1776) Pause Young (Allocation Failure) 805M->563M(824M) 62.433ms
[675.839s][info][gc,cpu         ] GC(1776) User=0.10s Sys=0.02s Real=0.06s
[676.131s][info][gc,start       ] GC(1777) Pause Young (Allocation Failure)
[676.183s][info][gc,heap        ] GC(1777) PSYoungGen: 274944K(274944K)->18944K(285184K) Eden: 266240K(266240K)->0K(266240K) From: 8704K(8704K)->18944K(18944K)
[676.183s][info][gc,heap        ] GC(1777) ParOldGen: 568398K(568832K)->576398K(576512K)
[676.183s][info][gc,metaspace   ] GC(1777) Metaspace: 35647K(36288K)->35647K(36288K) NonClass: 26442K(26944K)->26442K(26944K) Class: 9204K(9344K)->9204K(9344K)
[676.183s][info][gc             ] GC(1777) Pause Young (Allocation Failure) 823M->581M(841M) 51.770ms
[676.183s][info][gc,cpu         ] GC(1777) User=0.10s Sys=0.01s Real=0.06s
[676.303s][info][gc,start       ] GC(1778) Pause Young (Allocation Failure)
[676.307s][info][gc,heap        ] GC(1778) PSYoungGen: 285184K(285184K)->64K(308736K) Eden: 266240K(266240K)->0K(283136K) From: 18944K(18944K)->64K(25600K)
[676.307s][info][gc,heap        ] GC(1778) ParOldGen: 576398K(576512K)->576606K(577024K)
[676.307s][info][gc,metaspace   ] GC(1778) Metaspace: 35647K(36288K)->35647K(36288K) NonClass: 26442K(26944K)->26442K(26944K) Class: 9204K(9344K)->9204K(9344K)
[676.307s][info][gc             ] GC(1778) Pause Young (Allocation Failure) 841M->563M(865M) 4.093ms
[676.307s][info][gc,cpu         ] GC(1778) User=0.01s Sys=0.00s Real=0.00s
[676.999s][info][gc,start       ] GC(1779) Pause Young (Allocation Failure)
[677.001s][info][gc,heap        ] GC(1779) PSYoungGen: 283200K(308736K)->64K(283648K) Eden: 283136K(283136K)->0K(283136K) From: 64K(25600K)->64K(512K)
[677.001s][info][gc,heap        ] GC(1779) ParOldGen: 576606K(577024K)->576622K(577024K)
[677.001s][info][gc,metaspace   ] GC(1779) Metaspace: 35647K(36288K)->35647K(36288K) NonClass: 26442K(26944K)->26442K(26944K) Class: 9204K(9344K)->9204K(9344K)
[677.001s][info][gc             ] GC(1779) Pause Young (Allocation Failure) 839M->563M(840M) 1.952ms
[677.001s][info][gc,cpu         ] GC(1779) User=0.00s Sys=0.00s Real=0.00s
[677.352s][info][gc,start       ] GC(1780) Pause Young (Allocation Failure)
[677.354s][info][gc,heap        ] GC(1780) PSYoungGen: 283200K(283648K)->64K(308224K) Eden: 283136K(283136K)->0K(284160K) From: 64K(512K)->64K(24064K)
[677.354s][info][gc,heap        ] GC(1780) ParOldGen: 576622K(577024K)->576622K(577024K)
[677.354s][info][gc,metaspace   ] GC(1780) Metaspace: 35647K(36288K)->35647K(36288K) NonClass: 26442K(26944K)->26442K(26944K) Class: 9204K(9344K)->9204K(9344K)
[677.354s][info][gc             ] GC(1780) Pause Young (Allocation Failure) 839M->563M(864M) 1.948ms
[677.354s][info][gc,cpu         ] GC(1780) User=0.00s Sys=0.00s Real=0.00s
[677.778s][info][gc,start       ] GC(1781) Pause Young (Allocation Failure)
[677.779s][info][gc,heap        ] GC(1781) PSYoungGen: 284224K(308224K)->64K(307200K) Eden: 284160K(284160K)->0K(284160K) From: 64K(24064K)->64K(23040K)
[677.779s][info][gc,heap        ] GC(1781) ParOldGen: 576622K(577024K)->576638K(577024K)
[677.779s][info][gc,metaspace   ] GC(1781) Metaspace: 35647K(36288K)->35647K(36288K) NonClass: 26442K(26944K)->26442K(26944K) Class: 9204K(9344K)->9204K(9344K)
[677.779s][info][gc             ] GC(1781) Pause Young (Allocation Failure) 840M->563M(863M) 1.936ms
[677.779s][info][gc,cpu         ] GC(1781) User=0.01s Sys=0.00s Real=0.00s
[678.019s][info][gc,start       ] GC(1782) Pause Young (Allocation Failure)
[678.020s][info][gc,heap        ] GC(1782) PSYoungGen: 284224K(307200K)->64K(309760K) Eden: 284160K(284160K)->0K(287744K) From: 64K(23040K)->64K(22016K)
[678.020s][info][gc,heap        ] GC(1782) ParOldGen: 576638K(577024K)->576654K(577024K)
[678.020s][info][gc,metaspace   ] GC(1782) Metaspace: 35647K(36288K)->35647K(36288K) NonClass: 26442K(26944K)->26442K(26944K) Class: 9204K(9344K)->9204K(9344K)
[678.020s][info][gc             ] GC(1782) Pause Young (Allocation Failure) 840M->563M(866M) 1.870ms
[678.020s][info][gc,cpu         ] GC(1782) User=0.00s Sys=0.00s Real=0.00s
[678.394s][info][gc,start       ] GC(1783) Pause Young (Allocation Failure)
[678.396s][info][gc,heap        ] GC(1783) PSYoungGen: 287808K(309760K)->64K(308736K) Eden: 287744K(287744K)->0K(287744K) From: 64K(22016K)->64K(20992K)
[678.396s][info][gc,heap        ] GC(1783) ParOldGen: 576654K(577024K)->576654K(577024K)
[678.396s][info][gc,metaspace   ] GC(1783) Metaspace: 35647K(36288K)->35647K(36288K) NonClass: 26442K(26944K)->26442K(26944K) Class: 9204K(9344K)->9204K(9344K)
[678.396s][info][gc             ] GC(1783) Pause Young (Allocation Failure) 844M->563M(865M) 1.874ms
[678.396s][info][gc,cpu         ] GC(1783) User=0.00s Sys=0.00s Real=0.00s
[678.460s][info][gc,start       ] GC(1784) Pause Young (Allocation Failure)
[678.462s][info][gc,heap        ] GC(1784) PSYoungGen: 287808K(308736K)->64K(311808K) Eden: 287744K(287744K)->0K(291840K) From: 64K(20992K)->64K(19968K)
[678.462s][info][gc,heap        ] GC(1784) ParOldGen: 576654K(577024K)->576662K(577024K)
[678.462s][info][gc,metaspace   ] GC(1784) Metaspace: 35647K(36288K)->35647K(36288K) NonClass: 26442K(26944K)->26442K(26944K) Class: 9204K(9344K)->9204K(9344K)
[678.462s][info][gc             ] GC(1784) Pause Young (Allocation Failure) 844M->563M(868M) 1.861ms
[678.462s][info][gc,cpu         ] GC(1784) User=0.00s Sys=0.00s Real=0.01s
[678.513s][info][gc,start       ] GC(1785) Pause Young (Allocation Failure)
[678.515s][info][gc,heap        ] GC(1785) PSYoungGen: 291904K(311808K)->64K(310784K) Eden: 291840K(291840K)->0K(291840K) From: 64K(19968K)->64K(18944K)
[678.515s][info][gc,heap        ] GC(1785) ParOldGen: 576662K(577024K)->576678K(577024K)
[678.515s][info][gc,metaspace   ] GC(1785) Metaspace: 35647K(36288K)->35647K(36288K) NonClass: 26442K(26944K)->26442K(26944K) Class: 9204K(9344K)->9204K(9344K)
[678.515s][info][gc             ] GC(1785) Pause Young (Allocation Failure) 848M->563M(867M) 1.881ms
[678.515s][info][gc,cpu         ] GC(1785) User=0.00s Sys=0.00s Real=0.00s
[678.730s][info][gc,start       ] GC(1786) Pause Young (Allocation Failure)
[678.732s][info][gc,heap        ] GC(1786) PSYoungGen: 291904K(310784K)->64K(313856K) Eden: 291840K(291840K)->0K(295936K) From: 64K(18944K)->64K(17920K)
[678.732s][info][gc,heap        ] GC(1786) ParOldGen: 576678K(577024K)->576678K(577024K)
[678.732s][info][gc,metaspace   ] GC(1786) Metaspace: 35647K(36288K)->35647K(36288K) NonClass: 26442K(26944K)->26442K(26944K) Class: 9204K(9344K)->9204K(9344K)
[678.732s][info][gc             ] GC(1786) Pause Young (Allocation Failure) 848M->563M(870M) 1.879ms
[678.732s][info][gc,cpu         ] GC(1786) User=0.00s Sys=0.00s Real=0.00s
[679.002s][info][gc,start       ] GC(1787) Pause Young (Allocation Failure)
[679.004s][info][gc,heap        ] GC(1787) PSYoungGen: 296000K(313856K)->64K(312832K) Eden: 295936K(295936K)->0K(295936K) From: 64K(17920K)->64K(16896K)
[679.004s][info][gc,heap        ] GC(1787) ParOldGen: 576678K(577024K)->576686K(577024K)
[679.004s][info][gc,metaspace   ] GC(1787) Metaspace: 35647K(36288K)->35647K(36288K) NonClass: 26442K(26944K)->26442K(26944K) Class: 9204K(9344K)->9204K(9344K)
[679.004s][info][gc             ] GC(1787) Pause Young (Allocation Failure) 852M->563M(869M) 1.885ms
[679.004s][info][gc,cpu         ] GC(1787) User=0.00s Sys=0.00s Real=0.00s
[679.128s][info][gc,start       ] GC(1788) Pause Young (Allocation Failure)
[679.130s][info][gc,heap        ] GC(1788) PSYoungGen: 296000K(312832K)->64K(315904K) Eden: 295936K(295936K)->0K(300032K) From: 64K(16896K)->64K(15872K)
[679.130s][info][gc,heap        ] GC(1788) ParOldGen: 576686K(577024K)->576694K(577024K)
[679.130s][info][gc,metaspace   ] GC(1788) Metaspace: 35647K(36288K)->35647K(36288K) NonClass: 26442K(26944K)->26442K(26944K) Class: 9204K(9344K)->9204K(9344K)
[679.130s][info][gc             ] GC(1788) Pause Young (Allocation Failure) 852M->563M(872M) 2.000ms
[679.130s][info][gc,cpu         ] GC(1788) User=0.01s Sys=0.00s Real=0.00s
[679.251s][info][gc,start       ] GC(1789) Pause Young (Allocation Failure)
[679.253s][info][gc,heap        ] GC(1789) PSYoungGen: 300096K(315904K)->64K(314880K) Eden: 300032K(300032K)->0K(300032K) From: 64K(15872K)->64K(14848K)
[679.253s][info][gc,heap        ] GC(1789) ParOldGen: 576694K(577024K)->576702K(577024K)
[679.253s][info][gc,metaspace   ] GC(1789) Metaspace: 35647K(36288K)->35647K(36288K) NonClass: 26442K(26944K)->26442K(26944K) Class: 9204K(9344K)->9204K(9344K)
[679.253s][info][gc             ] GC(1789) Pause Young (Allocation Failure) 856M->563M(871M) 1.923ms
[679.253s][info][gc,cpu         ] GC(1789) User=0.00s Sys=0.00s Real=0.01s
[679.618s][info][gc,start       ] GC(1790) Pause Young (Allocation Failure)
[679.620s][info][gc,heap        ] GC(1790) PSYoungGen: 300096K(314880K)->64K(317440K) Eden: 300032K(300032K)->0K(303616K) From: 64K(14848K)->64K(13824K)
[679.620s][info][gc,heap        ] GC(1790) ParOldGen: 576702K(577024K)->576710K(577024K)
[679.620s][info][gc,metaspace   ] GC(1790) Metaspace: 35647K(36288K)->35647K(36288K) NonClass: 26442K(26944K)->26442K(26944K) Class: 9204K(9344K)->9204K(9344K)
[679.620s][info][gc             ] GC(1790) Pause Young (Allocation Failure) 856M->563M(873M) 1.931ms
[679.620s][info][gc,cpu         ] GC(1790) User=0.01s Sys=0.00s Real=0.00s
[680.328s][info][gc,start       ] GC(1791) Pause Young (Allocation Failure)
[680.330s][info][gc,heap        ] GC(1791) PSYoungGen: 303680K(317440K)->64K(316928K) Eden: 303616K(303616K)->0K(303616K) From: 64K(13824K)->64K(13312K)
[680.330s][info][gc,heap        ] GC(1791) ParOldGen: 576710K(577024K)->576718K(577024K)
[680.330s][info][gc,metaspace   ] GC(1791) Metaspace: 35647K(36288K)->35647K(36288K) NonClass: 26442K(26944K)->26442K(26944K) Class: 9204K(9344K)->9204K(9344K)
[680.330s][info][gc             ] GC(1791) Pause Young (Allocation Failure) 859M->563M(873M) 1.850ms
[680.330s][info][gc,cpu         ] GC(1791) User=0.00s Sys=0.00s Real=0.00s
[681.289s][info][gc,start       ] GC(1792) Pause Young (Allocation Failure)
[681.291s][info][gc,heap        ] GC(1792) PSYoungGen: 303680K(316928K)->64K(291840K) Eden: 303616K(303616K)->0K(291328K) From: 64K(13312K)->64K(512K)
[681.291s][info][gc,heap        ] GC(1792) ParOldGen: 576718K(577024K)->576726K(577024K)
[681.291s][info][gc,metaspace   ] GC(1792) Metaspace: 35647K(36288K)->35647K(36288K) NonClass: 26442K(26944K)->26442K(26944K) Class: 9204K(9344K)->9204K(9344K)
[681.291s][info][gc             ] GC(1792) Pause Young (Allocation Failure) 859M->563M(848M) 2.094ms
[681.291s][info][gc,cpu         ] GC(1792) User=0.00s Sys=0.00s Real=0.00s
[681.749s][info][gc,start       ] GC(1793) Pause Young (Allocation Failure)
[681.751s][info][gc,heap        ] GC(1793) PSYoungGen: 291392K(291840K)->64K(291328K) Eden: 291328K(291328K)->0K(279552K) From: 64K(512K)->64K(11776K)
[681.751s][info][gc,heap        ] GC(1793) ParOldGen: 576726K(577024K)->576734K(577024K)
[681.751s][info][gc,metaspace   ] GC(1793) Metaspace: 35647K(36288K)->35647K(36288K) NonClass: 26442K(26944K)->26442K(26944K) Class: 9204K(9344K)->9204K(9344K)
[681.751s][info][gc             ] GC(1793) Pause Young (Allocation Failure) 847M->563M(848M) 1.853ms
[681.751s][info][gc,cpu         ] GC(1793) User=0.00s Sys=0.00s Real=0.00s
[682.792s][info][gc,start       ] GC(1794) Pause Young (Allocation Failure)
[682.794s][info][gc,heap        ] GC(1794) PSYoungGen: 279616K(291328K)->64K(269312K) Eden: 279552K(279552K)->0K(268800K) From: 64K(11776K)->64K(512K)
[682.794s][info][gc,heap        ] GC(1794) ParOldGen: 576734K(577024K)->576742K(577024K)
[682.794s][info][gc,metaspace   ] GC(1794) Metaspace: 35647K(36288K)->35647K(36288K) NonClass: 26442K(26944K)->26442K(26944K) Class: 9204K(9344K)->9204K(9344K)
[682.794s][info][gc             ] GC(1794) Pause Young (Allocation Failure) 836M->563M(826M) 1.982ms
[682.794s][info][gc,cpu         ] GC(1794) User=0.00s Sys=0.00s Real=0.00s
[683.168s][info][gc,start       ] GC(1795) Pause Young (Allocation Failure)
[683.170s][info][gc,heap        ] GC(1795) PSYoungGen: 268864K(269312K)->64K(268800K) Eden: 268800K(268800K)->0K(258560K) From: 64K(512K)->64K(10240K)
[683.171s][info][gc,heap        ] GC(1795) ParOldGen: 576742K(577024K)->576750K(577024K)
[683.171s][info][gc,metaspace   ] GC(1795) Metaspace: 35647K(36288K)->35647K(36288K) NonClass: 26442K(26944K)->26442K(26944K) Class: 9204K(9344K)->9204K(9344K)
[683.171s][info][gc             ] GC(1795) Pause Young (Allocation Failure) 825M->563M(826M) 2.585ms
[683.171s][info][gc,cpu         ] GC(1795) User=0.01s Sys=0.00s Real=0.00s
[683.286s][info][gc,start       ] GC(1796) Pause Young (Allocation Failure)
[683.288s][info][gc,heap        ] GC(1796) PSYoungGen: 258624K(268800K)->64K(248832K) Eden: 258560K(258560K)->0K(248320K) From: 64K(10240K)->64K(512K)
[683.288s][info][gc,heap        ] GC(1796) ParOldGen: 576750K(577024K)->576758K(577024K)
[683.288s][info][gc,metaspace   ] GC(1796) Metaspace: 35647K(36288K)->35647K(36288K) NonClass: 26442K(26944K)->26442K(26944K) Class: 9204K(9344K)->9204K(9344K)
[683.288s][info][gc             ] GC(1796) Pause Young (Allocation Failure) 815M->563M(806M) 2.141ms
[683.288s][info][gc,cpu         ] GC(1796) User=0.00s Sys=0.00s Real=0.00s
[683.787s][info][gc,start       ] GC(1797) Pause Young (Allocation Failure)
[683.789s][info][gc,heap        ] GC(1797) PSYoungGen: 248384K(248832K)->64K(247296K) Eden: 248320K(248320K)->0K(238592K) From: 64K(512K)->64K(8704K)
[683.789s][info][gc,heap        ] GC(1797) ParOldGen: 576758K(577024K)->576766K(577024K)
[683.789s][info][gc,metaspace   ] GC(1797) Metaspace: 35647K(36288K)->35647K(36288K) NonClass: 26442K(26944K)->26442K(26944K) Class: 9204K(9344K)->9204K(9344K)
[683.789s][info][gc             ] GC(1797) Pause Young (Allocation Failure) 805M->563M(805M) 1.965ms
[683.789s][info][gc,cpu         ] GC(1797) User=0.00s Sys=0.00s Real=0.00s
[684.059s][info][gc,start       ] GC(1798) Pause Young (Allocation Failure)
[684.061s][info][gc,heap        ] GC(1798) PSYoungGen: 238656K(247296K)->64K(229888K) Eden: 238592K(238592K)->0K(229376K) From: 64K(8704K)->64K(512K)
[684.061s][info][gc,heap        ] GC(1798) ParOldGen: 576766K(577024K)->576774K(577024K)
[684.061s][info][gc,metaspace   ] GC(1798) Metaspace: 35647K(36288K)->35647K(36288K) NonClass: 26442K(26944K)->26442K(26944K) Class: 9204K(9344K)->9204K(9344K)
[684.061s][info][gc             ] GC(1798) Pause Young (Allocation Failure) 796M->563M(788M) 2.395ms
[684.061s][info][gc,cpu         ] GC(1798) User=0.00s Sys=0.00s Real=0.00s
[684.384s][info][gc,start       ] GC(1799) Pause Young (Allocation Failure)
[684.411s][info][gc,heap        ] GC(1799) PSYoungGen: 229440K(229888K)->7680K(282112K) Eden: 229376K(229376K)->0K(274432K) From: 64K(512K)->7680K(7680K)
[684.411s][info][gc,heap        ] GC(1799) ParOldGen: 576774K(577024K)->582358K(582656K)
[684.411s][info][gc,metaspace   ] GC(1799) Metaspace: 35647K(36288K)->35647K(36288K) NonClass: 26442K(26944K)->26442K(26944K) Class: 9204K(9344K)->9204K(9344K)
[684.411s][info][gc             ] GC(1799) Pause Young (Allocation Failure) 787M->576M(844M) 27.498ms
[684.411s][info][gc,cpu         ] GC(1799) User=0.04s Sys=0.01s Real=0.02s
[684.743s][info][gc,start       ] GC(1800) Pause Young (Allocation Failure)
[684.810s][info][gc,heap        ] GC(1800) PSYoungGen: 282112K(282112K)->11264K(275456K) Eden: 274432K(274432K)->0K(264192K) From: 7680K(7680K)->11264K(11264K)
[684.810s][info][gc,heap        ] GC(1800) ParOldGen: 582358K(582656K)->602302K(602624K)
[684.810s][info][gc,metaspace   ] GC(1800) Metaspace: 35647K(36288K)->35647K(36288K) NonClass: 26442K(26944K)->26442K(26944K) Class: 9204K(9344K)->9204K(9344K)
[684.810s][info][gc             ] GC(1800) Pause Young (Allocation Failure) 844M->599M(857M) 67.506ms
[684.810s][info][gc,cpu         ] GC(1800) User=0.11s Sys=0.02s Real=0.06s
[685.044s][info][gc,start       ] GC(1801) Pause Young (Allocation Failure)
[685.078s][info][gc,heap        ] GC(1801) PSYoungGen: 275456K(275456K)->18336K(285696K) Eden: 264192K(264192K)->0K(264192K) From: 11264K(11264K)->18336K(21504K)
[685.078s][info][gc,heap        ] GC(1801) ParOldGen: 602302K(602624K)->602846K(603136K)
[685.078s][info][gc,metaspace   ] GC(1801) Metaspace: 35647K(36288K)->35647K(36288K) NonClass: 26442K(26944K)->26442K(26944K) Class: 9204K(9344K)->9204K(9344K)
[685.078s][info][gc             ] GC(1801) Pause Young (Allocation Failure) 857M->606M(868M) 34.641ms
[685.078s][info][gc,cpu         ] GC(1801) User=0.07s Sys=0.00s Real=0.03s
[685.344s][info][gc,start       ] GC(1802) Pause Young (Allocation Failure)
[685.346s][info][gc,heap        ] GC(1802) PSYoungGen: 282528K(285696K)->64K(309760K) Eden: 264192K(264192K)->0K(285184K) From: 18336K(21504K)->64K(24576K)
[685.346s][info][gc,heap        ] GC(1802) ParOldGen: 602846K(603136K)->602854K(603136K)
[685.346s][info][gc,metaspace   ] GC(1802) Metaspace: 35647K(36288K)->35647K(36288K) NonClass: 26442K(26944K)->26442K(26944K) Class: 9204K(9344K)->9204K(9344K)
[685.346s][info][gc             ] GC(1802) Pause Young (Allocation Failure) 864M->588M(891M) 1.898ms
[685.346s][info][gc,cpu         ] GC(1802) User=0.00s Sys=0.00s Real=0.00s
[685.992s][info][gc,start       ] GC(1803) Pause Young (Allocation Failure)
[685.994s][info][gc,heap        ] GC(1803) PSYoungGen: 285248K(309760K)->64K(285696K) Eden: 285184K(285184K)->0K(285184K) From: 64K(24576K)->64K(512K)
[685.994s][info][gc,heap        ] GC(1803) ParOldGen: 602854K(603136K)->602862K(603136K)
[685.994s][info][gc,metaspace   ] GC(1803) Metaspace: 35647K(36288K)->35647K(36288K) NonClass: 26442K(26944K)->26442K(26944K) Class: 9204K(9344K)->9204K(9344K)
[685.994s][info][gc             ] GC(1803) Pause Young (Allocation Failure) 867M->588M(868M) 1.934ms
[685.994s][info][gc,cpu         ] GC(1803) User=0.00s Sys=0.00s Real=0.00s
[686.471s][info][gc,start       ] GC(1804) Pause Young (Allocation Failure)
[686.473s][info][gc,heap        ] GC(1804) PSYoungGen: 285248K(285696K)->64K(309248K) Eden: 285184K(285184K)->0K(286208K) From: 64K(512K)->64K(23040K)
[686.473s][info][gc,heap        ] GC(1804) ParOldGen: 602862K(603136K)->602878K(603136K)
[686.473s][info][gc,metaspace   ] GC(1804) Metaspace: 35647K(36288K)->35647K(36288K) NonClass: 26442K(26944K)->26442K(26944K) Class: 9204K(9344K)->9204K(9344K)
[686.473s][info][gc             ] GC(1804) Pause Young (Allocation Failure) 867M->588M(891M) 1.979ms
[686.473s][info][gc,cpu         ] GC(1804) User=0.00s Sys=0.00s Real=0.01s
[686.713s][info][gc,start       ] GC(1805) Pause Young (Allocation Failure)
[686.715s][info][gc,heap        ] GC(1805) PSYoungGen: 286272K(309248K)->64K(308224K) Eden: 286208K(286208K)->0K(286208K) From: 64K(23040K)->64K(22016K)
[686.715s][info][gc,heap        ] GC(1805) ParOldGen: 602878K(603136K)->602894K(603136K)
[686.715s][info][gc,metaspace   ] GC(1805) Metaspace: 35647K(36288K)->35647K(36288K) NonClass: 26442K(26944K)->26442K(26944K) Class: 9204K(9344K)->9204K(9344K)
[686.715s][info][gc             ] GC(1805) Pause Young (Allocation Failure) 868M->588M(890M) 2.013ms
[686.715s][info][gc,cpu         ] GC(1805) User=0.00s Sys=0.00s Real=0.00s
[686.955s][info][gc,start       ] GC(1806) Pause Young (Allocation Failure)
[686.957s][info][gc,heap        ] GC(1806) PSYoungGen: 286272K(308224K)->64K(310272K) Eden: 286208K(286208K)->0K(289280K) From: 64K(22016K)->64K(20992K)
[686.957s][info][gc,heap        ] GC(1806) ParOldGen: 602894K(603136K)->602894K(603136K)
[686.957s][info][gc,metaspace   ] GC(1806) Metaspace: 35647K(36288K)->35647K(36288K) NonClass: 26442K(26944K)->26442K(26944K) Class: 9204K(9344K)->9204K(9344K)
[686.957s][info][gc             ] GC(1806) Pause Young (Allocation Failure) 868M->588M(892M) 1.994ms
[686.957s][info][gc,cpu         ] GC(1806) User=0.00s Sys=0.00s Real=0.00s
[687.298s][info][gc,start       ] GC(1807) Pause Young (Allocation Failure)
[687.299s][info][gc,heap        ] GC(1807) PSYoungGen: 289344K(310272K)->64K(309760K) Eden: 289280K(289280K)->0K(289280K) From: 64K(20992K)->64K(20480K)
[687.299s][info][gc,heap        ] GC(1807) ParOldGen: 602894K(603136K)->602894K(603136K)
[687.299s][info][gc,metaspace   ] GC(1807) Metaspace: 35647K(36288K)->35647K(36288K) NonClass: 26442K(26944K)->26442K(26944K) Class: 9204K(9344K)->9204K(9344K)
[687.299s][info][gc             ] GC(1807) Pause Young (Allocation Failure) 871M->588M(891M) 1.916ms
[687.299s][info][gc,cpu         ] GC(1807) User=0.01s Sys=0.00s Real=0.00s
[687.353s][info][gc,start       ] GC(1808) Pause Young (Allocation Failure)
[687.354s][info][gc,heap        ] GC(1808) PSYoungGen: 289344K(309760K)->64K(312320K) Eden: 289280K(289280K)->0K(293376K) From: 64K(20480K)->64K(18944K)
[687.354s][info][gc,heap        ] GC(1808) ParOldGen: 602894K(603136K)->602910K(603136K)
[687.354s][info][gc,metaspace   ] GC(1808) Metaspace: 35647K(36288K)->35647K(36288K) NonClass: 26442K(26944K)->26442K(26944K) Class: 9204K(9344K)->9204K(9344K)
[687.354s][info][gc             ] GC(1808) Pause Young (Allocation Failure) 871M->588M(894M) 1.928ms
[687.354s][info][gc,cpu         ] GC(1808) User=0.00s Sys=0.00s Real=0.00s
[687.406s][info][gc,start       ] GC(1809) Pause Young (Allocation Failure)
[687.408s][info][gc,heap        ] GC(1809) PSYoungGen: 293440K(312320K)->64K(311808K) Eden: 293376K(293376K)->0K(293376K) From: 64K(18944K)->64K(18432K)
[687.408s][info][gc,heap        ] GC(1809) ParOldGen: 602910K(603136K)->602910K(603136K)
[687.408s][info][gc,metaspace   ] GC(1809) Metaspace: 35647K(36288K)->35647K(36288K) NonClass: 26442K(26944K)->26442K(26944K) Class: 9204K(9344K)->9204K(9344K)
[687.408s][info][gc             ] GC(1809) Pause Young (Allocation Failure) 875M->588M(893M) 1.925ms
[687.408s][info][gc,cpu         ] GC(1809) User=0.01s Sys=0.00s Real=0.00s
[687.694s][info][gc,start       ] GC(1810) Pause Young (Allocation Failure)
[687.695s][info][gc,heap        ] GC(1810) PSYoungGen: 293440K(311808K)->64K(314368K) Eden: 293376K(293376K)->0K(297472K) From: 64K(18432K)->64K(16896K)
[687.695s][info][gc,heap        ] GC(1810) ParOldGen: 602910K(603136K)->602910K(603136K)
[687.696s][info][gc,metaspace   ] GC(1810) Metaspace: 35647K(36288K)->35647K(36288K) NonClass: 26442K(26944K)->26442K(26944K) Class: 9204K(9344K)->9204K(9344K)
[687.696s][info][gc             ] GC(1810) Pause Young (Allocation Failure) 875M->588M(896M) 1.969ms
[687.696s][info][gc,cpu         ] GC(1810) User=0.00s Sys=0.00s Real=0.00s
[687.941s][info][gc,start       ] GC(1811) Pause Young (Allocation Failure)
[687.942s][info][gc,heap        ] GC(1811) PSYoungGen: 297536K(314368K)->64K(313856K) Eden: 297472K(297472K)->0K(297472K) From: 64K(16896K)->64K(16384K)
[687.942s][info][gc,heap        ] GC(1811) ParOldGen: 602910K(603136K)->602918K(603136K)
[687.942s][info][gc,metaspace   ] GC(1811) Metaspace: 35647K(36288K)->35647K(36288K) NonClass: 26442K(26944K)->26442K(26944K) Class: 9204K(9344K)->9204K(9344K)
[687.943s][info][gc             ] GC(1811) Pause Young (Allocation Failure) 879M->588M(895M) 1.953ms
[687.943s][info][gc,cpu         ] GC(1811) User=0.00s Sys=0.00s Real=0.01s
[688.029s][info][gc,start       ] GC(1812) Pause Young (Allocation Failure)
[688.031s][info][gc,heap        ] GC(1812) PSYoungGen: 297536K(313856K)->64K(316416K) Eden: 297472K(297472K)->0K(301568K) From: 64K(16384K)->64K(14848K)
[688.031s][info][gc,heap        ] GC(1812) ParOldGen: 602918K(603136K)->602926K(603136K)
[688.031s][info][gc,metaspace   ] GC(1812) Metaspace: 35647K(36288K)->35647K(36288K) NonClass: 26442K(26944K)->26442K(26944K) Class: 9204K(9344K)->9204K(9344K)
[688.031s][info][gc             ] GC(1812) Pause Young (Allocation Failure) 879M->588M(898M) 2.044ms
[688.031s][info][gc,cpu         ] GC(1812) User=0.00s Sys=0.00s Real=0.00s
[688.182s][info][gc,start       ] GC(1813) Pause Young (Allocation Failure)
[688.184s][info][gc,heap        ] GC(1813) PSYoungGen: 301632K(316416K)->64K(315904K) Eden: 301568K(301568K)->0K(301568K) From: 64K(14848K)->64K(14336K)
[688.184s][info][gc,heap        ] GC(1813) ParOldGen: 602926K(603136K)->602934K(603136K)
[688.184s][info][gc,metaspace   ] GC(1813) Metaspace: 35647K(36288K)->35647K(36288K) NonClass: 26442K(26944K)->26442K(26944K) Class: 9204K(9344K)->9204K(9344K)
[688.184s][info][gc             ] GC(1813) Pause Young (Allocation Failure) 883M->588M(897M) 1.981ms
[688.184s][info][gc,cpu         ] GC(1813) User=0.00s Sys=0.00s Real=0.00s
[688.610s][info][gc,start       ] GC(1814) Pause Young (Allocation Failure)
[688.612s][info][gc,heap        ] GC(1814) PSYoungGen: 301632K(315904K)->64K(318464K) Eden: 301568K(301568K)->0K(305152K) From: 64K(14336K)->64K(13312K)
[688.612s][info][gc,heap        ] GC(1814) ParOldGen: 602934K(603136K)->602942K(603136K)
[688.612s][info][gc,metaspace   ] GC(1814) Metaspace: 35647K(36288K)->35647K(36288K) NonClass: 26442K(26944K)->26442K(26944K) Class: 9204K(9344K)->9204K(9344K)
[688.612s][info][gc             ] GC(1814) Pause Young (Allocation Failure) 883M->588M(900M) 2.095ms
[688.612s][info][gc,cpu         ] GC(1814) User=0.00s Sys=0.00s Real=0.01s
[689.816s][info][gc,start       ] GC(1815) Pause Young (Allocation Failure)
[689.818s][info][gc,heap        ] GC(1815) PSYoungGen: 305216K(318464K)->64K(317952K) Eden: 305152K(305152K)->0K(305152K) From: 64K(13312K)->64K(12800K)
[689.818s][info][gc,heap        ] GC(1815) ParOldGen: 602942K(603136K)->602950K(603136K)
[689.818s][info][gc,metaspace   ] GC(1815) Metaspace: 35647K(36288K)->35647K(36288K) NonClass: 26442K(26944K)->26442K(26944K) Class: 9204K(9344K)->9204K(9344K)
[689.818s][info][gc             ] GC(1815) Pause Young (Allocation Failure) 886M->588M(899M) 1.955ms
[689.818s][info][gc,cpu         ] GC(1815) User=0.00s Sys=0.00s Real=0.00s
[690.284s][info][gc,start       ] GC(1816) Pause Young (Allocation Failure)
[690.286s][info][gc,heap        ] GC(1816) PSYoungGen: 305216K(317952K)->64K(293376K) Eden: 305152K(305152K)->0K(292864K) From: 64K(12800K)->64K(512K)
[690.286s][info][gc,heap        ] GC(1816) ParOldGen: 602950K(603136K)->602958K(603136K)
[690.286s][info][gc,metaspace   ] GC(1816) Metaspace: 35647K(36288K)->35647K(36288K) NonClass: 26442K(26944K)->26442K(26944K) Class: 9204K(9344K)->9204K(9344K)
[690.286s][info][gc             ] GC(1816) Pause Young (Allocation Failure) 886M->588M(875M) 2.100ms
[690.286s][info][gc,cpu         ] GC(1816) User=0.01s Sys=0.00s Real=0.00s
[690.770s][info][gc,start       ] GC(1817) Pause Young (Allocation Failure)
[690.772s][info][gc,heap        ] GC(1817) PSYoungGen: 292928K(293376K)->64K(292352K) Eden: 292864K(292864K)->0K(281088K) From: 64K(512K)->64K(11264K)
[690.772s][info][gc,heap        ] GC(1817) ParOldGen: 602958K(603136K)->602966K(603136K)
[690.772s][info][gc,metaspace   ] GC(1817) Metaspace: 35647K(36288K)->35647K(36288K) NonClass: 26442K(26944K)->26442K(26944K) Class: 9204K(9344K)->9204K(9344K)
[690.772s][info][gc             ] GC(1817) Pause Young (Allocation Failure) 874M->588M(874M) 1.960ms
[690.772s][info][gc,cpu         ] GC(1817) User=0.00s Sys=0.00s Real=0.00s
[691.749s][info][gc,start       ] GC(1818) Pause Young (Allocation Failure)
[691.751s][info][gc,heap        ] GC(1818) PSYoungGen: 281152K(292352K)->64K(270336K) Eden: 281088K(281088K)->0K(269824K) From: 64K(11264K)->64K(512K)
[691.751s][info][gc,heap        ] GC(1818) ParOldGen: 602966K(603136K)->602974K(603136K)
[691.751s][info][gc,metaspace   ] GC(1818) Metaspace: 35647K(36288K)->35647K(36288K) NonClass: 26442K(26944K)->26442K(26944K) Class: 9204K(9344K)->9204K(9344K)
[691.751s][info][gc             ] GC(1818) Pause Young (Allocation Failure) 863M->588M(853M) 2.011ms
[691.751s][info][gc,cpu         ] GC(1818) User=0.01s Sys=0.00s Real=0.00s
[692.113s][info][gc,start       ] GC(1819) Pause Young (Allocation Failure)
[692.116s][info][gc,heap        ] GC(1819) PSYoungGen: 269888K(270336K)->64K(268800K) Eden: 269824K(269824K)->0K(259072K) From: 64K(512K)->64K(9728K)
[692.116s][info][gc,heap        ] GC(1819) ParOldGen: 602974K(603136K)->602982K(603136K)
[692.116s][info][gc,metaspace   ] GC(1819) Metaspace: 35647K(36288K)->35647K(36288K) NonClass: 26442K(26944K)->26442K(26944K) Class: 9204K(9344K)->9204K(9344K)
[692.116s][info][gc             ] GC(1819) Pause Young (Allocation Failure) 852M->588M(851M) 2.251ms
[692.116s][info][gc,cpu         ] GC(1819) User=0.00s Sys=0.00s Real=0.00s
[692.263s][info][gc,start       ] GC(1820) Pause Young (Allocation Failure)
[692.266s][info][gc,heap        ] GC(1820) PSYoungGen: 259136K(268800K)->64K(249344K) Eden: 259072K(259072K)->0K(248832K) From: 64K(9728K)->64K(512K)
[692.266s][info][gc,heap        ] GC(1820) ParOldGen: 602982K(603136K)->602990K(603136K)
[692.266s][info][gc,metaspace   ] GC(1820) Metaspace: 35647K(36288K)->35647K(36288K) NonClass: 26442K(26944K)->26442K(26944K) Class: 9204K(9344K)->9204K(9344K)
[692.266s][info][gc             ] GC(1820) Pause Young (Allocation Failure) 841M->588M(832M) 3.048ms
[692.266s][info][gc,cpu         ] GC(1820) User=0.00s Sys=0.00s Real=0.00s
[692.841s][info][gc,start       ] GC(1821) Pause Young (Allocation Failure)
[692.844s][info][gc,heap        ] GC(1821) PSYoungGen: 248896K(249344K)->64K(247296K) Eden: 248832K(248832K)->0K(239104K) From: 64K(512K)->64K(8192K)
[692.844s][info][gc,heap        ] GC(1821) ParOldGen: 602990K(603136K)->602998K(603136K)
[692.844s][info][gc,metaspace   ] GC(1821) Metaspace: 35647K(36288K)->35647K(36288K) NonClass: 26442K(26944K)->26442K(26944K) Class: 9204K(9344K)->9204K(9344K)
[692.844s][info][gc             ] GC(1821) Pause Young (Allocation Failure) 831M->588M(830M) 2.830ms
[692.844s][info][gc,cpu         ] GC(1821) User=0.01s Sys=0.00s Real=0.01s
[693.146s][info][gc,start       ] GC(1822) Pause Young (Allocation Failure)
[693.148s][info][gc,heap        ] GC(1822) PSYoungGen: 239167K(247296K)->64K(230400K) Eden: 239103K(239104K)->0K(229888K) From: 64K(8192K)->64K(512K)
[693.148s][info][gc,heap        ] GC(1822) ParOldGen: 602998K(603136K)->603006K(603136K)
[693.148s][info][gc,metaspace   ] GC(1822) Metaspace: 35647K(36288K)->35647K(36288K) NonClass: 26442K(26944K)->26442K(26944K) Class: 9204K(9344K)->9204K(9344K)
[693.148s][info][gc             ] GC(1822) Pause Young (Allocation Failure) 822M->588M(814M) 2.478ms
[693.148s][info][gc,cpu         ] GC(1822) User=0.00s Sys=0.00s Real=0.00s
[693.443s][info][gc,start       ] GC(1823) Pause Young (Allocation Failure)
[693.492s][info][gc,heap        ] GC(1823) PSYoungGen: 229952K(230400K)->7168K(282624K) Eden: 229888K(229888K)->0K(275456K) From: 64K(512K)->7168K(7168K)
[693.492s][info][gc,heap        ] GC(1823) ParOldGen: 603006K(603136K)->620046K(620544K)
[693.492s][info][gc,metaspace   ] GC(1823) Metaspace: 35647K(36288K)->35647K(36288K) NonClass: 26442K(26944K)->26442K(26944K) Class: 9204K(9344K)->9204K(9344K)
[693.492s][info][gc             ] GC(1823) Pause Young (Allocation Failure) 813M->612M(882M) 49.595ms
[693.492s][info][gc,cpu         ] GC(1823) User=0.09s Sys=0.02s Real=0.05s
[693.827s][info][gc,start       ] GC(1824) Pause Young (Allocation Failure)
[693.898s][info][gc,heap        ] GC(1824) PSYoungGen: 282624K(282624K)->15360K(281600K) Eden: 275456K(275456K)->0K(266240K) From: 7168K(7168K)->15360K(15360K)
[693.898s][info][gc,heap        ] GC(1824) ParOldGen: 620046K(620544K)->636310K(636416K)
[693.898s][info][gc,metaspace   ] GC(1824) Metaspace: 35647K(36288K)->35647K(36288K) NonClass: 26442K(26944K)->26442K(26944K) Class: 9204K(9344K)->9204K(9344K)
[693.898s][info][gc             ] GC(1824) Pause Young (Allocation Failure) 881M->636M(896M) 71.445ms
[693.898s][info][gc,cpu         ] GC(1824) User=0.12s Sys=0.02s Real=0.07s
[694.032s][info][gc,start       ] GC(1825) Pause Young (Allocation Failure)
[694.049s][info][gc,heap        ] GC(1825) PSYoungGen: 281600K(281600K)->7296K(290816K) Eden: 266240K(266240K)->0K(266240K) From: 15360K(15360K)->7296K(24576K)
[694.049s][info][gc,heap        ] GC(1825) ParOldGen: 636310K(636416K)->636742K(636928K)
[694.049s][info][gc,metaspace   ] GC(1825) Metaspace: 35647K(36288K)->35647K(36288K) NonClass: 26442K(26944K)->26442K(26944K) Class: 9204K(9344K)->9204K(9344K)
[694.049s][info][gc             ] GC(1825) Pause Young (Allocation Failure) 896M->628M(906M) 17.140ms
[694.049s][info][gc,cpu         ] GC(1825) User=0.03s Sys=0.00s Real=0.02s
[694.534s][info][gc,start       ] GC(1826) Pause Young (Allocation Failure)
[694.536s][info][gc,heap        ] GC(1826) PSYoungGen: 273536K(290816K)->64K(306176K) Eden: 266240K(266240K)->0K(285696K) From: 7296K(24576K)->64K(20480K)
[694.536s][info][gc,heap        ] GC(1826) ParOldGen: 636742K(636928K)->636750K(636928K)
[694.536s][info][gc,metaspace   ] GC(1826) Metaspace: 35647K(36288K)->35647K(36288K) NonClass: 26442K(26944K)->26442K(26944K) Class: 9204K(9344K)->9204K(9344K)
[694.536s][info][gc             ] GC(1826) Pause Young (Allocation Failure) 888M->621M(921M) 2.090ms
[694.536s][info][gc,cpu         ] GC(1826) User=0.00s Sys=0.00s Real=0.00s
[695.044s][info][gc,start       ] GC(1827) Pause Young (Allocation Failure)
[695.046s][info][gc,heap        ] GC(1827) PSYoungGen: 285760K(306176K)->64K(308224K) Eden: 285696K(285696K)->0K(285696K) From: 64K(20480K)->64K(22528K)
[695.046s][info][gc,heap        ] GC(1827) ParOldGen: 636750K(636928K)->636758K(636928K)
[695.046s][info][gc,metaspace   ] GC(1827) Metaspace: 35649K(36288K)->35649K(36288K) NonClass: 26444K(26944K)->26444K(26944K) Class: 9204K(9344K)->9204K(9344K)
[695.046s][info][gc             ] GC(1827) Pause Young (Allocation Failure) 900M->621M(923M) 2.028ms
[695.046s][info][gc,cpu         ] GC(1827) User=0.01s Sys=0.00s Real=0.00s
[695.498s][info][gc,start       ] GC(1828) Pause Young (Allocation Failure)
[695.500s][info][gc,heap        ] GC(1828) PSYoungGen: 285760K(308224K)->64K(308736K) Eden: 285696K(285696K)->0K(289280K) From: 64K(22528K)->64K(19456K)
[695.500s][info][gc,heap        ] GC(1828) ParOldGen: 636758K(636928K)->636774K(636928K)
[695.500s][info][gc,metaspace   ] GC(1828) Metaspace: 35649K(36288K)->35649K(36288K) NonClass: 26444K(26944K)->26444K(26944K) Class: 9204K(9344K)->9204K(9344K)
[695.500s][info][gc             ] GC(1828) Pause Young (Allocation Failure) 900M->621M(923M) 2.071ms
[695.500s][info][gc,cpu         ] GC(1828) User=0.00s Sys=0.00s Real=0.00s
[695.742s][info][gc,start       ] GC(1829) Pause Young (Allocation Failure)
[695.744s][info][gc,heap        ] GC(1829) PSYoungGen: 289344K(308736K)->64K(310272K) Eden: 289280K(289280K)->0K(289280K) From: 64K(19456K)->64K(20992K)
[695.744s][info][gc,heap        ] GC(1829) ParOldGen: 636774K(636928K)->636790K(636928K)
[695.744s][info][gc,metaspace   ] GC(1829) Metaspace: 35649K(36288K)->35649K(36288K) NonClass: 26444K(26944K)->26444K(26944K) Class: 9204K(9344K)->9204K(9344K)
[695.744s][info][gc             ] GC(1829) Pause Young (Allocation Failure) 904M->621M(925M) 2.081ms
[695.744s][info][gc,cpu         ] GC(1829) User=0.01s Sys=0.00s Real=0.00s
[696.098s][info][gc,start       ] GC(1830) Pause Young (Allocation Failure)
[696.100s][info][gc,heap        ] GC(1830) PSYoungGen: 289344K(310272K)->64K(311296K) Eden: 289280K(289280K)->0K(292864K) From: 64K(20992K)->64K(18432K)
[696.100s][info][gc,heap        ] GC(1830) ParOldGen: 636790K(636928K)->636790K(636928K)
[696.100s][info][gc,metaspace   ] GC(1830) Metaspace: 35649K(36288K)->35649K(36288K) NonClass: 26444K(26944K)->26444K(26944K) Class: 9204K(9344K)->9204K(9344K)
[696.100s][info][gc             ] GC(1830) Pause Young (Allocation Failure) 904M->621M(926M) 2.042ms
[696.100s][info][gc,cpu         ] GC(1830) User=0.00s Sys=0.00s Real=0.00s
[696.257s][info][gc,start       ] GC(1831) Pause Young (Allocation Failure)
[696.259s][info][gc,heap        ] GC(1831) PSYoungGen: 292928K(311296K)->64K(312320K) Eden: 292864K(292864K)->0K(292864K) From: 64K(18432K)->64K(19456K)
[696.259s][info][gc,heap        ] GC(1831) ParOldGen: 636790K(636928K)->636798K(636928K)
[696.259s][info][gc,metaspace   ] GC(1831) Metaspace: 35649K(36288K)->35649K(36288K) NonClass: 26444K(26944K)->26444K(26944K) Class: 9204K(9344K)->9204K(9344K)
[696.259s][info][gc             ] GC(1831) Pause Young (Allocation Failure) 907M->621M(927M) 1.988ms
[696.259s][info][gc,cpu         ] GC(1831) User=0.00s Sys=0.00s Real=0.00s
[696.311s][info][gc,start       ] GC(1832) Pause Young (Allocation Failure)
[696.313s][info][gc,heap        ] GC(1832) PSYoungGen: 292928K(312320K)->64K(312320K) Eden: 292864K(292864K)->0K(295936K) From: 64K(19456K)->64K(16384K)
[696.313s][info][gc,heap        ] GC(1832) ParOldGen: 636798K(636928K)->636814K(636928K)
[696.313s][info][gc,metaspace   ] GC(1832) Metaspace: 35649K(36288K)->35649K(36288K) NonClass: 26444K(26944K)->26444K(26944K) Class: 9204K(9344K)->9204K(9344K)
[696.313s][info][gc             ] GC(1832) Pause Young (Allocation Failure) 907M->621M(927M) 2.058ms
[696.313s][info][gc,cpu         ] GC(1832) User=0.01s Sys=0.00s Real=0.01s
[696.454s][info][gc,start       ] GC(1833) Pause Young (Allocation Failure)
[696.456s][info][gc,heap        ] GC(1833) PSYoungGen: 296000K(312320K)->64K(313344K) Eden: 295936K(295936K)->0K(295936K) From: 64K(16384K)->64K(17408K)
[696.456s][info][gc,heap        ] GC(1833) ParOldGen: 636814K(636928K)->636814K(636928K)
[696.456s][info][gc,metaspace   ] GC(1833) Metaspace: 35649K(36288K)->35649K(36288K) NonClass: 26444K(26944K)->26444K(26944K) Class: 9204K(9344K)->9204K(9344K)
[696.456s][info][gc             ] GC(1833) Pause Young (Allocation Failure) 910M->621M(928M) 2.032ms
[696.456s][info][gc,cpu         ] GC(1833) User=0.00s Sys=0.00s Real=0.00s
[696.741s][info][gc,start       ] GC(1834) Pause Young (Allocation Failure)
[696.743s][info][gc,heap        ] GC(1834) PSYoungGen: 296000K(313344K)->64K(314368K) Eden: 295936K(295936K)->0K(300032K) From: 64K(17408K)->64K(14336K)
[696.743s][info][gc,heap        ] GC(1834) ParOldGen: 636814K(636928K)->636822K(636928K)
[696.743s][info][gc,metaspace   ] GC(1834) Metaspace: 35649K(36288K)->35649K(36288K) NonClass: 26444K(26944K)->26444K(26944K) Class: 9204K(9344K)->9204K(9344K)
[696.743s][info][gc             ] GC(1834) Pause Young (Allocation Failure) 910M->621M(929M) 2.078ms
[696.743s][info][gc,cpu         ] GC(1834) User=0.01s Sys=0.00s Real=0.01s
[696.912s][info][gc,start       ] GC(1835) Pause Young (Allocation Failure)
[696.914s][info][gc,heap        ] GC(1835) PSYoungGen: 300096K(314368K)->64K(315392K) Eden: 300032K(300032K)->0K(300032K) From: 64K(14336K)->64K(15360K)
[696.914s][info][gc,heap        ] GC(1835) ParOldGen: 636822K(636928K)->636830K(636928K)
[696.914s][info][gc,metaspace   ] GC(1835) Metaspace: 35649K(36288K)->35649K(36288K) NonClass: 26444K(26944K)->26444K(26944K) Class: 9204K(9344K)->9204K(9344K)
[696.914s][info][gc             ] GC(1835) Pause Young (Allocation Failure) 914M->621M(930M) 2.101ms
[696.914s][info][gc,cpu         ] GC(1835) User=0.01s Sys=0.00s Real=0.00s
[696.997s][info][gc,start       ] GC(1836) Pause Young (Allocation Failure)
[696.999s][info][gc,heap        ] GC(1836) PSYoungGen: 300096K(315392K)->64K(315904K) Eden: 300032K(300032K)->0K(303616K) From: 64K(15360K)->64K(12288K)
[696.999s][info][gc,heap        ] GC(1836) ParOldGen: 636830K(636928K)->636838K(636928K)
[696.999s][info][gc,metaspace   ] GC(1836) Metaspace: 35649K(36288K)->35649K(36288K) NonClass: 26444K(26944K)->26444K(26944K) Class: 9204K(9344K)->9204K(9344K)
[696.999s][info][gc             ] GC(1836) Pause Young (Allocation Failure) 914M->621M(930M) 2.124ms
[696.999s][info][gc,cpu         ] GC(1836) User=0.01s Sys=0.00s Real=0.00s
[697.194s][info][gc,start       ] GC(1837) Pause Young (Allocation Failure)
[697.196s][info][gc,heap        ] GC(1837) PSYoungGen: 303680K(315904K)->64K(317440K) Eden: 303616K(303616K)->0K(303616K) From: 64K(12288K)->64K(13824K)
[697.196s][info][gc,heap        ] GC(1837) ParOldGen: 636838K(636928K)->636846K(636928K)
[697.196s][info][gc,metaspace   ] GC(1837) Metaspace: 35649K(36288K)->35649K(36288K) NonClass: 26444K(26944K)->26444K(26944K) Class: 9204K(9344K)->9204K(9344K)
[697.196s][info][gc             ] GC(1837) Pause Young (Allocation Failure) 918M->621M(932M) 2.000ms
[697.196s][info][gc,cpu         ] GC(1837) User=0.00s Sys=0.00s Real=0.00s
[698.110s][info][gc,start       ] GC(1838) Pause Young (Allocation Failure)
[698.112s][info][gc,heap        ] GC(1838) PSYoungGen: 303680K(317440K)->64K(318464K) Eden: 303616K(303616K)->0K(307200K) From: 64K(13824K)->64K(11264K)
[698.113s][info][gc,heap        ] GC(1838) ParOldGen: 636846K(636928K)->636854K(636928K)
[698.113s][info][gc,metaspace   ] GC(1838) Metaspace: 35649K(36288K)->35649K(36288K) NonClass: 26444K(26944K)->26444K(26944K) Class: 9204K(9344K)->9204K(9344K)
[698.113s][info][gc             ] GC(1838) Pause Young (Allocation Failure) 918M->621M(933M) 2.110ms
[698.113s][info][gc,cpu         ] GC(1838) User=0.00s Sys=0.00s Real=0.01s
[699.032s][info][gc,start       ] GC(1839) Pause Young (Allocation Failure)
[699.034s][info][gc,heap        ] GC(1839) PSYoungGen: 307264K(318464K)->64K(319488K) Eden: 307200K(307200K)->0K(307200K) From: 64K(11264K)->64K(12288K)
[699.034s][info][gc,heap        ] GC(1839) ParOldGen: 636854K(636928K)->636862K(636928K)
[699.034s][info][gc,metaspace   ] GC(1839) Metaspace: 35649K(36288K)->35649K(36288K) NonClass: 26444K(26944K)->26444K(26944K) Class: 9204K(9344K)->9204K(9344K)
[699.034s][info][gc             ] GC(1839) Pause Young (Allocation Failure) 921M->621M(934M) 2.115ms
[699.034s][info][gc,cpu         ] GC(1839) User=0.00s Sys=0.00s Real=0.00s
[699.496s][info][gc,start       ] GC(1840) Pause Young (Allocation Failure)
[699.498s][info][gc,heap        ] GC(1840) PSYoungGen: 307264K(319488K)->64K(295424K) Eden: 307200K(307200K)->0K(294912K) From: 64K(12288K)->64K(512K)
[699.498s][info][gc,heap        ] GC(1840) ParOldGen: 636862K(636928K)->636870K(636928K)
[699.498s][info][gc,metaspace   ] GC(1840) Metaspace: 35649K(36288K)->35649K(36288K) NonClass: 26444K(26944K)->26444K(26944K) Class: 9204K(9344K)->9204K(9344K)
[699.498s][info][gc             ] GC(1840) Pause Young (Allocation Failure) 921M->622M(910M) 2.105ms
[699.498s][info][gc,cpu         ] GC(1840) User=0.01s Sys=0.00s Real=0.00s
[700.545s][info][gc,start       ] GC(1841) Pause Young (Allocation Failure)
[700.547s][info][gc,heap        ] GC(1841) PSYoungGen: 294976K(295424K)->64K(293888K) Eden: 294912K(294912K)->0K(283136K) From: 64K(512K)->64K(10752K)
[700.547s][info][gc,heap        ] GC(1841) ParOldGen: 636870K(636928K)->636878K(636928K)
[700.547s][info][gc,metaspace   ] GC(1841) Metaspace: 35649K(36288K)->35649K(36288K) NonClass: 26444K(26944K)->26444K(26944K) Class: 9204K(9344K)->9204K(9344K)
[700.547s][info][gc             ] GC(1841) Pause Young (Allocation Failure) 910M->622M(909M) 2.115ms
[700.547s][info][gc,cpu         ] GC(1841) User=0.00s Sys=0.00s Real=0.00s
[700.958s][info][gc,start       ] GC(1842) Pause Young (Allocation Failure)
[700.961s][info][gc,heap        ] GC(1842) PSYoungGen: 283200K(293888K)->64K(272384K) Eden: 283136K(283136K)->0K(271872K) From: 64K(10752K)->64K(512K)
[700.961s][info][gc,heap        ] GC(1842) ParOldGen: 636878K(636928K)->636886K(636928K)
[700.961s][info][gc,metaspace   ] GC(1842) Metaspace: 35649K(36288K)->35649K(36288K) NonClass: 26444K(26944K)->26444K(26944K) Class: 9204K(9344K)->9204K(9344K)
[700.961s][info][gc             ] GC(1842) Pause Young (Allocation Failure) 898M->622M(888M) 2.929ms
[700.961s][info][gc,cpu         ] GC(1842) User=0.01s Sys=0.00s Real=0.00s
[701.102s][info][gc,start       ] GC(1843) Pause Young (Allocation Failure)
[701.104s][info][gc,heap        ] GC(1843) PSYoungGen: 271936K(272384K)->64K(270336K) Eden: 271872K(271872K)->0K(261120K) From: 64K(512K)->64K(9216K)
[701.104s][info][gc,heap        ] GC(1843) ParOldGen: 636886K(636928K)->636894K(636928K)
[701.104s][info][gc,metaspace   ] GC(1843) Metaspace: 35649K(36288K)->35649K(36288K) NonClass: 26444K(26944K)->26444K(26944K) Class: 9204K(9344K)->9204K(9344K)
[701.104s][info][gc             ] GC(1843) Pause Young (Allocation Failure) 887M->622M(886M) 2.018ms
[701.104s][info][gc,cpu         ] GC(1843) User=0.01s Sys=0.00s Real=0.01s
[701.584s][info][gc,start       ] GC(1844) Pause Young (Allocation Failure)
[701.586s][info][gc,heap        ] GC(1844) PSYoungGen: 261184K(270336K)->64K(251392K) Eden: 261120K(261120K)->0K(250880K) From: 64K(9216K)->64K(512K)
[701.586s][info][gc,heap        ] GC(1844) ParOldGen: 636894K(636928K)->636902K(636928K)
[701.586s][info][gc,metaspace   ] GC(1844) Metaspace: 35649K(36288K)->35649K(36288K) NonClass: 26444K(26944K)->26444K(26944K) Class: 9204K(9344K)->9204K(9344K)
[701.586s][info][gc             ] GC(1844) Pause Young (Allocation Failure) 877M->622M(867M) 2.173ms
[701.586s][info][gc,cpu         ] GC(1844) User=0.01s Sys=0.00s Real=0.00s
[701.888s][info][gc,start       ] GC(1845) Pause Young (Allocation Failure)
[701.890s][info][gc,heap        ] GC(1845) PSYoungGen: 250944K(251392K)->64K(249344K) Eden: 250880K(250880K)->0K(241152K) From: 64K(512K)->64K(8192K)
[701.890s][info][gc,heap        ] GC(1845) ParOldGen: 636902K(636928K)->636910K(636928K)
[701.890s][info][gc,metaspace   ] GC(1845) Metaspace: 35649K(36288K)->35649K(36288K) NonClass: 26444K(26944K)->26444K(26944K) Class: 9204K(9344K)->9204K(9344K)
[701.890s][info][gc             ] GC(1845) Pause Young (Allocation Failure) 867M->622M(865M) 1.970ms
[701.890s][info][gc,cpu         ] GC(1845) User=0.00s Sys=0.00s Real=0.00s
[702.226s][info][gc,start       ] GC(1846) Pause Young (Allocation Failure)
[702.255s][info][gc,heap        ] GC(1846) PSYoungGen: 241216K(249344K)->7680K(292352K) Eden: 241152K(241152K)->0K(284672K) From: 64K(8192K)->7680K(7680K)
[702.255s][info][gc,heap        ] GC(1846) ParOldGen: 636910K(636928K)->644038K(644096K)
[702.255s][info][gc,metaspace   ] GC(1846) Metaspace: 35649K(36288K)->35649K(36288K) NonClass: 26444K(26944K)->26444K(26944K) Class: 9204K(9344K)->9204K(9344K)
[702.255s][info][gc             ] GC(1846) Pause Young (Allocation Failure) 857M->636M(914M) 29.010ms
[702.255s][info][gc,cpu         ] GC(1846) User=0.05s Sys=0.00s Real=0.03s
[702.601s][info][gc,start       ] GC(1847) Pause Young (Allocation Failure)
[702.667s][info][gc,heap        ] GC(1847) PSYoungGen: 292352K(292352K)->12288K(296960K) Eden: 284672K(284672K)->0K(284672K) From: 7680K(7680K)->12288K(12288K)
[702.667s][info][gc,heap        ] GC(1847) ParOldGen: 644038K(644096K)->664158K(664576K)
[702.667s][info][gc,metaspace   ] GC(1847) Metaspace: 35649K(36288K)->35649K(36288K) NonClass: 26444K(26944K)->26444K(26944K) Class: 9204K(9344K)->9204K(9344K)
[702.667s][info][gc             ] GC(1847) Pause Young (Allocation Failure) 914M->660M(939M) 65.782ms
[702.667s][info][gc,cpu         ] GC(1847) User=0.11s Sys=0.02s Real=0.07s
[702.876s][info][gc,start       ] GC(1848) Pause Full (Allocation Failure)
[702.876s][info][gc,phases,start] GC(1848) Marking Phase
[702.942s][info][gc,phases      ] GC(1848) Marking Phase 65.804ms
[702.942s][info][gc,phases,start] GC(1848) Summary Phase
[702.942s][info][gc,phases      ] GC(1848) Summary Phase 0.027ms
[702.942s][info][gc,phases,start] GC(1848) Forward
[702.966s][info][gc,phases      ] GC(1848) Forward 24.337ms
[702.966s][info][gc,phases,start] GC(1848) Adjust Pointers
[703.001s][info][gc,phases      ] GC(1848) Adjust Pointers 34.389ms
[703.001s][info][gc,phases,start] GC(1848) Compaction Phase
[703.019s][info][gc,phases      ] GC(1848) Compaction Phase 18.331ms
[703.019s][info][gc,phases,start] GC(1848) Post Compact
[703.022s][info][metaspace      ] ChkMgr @0x00007f507003f1d0 (non-class-space): : reclaiming memory...
[703.022s][info][metaspace      ] ChkMgr @0x00007f507003f1d0 (non-class-space): nothing reclaimed.
[703.022s][info][metaspace      ] ChkMgr @0x00007f507003efe0 (class-space): : reclaiming memory...
[703.022s][info][metaspace      ] ChkMgr @0x00007f507003efe0 (class-space): nothing reclaimed.
[703.022s][info][gc,phases      ] GC(1848) Post Compact 2.813ms
[703.060s][info][gc,heap        ] GC(1848) PSYoungGen: 296960K(296960K)->0K(311808K) Eden: 284672K(284672K)->0K(289792K) From: 12288K(12288K)->0K(22016K)
[703.060s][info][gc,heap        ] GC(1848) ParOldGen: 664158K(664576K)->71686K(175104K)
[703.060s][info][gc,metaspace   ] GC(1848) Metaspace: 35649K(36288K)->35607K(36288K) NonClass: 26444K(26944K)->26403K(26944K) Class: 9204K(9344K)->9204K(9344K)
[703.060s][info][gc             ] GC(1848) Pause Full (Allocation Failure) 938M->70M(475M) 184.205ms
[703.060s][info][gc,cpu         ] GC(1848) User=0.23s Sys=0.04s Real=0.18s
[703.494s][info][gc,start       ] GC(1849) Pause Young (Allocation Failure)
[703.499s][info][gc,heap        ] GC(1849) PSYoungGen: 289792K(311808K)->64K(290304K) Eden: 289792K(289792K)->0K(289792K) From: 0K(22016K)->64K(512K)
[703.499s][info][gc,heap        ] GC(1849) ParOldGen: 71686K(175104K)->71686K(175104K)
[703.499s][info][gc,metaspace   ] GC(1849) Metaspace: 35607K(36288K)->35607K(36288K) NonClass: 26403K(26944K)->26403K(26944K) Class: 9204K(9344K)->9204K(9344K)
[703.499s][info][gc             ] GC(1849) Pause Young (Allocation Failure) 353M->70M(454M) 5.141ms
[703.499s][info][gc,cpu         ] GC(1849) User=0.01s Sys=0.00s Real=0.00s
[704.070s][info][gc,start       ] GC(1850) Pause Young (Allocation Failure)
[704.071s][info][gc,heap        ] GC(1850) PSYoungGen: 289856K(290304K)->64K(312320K) Eden: 289792K(289792K)->0K(290816K) From: 64K(512K)->64K(21504K)
[704.071s][info][gc,heap        ] GC(1850) ParOldGen: 71686K(175104K)->71694K(175104K)
[704.071s][info][gc,metaspace   ] GC(1850) Metaspace: 35608K(36288K)->35608K(36288K) NonClass: 26404K(26944K)->26404K(26944K) Class: 9204K(9344K)->9204K(9344K)
[704.071s][info][gc             ] GC(1850) Pause Young (Allocation Failure) 353M->70M(476M) 0.767ms
[704.071s][info][gc,cpu         ] GC(1850) User=0.00s Sys=0.00s Real=0.00s
[704.529s][info][gc,start       ] GC(1851) Pause Young (Allocation Failure)
[704.530s][info][gc,heap        ] GC(1851) PSYoungGen: 290880K(312320K)->64K(311296K) Eden: 290816K(290816K)->0K(290816K) From: 64K(21504K)->64K(20480K)
[704.530s][info][gc,heap        ] GC(1851) ParOldGen: 71694K(175104K)->71710K(175104K)
[704.530s][info][gc,metaspace   ] GC(1851) Metaspace: 35608K(36288K)->35608K(36288K) NonClass: 26404K(26944K)->26404K(26944K) Class: 9204K(9344K)->9204K(9344K)
[704.530s][info][gc             ] GC(1851) Pause Young (Allocation Failure) 354M->70M(475M) 0.692ms
[704.530s][info][gc,cpu         ] GC(1851) User=0.00s Sys=0.00s Real=0.00s
[704.773s][info][gc,start       ] GC(1852) Pause Young (Allocation Failure)
[704.774s][info][gc,heap        ] GC(1852) PSYoungGen: 290880K(311296K)->64K(311808K) Eden: 290816K(290816K)->0K(292352K) From: 64K(20480K)->64K(19456K)
[704.774s][info][gc,heap        ] GC(1852) ParOldGen: 71710K(175104K)->71726K(175104K)
[704.774s][info][gc,metaspace   ] GC(1852) Metaspace: 35608K(36288K)->35608K(36288K) NonClass: 26404K(26944K)->26404K(26944K) Class: 9204K(9344K)->9204K(9344K)
[704.774s][info][gc             ] GC(1852) Pause Young (Allocation Failure) 354M->70M(475M) 0.742ms
[704.774s][info][gc,cpu         ] GC(1852) User=0.00s Sys=0.00s Real=0.00s
[705.127s][info][gc,start       ] GC(1853) Pause Young (Allocation Failure)
[705.128s][info][gc,heap        ] GC(1853) PSYoungGen: 292416K(311808K)->64K(311296K) Eden: 292352K(292352K)->0K(292352K) From: 64K(19456K)->64K(18944K)
[705.128s][info][gc,heap        ] GC(1853) ParOldGen: 71726K(175104K)->71726K(175104K)
[705.128s][info][gc,metaspace   ] GC(1853) Metaspace: 35608K(36288K)->35608K(36288K) NonClass: 26404K(26944K)->26404K(26944K) Class: 9204K(9344K)->9204K(9344K)
[705.128s][info][gc             ] GC(1853) Pause Young (Allocation Failure) 355M->70M(475M) 0.709ms
[705.128s][info][gc,cpu         ] GC(1853) User=0.00s Sys=0.00s Real=0.00s
[705.300s][info][gc,start       ] GC(1854) Pause Young (Allocation Failure)
[705.301s][info][gc,heap        ] GC(1854) PSYoungGen: 292416K(311296K)->64K(313856K) Eden: 292352K(292352K)->0K(296448K) From: 64K(18944K)->64K(17408K)
[705.301s][info][gc,heap        ] GC(1854) ParOldGen: 71726K(175104K)->71734K(175104K)
[705.301s][info][gc,metaspace   ] GC(1854) Metaspace: 35608K(36288K)->35608K(36288K) NonClass: 26404K(26944K)->26404K(26944K) Class: 9204K(9344K)->9204K(9344K)
[705.301s][info][gc             ] GC(1854) Pause Young (Allocation Failure) 355M->70M(477M) 0.706ms
[705.301s][info][gc,cpu         ] GC(1854) User=0.01s Sys=0.00s Real=0.00s
[705.352s][info][gc,start       ] GC(1855) Pause Young (Allocation Failure)
[705.353s][info][gc,heap        ] GC(1855) PSYoungGen: 296512K(313856K)->64K(313344K) Eden: 296448K(296448K)->0K(296448K) From: 64K(17408K)->64K(16896K)
[705.353s][info][gc,heap        ] GC(1855) ParOldGen: 71734K(175104K)->71750K(175104K)
[705.353s][info][gc,metaspace   ] GC(1855) Metaspace: 35608K(36288K)->35608K(36288K) NonClass: 26404K(26944K)->26404K(26944K) Class: 9204K(9344K)->9204K(9344K)
[705.353s][info][gc             ] GC(1855) Pause Young (Allocation Failure) 359M->70M(477M) 0.713ms
[705.353s][info][gc,cpu         ] GC(1855) User=0.00s Sys=0.00s Real=0.00s
[705.483s][info][gc,start       ] GC(1856) Pause Young (Allocation Failure)
[705.484s][info][gc,heap        ] GC(1856) PSYoungGen: 296512K(313344K)->64K(315904K) Eden: 296448K(296448K)->0K(300544K) From: 64K(16896K)->64K(15360K)
[705.484s][info][gc,heap        ] GC(1856) ParOldGen: 71750K(175104K)->71750K(175104K)
[705.484s][info][gc,metaspace   ] GC(1856) Metaspace: 35608K(36288K)->35608K(36288K) NonClass: 26404K(26944K)->26404K(26944K) Class: 9204K(9344K)->9204K(9344K)
[705.484s][info][gc             ] GC(1856) Pause Young (Allocation Failure) 359M->70M(479M) 0.686ms
[705.484s][info][gc,cpu         ] GC(1856) User=0.00s Sys=0.00s Real=0.00s
[705.775s][info][gc,start       ] GC(1857) Pause Young (Allocation Failure)
[705.776s][info][gc,heap        ] GC(1857) PSYoungGen: 300608K(315904K)->64K(289280K) Eden: 300544K(300544K)->0K(288768K) From: 64K(15360K)->64K(512K)
[705.776s][info][gc,heap        ] GC(1857) ParOldGen: 71750K(175104K)->71758K(175104K)
[705.776s][info][gc,metaspace   ] GC(1857) Metaspace: 35608K(36288K)->35608K(36288K) NonClass: 26404K(26944K)->26404K(26944K) Class: 9204K(9344K)->9204K(9344K)
[705.776s][info][gc             ] GC(1857) Pause Young (Allocation Failure) 363M->70M(453M) 0.646ms
[705.776s][info][gc,cpu         ] GC(1857) User=0.00s Sys=0.00s Real=0.00s
[705.947s][info][gc,start       ] GC(1858) Pause Young (Allocation Failure)
[705.947s][info][gc,heap        ] GC(1858) PSYoungGen: 288832K(289280K)->64K(278528K) Eden: 288768K(288768K)->0K(277504K) From: 64K(512K)->64K(1024K)
[705.947s][info][gc,heap        ] GC(1858) ParOldGen: 71758K(175104K)->71766K(175104K)
[705.947s][info][gc,metaspace   ] GC(1858) Metaspace: 35608K(36288K)->35608K(36288K) NonClass: 26404K(26944K)->26404K(26944K) Class: 9204K(9344K)->9204K(9344K)
[705.947s][info][gc             ] GC(1858) Pause Young (Allocation Failure) 352M->70M(443M) 0.790ms
[705.947s][info][gc,cpu         ] GC(1858) User=0.00s Sys=0.00s Real=0.00s
[706.025s][info][gc,start       ] GC(1859) Pause Young (Allocation Failure)
[706.025s][info][gc,heap        ] GC(1859) PSYoungGen: 277568K(278528K)->64K(280064K) Eden: 277504K(277504K)->0K(266752K) From: 64K(1024K)->64K(13312K)
[706.025s][info][gc,heap        ] GC(1859) ParOldGen: 71766K(175104K)->71782K(175104K)
[706.025s][info][gc,metaspace   ] GC(1859) Metaspace: 35608K(36288K)->35608K(36288K) NonClass: 26404K(26944K)->26404K(26944K) Class: 9204K(9344K)->9204K(9344K)
[706.025s][info][gc             ] GC(1859) Pause Young (Allocation Failure) 341M->70M(444M) 0.758ms
[706.025s][info][gc,cpu         ] GC(1859) User=0.01s Sys=0.00s Real=0.00s
[706.182s][info][gc,start       ] GC(1860) Pause Young (Allocation Failure)
[706.183s][info][gc,heap        ] GC(1860) PSYoungGen: 266816K(280064K)->64K(257024K) Eden: 266752K(266752K)->0K(256512K) From: 64K(13312K)->64K(512K)
[706.183s][info][gc,heap        ] GC(1860) ParOldGen: 71782K(175104K)->71782K(175104K)
[706.183s][info][gc,metaspace   ] GC(1860) Metaspace: 35608K(36288K)->35608K(36288K) NonClass: 26404K(26944K)->26404K(26944K) Class: 9204K(9344K)->9204K(9344K)
[706.183s][info][gc             ] GC(1860) Pause Young (Allocation Failure) 330M->70M(422M) 1.433ms
[706.183s][info][gc,cpu         ] GC(1860) User=0.00s Sys=0.00s Real=0.00s
[706.579s][info][gc,start       ] GC(1861) Pause Young (Allocation Failure)
[706.580s][info][gc,heap        ] GC(1861) PSYoungGen: 256576K(257024K)->64K(258560K) Eden: 256512K(256512K)->0K(246784K) From: 64K(512K)->64K(11776K)
[706.580s][info][gc,heap        ] GC(1861) ParOldGen: 71782K(175104K)->71790K(175104K)
[706.580s][info][gc,metaspace   ] GC(1861) Metaspace: 35608K(36288K)->35608K(36288K) NonClass: 26404K(26944K)->26404K(26944K) Class: 9204K(9344K)->9204K(9344K)
[706.580s][info][gc             ] GC(1861) Pause Young (Allocation Failure) 320M->70M(423M) 0.677ms
[706.580s][info][gc,cpu         ] GC(1861) User=0.01s Sys=0.00s Real=0.00s
[707.197s][info][gc,start       ] GC(1862) Pause Young (Allocation Failure)
[707.199s][info][gc,heap        ] GC(1862) PSYoungGen: 246848K(258560K)->83K(238080K) Eden: 246784K(246784K)->0K(237568K) From: 64K(11776K)->83K(512K)
[707.199s][info][gc,heap        ] GC(1862) ParOldGen: 71790K(175104K)->71798K(175104K)
[707.199s][info][gc,metaspace   ] GC(1862) Metaspace: 35608K(36288K)->35608K(36288K) NonClass: 26404K(26944K)->26404K(26944K) Class: 9204K(9344K)->9204K(9344K)
[707.199s][info][gc             ] GC(1862) Pause Young (Allocation Failure) 311M->70M(403M) 1.443ms
[707.199s][info][gc,cpu         ] GC(1862) User=0.00s Sys=0.00s Real=0.00s
[708.121s][info][gc,start       ] GC(1863) Pause Young (Allocation Failure)
[708.121s][info][gc,heap        ] GC(1863) PSYoungGen: 237651K(238080K)->64K(238592K) Eden: 237568K(237568K)->0K(228352K) From: 83K(512K)->64K(10240K)
[708.121s][info][gc,heap        ] GC(1863) ParOldGen: 71798K(175104K)->71806K(175104K)
[708.121s][info][gc,metaspace   ] GC(1863) Metaspace: 35608K(36288K)->35608K(36288K) NonClass: 26404K(26944K)->26404K(26944K) Class: 9204K(9344K)->9204K(9344K)
[708.121s][info][gc             ] GC(1863) Pause Young (Allocation Failure) 302M->70M(404M) 0.629ms
[708.121s][info][gc,cpu         ] GC(1863) User=0.00s Sys=0.00s Real=0.00s
[708.484s][info][gc,start       ] GC(1864) Pause Young (Allocation Failure)
[708.485s][info][gc,heap        ] GC(1864) PSYoungGen: 228416K(238592K)->64K(220160K) Eden: 228352K(228352K)->0K(219648K) From: 64K(10240K)->64K(512K)
[708.485s][info][gc,heap        ] GC(1864) ParOldGen: 71806K(175104K)->71814K(175104K)
[708.486s][info][gc,metaspace   ] GC(1864) Metaspace: 35608K(36288K)->35608K(36288K) NonClass: 26404K(26944K)->26404K(26944K) Class: 9204K(9344K)->9204K(9344K)
[708.486s][info][gc             ] GC(1864) Pause Young (Allocation Failure) 293M->70M(386M) 1.475ms
[708.486s][info][gc,cpu         ] GC(1864) User=0.00s Sys=0.00s Real=0.00s
[709.332s][info][gc,start       ] GC(1865) Pause Young (Allocation Failure)
[709.332s][info][gc,heap        ] GC(1865) PSYoungGen: 219712K(220160K)->64K(220672K) Eden: 219648K(219648K)->0K(211456K) From: 64K(512K)->64K(9216K)
[709.332s][info][gc,heap        ] GC(1865) ParOldGen: 71814K(175104K)->71822K(175104K)
[709.332s][info][gc,metaspace   ] GC(1865) Metaspace: 35608K(36288K)->35608K(36288K) NonClass: 26404K(26944K)->26404K(26944K) Class: 9204K(9344K)->9204K(9344K)
[709.332s][info][gc             ] GC(1865) Pause Young (Allocation Failure) 284M->70M(386M) 0.723ms
[709.332s][info][gc,cpu         ] GC(1865) User=0.01s Sys=0.00s Real=0.01s
[709.711s][info][gc,start       ] GC(1866) Pause Young (Allocation Failure)
[709.713s][info][gc,heap        ] GC(1866) PSYoungGen: 211520K(220672K)->64K(204288K) Eden: 211456K(211456K)->0K(203776K) From: 64K(9216K)->64K(512K)
[709.713s][info][gc,heap        ] GC(1866) ParOldGen: 71822K(175104K)->71830K(175104K)
[709.713s][info][gc,metaspace   ] GC(1866) Metaspace: 35608K(36288K)->35608K(36288K) NonClass: 26404K(26944K)->26404K(26944K) Class: 9204K(9344K)->9204K(9344K)
[709.713s][info][gc             ] GC(1866) Pause Young (Allocation Failure) 276M->70M(370M) 1.642ms
[709.713s][info][gc,cpu         ] GC(1866) User=0.00s Sys=0.01s Real=0.01s
[710.018s][info][gc,start       ] GC(1867) Pause Young (Allocation Failure)
[710.019s][info][gc,heap        ] GC(1867) PSYoungGen: 203840K(204288K)->64K(204288K) Eden: 203776K(203776K)->0K(196608K) From: 64K(512K)->64K(7680K)
[710.019s][info][gc,heap        ] GC(1867) ParOldGen: 71830K(175104K)->71838K(175104K)
[710.019s][info][gc,metaspace   ] GC(1867) Metaspace: 35608K(36288K)->35608K(36288K) NonClass: 26404K(26944K)->26404K(26944K) Class: 9204K(9344K)->9204K(9344K)
[710.019s][info][gc             ] GC(1867) Pause Young (Allocation Failure) 269M->70M(370M) 1.063ms
[710.019s][info][gc,cpu         ] GC(1867) User=0.00s Sys=0.00s Real=0.00s
[710.126s][info][gc,start       ] GC(1868) Pause Young (Allocation Failure)
[710.128s][info][gc,heap        ] GC(1868) PSYoungGen: 196672K(204288K)->64K(189952K) Eden: 196608K(196608K)->0K(189440K) From: 64K(7680K)->64K(512K)
[710.128s][info][gc,heap        ] GC(1868) ParOldGen: 71838K(175104K)->71846K(175104K)
[710.128s][info][gc,metaspace   ] GC(1868) Metaspace: 35608K(36288K)->35608K(36288K) NonClass: 26404K(26944K)->26404K(26944K) Class: 9204K(9344K)->9204K(9344K)
[710.128s][info][gc             ] GC(1868) Pause Young (Allocation Failure) 262M->70M(356M) 1.602ms
[710.128s][info][gc,cpu         ] GC(1868) User=0.00s Sys=0.00s Real=0.00s
[710.309s][info][gc,start       ] GC(1869) Pause Young (Allocation Failure)
[710.310s][info][gc,heap        ] GC(1869) PSYoungGen: 189504K(189952K)->64K(189440K) Eden: 189440K(189440K)->0K(182784K) From: 64K(512K)->64K(6656K)
[710.310s][info][gc,heap        ] GC(1869) ParOldGen: 71846K(175104K)->71854K(175104K)
[710.310s][info][gc,metaspace   ] GC(1869) Metaspace: 35608K(36288K)->35608K(36288K) NonClass: 26404K(26944K)->26404K(26944K) Class: 9204K(9344K)->9204K(9344K)
[710.310s][info][gc             ] GC(1869) Pause Young (Allocation Failure) 255M->70M(356M) 1.055ms
[710.310s][info][gc,cpu         ] GC(1869) User=0.01s Sys=0.00s Real=0.00s
[710.785s][info][gc,start       ] GC(1870) Pause Young (Allocation Failure)
[710.787s][info][gc,heap        ] GC(1870) PSYoungGen: 182848K(189440K)->64K(177152K) Eden: 182784K(182784K)->0K(176640K) From: 64K(6656K)->64K(512K)
[710.787s][info][gc,heap        ] GC(1870) ParOldGen: 71854K(175104K)->71870K(175104K)
[710.787s][info][gc,metaspace   ] GC(1870) Metaspace: 35608K(36288K)->35608K(36288K) NonClass: 26404K(26944K)->26404K(26944K) Class: 9204K(9344K)->9204K(9344K)
[710.787s][info][gc             ] GC(1870) Pause Young (Allocation Failure) 248M->70M(344M) 1.764ms
[710.787s][info][gc,cpu         ] GC(1870) User=0.00s Sys=0.00s Real=0.00s
[710.911s][info][gc,start       ] GC(1871) Pause Young (Allocation Failure)
[710.912s][info][gc,heap        ] GC(1871) PSYoungGen: 176704K(177152K)->64K(176128K) Eden: 176640K(176640K)->0K(170496K) From: 64K(512K)->64K(5632K)
[710.912s][info][gc,heap        ] GC(1871) ParOldGen: 71870K(175104K)->71878K(175104K)
[710.912s][info][gc,metaspace   ] GC(1871) Metaspace: 35608K(36288K)->35608K(36288K) NonClass: 26404K(26944K)->26404K(26944K) Class: 9204K(9344K)->9204K(9344K)
[710.912s][info][gc             ] GC(1871) Pause Young (Allocation Failure) 242M->70M(343M) 1.083ms
[710.912s][info][gc,cpu         ] GC(1871) User=0.00s Sys=0.00s Real=0.00s
[711.167s][info][gc,start       ] GC(1872) Pause Young (Allocation Failure)
[711.176s][info][gc,heap        ] GC(1872) PSYoungGen: 170560K(176128K)->5568K(208896K) Eden: 170496K(170496K)->0K(203264K) From: 64K(5632K)->5568K(5632K)
[711.176s][info][gc,heap        ] GC(1872) ParOldGen: 71878K(175104K)->71886K(175104K)
[711.176s][info][gc,metaspace   ] GC(1872) Metaspace: 35608K(36288K)->35608K(36288K) NonClass: 26404K(26944K)->26404K(26944K) Class: 9204K(9344K)->9204K(9344K)
[711.176s][info][gc             ] GC(1872) Pause Young (Allocation Failure) 236M->75M(375M) 9.624ms
[711.176s][info][gc,cpu         ] GC(1872) User=0.01s Sys=0.00s Real=0.01s
[711.424s][info][gc,start       ] GC(1873) Pause Young (Allocation Failure)
[711.460s][info][gc,heap        ] GC(1873) PSYoungGen: 208832K(208896K)->6656K(245760K) Eden: 203264K(203264K)->0K(239104K) From: 5568K(5632K)->6656K(6656K)
[711.460s][info][gc,heap        ] GC(1873) ParOldGen: 71886K(175104K)->88230K(175104K)
[711.460s][info][gc,metaspace   ] GC(1873) Metaspace: 35608K(36288K)->35608K(36288K) NonClass: 26404K(26944K)->26404K(26944K) Class: 9204K(9344K)->9204K(9344K)
[711.460s][info][gc             ] GC(1873) Pause Young (Allocation Failure) 274M->92M(411M) 36.221ms
[711.460s][info][gc,cpu         ] GC(1873) User=0.07s Sys=0.00s Real=0.03s
[711.752s][info][gc,start       ] GC(1874) Pause Young (Allocation Failure)
[711.806s][info][gc,heap        ] GC(1874) PSYoungGen: 245760K(245760K)->14336K(249856K) Eden: 239104K(239104K)->0K(235520K) From: 6656K(6656K)->14336K(14336K)
[711.806s][info][gc,heap        ] GC(1874) ParOldGen: 88230K(175104K)->101382K(175104K)
[711.806s][info][gc,metaspace   ] GC(1874) Metaspace: 35608K(36288K)->35608K(36288K) NonClass: 26404K(26944K)->26404K(26944K) Class: 9204K(9344K)->9204K(9344K)
[711.806s][info][gc             ] GC(1874) Pause Young (Allocation Failure) 326M->113M(415M) 54.217ms
[711.806s][info][gc,cpu         ] GC(1874) User=0.09s Sys=0.01s Real=0.06s
[711.929s][info][gc,start       ] GC(1875) Pause Young (Allocation Failure)
[711.943s][info][gc,heap        ] GC(1875) PSYoungGen: 249856K(249856K)->7040K(258048K) Eden: 235520K(235520K)->0K(235520K) From: 14336K(14336K)->7040K(22528K)
[711.943s][info][gc,heap        ] GC(1875) ParOldGen: 101382K(175104K)->101734K(175104K)
[711.943s][info][gc,metaspace   ] GC(1875) Metaspace: 35608K(36288K)->35608K(36288K) NonClass: 26404K(26944K)->26404K(26944K) Class: 9204K(9344K)->9204K(9344K)
[711.943s][info][gc             ] GC(1875) Pause Young (Allocation Failure) 343M->106M(423M) 14.379ms
[711.943s][info][gc,cpu         ] GC(1875) User=0.03s Sys=0.00s Real=0.02s
[712.293s][info][gc,start       ] GC(1876) Pause Young (Allocation Failure)
[712.294s][info][gc,heap        ] GC(1876) PSYoungGen: 242560K(258048K)->64K(301568K) Eden: 235520K(235520K)->0K(282112K) From: 7040K(22528K)->64K(19456K)
[712.294s][info][gc,heap        ] GC(1876) ParOldGen: 101734K(175104K)->101742K(175104K)
[712.294s][info][gc,metaspace   ] GC(1876) Metaspace: 35608K(36288K)->35608K(36288K) NonClass: 26404K(26944K)->26404K(26944K) Class: 9204K(9344K)->9204K(9344K)
[712.294s][info][gc             ] GC(1876) Pause Young (Allocation Failure) 336M->99M(465M) 0.743ms
[712.294s][info][gc,cpu         ] GC(1876) User=0.00s Sys=0.00s Real=0.00s
[712.896s][info][gc,start       ] GC(1877) Pause Young (Allocation Failure)
[712.896s][info][gc,heap        ] GC(1877) PSYoungGen: 282176K(301568K)->64K(302592K) Eden: 282112K(282112K)->0K(282112K) From: 64K(19456K)->64K(20480K)
[712.896s][info][gc,heap        ] GC(1877) ParOldGen: 101742K(175104K)->101750K(175104K)
[712.896s][info][gc,metaspace   ] GC(1877) Metaspace: 35608K(36288K)->35608K(36288K) NonClass: 26404K(26944K)->26404K(26944K) Class: 9204K(9344K)->9204K(9344K)
[712.896s][info][gc             ] GC(1877) Pause Young (Allocation Failure) 374M->99M(466M) 0.793ms
[712.896s][info][gc,cpu         ] GC(1877) User=0.00s Sys=0.00s Real=0.00s
[713.356s][info][gc,start       ] GC(1878) Pause Young (Allocation Failure)
[713.357s][info][gc,heap        ] GC(1878) PSYoungGen: 282176K(302592K)->64K(311808K) Eden: 282112K(282112K)->0K(293376K) From: 64K(20480K)->64K(18432K)
[713.357s][info][gc,heap        ] GC(1878) ParOldGen: 101750K(175104K)->101766K(175104K)
[713.357s][info][gc,metaspace   ] GC(1878) Metaspace: 35608K(36288K)->35608K(36288K) NonClass: 26404K(26944K)->26404K(26944K) Class: 9204K(9344K)->9204K(9344K)
[713.357s][info][gc             ] GC(1878) Pause Young (Allocation Failure) 374M->99M(475M) 0.814ms
[713.357s][info][gc,cpu         ] GC(1878) User=0.00s Sys=0.00s Real=0.00s
[713.613s][info][gc,start       ] GC(1879) Pause Young (Allocation Failure)
[713.614s][info][gc,heap        ] GC(1879) PSYoungGen: 293440K(311808K)->64K(312832K) Eden: 293376K(293376K)->0K(293376K) From: 64K(18432K)->64K(19456K)
[713.614s][info][gc,heap        ] GC(1879) ParOldGen: 101766K(175104K)->101782K(175104K)
[713.614s][info][gc,metaspace   ] GC(1879) Metaspace: 35608K(36288K)->35608K(36288K) NonClass: 26404K(26944K)->26404K(26944K) Class: 9204K(9344K)->9204K(9344K)
[713.614s][info][gc             ] GC(1879) Pause Young (Allocation Failure) 385M->99M(476M) 0.848ms
[713.614s][info][gc,cpu         ] GC(1879) User=0.00s Sys=0.00s Real=0.00s
[713.861s][info][gc,start       ] GC(1880) Pause Young (Allocation Failure)
[713.862s][info][gc,heap        ] GC(1880) PSYoungGen: 293440K(312832K)->64K(313344K) Eden: 293376K(293376K)->0K(295936K) From: 64K(19456K)->64K(17408K)
[713.862s][info][gc,heap        ] GC(1880) ParOldGen: 101782K(175104K)->101782K(175104K)
[713.862s][info][gc,metaspace   ] GC(1880) Metaspace: 35608K(36288K)->35608K(36288K) NonClass: 26404K(26944K)->26404K(26944K) Class: 9204K(9344K)->9204K(9344K)
[713.862s][info][gc             ] GC(1880) Pause Young (Allocation Failure) 385M->99M(477M) 0.831ms
[713.862s][info][gc,cpu         ] GC(1880) User=0.00s Sys=0.00s Real=0.01s
[714.175s][info][gc,start       ] GC(1881) Pause Young (Allocation Failure)
[714.175s][info][gc,heap        ] GC(1881) PSYoungGen: 296000K(313344K)->64K(313856K) Eden: 295936K(295936K)->0K(295936K) From: 64K(17408K)->64K(17920K)
[714.175s][info][gc,heap        ] GC(1881) ParOldGen: 101782K(175104K)->101782K(175104K)
[714.175s][info][gc,metaspace   ] GC(1881) Metaspace: 35608K(36288K)->35608K(36288K) NonClass: 26404K(26944K)->26404K(26944K) Class: 9204K(9344K)->9204K(9344K)
[714.175s][info][gc             ] GC(1881) Pause Young (Allocation Failure) 388M->99M(477M) 0.826ms
[714.175s][info][gc,cpu         ] GC(1881) User=0.00s Sys=0.00s Real=0.00s
[714.228s][info][gc,start       ] GC(1882) Pause Young (Allocation Failure)
[714.229s][info][gc,heap        ] GC(1882) PSYoungGen: 296000K(313856K)->64K(314368K) Eden: 295936K(295936K)->0K(299008K) From: 64K(17920K)->64K(15360K)
[714.229s][info][gc,heap        ] GC(1882) ParOldGen: 101782K(175104K)->101798K(175104K)
[714.229s][info][gc,metaspace   ] GC(1882) Metaspace: 35608K(36288K)->35608K(36288K) NonClass: 26404K(26944K)->26404K(26944K) Class: 9204K(9344K)->9204K(9344K)
[714.229s][info][gc             ] GC(1882) Pause Young (Allocation Failure) 388M->99M(478M) 0.882ms
[714.229s][info][gc,cpu         ] GC(1882) User=0.00s Sys=0.00s Real=0.00s
[714.334s][info][gc,start       ] GC(1883) Pause Young (Allocation Failure)
[714.335s][info][gc,heap        ] GC(1883) PSYoungGen: 299072K(314368K)->64K(314880K) Eden: 299008K(299008K)->0K(299008K) From: 64K(15360K)->64K(15872K)
[714.335s][info][gc,heap        ] GC(1883) ParOldGen: 101798K(175104K)->101798K(175104K)
[714.335s][info][gc,metaspace   ] GC(1883) Metaspace: 35608K(36288K)->35608K(36288K) NonClass: 26404K(26944K)->26404K(26944K) Class: 9204K(9344K)->9204K(9344K)
[714.335s][info][gc             ] GC(1883) Pause Young (Allocation Failure) 391M->99M(478M) 0.771ms
[714.335s][info][gc,cpu         ] GC(1883) User=0.00s Sys=0.00s Real=0.00s
[714.626s][info][gc,start       ] GC(1884) Pause Young (Allocation Failure)
[714.627s][info][gc,heap        ] GC(1884) PSYoungGen: 299072K(314880K)->64K(315904K) Eden: 299008K(299008K)->0K(302592K) From: 64K(15872K)->64K(13312K)
[714.627s][info][gc,heap        ] GC(1884) ParOldGen: 101798K(175104K)->101814K(175104K)
[714.627s][info][gc,metaspace   ] GC(1884) Metaspace: 35608K(36288K)->35608K(36288K) NonClass: 26404K(26944K)->26404K(26944K) Class: 9204K(9344K)->9204K(9344K)
[714.627s][info][gc             ] GC(1884) Pause Young (Allocation Failure) 391M->99M(479M) 0.818ms
[714.627s][info][gc,cpu         ] GC(1884) User=0.00s Sys=0.00s Real=0.00s
[714.829s][info][gc,start       ] GC(1885) Pause Young (Allocation Failure)
[714.830s][info][gc,heap        ] GC(1885) PSYoungGen: 302656K(315904K)->64K(290816K) Eden: 302592K(302592K)->0K(290304K) From: 64K(13312K)->64K(512K)
[714.830s][info][gc,heap        ] GC(1885) ParOldGen: 101814K(175104K)->101814K(175104K)
[714.830s][info][gc,metaspace   ] GC(1885) Metaspace: 35608K(36288K)->35608K(36288K) NonClass: 26404K(26944K)->26404K(26944K) Class: 9204K(9344K)->9204K(9344K)
[714.830s][info][gc             ] GC(1885) Pause Young (Allocation Failure) 394M->99M(455M) 0.836ms
[714.830s][info][gc,cpu         ] GC(1885) User=0.00s Sys=0.01s Real=0.00s
[714.910s][info][gc,start       ] GC(1886) Pause Young (Allocation Failure)
[714.911s][info][gc,heap        ] GC(1886) PSYoungGen: 290368K(290816K)->64K(279552K) Eden: 290304K(290304K)->0K(279040K) From: 64K(512K)->64K(512K)
[714.911s][info][gc,heap        ] GC(1886) ParOldGen: 101814K(175104K)->101830K(175104K)
[714.911s][info][gc,metaspace   ] GC(1886) Metaspace: 35608K(36288K)->35608K(36288K) NonClass: 26404K(26944K)->26404K(26944K) Class: 9204K(9344K)->9204K(9344K)
[714.911s][info][gc             ] GC(1886) Pause Young (Allocation Failure) 382M->99M(444M) 0.834ms
[714.911s][info][gc,cpu         ] GC(1886) User=0.00s Sys=0.00s Real=0.00s
[715.082s][info][gc,start       ] GC(1887) Pause Young (Allocation Failure)
[715.083s][info][gc,heap        ] GC(1887) PSYoungGen: 279104K(279552K)->64K(281088K) Eden: 279040K(279040K)->0K(268288K) From: 64K(512K)->64K(12800K)
[715.083s][info][gc,heap        ] GC(1887) ParOldGen: 101830K(175104K)->101830K(175104K)
[715.083s][info][gc,metaspace   ] GC(1887) Metaspace: 35608K(36288K)->35608K(36288K) NonClass: 26404K(26944K)->26404K(26944K) Class: 9204K(9344K)->9204K(9344K)
[715.083s][info][gc             ] GC(1887) Pause Young (Allocation Failure) 372M->99M(445M) 0.744ms
[715.083s][info][gc,cpu         ] GC(1887) User=0.00s Sys=0.00s Real=0.00s
[715.503s][info][gc,start       ] GC(1888) Pause Young (Allocation Failure)
[715.504s][info][gc,heap        ] GC(1888) PSYoungGen: 268352K(281088K)->64K(258560K) Eden: 268288K(268288K)->0K(258048K) From: 64K(12800K)->64K(512K)
[715.504s][info][gc,heap        ] GC(1888) ParOldGen: 101830K(175104K)->101838K(175104K)
[715.504s][info][gc,metaspace   ] GC(1888) Metaspace: 35608K(36288K)->35608K(36288K) NonClass: 26404K(26944K)->26404K(26944K) Class: 9204K(9344K)->9204K(9344K)
[715.504s][info][gc             ] GC(1888) Pause Young (Allocation Failure) 361M->99M(423M) 1.630ms
[715.504s][info][gc,cpu         ] GC(1888) User=0.00s Sys=0.00s Real=0.00s
[716.085s][info][gc,start       ] GC(1889) Pause Young (Allocation Failure)
[716.086s][info][gc,heap        ] GC(1889) PSYoungGen: 258112K(258560K)->64K(259584K) Eden: 258048K(258048K)->0K(248320K) From: 64K(512K)->64K(11264K)
[716.086s][info][gc,heap        ] GC(1889) ParOldGen: 101838K(175104K)->101846K(175104K)
[716.086s][info][gc,metaspace   ] GC(1889) Metaspace: 35608K(36288K)->35608K(36288K) NonClass: 26404K(26944K)->26404K(26944K) Class: 9204K(9344K)->9204K(9344K)
[716.086s][info][gc             ] GC(1889) Pause Young (Allocation Failure) 351M->99M(424M) 0.712ms
[716.086s][info][gc,cpu         ] GC(1889) User=0.00s Sys=0.00s Real=0.00s
[717.033s][info][gc,start       ] GC(1890) Pause Young (Allocation Failure)
[717.034s][info][gc,heap        ] GC(1890) PSYoungGen: 248384K(259584K)->64K(239104K) Eden: 248320K(248320K)->0K(238592K) From: 64K(11264K)->64K(512K)
[717.034s][info][gc,heap        ] GC(1890) ParOldGen: 101846K(175104K)->101854K(175104K)
[717.034s][info][gc,metaspace   ] GC(1890) Metaspace: 35608K(36288K)->35608K(36288K) NonClass: 26404K(26944K)->26404K(26944K) Class: 9204K(9344K)->9204K(9344K)
[717.034s][info][gc             ] GC(1890) Pause Young (Allocation Failure) 342M->99M(404M) 1.546ms
[717.034s][info][gc,cpu         ] GC(1890) User=0.01s Sys=0.00s Real=0.00s
[717.452s][info][gc,start       ] GC(1891) Pause Young (Allocation Failure)
[717.453s][info][gc,heap        ] GC(1891) PSYoungGen: 238656K(239104K)->64K(239104K) Eden: 238592K(238592K)->0K(229376K) From: 64K(512K)->64K(9728K)
[717.453s][info][gc,heap        ] GC(1891) ParOldGen: 101854K(175104K)->101870K(175104K)
[717.453s][info][gc,metaspace   ] GC(1891) Metaspace: 35608K(36288K)->35608K(36288K) NonClass: 26404K(26944K)->26404K(26944K) Class: 9204K(9344K)->9204K(9344K)
[717.453s][info][gc             ] GC(1891) Pause Young (Allocation Failure) 332M->99M(404M) 1.199ms
[717.453s][info][gc,cpu         ] GC(1891) User=0.00s Sys=0.00s Real=0.00s
[718.418s][info][gc,start       ] GC(1892) Pause Young (Allocation Failure)
[718.420s][info][gc,heap        ] GC(1892) PSYoungGen: 229440K(239104K)->64K(221184K) Eden: 229376K(229376K)->0K(220672K) From: 64K(9728K)->64K(512K)
[718.420s][info][gc,heap        ] GC(1892) ParOldGen: 101870K(175104K)->101878K(175104K)
[718.420s][info][gc,metaspace   ] GC(1892) Metaspace: 35608K(36288K)->35608K(36288K) NonClass: 26404K(26944K)->26404K(26944K) Class: 9204K(9344K)->9204K(9344K)
[718.420s][info][gc             ] GC(1892) Pause Young (Allocation Failure) 323M->99M(387M) 2.156ms
[718.420s][info][gc,cpu         ] GC(1892) User=0.00s Sys=0.00s Real=0.00s
[718.797s][info][gc,start       ] GC(1893) Pause Young (Allocation Failure)
[718.798s][info][gc,heap        ] GC(1893) PSYoungGen: 220736K(221184K)->64K(221184K) Eden: 220672K(220672K)->0K(212480K) From: 64K(512K)->64K(8704K)
[718.798s][info][gc,heap        ] GC(1893) ParOldGen: 101878K(175104K)->101886K(175104K)
[718.798s][info][gc,metaspace   ] GC(1893) Metaspace: 35608K(36288K)->35608K(36288K) NonClass: 26404K(26944K)->26404K(26944K) Class: 9204K(9344K)->9204K(9344K)
[718.798s][info][gc             ] GC(1893) Pause Young (Allocation Failure) 315M->99M(387M) 1.173ms
[718.798s][info][gc,cpu         ] GC(1893) User=0.00s Sys=0.00s Real=0.00s
[718.973s][info][gc,start       ] GC(1894) Pause Young (Allocation Failure)
[718.975s][info][gc,heap        ] GC(1894) PSYoungGen: 212544K(221184K)->64K(205312K) Eden: 212480K(212480K)->0K(204800K) From: 64K(8704K)->64K(512K)
[718.975s][info][gc,heap        ] GC(1894) ParOldGen: 101886K(175104K)->101894K(175104K)
[718.975s][info][gc,metaspace   ] GC(1894) Metaspace: 35608K(36288K)->35608K(36288K) NonClass: 26404K(26944K)->26404K(26944K) Class: 9204K(9344K)->9204K(9344K)
[718.975s][info][gc             ] GC(1894) Pause Young (Allocation Failure) 307M->99M(371M) 1.934ms
[718.975s][info][gc,cpu         ] GC(1894) User=0.00s Sys=0.00s Real=0.00s
[719.038s][info][gc,start       ] GC(1895) Pause Young (Allocation Failure)
[719.039s][info][gc,heap        ] GC(1895) PSYoungGen: 204864K(205312K)->64K(205312K) Eden: 204800K(204800K)->0K(197632K) From: 64K(512K)->64K(7680K)
[719.040s][info][gc,heap        ] GC(1895) ParOldGen: 101894K(175104K)->101902K(175104K)
[719.040s][info][gc,metaspace   ] GC(1895) Metaspace: 35608K(36288K)->35608K(36288K) NonClass: 26404K(26944K)->26404K(26944K) Class: 9204K(9344K)->9204K(9344K)
[719.040s][info][gc             ] GC(1895) Pause Young (Allocation Failure) 299M->99M(371M) 1.148ms
[719.040s][info][gc,cpu         ] GC(1895) User=0.00s Sys=0.00s Real=0.00s
[719.429s][info][gc,start       ] GC(1896) Pause Young (Allocation Failure)
[719.431s][info][gc,heap        ] GC(1896) PSYoungGen: 197696K(205312K)->64K(190976K) Eden: 197632K(197632K)->0K(190464K) From: 64K(7680K)->64K(512K)
[719.431s][info][gc,heap        ] GC(1896) ParOldGen: 101902K(175104K)->101910K(175104K)
[719.431s][info][gc,metaspace   ] GC(1896) Metaspace: 35608K(36288K)->35608K(36288K) NonClass: 26404K(26944K)->26404K(26944K) Class: 9204K(9344K)->9204K(9344K)
[719.431s][info][gc             ] GC(1896) Pause Young (Allocation Failure) 292M->99M(357M) 1.710ms
[719.431s][info][gc,cpu         ] GC(1896) User=0.01s Sys=0.00s Real=0.00s
[719.700s][info][gc,start       ] GC(1897) Pause Young (Allocation Failure)
[719.702s][info][gc,heap        ] GC(1897) PSYoungGen: 190528K(190976K)->64K(190464K) Eden: 190464K(190464K)->0K(183808K) From: 64K(512K)->64K(6656K)
[719.702s][info][gc,heap        ] GC(1897) ParOldGen: 101910K(175104K)->101918K(175104K)
[719.702s][info][gc,metaspace   ] GC(1897) Metaspace: 35608K(36288K)->35608K(36288K) NonClass: 26404K(26944K)->26404K(26944K) Class: 9204K(9344K)->9204K(9344K)
[719.702s][info][gc             ] GC(1897) Pause Young (Allocation Failure) 285M->99M(357M) 1.242ms
[719.702s][info][gc,cpu         ] GC(1897) User=0.00s Sys=0.00s Real=0.00s
[719.956s][info][gc,start       ] GC(1898) Pause Young (Allocation Failure)
[719.958s][info][gc,heap        ] GC(1898) PSYoungGen: 183872K(190464K)->64K(177664K) Eden: 183808K(183808K)->0K(177152K) From: 64K(6656K)->64K(512K)
[719.958s][info][gc,heap        ] GC(1898) ParOldGen: 101918K(175104K)->101926K(175104K)
[719.958s][info][gc,metaspace   ] GC(1898) Metaspace: 35608K(36288K)->35608K(36288K) NonClass: 26404K(26944K)->26404K(26944K) Class: 9204K(9344K)->9204K(9344K)
[719.958s][info][gc             ] GC(1898) Pause Young (Allocation Failure) 279M->99M(344M) 1.972ms
[719.958s][info][gc,cpu         ] GC(1898) User=0.00s Sys=0.00s Real=0.00s
[720.186s][info][gc,start       ] GC(1899) Pause Young (Allocation Failure)
[720.216s][info][gc,heap        ] GC(1899) PSYoungGen: 177216K(177664K)->5632K(218112K) Eden: 177152K(177152K)->0K(212480K) From: 64K(512K)->5632K(5632K)
[720.216s][info][gc,heap        ] GC(1899) ParOldGen: 101926K(175104K)->114566K(175104K)
[720.216s][info][gc,metaspace   ] GC(1899) Metaspace: 35608K(36288K)->35608K(36288K) NonClass: 26404K(26944K)->26404K(26944K) Class: 9204K(9344K)->9204K(9344K)
[720.216s][info][gc             ] GC(1899) Pause Young (Allocation Failure) 272M->117M(384M) 29.868ms
[720.216s][info][gc,cpu         ] GC(1899) User=0.05s Sys=0.00s Real=0.03s
[720.475s][info][gc,start       ] GC(1900) Pause Young (Allocation Failure)
[720.518s][info][gc,heap        ] GC(1900) PSYoungGen: 218112K(218112K)->5632K(236032K) Eden: 212480K(212480K)->0K(230400K) From: 5632K(5632K)->5632K(5632K)
[720.518s][info][gc,heap        ] GC(1900) ParOldGen: 114566K(175104K)->133326K(175104K)
[720.518s][info][gc,metaspace   ] GC(1900) Metaspace: 35608K(36288K)->35608K(36288K) NonClass: 26404K(26944K)->26404K(26944K) Class: 9204K(9344K)->9204K(9344K)
[720.518s][info][gc             ] GC(1900) Pause Young (Allocation Failure) 324M->135M(401M) 42.659ms
[720.518s][info][gc,cpu         ] GC(1900) User=0.08s Sys=0.00s Real=0.04s
[720.751s][info][gc,start       ] GC(1901) Pause Young (Allocation Failure)
[720.787s][info][gc,heap        ] GC(1901) PSYoungGen: 236032K(236032K)->18944K(249344K) Eden: 230400K(230400K)->0K(230400K) From: 5632K(5632K)->18944K(18944K)
[720.787s][info][gc,heap        ] GC(1901) ParOldGen: 133326K(175104K)->135206K(175104K)
[720.787s][info][gc,metaspace   ] GC(1901) Metaspace: 35608K(36288K)->35608K(36288K) NonClass: 26404K(26944K)->26404K(26944K) Class: 9204K(9344K)->9204K(9344K)
[720.787s][info][gc             ] GC(1901) Pause Young (Allocation Failure) 360M->150M(414M) 36.018ms
[720.787s][info][gc,cpu         ] GC(1901) User=0.07s Sys=0.00s Real=0.04s
[720.879s][info][gc,start       ] GC(1902) Pause Young (Allocation Failure)
[720.881s][info][gc,heap        ] GC(1902) PSYoungGen: 249344K(249344K)->64K(297984K) Eden: 230400K(230400K)->0K(275968K) From: 18944K(18944K)->64K(22016K)
[720.881s][info][gc,heap        ] GC(1902) ParOldGen: 135206K(175104K)->135254K(175104K)
[720.881s][info][gc,metaspace   ] GC(1902) Metaspace: 35608K(36288K)->35608K(36288K) NonClass: 26404K(26944K)->26404K(26944K) Class: 9204K(9344K)->9204K(9344K)
[720.881s][info][gc             ] GC(1902) Pause Young (Allocation Failure) 375M->132M(462M) 1.388ms
[720.881s][info][gc,cpu         ] GC(1902) User=0.00s Sys=0.00s Real=0.00s
[721.547s][info][gc,start       ] GC(1903) Pause Young (Allocation Failure)
[721.548s][info][gc,heap        ] GC(1903) PSYoungGen: 276032K(297984K)->64K(299008K) Eden: 275968K(275968K)->0K(275968K) From: 64K(22016K)->64K(23040K)
[721.548s][info][gc,heap        ] GC(1903) ParOldGen: 135254K(175104K)->135262K(175104K)
[721.548s][info][gc,metaspace   ] GC(1903) Metaspace: 35608K(36288K)->35608K(36288K) NonClass: 26404K(26944K)->26404K(26944K) Class: 9204K(9344K)->9204K(9344K)
[721.548s][info][gc             ] GC(1903) Pause Young (Allocation Failure) 401M->132M(463M) 0.943ms
[721.548s][info][gc,cpu         ] GC(1903) User=0.00s Sys=0.00s Real=0.00s
[721.901s][info][gc,start       ] GC(1904) Pause Young (Allocation Failure)
[721.902s][info][gc,heap        ] GC(1904) PSYoungGen: 276032K(299008K)->64K(309760K) Eden: 275968K(275968K)->0K(288768K) From: 64K(23040K)->64K(20992K)
[721.902s][info][gc,heap        ] GC(1904) ParOldGen: 135262K(175104K)->135270K(175104K)
[721.902s][info][gc,metaspace   ] GC(1904) Metaspace: 35608K(36288K)->35608K(36288K) NonClass: 26404K(26944K)->26404K(26944K) Class: 9204K(9344K)->9204K(9344K)
[721.902s][info][gc             ] GC(1904) Pause Young (Allocation Failure) 401M->132M(473M) 0.944ms
[721.902s][info][gc,cpu         ] GC(1904) User=0.00s Sys=0.00s Real=0.00s
[722.375s][info][gc,start       ] GC(1905) Pause Young (Allocation Failure)
[722.376s][info][gc,heap        ] GC(1905) PSYoungGen: 288832K(309760K)->64K(310272K) Eden: 288768K(288768K)->0K(288768K) From: 64K(20992K)->64K(21504K)
[722.376s][info][gc,heap        ] GC(1905) ParOldGen: 135270K(175104K)->135286K(175104K)
[722.376s][info][gc,metaspace   ] GC(1905) Metaspace: 35608K(36288K)->35608K(36288K) NonClass: 26404K(26944K)->26404K(26944K) Class: 9204K(9344K)->9204K(9344K)
[722.376s][info][gc             ] GC(1905) Pause Young (Allocation Failure) 414M->132M(474M) 0.958ms
[722.376s][info][gc,cpu         ] GC(1905) User=0.00s Sys=0.00s Real=0.00s
[722.619s][info][gc,start       ] GC(1906) Pause Young (Allocation Failure)
[722.620s][info][gc,heap        ] GC(1906) PSYoungGen: 288832K(310272K)->64K(310784K) Eden: 288768K(288768K)->0K(291840K) From: 64K(21504K)->64K(18944K)
[722.620s][info][gc,heap        ] GC(1906) ParOldGen: 135286K(175104K)->135302K(175104K)
[722.620s][info][gc,metaspace   ] GC(1906) Metaspace: 35608K(36288K)->35608K(36288K) NonClass: 26404K(26944K)->26404K(26944K) Class: 9204K(9344K)->9204K(9344K)
[722.620s][info][gc             ] GC(1906) Pause Young (Allocation Failure) 414M->132M(474M) 0.973ms
[722.620s][info][gc,cpu         ] GC(1906) User=0.01s Sys=0.00s Real=0.00s
[722.999s][info][gc,start       ] GC(1907) Pause Young (Allocation Failure)
[723.001s][info][gc,heap        ] GC(1907) PSYoungGen: 291904K(310784K)->64K(311296K) Eden: 291840K(291840K)->0K(291840K) From: 64K(18944K)->64K(19456K)
[723.001s][info][gc,heap        ] GC(1907) ParOldGen: 135302K(175104K)->135302K(175104K)
[723.001s][info][gc,metaspace   ] GC(1907) Metaspace: 35608K(36288K)->35608K(36288K) NonClass: 26404K(26944K)->26404K(26944K) Class: 9204K(9344K)->9204K(9344K)
[723.001s][info][gc             ] GC(1907) Pause Young (Allocation Failure) 417M->132M(475M) 1.415ms
[723.001s][info][gc,cpu         ] GC(1907) User=0.00s Sys=0.00s Real=0.00s
[723.086s][info][gc,start       ] GC(1908) Pause Young (Allocation Failure)
[723.088s][info][gc,heap        ] GC(1908) PSYoungGen: 291904K(311296K)->64K(312832K) Eden: 291840K(291840K)->0K(295936K) From: 64K(19456K)->64K(16896K)
[723.088s][info][gc,heap        ] GC(1908) ParOldGen: 135302K(175104K)->135318K(175104K)
[723.088s][info][gc,metaspace   ] GC(1908) Metaspace: 35608K(36288K)->35608K(36288K) NonClass: 26404K(26944K)->26404K(26944K) Class: 9204K(9344K)->9204K(9344K)
[723.088s][info][gc             ] GC(1908) Pause Young (Allocation Failure) 417M->132M(476M) 1.434ms
[723.088s][info][gc,cpu         ] GC(1908) User=0.00s Sys=0.00s Real=0.00s
[723.143s][info][gc,start       ] GC(1909) Pause Young (Allocation Failure)
[723.144s][info][gc,heap        ] GC(1909) PSYoungGen: 296000K(312832K)->32K(313344K) Eden: 295936K(295936K)->0K(295936K) From: 64K(16896K)->32K(17408K)
[723.144s][info][gc,heap        ] GC(1909) ParOldGen: 135318K(175104K)->135334K(175104K)
[723.144s][info][gc,metaspace   ] GC(1909) Metaspace: 35608K(36288K)->35608K(36288K) NonClass: 26404K(26944K)->26404K(26944K) Class: 9204K(9344K)->9204K(9344K)
[723.144s][info][gc             ] GC(1909) Pause Young (Allocation Failure) 421M->132M(477M) 1.410ms
[723.144s][info][gc,cpu         ] GC(1909) User=0.00s Sys=0.00s Real=0.00s
[723.359s][info][gc,start       ] GC(1910) Pause Young (Allocation Failure)
[723.361s][info][gc,heap        ] GC(1910) PSYoungGen: 295968K(313344K)->64K(314368K) Eden: 295936K(295936K)->0K(299520K) From: 32K(17408K)->64K(14848K)
[723.361s][info][gc,heap        ] GC(1910) ParOldGen: 135334K(175104K)->135334K(175104K)
[723.361s][info][gc,metaspace   ] GC(1910) Metaspace: 35608K(36288K)->35608K(36288K) NonClass: 26404K(26944K)->26404K(26944K) Class: 9204K(9344K)->9204K(9344K)
[723.361s][info][gc             ] GC(1910) Pause Young (Allocation Failure) 421M->132M(478M) 1.395ms
[723.361s][info][gc,cpu         ] GC(1910) User=0.00s Sys=0.00s Real=0.00s
[723.634s][info][gc,start       ] GC(1911) Pause Young (Allocation Failure)
[723.635s][info][gc,heap        ] GC(1911) PSYoungGen: 299584K(314368K)->64K(315392K) Eden: 299520K(299520K)->0K(299520K) From: 64K(14848K)->64K(15872K)
[723.635s][info][gc,heap        ] GC(1911) ParOldGen: 135334K(175104K)->135350K(175104K)
[723.635s][info][gc,metaspace   ] GC(1911) Metaspace: 35608K(36288K)->35608K(36288K) NonClass: 26404K(26944K)->26404K(26944K) Class: 9204K(9344K)->9204K(9344K)
[723.635s][info][gc             ] GC(1911) Pause Young (Allocation Failure) 424M->132M(479M) 1.411ms
[723.635s][info][gc,cpu         ] GC(1911) User=0.01s Sys=0.00s Real=0.00s
[723.767s][info][gc,start       ] GC(1912) Pause Young (Allocation Failure)
[723.769s][info][gc,heap        ] GC(1912) PSYoungGen: 299584K(315392K)->64K(315904K) Eden: 299520K(299520K)->0K(303104K) From: 64K(15872K)->64K(12800K)
[723.769s][info][gc,heap        ] GC(1912) ParOldGen: 135350K(175104K)->135366K(175104K)
[723.769s][info][gc,metaspace   ] GC(1912) Metaspace: 35608K(36288K)->35608K(36288K) NonClass: 26404K(26944K)->26404K(26944K) Class: 9204K(9344K)->9204K(9344K)
[723.769s][info][gc             ] GC(1912) Pause Young (Allocation Failure) 424M->132M(479M) 1.468ms
[723.769s][info][gc,cpu         ] GC(1912) User=0.00s Sys=0.00s Real=0.00s
[723.892s][info][gc,start       ] GC(1913) Pause Young (Allocation Failure)
[723.894s][info][gc,heap        ] GC(1913) PSYoungGen: 303168K(315904K)->64K(316928K) Eden: 303104K(303104K)->0K(303104K) From: 64K(12800K)->64K(13824K)
[723.894s][info][gc,heap        ] GC(1913) ParOldGen: 135366K(175104K)->135374K(175104K)
[723.894s][info][gc,metaspace   ] GC(1913) Metaspace: 35608K(36288K)->35608K(36288K) NonClass: 26404K(26944K)->26404K(26944K) Class: 9204K(9344K)->9204K(9344K)
[723.894s][info][gc             ] GC(1913) Pause Young (Allocation Failure) 428M->132M(480M) 1.385ms
[723.894s][info][gc,cpu         ] GC(1913) User=0.00s Sys=0.00s Real=0.00s
[724.265s][info][gc,start       ] GC(1914) Pause Young (Allocation Failure)
[724.266s][info][gc,heap        ] GC(1914) PSYoungGen: 303168K(316928K)->64K(291328K) Eden: 303104K(303104K)->0K(290816K) From: 64K(13824K)->64K(512K)
[724.266s][info][gc,heap        ] GC(1914) ParOldGen: 135374K(175104K)->135382K(175104K)
[724.266s][info][gc,metaspace   ] GC(1914) Metaspace: 35608K(36288K)->35608K(36288K) NonClass: 26404K(26944K)->26404K(26944K) Class: 9204K(9344K)->9204K(9344K)
[724.266s][info][gc             ] GC(1914) Pause Young (Allocation Failure) 428M->132M(455M) 1.419ms
[724.266s][info][gc,cpu         ] GC(1914) User=0.00s Sys=0.00s Real=0.00s
[724.963s][info][gc,start       ] GC(1915) Pause Young (Allocation Failure)
[724.964s][info][gc,heap        ] GC(1915) PSYoungGen: 290880K(291328K)->101K(291840K) Eden: 290816K(290816K)->0K(279552K) From: 64K(512K)->101K(12288K)
[724.964s][info][gc,heap        ] GC(1915) ParOldGen: 135382K(175104K)->135390K(175104K)
[724.964s][info][gc,metaspace   ] GC(1915) Metaspace: 35608K(36288K)->35608K(36288K) NonClass: 26404K(26944K)->26404K(26944K) Class: 9204K(9344K)->9204K(9344K)
[724.964s][info][gc             ] GC(1915) Pause Young (Allocation Failure) 416M->132M(456M) 1.383ms
[724.964s][info][gc,cpu         ] GC(1915) User=0.01s Sys=0.00s Real=0.00s
[725.888s][info][gc,start       ] GC(1916) Pause Young (Allocation Failure)
[725.890s][info][gc,heap        ] GC(1916) PSYoungGen: 279653K(291840K)->64K(269312K) Eden: 279552K(279552K)->0K(268800K) From: 101K(12288K)->64K(512K)
[725.890s][info][gc,heap        ] GC(1916) ParOldGen: 135390K(175104K)->135398K(175104K)
[725.890s][info][gc,metaspace   ] GC(1916) Metaspace: 35608K(36288K)->35608K(36288K) NonClass: 26404K(26944K)->26404K(26944K) Class: 9204K(9344K)->9204K(9344K)
[725.890s][info][gc             ] GC(1916) Pause Young (Allocation Failure) 405M->132M(434M) 1.503ms
[725.890s][info][gc,cpu         ] GC(1916) User=0.00s Sys=0.00s Real=0.00s
[726.333s][info][gc,start       ] GC(1917) Pause Young (Allocation Failure)
[726.334s][info][gc,heap        ] GC(1917) PSYoungGen: 268864K(269312K)->64K(269312K) Eden: 268800K(268800K)->0K(258560K) From: 64K(512K)->64K(10752K)
[726.334s][info][gc,heap        ] GC(1917) ParOldGen: 135398K(175104K)->135414K(175104K)
[726.334s][info][gc,metaspace   ] GC(1917) Metaspace: 35608K(36288K)->35608K(36288K) NonClass: 26404K(26944K)->26404K(26944K) Class: 9204K(9344K)->9204K(9344K)
[726.334s][info][gc             ] GC(1917) Pause Young (Allocation Failure) 394M->132M(434M) 1.346ms
[726.334s][info][gc,cpu         ] GC(1917) User=0.00s Sys=0.00s Real=0.00s
[727.330s][info][gc,start       ] GC(1918) Pause Young (Allocation Failure)
[727.332s][info][gc,heap        ] GC(1918) PSYoungGen: 258624K(269312K)->64K(249344K) Eden: 258560K(258560K)->0K(248832K) From: 64K(10752K)->64K(512K)
[727.332s][info][gc,heap        ] GC(1918) ParOldGen: 135414K(175104K)->135422K(175104K)
[727.332s][info][gc,metaspace   ] GC(1918) Metaspace: 35608K(36288K)->35608K(36288K) NonClass: 26404K(26944K)->26404K(26944K) Class: 9204K(9344K)->9204K(9344K)
[727.332s][info][gc             ] GC(1918) Pause Young (Allocation Failure) 384M->132M(414M) 1.750ms
[727.332s][info][gc,cpu         ] GC(1918) User=0.00s Sys=0.00s Real=0.01s
[727.732s][info][gc,start       ] GC(1919) Pause Young (Allocation Failure)
[727.733s][info][gc,heap        ] GC(1919) PSYoungGen: 248896K(249344K)->64K(248320K) Eden: 248832K(248832K)->0K(239104K) From: 64K(512K)->64K(9216K)
[727.733s][info][gc,heap        ] GC(1919) ParOldGen: 135422K(175104K)->135430K(175104K)
[727.733s][info][gc,metaspace   ] GC(1919) Metaspace: 35608K(36288K)->35608K(36288K) NonClass: 26404K(26944K)->26404K(26944K) Class: 9204K(9344K)->9204K(9344K)
[727.733s][info][gc             ] GC(1919) Pause Young (Allocation Failure) 375M->132M(413M) 1.342ms
[727.733s][info][gc,cpu         ] GC(1919) User=0.00s Sys=0.00s Real=0.00s
[727.892s][info][gc,start       ] GC(1920) Pause Young (Allocation Failure)
[727.894s][info][gc,heap        ] GC(1920) PSYoungGen: 239168K(248320K)->64K(230400K) Eden: 239104K(239104K)->0K(229888K) From: 64K(9216K)->64K(512K)
[727.894s][info][gc,heap        ] GC(1920) ParOldGen: 135430K(175104K)->135438K(175104K)
[727.894s][info][gc,metaspace   ] GC(1920) Metaspace: 35608K(36288K)->35608K(36288K) NonClass: 26404K(26944K)->26404K(26944K) Class: 9204K(9344K)->9204K(9344K)
[727.894s][info][gc             ] GC(1920) Pause Young (Allocation Failure) 365M->132M(396M) 2.268ms
[727.894s][info][gc,cpu         ] GC(1920) User=0.00s Sys=0.00s Real=0.00s
[728.082s][info][gc,start       ] GC(1921) Pause Young (Allocation Failure)
[728.083s][info][gc,heap        ] GC(1921) PSYoungGen: 229952K(230400K)->64K(229376K) Eden: 229888K(229888K)->0K(221184K) From: 64K(512K)->64K(8192K)
[728.083s][info][gc,heap        ] GC(1921) ParOldGen: 135438K(175104K)->135446K(175104K)
[728.083s][info][gc,metaspace   ] GC(1921) Metaspace: 35608K(36288K)->35608K(36288K) NonClass: 26404K(26944K)->26404K(26944K) Class: 9204K(9344K)->9204K(9344K)
[728.083s][info][gc             ] GC(1921) Pause Young (Allocation Failure) 356M->132M(395M) 1.326ms
[728.083s][info][gc,cpu         ] GC(1921) User=0.00s Sys=0.00s Real=0.00s
[728.581s][info][gc,start       ] GC(1922) Pause Young (Allocation Failure)
[728.583s][info][gc,heap        ] GC(1922) PSYoungGen: 221248K(229376K)->64K(213504K) Eden: 221184K(221184K)->0K(212992K) From: 64K(8192K)->64K(512K)
[728.583s][info][gc,heap        ] GC(1922) ParOldGen: 135446K(175104K)->135454K(175104K)
[728.583s][info][gc,metaspace   ] GC(1922) Metaspace: 35608K(36288K)->35608K(36288K) NonClass: 26404K(26944K)->26404K(26944K) Class: 9204K(9344K)->9204K(9344K)
[728.583s][info][gc             ] GC(1922) Pause Young (Allocation Failure) 348M->132M(379M) 2.132ms
[728.583s][info][gc,cpu         ] GC(1922) User=0.00s Sys=0.00s Real=0.01s
[728.799s][info][gc,start       ] GC(1923) Pause Young (Allocation Failure)
[728.800s][info][gc,heap        ] GC(1923) PSYoungGen: 213056K(213504K)->64K(212480K) Eden: 212992K(212992K)->0K(205312K) From: 64K(512K)->64K(7168K)
[728.800s][info][gc,heap        ] GC(1923) ParOldGen: 135454K(175104K)->135462K(175104K)
[728.800s][info][gc,metaspace   ] GC(1923) Metaspace: 35608K(36288K)->35608K(36288K) NonClass: 26404K(26944K)->26404K(26944K) Class: 9204K(9344K)->9204K(9344K)
[728.800s][info][gc             ] GC(1923) Pause Young (Allocation Failure) 340M->132M(378M) 1.458ms
[728.800s][info][gc,cpu         ] GC(1923) User=0.00s Sys=0.00s Real=0.00s
[729.080s][info][gc,start       ] GC(1924) Pause Young (Allocation Failure)
[729.112s][info][gc,heap        ] GC(1924) PSYoungGen: 205376K(212480K)->6656K(252416K) Eden: 205312K(205312K)->0K(245760K) From: 64K(7168K)->6656K(6656K)
[729.112s][info][gc,heap        ] GC(1924) ParOldGen: 135462K(175104K)->146526K(175104K)
[729.112s][info][gc,metaspace   ] GC(1924) Metaspace: 35608K(36288K)->35608K(36288K) NonClass: 26404K(26944K)->26404K(26944K) Class: 9204K(9344K)->9204K(9344K)
[729.112s][info][gc             ] GC(1924) Pause Young (Allocation Failure) 332M->149M(417M) 32.057ms
[729.112s][info][gc,cpu         ] GC(1924) User=0.05s Sys=0.00s Real=0.04s
[729.411s][info][gc,start       ] GC(1925) Pause Young (Allocation Failure)
[729.459s][info][gc,heap        ] GC(1925) PSYoungGen: 252416K(252416K)->12288K(272896K) Eden: 245760K(245760K)->0K(260608K) From: 6656K(6656K)->12288K(12288K)
[729.459s][info][gc,heap        ] GC(1925) ParOldGen: 146526K(175104K)->162342K(175104K)
[729.459s][info][gc,metaspace   ] GC(1925) Metaspace: 35608K(36288K)->35608K(36288K) NonClass: 26404K(26944K)->26404K(26944K) Class: 9204K(9344K)->9204K(9344K)
[729.459s][info][gc             ] GC(1925) Pause Young (Allocation Failure) 389M->170M(437M) 47.599ms
[729.459s][info][gc,cpu         ] GC(1925) User=0.09s Sys=0.00s Real=0.05s
[729.674s][info][gc,start       ] GC(1926) Pause Young (Allocation Failure)
[729.713s][info][gc,heap        ] GC(1926) PSYoungGen: 272896K(272896K)->17152K(306688K) Eden: 260608K(260608K)->0K(285696K) From: 12288K(12288K)->17152K(20992K)
[729.713s][info][gc,heap        ] GC(1926) ParOldGen: 162342K(175104K)->162774K(175104K)
[729.713s][info][gc,metaspace   ] GC(1926) Metaspace: 35608K(36288K)->35608K(36288K) NonClass: 26404K(26944K)->26404K(26944K) Class: 9204K(9344K)->9204K(9344K)
[729.713s][info][gc             ] GC(1926) Pause Young (Allocation Failure) 425M->175M(470M) 39.606ms
[729.714s][info][gc,cpu         ] GC(1926) User=0.07s Sys=0.02s Real=0.04s
[730.058s][info][gc,start       ] GC(1927) Pause Young (Allocation Failure)
[730.059s][info][gc,heap        ] GC(1927) PSYoungGen: 302848K(306688K)->64K(309760K) Eden: 285696K(285696K)->0K(285696K) From: 17152K(20992K)->64K(24064K)
[730.059s][info][gc,heap        ] GC(1927) ParOldGen: 162774K(175104K)->162782K(175104K)
[730.059s][info][gc,metaspace   ] GC(1927) Metaspace: 35608K(36288K)->35608K(36288K) NonClass: 26404K(26944K)->26404K(26944K) Class: 9204K(9344K)->9204K(9344K)
[730.059s][info][gc             ] GC(1927) Pause Young (Allocation Failure) 454M->159M(473M) 0.927ms
[730.059s][info][gc,cpu         ] GC(1927) User=0.00s Sys=0.00s Real=0.00s
[730.671s][info][gc,start       ] GC(1928) Pause Young (Allocation Failure)
[730.672s][info][gc,heap        ] GC(1928) PSYoungGen: 285760K(309760K)->64K(307712K) Eden: 285696K(285696K)->0K(286720K) From: 64K(24064K)->64K(20992K)
[730.672s][info][gc,heap        ] GC(1928) ParOldGen: 162782K(175104K)->162790K(175104K)
[730.672s][info][gc,metaspace   ] GC(1928) Metaspace: 35608K(36288K)->35608K(36288K) NonClass: 26404K(26944K)->26404K(26944K) Class: 9204K(9344K)->9204K(9344K)
[730.672s][info][gc             ] GC(1928) Pause Young (Allocation Failure) 438M->159M(471M) 1.033ms
[730.672s][info][gc,cpu         ] GC(1928) User=0.00s Sys=0.00s Real=0.01s
[731.142s][info][gc,start       ] GC(1929) Pause Young (Allocation Failure)
[731.143s][info][gc,heap        ] GC(1929) PSYoungGen: 286784K(307712K)->64K(309248K) Eden: 286720K(286720K)->0K(286720K) From: 64K(20992K)->64K(22528K)
[731.143s][info][gc,heap        ] GC(1929) ParOldGen: 162790K(175104K)->162806K(175104K)
[731.143s][info][gc,metaspace   ] GC(1929) Metaspace: 35608K(36288K)->35608K(36288K) NonClass: 26404K(26944K)->26404K(26944K) Class: 9204K(9344K)->9204K(9344K)
[731.143s][info][gc             ] GC(1929) Pause Young (Allocation Failure) 439M->159M(473M) 0.917ms
[731.143s][info][gc,cpu         ] GC(1929) User=0.00s Sys=0.00s Real=0.00s
[731.383s][info][gc,start       ] GC(1930) Pause Young (Allocation Failure)
[731.384s][info][gc,heap        ] GC(1930) PSYoungGen: 286784K(309248K)->64K(308736K) Eden: 286720K(286720K)->0K(289792K) From: 64K(22528K)->64K(18944K)
[731.384s][info][gc,heap        ] GC(1930) ParOldGen: 162806K(175104K)->162822K(175104K)
[731.384s][info][gc,metaspace   ] GC(1930) Metaspace: 35608K(36288K)->35608K(36288K) NonClass: 26404K(26944K)->26404K(26944K) Class: 9204K(9344K)->9204K(9344K)
[731.384s][info][gc             ] GC(1930) Pause Young (Allocation Failure) 439M->159M(472M) 0.951ms
[731.384s][info][gc,cpu         ] GC(1930) User=0.00s Sys=0.00s Real=0.00s
[731.631s][info][gc,start       ] GC(1931) Pause Young (Allocation Failure)
[731.632s][info][gc,heap        ] GC(1931) PSYoungGen: 289856K(308736K)->64K(310272K) Eden: 289792K(289792K)->0K(289792K) From: 64K(18944K)->64K(20480K)
[731.632s][info][gc,heap        ] GC(1931) ParOldGen: 162822K(175104K)->162822K(175104K)
[731.632s][info][gc,metaspace   ] GC(1931) Metaspace: 35608K(36288K)->35608K(36288K) NonClass: 26404K(26944K)->26404K(26944K) Class: 9204K(9344K)->9204K(9344K)
[731.632s][info][gc             ] GC(1931) Pause Young (Allocation Failure) 442M->159M(474M) 0.922ms
[731.632s][info][gc,cpu         ] GC(1931) User=0.00s Sys=0.00s Real=0.01s
[731.951s][info][gc,start       ] GC(1932) Pause Young (Allocation Failure)
[731.952s][info][gc,heap        ] GC(1932) PSYoungGen: 289856K(310272K)->64K(310784K) Eden: 289792K(289792K)->0K(293888K) From: 64K(20480K)->64K(16896K)
[731.952s][info][gc,heap        ] GC(1932) ParOldGen: 162822K(175104K)->162822K(175104K)
[731.952s][info][gc,metaspace   ] GC(1932) Metaspace: 35608K(36288K)->35608K(36288K) NonClass: 26404K(26944K)->26404K(26944K) Class: 9204K(9344K)->9204K(9344K)
[731.952s][info][gc             ] GC(1932) Pause Young (Allocation Failure) 442M->159M(474M) 0.908ms
[731.952s][info][gc,cpu         ] GC(1932) User=0.01s Sys=0.00s Real=0.01s
[732.007s][info][gc,start       ] GC(1933) Pause Young (Allocation Failure)
[732.007s][info][gc,heap        ] GC(1933) PSYoungGen: 293952K(310784K)->64K(312320K) Eden: 293888K(293888K)->0K(293888K) From: 64K(16896K)->64K(18432K)
[732.007s][info][gc,heap        ] GC(1933) ParOldGen: 162822K(175104K)->162838K(175104K)
[732.008s][info][gc,metaspace   ] GC(1933) Metaspace: 35608K(36288K)->35608K(36288K) NonClass: 26404K(26944K)->26404K(26944K) Class: 9204K(9344K)->9204K(9344K)
[732.008s][info][gc             ] GC(1933) Pause Young (Allocation Failure) 446M->159M(476M) 0.948ms
[732.008s][info][gc,cpu         ] GC(1933) User=0.00s Sys=0.00s Real=0.00s
[732.087s][info][gc,start       ] GC(1934) Pause Young (Allocation Failure)
[732.088s][info][gc,heap        ] GC(1934) PSYoungGen: 293952K(312320K)->64K(312832K) Eden: 293888K(293888K)->0K(297472K) From: 64K(18432K)->64K(15360K)
[732.088s][info][gc,heap        ] GC(1934) ParOldGen: 162838K(175104K)->162838K(175104K)
[732.088s][info][gc,metaspace   ] GC(1934) Metaspace: 35608K(36288K)->35608K(36288K) NonClass: 26404K(26944K)->26404K(26944K) Class: 9204K(9344K)->9204K(9344K)
[732.088s][info][gc             ] GC(1934) Pause Young (Allocation Failure) 446M->159M(476M) 0.950ms
[732.088s][info][gc,cpu         ] GC(1934) User=0.00s Sys=0.00s Real=0.00s
[732.381s][info][gc,start       ] GC(1935) Pause Young (Allocation Failure)
[732.382s][info][gc,heap        ] GC(1935) PSYoungGen: 297536K(312832K)->64K(314368K) Eden: 297472K(297472K)->0K(297472K) From: 64K(15360K)->64K(16896K)
[732.382s][info][gc,heap        ] GC(1935) ParOldGen: 162838K(175104K)->162854K(175104K)
[732.382s][info][gc,metaspace   ] GC(1935) Metaspace: 35608K(36288K)->35608K(36288K) NonClass: 26404K(26944K)->26404K(26944K) Class: 9204K(9344K)->9204K(9344K)
[732.382s][info][gc             ] GC(1935) Pause Young (Allocation Failure) 449M->159M(478M) 0.956ms
[732.382s][info][gc,cpu         ] GC(1935) User=0.01s Sys=0.00s Real=0.01s
[732.601s][info][gc,start       ] GC(1936) Pause Young (Allocation Failure)
[732.602s][info][gc,heap        ] GC(1936) PSYoungGen: 297536K(314368K)->64K(314368K) Eden: 297472K(297472K)->0K(301056K) From: 64K(16896K)->64K(13312K)
[732.602s][info][gc,heap        ] GC(1936) ParOldGen: 162854K(175104K)->162854K(175104K)
[732.602s][info][gc,metaspace   ] GC(1936) Metaspace: 35608K(36288K)->35608K(36288K) NonClass: 26404K(26944K)->26404K(26944K) Class: 9204K(9344K)->9204K(9344K)
[732.602s][info][gc             ] GC(1936) Pause Young (Allocation Failure) 449M->159M(478M) 0.979ms
[732.602s][info][gc,cpu         ] GC(1936) User=0.00s Sys=0.00s Real=0.01s
[732.688s][info][gc,start       ] GC(1937) Pause Young (Allocation Failure)
[732.689s][info][gc,heap        ] GC(1937) PSYoungGen: 301120K(314368K)->32K(315904K) Eden: 301056K(301056K)->0K(301056K) From: 64K(13312K)->32K(14848K)
[732.689s][info][gc,heap        ] GC(1937) ParOldGen: 162854K(175104K)->162870K(175104K)
[732.689s][info][gc,metaspace   ] GC(1937) Metaspace: 35608K(36288K)->35608K(36288K) NonClass: 26404K(26944K)->26404K(26944K) Class: 9204K(9344K)->9204K(9344K)
[732.689s][info][gc             ] GC(1937) Pause Young (Allocation Failure) 453M->159M(479M) 1.378ms
[732.689s][info][gc,cpu         ] GC(1937) User=0.00s Sys=0.00s Real=0.00s
[732.856s][info][gc,start       ] GC(1938) Pause Young (Allocation Failure)
[732.857s][info][gc,heap        ] GC(1938) PSYoungGen: 301088K(315904K)->64K(289792K) Eden: 301056K(301056K)->0K(289280K) From: 32K(14848K)->64K(512K)
[732.857s][info][gc,heap        ] GC(1938) ParOldGen: 162870K(175104K)->162870K(175104K)
[732.857s][info][gc,metaspace   ] GC(1938) Metaspace: 35608K(36288K)->35608K(36288K) NonClass: 26404K(26944K)->26404K(26944K) Class: 9204K(9344K)->9204K(9344K)
[732.857s][info][gc             ] GC(1938) Pause Young (Allocation Failure) 453M->159M(454M) 1.652ms
[732.857s][info][gc,cpu         ] GC(1938) User=0.00s Sys=0.00s Real=0.00s
[733.816s][info][gc,start       ] GC(1939) Pause Young (Allocation Failure)
[733.817s][info][gc,heap        ] GC(1939) PSYoungGen: 289344K(289792K)->64K(291328K) Eden: 289280K(289280K)->0K(278016K) From: 64K(512K)->64K(13312K)
[733.817s][info][gc,heap        ] GC(1939) ParOldGen: 162870K(175104K)->162878K(175104K)
[733.817s][info][gc,metaspace   ] GC(1939) Metaspace: 35608K(36288K)->35608K(36288K) NonClass: 26404K(26944K)->26404K(26944K) Class: 9204K(9344K)->9204K(9344K)
[733.817s][info][gc             ] GC(1939) Pause Young (Allocation Failure) 441M->159M(455M) 0.883ms
[733.817s][info][gc,cpu         ] GC(1939) User=0.00s Sys=0.00s Real=0.00s
[734.652s][info][gc,start       ] GC(1940) Pause Young (Allocation Failure)
[734.654s][info][gc,heap        ] GC(1940) PSYoungGen: 278080K(291328K)->64K(267776K) Eden: 278016K(278016K)->0K(267264K) From: 64K(13312K)->64K(512K)
[734.654s][info][gc,heap        ] GC(1940) ParOldGen: 162878K(175104K)->162886K(175104K)
[734.654s][info][gc,metaspace   ] GC(1940) Metaspace: 35608K(36288K)->35608K(36288K) NonClass: 26404K(26944K)->26404K(26944K) Class: 9204K(9344K)->9204K(9344K)
[734.654s][info][gc             ] GC(1940) Pause Young (Allocation Failure) 430M->159M(432M) 1.583ms
[734.654s][info][gc,cpu         ] GC(1940) User=0.00s Sys=0.00s Real=0.00s
[734.864s][info][gc,start       ] GC(1941) Pause Young (Allocation Failure)
[734.866s][info][gc,heap        ] GC(1941) PSYoungGen: 267328K(267776K)->64K(268800K) Eden: 267264K(267264K)->0K(257024K) From: 64K(512K)->64K(11776K)
[734.866s][info][gc,heap        ] GC(1941) ParOldGen: 162886K(175104K)->162902K(175104K)
[734.866s][info][gc,metaspace   ] GC(1941) Metaspace: 35608K(36288K)->35608K(36288K) NonClass: 26404K(26944K)->26404K(26944K) Class: 9204K(9344K)->9204K(9344K)
[734.866s][info][gc             ] GC(1941) Pause Young (Allocation Failure) 420M->159M(433M) 1.469ms
[734.866s][info][gc,cpu         ] GC(1941) User=0.00s Sys=0.00s Real=0.00s
[735.300s][info][gc,start       ] GC(1942) Pause Young (Allocation Failure)
[735.301s][info][gc,heap        ] GC(1942) PSYoungGen: 257088K(268800K)->64K(247808K) Eden: 257024K(257024K)->0K(247296K) From: 64K(11776K)->64K(512K)
[735.301s][info][gc,heap        ] GC(1942) ParOldGen: 162902K(175104K)->162918K(175104K)
[735.301s][info][gc,metaspace   ] GC(1942) Metaspace: 35608K(36288K)->35608K(36288K) NonClass: 26404K(26944K)->26404K(26944K) Class: 9204K(9344K)->9204K(9344K)
[735.301s][info][gc             ] GC(1942) Pause Young (Allocation Failure) 410M->159M(413M) 1.752ms
[735.301s][info][gc,cpu         ] GC(1942) User=0.00s Sys=0.00s Real=0.00s
[736.296s][info][gc,start       ] GC(1943) Pause Young (Allocation Failure)
[736.298s][info][gc,heap        ] GC(1943) PSYoungGen: 247360K(247808K)->64K(248320K) Eden: 247296K(247296K)->0K(238080K) From: 64K(512K)->64K(10240K)
[736.298s][info][gc,heap        ] GC(1943) ParOldGen: 162918K(175104K)->162926K(175104K)
[736.298s][info][gc,metaspace   ] GC(1943) Metaspace: 35608K(36288K)->35608K(36288K) NonClass: 26404K(26944K)->26404K(26944K) Class: 9204K(9344K)->9204K(9344K)
[736.298s][info][gc             ] GC(1943) Pause Young (Allocation Failure) 400M->159M(413M) 1.477ms
[736.298s][info][gc,cpu         ] GC(1943) User=0.00s Sys=0.00s Real=0.00s
[736.642s][info][gc,start       ] GC(1944) Pause Young (Allocation Failure)
[736.645s][info][gc,heap        ] GC(1944) PSYoungGen: 238144K(248320K)->64K(229376K) Eden: 238080K(238080K)->0K(228864K) From: 64K(10240K)->64K(512K)
[736.645s][info][gc,heap        ] GC(1944) ParOldGen: 162926K(175104K)->162934K(175104K)
[736.645s][info][gc,metaspace   ] GC(1944) Metaspace: 35608K(36288K)->35608K(36288K) NonClass: 26404K(26944K)->26404K(26944K) Class: 9204K(9344K)->9204K(9344K)
[736.645s][info][gc             ] GC(1944) Pause Young (Allocation Failure) 391M->159M(395M) 2.551ms
[736.645s][info][gc,cpu         ] GC(1944) User=0.01s Sys=0.00s Real=0.00s
[736.778s][info][gc,start       ] GC(1945) Pause Young (Allocation Failure)
[736.780s][info][gc,heap        ] GC(1945) PSYoungGen: 228928K(229376K)->64K(228864K) Eden: 228864K(228864K)->0K(220160K) From: 64K(512K)->64K(8704K)
[736.780s][info][gc,heap        ] GC(1945) ParOldGen: 162934K(175104K)->162942K(175104K)
[736.780s][info][gc,metaspace   ] GC(1945) Metaspace: 35608K(36288K)->35608K(36288K) NonClass: 26404K(26944K)->26404K(26944K) Class: 9204K(9344K)->9204K(9344K)
[736.780s][info][gc             ] GC(1945) Pause Young (Allocation Failure) 382M->159M(394M) 1.549ms
[736.780s][info][gc,cpu         ] GC(1945) User=0.00s Sys=0.00s Real=0.00s
[737.052s][info][gc,start       ] GC(1946) Pause Young (Allocation Failure)
[737.054s][info][gc,heap        ] GC(1946) PSYoungGen: 220224K(228864K)->64K(212480K) Eden: 220160K(220160K)->0K(211968K) From: 64K(8704K)->64K(512K)
[737.054s][info][gc,heap        ] GC(1946) ParOldGen: 162942K(175104K)->162950K(175104K)
[737.054s][info][gc,metaspace   ] GC(1946) Metaspace: 35608K(36288K)->35608K(36288K) NonClass: 26404K(26944K)->26404K(26944K) Class: 9204K(9344K)->9204K(9344K)
[737.054s][info][gc             ] GC(1946) Pause Young (Allocation Failure) 374M->159M(378M) 2.234ms
[737.054s][info][gc,cpu         ] GC(1946) User=0.00s Sys=0.00s Real=0.00s
[737.461s][info][gc,start       ] GC(1947) Pause Young (Allocation Failure)
[737.463s][info][gc,heap        ] GC(1947) PSYoungGen: 212032K(212480K)->64K(211968K) Eden: 211968K(211968K)->0K(204288K) From: 64K(512K)->64K(7680K)
[737.463s][info][gc,heap        ] GC(1947) ParOldGen: 162950K(175104K)->162958K(175104K)
[737.463s][info][gc,metaspace   ] GC(1947) Metaspace: 35608K(36288K)->35608K(36288K) NonClass: 26404K(26944K)->26404K(26944K) Class: 9204K(9344K)->9204K(9344K)
[737.463s][info][gc             ] GC(1947) Pause Young (Allocation Failure) 366M->159M(378M) 1.534ms
[737.463s][info][gc,cpu         ] GC(1947) User=0.00s Sys=0.00s Real=0.01s
[737.702s][info][gc,start       ] GC(1948) Pause Young (Allocation Failure)
[737.704s][info][gc,heap        ] GC(1948) PSYoungGen: 204352K(211968K)->64K(197632K) Eden: 204288K(204288K)->0K(197120K) From: 64K(7680K)->64K(512K)
[737.704s][info][gc,heap        ] GC(1948) ParOldGen: 162958K(175104K)->162966K(175104K)
[737.704s][info][gc,metaspace   ] GC(1948) Metaspace: 35608K(36288K)->35608K(36288K) NonClass: 26404K(26944K)->26404K(26944K) Class: 9204K(9344K)->9204K(9344K)
[737.704s][info][gc             ] GC(1948) Pause Young (Allocation Failure) 358M->159M(364M) 2.037ms
[737.704s][info][gc,cpu         ] GC(1948) User=0.00s Sys=0.01s Real=0.00s
[737.967s][info][gc,start       ] GC(1949) Pause Young (Allocation Failure)
[738.002s][info][gc,heap        ] GC(1949) PSYoungGen: 197184K(197632K)->6656K(242688K) Eden: 197120K(197120K)->0K(236032K) From: 64K(512K)->6656K(6656K)
[738.002s][info][gc,heap        ] GC(1949) ParOldGen: 162966K(175104K)->175342K(175616K)
[738.002s][info][gc,metaspace   ] GC(1949) Metaspace: 35608K(36288K)->35608K(36288K) NonClass: 26404K(26944K)->26404K(26944K) Class: 9204K(9344K)->9204K(9344K)
[738.002s][info][gc             ] GC(1949) Pause Young (Allocation Failure) 351M->177M(408M) 35.373ms
[738.002s][info][gc,cpu         ] GC(1949) User=0.06s Sys=0.00s Real=0.04s
[738.289s][info][gc,start       ] GC(1950) Pause Young (Allocation Failure)
[738.348s][info][gc,heap        ] GC(1950) PSYoungGen: 242688K(242688K)->6656K(253952K) Eden: 236032K(236032K)->0K(247296K) From: 6656K(6656K)->6656K(6656K)
[738.348s][info][gc,heap        ] GC(1950) ParOldGen: 175342K(175616K)->195734K(196096K)
[738.348s][info][gc,metaspace   ] GC(1950) Metaspace: 35608K(36288K)->35608K(36288K) NonClass: 26404K(26944K)->26404K(26944K) Class: 9204K(9344K)->9204K(9344K)
[738.348s][info][gc             ] GC(1950) Pause Young (Allocation Failure) 408M->197M(439M) 58.369ms
[738.348s][info][gc,cpu         ] GC(1950) User=0.10s Sys=0.01s Real=0.06s
[738.557s][info][gc,start       ] GC(1951) Pause Young (Allocation Failure)
[738.589s][info][gc,heap        ] GC(1951) PSYoungGen: 253952K(253952K)->16928K(268288K) Eden: 247296K(247296K)->0K(247296K) From: 6656K(6656K)->16928K(20992K)
[738.589s][info][gc,heap        ] GC(1951) ParOldGen: 195734K(196096K)->196278K(196608K)
[738.589s][info][gc,metaspace   ] GC(1951) Metaspace: 35608K(36288K)->35608K(36288K) NonClass: 26404K(26944K)->26404K(26944K) Class: 9204K(9344K)->9204K(9344K)
[738.589s][info][gc             ] GC(1951) Pause Young (Allocation Failure) 439M->208M(454M) 31.730ms
[738.589s][info][gc,cpu         ] GC(1951) User=0.06s Sys=0.00s Real=0.03s
[738.805s][info][gc,start       ] GC(1952) Pause Young (Allocation Failure)
[738.806s][info][gc,heap        ] GC(1952) PSYoungGen: 264224K(268288K)->64K(310784K) Eden: 247296K(247296K)->0K(287232K) From: 16928K(20992K)->64K(23552K)
[738.806s][info][gc,heap        ] GC(1952) ParOldGen: 196278K(196608K)->196286K(196608K)
[738.806s][info][gc,metaspace   ] GC(1952) Metaspace: 35608K(36288K)->35608K(36288K) NonClass: 26404K(26944K)->26404K(26944K) Class: 9204K(9344K)->9204K(9344K)
[738.806s][info][gc             ] GC(1952) Pause Young (Allocation Failure) 449M->191M(495M) 0.968ms
[738.806s][info][gc,cpu         ] GC(1952) User=0.00s Sys=0.00s Real=0.00s
[739.493s][info][gc,start       ] GC(1953) Pause Young (Allocation Failure)
[739.495s][info][gc,heap        ] GC(1953) PSYoungGen: 287296K(310784K)->64K(287744K) Eden: 287232K(287232K)->0K(287232K) From: 64K(23552K)->64K(512K)
[739.495s][info][gc,heap        ] GC(1953) ParOldGen: 196286K(196608K)->196294K(196608K)
[739.495s][info][gc,metaspace   ] GC(1953) Metaspace: 35608K(36288K)->35608K(36288K) NonClass: 26404K(26944K)->26404K(26944K) Class: 9204K(9344K)->9204K(9344K)
[739.495s][info][gc             ] GC(1953) Pause Young (Allocation Failure) 472M->191M(473M) 1.422ms
[739.495s][info][gc,cpu         ] GC(1953) User=0.00s Sys=0.00s Real=0.00s
[739.989s][info][gc,start       ] GC(1954) Pause Young (Allocation Failure)
[739.990s][info][gc,heap        ] GC(1954) PSYoungGen: 287296K(287744K)->64K(309760K) Eden: 287232K(287232K)->0K(287744K) From: 64K(512K)->64K(22016K)
[739.990s][info][gc,heap        ] GC(1954) ParOldGen: 196294K(196608K)->196310K(196608K)
[739.990s][info][gc,metaspace   ] GC(1954) Metaspace: 35608K(36288K)->35608K(36288K) NonClass: 26404K(26944K)->26404K(26944K) Class: 9204K(9344K)->9204K(9344K)
[739.990s][info][gc             ] GC(1954) Pause Young (Allocation Failure) 472M->191M(494M) 1.060ms
[739.990s][info][gc,cpu         ] GC(1954) User=0.00s Sys=0.00s Real=0.00s
[740.235s][info][gc,start       ] GC(1955) Pause Young (Allocation Failure)
[740.236s][info][gc,heap        ] GC(1955) PSYoungGen: 287808K(309760K)->64K(309248K) Eden: 287744K(287744K)->0K(287744K) From: 64K(22016K)->64K(21504K)
[740.236s][info][gc,heap        ] GC(1955) ParOldGen: 196310K(196608K)->196326K(196608K)
[740.236s][info][gc,metaspace   ] GC(1955) Metaspace: 35608K(36288K)->35608K(36288K) NonClass: 26404K(26944K)->26404K(26944K) Class: 9204K(9344K)->9204K(9344K)
[740.236s][info][gc             ] GC(1955) Pause Young (Allocation Failure) 472M->191M(494M) 1.057ms
[740.236s][info][gc,cpu         ] GC(1955) User=0.00s Sys=0.00s Real=0.00s
[740.478s][info][gc,start       ] GC(1956) Pause Young (Allocation Failure)
[740.479s][info][gc,heap        ] GC(1956) PSYoungGen: 287808K(309248K)->64K(311296K) Eden: 287744K(287744K)->0K(291328K) From: 64K(21504K)->64K(19968K)
[740.479s][info][gc,heap        ] GC(1956) ParOldGen: 196326K(196608K)->196326K(196608K)
[740.479s][info][gc,metaspace   ] GC(1956) Metaspace: 35608K(36288K)->35608K(36288K) NonClass: 26404K(26944K)->26404K(26944K) Class: 9204K(9344K)->9204K(9344K)
[740.480s][info][gc             ] GC(1956) Pause Young (Allocation Failure) 472M->191M(496M) 1.105ms
[740.480s][info][gc,cpu         ] GC(1956) User=0.00s Sys=0.00s Real=0.00s
[740.841s][info][gc,start       ] GC(1957) Pause Young (Allocation Failure)
[740.842s][info][gc,heap        ] GC(1957) PSYoungGen: 291392K(311296K)->64K(310784K) Eden: 291328K(291328K)->0K(291328K) From: 64K(19968K)->64K(19456K)
[740.842s][info][gc,heap        ] GC(1957) ParOldGen: 196326K(196608K)->196326K(196608K)
[740.842s][info][gc,metaspace   ] GC(1957) Metaspace: 35608K(36288K)->35608K(36288K) NonClass: 26404K(26944K)->26404K(26944K) Class: 9204K(9344K)->9204K(9344K)
[740.842s][info][gc             ] GC(1957) Pause Young (Allocation Failure) 476M->191M(495M) 1.025ms
[740.842s][info][gc,cpu         ] GC(1957) User=0.00s Sys=0.00s Real=0.00s
[740.894s][info][gc,start       ] GC(1958) Pause Young (Allocation Failure)
[740.895s][info][gc,heap        ] GC(1958) PSYoungGen: 291392K(310784K)->64K(313344K) Eden: 291328K(291328K)->0K(295424K) From: 64K(19456K)->64K(17920K)
[740.895s][info][gc,heap        ] GC(1958) ParOldGen: 196326K(196608K)->196342K(196608K)
[740.895s][info][gc,metaspace   ] GC(1958) Metaspace: 35608K(36288K)->35608K(36288K) NonClass: 26404K(26944K)->26404K(26944K) Class: 9204K(9344K)->9204K(9344K)
[740.895s][info][gc             ] GC(1958) Pause Young (Allocation Failure) 476M->191M(498M) 1.004ms
[740.895s][info][gc,cpu         ] GC(1958) User=0.00s Sys=0.00s Real=0.00s
[740.950s][info][gc,start       ] GC(1959) Pause Young (Allocation Failure)
[740.951s][info][gc,heap        ] GC(1959) PSYoungGen: 295488K(313344K)->64K(312832K) Eden: 295424K(295424K)->0K(295424K) From: 64K(17920K)->64K(17408K)
[740.951s][info][gc,heap        ] GC(1959) ParOldGen: 196342K(196608K)->196342K(196608K)
[740.951s][info][gc,metaspace   ] GC(1959) Metaspace: 35608K(36288K)->35608K(36288K) NonClass: 26404K(26944K)->26404K(26944K) Class: 9204K(9344K)->9204K(9344K)
[740.951s][info][gc             ] GC(1959) Pause Young (Allocation Failure) 480M->191M(497M) 0.950ms
[740.951s][info][gc,cpu         ] GC(1959) User=0.00s Sys=0.00s Real=0.00s
[741.243s][info][gc,start       ] GC(1960) Pause Young (Allocation Failure)
[741.244s][info][gc,heap        ] GC(1960) PSYoungGen: 295488K(312832K)->64K(315392K) Eden: 295424K(295424K)->0K(299520K) From: 64K(17408K)->64K(15872K)
[741.244s][info][gc,heap        ] GC(1960) ParOldGen: 196342K(196608K)->196342K(196608K)
[741.244s][info][gc,metaspace   ] GC(1960) Metaspace: 35608K(36288K)->35608K(36288K) NonClass: 26404K(26944K)->26404K(26944K) Class: 9204K(9344K)->9204K(9344K)
[741.244s][info][gc             ] GC(1960) Pause Young (Allocation Failure) 480M->191M(500M) 1.117ms
[741.244s][info][gc,cpu         ] GC(1960) User=0.00s Sys=0.00s Real=0.00s
[741.510s][info][gc,start       ] GC(1961) Pause Young (Allocation Failure)
[741.511s][info][gc,heap        ] GC(1961) PSYoungGen: 299584K(315392K)->64K(315392K) Eden: 299520K(299520K)->0K(299520K) From: 64K(15872K)->64K(15872K)
[741.511s][info][gc,heap        ] GC(1961) ParOldGen: 196342K(196608K)->196350K(196608K)
[741.511s][info][gc,metaspace   ] GC(1961) Metaspace: 35608K(36288K)->35608K(36288K) NonClass: 26404K(26944K)->26404K(26944K) Class: 9204K(9344K)->9204K(9344K)
[741.511s][info][gc             ] GC(1961) Pause Young (Allocation Failure) 484M->191M(500M) 1.009ms
[741.511s][info][gc,cpu         ] GC(1961) User=0.00s Sys=0.00s Real=0.00s
[741.604s][info][gc,start       ] GC(1962) Pause Young (Allocation Failure)
[741.605s][info][gc,heap        ] GC(1962) PSYoungGen: 299584K(315392K)->64K(316928K) Eden: 299520K(299520K)->0K(303104K) From: 64K(15872K)->64K(13824K)
[741.605s][info][gc,heap        ] GC(1962) ParOldGen: 196350K(196608K)->196358K(196608K)
[741.605s][info][gc,metaspace   ] GC(1962) Metaspace: 35608K(36288K)->35608K(36288K) NonClass: 26404K(26944K)->26404K(26944K) Class: 9204K(9344K)->9204K(9344K)
[741.605s][info][gc             ] GC(1962) Pause Young (Allocation Failure) 484M->191M(501M) 1.051ms
[741.605s][info][gc,cpu         ] GC(1962) User=0.00s Sys=0.00s Real=0.00s
[741.766s][info][gc,start       ] GC(1963) Pause Young (Allocation Failure)
[741.767s][info][gc,heap        ] GC(1963) PSYoungGen: 303168K(316928K)->64K(291328K) Eden: 303104K(303104K)->0K(290816K) From: 64K(13824K)->64K(512K)
[741.767s][info][gc,heap        ] GC(1963) ParOldGen: 196358K(196608K)->196366K(196608K)
[741.767s][info][gc,metaspace   ] GC(1963) Metaspace: 35608K(36288K)->35608K(36288K) NonClass: 26404K(26944K)->26404K(26944K) Class: 9204K(9344K)->9204K(9344K)
[741.767s][info][gc             ] GC(1963) Pause Young (Allocation Failure) 487M->191M(476M) 1.054ms
[741.767s][info][gc,cpu         ] GC(1963) User=0.00s Sys=0.00s Real=0.00s
[742.202s][info][gc,start       ] GC(1964) Pause Young (Allocation Failure)
[742.203s][info][gc,heap        ] GC(1964) PSYoungGen: 290880K(291328K)->64K(280064K) Eden: 290816K(290816K)->0K(279552K) From: 64K(512K)->64K(512K)
[742.203s][info][gc,heap        ] GC(1964) ParOldGen: 196366K(196608K)->196374K(196608K)
[742.203s][info][gc,metaspace   ] GC(1964) Metaspace: 35608K(36288K)->35608K(36288K) NonClass: 26404K(26944K)->26404K(26944K) Class: 9204K(9344K)->9204K(9344K)
[742.203s][info][gc             ] GC(1964) Pause Young (Allocation Failure) 475M->191M(465M) 1.090ms
[742.203s][info][gc,cpu         ] GC(1964) User=0.00s Sys=0.00s Real=0.00s
[742.880s][info][gc,start       ] GC(1965) Pause Young (Allocation Failure)
[742.881s][info][gc,heap        ] GC(1965) PSYoungGen: 279616K(280064K)->83K(281088K) Eden: 279552K(279552K)->0K(268800K) From: 64K(512K)->83K(12288K)
[742.881s][info][gc,heap        ] GC(1965) ParOldGen: 196374K(196608K)->196382K(196608K)
[742.881s][info][gc,metaspace   ] GC(1965) Metaspace: 35608K(36288K)->35608K(36288K) NonClass: 26404K(26944K)->26404K(26944K) Class: 9204K(9344K)->9204K(9344K)
[742.881s][info][gc             ] GC(1965) Pause Young (Allocation Failure) 464M->191M(466M) 1.184ms
[742.881s][info][gc,cpu         ] GC(1965) User=0.00s Sys=0.00s Real=0.00s
[743.921s][info][gc,start       ] GC(1966) Pause Young (Allocation Failure)
[743.924s][info][gc,heap        ] GC(1966) PSYoungGen: 268883K(281088K)->64K(259072K) Eden: 268800K(268800K)->0K(258560K) From: 83K(12288K)->64K(512K)
[743.924s][info][gc,heap        ] GC(1966) ParOldGen: 196382K(196608K)->196390K(196608K)
[743.924s][info][gc,metaspace   ] GC(1966) Metaspace: 35608K(36288K)->35608K(36288K) NonClass: 26404K(26944K)->26404K(26944K) Class: 9204K(9344K)->9204K(9344K)
[743.924s][info][gc             ] GC(1966) Pause Young (Allocation Failure) 454M->191M(445M) 2.747ms
[743.924s][info][gc,cpu         ] GC(1966) User=0.01s Sys=0.00s Real=0.01s
[744.374s][info][gc,start       ] GC(1967) Pause Young (Allocation Failure)
[744.375s][info][gc,heap        ] GC(1967) PSYoungGen: 258624K(259072K)->64K(259584K) Eden: 258560K(258560K)->0K(248832K) From: 64K(512K)->64K(10752K)
[744.375s][info][gc,heap        ] GC(1967) ParOldGen: 196390K(196608K)->196398K(196608K)
[744.375s][info][gc,metaspace   ] GC(1967) Metaspace: 35608K(36288K)->35608K(36288K) NonClass: 26404K(26944K)->26404K(26944K) Class: 9204K(9344K)->9204K(9344K)
[744.375s][info][gc             ] GC(1967) Pause Young (Allocation Failure) 444M->191M(445M) 1.338ms
[744.375s][info][gc,cpu         ] GC(1967) User=0.01s Sys=0.00s Real=0.00s
[745.417s][info][gc,start       ] GC(1968) Pause Young (Allocation Failure)
[745.419s][info][gc,heap        ] GC(1968) PSYoungGen: 248896K(259584K)->64K(239616K) Eden: 248832K(248832K)->0K(239104K) From: 64K(10752K)->64K(512K)
[745.419s][info][gc,heap        ] GC(1968) ParOldGen: 196398K(196608K)->196406K(196608K)
[745.419s][info][gc,metaspace   ] GC(1968) Metaspace: 35608K(36288K)->35608K(36288K) NonClass: 26404K(26944K)->26404K(26944K) Class: 9204K(9344K)->9204K(9344K)
[745.419s][info][gc             ] GC(1968) Pause Young (Allocation Failure) 434M->191M(426M) 1.968ms
[745.419s][info][gc,cpu         ] GC(1968) User=0.01s Sys=0.00s Real=0.00s
[745.824s][info][gc,start       ] GC(1969) Pause Young (Allocation Failure)
[745.825s][info][gc,heap        ] GC(1969) PSYoungGen: 239168K(239616K)->64K(239104K) Eden: 239104K(239104K)->0K(229888K) From: 64K(512K)->64K(9216K)
[745.825s][info][gc,heap        ] GC(1969) ParOldGen: 196406K(196608K)->196414K(196608K)
[745.825s][info][gc,metaspace   ] GC(1969) Metaspace: 35608K(36288K)->35608K(36288K) NonClass: 26404K(26944K)->26404K(26944K) Class: 9204K(9344K)->9204K(9344K)
[745.825s][info][gc             ] GC(1969) Pause Young (Allocation Failure) 425M->191M(425M) 1.046ms
[745.825s][info][gc,cpu         ] GC(1969) User=0.00s Sys=0.00s Real=0.00s
[745.980s][info][gc,start       ] GC(1970) Pause Young (Allocation Failure)
[745.983s][info][gc,heap        ] GC(1970) PSYoungGen: 229952K(239104K)->64K(221696K) Eden: 229888K(229888K)->0K(221184K) From: 64K(9216K)->64K(512K)
[745.983s][info][gc,heap        ] GC(1970) ParOldGen: 196414K(196608K)->196422K(196608K)
[745.983s][info][gc,metaspace   ] GC(1970) Metaspace: 35608K(36288K)->35608K(36288K) NonClass: 26404K(26944K)->26404K(26944K) Class: 9204K(9344K)->9204K(9344K)
[745.983s][info][gc             ] GC(1970) Pause Young (Allocation Failure) 416M->191M(408M) 2.637ms
[745.983s][info][gc,cpu         ] GC(1970) User=0.01s Sys=0.00s Real=0.01s
[746.183s][info][gc,start       ] GC(1971) Pause Young (Allocation Failure)
[746.184s][info][gc,heap        ] GC(1971) PSYoungGen: 221248K(221696K)->64K(221184K) Eden: 221184K(221184K)->0K(212992K) From: 64K(512K)->64K(8192K)
[746.184s][info][gc,heap        ] GC(1971) ParOldGen: 196422K(196608K)->196430K(196608K)
[746.184s][info][gc,metaspace   ] GC(1971) Metaspace: 35608K(36288K)->35608K(36288K) NonClass: 26404K(26944K)->26404K(26944K) Class: 9204K(9344K)->9204K(9344K)
[746.184s][info][gc             ] GC(1971) Pause Young (Allocation Failure) 407M->191M(408M) 1.686ms
[746.184s][info][gc,cpu         ] GC(1971) User=0.01s Sys=0.00s Real=0.00s
[746.664s][info][gc,start       ] GC(1972) Pause Young (Allocation Failure)
[746.666s][info][gc,heap        ] GC(1972) PSYoungGen: 213056K(221184K)->32K(205824K) Eden: 212992K(212992K)->0K(205312K) From: 64K(8192K)->32K(512K)
[746.666s][info][gc,heap        ] GC(1972) ParOldGen: 196430K(196608K)->196438K(196608K)
[746.666s][info][gc,metaspace   ] GC(1972) Metaspace: 35608K(36288K)->35608K(36288K) NonClass: 26404K(26944K)->26404K(26944K) Class: 9204K(9344K)->9204K(9344K)
[746.666s][info][gc             ] GC(1972) Pause Young (Allocation Failure) 399M->191M(393M) 2.021ms
[746.666s][info][gc,cpu         ] GC(1972) User=0.00s Sys=0.01s Real=0.00s
[746.861s][info][gc,start       ] GC(1973) Pause Young (Allocation Failure)
[746.863s][info][gc,heap        ] GC(1973) PSYoungGen: 205342K(205824K)->64K(204800K) Eden: 205310K(205312K)->0K(197632K) From: 32K(512K)->64K(7168K)
[746.863s][info][gc,heap        ] GC(1973) ParOldGen: 196438K(196608K)->196446K(196608K)
[746.863s][info][gc,metaspace   ] GC(1973) Metaspace: 35608K(36288K)->35608K(36288K) NonClass: 26404K(26944K)->26404K(26944K) Class: 9204K(9344K)->9204K(9344K)
[746.863s][info][gc             ] GC(1973) Pause Young (Allocation Failure) 392M->191M(392M) 1.616ms
[746.863s][info][gc,cpu         ] GC(1973) User=0.00s Sys=0.00s Real=0.01s
[747.146s][info][gc,start       ] GC(1974) Pause Young (Allocation Failure)
[747.178s][info][gc,heap        ] GC(1974) PSYoungGen: 197696K(204800K)->6656K(243712K) Eden: 197632K(197632K)->0K(237056K) From: 64K(7168K)->6656K(6656K)
[747.178s][info][gc,heap        ] GC(1974) ParOldGen: 196446K(196608K)->204918K(205312K)
[747.178s][info][gc,metaspace   ] GC(1974) Metaspace: 35608K(36288K)->35608K(36288K) NonClass: 26404K(26944K)->26404K(26944K) Class: 9204K(9344K)->9204K(9344K)
[747.178s][info][gc             ] GC(1974) Pause Young (Allocation Failure) 384M->206M(438M) 32.496ms
[747.178s][info][gc,cpu         ] GC(1974) User=0.06s Sys=0.00s Real=0.03s
[747.475s][info][gc,start       ] GC(1975) Pause Young (Allocation Failure)
[747.534s][info][gc,heap        ] GC(1975) PSYoungGen: 243712K(243712K)->11264K(257024K) Eden: 237056K(237056K)->0K(245760K) From: 6656K(6656K)->11264K(11264K)
[747.534s][info][gc,heap        ] GC(1975) ParOldGen: 204918K(205312K)->220702K(221184K)
[747.534s][info][gc,metaspace   ] GC(1975) Metaspace: 35608K(36288K)->35608K(36288K) NonClass: 26404K(26944K)->26404K(26944K) Class: 9204K(9344K)->9204K(9344K)
[747.534s][info][gc             ] GC(1975) Pause Young (Allocation Failure) 438M->226M(467M) 58.632ms
[747.534s][info][gc,cpu         ] GC(1975) User=0.11s Sys=0.01s Real=0.06s
[747.799s][info][gc,start       ] GC(1976) Pause Young (Allocation Failure)
[747.847s][info][gc,heap        ] GC(1976) PSYoungGen: 257024K(257024K)->19456K(298496K) Eden: 245760K(245760K)->0K(279040K) From: 11264K(11264K)->19456K(19456K)
[747.847s][info][gc,heap        ] GC(1976) ParOldGen: 220702K(221184K)->222350K(222720K)
[747.847s][info][gc,metaspace   ] GC(1976) Metaspace: 35608K(36288K)->35608K(36288K) NonClass: 26404K(26944K)->26404K(26944K) Class: 9204K(9344K)->9204K(9344K)
[747.848s][info][gc             ] GC(1976) Pause Young (Allocation Failure) 466M->236M(509M) 48.405ms
[747.848s][info][gc,cpu         ] GC(1976) User=0.08s Sys=0.02s Real=0.05s
[748.073s][info][gc,start       ] GC(1977) Pause Young (Allocation Failure)
[748.075s][info][gc,heap        ] GC(1977) PSYoungGen: 298496K(298496K)->64K(303616K) Eden: 279040K(279040K)->0K(279040K) From: 19456K(19456K)->64K(24576K)
[748.075s][info][gc,heap        ] GC(1977) ParOldGen: 222350K(222720K)->222390K(222720K)
[748.075s][info][gc,metaspace   ] GC(1977) Metaspace: 35608K(36288K)->35608K(36288K) NonClass: 26404K(26944K)->26404K(26944K) Class: 9204K(9344K)->9204K(9344K)
[748.075s][info][gc             ] GC(1977) Pause Young (Allocation Failure) 508M->217M(514M) 1.501ms
[748.075s][info][gc,cpu         ] GC(1977) User=0.01s Sys=0.00s Real=0.00s
[748.773s][info][gc,start       ] GC(1978) Pause Young (Allocation Failure)
[748.775s][info][gc,heap        ] GC(1978) PSYoungGen: 279104K(303616K)->736K(306176K) Eden: 279040K(279040K)->0K(285696K) From: 64K(24576K)->736K(20480K)
[748.775s][info][gc,heap        ] GC(1978) ParOldGen: 222390K(222720K)->222398K(222720K)
[748.775s][info][gc,metaspace   ] GC(1978) Metaspace: 35617K(36288K)->35617K(36288K) NonClass: 26413K(26944K)->26413K(26944K) Class: 9204K(9344K)->9204K(9344K)
[748.775s][info][gc             ] GC(1978) Pause Young (Allocation Failure) 489M->217M(516M) 2.943ms
[748.775s][info][gc,cpu         ] GC(1978) User=0.00s Sys=0.00s Real=0.00s
[749.305s][info][gc,start       ] GC(1979) Pause Young (Allocation Failure)
[749.306s][info][gc,heap        ] GC(1979) PSYoungGen: 286432K(306176K)->128K(308224K) Eden: 285696K(285696K)->0K(285696K) From: 736K(20480K)->128K(22528K)
[749.306s][info][gc,heap        ] GC(1979) ParOldGen: 222398K(222720K)->222414K(222720K)
[749.306s][info][gc,metaspace   ] GC(1979) Metaspace: 35667K(36288K)->35667K(36288K) NonClass: 26462K(26944K)->26462K(26944K) Class: 9204K(9344K)->9204K(9344K)
[749.306s][info][gc             ] GC(1979) Pause Young (Allocation Failure) 496M->217M(518M) 1.650ms
[749.306s][info][gc,cpu         ] GC(1979) User=0.00s Sys=0.00s Real=0.00s
[749.546s][info][gc,start       ] GC(1980) Pause Young (Allocation Failure)
[749.547s][info][gc,heap        ] GC(1980) PSYoungGen: 285824K(308224K)->64K(308736K) Eden: 285696K(285696K)->0K(289280K) From: 128K(22528K)->64K(19456K)
[749.547s][info][gc,heap        ] GC(1980) ParOldGen: 222414K(222720K)->222494K(222720K)
[749.547s][info][gc,metaspace   ] GC(1980) Metaspace: 35667K(36288K)->35667K(36288K) NonClass: 26462K(26944K)->26462K(26944K) Class: 9204K(9344K)->9204K(9344K)
[749.547s][info][gc             ] GC(1980) Pause Young (Allocation Failure) 496M->217M(519M) 1.290ms
[749.547s][info][gc,cpu         ] GC(1980) User=0.00s Sys=0.00s Real=0.00s
[749.803s][info][gc,start       ] GC(1981) Pause Young (Allocation Failure)
[749.804s][info][gc,heap        ] GC(1981) PSYoungGen: 289344K(308736K)->64K(310272K) Eden: 289280K(289280K)->0K(289280K) From: 64K(19456K)->64K(20992K)
[749.804s][info][gc,heap        ] GC(1981) ParOldGen: 222494K(222720K)->222494K(222720K)
[749.804s][info][gc,metaspace   ] GC(1981) Metaspace: 35667K(36288K)->35667K(36288K) NonClass: 26462K(26944K)->26462K(26944K) Class: 9204K(9344K)->9204K(9344K)
[749.804s][info][gc             ] GC(1981) Pause Young (Allocation Failure) 499M->217M(520M) 1.166ms
[749.804s][info][gc,cpu         ] GC(1981) User=0.01s Sys=0.00s Real=0.00s
[750.191s][info][gc,start       ] GC(1982) Pause Young (Allocation Failure)
[750.193s][info][gc,heap        ] GC(1982) PSYoungGen: 289344K(310272K)->64K(310272K) Eden: 289280K(289280K)->0K(292864K) From: 64K(20992K)->64K(17408K)
[750.193s][info][gc,heap        ] GC(1982) ParOldGen: 222494K(222720K)->222494K(222720K)
[750.193s][info][gc,metaspace   ] GC(1982) Metaspace: 35667K(36288K)->35667K(36288K) NonClass: 26462K(26944K)->26462K(26944K) Class: 9204K(9344K)->9204K(9344K)
[750.193s][info][gc             ] GC(1982) Pause Young (Allocation Failure) 499M->217M(520M) 1.121ms
[750.193s][info][gc,cpu         ] GC(1982) User=0.00s Sys=0.00s Real=0.01s
[750.247s][info][gc,start       ] GC(1983) Pause Young (Allocation Failure)
[750.248s][info][gc,heap        ] GC(1983) PSYoungGen: 292928K(310272K)->64K(311808K) Eden: 292864K(292864K)->0K(292864K) From: 64K(17408K)->64K(18944K)
[750.248s][info][gc,heap        ] GC(1983) ParOldGen: 222494K(222720K)->222510K(222720K)
[750.248s][info][gc,metaspace   ] GC(1983) Metaspace: 35667K(36288K)->35667K(36288K) NonClass: 26462K(26944K)->26462K(26944K) Class: 9204K(9344K)->9204K(9344K)
[750.248s][info][gc             ] GC(1983) Pause Young (Allocation Failure) 503M->217M(522M) 0.977ms
[750.248s][info][gc,cpu         ] GC(1983) User=0.01s Sys=0.00s Real=0.00s
[750.299s][info][gc,start       ] GC(1984) Pause Young (Allocation Failure)
[750.300s][info][gc,heap        ] GC(1984) PSYoungGen: 292928K(311808K)->64K(312320K) Eden: 292864K(292864K)->0K(296960K) From: 64K(18944K)->64K(15360K)
[750.300s][info][gc,heap        ] GC(1984) ParOldGen: 222510K(222720K)->222510K(222720K)
[750.300s][info][gc,metaspace   ] GC(1984) Metaspace: 35667K(36288K)->35667K(36288K) NonClass: 26462K(26944K)->26462K(26944K) Class: 9204K(9344K)->9204K(9344K)
[750.300s][info][gc             ] GC(1984) Pause Young (Allocation Failure) 503M->217M(522M) 0.954ms
[750.300s][info][gc,cpu         ] GC(1984) User=0.00s Sys=0.00s Real=0.00s
[750.555s][info][gc,start       ] GC(1985) Pause Young (Allocation Failure)
[750.556s][info][gc,heap        ] GC(1985) PSYoungGen: 297024K(312320K)->64K(313856K) Eden: 296960K(296960K)->0K(296960K) From: 64K(15360K)->64K(16896K)
[750.556s][info][gc,heap        ] GC(1985) ParOldGen: 222510K(222720K)->222510K(222720K)
[750.556s][info][gc,metaspace   ] GC(1985) Metaspace: 35667K(36288K)->35667K(36288K) NonClass: 26462K(26944K)->26462K(26944K) Class: 9204K(9344K)->9204K(9344K)
[750.556s][info][gc             ] GC(1985) Pause Young (Allocation Failure) 507M->217M(524M) 1.152ms
[750.556s][info][gc,cpu         ] GC(1985) User=0.00s Sys=0.00s Real=0.00s
[750.813s][info][gc,start       ] GC(1986) Pause Young (Allocation Failure)
[750.814s][info][gc,heap        ] GC(1986) PSYoungGen: 297024K(313856K)->64K(315392K) Eden: 296960K(296960K)->0K(301056K) From: 64K(16896K)->64K(14336K)
[750.814s][info][gc,heap        ] GC(1986) ParOldGen: 222510K(222720K)->222518K(222720K)
[750.814s][info][gc,metaspace   ] GC(1986) Metaspace: 35667K(36288K)->35667K(36288K) NonClass: 26462K(26944K)->26462K(26944K) Class: 9204K(9344K)->9204K(9344K)
[750.814s][info][gc             ] GC(1986) Pause Young (Allocation Failure) 507M->217M(525M) 1.161ms
[750.814s][info][gc,cpu         ] GC(1986) User=0.00s Sys=0.00s Real=0.00s
[750.924s][info][gc,start       ] GC(1987) Pause Young (Allocation Failure)
[750.925s][info][gc,heap        ] GC(1987) PSYoungGen: 301120K(315392K)->64K(316416K) Eden: 301056K(301056K)->0K(301056K) From: 64K(14336K)->64K(15360K)
[750.925s][info][gc,heap        ] GC(1987) ParOldGen: 222518K(222720K)->222526K(222720K)
[750.925s][info][gc,metaspace   ] GC(1987) Metaspace: 35667K(36288K)->35667K(36288K) NonClass: 26462K(26944K)->26462K(26944K) Class: 9204K(9344K)->9204K(9344K)
[750.925s][info][gc             ] GC(1987) Pause Young (Allocation Failure) 511M->217M(526M) 1.089ms
[750.925s][info][gc,cpu         ] GC(1987) User=0.01s Sys=0.00s Real=0.00s
[751.059s][info][gc,start       ] GC(1988) Pause Young (Allocation Failure)
[751.060s][info][gc,heap        ] GC(1988) PSYoungGen: 301120K(316416K)->64K(316416K) Eden: 301056K(301056K)->0K(304128K) From: 64K(15360K)->64K(12288K)
[751.060s][info][gc,heap        ] GC(1988) ParOldGen: 222526K(222720K)->222534K(222720K)
[751.060s][info][gc,metaspace   ] GC(1988) Metaspace: 35667K(36288K)->35667K(36288K) NonClass: 26462K(26944K)->26462K(26944K) Class: 9204K(9344K)->9204K(9344K)
[751.060s][info][gc             ] GC(1988) Pause Young (Allocation Failure) 511M->217M(526M) 1.065ms
[751.060s][info][gc,cpu         ] GC(1988) User=0.00s Sys=0.00s Real=0.00s
[751.463s][info][gc,start       ] GC(1989) Pause Young (Allocation Failure)
[751.465s][info][gc,heap        ] GC(1989) PSYoungGen: 304192K(316416K)->64K(292352K) Eden: 304128K(304128K)->0K(291840K) From: 64K(12288K)->64K(512K)
[751.465s][info][gc,heap        ] GC(1989) ParOldGen: 222534K(222720K)->222542K(222720K)
[751.465s][info][gc,metaspace   ] GC(1989) Metaspace: 35667K(36288K)->35667K(36288K) NonClass: 26462K(26944K)->26462K(26944K) Class: 9204K(9344K)->9204K(9344K)
[751.465s][info][gc             ] GC(1989) Pause Young (Allocation Failure) 514M->217M(503M) 1.459ms
[751.465s][info][gc,cpu         ] GC(1989) User=0.00s Sys=0.00s Real=0.00s
[752.114s][info][gc,start       ] GC(1990) Pause Young (Allocation Failure)
[752.116s][info][gc,heap        ] GC(1990) PSYoungGen: 291904K(292352K)->64K(280576K) Eden: 291840K(291840K)->0K(280064K) From: 64K(512K)->64K(512K)
[752.116s][info][gc,heap        ] GC(1990) ParOldGen: 222542K(222720K)->222550K(222720K)
[752.116s][info][gc,metaspace   ] GC(1990) Metaspace: 35667K(36288K)->35667K(36288K) NonClass: 26462K(26944K)->26462K(26944K) Class: 9204K(9344K)->9204K(9344K)
[752.116s][info][gc             ] GC(1990) Pause Young (Allocation Failure) 502M->217M(491M) 2.028ms
[752.116s][info][gc,cpu         ] GC(1990) User=0.00s Sys=0.00s Real=0.00s
[753.075s][info][gc,start       ] GC(1991) Pause Young (Allocation Failure)
[753.076s][info][gc,heap        ] GC(1991) PSYoungGen: 280128K(280576K)->64K(281088K) Eden: 280064K(280064K)->0K(269312K) From: 64K(512K)->64K(11776K)
[753.076s][info][gc,heap        ] GC(1991) ParOldGen: 222550K(222720K)->222566K(222720K)
[753.076s][info][gc,metaspace   ] GC(1991) Metaspace: 35667K(36288K)->35667K(36288K) NonClass: 26462K(26944K)->26462K(26944K) Class: 9204K(9344K)->9204K(9344K)
[753.076s][info][gc             ] GC(1991) Pause Young (Allocation Failure) 490M->217M(492M) 1.026ms
[753.076s][info][gc,cpu         ] GC(1991) User=0.00s Sys=0.00s Real=0.00s
[753.514s][info][gc,start       ] GC(1992) Pause Young (Allocation Failure)
[753.516s][info][gc,heap        ] GC(1992) PSYoungGen: 269376K(281088K)->64K(259584K) Eden: 269312K(269312K)->0K(259072K) From: 64K(11776K)->64K(512K)
[753.516s][info][gc,heap        ] GC(1992) ParOldGen: 222566K(222720K)->222574K(222720K)
[753.516s][info][gc,metaspace   ] GC(1992) Metaspace: 35667K(36288K)->35667K(36288K) NonClass: 26462K(26944K)->26462K(26944K) Class: 9204K(9344K)->9204K(9344K)
[753.516s][info][gc             ] GC(1992) Pause Young (Allocation Failure) 480M->217M(471M) 1.840ms
[753.516s][info][gc,cpu         ] GC(1992) User=0.01s Sys=0.00s Real=0.00s
[754.565s][info][gc,start       ] GC(1993) Pause Young (Allocation Failure)
[754.566s][info][gc,heap        ] GC(1993) PSYoungGen: 259136K(259584K)->64K(259072K) Eden: 259072K(259072K)->0K(248832K) From: 64K(512K)->64K(10240K)
[754.566s][info][gc,heap        ] GC(1993) ParOldGen: 222574K(222720K)->222582K(222720K)
[754.566s][info][gc,metaspace   ] GC(1993) Metaspace: 35667K(36288K)->35667K(36288K) NonClass: 26462K(26944K)->26462K(26944K) Class: 9204K(9344K)->9204K(9344K)
[754.566s][info][gc             ] GC(1993) Pause Young (Allocation Failure) 470M->217M(470M) 1.053ms
[754.566s][info][gc,cpu         ] GC(1993) User=0.00s Sys=0.01s Real=0.00s
[754.948s][info][gc,start       ] GC(1994) Pause Young (Allocation Failure)
[754.950s][info][gc,heap        ] GC(1994) PSYoungGen: 248896K(259072K)->64K(239616K) Eden: 248832K(248832K)->0K(239104K) From: 64K(10240K)->64K(512K)
[754.950s][info][gc,heap        ] GC(1994) ParOldGen: 222582K(222720K)->222590K(222720K)
[754.950s][info][gc,metaspace   ] GC(1994) Metaspace: 35667K(36288K)->35667K(36288K) NonClass: 26462K(26944K)->26462K(26944K) Class: 9204K(9344K)->9204K(9344K)
[754.950s][info][gc             ] GC(1994) Pause Young (Allocation Failure) 460M->217M(451M) 2.066ms
[754.950s][info][gc,cpu         ] GC(1994) User=0.00s Sys=0.00s Real=0.00s
[755.088s][info][gc,start       ] GC(1995) Pause Young (Allocation Failure)
[755.090s][info][gc,heap        ] GC(1995) PSYoungGen: 239168K(239616K)->64K(239104K) Eden: 239104K(239104K)->0K(229888K) From: 64K(512K)->64K(9216K)
[755.090s][info][gc,heap        ] GC(1995) ParOldGen: 222590K(222720K)->222606K(222720K)
[755.090s][info][gc,metaspace   ] GC(1995) Metaspace: 35667K(36288K)->35667K(36288K) NonClass: 26462K(26944K)->26462K(26944K) Class: 9204K(9344K)->9204K(9344K)
[755.090s][info][gc             ] GC(1995) Pause Young (Allocation Failure) 450M->217M(451M) 1.433ms
[755.090s][info][gc,cpu         ] GC(1995) User=0.00s Sys=0.00s Real=0.00s
[755.396s][info][gc,start       ] GC(1996) Pause Young (Allocation Failure)
[755.399s][info][gc,heap        ] GC(1996) PSYoungGen: 229952K(239104K)->64K(221696K) Eden: 229888K(229888K)->0K(221184K) From: 64K(9216K)->64K(512K)
[755.399s][info][gc,heap        ] GC(1996) ParOldGen: 222606K(222720K)->222614K(222720K)
[755.399s][info][gc,metaspace   ] GC(1996) Metaspace: 35667K(36288K)->35667K(36288K) NonClass: 26462K(26944K)->26462K(26944K) Class: 9204K(9344K)->9204K(9344K)
[755.399s][info][gc             ] GC(1996) Pause Young (Allocation Failure) 441M->217M(434M) 2.641ms
[755.399s][info][gc,cpu         ] GC(1996) User=0.00s Sys=0.00s Real=0.00s
[755.782s][info][gc,start       ] GC(1997) Pause Young (Allocation Failure)
[755.784s][info][gc,heap        ] GC(1997) PSYoungGen: 221248K(221696K)->32K(220672K) Eden: 221184K(221184K)->0K(212992K) From: 64K(512K)->32K(7680K)
[755.784s][info][gc,heap        ] GC(1997) ParOldGen: 222614K(222720K)->222622K(222720K)
[755.784s][info][gc,metaspace   ] GC(1997) Metaspace: 35667K(36288K)->35667K(36288K) NonClass: 26462K(26944K)->26462K(26944K) Class: 9204K(9344K)->9204K(9344K)
[755.784s][info][gc             ] GC(1997) Pause Young (Allocation Failure) 433M->217M(433M) 1.933ms
[755.784s][info][gc,cpu         ] GC(1997) User=0.00s Sys=0.00s Real=0.00s
[756.076s][info][gc,start       ] GC(1998) Pause Young (Allocation Failure)
[756.079s][info][gc,heap        ] GC(1998) PSYoungGen: 213024K(220672K)->64K(205824K) Eden: 212992K(212992K)->0K(205312K) From: 32K(7680K)->64K(512K)
[756.079s][info][gc,heap        ] GC(1998) ParOldGen: 222622K(222720K)->222630K(222720K)
[756.079s][info][gc,metaspace   ] GC(1998) Metaspace: 35667K(36288K)->35667K(36288K) NonClass: 26462K(26944K)->26462K(26944K) Class: 9204K(9344K)->9204K(9344K)
[756.079s][info][gc             ] GC(1998) Pause Young (Allocation Failure) 425M->217M(418M) 2.551ms
[756.079s][info][gc,cpu         ] GC(1998) User=0.01s Sys=0.00s Real=0.00s
[756.329s][info][gc,start       ] GC(1999) Pause Young (Allocation Failure)
[756.394s][info][gc,heap        ] GC(1999) PSYoungGen: 205376K(205824K)->6656K(252928K) Eden: 205312K(205312K)->0K(246272K) From: 64K(512K)->6656K(6656K)
[756.394s][info][gc,heap        ] GC(1999) ParOldGen: 222630K(222720K)->239150K(239616K)
[756.394s][info][gc,metaspace   ] GC(1999) Metaspace: 35667K(36288K)->35667K(36288K) NonClass: 26462K(26944K)->26462K(26944K) Class: 9204K(9344K)->9204K(9344K)
[756.394s][info][gc             ] GC(1999) Pause Young (Allocation Failure) 417M->240M(481M) 65.228ms
[756.394s][info][gc,cpu         ] GC(1999) User=0.08s Sys=0.01s Real=0.07s
[756.694s][info][gc,start       ] GC(2000) Pause Young (Allocation Failure)
[756.756s][info][gc,heap        ] GC(2000) PSYoungGen: 252928K(252928K)->9216K(252416K) Eden: 246272K(246272K)->0K(243200K) From: 6656K(6656K)->9216K(9216K)
[756.756s][info][gc,heap        ] GC(2000) ParOldGen: 239150K(239616K)->258246K(258560K)
[756.756s][info][gc,metaspace   ] GC(2000) Metaspace: 35667K(36288K)->35667K(36288K) NonClass: 26462K(26944K)->26462K(26944K) Class: 9204K(9344K)->9204K(9344K)
[756.756s][info][gc             ] GC(2000) Pause Young (Allocation Failure) 480M->261M(499M) 61.904ms
[756.756s][info][gc,cpu         ] GC(2000) User=0.11s Sys=0.01s Real=0.06s
[756.923s][info][gc,start       ] GC(2001) Pause Young (Allocation Failure)
[756.946s][info][gc,heap        ] GC(2001) PSYoungGen: 252416K(252416K)->11648K(265728K) Eden: 243200K(243200K)->0K(243200K) From: 9216K(9216K)->11648K(22528K)
[756.946s][info][gc,heap        ] GC(2001) ParOldGen: 258246K(258560K)->258758K(259072K)
[756.946s][info][gc,metaspace   ] GC(2001) Metaspace: 35667K(36288K)->35667K(36288K) NonClass: 26462K(26944K)->26462K(26944K) Class: 9204K(9344K)->9204K(9344K)
[756.946s][info][gc             ] GC(2001) Pause Young (Allocation Failure) 498M->264M(512M) 23.095ms
[756.946s][info][gc,cpu         ] GC(2001) User=0.05s Sys=0.00s Real=0.02s
[757.255s][info][gc,start       ] GC(2002) Pause Young (Allocation Failure)
[757.256s][info][gc,heap        ] GC(2002) PSYoungGen: 254848K(265728K)->64K(310272K) Eden: 243200K(243200K)->0K(287744K) From: 11648K(22528K)->64K(22528K)
[757.256s][info][gc,heap        ] GC(2002) ParOldGen: 258758K(259072K)->258766K(259072K)
[757.256s][info][gc,metaspace   ] GC(2002) Metaspace: 35667K(36288K)->35667K(36288K) NonClass: 26462K(26944K)->26462K(26944K) Class: 9204K(9344K)->9204K(9344K)
[757.256s][info][gc             ] GC(2002) Pause Young (Allocation Failure) 501M->252M(556M) 1.199ms
[757.256s][info][gc,cpu         ] GC(2002) User=0.00s Sys=0.00s Real=0.00s
[757.878s][info][gc,start       ] GC(2003) Pause Young (Allocation Failure)
[757.879s][info][gc,heap        ] GC(2003) PSYoungGen: 287808K(310272K)->64K(310272K) Eden: 287744K(287744K)->0K(287744K) From: 64K(22528K)->64K(22528K)
[757.880s][info][gc,heap        ] GC(2003) ParOldGen: 258766K(259072K)->258774K(259072K)
[757.880s][info][gc,metaspace   ] GC(2003) Metaspace: 35667K(36288K)->35667K(36288K) NonClass: 26462K(26944K)->26462K(26944K) Class: 9204K(9344K)->9204K(9344K)
[757.880s][info][gc             ] GC(2003) Pause Young (Allocation Failure) 533M->252M(556M) 1.129ms
[757.880s][info][gc,cpu         ] GC(2003) User=0.01s Sys=0.00s Real=0.00s
[758.339s][info][gc,start       ] GC(2004) Pause Young (Allocation Failure)
[758.340s][info][gc,heap        ] GC(2004) PSYoungGen: 287808K(310272K)->64K(309760K) Eden: 287744K(287744K)->0K(289280K) From: 64K(22528K)->64K(20480K)
[758.340s][info][gc,heap        ] GC(2004) ParOldGen: 258774K(259072K)->258790K(259072K)
[758.340s][info][gc,metaspace   ] GC(2004) Metaspace: 35667K(36288K)->35667K(36288K) NonClass: 26462K(26944K)->26462K(26944K) Class: 9204K(9344K)->9204K(9344K)
[758.340s][info][gc             ] GC(2004) Pause Young (Allocation Failure) 533M->252M(555M) 0.991ms
[758.340s][info][gc,cpu         ] GC(2004) User=0.00s Sys=0.00s Real=0.00s
[758.578s][info][gc,start       ] GC(2005) Pause Young (Allocation Failure)
[758.579s][info][gc,heap        ] GC(2005) PSYoungGen: 289344K(309760K)->64K(310272K) Eden: 289280K(289280K)->0K(289280K) From: 64K(20480K)->64K(20992K)
[758.579s][info][gc,heap        ] GC(2005) ParOldGen: 258790K(259072K)->258806K(259072K)
[758.579s][info][gc,metaspace   ] GC(2005) Metaspace: 35667K(36288K)->35667K(36288K) NonClass: 26462K(26944K)->26462K(26944K) Class: 9204K(9344K)->9204K(9344K)
[758.579s][info][gc             ] GC(2005) Pause Young (Allocation Failure) 535M->252M(556M) 0.994ms
[758.579s][info][gc,cpu         ] GC(2005) User=0.00s Sys=0.01s Real=0.00s
[758.816s][info][gc,start       ] GC(2006) Pause Young (Allocation Failure)
[758.817s][info][gc,heap        ] GC(2006) PSYoungGen: 289344K(310272K)->64K(312320K) Eden: 289280K(289280K)->0K(292864K) From: 64K(20992K)->64K(19456K)
[758.817s][info][gc,heap        ] GC(2006) ParOldGen: 258806K(259072K)->258806K(259072K)
[758.817s][info][gc,metaspace   ] GC(2006) Metaspace: 35667K(36288K)->35667K(36288K) NonClass: 26462K(26944K)->26462K(26944K) Class: 9204K(9344K)->9204K(9344K)
[758.817s][info][gc             ] GC(2006) Pause Young (Allocation Failure) 535M->252M(558M) 1.153ms
[758.817s][info][gc,cpu         ] GC(2006) User=0.00s Sys=0.00s Real=0.00s
[759.136s][info][gc,start       ] GC(2007) Pause Young (Allocation Failure)
[759.137s][info][gc,heap        ] GC(2007) PSYoungGen: 292928K(312320K)->64K(312320K) Eden: 292864K(292864K)->0K(292864K) From: 64K(19456K)->64K(19456K)
[759.137s][info][gc,heap        ] GC(2007) ParOldGen: 258806K(259072K)->258806K(259072K)
[759.137s][info][gc,metaspace   ] GC(2007) Metaspace: 35667K(36288K)->35667K(36288K) NonClass: 26462K(26944K)->26462K(26944K) Class: 9204K(9344K)->9204K(9344K)
[759.137s][info][gc             ] GC(2007) Pause Young (Allocation Failure) 538M->252M(558M) 0.998ms
[759.137s][info][gc,cpu         ] GC(2007) User=0.00s Sys=0.00s Real=0.00s
[759.188s][info][gc,start       ] GC(2008) Pause Young (Allocation Failure)
[759.188s][info][gc,heap        ] GC(2008) PSYoungGen: 292928K(312320K)->64K(313344K) Eden: 292864K(292864K)->0K(295936K) From: 64K(19456K)->64K(17408K)
[759.188s][info][gc,heap        ] GC(2008) ParOldGen: 258806K(259072K)->258822K(259072K)
[759.188s][info][gc,metaspace   ] GC(2008) Metaspace: 35667K(36288K)->35667K(36288K) NonClass: 26462K(26944K)->26462K(26944K) Class: 9204K(9344K)->9204K(9344K)
[759.188s][info][gc             ] GC(2008) Pause Young (Allocation Failure) 538M->252M(559M) 0.837ms
[759.188s][info][gc,cpu         ] GC(2008) User=0.00s Sys=0.00s Real=0.00s
[759.266s][info][gc,start       ] GC(2009) Pause Young (Allocation Failure)
[759.267s][info][gc,heap        ] GC(2009) PSYoungGen: 296000K(313344K)->64K(313344K) Eden: 295936K(295936K)->0K(295936K) From: 64K(17408K)->64K(17408K)
[759.267s][info][gc,heap        ] GC(2009) ParOldGen: 258822K(259072K)->258822K(259072K)
[759.267s][info][gc,metaspace   ] GC(2009) Metaspace: 35667K(36288K)->35667K(36288K) NonClass: 26462K(26944K)->26462K(26944K) Class: 9204K(9344K)->9204K(9344K)
[759.267s][info][gc             ] GC(2009) Pause Young (Allocation Failure) 541M->252M(559M) 0.956ms
[759.267s][info][gc,cpu         ] GC(2009) User=0.00s Sys=0.00s Real=0.00s
[759.548s][info][gc,start       ] GC(2010) Pause Young (Allocation Failure)
[759.548s][info][gc,heap        ] GC(2010) PSYoungGen: 296000K(313344K)->64K(315392K) Eden: 295936K(295936K)->0K(300032K) From: 64K(17408K)->64K(15360K)
[759.548s][info][gc,heap        ] GC(2010) ParOldGen: 258822K(259072K)->258838K(259072K)
[759.548s][info][gc,metaspace   ] GC(2010) Metaspace: 35667K(36288K)->35667K(36288K) NonClass: 26462K(26944K)->26462K(26944K) Class: 9204K(9344K)->9204K(9344K)
[759.549s][info][gc             ] GC(2010) Pause Young (Allocation Failure) 541M->252M(561M) 0.920ms
[759.549s][info][gc,cpu         ] GC(2010) User=0.01s Sys=0.00s Real=0.00s
[759.768s][info][gc,start       ] GC(2011) Pause Young (Allocation Failure)
[759.769s][info][gc,heap        ] GC(2011) PSYoungGen: 300096K(315392K)->64K(315392K) Eden: 300032K(300032K)->0K(300032K) From: 64K(15360K)->64K(15360K)
[759.769s][info][gc,heap        ] GC(2011) ParOldGen: 258838K(259072K)->258838K(259072K)
[759.769s][info][gc,metaspace   ] GC(2011) Metaspace: 35667K(36288K)->35667K(36288K) NonClass: 26462K(26944K)->26462K(26944K) Class: 9204K(9344K)->9204K(9344K)
[759.769s][info][gc             ] GC(2011) Pause Young (Allocation Failure) 545M->252M(561M) 1.092ms
[759.769s][info][gc,cpu         ] GC(2011) User=0.00s Sys=0.00s Real=0.00s
[759.850s][info][gc,start       ] GC(2012) Pause Young (Allocation Failure)
[759.851s][info][gc,heap        ] GC(2012) PSYoungGen: 300096K(315392K)->64K(316928K) Eden: 300032K(300032K)->0K(303616K) From: 64K(15360K)->64K(13312K)
[759.851s][info][gc,heap        ] GC(2012) ParOldGen: 258838K(259072K)->258854K(259072K)
[759.851s][info][gc,metaspace   ] GC(2012) Metaspace: 35667K(36288K)->35667K(36288K) NonClass: 26462K(26944K)->26462K(26944K) Class: 9204K(9344K)->9204K(9344K)
[759.851s][info][gc             ] GC(2012) Pause Young (Allocation Failure) 545M->252M(562M) 1.055ms
[759.851s][info][gc,cpu         ] GC(2012) User=0.00s Sys=0.00s Real=0.00s
[760.027s][info][gc,start       ] GC(2013) Pause Young (Allocation Failure)
[760.028s][info][gc,heap        ] GC(2013) PSYoungGen: 303680K(316928K)->64K(317440K) Eden: 303616K(303616K)->0K(303616K) From: 64K(13312K)->64K(13824K)
[760.028s][info][gc,heap        ] GC(2013) ParOldGen: 258854K(259072K)->258854K(259072K)
[760.028s][info][gc,metaspace   ] GC(2013) Metaspace: 35667K(36288K)->35667K(36288K) NonClass: 26462K(26944K)->26462K(26944K) Class: 9204K(9344K)->9204K(9344K)
[760.028s][info][gc             ] GC(2013) Pause Young (Allocation Failure) 549M->252M(563M) 1.192ms
[760.028s][info][gc,cpu         ] GC(2013) User=0.00s Sys=0.00s Real=0.00s
[760.962s][info][gc,start       ] GC(2014) Pause Young (Allocation Failure)
[760.963s][info][gc,heap        ] GC(2014) PSYoungGen: 303680K(317440K)->83K(291840K) Eden: 303616K(303616K)->0K(291328K) From: 64K(13824K)->83K(512K)
[760.963s][info][gc,heap        ] GC(2014) ParOldGen: 258854K(259072K)->258862K(259072K)
[760.963s][info][gc,metaspace   ] GC(2014) Metaspace: 35667K(36288K)->35667K(36288K) NonClass: 26462K(26944K)->26462K(26944K) Class: 9204K(9344K)->9204K(9344K)
[760.963s][info][gc             ] GC(2014) Pause Young (Allocation Failure) 549M->252M(538M) 1.051ms
[760.963s][info][gc,cpu         ] GC(2014) User=0.00s Sys=0.00s Real=0.00s
[761.786s][info][gc,start       ] GC(2015) Pause Young (Allocation Failure)
[761.787s][info][gc,heap        ] GC(2015) PSYoungGen: 291411K(291840K)->64K(291840K) Eden: 291328K(291328K)->0K(279552K) From: 83K(512K)->64K(12288K)
[761.787s][info][gc,heap        ] GC(2015) ParOldGen: 258862K(259072K)->258870K(259072K)
[761.787s][info][gc,metaspace   ] GC(2015) Metaspace: 35667K(36288K)->35667K(36288K) NonClass: 26462K(26944K)->26462K(26944K) Class: 9204K(9344K)->9204K(9344K)
[761.787s][info][gc             ] GC(2015) Pause Young (Allocation Failure) 537M->252M(538M) 0.943ms
[761.787s][info][gc,cpu         ] GC(2015) User=0.00s Sys=0.00s Real=0.00s
[762.061s][info][gc,start       ] GC(2016) Pause Young (Allocation Failure)
[762.062s][info][gc,heap        ] GC(2016) PSYoungGen: 279616K(291840K)->64K(269312K) Eden: 279552K(279552K)->0K(268800K) From: 64K(12288K)->64K(512K)
[762.062s][info][gc,heap        ] GC(2016) ParOldGen: 258870K(259072K)->258878K(259072K)
[762.062s][info][gc,metaspace   ] GC(2016) Metaspace: 35667K(36288K)->35667K(36288K) NonClass: 26462K(26944K)->26462K(26944K) Class: 9204K(9344K)->9204K(9344K)
[762.062s][info][gc             ] GC(2016) Pause Young (Allocation Failure) 525M->252M(516M) 0.941ms
[762.062s][info][gc,cpu         ] GC(2016) User=0.00s Sys=0.00s Real=0.01s
[762.503s][info][gc,start       ] GC(2017) Pause Young (Allocation Failure)
[762.504s][info][gc,heap        ] GC(2017) PSYoungGen: 268864K(269312K)->64K(269312K) Eden: 268800K(268800K)->0K(258560K) From: 64K(512K)->64K(10752K)
[762.504s][info][gc,heap        ] GC(2017) ParOldGen: 258878K(259072K)->258886K(259072K)
[762.504s][info][gc,metaspace   ] GC(2017) Metaspace: 35667K(36288K)->35667K(36288K) NonClass: 26462K(26944K)->26462K(26944K) Class: 9204K(9344K)->9204K(9344K)
[762.504s][info][gc             ] GC(2017) Pause Young (Allocation Failure) 515M->252M(516M) 0.939ms
[762.504s][info][gc,cpu         ] GC(2017) User=0.00s Sys=0.00s Real=0.00s
[763.440s][info][gc,start       ] GC(2018) Pause Young (Allocation Failure)
[763.441s][info][gc,heap        ] GC(2018) PSYoungGen: 258624K(269312K)->64K(249344K) Eden: 258560K(258560K)->0K(248832K) From: 64K(10752K)->64K(512K)
[763.441s][info][gc,heap        ] GC(2018) ParOldGen: 258886K(259072K)->258894K(259072K)
[763.441s][info][gc,metaspace   ] GC(2018) Metaspace: 35667K(36288K)->35667K(36288K) NonClass: 26462K(26944K)->26462K(26944K) Class: 9204K(9344K)->9204K(9344K)
[763.441s][info][gc             ] GC(2018) Pause Young (Allocation Failure) 505M->252M(496M) 1.210ms
[763.441s][info][gc,cpu         ] GC(2018) User=0.00s Sys=0.00s Real=0.00s
[763.806s][info][gc,start       ] GC(2019) Pause Young (Allocation Failure)
[763.808s][info][gc,heap        ] GC(2019) PSYoungGen: 248896K(249344K)->64K(248320K) Eden: 248832K(248832K)->0K(239104K) From: 64K(512K)->64K(9216K)
[763.808s][info][gc,heap        ] GC(2019) ParOldGen: 258894K(259072K)->258902K(259072K)
[763.808s][info][gc,metaspace   ] GC(2019) Metaspace: 35667K(36288K)->35667K(36288K) NonClass: 26462K(26944K)->26462K(26944K) Class: 9204K(9344K)->9204K(9344K)
[763.808s][info][gc             ] GC(2019) Pause Young (Allocation Failure) 495M->252M(495M) 1.448ms
[763.808s][info][gc,cpu         ] GC(2019) User=0.01s Sys=0.00s Real=0.00s
[763.883s][info][gc,start       ] GC(2020) Pause Young (Allocation Failure)
[763.885s][info][gc,heap        ] GC(2020) PSYoungGen: 239168K(248320K)->64K(230400K) Eden: 239104K(239104K)->0K(229888K) From: 64K(9216K)->64K(512K)
[763.885s][info][gc,heap        ] GC(2020) ParOldGen: 258902K(259072K)->258918K(259072K)
[763.885s][info][gc,metaspace   ] GC(2020) Metaspace: 35667K(36288K)->35667K(36288K) NonClass: 26462K(26944K)->26462K(26944K) Class: 9204K(9344K)->9204K(9344K)
[763.885s][info][gc             ] GC(2020) Pause Young (Allocation Failure) 486M->252M(478M) 2.233ms
[763.885s][info][gc,cpu         ] GC(2020) User=0.00s Sys=0.00s Real=0.00s
[764.361s][info][gc,start       ] GC(2021) Pause Young (Allocation Failure)
[764.362s][info][gc,heap        ] GC(2021) PSYoungGen: 229952K(230400K)->32K(229376K) Eden: 229888K(229888K)->0K(221184K) From: 64K(512K)->32K(8192K)
[764.362s][info][gc,heap        ] GC(2021) ParOldGen: 258918K(259072K)->258926K(259072K)
[764.362s][info][gc,metaspace   ] GC(2021) Metaspace: 35667K(36288K)->35667K(36288K) NonClass: 26462K(26944K)->26462K(26944K) Class: 9204K(9344K)->9204K(9344K)
[764.362s][info][gc             ] GC(2021) Pause Young (Allocation Failure) 477M->252M(477M) 1.539ms
[764.362s][info][gc,cpu         ] GC(2021) User=0.00s Sys=0.00s Real=0.01s
[764.603s][info][gc,start       ] GC(2022) Pause Young (Allocation Failure)
[764.605s][info][gc,heap        ] GC(2022) PSYoungGen: 221216K(229376K)->64K(213504K) Eden: 221184K(221184K)->0K(212992K) From: 32K(8192K)->64K(512K)
[764.605s][info][gc,heap        ] GC(2022) ParOldGen: 258926K(259072K)->258942K(259072K)
[764.605s][info][gc,metaspace   ] GC(2022) Metaspace: 35667K(36288K)->35667K(36288K) NonClass: 26462K(26944K)->26462K(26944K) Class: 9204K(9344K)->9204K(9344K)
[764.605s][info][gc             ] GC(2022) Pause Young (Allocation Failure) 468M->252M(461M) 2.005ms
[764.605s][info][gc,cpu         ] GC(2022) User=0.00s Sys=0.00s Real=0.00s
[764.908s][info][gc,start       ] GC(2023) Pause Young (Allocation Failure)
[764.927s][info][gc,heap        ] GC(2023) PSYoungGen: 213056K(213504K)->7168K(261632K) Eden: 212992K(212992K)->0K(254464K) From: 64K(512K)->7168K(7168K)
[764.927s][info][gc,heap        ] GC(2023) ParOldGen: 258942K(259072K)->261198K(261632K)
[764.927s][info][gc,metaspace   ] GC(2023) Metaspace: 35667K(36288K)->35667K(36288K) NonClass: 26462K(26944K)->26462K(26944K) Class: 9204K(9344K)->9204K(9344K)
[764.927s][info][gc             ] GC(2023) Pause Young (Allocation Failure) 460M->262M(511M) 18.765ms
[764.927s][info][gc,cpu         ] GC(2023) User=0.03s Sys=0.00s Real=0.02s
[765.226s][info][gc,start       ] GC(2024) Pause Young (Allocation Failure)
[765.282s][info][gc,heap        ] GC(2024) PSYoungGen: 261632K(261632K)->7168K(265728K) Eden: 254464K(254464K)->0K(258560K) From: 7168K(7168K)->7168K(7168K)
[765.282s][info][gc,heap        ] GC(2024) ParOldGen: 261198K(261632K)->282894K(283136K)
[765.282s][info][gc,metaspace   ] GC(2024) Metaspace: 35667K(36288K)->35667K(36288K) NonClass: 26462K(26944K)->26462K(26944K) Class: 9204K(9344K)->9204K(9344K)
[765.282s][info][gc             ] GC(2024) Pause Young (Allocation Failure) 510M->283M(536M) 56.079ms
[765.282s][info][gc,cpu         ] GC(2024) User=0.10s Sys=0.01s Real=0.06s
[765.549s][info][gc,start       ] GC(2025) Pause Young (Allocation Failure)
[765.594s][info][gc,heap        ] GC(2025) PSYoungGen: 265728K(265728K)->18944K(277504K) Eden: 258560K(258560K)->0K(258560K) From: 7168K(7168K)->18944K(18944K)
[765.594s][info][gc,heap        ] GC(2025) ParOldGen: 282894K(283136K)->288958K(289280K)
[765.594s][info][gc,metaspace   ] GC(2025) Metaspace: 35667K(36288K)->35667K(36288K) NonClass: 26462K(26944K)->26462K(26944K) Class: 9204K(9344K)->9204K(9344K)
[765.594s][info][gc             ] GC(2025) Pause Young (Allocation Failure) 535M->300M(553M) 45.367ms
[765.594s][info][gc,cpu         ] GC(2025) User=0.08s Sys=0.01s Real=0.05s
[765.715s][info][gc,start       ] GC(2026) Pause Young (Allocation Failure)
[765.718s][info][gc,heap        ] GC(2026) PSYoungGen: 277504K(277504K)->64K(309248K) Eden: 258560K(258560K)->0K(284160K) From: 18944K(18944K)->64K(25088K)
[765.718s][info][gc,heap        ] GC(2026) ParOldGen: 288958K(289280K)->289118K(289280K)
[765.718s][info][gc,metaspace   ] GC(2026) Metaspace: 35667K(36288K)->35667K(36288K) NonClass: 26462K(26944K)->26462K(26944K) Class: 9204K(9344K)->9204K(9344K)
[765.718s][info][gc             ] GC(2026) Pause Young (Allocation Failure) 553M->282M(584M) 2.874ms
[765.718s][info][gc,cpu         ] GC(2026) User=0.00s Sys=0.00s Real=0.00s
[766.396s][info][gc,start       ] GC(2027) Pause Young (Allocation Failure)
[766.397s][info][gc,heap        ] GC(2027) PSYoungGen: 284224K(309248K)->64K(284672K) Eden: 284160K(284160K)->0K(284160K) From: 64K(25088K)->64K(512K)
[766.397s][info][gc,heap        ] GC(2027) ParOldGen: 289118K(289280K)->289134K(289280K)
[766.397s][info][gc,metaspace   ] GC(2027) Metaspace: 35667K(36288K)->35667K(36288K) NonClass: 26462K(26944K)->26462K(26944K) Class: 9204K(9344K)->9204K(9344K)
[766.397s][info][gc             ] GC(2027) Pause Young (Allocation Failure) 559M->282M(560M) 1.169ms
[766.397s][info][gc,cpu         ] GC(2027) User=0.00s Sys=0.00s Real=0.00s
[766.737s][info][gc,start       ] GC(2028) Pause Young (Allocation Failure)
[766.738s][info][gc,heap        ] GC(2028) PSYoungGen: 284224K(284672K)->64K(308736K) Eden: 284160K(284160K)->0K(285184K) From: 64K(512K)->64K(23552K)
[766.738s][info][gc,heap        ] GC(2028) ParOldGen: 289134K(289280K)->289134K(289280K)
[766.738s][info][gc,metaspace   ] GC(2028) Metaspace: 35667K(36288K)->35667K(36288K) NonClass: 26462K(26944K)->26462K(26944K) Class: 9204K(9344K)->9204K(9344K)
[766.738s][info][gc             ] GC(2028) Pause Young (Allocation Failure) 559M->282M(584M) 1.183ms
[766.738s][info][gc,cpu         ] GC(2028) User=0.00s Sys=0.00s Real=0.00s
[767.155s][info][gc,start       ] GC(2029) Pause Young (Allocation Failure)
[767.156s][info][gc,heap        ] GC(2029) PSYoungGen: 285248K(308736K)->64K(307712K) Eden: 285184K(285184K)->0K(285184K) From: 64K(23552K)->64K(22528K)
[767.156s][info][gc,heap        ] GC(2029) ParOldGen: 289134K(289280K)->289150K(289280K)
[767.156s][info][gc,metaspace   ] GC(2029) Metaspace: 35667K(36288K)->35667K(36288K) NonClass: 26462K(26944K)->26462K(26944K) Class: 9204K(9344K)->9204K(9344K)
[767.156s][info][gc             ] GC(2029) Pause Young (Allocation Failure) 560M->282M(583M) 1.203ms
[767.156s][info][gc,cpu         ] GC(2029) User=0.01s Sys=0.00s Real=0.00s
[767.396s][info][gc,start       ] GC(2030) Pause Young (Allocation Failure)
[767.397s][info][gc,heap        ] GC(2030) PSYoungGen: 285248K(307712K)->64K(310272K) Eden: 285184K(285184K)->0K(288768K) From: 64K(22528K)->64K(21504K)
[767.397s][info][gc,heap        ] GC(2030) ParOldGen: 289150K(289280K)->289166K(289280K)
[767.397s][info][gc,metaspace   ] GC(2030) Metaspace: 35667K(36288K)->35667K(36288K) NonClass: 26462K(26944K)->26462K(26944K) Class: 9204K(9344K)->9204K(9344K)
[767.397s][info][gc             ] GC(2030) Pause Young (Allocation Failure) 560M->282M(585M) 1.273ms
[767.397s][info][gc,cpu         ] GC(2030) User=0.01s Sys=0.00s Real=0.00s
[767.770s][info][gc,start       ] GC(2031) Pause Young (Allocation Failure)
[767.771s][info][gc,heap        ] GC(2031) PSYoungGen: 288832K(310272K)->64K(309248K) Eden: 288768K(288768K)->0K(288768K) From: 64K(21504K)->64K(20480K)
[767.771s][info][gc,heap        ] GC(2031) ParOldGen: 289166K(289280K)->289166K(289280K)
[767.771s][info][gc,metaspace   ] GC(2031) Metaspace: 35667K(36288K)->35667K(36288K) NonClass: 26462K(26944K)->26462K(26944K) Class: 9204K(9344K)->9204K(9344K)
[767.771s][info][gc             ] GC(2031) Pause Young (Allocation Failure) 564M->282M(584M) 1.164ms
[767.771s][info][gc,cpu         ] GC(2031) User=0.00s Sys=0.00s Real=0.00s
[767.829s][info][gc,start       ] GC(2032) Pause Young (Allocation Failure)
[767.830s][info][gc,heap        ] GC(2032) PSYoungGen: 288832K(309248K)->64K(312320K) Eden: 288768K(288768K)->0K(292864K) From: 64K(20480K)->64K(19456K)
[767.830s][info][gc,heap        ] GC(2032) ParOldGen: 289166K(289280K)->289174K(289280K)
[767.830s][info][gc,metaspace   ] GC(2032) Metaspace: 35667K(36288K)->35667K(36288K) NonClass: 26462K(26944K)->26462K(26944K) Class: 9204K(9344K)->9204K(9344K)
[767.830s][info][gc             ] GC(2032) Pause Young (Allocation Failure) 564M->282M(587M) 1.045ms
[767.830s][info][gc,cpu         ] GC(2032) User=0.00s Sys=0.00s Real=0.00s
[767.884s][info][gc,start       ] GC(2033) Pause Young (Allocation Failure)
[767.885s][info][gc,heap        ] GC(2033) PSYoungGen: 292928K(312320K)->64K(311296K) Eden: 292864K(292864K)->0K(292864K) From: 64K(19456K)->64K(18432K)
[767.885s][info][gc,heap        ] GC(2033) ParOldGen: 289174K(289280K)->289190K(289280K)
[767.885s][info][gc,metaspace   ] GC(2033) Metaspace: 35667K(36288K)->35667K(36288K) NonClass: 26462K(26944K)->26462K(26944K) Class: 9204K(9344K)->9204K(9344K)
[767.885s][info][gc             ] GC(2033) Pause Young (Allocation Failure) 568M->282M(586M) 1.059ms
[767.885s][info][gc,cpu         ] GC(2033) User=0.00s Sys=0.00s Real=0.00s
[768.104s][info][gc,start       ] GC(2034) Pause Young (Allocation Failure)
[768.105s][info][gc,heap        ] GC(2034) PSYoungGen: 292928K(311296K)->64K(314368K) Eden: 292864K(292864K)->0K(296960K) From: 64K(18432K)->64K(17408K)
[768.105s][info][gc,heap        ] GC(2034) ParOldGen: 289190K(289280K)->289190K(289280K)
[768.105s][info][gc,metaspace   ] GC(2034) Metaspace: 35667K(36288K)->35667K(36288K) NonClass: 26462K(26944K)->26462K(26944K) Class: 9204K(9344K)->9204K(9344K)
[768.105s][info][gc             ] GC(2034) Pause Young (Allocation Failure) 568M->282M(589M) 1.017ms
[768.105s][info][gc,cpu         ] GC(2034) User=0.00s Sys=0.00s Real=0.00s
[768.364s][info][gc,start       ] GC(2035) Pause Young (Allocation Failure)
[768.365s][info][gc,heap        ] GC(2035) PSYoungGen: 297024K(314368K)->64K(313344K) Eden: 296960K(296960K)->0K(296960K) From: 64K(17408K)->64K(16384K)
[768.365s][info][gc,heap        ] GC(2035) ParOldGen: 289190K(289280K)->289198K(289280K)
[768.365s][info][gc,metaspace   ] GC(2035) Metaspace: 35667K(36288K)->35667K(36288K) NonClass: 26462K(26944K)->26462K(26944K) Class: 9204K(9344K)->9204K(9344K)
[768.365s][info][gc             ] GC(2035) Pause Young (Allocation Failure) 572M->282M(588M) 1.097ms
[768.365s][info][gc,cpu         ] GC(2035) User=0.00s Sys=0.00s Real=0.00s
[768.484s][info][gc,start       ] GC(2036) Pause Young (Allocation Failure)
[768.485s][info][gc,heap        ] GC(2036) PSYoungGen: 297024K(313344K)->64K(315904K) Eden: 296960K(296960K)->0K(300544K) From: 64K(16384K)->64K(15360K)
[768.485s][info][gc,heap        ] GC(2036) ParOldGen: 289198K(289280K)->289206K(289280K)
[768.485s][info][gc,metaspace   ] GC(2036) Metaspace: 35667K(36288K)->35667K(36288K) NonClass: 26462K(26944K)->26462K(26944K) Class: 9204K(9344K)->9204K(9344K)
[768.485s][info][gc             ] GC(2036) Pause Young (Allocation Failure) 572M->282M(591M) 1.095ms
[768.485s][info][gc,cpu         ] GC(2036) User=0.00s Sys=0.00s Real=0.00s
[768.607s][info][gc,start       ] GC(2037) Pause Young (Allocation Failure)
[768.608s][info][gc,heap        ] GC(2037) PSYoungGen: 300608K(315904K)->64K(315392K) Eden: 300544K(300544K)->0K(300544K) From: 64K(15360K)->64K(14848K)
[768.608s][info][gc,heap        ] GC(2037) ParOldGen: 289206K(289280K)->289214K(289280K)
[768.608s][info][gc,metaspace   ] GC(2037) Metaspace: 35667K(36288K)->35667K(36288K) NonClass: 26462K(26944K)->26462K(26944K) Class: 9204K(9344K)->9204K(9344K)
[768.608s][info][gc             ] GC(2037) Pause Young (Allocation Failure) 575M->282M(590M) 1.067ms
[768.608s][info][gc,cpu         ] GC(2037) User=0.00s Sys=0.00s Real=0.00s
[768.973s][info][gc,start       ] GC(2038) Pause Young (Allocation Failure)
[768.974s][info][gc,heap        ] GC(2038) PSYoungGen: 300608K(315392K)->64K(289280K) Eden: 300544K(300544K)->0K(288768K) From: 64K(14848K)->64K(512K)
[768.974s][info][gc,heap        ] GC(2038) ParOldGen: 289214K(289280K)->289222K(289280K)
[768.974s][info][gc,metaspace   ] GC(2038) Metaspace: 35667K(36288K)->35667K(36288K) NonClass: 26462K(26944K)->26462K(26944K) Class: 9204K(9344K)->9204K(9344K)
[768.974s][info][gc             ] GC(2038) Pause Young (Allocation Failure) 575M->282M(565M) 1.048ms
[768.974s][info][gc,cpu         ] GC(2038) User=0.00s Sys=0.00s Real=0.00s
[769.646s][info][gc,start       ] GC(2039) Pause Young (Allocation Failure)
[769.647s][info][gc,heap        ] GC(2039) PSYoungGen: 288832K(289280K)->83K(290304K) Eden: 288768K(288768K)->0K(277504K) From: 64K(512K)->83K(12800K)
[769.647s][info][gc,heap        ] GC(2039) ParOldGen: 289222K(289280K)->289230K(289280K)
[769.647s][info][gc,metaspace   ] GC(2039) Metaspace: 35667K(36288K)->35667K(36288K) NonClass: 26462K(26944K)->26462K(26944K) Class: 9204K(9344K)->9204K(9344K)
[769.647s][info][gc             ] GC(2039) Pause Young (Allocation Failure) 564M->282M(566M) 1.022ms
[769.647s][info][gc,cpu         ] GC(2039) User=0.00s Sys=0.00s Real=0.00s
[770.550s][info][gc,start       ] GC(2040) Pause Young (Allocation Failure)
[770.551s][info][gc,heap        ] GC(2040) PSYoungGen: 277587K(290304K)->64K(267264K) Eden: 277504K(277504K)->0K(266752K) From: 83K(12800K)->64K(512K)
[770.551s][info][gc,heap        ] GC(2040) ParOldGen: 289230K(289280K)->289238K(289280K)
[770.551s][info][gc,metaspace   ] GC(2040) Metaspace: 35667K(36288K)->35667K(36288K) NonClass: 26462K(26944K)->26462K(26944K) Class: 9204K(9344K)->9204K(9344K)
[770.551s][info][gc             ] GC(2040) Pause Young (Allocation Failure) 553M->282M(543M) 1.109ms
[770.551s][info][gc,cpu         ] GC(2040) User=0.00s Sys=0.00s Real=0.00s
[770.978s][info][gc,start       ] GC(2041) Pause Young (Allocation Failure)
[770.979s][info][gc,heap        ] GC(2041) PSYoungGen: 266816K(267264K)->64K(267776K) Eden: 266752K(266752K)->0K(256512K) From: 64K(512K)->64K(11264K)
[770.979s][info][gc,heap        ] GC(2041) ParOldGen: 289238K(289280K)->289246K(289280K)
[770.979s][info][gc,metaspace   ] GC(2041) Metaspace: 35667K(36288K)->35667K(36288K) NonClass: 26462K(26944K)->26462K(26944K) Class: 9204K(9344K)->9204K(9344K)
[770.979s][info][gc             ] GC(2041) Pause Young (Allocation Failure) 543M->282M(544M) 1.109ms
[770.979s][info][gc,cpu         ] GC(2041) User=0.00s Sys=0.00s Real=0.00s
[771.946s][info][gc,start       ] GC(2042) Pause Young (Allocation Failure)
[771.947s][info][gc,heap        ] GC(2042) PSYoungGen: 256576K(267776K)->64K(247296K) Eden: 256512K(256512K)->0K(246784K) From: 64K(11264K)->64K(512K)
[771.947s][info][gc,heap        ] GC(2042) ParOldGen: 289246K(289280K)->289254K(289280K)
[771.947s][info][gc,metaspace   ] GC(2042) Metaspace: 35667K(36288K)->35667K(36288K) NonClass: 26462K(26944K)->26462K(26944K) Class: 9204K(9344K)->9204K(9344K)
[771.947s][info][gc             ] GC(2042) Pause Young (Allocation Failure) 533M->282M(524M) 1.460ms
[771.947s][info][gc,cpu         ] GC(2042) User=0.00s Sys=0.00s Real=0.00s
[772.330s][info][gc,start       ] GC(2043) Pause Young (Allocation Failure)
[772.332s][info][gc,heap        ] GC(2043) PSYoungGen: 246848K(247296K)->64K(247296K) Eden: 246784K(246784K)->0K(237568K) From: 64K(512K)->64K(9728K)
[772.332s][info][gc,heap        ] GC(2043) ParOldGen: 289254K(289280K)->289262K(289280K)
[772.332s][info][gc,metaspace   ] GC(2043) Metaspace: 35667K(36288K)->35667K(36288K) NonClass: 26462K(26944K)->26462K(26944K) Class: 9204K(9344K)->9204K(9344K)
[772.332s][info][gc             ] GC(2043) Pause Young (Allocation Failure) 523M->282M(524M) 1.328ms
[772.332s][info][gc,cpu         ] GC(2043) User=0.01s Sys=0.00s Real=0.00s
[772.489s][info][gc,start       ] GC(2044) Pause Young (Allocation Failure)
[772.491s][info][gc,heap        ] GC(2044) PSYoungGen: 237632K(247296K)->64K(228864K) Eden: 237568K(237568K)->0K(228352K) From: 64K(9728K)->64K(512K)
[772.491s][info][gc,heap        ] GC(2044) ParOldGen: 289262K(289280K)->289278K(289280K)
[772.491s][info][gc,metaspace   ] GC(2044) Metaspace: 35667K(36288K)->35667K(36288K) NonClass: 26462K(26944K)->26462K(26944K) Class: 9204K(9344K)->9204K(9344K)
[772.491s][info][gc             ] GC(2044) Pause Young (Allocation Failure) 514M->282M(506M) 1.531ms
[772.491s][info][gc,cpu         ] GC(2044) User=0.00s Sys=0.00s Real=0.00s
[772.660s][info][gc,start       ] GC(2045) Pause Young (Allocation Failure)
[772.661s][info][gc,heap        ] GC(2045) PSYoungGen: 228416K(228864K)->64K(228352K) Eden: 228352K(228352K)->0K(219648K) From: 64K(512K)->64K(8704K)
[772.661s][info][gc,heap        ] GC(2045) ParOldGen: 289278K(289280K)->289286K(289792K)
[772.661s][info][gc,metaspace   ] GC(2045) Metaspace: 35667K(36288K)->35667K(36288K) NonClass: 26462K(26944K)->26462K(26944K) Class: 9204K(9344K)->9204K(9344K)
[772.661s][info][gc             ] GC(2045) Pause Young (Allocation Failure) 505M->282M(506M) 0.968ms
[772.661s][info][gc,cpu         ] GC(2045) User=0.00s Sys=0.00s Real=0.00s
[773.158s][info][gc,start       ] GC(2046) Pause Young (Allocation Failure)
[773.160s][info][gc,heap        ] GC(2046) PSYoungGen: 219712K(228352K)->64K(211968K) Eden: 219648K(219648K)->0K(211456K) From: 64K(8704K)->64K(512K)
[773.160s][info][gc,heap        ] GC(2046) ParOldGen: 289286K(289792K)->289294K(289792K)
[773.160s][info][gc,metaspace   ] GC(2046) Metaspace: 35667K(36288K)->35667K(36288K) NonClass: 26462K(26944K)->26462K(26944K) Class: 9204K(9344K)->9204K(9344K)
[773.160s][info][gc             ] GC(2046) Pause Young (Allocation Failure) 497M->282M(490M) 1.601ms
[773.160s][info][gc,cpu         ] GC(2046) User=0.00s Sys=0.00s Real=0.00s
[773.359s][info][gc,start       ] GC(2047) Pause Young (Allocation Failure)
[773.360s][info][gc,heap        ] GC(2047) PSYoungGen: 211519K(211968K)->64K(210944K) Eden: 211455K(211456K)->0K(203776K) From: 64K(512K)->64K(7168K)
[773.360s][info][gc,heap        ] GC(2047) ParOldGen: 289294K(289792K)->289302K(289792K)
[773.360s][info][gc,metaspace   ] GC(2047) Metaspace: 35667K(36288K)->35667K(36288K) NonClass: 26462K(26944K)->26462K(26944K) Class: 9204K(9344K)->9204K(9344K)
[773.360s][info][gc             ] GC(2047) Pause Young (Allocation Failure) 489M->282M(489M) 1.024ms
[773.360s][info][gc,cpu         ] GC(2047) User=0.00s Sys=0.00s Real=0.00s
[773.634s][info][gc,start       ] GC(2048) Pause Young (Allocation Failure)
[773.669s][info][gc,heap        ] GC(2048) PSYoungGen: 203840K(210944K)->6656K(250880K) Eden: 203776K(203776K)->0K(244224K) From: 64K(7168K)->6656K(6656K)
[773.669s][info][gc,heap        ] GC(2048) ParOldGen: 289302K(289792K)->299102K(299520K)
[773.669s][info][gc,metaspace   ] GC(2048) Metaspace: 35667K(36288K)->35667K(36288K) NonClass: 26462K(26944K)->26462K(26944K) Class: 9204K(9344K)->9204K(9344K)
[773.669s][info][gc             ] GC(2048) Pause Young (Allocation Failure) 481M->298M(537M) 34.396ms
[773.669s][info][gc,cpu         ] GC(2048) User=0.05s Sys=0.01s Real=0.03s
[773.961s][info][gc,start       ] GC(2049) Pause Young (Allocation Failure)
[774.015s][info][gc,heap        ] GC(2049) PSYoungGen: 250880K(250880K)->12288K(267264K) Eden: 244224K(244224K)->0K(254976K) From: 6656K(6656K)->12288K(12288K)
[774.015s][info][gc,heap        ] GC(2049) ParOldGen: 299102K(299520K)->314710K(314880K)
[774.015s][info][gc,metaspace   ] GC(2049) Metaspace: 35667K(36288K)->35667K(36288K) NonClass: 26462K(26944K)->26462K(26944K) Class: 9204K(9344K)->9204K(9344K)
[774.015s][info][gc             ] GC(2049) Pause Young (Allocation Failure) 537M->319M(568M) 54.217ms
[774.016s][info][gc,cpu         ] GC(2049) User=0.09s Sys=0.01s Real=0.06s
[774.238s][info][gc,start       ] GC(2050) Pause Young (Allocation Failure)
[774.280s][info][gc,heap        ] GC(2050) PSYoungGen: 267264K(267264K)->18560K(306176K) Eden: 254976K(254976K)->0K(285696K) From: 12288K(12288K)->18560K(20480K)
[774.280s][info][gc,heap        ] GC(2050) ParOldGen: 314710K(314880K)->315126K(315392K)
[774.280s][info][gc,metaspace   ] GC(2050) Metaspace: 35667K(36288K)->35667K(36288K) NonClass: 26462K(26944K)->26462K(26944K) Class: 9204K(9344K)->9204K(9344K)
[774.280s][info][gc             ] GC(2050) Pause Young (Allocation Failure) 568M->325M(607M) 41.258ms
[774.280s][info][gc,cpu         ] GC(2050) User=0.07s Sys=0.01s Real=0.04s
[774.574s][info][gc,start       ] GC(2051) Pause Young (Allocation Failure)
[774.575s][info][gc,heap        ] GC(2051) PSYoungGen: 304256K(306176K)->64K(309760K) Eden: 285696K(285696K)->0K(285696K) From: 18560K(20480K)->64K(24064K)
[774.575s][info][gc,heap        ] GC(2051) ParOldGen: 315126K(315392K)->315134K(315392K)
[774.575s][info][gc,metaspace   ] GC(2051) Metaspace: 35667K(36288K)->35667K(36288K) NonClass: 26462K(26944K)->26462K(26944K) Class: 9204K(9344K)->9204K(9344K)
[774.575s][info][gc             ] GC(2051) Pause Young (Allocation Failure) 604M->307M(610M) 1.188ms
[774.575s][info][gc,cpu         ] GC(2051) User=0.01s Sys=0.00s Real=0.00s
[775.205s][info][gc,start       ] GC(2052) Pause Young (Allocation Failure)
[775.206s][info][gc,heap        ] GC(2052) PSYoungGen: 285760K(309760K)->64K(307200K) Eden: 285696K(285696K)->0K(286208K) From: 64K(24064K)->64K(20992K)
[775.206s][info][gc,heap        ] GC(2052) ParOldGen: 315134K(315392K)->315142K(315392K)
[775.206s][info][gc,metaspace   ] GC(2052) Metaspace: 35667K(36288K)->35667K(36288K) NonClass: 26462K(26944K)->26462K(26944K) Class: 9204K(9344K)->9204K(9344K)
[775.206s][info][gc             ] GC(2052) Pause Young (Allocation Failure) 586M->307M(608M) 1.249ms
[775.206s][info][gc,cpu         ] GC(2052) User=0.01s Sys=0.00s Real=0.00s
[775.671s][info][gc,start       ] GC(2053) Pause Young (Allocation Failure)
[775.672s][info][gc,heap        ] GC(2053) PSYoungGen: 286272K(307200K)->64K(308736K) Eden: 286208K(286208K)->0K(286208K) From: 64K(20992K)->64K(22528K)
[775.672s][info][gc,heap        ] GC(2053) ParOldGen: 315142K(315392K)->315158K(315392K)
[775.672s][info][gc,metaspace   ] GC(2053) Metaspace: 35667K(36288K)->35667K(36288K) NonClass: 26462K(26944K)->26462K(26944K) Class: 9204K(9344K)->9204K(9344K)
[775.672s][info][gc             ] GC(2053) Pause Young (Allocation Failure) 587M->307M(609M) 1.208ms
[775.672s][info][gc,cpu         ] GC(2053) User=0.00s Sys=0.00s Real=0.01s
[775.905s][info][gc,start       ] GC(2054) Pause Young (Allocation Failure)
[775.906s][info][gc,heap        ] GC(2054) PSYoungGen: 286272K(308736K)->64K(309760K) Eden: 286208K(286208K)->0K(289792K) From: 64K(22528K)->64K(19968K)
[775.906s][info][gc,heap        ] GC(2054) ParOldGen: 315158K(315392K)->315174K(315392K)
[775.906s][info][gc,metaspace   ] GC(2054) Metaspace: 35667K(36288K)->35667K(36288K) NonClass: 26462K(26944K)->26462K(26944K) Class: 9204K(9344K)->9204K(9344K)
[775.906s][info][gc             ] GC(2054) Pause Young (Allocation Failure) 587M->307M(610M) 1.036ms
[775.906s][info][gc,cpu         ] GC(2054) User=0.00s Sys=0.00s Real=0.00s
[776.151s][info][gc,start       ] GC(2055) Pause Young (Allocation Failure)
[776.152s][info][gc,heap        ] GC(2055) PSYoungGen: 289856K(309760K)->64K(310784K) Eden: 289792K(289792K)->0K(289792K) From: 64K(19968K)->64K(20992K)
[776.152s][info][gc,heap        ] GC(2055) ParOldGen: 315174K(315392K)->315174K(315392K)
[776.152s][info][gc,metaspace   ] GC(2055) Metaspace: 35667K(36288K)->35667K(36288K) NonClass: 26462K(26944K)->26462K(26944K) Class: 9204K(9344K)->9204K(9344K)
[776.152s][info][gc             ] GC(2055) Pause Young (Allocation Failure) 590M->307M(611M) 1.186ms
[776.152s][info][gc,cpu         ] GC(2055) User=0.01s Sys=0.00s Real=0.00s
[776.476s][info][gc,start       ] GC(2056) Pause Young (Allocation Failure)
[776.477s][info][gc,heap        ] GC(2056) PSYoungGen: 289856K(310784K)->64K(310784K) Eden: 289792K(289792K)->0K(292864K) From: 64K(20992K)->64K(17920K)
[776.477s][info][gc,heap        ] GC(2056) ParOldGen: 315174K(315392K)->315174K(315392K)
[776.477s][info][gc,metaspace   ] GC(2056) Metaspace: 35667K(36288K)->35667K(36288K) NonClass: 26462K(26944K)->26462K(26944K) Class: 9204K(9344K)->9204K(9344K)
[776.477s][info][gc             ] GC(2056) Pause Young (Allocation Failure) 590M->307M(611M) 1.236ms
[776.478s][info][gc,cpu         ] GC(2056) User=0.00s Sys=0.00s Real=0.00s
[776.530s][info][gc,start       ] GC(2057) Pause Young (Allocation Failure)
[776.531s][info][gc,heap        ] GC(2057) PSYoungGen: 292928K(310784K)->64K(311808K) Eden: 292864K(292864K)->0K(292864K) From: 64K(17920K)->64K(18944K)
[776.531s][info][gc,heap        ] GC(2057) ParOldGen: 315174K(315392K)->315190K(315392K)
[776.531s][info][gc,metaspace   ] GC(2057) Metaspace: 35667K(36288K)->35667K(36288K) NonClass: 26462K(26944K)->26462K(26944K) Class: 9204K(9344K)->9204K(9344K)
[776.531s][info][gc             ] GC(2057) Pause Young (Allocation Failure) 593M->307M(612M) 1.176ms
[776.531s][info][gc,cpu         ] GC(2057) User=0.00s Sys=0.00s Real=0.00s
[776.593s][info][gc,start       ] GC(2058) Pause Young (Allocation Failure)
[776.594s][info][gc,heap        ] GC(2058) PSYoungGen: 292928K(311808K)->64K(312832K) Eden: 292864K(292864K)->0K(296960K) From: 64K(18944K)->64K(15872K)
[776.594s][info][gc,heap        ] GC(2058) ParOldGen: 315190K(315392K)->315190K(315392K)
[776.594s][info][gc,metaspace   ] GC(2058) Metaspace: 35667K(36288K)->35667K(36288K) NonClass: 26462K(26944K)->26462K(26944K) Class: 9204K(9344K)->9204K(9344K)
[776.594s][info][gc             ] GC(2058) Pause Young (Allocation Failure) 593M->307M(613M) 1.133ms
[776.594s][info][gc,cpu         ] GC(2058) User=0.00s Sys=0.00s Real=0.00s
[776.880s][info][gc,start       ] GC(2059) Pause Young (Allocation Failure)
[776.881s][info][gc,heap        ] GC(2059) PSYoungGen: 297024K(312832K)->64K(313856K) Eden: 296960K(296960K)->0K(296960K) From: 64K(15872K)->64K(16896K)
[776.881s][info][gc,heap        ] GC(2059) ParOldGen: 315190K(315392K)->315206K(315392K)
[776.881s][info][gc,metaspace   ] GC(2059) Metaspace: 35667K(36288K)->35667K(36288K) NonClass: 26462K(26944K)->26462K(26944K) Class: 9204K(9344K)->9204K(9344K)
[776.881s][info][gc             ] GC(2059) Pause Young (Allocation Failure) 597M->307M(614M) 1.143ms
[776.881s][info][gc,cpu         ] GC(2059) User=0.00s Sys=0.00s Real=0.00s
[777.109s][info][gc,start       ] GC(2060) Pause Young (Allocation Failure)
[777.110s][info][gc,heap        ] GC(2060) PSYoungGen: 297024K(313856K)->64K(314880K) Eden: 296960K(296960K)->0K(301056K) From: 64K(16896K)->64K(13824K)
[777.110s][info][gc,heap        ] GC(2060) ParOldGen: 315206K(315392K)->315206K(315392K)
[777.110s][info][gc,metaspace   ] GC(2060) Metaspace: 35667K(36288K)->35667K(36288K) NonClass: 26462K(26944K)->26462K(26944K) Class: 9204K(9344K)->9204K(9344K)
[777.110s][info][gc             ] GC(2060) Pause Young (Allocation Failure) 597M->307M(615M) 1.130ms
[777.110s][info][gc,cpu         ] GC(2060) User=0.00s Sys=0.00s Real=0.00s
[777.193s][info][gc,start       ] GC(2061) Pause Young (Allocation Failure)
[777.195s][info][gc,heap        ] GC(2061) PSYoungGen: 301120K(314880K)->64K(315904K) Eden: 301056K(301056K)->0K(301056K) From: 64K(13824K)->64K(14848K)
[777.195s][info][gc,heap        ] GC(2061) ParOldGen: 315206K(315392K)->315222K(315392K)
[777.195s][info][gc,metaspace   ] GC(2061) Metaspace: 35667K(36288K)->35667K(36288K) NonClass: 26462K(26944K)->26462K(26944K) Class: 9204K(9344K)->9204K(9344K)
[777.195s][info][gc             ] GC(2061) Pause Young (Allocation Failure) 601M->307M(616M) 1.084ms
[777.195s][info][gc,cpu         ] GC(2061) User=0.00s Sys=0.00s Real=0.00s
[777.349s][info][gc,start       ] GC(2062) Pause Young (Allocation Failure)
[777.350s][info][gc,heap        ] GC(2062) PSYoungGen: 301120K(315904K)->64K(316416K) Eden: 301056K(301056K)->0K(304640K) From: 64K(14848K)->64K(11776K)
[777.350s][info][gc,heap        ] GC(2062) ParOldGen: 315222K(315392K)->315222K(315392K)
[777.350s][info][gc,metaspace   ] GC(2062) Metaspace: 35667K(36288K)->35667K(36288K) NonClass: 26462K(26944K)->26462K(26944K) Class: 9204K(9344K)->9204K(9344K)
[777.350s][info][gc             ] GC(2062) Pause Young (Allocation Failure) 601M->307M(617M) 1.137ms
[777.350s][info][gc,cpu         ] GC(2062) User=0.00s Sys=0.00s Real=0.00s
[778.298s][info][gc,start       ] GC(2063) Pause Young (Allocation Failure)
[778.300s][info][gc,heap        ] GC(2063) PSYoungGen: 304704K(316416K)->64K(292864K) Eden: 304640K(304640K)->0K(292352K) From: 64K(11776K)->64K(512K)
[778.300s][info][gc,heap        ] GC(2063) ParOldGen: 315222K(315392K)->315230K(315392K)
[778.300s][info][gc,metaspace   ] GC(2063) Metaspace: 35667K(36288K)->35667K(36288K) NonClass: 26462K(26944K)->26462K(26944K) Class: 9204K(9344K)->9204K(9344K)
[778.300s][info][gc             ] GC(2063) Pause Young (Allocation Failure) 605M->307M(594M) 1.975ms
[778.300s][info][gc,cpu         ] GC(2063) User=0.00s Sys=0.00s Real=0.00s
[779.120s][info][gc,start       ] GC(2064) Pause Young (Allocation Failure)
[779.121s][info][gc,heap        ] GC(2064) PSYoungGen: 292416K(292864K)->64K(281088K) Eden: 292352K(292352K)->0K(280576K) From: 64K(512K)->64K(512K)
[779.121s][info][gc,heap        ] GC(2064) ParOldGen: 315230K(315392K)->315238K(315392K)
[779.121s][info][gc,metaspace   ] GC(2064) Metaspace: 35674K(36288K)->35674K(36288K) NonClass: 26470K(26944K)->26470K(26944K) Class: 9204K(9344K)->9204K(9344K)
[779.121s][info][gc             ] GC(2064) Pause Young (Allocation Failure) 593M->307M(582M) 1.689ms
[779.121s][info][gc,cpu         ] GC(2064) User=0.00s Sys=0.00s Real=0.00s
[779.365s][info][gc,start       ] GC(2065) Pause Young (Allocation Failure)
[779.366s][info][gc,heap        ] GC(2065) PSYoungGen: 280640K(281088K)->64K(281088K) Eden: 280576K(280576K)->0K(269312K) From: 64K(512K)->64K(11776K)
[779.366s][info][gc,heap        ] GC(2065) ParOldGen: 315238K(315392K)->315246K(315392K)
[779.366s][info][gc,metaspace   ] GC(2065) Metaspace: 35674K(36288K)->35674K(36288K) NonClass: 26470K(26944K)->26470K(26944K) Class: 9204K(9344K)->9204K(9344K)
[779.366s][info][gc             ] GC(2065) Pause Young (Allocation Failure) 581M->307M(582M) 1.127ms
[779.366s][info][gc,cpu         ] GC(2065) User=0.00s Sys=0.00s Real=0.00s
[779.821s][info][gc,start       ] GC(2066) Pause Young (Allocation Failure)
[779.823s][info][gc,heap        ] GC(2066) PSYoungGen: 269376K(281088K)->64K(259584K) Eden: 269312K(269312K)->0K(259072K) From: 64K(11776K)->64K(512K)
[779.823s][info][gc,heap        ] GC(2066) ParOldGen: 315246K(315392K)->315254K(315392K)
[779.823s][info][gc,metaspace   ] GC(2066) Metaspace: 35682K(36352K)->35682K(36352K) NonClass: 26478K(27008K)->26478K(27008K) Class: 9204K(9344K)->9204K(9344K)
[779.823s][info][gc             ] GC(2066) Pause Young (Allocation Failure) 570M->307M(561M) 1.597ms
[779.823s][info][gc,cpu         ] GC(2066) User=0.00s Sys=0.00s Real=0.01s
[780.764s][info][gc,start       ] GC(2067) Pause Young (Allocation Failure)
[780.765s][info][gc,heap        ] GC(2067) PSYoungGen: 259136K(259584K)->64K(259072K) Eden: 259072K(259072K)->0K(248832K) From: 64K(512K)->64K(10240K)
[780.765s][info][gc,heap        ] GC(2067) ParOldGen: 315254K(315392K)->315262K(315392K)
[780.765s][info][gc,metaspace   ] GC(2067) Metaspace: 35682K(36352K)->35682K(36352K) NonClass: 26478K(27008K)->26478K(27008K) Class: 9204K(9344K)->9204K(9344K)
[780.765s][info][gc             ] GC(2067) Pause Young (Allocation Failure) 560M->307M(561M) 1.046ms
[780.765s][info][gc,cpu         ] GC(2067) User=0.00s Sys=0.00s Real=0.00s
[781.122s][info][gc,start       ] GC(2068) Pause Young (Allocation Failure)
[781.124s][info][gc,heap        ] GC(2068) PSYoungGen: 248896K(259072K)->64K(239616K) Eden: 248832K(248832K)->0K(239104K) From: 64K(10240K)->64K(512K)
[781.124s][info][gc,heap        ] GC(2068) ParOldGen: 315262K(315392K)->315270K(315392K)
[781.124s][info][gc,metaspace   ] GC(2068) Metaspace: 35682K(36352K)->35682K(36352K) NonClass: 26478K(27008K)->26478K(27008K) Class: 9204K(9344K)->9204K(9344K)
[781.124s][info][gc             ] GC(2068) Pause Young (Allocation Failure) 550M->307M(542M) 1.787ms
[781.124s][info][gc,cpu         ] GC(2068) User=0.00s Sys=0.00s Real=0.00s
[781.203s][info][gc,start       ] GC(2069) Pause Young (Allocation Failure)
[781.204s][info][gc,heap        ] GC(2069) PSYoungGen: 239168K(239616K)->64K(238592K) Eden: 239104K(239104K)->0K(229888K) From: 64K(512K)->64K(8704K)
[781.204s][info][gc,heap        ] GC(2069) ParOldGen: 315270K(315392K)->315278K(315392K)
[781.204s][info][gc,metaspace   ] GC(2069) Metaspace: 35682K(36352K)->35682K(36352K) NonClass: 26478K(27008K)->26478K(27008K) Class: 9204K(9344K)->9204K(9344K)
[781.204s][info][gc             ] GC(2069) Pause Young (Allocation Failure) 541M->307M(541M) 0.904ms
[781.204s][info][gc,cpu         ] GC(2069) User=0.00s Sys=0.00s Real=0.00s
[781.653s][info][gc,start       ] GC(2070) Pause Young (Allocation Failure)
[781.654s][info][gc,heap        ] GC(2070) PSYoungGen: 229952K(238592K)->64K(221696K) Eden: 229888K(229888K)->0K(221184K) From: 64K(8704K)->64K(512K)
[781.654s][info][gc,heap        ] GC(2070) ParOldGen: 315278K(315392K)->315286K(315392K)
[781.654s][info][gc,metaspace   ] GC(2070) Metaspace: 35682K(36352K)->35682K(36352K) NonClass: 26478K(27008K)->26478K(27008K) Class: 9204K(9344K)->9204K(9344K)
[781.655s][info][gc             ] GC(2070) Pause Young (Allocation Failure) 532M->307M(524M) 1.794ms
[781.655s][info][gc,cpu         ] GC(2070) User=0.00s Sys=0.00s Real=0.00s
[781.916s][info][gc,start       ] GC(2071) Pause Young (Allocation Failure)
[781.917s][info][gc,heap        ] GC(2071) PSYoungGen: 221248K(221696K)->64K(220672K) Eden: 221184K(221184K)->0K(212992K) From: 64K(512K)->64K(7680K)
[781.917s][info][gc,heap        ] GC(2071) ParOldGen: 315286K(315392K)->315294K(315392K)
[781.917s][info][gc,metaspace   ] GC(2071) Metaspace: 35682K(36352K)->35682K(36352K) NonClass: 26478K(27008K)->26478K(27008K) Class: 9204K(9344K)->9204K(9344K)
[781.917s][info][gc             ] GC(2071) Pause Young (Allocation Failure) 523M->307M(523M) 0.973ms
[781.917s][info][gc,cpu         ] GC(2071) User=0.00s Sys=0.00s Real=0.00s
[782.224s][info][gc,start       ] GC(2072) Pause Young (Allocation Failure)
[782.235s][info][gc,heap        ] GC(2072) PSYoungGen: 213056K(220672K)->7168K(261120K) Eden: 212992K(212992K)->0K(253952K) From: 64K(7680K)->7168K(7168K)
[782.236s][info][gc,heap        ] GC(2072) ParOldGen: 315294K(315392K)->315406K(315904K)
[782.236s][info][gc,metaspace   ] GC(2072) Metaspace: 35682K(36352K)->35682K(36352K) NonClass: 26478K(27008K)->26478K(27008K) Class: 9204K(9344K)->9204K(9344K)
[782.236s][info][gc             ] GC(2072) Pause Young (Allocation Failure) 515M->315M(563M) 11.726ms
[782.236s][info][gc,cpu         ] GC(2072) User=0.02s Sys=0.00s Real=0.01s
[782.536s][info][gc,start       ] GC(2073) Pause Young (Allocation Failure)
[782.593s][info][gc,heap        ] GC(2073) PSYoungGen: 261120K(261120K)->9216K(271872K) Eden: 253952K(253952K)->0K(262656K) From: 7168K(7168K)->9216K(9216K)
[782.593s][info][gc,heap        ] GC(2073) ParOldGen: 315406K(315904K)->334934K(335360K)
[782.593s][info][gc,metaspace   ] GC(2073) Metaspace: 35682K(36352K)->35682K(36352K) NonClass: 26478K(27008K)->26478K(27008K) Class: 9204K(9344K)->9204K(9344K)
[782.593s][info][gc             ] GC(2073) Pause Young (Allocation Failure) 563M->336M(593M) 57.550ms
[782.593s][info][gc,cpu         ] GC(2073) User=0.10s Sys=0.01s Real=0.06s
[782.880s][info][gc,start       ] GC(2074) Pause Young (Allocation Failure)
[782.940s][info][gc,heap        ] GC(2074) PSYoungGen: 271872K(271872K)->18432K(301056K) Eden: 262656K(262656K)->0K(282624K) From: 9216K(9216K)->18432K(18432K)
[782.940s][info][gc,heap        ] GC(2074) ParOldGen: 334934K(335360K)->343646K(344064K)
[782.940s][info][gc,metaspace   ] GC(2074) Metaspace: 35682K(36352K)->35682K(36352K) NonClass: 26478K(27008K)->26478K(27008K) Class: 9204K(9344K)->9204K(9344K)
[782.940s][info][gc             ] GC(2074) Pause Young (Allocation Failure) 592M->353M(630M) 59.603ms
[782.940s][info][gc,cpu         ] GC(2074) User=0.10s Sys=0.02s Real=0.06s
[783.087s][info][gc,start       ] GC(2075) Pause Young (Allocation Failure)
[783.091s][info][gc,heap        ] GC(2075) PSYoungGen: 301056K(301056K)->64K(308224K) Eden: 282624K(282624K)->0K(282624K) From: 18432K(18432K)->64K(25600K)
[783.091s][info][gc,heap        ] GC(2075) ParOldGen: 343646K(344064K)->343870K(344064K)
[783.091s][info][gc,metaspace   ] GC(2075) Metaspace: 35682K(36352K)->35682K(36352K) NonClass: 26478K(27008K)->26478K(27008K) Class: 9204K(9344K)->9204K(9344K)
[783.091s][info][gc             ] GC(2075) Pause Young (Allocation Failure) 629M->335M(637M) 3.704ms
[783.091s][info][gc,cpu         ] GC(2075) User=0.01s Sys=0.01s Real=0.00s
[783.768s][info][gc,start       ] GC(2076) Pause Young (Allocation Failure)
[783.769s][info][gc,heap        ] GC(2076) PSYoungGen: 282688K(308224K)->64K(305152K) Eden: 282624K(282624K)->0K(283648K) From: 64K(25600K)->64K(21504K)
[783.769s][info][gc,heap        ] GC(2076) ParOldGen: 343870K(344064K)->343886K(344064K)
[783.769s][info][gc,metaspace   ] GC(2076) Metaspace: 35682K(36352K)->35682K(36352K) NonClass: 26478K(27008K)->26478K(27008K) Class: 9204K(9344K)->9204K(9344K)
[783.769s][info][gc             ] GC(2076) Pause Young (Allocation Failure) 611M->335M(634M) 1.521ms
[783.769s][info][gc,cpu         ] GC(2076) User=0.01s Sys=0.00s Real=0.00s
[784.277s][info][gc,start       ] GC(2077) Pause Young (Allocation Failure)
[784.278s][info][gc,heap        ] GC(2077) PSYoungGen: 283712K(305152K)->64K(307200K) Eden: 283648K(283648K)->0K(283648K) From: 64K(21504K)->64K(23552K)
[784.278s][info][gc,heap        ] GC(2077) ParOldGen: 343886K(344064K)->343886K(344064K)
[784.278s][info][gc,metaspace   ] GC(2077) Metaspace: 35682K(36352K)->35682K(36352K) NonClass: 26478K(27008K)->26478K(27008K) Class: 9204K(9344K)->9204K(9344K)
[784.278s][info][gc             ] GC(2077) Pause Young (Allocation Failure) 612M->335M(636M) 1.327ms
[784.278s][info][gc,cpu         ] GC(2077) User=0.00s Sys=0.00s Real=0.00s
[784.510s][info][gc,start       ] GC(2078) Pause Young (Allocation Failure)
[784.511s][info][gc,heap        ] GC(2078) PSYoungGen: 283712K(307200K)->64K(307712K) Eden: 283648K(283648K)->0K(287232K) From: 64K(23552K)->64K(20480K)
[784.511s][info][gc,heap        ] GC(2078) ParOldGen: 343886K(344064K)->343902K(344064K)
[784.511s][info][gc,metaspace   ] GC(2078) Metaspace: 35682K(36352K)->35682K(36352K) NonClass: 26478K(27008K)->26478K(27008K) Class: 9204K(9344K)->9204K(9344K)
[784.511s][info][gc             ] GC(2078) Pause Young (Allocation Failure) 612M->335M(636M) 1.238ms
[784.511s][info][gc,cpu         ] GC(2078) User=0.00s Sys=0.00s Real=0.00s
[784.749s][info][gc,start       ] GC(2079) Pause Young (Allocation Failure)
[784.750s][info][gc,heap        ] GC(2079) PSYoungGen: 287296K(307712K)->64K(309248K) Eden: 287232K(287232K)->0K(287232K) From: 64K(20480K)->64K(22016K)
[784.750s][info][gc,heap        ] GC(2079) ParOldGen: 343902K(344064K)->343902K(344064K)
[784.750s][info][gc,metaspace   ] GC(2079) Metaspace: 35682K(36352K)->35682K(36352K) NonClass: 26478K(27008K)->26478K(27008K) Class: 9204K(9344K)->9204K(9344K)
[784.750s][info][gc             ] GC(2079) Pause Young (Allocation Failure) 616M->335M(638M) 1.259ms
[784.750s][info][gc,cpu         ] GC(2079) User=0.00s Sys=0.00s Real=0.00s
[785.118s][info][gc,start       ] GC(2080) Pause Young (Allocation Failure)
[785.119s][info][gc,heap        ] GC(2080) PSYoungGen: 287296K(309248K)->64K(309248K) Eden: 287232K(287232K)->0K(290816K) From: 64K(22016K)->64K(18432K)
[785.119s][info][gc,heap        ] GC(2080) ParOldGen: 343902K(344064K)->343902K(344064K)
[785.119s][info][gc,metaspace   ] GC(2080) Metaspace: 35682K(36352K)->35682K(36352K) NonClass: 26478K(27008K)->26478K(27008K) Class: 9204K(9344K)->9204K(9344K)
[785.119s][info][gc             ] GC(2080) Pause Young (Allocation Failure) 616M->335M(638M) 1.177ms
[785.119s][info][gc,cpu         ] GC(2080) User=0.00s Sys=0.00s Real=0.00s
[785.173s][info][gc,start       ] GC(2081) Pause Young (Allocation Failure)
[785.174s][info][gc,heap        ] GC(2081) PSYoungGen: 290880K(309248K)->64K(310784K) Eden: 290816K(290816K)->0K(290816K) From: 64K(18432K)->64K(19968K)
[785.174s][info][gc,heap        ] GC(2081) ParOldGen: 343902K(344064K)->343910K(344064K)
[785.174s][info][gc,metaspace   ] GC(2081) Metaspace: 35682K(36352K)->35682K(36352K) NonClass: 26478K(27008K)->26478K(27008K) Class: 9204K(9344K)->9204K(9344K)
[785.174s][info][gc             ] GC(2081) Pause Young (Allocation Failure) 619M->335M(639M) 1.203ms
[785.174s][info][gc,cpu         ] GC(2081) User=0.00s Sys=0.00s Real=0.00s
[785.223s][info][gc,start       ] GC(2082) Pause Young (Allocation Failure)
[785.224s][info][gc,heap        ] GC(2082) PSYoungGen: 290880K(310784K)->64K(311296K) Eden: 290816K(290816K)->0K(294912K) From: 64K(19968K)->64K(16384K)
[785.224s][info][gc,heap        ] GC(2082) ParOldGen: 343910K(344064K)->343926K(344064K)
[785.224s][info][gc,metaspace   ] GC(2082) Metaspace: 35682K(36352K)->35682K(36352K) NonClass: 26478K(27008K)->26478K(27008K) Class: 9204K(9344K)->9204K(9344K)
[785.224s][info][gc             ] GC(2082) Pause Young (Allocation Failure) 619M->335M(640M) 1.128ms
[785.224s][info][gc,cpu         ] GC(2082) User=0.00s Sys=0.00s Real=0.00s
[785.451s][info][gc,start       ] GC(2083) Pause Young (Allocation Failure)
[785.452s][info][gc,heap        ] GC(2083) PSYoungGen: 294976K(311296K)->64K(312832K) Eden: 294912K(294912K)->0K(294912K) From: 64K(16384K)->64K(17920K)
[785.452s][info][gc,heap        ] GC(2083) ParOldGen: 343926K(344064K)->343926K(344064K)
[785.452s][info][gc,metaspace   ] GC(2083) Metaspace: 35682K(36352K)->35682K(36352K) NonClass: 26478K(27008K)->26478K(27008K) Class: 9204K(9344K)->9204K(9344K)
[785.452s][info][gc             ] GC(2083) Pause Young (Allocation Failure) 623M->335M(641M) 1.230ms
[785.452s][info][gc,cpu         ] GC(2083) User=0.00s Sys=0.00s Real=0.01s
[785.704s][info][gc,start       ] GC(2084) Pause Young (Allocation Failure)
[785.706s][info][gc,heap        ] GC(2084) PSYoungGen: 294976K(312832K)->64K(313344K) Eden: 294912K(294912K)->0K(299008K) From: 64K(17920K)->64K(14336K)
[785.706s][info][gc,heap        ] GC(2084) ParOldGen: 343926K(344064K)->343934K(344064K)
[785.706s][info][gc,metaspace   ] GC(2084) Metaspace: 35682K(36352K)->35682K(36352K) NonClass: 26478K(27008K)->26478K(27008K) Class: 9204K(9344K)->9204K(9344K)
[785.706s][info][gc             ] GC(2084) Pause Young (Allocation Failure) 623M->335M(642M) 1.238ms
[785.706s][info][gc,cpu         ] GC(2084) User=0.00s Sys=0.00s Real=0.00s
[785.823s][info][gc,start       ] GC(2085) Pause Young (Allocation Failure)
[785.824s][info][gc,heap        ] GC(2085) PSYoungGen: 299072K(313344K)->64K(314880K) Eden: 299008K(299008K)->0K(299008K) From: 64K(14336K)->64K(15872K)
[785.824s][info][gc,heap        ] GC(2085) ParOldGen: 343934K(344064K)->343942K(344064K)
[785.824s][info][gc,metaspace   ] GC(2085) Metaspace: 35682K(36352K)->35682K(36352K) NonClass: 26478K(27008K)->26478K(27008K) Class: 9204K(9344K)->9204K(9344K)
[785.824s][info][gc             ] GC(2085) Pause Young (Allocation Failure) 627M->335M(643M) 1.338ms
[785.824s][info][gc,cpu         ] GC(2085) User=0.00s Sys=0.00s Real=0.00s
[785.944s][info][gc,start       ] GC(2086) Pause Young (Allocation Failure)
[785.945s][info][gc,heap        ] GC(2086) PSYoungGen: 299072K(314880K)->64K(315392K) Eden: 299008K(299008K)->0K(303104K) From: 64K(15872K)->64K(12288K)
[785.945s][info][gc,heap        ] GC(2086) ParOldGen: 343942K(344064K)->343950K(344064K)
[785.945s][info][gc,metaspace   ] GC(2086) Metaspace: 35682K(36352K)->35682K(36352K) NonClass: 26478K(27008K)->26478K(27008K) Class: 9204K(9344K)->9204K(9344K)
[785.945s][info][gc             ] GC(2086) Pause Young (Allocation Failure) 627M->335M(644M) 1.164ms
[785.945s][info][gc,cpu         ] GC(2086) User=0.00s Sys=0.00s Real=0.00s
[786.319s][info][gc,start       ] GC(2087) Pause Young (Allocation Failure)
[786.321s][info][gc,heap        ] GC(2087) PSYoungGen: 303168K(315392K)->64K(291328K) Eden: 303104K(303104K)->0K(290816K) From: 64K(12288K)->64K(512K)
[786.321s][info][gc,heap        ] GC(2087) ParOldGen: 343950K(344064K)->343958K(344064K)
[786.321s][info][gc,metaspace   ] GC(2087) Metaspace: 35682K(36352K)->35682K(36352K) NonClass: 26478K(27008K)->26478K(27008K) Class: 9204K(9344K)->9204K(9344K)
[786.321s][info][gc             ] GC(2087) Pause Young (Allocation Failure) 631M->335M(620M) 1.971ms
[786.321s][info][gc,cpu         ] GC(2087) User=0.01s Sys=0.01s Real=0.00s
[786.987s][info][gc,start       ] GC(2088) Pause Young (Allocation Failure)
[786.988s][info][gc,heap        ] GC(2088) PSYoungGen: 290880K(291328K)->83K(280064K) Eden: 290816K(290816K)->0K(279552K) From: 64K(512K)->83K(512K)
[786.989s][info][gc,heap        ] GC(2088) ParOldGen: 343958K(344064K)->343966K(344064K)
[786.989s][info][gc,metaspace   ] GC(2088) Metaspace: 35682K(36352K)->35682K(36352K) NonClass: 26478K(27008K)->26478K(27008K) Class: 9204K(9344K)->9204K(9344K)
[786.989s][info][gc             ] GC(2088) Pause Young (Allocation Failure) 619M->335M(609M) 1.544ms
[786.989s][info][gc,cpu         ] GC(2088) User=0.00s Sys=0.00s Real=0.00s
[787.912s][info][gc,start       ] GC(2089) Pause Young (Allocation Failure)
[787.913s][info][gc,heap        ] GC(2089) PSYoungGen: 279635K(280064K)->64K(281088K) Eden: 279552K(279552K)->0K(268800K) From: 83K(512K)->64K(12288K)
[787.913s][info][gc,heap        ] GC(2089) ParOldGen: 343966K(344064K)->343982K(344064K)
[787.913s][info][gc,metaspace   ] GC(2089) Metaspace: 35682K(36352K)->35682K(36352K) NonClass: 26478K(27008K)->26478K(27008K) Class: 9204K(9344K)->9204K(9344K)
[787.913s][info][gc             ] GC(2089) Pause Young (Allocation Failure) 608M->335M(610M) 1.298ms
[787.913s][info][gc,cpu         ] GC(2089) User=0.01s Sys=0.00s Real=0.01s
[788.351s][info][gc,start       ] GC(2090) Pause Young (Allocation Failure)
[788.353s][info][gc,heap        ] GC(2090) PSYoungGen: 268864K(281088K)->64K(259072K) Eden: 268800K(268800K)->0K(258560K) From: 64K(12288K)->64K(512K)
[788.353s][info][gc,heap        ] GC(2090) ParOldGen: 343982K(344064K)->343990K(344064K)
[788.353s][info][gc,metaspace   ] GC(2090) Metaspace: 35682K(36352K)->35682K(36352K) NonClass: 26478K(27008K)->26478K(27008K) Class: 9204K(9344K)->9204K(9344K)
[788.353s][info][gc             ] GC(2090) Pause Young (Allocation Failure) 598M->335M(589M) 1.983ms
[788.353s][info][gc,cpu         ] GC(2090) User=0.00s Sys=0.00s Real=0.01s
[789.319s][info][gc,start       ] GC(2091) Pause Young (Allocation Failure)
[789.321s][info][gc,heap        ] GC(2091) PSYoungGen: 258624K(259072K)->64K(259584K) Eden: 258560K(258560K)->0K(248832K) From: 64K(512K)->64K(10752K)
[789.321s][info][gc,heap        ] GC(2091) ParOldGen: 343990K(344064K)->343998K(344064K)
[789.321s][info][gc,metaspace   ] GC(2091) Metaspace: 35682K(36352K)->35682K(36352K) NonClass: 26478K(27008K)->26478K(27008K) Class: 9204K(9344K)->9204K(9344K)
[789.321s][info][gc             ] GC(2091) Pause Young (Allocation Failure) 588M->335M(589M) 1.386ms
[789.321s][info][gc,cpu         ] GC(2091) User=0.00s Sys=0.00s Real=0.00s
[789.711s][info][gc,start       ] GC(2092) Pause Young (Allocation Failure)
[789.714s][info][gc,heap        ] GC(2092) PSYoungGen: 248896K(259584K)->32K(239616K) Eden: 248832K(248832K)->0K(239104K) From: 64K(10752K)->32K(512K)
[789.714s][info][gc,heap        ] GC(2092) ParOldGen: 343998K(344064K)->344014K(344064K)
[789.714s][info][gc,metaspace   ] GC(2092) Metaspace: 35682K(36352K)->35682K(36352K) NonClass: 26478K(27008K)->26478K(27008K) Class: 9204K(9344K)->9204K(9344K)
[789.714s][info][gc             ] GC(2092) Pause Young (Allocation Failure) 578M->335M(570M) 3.143ms
[789.714s][info][gc,cpu         ] GC(2092) User=0.00s Sys=0.00s Real=0.01s
[789.862s][info][gc,start       ] GC(2093) Pause Young (Allocation Failure)
[789.863s][info][gc,heap        ] GC(2093) PSYoungGen: 239136K(239616K)->64K(239104K) Eden: 239104K(239104K)->0K(229888K) From: 32K(512K)->64K(9216K)
[789.863s][info][gc,heap        ] GC(2093) ParOldGen: 344014K(344064K)->344022K(344064K)
[789.863s][info][gc,metaspace   ] GC(2093) Metaspace: 35682K(36352K)->35682K(36352K) NonClass: 26478K(27008K)->26478K(27008K) Class: 9204K(9344K)->9204K(9344K)
[789.863s][info][gc             ] GC(2093) Pause Young (Allocation Failure) 569M->336M(569M) 1.524ms
[789.863s][info][gc,cpu         ] GC(2093) User=0.00s Sys=0.00s Real=0.01s
[790.095s][info][gc,start       ] GC(2094) Pause Young (Allocation Failure)
[790.097s][info][gc,heap        ] GC(2094) PSYoungGen: 229952K(239104K)->64K(221696K) Eden: 229888K(229888K)->0K(221184K) From: 64K(9216K)->64K(512K)
[790.097s][info][gc,heap        ] GC(2094) ParOldGen: 344022K(344064K)->344030K(344064K)
[790.097s][info][gc,metaspace   ] GC(2094) Metaspace: 35682K(36352K)->35682K(36352K) NonClass: 26478K(27008K)->26478K(27008K) Class: 9204K(9344K)->9204K(9344K)
[790.097s][info][gc             ] GC(2094) Pause Young (Allocation Failure) 560M->336M(552M) 2.020ms
[790.097s][info][gc,cpu         ] GC(2094) User=0.00s Sys=0.00s Real=0.00s
[790.548s][info][gc,start       ] GC(2095) Pause Young (Allocation Failure)
[790.549s][info][gc,heap        ] GC(2095) PSYoungGen: 221248K(221696K)->64K(221184K) Eden: 221184K(221184K)->0K(212992K) From: 64K(512K)->64K(8192K)
[790.549s][info][gc,heap        ] GC(2095) ParOldGen: 344030K(344064K)->344038K(344064K)
[790.549s][info][gc,metaspace   ] GC(2095) Metaspace: 35682K(36352K)->35682K(36352K) NonClass: 26478K(27008K)->26478K(27008K) Class: 9204K(9344K)->9204K(9344K)
[790.549s][info][gc             ] GC(2095) Pause Young (Allocation Failure) 552M->336M(552M) 1.165ms
[790.549s][info][gc,cpu         ] GC(2095) User=0.00s Sys=0.00s Real=0.00s
[790.777s][info][gc,start       ] GC(2096) Pause Young (Allocation Failure)
[790.779s][info][gc,heap        ] GC(2096) PSYoungGen: 213056K(221184K)->64K(205824K) Eden: 212992K(212992K)->0K(205312K) From: 64K(8192K)->64K(512K)
[790.779s][info][gc,heap        ] GC(2096) ParOldGen: 344038K(344064K)->344046K(344064K)
[790.779s][info][gc,metaspace   ] GC(2096) Metaspace: 35682K(36352K)->35682K(36352K) NonClass: 26478K(27008K)->26478K(27008K) Class: 9204K(9344K)->9204K(9344K)
[790.779s][info][gc             ] GC(2096) Pause Young (Allocation Failure) 544M->336M(537M) 1.817ms
[790.779s][info][gc,cpu         ] GC(2096) User=0.00s Sys=0.00s Real=0.00s
[791.050s][info][gc,start       ] GC(2097) Pause Young (Allocation Failure)
[791.086s][info][gc,heap        ] GC(2097) PSYoungGen: 205376K(205824K)->7168K(253440K) Eden: 205312K(205312K)->0K(246272K) From: 64K(512K)->7168K(7168K)
[791.087s][info][gc,heap        ] GC(2097) ParOldGen: 344046K(344064K)->356366K(356864K)
[791.087s][info][gc,metaspace   ] GC(2097) Metaspace: 35682K(36352K)->35682K(36352K) NonClass: 26478K(27008K)->26478K(27008K) Class: 9204K(9344K)->9204K(9344K)
[791.087s][info][gc             ] GC(2097) Pause Young (Allocation Failure) 536M->355M(596M) 36.487ms
[791.087s][info][gc,cpu         ] GC(2097) User=0.06s Sys=0.01s Real=0.04s
[791.379s][info][gc,start       ] GC(2098) Pause Young (Allocation Failure)
[791.437s][info][gc,heap        ] GC(2098) PSYoungGen: 253440K(253440K)->8704K(251392K) Eden: 246272K(246272K)->0K(242688K) From: 7168K(7168K)->8704K(8704K)
[791.437s][info][gc,heap        ] GC(2098) ParOldGen: 356366K(356864K)->375862K(376320K)
[791.437s][info][gc,metaspace   ] GC(2098) Metaspace: 35682K(36352K)->35682K(36352K) NonClass: 26478K(27008K)->26478K(27008K) Class: 9204K(9344K)->9204K(9344K)
[791.437s][info][gc             ] GC(2098) Pause Young (Allocation Failure) 595M->375M(613M) 58.055ms
[791.437s][info][gc,cpu         ] GC(2098) User=0.10s Sys=0.02s Real=0.06s
[791.626s][info][gc,start       ] GC(2099) Pause Young (Allocation Failure)
[791.654s][info][gc,heap        ] GC(2099) PSYoungGen: 251392K(251392K)->15296K(264192K) Eden: 242688K(242688K)->0K(242688K) From: 8704K(8704K)->15296K(21504K)
[791.654s][info][gc,heap        ] GC(2099) ParOldGen: 375862K(376320K)->376390K(376832K)
[791.654s][info][gc,metaspace   ] GC(2099) Metaspace: 35682K(36352K)->35682K(36352K) NonClass: 26478K(27008K)->26478K(27008K) Class: 9204K(9344K)->9204K(9344K)
[791.654s][info][gc             ] GC(2099) Pause Young (Allocation Failure) 612M->382M(626M) 28.296ms
[791.654s][info][gc,cpu         ] GC(2099) User=0.06s Sys=0.00s Real=0.03s
[791.875s][info][gc,start       ] GC(2100) Pause Young (Allocation Failure)
[791.876s][info][gc,heap        ] GC(2100) PSYoungGen: 257984K(264192K)->64K(310784K) Eden: 242688K(242688K)->0K(286720K) From: 15296K(21504K)->64K(24064K)
[791.876s][info][gc,heap        ] GC(2100) ParOldGen: 376390K(376832K)->376398K(376832K)
[791.876s][info][gc,metaspace   ] GC(2100) Metaspace: 35682K(36352K)->35682K(36352K) NonClass: 26478K(27008K)->26478K(27008K) Class: 9204K(9344K)->9204K(9344K)
[791.876s][info][gc             ] GC(2100) Pause Young (Allocation Failure) 619M->367M(671M) 1.426ms
[791.876s][info][gc,cpu         ] GC(2100) User=0.00s Sys=0.00s Real=0.00s
[792.540s][info][gc,start       ] GC(2101) Pause Young (Allocation Failure)
[792.542s][info][gc,heap        ] GC(2101) PSYoungGen: 286784K(310784K)->64K(287232K) Eden: 286720K(286720K)->0K(286720K) From: 64K(24064K)->64K(512K)
[792.542s][info][gc,heap        ] GC(2101) ParOldGen: 376398K(376832K)->376406K(376832K)
[792.542s][info][gc,metaspace   ] GC(2101) Metaspace: 35682K(36352K)->35682K(36352K) NonClass: 26478K(27008K)->26478K(27008K) Class: 9204K(9344K)->9204K(9344K)
[792.542s][info][gc             ] GC(2101) Pause Young (Allocation Failure) 647M->367M(648M) 1.360ms
[792.542s][info][gc,cpu         ] GC(2101) User=0.00s Sys=0.00s Real=0.01s
[793.019s][info][gc,start       ] GC(2102) Pause Young (Allocation Failure)
[793.020s][info][gc,heap        ] GC(2102) PSYoungGen: 286784K(287232K)->64K(310272K) Eden: 286720K(286720K)->0K(287744K) From: 64K(512K)->64K(22528K)
[793.020s][info][gc,heap        ] GC(2102) ParOldGen: 376406K(376832K)->376422K(376832K)
[793.020s][info][gc,metaspace   ] GC(2102) Metaspace: 35682K(36352K)->35682K(36352K) NonClass: 26478K(27008K)->26478K(27008K) Class: 9204K(9344K)->9204K(9344K)
[793.020s][info][gc             ] GC(2102) Pause Young (Allocation Failure) 647M->367M(671M) 1.331ms
[793.020s][info][gc,cpu         ] GC(2102) User=0.00s Sys=0.00s Real=0.00s
[793.257s][info][gc,start       ] GC(2103) Pause Young (Allocation Failure)
[793.258s][info][gc,heap        ] GC(2103) PSYoungGen: 287808K(310272K)->64K(309248K) Eden: 287744K(287744K)->0K(287744K) From: 64K(22528K)->64K(21504K)
[793.258s][info][gc,heap        ] GC(2103) ParOldGen: 376422K(376832K)->376438K(376832K)
[793.258s][info][gc,metaspace   ] GC(2103) Metaspace: 35682K(36352K)->35682K(36352K) NonClass: 26478K(27008K)->26478K(27008K) Class: 9204K(9344K)->9204K(9344K)
[793.258s][info][gc             ] GC(2103) Pause Young (Allocation Failure) 648M->367M(670M) 1.279ms
[793.258s][info][gc,cpu         ] GC(2103) User=0.01s Sys=0.00s Real=0.00s
[793.494s][info][gc,start       ] GC(2104) Pause Young (Allocation Failure)
[793.495s][info][gc,heap        ] GC(2104) PSYoungGen: 287808K(309248K)->64K(311296K) Eden: 287744K(287744K)->0K(290816K) From: 64K(21504K)->64K(20480K)
[793.495s][info][gc,heap        ] GC(2104) ParOldGen: 376438K(376832K)->376438K(376832K)
[793.495s][info][gc,metaspace   ] GC(2104) Metaspace: 35682K(36352K)->35682K(36352K) NonClass: 26478K(27008K)->26478K(27008K) Class: 9204K(9344K)->9204K(9344K)
[793.495s][info][gc             ] GC(2104) Pause Young (Allocation Failure) 648M->367M(672M) 1.193ms
[793.495s][info][gc,cpu         ] GC(2104) User=0.00s Sys=0.00s Real=0.00s
[793.836s][info][gc,start       ] GC(2105) Pause Young (Allocation Failure)
[793.838s][info][gc,heap        ] GC(2105) PSYoungGen: 290880K(311296K)->64K(310272K) Eden: 290816K(290816K)->0K(290816K) From: 64K(20480K)->64K(19456K)
[793.838s][info][gc,heap        ] GC(2105) ParOldGen: 376438K(376832K)->376438K(376832K)
[793.838s][info][gc,metaspace   ] GC(2105) Metaspace: 35682K(36352K)->35682K(36352K) NonClass: 26478K(27008K)->26478K(27008K) Class: 9204K(9344K)->9204K(9344K)
[793.838s][info][gc             ] GC(2105) Pause Young (Allocation Failure) 651M->367M(671M) 1.181ms
[793.838s][info][gc,cpu         ] GC(2105) User=0.00s Sys=0.00s Real=0.00s
[793.888s][info][gc,start       ] GC(2106) Pause Young (Allocation Failure)
[793.889s][info][gc,heap        ] GC(2106) PSYoungGen: 290880K(310272K)->64K(312832K) Eden: 290816K(290816K)->0K(294400K) From: 64K(19456K)->64K(18432K)
[793.889s][info][gc,heap        ] GC(2106) ParOldGen: 376438K(376832K)->376454K(376832K)
[793.889s][info][gc,metaspace   ] GC(2106) Metaspace: 35682K(36352K)->35682K(36352K) NonClass: 26478K(27008K)->26478K(27008K) Class: 9204K(9344K)->9204K(9344K)
[793.889s][info][gc             ] GC(2106) Pause Young (Allocation Failure) 651M->367M(673M) 1.144ms
[793.889s][info][gc,cpu         ] GC(2106) User=0.01s Sys=0.00s Real=0.00s
[793.942s][info][gc,start       ] GC(2107) Pause Young (Allocation Failure)
[793.943s][info][gc,heap        ] GC(2107) PSYoungGen: 294464K(312832K)->64K(312320K) Eden: 294400K(294400K)->0K(294400K) From: 64K(18432K)->64K(17920K)
[793.943s][info][gc,heap        ] GC(2107) ParOldGen: 376454K(376832K)->376454K(376832K)
[793.943s][info][gc,metaspace   ] GC(2107) Metaspace: 35682K(36352K)->35682K(36352K) NonClass: 26478K(27008K)->26478K(27008K) Class: 9204K(9344K)->9204K(9344K)
[793.943s][info][gc             ] GC(2107) Pause Young (Allocation Failure) 655M->367M(673M) 1.202ms
[793.943s][info][gc,cpu         ] GC(2107) User=0.00s Sys=0.00s Real=0.00s
[794.212s][info][gc,start       ] GC(2108) Pause Young (Allocation Failure)
[794.213s][info][gc,heap        ] GC(2108) PSYoungGen: 294464K(312320K)->64K(314880K) Eden: 294400K(294400K)->0K(298496K) From: 64K(17920K)->64K(16384K)
[794.213s][info][gc,heap        ] GC(2108) ParOldGen: 376454K(376832K)->376454K(376832K)
[794.213s][info][gc,metaspace   ] GC(2108) Metaspace: 35682K(36352K)->35682K(36352K) NonClass: 26478K(27008K)->26478K(27008K) Class: 9204K(9344K)->9204K(9344K)
[794.213s][info][gc             ] GC(2108) Pause Young (Allocation Failure) 655M->367M(675M) 1.215ms
[794.213s][info][gc,cpu         ] GC(2108) User=0.00s Sys=0.00s Real=0.00s
[794.459s][info][gc,start       ] GC(2109) Pause Young (Allocation Failure)
[794.460s][info][gc,heap        ] GC(2109) PSYoungGen: 298560K(314880K)->64K(314368K) Eden: 298496K(298496K)->0K(298496K) From: 64K(16384K)->64K(15872K)
[794.460s][info][gc,heap        ] GC(2109) ParOldGen: 376454K(376832K)->376462K(376832K)
[794.460s][info][gc,metaspace   ] GC(2109) Metaspace: 35682K(36352K)->35682K(36352K) NonClass: 26478K(27008K)->26478K(27008K) Class: 9204K(9344K)->9204K(9344K)
[794.460s][info][gc             ] GC(2109) Pause Young (Allocation Failure) 659M->367M(675M) 1.287ms
[794.460s][info][gc,cpu         ] GC(2109) User=0.00s Sys=0.00s Real=0.00s
[794.547s][info][gc,start       ] GC(2110) Pause Young (Allocation Failure)
[794.549s][info][gc,heap        ] GC(2110) PSYoungGen: 298560K(314368K)->64K(316928K) Eden: 298496K(298496K)->0K(302592K) From: 64K(15872K)->64K(14336K)
[794.549s][info][gc,heap        ] GC(2110) ParOldGen: 376462K(376832K)->376470K(376832K)
[794.549s][info][gc,metaspace   ] GC(2110) Metaspace: 35682K(36352K)->35682K(36352K) NonClass: 26478K(27008K)->26478K(27008K) Class: 9204K(9344K)->9204K(9344K)
[794.549s][info][gc             ] GC(2110) Pause Young (Allocation Failure) 659M->367M(677M) 1.294ms
[794.549s][info][gc,cpu         ] GC(2110) User=0.00s Sys=0.00s Real=0.00s
[794.697s][info][gc,start       ] GC(2111) Pause Young (Allocation Failure)
[794.698s][info][gc,heap        ] GC(2111) PSYoungGen: 302656K(316928K)->64K(316416K) Eden: 302592K(302592K)->0K(302592K) From: 64K(14336K)->64K(13824K)
[794.698s][info][gc,heap        ] GC(2111) ParOldGen: 376470K(376832K)->376478K(376832K)
[794.698s][info][gc,metaspace   ] GC(2111) Metaspace: 35682K(36352K)->35682K(36352K) NonClass: 26478K(27008K)->26478K(27008K) Class: 9204K(9344K)->9204K(9344K)
[794.699s][info][gc             ] GC(2111) Pause Young (Allocation Failure) 663M->367M(677M) 1.261ms
[794.699s][info][gc,cpu         ] GC(2111) User=0.01s Sys=0.00s Real=0.00s
[795.112s][info][gc,start       ] GC(2112) Pause Young (Allocation Failure)
[795.113s][info][gc,heap        ] GC(2112) PSYoungGen: 302656K(316416K)->64K(290816K) Eden: 302592K(302592K)->0K(290304K) From: 64K(13824K)->64K(512K)
[795.113s][info][gc,heap        ] GC(2112) ParOldGen: 376478K(376832K)->376486K(376832K)
[795.113s][info][gc,metaspace   ] GC(2112) Metaspace: 35682K(36352K)->35682K(36352K) NonClass: 26478K(27008K)->26478K(27008K) Class: 9204K(9344K)->9204K(9344K)
[795.113s][info][gc             ] GC(2112) Pause Young (Allocation Failure) 663M->367M(652M) 1.221ms
[795.113s][info][gc,cpu         ] GC(2112) User=0.00s Sys=0.00s Real=0.00s
[796.034s][info][gc,start       ] GC(2113) Pause Young (Allocation Failure)
[796.035s][info][gc,heap        ] GC(2113) PSYoungGen: 290368K(290816K)->64K(291328K) Eden: 290304K(290304K)->0K(279040K) From: 64K(512K)->64K(12288K)
[796.035s][info][gc,heap        ] GC(2113) ParOldGen: 376486K(376832K)->376502K(376832K)
[796.035s][info][gc,metaspace   ] GC(2113) Metaspace: 35682K(36352K)->35682K(36352K) NonClass: 26478K(27008K)->26478K(27008K) Class: 9204K(9344K)->9204K(9344K)
[796.035s][info][gc             ] GC(2113) Pause Young (Allocation Failure) 651M->367M(652M) 1.177ms
[796.035s][info][gc,cpu         ] GC(2113) User=0.00s Sys=0.00s Real=0.00s
[796.672s][info][gc,start       ] GC(2114) Pause Young (Allocation Failure)
[796.673s][info][gc,heap        ] GC(2114) PSYoungGen: 279104K(291328K)->64K(268800K) Eden: 279040K(279040K)->0K(268288K) From: 64K(12288K)->64K(512K)
[796.673s][info][gc,heap        ] GC(2114) ParOldGen: 376502K(376832K)->376518K(376832K)
[796.673s][info][gc,metaspace   ] GC(2114) Metaspace: 35682K(36352K)->35682K(36352K) NonClass: 26478K(27008K)->26478K(27008K) Class: 9204K(9344K)->9204K(9344K)
[796.673s][info][gc             ] GC(2114) Pause Young (Allocation Failure) 640M->367M(630M) 1.232ms
[796.673s][info][gc,cpu         ] GC(2114) User=0.00s Sys=0.00s Real=0.00s
[797.123s][info][gc,start       ] GC(2115) Pause Young (Allocation Failure)
[797.124s][info][gc,heap        ] GC(2115) PSYoungGen: 268352K(268800K)->64K(268800K) Eden: 268288K(268288K)->0K(258048K) From: 64K(512K)->64K(10752K)
[797.124s][info][gc,heap        ] GC(2115) ParOldGen: 376518K(376832K)->376526K(376832K)
[797.124s][info][gc,metaspace   ] GC(2115) Metaspace: 35682K(36352K)->35682K(36352K) NonClass: 26478K(27008K)->26478K(27008K) Class: 9204K(9344K)->9204K(9344K)
[797.124s][info][gc             ] GC(2115) Pause Young (Allocation Failure) 629M->367M(630M) 1.268ms
[797.124s][info][gc,cpu         ] GC(2115) User=0.00s Sys=0.00s Real=0.00s
[798.111s][info][gc,start       ] GC(2116) Pause Young (Allocation Failure)
[798.112s][info][gc,heap        ] GC(2116) PSYoungGen: 258112K(268800K)->64K(248832K) Eden: 258048K(258048K)->0K(248320K) From: 64K(10752K)->64K(512K)
[798.112s][info][gc,heap        ] GC(2116) ParOldGen: 376526K(376832K)->376534K(376832K)
[798.112s][info][gc,metaspace   ] GC(2116) Metaspace: 35682K(36352K)->35682K(36352K) NonClass: 26478K(27008K)->26478K(27008K) Class: 9204K(9344K)->9204K(9344K)
[798.112s][info][gc             ] GC(2116) Pause Young (Allocation Failure) 619M->367M(611M) 1.583ms
[798.112s][info][gc,cpu         ] GC(2116) User=0.01s Sys=0.00s Real=0.01s
[798.453s][info][gc,start       ] GC(2117) Pause Young (Allocation Failure)
[798.455s][info][gc,heap        ] GC(2117) PSYoungGen: 248384K(248832K)->64K(247808K) Eden: 248320K(248320K)->0K(238592K) From: 64K(512K)->64K(9216K)
[798.455s][info][gc,heap        ] GC(2117) ParOldGen: 376534K(376832K)->376542K(376832K)
[798.455s][info][gc,metaspace   ] GC(2117) Metaspace: 35682K(36352K)->35682K(36352K) NonClass: 26478K(27008K)->26478K(27008K) Class: 9204K(9344K)->9204K(9344K)
[798.455s][info][gc             ] GC(2117) Pause Young (Allocation Failure) 610M->367M(610M) 1.266ms
[798.455s][info][gc,cpu         ] GC(2117) User=0.00s Sys=0.00s Real=0.00s
[798.576s][info][gc,start       ] GC(2118) Pause Young (Allocation Failure)
[798.578s][info][gc,heap        ] GC(2118) PSYoungGen: 238656K(247808K)->64K(229888K) Eden: 238592K(238592K)->0K(229376K) From: 64K(9216K)->64K(512K)
[798.578s][info][gc,heap        ] GC(2118) ParOldGen: 376542K(376832K)->376550K(376832K)
[798.578s][info][gc,metaspace   ] GC(2118) Metaspace: 35682K(36352K)->35682K(36352K) NonClass: 26478K(27008K)->26478K(27008K) Class: 9204K(9344K)->9204K(9344K)
[798.578s][info][gc             ] GC(2118) Pause Young (Allocation Failure) 600M->367M(592M) 1.816ms
[798.578s][info][gc,cpu         ] GC(2118) User=0.00s Sys=0.00s Real=0.00s
[798.941s][info][gc,start       ] GC(2119) Pause Young (Allocation Failure)
[798.943s][info][gc,heap        ] GC(2119) PSYoungGen: 229440K(229888K)->64K(228864K) Eden: 229376K(229376K)->0K(220672K) From: 64K(512K)->64K(8192K)
[798.943s][info][gc,heap        ] GC(2119) ParOldGen: 376550K(376832K)->376558K(376832K)
[798.943s][info][gc,metaspace   ] GC(2119) Metaspace: 35682K(36352K)->35682K(36352K) NonClass: 26478K(27008K)->26478K(27008K) Class: 9204K(9344K)->9204K(9344K)
[798.943s][info][gc             ] GC(2119) Pause Young (Allocation Failure) 591M->367M(591M) 1.205ms
[798.943s][info][gc,cpu         ] GC(2119) User=0.00s Sys=0.00s Real=0.01s
[799.251s][info][gc,start       ] GC(2120) Pause Young (Allocation Failure)
[799.253s][info][gc,heap        ] GC(2120) PSYoungGen: 220736K(228864K)->64K(212992K) Eden: 220672K(220672K)->0K(212480K) From: 64K(8192K)->64K(512K)
[799.253s][info][gc,heap        ] GC(2120) ParOldGen: 376558K(376832K)->376566K(376832K)
[799.253s][info][gc,metaspace   ] GC(2120) Metaspace: 35682K(36352K)->35682K(36352K) NonClass: 26478K(27008K)->26478K(27008K) Class: 9204K(9344K)->9204K(9344K)
[799.253s][info][gc             ] GC(2120) Pause Young (Allocation Failure) 583M->367M(576M) 1.619ms
[799.253s][info][gc,cpu         ] GC(2120) User=0.00s Sys=0.00s Real=0.01s
[799.559s][info][gc,start       ] GC(2121) Pause Young (Allocation Failure)
[799.564s][info][gc,heap        ] GC(2121) PSYoungGen: 212544K(212992K)->3072K(211968K) Eden: 212480K(212480K)->0K(204800K) From: 64K(512K)->3072K(7168K)
[799.564s][info][gc,heap        ] GC(2121) ParOldGen: 376566K(376832K)->376582K(376832K)
[799.564s][info][gc,metaspace   ] GC(2121) Metaspace: 35682K(36352K)->35682K(36352K) NonClass: 26478K(27008K)->26478K(27008K) Class: 9204K(9344K)->9204K(9344K)
[799.564s][info][gc             ] GC(2121) Pause Young (Allocation Failure) 575M->370M(575M) 5.241ms
[799.564s][info][gc,cpu         ] GC(2121) User=0.01s Sys=0.00s Real=0.01s
[799.808s][info][gc,start       ] GC(2122) Pause Young (Allocation Failure)
[799.851s][info][gc,heap        ] GC(2122) PSYoungGen: 207872K(211968K)->7168K(252416K) Eden: 204800K(204800K)->0K(245248K) From: 3072K(7168K)->7168K(7168K)
[799.851s][info][gc,heap        ] GC(2122) ParOldGen: 376582K(376832K)->392598K(392704K)
[799.851s][info][gc,metaspace   ] GC(2122) Metaspace: 35682K(36352K)->35682K(36352K) NonClass: 26478K(27008K)->26478K(27008K) Class: 9204K(9344K)->9204K(9344K)
[799.852s][info][gc             ] GC(2122) Pause Young (Allocation Failure) 570M->390M(630M) 43.902ms
[799.852s][info][gc,cpu         ] GC(2122) User=0.07s Sys=0.02s Real=0.04s
[800.142s][info][gc,start       ] GC(2123) Pause Young (Allocation Failure)
[800.195s][info][gc,heap        ] GC(2123) PSYoungGen: 252416K(252416K)->14848K(268288K) Eden: 245248K(245248K)->0K(253440K) From: 7168K(7168K)->14848K(14848K)
[800.195s][info][gc,heap        ] GC(2123) ParOldGen: 392598K(392704K)->405926K(406016K)
[800.195s][info][gc,metaspace   ] GC(2123) Metaspace: 35682K(36352K)->35682K(36352K) NonClass: 26478K(27008K)->26478K(27008K) Class: 9204K(9344K)->9204K(9344K)
[800.195s][info][gc             ] GC(2123) Pause Young (Allocation Failure) 629M->410M(658M) 53.425ms
[800.195s][info][gc,cpu         ] GC(2123) User=0.10s Sys=0.01s Real=0.06s
[800.338s][info][gc,start       ] GC(2124) Pause Young (Allocation Failure)
[800.359s][info][gc,heap        ] GC(2124) PSYoungGen: 268288K(268288K)->8672K(311296K) Eden: 253440K(253440K)->0K(288256K) From: 14848K(14848K)->8672K(23040K)
[800.359s][info][gc,heap        ] GC(2124) ParOldGen: 405926K(406016K)->406278K(406528K)
[800.359s][info][gc,metaspace   ] GC(2124) Metaspace: 35682K(36352K)->35682K(36352K) NonClass: 26478K(27008K)->26478K(27008K) Class: 9204K(9344K)->9204K(9344K)
[800.359s][info][gc             ] GC(2124) Pause Young (Allocation Failure) 658M->405M(701M) 21.304ms
[800.359s][info][gc,cpu         ] GC(2124) User=0.03s Sys=0.00s Real=0.02s
[800.843s][info][gc,start       ] GC(2125) Pause Young (Allocation Failure)
[800.844s][info][gc,heap        ] GC(2125) PSYoungGen: 296928K(311296K)->64K(288768K) Eden: 288256K(288256K)->0K(288256K) From: 8672K(23040K)->64K(512K)
[800.844s][info][gc,heap        ] GC(2125) ParOldGen: 406278K(406528K)->406286K(406528K)
[800.844s][info][gc,metaspace   ] GC(2125) Metaspace: 35682K(36352K)->35682K(36352K) NonClass: 26478K(27008K)->26478K(27008K) Class: 9204K(9344K)->9204K(9344K)
[800.844s][info][gc             ] GC(2125) Pause Young (Allocation Failure) 686M->396M(679M) 1.409ms
[800.844s][info][gc,cpu         ] GC(2125) User=0.01s Sys=0.00s Real=0.00s
[801.349s][info][gc,start       ] GC(2126) Pause Young (Allocation Failure)
[801.350s][info][gc,heap        ] GC(2126) PSYoungGen: 288320K(288768K)->64K(311296K) Eden: 288256K(288256K)->0K(289280K) From: 64K(512K)->64K(22016K)
[801.350s][info][gc,heap        ] GC(2126) ParOldGen: 406286K(406528K)->406294K(406528K)
[801.350s][info][gc,metaspace   ] GC(2126) Metaspace: 35682K(36352K)->35682K(36352K) NonClass: 26478K(27008K)->26478K(27008K) Class: 9204K(9344K)->9204K(9344K)
[801.350s][info][gc             ] GC(2126) Pause Young (Allocation Failure) 678M->396M(701M) 1.348ms
[801.350s][info][gc,cpu         ] GC(2126) User=0.00s Sys=0.00s Real=0.00s
[801.798s][info][gc,start       ] GC(2127) Pause Young (Allocation Failure)
[801.800s][info][gc,heap        ] GC(2127) PSYoungGen: 289344K(311296K)->64K(310272K) Eden: 289280K(289280K)->0K(289280K) From: 64K(22016K)->64K(20992K)
[801.800s][info][gc,heap        ] GC(2127) ParOldGen: 406294K(406528K)->406310K(406528K)
[801.800s][info][gc,metaspace   ] GC(2127) Metaspace: 35682K(36352K)->35682K(36352K) NonClass: 26478K(27008K)->26478K(27008K) Class: 9204K(9344K)->9204K(9344K)
[801.800s][info][gc             ] GC(2127) Pause Young (Allocation Failure) 679M->396M(700M) 1.410ms
[801.800s][info][gc,cpu         ] GC(2127) User=0.00s Sys=0.00s Real=0.00s
[802.036s][info][gc,start       ] GC(2128) Pause Young (Allocation Failure)
[802.037s][info][gc,heap        ] GC(2128) PSYoungGen: 289344K(310272K)->64K(311808K) Eden: 289280K(289280K)->0K(291840K) From: 64K(20992K)->64K(19968K)
[802.037s][info][gc,heap        ] GC(2128) ParOldGen: 406310K(406528K)->406326K(406528K)
[802.037s][info][gc,metaspace   ] GC(2128) Metaspace: 35682K(36352K)->35682K(36352K) NonClass: 26478K(27008K)->26478K(27008K) Class: 9204K(9344K)->9204K(9344K)
[802.037s][info][gc             ] GC(2128) Pause Young (Allocation Failure) 679M->396M(701M) 1.236ms
[802.037s][info][gc,cpu         ] GC(2128) User=0.01s Sys=0.00s Real=0.00s
[802.390s][info][gc,start       ] GC(2129) Pause Young (Allocation Failure)
[802.391s][info][gc,heap        ] GC(2129) PSYoungGen: 291904K(311808K)->64K(311296K) Eden: 291840K(291840K)->0K(291840K) From: 64K(19968K)->64K(19456K)
[802.391s][info][gc,heap        ] GC(2129) ParOldGen: 406326K(406528K)->406326K(406528K)
[802.391s][info][gc,metaspace   ] GC(2129) Metaspace: 35682K(36352K)->35682K(36352K) NonClass: 26478K(27008K)->26478K(27008K) Class: 9204K(9344K)->9204K(9344K)
[802.391s][info][gc             ] GC(2129) Pause Young (Allocation Failure) 681M->396M(701M) 1.278ms
[802.391s][info][gc,cpu         ] GC(2129) User=0.01s Sys=0.00s Real=0.00s
[802.541s][info][gc,start       ] GC(2130) Pause Young (Allocation Failure)
[802.542s][info][gc,heap        ] GC(2130) PSYoungGen: 291904K(311296K)->64K(313344K) Eden: 291840K(291840K)->0K(294912K) From: 64K(19456K)->64K(18432K)
[802.542s][info][gc,heap        ] GC(2130) ParOldGen: 406326K(406528K)->406334K(406528K)
[802.542s][info][gc,metaspace   ] GC(2130) Metaspace: 35682K(36352K)->35682K(36352K) NonClass: 26478K(27008K)->26478K(27008K) Class: 9204K(9344K)->9204K(9344K)
[802.542s][info][gc             ] GC(2130) Pause Young (Allocation Failure) 681M->396M(703M) 1.255ms
[802.542s][info][gc,cpu         ] GC(2130) User=0.01s Sys=0.00s Real=0.01s
[802.595s][info][gc,start       ] GC(2131) Pause Young (Allocation Failure)
[802.596s][info][gc,heap        ] GC(2131) PSYoungGen: 294976K(313344K)->64K(312832K) Eden: 294912K(294912K)->0K(294912K) From: 64K(18432K)->64K(17920K)
[802.596s][info][gc,heap        ] GC(2131) ParOldGen: 406334K(406528K)->406350K(406528K)
[802.596s][info][gc,metaspace   ] GC(2131) Metaspace: 35682K(36352K)->35682K(36352K) NonClass: 26478K(27008K)->26478K(27008K) Class: 9204K(9344K)->9204K(9344K)
[802.596s][info][gc             ] GC(2131) Pause Young (Allocation Failure) 684M->396M(702M) 1.292ms
[802.596s][info][gc,cpu         ] GC(2131) User=0.00s Sys=0.00s Real=0.00s
[802.739s][info][gc,start       ] GC(2132) Pause Young (Allocation Failure)
[802.740s][info][gc,heap        ] GC(2132) PSYoungGen: 294976K(312832K)->64K(314880K) Eden: 294912K(294912K)->0K(298496K) From: 64K(17920K)->64K(16384K)
[802.740s][info][gc,heap        ] GC(2132) ParOldGen: 406350K(406528K)->406350K(406528K)
[802.740s][info][gc,metaspace   ] GC(2132) Metaspace: 35682K(36352K)->35682K(36352K) NonClass: 26478K(27008K)->26478K(27008K) Class: 9204K(9344K)->9204K(9344K)
[802.740s][info][gc             ] GC(2132) Pause Young (Allocation Failure) 684M->396M(704M) 1.255ms
[802.740s][info][gc,cpu         ] GC(2132) User=0.00s Sys=0.00s Real=0.00s
[803.028s][info][gc,start       ] GC(2133) Pause Young (Allocation Failure)
[803.029s][info][gc,heap        ] GC(2133) PSYoungGen: 298560K(314880K)->64K(314368K) Eden: 298496K(298496K)->0K(298496K) From: 64K(16384K)->64K(15872K)
[803.029s][info][gc,heap        ] GC(2133) ParOldGen: 406350K(406528K)->406358K(406528K)
[803.029s][info][gc,metaspace   ] GC(2133) Metaspace: 35682K(36352K)->35682K(36352K) NonClass: 26478K(27008K)->26478K(27008K) Class: 9204K(9344K)->9204K(9344K)
[803.029s][info][gc             ] GC(2133) Pause Young (Allocation Failure) 688M->396M(704M) 1.512ms
[803.029s][info][gc,cpu         ] GC(2133) User=0.00s Sys=0.00s Real=0.00s
[803.197s][info][gc,start       ] GC(2134) Pause Young (Allocation Failure)
[803.198s][info][gc,heap        ] GC(2134) PSYoungGen: 298560K(314368K)->64K(316928K) Eden: 298496K(298496K)->0K(302080K) From: 64K(15872K)->64K(14848K)
[803.198s][info][gc,heap        ] GC(2134) ParOldGen: 406358K(406528K)->406366K(406528K)
[803.198s][info][gc,metaspace   ] GC(2134) Metaspace: 35682K(36352K)->35682K(36352K) NonClass: 26478K(27008K)->26478K(27008K) Class: 9204K(9344K)->9204K(9344K)
[803.198s][info][gc             ] GC(2134) Pause Young (Allocation Failure) 688M->396M(706M) 1.578ms
[803.198s][info][gc,cpu         ] GC(2134) User=0.00s Sys=0.00s Real=0.00s
[803.290s][info][gc,start       ] GC(2135) Pause Young (Allocation Failure)
[803.291s][info][gc,heap        ] GC(2135) PSYoungGen: 302144K(316928K)->64K(316416K) Eden: 302080K(302080K)->0K(302080K) From: 64K(14848K)->64K(14336K)
[803.291s][info][gc,heap        ] GC(2135) ParOldGen: 406366K(406528K)->406374K(406528K)
[803.291s][info][gc,metaspace   ] GC(2135) Metaspace: 35682K(36352K)->35682K(36352K) NonClass: 26478K(27008K)->26478K(27008K) Class: 9204K(9344K)->9204K(9344K)
[803.291s][info][gc             ] GC(2135) Pause Young (Allocation Failure) 691M->396M(706M) 1.580ms
[803.291s][info][gc,cpu         ] GC(2135) User=0.00s Sys=0.00s Real=0.00s
[803.484s][info][gc,start       ] GC(2136) Pause Young (Allocation Failure)
[803.485s][info][gc,heap        ] GC(2136) PSYoungGen: 302144K(316416K)->64K(318464K) Eden: 302080K(302080K)->0K(305152K) From: 64K(14336K)->64K(13312K)
[803.485s][info][gc,heap        ] GC(2136) ParOldGen: 406374K(406528K)->406382K(406528K)
[803.485s][info][gc,metaspace   ] GC(2136) Metaspace: 35682K(36352K)->35682K(36352K) NonClass: 26478K(27008K)->26478K(27008K) Class: 9204K(9344K)->9204K(9344K)
[803.485s][info][gc             ] GC(2136) Pause Young (Allocation Failure) 691M->396M(708M) 1.444ms
[803.485s][info][gc,cpu         ] GC(2136) User=0.01s Sys=0.00s Real=0.00s
[804.417s][info][gc,start       ] GC(2137) Pause Young (Allocation Failure)
[804.418s][info][gc,heap        ] GC(2137) PSYoungGen: 305216K(318464K)->83K(293376K) Eden: 305152K(305152K)->0K(292864K) From: 64K(13312K)->83K(512K)
[804.418s][info][gc,heap        ] GC(2137) ParOldGen: 406382K(406528K)->406390K(406528K)
[804.418s][info][gc,metaspace   ] GC(2137) Metaspace: 35682K(36352K)->35682K(36352K) NonClass: 26478K(27008K)->26478K(27008K) Class: 9204K(9344K)->9204K(9344K)
[804.419s][info][gc             ] GC(2137) Pause Young (Allocation Failure) 694M->396M(683M) 1.663ms
[804.419s][info][gc,cpu         ] GC(2137) User=0.00s Sys=0.00s Real=0.00s
[805.294s][info][gc,start       ] GC(2138) Pause Young (Allocation Failure)
[805.296s][info][gc,heap        ] GC(2138) PSYoungGen: 292947K(293376K)->64K(281600K) Eden: 292864K(292864K)->0K(281088K) From: 83K(512K)->64K(512K)
[805.296s][info][gc,heap        ] GC(2138) ParOldGen: 406390K(406528K)->406398K(406528K)
[805.296s][info][gc,metaspace   ] GC(2138) Metaspace: 35682K(36352K)->35682K(36352K) NonClass: 26478K(27008K)->26478K(27008K) Class: 9204K(9344K)->9204K(9344K)
[805.296s][info][gc             ] GC(2138) Pause Young (Allocation Failure) 682M->396M(672M) 2.053ms
[805.296s][info][gc,cpu         ] GC(2138) User=0.00s Sys=0.00s Real=0.00s
[805.698s][info][gc,start       ] GC(2139) Pause Young (Allocation Failure)
[805.699s][info][gc,heap        ] GC(2139) PSYoungGen: 281152K(281600K)->64K(281088K) Eden: 281088K(281088K)->0K(269824K) From: 64K(512K)->64K(11264K)
[805.699s][info][gc,heap        ] GC(2139) ParOldGen: 406398K(406528K)->406414K(406528K)
[805.699s][info][gc,metaspace   ] GC(2139) Metaspace: 35682K(36352K)->35682K(36352K) NonClass: 26478K(27008K)->26478K(27008K) Class: 9204K(9344K)->9204K(9344K)
[805.699s][info][gc             ] GC(2139) Pause Young (Allocation Failure) 671M->396M(671M) 1.286ms
[805.699s][info][gc,cpu         ] GC(2139) User=0.00s Sys=0.00s Real=0.00s
[806.725s][info][gc,start       ] GC(2140) Pause Young (Allocation Failure)
[806.727s][info][gc,heap        ] GC(2140) PSYoungGen: 269888K(281088K)->64K(259584K) Eden: 269824K(269824K)->0K(259072K) From: 64K(11264K)->64K(512K)
[806.727s][info][gc,heap        ] GC(2140) ParOldGen: 406414K(406528K)->406422K(406528K)
[806.727s][info][gc,metaspace   ] GC(2140) Metaspace: 35682K(36352K)->35682K(36352K) NonClass: 26478K(27008K)->26478K(27008K) Class: 9204K(9344K)->9204K(9344K)
[806.727s][info][gc             ] GC(2140) Pause Young (Allocation Failure) 660M->396M(650M) 1.828ms
[806.727s][info][gc,cpu         ] GC(2140) User=0.00s Sys=0.00s Real=0.00s
[807.121s][info][gc,start       ] GC(2141) Pause Young (Allocation Failure)
[807.122s][info][gc,heap        ] GC(2141) PSYoungGen: 259136K(259584K)->64K(258560K) Eden: 259072K(259072K)->0K(248832K) From: 64K(512K)->64K(9728K)
[807.122s][info][gc,heap        ] GC(2141) ParOldGen: 406422K(406528K)->406430K(406528K)
[807.122s][info][gc,metaspace   ] GC(2141) Metaspace: 35682K(36352K)->35682K(36352K) NonClass: 26478K(27008K)->26478K(27008K) Class: 9204K(9344K)->9204K(9344K)
[807.122s][info][gc             ] GC(2141) Pause Young (Allocation Failure) 649M->396M(649M) 1.256ms
[807.122s][info][gc,cpu         ] GC(2141) User=0.00s Sys=0.00s Real=0.01s
[807.289s][info][gc,start       ] GC(2142) Pause Young (Allocation Failure)
[807.291s][info][gc,heap        ] GC(2142) PSYoungGen: 248896K(258560K)->64K(239616K) Eden: 248832K(248832K)->0K(239104K) From: 64K(9728K)->64K(512K)
[807.291s][info][gc,heap        ] GC(2142) ParOldGen: 406430K(406528K)->406438K(406528K)
[807.291s][info][gc,metaspace   ] GC(2142) Metaspace: 35682K(36352K)->35682K(36352K) NonClass: 26478K(27008K)->26478K(27008K) Class: 9204K(9344K)->9204K(9344K)
[807.291s][info][gc             ] GC(2142) Pause Young (Allocation Failure) 639M->396M(631M) 1.823ms
[807.291s][info][gc,cpu         ] GC(2142) User=0.01s Sys=0.00s Real=0.00s
[807.468s][info][gc,start       ] GC(2143) Pause Young (Allocation Failure)
[807.469s][info][gc,heap        ] GC(2143) PSYoungGen: 239168K(239616K)->64K(238080K) Eden: 239104K(239104K)->0K(229888K) From: 64K(512K)->64K(8192K)
[807.469s][info][gc,heap        ] GC(2143) ParOldGen: 406438K(406528K)->406446K(406528K)
[807.469s][info][gc,metaspace   ] GC(2143) Metaspace: 35682K(36352K)->35682K(36352K) NonClass: 26478K(27008K)->26478K(27008K) Class: 9204K(9344K)->9204K(9344K)
[807.469s][info][gc             ] GC(2143) Pause Young (Allocation Failure) 630M->396M(629M) 1.207ms
[807.469s][info][gc,cpu         ] GC(2143) User=0.01s Sys=0.00s Real=0.00s
[807.964s][info][gc,start       ] GC(2144) Pause Young (Allocation Failure)
[807.966s][info][gc,heap        ] GC(2144) PSYoungGen: 229952K(238080K)->64K(221696K) Eden: 229888K(229888K)->0K(221184K) From: 64K(8192K)->64K(512K)
[807.966s][info][gc,heap        ] GC(2144) ParOldGen: 406446K(406528K)->406454K(406528K)
[807.966s][info][gc,metaspace   ] GC(2144) Metaspace: 35682K(36352K)->35682K(36352K) NonClass: 26478K(27008K)->26478K(27008K) Class: 9204K(9344K)->9204K(9344K)
[807.966s][info][gc             ] GC(2144) Pause Young (Allocation Failure) 621M->396M(613M) 1.850ms
[807.966s][info][gc,cpu         ] GC(2144) User=0.00s Sys=0.00s Real=0.00s
[808.192s][info][gc,start       ] GC(2145) Pause Young (Allocation Failure)
[808.193s][info][gc,heap        ] GC(2145) PSYoungGen: 221248K(221696K)->64K(220160K) Eden: 221184K(221184K)->0K(212992K) From: 64K(512K)->64K(7168K)
[808.193s][info][gc,heap        ] GC(2145) ParOldGen: 406454K(406528K)->406462K(406528K)
[808.193s][info][gc,metaspace   ] GC(2145) Metaspace: 35682K(36352K)->35682K(36352K) NonClass: 26478K(27008K)->26478K(27008K) Class: 9204K(9344K)->9204K(9344K)
[808.193s][info][gc             ] GC(2145) Pause Young (Allocation Failure) 612M->396M(612M) 1.193ms
[808.193s][info][gc,cpu         ] GC(2145) User=0.00s Sys=0.00s Real=0.00s
[808.475s][info][gc,start       ] GC(2146) Pause Young (Allocation Failure)
[808.513s][info][gc,heap        ] GC(2146) PSYoungGen: 213056K(220160K)->6656K(262144K) Eden: 212992K(212992K)->0K(255488K) From: 64K(7168K)->6656K(6656K)
[808.513s][info][gc,heap        ] GC(2146) ParOldGen: 406462K(406528K)->419830K(419840K)
[808.513s][info][gc,metaspace   ] GC(2146) Metaspace: 35682K(36352K)->35682K(36352K) NonClass: 26478K(27008K)->26478K(27008K) Class: 9204K(9344K)->9204K(9344K)
[808.513s][info][gc             ] GC(2146) Pause Young (Allocation Failure) 604M->416M(666M) 38.082ms
[808.513s][info][gc,cpu         ] GC(2146) User=0.06s Sys=0.01s Real=0.04s
[808.817s][info][gc,start       ] GC(2147) Pause Young (Allocation Failure)
[808.873s][info][gc,heap        ] GC(2147) PSYoungGen: 262144K(262144K)->13312K(268800K) Eden: 255488K(255488K)->0K(255488K) From: 6656K(6656K)->13312K(13312K)
[808.873s][info][gc,heap        ] GC(2147) ParOldGen: 419830K(419840K)->435782K(436224K)
[808.873s][info][gc,metaspace   ] GC(2147) Metaspace: 35682K(36352K)->35682K(36352K) NonClass: 26478K(27008K)->26478K(27008K) Class: 9204K(9344K)->9204K(9344K)
[808.873s][info][gc             ] GC(2147) Pause Young (Allocation Failure) 665M->438M(688M) 56.468ms
[808.873s][info][gc,cpu         ] GC(2147) User=0.10s Sys=0.01s Real=0.06s
[809.053s][info][gc,start       ] GC(2148) Pause Young (Allocation Failure)
[809.084s][info][gc,heap        ] GC(2148) PSYoungGen: 268800K(268800K)->13728K(308736K) Eden: 255488K(255488K)->0K(286720K) From: 13312K(13312K)->13728K(22016K)
[809.084s][info][gc,heap        ] GC(2148) ParOldGen: 435782K(436224K)->436214K(436224K)
[809.084s][info][gc,metaspace   ] GC(2148) Metaspace: 35682K(36352K)->35682K(36352K) NonClass: 26478K(27008K)->26478K(27008K) Class: 9204K(9344K)->9204K(9344K)
[809.084s][info][gc             ] GC(2148) Pause Young (Allocation Failure) 688M->439M(727M) 30.994ms
[809.084s][info][gc,cpu         ] GC(2148) User=0.05s Sys=0.01s Real=0.03s
[809.474s][info][gc,start       ] GC(2149) Pause Young (Allocation Failure)
[809.475s][info][gc,heap        ] GC(2149) PSYoungGen: 300448K(308736K)->64K(310272K) Eden: 286720K(286720K)->0K(286720K) From: 13728K(22016K)->64K(23552K)
[809.475s][info][gc,heap        ] GC(2149) ParOldGen: 436214K(436224K)->436222K(436224K)
[809.475s][info][gc,metaspace   ] GC(2149) Metaspace: 35682K(36352K)->35682K(36352K) NonClass: 26478K(27008K)->26478K(27008K) Class: 9204K(9344K)->9204K(9344K)
[809.475s][info][gc             ] GC(2149) Pause Young (Allocation Failure) 719M->426M(729M) 1.490ms
[809.475s][info][gc,cpu         ] GC(2149) User=0.01s Sys=0.00s Real=0.00s
[810.046s][info][gc,start       ] GC(2150) Pause Young (Allocation Failure)
[810.047s][info][gc,heap        ] GC(2150) PSYoungGen: 286784K(310272K)->64K(307712K) Eden: 286720K(286720K)->0K(287232K) From: 64K(23552K)->64K(20480K)
[810.047s][info][gc,heap        ] GC(2150) ParOldGen: 436222K(436224K)->436238K(436736K)
[810.047s][info][gc,metaspace   ] GC(2150) Metaspace: 35682K(36352K)->35682K(36352K) NonClass: 26478K(27008K)->26478K(27008K) Class: 9204K(9344K)->9204K(9344K)
[810.047s][info][gc             ] GC(2150) Pause Young (Allocation Failure) 706M->426M(727M) 1.543ms
[810.047s][info][gc,cpu         ] GC(2150) User=0.01s Sys=0.00s Real=0.00s
[810.496s][info][gc,start       ] GC(2151) Pause Young (Allocation Failure)
[810.498s][info][gc,heap        ] GC(2151) PSYoungGen: 287296K(307712K)->64K(309248K) Eden: 287232K(287232K)->0K(287232K) From: 64K(20480K)->64K(22016K)
[810.498s][info][gc,heap        ] GC(2151) ParOldGen: 436238K(436736K)->436254K(436736K)
[810.498s][info][gc,metaspace   ] GC(2151) Metaspace: 35682K(36352K)->35682K(36352K) NonClass: 26478K(27008K)->26478K(27008K) Class: 9204K(9344K)->9204K(9344K)
[810.498s][info][gc             ] GC(2151) Pause Young (Allocation Failure) 706M->426M(728M) 1.476ms
[810.498s][info][gc,cpu         ] GC(2151) User=0.00s Sys=0.00s Real=0.00s
[810.733s][info][gc,start       ] GC(2152) Pause Young (Allocation Failure)
[810.735s][info][gc,heap        ] GC(2152) PSYoungGen: 287296K(309248K)->64K(309248K) Eden: 287232K(287232K)->0K(290304K) From: 64K(22016K)->64K(18944K)
[810.735s][info][gc,heap        ] GC(2152) ParOldGen: 436254K(436736K)->436270K(436736K)
[810.735s][info][gc,metaspace   ] GC(2152) Metaspace: 35682K(36352K)->35682K(36352K) NonClass: 26478K(27008K)->26478K(27008K) Class: 9204K(9344K)->9204K(9344K)
[810.735s][info][gc             ] GC(2152) Pause Young (Allocation Failure) 706M->426M(728M) 1.493ms
[810.735s][info][gc,cpu         ] GC(2152) User=0.00s Sys=0.00s Real=0.00s
[810.976s][info][gc,start       ] GC(2153) Pause Young (Allocation Failure)
[810.977s][info][gc,heap        ] GC(2153) PSYoungGen: 290368K(309248K)->32K(310784K) Eden: 290304K(290304K)->0K(290304K) From: 64K(18944K)->32K(20480K)
[810.977s][info][gc,heap        ] GC(2153) ParOldGen: 436270K(436736K)->436270K(436736K)
[810.977s][info][gc,metaspace   ] GC(2153) Metaspace: 35682K(36352K)->35682K(36352K) NonClass: 26478K(27008K)->26478K(27008K) Class: 9204K(9344K)->9204K(9344K)
[810.977s][info][gc             ] GC(2153) Pause Young (Allocation Failure) 709M->426M(730M) 1.455ms
[810.977s][info][gc,cpu         ] GC(2153) User=0.00s Sys=0.00s Real=0.00s
[811.269s][info][gc,start       ] GC(2154) Pause Young (Allocation Failure)
[811.270s][info][gc,heap        ] GC(2154) PSYoungGen: 290336K(310784K)->64K(310784K) Eden: 290304K(290304K)->0K(293888K) From: 32K(20480K)->64K(16896K)
[811.270s][info][gc,heap        ] GC(2154) ParOldGen: 436270K(436736K)->436270K(436736K)
[811.270s][info][gc,metaspace   ] GC(2154) Metaspace: 35682K(36352K)->35682K(36352K) NonClass: 26478K(27008K)->26478K(27008K) Class: 9204K(9344K)->9204K(9344K)
[811.270s][info][gc             ] GC(2154) Pause Young (Allocation Failure) 709M->426M(730M) 1.398ms
[811.270s][info][gc,cpu         ] GC(2154) User=0.00s Sys=0.00s Real=0.00s
[811.323s][info][gc,start       ] GC(2155) Pause Young (Allocation Failure)
[811.325s][info][gc,heap        ] GC(2155) PSYoungGen: 293952K(310784K)->64K(312320K) Eden: 293888K(293888K)->0K(293888K) From: 64K(16896K)->64K(18432K)
[811.325s][info][gc,heap        ] GC(2155) ParOldGen: 436270K(436736K)->436286K(436736K)
[811.325s][info][gc,metaspace   ] GC(2155) Metaspace: 35682K(36352K)->35682K(36352K) NonClass: 26478K(27008K)->26478K(27008K) Class: 9204K(9344K)->9204K(9344K)
[811.325s][info][gc             ] GC(2155) Pause Young (Allocation Failure) 713M->426M(731M) 1.407ms
[811.325s][info][gc,cpu         ] GC(2155) User=0.00s Sys=0.00s Real=0.00s
[811.424s][info][gc,start       ] GC(2156) Pause Young (Allocation Failure)
[811.426s][info][gc,heap        ] GC(2156) PSYoungGen: 293952K(312320K)->64K(313856K) Eden: 293888K(293888K)->0K(297984K) From: 64K(18432K)->64K(15872K)
[811.426s][info][gc,heap        ] GC(2156) ParOldGen: 436286K(436736K)->436286K(436736K)
[811.426s][info][gc,metaspace   ] GC(2156) Metaspace: 35682K(36352K)->35682K(36352K) NonClass: 26478K(27008K)->26478K(27008K) Class: 9204K(9344K)->9204K(9344K)
[811.426s][info][gc             ] GC(2156) Pause Young (Allocation Failure) 713M->426M(733M) 1.387ms
[811.426s][info][gc,cpu         ] GC(2156) User=0.01s Sys=0.00s Real=0.00s
[811.711s][info][gc,start       ] GC(2157) Pause Young (Allocation Failure)
[811.713s][info][gc,heap        ] GC(2157) PSYoungGen: 298048K(313856K)->64K(314880K) Eden: 297984K(297984K)->0K(297984K) From: 64K(15872K)->64K(16896K)
[811.713s][info][gc,heap        ] GC(2157) ParOldGen: 436286K(436736K)->436302K(436736K)
[811.713s][info][gc,metaspace   ] GC(2157) Metaspace: 35682K(36352K)->35682K(36352K) NonClass: 26478K(27008K)->26478K(27008K) Class: 9204K(9344K)->9204K(9344K)
[811.713s][info][gc             ] GC(2157) Pause Young (Allocation Failure) 717M->426M(734M) 1.401ms
[811.713s][info][gc,cpu         ] GC(2157) User=0.00s Sys=0.00s Real=0.01s
[811.907s][info][gc,start       ] GC(2158) Pause Young (Allocation Failure)
[811.908s][info][gc,heap        ] GC(2158) PSYoungGen: 298048K(314880K)->64K(314880K) Eden: 297984K(297984K)->0K(301056K) From: 64K(16896K)->64K(13824K)
[811.908s][info][gc,heap        ] GC(2158) ParOldGen: 436302K(436736K)->436302K(436736K)
[811.908s][info][gc,metaspace   ] GC(2158) Metaspace: 35682K(36352K)->35682K(36352K) NonClass: 26478K(27008K)->26478K(27008K) Class: 9204K(9344K)->9204K(9344K)
[811.908s][info][gc             ] GC(2158) Pause Young (Allocation Failure) 717M->426M(734M) 1.419ms
[811.908s][info][gc,cpu         ] GC(2158) User=0.01s Sys=0.00s Real=0.00s
[811.991s][info][gc,start       ] GC(2159) Pause Young (Allocation Failure)
[811.992s][info][gc,heap        ] GC(2159) PSYoungGen: 301120K(314880K)->64K(315904K) Eden: 301056K(301056K)->0K(301056K) From: 64K(13824K)->64K(14848K)
[811.992s][info][gc,heap        ] GC(2159) ParOldGen: 436302K(436736K)->436318K(436736K)
[811.992s][info][gc,metaspace   ] GC(2159) Metaspace: 35682K(36352K)->35682K(36352K) NonClass: 26478K(27008K)->26478K(27008K) Class: 9204K(9344K)->9204K(9344K)
[811.992s][info][gc             ] GC(2159) Pause Young (Allocation Failure) 720M->426M(735M) 1.398ms
[811.992s][info][gc,cpu         ] GC(2159) User=0.00s Sys=0.00s Real=0.01s
[812.169s][info][gc,start       ] GC(2160) Pause Young (Allocation Failure)
[812.170s][info][gc,heap        ] GC(2160) PSYoungGen: 301120K(315904K)->64K(317952K) Eden: 301056K(301056K)->0K(305152K) From: 64K(14848K)->64K(12800K)
[812.170s][info][gc,heap        ] GC(2160) ParOldGen: 436318K(436736K)->436318K(436736K)
[812.170s][info][gc,metaspace   ] GC(2160) Metaspace: 35682K(36352K)->35682K(36352K) NonClass: 26478K(27008K)->26478K(27008K) Class: 9204K(9344K)->9204K(9344K)
[812.170s][info][gc             ] GC(2160) Pause Young (Allocation Failure) 720M->426M(737M) 1.441ms
[812.170s][info][gc,cpu         ] GC(2160) User=0.00s Sys=0.00s Real=0.00s
[813.106s][info][gc,start       ] GC(2161) Pause Young (Allocation Failure)
[813.108s][info][gc,heap        ] GC(2161) PSYoungGen: 305216K(317952K)->83K(293376K) Eden: 305152K(305152K)->0K(292864K) From: 64K(12800K)->83K(512K)
[813.108s][info][gc,heap        ] GC(2161) ParOldGen: 436318K(436736K)->436326K(436736K)
[813.108s][info][gc,metaspace   ] GC(2161) Metaspace: 35682K(36352K)->35682K(36352K) NonClass: 26478K(27008K)->26478K(27008K) Class: 9204K(9344K)->9204K(9344K)
[813.108s][info][gc             ] GC(2161) Pause Young (Allocation Failure) 724M->426M(713M) 1.996ms
[813.108s][info][gc,cpu         ] GC(2161) User=0.00s Sys=0.00s Real=0.00s
[813.949s][info][gc,start       ] GC(2162) Pause Young (Allocation Failure)
[813.951s][info][gc,heap        ] GC(2162) PSYoungGen: 292947K(293376K)->64K(281600K) Eden: 292864K(292864K)->0K(281088K) From: 83K(512K)->64K(512K)
[813.951s][info][gc,heap        ] GC(2162) ParOldGen: 436326K(436736K)->436334K(436736K)
[813.951s][info][gc,metaspace   ] GC(2162) Metaspace: 35682K(36352K)->35682K(36352K) NonClass: 26478K(27008K)->26478K(27008K) Class: 9204K(9344K)->9204K(9344K)
[813.951s][info][gc             ] GC(2162) Pause Young (Allocation Failure) 712M->426M(701M) 2.105ms
[813.951s][info][gc,cpu         ] GC(2162) User=0.00s Sys=0.00s Real=0.00s
[814.283s][info][gc,start       ] GC(2163) Pause Young (Allocation Failure)
[814.284s][info][gc,heap        ] GC(2163) PSYoungGen: 281152K(281600K)->64K(281088K) Eden: 281088K(281088K)->0K(269824K) From: 64K(512K)->64K(11264K)
[814.284s][info][gc,heap        ] GC(2163) ParOldGen: 436334K(436736K)->436342K(436736K)
[814.284s][info][gc,metaspace   ] GC(2163) Metaspace: 35682K(36352K)->35682K(36352K) NonClass: 26478K(27008K)->26478K(27008K) Class: 9204K(9344K)->9204K(9344K)
[814.284s][info][gc             ] GC(2163) Pause Young (Allocation Failure) 700M->426M(701M) 1.481ms
[814.284s][info][gc,cpu         ] GC(2163) User=0.00s Sys=0.00s Real=0.00s
[815.042s][info][gc,start       ] GC(2164) Pause Young (Allocation Failure)
[815.044s][info][gc,heap        ] GC(2164) PSYoungGen: 269888K(281088K)->64K(259584K) Eden: 269824K(269824K)->0K(259072K) From: 64K(11264K)->64K(512K)
[815.044s][info][gc,heap        ] GC(2164) ParOldGen: 436342K(436736K)->436350K(436736K)
[815.044s][info][gc,metaspace   ] GC(2164) Metaspace: 35682K(36352K)->35682K(36352K) NonClass: 26478K(27008K)->26478K(27008K) Class: 9204K(9344K)->9204K(9344K)
[815.044s][info][gc             ] GC(2164) Pause Young (Allocation Failure) 689M->426M(680M) 1.959ms
[815.044s][info][gc,cpu         ] GC(2164) User=0.00s Sys=0.00s Real=0.01s
[815.628s][info][gc,start       ] GC(2165) Pause Young (Allocation Failure)
[815.629s][info][gc,heap        ] GC(2165) PSYoungGen: 259136K(259584K)->64K(259072K) Eden: 259072K(259072K)->0K(248832K) From: 64K(512K)->64K(10240K)
[815.629s][info][gc,heap        ] GC(2165) ParOldGen: 436350K(436736K)->436358K(436736K)
[815.630s][info][gc,metaspace   ] GC(2165) Metaspace: 35682K(36352K)->35682K(36352K) NonClass: 26478K(27008K)->26478K(27008K) Class: 9204K(9344K)->9204K(9344K)
[815.630s][info][gc             ] GC(2165) Pause Young (Allocation Failure) 679M->426M(679M) 1.364ms
[815.630s][info][gc,cpu         ] GC(2165) User=0.01s Sys=0.00s Real=0.00s
[815.974s][info][gc,start       ] GC(2166) Pause Young (Allocation Failure)
[815.976s][info][gc,heap        ] GC(2166) PSYoungGen: 248896K(259072K)->64K(239616K) Eden: 248832K(248832K)->0K(239104K) From: 64K(10240K)->64K(512K)
[815.976s][info][gc,heap        ] GC(2166) ParOldGen: 436358K(436736K)->436366K(436736K)
[815.976s][info][gc,metaspace   ] GC(2166) Metaspace: 35682K(36352K)->35682K(36352K) NonClass: 26478K(27008K)->26478K(27008K) Class: 9204K(9344K)->9204K(9344K)
[815.976s][info][gc             ] GC(2166) Pause Young (Allocation Failure) 669M->426M(660M) 2.246ms
[815.976s][info][gc,cpu         ] GC(2166) User=0.00s Sys=0.00s Real=0.00s
[816.068s][info][gc,start       ] GC(2167) Pause Young (Allocation Failure)
[816.069s][info][gc,heap        ] GC(2167) PSYoungGen: 239168K(239616K)->64K(238592K) Eden: 239104K(239104K)->0K(229888K) From: 64K(512K)->64K(8704K)
[816.069s][info][gc,heap        ] GC(2167) ParOldGen: 436366K(436736K)->436374K(436736K)
[816.069s][info][gc,metaspace   ] GC(2167) Metaspace: 35682K(36352K)->35682K(36352K) NonClass: 26478K(27008K)->26478K(27008K) Class: 9204K(9344K)->9204K(9344K)
[816.069s][info][gc             ] GC(2167) Pause Young (Allocation Failure) 659M->426M(659M) 1.250ms
[816.069s][info][gc,cpu         ] GC(2167) User=0.01s Sys=0.00s Real=0.00s
[816.612s][info][gc,start       ] GC(2168) Pause Young (Allocation Failure)
[816.614s][info][gc,heap        ] GC(2168) PSYoungGen: 229952K(238592K)->64K(221696K) Eden: 229888K(229888K)->0K(221184K) From: 64K(8704K)->64K(512K)
[816.614s][info][gc,heap        ] GC(2168) ParOldGen: 436374K(436736K)->436382K(436736K)
[816.614s][info][gc,metaspace   ] GC(2168) Metaspace: 35682K(36352K)->35682K(36352K) NonClass: 26478K(27008K)->26478K(27008K) Class: 9204K(9344K)->9204K(9344K)
[816.614s][info][gc             ] GC(2168) Pause Young (Allocation Failure) 650M->426M(643M) 1.927ms
[816.614s][info][gc,cpu         ] GC(2168) User=0.00s Sys=0.00s Real=0.01s
[816.813s][info][gc,start       ] GC(2169) Pause Young (Allocation Failure)
[816.814s][info][gc,heap        ] GC(2169) PSYoungGen: 221248K(221696K)->64K(220672K) Eden: 221184K(221184K)->0K(212992K) From: 64K(512K)->64K(7680K)
[816.814s][info][gc,heap        ] GC(2169) ParOldGen: 436382K(436736K)->436390K(436736K)
[816.814s][info][gc,metaspace   ] GC(2169) Metaspace: 35682K(36352K)->35682K(36352K) NonClass: 26478K(27008K)->26478K(27008K) Class: 9204K(9344K)->9204K(9344K)
[816.814s][info][gc             ] GC(2169) Pause Young (Allocation Failure) 642M->426M(642M) 1.242ms
[816.814s][info][gc,cpu         ] GC(2169) User=0.00s Sys=0.01s Real=0.00s
[817.104s][info][gc,start       ] GC(2170) Pause Young (Allocation Failure)
[817.129s][info][gc,heap        ] GC(2170) PSYoungGen: 213056K(220672K)->7168K(262144K) Eden: 212992K(212992K)->0K(254976K) From: 64K(7680K)->7168K(7168K)
[817.129s][info][gc,heap        ] GC(2170) ParOldGen: 436390K(436736K)->442694K(442880K)
[817.129s][info][gc,metaspace   ] GC(2170) Metaspace: 35682K(36352K)->35682K(36352K) NonClass: 26478K(27008K)->26478K(27008K) Class: 9204K(9344K)->9204K(9344K)
[817.129s][info][gc             ] GC(2170) Pause Young (Allocation Failure) 634M->439M(688M) 24.469ms
[817.129s][info][gc,cpu         ] GC(2170) User=0.04s Sys=0.00s Real=0.02s
[817.438s][info][gc,start       ] GC(2171) Pause Young (Allocation Failure)
[817.496s][info][gc,heap        ] GC(2171) PSYoungGen: 262144K(262144K)->11264K(269824K) Eden: 254976K(254976K)->0K(258560K) From: 7168K(7168K)->11264K(11264K)
[817.496s][info][gc,heap        ] GC(2171) ParOldGen: 442694K(442880K)->460454K(460800K)
[817.496s][info][gc,metaspace   ] GC(2171) Metaspace: 35682K(36352K)->35682K(36352K) NonClass: 26478K(27008K)->26478K(27008K) Class: 9204K(9344K)->9204K(9344K)
[817.496s][info][gc             ] GC(2171) Pause Young (Allocation Failure) 688M->460M(713M) 57.767ms
[817.496s][info][gc,cpu         ] GC(2171) User=0.10s Sys=0.02s Real=0.06s
[817.741s][info][gc,start       ] GC(2172) Pause Young (Allocation Failure)
[817.786s][info][gc,heap        ] GC(2172) PSYoungGen: 269824K(269824K)->20352K(305152K) Eden: 258560K(258560K)->0K(284672K) From: 11264K(11264K)->20352K(20480K)
[817.787s][info][gc,heap        ] GC(2172) ParOldGen: 460454K(460800K)->460934K(461312K)
[817.787s][info][gc,metaspace   ] GC(2172) Metaspace: 35682K(36352K)->35682K(36352K) NonClass: 26478K(27008K)->26478K(27008K) Class: 9204K(9344K)->9204K(9344K)
[817.787s][info][gc             ] GC(2172) Pause Young (Allocation Failure) 713M->470M(748M) 45.364ms
[817.787s][info][gc,cpu         ] GC(2172) User=0.07s Sys=0.02s Real=0.05s
[818.064s][info][gc,start       ] GC(2173) Pause Young (Allocation Failure)
[818.066s][info][gc,heap        ] GC(2173) PSYoungGen: 305024K(305152K)->64K(309248K) Eden: 284672K(284672K)->0K(284672K) From: 20352K(20480K)->64K(24576K)
[818.066s][info][gc,heap        ] GC(2173) ParOldGen: 460934K(461312K)->460942K(461312K)
[818.066s][info][gc,metaspace   ] GC(2173) Metaspace: 35682K(36352K)->35682K(36352K) NonClass: 26478K(27008K)->26478K(27008K) Class: 9204K(9344K)->9204K(9344K)
[818.066s][info][gc             ] GC(2173) Pause Young (Allocation Failure) 748M->450M(752M) 1.612ms
[818.066s][info][gc,cpu         ] GC(2173) User=0.00s Sys=0.00s Real=0.00s
[818.722s][info][gc,start       ] GC(2174) Pause Young (Allocation Failure)
[818.724s][info][gc,heap        ] GC(2174) PSYoungGen: 284736K(309248K)->64K(307200K) Eden: 284672K(284672K)->0K(285696K) From: 64K(24576K)->64K(21504K)
[818.724s][info][gc,heap        ] GC(2174) ParOldGen: 460942K(461312K)->460950K(461312K)
[818.724s][info][gc,metaspace   ] GC(2174) Metaspace: 35682K(36352K)->35682K(36352K) NonClass: 26478K(27008K)->26478K(27008K) Class: 9204K(9344K)->9204K(9344K)
[818.724s][info][gc             ] GC(2174) Pause Young (Allocation Failure) 728M->450M(750M) 1.777ms
[818.724s][info][gc,cpu         ] GC(2174) User=0.01s Sys=0.00s Real=0.00s
[819.209s][info][gc,start       ] GC(2175) Pause Young (Allocation Failure)
[819.211s][info][gc,heap        ] GC(2175) PSYoungGen: 285760K(307200K)->64K(308736K) Eden: 285696K(285696K)->0K(285696K) From: 64K(21504K)->64K(23040K)
[819.211s][info][gc,heap        ] GC(2175) ParOldGen: 460950K(461312K)->460966K(461312K)
[819.211s][info][gc,metaspace   ] GC(2175) Metaspace: 35682K(36352K)->35682K(36352K) NonClass: 26478K(27008K)->26478K(27008K) Class: 9204K(9344K)->9204K(9344K)
[819.211s][info][gc             ] GC(2175) Pause Young (Allocation Failure) 729M->450M(752M) 1.614ms
[819.211s][info][gc,cpu         ] GC(2175) User=0.00s Sys=0.00s Real=0.00s
[819.457s][info][gc,start       ] GC(2176) Pause Young (Allocation Failure)
[819.458s][info][gc,heap        ] GC(2176) PSYoungGen: 285760K(308736K)->64K(308224K) Eden: 285696K(285696K)->0K(288768K) From: 64K(23040K)->64K(19456K)
[819.458s][info][gc,heap        ] GC(2176) ParOldGen: 460966K(461312K)->460982K(461312K)
[819.458s][info][gc,metaspace   ] GC(2176) Metaspace: 35682K(36352K)->35682K(36352K) NonClass: 26478K(27008K)->26478K(27008K) Class: 9204K(9344K)->9204K(9344K)
[819.458s][info][gc             ] GC(2176) Pause Young (Allocation Failure) 729M->450M(751M) 1.705ms
[819.458s][info][gc,cpu         ] GC(2176) User=0.00s Sys=0.00s Real=0.00s
[819.705s][info][gc,start       ] GC(2177) Pause Young (Allocation Failure)
[819.706s][info][gc,heap        ] GC(2177) PSYoungGen: 288832K(308224K)->64K(309760K) Eden: 288768K(288768K)->0K(288768K) From: 64K(19456K)->64K(20992K)
[819.706s][info][gc,heap        ] GC(2177) ParOldGen: 460982K(461312K)->460982K(461312K)
[819.706s][info][gc,metaspace   ] GC(2177) Metaspace: 35682K(36352K)->35682K(36352K) NonClass: 26478K(27008K)->26478K(27008K) Class: 9204K(9344K)->9204K(9344K)
[819.706s][info][gc             ] GC(2177) Pause Young (Allocation Failure) 732M->450M(753M) 1.639ms
[819.706s][info][gc,cpu         ] GC(2177) User=0.01s Sys=0.00s Real=0.00s
[820.063s][info][gc,start       ] GC(2178) Pause Young (Allocation Failure)
[820.064s][info][gc,heap        ] GC(2178) PSYoungGen: 288832K(309760K)->64K(310272K) Eden: 288768K(288768K)->0K(292864K) From: 64K(20992K)->64K(17408K)
[820.064s][info][gc,heap        ] GC(2178) ParOldGen: 460982K(461312K)->460982K(461312K)
[820.064s][info][gc,metaspace   ] GC(2178) Metaspace: 35682K(36352K)->35682K(36352K) NonClass: 26478K(27008K)->26478K(27008K) Class: 9204K(9344K)->9204K(9344K)
[820.064s][info][gc             ] GC(2178) Pause Young (Allocation Failure) 732M->450M(753M) 1.545ms
[820.064s][info][gc,cpu         ] GC(2178) User=0.00s Sys=0.00s Real=0.00s
[820.119s][info][gc,start       ] GC(2179) Pause Young (Allocation Failure)
[820.120s][info][gc,heap        ] GC(2179) PSYoungGen: 292928K(310272K)->64K(311808K) Eden: 292864K(292864K)->0K(292864K) From: 64K(17408K)->64K(18944K)
[820.121s][info][gc,heap        ] GC(2179) ParOldGen: 460982K(461312K)->460998K(461312K)
[820.121s][info][gc,metaspace   ] GC(2179) Metaspace: 35682K(36352K)->35682K(36352K) NonClass: 26478K(27008K)->26478K(27008K) Class: 9204K(9344K)->9204K(9344K)
[820.121s][info][gc             ] GC(2179) Pause Young (Allocation Failure) 736M->450M(755M) 1.526ms
[820.121s][info][gc,cpu         ] GC(2179) User=0.01s Sys=0.00s Real=0.00s
[820.171s][info][gc,start       ] GC(2180) Pause Young (Allocation Failure)
[820.173s][info][gc,heap        ] GC(2180) PSYoungGen: 292928K(311808K)->64K(313344K) Eden: 292864K(292864K)->0K(296960K) From: 64K(18944K)->64K(16384K)
[820.173s][info][gc,heap        ] GC(2180) ParOldGen: 460998K(461312K)->460998K(461312K)
[820.173s][info][gc,metaspace   ] GC(2180) Metaspace: 35682K(36352K)->35682K(36352K) NonClass: 26478K(27008K)->26478K(27008K) Class: 9204K(9344K)->9204K(9344K)
[820.173s][info][gc             ] GC(2180) Pause Young (Allocation Failure) 736M->450M(756M) 1.422ms
[820.173s][info][gc,cpu         ] GC(2180) User=0.00s Sys=0.00s Real=0.01s
[820.464s][info][gc,start       ] GC(2181) Pause Young (Allocation Failure)
[820.465s][info][gc,heap        ] GC(2181) PSYoungGen: 297024K(313344K)->64K(314368K) Eden: 296960K(296960K)->0K(296960K) From: 64K(16384K)->64K(17408K)
[820.465s][info][gc,heap        ] GC(2181) ParOldGen: 460998K(461312K)->460998K(461312K)
[820.465s][info][gc,metaspace   ] GC(2181) Metaspace: 35682K(36352K)->35682K(36352K) NonClass: 26478K(27008K)->26478K(27008K) Class: 9204K(9344K)->9204K(9344K)
[820.465s][info][gc             ] GC(2181) Pause Young (Allocation Failure) 740M->450M(757M) 1.555ms
[820.465s][info][gc,cpu         ] GC(2181) User=0.00s Sys=0.00s Real=0.00s
[820.710s][info][gc,start       ] GC(2182) Pause Young (Allocation Failure)
[820.711s][info][gc,heap        ] GC(2182) PSYoungGen: 297024K(314368K)->64K(314368K) Eden: 296960K(296960K)->0K(300032K) From: 64K(17408K)->64K(14336K)
[820.711s][info][gc,heap        ] GC(2182) ParOldGen: 460998K(461312K)->461006K(461312K)
[820.711s][info][gc,metaspace   ] GC(2182) Metaspace: 35682K(36352K)->35682K(36352K) NonClass: 26478K(27008K)->26478K(27008K) Class: 9204K(9344K)->9204K(9344K)
[820.711s][info][gc             ] GC(2182) Pause Young (Allocation Failure) 740M->450M(757M) 1.616ms
[820.711s][info][gc,cpu         ] GC(2182) User=0.01s Sys=0.00s Real=0.00s
[820.800s][info][gc,start       ] GC(2183) Pause Young (Allocation Failure)
[820.802s][info][gc,heap        ] GC(2183) PSYoungGen: 300096K(314368K)->64K(315392K) Eden: 300032K(300032K)->0K(300032K) From: 64K(14336K)->64K(15360K)
[820.802s][info][gc,heap        ] GC(2183) ParOldGen: 461006K(461312K)->461014K(461312K)
[820.802s][info][gc,metaspace   ] GC(2183) Metaspace: 35682K(36352K)->35682K(36352K) NonClass: 26478K(27008K)->26478K(27008K) Class: 9204K(9344K)->9204K(9344K)
[820.802s][info][gc             ] GC(2183) Pause Young (Allocation Failure) 743M->450M(758M) 1.674ms
[820.802s][info][gc,cpu         ] GC(2183) User=0.00s Sys=0.00s Real=0.01s
[820.957s][info][gc,start       ] GC(2184) Pause Young (Allocation Failure)
[820.959s][info][gc,heap        ] GC(2184) PSYoungGen: 300096K(315392K)->64K(316416K) Eden: 300032K(300032K)->0K(304128K) From: 64K(15360K)->64K(12288K)
[820.959s][info][gc,heap        ] GC(2184) ParOldGen: 461014K(461312K)->461022K(461312K)
[820.959s][info][gc,metaspace   ] GC(2184) Metaspace: 35682K(36352K)->35682K(36352K) NonClass: 26478K(27008K)->26478K(27008K) Class: 9204K(9344K)->9204K(9344K)
[820.959s][info][gc             ] GC(2184) Pause Young (Allocation Failure) 743M->450M(759M) 1.611ms
[820.959s][info][gc,cpu         ] GC(2184) User=0.00s Sys=0.00s Real=0.00s
[821.386s][info][gc,start       ] GC(2185) Pause Young (Allocation Failure)
[821.388s][info][gc,heap        ] GC(2185) PSYoungGen: 304192K(316416K)->64K(317440K) Eden: 304128K(304128K)->0K(304128K) From: 64K(12288K)->64K(13312K)
[821.388s][info][gc,heap        ] GC(2185) ParOldGen: 461022K(461312K)->461030K(461312K)
[821.388s][info][gc,metaspace   ] GC(2185) Metaspace: 35682K(36352K)->35682K(36352K) NonClass: 26478K(27008K)->26478K(27008K) Class: 9204K(9344K)->9204K(9344K)
[821.388s][info][gc             ] GC(2185) Pause Young (Allocation Failure) 747M->450M(760M) 1.553ms
[821.388s][info][gc,cpu         ] GC(2185) User=0.00s Sys=0.00s Real=0.00s
[822.744s][info][gc,start       ] GC(2186) Pause Young (Allocation Failure)
[822.746s][info][gc,heap        ] GC(2186) PSYoungGen: 304192K(317440K)->64K(292352K) Eden: 304128K(304128K)->0K(291840K) From: 64K(13312K)->64K(512K)
[822.746s][info][gc,heap        ] GC(2186) ParOldGen: 461030K(461312K)->461038K(461312K)
[822.746s][info][gc,metaspace   ] GC(2186) Metaspace: 35682K(36352K)->35682K(36352K) NonClass: 26478K(27008K)->26478K(27008K) Class: 9204K(9344K)->9204K(9344K)
[822.746s][info][gc             ] GC(2186) Pause Young (Allocation Failure) 747M->450M(736M) 2.147ms
[822.746s][info][gc,cpu         ] GC(2186) User=0.00s Sys=0.00s Real=0.00s
[823.003s][info][gc,start       ] GC(2187) Pause Young (Allocation Failure)
[823.005s][info][gc,heap        ] GC(2187) PSYoungGen: 291904K(292352K)->64K(291840K) Eden: 291840K(291840K)->0K(280064K) From: 64K(512K)->64K(11776K)
[823.005s][info][gc,heap        ] GC(2187) ParOldGen: 461038K(461312K)->461046K(461312K)
[823.005s][info][gc,metaspace   ] GC(2187) Metaspace: 35682K(36352K)->35682K(36352K) NonClass: 26478K(27008K)->26478K(27008K) Class: 9204K(9344K)->9204K(9344K)
[823.005s][info][gc             ] GC(2187) Pause Young (Allocation Failure) 735M->450M(735M) 1.498ms
[823.005s][info][gc,cpu         ] GC(2187) User=0.00s Sys=0.00s Real=0.00s
[823.473s][info][gc,start       ] GC(2188) Pause Young (Allocation Failure)
[823.475s][info][gc,heap        ] GC(2188) PSYoungGen: 280128K(291840K)->64K(269824K) Eden: 280064K(280064K)->0K(269312K) From: 64K(11776K)->64K(512K)
[823.475s][info][gc,heap        ] GC(2188) ParOldGen: 461046K(461312K)->461054K(461312K)
[823.475s][info][gc,metaspace   ] GC(2188) Metaspace: 35682K(36352K)->35682K(36352K) NonClass: 26478K(27008K)->26478K(27008K) Class: 9204K(9344K)->9204K(9344K)
[823.475s][info][gc             ] GC(2188) Pause Young (Allocation Failure) 723M->450M(714M) 1.900ms
[823.475s][info][gc,cpu         ] GC(2188) User=0.00s Sys=0.00s Real=0.00s
[824.432s][info][gc,start       ] GC(2189) Pause Young (Allocation Failure)
[824.433s][info][gc,heap        ] GC(2189) PSYoungGen: 269376K(269824K)->64K(269312K) Eden: 269312K(269312K)->0K(259072K) From: 64K(512K)->64K(10240K)
[824.433s][info][gc,heap        ] GC(2189) ParOldGen: 461054K(461312K)->461062K(461312K)
[824.433s][info][gc,metaspace   ] GC(2189) Metaspace: 35682K(36352K)->35682K(36352K) NonClass: 26478K(27008K)->26478K(27008K) Class: 9204K(9344K)->9204K(9344K)
[824.433s][info][gc             ] GC(2189) Pause Young (Allocation Failure) 713M->450M(713M) 1.500ms
[824.433s][info][gc,cpu         ] GC(2189) User=0.00s Sys=0.00s Real=0.00s
[824.798s][info][gc,start       ] GC(2190) Pause Young (Allocation Failure)
[824.800s][info][gc,heap        ] GC(2190) PSYoungGen: 259136K(269312K)->64K(249344K) Eden: 259072K(259072K)->0K(248832K) From: 64K(10240K)->64K(512K)
[824.800s][info][gc,heap        ] GC(2190) ParOldGen: 461062K(461312K)->461070K(461312K)
[824.800s][info][gc,metaspace   ] GC(2190) Metaspace: 35682K(36352K)->35682K(36352K) NonClass: 26478K(27008K)->26478K(27008K) Class: 9204K(9344K)->9204K(9344K)
[824.800s][info][gc             ] GC(2190) Pause Young (Allocation Failure) 703M->450M(694M) 1.603ms
[824.800s][info][gc,cpu         ] GC(2190) User=0.00s Sys=0.00s Real=0.00s
[824.890s][info][gc,start       ] GC(2191) Pause Young (Allocation Failure)
[824.892s][info][gc,heap        ] GC(2191) PSYoungGen: 248896K(249344K)->64K(292352K) Eden: 248832K(248832K)->0K(283136K) From: 64K(512K)->64K(9216K)
[824.892s][info][gc,heap        ] GC(2191) ParOldGen: 461070K(461312K)->461086K(461312K)
[824.892s][info][gc,metaspace   ] GC(2191) Metaspace: 35682K(36352K)->35682K(36352K) NonClass: 26478K(27008K)->26478K(27008K) Class: 9204K(9344K)->9204K(9344K)
[824.892s][info][gc             ] GC(2191) Pause Young (Allocation Failure) 693M->450M(736M) 2.624ms
[824.892s][info][gc,cpu         ] GC(2191) User=0.00s Sys=0.00s Real=0.01s
[825.491s][info][gc,start       ] GC(2192) Pause Young (Allocation Failure)
[825.494s][info][gc,heap        ] GC(2192) PSYoungGen: 283200K(292352K)->64K(272384K) Eden: 283136K(283136K)->0K(271872K) From: 64K(9216K)->64K(512K)
[825.494s][info][gc,heap        ] GC(2192) ParOldGen: 461086K(461312K)->461094K(461312K)
[825.494s][info][gc,metaspace   ] GC(2192) Metaspace: 35682K(36352K)->35682K(36352K) NonClass: 26478K(27008K)->26478K(27008K) Class: 9204K(9344K)->9204K(9344K)
[825.494s][info][gc             ] GC(2192) Pause Young (Allocation Failure) 726M->450M(716M) 2.613ms
[825.494s][info][gc,cpu         ] GC(2192) User=0.00s Sys=0.00s Real=0.01s
[825.795s][info][gc,start       ] GC(2193) Pause Young (Allocation Failure)
[825.797s][info][gc,heap        ] GC(2193) PSYoungGen: 271936K(272384K)->64K(268800K) Eden: 271872K(271872K)->0K(261120K) From: 64K(512K)->64K(7680K)
[825.797s][info][gc,heap        ] GC(2193) ParOldGen: 461094K(461312K)->461102K(461312K)
[825.797s][info][gc,metaspace   ] GC(2193) Metaspace: 35682K(36352K)->35682K(36352K) NonClass: 26478K(27008K)->26478K(27008K) Class: 9204K(9344K)->9204K(9344K)
[825.797s][info][gc             ] GC(2193) Pause Young (Allocation Failure) 715M->450M(713M) 2.478ms
[825.797s][info][gc,cpu         ] GC(2193) User=0.00s Sys=0.00s Real=0.00s
[826.106s][info][gc,start       ] GC(2194) Pause Young (Allocation Failure)
[826.168s][info][gc,heap        ] GC(2194) PSYoungGen: 261184K(268800K)->7168K(287232K) Eden: 261120K(261120K)->0K(280064K) From: 64K(7680K)->7168K(7168K)
[826.168s][info][gc,heap        ] GC(2194) ParOldGen: 461102K(461312K)->483438K(483840K)
[826.168s][info][gc,metaspace   ] GC(2194) Metaspace: 35682K(36352K)->35682K(36352K) NonClass: 26478K(27008K)->26478K(27008K) Class: 9204K(9344K)->9204K(9344K)
[826.168s][info][gc             ] GC(2194) Pause Young (Allocation Failure) 705M->479M(753M) 61.550ms
[826.168s][info][gc,cpu         ] GC(2194) User=0.10s Sys=0.02s Real=0.06s
[826.499s][info][gc,start       ] GC(2195) Pause Young (Allocation Failure)
[826.561s][info][gc,heap        ] GC(2195) PSYoungGen: 287232K(287232K)->17408K(297472K) Eden: 280064K(280064K)->0K(280064K) From: 7168K(7168K)->17408K(17408K)
[826.561s][info][gc,heap        ] GC(2195) ParOldGen: 483438K(483840K)->498310K(498688K)
[826.561s][info][gc,metaspace   ] GC(2195) Metaspace: 35682K(36352K)->35682K(36352K) NonClass: 26478K(27008K)->26478K(27008K) Class: 9204K(9344K)->9204K(9344K)
[826.561s][info][gc             ] GC(2195) Pause Young (Allocation Failure) 752M->503M(777M) 62.046ms
[826.561s][info][gc,cpu         ] GC(2195) User=0.11s Sys=0.01s Real=0.06s
[826.672s][info][gc,start       ] GC(2196) Pause Young (Allocation Failure)
[826.681s][info][gc,heap        ] GC(2196) PSYoungGen: 297472K(297472K)->1504K(308224K) Eden: 280064K(280064K)->0K(281600K) From: 17408K(17408K)->1504K(26624K)
[826.681s][info][gc,heap        ] GC(2196) ParOldGen: 498310K(498688K)->498702K(499200K)
[826.681s][info][gc,metaspace   ] GC(2196) Metaspace: 35682K(36352K)->35682K(36352K) NonClass: 26478K(27008K)->26478K(27008K) Class: 9204K(9344K)->9204K(9344K)
[826.681s][info][gc             ] GC(2196) Pause Young (Allocation Failure) 777M->488M(788M) 8.773ms
[826.681s][info][gc,cpu         ] GC(2196) User=0.02s Sys=0.00s Real=0.00s
[827.315s][info][gc,start       ] GC(2197) Pause Young (Allocation Failure)
[827.316s][info][gc,heap        ] GC(2197) PSYoungGen: 283104K(308224K)->64K(282112K) Eden: 281600K(281600K)->0K(281600K) From: 1504K(26624K)->64K(512K)
[827.316s][info][gc,heap        ] GC(2197) ParOldGen: 498702K(499200K)->498710K(499200K)
[827.316s][info][gc,metaspace   ] GC(2197) Metaspace: 35682K(36352K)->35682K(36352K) NonClass: 26478K(27008K)->26478K(27008K) Class: 9204K(9344K)->9204K(9344K)
[827.316s][info][gc             ] GC(2197) Pause Young (Allocation Failure) 763M->487M(763M) 1.603ms
[827.316s][info][gc,cpu         ] GC(2197) User=0.00s Sys=0.00s Real=0.00s
[827.680s][info][gc,start       ] GC(2198) Pause Young (Allocation Failure)
[827.682s][info][gc,heap        ] GC(2198) PSYoungGen: 281664K(282112K)->64K(307200K) Eden: 281600K(281600K)->0K(282624K) From: 64K(512K)->64K(24576K)
[827.682s][info][gc,heap        ] GC(2198) ParOldGen: 498710K(499200K)->498718K(499200K)
[827.682s][info][gc,metaspace   ] GC(2198) Metaspace: 35682K(36352K)->35682K(36352K) NonClass: 26478K(27008K)->26478K(27008K) Class: 9204K(9344K)->9204K(9344K)
[827.682s][info][gc             ] GC(2198) Pause Young (Allocation Failure) 762M->487M(787M) 1.805ms
[827.682s][info][gc,cpu         ] GC(2198) User=0.00s Sys=0.00s Real=0.01s
[828.144s][info][gc,start       ] GC(2199) Pause Young (Allocation Failure)
[828.145s][info][gc,heap        ] GC(2199) PSYoungGen: 282688K(307200K)->64K(306176K) Eden: 282624K(282624K)->0K(282624K) From: 64K(24576K)->64K(23552K)
[828.145s][info][gc,heap        ] GC(2199) ParOldGen: 498718K(499200K)->498734K(499200K)
[828.145s][info][gc,metaspace   ] GC(2199) Metaspace: 35682K(36352K)->35682K(36352K) NonClass: 26478K(27008K)->26478K(27008K) Class: 9204K(9344K)->9204K(9344K)
[828.145s][info][gc             ] GC(2199) Pause Young (Allocation Failure) 763M->487M(786M) 1.644ms
[828.145s][info][gc,cpu         ] GC(2199) User=0.00s Sys=0.00s Real=0.00s
[828.379s][info][gc,start       ] GC(2200) Pause Young (Allocation Failure)
[828.380s][info][gc,heap        ] GC(2200) PSYoungGen: 282688K(306176K)->64K(309248K) Eden: 282624K(282624K)->0K(286720K) From: 64K(23552K)->64K(22528K)
[828.380s][info][gc,heap        ] GC(2200) ParOldGen: 498734K(499200K)->498750K(499200K)
[828.380s][info][gc,metaspace   ] GC(2200) Metaspace: 35682K(36352K)->35682K(36352K) NonClass: 26478K(27008K)->26478K(27008K) Class: 9204K(9344K)->9204K(9344K)
[828.380s][info][gc             ] GC(2200) Pause Young (Allocation Failure) 763M->487M(789M) 1.592ms
[828.380s][info][gc,cpu         ] GC(2200) User=0.00s Sys=0.00s Real=0.00s
[828.745s][info][gc,start       ] GC(2201) Pause Young (Allocation Failure)
[828.746s][info][gc,heap        ] GC(2201) PSYoungGen: 286784K(309248K)->64K(308224K) Eden: 286720K(286720K)->0K(286720K) From: 64K(22528K)->64K(21504K)
[828.746s][info][gc,heap        ] GC(2201) ParOldGen: 498750K(499200K)->498750K(499200K)
[828.746s][info][gc,metaspace   ] GC(2201) Metaspace: 35682K(36352K)->35682K(36352K) NonClass: 26478K(27008K)->26478K(27008K) Class: 9204K(9344K)->9204K(9344K)
[828.746s][info][gc             ] GC(2201) Pause Young (Allocation Failure) 767M->487M(788M) 1.503ms
[828.746s][info][gc,cpu         ] GC(2201) User=0.01s Sys=0.00s Real=0.00s
[828.842s][info][gc,start       ] GC(2202) Pause Young (Allocation Failure)
[828.844s][info][gc,heap        ] GC(2202) PSYoungGen: 286784K(308224K)->64K(311296K) Eden: 286720K(286720K)->0K(290816K) From: 64K(21504K)->64K(20480K)
[828.844s][info][gc,heap        ] GC(2202) ParOldGen: 498750K(499200K)->498758K(499200K)
[828.844s][info][gc,metaspace   ] GC(2202) Metaspace: 35682K(36352K)->35682K(36352K) NonClass: 26478K(27008K)->26478K(27008K) Class: 9204K(9344K)->9204K(9344K)
[828.844s][info][gc             ] GC(2202) Pause Young (Allocation Failure) 767M->487M(791M) 1.395ms
[828.844s][info][gc,cpu         ] GC(2202) User=0.00s Sys=0.00s Real=0.00s
[828.894s][info][gc,start       ] GC(2203) Pause Young (Allocation Failure)
[828.895s][info][gc,heap        ] GC(2203) PSYoungGen: 290880K(311296K)->64K(310272K) Eden: 290816K(290816K)->0K(290816K) From: 64K(20480K)->64K(19456K)
[828.895s][info][gc,heap        ] GC(2203) ParOldGen: 498758K(499200K)->498774K(499200K)
[828.895s][info][gc,metaspace   ] GC(2203) Metaspace: 35682K(36352K)->35682K(36352K) NonClass: 26478K(27008K)->26478K(27008K) Class: 9204K(9344K)->9204K(9344K)
[828.895s][info][gc             ] GC(2203) Pause Young (Allocation Failure) 771M->487M(790M) 1.282ms
[828.895s][info][gc,cpu         ] GC(2203) User=0.01s Sys=0.00s Real=0.00s
[829.072s][info][gc,start       ] GC(2204) Pause Young (Allocation Failure)
[829.073s][info][gc,heap        ] GC(2204) PSYoungGen: 290880K(310272K)->64K(313344K) Eden: 290816K(290816K)->0K(294912K) From: 64K(19456K)->64K(18432K)
[829.073s][info][gc,heap        ] GC(2204) ParOldGen: 498774K(499200K)->498774K(499200K)
[829.073s][info][gc,metaspace   ] GC(2204) Metaspace: 35682K(36352K)->35682K(36352K) NonClass: 26478K(27008K)->26478K(27008K) Class: 9204K(9344K)->9204K(9344K)
[829.073s][info][gc             ] GC(2204) Pause Young (Allocation Failure) 771M->487M(793M) 1.377ms
[829.073s][info][gc,cpu         ] GC(2204) User=0.00s Sys=0.00s Real=0.00s
[829.340s][info][gc,start       ] GC(2205) Pause Young (Allocation Failure)
[829.341s][info][gc,heap        ] GC(2205) PSYoungGen: 294976K(313344K)->64K(312320K) Eden: 294912K(294912K)->0K(294912K) From: 64K(18432K)->64K(17408K)
[829.341s][info][gc,heap        ] GC(2205) ParOldGen: 498774K(499200K)->498782K(499200K)
[829.341s][info][gc,metaspace   ] GC(2205) Metaspace: 35682K(36352K)->35682K(36352K) NonClass: 26478K(27008K)->26478K(27008K) Class: 9204K(9344K)->9204K(9344K)
[829.341s][info][gc             ] GC(2205) Pause Young (Allocation Failure) 775M->487M(792M) 1.377ms
[829.341s][info][gc,cpu         ] GC(2205) User=0.00s Sys=0.00s Real=0.00s
[829.483s][info][gc,start       ] GC(2206) Pause Young (Allocation Failure)
[829.485s][info][gc,heap        ] GC(2206) PSYoungGen: 294976K(312320K)->64K(315392K) Eden: 294912K(294912K)->0K(299008K) From: 64K(17408K)->64K(16384K)
[829.485s][info][gc,heap        ] GC(2206) ParOldGen: 498782K(499200K)->498790K(499200K)
[829.485s][info][gc,metaspace   ] GC(2206) Metaspace: 35682K(36352K)->35682K(36352K) NonClass: 26478K(27008K)->26478K(27008K) Class: 9204K(9344K)->9204K(9344K)
[829.485s][info][gc             ] GC(2206) Pause Young (Allocation Failure) 775M->487M(795M) 1.444ms
[829.485s][info][gc,cpu         ] GC(2206) User=0.01s Sys=0.00s Real=0.00s
[829.581s][info][gc,start       ] GC(2207) Pause Young (Allocation Failure)
[829.583s][info][gc,heap        ] GC(2207) PSYoungGen: 299072K(315392K)->64K(314368K) Eden: 299008K(299008K)->0K(299008K) From: 64K(16384K)->64K(15360K)
[829.583s][info][gc,heap        ] GC(2207) ParOldGen: 498790K(499200K)->498798K(499200K)
[829.583s][info][gc,metaspace   ] GC(2207) Metaspace: 35682K(36352K)->35682K(36352K) NonClass: 26478K(27008K)->26478K(27008K) Class: 9204K(9344K)->9204K(9344K)
[829.583s][info][gc             ] GC(2207) Pause Young (Allocation Failure) 779M->487M(794M) 1.407ms
[829.583s][info][gc,cpu         ] GC(2207) User=0.00s Sys=0.00s Real=0.01s
[829.769s][info][gc,start       ] GC(2208) Pause Young (Allocation Failure)
[829.771s][info][gc,heap        ] GC(2208) PSYoungGen: 299072K(314368K)->64K(317440K) Eden: 299008K(299008K)->0K(303104K) From: 64K(15360K)->64K(14336K)
[829.771s][info][gc,heap        ] GC(2208) ParOldGen: 498798K(499200K)->498806K(499200K)
[829.771s][info][gc,metaspace   ] GC(2208) Metaspace: 35682K(36352K)->35682K(36352K) NonClass: 26478K(27008K)->26478K(27008K) Class: 9204K(9344K)->9204K(9344K)
[829.771s][info][gc             ] GC(2208) Pause Young (Allocation Failure) 779M->487M(797M) 1.427ms
[829.771s][info][gc,cpu         ] GC(2208) User=0.00s Sys=0.00s Real=0.00s
[830.667s][info][gc,start       ] GC(2209) Pause Young (Allocation Failure)
[830.669s][info][gc,heap        ] GC(2209) PSYoungGen: 303168K(317440K)->64K(291328K) Eden: 303104K(303104K)->0K(290816K) From: 64K(14336K)->64K(512K)
[830.669s][info][gc,heap        ] GC(2209) ParOldGen: 498806K(499200K)->498814K(499200K)
[830.669s][info][gc,metaspace   ] GC(2209) Metaspace: 35682K(36352K)->35682K(36352K) NonClass: 26478K(27008K)->26478K(27008K) Class: 9204K(9344K)->9204K(9344K)
[830.669s][info][gc             ] GC(2209) Pause Young (Allocation Failure) 783M->487M(772M) 1.725ms
[830.669s][info][gc,cpu         ] GC(2209) User=0.00s Sys=0.00s Real=0.00s
[831.539s][info][gc,start       ] GC(2210) Pause Young (Allocation Failure)
[831.541s][info][gc,heap        ] GC(2210) PSYoungGen: 290880K(291328K)->64K(280064K) Eden: 290816K(290816K)->0K(279552K) From: 64K(512K)->64K(512K)
[831.541s][info][gc,heap        ] GC(2210) ParOldGen: 498814K(499200K)->498822K(499200K)
[831.541s][info][gc,metaspace   ] GC(2210) Metaspace: 35682K(36352K)->35682K(36352K) NonClass: 26478K(27008K)->26478K(27008K) Class: 9204K(9344K)->9204K(9344K)
[831.541s][info][gc             ] GC(2210) Pause Young (Allocation Failure) 771M->487M(761M) 1.769ms
[831.541s][info][gc,cpu         ] GC(2210) User=0.00s Sys=0.00s Real=0.00s
[831.962s][info][gc,start       ] GC(2211) Pause Young (Allocation Failure)
[831.964s][info][gc,heap        ] GC(2211) PSYoungGen: 279616K(280064K)->64K(280576K) Eden: 279552K(279552K)->0K(268800K) From: 64K(512K)->64K(11776K)
[831.964s][info][gc,heap        ] GC(2211) ParOldGen: 498822K(499200K)->498830K(499200K)
[831.964s][info][gc,metaspace   ] GC(2211) Metaspace: 35682K(36352K)->35682K(36352K) NonClass: 26478K(27008K)->26478K(27008K) Class: 9204K(9344K)->9204K(9344K)
[831.964s][info][gc             ] GC(2211) Pause Young (Allocation Failure) 760M->487M(761M) 1.543ms
[831.964s][info][gc,cpu         ] GC(2211) User=0.00s Sys=0.00s Real=0.00s
[832.963s][info][gc,start       ] GC(2212) Pause Young (Allocation Failure)
[832.965s][info][gc,heap        ] GC(2212) PSYoungGen: 268864K(280576K)->64K(259072K) Eden: 268800K(268800K)->0K(258560K) From: 64K(11776K)->64K(512K)
[832.965s][info][gc,heap        ] GC(2212) ParOldGen: 498830K(499200K)->498838K(499200K)
[832.965s][info][gc,metaspace   ] GC(2212) Metaspace: 35682K(36352K)->35682K(36352K) NonClass: 26478K(27008K)->26478K(27008K) Class: 9204K(9344K)->9204K(9344K)
[832.965s][info][gc             ] GC(2212) Pause Young (Allocation Failure) 749M->487M(740M) 2.212ms
[832.965s][info][gc,cpu         ] GC(2212) User=0.00s Sys=0.00s Real=0.00s
[833.369s][info][gc,start       ] GC(2213) Pause Young (Allocation Failure)
[833.371s][info][gc,heap        ] GC(2213) PSYoungGen: 258624K(259072K)->64K(259072K) Eden: 258560K(258560K)->0K(248832K) From: 64K(512K)->64K(10240K)
[833.371s][info][gc,heap        ] GC(2213) ParOldGen: 498838K(499200K)->498846K(499200K)
[833.371s][info][gc,metaspace   ] GC(2213) Metaspace: 35682K(36352K)->35682K(36352K) NonClass: 26478K(27008K)->26478K(27008K) Class: 9204K(9344K)->9204K(9344K)
[833.371s][info][gc             ] GC(2213) Pause Young (Allocation Failure) 739M->487M(740M) 1.939ms
[833.371s][info][gc,cpu         ] GC(2213) User=0.00s Sys=0.00s Real=0.00s
[833.528s][info][gc,start       ] GC(2214) Pause Young (Allocation Failure)
[833.530s][info][gc,heap        ] GC(2214) PSYoungGen: 248896K(259072K)->64K(239616K) Eden: 248832K(248832K)->0K(239104K) From: 64K(10240K)->64K(512K)
[833.530s][info][gc,heap        ] GC(2214) ParOldGen: 498846K(499200K)->498854K(499200K)
[833.530s][info][gc,metaspace   ] GC(2214) Metaspace: 35682K(36352K)->35682K(36352K) NonClass: 26478K(27008K)->26478K(27008K) Class: 9204K(9344K)->9204K(9344K)
[833.530s][info][gc             ] GC(2214) Pause Young (Allocation Failure) 730M->487M(721M) 2.045ms
[833.530s][info][gc,cpu         ] GC(2214) User=0.00s Sys=0.00s Real=0.00s
[833.763s][info][gc,start       ] GC(2215) Pause Young (Allocation Failure)
[833.765s][info][gc,heap        ] GC(2215) PSYoungGen: 239168K(239616K)->64K(238592K) Eden: 239104K(239104K)->0K(229888K) From: 64K(512K)->64K(8704K)
[833.765s][info][gc,heap        ] GC(2215) ParOldGen: 498854K(499200K)->498862K(499200K)
[833.765s][info][gc,metaspace   ] GC(2215) Metaspace: 35682K(36352K)->35682K(36352K) NonClass: 26478K(27008K)->26478K(27008K) Class: 9204K(9344K)->9204K(9344K)
[833.765s][info][gc             ] GC(2215) Pause Young (Allocation Failure) 720M->487M(720M) 1.392ms
[833.765s][info][gc,cpu         ] GC(2215) User=0.00s Sys=0.00s Real=0.00s
[834.200s][info][gc,start       ] GC(2216) Pause Young (Allocation Failure)
[834.202s][info][gc,heap        ] GC(2216) PSYoungGen: 229952K(238592K)->64K(221696K) Eden: 229888K(229888K)->0K(221184K) From: 64K(8704K)->64K(512K)
[834.202s][info][gc,heap        ] GC(2216) ParOldGen: 498862K(499200K)->498870K(499200K)
[834.202s][info][gc,metaspace   ] GC(2216) Metaspace: 35682K(36352K)->35682K(36352K) NonClass: 26478K(27008K)->26478K(27008K) Class: 9204K(9344K)->9204K(9344K)
[834.202s][info][gc             ] GC(2216) Pause Young (Allocation Failure) 711M->487M(704M) 1.966ms
[834.202s][info][gc,cpu         ] GC(2216) User=0.00s Sys=0.00s Real=0.01s
[834.470s][info][gc,start       ] GC(2217) Pause Young (Allocation Failure)
[834.471s][info][gc,heap        ] GC(2217) PSYoungGen: 221248K(221696K)->64K(220672K) Eden: 221184K(221184K)->0K(212992K) From: 64K(512K)->64K(7680K)
[834.471s][info][gc,heap        ] GC(2217) ParOldGen: 498870K(499200K)->498878K(499200K)
[834.471s][info][gc,metaspace   ] GC(2217) Metaspace: 35682K(36352K)->35682K(36352K) NonClass: 26478K(27008K)->26478K(27008K) Class: 9204K(9344K)->9204K(9344K)
[834.471s][info][gc             ] GC(2217) Pause Young (Allocation Failure) 703M->487M(703M) 1.465ms
[834.471s][info][gc,cpu         ] GC(2217) User=0.00s Sys=0.00s Real=0.00s
[834.733s][info][gc,start       ] GC(2218) Pause Young (Allocation Failure)
[834.781s][info][gc,heap        ] GC(2218) PSYoungGen: 213056K(220672K)->7168K(262656K) Eden: 212992K(212992K)->0K(255488K) From: 64K(7680K)->7168K(7168K)
[834.781s][info][gc,heap        ] GC(2218) ParOldGen: 498878K(499200K)->514534K(514560K)
[834.781s][info][gc,metaspace   ] GC(2218) Metaspace: 35682K(36352K)->35682K(36352K) NonClass: 26478K(27008K)->26478K(27008K) Class: 9204K(9344K)->9204K(9344K)
[834.781s][info][gc             ] GC(2218) Pause Young (Allocation Failure) 695M->509M(759M) 47.618ms
[834.781s][info][gc,cpu         ] GC(2218) User=0.07s Sys=0.02s Real=0.04s
[835.096s][info][gc,start       ] GC(2219) Pause Young (Allocation Failure)
[835.153s][info][gc,heap        ] GC(2219) PSYoungGen: 262656K(262656K)->14848K(270336K) Eden: 255488K(255488K)->0K(255488K) From: 7168K(7168K)->14848K(14848K)
[835.153s][info][gc,heap        ] GC(2219) ParOldGen: 514534K(514560K)->529014K(529408K)
[835.153s][info][gc,metaspace   ] GC(2219) Metaspace: 35682K(36352K)->35682K(36352K) NonClass: 26478K(27008K)->26478K(27008K) Class: 9204K(9344K)->9204K(9344K)
[835.153s][info][gc             ] GC(2219) Pause Young (Allocation Failure) 758M->531M(781M) 57.840ms
[835.153s][info][gc,cpu         ] GC(2219) User=0.10s Sys=0.01s Real=0.06s
[835.310s][info][gc,start       ] GC(2220) Pause Young (Allocation Failure)
[835.336s][info][gc,heap        ] GC(2220) PSYoungGen: 270336K(270336K)->10944K(310272K) Eden: 255488K(255488K)->0K(286720K) From: 14848K(14848K)->10944K(23552K)
[835.336s][info][gc,heap        ] GC(2220) ParOldGen: 529014K(529408K)->529398K(529408K)
[835.336s][info][gc,metaspace   ] GC(2220) Metaspace: 35682K(36352K)->35682K(36352K) NonClass: 26478K(27008K)->26478K(27008K) Class: 9204K(9344K)->9204K(9344K)
[835.336s][info][gc             ] GC(2220) Pause Young (Allocation Failure) 780M->527M(820M) 25.711ms
[835.336s][info][gc,cpu         ] GC(2220) User=0.04s Sys=0.02s Real=0.03s
[835.779s][info][gc,start       ] GC(2221) Pause Young (Allocation Failure)
[835.781s][info][gc,heap        ] GC(2221) PSYoungGen: 297664K(310272K)->64K(287232K) Eden: 286720K(286720K)->0K(286720K) From: 10944K(23552K)->64K(512K)
[835.781s][info][gc,heap        ] GC(2221) ParOldGen: 529398K(529408K)->529406K(529408K)
[835.781s][info][gc,metaspace   ] GC(2221) Metaspace: 35682K(36352K)->35682K(36352K) NonClass: 26478K(27008K)->26478K(27008K) Class: 9204K(9344K)->9204K(9344K)
[835.781s][info][gc             ] GC(2221) Pause Young (Allocation Failure) 807M->517M(797M) 1.810ms
[835.781s][info][gc,cpu         ] GC(2221) User=0.00s Sys=0.00s Real=0.00s
[836.307s][info][gc,start       ] GC(2222) Pause Young (Allocation Failure)
[836.309s][info][gc,heap        ] GC(2222) PSYoungGen: 286784K(287232K)->64K(310784K) Eden: 286720K(286720K)->0K(287744K) From: 64K(512K)->64K(23040K)
[836.309s][info][gc,heap        ] GC(2222) ParOldGen: 529406K(529408K)->529414K(529920K)
[836.309s][info][gc,metaspace   ] GC(2222) Metaspace: 35682K(36352K)->35682K(36352K) NonClass: 26478K(27008K)->26478K(27008K) Class: 9204K(9344K)->9204K(9344K)
[836.309s][info][gc             ] GC(2222) Pause Young (Allocation Failure) 797M->517M(821M) 1.621ms
[836.309s][info][gc,cpu         ] GC(2222) User=0.00s Sys=0.00s Real=0.00s
[836.778s][info][gc,start       ] GC(2223) Pause Young (Allocation Failure)
[836.780s][info][gc,heap        ] GC(2223) PSYoungGen: 287808K(310784K)->64K(309760K) Eden: 287744K(287744K)->0K(287744K) From: 64K(23040K)->64K(22016K)
[836.780s][info][gc,heap        ] GC(2223) ParOldGen: 529414K(529920K)->529430K(529920K)
[836.780s][info][gc,metaspace   ] GC(2223) Metaspace: 35682K(36352K)->35682K(36352K) NonClass: 26478K(27008K)->26478K(27008K) Class: 9204K(9344K)->9204K(9344K)
[836.780s][info][gc             ] GC(2223) Pause Young (Allocation Failure) 798M->517M(820M) 1.867ms
[836.780s][info][gc,cpu         ] GC(2223) User=0.00s Sys=0.00s Real=0.00s
[837.017s][info][gc,start       ] GC(2224) Pause Young (Allocation Failure)
[837.019s][info][gc,heap        ] GC(2224) PSYoungGen: 287808K(309760K)->64K(310272K) Eden: 287744K(287744K)->0K(289280K) From: 64K(22016K)->64K(20992K)
[837.019s][info][gc,heap        ] GC(2224) ParOldGen: 529430K(529920K)->529446K(529920K)
[837.019s][info][gc,metaspace   ] GC(2224) Metaspace: 35682K(36352K)->35682K(36352K) NonClass: 26478K(27008K)->26478K(27008K) Class: 9204K(9344K)->9204K(9344K)
[837.019s][info][gc             ] GC(2224) Pause Young (Allocation Failure) 798M->517M(820M) 1.613ms
[837.019s][info][gc,cpu         ] GC(2224) User=0.01s Sys=0.00s Real=0.00s
[837.260s][info][gc,start       ] GC(2225) Pause Young (Allocation Failure)
[837.262s][info][gc,heap        ] GC(2225) PSYoungGen: 289344K(310272K)->64K(309760K) Eden: 289280K(289280K)->0K(289280K) From: 64K(20992K)->64K(20480K)
[837.262s][info][gc,heap        ] GC(2225) ParOldGen: 529446K(529920K)->529446K(529920K)
[837.262s][info][gc,metaspace   ] GC(2225) Metaspace: 35682K(36352K)->35682K(36352K) NonClass: 26478K(27008K)->26478K(27008K) Class: 9204K(9344K)->9204K(9344K)
[837.262s][info][gc             ] GC(2225) Pause Young (Allocation Failure) 799M->517M(820M) 1.636ms
[837.262s][info][gc,cpu         ] GC(2225) User=0.00s Sys=0.00s Real=0.00s
[837.545s][info][gc,start       ] GC(2226) Pause Young (Allocation Failure)
[837.547s][info][gc,heap        ] GC(2226) PSYoungGen: 289344K(309760K)->64K(312320K) Eden: 289280K(289280K)->0K(293376K) From: 64K(20480K)->64K(18944K)
[837.547s][info][gc,heap        ] GC(2226) ParOldGen: 529446K(529920K)->529446K(529920K)
[837.547s][info][gc,metaspace   ] GC(2226) Metaspace: 35682K(36352K)->35682K(36352K) NonClass: 26478K(27008K)->26478K(27008K) Class: 9204K(9344K)->9204K(9344K)
[837.547s][info][gc             ] GC(2226) Pause Young (Allocation Failure) 799M->517M(822M) 1.606ms
[837.547s][info][gc,cpu         ] GC(2226) User=0.01s Sys=0.00s Real=0.00s
[837.600s][info][gc,start       ] GC(2227) Pause Young (Allocation Failure)
[837.601s][info][gc,heap        ] GC(2227) PSYoungGen: 293440K(312320K)->64K(311808K) Eden: 293376K(293376K)->0K(293376K) From: 64K(18944K)->64K(18432K)
[837.601s][info][gc,heap        ] GC(2227) ParOldGen: 529446K(529920K)->529462K(529920K)
[837.601s][info][gc,metaspace   ] GC(2227) Metaspace: 35682K(36352K)->35682K(36352K) NonClass: 26478K(27008K)->26478K(27008K) Class: 9204K(9344K)->9204K(9344K)
[837.601s][info][gc             ] GC(2227) Pause Young (Allocation Failure) 803M->517M(822M) 1.583ms
[837.601s][info][gc,cpu         ] GC(2227) User=0.00s Sys=0.00s Real=0.00s
[837.719s][info][gc,start       ] GC(2228) Pause Young (Allocation Failure)
[837.720s][info][gc,heap        ] GC(2228) PSYoungGen: 293440K(311808K)->64K(314368K) Eden: 293376K(293376K)->0K(297472K) From: 64K(18432K)->64K(16896K)
[837.720s][info][gc,heap        ] GC(2228) ParOldGen: 529462K(529920K)->529462K(529920K)
[837.720s][info][gc,metaspace   ] GC(2228) Metaspace: 35682K(36352K)->35682K(36352K) NonClass: 26478K(27008K)->26478K(27008K) Class: 9204K(9344K)->9204K(9344K)
[837.720s][info][gc             ] GC(2228) Pause Young (Allocation Failure) 803M->517M(824M) 1.456ms
[837.720s][info][gc,cpu         ] GC(2228) User=0.01s Sys=0.00s Real=0.00s
[838.008s][info][gc,start       ] GC(2229) Pause Young (Allocation Failure)
[838.010s][info][gc,heap        ] GC(2229) PSYoungGen: 297536K(314368K)->64K(313856K) Eden: 297472K(297472K)->0K(297472K) From: 64K(16896K)->64K(16384K)
[838.010s][info][gc,heap        ] GC(2229) ParOldGen: 529462K(529920K)->529478K(529920K)
[838.010s][info][gc,metaspace   ] GC(2229) Metaspace: 35682K(36352K)->35682K(36352K) NonClass: 26478K(27008K)->26478K(27008K) Class: 9204K(9344K)->9204K(9344K)
[838.010s][info][gc             ] GC(2229) Pause Young (Allocation Failure) 807M->517M(824M) 1.696ms
[838.010s][info][gc,cpu         ] GC(2229) User=0.00s Sys=0.00s Real=0.00s
[838.189s][info][gc,start       ] GC(2230) Pause Young (Allocation Failure)
[838.191s][info][gc,heap        ] GC(2230) PSYoungGen: 297536K(313856K)->64K(316416K) Eden: 297472K(297472K)->0K(301568K) From: 64K(16384K)->64K(14848K)
[838.191s][info][gc,heap        ] GC(2230) ParOldGen: 529478K(529920K)->529478K(529920K)
[838.191s][info][gc,metaspace   ] GC(2230) Metaspace: 35682K(36352K)->35682K(36352K) NonClass: 26478K(27008K)->26478K(27008K) Class: 9204K(9344K)->9204K(9344K)
[838.191s][info][gc             ] GC(2230) Pause Young (Allocation Failure) 807M->517M(826M) 1.551ms
[838.191s][info][gc,cpu         ] GC(2230) User=0.00s Sys=0.00s Real=0.00s
[838.276s][info][gc,start       ] GC(2231) Pause Young (Allocation Failure)
[838.277s][info][gc,heap        ] GC(2231) PSYoungGen: 301632K(316416K)->64K(316416K) Eden: 301568K(301568K)->0K(301568K) From: 64K(14848K)->64K(14848K)
[838.277s][info][gc,heap        ] GC(2231) ParOldGen: 529478K(529920K)->529494K(529920K)
[838.277s][info][gc,metaspace   ] GC(2231) Metaspace: 35682K(36352K)->35682K(36352K) NonClass: 26478K(27008K)->26478K(27008K) Class: 9204K(9344K)->9204K(9344K)
[838.277s][info][gc             ] GC(2231) Pause Young (Allocation Failure) 811M->517M(826M) 1.646ms
[838.277s][info][gc,cpu         ] GC(2231) User=0.00s Sys=0.00s Real=0.00s
[838.459s][info][gc,start       ] GC(2232) Pause Young (Allocation Failure)
[838.461s][info][gc,heap        ] GC(2232) PSYoungGen: 301632K(316416K)->64K(317952K) Eden: 301568K(301568K)->0K(305152K) From: 64K(14848K)->64K(12800K)
[838.461s][info][gc,heap        ] GC(2232) ParOldGen: 529494K(529920K)->529494K(529920K)
[838.461s][info][gc,metaspace   ] GC(2232) Metaspace: 35682K(36352K)->35682K(36352K) NonClass: 26478K(27008K)->26478K(27008K) Class: 9204K(9344K)->9204K(9344K)
[838.461s][info][gc             ] GC(2232) Pause Young (Allocation Failure) 811M->517M(828M) 1.606ms
[838.461s][info][gc,cpu         ] GC(2232) User=0.00s Sys=0.00s Real=0.00s
[839.385s][info][gc,start       ] GC(2233) Pause Young (Allocation Failure)
[839.387s][info][gc,heap        ] GC(2233) PSYoungGen: 305216K(317952K)->64K(317952K) Eden: 305152K(305152K)->0K(305152K) From: 64K(12800K)->64K(12800K)
[839.387s][info][gc,heap        ] GC(2233) ParOldGen: 529494K(529920K)->529502K(529920K)
[839.387s][info][gc,metaspace   ] GC(2233) Metaspace: 35682K(36352K)->35682K(36352K) NonClass: 26478K(27008K)->26478K(27008K) Class: 9204K(9344K)->9204K(9344K)
[839.387s][info][gc             ] GC(2233) Pause Young (Allocation Failure) 815M->517M(828M) 1.771ms
[839.387s][info][gc,cpu         ] GC(2233) User=0.00s Sys=0.00s Real=0.00s
[840.221s][info][gc,start       ] GC(2234) Pause Young (Allocation Failure)
[840.223s][info][gc,heap        ] GC(2234) PSYoungGen: 305216K(317952K)->64K(293376K) Eden: 305152K(305152K)->0K(292864K) From: 64K(12800K)->64K(512K)
[840.223s][info][gc,heap        ] GC(2234) ParOldGen: 529502K(529920K)->529510K(529920K)
[840.223s][info][gc,metaspace   ] GC(2234) Metaspace: 35682K(36352K)->35682K(36352K) NonClass: 26478K(27008K)->26478K(27008K) Class: 9204K(9344K)->9204K(9344K)
[840.223s][info][gc             ] GC(2234) Pause Young (Allocation Failure) 815M->517M(804M) 1.671ms
[840.223s][info][gc,cpu         ] GC(2234) User=0.01s Sys=0.00s Real=0.01s
[840.626s][info][gc,start       ] GC(2235) Pause Young (Allocation Failure)
[840.627s][info][gc,heap        ] GC(2235) PSYoungGen: 292928K(293376K)->64K(292352K) Eden: 292864K(292864K)->0K(281088K) From: 64K(512K)->64K(11264K)
[840.627s][info][gc,heap        ] GC(2235) ParOldGen: 529510K(529920K)->529518K(529920K)
[840.627s][info][gc,metaspace   ] GC(2235) Metaspace: 35682K(36352K)->35682K(36352K) NonClass: 26478K(27008K)->26478K(27008K) Class: 9204K(9344K)->9204K(9344K)
[840.627s][info][gc             ] GC(2235) Pause Young (Allocation Failure) 803M->517M(803M) 1.515ms
[840.627s][info][gc,cpu         ] GC(2235) User=0.00s Sys=0.00s Real=0.00s
[841.679s][info][gc,start       ] GC(2236) Pause Young (Allocation Failure)
[841.681s][info][gc,heap        ] GC(2236) PSYoungGen: 281152K(292352K)->64K(270336K) Eden: 281088K(281088K)->0K(269824K) From: 64K(11264K)->64K(512K)
[841.681s][info][gc,heap        ] GC(2236) ParOldGen: 529518K(529920K)->529526K(529920K)
[841.681s][info][gc,metaspace   ] GC(2236) Metaspace: 35682K(36352K)->35682K(36352K) NonClass: 26478K(27008K)->26478K(27008K) Class: 9204K(9344K)->9204K(9344K)
[841.681s][info][gc             ] GC(2236) Pause Young (Allocation Failure) 791M->517M(781M) 2.274ms
[841.681s][info][gc,cpu         ] GC(2236) User=0.00s Sys=0.00s Real=0.00s
[842.086s][info][gc,start       ] GC(2237) Pause Young (Allocation Failure)
[842.088s][info][gc,heap        ] GC(2237) PSYoungGen: 269888K(270336K)->64K(269312K) Eden: 269824K(269824K)->0K(259072K) From: 64K(512K)->64K(10240K)
[842.088s][info][gc,heap        ] GC(2237) ParOldGen: 529526K(529920K)->529534K(529920K)
[842.088s][info][gc,metaspace   ] GC(2237) Metaspace: 35682K(36352K)->35682K(36352K) NonClass: 26478K(27008K)->26478K(27008K) Class: 9204K(9344K)->9204K(9344K)
[842.088s][info][gc             ] GC(2237) Pause Young (Allocation Failure) 780M->517M(780M) 2.317ms
[842.088s][info][gc,cpu         ] GC(2237) User=0.01s Sys=0.00s Real=0.00s
[842.256s][info][gc,start       ] GC(2238) Pause Young (Allocation Failure)
[842.258s][info][gc,heap        ] GC(2238) PSYoungGen: 259136K(269312K)->64K(249344K) Eden: 259072K(259072K)->0K(248832K) From: 64K(10240K)->64K(512K)
[842.258s][info][gc,heap        ] GC(2238) ParOldGen: 529534K(529920K)->529542K(529920K)
[842.258s][info][gc,metaspace   ] GC(2238) Metaspace: 35682K(36352K)->35682K(36352K) NonClass: 26478K(27008K)->26478K(27008K) Class: 9204K(9344K)->9204K(9344K)
[842.258s][info][gc             ] GC(2238) Pause Young (Allocation Failure) 770M->517M(761M) 2.218ms
[842.258s][info][gc,cpu         ] GC(2238) User=0.01s Sys=0.00s Real=0.00s
[842.508s][info][gc,start       ] GC(2239) Pause Young (Allocation Failure)
[842.510s][info][gc,heap        ] GC(2239) PSYoungGen: 248896K(249344K)->64K(247808K) Eden: 248832K(248832K)->0K(239104K) From: 64K(512K)->64K(8704K)
[842.510s][info][gc,heap        ] GC(2239) ParOldGen: 529542K(529920K)->529550K(529920K)
[842.510s][info][gc,metaspace   ] GC(2239) Metaspace: 35682K(36352K)->35682K(36352K) NonClass: 26478K(27008K)->26478K(27008K) Class: 9204K(9344K)->9204K(9344K)
[842.510s][info][gc             ] GC(2239) Pause Young (Allocation Failure) 760M->517M(759M) 1.463ms
[842.510s][info][gc,cpu         ] GC(2239) User=0.01s Sys=0.00s Real=0.00s
[842.936s][info][gc,start       ] GC(2240) Pause Young (Allocation Failure)
[842.938s][info][gc,heap        ] GC(2240) PSYoungGen: 239168K(247808K)->64K(230400K) Eden: 239104K(239104K)->0K(229888K) From: 64K(8704K)->64K(512K)
[842.938s][info][gc,heap        ] GC(2240) ParOldGen: 529550K(529920K)->529558K(529920K)
[842.939s][info][gc,metaspace   ] GC(2240) Metaspace: 35682K(36352K)->35682K(36352K) NonClass: 26478K(27008K)->26478K(27008K) Class: 9204K(9344K)->9204K(9344K)
[842.939s][info][gc             ] GC(2240) Pause Young (Allocation Failure) 750M->517M(742M) 2.100ms
[842.939s][info][gc,cpu         ] GC(2240) User=0.01s Sys=0.00s Real=0.00s
[843.236s][info][gc,start       ] GC(2241) Pause Young (Allocation Failure)
[843.240s][info][gc,heap        ] GC(2241) PSYoungGen: 229952K(230400K)->1472K(228864K) Eden: 229888K(229888K)->0K(221184K) From: 64K(512K)->1472K(7680K)
[843.240s][info][gc,heap        ] GC(2241) ParOldGen: 529558K(529920K)->529566K(529920K)
[843.240s][info][gc,metaspace   ] GC(2241) Metaspace: 35682K(36352K)->35682K(36352K) NonClass: 26478K(27008K)->26478K(27008K) Class: 9204K(9344K)->9204K(9344K)
[843.240s][info][gc             ] GC(2241) Pause Young (Allocation Failure) 741M->518M(741M) 3.580ms
[843.240s][info][gc,cpu         ] GC(2241) User=0.01s Sys=0.00s Real=0.00s
[843.502s][info][gc,start       ] GC(2242) Pause Young (Allocation Failure)
[843.549s][info][gc,heap        ] GC(2242) PSYoungGen: 222656K(228864K)->7168K(272384K) Eden: 221184K(221184K)->0K(265216K) From: 1472K(7680K)->7168K(7168K)
[843.549s][info][gc,heap        ] GC(2242) ParOldGen: 529566K(529920K)->547430K(547840K)
[843.549s][info][gc,metaspace   ] GC(2242) Metaspace: 35682K(36352K)->35682K(36352K) NonClass: 26478K(27008K)->26478K(27008K) Class: 9204K(9344K)->9204K(9344K)
[843.549s][info][gc             ] GC(2242) Pause Young (Allocation Failure) 734M->541M(801M) 47.198ms
[843.549s][info][gc,cpu         ] GC(2242) User=0.08s Sys=0.02s Real=0.05s
[843.863s][info][gc,start       ] GC(2243) Pause Young (Allocation Failure)
[843.921s][info][gc,heap        ] GC(2243) PSYoungGen: 272384K(272384K)->15360K(280576K) Eden: 265216K(265216K)->0K(265216K) From: 7168K(7168K)->15360K(15360K)
[843.921s][info][gc,heap        ] GC(2243) ParOldGen: 547430K(547840K)->562550K(562688K)
[843.921s][info][gc,metaspace   ] GC(2243) Metaspace: 35682K(36352K)->35682K(36352K) NonClass: 26478K(27008K)->26478K(27008K) Class: 9204K(9344K)->9204K(9344K)
[843.921s][info][gc             ] GC(2243) Pause Young (Allocation Failure) 800M->564M(823M) 57.690ms
[843.921s][info][gc,cpu         ] GC(2243) User=0.10s Sys=0.01s Real=0.05s
[844.043s][info][gc,start       ] GC(2244) Pause Young (Allocation Failure)
[844.061s][info][gc,heap        ] GC(2244) PSYoungGen: 280576K(280576K)->6208K(311296K) Eden: 265216K(265216K)->0K(286720K) From: 15360K(15360K)->6208K(24576K)
[844.061s][info][gc,heap        ] GC(2244) ParOldGen: 562550K(562688K)->562950K(563200K)
[844.061s][info][gc,metaspace   ] GC(2244) Metaspace: 35682K(36352K)->35682K(36352K) NonClass: 26478K(27008K)->26478K(27008K) Class: 9204K(9344K)->9204K(9344K)
[844.061s][info][gc             ] GC(2244) Pause Young (Allocation Failure) 823M->555M(854M) 17.401ms
[844.061s][info][gc,cpu         ] GC(2244) User=0.03s Sys=0.01s Real=0.01s
[844.601s][info][gc,start       ] GC(2245) Pause Young (Allocation Failure)
[844.603s][info][gc,heap        ] GC(2245) PSYoungGen: 292928K(311296K)->64K(287232K) Eden: 286720K(286720K)->0K(286720K) From: 6208K(24576K)->64K(512K)
[844.603s][info][gc,heap        ] GC(2245) ParOldGen: 562950K(563200K)->562958K(563200K)
[844.603s][info][gc,metaspace   ] GC(2245) Metaspace: 35682K(36352K)->35682K(36352K) NonClass: 26478K(27008K)->26478K(27008K) Class: 9204K(9344K)->9204K(9344K)
[844.603s][info][gc             ] GC(2245) Pause Young (Allocation Failure) 835M->549M(830M) 1.789ms
[844.603s][info][gc,cpu         ] GC(2245) User=0.00s Sys=0.00s Real=0.01s
[845.050s][info][gc,start       ] GC(2246) Pause Young (Allocation Failure)
[845.052s][info][gc,heap        ] GC(2246) PSYoungGen: 286784K(287232K)->64K(309248K) Eden: 286720K(286720K)->0K(287232K) From: 64K(512K)->64K(22016K)
[845.052s][info][gc,heap        ] GC(2246) ParOldGen: 562958K(563200K)->562966K(563200K)
[845.052s][info][gc,metaspace   ] GC(2246) Metaspace: 35682K(36352K)->35682K(36352K) NonClass: 26478K(27008K)->26478K(27008K) Class: 9204K(9344K)->9204K(9344K)
[845.052s][info][gc             ] GC(2246) Pause Young (Allocation Failure) 829M->549M(852M) 1.797ms
[845.052s][info][gc,cpu         ] GC(2246) User=0.00s Sys=0.00s Real=0.01s
[845.520s][info][gc,start       ] GC(2247) Pause Young (Allocation Failure)
[845.522s][info][gc,heap        ] GC(2247) PSYoungGen: 287296K(309248K)->64K(308736K) Eden: 287232K(287232K)->0K(287232K) From: 64K(22016K)->64K(21504K)
[845.522s][info][gc,heap        ] GC(2247) ParOldGen: 562966K(563200K)->562982K(563200K)
[845.522s][info][gc,metaspace   ] GC(2247) Metaspace: 35682K(36352K)->35682K(36352K) NonClass: 26478K(27008K)->26478K(27008K) Class: 9204K(9344K)->9204K(9344K)
[845.522s][info][gc             ] GC(2247) Pause Young (Allocation Failure) 830M->549M(851M) 1.776ms
[845.522s][info][gc,cpu         ] GC(2247) User=0.01s Sys=0.00s Real=0.01s
[845.760s][info][gc,start       ] GC(2248) Pause Young (Allocation Failure)
[845.761s][info][gc,heap        ] GC(2248) PSYoungGen: 287296K(308736K)->64K(311296K) Eden: 287232K(287232K)->0K(291328K) From: 64K(21504K)->64K(19968K)
[845.761s][info][gc,heap        ] GC(2248) ParOldGen: 562982K(563200K)->562998K(563200K)
[845.761s][info][gc,metaspace   ] GC(2248) Metaspace: 35682K(36352K)->35682K(36352K) NonClass: 26478K(27008K)->26478K(27008K) Class: 9204K(9344K)->9204K(9344K)
[845.761s][info][gc             ] GC(2248) Pause Young (Allocation Failure) 830M->549M(854M) 1.726ms
[845.761s][info][gc,cpu         ] GC(2248) User=0.01s Sys=0.00s Real=0.00s
[846.120s][info][gc,start       ] GC(2249) Pause Young (Allocation Failure)
[846.122s][info][gc,heap        ] GC(2249) PSYoungGen: 291392K(311296K)->64K(310784K) Eden: 291328K(291328K)->0K(291328K) From: 64K(19968K)->64K(19456K)
[846.122s][info][gc,heap        ] GC(2249) ParOldGen: 562998K(563200K)->562998K(563200K)
[846.122s][info][gc,metaspace   ] GC(2249) Metaspace: 35682K(36352K)->35682K(36352K) NonClass: 26478K(27008K)->26478K(27008K) Class: 9204K(9344K)->9204K(9344K)
[846.122s][info][gc             ] GC(2249) Pause Young (Allocation Failure) 834M->549M(853M) 1.729ms
[846.122s][info][gc,cpu         ] GC(2249) User=0.01s Sys=0.00s Real=0.01s
[846.248s][info][gc,start       ] GC(2250) Pause Young (Allocation Failure)
[846.250s][info][gc,heap        ] GC(2250) PSYoungGen: 291392K(310784K)->64K(313344K) Eden: 291328K(291328K)->0K(295424K) From: 64K(19456K)->64K(17920K)
[846.250s][info][gc,heap        ] GC(2250) ParOldGen: 562998K(563200K)->563006K(563200K)
[846.250s][info][gc,metaspace   ] GC(2250) Metaspace: 35682K(36352K)->35682K(36352K) NonClass: 26478K(27008K)->26478K(27008K) Class: 9204K(9344K)->9204K(9344K)
[846.250s][info][gc             ] GC(2250) Pause Young (Allocation Failure) 834M->549M(856M) 1.522ms
[846.250s][info][gc,cpu         ] GC(2250) User=0.01s Sys=0.00s Real=0.00s
[846.302s][info][gc,start       ] GC(2251) Pause Young (Allocation Failure)
[846.303s][info][gc,heap        ] GC(2251) PSYoungGen: 295488K(313344K)->64K(313344K) Eden: 295424K(295424K)->0K(295424K) From: 64K(17920K)->64K(17920K)
[846.303s][info][gc,heap        ] GC(2251) ParOldGen: 563006K(563200K)->563022K(563200K)
[846.303s][info][gc,metaspace   ] GC(2251) Metaspace: 35682K(36352K)->35682K(36352K) NonClass: 26478K(27008K)->26478K(27008K) Class: 9204K(9344K)->9204K(9344K)
[846.303s][info][gc             ] GC(2251) Pause Young (Allocation Failure) 838M->549M(856M) 1.567ms
[846.303s][info][gc,cpu         ] GC(2251) User=0.00s Sys=0.00s Real=0.01s
[846.466s][info][gc,start       ] GC(2252) Pause Young (Allocation Failure)
[846.468s][info][gc,heap        ] GC(2252) PSYoungGen: 295488K(313344K)->64K(314880K) Eden: 295424K(295424K)->0K(299008K) From: 64K(17920K)->64K(15872K)
[846.468s][info][gc,heap        ] GC(2252) ParOldGen: 563022K(563200K)->563022K(563200K)
[846.468s][info][gc,metaspace   ] GC(2252) Metaspace: 35682K(36352K)->35682K(36352K) NonClass: 26478K(27008K)->26478K(27008K) Class: 9204K(9344K)->9204K(9344K)
[846.468s][info][gc             ] GC(2252) Pause Young (Allocation Failure) 838M->549M(857M) 1.526ms
[846.468s][info][gc,cpu         ] GC(2252) User=0.01s Sys=0.00s Real=0.00s
[846.746s][info][gc,start       ] GC(2253) Pause Young (Allocation Failure)
[846.747s][info][gc,heap        ] GC(2253) PSYoungGen: 299072K(314880K)->64K(314880K) Eden: 299008K(299008K)->0K(299008K) From: 64K(15872K)->64K(15872K)
[846.747s][info][gc,heap        ] GC(2253) ParOldGen: 563022K(563200K)->563030K(563200K)
[846.747s][info][gc,metaspace   ] GC(2253) Metaspace: 35682K(36352K)->35682K(36352K) NonClass: 26478K(27008K)->26478K(27008K) Class: 9204K(9344K)->9204K(9344K)
[846.747s][info][gc             ] GC(2253) Pause Young (Allocation Failure) 841M->549M(857M) 1.630ms
[846.747s][info][gc,cpu         ] GC(2253) User=0.00s Sys=0.00s Real=0.00s
[846.897s][info][gc,start       ] GC(2254) Pause Young (Allocation Failure)
[846.899s][info][gc,heap        ] GC(2254) PSYoungGen: 299072K(314880K)->64K(316416K) Eden: 299008K(299008K)->0K(302592K) From: 64K(15872K)->64K(13824K)
[846.899s][info][gc,heap        ] GC(2254) ParOldGen: 563030K(563200K)->563038K(563200K)
[846.899s][info][gc,metaspace   ] GC(2254) Metaspace: 35691K(36352K)->35691K(36352K) NonClass: 26486K(27008K)->26486K(27008K) Class: 9204K(9344K)->9204K(9344K)
[846.899s][info][gc             ] GC(2254) Pause Young (Allocation Failure) 841M->549M(859M) 1.757ms
[846.899s][info][gc,cpu         ] GC(2254) User=0.00s Sys=0.00s Real=0.00s
[846.997s][info][gc,start       ] GC(2255) Pause Young (Allocation Failure)
[846.998s][info][gc,heap        ] GC(2255) PSYoungGen: 302656K(316416K)->64K(316928K) Eden: 302592K(302592K)->0K(302592K) From: 64K(13824K)->64K(14336K)
[846.998s][info][gc,heap        ] GC(2255) ParOldGen: 563038K(563200K)->563046K(563200K)
[846.998s][info][gc,metaspace   ] GC(2255) Metaspace: 35691K(36352K)->35691K(36352K) NonClass: 26486K(27008K)->26486K(27008K) Class: 9204K(9344K)->9204K(9344K)
[846.998s][info][gc             ] GC(2255) Pause Young (Allocation Failure) 845M->549M(859M) 1.669ms
[846.998s][info][gc,cpu         ] GC(2255) User=0.00s Sys=0.00s Real=0.00s
[847.188s][info][gc,start       ] GC(2256) Pause Young (Allocation Failure)
[847.189s][info][gc,heap        ] GC(2256) PSYoungGen: 302656K(316928K)->64K(318976K) Eden: 302592K(302592K)->0K(306176K) From: 64K(14336K)->64K(12800K)
[847.189s][info][gc,heap        ] GC(2256) ParOldGen: 563046K(563200K)->563054K(563200K)
[847.189s][info][gc,metaspace   ] GC(2256) Metaspace: 35691K(36352K)->35691K(36352K) NonClass: 26486K(27008K)->26486K(27008K) Class: 9204K(9344K)->9204K(9344K)
[847.189s][info][gc             ] GC(2256) Pause Young (Allocation Failure) 845M->549M(861M) 1.607ms
[847.189s][info][gc,cpu         ] GC(2256) User=0.00s Sys=0.00s Real=0.00s
[848.086s][info][gc,start       ] GC(2257) Pause Young (Allocation Failure)
[848.087s][info][gc,heap        ] GC(2257) PSYoungGen: 306240K(318976K)->64K(318976K) Eden: 306176K(306176K)->0K(306176K) From: 64K(12800K)->64K(12800K)
[848.087s][info][gc,heap        ] GC(2257) ParOldGen: 563054K(563200K)->563062K(563200K)
[848.087s][info][gc,metaspace   ] GC(2257) Metaspace: 35691K(36352K)->35691K(36352K) NonClass: 26486K(27008K)->26486K(27008K) Class: 9204K(9344K)->9204K(9344K)
[848.087s][info][gc             ] GC(2257) Pause Young (Allocation Failure) 848M->549M(861M) 1.670ms
[848.087s][info][gc,cpu         ] GC(2257) User=0.01s Sys=0.00s Real=0.00s
[848.984s][info][gc,start       ] GC(2258) Pause Young (Allocation Failure)
[848.986s][info][gc,heap        ] GC(2258) PSYoungGen: 306240K(318976K)->64K(294400K) Eden: 306176K(306176K)->0K(293888K) From: 64K(12800K)->64K(512K)
[848.986s][info][gc,heap        ] GC(2258) ParOldGen: 563062K(563200K)->563070K(563200K)
[848.986s][info][gc,metaspace   ] GC(2258) Metaspace: 35691K(36352K)->35691K(36352K) NonClass: 26486K(27008K)->26486K(27008K) Class: 9204K(9344K)->9204K(9344K)
[848.986s][info][gc             ] GC(2258) Pause Young (Allocation Failure) 848M->549M(837M) 1.833ms
[848.986s][info][gc,cpu         ] GC(2258) User=0.00s Sys=0.00s Real=0.00s
[849.444s][info][gc,start       ] GC(2259) Pause Young (Allocation Failure)
[849.445s][info][gc,heap        ] GC(2259) PSYoungGen: 293952K(294400K)->64K(293376K) Eden: 293888K(293888K)->0K(282112K) From: 64K(512K)->64K(11264K)
[849.445s][info][gc,heap        ] GC(2259) ParOldGen: 563070K(563200K)->563078K(563200K)
[849.445s][info][gc,metaspace   ] GC(2259) Metaspace: 35691K(36352K)->35691K(36352K) NonClass: 26486K(27008K)->26486K(27008K) Class: 9204K(9344K)->9204K(9344K)
[849.445s][info][gc             ] GC(2259) Pause Young (Allocation Failure) 836M->549M(836M) 1.666ms
[849.445s][info][gc,cpu         ] GC(2259) User=0.00s Sys=0.00s Real=0.00s
[850.456s][info][gc,start       ] GC(2260) Pause Young (Allocation Failure)
[850.458s][info][gc,heap        ] GC(2260) PSYoungGen: 282176K(293376K)->64K(271360K) Eden: 282112K(282112K)->0K(270848K) From: 64K(11264K)->64K(512K)
[850.458s][info][gc,heap        ] GC(2260) ParOldGen: 563078K(563200K)->563086K(563200K)
[850.459s][info][gc,metaspace   ] GC(2260) Metaspace: 35691K(36352K)->35691K(36352K) NonClass: 26486K(27008K)->26486K(27008K) Class: 9204K(9344K)->9204K(9344K)
[850.459s][info][gc             ] GC(2260) Pause Young (Allocation Failure) 825M->549M(815M) 2.072ms
[850.459s][info][gc,cpu         ] GC(2260) User=0.00s Sys=0.00s Real=0.00s
[850.843s][info][gc,start       ] GC(2261) Pause Young (Allocation Failure)
[850.845s][info][gc,heap        ] GC(2261) PSYoungGen: 270912K(271360K)->64K(269824K) Eden: 270848K(270848K)->0K(260096K) From: 64K(512K)->64K(9728K)
[850.845s][info][gc,heap        ] GC(2261) ParOldGen: 563086K(563200K)->563094K(563200K)
[850.845s][info][gc,metaspace   ] GC(2261) Metaspace: 35691K(36352K)->35691K(36352K) NonClass: 26486K(27008K)->26486K(27008K) Class: 9204K(9344K)->9204K(9344K)
[850.845s][info][gc             ] GC(2261) Pause Young (Allocation Failure) 814M->549M(813M) 1.678ms
[850.845s][info][gc,cpu         ] GC(2261) User=0.00s Sys=0.00s Real=0.00s
[850.984s][info][gc,start       ] GC(2262) Pause Young (Allocation Failure)
[850.986s][info][gc,heap        ] GC(2262) PSYoungGen: 260160K(269824K)->64K(250368K) Eden: 260096K(260096K)->0K(249856K) From: 64K(9728K)->64K(512K)
[850.986s][info][gc,heap        ] GC(2262) ParOldGen: 563094K(563200K)->563102K(563200K)
[850.986s][info][gc,metaspace   ] GC(2262) Metaspace: 35691K(36352K)->35691K(36352K) NonClass: 26486K(27008K)->26486K(27008K) Class: 9204K(9344K)->9204K(9344K)
[850.986s][info][gc             ] GC(2262) Pause Young (Allocation Failure) 803M->549M(794M) 2.027ms
[850.986s][info][gc,cpu         ] GC(2262) User=0.00s Sys=0.00s Real=0.00s
[851.399s][info][gc,start       ] GC(2263) Pause Young (Allocation Failure)
[851.400s][info][gc,heap        ] GC(2263) PSYoungGen: 249920K(250368K)->64K(248832K) Eden: 249856K(249856K)->0K(240128K) From: 64K(512K)->64K(8704K)
[851.400s][info][gc,heap        ] GC(2263) ParOldGen: 563102K(563200K)->563110K(563200K)
[851.400s][info][gc,metaspace   ] GC(2263) Metaspace: 35691K(36352K)->35691K(36352K) NonClass: 26486K(27008K)->26486K(27008K) Class: 9204K(9344K)->9204K(9344K)
[851.400s][info][gc             ] GC(2263) Pause Young (Allocation Failure) 793M->549M(793M) 1.559ms
[851.400s][info][gc,cpu         ] GC(2263) User=0.00s Sys=0.00s Real=0.00s
[851.706s][info][gc,start       ] GC(2264) Pause Young (Allocation Failure)
[851.708s][info][gc,heap        ] GC(2264) PSYoungGen: 240192K(248832K)->64K(231424K) Eden: 240128K(240128K)->0K(230912K) From: 64K(8704K)->64K(512K)
[851.708s][info][gc,heap        ] GC(2264) ParOldGen: 563110K(563200K)->563118K(563200K)
[851.708s][info][gc,metaspace   ] GC(2264) Metaspace: 35691K(36352K)->35691K(36352K) NonClass: 26486K(27008K)->26486K(27008K) Class: 9204K(9344K)->9204K(9344K)
[851.708s][info][gc             ] GC(2264) Pause Young (Allocation Failure) 784M->549M(776M) 1.982ms
[851.708s][info][gc,cpu         ] GC(2264) User=0.00s Sys=0.00s Real=0.00s
[852.031s][info][gc,start       ] GC(2265) Pause Young (Allocation Failure)
[852.050s][info][gc,heap        ] GC(2265) PSYoungGen: 230976K(231424K)->7168K(283136K) Eden: 230912K(230912K)->0K(275968K) From: 64K(512K)->7168K(7168K)
[852.050s][info][gc,heap        ] GC(2265) ParOldGen: 563118K(563200K)->565638K(565760K)
[852.050s][info][gc,metaspace   ] GC(2265) Metaspace: 35691K(36352K)->35691K(36352K) NonClass: 26486K(27008K)->26486K(27008K) Class: 9204K(9344K)->9204K(9344K)
[852.050s][info][gc             ] GC(2265) Pause Young (Allocation Failure) 775M->559M(829M) 19.186ms
[852.050s][info][gc,cpu         ] GC(2265) User=0.03s Sys=0.00s Real=0.02s
[852.378s][info][gc,start       ] GC(2266) Pause Young (Allocation Failure)
[852.439s][info][gc,heap        ] GC(2266) PSYoungGen: 283136K(283136K)->8704K(276480K) Eden: 275968K(275968K)->0K(267776K) From: 7168K(7168K)->8704K(8704K)
[852.439s][info][gc,heap        ] GC(2266) ParOldGen: 565638K(565760K)->588230K(588288K)
[852.439s][info][gc,metaspace   ] GC(2266) Metaspace: 35691K(36352K)->35691K(36352K) NonClass: 26486K(27008K)->26486K(27008K) Class: 9204K(9344K)->9204K(9344K)
[852.439s][info][gc             ] GC(2266) Pause Young (Allocation Failure) 828M->582M(844M) 61.558ms
[852.439s][info][gc,cpu         ] GC(2266) User=0.11s Sys=0.01s Real=0.06s
[852.688s][info][gc,start       ] GC(2267) Pause Young (Allocation Failure)
[852.727s][info][gc,heap        ] GC(2267) PSYoungGen: 276480K(276480K)->19968K(287744K) Eden: 267776K(267776K)->0K(267776K) From: 8704K(8704K)->19968K(19968K)
[852.727s][info][gc,heap        ] GC(2267) ParOldGen: 588230K(588288K)->590582K(590848K)
[852.727s][info][gc,metaspace   ] GC(2267) Metaspace: 35691K(36352K)->35691K(36352K) NonClass: 26486K(27008K)->26486K(27008K) Class: 9204K(9344K)->9204K(9344K)
[852.727s][info][gc             ] GC(2267) Pause Young (Allocation Failure) 844M->596M(858M) 39.257ms
[852.727s][info][gc,cpu         ] GC(2267) User=0.08s Sys=0.01s Real=0.04s
[852.941s][info][gc,start       ] GC(2268) Pause Young (Allocation Failure)
[852.943s][info][gc,heap        ] GC(2268) PSYoungGen: 287744K(287744K)->64K(309248K) Eden: 267776K(267776K)->0K(284160K) From: 19968K(19968K)->64K(25088K)
[852.943s][info][gc,heap        ] GC(2268) ParOldGen: 590582K(590848K)->590638K(590848K)
[852.943s][info][gc,metaspace   ] GC(2268) Metaspace: 35691K(36352K)->35691K(36352K) NonClass: 26486K(27008K)->26486K(27008K) Class: 9204K(9344K)->9204K(9344K)
[852.943s][info][gc             ] GC(2268) Pause Young (Allocation Failure) 857M->576M(879M) 2.277ms
[852.943s][info][gc,cpu         ] GC(2268) User=0.01s Sys=0.00s Real=0.01s
[853.599s][info][gc,start       ] GC(2269) Pause Young (Allocation Failure)
[853.601s][info][gc,heap        ] GC(2269) PSYoungGen: 284224K(309248K)->64K(284672K) Eden: 284160K(284160K)->0K(284160K) From: 64K(25088K)->64K(512K)
[853.601s][info][gc,heap        ] GC(2269) ParOldGen: 590638K(590848K)->590646K(590848K)
[853.601s][info][gc,metaspace   ] GC(2269) Metaspace: 35691K(36352K)->35691K(36352K) NonClass: 26486K(27008K)->26486K(27008K) Class: 9204K(9344K)->9204K(9344K)
[853.601s][info][gc             ] GC(2269) Pause Young (Allocation Failure) 854M->576M(855M) 1.775ms
[853.601s][info][gc,cpu         ] GC(2269) User=0.00s Sys=0.00s Real=0.00s
[854.093s][info][gc,start       ] GC(2270) Pause Young (Allocation Failure)
[854.095s][info][gc,heap        ] GC(2270) PSYoungGen: 284224K(284672K)->64K(308736K) Eden: 284160K(284160K)->0K(285184K) From: 64K(512K)->64K(23552K)
[854.095s][info][gc,heap        ] GC(2270) ParOldGen: 590646K(590848K)->590662K(590848K)
[854.095s][info][gc,metaspace   ] GC(2270) Metaspace: 35691K(36352K)->35691K(36352K) NonClass: 26486K(27008K)->26486K(27008K) Class: 9204K(9344K)->9204K(9344K)
[854.095s][info][gc             ] GC(2270) Pause Young (Allocation Failure) 854M->576M(878M) 1.811ms
[854.095s][info][gc,cpu         ] GC(2270) User=0.00s Sys=0.00s Real=0.00s
[854.342s][info][gc,start       ] GC(2271) Pause Young (Allocation Failure)
[854.344s][info][gc,heap        ] GC(2271) PSYoungGen: 285248K(308736K)->64K(307712K) Eden: 285184K(285184K)->0K(285184K) From: 64K(23552K)->64K(22528K)
[854.344s][info][gc,heap        ] GC(2271) ParOldGen: 590662K(590848K)->590678K(590848K)
[854.344s][info][gc,metaspace   ] GC(2271) Metaspace: 35691K(36352K)->35691K(36352K) NonClass: 26486K(27008K)->26486K(27008K) Class: 9204K(9344K)->9204K(9344K)
[854.344s][info][gc             ] GC(2271) Pause Young (Allocation Failure) 855M->576M(877M) 1.933ms
[854.344s][info][gc,cpu         ] GC(2271) User=0.00s Sys=0.00s Real=0.00s
[854.581s][info][gc,start       ] GC(2272) Pause Young (Allocation Failure)
[854.582s][info][gc,heap        ] GC(2272) PSYoungGen: 285248K(307712K)->64K(310272K) Eden: 285184K(285184K)->0K(288768K) From: 64K(22528K)->64K(21504K)
[854.582s][info][gc,heap        ] GC(2272) ParOldGen: 590678K(590848K)->590678K(590848K)
[854.582s][info][gc,metaspace   ] GC(2272) Metaspace: 35691K(36352K)->35691K(36352K) NonClass: 26486K(27008K)->26486K(27008K) Class: 9204K(9344K)->9204K(9344K)
[854.582s][info][gc             ] GC(2272) Pause Young (Allocation Failure) 855M->576M(880M) 1.716ms
[854.582s][info][gc,cpu         ] GC(2272) User=0.00s Sys=0.00s Real=0.01s
[854.941s][info][gc,start       ] GC(2273) Pause Young (Allocation Failure)
[854.943s][info][gc,heap        ] GC(2273) PSYoungGen: 288832K(310272K)->64K(309248K) Eden: 288768K(288768K)->0K(288768K) From: 64K(21504K)->64K(20480K)
[854.943s][info][gc,heap        ] GC(2273) ParOldGen: 590678K(590848K)->590678K(590848K)
[854.943s][info][gc,metaspace   ] GC(2273) Metaspace: 35691K(36352K)->35691K(36352K) NonClass: 26486K(27008K)->26486K(27008K) Class: 9204K(9344K)->9204K(9344K)
[854.943s][info][gc             ] GC(2273) Pause Young (Allocation Failure) 858M->576M(879M) 1.734ms
[854.943s][info][gc,cpu         ] GC(2273) User=0.00s Sys=0.00s Real=0.01s
[854.993s][info][gc,start       ] GC(2274) Pause Young (Allocation Failure)
[854.995s][info][gc,heap        ] GC(2274) PSYoungGen: 288832K(309248K)->64K(312320K) Eden: 288768K(288768K)->0K(292864K) From: 64K(20480K)->64K(19456K)
[854.995s][info][gc,heap        ] GC(2274) ParOldGen: 590678K(590848K)->590694K(590848K)
[854.995s][info][gc,metaspace   ] GC(2274) Metaspace: 35691K(36352K)->35691K(36352K) NonClass: 26486K(27008K)->26486K(27008K) Class: 9204K(9344K)->9204K(9344K)
[854.995s][info][gc             ] GC(2274) Pause Young (Allocation Failure) 858M->576M(882M) 1.554ms
[854.995s][info][gc,cpu         ] GC(2274) User=0.00s Sys=0.00s Real=0.00s
[855.045s][info][gc,start       ] GC(2275) Pause Young (Allocation Failure)
[855.046s][info][gc,heap        ] GC(2275) PSYoungGen: 292928K(312320K)->64K(311296K) Eden: 292864K(292864K)->0K(292864K) From: 64K(19456K)->64K(18432K)
[855.046s][info][gc,heap        ] GC(2275) ParOldGen: 590694K(590848K)->590694K(590848K)
[855.046s][info][gc,metaspace   ] GC(2275) Metaspace: 35691K(36352K)->35691K(36352K) NonClass: 26486K(27008K)->26486K(27008K) Class: 9204K(9344K)->9204K(9344K)
[855.046s][info][gc             ] GC(2275) Pause Young (Allocation Failure) 862M->576M(881M) 1.577ms
[855.047s][info][gc,cpu         ] GC(2275) User=0.01s Sys=0.00s Real=0.00s
[855.301s][info][gc,start       ] GC(2276) Pause Young (Allocation Failure)
[855.302s][info][gc,heap        ] GC(2276) PSYoungGen: 292928K(311296K)->64K(314368K) Eden: 292864K(292864K)->0K(296960K) From: 64K(18432K)->64K(17408K)
[855.302s][info][gc,heap        ] GC(2276) ParOldGen: 590694K(590848K)->590694K(590848K)
[855.302s][info][gc,metaspace   ] GC(2276) Metaspace: 35691K(36352K)->35691K(36352K) NonClass: 26486K(27008K)->26486K(27008K) Class: 9204K(9344K)->9204K(9344K)
[855.302s][info][gc             ] GC(2276) Pause Young (Allocation Failure) 862M->576M(884M) 1.725ms
[855.302s][info][gc,cpu         ] GC(2276) User=0.00s Sys=0.00s Real=0.01s
[855.550s][info][gc,start       ] GC(2277) Pause Young (Allocation Failure)
[855.551s][info][gc,heap        ] GC(2277) PSYoungGen: 297024K(314368K)->64K(313344K) Eden: 296960K(296960K)->0K(296960K) From: 64K(17408K)->64K(16384K)
[855.551s][info][gc,heap        ] GC(2277) ParOldGen: 590694K(590848K)->590702K(590848K)
[855.551s][info][gc,metaspace   ] GC(2277) Metaspace: 35691K(36352K)->35691K(36352K) NonClass: 26486K(27008K)->26486K(27008K) Class: 9204K(9344K)->9204K(9344K)
[855.551s][info][gc             ] GC(2277) Pause Young (Allocation Failure) 866M->576M(883M) 1.678ms
[855.551s][info][gc,cpu         ] GC(2277) User=0.00s Sys=0.00s Real=0.00s
[855.651s][info][gc,start       ] GC(2278) Pause Young (Allocation Failure)
[855.652s][info][gc,heap        ] GC(2278) PSYoungGen: 297024K(313344K)->64K(316416K) Eden: 296960K(296960K)->0K(301056K) From: 64K(16384K)->64K(15360K)
[855.652s][info][gc,heap        ] GC(2278) ParOldGen: 590702K(590848K)->590710K(590848K)
[855.652s][info][gc,metaspace   ] GC(2278) Metaspace: 35691K(36352K)->35691K(36352K) NonClass: 26486K(27008K)->26486K(27008K) Class: 9204K(9344K)->9204K(9344K)
[855.652s][info][gc             ] GC(2278) Pause Young (Allocation Failure) 866M->576M(886M) 1.672ms
[855.652s][info][gc,cpu         ] GC(2278) User=0.00s Sys=0.00s Real=0.01s
[855.790s][info][gc,start       ] GC(2279) Pause Young (Allocation Failure)
[855.792s][info][gc,heap        ] GC(2279) PSYoungGen: 301120K(316416K)->64K(315904K) Eden: 301056K(301056K)->0K(301056K) From: 64K(15360K)->64K(14848K)
[855.792s][info][gc,heap        ] GC(2279) ParOldGen: 590710K(590848K)->590718K(590848K)
[855.792s][info][gc,metaspace   ] GC(2279) Metaspace: 35691K(36352K)->35691K(36352K) NonClass: 26486K(27008K)->26486K(27008K) Class: 9204K(9344K)->9204K(9344K)
[855.792s][info][gc             ] GC(2279) Pause Young (Allocation Failure) 870M->576M(885M) 1.638ms
[855.792s][info][gc,cpu         ] GC(2279) User=0.00s Sys=0.00s Real=0.01s
[856.192s][info][gc,start       ] GC(2280) Pause Young (Allocation Failure)
[856.194s][info][gc,heap        ] GC(2280) PSYoungGen: 301120K(315904K)->64K(317952K) Eden: 301056K(301056K)->0K(304640K) From: 64K(14848K)->64K(13312K)
[856.194s][info][gc,heap        ] GC(2280) ParOldGen: 590718K(590848K)->590726K(590848K)
[856.194s][info][gc,metaspace   ] GC(2280) Metaspace: 35691K(36352K)->35691K(36352K) NonClass: 26486K(27008K)->26486K(27008K) Class: 9204K(9344K)->9204K(9344K)
[856.194s][info][gc             ] GC(2280) Pause Young (Allocation Failure) 870M->576M(887M) 1.722ms
[856.194s][info][gc,cpu         ] GC(2280) User=0.00s Sys=0.01s Real=0.00s
[856.836s][info][gc,start       ] GC(2281) Pause Young (Allocation Failure)
[856.838s][info][gc,heap        ] GC(2281) PSYoungGen: 304704K(317952K)->83K(317440K) Eden: 304640K(304640K)->0K(304640K) From: 64K(13312K)->83K(12800K)
[856.838s][info][gc,heap        ] GC(2281) ParOldGen: 590726K(590848K)->590734K(590848K)
[856.838s][info][gc,metaspace   ] GC(2281) Metaspace: 35691K(36352K)->35691K(36352K) NonClass: 26486K(27008K)->26486K(27008K) Class: 9204K(9344K)->9204K(9344K)
[856.838s][info][gc             ] GC(2281) Pause Young (Allocation Failure) 874M->576M(887M) 1.700ms
[856.838s][info][gc,cpu         ] GC(2281) User=0.00s Sys=0.00s Real=0.00s
[857.816s][info][gc,start       ] GC(2282) Pause Young (Allocation Failure)
[857.818s][info][gc,heap        ] GC(2282) PSYoungGen: 304723K(317440K)->64K(292864K) Eden: 304640K(304640K)->0K(292352K) From: 83K(12800K)->64K(512K)
[857.818s][info][gc,heap        ] GC(2282) ParOldGen: 590734K(590848K)->590742K(590848K)
[857.818s][info][gc,metaspace   ] GC(2282) Metaspace: 35691K(36352K)->35691K(36352K) NonClass: 26486K(27008K)->26486K(27008K) Class: 9204K(9344K)->9204K(9344K)
[857.818s][info][gc             ] GC(2282) Pause Young (Allocation Failure) 874M->576M(863M) 1.789ms
[857.818s][info][gc,cpu         ] GC(2282) User=0.01s Sys=0.00s Real=0.00s
[858.327s][info][gc,start       ] GC(2283) Pause Young (Allocation Failure)
[858.328s][info][gc,heap        ] GC(2283) PSYoungGen: 292416K(292864K)->64K(291840K) Eden: 292352K(292352K)->0K(280576K) From: 64K(512K)->64K(11264K)
[858.328s][info][gc,heap        ] GC(2283) ParOldGen: 590742K(590848K)->590750K(590848K)
[858.328s][info][gc,metaspace   ] GC(2283) Metaspace: 35691K(36352K)->35691K(36352K) NonClass: 26486K(27008K)->26486K(27008K) Class: 9204K(9344K)->9204K(9344K)
[858.328s][info][gc             ] GC(2283) Pause Young (Allocation Failure) 862M->576M(862M) 1.681ms
[858.328s][info][gc,cpu         ] GC(2283) User=0.01s Sys=0.00s Real=0.00s
[859.299s][info][gc,start       ] GC(2284) Pause Young (Allocation Failure)
[859.301s][info][gc,heap        ] GC(2284) PSYoungGen: 280640K(291840K)->64K(269824K) Eden: 280576K(280576K)->0K(269312K) From: 64K(11264K)->64K(512K)
[859.301s][info][gc,heap        ] GC(2284) ParOldGen: 590750K(590848K)->590758K(590848K)
[859.301s][info][gc,metaspace   ] GC(2284) Metaspace: 35691K(36352K)->35691K(36352K) NonClass: 26486K(27008K)->26486K(27008K) Class: 9204K(9344K)->9204K(9344K)
[859.301s][info][gc             ] GC(2284) Pause Young (Allocation Failure) 850M->576M(840M) 1.844ms
[859.301s][info][gc,cpu         ] GC(2284) User=0.00s Sys=0.00s Real=0.00s
[859.669s][info][gc,start       ] GC(2285) Pause Young (Allocation Failure)
[859.671s][info][gc,heap        ] GC(2285) PSYoungGen: 269376K(269824K)->64K(268800K) Eden: 269312K(269312K)->0K(259072K) From: 64K(512K)->64K(9728K)
[859.671s][info][gc,heap        ] GC(2285) ParOldGen: 590758K(590848K)->590766K(590848K)
[859.671s][info][gc,metaspace   ] GC(2285) Metaspace: 35691K(36352K)->35691K(36352K) NonClass: 26486K(27008K)->26486K(27008K) Class: 9204K(9344K)->9204K(9344K)
[859.671s][info][gc             ] GC(2285) Pause Young (Allocation Failure) 839M->576M(839M) 1.685ms
[859.671s][info][gc,cpu         ] GC(2285) User=0.00s Sys=0.00s Real=0.00s
[859.772s][info][gc,start       ] GC(2286) Pause Young (Allocation Failure)
[859.774s][info][gc,heap        ] GC(2286) PSYoungGen: 259136K(268800K)->64K(249344K) Eden: 259072K(259072K)->0K(248832K) From: 64K(9728K)->64K(512K)
[859.774s][info][gc,heap        ] GC(2286) ParOldGen: 590766K(590848K)->590774K(590848K)
[859.774s][info][gc,metaspace   ] GC(2286) Metaspace: 35691K(36352K)->35691K(36352K) NonClass: 26486K(27008K)->26486K(27008K) Class: 9204K(9344K)->9204K(9344K)
[859.774s][info][gc             ] GC(2286) Pause Young (Allocation Failure) 829M->576M(820M) 1.762ms
[859.774s][info][gc,cpu         ] GC(2286) User=0.01s Sys=0.00s Real=0.00s
[860.351s][info][gc,start       ] GC(2287) Pause Young (Allocation Failure)
[860.352s][info][gc,heap        ] GC(2287) PSYoungGen: 248896K(249344K)->64K(247808K) Eden: 248832K(248832K)->0K(239104K) From: 64K(512K)->64K(8704K)
[860.353s][info][gc,heap        ] GC(2287) ParOldGen: 590774K(590848K)->590782K(590848K)
[860.353s][info][gc,metaspace   ] GC(2287) Metaspace: 35691K(36352K)->35691K(36352K) NonClass: 26486K(27008K)->26486K(27008K) Class: 9204K(9344K)->9204K(9344K)
[860.353s][info][gc             ] GC(2287) Pause Young (Allocation Failure) 819M->576M(819M) 1.689ms
[860.353s][info][gc,cpu         ] GC(2287) User=0.00s Sys=0.00s Real=0.01s
[860.570s][info][gc,start       ] GC(2288) Pause Young (Allocation Failure)
[860.572s][info][gc,heap        ] GC(2288) PSYoungGen: 239168K(247808K)->64K(230400K) Eden: 239104K(239104K)->0K(229888K) From: 64K(8704K)->64K(512K)
[860.572s][info][gc,heap        ] GC(2288) ParOldGen: 590782K(590848K)->590790K(590848K)
[860.572s][info][gc,metaspace   ] GC(2288) Metaspace: 35691K(36352K)->35691K(36352K) NonClass: 26486K(27008K)->26486K(27008K) Class: 9204K(9344K)->9204K(9344K)
[860.572s][info][gc             ] GC(2288) Pause Young (Allocation Failure) 810M->577M(802M) 2.052ms
[860.572s][info][gc,cpu         ] GC(2288) User=0.00s Sys=0.00s Real=0.01s
[860.878s][info][gc,start       ] GC(2289) Pause Young (Allocation Failure)
[860.933s][info][gc,heap        ] GC(2289) PSYoungGen: 229952K(230400K)->7168K(282624K) Eden: 229888K(229888K)->0K(275456K) From: 64K(512K)->7168K(7168K)
[860.934s][info][gc,heap        ] GC(2289) ParOldGen: 590790K(590848K)->604022K(604160K)
[860.934s][info][gc,metaspace   ] GC(2289) Metaspace: 35691K(36352K)->35691K(36352K) NonClass: 26486K(27008K)->26486K(27008K) Class: 9204K(9344K)->9204K(9344K)
[860.934s][info][gc             ] GC(2289) Pause Young (Allocation Failure) 801M->596M(866M) 55.455ms
[860.934s][info][gc,cpu         ] GC(2289) User=0.07s Sys=0.01s Real=0.06s
[861.262s][info][gc,start       ] GC(2290) Pause Young (Allocation Failure)
[861.328s][info][gc,heap        ] GC(2290) PSYoungGen: 282624K(282624K)->13824K(279552K) Eden: 275456K(275456K)->0K(265728K) From: 7168K(7168K)->13824K(13824K)
[861.328s][info][gc,heap        ] GC(2290) ParOldGen: 604022K(604160K)->621718K(622080K)
[861.329s][info][gc,metaspace   ] GC(2290) Metaspace: 35691K(36352K)->35691K(36352K) NonClass: 26486K(27008K)->26486K(27008K) Class: 9204K(9344K)->9204K(9344K)
[861.329s][info][gc             ] GC(2290) Pause Young (Allocation Failure) 865M->620M(880M) 66.187ms
[861.329s][info][gc,cpu         ] GC(2290) User=0.12s Sys=0.01s Real=0.06s
[861.489s][info][gc,start       ] GC(2291) Pause Young (Allocation Failure)
[861.511s][info][gc,heap        ] GC(2291) PSYoungGen: 279552K(279552K)->11104K(289280K) Eden: 265728K(265728K)->0K(265728K) From: 13824K(13824K)->11104K(23552K)
[861.511s][info][gc,heap        ] GC(2291) ParOldGen: 621718K(622080K)->622198K(622592K)
[861.511s][info][gc,metaspace   ] GC(2291) Metaspace: 35691K(36352K)->35691K(36352K) NonClass: 26486K(27008K)->26486K(27008K) Class: 9204K(9344K)->9204K(9344K)
[861.511s][info][gc             ] GC(2291) Pause Young (Allocation Failure) 880M->618M(890M) 21.625ms
[861.511s][info][gc,cpu         ] GC(2291) User=0.04s Sys=0.00s Real=0.02s
[861.919s][info][gc,start       ] GC(2292) Pause Young (Allocation Failure)
[861.921s][info][gc,heap        ] GC(2292) PSYoungGen: 276832K(289280K)->64K(308736K) Eden: 265728K(265728K)->0K(286208K) From: 11104K(23552K)->64K(22528K)
[861.921s][info][gc,heap        ] GC(2292) ParOldGen: 622198K(622592K)->622206K(622592K)
[861.921s][info][gc,metaspace   ] GC(2292) Metaspace: 35691K(36352K)->35691K(36352K) NonClass: 26486K(27008K)->26486K(27008K) Class: 9204K(9344K)->9204K(9344K)
[861.921s][info][gc             ] GC(2292) Pause Young (Allocation Failure) 877M->607M(909M) 1.854ms
[861.921s][info][gc,cpu         ] GC(2292) User=0.00s Sys=0.00s Real=0.00s
[862.468s][info][gc,start       ] GC(2293) Pause Young (Allocation Failure)
[862.470s][info][gc,heap        ] GC(2293) PSYoungGen: 286272K(308736K)->64K(309248K) Eden: 286208K(286208K)->0K(286208K) From: 64K(22528K)->64K(23040K)
[862.470s][info][gc,heap        ] GC(2293) ParOldGen: 622206K(622592K)->622214K(622592K)
[862.470s][info][gc,metaspace   ] GC(2293) Metaspace: 35691K(36352K)->35691K(36352K) NonClass: 26486K(27008K)->26486K(27008K) Class: 9204K(9344K)->9204K(9344K)
[862.470s][info][gc             ] GC(2293) Pause Young (Allocation Failure) 887M->607M(910M) 1.866ms
[862.470s][info][gc,cpu         ] GC(2293) User=0.00s Sys=0.00s Real=0.00s
[862.935s][info][gc,start       ] GC(2294) Pause Young (Allocation Failure)
[862.937s][info][gc,heap        ] GC(2294) PSYoungGen: 286272K(309248K)->64K(308736K) Eden: 286208K(286208K)->0K(288256K) From: 64K(23040K)->64K(20480K)
[862.937s][info][gc,heap        ] GC(2294) ParOldGen: 622214K(622592K)->622230K(622592K)
[862.937s][info][gc,metaspace   ] GC(2294) Metaspace: 35691K(36352K)->35691K(36352K) NonClass: 26486K(27008K)->26486K(27008K) Class: 9204K(9344K)->9204K(9344K)
[862.937s][info][gc             ] GC(2294) Pause Young (Allocation Failure) 887M->607M(909M) 1.815ms
[862.937s][info][gc,cpu         ] GC(2294) User=0.00s Sys=0.00s Real=0.00s
[863.174s][info][gc,start       ] GC(2295) Pause Young (Allocation Failure)
[863.176s][info][gc,heap        ] GC(2295) PSYoungGen: 288320K(308736K)->64K(309760K) Eden: 288256K(288256K)->0K(288256K) From: 64K(20480K)->64K(21504K)
[863.176s][info][gc,heap        ] GC(2295) ParOldGen: 622230K(622592K)->622246K(622592K)
[863.176s][info][gc,metaspace   ] GC(2295) Metaspace: 35691K(36352K)->35691K(36352K) NonClass: 26486K(27008K)->26486K(27008K) Class: 9204K(9344K)->9204K(9344K)
[863.176s][info][gc             ] GC(2295) Pause Young (Allocation Failure) 889M->607M(910M) 1.784ms
[863.176s][info][gc,cpu         ] GC(2295) User=0.00s Sys=0.00s Real=0.00s
[863.413s][info][gc,start       ] GC(2296) Pause Young (Allocation Failure)
[863.415s][info][gc,heap        ] GC(2296) PSYoungGen: 288320K(309760K)->64K(310272K) Eden: 288256K(288256K)->0K(291840K) From: 64K(21504K)->64K(18432K)
[863.415s][info][gc,heap        ] GC(2296) ParOldGen: 622246K(622592K)->622246K(622592K)
[863.415s][info][gc,metaspace   ] GC(2296) Metaspace: 35691K(36352K)->35691K(36352K) NonClass: 26486K(27008K)->26486K(27008K) Class: 9204K(9344K)->9204K(9344K)
[863.415s][info][gc             ] GC(2296) Pause Young (Allocation Failure) 889M->607M(911M) 1.799ms
[863.415s][info][gc,cpu         ] GC(2296) User=0.01s Sys=0.00s Real=0.00s
[863.706s][info][gc,start       ] GC(2297) Pause Young (Allocation Failure)
[863.707s][info][gc,heap        ] GC(2297) PSYoungGen: 291904K(310272K)->64K(311296K) Eden: 291840K(291840K)->0K(291840K) From: 64K(18432K)->64K(19456K)
[863.707s][info][gc,heap        ] GC(2297) ParOldGen: 622246K(622592K)->622246K(622592K)
[863.708s][info][gc,metaspace   ] GC(2297) Metaspace: 35691K(36352K)->35691K(36352K) NonClass: 26486K(27008K)->26486K(27008K) Class: 9204K(9344K)->9204K(9344K)
[863.708s][info][gc             ] GC(2297) Pause Young (Allocation Failure) 892M->607M(912M) 1.683ms
[863.708s][info][gc,cpu         ] GC(2297) User=0.00s Sys=0.00s Real=0.00s
[863.757s][info][gc,start       ] GC(2298) Pause Young (Allocation Failure)
[863.759s][info][gc,heap        ] GC(2298) PSYoungGen: 291904K(311296K)->64K(313344K) Eden: 291840K(291840K)->0K(295936K) From: 64K(19456K)->64K(17408K)
[863.759s][info][gc,heap        ] GC(2298) ParOldGen: 622246K(622592K)->622262K(622592K)
[863.759s][info][gc,metaspace   ] GC(2298) Metaspace: 35691K(36352K)->35691K(36352K) NonClass: 26486K(27008K)->26486K(27008K) Class: 9204K(9344K)->9204K(9344K)
[863.759s][info][gc             ] GC(2298) Pause Young (Allocation Failure) 892M->607M(914M) 1.673ms
[863.759s][info][gc,cpu         ] GC(2298) User=0.00s Sys=0.00s Real=0.00s
[863.868s][info][gc,start       ] GC(2299) Pause Young (Allocation Failure)
[863.870s][info][gc,heap        ] GC(2299) PSYoungGen: 296000K(313344K)->64K(313856K) Eden: 295936K(295936K)->0K(295936K) From: 64K(17408K)->64K(17920K)
[863.870s][info][gc,heap        ] GC(2299) ParOldGen: 622262K(622592K)->622262K(622592K)
[863.870s][info][gc,metaspace   ] GC(2299) Metaspace: 35691K(36352K)->35691K(36352K) NonClass: 26486K(27008K)->26486K(27008K) Class: 9204K(9344K)->9204K(9344K)
[863.870s][info][gc             ] GC(2299) Pause Young (Allocation Failure) 896M->607M(914M) 1.706ms
[863.870s][info][gc,cpu         ] GC(2299) User=0.00s Sys=0.00s Real=0.00s
[864.151s][info][gc,start       ] GC(2300) Pause Young (Allocation Failure)
[864.153s][info][gc,heap        ] GC(2300) PSYoungGen: 296000K(313856K)->64K(314368K) Eden: 295936K(295936K)->0K(299008K) From: 64K(17920K)->64K(15360K)
[864.153s][info][gc,heap        ] GC(2300) ParOldGen: 622262K(622592K)->622278K(622592K)
[864.153s][info][gc,metaspace   ] GC(2300) Metaspace: 35691K(36352K)->35691K(36352K) NonClass: 26486K(27008K)->26486K(27008K) Class: 9204K(9344K)->9204K(9344K)
[864.153s][info][gc             ] GC(2300) Pause Young (Allocation Failure) 896M->607M(915M) 1.688ms
[864.153s][info][gc,cpu         ] GC(2300) User=0.01s Sys=0.00s Real=0.01s
[864.342s][info][gc,start       ] GC(2301) Pause Young (Allocation Failure)
[864.344s][info][gc,heap        ] GC(2301) PSYoungGen: 299072K(314368K)->64K(314880K) Eden: 299008K(299008K)->0K(299008K) From: 64K(15360K)->64K(15872K)
[864.344s][info][gc,heap        ] GC(2301) ParOldGen: 622278K(622592K)->622278K(622592K)
[864.344s][info][gc,metaspace   ] GC(2301) Metaspace: 35691K(36352K)->35691K(36352K) NonClass: 26486K(27008K)->26486K(27008K) Class: 9204K(9344K)->9204K(9344K)
[864.344s][info][gc             ] GC(2301) Pause Young (Allocation Failure) 899M->607M(915M) 1.904ms
[864.344s][info][gc,cpu         ] GC(2301) User=0.01s Sys=0.00s Real=0.00s
[864.425s][info][gc,start       ] GC(2302) Pause Young (Allocation Failure)
[864.427s][info][gc,heap        ] GC(2302) PSYoungGen: 299072K(314880K)->64K(316416K) Eden: 299008K(299008K)->0K(303104K) From: 64K(15872K)->64K(13312K)
[864.427s][info][gc,heap        ] GC(2302) ParOldGen: 622278K(622592K)->622294K(622592K)
[864.427s][info][gc,metaspace   ] GC(2302) Metaspace: 35691K(36352K)->35691K(36352K) NonClass: 26486K(27008K)->26486K(27008K) Class: 9204K(9344K)->9204K(9344K)
[864.427s][info][gc             ] GC(2302) Pause Young (Allocation Failure) 899M->607M(917M) 1.759ms
[864.427s][info][gc,cpu         ] GC(2302) User=0.00s Sys=0.00s Real=0.00s
[864.604s][info][gc,start       ] GC(2303) Pause Young (Allocation Failure)
[864.606s][info][gc,heap        ] GC(2303) PSYoungGen: 303168K(316416K)->64K(316928K) Eden: 303104K(303104K)->0K(303104K) From: 64K(13312K)->64K(13824K)
[864.606s][info][gc,heap        ] GC(2303) ParOldGen: 622294K(622592K)->622294K(622592K)
[864.606s][info][gc,metaspace   ] GC(2303) Metaspace: 35691K(36352K)->35691K(36352K) NonClass: 26486K(27008K)->26486K(27008K) Class: 9204K(9344K)->9204K(9344K)
[864.606s][info][gc             ] GC(2303) Pause Young (Allocation Failure) 903M->607M(917M) 1.756ms
[864.606s][info][gc,cpu         ] GC(2303) User=0.00s Sys=0.00s Real=0.00s
[865.547s][info][gc,start       ] GC(2304) Pause Young (Allocation Failure)
[865.549s][info][gc,heap        ] GC(2304) PSYoungGen: 303168K(316928K)->64K(317952K) Eden: 303104K(303104K)->0K(306688K) From: 64K(13824K)->64K(11264K)
[865.549s][info][gc,heap        ] GC(2304) ParOldGen: 622294K(622592K)->622302K(622592K)
[865.549s][info][gc,metaspace   ] GC(2304) Metaspace: 35691K(36352K)->35691K(36352K) NonClass: 26486K(27008K)->26486K(27008K) Class: 9204K(9344K)->9204K(9344K)
[865.549s][info][gc             ] GC(2304) Pause Young (Allocation Failure) 903M->607M(918M) 1.990ms
[865.549s][info][gc,cpu         ] GC(2304) User=0.00s Sys=0.00s Real=0.00s
[866.391s][info][gc,start       ] GC(2305) Pause Young (Allocation Failure)
[866.393s][info][gc,heap        ] GC(2305) PSYoungGen: 306752K(317952K)->64K(294912K) Eden: 306688K(306688K)->0K(294400K) From: 64K(11264K)->64K(512K)
[866.393s][info][gc,heap        ] GC(2305) ParOldGen: 622302K(622592K)->622310K(622592K)
[866.393s][info][gc,metaspace   ] GC(2305) Metaspace: 35691K(36352K)->35691K(36352K) NonClass: 26486K(27008K)->26486K(27008K) Class: 9204K(9344K)->9204K(9344K)
[866.393s][info][gc             ] GC(2305) Pause Young (Allocation Failure) 907M->607M(896M) 1.904ms
[866.393s][info][gc,cpu         ] GC(2305) User=0.00s Sys=0.00s Real=0.01s
[866.782s][info][gc,start       ] GC(2306) Pause Young (Allocation Failure)
[866.783s][info][gc,heap        ] GC(2306) PSYoungGen: 294464K(294912K)->64K(283136K) Eden: 294400K(294400K)->0K(282624K) From: 64K(512K)->64K(512K)
[866.783s][info][gc,heap        ] GC(2306) ParOldGen: 622310K(622592K)->622318K(622592K)
[866.783s][info][gc,metaspace   ] GC(2306) Metaspace: 35691K(36352K)->35691K(36352K) NonClass: 26486K(27008K)->26486K(27008K) Class: 9204K(9344K)->9204K(9344K)
[866.783s][info][gc             ] GC(2306) Pause Young (Allocation Failure) 895M->607M(884M) 1.829ms
[866.783s][info][gc,cpu         ] GC(2306) User=0.00s Sys=0.00s Real=0.01s
[867.850s][info][gc,start       ] GC(2307) Pause Young (Allocation Failure)
[867.852s][info][gc,heap        ] GC(2307) PSYoungGen: 282688K(283136K)->64K(282112K) Eden: 282624K(282624K)->0K(271360K) From: 64K(512K)->64K(10752K)
[867.852s][info][gc,heap        ] GC(2307) ParOldGen: 622318K(622592K)->622326K(622592K)
[867.852s][info][gc,metaspace   ] GC(2307) Metaspace: 35691K(36352K)->35691K(36352K) NonClass: 26486K(27008K)->26486K(27008K) Class: 9204K(9344K)->9204K(9344K)
[867.852s][info][gc             ] GC(2307) Pause Young (Allocation Failure) 883M->607M(883M) 1.815ms
[867.852s][info][gc,cpu         ] GC(2307) User=0.01s Sys=0.00s Real=0.01s
[868.254s][info][gc,start       ] GC(2308) Pause Young (Allocation Failure)
[868.257s][info][gc,heap        ] GC(2308) PSYoungGen: 271424K(282112K)->64K(261120K) Eden: 271360K(271360K)->0K(260608K) From: 64K(10752K)->64K(512K)
[868.257s][info][gc,heap        ] GC(2308) ParOldGen: 622326K(622592K)->622334K(622592K)
[868.257s][info][gc,metaspace   ] GC(2308) Metaspace: 35691K(36352K)->35691K(36352K) NonClass: 26486K(27008K)->26486K(27008K) Class: 9204K(9344K)->9204K(9344K)
[868.257s][info][gc             ] GC(2308) Pause Young (Allocation Failure) 872M->607M(863M) 2.282ms
[868.257s][info][gc,cpu         ] GC(2308) User=0.00s Sys=0.00s Real=0.00s
[868.426s][info][gc,start       ] GC(2309) Pause Young (Allocation Failure)
[868.427s][info][gc,heap        ] GC(2309) PSYoungGen: 260672K(261120K)->64K(259584K) Eden: 260608K(260608K)->0K(250368K) From: 64K(512K)->64K(9216K)
[868.427s][info][gc,heap        ] GC(2309) ParOldGen: 622334K(622592K)->622342K(622592K)
[868.427s][info][gc,metaspace   ] GC(2309) Metaspace: 35691K(36352K)->35691K(36352K) NonClass: 26486K(27008K)->26486K(27008K) Class: 9204K(9344K)->9204K(9344K)
[868.427s][info][gc             ] GC(2309) Pause Young (Allocation Failure) 862M->607M(861M) 1.591ms
[868.427s][info][gc,cpu         ] GC(2309) User=0.00s Sys=0.00s Real=0.00s
[868.667s][info][gc,start       ] GC(2310) Pause Young (Allocation Failure)
[868.669s][info][gc,heap        ] GC(2310) PSYoungGen: 250432K(259584K)->64K(241152K) Eden: 250368K(250368K)->0K(240640K) From: 64K(9216K)->64K(512K)
[868.669s][info][gc,heap        ] GC(2310) ParOldGen: 622342K(622592K)->622350K(622592K)
[868.669s][info][gc,metaspace   ] GC(2310) Metaspace: 35691K(36352K)->35691K(36352K) NonClass: 26486K(27008K)->26486K(27008K) Class: 9204K(9344K)->9204K(9344K)
[868.669s][info][gc             ] GC(2310) Pause Young (Allocation Failure) 852M->607M(843M) 2.273ms
[868.669s][info][gc,cpu         ] GC(2310) User=0.00s Sys=0.00s Real=0.00s
[869.107s][info][gc,start       ] GC(2311) Pause Young (Allocation Failure)
[869.108s][info][gc,heap        ] GC(2311) PSYoungGen: 240704K(241152K)->64K(239616K) Eden: 240640K(240640K)->0K(231424K) From: 64K(512K)->64K(8192K)
[869.108s][info][gc,heap        ] GC(2311) ParOldGen: 622350K(622592K)->622358K(622592K)
[869.108s][info][gc,metaspace   ] GC(2311) Metaspace: 35691K(36352K)->35691K(36352K) NonClass: 26486K(27008K)->26486K(27008K) Class: 9204K(9344K)->9204K(9344K)
[869.108s][info][gc             ] GC(2311) Pause Young (Allocation Failure) 842M->607M(842M) 1.625ms
[869.108s][info][gc,cpu         ] GC(2311) User=0.00s Sys=0.00s Real=0.00s
[869.407s][info][gc,start       ] GC(2312) Pause Young (Allocation Failure)
[869.412s][info][gc,heap        ] GC(2312) PSYoungGen: 231488K(239616K)->1248K(224256K) Eden: 231424K(231424K)->0K(222720K) From: 64K(8192K)->1248K(1536K)
[869.412s][info][gc,heap        ] GC(2312) ParOldGen: 622358K(622592K)->622374K(622592K)
[869.412s][info][gc,metaspace   ] GC(2312) Metaspace: 35691K(36352K)->35691K(36352K) NonClass: 26486K(27008K)->26486K(27008K) Class: 9204K(9344K)->9204K(9344K)
[869.412s][info][gc             ] GC(2312) Pause Young (Allocation Failure) 833M->609M(827M) 4.825ms
[869.412s][info][gc,cpu         ] GC(2312) User=0.01s Sys=0.00s Real=0.01s
[869.677s][info][gc,start       ] GC(2313) Pause Young (Allocation Failure)
[869.743s][info][gc,heap        ] GC(2313) PSYoungGen: 223968K(224256K)->7168K(273920K) Eden: 222720K(222720K)->0K(266752K) From: 1248K(1536K)->7168K(7168K)
[869.743s][info][gc,heap        ] GC(2313) ParOldGen: 622374K(622592K)->640414K(640512K)
[869.743s][info][gc,metaspace   ] GC(2313) Metaspace: 35691K(36352K)->35691K(36352K) NonClass: 26486K(27008K)->26486K(27008K) Class: 9204K(9344K)->9204K(9344K)
[869.743s][info][gc             ] GC(2313) Pause Young (Allocation Failure) 826M->632M(893M) 66.127ms
[869.743s][info][gc,cpu         ] GC(2313) User=0.09s Sys=0.01s Real=0.07s
[870.058s][info][gc,start       ] GC(2314) Pause Young (Allocation Failure)
[870.122s][info][gc,heap        ] GC(2314) PSYoungGen: 273920K(273920K)->15360K(272896K) Eden: 266752K(266752K)->0K(257536K) From: 7168K(7168K)->15360K(15360K)
[870.122s][info][gc,heap        ] GC(2314) ParOldGen: 640414K(640512K)->655718K(655872K)
[870.122s][info][gc,metaspace   ] GC(2314) Metaspace: 35691K(36352K)->35691K(36352K) NonClass: 26486K(27008K)->26486K(27008K) Class: 9204K(9344K)->9204K(9344K)
[870.122s][info][gc             ] GC(2314) Pause Young (Allocation Failure) 892M->655M(907M) 64.869ms
[870.122s][info][gc,cpu         ] GC(2314) User=0.11s Sys=0.01s Real=0.07s
[870.240s][info][gc,start       ] GC(2315) Pause Full (Allocation Failure)
[870.240s][info][gc,phases,start] GC(2315) Marking Phase
[870.288s][info][gc,phases      ] GC(2315) Marking Phase 47.255ms
[870.288s][info][gc,phases,start] GC(2315) Summary Phase
[870.288s][info][gc,phases      ] GC(2315) Summary Phase 0.024ms
[870.288s][info][gc,phases,start] GC(2315) Forward
[870.298s][info][gc,phases      ] GC(2315) Forward 10.005ms
[870.298s][info][gc,phases,start] GC(2315) Adjust Pointers
[870.321s][info][gc,phases      ] GC(2315) Adjust Pointers 23.296ms
[870.321s][info][gc,phases,start] GC(2315) Compaction Phase
[870.330s][info][gc,phases      ] GC(2315) Compaction Phase 8.839ms
[870.330s][info][gc,phases,start] GC(2315) Post Compact
[870.332s][info][metaspace      ] ChkMgr @0x00007f507003f1d0 (non-class-space): : reclaiming memory...
[870.332s][info][metaspace      ] ChkMgr @0x00007f507003f1d0 (non-class-space): nothing reclaimed.
[870.332s][info][metaspace      ] ChkMgr @0x00007f507003efe0 (class-space): : reclaiming memory...
[870.332s][info][metaspace      ] ChkMgr @0x00007f507003efe0 (class-space): nothing reclaimed.
[870.333s][info][gc,phases      ] GC(2315) Post Compact 2.619ms
[870.370s][info][gc,heap        ] GC(2315) PSYoungGen: 272896K(272896K)->0K(282112K) Eden: 257536K(257536K)->0K(257536K) From: 15360K(15360K)->0K(24576K)
[870.370s][info][gc,heap        ] GC(2315) ParOldGen: 655718K(655872K)->62156K(175104K)
[870.370s][info][gc,metaspace   ] GC(2315) Metaspace: 35691K(36352K)->35649K(36352K) NonClass: 26486K(27008K)->26445K(27008K) Class: 9204K(9344K)->9204K(9344K)
[870.370s][info][gc             ] GC(2315) Pause Full (Allocation Failure) 906M->60M(446M) 129.359ms
[870.370s][info][gc,cpu         ] GC(2315) User=0.15s Sys=0.04s Real=0.13s
[870.831s][info][gc,start       ] GC(2316) Pause Young (Allocation Failure)
[870.835s][info][gc,heap        ] GC(2316) PSYoungGen: 257536K(282112K)->64K(307200K) Eden: 257536K(257536K)->0K(284672K) From: 0K(24576K)->64K(22528K)
[870.835s][info][gc,heap        ] GC(2316) ParOldGen: 62156K(175104K)->62156K(175104K)
[870.835s][info][gc,metaspace   ] GC(2316) Metaspace: 35649K(36352K)->35649K(36352K) NonClass: 26445K(27008K)->26445K(27008K) Class: 9204K(9344K)->9204K(9344K)
[870.835s][info][gc             ] GC(2316) Pause Young (Allocation Failure) 312M->60M(471M) 4.231ms
[870.835s][info][gc,cpu         ] GC(2316) User=0.01s Sys=0.00s Real=0.01s
[871.335s][info][gc,start       ] GC(2317) Pause Young (Allocation Failure)
[871.336s][info][gc,heap        ] GC(2317) PSYoungGen: 284736K(307200K)->64K(308224K) Eden: 284672K(284672K)->0K(284672K) From: 64K(22528K)->64K(23552K)
[871.336s][info][gc,heap        ] GC(2317) ParOldGen: 62156K(175104K)->62172K(175104K)
[871.336s][info][gc,metaspace   ] GC(2317) Metaspace: 35649K(36352K)->35649K(36352K) NonClass: 26445K(27008K)->26445K(27008K) Class: 9204K(9344K)->9204K(9344K)
[871.336s][info][gc             ] GC(2317) Pause Young (Allocation Failure) 338M->60M(472M) 0.980ms
[871.336s][info][gc,cpu         ] GC(2317) User=0.01s Sys=0.00s Real=0.00s
[871.807s][info][gc,start       ] GC(2318) Pause Young (Allocation Failure)
[871.808s][info][gc,heap        ] GC(2318) PSYoungGen: 284736K(308224K)->32K(309248K) Eden: 284672K(284672K)->0K(287744K) From: 64K(23552K)->32K(21504K)
[871.808s][info][gc,heap        ] GC(2318) ParOldGen: 62172K(175104K)->62188K(175104K)
[871.808s][info][gc,metaspace   ] GC(2318) Metaspace: 35649K(36352K)->35649K(36352K) NonClass: 26445K(27008K)->26445K(27008K) Class: 9204K(9344K)->9204K(9344K)
[871.808s][info][gc             ] GC(2318) Pause Young (Allocation Failure) 338M->60M(473M) 1.086ms
[871.808s][info][gc,cpu         ] GC(2318) User=0.00s Sys=0.00s Real=0.00s
[872.048s][info][gc,start       ] GC(2319) Pause Young (Allocation Failure)
[872.049s][info][gc,heap        ] GC(2319) PSYoungGen: 287776K(309248K)->32K(309760K) Eden: 287744K(287744K)->0K(287744K) From: 32K(21504K)->32K(22016K)
[872.049s][info][gc,heap        ] GC(2319) ParOldGen: 62188K(175104K)->62196K(175104K)
[872.049s][info][gc,metaspace   ] GC(2319) Metaspace: 35649K(36352K)->35649K(36352K) NonClass: 26445K(27008K)->26445K(27008K) Class: 9204K(9344K)->9204K(9344K)
[872.049s][info][gc             ] GC(2319) Pause Young (Allocation Failure) 341M->60M(473M) 0.962ms
[872.049s][info][gc,cpu         ] GC(2319) User=0.00s Sys=0.00s Real=0.00s
[872.403s][info][gc,start       ] GC(2320) Pause Young (Allocation Failure)
[872.404s][info][gc,heap        ] GC(2320) PSYoungGen: 287776K(309760K)->64K(310272K) Eden: 287744K(287744K)->0K(290816K) From: 32K(22016K)->64K(19456K)
[872.404s][info][gc,heap        ] GC(2320) ParOldGen: 62196K(175104K)->62196K(175104K)
[872.404s][info][gc,metaspace   ] GC(2320) Metaspace: 35649K(36352K)->35649K(36352K) NonClass: 26445K(27008K)->26445K(27008K) Class: 9204K(9344K)->9204K(9344K)
[872.404s][info][gc             ] GC(2320) Pause Young (Allocation Failure) 341M->60M(474M) 1.189ms
[872.404s][info][gc,cpu         ] GC(2320) User=0.00s Sys=0.00s Real=0.00s
[872.570s][info][gc,start       ] GC(2321) Pause Young (Allocation Failure)
[872.571s][info][gc,heap        ] GC(2321) PSYoungGen: 290880K(310272K)->32K(310784K) Eden: 290816K(290816K)->0K(290816K) From: 64K(19456K)->32K(19968K)
[872.571s][info][gc,heap        ] GC(2321) ParOldGen: 62196K(175104K)->62204K(175104K)
[872.571s][info][gc,metaspace   ] GC(2321) Metaspace: 35649K(36352K)->35649K(36352K) NonClass: 26445K(27008K)->26445K(27008K) Class: 9204K(9344K)->9204K(9344K)
[872.571s][info][gc             ] GC(2321) Pause Young (Allocation Failure) 344M->60M(474M) 0.953ms
[872.571s][info][gc,cpu         ] GC(2321) User=0.00s Sys=0.00s Real=0.00s
[872.621s][info][gc,start       ] GC(2322) Pause Young (Allocation Failure)
[872.622s][info][gc,heap        ] GC(2322) PSYoungGen: 290848K(310784K)->32K(312320K) Eden: 290816K(290816K)->0K(294912K) From: 32K(19968K)->32K(17408K)
[872.622s][info][gc,heap        ] GC(2322) ParOldGen: 62204K(175104K)->62212K(175104K)
[872.622s][info][gc,metaspace   ] GC(2322) Metaspace: 35649K(36352K)->35649K(36352K) NonClass: 26445K(27008K)->26445K(27008K) Class: 9204K(9344K)->9204K(9344K)
[872.622s][info][gc             ] GC(2322) Pause Young (Allocation Failure) 344M->60M(476M) 0.881ms
[872.622s][info][gc,cpu         ] GC(2322) User=0.00s Sys=0.00s Real=0.01s
[872.748s][info][gc,start       ] GC(2323) Pause Young (Allocation Failure)
[872.749s][info][gc,heap        ] GC(2323) PSYoungGen: 294944K(312320K)->32K(312832K) Eden: 294912K(294912K)->0K(294912K) From: 32K(17408K)->32K(17920K)
[872.749s][info][gc,heap        ] GC(2323) ParOldGen: 62212K(175104K)->62212K(175104K)
[872.749s][info][gc,metaspace   ] GC(2323) Metaspace: 35649K(36352K)->35649K(36352K) NonClass: 26445K(27008K)->26445K(27008K) Class: 9204K(9344K)->9204K(9344K)
[872.749s][info][gc             ] GC(2323) Pause Young (Allocation Failure) 348M->60M(476M) 0.939ms
[872.749s][info][gc,cpu         ] GC(2323) User=0.01s Sys=0.00s Real=0.00s
[873.032s][info][gc,start       ] GC(2324) Pause Young (Allocation Failure)
[873.033s][info][gc,heap        ] GC(2324) PSYoungGen: 294944K(312832K)->32K(314368K) Eden: 294912K(294912K)->0K(299008K) From: 32K(17920K)->32K(15360K)
[873.033s][info][gc,heap        ] GC(2324) ParOldGen: 62212K(175104K)->62220K(175104K)
[873.033s][info][gc,metaspace   ] GC(2324) Metaspace: 35649K(36352K)->35649K(36352K) NonClass: 26445K(27008K)->26445K(27008K) Class: 9204K(9344K)->9204K(9344K)
[873.033s][info][gc             ] GC(2324) Pause Young (Allocation Failure) 348M->60M(478M) 1.079ms
[873.033s][info][gc,cpu         ] GC(2324) User=0.00s Sys=0.00s Real=0.00s
[873.210s][info][gc,start       ] GC(2325) Pause Young (Allocation Failure)
[873.211s][info][gc,heap        ] GC(2325) PSYoungGen: 299040K(314368K)->64K(314880K) Eden: 299008K(299008K)->0K(299008K) From: 32K(15360K)->64K(15872K)
[873.211s][info][gc,heap        ] GC(2325) ParOldGen: 62220K(175104K)->62220K(175104K)
[873.211s][info][gc,metaspace   ] GC(2325) Metaspace: 35650K(36352K)->35650K(36352K) NonClass: 26446K(27008K)->26446K(27008K) Class: 9204K(9344K)->9204K(9344K)
[873.211s][info][gc             ] GC(2325) Pause Young (Allocation Failure) 352M->60M(478M) 1.080ms
[873.211s][info][gc,cpu         ] GC(2325) User=0.00s Sys=0.00s Real=0.00s
[873.292s][info][gc,start       ] GC(2326) Pause Young (Allocation Failure)
[873.293s][info][gc,heap        ] GC(2326) PSYoungGen: 299072K(314880K)->32K(316416K) Eden: 299008K(299008K)->0K(303104K) From: 64K(15872K)->32K(13312K)
[873.293s][info][gc,heap        ] GC(2326) ParOldGen: 62220K(175104K)->62236K(175104K)
[873.293s][info][gc,metaspace   ] GC(2326) Metaspace: 35650K(36352K)->35650K(36352K) NonClass: 26446K(27008K)->26446K(27008K) Class: 9204K(9344K)->9204K(9344K)
[873.293s][info][gc             ] GC(2326) Pause Young (Allocation Failure) 352M->60M(480M) 0.908ms
[873.293s][info][gc,cpu         ] GC(2326) User=0.00s Sys=0.00s Real=0.00s
[873.480s][info][gc,start       ] GC(2327) Pause Young (Allocation Failure)
[873.481s][info][gc,heap        ] GC(2327) PSYoungGen: 303136K(316416K)->64K(291328K) Eden: 303104K(303104K)->0K(290816K) From: 32K(13312K)->64K(512K)
[873.481s][info][gc,heap        ] GC(2327) ParOldGen: 62236K(175104K)->62236K(175104K)
[873.481s][info][gc,metaspace   ] GC(2327) Metaspace: 35650K(36352K)->35650K(36352K) NonClass: 26446K(27008K)->26446K(27008K) Class: 9204K(9344K)->9204K(9344K)
[873.481s][info][gc             ] GC(2327) Pause Young (Allocation Failure) 356M->60M(455M) 1.006ms
[873.481s][info][gc,cpu         ] GC(2327) User=0.00s Sys=0.00s Real=0.00s
[874.398s][info][gc,start       ] GC(2328) Pause Young (Allocation Failure)
[874.399s][info][gc,heap        ] GC(2328) PSYoungGen: 290880K(291328K)->32K(280064K) Eden: 290816K(290816K)->0K(279552K) From: 64K(512K)->32K(512K)
[874.399s][info][gc,heap        ] GC(2328) ParOldGen: 62236K(175104K)->62252K(175104K)
[874.399s][info][gc,metaspace   ] GC(2328) Metaspace: 35650K(36352K)->35650K(36352K) NonClass: 26446K(27008K)->26446K(27008K) Class: 9204K(9344K)->9204K(9344K)
[874.399s][info][gc             ] GC(2328) Pause Young (Allocation Failure) 344M->60M(444M) 1.210ms
[874.399s][info][gc,cpu         ] GC(2328) User=0.00s Sys=0.00s Real=0.00s
[875.229s][info][gc,start       ] GC(2329) Pause Young (Allocation Failure)
[875.230s][info][gc,heap        ] GC(2329) PSYoungGen: 279584K(280064K)->64K(281088K) Eden: 279552K(279552K)->0K(268800K) From: 32K(512K)->64K(12288K)
[875.230s][info][gc,heap        ] GC(2329) ParOldGen: 62252K(175104K)->62260K(175104K)
[875.230s][info][gc,metaspace   ] GC(2329) Metaspace: 35650K(36352K)->35650K(36352K) NonClass: 26446K(27008K)->26446K(27008K) Class: 9204K(9344K)->9204K(9344K)
[875.230s][info][gc             ] GC(2329) Pause Young (Allocation Failure) 333M->60M(445M) 1.155ms
[875.230s][info][gc,cpu         ] GC(2329) User=0.00s Sys=0.00s Real=0.00s
[875.540s][info][gc,start       ] GC(2330) Pause Young (Allocation Failure)
[875.542s][info][gc,heap        ] GC(2330) PSYoungGen: 268864K(281088K)->64K(259072K) Eden: 268800K(268800K)->0K(258560K) From: 64K(12288K)->64K(512K)
[875.542s][info][gc,heap        ] GC(2330) ParOldGen: 62260K(175104K)->62276K(175104K)
[875.542s][info][gc,metaspace   ] GC(2330) Metaspace: 35650K(36352K)->35650K(36352K) NonClass: 26446K(27008K)->26446K(27008K) Class: 9204K(9344K)->9204K(9344K)
[875.542s][info][gc             ] GC(2330) Pause Young (Allocation Failure) 323M->60M(424M) 1.872ms
[875.542s][info][gc,cpu         ] GC(2330) User=0.00s Sys=0.00s Real=0.01s
[875.945s][info][gc,start       ] GC(2331) Pause Young (Allocation Failure)
[875.946s][info][gc,heap        ] GC(2331) PSYoungGen: 258624K(259072K)->32K(259584K) Eden: 258560K(258560K)->0K(248832K) From: 64K(512K)->32K(10752K)
[875.946s][info][gc,heap        ] GC(2331) ParOldGen: 62276K(175104K)->62292K(175104K)
[875.946s][info][gc,metaspace   ] GC(2331) Metaspace: 35650K(36352K)->35650K(36352K) NonClass: 26446K(27008K)->26446K(27008K) Class: 9204K(9344K)->9204K(9344K)
[875.946s][info][gc             ] GC(2331) Pause Young (Allocation Failure) 313M->60M(424M) 0.872ms
[875.946s][info][gc,cpu         ] GC(2331) User=0.00s Sys=0.00s Real=0.00s
[876.873s][info][gc,start       ] GC(2332) Pause Young (Allocation Failure)
[876.874s][info][gc,heap        ] GC(2332) PSYoungGen: 248864K(259584K)->64K(239616K) Eden: 248832K(248832K)->0K(239104K) From: 32K(10752K)->64K(512K)
[876.874s][info][gc,heap        ] GC(2332) ParOldGen: 62292K(175104K)->62300K(175104K)
[876.874s][info][gc,metaspace   ] GC(2332) Metaspace: 35650K(36352K)->35650K(36352K) NonClass: 26446K(27008K)->26446K(27008K) Class: 9204K(9344K)->9204K(9344K)
[876.874s][info][gc             ] GC(2332) Pause Young (Allocation Failure) 303M->60M(405M) 1.460ms
[876.874s][info][gc,cpu         ] GC(2332) User=0.00s Sys=0.00s Real=0.00s
[877.232s][info][gc,start       ] GC(2333) Pause Young (Allocation Failure)
[877.233s][info][gc,heap        ] GC(2333) PSYoungGen: 239168K(239616K)->64K(239104K) Eden: 239104K(239104K)->0K(229888K) From: 64K(512K)->64K(9216K)
[877.233s][info][gc,heap        ] GC(2333) ParOldGen: 62300K(175104K)->62316K(175104K)
[877.233s][info][gc,metaspace   ] GC(2333) Metaspace: 35650K(36352K)->35650K(36352K) NonClass: 26446K(27008K)->26446K(27008K) Class: 9204K(9344K)->9204K(9344K)
[877.233s][info][gc             ] GC(2333) Pause Young (Allocation Failure) 294M->60M(404M) 0.797ms
[877.233s][info][gc,cpu         ] GC(2333) User=0.00s Sys=0.00s Real=0.00s
[877.298s][info][gc,start       ] GC(2334) Pause Young (Allocation Failure)
[877.299s][info][gc,heap        ] GC(2334) PSYoungGen: 229952K(239104K)->64K(221696K) Eden: 229888K(229888K)->0K(221184K) From: 64K(9216K)->64K(512K)
[877.299s][info][gc,heap        ] GC(2334) ParOldGen: 62316K(175104K)->62332K(175104K)
[877.299s][info][gc,metaspace   ] GC(2334) Metaspace: 35650K(36352K)->35650K(36352K) NonClass: 26446K(27008K)->26446K(27008K) Class: 9204K(9344K)->9204K(9344K)
[877.299s][info][gc             ] GC(2334) Pause Young (Allocation Failure) 285M->60M(387M) 1.321ms
[877.299s][info][gc,cpu         ] GC(2334) User=0.00s Sys=0.01s Real=0.00s
[877.724s][info][gc,start       ] GC(2335) Pause Young (Allocation Failure)
[877.724s][info][gc,heap        ] GC(2335) PSYoungGen: 221248K(221696K)->64K(221184K) Eden: 221184K(221184K)->0K(212992K) From: 64K(512K)->64K(8192K)
[877.724s][info][gc,heap        ] GC(2335) ParOldGen: 62332K(175104K)->62340K(175104K)
[877.724s][info][gc,metaspace   ] GC(2335) Metaspace: 35650K(36352K)->35650K(36352K) NonClass: 26446K(27008K)->26446K(27008K) Class: 9204K(9344K)->9204K(9344K)
[877.724s][info][gc             ] GC(2335) Pause Young (Allocation Failure) 276M->60M(387M) 0.876ms
[877.724s][info][gc,cpu         ] GC(2335) User=0.00s Sys=0.00s Real=0.00s
[877.978s][info][gc,start       ] GC(2336) Pause Young (Allocation Failure)
[877.980s][info][gc,heap        ] GC(2336) PSYoungGen: 213056K(221184K)->64K(205824K) Eden: 212992K(212992K)->0K(205312K) From: 64K(8192K)->64K(512K)
[877.980s][info][gc,heap        ] GC(2336) ParOldGen: 62340K(175104K)->62348K(175104K)
[877.980s][info][gc,metaspace   ] GC(2336) Metaspace: 35650K(36352K)->35650K(36352K) NonClass: 26446K(27008K)->26446K(27008K) Class: 9204K(9344K)->9204K(9344K)
[877.980s][info][gc             ] GC(2336) Pause Young (Allocation Failure) 268M->60M(372M) 1.403ms
[877.980s][info][gc,cpu         ] GC(2336) User=0.00s Sys=0.00s Real=0.00s
[878.275s][info][gc,start       ] GC(2337) Pause Young (Allocation Failure)
[878.285s][info][gc,heap        ] GC(2337) PSYoungGen: 205375K(205824K)->5024K(249344K) Eden: 205311K(205312K)->0K(244224K) From: 64K(512K)->5024K(5120K)
[878.285s][info][gc,heap        ] GC(2337) ParOldGen: 62348K(175104K)->62356K(175104K)
[878.285s][info][gc,metaspace   ] GC(2337) Metaspace: 35650K(36352K)->35650K(36352K) NonClass: 26446K(27008K)->26446K(27008K) Class: 9204K(9344K)->9204K(9344K)
[878.285s][info][gc             ] GC(2337) Pause Young (Allocation Failure) 261M->65M(414M) 9.625ms
[878.285s][info][gc,cpu         ] GC(2337) User=0.01s Sys=0.00s Real=0.01s
[878.572s][info][gc,start       ] GC(2338) Pause Young (Allocation Failure)
[878.613s][info][gc,heap        ] GC(2338) PSYoungGen: 249248K(249344K)->8192K(251392K) Eden: 244224K(244224K)->0K(243200K) From: 5024K(5120K)->8192K(8192K)
[878.613s][info][gc,heap        ] GC(2338) ParOldGen: 62356K(175104K)->81804K(175104K)
[878.614s][info][gc,metaspace   ] GC(2338) Metaspace: 35650K(36352K)->35650K(36352K) NonClass: 26446K(27008K)->26446K(27008K) Class: 9204K(9344K)->9204K(9344K)
[878.614s][info][gc             ] GC(2338) Pause Young (Allocation Failure) 304M->87M(416M) 41.266ms
[878.614s][info][gc,cpu         ] GC(2338) User=0.08s Sys=0.00s Real=0.04s
[878.902s][info][gc,start       ] GC(2339) Pause Young (Allocation Failure)
[878.947s][info][gc,heap        ] GC(2339) PSYoungGen: 251392K(251392K)->17408K(260608K) Eden: 243200K(243200K)->0K(243200K) From: 8192K(8192K)->17408K(17408K)
[878.947s][info][gc,heap        ] GC(2339) ParOldGen: 81804K(175104K)->92428K(175104K)
[878.947s][info][gc,metaspace   ] GC(2339) Metaspace: 35650K(36352K)->35650K(36352K) NonClass: 26446K(27008K)->26446K(27008K) Class: 9204K(9344K)->9204K(9344K)
[878.947s][info][gc             ] GC(2339) Pause Young (Allocation Failure) 325M->107M(425M) 44.646ms
[878.947s][info][gc,cpu         ] GC(2339) User=0.09s Sys=0.00s Real=0.04s
[879.037s][info][gc,start       ] GC(2340) Pause Young (Allocation Failure)
[879.045s][info][gc,heap        ] GC(2340) PSYoungGen: 260608K(260608K)->2528K(310272K) Eden: 243200K(243200K)->0K(285184K) From: 17408K(17408K)->2528K(25088K)
[879.046s][info][gc,heap        ] GC(2340) ParOldGen: 92428K(175104K)->92708K(175104K)
[879.046s][info][gc,metaspace   ] GC(2340) Metaspace: 35650K(36352K)->35650K(36352K) NonClass: 26446K(27008K)->26446K(27008K) Class: 9204K(9344K)->9204K(9344K)
[879.046s][info][gc             ] GC(2340) Pause Young (Allocation Failure) 344M->93M(474M) 8.218ms
[879.046s][info][gc,cpu         ] GC(2340) User=0.02s Sys=0.00s Real=0.01s
[879.615s][info][gc,start       ] GC(2341) Pause Young (Allocation Failure)
[879.616s][info][gc,heap        ] GC(2341) PSYoungGen: 287712K(310272K)->64K(285696K) Eden: 285184K(285184K)->0K(285184K) From: 2528K(25088K)->64K(512K)
[879.616s][info][gc,heap        ] GC(2341) ParOldGen: 92708K(175104K)->92716K(175104K)
[879.616s][info][gc,metaspace   ] GC(2341) Metaspace: 35650K(36352K)->35650K(36352K) NonClass: 26446K(27008K)->26446K(27008K) Class: 9204K(9344K)->9204K(9344K)
[879.616s][info][gc             ] GC(2341) Pause Young (Allocation Failure) 371M->90M(450M) 0.778ms
[879.616s][info][gc,cpu         ] GC(2341) User=0.00s Sys=0.00s Real=0.00s
[880.056s][info][gc,start       ] GC(2342) Pause Young (Allocation Failure)
[880.057s][info][gc,heap        ] GC(2342) PSYoungGen: 285248K(285696K)->64K(309248K) Eden: 285184K(285184K)->0K(286208K) From: 64K(512K)->64K(23040K)
[880.057s][info][gc,heap        ] GC(2342) ParOldGen: 92716K(175104K)->92724K(175104K)
[880.057s][info][gc,metaspace   ] GC(2342) Metaspace: 35650K(36352K)->35650K(36352K) NonClass: 26446K(27008K)->26446K(27008K) Class: 9204K(9344K)->9204K(9344K)
[880.057s][info][gc             ] GC(2342) Pause Young (Allocation Failure) 369M->90M(473M) 0.806ms
[880.057s][info][gc,cpu         ] GC(2342) User=0.00s Sys=0.00s Real=0.00s
[880.524s][info][gc,start       ] GC(2343) Pause Young (Allocation Failure)
[880.524s][info][gc,heap        ] GC(2343) PSYoungGen: 286272K(309248K)->64K(308224K) Eden: 286208K(286208K)->0K(286208K) From: 64K(23040K)->64K(22016K)
[880.524s][info][gc,heap        ] GC(2343) ParOldGen: 92724K(175104K)->92740K(175104K)
[880.524s][info][gc,metaspace   ] GC(2343) Metaspace: 35650K(36352K)->35650K(36352K) NonClass: 26446K(27008K)->26446K(27008K) Class: 9204K(9344K)->9204K(9344K)
[880.524s][info][gc             ] GC(2343) Pause Young (Allocation Failure) 370M->90M(472M) 0.714ms
[880.524s][info][gc,cpu         ] GC(2343) User=0.00s Sys=0.00s Real=0.00s
[880.759s][info][gc,start       ] GC(2344) Pause Young (Allocation Failure)
[880.760s][info][gc,heap        ] GC(2344) PSYoungGen: 286272K(308224K)->64K(310784K) Eden: 286208K(286208K)->0K(289792K) From: 64K(22016K)->64K(20992K)
[880.760s][info][gc,heap        ] GC(2344) ParOldGen: 92740K(175104K)->92756K(175104K)
[880.760s][info][gc,metaspace   ] GC(2344) Metaspace: 35650K(36352K)->35650K(36352K) NonClass: 26446K(27008K)->26446K(27008K) Class: 9204K(9344K)->9204K(9344K)
[880.760s][info][gc             ] GC(2344) Pause Young (Allocation Failure) 370M->90M(474M) 0.624ms
[880.760s][info][gc,cpu         ] GC(2344) User=0.00s Sys=0.00s Real=0.00s
[881.122s][info][gc,start       ] GC(2345) Pause Young (Allocation Failure)
[881.122s][info][gc,heap        ] GC(2345) PSYoungGen: 289856K(310784K)->64K(309760K) Eden: 289792K(289792K)->0K(289792K) From: 64K(20992K)->64K(19968K)
[881.122s][info][gc,heap        ] GC(2345) ParOldGen: 92756K(175104K)->92756K(175104K)
[881.122s][info][gc,metaspace   ] GC(2345) Metaspace: 35650K(36352K)->35650K(36352K) NonClass: 26446K(27008K)->26446K(27008K) Class: 9204K(9344K)->9204K(9344K)
[881.122s][info][gc             ] GC(2345) Pause Young (Allocation Failure) 373M->90M(473M) 0.620ms
[881.122s][info][gc,cpu         ] GC(2345) User=0.00s Sys=0.00s Real=0.00s
[881.245s][info][gc,start       ] GC(2346) Pause Young (Allocation Failure)
[881.245s][info][gc,heap        ] GC(2346) PSYoungGen: 289856K(309760K)->64K(312832K) Eden: 289792K(289792K)->0K(293888K) From: 64K(19968K)->64K(18944K)
[881.245s][info][gc,heap        ] GC(2346) ParOldGen: 92756K(175104K)->92764K(175104K)
[881.245s][info][gc,metaspace   ] GC(2346) Metaspace: 35650K(36352K)->35650K(36352K) NonClass: 26446K(27008K)->26446K(27008K) Class: 9204K(9344K)->9204K(9344K)
[881.245s][info][gc             ] GC(2346) Pause Young (Allocation Failure) 373M->90M(476M) 0.609ms
[881.245s][info][gc,cpu         ] GC(2346) User=0.00s Sys=0.00s Real=0.00s
[881.298s][info][gc,start       ] GC(2347) Pause Young (Allocation Failure)
[881.299s][info][gc,heap        ] GC(2347) PSYoungGen: 293952K(312832K)->64K(312320K) Eden: 293888K(293888K)->0K(293888K) From: 64K(18944K)->64K(18432K)
[881.299s][info][gc,heap        ] GC(2347) ParOldGen: 92764K(175104K)->92780K(175104K)
[881.299s][info][gc,metaspace   ] GC(2347) Metaspace: 35650K(36352K)->35650K(36352K) NonClass: 26446K(27008K)->26446K(27008K) Class: 9204K(9344K)->9204K(9344K)
[881.299s][info][gc             ] GC(2347) Pause Young (Allocation Failure) 377M->90M(476M) 0.556ms
[881.299s][info][gc,cpu         ] GC(2347) User=0.00s Sys=0.00s Real=0.00s
[881.462s][info][gc,start       ] GC(2348) Pause Young (Allocation Failure)
[881.462s][info][gc,heap        ] GC(2348) PSYoungGen: 293952K(312320K)->64K(314368K) Eden: 293888K(293888K)->0K(297472K) From: 64K(18432K)->64K(16896K)
[881.462s][info][gc,heap        ] GC(2348) ParOldGen: 92780K(175104K)->92780K(175104K)
[881.462s][info][gc,metaspace   ] GC(2348) Metaspace: 35650K(36352K)->35650K(36352K) NonClass: 26446K(27008K)->26446K(27008K) Class: 9204K(9344K)->9204K(9344K)
[881.462s][info][gc             ] GC(2348) Pause Young (Allocation Failure) 377M->90M(478M) 0.576ms
[881.462s][info][gc,cpu         ] GC(2348) User=0.00s Sys=0.00s Real=0.00s
[881.738s][info][gc,start       ] GC(2349) Pause Young (Allocation Failure)
[881.739s][info][gc,heap        ] GC(2349) PSYoungGen: 297536K(314368K)->64K(286208K) Eden: 297472K(297472K)->0K(285696K) From: 64K(16896K)->64K(512K)
[881.739s][info][gc,heap        ] GC(2349) ParOldGen: 92780K(175104K)->92788K(175104K)
[881.739s][info][gc,metaspace   ] GC(2349) Metaspace: 35650K(36352K)->35650K(36352K) NonClass: 26446K(27008K)->26446K(27008K) Class: 9204K(9344K)->9204K(9344K)
[881.739s][info][gc             ] GC(2349) Pause Young (Allocation Failure) 381M->90M(450M) 0.633ms
[881.739s][info][gc,cpu         ] GC(2349) User=0.01s Sys=0.00s Real=0.00s
[881.888s][info][gc,start       ] GC(2350) Pause Young (Allocation Failure)
[881.889s][info][gc,heap        ] GC(2350) PSYoungGen: 285760K(286208K)->64K(276480K) Eden: 285696K(285696K)->0K(274432K) From: 64K(512K)->64K(2048K)
[881.889s][info][gc,heap        ] GC(2350) ParOldGen: 92788K(175104K)->92796K(175104K)
[881.889s][info][gc,metaspace   ] GC(2350) Metaspace: 35650K(36352K)->35650K(36352K) NonClass: 26446K(27008K)->26446K(27008K) Class: 9204K(9344K)->9204K(9344K)
[881.889s][info][gc             ] GC(2350) Pause Young (Allocation Failure) 369M->90M(441M) 0.876ms
[881.889s][info][gc,cpu         ] GC(2350) User=0.00s Sys=0.00s Real=0.00s
[881.963s][info][gc,start       ] GC(2351) Pause Young (Allocation Failure)
[881.964s][info][gc,heap        ] GC(2351) PSYoungGen: 274496K(276480K)->32K(264192K) Eden: 274432K(274432K)->0K(263680K) From: 64K(2048K)->32K(512K)
[881.964s][info][gc,heap        ] GC(2351) ParOldGen: 92796K(175104K)->92812K(175104K)
[881.964s][info][gc,metaspace   ] GC(2351) Metaspace: 35650K(36352K)->35650K(36352K) NonClass: 26446K(27008K)->26446K(27008K) Class: 9204K(9344K)->9204K(9344K)
[881.964s][info][gc             ] GC(2351) Pause Young (Allocation Failure) 358M->90M(429M) 0.896ms
[881.964s][info][gc,cpu         ] GC(2351) User=0.00s Sys=0.00s Real=0.00s
[882.128s][info][gc,start       ] GC(2352) Pause Young (Allocation Failure)
[882.130s][info][gc,heap        ] GC(2352) PSYoungGen: 263712K(264192K)->32K(253952K) Eden: 263680K(263680K)->0K(253440K) From: 32K(512K)->32K(512K)
[882.130s][info][gc,heap        ] GC(2352) ParOldGen: 92812K(175104K)->92812K(175104K)
[882.130s][info][gc,metaspace   ] GC(2352) Metaspace: 35650K(36352K)->35650K(36352K) NonClass: 26446K(27008K)->26446K(27008K) Class: 9204K(9344K)->9204K(9344K)
[882.130s][info][gc             ] GC(2352) Pause Young (Allocation Failure) 348M->90M(419M) 1.816ms
[882.130s][info][gc,cpu         ] GC(2352) User=0.00s Sys=0.00s Real=0.00s
[883.053s][info][gc,start       ] GC(2353) Pause Young (Allocation Failure)
[883.054s][info][gc,heap        ] GC(2353) PSYoungGen: 253472K(253952K)->32K(256512K) Eden: 253440K(253440K)->0K(243712K) From: 32K(512K)->32K(12800K)
[883.054s][info][gc,heap        ] GC(2353) ParOldGen: 92812K(175104K)->92820K(175104K)
[883.054s][info][gc,metaspace   ] GC(2353) Metaspace: 35650K(36352K)->35650K(36352K) NonClass: 26446K(27008K)->26446K(27008K) Class: 9204K(9344K)->9204K(9344K)
[883.055s][info][gc             ] GC(2353) Pause Young (Allocation Failure) 338M->90M(421M) 1.247ms
[883.055s][info][gc,cpu         ] GC(2353) User=0.00s Sys=0.00s Real=0.00s
[883.224s][info][gc,start       ] GC(2354) Pause Young (Allocation Failure)
[883.225s][info][gc,heap        ] GC(2354) PSYoungGen: 243744K(256512K)->32K(235008K) Eden: 243712K(243712K)->0K(234496K) From: 32K(12800K)->32K(512K)
[883.225s][info][gc,heap        ] GC(2354) ParOldGen: 92820K(175104K)->92828K(175104K)
[883.225s][info][gc,metaspace   ] GC(2354) Metaspace: 35650K(36352K)->35650K(36352K) NonClass: 26446K(27008K)->26446K(27008K) Class: 9204K(9344K)->9204K(9344K)
[883.225s][info][gc             ] GC(2354) Pause Young (Allocation Failure) 328M->90M(400M) 1.931ms
[883.225s][info][gc,cpu         ] GC(2354) User=0.00s Sys=0.00s Real=0.00s
[883.998s][info][gc,start       ] GC(2355) Pause Young (Allocation Failure)
[883.999s][info][gc,heap        ] GC(2355) PSYoungGen: 234528K(235008K)->64K(237056K) Eden: 234496K(234496K)->0K(225792K) From: 32K(512K)->64K(11264K)
[883.999s][info][gc,heap        ] GC(2355) ParOldGen: 92828K(175104K)->92836K(175104K)
[883.999s][info][gc,metaspace   ] GC(2355) Metaspace: 35650K(36352K)->35650K(36352K) NonClass: 26446K(27008K)->26446K(27008K) Class: 9204K(9344K)->9204K(9344K)
[883.999s][info][gc             ] GC(2355) Pause Young (Allocation Failure) 319M->90M(402M) 0.978ms
[883.999s][info][gc,cpu         ] GC(2355) User=0.00s Sys=0.00s Real=0.00s
[884.370s][info][gc,start       ] GC(2356) Pause Young (Allocation Failure)
[884.372s][info][gc,heap        ] GC(2356) PSYoungGen: 225856K(237056K)->32K(218112K) Eden: 225792K(225792K)->0K(217600K) From: 64K(11264K)->32K(512K)
[884.372s][info][gc,heap        ] GC(2356) ParOldGen: 92836K(175104K)->92852K(175104K)
[884.372s][info][gc,metaspace   ] GC(2356) Metaspace: 35650K(36352K)->35650K(36352K) NonClass: 26446K(27008K)->26446K(27008K) Class: 9204K(9344K)->9204K(9344K)
[884.372s][info][gc             ] GC(2356) Pause Young (Allocation Failure) 311M->90M(384M) 1.672ms
[884.372s][info][gc,cpu         ] GC(2356) User=0.00s Sys=0.00s Real=0.01s
[885.342s][info][gc,start       ] GC(2357) Pause Young (Allocation Failure)
[885.344s][info][gc,heap        ] GC(2357) PSYoungGen: 217632K(218112K)->32K(219136K) Eden: 217600K(217600K)->0K(209408K) From: 32K(512K)->32K(9728K)
[885.344s][info][gc,heap        ] GC(2357) ParOldGen: 92852K(175104K)->92860K(175104K)
[885.344s][info][gc,metaspace   ] GC(2357) Metaspace: 35650K(36352K)->35650K(36352K) NonClass: 26446K(27008K)->26446K(27008K) Class: 9204K(9344K)->9204K(9344K)
[885.344s][info][gc             ] GC(2357) Pause Young (Allocation Failure) 303M->90M(385M) 1.108ms
[885.344s][info][gc,cpu         ] GC(2357) User=0.00s Sys=0.00s Real=0.00s
[885.549s][info][gc,start       ] GC(2358) Pause Young (Allocation Failure)
[885.551s][info][gc,heap        ] GC(2358) PSYoungGen: 209440K(219136K)->64K(202240K) Eden: 209408K(209408K)->0K(201728K) From: 32K(9728K)->64K(512K)
[885.551s][info][gc,heap        ] GC(2358) ParOldGen: 92860K(175104K)->92868K(175104K)
[885.551s][info][gc,metaspace   ] GC(2358) Metaspace: 35650K(36352K)->35650K(36352K) NonClass: 26446K(27008K)->26446K(27008K) Class: 9204K(9344K)->9204K(9344K)
[885.551s][info][gc             ] GC(2358) Pause Young (Allocation Failure) 295M->90M(368M) 1.942ms
[885.551s][info][gc,cpu         ] GC(2358) User=0.01s Sys=0.01s Real=0.00s
[885.867s][info][gc,start       ] GC(2359) Pause Young (Allocation Failure)
[885.868s][info][gc,heap        ] GC(2359) PSYoungGen: 201792K(202240K)->64K(203264K) Eden: 201728K(201728K)->0K(194560K) From: 64K(512K)->64K(8704K)
[885.868s][info][gc,heap        ] GC(2359) ParOldGen: 92868K(175104K)->92884K(175104K)
[885.868s][info][gc,metaspace   ] GC(2359) Metaspace: 35650K(36352K)->35650K(36352K) NonClass: 26446K(27008K)->26446K(27008K) Class: 9204K(9344K)->9204K(9344K)
[885.868s][info][gc             ] GC(2359) Pause Young (Allocation Failure) 287M->90M(369M) 0.969ms
[885.868s][info][gc,cpu         ] GC(2359) User=0.00s Sys=0.00s Real=0.00s
[885.953s][info][gc,start       ] GC(2360) Pause Young (Allocation Failure)
[885.955s][info][gc,heap        ] GC(2360) PSYoungGen: 194624K(203264K)->64K(187904K) Eden: 194560K(194560K)->0K(187392K) From: 64K(8704K)->64K(512K)
[885.955s][info][gc,heap        ] GC(2360) ParOldGen: 92884K(175104K)->92900K(175104K)
[885.955s][info][gc,metaspace   ] GC(2360) Metaspace: 35650K(36352K)->35650K(36352K) NonClass: 26446K(27008K)->26446K(27008K) Class: 9204K(9344K)->9204K(9344K)
[885.955s][info][gc             ] GC(2360) Pause Young (Allocation Failure) 280M->90M(354M) 1.510ms
[885.955s][info][gc,cpu         ] GC(2360) User=0.00s Sys=0.00s Real=0.00s
[886.160s][info][gc,start       ] GC(2361) Pause Young (Allocation Failure)
[886.160s][info][gc,heap        ] GC(2361) PSYoungGen: 187456K(187904K)->64K(187904K) Eden: 187392K(187392K)->0K(180736K) From: 64K(512K)->64K(7168K)
[886.161s][info][gc,heap        ] GC(2361) ParOldGen: 92900K(175104K)->92908K(175104K)
[886.161s][info][gc,metaspace   ] GC(2361) Metaspace: 35650K(36352K)->35650K(36352K) NonClass: 26446K(27008K)->26446K(27008K) Class: 9204K(9344K)->9204K(9344K)
[886.161s][info][gc             ] GC(2361) Pause Young (Allocation Failure) 273M->90M(354M) 0.912ms
[886.161s][info][gc,cpu         ] GC(2361) User=0.00s Sys=0.00s Real=0.00s
[886.594s][info][gc,start       ] GC(2362) Pause Young (Allocation Failure)
[886.596s][info][gc,heap        ] GC(2362) PSYoungGen: 180800K(187904K)->64K(175104K) Eden: 180736K(180736K)->0K(174592K) From: 64K(7168K)->64K(512K)
[886.596s][info][gc,heap        ] GC(2362) ParOldGen: 92908K(175104K)->92916K(175104K)
[886.596s][info][gc,metaspace   ] GC(2362) Metaspace: 35650K(36352K)->35650K(36352K) NonClass: 26446K(27008K)->26446K(27008K) Class: 9204K(9344K)->9204K(9344K)
[886.596s][info][gc             ] GC(2362) Pause Young (Allocation Failure) 267M->90M(342M) 1.639ms
[886.596s][info][gc,cpu         ] GC(2362) User=0.01s Sys=0.00s Real=0.00s
[886.725s][info][gc,start       ] GC(2363) Pause Young (Allocation Failure)
[886.726s][info][gc,heap        ] GC(2363) PSYoungGen: 174656K(175104K)->64K(174592K) Eden: 174592K(174592K)->0K(168448K) From: 64K(512K)->64K(6144K)
[886.726s][info][gc,heap        ] GC(2363) ParOldGen: 92916K(175104K)->92924K(175104K)
[886.726s][info][gc,metaspace   ] GC(2363) Metaspace: 35650K(36352K)->35650K(36352K) NonClass: 26446K(27008K)->26446K(27008K) Class: 9204K(9344K)->9204K(9344K)
[886.726s][info][gc             ] GC(2363) Pause Young (Allocation Failure) 261M->90M(341M) 1.105ms
[886.726s][info][gc,cpu         ] GC(2363) User=0.00s Sys=0.00s Real=0.00s
[886.969s][info][gc,start       ] GC(2364) Pause Young (Allocation Failure)
[886.980s][info][gc,heap        ] GC(2364) PSYoungGen: 168512K(174592K)->6144K(206848K) Eden: 168448K(168448K)->0K(200704K) From: 64K(6144K)->6144K(6144K)
[886.980s][info][gc,heap        ] GC(2364) ParOldGen: 92924K(175104K)->92972K(175104K)
[886.980s][info][gc,metaspace   ] GC(2364) Metaspace: 35650K(36352K)->35650K(36352K) NonClass: 26446K(27008K)->26446K(27008K) Class: 9204K(9344K)->9204K(9344K)
[886.980s][info][gc             ] GC(2364) Pause Young (Allocation Failure) 255M->96M(373M) 10.682ms
[886.980s][info][gc,cpu         ] GC(2364) User=0.02s Sys=0.00s Real=0.01s
[887.221s][info][gc,start       ] GC(2365) Pause Young (Allocation Failure)
[887.256s][info][gc,heap        ] GC(2365) PSYoungGen: 206848K(206848K)->7680K(237568K) Eden: 200704K(200704K)->0K(229888K) From: 6144K(6144K)->7680K(7680K)
[887.256s][info][gc,heap        ] GC(2365) ParOldGen: 92972K(175104K)->108012K(175104K)
[887.256s][info][gc,metaspace   ] GC(2365) Metaspace: 35650K(36352K)->35650K(36352K) NonClass: 26446K(27008K)->26446K(27008K) Class: 9204K(9344K)->9204K(9344K)
[887.256s][info][gc             ] GC(2365) Pause Young (Allocation Failure) 292M->112M(403M) 35.124ms
[887.256s][info][gc,cpu         ] GC(2365) User=0.06s Sys=0.00s Real=0.04s
[887.529s][info][gc,start       ] GC(2366) Pause Young (Allocation Failure)
[887.579s][info][gc,heap        ] GC(2366) PSYoungGen: 237568K(237568K)->14848K(247808K) Eden: 229888K(229888K)->0K(232960K) From: 7680K(7680K)->14848K(14848K)
[887.579s][info][gc,heap        ] GC(2366) ParOldGen: 108012K(175104K)->119572K(175104K)
[887.579s][info][gc,metaspace   ] GC(2366) Metaspace: 35650K(36352K)->35650K(36352K) NonClass: 26446K(27008K)->26446K(27008K) Class: 9204K(9344K)->9204K(9344K)
[887.579s][info][gc             ] GC(2366) Pause Young (Allocation Failure) 337M->131M(413M) 50.297ms
[887.579s][info][gc,cpu         ] GC(2366) User=0.08s Sys=0.01s Real=0.05s
[887.704s][info][gc,start       ] GC(2367) Pause Young (Allocation Failure)
[887.718s][info][gc,heap        ] GC(2367) PSYoungGen: 247808K(247808K)->7776K(255488K) Eden: 232960K(232960K)->0K(232960K) From: 14848K(14848K)->7776K(22528K)
[887.718s][info][gc,heap        ] GC(2367) ParOldGen: 119572K(175104K)->119876K(175104K)
[887.718s][info][gc,metaspace   ] GC(2367) Metaspace: 35650K(36352K)->35650K(36352K) NonClass: 26446K(27008K)->26446K(27008K) Class: 9204K(9344K)->9204K(9344K)
[887.718s][info][gc             ] GC(2367) Pause Young (Allocation Failure) 358M->124M(420M) 14.647ms
[887.718s][info][gc,cpu         ] GC(2367) User=0.03s Sys=0.00s Real=0.01s
[888.037s][info][gc,start       ] GC(2368) Pause Young (Allocation Failure)
[888.037s][info][gc,heap        ] GC(2368) PSYoungGen: 240736K(255488K)->64K(299008K) Eden: 232960K(232960K)->0K(279040K) From: 7776K(22528K)->64K(19968K)
[888.037s][info][gc,heap        ] GC(2368) ParOldGen: 119876K(175104K)->119884K(175104K)
[888.037s][info][gc,metaspace   ] GC(2368) Metaspace: 35650K(36352K)->35650K(36352K) NonClass: 26446K(27008K)->26446K(27008K) Class: 9204K(9344K)->9204K(9344K)
[888.037s][info][gc             ] GC(2368) Pause Young (Allocation Failure) 352M->117M(463M) 0.804ms
[888.037s][info][gc,cpu         ] GC(2368) User=0.00s Sys=0.00s Real=0.00s
[888.676s][info][gc,start       ] GC(2369) Pause Young (Allocation Failure)
[888.677s][info][gc,heap        ] GC(2369) PSYoungGen: 279104K(299008K)->128K(300032K) Eden: 279040K(279040K)->0K(279040K) From: 64K(19968K)->128K(20992K)
[888.678s][info][gc,heap        ] GC(2369) ParOldGen: 119884K(175104K)->119892K(175104K)
[888.678s][info][gc,metaspace   ] GC(2369) Metaspace: 35731K(36416K)->35731K(36416K) NonClass: 26527K(27072K)->26527K(27072K) Class: 9204K(9344K)->9204K(9344K)
[888.678s][info][gc             ] GC(2369) Pause Young (Allocation Failure) 389M->117M(464M) 1.239ms
[888.678s][info][gc,cpu         ] GC(2369) User=0.00s Sys=0.00s Real=0.00s
[889.164s][info][gc,start       ] GC(2370) Pause Young (Allocation Failure)
[889.165s][info][gc,heap        ] GC(2370) PSYoungGen: 279168K(300032K)->64K(311808K) Eden: 279040K(279040K)->0K(292864K) From: 128K(20992K)->64K(18944K)
[889.165s][info][gc,heap        ] GC(2370) ParOldGen: 119892K(175104K)->119980K(175104K)
[889.165s][info][gc,metaspace   ] GC(2370) Metaspace: 35731K(36416K)->35731K(36416K) NonClass: 26527K(27072K)->26527K(27072K) Class: 9204K(9344K)->9204K(9344K)
[889.165s][info][gc             ] GC(2370) Pause Young (Allocation Failure) 389M->117M(475M) 0.858ms
[889.165s][info][gc,cpu         ] GC(2370) User=0.00s Sys=0.01s Real=0.00s
[889.421s][info][gc,start       ] GC(2371) Pause Young (Allocation Failure)
[889.421s][info][gc,heap        ] GC(2371) PSYoungGen: 292928K(311808K)->64K(312320K) Eden: 292864K(292864K)->0K(292864K) From: 64K(18944K)->64K(19456K)
[889.421s][info][gc,heap        ] GC(2371) ParOldGen: 119980K(175104K)->119996K(175104K)
[889.421s][info][gc,metaspace   ] GC(2371) Metaspace: 35731K(36416K)->35731K(36416K) NonClass: 26527K(27072K)->26527K(27072K) Class: 9204K(9344K)->9204K(9344K)
[889.421s][info][gc             ] GC(2371) Pause Young (Allocation Failure) 403M->117M(476M) 0.787ms
[889.421s][info][gc,cpu         ] GC(2371) User=0.00s Sys=0.00s Real=0.00s
[889.663s][info][gc,start       ] GC(2372) Pause Young (Allocation Failure)
[889.664s][info][gc,heap        ] GC(2372) PSYoungGen: 292928K(312320K)->64K(312320K) Eden: 292864K(292864K)->0K(295424K) From: 64K(19456K)->64K(16896K)
[889.664s][info][gc,heap        ] GC(2372) ParOldGen: 119996K(175104K)->119996K(175104K)
[889.664s][info][gc,metaspace   ] GC(2372) Metaspace: 35731K(36416K)->35731K(36416K) NonClass: 26527K(27072K)->26527K(27072K) Class: 9204K(9344K)->9204K(9344K)
[889.664s][info][gc             ] GC(2372) Pause Young (Allocation Failure) 403M->117M(476M) 0.683ms
[889.664s][info][gc,cpu         ] GC(2372) User=0.00s Sys=0.00s Real=0.00s
[889.997s][info][gc,start       ] GC(2373) Pause Young (Allocation Failure)
[889.997s][info][gc,heap        ] GC(2373) PSYoungGen: 295488K(312320K)->64K(313344K) Eden: 295424K(295424K)->0K(295424K) From: 64K(16896K)->64K(17920K)
[889.997s][info][gc,heap        ] GC(2373) ParOldGen: 119996K(175104K)->119996K(175104K)
[889.997s][info][gc,metaspace   ] GC(2373) Metaspace: 35731K(36416K)->35731K(36416K) NonClass: 26527K(27072K)->26527K(27072K) Class: 9204K(9344K)->9204K(9344K)
[889.997s][info][gc             ] GC(2373) Pause Young (Allocation Failure) 405M->117M(477M) 0.740ms
[889.997s][info][gc,cpu         ] GC(2373) User=0.00s Sys=0.00s Real=0.00s
[890.048s][info][gc,start       ] GC(2374) Pause Young (Allocation Failure)
[890.049s][info][gc,heap        ] GC(2374) PSYoungGen: 295488K(313344K)->64K(314880K) Eden: 295424K(295424K)->0K(299008K) From: 64K(17920K)->64K(15872K)
[890.049s][info][gc,heap        ] GC(2374) ParOldGen: 119996K(175104K)->120012K(175104K)
[890.049s][info][gc,metaspace   ] GC(2374) Metaspace: 35731K(36416K)->35731K(36416K) NonClass: 26527K(27072K)->26527K(27072K) Class: 9204K(9344K)->9204K(9344K)
[890.049s][info][gc             ] GC(2374) Pause Young (Allocation Failure) 405M->117M(478M) 0.633ms
[890.049s][info][gc,cpu         ] GC(2374) User=0.00s Sys=0.00s Real=0.00s
[890.125s][info][gc,start       ] GC(2375) Pause Young (Allocation Failure)
[890.126s][info][gc,heap        ] GC(2375) PSYoungGen: 299072K(314880K)->64K(315392K) Eden: 299008K(299008K)->0K(299008K) From: 64K(15872K)->64K(16384K)
[890.126s][info][gc,heap        ] GC(2375) ParOldGen: 120012K(175104K)->120012K(175104K)
[890.126s][info][gc,metaspace   ] GC(2375) Metaspace: 35731K(36416K)->35731K(36416K) NonClass: 26527K(27072K)->26527K(27072K) Class: 9204K(9344K)->9204K(9344K)
[890.126s][info][gc             ] GC(2375) Pause Young (Allocation Failure) 409M->117M(479M) 0.702ms
[890.126s][info][gc,cpu         ] GC(2375) User=0.00s Sys=0.00s Real=0.00s
[890.410s][info][gc,start       ] GC(2376) Pause Young (Allocation Failure)
[890.411s][info][gc,heap        ] GC(2376) PSYoungGen: 299072K(315392K)->64K(315904K) Eden: 299008K(299008K)->0K(302080K) From: 64K(16384K)->64K(13824K)
[890.411s][info][gc,heap        ] GC(2376) ParOldGen: 120012K(175104K)->120028K(175104K)
[890.411s][info][gc,metaspace   ] GC(2376) Metaspace: 35731K(36416K)->35731K(36416K) NonClass: 26527K(27072K)->26527K(27072K) Class: 9204K(9344K)->9204K(9344K)
[890.411s][info][gc             ] GC(2376) Pause Young (Allocation Failure) 409M->117M(479M) 0.676ms
[890.411s][info][gc,cpu         ] GC(2376) User=0.00s Sys=0.00s Real=0.00s
[890.634s][info][gc,start       ] GC(2377) Pause Young (Allocation Failure)
[890.635s][info][gc,heap        ] GC(2377) PSYoungGen: 302144K(315904K)->64K(290304K) Eden: 302080K(302080K)->0K(289792K) From: 64K(13824K)->64K(512K)
[890.635s][info][gc,heap        ] GC(2377) ParOldGen: 120028K(175104K)->120028K(175104K)
[890.635s][info][gc,metaspace   ] GC(2377) Metaspace: 35731K(36416K)->35731K(36416K) NonClass: 26527K(27072K)->26527K(27072K) Class: 9204K(9344K)->9204K(9344K)
[890.635s][info][gc             ] GC(2377) Pause Young (Allocation Failure) 412M->117M(454M) 0.909ms
[890.635s][info][gc,cpu         ] GC(2377) User=0.00s Sys=0.00s Real=0.00s
[890.713s][info][gc,start       ] GC(2378) Pause Young (Allocation Failure)
[890.715s][info][gc,heap        ] GC(2378) PSYoungGen: 289856K(290304K)->32K(279040K) Eden: 289792K(289792K)->0K(278528K) From: 64K(512K)->32K(512K)
[890.715s][info][gc,heap        ] GC(2378) ParOldGen: 120028K(175104K)->120044K(175104K)
[890.715s][info][gc,metaspace   ] GC(2378) Metaspace: 35731K(36416K)->35731K(36416K) NonClass: 26527K(27072K)->26527K(27072K) Class: 9204K(9344K)->9204K(9344K)
[890.715s][info][gc             ] GC(2378) Pause Young (Allocation Failure) 400M->117M(443M) 1.179ms
[890.715s][info][gc,cpu         ] GC(2378) User=0.00s Sys=0.00s Real=0.00s
[890.859s][info][gc,start       ] GC(2379) Pause Young (Allocation Failure)
[890.860s][info][gc,heap        ] GC(2379) PSYoungGen: 278560K(279040K)->64K(280576K) Eden: 278528K(278528K)->0K(267776K) From: 32K(512K)->64K(12800K)
[890.860s][info][gc,heap        ] GC(2379) ParOldGen: 120044K(175104K)->120044K(175104K)
[890.860s][info][gc,metaspace   ] GC(2379) Metaspace: 35731K(36416K)->35731K(36416K) NonClass: 26527K(27072K)->26527K(27072K) Class: 9204K(9344K)->9204K(9344K)
[890.860s][info][gc             ] GC(2379) Pause Young (Allocation Failure) 389M->117M(445M) 1.049ms
[890.860s][info][gc,cpu         ] GC(2379) User=0.00s Sys=0.00s Real=0.00s
[891.272s][info][gc,start       ] GC(2380) Pause Young (Allocation Failure)
[891.275s][info][gc,heap        ] GC(2380) PSYoungGen: 267840K(280576K)->64K(258048K) Eden: 267776K(267776K)->0K(257536K) From: 64K(12800K)->64K(512K)
[891.275s][info][gc,heap        ] GC(2380) ParOldGen: 120044K(175104K)->120060K(175104K)
[891.275s][info][gc,metaspace   ] GC(2380) Metaspace: 35731K(36416K)->35731K(36416K) NonClass: 26527K(27072K)->26527K(27072K) Class: 9204K(9344K)->9204K(9344K)
[891.275s][info][gc             ] GC(2380) Pause Young (Allocation Failure) 378M->117M(423M) 2.507ms
[891.275s][info][gc,cpu         ] GC(2380) User=0.00s Sys=0.00s Real=0.00s
[891.927s][info][gc,start       ] GC(2381) Pause Young (Allocation Failure)
[891.928s][info][gc,heap        ] GC(2381) PSYoungGen: 257600K(258048K)->102K(259072K) Eden: 257536K(257536K)->0K(247808K) From: 64K(512K)->102K(11264K)
[891.928s][info][gc,heap        ] GC(2381) ParOldGen: 120060K(175104K)->120068K(175104K)
[891.928s][info][gc,metaspace   ] GC(2381) Metaspace: 35731K(36416K)->35731K(36416K) NonClass: 26527K(27072K)->26527K(27072K) Class: 9204K(9344K)->9204K(9344K)
[891.928s][info][gc             ] GC(2381) Pause Young (Allocation Failure) 368M->117M(424M) 1.376ms
[891.928s][info][gc,cpu         ] GC(2381) User=0.00s Sys=0.00s Real=0.00s
[892.864s][info][gc,start       ] GC(2382) Pause Young (Allocation Failure)
[892.866s][info][gc,heap        ] GC(2382) PSYoungGen: 247910K(259072K)->64K(239104K) Eden: 247808K(247808K)->0K(238592K) From: 102K(11264K)->64K(512K)
[892.866s][info][gc,heap        ] GC(2382) ParOldGen: 120068K(175104K)->120076K(175104K)
[892.866s][info][gc,metaspace   ] GC(2382) Metaspace: 35731K(36416K)->35731K(36416K) NonClass: 26527K(27072K)->26527K(27072K) Class: 9204K(9344K)->9204K(9344K)
[892.866s][info][gc             ] GC(2382) Pause Young (Allocation Failure) 359M->117M(404M) 2.267ms
[892.866s][info][gc,cpu         ] GC(2382) User=0.00s Sys=0.00s Real=0.00s
[893.266s][info][gc,start       ] GC(2383) Pause Young (Allocation Failure)
[893.267s][info][gc,heap        ] GC(2383) PSYoungGen: 238656K(239104K)->64K(239616K) Eden: 238592K(238592K)->0K(229376K) From: 64K(512K)->64K(10240K)
[893.267s][info][gc,heap        ] GC(2383) ParOldGen: 120076K(175104K)->120084K(175104K)
[893.267s][info][gc,metaspace   ] GC(2383) Metaspace: 35731K(36416K)->35731K(36416K) NonClass: 26527K(27072K)->26527K(27072K) Class: 9204K(9344K)->9204K(9344K)
[893.267s][info][gc             ] GC(2383) Pause Young (Allocation Failure) 350M->117M(405M) 1.373ms
[893.267s][info][gc,cpu         ] GC(2383) User=0.00s Sys=0.00s Real=0.00s
[894.339s][info][gc,start       ] GC(2384) Pause Young (Allocation Failure)
[894.341s][info][gc,heap        ] GC(2384) PSYoungGen: 229440K(239616K)->64K(221184K) Eden: 229376K(229376K)->0K(220672K) From: 64K(10240K)->64K(512K)
[894.341s][info][gc,heap        ] GC(2384) ParOldGen: 120084K(175104K)->120092K(175104K)
[894.341s][info][gc,metaspace   ] GC(2384) Metaspace: 35731K(36416K)->35731K(36416K) NonClass: 26527K(27072K)->26527K(27072K) Class: 9204K(9344K)->9204K(9344K)
[894.341s][info][gc             ] GC(2384) Pause Young (Allocation Failure) 341M->117M(387M) 2.200ms
[894.341s][info][gc,cpu         ] GC(2384) User=0.01s Sys=0.00s Real=0.00s
[894.570s][info][gc,start       ] GC(2385) Pause Young (Allocation Failure)
[894.571s][info][gc,heap        ] GC(2385) PSYoungGen: 220736K(221184K)->32K(221184K) Eden: 220672K(220672K)->0K(212480K) From: 64K(512K)->32K(8704K)
[894.571s][info][gc,heap        ] GC(2385) ParOldGen: 120092K(175104K)->120108K(175104K)
[894.571s][info][gc,metaspace   ] GC(2385) Metaspace: 35731K(36416K)->35731K(36416K) NonClass: 26527K(27072K)->26527K(27072K) Class: 9204K(9344K)->9204K(9344K)
[894.571s][info][gc             ] GC(2385) Pause Young (Allocation Failure) 332M->117M(387M) 1.398ms
[894.571s][info][gc,cpu         ] GC(2385) User=0.00s Sys=0.00s Real=0.00s
[894.931s][info][gc,start       ] GC(2386) Pause Young (Allocation Failure)
[894.933s][info][gc,heap        ] GC(2386) PSYoungGen: 212512K(221184K)->64K(205312K) Eden: 212480K(212480K)->0K(204800K) From: 32K(8704K)->64K(512K)
[894.933s][info][gc,heap        ] GC(2386) ParOldGen: 120108K(175104K)->120116K(175104K)
[894.933s][info][gc,metaspace   ] GC(2386) Metaspace: 35731K(36416K)->35731K(36416K) NonClass: 26527K(27072K)->26527K(27072K) Class: 9204K(9344K)->9204K(9344K)
[894.933s][info][gc             ] GC(2386) Pause Young (Allocation Failure) 324M->117M(371M) 2.239ms
[894.933s][info][gc,cpu         ] GC(2386) User=0.00s Sys=0.00s Real=0.01s
[894.996s][info][gc,start       ] GC(2387) Pause Young (Allocation Failure)
[894.998s][info][gc,heap        ] GC(2387) PSYoungGen: 204864K(205312K)->32K(205312K) Eden: 204800K(204800K)->0K(197632K) From: 64K(512K)->32K(7680K)
[894.998s][info][gc,heap        ] GC(2387) ParOldGen: 120116K(175104K)->120132K(175104K)
[894.998s][info][gc,metaspace   ] GC(2387) Metaspace: 35731K(36416K)->35731K(36416K) NonClass: 26527K(27072K)->26527K(27072K) Class: 9204K(9344K)->9204K(9344K)
[894.998s][info][gc             ] GC(2387) Pause Young (Allocation Failure) 317M->117M(371M) 1.219ms
[894.998s][info][gc,cpu         ] GC(2387) User=0.00s Sys=0.00s Real=0.00s
[895.306s][info][gc,start       ] GC(2388) Pause Young (Allocation Failure)
[895.308s][info][gc,heap        ] GC(2388) PSYoungGen: 197664K(205312K)->32K(190976K) Eden: 197632K(197632K)->0K(190464K) From: 32K(7680K)->32K(512K)
[895.308s][info][gc,heap        ] GC(2388) ParOldGen: 120132K(175104K)->120140K(175104K)
[895.308s][info][gc,metaspace   ] GC(2388) Metaspace: 35731K(36416K)->35731K(36416K) NonClass: 26527K(27072K)->26527K(27072K) Class: 9204K(9344K)->9204K(9344K)
[895.308s][info][gc             ] GC(2388) Pause Young (Allocation Failure) 310M->117M(357M) 2.126ms
[895.308s][info][gc,cpu         ] GC(2388) User=0.01s Sys=0.00s Real=0.00s
[895.657s][info][gc,start       ] GC(2389) Pause Young (Allocation Failure)
[895.659s][info][gc,heap        ] GC(2389) PSYoungGen: 190496K(190976K)->32K(190464K) Eden: 190464K(190464K)->0K(183808K) From: 32K(512K)->32K(6656K)
[895.659s][info][gc,heap        ] GC(2389) ParOldGen: 120140K(175104K)->120148K(175104K)
[895.659s][info][gc,metaspace   ] GC(2389) Metaspace: 35731K(36416K)->35731K(36416K) NonClass: 26527K(27072K)->26527K(27072K) Class: 9204K(9344K)->9204K(9344K)
[895.659s][info][gc             ] GC(2389) Pause Young (Allocation Failure) 303M->117M(357M) 1.106ms
[895.659s][info][gc,cpu         ] GC(2389) User=0.00s Sys=0.00s Real=0.00s
[895.853s][info][gc,start       ] GC(2390) Pause Young (Allocation Failure)
[895.854s][info][gc,heap        ] GC(2390) PSYoungGen: 183840K(190464K)->32K(177664K) Eden: 183808K(183808K)->0K(177152K) From: 32K(6656K)->32K(512K)
[895.854s][info][gc,heap        ] GC(2390) ParOldGen: 120148K(175104K)->120156K(175104K)
[895.854s][info][gc,metaspace   ] GC(2390) Metaspace: 35731K(36416K)->35731K(36416K) NonClass: 26527K(27072K)->26527K(27072K) Class: 9204K(9344K)->9204K(9344K)
[895.855s][info][gc             ] GC(2390) Pause Young (Allocation Failure) 296M->117M(344M) 1.490ms
[895.855s][info][gc,cpu         ] GC(2390) User=0.00s Sys=0.00s Real=0.00s
[896.094s][info][gc,start       ] GC(2391) Pause Young (Allocation Failure)
[896.118s][info][gc,heap        ] GC(2391) PSYoungGen: 177184K(177664K)->5632K(218112K) Eden: 177152K(177152K)->0K(212480K) From: 32K(512K)->5632K(5632K)
[896.118s][info][gc,heap        ] GC(2391) ParOldGen: 120156K(175104K)->128316K(175104K)
[896.118s][info][gc,metaspace   ] GC(2391) Metaspace: 35731K(36416K)->35731K(36416K) NonClass: 26527K(27072K)->26527K(27072K) Class: 9204K(9344K)->9204K(9344K)
[896.118s][info][gc             ] GC(2391) Pause Young (Allocation Failure) 290M->130M(384M) 24.265ms
[896.118s][info][gc,cpu         ] GC(2391) User=0.04s Sys=0.00s Real=0.02s
[896.371s][info][gc,start       ] GC(2392) Pause Young (Allocation Failure)
[896.410s][info][gc,heap        ] GC(2392) PSYoungGen: 218112K(218112K)->5632K(236032K) Eden: 212480K(212480K)->0K(230400K) From: 5632K(5632K)->5632K(5632K)
[896.410s][info][gc,heap        ] GC(2392) ParOldGen: 128316K(175104K)->146956K(175104K)
[896.410s][info][gc,metaspace   ] GC(2392) Metaspace: 35731K(36416K)->35731K(36416K) NonClass: 26527K(27072K)->26527K(27072K) Class: 9204K(9344K)->9204K(9344K)
[896.410s][info][gc             ] GC(2392) Pause Young (Allocation Failure) 338M->149M(401M) 38.943ms
[896.410s][info][gc,cpu         ] GC(2392) User=0.07s Sys=0.00s Real=0.04s
[896.674s][info][gc,start       ] GC(2393) Pause Young (Allocation Failure)
[896.714s][info][gc,heap        ] GC(2393) PSYoungGen: 236032K(236032K)->17408K(247808K) Eden: 230400K(230400K)->0K(230400K) From: 5632K(5632K)->17408K(17408K)
[896.714s][info][gc,heap        ] GC(2393) ParOldGen: 146956K(175104K)->154860K(175104K)
[896.714s][info][gc,metaspace   ] GC(2393) Metaspace: 35731K(36416K)->35731K(36416K) NonClass: 26527K(27072K)->26527K(27072K) Class: 9204K(9344K)->9204K(9344K)
[896.714s][info][gc             ] GC(2393) Pause Young (Allocation Failure) 374M->168M(413M) 40.844ms
[896.714s][info][gc,cpu         ] GC(2393) User=0.08s Sys=0.00s Real=0.04s
[896.790s][info][gc,start       ] GC(2394) Pause Young (Allocation Failure)
[896.793s][info][gc,heap        ] GC(2394) PSYoungGen: 247808K(247808K)->64K(299520K) Eden: 230400K(230400K)->0K(276480K) From: 17408K(17408K)->64K(23040K)
[896.793s][info][gc,heap        ] GC(2394) ParOldGen: 154860K(175104K)->155068K(175104K)
[896.793s][info][gc,metaspace   ] GC(2394) Metaspace: 35731K(36416K)->35731K(36416K) NonClass: 26527K(27072K)->26527K(27072K) Class: 9204K(9344K)->9204K(9344K)
[896.793s][info][gc             ] GC(2394) Pause Young (Allocation Failure) 393M->151M(463M) 2.910ms
[896.793s][info][gc,cpu         ] GC(2394) User=0.01s Sys=0.00s Real=0.01s
[897.388s][info][gc,start       ] GC(2395) Pause Young (Allocation Failure)
[897.388s][info][gc,heap        ] GC(2395) PSYoungGen: 276544K(299520K)->64K(300032K) Eden: 276480K(276480K)->0K(276480K) From: 64K(23040K)->64K(23552K)
[897.388s][info][gc,heap        ] GC(2395) ParOldGen: 155068K(175104K)->155076K(175104K)
[897.389s][info][gc,metaspace   ] GC(2395) Metaspace: 35731K(36416K)->35731K(36416K) NonClass: 26527K(27072K)->26527K(27072K) Class: 9204K(9344K)->9204K(9344K)
[897.389s][info][gc             ] GC(2395) Pause Young (Allocation Failure) 421M->151M(464M) 0.890ms
[897.389s][info][gc,cpu         ] GC(2395) User=0.00s Sys=0.00s Real=0.00s
[897.797s][info][gc,start       ] GC(2396) Pause Young (Allocation Failure)
[897.798s][info][gc,heap        ] GC(2396) PSYoungGen: 276544K(300032K)->64K(308736K) Eden: 276480K(276480K)->0K(287744K) From: 64K(23552K)->64K(20992K)
[897.798s][info][gc,heap        ] GC(2396) ParOldGen: 155076K(175104K)->155084K(175104K)
[897.798s][info][gc,metaspace   ] GC(2396) Metaspace: 35731K(36416K)->35731K(36416K) NonClass: 26527K(27072K)->26527K(27072K) Class: 9204K(9344K)->9204K(9344K)
[897.798s][info][gc             ] GC(2396) Pause Young (Allocation Failure) 421M->151M(472M) 0.916ms
[897.798s][info][gc,cpu         ] GC(2396) User=0.00s Sys=0.00s Real=0.00s
[898.275s][info][gc,start       ] GC(2397) Pause Young (Allocation Failure)
[898.275s][info][gc,heap        ] GC(2397) PSYoungGen: 287808K(308736K)->64K(309248K) Eden: 287744K(287744K)->0K(287744K) From: 64K(20992K)->64K(21504K)
[898.275s][info][gc,heap        ] GC(2397) ParOldGen: 155084K(175104K)->155100K(175104K)
[898.275s][info][gc,metaspace   ] GC(2397) Metaspace: 35731K(36416K)->35731K(36416K) NonClass: 26527K(27072K)->26527K(27072K) Class: 9204K(9344K)->9204K(9344K)
[898.275s][info][gc             ] GC(2397) Pause Young (Allocation Failure) 432M->151M(473M) 0.920ms
[898.275s][info][gc,cpu         ] GC(2397) User=0.00s Sys=0.00s Real=0.00s
[898.512s][info][gc,start       ] GC(2398) Pause Young (Allocation Failure)
[898.513s][info][gc,heap        ] GC(2398) PSYoungGen: 287808K(309248K)->64K(310272K) Eden: 287744K(287744K)->0K(291328K) From: 64K(21504K)->64K(18944K)
[898.513s][info][gc,heap        ] GC(2398) ParOldGen: 155100K(175104K)->155116K(175104K)
[898.513s][info][gc,metaspace   ] GC(2398) Metaspace: 35731K(36416K)->35731K(36416K) NonClass: 26527K(27072K)->26527K(27072K) Class: 9204K(9344K)->9204K(9344K)
[898.513s][info][gc             ] GC(2398) Pause Young (Allocation Failure) 432M->151M(474M) 0.791ms
[898.513s][info][gc,cpu         ] GC(2398) User=0.00s Sys=0.00s Real=0.00s
[898.877s][info][gc,start       ] GC(2399) Pause Young (Allocation Failure)
[898.878s][info][gc,heap        ] GC(2399) PSYoungGen: 291392K(310272K)->64K(311296K) Eden: 291328K(291328K)->0K(291328K) From: 64K(18944K)->64K(19968K)
[898.878s][info][gc,heap        ] GC(2399) ParOldGen: 155116K(175104K)->155116K(175104K)
[898.878s][info][gc,metaspace   ] GC(2399) Metaspace: 35731K(36416K)->35731K(36416K) NonClass: 26527K(27072K)->26527K(27072K) Class: 9204K(9344K)->9204K(9344K)
[898.878s][info][gc             ] GC(2399) Pause Young (Allocation Failure) 436M->151M(475M) 0.830ms
[898.878s][info][gc,cpu         ] GC(2399) User=0.01s Sys=0.00s Real=0.00s
[898.996s][info][gc,start       ] GC(2400) Pause Young (Allocation Failure)
[898.996s][info][gc,heap        ] GC(2400) PSYoungGen: 291392K(311296K)->64K(311808K) Eden: 291328K(291328K)->0K(294912K) From: 64K(19968K)->64K(16896K)
[898.996s][info][gc,heap        ] GC(2400) ParOldGen: 155116K(175104K)->155124K(175104K)
[898.996s][info][gc,metaspace   ] GC(2400) Metaspace: 35731K(36416K)->35731K(36416K) NonClass: 26527K(27072K)->26527K(27072K) Class: 9204K(9344K)->9204K(9344K)
[898.996s][info][gc             ] GC(2400) Pause Young (Allocation Failure) 436M->151M(475M) 0.720ms
[898.997s][info][gc,cpu         ] GC(2400) User=0.00s Sys=0.01s Real=0.00s
[899.050s][info][gc,start       ] GC(2401) Pause Young (Allocation Failure)
[899.051s][info][gc,heap        ] GC(2401) PSYoungGen: 294976K(311808K)->32K(312832K) Eden: 294912K(294912K)->0K(294912K) From: 64K(16896K)->32K(17920K)
[899.051s][info][gc,heap        ] GC(2401) ParOldGen: 155124K(175104K)->155140K(175104K)
[899.051s][info][gc,metaspace   ] GC(2401) Metaspace: 35731K(36416K)->35731K(36416K) NonClass: 26527K(27072K)->26527K(27072K) Class: 9204K(9344K)->9204K(9344K)
[899.051s][info][gc             ] GC(2401) Pause Young (Allocation Failure) 439M->151M(476M) 0.712ms
[899.051s][info][gc,cpu         ] GC(2401) User=0.01s Sys=0.00s Real=0.00s
[899.223s][info][gc,start       ] GC(2402) Pause Young (Allocation Failure)
[899.224s][info][gc,heap        ] GC(2402) PSYoungGen: 294944K(312832K)->64K(313856K) Eden: 294912K(294912K)->0K(299008K) From: 32K(17920K)->64K(14848K)
[899.224s][info][gc,heap        ] GC(2402) ParOldGen: 155140K(175104K)->155140K(175104K)
[899.224s][info][gc,metaspace   ] GC(2402) Metaspace: 35731K(36416K)->35731K(36416K) NonClass: 26527K(27072K)->26527K(27072K) Class: 9204K(9344K)->9204K(9344K)
[899.224s][info][gc             ] GC(2402) Pause Young (Allocation Failure) 439M->151M(477M) 0.793ms
[899.224s][info][gc,cpu         ] GC(2402) User=0.00s Sys=0.00s Real=0.00s
[899.500s][info][gc,start       ] GC(2403) Pause Young (Allocation Failure)
[899.501s][info][gc,heap        ] GC(2403) PSYoungGen: 299072K(313856K)->64K(287744K) Eden: 299008K(299008K)->0K(287232K) From: 64K(14848K)->64K(512K)
[899.501s][info][gc,heap        ] GC(2403) ParOldGen: 155140K(175104K)->155148K(175104K)
[899.501s][info][gc,metaspace   ] GC(2403) Metaspace: 35731K(36416K)->35731K(36416K) NonClass: 26527K(27072K)->26527K(27072K) Class: 9204K(9344K)->9204K(9344K)
[899.501s][info][gc             ] GC(2403) Pause Young (Allocation Failure) 443M->151M(452M) 0.890ms
[899.501s][info][gc,cpu         ] GC(2403) User=0.00s Sys=0.00s Real=0.00s
[899.642s][info][gc,start       ] GC(2404) Pause Young (Allocation Failure)
[899.644s][info][gc,heap        ] GC(2404) PSYoungGen: 287296K(287744K)->64K(278528K) Eden: 287232K(287232K)->0K(275968K) From: 64K(512K)->64K(2560K)
[899.644s][info][gc,heap        ] GC(2404) ParOldGen: 155148K(175104K)->155164K(175104K)
[899.644s][info][gc,metaspace   ] GC(2404) Metaspace: 35731K(36416K)->35731K(36416K) NonClass: 26527K(27072K)->26527K(27072K) Class: 9204K(9344K)->9204K(9344K)
[899.644s][info][gc             ] GC(2404) Pause Young (Allocation Failure) 432M->151M(443M) 1.318ms
[899.644s][info][gc,cpu         ] GC(2404) User=0.00s Sys=0.00s Real=0.00s
[899.722s][info][gc,start       ] GC(2405) Pause Young (Allocation Failure)
[899.723s][info][gc,heap        ] GC(2405) PSYoungGen: 276032K(278528K)->64K(290304K) Eden: 275968K(275968K)->0K(275968K) From: 64K(2560K)->64K(14336K)
[899.723s][info][gc,heap        ] GC(2405) ParOldGen: 155164K(175104K)->155180K(175104K)
[899.723s][info][gc,metaspace   ] GC(2405) Metaspace: 35731K(36416K)->35731K(36416K) NonClass: 26527K(27072K)->26527K(27072K) Class: 9204K(9344K)->9204K(9344K)
[899.723s][info][gc             ] GC(2405) Pause Young (Allocation Failure) 421M->151M(454M) 1.217ms
[899.723s][info][gc,cpu         ] GC(2405) User=0.00s Sys=0.00s Real=0.01s
[899.896s][info][gc,start       ] GC(2406) Pause Young (Allocation Failure)
[899.897s][info][gc,heap        ] GC(2406) PSYoungGen: 276032K(290304K)->64K(265728K) Eden: 275968K(275968K)->0K(265216K) From: 64K(14336K)->64K(512K)
[899.897s][info][gc,heap        ] GC(2406) ParOldGen: 155180K(175104K)->155188K(175104K)
[899.897s][info][gc,metaspace   ] GC(2406) Metaspace: 35731K(36416K)->35731K(36416K) NonClass: 26527K(27072K)->26527K(27072K) Class: 9204K(9344K)->9204K(9344K)
[899.897s][info][gc             ] GC(2406) Pause Young (Allocation Failure) 421M->151M(430M) 1.248ms
[899.897s][info][gc,cpu         ] GC(2406) User=0.00s Sys=0.00s Real=0.00s
[900.808s][info][gc,start       ] GC(2407) Pause Young (Allocation Failure)
[900.809s][info][gc,heap        ] GC(2407) PSYoungGen: 265280K(265728K)->83K(267264K) Eden: 265216K(265216K)->0K(254976K) From: 64K(512K)->83K(12288K)
[900.809s][info][gc,heap        ] GC(2407) ParOldGen: 155188K(175104K)->155204K(175104K)
[900.809s][info][gc,metaspace   ] GC(2407) Metaspace: 35731K(36416K)->35731K(36416K) NonClass: 26527K(27072K)->26527K(27072K) Class: 9204K(9344K)->9204K(9344K)
[900.809s][info][gc             ] GC(2407) Pause Young (Allocation Failure) 410M->151M(432M) 1.218ms
[900.809s][info][gc,cpu         ] GC(2407) User=0.00s Sys=0.00s Real=0.00s
[901.612s][info][gc,start       ] GC(2408) Pause Young (Allocation Failure)
[901.614s][info][gc,heap        ] GC(2408) PSYoungGen: 255059K(267264K)->64K(245760K) Eden: 254976K(254976K)->0K(245248K) From: 83K(12288K)->64K(512K)
[901.614s][info][gc,heap        ] GC(2408) ParOldGen: 155204K(175104K)->155220K(175104K)
[901.614s][info][gc,metaspace   ] GC(2408) Metaspace: 35731K(36416K)->35731K(36416K) NonClass: 26527K(27072K)->26527K(27072K) Class: 9204K(9344K)->9204K(9344K)
[901.614s][info][gc             ] GC(2408) Pause Young (Allocation Failure) 400M->151M(411M) 1.343ms
[901.614s][info][gc,cpu         ] GC(2408) User=0.00s Sys=0.00s Real=0.00s
[901.798s][info][gc,start       ] GC(2409) Pause Young (Allocation Failure)
[901.799s][info][gc,heap        ] GC(2409) PSYoungGen: 245312K(245760K)->64K(246784K) Eden: 245248K(245248K)->0K(236032K) From: 64K(512K)->64K(10752K)
[901.799s][info][gc,heap        ] GC(2409) ParOldGen: 155220K(175104K)->155228K(175104K)
[901.799s][info][gc,metaspace   ] GC(2409) Metaspace: 35731K(36416K)->35731K(36416K) NonClass: 26527K(27072K)->26527K(27072K) Class: 9204K(9344K)->9204K(9344K)
[901.799s][info][gc             ] GC(2409) Pause Young (Allocation Failure) 391M->151M(412M) 1.256ms
[901.799s][info][gc,cpu         ] GC(2409) User=0.00s Sys=0.00s Real=0.00s
[902.200s][info][gc,start       ] GC(2410) Pause Young (Allocation Failure)
[902.201s][info][gc,heap        ] GC(2410) PSYoungGen: 236096K(246784K)->64K(227840K) Eden: 236032K(236032K)->0K(227328K) From: 64K(10752K)->64K(512K)
[902.201s][info][gc,heap        ] GC(2410) ParOldGen: 155228K(175104K)->155236K(175104K)
[902.201s][info][gc,metaspace   ] GC(2410) Metaspace: 35731K(36416K)->35731K(36416K) NonClass: 26527K(27072K)->26527K(27072K) Class: 9204K(9344K)->9204K(9344K)
[902.201s][info][gc             ] GC(2410) Pause Young (Allocation Failure) 382M->151M(393M) 1.490ms
[902.201s][info][gc,cpu         ] GC(2410) User=0.00s Sys=0.00s Real=0.00s
[903.152s][info][gc,start       ] GC(2411) Pause Young (Allocation Failure)
[903.153s][info][gc,heap        ] GC(2411) PSYoungGen: 227392K(227840K)->64K(228352K) Eden: 227328K(227328K)->0K(218624K) From: 64K(512K)->64K(9728K)
[903.153s][info][gc,heap        ] GC(2411) ParOldGen: 155236K(175104K)->155244K(175104K)
[903.153s][info][gc,metaspace   ] GC(2411) Metaspace: 35731K(36416K)->35731K(36416K) NonClass: 26527K(27072K)->26527K(27072K) Class: 9204K(9344K)->9204K(9344K)
[903.153s][info][gc             ] GC(2411) Pause Young (Allocation Failure) 373M->151M(394M) 1.266ms
[903.153s][info][gc,cpu         ] GC(2411) User=0.00s Sys=0.00s Real=0.01s
[903.512s][info][gc,start       ] GC(2412) Pause Young (Allocation Failure)
[903.514s][info][gc,heap        ] GC(2412) PSYoungGen: 218688K(228352K)->64K(210944K) Eden: 218624K(218624K)->0K(210432K) From: 64K(9728K)->64K(512K)
[903.514s][info][gc,heap        ] GC(2412) ParOldGen: 155244K(175104K)->155260K(175104K)
[903.514s][info][gc,metaspace   ] GC(2412) Metaspace: 35731K(36416K)->35731K(36416K) NonClass: 26527K(27072K)->26527K(27072K) Class: 9204K(9344K)->9204K(9344K)
[903.514s][info][gc             ] GC(2412) Pause Young (Allocation Failure) 365M->151M(377M) 1.887ms
[903.514s][info][gc,cpu         ] GC(2412) User=0.00s Sys=0.00s Real=0.00s
[903.665s][info][gc,start       ] GC(2413) Pause Young (Allocation Failure)
[903.666s][info][gc,heap        ] GC(2413) PSYoungGen: 210496K(210944K)->64K(210944K) Eden: 210432K(210432K)->0K(202752K) From: 64K(512K)->64K(8192K)
[903.666s][info][gc,heap        ] GC(2413) ParOldGen: 155260K(175104K)->155276K(175104K)
[903.666s][info][gc,metaspace   ] GC(2413) Metaspace: 35731K(36416K)->35731K(36416K) NonClass: 26527K(27072K)->26527K(27072K) Class: 9204K(9344K)->9204K(9344K)
[903.666s][info][gc             ] GC(2413) Pause Young (Allocation Failure) 357M->151M(377M) 1.148ms
[903.666s][info][gc,cpu         ] GC(2413) User=0.00s Sys=0.00s Real=0.00s
[903.747s][info][gc,start       ] GC(2414) Pause Young (Allocation Failure)
[903.749s][info][gc,heap        ] GC(2414) PSYoungGen: 202816K(210944K)->32K(196096K) Eden: 202752K(202752K)->0K(195584K) From: 64K(8192K)->32K(512K)
[903.749s][info][gc,heap        ] GC(2414) ParOldGen: 155276K(175104K)->155292K(175104K)
[903.749s][info][gc,metaspace   ] GC(2414) Metaspace: 35731K(36416K)->35731K(36416K) NonClass: 26527K(27072K)->26527K(27072K) Class: 9204K(9344K)->9204K(9344K)
[903.749s][info][gc             ] GC(2414) Pause Young (Allocation Failure) 349M->151M(362M) 1.985ms
[903.749s][info][gc,cpu         ] GC(2414) User=0.00s Sys=0.00s Real=0.00s
[904.191s][info][gc,start       ] GC(2415) Pause Young (Allocation Failure)
[904.193s][info][gc,heap        ] GC(2415) PSYoungGen: 195616K(196096K)->64K(195584K) Eden: 195584K(195584K)->0K(188416K) From: 32K(512K)->64K(7168K)
[904.193s][info][gc,heap        ] GC(2415) ParOldGen: 155292K(175104K)->155300K(175104K)
[904.193s][info][gc,metaspace   ] GC(2415) Metaspace: 35731K(36416K)->35731K(36416K) NonClass: 26527K(27072K)->26527K(27072K) Class: 9204K(9344K)->9204K(9344K)
[904.193s][info][gc             ] GC(2415) Pause Young (Allocation Failure) 342M->151M(362M) 1.312ms
[904.193s][info][gc,cpu         ] GC(2415) User=0.00s Sys=0.00s Real=0.01s
[904.388s][info][gc,start       ] GC(2416) Pause Young (Allocation Failure)
[904.389s][info][gc,heap        ] GC(2416) PSYoungGen: 188480K(195584K)->32K(182272K) Eden: 188416K(188416K)->0K(181760K) From: 64K(7168K)->32K(512K)
[904.389s][info][gc,heap        ] GC(2416) ParOldGen: 155300K(175104K)->155308K(175104K)
[904.389s][info][gc,metaspace   ] GC(2416) Metaspace: 35731K(36416K)->35731K(36416K) NonClass: 26527K(27072K)->26527K(27072K) Class: 9204K(9344K)->9204K(9344K)
[904.389s][info][gc             ] GC(2416) Pause Young (Allocation Failure) 335M->151M(349M) 1.813ms
[904.389s][info][gc,cpu         ] GC(2416) User=0.00s Sys=0.01s Real=0.00s
[904.659s][info][gc,start       ] GC(2417) Pause Young (Allocation Failure)
[904.663s][info][gc,heap        ] GC(2417) PSYoungGen: 181792K(182272K)->1984K(181760K) Eden: 181760K(181760K)->0K(175616K) From: 32K(512K)->1984K(6144K)
[904.663s][info][gc,heap        ] GC(2417) ParOldGen: 155308K(175104K)->155316K(175104K)
[904.663s][info][gc,metaspace   ] GC(2417) Metaspace: 35731K(36416K)->35731K(36416K) NonClass: 26527K(27072K)->26527K(27072K) Class: 9204K(9344K)->9204K(9344K)
[904.663s][info][gc             ] GC(2417) Pause Young (Allocation Failure) 329M->153M(348M) 3.867ms
[904.663s][info][gc,cpu         ] GC(2417) User=0.01s Sys=0.00s Real=0.01s
[904.872s][info][gc,start       ] GC(2418) Pause Young (Allocation Failure)
[904.902s][info][gc,heap        ] GC(2418) PSYoungGen: 177600K(181760K)->6144K(216576K) Eden: 175616K(175616K)->0K(210432K) From: 1984K(6144K)->6144K(6144K)
[904.902s][info][gc,heap        ] GC(2418) ParOldGen: 155316K(175104K)->169044K(175104K)
[904.902s][info][gc,metaspace   ] GC(2418) Metaspace: 35731K(36416K)->35731K(36416K) NonClass: 26527K(27072K)->26527K(27072K) Class: 9204K(9344K)->9204K(9344K)
[904.902s][info][gc             ] GC(2418) Pause Young (Allocation Failure) 325M->171M(382M) 30.098ms
[904.902s][info][gc,cpu         ] GC(2418) User=0.06s Sys=0.00s Real=0.03s
[905.150s][info][gc,start       ] GC(2419) Pause Young (Allocation Failure)
[905.192s][info][gc,heap        ] GC(2419) PSYoungGen: 216576K(216576K)->12800K(265728K) Eden: 210432K(210432K)->0K(252928K) From: 6144K(6144K)->12800K(12800K)
[905.192s][info][gc,heap        ] GC(2419) ParOldGen: 169044K(175104K)->180420K(180736K)
[905.192s][info][gc,metaspace   ] GC(2419) Metaspace: 35731K(36416K)->35731K(36416K) NonClass: 26527K(27072K)->26527K(27072K) Class: 9204K(9344K)->9204K(9344K)
[905.192s][info][gc             ] GC(2419) Pause Young (Allocation Failure) 376M->188M(436M) 41.444ms
[905.192s][info][gc,cpu         ] GC(2419) User=0.08s Sys=0.00s Real=0.04s
[905.397s][info][gc,start       ] GC(2420) Pause Young (Allocation Failure)
[905.431s][info][gc,heap        ] GC(2420) PSYoungGen: 265728K(265728K)->17024K(270336K) Eden: 252928K(252928K)->0K(250368K) From: 12800K(12800K)->17024K(19968K)
[905.431s][info][gc,heap        ] GC(2420) ParOldGen: 180420K(180736K)->180724K(180736K)
[905.431s][info][gc,metaspace   ] GC(2420) Metaspace: 35731K(36416K)->35731K(36416K) NonClass: 26527K(27072K)->26527K(27072K) Class: 9204K(9344K)->9204K(9344K)
[905.431s][info][gc             ] GC(2420) Pause Young (Allocation Failure) 435M->193M(440M) 33.820ms
[905.431s][info][gc,cpu         ] GC(2420) User=0.05s Sys=0.01s Real=0.03s
[905.659s][info][gc,start       ] GC(2421) Pause Young (Allocation Failure)
[905.660s][info][gc,heap        ] GC(2421) PSYoungGen: 267392K(270336K)->64K(272896K) Eden: 250368K(250368K)->0K(250368K) From: 17024K(19968K)->64K(22528K)
[905.660s][info][gc,heap        ] GC(2421) ParOldGen: 180724K(180736K)->180732K(180736K)
[905.660s][info][gc,metaspace   ] GC(2421) Metaspace: 35731K(36416K)->35731K(36416K) NonClass: 26527K(27072K)->26527K(27072K) Class: 9204K(9344K)->9204K(9344K)
[905.660s][info][gc             ] GC(2421) Pause Young (Allocation Failure) 437M->176M(443M) 0.949ms
[905.660s][info][gc,cpu         ] GC(2421) User=0.00s Sys=0.00s Real=0.00s
[906.255s][info][gc,start       ] GC(2422) Pause Young (Allocation Failure)
[906.256s][info][gc,heap        ] GC(2422) PSYoungGen: 250432K(272896K)->64K(309760K) Eden: 250368K(250368K)->0K(289280K) From: 64K(22528K)->64K(20480K)
[906.256s][info][gc,heap        ] GC(2422) ParOldGen: 180732K(180736K)->180748K(181248K)
[906.256s][info][gc,metaspace   ] GC(2422) Metaspace: 35731K(36416K)->35731K(36416K) NonClass: 26527K(27072K)->26527K(27072K) Class: 9204K(9344K)->9204K(9344K)
[906.256s][info][gc             ] GC(2422) Pause Young (Allocation Failure) 421M->176M(479M) 0.972ms
[906.256s][info][gc,cpu         ] GC(2422) User=0.00s Sys=0.00s Real=0.00s
[906.767s][info][gc,start       ] GC(2423) Pause Young (Allocation Failure)
[906.767s][info][gc,heap        ] GC(2423) PSYoungGen: 289344K(309760K)->64K(310784K) Eden: 289280K(289280K)->0K(289280K) From: 64K(20480K)->64K(21504K)
[906.768s][info][gc,heap        ] GC(2423) ParOldGen: 180748K(181248K)->180748K(181248K)
[906.768s][info][gc,metaspace   ] GC(2423) Metaspace: 35731K(36416K)->35731K(36416K) NonClass: 26527K(27072K)->26527K(27072K) Class: 9204K(9344K)->9204K(9344K)
[906.768s][info][gc             ] GC(2423) Pause Young (Allocation Failure) 459M->176M(480M) 0.974ms
[906.768s][info][gc,cpu         ] GC(2423) User=0.00s Sys=0.00s Real=0.00s
[907.005s][info][gc,start       ] GC(2424) Pause Young (Allocation Failure)
[907.006s][info][gc,heap        ] GC(2424) PSYoungGen: 289344K(310784K)->64K(311296K) Eden: 289280K(289280K)->0K(291840K) From: 64K(21504K)->64K(19456K)
[907.006s][info][gc,heap        ] GC(2424) ParOldGen: 180748K(181248K)->180764K(181248K)
[907.006s][info][gc,metaspace   ] GC(2424) Metaspace: 35731K(36416K)->35731K(36416K) NonClass: 26527K(27072K)->26527K(27072K) Class: 9204K(9344K)->9204K(9344K)
[907.006s][info][gc             ] GC(2424) Pause Young (Allocation Failure) 459M->176M(481M) 0.985ms
[907.006s][info][gc,cpu         ] GC(2424) User=0.00s Sys=0.00s Real=0.00s
[907.246s][info][gc,start       ] GC(2425) Pause Young (Allocation Failure)
[907.248s][info][gc,heap        ] GC(2425) PSYoungGen: 291904K(311296K)->64K(311808K) Eden: 291840K(291840K)->0K(291840K) From: 64K(19456K)->64K(19968K)
[907.248s][info][gc,heap        ] GC(2425) ParOldGen: 180764K(181248K)->180764K(181248K)
[907.248s][info][gc,metaspace   ] GC(2425) Metaspace: 35731K(36416K)->35731K(36416K) NonClass: 26527K(27072K)->26527K(27072K) Class: 9204K(9344K)->9204K(9344K)
[907.248s][info][gc             ] GC(2425) Pause Young (Allocation Failure) 461M->176M(481M) 1.217ms
[907.248s][info][gc,cpu         ] GC(2425) User=0.00s Sys=0.00s Real=0.00s
[907.608s][info][gc,start       ] GC(2426) Pause Young (Allocation Failure)
[907.609s][info][gc,heap        ] GC(2426) PSYoungGen: 291904K(311808K)->64K(312320K) Eden: 291840K(291840K)->0K(294912K) From: 64K(19968K)->64K(17408K)
[907.609s][info][gc,heap        ] GC(2426) ParOldGen: 180764K(181248K)->180764K(181248K)
[907.609s][info][gc,metaspace   ] GC(2426) Metaspace: 35731K(36416K)->35731K(36416K) NonClass: 26527K(27072K)->26527K(27072K) Class: 9204K(9344K)->9204K(9344K)
[907.609s][info][gc             ] GC(2426) Pause Young (Allocation Failure) 461M->176M(482M) 0.936ms
[907.609s][info][gc,cpu         ] GC(2426) User=0.00s Sys=0.00s Real=0.00s
[907.662s][info][gc,start       ] GC(2427) Pause Young (Allocation Failure)
[907.662s][info][gc,heap        ] GC(2427) PSYoungGen: 294976K(312320K)->32K(312832K) Eden: 294912K(294912K)->0K(294912K) From: 64K(17408K)->32K(17920K)
[907.662s][info][gc,heap        ] GC(2427) ParOldGen: 180764K(181248K)->180780K(181248K)
[907.662s][info][gc,metaspace   ] GC(2427) Metaspace: 35731K(36416K)->35731K(36416K) NonClass: 26527K(27072K)->26527K(27072K) Class: 9204K(9344K)->9204K(9344K)
[907.662s][info][gc             ] GC(2427) Pause Young (Allocation Failure) 464M->176M(482M) 0.838ms
[907.662s][info][gc,cpu         ] GC(2427) User=0.00s Sys=0.00s Real=0.01s
[907.712s][info][gc,start       ] GC(2428) Pause Young (Allocation Failure)
[907.713s][info][gc,heap        ] GC(2428) PSYoungGen: 294944K(312832K)->64K(315392K) Eden: 294912K(294912K)->0K(299008K) From: 32K(17920K)->64K(16384K)
[907.713s][info][gc,heap        ] GC(2428) ParOldGen: 180780K(181248K)->180780K(181248K)
[907.713s][info][gc,metaspace   ] GC(2428) Metaspace: 35731K(36416K)->35731K(36416K) NonClass: 26527K(27072K)->26527K(27072K) Class: 9204K(9344K)->9204K(9344K)
[907.713s][info][gc             ] GC(2428) Pause Young (Allocation Failure) 464M->176M(485M) 0.838ms
[907.713s][info][gc,cpu         ] GC(2428) User=0.00s Sys=0.00s Real=0.00s
[907.977s][info][gc,start       ] GC(2429) Pause Young (Allocation Failure)
[907.978s][info][gc,heap        ] GC(2429) PSYoungGen: 299072K(315392K)->64K(315392K) Eden: 299008K(299008K)->0K(299008K) From: 64K(16384K)->64K(16384K)
[907.978s][info][gc,heap        ] GC(2429) ParOldGen: 180780K(181248K)->180780K(181248K)
[907.978s][info][gc,metaspace   ] GC(2429) Metaspace: 35731K(36416K)->35731K(36416K) NonClass: 26527K(27072K)->26527K(27072K) Class: 9204K(9344K)->9204K(9344K)
[907.978s][info][gc             ] GC(2429) Pause Young (Allocation Failure) 468M->176M(485M) 0.827ms
[907.978s][info][gc,cpu         ] GC(2429) User=0.00s Sys=0.00s Real=0.00s
[908.223s][info][gc,start       ] GC(2430) Pause Young (Allocation Failure)
[908.223s][info][gc,heap        ] GC(2430) PSYoungGen: 299072K(315392K)->64K(316416K) Eden: 299008K(299008K)->0K(302080K) From: 64K(16384K)->64K(14336K)
[908.223s][info][gc,heap        ] GC(2430) ParOldGen: 180780K(181248K)->180788K(181248K)
[908.223s][info][gc,metaspace   ] GC(2430) Metaspace: 35731K(36416K)->35731K(36416K) NonClass: 26527K(27072K)->26527K(27072K) Class: 9204K(9344K)->9204K(9344K)
[908.223s][info][gc             ] GC(2430) Pause Young (Allocation Failure) 468M->176M(486M) 0.832ms
[908.224s][info][gc,cpu         ] GC(2430) User=0.00s Sys=0.00s Real=0.00s
[908.320s][info][gc,start       ] GC(2431) Pause Young (Allocation Failure)
[908.321s][info][gc,heap        ] GC(2431) PSYoungGen: 302144K(316416K)->64K(316416K) Eden: 302080K(302080K)->0K(302080K) From: 64K(14336K)->64K(14336K)
[908.321s][info][gc,heap        ] GC(2431) ParOldGen: 180788K(181248K)->180796K(181248K)
[908.321s][info][gc,metaspace   ] GC(2431) Metaspace: 35731K(36416K)->35731K(36416K) NonClass: 26527K(27072K)->26527K(27072K) Class: 9204K(9344K)->9204K(9344K)
[908.321s][info][gc             ] GC(2431) Pause Young (Allocation Failure) 471M->176M(486M) 0.937ms
[908.321s][info][gc,cpu         ] GC(2431) User=0.00s Sys=0.00s Real=0.00s
[908.463s][info][gc,start       ] GC(2432) Pause Young (Allocation Failure)
[908.464s][info][gc,heap        ] GC(2432) PSYoungGen: 302144K(316416K)->64K(290304K) Eden: 302080K(302080K)->0K(289792K) From: 64K(14336K)->64K(512K)
[908.464s][info][gc,heap        ] GC(2432) ParOldGen: 180796K(181248K)->180804K(181248K)
[908.464s][info][gc,metaspace   ] GC(2432) Metaspace: 35731K(36416K)->35731K(36416K) NonClass: 26527K(27072K)->26527K(27072K) Class: 9204K(9344K)->9204K(9344K)
[908.464s][info][gc             ] GC(2432) Pause Young (Allocation Failure) 471M->176M(460M) 0.904ms
[908.464s][info][gc,cpu         ] GC(2432) User=0.00s Sys=0.00s Real=0.00s
[908.862s][info][gc,start       ] GC(2433) Pause Young (Allocation Failure)
[908.862s][info][gc,heap        ] GC(2433) PSYoungGen: 289856K(290304K)->64K(291328K) Eden: 289792K(289792K)->0K(278528K) From: 64K(512K)->64K(12800K)
[908.863s][info][gc,heap        ] GC(2433) ParOldGen: 180804K(181248K)->180812K(181248K)
[908.863s][info][gc,metaspace   ] GC(2433) Metaspace: 35731K(36416K)->35731K(36416K) NonClass: 26527K(27072K)->26527K(27072K) Class: 9204K(9344K)->9204K(9344K)
[908.863s][info][gc             ] GC(2433) Pause Young (Allocation Failure) 459M->176M(461M) 0.893ms
[908.863s][info][gc,cpu         ] GC(2433) User=0.00s Sys=0.00s Real=0.01s
[909.481s][info][gc,start       ] GC(2434) Pause Young (Allocation Failure)
[909.482s][info][gc,heap        ] GC(2434) PSYoungGen: 278592K(291328K)->83K(268288K) Eden: 278528K(278528K)->0K(267776K) From: 64K(12800K)->83K(512K)
[909.482s][info][gc,heap        ] GC(2434) ParOldGen: 180812K(181248K)->180820K(181248K)
[909.482s][info][gc,metaspace   ] GC(2434) Metaspace: 35731K(36416K)->35731K(36416K) NonClass: 26527K(27072K)->26527K(27072K) Class: 9204K(9344K)->9204K(9344K)
[909.482s][info][gc             ] GC(2434) Pause Young (Allocation Failure) 448M->176M(439M) 1.048ms
[909.482s][info][gc,cpu         ] GC(2434) User=0.01s Sys=0.00s Real=0.01s
[910.409s][info][gc,start       ] GC(2435) Pause Young (Allocation Failure)
[910.409s][info][gc,heap        ] GC(2435) PSYoungGen: 267859K(268288K)->64K(268800K) Eden: 267776K(267776K)->0K(257536K) From: 83K(512K)->64K(11264K)
[910.409s][info][gc,heap        ] GC(2435) ParOldGen: 180820K(181248K)->180828K(181248K)
[910.409s][info][gc,metaspace   ] GC(2435) Metaspace: 35731K(36416K)->35731K(36416K) NonClass: 26527K(27072K)->26527K(27072K) Class: 9204K(9344K)->9204K(9344K)
[910.410s][info][gc             ] GC(2435) Pause Young (Allocation Failure) 438M->176M(439M) 1.008ms
[910.410s][info][gc,cpu         ] GC(2435) User=0.00s Sys=0.00s Real=0.00s
[910.835s][info][gc,start       ] GC(2436) Pause Young (Allocation Failure)
[910.837s][info][gc,heap        ] GC(2436) PSYoungGen: 257600K(268800K)->64K(248320K) Eden: 257536K(257536K)->0K(247808K) From: 64K(11264K)->64K(512K)
[910.837s][info][gc,heap        ] GC(2436) ParOldGen: 180828K(181248K)->180836K(181248K)
[910.837s][info][gc,metaspace   ] GC(2436) Metaspace: 35731K(36416K)->35731K(36416K) NonClass: 26527K(27072K)->26527K(27072K) Class: 9204K(9344K)->9204K(9344K)
[910.837s][info][gc             ] GC(2436) Pause Young (Allocation Failure) 428M->176M(419M) 1.680ms
[910.837s][info][gc,cpu         ] GC(2436) User=0.01s Sys=0.00s Real=0.00s
[911.793s][info][gc,start       ] GC(2437) Pause Young (Allocation Failure)
[911.795s][info][gc,heap        ] GC(2437) PSYoungGen: 247872K(248320K)->64K(248320K) Eden: 247808K(247808K)->0K(238592K) From: 64K(512K)->64K(9728K)
[911.795s][info][gc,heap        ] GC(2437) ParOldGen: 180836K(181248K)->180844K(181248K)
[911.795s][info][gc,metaspace   ] GC(2437) Metaspace: 35731K(36416K)->35731K(36416K) NonClass: 26527K(27072K)->26527K(27072K) Class: 9204K(9344K)->9204K(9344K)
[911.795s][info][gc             ] GC(2437) Pause Young (Allocation Failure) 418M->176M(419M) 1.361ms
[911.795s][info][gc,cpu         ] GC(2437) User=0.00s Sys=0.00s Real=0.00s
[912.173s][info][gc,start       ] GC(2438) Pause Young (Allocation Failure)
[912.175s][info][gc,heap        ] GC(2438) PSYoungGen: 238656K(248320K)->64K(229888K) Eden: 238592K(238592K)->0K(229376K) From: 64K(9728K)->64K(512K)
[912.175s][info][gc,heap        ] GC(2438) ParOldGen: 180844K(181248K)->180860K(181248K)
[912.175s][info][gc,metaspace   ] GC(2438) Metaspace: 35731K(36416K)->35731K(36416K) NonClass: 26527K(27072K)->26527K(27072K) Class: 9204K(9344K)->9204K(9344K)
[912.175s][info][gc             ] GC(2438) Pause Young (Allocation Failure) 409M->176M(401M) 1.964ms
[912.175s][info][gc,cpu         ] GC(2438) User=0.00s Sys=0.00s Real=0.00s
[912.326s][info][gc,start       ] GC(2439) Pause Young (Allocation Failure)
[912.327s][info][gc,heap        ] GC(2439) PSYoungGen: 229440K(229888K)->64K(229376K) Eden: 229376K(229376K)->0K(220672K) From: 64K(512K)->64K(8704K)
[912.327s][info][gc,heap        ] GC(2439) ParOldGen: 180860K(181248K)->180876K(181248K)
[912.327s][info][gc,metaspace   ] GC(2439) Metaspace: 35731K(36416K)->35731K(36416K) NonClass: 26527K(27072K)->26527K(27072K) Class: 9204K(9344K)->9204K(9344K)
[912.327s][info][gc             ] GC(2439) Pause Young (Allocation Failure) 400M->176M(401M) 1.193ms
[912.327s][info][gc,cpu         ] GC(2439) User=0.00s Sys=0.00s Real=0.00s
[912.464s][info][gc,start       ] GC(2440) Pause Young (Allocation Failure)
[912.466s][info][gc,heap        ] GC(2440) PSYoungGen: 220736K(229376K)->64K(212992K) Eden: 220672K(220672K)->0K(212480K) From: 64K(8704K)->64K(512K)
[912.466s][info][gc,heap        ] GC(2440) ParOldGen: 180876K(181248K)->180892K(181248K)
[912.466s][info][gc,metaspace   ] GC(2440) Metaspace: 35731K(36416K)->35731K(36416K) NonClass: 26527K(27072K)->26527K(27072K) Class: 9204K(9344K)->9204K(9344K)
[912.466s][info][gc             ] GC(2440) Pause Young (Allocation Failure) 392M->176M(385M) 2.129ms
[912.467s][info][gc,cpu         ] GC(2440) User=0.00s Sys=0.00s Real=0.00s
[912.984s][info][gc,start       ] GC(2441) Pause Young (Allocation Failure)
[912.985s][info][gc,heap        ] GC(2441) PSYoungGen: 212544K(212992K)->64K(211968K) Eden: 212480K(212480K)->0K(204800K) From: 64K(512K)->64K(7168K)
[912.985s][info][gc,heap        ] GC(2441) ParOldGen: 180892K(181248K)->180900K(181248K)
[912.986s][info][gc,metaspace   ] GC(2441) Metaspace: 35731K(36416K)->35731K(36416K) NonClass: 26527K(27072K)->26527K(27072K) Class: 9204K(9344K)->9204K(9344K)
[912.986s][info][gc             ] GC(2441) Pause Young (Allocation Failure) 384M->176M(384M) 1.470ms
[912.986s][info][gc,cpu         ] GC(2441) User=0.00s Sys=0.00s Real=0.00s
[913.154s][info][gc,start       ] GC(2442) Pause Young (Allocation Failure)
[913.156s][info][gc,heap        ] GC(2442) PSYoungGen: 204864K(211968K)->32K(198144K) Eden: 204800K(204800K)->0K(197632K) From: 64K(7168K)->32K(512K)
[913.156s][info][gc,heap        ] GC(2442) ParOldGen: 180900K(181248K)->180908K(181248K)
[913.156s][info][gc,metaspace   ] GC(2442) Metaspace: 35731K(36416K)->35731K(36416K) NonClass: 26527K(27072K)->26527K(27072K) Class: 9204K(9344K)->9204K(9344K)
[913.156s][info][gc             ] GC(2442) Pause Young (Allocation Failure) 376M->176M(370M) 1.879ms
[913.156s][info][gc,cpu         ] GC(2442) User=0.00s Sys=0.00s Real=0.00s
[913.426s][info][gc,start       ] GC(2443) Pause Young (Allocation Failure)
[913.452s][info][gc,heap        ] GC(2443) PSYoungGen: 197664K(198144K)->6656K(243200K) Eden: 197632K(197632K)->0K(236544K) From: 32K(512K)->6656K(6656K)
[913.452s][info][gc,heap        ] GC(2443) ParOldGen: 180908K(181248K)->187004K(187392K)
[913.452s][info][gc,metaspace   ] GC(2443) Metaspace: 35731K(36416K)->35731K(36416K) NonClass: 26527K(27072K)->26527K(27072K) Class: 9204K(9344K)->9204K(9344K)
[913.452s][info][gc             ] GC(2443) Pause Young (Allocation Failure) 369M->189M(420M) 26.102ms
[913.452s][info][gc,cpu         ] GC(2443) User=0.04s Sys=0.01s Real=0.03s
[913.731s][info][gc,start       ] GC(2444) Pause Young (Allocation Failure)
[913.785s][info][gc,heap        ] GC(2444) PSYoungGen: 243200K(243200K)->6656K(256512K) Eden: 236544K(236544K)->0K(249856K) From: 6656K(6656K)->6656K(6656K)
[913.785s][info][gc,heap        ] GC(2444) ParOldGen: 187004K(187392K)->207284K(207360K)
[913.785s][info][gc,metaspace   ] GC(2444) Metaspace: 35731K(36416K)->35731K(36416K) NonClass: 26527K(27072K)->26527K(27072K) Class: 9204K(9344K)->9204K(9344K)
[913.785s][info][gc             ] GC(2444) Pause Young (Allocation Failure) 420M->208M(453M) 53.749ms
[913.785s][info][gc,cpu         ] GC(2444) User=0.09s Sys=0.01s Real=0.06s
[914.038s][info][gc,start       ] GC(2445) Pause Young (Allocation Failure)
[914.080s][info][gc,heap        ] GC(2445) PSYoungGen: 256512K(256512K)->18944K(268800K) Eden: 249856K(249856K)->0K(249856K) From: 6656K(6656K)->18944K(18944K)
[914.080s][info][gc,heap        ] GC(2445) ParOldGen: 207284K(207360K)->211996K(212480K)
[914.080s][info][gc,metaspace   ] GC(2445) Metaspace: 35731K(36416K)->35731K(36416K) NonClass: 26527K(27072K)->26527K(27072K) Class: 9204K(9344K)->9204K(9344K)
[914.080s][info][gc             ] GC(2445) Pause Young (Allocation Failure) 452M->225M(470M) 41.558ms
[914.080s][info][gc,cpu         ] GC(2445) User=0.07s Sys=0.01s Real=0.04s
[914.186s][info][gc,start       ] GC(2446) Pause Young (Allocation Failure)
[914.188s][info][gc,heap        ] GC(2446) PSYoungGen: 268800K(268800K)->64K(310272K) Eden: 249856K(249856K)->0K(285696K) From: 18944K(18944K)->64K(24576K)
[914.188s][info][gc,heap        ] GC(2446) ParOldGen: 211996K(212480K)->212116K(212480K)
[914.188s][info][gc,metaspace   ] GC(2446) Metaspace: 35731K(36416K)->35731K(36416K) NonClass: 26527K(27072K)->26527K(27072K) Class: 9204K(9344K)->9204K(9344K)
[914.188s][info][gc             ] GC(2446) Pause Young (Allocation Failure) 469M->207M(510M) 2.205ms
[914.188s][info][gc,cpu         ] GC(2446) User=0.01s Sys=0.00s Real=0.00s
[914.880s][info][gc,start       ] GC(2447) Pause Young (Allocation Failure)
[914.881s][info][gc,heap        ] GC(2447) PSYoungGen: 285760K(310272K)->64K(286208K) Eden: 285696K(285696K)->0K(285696K) From: 64K(24576K)->64K(512K)
[914.881s][info][gc,heap        ] GC(2447) ParOldGen: 212116K(212480K)->212132K(212480K)
[914.881s][info][gc,metaspace   ] GC(2447) Metaspace: 35731K(36416K)->35731K(36416K) NonClass: 26527K(27072K)->26527K(27072K) Class: 9204K(9344K)->9204K(9344K)
[914.881s][info][gc             ] GC(2447) Pause Young (Allocation Failure) 486M->207M(487M) 1.018ms
[914.881s][info][gc,cpu         ] GC(2447) User=0.00s Sys=0.00s Real=0.00s
[915.231s][info][gc,start       ] GC(2448) Pause Young (Allocation Failure)
[915.232s][info][gc,heap        ] GC(2448) PSYoungGen: 285760K(286208K)->64K(309760K) Eden: 285696K(285696K)->0K(286720K) From: 64K(512K)->64K(23040K)
[915.232s][info][gc,heap        ] GC(2448) ParOldGen: 212132K(212480K)->212132K(212480K)
[915.232s][info][gc,metaspace   ] GC(2448) Metaspace: 35731K(36416K)->35731K(36416K) NonClass: 26527K(27072K)->26527K(27072K) Class: 9204K(9344K)->9204K(9344K)
[915.232s][info][gc             ] GC(2448) Pause Young (Allocation Failure) 486M->207M(510M) 0.995ms
[915.232s][info][gc,cpu         ] GC(2448) User=0.00s Sys=0.00s Real=0.01s
[915.661s][info][gc,start       ] GC(2449) Pause Young (Allocation Failure)
[915.662s][info][gc,heap        ] GC(2449) PSYoungGen: 286784K(309760K)->64K(308736K) Eden: 286720K(286720K)->0K(286720K) From: 64K(23040K)->64K(22016K)
[915.662s][info][gc,heap        ] GC(2449) ParOldGen: 212132K(212480K)->212148K(212480K)
[915.662s][info][gc,metaspace   ] GC(2449) Metaspace: 35731K(36416K)->35731K(36416K) NonClass: 26527K(27072K)->26527K(27072K) Class: 9204K(9344K)->9204K(9344K)
[915.662s][info][gc             ] GC(2449) Pause Young (Allocation Failure) 487M->207M(509M) 1.028ms
[915.662s][info][gc,cpu         ] GC(2449) User=0.00s Sys=0.00s Real=0.01s
[915.897s][info][gc,start       ] GC(2450) Pause Young (Allocation Failure)
[915.898s][info][gc,heap        ] GC(2450) PSYoungGen: 286784K(308736K)->64K(310784K) Eden: 286720K(286720K)->0K(289792K) From: 64K(22016K)->64K(20992K)
[915.898s][info][gc,heap        ] GC(2450) ParOldGen: 212148K(212480K)->212164K(212480K)
[915.898s][info][gc,metaspace   ] GC(2450) Metaspace: 35731K(36416K)->35731K(36416K) NonClass: 26527K(27072K)->26527K(27072K) Class: 9204K(9344K)->9204K(9344K)
[915.898s][info][gc             ] GC(2450) Pause Young (Allocation Failure) 487M->207M(511M) 0.867ms
[915.898s][info][gc,cpu         ] GC(2450) User=0.00s Sys=0.00s Real=0.00s
[916.276s][info][gc,start       ] GC(2451) Pause Young (Allocation Failure)
[916.277s][info][gc,heap        ] GC(2451) PSYoungGen: 289856K(310784K)->64K(309760K) Eden: 289792K(289792K)->0K(289792K) From: 64K(20992K)->64K(19968K)
[916.277s][info][gc,heap        ] GC(2451) ParOldGen: 212164K(212480K)->212164K(212480K)
[916.277s][info][gc,metaspace   ] GC(2451) Metaspace: 35731K(36416K)->35731K(36416K) NonClass: 26527K(27072K)->26527K(27072K) Class: 9204K(9344K)->9204K(9344K)
[916.277s][info][gc             ] GC(2451) Pause Young (Allocation Failure) 490M->207M(510M) 0.970ms
[916.277s][info][gc,cpu         ] GC(2451) User=0.00s Sys=0.00s Real=0.00s
[916.334s][info][gc,start       ] GC(2452) Pause Young (Allocation Failure)
[916.335s][info][gc,heap        ] GC(2452) PSYoungGen: 289856K(309760K)->64K(312832K) Eden: 289792K(289792K)->0K(293888K) From: 64K(19968K)->64K(18944K)
[916.335s][info][gc,heap        ] GC(2452) ParOldGen: 212164K(212480K)->212172K(212480K)
[916.335s][info][gc,metaspace   ] GC(2452) Metaspace: 35731K(36416K)->35731K(36416K) NonClass: 26527K(27072K)->26527K(27072K) Class: 9204K(9344K)->9204K(9344K)
[916.335s][info][gc             ] GC(2452) Pause Young (Allocation Failure) 490M->207M(513M) 0.787ms
[916.335s][info][gc,cpu         ] GC(2452) User=0.00s Sys=0.00s Real=0.00s
[916.388s][info][gc,start       ] GC(2453) Pause Young (Allocation Failure)
[916.389s][info][gc,heap        ] GC(2453) PSYoungGen: 293952K(312832K)->64K(311808K) Eden: 293888K(293888K)->0K(293888K) From: 64K(18944K)->64K(17920K)
[916.389s][info][gc,heap        ] GC(2453) ParOldGen: 212172K(212480K)->212188K(212480K)
[916.389s][info][gc,metaspace   ] GC(2453) Metaspace: 35731K(36416K)->35731K(36416K) NonClass: 26527K(27072K)->26527K(27072K) Class: 9204K(9344K)->9204K(9344K)
[916.389s][info][gc             ] GC(2453) Pause Young (Allocation Failure) 494M->207M(512M) 0.896ms
[916.389s][info][gc,cpu         ] GC(2453) User=0.00s Sys=0.00s Real=0.00s
[916.612s][info][gc,start       ] GC(2454) Pause Young (Allocation Failure)
[916.613s][info][gc,heap        ] GC(2454) PSYoungGen: 293952K(311808K)->64K(314880K) Eden: 293888K(293888K)->0K(297984K) From: 64K(17920K)->64K(16896K)
[916.613s][info][gc,heap        ] GC(2454) ParOldGen: 212188K(212480K)->212188K(212480K)
[916.613s][info][gc,metaspace   ] GC(2454) Metaspace: 35731K(36416K)->35731K(36416K) NonClass: 26527K(27072K)->26527K(27072K) Class: 9204K(9344K)->9204K(9344K)
[916.613s][info][gc             ] GC(2454) Pause Young (Allocation Failure) 494M->207M(515M) 0.868ms
[916.613s][info][gc,cpu         ] GC(2454) User=0.00s Sys=0.00s Real=0.00s
[916.872s][info][gc,start       ] GC(2455) Pause Young (Allocation Failure)
[916.873s][info][gc,heap        ] GC(2455) PSYoungGen: 298048K(314880K)->64K(314368K) Eden: 297984K(297984K)->0K(297984K) From: 64K(16896K)->64K(16384K)
[916.873s][info][gc,heap        ] GC(2455) ParOldGen: 212188K(212480K)->212196K(212480K)
[916.873s][info][gc,metaspace   ] GC(2455) Metaspace: 35731K(36416K)->35731K(36416K) NonClass: 26527K(27072K)->26527K(27072K) Class: 9204K(9344K)->9204K(9344K)
[916.873s][info][gc             ] GC(2455) Pause Young (Allocation Failure) 498M->207M(514M) 0.937ms
[916.873s][info][gc,cpu         ] GC(2455) User=0.00s Sys=0.00s Real=0.00s
[916.988s][info][gc,start       ] GC(2456) Pause Young (Allocation Failure)
[916.989s][info][gc,heap        ] GC(2456) PSYoungGen: 298048K(314368K)->64K(286720K) Eden: 297984K(297984K)->0K(286208K) From: 64K(16384K)->64K(512K)
[916.989s][info][gc,heap        ] GC(2456) ParOldGen: 212196K(212480K)->212204K(212480K)
[916.989s][info][gc,metaspace   ] GC(2456) Metaspace: 35731K(36416K)->35731K(36416K) NonClass: 26527K(27072K)->26527K(27072K) Class: 9204K(9344K)->9204K(9344K)
[916.989s][info][gc             ] GC(2456) Pause Young (Allocation Failure) 498M->207M(487M) 0.946ms
[916.989s][info][gc,cpu         ] GC(2456) User=0.00s Sys=0.00s Real=0.00s
[917.100s][info][gc,start       ] GC(2457) Pause Young (Allocation Failure)
[917.101s][info][gc,heap        ] GC(2457) PSYoungGen: 286272K(286720K)->64K(289280K) Eden: 286208K(286208K)->0K(274944K) From: 64K(512K)->64K(14336K)
[917.101s][info][gc,heap        ] GC(2457) ParOldGen: 212204K(212480K)->212212K(212480K)
[917.101s][info][gc,metaspace   ] GC(2457) Metaspace: 35731K(36416K)->35731K(36416K) NonClass: 26527K(27072K)->26527K(27072K) Class: 9204K(9344K)->9204K(9344K)
[917.101s][info][gc             ] GC(2457) Pause Young (Allocation Failure) 486M->207M(490M) 0.829ms
[917.101s][info][gc,cpu         ] GC(2457) User=0.00s Sys=0.00s Real=0.00s
[917.333s][info][gc,start       ] GC(2458) Pause Young (Allocation Failure)
[917.334s][info][gc,heap        ] GC(2458) PSYoungGen: 275008K(289280K)->64K(264704K) Eden: 274944K(274944K)->0K(264192K) From: 64K(14336K)->64K(512K)
[917.334s][info][gc,heap        ] GC(2458) ParOldGen: 212212K(212480K)->212220K(212480K)
[917.334s][info][gc,metaspace   ] GC(2458) Metaspace: 35731K(36416K)->35731K(36416K) NonClass: 26527K(27072K)->26527K(27072K) Class: 9204K(9344K)->9204K(9344K)
[917.334s][info][gc             ] GC(2458) Pause Young (Allocation Failure) 475M->207M(466M) 0.960ms
[917.334s][info][gc,cpu         ] GC(2458) User=0.00s Sys=0.00s Real=0.00s
[918.147s][info][gc,start       ] GC(2459) Pause Young (Allocation Failure)
[918.148s][info][gc,heap        ] GC(2459) PSYoungGen: 264256K(264704K)->83K(266752K) Eden: 264192K(264192K)->0K(253952K) From: 64K(512K)->83K(12800K)
[918.148s][info][gc,heap        ] GC(2459) ParOldGen: 212220K(212480K)->212228K(212480K)
[918.148s][info][gc,metaspace   ] GC(2459) Metaspace: 35731K(36416K)->35731K(36416K) NonClass: 26527K(27072K)->26527K(27072K) Class: 9204K(9344K)->9204K(9344K)
[918.148s][info][gc             ] GC(2459) Pause Young (Allocation Failure) 465M->207M(468M) 0.879ms
[918.148s][info][gc,cpu         ] GC(2459) User=0.00s Sys=0.00s Real=0.00s
[918.975s][info][gc,start       ] GC(2460) Pause Young (Allocation Failure)
[918.977s][info][gc,heap        ] GC(2460) PSYoungGen: 254035K(266752K)->64K(244736K) Eden: 253952K(253952K)->0K(244224K) From: 83K(12800K)->64K(512K)
[918.977s][info][gc,heap        ] GC(2460) ParOldGen: 212228K(212480K)->212236K(212480K)
[918.977s][info][gc,metaspace   ] GC(2460) Metaspace: 35731K(36416K)->35731K(36416K) NonClass: 26527K(27072K)->26527K(27072K) Class: 9204K(9344K)->9204K(9344K)
[918.977s][info][gc             ] GC(2460) Pause Young (Allocation Failure) 455M->207M(446M) 1.302ms
[918.977s][info][gc,cpu         ] GC(2460) User=0.00s Sys=0.00s Real=0.00s
[919.289s][info][gc,start       ] GC(2461) Pause Young (Allocation Failure)
[919.291s][info][gc,heap        ] GC(2461) PSYoungGen: 244288K(244736K)->64K(246272K) Eden: 244224K(244224K)->0K(235008K) From: 64K(512K)->64K(11264K)
[919.291s][info][gc,heap        ] GC(2461) ParOldGen: 212236K(212480K)->212252K(212480K)
[919.291s][info][gc,metaspace   ] GC(2461) Metaspace: 35731K(36416K)->35731K(36416K) NonClass: 26527K(27072K)->26527K(27072K) Class: 9204K(9344K)->9204K(9344K)
[919.291s][info][gc             ] GC(2461) Pause Young (Allocation Failure) 445M->207M(448M) 1.529ms
[919.291s][info][gc,cpu         ] GC(2461) User=0.00s Sys=0.00s Real=0.00s
[919.662s][info][gc,start       ] GC(2462) Pause Young (Allocation Failure)
[919.663s][info][gc,heap        ] GC(2462) PSYoungGen: 235072K(246272K)->64K(226816K) Eden: 235008K(235008K)->0K(226304K) From: 64K(11264K)->64K(512K)
[919.663s][info][gc,heap        ] GC(2462) ParOldGen: 212252K(212480K)->212260K(212480K)
[919.663s][info][gc,metaspace   ] GC(2462) Metaspace: 35731K(36416K)->35731K(36416K) NonClass: 26527K(27072K)->26527K(27072K) Class: 9204K(9344K)->9204K(9344K)
[919.663s][info][gc             ] GC(2462) Pause Young (Allocation Failure) 436M->207M(429M) 1.586ms
[919.663s][info][gc,cpu         ] GC(2462) User=0.00s Sys=0.00s Real=0.01s
[920.589s][info][gc,start       ] GC(2463) Pause Young (Allocation Failure)
[920.589s][info][gc,heap        ] GC(2463) PSYoungGen: 226368K(226816K)->64K(227840K) Eden: 226304K(226304K)->0K(218112K) From: 64K(512K)->64K(9728K)
[920.589s][info][gc,heap        ] GC(2463) ParOldGen: 212260K(212480K)->212268K(212480K)
[920.589s][info][gc,metaspace   ] GC(2463) Metaspace: 35731K(36416K)->35731K(36416K) NonClass: 26527K(27072K)->26527K(27072K) Class: 9204K(9344K)->9204K(9344K)
[920.589s][info][gc             ] GC(2463) Pause Young (Allocation Failure) 428M->207M(430M) 0.787ms
[920.589s][info][gc,cpu         ] GC(2463) User=0.01s Sys=0.00s Real=0.00s
[920.904s][info][gc,start       ] GC(2464) Pause Young (Allocation Failure)
[920.906s][info][gc,heap        ] GC(2464) PSYoungGen: 218176K(227840K)->64K(210432K) Eden: 218112K(218112K)->0K(209920K) From: 64K(9728K)->64K(512K)
[920.906s][info][gc,heap        ] GC(2464) ParOldGen: 212268K(212480K)->212276K(212480K)
[920.906s][info][gc,metaspace   ] GC(2464) Metaspace: 35731K(36416K)->35731K(36416K) NonClass: 26527K(27072K)->26527K(27072K) Class: 9204K(9344K)->9204K(9344K)
[920.906s][info][gc             ] GC(2464) Pause Young (Allocation Failure) 420M->207M(413M) 1.787ms
[920.906s][info][gc,cpu         ] GC(2464) User=0.00s Sys=0.01s Real=0.00s
[921.025s][info][gc,start       ] GC(2465) Pause Young (Allocation Failure)
[921.026s][info][gc,heap        ] GC(2465) PSYoungGen: 209984K(210432K)->64K(210432K) Eden: 209920K(209920K)->0K(202240K) From: 64K(512K)->64K(8192K)
[921.026s][info][gc,heap        ] GC(2465) ParOldGen: 212276K(212480K)->212284K(212480K)
[921.026s][info][gc,metaspace   ] GC(2465) Metaspace: 35731K(36416K)->35731K(36416K) NonClass: 26527K(27072K)->26527K(27072K) Class: 9204K(9344K)->9204K(9344K)
[921.026s][info][gc             ] GC(2465) Pause Young (Allocation Failure) 412M->207M(413M) 0.793ms
[921.026s][info][gc,cpu         ] GC(2465) User=0.00s Sys=0.00s Real=0.00s
[921.229s][info][gc,start       ] GC(2466) Pause Young (Allocation Failure)
[921.231s][info][gc,heap        ] GC(2466) PSYoungGen: 202304K(210432K)->32K(195584K) Eden: 202240K(202240K)->0K(195072K) From: 64K(8192K)->32K(512K)
[921.231s][info][gc,heap        ] GC(2466) ParOldGen: 212284K(212480K)->212292K(212480K)
[921.231s][info][gc,metaspace   ] GC(2466) Metaspace: 35731K(36416K)->35731K(36416K) NonClass: 26527K(27072K)->26527K(27072K) Class: 9204K(9344K)->9204K(9344K)
[921.231s][info][gc             ] GC(2466) Pause Young (Allocation Failure) 404M->207M(398M) 2.179ms
[921.231s][info][gc,cpu         ] GC(2466) User=0.00s Sys=0.00s Real=0.00s
[921.674s][info][gc,start       ] GC(2467) Pause Young (Allocation Failure)
[921.675s][info][gc,heap        ] GC(2467) PSYoungGen: 195104K(195584K)->32K(195072K) Eden: 195072K(195072K)->0K(187904K) From: 32K(512K)->32K(7168K)
[921.675s][info][gc,heap        ] GC(2467) ParOldGen: 212292K(212480K)->212300K(212480K)
[921.675s][info][gc,metaspace   ] GC(2467) Metaspace: 35731K(36416K)->35731K(36416K) NonClass: 26527K(27072K)->26527K(27072K) Class: 9204K(9344K)->9204K(9344K)
[921.675s][info][gc             ] GC(2467) Pause Young (Allocation Failure) 397M->207M(398M) 1.303ms
[921.675s][info][gc,cpu         ] GC(2467) User=0.00s Sys=0.00s Real=0.00s
[921.835s][info][gc,start       ] GC(2468) Pause Young (Allocation Failure)
[921.837s][info][gc,heap        ] GC(2468) PSYoungGen: 187936K(195072K)->32K(181760K) Eden: 187904K(187904K)->0K(181248K) From: 32K(7168K)->32K(512K)
[921.837s][info][gc,heap        ] GC(2468) ParOldGen: 212300K(212480K)->212308K(212480K)
[921.837s][info][gc,metaspace   ] GC(2468) Metaspace: 35731K(36416K)->35731K(36416K) NonClass: 26527K(27072K)->26527K(27072K) Class: 9204K(9344K)->9204K(9344K)
[921.837s][info][gc             ] GC(2468) Pause Young (Allocation Failure) 390M->207M(385M) 1.851ms
[921.837s][info][gc,cpu         ] GC(2468) User=0.00s Sys=0.00s Real=0.00s
[922.089s][info][gc,start       ] GC(2469) Pause Young (Allocation Failure)
[922.109s][info][gc,heap        ] GC(2469) PSYoungGen: 181280K(181760K)->6144K(222720K) Eden: 181248K(181248K)->0K(216576K) From: 32K(512K)->6144K(6144K)
[922.109s][info][gc,heap        ] GC(2469) ParOldGen: 212308K(212480K)->216684K(217088K)
[922.109s][info][gc,metaspace   ] GC(2469) Metaspace: 35731K(36416K)->35731K(36416K) NonClass: 26527K(27072K)->26527K(27072K) Class: 9204K(9344K)->9204K(9344K)
[922.109s][info][gc             ] GC(2469) Pause Young (Allocation Failure) 384M->217M(429M) 19.671ms
[922.109s][info][gc,cpu         ] GC(2469) User=0.03s Sys=0.00s Real=0.02s
[922.364s][info][gc,start       ] GC(2470) Pause Young (Allocation Failure)
[922.412s][info][gc,heap        ] GC(2470) PSYoungGen: 222720K(222720K)->6144K(243200K) Eden: 216576K(216576K)->0K(237056K) From: 6144K(6144K)->6144K(6144K)
[922.412s][info][gc,heap        ] GC(2470) ParOldGen: 216684K(217088K)->235172K(235520K)
[922.412s][info][gc,metaspace   ] GC(2470) Metaspace: 35731K(36416K)->35731K(36416K) NonClass: 26527K(27072K)->26527K(27072K) Class: 9204K(9344K)->9204K(9344K)
[922.412s][info][gc             ] GC(2470) Pause Young (Allocation Failure) 429M->235M(467M) 48.109ms
[922.412s][info][gc,cpu         ] GC(2470) User=0.08s Sys=0.01s Real=0.04s
[922.692s][info][gc,start       ] GC(2471) Pause Young (Allocation Failure)
[922.741s][info][gc,heap        ] GC(2471) PSYoungGen: 243200K(243200K)->17408K(254464K) Eden: 237056K(237056K)->0K(237056K) From: 6144K(6144K)->17408K(17408K)
[922.741s][info][gc,heap        ] GC(2471) ParOldGen: 235172K(235520K)->245068K(245248K)
[922.741s][info][gc,metaspace   ] GC(2471) Metaspace: 35731K(36416K)->35731K(36416K) NonClass: 26527K(27072K)->26527K(27072K) Class: 9204K(9344K)->9204K(9344K)
[922.741s][info][gc             ] GC(2471) Pause Young (Allocation Failure) 467M->256M(488M) 49.631ms
[922.741s][info][gc,cpu         ] GC(2471) User=0.09s Sys=0.01s Real=0.04s
[922.821s][info][gc,start       ] GC(2472) Pause Young (Allocation Failure)
[922.827s][info][gc,heap        ] GC(2472) PSYoungGen: 254464K(254464K)->832K(307200K) Eden: 237056K(237056K)->0K(284672K) From: 17408K(17408K)->832K(22528K)
[922.827s][info][gc,heap        ] GC(2472) ParOldGen: 245068K(245248K)->245324K(245760K)
[922.827s][info][gc,metaspace   ] GC(2472) Metaspace: 35731K(36416K)->35731K(36416K) NonClass: 26527K(27072K)->26527K(27072K) Class: 9204K(9344K)->9204K(9344K)
[922.827s][info][gc             ] GC(2472) Pause Young (Allocation Failure) 487M->240M(540M) 5.814ms
[922.827s][info][gc,cpu         ] GC(2472) User=0.01s Sys=0.00s Real=0.01s
[923.416s][info][gc,start       ] GC(2473) Pause Young (Allocation Failure)
[923.417s][info][gc,heap        ] GC(2473) PSYoungGen: 285504K(307200K)->64K(308224K) Eden: 284672K(284672K)->0K(284672K) From: 832K(22528K)->64K(23552K)
[923.417s][info][gc,heap        ] GC(2473) ParOldGen: 245324K(245760K)->245332K(245760K)
[923.417s][info][gc,metaspace   ] GC(2473) Metaspace: 35731K(36416K)->35731K(36416K) NonClass: 26527K(27072K)->26527K(27072K) Class: 9204K(9344K)->9204K(9344K)
[923.417s][info][gc             ] GC(2473) Pause Young (Allocation Failure) 518M->239M(541M) 1.105ms
[923.417s][info][gc,cpu         ] GC(2473) User=0.00s Sys=0.00s Real=0.00s
[923.834s][info][gc,start       ] GC(2474) Pause Young (Allocation Failure)
[923.835s][info][gc,heap        ] GC(2474) PSYoungGen: 284736K(308224K)->64K(307712K) Eden: 284672K(284672K)->0K(287232K) From: 64K(23552K)->64K(20480K)
[923.835s][info][gc,heap        ] GC(2474) ParOldGen: 245332K(245760K)->245340K(245760K)
[923.835s][info][gc,metaspace   ] GC(2474) Metaspace: 35731K(36416K)->35731K(36416K) NonClass: 26527K(27072K)->26527K(27072K) Class: 9204K(9344K)->9204K(9344K)
[923.835s][info][gc             ] GC(2474) Pause Young (Allocation Failure) 517M->239M(540M) 1.090ms
[923.835s][info][gc,cpu         ] GC(2474) User=0.00s Sys=0.00s Real=0.00s
[924.300s][info][gc,start       ] GC(2475) Pause Young (Allocation Failure)
[924.301s][info][gc,heap        ] GC(2475) PSYoungGen: 287296K(307712K)->64K(309248K) Eden: 287232K(287232K)->0K(287232K) From: 64K(20480K)->64K(22016K)
[924.301s][info][gc,heap        ] GC(2475) ParOldGen: 245340K(245760K)->245356K(245760K)
[924.301s][info][gc,metaspace   ] GC(2475) Metaspace: 35731K(36416K)->35731K(36416K) NonClass: 26527K(27072K)->26527K(27072K) Class: 9204K(9344K)->9204K(9344K)
[924.301s][info][gc             ] GC(2475) Pause Young (Allocation Failure) 520M->239M(542M) 1.064ms
[924.301s][info][gc,cpu         ] GC(2475) User=0.00s Sys=0.00s Real=0.00s
[924.537s][info][gc,start       ] GC(2476) Pause Young (Allocation Failure)
[924.538s][info][gc,heap        ] GC(2476) PSYoungGen: 287296K(309248K)->64K(309248K) Eden: 287232K(287232K)->0K(290816K) From: 64K(22016K)->64K(18432K)
[924.538s][info][gc,heap        ] GC(2476) ParOldGen: 245356K(245760K)->245372K(245760K)
[924.538s][info][gc,metaspace   ] GC(2476) Metaspace: 35731K(36416K)->35731K(36416K) NonClass: 26527K(27072K)->26527K(27072K) Class: 9204K(9344K)->9204K(9344K)
[924.538s][info][gc             ] GC(2476) Pause Young (Allocation Failure) 520M->239M(542M) 1.008ms
[924.538s][info][gc,cpu         ] GC(2476) User=0.00s Sys=0.00s Real=0.00s
[924.903s][info][gc,start       ] GC(2477) Pause Young (Allocation Failure)
[924.904s][info][gc,heap        ] GC(2477) PSYoungGen: 290880K(309248K)->64K(310784K) Eden: 290816K(290816K)->0K(290816K) From: 64K(18432K)->64K(19968K)
[924.904s][info][gc,heap        ] GC(2477) ParOldGen: 245372K(245760K)->245372K(245760K)
[924.904s][info][gc,metaspace   ] GC(2477) Metaspace: 35731K(36416K)->35731K(36416K) NonClass: 26527K(27072K)->26527K(27072K) Class: 9204K(9344K)->9204K(9344K)
[924.904s][info][gc             ] GC(2477) Pause Young (Allocation Failure) 523M->239M(543M) 1.166ms
[924.904s][info][gc,cpu         ] GC(2477) User=0.00s Sys=0.00s Real=0.00s
[925.017s][info][gc,start       ] GC(2478) Pause Young (Allocation Failure)
[925.018s][info][gc,heap        ] GC(2478) PSYoungGen: 290880K(310784K)->64K(311296K) Eden: 290816K(290816K)->0K(294912K) From: 64K(19968K)->64K(16384K)
[925.018s][info][gc,heap        ] GC(2478) ParOldGen: 245372K(245760K)->245380K(245760K)
[925.018s][info][gc,metaspace   ] GC(2478) Metaspace: 35731K(36416K)->35731K(36416K) NonClass: 26527K(27072K)->26527K(27072K) Class: 9204K(9344K)->9204K(9344K)
[925.018s][info][gc             ] GC(2478) Pause Young (Allocation Failure) 523M->239M(544M) 1.020ms
[925.018s][info][gc,cpu         ] GC(2478) User=0.00s Sys=0.00s Real=0.00s
[925.075s][info][gc,start       ] GC(2479) Pause Young (Allocation Failure)
[925.076s][info][gc,heap        ] GC(2479) PSYoungGen: 294976K(311296K)->32K(312832K) Eden: 294912K(294912K)->0K(294912K) From: 64K(16384K)->32K(17920K)
[925.076s][info][gc,heap        ] GC(2479) ParOldGen: 245380K(245760K)->245396K(245760K)
[925.076s][info][gc,metaspace   ] GC(2479) Metaspace: 35731K(36416K)->35731K(36416K) NonClass: 26527K(27072K)->26527K(27072K) Class: 9204K(9344K)->9204K(9344K)
[925.076s][info][gc             ] GC(2479) Pause Young (Allocation Failure) 527M->239M(545M) 1.158ms
[925.076s][info][gc,cpu         ] GC(2479) User=0.00s Sys=0.00s Real=0.00s
[925.252s][info][gc,start       ] GC(2480) Pause Young (Allocation Failure)
[925.253s][info][gc,heap        ] GC(2480) PSYoungGen: 294944K(312832K)->64K(314368K) Eden: 294912K(294912K)->0K(299008K) From: 32K(17920K)->64K(15360K)
[925.253s][info][gc,heap        ] GC(2480) ParOldGen: 245396K(245760K)->245396K(245760K)
[925.253s][info][gc,metaspace   ] GC(2480) Metaspace: 35731K(36416K)->35731K(36416K) NonClass: 26527K(27072K)->26527K(27072K) Class: 9204K(9344K)->9204K(9344K)
[925.253s][info][gc             ] GC(2480) Pause Young (Allocation Failure) 527M->239M(547M) 1.166ms
[925.253s][info][gc,cpu         ] GC(2480) User=0.01s Sys=0.00s Real=0.00s
[925.527s][info][gc,start       ] GC(2481) Pause Young (Allocation Failure)
[925.528s][info][gc,heap        ] GC(2481) PSYoungGen: 299072K(314368K)->64K(315392K) Eden: 299008K(299008K)->0K(299008K) From: 64K(15360K)->64K(16384K)
[925.528s][info][gc,heap        ] GC(2481) ParOldGen: 245396K(245760K)->245404K(245760K)
[925.528s][info][gc,metaspace   ] GC(2481) Metaspace: 35731K(36416K)->35731K(36416K) NonClass: 26527K(27072K)->26527K(27072K) Class: 9204K(9344K)->9204K(9344K)
[925.528s][info][gc             ] GC(2481) Pause Young (Allocation Failure) 531M->239M(548M) 1.033ms
[925.528s][info][gc,cpu         ] GC(2481) User=0.00s Sys=0.00s Real=0.00s
[925.671s][info][gc,start       ] GC(2482) Pause Young (Allocation Failure)
[925.672s][info][gc,heap        ] GC(2482) PSYoungGen: 299072K(315392K)->64K(315392K) Eden: 299008K(299008K)->0K(302080K) From: 64K(16384K)->64K(13312K)
[925.672s][info][gc,heap        ] GC(2482) ParOldGen: 245404K(245760K)->245412K(245760K)
[925.672s][info][gc,metaspace   ] GC(2482) Metaspace: 35731K(36416K)->35731K(36416K) NonClass: 26527K(27072K)->26527K(27072K) Class: 9204K(9344K)->9204K(9344K)
[925.672s][info][gc             ] GC(2482) Pause Young (Allocation Failure) 531M->239M(548M) 0.976ms
[925.672s][info][gc,cpu         ] GC(2482) User=0.00s Sys=0.00s Real=0.01s
[925.774s][info][gc,start       ] GC(2483) Pause Young (Allocation Failure)
[925.775s][info][gc,heap        ] GC(2483) PSYoungGen: 302144K(315392K)->64K(316416K) Eden: 302080K(302080K)->0K(302080K) From: 64K(13312K)->64K(14336K)
[925.775s][info][gc,heap        ] GC(2483) ParOldGen: 245412K(245760K)->245420K(245760K)
[925.775s][info][gc,metaspace   ] GC(2483) Metaspace: 35731K(36416K)->35731K(36416K) NonClass: 26527K(27072K)->26527K(27072K) Class: 9204K(9344K)->9204K(9344K)
[925.775s][info][gc             ] GC(2483) Pause Young (Allocation Failure) 534M->239M(549M) 0.990ms
[925.775s][info][gc,cpu         ] GC(2483) User=0.00s Sys=0.00s Real=0.00s
[925.982s][info][gc,start       ] GC(2484) Pause Young (Allocation Failure)
[925.983s][info][gc,heap        ] GC(2484) PSYoungGen: 302144K(316416K)->64K(290304K) Eden: 302080K(302080K)->0K(289792K) From: 64K(14336K)->64K(512K)
[925.983s][info][gc,heap        ] GC(2484) ParOldGen: 245420K(245760K)->245428K(245760K)
[925.983s][info][gc,metaspace   ] GC(2484) Metaspace: 35731K(36416K)->35731K(36416K) NonClass: 26527K(27072K)->26527K(27072K) Class: 9204K(9344K)->9204K(9344K)
[925.983s][info][gc             ] GC(2484) Pause Young (Allocation Failure) 534M->239M(523M) 0.976ms
[925.983s][info][gc,cpu         ] GC(2484) User=0.00s Sys=0.00s Real=0.00s
[926.846s][info][gc,start       ] GC(2485) Pause Young (Allocation Failure)
[926.847s][info][gc,heap        ] GC(2485) PSYoungGen: 289856K(290304K)->64K(291328K) Eden: 289792K(289792K)->0K(278528K) From: 64K(512K)->64K(12800K)
[926.847s][info][gc,heap        ] GC(2485) ParOldGen: 245428K(245760K)->245436K(245760K)
[926.847s][info][gc,metaspace   ] GC(2485) Metaspace: 35731K(36416K)->35731K(36416K) NonClass: 26527K(27072K)->26527K(27072K) Class: 9204K(9344K)->9204K(9344K)
[926.847s][info][gc             ] GC(2485) Pause Young (Allocation Failure) 522M->239M(524M) 0.973ms
[926.847s][info][gc,cpu         ] GC(2485) User=0.00s Sys=0.00s Real=0.00s
[927.706s][info][gc,start       ] GC(2486) Pause Young (Allocation Failure)
[927.707s][info][gc,heap        ] GC(2486) PSYoungGen: 278592K(291328K)->64K(268288K) Eden: 278528K(278528K)->0K(267776K) From: 64K(12800K)->64K(512K)
[927.707s][info][gc,heap        ] GC(2486) ParOldGen: 245436K(245760K)->245444K(245760K)
[927.707s][info][gc,metaspace   ] GC(2486) Metaspace: 35731K(36416K)->35731K(36416K) NonClass: 26527K(27072K)->26527K(27072K) Class: 9204K(9344K)->9204K(9344K)
[927.707s][info][gc             ] GC(2486) Pause Young (Allocation Failure) 511M->239M(502M) 1.136ms
[927.707s][info][gc,cpu         ] GC(2486) User=0.00s Sys=0.00s Real=0.00s
[928.092s][info][gc,start       ] GC(2487) Pause Young (Allocation Failure)
[928.093s][info][gc,heap        ] GC(2487) PSYoungGen: 267840K(268288K)->64K(268800K) Eden: 267776K(267776K)->0K(257536K) From: 64K(512K)->64K(11264K)
[928.093s][info][gc,heap        ] GC(2487) ParOldGen: 245444K(245760K)->245452K(245760K)
[928.093s][info][gc,metaspace   ] GC(2487) Metaspace: 35731K(36416K)->35731K(36416K) NonClass: 26527K(27072K)->26527K(27072K) Class: 9204K(9344K)->9204K(9344K)
[928.093s][info][gc             ] GC(2487) Pause Young (Allocation Failure) 501M->239M(502M) 0.912ms
[928.093s][info][gc,cpu         ] GC(2487) User=0.00s Sys=0.00s Real=0.01s
[929.114s][info][gc,start       ] GC(2488) Pause Young (Allocation Failure)
[929.115s][info][gc,heap        ] GC(2488) PSYoungGen: 257600K(268800K)->64K(248320K) Eden: 257536K(257536K)->0K(247808K) From: 64K(11264K)->64K(512K)
[929.115s][info][gc,heap        ] GC(2488) ParOldGen: 245452K(245760K)->245460K(245760K)
[929.115s][info][gc,metaspace   ] GC(2488) Metaspace: 35731K(36416K)->35731K(36416K) NonClass: 26527K(27072K)->26527K(27072K) Class: 9204K(9344K)->9204K(9344K)
[929.115s][info][gc             ] GC(2488) Pause Young (Allocation Failure) 491M->239M(482M) 1.213ms
[929.115s][info][gc,cpu         ] GC(2488) User=0.00s Sys=0.00s Real=0.00s
[929.501s][info][gc,start       ] GC(2489) Pause Young (Allocation Failure)
[929.501s][info][gc,heap        ] GC(2489) PSYoungGen: 247872K(248320K)->64K(248320K) Eden: 247808K(247808K)->0K(238592K) From: 64K(512K)->64K(9728K)
[929.501s][info][gc,heap        ] GC(2489) ParOldGen: 245460K(245760K)->245468K(245760K)
[929.501s][info][gc,metaspace   ] GC(2489) Metaspace: 35731K(36416K)->35731K(36416K) NonClass: 26527K(27072K)->26527K(27072K) Class: 9204K(9344K)->9204K(9344K)
[929.501s][info][gc             ] GC(2489) Pause Young (Allocation Failure) 481M->239M(482M) 0.852ms
[929.501s][info][gc,cpu         ] GC(2489) User=0.00s Sys=0.00s Real=0.00s
[929.676s][info][gc,start       ] GC(2490) Pause Young (Allocation Failure)
[929.678s][info][gc,heap        ] GC(2490) PSYoungGen: 238656K(248320K)->64K(229888K) Eden: 238592K(238592K)->0K(229376K) From: 64K(9728K)->64K(512K)
[929.678s][info][gc,heap        ] GC(2490) ParOldGen: 245468K(245760K)->245476K(245760K)
[929.678s][info][gc,metaspace   ] GC(2490) Metaspace: 35731K(36416K)->35731K(36416K) NonClass: 26527K(27072K)->26527K(27072K) Class: 9204K(9344K)->9204K(9344K)
[929.678s][info][gc             ] GC(2490) Pause Young (Allocation Failure) 472M->239M(464M) 1.734ms
[929.678s][info][gc,cpu         ] GC(2490) User=0.00s Sys=0.00s Real=0.00s
[929.773s][info][gc,start       ] GC(2491) Pause Young (Allocation Failure)
[929.774s][info][gc,heap        ] GC(2491) PSYoungGen: 229440K(229888K)->64K(228864K) Eden: 229376K(229376K)->0K(220672K) From: 64K(512K)->64K(8192K)
[929.774s][info][gc,heap        ] GC(2491) ParOldGen: 245476K(245760K)->245484K(245760K)
[929.774s][info][gc,metaspace   ] GC(2491) Metaspace: 35731K(36416K)->35731K(36416K) NonClass: 26527K(27072K)->26527K(27072K) Class: 9204K(9344K)->9204K(9344K)
[929.774s][info][gc             ] GC(2491) Pause Young (Allocation Failure) 463M->239M(463M) 0.829ms
[929.774s][info][gc,cpu         ] GC(2491) User=0.01s Sys=0.00s Real=0.00s
[930.307s][info][gc,start       ] GC(2492) Pause Young (Allocation Failure)
[930.308s][info][gc,heap        ] GC(2492) PSYoungGen: 220736K(228864K)->64K(212992K) Eden: 220672K(220672K)->0K(212480K) From: 64K(8192K)->64K(512K)
[930.308s][info][gc,heap        ] GC(2492) ParOldGen: 245484K(245760K)->245492K(245760K)
[930.308s][info][gc,metaspace   ] GC(2492) Metaspace: 35731K(36416K)->35731K(36416K) NonClass: 26527K(27072K)->26527K(27072K) Class: 9204K(9344K)->9204K(9344K)
[930.308s][info][gc             ] GC(2492) Pause Young (Allocation Failure) 455M->239M(448M) 1.392ms
[930.308s][info][gc,cpu         ] GC(2492) User=0.00s Sys=0.00s Real=0.00s
[930.491s][info][gc,start       ] GC(2493) Pause Young (Allocation Failure)
[930.492s][info][gc,heap        ] GC(2493) PSYoungGen: 212544K(212992K)->64K(211968K) Eden: 212480K(212480K)->0K(204800K) From: 64K(512K)->64K(7168K)
[930.492s][info][gc,heap        ] GC(2493) ParOldGen: 245492K(245760K)->245500K(245760K)
[930.492s][info][gc,metaspace   ] GC(2493) Metaspace: 35731K(36416K)->35731K(36416K) NonClass: 26527K(27072K)->26527K(27072K) Class: 9204K(9344K)->9204K(9344K)
[930.492s][info][gc             ] GC(2493) Pause Young (Allocation Failure) 447M->239M(447M) 0.867ms
[930.492s][info][gc,cpu         ] GC(2493) User=0.00s Sys=0.00s Real=0.01s
[930.775s][info][gc,start       ] GC(2494) Pause Young (Allocation Failure)
[930.796s][info][gc,heap        ] GC(2494) PSYoungGen: 204864K(211968K)->6656K(251392K) Eden: 204800K(204800K)->0K(244736K) From: 64K(7168K)->6656K(6656K)
[930.796s][info][gc,heap        ] GC(2494) ParOldGen: 245500K(245760K)->250724K(250880K)
[930.796s][info][gc,metaspace   ] GC(2494) Metaspace: 35731K(36416K)->35731K(36416K) NonClass: 26527K(27072K)->26527K(27072K) Class: 9204K(9344K)->9204K(9344K)
[930.796s][info][gc             ] GC(2494) Pause Young (Allocation Failure) 439M->251M(490M) 20.939ms
[930.796s][info][gc,cpu         ] GC(2494) User=0.04s Sys=0.01s Real=0.02s
[931.084s][info][gc,start       ] GC(2495) Pause Young (Allocation Failure)
[931.136s][info][gc,heap        ] GC(2495) PSYoungGen: 251392K(251392K)->10240K(272896K) Eden: 244736K(244736K)->0K(262656K) From: 6656K(6656K)->10240K(10240K)
[931.136s][info][gc,heap        ] GC(2495) ParOldGen: 250724K(250880K)->268316K(268800K)
[931.136s][info][gc,metaspace   ] GC(2495) Metaspace: 35731K(36416K)->35731K(36416K) NonClass: 26527K(27072K)->26527K(27072K) Class: 9204K(9344K)->9204K(9344K)
[931.137s][info][gc             ] GC(2495) Pause Young (Allocation Failure) 490M->272M(529M) 53.007ms
[931.137s][info][gc,cpu         ] GC(2495) User=0.09s Sys=0.01s Real=0.05s
[931.393s][info][gc,start       ] GC(2496) Pause Young (Allocation Failure)
[931.444s][info][gc,heap        ] GC(2496) PSYoungGen: 272896K(272896K)->18944K(303616K) Eden: 262656K(262656K)->0K(284672K) From: 10240K(10240K)->18944K(18944K)
[931.444s][info][gc,heap        ] GC(2496) ParOldGen: 268316K(268800K)->272908K(273408K)
[931.444s][info][gc,metaspace   ] GC(2496) Metaspace: 35731K(36416K)->35731K(36416K) NonClass: 26527K(27072K)->26527K(27072K) Class: 9204K(9344K)->9204K(9344K)
[931.444s][info][gc             ] GC(2496) Pause Young (Allocation Failure) 528M->285M(563M) 50.488ms
[931.444s][info][gc,cpu         ] GC(2496) User=0.09s Sys=0.02s Real=0.05s
[931.661s][info][gc,start       ] GC(2497) Pause Young (Allocation Failure)
[931.663s][info][gc,heap        ] GC(2497) PSYoungGen: 303616K(303616K)->64K(309248K) Eden: 284672K(284672K)->0K(284672K) From: 18944K(18944K)->64K(24576K)
[931.663s][info][gc,heap        ] GC(2497) ParOldGen: 272908K(273408K)->273028K(273408K)
[931.663s][info][gc,metaspace   ] GC(2497) Metaspace: 35731K(36416K)->35731K(36416K) NonClass: 26527K(27072K)->26527K(27072K) Class: 9204K(9344K)->9204K(9344K)
[931.663s][info][gc             ] GC(2497) Pause Young (Allocation Failure) 563M->266M(569M) 2.367ms
[931.663s][info][gc,cpu         ] GC(2497) User=0.01s Sys=0.00s Real=0.01s
[932.321s][info][gc,start       ] GC(2498) Pause Young (Allocation Failure)
[932.322s][info][gc,heap        ] GC(2498) PSYoungGen: 284736K(309248K)->64K(306688K) Eden: 284672K(284672K)->0K(285184K) From: 64K(24576K)->64K(21504K)
[932.322s][info][gc,heap        ] GC(2498) ParOldGen: 273028K(273408K)->273036K(273408K)
[932.322s][info][gc,metaspace   ] GC(2498) Metaspace: 35731K(36416K)->35731K(36416K) NonClass: 26527K(27072K)->26527K(27072K) Class: 9204K(9344K)->9204K(9344K)
[932.322s][info][gc             ] GC(2498) Pause Young (Allocation Failure) 544M->266M(566M) 1.148ms
[932.322s][info][gc,cpu         ] GC(2498) User=0.00s Sys=0.00s Real=0.01s
[932.818s][info][gc,start       ] GC(2499) Pause Young (Allocation Failure)
[932.819s][info][gc,heap        ] GC(2499) PSYoungGen: 285248K(306688K)->64K(308224K) Eden: 285184K(285184K)->0K(285184K) From: 64K(21504K)->64K(23040K)
[932.819s][info][gc,heap        ] GC(2499) ParOldGen: 273036K(273408K)->273052K(273408K)
[932.819s][info][gc,metaspace   ] GC(2499) Metaspace: 35731K(36416K)->35731K(36416K) NonClass: 26527K(27072K)->26527K(27072K) Class: 9204K(9344K)->9204K(9344K)
[932.819s][info][gc             ] GC(2499) Pause Young (Allocation Failure) 545M->266M(568M) 1.196ms
[932.819s][info][gc,cpu         ] GC(2499) User=0.00s Sys=0.00s Real=0.00s
[933.052s][info][gc,start       ] GC(2500) Pause Young (Allocation Failure)
[933.053s][info][gc,heap        ] GC(2500) PSYoungGen: 285248K(308224K)->64K(309248K) Eden: 285184K(285184K)->0K(288768K) From: 64K(23040K)->64K(20480K)
[933.053s][info][gc,heap        ] GC(2500) ParOldGen: 273052K(273408K)->273068K(273408K)
[933.053s][info][gc,metaspace   ] GC(2500) Metaspace: 35731K(36416K)->35731K(36416K) NonClass: 26527K(27072K)->26527K(27072K) Class: 9204K(9344K)->9204K(9344K)
[933.053s][info][gc             ] GC(2500) Pause Young (Allocation Failure) 545M->266M(569M) 1.052ms
[933.053s][info][gc,cpu         ] GC(2500) User=0.00s Sys=0.00s Real=0.00s
[933.294s][info][gc,start       ] GC(2501) Pause Young (Allocation Failure)
[933.295s][info][gc,heap        ] GC(2501) PSYoungGen: 288832K(309248K)->64K(310272K) Eden: 288768K(288768K)->0K(288768K) From: 64K(20480K)->64K(21504K)
[933.295s][info][gc,heap        ] GC(2501) ParOldGen: 273068K(273408K)->273068K(273408K)
[933.295s][info][gc,metaspace   ] GC(2501) Metaspace: 35731K(36416K)->35731K(36416K) NonClass: 26527K(27072K)->26527K(27072K) Class: 9204K(9344K)->9204K(9344K)
[933.295s][info][gc             ] GC(2501) Pause Young (Allocation Failure) 548M->266M(570M) 1.107ms
[933.295s][info][gc,cpu         ] GC(2501) User=0.00s Sys=0.00s Real=0.00s
[933.645s][info][gc,start       ] GC(2502) Pause Young (Allocation Failure)
[933.646s][info][gc,heap        ] GC(2502) PSYoungGen: 288832K(310272K)->64K(310272K) Eden: 288768K(288768K)->0K(291840K) From: 64K(21504K)->64K(18432K)
[933.646s][info][gc,heap        ] GC(2502) ParOldGen: 273068K(273408K)->273068K(273408K)
[933.646s][info][gc,metaspace   ] GC(2502) Metaspace: 35731K(36416K)->35731K(36416K) NonClass: 26527K(27072K)->26527K(27072K) Class: 9204K(9344K)->9204K(9344K)
[933.646s][info][gc             ] GC(2502) Pause Young (Allocation Failure) 548M->266M(570M) 1.132ms
[933.646s][info][gc,cpu         ] GC(2502) User=0.00s Sys=0.00s Real=0.00s
[933.698s][info][gc,start       ] GC(2503) Pause Young (Allocation Failure)
[933.699s][info][gc,heap        ] GC(2503) PSYoungGen: 291904K(310272K)->64K(311296K) Eden: 291840K(291840K)->0K(291840K) From: 64K(18432K)->64K(19456K)
[933.699s][info][gc,heap        ] GC(2503) ParOldGen: 273068K(273408K)->273084K(273408K)
[933.699s][info][gc,metaspace   ] GC(2503) Metaspace: 35731K(36416K)->35731K(36416K) NonClass: 26527K(27072K)->26527K(27072K) Class: 9204K(9344K)->9204K(9344K)
[933.699s][info][gc             ] GC(2503) Pause Young (Allocation Failure) 551M->266M(571M) 0.964ms
[933.699s][info][gc,cpu         ] GC(2503) User=0.00s Sys=0.00s Real=0.00s
[933.750s][info][gc,start       ] GC(2504) Pause Young (Allocation Failure)
[933.750s][info][gc,heap        ] GC(2504) PSYoungGen: 291904K(311296K)->64K(312320K) Eden: 291840K(291840K)->0K(295936K) From: 64K(19456K)->64K(16384K)
[933.750s][info][gc,heap        ] GC(2504) ParOldGen: 273084K(273408K)->273084K(273408K)
[933.750s][info][gc,metaspace   ] GC(2504) Metaspace: 35731K(36416K)->35731K(36416K) NonClass: 26527K(27072K)->26527K(27072K) Class: 9204K(9344K)->9204K(9344K)
[933.751s][info][gc             ] GC(2504) Pause Young (Allocation Failure) 551M->266M(572M) 0.944ms
[933.751s][info][gc,cpu         ] GC(2504) User=0.00s Sys=0.00s Real=0.00s
[934.012s][info][gc,start       ] GC(2505) Pause Young (Allocation Failure)
[934.013s][info][gc,heap        ] GC(2505) PSYoungGen: 295999K(312320K)->64K(313344K) Eden: 295935K(295936K)->0K(295936K) From: 64K(16384K)->64K(17408K)
[934.013s][info][gc,heap        ] GC(2505) ParOldGen: 273084K(273408K)->273084K(273408K)
[934.013s][info][gc,metaspace   ] GC(2505) Metaspace: 35731K(36416K)->35731K(36416K) NonClass: 26527K(27072K)->26527K(27072K) Class: 9204K(9344K)->9204K(9344K)
[934.013s][info][gc             ] GC(2505) Pause Young (Allocation Failure) 555M->266M(573M) 1.022ms
[934.013s][info][gc,cpu         ] GC(2505) User=0.00s Sys=0.00s Real=0.00s
[934.256s][info][gc,start       ] GC(2506) Pause Young (Allocation Failure)
[934.257s][info][gc,heap        ] GC(2506) PSYoungGen: 296000K(313344K)->64K(314368K) Eden: 295936K(295936K)->0K(300032K) From: 64K(17408K)->64K(14336K)
[934.257s][info][gc,heap        ] GC(2506) ParOldGen: 273084K(273408K)->273092K(273408K)
[934.257s][info][gc,metaspace   ] GC(2506) Metaspace: 35731K(36416K)->35731K(36416K) NonClass: 26527K(27072K)->26527K(27072K) Class: 9204K(9344K)->9204K(9344K)
[934.257s][info][gc             ] GC(2506) Pause Young (Allocation Failure) 555M->266M(574M) 1.084ms
[934.257s][info][gc,cpu         ] GC(2506) User=0.00s Sys=0.00s Real=0.00s
[934.355s][info][gc,start       ] GC(2507) Pause Young (Allocation Failure)
[934.356s][info][gc,heap        ] GC(2507) PSYoungGen: 300096K(314368K)->64K(315392K) Eden: 300032K(300032K)->0K(300032K) From: 64K(14336K)->64K(15360K)
[934.356s][info][gc,heap        ] GC(2507) ParOldGen: 273092K(273408K)->273100K(273408K)
[934.356s][info][gc,metaspace   ] GC(2507) Metaspace: 35731K(36416K)->35731K(36416K) NonClass: 26527K(27072K)->26527K(27072K) Class: 9204K(9344K)->9204K(9344K)
[934.356s][info][gc             ] GC(2507) Pause Young (Allocation Failure) 559M->266M(575M) 1.145ms
[934.356s][info][gc,cpu         ] GC(2507) User=0.00s Sys=0.00s Real=0.00s
[934.494s][info][gc,start       ] GC(2508) Pause Young (Allocation Failure)
[934.495s][info][gc,heap        ] GC(2508) PSYoungGen: 300096K(315392K)->64K(317440K) Eden: 300032K(300032K)->0K(304128K) From: 64K(15360K)->64K(13312K)
[934.495s][info][gc,heap        ] GC(2508) ParOldGen: 273100K(273408K)->273108K(273408K)
[934.495s][info][gc,metaspace   ] GC(2508) Metaspace: 35731K(36416K)->35731K(36416K) NonClass: 26527K(27072K)->26527K(27072K) Class: 9204K(9344K)->9204K(9344K)
[934.495s][info][gc             ] GC(2508) Pause Young (Allocation Failure) 559M->266M(577M) 1.109ms
[934.495s][info][gc,cpu         ] GC(2508) User=0.00s Sys=0.00s Real=0.00s
[934.909s][info][gc,start       ] GC(2509) Pause Young (Allocation Failure)
[934.911s][info][gc,heap        ] GC(2509) PSYoungGen: 304192K(317440K)->64K(292352K) Eden: 304128K(304128K)->0K(291840K) From: 64K(13312K)->64K(512K)
[934.911s][info][gc,heap        ] GC(2509) ParOldGen: 273108K(273408K)->273116K(273408K)
[934.911s][info][gc,metaspace   ] GC(2509) Metaspace: 35731K(36416K)->35731K(36416K) NonClass: 26527K(27072K)->26527K(27072K) Class: 9204K(9344K)->9204K(9344K)
[934.911s][info][gc             ] GC(2509) Pause Young (Allocation Failure) 563M->266M(552M) 1.875ms
[934.911s][info][gc,cpu         ] GC(2509) User=0.01s Sys=0.00s Real=0.00s
[935.521s][info][gc,start       ] GC(2510) Pause Young (Allocation Failure)
[935.522s][info][gc,heap        ] GC(2510) PSYoungGen: 291904K(292352K)->83K(280576K) Eden: 291840K(291840K)->0K(280064K) From: 64K(512K)->83K(512K)
[935.522s][info][gc,heap        ] GC(2510) ParOldGen: 273116K(273408K)->273124K(273408K)
[935.522s][info][gc,metaspace   ] GC(2510) Metaspace: 35731K(36416K)->35731K(36416K) NonClass: 26527K(27072K)->26527K(27072K) Class: 9204K(9344K)->9204K(9344K)
[935.522s][info][gc             ] GC(2510) Pause Young (Allocation Failure) 551M->266M(541M) 1.535ms
[935.522s][info][gc,cpu         ] GC(2510) User=0.01s Sys=0.00s Real=0.01s
[936.454s][info][gc,start       ] GC(2511) Pause Young (Allocation Failure)
[936.455s][info][gc,heap        ] GC(2511) PSYoungGen: 280147K(280576K)->64K(281088K) Eden: 280064K(280064K)->0K(269312K) From: 83K(512K)->64K(11776K)
[936.455s][info][gc,heap        ] GC(2511) ParOldGen: 273124K(273408K)->273132K(273408K)
[936.455s][info][gc,metaspace   ] GC(2511) Metaspace: 35731K(36416K)->35731K(36416K) NonClass: 26527K(27072K)->26527K(27072K) Class: 9204K(9344K)->9204K(9344K)
[936.455s][info][gc             ] GC(2511) Pause Young (Allocation Failure) 540M->266M(541M) 0.988ms
[936.455s][info][gc,cpu         ] GC(2511) User=0.01s Sys=0.00s Real=0.00s
[936.887s][info][gc,start       ] GC(2512) Pause Young (Allocation Failure)
[936.888s][info][gc,heap        ] GC(2512) PSYoungGen: 269376K(281088K)->64K(259584K) Eden: 269312K(269312K)->0K(259072K) From: 64K(11776K)->64K(512K)
[936.888s][info][gc,heap        ] GC(2512) ParOldGen: 273132K(273408K)->273140K(273408K)
[936.888s][info][gc,metaspace   ] GC(2512) Metaspace: 35731K(36416K)->35731K(36416K) NonClass: 26527K(27072K)->26527K(27072K) Class: 9204K(9344K)->9204K(9344K)
[936.888s][info][gc             ] GC(2512) Pause Young (Allocation Failure) 529M->266M(520M) 1.551ms
[936.888s][info][gc,cpu         ] GC(2512) User=0.00s Sys=0.00s Real=0.00s
[937.889s][info][gc,start       ] GC(2513) Pause Young (Allocation Failure)
[937.891s][info][gc,heap        ] GC(2513) PSYoungGen: 259136K(259584K)->64K(259584K) Eden: 259072K(259072K)->0K(249344K) From: 64K(512K)->64K(10240K)
[937.891s][info][gc,heap        ] GC(2513) ParOldGen: 273140K(273408K)->273148K(273408K)
[937.891s][info][gc,metaspace   ] GC(2513) Metaspace: 35731K(36416K)->35731K(36416K) NonClass: 26527K(27072K)->26527K(27072K) Class: 9204K(9344K)->9204K(9344K)
[937.891s][info][gc             ] GC(2513) Pause Young (Allocation Failure) 519M->266M(520M) 1.384ms
[937.891s][info][gc,cpu         ] GC(2513) User=0.00s Sys=0.00s Real=0.00s
[938.236s][info][gc,start       ] GC(2514) Pause Young (Allocation Failure)
[938.238s][info][gc,heap        ] GC(2514) PSYoungGen: 249408K(259584K)->64K(240128K) Eden: 249344K(249344K)->0K(239616K) From: 64K(10240K)->64K(512K)
[938.238s][info][gc,heap        ] GC(2514) ParOldGen: 273148K(273408K)->273156K(273408K)
[938.238s][info][gc,metaspace   ] GC(2514) Metaspace: 35731K(36416K)->35731K(36416K) NonClass: 26527K(27072K)->26527K(27072K) Class: 9204K(9344K)->9204K(9344K)
[938.238s][info][gc             ] GC(2514) Pause Young (Allocation Failure) 510M->266M(501M) 1.884ms
[938.238s][info][gc,cpu         ] GC(2514) User=0.00s Sys=0.00s Real=0.00s
[938.364s][info][gc,start       ] GC(2515) Pause Young (Allocation Failure)
[938.364s][info][gc,heap        ] GC(2515) PSYoungGen: 239680K(240128K)->64K(239616K) Eden: 239616K(239616K)->0K(230400K) From: 64K(512K)->64K(9216K)
[938.364s][info][gc,heap        ] GC(2515) ParOldGen: 273156K(273408K)->273164K(273408K)
[938.364s][info][gc,metaspace   ] GC(2515) Metaspace: 35731K(36416K)->35731K(36416K) NonClass: 26527K(27072K)->26527K(27072K) Class: 9204K(9344K)->9204K(9344K)
[938.364s][info][gc             ] GC(2515) Pause Young (Allocation Failure) 500M->266M(501M) 0.870ms
[938.364s][info][gc,cpu         ] GC(2515) User=0.00s Sys=0.00s Real=0.00s
[938.706s][info][gc,start       ] GC(2516) Pause Young (Allocation Failure)
[938.707s][info][gc,heap        ] GC(2516) PSYoungGen: 230464K(239616K)->64K(222208K) Eden: 230400K(230400K)->0K(221696K) From: 64K(9216K)->64K(512K)
[938.707s][info][gc,heap        ] GC(2516) ParOldGen: 273164K(273408K)->273172K(273408K)
[938.707s][info][gc,metaspace   ] GC(2516) Metaspace: 35731K(36416K)->35731K(36416K) NonClass: 26527K(27072K)->26527K(27072K) Class: 9204K(9344K)->9204K(9344K)
[938.707s][info][gc             ] GC(2516) Pause Young (Allocation Failure) 491M->266M(484M) 1.459ms
[938.708s][info][gc,cpu         ] GC(2516) User=0.00s Sys=0.00s Real=0.00s
[939.032s][info][gc,start       ] GC(2517) Pause Young (Allocation Failure)
[939.033s][info][gc,heap        ] GC(2517) PSYoungGen: 221760K(222208K)->64K(221184K) Eden: 221696K(221696K)->0K(213504K) From: 64K(512K)->64K(7680K)
[939.033s][info][gc,heap        ] GC(2517) ParOldGen: 273172K(273408K)->273180K(273408K)
[939.033s][info][gc,metaspace   ] GC(2517) Metaspace: 35731K(36416K)->35731K(36416K) NonClass: 26527K(27072K)->26527K(27072K) Class: 9204K(9344K)->9204K(9344K)
[939.033s][info][gc             ] GC(2517) Pause Young (Allocation Failure) 483M->266M(483M) 0.974ms
[939.033s][info][gc,cpu         ] GC(2517) User=0.00s Sys=0.00s Real=0.00s
[939.332s][info][gc,start       ] GC(2518) Pause Young (Allocation Failure)
[939.336s][info][gc,heap        ] GC(2518) PSYoungGen: 213568K(221184K)->2400K(208384K) Eden: 213504K(213504K)->0K(205824K) From: 64K(7680K)->2400K(2560K)
[939.336s][info][gc,heap        ] GC(2518) ParOldGen: 273180K(273408K)->273188K(273408K)
[939.336s][info][gc,metaspace   ] GC(2518) Metaspace: 35733K(36416K)->35733K(36416K) NonClass: 26528K(27072K)->26528K(27072K) Class: 9204K(9344K)->9204K(9344K)
[939.336s][info][gc             ] GC(2518) Pause Young (Allocation Failure) 475M->269M(470M) 4.415ms
[939.336s][info][gc,cpu         ] GC(2518) User=0.00s Sys=0.00s Real=0.00s
[939.580s][info][gc,start       ] GC(2519) Pause Young (Allocation Failure)
[939.624s][info][gc,heap        ] GC(2519) PSYoungGen: 208224K(208384K)->7168K(253952K) Eden: 205824K(205824K)->0K(246784K) From: 2400K(2560K)->7168K(7168K)
[939.624s][info][gc,heap        ] GC(2519) ParOldGen: 273188K(273408K)->289316K(289792K)
[939.624s][info][gc,metaspace   ] GC(2519) Metaspace: 35733K(36416K)->35733K(36416K) NonClass: 26528K(27072K)->26528K(27072K) Class: 9204K(9344K)->9204K(9344K)
[939.624s][info][gc             ] GC(2519) Pause Young (Allocation Failure) 470M->289M(531M) 44.236ms
[939.624s][info][gc,cpu         ] GC(2519) User=0.07s Sys=0.01s Real=0.05s
[939.917s][info][gc,start       ] GC(2520) Pause Young (Allocation Failure)
[939.976s][info][gc,heap        ] GC(2520) PSYoungGen: 253952K(253952K)->9216K(253440K) Eden: 246784K(246784K)->0K(244224K) From: 7168K(7168K)->9216K(9216K)
[939.976s][info][gc,heap        ] GC(2520) ParOldGen: 289316K(289792K)->308468K(308736K)
[939.976s][info][gc,metaspace   ] GC(2520) Metaspace: 35733K(36416K)->35733K(36416K) NonClass: 26528K(27072K)->26528K(27072K) Class: 9204K(9344K)->9204K(9344K)
[939.976s][info][gc             ] GC(2520) Pause Young (Allocation Failure) 530M->310M(549M) 58.673ms
[939.976s][info][gc,cpu         ] GC(2520) User=0.11s Sys=0.02s Real=0.06s
[940.123s][info][gc,start       ] GC(2521) Pause Young (Allocation Failure)
[940.141s][info][gc,heap        ] GC(2521) PSYoungGen: 253440K(253440K)->9088K(267264K) Eden: 244224K(244224K)->0K(244224K) From: 9216K(9216K)->9088K(23040K)
[940.141s][info][gc,heap        ] GC(2521) ParOldGen: 308468K(308736K)->308980K(309248K)
[940.141s][info][gc,metaspace   ] GC(2521) Metaspace: 35733K(36416K)->35733K(36416K) NonClass: 26528K(27072K)->26528K(27072K) Class: 9204K(9344K)->9204K(9344K)
[940.141s][info][gc             ] GC(2521) Pause Young (Allocation Failure) 548M->310M(563M) 18.925ms
[940.141s][info][gc,cpu         ] GC(2521) User=0.03s Sys=0.00s Real=0.01s
[940.486s][info][gc,start       ] GC(2522) Pause Young (Allocation Failure)
[940.487s][info][gc,heap        ] GC(2522) PSYoungGen: 253312K(267264K)->64K(309248K) Eden: 244224K(244224K)->0K(288256K) From: 9088K(23040K)->64K(20992K)
[940.487s][info][gc,heap        ] GC(2522) ParOldGen: 308980K(309248K)->308988K(309248K)
[940.487s][info][gc,metaspace   ] GC(2522) Metaspace: 35733K(36416K)->35733K(36416K) NonClass: 26528K(27072K)->26528K(27072K) Class: 9204K(9344K)->9204K(9344K)
[940.487s][info][gc             ] GC(2522) Pause Young (Allocation Failure) 549M->301M(604M) 1.298ms
[940.487s][info][gc,cpu         ] GC(2522) User=0.00s Sys=0.00s Real=0.00s
[941.073s][info][gc,start       ] GC(2523) Pause Young (Allocation Failure)
[941.074s][info][gc,heap        ] GC(2523) PSYoungGen: 288320K(309248K)->64K(310272K) Eden: 288256K(288256K)->0K(288256K) From: 64K(20992K)->64K(22016K)
[941.074s][info][gc,heap        ] GC(2523) ParOldGen: 308988K(309248K)->308996K(309248K)
[941.074s][info][gc,metaspace   ] GC(2523) Metaspace: 35733K(36416K)->35733K(36416K) NonClass: 26528K(27072K)->26528K(27072K) Class: 9204K(9344K)->9204K(9344K)
[941.074s][info][gc             ] GC(2523) Pause Young (Allocation Failure) 583M->301M(605M) 1.233ms
[941.074s][info][gc,cpu         ] GC(2523) User=0.00s Sys=0.00s Real=0.00s
[941.545s][info][gc,start       ] GC(2524) Pause Young (Allocation Failure)
[941.546s][info][gc,heap        ] GC(2524) PSYoungGen: 288320K(310272K)->64K(309248K) Eden: 288256K(288256K)->0K(290304K) From: 64K(22016K)->64K(18944K)
[941.546s][info][gc,heap        ] GC(2524) ParOldGen: 308996K(309248K)->309012K(309248K)
[941.546s][info][gc,metaspace   ] GC(2524) Metaspace: 35733K(36416K)->35733K(36416K) NonClass: 26528K(27072K)->26528K(27072K) Class: 9204K(9344K)->9204K(9344K)
[941.546s][info][gc             ] GC(2524) Pause Young (Allocation Failure) 583M->301M(604M) 1.158ms
[941.546s][info][gc,cpu         ] GC(2524) User=0.00s Sys=0.00s Real=0.00s
[941.785s][info][gc,start       ] GC(2525) Pause Young (Allocation Failure)
[941.786s][info][gc,heap        ] GC(2525) PSYoungGen: 290368K(309248K)->64K(310784K) Eden: 290304K(290304K)->0K(290304K) From: 64K(18944K)->64K(20480K)
[941.786s][info][gc,heap        ] GC(2525) ParOldGen: 309012K(309248K)->309028K(309248K)
[941.786s][info][gc,metaspace   ] GC(2525) Metaspace: 35733K(36416K)->35733K(36416K) NonClass: 26528K(27072K)->26528K(27072K) Class: 9204K(9344K)->9204K(9344K)
[941.786s][info][gc             ] GC(2525) Pause Young (Allocation Failure) 585M->301M(605M) 1.210ms
[941.786s][info][gc,cpu         ] GC(2525) User=0.01s Sys=0.00s Real=0.00s
[942.024s][info][gc,start       ] GC(2526) Pause Young (Allocation Failure)
[942.025s][info][gc,heap        ] GC(2526) PSYoungGen: 290368K(310784K)->64K(311808K) Eden: 290304K(290304K)->0K(293888K) From: 64K(20480K)->64K(17920K)
[942.025s][info][gc,heap        ] GC(2526) ParOldGen: 309028K(309248K)->309028K(309248K)
[942.025s][info][gc,metaspace   ] GC(2526) Metaspace: 35733K(36416K)->35733K(36416K) NonClass: 26528K(27072K)->26528K(27072K) Class: 9204K(9344K)->9204K(9344K)
[942.025s][info][gc             ] GC(2526) Pause Young (Allocation Failure) 585M->301M(606M) 1.113ms
[942.025s][info][gc,cpu         ] GC(2526) User=0.00s Sys=0.00s Real=0.00s
[942.329s][info][gc,start       ] GC(2527) Pause Young (Allocation Failure)
[942.330s][info][gc,heap        ] GC(2527) PSYoungGen: 293952K(311808K)->64K(312832K) Eden: 293888K(293888K)->0K(293888K) From: 64K(17920K)->64K(18944K)
[942.330s][info][gc,heap        ] GC(2527) ParOldGen: 309028K(309248K)->309028K(309248K)
[942.330s][info][gc,metaspace   ] GC(2527) Metaspace: 35733K(36416K)->35733K(36416K) NonClass: 26528K(27072K)->26528K(27072K) Class: 9204K(9344K)->9204K(9344K)
[942.330s][info][gc             ] GC(2527) Pause Young (Allocation Failure) 588M->301M(607M) 1.220ms
[942.330s][info][gc,cpu         ] GC(2527) User=0.01s Sys=0.00s Real=0.00s
[942.381s][info][gc,start       ] GC(2528) Pause Young (Allocation Failure)
[942.382s][info][gc,heap        ] GC(2528) PSYoungGen: 293952K(312832K)->64K(312832K) Eden: 293888K(293888K)->0K(296960K) From: 64K(18944K)->64K(15872K)
[942.382s][info][gc,heap        ] GC(2528) ParOldGen: 309028K(309248K)->309044K(309248K)
[942.382s][info][gc,metaspace   ] GC(2528) Metaspace: 35733K(36416K)->35733K(36416K) NonClass: 26528K(27072K)->26528K(27072K) Class: 9204K(9344K)->9204K(9344K)
[942.382s][info][gc             ] GC(2528) Pause Young (Allocation Failure) 588M->301M(607M) 1.080ms
[942.383s][info][gc,cpu         ] GC(2528) User=0.00s Sys=0.00s Real=0.01s
[942.486s][info][gc,start       ] GC(2529) Pause Young (Allocation Failure)
[942.487s][info][gc,heap        ] GC(2529) PSYoungGen: 297024K(312832K)->64K(313856K) Eden: 296960K(296960K)->0K(296960K) From: 64K(15872K)->64K(16896K)
[942.487s][info][gc,heap        ] GC(2529) ParOldGen: 309044K(309248K)->309044K(309248K)
[942.487s][info][gc,metaspace   ] GC(2529) Metaspace: 35733K(36416K)->35733K(36416K) NonClass: 26528K(27072K)->26528K(27072K) Class: 9204K(9344K)->9204K(9344K)
[942.487s][info][gc             ] GC(2529) Pause Young (Allocation Failure) 591M->301M(608M) 1.132ms
[942.487s][info][gc,cpu         ] GC(2529) User=0.00s Sys=0.01s Real=0.00s
[942.770s][info][gc,start       ] GC(2530) Pause Young (Allocation Failure)
[942.771s][info][gc,heap        ] GC(2530) PSYoungGen: 297024K(313856K)->64K(315904K) Eden: 296960K(296960K)->0K(301056K) From: 64K(16896K)->64K(14848K)
[942.771s][info][gc,heap        ] GC(2530) ParOldGen: 309044K(309248K)->309060K(309248K)
[942.771s][info][gc,metaspace   ] GC(2530) Metaspace: 35733K(36416K)->35733K(36416K) NonClass: 26528K(27072K)->26528K(27072K) Class: 9204K(9344K)->9204K(9344K)
[942.771s][info][gc             ] GC(2530) Pause Young (Allocation Failure) 591M->301M(610M) 1.225ms
[942.771s][info][gc,cpu         ] GC(2530) User=0.00s Sys=0.00s Real=0.00s
[942.971s][info][gc,start       ] GC(2531) Pause Young (Allocation Failure)
[942.972s][info][gc,heap        ] GC(2531) PSYoungGen: 301120K(315904K)->64K(316416K) Eden: 301056K(301056K)->0K(301056K) From: 64K(14848K)->64K(15360K)
[942.972s][info][gc,heap        ] GC(2531) ParOldGen: 309060K(309248K)->309060K(309248K)
[942.972s][info][gc,metaspace   ] GC(2531) Metaspace: 35733K(36416K)->35733K(36416K) NonClass: 26528K(27072K)->26528K(27072K) Class: 9204K(9344K)->9204K(9344K)
[942.972s][info][gc             ] GC(2531) Pause Young (Allocation Failure) 595M->301M(611M) 1.216ms
[942.972s][info][gc,cpu         ] GC(2531) User=0.00s Sys=0.00s Real=0.01s
[943.053s][info][gc,start       ] GC(2532) Pause Young (Allocation Failure)
[943.054s][info][gc,heap        ] GC(2532) PSYoungGen: 301120K(316416K)->64K(316928K) Eden: 301056K(301056K)->0K(304128K) From: 64K(15360K)->64K(12800K)
[943.054s][info][gc,heap        ] GC(2532) ParOldGen: 309060K(309248K)->309076K(309248K)
[943.054s][info][gc,metaspace   ] GC(2532) Metaspace: 35733K(36416K)->35733K(36416K) NonClass: 26528K(27072K)->26528K(27072K) Class: 9204K(9344K)->9204K(9344K)
[943.054s][info][gc             ] GC(2532) Pause Young (Allocation Failure) 595M->301M(611M) 1.062ms
[943.054s][info][gc,cpu         ] GC(2532) User=0.00s Sys=0.00s Real=0.00s
[943.231s][info][gc,start       ] GC(2533) Pause Young (Allocation Failure)
[943.232s][info][gc,heap        ] GC(2533) PSYoungGen: 304192K(316928K)->64K(317440K) Eden: 304128K(304128K)->0K(304128K) From: 64K(12800K)->64K(13312K)
[943.232s][info][gc,heap        ] GC(2533) ParOldGen: 309076K(309248K)->309076K(309248K)
[943.232s][info][gc,metaspace   ] GC(2533) Metaspace: 35733K(36416K)->35733K(36416K) NonClass: 26528K(27072K)->26528K(27072K) Class: 9204K(9344K)->9204K(9344K)
[943.232s][info][gc             ] GC(2533) Pause Young (Allocation Failure) 598M->301M(612M) 1.138ms
[943.232s][info][gc,cpu         ] GC(2533) User=0.00s Sys=0.00s Real=0.01s
[944.159s][info][gc,start       ] GC(2534) Pause Young (Allocation Failure)
[944.160s][info][gc,heap        ] GC(2534) PSYoungGen: 304192K(317440K)->64K(292352K) Eden: 304128K(304128K)->0K(291840K) From: 64K(13312K)->64K(512K)
[944.160s][info][gc,heap        ] GC(2534) ParOldGen: 309076K(309248K)->309084K(309248K)
[944.160s][info][gc,metaspace   ] GC(2534) Metaspace: 35733K(36416K)->35733K(36416K) NonClass: 26528K(27072K)->26528K(27072K) Class: 9204K(9344K)->9204K(9344K)
[944.160s][info][gc             ] GC(2534) Pause Young (Allocation Failure) 598M->301M(587M) 1.229ms
[944.160s][info][gc,cpu         ] GC(2534) User=0.01s Sys=0.00s Real=0.00s
[944.986s][info][gc,start       ] GC(2535) Pause Young (Allocation Failure)
[944.988s][info][gc,heap        ] GC(2535) PSYoungGen: 291904K(292352K)->64K(291840K) Eden: 291840K(291840K)->0K(280064K) From: 64K(512K)->64K(11776K)
[944.988s][info][gc,heap        ] GC(2535) ParOldGen: 309084K(309248K)->309092K(309248K)
[944.988s][info][gc,metaspace   ] GC(2535) Metaspace: 35733K(36416K)->35733K(36416K) NonClass: 26528K(27072K)->26528K(27072K) Class: 9204K(9344K)->9204K(9344K)
[944.988s][info][gc             ] GC(2535) Pause Young (Allocation Failure) 586M->301M(587M) 1.219ms
[944.988s][info][gc,cpu         ] GC(2535) User=0.00s Sys=0.00s Real=0.00s
[945.318s][info][gc,start       ] GC(2536) Pause Young (Allocation Failure)
[945.319s][info][gc,heap        ] GC(2536) PSYoungGen: 280128K(291840K)->64K(269824K) Eden: 280064K(280064K)->0K(269312K) From: 64K(11776K)->64K(512K)
[945.319s][info][gc,heap        ] GC(2536) ParOldGen: 309092K(309248K)->309100K(309248K)
[945.319s][info][gc,metaspace   ] GC(2536) Metaspace: 35733K(36416K)->35733K(36416K) NonClass: 26528K(27072K)->26528K(27072K) Class: 9204K(9344K)->9204K(9344K)
[945.319s][info][gc             ] GC(2536) Pause Young (Allocation Failure) 575M->301M(565M) 1.146ms
[945.319s][info][gc,cpu         ] GC(2536) User=0.00s Sys=0.00s Real=0.00s
[946.086s][info][gc,start       ] GC(2537) Pause Young (Allocation Failure)
[946.087s][info][gc,heap        ] GC(2537) PSYoungGen: 269376K(269824K)->64K(269312K) Eden: 269312K(269312K)->0K(259072K) From: 64K(512K)->64K(10240K)
[946.087s][info][gc,heap        ] GC(2537) ParOldGen: 309100K(309248K)->309108K(309248K)
[946.087s][info][gc,metaspace   ] GC(2537) Metaspace: 35733K(36416K)->35733K(36416K) NonClass: 26528K(27072K)->26528K(27072K) Class: 9204K(9344K)->9204K(9344K)
[946.087s][info][gc             ] GC(2537) Pause Young (Allocation Failure) 564M->301M(565M) 1.082ms
[946.087s][info][gc,cpu         ] GC(2537) User=0.00s Sys=0.00s Real=0.00s
[946.654s][info][gc,start       ] GC(2538) Pause Young (Allocation Failure)
[946.655s][info][gc,heap        ] GC(2538) PSYoungGen: 259136K(269312K)->64K(249856K) Eden: 259072K(259072K)->0K(249344K) From: 64K(10240K)->64K(512K)
[946.655s][info][gc,heap        ] GC(2538) ParOldGen: 309108K(309248K)->309116K(309248K)
[946.655s][info][gc,metaspace   ] GC(2538) Metaspace: 35733K(36416K)->35733K(36416K) NonClass: 26528K(27072K)->26528K(27072K) Class: 9204K(9344K)->9204K(9344K)
[946.655s][info][gc             ] GC(2538) Pause Young (Allocation Failure) 554M->301M(546M) 1.266ms
[946.655s][info][gc,cpu         ] GC(2538) User=0.01s Sys=0.00s Real=0.00s
[946.999s][info][gc,start       ] GC(2539) Pause Young (Allocation Failure)
[947.000s][info][gc,heap        ] GC(2539) PSYoungGen: 249408K(249856K)->64K(248832K) Eden: 249344K(249344K)->0K(239616K) From: 64K(512K)->64K(9216K)
[947.000s][info][gc,heap        ] GC(2539) ParOldGen: 309116K(309248K)->309124K(309248K)
[947.000s][info][gc,metaspace   ] GC(2539) Metaspace: 35733K(36416K)->35733K(36416K) NonClass: 26528K(27072K)->26528K(27072K) Class: 9204K(9344K)->9204K(9344K)
[947.000s][info][gc             ] GC(2539) Pause Young (Allocation Failure) 545M->301M(545M) 1.046ms
[947.000s][info][gc,cpu         ] GC(2539) User=0.00s Sys=0.00s Real=0.00s
[947.092s][info][gc,start       ] GC(2540) Pause Young (Allocation Failure)
[947.094s][info][gc,heap        ] GC(2540) PSYoungGen: 239680K(248832K)->64K(230912K) Eden: 239616K(239616K)->0K(230400K) From: 64K(9216K)->64K(512K)
[947.094s][info][gc,heap        ] GC(2540) ParOldGen: 309124K(309248K)->309132K(309248K)
[947.094s][info][gc,metaspace   ] GC(2540) Metaspace: 35733K(36416K)->35733K(36416K) NonClass: 26528K(27072K)->26528K(27072K) Class: 9204K(9344K)->9204K(9344K)
[947.094s][info][gc             ] GC(2540) Pause Young (Allocation Failure) 535M->301M(527M) 1.561ms
[947.094s][info][gc,cpu         ] GC(2540) User=0.00s Sys=0.00s Real=0.00s
[947.640s][info][gc,start       ] GC(2541) Pause Young (Allocation Failure)
[947.641s][info][gc,heap        ] GC(2541) PSYoungGen: 230464K(230912K)->64K(229376K) Eden: 230400K(230400K)->0K(221696K) From: 64K(512K)->64K(7680K)
[947.641s][info][gc,heap        ] GC(2541) ParOldGen: 309132K(309248K)->309140K(309248K)
[947.641s][info][gc,metaspace   ] GC(2541) Metaspace: 35733K(36416K)->35733K(36416K) NonClass: 26528K(27072K)->26528K(27072K) Class: 9204K(9344K)->9204K(9344K)
[947.641s][info][gc             ] GC(2541) Pause Young (Allocation Failure) 526M->301M(526M) 1.137ms
[947.641s][info][gc,cpu         ] GC(2541) User=0.00s Sys=0.00s Real=0.00s
[947.838s][info][gc,start       ] GC(2542) Pause Young (Allocation Failure)
[947.840s][info][gc,heap        ] GC(2542) PSYoungGen: 221760K(229376K)->64K(214016K) Eden: 221696K(221696K)->0K(213504K) From: 64K(7680K)->64K(512K)
[947.840s][info][gc,heap        ] GC(2542) ParOldGen: 309140K(309248K)->309148K(309248K)
[947.840s][info][gc,metaspace   ] GC(2542) Metaspace: 35733K(36416K)->35733K(36416K) NonClass: 26528K(27072K)->26528K(27072K) Class: 9204K(9344K)->9204K(9344K)
[947.840s][info][gc             ] GC(2542) Pause Young (Allocation Failure) 518M->301M(511M) 1.616ms
[947.840s][info][gc,cpu         ] GC(2542) User=0.00s Sys=0.00s Real=0.00s
[948.130s][info][gc,start       ] GC(2543) Pause Young (Allocation Failure)
[948.171s][info][gc,heap        ] GC(2543) PSYoungGen: 213568K(214016K)->6656K(262656K) Eden: 213504K(213504K)->0K(256000K) From: 64K(512K)->6656K(6656K)
[948.171s][info][gc,heap        ] GC(2543) ParOldGen: 309148K(309248K)->316372K(316416K)
[948.171s][info][gc,metaspace   ] GC(2543) Metaspace: 35733K(36416K)->35733K(36416K) NonClass: 26528K(27072K)->26528K(27072K) Class: 9204K(9344K)->9204K(9344K)
[948.171s][info][gc             ] GC(2543) Pause Young (Allocation Failure) 510M->315M(565M) 41.241ms
[948.171s][info][gc,cpu         ] GC(2543) User=0.04s Sys=0.01s Real=0.04s
[948.473s][info][gc,start       ] GC(2544) Pause Young (Allocation Failure)
[948.532s][info][gc,heap        ] GC(2544) PSYoungGen: 262656K(262656K)->6656K(265728K) Eden: 256000K(256000K)->0K(259072K) From: 6656K(6656K)->6656K(6656K)
[948.532s][info][gc,heap        ] GC(2544) ParOldGen: 316372K(316416K)->338884K(338944K)
[948.532s][info][gc,metaspace   ] GC(2544) Metaspace: 35733K(36416K)->35733K(36416K) NonClass: 26528K(27072K)->26528K(27072K) Class: 9204K(9344K)->9204K(9344K)
[948.532s][info][gc             ] GC(2544) Pause Young (Allocation Failure) 565M->337M(590M) 58.808ms
[948.532s][info][gc,cpu         ] GC(2544) User=0.10s Sys=0.01s Real=0.05s
[948.760s][info][gc,start       ] GC(2545) Pause Young (Allocation Failure)
[948.795s][info][gc,heap        ] GC(2545) PSYoungGen: 265728K(265728K)->19840K(279552K) Eden: 259072K(259072K)->0K(259072K) From: 6656K(6656K)->19840K(20480K)
[948.796s][info][gc,heap        ] GC(2545) ParOldGen: 338884K(338944K)->339492K(339968K)
[948.796s][info][gc,metaspace   ] GC(2545) Metaspace: 35733K(36416K)->35733K(36416K) NonClass: 26528K(27072K)->26528K(27072K) Class: 9204K(9344K)->9204K(9344K)
[948.796s][info][gc             ] GC(2545) Pause Young (Allocation Failure) 590M->350M(605M) 35.440ms
[948.796s][info][gc,cpu         ] GC(2545) User=0.07s Sys=0.00s Real=0.04s
[949.006s][info][gc,start       ] GC(2546) Pause Young (Allocation Failure)
[949.007s][info][gc,heap        ] GC(2546) PSYoungGen: 278912K(279552K)->64K(310272K) Eden: 259072K(259072K)->0K(285696K) From: 19840K(20480K)->64K(24576K)
[949.007s][info][gc,heap        ] GC(2546) ParOldGen: 339492K(339968K)->339500K(339968K)
[949.007s][info][gc,metaspace   ] GC(2546) Metaspace: 35733K(36416K)->35733K(36416K) NonClass: 26528K(27072K)->26528K(27072K) Class: 9204K(9344K)->9204K(9344K)
[949.007s][info][gc             ] GC(2546) Pause Young (Allocation Failure) 603M->331M(635M) 1.298ms
[949.007s][info][gc,cpu         ] GC(2546) User=0.00s Sys=0.00s Real=0.00s
[949.661s][info][gc,start       ] GC(2547) Pause Young (Allocation Failure)
[949.663s][info][gc,heap        ] GC(2547) PSYoungGen: 285760K(310272K)->64K(286208K) Eden: 285696K(285696K)->0K(285696K) From: 64K(24576K)->64K(512K)
[949.663s][info][gc,heap        ] GC(2547) ParOldGen: 339500K(339968K)->339508K(339968K)
[949.663s][info][gc,metaspace   ] GC(2547) Metaspace: 35733K(36416K)->35733K(36416K) NonClass: 26528K(27072K)->26528K(27072K) Class: 9204K(9344K)->9204K(9344K)
[949.663s][info][gc             ] GC(2547) Pause Young (Allocation Failure) 610M->331M(611M) 1.311ms
[949.663s][info][gc,cpu         ] GC(2547) User=0.00s Sys=0.00s Real=0.01s
[950.150s][info][gc,start       ] GC(2548) Pause Young (Allocation Failure)
[950.152s][info][gc,heap        ] GC(2548) PSYoungGen: 285760K(286208K)->64K(309760K) Eden: 285696K(285696K)->0K(286720K) From: 64K(512K)->64K(23040K)
[950.152s][info][gc,heap        ] GC(2548) ParOldGen: 339508K(339968K)->339524K(339968K)
[950.152s][info][gc,metaspace   ] GC(2548) Metaspace: 35733K(36416K)->35733K(36416K) NonClass: 26528K(27072K)->26528K(27072K) Class: 9204K(9344K)->9204K(9344K)
[950.152s][info][gc             ] GC(2548) Pause Young (Allocation Failure) 610M->331M(634M) 1.291ms
[950.152s][info][gc,cpu         ] GC(2548) User=0.00s Sys=0.00s Real=0.00s
[950.386s][info][gc,start       ] GC(2549) Pause Young (Allocation Failure)
[950.387s][info][gc,heap        ] GC(2549) PSYoungGen: 286784K(309760K)->64K(308736K) Eden: 286720K(286720K)->0K(286720K) From: 64K(23040K)->64K(22016K)
[950.387s][info][gc,heap        ] GC(2549) ParOldGen: 339524K(339968K)->339540K(339968K)
[950.387s][info][gc,metaspace   ] GC(2549) Metaspace: 35733K(36416K)->35733K(36416K) NonClass: 26528K(27072K)->26528K(27072K) Class: 9204K(9344K)->9204K(9344K)
[950.388s][info][gc             ] GC(2549) Pause Young (Allocation Failure) 611M->331M(633M) 1.165ms
[950.388s][info][gc,cpu         ] GC(2549) User=0.01s Sys=0.00s Real=0.00s
[950.622s][info][gc,start       ] GC(2550) Pause Young (Allocation Failure)
[950.623s][info][gc,heap        ] GC(2550) PSYoungGen: 286784K(308736K)->32K(310784K) Eden: 286720K(286720K)->0K(289792K) From: 64K(22016K)->32K(20992K)
[950.623s][info][gc,heap        ] GC(2550) ParOldGen: 339540K(339968K)->339540K(339968K)
[950.623s][info][gc,metaspace   ] GC(2550) Metaspace: 35733K(36416K)->35733K(36416K) NonClass: 26528K(27072K)->26528K(27072K) Class: 9204K(9344K)->9204K(9344K)
[950.623s][info][gc             ] GC(2550) Pause Young (Allocation Failure) 611M->331M(635M) 1.095ms
[950.623s][info][gc,cpu         ] GC(2550) User=0.00s Sys=0.00s Real=0.00s
[950.976s][info][gc,start       ] GC(2551) Pause Young (Allocation Failure)
[950.977s][info][gc,heap        ] GC(2551) PSYoungGen: 289824K(310784K)->64K(309760K) Eden: 289792K(289792K)->0K(289792K) From: 32K(20992K)->64K(19968K)
[950.977s][info][gc,heap        ] GC(2551) ParOldGen: 339540K(339968K)->339540K(339968K)
[950.977s][info][gc,metaspace   ] GC(2551) Metaspace: 35733K(36416K)->35733K(36416K) NonClass: 26528K(27072K)->26528K(27072K) Class: 9204K(9344K)->9204K(9344K)
[950.977s][info][gc             ] GC(2551) Pause Young (Allocation Failure) 614M->331M(634M) 1.149ms
[950.977s][info][gc,cpu         ] GC(2551) User=0.00s Sys=0.00s Real=0.00s
[951.025s][info][gc,start       ] GC(2552) Pause Young (Allocation Failure)
[951.027s][info][gc,heap        ] GC(2552) PSYoungGen: 289856K(309760K)->64K(312832K) Eden: 289792K(289792K)->0K(293888K) From: 64K(19968K)->64K(18944K)
[951.027s][info][gc,heap        ] GC(2552) ParOldGen: 339540K(339968K)->339556K(339968K)
[951.027s][info][gc,metaspace   ] GC(2552) Metaspace: 35733K(36416K)->35733K(36416K) NonClass: 26528K(27072K)->26528K(27072K) Class: 9204K(9344K)->9204K(9344K)
[951.027s][info][gc             ] GC(2552) Pause Young (Allocation Failure) 614M->331M(637M) 1.075ms
[951.027s][info][gc,cpu         ] GC(2552) User=0.00s Sys=0.00s Real=0.00s
[951.079s][info][gc,start       ] GC(2553) Pause Young (Allocation Failure)
[951.080s][info][gc,heap        ] GC(2553) PSYoungGen: 293952K(312832K)->64K(311808K) Eden: 293888K(293888K)->0K(293888K) From: 64K(18944K)->64K(17920K)
[951.080s][info][gc,heap        ] GC(2553) ParOldGen: 339556K(339968K)->339556K(339968K)
[951.080s][info][gc,metaspace   ] GC(2553) Metaspace: 35733K(36416K)->35733K(36416K) NonClass: 26528K(27072K)->26528K(27072K) Class: 9204K(9344K)->9204K(9344K)
[951.080s][info][gc             ] GC(2553) Pause Young (Allocation Failure) 618M->331M(636M) 1.165ms
[951.080s][info][gc,cpu         ] GC(2553) User=0.00s Sys=0.00s Real=0.00s
[951.339s][info][gc,start       ] GC(2554) Pause Young (Allocation Failure)
[951.340s][info][gc,heap        ] GC(2554) PSYoungGen: 293952K(311808K)->64K(314880K) Eden: 293888K(293888K)->0K(297984K) From: 64K(17920K)->64K(16896K)
[951.340s][info][gc,heap        ] GC(2554) ParOldGen: 339556K(339968K)->339556K(339968K)
[951.340s][info][gc,metaspace   ] GC(2554) Metaspace: 35733K(36416K)->35733K(36416K) NonClass: 26528K(27072K)->26528K(27072K) Class: 9204K(9344K)->9204K(9344K)
[951.340s][info][gc             ] GC(2554) Pause Young (Allocation Failure) 618M->331M(639M) 1.116ms
[951.340s][info][gc,cpu         ] GC(2554) User=0.00s Sys=0.00s Real=0.00s
[951.587s][info][gc,start       ] GC(2555) Pause Young (Allocation Failure)
[951.589s][info][gc,heap        ] GC(2555) PSYoungGen: 298048K(314880K)->64K(313856K) Eden: 297984K(297984K)->0K(297984K) From: 64K(16896K)->64K(15872K)
[951.589s][info][gc,heap        ] GC(2555) ParOldGen: 339556K(339968K)->339564K(339968K)
[951.589s][info][gc,metaspace   ] GC(2555) Metaspace: 35733K(36416K)->35733K(36416K) NonClass: 26528K(27072K)->26528K(27072K) Class: 9204K(9344K)->9204K(9344K)
[951.589s][info][gc             ] GC(2555) Pause Young (Allocation Failure) 622M->331M(638M) 1.194ms
[951.589s][info][gc,cpu         ] GC(2555) User=0.00s Sys=0.00s Real=0.00s
[951.682s][info][gc,start       ] GC(2556) Pause Young (Allocation Failure)
[951.683s][info][gc,heap        ] GC(2556) PSYoungGen: 298048K(313856K)->64K(316928K) Eden: 297984K(297984K)->0K(302080K) From: 64K(15872K)->64K(14848K)
[951.683s][info][gc,heap        ] GC(2556) ParOldGen: 339564K(339968K)->339572K(339968K)
[951.683s][info][gc,metaspace   ] GC(2556) Metaspace: 35733K(36416K)->35733K(36416K) NonClass: 26528K(27072K)->26528K(27072K) Class: 9204K(9344K)->9204K(9344K)
[951.683s][info][gc             ] GC(2556) Pause Young (Allocation Failure) 622M->331M(641M) 1.204ms
[951.683s][info][gc,cpu         ] GC(2556) User=0.00s Sys=0.00s Real=0.00s
[951.826s][info][gc,start       ] GC(2557) Pause Young (Allocation Failure)
[951.827s][info][gc,heap        ] GC(2557) PSYoungGen: 302144K(316928K)->64K(316416K) Eden: 302080K(302080K)->0K(302080K) From: 64K(14848K)->64K(14336K)
[951.827s][info][gc,heap        ] GC(2557) ParOldGen: 339572K(339968K)->339580K(339968K)
[951.827s][info][gc,metaspace   ] GC(2557) Metaspace: 35733K(36416K)->35733K(36416K) NonClass: 26528K(27072K)->26528K(27072K) Class: 9204K(9344K)->9204K(9344K)
[951.827s][info][gc             ] GC(2557) Pause Young (Allocation Failure) 626M->331M(641M) 1.199ms
[951.827s][info][gc,cpu         ] GC(2557) User=0.00s Sys=0.00s Real=0.00s
[952.235s][info][gc,start       ] GC(2558) Pause Young (Allocation Failure)
[952.236s][info][gc,heap        ] GC(2558) PSYoungGen: 302144K(316416K)->64K(290304K) Eden: 302080K(302080K)->0K(289792K) From: 64K(14336K)->64K(512K)
[952.236s][info][gc,heap        ] GC(2558) ParOldGen: 339580K(339968K)->339588K(339968K)
[952.236s][info][gc,metaspace   ] GC(2558) Metaspace: 35733K(36416K)->35733K(36416K) NonClass: 26528K(27072K)->26528K(27072K) Class: 9204K(9344K)->9204K(9344K)
[952.236s][info][gc             ] GC(2558) Pause Young (Allocation Failure) 626M->331M(615M) 1.254ms
[952.236s][info][gc,cpu         ] GC(2558) User=0.00s Sys=0.00s Real=0.00s
[952.848s][info][gc,start       ] GC(2559) Pause Young (Allocation Failure)
[952.849s][info][gc,heap        ] GC(2559) PSYoungGen: 289856K(290304K)->64K(291328K) Eden: 289792K(289792K)->0K(278528K) From: 64K(512K)->64K(12800K)
[952.849s][info][gc,heap        ] GC(2559) ParOldGen: 339588K(339968K)->339596K(339968K)
[952.849s][info][gc,metaspace   ] GC(2559) Metaspace: 35733K(36416K)->35733K(36416K) NonClass: 26528K(27072K)->26528K(27072K) Class: 9204K(9344K)->9204K(9344K)
[952.849s][info][gc             ] GC(2559) Pause Young (Allocation Failure) 614M->331M(616M) 1.267ms
[952.849s][info][gc,cpu         ] GC(2559) User=0.00s Sys=0.00s Real=0.00s
[953.782s][info][gc,start       ] GC(2560) Pause Young (Allocation Failure)
[953.783s][info][gc,heap        ] GC(2560) PSYoungGen: 278592K(291328K)->64K(268288K) Eden: 278528K(278528K)->0K(267776K) From: 64K(12800K)->64K(512K)
[953.783s][info][gc,heap        ] GC(2560) ParOldGen: 339596K(339968K)->339604K(339968K)
[953.783s][info][gc,metaspace   ] GC(2560) Metaspace: 35733K(36416K)->35733K(36416K) NonClass: 26528K(27072K)->26528K(27072K) Class: 9204K(9344K)->9204K(9344K)
[953.783s][info][gc             ] GC(2560) Pause Young (Allocation Failure) 603M->331M(594M) 1.320ms
[953.783s][info][gc,cpu         ] GC(2560) User=0.00s Sys=0.00s Real=0.00s
[954.208s][info][gc,start       ] GC(2561) Pause Young (Allocation Failure)
[954.209s][info][gc,heap        ] GC(2561) PSYoungGen: 267840K(268288K)->64K(268288K) Eden: 267776K(267776K)->0K(257536K) From: 64K(512K)->64K(10752K)
[954.209s][info][gc,heap        ] GC(2561) ParOldGen: 339604K(339968K)->339612K(339968K)
[954.209s][info][gc,metaspace   ] GC(2561) Metaspace: 35733K(36416K)->35733K(36416K) NonClass: 26528K(27072K)->26528K(27072K) Class: 9204K(9344K)->9204K(9344K)
[954.209s][info][gc             ] GC(2561) Pause Young (Allocation Failure) 593M->331M(594M) 1.190ms
[954.209s][info][gc,cpu         ] GC(2561) User=0.00s Sys=0.00s Real=0.00s
[955.218s][info][gc,start       ] GC(2562) Pause Young (Allocation Failure)
[955.220s][info][gc,heap        ] GC(2562) PSYoungGen: 257600K(268288K)->64K(248320K) Eden: 257536K(257536K)->0K(247808K) From: 64K(10752K)->64K(512K)
[955.220s][info][gc,heap        ] GC(2562) ParOldGen: 339612K(339968K)->339620K(339968K)
[955.220s][info][gc,metaspace   ] GC(2562) Metaspace: 35733K(36416K)->35733K(36416K) NonClass: 26528K(27072K)->26528K(27072K) Class: 9204K(9344K)->9204K(9344K)
[955.220s][info][gc             ] GC(2562) Pause Young (Allocation Failure) 583M->331M(574M) 1.678ms
[955.220s][info][gc,cpu         ] GC(2562) User=0.00s Sys=0.00s Real=0.00s
[955.570s][info][gc,start       ] GC(2563) Pause Young (Allocation Failure)
[955.572s][info][gc,heap        ] GC(2563) PSYoungGen: 247872K(248320K)->64K(248320K) Eden: 247808K(247808K)->0K(238592K) From: 64K(512K)->64K(9728K)
[955.572s][info][gc,heap        ] GC(2563) ParOldGen: 339620K(339968K)->339628K(339968K)
[955.572s][info][gc,metaspace   ] GC(2563) Metaspace: 35733K(36416K)->35733K(36416K) NonClass: 26528K(27072K)->26528K(27072K) Class: 9204K(9344K)->9204K(9344K)
[955.572s][info][gc             ] GC(2563) Pause Young (Allocation Failure) 573M->331M(574M) 1.582ms
[955.572s][info][gc,cpu         ] GC(2563) User=0.00s Sys=0.00s Real=0.01s
[955.701s][info][gc,start       ] GC(2564) Pause Young (Allocation Failure)
[955.704s][info][gc,heap        ] GC(2564) PSYoungGen: 238656K(248320K)->64K(229888K) Eden: 238592K(238592K)->0K(229376K) From: 64K(9728K)->64K(512K)
[955.704s][info][gc,heap        ] GC(2564) ParOldGen: 339628K(339968K)->339644K(339968K)
[955.704s][info][gc,metaspace   ] GC(2564) Metaspace: 35733K(36416K)->35733K(36416K) NonClass: 26528K(27072K)->26528K(27072K) Class: 9204K(9344K)->9204K(9344K)
[955.704s][info][gc             ] GC(2564) Pause Young (Allocation Failure) 564M->331M(556M) 2.598ms
[955.704s][info][gc,cpu         ] GC(2564) User=0.00s Sys=0.00s Real=0.01s
[956.018s][info][gc,start       ] GC(2565) Pause Young (Allocation Failure)
[956.020s][info][gc,heap        ] GC(2565) PSYoungGen: 229440K(229888K)->64K(228864K) Eden: 229376K(229376K)->0K(220672K) From: 64K(512K)->64K(8192K)
[956.020s][info][gc,heap        ] GC(2565) ParOldGen: 339644K(339968K)->339660K(339968K)
[956.020s][info][gc,metaspace   ] GC(2565) Metaspace: 35733K(36416K)->35733K(36416K) NonClass: 26528K(27072K)->26528K(27072K) Class: 9204K(9344K)->9204K(9344K)
[956.020s][info][gc             ] GC(2565) Pause Young (Allocation Failure) 555M->331M(555M) 1.930ms
[956.020s][info][gc,cpu         ] GC(2565) User=0.00s Sys=0.00s Real=0.00s
[956.367s][info][gc,start       ] GC(2566) Pause Young (Allocation Failure)
[956.369s][info][gc,heap        ] GC(2566) PSYoungGen: 220736K(228864K)->32K(212992K) Eden: 220672K(220672K)->0K(212480K) From: 64K(8192K)->32K(512K)
[956.369s][info][gc,heap        ] GC(2566) ParOldGen: 339660K(339968K)->339668K(339968K)
[956.369s][info][gc,metaspace   ] GC(2566) Metaspace: 35733K(36416K)->35733K(36416K) NonClass: 26528K(27072K)->26528K(27072K) Class: 9204K(9344K)->9204K(9344K)
[956.369s][info][gc             ] GC(2566) Pause Young (Allocation Failure) 547M->331M(540M) 2.374ms
[956.369s][info][gc,cpu         ] GC(2566) User=0.00s Sys=0.00s Real=0.00s
[956.656s][info][gc,start       ] GC(2567) Pause Young (Allocation Failure)
[956.660s][info][gc,heap        ] GC(2567) PSYoungGen: 212512K(212992K)->960K(211968K) Eden: 212480K(212480K)->0K(204800K) From: 32K(512K)->960K(7168K)
[956.660s][info][gc,heap        ] GC(2567) ParOldGen: 339668K(339968K)->339676K(339968K)
[956.660s][info][gc,metaspace   ] GC(2567) Metaspace: 35733K(36416K)->35733K(36416K) NonClass: 26528K(27072K)->26528K(27072K) Class: 9204K(9344K)->9204K(9344K)
[956.660s][info][gc             ] GC(2567) Pause Young (Allocation Failure) 539M->332M(539M) 3.703ms
[956.660s][info][gc,cpu         ] GC(2567) User=0.00s Sys=0.00s Real=0.00s
[956.899s][info][gc,start       ] GC(2568) Pause Young (Allocation Failure)
[956.945s][info][gc,heap        ] GC(2568) PSYoungGen: 205760K(211968K)->6656K(251904K) Eden: 204800K(204800K)->0K(245248K) From: 960K(7168K)->6656K(6656K)
[956.945s][info][gc,heap        ] GC(2568) ParOldGen: 339676K(339968K)->356204K(356352K)
[956.945s][info][gc,metaspace   ] GC(2568) Metaspace: 35733K(36416K)->35733K(36416K) NonClass: 26528K(27072K)->26528K(27072K) Class: 9204K(9344K)->9204K(9344K)
[956.945s][info][gc             ] GC(2568) Pause Young (Allocation Failure) 532M->354M(594M) 45.816ms
[956.945s][info][gc,cpu         ] GC(2568) User=0.08s Sys=0.01s Real=0.05s
[957.234s][info][gc,start       ] GC(2569) Pause Young (Allocation Failure)
[957.288s][info][gc,heap        ] GC(2569) PSYoungGen: 251904K(251904K)->14336K(267776K) Eden: 245248K(245248K)->0K(253440K) From: 6656K(6656K)->14336K(14336K)
[957.288s][info][gc,heap        ] GC(2569) ParOldGen: 356204K(356352K)->370052K(370176K)
[957.288s][info][gc,metaspace   ] GC(2569) Metaspace: 35733K(36416K)->35733K(36416K) NonClass: 26528K(27072K)->26528K(27072K) Class: 9204K(9344K)->9204K(9344K)
[957.288s][info][gc             ] GC(2569) Pause Young (Allocation Failure) 593M->375M(623M) 53.981ms
[957.288s][info][gc,cpu         ] GC(2569) User=0.10s Sys=0.01s Real=0.05s
[957.441s][info][gc,start       ] GC(2570) Pause Young (Allocation Failure)
[957.467s][info][gc,heap        ] GC(2570) PSYoungGen: 267776K(267776K)->10816K(310272K) Eden: 253440K(253440K)->0K(287744K) From: 14336K(14336K)->10816K(22528K)
[957.467s][info][gc,heap        ] GC(2570) ParOldGen: 370052K(370176K)->370420K(370688K)
[957.467s][info][gc,metaspace   ] GC(2570) Metaspace: 35733K(36416K)->35733K(36416K) NonClass: 26528K(27072K)->26528K(27072K) Class: 9204K(9344K)->9204K(9344K)
[957.467s][info][gc             ] GC(2570) Pause Young (Allocation Failure) 622M->372M(665M) 26.261ms
[957.467s][info][gc,cpu         ] GC(2570) User=0.04s Sys=0.01s Real=0.03s
[957.906s][info][gc,start       ] GC(2571) Pause Young (Allocation Failure)
[957.907s][info][gc,heap        ] GC(2571) PSYoungGen: 298560K(310272K)->64K(288256K) Eden: 287744K(287744K)->0K(287744K) From: 10816K(22528K)->64K(512K)
[957.907s][info][gc,heap        ] GC(2571) ParOldGen: 370420K(370688K)->370428K(370688K)
[957.907s][info][gc,metaspace   ] GC(2571) Metaspace: 35733K(36416K)->35733K(36416K) NonClass: 26528K(27072K)->26528K(27072K) Class: 9204K(9344K)->9204K(9344K)
[957.907s][info][gc             ] GC(2571) Pause Young (Allocation Failure) 653M->361M(643M) 1.342ms
[957.907s][info][gc,cpu         ] GC(2571) User=0.00s Sys=0.00s Real=0.00s
[958.429s][info][gc,start       ] GC(2572) Pause Young (Allocation Failure)
[958.430s][info][gc,heap        ] GC(2572) PSYoungGen: 287808K(288256K)->64K(310784K) Eden: 287744K(287744K)->0K(288768K) From: 64K(512K)->64K(22016K)
[958.430s][info][gc,heap        ] GC(2572) ParOldGen: 370428K(370688K)->370436K(370688K)
[958.430s][info][gc,metaspace   ] GC(2572) Metaspace: 35733K(36416K)->35733K(36416K) NonClass: 26528K(27072K)->26528K(27072K) Class: 9204K(9344K)->9204K(9344K)
[958.430s][info][gc             ] GC(2572) Pause Young (Allocation Failure) 642M->361M(665M) 1.314ms
[958.430s][info][gc,cpu         ] GC(2572) User=0.00s Sys=0.00s Real=0.00s
[958.894s][info][gc,start       ] GC(2573) Pause Young (Allocation Failure)
[958.896s][info][gc,heap        ] GC(2573) PSYoungGen: 288832K(310784K)->64K(310272K) Eden: 288768K(288768K)->0K(288768K) From: 64K(22016K)->64K(21504K)
[958.896s][info][gc,heap        ] GC(2573) ParOldGen: 370436K(370688K)->370452K(370688K)
[958.896s][info][gc,metaspace   ] GC(2573) Metaspace: 35733K(36416K)->35733K(36416K) NonClass: 26528K(27072K)->26528K(27072K) Class: 9204K(9344K)->9204K(9344K)
[958.896s][info][gc             ] GC(2573) Pause Young (Allocation Failure) 643M->361M(665M) 1.439ms
[958.896s][info][gc,cpu         ] GC(2573) User=0.00s Sys=0.00s Real=0.00s
[959.132s][info][gc,start       ] GC(2574) Pause Young (Allocation Failure)
[959.133s][info][gc,heap        ] GC(2574) PSYoungGen: 288832K(310272K)->64K(311296K) Eden: 288768K(288768K)->0K(290816K) From: 64K(21504K)->64K(20480K)
[959.133s][info][gc,heap        ] GC(2574) ParOldGen: 370452K(370688K)->370468K(370688K)
[959.133s][info][gc,metaspace   ] GC(2574) Metaspace: 35733K(36416K)->35733K(36416K) NonClass: 26528K(27072K)->26528K(27072K) Class: 9204K(9344K)->9204K(9344K)
[959.133s][info][gc             ] GC(2574) Pause Young (Allocation Failure) 643M->361M(666M) 1.312ms
[959.133s][info][gc,cpu         ] GC(2574) User=0.01s Sys=0.00s Real=0.00s
[959.482s][info][gc,start       ] GC(2575) Pause Young (Allocation Failure)
[959.483s][info][gc,heap        ] GC(2575) PSYoungGen: 290880K(311296K)->64K(310784K) Eden: 290816K(290816K)->0K(290816K) From: 64K(20480K)->64K(19968K)
[959.483s][info][gc,heap        ] GC(2575) ParOldGen: 370468K(370688K)->370468K(370688K)
[959.483s][info][gc,metaspace   ] GC(2575) Metaspace: 35733K(36416K)->35733K(36416K) NonClass: 26528K(27072K)->26528K(27072K) Class: 9204K(9344K)->9204K(9344K)
[959.483s][info][gc             ] GC(2575) Pause Young (Allocation Failure) 645M->361M(665M) 1.291ms
[959.483s][info][gc,cpu         ] GC(2575) User=0.01s Sys=0.00s Real=0.00s
[959.650s][info][gc,start       ] GC(2576) Pause Young (Allocation Failure)
[959.651s][info][gc,heap        ] GC(2576) PSYoungGen: 290880K(310784K)->64K(312832K) Eden: 290816K(290816K)->0K(294400K) From: 64K(19968K)->64K(18432K)
[959.651s][info][gc,heap        ] GC(2576) ParOldGen: 370468K(370688K)->370476K(370688K)
[959.651s][info][gc,metaspace   ] GC(2576) Metaspace: 35733K(36416K)->35733K(36416K) NonClass: 26528K(27072K)->26528K(27072K) Class: 9204K(9344K)->9204K(9344K)
[959.651s][info][gc             ] GC(2576) Pause Young (Allocation Failure) 645M->361M(667M) 1.233ms
[959.651s][info][gc,cpu         ] GC(2576) User=0.00s Sys=0.00s Real=0.00s
[959.704s][info][gc,start       ] GC(2577) Pause Young (Allocation Failure)
[959.705s][info][gc,heap        ] GC(2577) PSYoungGen: 294464K(312832K)->64K(312320K) Eden: 294400K(294400K)->0K(294400K) From: 64K(18432K)->64K(17920K)
[959.705s][info][gc,heap        ] GC(2577) ParOldGen: 370476K(370688K)->370492K(370688K)
[959.705s][info][gc,metaspace   ] GC(2577) Metaspace: 35733K(36416K)->35733K(36416K) NonClass: 26528K(27072K)->26528K(27072K) Class: 9204K(9344K)->9204K(9344K)
[959.705s][info][gc             ] GC(2577) Pause Young (Allocation Failure) 649M->361M(667M) 1.210ms
[959.705s][info][gc,cpu         ] GC(2577) User=0.00s Sys=0.00s Real=0.00s
[959.829s][info][gc,start       ] GC(2578) Pause Young (Allocation Failure)
[959.830s][info][gc,heap        ] GC(2578) PSYoungGen: 294464K(312320K)->64K(314880K) Eden: 294400K(294400K)->0K(297984K) From: 64K(17920K)->64K(16896K)
[959.830s][info][gc,heap        ] GC(2578) ParOldGen: 370492K(370688K)->370492K(370688K)
[959.830s][info][gc,metaspace   ] GC(2578) Metaspace: 35733K(36416K)->35733K(36416K) NonClass: 26528K(27072K)->26528K(27072K) Class: 9204K(9344K)->9204K(9344K)
[959.830s][info][gc             ] GC(2578) Pause Young (Allocation Failure) 649M->361M(669M) 1.189ms
[959.830s][info][gc,cpu         ] GC(2578) User=0.00s Sys=0.00s Real=0.00s
[960.116s][info][gc,start       ] GC(2579) Pause Young (Allocation Failure)
[960.117s][info][gc,heap        ] GC(2579) PSYoungGen: 298048K(314880K)->64K(314368K) Eden: 297984K(297984K)->0K(297984K) From: 64K(16896K)->64K(16384K)
[960.117s][info][gc,heap        ] GC(2579) ParOldGen: 370492K(370688K)->370508K(370688K)
[960.117s][info][gc,metaspace   ] GC(2579) Metaspace: 35733K(36416K)->35733K(36416K) NonClass: 26528K(27072K)->26528K(27072K) Class: 9204K(9344K)->9204K(9344K)
[960.117s][info][gc             ] GC(2579) Pause Young (Allocation Failure) 652M->361M(669M) 1.213ms
[960.117s][info][gc,cpu         ] GC(2579) User=0.01s Sys=0.00s Real=0.00s
[960.289s][info][gc,start       ] GC(2580) Pause Young (Allocation Failure)
[960.290s][info][gc,heap        ] GC(2580) PSYoungGen: 298048K(314368K)->64K(316416K) Eden: 297984K(297984K)->0K(301568K) From: 64K(16384K)->64K(14848K)
[960.290s][info][gc,heap        ] GC(2580) ParOldGen: 370508K(370688K)->370508K(370688K)
[960.290s][info][gc,metaspace   ] GC(2580) Metaspace: 35733K(36416K)->35733K(36416K) NonClass: 26528K(27072K)->26528K(27072K) Class: 9204K(9344K)->9204K(9344K)
[960.290s][info][gc             ] GC(2580) Pause Young (Allocation Failure) 652M->361M(671M) 1.230ms
[960.290s][info][gc,cpu         ] GC(2580) User=0.00s Sys=0.00s Real=0.00s
[960.373s][info][gc,start       ] GC(2581) Pause Young (Allocation Failure)
[960.375s][info][gc,heap        ] GC(2581) PSYoungGen: 301632K(316416K)->64K(315904K) Eden: 301568K(301568K)->0K(301568K) From: 64K(14848K)->64K(14336K)
[960.375s][info][gc,heap        ] GC(2581) ParOldGen: 370508K(370688K)->370524K(370688K)
[960.375s][info][gc,metaspace   ] GC(2581) Metaspace: 35733K(36416K)->35733K(36416K) NonClass: 26528K(27072K)->26528K(27072K) Class: 9204K(9344K)->9204K(9344K)
[960.375s][info][gc             ] GC(2581) Pause Young (Allocation Failure) 656M->361M(670M) 1.383ms
[960.375s][info][gc,cpu         ] GC(2581) User=0.00s Sys=0.00s Real=0.00s
[960.558s][info][gc,start       ] GC(2582) Pause Young (Allocation Failure)
[960.560s][info][gc,heap        ] GC(2582) PSYoungGen: 301632K(315904K)->64K(318464K) Eden: 301568K(301568K)->0K(305664K) From: 64K(14336K)->64K(12800K)
[960.560s][info][gc,heap        ] GC(2582) ParOldGen: 370524K(370688K)->370524K(370688K)
[960.560s][info][gc,metaspace   ] GC(2582) Metaspace: 35733K(36416K)->35733K(36416K) NonClass: 26528K(27072K)->26528K(27072K) Class: 9204K(9344K)->9204K(9344K)
[960.560s][info][gc             ] GC(2582) Pause Young (Allocation Failure) 656M->361M(673M) 1.276ms
[960.560s][info][gc,cpu         ] GC(2582) User=0.00s Sys=0.00s Real=0.00s
[961.473s][info][gc,start       ] GC(2583) Pause Young (Allocation Failure)
[961.475s][info][gc,heap        ] GC(2583) PSYoungGen: 305728K(318464K)->83K(293888K) Eden: 305664K(305664K)->0K(293376K) From: 64K(12800K)->83K(512K)
[961.475s][info][gc,heap        ] GC(2583) ParOldGen: 370524K(370688K)->370532K(370688K)
[961.475s][info][gc,metaspace   ] GC(2583) Metaspace: 35733K(36416K)->35733K(36416K) NonClass: 26528K(27072K)->26528K(27072K) Class: 9204K(9344K)->9204K(9344K)
[961.475s][info][gc             ] GC(2583) Pause Young (Allocation Failure) 660M->361M(649M) 1.586ms
[961.475s][info][gc,cpu         ] GC(2583) User=0.00s Sys=0.00s Real=0.00s
[962.316s][info][gc,start       ] GC(2584) Pause Young (Allocation Failure)
[962.318s][info][gc,heap        ] GC(2584) PSYoungGen: 293459K(293888K)->64K(282112K) Eden: 293376K(293376K)->0K(281600K) From: 83K(512K)->64K(512K)
[962.318s][info][gc,heap        ] GC(2584) ParOldGen: 370532K(370688K)->370540K(370688K)
[962.318s][info][gc,metaspace   ] GC(2584) Metaspace: 35733K(36416K)->35733K(36416K) NonClass: 26528K(27072K)->26528K(27072K) Class: 9204K(9344K)->9204K(9344K)
[962.318s][info][gc             ] GC(2584) Pause Young (Allocation Failure) 648M->361M(637M) 1.808ms
[962.318s][info][gc,cpu         ] GC(2584) User=0.00s Sys=0.00s Real=0.00s
[962.697s][info][gc,start       ] GC(2585) Pause Young (Allocation Failure)
[962.698s][info][gc,heap        ] GC(2585) PSYoungGen: 281664K(282112K)->64K(281600K) Eden: 281600K(281600K)->0K(270336K) From: 64K(512K)->64K(11264K)
[962.698s][info][gc,heap        ] GC(2585) ParOldGen: 370540K(370688K)->370548K(370688K)
[962.698s][info][gc,metaspace   ] GC(2585) Metaspace: 35733K(36416K)->35733K(36416K) NonClass: 26528K(27072K)->26528K(27072K) Class: 9204K(9344K)->9204K(9344K)
[962.699s][info][gc             ] GC(2585) Pause Young (Allocation Failure) 636M->361M(637M) 1.242ms
[962.699s][info][gc,cpu         ] GC(2585) User=0.00s Sys=0.00s Real=0.00s
[963.757s][info][gc,start       ] GC(2586) Pause Young (Allocation Failure)
[963.759s][info][gc,heap        ] GC(2586) PSYoungGen: 270400K(281600K)->64K(260096K) Eden: 270336K(270336K)->0K(259584K) From: 64K(11264K)->64K(512K)
[963.759s][info][gc,heap        ] GC(2586) ParOldGen: 370548K(370688K)->370556K(370688K)
[963.759s][info][gc,metaspace   ] GC(2586) Metaspace: 35733K(36416K)->35733K(36416K) NonClass: 26528K(27072K)->26528K(27072K) Class: 9204K(9344K)->9204K(9344K)
[963.759s][info][gc             ] GC(2586) Pause Young (Allocation Failure) 625M->361M(616M) 1.760ms
[963.759s][info][gc,cpu         ] GC(2586) User=0.00s Sys=0.00s Real=0.00s
[964.151s][info][gc,start       ] GC(2587) Pause Young (Allocation Failure)
[964.152s][info][gc,heap        ] GC(2587) PSYoungGen: 259648K(260096K)->64K(259072K) Eden: 259584K(259584K)->0K(249344K) From: 64K(512K)->64K(9728K)
[964.152s][info][gc,heap        ] GC(2587) ParOldGen: 370556K(370688K)->370564K(370688K)
[964.152s][info][gc,metaspace   ] GC(2587) Metaspace: 35733K(36416K)->35733K(36416K) NonClass: 26528K(27072K)->26528K(27072K) Class: 9204K(9344K)->9204K(9344K)
[964.152s][info][gc             ] GC(2587) Pause Young (Allocation Failure) 615M->361M(615M) 1.196ms
[964.152s][info][gc,cpu         ] GC(2587) User=0.00s Sys=0.00s Real=0.01s
[964.328s][info][gc,start       ] GC(2588) Pause Young (Allocation Failure)
[964.330s][info][gc,heap        ] GC(2588) PSYoungGen: 249408K(259072K)->64K(240128K) Eden: 249344K(249344K)->0K(239616K) From: 64K(9728K)->64K(512K)
[964.330s][info][gc,heap        ] GC(2588) ParOldGen: 370564K(370688K)->370572K(370688K)
[964.330s][info][gc,metaspace   ] GC(2588) Metaspace: 35733K(36416K)->35733K(36416K) NonClass: 26528K(27072K)->26528K(27072K) Class: 9204K(9344K)->9204K(9344K)
[964.330s][info][gc             ] GC(2588) Pause Young (Allocation Failure) 605M->361M(596M) 1.692ms
[964.330s][info][gc,cpu         ] GC(2588) User=0.00s Sys=0.00s Real=0.00s
[964.454s][info][gc,start       ] GC(2589) Pause Young (Allocation Failure)
[964.455s][info][gc,heap        ] GC(2589) PSYoungGen: 239680K(240128K)->64K(239104K) Eden: 239616K(239616K)->0K(230400K) From: 64K(512K)->64K(8704K)
[964.455s][info][gc,heap        ] GC(2589) ParOldGen: 370572K(370688K)->370580K(370688K)
[964.455s][info][gc,metaspace   ] GC(2589) Metaspace: 35733K(36416K)->35733K(36416K) NonClass: 26528K(27072K)->26528K(27072K) Class: 9204K(9344K)->9204K(9344K)
[964.455s][info][gc             ] GC(2589) Pause Young (Allocation Failure) 595M->361M(595M) 1.163ms
[964.455s][info][gc,cpu         ] GC(2589) User=0.00s Sys=0.00s Real=0.00s
[964.995s][info][gc,start       ] GC(2590) Pause Young (Allocation Failure)
[964.997s][info][gc,heap        ] GC(2590) PSYoungGen: 230464K(239104K)->64K(222208K) Eden: 230400K(230400K)->0K(221696K) From: 64K(8704K)->64K(512K)
[964.997s][info][gc,heap        ] GC(2590) ParOldGen: 370580K(370688K)->370588K(370688K)
[964.997s][info][gc,metaspace   ] GC(2590) Metaspace: 35733K(36416K)->35733K(36416K) NonClass: 26528K(27072K)->26528K(27072K) Class: 9204K(9344K)->9204K(9344K)
[964.997s][info][gc             ] GC(2590) Pause Young (Allocation Failure) 586M->361M(579M) 1.866ms
[964.997s][info][gc,cpu         ] GC(2590) User=0.00s Sys=0.00s Real=0.00s
[965.200s][info][gc,start       ] GC(2591) Pause Young (Allocation Failure)
[965.201s][info][gc,heap        ] GC(2591) PSYoungGen: 221760K(222208K)->64K(221184K) Eden: 221696K(221696K)->0K(213504K) From: 64K(512K)->64K(7680K)
[965.201s][info][gc,heap        ] GC(2591) ParOldGen: 370588K(370688K)->370596K(370688K)
[965.201s][info][gc,metaspace   ] GC(2591) Metaspace: 35733K(36416K)->35733K(36416K) NonClass: 26528K(27072K)->26528K(27072K) Class: 9204K(9344K)->9204K(9344K)
[965.201s][info][gc             ] GC(2591) Pause Young (Allocation Failure) 578M->361M(578M) 1.203ms
[965.201s][info][gc,cpu         ] GC(2591) User=0.00s Sys=0.00s Real=0.00s
[965.483s][info][gc,start       ] GC(2592) Pause Young (Allocation Failure)
[965.515s][info][gc,heap        ] GC(2592) PSYoungGen: 213568K(221184K)->7168K(263168K) Eden: 213504K(213504K)->0K(256000K) From: 64K(7680K)->7168K(7168K)
[965.516s][info][gc,heap        ] GC(2592) ParOldGen: 370596K(370688K)->381084K(381440K)
[965.516s][info][gc,metaspace   ] GC(2592) Metaspace: 35733K(36416K)->35733K(36416K) NonClass: 26528K(27072K)->26528K(27072K) Class: 9204K(9344K)->9204K(9344K)
[965.516s][info][gc             ] GC(2592) Pause Young (Allocation Failure) 570M->379M(629M) 32.763ms
[965.516s][info][gc,cpu         ] GC(2592) User=0.06s Sys=0.01s Real=0.03s
[965.819s][info][gc,start       ] GC(2593) Pause Young (Allocation Failure)
[965.876s][info][gc,heap        ] GC(2593) PSYoungGen: 263168K(263168K)->12800K(268800K) Eden: 256000K(256000K)->0K(256000K) From: 7168K(7168K)->12800K(12800K)
[965.876s][info][gc,heap        ] GC(2593) ParOldGen: 381084K(381440K)->397532K(397824K)
[965.876s][info][gc,metaspace   ] GC(2593) Metaspace: 35733K(36416K)->35733K(36416K) NonClass: 26528K(27072K)->26528K(27072K) Class: 9204K(9344K)->9204K(9344K)
[965.876s][info][gc             ] GC(2593) Pause Young (Allocation Failure) 629M->400M(651M) 56.562ms
[965.876s][info][gc,cpu         ] GC(2593) User=0.10s Sys=0.01s Real=0.06s
[966.073s][info][gc,start       ] GC(2594) Pause Young (Allocation Failure)
[966.109s][info][gc,heap        ] GC(2594) PSYoungGen: 268800K(268800K)->16032K(307200K) Eden: 256000K(256000K)->0K(285696K) From: 12800K(12800K)->16032K(21504K)
[966.109s][info][gc,heap        ] GC(2594) ParOldGen: 397532K(397824K)->397980K(398336K)
[966.109s][info][gc,metaspace   ] GC(2594) Metaspace: 35733K(36416K)->35733K(36416K) NonClass: 26528K(27072K)->26528K(27072K) Class: 9204K(9344K)->9204K(9344K)
[966.109s][info][gc             ] GC(2594) Pause Young (Allocation Failure) 650M->404M(689M) 36.239ms
[966.109s][info][gc,cpu         ] GC(2594) User=0.06s Sys=0.01s Real=0.03s
[966.448s][info][gc,start       ] GC(2595) Pause Young (Allocation Failure)
[966.449s][info][gc,heap        ] GC(2595) PSYoungGen: 301728K(307200K)->64K(309760K) Eden: 285696K(285696K)->0K(285696K) From: 16032K(21504K)->64K(24064K)
[966.449s][info][gc,heap        ] GC(2595) ParOldGen: 397980K(398336K)->397988K(398336K)
[966.449s][info][gc,metaspace   ] GC(2595) Metaspace: 35733K(36416K)->35733K(36416K) NonClass: 26528K(27072K)->26528K(27072K) Class: 9204K(9344K)->9204K(9344K)
[966.449s][info][gc             ] GC(2595) Pause Young (Allocation Failure) 683M->388M(691M) 1.375ms
[966.449s][info][gc,cpu         ] GC(2595) User=0.00s Sys=0.00s Real=0.00s
[967.035s][info][gc,start       ] GC(2596) Pause Young (Allocation Failure)
[967.036s][info][gc,heap        ] GC(2596) PSYoungGen: 285760K(309760K)->64K(307712K) Eden: 285696K(285696K)->0K(286720K) From: 64K(24064K)->64K(20992K)
[967.036s][info][gc,heap        ] GC(2596) ParOldGen: 397988K(398336K)->397996K(398336K)
[967.036s][info][gc,metaspace   ] GC(2596) Metaspace: 35733K(36416K)->35733K(36416K) NonClass: 26528K(27072K)->26528K(27072K) Class: 9204K(9344K)->9204K(9344K)
[967.036s][info][gc             ] GC(2596) Pause Young (Allocation Failure) 667M->388M(689M) 1.383ms
[967.036s][info][gc,cpu         ] GC(2596) User=0.00s Sys=0.00s Real=0.00s
[967.513s][info][gc,start       ] GC(2597) Pause Young (Allocation Failure)
[967.515s][info][gc,heap        ] GC(2597) PSYoungGen: 286784K(307712K)->64K(309248K) Eden: 286720K(286720K)->0K(286720K) From: 64K(20992K)->64K(22528K)
[967.515s][info][gc,heap        ] GC(2597) ParOldGen: 397996K(398336K)->398012K(398336K)
[967.515s][info][gc,metaspace   ] GC(2597) Metaspace: 35733K(36416K)->35733K(36416K) NonClass: 26528K(27072K)->26528K(27072K) Class: 9204K(9344K)->9204K(9344K)
[967.515s][info][gc             ] GC(2597) Pause Young (Allocation Failure) 668M->388M(691M) 1.508ms
[967.515s][info][gc,cpu         ] GC(2597) User=0.00s Sys=0.00s Real=0.00s
[967.749s][info][gc,start       ] GC(2598) Pause Young (Allocation Failure)
[967.750s][info][gc,heap        ] GC(2598) PSYoungGen: 286784K(309248K)->64K(308736K) Eden: 286720K(286720K)->0K(289792K) From: 64K(22528K)->64K(18944K)
[967.750s][info][gc,heap        ] GC(2598) ParOldGen: 398012K(398336K)->398028K(398336K)
[967.750s][info][gc,metaspace   ] GC(2598) Metaspace: 35733K(36416K)->35733K(36416K) NonClass: 26528K(27072K)->26528K(27072K) Class: 9204K(9344K)->9204K(9344K)
[967.750s][info][gc             ] GC(2598) Pause Young (Allocation Failure) 668M->388M(690M) 1.332ms
[967.750s][info][gc,cpu         ] GC(2598) User=0.00s Sys=0.00s Real=0.00s
[967.990s][info][gc,start       ] GC(2599) Pause Young (Allocation Failure)
[967.991s][info][gc,heap        ] GC(2599) PSYoungGen: 289856K(308736K)->64K(310272K) Eden: 289792K(289792K)->0K(289792K) From: 64K(18944K)->64K(20480K)
[967.991s][info][gc,heap        ] GC(2599) ParOldGen: 398028K(398336K)->398028K(398336K)
[967.991s][info][gc,metaspace   ] GC(2599) Metaspace: 35733K(36416K)->35733K(36416K) NonClass: 26528K(27072K)->26528K(27072K) Class: 9204K(9344K)->9204K(9344K)
[967.991s][info][gc             ] GC(2599) Pause Young (Allocation Failure) 671M->388M(692M) 1.357ms
[967.991s][info][gc,cpu         ] GC(2599) User=0.00s Sys=0.00s Real=0.00s
[968.300s][info][gc,start       ] GC(2600) Pause Young (Allocation Failure)
[968.301s][info][gc,heap        ] GC(2600) PSYoungGen: 289856K(310272K)->64K(311808K) Eden: 289792K(289792K)->0K(293888K) From: 64K(20480K)->64K(17920K)
[968.301s][info][gc,heap        ] GC(2600) ParOldGen: 398028K(398336K)->398028K(398336K)
[968.301s][info][gc,metaspace   ] GC(2600) Metaspace: 35733K(36416K)->35733K(36416K) NonClass: 26528K(27072K)->26528K(27072K) Class: 9204K(9344K)->9204K(9344K)
[968.301s][info][gc             ] GC(2600) Pause Young (Allocation Failure) 671M->388M(693M) 1.286ms
[968.301s][info][gc,cpu         ] GC(2600) User=0.00s Sys=0.00s Real=0.00s
[968.360s][info][gc,start       ] GC(2601) Pause Young (Allocation Failure)
[968.362s][info][gc,heap        ] GC(2601) PSYoungGen: 293952K(311808K)->64K(312832K) Eden: 293888K(293888K)->0K(293888K) From: 64K(17920K)->64K(18944K)
[968.362s][info][gc,heap        ] GC(2601) ParOldGen: 398028K(398336K)->398044K(398336K)
[968.362s][info][gc,metaspace   ] GC(2601) Metaspace: 35733K(36416K)->35733K(36416K) NonClass: 26528K(27072K)->26528K(27072K) Class: 9204K(9344K)->9204K(9344K)
[968.362s][info][gc             ] GC(2601) Pause Young (Allocation Failure) 675M->388M(694M) 1.546ms
[968.362s][info][gc,cpu         ] GC(2601) User=0.00s Sys=0.00s Real=0.01s
[968.445s][info][gc,start       ] GC(2602) Pause Young (Allocation Failure)
[968.446s][info][gc,heap        ] GC(2602) PSYoungGen: 293952K(312832K)->64K(312832K) Eden: 293888K(293888K)->0K(296960K) From: 64K(18944K)->64K(15872K)
[968.446s][info][gc,heap        ] GC(2602) ParOldGen: 398044K(398336K)->398044K(398336K)
[968.446s][info][gc,metaspace   ] GC(2602) Metaspace: 35733K(36416K)->35733K(36416K) NonClass: 26528K(27072K)->26528K(27072K) Class: 9204K(9344K)->9204K(9344K)
[968.446s][info][gc             ] GC(2602) Pause Young (Allocation Failure) 675M->388M(694M) 1.362ms
[968.447s][info][gc,cpu         ] GC(2602) User=0.00s Sys=0.00s Real=0.00s
[968.737s][info][gc,start       ] GC(2603) Pause Young (Allocation Failure)
[968.739s][info][gc,heap        ] GC(2603) PSYoungGen: 297024K(312832K)->64K(313856K) Eden: 296960K(296960K)->0K(296960K) From: 64K(15872K)->64K(16896K)
[968.739s][info][gc,heap        ] GC(2603) ParOldGen: 398044K(398336K)->398060K(398336K)
[968.739s][info][gc,metaspace   ] GC(2603) Metaspace: 35733K(36416K)->35733K(36416K) NonClass: 26528K(27072K)->26528K(27072K) Class: 9204K(9344K)->9204K(9344K)
[968.739s][info][gc             ] GC(2603) Pause Young (Allocation Failure) 678M->388M(695M) 1.818ms
[968.739s][info][gc,cpu         ] GC(2603) User=0.00s Sys=0.00s Real=0.00s
[968.951s][info][gc,start       ] GC(2604) Pause Young (Allocation Failure)
[968.953s][info][gc,heap        ] GC(2604) PSYoungGen: 297024K(313856K)->64K(314880K) Eden: 296960K(296960K)->0K(301056K) From: 64K(16896K)->64K(13824K)
[968.953s][info][gc,heap        ] GC(2604) ParOldGen: 398060K(398336K)->398060K(398336K)
[968.953s][info][gc,metaspace   ] GC(2604) Metaspace: 35733K(36416K)->35733K(36416K) NonClass: 26528K(27072K)->26528K(27072K) Class: 9204K(9344K)->9204K(9344K)
[968.953s][info][gc             ] GC(2604) Pause Young (Allocation Failure) 678M->388M(696M) 1.385ms
[968.953s][info][gc,cpu         ] GC(2604) User=0.00s Sys=0.00s Real=0.01s
[969.036s][info][gc,start       ] GC(2605) Pause Young (Allocation Failure)
[969.038s][info][gc,heap        ] GC(2605) PSYoungGen: 301120K(314880K)->64K(315904K) Eden: 301056K(301056K)->0K(301056K) From: 64K(13824K)->64K(14848K)
[969.038s][info][gc,heap        ] GC(2605) ParOldGen: 398060K(398336K)->398076K(398336K)
[969.038s][info][gc,metaspace   ] GC(2605) Metaspace: 35733K(36416K)->35733K(36416K) NonClass: 26528K(27072K)->26528K(27072K) Class: 9204K(9344K)->9204K(9344K)
[969.038s][info][gc             ] GC(2605) Pause Young (Allocation Failure) 682M->388M(697M) 1.330ms
[969.038s][info][gc,cpu         ] GC(2605) User=0.00s Sys=0.00s Real=0.00s
[969.202s][info][gc,start       ] GC(2606) Pause Young (Allocation Failure)
[969.203s][info][gc,heap        ] GC(2606) PSYoungGen: 301120K(315904K)->64K(316416K) Eden: 301056K(301056K)->0K(304640K) From: 64K(14848K)->64K(11776K)
[969.203s][info][gc,heap        ] GC(2606) ParOldGen: 398076K(398336K)->398076K(398336K)
[969.203s][info][gc,metaspace   ] GC(2606) Metaspace: 35733K(36416K)->35733K(36416K) NonClass: 26528K(27072K)->26528K(27072K) Class: 9204K(9344K)->9204K(9344K)
[969.203s][info][gc             ] GC(2606) Pause Young (Allocation Failure) 682M->388M(698M) 1.288ms
[969.203s][info][gc,cpu         ] GC(2606) User=0.00s Sys=0.00s Real=0.00s
[970.164s][info][gc,start       ] GC(2607) Pause Young (Allocation Failure)
[970.166s][info][gc,heap        ] GC(2607) PSYoungGen: 304704K(316416K)->83K(292864K) Eden: 304640K(304640K)->0K(292352K) From: 64K(11776K)->83K(512K)
[970.166s][info][gc,heap        ] GC(2607) ParOldGen: 398076K(398336K)->398084K(398336K)
[970.166s][info][gc,metaspace   ] GC(2607) Metaspace: 35733K(36416K)->35733K(36416K) NonClass: 26528K(27072K)->26528K(27072K) Class: 9204K(9344K)->9204K(9344K)
[970.166s][info][gc             ] GC(2607) Pause Young (Allocation Failure) 686M->388M(675M) 2.212ms
[970.166s][info][gc,cpu         ] GC(2607) User=0.01s Sys=0.00s Real=0.00s
[970.980s][info][gc,start       ] GC(2608) Pause Young (Allocation Failure)
[970.982s][info][gc,heap        ] GC(2608) PSYoungGen: 292435K(292864K)->64K(281088K) Eden: 292352K(292352K)->0K(280576K) From: 83K(512K)->64K(512K)
[970.982s][info][gc,heap        ] GC(2608) ParOldGen: 398084K(398336K)->398092K(398336K)
[970.982s][info][gc,metaspace   ] GC(2608) Metaspace: 35733K(36416K)->35733K(36416K) NonClass: 26528K(27072K)->26528K(27072K) Class: 9204K(9344K)->9204K(9344K)
[970.982s][info][gc             ] GC(2608) Pause Young (Allocation Failure) 674M->388M(663M) 1.918ms
[970.982s][info][gc,cpu         ] GC(2608) User=0.00s Sys=0.00s Real=0.01s
[971.267s][info][gc,start       ] GC(2609) Pause Young (Allocation Failure)
[971.268s][info][gc,heap        ] GC(2609) PSYoungGen: 280640K(281088K)->64K(281600K) Eden: 280576K(280576K)->0K(269824K) From: 64K(512K)->64K(11776K)
[971.268s][info][gc,heap        ] GC(2609) ParOldGen: 398092K(398336K)->398100K(398336K)
[971.268s][info][gc,metaspace   ] GC(2609) Metaspace: 35733K(36416K)->35733K(36416K) NonClass: 26528K(27072K)->26528K(27072K) Class: 9204K(9344K)->9204K(9344K)
[971.268s][info][gc             ] GC(2609) Pause Young (Allocation Failure) 662M->388M(664M) 1.241ms
[971.268s][info][gc,cpu         ] GC(2609) User=0.00s Sys=0.00s Real=0.00s
[971.702s][info][gc,start       ] GC(2610) Pause Young (Allocation Failure)
[971.704s][info][gc,heap        ] GC(2610) PSYoungGen: 269888K(281600K)->64K(260096K) Eden: 269824K(269824K)->0K(259584K) From: 64K(11776K)->64K(512K)
[971.704s][info][gc,heap        ] GC(2610) ParOldGen: 398100K(398336K)->398108K(398336K)
[971.704s][info][gc,metaspace   ] GC(2610) Metaspace: 35733K(36416K)->35733K(36416K) NonClass: 26528K(27072K)->26528K(27072K) Class: 9204K(9344K)->9204K(9344K)
[971.704s][info][gc             ] GC(2610) Pause Young (Allocation Failure) 652M->388M(643M) 1.788ms
[971.704s][info][gc,cpu         ] GC(2610) User=0.00s Sys=0.00s Real=0.00s
[972.649s][info][gc,start       ] GC(2611) Pause Young (Allocation Failure)
[972.650s][info][gc,heap        ] GC(2611) PSYoungGen: 259648K(260096K)->64K(259584K) Eden: 259584K(259584K)->0K(249344K) From: 64K(512K)->64K(10240K)
[972.650s][info][gc,heap        ] GC(2611) ParOldGen: 398108K(398336K)->398116K(398336K)
[972.650s][info][gc,metaspace   ] GC(2611) Metaspace: 35733K(36416K)->35733K(36416K) NonClass: 26528K(27072K)->26528K(27072K) Class: 9204K(9344K)->9204K(9344K)
[972.650s][info][gc             ] GC(2611) Pause Young (Allocation Failure) 642M->388M(642M) 1.320ms
[972.650s][info][gc,cpu         ] GC(2611) User=0.00s Sys=0.00s Real=0.00s
[973.018s][info][gc,start       ] GC(2612) Pause Young (Allocation Failure)
[973.020s][info][gc,heap        ] GC(2612) PSYoungGen: 249408K(259584K)->64K(240128K) Eden: 249344K(249344K)->0K(239616K) From: 64K(10240K)->64K(512K)
[973.020s][info][gc,heap        ] GC(2612) ParOldGen: 398116K(398336K)->398124K(398336K)
[973.020s][info][gc,metaspace   ] GC(2612) Metaspace: 35733K(36416K)->35733K(36416K) NonClass: 26528K(27072K)->26528K(27072K) Class: 9204K(9344K)->9204K(9344K)
[973.020s][info][gc             ] GC(2612) Pause Young (Allocation Failure) 632M->388M(623M) 2.018ms
[973.020s][info][gc,cpu         ] GC(2612) User=0.00s Sys=0.00s Real=0.00s
[973.101s][info][gc,start       ] GC(2613) Pause Young (Allocation Failure)
[973.102s][info][gc,heap        ] GC(2613) PSYoungGen: 239680K(240128K)->64K(239104K) Eden: 239616K(239616K)->0K(230400K) From: 64K(512K)->64K(8704K)
[973.102s][info][gc,heap        ] GC(2613) ParOldGen: 398124K(398336K)->398132K(398336K)
[973.102s][info][gc,metaspace   ] GC(2613) Metaspace: 35733K(36416K)->35733K(36416K) NonClass: 26528K(27072K)->26528K(27072K) Class: 9204K(9344K)->9204K(9344K)
[973.102s][info][gc             ] GC(2613) Pause Young (Allocation Failure) 622M->388M(622M) 1.320ms
[973.102s][info][gc,cpu         ] GC(2613) User=0.00s Sys=0.00s Real=0.01s
[973.598s][info][gc,start       ] GC(2614) Pause Young (Allocation Failure)
[973.600s][info][gc,heap        ] GC(2614) PSYoungGen: 230464K(239104K)->64K(222208K) Eden: 230400K(230400K)->0K(221696K) From: 64K(8704K)->64K(512K)
[973.600s][info][gc,heap        ] GC(2614) ParOldGen: 398132K(398336K)->398140K(398336K)
[973.600s][info][gc,metaspace   ] GC(2614) Metaspace: 35733K(36416K)->35733K(36416K) NonClass: 26528K(27072K)->26528K(27072K) Class: 9204K(9344K)->9204K(9344K)
[973.600s][info][gc             ] GC(2614) Pause Young (Allocation Failure) 613M->388M(606M) 2.027ms
[973.600s][info][gc,cpu         ] GC(2614) User=0.00s Sys=0.00s Real=0.00s
[973.832s][info][gc,start       ] GC(2615) Pause Young (Allocation Failure)
[973.834s][info][gc,heap        ] GC(2615) PSYoungGen: 221760K(222208K)->64K(221184K) Eden: 221696K(221696K)->0K(213504K) From: 64K(512K)->64K(7680K)
[973.834s][info][gc,heap        ] GC(2615) ParOldGen: 398140K(398336K)->398148K(398336K)
[973.834s][info][gc,metaspace   ] GC(2615) Metaspace: 35733K(36416K)->35733K(36416K) NonClass: 26528K(27072K)->26528K(27072K) Class: 9204K(9344K)->9204K(9344K)
[973.834s][info][gc             ] GC(2615) Pause Young (Allocation Failure) 605M->388M(605M) 1.240ms
[973.834s][info][gc,cpu         ] GC(2615) User=0.00s Sys=0.00s Real=0.00s
[974.133s][info][gc,start       ] GC(2616) Pause Young (Allocation Failure)
[974.151s][info][gc,heap        ] GC(2616) PSYoungGen: 213568K(221184K)->7168K(262144K) Eden: 213504K(213504K)->0K(254976K) From: 64K(7680K)->7168K(7168K)
[974.151s][info][gc,heap        ] GC(2616) ParOldGen: 398148K(398336K)->401660K(401920K)
[974.151s][info][gc,metaspace   ] GC(2616) Metaspace: 35733K(36416K)->35733K(36416K) NonClass: 26528K(27072K)->26528K(27072K) Class: 9204K(9344K)->9204K(9344K)
[974.151s][info][gc             ] GC(2616) Pause Young (Allocation Failure) 597M->399M(648M) 18.693ms
[974.151s][info][gc,cpu         ] GC(2616) User=0.04s Sys=0.00s Real=0.01s
[974.452s][info][gc,start       ] GC(2617) Pause Young (Allocation Failure)
[974.507s][info][gc,heap        ] GC(2617) PSYoungGen: 262144K(262144K)->10240K(271360K) Eden: 254976K(254976K)->0K(261120K) From: 7168K(7168K)->10240K(10240K)
[974.507s][info][gc,heap        ] GC(2617) ParOldGen: 401660K(401920K)->420364K(420864K)
[974.507s][info][gc,metaspace   ] GC(2617) Metaspace: 35733K(36416K)->35733K(36416K) NonClass: 26528K(27072K)->26528K(27072K) Class: 9204K(9344K)->9204K(9344K)
[974.507s][info][gc             ] GC(2617) Pause Young (Allocation Failure) 648M->420M(676M) 54.634ms
[974.507s][info][gc,cpu         ] GC(2617) User=0.10s Sys=0.01s Real=0.05s
[974.765s][info][gc,start       ] GC(2618) Pause Young (Allocation Failure)
[974.816s][info][gc,heap        ] GC(2618) PSYoungGen: 271360K(271360K)->19456K(303104K) Eden: 261120K(261120K)->0K(283648K) From: 10240K(10240K)->19456K(19456K)
[974.816s][info][gc,heap        ] GC(2618) ParOldGen: 420364K(420864K)->424516K(424960K)
[974.816s][info][gc,metaspace   ] GC(2618) Metaspace: 35733K(36416K)->35733K(36416K) NonClass: 26528K(27072K)->26528K(27072K) Class: 9204K(9344K)->9204K(9344K)
[974.816s][info][gc             ] GC(2618) Pause Young (Allocation Failure) 675M->433M(711M) 51.314ms
[974.816s][info][gc,cpu         ] GC(2618) User=0.09s Sys=0.02s Real=0.05s
[975.031s][info][gc,start       ] GC(2619) Pause Young (Allocation Failure)
[975.033s][info][gc,heap        ] GC(2619) PSYoungGen: 303104K(303104K)->64K(308736K) Eden: 283648K(283648K)->0K(283648K) From: 19456K(19456K)->64K(25088K)
[975.033s][info][gc,heap        ] GC(2619) ParOldGen: 424516K(424960K)->424628K(424960K)
[975.033s][info][gc,metaspace   ] GC(2619) Metaspace: 35733K(36416K)->35733K(36416K) NonClass: 26528K(27072K)->26528K(27072K) Class: 9204K(9344K)->9204K(9344K)
[975.033s][info][gc             ] GC(2619) Pause Young (Allocation Failure) 710M->414M(716M) 2.619ms
[975.033s][info][gc,cpu         ] GC(2619) User=0.00s Sys=0.00s Real=0.01s
[975.684s][info][gc,start       ] GC(2620) Pause Young (Allocation Failure)
[975.686s][info][gc,heap        ] GC(2620) PSYoungGen: 283712K(308736K)->64K(306688K) Eden: 283648K(283648K)->0K(284672K) From: 64K(25088K)->64K(22016K)
[975.686s][info][gc,heap        ] GC(2620) ParOldGen: 424628K(424960K)->424636K(424960K)
[975.686s][info][gc,metaspace   ] GC(2620) Metaspace: 35733K(36416K)->35733K(36416K) NonClass: 26528K(27072K)->26528K(27072K) Class: 9204K(9344K)->9204K(9344K)
[975.686s][info][gc             ] GC(2620) Pause Young (Allocation Failure) 691M->414M(714M) 1.589ms
[975.686s][info][gc,cpu         ] GC(2620) User=0.00s Sys=0.00s Real=0.00s
[976.179s][info][gc,start       ] GC(2621) Pause Young (Allocation Failure)
[976.180s][info][gc,heap        ] GC(2621) PSYoungGen: 284736K(306688K)->64K(308224K) Eden: 284672K(284672K)->0K(284672K) From: 64K(22016K)->64K(23552K)
[976.180s][info][gc,heap        ] GC(2621) ParOldGen: 424636K(424960K)->424652K(424960K)
[976.180s][info][gc,metaspace   ] GC(2621) Metaspace: 35733K(36416K)->35733K(36416K) NonClass: 26528K(27072K)->26528K(27072K) Class: 9204K(9344K)->9204K(9344K)
[976.180s][info][gc             ] GC(2621) Pause Young (Allocation Failure) 692M->414M(716M) 1.450ms
[976.180s][info][gc,cpu         ] GC(2621) User=0.00s Sys=0.00s Real=0.00s
[976.413s][info][gc,start       ] GC(2622) Pause Young (Allocation Failure)
[976.414s][info][gc,heap        ] GC(2622) PSYoungGen: 284736K(308224K)->64K(307712K) Eden: 284672K(284672K)->0K(287744K) From: 64K(23552K)->64K(19968K)
[976.414s][info][gc,heap        ] GC(2622) ParOldGen: 424652K(424960K)->424668K(424960K)
[976.414s][info][gc,metaspace   ] GC(2622) Metaspace: 35733K(36416K)->35733K(36416K) NonClass: 26528K(27072K)->26528K(27072K) Class: 9204K(9344K)->9204K(9344K)
[976.414s][info][gc             ] GC(2622) Pause Young (Allocation Failure) 692M->414M(715M) 1.449ms
[976.415s][info][gc,cpu         ] GC(2622) User=0.00s Sys=0.00s Real=0.00s
[976.652s][info][gc,start       ] GC(2623) Pause Young (Allocation Failure)
[976.653s][info][gc,heap        ] GC(2623) PSYoungGen: 287808K(307712K)->64K(309248K) Eden: 287744K(287744K)->0K(287744K) From: 64K(19968K)->64K(21504K)
[976.653s][info][gc,heap        ] GC(2623) ParOldGen: 424668K(424960K)->424668K(424960K)
[976.654s][info][gc,metaspace   ] GC(2623) Metaspace: 35733K(36416K)->35733K(36416K) NonClass: 26528K(27072K)->26528K(27072K) Class: 9204K(9344K)->9204K(9344K)
[976.654s][info][gc             ] GC(2623) Pause Young (Allocation Failure) 695M->414M(717M) 1.356ms
[976.654s][info][gc,cpu         ] GC(2623) User=0.00s Sys=0.00s Real=0.00s
[977.009s][info][gc,start       ] GC(2624) Pause Young (Allocation Failure)
[977.011s][info][gc,heap        ] GC(2624) PSYoungGen: 287808K(309248K)->64K(309760K) Eden: 287744K(287744K)->0K(291840K) From: 64K(21504K)->64K(17920K)
[977.011s][info][gc,heap        ] GC(2624) ParOldGen: 424668K(424960K)->424668K(424960K)
[977.011s][info][gc,metaspace   ] GC(2624) Metaspace: 35733K(36416K)->35733K(36416K) NonClass: 26528K(27072K)->26528K(27072K) Class: 9204K(9344K)->9204K(9344K)
[977.011s][info][gc             ] GC(2624) Pause Young (Allocation Failure) 695M->414M(717M) 1.341ms
[977.011s][info][gc,cpu         ] GC(2624) User=0.00s Sys=0.00s Real=0.00s
[977.063s][info][gc,start       ] GC(2625) Pause Young (Allocation Failure)
[977.065s][info][gc,heap        ] GC(2625) PSYoungGen: 291904K(309760K)->64K(311296K) Eden: 291840K(291840K)->0K(291840K) From: 64K(17920K)->64K(19456K)
[977.065s][info][gc,heap        ] GC(2625) ParOldGen: 424668K(424960K)->424684K(424960K)
[977.065s][info][gc,metaspace   ] GC(2625) Metaspace: 35733K(36416K)->35733K(36416K) NonClass: 26528K(27072K)->26528K(27072K) Class: 9204K(9344K)->9204K(9344K)
[977.065s][info][gc             ] GC(2625) Pause Young (Allocation Failure) 699M->414M(719M) 1.384ms
[977.065s][info][gc,cpu         ] GC(2625) User=0.00s Sys=0.00s Real=0.00s
[977.115s][info][gc,start       ] GC(2626) Pause Young (Allocation Failure)
[977.116s][info][gc,heap        ] GC(2626) PSYoungGen: 291904K(311296K)->64K(311808K) Eden: 291840K(291840K)->0K(295936K) From: 64K(19456K)->64K(15872K)
[977.116s][info][gc,heap        ] GC(2626) ParOldGen: 424684K(424960K)->424684K(424960K)
[977.116s][info][gc,metaspace   ] GC(2626) Metaspace: 35733K(36416K)->35733K(36416K) NonClass: 26528K(27072K)->26528K(27072K) Class: 9204K(9344K)->9204K(9344K)
[977.116s][info][gc             ] GC(2626) Pause Young (Allocation Failure) 699M->414M(719M) 1.204ms
[977.116s][info][gc,cpu         ] GC(2626) User=0.00s Sys=0.00s Real=0.00s
[977.375s][info][gc,start       ] GC(2627) Pause Young (Allocation Failure)
[977.377s][info][gc,heap        ] GC(2627) PSYoungGen: 296000K(311808K)->64K(313344K) Eden: 295936K(295936K)->0K(295936K) From: 64K(15872K)->64K(17408K)
[977.377s][info][gc,heap        ] GC(2627) ParOldGen: 424684K(424960K)->424684K(424960K)
[977.377s][info][gc,metaspace   ] GC(2627) Metaspace: 35733K(36416K)->35733K(36416K) NonClass: 26528K(27072K)->26528K(27072K) Class: 9204K(9344K)->9204K(9344K)
[977.377s][info][gc             ] GC(2627) Pause Young (Allocation Failure) 703M->414M(721M) 1.455ms
[977.377s][info][gc,cpu         ] GC(2627) User=0.00s Sys=0.00s Real=0.00s
[977.622s][info][gc,start       ] GC(2628) Pause Young (Allocation Failure)
[977.623s][info][gc,heap        ] GC(2628) PSYoungGen: 296000K(313344K)->64K(313856K) Eden: 295936K(295936K)->0K(300032K) From: 64K(17408K)->64K(13824K)
[977.623s][info][gc,heap        ] GC(2628) ParOldGen: 424684K(424960K)->424692K(424960K)
[977.623s][info][gc,metaspace   ] GC(2628) Metaspace: 35733K(36416K)->35733K(36416K) NonClass: 26528K(27072K)->26528K(27072K) Class: 9204K(9344K)->9204K(9344K)
[977.623s][info][gc             ] GC(2628) Pause Young (Allocation Failure) 703M->414M(721M) 1.368ms
[977.623s][info][gc,cpu         ] GC(2628) User=0.01s Sys=0.00s Real=0.01s
[977.724s][info][gc,start       ] GC(2629) Pause Young (Allocation Failure)
[977.725s][info][gc,heap        ] GC(2629) PSYoungGen: 300096K(313856K)->64K(315392K) Eden: 300032K(300032K)->0K(300032K) From: 64K(13824K)->64K(15360K)
[977.725s][info][gc,heap        ] GC(2629) ParOldGen: 424692K(424960K)->424700K(424960K)
[977.725s][info][gc,metaspace   ] GC(2629) Metaspace: 35733K(36416K)->35733K(36416K) NonClass: 26528K(27072K)->26528K(27072K) Class: 9204K(9344K)->9204K(9344K)
[977.725s][info][gc             ] GC(2629) Pause Young (Allocation Failure) 707M->414M(723M) 1.337ms
[977.725s][info][gc,cpu         ] GC(2629) User=0.01s Sys=0.00s Real=0.00s
[977.862s][info][gc,start       ] GC(2630) Pause Young (Allocation Failure)
[977.863s][info][gc,heap        ] GC(2630) PSYoungGen: 300096K(315392K)->64K(315904K) Eden: 300032K(300032K)->0K(303616K) From: 64K(15360K)->64K(12288K)
[977.863s][info][gc,heap        ] GC(2630) ParOldGen: 424700K(424960K)->424708K(424960K)
[977.863s][info][gc,metaspace   ] GC(2630) Metaspace: 35733K(36416K)->35733K(36416K) NonClass: 26528K(27072K)->26528K(27072K) Class: 9204K(9344K)->9204K(9344K)
[977.863s][info][gc             ] GC(2630) Pause Young (Allocation Failure) 707M->414M(723M) 1.394ms
[977.864s][info][gc,cpu         ] GC(2630) User=0.00s Sys=0.00s Real=0.00s
[978.275s][info][gc,start       ] GC(2631) Pause Young (Allocation Failure)
[978.276s][info][gc,heap        ] GC(2631) PSYoungGen: 303680K(315904K)->64K(317440K) Eden: 303616K(303616K)->0K(303616K) From: 64K(12288K)->64K(13824K)
[978.276s][info][gc,heap        ] GC(2631) ParOldGen: 424708K(424960K)->424716K(424960K)
[978.276s][info][gc,metaspace   ] GC(2631) Metaspace: 35733K(36416K)->35733K(36416K) NonClass: 26528K(27072K)->26528K(27072K) Class: 9204K(9344K)->9204K(9344K)
[978.276s][info][gc             ] GC(2631) Pause Young (Allocation Failure) 711M->414M(725M) 1.476ms
[978.276s][info][gc,cpu         ] GC(2631) User=0.01s Sys=0.00s Real=0.00s
[979.062s][info][gc,start       ] GC(2632) Pause Young (Allocation Failure)
[979.064s][info][gc,heap        ] GC(2632) PSYoungGen: 303680K(317440K)->64K(291840K) Eden: 303616K(303616K)->0K(291328K) From: 64K(13824K)->64K(512K)
[979.064s][info][gc,heap        ] GC(2632) ParOldGen: 424716K(424960K)->424724K(424960K)
[979.064s][info][gc,metaspace   ] GC(2632) Metaspace: 35733K(36416K)->35733K(36416K) NonClass: 26528K(27072K)->26528K(27072K) Class: 9204K(9344K)->9204K(9344K)
[979.064s][info][gc             ] GC(2632) Pause Young (Allocation Failure) 711M->414M(700M) 2.133ms
[979.064s][info][gc,cpu         ] GC(2632) User=0.00s Sys=0.00s Real=0.00s
[979.860s][info][gc,start       ] GC(2633) Pause Young (Allocation Failure)
[979.861s][info][gc,heap        ] GC(2633) PSYoungGen: 291392K(291840K)->64K(292352K) Eden: 291328K(291328K)->0K(280064K) From: 64K(512K)->64K(12288K)
[979.861s][info][gc,heap        ] GC(2633) ParOldGen: 424724K(424960K)->424732K(424960K)
[979.861s][info][gc,metaspace   ] GC(2633) Metaspace: 35733K(36416K)->35733K(36416K) NonClass: 26528K(27072K)->26528K(27072K) Class: 9204K(9344K)->9204K(9344K)
[979.861s][info][gc             ] GC(2633) Pause Young (Allocation Failure) 699M->414M(700M) 1.461ms
[979.861s][info][gc,cpu         ] GC(2633) User=0.01s Sys=0.00s Real=0.00s
[980.361s][info][gc,start       ] GC(2634) Pause Young (Allocation Failure)
[980.362s][info][gc,heap        ] GC(2634) PSYoungGen: 280128K(292352K)->64K(269824K) Eden: 280064K(280064K)->0K(269312K) From: 64K(12288K)->64K(512K)
[980.362s][info][gc,heap        ] GC(2634) ParOldGen: 424732K(424960K)->424740K(424960K)
[980.362s][info][gc,metaspace   ] GC(2634) Metaspace: 35733K(36416K)->35733K(36416K) NonClass: 26528K(27072K)->26528K(27072K) Class: 9204K(9344K)->9204K(9344K)
[980.362s][info][gc             ] GC(2634) Pause Young (Allocation Failure) 688M->414M(678M) 1.686ms
[980.362s][info][gc,cpu         ] GC(2634) User=0.00s Sys=0.00s Real=0.01s
[981.321s][info][gc,start       ] GC(2635) Pause Young (Allocation Failure)
[981.322s][info][gc,heap        ] GC(2635) PSYoungGen: 269376K(269824K)->64K(269824K) Eden: 269312K(269312K)->0K(259072K) From: 64K(512K)->64K(10752K)
[981.322s][info][gc,heap        ] GC(2635) ParOldGen: 424740K(424960K)->424748K(424960K)
[981.322s][info][gc,metaspace   ] GC(2635) Metaspace: 35733K(36416K)->35733K(36416K) NonClass: 26528K(27072K)->26528K(27072K) Class: 9204K(9344K)->9204K(9344K)
[981.322s][info][gc             ] GC(2635) Pause Young (Allocation Failure) 677M->414M(678M) 1.345ms
[981.322s][info][gc,cpu         ] GC(2635) User=0.00s Sys=0.00s Real=0.01s
[981.687s][info][gc,start       ] GC(2636) Pause Young (Allocation Failure)
[981.689s][info][gc,heap        ] GC(2636) PSYoungGen: 259136K(269824K)->64K(249856K) Eden: 259072K(259072K)->0K(249344K) From: 64K(10752K)->64K(512K)
[981.690s][info][gc,heap        ] GC(2636) ParOldGen: 424748K(424960K)->424756K(424960K)
[981.690s][info][gc,metaspace   ] GC(2636) Metaspace: 35733K(36416K)->35733K(36416K) NonClass: 26528K(27072K)->26528K(27072K) Class: 9204K(9344K)->9204K(9344K)
[981.690s][info][gc             ] GC(2636) Pause Young (Allocation Failure) 667M->414M(659M) 2.531ms
[981.690s][info][gc,cpu         ] GC(2636) User=0.00s Sys=0.00s Real=0.00s
[981.779s][info][gc,start       ] GC(2637) Pause Young (Allocation Failure)
[981.781s][info][gc,heap        ] GC(2637) PSYoungGen: 249408K(249856K)->32K(248832K) Eden: 249344K(249344K)->0K(239616K) From: 64K(512K)->32K(9216K)
[981.781s][info][gc,heap        ] GC(2637) ParOldGen: 424756K(424960K)->424764K(424960K)
[981.781s][info][gc,metaspace   ] GC(2637) Metaspace: 35733K(36416K)->35733K(36416K) NonClass: 26528K(27072K)->26528K(27072K) Class: 9204K(9344K)->9204K(9344K)
[981.781s][info][gc             ] GC(2637) Pause Young (Allocation Failure) 658M->414M(658M) 2.220ms
[981.781s][info][gc,cpu         ] GC(2637) User=0.00s Sys=0.00s Real=0.00s
[982.265s][info][gc,start       ] GC(2638) Pause Young (Allocation Failure)
[982.268s][info][gc,heap        ] GC(2638) PSYoungGen: 239648K(248832K)->64K(230912K) Eden: 239616K(239616K)->0K(230400K) From: 32K(9216K)->64K(512K)
[982.268s][info][gc,heap        ] GC(2638) ParOldGen: 424764K(424960K)->424772K(424960K)
[982.268s][info][gc,metaspace   ] GC(2638) Metaspace: 35733K(36416K)->35733K(36416K) NonClass: 26528K(27072K)->26528K(27072K) Class: 9204K(9344K)->9204K(9344K)
[982.268s][info][gc             ] GC(2638) Pause Young (Allocation Failure) 648M->414M(640M) 3.184ms
[982.268s][info][gc,cpu         ] GC(2638) User=0.00s Sys=0.00s Real=0.00s
[982.520s][info][gc,start       ] GC(2639) Pause Young (Allocation Failure)
[982.522s][info][gc,heap        ] GC(2639) PSYoungGen: 230464K(230912K)->32K(229376K) Eden: 230400K(230400K)->0K(221696K) From: 64K(512K)->32K(7680K)
[982.522s][info][gc,heap        ] GC(2639) ParOldGen: 424772K(424960K)->424780K(424960K)
[982.522s][info][gc,metaspace   ] GC(2639) Metaspace: 35733K(36416K)->35733K(36416K) NonClass: 26528K(27072K)->26528K(27072K) Class: 9204K(9344K)->9204K(9344K)
[982.522s][info][gc             ] GC(2639) Pause Young (Allocation Failure) 639M->414M(639M) 2.270ms
[982.522s][info][gc,cpu         ] GC(2639) User=0.01s Sys=0.00s Real=0.01s
[982.829s][info][gc,start       ] GC(2640) Pause Young (Allocation Failure)
[982.852s][info][gc,heap        ] GC(2640) PSYoungGen: 221728K(229376K)->7168K(272384K) Eden: 221696K(221696K)->0K(265216K) From: 32K(7680K)->7168K(7168K)
[982.852s][info][gc,heap        ] GC(2640) ParOldGen: 424780K(424960K)->429260K(429568K)
[982.852s][info][gc,metaspace   ] GC(2640) Metaspace: 35733K(36416K)->35733K(36416K) NonClass: 26528K(27072K)->26528K(27072K) Class: 9204K(9344K)->9204K(9344K)
[982.852s][info][gc             ] GC(2640) Pause Young (Allocation Failure) 631M->426M(685M) 23.211ms
[982.852s][info][gc,cpu         ] GC(2640) User=0.04s Sys=0.00s Real=0.03s
[983.168s][info][gc,start       ] GC(2641) Pause Young (Allocation Failure)
[983.226s][info][gc,heap        ] GC(2641) PSYoungGen: 272384K(272384K)->10752K(282112K) Eden: 265216K(265216K)->0K(271360K) From: 7168K(7168K)->10752K(10752K)
[983.227s][info][gc,heap        ] GC(2641) ParOldGen: 429260K(429568K)->448636K(449024K)
[983.227s][info][gc,metaspace   ] GC(2641) Metaspace: 35733K(36416K)->35733K(36416K) NonClass: 26528K(27072K)->26528K(27072K) Class: 9204K(9344K)->9204K(9344K)
[983.227s][info][gc             ] GC(2641) Pause Young (Allocation Failure) 685M->448M(714M) 58.330ms
[983.227s][info][gc,cpu         ] GC(2641) User=0.10s Sys=0.02s Real=0.06s
[983.468s][info][gc,start       ] GC(2642) Pause Young (Allocation Failure)
[983.515s][info][gc,heap        ] GC(2642) PSYoungGen: 282112K(282112K)->20480K(304128K) Eden: 271360K(271360K)->0K(283648K) From: 10752K(10752K)->20480K(20480K)
[983.515s][info][gc,heap        ] GC(2642) ParOldGen: 448636K(449024K)->449652K(450048K)
[983.515s][info][gc,metaspace   ] GC(2642) Metaspace: 35733K(36416K)->35733K(36416K) NonClass: 26528K(27072K)->26528K(27072K) Class: 9204K(9344K)->9204K(9344K)
[983.515s][info][gc             ] GC(2642) Pause Young (Allocation Failure) 713M->459M(736M) 46.521ms
[983.515s][info][gc,cpu         ] GC(2642) User=0.08s Sys=0.01s Real=0.05s
[983.787s][info][gc,start       ] GC(2643) Pause Young (Allocation Failure)
[983.789s][info][gc,heap        ] GC(2643) PSYoungGen: 304128K(304128K)->64K(308736K) Eden: 283648K(283648K)->0K(283648K) From: 20480K(20480K)->64K(25088K)
[983.789s][info][gc,heap        ] GC(2643) ParOldGen: 449652K(450048K)->449668K(450048K)
[983.789s][info][gc,metaspace   ] GC(2643) Metaspace: 35733K(36416K)->35733K(36416K) NonClass: 26528K(27072K)->26528K(27072K) Class: 9204K(9344K)->9204K(9344K)
[983.789s][info][gc             ] GC(2643) Pause Young (Allocation Failure) 736M->439M(741M) 1.686ms
[983.789s][info][gc,cpu         ] GC(2643) User=0.00s Sys=0.00s Real=0.00s
[984.407s][info][gc,start       ] GC(2644) Pause Young (Allocation Failure)
[984.409s][info][gc,heap        ] GC(2644) PSYoungGen: 283712K(308736K)->64K(306688K) Eden: 283648K(283648K)->0K(284672K) From: 64K(25088K)->64K(22016K)
[984.409s][info][gc,heap        ] GC(2644) ParOldGen: 449668K(450048K)->449676K(450048K)
[984.409s][info][gc,metaspace   ] GC(2644) Metaspace: 35733K(36416K)->35733K(36416K) NonClass: 26528K(27072K)->26528K(27072K) Class: 9204K(9344K)->9204K(9344K)
[984.409s][info][gc             ] GC(2644) Pause Young (Allocation Failure) 716M->439M(739M) 1.718ms
[984.409s][info][gc,cpu         ] GC(2644) User=0.00s Sys=0.00s Real=0.00s
[984.893s][info][gc,start       ] GC(2645) Pause Young (Allocation Failure)
[984.894s][info][gc,heap        ] GC(2645) PSYoungGen: 284736K(306688K)->64K(308224K) Eden: 284672K(284672K)->0K(284672K) From: 64K(22016K)->64K(23552K)
[984.894s][info][gc,heap        ] GC(2645) ParOldGen: 449676K(450048K)->449692K(450048K)
[984.894s][info][gc,metaspace   ] GC(2645) Metaspace: 35733K(36416K)->35733K(36416K) NonClass: 26528K(27072K)->26528K(27072K) Class: 9204K(9344K)->9204K(9344K)
[984.894s][info][gc             ] GC(2645) Pause Young (Allocation Failure) 717M->439M(740M) 1.572ms
[984.895s][info][gc,cpu         ] GC(2645) User=0.00s Sys=0.00s Real=0.00s
[985.150s][info][gc,start       ] GC(2646) Pause Young (Allocation Failure)
[985.152s][info][gc,heap        ] GC(2646) PSYoungGen: 284736K(308224K)->64K(307712K) Eden: 284672K(284672K)->0K(287744K) From: 64K(23552K)->64K(19968K)
[985.152s][info][gc,heap        ] GC(2646) ParOldGen: 449692K(450048K)->449708K(450048K)
[985.152s][info][gc,metaspace   ] GC(2646) Metaspace: 35733K(36416K)->35733K(36416K) NonClass: 26528K(27072K)->26528K(27072K) Class: 9204K(9344K)->9204K(9344K)
[985.152s][info][gc             ] GC(2646) Pause Young (Allocation Failure) 717M->439M(740M) 1.722ms
[985.152s][info][gc,cpu         ] GC(2646) User=0.01s Sys=0.00s Real=0.01s
[985.396s][info][gc,start       ] GC(2647) Pause Young (Allocation Failure)
[985.397s][info][gc,heap        ] GC(2647) PSYoungGen: 287808K(307712K)->64K(309248K) Eden: 287744K(287744K)->0K(287744K) From: 64K(19968K)->64K(21504K)
[985.397s][info][gc,heap        ] GC(2647) ParOldGen: 449708K(450048K)->449708K(450048K)
[985.397s][info][gc,metaspace   ] GC(2647) Metaspace: 35733K(36416K)->35733K(36416K) NonClass: 26528K(27072K)->26528K(27072K) Class: 9204K(9344K)->9204K(9344K)
[985.397s][info][gc             ] GC(2647) Pause Young (Allocation Failure) 720M->439M(741M) 1.613ms
[985.397s][info][gc,cpu         ] GC(2647) User=0.00s Sys=0.00s Real=0.00s
[985.753s][info][gc,start       ] GC(2648) Pause Young (Allocation Failure)
[985.754s][info][gc,heap        ] GC(2648) PSYoungGen: 287808K(309248K)->64K(309760K) Eden: 287744K(287744K)->0K(291840K) From: 64K(21504K)->64K(17920K)
[985.754s][info][gc,heap        ] GC(2648) ParOldGen: 449708K(450048K)->449708K(450048K)
[985.754s][info][gc,metaspace   ] GC(2648) Metaspace: 35733K(36416K)->35733K(36416K) NonClass: 26528K(27072K)->26528K(27072K) Class: 9204K(9344K)->9204K(9344K)
[985.754s][info][gc             ] GC(2648) Pause Young (Allocation Failure) 720M->439M(742M) 1.643ms
[985.754s][info][gc,cpu         ] GC(2648) User=0.01s Sys=0.00s Real=0.00s
[985.805s][info][gc,start       ] GC(2649) Pause Young (Allocation Failure)
[985.807s][info][gc,heap        ] GC(2649) PSYoungGen: 291904K(309760K)->64K(311296K) Eden: 291840K(291840K)->0K(291840K) From: 64K(17920K)->64K(19456K)
[985.807s][info][gc,heap        ] GC(2649) ParOldGen: 449708K(450048K)->449724K(450048K)
[985.807s][info][gc,metaspace   ] GC(2649) Metaspace: 35733K(36416K)->35733K(36416K) NonClass: 26528K(27072K)->26528K(27072K) Class: 9204K(9344K)->9204K(9344K)
[985.807s][info][gc             ] GC(2649) Pause Young (Allocation Failure) 724M->439M(743M) 1.329ms
[985.807s][info][gc,cpu         ] GC(2649) User=0.00s Sys=0.00s Real=0.00s
[985.859s][info][gc,start       ] GC(2650) Pause Young (Allocation Failure)
[985.860s][info][gc,heap        ] GC(2650) PSYoungGen: 291904K(311296K)->64K(311808K) Eden: 291840K(291840K)->0K(295936K) From: 64K(19456K)->64K(15872K)
[985.860s][info][gc,heap        ] GC(2650) ParOldGen: 449724K(450048K)->449724K(450048K)
[985.860s][info][gc,metaspace   ] GC(2650) Metaspace: 35733K(36416K)->35733K(36416K) NonClass: 26528K(27072K)->26528K(27072K) Class: 9204K(9344K)->9204K(9344K)
[985.860s][info][gc             ] GC(2650) Pause Young (Allocation Failure) 724M->439M(744M) 1.577ms
[985.860s][info][gc,cpu         ] GC(2650) User=0.00s Sys=0.00s Real=0.00s
[986.139s][info][gc,start       ] GC(2651) Pause Young (Allocation Failure)
[986.141s][info][gc,heap        ] GC(2651) PSYoungGen: 295999K(311808K)->64K(313344K) Eden: 295935K(295936K)->0K(295936K) From: 64K(15872K)->64K(17408K)
[986.141s][info][gc,heap        ] GC(2651) ParOldGen: 449724K(450048K)->449724K(450048K)
[986.141s][info][gc,metaspace   ] GC(2651) Metaspace: 35733K(36416K)->35733K(36416K) NonClass: 26528K(27072K)->26528K(27072K) Class: 9204K(9344K)->9204K(9344K)
[986.141s][info][gc             ] GC(2651) Pause Young (Allocation Failure) 728M->439M(745M) 1.415ms
[986.141s][info][gc,cpu         ] GC(2651) User=0.00s Sys=0.00s Real=0.00s
[986.377s][info][gc,start       ] GC(2652) Pause Young (Allocation Failure)
[986.378s][info][gc,heap        ] GC(2652) PSYoungGen: 296000K(313344K)->64K(313856K) Eden: 295936K(295936K)->0K(300032K) From: 64K(17408K)->64K(13824K)
[986.378s][info][gc,heap        ] GC(2652) ParOldGen: 449724K(450048K)->449732K(450048K)
[986.378s][info][gc,metaspace   ] GC(2652) Metaspace: 35733K(36416K)->35733K(36416K) NonClass: 26528K(27072K)->26528K(27072K) Class: 9204K(9344K)->9204K(9344K)
[986.378s][info][gc             ] GC(2652) Pause Young (Allocation Failure) 728M->439M(746M) 1.335ms
[986.378s][info][gc,cpu         ] GC(2652) User=0.00s Sys=0.00s Real=0.00s
[986.466s][info][gc,start       ] GC(2653) Pause Young (Allocation Failure)
[986.468s][info][gc,heap        ] GC(2653) PSYoungGen: 300096K(313856K)->64K(315392K) Eden: 300032K(300032K)->0K(300032K) From: 64K(13824K)->64K(15360K)
[986.468s][info][gc,heap        ] GC(2653) ParOldGen: 449732K(450048K)->449740K(450048K)
[986.468s][info][gc,metaspace   ] GC(2653) Metaspace: 35733K(36416K)->35733K(36416K) NonClass: 26528K(27072K)->26528K(27072K) Class: 9204K(9344K)->9204K(9344K)
[986.468s][info][gc             ] GC(2653) Pause Young (Allocation Failure) 732M->439M(747M) 1.345ms
[986.468s][info][gc,cpu         ] GC(2653) User=0.01s Sys=0.00s Real=0.00s
[986.613s][info][gc,start       ] GC(2654) Pause Young (Allocation Failure)
[986.614s][info][gc,heap        ] GC(2654) PSYoungGen: 300096K(315392K)->64K(316928K) Eden: 300032K(300032K)->0K(304128K) From: 64K(15360K)->64K(12800K)
[986.614s][info][gc,heap        ] GC(2654) ParOldGen: 449740K(450048K)->449748K(450048K)
[986.614s][info][gc,metaspace   ] GC(2654) Metaspace: 35733K(36416K)->35733K(36416K) NonClass: 26528K(27072K)->26528K(27072K) Class: 9204K(9344K)->9204K(9344K)
[986.614s][info][gc             ] GC(2654) Pause Young (Allocation Failure) 732M->439M(749M) 1.296ms
[986.614s][info][gc,cpu         ] GC(2654) User=0.00s Sys=0.00s Real=0.00s
[987.044s][info][gc,start       ] GC(2655) Pause Young (Allocation Failure)
[987.045s][info][gc,heap        ] GC(2655) PSYoungGen: 304192K(316928K)->64K(317952K) Eden: 304128K(304128K)->0K(304128K) From: 64K(12800K)->64K(13824K)
[987.045s][info][gc,heap        ] GC(2655) ParOldGen: 449748K(450048K)->449756K(450048K)
[987.045s][info][gc,metaspace   ] GC(2655) Metaspace: 35733K(36416K)->35733K(36416K) NonClass: 26528K(27072K)->26528K(27072K) Class: 9204K(9344K)->9204K(9344K)
[987.045s][info][gc             ] GC(2655) Pause Young (Allocation Failure) 736M->439M(750M) 1.465ms
[987.045s][info][gc,cpu         ] GC(2655) User=0.00s Sys=0.00s Real=0.00s
[988.390s][info][gc,start       ] GC(2656) Pause Young (Allocation Failure)
[988.392s][info][gc,heap        ] GC(2656) PSYoungGen: 304192K(317952K)->64K(292352K) Eden: 304128K(304128K)->0K(291840K) From: 64K(13824K)->64K(512K)
[988.392s][info][gc,heap        ] GC(2656) ParOldGen: 449756K(450048K)->449764K(450048K)
[988.392s][info][gc,metaspace   ] GC(2656) Metaspace: 35733K(36416K)->35733K(36416K) NonClass: 26528K(27072K)->26528K(27072K) Class: 9204K(9344K)->9204K(9344K)
[988.392s][info][gc             ] GC(2656) Pause Young (Allocation Failure) 736M->439M(725M) 2.055ms
[988.392s][info][gc,cpu         ] GC(2656) User=0.00s Sys=0.00s Real=0.01s
[988.642s][info][gc,start       ] GC(2657) Pause Young (Allocation Failure)
[988.643s][info][gc,heap        ] GC(2657) PSYoungGen: 291904K(292352K)->64K(291840K) Eden: 291840K(291840K)->0K(280064K) From: 64K(512K)->64K(11776K)
[988.643s][info][gc,heap        ] GC(2657) ParOldGen: 449764K(450048K)->449772K(450048K)
[988.643s][info][gc,metaspace   ] GC(2657) Metaspace: 35733K(36416K)->35733K(36416K) NonClass: 26528K(27072K)->26528K(27072K) Class: 9204K(9344K)->9204K(9344K)
[988.643s][info][gc             ] GC(2657) Pause Young (Allocation Failure) 724M->439M(724M) 1.418ms
[988.643s][info][gc,cpu         ] GC(2657) User=0.00s Sys=0.00s Real=0.00s
[989.129s][info][gc,start       ] GC(2658) Pause Young (Allocation Failure)
[989.131s][info][gc,heap        ] GC(2658) PSYoungGen: 280128K(291840K)->64K(269824K) Eden: 280064K(280064K)->0K(269312K) From: 64K(11776K)->64K(512K)
[989.131s][info][gc,heap        ] GC(2658) ParOldGen: 449772K(450048K)->449780K(450048K)
[989.131s][info][gc,metaspace   ] GC(2658) Metaspace: 35733K(36416K)->35733K(36416K) NonClass: 26528K(27072K)->26528K(27072K) Class: 9204K(9344K)->9204K(9344K)
[989.131s][info][gc             ] GC(2658) Pause Young (Allocation Failure) 712M->439M(703M) 2.140ms
[989.131s][info][gc,cpu         ] GC(2658) User=0.00s Sys=0.00s Real=0.00s
[990.115s][info][gc,start       ] GC(2659) Pause Young (Allocation Failure)
[990.116s][info][gc,heap        ] GC(2659) PSYoungGen: 269376K(269824K)->64K(269312K) Eden: 269312K(269312K)->0K(259072K) From: 64K(512K)->64K(10240K)
[990.116s][info][gc,heap        ] GC(2659) ParOldGen: 449780K(450048K)->449788K(450048K)
[990.116s][info][gc,metaspace   ] GC(2659) Metaspace: 35733K(36416K)->35733K(36416K) NonClass: 26528K(27072K)->26528K(27072K) Class: 9204K(9344K)->9204K(9344K)
[990.116s][info][gc             ] GC(2659) Pause Young (Allocation Failure) 702M->439M(702M) 1.479ms
[990.116s][info][gc,cpu         ] GC(2659) User=0.00s Sys=0.00s Real=0.00s
[990.486s][info][gc,start       ] GC(2660) Pause Young (Allocation Failure)
[990.488s][info][gc,heap        ] GC(2660) PSYoungGen: 259136K(269312K)->64K(249856K) Eden: 259072K(259072K)->0K(249344K) From: 64K(10240K)->64K(512K)
[990.488s][info][gc,heap        ] GC(2660) ParOldGen: 449788K(450048K)->449796K(450048K)
[990.488s][info][gc,metaspace   ] GC(2660) Metaspace: 35733K(36416K)->35733K(36416K) NonClass: 26528K(27072K)->26528K(27072K) Class: 9204K(9344K)->9204K(9344K)
[990.488s][info][gc             ] GC(2660) Pause Young (Allocation Failure) 692M->439M(683M) 1.692ms
[990.488s][info][gc,cpu         ] GC(2660) User=0.00s Sys=0.00s Real=0.00s
[990.577s][info][gc,start       ] GC(2661) Pause Young (Allocation Failure)
[990.579s][info][gc,heap        ] GC(2661) PSYoungGen: 249408K(249856K)->64K(248832K) Eden: 249344K(249344K)->0K(239616K) From: 64K(512K)->64K(9216K)
[990.579s][info][gc,heap        ] GC(2661) ParOldGen: 449796K(450048K)->449804K(450048K)
[990.579s][info][gc,metaspace   ] GC(2661) Metaspace: 35733K(36416K)->35733K(36416K) NonClass: 26528K(27072K)->26528K(27072K) Class: 9204K(9344K)->9204K(9344K)
[990.579s][info][gc             ] GC(2661) Pause Young (Allocation Failure) 682M->439M(682M) 1.802ms
[990.579s][info][gc,cpu         ] GC(2661) User=0.00s Sys=0.00s Real=0.00s
[991.123s][info][gc,start       ] GC(2662) Pause Young (Allocation Failure)
[991.126s][info][gc,heap        ] GC(2662) PSYoungGen: 239680K(248832K)->64K(230912K) Eden: 239616K(239616K)->0K(230400K) From: 64K(9216K)->64K(512K)
[991.126s][info][gc,heap        ] GC(2662) ParOldGen: 449804K(450048K)->449812K(450048K)
[991.126s][info][gc,metaspace   ] GC(2662) Metaspace: 35733K(36416K)->35733K(36416K) NonClass: 26528K(27072K)->26528K(27072K) Class: 9204K(9344K)->9204K(9344K)
[991.126s][info][gc             ] GC(2662) Pause Young (Allocation Failure) 673M->439M(665M) 3.237ms
[991.126s][info][gc,cpu         ] GC(2662) User=0.00s Sys=0.00s Real=0.00s
[991.345s][info][gc,start       ] GC(2663) Pause Young (Allocation Failure)
[991.347s][info][gc,heap        ] GC(2663) PSYoungGen: 230464K(230912K)->32K(229376K) Eden: 230400K(230400K)->0K(221696K) From: 64K(512K)->32K(7680K)
[991.347s][info][gc,heap        ] GC(2663) ParOldGen: 449812K(450048K)->449820K(450048K)
[991.347s][info][gc,metaspace   ] GC(2663) Metaspace: 35733K(36416K)->35733K(36416K) NonClass: 26528K(27072K)->26528K(27072K) Class: 9204K(9344K)->9204K(9344K)
[991.347s][info][gc             ] GC(2663) Pause Young (Allocation Failure) 664M->439M(663M) 2.414ms
[991.347s][info][gc,cpu         ] GC(2663) User=0.00s Sys=0.00s Real=0.00s
[991.651s][info][gc,start       ] GC(2664) Pause Young (Allocation Failure)
[991.698s][info][gc,heap        ] GC(2664) PSYoungGen: 221728K(229376K)->7168K(272896K) Eden: 221696K(221696K)->0K(265728K) From: 32K(7680K)->7168K(7168K)
[991.698s][info][gc,heap        ] GC(2664) ParOldGen: 449820K(450048K)->457764K(458240K)
[991.698s][info][gc,metaspace   ] GC(2664) Metaspace: 35733K(36416K)->35733K(36416K) NonClass: 26528K(27072K)->26528K(27072K) Class: 9204K(9344K)->9204K(9344K)
[991.698s][info][gc             ] GC(2664) Pause Young (Allocation Failure) 655M->454M(714M) 46.761ms
[991.698s][info][gc,cpu         ] GC(2664) User=0.05s Sys=0.01s Real=0.05s
[992.017s][info][gc,start       ] GC(2665) Pause Young (Allocation Failure)
[992.077s][info][gc,heap        ] GC(2665) PSYoungGen: 272896K(272896K)->12288K(280064K) Eden: 265728K(265728K)->0K(267776K) From: 7168K(7168K)->12288K(12288K)
[992.077s][info][gc,heap        ] GC(2665) ParOldGen: 457764K(458240K)->475756K(476160K)
[992.077s][info][gc,metaspace   ] GC(2665) Metaspace: 35733K(36416K)->35733K(36416K) NonClass: 26528K(27072K)->26528K(27072K) Class: 9204K(9344K)->9204K(9344K)
[992.077s][info][gc             ] GC(2665) Pause Young (Allocation Failure) 713M->476M(738M) 60.016ms
[992.077s][info][gc,cpu         ] GC(2665) User=0.11s Sys=0.01s Real=0.06s
[992.297s][info][gc,start       ] GC(2666) Pause Young (Allocation Failure)
[992.337s][info][gc,heap        ] GC(2666) PSYoungGen: 280064K(280064K)->17472K(306176K) Eden: 267776K(267776K)->0K(284672K) From: 12288K(12288K)->17472K(21504K)
[992.337s][info][gc,heap        ] GC(2666) ParOldGen: 475756K(476160K)->476244K(476672K)
[992.337s][info][gc,metaspace   ] GC(2666) Metaspace: 35733K(36416K)->35733K(36416K) NonClass: 26528K(27072K)->26528K(27072K) Class: 9204K(9344K)->9204K(9344K)
[992.337s][info][gc             ] GC(2666) Pause Young (Allocation Failure) 738M->482M(764M) 40.225ms
[992.337s][info][gc,cpu         ] GC(2666) User=0.07s Sys=0.01s Real=0.04s
[992.675s][info][gc,start       ] GC(2667) Pause Young (Allocation Failure)
[992.676s][info][gc,heap        ] GC(2667) PSYoungGen: 302144K(306176K)->64K(309248K) Eden: 284672K(284672K)->0K(284672K) From: 17472K(21504K)->64K(24576K)
[992.676s][info][gc,heap        ] GC(2667) ParOldGen: 476244K(476672K)->476252K(476672K)
[992.676s][info][gc,metaspace   ] GC(2667) Metaspace: 35733K(36416K)->35733K(36416K) NonClass: 26528K(27072K)->26528K(27072K) Class: 9204K(9344K)->9204K(9344K)
[992.676s][info][gc             ] GC(2667) Pause Young (Allocation Failure) 760M->465M(767M) 1.637ms
[992.676s][info][gc,cpu         ] GC(2667) User=0.01s Sys=0.00s Real=0.00s
[993.274s][info][gc,start       ] GC(2668) Pause Young (Allocation Failure)
[993.275s][info][gc,heap        ] GC(2668) PSYoungGen: 284736K(309248K)->64K(307200K) Eden: 284672K(284672K)->0K(285696K) From: 64K(24576K)->64K(21504K)
[993.275s][info][gc,heap        ] GC(2668) ParOldGen: 476252K(476672K)->476260K(476672K)
[993.275s][info][gc,metaspace   ] GC(2668) Metaspace: 35733K(36416K)->35733K(36416K) NonClass: 26528K(27072K)->26528K(27072K) Class: 9204K(9344K)->9204K(9344K)
[993.276s][info][gc             ] GC(2668) Pause Young (Allocation Failure) 743M->465M(765M) 1.673ms
[993.276s][info][gc,cpu         ] GC(2668) User=0.00s Sys=0.00s Real=0.00s
[993.762s][info][gc,start       ] GC(2669) Pause Young (Allocation Failure)
[993.764s][info][gc,heap        ] GC(2669) PSYoungGen: 285760K(307200K)->64K(308736K) Eden: 285696K(285696K)->0K(285696K) From: 64K(21504K)->64K(23040K)
[993.764s][info][gc,heap        ] GC(2669) ParOldGen: 476260K(476672K)->476276K(476672K)
[993.764s][info][gc,metaspace   ] GC(2669) Metaspace: 35733K(36416K)->35733K(36416K) NonClass: 26528K(27072K)->26528K(27072K) Class: 9204K(9344K)->9204K(9344K)
[993.764s][info][gc             ] GC(2669) Pause Young (Allocation Failure) 744M->465M(767M) 1.607ms
[993.764s][info][gc,cpu         ] GC(2669) User=0.00s Sys=0.00s Real=0.00s
[994.001s][info][gc,start       ] GC(2670) Pause Young (Allocation Failure)
[994.003s][info][gc,heap        ] GC(2670) PSYoungGen: 285760K(308736K)->64K(308224K) Eden: 285696K(285696K)->0K(288768K) From: 64K(23040K)->64K(19456K)
[994.003s][info][gc,heap        ] GC(2670) ParOldGen: 476276K(476672K)->476292K(476672K)
[994.003s][info][gc,metaspace   ] GC(2670) Metaspace: 35733K(36416K)->35733K(36416K) NonClass: 26528K(27072K)->26528K(27072K) Class: 9204K(9344K)->9204K(9344K)
[994.003s][info][gc             ] GC(2670) Pause Young (Allocation Failure) 744M->465M(766M) 1.521ms
[994.003s][info][gc,cpu         ] GC(2670) User=0.00s Sys=0.00s Real=0.01s
[994.243s][info][gc,start       ] GC(2671) Pause Young (Allocation Failure)
[994.245s][info][gc,heap        ] GC(2671) PSYoungGen: 288832K(308224K)->64K(309760K) Eden: 288768K(288768K)->0K(288768K) From: 64K(19456K)->64K(20992K)
[994.245s][info][gc,heap        ] GC(2671) ParOldGen: 476292K(476672K)->476292K(476672K)
[994.245s][info][gc,metaspace   ] GC(2671) Metaspace: 35733K(36416K)->35733K(36416K) NonClass: 26528K(27072K)->26528K(27072K) Class: 9204K(9344K)->9204K(9344K)
[994.245s][info][gc             ] GC(2671) Pause Young (Allocation Failure) 747M->465M(768M) 1.448ms
[994.245s][info][gc,cpu         ] GC(2671) User=0.00s Sys=0.00s Real=0.00s
[994.562s][info][gc,start       ] GC(2672) Pause Young (Allocation Failure)
[994.564s][info][gc,heap        ] GC(2672) PSYoungGen: 288832K(309760K)->64K(310272K) Eden: 288768K(288768K)->0K(292864K) From: 64K(20992K)->64K(17408K)
[994.564s][info][gc,heap        ] GC(2672) ParOldGen: 476292K(476672K)->476292K(476672K)
[994.564s][info][gc,metaspace   ] GC(2672) Metaspace: 35733K(36416K)->35733K(36416K) NonClass: 26528K(27072K)->26528K(27072K) Class: 9204K(9344K)->9204K(9344K)
[994.564s][info][gc             ] GC(2672) Pause Young (Allocation Failure) 747M->465M(768M) 1.433ms
[994.564s][info][gc,cpu         ] GC(2672) User=0.00s Sys=0.00s Real=0.00s
[994.614s][info][gc,start       ] GC(2673) Pause Young (Allocation Failure)
[994.616s][info][gc,heap        ] GC(2673) PSYoungGen: 292928K(310272K)->64K(311808K) Eden: 292864K(292864K)->0K(292864K) From: 64K(17408K)->64K(18944K)
[994.616s][info][gc,heap        ] GC(2673) ParOldGen: 476292K(476672K)->476308K(476672K)
[994.616s][info][gc,metaspace   ] GC(2673) Metaspace: 35733K(36416K)->35733K(36416K) NonClass: 26528K(27072K)->26528K(27072K) Class: 9204K(9344K)->9204K(9344K)
[994.616s][info][gc             ] GC(2673) Pause Young (Allocation Failure) 751M->465M(770M) 1.393ms
[994.616s][info][gc,cpu         ] GC(2673) User=0.00s Sys=0.00s Real=0.00s
[994.691s][info][gc,start       ] GC(2674) Pause Young (Allocation Failure)
[994.692s][info][gc,heap        ] GC(2674) PSYoungGen: 292928K(311808K)->64K(312320K) Eden: 292864K(292864K)->0K(296960K) From: 64K(18944K)->64K(15360K)
[994.692s][info][gc,heap        ] GC(2674) ParOldGen: 476308K(476672K)->476308K(476672K)
[994.692s][info][gc,metaspace   ] GC(2674) Metaspace: 35733K(36416K)->35733K(36416K) NonClass: 26528K(27072K)->26528K(27072K) Class: 9204K(9344K)->9204K(9344K)
[994.692s][info][gc             ] GC(2674) Pause Young (Allocation Failure) 751M->465M(770M) 1.392ms
[994.692s][info][gc,cpu         ] GC(2674) User=0.01s Sys=0.00s Real=0.01s
[994.982s][info][gc,start       ] GC(2675) Pause Young (Allocation Failure)
[994.984s][info][gc,heap        ] GC(2675) PSYoungGen: 297024K(312320K)->64K(313856K) Eden: 296960K(296960K)->0K(296960K) From: 64K(15360K)->64K(16896K)
[994.984s][info][gc,heap        ] GC(2675) ParOldGen: 476308K(476672K)->476324K(476672K)
[994.984s][info][gc,metaspace   ] GC(2675) Metaspace: 35733K(36416K)->35733K(36416K) NonClass: 26528K(27072K)->26528K(27072K) Class: 9204K(9344K)->9204K(9344K)
[994.984s][info][gc             ] GC(2675) Pause Young (Allocation Failure) 755M->465M(772M) 1.515ms
[994.984s][info][gc,cpu         ] GC(2675) User=0.01s Sys=0.00s Real=0.00s
[995.203s][info][gc,start       ] GC(2676) Pause Young (Allocation Failure)
[995.205s][info][gc,heap        ] GC(2676) PSYoungGen: 297024K(313856K)->64K(314368K) Eden: 296960K(296960K)->0K(300544K) From: 64K(16896K)->64K(13824K)
[995.205s][info][gc,heap        ] GC(2676) ParOldGen: 476324K(476672K)->476324K(476672K)
[995.205s][info][gc,metaspace   ] GC(2676) Metaspace: 35733K(36416K)->35733K(36416K) NonClass: 26528K(27072K)->26528K(27072K) Class: 9204K(9344K)->9204K(9344K)
[995.205s][info][gc             ] GC(2676) Pause Young (Allocation Failure) 755M->465M(772M) 1.459ms
[995.205s][info][gc,cpu         ] GC(2676) User=0.01s Sys=0.00s Real=0.00s
[995.290s][info][gc,start       ] GC(2677) Pause Young (Allocation Failure)
[995.291s][info][gc,heap        ] GC(2677) PSYoungGen: 300608K(314368K)->64K(315904K) Eden: 300544K(300544K)->0K(300544K) From: 64K(13824K)->64K(15360K)
[995.291s][info][gc,heap        ] GC(2677) ParOldGen: 476324K(476672K)->476340K(476672K)
[995.291s][info][gc,metaspace   ] GC(2677) Metaspace: 35733K(36416K)->35733K(36416K) NonClass: 26528K(27072K)->26528K(27072K) Class: 9204K(9344K)->9204K(9344K)
[995.291s][info][gc             ] GC(2677) Pause Young (Allocation Failure) 758M->465M(774M) 1.503ms
[995.291s][info][gc,cpu         ] GC(2677) User=0.00s Sys=0.00s Real=0.00s
[995.452s][info][gc,start       ] GC(2678) Pause Young (Allocation Failure)
[995.454s][info][gc,heap        ] GC(2678) PSYoungGen: 300608K(315904K)->64K(315904K) Eden: 300544K(300544K)->0K(304128K) From: 64K(15360K)->64K(11776K)
[995.454s][info][gc,heap        ] GC(2678) ParOldGen: 476340K(476672K)->476340K(476672K)
[995.454s][info][gc,metaspace   ] GC(2678) Metaspace: 35733K(36416K)->35733K(36416K) NonClass: 26528K(27072K)->26528K(27072K) Class: 9204K(9344K)->9204K(9344K)
[995.454s][info][gc             ] GC(2678) Pause Young (Allocation Failure) 758M->465M(774M) 1.470ms
[995.454s][info][gc,cpu         ] GC(2678) User=0.00s Sys=0.00s Real=0.00s
[996.420s][info][gc,start       ] GC(2679) Pause Young (Allocation Failure)
[996.422s][info][gc,heap        ] GC(2679) PSYoungGen: 304182K(315904K)->64K(317440K) Eden: 304118K(304128K)->0K(304128K) From: 64K(11776K)->64K(13312K)
[996.422s][info][gc,heap        ] GC(2679) ParOldGen: 476340K(476672K)->476348K(476672K)
[996.422s][info][gc,metaspace   ] GC(2679) Metaspace: 35733K(36416K)->35733K(36416K) NonClass: 26528K(27072K)->26528K(27072K) Class: 9204K(9344K)->9204K(9344K)
[996.422s][info][gc             ] GC(2679) Pause Young (Allocation Failure) 762M->465M(775M) 1.581ms
[996.422s][info][gc,cpu         ] GC(2679) User=0.01s Sys=0.00s Real=0.00s
[997.252s][info][gc,start       ] GC(2680) Pause Young (Allocation Failure)
[997.254s][info][gc,heap        ] GC(2680) PSYoungGen: 304192K(317440K)->64K(292352K) Eden: 304128K(304128K)->0K(291840K) From: 64K(13312K)->64K(512K)
[997.254s][info][gc,heap        ] GC(2680) ParOldGen: 476348K(476672K)->476356K(476672K)
[997.254s][info][gc,metaspace   ] GC(2680) Metaspace: 35733K(36416K)->35733K(36416K) NonClass: 26528K(27072K)->26528K(27072K) Class: 9204K(9344K)->9204K(9344K)
[997.254s][info][gc             ] GC(2680) Pause Young (Allocation Failure) 762M->465M(751M) 2.120ms
[997.254s][info][gc,cpu         ] GC(2680) User=0.01s Sys=0.00s Real=0.01s
[997.568s][info][gc,start       ] GC(2681) Pause Young (Allocation Failure)
[997.570s][info][gc,heap        ] GC(2681) PSYoungGen: 291904K(292352K)->64K(291840K) Eden: 291840K(291840K)->0K(280064K) From: 64K(512K)->64K(11776K)
[997.570s][info][gc,heap        ] GC(2681) ParOldGen: 476356K(476672K)->476364K(476672K)
[997.570s][info][gc,metaspace   ] GC(2681) Metaspace: 35733K(36416K)->35733K(36416K) NonClass: 26528K(27072K)->26528K(27072K) Class: 9204K(9344K)->9204K(9344K)
[997.570s][info][gc             ] GC(2681) Pause Young (Allocation Failure) 750M->465M(750M) 1.922ms
[997.570s][info][gc,cpu         ] GC(2681) User=0.00s Sys=0.00s Real=0.00s
[998.268s][info][gc,start       ] GC(2682) Pause Young (Allocation Failure)
[998.270s][info][gc,heap        ] GC(2682) PSYoungGen: 280128K(291840K)->64K(269824K) Eden: 280064K(280064K)->0K(269312K) From: 64K(11776K)->64K(512K)
[998.270s][info][gc,heap        ] GC(2682) ParOldGen: 476364K(476672K)->476372K(476672K)
[998.270s][info][gc,metaspace   ] GC(2682) Metaspace: 35733K(36416K)->35733K(36416K) NonClass: 26528K(27072K)->26528K(27072K) Class: 9204K(9344K)->9204K(9344K)
[998.270s][info][gc             ] GC(2682) Pause Young (Allocation Failure) 738M->465M(729M) 2.134ms
[998.270s][info][gc,cpu         ] GC(2682) User=0.00s Sys=0.00s Real=0.00s
[999.105s][info][gc,start       ] GC(2683) Pause Young (Allocation Failure)
[999.108s][info][gc,heap        ] GC(2683) PSYoungGen: 269376K(269824K)->64K(269312K) Eden: 269312K(269312K)->0K(259072K) From: 64K(512K)->64K(10240K)
[999.108s][info][gc,heap        ] GC(2683) ParOldGen: 476372K(476672K)->476380K(476672K)
[999.108s][info][gc,metaspace   ] GC(2683) Metaspace: 35733K(36416K)->35733K(36416K) NonClass: 26528K(27072K)->26528K(27072K) Class: 9204K(9344K)->9204K(9344K)
[999.108s][info][gc             ] GC(2683) Pause Young (Allocation Failure) 728M->465M(728M) 2.645ms
[999.108s][info][gc,cpu         ] GC(2683) User=0.00s Sys=0.00s Real=0.00s
[999.326s][info][gc,start       ] GC(2684) Pause Young (Allocation Failure)
[999.329s][info][gc,heap        ] GC(2684) PSYoungGen: 259136K(269312K)->64K(249856K) Eden: 259072K(259072K)->0K(249344K) From: 64K(10240K)->64K(512K)
[999.329s][info][gc,heap        ] GC(2684) ParOldGen: 476380K(476672K)->476388K(476672K)
[999.329s][info][gc,metaspace   ] GC(2684) Metaspace: 35733K(36416K)->35733K(36416K) NonClass: 26528K(27072K)->26528K(27072K) Class: 9204K(9344K)->9204K(9344K)
[999.329s][info][gc             ] GC(2684) Pause Young (Allocation Failure) 718M->465M(709M) 2.839ms
[999.329s][info][gc,cpu         ] GC(2684) User=0.00s Sys=0.00s Real=0.00s
[999.437s][info][gc,start       ] GC(2685) Pause Young (Allocation Failure)
[999.439s][info][gc,heap        ] GC(2685) PSYoungGen: 249408K(249856K)->32K(292864K) Eden: 249344K(249344K)->0K(284160K) From: 64K(512K)->32K(8704K)
[999.439s][info][gc,heap        ] GC(2685) ParOldGen: 476388K(476672K)->476404K(476672K)
[999.439s][info][gc,metaspace   ] GC(2685) Metaspace: 35733K(36416K)->35733K(36416K) NonClass: 26528K(27072K)->26528K(27072K) Class: 9204K(9344K)->9204K(9344K)
[999.439s][info][gc             ] GC(2685) Pause Young (Allocation Failure) 708M->465M(751M) 2.498ms
[999.439s][info][gc,cpu         ] GC(2685) User=0.00s Sys=0.00s Real=0.00s
[1000.026s][info][gc,start       ] GC(2686) Pause Young (Allocation Failure)
[1000.028s][info][gc,heap        ] GC(2686) PSYoungGen: 284192K(292864K)->64K(273408K) Eden: 284160K(284160K)->0K(272896K) From: 32K(8704K)->64K(512K)
[1000.028s][info][gc,heap        ] GC(2686) ParOldGen: 476404K(476672K)->476412K(476672K)
[1000.028s][info][gc,metaspace   ] GC(2686) Metaspace: 35733K(36416K)->35733K(36416K) NonClass: 26528K(27072K)->26528K(27072K) Class: 9204K(9344K)->9204K(9344K)
[1000.028s][info][gc             ] GC(2686) Pause Young (Allocation Failure) 742M->465M(732M) 2.046ms
[1000.028s][info][gc,cpu         ] GC(2686) User=0.00s Sys=0.00s Real=0.00s
[1000.377s][info][gc,start       ] GC(2687) Pause Young (Allocation Failure)
[1000.385s][info][gc,heap        ] GC(2687) PSYoungGen: 272960K(273408K)->4288K(297472K) Eden: 272896K(272896K)->0K(289792K) From: 64K(512K)->4288K(7680K)
[1000.385s][info][gc,heap        ] GC(2687) ParOldGen: 476412K(476672K)->476428K(476672K)
[1000.385s][info][gc,metaspace   ] GC(2687) Metaspace: 35733K(36416K)->35733K(36416K) NonClass: 26528K(27072K)->26528K(27072K) Class: 9204K(9344K)->9204K(9344K)
[1000.385s][info][gc             ] GC(2687) Pause Young (Allocation Failure) 731M->469M(756M) 8.125ms
[1000.385s][info][gc,cpu         ] GC(2687) User=0.01s Sys=0.00s Real=0.01s
[1000.731s][info][gc,start       ] GC(2688) Pause Young (Allocation Failure)
[1000.815s][info][gc,heap        ] GC(2688) PSYoungGen: 294080K(297472K)->8192K(303104K) Eden: 289792K(289792K)->0K(294912K) From: 4288K(7680K)->8192K(8192K)
[1000.815s][info][gc,heap        ] GC(2688) ParOldGen: 476428K(476672K)->501036K(501248K)
[1000.815s][info][gc,metaspace   ] GC(2688) Metaspace: 35733K(36416K)->35733K(36416K) NonClass: 26528K(27072K)->26528K(27072K) Class: 9204K(9344K)->9204K(9344K)
[1000.815s][info][gc             ] GC(2688) Pause Young (Allocation Failure) 752M->497M(785M) 83.904ms
[1000.815s][info][gc,cpu         ] GC(2688) User=0.11s Sys=0.02s Real=0.09s
[1001.110s][info][gc,start       ] GC(2689) Pause Young (Allocation Failure)
[1001.168s][info][gc,heap        ] GC(2689) PSYoungGen: 303104K(303104K)->19456K(314368K) Eden: 294912K(294912K)->0K(294912K) From: 8192K(8192K)->19456K(19456K)
[1001.168s][info][gc,heap        ] GC(2689) ParOldGen: 501036K(501248K)->507820K(507904K)
[1001.168s][info][gc,metaspace   ] GC(2689) Metaspace: 35733K(36416K)->35733K(36416K) NonClass: 26528K(27072K)->26528K(27072K) Class: 9204K(9344K)->9204K(9344K)
[1001.168s][info][gc             ] GC(2689) Pause Young (Allocation Failure) 785M->514M(803M) 57.848ms
[1001.168s][info][gc,cpu         ] GC(2689) User=0.10s Sys=0.01s Real=0.06s
[1001.435s][info][gc,start       ] GC(2690) Pause Young (Allocation Failure)
[1001.438s][info][gc,heap        ] GC(2690) PSYoungGen: 314368K(314368K)->64K(303104K) Eden: 294912K(294912K)->0K(283648K) From: 19456K(19456K)->64K(19456K)
[1001.439s][info][gc,heap        ] GC(2690) ParOldGen: 507820K(507904K)->507996K(508416K)
[1001.439s][info][gc,metaspace   ] GC(2690) Metaspace: 35733K(36416K)->35733K(36416K) NonClass: 26528K(27072K)->26528K(27072K) Class: 9204K(9344K)->9204K(9344K)
[1001.439s][info][gc             ] GC(2690) Pause Young (Allocation Failure) 802M->496M(792M) 3.496ms
[1001.439s][info][gc,cpu         ] GC(2690) User=0.01s Sys=0.00s Real=0.00s
[1002.065s][info][gc,start       ] GC(2691) Pause Young (Allocation Failure)
[1002.067s][info][gc,heap        ] GC(2691) PSYoungGen: 283712K(303104K)->64K(308736K) Eden: 283648K(283648K)->0K(283648K) From: 64K(19456K)->64K(25088K)
[1002.067s][info][gc,heap        ] GC(2691) ParOldGen: 507996K(508416K)->508004K(508416K)
[1002.067s][info][gc,metaspace   ] GC(2691) Metaspace: 35733K(36416K)->35733K(36416K) NonClass: 26528K(27072K)->26528K(27072K) Class: 9204K(9344K)->9204K(9344K)
[1002.067s][info][gc             ] GC(2691) Pause Young (Allocation Failure) 773M->496M(798M) 1.659ms
[1002.067s][info][gc,cpu         ] GC(2691) User=0.00s Sys=0.00s Real=0.00s
[1002.551s][info][gc,start       ] GC(2692) Pause Young (Allocation Failure)
[1002.553s][info][gc,heap        ] GC(2692) PSYoungGen: 283712K(308736K)->64K(305664K) Eden: 283648K(283648K)->0K(284672K) From: 64K(25088K)->64K(20992K)
[1002.553s][info][gc,heap        ] GC(2692) ParOldGen: 508004K(508416K)->508020K(508416K)
[1002.553s][info][gc,metaspace   ] GC(2692) Metaspace: 35733K(36416K)->35733K(36416K) NonClass: 26528K(27072K)->26528K(27072K) Class: 9204K(9344K)->9204K(9344K)
[1002.553s][info][gc             ] GC(2692) Pause Young (Allocation Failure) 773M->496M(795M) 1.780ms
[1002.553s][info][gc,cpu         ] GC(2692) User=0.00s Sys=0.00s Real=0.01s
[1002.787s][info][gc,start       ] GC(2693) Pause Young (Allocation Failure)
[1002.788s][info][gc,heap        ] GC(2693) PSYoungGen: 284736K(305664K)->64K(307712K) Eden: 284672K(284672K)->0K(284672K) From: 64K(20992K)->64K(23040K)
[1002.788s][info][gc,heap        ] GC(2693) ParOldGen: 508020K(508416K)->508036K(508416K)
[1002.788s][info][gc,metaspace   ] GC(2693) Metaspace: 35733K(36416K)->35733K(36416K) NonClass: 26528K(27072K)->26528K(27072K) Class: 9204K(9344K)->9204K(9344K)
[1002.788s][info][gc             ] GC(2693) Pause Young (Allocation Failure) 774M->496M(797M) 1.522ms
[1002.788s][info][gc,cpu         ] GC(2693) User=0.00s Sys=0.00s Real=0.00s
[1003.023s][info][gc,start       ] GC(2694) Pause Young (Allocation Failure)
[1003.024s][info][gc,heap        ] GC(2694) PSYoungGen: 284736K(307712K)->64K(307712K) Eden: 284672K(284672K)->0K(288768K) From: 64K(23040K)->64K(18944K)
[1003.024s][info][gc,heap        ] GC(2694) ParOldGen: 508036K(508416K)->508036K(508416K)
[1003.024s][info][gc,metaspace   ] GC(2694) Metaspace: 35733K(36416K)->35733K(36416K) NonClass: 26528K(27072K)->26528K(27072K) Class: 9204K(9344K)->9204K(9344K)
[1003.024s][info][gc             ] GC(2694) Pause Young (Allocation Failure) 774M->496M(797M) 1.524ms
[1003.024s][info][gc,cpu         ] GC(2694) User=0.00s Sys=0.00s Real=0.00s
[1003.367s][info][gc,start       ] GC(2695) Pause Young (Allocation Failure)
[1003.368s][info][gc,heap        ] GC(2695) PSYoungGen: 288832K(307712K)->64K(309760K) Eden: 288768K(288768K)->0K(288768K) From: 64K(18944K)->64K(20992K)
[1003.368s][info][gc,heap        ] GC(2695) ParOldGen: 508036K(508416K)->508036K(508416K)
[1003.368s][info][gc,metaspace   ] GC(2695) Metaspace: 35733K(36416K)->35733K(36416K) NonClass: 26528K(27072K)->26528K(27072K) Class: 9204K(9344K)->9204K(9344K)
[1003.368s][info][gc             ] GC(2695) Pause Young (Allocation Failure) 778M->496M(799M) 1.602ms
[1003.368s][info][gc,cpu         ] GC(2695) User=0.00s Sys=0.00s Real=0.00s
[1003.417s][info][gc,start       ] GC(2696) Pause Young (Allocation Failure)
[1003.419s][info][gc,heap        ] GC(2696) PSYoungGen: 288832K(309760K)->64K(309760K) Eden: 288768K(288768K)->0K(292864K) From: 64K(20992K)->64K(16896K)
[1003.419s][info][gc,heap        ] GC(2696) ParOldGen: 508036K(508416K)->508052K(508416K)
[1003.419s][info][gc,metaspace   ] GC(2696) Metaspace: 35733K(36416K)->35733K(36416K) NonClass: 26528K(27072K)->26528K(27072K) Class: 9204K(9344K)->9204K(9344K)
[1003.419s][info][gc             ] GC(2696) Pause Young (Allocation Failure) 778M->496M(799M) 1.458ms
[1003.419s][info][gc,cpu         ] GC(2696) User=0.00s Sys=0.00s Real=0.00s
[1003.469s][info][gc,start       ] GC(2697) Pause Young (Allocation Failure)
[1003.470s][info][gc,heap        ] GC(2697) PSYoungGen: 292928K(309760K)->64K(311808K) Eden: 292864K(292864K)->0K(292864K) From: 64K(16896K)->64K(18944K)
[1003.470s][info][gc,heap        ] GC(2697) ParOldGen: 508052K(508416K)->508052K(508416K)
[1003.470s][info][gc,metaspace   ] GC(2697) Metaspace: 35733K(36416K)->35733K(36416K) NonClass: 26528K(27072K)->26528K(27072K) Class: 9204K(9344K)->9204K(9344K)
[1003.470s][info][gc             ] GC(2697) Pause Young (Allocation Failure) 782M->496M(801M) 1.438ms
[1003.470s][info][gc,cpu         ] GC(2697) User=0.00s Sys=0.00s Real=0.00s
[1003.736s][info][gc,start       ] GC(2698) Pause Young (Allocation Failure)
[1003.738s][info][gc,heap        ] GC(2698) PSYoungGen: 292928K(311808K)->64K(311808K) Eden: 292864K(292864K)->0K(296960K) From: 64K(18944K)->64K(14848K)
[1003.738s][info][gc,heap        ] GC(2698) ParOldGen: 508052K(508416K)->508052K(508416K)
[1003.738s][info][gc,metaspace   ] GC(2698) Metaspace: 35733K(36416K)->35733K(36416K) NonClass: 26528K(27072K)->26528K(27072K) Class: 9204K(9344K)->9204K(9344K)
[1003.738s][info][gc             ] GC(2698) Pause Young (Allocation Failure) 782M->496M(801M) 1.550ms
[1003.738s][info][gc,cpu         ] GC(2698) User=0.00s Sys=0.00s Real=0.00s
[1003.979s][info][gc,start       ] GC(2699) Pause Young (Allocation Failure)
[1003.980s][info][gc,heap        ] GC(2699) PSYoungGen: 297024K(311808K)->64K(313856K) Eden: 296960K(296960K)->0K(296960K) From: 64K(14848K)->64K(16896K)
[1003.980s][info][gc,heap        ] GC(2699) ParOldGen: 508052K(508416K)->508060K(508416K)
[1003.980s][info][gc,metaspace   ] GC(2699) Metaspace: 35733K(36416K)->35733K(36416K) NonClass: 26528K(27072K)->26528K(27072K) Class: 9204K(9344K)->9204K(9344K)
[1003.980s][info][gc             ] GC(2699) Pause Young (Allocation Failure) 786M->496M(803M) 1.517ms
[1003.980s][info][gc,cpu         ] GC(2699) User=0.00s Sys=0.00s Real=0.00s
[1004.069s][info][gc,start       ] GC(2700) Pause Young (Allocation Failure)
[1004.071s][info][gc,heap        ] GC(2700) PSYoungGen: 297024K(313856K)->64K(313856K) Eden: 296960K(296960K)->0K(301056K) From: 64K(16896K)->64K(12800K)
[1004.071s][info][gc,heap        ] GC(2700) ParOldGen: 508060K(508416K)->508068K(508416K)
[1004.071s][info][gc,metaspace   ] GC(2700) Metaspace: 35733K(36416K)->35733K(36416K) NonClass: 26528K(27072K)->26528K(27072K) Class: 9204K(9344K)->9204K(9344K)
[1004.071s][info][gc             ] GC(2700) Pause Young (Allocation Failure) 786M->496M(803M) 1.489ms
[1004.071s][info][gc,cpu         ] GC(2700) User=0.00s Sys=0.00s Real=0.00s
[1004.210s][info][gc,start       ] GC(2701) Pause Young (Allocation Failure)
[1004.212s][info][gc,heap        ] GC(2701) PSYoungGen: 301120K(313856K)->64K(315904K) Eden: 301056K(301056K)->0K(301056K) From: 64K(12800K)->64K(14848K)
[1004.212s][info][gc,heap        ] GC(2701) ParOldGen: 508068K(508416K)->508076K(508416K)
[1004.212s][info][gc,metaspace   ] GC(2701) Metaspace: 35733K(36416K)->35733K(36416K) NonClass: 26528K(27072K)->26528K(27072K) Class: 9204K(9344K)->9204K(9344K)
[1004.212s][info][gc             ] GC(2701) Pause Young (Allocation Failure) 790M->496M(805M) 1.423ms
[1004.212s][info][gc,cpu         ] GC(2701) User=0.01s Sys=0.00s Real=0.01s
[1004.624s][info][gc,start       ] GC(2702) Pause Young (Allocation Failure)
[1004.625s][info][gc,heap        ] GC(2702) PSYoungGen: 301120K(315904K)->64K(316416K) Eden: 301056K(301056K)->0K(304640K) From: 64K(14848K)->64K(11776K)
[1004.625s][info][gc,heap        ] GC(2702) ParOldGen: 508076K(508416K)->508084K(508416K)
[1004.625s][info][gc,metaspace   ] GC(2702) Metaspace: 35733K(36416K)->35733K(36416K) NonClass: 26528K(27072K)->26528K(27072K) Class: 9204K(9344K)->9204K(9344K)
[1004.625s][info][gc             ] GC(2702) Pause Young (Allocation Failure) 790M->496M(805M) 1.737ms
[1004.625s][info][gc,cpu         ] GC(2702) User=0.00s Sys=0.00s Real=0.00s
[1005.587s][info][gc,start       ] GC(2703) Pause Young (Allocation Failure)
[1005.589s][info][gc,heap        ] GC(2703) PSYoungGen: 304704K(316416K)->64K(292864K) Eden: 304640K(304640K)->0K(292352K) From: 64K(11776K)->64K(512K)
[1005.589s][info][gc,heap        ] GC(2703) ParOldGen: 508084K(508416K)->508092K(508416K)
[1005.589s][info][gc,metaspace   ] GC(2703) Metaspace: 35733K(36416K)->35733K(36416K) NonClass: 26528K(27072K)->26528K(27072K) Class: 9204K(9344K)->9204K(9344K)
[1005.589s][info][gc             ] GC(2703) Pause Young (Allocation Failure) 793M->496M(782M) 1.926ms
[1005.589s][info][gc,cpu         ] GC(2703) User=0.00s Sys=0.00s Real=0.00s
[1006.205s][info][gc,start       ] GC(2704) Pause Young (Allocation Failure)
[1006.207s][info][gc,heap        ] GC(2704) PSYoungGen: 292416K(292864K)->64K(281088K) Eden: 292352K(292352K)->0K(280576K) From: 64K(512K)->64K(512K)
[1006.207s][info][gc,heap        ] GC(2704) ParOldGen: 508092K(508416K)->508100K(508416K)
[1006.207s][info][gc,metaspace   ] GC(2704) Metaspace: 35733K(36416K)->35733K(36416K) NonClass: 26528K(27072K)->26528K(27072K) Class: 9204K(9344K)->9204K(9344K)
[1006.207s][info][gc             ] GC(2704) Pause Young (Allocation Failure) 781M->496M(771M) 1.937ms
[1006.207s][info][gc,cpu         ] GC(2704) User=0.00s Sys=0.00s Real=0.00s
[1006.691s][info][gc,start       ] GC(2705) Pause Young (Allocation Failure)
[1006.692s][info][gc,heap        ] GC(2705) PSYoungGen: 280640K(281088K)->64K(281600K) Eden: 280576K(280576K)->0K(269824K) From: 64K(512K)->64K(11776K)
[1006.692s][info][gc,heap        ] GC(2705) ParOldGen: 508100K(508416K)->508108K(508416K)
[1006.692s][info][gc,metaspace   ] GC(2705) Metaspace: 35733K(36416K)->35733K(36416K) NonClass: 26528K(27072K)->26528K(27072K) Class: 9204K(9344K)->9204K(9344K)
[1006.693s][info][gc             ] GC(2705) Pause Young (Allocation Failure) 770M->496M(771M) 1.446ms
[1006.693s][info][gc,cpu         ] GC(2705) User=0.00s Sys=0.00s Real=0.01s
[1007.666s][info][gc,start       ] GC(2706) Pause Young (Allocation Failure)
[1007.668s][info][gc,heap        ] GC(2706) PSYoungGen: 269888K(281600K)->64K(260096K) Eden: 269824K(269824K)->0K(259584K) From: 64K(11776K)->64K(512K)
[1007.668s][info][gc,heap        ] GC(2706) ParOldGen: 508108K(508416K)->508116K(508416K)
[1007.668s][info][gc,metaspace   ] GC(2706) Metaspace: 35733K(36416K)->35733K(36416K) NonClass: 26528K(27072K)->26528K(27072K) Class: 9204K(9344K)->9204K(9344K)
[1007.668s][info][gc             ] GC(2706) Pause Young (Allocation Failure) 759M->496M(750M) 2.393ms
[1007.669s][info][gc,cpu         ] GC(2706) User=0.00s Sys=0.00s Real=0.00s
[1008.046s][info][gc,start       ] GC(2707) Pause Young (Allocation Failure)
[1008.048s][info][gc,heap        ] GC(2707) PSYoungGen: 259648K(260096K)->64K(259584K) Eden: 259584K(259584K)->0K(249344K) From: 64K(512K)->64K(10240K)
[1008.048s][info][gc,heap        ] GC(2707) ParOldGen: 508116K(508416K)->508124K(508416K)
[1008.048s][info][gc,metaspace   ] GC(2707) Metaspace: 35733K(36416K)->35733K(36416K) NonClass: 26528K(27072K)->26528K(27072K) Class: 9204K(9344K)->9204K(9344K)
[1008.048s][info][gc             ] GC(2707) Pause Young (Allocation Failure) 749M->496M(750M) 1.512ms
[1008.048s][info][gc,cpu         ] GC(2707) User=0.00s Sys=0.00s Real=0.00s
[1008.127s][info][gc,start       ] GC(2708) Pause Young (Allocation Failure)
[1008.129s][info][gc,heap        ] GC(2708) PSYoungGen: 249408K(259584K)->64K(240128K) Eden: 249344K(249344K)->0K(239616K) From: 64K(10240K)->64K(512K)
[1008.129s][info][gc,heap        ] GC(2708) ParOldGen: 508124K(508416K)->508132K(508416K)
[1008.130s][info][gc,metaspace   ] GC(2708) Metaspace: 35733K(36416K)->35733K(36416K) NonClass: 26528K(27072K)->26528K(27072K) Class: 9204K(9344K)->9204K(9344K)
[1008.130s][info][gc             ] GC(2708) Pause Young (Allocation Failure) 739M->496M(731M) 2.073ms
[1008.130s][info][gc,cpu         ] GC(2708) User=0.00s Sys=0.00s Real=0.00s
[1008.638s][info][gc,start       ] GC(2709) Pause Young (Allocation Failure)
[1008.640s][info][gc,heap        ] GC(2709) PSYoungGen: 239680K(240128K)->64K(239104K) Eden: 239616K(239616K)->0K(230400K) From: 64K(512K)->64K(8704K)
[1008.640s][info][gc,heap        ] GC(2709) ParOldGen: 508132K(508416K)->508140K(508416K)
[1008.640s][info][gc,metaspace   ] GC(2709) Metaspace: 35733K(36416K)->35733K(36416K) NonClass: 26528K(27072K)->26528K(27072K) Class: 9204K(9344K)->9204K(9344K)
[1008.640s][info][gc             ] GC(2709) Pause Young (Allocation Failure) 730M->496M(730M) 1.446ms
[1008.640s][info][gc,cpu         ] GC(2709) User=0.00s Sys=0.00s Real=0.00s
[1008.875s][info][gc,start       ] GC(2710) Pause Young (Allocation Failure)
[1008.877s][info][gc,heap        ] GC(2710) PSYoungGen: 230464K(239104K)->64K(222208K) Eden: 230400K(230400K)->0K(221696K) From: 64K(8704K)->64K(512K)
[1008.877s][info][gc,heap        ] GC(2710) ParOldGen: 508140K(508416K)->508148K(508416K)
[1008.877s][info][gc,metaspace   ] GC(2710) Metaspace: 35733K(36416K)->35733K(36416K) NonClass: 26528K(27072K)->26528K(27072K) Class: 9204K(9344K)->9204K(9344K)
[1008.877s][info][gc             ] GC(2710) Pause Young (Allocation Failure) 721M->496M(713M) 2.114ms
[1008.877s][info][gc,cpu         ] GC(2710) User=0.01s Sys=0.00s Real=0.00s
[1009.181s][info][gc,start       ] GC(2711) Pause Young (Allocation Failure)
[1009.222s][info][gc,heap        ] GC(2711) PSYoungGen: 221760K(222208K)->7680K(273408K) Eden: 221696K(221696K)->0K(265728K) From: 64K(512K)->7680K(7680K)
[1009.222s][info][gc,heap        ] GC(2711) ParOldGen: 508148K(508416K)->513812K(514048K)
[1009.222s][info][gc,metaspace   ] GC(2711) Metaspace: 35733K(36416K)->35733K(36416K) NonClass: 26528K(27072K)->26528K(27072K) Class: 9204K(9344K)->9204K(9344K)
[1009.222s][info][gc             ] GC(2711) Pause Young (Allocation Failure) 712M->509M(769M) 40.963ms
[1009.222s][info][gc,cpu         ] GC(2711) User=0.04s Sys=0.01s Real=0.05s
[1009.537s][info][gc,start       ] GC(2712) Pause Young (Allocation Failure)
[1009.598s][info][gc,heap        ] GC(2712) PSYoungGen: 273408K(273408K)->11776K(268288K) Eden: 265728K(265728K)->0K(256512K) From: 7680K(7680K)->11776K(11776K)
[1009.598s][info][gc,heap        ] GC(2712) ParOldGen: 513812K(514048K)->532252K(532480K)
[1009.598s][info][gc,metaspace   ] GC(2712) Metaspace: 35733K(36416K)->35733K(36416K) NonClass: 26528K(27072K)->26528K(27072K) Class: 9204K(9344K)->9204K(9344K)
[1009.598s][info][gc             ] GC(2712) Pause Young (Allocation Failure) 768M->531M(782M) 61.897ms
[1009.598s][info][gc,cpu         ] GC(2712) User=0.10s Sys=0.02s Real=0.06s
[1009.823s][info][gc,start       ] GC(2713) Pause Young (Allocation Failure)
[1009.856s][info][gc,heap        ] GC(2713) PSYoungGen: 268288K(268288K)->19232K(277504K) Eden: 256512K(256512K)->0K(256512K) From: 11776K(11776K)->19232K(20992K)
[1009.856s][info][gc,heap        ] GC(2713) ParOldGen: 532252K(532480K)->532748K(532992K)
[1009.856s][info][gc,metaspace   ] GC(2713) Metaspace: 35733K(36416K)->35733K(36416K) NonClass: 26528K(27072K)->26528K(27072K) Class: 9204K(9344K)->9204K(9344K)
[1009.857s][info][gc             ] GC(2713) Pause Young (Allocation Failure) 781M->539M(791M) 33.502ms
[1009.857s][info][gc,cpu         ] GC(2713) User=0.07s Sys=0.00s Real=0.03s
[1010.065s][info][gc,start       ] GC(2714) Pause Young (Allocation Failure)
[1010.067s][info][gc,heap        ] GC(2714) PSYoungGen: 275744K(277504K)->64K(309760K) Eden: 256512K(256512K)->0K(285184K) From: 19232K(20992K)->64K(24576K)
[1010.067s][info][gc,heap        ] GC(2714) ParOldGen: 532748K(532992K)->532756K(532992K)
[1010.067s][info][gc,metaspace   ] GC(2714) Metaspace: 35733K(36416K)->35733K(36416K) NonClass: 26528K(27072K)->26528K(27072K) Class: 9204K(9344K)->9204K(9344K)
[1010.067s][info][gc             ] GC(2714) Pause Young (Allocation Failure) 789M->520M(823M) 1.721ms
[1010.067s][info][gc,cpu         ] GC(2714) User=0.01s Sys=0.00s Real=0.00s
[1010.722s][info][gc,start       ] GC(2715) Pause Young (Allocation Failure)
[1010.723s][info][gc,heap        ] GC(2715) PSYoungGen: 285248K(309760K)->64K(285696K) Eden: 285184K(285184K)->0K(285184K) From: 64K(24576K)->64K(512K)
[1010.723s][info][gc,heap        ] GC(2715) ParOldGen: 532756K(532992K)->532764K(532992K)
[1010.723s][info][gc,metaspace   ] GC(2715) Metaspace: 35733K(36416K)->35733K(36416K) NonClass: 26528K(27072K)->26528K(27072K) Class: 9204K(9344K)->9204K(9344K)
[1010.723s][info][gc             ] GC(2715) Pause Young (Allocation Failure) 798M->520M(799M) 1.753ms
[1010.723s][info][gc,cpu         ] GC(2715) User=0.00s Sys=0.00s Real=0.01s
[1011.218s][info][gc,start       ] GC(2716) Pause Young (Allocation Failure)
[1011.219s][info][gc,heap        ] GC(2716) PSYoungGen: 285248K(285696K)->64K(309248K) Eden: 285184K(285184K)->0K(286208K) From: 64K(512K)->64K(23040K)
[1011.219s][info][gc,heap        ] GC(2716) ParOldGen: 532764K(532992K)->532780K(532992K)
[1011.219s][info][gc,metaspace   ] GC(2716) Metaspace: 35733K(36416K)->35733K(36416K) NonClass: 26528K(27072K)->26528K(27072K) Class: 9204K(9344K)->9204K(9344K)
[1011.219s][info][gc             ] GC(2716) Pause Young (Allocation Failure) 798M->520M(822M) 1.729ms
[1011.219s][info][gc,cpu         ] GC(2716) User=0.01s Sys=0.00s Real=0.00s
[1011.464s][info][gc,start       ] GC(2717) Pause Young (Allocation Failure)
[1011.465s][info][gc,heap        ] GC(2717) PSYoungGen: 286272K(309248K)->64K(308224K) Eden: 286208K(286208K)->0K(286208K) From: 64K(23040K)->64K(22016K)
[1011.465s][info][gc,heap        ] GC(2717) ParOldGen: 532780K(532992K)->532796K(532992K)
[1011.465s][info][gc,metaspace   ] GC(2717) Metaspace: 35733K(36416K)->35733K(36416K) NonClass: 26528K(27072K)->26528K(27072K) Class: 9204K(9344K)->9204K(9344K)
[1011.465s][info][gc             ] GC(2717) Pause Young (Allocation Failure) 799M->520M(821M) 1.747ms
[1011.465s][info][gc,cpu         ] GC(2717) User=0.00s Sys=0.00s Real=0.00s
[1011.705s][info][gc,start       ] GC(2718) Pause Young (Allocation Failure)
[1011.706s][info][gc,heap        ] GC(2718) PSYoungGen: 286272K(308224K)->32K(310784K) Eden: 286208K(286208K)->0K(289792K) From: 64K(22016K)->32K(20992K)
[1011.706s][info][gc,heap        ] GC(2718) ParOldGen: 532796K(532992K)->532796K(532992K)
[1011.706s][info][gc,metaspace   ] GC(2718) Metaspace: 35733K(36416K)->35733K(36416K) NonClass: 26528K(27072K)->26528K(27072K) Class: 9204K(9344K)->9204K(9344K)
[1011.706s][info][gc             ] GC(2718) Pause Young (Allocation Failure) 799M->520M(824M) 1.632ms
[1011.706s][info][gc,cpu         ] GC(2718) User=0.00s Sys=0.00s Real=0.00s
[1012.065s][info][gc,start       ] GC(2719) Pause Young (Allocation Failure)
[1012.066s][info][gc,heap        ] GC(2719) PSYoungGen: 289824K(310784K)->64K(310272K) Eden: 289792K(289792K)->0K(289792K) From: 32K(20992K)->64K(20480K)
[1012.066s][info][gc,heap        ] GC(2719) ParOldGen: 532796K(532992K)->532796K(532992K)
[1012.066s][info][gc,metaspace   ] GC(2719) Metaspace: 35733K(36416K)->35733K(36416K) NonClass: 26528K(27072K)->26528K(27072K) Class: 9204K(9344K)->9204K(9344K)
[1012.066s][info][gc             ] GC(2719) Pause Young (Allocation Failure) 803M->520M(823M) 1.620ms
[1012.066s][info][gc,cpu         ] GC(2719) User=0.00s Sys=0.00s Real=0.00s
[1012.116s][info][gc,start       ] GC(2720) Pause Young (Allocation Failure)
[1012.117s][info][gc,heap        ] GC(2720) PSYoungGen: 289856K(310272K)->64K(312320K) Eden: 289792K(289792K)->0K(293376K) From: 64K(20480K)->64K(18944K)
[1012.117s][info][gc,heap        ] GC(2720) ParOldGen: 532796K(532992K)->532812K(532992K)
[1012.117s][info][gc,metaspace   ] GC(2720) Metaspace: 35733K(36416K)->35733K(36416K) NonClass: 26528K(27072K)->26528K(27072K) Class: 9204K(9344K)->9204K(9344K)
[1012.117s][info][gc             ] GC(2720) Pause Young (Allocation Failure) 803M->520M(825M) 1.532ms
[1012.117s][info][gc,cpu         ] GC(2720) User=0.00s Sys=0.00s Real=0.00s
[1012.171s][info][gc,start       ] GC(2721) Pause Young (Allocation Failure)
[1012.172s][info][gc,heap        ] GC(2721) PSYoungGen: 293440K(312320K)->64K(311808K) Eden: 293376K(293376K)->0K(293376K) From: 64K(18944K)->64K(18432K)
[1012.172s][info][gc,heap        ] GC(2721) ParOldGen: 532812K(532992K)->532812K(532992K)
[1012.172s][info][gc,metaspace   ] GC(2721) Metaspace: 35733K(36416K)->35733K(36416K) NonClass: 26528K(27072K)->26528K(27072K) Class: 9204K(9344K)->9204K(9344K)
[1012.172s][info][gc             ] GC(2721) Pause Young (Allocation Failure) 806M->520M(825M) 1.591ms
[1012.172s][info][gc,cpu         ] GC(2721) User=0.01s Sys=0.00s Real=0.01s
[1012.433s][info][gc,start       ] GC(2722) Pause Young (Allocation Failure)
[1012.434s][info][gc,heap        ] GC(2722) PSYoungGen: 293440K(311808K)->64K(314368K) Eden: 293376K(293376K)->0K(297472K) From: 64K(18432K)->64K(16896K)
[1012.434s][info][gc,heap        ] GC(2722) ParOldGen: 532812K(532992K)->532812K(532992K)
[1012.434s][info][gc,metaspace   ] GC(2722) Metaspace: 35733K(36416K)->35733K(36416K) NonClass: 26528K(27072K)->26528K(27072K) Class: 9204K(9344K)->9204K(9344K)
[1012.434s][info][gc             ] GC(2722) Pause Young (Allocation Failure) 806M->520M(827M) 1.611ms
[1012.434s][info][gc,cpu         ] GC(2722) User=0.00s Sys=0.00s Real=0.00s
[1012.687s][info][gc,start       ] GC(2723) Pause Young (Allocation Failure)
[1012.689s][info][gc,heap        ] GC(2723) PSYoungGen: 297536K(314368K)->64K(313856K) Eden: 297472K(297472K)->0K(297472K) From: 64K(16896K)->64K(16384K)
[1012.689s][info][gc,heap        ] GC(2723) ParOldGen: 532812K(532992K)->532820K(532992K)
[1012.689s][info][gc,metaspace   ] GC(2723) Metaspace: 35733K(36416K)->35733K(36416K) NonClass: 26528K(27072K)->26528K(27072K) Class: 9204K(9344K)->9204K(9344K)
[1012.689s][info][gc             ] GC(2723) Pause Young (Allocation Failure) 810M->520M(827M) 1.736ms
[1012.689s][info][gc,cpu         ] GC(2723) User=0.00s Sys=0.00s Real=0.00s
[1012.786s][info][gc,start       ] GC(2724) Pause Young (Allocation Failure)
[1012.788s][info][gc,heap        ] GC(2724) PSYoungGen: 297536K(313856K)->64K(316416K) Eden: 297472K(297472K)->0K(301568K) From: 64K(16384K)->64K(14848K)
[1012.788s][info][gc,heap        ] GC(2724) ParOldGen: 532820K(532992K)->532828K(532992K)
[1012.788s][info][gc,metaspace   ] GC(2724) Metaspace: 35733K(36416K)->35733K(36416K) NonClass: 26528K(27072K)->26528K(27072K) Class: 9204K(9344K)->9204K(9344K)
[1012.788s][info][gc             ] GC(2724) Pause Young (Allocation Failure) 810M->520M(829M) 1.609ms
[1012.788s][info][gc,cpu         ] GC(2724) User=0.01s Sys=0.00s Real=0.00s
[1012.930s][info][gc,start       ] GC(2725) Pause Young (Allocation Failure)
[1012.931s][info][gc,heap        ] GC(2725) PSYoungGen: 301632K(316416K)->64K(315904K) Eden: 301568K(301568K)->0K(301568K) From: 64K(14848K)->64K(14336K)
[1012.931s][info][gc,heap        ] GC(2725) ParOldGen: 532828K(532992K)->532836K(532992K)
[1012.931s][info][gc,metaspace   ] GC(2725) Metaspace: 35733K(36416K)->35733K(36416K) NonClass: 26528K(27072K)->26528K(27072K) Class: 9204K(9344K)->9204K(9344K)
[1012.931s][info][gc             ] GC(2725) Pause Young (Allocation Failure) 814M->520M(829M) 1.589ms
[1012.931s][info][gc,cpu         ] GC(2725) User=0.00s Sys=0.00s Real=0.00s
[1013.342s][info][gc,start       ] GC(2726) Pause Young (Allocation Failure)
[1013.344s][info][gc,heap        ] GC(2726) PSYoungGen: 301632K(315904K)->64K(318464K) Eden: 301568K(301568K)->0K(305152K) From: 64K(14336K)->64K(13312K)
[1013.344s][info][gc,heap        ] GC(2726) ParOldGen: 532836K(532992K)->532844K(532992K)
[1013.344s][info][gc,metaspace   ] GC(2726) Metaspace: 35733K(36416K)->35733K(36416K) NonClass: 26528K(27072K)->26528K(27072K) Class: 9204K(9344K)->9204K(9344K)
[1013.344s][info][gc             ] GC(2726) Pause Young (Allocation Failure) 814M->520M(831M) 1.650ms
[1013.344s][info][gc,cpu         ] GC(2726) User=0.00s Sys=0.00s Real=0.00s
[1014.198s][info][gc,start       ] GC(2727) Pause Young (Allocation Failure)
[1014.199s][info][gc,heap        ] GC(2727) PSYoungGen: 305216K(318464K)->64K(293376K) Eden: 305152K(305152K)->0K(292864K) From: 64K(13312K)->64K(512K)
[1014.199s][info][gc,heap        ] GC(2727) ParOldGen: 532844K(532992K)->532852K(532992K)
[1014.199s][info][gc,metaspace   ] GC(2727) Metaspace: 35733K(36416K)->35733K(36416K) NonClass: 26528K(27072K)->26528K(27072K) Class: 9204K(9344K)->9204K(9344K)
[1014.199s][info][gc             ] GC(2727) Pause Young (Allocation Failure) 818M->520M(807M) 1.691ms
[1014.199s][info][gc,cpu         ] GC(2727) User=0.00s Sys=0.00s Real=0.00s
[1014.955s][info][gc,start       ] GC(2728) Pause Young (Allocation Failure)
[1014.956s][info][gc,heap        ] GC(2728) PSYoungGen: 292928K(293376K)->64K(281600K) Eden: 292864K(292864K)->0K(281088K) From: 64K(512K)->64K(512K)
[1014.957s][info][gc,heap        ] GC(2728) ParOldGen: 532852K(532992K)->532860K(532992K)
[1014.957s][info][gc,metaspace   ] GC(2728) Metaspace: 35733K(36416K)->35733K(36416K) NonClass: 26528K(27072K)->26528K(27072K) Class: 9204K(9344K)->9204K(9344K)
[1014.957s][info][gc             ] GC(2728) Pause Young (Allocation Failure) 806M->520M(795M) 1.742ms
[1014.957s][info][gc,cpu         ] GC(2728) User=0.00s Sys=0.00s Real=0.00s
[1015.470s][info][gc,start       ] GC(2729) Pause Young (Allocation Failure)
[1015.471s][info][gc,heap        ] GC(2729) PSYoungGen: 281152K(281600K)->64K(281088K) Eden: 281088K(281088K)->0K(269824K) From: 64K(512K)->64K(11264K)
[1015.471s][info][gc,heap        ] GC(2729) ParOldGen: 532860K(532992K)->532868K(532992K)
[1015.472s][info][gc,metaspace   ] GC(2729) Metaspace: 35733K(36416K)->35733K(36416K) NonClass: 26528K(27072K)->26528K(27072K) Class: 9204K(9344K)->9204K(9344K)
[1015.472s][info][gc             ] GC(2729) Pause Young (Allocation Failure) 794M->520M(795M) 1.752ms
[1015.472s][info][gc,cpu         ] GC(2729) User=0.00s Sys=0.00s Real=0.00s
[1016.445s][info][gc,start       ] GC(2730) Pause Young (Allocation Failure)
[1016.447s][info][gc,heap        ] GC(2730) PSYoungGen: 269888K(281088K)->64K(260096K) Eden: 269824K(269824K)->0K(259584K) From: 64K(11264K)->64K(512K)
[1016.447s][info][gc,heap        ] GC(2730) ParOldGen: 532868K(532992K)->532876K(532992K)
[1016.447s][info][gc,metaspace   ] GC(2730) Metaspace: 35733K(36416K)->35733K(36416K) NonClass: 26528K(27072K)->26528K(27072K) Class: 9204K(9344K)->9204K(9344K)
[1016.447s][info][gc             ] GC(2730) Pause Young (Allocation Failure) 783M->520M(774M) 2.235ms
[1016.447s][info][gc,cpu         ] GC(2730) User=0.00s Sys=0.01s Real=0.00s
[1016.842s][info][gc,start       ] GC(2731) Pause Young (Allocation Failure)
[1016.843s][info][gc,heap        ] GC(2731) PSYoungGen: 259648K(260096K)->64K(259072K) Eden: 259584K(259584K)->0K(249344K) From: 64K(512K)->64K(9728K)
[1016.843s][info][gc,heap        ] GC(2731) ParOldGen: 532876K(532992K)->532884K(532992K)
[1016.843s][info][gc,metaspace   ] GC(2731) Metaspace: 35733K(36416K)->35733K(36416K) NonClass: 26528K(27072K)->26528K(27072K) Class: 9204K(9344K)->9204K(9344K)
[1016.843s][info][gc             ] GC(2731) Pause Young (Allocation Failure) 773M->520M(773M) 1.878ms
[1016.843s][info][gc,cpu         ] GC(2731) User=0.00s Sys=0.00s Real=0.01s
[1016.932s][info][gc,start       ] GC(2732) Pause Young (Allocation Failure)
[1016.934s][info][gc,heap        ] GC(2732) PSYoungGen: 249408K(259072K)->64K(240128K) Eden: 249344K(249344K)->0K(239616K) From: 64K(9728K)->64K(512K)
[1016.934s][info][gc,heap        ] GC(2732) ParOldGen: 532884K(532992K)->532892K(532992K)
[1016.934s][info][gc,metaspace   ] GC(2732) Metaspace: 35733K(36416K)->35733K(36416K) NonClass: 26528K(27072K)->26528K(27072K) Class: 9204K(9344K)->9204K(9344K)
[1016.934s][info][gc             ] GC(2732) Pause Young (Allocation Failure) 763M->520M(755M) 2.397ms
[1016.934s][info][gc,cpu         ] GC(2732) User=0.00s Sys=0.00s Real=0.01s
[1017.450s][info][gc,start       ] GC(2733) Pause Young (Allocation Failure)
[1017.453s][info][gc,heap        ] GC(2733) PSYoungGen: 239680K(240128K)->64K(238592K) Eden: 239616K(239616K)->0K(230400K) From: 64K(512K)->64K(8192K)
[1017.453s][info][gc,heap        ] GC(2733) ParOldGen: 532892K(532992K)->532900K(532992K)
[1017.453s][info][gc,metaspace   ] GC(2733) Metaspace: 35733K(36416K)->35733K(36416K) NonClass: 26528K(27072K)->26528K(27072K) Class: 9204K(9344K)->9204K(9344K)
[1017.453s][info][gc             ] GC(2733) Pause Young (Allocation Failure) 754M->520M(753M) 2.307ms
[1017.453s][info][gc,cpu         ] GC(2733) User=0.01s Sys=0.00s Real=0.01s
[1017.708s][info][gc,start       ] GC(2734) Pause Young (Allocation Failure)
[1017.712s][info][gc,heap        ] GC(2734) PSYoungGen: 230464K(238592K)->32K(222208K) Eden: 230400K(230400K)->0K(221696K) From: 64K(8192K)->32K(512K)
[1017.712s][info][gc,heap        ] GC(2734) ParOldGen: 532900K(532992K)->532908K(532992K)
[1017.712s][info][gc,metaspace   ] GC(2734) Metaspace: 35733K(36416K)->35733K(36416K) NonClass: 26528K(27072K)->26528K(27072K) Class: 9204K(9344K)->9204K(9344K)
[1017.712s][info][gc             ] GC(2734) Pause Young (Allocation Failure) 745M->520M(737M) 3.893ms
[1017.712s][info][gc,cpu         ] GC(2734) User=0.00s Sys=0.00s Real=0.01s
[1018.040s][info][gc,start       ] GC(2735) Pause Young (Allocation Failure)
[1018.067s][info][gc,heap        ] GC(2735) PSYoungGen: 221728K(222208K)->7168K(272384K) Eden: 221696K(221696K)->0K(265216K) From: 32K(512K)->7168K(7168K)
[1018.067s][info][gc,heap        ] GC(2735) ParOldGen: 532908K(532992K)->538196K(538624K)
[1018.067s][info][gc,metaspace   ] GC(2735) Metaspace: 35733K(36416K)->35733K(36416K) NonClass: 26528K(27072K)->26528K(27072K) Class: 9204K(9344K)->9204K(9344K)
[1018.067s][info][gc             ] GC(2735) Pause Young (Allocation Failure) 736M->532M(792M) 27.609ms
[1018.067s][info][gc,cpu         ] GC(2735) User=0.04s Sys=0.00s Real=0.03s
[1018.391s][info][gc,start       ] GC(2736) Pause Young (Allocation Failure)
[1018.455s][info][gc,heap        ] GC(2736) PSYoungGen: 272384K(272384K)->10752K(266240K) Eden: 265216K(265216K)->0K(255488K) From: 7168K(7168K)->10752K(10752K)
[1018.455s][info][gc,heap        ] GC(2736) ParOldGen: 538196K(538624K)->557596K(558080K)
[1018.455s][info][gc,metaspace   ] GC(2736) Metaspace: 35733K(36416K)->35733K(36416K) NonClass: 26528K(27072K)->26528K(27072K) Class: 9204K(9344K)->9204K(9344K)
[1018.455s][info][gc             ] GC(2736) Pause Young (Allocation Failure) 791M->555M(805M) 64.675ms
[1018.455s][info][gc,cpu         ] GC(2736) User=0.11s Sys=0.02s Real=0.07s
[1018.701s][info][gc,start       ] GC(2737) Pause Young (Allocation Failure)
[1018.738s][info][gc,heap        ] GC(2737) PSYoungGen: 266240K(266240K)->20192K(275968K) Eden: 255488K(255488K)->0K(255488K) From: 10752K(10752K)->20192K(20480K)
[1018.738s][info][gc,heap        ] GC(2737) ParOldGen: 557596K(558080K)->558124K(558592K)
[1018.738s][info][gc,metaspace   ] GC(2737) Metaspace: 35733K(36416K)->35733K(36416K) NonClass: 26528K(27072K)->26528K(27072K) Class: 9204K(9344K)->9204K(9344K)
[1018.738s][info][gc             ] GC(2737) Pause Young (Allocation Failure) 804M->564M(815M) 36.230ms
[1018.738s][info][gc,cpu         ] GC(2737) User=0.07s Sys=0.00s Real=0.04s
[1018.931s][info][gc,start       ] GC(2738) Pause Young (Allocation Failure)
[1018.932s][info][gc,heap        ] GC(2738) PSYoungGen: 275680K(275968K)->64K(309760K) Eden: 255488K(255488K)->0K(285184K) From: 20192K(20480K)->64K(24576K)
[1018.932s][info][gc,heap        ] GC(2738) ParOldGen: 558124K(558592K)->558132K(558592K)
[1018.932s][info][gc,metaspace   ] GC(2738) Metaspace: 35733K(36416K)->35733K(36416K) NonClass: 26528K(27072K)->26528K(27072K) Class: 9204K(9344K)->9204K(9344K)
[1018.932s][info][gc             ] GC(2738) Pause Young (Allocation Failure) 814M->545M(848M) 1.846ms
[1018.932s][info][gc,cpu         ] GC(2738) User=0.00s Sys=0.00s Real=0.01s
[1019.644s][info][gc,start       ] GC(2739) Pause Young (Allocation Failure)
[1019.646s][info][gc,heap        ] GC(2739) PSYoungGen: 285248K(309760K)->64K(285696K) Eden: 285184K(285184K)->0K(285184K) From: 64K(24576K)->64K(512K)
[1019.646s][info][gc,heap        ] GC(2739) ParOldGen: 558132K(558592K)->558140K(558592K)
[1019.646s][info][gc,metaspace   ] GC(2739) Metaspace: 35733K(36416K)->35733K(36416K) NonClass: 26528K(27072K)->26528K(27072K) Class: 9204K(9344K)->9204K(9344K)
[1019.646s][info][gc             ] GC(2739) Pause Young (Allocation Failure) 823M->545M(824M) 1.881ms
[1019.646s][info][gc,cpu         ] GC(2739) User=0.01s Sys=0.00s Real=0.00s
[1020.174s][info][gc,start       ] GC(2740) Pause Young (Allocation Failure)
[1020.176s][info][gc,heap        ] GC(2740) PSYoungGen: 285248K(285696K)->64K(309248K) Eden: 285184K(285184K)->0K(286208K) From: 64K(512K)->64K(23040K)
[1020.176s][info][gc,heap        ] GC(2740) ParOldGen: 558140K(558592K)->558156K(558592K)
[1020.176s][info][gc,metaspace   ] GC(2740) Metaspace: 35733K(36416K)->35733K(36416K) NonClass: 26528K(27072K)->26528K(27072K) Class: 9204K(9344K)->9204K(9344K)
[1020.176s][info][gc             ] GC(2740) Pause Young (Allocation Failure) 823M->545M(847M) 1.976ms
[1020.176s][info][gc,cpu         ] GC(2740) User=0.01s Sys=0.00s Real=0.00s
[1020.417s][info][gc,start       ] GC(2741) Pause Young (Allocation Failure)
[1020.419s][info][gc,heap        ] GC(2741) PSYoungGen: 286272K(309248K)->64K(308224K) Eden: 286208K(286208K)->0K(286208K) From: 64K(23040K)->64K(22016K)
[1020.419s][info][gc,heap        ] GC(2741) ParOldGen: 558156K(558592K)->558172K(558592K)
[1020.419s][info][gc,metaspace   ] GC(2741) Metaspace: 35733K(36416K)->35733K(36416K) NonClass: 26528K(27072K)->26528K(27072K) Class: 9204K(9344K)->9204K(9344K)
[1020.419s][info][gc             ] GC(2741) Pause Young (Allocation Failure) 824M->545M(846M) 1.876ms
[1020.419s][info][gc,cpu         ] GC(2741) User=0.00s Sys=0.00s Real=0.00s
[1020.663s][info][gc,start       ] GC(2742) Pause Young (Allocation Failure)
[1020.665s][info][gc,heap        ] GC(2742) PSYoungGen: 286272K(308224K)->64K(310272K) Eden: 286208K(286208K)->0K(289280K) From: 64K(22016K)->64K(20992K)
[1020.665s][info][gc,heap        ] GC(2742) ParOldGen: 558172K(558592K)->558172K(558592K)
[1020.665s][info][gc,metaspace   ] GC(2742) Metaspace: 35733K(36416K)->35733K(36416K) NonClass: 26528K(27072K)->26528K(27072K) Class: 9204K(9344K)->9204K(9344K)
[1020.665s][info][gc             ] GC(2742) Pause Young (Allocation Failure) 824M->545M(848M) 1.840ms
[1020.665s][info][gc,cpu         ] GC(2742) User=0.00s Sys=0.00s Real=0.00s
[1021.050s][info][gc,start       ] GC(2743) Pause Young (Allocation Failure)
[1021.052s][info][gc,heap        ] GC(2743) PSYoungGen: 289344K(310272K)->64K(309760K) Eden: 289280K(289280K)->0K(289280K) From: 64K(20992K)->64K(20480K)
[1021.052s][info][gc,heap        ] GC(2743) ParOldGen: 558172K(558592K)->558172K(558592K)
[1021.052s][info][gc,metaspace   ] GC(2743) Metaspace: 35733K(36416K)->35733K(36416K) NonClass: 26528K(27072K)->26528K(27072K) Class: 9204K(9344K)->9204K(9344K)
[1021.052s][info][gc             ] GC(2743) Pause Young (Allocation Failure) 827M->545M(848M) 1.839ms
[1021.052s][info][gc,cpu         ] GC(2743) User=0.00s Sys=0.00s Real=0.00s
[1021.103s][info][gc,start       ] GC(2744) Pause Young (Allocation Failure)
[1021.105s][info][gc,heap        ] GC(2744) PSYoungGen: 289344K(309760K)->64K(312320K) Eden: 289280K(289280K)->0K(293376K) From: 64K(20480K)->64K(18944K)
[1021.105s][info][gc,heap        ] GC(2744) ParOldGen: 558172K(558592K)->558188K(558592K)
[1021.105s][info][gc,metaspace   ] GC(2744) Metaspace: 35733K(36416K)->35733K(36416K) NonClass: 26528K(27072K)->26528K(27072K) Class: 9204K(9344K)->9204K(9344K)
[1021.105s][info][gc             ] GC(2744) Pause Young (Allocation Failure) 827M->545M(850M) 1.825ms
[1021.105s][info][gc,cpu         ] GC(2744) User=0.00s Sys=0.00s Real=0.00s
[1021.162s][info][gc,start       ] GC(2745) Pause Young (Allocation Failure)
[1021.164s][info][gc,heap        ] GC(2745) PSYoungGen: 293440K(312320K)->64K(311808K) Eden: 293376K(293376K)->0K(293376K) From: 64K(18944K)->64K(18432K)
[1021.164s][info][gc,heap        ] GC(2745) ParOldGen: 558188K(558592K)->558188K(558592K)
[1021.164s][info][gc,metaspace   ] GC(2745) Metaspace: 35733K(36416K)->35733K(36416K) NonClass: 26528K(27072K)->26528K(27072K) Class: 9204K(9344K)->9204K(9344K)
[1021.164s][info][gc             ] GC(2745) Pause Young (Allocation Failure) 831M->545M(850M) 1.952ms
[1021.164s][info][gc,cpu         ] GC(2745) User=0.00s Sys=0.00s Real=0.00s
[1021.436s][info][gc,start       ] GC(2746) Pause Young (Allocation Failure)
[1021.438s][info][gc,heap        ] GC(2746) PSYoungGen: 293440K(311808K)->64K(314368K) Eden: 293376K(293376K)->0K(297472K) From: 64K(18432K)->64K(16896K)
[1021.438s][info][gc,heap        ] GC(2746) ParOldGen: 558188K(558592K)->558188K(558592K)
[1021.438s][info][gc,metaspace   ] GC(2746) Metaspace: 35733K(36416K)->35733K(36416K) NonClass: 26528K(27072K)->26528K(27072K) Class: 9204K(9344K)->9204K(9344K)
[1021.438s][info][gc             ] GC(2746) Pause Young (Allocation Failure) 831M->545M(852M) 1.870ms
[1021.438s][info][gc,cpu         ] GC(2746) User=0.00s Sys=0.00s Real=0.00s
[1021.712s][info][gc,start       ] GC(2747) Pause Young (Allocation Failure)
[1021.714s][info][gc,heap        ] GC(2747) PSYoungGen: 297536K(314368K)->64K(313856K) Eden: 297472K(297472K)->0K(297472K) From: 64K(16896K)->64K(16384K)
[1021.714s][info][gc,heap        ] GC(2747) ParOldGen: 558188K(558592K)->558196K(558592K)
[1021.714s][info][gc,metaspace   ] GC(2747) Metaspace: 35733K(36416K)->35733K(36416K) NonClass: 26528K(27072K)->26528K(27072K) Class: 9204K(9344K)->9204K(9344K)
[1021.714s][info][gc             ] GC(2747) Pause Young (Allocation Failure) 835M->545M(852M) 1.957ms
[1021.714s][info][gc,cpu         ] GC(2747) User=0.00s Sys=0.00s Real=0.01s
[1021.822s][info][gc,start       ] GC(2748) Pause Young (Allocation Failure)
[1021.824s][info][gc,heap        ] GC(2748) PSYoungGen: 297536K(313856K)->64K(316416K) Eden: 297472K(297472K)->0K(301568K) From: 64K(16384K)->64K(14848K)
[1021.824s][info][gc,heap        ] GC(2748) ParOldGen: 558196K(558592K)->558204K(558592K)
[1021.824s][info][gc,metaspace   ] GC(2748) Metaspace: 35733K(36416K)->35733K(36416K) NonClass: 26528K(27072K)->26528K(27072K) Class: 9204K(9344K)->9204K(9344K)
[1021.824s][info][gc             ] GC(2748) Pause Young (Allocation Failure) 835M->545M(854M) 1.964ms
[1021.824s][info][gc,cpu         ] GC(2748) User=0.00s Sys=0.00s Real=0.00s
[1021.969s][info][gc,start       ] GC(2749) Pause Young (Allocation Failure)
[1021.971s][info][gc,heap        ] GC(2749) PSYoungGen: 301632K(316416K)->64K(315904K) Eden: 301568K(301568K)->0K(301568K) From: 64K(14848K)->64K(14336K)
[1021.971s][info][gc,heap        ] GC(2749) ParOldGen: 558204K(558592K)->558212K(558592K)
[1021.971s][info][gc,metaspace   ] GC(2749) Metaspace: 35733K(36416K)->35733K(36416K) NonClass: 26528K(27072K)->26528K(27072K) Class: 9204K(9344K)->9204K(9344K)
[1021.971s][info][gc             ] GC(2749) Pause Young (Allocation Failure) 839M->545M(854M) 2.015ms
[1021.971s][info][gc,cpu         ] GC(2749) User=0.01s Sys=0.00s Real=0.00s
[1022.408s][info][gc,start       ] GC(2750) Pause Young (Allocation Failure)
[1022.410s][info][gc,heap        ] GC(2750) PSYoungGen: 301632K(315904K)->64K(318464K) Eden: 301568K(301568K)->0K(305152K) From: 64K(14336K)->64K(13312K)
[1022.410s][info][gc,heap        ] GC(2750) ParOldGen: 558212K(558592K)->558220K(558592K)
[1022.410s][info][gc,metaspace   ] GC(2750) Metaspace: 35733K(36416K)->35733K(36416K) NonClass: 26528K(27072K)->26528K(27072K) Class: 9204K(9344K)->9204K(9344K)
[1022.410s][info][gc             ] GC(2750) Pause Young (Allocation Failure) 839M->545M(856M) 1.997ms
[1022.410s][info][gc,cpu         ] GC(2750) User=0.00s Sys=0.00s Real=0.00s
[1023.099s][info][gc,start       ] GC(2751) Pause Young (Allocation Failure)
[1023.101s][info][gc,heap        ] GC(2751) PSYoungGen: 305216K(318464K)->64K(317952K) Eden: 305152K(305152K)->0K(305152K) From: 64K(13312K)->64K(12800K)
[1023.101s][info][gc,heap        ] GC(2751) ParOldGen: 558220K(558592K)->558228K(558592K)
[1023.101s][info][gc,metaspace   ] GC(2751) Metaspace: 35733K(36416K)->35733K(36416K) NonClass: 26528K(27072K)->26528K(27072K) Class: 9204K(9344K)->9204K(9344K)
[1023.101s][info][gc             ] GC(2751) Pause Young (Allocation Failure) 843M->545M(856M) 2.056ms
[1023.101s][info][gc,cpu         ] GC(2751) User=0.00s Sys=0.00s Real=0.00s
[1024.169s][info][gc,start       ] GC(2752) Pause Young (Allocation Failure)
[1024.171s][info][gc,heap        ] GC(2752) PSYoungGen: 305216K(317952K)->64K(293376K) Eden: 305152K(305152K)->0K(292864K) From: 64K(12800K)->64K(512K)
[1024.171s][info][gc,heap        ] GC(2752) ParOldGen: 558228K(558592K)->558236K(558592K)
[1024.171s][info][gc,metaspace   ] GC(2752) Metaspace: 35733K(36416K)->35733K(36416K) NonClass: 26528K(27072K)->26528K(27072K) Class: 9204K(9344K)->9204K(9344K)
[1024.171s][info][gc             ] GC(2752) Pause Young (Allocation Failure) 843M->545M(832M) 1.996ms
[1024.171s][info][gc,cpu         ] GC(2752) User=0.01s Sys=0.00s Real=0.00s
[1024.717s][info][gc,start       ] GC(2753) Pause Young (Allocation Failure)
[1024.720s][info][gc,heap        ] GC(2753) PSYoungGen: 292928K(293376K)->64K(292352K) Eden: 292864K(292864K)->0K(281088K) From: 64K(512K)->64K(11264K)
[1024.720s][info][gc,heap        ] GC(2753) ParOldGen: 558236K(558592K)->558252K(558592K)
[1024.720s][info][gc,metaspace   ] GC(2753) Metaspace: 35733K(36416K)->35733K(36416K) NonClass: 26528K(27072K)->26528K(27072K) Class: 9204K(9344K)->9204K(9344K)
[1024.720s][info][gc             ] GC(2753) Pause Young (Allocation Failure) 831M->545M(831M) 3.497ms
[1024.720s][info][gc,cpu         ] GC(2753) User=0.00s Sys=0.00s Real=0.00s
[1025.741s][info][gc,start       ] GC(2754) Pause Young (Allocation Failure)
[1025.744s][info][gc,heap        ] GC(2754) PSYoungGen: 281152K(292352K)->32K(270336K) Eden: 281088K(281088K)->0K(269824K) From: 64K(11264K)->32K(512K)
[1025.744s][info][gc,heap        ] GC(2754) ParOldGen: 558252K(558592K)->558260K(558592K)
[1025.744s][info][gc,metaspace   ] GC(2754) Metaspace: 35733K(36416K)->35733K(36416K) NonClass: 26528K(27072K)->26528K(27072K) Class: 9204K(9344K)->9204K(9344K)
[1025.744s][info][gc             ] GC(2754) Pause Young (Allocation Failure) 819M->545M(809M) 3.136ms
[1025.744s][info][gc,cpu         ] GC(2754) User=0.00s Sys=0.00s Real=0.01s
[1026.123s][info][gc,start       ] GC(2755) Pause Young (Allocation Failure)
[1026.124s][info][gc,heap        ] GC(2755) PSYoungGen: 269856K(270336K)->64K(269312K) Eden: 269824K(269824K)->0K(259584K) From: 32K(512K)->64K(9728K)
[1026.124s][info][gc,heap        ] GC(2755) ParOldGen: 558260K(558592K)->558268K(558592K)
[1026.124s][info][gc,metaspace   ] GC(2755) Metaspace: 35733K(36416K)->35733K(36416K) NonClass: 26528K(27072K)->26528K(27072K) Class: 9204K(9344K)->9204K(9344K)
[1026.124s][info][gc             ] GC(2755) Pause Young (Allocation Failure) 808M->545M(808M) 1.675ms
[1026.124s][info][gc,cpu         ] GC(2755) User=0.00s Sys=0.00s Real=0.00s
[1026.226s][info][gc,start       ] GC(2756) Pause Young (Allocation Failure)
[1026.227s][info][gc,heap        ] GC(2756) PSYoungGen: 259648K(269312K)->64K(249856K) Eden: 259584K(259584K)->0K(249344K) From: 64K(9728K)->64K(512K)
[1026.227s][info][gc,heap        ] GC(2756) ParOldGen: 558268K(558592K)->558276K(558592K)
[1026.227s][info][gc,metaspace   ] GC(2756) Metaspace: 35733K(36416K)->35733K(36416K) NonClass: 26528K(27072K)->26528K(27072K) Class: 9204K(9344K)->9204K(9344K)
[1026.227s][info][gc             ] GC(2756) Pause Young (Allocation Failure) 798M->545M(789M) 1.825ms
[1026.227s][info][gc,cpu         ] GC(2756) User=0.00s Sys=0.00s Real=0.00s
[1026.808s][info][gc,start       ] GC(2757) Pause Young (Allocation Failure)
[1026.809s][info][gc,heap        ] GC(2757) PSYoungGen: 249408K(249856K)->64K(247808K) Eden: 249344K(249344K)->0K(239616K) From: 64K(512K)->64K(8192K)
[1026.810s][info][gc,heap        ] GC(2757) ParOldGen: 558276K(558592K)->558284K(558592K)
[1026.810s][info][gc,metaspace   ] GC(2757) Metaspace: 35733K(36416K)->35733K(36416K) NonClass: 26528K(27072K)->26528K(27072K) Class: 9204K(9344K)->9204K(9344K)
[1026.810s][info][gc             ] GC(2757) Pause Young (Allocation Failure) 788M->545M(787M) 1.709ms
[1026.810s][info][gc,cpu         ] GC(2757) User=0.00s Sys=0.00s Real=0.00s
[1027.029s][info][gc,start       ] GC(2758) Pause Young (Allocation Failure)
[1027.031s][info][gc,heap        ] GC(2758) PSYoungGen: 239680K(247808K)->64K(230912K) Eden: 239616K(239616K)->0K(230400K) From: 64K(8192K)->64K(512K)
[1027.031s][info][gc,heap        ] GC(2758) ParOldGen: 558284K(558592K)->558292K(558592K)
[1027.031s][info][gc,metaspace   ] GC(2758) Metaspace: 35733K(36416K)->35733K(36416K) NonClass: 26528K(27072K)->26528K(27072K) Class: 9204K(9344K)->9204K(9344K)
[1027.031s][info][gc             ] GC(2758) Pause Young (Allocation Failure) 779M->545M(771M) 2.098ms
[1027.031s][info][gc,cpu         ] GC(2758) User=0.00s Sys=0.00s Real=0.00s
[1027.333s][info][gc,start       ] GC(2759) Pause Young (Allocation Failure)
[1027.373s][info][gc,heap        ] GC(2759) PSYoungGen: 230464K(230912K)->7168K(283136K) Eden: 230400K(230400K)->0K(275968K) From: 64K(512K)->7168K(7168K)
[1027.373s][info][gc,heap        ] GC(2759) ParOldGen: 558292K(558592K)->571740K(571904K)
[1027.373s][info][gc,metaspace   ] GC(2759) Metaspace: 35733K(36416K)->35733K(36416K) NonClass: 26528K(27072K)->26528K(27072K) Class: 9204K(9344K)->9204K(9344K)
[1027.373s][info][gc             ] GC(2759) Pause Young (Allocation Failure) 770M->565M(835M) 39.752ms
[1027.373s][info][gc,cpu         ] GC(2759) User=0.06s Sys=0.01s Real=0.04s
[1027.702s][info][gc,start       ] GC(2760) Pause Young (Allocation Failure)
[1027.771s][info][gc,heap        ] GC(2760) PSYoungGen: 283136K(283136K)->13824K(280064K) Eden: 275968K(275968K)->0K(266240K) From: 7168K(7168K)->13824K(13824K)
[1027.771s][info][gc,heap        ] GC(2760) ParOldGen: 571740K(571904K)->589500K(589824K)
[1027.771s][info][gc,metaspace   ] GC(2760) Metaspace: 35733K(36416K)->35733K(36416K) NonClass: 26528K(27072K)->26528K(27072K) Class: 9204K(9344K)->9204K(9344K)
[1027.771s][info][gc             ] GC(2760) Pause Young (Allocation Failure) 834M->589M(849M) 68.763ms
[1027.771s][info][gc,cpu         ] GC(2760) User=0.11s Sys=0.02s Real=0.06s
[1027.932s][info][gc,start       ] GC(2761) Pause Young (Allocation Failure)
[1027.953s][info][gc,heap        ] GC(2761) PSYoungGen: 280064K(280064K)->10816K(289792K) Eden: 266240K(266240K)->0K(266240K) From: 13824K(13824K)->10816K(23552K)
[1027.953s][info][gc,heap        ] GC(2761) ParOldGen: 589500K(589824K)->589980K(590336K)
[1027.953s][info][gc,metaspace   ] GC(2761) Metaspace: 35733K(36416K)->35733K(36416K) NonClass: 26528K(27072K)->26528K(27072K) Class: 9204K(9344K)->9204K(9344K)
[1027.954s][info][gc             ] GC(2761) Pause Young (Allocation Failure) 849M->586M(859M) 21.287ms
[1027.954s][info][gc,cpu         ] GC(2761) User=0.04s Sys=0.00s Real=0.02s
[1028.364s][info][gc,start       ] GC(2762) Pause Young (Allocation Failure)
[1028.366s][info][gc,heap        ] GC(2762) PSYoungGen: 277056K(289792K)->64K(309248K) Eden: 266240K(266240K)->0K(286720K) From: 10816K(23552K)->64K(22528K)
[1028.366s][info][gc,heap        ] GC(2762) ParOldGen: 589980K(590336K)->589988K(590336K)
[1028.366s][info][gc,metaspace   ] GC(2762) Metaspace: 35733K(36416K)->35733K(36416K) NonClass: 26528K(27072K)->26528K(27072K) Class: 9204K(9344K)->9204K(9344K)
[1028.366s][info][gc             ] GC(2762) Pause Young (Allocation Failure) 846M->576M(878M) 1.912ms
[1028.366s][info][gc,cpu         ] GC(2762) User=0.01s Sys=0.00s Real=0.00s
[1028.950s][info][gc,start       ] GC(2763) Pause Young (Allocation Failure)
[1028.953s][info][gc,heap        ] GC(2763) PSYoungGen: 286784K(309248K)->160K(309760K) Eden: 286720K(286720K)->0K(286720K) From: 64K(22528K)->160K(23040K)
[1028.953s][info][gc,heap        ] GC(2763) ParOldGen: 589988K(590336K)->589996K(590336K)
[1028.953s][info][gc,metaspace   ] GC(2763) Metaspace: 35792K(36480K)->35792K(36480K) NonClass: 26586K(27136K)->26586K(27136K) Class: 9205K(9344K)->9205K(9344K)
[1028.953s][info][gc             ] GC(2763) Pause Young (Allocation Failure) 856M->576M(879M) 2.446ms
[1028.953s][info][gc,cpu         ] GC(2763) User=0.01s Sys=0.00s Real=0.01s
[1029.427s][info][gc,start       ] GC(2764) Pause Young (Allocation Failure)
[1029.429s][info][gc,heap        ] GC(2764) PSYoungGen: 286880K(309760K)->64K(310272K) Eden: 286720K(286720K)->0K(288768K) From: 160K(23040K)->64K(21504K)
[1029.429s][info][gc,heap        ] GC(2764) ParOldGen: 589996K(590336K)->590084K(590336K)
[1029.429s][info][gc,metaspace   ] GC(2764) Metaspace: 35792K(36480K)->35792K(36480K) NonClass: 26586K(27136K)->26586K(27136K) Class: 9205K(9344K)->9205K(9344K)
[1029.429s][info][gc             ] GC(2764) Pause Young (Allocation Failure) 856M->576M(879M) 2.086ms
[1029.429s][info][gc,cpu         ] GC(2764) User=0.00s Sys=0.00s Real=0.00s
[1029.666s][info][gc,start       ] GC(2765) Pause Young (Allocation Failure)
[1029.668s][info][gc,heap        ] GC(2765) PSYoungGen: 288832K(310272K)->64K(310272K) Eden: 288768K(288768K)->0K(288768K) From: 64K(21504K)->64K(21504K)
[1029.668s][info][gc,heap        ] GC(2765) ParOldGen: 590084K(590336K)->590100K(590336K)
[1029.668s][info][gc,metaspace   ] GC(2765) Metaspace: 35792K(36480K)->35792K(36480K) NonClass: 26586K(27136K)->26586K(27136K) Class: 9205K(9344K)->9205K(9344K)
[1029.668s][info][gc             ] GC(2765) Pause Young (Allocation Failure) 858M->576M(879M) 1.883ms
[1029.668s][info][gc,cpu         ] GC(2765) User=0.00s Sys=0.00s Real=0.00s
[1029.906s][info][gc,start       ] GC(2766) Pause Young (Allocation Failure)
[1029.908s][info][gc,heap        ] GC(2766) PSYoungGen: 288832K(310272K)->64K(311296K) Eden: 288768K(288768K)->0K(291840K) From: 64K(21504K)->64K(19456K)
[1029.908s][info][gc,heap        ] GC(2766) ParOldGen: 590100K(590336K)->590100K(590336K)
[1029.908s][info][gc,metaspace   ] GC(2766) Metaspace: 35792K(36480K)->35792K(36480K) NonClass: 26586K(27136K)->26586K(27136K) Class: 9205K(9344K)->9205K(9344K)
[1029.908s][info][gc             ] GC(2766) Pause Young (Allocation Failure) 858M->576M(880M) 1.729ms
[1029.908s][info][gc,cpu         ] GC(2766) User=0.00s Sys=0.00s Real=0.00s
[1030.216s][info][gc,start       ] GC(2767) Pause Young (Allocation Failure)
[1030.218s][info][gc,heap        ] GC(2767) PSYoungGen: 291904K(311296K)->64K(311296K) Eden: 291840K(291840K)->0K(291840K) From: 64K(19456K)->64K(19456K)
[1030.218s][info][gc,heap        ] GC(2767) ParOldGen: 590100K(590336K)->590100K(590336K)
[1030.218s][info][gc,metaspace   ] GC(2767) Metaspace: 35792K(36480K)->35792K(36480K) NonClass: 26586K(27136K)->26586K(27136K) Class: 9205K(9344K)->9205K(9344K)
[1030.218s][info][gc             ] GC(2767) Pause Young (Allocation Failure) 861M->576M(880M) 1.826ms
[1030.218s][info][gc,cpu         ] GC(2767) User=0.00s Sys=0.00s Real=0.00s
[1030.268s][info][gc,start       ] GC(2768) Pause Young (Allocation Failure)
[1030.270s][info][gc,heap        ] GC(2768) PSYoungGen: 291904K(311296K)->64K(313344K) Eden: 291840K(291840K)->0K(295936K) From: 64K(19456K)->64K(17408K)
[1030.270s][info][gc,heap        ] GC(2768) ParOldGen: 590100K(590336K)->590116K(590336K)
[1030.270s][info][gc,metaspace   ] GC(2768) Metaspace: 35792K(36480K)->35792K(36480K) NonClass: 26586K(27136K)->26586K(27136K) Class: 9205K(9344K)->9205K(9344K)
[1030.270s][info][gc             ] GC(2768) Pause Young (Allocation Failure) 861M->576M(882M) 1.658ms
[1030.270s][info][gc,cpu         ] GC(2768) User=0.00s Sys=0.00s Real=0.00s
[1030.371s][info][gc,start       ] GC(2769) Pause Young (Allocation Failure)
[1030.373s][info][gc,heap        ] GC(2769) PSYoungGen: 296000K(313344K)->64K(313344K) Eden: 295936K(295936K)->0K(295936K) From: 64K(17408K)->64K(17408K)
[1030.373s][info][gc,heap        ] GC(2769) ParOldGen: 590116K(590336K)->590116K(590336K)
[1030.373s][info][gc,metaspace   ] GC(2769) Metaspace: 35792K(36480K)->35792K(36480K) NonClass: 26586K(27136K)->26586K(27136K) Class: 9205K(9344K)->9205K(9344K)
[1030.373s][info][gc             ] GC(2769) Pause Young (Allocation Failure) 865M->576M(882M) 1.682ms
[1030.373s][info][gc,cpu         ] GC(2769) User=0.01s Sys=0.00s Real=0.01s
[1030.655s][info][gc,start       ] GC(2770) Pause Young (Allocation Failure)
[1030.656s][info][gc,heap        ] GC(2770) PSYoungGen: 296000K(313344K)->64K(314880K) Eden: 295936K(295936K)->0K(299520K) From: 64K(17408K)->64K(15360K)
[1030.656s][info][gc,heap        ] GC(2770) ParOldGen: 590116K(590336K)->590132K(590336K)
[1030.656s][info][gc,metaspace   ] GC(2770) Metaspace: 35792K(36480K)->35792K(36480K) NonClass: 26586K(27136K)->26586K(27136K) Class: 9205K(9344K)->9205K(9344K)
[1030.656s][info][gc             ] GC(2770) Pause Young (Allocation Failure) 865M->576M(884M) 1.655ms
[1030.656s][info][gc,cpu         ] GC(2770) User=0.00s Sys=0.00s Real=0.00s
[1030.854s][info][gc,start       ] GC(2771) Pause Young (Allocation Failure)
[1030.855s][info][gc,heap        ] GC(2771) PSYoungGen: 299584K(314880K)->64K(315392K) Eden: 299520K(299520K)->0K(299520K) From: 64K(15360K)->64K(15872K)
[1030.855s][info][gc,heap        ] GC(2771) ParOldGen: 590132K(590336K)->590132K(590336K)
[1030.855s][info][gc,metaspace   ] GC(2771) Metaspace: 35792K(36480K)->35792K(36480K) NonClass: 26586K(27136K)->26586K(27136K) Class: 9205K(9344K)->9205K(9344K)
[1030.855s][info][gc             ] GC(2771) Pause Young (Allocation Failure) 868M->576M(884M) 1.711ms
[1030.855s][info][gc,cpu         ] GC(2771) User=0.00s Sys=0.00s Real=0.00s
[1030.936s][info][gc,start       ] GC(2772) Pause Young (Allocation Failure)
[1030.937s][info][gc,heap        ] GC(2772) PSYoungGen: 299584K(315392K)->64K(316416K) Eden: 299520K(299520K)->0K(303104K) From: 64K(15872K)->64K(13312K)
[1030.937s][info][gc,heap        ] GC(2772) ParOldGen: 590132K(590336K)->590148K(590336K)
[1030.937s][info][gc,metaspace   ] GC(2772) Metaspace: 35792K(36480K)->35792K(36480K) NonClass: 26586K(27136K)->26586K(27136K) Class: 9205K(9344K)->9205K(9344K)
[1030.937s][info][gc             ] GC(2772) Pause Young (Allocation Failure) 868M->576M(885M) 1.622ms
[1030.937s][info][gc,cpu         ] GC(2772) User=0.00s Sys=0.00s Real=0.00s
[1031.110s][info][gc,start       ] GC(2773) Pause Young (Allocation Failure)
[1031.111s][info][gc,heap        ] GC(2773) PSYoungGen: 303168K(316416K)->64K(316928K) Eden: 303104K(303104K)->0K(303104K) From: 64K(13312K)->64K(13824K)
[1031.111s][info][gc,heap        ] GC(2773) ParOldGen: 590148K(590336K)->590148K(590336K)
[1031.111s][info][gc,metaspace   ] GC(2773) Metaspace: 35792K(36480K)->35792K(36480K) NonClass: 26586K(27136K)->26586K(27136K) Class: 9205K(9344K)->9205K(9344K)
[1031.111s][info][gc             ] GC(2773) Pause Young (Allocation Failure) 872M->576M(886M) 1.592ms
[1031.111s][info][gc,cpu         ] GC(2773) User=0.00s Sys=0.00s Real=0.00s
[1032.040s][info][gc,start       ] GC(2774) Pause Young (Allocation Failure)
[1032.042s][info][gc,heap        ] GC(2774) PSYoungGen: 303168K(316928K)->64K(317952K) Eden: 303104K(303104K)->0K(306688K) From: 64K(13824K)->64K(11264K)
[1032.042s][info][gc,heap        ] GC(2774) ParOldGen: 590148K(590336K)->590156K(590336K)
[1032.042s][info][gc,metaspace   ] GC(2774) Metaspace: 35792K(36480K)->35792K(36480K) NonClass: 26586K(27136K)->26586K(27136K) Class: 9205K(9344K)->9205K(9344K)
[1032.042s][info][gc             ] GC(2774) Pause Young (Allocation Failure) 872M->576M(887M) 1.797ms
[1032.042s][info][gc,cpu         ] GC(2774) User=0.00s Sys=0.00s Real=0.00s
[1032.871s][info][gc,start       ] GC(2775) Pause Young (Allocation Failure)
[1032.873s][info][gc,heap        ] GC(2775) PSYoungGen: 306752K(317952K)->64K(294912K) Eden: 306688K(306688K)->0K(294400K) From: 64K(11264K)->64K(512K)
[1032.873s][info][gc,heap        ] GC(2775) ParOldGen: 590156K(590336K)->590164K(590336K)
[1032.873s][info][gc,metaspace   ] GC(2775) Metaspace: 35792K(36480K)->35792K(36480K) NonClass: 26586K(27136K)->26586K(27136K) Class: 9205K(9344K)->9205K(9344K)
[1032.873s][info][gc             ] GC(2775) Pause Young (Allocation Failure) 875M->576M(864M) 1.810ms
[1032.873s][info][gc,cpu         ] GC(2775) User=0.00s Sys=0.00s Real=0.01s
[1033.250s][info][gc,start       ] GC(2776) Pause Young (Allocation Failure)
[1033.252s][info][gc,heap        ] GC(2776) PSYoungGen: 294464K(294912K)->64K(283136K) Eden: 294400K(294400K)->0K(282624K) From: 64K(512K)->64K(512K)
[1033.252s][info][gc,heap        ] GC(2776) ParOldGen: 590164K(590336K)->590172K(590336K)
[1033.252s][info][gc,metaspace   ] GC(2776) Metaspace: 35792K(36480K)->35792K(36480K) NonClass: 26586K(27136K)->26586K(27136K) Class: 9205K(9344K)->9205K(9344K)
[1033.252s][info][gc             ] GC(2776) Pause Young (Allocation Failure) 863M->576M(853M) 1.972ms
[1033.252s][info][gc,cpu         ] GC(2776) User=0.01s Sys=0.00s Real=0.01s
[1034.353s][info][gc,start       ] GC(2777) Pause Young (Allocation Failure)
[1034.355s][info][gc,heap        ] GC(2777) PSYoungGen: 282688K(283136K)->64K(282112K) Eden: 282624K(282624K)->0K(271360K) From: 64K(512K)->64K(10752K)
[1034.355s][info][gc,heap        ] GC(2777) ParOldGen: 590172K(590336K)->590180K(590336K)
[1034.355s][info][gc,metaspace   ] GC(2777) Metaspace: 35792K(36480K)->35792K(36480K) NonClass: 26586K(27136K)->26586K(27136K) Class: 9205K(9344K)->9205K(9344K)
[1034.355s][info][gc             ] GC(2777) Pause Young (Allocation Failure) 852M->576M(852M) 1.881ms
[1034.355s][info][gc,cpu         ] GC(2777) User=0.01s Sys=0.00s Real=0.00s
[1034.757s][info][gc,start       ] GC(2778) Pause Young (Allocation Failure)
[1034.759s][info][gc,heap        ] GC(2778) PSYoungGen: 271424K(282112K)->64K(261120K) Eden: 271360K(271360K)->0K(260608K) From: 64K(10752K)->64K(512K)
[1034.759s][info][gc,heap        ] GC(2778) ParOldGen: 590180K(590336K)->590188K(590336K)
[1034.759s][info][gc,metaspace   ] GC(2778) Metaspace: 35792K(36480K)->35792K(36480K) NonClass: 26586K(27136K)->26586K(27136K) Class: 9205K(9344K)->9205K(9344K)
[1034.759s][info][gc             ] GC(2778) Pause Young (Allocation Failure) 841M->576M(831M) 2.183ms
[1034.759s][info][gc,cpu         ] GC(2778) User=0.00s Sys=0.00s Real=0.00s
[1034.946s][info][gc,start       ] GC(2779) Pause Young (Allocation Failure)
[1034.948s][info][gc,heap        ] GC(2779) PSYoungGen: 260672K(261120K)->64K(259584K) Eden: 260608K(260608K)->0K(250368K) From: 64K(512K)->64K(9216K)
[1034.948s][info][gc,heap        ] GC(2779) ParOldGen: 590188K(590336K)->590196K(590336K)
[1034.948s][info][gc,metaspace   ] GC(2779) Metaspace: 35792K(36480K)->35792K(36480K) NonClass: 26586K(27136K)->26586K(27136K) Class: 9205K(9344K)->9205K(9344K)
[1034.948s][info][gc             ] GC(2779) Pause Young (Allocation Failure) 830M->576M(830M) 1.656ms
[1034.948s][info][gc,cpu         ] GC(2779) User=0.00s Sys=0.00s Real=0.00s
[1035.162s][info][gc,start       ] GC(2780) Pause Young (Allocation Failure)
[1035.165s][info][gc,heap        ] GC(2780) PSYoungGen: 250432K(259584K)->64K(241152K) Eden: 250368K(250368K)->0K(240640K) From: 64K(9216K)->64K(512K)
[1035.165s][info][gc,heap        ] GC(2780) ParOldGen: 590196K(590336K)->590204K(590336K)
[1035.165s][info][gc,metaspace   ] GC(2780) Metaspace: 35792K(36480K)->35792K(36480K) NonClass: 26586K(27136K)->26586K(27136K) Class: 9205K(9344K)->9205K(9344K)
[1035.165s][info][gc             ] GC(2780) Pause Young (Allocation Failure) 820M->576M(812M) 2.121ms
[1035.165s][info][gc,cpu         ] GC(2780) User=0.01s Sys=0.00s Real=0.00s
[1035.625s][info][gc,start       ] GC(2781) Pause Young (Allocation Failure)
[1035.626s][info][gc,heap        ] GC(2781) PSYoungGen: 240704K(241152K)->64K(239616K) Eden: 240640K(240640K)->0K(231424K) From: 64K(512K)->64K(8192K)
[1035.626s][info][gc,heap        ] GC(2781) ParOldGen: 590204K(590336K)->590212K(590336K)
[1035.626s][info][gc,metaspace   ] GC(2781) Metaspace: 35792K(36480K)->35792K(36480K) NonClass: 26586K(27136K)->26586K(27136K) Class: 9205K(9344K)->9205K(9344K)
[1035.626s][info][gc             ] GC(2781) Pause Young (Allocation Failure) 811M->576M(810M) 1.748ms
[1035.626s][info][gc,cpu         ] GC(2781) User=0.00s Sys=0.00s Real=0.00s
[1035.914s][info][gc,start       ] GC(2782) Pause Young (Allocation Failure)
[1035.916s][info][gc,heap        ] GC(2782) PSYoungGen: 231488K(239616K)->64K(223232K) Eden: 231424K(231424K)->0K(222720K) From: 64K(8192K)->64K(512K)
[1035.916s][info][gc,heap        ] GC(2782) ParOldGen: 590212K(590336K)->590220K(590336K)
[1035.916s][info][gc,metaspace   ] GC(2782) Metaspace: 35792K(36480K)->35792K(36480K) NonClass: 26586K(27136K)->26586K(27136K) Class: 9205K(9344K)->9205K(9344K)
[1035.916s][info][gc             ] GC(2782) Pause Young (Allocation Failure) 802M->576M(794M) 2.070ms
[1035.916s][info][gc,cpu         ] GC(2782) User=0.01s Sys=0.00s Real=0.00s
[1036.178s][info][gc,start       ] GC(2783) Pause Young (Allocation Failure)
[1036.229s][info][gc,heap        ] GC(2783) PSYoungGen: 222784K(223232K)->7168K(273920K) Eden: 222720K(222720K)->0K(266752K) From: 64K(512K)->7168K(7168K)
[1036.229s][info][gc,heap        ] GC(2783) ParOldGen: 590220K(590336K)->608260K(608768K)
[1036.229s][info][gc,metaspace   ] GC(2783) Metaspace: 35792K(36480K)->35792K(36480K) NonClass: 26586K(27136K)->26586K(27136K) Class: 9205K(9344K)->9205K(9344K)
[1036.229s][info][gc             ] GC(2783) Pause Young (Allocation Failure) 793M->601M(862M) 50.818ms
[1036.229s][info][gc,cpu         ] GC(2783) User=0.09s Sys=0.01s Real=0.05s
[1036.543s][info][gc,start       ] GC(2784) Pause Young (Allocation Failure)
[1036.611s][info][gc,heap        ] GC(2784) PSYoungGen: 273920K(273920K)->15360K(272896K) Eden: 266752K(266752K)->0K(257536K) From: 7168K(7168K)->15360K(15360K)
[1036.611s][info][gc,heap        ] GC(2784) ParOldGen: 608260K(608768K)->623564K(623616K)
[1036.611s][info][gc,metaspace   ] GC(2784) Metaspace: 35792K(36480K)->35792K(36480K) NonClass: 26586K(27136K)->26586K(27136K) Class: 9205K(9344K)->9205K(9344K)
[1036.611s][info][gc             ] GC(2784) Pause Young (Allocation Failure) 861M->623M(875M) 67.780ms
[1036.611s][info][gc,cpu         ] GC(2784) User=0.12s Sys=0.02s Real=0.06s
[1036.738s][info][gc,start       ] GC(2785) Pause Young (Allocation Failure)
[1036.754s][info][gc,heap        ] GC(2785) PSYoungGen: 272896K(272896K)->7296K(282112K) Eden: 257536K(257536K)->0K(257536K) From: 15360K(15360K)->7296K(24576K)
[1036.754s][info][gc,heap        ] GC(2785) ParOldGen: 623564K(623616K)->623972K(624128K)
[1036.754s][info][gc,metaspace   ] GC(2785) Metaspace: 35792K(36480K)->35792K(36480K) NonClass: 26586K(27136K)->26586K(27136K) Class: 9205K(9344K)->9205K(9344K)
[1036.754s][info][gc             ] GC(2785) Pause Young (Allocation Failure) 875M->616M(885M) 15.994ms
[1036.754s][info][gc,cpu         ] GC(2785) User=0.03s Sys=0.00s Real=0.02s
[1037.191s][info][gc,start       ] GC(2786) Pause Young (Allocation Failure)
[1037.193s][info][gc,heap        ] GC(2786) PSYoungGen: 264832K(282112K)->64K(306688K) Eden: 257536K(257536K)->0K(286208K) From: 7296K(24576K)->64K(20480K)
[1037.193s][info][gc,heap        ] GC(2786) ParOldGen: 623972K(624128K)->623980K(624128K)
[1037.193s][info][gc,metaspace   ] GC(2786) Metaspace: 35792K(36480K)->35792K(36480K) NonClass: 26586K(27136K)->26586K(27136K) Class: 9205K(9344K)->9205K(9344K)
[1037.193s][info][gc             ] GC(2786) Pause Young (Allocation Failure) 867M->609M(909M) 2.068ms
[1037.193s][info][gc,cpu         ] GC(2786) User=0.00s Sys=0.00s Real=0.01s
[1037.712s][info][gc,start       ] GC(2787) Pause Young (Allocation Failure)
[1037.713s][info][gc,heap        ] GC(2787) PSYoungGen: 286272K(306688K)->64K(308736K) Eden: 286208K(286208K)->0K(286208K) From: 64K(20480K)->64K(22528K)
[1037.713s][info][gc,heap        ] GC(2787) ParOldGen: 623980K(624128K)->623988K(624128K)
[1037.713s][info][gc,metaspace   ] GC(2787) Metaspace: 35792K(36480K)->35792K(36480K) NonClass: 26586K(27136K)->26586K(27136K) Class: 9205K(9344K)->9205K(9344K)
[1037.713s][info][gc             ] GC(2787) Pause Young (Allocation Failure) 888M->609M(911M) 1.872ms
[1037.714s][info][gc,cpu         ] GC(2787) User=0.00s Sys=0.00s Real=0.01s
[1038.180s][info][gc,start       ] GC(2788) Pause Young (Allocation Failure)
[1038.182s][info][gc,heap        ] GC(2788) PSYoungGen: 286272K(308736K)->64K(309248K) Eden: 286208K(286208K)->0K(289792K) From: 64K(22528K)->64K(19456K)
[1038.182s][info][gc,heap        ] GC(2788) ParOldGen: 623988K(624128K)->624004K(624128K)
[1038.182s][info][gc,metaspace   ] GC(2788) Metaspace: 35792K(36480K)->35792K(36480K) NonClass: 26586K(27136K)->26586K(27136K) Class: 9205K(9344K)->9205K(9344K)
[1038.182s][info][gc             ] GC(2788) Pause Young (Allocation Failure) 888M->609M(911M) 1.990ms
[1038.182s][info][gc,cpu         ] GC(2788) User=0.01s Sys=0.00s Real=0.00s
[1038.419s][info][gc,start       ] GC(2789) Pause Young (Allocation Failure)
[1038.421s][info][gc,heap        ] GC(2789) PSYoungGen: 289856K(309248K)->32K(310784K) Eden: 289792K(289792K)->0K(289792K) From: 64K(19456K)->32K(20992K)
[1038.421s][info][gc,heap        ] GC(2789) ParOldGen: 624004K(624128K)->624020K(624128K)
[1038.421s][info][gc,metaspace   ] GC(2789) Metaspace: 35792K(36480K)->35792K(36480K) NonClass: 26586K(27136K)->26586K(27136K) Class: 9205K(9344K)->9205K(9344K)
[1038.421s][info][gc             ] GC(2789) Pause Young (Allocation Failure) 892M->609M(913M) 1.786ms
[1038.421s][info][gc,cpu         ] GC(2789) User=0.01s Sys=0.00s Real=0.00s
[1038.771s][info][gc,start       ] GC(2790) Pause Young (Allocation Failure)
[1038.773s][info][gc,heap        ] GC(2790) PSYoungGen: 289824K(310784K)->64K(310272K) Eden: 289792K(289792K)->0K(292864K) From: 32K(20992K)->64K(17408K)
[1038.773s][info][gc,heap        ] GC(2790) ParOldGen: 624020K(624128K)->624020K(624128K)
[1038.773s][info][gc,metaspace   ] GC(2790) Metaspace: 35792K(36480K)->35792K(36480K) NonClass: 26586K(27136K)->26586K(27136K) Class: 9205K(9344K)->9205K(9344K)
[1038.773s][info][gc             ] GC(2790) Pause Young (Allocation Failure) 892M->609M(912M) 1.910ms
[1038.773s][info][gc,cpu         ] GC(2790) User=0.00s Sys=0.00s Real=0.01s
[1038.940s][info][gc,start       ] GC(2791) Pause Young (Allocation Failure)
[1038.941s][info][gc,heap        ] GC(2791) PSYoungGen: 292928K(310272K)->64K(311808K) Eden: 292864K(292864K)->0K(292864K) From: 64K(17408K)->64K(18944K)
[1038.941s][info][gc,heap        ] GC(2791) ParOldGen: 624020K(624128K)->624028K(624128K)
[1038.941s][info][gc,metaspace   ] GC(2791) Metaspace: 35792K(36480K)->35792K(36480K) NonClass: 26586K(27136K)->26586K(27136K) Class: 9205K(9344K)->9205K(9344K)
[1038.941s][info][gc             ] GC(2791) Pause Young (Allocation Failure) 895M->609M(914M) 1.807ms
[1038.941s][info][gc,cpu         ] GC(2791) User=0.00s Sys=0.00s Real=0.00s
[1038.992s][info][gc,start       ] GC(2792) Pause Young (Allocation Failure)
[1038.994s][info][gc,heap        ] GC(2792) PSYoungGen: 292928K(311808K)->64K(312320K) Eden: 292864K(292864K)->0K(296448K) From: 64K(18944K)->64K(15872K)
[1038.994s][info][gc,heap        ] GC(2792) ParOldGen: 624028K(624128K)->624044K(624128K)
[1038.994s][info][gc,metaspace   ] GC(2792) Metaspace: 35792K(36480K)->35792K(36480K) NonClass: 26586K(27136K)->26586K(27136K) Class: 9205K(9344K)->9205K(9344K)
[1038.994s][info][gc             ] GC(2792) Pause Young (Allocation Failure) 895M->609M(914M) 1.735ms
[1038.994s][info][gc,cpu         ] GC(2792) User=0.00s Sys=0.00s Real=0.00s
[1039.121s][info][gc,start       ] GC(2793) Pause Young (Allocation Failure)
[1039.123s][info][gc,heap        ] GC(2793) PSYoungGen: 296512K(312320K)->64K(313856K) Eden: 296448K(296448K)->0K(296448K) From: 64K(15872K)->64K(17408K)
[1039.123s][info][gc,heap        ] GC(2793) ParOldGen: 624044K(624128K)->624044K(624128K)
[1039.123s][info][gc,metaspace   ] GC(2793) Metaspace: 35792K(36480K)->35792K(36480K) NonClass: 26586K(27136K)->26586K(27136K) Class: 9205K(9344K)->9205K(9344K)
[1039.123s][info][gc             ] GC(2793) Pause Young (Allocation Failure) 898M->609M(916M) 1.698ms
[1039.123s][info][gc,cpu         ] GC(2793) User=0.00s Sys=0.00s Real=0.01s
[1039.405s][info][gc,start       ] GC(2794) Pause Young (Allocation Failure)
[1039.407s][info][gc,heap        ] GC(2794) PSYoungGen: 296512K(313856K)->64K(313856K) Eden: 296448K(296448K)->0K(300032K) From: 64K(17408K)->64K(13824K)
[1039.407s][info][gc,heap        ] GC(2794) ParOldGen: 624044K(624128K)->624052K(624128K)
[1039.407s][info][gc,metaspace   ] GC(2794) Metaspace: 35792K(36480K)->35792K(36480K) NonClass: 26586K(27136K)->26586K(27136K) Class: 9205K(9344K)->9205K(9344K)
[1039.407s][info][gc             ] GC(2794) Pause Young (Allocation Failure) 898M->609M(916M) 1.799ms
[1039.407s][info][gc,cpu         ] GC(2794) User=0.01s Sys=0.00s Real=0.00s
[1039.580s][info][gc,start       ] GC(2795) Pause Young (Allocation Failure)
[1039.582s][info][gc,heap        ] GC(2795) PSYoungGen: 300096K(313856K)->64K(315392K) Eden: 300032K(300032K)->0K(300032K) From: 64K(13824K)->64K(15360K)
[1039.582s][info][gc,heap        ] GC(2795) ParOldGen: 624052K(624128K)->624060K(624128K)
[1039.582s][info][gc,metaspace   ] GC(2795) Metaspace: 35792K(36480K)->35792K(36480K) NonClass: 26586K(27136K)->26586K(27136K) Class: 9205K(9344K)->9205K(9344K)
[1039.582s][info][gc             ] GC(2795) Pause Young (Allocation Failure) 902M->609M(917M) 1.817ms
[1039.582s][info][gc,cpu         ] GC(2795) User=0.00s Sys=0.00s Real=0.01s
[1039.662s][info][gc,start       ] GC(2796) Pause Young (Allocation Failure)
[1039.664s][info][gc,heap        ] GC(2796) PSYoungGen: 300096K(315392K)->64K(316928K) Eden: 300032K(300032K)->0K(304128K) From: 64K(15360K)->64K(12800K)
[1039.664s][info][gc,heap        ] GC(2796) ParOldGen: 624060K(624128K)->624076K(624128K)
[1039.664s][info][gc,metaspace   ] GC(2796) Metaspace: 35792K(36480K)->35792K(36480K) NonClass: 26586K(27136K)->26586K(27136K) Class: 9205K(9344K)->9205K(9344K)
[1039.664s][info][gc             ] GC(2796) Pause Young (Allocation Failure) 902M->609M(919M) 1.892ms
[1039.664s][info][gc,cpu         ] GC(2796) User=0.00s Sys=0.00s Real=0.00s
[1039.853s][info][gc,start       ] GC(2797) Pause Young (Allocation Failure)
[1039.854s][info][gc,heap        ] GC(2797) PSYoungGen: 304192K(316928K)->64K(317952K) Eden: 304128K(304128K)->0K(304128K) From: 64K(12800K)->64K(13824K)
[1039.855s][info][gc,heap        ] GC(2797) ParOldGen: 624076K(624128K)->624076K(624128K)
[1039.855s][info][gc,metaspace   ] GC(2797) Metaspace: 35792K(36480K)->35792K(36480K) NonClass: 26586K(27136K)->26586K(27136K) Class: 9205K(9344K)->9205K(9344K)
[1039.855s][info][gc             ] GC(2797) Pause Young (Allocation Failure) 906M->609M(920M) 1.837ms
[1039.855s][info][gc,cpu         ] GC(2797) User=0.00s Sys=0.01s Real=0.00s
[1040.768s][info][gc,start       ] GC(2798) Pause Young (Allocation Failure)
[1040.770s][info][gc,heap        ] GC(2798) PSYoungGen: 304192K(317952K)->64K(318976K) Eden: 304128K(304128K)->0K(307200K) From: 64K(13824K)->64K(11776K)
[1040.770s][info][gc,heap        ] GC(2798) ParOldGen: 624076K(624128K)->624084K(624128K)
[1040.770s][info][gc,metaspace   ] GC(2798) Metaspace: 35792K(36480K)->35792K(36480K) NonClass: 26586K(27136K)->26586K(27136K) Class: 9205K(9344K)->9205K(9344K)
[1040.770s][info][gc             ] GC(2798) Pause Young (Allocation Failure) 906M->609M(921M) 1.842ms
[1040.770s][info][gc,cpu         ] GC(2798) User=0.01s Sys=0.00s Real=0.00s
[1041.618s][info][gc,start       ] GC(2799) Pause Young (Allocation Failure)
[1041.620s][info][gc,heap        ] GC(2799) PSYoungGen: 307264K(318976K)->64K(295424K) Eden: 307200K(307200K)->0K(294912K) From: 64K(11776K)->64K(512K)
[1041.620s][info][gc,heap        ] GC(2799) ParOldGen: 624084K(624128K)->624092K(624128K)
[1041.620s][info][gc,metaspace   ] GC(2799) Metaspace: 35792K(36480K)->35792K(36480K) NonClass: 26586K(27136K)->26586K(27136K) Class: 9205K(9344K)->9205K(9344K)
[1041.620s][info][gc             ] GC(2799) Pause Young (Allocation Failure) 909M->609M(898M) 1.922ms
[1041.620s][info][gc,cpu         ] GC(2799) User=0.00s Sys=0.00s Real=0.00s
[1042.039s][info][gc,start       ] GC(2800) Pause Young (Allocation Failure)
[1042.041s][info][gc,heap        ] GC(2800) PSYoungGen: 294976K(295424K)->64K(283648K) Eden: 294912K(294912K)->0K(283136K) From: 64K(512K)->64K(512K)
[1042.041s][info][gc,heap        ] GC(2800) ParOldGen: 624092K(624128K)->624100K(624128K)
[1042.041s][info][gc,metaspace   ] GC(2800) Metaspace: 35792K(36480K)->35792K(36480K) NonClass: 26586K(27136K)->26586K(27136K) Class: 9205K(9344K)->9205K(9344K)
[1042.041s][info][gc             ] GC(2800) Pause Young (Allocation Failure) 897M->609M(886M) 1.951ms
[1042.041s][info][gc,cpu         ] GC(2800) User=0.00s Sys=0.00s Real=0.00s
[1043.077s][info][gc,start       ] GC(2801) Pause Young (Allocation Failure)
[1043.079s][info][gc,heap        ] GC(2801) PSYoungGen: 283200K(283648K)->64K(282624K) Eden: 283136K(283136K)->0K(271872K) From: 64K(512K)->64K(10752K)
[1043.079s][info][gc,heap        ] GC(2801) ParOldGen: 624100K(624128K)->624108K(624128K)
[1043.079s][info][gc,metaspace   ] GC(2801) Metaspace: 35792K(36480K)->35792K(36480K) NonClass: 26586K(27136K)->26586K(27136K) Class: 9205K(9344K)->9205K(9344K)
[1043.079s][info][gc             ] GC(2801) Pause Young (Allocation Failure) 886M->609M(885M) 1.836ms
[1043.079s][info][gc,cpu         ] GC(2801) User=0.01s Sys=0.00s Real=0.00s
[1043.479s][info][gc,start       ] GC(2802) Pause Young (Allocation Failure)
[1043.482s][info][gc,heap        ] GC(2802) PSYoungGen: 271936K(282624K)->64K(261632K) Eden: 271872K(271872K)->0K(261120K) From: 64K(10752K)->64K(512K)
[1043.482s][info][gc,heap        ] GC(2802) ParOldGen: 624108K(624128K)->624116K(624128K)
[1043.482s][info][gc,metaspace   ] GC(2802) Metaspace: 35792K(36480K)->35792K(36480K) NonClass: 26586K(27136K)->26586K(27136K) Class: 9205K(9344K)->9205K(9344K)
[1043.482s][info][gc             ] GC(2802) Pause Young (Allocation Failure) 875M->609M(865M) 2.876ms
[1043.482s][info][gc,cpu         ] GC(2802) User=0.01s Sys=0.00s Real=0.01s
[1043.638s][info][gc,start       ] GC(2803) Pause Young (Allocation Failure)
[1043.642s][info][gc,heap        ] GC(2803) PSYoungGen: 261184K(261632K)->32K(291328K) Eden: 261120K(261120K)->0K(282112K) From: 64K(512K)->32K(9216K)
[1043.642s][info][gc,heap        ] GC(2803) ParOldGen: 624116K(624128K)->624124K(624128K)
[1043.642s][info][gc,metaspace   ] GC(2803) Metaspace: 35792K(36480K)->35792K(36480K) NonClass: 26586K(27136K)->26586K(27136K) Class: 9205K(9344K)->9205K(9344K)
[1043.642s][info][gc             ] GC(2803) Pause Young (Allocation Failure) 864M->609M(894M) 3.395ms
[1043.642s][info][gc,cpu         ] GC(2803) User=0.00s Sys=0.00s Real=0.01s
[1044.030s][info][gc,start       ] GC(2804) Pause Young (Allocation Failure)
[1044.033s][info][gc,heap        ] GC(2804) PSYoungGen: 282144K(291328K)->32K(271360K) Eden: 282112K(282112K)->0K(270848K) From: 32K(9216K)->32K(512K)
[1044.033s][info][gc,heap        ] GC(2804) ParOldGen: 624124K(624128K)->624132K(624640K)
[1044.033s][info][gc,metaspace   ] GC(2804) Metaspace: 35792K(36480K)->35792K(36480K) NonClass: 26586K(27136K)->26586K(27136K) Class: 9205K(9344K)->9205K(9344K)
[1044.033s][info][gc             ] GC(2804) Pause Young (Allocation Failure) 885M->609M(875M) 3.167ms
[1044.033s][info][gc,cpu         ] GC(2804) User=0.00s Sys=0.00s Real=0.01s
[1044.397s][info][gc,start       ] GC(2805) Pause Young (Allocation Failure)
[1044.399s][info][gc,heap        ] GC(2805) PSYoungGen: 270880K(271360K)->64K(268288K) Eden: 270848K(270848K)->0K(260096K) From: 32K(512K)->64K(8192K)
[1044.399s][info][gc,heap        ] GC(2805) ParOldGen: 624132K(624640K)->624140K(624640K)
[1044.399s][info][gc,metaspace   ] GC(2805) Metaspace: 35792K(36480K)->35792K(36480K) NonClass: 26586K(27136K)->26586K(27136K) Class: 9205K(9344K)->9205K(9344K)
[1044.399s][info][gc             ] GC(2805) Pause Young (Allocation Failure) 874M->609M(872M) 2.430ms
[1044.400s][info][gc,cpu         ] GC(2805) User=0.00s Sys=0.00s Real=0.00s
[1044.755s][info][gc,start       ] GC(2806) Pause Young (Allocation Failure)
[1044.787s][info][gc,heap        ] GC(2806) PSYoungGen: 260160K(268288K)->7680K(306688K) Eden: 260096K(260096K)->0K(299008K) From: 64K(8192K)->7680K(7680K)
[1044.787s][info][gc,heap        ] GC(2806) ParOldGen: 624140K(624640K)->631340K(631808K)
[1044.787s][info][gc,metaspace   ] GC(2806) Metaspace: 35792K(36480K)->35792K(36480K) NonClass: 26586K(27136K)->26586K(27136K) Class: 9205K(9344K)->9205K(9344K)
[1044.787s][info][gc             ] GC(2806) Pause Young (Allocation Failure) 863M->624M(916M) 32.721ms
[1044.787s][info][gc,cpu         ] GC(2806) User=0.06s Sys=0.01s Real=0.03s
[1045.154s][info][gc,start       ] GC(2807) Pause Young (Allocation Failure)
[1045.227s][info][gc,heap        ] GC(2807) PSYoungGen: 306688K(306688K)->12288K(311296K) Eden: 299008K(299008K)->0K(299008K) From: 7680K(7680K)->12288K(12288K)
[1045.227s][info][gc,heap        ] GC(2807) ParOldGen: 631340K(631808K)->653076K(653312K)
[1045.227s][info][gc,metaspace   ] GC(2807) Metaspace: 35792K(36480K)->35792K(36480K) NonClass: 26586K(27136K)->26586K(27136K) Class: 9205K(9344K)->9205K(9344K)
[1045.227s][info][gc             ] GC(2807) Pause Young (Allocation Failure) 916M->649M(942M) 72.966ms
[1045.227s][info][gc,cpu         ] GC(2807) User=0.12s Sys=0.02s Real=0.07s
[1045.419s][info][gc,start       ] GC(2808) Pause Young (Allocation Failure)
[1045.449s][info][gc,heap        ] GC(2808) PSYoungGen: 311296K(311296K)->13952K(308224K) Eden: 299008K(299008K)->0K(285696K) From: 12288K(12288K)->13952K(22528K)
[1045.449s][info][gc,heap        ] GC(2808) ParOldGen: 653076K(653312K)->653668K(653824K)
[1045.449s][info][gc,metaspace   ] GC(2808) Metaspace: 35792K(36480K)->35792K(36480K) NonClass: 26586K(27136K)->26586K(27136K) Class: 9205K(9344K)->9205K(9344K)
[1045.449s][info][gc             ] GC(2808) Pause Young (Allocation Failure) 941M->651M(939M) 30.363ms
[1045.449s][info][gc,cpu         ] GC(2808) User=0.05s Sys=0.01s Real=0.03s
[1045.916s][info][gc,start       ] GC(2809) Pause Young (Allocation Failure)
[1045.918s][info][gc,heap        ] GC(2809) PSYoungGen: 299648K(308224K)->64K(309760K) Eden: 285696K(285696K)->0K(285696K) From: 13952K(22528K)->64K(24064K)
[1045.918s][info][gc,heap        ] GC(2809) ParOldGen: 653668K(653824K)->653676K(653824K)
[1045.918s][info][gc,metaspace   ] GC(2809) Metaspace: 35792K(36480K)->35792K(36480K) NonClass: 26586K(27136K)->26586K(27136K) Class: 9205K(9344K)->9205K(9344K)
[1045.918s][info][gc             ] GC(2809) Pause Young (Allocation Failure) 930M->638M(941M) 2.062ms
[1045.918s][info][gc,cpu         ] GC(2809) User=0.00s Sys=0.00s Real=0.00s
[1046.418s][info][gc,start       ] GC(2810) Pause Young (Allocation Failure)
[1046.420s][info][gc,heap        ] GC(2810) PSYoungGen: 285760K(309760K)->64K(307200K) Eden: 285696K(285696K)->0K(286208K) From: 64K(24064K)->64K(20992K)
[1046.420s][info][gc,heap        ] GC(2810) ParOldGen: 653676K(653824K)->653684K(653824K)
[1046.420s][info][gc,metaspace   ] GC(2810) Metaspace: 35792K(36480K)->35792K(36480K) NonClass: 26586K(27136K)->26586K(27136K) Class: 9205K(9344K)->9205K(9344K)
[1046.420s][info][gc             ] GC(2810) Pause Young (Allocation Failure) 917M->638M(938M) 2.118ms
[1046.420s][info][gc,cpu         ] GC(2810) User=0.00s Sys=0.00s Real=0.00s
[1046.885s][info][gc,start       ] GC(2811) Pause Young (Allocation Failure)
[1046.887s][info][gc,heap        ] GC(2811) PSYoungGen: 286272K(307200K)->64K(308736K) Eden: 286208K(286208K)->0K(286208K) From: 64K(20992K)->64K(22528K)
[1046.887s][info][gc,heap        ] GC(2811) ParOldGen: 653684K(653824K)->653700K(653824K)
[1046.887s][info][gc,metaspace   ] GC(2811) Metaspace: 35792K(36480K)->35792K(36480K) NonClass: 26586K(27136K)->26586K(27136K) Class: 9205K(9344K)->9205K(9344K)
[1046.887s][info][gc             ] GC(2811) Pause Young (Allocation Failure) 917M->638M(940M) 1.995ms
[1046.887s][info][gc,cpu         ] GC(2811) User=0.00s Sys=0.00s Real=0.00s
[1047.121s][info][gc,start       ] GC(2812) Pause Young (Allocation Failure)
[1047.122s][info][gc,heap        ] GC(2812) PSYoungGen: 286272K(308736K)->64K(308736K) Eden: 286208K(286208K)->0K(289280K) From: 64K(22528K)->64K(19456K)
[1047.122s][info][gc,heap        ] GC(2812) ParOldGen: 653700K(653824K)->653716K(653824K)
[1047.122s][info][gc,metaspace   ] GC(2812) Metaspace: 35792K(36480K)->35792K(36480K) NonClass: 26586K(27136K)->26586K(27136K) Class: 9205K(9344K)->9205K(9344K)
[1047.122s][info][gc             ] GC(2812) Pause Young (Allocation Failure) 917M->638M(940M) 1.868ms
[1047.122s][info][gc,cpu         ] GC(2812) User=0.01s Sys=0.00s Real=0.01s
[1047.469s][info][gc,start       ] GC(2813) Pause Young (Allocation Failure)
[1047.471s][info][gc,heap        ] GC(2813) PSYoungGen: 289344K(308736K)->64K(310272K) Eden: 289280K(289280K)->0K(289280K) From: 64K(19456K)->64K(20992K)
[1047.471s][info][gc,heap        ] GC(2813) ParOldGen: 653716K(653824K)->653716K(653824K)
[1047.471s][info][gc,metaspace   ] GC(2813) Metaspace: 35792K(36480K)->35792K(36480K) NonClass: 26586K(27136K)->26586K(27136K) Class: 9205K(9344K)->9205K(9344K)
[1047.471s][info][gc             ] GC(2813) Pause Young (Allocation Failure) 920M->638M(941M) 1.826ms
[1047.471s][info][gc,cpu         ] GC(2813) User=0.00s Sys=0.00s Real=0.00s
[1047.632s][info][gc,start       ] GC(2814) Pause Young (Allocation Failure)
[1047.634s][info][gc,heap        ] GC(2814) PSYoungGen: 289344K(310272K)->64K(310272K) Eden: 289280K(289280K)->0K(292864K) From: 64K(20992K)->64K(17408K)
[1047.634s][info][gc,heap        ] GC(2814) ParOldGen: 653716K(653824K)->653724K(653824K)
[1047.634s][info][gc,metaspace   ] GC(2814) Metaspace: 35792K(36480K)->35792K(36480K) NonClass: 26586K(27136K)->26586K(27136K) Class: 9205K(9344K)->9205K(9344K)
[1047.634s][info][gc             ] GC(2814) Pause Young (Allocation Failure) 920M->638M(941M) 1.863ms
[1047.634s][info][gc,cpu         ] GC(2814) User=0.01s Sys=0.00s Real=0.01s
[1047.683s][info][gc,start       ] GC(2815) Pause Young (Allocation Failure)
[1047.685s][info][gc,heap        ] GC(2815) PSYoungGen: 292928K(310272K)->64K(311808K) Eden: 292864K(292864K)->0K(292864K) From: 64K(17408K)->64K(18944K)
[1047.685s][info][gc,heap        ] GC(2815) ParOldGen: 653724K(653824K)->653740K(653824K)
[1047.685s][info][gc,metaspace   ] GC(2815) Metaspace: 35792K(36480K)->35792K(36480K) NonClass: 26586K(27136K)->26586K(27136K) Class: 9205K(9344K)->9205K(9344K)
[1047.685s][info][gc             ] GC(2815) Pause Young (Allocation Failure) 924M->638M(943M) 1.734ms
[1047.685s][info][gc,cpu         ] GC(2815) User=0.00s Sys=0.00s Real=0.00s
[1047.812s][info][gc,start       ] GC(2816) Pause Young (Allocation Failure)
[1047.814s][info][gc,heap        ] GC(2816) PSYoungGen: 292928K(311808K)->64K(312320K) Eden: 292864K(292864K)->0K(296960K) From: 64K(18944K)->64K(15360K)
[1047.814s][info][gc,heap        ] GC(2816) ParOldGen: 653740K(653824K)->653740K(653824K)
[1047.814s][info][gc,metaspace   ] GC(2816) Metaspace: 35792K(36480K)->35792K(36480K) NonClass: 26586K(27136K)->26586K(27136K) Class: 9205K(9344K)->9205K(9344K)
[1047.814s][info][gc             ] GC(2816) Pause Young (Allocation Failure) 924M->638M(943M) 1.732ms
[1047.814s][info][gc,cpu         ] GC(2816) User=0.00s Sys=0.00s Real=0.00s
[1048.095s][info][gc,start       ] GC(2817) Pause Young (Allocation Failure)
[1048.097s][info][gc,heap        ] GC(2817) PSYoungGen: 297024K(312320K)->64K(313856K) Eden: 296960K(296960K)->0K(296960K) From: 64K(15360K)->64K(16896K)
[1048.097s][info][gc,heap        ] GC(2817) ParOldGen: 653740K(653824K)->653756K(653824K)
[1048.097s][info][gc,metaspace   ] GC(2817) Metaspace: 35792K(36480K)->35792K(36480K) NonClass: 26586K(27136K)->26586K(27136K) Class: 9205K(9344K)->9205K(9344K)
[1048.097s][info][gc             ] GC(2817) Pause Young (Allocation Failure) 928M->638M(945M) 1.858ms
[1048.097s][info][gc,cpu         ] GC(2817) User=0.00s Sys=0.01s Real=0.00s
[1048.269s][info][gc,start       ] GC(2818) Pause Young (Allocation Failure)
[1048.271s][info][gc,heap        ] GC(2818) PSYoungGen: 297024K(313856K)->64K(315392K) Eden: 296960K(296960K)->0K(301056K) From: 64K(16896K)->64K(14336K)
[1048.271s][info][gc,heap        ] GC(2818) ParOldGen: 653756K(653824K)->653756K(653824K)
[1048.271s][info][gc,metaspace   ] GC(2818) Metaspace: 35792K(36480K)->35792K(36480K) NonClass: 26586K(27136K)->26586K(27136K) Class: 9205K(9344K)->9205K(9344K)
[1048.271s][info][gc             ] GC(2818) Pause Young (Allocation Failure) 928M->638M(946M) 1.795ms
[1048.271s][info][gc,cpu         ] GC(2818) User=0.00s Sys=0.00s Real=0.00s
[1048.352s][info][gc,start       ] GC(2819) Pause Young (Allocation Failure)
[1048.353s][info][gc,heap        ] GC(2819) PSYoungGen: 301120K(315392K)->64K(316416K) Eden: 301056K(301056K)->0K(301056K) From: 64K(14336K)->64K(15360K)
[1048.353s][info][gc,heap        ] GC(2819) ParOldGen: 653756K(653824K)->653772K(653824K)
[1048.353s][info][gc,metaspace   ] GC(2819) Metaspace: 35792K(36480K)->35792K(36480K) NonClass: 26586K(27136K)->26586K(27136K) Class: 9205K(9344K)->9205K(9344K)
[1048.353s][info][gc             ] GC(2819) Pause Young (Allocation Failure) 932M->638M(947M) 1.830ms
[1048.353s][info][gc,cpu         ] GC(2819) User=0.01s Sys=0.00s Real=0.01s
[1048.536s][info][gc,start       ] GC(2820) Pause Young (Allocation Failure)
[1048.538s][info][gc,heap        ] GC(2820) PSYoungGen: 301120K(316416K)->64K(316416K) Eden: 301056K(301056K)->0K(304128K) From: 64K(15360K)->64K(12288K)
[1048.538s][info][gc,heap        ] GC(2820) ParOldGen: 653772K(653824K)->653772K(653824K)
[1048.538s][info][gc,metaspace   ] GC(2820) Metaspace: 35792K(36480K)->35792K(36480K) NonClass: 26586K(27136K)->26586K(27136K) Class: 9205K(9344K)->9205K(9344K)
[1048.538s][info][gc             ] GC(2820) Pause Young (Allocation Failure) 932M->638M(947M) 1.867ms
[1048.538s][info][gc,cpu         ] GC(2820) User=0.00s Sys=0.00s Real=0.00s
[1049.456s][info][gc,start       ] GC(2821) Pause Young (Allocation Failure)
[1049.458s][info][gc,heap        ] GC(2821) PSYoungGen: 304192K(316416K)->64K(317440K) Eden: 304128K(304128K)->0K(304128K) From: 64K(12288K)->64K(13312K)
[1049.458s][info][gc,heap        ] GC(2821) ParOldGen: 653772K(653824K)->653780K(653824K)
[1049.458s][info][gc,metaspace   ] GC(2821) Metaspace: 35792K(36480K)->35792K(36480K) NonClass: 26586K(27136K)->26586K(27136K) Class: 9205K(9344K)->9205K(9344K)
[1049.458s][info][gc             ] GC(2821) Pause Young (Allocation Failure) 935M->638M(948M) 1.992ms
[1049.458s][info][gc,cpu         ] GC(2821) User=0.00s Sys=0.00s Real=0.00s
[1050.297s][info][gc,start       ] GC(2822) Pause Young (Allocation Failure)
[1050.299s][info][gc,heap        ] GC(2822) PSYoungGen: 304192K(317440K)->64K(292352K) Eden: 304128K(304128K)->0K(291840K) From: 64K(13312K)->64K(512K)
[1050.299s][info][gc,heap        ] GC(2822) ParOldGen: 653780K(653824K)->653788K(653824K)
[1050.299s][info][gc,metaspace   ] GC(2822) Metaspace: 35792K(36480K)->35792K(36480K) NonClass: 26586K(27136K)->26586K(27136K) Class: 9205K(9344K)->9205K(9344K)
[1050.299s][info][gc             ] GC(2822) Pause Young (Allocation Failure) 935M->638M(924M) 2.198ms
[1050.299s][info][gc,cpu         ] GC(2822) User=0.00s Sys=0.00s Real=0.00s
[1050.706s][info][gc,start       ] GC(2823) Pause Young (Allocation Failure)
[1050.707s][info][gc,heap        ] GC(2823) PSYoungGen: 291904K(292352K)->64K(291840K) Eden: 291840K(291840K)->0K(280064K) From: 64K(512K)->64K(11776K)
[1050.707s][info][gc,heap        ] GC(2823) ParOldGen: 653788K(653824K)->653796K(653824K)
[1050.708s][info][gc,metaspace   ] GC(2823) Metaspace: 35792K(36480K)->35792K(36480K) NonClass: 26586K(27136K)->26586K(27136K) Class: 9205K(9344K)->9205K(9344K)
[1050.708s][info][gc             ] GC(2823) Pause Young (Allocation Failure) 923M->638M(923M) 1.903ms
[1050.708s][info][gc,cpu         ] GC(2823) User=0.01s Sys=0.00s Real=0.00s
[1051.748s][info][gc,start       ] GC(2824) Pause Young (Allocation Failure)
[1051.750s][info][gc,heap        ] GC(2824) PSYoungGen: 280128K(291840K)->64K(269824K) Eden: 280064K(280064K)->0K(269312K) From: 64K(11776K)->64K(512K)
[1051.750s][info][gc,heap        ] GC(2824) ParOldGen: 653796K(653824K)->653804K(653824K)
[1051.750s][info][gc,metaspace   ] GC(2824) Metaspace: 35792K(36480K)->35792K(36480K) NonClass: 26586K(27136K)->26586K(27136K) Class: 9205K(9344K)->9205K(9344K)
[1051.750s][info][gc             ] GC(2824) Pause Young (Allocation Failure) 912M->638M(902M) 2.546ms
[1051.750s][info][gc,cpu         ] GC(2824) User=0.01s Sys=0.00s Real=0.00s
[1052.151s][info][gc,start       ] GC(2825) Pause Young (Allocation Failure)
[1052.154s][info][gc,heap        ] GC(2825) PSYoungGen: 269376K(269824K)->32K(269312K) Eden: 269312K(269312K)->0K(259072K) From: 64K(512K)->32K(10240K)
[1052.154s][info][gc,heap        ] GC(2825) ParOldGen: 653804K(653824K)->653812K(653824K)
[1052.154s][info][gc,metaspace   ] GC(2825) Metaspace: 35792K(36480K)->35792K(36480K) NonClass: 26586K(27136K)->26586K(27136K) Class: 9205K(9344K)->9205K(9344K)
[1052.154s][info][gc             ] GC(2825) Pause Young (Allocation Failure) 901M->638M(901M) 3.368ms
[1052.154s][info][gc,cpu         ] GC(2825) User=0.00s Sys=0.00s Real=0.01s
[1052.321s][info][gc,start       ] GC(2826) Pause Young (Allocation Failure)
[1052.324s][info][gc,heap        ] GC(2826) PSYoungGen: 259104K(269312K)->32K(302080K) Eden: 259072K(259072K)->0K(292352K) From: 32K(10240K)->32K(9728K)
[1052.324s][info][gc,heap        ] GC(2826) ParOldGen: 653812K(653824K)->653820K(653824K)
[1052.324s][info][gc,metaspace   ] GC(2826) Metaspace: 35792K(36480K)->35792K(36480K) NonClass: 26586K(27136K)->26586K(27136K) Class: 9205K(9344K)->9205K(9344K)
[1052.324s][info][gc             ] GC(2826) Pause Young (Allocation Failure) 891M->638M(933M) 3.387ms
[1052.324s][info][gc,cpu         ] GC(2826) User=0.01s Sys=0.00s Real=0.01s
[1052.695s][info][gc,start       ] GC(2827) Pause Young (Allocation Failure)
[1052.697s][info][gc,heap        ] GC(2827) PSYoungGen: 292384K(302080K)->64K(281088K) Eden: 292352K(292352K)->0K(280576K) From: 32K(9728K)->64K(512K)
[1052.697s][info][gc,heap        ] GC(2827) ParOldGen: 653820K(653824K)->653836K(654336K)
[1052.697s][info][gc,metaspace   ] GC(2827) Metaspace: 35792K(36480K)->35792K(36480K) NonClass: 26586K(27136K)->26586K(27136K) Class: 9205K(9344K)->9205K(9344K)
[1052.697s][info][gc             ] GC(2827) Pause Young (Allocation Failure) 924M->638M(913M) 2.882ms
[1052.697s][info][gc,cpu         ] GC(2827) User=0.00s Sys=0.00s Real=0.00s
[1053.087s][info][gc,start       ] GC(2828) Pause Young (Allocation Failure)
[1053.090s][info][gc,heap        ] GC(2828) PSYoungGen: 280640K(281088K)->64K(270336K) Eden: 280576K(280576K)->0K(269824K) From: 64K(512K)->64K(512K)
[1053.090s][info][gc,heap        ] GC(2828) ParOldGen: 653836K(654336K)->653844K(654336K)
[1053.090s][info][gc,metaspace   ] GC(2828) Metaspace: 35792K(36480K)->35792K(36480K) NonClass: 26586K(27136K)->26586K(27136K) Class: 9205K(9344K)->9205K(9344K)
[1053.090s][info][gc             ] GC(2828) Pause Young (Allocation Failure) 912M->638M(903M) 3.326ms
[1053.090s][info][gc,cpu         ] GC(2828) User=0.00s Sys=0.00s Real=0.00s
[1053.456s][info][gc,start       ] GC(2829) Pause Young (Allocation Failure)
[1053.489s][info][gc,heap        ] GC(2829) PSYoungGen: 269888K(270336K)->7680K(286208K) Eden: 269824K(269824K)->0K(278528K) From: 64K(512K)->7680K(7680K)
[1053.489s][info][gc,heap        ] GC(2829) ParOldGen: 653844K(654336K)->662188K(662528K)
[1053.489s][info][gc,metaspace   ] GC(2829) Metaspace: 35792K(36480K)->35792K(36480K) NonClass: 26586K(27136K)->26586K(27136K) Class: 9205K(9344K)->9205K(9344K)
[1053.489s][info][gc             ] GC(2829) Pause Young (Allocation Failure) 902M->654M(926M) 33.115ms
[1053.489s][info][gc,cpu         ] GC(2829) User=0.06s Sys=0.01s Real=0.03s
[1053.820s][info][gc,start       ] GC(2830) Pause Full (Allocation Failure)
[1053.820s][info][gc,phases,start] GC(2830) Marking Phase
[1053.912s][info][gc,phases      ] GC(2830) Marking Phase 92.360ms
[1053.912s][info][gc,phases,start] GC(2830) Summary Phase
[1053.912s][info][gc,phases      ] GC(2830) Summary Phase 0.034ms
[1053.912s][info][gc,phases,start] GC(2830) Forward
[1053.939s][info][gc,phases      ] GC(2830) Forward 26.171ms
[1053.939s][info][gc,phases,start] GC(2830) Adjust Pointers
[1053.984s][info][gc,phases      ] GC(2830) Adjust Pointers 45.902ms
[1053.985s][info][gc,phases,start] GC(2830) Compaction Phase
[1054.015s][info][gc,phases      ] GC(2830) Compaction Phase 29.985ms
[1054.015s][info][gc,phases,start] GC(2830) Post Compact
[1054.017s][info][metaspace      ] ChkMgr @0x00007f507003f1d0 (non-class-space): : reclaiming memory...
[1054.017s][info][metaspace      ] ChkMgr @0x00007f507003f1d0 (non-class-space): nothing reclaimed.
[1054.017s][info][metaspace      ] ChkMgr @0x00007f507003efe0 (class-space): : reclaiming memory...
[1054.017s][info][metaspace      ] ChkMgr @0x00007f507003efe0 (class-space): nothing reclaimed.
[1054.017s][info][gc,phases      ] GC(2830) Post Compact 2.867ms
[1054.055s][info][gc,heap        ] GC(2830) PSYoungGen: 286208K(286208K)->0K(321024K) Eden: 278528K(278528K)->0K(308224K) From: 7680K(7680K)->0K(12800K)
[1054.055s][info][gc,heap        ] GC(2830) ParOldGen: 662188K(662528K)->87150K(175104K)
[1054.055s][info][gc,metaspace   ] GC(2830) Metaspace: 35792K(36480K)->35662K(36480K) NonClass: 26586K(27136K)->26457K(27136K) Class: 9205K(9344K)->9204K(9344K)
[1054.055s][info][gc             ] GC(2830) Pause Full (Allocation Failure) 926M->85M(484M) 235.454ms
[1054.055s][info][gc,cpu         ] GC(2830) User=0.35s Sys=0.03s Real=0.24s
[1054.269s][info][gc,start       ] GC(2831) Pause Young (Allocation Failure)
[1054.305s][info][gc,heap        ] GC(2831) PSYoungGen: 308224K(321024K)->12800K(321024K) Eden: 308224K(308224K)->0K(308224K) From: 0K(12800K)->12800K(12800K)
[1054.305s][info][gc,heap        ] GC(2831) ParOldGen: 87150K(175104K)->89454K(175104K)
[1054.305s][info][gc,metaspace   ] GC(2831) Metaspace: 35662K(36480K)->35662K(36480K) NonClass: 26457K(27136K)->26457K(27136K) Class: 9204K(9344K)->9204K(9344K)
[1054.305s][info][gc             ] GC(2831) Pause Young (Allocation Failure) 386M->99M(484M) 36.031ms
[1054.305s][info][gc,cpu         ] GC(2831) User=0.06s Sys=0.02s Real=0.04s
[1054.825s][info][gc,start       ] GC(2832) Pause Young (Allocation Failure)
[1054.826s][info][gc,heap        ] GC(2832) PSYoungGen: 321024K(321024K)->64K(314880K) Eden: 308224K(308224K)->0K(302080K) From: 12800K(12800K)->64K(12800K)
[1054.826s][info][gc,heap        ] GC(2832) ParOldGen: 89454K(175104K)->89526K(175104K)
[1054.826s][info][gc,metaspace   ] GC(2832) Metaspace: 35662K(36480K)->35662K(36480K) NonClass: 26457K(27136K)->26457K(27136K) Class: 9204K(9344K)->9204K(9344K)
[1054.826s][info][gc             ] GC(2832) Pause Young (Allocation Failure) 400M->87M(478M) 1.446ms
[1054.826s][info][gc,cpu         ] GC(2832) User=0.00s Sys=0.00s Real=0.00s
[1055.306s][info][gc,start       ] GC(2833) Pause Young (Allocation Failure)
[1055.306s][info][gc,heap        ] GC(2833) PSYoungGen: 302144K(314880K)->64K(317952K) Eden: 302080K(302080K)->0K(302080K) From: 64K(12800K)->64K(15872K)
[1055.306s][info][gc,heap        ] GC(2833) ParOldGen: 89526K(175104K)->89534K(175104K)
[1055.306s][info][gc,metaspace   ] GC(2833) Metaspace: 35662K(36480K)->35662K(36480K) NonClass: 26457K(27136K)->26457K(27136K) Class: 9204K(9344K)->9204K(9344K)
[1055.306s][info][gc             ] GC(2833) Pause Young (Allocation Failure) 382M->87M(481M) 0.666ms
[1055.306s][info][gc,cpu         ] GC(2833) User=0.00s Sys=0.00s Real=0.00s
[1055.783s][info][gc,start       ] GC(2834) Pause Young (Allocation Failure)
[1055.783s][info][gc,heap        ] GC(2834) PSYoungGen: 302144K(317952K)->64K(315904K) Eden: 302080K(302080K)->0K(303104K) From: 64K(15872K)->64K(12800K)
[1055.783s][info][gc,heap        ] GC(2834) ParOldGen: 89534K(175104K)->89550K(175104K)
[1055.783s][info][gc,metaspace   ] GC(2834) Metaspace: 35662K(36480K)->35662K(36480K) NonClass: 26457K(27136K)->26457K(27136K) Class: 9204K(9344K)->9204K(9344K)
[1055.783s][info][gc             ] GC(2834) Pause Young (Allocation Failure) 382M->87M(479M) 0.726ms
[1055.783s][info][gc,cpu         ] GC(2834) User=0.00s Sys=0.00s Real=0.00s
[1056.032s][info][gc,start       ] GC(2835) Pause Young (Allocation Failure)
[1056.033s][info][gc,heap        ] GC(2835) PSYoungGen: 303168K(315904K)->64K(317440K) Eden: 303104K(303104K)->0K(303104K) From: 64K(12800K)->64K(14336K)
[1056.033s][info][gc,heap        ] GC(2835) ParOldGen: 89550K(175104K)->89566K(175104K)
[1056.033s][info][gc,metaspace   ] GC(2835) Metaspace: 35662K(36480K)->35662K(36480K) NonClass: 26457K(27136K)->26457K(27136K) Class: 9204K(9344K)->9204K(9344K)
[1056.033s][info][gc             ] GC(2835) Pause Young (Allocation Failure) 383M->87M(481M) 0.648ms
[1056.033s][info][gc,cpu         ] GC(2835) User=0.01s Sys=0.00s Real=0.00s
[1056.410s][info][gc,start       ] GC(2836) Pause Young (Allocation Failure)
[1056.411s][info][gc,heap        ] GC(2836) PSYoungGen: 303168K(317440K)->64K(291328K) Eden: 303104K(303104K)->0K(290816K) From: 64K(14336K)->64K(512K)
[1056.411s][info][gc,heap        ] GC(2836) ParOldGen: 89566K(175104K)->89566K(175104K)
[1056.411s][info][gc,metaspace   ] GC(2836) Metaspace: 35662K(36480K)->35662K(36480K) NonClass: 26457K(27136K)->26457K(27136K) Class: 9204K(9344K)->9204K(9344K)
[1056.411s][info][gc             ] GC(2836) Pause Young (Allocation Failure) 383M->87M(455M) 0.706ms
[1056.411s][info][gc,cpu         ] GC(2836) User=0.00s Sys=0.00s Real=0.00s
[1056.499s][info][gc,start       ] GC(2837) Pause Young (Allocation Failure)
[1056.500s][info][gc,heap        ] GC(2837) PSYoungGen: 290880K(291328K)->64K(292352K) Eden: 290816K(290816K)->0K(279552K) From: 64K(512K)->64K(12800K)
[1056.500s][info][gc,heap        ] GC(2837) ParOldGen: 89566K(175104K)->89574K(175104K)
[1056.500s][info][gc,metaspace   ] GC(2837) Metaspace: 35662K(36480K)->35662K(36480K) NonClass: 26457K(27136K)->26457K(27136K) Class: 9204K(9344K)->9204K(9344K)
[1056.500s][info][gc             ] GC(2837) Pause Young (Allocation Failure) 371M->87M(456M) 0.524ms
[1056.500s][info][gc,cpu         ] GC(2837) User=0.00s Sys=0.00s Real=0.00s
[1056.548s][info][gc,start       ] GC(2838) Pause Young (Allocation Failure)
[1056.549s][info][gc,heap        ] GC(2838) PSYoungGen: 279616K(292352K)->32K(269312K) Eden: 279552K(279552K)->0K(268800K) From: 64K(12800K)->32K(512K)
[1056.550s][info][gc,heap        ] GC(2838) ParOldGen: 89574K(175104K)->89590K(175104K)
[1056.550s][info][gc,metaspace   ] GC(2838) Metaspace: 35662K(36480K)->35662K(36480K) NonClass: 26457K(27136K)->26457K(27136K) Class: 9204K(9344K)->9204K(9344K)
[1056.550s][info][gc             ] GC(2838) Pause Young (Allocation Failure) 360M->87M(434M) 1.445ms
[1056.550s][info][gc,cpu         ] GC(2838) User=0.00s Sys=0.00s Real=0.00s
[1056.709s][info][gc,start       ] GC(2839) Pause Young (Allocation Failure)
[1056.710s][info][gc,heap        ] GC(2839) PSYoungGen: 268832K(269312K)->64K(270336K) Eden: 268800K(268800K)->0K(258560K) From: 32K(512K)->64K(11776K)
[1056.710s][info][gc,heap        ] GC(2839) ParOldGen: 89590K(175104K)->89590K(175104K)
[1056.710s][info][gc,metaspace   ] GC(2839) Metaspace: 35662K(36480K)->35662K(36480K) NonClass: 26457K(27136K)->26457K(27136K) Class: 9204K(9344K)->9204K(9344K)
[1056.710s][info][gc             ] GC(2839) Pause Young (Allocation Failure) 350M->87M(435M) 0.622ms
[1056.710s][info][gc,cpu         ] GC(2839) User=0.00s Sys=0.00s Real=0.00s
[1056.954s][info][gc,start       ] GC(2840) Pause Young (Allocation Failure)
[1056.955s][info][gc,heap        ] GC(2840) PSYoungGen: 258624K(270336K)->64K(249344K) Eden: 258560K(258560K)->0K(248832K) From: 64K(11776K)->64K(512K)
[1056.955s][info][gc,heap        ] GC(2840) ParOldGen: 89590K(175104K)->89598K(175104K)
[1056.955s][info][gc,metaspace   ] GC(2840) Metaspace: 35662K(36480K)->35662K(36480K) NonClass: 26457K(27136K)->26457K(27136K) Class: 9204K(9344K)->9204K(9344K)
[1056.955s][info][gc             ] GC(2840) Pause Young (Allocation Failure) 340M->87M(414M) 1.407ms
[1056.955s][info][gc,cpu         ] GC(2840) User=0.00s Sys=0.00s Real=0.00s
[1057.109s][info][gc,start       ] GC(2841) Pause Young (Allocation Failure)
[1057.110s][info][gc,heap        ] GC(2841) PSYoungGen: 248896K(249344K)->64K(249856K) Eden: 248832K(248832K)->0K(239616K) From: 64K(512K)->64K(10240K)
[1057.110s][info][gc,heap        ] GC(2841) ParOldGen: 89598K(175104K)->89606K(175104K)
[1057.110s][info][gc,metaspace   ] GC(2841) Metaspace: 35662K(36480K)->35662K(36480K) NonClass: 26457K(27136K)->26457K(27136K) Class: 9204K(9344K)->9204K(9344K)
[1057.110s][info][gc             ] GC(2841) Pause Young (Allocation Failure) 330M->87M(415M) 0.622ms
[1057.110s][info][gc,cpu         ] GC(2841) User=0.01s Sys=0.00s Real=0.00s
[1057.174s][info][gc,start       ] GC(2842) Pause Young (Allocation Failure)
[1057.175s][info][gc,heap        ] GC(2842) PSYoungGen: 239680K(249856K)->64K(230912K) Eden: 239616K(239616K)->0K(230400K) From: 64K(10240K)->64K(512K)
[1057.175s][info][gc,heap        ] GC(2842) ParOldGen: 89606K(175104K)->89622K(175104K)
[1057.175s][info][gc,metaspace   ] GC(2842) Metaspace: 35662K(36480K)->35662K(36480K) NonClass: 26457K(27136K)->26457K(27136K) Class: 9204K(9344K)->9204K(9344K)
[1057.175s][info][gc             ] GC(2842) Pause Young (Allocation Failure) 321M->87M(396M) 1.170ms
[1057.175s][info][gc,cpu         ] GC(2842) User=0.00s Sys=0.00s Real=0.00s
[1057.280s][info][gc,start       ] GC(2843) Pause Young (Allocation Failure)
[1057.281s][info][gc,heap        ] GC(2843) PSYoungGen: 230464K(230912K)->64K(230912K) Eden: 230400K(230400K)->0K(221696K) From: 64K(512K)->64K(9216K)
[1057.281s][info][gc,heap        ] GC(2843) ParOldGen: 89622K(175104K)->89622K(175104K)
[1057.281s][info][gc,metaspace   ] GC(2843) Metaspace: 35662K(36480K)->35662K(36480K) NonClass: 26457K(27136K)->26457K(27136K) Class: 9204K(9344K)->9204K(9344K)
[1057.281s][info][gc             ] GC(2843) Pause Young (Allocation Failure) 312M->87M(396M) 0.583ms
[1057.281s][info][gc,cpu         ] GC(2843) User=0.01s Sys=0.00s Real=0.00s
[1057.418s][info][gc,start       ] GC(2844) Pause Young (Allocation Failure)
[1057.419s][info][gc,heap        ] GC(2844) PSYoungGen: 221760K(230912K)->64K(214016K) Eden: 221696K(221696K)->0K(213504K) From: 64K(9216K)->64K(512K)
[1057.419s][info][gc,heap        ] GC(2844) ParOldGen: 89622K(175104K)->89630K(175104K)
[1057.419s][info][gc,metaspace   ] GC(2844) Metaspace: 35662K(36480K)->35662K(36480K) NonClass: 26457K(27136K)->26457K(27136K) Class: 9204K(9344K)->9204K(9344K)
[1057.419s][info][gc             ] GC(2844) Pause Young (Allocation Failure) 304M->87M(380M) 1.333ms
[1057.419s][info][gc,cpu         ] GC(2844) User=0.00s Sys=0.00s Real=0.00s
[1058.299s][info][gc,start       ] GC(2845) Pause Young (Allocation Failure)
[1058.300s][info][gc,heap        ] GC(2845) PSYoungGen: 213568K(214016K)->64K(213504K) Eden: 213504K(213504K)->0K(205824K) From: 64K(512K)->64K(7680K)
[1058.300s][info][gc,heap        ] GC(2845) ParOldGen: 89630K(175104K)->89638K(175104K)
[1058.300s][info][gc,metaspace   ] GC(2845) Metaspace: 35662K(36480K)->35662K(36480K) NonClass: 26457K(27136K)->26457K(27136K) Class: 9204K(9344K)->9204K(9344K)
[1058.300s][info][gc             ] GC(2845) Pause Young (Allocation Failure) 296M->87M(379M) 0.677ms
[1058.300s][info][gc,cpu         ] GC(2845) User=0.00s Sys=0.00s Real=0.00s
[1058.478s][info][gc,start       ] GC(2846) Pause Young (Allocation Failure)
[1058.479s][info][gc,heap        ] GC(2846) PSYoungGen: 205888K(213504K)->64K(199168K) Eden: 205824K(205824K)->0K(198656K) From: 64K(7680K)->64K(512K)
[1058.479s][info][gc,heap        ] GC(2846) ParOldGen: 89638K(175104K)->89646K(175104K)
[1058.479s][info][gc,metaspace   ] GC(2846) Metaspace: 35662K(36480K)->35662K(36480K) NonClass: 26457K(27136K)->26457K(27136K) Class: 9204K(9344K)->9204K(9344K)
[1058.479s][info][gc             ] GC(2846) Pause Young (Allocation Failure) 288M->87M(365M) 1.272ms
[1058.479s][info][gc,cpu         ] GC(2846) User=0.00s Sys=0.00s Real=0.00s
[1059.209s][info][gc,start       ] GC(2847) Pause Young (Allocation Failure)
[1059.210s][info][gc,heap        ] GC(2847) PSYoungGen: 198720K(199168K)->64K(198656K) Eden: 198656K(198656K)->0K(191488K) From: 64K(512K)->64K(7168K)
[1059.210s][info][gc,heap        ] GC(2847) ParOldGen: 89646K(175104K)->89654K(175104K)
[1059.210s][info][gc,metaspace   ] GC(2847) Metaspace: 35662K(36480K)->35662K(36480K) NonClass: 26457K(27136K)->26457K(27136K) Class: 9204K(9344K)->9204K(9344K)
[1059.210s][info][gc             ] GC(2847) Pause Young (Allocation Failure) 281M->87M(365M) 0.695ms
[1059.210s][info][gc,cpu         ] GC(2847) User=0.00s Sys=0.00s Real=0.00s
[1059.483s][info][gc,start       ] GC(2848) Pause Young (Allocation Failure)
[1059.485s][info][gc,heap        ] GC(2848) PSYoungGen: 191552K(198656K)->64K(185344K) Eden: 191488K(191488K)->0K(184832K) From: 64K(7168K)->64K(512K)
[1059.485s][info][gc,heap        ] GC(2848) ParOldGen: 89654K(175104K)->89670K(175104K)
[1059.485s][info][gc,metaspace   ] GC(2848) Metaspace: 35662K(36480K)->35662K(36480K) NonClass: 26457K(27136K)->26457K(27136K) Class: 9204K(9344K)->9204K(9344K)
[1059.485s][info][gc             ] GC(2848) Pause Young (Allocation Failure) 274M->87M(352M) 1.663ms
[1059.485s][info][gc,cpu         ] GC(2848) User=0.00s Sys=0.00s Real=0.00s
[1059.790s][info][gc,start       ] GC(2849) Pause Young (Allocation Failure)
[1059.791s][info][gc,heap        ] GC(2849) PSYoungGen: 184896K(185344K)->64K(184320K) Eden: 184832K(184832K)->0K(178176K) From: 64K(512K)->64K(6144K)
[1059.791s][info][gc,heap        ] GC(2849) ParOldGen: 89670K(175104K)->89686K(175104K)
[1059.791s][info][gc,metaspace   ] GC(2849) Metaspace: 35662K(36480K)->35662K(36480K) NonClass: 26457K(27136K)->26457K(27136K) Class: 9204K(9344K)->9204K(9344K)
[1059.791s][info][gc             ] GC(2849) Pause Young (Allocation Failure) 268M->87M(351M) 0.916ms
[1059.791s][info][gc,cpu         ] GC(2849) User=0.00s Sys=0.00s Real=0.00s
[1060.644s][info][gc,start       ] GC(2850) Pause Young (Allocation Failure)
[1060.646s][info][gc,heap        ] GC(2850) PSYoungGen: 178240K(184320K)->64K(172544K) Eden: 178176K(178176K)->0K(172032K) From: 64K(6144K)->64K(512K)
[1060.646s][info][gc,heap        ] GC(2850) ParOldGen: 89686K(175104K)->89702K(175104K)
[1060.646s][info][gc,metaspace   ] GC(2850) Metaspace: 35662K(36480K)->35662K(36480K) NonClass: 26457K(27136K)->26457K(27136K) Class: 9204K(9344K)->9204K(9344K)
[1060.646s][info][gc             ] GC(2850) Pause Young (Allocation Failure) 261M->87M(339M) 1.809ms
[1060.646s][info][gc,cpu         ] GC(2850) User=0.00s Sys=0.00s Real=0.00s
[1060.984s][info][gc,start       ] GC(2851) Pause Young (Allocation Failure)
[1060.985s][info][gc,heap        ] GC(2851) PSYoungGen: 172096K(172544K)->64K(171520K) Eden: 172032K(172032K)->0K(166400K) From: 64K(512K)->64K(5120K)
[1060.985s][info][gc,heap        ] GC(2851) ParOldGen: 89702K(175104K)->89718K(175104K)
[1060.985s][info][gc,metaspace   ] GC(2851) Metaspace: 35662K(36480K)->35662K(36480K) NonClass: 26457K(27136K)->26457K(27136K) Class: 9204K(9344K)->9204K(9344K)
[1060.985s][info][gc             ] GC(2851) Pause Young (Allocation Failure) 255M->87M(338M) 1.069ms
[1060.985s][info][gc,cpu         ] GC(2851) User=0.00s Sys=0.00s Real=0.00s
[1061.120s][info][gc,start       ] GC(2852) Pause Young (Allocation Failure)
[1061.121s][info][gc,heap        ] GC(2852) PSYoungGen: 166464K(171520K)->64K(161280K) Eden: 166400K(166400K)->0K(160768K) From: 64K(5120K)->64K(512K)
[1061.121s][info][gc,heap        ] GC(2852) ParOldGen: 89718K(175104K)->89734K(175104K)
[1061.121s][info][gc,metaspace   ] GC(2852) Metaspace: 35662K(36480K)->35662K(36480K) NonClass: 26457K(27136K)->26457K(27136K) Class: 9204K(9344K)->9204K(9344K)
[1061.121s][info][gc             ] GC(2852) Pause Young (Allocation Failure) 250M->87M(328M) 1.303ms
[1061.121s][info][gc,cpu         ] GC(2852) User=0.00s Sys=0.00s Real=0.00s
[1061.194s][info][gc,start       ] GC(2853) Pause Young (Allocation Failure)
[1061.195s][info][gc,heap        ] GC(2853) PSYoungGen: 160832K(161280K)->64K(160256K) Eden: 160768K(160768K)->0K(155648K) From: 64K(512K)->64K(4608K)
[1061.195s][info][gc,heap        ] GC(2853) ParOldGen: 89734K(175104K)->89750K(175104K)
[1061.195s][info][gc,metaspace   ] GC(2853) Metaspace: 35662K(36480K)->35662K(36480K) NonClass: 26457K(27136K)->26457K(27136K) Class: 9204K(9344K)->9204K(9344K)
[1061.195s][info][gc             ] GC(2853) Pause Young (Allocation Failure) 244M->87M(327M) 0.904ms
[1061.195s][info][gc,cpu         ] GC(2853) User=0.00s Sys=0.00s Real=0.00s
[1061.273s][info][gc,start       ] GC(2854) Pause Young (Allocation Failure)
[1061.274s][info][gc,heap        ] GC(2854) PSYoungGen: 155712K(160256K)->64K(151040K) Eden: 155648K(155648K)->0K(150528K) From: 64K(4608K)->64K(512K)
[1061.274s][info][gc,heap        ] GC(2854) ParOldGen: 89750K(175104K)->89766K(175104K)
[1061.274s][info][gc,metaspace   ] GC(2854) Metaspace: 35662K(36480K)->35662K(36480K) NonClass: 26457K(27136K)->26457K(27136K) Class: 9204K(9344K)->9204K(9344K)
[1061.274s][info][gc             ] GC(2854) Pause Young (Allocation Failure) 239M->87M(318M) 1.291ms
[1061.274s][info][gc,cpu         ] GC(2854) User=0.00s Sys=0.00s Real=0.00s
[1061.641s][info][gc,start       ] GC(2855) Pause Young (Allocation Failure)
[1061.642s][info][gc,heap        ] GC(2855) PSYoungGen: 150592K(151040K)->64K(149504K) Eden: 150528K(150528K)->0K(145408K) From: 64K(512K)->64K(4096K)
[1061.642s][info][gc,heap        ] GC(2855) ParOldGen: 89766K(175104K)->89782K(175104K)
[1061.642s][info][gc,metaspace   ] GC(2855) Metaspace: 35662K(36480K)->35662K(36480K) NonClass: 26457K(27136K)->26457K(27136K) Class: 9204K(9344K)->9204K(9344K)
[1061.642s][info][gc             ] GC(2855) Pause Young (Allocation Failure) 234M->87M(317M) 0.979ms
[1061.642s][info][gc,cpu         ] GC(2855) User=0.00s Sys=0.00s Real=0.01s
[1061.876s][info][gc,start       ] GC(2856) Pause Young (Allocation Failure)
[1061.877s][info][gc,heap        ] GC(2856) PSYoungGen: 145472K(149504K)->64K(141312K) Eden: 145408K(145408K)->0K(140800K) From: 64K(4096K)->64K(512K)
[1061.877s][info][gc,heap        ] GC(2856) ParOldGen: 89782K(175104K)->89798K(175104K)
[1061.877s][info][gc,metaspace   ] GC(2856) Metaspace: 35662K(36480K)->35662K(36480K) NonClass: 26457K(27136K)->26457K(27136K) Class: 9204K(9344K)->9204K(9344K)
[1061.877s][info][gc             ] GC(2856) Pause Young (Allocation Failure) 229M->87M(309M) 1.327ms
[1061.877s][info][gc,cpu         ] GC(2856) User=0.00s Sys=0.00s Real=0.00s
[1062.016s][info][gc,start       ] GC(2857) Pause Young (Allocation Failure)
[1062.016s][info][gc,heap        ] GC(2857) PSYoungGen: 140864K(141312K)->64K(139776K) Eden: 140800K(140800K)->0K(136192K) From: 64K(512K)->64K(3584K)
[1062.016s][info][gc,heap        ] GC(2857) ParOldGen: 89798K(175104K)->89814K(175104K)
[1062.016s][info][gc,metaspace   ] GC(2857) Metaspace: 35662K(36480K)->35662K(36480K) NonClass: 26457K(27136K)->26457K(27136K) Class: 9204K(9344K)->9204K(9344K)
[1062.016s][info][gc             ] GC(2857) Pause Young (Allocation Failure) 225M->87M(307M) 0.900ms
[1062.016s][info][gc,cpu         ] GC(2857) User=0.00s Sys=0.00s Real=0.00s
[1062.217s][info][gc,start       ] GC(2858) Pause Young (Allocation Failure)
[1062.226s][info][gc,heap        ] GC(2858) PSYoungGen: 136256K(139776K)->3072K(165888K) Eden: 136192K(136192K)->0K(162816K) From: 64K(3584K)->3072K(3072K)
[1062.226s][info][gc,heap        ] GC(2858) ParOldGen: 89814K(175104K)->91478K(175104K)
[1062.226s][info][gc,metaspace   ] GC(2858) Metaspace: 35662K(36480K)->35662K(36480K) NonClass: 26457K(27136K)->26457K(27136K) Class: 9204K(9344K)->9204K(9344K)
[1062.226s][info][gc             ] GC(2858) Pause Young (Allocation Failure) 220M->92M(333M) 8.690ms
[1062.226s][info][gc,cpu         ] GC(2858) User=0.02s Sys=0.00s Real=0.01s
[1062.419s][info][gc,start       ] GC(2859) Pause Young (Allocation Failure)
[1062.450s][info][gc,heap        ] GC(2859) PSYoungGen: 165888K(165888K)->4608K(199680K) Eden: 162816K(162816K)->0K(195072K) From: 3072K(3072K)->4608K(4608K)
[1062.450s][info][gc,heap        ] GC(2859) ParOldGen: 91478K(175104K)->105342K(175104K)
[1062.450s][info][gc,metaspace   ] GC(2859) Metaspace: 35662K(36480K)->35662K(36480K) NonClass: 26457K(27136K)->26457K(27136K) Class: 9204K(9344K)->9204K(9344K)
[1062.450s][info][gc             ] GC(2859) Pause Young (Allocation Failure) 251M->107M(366M) 31.227ms
[1062.450s][info][gc,cpu         ] GC(2859) User=0.05s Sys=0.00s Real=0.03s
[1062.681s][info][gc,start       ] GC(2860) Pause Young (Allocation Failure)
[1062.719s][info][gc,heap        ] GC(2860) PSYoungGen: 199680K(199680K)->2048K(232448K) Eden: 195072K(195072K)->0K(230400K) From: 4608K(4608K)->2048K(2048K)
[1062.719s][info][gc,heap        ] GC(2860) ParOldGen: 105342K(175104K)->125750K(175104K)
[1062.719s][info][gc,metaspace   ] GC(2860) Metaspace: 35662K(36480K)->35662K(36480K) NonClass: 26457K(27136K)->26457K(27136K) Class: 9204K(9344K)->9204K(9344K)
[1062.719s][info][gc             ] GC(2860) Pause Young (Allocation Failure) 297M->124M(398M) 37.518ms
[1062.719s][info][gc,cpu         ] GC(2860) User=0.08s Sys=0.00s Real=0.04s
[1062.925s][info][gc,start       ] GC(2861) Pause Young (Allocation Failure)
[1062.955s][info][gc,heap        ] GC(2861) PSYoungGen: 232448K(232448K)->17408K(247808K) Eden: 230400K(230400K)->0K(230400K) From: 2048K(2048K)->17408K(17408K)
[1062.955s][info][gc,heap        ] GC(2861) ParOldGen: 125750K(175104K)->126302K(175104K)
[1062.955s][info][gc,metaspace   ] GC(2861) Metaspace: 35662K(36480K)->35662K(36480K) NonClass: 26457K(27136K)->26457K(27136K) Class: 9204K(9344K)->9204K(9344K)
[1062.955s][info][gc             ] GC(2861) Pause Young (Allocation Failure) 349M->140M(413M) 30.304ms
[1062.955s][info][gc,cpu         ] GC(2861) User=0.05s Sys=0.00s Real=0.03s
[1063.080s][info][gc,start       ] GC(2862) Pause Young (Allocation Failure)
[1063.081s][info][gc,heap        ] GC(2862) PSYoungGen: 247808K(247808K)->64K(295424K) Eden: 230400K(230400K)->0K(275968K) From: 17408K(17408K)->64K(19456K)
[1063.081s][info][gc,heap        ] GC(2862) ParOldGen: 126302K(175104K)->126310K(175104K)
[1063.081s][info][gc,metaspace   ] GC(2862) Metaspace: 35662K(36480K)->35662K(36480K) NonClass: 26457K(27136K)->26457K(27136K) Class: 9204K(9344K)->9204K(9344K)
[1063.081s][info][gc             ] GC(2862) Pause Young (Allocation Failure) 365M->123M(459M) 0.893ms
[1063.081s][info][gc,cpu         ] GC(2862) User=0.00s Sys=0.00s Real=0.00s
[1063.760s][info][gc,start       ] GC(2863) Pause Young (Allocation Failure)
[1063.761s][info][gc,heap        ] GC(2863) PSYoungGen: 276032K(295424K)->64K(296448K) Eden: 275968K(275968K)->0K(275968K) From: 64K(19456K)->64K(20480K)
[1063.761s][info][gc,heap        ] GC(2863) ParOldGen: 126310K(175104K)->126326K(175104K)
[1063.761s][info][gc,metaspace   ] GC(2863) Metaspace: 35662K(36480K)->35662K(36480K) NonClass: 26457K(27136K)->26457K(27136K) Class: 9204K(9344K)->9204K(9344K)
[1063.761s][info][gc             ] GC(2863) Pause Young (Allocation Failure) 392M->123M(460M) 0.870ms
[1063.761s][info][gc,cpu         ] GC(2863) User=0.00s Sys=0.00s Real=0.00s
[1064.094s][info][gc,start       ] GC(2864) Pause Young (Allocation Failure)
[1064.095s][info][gc,heap        ] GC(2864) PSYoungGen: 276032K(296448K)->64K(311808K) Eden: 275968K(275968K)->0K(293376K) From: 64K(20480K)->64K(18432K)
[1064.095s][info][gc,heap        ] GC(2864) ParOldGen: 126326K(175104K)->126326K(175104K)
[1064.095s][info][gc,metaspace   ] GC(2864) Metaspace: 35662K(36480K)->35662K(36480K) NonClass: 26457K(27136K)->26457K(27136K) Class: 9204K(9344K)->9204K(9344K)
[1064.095s][info][gc             ] GC(2864) Pause Young (Allocation Failure) 392M->123M(475M) 1.060ms
[1064.095s][info][gc,cpu         ] GC(2864) User=0.00s Sys=0.00s Real=0.00s
[1064.564s][info][gc,start       ] GC(2865) Pause Young (Allocation Failure)
[1064.565s][info][gc,heap        ] GC(2865) PSYoungGen: 293440K(311808K)->64K(312832K) Eden: 293376K(293376K)->0K(293376K) From: 64K(18432K)->64K(19456K)
[1064.565s][info][gc,heap        ] GC(2865) ParOldGen: 126326K(175104K)->126342K(175104K)
[1064.565s][info][gc,metaspace   ] GC(2865) Metaspace: 35662K(36480K)->35662K(36480K) NonClass: 26457K(27136K)->26457K(27136K) Class: 9204K(9344K)->9204K(9344K)
[1064.565s][info][gc             ] GC(2865) Pause Young (Allocation Failure) 409M->123M(476M) 0.841ms
[1064.565s][info][gc,cpu         ] GC(2865) User=0.00s Sys=0.00s Real=0.00s
[1064.808s][info][gc,start       ] GC(2866) Pause Young (Allocation Failure)
[1064.809s][info][gc,heap        ] GC(2866) PSYoungGen: 293440K(312832K)->64K(313344K) Eden: 293376K(293376K)->0K(295936K) From: 64K(19456K)->64K(17408K)
[1064.809s][info][gc,heap        ] GC(2866) ParOldGen: 126342K(175104K)->126358K(175104K)
[1064.809s][info][gc,metaspace   ] GC(2866) Metaspace: 35662K(36480K)->35662K(36480K) NonClass: 26457K(27136K)->26457K(27136K) Class: 9204K(9344K)->9204K(9344K)
[1064.809s][info][gc             ] GC(2866) Pause Young (Allocation Failure) 409M->123M(477M) 0.787ms
[1064.809s][info][gc,cpu         ] GC(2866) User=0.00s Sys=0.00s Real=0.00s
[1065.199s][info][gc,start       ] GC(2867) Pause Young (Allocation Failure)
[1065.201s][info][gc,heap        ] GC(2867) PSYoungGen: 296000K(313344K)->64K(313856K) Eden: 295936K(295936K)->0K(295936K) From: 64K(17408K)->64K(17920K)
[1065.201s][info][gc,heap        ] GC(2867) ParOldGen: 126358K(175104K)->126358K(175104K)
[1065.201s][info][gc,metaspace   ] GC(2867) Metaspace: 35662K(36480K)->35662K(36480K) NonClass: 26457K(27136K)->26457K(27136K) Class: 9204K(9344K)->9204K(9344K)
[1065.201s][info][gc             ] GC(2867) Pause Young (Allocation Failure) 412M->123M(477M) 1.263ms
[1065.201s][info][gc,cpu         ] GC(2867) User=0.01s Sys=0.00s Real=0.00s
[1065.252s][info][gc,start       ] GC(2868) Pause Young (Allocation Failure)
[1065.253s][info][gc,heap        ] GC(2868) PSYoungGen: 296000K(313856K)->32K(314368K) Eden: 295936K(295936K)->0K(299008K) From: 64K(17920K)->32K(15360K)
[1065.253s][info][gc,heap        ] GC(2868) ParOldGen: 126358K(175104K)->126374K(175104K)
[1065.253s][info][gc,metaspace   ] GC(2868) Metaspace: 35662K(36480K)->35662K(36480K) NonClass: 26457K(27136K)->26457K(27136K) Class: 9204K(9344K)->9204K(9344K)
[1065.253s][info][gc             ] GC(2868) Pause Young (Allocation Failure) 412M->123M(478M) 1.102ms
[1065.253s][info][gc,cpu         ] GC(2868) User=0.00s Sys=0.00s Real=0.00s
[1065.306s][info][gc,start       ] GC(2869) Pause Young (Allocation Failure)
[1065.308s][info][gc,heap        ] GC(2869) PSYoungGen: 299040K(314368K)->64K(314880K) Eden: 299008K(299008K)->0K(299008K) From: 32K(15360K)->64K(15872K)
[1065.308s][info][gc,heap        ] GC(2869) ParOldGen: 126374K(175104K)->126374K(175104K)
[1065.308s][info][gc,metaspace   ] GC(2869) Metaspace: 35662K(36480K)->35662K(36480K) NonClass: 26457K(27136K)->26457K(27136K) Class: 9204K(9344K)->9204K(9344K)
[1065.308s][info][gc             ] GC(2869) Pause Young (Allocation Failure) 415M->123M(478M) 1.117ms
[1065.308s][info][gc,cpu         ] GC(2869) User=0.00s Sys=0.00s Real=0.00s
[1065.552s][info][gc,start       ] GC(2870) Pause Young (Allocation Failure)
[1065.553s][info][gc,heap        ] GC(2870) PSYoungGen: 299072K(314880K)->64K(315904K) Eden: 299008K(299008K)->0K(302592K) From: 64K(15872K)->64K(13312K)
[1065.553s][info][gc,heap        ] GC(2870) ParOldGen: 126374K(175104K)->126374K(175104K)
[1065.553s][info][gc,metaspace   ] GC(2870) Metaspace: 35662K(36480K)->35662K(36480K) NonClass: 26457K(27136K)->26457K(27136K) Class: 9204K(9344K)->9204K(9344K)
[1065.553s][info][gc             ] GC(2870) Pause Young (Allocation Failure) 415M->123M(479M) 1.090ms
[1065.553s][info][gc,cpu         ] GC(2870) User=0.00s Sys=0.00s Real=0.01s
[1065.808s][info][gc,start       ] GC(2871) Pause Young (Allocation Failure)
[1065.809s][info][gc,heap        ] GC(2871) PSYoungGen: 302656K(315904K)->64K(316928K) Eden: 302592K(302592K)->0K(302592K) From: 64K(13312K)->64K(14336K)
[1065.809s][info][gc,heap        ] GC(2871) ParOldGen: 126374K(175104K)->126390K(175104K)
[1065.809s][info][gc,metaspace   ] GC(2871) Metaspace: 35662K(36480K)->35662K(36480K) NonClass: 26457K(27136K)->26457K(27136K) Class: 9204K(9344K)->9204K(9344K)
[1065.809s][info][gc             ] GC(2871) Pause Young (Allocation Failure) 418M->123M(480M) 1.270ms
[1065.809s][info][gc,cpu         ] GC(2871) User=0.00s Sys=0.00s Real=0.00s
[1065.911s][info][gc,start       ] GC(2872) Pause Young (Allocation Failure)
[1065.912s][info][gc,heap        ] GC(2872) PSYoungGen: 302656K(316928K)->64K(316928K) Eden: 302592K(302592K)->0K(305664K) From: 64K(14336K)->64K(11264K)
[1065.912s][info][gc,heap        ] GC(2872) ParOldGen: 126390K(175104K)->126406K(175104K)
[1065.912s][info][gc,metaspace   ] GC(2872) Metaspace: 35662K(36480K)->35662K(36480K) NonClass: 26457K(27136K)->26457K(27136K) Class: 9204K(9344K)->9204K(9344K)
[1065.912s][info][gc             ] GC(2872) Pause Young (Allocation Failure) 418M->123M(480M) 1.210ms
[1065.912s][info][gc,cpu         ] GC(2872) User=0.00s Sys=0.00s Real=0.01s
[1066.052s][info][gc,start       ] GC(2873) Pause Young (Allocation Failure)
[1066.053s][info][gc,heap        ] GC(2873) PSYoungGen: 305728K(316928K)->64K(318464K) Eden: 305664K(305664K)->0K(305664K) From: 64K(11264K)->64K(12800K)
[1066.053s][info][gc,heap        ] GC(2873) ParOldGen: 126406K(175104K)->126422K(175104K)
[1066.053s][info][gc,metaspace   ] GC(2873) Metaspace: 35662K(36480K)->35662K(36480K) NonClass: 26457K(27136K)->26457K(27136K) Class: 9204K(9344K)->9204K(9344K)
[1066.053s][info][gc             ] GC(2873) Pause Young (Allocation Failure) 422M->123M(482M) 1.154ms
[1066.053s][info][gc,cpu         ] GC(2873) User=0.00s Sys=0.00s Real=0.00s
[1066.465s][info][gc,start       ] GC(2874) Pause Young (Allocation Failure)
[1066.466s][info][gc,heap        ] GC(2874) PSYoungGen: 305728K(318464K)->32K(293888K) Eden: 305664K(305664K)->0K(293376K) From: 64K(12800K)->32K(512K)
[1066.466s][info][gc,heap        ] GC(2874) ParOldGen: 126422K(175104K)->126430K(175104K)
[1066.466s][info][gc,metaspace   ] GC(2874) Metaspace: 35662K(36480K)->35662K(36480K) NonClass: 26457K(27136K)->26457K(27136K) Class: 9204K(9344K)->9204K(9344K)
[1066.466s][info][gc             ] GC(2874) Pause Young (Allocation Failure) 422M->123M(458M) 1.151ms
[1066.466s][info][gc,cpu         ] GC(2874) User=0.00s Sys=0.00s Real=0.00s
[1067.085s][info][gc,start       ] GC(2875) Pause Young (Allocation Failure)
[1067.086s][info][gc,heap        ] GC(2875) PSYoungGen: 293408K(293888K)->96K(292864K) Eden: 293376K(293376K)->0K(281600K) From: 32K(512K)->96K(11264K)
[1067.087s][info][gc,heap        ] GC(2875) ParOldGen: 126430K(175104K)->126438K(175104K)
[1067.087s][info][gc,metaspace   ] GC(2875) Metaspace: 35662K(36480K)->35662K(36480K) NonClass: 26457K(27136K)->26457K(27136K) Class: 9204K(9344K)->9204K(9344K)
[1067.087s][info][gc             ] GC(2875) Pause Young (Allocation Failure) 409M->123M(457M) 1.206ms
[1067.087s][info][gc,cpu         ] GC(2875) User=0.01s Sys=0.00s Real=0.00s
[1068.029s][info][gc,start       ] GC(2876) Pause Young (Allocation Failure)
[1068.030s][info][gc,heap        ] GC(2876) PSYoungGen: 281696K(292864K)->64K(270848K) Eden: 281600K(281600K)->0K(270336K) From: 96K(11264K)->64K(512K)
[1068.030s][info][gc,heap        ] GC(2876) ParOldGen: 126438K(175104K)->126446K(175104K)
[1068.030s][info][gc,metaspace   ] GC(2876) Metaspace: 35662K(36480K)->35662K(36480K) NonClass: 26457K(27136K)->26457K(27136K) Class: 9204K(9344K)->9204K(9344K)
[1068.030s][info][gc             ] GC(2876) Pause Young (Allocation Failure) 398M->123M(435M) 1.351ms
[1068.030s][info][gc,cpu         ] GC(2876) User=0.01s Sys=0.00s Real=0.00s
[1068.461s][info][gc,start       ] GC(2877) Pause Young (Allocation Failure)
[1068.463s][info][gc,heap        ] GC(2877) PSYoungGen: 270400K(270848K)->64K(269824K) Eden: 270336K(270336K)->0K(260096K) From: 64K(512K)->64K(9728K)
[1068.463s][info][gc,heap        ] GC(2877) ParOldGen: 126446K(175104K)->126462K(175104K)
[1068.463s][info][gc,metaspace   ] GC(2877) Metaspace: 35662K(36480K)->35662K(36480K) NonClass: 26457K(27136K)->26457K(27136K) Class: 9204K(9344K)->9204K(9344K)
[1068.463s][info][gc             ] GC(2877) Pause Young (Allocation Failure) 387M->123M(434M) 1.131ms
[1068.463s][info][gc,cpu         ] GC(2877) User=0.00s Sys=0.00s Real=0.01s
[1069.470s][info][gc,start       ] GC(2878) Pause Young (Allocation Failure)
[1069.471s][info][gc,heap        ] GC(2878) PSYoungGen: 260160K(269824K)->64K(250368K) Eden: 260096K(260096K)->0K(249856K) From: 64K(9728K)->64K(512K)
[1069.471s][info][gc,heap        ] GC(2878) ParOldGen: 126462K(175104K)->126478K(175104K)
[1069.471s][info][gc,metaspace   ] GC(2878) Metaspace: 35662K(36480K)->35662K(36480K) NonClass: 26457K(27136K)->26457K(27136K) Class: 9204K(9344K)->9204K(9344K)
[1069.471s][info][gc             ] GC(2878) Pause Young (Allocation Failure) 377M->123M(415M) 1.439ms
[1069.471s][info][gc,cpu         ] GC(2878) User=0.00s Sys=0.00s Real=0.00s
[1069.816s][info][gc,start       ] GC(2879) Pause Young (Allocation Failure)
[1069.817s][info][gc,heap        ] GC(2879) PSYoungGen: 249920K(250368K)->64K(248832K) Eden: 249856K(249856K)->0K(240128K) From: 64K(512K)->64K(8704K)
[1069.817s][info][gc,heap        ] GC(2879) ParOldGen: 126478K(175104K)->126494K(175104K)
[1069.817s][info][gc,metaspace   ] GC(2879) Metaspace: 35662K(36480K)->35662K(36480K) NonClass: 26457K(27136K)->26457K(27136K) Class: 9204K(9344K)->9204K(9344K)
[1069.817s][info][gc             ] GC(2879) Pause Young (Allocation Failure) 367M->123M(414M) 1.151ms
[1069.817s][info][gc,cpu         ] GC(2879) User=0.00s Sys=0.00s Real=0.00s
[1069.943s][info][gc,start       ] GC(2880) Pause Young (Allocation Failure)
[1069.944s][info][gc,heap        ] GC(2880) PSYoungGen: 240192K(248832K)->64K(231424K) Eden: 240128K(240128K)->0K(230912K) From: 64K(8704K)->64K(512K)
[1069.944s][info][gc,heap        ] GC(2880) ParOldGen: 126494K(175104K)->126510K(175104K)
[1069.944s][info][gc,metaspace   ] GC(2880) Metaspace: 35662K(36480K)->35662K(36480K) NonClass: 26457K(27136K)->26457K(27136K) Class: 9204K(9344K)->9204K(9344K)
[1069.944s][info][gc             ] GC(2880) Pause Young (Allocation Failure) 358M->123M(397M) 1.561ms
[1069.944s][info][gc,cpu         ] GC(2880) User=0.00s Sys=0.00s Real=0.00s
[1070.291s][info][gc,start       ] GC(2881) Pause Young (Allocation Failure)
[1070.292s][info][gc,heap        ] GC(2881) PSYoungGen: 230976K(231424K)->64K(229888K) Eden: 230912K(230912K)->0K(222208K) From: 64K(512K)->64K(7680K)
[1070.292s][info][gc,heap        ] GC(2881) ParOldGen: 126510K(175104K)->126526K(175104K)
[1070.292s][info][gc,metaspace   ] GC(2881) Metaspace: 35662K(36480K)->35662K(36480K) NonClass: 26457K(27136K)->26457K(27136K) Class: 9204K(9344K)->9204K(9344K)
[1070.292s][info][gc             ] GC(2881) Pause Young (Allocation Failure) 349M->123M(395M) 1.018ms
[1070.292s][info][gc,cpu         ] GC(2881) User=0.00s Sys=0.00s Real=0.01s
[1070.611s][info][gc,start       ] GC(2882) Pause Young (Allocation Failure)
[1070.613s][info][gc,heap        ] GC(2882) PSYoungGen: 222272K(229888K)->64K(214528K) Eden: 222208K(222208K)->0K(214016K) From: 64K(7680K)->64K(512K)
[1070.613s][info][gc,heap        ] GC(2882) ParOldGen: 126526K(175104K)->126542K(175104K)
[1070.613s][info][gc,metaspace   ] GC(2882) Metaspace: 35662K(36480K)->35662K(36480K) NonClass: 26457K(27136K)->26457K(27136K) Class: 9204K(9344K)->9204K(9344K)
[1070.613s][info][gc             ] GC(2882) Pause Young (Allocation Failure) 340M->123M(380M) 1.523ms
[1070.613s][info][gc,cpu         ] GC(2882) User=0.00s Sys=0.00s Real=0.01s
[1070.918s][info][gc,start       ] GC(2883) Pause Young (Allocation Failure)
[1070.924s][info][gc,heap        ] GC(2883) PSYoungGen: 214080K(214528K)->2816K(212992K) Eden: 214016K(214016K)->0K(206336K) From: 64K(512K)->2816K(6656K)
[1070.924s][info][gc,heap        ] GC(2883) ParOldGen: 126542K(175104K)->126558K(175104K)
[1070.924s][info][gc,metaspace   ] GC(2883) Metaspace: 35662K(36480K)->35662K(36480K) NonClass: 26457K(27136K)->26457K(27136K) Class: 9204K(9344K)->9204K(9344K)
[1070.924s][info][gc             ] GC(2883) Pause Young (Allocation Failure) 332M->126M(379M) 5.763ms
[1070.924s][info][gc,cpu         ] GC(2883) User=0.01s Sys=0.00s Real=0.01s
[1071.166s][info][gc,start       ] GC(2884) Pause Young (Allocation Failure)
[1071.218s][info][gc,heap        ] GC(2884) PSYoungGen: 209152K(212992K)->6656K(253952K) Eden: 206336K(206336K)->0K(247296K) From: 2816K(6656K)->6656K(6656K)
[1071.218s][info][gc,heap        ] GC(2884) ParOldGen: 126558K(175104K)->143254K(175104K)
[1071.218s][info][gc,metaspace   ] GC(2884) Metaspace: 35662K(36480K)->35662K(36480K) NonClass: 26457K(27136K)->26457K(27136K) Class: 9204K(9344K)->9204K(9344K)
[1071.218s][info][gc             ] GC(2884) Pause Young (Allocation Failure) 327M->146M(419M) 51.997ms
[1071.218s][info][gc,cpu         ] GC(2884) User=0.06s Sys=0.00s Real=0.05s
[1071.509s][info][gc,start       ] GC(2885) Pause Young (Allocation Failure)
[1071.554s][info][gc,heap        ] GC(2885) PSYoungGen: 253952K(253952K)->14336K(274432K) Eden: 247296K(247296K)->0K(260096K) From: 6656K(6656K)->14336K(14336K)
[1071.554s][info][gc,heap        ] GC(2885) ParOldGen: 143254K(175104K)->157342K(175104K)
[1071.554s][info][gc,metaspace   ] GC(2885) Metaspace: 35662K(36480K)->35662K(36480K) NonClass: 26457K(27136K)->26457K(27136K) Class: 9204K(9344K)->9204K(9344K)
[1071.554s][info][gc             ] GC(2885) Pause Young (Allocation Failure) 387M->167M(439M) 44.956ms
[1071.554s][info][gc,cpu         ] GC(2885) User=0.08s Sys=0.00s Real=0.05s
[1071.691s][info][gc,start       ] GC(2886) Pause Young (Allocation Failure)
[1071.712s][info][gc,heap        ] GC(2886) PSYoungGen: 274432K(274432K)->8544K(311808K) Eden: 260096K(260096K)->0K(289280K) From: 14336K(14336K)->8544K(22528K)
[1071.712s][info][gc,heap        ] GC(2886) ParOldGen: 157342K(175104K)->157718K(175104K)
[1071.712s][info][gc,metaspace   ] GC(2886) Metaspace: 35662K(36480K)->35662K(36480K) NonClass: 26457K(27136K)->26457K(27136K) Class: 9204K(9344K)->9204K(9344K)
[1071.712s][info][gc             ] GC(2886) Pause Young (Allocation Failure) 421M->162M(475M) 20.431ms
[1071.712s][info][gc,cpu         ] GC(2886) User=0.04s Sys=0.01s Real=0.02s
[1072.206s][info][gc,start       ] GC(2887) Pause Young (Allocation Failure)
[1072.207s][info][gc,heap        ] GC(2887) PSYoungGen: 297824K(311808K)->64K(289792K) Eden: 289280K(289280K)->0K(289280K) From: 8544K(22528K)->64K(512K)
[1072.207s][info][gc,heap        ] GC(2887) ParOldGen: 157718K(175104K)->157726K(175104K)
[1072.207s][info][gc,metaspace   ] GC(2887) Metaspace: 35662K(36480K)->35662K(36480K) NonClass: 26457K(27136K)->26457K(27136K) Class: 9204K(9344K)->9204K(9344K)
[1072.207s][info][gc             ] GC(2887) Pause Young (Allocation Failure) 444M->154M(454M) 0.810ms
[1072.207s][info][gc,cpu         ] GC(2887) User=0.00s Sys=0.00s Real=0.00s
[1072.692s][info][gc,start       ] GC(2888) Pause Young (Allocation Failure)
[1072.692s][info][gc,heap        ] GC(2888) PSYoungGen: 289344K(289792K)->64K(311296K) Eden: 289280K(289280K)->0K(289792K) From: 64K(512K)->64K(21504K)
[1072.692s][info][gc,heap        ] GC(2888) ParOldGen: 157726K(175104K)->157734K(175104K)
[1072.692s][info][gc,metaspace   ] GC(2888) Metaspace: 35662K(36480K)->35662K(36480K) NonClass: 26457K(27136K)->26457K(27136K) Class: 9204K(9344K)->9204K(9344K)
[1072.693s][info][gc             ] GC(2888) Pause Young (Allocation Failure) 436M->154M(475M) 0.842ms
[1072.693s][info][gc,cpu         ] GC(2888) User=0.00s Sys=0.00s Real=0.01s
[1073.163s][info][gc,start       ] GC(2889) Pause Young (Allocation Failure)
[1073.164s][info][gc,heap        ] GC(2889) PSYoungGen: 289856K(311296K)->64K(310784K) Eden: 289792K(289792K)->0K(289792K) From: 64K(21504K)->64K(20992K)
[1073.164s][info][gc,heap        ] GC(2889) ParOldGen: 157734K(175104K)->157750K(175104K)
[1073.164s][info][gc,metaspace   ] GC(2889) Metaspace: 35662K(36480K)->35662K(36480K) NonClass: 26457K(27136K)->26457K(27136K) Class: 9204K(9344K)->9204K(9344K)
[1073.164s][info][gc             ] GC(2889) Pause Young (Allocation Failure) 437M->154M(474M) 0.882ms
[1073.164s][info][gc,cpu         ] GC(2889) User=0.00s Sys=0.00s Real=0.00s
[1073.405s][info][gc,start       ] GC(2890) Pause Young (Allocation Failure)
[1073.406s][info][gc,heap        ] GC(2890) PSYoungGen: 289856K(310784K)->64K(311808K) Eden: 289792K(289792K)->0K(291840K) From: 64K(20992K)->64K(19968K)
[1073.406s][info][gc,heap        ] GC(2890) ParOldGen: 157750K(175104K)->157766K(175104K)
[1073.406s][info][gc,metaspace   ] GC(2890) Metaspace: 35662K(36480K)->35662K(36480K) NonClass: 26457K(27136K)->26457K(27136K) Class: 9204K(9344K)->9204K(9344K)
[1073.406s][info][gc             ] GC(2890) Pause Young (Allocation Failure) 437M->154M(475M) 0.816ms
[1073.406s][info][gc,cpu         ] GC(2890) User=0.00s Sys=0.00s Real=0.00s
[1073.764s][info][gc,start       ] GC(2891) Pause Young (Allocation Failure)
[1073.765s][info][gc,heap        ] GC(2891) PSYoungGen: 291904K(311808K)->64K(311296K) Eden: 291840K(291840K)->0K(291840K) From: 64K(19968K)->64K(19456K)
[1073.765s][info][gc,heap        ] GC(2891) ParOldGen: 157766K(175104K)->157766K(175104K)
[1073.765s][info][gc,metaspace   ] GC(2891) Metaspace: 35662K(36480K)->35662K(36480K) NonClass: 26457K(27136K)->26457K(27136K) Class: 9204K(9344K)->9204K(9344K)
[1073.765s][info][gc             ] GC(2891) Pause Young (Allocation Failure) 439M->154M(475M) 0.899ms
[1073.765s][info][gc,cpu         ] GC(2891) User=0.00s Sys=0.00s Real=0.00s
[1073.903s][info][gc,start       ] GC(2892) Pause Young (Allocation Failure)
[1073.904s][info][gc,heap        ] GC(2892) PSYoungGen: 291904K(311296K)->64K(313344K) Eden: 291840K(291840K)->0K(295424K) From: 64K(19456K)->64K(17920K)
[1073.904s][info][gc,heap        ] GC(2892) ParOldGen: 157766K(175104K)->157774K(175104K)
[1073.904s][info][gc,metaspace   ] GC(2892) Metaspace: 35662K(36480K)->35662K(36480K) NonClass: 26457K(27136K)->26457K(27136K) Class: 9204K(9344K)->9204K(9344K)
[1073.904s][info][gc             ] GC(2892) Pause Young (Allocation Failure) 439M->154M(477M) 0.763ms
[1073.904s][info][gc,cpu         ] GC(2892) User=0.01s Sys=0.00s Real=0.00s
[1073.957s][info][gc,start       ] GC(2893) Pause Young (Allocation Failure)
[1073.958s][info][gc,heap        ] GC(2893) PSYoungGen: 295488K(313344K)->64K(312832K) Eden: 295424K(295424K)->0K(295424K) From: 64K(17920K)->64K(17408K)
[1073.958s][info][gc,heap        ] GC(2893) ParOldGen: 157774K(175104K)->157790K(175104K)
[1073.958s][info][gc,metaspace   ] GC(2893) Metaspace: 35662K(36480K)->35662K(36480K) NonClass: 26457K(27136K)->26457K(27136K) Class: 9204K(9344K)->9204K(9344K)
[1073.958s][info][gc             ] GC(2893) Pause Young (Allocation Failure) 442M->154M(476M) 0.806ms
[1073.958s][info][gc,cpu         ] GC(2893) User=0.00s Sys=0.00s Real=0.00s
[1074.110s][info][gc,start       ] GC(2894) Pause Young (Allocation Failure)
[1074.111s][info][gc,heap        ] GC(2894) PSYoungGen: 295488K(312832K)->64K(315392K) Eden: 295424K(295424K)->0K(299520K) From: 64K(17408K)->64K(15872K)
[1074.111s][info][gc,heap        ] GC(2894) ParOldGen: 157790K(175104K)->157790K(175104K)
[1074.111s][info][gc,metaspace   ] GC(2894) Metaspace: 35662K(36480K)->35662K(36480K) NonClass: 26457K(27136K)->26457K(27136K) Class: 9204K(9344K)->9204K(9344K)
[1074.111s][info][gc             ] GC(2894) Pause Young (Allocation Failure) 442M->154M(479M) 0.897ms
[1074.111s][info][gc,cpu         ] GC(2894) User=0.00s Sys=0.00s Real=0.00s
[1074.391s][info][gc,start       ] GC(2895) Pause Young (Allocation Failure)
[1074.392s][info][gc,heap        ] GC(2895) PSYoungGen: 299584K(315392K)->64K(315392K) Eden: 299520K(299520K)->0K(299520K) From: 64K(15872K)->64K(15872K)
[1074.392s][info][gc,heap        ] GC(2895) ParOldGen: 157790K(175104K)->157798K(175104K)
[1074.392s][info][gc,metaspace   ] GC(2895) Metaspace: 35662K(36480K)->35662K(36480K) NonClass: 26457K(27136K)->26457K(27136K) Class: 9204K(9344K)->9204K(9344K)
[1074.392s][info][gc             ] GC(2895) Pause Young (Allocation Failure) 446M->154M(479M) 0.843ms
[1074.392s][info][gc,cpu         ] GC(2895) User=0.01s Sys=0.00s Real=0.01s
[1074.548s][info][gc,start       ] GC(2896) Pause Young (Allocation Failure)
[1074.549s][info][gc,heap        ] GC(2896) PSYoungGen: 299584K(315392K)->64K(288256K) Eden: 299520K(299520K)->0K(287744K) From: 64K(15872K)->64K(512K)
[1074.549s][info][gc,heap        ] GC(2896) ParOldGen: 157798K(175104K)->157806K(175104K)
[1074.549s][info][gc,metaspace   ] GC(2896) Metaspace: 35662K(36480K)->35662K(36480K) NonClass: 26457K(27136K)->26457K(27136K) Class: 9204K(9344K)->9204K(9344K)
[1074.549s][info][gc             ] GC(2896) Pause Young (Allocation Failure) 446M->154M(452M) 1.069ms
[1074.549s][info][gc,cpu         ] GC(2896) User=0.00s Sys=0.00s Real=0.00s
[1074.631s][info][gc,start       ] GC(2897) Pause Young (Allocation Failure)
[1074.631s][info][gc,heap        ] GC(2897) PSYoungGen: 287808K(288256K)->64K(290816K) Eden: 287744K(287744K)->0K(276480K) From: 64K(512K)->64K(14336K)
[1074.631s][info][gc,heap        ] GC(2897) ParOldGen: 157806K(175104K)->157814K(175104K)
[1074.632s][info][gc,metaspace   ] GC(2897) Metaspace: 35662K(36480K)->35662K(36480K) NonClass: 26457K(27136K)->26457K(27136K) Class: 9204K(9344K)->9204K(9344K)
[1074.632s][info][gc             ] GC(2897) Pause Young (Allocation Failure) 435M->154M(455M) 0.802ms
[1074.632s][info][gc,cpu         ] GC(2897) User=0.00s Sys=0.00s Real=0.00s
[1074.805s][info][gc,start       ] GC(2898) Pause Young (Allocation Failure)
[1074.807s][info][gc,heap        ] GC(2898) PSYoungGen: 276544K(290816K)->64K(266240K) Eden: 276480K(276480K)->0K(265728K) From: 64K(14336K)->64K(512K)
[1074.807s][info][gc,heap        ] GC(2898) ParOldGen: 157814K(175104K)->157830K(175104K)
[1074.807s][info][gc,metaspace   ] GC(2898) Metaspace: 35662K(36480K)->35662K(36480K) NonClass: 26457K(27136K)->26457K(27136K) Class: 9204K(9344K)->9204K(9344K)
[1074.807s][info][gc             ] GC(2898) Pause Young (Allocation Failure) 424M->154M(431M) 1.723ms
[1074.807s][info][gc,cpu         ] GC(2898) User=0.00s Sys=0.00s Real=0.00s
[1075.720s][info][gc,start       ] GC(2899) Pause Young (Allocation Failure)
[1075.721s][info][gc,heap        ] GC(2899) PSYoungGen: 265792K(266240K)->64K(267776K) Eden: 265728K(265728K)->0K(255488K) From: 64K(512K)->64K(12288K)
[1075.721s][info][gc,heap        ] GC(2899) ParOldGen: 157830K(175104K)->157846K(175104K)
[1075.721s][info][gc,metaspace   ] GC(2899) Metaspace: 35662K(36480K)->35662K(36480K) NonClass: 26457K(27136K)->26457K(27136K) Class: 9204K(9344K)->9204K(9344K)
[1075.721s][info][gc             ] GC(2899) Pause Young (Allocation Failure) 413M->154M(432M) 1.399ms
[1075.721s][info][gc,cpu         ] GC(2899) User=0.00s Sys=0.00s Real=0.00s
[1076.519s][info][gc,start       ] GC(2900) Pause Young (Allocation Failure)
[1076.520s][info][gc,heap        ] GC(2900) PSYoungGen: 255552K(267776K)->64K(246272K) Eden: 255488K(255488K)->0K(245760K) From: 64K(12288K)->64K(512K)
[1076.520s][info][gc,heap        ] GC(2900) ParOldGen: 157846K(175104K)->157862K(175104K)
[1076.520s][info][gc,metaspace   ] GC(2900) Metaspace: 35662K(36480K)->35662K(36480K) NonClass: 26457K(27136K)->26457K(27136K) Class: 9204K(9344K)->9204K(9344K)
[1076.520s][info][gc             ] GC(2900) Pause Young (Allocation Failure) 403M->154M(411M) 1.770ms
[1076.520s][info][gc,cpu         ] GC(2900) User=0.01s Sys=0.00s Real=0.00s
[1076.706s][info][gc,start       ] GC(2901) Pause Young (Allocation Failure)
[1076.707s][info][gc,heap        ] GC(2901) PSYoungGen: 245824K(246272K)->64K(247296K) Eden: 245760K(245760K)->0K(236544K) From: 64K(512K)->64K(10752K)
[1076.707s][info][gc,heap        ] GC(2901) ParOldGen: 157862K(175104K)->157878K(175104K)
[1076.707s][info][gc,metaspace   ] GC(2901) Metaspace: 35662K(36480K)->35662K(36480K) NonClass: 26457K(27136K)->26457K(27136K) Class: 9204K(9344K)->9204K(9344K)
[1076.707s][info][gc             ] GC(2901) Pause Young (Allocation Failure) 394M->154M(412M) 1.183ms
[1076.707s][info][gc,cpu         ] GC(2901) User=0.00s Sys=0.00s Real=0.00s
[1077.103s][info][gc,start       ] GC(2902) Pause Young (Allocation Failure)
[1077.105s][info][gc,heap        ] GC(2902) PSYoungGen: 236608K(247296K)->64K(228352K) Eden: 236544K(236544K)->0K(227840K) From: 64K(10752K)->64K(512K)
[1077.105s][info][gc,heap        ] GC(2902) ParOldGen: 157878K(175104K)->157894K(175104K)
[1077.105s][info][gc,metaspace   ] GC(2902) Metaspace: 35662K(36480K)->35662K(36480K) NonClass: 26457K(27136K)->26457K(27136K) Class: 9204K(9344K)->9204K(9344K)
[1077.105s][info][gc             ] GC(2902) Pause Young (Allocation Failure) 385M->154M(394M) 2.074ms
[1077.105s][info][gc,cpu         ] GC(2902) User=0.00s Sys=0.00s Real=0.00s
[1078.054s][info][gc,start       ] GC(2903) Pause Young (Allocation Failure)
[1078.056s][info][gc,heap        ] GC(2903) PSYoungGen: 227904K(228352K)->64K(228864K) Eden: 227840K(227840K)->0K(219136K) From: 64K(512K)->64K(9728K)
[1078.056s][info][gc,heap        ] GC(2903) ParOldGen: 157894K(175104K)->157910K(175104K)
[1078.056s][info][gc,metaspace   ] GC(2903) Metaspace: 35662K(36480K)->35662K(36480K) NonClass: 26457K(27136K)->26457K(27136K) Class: 9204K(9344K)->9204K(9344K)
[1078.056s][info][gc             ] GC(2903) Pause Young (Allocation Failure) 376M->154M(394M) 1.484ms
[1078.056s][info][gc,cpu         ] GC(2903) User=0.00s Sys=0.00s Real=0.00s
[1078.414s][info][gc,start       ] GC(2904) Pause Young (Allocation Failure)
[1078.416s][info][gc,heap        ] GC(2904) PSYoungGen: 219200K(228864K)->64K(211456K) Eden: 219136K(219136K)->0K(210944K) From: 64K(9728K)->64K(512K)
[1078.416s][info][gc,heap        ] GC(2904) ParOldGen: 157910K(175104K)->157918K(175104K)
[1078.416s][info][gc,metaspace   ] GC(2904) Metaspace: 35662K(36480K)->35662K(36480K) NonClass: 26457K(27136K)->26457K(27136K) Class: 9204K(9344K)->9204K(9344K)
[1078.416s][info][gc             ] GC(2904) Pause Young (Allocation Failure) 368M->154M(377M) 2.007ms
[1078.416s][info][gc,cpu         ] GC(2904) User=0.00s Sys=0.00s Real=0.00s
[1078.566s][info][gc,start       ] GC(2905) Pause Young (Allocation Failure)
[1078.568s][info][gc,heap        ] GC(2905) PSYoungGen: 211008K(211456K)->64K(211456K) Eden: 210944K(210944K)->0K(203264K) From: 64K(512K)->64K(8192K)
[1078.568s][info][gc,heap        ] GC(2905) ParOldGen: 157918K(175104K)->157926K(175104K)
[1078.568s][info][gc,metaspace   ] GC(2905) Metaspace: 35662K(36480K)->35662K(36480K) NonClass: 26457K(27136K)->26457K(27136K) Class: 9204K(9344K)->9204K(9344K)
[1078.568s][info][gc             ] GC(2905) Pause Young (Allocation Failure) 360M->154M(377M) 1.279ms
[1078.568s][info][gc,cpu         ] GC(2905) User=0.00s Sys=0.00s Real=0.00s
[1078.651s][info][gc,start       ] GC(2906) Pause Young (Allocation Failure)
[1078.653s][info][gc,heap        ] GC(2906) PSYoungGen: 203328K(211456K)->64K(196608K) Eden: 203264K(203264K)->0K(196096K) From: 64K(8192K)->64K(512K)
[1078.653s][info][gc,heap        ] GC(2906) ParOldGen: 157926K(175104K)->157934K(175104K)
[1078.653s][info][gc,metaspace   ] GC(2906) Metaspace: 35662K(36480K)->35662K(36480K) NonClass: 26457K(27136K)->26457K(27136K) Class: 9204K(9344K)->9204K(9344K)
[1078.653s][info][gc             ] GC(2906) Pause Young (Allocation Failure) 352M->154M(363M) 1.931ms
[1078.653s][info][gc,cpu         ] GC(2906) User=0.00s Sys=0.00s Real=0.01s
[1079.107s][info][gc,start       ] GC(2907) Pause Young (Allocation Failure)
[1079.108s][info][gc,heap        ] GC(2907) PSYoungGen: 196160K(196608K)->64K(196096K) Eden: 196096K(196096K)->0K(188928K) From: 64K(512K)->64K(7168K)
[1079.108s][info][gc,heap        ] GC(2907) ParOldGen: 157934K(175104K)->157942K(175104K)
[1079.108s][info][gc,metaspace   ] GC(2907) Metaspace: 35662K(36480K)->35662K(36480K) NonClass: 26457K(27136K)->26457K(27136K) Class: 9204K(9344K)->9204K(9344K)
[1079.108s][info][gc             ] GC(2907) Pause Young (Allocation Failure) 345M->154M(362M) 1.162ms
[1079.108s][info][gc,cpu         ] GC(2907) User=0.00s Sys=0.00s Real=0.00s
[1079.299s][info][gc,start       ] GC(2908) Pause Young (Allocation Failure)
[1079.301s][info][gc,heap        ] GC(2908) PSYoungGen: 188992K(196096K)->64K(182784K) Eden: 188928K(188928K)->0K(182272K) From: 64K(7168K)->64K(512K)
[1079.301s][info][gc,heap        ] GC(2908) ParOldGen: 157942K(175104K)->157950K(175104K)
[1079.301s][info][gc,metaspace   ] GC(2908) Metaspace: 35662K(36480K)->35662K(36480K) NonClass: 26457K(27136K)->26457K(27136K) Class: 9204K(9344K)->9204K(9344K)
[1079.301s][info][gc             ] GC(2908) Pause Young (Allocation Failure) 338M->154M(349M) 1.632ms
[1079.301s][info][gc,cpu         ] GC(2908) User=0.00s Sys=0.00s Real=0.00s
[1079.571s][info][gc,start       ] GC(2909) Pause Young (Allocation Failure)
[1079.579s][info][gc,heap        ] GC(2909) PSYoungGen: 182336K(182784K)->2624K(220160K) Eden: 182272K(182272K)->0K(217088K) From: 64K(512K)->2624K(3072K)
[1079.579s][info][gc,heap        ] GC(2909) ParOldGen: 157950K(175104K)->157966K(175104K)
[1079.579s][info][gc,metaspace   ] GC(2909) Metaspace: 35662K(36480K)->35662K(36480K) NonClass: 26457K(27136K)->26457K(27136K) Class: 9204K(9344K)->9204K(9344K)
[1079.579s][info][gc             ] GC(2909) Pause Young (Allocation Failure) 332M->156M(386M) 8.136ms
[1079.579s][info][gc,cpu         ] GC(2909) User=0.01s Sys=0.00s Real=0.01s
[1079.835s][info][gc,start       ] GC(2910) Pause Young (Allocation Failure)
[1079.877s][info][gc,heap        ] GC(2910) PSYoungGen: 219712K(220160K)->6656K(246784K) Eden: 217088K(217088K)->0K(240128K) From: 2624K(3072K)->6656K(6656K)
[1079.877s][info][gc,heap        ] GC(2910) ParOldGen: 157966K(175104K)->175886K(176128K)
[1079.877s][info][gc,metaspace   ] GC(2910) Metaspace: 35662K(36480K)->35662K(36480K) NonClass: 26457K(27136K)->26457K(27136K) Class: 9204K(9344K)->9204K(9344K)
[1079.877s][info][gc             ] GC(2910) Pause Young (Allocation Failure) 368M->178M(413M) 42.228ms
[1079.877s][info][gc,cpu         ] GC(2910) User=0.07s Sys=0.00s Real=0.04s
[1080.159s][info][gc,start       ] GC(2911) Pause Young (Allocation Failure)
[1080.210s][info][gc,heap        ] GC(2911) PSYoungGen: 246784K(246784K)->14848K(254976K) Eden: 240128K(240128K)->0K(240128K) From: 6656K(6656K)->14848K(14848K)
[1080.210s][info][gc,heap        ] GC(2911) ParOldGen: 175886K(176128K)->188686K(188928K)
[1080.210s][info][gc,metaspace   ] GC(2911) Metaspace: 35662K(36480K)->35662K(36480K) NonClass: 26457K(27136K)->26457K(27136K) Class: 9204K(9344K)->9204K(9344K)
[1080.210s][info][gc             ] GC(2911) Pause Young (Allocation Failure) 412M->198M(433M) 50.689ms
[1080.210s][info][gc,cpu         ] GC(2911) User=0.09s Sys=0.02s Real=0.05s
[1080.341s][info][gc,start       ] GC(2912) Pause Young (Allocation Failure)
[1080.361s][info][gc,heap        ] GC(2912) PSYoungGen: 254976K(254976K)->8352K(310272K) Eden: 240128K(240128K)->0K(288256K) From: 14848K(14848K)->8352K(22016K)
[1080.361s][info][gc,heap        ] GC(2912) ParOldGen: 188686K(188928K)->189022K(189440K)
[1080.361s][info][gc,metaspace   ] GC(2912) Metaspace: 35662K(36480K)->35662K(36480K) NonClass: 26457K(27136K)->26457K(27136K) Class: 9204K(9344K)->9204K(9344K)
[1080.361s][info][gc             ] GC(2912) Pause Young (Allocation Failure) 433M->192M(488M) 20.113ms
[1080.361s][info][gc,cpu         ] GC(2912) User=0.03s Sys=0.00s Real=0.02s
[1080.838s][info][gc,start       ] GC(2913) Pause Young (Allocation Failure)
[1080.839s][info][gc,heap        ] GC(2913) PSYoungGen: 296608K(310272K)->64K(310272K) Eden: 288256K(288256K)->0K(288256K) From: 8352K(22016K)->64K(22016K)
[1080.839s][info][gc,heap        ] GC(2913) ParOldGen: 189022K(189440K)->189030K(189440K)
[1080.839s][info][gc,metaspace   ] GC(2913) Metaspace: 35662K(36480K)->35662K(36480K) NonClass: 26457K(27136K)->26457K(27136K) Class: 9204K(9344K)->9204K(9344K)
[1080.839s][info][gc             ] GC(2913) Pause Young (Allocation Failure) 474M->184M(488M) 1.068ms
[1080.839s][info][gc,cpu         ] GC(2913) User=0.00s Sys=0.00s Real=0.00s
[1081.351s][info][gc,start       ] GC(2914) Pause Young (Allocation Failure)
[1081.352s][info][gc,heap        ] GC(2914) PSYoungGen: 288320K(310272K)->64K(310272K) Eden: 288256K(288256K)->0K(290304K) From: 64K(22016K)->64K(19968K)
[1081.352s][info][gc,heap        ] GC(2914) ParOldGen: 189030K(189440K)->189038K(189440K)
[1081.352s][info][gc,metaspace   ] GC(2914) Metaspace: 35662K(36480K)->35662K(36480K) NonClass: 26457K(27136K)->26457K(27136K) Class: 9204K(9344K)->9204K(9344K)
[1081.352s][info][gc             ] GC(2914) Pause Young (Allocation Failure) 466M->184M(488M) 0.967ms
[1081.352s][info][gc,cpu         ] GC(2914) User=0.00s Sys=0.00s Real=0.01s
[1081.818s][info][gc,start       ] GC(2915) Pause Young (Allocation Failure)
[1081.819s][info][gc,heap        ] GC(2915) PSYoungGen: 290368K(310272K)->64K(310784K) Eden: 290304K(290304K)->0K(290304K) From: 64K(19968K)->64K(20480K)
[1081.819s][info][gc,heap        ] GC(2915) ParOldGen: 189038K(189440K)->189054K(189440K)
[1081.819s][info][gc,metaspace   ] GC(2915) Metaspace: 35662K(36480K)->35662K(36480K) NonClass: 26457K(27136K)->26457K(27136K) Class: 9204K(9344K)->9204K(9344K)
[1081.819s][info][gc             ] GC(2915) Pause Young (Allocation Failure) 468M->184M(488M) 0.924ms
[1081.819s][info][gc,cpu         ] GC(2915) User=0.00s Sys=0.00s Real=0.00s
[1082.058s][info][gc,start       ] GC(2916) Pause Young (Allocation Failure)
[1082.059s][info][gc,heap        ] GC(2916) PSYoungGen: 290368K(310784K)->32K(311296K) Eden: 290304K(290304K)->0K(293376K) From: 64K(20480K)->32K(17920K)
[1082.059s][info][gc,heap        ] GC(2916) ParOldGen: 189054K(189440K)->189070K(189440K)
[1082.059s][info][gc,metaspace   ] GC(2916) Metaspace: 35662K(36480K)->35662K(36480K) NonClass: 26457K(27136K)->26457K(27136K) Class: 9204K(9344K)->9204K(9344K)
[1082.059s][info][gc             ] GC(2916) Pause Young (Allocation Failure) 468M->184M(489M) 0.880ms
[1082.059s][info][gc,cpu         ] GC(2916) User=0.00s Sys=0.00s Real=0.00s
[1082.418s][info][gc,start       ] GC(2917) Pause Young (Allocation Failure)
[1082.419s][info][gc,heap        ] GC(2917) PSYoungGen: 293408K(311296K)->64K(312320K) Eden: 293376K(293376K)->0K(293376K) From: 32K(17920K)->64K(18944K)
[1082.419s][info][gc,heap        ] GC(2917) ParOldGen: 189070K(189440K)->189070K(189440K)
[1082.419s][info][gc,metaspace   ] GC(2917) Metaspace: 35662K(36480K)->35662K(36480K) NonClass: 26457K(27136K)->26457K(27136K) Class: 9204K(9344K)->9204K(9344K)
[1082.419s][info][gc             ] GC(2917) Pause Young (Allocation Failure) 471M->184M(490M) 0.978ms
[1082.419s][info][gc,cpu         ] GC(2917) User=0.00s Sys=0.00s Real=0.00s
[1082.573s][info][gc,start       ] GC(2918) Pause Young (Allocation Failure)
[1082.574s][info][gc,heap        ] GC(2918) PSYoungGen: 293440K(312320K)->64K(312320K) Eden: 293376K(293376K)->0K(296448K) From: 64K(18944K)->64K(15872K)
[1082.574s][info][gc,heap        ] GC(2918) ParOldGen: 189070K(189440K)->189078K(189440K)
[1082.574s][info][gc,metaspace   ] GC(2918) Metaspace: 35662K(36480K)->35662K(36480K) NonClass: 26457K(27136K)->26457K(27136K) Class: 9204K(9344K)->9204K(9344K)
[1082.574s][info][gc             ] GC(2918) Pause Young (Allocation Failure) 471M->184M(490M) 0.861ms
[1082.574s][info][gc,cpu         ] GC(2918) User=0.00s Sys=0.00s Real=0.00s
[1082.627s][info][gc,start       ] GC(2919) Pause Young (Allocation Failure)
[1082.628s][info][gc,heap        ] GC(2919) PSYoungGen: 296512K(312320K)->64K(313856K) Eden: 296448K(296448K)->0K(296448K) From: 64K(15872K)->64K(17408K)
[1082.628s][info][gc,heap        ] GC(2919) ParOldGen: 189078K(189440K)->189094K(189440K)
[1082.628s][info][gc,metaspace   ] GC(2919) Metaspace: 35662K(36480K)->35662K(36480K) NonClass: 26457K(27136K)->26457K(27136K) Class: 9204K(9344K)->9204K(9344K)
[1082.628s][info][gc             ] GC(2919) Pause Young (Allocation Failure) 474M->184M(491M) 0.880ms
[1082.628s][info][gc,cpu         ] GC(2919) User=0.01s Sys=0.00s Real=0.00s
[1082.770s][info][gc,start       ] GC(2920) Pause Young (Allocation Failure)
[1082.770s][info][gc,heap        ] GC(2920) PSYoungGen: 296512K(313856K)->64K(314880K) Eden: 296448K(296448K)->0K(300032K) From: 64K(17408K)->64K(14848K)
[1082.770s][info][gc,heap        ] GC(2920) ParOldGen: 189094K(189440K)->189094K(189440K)
[1082.770s][info][gc,metaspace   ] GC(2920) Metaspace: 35662K(36480K)->35662K(36480K) NonClass: 26457K(27136K)->26457K(27136K) Class: 9204K(9344K)->9204K(9344K)
[1082.770s][info][gc             ] GC(2920) Pause Young (Allocation Failure) 474M->184M(492M) 0.864ms
[1082.770s][info][gc,cpu         ] GC(2920) User=0.00s Sys=0.00s Real=0.00s
[1083.053s][info][gc,start       ] GC(2921) Pause Young (Allocation Failure)
[1083.054s][info][gc,heap        ] GC(2921) PSYoungGen: 300096K(314880K)->64K(315904K) Eden: 300032K(300032K)->0K(300032K) From: 64K(14848K)->64K(15872K)
[1083.054s][info][gc,heap        ] GC(2921) ParOldGen: 189094K(189440K)->189102K(189440K)
[1083.054s][info][gc,metaspace   ] GC(2921) Metaspace: 35662K(36480K)->35662K(36480K) NonClass: 26457K(27136K)->26457K(27136K) Class: 9204K(9344K)->9204K(9344K)
[1083.054s][info][gc             ] GC(2921) Pause Young (Allocation Failure) 477M->184M(493M) 0.857ms
[1083.054s][info][gc,cpu         ] GC(2921) User=0.00s Sys=0.00s Real=0.00s
[1083.216s][info][gc,start       ] GC(2922) Pause Young (Allocation Failure)
[1083.217s][info][gc,heap        ] GC(2922) PSYoungGen: 300096K(315904K)->64K(315904K) Eden: 300032K(300032K)->0K(303104K) From: 64K(15872K)->64K(12800K)
[1083.217s][info][gc,heap        ] GC(2922) ParOldGen: 189102K(189440K)->189110K(189440K)
[1083.217s][info][gc,metaspace   ] GC(2922) Metaspace: 35662K(36480K)->35662K(36480K) NonClass: 26457K(27136K)->26457K(27136K) Class: 9204K(9344K)->9204K(9344K)
[1083.217s][info][gc             ] GC(2922) Pause Young (Allocation Failure) 477M->184M(493M) 0.884ms
[1083.217s][info][gc,cpu         ] GC(2922) User=0.00s Sys=0.00s Real=0.00s
[1083.306s][info][gc,start       ] GC(2923) Pause Young (Allocation Failure)
[1083.307s][info][gc,heap        ] GC(2923) PSYoungGen: 303168K(315904K)->64K(291328K) Eden: 303104K(303104K)->0K(290816K) From: 64K(12800K)->64K(512K)
[1083.307s][info][gc,heap        ] GC(2923) ParOldGen: 189110K(189440K)->189118K(189440K)
[1083.307s][info][gc,metaspace   ] GC(2923) Metaspace: 35662K(36480K)->35662K(36480K) NonClass: 26457K(27136K)->26457K(27136K) Class: 9204K(9344K)->9204K(9344K)
[1083.307s][info][gc             ] GC(2923) Pause Young (Allocation Failure) 480M->184M(469M) 0.902ms
[1083.307s][info][gc,cpu         ] GC(2923) User=0.00s Sys=0.00s Real=0.00s
[1083.488s][info][gc,start       ] GC(2924) Pause Young (Allocation Failure)
[1083.490s][info][gc,heap        ] GC(2924) PSYoungGen: 290880K(291328K)->64K(280064K) Eden: 290816K(290816K)->0K(279552K) From: 64K(512K)->64K(512K)
[1083.490s][info][gc,heap        ] GC(2924) ParOldGen: 189118K(189440K)->189126K(189440K)
[1083.490s][info][gc,metaspace   ] GC(2924) Metaspace: 35662K(36480K)->35662K(36480K) NonClass: 26457K(27136K)->26457K(27136K) Class: 9204K(9344K)->9204K(9344K)
[1083.490s][info][gc             ] GC(2924) Pause Young (Allocation Failure) 468M->184M(458M) 1.566ms
[1083.490s][info][gc,cpu         ] GC(2924) User=0.00s Sys=0.00s Real=0.00s
[1084.393s][info][gc,start       ] GC(2925) Pause Young (Allocation Failure)
[1084.393s][info][gc,heap        ] GC(2925) PSYoungGen: 279616K(280064K)->83K(281088K) Eden: 279552K(279552K)->0K(268800K) From: 64K(512K)->83K(12288K)
[1084.394s][info][gc,heap        ] GC(2925) ParOldGen: 189126K(189440K)->189134K(189440K)
[1084.394s][info][gc,metaspace   ] GC(2925) Metaspace: 35662K(36480K)->35662K(36480K) NonClass: 26457K(27136K)->26457K(27136K) Class: 9204K(9344K)->9204K(9344K)
[1084.394s][info][gc             ] GC(2925) Pause Young (Allocation Failure) 457M->184M(459M) 0.908ms
[1084.394s][info][gc,cpu         ] GC(2925) User=0.00s Sys=0.00s Real=0.00s
[1085.214s][info][gc,start       ] GC(2926) Pause Young (Allocation Failure)
[1085.215s][info][gc,heap        ] GC(2926) PSYoungGen: 268883K(281088K)->64K(259072K) Eden: 268800K(268800K)->0K(258560K) From: 83K(12288K)->64K(512K)
[1085.215s][info][gc,heap        ] GC(2926) ParOldGen: 189134K(189440K)->189142K(189440K)
[1085.216s][info][gc,metaspace   ] GC(2926) Metaspace: 35662K(36480K)->35662K(36480K) NonClass: 26457K(27136K)->26457K(27136K) Class: 9204K(9344K)->9204K(9344K)
[1085.216s][info][gc             ] GC(2926) Pause Young (Allocation Failure) 447M->184M(438M) 1.718ms
[1085.216s][info][gc,cpu         ] GC(2926) User=0.00s Sys=0.00s Real=0.00s
[1085.498s][info][gc,start       ] GC(2927) Pause Young (Allocation Failure)
[1085.499s][info][gc,heap        ] GC(2927) PSYoungGen: 258624K(259072K)->64K(259584K) Eden: 258560K(258560K)->0K(248832K) From: 64K(512K)->64K(10752K)
[1085.499s][info][gc,heap        ] GC(2927) ParOldGen: 189142K(189440K)->189150K(189440K)
[1085.499s][info][gc,metaspace   ] GC(2927) Metaspace: 35662K(36480K)->35662K(36480K) NonClass: 26457K(27136K)->26457K(27136K) Class: 9204K(9344K)->9204K(9344K)
[1085.500s][info][gc             ] GC(2927) Pause Young (Allocation Failure) 437M->184M(438M) 1.363ms
[1085.500s][info][gc,cpu         ] GC(2927) User=0.00s Sys=0.00s Real=0.00s
[1085.906s][info][gc,start       ] GC(2928) Pause Young (Allocation Failure)
[1085.908s][info][gc,heap        ] GC(2928) PSYoungGen: 248896K(259584K)->64K(240128K) Eden: 248832K(248832K)->0K(239616K) From: 64K(10752K)->64K(512K)
[1085.908s][info][gc,heap        ] GC(2928) ParOldGen: 189150K(189440K)->189166K(189440K)
[1085.908s][info][gc,metaspace   ] GC(2928) Metaspace: 35662K(36480K)->35662K(36480K) NonClass: 26457K(27136K)->26457K(27136K) Class: 9204K(9344K)->9204K(9344K)
[1085.908s][info][gc             ] GC(2928) Pause Young (Allocation Failure) 427M->184M(419M) 2.179ms
[1085.908s][info][gc,cpu         ] GC(2928) User=0.00s Sys=0.00s Real=0.00s
[1086.830s][info][gc,start       ] GC(2929) Pause Young (Allocation Failure)
[1086.832s][info][gc,heap        ] GC(2929) PSYoungGen: 239680K(240128K)->64K(240128K) Eden: 239616K(239616K)->0K(230400K) From: 64K(512K)->64K(9728K)
[1086.832s][info][gc,heap        ] GC(2929) ParOldGen: 189166K(189440K)->189174K(189440K)
[1086.832s][info][gc,metaspace   ] GC(2929) Metaspace: 35662K(36480K)->35662K(36480K) NonClass: 26457K(27136K)->26457K(27136K) Class: 9204K(9344K)->9204K(9344K)
[1086.832s][info][gc             ] GC(2929) Pause Young (Allocation Failure) 418M->184M(419M) 1.124ms
[1086.832s][info][gc,cpu         ] GC(2929) User=0.00s Sys=0.01s Real=0.00s
[1087.152s][info][gc,start       ] GC(2930) Pause Young (Allocation Failure)
[1087.154s][info][gc,heap        ] GC(2930) PSYoungGen: 230464K(240128K)->64K(222208K) Eden: 230400K(230400K)->0K(221696K) From: 64K(9728K)->64K(512K)
[1087.154s][info][gc,heap        ] GC(2930) ParOldGen: 189174K(189440K)->189190K(189440K)
[1087.154s][info][gc,metaspace   ] GC(2930) Metaspace: 35662K(36480K)->35662K(36480K) NonClass: 26457K(27136K)->26457K(27136K) Class: 9204K(9344K)->9204K(9344K)
[1087.154s][info][gc             ] GC(2930) Pause Young (Allocation Failure) 409M->184M(402M) 2.173ms
[1087.154s][info][gc,cpu         ] GC(2930) User=0.00s Sys=0.00s Real=0.00s
[1087.267s][info][gc,start       ] GC(2931) Pause Young (Allocation Failure)
[1087.268s][info][gc,heap        ] GC(2931) PSYoungGen: 221760K(222208K)->64K(221696K) Eden: 221696K(221696K)->0K(213504K) From: 64K(512K)->64K(8192K)
[1087.268s][info][gc,heap        ] GC(2931) ParOldGen: 189190K(189440K)->189206K(189440K)
[1087.268s][info][gc,metaspace   ] GC(2931) Metaspace: 35662K(36480K)->35662K(36480K) NonClass: 26457K(27136K)->26457K(27136K) Class: 9204K(9344K)->9204K(9344K)
[1087.268s][info][gc             ] GC(2931) Pause Young (Allocation Failure) 401M->184M(401M) 1.219ms
[1087.268s][info][gc,cpu         ] GC(2931) User=0.00s Sys=0.00s Real=0.00s
[1087.566s][info][gc,start       ] GC(2932) Pause Young (Allocation Failure)
[1087.568s][info][gc,heap        ] GC(2932) PSYoungGen: 213568K(221696K)->64K(206336K) Eden: 213504K(213504K)->0K(205824K) From: 64K(8192K)->64K(512K)
[1087.568s][info][gc,heap        ] GC(2932) ParOldGen: 189206K(189440K)->189222K(189440K)
[1087.568s][info][gc,metaspace   ] GC(2932) Metaspace: 35662K(36480K)->35662K(36480K) NonClass: 26457K(27136K)->26457K(27136K) Class: 9204K(9344K)->9204K(9344K)
[1087.568s][info][gc             ] GC(2932) Pause Young (Allocation Failure) 393M->184M(386M) 2.013ms
[1087.568s][info][gc,cpu         ] GC(2932) User=0.00s Sys=0.00s Real=0.00s
[1087.927s][info][gc,start       ] GC(2933) Pause Young (Allocation Failure)
[1087.928s][info][gc,heap        ] GC(2933) PSYoungGen: 205888K(206336K)->64K(205824K) Eden: 205824K(205824K)->0K(198656K) From: 64K(512K)->64K(7168K)
[1087.928s][info][gc,heap        ] GC(2933) ParOldGen: 189222K(189440K)->189238K(189440K)
[1087.928s][info][gc,metaspace   ] GC(2933) Metaspace: 35662K(36480K)->35662K(36480K) NonClass: 26457K(27136K)->26457K(27136K) Class: 9204K(9344K)->9204K(9344K)
[1087.928s][info][gc             ] GC(2933) Pause Young (Allocation Failure) 385M->184M(386M) 1.357ms
[1087.928s][info][gc,cpu         ] GC(2933) User=0.00s Sys=0.00s Real=0.00s
[1088.162s][info][gc,start       ] GC(2934) Pause Young (Allocation Failure)
[1088.164s][info][gc,heap        ] GC(2934) PSYoungGen: 198720K(205824K)->64K(192000K) Eden: 198656K(198656K)->0K(191488K) From: 64K(7168K)->64K(512K)
[1088.164s][info][gc,heap        ] GC(2934) ParOldGen: 189238K(189440K)->189254K(189440K)
[1088.164s][info][gc,metaspace   ] GC(2934) Metaspace: 35662K(36480K)->35662K(36480K) NonClass: 26457K(27136K)->26457K(27136K) Class: 9204K(9344K)->9204K(9344K)
[1088.164s][info][gc             ] GC(2934) Pause Young (Allocation Failure) 378M->184M(372M) 2.105ms
[1088.164s][info][gc,cpu         ] GC(2934) User=0.00s Sys=0.00s Real=0.01s
[1088.411s][info][gc,start       ] GC(2935) Pause Young (Allocation Failure)
[1088.463s][info][gc,heap        ] GC(2935) PSYoungGen: 191552K(192000K)->6144K(235520K) Eden: 191488K(191488K)->0K(229376K) From: 64K(512K)->6144K(6144K)
[1088.463s][info][gc,heap        ] GC(2935) ParOldGen: 189254K(189440K)->201742K(202240K)
[1088.463s][info][gc,metaspace   ] GC(2935) Metaspace: 35662K(36480K)->35662K(36480K) NonClass: 26457K(27136K)->26457K(27136K) Class: 9204K(9344K)->9204K(9344K)
[1088.463s][info][gc             ] GC(2935) Pause Young (Allocation Failure) 371M->203M(427M) 51.919ms
[1088.463s][info][gc,cpu         ] GC(2935) User=0.06s Sys=0.01s Real=0.06s
[1088.735s][info][gc,start       ] GC(2936) Pause Young (Allocation Failure)
[1088.789s][info][gc,heap        ] GC(2936) PSYoungGen: 235520K(235520K)->6144K(242688K) Eden: 229376K(229376K)->0K(236544K) From: 6144K(6144K)->6144K(6144K)
[1088.789s][info][gc,heap        ] GC(2936) ParOldGen: 201742K(202240K)->221894K(222208K)
[1088.789s][info][gc,metaspace   ] GC(2936) Metaspace: 35662K(36480K)->35662K(36480K) NonClass: 26457K(27136K)->26457K(27136K) Class: 9204K(9344K)->9204K(9344K)
[1088.789s][info][gc             ] GC(2936) Pause Young (Allocation Failure) 427M->222M(454M) 54.038ms
[1088.789s][info][gc,cpu         ] GC(2936) User=0.09s Sys=0.01s Real=0.05s
[1088.998s][info][gc,start       ] GC(2937) Pause Young (Allocation Failure)
[1089.030s][info][gc,heap        ] GC(2937) PSYoungGen: 242688K(242688K)->18080K(257024K) Eden: 236544K(236544K)->0K(236544K) From: 6144K(6144K)->18080K(20480K)
[1089.030s][info][gc,heap        ] GC(2937) ParOldGen: 221894K(222208K)->222438K(222720K)
[1089.030s][info][gc,metaspace   ] GC(2937) Metaspace: 35662K(36480K)->35662K(36480K) NonClass: 26457K(27136K)->26457K(27136K) Class: 9204K(9344K)->9204K(9344K)
[1089.030s][info][gc             ] GC(2937) Pause Young (Allocation Failure) 453M->234M(468M) 32.064ms
[1089.030s][info][gc,cpu         ] GC(2937) User=0.07s Sys=0.00s Real=0.03s
[1089.171s][info][gc,start       ] GC(2938) Pause Young (Allocation Failure)
[1089.172s][info][gc,heap        ] GC(2938) PSYoungGen: 254624K(257024K)->64K(305664K) Eden: 236544K(236544K)->0K(283648K) From: 18080K(20480K)->64K(22016K)
[1089.172s][info][gc,heap        ] GC(2938) ParOldGen: 222438K(222720K)->222446K(222720K)
[1089.172s][info][gc,metaspace   ] GC(2938) Metaspace: 35662K(36480K)->35662K(36480K) NonClass: 26457K(27136K)->26457K(27136K) Class: 9204K(9344K)->9204K(9344K)
[1089.172s][info][gc             ] GC(2938) Pause Young (Allocation Failure) 465M->217M(516M) 1.022ms
[1089.172s][info][gc,cpu         ] GC(2938) User=0.01s Sys=0.00s Real=0.01s
[1089.862s][info][gc,start       ] GC(2939) Pause Young (Allocation Failure)
[1089.864s][info][gc,heap        ] GC(2939) PSYoungGen: 283712K(305664K)->64K(306688K) Eden: 283648K(283648K)->0K(283648K) From: 64K(22016K)->64K(23040K)
[1089.864s][info][gc,heap        ] GC(2939) ParOldGen: 222446K(222720K)->222462K(222720K)
[1089.864s][info][gc,metaspace   ] GC(2939) Metaspace: 35662K(36480K)->35662K(36480K) NonClass: 26457K(27136K)->26457K(27136K) Class: 9204K(9344K)->9204K(9344K)
[1089.864s][info][gc             ] GC(2939) Pause Young (Allocation Failure) 494M->217M(517M) 1.384ms
[1089.864s][info][gc,cpu         ] GC(2939) User=0.00s Sys=0.00s Real=0.00s
[1090.389s][info][gc,start       ] GC(2940) Pause Young (Allocation Failure)
[1090.390s][info][gc,heap        ] GC(2940) PSYoungGen: 283712K(306688K)->64K(309760K) Eden: 283648K(283648K)->0K(288768K) From: 64K(23040K)->64K(20992K)
[1090.390s][info][gc,heap        ] GC(2940) ParOldGen: 222462K(222720K)->222462K(222720K)
[1090.390s][info][gc,metaspace   ] GC(2940) Metaspace: 35662K(36480K)->35662K(36480K) NonClass: 26457K(27136K)->26457K(27136K) Class: 9204K(9344K)->9204K(9344K)
[1090.390s][info][gc             ] GC(2940) Pause Young (Allocation Failure) 494M->217M(520M) 1.112ms
[1090.390s][info][gc,cpu         ] GC(2940) User=0.00s Sys=0.00s Real=0.00s
[1090.631s][info][gc,start       ] GC(2941) Pause Young (Allocation Failure)
[1090.632s][info][gc,heap        ] GC(2941) PSYoungGen: 288832K(309760K)->64K(310272K) Eden: 288768K(288768K)->0K(288768K) From: 64K(20992K)->64K(21504K)
[1090.632s][info][gc,heap        ] GC(2941) ParOldGen: 222462K(222720K)->222478K(222720K)
[1090.632s][info][gc,metaspace   ] GC(2941) Metaspace: 35662K(36480K)->35662K(36480K) NonClass: 26457K(27136K)->26457K(27136K) Class: 9204K(9344K)->9204K(9344K)
[1090.632s][info][gc             ] GC(2941) Pause Young (Allocation Failure) 499M->217M(520M) 1.085ms
[1090.632s][info][gc,cpu         ] GC(2941) User=0.00s Sys=0.00s Real=0.01s
[1090.869s][info][gc,start       ] GC(2942) Pause Young (Allocation Failure)
[1090.870s][info][gc,heap        ] GC(2942) PSYoungGen: 288832K(310272K)->64K(310784K) Eden: 288768K(288768K)->0K(291840K) From: 64K(21504K)->64K(18944K)
[1090.870s][info][gc,heap        ] GC(2942) ParOldGen: 222478K(222720K)->222478K(222720K)
[1090.870s][info][gc,metaspace   ] GC(2942) Metaspace: 35662K(36480K)->35662K(36480K) NonClass: 26457K(27136K)->26457K(27136K) Class: 9204K(9344K)->9204K(9344K)
[1090.870s][info][gc             ] GC(2942) Pause Young (Allocation Failure) 499M->217M(521M) 0.953ms
[1090.870s][info][gc,cpu         ] GC(2942) User=0.01s Sys=0.00s Real=0.00s
[1091.242s][info][gc,start       ] GC(2943) Pause Young (Allocation Failure)
[1091.243s][info][gc,heap        ] GC(2943) PSYoungGen: 291904K(310784K)->64K(311296K) Eden: 291840K(291840K)->0K(291840K) From: 64K(18944K)->64K(19456K)
[1091.243s][info][gc,heap        ] GC(2943) ParOldGen: 222478K(222720K)->222478K(222720K)
[1091.243s][info][gc,metaspace   ] GC(2943) Metaspace: 35662K(36480K)->35662K(36480K) NonClass: 26457K(27136K)->26457K(27136K) Class: 9204K(9344K)->9204K(9344K)
[1091.243s][info][gc             ] GC(2943) Pause Young (Allocation Failure) 502M->217M(521M) 0.876ms
[1091.243s][info][gc,cpu         ] GC(2943) User=0.01s Sys=0.00s Real=0.00s
[1091.293s][info][gc,start       ] GC(2944) Pause Young (Allocation Failure)
[1091.294s][info][gc,heap        ] GC(2944) PSYoungGen: 291904K(311296K)->64K(312832K) Eden: 291840K(291840K)->0K(295936K) From: 64K(19456K)->64K(16896K)
[1091.294s][info][gc,heap        ] GC(2944) ParOldGen: 222478K(222720K)->222494K(222720K)
[1091.294s][info][gc,metaspace   ] GC(2944) Metaspace: 35662K(36480K)->35662K(36480K) NonClass: 26457K(27136K)->26457K(27136K) Class: 9204K(9344K)->9204K(9344K)
[1091.294s][info][gc             ] GC(2944) Pause Young (Allocation Failure) 502M->217M(523M) 0.927ms
[1091.294s][info][gc,cpu         ] GC(2944) User=0.00s Sys=0.00s Real=0.00s
[1091.348s][info][gc,start       ] GC(2945) Pause Young (Allocation Failure)
[1091.348s][info][gc,heap        ] GC(2945) PSYoungGen: 296000K(312832K)->64K(313344K) Eden: 295936K(295936K)->0K(295936K) From: 64K(16896K)->64K(17408K)
[1091.348s][info][gc,heap        ] GC(2945) ParOldGen: 222494K(222720K)->222494K(222720K)
[1091.348s][info][gc,metaspace   ] GC(2945) Metaspace: 35662K(36480K)->35662K(36480K) NonClass: 26457K(27136K)->26457K(27136K) Class: 9204K(9344K)->9204K(9344K)
[1091.348s][info][gc             ] GC(2945) Pause Young (Allocation Failure) 506M->217M(523M) 0.885ms
[1091.348s][info][gc,cpu         ] GC(2945) User=0.00s Sys=0.00s Real=0.00s
[1091.591s][info][gc,start       ] GC(2946) Pause Young (Allocation Failure)
[1091.592s][info][gc,heap        ] GC(2946) PSYoungGen: 296000K(313344K)->64K(314368K) Eden: 295936K(295936K)->0K(299520K) From: 64K(17408K)->64K(14848K)
[1091.592s][info][gc,heap        ] GC(2946) ParOldGen: 222494K(222720K)->222494K(222720K)
[1091.592s][info][gc,metaspace   ] GC(2946) Metaspace: 35662K(36480K)->35662K(36480K) NonClass: 26457K(27136K)->26457K(27136K) Class: 9204K(9344K)->9204K(9344K)
[1091.592s][info][gc             ] GC(2946) Pause Young (Allocation Failure) 506M->217M(524M) 0.988ms
[1091.592s][info][gc,cpu         ] GC(2946) User=0.00s Sys=0.00s Real=0.01s
[1091.845s][info][gc,start       ] GC(2947) Pause Young (Allocation Failure)
[1091.846s][info][gc,heap        ] GC(2947) PSYoungGen: 299584K(314368K)->64K(315392K) Eden: 299520K(299520K)->0K(299520K) From: 64K(14848K)->64K(15872K)
[1091.846s][info][gc,heap        ] GC(2947) ParOldGen: 222494K(222720K)->222502K(222720K)
[1091.846s][info][gc,metaspace   ] GC(2947) Metaspace: 35662K(36480K)->35662K(36480K) NonClass: 26457K(27136K)->26457K(27136K) Class: 9204K(9344K)->9204K(9344K)
[1091.846s][info][gc             ] GC(2947) Pause Young (Allocation Failure) 509M->217M(525M) 0.930ms
[1091.846s][info][gc,cpu         ] GC(2947) User=0.00s Sys=0.00s Real=0.00s
[1091.952s][info][gc,start       ] GC(2948) Pause Young (Allocation Failure)
[1091.953s][info][gc,heap        ] GC(2948) PSYoungGen: 299584K(315392K)->64K(315904K) Eden: 299520K(299520K)->0K(303104K) From: 64K(15872K)->64K(12800K)
[1091.953s][info][gc,heap        ] GC(2948) ParOldGen: 222502K(222720K)->222510K(222720K)
[1091.953s][info][gc,metaspace   ] GC(2948) Metaspace: 35662K(36480K)->35662K(36480K) NonClass: 26457K(27136K)->26457K(27136K) Class: 9204K(9344K)->9204K(9344K)
[1091.953s][info][gc             ] GC(2948) Pause Young (Allocation Failure) 509M->217M(526M) 1.132ms
[1091.953s][info][gc,cpu         ] GC(2948) User=0.00s Sys=0.00s Real=0.00s
[1092.089s][info][gc,start       ] GC(2949) Pause Young (Allocation Failure)
[1092.090s][info][gc,heap        ] GC(2949) PSYoungGen: 303168K(315904K)->64K(316928K) Eden: 303104K(303104K)->0K(303104K) From: 64K(12800K)->64K(13824K)
[1092.090s][info][gc,heap        ] GC(2949) ParOldGen: 222510K(222720K)->222518K(222720K)
[1092.090s][info][gc,metaspace   ] GC(2949) Metaspace: 35662K(36480K)->35662K(36480K) NonClass: 26457K(27136K)->26457K(27136K) Class: 9204K(9344K)->9204K(9344K)
[1092.090s][info][gc             ] GC(2949) Pause Young (Allocation Failure) 513M->217M(527M) 0.968ms
[1092.090s][info][gc,cpu         ] GC(2949) User=0.00s Sys=0.00s Real=0.00s
[1092.490s][info][gc,start       ] GC(2950) Pause Young (Allocation Failure)
[1092.491s][info][gc,heap        ] GC(2950) PSYoungGen: 303168K(316928K)->64K(291328K) Eden: 303104K(303104K)->0K(290816K) From: 64K(13824K)->64K(512K)
[1092.491s][info][gc,heap        ] GC(2950) ParOldGen: 222518K(222720K)->222526K(222720K)
[1092.491s][info][gc,metaspace   ] GC(2950) Metaspace: 35662K(36480K)->35662K(36480K) NonClass: 26457K(27136K)->26457K(27136K) Class: 9204K(9344K)->9204K(9344K)
[1092.491s][info][gc             ] GC(2950) Pause Young (Allocation Failure) 513M->217M(502M) 0.980ms
[1092.491s][info][gc,cpu         ] GC(2950) User=0.00s Sys=0.00s Real=0.00s
[1093.125s][info][gc,start       ] GC(2951) Pause Young (Allocation Failure)
[1093.126s][info][gc,heap        ] GC(2951) PSYoungGen: 290880K(291328K)->64K(291840K) Eden: 290816K(290816K)->0K(279552K) From: 64K(512K)->64K(12288K)
[1093.126s][info][gc,heap        ] GC(2951) ParOldGen: 222526K(222720K)->222534K(222720K)
[1093.126s][info][gc,metaspace   ] GC(2951) Metaspace: 35662K(36480K)->35662K(36480K) NonClass: 26457K(27136K)->26457K(27136K) Class: 9204K(9344K)->9204K(9344K)
[1093.126s][info][gc             ] GC(2951) Pause Young (Allocation Failure) 501M->217M(502M) 0.855ms
[1093.126s][info][gc,cpu         ] GC(2951) User=0.00s Sys=0.00s Real=0.00s
[1094.049s][info][gc,start       ] GC(2952) Pause Young (Allocation Failure)
[1094.050s][info][gc,heap        ] GC(2952) PSYoungGen: 279616K(291840K)->64K(269312K) Eden: 279552K(279552K)->0K(268800K) From: 64K(12288K)->64K(512K)
[1094.050s][info][gc,heap        ] GC(2952) ParOldGen: 222534K(222720K)->222542K(222720K)
[1094.050s][info][gc,metaspace   ] GC(2952) Metaspace: 35662K(36480K)->35662K(36480K) NonClass: 26457K(27136K)->26457K(27136K) Class: 9204K(9344K)->9204K(9344K)
[1094.050s][info][gc             ] GC(2952) Pause Young (Allocation Failure) 490M->217M(480M) 0.990ms
[1094.050s][info][gc,cpu         ] GC(2952) User=0.01s Sys=0.00s Real=0.00s
[1094.480s][info][gc,start       ] GC(2953) Pause Young (Allocation Failure)
[1094.481s][info][gc,heap        ] GC(2953) PSYoungGen: 268864K(269312K)->64K(269312K) Eden: 268800K(268800K)->0K(258560K) From: 64K(512K)->64K(10752K)
[1094.481s][info][gc,heap        ] GC(2953) ParOldGen: 222542K(222720K)->222550K(222720K)
[1094.481s][info][gc,metaspace   ] GC(2953) Metaspace: 35662K(36480K)->35662K(36480K) NonClass: 26457K(27136K)->26457K(27136K) Class: 9204K(9344K)->9204K(9344K)
[1094.481s][info][gc             ] GC(2953) Pause Young (Allocation Failure) 479M->217M(480M) 0.851ms
[1094.481s][info][gc,cpu         ] GC(2953) User=0.01s Sys=0.00s Real=0.00s
[1095.474s][info][gc,start       ] GC(2954) Pause Young (Allocation Failure)
[1095.476s][info][gc,heap        ] GC(2954) PSYoungGen: 258624K(269312K)->64K(249344K) Eden: 258560K(258560K)->0K(248832K) From: 64K(10752K)->64K(512K)
[1095.476s][info][gc,heap        ] GC(2954) ParOldGen: 222550K(222720K)->222558K(222720K)
[1095.476s][info][gc,metaspace   ] GC(2954) Metaspace: 35662K(36480K)->35662K(36480K) NonClass: 26457K(27136K)->26457K(27136K) Class: 9204K(9344K)->9204K(9344K)
[1095.476s][info][gc             ] GC(2954) Pause Young (Allocation Failure) 469M->217M(461M) 1.181ms
[1095.476s][info][gc,cpu         ] GC(2954) User=0.00s Sys=0.00s Real=0.00s
[1095.839s][info][gc,start       ] GC(2955) Pause Young (Allocation Failure)
[1095.840s][info][gc,heap        ] GC(2955) PSYoungGen: 248896K(249344K)->64K(248832K) Eden: 248832K(248832K)->0K(239616K) From: 64K(512K)->64K(9216K)
[1095.840s][info][gc,heap        ] GC(2955) ParOldGen: 222558K(222720K)->222566K(222720K)
[1095.840s][info][gc,metaspace   ] GC(2955) Metaspace: 35662K(36480K)->35662K(36480K) NonClass: 26457K(27136K)->26457K(27136K) Class: 9204K(9344K)->9204K(9344K)
[1095.840s][info][gc             ] GC(2955) Pause Young (Allocation Failure) 460M->217M(460M) 1.164ms
[1095.840s][info][gc,cpu         ] GC(2955) User=0.00s Sys=0.00s Real=0.00s
[1095.975s][info][gc,start       ] GC(2956) Pause Young (Allocation Failure)
[1095.976s][info][gc,heap        ] GC(2956) PSYoungGen: 239680K(248832K)->64K(230912K) Eden: 239616K(239616K)->0K(230400K) From: 64K(9216K)->64K(512K)
[1095.976s][info][gc,heap        ] GC(2956) ParOldGen: 222566K(222720K)->222574K(222720K)
[1095.976s][info][gc,metaspace   ] GC(2956) Metaspace: 35662K(36480K)->35662K(36480K) NonClass: 26457K(27136K)->26457K(27136K) Class: 9204K(9344K)->9204K(9344K)
[1095.976s][info][gc             ] GC(2956) Pause Young (Allocation Failure) 451M->217M(443M) 1.492ms
[1095.976s][info][gc,cpu         ] GC(2956) User=0.00s Sys=0.00s Real=0.00s
[1096.273s][info][gc,start       ] GC(2957) Pause Young (Allocation Failure)
[1096.274s][info][gc,heap        ] GC(2957) PSYoungGen: 230464K(230912K)->32K(229888K) Eden: 230400K(230400K)->0K(221696K) From: 64K(512K)->32K(8192K)
[1096.274s][info][gc,heap        ] GC(2957) ParOldGen: 222574K(222720K)->222582K(222720K)
[1096.274s][info][gc,metaspace   ] GC(2957) Metaspace: 35662K(36480K)->35662K(36480K) NonClass: 26457K(27136K)->26457K(27136K) Class: 9204K(9344K)->9204K(9344K)
[1096.274s][info][gc             ] GC(2957) Pause Young (Allocation Failure) 442M->217M(442M) 1.337ms
[1096.274s][info][gc,cpu         ] GC(2957) User=0.00s Sys=0.00s Real=0.00s
[1096.644s][info][gc,start       ] GC(2958) Pause Young (Allocation Failure)
[1096.646s][info][gc,heap        ] GC(2958) PSYoungGen: 221728K(229888K)->64K(214016K) Eden: 221696K(221696K)->0K(213504K) From: 32K(8192K)->64K(512K)
[1096.646s][info][gc,heap        ] GC(2958) ParOldGen: 222582K(222720K)->222590K(222720K)
[1096.646s][info][gc,metaspace   ] GC(2958) Metaspace: 35662K(36480K)->35662K(36480K) NonClass: 26457K(27136K)->26457K(27136K) Class: 9204K(9344K)->9204K(9344K)
[1096.646s][info][gc             ] GC(2958) Pause Young (Allocation Failure) 433M->217M(426M) 1.982ms
[1096.646s][info][gc,cpu         ] GC(2958) User=0.00s Sys=0.00s Real=0.00s
[1096.934s][info][gc,start       ] GC(2959) Pause Young (Allocation Failure)
[1096.936s][info][gc,heap        ] GC(2959) PSYoungGen: 213568K(214016K)->128K(212992K) Eden: 213504K(213504K)->0K(205824K) From: 64K(512K)->128K(7168K)
[1096.936s][info][gc,heap        ] GC(2959) ParOldGen: 222590K(222720K)->222598K(222720K)
[1096.936s][info][gc,metaspace   ] GC(2959) Metaspace: 35662K(36480K)->35662K(36480K) NonClass: 26457K(27136K)->26457K(27136K) Class: 9204K(9344K)->9204K(9344K)
[1096.936s][info][gc             ] GC(2959) Pause Young (Allocation Failure) 425M->217M(425M) 1.857ms
[1096.936s][info][gc,cpu         ] GC(2959) User=0.00s Sys=0.00s Real=0.00s
[1097.187s][info][gc,start       ] GC(2960) Pause Young (Allocation Failure)
[1097.250s][info][gc,heap        ] GC(2960) PSYoungGen: 205952K(212992K)->6656K(253440K) Eden: 205824K(205824K)->0K(246784K) From: 128K(7168K)->6656K(6656K)
[1097.250s][info][gc,heap        ] GC(2960) ParOldGen: 222598K(222720K)->239238K(239616K)
[1097.250s][info][gc,metaspace   ] GC(2960) Metaspace: 35662K(36480K)->35662K(36480K) NonClass: 26457K(27136K)->26457K(27136K) Class: 9204K(9344K)->9204K(9344K)
[1097.250s][info][gc             ] GC(2960) Pause Young (Allocation Failure) 418M->240M(481M) 63.278ms
[1097.250s][info][gc,cpu         ] GC(2960) User=0.07s Sys=0.01s Real=0.06s
[1097.549s][info][gc,start       ] GC(2961) Pause Young (Allocation Failure)
[1097.604s][info][gc,heap        ] GC(2961) PSYoungGen: 253440K(253440K)->14336K(270848K) Eden: 246784K(246784K)->0K(256512K) From: 6656K(6656K)->14336K(14336K)
[1097.604s][info][gc,heap        ] GC(2961) ParOldGen: 239238K(239616K)->253270K(253440K)
[1097.604s][info][gc,metaspace   ] GC(2961) Metaspace: 35662K(36480K)->35662K(36480K) NonClass: 26457K(27136K)->26457K(27136K) Class: 9204K(9344K)->9204K(9344K)
[1097.604s][info][gc             ] GC(2961) Pause Young (Allocation Failure) 481M->261M(512M) 54.795ms
[1097.604s][info][gc,cpu         ] GC(2961) User=0.10s Sys=0.01s Real=0.06s
[1097.766s][info][gc,start       ] GC(2962) Pause Young (Allocation Failure)
[1097.793s][info][gc,heap        ] GC(2962) PSYoungGen: 270848K(270848K)->11328K(310272K) Eden: 256512K(256512K)->0K(287744K) From: 14336K(14336K)->11328K(22528K)
[1097.793s][info][gc,heap        ] GC(2962) ParOldGen: 253270K(253440K)->253638K(253952K)
[1097.793s][info][gc,metaspace   ] GC(2962) Metaspace: 35662K(36480K)->35662K(36480K) NonClass: 26457K(27136K)->26457K(27136K) Class: 9204K(9344K)->9204K(9344K)
[1097.793s][info][gc             ] GC(2962) Pause Young (Allocation Failure) 511M->258M(551M) 26.665ms
[1097.793s][info][gc,cpu         ] GC(2962) User=0.05s Sys=0.01s Real=0.03s
[1098.232s][info][gc,start       ] GC(2963) Pause Young (Allocation Failure)
[1098.233s][info][gc,heap        ] GC(2963) PSYoungGen: 299072K(310272K)->64K(310784K) Eden: 287744K(287744K)->0K(287744K) From: 11328K(22528K)->64K(23040K)
[1098.233s][info][gc,heap        ] GC(2963) ParOldGen: 253638K(253952K)->253646K(253952K)
[1098.233s][info][gc,metaspace   ] GC(2963) Metaspace: 35662K(36480K)->35662K(36480K) NonClass: 26457K(27136K)->26457K(27136K) Class: 9204K(9344K)->9204K(9344K)
[1098.233s][info][gc             ] GC(2963) Pause Young (Allocation Failure) 539M->247M(551M) 1.106ms
[1098.233s][info][gc,cpu         ] GC(2963) User=0.00s Sys=0.00s Real=0.01s
[1098.774s][info][gc,start       ] GC(2964) Pause Young (Allocation Failure)
[1098.775s][info][gc,heap        ] GC(2964) PSYoungGen: 287808K(310784K)->64K(308736K) Eden: 287744K(287744K)->0K(288256K) From: 64K(23040K)->64K(20480K)
[1098.775s][info][gc,heap        ] GC(2964) ParOldGen: 253646K(253952K)->253654K(253952K)
[1098.775s][info][gc,metaspace   ] GC(2964) Metaspace: 35662K(36480K)->35662K(36480K) NonClass: 26457K(27136K)->26457K(27136K) Class: 9204K(9344K)->9204K(9344K)
[1098.775s][info][gc             ] GC(2964) Pause Young (Allocation Failure) 528M->247M(549M) 1.126ms
[1098.775s][info][gc,cpu         ] GC(2964) User=0.00s Sys=0.00s Real=0.00s
[1099.245s][info][gc,start       ] GC(2965) Pause Young (Allocation Failure)
[1099.246s][info][gc,heap        ] GC(2965) PSYoungGen: 288320K(308736K)->64K(309760K) Eden: 288256K(288256K)->0K(288256K) From: 64K(20480K)->64K(21504K)
[1099.246s][info][gc,heap        ] GC(2965) ParOldGen: 253654K(253952K)->253670K(253952K)
[1099.246s][info][gc,metaspace   ] GC(2965) Metaspace: 35662K(36480K)->35662K(36480K) NonClass: 26457K(27136K)->26457K(27136K) Class: 9204K(9344K)->9204K(9344K)
[1099.246s][info][gc             ] GC(2965) Pause Young (Allocation Failure) 529M->247M(550M) 1.082ms
[1099.246s][info][gc,cpu         ] GC(2965) User=0.00s Sys=0.01s Real=0.00s
[1099.485s][info][gc,start       ] GC(2966) Pause Young (Allocation Failure)
[1099.486s][info][gc,heap        ] GC(2966) PSYoungGen: 288320K(309760K)->64K(309760K) Eden: 288256K(288256K)->0K(291328K) From: 64K(21504K)->64K(18432K)
[1099.486s][info][gc,heap        ] GC(2966) ParOldGen: 253670K(253952K)->253686K(253952K)
[1099.486s][info][gc,metaspace   ] GC(2966) Metaspace: 35662K(36480K)->35662K(36480K) NonClass: 26457K(27136K)->26457K(27136K) Class: 9204K(9344K)->9204K(9344K)
[1099.486s][info][gc             ] GC(2966) Pause Young (Allocation Failure) 529M->247M(550M) 1.031ms
[1099.486s][info][gc,cpu         ] GC(2966) User=0.00s Sys=0.00s Real=0.00s
[1099.827s][info][gc,start       ] GC(2967) Pause Young (Allocation Failure)
[1099.828s][info][gc,heap        ] GC(2967) PSYoungGen: 291392K(309760K)->64K(311296K) Eden: 291328K(291328K)->0K(291328K) From: 64K(18432K)->64K(19968K)
[1099.828s][info][gc,heap        ] GC(2967) ParOldGen: 253686K(253952K)->253686K(253952K)
[1099.828s][info][gc,metaspace   ] GC(2967) Metaspace: 35662K(36480K)->35662K(36480K) NonClass: 26457K(27136K)->26457K(27136K) Class: 9204K(9344K)->9204K(9344K)
[1099.828s][info][gc             ] GC(2967) Pause Young (Allocation Failure) 532M->247M(552M) 0.976ms
[1099.828s][info][gc,cpu         ] GC(2967) User=0.00s Sys=0.00s Real=0.00s
[1100.010s][info][gc,start       ] GC(2968) Pause Young (Allocation Failure)
[1100.011s][info][gc,heap        ] GC(2968) PSYoungGen: 291392K(311296K)->64K(312320K) Eden: 291328K(291328K)->0K(294912K) From: 64K(19968K)->64K(17408K)
[1100.011s][info][gc,heap        ] GC(2968) ParOldGen: 253686K(253952K)->253694K(253952K)
[1100.011s][info][gc,metaspace   ] GC(2968) Metaspace: 35662K(36480K)->35662K(36480K) NonClass: 26457K(27136K)->26457K(27136K) Class: 9204K(9344K)->9204K(9344K)
[1100.011s][info][gc             ] GC(2968) Pause Young (Allocation Failure) 532M->247M(553M) 0.958ms
[1100.011s][info][gc,cpu         ] GC(2968) User=0.00s Sys=0.00s Real=0.00s
[1100.064s][info][gc,start       ] GC(2969) Pause Young (Allocation Failure)
[1100.065s][info][gc,heap        ] GC(2969) PSYoungGen: 294976K(312320K)->32K(313344K) Eden: 294912K(294912K)->0K(294912K) From: 64K(17408K)->32K(18432K)
[1100.065s][info][gc,heap        ] GC(2969) ParOldGen: 253694K(253952K)->253710K(253952K)
[1100.065s][info][gc,metaspace   ] GC(2969) Metaspace: 35662K(36480K)->35662K(36480K) NonClass: 26457K(27136K)->26457K(27136K) Class: 9204K(9344K)->9204K(9344K)
[1100.065s][info][gc             ] GC(2969) Pause Young (Allocation Failure) 535M->247M(554M) 0.932ms
[1100.065s][info][gc,cpu         ] GC(2969) User=0.00s Sys=0.00s Real=0.00s
[1100.189s][info][gc,start       ] GC(2970) Pause Young (Allocation Failure)
[1100.190s][info][gc,heap        ] GC(2970) PSYoungGen: 294944K(313344K)->64K(313344K) Eden: 294912K(294912K)->0K(297984K) From: 32K(18432K)->64K(15360K)
[1100.190s][info][gc,heap        ] GC(2970) ParOldGen: 253710K(253952K)->253710K(253952K)
[1100.190s][info][gc,metaspace   ] GC(2970) Metaspace: 35662K(36480K)->35662K(36480K) NonClass: 26457K(27136K)->26457K(27136K) Class: 9204K(9344K)->9204K(9344K)
[1100.190s][info][gc             ] GC(2970) Pause Young (Allocation Failure) 535M->247M(554M) 0.914ms
[1100.190s][info][gc,cpu         ] GC(2970) User=0.00s Sys=0.00s Real=0.00s
[1100.485s][info][gc,start       ] GC(2971) Pause Young (Allocation Failure)
[1100.486s][info][gc,heap        ] GC(2971) PSYoungGen: 298048K(313344K)->64K(314368K) Eden: 297984K(297984K)->0K(297984K) From: 64K(15360K)->64K(16384K)
[1100.486s][info][gc,heap        ] GC(2971) ParOldGen: 253710K(253952K)->253726K(253952K)
[1100.486s][info][gc,metaspace   ] GC(2971) Metaspace: 35662K(36480K)->35662K(36480K) NonClass: 26457K(27136K)->26457K(27136K) Class: 9204K(9344K)->9204K(9344K)
[1100.486s][info][gc             ] GC(2971) Pause Young (Allocation Failure) 538M->247M(555M) 1.111ms
[1100.486s][info][gc,cpu         ] GC(2971) User=0.00s Sys=0.00s Real=0.00s
[1100.662s][info][gc,start       ] GC(2972) Pause Young (Allocation Failure)
[1100.663s][info][gc,heap        ] GC(2972) PSYoungGen: 298048K(314368K)->64K(315392K) Eden: 297984K(297984K)->0K(302080K) From: 64K(16384K)->64K(13312K)
[1100.663s][info][gc,heap        ] GC(2972) ParOldGen: 253726K(253952K)->253726K(253952K)
[1100.663s][info][gc,metaspace   ] GC(2972) Metaspace: 35662K(36480K)->35662K(36480K) NonClass: 26457K(27136K)->26457K(27136K) Class: 9204K(9344K)->9204K(9344K)
[1100.663s][info][gc             ] GC(2972) Pause Young (Allocation Failure) 538M->247M(556M) 1.124ms
[1100.663s][info][gc,cpu         ] GC(2972) User=0.00s Sys=0.00s Real=0.00s
[1100.749s][info][gc,start       ] GC(2973) Pause Young (Allocation Failure)
[1100.750s][info][gc,heap        ] GC(2973) PSYoungGen: 302144K(315392K)->64K(316416K) Eden: 302080K(302080K)->0K(302080K) From: 64K(13312K)->64K(14336K)
[1100.750s][info][gc,heap        ] GC(2973) ParOldGen: 253726K(253952K)->253742K(253952K)
[1100.750s][info][gc,metaspace   ] GC(2973) Metaspace: 35662K(36480K)->35662K(36480K) NonClass: 26457K(27136K)->26457K(27136K) Class: 9204K(9344K)->9204K(9344K)
[1100.750s][info][gc             ] GC(2973) Pause Young (Allocation Failure) 542M->247M(557M) 1.061ms
[1100.750s][info][gc,cpu         ] GC(2973) User=0.01s Sys=0.00s Real=0.00s
[1100.936s][info][gc,start       ] GC(2974) Pause Young (Allocation Failure)
[1100.937s][info][gc,heap        ] GC(2974) PSYoungGen: 302144K(316416K)->64K(290816K) Eden: 302080K(302080K)->0K(290304K) From: 64K(14336K)->64K(512K)
[1100.937s][info][gc,heap        ] GC(2974) ParOldGen: 253742K(253952K)->253742K(253952K)
[1100.937s][info][gc,metaspace   ] GC(2974) Metaspace: 35662K(36480K)->35662K(36480K) NonClass: 26457K(27136K)->26457K(27136K) Class: 9204K(9344K)->9204K(9344K)
[1100.937s][info][gc             ] GC(2974) Pause Young (Allocation Failure) 542M->247M(532M) 1.168ms
[1100.937s][info][gc,cpu         ] GC(2974) User=0.00s Sys=0.00s Real=0.00s
[1101.862s][info][gc,start       ] GC(2975) Pause Young (Allocation Failure)
[1101.863s][info][gc,heap        ] GC(2975) PSYoungGen: 290368K(290816K)->64K(291840K) Eden: 290304K(290304K)->0K(279040K) From: 64K(512K)->64K(12800K)
[1101.863s][info][gc,heap        ] GC(2975) ParOldGen: 253742K(253952K)->253750K(253952K)
[1101.863s][info][gc,metaspace   ] GC(2975) Metaspace: 35662K(36480K)->35662K(36480K) NonClass: 26457K(27136K)->26457K(27136K) Class: 9204K(9344K)->9204K(9344K)
[1101.863s][info][gc             ] GC(2975) Pause Young (Allocation Failure) 531M->247M(533M) 1.034ms
[1101.863s][info][gc,cpu         ] GC(2975) User=0.01s Sys=0.00s Real=0.00s
[1102.693s][info][gc,start       ] GC(2976) Pause Young (Allocation Failure)
[1102.695s][info][gc,heap        ] GC(2976) PSYoungGen: 279104K(291840K)->64K(268800K) Eden: 279040K(279040K)->0K(268288K) From: 64K(12800K)->64K(512K)
[1102.695s][info][gc,heap        ] GC(2976) ParOldGen: 253750K(253952K)->253758K(253952K)
[1102.695s][info][gc,metaspace   ] GC(2976) Metaspace: 35662K(36480K)->35662K(36480K) NonClass: 26457K(27136K)->26457K(27136K) Class: 9204K(9344K)->9204K(9344K)
[1102.695s][info][gc             ] GC(2976) Pause Young (Allocation Failure) 520M->247M(510M) 1.819ms
[1102.695s][info][gc,cpu         ] GC(2976) User=0.00s Sys=0.00s Real=0.00s
[1103.006s][info][gc,start       ] GC(2977) Pause Young (Allocation Failure)
[1103.007s][info][gc,heap        ] GC(2977) PSYoungGen: 268352K(268800K)->64K(269312K) Eden: 268288K(268288K)->0K(258048K) From: 64K(512K)->64K(11264K)
[1103.007s][info][gc,heap        ] GC(2977) ParOldGen: 253758K(253952K)->253766K(253952K)
[1103.007s][info][gc,metaspace   ] GC(2977) Metaspace: 35662K(36480K)->35662K(36480K) NonClass: 26457K(27136K)->26457K(27136K) Class: 9204K(9344K)->9204K(9344K)
[1103.007s][info][gc             ] GC(2977) Pause Young (Allocation Failure) 509M->247M(511M) 1.019ms
[1103.007s][info][gc,cpu         ] GC(2977) User=0.01s Sys=0.00s Real=0.00s
[1103.410s][info][gc,start       ] GC(2978) Pause Young (Allocation Failure)
[1103.411s][info][gc,heap        ] GC(2978) PSYoungGen: 258112K(269312K)->64K(248832K) Eden: 258048K(258048K)->0K(248320K) From: 64K(11264K)->64K(512K)
[1103.412s][info][gc,heap        ] GC(2978) ParOldGen: 253766K(253952K)->253774K(253952K)
[1103.412s][info][gc,metaspace   ] GC(2978) Metaspace: 35662K(36480K)->35662K(36480K) NonClass: 26457K(27136K)->26457K(27136K) Class: 9204K(9344K)->9204K(9344K)
[1103.412s][info][gc             ] GC(2978) Pause Young (Allocation Failure) 499M->247M(491M) 1.298ms
[1103.412s][info][gc,cpu         ] GC(2978) User=0.00s Sys=0.00s Real=0.00s
[1104.346s][info][gc,start       ] GC(2979) Pause Young (Allocation Failure)
[1104.347s][info][gc,heap        ] GC(2979) PSYoungGen: 248384K(248832K)->64K(248832K) Eden: 248320K(248320K)->0K(239104K) From: 64K(512K)->64K(9728K)
[1104.347s][info][gc,heap        ] GC(2979) ParOldGen: 253774K(253952K)->253790K(253952K)
[1104.347s][info][gc,metaspace   ] GC(2979) Metaspace: 35662K(36480K)->35662K(36480K) NonClass: 26457K(27136K)->26457K(27136K) Class: 9204K(9344K)->9204K(9344K)
[1104.348s][info][gc             ] GC(2979) Pause Young (Allocation Failure) 490M->247M(491M) 1.697ms
[1104.348s][info][gc,cpu         ] GC(2979) User=0.00s Sys=0.00s Real=0.00s
[1104.710s][info][gc,start       ] GC(2980) Pause Young (Allocation Failure)
[1104.712s][info][gc,heap        ] GC(2980) PSYoungGen: 239168K(248832K)->32K(230400K) Eden: 239104K(239104K)->0K(229888K) From: 64K(9728K)->32K(512K)
[1104.712s][info][gc,heap        ] GC(2980) ParOldGen: 253790K(253952K)->253798K(253952K)
[1104.712s][info][gc,metaspace   ] GC(2980) Metaspace: 35662K(36480K)->35662K(36480K) NonClass: 26457K(27136K)->26457K(27136K) Class: 9204K(9344K)->9204K(9344K)
[1104.712s][info][gc             ] GC(2980) Pause Young (Allocation Failure) 481M->247M(473M) 2.008ms
[1104.712s][info][gc,cpu         ] GC(2980) User=0.00s Sys=0.00s Real=0.01s
[1104.777s][info][gc,start       ] GC(2981) Pause Young (Allocation Failure)
[1104.778s][info][gc,heap        ] GC(2981) PSYoungGen: 229920K(230400K)->64K(229888K) Eden: 229888K(229888K)->0K(221184K) From: 32K(512K)->64K(8704K)
[1104.778s][info][gc,heap        ] GC(2981) ParOldGen: 253798K(253952K)->253806K(253952K)
[1104.778s][info][gc,metaspace   ] GC(2981) Metaspace: 35662K(36480K)->35662K(36480K) NonClass: 26457K(27136K)->26457K(27136K) Class: 9204K(9344K)->9204K(9344K)
[1104.778s][info][gc             ] GC(2981) Pause Young (Allocation Failure) 472M->247M(472M) 1.483ms
[1104.778s][info][gc,cpu         ] GC(2981) User=0.00s Sys=0.00s Real=0.00s
[1105.214s][info][gc,start       ] GC(2982) Pause Young (Allocation Failure)
[1105.217s][info][gc,heap        ] GC(2982) PSYoungGen: 221248K(229888K)->64K(213504K) Eden: 221184K(221184K)->0K(212992K) From: 64K(8704K)->64K(512K)
[1105.217s][info][gc,heap        ] GC(2982) ParOldGen: 253806K(253952K)->253814K(253952K)
[1105.217s][info][gc,metaspace   ] GC(2982) Metaspace: 35662K(36480K)->35662K(36480K) NonClass: 26457K(27136K)->26457K(27136K) Class: 9204K(9344K)->9204K(9344K)
[1105.217s][info][gc             ] GC(2982) Pause Young (Allocation Failure) 463M->247M(456M) 2.429ms
[1105.217s][info][gc,cpu         ] GC(2982) User=0.00s Sys=0.00s Real=0.00s
[1105.473s][info][gc,start       ] GC(2983) Pause Young (Allocation Failure)
[1105.474s][info][gc,heap        ] GC(2983) PSYoungGen: 213056K(213504K)->32K(212992K) Eden: 212992K(212992K)->0K(205312K) From: 64K(512K)->32K(7680K)
[1105.474s][info][gc,heap        ] GC(2983) ParOldGen: 253814K(253952K)->253822K(253952K)
[1105.474s][info][gc,metaspace   ] GC(2983) Metaspace: 35662K(36480K)->35662K(36480K) NonClass: 26457K(27136K)->26457K(27136K) Class: 9204K(9344K)->9204K(9344K)
[1105.474s][info][gc             ] GC(2983) Pause Young (Allocation Failure) 455M->247M(456M) 1.488ms
[1105.474s][info][gc,cpu         ] GC(2983) User=0.00s Sys=0.00s Real=0.00s
[1105.773s][info][gc,start       ] GC(2984) Pause Young (Allocation Failure)
[1105.781s][info][gc,heap        ] GC(2984) PSYoungGen: 205344K(212992K)->4992K(249344K) Eden: 205312K(205312K)->0K(244224K) From: 32K(7680K)->4992K(5120K)
[1105.781s][info][gc,heap        ] GC(2984) ParOldGen: 253822K(253952K)->253838K(253952K)
[1105.781s][info][gc,metaspace   ] GC(2984) Metaspace: 35662K(36480K)->35662K(36480K) NonClass: 26457K(27136K)->26457K(27136K) Class: 9204K(9344K)->9204K(9344K)
[1105.781s][info][gc             ] GC(2984) Pause Young (Allocation Failure) 448M->252M(491M) 8.921ms
[1105.781s][info][gc,cpu         ] GC(2984) User=0.01s Sys=0.00s Real=0.00s
[1106.071s][info][gc,start       ] GC(2985) Pause Young (Allocation Failure)
[1106.128s][info][gc,heap        ] GC(2985) PSYoungGen: 249216K(249344K)->8192K(271872K) Eden: 244224K(244224K)->0K(263680K) From: 4992K(5120K)->8192K(8192K)
[1106.128s][info][gc,heap        ] GC(2985) ParOldGen: 253838K(253952K)->273286K(273408K)
[1106.128s][info][gc,metaspace   ] GC(2985) Metaspace: 35662K(36480K)->35662K(36480K) NonClass: 26457K(27136K)->26457K(27136K) Class: 9204K(9344K)->9204K(9344K)
[1106.128s][info][gc             ] GC(2985) Pause Young (Allocation Failure) 491M->274M(532M) 57.155ms
[1106.128s][info][gc,cpu         ] GC(2985) User=0.09s Sys=0.02s Real=0.06s
[1106.442s][info][gc,start       ] GC(2986) Pause Young (Allocation Failure)
[1106.508s][info][gc,heap        ] GC(2986) PSYoungGen: 271872K(271872K)->16896K(299520K) Eden: 263680K(263680K)->0K(282624K) From: 8192K(8192K)->16896K(16896K)
[1106.508s][info][gc,heap        ] GC(2986) ParOldGen: 273286K(273408K)->286742K(287232K)
[1106.508s][info][gc,metaspace   ] GC(2986) Metaspace: 35662K(36480K)->35662K(36480K) NonClass: 26457K(27136K)->26457K(27136K) Class: 9204K(9344K)->9204K(9344K)
[1106.508s][info][gc             ] GC(2986) Pause Young (Allocation Failure) 532M->296M(573M) 66.019ms
[1106.508s][info][gc,cpu         ] GC(2986) User=0.11s Sys=0.02s Real=0.06s
[1106.617s][info][gc,start       ] GC(2987) Pause Young (Allocation Failure)
[1106.622s][info][gc,heap        ] GC(2987) PSYoungGen: 299520K(299520K)->256K(308224K) Eden: 282624K(282624K)->0K(282624K) From: 16896K(16896K)->256K(25600K)
[1106.622s][info][gc,heap        ] GC(2987) ParOldGen: 286742K(287232K)->287094K(287232K)
[1106.622s][info][gc,metaspace   ] GC(2987) Metaspace: 35662K(36480K)->35662K(36480K) NonClass: 26457K(27136K)->26457K(27136K) Class: 9204K(9344K)->9204K(9344K)
[1106.622s][info][gc             ] GC(2987) Pause Young (Allocation Failure) 572M->280M(581M) 5.347ms
[1106.622s][info][gc,cpu         ] GC(2987) User=0.01s Sys=0.00s Real=0.01s
[1107.277s][info][gc,start       ] GC(2988) Pause Young (Allocation Failure)
[1107.279s][info][gc,heap        ] GC(2988) PSYoungGen: 282880K(308224K)->64K(306176K) Eden: 282624K(282624K)->0K(283648K) From: 256K(25600K)->64K(22528K)
[1107.279s][info][gc,heap        ] GC(2988) ParOldGen: 287094K(287232K)->287102K(287232K)
[1107.279s][info][gc,metaspace   ] GC(2988) Metaspace: 35662K(36480K)->35662K(36480K) NonClass: 26457K(27136K)->26457K(27136K) Class: 9204K(9344K)->9204K(9344K)
[1107.279s][info][gc             ] GC(2988) Pause Young (Allocation Failure) 556M->280M(579M) 1.243ms
[1107.279s][info][gc,cpu         ] GC(2988) User=0.00s Sys=0.00s Real=0.00s
[1107.637s][info][gc,start       ] GC(2989) Pause Young (Allocation Failure)
[1107.638s][info][gc,heap        ] GC(2989) PSYoungGen: 283712K(306176K)->64K(307712K) Eden: 283648K(283648K)->0K(283648K) From: 64K(22528K)->64K(24064K)
[1107.638s][info][gc,heap        ] GC(2989) ParOldGen: 287102K(287232K)->287110K(287232K)
[1107.638s][info][gc,metaspace   ] GC(2989) Metaspace: 35662K(36480K)->35662K(36480K) NonClass: 26457K(27136K)->26457K(27136K) Class: 9204K(9344K)->9204K(9344K)
[1107.638s][info][gc             ] GC(2989) Pause Young (Allocation Failure) 557M->280M(581M) 1.255ms
[1107.638s][info][gc,cpu         ] GC(2989) User=0.00s Sys=0.00s Real=0.00s
[1108.086s][info][gc,start       ] GC(2990) Pause Young (Allocation Failure)
[1108.087s][info][gc,heap        ] GC(2990) PSYoungGen: 283712K(307712K)->64K(307200K) Eden: 283648K(283648K)->0K(286720K) From: 64K(24064K)->64K(20480K)
[1108.087s][info][gc,heap        ] GC(2990) ParOldGen: 287110K(287232K)->287126K(287232K)
[1108.087s][info][gc,metaspace   ] GC(2990) Metaspace: 35662K(36480K)->35662K(36480K) NonClass: 26457K(27136K)->26457K(27136K) Class: 9204K(9344K)->9204K(9344K)
[1108.087s][info][gc             ] GC(2990) Pause Young (Allocation Failure) 557M->280M(580M) 1.171ms
[1108.087s][info][gc,cpu         ] GC(2990) User=0.00s Sys=0.00s Real=0.00s
[1108.326s][info][gc,start       ] GC(2991) Pause Young (Allocation Failure)
[1108.327s][info][gc,heap        ] GC(2991) PSYoungGen: 286784K(307200K)->64K(308736K) Eden: 286720K(286720K)->0K(286720K) From: 64K(20480K)->64K(22016K)
[1108.327s][info][gc,heap        ] GC(2991) ParOldGen: 287126K(287232K)->287142K(287232K)
[1108.327s][info][gc,metaspace   ] GC(2991) Metaspace: 35662K(36480K)->35662K(36480K) NonClass: 26457K(27136K)->26457K(27136K) Class: 9204K(9344K)->9204K(9344K)
[1108.327s][info][gc             ] GC(2991) Pause Young (Allocation Failure) 560M->280M(582M) 1.193ms
[1108.327s][info][gc,cpu         ] GC(2991) User=0.00s Sys=0.00s Real=0.00s
[1108.695s][info][gc,start       ] GC(2992) Pause Young (Allocation Failure)
[1108.696s][info][gc,heap        ] GC(2992) PSYoungGen: 286784K(308736K)->64K(309248K) Eden: 286720K(286720K)->0K(290816K) From: 64K(22016K)->64K(18432K)
[1108.696s][info][gc,heap        ] GC(2992) ParOldGen: 287142K(287232K)->287142K(287232K)
[1108.696s][info][gc,metaspace   ] GC(2992) Metaspace: 35662K(36480K)->35662K(36480K) NonClass: 26457K(27136K)->26457K(27136K) Class: 9204K(9344K)->9204K(9344K)
[1108.696s][info][gc             ] GC(2992) Pause Young (Allocation Failure) 560M->280M(582M) 1.062ms
[1108.696s][info][gc,cpu         ] GC(2992) User=0.00s Sys=0.00s Real=0.00s
[1108.779s][info][gc,start       ] GC(2993) Pause Young (Allocation Failure)
[1108.780s][info][gc,heap        ] GC(2993) PSYoungGen: 290880K(309248K)->64K(310784K) Eden: 290816K(290816K)->0K(290816K) From: 64K(18432K)->64K(19968K)
[1108.780s][info][gc,heap        ] GC(2993) ParOldGen: 287142K(287232K)->287150K(287232K)
[1108.780s][info][gc,metaspace   ] GC(2993) Metaspace: 35662K(36480K)->35662K(36480K) NonClass: 26457K(27136K)->26457K(27136K) Class: 9204K(9344K)->9204K(9344K)
[1108.780s][info][gc             ] GC(2993) Pause Young (Allocation Failure) 564M->280M(584M) 1.029ms
[1108.780s][info][gc,cpu         ] GC(2993) User=0.00s Sys=0.00s Real=0.00s
[1108.831s][info][gc,start       ] GC(2994) Pause Young (Allocation Failure)
[1108.832s][info][gc,heap        ] GC(2994) PSYoungGen: 290880K(310784K)->64K(311296K) Eden: 290816K(290816K)->0K(294912K) From: 64K(19968K)->64K(16384K)
[1108.832s][info][gc,heap        ] GC(2994) ParOldGen: 287150K(287232K)->287166K(287232K)
[1108.832s][info][gc,metaspace   ] GC(2994) Metaspace: 35662K(36480K)->35662K(36480K) NonClass: 26457K(27136K)->26457K(27136K) Class: 9204K(9344K)->9204K(9344K)
[1108.832s][info][gc             ] GC(2994) Pause Young (Allocation Failure) 564M->280M(584M) 0.984ms
[1108.832s][info][gc,cpu         ] GC(2994) User=0.00s Sys=0.00s Real=0.00s
[1109.036s][info][gc,start       ] GC(2995) Pause Young (Allocation Failure)
[1109.037s][info][gc,heap        ] GC(2995) PSYoungGen: 294976K(311296K)->64K(312832K) Eden: 294912K(294912K)->0K(294912K) From: 64K(16384K)->64K(17920K)
[1109.037s][info][gc,heap        ] GC(2995) ParOldGen: 287166K(287232K)->287166K(287232K)
[1109.037s][info][gc,metaspace   ] GC(2995) Metaspace: 35662K(36480K)->35662K(36480K) NonClass: 26457K(27136K)->26457K(27136K) Class: 9204K(9344K)->9204K(9344K)
[1109.037s][info][gc             ] GC(2995) Pause Young (Allocation Failure) 568M->280M(586M) 1.093ms
[1109.038s][info][gc,cpu         ] GC(2995) User=0.00s Sys=0.00s Real=0.00s
[1109.299s][info][gc,start       ] GC(2996) Pause Young (Allocation Failure)
[1109.300s][info][gc,heap        ] GC(2996) PSYoungGen: 294976K(312832K)->64K(313344K) Eden: 294912K(294912K)->0K(299008K) From: 64K(17920K)->64K(14336K)
[1109.300s][info][gc,heap        ] GC(2996) ParOldGen: 287166K(287232K)->287174K(287232K)
[1109.300s][info][gc,metaspace   ] GC(2996) Metaspace: 35662K(36480K)->35662K(36480K) NonClass: 26457K(27136K)->26457K(27136K) Class: 9204K(9344K)->9204K(9344K)
[1109.300s][info][gc             ] GC(2996) Pause Young (Allocation Failure) 568M->280M(586M) 1.041ms
[1109.300s][info][gc,cpu         ] GC(2996) User=0.01s Sys=0.00s Real=0.00s
[1109.432s][info][gc,start       ] GC(2997) Pause Young (Allocation Failure)
[1109.433s][info][gc,heap        ] GC(2997) PSYoungGen: 299072K(313344K)->64K(314880K) Eden: 299008K(299008K)->0K(299008K) From: 64K(14336K)->64K(15872K)
[1109.433s][info][gc,heap        ] GC(2997) ParOldGen: 287174K(287232K)->287182K(287232K)
[1109.433s][info][gc,metaspace   ] GC(2997) Metaspace: 35662K(36480K)->35662K(36480K) NonClass: 26457K(27136K)->26457K(27136K) Class: 9204K(9344K)->9204K(9344K)
[1109.433s][info][gc             ] GC(2997) Pause Young (Allocation Failure) 572M->280M(588M) 1.119ms
[1109.433s][info][gc,cpu         ] GC(2997) User=0.00s Sys=0.00s Real=0.00s
[1109.543s][info][gc,start       ] GC(2998) Pause Young (Allocation Failure)
[1109.544s][info][gc,heap        ] GC(2998) PSYoungGen: 299072K(314880K)->64K(315392K) Eden: 299008K(299008K)->0K(303104K) From: 64K(15872K)->64K(12288K)
[1109.544s][info][gc,heap        ] GC(2998) ParOldGen: 287182K(287232K)->287190K(287232K)
[1109.544s][info][gc,metaspace   ] GC(2998) Metaspace: 35662K(36480K)->35662K(36480K) NonClass: 26457K(27136K)->26457K(27136K) Class: 9204K(9344K)->9204K(9344K)
[1109.544s][info][gc             ] GC(2998) Pause Young (Allocation Failure) 572M->280M(588M) 1.046ms
[1109.544s][info][gc,cpu         ] GC(2998) User=0.00s Sys=0.00s Real=0.00s
[1109.821s][info][gc,start       ] GC(2999) Pause Young (Allocation Failure)
[1109.823s][info][gc,heap        ] GC(2999) PSYoungGen: 303168K(315392K)->64K(291328K) Eden: 303104K(303104K)->0K(290816K) From: 64K(12288K)->64K(512K)
[1109.823s][info][gc,heap        ] GC(2999) ParOldGen: 287190K(287232K)->287198K(287232K)
[1109.823s][info][gc,metaspace   ] GC(2999) Metaspace: 35662K(36480K)->35662K(36480K) NonClass: 26457K(27136K)->26457K(27136K) Class: 9204K(9344K)->9204K(9344K)
[1109.823s][info][gc             ] GC(2999) Pause Young (Allocation Failure) 576M->280M(565M) 1.511ms
[1109.823s][info][gc,cpu         ] GC(2999) User=0.00s Sys=0.00s Real=0.01s
[1110.608s][info][gc,start       ] GC(3000) Pause Young (Allocation Failure)
[1110.609s][info][gc,heap        ] GC(3000) PSYoungGen: 290880K(291328K)->64K(280064K) Eden: 290816K(290816K)->0K(279552K) From: 64K(512K)->64K(512K)
[1110.609s][info][gc,heap        ] GC(3000) ParOldGen: 287198K(287232K)->287206K(287232K)
[1110.609s][info][gc,metaspace   ] GC(3000) Metaspace: 35662K(36480K)->35662K(36480K) NonClass: 26457K(27136K)->26457K(27136K) Class: 9204K(9344K)->9204K(9344K)
[1110.609s][info][gc             ] GC(3000) Pause Young (Allocation Failure) 564M->280M(554M) 1.635ms
[1110.609s][info][gc,cpu         ] GC(3000) User=0.00s Sys=0.00s Real=0.00s
[1111.491s][info][gc,start       ] GC(3001) Pause Young (Allocation Failure)
[1111.492s][info][gc,heap        ] GC(3001) PSYoungGen: 279616K(280064K)->64K(281088K) Eden: 279552K(279552K)->0K(268800K) From: 64K(512K)->64K(12288K)
[1111.492s][info][gc,heap        ] GC(3001) ParOldGen: 287206K(287232K)->287214K(287232K)
[1111.492s][info][gc,metaspace   ] GC(3001) Metaspace: 35662K(36480K)->35662K(36480K) NonClass: 26457K(27136K)->26457K(27136K) Class: 9204K(9344K)->9204K(9344K)
[1111.492s][info][gc             ] GC(3001) Pause Young (Allocation Failure) 553M->280M(555M) 1.070ms
[1111.492s][info][gc,cpu         ] GC(3001) User=0.00s Sys=0.00s Real=0.01s
[1111.904s][info][gc,start       ] GC(3002) Pause Young (Allocation Failure)
[1111.905s][info][gc,heap        ] GC(3002) PSYoungGen: 268864K(281088K)->64K(259072K) Eden: 268800K(268800K)->0K(258560K) From: 64K(12288K)->64K(512K)
[1111.905s][info][gc,heap        ] GC(3002) ParOldGen: 287214K(287232K)->287222K(287232K)
[1111.905s][info][gc,metaspace   ] GC(3002) Metaspace: 35662K(36480K)->35662K(36480K) NonClass: 26457K(27136K)->26457K(27136K) Class: 9204K(9344K)->9204K(9344K)
[1111.905s][info][gc             ] GC(3002) Pause Young (Allocation Failure) 543M->280M(533M) 1.586ms
[1111.905s][info][gc,cpu         ] GC(3002) User=0.00s Sys=0.00s Real=0.00s
[1112.896s][info][gc,start       ] GC(3003) Pause Young (Allocation Failure)
[1112.897s][info][gc,heap        ] GC(3003) PSYoungGen: 258624K(259072K)->64K(259584K) Eden: 258560K(258560K)->0K(248832K) From: 64K(512K)->64K(10752K)
[1112.897s][info][gc,heap        ] GC(3003) ParOldGen: 287222K(287232K)->287230K(287232K)
[1112.897s][info][gc,metaspace   ] GC(3003) Metaspace: 35662K(36480K)->35662K(36480K) NonClass: 26457K(27136K)->26457K(27136K) Class: 9204K(9344K)->9204K(9344K)
[1112.897s][info][gc             ] GC(3003) Pause Young (Allocation Failure) 533M->280M(534M) 1.145ms
[1112.897s][info][gc,cpu         ] GC(3003) User=0.00s Sys=0.00s Real=0.00s
[1113.285s][info][gc,start       ] GC(3004) Pause Young (Allocation Failure)
[1113.288s][info][gc,heap        ] GC(3004) PSYoungGen: 248896K(259584K)->64K(240128K) Eden: 248832K(248832K)->0K(239616K) From: 64K(10752K)->64K(512K)
[1113.288s][info][gc,heap        ] GC(3004) ParOldGen: 287230K(287232K)->287246K(287744K)
[1113.288s][info][gc,metaspace   ] GC(3004) Metaspace: 35662K(36480K)->35662K(36480K) NonClass: 26457K(27136K)->26457K(27136K) Class: 9204K(9344K)->9204K(9344K)
[1113.288s][info][gc             ] GC(3004) Pause Young (Allocation Failure) 523M->280M(515M) 2.725ms
[1113.288s][info][gc,cpu         ] GC(3004) User=0.01s Sys=0.00s Real=0.00s
[1113.449s][info][gc,start       ] GC(3005) Pause Young (Allocation Failure)
[1113.451s][info][gc,heap        ] GC(3005) PSYoungGen: 239680K(240128K)->64K(239616K) Eden: 239616K(239616K)->0K(230400K) From: 64K(512K)->64K(9216K)
[1113.451s][info][gc,heap        ] GC(3005) ParOldGen: 287246K(287744K)->287262K(287744K)
[1113.451s][info][gc,metaspace   ] GC(3005) Metaspace: 35662K(36480K)->35662K(36480K) NonClass: 26457K(27136K)->26457K(27136K) Class: 9204K(9344K)->9204K(9344K)
[1113.451s][info][gc             ] GC(3005) Pause Young (Allocation Failure) 514M->280M(515M) 1.764ms
[1113.451s][info][gc,cpu         ] GC(3005) User=0.00s Sys=0.00s Real=0.00s
[1113.604s][info][gc,start       ] GC(3006) Pause Young (Allocation Failure)
[1113.607s][info][gc,heap        ] GC(3006) PSYoungGen: 230464K(239616K)->32K(222208K) Eden: 230400K(230400K)->0K(221696K) From: 64K(9216K)->32K(512K)
[1113.607s][info][gc,heap        ] GC(3006) ParOldGen: 287262K(287744K)->287270K(287744K)
[1113.607s][info][gc,metaspace   ] GC(3006) Metaspace: 35662K(36480K)->35662K(36480K) NonClass: 26457K(27136K)->26457K(27136K) Class: 9204K(9344K)->9204K(9344K)
[1113.607s][info][gc             ] GC(3006) Pause Young (Allocation Failure) 505M->280M(498M) 2.591ms
[1113.607s][info][gc,cpu         ] GC(3006) User=0.00s Sys=0.01s Real=0.00s
[1114.114s][info][gc,start       ] GC(3007) Pause Young (Allocation Failure)
[1114.116s][info][gc,heap        ] GC(3007) PSYoungGen: 221728K(222208K)->32K(221696K) Eden: 221696K(221696K)->0K(213504K) From: 32K(512K)->32K(8192K)
[1114.116s][info][gc,heap        ] GC(3007) ParOldGen: 287270K(287744K)->287278K(287744K)
[1114.116s][info][gc,metaspace   ] GC(3007) Metaspace: 35662K(36480K)->35662K(36480K) NonClass: 26457K(27136K)->26457K(27136K) Class: 9204K(9344K)->9204K(9344K)
[1114.116s][info][gc             ] GC(3007) Pause Young (Allocation Failure) 497M->280M(497M) 1.824ms
[1114.116s][info][gc,cpu         ] GC(3007) User=0.00s Sys=0.00s Real=0.00s
[1114.314s][info][gc,start       ] GC(3008) Pause Young (Allocation Failure)
[1114.316s][info][gc,heap        ] GC(3008) PSYoungGen: 213536K(221696K)->32K(206336K) Eden: 213504K(213504K)->0K(205824K) From: 32K(8192K)->32K(512K)
[1114.316s][info][gc,heap        ] GC(3008) ParOldGen: 287278K(287744K)->287286K(287744K)
[1114.316s][info][gc,metaspace   ] GC(3008) Metaspace: 35662K(36480K)->35662K(36480K) NonClass: 26457K(27136K)->26457K(27136K) Class: 9204K(9344K)->9204K(9344K)
[1114.316s][info][gc             ] GC(3008) Pause Young (Allocation Failure) 489M->280M(482M) 2.132ms
[1114.316s][info][gc,cpu         ] GC(3008) User=0.00s Sys=0.00s Real=0.00s
[1114.590s][info][gc,start       ] GC(3009) Pause Young (Allocation Failure)
[1114.619s][info][gc,heap        ] GC(3009) PSYoungGen: 205856K(206336K)->7168K(253440K) Eden: 205824K(205824K)->0K(246272K) From: 32K(512K)->7168K(7168K)
[1114.619s][info][gc,heap        ] GC(3009) ParOldGen: 287286K(287744K)->296462K(296960K)
[1114.619s][info][gc,metaspace   ] GC(3009) Metaspace: 35662K(36480K)->35662K(36480K) NonClass: 26457K(27136K)->26457K(27136K) Class: 9204K(9344K)->9204K(9344K)
[1114.619s][info][gc             ] GC(3009) Pause Young (Allocation Failure) 481M->296M(537M) 29.701ms
[1114.619s][info][gc,cpu         ] GC(3009) User=0.05s Sys=0.01s Real=0.03s
[1114.914s][info][gc,start       ] GC(3010) Pause Young (Allocation Failure)
[1114.970s][info][gc,heap        ] GC(3010) PSYoungGen: 253440K(253440K)->7168K(249856K) Eden: 246272K(246272K)->0K(242688K) From: 7168K(7168K)->7168K(7168K)
[1114.970s][info][gc,heap        ] GC(3010) ParOldGen: 296462K(296960K)->317414K(317440K)
[1114.970s][info][gc,metaspace   ] GC(3010) Metaspace: 35662K(36480K)->35662K(36480K) NonClass: 26457K(27136K)->26457K(27136K) Class: 9204K(9344K)->9204K(9344K)
[1114.970s][info][gc             ] GC(3010) Pause Young (Allocation Failure) 537M->316M(554M) 56.411ms
[1114.970s][info][gc,cpu         ] GC(3010) User=0.10s Sys=0.01s Real=0.05s
[1115.184s][info][gc,start       ] GC(3011) Pause Young (Allocation Failure)
[1115.216s][info][gc,heap        ] GC(3011) PSYoungGen: 249856K(249856K)->18464K(263680K) Eden: 242688K(242688K)->0K(242688K) From: 7168K(7168K)->18464K(20992K)
[1115.216s][info][gc,heap        ] GC(3011) ParOldGen: 317414K(317440K)->317974K(318464K)
[1115.216s][info][gc,metaspace   ] GC(3011) Metaspace: 35662K(36480K)->35662K(36480K) NonClass: 26457K(27136K)->26457K(27136K) Class: 9204K(9344K)->9204K(9344K)
[1115.216s][info][gc             ] GC(3011) Pause Young (Allocation Failure) 553M->328M(568M) 32.374ms
[1115.216s][info][gc,cpu         ] GC(3011) User=0.06s Sys=0.00s Real=0.03s
[1115.378s][info][gc,start       ] GC(3012) Pause Young (Allocation Failure)
[1115.379s][info][gc,heap        ] GC(3012) PSYoungGen: 261152K(263680K)->64K(310272K) Eden: 242688K(242688K)->0K(286208K) From: 18464K(20992K)->64K(24064K)
[1115.379s][info][gc,heap        ] GC(3012) ParOldGen: 317974K(318464K)->317982K(318464K)
[1115.379s][info][gc,metaspace   ] GC(3012) Metaspace: 35662K(36480K)->35662K(36480K) NonClass: 26457K(27136K)->26457K(27136K) Class: 9204K(9344K)->9204K(9344K)
[1115.379s][info][gc             ] GC(3012) Pause Young (Allocation Failure) 565M->310M(614M) 1.215ms
[1115.379s][info][gc,cpu         ] GC(3012) User=0.00s Sys=0.00s Real=0.00s
[1116.071s][info][gc,start       ] GC(3013) Pause Young (Allocation Failure)
[1116.072s][info][gc,heap        ] GC(3013) PSYoungGen: 286272K(310272K)->64K(286720K) Eden: 286208K(286208K)->0K(286208K) From: 64K(24064K)->64K(512K)
[1116.072s][info][gc,heap        ] GC(3013) ParOldGen: 317982K(318464K)->317998K(318464K)
[1116.072s][info][gc,metaspace   ] GC(3013) Metaspace: 35662K(36480K)->35662K(36480K) NonClass: 26457K(27136K)->26457K(27136K) Class: 9204K(9344K)->9204K(9344K)
[1116.072s][info][gc             ] GC(3013) Pause Young (Allocation Failure) 590M->310M(591M) 1.284ms
[1116.072s][info][gc,cpu         ] GC(3013) User=0.00s Sys=0.00s Real=0.01s
[1116.572s][info][gc,start       ] GC(3014) Pause Young (Allocation Failure)
[1116.573s][info][gc,heap        ] GC(3014) PSYoungGen: 286272K(286720K)->64K(309248K) Eden: 286208K(286208K)->0K(286720K) From: 64K(512K)->64K(22528K)
[1116.573s][info][gc,heap        ] GC(3014) ParOldGen: 317998K(318464K)->317998K(318464K)
[1116.573s][info][gc,metaspace   ] GC(3014) Metaspace: 35662K(36480K)->35662K(36480K) NonClass: 26457K(27136K)->26457K(27136K) Class: 9204K(9344K)->9204K(9344K)
[1116.573s][info][gc             ] GC(3014) Pause Young (Allocation Failure) 590M->310M(613M) 1.209ms
[1116.573s][info][gc,cpu         ] GC(3014) User=0.00s Sys=0.00s Real=0.01s
[1116.808s][info][gc,start       ] GC(3015) Pause Young (Allocation Failure)
[1116.809s][info][gc,heap        ] GC(3015) PSYoungGen: 286784K(309248K)->64K(308736K) Eden: 286720K(286720K)->0K(286720K) From: 64K(22528K)->64K(22016K)
[1116.809s][info][gc,heap        ] GC(3015) ParOldGen: 317998K(318464K)->318014K(318464K)
[1116.809s][info][gc,metaspace   ] GC(3015) Metaspace: 35662K(36480K)->35662K(36480K) NonClass: 26457K(27136K)->26457K(27136K) Class: 9204K(9344K)->9204K(9344K)
[1116.810s][info][gc             ] GC(3015) Pause Young (Allocation Failure) 590M->310M(612M) 1.199ms
[1116.810s][info][gc,cpu         ] GC(3015) User=0.00s Sys=0.00s Real=0.00s
[1117.044s][info][gc,start       ] GC(3016) Pause Young (Allocation Failure)
[1117.046s][info][gc,heap        ] GC(3016) PSYoungGen: 286784K(308736K)->32K(310784K) Eden: 286720K(286720K)->0K(290304K) From: 64K(22016K)->32K(20480K)
[1117.046s][info][gc,heap        ] GC(3016) ParOldGen: 318014K(318464K)->318014K(318464K)
[1117.046s][info][gc,metaspace   ] GC(3016) Metaspace: 35662K(36480K)->35662K(36480K) NonClass: 26457K(27136K)->26457K(27136K) Class: 9204K(9344K)->9204K(9344K)
[1117.046s][info][gc             ] GC(3016) Pause Young (Allocation Failure) 590M->310M(614M) 1.156ms
[1117.046s][info][gc,cpu         ] GC(3016) User=0.01s Sys=0.00s Real=0.00s
[1117.411s][info][gc,start       ] GC(3017) Pause Young (Allocation Failure)
[1117.412s][info][gc,heap        ] GC(3017) PSYoungGen: 290336K(310784K)->64K(310272K) Eden: 290304K(290304K)->0K(290304K) From: 32K(20480K)->64K(19968K)
[1117.412s][info][gc,heap        ] GC(3017) ParOldGen: 318014K(318464K)->318014K(318464K)
[1117.412s][info][gc,metaspace   ] GC(3017) Metaspace: 35662K(36480K)->35662K(36480K) NonClass: 26457K(27136K)->26457K(27136K) Class: 9204K(9344K)->9204K(9344K)
[1117.412s][info][gc             ] GC(3017) Pause Young (Allocation Failure) 594M->310M(614M) 1.197ms
[1117.412s][info][gc,cpu         ] GC(3017) User=0.00s Sys=0.00s Real=0.01s
[1117.462s][info][gc,start       ] GC(3018) Pause Young (Allocation Failure)
[1117.463s][info][gc,heap        ] GC(3018) PSYoungGen: 290368K(310272K)->64K(312832K) Eden: 290304K(290304K)->0K(294400K) From: 64K(19968K)->64K(18432K)
[1117.463s][info][gc,heap        ] GC(3018) ParOldGen: 318014K(318464K)->318030K(318464K)
[1117.463s][info][gc,metaspace   ] GC(3018) Metaspace: 35662K(36480K)->35662K(36480K) NonClass: 26457K(27136K)->26457K(27136K) Class: 9204K(9344K)->9204K(9344K)
[1117.463s][info][gc             ] GC(3018) Pause Young (Allocation Failure) 594M->310M(616M) 1.097ms
[1117.463s][info][gc,cpu         ] GC(3018) User=0.00s Sys=0.00s Real=0.00s
[1117.515s][info][gc,start       ] GC(3019) Pause Young (Allocation Failure)
[1117.516s][info][gc,heap        ] GC(3019) PSYoungGen: 294464K(312832K)->64K(312320K) Eden: 294400K(294400K)->0K(294400K) From: 64K(18432K)->64K(17920K)
[1117.516s][info][gc,heap        ] GC(3019) ParOldGen: 318030K(318464K)->318030K(318464K)
[1117.516s][info][gc,metaspace   ] GC(3019) Metaspace: 35662K(36480K)->35662K(36480K) NonClass: 26457K(27136K)->26457K(27136K) Class: 9204K(9344K)->9204K(9344K)
[1117.516s][info][gc             ] GC(3019) Pause Young (Allocation Failure) 598M->310M(616M) 1.180ms
[1117.516s][info][gc,cpu         ] GC(3019) User=0.00s Sys=0.00s Real=0.00s
[1117.762s][info][gc,start       ] GC(3020) Pause Young (Allocation Failure)
[1117.763s][info][gc,heap        ] GC(3020) PSYoungGen: 294464K(312320K)->64K(314880K) Eden: 294400K(294400K)->0K(298496K) From: 64K(17920K)->64K(16384K)
[1117.763s][info][gc,heap        ] GC(3020) ParOldGen: 318030K(318464K)->318030K(318464K)
[1117.763s][info][gc,metaspace   ] GC(3020) Metaspace: 35662K(36480K)->35662K(36480K) NonClass: 26457K(27136K)->26457K(27136K) Class: 9204K(9344K)->9204K(9344K)
[1117.763s][info][gc             ] GC(3020) Pause Young (Allocation Failure) 598M->310M(618M) 1.120ms
[1117.763s][info][gc,cpu         ] GC(3020) User=0.01s Sys=0.00s Real=0.00s
[1118.015s][info][gc,start       ] GC(3021) Pause Young (Allocation Failure)
[1118.016s][info][gc,heap        ] GC(3021) PSYoungGen: 298560K(314880K)->64K(314368K) Eden: 298496K(298496K)->0K(298496K) From: 64K(16384K)->64K(15872K)
[1118.016s][info][gc,heap        ] GC(3021) ParOldGen: 318030K(318464K)->318038K(318464K)
[1118.016s][info][gc,metaspace   ] GC(3021) Metaspace: 35662K(36480K)->35662K(36480K) NonClass: 26457K(27136K)->26457K(27136K) Class: 9204K(9344K)->9204K(9344K)
[1118.016s][info][gc             ] GC(3021) Pause Young (Allocation Failure) 602M->310M(618M) 1.146ms
[1118.016s][info][gc,cpu         ] GC(3021) User=0.00s Sys=0.00s Real=0.00s
[1118.117s][info][gc,start       ] GC(3022) Pause Young (Allocation Failure)
[1118.118s][info][gc,heap        ] GC(3022) PSYoungGen: 298560K(314368K)->64K(316928K) Eden: 298496K(298496K)->0K(302080K) From: 64K(15872K)->64K(14848K)
[1118.118s][info][gc,heap        ] GC(3022) ParOldGen: 318038K(318464K)->318046K(318464K)
[1118.118s][info][gc,metaspace   ] GC(3022) Metaspace: 35662K(36480K)->35662K(36480K) NonClass: 26457K(27136K)->26457K(27136K) Class: 9204K(9344K)->9204K(9344K)
[1118.118s][info][gc             ] GC(3022) Pause Young (Allocation Failure) 602M->310M(620M) 1.144ms
[1118.118s][info][gc,cpu         ] GC(3022) User=0.00s Sys=0.00s Real=0.00s
[1118.255s][info][gc,start       ] GC(3023) Pause Young (Allocation Failure)
[1118.256s][info][gc,heap        ] GC(3023) PSYoungGen: 302144K(316928K)->64K(316416K) Eden: 302080K(302080K)->0K(302080K) From: 64K(14848K)->64K(14336K)
[1118.256s][info][gc,heap        ] GC(3023) ParOldGen: 318046K(318464K)->318054K(318464K)
[1118.256s][info][gc,metaspace   ] GC(3023) Metaspace: 35662K(36480K)->35662K(36480K) NonClass: 26457K(27136K)->26457K(27136K) Class: 9204K(9344K)->9204K(9344K)
[1118.256s][info][gc             ] GC(3023) Pause Young (Allocation Failure) 605M->310M(620M) 1.175ms
[1118.256s][info][gc,cpu         ] GC(3023) User=0.00s Sys=0.00s Real=0.00s
[1118.655s][info][gc,start       ] GC(3024) Pause Young (Allocation Failure)
[1118.657s][info][gc,heap        ] GC(3024) PSYoungGen: 302144K(316416K)->64K(290816K) Eden: 302080K(302080K)->0K(290304K) From: 64K(14336K)->64K(512K)
[1118.657s][info][gc,heap        ] GC(3024) ParOldGen: 318054K(318464K)->318062K(318464K)
[1118.657s][info][gc,metaspace   ] GC(3024) Metaspace: 35662K(36480K)->35662K(36480K) NonClass: 26457K(27136K)->26457K(27136K) Class: 9204K(9344K)->9204K(9344K)
[1118.657s][info][gc             ] GC(3024) Pause Young (Allocation Failure) 605M->310M(595M) 1.248ms
[1118.657s][info][gc,cpu         ] GC(3024) User=0.00s Sys=0.00s Real=0.00s
[1119.292s][info][gc,start       ] GC(3025) Pause Young (Allocation Failure)
[1119.293s][info][gc,heap        ] GC(3025) PSYoungGen: 290368K(290816K)->83K(291328K) Eden: 290304K(290304K)->0K(279040K) From: 64K(512K)->83K(12288K)
[1119.293s][info][gc,heap        ] GC(3025) ParOldGen: 318062K(318464K)->318070K(318464K)
[1119.293s][info][gc,metaspace   ] GC(3025) Metaspace: 35662K(36480K)->35662K(36480K) NonClass: 26457K(27136K)->26457K(27136K) Class: 9204K(9344K)->9204K(9344K)
[1119.293s][info][gc             ] GC(3025) Pause Young (Allocation Failure) 594M->310M(595M) 1.141ms
[1119.293s][info][gc,cpu         ] GC(3025) User=0.01s Sys=0.00s Real=0.01s
[1120.223s][info][gc,start       ] GC(3026) Pause Young (Allocation Failure)
[1120.225s][info][gc,heap        ] GC(3026) PSYoungGen: 279123K(291328K)->64K(268800K) Eden: 279040K(279040K)->0K(268288K) From: 83K(12288K)->64K(512K)
[1120.225s][info][gc,heap        ] GC(3026) ParOldGen: 318070K(318464K)->318078K(318464K)
[1120.225s][info][gc,metaspace   ] GC(3026) Metaspace: 35662K(36480K)->35662K(36480K) NonClass: 26457K(27136K)->26457K(27136K) Class: 9204K(9344K)->9204K(9344K)
[1120.225s][info][gc             ] GC(3026) Pause Young (Allocation Failure) 583M->310M(573M) 1.337ms
[1120.225s][info][gc,cpu         ] GC(3026) User=0.01s Sys=0.00s Real=0.00s
[1120.655s][info][gc,start       ] GC(3027) Pause Young (Allocation Failure)
[1120.656s][info][gc,heap        ] GC(3027) PSYoungGen: 268352K(268800K)->64K(268800K) Eden: 268288K(268288K)->0K(258048K) From: 64K(512K)->64K(10752K)
[1120.656s][info][gc,heap        ] GC(3027) ParOldGen: 318078K(318464K)->318086K(318464K)
[1120.656s][info][gc,metaspace   ] GC(3027) Metaspace: 35662K(36480K)->35662K(36480K) NonClass: 26457K(27136K)->26457K(27136K) Class: 9204K(9344K)->9204K(9344K)
[1120.656s][info][gc             ] GC(3027) Pause Young (Allocation Failure) 572M->310M(573M) 1.114ms
[1120.656s][info][gc,cpu         ] GC(3027) User=0.01s Sys=0.00s Real=0.00s
[1121.645s][info][gc,start       ] GC(3028) Pause Young (Allocation Failure)
[1121.647s][info][gc,heap        ] GC(3028) PSYoungGen: 258112K(268800K)->64K(248832K) Eden: 258048K(258048K)->0K(248320K) From: 64K(10752K)->64K(512K)
[1121.647s][info][gc,heap        ] GC(3028) ParOldGen: 318086K(318464K)->318094K(318464K)
[1121.647s][info][gc,metaspace   ] GC(3028) Metaspace: 35662K(36480K)->35662K(36480K) NonClass: 26457K(27136K)->26457K(27136K) Class: 9204K(9344K)->9204K(9344K)
[1121.647s][info][gc             ] GC(3028) Pause Young (Allocation Failure) 562M->310M(554M) 1.840ms
[1121.647s][info][gc,cpu         ] GC(3028) User=0.00s Sys=0.00s Real=0.00s
[1122.009s][info][gc,start       ] GC(3029) Pause Young (Allocation Failure)
[1122.011s][info][gc,heap        ] GC(3029) PSYoungGen: 248384K(248832K)->64K(248832K) Eden: 248320K(248320K)->0K(239104K) From: 64K(512K)->64K(9728K)
[1122.011s][info][gc,heap        ] GC(3029) ParOldGen: 318094K(318464K)->318110K(318464K)
[1122.011s][info][gc,metaspace   ] GC(3029) Metaspace: 35662K(36480K)->35662K(36480K) NonClass: 26457K(27136K)->26457K(27136K) Class: 9204K(9344K)->9204K(9344K)
[1122.011s][info][gc             ] GC(3029) Pause Young (Allocation Failure) 553M->310M(554M) 1.902ms
[1122.011s][info][gc,cpu         ] GC(3029) User=0.01s Sys=0.00s Real=0.00s
[1122.148s][info][gc,start       ] GC(3030) Pause Young (Allocation Failure)
[1122.150s][info][gc,heap        ] GC(3030) PSYoungGen: 239168K(248832K)->64K(230400K) Eden: 239104K(239104K)->0K(229888K) From: 64K(9728K)->64K(512K)
[1122.150s][info][gc,heap        ] GC(3030) ParOldGen: 318110K(318464K)->318118K(318464K)
[1122.150s][info][gc,metaspace   ] GC(3030) Metaspace: 35662K(36480K)->35662K(36480K) NonClass: 26457K(27136K)->26457K(27136K) Class: 9204K(9344K)->9204K(9344K)
[1122.150s][info][gc             ] GC(3030) Pause Young (Allocation Failure) 544M->310M(536M) 2.290ms
[1122.150s][info][gc,cpu         ] GC(3030) User=0.00s Sys=0.00s Real=0.00s
[1122.438s][info][gc,start       ] GC(3031) Pause Young (Allocation Failure)
[1122.439s][info][gc,heap        ] GC(3031) PSYoungGen: 229952K(230400K)->64K(229376K) Eden: 229888K(229888K)->0K(221184K) From: 64K(512K)->64K(8192K)
[1122.439s][info][gc,heap        ] GC(3031) ParOldGen: 318118K(318464K)->318126K(318464K)
[1122.439s][info][gc,metaspace   ] GC(3031) Metaspace: 35662K(36480K)->35662K(36480K) NonClass: 26457K(27136K)->26457K(27136K) Class: 9204K(9344K)->9204K(9344K)
[1122.439s][info][gc             ] GC(3031) Pause Young (Allocation Failure) 535M->310M(535M) 1.748ms
[1122.439s][info][gc,cpu         ] GC(3031) User=0.00s Sys=0.00s Real=0.00s
[1122.818s][info][gc,start       ] GC(3032) Pause Young (Allocation Failure)
[1122.821s][info][gc,heap        ] GC(3032) PSYoungGen: 221248K(229376K)->64K(213504K) Eden: 221184K(221184K)->0K(212992K) From: 64K(8192K)->64K(512K)
[1122.821s][info][gc,heap        ] GC(3032) ParOldGen: 318126K(318464K)->318134K(318464K)
[1122.821s][info][gc,metaspace   ] GC(3032) Metaspace: 35662K(36480K)->35662K(36480K) NonClass: 26457K(27136K)->26457K(27136K) Class: 9204K(9344K)->9204K(9344K)
[1122.821s][info][gc             ] GC(3032) Pause Young (Allocation Failure) 526M->310M(519M) 2.581ms
[1122.821s][info][gc,cpu         ] GC(3032) User=0.00s Sys=0.01s Real=0.00s
[1123.098s][info][gc,start       ] GC(3033) Pause Young (Allocation Failure)
[1123.100s][info][gc,heap        ] GC(3033) PSYoungGen: 213056K(213504K)->64K(212480K) Eden: 212992K(212992K)->0K(205312K) From: 64K(512K)->64K(7168K)
[1123.100s][info][gc,heap        ] GC(3033) ParOldGen: 318134K(318464K)->318142K(318464K)
[1123.100s][info][gc,metaspace   ] GC(3033) Metaspace: 35662K(36480K)->35662K(36480K) NonClass: 26457K(27136K)->26457K(27136K) Class: 9204K(9344K)->9204K(9344K)
[1123.100s][info][gc             ] GC(3033) Pause Young (Allocation Failure) 518M->310M(518M) 1.821ms
[1123.100s][info][gc,cpu         ] GC(3033) User=0.00s Sys=0.00s Real=0.00s
[1123.346s][info][gc,start       ] GC(3034) Pause Young (Allocation Failure)
[1123.394s][info][gc,heap        ] GC(3034) PSYoungGen: 205376K(212480K)->6656K(252928K) Eden: 205312K(205312K)->0K(246272K) From: 64K(7168K)->6656K(6656K)
[1123.394s][info][gc,heap        ] GC(3034) ParOldGen: 318142K(318464K)->334302K(334336K)
[1123.394s][info][gc,metaspace   ] GC(3034) Metaspace: 35662K(36480K)->35662K(36480K) NonClass: 26457K(27136K)->26457K(27136K) Class: 9204K(9344K)->9204K(9344K)
[1123.394s][info][gc             ] GC(3034) Pause Young (Allocation Failure) 511M->332M(573M) 48.742ms
[1123.394s][info][gc,cpu         ] GC(3034) User=0.08s Sys=0.01s Real=0.05s
[1123.685s][info][gc,start       ] GC(3035) Pause Young (Allocation Failure)
[1123.740s][info][gc,heap        ] GC(3035) PSYoungGen: 252928K(252928K)->14336K(267776K) Eden: 246272K(246272K)->0K(253440K) From: 6656K(6656K)->14336K(14336K)
[1123.740s][info][gc,heap        ] GC(3035) ParOldGen: 334302K(334336K)->348262K(348672K)
[1123.740s][info][gc,metaspace   ] GC(3035) Metaspace: 35662K(36480K)->35662K(36480K) NonClass: 26457K(27136K)->26457K(27136K) Class: 9204K(9344K)->9204K(9344K)
[1123.740s][info][gc             ] GC(3035) Pause Young (Allocation Failure) 573M->354M(602M) 54.459ms
[1123.740s][info][gc,cpu         ] GC(3035) User=0.10s Sys=0.01s Real=0.05s
[1123.904s][info][gc,start       ] GC(3036) Pause Young (Allocation Failure)
[1123.931s][info][gc,heap        ] GC(3036) PSYoungGen: 267776K(267776K)->12000K(309248K) Eden: 253440K(253440K)->0K(286720K) From: 14336K(14336K)->12000K(22528K)
[1123.931s][info][gc,heap        ] GC(3036) ParOldGen: 348262K(348672K)->348630K(348672K)
[1123.931s][info][gc,metaspace   ] GC(3036) Metaspace: 35662K(36480K)->35662K(36480K) NonClass: 26457K(27136K)->26457K(27136K) Class: 9204K(9344K)->9204K(9344K)
[1123.931s][info][gc             ] GC(3036) Pause Young (Allocation Failure) 601M->352M(642M) 27.437ms
[1123.931s][info][gc,cpu         ] GC(3036) User=0.04s Sys=0.01s Real=0.02s
[1124.345s][info][gc,start       ] GC(3037) Pause Young (Allocation Failure)
[1124.346s][info][gc,heap        ] GC(3037) PSYoungGen: 298720K(309248K)->64K(310272K) Eden: 286720K(286720K)->0K(286720K) From: 12000K(22528K)->64K(23552K)
[1124.346s][info][gc,heap        ] GC(3037) ParOldGen: 348630K(348672K)->348638K(348672K)
[1124.346s][info][gc,metaspace   ] GC(3037) Metaspace: 35662K(36480K)->35662K(36480K) NonClass: 26457K(27136K)->26457K(27136K) Class: 9204K(9344K)->9204K(9344K)
[1124.346s][info][gc             ] GC(3037) Pause Young (Allocation Failure) 632M->340M(643M) 1.374ms
[1124.346s][info][gc,cpu         ] GC(3037) User=0.00s Sys=0.00s Real=0.00s
[1124.890s][info][gc,start       ] GC(3038) Pause Young (Allocation Failure)
[1124.891s][info][gc,heap        ] GC(3038) PSYoungGen: 286784K(310272K)->64K(309248K) Eden: 286720K(286720K)->0K(287744K) From: 64K(23552K)->64K(21504K)
[1124.891s][info][gc,heap        ] GC(3038) ParOldGen: 348638K(348672K)->348646K(348672K)
[1124.891s][info][gc,metaspace   ] GC(3038) Metaspace: 35662K(36480K)->35662K(36480K) NonClass: 26457K(27136K)->26457K(27136K) Class: 9204K(9344K)->9204K(9344K)
[1124.891s][info][gc             ] GC(3038) Pause Young (Allocation Failure) 620M->340M(642M) 1.386ms
[1124.891s][info][gc,cpu         ] GC(3038) User=0.00s Sys=0.00s Real=0.00s
[1125.354s][info][gc,start       ] GC(3039) Pause Young (Allocation Failure)
[1125.355s][info][gc,heap        ] GC(3039) PSYoungGen: 287808K(309248K)->64K(309760K) Eden: 287744K(287744K)->0K(287744K) From: 64K(21504K)->64K(22016K)
[1125.355s][info][gc,heap        ] GC(3039) ParOldGen: 348646K(348672K)->348662K(348672K)
[1125.355s][info][gc,metaspace   ] GC(3039) Metaspace: 35662K(36480K)->35662K(36480K) NonClass: 26457K(27136K)->26457K(27136K) Class: 9204K(9344K)->9204K(9344K)
[1125.355s][info][gc             ] GC(3039) Pause Young (Allocation Failure) 621M->340M(643M) 1.263ms
[1125.355s][info][gc,cpu         ] GC(3039) User=0.01s Sys=0.00s Real=0.00s
[1125.591s][info][gc,start       ] GC(3040) Pause Young (Allocation Failure)
[1125.592s][info][gc,heap        ] GC(3040) PSYoungGen: 287808K(309760K)->64K(310272K) Eden: 287744K(287744K)->0K(290816K) From: 64K(22016K)->64K(19456K)
[1125.592s][info][gc,heap        ] GC(3040) ParOldGen: 348662K(348672K)->348678K(349184K)
[1125.592s][info][gc,metaspace   ] GC(3040) Metaspace: 35662K(36480K)->35662K(36480K) NonClass: 26457K(27136K)->26457K(27136K) Class: 9204K(9344K)->9204K(9344K)
[1125.592s][info][gc             ] GC(3040) Pause Young (Allocation Failure) 621M->340M(644M) 1.279ms
[1125.592s][info][gc,cpu         ] GC(3040) User=0.00s Sys=0.00s Real=0.01s
[1125.834s][info][gc,start       ] GC(3041) Pause Young (Allocation Failure)
[1125.835s][info][gc,heap        ] GC(3041) PSYoungGen: 290880K(310272K)->64K(310784K) Eden: 290816K(290816K)->0K(290816K) From: 64K(19456K)->64K(19968K)
[1125.835s][info][gc,heap        ] GC(3041) ParOldGen: 348678K(349184K)->348678K(349184K)
[1125.835s][info][gc,metaspace   ] GC(3041) Metaspace: 35662K(36480K)->35662K(36480K) NonClass: 26457K(27136K)->26457K(27136K) Class: 9204K(9344K)->9204K(9344K)
[1125.835s][info][gc             ] GC(3041) Pause Young (Allocation Failure) 624M->340M(644M) 1.302ms
[1125.835s][info][gc,cpu         ] GC(3041) User=0.00s Sys=0.00s Real=0.00s
[1126.120s][info][gc,start       ] GC(3042) Pause Young (Allocation Failure)
[1126.121s][info][gc,heap        ] GC(3042) PSYoungGen: 290880K(310784K)->64K(311808K) Eden: 290816K(290816K)->0K(294400K) From: 64K(19968K)->64K(17408K)
[1126.121s][info][gc,heap        ] GC(3042) ParOldGen: 348678K(349184K)->348678K(349184K)
[1126.121s][info][gc,metaspace   ] GC(3042) Metaspace: 35662K(36480K)->35662K(36480K) NonClass: 26457K(27136K)->26457K(27136K) Class: 9204K(9344K)->9204K(9344K)
[1126.121s][info][gc             ] GC(3042) Pause Young (Allocation Failure) 624M->340M(645M) 1.213ms
[1126.121s][info][gc,cpu         ] GC(3042) User=0.00s Sys=0.00s Real=0.00s
[1126.174s][info][gc,start       ] GC(3043) Pause Young (Allocation Failure)
[1126.175s][info][gc,heap        ] GC(3043) PSYoungGen: 294464K(311808K)->64K(312832K) Eden: 294400K(294400K)->0K(294400K) From: 64K(17408K)->64K(18432K)
[1126.175s][info][gc,heap        ] GC(3043) ParOldGen: 348678K(349184K)->348694K(349184K)
[1126.175s][info][gc,metaspace   ] GC(3043) Metaspace: 35662K(36480K)->35662K(36480K) NonClass: 26457K(27136K)->26457K(27136K) Class: 9204K(9344K)->9204K(9344K)
[1126.175s][info][gc             ] GC(3043) Pause Young (Allocation Failure) 628M->340M(646M) 1.208ms
[1126.175s][info][gc,cpu         ] GC(3043) User=0.00s Sys=0.00s Real=0.00s
[1126.288s][info][gc,start       ] GC(3044) Pause Young (Allocation Failure)
[1126.290s][info][gc,heap        ] GC(3044) PSYoungGen: 294464K(312832K)->64K(313344K) Eden: 294400K(294400K)->0K(297984K) From: 64K(18432K)->64K(15360K)
[1126.290s][info][gc,heap        ] GC(3044) ParOldGen: 348694K(349184K)->348694K(349184K)
[1126.290s][info][gc,metaspace   ] GC(3044) Metaspace: 35662K(36480K)->35662K(36480K) NonClass: 26457K(27136K)->26457K(27136K) Class: 9204K(9344K)->9204K(9344K)
[1126.290s][info][gc             ] GC(3044) Pause Young (Allocation Failure) 628M->340M(647M) 1.288ms
[1126.290s][info][gc,cpu         ] GC(3044) User=0.00s Sys=0.00s Real=0.00s
[1126.576s][info][gc,start       ] GC(3045) Pause Young (Allocation Failure)
[1126.577s][info][gc,heap        ] GC(3045) PSYoungGen: 298048K(313344K)->64K(314368K) Eden: 297984K(297984K)->0K(297984K) From: 64K(15360K)->64K(16384K)
[1126.577s][info][gc,heap        ] GC(3045) ParOldGen: 348694K(349184K)->348710K(349184K)
[1126.577s][info][gc,metaspace   ] GC(3045) Metaspace: 35662K(36480K)->35662K(36480K) NonClass: 26457K(27136K)->26457K(27136K) Class: 9204K(9344K)->9204K(9344K)
[1126.577s][info][gc             ] GC(3045) Pause Young (Allocation Failure) 631M->340M(648M) 1.162ms
[1126.577s][info][gc,cpu         ] GC(3045) User=0.00s Sys=0.00s Real=0.00s
[1126.760s][info][gc,start       ] GC(3046) Pause Young (Allocation Failure)
[1126.762s][info][gc,heap        ] GC(3046) PSYoungGen: 298048K(314368K)->64K(316416K) Eden: 297984K(297984K)->0K(302080K) From: 64K(16384K)->64K(14336K)
[1126.762s][info][gc,heap        ] GC(3046) ParOldGen: 348710K(349184K)->348710K(349184K)
[1126.762s][info][gc,metaspace   ] GC(3046) Metaspace: 35662K(36480K)->35662K(36480K) NonClass: 26457K(27136K)->26457K(27136K) Class: 9204K(9344K)->9204K(9344K)
[1126.762s][info][gc             ] GC(3046) Pause Young (Allocation Failure) 631M->340M(650M) 1.322ms
[1126.762s][info][gc,cpu         ] GC(3046) User=0.00s Sys=0.00s Real=0.00s
[1126.846s][info][gc,start       ] GC(3047) Pause Young (Allocation Failure)
[1126.847s][info][gc,heap        ] GC(3047) PSYoungGen: 302144K(316416K)->64K(316928K) Eden: 302080K(302080K)->0K(302080K) From: 64K(14336K)->64K(14848K)
[1126.847s][info][gc,heap        ] GC(3047) ParOldGen: 348710K(349184K)->348726K(349184K)
[1126.847s][info][gc,metaspace   ] GC(3047) Metaspace: 35662K(36480K)->35662K(36480K) NonClass: 26457K(27136K)->26457K(27136K) Class: 9204K(9344K)->9204K(9344K)
[1126.847s][info][gc             ] GC(3047) Pause Young (Allocation Failure) 635M->340M(650M) 1.300ms
[1126.847s][info][gc,cpu         ] GC(3047) User=0.00s Sys=0.00s Real=0.00s
[1127.026s][info][gc,start       ] GC(3048) Pause Young (Allocation Failure)
[1127.027s][info][gc,heap        ] GC(3048) PSYoungGen: 302144K(316928K)->64K(317440K) Eden: 302080K(302080K)->0K(305152K) From: 64K(14848K)->64K(12288K)
[1127.027s][info][gc,heap        ] GC(3048) ParOldGen: 348726K(349184K)->348726K(349184K)
[1127.027s][info][gc,metaspace   ] GC(3048) Metaspace: 35662K(36480K)->35662K(36480K) NonClass: 26457K(27136K)->26457K(27136K) Class: 9204K(9344K)->9204K(9344K)
[1127.027s][info][gc             ] GC(3048) Pause Young (Allocation Failure) 635M->340M(651M) 1.241ms
[1127.027s][info][gc,cpu         ] GC(3048) User=0.00s Sys=0.00s Real=0.00s
[1127.951s][info][gc,start       ] GC(3049) Pause Young (Allocation Failure)
[1127.953s][info][gc,heap        ] GC(3049) PSYoungGen: 305216K(317440K)->83K(293376K) Eden: 305152K(305152K)->0K(292864K) From: 64K(12288K)->83K(512K)
[1127.953s][info][gc,heap        ] GC(3049) ParOldGen: 348726K(349184K)->348734K(349184K)
[1127.953s][info][gc,metaspace   ] GC(3049) Metaspace: 35662K(36480K)->35662K(36480K) NonClass: 26457K(27136K)->26457K(27136K) Class: 9204K(9344K)->9204K(9344K)
[1127.953s][info][gc             ] GC(3049) Pause Young (Allocation Failure) 638M->340M(627M) 1.714ms
[1127.953s][info][gc,cpu         ] GC(3049) User=0.00s Sys=0.01s Real=0.01s
[1128.781s][info][gc,start       ] GC(3050) Pause Young (Allocation Failure)
[1128.782s][info][gc,heap        ] GC(3050) PSYoungGen: 292947K(293376K)->64K(281600K) Eden: 292864K(292864K)->0K(281088K) From: 83K(512K)->64K(512K)
[1128.782s][info][gc,heap        ] GC(3050) ParOldGen: 348734K(349184K)->348742K(349184K)
[1128.782s][info][gc,metaspace   ] GC(3050) Metaspace: 35662K(36480K)->35662K(36480K) NonClass: 26457K(27136K)->26457K(27136K) Class: 9204K(9344K)->9204K(9344K)
[1128.782s][info][gc             ] GC(3050) Pause Young (Allocation Failure) 626M->340M(616M) 1.785ms
[1128.782s][info][gc,cpu         ] GC(3050) User=0.00s Sys=0.00s Real=0.01s
[1129.143s][info][gc,start       ] GC(3051) Pause Young (Allocation Failure)
[1129.144s][info][gc,heap        ] GC(3051) PSYoungGen: 281152K(281600K)->64K(281600K) Eden: 281088K(281088K)->0K(270336K) From: 64K(512K)->64K(11264K)
