[0.002s][info][metaspace]  - commit_granule_bytes: 65536.
[0.002s][info][metaspace]  - commit_granule_words: 8192.
[0.002s][info][metaspace]  - virtual_space_node_default_size: 8388608.
[0.002s][info][metaspace]  - enlarge_chunks_in_place: 1.
[0.005s][info][gc,init  ] CardTable entry size: 512
[0.005s][info][gc       ] Using Parallel
[0.006s][info][gc,init  ] Version: 24-internal-adhoc.root.jdk (release)
[0.006s][info][gc,init  ] CPUs: 2 total, 2 available
[0.006s][info][gc,init  ] Memory: 3908M
[0.006s][info][gc,init  ] Large Page Support: Disabled
[0.006s][info][gc,init  ] NUMA Support: Disabled
[0.006s][info][gc,init  ] Compressed Oops: Enabled (32-bit)
[0.006s][info][gc,init  ] Alignments: Space 512K, Generation 512K, Heap 2M
[0.006s][info][gc,init  ] Heap Min Capacity: 256M
[0.006s][info][gc,init  ] Heap Initial Capacity: 256M
[0.006s][info][gc,init  ] Heap Max Capacity: 978M
[0.006s][info][gc,init  ] Pre-touch: Disabled
[0.006s][info][gc,init  ] Parallel Workers: 2
[0.024s][info][gc,metaspace] CDS archive(s) mapped at: [0x00007fb34e000000-0x00007fb34ee7b000-0x00007fb34ee7b000), size 15183872, SharedBaseAddress: 0x00007fb34e000000, ArchiveRelocationMode: 1.
[0.024s][info][gc,metaspace] Compressed class space mapped at: 0x00007fb34f000000-0x00007fb38f000000, reserved size: 1073741824
[0.024s][info][gc,metaspace] UseCompressedClassPointers 1, UseCompactObjectHeaders 1
[0.024s][info][gc,metaspace] Narrow klass pointer bits 22, Max shift 10
[0.024s][info][gc,metaspace] Narrow klass base: 0x00007fb34e000000, Narrow klass shift: 10
[0.024s][info][gc,metaspace] Encoding Range: [0x00007fb34e000000 - 0x00007fb44e000000), (4294967296 bytes)
[0.024s][info][gc,metaspace] Klass Range:    [0x00007fb34e000000 - 0x00007fb38f000000), (1090519040 bytes)
[0.024s][info][gc,metaspace] Klass ID Range:  [1 - 1064960) (1064959)
[0.993s][info][gc,start    ] GC(0) Pause Young (Allocation Failure)
[0.996s][info][gc,heap     ] GC(0) PSYoungGen: 65479K(76288K)->1762K(76288K) Eden: 65479K(65536K)->0K(65536K) From: 0K(10752K)->1762K(10752K)
[0.996s][info][gc,heap     ] GC(0) ParOldGen: 1088K(175104K)->1096K(175104K)
[0.996s][info][gc,metaspace] GC(0) Metaspace: 2616K(2752K)->2616K(2752K) NonClass: 2289K(2368K)->2289K(2368K) Class: 327K(384K)->327K(384K)
[0.996s][info][gc          ] GC(0) Pause Young (Allocation Failure) 65M->2M(245M) 3.526ms
[0.996s][info][gc,cpu      ] GC(0) User=0.00s Sys=0.01s Real=0.01s
[1.440s][info][gc,start    ] GC(1) Pause Young (Allocation Failure)
[1.443s][info][gc,heap     ] GC(1) PSYoungGen: 67298K(76288K)->1970K(76288K) Eden: 65536K(65536K)->0K(65536K) From: 1762K(10752K)->1970K(10752K)
[1.443s][info][gc,heap     ] GC(1) ParOldGen: 1096K(175104K)->1104K(175104K)
[1.444s][info][gc,metaspace] GC(1) Metaspace: 2628K(2752K)->2628K(2752K) NonClass: 2301K(2368K)->2301K(2368K) Class: 327K(384K)->327K(384K)
[1.444s][info][gc          ] GC(1) Pause Young (Allocation Failure) 66M->3M(245M) 3.255ms
[1.444s][info][gc,cpu      ] GC(1) User=0.00s Sys=0.00s Real=0.01s
[2.632s][info][gc,start    ] GC(2) Pause Young (Allocation Failure)
[2.640s][info][gc,heap     ] GC(2) PSYoungGen: 67506K(76288K)->5502K(76288K) Eden: 65536K(65536K)->0K(65536K) From: 1970K(10752K)->5502K(10752K)
[2.640s][info][gc,heap     ] GC(2) ParOldGen: 1104K(175104K)->1104K(175104K)
[2.640s][info][gc,metaspace] GC(2) Metaspace: 9415K(9600K)->9415K(9600K) NonClass: 6580K(6656K)->6580K(6656K) Class: 2834K(2944K)->2834K(2944K)
[2.640s][info][gc          ] GC(2) Pause Young (Allocation Failure) 67M->6M(245M) 8.685ms
[2.640s][info][gc,cpu      ] GC(2) User=0.01s Sys=0.00s Real=0.01s
[2.789s][info][gc,start    ] GC(3) Pause Young (Allocation Failure)
[2.798s][info][gc,heap     ] GC(3) PSYoungGen: 71038K(76288K)->7166K(76288K) Eden: 65536K(65536K)->0K(65536K) From: 5502K(10752K)->7166K(10752K)
[2.798s][info][gc,heap     ] GC(3) ParOldGen: 1104K(175104K)->1112K(175104K)
[2.798s][info][gc,metaspace] GC(3) Metaspace: 9450K(9600K)->9450K(9600K) NonClass: 6612K(6656K)->6612K(6656K) Class: 2837K(2944K)->2837K(2944K)
[2.798s][info][gc          ] GC(3) Pause Young (Allocation Failure) 70M->8M(245M) 9.465ms
[2.798s][info][gc,cpu      ] GC(3) User=0.01s Sys=0.00s Real=0.01s
[2.909s][info][gc,start    ] GC(4) Pause Young (Allocation Failure)
[2.926s][info][gc,heap     ] GC(4) PSYoungGen: 72702K(76288K)->8670K(76288K) Eden: 65536K(65536K)->0K(65536K) From: 7166K(10752K)->8670K(10752K)
[2.926s][info][gc,heap     ] GC(4) ParOldGen: 1112K(175104K)->1112K(175104K)
[2.926s][info][gc,metaspace] GC(4) Metaspace: 9469K(9664K)->9469K(9664K) NonClass: 6632K(6720K)->6632K(6720K) Class: 2837K(2944K)->2837K(2944K)
[2.926s][info][gc          ] GC(4) Pause Young (Allocation Failure) 72M->9M(245M) 16.206ms
[2.926s][info][gc,cpu      ] GC(4) User=0.03s Sys=0.01s Real=0.02s
[3.043s][info][gc,start    ] GC(5) Pause Young (Allocation Failure)
[3.058s][info][gc,heap     ] GC(5) PSYoungGen: 74206K(76288K)->9838K(139776K) Eden: 65536K(65536K)->0K(129024K) From: 8670K(10752K)->9838K(10752K)
[3.058s][info][gc,heap     ] GC(5) ParOldGen: 1112K(175104K)->1120K(175104K)
[3.058s][info][gc,metaspace] GC(5) Metaspace: 9500K(9664K)->9500K(9664K) NonClass: 6662K(6720K)->6662K(6720K) Class: 2837K(2944K)->2837K(2944K)
[3.058s][info][gc          ] GC(5) Pause Young (Allocation Failure) 73M->10M(307M) 15.751ms
[3.058s][info][gc,cpu      ] GC(5) User=0.02s Sys=0.00s Real=0.02s
[3.316s][info][gc,start    ] GC(6) Pause Young (Allocation Failure)
[3.334s][info][gc,heap     ] GC(6) PSYoungGen: 138862K(139776K)->10876K(141824K) Eden: 129024K(129024K)->0K(129024K) From: 9838K(10752K)->10876K(12800K)
[3.334s][info][gc,heap     ] GC(6) ParOldGen: 1120K(175104K)->3031K(175104K)
[3.334s][info][gc,metaspace] GC(6) Metaspace: 9508K(9664K)->9508K(9664K) NonClass: 6670K(6720K)->6670K(6720K) Class: 2837K(2944K)->2837K(2944K)
[3.334s][info][gc          ] GC(6) Pause Young (Allocation Failure) 136M->13M(309M) 18.620ms
[3.334s][info][gc,cpu      ] GC(6) User=0.03s Sys=0.01s Real=0.02s
[3.895s][info][gc,start    ] GC(7) Pause Young (Allocation Failure)
[3.931s][info][gc,heap     ] GC(7) PSYoungGen: 139900K(141824K)->8288K(272384K) Eden: 129024K(129024K)->0K(258048K) From: 10876K(12800K)->8288K(14336K)
[3.931s][info][gc,heap     ] GC(7) ParOldGen: 3031K(175104K)->7975K(175104K)
[3.931s][info][gc,metaspace] GC(7) Metaspace: 12561K(12800K)->12561K(12800K) NonClass: 8420K(8512K)->8420K(8512K) Class: 4141K(4288K)->4141K(4288K)
[3.931s][info][gc          ] GC(7) Pause Young (Allocation Failure) 139M->15M(437M) 36.581ms
[3.931s][info][gc,cpu      ] GC(7) User=0.06s Sys=0.01s Real=0.03s
[4.794s][info][metaspace   ] ChkMgr @0x00007fb3ac03f160 (non-class-space): failed to commit 10 words on chunk @0x00007fb3ac5533f8, f, base 0x00007fb344e40000, level lv10.
[4.794s][info][metaspace   ] Arena @0x00007fb3ac120d70 (non-class arena): failed to allocate new chunk for requested word size 10.
[4.794s][info][metaspace   ] Arena @0x00007fb3ac120d70 (non-class arena): allocation failed, returned null.
[4.794s][info][metaspace   ] ChkMgr @0x00007fb3ac03f160 (non-class-space): failed to commit 10 words on chunk @0x00007fb3ac5533f8, f, base 0x00007fb344e40000, level lv10.
[4.794s][info][metaspace   ] Arena @0x00007fb3ac120d70 (non-class arena): failed to allocate new chunk for requested word size 10.
[4.794s][info][metaspace   ] Arena @0x00007fb3ac120d70 (non-class arena): allocation failed, returned null.
[4.794s][info][metaspace   ] ChkMgr @0x00007fb3ac03f160 (non-class-space): failed to commit 59 words on chunk @0x00007fb3ac5533f8, f, base 0x00007fb344e40000, level lv10.
[4.795s][info][metaspace   ] Arena @0x00007fb3ac120d70 (non-class arena): failed to allocate new chunk for requested word size 59.
[4.795s][info][metaspace   ] Arena @0x00007fb3ac120d70 (non-class arena): allocation failed, returned null.
[4.795s][info][metaspace   ] ChkMgr @0x00007fb3ac03f160 (non-class-space): failed to commit 59 words on chunk @0x00007fb3ac5533f8, f, base 0x00007fb344e40000, level lv10.
[4.795s][info][metaspace   ] Arena @0x00007fb3ac120d70 (non-class arena): failed to allocate new chunk for requested word size 59.
[4.795s][info][metaspace   ] Arena @0x00007fb3ac120d70 (non-class arena): allocation failed, returned null.
[4.795s][info][metaspace   ] ChkMgr @0x00007fb3ac03f160 (non-class-space): failed to commit 10 words on chunk @0x00007fb3ac5533f8, f, base 0x00007fb344e40000, level lv10.
[4.795s][info][metaspace   ] Arena @0x00007fb3ac120d70 (non-class arena): failed to allocate new chunk for requested word size 10.
[4.795s][info][metaspace   ] Arena @0x00007fb3ac120d70 (non-class arena): allocation failed, returned null.
[4.795s][info][gc,start    ] GC(8) Pause Full (Metadata GC Threshold)
[4.795s][info][gc,phases,start] GC(8) Marking Phase
[4.835s][info][gc,phases      ] GC(8) Marking Phase 39.895ms
[4.835s][info][gc,phases,start] GC(8) Summary Phase
[4.835s][info][gc,phases      ] GC(8) Summary Phase 0.011ms
[4.835s][info][gc,phases,start] GC(8) Forward
[4.842s][info][gc,phases      ] GC(8) Forward 7.701ms
[4.842s][info][gc,phases,start] GC(8) Adjust Pointers
[4.855s][info][gc,phases      ] GC(8) Adjust Pointers 12.664ms
[4.855s][info][gc,phases,start] GC(8) Compaction Phase
[4.868s][info][gc,phases      ] GC(8) Compaction Phase 12.486ms
[4.868s][info][gc,phases,start] GC(8) Post Compact
[4.868s][info][metaspace      ] ChkMgr @0x00007fb3ac03f160 (non-class-space): : reclaiming memory...
[4.868s][info][metaspace      ] ChkMgr @0x00007fb3ac03f160 (non-class-space): nothing reclaimed.
[4.868s][info][metaspace      ] ChkMgr @0x00007fb3ac03ef70 (class-space): : reclaiming memory...
[4.868s][info][metaspace      ] ChkMgr @0x00007fb3ac03ef70 (class-space): nothing reclaimed.
[4.868s][info][gc,phases      ] GC(8) Post Compact 0.778ms
[4.868s][info][gc,heap        ] GC(8) PSYoungGen: 50669K(272384K)->0K(272384K) Eden: 42381K(258048K)->0K(258048K) From: 8288K(14336K)->0K(14336K)
[4.868s][info][gc,heap        ] GC(8) ParOldGen: 7975K(175104K)->19021K(175104K)
[4.868s][info][gc,metaspace   ] GC(8) Metaspace: 21219K(21504K)->21173K(21504K) NonClass: 14294K(14464K)->14250K(14464K) Class: 6924K(7040K)->6922K(7040K)
[4.869s][info][gc             ] GC(8) Pause Full (Metadata GC Threshold) 57M->18M(437M) 73.878ms
[4.869s][info][gc,cpu         ] GC(8) User=0.13s Sys=0.02s Real=0.07s
[7.018s][info][gc,start       ] GC(9) Pause Young (Allocation Failure)
[7.029s][info][gc,heap        ] GC(9) PSYoungGen: 258048K(272384K)->5409K(272384K) Eden: 258048K(258048K)->0K(258048K) From: 0K(14336K)->5409K(14336K)
[7.029s][info][gc,heap        ] GC(9) ParOldGen: 19021K(175104K)->19021K(175104K)
[7.029s][info][gc,metaspace   ] GC(9) Metaspace: 32554K(33152K)->32554K(33152K) NonClass: 23485K(23936K)->23485K(23936K) Class: 9069K(9216K)->9069K(9216K)
[7.029s][info][gc             ] GC(9) Pause Young (Allocation Failure) 270M->23M(437M) 11.464ms
[7.029s][info][gc,cpu         ] GC(9) User=0.02s Sys=0.01s Real=0.01s
[8.024s][info][gc,start       ] GC(10) Pause Young (Allocation Failure)
[8.033s][info][gc,heap        ] GC(10) PSYoungGen: 263457K(272384K)->5208K(318976K) Eden: 258048K(258048K)->0K(305664K) From: 5409K(14336K)->5208K(13312K)
[8.033s][info][gc,heap        ] GC(10) ParOldGen: 19021K(175104K)->19021K(175104K)
[8.033s][info][gc,metaspace   ] GC(10) Metaspace: 32696K(33280K)->32696K(33280K) NonClass: 23613K(24000K)->23613K(24000K) Class: 9082K(9280K)->9082K(9280K)
[8.033s][info][gc             ] GC(10) Pause Young (Allocation Failure) 275M->23M(482M) 8.972ms
[8.033s][info][gc,cpu         ] GC(10) User=0.02s Sys=0.00s Real=0.01s
[9.255s][info][gc,start       ] GC(11) Pause Young (Allocation Failure)
[9.264s][info][gc,heap        ] GC(11) PSYoungGen: 310872K(318976K)->64K(318976K) Eden: 305664K(305664K)->0K(305664K) From: 5208K(13312K)->64K(13312K)
[9.264s][info][gc,heap        ] GC(11) ParOldGen: 19021K(175104K)->24192K(175104K)
[9.264s][info][gc,metaspace   ] GC(11) Metaspace: 32700K(33280K)->32700K(33280K) NonClass: 23617K(24000K)->23617K(24000K) Class: 9082K(9280K)->9082K(9280K)
[9.264s][info][gc             ] GC(11) Pause Young (Allocation Failure) 322M->23M(482M) 9.310ms
[9.264s][info][gc,cpu         ] GC(11) User=0.02s Sys=0.00s Real=0.01s
[9.581s][info][gc,start       ] GC(12) Pause Young (Allocation Failure)
[9.582s][info][gc,heap        ] GC(12) PSYoungGen: 305728K(318976K)->64K(320000K) Eden: 305664K(305664K)->0K(306176K) From: 64K(13312K)->64K(13824K)
[9.582s][info][gc,heap        ] GC(12) ParOldGen: 24192K(175104K)->24208K(175104K)
[9.582s][info][gc,metaspace   ] GC(12) Metaspace: 32700K(33280K)->32700K(33280K) NonClass: 23617K(24000K)->23617K(24000K) Class: 9082K(9280K)->9082K(9280K)
[9.582s][info][gc             ] GC(12) Pause Young (Allocation Failure) 322M->23M(483M) 0.913ms
[9.582s][info][gc,cpu         ] GC(12) User=0.00s Sys=0.00s Real=0.00s
[10.662s][info][gc,start       ] GC(13) Pause Young (Allocation Failure)
[10.662s][info][gc,heap        ] GC(13) PSYoungGen: 306240K(320000K)->64K(320000K) Eden: 306176K(306176K)->0K(306176K) From: 64K(13824K)->64K(13824K)
[10.662s][info][gc,heap        ] GC(13) ParOldGen: 24208K(175104K)->24208K(175104K)
[10.662s][info][gc,metaspace   ] GC(13) Metaspace: 32832K(33408K)->32832K(33408K) NonClass: 23749K(24128K)->23749K(24128K) Class: 9082K(9280K)->9082K(9280K)
[10.662s][info][gc             ] GC(13) Pause Young (Allocation Failure) 322M->23M(483M) 0.642ms
[10.662s][info][gc,cpu         ] GC(13) User=0.01s Sys=0.00s Real=0.00s
[10.756s][info][gc,start       ] GC(14) Pause Young (Allocation Failure)
[10.756s][info][gc,heap        ] GC(14) PSYoungGen: 306240K(320000K)->32K(320000K) Eden: 306176K(306176K)->0K(306176K) From: 64K(13824K)->32K(13824K)
[10.756s][info][gc,heap        ] GC(14) ParOldGen: 24208K(175104K)->24224K(175104K)
[10.756s][info][gc,metaspace   ] GC(14) Metaspace: 32832K(33408K)->32832K(33408K) NonClass: 23749K(24128K)->23749K(24128K) Class: 9082K(9280K)->9082K(9280K)
[10.756s][info][gc             ] GC(14) Pause Young (Allocation Failure) 322M->23M(483M) 0.904ms
[10.756s][info][gc,cpu         ] GC(14) User=0.00s Sys=0.00s Real=0.00s
[10.828s][info][gc,start       ] GC(15) Pause Young (Allocation Failure)
[10.829s][info][gc,heap        ] GC(15) PSYoungGen: 306208K(320000K)->32K(306688K) Eden: 306176K(306176K)->0K(306176K) From: 32K(13824K)->32K(512K)
[10.829s][info][gc,heap        ] GC(15) ParOldGen: 24224K(175104K)->24224K(175104K)
[10.829s][info][gc,metaspace   ] GC(15) Metaspace: 32832K(33408K)->32832K(33408K) NonClass: 23749K(24128K)->23749K(24128K) Class: 9082K(9280K)->9082K(9280K)
[10.829s][info][gc             ] GC(15) Pause Young (Allocation Failure) 322M->23M(470M) 0.837ms
[10.829s][info][gc,cpu         ] GC(15) User=0.01s Sys=0.00s Real=0.00s
[11.173s][info][gc,start       ] GC(16) Pause Young (Allocation Failure)
[11.174s][info][gc,heap        ] GC(16) PSYoungGen: 306208K(306688K)->64K(319488K) Eden: 306176K(306176K)->0K(306176K) From: 32K(512K)->64K(13312K)
[11.174s][info][gc,heap        ] GC(16) ParOldGen: 24224K(175104K)->24224K(175104K)
[11.174s][info][gc,metaspace   ] GC(16) Metaspace: 32838K(33472K)->32838K(33472K) NonClass: 23755K(24192K)->23755K(24192K) Class: 9082K(9280K)->9082K(9280K)
[11.174s][info][gc             ] GC(16) Pause Young (Allocation Failure) 322M->23M(483M) 0.919ms
[11.174s][info][gc,cpu         ] GC(16) User=0.00s Sys=0.00s Real=0.01s
[11.585s][info][gc,start       ] GC(17) Pause Young (Allocation Failure)
[11.586s][info][gc,heap        ] GC(17) PSYoungGen: 306240K(319488K)->64K(294400K) Eden: 306176K(306176K)->0K(293888K) From: 64K(13312K)->64K(512K)
[11.586s][info][gc,heap        ] GC(17) ParOldGen: 24224K(175104K)->24240K(175104K)
[11.586s][info][gc,metaspace   ] GC(17) Metaspace: 32895K(33536K)->32895K(33536K) NonClass: 23812K(24256K)->23812K(24256K) Class: 9082K(9280K)->9082K(9280K)
[11.586s][info][gc             ] GC(17) Pause Young (Allocation Failure) 322M->23M(458M) 1.440ms
[11.586s][info][gc,cpu         ] GC(17) User=0.00s Sys=0.01s Real=0.00s
[11.815s][info][gc,start       ] GC(18) Pause Young (Allocation Failure)
[11.816s][info][gc,heap        ] GC(18) PSYoungGen: 293952K(294400K)->64K(282624K) Eden: 293888K(293888K)->0K(282112K) From: 64K(512K)->64K(512K)
[11.816s][info][gc,heap        ] GC(18) ParOldGen: 24240K(175104K)->24256K(175104K)
[11.816s][info][gc,metaspace   ] GC(18) Metaspace: 32895K(33536K)->32895K(33536K) NonClass: 23812K(24256K)->23812K(24256K) Class: 9082K(9280K)->9082K(9280K)
[11.816s][info][gc             ] GC(18) Pause Young (Allocation Failure) 310M->23M(447M) 1.292ms
[11.816s][info][gc,cpu         ] GC(18) User=0.00s Sys=0.00s Real=0.00s
[12.081s][info][gc,start       ] GC(19) Pause Young (Allocation Failure)
[12.082s][info][gc,heap        ] GC(19) PSYoungGen: 282176K(282624K)->64K(283136K) Eden: 282112K(282112K)->0K(270848K) From: 64K(512K)->64K(12288K)
[12.082s][info][gc,heap        ] GC(19) ParOldGen: 24256K(175104K)->24272K(175104K)
[12.082s][info][gc,metaspace   ] GC(19) Metaspace: 32895K(33536K)->32895K(33536K) NonClass: 23812K(24256K)->23812K(24256K) Class: 9082K(9280K)->9082K(9280K)
[12.082s][info][gc             ] GC(19) Pause Young (Allocation Failure) 299M->23M(447M) 1.069ms
[12.082s][info][gc,cpu         ] GC(19) User=0.00s Sys=0.00s Real=0.00s
[12.952s][info][gc,start       ] GC(20) Pause Young (Allocation Failure)
[12.953s][info][gc,heap        ] GC(20) PSYoungGen: 270912K(283136K)->64K(260608K) Eden: 270848K(270848K)->0K(260096K) From: 64K(12288K)->64K(512K)
[12.954s][info][gc,heap        ] GC(20) ParOldGen: 24272K(175104K)->24280K(175104K)
[12.954s][info][gc,metaspace   ] GC(20) Metaspace: 32900K(33536K)->32900K(33536K) NonClass: 23817K(24256K)->23817K(24256K) Class: 9082K(9280K)->9082K(9280K)
[12.954s][info][gc             ] GC(20) Pause Young (Allocation Failure) 288M->23M(425M) 2.042ms
[12.954s][info][gc,cpu         ] GC(20) User=0.01s Sys=0.00s Real=0.01s
[13.886s][info][gc,start       ] GC(21) Pause Young (Allocation Failure)
[13.887s][info][gc,heap        ] GC(21) PSYoungGen: 260160K(260608K)->102K(261120K) Eden: 260096K(260096K)->0K(249856K) From: 64K(512K)->102K(11264K)
[13.887s][info][gc,heap        ] GC(21) ParOldGen: 24280K(175104K)->24296K(175104K)
[13.887s][info][gc,metaspace   ] GC(21) Metaspace: 32933K(33536K)->32933K(33536K) NonClass: 23850K(24256K)->23850K(24256K) Class: 9082K(9280K)->9082K(9280K)
[13.887s][info][gc             ] GC(21) Pause Young (Allocation Failure) 277M->23M(426M) 1.048ms
[13.887s][info][gc,cpu         ] GC(21) User=0.00s Sys=0.00s Real=0.00s
[15.324s][info][gc,start       ] GC(22) Pause Young (Allocation Failure)
[15.326s][info][gc,heap        ] GC(22) PSYoungGen: 249958K(261120K)->32K(240640K) Eden: 249856K(249856K)->0K(240128K) From: 102K(11264K)->32K(512K)
[15.326s][info][gc,heap        ] GC(22) ParOldGen: 24296K(175104K)->24304K(175104K)
[15.326s][info][gc,metaspace   ] GC(22) Metaspace: 32959K(33536K)->32959K(33536K) NonClass: 23876K(24256K)->23876K(24256K) Class: 9082K(9280K)->9082K(9280K)
[15.326s][info][gc             ] GC(22) Pause Young (Allocation Failure) 267M->23M(406M) 2.439ms
[15.326s][info][gc,cpu         ] GC(22) User=0.00s Sys=0.00s Real=0.00s
[15.865s][info][gc,start       ] GC(23) Pause Young (Allocation Failure)
[15.865s][info][gc,heap        ] GC(23) PSYoungGen: 240160K(240640K)->64K(241152K) Eden: 240128K(240128K)->0K(230912K) From: 32K(512K)->64K(10240K)
[15.865s][info][gc,heap        ] GC(23) ParOldGen: 24304K(175104K)->24312K(175104K)
[15.865s][info][gc,metaspace   ] GC(23) Metaspace: 32960K(33536K)->32960K(33536K) NonClass: 23877K(24256K)->23877K(24256K) Class: 9082K(9280K)->9082K(9280K)
[15.865s][info][gc             ] GC(23) Pause Young (Allocation Failure) 258M->23M(406M) 0.731ms
[15.865s][info][gc,cpu         ] GC(23) User=0.00s Sys=0.00s Real=0.00s
[16.873s][info][gc,start       ] GC(24) Pause Young (Allocation Failure)
[16.875s][info][gc,heap        ] GC(24) PSYoungGen: 230976K(241152K)->64K(222720K) Eden: 230912K(230912K)->0K(222208K) From: 64K(10240K)->64K(512K)
[16.875s][info][gc,heap        ] GC(24) ParOldGen: 24312K(175104K)->24320K(175104K)
[16.875s][info][gc,metaspace   ] GC(24) Metaspace: 32983K(33600K)->32983K(33600K) NonClass: 23901K(24320K)->23901K(24320K) Class: 9082K(9280K)->9082K(9280K)
[16.875s][info][gc             ] GC(24) Pause Young (Allocation Failure) 249M->23M(388M) 1.926ms
[16.875s][info][gc,cpu         ] GC(24) User=0.00s Sys=0.00s Real=0.01s
[18.892s][info][gc,start       ] GC(25) Pause Young (Allocation Failure)
[18.893s][info][gc,heap        ] GC(25) PSYoungGen: 222272K(222720K)->64K(223232K) Eden: 222208K(222208K)->0K(214016K) From: 64K(512K)->64K(9216K)
[18.893s][info][gc,heap        ] GC(25) ParOldGen: 24320K(175104K)->24328K(175104K)
[18.893s][info][gc,metaspace   ] GC(25) Metaspace: 33044K(33664K)->33044K(33664K) NonClass: 23961K(24384K)->23961K(24384K) Class: 9082K(9280K)->9082K(9280K)
[18.893s][info][gc             ] GC(25) Pause Young (Allocation Failure) 240M->23M(389M) 1.331ms
[18.893s][info][gc,cpu         ] GC(25) User=0.00s Sys=0.00s Real=0.01s
[19.779s][info][gc,start       ] GC(26) Pause Young (Allocation Failure)
[19.780s][info][gc,heap        ] GC(26) PSYoungGen: 214080K(223232K)->32K(206336K) Eden: 214016K(214016K)->0K(205824K) From: 64K(9216K)->32K(512K)
[19.780s][info][gc,heap        ] GC(26) ParOldGen: 24328K(175104K)->24336K(175104K)
[19.780s][info][gc,metaspace   ] GC(26) Metaspace: 33193K(33856K)->33193K(33856K) NonClass: 24110K(24576K)->24110K(24576K) Class: 9082K(9280K)->9082K(9280K)
[19.780s][info][gc             ] GC(26) Pause Young (Allocation Failure) 232M->23M(372M) 1.695ms
[19.780s][info][gc,cpu         ] GC(26) User=0.00s Sys=0.00s Real=0.00s
[20.101s][info][gc,start       ] GC(27) Pause Young (Allocation Failure)
[20.102s][info][gc,heap        ] GC(27) PSYoungGen: 205856K(206336K)->64K(206336K) Eden: 205824K(205824K)->0K(198144K) From: 32K(512K)->64K(8192K)
[20.102s][info][gc,heap        ] GC(27) ParOldGen: 24336K(175104K)->24352K(175104K)
[20.102s][info][gc,metaspace   ] GC(27) Metaspace: 33214K(33856K)->33214K(33856K) NonClass: 24131K(24576K)->24131K(24576K) Class: 9082K(9280K)->9082K(9280K)
[20.102s][info][gc             ] GC(27) Pause Young (Allocation Failure) 224M->23M(372M) 0.918ms
[20.102s][info][gc,cpu         ] GC(27) User=0.00s Sys=0.00s Real=0.00s
[20.342s][info][gc,start       ] GC(28) Pause Young (Allocation Failure)
[20.344s][info][gc,heap        ] GC(28) PSYoungGen: 198208K(206336K)->64K(191488K) Eden: 198144K(198144K)->0K(190976K) From: 64K(8192K)->64K(512K)
[20.344s][info][gc,heap        ] GC(28) ParOldGen: 24352K(175104K)->24360K(175104K)
[20.344s][info][gc,metaspace   ] GC(28) Metaspace: 33264K(33920K)->33264K(33920K) NonClass: 24181K(24640K)->24181K(24640K) Class: 9082K(9280K)->9082K(9280K)
[20.344s][info][gc             ] GC(28) Pause Young (Allocation Failure) 217M->23M(358M) 1.381ms
[20.344s][info][gc,cpu         ] GC(28) User=0.01s Sys=0.00s Real=0.01s
[20.922s][info][gc,start       ] GC(29) Pause Young (Allocation Failure)
[20.922s][info][gc,heap        ] GC(29) PSYoungGen: 191040K(191488K)->64K(191488K) Eden: 190976K(190976K)->0K(184320K) From: 64K(512K)->64K(7168K)
[20.922s][info][gc,heap        ] GC(29) ParOldGen: 24360K(175104K)->24376K(175104K)
[20.922s][info][gc,metaspace   ] GC(29) Metaspace: 33271K(33920K)->33271K(33920K) NonClass: 24188K(24640K)->24188K(24640K) Class: 9082K(9280K)->9082K(9280K)
[20.922s][info][gc             ] GC(29) Pause Young (Allocation Failure) 210M->23M(358M) 0.624ms
[20.922s][info][gc,cpu         ] GC(29) User=0.00s Sys=0.00s Real=0.00s
[21.165s][info][gc,start       ] GC(30) Pause Young (Allocation Failure)
[21.167s][info][gc,heap        ] GC(30) PSYoungGen: 184384K(191488K)->64K(178176K) Eden: 184320K(184320K)->0K(177664K) From: 64K(7168K)->64K(512K)
[21.167s][info][gc,heap        ] GC(30) ParOldGen: 24376K(175104K)->24384K(175104K)
[21.167s][info][gc,metaspace   ] GC(30) Metaspace: 33271K(33920K)->33271K(33920K) NonClass: 24188K(24640K)->24188K(24640K) Class: 9082K(9280K)->9082K(9280K)
[21.167s][info][gc             ] GC(30) Pause Young (Allocation Failure) 203M->23M(345M) 1.699ms
[21.167s][info][gc,cpu         ] GC(30) User=0.01s Sys=0.00s Real=0.00s
[21.764s][info][gc,start       ] GC(31) Pause Young (Allocation Failure)
[21.765s][info][gc,heap        ] GC(31) PSYoungGen: 177728K(178176K)->64K(178176K) Eden: 177664K(177664K)->0K(171520K) From: 64K(512K)->64K(6656K)
[21.765s][info][gc,heap        ] GC(31) ParOldGen: 24384K(175104K)->24392K(175104K)
[21.765s][info][gc,metaspace   ] GC(31) Metaspace: 33453K(34048K)->33453K(34048K) NonClass: 24357K(24768K)->24357K(24768K) Class: 9095K(9280K)->9095K(9280K)
[21.766s][info][gc             ] GC(31) Pause Young (Allocation Failure) 197M->23M(345M) 1.263ms
[21.766s][info][gc,cpu         ] GC(31) User=0.00s Sys=0.00s Real=0.00s
[22.569s][info][gc,start       ] GC(32) Pause Young (Allocation Failure)
[22.604s][info][gc,heap        ] GC(32) PSYoungGen: 171584K(178176K)->6133K(229376K) Eden: 171520K(171520K)->0K(223232K) From: 64K(6656K)->6133K(6144K)
[22.604s][info][gc,heap        ] GC(32) ParOldGen: 24392K(175104K)->35245K(175104K)
[22.604s][info][gc,metaspace   ] GC(32) Metaspace: 34052K(34688K)->34052K(34688K) NonClass: 24872K(25280K)->24872K(25280K) Class: 9180K(9408K)->9180K(9408K)
[22.604s][info][gc             ] GC(32) Pause Young (Allocation Failure) 191M->40M(395M) 35.851ms
[22.604s][info][gc,cpu         ] GC(32) User=0.06s Sys=0.01s Real=0.04s
[23.081s][info][gc,start       ] GC(33) Pause Young (Allocation Failure)
[23.135s][info][gc,heap        ] GC(33) PSYoungGen: 229365K(229376K)->11776K(243200K) Eden: 223232K(223232K)->0K(231424K) From: 6133K(6144K)->11776K(11776K)
[23.135s][info][gc,heap        ] GC(33) ParOldGen: 35245K(175104K)->49284K(175104K)
[23.135s][info][gc,metaspace   ] GC(33) Metaspace: 34089K(34752K)->34089K(34752K) NonClass: 24906K(25344K)->24906K(25344K) Class: 9182K(9408K)->9182K(9408K)
[23.135s][info][gc             ] GC(33) Pause Young (Allocation Failure) 258M->59M(408M) 53.764ms
[23.135s][info][gc,cpu         ] GC(33) User=0.09s Sys=0.01s Real=0.06s
[23.516s][info][gc,start       ] GC(34) Pause Young (Allocation Failure)
[23.567s][info][gc,heap        ] GC(34) PSYoungGen: 243200K(243200K)->19456K(293888K) Eden: 231424K(231424K)->0K(274432K) From: 11776K(11776K)->19456K(19456K)
[23.567s][info][gc,heap        ] GC(34) ParOldGen: 49284K(175104K)->50980K(175104K)
[23.567s][info][gc,metaspace   ] GC(34) Metaspace: 34093K(34752K)->34093K(34752K) NonClass: 24910K(25344K)->24910K(25344K) Class: 9182K(9408K)->9182K(9408K)
[23.567s][info][gc             ] GC(34) Pause Young (Allocation Failure) 285M->68M(458M) 50.251ms
[23.567s][info][gc,cpu         ] GC(34) User=0.08s Sys=0.02s Real=0.05s
[23.834s][info][gc,start       ] GC(35) Pause Young (Allocation Failure)
[23.835s][info][gc,heap        ] GC(35) PSYoungGen: 293888K(293888K)->64K(298496K) Eden: 274432K(274432K)->0K(274432K) From: 19456K(19456K)->64K(24064K)
[23.835s][info][gc,heap        ] GC(35) ParOldGen: 50980K(175104K)->51028K(175104K)
[23.835s][info][gc,metaspace   ] GC(35) Metaspace: 34101K(34752K)->34101K(34752K) NonClass: 24916K(25344K)->24916K(25344K) Class: 9185K(9408K)->9185K(9408K)
[23.835s][info][gc             ] GC(35) Pause Young (Allocation Failure) 336M->49M(462M) 1.288ms
[23.835s][info][gc,cpu         ] GC(35) User=0.00s Sys=0.00s Real=0.00s
[24.677s][info][gc,start       ] GC(36) Pause Young (Allocation Failure)
[24.678s][info][gc,heap        ] GC(36) PSYoungGen: 274496K(298496K)->64K(307200K) Eden: 274432K(274432K)->0K(286208K) From: 64K(24064K)->64K(20992K)
[24.678s][info][gc,heap        ] GC(36) ParOldGen: 51028K(175104K)->51044K(175104K)
[24.678s][info][gc,metaspace   ] GC(36) Metaspace: 34101K(34752K)->34101K(34752K) NonClass: 24916K(25344K)->24916K(25344K) Class: 9185K(9408K)->9185K(9408K)
[24.678s][info][gc             ] GC(36) Pause Young (Allocation Failure) 317M->49M(471M) 0.706ms
[24.678s][info][gc,cpu         ] GC(36) User=0.00s Sys=0.00s Real=0.00s
[25.502s][info][gc,start       ] GC(37) Pause Young (Allocation Failure)
[25.503s][info][gc,heap        ] GC(37) PSYoungGen: 286272K(307200K)->64K(308736K) Eden: 286208K(286208K)->0K(286208K) From: 64K(20992K)->64K(22528K)
[25.503s][info][gc,heap        ] GC(37) ParOldGen: 51044K(175104K)->51052K(175104K)
[25.503s][info][gc,metaspace   ] GC(37) Metaspace: 34101K(34752K)->34101K(34752K) NonClass: 24916K(25344K)->24916K(25344K) Class: 9185K(9408K)->9185K(9408K)
[25.503s][info][gc             ] GC(37) Pause Young (Allocation Failure) 329M->49M(472M) 0.974ms
[25.503s][info][gc,cpu         ] GC(37) User=0.01s Sys=0.00s Real=0.00s
[26.367s][info][gc,start       ] GC(38) Pause Young (Allocation Failure)
[26.368s][info][gc,heap        ] GC(38) PSYoungGen: 286272K(308736K)->64K(309760K) Eden: 286208K(286208K)->0K(289792K) From: 64K(22528K)->64K(19968K)
[26.368s][info][gc,heap        ] GC(38) ParOldGen: 51052K(175104K)->51068K(175104K)
[26.368s][info][gc,metaspace   ] GC(38) Metaspace: 34113K(34752K)->34113K(34752K) NonClass: 24928K(25344K)->24928K(25344K) Class: 9185K(9408K)->9185K(9408K)
[26.368s][info][gc             ] GC(38) Pause Young (Allocation Failure) 329M->49M(473M) 1.043ms
[26.368s][info][gc,cpu         ] GC(38) User=0.00s Sys=0.00s Real=0.00s
[26.673s][info][gc,start       ] GC(39) Pause Young (Allocation Failure)
[26.673s][info][gc,heap        ] GC(39) PSYoungGen: 289856K(309760K)->64K(310784K) Eden: 289792K(289792K)->0K(289792K) From: 64K(19968K)->64K(20992K)
[26.673s][info][gc,heap        ] GC(39) ParOldGen: 51068K(175104K)->51084K(175104K)
[26.674s][info][gc,metaspace   ] GC(39) Metaspace: 34113K(34752K)->34113K(34752K) NonClass: 24928K(25344K)->24928K(25344K) Class: 9185K(9408K)->9185K(9408K)
[26.674s][info][gc             ] GC(39) Pause Young (Allocation Failure) 332M->49M(474M) 1.008ms
[26.674s][info][gc,cpu         ] GC(39) User=0.00s Sys=0.00s Real=0.01s
[27.436s][info][gc,start       ] GC(40) Pause Young (Allocation Failure)
[27.437s][info][gc,heap        ] GC(40) PSYoungGen: 289856K(310784K)->64K(310784K) Eden: 289792K(289792K)->0K(292864K) From: 64K(20992K)->64K(17920K)
[27.437s][info][gc,heap        ] GC(40) ParOldGen: 51084K(175104K)->51084K(175104K)
[27.437s][info][gc,metaspace   ] GC(40) Metaspace: 34129K(34816K)->34129K(34816K) NonClass: 24944K(25408K)->24944K(25408K) Class: 9185K(9408K)->9185K(9408K)
[27.437s][info][gc             ] GC(40) Pause Young (Allocation Failure) 332M->49M(474M) 0.823ms
[27.437s][info][gc,cpu         ] GC(40) User=0.00s Sys=0.00s Real=0.00s
[27.574s][info][gc,start       ] GC(41) Pause Young (Allocation Failure)
[27.575s][info][gc,heap        ] GC(41) PSYoungGen: 292928K(310784K)->64K(281600K) Eden: 292864K(292864K)->0K(281088K) From: 64K(17920K)->64K(512K)
[27.575s][info][gc,heap        ] GC(41) ParOldGen: 51084K(175104K)->51092K(175104K)
[27.575s][info][gc,metaspace   ] GC(41) Metaspace: 34129K(34816K)->34129K(34816K) NonClass: 24944K(25408K)->24944K(25408K) Class: 9185K(9408K)->9185K(9408K)
[27.575s][info][gc             ] GC(41) Pause Young (Allocation Failure) 335M->49M(446M) 0.834ms
[27.575s][info][gc,cpu         ] GC(41) User=0.00s Sys=0.00s Real=0.00s
[27.639s][info][gc,start       ] GC(42) Pause Young (Allocation Failure)
[27.641s][info][gc,heap        ] GC(42) PSYoungGen: 281152K(281600K)->64K(274432K) Eden: 281088K(281088K)->0K(269824K) From: 64K(512K)->64K(4608K)
[27.641s][info][gc,heap        ] GC(42) ParOldGen: 51092K(175104K)->51108K(175104K)
[27.641s][info][gc,metaspace   ] GC(42) Metaspace: 34129K(34816K)->34129K(34816K) NonClass: 24944K(25408K)->24944K(25408K) Class: 9185K(9408K)->9185K(9408K)
[27.641s][info][gc             ] GC(42) Pause Young (Allocation Failure) 324M->49M(439M) 1.637ms
[27.641s][info][gc,cpu         ] GC(42) User=0.00s Sys=0.00s Real=0.00s
[27.845s][info][gc,start       ] GC(43) Pause Young (Allocation Failure)
[27.846s][info][gc,heap        ] GC(43) PSYoungGen: 269888K(274432K)->64K(259584K) Eden: 269824K(269824K)->0K(259072K) From: 64K(4608K)->64K(512K)
[27.846s][info][gc,heap        ] GC(43) ParOldGen: 51108K(175104K)->51108K(175104K)
[27.846s][info][gc,metaspace   ] GC(43) Metaspace: 34129K(34816K)->34129K(34816K) NonClass: 24944K(25408K)->24944K(25408K) Class: 9185K(9408K)->9185K(9408K)
[27.846s][info][gc             ] GC(43) Pause Young (Allocation Failure) 313M->49M(424M) 1.004ms
[27.846s][info][gc,cpu         ] GC(43) User=0.00s Sys=0.00s Real=0.00s
[28.138s][info][gc,start       ] GC(44) Pause Young (Allocation Failure)
[28.139s][info][gc,heap        ] GC(44) PSYoungGen: 259136K(259584K)->64K(249344K) Eden: 259072K(259072K)->0K(248832K) From: 64K(512K)->64K(512K)
[28.139s][info][gc,heap        ] GC(44) ParOldGen: 51108K(175104K)->51116K(175104K)
[28.139s][info][gc,metaspace   ] GC(44) Metaspace: 34129K(34816K)->34129K(34816K) NonClass: 24944K(25408K)->24944K(25408K) Class: 9185K(9408K)->9185K(9408K)
[28.139s][info][gc             ] GC(44) Pause Young (Allocation Failure) 302M->49M(414M) 1.512ms
[28.139s][info][gc,cpu         ] GC(44) User=0.00s Sys=0.00s Real=0.00s
[28.367s][info][gc,start       ] GC(45) Pause Young (Allocation Failure)
[28.368s][info][gc,heap        ] GC(45) PSYoungGen: 248896K(249344K)->64K(254464K) Eden: 248832K(248832K)->0K(239104K) From: 64K(512K)->64K(15360K)
[28.368s][info][gc,heap        ] GC(45) ParOldGen: 51116K(175104K)->51132K(175104K)
[28.368s][info][gc,metaspace   ] GC(45) Metaspace: 34129K(34816K)->34129K(34816K) NonClass: 24944K(25408K)->24944K(25408K) Class: 9185K(9408K)->9185K(9408K)
[28.368s][info][gc             ] GC(45) Pause Young (Allocation Failure) 292M->49M(419M) 1.076ms
[28.368s][info][gc,cpu         ] GC(45) User=0.00s Sys=0.00s Real=0.00s
[28.499s][info][gc,start       ] GC(46) Pause Young (Allocation Failure)
[28.501s][info][gc,heap        ] GC(46) PSYoungGen: 239168K(254464K)->32K(230400K) Eden: 239104K(239104K)->0K(229888K) From: 64K(15360K)->32K(512K)
[28.501s][info][gc,heap        ] GC(46) ParOldGen: 51132K(175104K)->51148K(175104K)
[28.501s][info][gc,metaspace   ] GC(46) Metaspace: 34140K(34816K)->34140K(34816K) NonClass: 24955K(25408K)->24955K(25408K) Class: 9185K(9408K)->9185K(9408K)
[28.501s][info][gc             ] GC(46) Pause Young (Allocation Failure) 283M->49M(396M) 2.258ms
[28.501s][info][gc,cpu         ] GC(46) User=0.00s Sys=0.00s Real=0.00s
[28.681s][info][gc,start       ] GC(47) Pause Young (Allocation Failure)
[28.682s][info][gc,heap        ] GC(47) PSYoungGen: 229920K(230400K)->64K(234496K) Eden: 229888K(229888K)->0K(221184K) From: 32K(512K)->64K(13312K)
[28.682s][info][gc,heap        ] GC(47) ParOldGen: 51148K(175104K)->51148K(175104K)
[28.682s][info][gc,metaspace   ] GC(47) Metaspace: 34140K(34816K)->34140K(34816K) NonClass: 24955K(25408K)->24955K(25408K) Class: 9185K(9408K)->9185K(9408K)
[28.682s][info][gc             ] GC(47) Pause Young (Allocation Failure) 274M->50M(400M) 1.095ms
[28.682s][info][gc,cpu         ] GC(47) User=0.00s Sys=0.00s Real=0.00s
[29.024s][info][gc,start       ] GC(48) Pause Young (Allocation Failure)
[29.027s][info][gc,heap        ] GC(48) PSYoungGen: 221248K(234496K)->64K(213504K) Eden: 221184K(221184K)->0K(212992K) From: 64K(13312K)->64K(512K)
[29.027s][info][gc,heap        ] GC(48) ParOldGen: 51148K(175104K)->51164K(175104K)
[29.027s][info][gc,metaspace   ] GC(48) Metaspace: 34140K(34816K)->34140K(34816K) NonClass: 24955K(25408K)->24955K(25408K) Class: 9185K(9408K)->9185K(9408K)
[29.027s][info][gc             ] GC(48) Pause Young (Allocation Failure) 266M->50M(379M) 2.660ms
[29.027s][info][gc,cpu         ] GC(48) User=0.00s Sys=0.01s Real=0.00s
[30.339s][info][gc,start       ] GC(49) Pause Young (Allocation Failure)
[30.339s][info][gc,heap        ] GC(49) PSYoungGen: 213056K(213504K)->64K(217088K) Eden: 212992K(212992K)->0K(205312K) From: 64K(512K)->64K(11776K)
[30.339s][info][gc,heap        ] GC(49) ParOldGen: 51164K(175104K)->51172K(175104K)
[30.339s][info][gc,metaspace   ] GC(49) Metaspace: 34162K(34816K)->34162K(34816K) NonClass: 24977K(25408K)->24977K(25408K) Class: 9185K(9408K)->9185K(9408K)
[30.340s][info][gc             ] GC(49) Pause Young (Allocation Failure) 258M->50M(383M) 0.678ms
[30.340s][info][gc,cpu         ] GC(49) User=0.01s Sys=0.00s Real=0.00s
[30.490s][info][gc,start       ] GC(50) Pause Young (Allocation Failure)
[30.491s][info][gc,heap        ] GC(50) PSYoungGen: 205376K(217088K)->64K(198144K) Eden: 205312K(205312K)->0K(197632K) From: 64K(11776K)->64K(512K)
[30.491s][info][gc,heap        ] GC(50) ParOldGen: 51172K(175104K)->51180K(175104K)
[30.491s][info][gc,metaspace   ] GC(50) Metaspace: 34162K(34816K)->34162K(34816K) NonClass: 24977K(25408K)->24977K(25408K) Class: 9185K(9408K)->9185K(9408K)
[30.491s][info][gc             ] GC(50) Pause Young (Allocation Failure) 250M->50M(364M) 1.671ms
[30.491s][info][gc,cpu         ] GC(50) User=0.00s Sys=0.00s Real=0.00s
[31.806s][info][gc,start       ] GC(51) Pause Young (Allocation Failure)
[31.807s][info][gc,heap        ] GC(51) PSYoungGen: 197696K(198144K)->64K(200704K) Eden: 197632K(197632K)->0K(190464K) From: 64K(512K)->64K(10240K)
[31.807s][info][gc,heap        ] GC(51) ParOldGen: 51180K(175104K)->51196K(175104K)
[31.807s][info][gc,metaspace   ] GC(51) Metaspace: 34162K(34816K)->34162K(34816K) NonClass: 24977K(25408K)->24977K(25408K) Class: 9185K(9408K)->9185K(9408K)
[31.807s][info][gc             ] GC(51) Pause Young (Allocation Failure) 243M->50M(367M) 1.378ms
[31.807s][info][gc,cpu         ] GC(51) User=0.00s Sys=0.00s Real=0.00s
[32.152s][info][gc,start       ] GC(52) Pause Young (Allocation Failure)
[32.154s][info][gc,heap        ] GC(52) PSYoungGen: 190528K(200704K)->64K(184320K) Eden: 190464K(190464K)->0K(183808K) From: 64K(10240K)->64K(512K)
[32.154s][info][gc,heap        ] GC(52) ParOldGen: 51196K(175104K)->51212K(175104K)
[32.154s][info][gc,metaspace   ] GC(52) Metaspace: 34162K(34816K)->34162K(34816K) NonClass: 24977K(25408K)->24977K(25408K) Class: 9185K(9408K)->9185K(9408K)
[32.154s][info][gc             ] GC(52) Pause Young (Allocation Failure) 236M->50M(351M) 2.089ms
[32.154s][info][gc,cpu         ] GC(52) User=0.00s Sys=0.00s Real=0.01s
[32.882s][info][gc,start       ] GC(53) Pause Young (Allocation Failure)
[32.883s][info][gc,heap        ] GC(53) PSYoungGen: 183872K(184320K)->64K(186368K) Eden: 183808K(183808K)->0K(177152K) From: 64K(512K)->64K(9216K)
[32.883s][info][gc,heap        ] GC(53) ParOldGen: 51212K(175104K)->51228K(175104K)
[32.883s][info][gc,metaspace   ] GC(53) Metaspace: 34162K(34816K)->34162K(34816K) NonClass: 24977K(25408K)->24977K(25408K) Class: 9185K(9408K)->9185K(9408K)
[32.883s][info][gc             ] GC(53) Pause Young (Allocation Failure) 229M->50M(353M) 1.342ms
[32.883s][info][gc,cpu         ] GC(53) User=0.01s Sys=0.00s Real=0.01s
[34.840s][info][gc,start       ] GC(54) Pause Young (Allocation Failure)
[34.842s][info][gc,heap        ] GC(54) PSYoungGen: 177216K(186368K)->64K(171520K) Eden: 177152K(177152K)->0K(171008K) From: 64K(9216K)->64K(512K)
[34.842s][info][gc,heap        ] GC(54) ParOldGen: 51228K(175104K)->51244K(175104K)
[34.842s][info][gc,metaspace   ] GC(54) Metaspace: 34163K(34816K)->34163K(34816K) NonClass: 24978K(25408K)->24978K(25408K) Class: 9185K(9408K)->9185K(9408K)
[34.842s][info][gc             ] GC(54) Pause Young (Allocation Failure) 223M->50M(338M) 2.092ms
[34.842s][info][gc,cpu         ] GC(54) User=0.01s Sys=0.00s Real=0.00s
[35.299s][info][gc,start       ] GC(55) Pause Young (Allocation Failure)
[35.300s][info][gc,heap        ] GC(55) PSYoungGen: 171072K(171520K)->64K(172544K) Eden: 171008K(171008K)->0K(164864K) From: 64K(512K)->64K(7680K)
[35.300s][info][gc,heap        ] GC(55) ParOldGen: 51244K(175104K)->51252K(175104K)
[35.300s][info][gc,metaspace   ] GC(55) Metaspace: 34163K(34816K)->34163K(34816K) NonClass: 24978K(25408K)->24978K(25408K) Class: 9185K(9408K)->9185K(9408K)
[35.300s][info][gc             ] GC(55) Pause Young (Allocation Failure) 217M->50M(339M) 1.479ms
[35.300s][info][gc,cpu         ] GC(55) User=0.00s Sys=0.00s Real=0.00s
[35.938s][info][gc,start       ] GC(56) Pause Young (Allocation Failure)
[35.940s][info][gc,heap        ] GC(56) PSYoungGen: 164928K(172544K)->64K(159744K) Eden: 164864K(164864K)->0K(159232K) From: 64K(7680K)->64K(512K)
[35.940s][info][gc,heap        ] GC(56) ParOldGen: 51252K(175104K)->51268K(175104K)
[35.940s][info][gc,metaspace   ] GC(56) Metaspace: 34163K(34816K)->34163K(34816K) NonClass: 24978K(25408K)->24978K(25408K) Class: 9185K(9408K)->9185K(9408K)
[35.940s][info][gc             ] GC(56) Pause Young (Allocation Failure) 211M->50M(327M) 1.745ms
[35.940s][info][gc,cpu         ] GC(56) User=0.00s Sys=0.00s Real=0.00s
[36.190s][info][gc,start       ] GC(57) Pause Young (Allocation Failure)
[36.191s][info][gc,heap        ] GC(57) PSYoungGen: 159296K(159744K)->64K(160256K) Eden: 159232K(159232K)->0K(153600K) From: 64K(512K)->64K(6656K)
[36.191s][info][gc,heap        ] GC(57) ParOldGen: 51268K(175104K)->51284K(175104K)
[36.191s][info][gc,metaspace   ] GC(57) Metaspace: 34163K(34816K)->34163K(34816K) NonClass: 24978K(25408K)->24978K(25408K) Class: 9185K(9408K)->9185K(9408K)
[36.191s][info][gc             ] GC(57) Pause Young (Allocation Failure) 205M->50M(327M) 1.061ms
[36.191s][info][gc,cpu         ] GC(57) User=0.00s Sys=0.00s Real=0.00s
[36.360s][info][gc,start       ] GC(58) Pause Young (Allocation Failure)
[36.361s][info][gc,heap        ] GC(58) PSYoungGen: 153664K(160256K)->32K(148992K) Eden: 153600K(153600K)->0K(148480K) From: 64K(6656K)->32K(512K)
[36.362s][info][gc,heap        ] GC(58) ParOldGen: 51284K(175104K)->51292K(175104K)
[36.362s][info][gc,metaspace   ] GC(58) Metaspace: 34170K(34816K)->34170K(34816K) NonClass: 24985K(25408K)->24985K(25408K) Class: 9185K(9408K)->9185K(9408K)
[36.362s][info][gc             ] GC(58) Pause Young (Allocation Failure) 200M->50M(316M) 1.804ms
[36.362s][info][gc,cpu         ] GC(58) User=0.00s Sys=0.00s Real=0.00s
[36.685s][info][gc,start       ] GC(59) Pause Young (Allocation Failure)
[36.687s][info][gc,heap        ] GC(59) PSYoungGen: 148512K(148992K)->64K(148992K) Eden: 148480K(148480K)->0K(143360K) From: 32K(512K)->64K(5632K)
[36.687s][info][gc,heap        ] GC(59) ParOldGen: 51292K(175104K)->51308K(175104K)
[36.687s][info][gc,metaspace   ] GC(59) Metaspace: 34172K(34816K)->34172K(34816K) NonClass: 24986K(25408K)->24986K(25408K) Class: 9185K(9408K)->9185K(9408K)
[36.687s][info][gc             ] GC(59) Pause Young (Allocation Failure) 195M->50M(316M) 1.200ms
[36.687s][info][gc,cpu         ] GC(59) User=0.00s Sys=0.00s Real=0.00s
[37.145s][info][gc,start       ] GC(60) Pause Young (Allocation Failure)
[37.146s][info][gc,heap        ] GC(60) PSYoungGen: 143424K(148992K)->32K(139264K) Eden: 143360K(143360K)->0K(138752K) From: 64K(5632K)->32K(512K)
[37.146s][info][gc,heap        ] GC(60) ParOldGen: 51308K(175104K)->51324K(175104K)
[37.146s][info][gc,metaspace   ] GC(60) Metaspace: 34172K(34816K)->34172K(34816K) NonClass: 24986K(25408K)->24986K(25408K) Class: 9185K(9408K)->9185K(9408K)
[37.146s][info][gc             ] GC(60) Pause Young (Allocation Failure) 190M->50M(307M) 1.735ms
[37.146s][info][gc,cpu         ] GC(60) User=0.01s Sys=0.00s Real=0.00s
[37.252s][info][gc,start       ] GC(61) Pause Young (Allocation Failure)
[37.253s][info][gc,heap        ] GC(61) PSYoungGen: 138784K(139264K)->64K(139264K) Eden: 138752K(138752K)->0K(134144K) From: 32K(512K)->64K(5120K)
[37.253s][info][gc,heap        ] GC(61) ParOldGen: 51324K(175104K)->51324K(175104K)
[37.253s][info][gc,metaspace   ] GC(61) Metaspace: 34172K(34816K)->34172K(34816K) NonClass: 24986K(25408K)->24986K(25408K) Class: 9185K(9408K)->9185K(9408K)
[37.253s][info][gc             ] GC(61) Pause Young (Allocation Failure) 185M->50M(307M) 1.627ms
[37.253s][info][gc,cpu         ] GC(61) User=0.00s Sys=0.00s Real=0.01s
[37.492s][info][gc,start       ] GC(62) Pause Young (Allocation Failure)
[37.494s][info][gc,heap        ] GC(62) PSYoungGen: 134208K(139264K)->64K(130560K) Eden: 134144K(134144K)->0K(130048K) From: 64K(5120K)->64K(512K)
[37.494s][info][gc,heap        ] GC(62) ParOldGen: 51324K(175104K)->51332K(175104K)
[37.494s][info][gc,metaspace   ] GC(62) Metaspace: 34172K(34816K)->34172K(34816K) NonClass: 24986K(25408K)->24986K(25408K) Class: 9185K(9408K)->9185K(9408K)
[37.494s][info][gc             ] GC(62) Pause Young (Allocation Failure) 181M->50M(298M) 1.738ms
[37.494s][info][gc,cpu         ] GC(62) User=0.00s Sys=0.00s Real=0.01s
[37.808s][info][gc,start       ] GC(63) Pause Young (Allocation Failure)
[37.828s][info][gc,heap        ] GC(63) PSYoungGen: 130112K(130560K)->4096K(160256K) Eden: 130048K(130048K)->0K(156160K) From: 64K(512K)->4096K(4096K)
[37.828s][info][gc,heap        ] GC(63) ParOldGen: 51332K(175104K)->56452K(175104K)
[37.828s][info][gc,metaspace   ] GC(63) Metaspace: 34172K(34816K)->34172K(34816K) NonClass: 24986K(25408K)->24986K(25408K) Class: 9185K(9408K)->9185K(9408K)
[37.828s][info][gc             ] GC(63) Pause Young (Allocation Failure) 177M->59M(327M) 19.429ms
[37.828s][info][gc,cpu         ] GC(63) User=0.03s Sys=0.01s Real=0.02s
[38.053s][info][gc,start       ] GC(64) Pause Young (Allocation Failure)
[38.091s][info][gc,heap        ] GC(64) PSYoungGen: 160256K(160256K)->4096K(191488K) Eden: 156160K(156160K)->0K(187392K) From: 4096K(4096K)->4096K(4096K)
[38.091s][info][gc,heap        ] GC(64) ParOldGen: 56452K(175104K)->70204K(175104K)
[38.091s][info][gc,metaspace   ] GC(64) Metaspace: 34172K(34816K)->34172K(34816K) NonClass: 24986K(25408K)->24986K(25408K) Class: 9185K(9408K)->9185K(9408K)
[38.091s][info][gc             ] GC(64) Pause Young (Allocation Failure) 211M->72M(358M) 38.230ms
[38.091s][info][gc,cpu         ] GC(64) User=0.07s Sys=0.01s Real=0.04s
[38.362s][info][gc,start       ] GC(65) Pause Young (Allocation Failure)
[38.404s][info][gc,heap        ] GC(65) PSYoungGen: 191488K(191488K)->12800K(200192K) Eden: 187392K(187392K)->0K(187392K) From: 4096K(4096K)->12800K(12800K)
[38.404s][info][gc,heap        ] GC(65) ParOldGen: 70204K(175104K)->79012K(175104K)
[38.404s][info][gc,metaspace   ] GC(65) Metaspace: 34172K(34816K)->34172K(34816K) NonClass: 24986K(25408K)->24986K(25408K) Class: 9185K(9408K)->9185K(9408K)
[38.404s][info][gc             ] GC(65) Pause Young (Allocation Failure) 255M->89M(366M) 42.802ms
[38.404s][info][gc,cpu         ] GC(65) User=0.07s Sys=0.01s Real=0.05s
[38.621s][info][gc,start       ] GC(66) Pause Young (Allocation Failure)
[38.654s][info][gc,heap        ] GC(66) PSYoungGen: 200192K(200192K)->14528K(242176K) Eden: 187392K(187392K)->0K(223232K) From: 12800K(12800K)->14528K(18944K)
[38.654s][info][gc,heap        ] GC(66) ParOldGen: 79012K(175104K)->79252K(175104K)
[38.654s][info][gc,metaspace   ] GC(66) Metaspace: 34172K(34816K)->34172K(34816K) NonClass: 24986K(25408K)->24986K(25408K) Class: 9185K(9408K)->9185K(9408K)
[38.654s][info][gc             ] GC(66) Pause Young (Allocation Failure) 272M->91M(407M) 32.761ms
[38.654s][info][gc,cpu         ] GC(66) User=0.06s Sys=0.01s Real=0.04s
[38.806s][info][gc,start       ] GC(67) Pause Young (Allocation Failure)
[38.807s][info][gc,heap        ] GC(67) PSYoungGen: 237760K(242176K)->64K(244224K) Eden: 223232K(223232K)->0K(223232K) From: 14528K(18944K)->64K(20992K)
[38.807s][info][gc,heap        ] GC(67) ParOldGen: 79252K(175104K)->79260K(175104K)
[38.807s][info][gc,metaspace   ] GC(67) Metaspace: 34172K(34816K)->34172K(34816K) NonClass: 24986K(25408K)->24986K(25408K) Class: 9185K(9408K)->9185K(9408K)
[38.807s][info][gc             ] GC(67) Pause Young (Allocation Failure) 309M->77M(409M) 0.967ms
[38.807s][info][gc,cpu         ] GC(67) User=0.00s Sys=0.00s Real=0.00s
[39.388s][info][gc,start       ] GC(68) Pause Young (Allocation Failure)
[39.388s][info][gc,heap        ] GC(68) PSYoungGen: 223296K(244224K)->64K(287744K) Eden: 223232K(223232K)->0K(268288K) From: 64K(20992K)->64K(19456K)
[39.388s][info][gc,heap        ] GC(68) ParOldGen: 79260K(175104K)->79268K(175104K)
[39.388s][info][gc,metaspace   ] GC(68) Metaspace: 34172K(34816K)->34172K(34816K) NonClass: 24986K(25408K)->24986K(25408K) Class: 9185K(9408K)->9185K(9408K)
[39.389s][info][gc             ] GC(68) Pause Young (Allocation Failure) 295M->77M(452M) 0.874ms
[39.389s][info][gc,cpu         ] GC(68) User=0.00s Sys=0.00s Real=0.00s
[40.206s][info][gc,start       ] GC(69) Pause Young (Allocation Failure)
[40.207s][info][gc,heap        ] GC(69) PSYoungGen: 268352K(287744K)->64K(288256K) Eden: 268288K(268288K)->0K(268288K) From: 64K(19456K)->64K(19968K)
[40.207s][info][gc,heap        ] GC(69) ParOldGen: 79268K(175104K)->79276K(175104K)
[40.207s][info][gc,metaspace   ] GC(69) Metaspace: 34172K(34816K)->34172K(34816K) NonClass: 24986K(25408K)->24986K(25408K) Class: 9185K(9408K)->9185K(9408K)
[40.207s][info][gc             ] GC(69) Pause Young (Allocation Failure) 339M->77M(452M) 1.145ms
[40.207s][info][gc,cpu         ] GC(69) User=0.01s Sys=0.00s Real=0.00s
[41.132s][info][gc,start       ] GC(70) Pause Young (Allocation Failure)
[41.134s][info][gc,heap        ] GC(70) PSYoungGen: 268352K(288256K)->64K(313344K) Eden: 268288K(268288K)->0K(294912K) From: 64K(19968K)->64K(18432K)
[41.134s][info][gc,heap        ] GC(70) ParOldGen: 79276K(175104K)->79292K(175104K)
[41.134s][info][gc,metaspace   ] GC(70) Metaspace: 34194K(34880K)->34194K(34880K) NonClass: 25009K(25472K)->25009K(25472K) Class: 9185K(9408K)->9185K(9408K)
[41.134s][info][gc             ] GC(70) Pause Young (Allocation Failure) 339M->77M(477M) 1.325ms
[41.134s][info][gc,cpu         ] GC(70) User=0.00s Sys=0.00s Real=0.01s
[41.467s][info][gc,start       ] GC(71) Pause Young (Allocation Failure)
[41.469s][info][gc,heap        ] GC(71) PSYoungGen: 294976K(313344K)->64K(313344K) Eden: 294912K(294912K)->0K(294912K) From: 64K(18432K)->64K(18432K)
[41.469s][info][gc,heap        ] GC(71) ParOldGen: 79292K(175104K)->79308K(175104K)
[41.469s][info][gc,metaspace   ] GC(71) Metaspace: 34194K(34880K)->34194K(34880K) NonClass: 25009K(25472K)->25009K(25472K) Class: 9185K(9408K)->9185K(9408K)
[41.469s][info][gc             ] GC(71) Pause Young (Allocation Failure) 365M->77M(477M) 1.251ms
[41.469s][info][gc,cpu         ] GC(71) User=0.00s Sys=0.00s Real=0.00s
[41.785s][info][gc,start       ] GC(72) Pause Young (Allocation Failure)
[41.786s][info][gc,heap        ] GC(72) PSYoungGen: 294976K(313344K)->64K(314880K) Eden: 294912K(294912K)->0K(297472K) From: 64K(18432K)->64K(17408K)
[41.786s][info][gc,heap        ] GC(72) ParOldGen: 79308K(175104K)->79308K(175104K)
[41.786s][info][gc,metaspace   ] GC(72) Metaspace: 34194K(34880K)->34194K(34880K) NonClass: 25009K(25472K)->25009K(25472K) Class: 9185K(9408K)->9185K(9408K)
[41.786s][info][gc             ] GC(72) Pause Young (Allocation Failure) 365M->77M(478M) 1.093ms
[41.786s][info][gc,cpu         ] GC(72) User=0.00s Sys=0.00s Real=0.00s
[42.184s][info][gc,start       ] GC(73) Pause Young (Allocation Failure)
[42.185s][info][gc,heap        ] GC(73) PSYoungGen: 297536K(314880K)->64K(314368K) Eden: 297472K(297472K)->0K(297472K) From: 64K(17408K)->64K(16896K)
[42.185s][info][gc,heap        ] GC(73) ParOldGen: 79308K(175104K)->79308K(175104K)
[42.185s][info][gc,metaspace   ] GC(73) Metaspace: 34210K(34880K)->34210K(34880K) NonClass: 25024K(25472K)->25024K(25472K) Class: 9185K(9408K)->9185K(9408K)
[42.185s][info][gc             ] GC(73) Pause Young (Allocation Failure) 368M->77M(478M) 0.855ms
[42.185s][info][gc,cpu         ] GC(73) User=0.00s Sys=0.00s Real=0.00s
[42.254s][info][gc,start       ] GC(74) Pause Young (Allocation Failure)
[42.255s][info][gc,heap        ] GC(74) PSYoungGen: 297536K(314368K)->32K(315904K) Eden: 297472K(297472K)->0K(300032K) From: 64K(16896K)->32K(15872K)
[42.255s][info][gc,heap        ] GC(74) ParOldGen: 79308K(175104K)->79324K(175104K)
[42.255s][info][gc,metaspace   ] GC(74) Metaspace: 34210K(34880K)->34210K(34880K) NonClass: 25024K(25472K)->25024K(25472K) Class: 9185K(9408K)->9185K(9408K)
[42.255s][info][gc             ] GC(74) Pause Young (Allocation Failure) 368M->77M(479M) 0.789ms
[42.255s][info][gc,cpu         ] GC(74) User=0.01s Sys=0.00s Real=0.00s
[42.423s][info][gc,start       ] GC(75) Pause Young (Allocation Failure)
[42.424s][info][gc,heap        ] GC(75) PSYoungGen: 300064K(315904K)->64K(315392K) Eden: 300032K(300032K)->0K(300032K) From: 32K(15872K)->64K(15360K)
[42.424s][info][gc,heap        ] GC(75) ParOldGen: 79324K(175104K)->79324K(175104K)
[42.424s][info][gc,metaspace   ] GC(75) Metaspace: 34210K(34880K)->34210K(34880K) NonClass: 25025K(25472K)->25025K(25472K) Class: 9185K(9408K)->9185K(9408K)
[42.424s][info][gc             ] GC(75) Pause Young (Allocation Failure) 370M->77M(479M) 0.874ms
[42.424s][info][gc,cpu         ] GC(75) User=0.00s Sys=0.00s Real=0.01s
[42.767s][info][gc,start       ] GC(76) Pause Young (Allocation Failure)
[42.767s][info][gc,heap        ] GC(76) PSYoungGen: 300096K(315392K)->64K(288256K) Eden: 300032K(300032K)->0K(287744K) From: 64K(15360K)->64K(512K)
[42.767s][info][gc,heap        ] GC(76) ParOldGen: 79324K(175104K)->79332K(175104K)
[42.767s][info][gc,metaspace   ] GC(76) Metaspace: 34210K(34880K)->34210K(34880K) NonClass: 25025K(25472K)->25025K(25472K) Class: 9185K(9408K)->9185K(9408K)
[42.767s][info][gc             ] GC(76) Pause Young (Allocation Failure) 370M->77M(452M) 0.774ms
[42.767s][info][gc,cpu         ] GC(76) User=0.00s Sys=0.00s Real=0.00s
[43.004s][info][gc,start       ] GC(77) Pause Young (Allocation Failure)
[43.005s][info][gc,heap        ] GC(77) PSYoungGen: 287808K(288256K)->64K(289792K) Eden: 287744K(287744K)->0K(276480K) From: 64K(512K)->64K(13312K)
[43.005s][info][gc,heap        ] GC(77) ParOldGen: 79332K(175104K)->79340K(175104K)
[43.005s][info][gc,metaspace   ] GC(77) Metaspace: 34210K(34880K)->34210K(34880K) NonClass: 25025K(25472K)->25025K(25472K) Class: 9185K(9408K)->9185K(9408K)
[43.005s][info][gc             ] GC(77) Pause Young (Allocation Failure) 358M->77M(454M) 0.737ms
[43.005s][info][gc,cpu         ] GC(77) User=0.00s Sys=0.00s Real=0.00s
[43.101s][info][gc,start       ] GC(78) Pause Young (Allocation Failure)
[43.103s][info][gc,heap        ] GC(78) PSYoungGen: 276544K(289792K)->32K(266240K) Eden: 276480K(276480K)->0K(265728K) From: 64K(13312K)->32K(512K)
[43.103s][info][gc,heap        ] GC(78) ParOldGen: 79340K(175104K)->79356K(175104K)
[43.103s][info][gc,metaspace   ] GC(78) Metaspace: 34210K(34880K)->34210K(34880K) NonClass: 25025K(25472K)->25025K(25472K) Class: 9185K(9408K)->9185K(9408K)
[43.103s][info][gc             ] GC(78) Pause Young (Allocation Failure) 347M->77M(431M) 1.459ms
[43.103s][info][gc,cpu         ] GC(78) User=0.00s Sys=0.00s Real=0.00s
[43.397s][info][gc,start       ] GC(79) Pause Young (Allocation Failure)
[43.399s][info][gc,heap        ] GC(79) PSYoungGen: 265760K(266240K)->64K(267264K) Eden: 265728K(265728K)->0K(255488K) From: 32K(512K)->64K(11776K)
[43.399s][info][gc,heap        ] GC(79) ParOldGen: 79356K(175104K)->79356K(175104K)
[43.399s][info][gc,metaspace   ] GC(79) Metaspace: 34210K(34880K)->34210K(34880K) NonClass: 25025K(25472K)->25025K(25472K) Class: 9185K(9408K)->9185K(9408K)
[43.399s][info][gc             ] GC(79) Pause Young (Allocation Failure) 337M->77M(432M) 1.431ms
[43.399s][info][gc,cpu         ] GC(79) User=0.00s Sys=0.00s Real=0.00s
[43.990s][info][gc,start       ] GC(80) Pause Young (Allocation Failure)
[43.991s][info][gc,heap        ] GC(80) PSYoungGen: 255552K(267264K)->64K(246272K) Eden: 255488K(255488K)->0K(245760K) From: 64K(11776K)->64K(512K)
[43.991s][info][gc,heap        ] GC(80) ParOldGen: 79356K(175104K)->79372K(175104K)
[43.991s][info][gc,metaspace   ] GC(80) Metaspace: 34232K(34880K)->34232K(34880K) NonClass: 25047K(25472K)->25047K(25472K) Class: 9185K(9408K)->9185K(9408K)
[43.991s][info][gc             ] GC(80) Pause Young (Allocation Failure) 327M->77M(411M) 1.758ms
[43.991s][info][gc,cpu         ] GC(80) User=0.00s Sys=0.00s Real=0.00s
[44.642s][info][gc,start       ] GC(81) Pause Young (Allocation Failure)
[44.643s][info][gc,heap        ] GC(81) PSYoungGen: 245824K(246272K)->64K(247296K) Eden: 245760K(245760K)->0K(236544K) From: 64K(512K)->64K(10752K)
[44.643s][info][gc,heap        ] GC(81) ParOldGen: 79372K(175104K)->79388K(175104K)
[44.643s][info][gc,metaspace   ] GC(81) Metaspace: 34232K(34880K)->34232K(34880K) NonClass: 25047K(25472K)->25047K(25472K) Class: 9185K(9408K)->9185K(9408K)
[44.643s][info][gc             ] GC(81) Pause Young (Allocation Failure) 317M->77M(412M) 1.202ms
[44.643s][info][gc,cpu         ] GC(81) User=0.01s Sys=0.00s Real=0.01s
[46.055s][info][gc,start       ] GC(82) Pause Young (Allocation Failure)
[46.056s][info][gc,heap        ] GC(82) PSYoungGen: 236608K(247296K)->64K(227840K) Eden: 236544K(236544K)->0K(227328K) From: 64K(10752K)->64K(512K)
[46.056s][info][gc,heap        ] GC(82) ParOldGen: 79388K(175104K)->79396K(175104K)
[46.056s][info][gc,metaspace   ] GC(82) Metaspace: 34233K(34880K)->34233K(34880K) NonClass: 25048K(25472K)->25048K(25472K) Class: 9185K(9408K)->9185K(9408K)
[46.056s][info][gc             ] GC(82) Pause Young (Allocation Failure) 308M->77M(393M) 1.397ms
[46.056s][info][gc,cpu         ] GC(82) User=0.00s Sys=0.00s Real=0.00s
[46.501s][info][gc,start       ] GC(83) Pause Young (Allocation Failure)
[46.502s][info][gc,heap        ] GC(83) PSYoungGen: 227392K(227840K)->64K(227840K) Eden: 227328K(227328K)->0K(218624K) From: 64K(512K)->64K(9216K)
[46.502s][info][gc,heap        ] GC(83) ParOldGen: 79396K(175104K)->79404K(175104K)
[46.502s][info][gc,metaspace   ] GC(83) Metaspace: 34233K(34880K)->34233K(34880K) NonClass: 25048K(25472K)->25048K(25472K) Class: 9185K(9408K)->9185K(9408K)
[46.502s][info][gc             ] GC(83) Pause Young (Allocation Failure) 299M->77M(393M) 1.157ms
[46.502s][info][gc,cpu         ] GC(83) User=0.00s Sys=0.00s Real=0.00s
[48.708s][info][gc,start       ] GC(84) Pause Young (Allocation Failure)
[48.710s][info][gc,heap        ] GC(84) PSYoungGen: 218688K(227840K)->64K(210944K) Eden: 218624K(218624K)->0K(210432K) From: 64K(9216K)->64K(512K)
[48.710s][info][gc,heap        ] GC(84) ParOldGen: 79404K(175104K)->79412K(175104K)
[48.710s][info][gc,metaspace   ] GC(84) Metaspace: 34351K(35008K)->34351K(35008K) NonClass: 25166K(25600K)->25166K(25600K) Class: 9185K(9408K)->9185K(9408K)
[48.710s][info][gc             ] GC(84) Pause Young (Allocation Failure) 291M->77M(377M) 1.598ms
[48.710s][info][gc,cpu         ] GC(84) User=0.00s Sys=0.00s Real=0.00s
[49.246s][info][gc,start       ] GC(85) Pause Young (Allocation Failure)
[49.247s][info][gc,heap        ] GC(85) PSYoungGen: 210496K(210944K)->64K(210944K) Eden: 210432K(210432K)->0K(202752K) From: 64K(512K)->64K(8192K)
[49.247s][info][gc,heap        ] GC(85) ParOldGen: 79412K(175104K)->79420K(175104K)
[49.247s][info][gc,metaspace   ] GC(85) Metaspace: 34351K(35008K)->34351K(35008K) NonClass: 25166K(25600K)->25166K(25600K) Class: 9185K(9408K)->9185K(9408K)
[49.247s][info][gc             ] GC(85) Pause Young (Allocation Failure) 283M->77M(377M) 1.007ms
[49.247s][info][gc,cpu         ] GC(85) User=0.00s Sys=0.00s Real=0.00s
[50.002s][info][gc,start       ] GC(86) Pause Young (Allocation Failure)
[50.003s][info][gc,heap        ] GC(86) PSYoungGen: 202816K(210944K)->64K(196096K) Eden: 202752K(202752K)->0K(195584K) From: 64K(8192K)->64K(512K)
[50.003s][info][gc,heap        ] GC(86) ParOldGen: 79420K(175104K)->79436K(175104K)
[50.003s][info][gc,metaspace   ] GC(86) Metaspace: 34351K(35008K)->34351K(35008K) NonClass: 25166K(25600K)->25166K(25600K) Class: 9185K(9408K)->9185K(9408K)
[50.003s][info][gc             ] GC(86) Pause Young (Allocation Failure) 275M->77M(362M) 1.239ms
[50.003s][info][gc,cpu         ] GC(86) User=0.00s Sys=0.00s Real=0.00s
[50.243s][info][gc,start       ] GC(87) Pause Young (Allocation Failure)
[50.243s][info][gc,heap        ] GC(87) PSYoungGen: 195648K(196096K)->64K(195584K) Eden: 195584K(195584K)->0K(188416K) From: 64K(512K)->64K(7168K)
[50.243s][info][gc,heap        ] GC(87) ParOldGen: 79436K(175104K)->79444K(175104K)
[50.243s][info][gc,metaspace   ] GC(87) Metaspace: 34351K(35008K)->34351K(35008K) NonClass: 25166K(25600K)->25166K(25600K) Class: 9185K(9408K)->9185K(9408K)
[50.243s][info][gc             ] GC(87) Pause Young (Allocation Failure) 268M->77M(362M) 0.693ms
[50.243s][info][gc,cpu         ] GC(87) User=0.00s Sys=0.00s Real=0.01s
[50.440s][info][gc,start       ] GC(88) Pause Young (Allocation Failure)
[50.441s][info][gc,heap        ] GC(88) PSYoungGen: 188480K(195584K)->64K(182272K) Eden: 188416K(188416K)->0K(181760K) From: 64K(7168K)->64K(512K)
[50.441s][info][gc,heap        ] GC(88) ParOldGen: 79444K(175104K)->79452K(175104K)
[50.441s][info][gc,metaspace   ] GC(88) Metaspace: 34377K(35072K)->34377K(35072K) NonClass: 25192K(25664K)->25192K(25664K) Class: 9185K(9408K)->9185K(9408K)
[50.441s][info][gc             ] GC(88) Pause Young (Allocation Failure) 261M->77M(349M) 1.327ms
[50.441s][info][gc,cpu         ] GC(88) User=0.00s Sys=0.00s Real=0.00s
[50.992s][info][gc,start       ] GC(89) Pause Young (Allocation Failure)
[50.993s][info][gc,heap        ] GC(89) PSYoungGen: 181824K(182272K)->64K(181248K) Eden: 181760K(181760K)->0K(175104K) From: 64K(512K)->64K(6144K)
[50.993s][info][gc,heap        ] GC(89) ParOldGen: 79452K(175104K)->79468K(175104K)
[50.993s][info][gc,metaspace   ] GC(89) Metaspace: 34377K(35072K)->34377K(35072K) NonClass: 25192K(25664K)->25192K(25664K) Class: 9185K(9408K)->9185K(9408K)
[50.993s][info][gc             ] GC(89) Pause Young (Allocation Failure) 255M->77M(348M) 0.792ms
[50.993s][info][gc,cpu         ] GC(89) User=0.00s Sys=0.00s Real=0.00s
[51.238s][info][gc,start       ] GC(90) Pause Young (Allocation Failure)
[51.239s][info][gc,heap        ] GC(90) PSYoungGen: 175168K(181248K)->64K(169472K) Eden: 175104K(175104K)->0K(168960K) From: 64K(6144K)->64K(512K)
[51.239s][info][gc,heap        ] GC(90) ParOldGen: 79468K(175104K)->79476K(175104K)
[51.239s][info][gc,metaspace   ] GC(90) Metaspace: 34377K(35072K)->34377K(35072K) NonClass: 25192K(25664K)->25192K(25664K) Class: 9185K(9408K)->9185K(9408K)
[51.239s][info][gc             ] GC(90) Pause Young (Allocation Failure) 248M->77M(336M) 1.646ms
[51.239s][info][gc,cpu         ] GC(90) User=0.00s Sys=0.00s Real=0.00s
[51.557s][info][gc,start       ] GC(91) Pause Young (Allocation Failure)
[51.558s][info][gc,heap        ] GC(91) PSYoungGen: 169024K(169472K)->64K(168448K) Eden: 168960K(168960K)->0K(163328K) From: 64K(512K)->64K(5120K)
[51.558s][info][gc,heap        ] GC(91) ParOldGen: 79476K(175104K)->79484K(175104K)
[51.558s][info][gc,metaspace   ] GC(91) Metaspace: 34379K(35072K)->34379K(35072K) NonClass: 25194K(25664K)->25194K(25664K) Class: 9185K(9408K)->9185K(9408K)
[51.558s][info][gc             ] GC(91) Pause Young (Allocation Failure) 242M->77M(335M) 0.747ms
[51.558s][info][gc,cpu         ] GC(91) User=0.00s Sys=0.00s Real=0.00s
[51.852s][info][gc,start       ] GC(92) Pause Young (Allocation Failure)
[51.896s][info][gc,heap        ] GC(92) PSYoungGen: 163392K(168448K)->5120K(201216K) Eden: 163328K(163328K)->0K(196096K) From: 64K(5120K)->5120K(5120K)
[51.896s][info][gc,heap        ] GC(92) ParOldGen: 79484K(175104K)->90180K(175104K)
[51.896s][info][gc,metaspace   ] GC(92) Metaspace: 34394K(35072K)->34394K(35072K) NonClass: 25209K(25664K)->25209K(25664K) Class: 9185K(9408K)->9185K(9408K)
[51.896s][info][gc             ] GC(92) Pause Young (Allocation Failure) 237M->93M(367M) 43.488ms
[51.896s][info][gc,cpu         ] GC(92) User=0.05s Sys=0.01s Real=0.05s
[52.180s][info][gc,start       ] GC(93) Pause Young (Allocation Failure)
[52.226s][info][gc,heap        ] GC(93) PSYoungGen: 201216K(201216K)->10240K(245760K) Eden: 196096K(196096K)->0K(235520K) From: 5120K(5120K)->10240K(10240K)
[52.226s][info][gc,heap        ] GC(93) ParOldGen: 90180K(175104K)->102476K(175104K)
[52.226s][info][gc,metaspace   ] GC(93) Metaspace: 34394K(35072K)->34394K(35072K) NonClass: 25209K(25664K)->25209K(25664K) Class: 9185K(9408K)->9185K(9408K)
[52.226s][info][gc             ] GC(93) Pause Young (Allocation Failure) 284M->110M(411M) 45.634ms
[52.226s][info][gc,cpu         ] GC(93) User=0.08s Sys=0.01s Real=0.05s
[52.548s][info][gc,start       ] GC(94) Pause Young (Allocation Failure)
[52.600s][info][gc,heap        ] GC(94) PSYoungGen: 245760K(245760K)->16896K(245760K) Eden: 235520K(235520K)->0K(228864K) From: 10240K(10240K)->16896K(16896K)
[52.600s][info][gc,heap        ] GC(94) ParOldGen: 102476K(175104K)->110484K(175104K)
[52.600s][info][gc,metaspace   ] GC(94) Metaspace: 34394K(35072K)->34394K(35072K) NonClass: 25209K(25664K)->25209K(25664K) Class: 9185K(9408K)->9185K(9408K)
[52.600s][info][gc             ] GC(94) Pause Young (Allocation Failure) 340M->124M(411M) 52.071ms
[52.600s][info][gc,cpu         ] GC(94) User=0.09s Sys=0.01s Real=0.05s
[52.688s][info][gc,start       ] GC(95) Pause Young (Allocation Failure)
[52.692s][info][gc,heap        ] GC(95) PSYoungGen: 245760K(245760K)->64K(252416K) Eden: 228864K(228864K)->0K(228864K) From: 16896K(16896K)->64K(23552K)
[52.692s][info][gc,heap        ] GC(95) ParOldGen: 110484K(175104K)->110700K(175104K)
[52.692s][info][gc,metaspace   ] GC(95) Metaspace: 34401K(35072K)->34401K(35072K) NonClass: 25216K(25664K)->25216K(25664K) Class: 9185K(9408K)->9185K(9408K)
[52.692s][info][gc             ] GC(95) Pause Young (Allocation Failure) 347M->108M(417M) 3.270ms
[52.692s][info][gc,cpu         ] GC(95) User=0.01s Sys=0.00s Real=0.00s
[53.216s][info][gc,start       ] GC(96) Pause Young (Allocation Failure)
[53.217s][info][gc,heap        ] GC(96) PSYoungGen: 228928K(252416K)->64K(296448K) Eden: 228864K(228864K)->0K(274944K) From: 64K(23552K)->64K(21504K)
[53.217s][info][gc,heap        ] GC(96) ParOldGen: 110700K(175104K)->110708K(175104K)
[53.217s][info][gc,metaspace   ] GC(96) Metaspace: 34401K(35072K)->34401K(35072K) NonClass: 25216K(25664K)->25216K(25664K) Class: 9185K(9408K)->9185K(9408K)
[53.217s][info][gc             ] GC(96) Pause Young (Allocation Failure) 331M->108M(460M) 1.719ms
[53.217s][info][gc,cpu         ] GC(96) User=0.00s Sys=0.00s Real=0.00s
[53.998s][info][gc,start       ] GC(97) Pause Young (Allocation Failure)
[54.000s][info][gc,heap        ] GC(97) PSYoungGen: 275008K(296448K)->64K(296960K) Eden: 274944K(274944K)->0K(274944K) From: 64K(21504K)->64K(22016K)
[54.000s][info][gc,heap        ] GC(97) ParOldGen: 110708K(175104K)->110716K(175104K)
[54.000s][info][gc,metaspace   ] GC(97) Metaspace: 34401K(35072K)->34401K(35072K) NonClass: 25216K(25664K)->25216K(25664K) Class: 9185K(9408K)->9185K(9408K)
[54.000s][info][gc             ] GC(97) Pause Young (Allocation Failure) 376M->108M(461M) 1.451ms
[54.000s][info][gc,cpu         ] GC(97) User=0.00s Sys=0.00s Real=0.00s
[54.781s][info][gc,start       ] GC(98) Pause Young (Allocation Failure)
[54.782s][info][gc,heap        ] GC(98) PSYoungGen: 275008K(296960K)->64K(311296K) Eden: 274944K(274944K)->0K(290816K) From: 64K(22016K)->64K(20480K)
[54.782s][info][gc,heap        ] GC(98) ParOldGen: 110716K(175104K)->110732K(175104K)
[54.782s][info][gc,metaspace   ] GC(98) Metaspace: 34434K(35136K)->34434K(35136K) NonClass: 25249K(25728K)->25249K(25728K) Class: 9185K(9408K)->9185K(9408K)
[54.782s][info][gc             ] GC(98) Pause Young (Allocation Failure) 376M->108M(475M) 1.380ms
[54.782s][info][gc,cpu         ] GC(98) User=0.00s Sys=0.00s Real=0.00s
[55.103s][info][gc,start       ] GC(99) Pause Young (Allocation Failure)
[55.104s][info][gc,heap        ] GC(99) PSYoungGen: 290880K(311296K)->64K(311296K) Eden: 290816K(290816K)->0K(290816K) From: 64K(20480K)->64K(20480K)
[55.104s][info][gc,heap        ] GC(99) ParOldGen: 110732K(175104K)->110748K(175104K)
[55.104s][info][gc,metaspace   ] GC(99) Metaspace: 34434K(35136K)->34434K(35136K) NonClass: 25249K(25728K)->25249K(25728K) Class: 9185K(9408K)->9185K(9408K)
[55.104s][info][gc             ] GC(99) Pause Young (Allocation Failure) 392M->108M(475M) 1.077ms
[55.104s][info][gc,cpu         ] GC(99) User=0.00s Sys=0.00s Real=0.01s
[55.411s][info][gc,start       ] GC(100) Pause Young (Allocation Failure)
[55.412s][info][gc,heap        ] GC(100) PSYoungGen: 290880K(311296K)->64K(312320K) Eden: 290816K(290816K)->0K(293888K) From: 64K(20480K)->64K(18432K)
[55.412s][info][gc,heap        ] GC(100) ParOldGen: 110748K(175104K)->110748K(175104K)
[55.412s][info][gc,metaspace   ] GC(100) Metaspace: 34434K(35136K)->34434K(35136K) NonClass: 25249K(25728K)->25249K(25728K) Class: 9185K(9408K)->9185K(9408K)
[55.412s][info][gc             ] GC(100) Pause Young (Allocation Failure) 392M->108M(476M) 1.090ms
[55.412s][info][gc,cpu         ] GC(100) User=0.00s Sys=0.00s Real=0.00s
[55.771s][info][gc,start       ] GC(101) Pause Young (Allocation Failure)
[55.771s][info][gc,heap        ] GC(101) PSYoungGen: 293952K(312320K)->64K(312320K) Eden: 293888K(293888K)->0K(293888K) From: 64K(18432K)->64K(18432K)
[55.771s][info][gc,heap        ] GC(101) ParOldGen: 110748K(175104K)->110748K(175104K)
[55.771s][info][gc,metaspace   ] GC(101) Metaspace: 34448K(35136K)->34448K(35136K) NonClass: 25263K(25728K)->25263K(25728K) Class: 9185K(9408K)->9185K(9408K)
[55.771s][info][gc             ] GC(101) Pause Young (Allocation Failure) 395M->108M(476M) 0.835ms
[55.771s][info][gc,cpu         ] GC(101) User=0.00s Sys=0.00s Real=0.00s
[55.828s][info][gc,start       ] GC(102) Pause Young (Allocation Failure)
[55.828s][info][gc,heap        ] GC(102) PSYoungGen: 293952K(312320K)->64K(314368K) Eden: 293888K(293888K)->0K(297984K) From: 64K(18432K)->64K(16384K)
[55.828s][info][gc,heap        ] GC(102) ParOldGen: 110748K(175104K)->110764K(175104K)
[55.829s][info][gc,metaspace   ] GC(102) Metaspace: 34448K(35136K)->34448K(35136K) NonClass: 25263K(25728K)->25263K(25728K) Class: 9185K(9408K)->9185K(9408K)
[55.829s][info][gc             ] GC(102) Pause Young (Allocation Failure) 395M->108M(478M) 0.841ms
[55.829s][info][gc,cpu         ] GC(102) User=0.00s Sys=0.00s Real=0.00s
[55.958s][info][gc,start       ] GC(103) Pause Young (Allocation Failure)
[55.959s][info][gc,heap        ] GC(103) PSYoungGen: 298048K(314368K)->64K(314368K) Eden: 297984K(297984K)->0K(297984K) From: 64K(16384K)->64K(16384K)
[55.959s][info][gc,heap        ] GC(103) ParOldGen: 110764K(175104K)->110764K(175104K)
[55.959s][info][gc,metaspace   ] GC(103) Metaspace: 34448K(35136K)->34448K(35136K) NonClass: 25263K(25728K)->25263K(25728K) Class: 9185K(9408K)->9185K(9408K)
[55.959s][info][gc             ] GC(103) Pause Young (Allocation Failure) 399M->108M(478M) 0.904ms
[55.959s][info][gc,cpu         ] GC(103) User=0.00s Sys=0.00s Real=0.00s
[56.300s][info][gc,start       ] GC(104) Pause Young (Allocation Failure)
[56.301s][info][gc,heap        ] GC(104) PSYoungGen: 298048K(314368K)->64K(286720K) Eden: 297984K(297984K)->0K(286208K) From: 64K(16384K)->64K(512K)
[56.301s][info][gc,heap        ] GC(104) ParOldGen: 110764K(175104K)->110780K(175104K)
[56.301s][info][gc,metaspace   ] GC(104) Metaspace: 34448K(35136K)->34448K(35136K) NonClass: 25263K(25728K)->25263K(25728K) Class: 9185K(9408K)->9185K(9408K)
[56.301s][info][gc             ] GC(104) Pause Young (Allocation Failure) 399M->108M(451M) 0.977ms
[56.301s][info][gc,cpu         ] GC(104) User=0.00s Sys=0.00s Real=0.00s
[56.541s][info][gc,start       ] GC(105) Pause Young (Allocation Failure)
[56.542s][info][gc,heap        ] GC(105) PSYoungGen: 286272K(286720K)->64K(289792K) Eden: 286208K(286208K)->0K(274944K) From: 64K(512K)->64K(14848K)
[56.542s][info][gc,heap        ] GC(105) ParOldGen: 110780K(175104K)->110780K(175104K)
[56.542s][info][gc,metaspace   ] GC(105) Metaspace: 34448K(35136K)->34448K(35136K) NonClass: 25263K(25728K)->25263K(25728K) Class: 9185K(9408K)->9185K(9408K)
[56.542s][info][gc             ] GC(105) Pause Young (Allocation Failure) 387M->108M(454M) 1.477ms
[56.542s][info][gc,cpu         ] GC(105) User=0.00s Sys=0.00s Real=0.00s
[56.629s][info][gc,start       ] GC(106) Pause Young (Allocation Failure)
[56.630s][info][gc,heap        ] GC(106) PSYoungGen: 275008K(289792K)->32K(264704K) Eden: 274944K(274944K)->0K(264192K) From: 64K(14848K)->32K(512K)
[56.630s][info][gc,heap        ] GC(106) ParOldGen: 110780K(175104K)->110796K(175104K)
[56.630s][info][gc,metaspace   ] GC(106) Metaspace: 34448K(35136K)->34448K(35136K) NonClass: 25263K(25728K)->25263K(25728K) Class: 9185K(9408K)->9185K(9408K)
[56.630s][info][gc             ] GC(106) Pause Young (Allocation Failure) 376M->108M(429M) 1.387ms
[56.630s][info][gc,cpu         ] GC(106) User=0.01s Sys=0.00s Real=0.00s
[56.907s][info][gc,start       ] GC(107) Pause Young (Allocation Failure)
[56.908s][info][gc,heap        ] GC(107) PSYoungGen: 264224K(264704K)->64K(266752K) Eden: 264192K(264192K)->0K(253952K) From: 32K(512K)->64K(12800K)
[56.908s][info][gc,heap        ] GC(107) ParOldGen: 110796K(175104K)->110796K(175104K)
[56.908s][info][gc,metaspace   ] GC(107) Metaspace: 34459K(35136K)->34459K(35136K) NonClass: 25274K(25728K)->25274K(25728K) Class: 9185K(9408K)->9185K(9408K)
[56.908s][info][gc             ] GC(107) Pause Young (Allocation Failure) 366M->108M(431M) 1.203ms
[56.908s][info][gc,cpu         ] GC(107) User=0.01s Sys=0.00s Real=0.00s
[57.491s][info][gc,start       ] GC(108) Pause Young (Allocation Failure)
[57.493s][info][gc,heap        ] GC(108) PSYoungGen: 254016K(266752K)->64K(244736K) Eden: 253952K(253952K)->0K(244224K) From: 64K(12800K)->64K(512K)
[57.493s][info][gc,heap        ] GC(108) ParOldGen: 110796K(175104K)->110812K(175104K)
[57.493s][info][gc,metaspace   ] GC(108) Metaspace: 34480K(35136K)->34480K(35136K) NonClass: 25295K(25728K)->25295K(25728K) Class: 9185K(9408K)->9185K(9408K)
[57.493s][info][gc             ] GC(108) Pause Young (Allocation Failure) 356M->108M(410M) 1.959ms
[57.493s][info][gc,cpu         ] GC(108) User=0.00s Sys=0.00s Real=0.00s
[58.134s][info][gc,start       ] GC(109) Pause Young (Allocation Failure)
[58.136s][info][gc,heap        ] GC(109) PSYoungGen: 244288K(244736K)->96K(246272K) Eden: 244224K(244224K)->0K(235008K) From: 64K(512K)->96K(11264K)
[58.136s][info][gc,heap        ] GC(109) ParOldGen: 110812K(175104K)->110828K(175104K)
[58.136s][info][gc,metaspace   ] GC(109) Metaspace: 34480K(35136K)->34480K(35136K) NonClass: 25295K(25728K)->25295K(25728K) Class: 9185K(9408K)->9185K(9408K)
[58.136s][info][gc             ] GC(109) Pause Young (Allocation Failure) 346M->108M(411M) 1.246ms
[58.136s][info][gc,cpu         ] GC(109) User=0.01s Sys=0.00s Real=0.00s
[59.258s][info][gc,start       ] GC(110) Pause Young (Allocation Failure)
[59.260s][info][gc,heap        ] GC(110) PSYoungGen: 235104K(246272K)->64K(226816K) Eden: 235008K(235008K)->0K(226304K) From: 96K(11264K)->64K(512K)
[59.260s][info][gc,heap        ] GC(110) ParOldGen: 110828K(175104K)->110836K(175104K)
[59.260s][info][gc,metaspace   ] GC(110) Metaspace: 34538K(35200K)->34538K(35200K) NonClass: 25353K(25792K)->25353K(25792K) Class: 9185K(9408K)->9185K(9408K)
[59.260s][info][gc             ] GC(110) Pause Young (Allocation Failure) 337M->108M(392M) 2.040ms
[59.260s][info][gc,cpu         ] GC(110) User=0.01s Sys=0.00s Real=0.00s
[59.620s][info][gc,start       ] GC(111) Pause Young (Allocation Failure)
[59.621s][info][gc,heap        ] GC(111) PSYoungGen: 226368K(226816K)->64K(227840K) Eden: 226304K(226304K)->0K(217600K) From: 64K(512K)->64K(10240K)
[59.621s][info][gc,heap        ] GC(111) ParOldGen: 110836K(175104K)->110852K(175104K)
[59.621s][info][gc,metaspace   ] GC(111) Metaspace: 34538K(35200K)->34538K(35200K) NonClass: 25353K(25792K)->25353K(25792K) Class: 9185K(9408K)->9185K(9408K)
[59.621s][info][gc             ] GC(111) Pause Young (Allocation Failure) 329M->108M(393M) 1.508ms
[59.621s][info][gc,cpu         ] GC(111) User=0.00s Sys=0.00s Real=0.00s
[60.250s][info][gc,start       ] GC(112) Pause Young (Allocation Failure)
[60.252s][info][gc,heap        ] GC(112) PSYoungGen: 217664K(227840K)->64K(209920K) Eden: 217600K(217600K)->0K(209408K) From: 64K(10240K)->64K(512K)
[60.252s][info][gc,heap        ] GC(112) ParOldGen: 110852K(175104K)->110868K(175104K)
[60.252s][info][gc,metaspace   ] GC(112) Metaspace: 34593K(35264K)->34593K(35264K) NonClass: 25408K(25856K)->25408K(25856K) Class: 9185K(9408K)->9185K(9408K)
[60.252s][info][gc             ] GC(112) Pause Young (Allocation Failure) 320M->108M(376M) 1.994ms
[60.252s][info][gc,cpu         ] GC(112) User=0.00s Sys=0.00s Real=0.00s
[61.427s][info][gc,start       ] GC(113) Pause Young (Allocation Failure)
[61.429s][info][gc,heap        ] GC(113) PSYoungGen: 209472K(209920K)->64K(210432K) Eden: 209408K(209408K)->0K(201728K) From: 64K(512K)->64K(8704K)
[61.429s][info][gc,heap        ] GC(113) ParOldGen: 110868K(175104K)->110884K(175104K)
[61.429s][info][gc,metaspace   ] GC(113) Metaspace: 34595K(35264K)->34595K(35264K) NonClass: 25410K(25856K)->25410K(25856K) Class: 9185K(9408K)->9185K(9408K)
[61.429s][info][gc             ] GC(113) Pause Young (Allocation Failure) 312M->108M(376M) 1.562ms
[61.429s][info][gc,cpu         ] GC(113) User=0.00s Sys=0.00s Real=0.00s
[62.156s][info][gc,start       ] GC(114) Pause Young (Allocation Failure)
[62.159s][info][gc,heap        ] GC(114) PSYoungGen: 201792K(210432K)->64K(195072K) Eden: 201728K(201728K)->0K(194560K) From: 64K(8704K)->64K(512K)
[62.159s][info][gc,heap        ] GC(114) ParOldGen: 110884K(175104K)->110900K(175104K)
[62.159s][info][gc,metaspace   ] GC(114) Metaspace: 34716K(35392K)->34716K(35392K) NonClass: 25531K(25984K)->25531K(25984K) Class: 9185K(9408K)->9185K(9408K)
[62.159s][info][gc             ] GC(114) Pause Young (Allocation Failure) 305M->108M(361M) 2.977ms
[62.159s][info][gc,cpu         ] GC(114) User=0.00s Sys=0.00s Real=0.00s
[62.366s][info][gc,start       ] GC(115) Pause Young (Allocation Failure)
[62.367s][info][gc,heap        ] GC(115) PSYoungGen: 194624K(195072K)->64K(195072K) Eden: 194560K(194560K)->0K(187392K) From: 64K(512K)->64K(7680K)
[62.367s][info][gc,heap        ] GC(115) ParOldGen: 110900K(175104K)->110916K(175104K)
[62.367s][info][gc,metaspace   ] GC(115) Metaspace: 34736K(35456K)->34736K(35456K) NonClass: 25551K(26048K)->25551K(26048K) Class: 9185K(9408K)->9185K(9408K)
[62.367s][info][gc             ] GC(115) Pause Young (Allocation Failure) 298M->108M(361M) 1.305ms
[62.367s][info][gc,cpu         ] GC(115) User=0.00s Sys=0.00s Real=0.00s
[62.417s][info][gc,start       ] GC(116) Pause Young (Allocation Failure)
[62.418s][info][gc,heap        ] GC(116) PSYoungGen: 187456K(195072K)->32K(181248K) Eden: 187392K(187392K)->0K(180736K) From: 64K(7680K)->32K(512K)
[62.418s][info][gc,heap        ] GC(116) ParOldGen: 110916K(175104K)->110924K(175104K)
[62.418s][info][gc,metaspace   ] GC(116) Metaspace: 34736K(35456K)->34736K(35456K) NonClass: 25551K(26048K)->25551K(26048K) Class: 9185K(9408K)->9185K(9408K)
[62.418s][info][gc             ] GC(116) Pause Young (Allocation Failure) 291M->108M(348M) 1.782ms
[62.418s][info][gc,cpu         ] GC(116) User=0.00s Sys=0.00s Real=0.00s
[62.770s][info][gc,start       ] GC(117) Pause Young (Allocation Failure)
[62.771s][info][gc,heap        ] GC(117) PSYoungGen: 180768K(181248K)->64K(181248K) Eden: 180736K(180736K)->0K(174592K) From: 32K(512K)->64K(6656K)
[62.771s][info][gc,heap        ] GC(117) ParOldGen: 110924K(175104K)->110924K(175104K)
[62.771s][info][gc,metaspace   ] GC(117) Metaspace: 34736K(35456K)->34736K(35456K) NonClass: 25551K(26048K)->25551K(26048K) Class: 9185K(9408K)->9185K(9408K)
[62.771s][info][gc             ] GC(117) Pause Young (Allocation Failure) 284M->108M(348M) 0.800ms
[62.771s][info][gc,cpu         ] GC(117) User=0.00s Sys=0.00s Real=0.00s
[63.161s][info][gc,start       ] GC(118) Pause Young (Allocation Failure)
[63.163s][info][gc,heap        ] GC(118) PSYoungGen: 174656K(181248K)->64K(168960K) Eden: 174592K(174592K)->0K(168448K) From: 64K(6656K)->64K(512K)
[63.163s][info][gc,heap        ] GC(118) ParOldGen: 110924K(175104K)->110932K(175104K)
[63.163s][info][gc,metaspace   ] GC(118) Metaspace: 34739K(35456K)->34739K(35456K) NonClass: 25554K(26048K)->25554K(26048K) Class: 9185K(9408K)->9185K(9408K)
[63.163s][info][gc             ] GC(118) Pause Young (Allocation Failure) 278M->108M(336M) 2.072ms
[63.163s][info][gc,cpu         ] GC(118) User=0.01s Sys=0.00s Real=0.00s
[63.351s][info][gc,start       ] GC(119) Pause Young (Allocation Failure)
[63.352s][info][gc,heap        ] GC(119) PSYoungGen: 168512K(168960K)->64K(168448K) Eden: 168448K(168448K)->0K(162816K) From: 64K(512K)->64K(5632K)
[63.352s][info][gc,heap        ] GC(119) ParOldGen: 110932K(175104K)->110940K(175104K)
[63.352s][info][gc,metaspace   ] GC(119) Metaspace: 34740K(35456K)->34740K(35456K) NonClass: 25555K(26048K)->25555K(26048K) Class: 9185K(9408K)->9185K(9408K)
[63.352s][info][gc             ] GC(119) Pause Young (Allocation Failure) 272M->108M(335M) 0.903ms
[63.352s][info][gc,cpu         ] GC(119) User=0.00s Sys=0.00s Real=0.00s
[63.636s][info][gc,start       ] GC(120) Pause Young (Allocation Failure)
[63.649s][info][gc,heap        ] GC(120) PSYoungGen: 162880K(168448K)->5120K(200704K) Eden: 162816K(162816K)->0K(195584K) From: 64K(5632K)->5120K(5120K)
[63.649s][info][gc,heap        ] GC(120) ParOldGen: 110940K(175104K)->113316K(175104K)
[63.649s][info][gc,metaspace   ] GC(120) Metaspace: 34755K(35456K)->34755K(35456K) NonClass: 25570K(26048K)->25570K(26048K) Class: 9185K(9408K)->9185K(9408K)
[63.649s][info][gc             ] GC(120) Pause Young (Allocation Failure) 267M->115M(367M) 12.577ms
[63.649s][info][gc,cpu         ] GC(120) User=0.02s Sys=0.01s Real=0.01s
[63.885s][info][gc,start       ] GC(121) Pause Young (Allocation Failure)
[63.927s][info][gc,heap        ] GC(121) PSYoungGen: 200704K(200704K)->7168K(242176K) Eden: 195584K(195584K)->0K(235008K) From: 5120K(5120K)->7168K(7168K)
[63.927s][info][gc,heap        ] GC(121) ParOldGen: 113316K(175104K)->128412K(175104K)
[63.927s][info][gc,metaspace   ] GC(121) Metaspace: 34755K(35456K)->34755K(35456K) NonClass: 25570K(26048K)->25570K(26048K) Class: 9185K(9408K)->9185K(9408K)
[63.927s][info][gc             ] GC(121) Pause Young (Allocation Failure) 306M->132M(407M) 41.775ms
[63.927s][info][gc,cpu         ] GC(121) User=0.07s Sys=0.01s Real=0.04s
[64.211s][info][gc,start       ] GC(122) Pause Young (Allocation Failure)
[64.267s][info][gc,heap        ] GC(122) PSYoungGen: 242176K(242176K)->14336K(241152K) Eden: 235008K(235008K)->0K(226816K) From: 7168K(7168K)->14336K(14336K)
[64.267s][info][gc,heap        ] GC(122) ParOldGen: 128412K(175104K)->141140K(175104K)
[64.267s][info][gc,metaspace   ] GC(122) Metaspace: 34755K(35456K)->34755K(35456K) NonClass: 25570K(26048K)->25570K(26048K) Class: 9185K(9408K)->9185K(9408K)
[64.267s][info][gc             ] GC(122) Pause Young (Allocation Failure) 361M->151M(406M) 55.791ms
[64.267s][info][gc,cpu         ] GC(122) User=0.10s Sys=0.02s Real=0.06s
[64.390s][info][gc,start       ] GC(123) Pause Young (Allocation Failure)
[64.404s][info][gc,heap        ] GC(123) PSYoungGen: 241152K(241152K)->6336K(249344K) Eden: 226816K(226816K)->0K(226816K) From: 14336K(14336K)->6336K(22528K)
[64.404s][info][gc,heap        ] GC(123) ParOldGen: 141140K(175104K)->141476K(175104K)
[64.404s][info][gc,metaspace   ] GC(123) Metaspace: 34755K(35456K)->34755K(35456K) NonClass: 25570K(26048K)->25570K(26048K) Class: 9185K(9408K)->9185K(9408K)
[64.404s][info][gc             ] GC(123) Pause Young (Allocation Failure) 373M->144M(414M) 13.823ms
[64.404s][info][gc,cpu         ] GC(123) User=0.02s Sys=0.00s Real=0.02s
[64.756s][info][gc,start       ] GC(124) Pause Young (Allocation Failure)
[64.757s][info][gc,heap        ] GC(124) PSYoungGen: 233152K(249344K)->64K(292352K) Eden: 226816K(226816K)->0K(272384K) From: 6336K(22528K)->64K(19968K)
[64.757s][info][gc,heap        ] GC(124) ParOldGen: 141476K(175104K)->141484K(175104K)
[64.757s][info][gc,metaspace   ] GC(124) Metaspace: 34755K(35456K)->34755K(35456K) NonClass: 25570K(26048K)->25570K(26048K) Class: 9185K(9408K)->9185K(9408K)
[64.757s][info][gc             ] GC(124) Pause Young (Allocation Failure) 365M->138M(456M) 0.983ms
[64.757s][info][gc,cpu         ] GC(124) User=0.00s Sys=0.00s Real=0.00s
[65.463s][info][gc,start       ] GC(125) Pause Young (Allocation Failure)
[65.464s][info][gc,heap        ] GC(125) PSYoungGen: 272448K(292352K)->64K(292864K) Eden: 272384K(272384K)->0K(272384K) From: 64K(19968K)->64K(20480K)
[65.464s][info][gc,heap        ] GC(125) ParOldGen: 141484K(175104K)->141492K(175104K)
[65.464s][info][gc,metaspace   ] GC(125) Metaspace: 34755K(35456K)->34755K(35456K) NonClass: 25570K(26048K)->25570K(26048K) Class: 9185K(9408K)->9185K(9408K)
[65.464s][info][gc             ] GC(125) Pause Young (Allocation Failure) 404M->138M(457M) 1.069ms
[65.464s][info][gc,cpu         ] GC(125) User=0.01s Sys=0.00s Real=0.01s
[66.285s][info][gc,start       ] GC(126) Pause Young (Allocation Failure)
[66.286s][info][gc,heap        ] GC(126) PSYoungGen: 272448K(292864K)->64K(311296K) Eden: 272384K(272384K)->0K(293376K) From: 64K(20480K)->64K(17920K)
[66.286s][info][gc,heap        ] GC(126) ParOldGen: 141492K(175104K)->141508K(175104K)
[66.286s][info][gc,metaspace   ] GC(126) Metaspace: 34788K(35456K)->34788K(35456K) NonClass: 25602K(26048K)->25602K(26048K) Class: 9185K(9408K)->9185K(9408K)
[66.287s][info][gc             ] GC(126) Pause Young (Allocation Failure) 404M->138M(475M) 1.280ms
[66.287s][info][gc,cpu         ] GC(126) User=0.00s Sys=0.00s Real=0.00s
[66.678s][info][gc,start       ] GC(127) Pause Young (Allocation Failure)
[66.679s][info][gc,heap        ] GC(127) PSYoungGen: 293440K(311296K)->64K(312320K) Eden: 293376K(293376K)->0K(293376K) From: 64K(17920K)->64K(18944K)
[66.679s][info][gc,heap        ] GC(127) ParOldGen: 141508K(175104K)->141524K(175104K)
[66.679s][info][gc,metaspace   ] GC(127) Metaspace: 34820K(35520K)->34820K(35520K) NonClass: 25634K(26112K)->25634K(26112K) Class: 9185K(9408K)->9185K(9408K)
[66.679s][info][gc             ] GC(127) Pause Young (Allocation Failure) 424M->138M(476M) 1.188ms
[66.679s][info][gc,cpu         ] GC(127) User=0.00s Sys=0.00s Real=0.00s
[66.950s][info][gc,start       ] GC(128) Pause Young (Allocation Failure)
[66.951s][info][gc,heap        ] GC(128) PSYoungGen: 293440K(312320K)->64K(312320K) Eden: 293376K(293376K)->0K(296448K) From: 64K(18944K)->64K(15872K)
[66.951s][info][gc,heap        ] GC(128) ParOldGen: 141524K(175104K)->141524K(175104K)
[66.951s][info][gc,metaspace   ] GC(128) Metaspace: 34820K(35520K)->34820K(35520K) NonClass: 25634K(26112K)->25634K(26112K) Class: 9185K(9408K)->9185K(9408K)
[66.951s][info][gc             ] GC(128) Pause Young (Allocation Failure) 424M->138M(476M) 1.077ms
[66.951s][info][gc,cpu         ] GC(128) User=0.01s Sys=0.00s Real=0.00s
[67.327s][info][gc,start       ] GC(129) Pause Young (Allocation Failure)
[67.328s][info][gc,heap        ] GC(129) PSYoungGen: 296512K(312320K)->64K(313856K) Eden: 296448K(296448K)->0K(296448K) From: 64K(15872K)->64K(17408K)
[67.328s][info][gc,heap        ] GC(129) ParOldGen: 141524K(175104K)->141524K(175104K)
[67.328s][info][gc,metaspace   ] GC(129) Metaspace: 34820K(35520K)->34820K(35520K) NonClass: 25635K(26112K)->25635K(26112K) Class: 9185K(9408K)->9185K(9408K)
[67.328s][info][gc             ] GC(129) Pause Young (Allocation Failure) 427M->138M(477M) 0.989ms
[67.328s][info][gc,cpu         ] GC(129) User=0.00s Sys=0.00s Real=0.00s
[67.384s][info][gc,start       ] GC(130) Pause Young (Allocation Failure)
[67.385s][info][gc,heap        ] GC(130) PSYoungGen: 296512K(313856K)->64K(313856K) Eden: 296448K(296448K)->0K(299520K) From: 64K(17408K)->64K(14336K)
[67.385s][info][gc,heap        ] GC(130) ParOldGen: 141524K(175104K)->141540K(175104K)
[67.385s][info][gc,metaspace   ] GC(130) Metaspace: 34820K(35520K)->34820K(35520K) NonClass: 25635K(26112K)->25635K(26112K) Class: 9185K(9408K)->9185K(9408K)
[67.385s][info][gc             ] GC(130) Pause Young (Allocation Failure) 427M->138M(477M) 0.877ms
[67.385s][info][gc,cpu         ] GC(130) User=0.00s Sys=0.00s Real=0.00s
[67.449s][info][gc,start       ] GC(131) Pause Young (Allocation Failure)
[67.450s][info][gc,heap        ] GC(131) PSYoungGen: 299584K(313856K)->64K(315392K) Eden: 299520K(299520K)->0K(299520K) From: 64K(14336K)->64K(15872K)
[67.450s][info][gc,heap        ] GC(131) ParOldGen: 141540K(175104K)->141540K(175104K)
[67.450s][info][gc,metaspace   ] GC(131) Metaspace: 34820K(35520K)->34820K(35520K) NonClass: 25635K(26112K)->25635K(26112K) Class: 9185K(9408K)->9185K(9408K)
[67.450s][info][gc             ] GC(131) Pause Young (Allocation Failure) 430M->138M(479M) 0.869ms
[67.450s][info][gc,cpu         ] GC(131) User=0.00s Sys=0.00s Real=0.00s
[67.790s][info][gc,start       ] GC(132) Pause Young (Allocation Failure)
[67.791s][info][gc,heap        ] GC(132) PSYoungGen: 299584K(315392K)->64K(316416K) Eden: 299520K(299520K)->0K(303104K) From: 64K(15872K)->64K(13312K)
[67.791s][info][gc,heap        ] GC(132) ParOldGen: 141540K(175104K)->141556K(175104K)
[67.791s][info][gc,metaspace   ] GC(132) Metaspace: 34820K(35520K)->34820K(35520K) NonClass: 25635K(26112K)->25635K(26112K) Class: 9185K(9408K)->9185K(9408K)
[67.791s][info][gc             ] GC(132) Pause Young (Allocation Failure) 430M->138M(480M) 1.058ms
[67.791s][info][gc,cpu         ] GC(132) User=0.00s Sys=0.00s Real=0.00s
[68.065s][info][gc,start       ] GC(133) Pause Young (Allocation Failure)
[68.067s][info][gc,heap        ] GC(133) PSYoungGen: 303168K(316416K)->64K(317440K) Eden: 303104K(303104K)->0K(303104K) From: 64K(13312K)->64K(14336K)
[68.067s][info][gc,heap        ] GC(133) ParOldGen: 141556K(175104K)->141556K(175104K)
[68.067s][info][gc,metaspace   ] GC(133) Metaspace: 34820K(35520K)->34820K(35520K) NonClass: 25635K(26112K)->25635K(26112K) Class: 9185K(9408K)->9185K(9408K)
[68.067s][info][gc             ] GC(133) Pause Young (Allocation Failure) 434M->138M(481M) 2.907ms
[68.067s][info][gc,cpu         ] GC(133) User=0.00s Sys=0.00s Real=0.00s
[68.159s][info][gc,start       ] GC(134) Pause Young (Allocation Failure)
[68.161s][info][gc,heap        ] GC(134) PSYoungGen: 303168K(317440K)->32K(318464K) Eden: 303104K(303104K)->0K(306176K) From: 64K(14336K)->32K(12288K)
[68.161s][info][gc,heap        ] GC(134) ParOldGen: 141556K(175104K)->141572K(175104K)
[68.161s][info][gc,metaspace   ] GC(134) Metaspace: 34820K(35520K)->34820K(35520K) NonClass: 25635K(26112K)->25635K(26112K) Class: 9185K(9408K)->9185K(9408K)
[68.161s][info][gc             ] GC(134) Pause Young (Allocation Failure) 434M->138M(482M) 1.860ms
[68.161s][info][gc,cpu         ] GC(134) User=0.00s Sys=0.00s Real=0.00s
[68.361s][info][gc,start       ] GC(135) Pause Young (Allocation Failure)
[68.362s][info][gc,heap        ] GC(135) PSYoungGen: 306208K(318464K)->64K(318976K) Eden: 306176K(306176K)->0K(306176K) From: 32K(12288K)->64K(12800K)
[68.362s][info][gc,heap        ] GC(135) ParOldGen: 141572K(175104K)->141572K(175104K)
[68.362s][info][gc,metaspace   ] GC(135) Metaspace: 34820K(35520K)->34820K(35520K) NonClass: 25635K(26112K)->25635K(26112K) Class: 9185K(9408K)->9185K(9408K)
[68.362s][info][gc             ] GC(135) Pause Young (Allocation Failure) 437M->138M(482M) 1.089ms
[68.362s][info][gc,cpu         ] GC(135) User=0.01s Sys=0.00s Real=0.00s
[69.426s][info][gc,start       ] GC(136) Pause Young (Allocation Failure)
[69.427s][info][gc,heap        ] GC(136) PSYoungGen: 306227K(318976K)->83K(294400K) Eden: 306163K(306176K)->0K(293888K) From: 64K(12800K)->83K(512K)
[69.427s][info][gc,heap        ] GC(136) ParOldGen: 141572K(175104K)->141580K(175104K)
[69.427s][info][gc,metaspace   ] GC(136) Metaspace: 34888K(35584K)->34888K(35584K) NonClass: 25703K(26176K)->25703K(26176K) Class: 9185K(9408K)->9185K(9408K)
[69.427s][info][gc             ] GC(136) Pause Young (Allocation Failure) 437M->138M(458M) 0.984ms
[69.427s][info][gc,cpu         ] GC(136) User=0.00s Sys=0.00s Real=0.00s
[70.424s][info][gc,start       ] GC(137) Pause Young (Allocation Failure)
[70.425s][info][gc,heap        ] GC(137) PSYoungGen: 293971K(294400K)->64K(293376K) Eden: 293888K(293888K)->0K(282112K) From: 83K(512K)->64K(11264K)
[70.425s][info][gc,heap        ] GC(137) ParOldGen: 141580K(175104K)->141588K(175104K)
[70.425s][info][gc,metaspace   ] GC(137) Metaspace: 34888K(35584K)->34888K(35584K) NonClass: 25703K(26176K)->25703K(26176K) Class: 9185K(9408K)->9185K(9408K)
[70.425s][info][gc             ] GC(137) Pause Young (Allocation Failure) 425M->138M(457M) 0.819ms
[70.425s][info][gc,cpu         ] GC(137) User=0.00s Sys=0.00s Real=0.00s
[70.749s][info][gc,start       ] GC(138) Pause Young (Allocation Failure)
[70.750s][info][gc,heap        ] GC(138) PSYoungGen: 282176K(293376K)->64K(271360K) Eden: 282112K(282112K)->0K(270848K) From: 64K(11264K)->64K(512K)
[70.750s][info][gc,heap        ] GC(138) ParOldGen: 141588K(175104K)->141596K(175104K)
[70.750s][info][gc,metaspace   ] GC(138) Metaspace: 34889K(35584K)->34889K(35584K) NonClass: 25704K(26176K)->25704K(26176K) Class: 9185K(9408K)->9185K(9408K)
[70.750s][info][gc             ] GC(138) Pause Young (Allocation Failure) 413M->138M(436M) 1.164ms
[70.750s][info][gc,cpu         ] GC(138) User=0.00s Sys=0.00s Real=0.00s
[71.363s][info][gc,start       ] GC(139) Pause Young (Allocation Failure)
[71.364s][info][gc,heap        ] GC(139) PSYoungGen: 270912K(271360K)->64K(269824K) Eden: 270848K(270848K)->0K(260096K) From: 64K(512K)->64K(9728K)
[71.364s][info][gc,heap        ] GC(139) ParOldGen: 141596K(175104K)->141604K(175104K)
[71.364s][info][gc,metaspace   ] GC(139) Metaspace: 34889K(35584K)->34889K(35584K) NonClass: 25704K(26176K)->25704K(26176K) Class: 9185K(9408K)->9185K(9408K)
[71.364s][info][gc             ] GC(139) Pause Young (Allocation Failure) 402M->138M(434M) 0.838ms
[71.364s][info][gc,cpu         ] GC(139) User=0.00s Sys=0.00s Real=0.00s
[72.667s][info][gc,start       ] GC(140) Pause Young (Allocation Failure)
[72.669s][info][gc,heap        ] GC(140) PSYoungGen: 260160K(269824K)->64K(250368K) Eden: 260096K(260096K)->0K(249856K) From: 64K(9728K)->64K(512K)
[72.669s][info][gc,heap        ] GC(140) ParOldGen: 141604K(175104K)->141620K(175104K)
[72.669s][info][gc,metaspace   ] GC(140) Metaspace: 34892K(35584K)->34892K(35584K) NonClass: 25706K(26176K)->25706K(26176K) Class: 9185K(9408K)->9185K(9408K)
[72.669s][info][gc             ] GC(140) Pause Young (Allocation Failure) 392M->138M(415M) 1.841ms
[72.669s][info][gc,cpu         ] GC(140) User=0.00s Sys=0.00s Real=0.00s
[73.151s][info][gc,start       ] GC(141) Pause Young (Allocation Failure)
[73.152s][info][gc,heap        ] GC(141) PSYoungGen: 249920K(250368K)->32K(248832K) Eden: 249856K(249856K)->0K(240128K) From: 64K(512K)->32K(8704K)
[73.153s][info][gc,heap        ] GC(141) ParOldGen: 141620K(175104K)->141628K(175104K)
[73.153s][info][gc,metaspace   ] GC(141) Metaspace: 34902K(35584K)->34902K(35584K) NonClass: 25717K(26176K)->25717K(26176K) Class: 9185K(9408K)->9185K(9408K)
[73.153s][info][gc             ] GC(141) Pause Young (Allocation Failure) 382M->138M(414M) 1.332ms
[73.153s][info][gc,cpu         ] GC(141) User=0.00s Sys=0.00s Real=0.00s
[73.280s][info][gc,start       ] GC(142) Pause Young (Allocation Failure)
[73.282s][info][gc,heap        ] GC(142) PSYoungGen: 240160K(248832K)->64K(231424K) Eden: 240128K(240128K)->0K(230912K) From: 32K(8704K)->64K(512K)
[73.282s][info][gc,heap        ] GC(142) ParOldGen: 141628K(175104K)->141644K(175104K)
[73.282s][info][gc,metaspace   ] GC(142) Metaspace: 34902K(35584K)->34902K(35584K) NonClass: 25717K(26176K)->25717K(26176K) Class: 9185K(9408K)->9185K(9408K)
[73.282s][info][gc             ] GC(142) Pause Young (Allocation Failure) 372M->138M(397M) 2.064ms
[73.282s][info][gc,cpu         ] GC(142) User=0.00s Sys=0.00s Real=0.00s
[73.689s][info][gc,start       ] GC(143) Pause Young (Allocation Failure)
[73.691s][info][gc,heap        ] GC(143) PSYoungGen: 230976K(231424K)->64K(229888K) Eden: 230912K(230912K)->0K(222208K) From: 64K(512K)->64K(7680K)
[73.691s][info][gc,heap        ] GC(143) ParOldGen: 141644K(175104K)->141660K(175104K)
[73.691s][info][gc,metaspace   ] GC(143) Metaspace: 34902K(35584K)->34902K(35584K) NonClass: 25717K(26176K)->25717K(26176K) Class: 9185K(9408K)->9185K(9408K)
[73.691s][info][gc             ] GC(143) Pause Young (Allocation Failure) 363M->138M(395M) 1.466ms
[73.691s][info][gc,cpu         ] GC(143) User=0.00s Sys=0.00s Real=0.00s
[74.102s][info][gc,start       ] GC(144) Pause Young (Allocation Failure)
[74.104s][info][gc,heap        ] GC(144) PSYoungGen: 222272K(229888K)->64K(214528K) Eden: 222208K(222208K)->0K(214016K) From: 64K(7680K)->64K(512K)
[74.104s][info][gc,heap        ] GC(144) ParOldGen: 141660K(175104K)->141676K(175104K)
[74.104s][info][gc,metaspace   ] GC(144) Metaspace: 34902K(35584K)->34902K(35584K) NonClass: 25717K(26176K)->25717K(26176K) Class: 9185K(9408K)->9185K(9408K)
[74.104s][info][gc             ] GC(144) Pause Young (Allocation Failure) 355M->138M(380M) 2.502ms
[74.104s][info][gc,cpu         ] GC(144) User=0.00s Sys=0.00s Real=0.01s
[74.496s][info][gc,start       ] GC(145) Pause Young (Allocation Failure)
[74.499s][info][gc,heap        ] GC(145) PSYoungGen: 214080K(214528K)->992K(212480K) Eden: 214016K(214016K)->0K(205824K) From: 64K(512K)->992K(6656K)
[74.499s][info][gc,heap        ] GC(145) ParOldGen: 141676K(175104K)->141684K(175104K)
[74.499s][info][gc,metaspace   ] GC(145) Metaspace: 34902K(35584K)->34902K(35584K) NonClass: 25717K(26176K)->25717K(26176K) Class: 9185K(9408K)->9185K(9408K)
[74.499s][info][gc             ] GC(145) Pause Young (Allocation Failure) 347M->139M(378M) 2.668ms
[74.499s][info][gc,cpu         ] GC(145) User=0.00s Sys=0.00s Real=0.00s
[74.780s][info][gc,start       ] GC(146) Pause Young (Allocation Failure)
[74.828s][info][gc,heap        ] GC(146) PSYoungGen: 206816K(212480K)->6144K(253440K) Eden: 205824K(205824K)->0K(247296K) From: 992K(6656K)->6144K(6144K)
[74.828s][info][gc,heap        ] GC(146) ParOldGen: 141684K(175104K)->158900K(175104K)
[74.828s][info][gc,metaspace   ] GC(146) Metaspace: 34902K(35584K)->34902K(35584K) NonClass: 25717K(26176K)->25717K(26176K) Class: 9185K(9408K)->9185K(9408K)
[74.828s][info][gc             ] GC(146) Pause Young (Allocation Failure) 340M->161M(418M) 48.017ms
[74.828s][info][gc,cpu         ] GC(146) User=0.08s Sys=0.01s Real=0.05s
[75.167s][info][gc,start       ] GC(147) Pause Young (Allocation Failure)
[75.224s][info][gc,heap        ] GC(147) PSYoungGen: 253440K(253440K)->13824K(274432K) Eden: 247296K(247296K)->0K(260608K) From: 6144K(6144K)->13824K(13824K)
[75.224s][info][gc,heap        ] GC(147) ParOldGen: 158900K(175104K)->173596K(175104K)
[75.224s][info][gc,metaspace   ] GC(147) Metaspace: 34902K(35584K)->34902K(35584K) NonClass: 25717K(26176K)->25717K(26176K) Class: 9185K(9408K)->9185K(9408K)
[75.224s][info][gc             ] GC(147) Pause Young (Allocation Failure) 402M->183M(439M) 56.867ms
[75.224s][info][gc,cpu         ] GC(147) User=0.10s Sys=0.01s Real=0.06s
[75.399s][info][gc,start       ] GC(148) Pause Young (Allocation Failure)
[75.438s][info][gc,heap        ] GC(148) PSYoungGen: 274432K(274432K)->10304K(311296K) Eden: 260608K(260608K)->0K(288768K) From: 13824K(13824K)->10304K(22528K)
[75.438s][info][gc,heap        ] GC(148) ParOldGen: 173596K(175104K)->173988K(175104K)
[75.438s][info][gc,metaspace   ] GC(148) Metaspace: 34902K(35584K)->34902K(35584K) NonClass: 25717K(26176K)->25717K(26176K) Class: 9185K(9408K)->9185K(9408K)
[75.438s][info][gc             ] GC(148) Pause Young (Allocation Failure) 437M->179M(475M) 39.422ms
[75.438s][info][gc,cpu         ] GC(148) User=0.06s Sys=0.01s Real=0.04s
[75.898s][info][gc,start       ] GC(149) Pause Young (Allocation Failure)
[75.899s][info][gc,heap        ] GC(149) PSYoungGen: 299072K(311296K)->64K(289280K) Eden: 288768K(288768K)->0K(288768K) From: 10304K(22528K)->64K(512K)
[75.899s][info][gc,heap        ] GC(149) ParOldGen: 173988K(175104K)->173996K(175104K)
[75.899s][info][gc,metaspace   ] GC(149) Metaspace: 34902K(35584K)->34902K(35584K) NonClass: 25717K(26176K)->25717K(26176K) Class: 9185K(9408K)->9185K(9408K)
[75.899s][info][gc             ] GC(149) Pause Young (Allocation Failure) 461M->169M(453M) 1.004ms
[75.899s][info][gc,cpu         ] GC(149) User=0.00s Sys=0.00s Real=0.00s
[76.556s][info][gc,start       ] GC(150) Pause Young (Allocation Failure)
[76.559s][info][gc,heap        ] GC(150) PSYoungGen: 288832K(289280K)->64K(311808K) Eden: 288768K(288768K)->0K(289792K) From: 64K(512K)->64K(22016K)
[76.559s][info][gc,heap        ] GC(150) ParOldGen: 173996K(175104K)->174004K(175104K)
[76.559s][info][gc,metaspace   ] GC(150) Metaspace: 34902K(35584K)->34902K(35584K) NonClass: 25717K(26176K)->25717K(26176K) Class: 9185K(9408K)->9185K(9408K)
[76.559s][info][gc             ] GC(150) Pause Young (Allocation Failure) 451M->169M(475M) 3.456ms
[76.559s][info][gc,cpu         ] GC(150) User=0.00s Sys=0.00s Real=0.00s
[77.179s][info][gc,start       ] GC(151) Pause Young (Allocation Failure)
[77.181s][info][gc,heap        ] GC(151) PSYoungGen: 289856K(311808K)->64K(310784K) Eden: 289792K(289792K)->0K(289792K) From: 64K(22016K)->64K(20992K)
[77.181s][info][gc,heap        ] GC(151) ParOldGen: 174004K(175104K)->174020K(175104K)
[77.181s][info][gc,metaspace   ] GC(151) Metaspace: 34934K(35648K)->34934K(35648K) NonClass: 25749K(26240K)->25749K(26240K) Class: 9185K(9408K)->9185K(9408K)
[77.181s][info][gc             ] GC(151) Pause Young (Allocation Failure) 452M->170M(474M) 1.472ms
[77.181s][info][gc,cpu         ] GC(151) User=0.00s Sys=0.00s Real=0.00s
[77.437s][info][gc,start       ] GC(152) Pause Young (Allocation Failure)
[77.438s][info][gc,heap        ] GC(152) PSYoungGen: 289856K(310784K)->64K(311808K) Eden: 289792K(289792K)->0K(291840K) From: 64K(20992K)->64K(19968K)
[77.438s][info][gc,heap        ] GC(152) ParOldGen: 174020K(175104K)->174036K(175104K)
[77.438s][info][gc,metaspace   ] GC(152) Metaspace: 34934K(35648K)->34934K(35648K) NonClass: 25749K(26240K)->25749K(26240K) Class: 9185K(9408K)->9185K(9408K)
[77.438s][info][gc             ] GC(152) Pause Young (Allocation Failure) 453M->170M(475M) 1.085ms
[77.438s][info][gc,cpu         ] GC(152) User=0.00s Sys=0.00s Real=0.00s
[77.699s][info][gc,start       ] GC(153) Pause Young (Allocation Failure)
[77.700s][info][gc,heap        ] GC(153) PSYoungGen: 291904K(311808K)->64K(311296K) Eden: 291840K(291840K)->0K(291840K) From: 64K(19968K)->64K(19456K)
[77.700s][info][gc,heap        ] GC(153) ParOldGen: 174036K(175104K)->174036K(175104K)
[77.700s][info][gc,metaspace   ] GC(153) Metaspace: 34934K(35648K)->34934K(35648K) NonClass: 25749K(26240K)->25749K(26240K) Class: 9185K(9408K)->9185K(9408K)
[77.700s][info][gc             ] GC(153) Pause Young (Allocation Failure) 455M->170M(475M) 1.039ms
[77.700s][info][gc,cpu         ] GC(153) User=0.00s Sys=0.00s Real=0.00s
[77.998s][info][gc,start       ] GC(154) Pause Young (Allocation Failure)
[77.999s][info][gc,heap        ] GC(154) PSYoungGen: 291904K(311296K)->64K(313344K) Eden: 291840K(291840K)->0K(294912K) From: 64K(19456K)->64K(18432K)
[77.999s][info][gc,heap        ] GC(154) ParOldGen: 174036K(175104K)->174036K(175104K)
[77.999s][info][gc,metaspace   ] GC(154) Metaspace: 34934K(35648K)->34934K(35648K) NonClass: 25749K(26240K)->25749K(26240K) Class: 9185K(9408K)->9185K(9408K)
[77.999s][info][gc             ] GC(154) Pause Young (Allocation Failure) 455M->170M(477M) 0.933ms
[77.999s][info][gc,cpu         ] GC(154) User=0.00s Sys=0.00s Real=0.00s
[78.058s][info][gc,start       ] GC(155) Pause Young (Allocation Failure)
[78.059s][info][gc,heap        ] GC(155) PSYoungGen: 294976K(313344K)->32K(312832K) Eden: 294912K(294912K)->0K(294912K) From: 64K(18432K)->32K(17920K)
[78.059s][info][gc,heap        ] GC(155) ParOldGen: 174036K(175104K)->174052K(175104K)
[78.059s][info][gc,metaspace   ] GC(155) Metaspace: 34934K(35648K)->34934K(35648K) NonClass: 25749K(26240K)->25749K(26240K) Class: 9185K(9408K)->9185K(9408K)
[78.059s][info][gc             ] GC(155) Pause Young (Allocation Failure) 458M->170M(476M) 0.933ms
[78.059s][info][gc,cpu         ] GC(155) User=0.00s Sys=0.00s Real=0.00s
[78.200s][info][gc,start       ] GC(156) Pause Young (Allocation Failure)
[78.201s][info][gc,heap        ] GC(156) PSYoungGen: 294944K(312832K)->64K(314880K) Eden: 294912K(294912K)->0K(298496K) From: 32K(17920K)->64K(16384K)
[78.201s][info][gc,heap        ] GC(156) ParOldGen: 174052K(175104K)->174060K(175104K)
[78.201s][info][gc,metaspace   ] GC(156) Metaspace: 34950K(35648K)->34950K(35648K) NonClass: 25765K(26240K)->25765K(26240K) Class: 9185K(9408K)->9185K(9408K)
[78.201s][info][gc             ] GC(156) Pause Young (Allocation Failure) 458M->170M(478M) 1.000ms
[78.201s][info][gc,cpu         ] GC(156) User=0.00s Sys=0.00s Real=0.00s
[78.513s][info][gc,start       ] GC(157) Pause Young (Allocation Failure)
[78.514s][info][gc,heap        ] GC(157) PSYoungGen: 298560K(314880K)->64K(314368K) Eden: 298496K(298496K)->0K(298496K) From: 64K(16384K)->64K(15872K)
[78.514s][info][gc,heap        ] GC(157) ParOldGen: 174060K(175104K)->174076K(175104K)
[78.514s][info][gc,metaspace   ] GC(157) Metaspace: 34950K(35648K)->34950K(35648K) NonClass: 25765K(26240K)->25765K(26240K) Class: 9185K(9408K)->9185K(9408K)
[78.514s][info][gc             ] GC(157) Pause Young (Allocation Failure) 461M->170M(478M) 0.995ms
[78.514s][info][gc,cpu         ] GC(157) User=0.01s Sys=0.00s Real=0.01s
[78.693s][info][gc,start       ] GC(158) Pause Young (Allocation Failure)
[78.694s][info][gc,heap        ] GC(158) PSYoungGen: 298560K(314368K)->64K(287232K) Eden: 298496K(298496K)->0K(286720K) From: 64K(15872K)->64K(512K)
[78.694s][info][gc,heap        ] GC(158) ParOldGen: 174076K(175104K)->174076K(175104K)
[78.694s][info][gc,metaspace   ] GC(158) Metaspace: 34954K(35648K)->34954K(35648K) NonClass: 25769K(26240K)->25769K(26240K) Class: 9185K(9408K)->9185K(9408K)
[78.694s][info][gc             ] GC(158) Pause Young (Allocation Failure) 461M->170M(451M) 1.234ms
[78.694s][info][gc,cpu         ] GC(158) User=0.01s Sys=0.00s Real=0.01s
[78.771s][info][gc,start       ] GC(159) Pause Young (Allocation Failure)
[78.771s][info][gc,heap        ] GC(159) PSYoungGen: 286784K(287232K)->64K(289792K) Eden: 286720K(286720K)->0K(275456K) From: 64K(512K)->64K(14336K)
[78.771s][info][gc,heap        ] GC(159) ParOldGen: 174076K(175104K)->174092K(175104K)
[78.771s][info][gc,metaspace   ] GC(159) Metaspace: 34954K(35648K)->34954K(35648K) NonClass: 25769K(26240K)->25769K(26240K) Class: 9185K(9408K)->9185K(9408K)
[78.771s][info][gc             ] GC(159) Pause Young (Allocation Failure) 450M->170M(454M) 0.852ms
[78.771s][info][gc,cpu         ] GC(159) User=0.00s Sys=0.00s Real=0.00s
[78.950s][info][gc,start       ] GC(160) Pause Young (Allocation Failure)
[78.951s][info][gc,heap        ] GC(160) PSYoungGen: 275520K(289792K)->64K(265216K) Eden: 275456K(275456K)->0K(264704K) From: 64K(14336K)->64K(512K)
[78.951s][info][gc,heap        ] GC(160) ParOldGen: 174092K(175104K)->174092K(175104K)
[78.951s][info][gc,metaspace   ] GC(160) Metaspace: 34954K(35648K)->34954K(35648K) NonClass: 25769K(26240K)->25769K(26240K) Class: 9185K(9408K)->9185K(9408K)
[78.951s][info][gc             ] GC(160) Pause Young (Allocation Failure) 439M->170M(430M) 1.263ms
[78.951s][info][gc,cpu         ] GC(160) User=0.00s Sys=0.00s Real=0.00s
[79.912s][info][gc,start       ] GC(161) Pause Young (Allocation Failure)
[79.913s][info][gc,heap        ] GC(161) PSYoungGen: 264768K(265216K)->64K(267264K) Eden: 264704K(264704K)->0K(254464K) From: 64K(512K)->64K(12800K)
[79.913s][info][gc,heap        ] GC(161) ParOldGen: 174092K(175104K)->174100K(175104K)
[79.913s][info][gc,metaspace   ] GC(161) Metaspace: 34954K(35648K)->34954K(35648K) NonClass: 25769K(26240K)->25769K(26240K) Class: 9185K(9408K)->9185K(9408K)
[79.913s][info][gc             ] GC(161) Pause Young (Allocation Failure) 428M->170M(432M) 1.033ms
[79.913s][info][gc,cpu         ] GC(161) User=0.00s Sys=0.00s Real=0.01s
[80.011s][info][gc,start       ] GC(162) Pause Young (Allocation Failure)
[80.013s][info][gc,heap        ] GC(162) PSYoungGen: 254528K(267264K)->64K(245248K) Eden: 254464K(254464K)->0K(244736K) From: 64K(12800K)->64K(512K)
[80.013s][info][gc,heap        ] GC(162) ParOldGen: 174100K(175104K)->174108K(175104K)
[80.013s][info][gc,metaspace   ] GC(162) Metaspace: 34954K(35648K)->34954K(35648K) NonClass: 25769K(26240K)->25769K(26240K) Class: 9185K(9408K)->9185K(9408K)
[80.013s][info][gc             ] GC(162) Pause Young (Allocation Failure) 418M->170M(410M) 2.050ms
[80.013s][info][gc,cpu         ] GC(162) User=0.00s Sys=0.00s Real=0.01s
[81.020s][info][gc,start       ] GC(163) Pause Young (Allocation Failure)
[81.022s][info][gc,heap        ] GC(163) PSYoungGen: 244800K(245248K)->64K(246784K) Eden: 244736K(244736K)->0K(235520K) From: 64K(512K)->64K(11264K)
[81.022s][info][gc,heap        ] GC(163) ParOldGen: 174108K(175104K)->174116K(175104K)
[81.022s][info][gc,metaspace   ] GC(163) Metaspace: 34954K(35648K)->34954K(35648K) NonClass: 25769K(26240K)->25769K(26240K) Class: 9185K(9408K)->9185K(9408K)
[81.022s][info][gc             ] GC(163) Pause Young (Allocation Failure) 409M->170M(412M) 1.551ms
[81.022s][info][gc,cpu         ] GC(163) User=0.00s Sys=0.00s Real=0.00s
[81.461s][info][gc,start       ] GC(164) Pause Young (Allocation Failure)
[81.465s][info][gc,heap        ] GC(164) PSYoungGen: 235584K(246784K)->64K(227328K) Eden: 235520K(235520K)->0K(226816K) From: 64K(11264K)->64K(512K)
[81.465s][info][gc,heap        ] GC(164) ParOldGen: 174116K(175104K)->174124K(175104K)
[81.465s][info][gc,metaspace   ] GC(164) Metaspace: 34954K(35648K)->34954K(35648K) NonClass: 25769K(26240K)->25769K(26240K) Class: 9185K(9408K)->9185K(9408K)
[81.465s][info][gc             ] GC(164) Pause Young (Allocation Failure) 400M->170M(393M) 3.253ms
[81.465s][info][gc,cpu         ] GC(164) User=0.00s Sys=0.00s Real=0.01s
[82.590s][info][gc,start       ] GC(165) Pause Young (Allocation Failure)
[82.592s][info][gc,heap        ] GC(165) PSYoungGen: 226880K(227328K)->64K(227840K) Eden: 226816K(226816K)->0K(218112K) From: 64K(512K)->64K(9728K)
[82.592s][info][gc,heap        ] GC(165) ParOldGen: 174124K(175104K)->174140K(175104K)
[82.592s][info][gc,metaspace   ] GC(165) Metaspace: 34985K(35712K)->34985K(35712K) NonClass: 25800K(26304K)->25800K(26304K) Class: 9185K(9408K)->9185K(9408K)
[82.592s][info][gc             ] GC(165) Pause Young (Allocation Failure) 391M->170M(393M) 1.576ms
[82.592s][info][gc,cpu         ] GC(165) User=0.00s Sys=0.00s Real=0.00s
[82.893s][info][gc,start       ] GC(166) Pause Young (Allocation Failure)
[82.895s][info][gc,heap        ] GC(166) PSYoungGen: 218176K(227840K)->64K(210432K) Eden: 218112K(218112K)->0K(209920K) From: 64K(9728K)->64K(512K)
[82.895s][info][gc,heap        ] GC(166) ParOldGen: 174140K(175104K)->174156K(175104K)
[82.895s][info][gc,metaspace   ] GC(166) Metaspace: 34985K(35712K)->34985K(35712K) NonClass: 25800K(26304K)->25800K(26304K) Class: 9185K(9408K)->9185K(9408K)
[82.895s][info][gc             ] GC(166) Pause Young (Allocation Failure) 383M->170M(376M) 2.450ms
[82.895s][info][gc,cpu         ] GC(166) User=0.00s Sys=0.00s Real=0.01s
[83.361s][info][gc,start       ] GC(167) Pause Young (Allocation Failure)
[83.363s][info][gc,heap        ] GC(167) PSYoungGen: 209984K(210432K)->64K(210944K) Eden: 209920K(209920K)->0K(202240K) From: 64K(512K)->64K(8704K)
[83.363s][info][gc,heap        ] GC(167) ParOldGen: 174156K(175104K)->174164K(175104K)
[83.363s][info][gc,metaspace   ] GC(167) Metaspace: 34987K(35712K)->34987K(35712K) NonClass: 25802K(26304K)->25802K(26304K) Class: 9185K(9408K)->9185K(9408K)
[83.363s][info][gc             ] GC(167) Pause Young (Allocation Failure) 375M->170M(377M) 1.789ms
[83.363s][info][gc,cpu         ] GC(167) User=0.00s Sys=0.01s Real=0.01s
[83.433s][info][gc,start       ] GC(168) Pause Young (Allocation Failure)
[83.435s][info][gc,heap        ] GC(168) PSYoungGen: 202304K(210944K)->64K(195584K) Eden: 202240K(202240K)->0K(195072K) From: 64K(8704K)->64K(512K)
[83.435s][info][gc,heap        ] GC(168) ParOldGen: 174164K(175104K)->174180K(175104K)
[83.435s][info][gc,metaspace   ] GC(168) Metaspace: 34987K(35712K)->34987K(35712K) NonClass: 25802K(26304K)->25802K(26304K) Class: 9185K(9408K)->9185K(9408K)
[83.435s][info][gc             ] GC(168) Pause Young (Allocation Failure) 367M->170M(362M) 2.101ms
[83.435s][info][gc,cpu         ] GC(168) User=0.00s Sys=0.00s Real=0.01s
[83.697s][info][gc,start       ] GC(169) Pause Young (Allocation Failure)
[83.699s][info][gc,heap        ] GC(169) PSYoungGen: 195136K(195584K)->64K(195072K) Eden: 195072K(195072K)->0K(187904K) From: 64K(512K)->64K(7168K)
[83.699s][info][gc,heap        ] GC(169) ParOldGen: 174180K(175104K)->174196K(175104K)
[83.699s][info][gc,metaspace   ] GC(169) Metaspace: 34987K(35712K)->34987K(35712K) NonClass: 25802K(26304K)->25802K(26304K) Class: 9185K(9408K)->9185K(9408K)
[83.699s][info][gc             ] GC(169) Pause Young (Allocation Failure) 360M->170M(361M) 1.598ms
[83.699s][info][gc,cpu         ] GC(169) User=0.01s Sys=0.00s Real=0.00s
[84.220s][info][gc,start       ] GC(170) Pause Young (Allocation Failure)
[84.222s][info][gc,heap        ] GC(170) PSYoungGen: 187968K(195072K)->64K(181760K) Eden: 187904K(187904K)->0K(181248K) From: 64K(7168K)->64K(512K)
[84.222s][info][gc,heap        ] GC(170) ParOldGen: 174196K(175104K)->174204K(175104K)
[84.222s][info][gc,metaspace   ] GC(170) Metaspace: 34987K(35712K)->34987K(35712K) NonClass: 25802K(26304K)->25802K(26304K) Class: 9185K(9408K)->9185K(9408K)
[84.222s][info][gc             ] GC(170) Pause Young (Allocation Failure) 353M->170M(348M) 1.865ms
[84.222s][info][gc,cpu         ] GC(170) User=0.01s Sys=0.00s Real=0.00s
[84.423s][info][gc,start       ] GC(171) Pause Young (Allocation Failure)
[84.424s][info][gc,heap        ] GC(171) PSYoungGen: 181312K(181760K)->64K(181248K) Eden: 181248K(181248K)->0K(175104K) From: 64K(512K)->64K(6144K)
[84.424s][info][gc,heap        ] GC(171) ParOldGen: 174204K(175104K)->174212K(175104K)
[84.424s][info][gc,metaspace   ] GC(171) Metaspace: 34987K(35712K)->34987K(35712K) NonClass: 25802K(26304K)->25802K(26304K) Class: 9185K(9408K)->9185K(9408K)
[84.424s][info][gc             ] GC(171) Pause Young (Allocation Failure) 347M->170M(348M) 1.083ms
[84.424s][info][gc,cpu         ] GC(171) User=0.00s Sys=0.00s Real=0.00s
[84.749s][info][gc,start       ] GC(172) Pause Young (Allocation Failure)
[84.769s][info][gc,heap        ] GC(172) PSYoungGen: 175168K(181248K)->6144K(216576K) Eden: 175104K(175104K)->0K(210432K) From: 64K(6144K)->6144K(6144K)
[84.769s][info][gc,heap        ] GC(172) ParOldGen: 174212K(175104K)->175636K(176128K)
[84.769s][info][gc,metaspace   ] GC(172) Metaspace: 34987K(35712K)->34987K(35712K) NonClass: 25802K(26304K)->25802K(26304K) Class: 9185K(9408K)->9185K(9408K)
[84.769s][info][gc             ] GC(172) Pause Young (Allocation Failure) 341M->177M(383M) 20.595ms
[84.769s][info][gc,cpu         ] GC(172) User=0.04s Sys=0.00s Real=0.02s
[85.072s][info][gc,start       ] GC(173) Pause Young (Allocation Failure)
[85.123s][info][gc,heap        ] GC(173) PSYoungGen: 216576K(216576K)->8192K(252928K) Eden: 210432K(210432K)->0K(244736K) From: 6144K(6144K)->8192K(8192K)
[85.123s][info][gc,heap        ] GC(173) ParOldGen: 175636K(176128K)->191364K(191488K)
[85.123s][info][gc,metaspace   ] GC(173) Metaspace: 34987K(35712K)->34987K(35712K) NonClass: 25802K(26304K)->25802K(26304K) Class: 9185K(9408K)->9185K(9408K)
[85.123s][info][gc             ] GC(173) Pause Young (Allocation Failure) 383M->194M(434M) 51.754ms
[85.123s][info][gc,cpu         ] GC(173) User=0.09s Sys=0.00s Real=0.06s
[85.463s][info][gc,start       ] GC(174) Pause Young (Allocation Failure)
[85.537s][info][gc,heap        ] GC(174) PSYoungGen: 252928K(252928K)->15872K(261120K) Eden: 244736K(244736K)->0K(245248K) From: 8192K(8192K)->15872K(15872K)
[85.537s][info][gc,heap        ] GC(174) ParOldGen: 191364K(191488K)->203676K(203776K)
[85.537s][info][gc,metaspace   ] GC(174) Metaspace: 34987K(35712K)->34987K(35712K) NonClass: 25802K(26304K)->25802K(26304K) Class: 9185K(9408K)->9185K(9408K)
[85.538s][info][gc             ] GC(174) Pause Young (Allocation Failure) 433M->214M(454M) 74.534ms
[85.538s][info][gc,cpu         ] GC(174) User=0.11s Sys=0.02s Real=0.08s
[85.648s][info][gc,start       ] GC(175) Pause Young (Allocation Failure)
[85.659s][info][gc,heap        ] GC(175) PSYoungGen: 261120K(261120K)->3456K(268800K) Eden: 245248K(245248K)->0K(245248K) From: 15872K(15872K)->3456K(23552K)
[85.659s][info][gc,heap        ] GC(175) ParOldGen: 203676K(203776K)->204012K(204288K)
[85.659s][info][gc,metaspace   ] GC(175) Metaspace: 34987K(35712K)->34987K(35712K) NonClass: 25802K(26304K)->25802K(26304K) Class: 9185K(9408K)->9185K(9408K)
[85.659s][info][gc             ] GC(175) Pause Young (Allocation Failure) 453M->202M(462M) 10.699ms
[85.659s][info][gc,cpu         ] GC(175) User=0.02s Sys=0.01s Real=0.01s
[86.120s][info][gc,start       ] GC(176) Pause Young (Allocation Failure)
[86.122s][info][gc,heap        ] GC(176) PSYoungGen: 248704K(268800K)->64K(307200K) Eden: 245248K(245248K)->0K(287744K) From: 3456K(23552K)->64K(19456K)
[86.122s][info][gc,heap        ] GC(176) ParOldGen: 204012K(204288K)->204020K(204288K)
[86.122s][info][gc,metaspace   ] GC(176) Metaspace: 34987K(35712K)->34987K(35712K) NonClass: 25802K(26304K)->25802K(26304K) Class: 9185K(9408K)->9185K(9408K)
[86.122s][info][gc             ] GC(176) Pause Young (Allocation Failure) 442M->199M(499M) 1.234ms
[86.122s][info][gc,cpu         ] GC(176) User=0.00s Sys=0.00s Real=0.00s
[86.790s][info][gc,start       ] GC(177) Pause Young (Allocation Failure)
[86.791s][info][gc,heap        ] GC(177) PSYoungGen: 287808K(307200K)->64K(309248K) Eden: 287744K(287744K)->0K(287744K) From: 64K(19456K)->64K(21504K)
[86.791s][info][gc,heap        ] GC(177) ParOldGen: 204020K(204288K)->204028K(204288K)
[86.791s][info][gc,metaspace   ] GC(177) Metaspace: 34987K(35712K)->34987K(35712K) NonClass: 25802K(26304K)->25802K(26304K) Class: 9185K(9408K)->9185K(9408K)
[86.791s][info][gc             ] GC(177) Pause Young (Allocation Failure) 480M->199M(501M) 1.139ms
[86.791s][info][gc,cpu         ] GC(177) User=0.00s Sys=0.00s Real=0.00s
[87.327s][info][gc,start       ] GC(178) Pause Young (Allocation Failure)
[87.328s][info][gc,heap        ] GC(178) PSYoungGen: 287808K(309248K)->64K(309760K) Eden: 287744K(287744K)->0K(291328K) From: 64K(21504K)->64K(18432K)
[87.328s][info][gc,heap        ] GC(178) ParOldGen: 204028K(204288K)->204044K(204288K)
[87.328s][info][gc,metaspace   ] GC(178) Metaspace: 34987K(35712K)->34987K(35712K) NonClass: 25802K(26304K)->25802K(26304K) Class: 9185K(9408K)->9185K(9408K)
[87.328s][info][gc             ] GC(178) Pause Young (Allocation Failure) 480M->199M(502M) 1.217ms
[87.328s][info][gc,cpu         ] GC(178) User=0.00s Sys=0.00s Real=0.00s
[87.591s][info][gc,start       ] GC(179) Pause Young (Allocation Failure)
[87.592s][info][gc,heap        ] GC(179) PSYoungGen: 291392K(309760K)->64K(311296K) Eden: 291328K(291328K)->0K(291328K) From: 64K(18432K)->64K(19968K)
[87.592s][info][gc,heap        ] GC(179) ParOldGen: 204044K(204288K)->204060K(204288K)
[87.592s][info][gc,metaspace   ] GC(179) Metaspace: 34987K(35712K)->34987K(35712K) NonClass: 25802K(26304K)->25802K(26304K) Class: 9185K(9408K)->9185K(9408K)
[87.592s][info][gc             ] GC(179) Pause Young (Allocation Failure) 483M->199M(503M) 1.261ms
[87.592s][info][gc,cpu         ] GC(179) User=0.00s Sys=0.00s Real=0.00s
[87.854s][info][gc,start       ] GC(180) Pause Young (Allocation Failure)
[87.855s][info][gc,heap        ] GC(180) PSYoungGen: 291392K(311296K)->64K(311296K) Eden: 291328K(291328K)->0K(294400K) From: 64K(19968K)->64K(16896K)
[87.855s][info][gc,heap        ] GC(180) ParOldGen: 204060K(204288K)->204060K(204288K)
[87.855s][info][gc,metaspace   ] GC(180) Metaspace: 34987K(35712K)->34987K(35712K) NonClass: 25802K(26304K)->25802K(26304K) Class: 9185K(9408K)->9185K(9408K)
[87.855s][info][gc             ] GC(180) Pause Young (Allocation Failure) 483M->199M(503M) 1.146ms
[87.855s][info][gc,cpu         ] GC(180) User=0.01s Sys=0.00s Real=0.00s
[88.163s][info][gc,start       ] GC(181) Pause Young (Allocation Failure)
[88.164s][info][gc,heap        ] GC(181) PSYoungGen: 294464K(311296K)->64K(312832K) Eden: 294400K(294400K)->0K(294400K) From: 64K(16896K)->64K(18432K)
[88.164s][info][gc,heap        ] GC(181) ParOldGen: 204060K(204288K)->204060K(204288K)
[88.164s][info][gc,metaspace   ] GC(181) Metaspace: 34987K(35712K)->34987K(35712K) NonClass: 25802K(26304K)->25802K(26304K) Class: 9185K(9408K)->9185K(9408K)
[88.164s][info][gc             ] GC(181) Pause Young (Allocation Failure) 486M->199M(505M) 1.120ms
[88.164s][info][gc,cpu         ] GC(181) User=0.00s Sys=0.00s Real=0.01s
[88.221s][info][gc,start       ] GC(182) Pause Young (Allocation Failure)
[88.222s][info][gc,heap        ] GC(182) PSYoungGen: 294464K(312832K)->64K(312832K) Eden: 294400K(294400K)->0K(297984K) From: 64K(18432K)->64K(14848K)
[88.222s][info][gc,heap        ] GC(182) ParOldGen: 204060K(204288K)->204076K(204288K)
[88.222s][info][gc,metaspace   ] GC(182) Metaspace: 34987K(35712K)->34987K(35712K) NonClass: 25802K(26304K)->25802K(26304K) Class: 9185K(9408K)->9185K(9408K)
[88.222s][info][gc             ] GC(182) Pause Young (Allocation Failure) 486M->199M(505M) 1.180ms
[88.222s][info][gc,cpu         ] GC(182) User=0.00s Sys=0.00s Real=0.00s
[88.367s][info][gc,start       ] GC(183) Pause Young (Allocation Failure)
[88.369s][info][gc,heap        ] GC(183) PSYoungGen: 298048K(312832K)->64K(314368K) Eden: 297984K(297984K)->0K(297984K) From: 64K(14848K)->64K(16384K)
[88.369s][info][gc,heap        ] GC(183) ParOldGen: 204076K(204288K)->204076K(204288K)
[88.369s][info][gc,metaspace   ] GC(183) Metaspace: 34987K(35712K)->34987K(35712K) NonClass: 25802K(26304K)->25802K(26304K) Class: 9185K(9408K)->9185K(9408K)
[88.369s][info][gc             ] GC(183) Pause Young (Allocation Failure) 490M->199M(506M) 1.864ms
[88.369s][info][gc,cpu         ] GC(183) User=0.01s Sys=0.00s Real=0.00s
[88.689s][info][gc,start       ] GC(184) Pause Young (Allocation Failure)
[88.691s][info][gc,heap        ] GC(184) PSYoungGen: 298048K(314368K)->32K(314880K) Eden: 297984K(297984K)->0K(301568K) From: 64K(16384K)->32K(13312K)
[88.691s][info][gc,heap        ] GC(184) ParOldGen: 204076K(204288K)->204092K(204288K)
[88.691s][info][gc,metaspace   ] GC(184) Metaspace: 34987K(35712K)->34987K(35712K) NonClass: 25802K(26304K)->25802K(26304K) Class: 9185K(9408K)->9185K(9408K)
[88.691s][info][gc             ] GC(184) Pause Young (Allocation Failure) 490M->199M(507M) 2.643ms
[88.691s][info][gc,cpu         ] GC(184) User=0.00s Sys=0.00s Real=0.00s
[88.887s][info][gc,start       ] GC(185) Pause Young (Allocation Failure)
[88.889s][info][gc,heap        ] GC(185) PSYoungGen: 301600K(314880K)->64K(316416K) Eden: 301568K(301568K)->0K(301568K) From: 32K(13312K)->64K(14848K)
[88.889s][info][gc,heap        ] GC(185) ParOldGen: 204092K(204288K)->204092K(204288K)
[88.889s][info][gc,metaspace   ] GC(185) Metaspace: 34987K(35712K)->34987K(35712K) NonClass: 25802K(26304K)->25802K(26304K) Class: 9185K(9408K)->9185K(9408K)
[88.889s][info][gc             ] GC(185) Pause Young (Allocation Failure) 493M->199M(508M) 1.906ms
[88.889s][info][gc,cpu         ] GC(185) User=0.00s Sys=0.00s Real=0.00s
[88.979s][info][gc,start       ] GC(186) Pause Young (Allocation Failure)
[88.981s][info][gc,heap        ] GC(186) PSYoungGen: 301632K(316416K)->32K(317440K) Eden: 301568K(301568K)->0K(305152K) From: 64K(14848K)->32K(12288K)
[88.981s][info][gc,heap        ] GC(186) ParOldGen: 204092K(204288K)->204108K(204288K)
[88.981s][info][gc,metaspace   ] GC(186) Metaspace: 34987K(35712K)->34987K(35712K) NonClass: 25802K(26304K)->25802K(26304K) Class: 9185K(9408K)->9185K(9408K)
[88.981s][info][gc             ] GC(186) Pause Young (Allocation Failure) 493M->199M(509M) 1.973ms
[88.981s][info][gc,cpu         ] GC(186) User=0.00s Sys=0.00s Real=0.00s
[89.221s][info][gc,start       ] GC(187) Pause Young (Allocation Failure)
[89.223s][info][gc,heap        ] GC(187) PSYoungGen: 305184K(317440K)->64K(318464K) Eden: 305152K(305152K)->0K(305152K) From: 32K(12288K)->64K(13312K)
[89.223s][info][gc,heap        ] GC(187) ParOldGen: 204108K(204288K)->204108K(204288K)
[89.223s][info][gc,metaspace   ] GC(187) Metaspace: 34987K(35712K)->34987K(35712K) NonClass: 25802K(26304K)->25802K(26304K) Class: 9185K(9408K)->9185K(9408K)
[89.223s][info][gc             ] GC(187) Pause Young (Allocation Failure) 497M->199M(510M) 1.961ms
[89.223s][info][gc,cpu         ] GC(187) User=0.01s Sys=0.00s Real=0.00s
[90.254s][info][gc,start       ] GC(188) Pause Young (Allocation Failure)
[90.255s][info][gc,heap        ] GC(188) PSYoungGen: 305216K(318464K)->83K(293376K) Eden: 305152K(305152K)->0K(292864K) From: 64K(13312K)->83K(512K)
[90.255s][info][gc,heap        ] GC(188) ParOldGen: 204108K(204288K)->204116K(204288K)
[90.255s][info][gc,metaspace   ] GC(188) Metaspace: 34987K(35712K)->34987K(35712K) NonClass: 25802K(26304K)->25802K(26304K) Class: 9185K(9408K)->9185K(9408K)
[90.255s][info][gc             ] GC(188) Pause Young (Allocation Failure) 497M->199M(486M) 1.130ms
[90.255s][info][gc,cpu         ] GC(188) User=0.00s Sys=0.00s Real=0.00s
[91.267s][info][gc,start       ] GC(189) Pause Young (Allocation Failure)
[91.268s][info][gc,heap        ] GC(189) PSYoungGen: 292947K(293376K)->64K(292864K) Eden: 292864K(292864K)->0K(281088K) From: 83K(512K)->64K(11776K)
[91.268s][info][gc,heap        ] GC(189) ParOldGen: 204116K(204288K)->204124K(204288K)
[91.268s][info][gc,metaspace   ] GC(189) Metaspace: 34987K(35712K)->34987K(35712K) NonClass: 25802K(26304K)->25802K(26304K) Class: 9185K(9408K)->9185K(9408K)
[91.268s][info][gc             ] GC(189) Pause Young (Allocation Failure) 485M->199M(485M) 1.075ms
[91.268s][info][gc,cpu         ] GC(189) User=0.00s Sys=0.00s Real=0.00s
[91.773s][info][gc,start       ] GC(190) Pause Young (Allocation Failure)
[91.776s][info][gc,heap        ] GC(190) PSYoungGen: 281152K(292864K)->64K(270336K) Eden: 281088K(281088K)->0K(269824K) From: 64K(11776K)->64K(512K)
[91.776s][info][gc,heap        ] GC(190) ParOldGen: 204124K(204288K)->204140K(204288K)
[91.776s][info][gc,metaspace   ] GC(190) Metaspace: 34987K(35712K)->34987K(35712K) NonClass: 25802K(26304K)->25802K(26304K) Class: 9185K(9408K)->9185K(9408K)
[91.776s][info][gc             ] GC(190) Pause Young (Allocation Failure) 473M->199M(463M) 2.149ms
[91.776s][info][gc,cpu         ] GC(190) User=0.00s Sys=0.00s Real=0.00s
[93.050s][info][gc,start       ] GC(191) Pause Young (Allocation Failure)
[93.051s][info][gc,heap        ] GC(191) PSYoungGen: 269888K(270336K)->64K(269312K) Eden: 269824K(269824K)->0K(259072K) From: 64K(512K)->64K(10240K)
[93.051s][info][gc,heap        ] GC(191) ParOldGen: 204140K(204288K)->204156K(204288K)
[93.051s][info][gc,metaspace   ] GC(191) Metaspace: 34988K(35712K)->34988K(35712K) NonClass: 25803K(26304K)->25803K(26304K) Class: 9185K(9408K)->9185K(9408K)
[93.051s][info][gc             ] GC(191) Pause Young (Allocation Failure) 462M->199M(462M) 1.927ms
[93.051s][info][gc,cpu         ] GC(191) User=0.00s Sys=0.00s Real=0.00s
[93.555s][info][gc,start       ] GC(192) Pause Young (Allocation Failure)
[93.557s][info][gc,heap        ] GC(192) PSYoungGen: 259136K(269312K)->64K(249344K) Eden: 259072K(259072K)->0K(248832K) From: 64K(10240K)->64K(512K)
[93.557s][info][gc,heap        ] GC(192) ParOldGen: 204156K(204288K)->204164K(204288K)
[93.557s][info][gc,metaspace   ] GC(192) Metaspace: 34988K(35712K)->34988K(35712K) NonClass: 25803K(26304K)->25803K(26304K) Class: 9185K(9408K)->9185K(9408K)
[93.557s][info][gc             ] GC(192) Pause Young (Allocation Failure) 452M->199M(443M) 1.756ms
[93.557s][info][gc,cpu         ] GC(192) User=0.00s Sys=0.00s Real=0.00s
[93.802s][info][gc,start       ] GC(193) Pause Young (Allocation Failure)
[93.804s][info][gc,heap        ] GC(193) PSYoungGen: 248896K(249344K)->64K(247808K) Eden: 248832K(248832K)->0K(239104K) From: 64K(512K)->64K(8704K)
[93.804s][info][gc,heap        ] GC(193) ParOldGen: 204164K(204288K)->204172K(204288K)
[93.804s][info][gc,metaspace   ] GC(193) Metaspace: 34988K(35712K)->34988K(35712K) NonClass: 25803K(26304K)->25803K(26304K) Class: 9185K(9408K)->9185K(9408K)
[93.804s][info][gc             ] GC(193) Pause Young (Allocation Failure) 442M->199M(441M) 1.391ms
[93.804s][info][gc,cpu         ] GC(193) User=0.00s Sys=0.00s Real=0.01s
[93.893s][info][gc,start       ] GC(194) Pause Young (Allocation Failure)
[93.896s][info][gc,heap        ] GC(194) PSYoungGen: 239168K(247808K)->64K(230400K) Eden: 239104K(239104K)->0K(229888K) From: 64K(8704K)->64K(512K)
[93.896s][info][gc,heap        ] GC(194) ParOldGen: 204172K(204288K)->204180K(204288K)
[93.896s][info][gc,metaspace   ] GC(194) Metaspace: 34988K(35712K)->34988K(35712K) NonClass: 25803K(26304K)->25803K(26304K) Class: 9185K(9408K)->9185K(9408K)
[93.896s][info][gc             ] GC(194) Pause Young (Allocation Failure) 432M->199M(424M) 2.635ms
[93.896s][info][gc,cpu         ] GC(194) User=0.00s Sys=0.00s Real=0.00s
[94.512s][info][gc,start       ] GC(195) Pause Young (Allocation Failure)
[94.514s][info][gc,heap        ] GC(195) PSYoungGen: 229952K(230400K)->64K(228864K) Eden: 229888K(229888K)->0K(221184K) From: 64K(512K)->64K(7680K)
[94.514s][info][gc,heap        ] GC(195) ParOldGen: 204180K(204288K)->204188K(204288K)
[94.514s][info][gc,metaspace   ] GC(195) Metaspace: 34988K(35712K)->34988K(35712K) NonClass: 25803K(26304K)->25803K(26304K) Class: 9185K(9408K)->9185K(9408K)
[94.514s][info][gc             ] GC(195) Pause Young (Allocation Failure) 423M->199M(423M) 1.923ms
[94.514s][info][gc,cpu         ] GC(195) User=0.00s Sys=0.00s Real=0.01s
[94.956s][info][gc,start       ] GC(196) Pause Young (Allocation Failure)
[94.958s][info][gc,heap        ] GC(196) PSYoungGen: 221248K(228864K)->64K(213504K) Eden: 221184K(221184K)->0K(212992K) From: 64K(7680K)->64K(512K)
[94.958s][info][gc,heap        ] GC(196) ParOldGen: 204188K(204288K)->204196K(204288K)
[94.958s][info][gc,metaspace   ] GC(196) Metaspace: 34988K(35712K)->34988K(35712K) NonClass: 25803K(26304K)->25803K(26304K) Class: 9185K(9408K)->9185K(9408K)
[94.958s][info][gc             ] GC(196) Pause Young (Allocation Failure) 415M->199M(408M) 2.161ms
[94.958s][info][gc,cpu         ] GC(196) User=0.00s Sys=0.00s Real=0.00s
[95.338s][info][gc,start       ] GC(197) Pause Young (Allocation Failure)
[95.369s][info][gc,heap        ] GC(197) PSYoungGen: 213056K(213504K)->6656K(262656K) Eden: 212992K(212992K)->0K(256000K) From: 64K(512K)->6656K(6656K)
[95.370s][info][gc,heap        ] GC(197) ParOldGen: 204196K(204288K)->207020K(207360K)
[95.370s][info][gc,metaspace   ] GC(197) Metaspace: 34988K(35712K)->34988K(35712K) NonClass: 25803K(26304K)->25803K(26304K) Class: 9185K(9408K)->9185K(9408K)
[95.370s][info][gc             ] GC(197) Pause Young (Allocation Failure) 407M->208M(459M) 31.189ms
[95.370s][info][gc,cpu         ] GC(197) User=0.03s Sys=0.00s Real=0.03s
[95.803s][info][gc,start       ] GC(198) Pause Young (Allocation Failure)
[95.875s][info][gc,heap        ] GC(198) PSYoungGen: 262656K(262656K)->6656K(268800K) Eden: 256000K(256000K)->0K(262144K) From: 6656K(6656K)->6656K(6656K)
[95.875s][info][gc,heap        ] GC(198) ParOldGen: 207020K(207360K)->229492K(229888K)
[95.875s][info][gc,metaspace   ] GC(198) Metaspace: 34988K(35712K)->34988K(35712K) NonClass: 25803K(26304K)->25803K(26304K) Class: 9185K(9408K)->9185K(9408K)
[95.875s][info][gc             ] GC(198) Pause Young (Allocation Failure) 458M->230M(487M) 72.932ms
[95.876s][info][gc,cpu         ] GC(198) User=0.12s Sys=0.02s Real=0.08s
[96.335s][info][gc,start       ] GC(199) Pause Young (Allocation Failure)
[96.389s][info][gc,heap        ] GC(199) PSYoungGen: 268800K(268800K)->18944K(281088K) Eden: 262144K(262144K)->0K(262144K) From: 6656K(6656K)->18944K(18944K)
[96.389s][info][gc,heap        ] GC(199) ParOldGen: 229492K(229888K)->235252K(235520K)
[96.390s][info][gc,metaspace   ] GC(199) Metaspace: 34988K(35712K)->34988K(35712K) NonClass: 25803K(26304K)->25803K(26304K) Class: 9185K(9408K)->9185K(9408K)
[96.390s][info][gc             ] GC(199) Pause Young (Allocation Failure) 486M->248M(504M) 54.367ms
[96.390s][info][gc,cpu         ] GC(199) User=0.10s Sys=0.01s Real=0.05s
[96.537s][info][gc,start       ] GC(200) Pause Young (Allocation Failure)
[96.541s][info][gc,heap        ] GC(200) PSYoungGen: 281088K(281088K)->32K(309760K) Eden: 262144K(262144K)->0K(284672K) From: 18944K(18944K)->32K(25088K)
[96.541s][info][gc,heap        ] GC(200) ParOldGen: 235252K(235520K)->235396K(235520K)
[96.541s][info][gc,metaspace   ] GC(200) Metaspace: 34988K(35712K)->34988K(35712K) NonClass: 25803K(26304K)->25803K(26304K) Class: 9185K(9408K)->9185K(9408K)
[96.541s][info][gc             ] GC(200) Pause Young (Allocation Failure) 504M->229M(532M) 3.869ms
[96.541s][info][gc,cpu         ] GC(200) User=0.00s Sys=0.00s Real=0.00s
[97.646s][info][gc,start       ] GC(201) Pause Young (Allocation Failure)
[97.648s][info][gc,heap        ] GC(201) PSYoungGen: 284704K(309760K)->64K(285184K) Eden: 284672K(284672K)->0K(284672K) From: 32K(25088K)->64K(512K)
[97.648s][info][gc,heap        ] GC(201) ParOldGen: 235396K(235520K)->235404K(235520K)
[97.648s][info][gc,metaspace   ] GC(201) Metaspace: 34988K(35712K)->34988K(35712K) NonClass: 25803K(26304K)->25803K(26304K) Class: 9185K(9408K)->9185K(9408K)
[97.648s][info][gc             ] GC(201) Pause Young (Allocation Failure) 507M->229M(508M) 1.187ms
[97.648s][info][gc,cpu         ] GC(201) User=0.00s Sys=0.00s Real=0.00s
[98.116s][info][gc,start       ] GC(202) Pause Young (Allocation Failure)
[98.118s][info][gc,heap        ] GC(202) PSYoungGen: 284736K(285184K)->64K(308224K) Eden: 284672K(284672K)->0K(285184K) From: 64K(512K)->64K(23040K)
[98.118s][info][gc,heap        ] GC(202) ParOldGen: 235404K(235520K)->235420K(235520K)
[98.118s][info][gc,metaspace   ] GC(202) Metaspace: 34988K(35712K)->34988K(35712K) NonClass: 25803K(26304K)->25803K(26304K) Class: 9185K(9408K)->9185K(9408K)
[98.118s][info][gc             ] GC(202) Pause Young (Allocation Failure) 507M->229M(531M) 2.180ms
[98.118s][info][gc,cpu         ] GC(202) User=0.01s Sys=0.00s Real=0.00s
[98.584s][info][gc,start       ] GC(203) Pause Young (Allocation Failure)
[98.586s][info][gc,heap        ] GC(203) PSYoungGen: 285248K(308224K)->64K(307712K) Eden: 285184K(285184K)->0K(285184K) From: 64K(23040K)->64K(22528K)
[98.586s][info][gc,heap        ] GC(203) ParOldGen: 235420K(235520K)->235436K(235520K)
[98.586s][info][gc,metaspace   ] GC(203) Metaspace: 34988K(35712K)->34988K(35712K) NonClass: 25803K(26304K)->25803K(26304K) Class: 9185K(9408K)->9185K(9408K)
[98.586s][info][gc             ] GC(203) Pause Young (Allocation Failure) 508M->229M(530M) 2.140ms
[98.586s][info][gc,cpu         ] GC(203) User=0.00s Sys=0.00s Real=0.00s
[98.840s][info][gc,start       ] GC(204) Pause Young (Allocation Failure)
[98.842s][info][gc,heap        ] GC(204) PSYoungGen: 285248K(307712K)->32K(310272K) Eden: 285184K(285184K)->0K(289280K) From: 64K(22528K)->32K(20992K)
[98.842s][info][gc,heap        ] GC(204) ParOldGen: 235436K(235520K)->235452K(235520K)
[98.842s][info][gc,metaspace   ] GC(204) Metaspace: 34988K(35712K)->34988K(35712K) NonClass: 25803K(26304K)->25803K(26304K) Class: 9185K(9408K)->9185K(9408K)
[98.842s][info][gc             ] GC(204) Pause Young (Allocation Failure) 508M->229M(533M) 2.167ms
[98.842s][info][gc,cpu         ] GC(204) User=0.01s Sys=0.00s Real=0.00s
[99.245s][info][gc,start       ] GC(205) Pause Young (Allocation Failure)
[99.247s][info][gc,heap        ] GC(205) PSYoungGen: 289312K(310272K)->64K(309760K) Eden: 289280K(289280K)->0K(289280K) From: 32K(20992K)->64K(20480K)
[99.247s][info][gc,heap        ] GC(205) ParOldGen: 235452K(235520K)->235452K(235520K)
[99.247s][info][gc,metaspace   ] GC(205) Metaspace: 34988K(35712K)->34988K(35712K) NonClass: 25803K(26304K)->25803K(26304K) Class: 9185K(9408K)->9185K(9408K)
[99.248s][info][gc             ] GC(205) Pause Young (Allocation Failure) 512M->229M(532M) 2.349ms
[99.248s][info][gc,cpu         ] GC(205) User=0.00s Sys=0.00s Real=0.00s
[99.321s][info][gc,start       ] GC(206) Pause Young (Allocation Failure)
[99.322s][info][gc,heap        ] GC(206) PSYoungGen: 289344K(309760K)->64K(312320K) Eden: 289280K(289280K)->0K(293376K) From: 64K(20480K)->64K(18944K)
[99.322s][info][gc,heap        ] GC(206) ParOldGen: 235452K(235520K)->235460K(235520K)
[99.322s][info][gc,metaspace   ] GC(206) Metaspace: 34988K(35712K)->34988K(35712K) NonClass: 25803K(26304K)->25803K(26304K) Class: 9185K(9408K)->9185K(9408K)
[99.322s][info][gc             ] GC(206) Pause Young (Allocation Failure) 512M->230M(535M) 1.146ms
[99.322s][info][gc,cpu         ] GC(206) User=0.01s Sys=0.00s Real=0.00s
[99.377s][info][gc,start       ] GC(207) Pause Young (Allocation Failure)
[99.378s][info][gc,heap        ] GC(207) PSYoungGen: 293440K(312320K)->64K(311808K) Eden: 293376K(293376K)->0K(293376K) From: 64K(18944K)->64K(18432K)
[99.378s][info][gc,heap        ] GC(207) ParOldGen: 235460K(235520K)->235476K(235520K)
[99.378s][info][gc,metaspace   ] GC(207) Metaspace: 34988K(35712K)->34988K(35712K) NonClass: 25803K(26304K)->25803K(26304K) Class: 9185K(9408K)->9185K(9408K)
[99.378s][info][gc             ] GC(207) Pause Young (Allocation Failure) 516M->230M(534M) 1.103ms
[99.378s][info][gc,cpu         ] GC(207) User=0.00s Sys=0.00s Real=0.00s
[99.616s][info][gc,start       ] GC(208) Pause Young (Allocation Failure)
[99.617s][info][gc,heap        ] GC(208) PSYoungGen: 293440K(311808K)->64K(314368K) Eden: 293376K(293376K)->0K(297472K) From: 64K(18432K)->64K(16896K)
[99.617s][info][gc,heap        ] GC(208) ParOldGen: 235476K(235520K)->235476K(235520K)
[99.617s][info][gc,metaspace   ] GC(208) Metaspace: 34988K(35712K)->34988K(35712K) NonClass: 25803K(26304K)->25803K(26304K) Class: 9185K(9408K)->9185K(9408K)
[99.617s][info][gc             ] GC(208) Pause Young (Allocation Failure) 516M->230M(537M) 1.217ms
[99.617s][info][gc,cpu         ] GC(208) User=0.01s Sys=0.00s Real=0.00s
[99.911s][info][gc,start       ] GC(209) Pause Young (Allocation Failure)
[99.912s][info][gc,heap        ] GC(209) PSYoungGen: 297536K(314368K)->64K(313856K) Eden: 297472K(297472K)->0K(297472K) From: 64K(16896K)->64K(16384K)
[99.912s][info][gc,heap        ] GC(209) ParOldGen: 235476K(235520K)->235484K(235520K)
[99.912s][info][gc,metaspace   ] GC(209) Metaspace: 34988K(35712K)->34988K(35712K) NonClass: 25803K(26304K)->25803K(26304K) Class: 9185K(9408K)->9185K(9408K)
[99.912s][info][gc             ] GC(209) Pause Young (Allocation Failure) 520M->230M(536M) 1.202ms
[99.912s][info][gc,cpu         ] GC(209) User=0.00s Sys=0.00s Real=0.00s
[100.044s][info][gc,start       ] GC(210) Pause Young (Allocation Failure)
[100.045s][info][gc,heap        ] GC(210) PSYoungGen: 297536K(313856K)->64K(316416K) Eden: 297472K(297472K)->0K(301568K) From: 64K(16384K)->64K(14848K)
[100.045s][info][gc,heap        ] GC(210) ParOldGen: 235484K(235520K)->235492K(235520K)
[100.045s][info][gc,metaspace   ] GC(210) Metaspace: 34988K(35712K)->34988K(35712K) NonClass: 25803K(26304K)->25803K(26304K) Class: 9185K(9408K)->9185K(9408K)
[100.045s][info][gc             ] GC(210) Pause Young (Allocation Failure) 520M->230M(539M) 1.270ms
[100.045s][info][gc,cpu         ] GC(210) User=0.00s Sys=0.00s Real=0.00s
[100.190s][info][gc,start       ] GC(211) Pause Young (Allocation Failure)
[100.192s][info][gc,heap        ] GC(211) PSYoungGen: 301632K(316416K)->64K(289792K) Eden: 301568K(301568K)->0K(289280K) From: 64K(14848K)->64K(512K)
[100.192s][info][gc,heap        ] GC(211) ParOldGen: 235492K(235520K)->235500K(235520K)
[100.192s][info][gc,metaspace   ] GC(211) Metaspace: 34988K(35712K)->34988K(35712K) NonClass: 25803K(26304K)->25803K(26304K) Class: 9185K(9408K)->9185K(9408K)
[100.192s][info][gc             ] GC(211) Pause Young (Allocation Failure) 524M->230M(513M) 1.307ms
[100.192s][info][gc,cpu         ] GC(211) User=0.01s Sys=0.00s Real=0.00s
[100.517s][info][gc,start       ] GC(212) Pause Young (Allocation Failure)
[100.519s][info][gc,heap        ] GC(212) PSYoungGen: 289344K(289792K)->64K(278016K) Eden: 289280K(289280K)->0K(277504K) From: 64K(512K)->64K(512K)
[100.519s][info][gc,heap        ] GC(212) ParOldGen: 235500K(235520K)->235508K(235520K)
[100.519s][info][gc,metaspace   ] GC(212) Metaspace: 34988K(35712K)->34988K(35712K) NonClass: 25803K(26304K)->25803K(26304K) Class: 9185K(9408K)->9185K(9408K)
[100.519s][info][gc             ] GC(212) Pause Young (Allocation Failure) 512M->230M(501M) 2.296ms
[100.519s][info][gc,cpu         ] GC(212) User=0.00s Sys=0.00s Real=0.00s
[101.374s][info][gc,start       ] GC(213) Pause Young (Allocation Failure)
[101.376s][info][gc,heap        ] GC(213) PSYoungGen: 277568K(278016K)->64K(279552K) Eden: 277504K(277504K)->0K(266752K) From: 64K(512K)->64K(12800K)
[101.376s][info][gc,heap        ] GC(213) ParOldGen: 235508K(235520K)->235516K(235520K)
[101.376s][info][gc,metaspace   ] GC(213) Metaspace: 34988K(35712K)->34988K(35712K) NonClass: 25803K(26304K)->25803K(26304K) Class: 9185K(9408K)->9185K(9408K)
[101.376s][info][gc             ] GC(213) Pause Young (Allocation Failure) 501M->230M(503M) 2.061ms
[101.376s][info][gc,cpu         ] GC(213) User=0.01s Sys=0.00s Real=0.00s
[102.379s][info][gc,start       ] GC(214) Pause Young (Allocation Failure)
[102.381s][info][gc,heap        ] GC(214) PSYoungGen: 266816K(279552K)->64K(257024K) Eden: 266752K(266752K)->0K(256512K) From: 64K(12800K)->64K(512K)
[102.381s][info][gc,heap        ] GC(214) ParOldGen: 235516K(235520K)->235524K(236032K)
[102.381s][info][gc,metaspace   ] GC(214) Metaspace: 34988K(35712K)->34988K(35712K) NonClass: 25803K(26304K)->25803K(26304K) Class: 9185K(9408K)->9185K(9408K)
[102.381s][info][gc             ] GC(214) Pause Young (Allocation Failure) 490M->230M(481M) 2.363ms
[102.381s][info][gc,cpu         ] GC(214) User=0.00s Sys=0.00s Real=0.00s
[102.831s][info][gc,start       ] GC(215) Pause Young (Allocation Failure)
[102.832s][info][gc,heap        ] GC(215) PSYoungGen: 256576K(257024K)->64K(258048K) Eden: 256512K(256512K)->0K(246784K) From: 64K(512K)->64K(11264K)
[102.832s][info][gc,heap        ] GC(215) ParOldGen: 235524K(236032K)->235532K(236032K)
[102.832s][info][gc,metaspace   ] GC(215) Metaspace: 34997K(35712K)->34997K(35712K) NonClass: 25812K(26304K)->25812K(26304K) Class: 9185K(9408K)->9185K(9408K)
[102.832s][info][gc             ] GC(215) Pause Young (Allocation Failure) 480M->230M(482M) 1.345ms
[102.832s][info][gc,cpu         ] GC(215) User=0.00s Sys=0.00s Real=0.00s
[104.037s][info][gc,start       ] GC(216) Pause Young (Allocation Failure)
[104.039s][info][gc,heap        ] GC(216) PSYoungGen: 246848K(258048K)->64K(237568K) Eden: 246784K(246784K)->0K(237056K) From: 64K(11264K)->64K(512K)
[104.039s][info][gc,heap        ] GC(216) ParOldGen: 235532K(236032K)->235540K(236032K)
[104.039s][info][gc,metaspace   ] GC(216) Metaspace: 35000K(35712K)->35000K(35712K) NonClass: 25815K(26304K)->25815K(26304K) Class: 9185K(9408K)->9185K(9408K)
[104.039s][info][gc             ] GC(216) Pause Young (Allocation Failure) 471M->230M(462M) 1.940ms
[104.039s][info][gc,cpu         ] GC(216) User=0.01s Sys=0.00s Real=0.00s
[104.337s][info][gc,start       ] GC(217) Pause Young (Allocation Failure)
[104.338s][info][gc,heap        ] GC(217) PSYoungGen: 237120K(237568K)->64K(237568K) Eden: 237056K(237056K)->0K(227840K) From: 64K(512K)->64K(9728K)
[104.338s][info][gc,heap        ] GC(217) ParOldGen: 235540K(236032K)->235548K(236032K)
[104.338s][info][gc,metaspace   ] GC(217) Metaspace: 35000K(35712K)->35000K(35712K) NonClass: 25815K(26304K)->25815K(26304K) Class: 9185K(9408K)->9185K(9408K)
[104.338s][info][gc             ] GC(217) Pause Young (Allocation Failure) 461M->230M(462M) 1.287ms
[104.338s][info][gc,cpu         ] GC(217) User=0.00s Sys=0.00s Real=0.00s
[104.795s][info][gc,start       ] GC(218) Pause Young (Allocation Failure)
[104.798s][info][gc,heap        ] GC(218) PSYoungGen: 227904K(237568K)->32K(219648K) Eden: 227840K(227840K)->0K(219136K) From: 64K(9728K)->32K(512K)
[104.798s][info][gc,heap        ] GC(218) ParOldGen: 235548K(236032K)->235556K(236032K)
[104.798s][info][gc,metaspace   ] GC(218) Metaspace: 35000K(35712K)->35000K(35712K) NonClass: 25815K(26304K)->25815K(26304K) Class: 9185K(9408K)->9185K(9408K)
[104.798s][info][gc             ] GC(218) Pause Young (Allocation Failure) 452M->230M(445M) 3.384ms
[104.798s][info][gc,cpu         ] GC(218) User=0.01s Sys=0.00s Real=0.00s
[104.861s][info][gc,start       ] GC(219) Pause Young (Allocation Failure)
[104.863s][info][gc,heap        ] GC(219) PSYoungGen: 219168K(219648K)->64K(265216K) Eden: 219136K(219136K)->0K(256512K) From: 32K(512K)->64K(8704K)
[104.863s][info][gc,heap        ] GC(219) ParOldGen: 235556K(236032K)->235564K(236032K)
[104.863s][info][gc,metaspace   ] GC(219) Metaspace: 35000K(35712K)->35000K(35712K) NonClass: 25815K(26304K)->25815K(26304K) Class: 9185K(9408K)->9185K(9408K)
[104.863s][info][gc             ] GC(219) Pause Young (Allocation Failure) 444M->230M(489M) 2.016ms
[104.863s][info][gc,cpu         ] GC(219) User=0.00s Sys=0.00s Real=0.01s
[105.361s][info][gc,start       ] GC(220) Pause Young (Allocation Failure)
[105.362s][info][gc,heap        ] GC(220) PSYoungGen: 256576K(265216K)->64K(247296K) Eden: 256512K(256512K)->0K(246784K) From: 64K(8704K)->64K(512K)
[105.362s][info][gc,heap        ] GC(220) ParOldGen: 235564K(236032K)->235572K(236032K)
[105.362s][info][gc,metaspace   ] GC(220) Metaspace: 35000K(35712K)->35000K(35712K) NonClass: 25815K(26304K)->25815K(26304K) Class: 9185K(9408K)->9185K(9408K)
[105.362s][info][gc             ] GC(220) Pause Young (Allocation Failure) 480M->230M(472M) 1.495ms
[105.362s][info][gc,cpu         ] GC(220) User=0.00s Sys=0.00s Real=0.00s
[105.747s][info][gc,start       ] GC(221) Pause Young (Allocation Failure)
[105.748s][info][gc,heap        ] GC(221) PSYoungGen: 246848K(247296K)->64K(244224K) Eden: 246784K(246784K)->0K(237056K) From: 64K(512K)->64K(7168K)
[105.748s][info][gc,heap        ] GC(221) ParOldGen: 235572K(236032K)->235580K(236032K)
[105.748s][info][gc,metaspace   ] GC(221) Metaspace: 35000K(35712K)->35000K(35712K) NonClass: 25815K(26304K)->25815K(26304K) Class: 9185K(9408K)->9185K(9408K)
[105.748s][info][gc             ] GC(221) Pause Young (Allocation Failure) 471M->230M(469M) 1.199ms
[105.748s][info][gc,cpu         ] GC(221) User=0.00s Sys=0.00s Real=0.00s
[106.171s][info][gc,start       ] GC(222) Pause Young (Allocation Failure)
[106.190s][info][gc,heap        ] GC(222) PSYoungGen: 237120K(244224K)->6656K(261632K) Eden: 237056K(237056K)->0K(254976K) From: 64K(7168K)->6656K(6656K)
[106.190s][info][gc,heap        ] GC(222) ParOldGen: 235580K(236032K)->238980K(239104K)
[106.190s][info][gc,metaspace   ] GC(222) Metaspace: 35000K(35712K)->35000K(35712K) NonClass: 25815K(26304K)->25815K(26304K) Class: 9185K(9408K)->9185K(9408K)
[106.190s][info][gc             ] GC(222) Pause Young (Allocation Failure) 461M->239M(489M) 18.366ms
[106.190s][info][gc,cpu         ] GC(222) User=0.04s Sys=0.00s Real=0.02s
[106.526s][info][gc,start       ] GC(223) Pause Young (Allocation Failure)
[106.588s][info][gc,heap        ] GC(223) PSYoungGen: 261632K(261632K)->9728K(264704K) Eden: 254976K(254976K)->0K(254976K) From: 6656K(6656K)->9728K(9728K)
[106.588s][info][gc,heap        ] GC(223) ParOldGen: 238980K(239104K)->258284K(258560K)
[106.588s][info][gc,metaspace   ] GC(223) Metaspace: 35000K(35712K)->35000K(35712K) NonClass: 25815K(26304K)->25815K(26304K) Class: 9185K(9408K)->9185K(9408K)
[106.588s][info][gc             ] GC(223) Pause Young (Allocation Failure) 488M->261M(511M) 62.135ms
[106.588s][info][gc,cpu         ] GC(223) User=0.11s Sys=0.01s Real=0.06s
[106.880s][info][gc,start       ] GC(224) Pause Young (Allocation Failure)
[106.937s][info][gc,heap        ] GC(224) PSYoungGen: 264704K(264704K)->18944K(302592K) Eden: 254976K(254976K)->0K(283648K) From: 9728K(9728K)->18944K(18944K)
[106.937s][info][gc,heap        ] GC(224) ParOldGen: 258284K(258560K)->263500K(263680K)
[106.937s][info][gc,metaspace   ] GC(224) Metaspace: 35000K(35712K)->35000K(35712K) NonClass: 25815K(26304K)->25815K(26304K) Class: 9185K(9408K)->9185K(9408K)
[106.937s][info][gc             ] GC(224) Pause Young (Allocation Failure) 510M->275M(553M) 57.141ms
[106.937s][info][gc,cpu         ] GC(224) User=0.10s Sys=0.01s Real=0.06s
[107.100s][info][gc,start       ] GC(225) Pause Young (Allocation Failure)
[107.103s][info][gc,heap        ] GC(225) PSYoungGen: 302592K(302592K)->64K(308736K) Eden: 283648K(283648K)->0K(283648K) From: 18944K(18944K)->64K(25088K)
[107.103s][info][gc,heap        ] GC(225) ParOldGen: 263500K(263680K)->263636K(263680K)
[107.103s][info][gc,metaspace   ] GC(225) Metaspace: 35000K(35712K)->35000K(35712K) NonClass: 25815K(26304K)->25815K(26304K) Class: 9185K(9408K)->9185K(9408K)
[107.103s][info][gc             ] GC(225) Pause Young (Allocation Failure) 552M->257M(559M) 2.823ms
[107.103s][info][gc,cpu         ] GC(225) User=0.00s Sys=0.00s Real=0.00s
[107.874s][info][gc,start       ] GC(226) Pause Young (Allocation Failure)
[107.875s][info][gc,heap        ] GC(226) PSYoungGen: 283712K(308736K)->64K(306688K) Eden: 283648K(283648K)->0K(284672K) From: 64K(25088K)->64K(22016K)
[107.875s][info][gc,heap        ] GC(226) ParOldGen: 263636K(263680K)->263652K(263680K)
[107.875s][info][gc,metaspace   ] GC(226) Metaspace: 35000K(35712K)->35000K(35712K) NonClass: 25815K(26304K)->25815K(26304K) Class: 9185K(9408K)->9185K(9408K)
[107.875s][info][gc             ] GC(226) Pause Young (Allocation Failure) 534M->257M(557M) 1.521ms
[107.875s][info][gc,cpu         ] GC(226) User=0.00s Sys=0.00s Real=0.00s
[108.399s][info][gc,start       ] GC(227) Pause Young (Allocation Failure)
[108.401s][info][gc,heap        ] GC(227) PSYoungGen: 284736K(306688K)->32K(308224K) Eden: 284672K(284672K)->0K(284672K) From: 64K(22016K)->32K(23552K)
[108.401s][info][gc,heap        ] GC(227) ParOldGen: 263652K(263680K)->263652K(263680K)
[108.401s][info][gc,metaspace   ] GC(227) Metaspace: 35000K(35712K)->35000K(35712K) NonClass: 25815K(26304K)->25815K(26304K) Class: 9185K(9408K)->9185K(9408K)
[108.401s][info][gc             ] GC(227) Pause Young (Allocation Failure) 535M->257M(558M) 1.921ms
[108.401s][info][gc,cpu         ] GC(227) User=0.01s Sys=0.00s Real=0.00s
[108.754s][info][gc,start       ] GC(228) Pause Young (Allocation Failure)
[108.757s][info][gc,heap        ] GC(228) PSYoungGen: 284704K(308224K)->64K(307712K) Eden: 284672K(284672K)->0K(287744K) From: 32K(23552K)->64K(19968K)
[108.757s][info][gc,heap        ] GC(228) ParOldGen: 263652K(263680K)->263668K(263680K)
[108.757s][info][gc,metaspace   ] GC(228) Metaspace: 35000K(35712K)->35000K(35712K) NonClass: 25815K(26304K)->25815K(26304K) Class: 9185K(9408K)->9185K(9408K)
[108.757s][info][gc             ] GC(228) Pause Young (Allocation Failure) 535M->257M(558M) 2.419ms
[108.757s][info][gc,cpu         ] GC(228) User=0.01s Sys=0.00s Real=0.00s
[109.023s][info][gc,start       ] GC(229) Pause Young (Allocation Failure)
[109.025s][info][gc,heap        ] GC(229) PSYoungGen: 287808K(307712K)->32K(309248K) Eden: 287744K(287744K)->0K(287744K) From: 64K(19968K)->32K(21504K)
[109.025s][info][gc,heap        ] GC(229) ParOldGen: 263668K(263680K)->263684K(264192K)
[109.025s][info][gc,metaspace   ] GC(229) Metaspace: 35000K(35712K)->35000K(35712K) NonClass: 25815K(26304K)->25815K(26304K) Class: 9185K(9408K)->9185K(9408K)
[109.025s][info][gc             ] GC(229) Pause Young (Allocation Failure) 538M->257M(560M) 2.178ms
[109.026s][info][gc,cpu         ] GC(229) User=0.00s Sys=0.00s Real=0.00s
[109.423s][info][gc,start       ] GC(230) Pause Young (Allocation Failure)
[109.425s][info][gc,heap        ] GC(230) PSYoungGen: 287776K(309248K)->64K(309760K) Eden: 287744K(287744K)->0K(291840K) From: 32K(21504K)->64K(17920K)
[109.425s][info][gc,heap        ] GC(230) ParOldGen: 263684K(264192K)->263684K(264192K)
[109.425s][info][gc,metaspace   ] GC(230) Metaspace: 35000K(35712K)->35000K(35712K) NonClass: 25815K(26304K)->25815K(26304K) Class: 9185K(9408K)->9185K(9408K)
[109.425s][info][gc             ] GC(230) Pause Young (Allocation Failure) 538M->257M(560M) 2.285ms
[109.425s][info][gc,cpu         ] GC(230) User=0.00s Sys=0.00s Real=0.00s
[109.486s][info][gc,start       ] GC(231) Pause Young (Allocation Failure)
[109.487s][info][gc,heap        ] GC(231) PSYoungGen: 291904K(309760K)->64K(311296K) Eden: 291840K(291840K)->0K(291840K) From: 64K(17920K)->64K(19456K)
[109.487s][info][gc,heap        ] GC(231) ParOldGen: 263684K(264192K)->263692K(264192K)
[109.487s][info][gc,metaspace   ] GC(231) Metaspace: 35000K(35712K)->35000K(35712K) NonClass: 25815K(26304K)->25815K(26304K) Class: 9185K(9408K)->9185K(9408K)
[109.487s][info][gc             ] GC(231) Pause Young (Allocation Failure) 542M->257M(562M) 1.541ms
[109.487s][info][gc,cpu         ] GC(231) User=0.00s Sys=0.00s Real=0.00s
[109.541s][info][gc,start       ] GC(232) Pause Young (Allocation Failure)
[109.543s][info][gc,heap        ] GC(232) PSYoungGen: 291904K(311296K)->64K(311808K) Eden: 291840K(291840K)->0K(295936K) From: 64K(19456K)->64K(15872K)
[109.543s][info][gc,heap        ] GC(232) ParOldGen: 263692K(264192K)->263708K(264192K)
[109.543s][info][gc,metaspace   ] GC(232) Metaspace: 35000K(35712K)->35000K(35712K) NonClass: 25815K(26304K)->25815K(26304K) Class: 9185K(9408K)->9185K(9408K)
[109.543s][info][gc             ] GC(232) Pause Young (Allocation Failure) 542M->257M(562M) 1.370ms
[109.543s][info][gc,cpu         ] GC(232) User=0.00s Sys=0.00s Real=0.00s
[109.810s][info][gc,start       ] GC(233) Pause Young (Allocation Failure)
[109.811s][info][gc,heap        ] GC(233) PSYoungGen: 295999K(311808K)->64K(313344K) Eden: 295935K(295936K)->0K(295936K) From: 64K(15872K)->64K(17408K)
[109.811s][info][gc,heap        ] GC(233) ParOldGen: 263708K(264192K)->263708K(264192K)
[109.811s][info][gc,metaspace   ] GC(233) Metaspace: 35000K(35712K)->35000K(35712K) NonClass: 25815K(26304K)->25815K(26304K) Class: 9185K(9408K)->9185K(9408K)
[109.811s][info][gc             ] GC(233) Pause Young (Allocation Failure) 546M->257M(564M) 1.367ms
[109.812s][info][gc,cpu         ] GC(233) User=0.00s Sys=0.00s Real=0.00s
[110.103s][info][gc,start       ] GC(234) Pause Young (Allocation Failure)
[110.105s][info][gc,heap        ] GC(234) PSYoungGen: 296000K(313344K)->64K(313856K) Eden: 295936K(295936K)->0K(300032K) From: 64K(17408K)->64K(13824K)
[110.105s][info][gc,heap        ] GC(234) ParOldGen: 263708K(264192K)->263716K(264192K)
[110.105s][info][gc,metaspace   ] GC(234) Metaspace: 35000K(35712K)->35000K(35712K) NonClass: 25815K(26304K)->25815K(26304K) Class: 9185K(9408K)->9185K(9408K)
[110.105s][info][gc             ] GC(234) Pause Young (Allocation Failure) 546M->257M(564M) 1.892ms
[110.105s][info][gc,cpu         ] GC(234) User=0.00s Sys=0.00s Real=0.00s
[110.237s][info][gc,start       ] GC(235) Pause Young (Allocation Failure)
[110.238s][info][gc,heap        ] GC(235) PSYoungGen: 300096K(313856K)->64K(315392K) Eden: 300032K(300032K)->0K(300032K) From: 64K(13824K)->64K(15360K)
[110.238s][info][gc,heap        ] GC(235) ParOldGen: 263716K(264192K)->263724K(264192K)
[110.238s][info][gc,metaspace   ] GC(235) Metaspace: 35000K(35712K)->35000K(35712K) NonClass: 25815K(26304K)->25815K(26304K) Class: 9185K(9408K)->9185K(9408K)
[110.238s][info][gc             ] GC(235) Pause Young (Allocation Failure) 550M->257M(566M) 1.347ms
[110.238s][info][gc,cpu         ] GC(235) User=0.00s Sys=0.00s Real=0.00s
[110.378s][info][gc,start       ] GC(236) Pause Young (Allocation Failure)
[110.379s][info][gc,heap        ] GC(236) PSYoungGen: 300096K(315392K)->64K(316928K) Eden: 300032K(300032K)->0K(304128K) From: 64K(15360K)->64K(12800K)
[110.379s][info][gc,heap        ] GC(236) ParOldGen: 263724K(264192K)->263732K(264192K)
[110.379s][info][gc,metaspace   ] GC(236) Metaspace: 35000K(35712K)->35000K(35712K) NonClass: 25815K(26304K)->25815K(26304K) Class: 9185K(9408K)->9185K(9408K)
[110.379s][info][gc             ] GC(236) Pause Young (Allocation Failure) 550M->257M(567M) 1.291ms
[110.379s][info][gc,cpu         ] GC(236) User=0.00s Sys=0.00s Real=0.00s
[110.813s][info][gc,start       ] GC(237) Pause Young (Allocation Failure)
[110.815s][info][gc,heap        ] GC(237) PSYoungGen: 304192K(316928K)->64K(292352K) Eden: 304128K(304128K)->0K(291840K) From: 64K(12800K)->64K(512K)
[110.815s][info][gc,heap        ] GC(237) ParOldGen: 263732K(264192K)->263740K(264192K)
[110.815s][info][gc,metaspace   ] GC(237) Metaspace: 35000K(35712K)->35000K(35712K) NonClass: 25815K(26304K)->25815K(26304K) Class: 9185K(9408K)->9185K(9408K)
[110.815s][info][gc             ] GC(237) Pause Young (Allocation Failure) 554M->257M(543M) 2.041ms
[110.815s][info][gc,cpu         ] GC(237) User=0.00s Sys=0.00s Real=0.01s
[111.545s][info][gc,start       ] GC(238) Pause Young (Allocation Failure)
[111.547s][info][gc,heap        ] GC(238) PSYoungGen: 291904K(292352K)->64K(280576K) Eden: 291840K(291840K)->0K(280064K) From: 64K(512K)->64K(512K)
[111.547s][info][gc,heap        ] GC(238) ParOldGen: 263740K(264192K)->263748K(264192K)
[111.547s][info][gc,metaspace   ] GC(238) Metaspace: 35000K(35712K)->35000K(35712K) NonClass: 25815K(26304K)->25815K(26304K) Class: 9185K(9408K)->9185K(9408K)
[111.547s][info][gc             ] GC(238) Pause Young (Allocation Failure) 542M->257M(532M) 1.572ms
[111.547s][info][gc,cpu         ] GC(238) User=0.00s Sys=0.00s Real=0.00s
[112.609s][info][gc,start       ] GC(239) Pause Young (Allocation Failure)
[112.610s][info][gc,heap        ] GC(239) PSYoungGen: 280128K(280576K)->64K(280576K) Eden: 280064K(280064K)->0K(268800K) From: 64K(512K)->64K(11776K)
[112.610s][info][gc,heap        ] GC(239) ParOldGen: 263748K(264192K)->263756K(264192K)
[112.610s][info][gc,metaspace   ] GC(239) Metaspace: 35000K(35712K)->35000K(35712K) NonClass: 25815K(26304K)->25815K(26304K) Class: 9185K(9408K)->9185K(9408K)
[112.610s][info][gc             ] GC(239) Pause Young (Allocation Failure) 531M->257M(532M) 1.223ms
[112.610s][info][gc,cpu         ] GC(239) User=0.00s Sys=0.00s Real=0.00s
[113.123s][info][gc,start       ] GC(240) Pause Young (Allocation Failure)
[113.125s][info][gc,heap        ] GC(240) PSYoungGen: 268864K(280576K)->64K(258560K) Eden: 268800K(268800K)->0K(258048K) From: 64K(11776K)->64K(512K)
[113.125s][info][gc,heap        ] GC(240) ParOldGen: 263756K(264192K)->263764K(264192K)
[113.125s][info][gc,metaspace   ] GC(240) Metaspace: 35000K(35712K)->35000K(35712K) NonClass: 25815K(26304K)->25815K(26304K) Class: 9185K(9408K)->9185K(9408K)
[113.125s][info][gc             ] GC(240) Pause Young (Allocation Failure) 520M->257M(510M) 1.909ms
[113.125s][info][gc,cpu         ] GC(240) User=0.01s Sys=0.00s Real=0.01s
[114.248s][info][gc,start       ] GC(241) Pause Young (Allocation Failure)
[114.250s][info][gc,heap        ] GC(241) PSYoungGen: 258112K(258560K)->64K(258048K) Eden: 258048K(258048K)->0K(247808K) From: 64K(512K)->64K(10240K)
[114.250s][info][gc,heap        ] GC(241) ParOldGen: 263764K(264192K)->263772K(264192K)
[114.250s][info][gc,metaspace   ] GC(241) Metaspace: 35000K(35712K)->35000K(35712K) NonClass: 25815K(26304K)->25815K(26304K) Class: 9185K(9408K)->9185K(9408K)
[114.250s][info][gc             ] GC(241) Pause Young (Allocation Failure) 509M->257M(510M) 1.841ms
[114.250s][info][gc,cpu         ] GC(241) User=0.00s Sys=0.01s Real=0.00s
[114.724s][info][gc,start       ] GC(242) Pause Young (Allocation Failure)
[114.726s][info][gc,heap        ] GC(242) PSYoungGen: 247872K(258048K)->64K(238592K) Eden: 247808K(247808K)->0K(238080K) From: 64K(10240K)->64K(512K)
[114.726s][info][gc,heap        ] GC(242) ParOldGen: 263772K(264192K)->263780K(264192K)
[114.726s][info][gc,metaspace   ] GC(242) Metaspace: 35000K(35712K)->35000K(35712K) NonClass: 25815K(26304K)->25815K(26304K) Class: 9185K(9408K)->9185K(9408K)
[114.726s][info][gc             ] GC(242) Pause Young (Allocation Failure) 499M->257M(491M) 1.784ms
[114.726s][info][gc,cpu         ] GC(242) User=0.00s Sys=0.00s Real=0.00s
[114.914s][info][gc,start       ] GC(243) Pause Young (Allocation Failure)
[114.916s][info][gc,heap        ] GC(243) PSYoungGen: 238144K(238592K)->64K(238080K) Eden: 238080K(238080K)->0K(228864K) From: 64K(512K)->64K(9216K)
[114.916s][info][gc,heap        ] GC(243) ParOldGen: 263780K(264192K)->263788K(264192K)
[114.916s][info][gc,metaspace   ] GC(243) Metaspace: 35000K(35712K)->35000K(35712K) NonClass: 25815K(26304K)->25815K(26304K) Class: 9185K(9408K)->9185K(9408K)
[114.916s][info][gc             ] GC(243) Pause Young (Allocation Failure) 490M->257M(490M) 2.041ms
[114.916s][info][gc,cpu         ] GC(243) User=0.00s Sys=0.00s Real=0.00s
[115.028s][info][gc,start       ] GC(244) Pause Young (Allocation Failure)
[115.030s][info][gc,heap        ] GC(244) PSYoungGen: 228928K(238080K)->32K(220672K) Eden: 228864K(228864K)->0K(220160K) From: 64K(9216K)->32K(512K)
[115.030s][info][gc,heap        ] GC(244) ParOldGen: 263788K(264192K)->263796K(264192K)
[115.030s][info][gc,metaspace   ] GC(244) Metaspace: 35000K(35712K)->35000K(35712K) NonClass: 25815K(26304K)->25815K(26304K) Class: 9185K(9408K)->9185K(9408K)
[115.030s][info][gc             ] GC(244) Pause Young (Allocation Failure) 481M->257M(473M) 2.397ms
[115.030s][info][gc,cpu         ] GC(244) User=0.00s Sys=0.00s Real=0.00s
[115.682s][info][gc,start       ] GC(245) Pause Young (Allocation Failure)
[115.684s][info][gc,heap        ] GC(245) PSYoungGen: 220192K(220672K)->64K(219648K) Eden: 220160K(220160K)->0K(211968K) From: 32K(512K)->64K(7680K)
[115.684s][info][gc,heap        ] GC(245) ParOldGen: 263796K(264192K)->263804K(264192K)
[115.684s][info][gc,metaspace   ] GC(245) Metaspace: 35000K(35712K)->35000K(35712K) NonClass: 25815K(26304K)->25815K(26304K) Class: 9185K(9408K)->9185K(9408K)
[115.684s][info][gc             ] GC(245) Pause Young (Allocation Failure) 472M->257M(472M) 1.774ms
[115.684s][info][gc,cpu         ] GC(245) User=0.00s Sys=0.00s Real=0.01s
[115.911s][info][gc,start       ] GC(246) Pause Young (Allocation Failure)
[115.914s][info][gc,heap        ] GC(246) PSYoungGen: 212032K(219648K)->64K(204800K) Eden: 211968K(211968K)->0K(204288K) From: 64K(7680K)->64K(512K)
[115.914s][info][gc,heap        ] GC(246) ParOldGen: 263804K(264192K)->263812K(264192K)
[115.914s][info][gc,metaspace   ] GC(246) Metaspace: 35000K(35712K)->35000K(35712K) NonClass: 25815K(26304K)->25815K(26304K) Class: 9185K(9408K)->9185K(9408K)
[115.914s][info][gc             ] GC(246) Pause Young (Allocation Failure) 464M->257M(458M) 2.815ms
[115.914s][info][gc,cpu         ] GC(246) User=0.00s Sys=0.00s Real=0.01s
[116.264s][info][gc,start       ] GC(247) Pause Young (Allocation Failure)
[116.291s][info][gc,heap        ] GC(247) PSYoungGen: 204352K(204800K)->6656K(251904K) Eden: 204288K(204288K)->0K(245248K) From: 64K(512K)->6656K(6656K)
[116.291s][info][gc,heap        ] GC(247) ParOldGen: 263812K(264192K)->268940K(269312K)
[116.291s][info][gc,metaspace   ] GC(247) Metaspace: 35000K(35712K)->35000K(35712K) NonClass: 25815K(26304K)->25815K(26304K) Class: 9185K(9408K)->9185K(9408K)
[116.291s][info][gc             ] GC(247) Pause Young (Allocation Failure) 457M->269M(509M) 27.175ms
[116.291s][info][gc,cpu         ] GC(247) User=0.04s Sys=0.01s Real=0.02s
[116.621s][info][gc,start       ] GC(248) Pause Young (Allocation Failure)
[116.682s][info][gc,heap        ] GC(248) PSYoungGen: 251904K(251904K)->6656K(252928K) Eden: 245248K(245248K)->0K(246272K) From: 6656K(6656K)->6656K(6656K)
[116.682s][info][gc,heap        ] GC(248) ParOldGen: 268940K(269312K)->290260K(290304K)
[116.682s][info][gc,metaspace   ] GC(248) Metaspace: 35000K(35712K)->35000K(35712K) NonClass: 25815K(26304K)->25815K(26304K) Class: 9185K(9408K)->9185K(9408K)
[116.682s][info][gc             ] GC(248) Pause Young (Allocation Failure) 508M->289M(530M) 60.526ms
[116.682s][info][gc,cpu         ] GC(248) User=0.11s Sys=0.01s Real=0.06s
[116.967s][info][gc,start       ] GC(249) Pause Young (Allocation Failure)
[117.013s][info][gc,heap        ] GC(249) PSYoungGen: 252928K(252928K)->19456K(265728K) Eden: 246272K(246272K)->0K(246272K) From: 6656K(6656K)->19456K(19456K)
[117.013s][info][gc,heap        ] GC(249) ParOldGen: 290260K(290304K)->294396K(294400K)
[117.013s][info][gc,metaspace   ] GC(249) Metaspace: 35000K(35712K)->35000K(35712K) NonClass: 25815K(26304K)->25815K(26304K) Class: 9185K(9408K)->9185K(9408K)
[117.013s][info][gc             ] GC(249) Pause Young (Allocation Failure) 530M->306M(547M) 45.743ms
[117.013s][info][gc,cpu         ] GC(249) User=0.08s Sys=0.01s Real=0.05s
[117.106s][info][gc,start       ] GC(250) Pause Young (Allocation Failure)
[117.109s][info][gc,heap        ] GC(250) PSYoungGen: 265728K(265728K)->64K(309760K) Eden: 246272K(246272K)->0K(284672K) From: 19456K(19456K)->64K(25088K)
[117.109s][info][gc,heap        ] GC(250) ParOldGen: 294396K(294400K)->294500K(294912K)
[117.109s][info][gc,metaspace   ] GC(250) Metaspace: 35000K(35712K)->35000K(35712K) NonClass: 25815K(26304K)->25815K(26304K) Class: 9185K(9408K)->9185K(9408K)
[117.109s][info][gc             ] GC(250) Pause Young (Allocation Failure) 546M->287M(590M) 2.581ms
[117.109s][info][gc,cpu         ] GC(250) User=0.01s Sys=0.00s Real=0.00s
[117.835s][info][gc,start       ] GC(251) Pause Young (Allocation Failure)
[117.837s][info][gc,heap        ] GC(251) PSYoungGen: 284736K(309760K)->64K(285184K) Eden: 284672K(284672K)->0K(284672K) From: 64K(25088K)->64K(512K)
[117.837s][info][gc,heap        ] GC(251) ParOldGen: 294500K(294912K)->294508K(294912K)
[117.837s][info][gc,metaspace   ] GC(251) Metaspace: 35000K(35712K)->35000K(35712K) NonClass: 25815K(26304K)->25815K(26304K) Class: 9185K(9408K)->9185K(9408K)
[117.837s][info][gc             ] GC(251) Pause Young (Allocation Failure) 565M->287M(566M) 1.508ms
[117.837s][info][gc,cpu         ] GC(251) User=0.00s Sys=0.00s Real=0.00s
[118.255s][info][gc,start       ] GC(252) Pause Young (Allocation Failure)
[118.256s][info][gc,heap        ] GC(252) PSYoungGen: 284736K(285184K)->64K(308224K) Eden: 284672K(284672K)->0K(285184K) From: 64K(512K)->64K(23040K)
[118.256s][info][gc,heap        ] GC(252) ParOldGen: 294508K(294912K)->294516K(294912K)
[118.256s][info][gc,metaspace   ] GC(252) Metaspace: 35000K(35712K)->35000K(35712K) NonClass: 25815K(26304K)->25815K(26304K) Class: 9185K(9408K)->9185K(9408K)
[118.256s][info][gc             ] GC(252) Pause Young (Allocation Failure) 565M->287M(589M) 1.445ms
[118.256s][info][gc,cpu         ] GC(252) User=0.00s Sys=0.00s Real=0.00s
[118.751s][info][gc,start       ] GC(253) Pause Young (Allocation Failure)
[118.752s][info][gc,heap        ] GC(253) PSYoungGen: 285248K(308224K)->64K(307712K) Eden: 285184K(285184K)->0K(285184K) From: 64K(23040K)->64K(22528K)
[118.752s][info][gc,heap        ] GC(253) ParOldGen: 294516K(294912K)->294532K(294912K)
[118.752s][info][gc,metaspace   ] GC(253) Metaspace: 35000K(35712K)->35000K(35712K) NonClass: 25815K(26304K)->25815K(26304K) Class: 9185K(9408K)->9185K(9408K)
[118.752s][info][gc             ] GC(253) Pause Young (Allocation Failure) 566M->287M(588M) 1.320ms
[118.752s][info][gc,cpu         ] GC(253) User=0.00s Sys=0.00s Real=0.00s
[118.995s][info][gc,start       ] GC(254) Pause Young (Allocation Failure)
[118.997s][info][gc,heap        ] GC(254) PSYoungGen: 285248K(307712K)->64K(310272K) Eden: 285184K(285184K)->0K(289280K) From: 64K(22528K)->64K(20992K)
[118.997s][info][gc,heap        ] GC(254) ParOldGen: 294532K(294912K)->294548K(294912K)
[118.997s][info][gc,metaspace   ] GC(254) Metaspace: 35000K(35712K)->35000K(35712K) NonClass: 25815K(26304K)->25815K(26304K) Class: 9185K(9408K)->9185K(9408K)
[118.997s][info][gc             ] GC(254) Pause Young (Allocation Failure) 566M->287M(591M) 1.429ms
[118.997s][info][gc,cpu         ] GC(254) User=0.00s Sys=0.00s Real=0.00s
[119.386s][info][gc,start       ] GC(255) Pause Young (Allocation Failure)
[119.387s][info][gc,heap        ] GC(255) PSYoungGen: 289344K(310272K)->64K(309760K) Eden: 289280K(289280K)->0K(289280K) From: 64K(20992K)->64K(20480K)
[119.387s][info][gc,heap        ] GC(255) ParOldGen: 294548K(294912K)->294548K(294912K)
[119.387s][info][gc,metaspace   ] GC(255) Metaspace: 35000K(35712K)->35000K(35712K) NonClass: 25815K(26304K)->25815K(26304K) Class: 9185K(9408K)->9185K(9408K)
[119.387s][info][gc             ] GC(255) Pause Young (Allocation Failure) 570M->287M(590M) 1.300ms
[119.387s][info][gc,cpu         ] GC(255) User=0.00s Sys=0.00s Real=0.00s
[119.481s][info][gc,start       ] GC(256) Pause Young (Allocation Failure)
[119.482s][info][gc,heap        ] GC(256) PSYoungGen: 289344K(309760K)->64K(312320K) Eden: 289280K(289280K)->0K(293376K) From: 64K(20480K)->64K(18944K)
[119.482s][info][gc,heap        ] GC(256) ParOldGen: 294548K(294912K)->294556K(294912K)
[119.482s][info][gc,metaspace   ] GC(256) Metaspace: 35000K(35712K)->35000K(35712K) NonClass: 25815K(26304K)->25815K(26304K) Class: 9185K(9408K)->9185K(9408K)
[119.482s][info][gc             ] GC(256) Pause Young (Allocation Failure) 570M->287M(593M) 1.417ms
[119.482s][info][gc,cpu         ] GC(256) User=0.00s Sys=0.00s Real=0.00s
[119.538s][info][gc,start       ] GC(257) Pause Young (Allocation Failure)
[119.540s][info][gc,heap        ] GC(257) PSYoungGen: 293440K(312320K)->64K(311808K) Eden: 293376K(293376K)->0K(293376K) From: 64K(18944K)->64K(18432K)
[119.540s][info][gc,heap        ] GC(257) ParOldGen: 294556K(294912K)->294572K(294912K)
[119.540s][info][gc,metaspace   ] GC(257) Metaspace: 35000K(35712K)->35000K(35712K) NonClass: 25815K(26304K)->25815K(26304K) Class: 9185K(9408K)->9185K(9408K)
[119.540s][info][gc             ] GC(257) Pause Young (Allocation Failure) 574M->287M(592M) 1.299ms
[119.540s][info][gc,cpu         ] GC(257) User=0.01s Sys=0.00s Real=0.00s
[119.775s][info][gc,start       ] GC(258) Pause Young (Allocation Failure)
[119.776s][info][gc,heap        ] GC(258) PSYoungGen: 293440K(311808K)->64K(314368K) Eden: 293376K(293376K)->0K(297472K) From: 64K(18432K)->64K(16896K)
[119.776s][info][gc,heap        ] GC(258) ParOldGen: 294572K(294912K)->294572K(294912K)
[119.776s][info][gc,metaspace   ] GC(258) Metaspace: 35000K(35712K)->35000K(35712K) NonClass: 25815K(26304K)->25815K(26304K) Class: 9185K(9408K)->9185K(9408K)
[119.776s][info][gc             ] GC(258) Pause Young (Allocation Failure) 574M->287M(595M) 1.338ms
[119.776s][info][gc,cpu         ] GC(258) User=0.00s Sys=0.00s Real=0.00s
[120.100s][info][gc,start       ] GC(259) Pause Young (Allocation Failure)
[120.101s][info][gc,heap        ] GC(259) PSYoungGen: 297536K(314368K)->64K(313856K) Eden: 297472K(297472K)->0K(297472K) From: 64K(16896K)->64K(16384K)
[120.101s][info][gc,heap        ] GC(259) ParOldGen: 294572K(294912K)->294580K(294912K)
[120.101s][info][gc,metaspace   ] GC(259) Metaspace: 35002K(35712K)->35002K(35712K) NonClass: 25817K(26304K)->25817K(26304K) Class: 9185K(9408K)->9185K(9408K)
[120.101s][info][gc             ] GC(259) Pause Young (Allocation Failure) 578M->287M(594M) 1.316ms
[120.101s][info][gc,cpu         ] GC(259) User=0.00s Sys=0.00s Real=0.00s
[120.246s][info][gc,start       ] GC(260) Pause Young (Allocation Failure)
[120.248s][info][gc,heap        ] GC(260) PSYoungGen: 297536K(313856K)->64K(316416K) Eden: 297472K(297472K)->0K(301568K) From: 64K(16384K)->64K(14848K)
[120.248s][info][gc,heap        ] GC(260) ParOldGen: 294580K(294912K)->294588K(294912K)
[120.248s][info][gc,metaspace   ] GC(260) Metaspace: 35002K(35712K)->35002K(35712K) NonClass: 25817K(26304K)->25817K(26304K) Class: 9185K(9408K)->9185K(9408K)
[120.248s][info][gc             ] GC(260) Pause Young (Allocation Failure) 578M->287M(597M) 1.306ms
[120.248s][info][gc,cpu         ] GC(260) User=0.00s Sys=0.00s Real=0.00s
[120.370s][info][gc,start       ] GC(261) Pause Young (Allocation Failure)
[120.372s][info][gc,heap        ] GC(261) PSYoungGen: 301632K(316416K)->64K(315904K) Eden: 301568K(301568K)->0K(301568K) From: 64K(14848K)->64K(14336K)
[120.372s][info][gc,heap        ] GC(261) ParOldGen: 294588K(294912K)->294596K(294912K)
[120.372s][info][gc,metaspace   ] GC(261) Metaspace: 35002K(35712K)->35002K(35712K) NonClass: 25817K(26304K)->25817K(26304K) Class: 9185K(9408K)->9185K(9408K)
[120.372s][info][gc             ] GC(261) Pause Young (Allocation Failure) 582M->287M(596M) 1.319ms
[120.372s][info][gc,cpu         ] GC(261) User=0.00s Sys=0.00s Real=0.00s
[120.664s][info][gc,start       ] GC(262) Pause Young (Allocation Failure)
[120.666s][info][gc,heap        ] GC(262) PSYoungGen: 301632K(315904K)->64K(289792K) Eden: 301568K(301568K)->0K(289280K) From: 64K(14336K)->64K(512K)
[120.666s][info][gc,heap        ] GC(262) ParOldGen: 294596K(294912K)->294604K(294912K)
[120.666s][info][gc,metaspace   ] GC(262) Metaspace: 35002K(35712K)->35002K(35712K) NonClass: 25817K(26304K)->25817K(26304K) Class: 9185K(9408K)->9185K(9408K)
[120.666s][info][gc             ] GC(262) Pause Young (Allocation Failure) 582M->287M(571M) 1.364ms
[120.666s][info][gc,cpu         ] GC(262) User=0.00s Sys=0.00s Real=0.00s
[121.557s][info][gc,start       ] GC(263) Pause Young (Allocation Failure)
[121.558s][info][gc,heap        ] GC(263) PSYoungGen: 289344K(289792K)->64K(290304K) Eden: 289280K(289280K)->0K(277504K) From: 64K(512K)->64K(12800K)
[121.558s][info][gc,heap        ] GC(263) ParOldGen: 294604K(294912K)->294612K(294912K)
[121.558s][info][gc,metaspace   ] GC(263) Metaspace: 35002K(35712K)->35002K(35712K) NonClass: 25817K(26304K)->25817K(26304K) Class: 9185K(9408K)->9185K(9408K)
[121.558s][info][gc             ] GC(263) Pause Young (Allocation Failure) 570M->287M(571M) 1.370ms
[121.558s][info][gc,cpu         ] GC(263) User=0.00s Sys=0.00s Real=0.00s
[122.540s][info][gc,start       ] GC(264) Pause Young (Allocation Failure)
[122.542s][info][gc,heap        ] GC(264) PSYoungGen: 277568K(290304K)->64K(267264K) Eden: 277504K(277504K)->0K(266752K) From: 64K(12800K)->64K(512K)
[122.542s][info][gc,heap        ] GC(264) ParOldGen: 294612K(294912K)->294620K(294912K)
[122.542s][info][gc,metaspace   ] GC(264) Metaspace: 35002K(35712K)->35002K(35712K) NonClass: 25817K(26304K)->25817K(26304K) Class: 9185K(9408K)->9185K(9408K)
[122.542s][info][gc             ] GC(264) Pause Young (Allocation Failure) 558M->287M(549M) 1.437ms
[122.542s][info][gc,cpu         ] GC(264) User=0.00s Sys=0.00s Real=0.00s
[123.020s][info][gc,start       ] GC(265) Pause Young (Allocation Failure)
[123.021s][info][gc,heap        ] GC(265) PSYoungGen: 266816K(267264K)->64K(267776K) Eden: 266752K(266752K)->0K(256512K) From: 64K(512K)->64K(11264K)
[123.021s][info][gc,heap        ] GC(265) ParOldGen: 294620K(294912K)->294628K(294912K)
[123.021s][info][gc,metaspace   ] GC(265) Metaspace: 35002K(35712K)->35002K(35712K) NonClass: 25817K(26304K)->25817K(26304K) Class: 9185K(9408K)->9185K(9408K)
[123.021s][info][gc             ] GC(265) Pause Young (Allocation Failure) 548M->287M(549M) 1.364ms
[123.021s][info][gc,cpu         ] GC(265) User=0.00s Sys=0.00s Real=0.00s
[124.147s][info][gc,start       ] GC(266) Pause Young (Allocation Failure)
[124.149s][info][gc,heap        ] GC(266) PSYoungGen: 256576K(267776K)->64K(247296K) Eden: 256512K(256512K)->0K(246784K) From: 64K(11264K)->64K(512K)
[124.149s][info][gc,heap        ] GC(266) ParOldGen: 294628K(294912K)->294636K(294912K)
[124.149s][info][gc,metaspace   ] GC(266) Metaspace: 35002K(35712K)->35002K(35712K) NonClass: 25817K(26304K)->25817K(26304K) Class: 9185K(9408K)->9185K(9408K)
[124.149s][info][gc             ] GC(266) Pause Young (Allocation Failure) 538M->287M(529M) 1.729ms
[124.149s][info][gc,cpu         ] GC(266) User=0.01s Sys=0.00s Real=0.00s
[124.615s][info][gc,start       ] GC(267) Pause Young (Allocation Failure)
[124.617s][info][gc,heap        ] GC(267) PSYoungGen: 246848K(247296K)->64K(246784K) Eden: 246784K(246784K)->0K(237056K) From: 64K(512K)->64K(9728K)
[124.618s][info][gc,heap        ] GC(267) ParOldGen: 294636K(294912K)->294652K(294912K)
[124.618s][info][gc,metaspace   ] GC(267) Metaspace: 35002K(35712K)->35002K(35712K) NonClass: 25817K(26304K)->25817K(26304K) Class: 9185K(9408K)->9185K(9408K)
[124.618s][info][gc             ] GC(267) Pause Young (Allocation Failure) 528M->287M(529M) 2.417ms
[124.618s][info][gc,cpu         ] GC(267) User=0.01s Sys=0.00s Real=0.00s
[124.824s][info][gc,start       ] GC(268) Pause Young (Allocation Failure)
[124.827s][info][gc,heap        ] GC(268) PSYoungGen: 237120K(246784K)->64K(228352K) Eden: 237056K(237056K)->0K(227840K) From: 64K(9728K)->64K(512K)
[124.827s][info][gc,heap        ] GC(268) ParOldGen: 294652K(294912K)->294668K(294912K)
[124.827s][info][gc,metaspace   ] GC(268) Metaspace: 35002K(35712K)->35002K(35712K) NonClass: 25817K(26304K)->25817K(26304K) Class: 9185K(9408K)->9185K(9408K)
[124.827s][info][gc             ] GC(268) Pause Young (Allocation Failure) 519M->287M(511M) 2.975ms
[124.827s][info][gc,cpu         ] GC(268) User=0.01s Sys=0.00s Real=0.00s
[124.917s][info][gc,start       ] GC(269) Pause Young (Allocation Failure)
[124.919s][info][gc,heap        ] GC(269) PSYoungGen: 227904K(228352K)->64K(227840K) Eden: 227840K(227840K)->0K(219136K) From: 64K(512K)->64K(8704K)
[124.919s][info][gc,heap        ] GC(269) ParOldGen: 294668K(294912K)->294684K(294912K)
[124.919s][info][gc,metaspace   ] GC(269) Metaspace: 35002K(35712K)->35002K(35712K) NonClass: 25817K(26304K)->25817K(26304K) Class: 9185K(9408K)->9185K(9408K)
[124.919s][info][gc             ] GC(269) Pause Young (Allocation Failure) 510M->287M(510M) 2.281ms
[124.919s][info][gc,cpu         ] GC(269) User=0.00s Sys=0.00s Real=0.00s
[125.498s][info][gc,start       ] GC(270) Pause Young (Allocation Failure)
[125.500s][info][gc,heap        ] GC(270) PSYoungGen: 219200K(227840K)->64K(211456K) Eden: 219136K(219136K)->0K(210944K) From: 64K(8704K)->64K(512K)
[125.500s][info][gc,heap        ] GC(270) ParOldGen: 294684K(294912K)->294692K(294912K)
[125.500s][info][gc,metaspace   ] GC(270) Metaspace: 35002K(35712K)->35002K(35712K) NonClass: 25817K(26304K)->25817K(26304K) Class: 9185K(9408K)->9185K(9408K)
[125.500s][info][gc             ] GC(270) Pause Young (Allocation Failure) 501M->287M(494M) 2.888ms
[125.500s][info][gc,cpu         ] GC(270) User=0.00s Sys=0.00s Real=0.00s
[125.772s][info][gc,start       ] GC(271) Pause Young (Allocation Failure)
[125.773s][info][gc,heap        ] GC(271) PSYoungGen: 211008K(211456K)->64K(210432K) Eden: 210944K(210944K)->0K(203264K) From: 64K(512K)->64K(7168K)
[125.773s][info][gc,heap        ] GC(271) ParOldGen: 294692K(294912K)->294700K(294912K)
[125.773s][info][gc,metaspace   ] GC(271) Metaspace: 35002K(35712K)->35002K(35712K) NonClass: 25817K(26304K)->25817K(26304K) Class: 9185K(9408K)->9185K(9408K)
[125.773s][info][gc             ] GC(271) Pause Young (Allocation Failure) 493M->287M(493M) 1.228ms
[125.773s][info][gc,cpu         ] GC(271) User=0.00s Sys=0.00s Real=0.00s
[126.135s][info][gc,start       ] GC(272) Pause Young (Allocation Failure)
[126.147s][info][gc,heap        ] GC(272) PSYoungGen: 203328K(210432K)->6656K(250880K) Eden: 203264K(203264K)->0K(244224K) From: 64K(7168K)->6656K(6656K)
[126.147s][info][gc,heap        ] GC(272) ParOldGen: 294700K(294912K)->295292K(295424K)
[126.147s][info][gc,metaspace   ] GC(272) Metaspace: 35002K(35712K)->35002K(35712K) NonClass: 25817K(26304K)->25817K(26304K) Class: 9185K(9408K)->9185K(9408K)
[126.147s][info][gc             ] GC(272) Pause Young (Allocation Failure) 486M->294M(533M) 12.232ms
[126.147s][info][gc,cpu         ] GC(272) User=0.03s Sys=0.00s Real=0.01s
[126.472s][info][gc,start       ] GC(273) Pause Young (Allocation Failure)
[126.530s][info][gc,heap        ] GC(273) PSYoungGen: 250880K(250880K)->8704K(273408K) Eden: 244224K(244224K)->0K(264704K) From: 6656K(6656K)->8704K(8704K)
[126.530s][info][gc,heap        ] GC(273) ParOldGen: 295292K(295424K)->314324K(314368K)
[126.530s][info][gc,metaspace   ] GC(273) Metaspace: 35002K(35712K)->35002K(35712K) NonClass: 25817K(26304K)->25817K(26304K) Class: 9185K(9408K)->9185K(9408K)
[126.530s][info][gc             ] GC(273) Pause Young (Allocation Failure) 533M->315M(574M) 57.745ms
[126.530s][info][gc,cpu         ] GC(273) User=0.10s Sys=0.02s Real=0.06s
[126.861s][info][gc,start       ] GC(274) Pause Young (Allocation Failure)
[126.929s][info][gc,heap        ] GC(274) PSYoungGen: 273408K(273408K)->17920K(301568K) Eden: 264704K(264704K)->0K(283648K) From: 8704K(8704K)->17920K(17920K)
[126.929s][info][gc,heap        ] GC(274) ParOldGen: 314324K(314368K)->324596K(324608K)
[126.929s][info][gc,metaspace   ] GC(274) Metaspace: 35002K(35712K)->35002K(35712K) NonClass: 25817K(26304K)->25817K(26304K) Class: 9185K(9408K)->9185K(9408K)
[126.929s][info][gc             ] GC(274) Pause Young (Allocation Failure) 573M->334M(611M) 67.983ms
[126.929s][info][gc,cpu         ] GC(274) User=0.11s Sys=0.02s Real=0.07s
[127.039s][info][gc,start       ] GC(275) Pause Young (Allocation Failure)
[127.044s][info][gc,heap        ] GC(275) PSYoungGen: 301568K(301568K)->32K(308736K) Eden: 283648K(283648K)->0K(283648K) From: 17920K(17920K)->32K(25088K)
[127.044s][info][gc,heap        ] GC(275) ParOldGen: 324596K(324608K)->324868K(325120K)
[127.044s][info][gc,metaspace   ] GC(275) Metaspace: 35002K(35712K)->35002K(35712K) NonClass: 25817K(26304K)->25817K(26304K) Class: 9185K(9408K)->9185K(9408K)
[127.044s][info][gc             ] GC(275) Pause Young (Allocation Failure) 611M->317M(619M) 4.540ms
[127.044s][info][gc,cpu         ] GC(275) User=0.01s Sys=0.00s Real=0.01s
[127.795s][info][gc,start       ] GC(276) Pause Young (Allocation Failure)
[127.796s][info][gc,heap        ] GC(276) PSYoungGen: 283680K(308736K)->64K(306176K) Eden: 283648K(283648K)->0K(284160K) From: 32K(25088K)->64K(22016K)
[127.797s][info][gc,heap        ] GC(276) ParOldGen: 324868K(325120K)->324876K(325120K)
[127.797s][info][gc,metaspace   ] GC(276) Metaspace: 35002K(35712K)->35002K(35712K) NonClass: 25817K(26304K)->25817K(26304K) Class: 9185K(9408K)->9185K(9408K)
[127.797s][info][gc             ] GC(276) Pause Young (Allocation Failure) 594M->317M(616M) 1.530ms
[127.797s][info][gc,cpu         ] GC(276) User=0.01s Sys=0.00s Real=0.00s
[128.204s][info][gc,start       ] GC(277) Pause Young (Allocation Failure)
[128.205s][info][gc,heap        ] GC(277) PSYoungGen: 284224K(306176K)->64K(307712K) Eden: 284160K(284160K)->0K(284160K) From: 64K(22016K)->64K(23552K)
[128.205s][info][gc,heap        ] GC(277) ParOldGen: 324876K(325120K)->324884K(325120K)
[128.205s][info][gc,metaspace   ] GC(277) Metaspace: 35002K(35712K)->35002K(35712K) NonClass: 25817K(26304K)->25817K(26304K) Class: 9185K(9408K)->9185K(9408K)
[128.205s][info][gc             ] GC(277) Pause Young (Allocation Failure) 594M->317M(618M) 1.563ms
[128.205s][info][gc,cpu         ] GC(277) User=0.00s Sys=0.00s Real=0.00s
[128.665s][info][gc,start       ] GC(278) Pause Young (Allocation Failure)
[128.666s][info][gc,heap        ] GC(278) PSYoungGen: 284224K(307712K)->64K(307712K) Eden: 284160K(284160K)->0K(287744K) From: 64K(23552K)->64K(19968K)
[128.666s][info][gc,heap        ] GC(278) ParOldGen: 324884K(325120K)->324900K(325120K)
[128.666s][info][gc,metaspace   ] GC(278) Metaspace: 35002K(35712K)->35002K(35712K) NonClass: 25817K(26304K)->25817K(26304K) Class: 9185K(9408K)->9185K(9408K)
[128.666s][info][gc             ] GC(278) Pause Young (Allocation Failure) 594M->317M(618M) 1.421ms
[128.666s][info][gc,cpu         ] GC(278) User=0.00s Sys=0.00s Real=0.00s
[128.915s][info][gc,start       ] GC(279) Pause Young (Allocation Failure)
[128.916s][info][gc,heap        ] GC(279) PSYoungGen: 287808K(307712K)->64K(309248K) Eden: 287744K(287744K)->0K(287744K) From: 64K(19968K)->64K(21504K)
[128.916s][info][gc,heap        ] GC(279) ParOldGen: 324900K(325120K)->324916K(325120K)
[128.916s][info][gc,metaspace   ] GC(279) Metaspace: 35002K(35712K)->35002K(35712K) NonClass: 25817K(26304K)->25817K(26304K) Class: 9185K(9408K)->9185K(9408K)
[128.916s][info][gc             ] GC(279) Pause Young (Allocation Failure) 598M->317M(619M) 1.393ms
[128.916s][info][gc,cpu         ] GC(279) User=0.00s Sys=0.00s Real=0.00s
[129.306s][info][gc,start       ] GC(280) Pause Young (Allocation Failure)
[129.307s][info][gc,heap        ] GC(280) PSYoungGen: 287808K(309248K)->64K(309760K) Eden: 287744K(287744K)->0K(291840K) From: 64K(21504K)->64K(17920K)
[129.307s][info][gc,heap        ] GC(280) ParOldGen: 324916K(325120K)->324916K(325120K)
[129.307s][info][gc,metaspace   ] GC(280) Metaspace: 35002K(35712K)->35002K(35712K) NonClass: 25817K(26304K)->25817K(26304K) Class: 9185K(9408K)->9185K(9408K)
[129.307s][info][gc             ] GC(280) Pause Young (Allocation Failure) 598M->317M(620M) 1.360ms
[129.307s][info][gc,cpu         ] GC(280) User=0.00s Sys=0.00s Real=0.00s
[129.392s][info][gc,start       ] GC(281) Pause Young (Allocation Failure)
[129.393s][info][gc,heap        ] GC(281) PSYoungGen: 291904K(309760K)->64K(311296K) Eden: 291840K(291840K)->0K(291840K) From: 64K(17920K)->64K(19456K)
[129.393s][info][gc,heap        ] GC(281) ParOldGen: 324916K(325120K)->324924K(325120K)
[129.393s][info][gc,metaspace   ] GC(281) Metaspace: 35002K(35712K)->35002K(35712K) NonClass: 25817K(26304K)->25817K(26304K) Class: 9185K(9408K)->9185K(9408K)
[129.393s][info][gc             ] GC(281) Pause Young (Allocation Failure) 602M->317M(621M) 1.352ms
[129.393s][info][gc,cpu         ] GC(281) User=0.00s Sys=0.00s Real=0.00s
[129.445s][info][gc,start       ] GC(282) Pause Young (Allocation Failure)
[129.446s][info][gc,heap        ] GC(282) PSYoungGen: 291904K(311296K)->64K(311808K) Eden: 291840K(291840K)->0K(295936K) From: 64K(19456K)->64K(15872K)
[129.446s][info][gc,heap        ] GC(282) ParOldGen: 324924K(325120K)->324940K(325120K)
[129.446s][info][gc,metaspace   ] GC(282) Metaspace: 35002K(35712K)->35002K(35712K) NonClass: 25817K(26304K)->25817K(26304K) Class: 9185K(9408K)->9185K(9408K)
[129.446s][info][gc             ] GC(282) Pause Young (Allocation Failure) 602M->317M(622M) 1.300ms
[129.446s][info][gc,cpu         ] GC(282) User=0.00s Sys=0.00s Real=0.00s
[129.705s][info][gc,start       ] GC(283) Pause Young (Allocation Failure)
[129.706s][info][gc,heap        ] GC(283) PSYoungGen: 296000K(311808K)->64K(313344K) Eden: 295936K(295936K)->0K(295936K) From: 64K(15872K)->64K(17408K)
[129.706s][info][gc,heap        ] GC(283) ParOldGen: 324940K(325120K)->324940K(325120K)
[129.706s][info][gc,metaspace   ] GC(283) Metaspace: 35002K(35712K)->35002K(35712K) NonClass: 25817K(26304K)->25817K(26304K) Class: 9185K(9408K)->9185K(9408K)
[129.706s][info][gc             ] GC(283) Pause Young (Allocation Failure) 606M->317M(623M) 1.460ms
[129.707s][info][gc,cpu         ] GC(283) User=0.00s Sys=0.00s Real=0.00s
[130.019s][info][gc,start       ] GC(284) Pause Young (Allocation Failure)
[130.021s][info][gc,heap        ] GC(284) PSYoungGen: 296000K(313344K)->64K(314880K) Eden: 295936K(295936K)->0K(300032K) From: 64K(17408K)->64K(14848K)
[130.021s][info][gc,heap        ] GC(284) ParOldGen: 324940K(325120K)->324948K(325120K)
[130.021s][info][gc,metaspace   ] GC(284) Metaspace: 35002K(35712K)->35002K(35712K) NonClass: 25817K(26304K)->25817K(26304K) Class: 9185K(9408K)->9185K(9408K)
[130.021s][info][gc             ] GC(284) Pause Young (Allocation Failure) 606M->317M(625M) 1.563ms
[130.021s][info][gc,cpu         ] GC(284) User=0.00s Sys=0.00s Real=0.00s
[130.164s][info][gc,start       ] GC(285) Pause Young (Allocation Failure)
[130.165s][info][gc,heap        ] GC(285) PSYoungGen: 300096K(314880K)->64K(315904K) Eden: 300032K(300032K)->0K(300032K) From: 64K(14848K)->64K(15872K)
[130.165s][info][gc,heap        ] GC(285) ParOldGen: 324948K(325120K)->324956K(325120K)
[130.165s][info][gc,metaspace   ] GC(285) Metaspace: 35002K(35712K)->35002K(35712K) NonClass: 25817K(26304K)->25817K(26304K) Class: 9185K(9408K)->9185K(9408K)
[130.165s][info][gc             ] GC(285) Pause Young (Allocation Failure) 610M->317M(626M) 1.416ms
[130.165s][info][gc,cpu         ] GC(285) User=0.01s Sys=0.00s Real=0.00s
[130.292s][info][gc,start       ] GC(286) Pause Young (Allocation Failure)
[130.293s][info][gc,heap        ] GC(286) PSYoungGen: 300096K(315904K)->64K(315904K) Eden: 300032K(300032K)->0K(303104K) From: 64K(15872K)->64K(12800K)
[130.293s][info][gc,heap        ] GC(286) ParOldGen: 324956K(325120K)->324964K(325120K)
[130.293s][info][gc,metaspace   ] GC(286) Metaspace: 35002K(35712K)->35002K(35712K) NonClass: 25817K(26304K)->25817K(26304K) Class: 9185K(9408K)->9185K(9408K)
[130.293s][info][gc             ] GC(286) Pause Young (Allocation Failure) 610M->317M(626M) 1.405ms
[130.293s][info][gc,cpu         ] GC(286) User=0.00s Sys=0.00s Real=0.00s
[130.711s][info][gc,start       ] GC(287) Pause Young (Allocation Failure)
[130.713s][info][gc,heap        ] GC(287) PSYoungGen: 303168K(315904K)->64K(291328K) Eden: 303104K(303104K)->0K(290816K) From: 64K(12800K)->64K(512K)
[130.713s][info][gc,heap        ] GC(287) ParOldGen: 324964K(325120K)->324972K(325120K)
[130.713s][info][gc,metaspace   ] GC(287) Metaspace: 35002K(35712K)->35002K(35712K) NonClass: 25817K(26304K)->25817K(26304K) Class: 9185K(9408K)->9185K(9408K)
[130.713s][info][gc             ] GC(287) Pause Young (Allocation Failure) 613M->317M(602M) 2.138ms
[130.713s][info][gc,cpu         ] GC(287) User=0.00s Sys=0.00s Real=0.01s
[131.475s][info][gc,start       ] GC(288) Pause Young (Allocation Failure)
[131.477s][info][gc,heap        ] GC(288) PSYoungGen: 290880K(291328K)->83K(279552K) Eden: 290816K(290816K)->0K(279040K) From: 64K(512K)->83K(512K)
[131.477s][info][gc,heap        ] GC(288) ParOldGen: 324972K(325120K)->324980K(325120K)
[131.477s][info][gc,metaspace   ] GC(288) Metaspace: 35002K(35712K)->35002K(35712K) NonClass: 25817K(26304K)->25817K(26304K) Class: 9185K(9408K)->9185K(9408K)
[131.477s][info][gc             ] GC(288) Pause Young (Allocation Failure) 601M->317M(590M) 1.941ms
[131.477s][info][gc,cpu         ] GC(288) User=0.00s Sys=0.00s Real=0.00s
[132.467s][info][gc,start       ] GC(289) Pause Young (Allocation Failure)
[132.468s][info][gc,heap        ] GC(289) PSYoungGen: 279123K(279552K)->64K(280064K) Eden: 279040K(279040K)->0K(267776K) From: 83K(512K)->64K(12288K)
[132.468s][info][gc,heap        ] GC(289) ParOldGen: 324980K(325120K)->324988K(325120K)
[132.469s][info][gc,metaspace   ] GC(289) Metaspace: 35002K(35712K)->35002K(35712K) NonClass: 25817K(26304K)->25817K(26304K) Class: 9185K(9408K)->9185K(9408K)
[132.469s][info][gc             ] GC(289) Pause Young (Allocation Failure) 589M->317M(591M) 1.316ms
[132.469s][info][gc,cpu         ] GC(289) User=0.00s Sys=0.00s Real=0.00s
[132.962s][info][gc,start       ] GC(290) Pause Young (Allocation Failure)
[132.963s][info][gc,heap        ] GC(290) PSYoungGen: 267840K(280064K)->64K(257536K) Eden: 267776K(267776K)->0K(257024K) From: 64K(12288K)->64K(512K)
[132.963s][info][gc,heap        ] GC(290) ParOldGen: 324988K(325120K)->324996K(325120K)
[132.963s][info][gc,metaspace   ] GC(290) Metaspace: 35002K(35712K)->35002K(35712K) NonClass: 25817K(26304K)->25817K(26304K) Class: 9185K(9408K)->9185K(9408K)
[132.963s][info][gc             ] GC(290) Pause Young (Allocation Failure) 578M->317M(569M) 1.959ms
[132.964s][info][gc,cpu         ] GC(290) User=0.00s Sys=0.01s Real=0.01s
[134.103s][info][gc,start       ] GC(291) Pause Young (Allocation Failure)
[134.105s][info][gc,heap        ] GC(291) PSYoungGen: 257088K(257536K)->64K(257536K) Eden: 257024K(257024K)->0K(246784K) From: 64K(512K)->64K(10752K)
[134.105s][info][gc,heap        ] GC(291) ParOldGen: 324996K(325120K)->325004K(325120K)
[134.105s][info][gc,metaspace   ] GC(291) Metaspace: 35002K(35712K)->35002K(35712K) NonClass: 25817K(26304K)->25817K(26304K) Class: 9185K(9408K)->9185K(9408K)
[134.105s][info][gc             ] GC(291) Pause Young (Allocation Failure) 568M->317M(569M) 1.475ms
[134.105s][info][gc,cpu         ] GC(291) User=0.00s Sys=0.00s Real=0.00s
[134.529s][info][gc,start       ] GC(292) Pause Young (Allocation Failure)
[134.531s][info][gc,heap        ] GC(292) PSYoungGen: 246848K(257536K)->64K(237568K) Eden: 246784K(246784K)->0K(237056K) From: 64K(10752K)->64K(512K)
[134.531s][info][gc,heap        ] GC(292) ParOldGen: 325004K(325120K)->325012K(325120K)
[134.531s][info][gc,metaspace   ] GC(292) Metaspace: 35002K(35712K)->35002K(35712K) NonClass: 25817K(26304K)->25817K(26304K) Class: 9185K(9408K)->9185K(9408K)
[134.531s][info][gc             ] GC(292) Pause Young (Allocation Failure) 558M->317M(549M) 2.407ms
[134.531s][info][gc,cpu         ] GC(292) User=0.00s Sys=0.00s Real=0.00s
[134.717s][info][gc,start       ] GC(293) Pause Young (Allocation Failure)
[134.718s][info][gc,heap        ] GC(293) PSYoungGen: 237120K(237568K)->64K(237056K) Eden: 237056K(237056K)->0K(227840K) From: 64K(512K)->64K(9216K)
[134.718s][info][gc,heap        ] GC(293) ParOldGen: 325012K(325120K)->325020K(325120K)
[134.718s][info][gc,metaspace   ] GC(293) Metaspace: 35002K(35712K)->35002K(35712K) NonClass: 25817K(26304K)->25817K(26304K) Class: 9185K(9408K)->9185K(9408K)
[134.718s][info][gc             ] GC(293) Pause Young (Allocation Failure) 548M->317M(549M) 1.498ms
[134.718s][info][gc,cpu         ] GC(293) User=0.00s Sys=0.00s Real=0.00s
[134.816s][info][gc,start       ] GC(294) Pause Young (Allocation Failure)
[134.819s][info][gc,heap        ] GC(294) PSYoungGen: 227904K(237056K)->64K(219648K) Eden: 227840K(227840K)->0K(219136K) From: 64K(9216K)->64K(512K)
[134.819s][info][gc,heap        ] GC(294) ParOldGen: 325020K(325120K)->325028K(325120K)
[134.819s][info][gc,metaspace   ] GC(294) Metaspace: 35002K(35712K)->35002K(35712K) NonClass: 25817K(26304K)->25817K(26304K) Class: 9185K(9408K)->9185K(9408K)
[134.819s][info][gc             ] GC(294) Pause Young (Allocation Failure) 539M->317M(532M) 3.222ms
[134.819s][info][gc,cpu         ] GC(294) User=0.00s Sys=0.00s Real=0.00s
[135.446s][info][gc,start       ] GC(295) Pause Young (Allocation Failure)
[135.448s][info][gc,heap        ] GC(295) PSYoungGen: 219200K(219648K)->64K(219136K) Eden: 219136K(219136K)->0K(210944K) From: 64K(512K)->64K(8192K)
[135.448s][info][gc,heap        ] GC(295) ParOldGen: 325028K(325120K)->325036K(325120K)
[135.448s][info][gc,metaspace   ] GC(295) Metaspace: 35002K(35712K)->35002K(35712K) NonClass: 25817K(26304K)->25817K(26304K) Class: 9185K(9408K)->9185K(9408K)
[135.448s][info][gc             ] GC(295) Pause Young (Allocation Failure) 531M->317M(531M) 2.457ms
[135.448s][info][gc,cpu         ] GC(295) User=0.00s Sys=0.00s Real=0.00s
[135.687s][info][gc,start       ] GC(296) Pause Young (Allocation Failure)
[135.690s][info][gc,heap        ] GC(296) PSYoungGen: 211008K(219136K)->64K(203776K) Eden: 210944K(210944K)->0K(203264K) From: 64K(8192K)->64K(512K)
[135.690s][info][gc,heap        ] GC(296) ParOldGen: 325036K(325120K)->325044K(325120K)
[135.690s][info][gc,metaspace   ] GC(296) Metaspace: 35002K(35712K)->35002K(35712K) NonClass: 25817K(26304K)->25817K(26304K) Class: 9185K(9408K)->9185K(9408K)
[135.690s][info][gc             ] GC(296) Pause Young (Allocation Failure) 523M->317M(516M) 3.320ms
[135.690s][info][gc,cpu         ] GC(296) User=0.00s Sys=0.00s Real=0.00s
[136.045s][info][gc,start       ] GC(297) Pause Young (Allocation Failure)
[136.063s][info][gc,heap        ] GC(297) PSYoungGen: 203328K(203776K)->6656K(250880K) Eden: 203264K(203264K)->0K(244224K) From: 64K(512K)->6656K(6656K)
[136.063s][info][gc,heap        ] GC(297) ParOldGen: 325044K(325120K)->328116K(328192K)
[136.063s][info][gc,metaspace   ] GC(297) Metaspace: 35002K(35712K)->35002K(35712K) NonClass: 25817K(26304K)->25817K(26304K) Class: 9185K(9408K)->9185K(9408K)
[136.063s][info][gc             ] GC(297) Pause Young (Allocation Failure) 515M->326M(565M) 18.442ms
[136.063s][info][gc,cpu         ] GC(297) User=0.03s Sys=0.00s Real=0.02s
[136.390s][info][gc,start       ] GC(298) Pause Young (Allocation Failure)
[136.451s][info][gc,heap        ] GC(298) PSYoungGen: 250880K(250880K)->6656K(252928K) Eden: 244224K(244224K)->0K(246272K) From: 6656K(6656K)->6656K(6656K)
[136.451s][info][gc,heap        ] GC(298) ParOldGen: 328116K(328192K)->349260K(349696K)
[136.451s][info][gc,metaspace   ] GC(298) Metaspace: 35002K(35712K)->35002K(35712K) NonClass: 25817K(26304K)->25817K(26304K) Class: 9185K(9408K)->9185K(9408K)
[136.451s][info][gc             ] GC(298) Pause Young (Allocation Failure) 565M->347M(588M) 60.698ms
[136.451s][info][gc,cpu         ] GC(298) User=0.10s Sys=0.02s Real=0.06s
[136.756s][info][gc,start       ] GC(299) Pause Young (Allocation Failure)
[136.807s][info][gc,heap        ] GC(299) PSYoungGen: 252928K(252928K)->18432K(264704K) Eden: 246272K(246272K)->0K(246272K) From: 6656K(6656K)->18432K(18432K)
[136.807s][info][gc,heap        ] GC(299) ParOldGen: 349260K(349696K)->356588K(356864K)
[136.807s][info][gc,metaspace   ] GC(299) Metaspace: 35002K(35712K)->35002K(35712K) NonClass: 25817K(26304K)->25817K(26304K) Class: 9185K(9408K)->9185K(9408K)
[136.807s][info][gc             ] GC(299) Pause Young (Allocation Failure) 588M->366M(607M) 50.804ms
[136.807s][info][gc,cpu         ] GC(299) User=0.10s Sys=0.01s Real=0.05s
[136.892s][info][gc,start       ] GC(300) Pause Young (Allocation Failure)
[136.896s][info][gc,heap        ] GC(300) PSYoungGen: 264704K(264704K)->64K(309248K) Eden: 246272K(246272K)->0K(284160K) From: 18432K(18432K)->64K(25088K)
[136.896s][info][gc,heap        ] GC(300) ParOldGen: 356588K(356864K)->356780K(356864K)
[136.896s][info][gc,metaspace   ] GC(300) Metaspace: 35002K(35712K)->35002K(35712K) NonClass: 25817K(26304K)->25817K(26304K) Class: 9185K(9408K)->9185K(9408K)
[136.896s][info][gc             ] GC(300) Pause Young (Allocation Failure) 606M->348M(650M) 3.742ms
[136.896s][info][gc,cpu         ] GC(300) User=0.00s Sys=0.00s Real=0.01s
[137.582s][info][gc,start       ] GC(301) Pause Young (Allocation Failure)
[137.584s][info][gc,heap        ] GC(301) PSYoungGen: 284224K(309248K)->64K(284672K) Eden: 284160K(284160K)->0K(284160K) From: 64K(25088K)->64K(512K)
[137.584s][info][gc,heap        ] GC(301) ParOldGen: 356780K(356864K)->356788K(356864K)
[137.584s][info][gc,metaspace   ] GC(301) Metaspace: 35002K(35712K)->35002K(35712K) NonClass: 25817K(26304K)->25817K(26304K) Class: 9185K(9408K)->9185K(9408K)
[137.584s][info][gc             ] GC(301) Pause Young (Allocation Failure) 625M->348M(626M) 1.452ms
[137.584s][info][gc,cpu         ] GC(301) User=0.00s Sys=0.00s Real=0.01s
[138.026s][info][gc,start       ] GC(302) Pause Young (Allocation Failure)
[138.027s][info][gc,heap        ] GC(302) PSYoungGen: 284224K(284672K)->64K(308736K) Eden: 284160K(284160K)->0K(285184K) From: 64K(512K)->64K(23552K)
[138.027s][info][gc,heap        ] GC(302) ParOldGen: 356788K(356864K)->356796K(356864K)
[138.027s][info][gc,metaspace   ] GC(302) Metaspace: 35002K(35712K)->35002K(35712K) NonClass: 25817K(26304K)->25817K(26304K) Class: 9185K(9408K)->9185K(9408K)
[138.027s][info][gc             ] GC(302) Pause Young (Allocation Failure) 625M->348M(650M) 1.501ms
[138.028s][info][gc,cpu         ] GC(302) User=0.00s Sys=0.00s Real=0.00s
[138.502s][info][gc,start       ] GC(303) Pause Young (Allocation Failure)
[138.504s][info][gc,heap        ] GC(303) PSYoungGen: 285248K(308736K)->64K(307712K) Eden: 285184K(285184K)->0K(285184K) From: 64K(23552K)->64K(22528K)
[138.504s][info][gc,heap        ] GC(303) ParOldGen: 356796K(356864K)->356812K(356864K)
[138.504s][info][gc,metaspace   ] GC(303) Metaspace: 35002K(35712K)->35002K(35712K) NonClass: 25817K(26304K)->25817K(26304K) Class: 9185K(9408K)->9185K(9408K)
[138.504s][info][gc             ] GC(303) Pause Young (Allocation Failure) 626M->348M(649M) 1.444ms
[138.504s][info][gc,cpu         ] GC(303) User=0.01s Sys=0.00s Real=0.01s
[138.745s][info][gc,start       ] GC(304) Pause Young (Allocation Failure)
[138.746s][info][gc,heap        ] GC(304) PSYoungGen: 285248K(307712K)->64K(310272K) Eden: 285184K(285184K)->0K(288768K) From: 64K(22528K)->64K(21504K)
[138.746s][info][gc,heap        ] GC(304) ParOldGen: 356812K(356864K)->356828K(356864K)
[138.746s][info][gc,metaspace   ] GC(304) Metaspace: 35002K(35712K)->35002K(35712K) NonClass: 25817K(26304K)->25817K(26304K) Class: 9185K(9408K)->9185K(9408K)
[138.746s][info][gc             ] GC(304) Pause Young (Allocation Failure) 627M->348M(651M) 1.551ms
[138.746s][info][gc,cpu         ] GC(304) User=0.00s Sys=0.00s Real=0.00s
[139.125s][info][gc,start       ] GC(305) Pause Young (Allocation Failure)
[139.126s][info][gc,heap        ] GC(305) PSYoungGen: 288832K(310272K)->64K(309248K) Eden: 288768K(288768K)->0K(288768K) From: 64K(21504K)->64K(20480K)
[139.126s][info][gc,heap        ] GC(305) ParOldGen: 356828K(356864K)->356828K(356864K)
[139.126s][info][gc,metaspace   ] GC(305) Metaspace: 35082K(35776K)->35082K(35776K) NonClass: 25897K(26368K)->25897K(26368K) Class: 9185K(9408K)->9185K(9408K)
[139.126s][info][gc             ] GC(305) Pause Young (Allocation Failure) 630M->348M(650M) 1.438ms
[139.126s][info][gc,cpu         ] GC(305) User=0.00s Sys=0.00s Real=0.00s
[139.238s][info][gc,start       ] GC(306) Pause Young (Allocation Failure)
[139.240s][info][gc,heap        ] GC(306) PSYoungGen: 288832K(309248K)->64K(312320K) Eden: 288768K(288768K)->0K(292864K) From: 64K(20480K)->64K(19456K)
[139.240s][info][gc,heap        ] GC(306) ParOldGen: 356828K(356864K)->356836K(356864K)
[139.240s][info][gc,metaspace   ] GC(306) Metaspace: 35082K(35776K)->35082K(35776K) NonClass: 25897K(26368K)->25897K(26368K) Class: 9185K(9408K)->9185K(9408K)
[139.240s][info][gc             ] GC(306) Pause Young (Allocation Failure) 630M->348M(653M) 1.509ms
[139.240s][info][gc,cpu         ] GC(306) User=0.00s Sys=0.00s Real=0.00s
[139.294s][info][gc,start       ] GC(307) Pause Young (Allocation Failure)
[139.295s][info][gc,heap        ] GC(307) PSYoungGen: 292928K(312320K)->64K(311296K) Eden: 292864K(292864K)->0K(292864K) From: 64K(19456K)->64K(18432K)
[139.295s][info][gc,heap        ] GC(307) ParOldGen: 356836K(356864K)->356852K(356864K)
[139.295s][info][gc,metaspace   ] GC(307) Metaspace: 35082K(35776K)->35082K(35776K) NonClass: 25897K(26368K)->25897K(26368K) Class: 9185K(9408K)->9185K(9408K)
[139.295s][info][gc             ] GC(307) Pause Young (Allocation Failure) 634M->348M(652M) 1.356ms
[139.295s][info][gc,cpu         ] GC(307) User=0.00s Sys=0.00s Real=0.00s
[139.508s][info][gc,start       ] GC(308) Pause Young (Allocation Failure)
[139.509s][info][gc,heap        ] GC(308) PSYoungGen: 292928K(311296K)->64K(314368K) Eden: 292864K(292864K)->0K(296960K) From: 64K(18432K)->64K(17408K)
[139.509s][info][gc,heap        ] GC(308) ParOldGen: 356852K(356864K)->356852K(356864K)
[139.509s][info][gc,metaspace   ] GC(308) Metaspace: 35082K(35776K)->35082K(35776K) NonClass: 25897K(26368K)->25897K(26368K) Class: 9185K(9408K)->9185K(9408K)
[139.509s][info][gc             ] GC(308) Pause Young (Allocation Failure) 634M->348M(655M) 1.490ms
[139.510s][info][gc,cpu         ] GC(308) User=0.00s Sys=0.00s Real=0.00s
[139.840s][info][gc,start       ] GC(309) Pause Young (Allocation Failure)
[139.841s][info][gc,heap        ] GC(309) PSYoungGen: 297024K(314368K)->64K(313344K) Eden: 296960K(296960K)->0K(296960K) From: 64K(17408K)->64K(16384K)
[139.841s][info][gc,heap        ] GC(309) ParOldGen: 356852K(356864K)->356860K(356864K)
[139.841s][info][gc,metaspace   ] GC(309) Metaspace: 35082K(35776K)->35082K(35776K) NonClass: 25897K(26368K)->25897K(26368K) Class: 9185K(9408K)->9185K(9408K)
[139.842s][info][gc             ] GC(309) Pause Young (Allocation Failure) 638M->348M(654M) 1.408ms
[139.842s][info][gc,cpu         ] GC(309) User=0.00s Sys=0.00s Real=0.00s
[139.996s][info][gc,start       ] GC(310) Pause Young (Allocation Failure)
[139.998s][info][gc,heap        ] GC(310) PSYoungGen: 297024K(313344K)->64K(315904K) Eden: 296960K(296960K)->0K(300544K) From: 64K(16384K)->64K(15360K)
[139.998s][info][gc,heap        ] GC(310) ParOldGen: 356860K(356864K)->356868K(357376K)
[139.998s][info][gc,metaspace   ] GC(310) Metaspace: 35082K(35776K)->35082K(35776K) NonClass: 25897K(26368K)->25897K(26368K) Class: 9185K(9408K)->9185K(9408K)
[139.998s][info][gc             ] GC(310) Pause Young (Allocation Failure) 638M->348M(657M) 1.428ms
[139.998s][info][gc,cpu         ] GC(310) User=0.00s Sys=0.00s Real=0.00s
[140.110s][info][gc,start       ] GC(311) Pause Young (Allocation Failure)
[140.112s][info][gc,heap        ] GC(311) PSYoungGen: 300608K(315904K)->64K(315392K) Eden: 300544K(300544K)->0K(300544K) From: 64K(15360K)->64K(14848K)
[140.112s][info][gc,heap        ] GC(311) ParOldGen: 356868K(357376K)->356876K(357376K)
[140.112s][info][gc,metaspace   ] GC(311) Metaspace: 35082K(35776K)->35082K(35776K) NonClass: 25897K(26368K)->25897K(26368K) Class: 9185K(9408K)->9185K(9408K)
[140.112s][info][gc             ] GC(311) Pause Young (Allocation Failure) 642M->348M(657M) 1.585ms
[140.112s][info][gc,cpu         ] GC(311) User=0.00s Sys=0.00s Real=0.00s
[140.334s][info][gc,start       ] GC(312) Pause Young (Allocation Failure)
[140.336s][info][gc,heap        ] GC(312) PSYoungGen: 300608K(315392K)->64K(317952K) Eden: 300544K(300544K)->0K(304640K) From: 64K(14848K)->64K(13312K)
[140.336s][info][gc,heap        ] GC(312) ParOldGen: 356876K(357376K)->356884K(357376K)
[140.336s][info][gc,metaspace   ] GC(312) Metaspace: 35082K(35776K)->35082K(35776K) NonClass: 25897K(26368K)->25897K(26368K) Class: 9185K(9408K)->9185K(9408K)
[140.336s][info][gc             ] GC(312) Pause Young (Allocation Failure) 642M->348M(659M) 1.608ms
[140.336s][info][gc,cpu         ] GC(312) User=0.00s Sys=0.00s Real=0.00s
[141.308s][info][gc,start       ] GC(313) Pause Young (Allocation Failure)
[141.309s][info][gc,heap        ] GC(313) PSYoungGen: 304704K(317952K)->83K(292864K) Eden: 304640K(304640K)->0K(292352K) From: 64K(13312K)->83K(512K)
[141.309s][info][gc,heap        ] GC(313) ParOldGen: 356884K(357376K)->356892K(357376K)
[141.309s][info][gc,metaspace   ] GC(313) Metaspace: 35082K(35776K)->35082K(35776K) NonClass: 25897K(26368K)->25897K(26368K) Class: 9185K(9408K)->9185K(9408K)
[141.309s][info][gc             ] GC(313) Pause Young (Allocation Failure) 646M->348M(635M) 1.526ms
[141.309s][info][gc,cpu         ] GC(313) User=0.00s Sys=0.00s Real=0.00s
[142.283s][info][gc,start       ] GC(314) Pause Young (Allocation Failure)
[142.286s][info][gc,heap        ] GC(314) PSYoungGen: 292435K(292864K)->64K(281088K) Eden: 292352K(292352K)->0K(280576K) From: 83K(512K)->64K(512K)
[142.286s][info][gc,heap        ] GC(314) ParOldGen: 356892K(357376K)->356900K(357376K)
[142.286s][info][gc,metaspace   ] GC(314) Metaspace: 35082K(35776K)->35082K(35776K) NonClass: 25897K(26368K)->25897K(26368K) Class: 9185K(9408K)->9185K(9408K)
[142.286s][info][gc             ] GC(314) Pause Young (Allocation Failure) 634M->348M(623M) 2.668ms
[142.286s][info][gc,cpu         ] GC(314) User=0.00s Sys=0.00s Real=0.00s
[142.792s][info][gc,start       ] GC(315) Pause Young (Allocation Failure)
[142.795s][info][gc,heap        ] GC(315) PSYoungGen: 280640K(281088K)->64K(280576K) Eden: 280576K(280576K)->0K(269312K) From: 64K(512K)->64K(11264K)
[142.795s][info][gc,heap        ] GC(315) ParOldGen: 356900K(357376K)->356908K(357376K)
[142.795s][info][gc,metaspace   ] GC(315) Metaspace: 35082K(35776K)->35082K(35776K) NonClass: 25897K(26368K)->25897K(26368K) Class: 9185K(9408K)->9185K(9408K)
[142.795s][info][gc             ] GC(315) Pause Young (Allocation Failure) 622M->348M(623M) 2.591ms
[142.795s][info][gc,cpu         ] GC(315) User=0.00s Sys=0.00s Real=0.01s
[143.874s][info][gc,start       ] GC(316) Pause Young (Allocation Failure)
[143.877s][info][gc,heap        ] GC(316) PSYoungGen: 269376K(280576K)->64K(259072K) Eden: 269312K(269312K)->0K(258560K) From: 64K(11264K)->64K(512K)
[143.877s][info][gc,heap        ] GC(316) ParOldGen: 356908K(357376K)->356924K(357376K)
[143.877s][info][gc,metaspace   ] GC(316) Metaspace: 35082K(35776K)->35082K(35776K) NonClass: 25897K(26368K)->25897K(26368K) Class: 9185K(9408K)->9185K(9408K)
[143.877s][info][gc             ] GC(316) Pause Young (Allocation Failure) 611M->348M(602M) 3.278ms
[143.877s][info][gc,cpu         ] GC(316) User=0.00s Sys=0.00s Real=0.00s
[144.305s][info][gc,start       ] GC(317) Pause Young (Allocation Failure)
[144.308s][info][gc,heap        ] GC(317) PSYoungGen: 258624K(259072K)->64K(258048K) Eden: 258560K(258560K)->0K(248320K) From: 64K(512K)->64K(9728K)
[144.308s][info][gc,heap        ] GC(317) ParOldGen: 356924K(357376K)->356940K(357376K)
[144.308s][info][gc,metaspace   ] GC(317) Metaspace: 35082K(35776K)->35082K(35776K) NonClass: 25897K(26368K)->25897K(26368K) Class: 9185K(9408K)->9185K(9408K)
[144.308s][info][gc             ] GC(317) Pause Young (Allocation Failure) 601M->348M(601M) 2.752ms
[144.308s][info][gc,cpu         ] GC(317) User=0.00s Sys=0.00s Real=0.00s
[144.483s][info][gc,start       ] GC(318) Pause Young (Allocation Failure)
[144.486s][info][gc,heap        ] GC(318) PSYoungGen: 248384K(258048K)->64K(239104K) Eden: 248320K(248320K)->0K(238592K) From: 64K(9728K)->64K(512K)
[144.486s][info][gc,heap        ] GC(318) ParOldGen: 356940K(357376K)->356956K(357376K)
[144.486s][info][gc,metaspace   ] GC(318) Metaspace: 35082K(35776K)->35082K(35776K) NonClass: 25897K(26368K)->25897K(26368K) Class: 9185K(9408K)->9185K(9408K)
[144.486s][info][gc             ] GC(318) Pause Young (Allocation Failure) 591M->348M(582M) 3.842ms
[144.486s][info][gc,cpu         ] GC(318) User=0.00s Sys=0.00s Real=0.01s
[144.674s][info][gc,start       ] GC(319) Pause Young (Allocation Failure)
[144.676s][info][gc,heap        ] GC(319) PSYoungGen: 238656K(239104K)->64K(238080K) Eden: 238592K(238592K)->0K(229376K) From: 64K(512K)->64K(8704K)
[144.676s][info][gc,heap        ] GC(319) ParOldGen: 356956K(357376K)->356964K(357376K)
[144.676s][info][gc,metaspace   ] GC(319) Metaspace: 35082K(35776K)->35082K(35776K) NonClass: 25897K(26368K)->25897K(26368K) Class: 9185K(9408K)->9185K(9408K)
[144.676s][info][gc             ] GC(319) Pause Young (Allocation Failure) 581M->348M(581M) 2.600ms
[144.676s][info][gc,cpu         ] GC(319) User=0.00s Sys=0.00s Real=0.00s
[145.262s][info][gc,start       ] GC(320) Pause Young (Allocation Failure)
[145.266s][info][gc,heap        ] GC(320) PSYoungGen: 229440K(238080K)->64K(221184K) Eden: 229376K(229376K)->0K(220672K) From: 64K(8704K)->64K(512K)
[145.266s][info][gc,heap        ] GC(320) ParOldGen: 356964K(357376K)->356972K(357376K)
[145.266s][info][gc,metaspace   ] GC(320) Metaspace: 35082K(35776K)->35082K(35776K) NonClass: 25897K(26368K)->25897K(26368K) Class: 9185K(9408K)->9185K(9408K)
[145.266s][info][gc             ] GC(320) Pause Young (Allocation Failure) 572M->348M(565M) 3.721ms
[145.266s][info][gc,cpu         ] GC(320) User=0.00s Sys=0.00s Real=0.01s
[145.563s][info][gc,start       ] GC(321) Pause Young (Allocation Failure)
[145.566s][info][gc,heap        ] GC(321) PSYoungGen: 220736K(221184K)->32K(219648K) Eden: 220672K(220672K)->0K(212480K) From: 64K(512K)->32K(7168K)
[145.566s][info][gc,heap        ] GC(321) ParOldGen: 356972K(357376K)->356980K(357376K)
[145.566s][info][gc,metaspace   ] GC(321) Metaspace: 35082K(35776K)->35082K(35776K) NonClass: 25897K(26368K)->25897K(26368K) Class: 9185K(9408K)->9185K(9408K)
[145.566s][info][gc             ] GC(321) Pause Young (Allocation Failure) 564M->348M(563M) 2.629ms
[145.566s][info][gc,cpu         ] GC(321) User=0.01s Sys=0.00s Real=0.00s
[145.906s][info][gc,start       ] GC(322) Pause Young (Allocation Failure)
[145.942s][info][gc,heap        ] GC(322) PSYoungGen: 212512K(219648K)->6656K(261632K) Eden: 212480K(212480K)->0K(254976K) From: 32K(7168K)->6656K(6656K)
[145.942s][info][gc,heap        ] GC(322) ParOldGen: 356980K(357376K)->368212K(368640K)
[145.942s][info][gc,metaspace   ] GC(322) Metaspace: 35082K(35776K)->35082K(35776K) NonClass: 25897K(26368K)->25897K(26368K) Class: 9185K(9408K)->9185K(9408K)
[145.942s][info][gc             ] GC(322) Pause Young (Allocation Failure) 556M->366M(615M) 36.434ms
[145.942s][info][gc,cpu         ] GC(322) User=0.06s Sys=0.02s Real=0.03s
[146.292s][info][gc,start       ] GC(323) Pause Young (Allocation Failure)
[146.355s][info][gc,heap        ] GC(323) PSYoungGen: 261632K(261632K)->12800K(267776K) Eden: 254976K(254976K)->0K(254976K) From: 6656K(6656K)->12800K(12800K)
[146.355s][info][gc,heap        ] GC(323) ParOldGen: 368212K(368640K)->384644K(385024K)
[146.355s][info][gc,metaspace   ] GC(323) Metaspace: 35082K(35776K)->35082K(35776K) NonClass: 25897K(26368K)->25897K(26368K) Class: 9185K(9408K)->9185K(9408K)
[146.355s][info][gc             ] GC(323) Pause Young (Allocation Failure) 615M->388M(637M) 62.649ms
[146.355s][info][gc,cpu         ] GC(323) User=0.11s Sys=0.01s Real=0.07s
[146.583s][info][gc,start       ] GC(324) Pause Young (Allocation Failure)
[146.632s][info][gc,heap        ] GC(324) PSYoungGen: 267776K(267776K)->15840K(307200K) Eden: 254976K(254976K)->0K(285696K) From: 12800K(12800K)->15840K(21504K)
[146.632s][info][gc,heap        ] GC(324) ParOldGen: 384644K(385024K)->385092K(385536K)
[146.632s][info][gc,metaspace   ] GC(324) Metaspace: 35082K(35776K)->35082K(35776K) NonClass: 25897K(26368K)->25897K(26368K) Class: 9185K(9408K)->9185K(9408K)
[146.632s][info][gc             ] GC(324) Pause Young (Allocation Failure) 637M->391M(676M) 49.265ms
[146.632s][info][gc,cpu         ] GC(324) User=0.06s Sys=0.02s Real=0.05s
[146.963s][info][gc,start       ] GC(325) Pause Young (Allocation Failure)
[146.965s][info][gc,heap        ] GC(325) PSYoungGen: 301536K(307200K)->64K(309760K) Eden: 285696K(285696K)->0K(285696K) From: 15840K(21504K)->64K(24064K)
[146.965s][info][gc,heap        ] GC(325) ParOldGen: 385092K(385536K)->385100K(385536K)
[146.965s][info][gc,metaspace   ] GC(325) Metaspace: 35082K(35776K)->35082K(35776K) NonClass: 25897K(26368K)->25897K(26368K) Class: 9185K(9408K)->9185K(9408K)
[146.965s][info][gc             ] GC(325) Pause Young (Allocation Failure) 670M->376M(679M) 1.531ms
[146.965s][info][gc,cpu         ] GC(325) User=0.00s Sys=0.00s Real=0.00s
[147.674s][info][gc,start       ] GC(326) Pause Young (Allocation Failure)
[147.676s][info][gc,heap        ] GC(326) PSYoungGen: 285760K(309760K)->64K(307712K) Eden: 285696K(285696K)->0K(286720K) From: 64K(24064K)->64K(20992K)
[147.676s][info][gc,heap        ] GC(326) ParOldGen: 385100K(385536K)->385108K(385536K)
[147.676s][info][gc,metaspace   ] GC(326) Metaspace: 35084K(35776K)->35084K(35776K) NonClass: 25898K(26368K)->25898K(26368K) Class: 9185K(9408K)->9185K(9408K)
[147.676s][info][gc             ] GC(326) Pause Young (Allocation Failure) 655M->376M(677M) 1.644ms
[147.676s][info][gc,cpu         ] GC(326) User=0.00s Sys=0.00s Real=0.00s
[148.185s][info][gc,start       ] GC(327) Pause Young (Allocation Failure)
[148.187s][info][gc,heap        ] GC(327) PSYoungGen: 286784K(307712K)->64K(309248K) Eden: 286720K(286720K)->0K(286720K) From: 64K(20992K)->64K(22528K)
[148.187s][info][gc,heap        ] GC(327) ParOldGen: 385108K(385536K)->385124K(385536K)
[148.187s][info][gc,metaspace   ] GC(327) Metaspace: 35084K(35776K)->35084K(35776K) NonClass: 25898K(26368K)->25898K(26368K) Class: 9185K(9408K)->9185K(9408K)
[148.187s][info][gc             ] GC(327) Pause Young (Allocation Failure) 656M->376M(678M) 1.552ms
[148.187s][info][gc,cpu         ] GC(327) User=0.00s Sys=0.00s Real=0.00s
[148.430s][info][gc,start       ] GC(328) Pause Young (Allocation Failure)
[148.431s][info][gc,heap        ] GC(328) PSYoungGen: 286784K(309248K)->64K(308736K) Eden: 286720K(286720K)->0K(289792K) From: 64K(22528K)->64K(18944K)
[148.431s][info][gc,heap        ] GC(328) ParOldGen: 385124K(385536K)->385140K(385536K)
[148.431s][info][gc,metaspace   ] GC(328) Metaspace: 35084K(35776K)->35084K(35776K) NonClass: 25898K(26368K)->25898K(26368K) Class: 9185K(9408K)->9185K(9408K)
[148.431s][info][gc             ] GC(328) Pause Young (Allocation Failure) 656M->376M(678M) 1.623ms
[148.431s][info][gc,cpu         ] GC(328) User=0.01s Sys=0.00s Real=0.00s
[148.681s][info][gc,start       ] GC(329) Pause Young (Allocation Failure)
[148.683s][info][gc,heap        ] GC(329) PSYoungGen: 289856K(308736K)->64K(310272K) Eden: 289792K(289792K)->0K(289792K) From: 64K(18944K)->64K(20480K)
[148.683s][info][gc,heap        ] GC(329) ParOldGen: 385140K(385536K)->385140K(385536K)
[148.683s][info][gc,metaspace   ] GC(329) Metaspace: 35084K(35776K)->35084K(35776K) NonClass: 25898K(26368K)->25898K(26368K) Class: 9185K(9408K)->9185K(9408K)
[148.683s][info][gc             ] GC(329) Pause Young (Allocation Failure) 659M->376M(679M) 1.601ms
[148.683s][info][gc,cpu         ] GC(329) User=0.01s Sys=0.00s Real=0.00s
[149.033s][info][gc,start       ] GC(330) Pause Young (Allocation Failure)
[149.034s][info][gc,heap        ] GC(330) PSYoungGen: 289856K(310272K)->64K(311808K) Eden: 289792K(289792K)->0K(293888K) From: 64K(20480K)->64K(17920K)
[149.034s][info][gc,heap        ] GC(330) ParOldGen: 385140K(385536K)->385140K(385536K)
[149.034s][info][gc,metaspace   ] GC(330) Metaspace: 35084K(35776K)->35084K(35776K) NonClass: 25898K(26368K)->25898K(26368K) Class: 9185K(9408K)->9185K(9408K)
[149.034s][info][gc             ] GC(330) Pause Young (Allocation Failure) 659M->376M(681M) 1.516ms
[149.034s][info][gc,cpu         ] GC(330) User=0.01s Sys=0.00s Real=0.01s
[149.091s][info][gc,start       ] GC(331) Pause Young (Allocation Failure)
[149.093s][info][gc,heap        ] GC(331) PSYoungGen: 293952K(311808K)->64K(312832K) Eden: 293888K(293888K)->0K(293888K) From: 64K(17920K)->64K(18944K)
[149.093s][info][gc,heap        ] GC(331) ParOldGen: 385140K(385536K)->385156K(385536K)
[149.093s][info][gc,metaspace   ] GC(331) Metaspace: 35084K(35776K)->35084K(35776K) NonClass: 25898K(26368K)->25898K(26368K) Class: 9185K(9408K)->9185K(9408K)
[149.093s][info][gc             ] GC(331) Pause Young (Allocation Failure) 663M->376M(682M) 1.542ms
[149.093s][info][gc,cpu         ] GC(331) User=0.00s Sys=0.00s Real=0.00s
[149.162s][info][gc,start       ] GC(332) Pause Young (Allocation Failure)
[149.164s][info][gc,heap        ] GC(332) PSYoungGen: 293952K(312832K)->64K(312832K) Eden: 293888K(293888K)->0K(296960K) From: 64K(18944K)->64K(15872K)
[149.164s][info][gc,heap        ] GC(332) ParOldGen: 385156K(385536K)->385156K(385536K)
[149.164s][info][gc,metaspace   ] GC(332) Metaspace: 35084K(35776K)->35084K(35776K) NonClass: 25898K(26368K)->25898K(26368K) Class: 9185K(9408K)->9185K(9408K)
[149.164s][info][gc             ] GC(332) Pause Young (Allocation Failure) 663M->376M(682M) 1.492ms
[149.164s][info][gc,cpu         ] GC(332) User=0.00s Sys=0.00s Real=0.01s
[149.517s][info][gc,start       ] GC(333) Pause Young (Allocation Failure)
[149.519s][info][gc,heap        ] GC(333) PSYoungGen: 297024K(312832K)->64K(313856K) Eden: 296960K(296960K)->0K(296960K) From: 64K(15872K)->64K(16896K)
[149.519s][info][gc,heap        ] GC(333) ParOldGen: 385156K(385536K)->385172K(385536K)
[149.519s][info][gc,metaspace   ] GC(333) Metaspace: 35084K(35776K)->35084K(35776K) NonClass: 25898K(26368K)->25898K(26368K) Class: 9185K(9408K)->9185K(9408K)
[149.519s][info][gc             ] GC(333) Pause Young (Allocation Failure) 666M->376M(683M) 1.591ms
[149.519s][info][gc,cpu         ] GC(333) User=0.01s Sys=0.00s Real=0.00s
[149.782s][info][gc,start       ] GC(334) Pause Young (Allocation Failure)
[149.784s][info][gc,heap        ] GC(334) PSYoungGen: 297024K(313856K)->64K(314880K) Eden: 296960K(296960K)->0K(301056K) From: 64K(16896K)->64K(13824K)
[149.784s][info][gc,heap        ] GC(334) ParOldGen: 385172K(385536K)->385172K(385536K)
[149.784s][info][gc,metaspace   ] GC(334) Metaspace: 35084K(35776K)->35084K(35776K) NonClass: 25898K(26368K)->25898K(26368K) Class: 9185K(9408K)->9185K(9408K)
[149.784s][info][gc             ] GC(334) Pause Young (Allocation Failure) 666M->376M(684M) 1.583ms
[149.784s][info][gc,cpu         ] GC(334) User=0.00s Sys=0.00s Real=0.01s
[149.878s][info][gc,start       ] GC(335) Pause Young (Allocation Failure)
[149.879s][info][gc,heap        ] GC(335) PSYoungGen: 301120K(314880K)->64K(315904K) Eden: 301056K(301056K)->0K(301056K) From: 64K(13824K)->64K(14848K)
[149.879s][info][gc,heap        ] GC(335) ParOldGen: 385172K(385536K)->385188K(385536K)
[149.879s][info][gc,metaspace   ] GC(335) Metaspace: 35084K(35776K)->35084K(35776K) NonClass: 25898K(26368K)->25898K(26368K) Class: 9185K(9408K)->9185K(9408K)
[149.879s][info][gc             ] GC(335) Pause Young (Allocation Failure) 670M->376M(685M) 1.486ms
[149.879s][info][gc,cpu         ] GC(335) User=0.00s Sys=0.00s Real=0.00s
[150.055s][info][gc,start       ] GC(336) Pause Young (Allocation Failure)
[150.057s][info][gc,heap        ] GC(336) PSYoungGen: 301120K(315904K)->64K(317952K) Eden: 301056K(301056K)->0K(305152K) From: 64K(14848K)->64K(12800K)
[150.057s][info][gc,heap        ] GC(336) ParOldGen: 385188K(385536K)->385188K(385536K)
[150.057s][info][gc,metaspace   ] GC(336) Metaspace: 35084K(35776K)->35084K(35776K) NonClass: 25898K(26368K)->25898K(26368K) Class: 9185K(9408K)->9185K(9408K)
[150.057s][info][gc             ] GC(336) Pause Young (Allocation Failure) 670M->376M(687M) 1.496ms
[150.057s][info][gc,cpu         ] GC(336) User=0.00s Sys=0.00s Real=0.00s
[151.121s][info][gc,start       ] GC(337) Pause Young (Allocation Failure)
[151.124s][info][gc,heap        ] GC(337) PSYoungGen: 305216K(317952K)->83K(293376K) Eden: 305152K(305152K)->0K(292864K) From: 64K(12800K)->83K(512K)
[151.124s][info][gc,heap        ] GC(337) ParOldGen: 385188K(385536K)->385196K(385536K)
[151.124s][info][gc,metaspace   ] GC(337) Metaspace: 35084K(35776K)->35084K(35776K) NonClass: 25898K(26368K)->25898K(26368K) Class: 9185K(9408K)->9185K(9408K)
[151.124s][info][gc             ] GC(337) Pause Young (Allocation Failure) 674M->376M(663M) 2.408ms
[151.124s][info][gc,cpu         ] GC(337) User=0.00s Sys=0.00s Real=0.01s
[152.028s][info][gc,start       ] GC(338) Pause Young (Allocation Failure)
[152.030s][info][gc,heap        ] GC(338) PSYoungGen: 292947K(293376K)->64K(281600K) Eden: 292864K(292864K)->0K(281088K) From: 83K(512K)->64K(512K)
[152.030s][info][gc,heap        ] GC(338) ParOldGen: 385196K(385536K)->385204K(385536K)
[152.030s][info][gc,metaspace   ] GC(338) Metaspace: 35084K(35776K)->35084K(35776K) NonClass: 25898K(26368K)->25898K(26368K) Class: 9185K(9408K)->9185K(9408K)
[152.030s][info][gc             ] GC(338) Pause Young (Allocation Failure) 662M->376M(651M) 2.654ms
[152.030s][info][gc,cpu         ] GC(338) User=0.00s Sys=0.00s Real=0.00s
[152.322s][info][gc,start       ] GC(339) Pause Young (Allocation Failure)
[152.324s][info][gc,heap        ] GC(339) PSYoungGen: 281152K(281600K)->64K(281600K) Eden: 281088K(281088K)->0K(269824K) From: 64K(512K)->64K(11776K)
[152.324s][info][gc,heap        ] GC(339) ParOldGen: 385204K(385536K)->385212K(385536K)
[152.324s][info][gc,metaspace   ] GC(339) Metaspace: 35084K(35776K)->35084K(35776K) NonClass: 25898K(26368K)->25898K(26368K) Class: 9185K(9408K)->9185K(9408K)
[152.324s][info][gc             ] GC(339) Pause Young (Allocation Failure) 650M->376M(651M) 1.448ms
[152.324s][info][gc,cpu         ] GC(339) User=0.00s Sys=0.00s Real=0.01s
[152.853s][info][gc,start       ] GC(340) Pause Young (Allocation Failure)
[152.855s][info][gc,heap        ] GC(340) PSYoungGen: 269888K(281600K)->64K(259584K) Eden: 269824K(269824K)->0K(259072K) From: 64K(11776K)->64K(512K)
[152.855s][info][gc,heap        ] GC(340) ParOldGen: 385212K(385536K)->385220K(385536K)
[152.855s][info][gc,metaspace   ] GC(340) Metaspace: 35084K(35776K)->35084K(35776K) NonClass: 25898K(26368K)->25898K(26368K) Class: 9185K(9408K)->9185K(9408K)
[152.855s][info][gc             ] GC(340) Pause Young (Allocation Failure) 639M->376M(630M) 2.048ms
[152.855s][info][gc,cpu         ] GC(340) User=0.00s Sys=0.00s Real=0.00s
[153.886s][info][gc,start       ] GC(341) Pause Young (Allocation Failure)
[153.888s][info][gc,heap        ] GC(341) PSYoungGen: 259136K(259584K)->64K(259072K) Eden: 259072K(259072K)->0K(248832K) From: 64K(512K)->64K(10240K)
[153.888s][info][gc,heap        ] GC(341) ParOldGen: 385220K(385536K)->385228K(385536K)
[153.888s][info][gc,metaspace   ] GC(341) Metaspace: 35084K(35776K)->35084K(35776K) NonClass: 25898K(26368K)->25898K(26368K) Class: 9185K(9408K)->9185K(9408K)
[153.888s][info][gc             ] GC(341) Pause Young (Allocation Failure) 629M->376M(629M) 1.760ms
[153.888s][info][gc,cpu         ] GC(341) User=0.00s Sys=0.00s Real=0.00s
[154.288s][info][gc,start       ] GC(342) Pause Young (Allocation Failure)
[154.290s][info][gc,heap        ] GC(342) PSYoungGen: 248896K(259072K)->64K(239616K) Eden: 248832K(248832K)->0K(239104K) From: 64K(10240K)->64K(512K)
[154.290s][info][gc,heap        ] GC(342) ParOldGen: 385228K(385536K)->385244K(385536K)
[154.290s][info][gc,metaspace   ] GC(342) Metaspace: 35084K(35776K)->35084K(35776K) NonClass: 25898K(26368K)->25898K(26368K) Class: 9185K(9408K)->9185K(9408K)
[154.290s][info][gc             ] GC(342) Pause Young (Allocation Failure) 619M->376M(610M) 2.724ms
[154.290s][info][gc,cpu         ] GC(342) User=0.00s Sys=0.00s Real=0.00s
[154.378s][info][gc,start       ] GC(343) Pause Young (Allocation Failure)
[154.380s][info][gc,heap        ] GC(343) PSYoungGen: 239168K(239616K)->64K(238592K) Eden: 239104K(239104K)->0K(229888K) From: 64K(512K)->64K(8704K)
[154.380s][info][gc,heap        ] GC(343) ParOldGen: 385244K(385536K)->385252K(385536K)
[154.380s][info][gc,metaspace   ] GC(343) Metaspace: 35084K(35776K)->35084K(35776K) NonClass: 25898K(26368K)->25898K(26368K) Class: 9185K(9408K)->9185K(9408K)
[154.380s][info][gc             ] GC(343) Pause Young (Allocation Failure) 609M->376M(609M) 1.985ms
[154.380s][info][gc,cpu         ] GC(343) User=0.00s Sys=0.00s Real=0.00s
[154.820s][info][gc,start       ] GC(344) Pause Young (Allocation Failure)
[154.823s][info][gc,heap        ] GC(344) PSYoungGen: 229952K(238592K)->32K(221696K) Eden: 229888K(229888K)->0K(221184K) From: 64K(8704K)->32K(512K)
[154.823s][info][gc,heap        ] GC(344) ParOldGen: 385252K(385536K)->385260K(385536K)
[154.823s][info][gc,metaspace   ] GC(344) Metaspace: 35084K(35776K)->35084K(35776K) NonClass: 25898K(26368K)->25898K(26368K) Class: 9185K(9408K)->9185K(9408K)
[154.823s][info][gc             ] GC(344) Pause Young (Allocation Failure) 600M->376M(593M) 3.547ms
[154.823s][info][gc,cpu         ] GC(344) User=0.00s Sys=0.00s Real=0.01s
[155.201s][info][gc,start       ] GC(345) Pause Young (Allocation Failure)
[155.203s][info][gc,heap        ] GC(345) PSYoungGen: 221216K(221696K)->64K(220672K) Eden: 221184K(221184K)->0K(212992K) From: 32K(512K)->64K(7680K)
[155.203s][info][gc,heap        ] GC(345) ParOldGen: 385260K(385536K)->385268K(385536K)
[155.203s][info][gc,metaspace   ] GC(345) Metaspace: 35084K(35776K)->35084K(35776K) NonClass: 25898K(26368K)->25898K(26368K) Class: 9185K(9408K)->9185K(9408K)
[155.203s][info][gc             ] GC(345) Pause Young (Allocation Failure) 592M->376M(592M) 2.311ms
[155.203s][info][gc,cpu         ] GC(345) User=0.00s Sys=0.00s Real=0.01s
[155.588s][info][gc,start       ] GC(346) Pause Young (Allocation Failure)
[155.594s][info][gc,heap        ] GC(346) PSYoungGen: 213055K(220672K)->2208K(207872K) Eden: 212991K(212992K)->0K(205312K) From: 64K(7680K)->2208K(2560K)
[155.594s][info][gc,heap        ] GC(346) ParOldGen: 385268K(385536K)->385276K(385536K)
[155.594s][info][gc,metaspace   ] GC(346) Metaspace: 35084K(35776K)->35084K(35776K) NonClass: 25898K(26368K)->25898K(26368K) Class: 9185K(9408K)->9185K(9408K)
[155.594s][info][gc             ] GC(346) Pause Young (Allocation Failure) 584M->378M(579M) 5.606ms
[155.594s][info][gc,cpu         ] GC(346) User=0.01s Sys=0.00s Real=0.01s
[155.925s][info][gc,start       ] GC(347) Pause Young (Allocation Failure)
[155.975s][info][gc,heap        ] GC(347) PSYoungGen: 207520K(207872K)->7168K(253952K) Eden: 205312K(205312K)->0K(246784K) From: 2208K(2560K)->7168K(7168K)
[155.975s][info][gc,heap        ] GC(347) ParOldGen: 385276K(385536K)->401404K(401408K)
[155.975s][info][gc,metaspace   ] GC(347) Metaspace: 35084K(35776K)->35084K(35776K) NonClass: 25898K(26368K)->25898K(26368K) Class: 9185K(9408K)->9185K(9408K)
[155.975s][info][gc             ] GC(347) Pause Young (Allocation Failure) 578M->398M(640M) 50.109ms
[155.975s][info][gc,cpu         ] GC(347) User=0.09s Sys=0.01s Real=0.05s
[156.333s][info][gc,start       ] GC(348) Pause Young (Allocation Failure)
[156.397s][info][gc,heap        ] GC(348) PSYoungGen: 253952K(253952K)->7168K(253440K) Eden: 246784K(246784K)->0K(246272K) From: 7168K(7168K)->7168K(7168K)
[156.397s][info][gc,heap        ] GC(348) ParOldGen: 401404K(401408K)->422684K(422912K)
[156.397s][info][gc,metaspace   ] GC(348) Metaspace: 35084K(35776K)->35084K(35776K) NonClass: 25898K(26368K)->25898K(26368K) Class: 9185K(9408K)->9185K(9408K)
[156.397s][info][gc             ] GC(348) Pause Young (Allocation Failure) 639M->419M(660M) 64.538ms
[156.397s][info][gc,cpu         ] GC(348) User=0.11s Sys=0.02s Real=0.07s
[156.554s][info][gc,start       ] GC(349) Pause Young (Allocation Failure)
[156.576s][info][gc,heap        ] GC(349) PSYoungGen: 253440K(253440K)->9184K(269312K) Eden: 246272K(246272K)->0K(246272K) From: 7168K(7168K)->9184K(23040K)
[156.576s][info][gc,heap        ] GC(349) ParOldGen: 422684K(422912K)->423260K(423424K)
[156.576s][info][gc,metaspace   ] GC(349) Metaspace: 35084K(35776K)->35084K(35776K) NonClass: 25898K(26368K)->25898K(26368K) Class: 9185K(9408K)->9185K(9408K)
[156.576s][info][gc             ] GC(349) Pause Young (Allocation Failure) 660M->422M(676M) 21.600ms
[156.576s][info][gc,cpu         ] GC(349) User=0.04s Sys=0.00s Real=0.02s
[156.908s][info][gc,start       ] GC(350) Pause Young (Allocation Failure)
[156.910s][info][gc,heap        ] GC(350) PSYoungGen: 255456K(269312K)->64K(309248K) Eden: 246272K(246272K)->0K(288256K) From: 9184K(23040K)->64K(20992K)
[156.910s][info][gc,heap        ] GC(350) ParOldGen: 423260K(423424K)->423268K(423424K)
[156.910s][info][gc,metaspace   ] GC(350) Metaspace: 35084K(35776K)->35084K(35776K) NonClass: 25898K(26368K)->25898K(26368K) Class: 9185K(9408K)->9185K(9408K)
[156.910s][info][gc             ] GC(350) Pause Young (Allocation Failure) 662M->413M(715M) 1.709ms
[156.910s][info][gc,cpu         ] GC(350) User=0.01s Sys=0.00s Real=0.00s
[157.610s][info][gc,start       ] GC(351) Pause Young (Allocation Failure)
[157.612s][info][gc,heap        ] GC(351) PSYoungGen: 288320K(309248K)->64K(310272K) Eden: 288256K(288256K)->0K(288256K) From: 64K(20992K)->64K(22016K)
[157.612s][info][gc,heap        ] GC(351) ParOldGen: 423268K(423424K)->423276K(423424K)
[157.612s][info][gc,metaspace   ] GC(351) Metaspace: 35084K(35776K)->35084K(35776K) NonClass: 25898K(26368K)->25898K(26368K) Class: 9185K(9408K)->9185K(9408K)
[157.612s][info][gc             ] GC(351) Pause Young (Allocation Failure) 694M->413M(716M) 1.590ms
[157.612s][info][gc,cpu         ] GC(351) User=0.00s Sys=0.00s Real=0.00s
[158.114s][info][gc,start       ] GC(352) Pause Young (Allocation Failure)
[158.116s][info][gc,heap        ] GC(352) PSYoungGen: 288320K(310272K)->64K(310784K) Eden: 288256K(288256K)->0K(290816K) From: 64K(22016K)->64K(19968K)
[158.116s][info][gc,heap        ] GC(352) ParOldGen: 423276K(423424K)->423292K(423424K)
[158.116s][info][gc,metaspace   ] GC(352) Metaspace: 35084K(35776K)->35084K(35776K) NonClass: 25898K(26368K)->25898K(26368K) Class: 9185K(9408K)->9185K(9408K)
[158.116s][info][gc             ] GC(352) Pause Young (Allocation Failure) 694M->413M(717M) 1.738ms
[158.116s][info][gc,cpu         ] GC(352) User=0.00s Sys=0.00s Real=0.00s
[158.365s][info][gc,start       ] GC(353) Pause Young (Allocation Failure)
[158.367s][info][gc,heap        ] GC(353) PSYoungGen: 290880K(310784K)->64K(311296K) Eden: 290816K(290816K)->0K(290816K) From: 64K(19968K)->64K(20480K)
[158.367s][info][gc,heap        ] GC(353) ParOldGen: 423292K(423424K)->423308K(423424K)
[158.367s][info][gc,metaspace   ] GC(353) Metaspace: 35084K(35776K)->35084K(35776K) NonClass: 25898K(26368K)->25898K(26368K) Class: 9185K(9408K)->9185K(9408K)
[158.367s][info][gc             ] GC(353) Pause Young (Allocation Failure) 697M->413M(717M) 1.682ms
[158.367s][info][gc,cpu         ] GC(353) User=0.00s Sys=0.00s Real=0.00s
[158.613s][info][gc,start       ] GC(354) Pause Young (Allocation Failure)
[158.615s][info][gc,heap        ] GC(354) PSYoungGen: 290880K(311296K)->64K(312832K) Eden: 290816K(290816K)->0K(293888K) From: 64K(20480K)->64K(18944K)
[158.615s][info][gc,heap        ] GC(354) ParOldGen: 423308K(423424K)->423308K(423424K)
[158.615s][info][gc,metaspace   ] GC(354) Metaspace: 35084K(35776K)->35084K(35776K) NonClass: 25898K(26368K)->25898K(26368K) Class: 9185K(9408K)->9185K(9408K)
[158.615s][info][gc             ] GC(354) Pause Young (Allocation Failure) 697M->413M(719M) 1.588ms
[158.615s][info][gc,cpu         ] GC(354) User=0.01s Sys=0.00s Real=0.00s
[158.950s][info][gc,start       ] GC(355) Pause Young (Allocation Failure)
[158.951s][info][gc,heap        ] GC(355) PSYoungGen: 293952K(312832K)->64K(312832K) Eden: 293888K(293888K)->0K(293888K) From: 64K(18944K)->64K(18944K)
[158.951s][info][gc,heap        ] GC(355) ParOldGen: 423308K(423424K)->423308K(423424K)
[158.951s][info][gc,metaspace   ] GC(355) Metaspace: 35085K(35776K)->35085K(35776K) NonClass: 25900K(26368K)->25900K(26368K) Class: 9185K(9408K)->9185K(9408K)
[158.951s][info][gc             ] GC(355) Pause Young (Allocation Failure) 700M->413M(719M) 1.544ms
[158.951s][info][gc,cpu         ] GC(355) User=0.00s Sys=0.00s Real=0.00s
[159.004s][info][gc,start       ] GC(356) Pause Young (Allocation Failure)
[159.005s][info][gc,heap        ] GC(356) PSYoungGen: 293952K(312832K)->64K(313856K) Eden: 293888K(293888K)->0K(296960K) From: 64K(18944K)->64K(16896K)
[159.005s][info][gc,heap        ] GC(356) ParOldGen: 423308K(423424K)->423324K(423424K)
[159.005s][info][gc,metaspace   ] GC(356) Metaspace: 35085K(35776K)->35085K(35776K) NonClass: 25900K(26368K)->25900K(26368K) Class: 9185K(9408K)->9185K(9408K)
[159.005s][info][gc             ] GC(356) Pause Young (Allocation Failure) 700M->413M(720M) 1.675ms
[159.005s][info][gc,cpu         ] GC(356) User=0.01s Sys=0.00s Real=0.00s
[159.105s][info][gc,start       ] GC(357) Pause Young (Allocation Failure)
[159.107s][info][gc,heap        ] GC(357) PSYoungGen: 297024K(313856K)->64K(313856K) Eden: 296960K(296960K)->0K(296960K) From: 64K(16896K)->64K(16896K)
[159.107s][info][gc,heap        ] GC(357) ParOldGen: 423324K(423424K)->423324K(423424K)
[159.107s][info][gc,metaspace   ] GC(357) Metaspace: 35085K(35776K)->35085K(35776K) NonClass: 25900K(26368K)->25900K(26368K) Class: 9185K(9408K)->9185K(9408K)
[159.107s][info][gc             ] GC(357) Pause Young (Allocation Failure) 703M->413M(720M) 1.920ms
[159.107s][info][gc,cpu         ] GC(357) User=0.01s Sys=0.00s Real=0.00s
[159.459s][info][gc,start       ] GC(358) Pause Young (Allocation Failure)
[159.461s][info][gc,heap        ] GC(358) PSYoungGen: 297024K(313856K)->32K(316416K) Eden: 296960K(296960K)->0K(300544K) From: 64K(16896K)->32K(15872K)
[159.461s][info][gc,heap        ] GC(358) ParOldGen: 423324K(423424K)->423332K(423424K)
[159.461s][info][gc,metaspace   ] GC(358) Metaspace: 35085K(35776K)->35085K(35776K) NonClass: 25900K(26368K)->25900K(26368K) Class: 9185K(9408K)->9185K(9408K)
[159.461s][info][gc             ] GC(358) Pause Young (Allocation Failure) 703M->413M(722M) 1.949ms
[159.461s][info][gc,cpu         ] GC(358) User=0.00s Sys=0.00s Real=0.00s
[159.702s][info][gc,start       ] GC(359) Pause Young (Allocation Failure)
[159.703s][info][gc,heap        ] GC(359) PSYoungGen: 300576K(316416K)->64K(315904K) Eden: 300544K(300544K)->0K(300544K) From: 32K(15872K)->64K(15360K)
[159.703s][info][gc,heap        ] GC(359) ParOldGen: 423332K(423424K)->423332K(423424K)
[159.703s][info][gc,metaspace   ] GC(359) Metaspace: 35087K(35776K)->35087K(35776K) NonClass: 25902K(26368K)->25902K(26368K) Class: 9185K(9408K)->9185K(9408K)
[159.703s][info][gc             ] GC(359) Pause Young (Allocation Failure) 706M->413M(722M) 1.777ms
[159.704s][info][gc,cpu         ] GC(359) User=0.00s Sys=0.00s Real=0.01s
[159.794s][info][gc,start       ] GC(360) Pause Young (Allocation Failure)
[159.796s][info][gc,heap        ] GC(360) PSYoungGen: 300608K(315904K)->32K(317440K) Eden: 300544K(300544K)->0K(303616K) From: 64K(15360K)->32K(13824K)
[159.796s][info][gc,heap        ] GC(360) ParOldGen: 423332K(423424K)->423348K(423424K)
[159.796s][info][gc,metaspace   ] GC(360) Metaspace: 35087K(35776K)->35087K(35776K) NonClass: 25902K(26368K)->25902K(26368K) Class: 9185K(9408K)->9185K(9408K)
[159.796s][info][gc             ] GC(360) Pause Young (Allocation Failure) 706M->413M(723M) 1.903ms
[159.796s][info][gc,cpu         ] GC(360) User=0.00s Sys=0.00s Real=0.00s
[159.987s][info][gc,start       ] GC(361) Pause Young (Allocation Failure)
[159.988s][info][gc,heap        ] GC(361) PSYoungGen: 303648K(317440K)->32K(316928K) Eden: 303616K(303616K)->0K(303616K) From: 32K(13824K)->32K(13312K)
[159.988s][info][gc,heap        ] GC(361) ParOldGen: 423348K(423424K)->423348K(423424K)
[159.988s][info][gc,metaspace   ] GC(361) Metaspace: 35087K(35776K)->35087K(35776K) NonClass: 25902K(26368K)->25902K(26368K) Class: 9185K(9408K)->9185K(9408K)
[159.989s][info][gc             ] GC(361) Pause Young (Allocation Failure) 709M->413M(723M) 1.916ms
[159.989s][info][gc,cpu         ] GC(361) User=0.01s Sys=0.00s Real=0.00s
[161.043s][info][gc,start       ] GC(362) Pause Young (Allocation Failure)
[161.045s][info][gc,heap        ] GC(362) PSYoungGen: 303648K(316928K)->64K(319488K) Eden: 303616K(303616K)->0K(307712K) From: 32K(13312K)->64K(11776K)
[161.045s][info][gc,heap        ] GC(362) ParOldGen: 423348K(423424K)->423356K(423424K)
[161.045s][info][gc,metaspace   ] GC(362) Metaspace: 35087K(35776K)->35087K(35776K) NonClass: 25902K(26368K)->25902K(26368K) Class: 9185K(9408K)->9185K(9408K)
[161.045s][info][gc             ] GC(362) Pause Young (Allocation Failure) 709M->413M(725M) 1.693ms
[161.045s][info][gc,cpu         ] GC(362) User=0.00s Sys=0.00s Real=0.01s
[161.962s][info][gc,start       ] GC(363) Pause Young (Allocation Failure)
[161.963s][info][gc,heap        ] GC(363) PSYoungGen: 307776K(319488K)->64K(295936K) Eden: 307712K(307712K)->0K(295424K) From: 64K(11776K)->64K(512K)
[161.964s][info][gc,heap        ] GC(363) ParOldGen: 423356K(423424K)->423364K(423424K)
[161.964s][info][gc,metaspace   ] GC(363) Metaspace: 35087K(35776K)->35087K(35776K) NonClass: 25902K(26368K)->25902K(26368K) Class: 9185K(9408K)->9185K(9408K)
[161.964s][info][gc             ] GC(363) Pause Young (Allocation Failure) 713M->413M(702M) 1.657ms
[161.964s][info][gc,cpu         ] GC(363) User=0.00s Sys=0.00s Real=0.01s
[162.378s][info][gc,start       ] GC(364) Pause Young (Allocation Failure)
[162.380s][info][gc,heap        ] GC(364) PSYoungGen: 295488K(295936K)->64K(284160K) Eden: 295424K(295424K)->0K(283648K) From: 64K(512K)->64K(512K)
[162.380s][info][gc,heap        ] GC(364) ParOldGen: 423364K(423424K)->423372K(423424K)
[162.380s][info][gc,metaspace   ] GC(364) Metaspace: 35087K(35776K)->35087K(35776K) NonClass: 25902K(26368K)->25902K(26368K) Class: 9185K(9408K)->9185K(9408K)
[162.380s][info][gc             ] GC(364) Pause Young (Allocation Failure) 702M->413M(691M) 1.976ms
[162.380s][info][gc,cpu         ] GC(364) User=0.01s Sys=0.00s Real=0.00s
[163.593s][info][gc,start       ] GC(365) Pause Young (Allocation Failure)
[163.594s][info][gc,heap        ] GC(365) PSYoungGen: 283712K(284160K)->64K(282624K) Eden: 283648K(283648K)->0K(272384K) From: 64K(512K)->64K(10240K)
[163.594s][info][gc,heap        ] GC(365) ParOldGen: 423372K(423424K)->423380K(423424K)
[163.594s][info][gc,metaspace   ] GC(365) Metaspace: 35087K(35776K)->35087K(35776K) NonClass: 25902K(26368K)->25902K(26368K) Class: 9185K(9408K)->9185K(9408K)
[163.594s][info][gc             ] GC(365) Pause Young (Allocation Failure) 690M->413M(689M) 1.811ms
[163.594s][info][gc,cpu         ] GC(365) User=0.00s Sys=0.00s Real=0.01s
[164.036s][info][gc,start       ] GC(366) Pause Young (Allocation Failure)
[164.039s][info][gc,heap        ] GC(366) PSYoungGen: 272448K(282624K)->64K(262144K) Eden: 272384K(272384K)->0K(261632K) From: 64K(10240K)->64K(512K)
[164.039s][info][gc,heap        ] GC(366) ParOldGen: 423380K(423424K)->423388K(423424K)
[164.039s][info][gc,metaspace   ] GC(366) Metaspace: 35087K(35776K)->35087K(35776K) NonClass: 25902K(26368K)->25902K(26368K) Class: 9185K(9408K)->9185K(9408K)
[164.039s][info][gc             ] GC(366) Pause Young (Allocation Failure) 679M->413M(669M) 2.764ms
[164.039s][info][gc,cpu         ] GC(366) User=0.00s Sys=0.00s Real=0.00s
[164.252s][info][gc,start       ] GC(367) Pause Young (Allocation Failure)
[164.255s][info][gc,heap        ] GC(367) PSYoungGen: 261696K(262144K)->64K(260608K) Eden: 261632K(261632K)->0K(251392K) From: 64K(512K)->64K(9216K)
[164.255s][info][gc,heap        ] GC(367) ParOldGen: 423388K(423424K)->423404K(423424K)
[164.255s][info][gc,metaspace   ] GC(367) Metaspace: 35087K(35776K)->35087K(35776K) NonClass: 25902K(26368K)->25902K(26368K) Class: 9185K(9408K)->9185K(9408K)
[164.255s][info][gc             ] GC(367) Pause Young (Allocation Failure) 669M->413M(668M) 2.887ms
[164.255s][info][gc,cpu         ] GC(367) User=0.00s Sys=0.00s Real=0.01s
[164.374s][info][gc,start       ] GC(368) Pause Young (Allocation Failure)
[164.376s][info][gc,heap        ] GC(368) PSYoungGen: 251456K(260608K)->64K(292352K) Eden: 251392K(251392K)->0K(283648K) From: 64K(9216K)->64K(8704K)
[164.376s][info][gc,heap        ] GC(368) ParOldGen: 423404K(423424K)->423420K(423424K)
[164.376s][info][gc,metaspace   ] GC(368) Metaspace: 35087K(35776K)->35087K(35776K) NonClass: 25902K(26368K)->25902K(26368K) Class: 9185K(9408K)->9185K(9408K)
[164.376s][info][gc             ] GC(368) Pause Young (Allocation Failure) 659M->413M(699M) 2.918ms
[164.376s][info][gc,cpu         ] GC(368) User=0.00s Sys=0.00s Real=0.00s
[165.066s][info][gc,start       ] GC(369) Pause Young (Allocation Failure)
[165.070s][info][gc,heap        ] GC(369) PSYoungGen: 283712K(292352K)->64K(272896K) Eden: 283648K(283648K)->0K(272384K) From: 64K(8704K)->64K(512K)
[165.070s][info][gc,heap        ] GC(369) ParOldGen: 423420K(423424K)->423436K(423936K)
[165.070s][info][gc,metaspace   ] GC(369) Metaspace: 35087K(35776K)->35087K(35776K) NonClass: 25902K(26368K)->25902K(26368K) Class: 9185K(9408K)->9185K(9408K)
[165.070s][info][gc             ] GC(369) Pause Young (Allocation Failure) 690M->413M(680M) 4.006ms
[165.070s][info][gc,cpu         ] GC(369) User=0.01s Sys=0.00s Real=0.00s
[165.497s][info][gc,start       ] GC(370) Pause Young (Allocation Failure)
[165.503s][info][gc,heap        ] GC(370) PSYoungGen: 272448K(272896K)->2752K(284160K) Eden: 272384K(272384K)->0K(276992K) From: 64K(512K)->2752K(7168K)
[165.503s][info][gc,heap        ] GC(370) ParOldGen: 423436K(423936K)->423444K(423936K)
[165.503s][info][gc,metaspace   ] GC(370) Metaspace: 35087K(35776K)->35087K(35776K) NonClass: 25902K(26368K)->25902K(26368K) Class: 9185K(9408K)->9185K(9408K)
[165.503s][info][gc             ] GC(370) Pause Young (Allocation Failure) 679M->416M(691M) 6.741ms
[165.503s][info][gc,cpu         ] GC(370) User=0.01s Sys=0.00s Real=0.01s
[165.879s][info][gc,start       ] GC(371) Pause Young (Allocation Failure)
[165.948s][info][gc,heap        ] GC(371) PSYoungGen: 279744K(284160K)->7680K(284672K) Eden: 276992K(276992K)->0K(276992K) From: 2752K(7168K)->7680K(7680K)
[165.948s][info][gc,heap        ] GC(371) ParOldGen: 423444K(423936K)->447204K(447488K)
[165.948s][info][gc,metaspace   ] GC(371) Metaspace: 35087K(35776K)->35087K(35776K) NonClass: 25902K(26368K)->25902K(26368K) Class: 9185K(9408K)->9185K(9408K)
[165.948s][info][gc             ] GC(371) Pause Young (Allocation Failure) 686M->444M(715M) 69.006ms
[165.948s][info][gc,cpu         ] GC(371) User=0.11s Sys=0.02s Real=0.07s
[166.294s][info][gc,start       ] GC(372) Pause Young (Allocation Failure)
[166.372s][info][gc,heap        ] GC(372) PSYoungGen: 284672K(284672K)->17920K(299520K) Eden: 276992K(276992K)->0K(281600K) From: 7680K(7680K)->17920K(17920K)
[166.372s][info][gc,heap        ] GC(372) ParOldGen: 447204K(447488K)->458428K(458752K)
[166.372s][info][gc,metaspace   ] GC(372) Metaspace: 35087K(35776K)->35087K(35776K) NonClass: 25902K(26368K)->25902K(26368K) Class: 9185K(9408K)->9185K(9408K)
[166.372s][info][gc             ] GC(372) Pause Young (Allocation Failure) 714M->465M(740M) 77.228ms
[166.372s][info][gc,cpu         ] GC(372) User=0.12s Sys=0.02s Real=0.07s
[166.482s][info][gc,start       ] GC(373) Pause Young (Allocation Failure)
[166.487s][info][gc,heap        ] GC(373) PSYoungGen: 299520K(299520K)->64K(307712K) Eden: 281600K(281600K)->0K(281600K) From: 17920K(17920K)->64K(26112K)
[166.487s][info][gc,heap        ] GC(373) ParOldGen: 458428K(458752K)->458716K(458752K)
[166.487s][info][gc,metaspace   ] GC(373) Metaspace: 35087K(35776K)->35087K(35776K) NonClass: 25902K(26368K)->25902K(26368K) Class: 9185K(9408K)->9185K(9408K)
[166.487s][info][gc             ] GC(373) Pause Young (Allocation Failure) 740M->448M(748M) 4.968ms
[166.487s][info][gc,cpu         ] GC(373) User=0.01s Sys=0.00s Real=0.01s
[167.236s][info][gc,start       ] GC(374) Pause Young (Allocation Failure)
[167.238s][info][gc,heap        ] GC(374) PSYoungGen: 281664K(307712K)->64K(304640K) Eden: 281600K(281600K)->0K(282624K) From: 64K(26112K)->64K(22016K)
[167.238s][info][gc,heap        ] GC(374) ParOldGen: 458716K(458752K)->458724K(458752K)
[167.238s][info][gc,metaspace   ] GC(374) Metaspace: 35087K(35776K)->35087K(35776K) NonClass: 25902K(26368K)->25902K(26368K) Class: 9185K(9408K)->9185K(9408K)
[167.238s][info][gc             ] GC(374) Pause Young (Allocation Failure) 723M->448M(745M) 2.129ms
[167.238s][info][gc,cpu         ] GC(374) User=0.00s Sys=0.00s Real=0.00s
[167.640s][info][gc,start       ] GC(375) Pause Young (Allocation Failure)
[167.642s][info][gc,heap        ] GC(375) PSYoungGen: 282688K(304640K)->64K(306688K) Eden: 282624K(282624K)->0K(282624K) From: 64K(22016K)->64K(24064K)
[167.642s][info][gc,heap        ] GC(375) ParOldGen: 458724K(458752K)->458732K(458752K)
[167.642s][info][gc,metaspace   ] GC(375) Metaspace: 35087K(35776K)->35087K(35776K) NonClass: 25902K(26368K)->25902K(26368K) Class: 9185K(9408K)->9185K(9408K)
[167.642s][info][gc             ] GC(375) Pause Young (Allocation Failure) 724M->448M(747M) 1.906ms
[167.642s][info][gc,cpu         ] GC(375) User=0.00s Sys=0.00s Real=0.00s
[168.102s][info][gc,start       ] GC(376) Pause Young (Allocation Failure)
[168.104s][info][gc,heap        ] GC(376) PSYoungGen: 282688K(306688K)->64K(307200K) Eden: 282624K(282624K)->0K(286208K) From: 64K(24064K)->64K(20992K)
[168.104s][info][gc,heap        ] GC(376) ParOldGen: 458732K(458752K)->458748K(458752K)
[168.104s][info][gc,metaspace   ] GC(376) Metaspace: 35087K(35776K)->35087K(35776K) NonClass: 25902K(26368K)->25902K(26368K) Class: 9185K(9408K)->9185K(9408K)
[168.104s][info][gc             ] GC(376) Pause Young (Allocation Failure) 724M->448M(748M) 1.873ms
[168.104s][info][gc,cpu         ] GC(376) User=0.00s Sys=0.00s Real=0.01s
[168.348s][info][gc,start       ] GC(377) Pause Young (Allocation Failure)
[168.349s][info][gc,heap        ] GC(377) PSYoungGen: 286272K(307200K)->64K(308736K) Eden: 286208K(286208K)->0K(286208K) From: 64K(20992K)->64K(22528K)
[168.349s][info][gc,heap        ] GC(377) ParOldGen: 458748K(458752K)->458764K(459264K)
[168.349s][info][gc,metaspace   ] GC(377) Metaspace: 35087K(35776K)->35087K(35776K) NonClass: 25902K(26368K)->25902K(26368K) Class: 9185K(9408K)->9185K(9408K)
[168.349s][info][gc             ] GC(377) Pause Young (Allocation Failure) 727M->448M(750M) 1.750ms
[168.349s][info][gc,cpu         ] GC(377) User=0.00s Sys=0.00s Real=0.00s
[168.738s][info][gc,start       ] GC(378) Pause Young (Allocation Failure)
[168.740s][info][gc,heap        ] GC(378) PSYoungGen: 286272K(308736K)->64K(309248K) Eden: 286208K(286208K)->0K(290304K) From: 64K(22528K)->64K(18944K)
[168.740s][info][gc,heap        ] GC(378) ParOldGen: 458764K(459264K)->458764K(459264K)
[168.740s][info][gc,metaspace   ] GC(378) Metaspace: 35087K(35776K)->35087K(35776K) NonClass: 25902K(26368K)->25902K(26368K) Class: 9185K(9408K)->9185K(9408K)
[168.740s][info][gc             ] GC(378) Pause Young (Allocation Failure) 727M->448M(750M) 1.733ms
[168.740s][info][gc,cpu         ] GC(378) User=0.00s Sys=0.00s Real=0.00s
[168.826s][info][gc,start       ] GC(379) Pause Young (Allocation Failure)
[168.827s][info][gc,heap        ] GC(379) PSYoungGen: 290368K(309248K)->64K(310272K) Eden: 290304K(290304K)->0K(290304K) From: 64K(18944K)->64K(19968K)
[168.827s][info][gc,heap        ] GC(379) ParOldGen: 458764K(459264K)->458772K(459264K)
[168.827s][info][gc,metaspace   ] GC(379) Metaspace: 35087K(35776K)->35087K(35776K) NonClass: 25902K(26368K)->25902K(26368K) Class: 9185K(9408K)->9185K(9408K)
[168.827s][info][gc             ] GC(379) Pause Young (Allocation Failure) 731M->448M(751M) 1.746ms
[168.827s][info][gc,cpu         ] GC(379) User=0.01s Sys=0.00s Real=0.00s
[168.880s][info][gc,start       ] GC(380) Pause Young (Allocation Failure)
[168.882s][info][gc,heap        ] GC(380) PSYoungGen: 290368K(310272K)->64K(311808K) Eden: 290304K(290304K)->0K(294912K) From: 64K(19968K)->64K(16896K)
[168.882s][info][gc,heap        ] GC(380) ParOldGen: 458772K(459264K)->458788K(459264K)
[168.882s][info][gc,metaspace   ] GC(380) Metaspace: 35087K(35776K)->35087K(35776K) NonClass: 25902K(26368K)->25902K(26368K) Class: 9185K(9408K)->9185K(9408K)
[168.882s][info][gc             ] GC(380) Pause Young (Allocation Failure) 731M->448M(753M) 1.622ms
[168.882s][info][gc,cpu         ] GC(380) User=0.00s Sys=0.00s Real=0.00s
[169.133s][info][gc,start       ] GC(381) Pause Young (Allocation Failure)
[169.134s][info][gc,heap        ] GC(381) PSYoungGen: 294976K(311808K)->64K(312832K) Eden: 294912K(294912K)->0K(294912K) From: 64K(16896K)->64K(17920K)
[169.134s][info][gc,heap        ] GC(381) ParOldGen: 458788K(459264K)->458796K(459264K)
[169.134s][info][gc,metaspace   ] GC(381) Metaspace: 35095K(35776K)->35095K(35776K) NonClass: 25910K(26368K)->25910K(26368K) Class: 9185K(9408K)->9185K(9408K)
[169.134s][info][gc             ] GC(381) Pause Young (Allocation Failure) 736M->448M(754M) 1.894ms
[169.134s][info][gc,cpu         ] GC(381) User=0.00s Sys=0.00s Real=0.01s
[169.451s][info][gc,start       ] GC(382) Pause Young (Allocation Failure)
[169.452s][info][gc,heap        ] GC(382) PSYoungGen: 294976K(312832K)->64K(313856K) Eden: 294912K(294912K)->0K(299008K) From: 64K(17920K)->64K(14848K)
[169.452s][info][gc,heap        ] GC(382) ParOldGen: 458796K(459264K)->458804K(459264K)
[169.452s][info][gc,metaspace   ] GC(382) Metaspace: 35096K(35776K)->35096K(35776K) NonClass: 25911K(26368K)->25911K(26368K) Class: 9185K(9408K)->9185K(9408K)
[169.452s][info][gc             ] GC(382) Pause Young (Allocation Failure) 736M->448M(755M) 1.907ms
[169.452s][info][gc,cpu         ] GC(382) User=0.00s Sys=0.00s Real=0.00s
[169.607s][info][gc,start       ] GC(383) Pause Young (Allocation Failure)
[169.609s][info][gc,heap        ] GC(383) PSYoungGen: 299072K(313856K)->64K(314880K) Eden: 299008K(299008K)->0K(299008K) From: 64K(14848K)->64K(15872K)
[169.609s][info][gc,heap        ] GC(383) ParOldGen: 458804K(459264K)->458812K(459264K)
[169.609s][info][gc,metaspace   ] GC(383) Metaspace: 35096K(35776K)->35096K(35776K) NonClass: 25911K(26368K)->25911K(26368K) Class: 9185K(9408K)->9185K(9408K)
[169.609s][info][gc             ] GC(383) Pause Young (Allocation Failure) 740M->448M(756M) 1.816ms
[169.609s][info][gc,cpu         ] GC(383) User=0.00s Sys=0.00s Real=0.00s
[169.731s][info][gc,start       ] GC(384) Pause Young (Allocation Failure)
[169.733s][info][gc,heap        ] GC(384) PSYoungGen: 299072K(314880K)->64K(316928K) Eden: 299008K(299008K)->0K(303104K) From: 64K(15872K)->64K(13824K)
[169.733s][info][gc,heap        ] GC(384) ParOldGen: 458812K(459264K)->458820K(459264K)
[169.733s][info][gc,metaspace   ] GC(384) Metaspace: 35096K(35776K)->35096K(35776K) NonClass: 25911K(26368K)->25911K(26368K) Class: 9185K(9408K)->9185K(9408K)
[169.733s][info][gc             ] GC(384) Pause Young (Allocation Failure) 740M->448M(758M) 1.790ms
[169.733s][info][gc,cpu         ] GC(384) User=0.00s Sys=0.00s Real=0.01s
[170.047s][info][gc,start       ] GC(385) Pause Young (Allocation Failure)
[170.049s][info][gc,heap        ] GC(385) PSYoungGen: 303168K(316928K)->64K(317440K) Eden: 303104K(303104K)->0K(303104K) From: 64K(13824K)->64K(14336K)
[170.049s][info][gc,heap        ] GC(385) ParOldGen: 458820K(459264K)->458828K(459264K)
[170.049s][info][gc,metaspace   ] GC(385) Metaspace: 35096K(35776K)->35096K(35776K) NonClass: 25911K(26368K)->25911K(26368K) Class: 9185K(9408K)->9185K(9408K)
[170.049s][info][gc             ] GC(385) Pause Young (Allocation Failure) 744M->448M(758M) 1.742ms
[170.049s][info][gc,cpu         ] GC(385) User=0.00s Sys=0.00s Real=0.00s
[170.925s][info][gc,start       ] GC(386) Pause Young (Allocation Failure)
[170.927s][info][gc,heap        ] GC(386) PSYoungGen: 303168K(317440K)->83K(291328K) Eden: 303104K(303104K)->0K(290816K) From: 64K(14336K)->83K(512K)
[170.928s][info][gc,heap        ] GC(386) ParOldGen: 458828K(459264K)->458836K(459264K)
[170.928s][info][gc,metaspace   ] GC(386) Metaspace: 35096K(35776K)->35096K(35776K) NonClass: 25911K(26368K)->25911K(26368K) Class: 9185K(9408K)->9185K(9408K)
[170.928s][info][gc             ] GC(386) Pause Young (Allocation Failure) 744M->448M(733M) 2.538ms
[170.928s][info][gc,cpu         ] GC(386) User=0.00s Sys=0.01s Real=0.00s
[171.941s][info][gc,start       ] GC(387) Pause Young (Allocation Failure)
[171.942s][info][gc,heap        ] GC(387) PSYoungGen: 290899K(291328K)->64K(291328K) Eden: 290816K(290816K)->0K(279040K) From: 83K(512K)->64K(12288K)
[171.942s][info][gc,heap        ] GC(387) ParOldGen: 458836K(459264K)->458844K(459264K)
[171.942s][info][gc,metaspace   ] GC(387) Metaspace: 35096K(35776K)->35096K(35776K) NonClass: 25911K(26368K)->25911K(26368K) Class: 9185K(9408K)->9185K(9408K)
[171.942s][info][gc             ] GC(387) Pause Young (Allocation Failure) 732M->448M(733M) 1.706ms
[171.942s][info][gc,cpu         ] GC(387) User=0.01s Sys=0.00s Real=0.00s
[172.448s][info][gc,start       ] GC(388) Pause Young (Allocation Failure)
[172.450s][info][gc,heap        ] GC(388) PSYoungGen: 279104K(291328K)->64K(268288K) Eden: 279040K(279040K)->0K(267776K) From: 64K(12288K)->64K(512K)
[172.450s][info][gc,heap        ] GC(388) ParOldGen: 458844K(459264K)->458852K(459264K)
[172.450s][info][gc,metaspace   ] GC(388) Metaspace: 35096K(35776K)->35096K(35776K) NonClass: 25911K(26368K)->25911K(26368K) Class: 9185K(9408K)->9185K(9408K)
[172.450s][info][gc             ] GC(388) Pause Young (Allocation Failure) 720M->448M(710M) 2.102ms
[172.450s][info][gc,cpu         ] GC(388) User=0.00s Sys=0.00s Real=0.00s
[173.537s][info][gc,start       ] GC(389) Pause Young (Allocation Failure)
[173.539s][info][gc,heap        ] GC(389) PSYoungGen: 267840K(268288K)->64K(267776K) Eden: 267776K(267776K)->0K(257024K) From: 64K(512K)->64K(10752K)
[173.539s][info][gc,heap        ] GC(389) ParOldGen: 458852K(459264K)->458860K(459264K)
[173.539s][info][gc,metaspace   ] GC(389) Metaspace: 35096K(35776K)->35096K(35776K) NonClass: 25911K(26368K)->25911K(26368K) Class: 9185K(9408K)->9185K(9408K)
[173.539s][info][gc             ] GC(389) Pause Young (Allocation Failure) 709M->448M(710M) 1.768ms
[173.539s][info][gc,cpu         ] GC(389) User=0.01s Sys=0.00s Real=0.00s
[173.953s][info][gc,start       ] GC(390) Pause Young (Allocation Failure)
[173.955s][info][gc,heap        ] GC(390) PSYoungGen: 257088K(267776K)->64K(247296K) Eden: 257024K(257024K)->0K(246784K) From: 64K(10752K)->64K(512K)
[173.955s][info][gc,heap        ] GC(390) ParOldGen: 458860K(459264K)->458868K(459264K)
[173.955s][info][gc,metaspace   ] GC(390) Metaspace: 35096K(35776K)->35096K(35776K) NonClass: 25911K(26368K)->25911K(26368K) Class: 9185K(9408K)->9185K(9408K)
[173.955s][info][gc             ] GC(390) Pause Young (Allocation Failure) 699M->448M(690M) 2.004ms
[173.955s][info][gc,cpu         ] GC(390) User=0.00s Sys=0.00s Real=0.01s
[174.120s][info][gc,start       ] GC(391) Pause Young (Allocation Failure)
[174.122s][info][gc,heap        ] GC(391) PSYoungGen: 246848K(247296K)->64K(246272K) Eden: 246784K(246784K)->0K(237056K) From: 64K(512K)->64K(9216K)
[174.122s][info][gc,heap        ] GC(391) ParOldGen: 458868K(459264K)->458876K(459264K)
[174.122s][info][gc,metaspace   ] GC(391) Metaspace: 35096K(35776K)->35096K(35776K) NonClass: 25911K(26368K)->25911K(26368K) Class: 9185K(9408K)->9185K(9408K)
[174.122s][info][gc             ] GC(391) Pause Young (Allocation Failure) 689M->448M(689M) 1.922ms
[174.122s][info][gc,cpu         ] GC(391) User=0.00s Sys=0.00s Real=0.00s
[174.364s][info][gc,start       ] GC(392) Pause Young (Allocation Failure)
[174.366s][info][gc,heap        ] GC(392) PSYoungGen: 237120K(246272K)->64K(228352K) Eden: 237056K(237056K)->0K(227840K) From: 64K(9216K)->64K(512K)
[174.366s][info][gc,heap        ] GC(392) ParOldGen: 458876K(459264K)->458884K(459264K)
[174.366s][info][gc,metaspace   ] GC(392) Metaspace: 35096K(35776K)->35096K(35776K) NonClass: 25911K(26368K)->25911K(26368K) Class: 9185K(9408K)->9185K(9408K)
[174.367s][info][gc             ] GC(392) Pause Young (Allocation Failure) 679M->448M(671M) 2.957ms
[174.367s][info][gc,cpu         ] GC(392) User=0.00s Sys=0.00s Real=0.00s
[174.908s][info][gc,start       ] GC(393) Pause Young (Allocation Failure)
[174.911s][info][gc,heap        ] GC(393) PSYoungGen: 227904K(228352K)->64K(227328K) Eden: 227840K(227840K)->0K(219136K) From: 64K(512K)->64K(8192K)
[174.911s][info][gc,heap        ] GC(393) ParOldGen: 458884K(459264K)->458892K(459264K)
[174.911s][info][gc,metaspace   ] GC(393) Metaspace: 35096K(35776K)->35096K(35776K) NonClass: 25911K(26368K)->25911K(26368K) Class: 9185K(9408K)->9185K(9408K)
[174.911s][info][gc             ] GC(393) Pause Young (Allocation Failure) 670M->448M(670M) 2.852ms
[174.911s][info][gc,cpu         ] GC(393) User=0.01s Sys=0.00s Real=0.00s
[175.217s][info][gc,start       ] GC(394) Pause Young (Allocation Failure)
[175.221s][info][gc,heap        ] GC(394) PSYoungGen: 219200K(227328K)->64K(211456K) Eden: 219136K(219136K)->0K(210944K) From: 64K(8192K)->64K(512K)
[175.221s][info][gc,heap        ] GC(394) ParOldGen: 458892K(459264K)->458900K(459264K)
[175.221s][info][gc,metaspace   ] GC(394) Metaspace: 35096K(35776K)->35096K(35776K) NonClass: 25911K(26368K)->25911K(26368K) Class: 9185K(9408K)->9185K(9408K)
[175.221s][info][gc             ] GC(394) Pause Young (Allocation Failure) 662M->448M(655M) 3.807ms
[175.221s][info][gc,cpu         ] GC(394) User=0.01s Sys=0.00s Real=0.00s
[175.552s][info][gc,start       ] GC(395) Pause Young (Allocation Failure)
[175.611s][info][gc,heap        ] GC(395) PSYoungGen: 211008K(211456K)->7168K(260608K) Eden: 210944K(210944K)->0K(253440K) From: 64K(512K)->7168K(7168K)
[175.611s][info][gc,heap        ] GC(395) ParOldGen: 458900K(459264K)->471388K(471552K)
[175.611s][info][gc,metaspace   ] GC(395) Metaspace: 35096K(35776K)->35096K(35776K) NonClass: 25911K(26368K)->25911K(26368K) Class: 9185K(9408K)->9185K(9408K)
[175.611s][info][gc             ] GC(395) Pause Young (Allocation Failure) 654M->467M(715M) 59.447ms
[175.611s][info][gc,cpu         ] GC(395) User=0.07s Sys=0.01s Real=0.06s
[175.959s][info][gc,start       ] GC(396) Pause Young (Allocation Failure)
[176.025s][info][gc,heap        ] GC(396) PSYoungGen: 260608K(260608K)->7168K(261120K) Eden: 253440K(253440K)->0K(253952K) From: 7168K(7168K)->7168K(7168K)
[176.025s][info][gc,heap        ] GC(396) ParOldGen: 471388K(471552K)->493324K(493568K)
[176.025s][info][gc,metaspace   ] GC(396) Metaspace: 35096K(35776K)->35096K(35776K) NonClass: 25911K(26368K)->25911K(26368K) Class: 9185K(9408K)->9185K(9408K)
[176.025s][info][gc             ] GC(396) Pause Young (Allocation Failure) 714M->488M(737M) 66.146ms
[176.025s][info][gc,cpu         ] GC(396) User=0.11s Sys=0.02s Real=0.07s
[176.232s][info][gc,start       ] GC(397) Pause Young (Allocation Failure)
[176.262s][info][gc,heap        ] GC(397) PSYoungGen: 261120K(261120K)->14240K(275968K) Eden: 253952K(253952K)->0K(253952K) From: 7168K(7168K)->14240K(22016K)
[176.262s][info][gc,heap        ] GC(397) ParOldGen: 493324K(493568K)->493916K(494080K)
[176.262s][info][gc,metaspace   ] GC(397) Metaspace: 35096K(35776K)->35096K(35776K) NonClass: 25911K(26368K)->25911K(26368K) Class: 9185K(9408K)->9185K(9408K)
[176.262s][info][gc             ] GC(397) Pause Young (Allocation Failure) 736M->496M(752M) 30.059ms
[176.262s][info][gc,cpu         ] GC(397) User=0.06s Sys=0.00s Real=0.03s
[176.530s][info][gc,start       ] GC(398) Pause Young (Allocation Failure)
[176.531s][info][gc,heap        ] GC(398) PSYoungGen: 268192K(275968K)->64K(310784K) Eden: 253952K(253952K)->0K(286720K) From: 14240K(22016K)->64K(24064K)
[176.531s][info][gc,heap        ] GC(398) ParOldGen: 493916K(494080K)->493924K(494080K)
[176.531s][info][gc,metaspace   ] GC(398) Metaspace: 35096K(35776K)->35096K(35776K) NonClass: 25911K(26368K)->25911K(26368K) Class: 9185K(9408K)->9185K(9408K)
[176.531s][info][gc             ] GC(398) Pause Young (Allocation Failure) 744M->482M(786M) 1.811ms
[176.531s][info][gc,cpu         ] GC(398) User=0.01s Sys=0.00s Real=0.00s
[177.274s][info][gc,start       ] GC(399) Pause Young (Allocation Failure)
[177.276s][info][gc,heap        ] GC(399) PSYoungGen: 286784K(310784K)->64K(287232K) Eden: 286720K(286720K)->0K(286720K) From: 64K(24064K)->64K(512K)
[177.276s][info][gc,heap        ] GC(399) ParOldGen: 493924K(494080K)->493932K(494080K)
[177.276s][info][gc,metaspace   ] GC(399) Metaspace: 35096K(35776K)->35096K(35776K) NonClass: 25911K(26368K)->25911K(26368K) Class: 9185K(9408K)->9185K(9408K)
[177.276s][info][gc             ] GC(399) Pause Young (Allocation Failure) 762M->482M(763M) 2.036ms
[177.276s][info][gc,cpu         ] GC(399) User=0.00s Sys=0.00s Real=0.00s
[177.786s][info][gc,start       ] GC(400) Pause Young (Allocation Failure)
[177.788s][info][gc,heap        ] GC(400) PSYoungGen: 286784K(287232K)->64K(310272K) Eden: 286720K(286720K)->0K(287744K) From: 64K(512K)->64K(22528K)
[177.788s][info][gc,heap        ] GC(400) ParOldGen: 493932K(494080K)->493948K(494080K)
[177.788s][info][gc,metaspace   ] GC(400) Metaspace: 35096K(35776K)->35096K(35776K) NonClass: 25911K(26368K)->25911K(26368K) Class: 9185K(9408K)->9185K(9408K)
[177.788s][info][gc             ] GC(400) Pause Young (Allocation Failure) 762M->482M(785M) 1.850ms
[177.788s][info][gc,cpu         ] GC(400) User=0.00s Sys=0.00s Real=0.00s
[178.036s][info][gc,start       ] GC(401) Pause Young (Allocation Failure)
[178.038s][info][gc,heap        ] GC(401) PSYoungGen: 287808K(310272K)->64K(309248K) Eden: 287744K(287744K)->0K(287744K) From: 64K(22528K)->64K(21504K)
[178.038s][info][gc,heap        ] GC(401) ParOldGen: 493948K(494080K)->493964K(494080K)
[178.038s][info][gc,metaspace   ] GC(401) Metaspace: 35096K(35776K)->35096K(35776K) NonClass: 25911K(26368K)->25911K(26368K) Class: 9185K(9408K)->9185K(9408K)
[178.038s][info][gc             ] GC(401) Pause Young (Allocation Failure) 763M->482M(784M) 1.942ms
[178.038s][info][gc,cpu         ] GC(401) User=0.01s Sys=0.00s Real=0.00s
[178.292s][info][gc,start       ] GC(402) Pause Young (Allocation Failure)
[178.294s][info][gc,heap        ] GC(402) PSYoungGen: 287808K(309248K)->64K(311296K) Eden: 287744K(287744K)->0K(290816K) From: 64K(21504K)->64K(20480K)
[178.294s][info][gc,heap        ] GC(402) ParOldGen: 493964K(494080K)->493964K(494080K)
[178.294s][info][gc,metaspace   ] GC(402) Metaspace: 35096K(35776K)->35096K(35776K) NonClass: 25911K(26368K)->25911K(26368K) Class: 9185K(9408K)->9185K(9408K)
[178.294s][info][gc             ] GC(402) Pause Young (Allocation Failure) 763M->482M(786M) 1.730ms
[178.294s][info][gc,cpu         ] GC(402) User=0.00s Sys=0.00s Real=0.01s
[178.662s][info][gc,start       ] GC(403) Pause Young (Allocation Failure)
[178.664s][info][gc,heap        ] GC(403) PSYoungGen: 290880K(311296K)->64K(310272K) Eden: 290816K(290816K)->0K(290816K) From: 64K(20480K)->64K(19456K)
[178.664s][info][gc,heap        ] GC(403) ParOldGen: 493964K(494080K)->493964K(494080K)
[178.664s][info][gc,metaspace   ] GC(403) Metaspace: 35096K(35776K)->35096K(35776K) NonClass: 25911K(26368K)->25911K(26368K) Class: 9185K(9408K)->9185K(9408K)
[178.664s][info][gc             ] GC(403) Pause Young (Allocation Failure) 766M->482M(785M) 1.731ms
[178.664s][info][gc,cpu         ] GC(403) User=0.00s Sys=0.00s Real=0.01s
[178.715s][info][gc,start       ] GC(404) Pause Young (Allocation Failure)
[178.717s][info][gc,heap        ] GC(404) PSYoungGen: 290880K(310272K)->64K(312832K) Eden: 290816K(290816K)->0K(294400K) From: 64K(19456K)->64K(18432K)
[178.717s][info][gc,heap        ] GC(404) ParOldGen: 493964K(494080K)->493980K(494080K)
[178.717s][info][gc,metaspace   ] GC(404) Metaspace: 35096K(35776K)->35096K(35776K) NonClass: 25911K(26368K)->25911K(26368K) Class: 9185K(9408K)->9185K(9408K)
[178.717s][info][gc             ] GC(404) Pause Young (Allocation Failure) 766M->482M(788M) 1.732ms
[178.717s][info][gc,cpu         ] GC(404) User=0.01s Sys=0.00s Real=0.00s
[178.773s][info][gc,start       ] GC(405) Pause Young (Allocation Failure)
[178.775s][info][gc,heap        ] GC(405) PSYoungGen: 294464K(312832K)->64K(312320K) Eden: 294400K(294400K)->0K(294400K) From: 64K(18432K)->64K(17920K)
[178.775s][info][gc,heap        ] GC(405) ParOldGen: 493980K(494080K)->493980K(494080K)
[178.775s][info][gc,metaspace   ] GC(405) Metaspace: 35096K(35776K)->35096K(35776K) NonClass: 25911K(26368K)->25911K(26368K) Class: 9185K(9408K)->9185K(9408K)
[178.775s][info][gc             ] GC(405) Pause Young (Allocation Failure) 769M->482M(787M) 1.825ms
[178.775s][info][gc,cpu         ] GC(405) User=0.00s Sys=0.00s Real=0.00s
[179.123s][info][gc,start       ] GC(406) Pause Young (Allocation Failure)
[179.125s][info][gc,heap        ] GC(406) PSYoungGen: 294464K(312320K)->64K(314880K) Eden: 294400K(294400K)->0K(298496K) From: 64K(17920K)->64K(16384K)
[179.125s][info][gc,heap        ] GC(406) ParOldGen: 493980K(494080K)->493980K(494080K)
[179.125s][info][gc,metaspace   ] GC(406) Metaspace: 35096K(35776K)->35096K(35776K) NonClass: 25911K(26368K)->25911K(26368K) Class: 9185K(9408K)->9185K(9408K)
[179.125s][info][gc             ] GC(406) Pause Young (Allocation Failure) 769M->482M(790M) 1.751ms
[179.125s][info][gc,cpu         ] GC(406) User=0.00s Sys=0.00s Real=0.00s
[179.402s][info][gc,start       ] GC(407) Pause Young (Allocation Failure)
[179.404s][info][gc,heap        ] GC(407) PSYoungGen: 298560K(314880K)->64K(314368K) Eden: 298496K(298496K)->0K(298496K) From: 64K(16384K)->64K(15872K)
[179.404s][info][gc,heap        ] GC(407) ParOldGen: 493980K(494080K)->493988K(494080K)
[179.404s][info][gc,metaspace   ] GC(407) Metaspace: 35096K(35776K)->35096K(35776K) NonClass: 25911K(26368K)->25911K(26368K) Class: 9185K(9408K)->9185K(9408K)
[179.404s][info][gc             ] GC(407) Pause Young (Allocation Failure) 773M->482M(789M) 1.858ms
[179.404s][info][gc,cpu         ] GC(407) User=0.01s Sys=0.00s Real=0.01s
[179.497s][info][gc,start       ] GC(408) Pause Young (Allocation Failure)
[179.499s][info][gc,heap        ] GC(408) PSYoungGen: 298560K(314368K)->64K(316928K) Eden: 298496K(298496K)->0K(302592K) From: 64K(15872K)->64K(14336K)
[179.499s][info][gc,heap        ] GC(408) ParOldGen: 493988K(494080K)->493996K(494080K)
[179.499s][info][gc,metaspace   ] GC(408) Metaspace: 35096K(35776K)->35096K(35776K) NonClass: 25911K(26368K)->25911K(26368K) Class: 9185K(9408K)->9185K(9408K)
[179.499s][info][gc             ] GC(408) Pause Young (Allocation Failure) 773M->482M(792M) 2.244ms
[179.499s][info][gc,cpu         ] GC(408) User=0.00s Sys=0.00s Real=0.00s
[179.666s][info][gc,start       ] GC(409) Pause Young (Allocation Failure)
[179.669s][info][gc,heap        ] GC(409) PSYoungGen: 302656K(316928K)->64K(316416K) Eden: 302592K(302592K)->0K(302592K) From: 64K(14336K)->64K(13824K)
[179.669s][info][gc,heap        ] GC(409) ParOldGen: 493996K(494080K)->494004K(494080K)
[179.669s][info][gc,metaspace   ] GC(409) Metaspace: 35096K(35776K)->35096K(35776K) NonClass: 25911K(26368K)->25911K(26368K) Class: 9185K(9408K)->9185K(9408K)
[179.669s][info][gc             ] GC(409) Pause Young (Allocation Failure) 777M->482M(791M) 3.208ms
[179.669s][info][gc,cpu         ] GC(409) User=0.01s Sys=0.00s Real=0.00s
[180.139s][info][gc,start       ] GC(410) Pause Young (Allocation Failure)
[180.142s][info][gc,heap        ] GC(410) PSYoungGen: 302656K(316416K)->64K(318976K) Eden: 302592K(302592K)->0K(306688K) From: 64K(13824K)->64K(12288K)
[180.142s][info][gc,heap        ] GC(410) ParOldGen: 494004K(494080K)->494012K(494080K)
[180.142s][info][gc,metaspace   ] GC(410) Metaspace: 35096K(35776K)->35096K(35776K) NonClass: 25911K(26368K)->25911K(26368K) Class: 9185K(9408K)->9185K(9408K)
[180.142s][info][gc             ] GC(410) Pause Young (Allocation Failure) 777M->482M(794M) 2.427ms
[180.142s][info][gc,cpu         ] GC(410) User=0.00s Sys=0.00s Real=0.00s
[181.637s][info][gc,start       ] GC(411) Pause Young (Allocation Failure)
[181.638s][info][gc,heap        ] GC(411) PSYoungGen: 306752K(318976K)->64K(318976K) Eden: 306688K(306688K)->0K(306688K) From: 64K(12288K)->64K(12288K)
[181.638s][info][gc,heap        ] GC(411) ParOldGen: 494012K(494080K)->494020K(494080K)
[181.638s][info][gc,metaspace   ] GC(411) Metaspace: 35096K(35776K)->35096K(35776K) NonClass: 25911K(26368K)->25911K(26368K) Class: 9185K(9408K)->9185K(9408K)
[181.638s][info][gc             ] GC(411) Pause Young (Allocation Failure) 781M->482M(794M) 1.751ms
[181.638s][info][gc,cpu         ] GC(411) User=0.01s Sys=0.00s Real=0.00s
[181.965s][info][gc,start       ] GC(412) Pause Young (Allocation Failure)
[181.967s][info][gc,heap        ] GC(412) PSYoungGen: 306752K(318976K)->64K(294912K) Eden: 306688K(306688K)->0K(294400K) From: 64K(12288K)->64K(512K)
[181.967s][info][gc,heap        ] GC(412) ParOldGen: 494020K(494080K)->494028K(494080K)
[181.967s][info][gc,metaspace   ] GC(412) Metaspace: 35096K(35776K)->35096K(35776K) NonClass: 25911K(26368K)->25911K(26368K) Class: 9185K(9408K)->9185K(9408K)
[181.967s][info][gc             ] GC(412) Pause Young (Allocation Failure) 782M->482M(770M) 1.794ms
[181.967s][info][gc,cpu         ] GC(412) User=0.00s Sys=0.00s Real=0.00s
[182.933s][info][gc,start       ] GC(413) Pause Young (Allocation Failure)
[182.935s][info][gc,heap        ] GC(413) PSYoungGen: 294464K(294912K)->64K(293376K) Eden: 294400K(294400K)->0K(282624K) From: 64K(512K)->64K(10752K)
[182.935s][info][gc,heap        ] GC(413) ParOldGen: 494028K(494080K)->494036K(494080K)
[182.935s][info][gc,metaspace   ] GC(413) Metaspace: 35096K(35776K)->35096K(35776K) NonClass: 25911K(26368K)->25911K(26368K) Class: 9185K(9408K)->9185K(9408K)
[182.935s][info][gc             ] GC(413) Pause Young (Allocation Failure) 770M->482M(769M) 1.810ms
[182.935s][info][gc,cpu         ] GC(413) User=0.00s Sys=0.00s Real=0.00s
[183.684s][info][gc,start       ] GC(414) Pause Young (Allocation Failure)
[183.685s][info][gc,heap        ] GC(414) PSYoungGen: 282688K(293376K)->64K(271872K) Eden: 282624K(282624K)->0K(271360K) From: 64K(10752K)->64K(512K)
[183.685s][info][gc,heap        ] GC(414) ParOldGen: 494036K(494080K)->494044K(494080K)
[183.685s][info][gc,metaspace   ] GC(414) Metaspace: 35096K(35776K)->35096K(35776K) NonClass: 25911K(26368K)->25911K(26368K) Class: 9185K(9408K)->9185K(9408K)
[183.685s][info][gc             ] GC(414) Pause Young (Allocation Failure) 758M->482M(748M) 1.837ms
[183.685s][info][gc,cpu         ] GC(414) User=0.01s Sys=0.00s Real=0.00s
[183.910s][info][gc,start       ] GC(415) Pause Young (Allocation Failure)
[183.912s][info][gc,heap        ] GC(415) PSYoungGen: 271424K(271872K)->64K(269824K) Eden: 271360K(271360K)->0K(260608K) From: 64K(512K)->64K(9216K)
[183.912s][info][gc,heap        ] GC(415) ParOldGen: 494044K(494080K)->494052K(494080K)
[183.912s][info][gc,metaspace   ] GC(415) Metaspace: 35096K(35776K)->35096K(35776K) NonClass: 25911K(26368K)->25911K(26368K) Class: 9185K(9408K)->9185K(9408K)
[183.912s][info][gc             ] GC(415) Pause Young (Allocation Failure) 747M->482M(746M) 1.878ms
[183.912s][info][gc,cpu         ] GC(415) User=0.00s Sys=0.00s Real=0.00s
[184.022s][info][gc,start       ] GC(416) Pause Young (Allocation Failure)
[184.025s][info][gc,heap        ] GC(416) PSYoungGen: 260672K(269824K)->64K(303616K) Eden: 260608K(260608K)->0K(294912K) From: 64K(9216K)->64K(8704K)
[184.025s][info][gc,heap        ] GC(416) ParOldGen: 494052K(494080K)->494060K(494080K)
[184.025s][info][gc,metaspace   ] GC(416) Metaspace: 35096K(35776K)->35096K(35776K) NonClass: 25911K(26368K)->25911K(26368K) Class: 9185K(9408K)->9185K(9408K)
[184.025s][info][gc             ] GC(416) Pause Young (Allocation Failure) 737M->482M(779M) 2.756ms
[184.025s][info][gc,cpu         ] GC(416) User=0.01s Sys=0.00s Real=0.01s
[184.737s][info][gc,start       ] GC(417) Pause Young (Allocation Failure)
[184.741s][info][gc,heap        ] GC(417) PSYoungGen: 294976K(303616K)->64K(283648K) Eden: 294912K(294912K)->0K(283136K) From: 64K(8704K)->64K(512K)
[184.741s][info][gc,heap        ] GC(417) ParOldGen: 494060K(494080K)->494068K(494080K)
[184.741s][info][gc,metaspace   ] GC(417) Metaspace: 35096K(35776K)->35096K(35776K) NonClass: 25911K(26368K)->25911K(26368K) Class: 9185K(9408K)->9185K(9408K)
[184.741s][info][gc             ] GC(417) Pause Young (Allocation Failure) 770M->482M(759M) 4.193ms
[184.741s][info][gc,cpu         ] GC(417) User=0.01s Sys=0.00s Real=0.00s
[185.188s][info][gc,start       ] GC(418) Pause Young (Allocation Failure)
[185.199s][info][gc,heap        ] GC(418) PSYoungGen: 283200K(283648K)->4576K(295424K) Eden: 283136K(283136K)->0K(287744K) From: 64K(512K)->4576K(7680K)
[185.199s][info][gc,heap        ] GC(418) ParOldGen: 494068K(494080K)->494084K(494592K)
[185.199s][info][gc,metaspace   ] GC(418) Metaspace: 35096K(35776K)->35096K(35776K) NonClass: 25911K(26368K)->25911K(26368K) Class: 9185K(9408K)->9185K(9408K)
[185.199s][info][gc             ] GC(418) Pause Young (Allocation Failure) 759M->486M(771M) 10.771ms
[185.199s][info][gc,cpu         ] GC(418) User=0.02s Sys=0.00s Real=0.01s
[185.582s][info][gc,start       ] GC(419) Pause Young (Allocation Failure)
[185.658s][info][gc,heap        ] GC(419) PSYoungGen: 292320K(295424K)->8192K(295936K) Eden: 287744K(287744K)->0K(287744K) From: 4576K(7680K)->8192K(8192K)
[185.658s][info][gc,heap        ] GC(419) ParOldGen: 494084K(494592K)->518548K(518656K)
[185.658s][info][gc,metaspace   ] GC(419) Metaspace: 35096K(35776K)->35096K(35776K) NonClass: 25911K(26368K)->25911K(26368K) Class: 9185K(9408K)->9185K(9408K)
[185.658s][info][gc             ] GC(419) Pause Young (Allocation Failure) 767M->514M(795M) 75.952ms
[185.658s][info][gc,cpu         ] GC(419) User=0.11s Sys=0.02s Real=0.08s
[185.977s][info][gc,start       ] GC(420) Pause Young (Allocation Failure)
[186.043s][info][gc,heap        ] GC(420) PSYoungGen: 295936K(295936K)->19456K(301056K) Eden: 287744K(287744K)->0K(281600K) From: 8192K(8192K)->19456K(19456K)
[186.043s][info][gc,heap        ] GC(420) ParOldGen: 518548K(518656K)->525196K(525312K)
[186.043s][info][gc,metaspace   ] GC(420) Metaspace: 35096K(35776K)->35096K(35776K) NonClass: 25911K(26368K)->25911K(26368K) Class: 9185K(9408K)->9185K(9408K)
[186.043s][info][gc             ] GC(420) Pause Young (Allocation Failure) 795M->531M(807M) 65.565ms
[186.043s][info][gc,cpu         ] GC(420) User=0.12s Sys=0.02s Real=0.06s
[186.225s][info][gc,start       ] GC(421) Pause Young (Allocation Failure)
[186.228s][info][gc,heap        ] GC(421) PSYoungGen: 301056K(301056K)->64K(307712K) Eden: 281600K(281600K)->0K(281600K) From: 19456K(19456K)->64K(26112K)
[186.228s][info][gc,heap        ] GC(421) ParOldGen: 525196K(525312K)->525364K(525824K)
[186.228s][info][gc,metaspace   ] GC(421) Metaspace: 35096K(35776K)->35096K(35776K) NonClass: 25911K(26368K)->25911K(26368K) Class: 9185K(9408K)->9185K(9408K)
[186.228s][info][gc             ] GC(421) Pause Young (Allocation Failure) 806M->513M(814M) 3.832ms
[186.228s][info][gc,cpu         ] GC(421) User=0.01s Sys=0.00s Real=0.00s
[186.985s][info][gc,start       ] GC(422) Pause Young (Allocation Failure)
[186.987s][info][gc,heap        ] GC(422) PSYoungGen: 281664K(307712K)->64K(304640K) Eden: 281600K(281600K)->0K(282624K) From: 64K(26112K)->64K(22016K)
[186.987s][info][gc,heap        ] GC(422) ParOldGen: 525364K(525824K)->525380K(525824K)
[186.987s][info][gc,metaspace   ] GC(422) Metaspace: 35096K(35776K)->35096K(35776K) NonClass: 25911K(26368K)->25911K(26368K) Class: 9185K(9408K)->9185K(9408K)
[186.987s][info][gc             ] GC(422) Pause Young (Allocation Failure) 788M->513M(811M) 2.318ms
[186.987s][info][gc,cpu         ] GC(422) User=0.01s Sys=0.00s Real=0.00s
[187.013s][info][metaspace      ] ChkMgr @0x00007fb3ac03f160 (non-class-space): failed to commit 6 words on chunk @0x00007fb314785508, f, base 0x00007fb3459e0000, level lv07.
[187.013s][info][metaspace      ] Arena @0x00007fb3ac059be0 (non-class arena): failed to allocate new chunk for requested word size 6.
[187.013s][info][metaspace      ] Arena @0x00007fb3ac059be0 (non-class arena): allocation failed, returned null.
[187.013s][info][metaspace      ] ChkMgr @0x00007fb3ac03f160 (non-class-space): failed to commit 6 words on chunk @0x00007fb314785508, f, base 0x00007fb3459e0000, level lv07.
[187.013s][info][metaspace      ] Arena @0x00007fb3ac059be0 (non-class arena): failed to allocate new chunk for requested word size 6.
[187.013s][info][metaspace      ] Arena @0x00007fb3ac059be0 (non-class arena): allocation failed, returned null.
[187.013s][info][metaspace      ] ChkMgr @0x00007fb3ac03f160 (non-class-space): failed to commit 6 words on chunk @0x00007fb314785508, f, base 0x00007fb3459e0000, level lv07.
[187.013s][info][metaspace      ] Arena @0x00007fb3ac059be0 (non-class arena): failed to allocate new chunk for requested word size 6.
[187.013s][info][metaspace      ] Arena @0x00007fb3ac059be0 (non-class arena): allocation failed, returned null.
[187.013s][info][gc,start       ] GC(423) Pause Full (Metadata GC Threshold)
[187.014s][info][gc,phases,start] GC(423) Marking Phase
[187.066s][info][gc,phases      ] GC(423) Marking Phase 52.400ms
[187.066s][info][gc,phases,start] GC(423) Summary Phase
[187.066s][info][gc,phases      ] GC(423) Summary Phase 0.020ms
[187.066s][info][gc,phases,start] GC(423) Forward
[187.068s][info][gc,phases      ] GC(423) Forward 2.040ms
[187.068s][info][gc,phases,start] GC(423) Adjust Pointers
[187.093s][info][gc,phases      ] GC(423) Adjust Pointers 25.099ms
[187.093s][info][gc,phases,start] GC(423) Compaction Phase
[187.102s][info][gc,phases      ] GC(423) Compaction Phase 8.761ms
[187.102s][info][gc,phases,start] GC(423) Post Compact
[187.113s][info][metaspace      ] ChkMgr @0x00007fb3ac03f160 (non-class-space): : reclaiming memory...
[187.113s][info][metaspace      ] ChkMgr @0x00007fb3ac03f160 (non-class-space): nothing reclaimed.
[187.113s][info][metaspace      ] ChkMgr @0x00007fb3ac03ef70 (class-space): : reclaiming memory...
[187.113s][info][metaspace      ] ChkMgr @0x00007fb3ac03ef70 (class-space): nothing reclaimed.
[187.114s][info][gc,phases      ] GC(423) Post Compact 11.509ms
[187.114s][info][gc,heap        ] GC(423) PSYoungGen: 11367K(304640K)->0K(304640K) Eden: 11303K(282624K)->0K(282624K) From: 64K(22016K)->0K(22016K)
[187.114s][info][gc,heap        ] GC(423) ParOldGen: 525380K(525824K)->49226K(525824K)
[187.114s][info][gc,metaspace   ] GC(423) Metaspace: 35127K(35840K)->35093K(35840K) NonClass: 25935K(26432K)->25905K(26432K) Class: 9191K(9408K)->9188K(9408K)
[187.114s][info][gc             ] GC(423) Pause Full (Metadata GC Threshold) 524M->48M(811M) 100.172ms
[187.114s][info][gc,cpu         ] GC(423) User=0.13s Sys=0.02s Real=0.10s
[187.525s][info][gc,start       ] GC(424) Pause Young (Allocation Failure)
[187.526s][info][gc,heap        ] GC(424) PSYoungGen: 282624K(304640K)->160K(306688K) Eden: 282624K(282624K)->0K(282624K) From: 0K(22016K)->160K(24064K)
[187.526s][info][gc,heap        ] GC(424) ParOldGen: 49226K(525824K)->49234K(525824K)
[187.526s][info][gc,metaspace   ] GC(424) Metaspace: 35226K(35904K)->35226K(35904K) NonClass: 26017K(26496K)->26017K(26496K) Class: 9208K(9408K)->9208K(9408K)
[187.526s][info][gc             ] GC(424) Pause Young (Allocation Failure) 324M->48M(813M) 1.221ms
[187.526s][info][gc,cpu         ] GC(424) User=0.00s Sys=0.00s Real=0.00s
[188.014s][info][gc,start       ] GC(425) Pause Young (Allocation Failure)
[188.015s][info][gc,heap        ] GC(425) PSYoungGen: 282784K(306688K)->64K(306688K) Eden: 282624K(282624K)->0K(286720K) From: 160K(24064K)->64K(19968K)
[188.015s][info][gc,heap        ] GC(425) ParOldGen: 49234K(525824K)->49330K(525824K)
[188.015s][info][gc,metaspace   ] GC(425) Metaspace: 35226K(35904K)->35226K(35904K) NonClass: 26017K(26496K)->26017K(26496K) Class: 9208K(9408K)->9208K(9408K)
[188.015s][info][gc             ] GC(425) Pause Young (Allocation Failure) 324M->48M(813M) 0.889ms
[188.015s][info][gc,cpu         ] GC(425) User=0.00s Sys=0.00s Real=0.00s
[188.278s][info][gc,start       ] GC(426) Pause Young (Allocation Failure)
[188.279s][info][gc,heap        ] GC(426) PSYoungGen: 286784K(306688K)->64K(308736K) Eden: 286720K(286720K)->0K(286720K) From: 64K(19968K)->64K(22016K)
[188.279s][info][gc,heap        ] GC(426) ParOldGen: 49330K(525824K)->49346K(525824K)
[188.279s][info][gc,metaspace   ] GC(426) Metaspace: 35226K(35904K)->35226K(35904K) NonClass: 26017K(26496K)->26017K(26496K) Class: 9208K(9408K)->9208K(9408K)
[188.279s][info][gc             ] GC(426) Pause Young (Allocation Failure) 328M->48M(815M) 0.687ms
[188.279s][info][gc,cpu         ] GC(426) User=0.00s Sys=0.00s Real=0.00s
[188.684s][info][gc,start       ] GC(427) Pause Young (Allocation Failure)
[188.684s][info][gc,heap        ] GC(427) PSYoungGen: 286784K(308736K)->64K(308736K) Eden: 286720K(286720K)->0K(290816K) From: 64K(22016K)->64K(17920K)
[188.684s][info][gc,heap        ] GC(427) ParOldGen: 49346K(525824K)->49346K(525824K)
[188.684s][info][gc,metaspace   ] GC(427) Metaspace: 35226K(35904K)->35226K(35904K) NonClass: 26017K(26496K)->26017K(26496K) Class: 9208K(9408K)->9208K(9408K)
[188.684s][info][gc             ] GC(427) Pause Young (Allocation Failure) 328M->48M(815M) 0.851ms
[188.684s][info][gc,cpu         ] GC(427) User=0.00s Sys=0.00s Real=0.00s
[188.746s][info][gc,start       ] GC(428) Pause Young (Allocation Failure)
[188.747s][info][gc,heap        ] GC(428) PSYoungGen: 290880K(308736K)->64K(310784K) Eden: 290816K(290816K)->0K(290816K) From: 64K(17920K)->64K(19968K)
[188.747s][info][gc,heap        ] GC(428) ParOldGen: 49346K(525824K)->49354K(525824K)
[188.747s][info][gc,metaspace   ] GC(428) Metaspace: 35226K(35904K)->35226K(35904K) NonClass: 26017K(26496K)->26017K(26496K) Class: 9208K(9408K)->9208K(9408K)
[188.747s][info][gc             ] GC(428) Pause Young (Allocation Failure) 332M->48M(817M) 0.706ms
[188.747s][info][gc,cpu         ] GC(428) User=0.00s Sys=0.00s Real=0.00s
[188.800s][info][gc,start       ] GC(429) Pause Young (Allocation Failure)
[188.800s][info][gc,heap        ] GC(429) PSYoungGen: 290880K(310784K)->64K(310784K) Eden: 290816K(290816K)->0K(294912K) From: 64K(19968K)->64K(15872K)
[188.800s][info][gc,heap        ] GC(429) ParOldGen: 49354K(525824K)->49370K(525824K)
[188.800s][info][gc,metaspace   ] GC(429) Metaspace: 35226K(35904K)->35226K(35904K) NonClass: 26017K(26496K)->26017K(26496K) Class: 9208K(9408K)->9208K(9408K)
[188.800s][info][gc             ] GC(429) Pause Young (Allocation Failure) 332M->48M(817M) 0.742ms
[188.800s][info][gc,cpu         ] GC(429) User=0.00s Sys=0.00s Real=0.00s
[189.070s][info][gc,start       ] GC(430) Pause Young (Allocation Failure)
[189.070s][info][gc,heap        ] GC(430) PSYoungGen: 294976K(310784K)->64K(312832K) Eden: 294912K(294912K)->0K(294912K) From: 64K(15872K)->64K(17920K)
[189.070s][info][gc,heap        ] GC(430) ParOldGen: 49370K(525824K)->49370K(525824K)
[189.070s][info][gc,metaspace   ] GC(430) Metaspace: 35226K(35904K)->35226K(35904K) NonClass: 26017K(26496K)->26017K(26496K) Class: 9208K(9408K)->9208K(9408K)
[189.070s][info][gc             ] GC(430) Pause Young (Allocation Failure) 336M->48M(819M) 0.669ms
[189.070s][info][gc,cpu         ] GC(430) User=0.00s Sys=0.00s Real=0.00s
[189.379s][info][gc,start       ] GC(431) Pause Young (Allocation Failure)
[189.380s][info][gc,heap        ] GC(431) PSYoungGen: 294976K(312832K)->64K(283648K) Eden: 294912K(294912K)->0K(283136K) From: 64K(17920K)->64K(512K)
[189.380s][info][gc,heap        ] GC(431) ParOldGen: 49370K(525824K)->49378K(525824K)
[189.380s][info][gc,metaspace   ] GC(431) Metaspace: 35226K(35904K)->35226K(35904K) NonClass: 26017K(26496K)->26017K(26496K) Class: 9208K(9408K)->9208K(9408K)
[189.380s][info][gc             ] GC(431) Pause Young (Allocation Failure) 336M->48M(790M) 1.655ms
[189.380s][info][gc,cpu         ] GC(431) User=0.00s Sys=0.00s Real=0.00s
[189.511s][info][gc,start       ] GC(432) Pause Young (Allocation Failure)
[189.512s][info][gc,heap        ] GC(432) PSYoungGen: 283200K(283648K)->64K(287744K) Eden: 283136K(283136K)->0K(271872K) From: 64K(512K)->64K(15872K)
[189.512s][info][gc,heap        ] GC(432) ParOldGen: 49378K(525824K)->49386K(525824K)
[189.512s][info][gc,metaspace   ] GC(432) Metaspace: 35226K(35904K)->35226K(35904K) NonClass: 26017K(26496K)->26017K(26496K) Class: 9208K(9408K)->9208K(9408K)
[189.512s][info][gc             ] GC(432) Pause Young (Allocation Failure) 324M->48M(794M) 0.783ms
[189.512s][info][gc,cpu         ] GC(432) User=0.00s Sys=0.00s Real=0.00s
[189.616s][info][gc,start       ] GC(433) Pause Young (Allocation Failure)
[189.617s][info][gc,heap        ] GC(433) PSYoungGen: 271936K(287744K)->64K(261632K) Eden: 271872K(271872K)->0K(261120K) From: 64K(15872K)->64K(512K)
[189.617s][info][gc,heap        ] GC(433) ParOldGen: 49386K(525824K)->49394K(525824K)
[189.617s][info][gc,metaspace   ] GC(433) Metaspace: 35226K(35904K)->35226K(35904K) NonClass: 26017K(26496K)->26017K(26496K) Class: 9208K(9408K)->9208K(9408K)
[189.617s][info][gc             ] GC(433) Pause Young (Allocation Failure) 313M->48M(769M) 1.109ms
[189.617s][info][gc,cpu         ] GC(433) User=0.00s Sys=0.00s Real=0.00s
[189.802s][info][gc,start       ] GC(434) Pause Young (Allocation Failure)
[189.803s][info][gc,heap        ] GC(434) PSYoungGen: 261184K(261632K)->64K(265216K) Eden: 261120K(261120K)->0K(250880K) From: 64K(512K)->64K(14336K)
[189.803s][info][gc,heap        ] GC(434) ParOldGen: 49394K(525824K)->49402K(525824K)
[189.803s][info][gc,metaspace   ] GC(434) Metaspace: 35226K(35904K)->35226K(35904K) NonClass: 26017K(26496K)->26017K(26496K) Class: 9208K(9408K)->9208K(9408K)
[189.803s][info][gc             ] GC(434) Pause Young (Allocation Failure) 303M->48M(772M) 0.679ms
[189.803s][info][gc,cpu         ] GC(434) User=0.00s Sys=0.00s Real=0.00s
[190.797s][info][gc,start       ] GC(435) Pause Young (Allocation Failure)
[190.798s][info][gc,heap        ] GC(435) PSYoungGen: 250944K(265216K)->64K(241664K) Eden: 250880K(250880K)->0K(241152K) From: 64K(14336K)->64K(512K)
[190.798s][info][gc,heap        ] GC(435) ParOldGen: 49402K(525824K)->49410K(525824K)
[190.798s][info][gc,metaspace   ] GC(435) Metaspace: 35226K(35904K)->35226K(35904K) NonClass: 26017K(26496K)->26017K(26496K) Class: 9208K(9408K)->9208K(9408K)
[190.798s][info][gc             ] GC(435) Pause Young (Allocation Failure) 293M->48M(749M) 1.749ms
[190.798s][info][gc,cpu         ] GC(435) User=0.00s Sys=0.00s Real=0.00s
[191.692s][info][gc,start       ] GC(436) Pause Young (Allocation Failure)
[191.692s][info][gc,heap        ] GC(436) PSYoungGen: 241216K(241664K)->64K(244224K) Eden: 241152K(241152K)->0K(231936K) From: 64K(512K)->64K(12288K)
[191.692s][info][gc,heap        ] GC(436) ParOldGen: 49410K(525824K)->49418K(525824K)
[191.692s][info][gc,metaspace   ] GC(436) Metaspace: 35226K(35904K)->35226K(35904K) NonClass: 26017K(26496K)->26017K(26496K) Class: 9208K(9408K)->9208K(9408K)
[191.692s][info][gc             ] GC(436) Pause Young (Allocation Failure) 283M->48M(752M) 0.572ms
[191.692s][info][gc,cpu         ] GC(436) User=0.01s Sys=0.00s Real=0.00s
[191.884s][info][gc,start       ] GC(437) Pause Young (Allocation Failure)
[191.886s][info][gc,heap        ] GC(437) PSYoungGen: 232000K(244224K)->64K(223744K) Eden: 231936K(231936K)->0K(223232K) From: 64K(12288K)->64K(512K)
[191.886s][info][gc,heap        ] GC(437) ParOldGen: 49418K(525824K)->49426K(525824K)
[191.886s][info][gc,metaspace   ] GC(437) Metaspace: 35226K(35904K)->35226K(35904K) NonClass: 26017K(26496K)->26017K(26496K) Class: 9208K(9408K)->9208K(9408K)
[191.886s][info][gc             ] GC(437) Pause Young (Allocation Failure) 274M->48M(732M) 1.880ms
[191.886s][info][gc,cpu         ] GC(437) User=0.00s Sys=0.01s Real=0.00s
[192.385s][info][gc,start       ] GC(438) Pause Young (Allocation Failure)
[192.386s][info][gc,heap        ] GC(438) PSYoungGen: 223296K(223744K)->64K(225792K) Eden: 223232K(223232K)->0K(215040K) From: 64K(512K)->64K(10752K)
[192.386s][info][gc,heap        ] GC(438) ParOldGen: 49426K(525824K)->49434K(525824K)
[192.386s][info][gc,metaspace   ] GC(438) Metaspace: 35226K(35904K)->35226K(35904K) NonClass: 26017K(26496K)->26017K(26496K) Class: 9208K(9408K)->9208K(9408K)
[192.386s][info][gc             ] GC(438) Pause Young (Allocation Failure) 266M->48M(734M) 0.878ms
[192.386s][info][gc,cpu         ] GC(438) User=0.00s Sys=0.00s Real=0.00s
[193.426s][info][gc,start       ] GC(439) Pause Young (Allocation Failure)
[193.428s][info][gc,heap        ] GC(439) PSYoungGen: 215104K(225792K)->64K(207360K) Eden: 215040K(215040K)->0K(206848K) From: 64K(10752K)->64K(512K)
[193.428s][info][gc,heap        ] GC(439) ParOldGen: 49434K(525824K)->49442K(525824K)
[193.428s][info][gc,metaspace   ] GC(439) Metaspace: 35226K(35904K)->35226K(35904K) NonClass: 26017K(26496K)->26017K(26496K) Class: 9208K(9408K)->9208K(9408K)
[193.428s][info][gc             ] GC(439) Pause Young (Allocation Failure) 258M->48M(716M) 1.783ms
[193.428s][info][gc,cpu         ] GC(439) User=0.00s Sys=0.00s Real=0.00s
[193.821s][info][gc,start       ] GC(440) Pause Young (Allocation Failure)
[193.822s][info][gc,heap        ] GC(440) PSYoungGen: 206912K(207360K)->64K(208384K) Eden: 206848K(206848K)->0K(199168K) From: 64K(512K)->64K(9216K)
[193.822s][info][gc,heap        ] GC(440) ParOldGen: 49442K(525824K)->49450K(525824K)
[193.822s][info][gc,metaspace   ] GC(440) Metaspace: 35226K(35904K)->35226K(35904K) NonClass: 26017K(26496K)->26017K(26496K) Class: 9208K(9408K)->9208K(9408K)
[193.822s][info][gc             ] GC(440) Pause Young (Allocation Failure) 250M->48M(717M) 1.560ms
[193.822s][info][gc,cpu         ] GC(440) User=0.00s Sys=0.00s Real=0.00s
[194.026s][info][gc,start       ] GC(441) Pause Young (Allocation Failure)
[194.028s][info][gc,heap        ] GC(441) PSYoungGen: 199232K(208384K)->32K(192512K) Eden: 199168K(199168K)->0K(192000K) From: 64K(9216K)->32K(512K)
[194.028s][info][gc,heap        ] GC(441) ParOldGen: 49450K(525824K)->49466K(525824K)
[194.028s][info][gc,metaspace   ] GC(441) Metaspace: 35226K(35904K)->35226K(35904K) NonClass: 26017K(26496K)->26017K(26496K) Class: 9208K(9408K)->9208K(9408K)
[194.028s][info][gc             ] GC(441) Pause Young (Allocation Failure) 242M->48M(701M) 2.172ms
[194.028s][info][gc,cpu         ] GC(441) User=0.00s Sys=0.00s Real=0.00s
[194.078s][info][gc,start       ] GC(442) Pause Young (Allocation Failure)
[194.078s][info][gc,heap        ] GC(442) PSYoungGen: 192032K(192512K)->64K(193536K) Eden: 192000K(192000K)->0K(185344K) From: 32K(512K)->64K(8192K)
[194.078s][info][gc,heap        ] GC(442) ParOldGen: 49466K(525824K)->49482K(525824K)
[194.078s][info][gc,metaspace   ] GC(442) Metaspace: 35226K(35904K)->35226K(35904K) NonClass: 26017K(26496K)->26017K(26496K) Class: 9208K(9408K)->9208K(9408K)
[194.078s][info][gc             ] GC(442) Pause Young (Allocation Failure) 235M->48M(702M) 0.794ms
[194.078s][info][gc,cpu         ] GC(442) User=0.00s Sys=0.00s Real=0.00s
[194.299s][info][gc,start       ] GC(443) Pause Young (Allocation Failure)
[194.301s][info][gc,heap        ] GC(443) PSYoungGen: 185408K(193536K)->64K(179200K) Eden: 185344K(185344K)->0K(178688K) From: 64K(8192K)->64K(512K)
[194.301s][info][gc,heap        ] GC(443) ParOldGen: 49482K(525824K)->49482K(525824K)
[194.301s][info][gc,metaspace   ] GC(443) Metaspace: 35226K(35904K)->35226K(35904K) NonClass: 26017K(26496K)->26017K(26496K) Class: 9208K(9408K)->9208K(9408K)
[194.301s][info][gc             ] GC(443) Pause Young (Allocation Failure) 229M->48M(688M) 1.739ms
[194.301s][info][gc,cpu         ] GC(443) User=0.00s Sys=0.00s Real=0.00s
[194.807s][info][gc,start       ] GC(444) Pause Young (Allocation Failure)
[194.809s][info][gc,heap        ] GC(444) PSYoungGen: 178752K(179200K)->64K(179712K) Eden: 178688K(178688K)->0K(172544K) From: 64K(512K)->64K(7168K)
[194.809s][info][gc,heap        ] GC(444) ParOldGen: 49482K(525824K)->49490K(525824K)
[194.809s][info][gc,metaspace   ] GC(444) Metaspace: 35226K(35904K)->35226K(35904K) NonClass: 26017K(26496K)->26017K(26496K) Class: 9208K(9408K)->9208K(9408K)
[194.809s][info][gc             ] GC(444) Pause Young (Allocation Failure) 222M->48M(689M) 2.377ms
[194.809s][info][gc,cpu         ] GC(444) User=0.00s Sys=0.00s Real=0.00s
[194.973s][info][gc,start       ] GC(445) Pause Young (Allocation Failure)
[194.975s][info][gc,heap        ] GC(445) PSYoungGen: 172608K(179712K)->32K(166912K) Eden: 172544K(172544K)->0K(166400K) From: 64K(7168K)->32K(512K)
[194.975s][info][gc,heap        ] GC(445) ParOldGen: 49490K(525824K)->49498K(525824K)
[194.975s][info][gc,metaspace   ] GC(445) Metaspace: 35226K(35904K)->35226K(35904K) NonClass: 26017K(26496K)->26017K(26496K) Class: 9208K(9408K)->9208K(9408K)
[194.975s][info][gc             ] GC(445) Pause Young (Allocation Failure) 216M->48M(676M) 2.060ms
[194.975s][info][gc,cpu         ] GC(445) User=0.00s Sys=0.00s Real=0.01s
[195.332s][info][gc,start       ] GC(446) Pause Young (Allocation Failure)
[195.339s][info][gc,heap        ] GC(446) PSYoungGen: 166432K(166912K)->3328K(164352K) Eden: 166400K(166400K)->0K(160768K) From: 32K(512K)->3328K(3584K)
[195.339s][info][gc,heap        ] GC(446) ParOldGen: 49498K(525824K)->49506K(525824K)
[195.339s][info][gc,metaspace   ] GC(446) Metaspace: 35226K(35904K)->35226K(35904K) NonClass: 26017K(26496K)->26017K(26496K) Class: 9208K(9408K)->9208K(9408K)
[195.339s][info][gc             ] GC(446) Pause Young (Allocation Failure) 210M->51M(674M) 7.037ms
[195.339s][info][gc,cpu         ] GC(446) User=0.02s Sys=0.00s Real=0.01s
[195.570s][info][gc,start       ] GC(447) Pause Young (Allocation Failure)
[195.605s][info][gc,heap        ] GC(447) PSYoungGen: 164096K(164352K)->6656K(199680K) Eden: 160768K(160768K)->0K(193024K) From: 3328K(3584K)->6656K(6656K)
[195.605s][info][gc,heap        ] GC(447) ParOldGen: 49506K(525824K)->61090K(525824K)
[195.605s][info][gc,metaspace   ] GC(447) Metaspace: 35226K(35904K)->35226K(35904K) NonClass: 26017K(26496K)->26017K(26496K) Class: 9208K(9408K)->9208K(9408K)
[195.605s][info][gc             ] GC(447) Pause Young (Allocation Failure) 208M->66M(708M) 34.798ms
[195.605s][info][gc,cpu         ] GC(447) User=0.06s Sys=0.00s Real=0.04s
[195.866s][info][gc,start       ] GC(448) Pause Young (Allocation Failure)
[195.920s][info][gc,heap        ] GC(448) PSYoungGen: 199680K(199680K)->12288K(235520K) Eden: 193024K(193024K)->0K(223232K) From: 6656K(6656K)->12288K(12288K)
[195.920s][info][gc,heap        ] GC(448) ParOldGen: 61090K(525824K)->71010K(525824K)
[195.920s][info][gc,metaspace   ] GC(448) Metaspace: 35226K(35904K)->35226K(35904K) NonClass: 26017K(26496K)->26017K(26496K) Class: 9208K(9408K)->9208K(9408K)
[195.920s][info][gc             ] GC(448) Pause Young (Allocation Failure) 254M->81M(743M) 54.228ms
[195.920s][info][gc,cpu         ] GC(448) User=0.07s Sys=0.00s Real=0.05s
[196.162s][info][gc,start       ] GC(449) Pause Young (Allocation Failure)
[196.206s][info][gc,heap        ] GC(449) PSYoungGen: 235520K(235520K)->18944K(246784K) Eden: 223232K(223232K)->0K(227840K) From: 12288K(12288K)->18944K(18944K)
[196.206s][info][gc,heap        ] GC(449) ParOldGen: 71010K(525824K)->71490K(525824K)
[196.206s][info][gc,metaspace   ] GC(449) Metaspace: 35226K(35904K)->35226K(35904K) NonClass: 26017K(26496K)->26017K(26496K) Class: 9208K(9408K)->9208K(9408K)
[196.206s][info][gc             ] GC(449) Pause Young (Allocation Failure) 299M->88M(754M) 44.054ms
[196.206s][info][gc,cpu         ] GC(449) User=0.07s Sys=0.02s Real=0.05s
[196.292s][info][gc,start       ] GC(450) Pause Young (Allocation Failure)
[196.293s][info][gc,heap        ] GC(450) PSYoungGen: 246784K(246784K)->64K(250880K) Eden: 227840K(227840K)->0K(227840K) From: 18944K(18944K)->64K(23040K)
[196.293s][info][gc,heap        ] GC(450) ParOldGen: 71490K(525824K)->71506K(525824K)
[196.293s][info][gc,metaspace   ] GC(450) Metaspace: 35226K(35904K)->35226K(35904K) NonClass: 26017K(26496K)->26017K(26496K) Class: 9208K(9408K)->9208K(9408K)
[196.293s][info][gc             ] GC(450) Pause Young (Allocation Failure) 310M->69M(758M) 0.892ms
[196.293s][info][gc,cpu         ] GC(450) User=0.00s Sys=0.00s Real=0.00s
[196.832s][info][gc,start       ] GC(451) Pause Young (Allocation Failure)
[196.832s][info][gc,heap        ] GC(451) PSYoungGen: 227904K(250880K)->64K(294400K) Eden: 227840K(227840K)->0K(273408K) From: 64K(23040K)->64K(20992K)
[196.832s][info][gc,heap        ] GC(451) ParOldGen: 71506K(525824K)->71514K(525824K)
[196.832s][info][gc,metaspace   ] GC(451) Metaspace: 35226K(35904K)->35226K(35904K) NonClass: 26017K(26496K)->26017K(26496K) Class: 9208K(9408K)->9208K(9408K)
[196.832s][info][gc             ] GC(451) Pause Young (Allocation Failure) 292M->69M(801M) 0.797ms
[196.832s][info][gc,cpu         ] GC(451) User=0.00s Sys=0.00s Real=0.00s
[197.348s][info][gc,start       ] GC(452) Pause Young (Allocation Failure)
[197.349s][info][gc,heap        ] GC(452) PSYoungGen: 273472K(294400K)->64K(294912K) Eden: 273408K(273408K)->0K(273408K) From: 64K(20992K)->64K(21504K)
[197.349s][info][gc,heap        ] GC(452) ParOldGen: 71514K(525824K)->71522K(525824K)
[197.349s][info][gc,metaspace   ] GC(452) Metaspace: 35226K(35904K)->35226K(35904K) NonClass: 26017K(26496K)->26017K(26496K) Class: 9208K(9408K)->9208K(9408K)
[197.349s][info][gc             ] GC(452) Pause Young (Allocation Failure) 336M->69M(801M) 0.843ms
[197.349s][info][gc,cpu         ] GC(452) User=0.01s Sys=0.00s Real=0.00s
[197.828s][info][gc,start       ] GC(453) Pause Young (Allocation Failure)
[197.829s][info][gc,heap        ] GC(453) PSYoungGen: 273472K(294912K)->64K(311808K) Eden: 273408K(273408K)->0K(291840K) From: 64K(21504K)->64K(19968K)
[197.829s][info][gc,heap        ] GC(453) ParOldGen: 71522K(525824K)->71538K(525824K)
[197.829s][info][gc,metaspace   ] GC(453) Metaspace: 35226K(35904K)->35226K(35904K) NonClass: 26017K(26496K)->26017K(26496K) Class: 9208K(9408K)->9208K(9408K)
[197.829s][info][gc             ] GC(453) Pause Young (Allocation Failure) 336M->69M(818M) 0.789ms
[197.829s][info][gc,cpu         ] GC(453) User=0.00s Sys=0.00s Real=0.00s
[198.115s][info][gc,start       ] GC(454) Pause Young (Allocation Failure)
[198.115s][info][gc,heap        ] GC(454) PSYoungGen: 291904K(311808K)->64K(311808K) Eden: 291840K(291840K)->0K(291840K) From: 64K(19968K)->64K(19968K)
[198.115s][info][gc,heap        ] GC(454) ParOldGen: 71538K(525824K)->71554K(525824K)
[198.115s][info][gc,metaspace   ] GC(454) Metaspace: 35226K(35904K)->35226K(35904K) NonClass: 26017K(26496K)->26017K(26496K) Class: 9208K(9408K)->9208K(9408K)
[198.115s][info][gc             ] GC(454) Pause Young (Allocation Failure) 354M->69M(818M) 0.745ms
[198.115s][info][gc,cpu         ] GC(454) User=0.00s Sys=0.00s Real=0.00s
[198.501s][info][gc,start       ] GC(455) Pause Young (Allocation Failure)
[198.502s][info][gc,heap        ] GC(455) PSYoungGen: 291904K(311808K)->64K(312832K) Eden: 291840K(291840K)->0K(294912K) From: 64K(19968K)->64K(17920K)
[198.502s][info][gc,heap        ] GC(455) ParOldGen: 71554K(525824K)->71554K(525824K)
[198.502s][info][gc,metaspace   ] GC(455) Metaspace: 35226K(35904K)->35226K(35904K) NonClass: 26017K(26496K)->26017K(26496K) Class: 9208K(9408K)->9208K(9408K)
[198.502s][info][gc             ] GC(455) Pause Young (Allocation Failure) 354M->69M(819M) 0.740ms
[198.502s][info][gc,cpu         ] GC(455) User=0.00s Sys=0.00s Real=0.00s
[198.674s][info][gc,start       ] GC(456) Pause Young (Allocation Failure)
[198.675s][info][gc,heap        ] GC(456) PSYoungGen: 294976K(312832K)->64K(312832K) Eden: 294912K(294912K)->0K(294912K) From: 64K(17920K)->64K(17920K)
[198.675s][info][gc,heap        ] GC(456) ParOldGen: 71554K(525824K)->71562K(525824K)
[198.675s][info][gc,metaspace   ] GC(456) Metaspace: 35226K(35904K)->35226K(35904K) NonClass: 26017K(26496K)->26017K(26496K) Class: 9208K(9408K)->9208K(9408K)
[198.675s][info][gc             ] GC(456) Pause Young (Allocation Failure) 357M->69M(819M) 0.700ms
[198.675s][info][gc,cpu         ] GC(456) User=0.00s Sys=0.00s Real=0.00s
[198.727s][info][gc,start       ] GC(457) Pause Young (Allocation Failure)
[198.727s][info][gc,heap        ] GC(457) PSYoungGen: 294976K(312832K)->64K(315392K) Eden: 294912K(294912K)->0K(298496K) From: 64K(17920K)->64K(16896K)
[198.727s][info][gc,heap        ] GC(457) ParOldGen: 71562K(525824K)->71578K(525824K)
[198.727s][info][gc,metaspace   ] GC(457) Metaspace: 35226K(35904K)->35226K(35904K) NonClass: 26017K(26496K)->26017K(26496K) Class: 9208K(9408K)->9208K(9408K)
[198.727s][info][gc             ] GC(457) Pause Young (Allocation Failure) 357M->69M(821M) 0.732ms
[198.727s][info][gc,cpu         ] GC(457) User=0.00s Sys=0.00s Real=0.00s
[198.900s][info][gc,start       ] GC(458) Pause Young (Allocation Failure)
[198.901s][info][gc,heap        ] GC(458) PSYoungGen: 298560K(315392K)->64K(314880K) Eden: 298496K(298496K)->0K(298496K) From: 64K(16896K)->64K(16384K)
[198.901s][info][gc,heap        ] GC(458) ParOldGen: 71578K(525824K)->71578K(525824K)
[198.901s][info][gc,metaspace   ] GC(458) Metaspace: 35226K(35904K)->35226K(35904K) NonClass: 26017K(26496K)->26017K(26496K) Class: 9208K(9408K)->9208K(9408K)
[198.901s][info][gc             ] GC(458) Pause Young (Allocation Failure) 361M->69M(821M) 0.774ms
[198.901s][info][gc,cpu         ] GC(458) User=0.00s Sys=0.00s Real=0.00s
[199.243s][info][gc,start       ] GC(459) Pause Young (Allocation Failure)
[199.244s][info][gc,heap        ] GC(459) PSYoungGen: 298560K(314880K)->64K(287232K) Eden: 298496K(298496K)->0K(286720K) From: 64K(16384K)->64K(512K)
[199.244s][info][gc,heap        ] GC(459) ParOldGen: 71578K(525824K)->71586K(525824K)
[199.244s][info][gc,metaspace   ] GC(459) Metaspace: 35226K(35904K)->35226K(35904K) NonClass: 26017K(26496K)->26017K(26496K) Class: 9208K(9408K)->9208K(9408K)
[199.244s][info][gc             ] GC(459) Pause Young (Allocation Failure) 361M->69M(794M) 0.892ms
[199.244s][info][gc,cpu         ] GC(459) User=0.01s Sys=0.00s Real=0.00s
[199.420s][info][gc,start       ] GC(460) Pause Young (Allocation Failure)
[199.421s][info][gc,heap        ] GC(460) PSYoungGen: 286784K(287232K)->64K(289792K) Eden: 286720K(286720K)->0K(275456K) From: 64K(512K)->64K(14336K)
[199.421s][info][gc,heap        ] GC(460) ParOldGen: 71586K(525824K)->71594K(525824K)
[199.421s][info][gc,metaspace   ] GC(460) Metaspace: 35227K(35904K)->35227K(35904K) NonClass: 26019K(26496K)->26019K(26496K) Class: 9208K(9408K)->9208K(9408K)
[199.421s][info][gc             ] GC(460) Pause Young (Allocation Failure) 349M->69M(796M) 0.917ms
[199.421s][info][gc,cpu         ] GC(460) User=0.00s Sys=0.00s Real=0.00s
[199.504s][info][gc,start       ] GC(461) Pause Young (Allocation Failure)
[199.505s][info][gc,heap        ] GC(461) PSYoungGen: 275520K(289792K)->64K(265216K) Eden: 275456K(275456K)->0K(264704K) From: 64K(14336K)->64K(512K)
[199.505s][info][gc,heap        ] GC(461) ParOldGen: 71594K(525824K)->71610K(525824K)
[199.505s][info][gc,metaspace   ] GC(461) Metaspace: 35227K(35904K)->35227K(35904K) NonClass: 26019K(26496K)->26019K(26496K) Class: 9208K(9408K)->9208K(9408K)
[199.505s][info][gc             ] GC(461) Pause Young (Allocation Failure) 338M->69M(772M) 0.966ms
[199.505s][info][gc,cpu         ] GC(461) User=0.00s Sys=0.00s Real=0.00s
[199.690s][info][gc,start       ] GC(462) Pause Young (Allocation Failure)
[199.691s][info][gc,heap        ] GC(462) PSYoungGen: 264768K(265216K)->64K(267264K) Eden: 264704K(264704K)->0K(254464K) From: 64K(512K)->64K(12800K)
[199.691s][info][gc,heap        ] GC(462) ParOldGen: 71610K(525824K)->71610K(525824K)
[199.691s][info][gc,metaspace   ] GC(462) Metaspace: 35227K(35904K)->35227K(35904K) NonClass: 26019K(26496K)->26019K(26496K) Class: 9208K(9408K)->9208K(9408K)
[199.691s][info][gc             ] GC(462) Pause Young (Allocation Failure) 328M->69M(774M) 0.810ms
[199.691s][info][gc,cpu         ] GC(462) User=0.00s Sys=0.00s Real=0.00s
[200.147s][info][gc,start       ] GC(463) Pause Young (Allocation Failure)
[200.148s][info][gc,heap        ] GC(463) PSYoungGen: 254528K(267264K)->64K(245248K) Eden: 254464K(254464K)->0K(244736K) From: 64K(12800K)->64K(512K)
[200.148s][info][gc,heap        ] GC(463) ParOldGen: 71610K(525824K)->71618K(525824K)
[200.148s][info][gc,metaspace   ] GC(463) Metaspace: 35227K(35904K)->35227K(35904K) NonClass: 26019K(26496K)->26019K(26496K) Class: 9208K(9408K)->9208K(9408K)
[200.148s][info][gc             ] GC(463) Pause Young (Allocation Failure) 318M->70M(753M) 1.246ms
[200.148s][info][gc,cpu         ] GC(463) User=0.01s Sys=0.00s Real=0.00s
[200.790s][info][gc,start       ] GC(464) Pause Young (Allocation Failure)
[200.790s][info][gc,heap        ] GC(464) PSYoungGen: 244800K(245248K)->83K(246784K) Eden: 244736K(244736K)->0K(235520K) From: 64K(512K)->83K(11264K)
[200.790s][info][gc,heap        ] GC(464) ParOldGen: 71618K(525824K)->71626K(525824K)
[200.790s][info][gc,metaspace   ] GC(464) Metaspace: 35227K(35904K)->35227K(35904K) NonClass: 26019K(26496K)->26019K(26496K) Class: 9208K(9408K)->9208K(9408K)
[200.790s][info][gc             ] GC(464) Pause Young (Allocation Failure) 309M->70M(754M) 0.782ms
[200.790s][info][gc,cpu         ] GC(464) User=0.01s Sys=0.00s Real=0.00s
[201.781s][info][gc,start       ] GC(465) Pause Young (Allocation Failure)
[201.783s][info][gc,heap        ] GC(465) PSYoungGen: 235603K(246784K)->64K(227328K) Eden: 235520K(235520K)->0K(226816K) From: 83K(11264K)->64K(512K)
[201.783s][info][gc,heap        ] GC(465) ParOldGen: 71626K(525824K)->71634K(525824K)
[201.783s][info][gc,metaspace   ] GC(465) Metaspace: 35227K(35904K)->35227K(35904K) NonClass: 26019K(26496K)->26019K(26496K) Class: 9208K(9408K)->9208K(9408K)
[201.783s][info][gc             ] GC(465) Pause Young (Allocation Failure) 300M->70M(735M) 1.805ms
[201.783s][info][gc,cpu         ] GC(465) User=0.00s Sys=0.00s Real=0.01s
[202.212s][info][gc,start       ] GC(466) Pause Young (Allocation Failure)
[202.214s][info][gc,heap        ] GC(466) PSYoungGen: 226880K(227328K)->64K(227840K) Eden: 226816K(226816K)->0K(218112K) From: 64K(512K)->64K(9728K)
[202.214s][info][gc,heap        ] GC(466) ParOldGen: 71634K(525824K)->71650K(525824K)
[202.214s][info][gc,metaspace   ] GC(466) Metaspace: 35227K(35904K)->35227K(35904K) NonClass: 26019K(26496K)->26019K(26496K) Class: 9208K(9408K)->9208K(9408K)
[202.214s][info][gc             ] GC(466) Pause Young (Allocation Failure) 291M->70M(736M) 1.241ms
[202.214s][info][gc,cpu         ] GC(466) User=0.00s Sys=0.00s Real=0.01s
[203.302s][info][gc,start       ] GC(467) Pause Young (Allocation Failure)
[203.303s][info][gc,heap        ] GC(467) PSYoungGen: 218176K(227840K)->64K(210432K) Eden: 218112K(218112K)->0K(209920K) From: 64K(9728K)->64K(512K)
[203.304s][info][gc,heap        ] GC(467) ParOldGen: 71650K(525824K)->71658K(525824K)
[203.304s][info][gc,metaspace   ] GC(467) Metaspace: 35227K(35904K)->35227K(35904K) NonClass: 26019K(26496K)->26019K(26496K) Class: 9208K(9408K)->9208K(9408K)
[203.304s][info][gc             ] GC(467) Pause Young (Allocation Failure) 283M->70M(719M) 1.955ms
[203.304s][info][gc,cpu         ] GC(467) User=0.00s Sys=0.00s Real=0.01s
[203.527s][info][gc,start       ] GC(468) Pause Young (Allocation Failure)
[203.528s][info][gc,heap        ] GC(468) PSYoungGen: 209984K(210432K)->64K(210944K) Eden: 209920K(209920K)->0K(202240K) From: 64K(512K)->64K(8704K)
[203.528s][info][gc,heap        ] GC(468) ParOldGen: 71658K(525824K)->71666K(525824K)
[203.528s][info][gc,metaspace   ] GC(468) Metaspace: 35227K(35904K)->35227K(35904K) NonClass: 26019K(26496K)->26019K(26496K) Class: 9208K(9408K)->9208K(9408K)
[203.528s][info][gc             ] GC(468) Pause Young (Allocation Failure) 275M->70M(719M) 1.172ms
[203.528s][info][gc,cpu         ] GC(468) User=0.00s Sys=0.00s Real=0.00s
[203.855s][info][gc,start       ] GC(469) Pause Young (Allocation Failure)
[203.857s][info][gc,heap        ] GC(469) PSYoungGen: 202304K(210944K)->64K(195584K) Eden: 202240K(202240K)->0K(195072K) From: 64K(8704K)->64K(512K)
[203.857s][info][gc,heap        ] GC(469) ParOldGen: 71666K(525824K)->71674K(525824K)
[203.857s][info][gc,metaspace   ] GC(469) Metaspace: 35227K(35904K)->35227K(35904K) NonClass: 26019K(26496K)->26019K(26496K) Class: 9208K(9408K)->9208K(9408K)
[203.857s][info][gc             ] GC(469) Pause Young (Allocation Failure) 267M->70M(704M) 1.945ms
[203.857s][info][gc,cpu         ] GC(469) User=0.00s Sys=0.01s Real=0.00s
[203.980s][info][gc,start       ] GC(470) Pause Young (Allocation Failure)
[203.981s][info][gc,heap        ] GC(470) PSYoungGen: 195136K(195584K)->64K(195072K) Eden: 195072K(195072K)->0K(187904K) From: 64K(512K)->64K(7168K)
[203.981s][info][gc,heap        ] GC(470) ParOldGen: 71674K(525824K)->71682K(525824K)
[203.981s][info][gc,metaspace   ] GC(470) Metaspace: 35227K(35904K)->35227K(35904K) NonClass: 26019K(26496K)->26019K(26496K) Class: 9208K(9408K)->9208K(9408K)
[203.981s][info][gc             ] GC(470) Pause Young (Allocation Failure) 260M->70M(704M) 0.873ms
[203.981s][info][gc,cpu         ] GC(470) User=0.00s Sys=0.00s Real=0.00s
[204.075s][info][gc,start       ] GC(471) Pause Young (Allocation Failure)
[204.077s][info][gc,heap        ] GC(471) PSYoungGen: 187968K(195072K)->64K(181760K) Eden: 187904K(187904K)->0K(181248K) From: 64K(7168K)->64K(512K)
[204.077s][info][gc,heap        ] GC(471) ParOldGen: 71682K(525824K)->71690K(525824K)
[204.077s][info][gc,metaspace   ] GC(471) Metaspace: 35227K(35904K)->35227K(35904K) NonClass: 26019K(26496K)->26019K(26496K) Class: 9208K(9408K)->9208K(9408K)
[204.077s][info][gc             ] GC(471) Pause Young (Allocation Failure) 253M->70M(691M) 1.436ms
[204.077s][info][gc,cpu         ] GC(471) User=0.00s Sys=0.00s Real=0.00s
[204.599s][info][gc,start       ] GC(472) Pause Young (Allocation Failure)
[204.599s][info][gc,heap        ] GC(472) PSYoungGen: 181312K(181760K)->64K(181760K) Eden: 181248K(181248K)->0K(175104K) From: 64K(512K)->64K(6656K)
[204.599s][info][gc,heap        ] GC(472) ParOldGen: 71690K(525824K)->71698K(525824K)
[204.599s][info][gc,metaspace   ] GC(472) Metaspace: 35227K(35904K)->35227K(35904K) NonClass: 26019K(26496K)->26019K(26496K) Class: 9208K(9408K)->9208K(9408K)
[204.599s][info][gc             ] GC(472) Pause Young (Allocation Failure) 247M->70M(691M) 0.621ms
[204.599s][info][gc,cpu         ] GC(472) User=0.00s Sys=0.00s Real=0.00s
[204.805s][info][gc,start       ] GC(473) Pause Young (Allocation Failure)
[204.806s][info][gc,heap        ] GC(473) PSYoungGen: 175168K(181760K)->64K(169472K) Eden: 175104K(175104K)->0K(168960K) From: 64K(6656K)->64K(512K)
[204.806s][info][gc,heap        ] GC(473) ParOldGen: 71698K(525824K)->71706K(525824K)
[204.806s][info][gc,metaspace   ] GC(473) Metaspace: 35227K(35904K)->35227K(35904K) NonClass: 26019K(26496K)->26019K(26496K) Class: 9208K(9408K)->9208K(9408K)
[204.806s][info][gc             ] GC(473) Pause Young (Allocation Failure) 241M->70M(679M) 1.429ms
[204.806s][info][gc,cpu         ] GC(473) User=0.00s Sys=0.00s Real=0.00s
[205.123s][info][gc,start       ] GC(474) Pause Young (Allocation Failure)
[205.124s][info][gc,heap        ] GC(474) PSYoungGen: 169024K(169472K)->64K(168960K) Eden: 168960K(168960K)->0K(163328K) From: 64K(512K)->64K(5632K)
[205.124s][info][gc,heap        ] GC(474) ParOldGen: 71706K(525824K)->71714K(525824K)
[205.124s][info][gc,metaspace   ] GC(474) Metaspace: 35227K(35904K)->35227K(35904K) NonClass: 26019K(26496K)->26019K(26496K) Class: 9208K(9408K)->9208K(9408K)
[205.124s][info][gc             ] GC(474) Pause Young (Allocation Failure) 235M->70M(678M) 0.654ms
[205.124s][info][gc,cpu         ] GC(474) User=0.00s Sys=0.00s Real=0.00s
[205.356s][info][gc,start       ] GC(475) Pause Young (Allocation Failure)
[205.384s][info][gc,heap        ] GC(475) PSYoungGen: 163392K(168960K)->5120K(201216K) Eden: 163328K(163328K)->0K(196096K) From: 64K(5632K)->5120K(5120K)
[205.385s][info][gc,heap        ] GC(475) ParOldGen: 71714K(525824K)->83930K(525824K)
[205.385s][info][gc,metaspace   ] GC(475) Metaspace: 35227K(35904K)->35227K(35904K) NonClass: 26019K(26496K)->26019K(26496K) Class: 9208K(9408K)->9208K(9408K)
[205.385s][info][gc             ] GC(475) Pause Young (Allocation Failure) 229M->86M(710M) 28.777ms
[205.385s][info][gc,cpu         ] GC(475) User=0.05s Sys=0.00s Real=0.03s
[205.651s][info][gc,start       ] GC(476) Pause Young (Allocation Failure)
[205.690s][info][gc,heap        ] GC(476) PSYoungGen: 201216K(201216K)->10752K(243200K) Eden: 196096K(196096K)->0K(232448K) From: 5120K(5120K)->10752K(10752K)
[205.690s][info][gc,heap        ] GC(476) ParOldGen: 83930K(525824K)->95754K(525824K)
[205.690s][info][gc,metaspace   ] GC(476) Metaspace: 35227K(35904K)->35227K(35904K) NonClass: 26019K(26496K)->26019K(26496K) Class: 9208K(9408K)->9208K(9408K)
[205.690s][info][gc             ] GC(476) Pause Young (Allocation Failure) 278M->104M(751M) 39.389ms
[205.690s][info][gc,cpu         ] GC(476) User=0.08s Sys=0.00s Real=0.04s
[205.970s][info][gc,start       ] GC(477) Pause Young (Allocation Failure)
[206.019s][info][gc,heap        ] GC(477) PSYoungGen: 243200K(243200K)->17408K(246784K) Eden: 232448K(232448K)->0K(229376K) From: 10752K(10752K)->17408K(17408K)
[206.019s][info][gc,heap        ] GC(477) ParOldGen: 95754K(525824K)->101706K(525824K)
[206.019s][info][gc,metaspace   ] GC(477) Metaspace: 35227K(35904K)->35227K(35904K) NonClass: 26019K(26496K)->26019K(26496K) Class: 9208K(9408K)->9208K(9408K)
[206.019s][info][gc             ] GC(477) Pause Young (Allocation Failure) 331M->116M(754M) 49.434ms
[206.019s][info][gc,cpu         ] GC(477) User=0.08s Sys=0.01s Real=0.05s
[206.095s][info][gc,start       ] GC(478) Pause Young (Allocation Failure)
[206.098s][info][gc,heap        ] GC(478) PSYoungGen: 246784K(246784K)->64K(252928K) Eden: 229376K(229376K)->0K(229376K) From: 17408K(17408K)->64K(23552K)
[206.098s][info][gc,heap        ] GC(478) ParOldGen: 101706K(525824K)->101866K(525824K)
[206.098s][info][gc,metaspace   ] GC(478) Metaspace: 35227K(35904K)->35227K(35904K) NonClass: 26019K(26496K)->26019K(26496K) Class: 9208K(9408K)->9208K(9408K)
[206.098s][info][gc             ] GC(478) Pause Young (Allocation Failure) 340M->99M(760M) 2.633ms
[206.098s][info][gc,cpu         ] GC(478) User=0.01s Sys=0.00s Real=0.00s
[206.590s][info][gc,start       ] GC(479) Pause Young (Allocation Failure)
[206.591s][info][gc,heap        ] GC(479) PSYoungGen: 229440K(252928K)->64K(296960K) Eden: 229376K(229376K)->0K(275456K) From: 64K(23552K)->64K(21504K)
[206.591s][info][gc,heap        ] GC(479) ParOldGen: 101866K(525824K)->101874K(525824K)
[206.591s][info][gc,metaspace   ] GC(479) Metaspace: 35227K(35904K)->35227K(35904K) NonClass: 26019K(26496K)->26019K(26496K) Class: 9208K(9408K)->9208K(9408K)
[206.591s][info][gc             ] GC(479) Pause Young (Allocation Failure) 323M->99M(803M) 0.853ms
[206.591s][info][gc,cpu         ] GC(479) User=0.00s Sys=0.00s Real=0.00s
[207.150s][info][gc,start       ] GC(480) Pause Young (Allocation Failure)
[207.151s][info][gc,heap        ] GC(480) PSYoungGen: 275520K(296960K)->64K(297472K) Eden: 275456K(275456K)->0K(275456K) From: 64K(21504K)->64K(22016K)
[207.151s][info][gc,heap        ] GC(480) ParOldGen: 101874K(525824K)->101882K(525824K)
[207.151s][info][gc,metaspace   ] GC(480) Metaspace: 35227K(35904K)->35227K(35904K) NonClass: 26019K(26496K)->26019K(26496K) Class: 9208K(9408K)->9208K(9408K)
[207.151s][info][gc             ] GC(480) Pause Young (Allocation Failure) 368M->99M(804M) 0.907ms
[207.151s][info][gc,cpu         ] GC(480) User=0.00s Sys=0.00s Real=0.00s
[207.687s][info][gc,start       ] GC(481) Pause Young (Allocation Failure)
[207.688s][info][gc,heap        ] GC(481) PSYoungGen: 275520K(297472K)->64K(311296K) Eden: 275456K(275456K)->0K(290816K) From: 64K(22016K)->64K(20480K)
[207.688s][info][gc,heap        ] GC(481) ParOldGen: 101882K(525824K)->101898K(525824K)
[207.688s][info][gc,metaspace   ] GC(481) Metaspace: 35227K(35904K)->35227K(35904K) NonClass: 26019K(26496K)->26019K(26496K) Class: 9208K(9408K)->9208K(9408K)
[207.688s][info][gc             ] GC(481) Pause Young (Allocation Failure) 368M->99M(817M) 0.882ms
[207.688s][info][gc,cpu         ] GC(481) User=0.00s Sys=0.01s Real=0.00s
[207.966s][info][gc,start       ] GC(482) Pause Young (Allocation Failure)
[207.966s][info][gc,heap        ] GC(482) PSYoungGen: 290880K(311296K)->64K(311296K) Eden: 290816K(290816K)->0K(290816K) From: 64K(20480K)->64K(20480K)
[207.966s][info][gc,heap        ] GC(482) ParOldGen: 101898K(525824K)->101914K(525824K)
[207.966s][info][gc,metaspace   ] GC(482) Metaspace: 35227K(35904K)->35227K(35904K) NonClass: 26019K(26496K)->26019K(26496K) Class: 9208K(9408K)->9208K(9408K)
[207.966s][info][gc             ] GC(482) Pause Young (Allocation Failure) 383M->99M(817M) 0.848ms
[207.966s][info][gc,cpu         ] GC(482) User=0.00s Sys=0.00s Real=0.00s
[208.235s][info][gc,start       ] GC(483) Pause Young (Allocation Failure)
[208.236s][info][gc,heap        ] GC(483) PSYoungGen: 290880K(311296K)->64K(312320K) Eden: 290816K(290816K)->0K(293888K) From: 64K(20480K)->64K(18432K)
[208.236s][info][gc,heap        ] GC(483) ParOldGen: 101914K(525824K)->101914K(525824K)
[208.236s][info][gc,metaspace   ] GC(483) Metaspace: 35227K(35904K)->35227K(35904K) NonClass: 26019K(26496K)->26019K(26496K) Class: 9208K(9408K)->9208K(9408K)
[208.236s][info][gc             ] GC(483) Pause Young (Allocation Failure) 383M->99M(818M) 0.837ms
[208.236s][info][gc,cpu         ] GC(483) User=0.00s Sys=0.00s Real=0.00s
[208.535s][info][gc,start       ] GC(484) Pause Young (Allocation Failure)
[208.536s][info][gc,heap        ] GC(484) PSYoungGen: 293952K(312320K)->64K(312320K) Eden: 293888K(293888K)->0K(293888K) From: 64K(18432K)->64K(18432K)
[208.536s][info][gc,heap        ] GC(484) ParOldGen: 101914K(525824K)->101914K(525824K)
[208.536s][info][gc,metaspace   ] GC(484) Metaspace: 35227K(35904K)->35227K(35904K) NonClass: 26019K(26496K)->26019K(26496K) Class: 9208K(9408K)->9208K(9408K)
[208.536s][info][gc             ] GC(484) Pause Young (Allocation Failure) 386M->99M(818M) 0.780ms
[208.536s][info][gc,cpu         ] GC(484) User=0.00s Sys=0.00s Real=0.00s
[208.588s][info][gc,start       ] GC(485) Pause Young (Allocation Failure)
[208.589s][info][gc,heap        ] GC(485) PSYoungGen: 293952K(312320K)->32K(314368K) Eden: 293888K(293888K)->0K(297984K) From: 64K(18432K)->32K(16384K)
[208.589s][info][gc,heap        ] GC(485) ParOldGen: 101914K(525824K)->101930K(525824K)
[208.589s][info][gc,metaspace   ] GC(485) Metaspace: 35227K(35904K)->35227K(35904K) NonClass: 26019K(26496K)->26019K(26496K) Class: 9208K(9408K)->9208K(9408K)
[208.589s][info][gc             ] GC(485) Pause Young (Allocation Failure) 386M->99M(820M) 0.800ms
[208.589s][info][gc,cpu         ] GC(485) User=0.00s Sys=0.00s Real=0.00s
[208.740s][info][gc,start       ] GC(486) Pause Young (Allocation Failure)
[208.741s][info][gc,heap        ] GC(486) PSYoungGen: 298016K(314368K)->64K(314368K) Eden: 297984K(297984K)->0K(297984K) From: 32K(16384K)->64K(16384K)
[208.741s][info][gc,heap        ] GC(486) ParOldGen: 101930K(525824K)->101930K(525824K)
[208.741s][info][gc,metaspace   ] GC(486) Metaspace: 35227K(35904K)->35227K(35904K) NonClass: 26019K(26496K)->26019K(26496K) Class: 9208K(9408K)->9208K(9408K)
[208.741s][info][gc             ] GC(486) Pause Young (Allocation Failure) 390M->99M(820M) 0.856ms
[208.741s][info][gc,cpu         ] GC(486) User=0.00s Sys=0.00s Real=0.00s
[209.087s][info][gc,start       ] GC(487) Pause Young (Allocation Failure)
[209.087s][info][gc,heap        ] GC(487) PSYoungGen: 298048K(314368K)->64K(286720K) Eden: 297984K(297984K)->0K(286208K) From: 64K(16384K)->64K(512K)
[209.088s][info][gc,heap        ] GC(487) ParOldGen: 101930K(525824K)->101946K(525824K)
[209.088s][info][gc,metaspace   ] GC(487) Metaspace: 35227K(35904K)->35227K(35904K) NonClass: 26019K(26496K)->26019K(26496K) Class: 9208K(9408K)->9208K(9408K)
[209.088s][info][gc             ] GC(487) Pause Young (Allocation Failure) 390M->99M(793M) 0.888ms
[209.088s][info][gc,cpu         ] GC(487) User=0.00s Sys=0.00s Real=0.00s
[209.275s][info][gc,start       ] GC(488) Pause Young (Allocation Failure)
[209.276s][info][gc,heap        ] GC(488) PSYoungGen: 286272K(286720K)->64K(289792K) Eden: 286208K(286208K)->0K(274944K) From: 64K(512K)->64K(14848K)
[209.276s][info][gc,heap        ] GC(488) ParOldGen: 101946K(525824K)->101946K(525824K)
[209.276s][info][gc,metaspace   ] GC(488) Metaspace: 35227K(35904K)->35227K(35904K) NonClass: 26019K(26496K)->26019K(26496K) Class: 9208K(9408K)->9208K(9408K)
[209.276s][info][gc             ] GC(488) Pause Young (Allocation Failure) 379M->99M(796M) 0.975ms
[209.276s][info][gc,cpu         ] GC(488) User=0.00s Sys=0.00s Real=0.00s
[209.361s][info][gc,start       ] GC(489) Pause Young (Allocation Failure)
[209.362s][info][gc,heap        ] GC(489) PSYoungGen: 275008K(289792K)->64K(264704K) Eden: 274944K(274944K)->0K(264192K) From: 64K(14848K)->64K(512K)
[209.362s][info][gc,heap        ] GC(489) ParOldGen: 101946K(525824K)->101962K(525824K)
[209.362s][info][gc,metaspace   ] GC(489) Metaspace: 35227K(35904K)->35227K(35904K) NonClass: 26019K(26496K)->26019K(26496K) Class: 9208K(9408K)->9208K(9408K)
[209.362s][info][gc             ] GC(489) Pause Young (Allocation Failure) 368M->99M(772M) 0.878ms
[209.362s][info][gc,cpu         ] GC(489) User=0.00s Sys=0.00s Real=0.00s
[209.527s][info][gc,start       ] GC(490) Pause Young (Allocation Failure)
[209.528s][info][gc,heap        ] GC(490) PSYoungGen: 264256K(264704K)->64K(266752K) Eden: 264192K(264192K)->0K(253952K) From: 64K(512K)->64K(12800K)
[209.528s][info][gc,heap        ] GC(490) ParOldGen: 101962K(525824K)->101962K(525824K)
[209.528s][info][gc,metaspace   ] GC(490) Metaspace: 35227K(35904K)->35227K(35904K) NonClass: 26019K(26496K)->26019K(26496K) Class: 9208K(9408K)->9208K(9408K)
[209.528s][info][gc             ] GC(490) Pause Young (Allocation Failure) 357M->99M(774M) 0.741ms
[209.528s][info][gc,cpu         ] GC(490) User=0.01s Sys=0.00s Real=0.00s
[209.950s][info][gc,start       ] GC(491) Pause Young (Allocation Failure)
[209.951s][info][gc,heap        ] GC(491) PSYoungGen: 254016K(266752K)->64K(244736K) Eden: 253952K(253952K)->0K(244224K) From: 64K(12800K)->64K(512K)
[209.951s][info][gc,heap        ] GC(491) ParOldGen: 101962K(525824K)->101970K(525824K)
[209.951s][info][gc,metaspace   ] GC(491) Metaspace: 35227K(35904K)->35227K(35904K) NonClass: 26019K(26496K)->26019K(26496K) Class: 9208K(9408K)->9208K(9408K)
[209.951s][info][gc             ] GC(491) Pause Young (Allocation Failure) 347M->99M(752M) 1.459ms
[209.951s][info][gc,cpu         ] GC(491) User=0.00s Sys=0.00s Real=0.00s
[210.616s][info][gc,start       ] GC(492) Pause Young (Allocation Failure)
[210.617s][info][gc,heap        ] GC(492) PSYoungGen: 244288K(244736K)->83K(246272K) Eden: 244224K(244224K)->0K(235008K) From: 64K(512K)->83K(11264K)
[210.617s][info][gc,heap        ] GC(492) ParOldGen: 101970K(525824K)->101978K(525824K)
[210.617s][info][gc,metaspace   ] GC(492) Metaspace: 35227K(35904K)->35227K(35904K) NonClass: 26019K(26496K)->26019K(26496K) Class: 9208K(9408K)->9208K(9408K)
[210.617s][info][gc             ] GC(492) Pause Young (Allocation Failure) 338M->99M(754M) 0.834ms
[210.617s][info][gc,cpu         ] GC(492) User=0.00s Sys=0.00s Real=0.00s
[211.615s][info][gc,start       ] GC(493) Pause Young (Allocation Failure)
[211.618s][info][gc,heap        ] GC(493) PSYoungGen: 235091K(246272K)->64K(226816K) Eden: 235008K(235008K)->0K(226304K) From: 83K(11264K)->64K(512K)
[211.618s][info][gc,heap        ] GC(493) ParOldGen: 101978K(525824K)->101986K(525824K)
[211.618s][info][gc,metaspace   ] GC(493) Metaspace: 35227K(35904K)->35227K(35904K) NonClass: 26019K(26496K)->26019K(26496K) Class: 9208K(9408K)->9208K(9408K)
[211.618s][info][gc             ] GC(493) Pause Young (Allocation Failure) 329M->99M(735M) 2.662ms
[211.618s][info][gc,cpu         ] GC(493) User=0.00s Sys=0.01s Real=0.00s
[212.020s][info][gc,start       ] GC(494) Pause Young (Allocation Failure)
[212.021s][info][gc,heap        ] GC(494) PSYoungGen: 226368K(226816K)->64K(227840K) Eden: 226304K(226304K)->0K(217600K) From: 64K(512K)->64K(10240K)
[212.021s][info][gc,heap        ] GC(494) ParOldGen: 101986K(525824K)->102002K(525824K)
[212.021s][info][gc,metaspace   ] GC(494) Metaspace: 35227K(35904K)->35227K(35904K) NonClass: 26019K(26496K)->26019K(26496K) Class: 9208K(9408K)->9208K(9408K)
[212.021s][info][gc             ] GC(494) Pause Young (Allocation Failure) 320M->99M(736M) 1.546ms
[212.021s][info][gc,cpu         ] GC(494) User=0.01s Sys=0.00s Real=0.00s
[212.734s][info][gc,start       ] GC(495) Pause Young (Allocation Failure)
[212.736s][info][gc,heap        ] GC(495) PSYoungGen: 217664K(227840K)->64K(209920K) Eden: 217600K(217600K)->0K(209408K) From: 64K(10240K)->64K(512K)
[212.736s][info][gc,heap        ] GC(495) ParOldGen: 102002K(525824K)->102018K(525824K)
[212.736s][info][gc,metaspace   ] GC(495) Metaspace: 35227K(35904K)->35227K(35904K) NonClass: 26019K(26496K)->26019K(26496K) Class: 9208K(9408K)->9208K(9408K)
[212.736s][info][gc             ] GC(495) Pause Young (Allocation Failure) 312M->99M(718M) 2.287ms
[212.736s][info][gc,cpu         ] GC(495) User=0.00s Sys=0.00s Real=0.00s
[213.365s][info][gc,start       ] GC(496) Pause Young (Allocation Failure)
[213.366s][info][gc,heap        ] GC(496) PSYoungGen: 209472K(209920K)->64K(210432K) Eden: 209408K(209408K)->0K(201728K) From: 64K(512K)->64K(8704K)
[213.366s][info][gc,heap        ] GC(496) ParOldGen: 102018K(525824K)->102026K(525824K)
[213.366s][info][gc,metaspace   ] GC(496) Metaspace: 35227K(35904K)->35227K(35904K) NonClass: 26019K(26496K)->26019K(26496K) Class: 9208K(9408K)->9208K(9408K)
[213.366s][info][gc             ] GC(496) Pause Young (Allocation Failure) 304M->99M(719M) 1.402ms
[213.366s][info][gc,cpu         ] GC(496) User=0.00s Sys=0.00s Real=0.00s
[213.697s][info][gc,start       ] GC(497) Pause Young (Allocation Failure)
[213.699s][info][gc,heap        ] GC(497) PSYoungGen: 201792K(210432K)->64K(195072K) Eden: 201728K(201728K)->0K(194560K) From: 64K(8704K)->64K(512K)
[213.699s][info][gc,heap        ] GC(497) ParOldGen: 102026K(525824K)->102034K(525824K)
[213.699s][info][gc,metaspace   ] GC(497) Metaspace: 35227K(35904K)->35227K(35904K) NonClass: 26019K(26496K)->26019K(26496K) Class: 9208K(9408K)->9208K(9408K)
[213.699s][info][gc             ] GC(497) Pause Young (Allocation Failure) 296M->99M(704M) 2.146ms
[213.699s][info][gc,cpu         ] GC(497) User=0.00s Sys=0.00s Real=0.00s
[213.841s][info][gc,start       ] GC(498) Pause Young (Allocation Failure)
[213.842s][info][gc,heap        ] GC(498) PSYoungGen: 194624K(195072K)->32K(195072K) Eden: 194560K(194560K)->0K(187392K) From: 64K(512K)->32K(7680K)
[213.842s][info][gc,heap        ] GC(498) ParOldGen: 102034K(525824K)->102050K(525824K)
[213.842s][info][gc,metaspace   ] GC(498) Metaspace: 35227K(35904K)->35227K(35904K) NonClass: 26019K(26496K)->26019K(26496K) Class: 9208K(9408K)->9208K(9408K)
[213.842s][info][gc             ] GC(498) Pause Young (Allocation Failure) 289M->99M(704M) 1.308ms
[213.842s][info][gc,cpu         ] GC(498) User=0.00s Sys=0.00s Real=0.00s
[213.923s][info][gc,start       ] GC(499) Pause Young (Allocation Failure)
[213.925s][info][gc,heap        ] GC(499) PSYoungGen: 187424K(195072K)->32K(181248K) Eden: 187392K(187392K)->0K(180736K) From: 32K(7680K)->32K(512K)
[213.925s][info][gc,heap        ] GC(499) ParOldGen: 102050K(525824K)->102058K(525824K)
[213.925s][info][gc,metaspace   ] GC(499) Metaspace: 35227K(35904K)->35227K(35904K) NonClass: 26019K(26496K)->26019K(26496K) Class: 9208K(9408K)->9208K(9408K)
[213.925s][info][gc             ] GC(499) Pause Young (Allocation Failure) 282M->99M(690M) 1.839ms
[213.925s][info][gc,cpu         ] GC(499) User=0.01s Sys=0.00s Real=0.01s
[214.390s][info][gc,start       ] GC(500) Pause Young (Allocation Failure)
[214.392s][info][gc,heap        ] GC(500) PSYoungGen: 180768K(181248K)->64K(181248K) Eden: 180736K(180736K)->0K(174592K) From: 32K(512K)->64K(6656K)
[214.392s][info][gc,heap        ] GC(500) ParOldGen: 102058K(525824K)->102066K(525824K)
[214.392s][info][gc,metaspace   ] GC(500) Metaspace: 35227K(35904K)->35227K(35904K) NonClass: 26019K(26496K)->26019K(26496K) Class: 9208K(9408K)->9208K(9408K)
[214.392s][info][gc             ] GC(500) Pause Young (Allocation Failure) 276M->99M(690M) 1.418ms
[214.392s][info][gc,cpu         ] GC(500) User=0.00s Sys=0.00s Real=0.00s
[214.667s][info][gc,start       ] GC(501) Pause Young (Allocation Failure)
[214.670s][info][gc,heap        ] GC(501) PSYoungGen: 174656K(181248K)->32K(168960K) Eden: 174592K(174592K)->0K(168448K) From: 64K(6656K)->32K(512K)
[214.670s][info][gc,heap        ] GC(501) ParOldGen: 102066K(525824K)->102074K(525824K)
[214.670s][info][gc,metaspace   ] GC(501) Metaspace: 35227K(35904K)->35227K(35904K) NonClass: 26019K(26496K)->26019K(26496K) Class: 9208K(9408K)->9208K(9408K)
[214.670s][info][gc             ] GC(501) Pause Young (Allocation Failure) 270M->99M(678M) 2.493ms
[214.670s][info][gc,cpu         ] GC(501) User=0.01s Sys=0.00s Real=0.00s
[214.932s][info][gc,start       ] GC(502) Pause Young (Allocation Failure)
[214.933s][info][gc,heap        ] GC(502) PSYoungGen: 168480K(168960K)->64K(168448K) Eden: 168448K(168448K)->0K(162816K) From: 32K(512K)->64K(5632K)
[214.933s][info][gc,heap        ] GC(502) ParOldGen: 102074K(525824K)->102082K(525824K)
[214.933s][info][gc,metaspace   ] GC(502) Metaspace: 35227K(35904K)->35227K(35904K) NonClass: 26019K(26496K)->26019K(26496K) Class: 9208K(9408K)->9208K(9408K)
[214.933s][info][gc             ] GC(502) Pause Young (Allocation Failure) 264M->99M(678M) 1.444ms
[214.933s][info][gc,cpu         ] GC(502) User=0.00s Sys=0.00s Real=0.01s
[215.199s][info][gc,start       ] GC(503) Pause Young (Allocation Failure)
[215.227s][info][gc,heap        ] GC(503) PSYoungGen: 162880K(168448K)->5120K(200704K) Eden: 162816K(162816K)->0K(195584K) From: 64K(5632K)->5120K(5120K)
[215.227s][info][gc,heap        ] GC(503) ParOldGen: 102082K(525824K)->110794K(525824K)
[215.227s][info][gc,metaspace   ] GC(503) Metaspace: 35227K(35904K)->35227K(35904K) NonClass: 26019K(26496K)->26019K(26496K) Class: 9208K(9408K)->9208K(9408K)
[215.227s][info][gc             ] GC(503) Pause Young (Allocation Failure) 258M->113M(709M) 28.010ms
[215.227s][info][gc,cpu         ] GC(503) User=0.04s Sys=0.01s Real=0.03s
[215.491s][info][gc,start       ] GC(504) Pause Young (Allocation Failure)
[215.531s][info][gc,heap        ] GC(504) PSYoungGen: 200704K(200704K)->9728K(243712K) Eden: 195584K(195584K)->0K(233984K) From: 5120K(5120K)->9728K(9728K)
[215.531s][info][gc,heap        ] GC(504) ParOldGen: 110794K(525824K)->123498K(525824K)
[215.531s][info][gc,metaspace   ] GC(504) Metaspace: 35227K(35904K)->35227K(35904K) NonClass: 26019K(26496K)->26019K(26496K) Class: 9208K(9408K)->9208K(9408K)
[215.531s][info][gc             ] GC(504) Pause Young (Allocation Failure) 304M->130M(751M) 39.523ms
[215.531s][info][gc,cpu         ] GC(504) User=0.08s Sys=0.00s Real=0.04s
[215.851s][info][gc,start       ] GC(505) Pause Young (Allocation Failure)
[215.905s][info][gc,heap        ] GC(505) PSYoungGen: 243712K(243712K)->16384K(243712K) Eden: 233984K(233984K)->0K(227328K) From: 9728K(9728K)->16384K(16384K)
[215.906s][info][gc,heap        ] GC(505) ParOldGen: 123498K(525824K)->133994K(525824K)
[215.906s][info][gc,metaspace   ] GC(505) Metaspace: 35227K(35904K)->35227K(35904K) NonClass: 26019K(26496K)->26019K(26496K) Class: 9208K(9408K)->9208K(9408K)
[215.906s][info][gc             ] GC(505) Pause Young (Allocation Failure) 358M->146M(751M) 54.635ms
[215.906s][info][gc,cpu         ] GC(505) User=0.09s Sys=0.01s Real=0.06s
[215.969s][info][gc,start       ] GC(506) Pause Young (Allocation Failure)
[215.973s][info][gc,heap        ] GC(506) PSYoungGen: 243712K(243712K)->96K(251392K) Eden: 227328K(227328K)->0K(227328K) From: 16384K(16384K)->96K(24064K)
[215.973s][info][gc,heap        ] GC(506) ParOldGen: 133994K(525824K)->134282K(525824K)
[215.973s][info][gc,metaspace   ] GC(506) Metaspace: 35227K(35904K)->35227K(35904K) NonClass: 26019K(26496K)->26019K(26496K) Class: 9208K(9408K)->9208K(9408K)
[215.973s][info][gc             ] GC(506) Pause Young (Allocation Failure) 368M->131M(759M) 4.071ms
[215.973s][info][gc,cpu         ] GC(506) User=0.01s Sys=0.00s Real=0.01s
[216.401s][info][gc,start       ] GC(507) Pause Young (Allocation Failure)
[216.402s][info][gc,heap        ] GC(507) PSYoungGen: 227424K(251392K)->64K(294912K) Eden: 227328K(227328K)->0K(272896K) From: 96K(24064K)->64K(22016K)
[216.402s][info][gc,heap        ] GC(507) ParOldGen: 134282K(525824K)->134290K(525824K)
[216.402s][info][gc,metaspace   ] GC(507) Metaspace: 35227K(35904K)->35227K(35904K) NonClass: 26019K(26496K)->26019K(26496K) Class: 9208K(9408K)->9208K(9408K)
[216.402s][info][gc             ] GC(507) Pause Young (Allocation Failure) 353M->131M(801M) 0.905ms
[216.402s][info][gc,cpu         ] GC(507) User=0.01s Sys=0.00s Real=0.00s
[217.011s][info][gc,start       ] GC(508) Pause Young (Allocation Failure)
[217.012s][info][gc,heap        ] GC(508) PSYoungGen: 272960K(294912K)->64K(295424K) Eden: 272896K(272896K)->0K(272896K) From: 64K(22016K)->64K(22528K)
[217.012s][info][gc,heap        ] GC(508) ParOldGen: 134290K(525824K)->134298K(525824K)
[217.012s][info][gc,metaspace   ] GC(508) Metaspace: 35227K(35904K)->35227K(35904K) NonClass: 26019K(26496K)->26019K(26496K) Class: 9208K(9408K)->9208K(9408K)
[217.012s][info][gc             ] GC(508) Pause Young (Allocation Failure) 397M->131M(802M) 0.931ms
[217.012s][info][gc,cpu         ] GC(508) User=0.00s Sys=0.00s Real=0.00s
[217.495s][info][gc,start       ] GC(509) Pause Young (Allocation Failure)
[217.496s][info][gc,heap        ] GC(509) PSYoungGen: 272960K(295424K)->64K(309760K) Eden: 272896K(272896K)->0K(289792K) From: 64K(22528K)->64K(19968K)
[217.496s][info][gc,heap        ] GC(509) ParOldGen: 134298K(525824K)->134314K(525824K)
[217.496s][info][gc,metaspace   ] GC(509) Metaspace: 35227K(35904K)->35227K(35904K) NonClass: 26019K(26496K)->26019K(26496K) Class: 9208K(9408K)->9208K(9408K)
[217.496s][info][gc             ] GC(509) Pause Young (Allocation Failure) 397M->131M(816M) 0.951ms
[217.496s][info][gc,cpu         ] GC(509) User=0.00s Sys=0.00s Real=0.00s
[217.785s][info][gc,start       ] GC(510) Pause Young (Allocation Failure)
[217.786s][info][gc,heap        ] GC(510) PSYoungGen: 289856K(309760K)->32K(310272K) Eden: 289792K(289792K)->0K(289792K) From: 64K(19968K)->32K(20480K)
[217.786s][info][gc,heap        ] GC(510) ParOldGen: 134314K(525824K)->134330K(525824K)
[217.786s][info][gc,metaspace   ] GC(510) Metaspace: 35227K(35904K)->35227K(35904K) NonClass: 26019K(26496K)->26019K(26496K) Class: 9208K(9408K)->9208K(9408K)
[217.786s][info][gc             ] GC(510) Pause Young (Allocation Failure) 414M->131M(816M) 1.057ms
[217.786s][info][gc,cpu         ] GC(510) User=0.01s Sys=0.00s Real=0.00s
[218.051s][info][gc,start       ] GC(511) Pause Young (Allocation Failure)
[218.052s][info][gc,heap        ] GC(511) PSYoungGen: 289824K(310272K)->64K(312832K) Eden: 289792K(289792K)->0K(293888K) From: 32K(20480K)->64K(18944K)
[218.052s][info][gc,heap        ] GC(511) ParOldGen: 134330K(525824K)->134330K(525824K)
[218.052s][info][gc,metaspace   ] GC(511) Metaspace: 35227K(35904K)->35227K(35904K) NonClass: 26019K(26496K)->26019K(26496K) Class: 9208K(9408K)->9208K(9408K)
[218.052s][info][gc             ] GC(511) Pause Young (Allocation Failure) 414M->131M(819M) 1.010ms
[218.052s][info][gc,cpu         ] GC(511) User=0.00s Sys=0.00s Real=0.00s
[218.387s][info][gc,start       ] GC(512) Pause Young (Allocation Failure)
[218.388s][info][gc,heap        ] GC(512) PSYoungGen: 293952K(312832K)->64K(312832K) Eden: 293888K(293888K)->0K(293888K) From: 64K(18944K)->64K(18944K)
[218.388s][info][gc,heap        ] GC(512) ParOldGen: 134330K(525824K)->134330K(525824K)
[218.388s][info][gc,metaspace   ] GC(512) Metaspace: 35227K(35904K)->35227K(35904K) NonClass: 26019K(26496K)->26019K(26496K) Class: 9208K(9408K)->9208K(9408K)
[218.388s][info][gc             ] GC(512) Pause Young (Allocation Failure) 418M->131M(819M) 0.958ms
[218.388s][info][gc,cpu         ] GC(512) User=0.00s Sys=0.00s Real=0.00s
[218.440s][info][gc,start       ] GC(513) Pause Young (Allocation Failure)
[218.441s][info][gc,heap        ] GC(513) PSYoungGen: 293952K(312832K)->64K(313856K) Eden: 293888K(293888K)->0K(296960K) From: 64K(18944K)->64K(16896K)
[218.441s][info][gc,heap        ] GC(513) ParOldGen: 134330K(525824K)->134346K(525824K)
[218.441s][info][gc,metaspace   ] GC(513) Metaspace: 35227K(35904K)->35227K(35904K) NonClass: 26019K(26496K)->26019K(26496K) Class: 9208K(9408K)->9208K(9408K)
[218.441s][info][gc             ] GC(513) Pause Young (Allocation Failure) 418M->131M(820M) 1.087ms
[218.441s][info][gc,cpu         ] GC(513) User=0.00s Sys=0.00s Real=0.00s
[218.549s][info][gc,start       ] GC(514) Pause Young (Allocation Failure)
[218.550s][info][gc,heap        ] GC(514) PSYoungGen: 297024K(313856K)->64K(313856K) Eden: 296960K(296960K)->0K(296960K) From: 64K(16896K)->64K(16896K)
[218.550s][info][gc,heap        ] GC(514) ParOldGen: 134346K(525824K)->134346K(525824K)
[218.550s][info][gc,metaspace   ] GC(514) Metaspace: 35227K(35904K)->35227K(35904K) NonClass: 26019K(26496K)->26019K(26496K) Class: 9208K(9408K)->9208K(9408K)
[218.550s][info][gc             ] GC(514) Pause Young (Allocation Failure) 421M->131M(820M) 1.017ms
[218.550s][info][gc,cpu         ] GC(514) User=0.01s Sys=0.00s Real=0.00s
[218.900s][info][gc,start       ] GC(515) Pause Young (Allocation Failure)
[218.901s][info][gc,heap        ] GC(515) PSYoungGen: 297024K(313856K)->64K(315904K) Eden: 296960K(296960K)->0K(301056K) From: 64K(16896K)->64K(14848K)
[218.901s][info][gc,heap        ] GC(515) ParOldGen: 134346K(525824K)->134362K(525824K)
[218.901s][info][gc,metaspace   ] GC(515) Metaspace: 35227K(35904K)->35227K(35904K) NonClass: 26019K(26496K)->26019K(26496K) Class: 9208K(9408K)->9208K(9408K)
[218.901s][info][gc             ] GC(515) Pause Young (Allocation Failure) 421M->131M(822M) 0.903ms
[218.901s][info][gc,cpu         ] GC(515) User=0.01s Sys=0.00s Real=0.00s
[219.135s][info][gc,start       ] GC(516) Pause Young (Allocation Failure)
[219.136s][info][gc,heap        ] GC(516) PSYoungGen: 301120K(315904K)->64K(289280K) Eden: 301056K(301056K)->0K(288768K) From: 64K(14848K)->64K(512K)
[219.136s][info][gc,heap        ] GC(516) ParOldGen: 134362K(525824K)->134362K(525824K)
[219.136s][info][gc,metaspace   ] GC(516) Metaspace: 35227K(35904K)->35227K(35904K) NonClass: 26019K(26496K)->26019K(26496K) Class: 9208K(9408K)->9208K(9408K)
[219.136s][info][gc             ] GC(516) Pause Young (Allocation Failure) 425M->131M(796M) 0.937ms
[219.136s][info][gc,cpu         ] GC(516) User=0.00s Sys=0.00s Real=0.00s
[219.221s][info][gc,start       ] GC(517) Pause Young (Allocation Failure)
[219.222s][info][gc,heap        ] GC(517) PSYoungGen: 288832K(289280K)->64K(279040K) Eden: 288768K(288768K)->0K(277504K) From: 64K(512K)->64K(1536K)
[219.222s][info][gc,heap        ] GC(517) ParOldGen: 134362K(525824K)->134378K(525824K)
[219.222s][info][gc,metaspace   ] GC(517) Metaspace: 35227K(35904K)->35227K(35904K) NonClass: 26019K(26496K)->26019K(26496K) Class: 9208K(9408K)->9208K(9408K)
[219.222s][info][gc             ] GC(517) Pause Young (Allocation Failure) 413M->131M(786M) 0.995ms
[219.222s][info][gc,cpu         ] GC(517) User=0.01s Sys=0.00s Real=0.00s
[219.390s][info][gc,start       ] GC(518) Pause Young (Allocation Failure)
[219.391s][info][gc,heap        ] GC(518) PSYoungGen: 277568K(279040K)->64K(280064K) Eden: 277504K(277504K)->0K(266752K) From: 64K(1536K)->64K(13312K)
[219.391s][info][gc,heap        ] GC(518) ParOldGen: 134378K(525824K)->134378K(525824K)
[219.391s][info][gc,metaspace   ] GC(518) Metaspace: 35227K(35904K)->35227K(35904K) NonClass: 26019K(26496K)->26019K(26496K) Class: 9208K(9408K)->9208K(9408K)
[219.391s][info][gc             ] GC(518) Pause Young (Allocation Failure) 402M->131M(787M) 1.013ms
[219.391s][info][gc,cpu         ] GC(518) User=0.00s Sys=0.00s Real=0.00s
[219.835s][info][gc,start       ] GC(519) Pause Young (Allocation Failure)
[219.837s][info][gc,heap        ] GC(519) PSYoungGen: 266816K(280064K)->64K(257024K) Eden: 266752K(266752K)->0K(256512K) From: 64K(13312K)->64K(512K)
[219.837s][info][gc,heap        ] GC(519) ParOldGen: 134378K(525824K)->134386K(525824K)
[219.837s][info][gc,metaspace   ] GC(519) Metaspace: 35227K(35904K)->35227K(35904K) NonClass: 26019K(26496K)->26019K(26496K) Class: 9208K(9408K)->9208K(9408K)
[219.837s][info][gc             ] GC(519) Pause Young (Allocation Failure) 391M->131M(764M) 1.641ms
[219.837s][info][gc,cpu         ] GC(519) User=0.00s Sys=0.00s Real=0.00s
[220.490s][info][gc,start       ] GC(520) Pause Young (Allocation Failure)
[220.491s][info][gc,heap        ] GC(520) PSYoungGen: 256576K(257024K)->83K(258560K) Eden: 256512K(256512K)->0K(246784K) From: 64K(512K)->83K(11776K)
[220.491s][info][gc,heap        ] GC(520) ParOldGen: 134386K(525824K)->134394K(525824K)
[220.491s][info][gc,metaspace   ] GC(520) Metaspace: 35227K(35904K)->35227K(35904K) NonClass: 26019K(26496K)->26019K(26496K) Class: 9208K(9408K)->9208K(9408K)
[220.491s][info][gc             ] GC(520) Pause Young (Allocation Failure) 381M->131M(766M) 0.960ms
[220.491s][info][gc,cpu         ] GC(520) User=0.00s Sys=0.00s Real=0.00s
[221.708s][info][gc,start       ] GC(521) Pause Young (Allocation Failure)
[221.710s][info][gc,heap        ] GC(521) PSYoungGen: 246867K(258560K)->64K(237568K) Eden: 246784K(246784K)->0K(237056K) From: 83K(11776K)->64K(512K)
[221.710s][info][gc,heap        ] GC(521) ParOldGen: 134394K(525824K)->134402K(525824K)
[221.710s][info][gc,metaspace   ] GC(521) Metaspace: 35227K(35904K)->35227K(35904K) NonClass: 26019K(26496K)->26019K(26496K) Class: 9208K(9408K)->9208K(9408K)
[221.710s][info][gc             ] GC(521) Pause Young (Allocation Failure) 372M->131M(745M) 2.427ms
[221.710s][info][gc,cpu         ] GC(521) User=0.01s Sys=0.00s Real=0.00s
[222.173s][info][gc,start       ] GC(522) Pause Young (Allocation Failure)
[222.175s][info][gc,heap        ] GC(522) PSYoungGen: 237120K(237568K)->64K(238080K) Eden: 237056K(237056K)->0K(227840K) From: 64K(512K)->64K(10240K)
[222.175s][info][gc,heap        ] GC(522) ParOldGen: 134402K(525824K)->134418K(525824K)
[222.175s][info][gc,metaspace   ] GC(522) Metaspace: 35227K(35904K)->35227K(35904K) NonClass: 26019K(26496K)->26019K(26496K) Class: 9208K(9408K)->9208K(9408K)
[222.175s][info][gc             ] GC(522) Pause Young (Allocation Failure) 362M->131M(746M) 1.448ms
[222.175s][info][gc,cpu         ] GC(522) User=0.00s Sys=0.00s Real=0.00s
[223.240s][info][gc,start       ] GC(523) Pause Young (Allocation Failure)
[223.242s][info][gc,heap        ] GC(523) PSYoungGen: 227904K(238080K)->64K(219648K) Eden: 227840K(227840K)->0K(219136K) From: 64K(10240K)->64K(512K)
[223.242s][info][gc,heap        ] GC(523) ParOldGen: 134418K(525824K)->134426K(525824K)
[223.242s][info][gc,metaspace   ] GC(523) Metaspace: 35227K(35904K)->35227K(35904K) NonClass: 26019K(26496K)->26019K(26496K) Class: 9208K(9408K)->9208K(9408K)
[223.242s][info][gc             ] GC(523) Pause Young (Allocation Failure) 353M->131M(728M) 2.328ms
[223.242s][info][gc,cpu         ] GC(523) User=0.00s Sys=0.00s Real=0.00s
[223.467s][info][gc,start       ] GC(524) Pause Young (Allocation Failure)
[223.468s][info][gc,heap        ] GC(524) PSYoungGen: 219200K(219648K)->32K(219648K) Eden: 219136K(219136K)->0K(210944K) From: 64K(512K)->32K(8704K)
[223.469s][info][gc,heap        ] GC(524) ParOldGen: 134426K(525824K)->134434K(525824K)
[223.469s][info][gc,metaspace   ] GC(524) Metaspace: 35227K(35904K)->35227K(35904K) NonClass: 26019K(26496K)->26019K(26496K) Class: 9208K(9408K)->9208K(9408K)
[223.469s][info][gc             ] GC(524) Pause Young (Allocation Failure) 345M->131M(728M) 1.429ms
[223.469s][info][gc,cpu         ] GC(524) User=0.00s Sys=0.00s Real=0.00s
[223.855s][info][gc,start       ] GC(525) Pause Young (Allocation Failure)
[223.857s][info][gc,heap        ] GC(525) PSYoungGen: 210976K(219648K)->64K(203776K) Eden: 210944K(210944K)->0K(203264K) From: 32K(8704K)->64K(512K)
[223.857s][info][gc,heap        ] GC(525) ParOldGen: 134434K(525824K)->134442K(525824K)
[223.857s][info][gc,metaspace   ] GC(525) Metaspace: 35227K(35904K)->35227K(35904K) NonClass: 26019K(26496K)->26019K(26496K) Class: 9208K(9408K)->9208K(9408K)
[223.857s][info][gc             ] GC(525) Pause Young (Allocation Failure) 337M->131M(712M) 1.837ms
[223.857s][info][gc,cpu         ] GC(525) User=0.00s Sys=0.00s Real=0.00s
[223.915s][info][gc,start       ] GC(526) Pause Young (Allocation Failure)
[223.916s][info][gc,heap        ] GC(526) PSYoungGen: 203328K(203776K)->32K(203264K) Eden: 203264K(203264K)->0K(195584K) From: 64K(512K)->32K(7680K)
[223.917s][info][gc,heap        ] GC(526) ParOldGen: 134442K(525824K)->134458K(525824K)
[223.917s][info][gc,metaspace   ] GC(526) Metaspace: 35227K(35904K)->35227K(35904K) NonClass: 26019K(26496K)->26019K(26496K) Class: 9208K(9408K)->9208K(9408K)
[223.917s][info][gc             ] GC(526) Pause Young (Allocation Failure) 329M->131M(712M) 1.355ms
[223.917s][info][gc,cpu         ] GC(526) User=0.00s Sys=0.00s Real=0.00s
[224.182s][info][gc,start       ] GC(527) Pause Young (Allocation Failure)
[224.184s][info][gc,heap        ] GC(527) PSYoungGen: 195616K(203264K)->64K(188928K) Eden: 195584K(195584K)->0K(188416K) From: 32K(7680K)->64K(512K)
[224.184s][info][gc,heap        ] GC(527) ParOldGen: 134458K(525824K)->134466K(525824K)
[224.184s][info][gc,metaspace   ] GC(527) Metaspace: 35227K(35904K)->35227K(35904K) NonClass: 26019K(26496K)->26019K(26496K) Class: 9208K(9408K)->9208K(9408K)
[224.184s][info][gc             ] GC(527) Pause Young (Allocation Failure) 322M->131M(698M) 2.192ms
[224.184s][info][gc,cpu         ] GC(527) User=0.00s Sys=0.00s Real=0.01s
[224.661s][info][gc,start       ] GC(528) Pause Young (Allocation Failure)
[224.663s][info][gc,heap        ] GC(528) PSYoungGen: 188480K(188928K)->32K(188416K) Eden: 188416K(188416K)->0K(181760K) From: 64K(512K)->32K(6656K)
[224.663s][info][gc,heap        ] GC(528) ParOldGen: 134466K(525824K)->134474K(525824K)
[224.663s][info][gc,metaspace   ] GC(528) Metaspace: 35227K(35904K)->35227K(35904K) NonClass: 26019K(26496K)->26019K(26496K) Class: 9208K(9408K)->9208K(9408K)
[224.663s][info][gc             ] GC(528) Pause Young (Allocation Failure) 315M->131M(697M) 1.356ms
[224.663s][info][gc,cpu         ] GC(528) User=0.00s Sys=0.00s Real=0.00s
[224.874s][info][gc,start       ] GC(529) Pause Young (Allocation Failure)
[224.876s][info][gc,heap        ] GC(529) PSYoungGen: 181792K(188416K)->32K(175616K) Eden: 181760K(181760K)->0K(175104K) From: 32K(6656K)->32K(512K)
[224.877s][info][gc,heap        ] GC(529) ParOldGen: 134474K(525824K)->134482K(525824K)
[224.877s][info][gc,metaspace   ] GC(529) Metaspace: 35227K(35904K)->35227K(35904K) NonClass: 26019K(26496K)->26019K(26496K) Class: 9208K(9408K)->9208K(9408K)
[224.877s][info][gc             ] GC(529) Pause Young (Allocation Failure) 308M->131M(685M) 2.100ms
[224.877s][info][gc,cpu         ] GC(529) User=0.00s Sys=0.00s Real=0.00s
[225.184s][info][gc,start       ] GC(530) Pause Young (Allocation Failure)
[225.209s][info][gc,heap        ] GC(530) PSYoungGen: 175136K(175616K)->5632K(216064K) Eden: 175104K(175104K)->0K(210432K) From: 32K(512K)->5632K(5632K)
[225.209s][info][gc,heap        ] GC(530) ParOldGen: 134482K(525824K)->137130K(525824K)
[225.209s][info][gc,metaspace   ] GC(530) Metaspace: 35227K(35904K)->35227K(35904K) NonClass: 26019K(26496K)->26019K(26496K) Class: 9208K(9408K)->9208K(9408K)
[225.209s][info][gc             ] GC(530) Pause Young (Allocation Failure) 302M->139M(724M) 25.132ms
[225.209s][info][gc,cpu         ] GC(530) User=0.03s Sys=0.00s Real=0.02s
[225.492s][info][gc,start       ] GC(531) Pause Young (Allocation Failure)
[225.537s][info][gc,heap        ] GC(531) PSYoungGen: 216064K(216064K)->5632K(236544K) Eden: 210432K(210432K)->0K(230912K) From: 5632K(5632K)->5632K(5632K)
[225.537s][info][gc,heap        ] GC(531) ParOldGen: 137130K(525824K)->155450K(525824K)
[225.537s][info][gc,metaspace   ] GC(531) Metaspace: 35227K(35904K)->35227K(35904K) NonClass: 26019K(26496K)->26019K(26496K) Class: 9208K(9408K)->9208K(9408K)
[225.537s][info][gc             ] GC(531) Pause Young (Allocation Failure) 344M->157M(744M) 45.302ms
[225.538s][info][gc,cpu         ] GC(531) User=0.08s Sys=0.00s Real=0.05s
[225.851s][info][gc,start       ] GC(532) Pause Young (Allocation Failure)
[225.901s][info][gc,heap        ] GC(532) PSYoungGen: 236544K(236544K)->15872K(246784K) Eden: 230912K(230912K)->0K(230912K) From: 5632K(5632K)->15872K(15872K)
[225.901s][info][gc,heap        ] GC(532) ParOldGen: 155450K(525824K)->166258K(525824K)
[225.901s][info][gc,metaspace   ] GC(532) Metaspace: 35227K(35904K)->35227K(35904K) NonClass: 26019K(26496K)->26019K(26496K) Class: 9208K(9408K)->9208K(9408K)
[225.901s][info][gc             ] GC(532) Pause Young (Allocation Failure) 382M->177M(754M) 50.477ms
[225.901s][info][gc,cpu         ] GC(532) User=0.09s Sys=0.00s Real=0.05s
[226.008s][info][gc,start       ] GC(533) Pause Young (Allocation Failure)
[226.021s][info][gc,heap        ] GC(533) PSYoungGen: 246784K(246784K)->4320K(297472K) Eden: 230912K(230912K)->0K(277504K) From: 15872K(15872K)->4320K(19968K)
[226.021s][info][gc,heap        ] GC(533) ParOldGen: 166258K(525824K)->166546K(525824K)
[226.021s][info][gc,metaspace   ] GC(533) Metaspace: 35227K(35904K)->35227K(35904K) NonClass: 26019K(26496K)->26019K(26496K) Class: 9208K(9408K)->9208K(9408K)
[226.021s][info][gc             ] GC(533) Pause Young (Allocation Failure) 403M->166M(804M) 12.695ms
[226.021s][info][gc,cpu         ] GC(533) User=0.02s Sys=0.01s Real=0.01s
[226.524s][info][gc,start       ] GC(534) Pause Young (Allocation Failure)
[226.525s][info][gc,heap        ] GC(534) PSYoungGen: 281824K(297472K)->64K(299008K) Eden: 277504K(277504K)->0K(277504K) From: 4320K(19968K)->64K(21504K)
[226.525s][info][gc,heap        ] GC(534) ParOldGen: 166546K(525824K)->166554K(525824K)
[226.525s][info][gc,metaspace   ] GC(534) Metaspace: 35227K(35904K)->35227K(35904K) NonClass: 26019K(26496K)->26019K(26496K) Class: 9208K(9408K)->9208K(9408K)
[226.525s][info][gc             ] GC(534) Pause Young (Allocation Failure) 437M->162M(805M) 0.951ms
[226.525s][info][gc,cpu         ] GC(534) User=0.00s Sys=0.00s Real=0.00s
[227.109s][info][gc,start       ] GC(535) Pause Young (Allocation Failure)
[227.110s][info][gc,heap        ] GC(535) PSYoungGen: 277568K(299008K)->64K(310784K) Eden: 277504K(277504K)->0K(291328K) From: 64K(21504K)->64K(19456K)
[227.110s][info][gc,heap        ] GC(535) ParOldGen: 166554K(525824K)->166562K(525824K)
[227.110s][info][gc,metaspace   ] GC(535) Metaspace: 35227K(35904K)->35227K(35904K) NonClass: 26019K(26496K)->26019K(26496K) Class: 9208K(9408K)->9208K(9408K)
[227.110s][info][gc             ] GC(535) Pause Young (Allocation Failure) 433M->162M(817M) 1.015ms
[227.110s][info][gc,cpu         ] GC(535) User=0.00s Sys=0.00s Real=0.00s
[227.617s][info][gc,start       ] GC(536) Pause Young (Allocation Failure)
[227.618s][info][gc,heap        ] GC(536) PSYoungGen: 291392K(310784K)->64K(311808K) Eden: 291328K(291328K)->0K(291328K) From: 64K(19456K)->64K(20480K)
[227.618s][info][gc,heap        ] GC(536) ParOldGen: 166562K(525824K)->166578K(525824K)
[227.618s][info][gc,metaspace   ] GC(536) Metaspace: 35227K(35904K)->35227K(35904K) NonClass: 26019K(26496K)->26019K(26496K) Class: 9208K(9408K)->9208K(9408K)
[227.618s][info][gc             ] GC(536) Pause Young (Allocation Failure) 447M->162M(818M) 1.016ms
[227.618s][info][gc,cpu         ] GC(536) User=0.00s Sys=0.00s Real=0.00s
[227.884s][info][gc,start       ] GC(537) Pause Young (Allocation Failure)
[227.885s][info][gc,heap        ] GC(537) PSYoungGen: 291392K(311808K)->64K(312320K) Eden: 291328K(291328K)->0K(293888K) From: 64K(20480K)->64K(18432K)
[227.885s][info][gc,heap        ] GC(537) ParOldGen: 166578K(525824K)->166594K(525824K)
[227.885s][info][gc,metaspace   ] GC(537) Metaspace: 35227K(35904K)->35227K(35904K) NonClass: 26019K(26496K)->26019K(26496K) Class: 9208K(9408K)->9208K(9408K)
[227.885s][info][gc             ] GC(537) Pause Young (Allocation Failure) 447M->162M(818M) 0.990ms
[227.885s][info][gc,cpu         ] GC(537) User=0.00s Sys=0.00s Real=0.00s
[228.268s][info][gc,start       ] GC(538) Pause Young (Allocation Failure)
[228.269s][info][gc,heap        ] GC(538) PSYoungGen: 293952K(312320K)->64K(312832K) Eden: 293888K(293888K)->0K(293888K) From: 64K(18432K)->64K(18944K)
[228.269s][info][gc,heap        ] GC(538) ParOldGen: 166594K(525824K)->166594K(525824K)
[228.269s][info][gc,metaspace   ] GC(538) Metaspace: 35227K(35904K)->35227K(35904K) NonClass: 26019K(26496K)->26019K(26496K) Class: 9208K(9408K)->9208K(9408K)
[228.269s][info][gc             ] GC(538) Pause Young (Allocation Failure) 449M->162M(819M) 0.960ms
[228.269s][info][gc,cpu         ] GC(538) User=0.01s Sys=0.00s Real=0.00s
[228.453s][info][gc,start       ] GC(539) Pause Young (Allocation Failure)
[228.454s][info][gc,heap        ] GC(539) PSYoungGen: 293952K(312832K)->64K(313344K) Eden: 293888K(293888K)->0K(296960K) From: 64K(18944K)->64K(16384K)
[228.454s][info][gc,heap        ] GC(539) ParOldGen: 166594K(525824K)->166602K(525824K)
[228.454s][info][gc,metaspace   ] GC(539) Metaspace: 35227K(35904K)->35227K(35904K) NonClass: 26019K(26496K)->26019K(26496K) Class: 9208K(9408K)->9208K(9408K)
[228.454s][info][gc             ] GC(539) Pause Young (Allocation Failure) 449M->162M(819M) 1.097ms
[228.454s][info][gc,cpu         ] GC(539) User=0.00s Sys=0.00s Real=0.01s
[228.509s][info][gc,start       ] GC(540) Pause Young (Allocation Failure)
[228.510s][info][gc,heap        ] GC(540) PSYoungGen: 297024K(313344K)->64K(313856K) Eden: 296960K(296960K)->0K(296960K) From: 64K(16384K)->64K(16896K)
[228.510s][info][gc,heap        ] GC(540) ParOldGen: 166602K(525824K)->166618K(525824K)
[228.510s][info][gc,metaspace   ] GC(540) Metaspace: 35227K(35904K)->35227K(35904K) NonClass: 26019K(26496K)->26019K(26496K) Class: 9208K(9408K)->9208K(9408K)
[228.510s][info][gc             ] GC(540) Pause Young (Allocation Failure) 452M->162M(820M) 1.169ms
[228.510s][info][gc,cpu         ] GC(540) User=0.00s Sys=0.00s Real=0.00s
[228.665s][info][gc,start       ] GC(541) Pause Young (Allocation Failure)
[228.666s][info][gc,heap        ] GC(541) PSYoungGen: 297024K(313856K)->64K(314880K) Eden: 296960K(296960K)->0K(300544K) From: 64K(16896K)->64K(14336K)
[228.666s][info][gc,heap        ] GC(541) ParOldGen: 166618K(525824K)->166618K(525824K)
[228.666s][info][gc,metaspace   ] GC(541) Metaspace: 35227K(35904K)->35227K(35904K) NonClass: 26019K(26496K)->26019K(26496K) Class: 9208K(9408K)->9208K(9408K)
[228.666s][info][gc             ] GC(541) Pause Young (Allocation Failure) 452M->162M(821M) 1.016ms
[228.666s][info][gc,cpu         ] GC(541) User=0.00s Sys=0.00s Real=0.00s
[229.017s][info][gc,start       ] GC(542) Pause Young (Allocation Failure)
[229.018s][info][gc,heap        ] GC(542) PSYoungGen: 300608K(314880K)->64K(315904K) Eden: 300544K(300544K)->0K(300544K) From: 64K(14336K)->64K(15360K)
[229.018s][info][gc,heap        ] GC(542) ParOldGen: 166618K(525824K)->166626K(525824K)
[229.018s][info][gc,metaspace   ] GC(542) Metaspace: 35227K(35904K)->35227K(35904K) NonClass: 26019K(26496K)->26019K(26496K) Class: 9208K(9408K)->9208K(9408K)
[229.018s][info][gc             ] GC(542) Pause Young (Allocation Failure) 456M->162M(822M) 0.916ms
[229.018s][info][gc,cpu         ] GC(542) User=0.00s Sys=0.00s Real=0.00s
[229.205s][info][gc,start       ] GC(543) Pause Young (Allocation Failure)
[229.207s][info][gc,heap        ] GC(543) PSYoungGen: 300608K(315904K)->32K(317440K) Eden: 300544K(300544K)->0K(304128K) From: 64K(15360K)->32K(13312K)
[229.207s][info][gc,heap        ] GC(543) ParOldGen: 166626K(525824K)->166634K(525824K)
[229.207s][info][gc,metaspace   ] GC(543) Metaspace: 35227K(35904K)->35227K(35904K) NonClass: 26019K(26496K)->26019K(26496K) Class: 9208K(9408K)->9208K(9408K)
[229.207s][info][gc             ] GC(543) Pause Young (Allocation Failure) 456M->162M(823M) 2.792ms
[229.207s][info][gc,cpu         ] GC(543) User=0.01s Sys=0.00s Real=0.00s
[229.299s][info][gc,start       ] GC(544) Pause Young (Allocation Failure)
[229.300s][info][gc,heap        ] GC(544) PSYoungGen: 304160K(317440K)->64K(317952K) Eden: 304128K(304128K)->0K(304128K) From: 32K(13312K)->64K(13824K)
[229.300s][info][gc,heap        ] GC(544) ParOldGen: 166634K(525824K)->166642K(525824K)
[229.300s][info][gc,metaspace   ] GC(544) Metaspace: 35227K(35904K)->35227K(35904K) NonClass: 26019K(26496K)->26019K(26496K) Class: 9208K(9408K)->9208K(9408K)
[229.300s][info][gc             ] GC(544) Pause Young (Allocation Failure) 459M->162M(824M) 0.947ms
[229.300s][info][gc,cpu         ] GC(544) User=0.00s Sys=0.00s Real=0.00s
[229.509s][info][gc,start       ] GC(545) Pause Young (Allocation Failure)
[229.510s][info][gc,heap        ] GC(545) PSYoungGen: 304192K(317952K)->64K(292352K) Eden: 304128K(304128K)->0K(291840K) From: 64K(13824K)->64K(512K)
[229.510s][info][gc,heap        ] GC(545) ParOldGen: 166642K(525824K)->166650K(525824K)
[229.510s][info][gc,metaspace   ] GC(545) Metaspace: 35227K(35904K)->35227K(35904K) NonClass: 26019K(26496K)->26019K(26496K) Class: 9208K(9408K)->9208K(9408K)
[229.510s][info][gc             ] GC(545) Pause Young (Allocation Failure) 459M->162M(799M) 1.079ms
[229.510s][info][gc,cpu         ] GC(545) User=0.00s Sys=0.00s Real=0.00s
[230.534s][info][gc,start       ] GC(546) Pause Young (Allocation Failure)
[230.535s][info][gc,heap        ] GC(546) PSYoungGen: 291904K(292352K)->64K(292352K) Eden: 291840K(291840K)->0K(280064K) From: 64K(512K)->64K(12288K)
[230.535s][info][gc,heap        ] GC(546) ParOldGen: 166650K(525824K)->166658K(525824K)
[230.535s][info][gc,metaspace   ] GC(546) Metaspace: 35227K(35904K)->35227K(35904K) NonClass: 26019K(26496K)->26019K(26496K) Class: 9208K(9408K)->9208K(9408K)
[230.535s][info][gc             ] GC(546) Pause Young (Allocation Failure) 447M->162M(799M) 0.921ms
[230.535s][info][gc,cpu         ] GC(546) User=0.00s Sys=0.00s Real=0.00s
[231.458s][info][gc,start       ] GC(547) Pause Young (Allocation Failure)
[231.459s][info][gc,heap        ] GC(547) PSYoungGen: 280128K(292352K)->64K(269312K) Eden: 280064K(280064K)->0K(268800K) From: 64K(12288K)->64K(512K)
[231.459s][info][gc,heap        ] GC(547) ParOldGen: 166658K(525824K)->166666K(525824K)
[231.459s][info][gc,metaspace   ] GC(547) Metaspace: 35227K(35904K)->35227K(35904K) NonClass: 26019K(26496K)->26019K(26496K) Class: 9208K(9408K)->9208K(9408K)
[231.459s][info][gc             ] GC(547) Pause Young (Allocation Failure) 436M->162M(776M) 1.377ms
[231.459s][info][gc,cpu         ] GC(547) User=0.00s Sys=0.00s Real=0.00s
[231.862s][info][gc,start       ] GC(548) Pause Young (Allocation Failure)
[231.864s][info][gc,heap        ] GC(548) PSYoungGen: 268864K(269312K)->64K(268800K) Eden: 268800K(268800K)->0K(258048K) From: 64K(512K)->64K(10752K)
[231.864s][info][gc,heap        ] GC(548) ParOldGen: 166666K(525824K)->166682K(525824K)
[231.864s][info][gc,metaspace   ] GC(548) Metaspace: 35227K(35904K)->35227K(35904K) NonClass: 26019K(26496K)->26019K(26496K) Class: 9208K(9408K)->9208K(9408K)
[231.864s][info][gc             ] GC(548) Pause Young (Allocation Failure) 425M->162M(776M) 1.564ms
[231.864s][info][gc,cpu         ] GC(548) User=0.00s Sys=0.00s Real=0.01s
[232.909s][info][gc,start       ] GC(549) Pause Young (Allocation Failure)
[232.911s][info][gc,heap        ] GC(549) PSYoungGen: 258112K(268800K)->64K(248320K) Eden: 258048K(258048K)->0K(247808K) From: 64K(10752K)->64K(512K)
[232.911s][info][gc,heap        ] GC(549) ParOldGen: 166682K(525824K)->166698K(525824K)
[232.911s][info][gc,metaspace   ] GC(549) Metaspace: 35227K(35904K)->35227K(35904K) NonClass: 26019K(26496K)->26019K(26496K) Class: 9208K(9408K)->9208K(9408K)
[232.911s][info][gc             ] GC(549) Pause Young (Allocation Failure) 414M->162M(756M) 2.069ms
[232.911s][info][gc,cpu         ] GC(549) User=0.01s Sys=0.00s Real=0.00s
[233.296s][info][gc,start       ] GC(550) Pause Young (Allocation Failure)
[233.297s][info][gc,heap        ] GC(550) PSYoungGen: 247872K(248320K)->64K(247296K) Eden: 247808K(247808K)->0K(238080K) From: 64K(512K)->64K(9216K)
[233.297s][info][gc,heap        ] GC(550) ParOldGen: 166698K(525824K)->166706K(525824K)
[233.297s][info][gc,metaspace   ] GC(550) Metaspace: 35227K(35904K)->35227K(35904K) NonClass: 26019K(26496K)->26019K(26496K) Class: 9208K(9408K)->9208K(9408K)
[233.297s][info][gc             ] GC(550) Pause Young (Allocation Failure) 404M->162M(755M) 1.608ms
[233.297s][info][gc,cpu         ] GC(550) User=0.00s Sys=0.00s Real=0.00s
[233.700s][info][gc,start       ] GC(551) Pause Young (Allocation Failure)
[233.703s][info][gc,heap        ] GC(551) PSYoungGen: 238144K(247296K)->64K(229376K) Eden: 238080K(238080K)->0K(228864K) From: 64K(9216K)->64K(512K)
[233.703s][info][gc,heap        ] GC(551) ParOldGen: 166706K(525824K)->166714K(525824K)
[233.703s][info][gc,metaspace   ] GC(551) Metaspace: 35227K(35904K)->35227K(35904K) NonClass: 26019K(26496K)->26019K(26496K) Class: 9208K(9408K)->9208K(9408K)
[233.703s][info][gc             ] GC(551) Pause Young (Allocation Failure) 395M->162M(737M) 2.339ms
[233.703s][info][gc,cpu         ] GC(551) User=0.00s Sys=0.00s Real=0.00s
[233.762s][info][gc,start       ] GC(552) Pause Young (Allocation Failure)
[233.763s][info][gc,heap        ] GC(552) PSYoungGen: 228928K(229376K)->32K(228352K) Eden: 228864K(228864K)->0K(220160K) From: 64K(512K)->32K(8192K)
[233.763s][info][gc,heap        ] GC(552) ParOldGen: 166714K(525824K)->166730K(525824K)
[233.763s][info][gc,metaspace   ] GC(552) Metaspace: 35227K(35904K)->35227K(35904K) NonClass: 26019K(26496K)->26019K(26496K) Class: 9208K(9408K)->9208K(9408K)
[233.763s][info][gc             ] GC(552) Pause Young (Allocation Failure) 386M->162M(736M) 1.540ms
[233.763s][info][gc,cpu         ] GC(552) User=0.00s Sys=0.00s Real=0.01s
[234.204s][info][gc,start       ] GC(553) Pause Young (Allocation Failure)
[234.206s][info][gc,heap        ] GC(553) PSYoungGen: 220192K(228352K)->64K(212480K) Eden: 220160K(220160K)->0K(211968K) From: 32K(8192K)->64K(512K)
[234.206s][info][gc,heap        ] GC(553) ParOldGen: 166730K(525824K)->166730K(525824K)
[234.206s][info][gc,metaspace   ] GC(553) Metaspace: 35227K(35904K)->35227K(35904K) NonClass: 26019K(26496K)->26019K(26496K) Class: 9208K(9408K)->9208K(9408K)
[234.206s][info][gc             ] GC(553) Pause Young (Allocation Failure) 377M->162M(721M) 2.086ms
[234.206s][info][gc,cpu         ] GC(553) User=0.00s Sys=0.00s Real=0.00s
[234.556s][info][gc,start       ] GC(554) Pause Young (Allocation Failure)
[234.558s][info][gc,heap        ] GC(554) PSYoungGen: 212032K(212480K)->32K(211456K) Eden: 211968K(211968K)->0K(204288K) From: 64K(512K)->32K(7168K)
[234.558s][info][gc,heap        ] GC(554) ParOldGen: 166730K(525824K)->166746K(525824K)
[234.558s][info][gc,metaspace   ] GC(554) Metaspace: 35227K(35904K)->35227K(35904K) NonClass: 26019K(26496K)->26019K(26496K) Class: 9208K(9408K)->9208K(9408K)
[234.558s][info][gc             ] GC(554) Pause Young (Allocation Failure) 369M->162M(720M) 2.215ms
[234.558s][info][gc,cpu         ] GC(554) User=0.00s Sys=0.00s Real=0.00s
[234.935s][info][gc,start       ] GC(555) Pause Young (Allocation Failure)
[234.939s][info][gc,heap        ] GC(555) PSYoungGen: 204320K(211456K)->864K(197632K) Eden: 204288K(204288K)->0K(196608K) From: 32K(7168K)->864K(1024K)
[234.939s][info][gc,heap        ] GC(555) ParOldGen: 166746K(525824K)->166754K(525824K)
[234.939s][info][gc,metaspace   ] GC(555) Metaspace: 35227K(35904K)->35227K(35904K) NonClass: 26019K(26496K)->26019K(26496K) Class: 9208K(9408K)->9208K(9408K)
[234.939s][info][gc             ] GC(555) Pause Young (Allocation Failure) 362M->163M(706M) 4.512ms
[234.939s][info][gc,cpu         ] GC(555) User=0.00s Sys=0.00s Real=0.00s
[235.204s][info][gc,start       ] GC(556) Pause Young (Allocation Failure)
[235.240s][info][gc,heap        ] GC(556) PSYoungGen: 197472K(197632K)->6144K(242176K) Eden: 196608K(196608K)->0K(236032K) From: 864K(1024K)->6144K(6144K)
[235.240s][info][gc,heap        ] GC(556) ParOldGen: 166754K(525824K)->182930K(525824K)
[235.240s][info][gc,metaspace   ] GC(556) Metaspace: 35227K(35904K)->35227K(35904K) NonClass: 26019K(26496K)->26019K(26496K) Class: 9208K(9408K)->9208K(9408K)
[235.240s][info][gc             ] GC(556) Pause Young (Allocation Failure) 355M->184M(750M) 35.964ms
[235.240s][info][gc,cpu         ] GC(556) User=0.07s Sys=0.00s Real=0.03s
[235.558s][info][gc,start       ] GC(557) Pause Young (Allocation Failure)
[235.607s][info][gc,heap        ] GC(557) PSYoungGen: 242176K(242176K)->5632K(257024K) Eden: 236032K(236032K)->0K(251392K) From: 6144K(6144K)->5632K(5632K)
[235.607s][info][gc,heap        ] GC(557) ParOldGen: 182930K(525824K)->204530K(525824K)
[235.607s][info][gc,metaspace   ] GC(557) Metaspace: 35227K(35904K)->35227K(35904K) NonClass: 26019K(26496K)->26019K(26496K) Class: 9208K(9408K)->9208K(9408K)
[235.607s][info][gc             ] GC(557) Pause Young (Allocation Failure) 415M->205M(764M) 49.060ms
[235.607s][info][gc,cpu         ] GC(557) User=0.09s Sys=0.00s Real=0.05s
[235.797s][info][gc,start       ] GC(558) Pause Young (Allocation Failure)
[235.823s][info][gc,heap        ] GC(558) PSYoungGen: 257024K(257024K)->12736K(272896K) Eden: 251392K(251392K)->0K(251392K) From: 5632K(5632K)->12736K(21504K)
[235.824s][info][gc,heap        ] GC(558) ParOldGen: 204530K(525824K)->205106K(525824K)
[235.824s][info][gc,metaspace   ] GC(558) Metaspace: 35227K(35904K)->35227K(35904K) NonClass: 26019K(26496K)->26019K(26496K) Class: 9208K(9408K)->9208K(9408K)
[235.824s][info][gc             ] GC(558) Pause Young (Allocation Failure) 450M->212M(780M) 26.463ms
[235.824s][info][gc,cpu         ] GC(558) User=0.05s Sys=0.00s Real=0.03s
[236.109s][info][gc,start       ] GC(559) Pause Young (Allocation Failure)
[236.110s][info][gc,heap        ] GC(559) PSYoungGen: 264128K(272896K)->64K(311808K) Eden: 251392K(251392K)->0K(289280K) From: 12736K(21504K)->64K(22528K)
[236.110s][info][gc,heap        ] GC(559) ParOldGen: 205106K(525824K)->205114K(525824K)
[236.110s][info][gc,metaspace   ] GC(559) Metaspace: 35227K(35904K)->35227K(35904K) NonClass: 26019K(26496K)->26019K(26496K) Class: 9208K(9408K)->9208K(9408K)
[236.110s][info][gc             ] GC(559) Pause Young (Allocation Failure) 458M->200M(818M) 1.086ms
[236.110s][info][gc,cpu         ] GC(559) User=0.01s Sys=0.00s Real=0.00s
[236.828s][info][gc,start       ] GC(560) Pause Young (Allocation Failure)
[236.829s][info][gc,heap        ] GC(560) PSYoungGen: 289344K(311808K)->64K(289792K) Eden: 289280K(289280K)->0K(289280K) From: 64K(22528K)->64K(512K)
[236.829s][info][gc,heap        ] GC(560) ParOldGen: 205114K(525824K)->205122K(525824K)
[236.829s][info][gc,metaspace   ] GC(560) Metaspace: 35227K(35904K)->35227K(35904K) NonClass: 26019K(26496K)->26019K(26496K) Class: 9208K(9408K)->9208K(9408K)
[236.829s][info][gc             ] GC(560) Pause Young (Allocation Failure) 482M->200M(796M) 1.119ms
[236.829s][info][gc,cpu         ] GC(560) User=0.00s Sys=0.00s Real=0.00s
[237.340s][info][gc,start       ] GC(561) Pause Young (Allocation Failure)
[237.341s][info][gc,heap        ] GC(561) PSYoungGen: 289344K(289792K)->64K(311808K) Eden: 289280K(289280K)->0K(290304K) From: 64K(512K)->64K(21504K)
[237.341s][info][gc,heap        ] GC(561) ParOldGen: 205122K(525824K)->205138K(525824K)
[237.341s][info][gc,metaspace   ] GC(561) Metaspace: 35227K(35904K)->35227K(35904K) NonClass: 26019K(26496K)->26019K(26496K) Class: 9208K(9408K)->9208K(9408K)
[237.341s][info][gc             ] GC(561) Pause Young (Allocation Failure) 482M->200M(818M) 1.053ms
[237.341s][info][gc,cpu         ] GC(561) User=0.00s Sys=0.00s Real=0.00s
[237.653s][info][gc,start       ] GC(562) Pause Young (Allocation Failure)
[237.654s][info][gc,heap        ] GC(562) PSYoungGen: 290368K(311808K)->64K(310784K) Eden: 290304K(290304K)->0K(290304K) From: 64K(21504K)->64K(20480K)
[237.654s][info][gc,heap        ] GC(562) ParOldGen: 205138K(525824K)->205154K(525824K)
[237.654s][info][gc,metaspace   ] GC(562) Metaspace: 35227K(35904K)->35227K(35904K) NonClass: 26019K(26496K)->26019K(26496K) Class: 9208K(9408K)->9208K(9408K)
[237.654s][info][gc             ] GC(562) Pause Young (Allocation Failure) 483M->200M(817M) 1.100ms
[237.654s][info][gc,cpu         ] GC(562) User=0.01s Sys=0.00s Real=0.01s
[237.920s][info][gc,start       ] GC(563) Pause Young (Allocation Failure)
[237.921s][info][gc,heap        ] GC(563) PSYoungGen: 290368K(310784K)->64K(311808K) Eden: 290304K(290304K)->0K(292352K) From: 64K(20480K)->64K(19456K)
[237.921s][info][gc,heap        ] GC(563) ParOldGen: 205154K(525824K)->205154K(525824K)
[237.921s][info][gc,metaspace   ] GC(563) Metaspace: 35227K(35904K)->35227K(35904K) NonClass: 26019K(26496K)->26019K(26496K) Class: 9208K(9408K)->9208K(9408K)
[237.921s][info][gc             ] GC(563) Pause Young (Allocation Failure) 483M->200M(818M) 1.093ms
[237.921s][info][gc,cpu         ] GC(563) User=0.00s Sys=0.00s Real=0.00s
[238.273s][info][gc,start       ] GC(564) Pause Young (Allocation Failure)
[238.274s][info][gc,heap        ] GC(564) PSYoungGen: 292416K(311808K)->64K(311296K) Eden: 292352K(292352K)->0K(292352K) From: 64K(19456K)->64K(18944K)
[238.274s][info][gc,heap        ] GC(564) ParOldGen: 205154K(525824K)->205154K(525824K)
[238.274s][info][gc,metaspace   ] GC(564) Metaspace: 35227K(35904K)->35227K(35904K) NonClass: 26019K(26496K)->26019K(26496K) Class: 9208K(9408K)->9208K(9408K)
[238.274s][info][gc             ] GC(564) Pause Young (Allocation Failure) 485M->200M(817M) 1.040ms
[238.274s][info][gc,cpu         ] GC(564) User=0.00s Sys=0.00s Real=0.00s
[238.326s][info][gc,start       ] GC(565) Pause Young (Allocation Failure)
[238.326s][info][gc,heap        ] GC(565) PSYoungGen: 292416K(311296K)->64K(313856K) Eden: 292352K(292352K)->0K(296448K) From: 64K(18944K)->64K(17408K)
[238.327s][info][gc,heap        ] GC(565) ParOldGen: 205154K(525824K)->205170K(525824K)
[238.327s][info][gc,metaspace   ] GC(565) Metaspace: 35227K(35904K)->35227K(35904K) NonClass: 26019K(26496K)->26019K(26496K) Class: 9208K(9408K)->9208K(9408K)
[238.327s][info][gc             ] GC(565) Pause Young (Allocation Failure) 485M->200M(820M) 1.003ms
[238.327s][info][gc,cpu         ] GC(565) User=0.01s Sys=0.00s Real=0.00s
[238.403s][info][gc,start       ] GC(566) Pause Young (Allocation Failure)
[238.404s][info][gc,heap        ] GC(566) PSYoungGen: 296512K(313856K)->64K(313344K) Eden: 296448K(296448K)->0K(296448K) From: 64K(17408K)->64K(16896K)
[238.404s][info][gc,heap        ] GC(566) ParOldGen: 205170K(525824K)->205170K(525824K)
[238.404s][info][gc,metaspace   ] GC(566) Metaspace: 35227K(35904K)->35227K(35904K) NonClass: 26019K(26496K)->26019K(26496K) Class: 9208K(9408K)->9208K(9408K)
[238.404s][info][gc             ] GC(566) Pause Young (Allocation Failure) 489M->200M(819M) 1.039ms
[238.404s][info][gc,cpu         ] GC(566) User=0.00s Sys=0.00s Real=0.01s
[238.753s][info][gc,start       ] GC(567) Pause Young (Allocation Failure)
[238.754s][info][gc,heap        ] GC(567) PSYoungGen: 296512K(313344K)->64K(315904K) Eden: 296448K(296448K)->0K(300032K) From: 64K(16896K)->64K(15872K)
[238.754s][info][gc,heap        ] GC(567) ParOldGen: 205170K(525824K)->205186K(525824K)
[238.754s][info][gc,metaspace   ] GC(567) Metaspace: 35227K(35904K)->35227K(35904K) NonClass: 26019K(26496K)->26019K(26496K) Class: 9208K(9408K)->9208K(9408K)
[238.754s][info][gc             ] GC(567) Pause Young (Allocation Failure) 489M->200M(822M) 1.181ms
[238.754s][info][gc,cpu         ] GC(567) User=0.00s Sys=0.00s Real=0.00s
[239.017s][info][gc,start       ] GC(568) Pause Young (Allocation Failure)
[239.018s][info][gc,heap        ] GC(568) PSYoungGen: 300096K(315904K)->64K(288256K) Eden: 300032K(300032K)->0K(287744K) From: 64K(15872K)->64K(512K)
[239.018s][info][gc,heap        ] GC(568) ParOldGen: 205186K(525824K)->205186K(525824K)
[239.018s][info][gc,metaspace   ] GC(568) Metaspace: 35227K(35904K)->35227K(35904K) NonClass: 26019K(26496K)->26019K(26496K) Class: 9208K(9408K)->9208K(9408K)
[239.018s][info][gc             ] GC(568) Pause Young (Allocation Failure) 493M->200M(795M) 1.423ms
[239.018s][info][gc,cpu         ] GC(568) User=0.00s Sys=0.00s Real=0.00s
[239.104s][info][gc,start       ] GC(569) Pause Young (Allocation Failure)
[239.106s][info][gc,heap        ] GC(569) PSYoungGen: 287808K(288256K)->64K(303104K) Eden: 287744K(287744K)->0K(288768K) From: 64K(512K)->64K(14336K)
[239.106s][info][gc,heap        ] GC(569) ParOldGen: 205186K(525824K)->205202K(525824K)
[239.106s][info][gc,metaspace   ] GC(569) Metaspace: 35227K(35904K)->35227K(35904K) NonClass: 26019K(26496K)->26019K(26496K) Class: 9208K(9408K)->9208K(9408K)
[239.106s][info][gc             ] GC(569) Pause Young (Allocation Failure) 481M->200M(809M) 1.200ms
[239.106s][info][gc,cpu         ] GC(569) User=0.00s Sys=0.00s Real=0.00s
[239.266s][info][gc,start       ] GC(570) Pause Young (Allocation Failure)
[239.267s][info][gc,heap        ] GC(570) PSYoungGen: 288832K(303104K)->64K(278016K) Eden: 288768K(288768K)->0K(277504K) From: 64K(14336K)->64K(512K)
[239.267s][info][gc,heap        ] GC(570) ParOldGen: 205202K(525824K)->205202K(525824K)
[239.267s][info][gc,metaspace   ] GC(570) Metaspace: 35227K(35904K)->35227K(35904K) NonClass: 26019K(26496K)->26019K(26496K) Class: 9208K(9408K)->9208K(9408K)
[239.267s][info][gc             ] GC(570) Pause Young (Allocation Failure) 482M->200M(785M) 1.151ms
[239.267s][info][gc,cpu         ] GC(570) User=0.00s Sys=0.00s Real=0.00s
[239.702s][info][gc,start       ] GC(571) Pause Young (Allocation Failure)
[239.704s][info][gc,heap        ] GC(571) PSYoungGen: 277568K(278016K)->64K(267264K) Eden: 277504K(277504K)->0K(266752K) From: 64K(512K)->64K(512K)
[239.704s][info][gc,heap        ] GC(571) ParOldGen: 205202K(525824K)->205210K(525824K)
[239.704s][info][gc,metaspace   ] GC(571) Metaspace: 35227K(35904K)->35227K(35904K) NonClass: 26019K(26496K)->26019K(26496K) Class: 9208K(9408K)->9208K(9408K)
[239.704s][info][gc             ] GC(571) Pause Young (Allocation Failure) 471M->200M(774M) 1.989ms
[239.704s][info][gc,cpu         ] GC(571) User=0.00s Sys=0.00s Real=0.01s
[240.374s][info][gc,start       ] GC(572) Pause Young (Allocation Failure)
[240.375s][info][gc,heap        ] GC(572) PSYoungGen: 266816K(267264K)->64K(268288K) Eden: 266752K(266752K)->0K(256512K) From: 64K(512K)->64K(11776K)
[240.375s][info][gc,heap        ] GC(572) ParOldGen: 205210K(525824K)->205218K(525824K)
[240.375s][info][gc,metaspace   ] GC(572) Metaspace: 35227K(35904K)->35227K(35904K) NonClass: 26019K(26496K)->26019K(26496K) Class: 9208K(9408K)->9208K(9408K)
[240.375s][info][gc             ] GC(572) Pause Young (Allocation Failure) 460M->200M(775M) 1.163ms
[240.375s][info][gc,cpu         ] GC(572) User=0.00s Sys=0.00s Real=0.00s
[241.379s][info][gc,start       ] GC(573) Pause Young (Allocation Failure)
[241.381s][info][gc,heap        ] GC(573) PSYoungGen: 256576K(268288K)->64K(247296K) Eden: 256512K(256512K)->0K(246784K) From: 64K(11776K)->64K(512K)
[241.381s][info][gc,heap        ] GC(573) ParOldGen: 205218K(525824K)->205226K(525824K)
[241.381s][info][gc,metaspace   ] GC(573) Metaspace: 35227K(35904K)->35227K(35904K) NonClass: 26019K(26496K)->26019K(26496K) Class: 9208K(9408K)->9208K(9408K)
[241.381s][info][gc             ] GC(573) Pause Young (Allocation Failure) 450M->200M(755M) 2.900ms
[241.381s][info][gc,cpu         ] GC(573) User=0.00s Sys=0.00s Real=0.00s
[241.865s][info][gc,start       ] GC(574) Pause Young (Allocation Failure)
[241.867s][info][gc,heap        ] GC(574) PSYoungGen: 246848K(247296K)->64K(247296K) Eden: 246784K(246784K)->0K(237056K) From: 64K(512K)->64K(10240K)
[241.867s][info][gc,heap        ] GC(574) ParOldGen: 205226K(525824K)->205234K(525824K)
[241.867s][info][gc,metaspace   ] GC(574) Metaspace: 35227K(35904K)->35227K(35904K) NonClass: 26019K(26496K)->26019K(26496K) Class: 9208K(9408K)->9208K(9408K)
[241.867s][info][gc             ] GC(574) Pause Young (Allocation Failure) 441M->200M(755M) 1.888ms
[241.867s][info][gc,cpu         ] GC(574) User=0.00s Sys=0.00s Real=0.00s
[242.925s][info][gc,start       ] GC(575) Pause Young (Allocation Failure)
[242.928s][info][gc,heap        ] GC(575) PSYoungGen: 237120K(247296K)->64K(228352K) Eden: 237056K(237056K)->0K(227840K) From: 64K(10240K)->64K(512K)
[242.928s][info][gc,heap        ] GC(575) ParOldGen: 205234K(525824K)->205242K(525824K)
[242.928s][info][gc,metaspace   ] GC(575) Metaspace: 35227K(35904K)->35227K(35904K) NonClass: 26019K(26496K)->26019K(26496K) Class: 9208K(9408K)->9208K(9408K)
[242.928s][info][gc             ] GC(575) Pause Young (Allocation Failure) 431M->200M(736M) 2.705ms
[242.928s][info][gc,cpu         ] GC(575) User=0.00s Sys=0.00s Real=0.00s
[243.328s][info][gc,start       ] GC(576) Pause Young (Allocation Failure)
[243.330s][info][gc,heap        ] GC(576) PSYoungGen: 227904K(228352K)->64K(228352K) Eden: 227840K(227840K)->0K(219136K) From: 64K(512K)->64K(9216K)
[243.330s][info][gc,heap        ] GC(576) ParOldGen: 205242K(525824K)->205250K(525824K)
[243.330s][info][gc,metaspace   ] GC(576) Metaspace: 35227K(35904K)->35227K(35904K) NonClass: 26019K(26496K)->26019K(26496K) Class: 9208K(9408K)->9208K(9408K)
[243.330s][info][gc             ] GC(576) Pause Young (Allocation Failure) 422M->200M(736M) 2.373ms
[243.330s][info][gc,cpu         ] GC(576) User=0.00s Sys=0.00s Real=0.00s
[243.540s][info][gc,start       ] GC(577) Pause Young (Allocation Failure)
[243.542s][info][gc,heap        ] GC(577) PSYoungGen: 219200K(228352K)->64K(211456K) Eden: 219136K(219136K)->0K(210944K) From: 64K(9216K)->64K(512K)
[243.542s][info][gc,heap        ] GC(577) ParOldGen: 205250K(525824K)->205258K(525824K)
[243.542s][info][gc,metaspace   ] GC(577) Metaspace: 35227K(35904K)->35227K(35904K) NonClass: 26019K(26496K)->26019K(26496K) Class: 9208K(9408K)->9208K(9408K)
[243.542s][info][gc             ] GC(577) Pause Young (Allocation Failure) 414M->200M(720M) 2.738ms
[243.542s][info][gc,cpu         ] GC(577) User=0.00s Sys=0.00s Real=0.00s
[243.597s][info][gc,start       ] GC(578) Pause Young (Allocation Failure)
[243.598s][info][gc,heap        ] GC(578) PSYoungGen: 211008K(211456K)->32K(211456K) Eden: 210944K(210944K)->0K(203264K) From: 64K(512K)->32K(8192K)
[243.598s][info][gc,heap        ] GC(578) ParOldGen: 205258K(525824K)->205266K(525824K)
[243.598s][info][gc,metaspace   ] GC(578) Metaspace: 35227K(35904K)->35227K(35904K) NonClass: 26019K(26496K)->26019K(26496K) Class: 9208K(9408K)->9208K(9408K)
[243.598s][info][gc             ] GC(578) Pause Young (Allocation Failure) 406M->200M(720M) 1.275ms
[243.598s][info][gc,cpu         ] GC(578) User=0.00s Sys=0.00s Real=0.00s
[244.037s][info][gc,start       ] GC(579) Pause Young (Allocation Failure)
[244.039s][info][gc,heap        ] GC(579) PSYoungGen: 203296K(211456K)->64K(196096K) Eden: 203264K(203264K)->0K(195584K) From: 32K(8192K)->64K(512K)
[244.039s][info][gc,heap        ] GC(579) ParOldGen: 205266K(525824K)->205266K(525824K)
[244.039s][info][gc,metaspace   ] GC(579) Metaspace: 35227K(35904K)->35227K(35904K) NonClass: 26019K(26496K)->26019K(26496K) Class: 9208K(9408K)->9208K(9408K)
[244.039s][info][gc             ] GC(579) Pause Young (Allocation Failure) 398M->200M(705M) 1.713ms
[244.039s][info][gc,cpu         ] GC(579) User=0.01s Sys=0.00s Real=0.00s
[244.395s][info][gc,start       ] GC(580) Pause Young (Allocation Failure)
[244.397s][info][gc,heap        ] GC(580) PSYoungGen: 195648K(196096K)->64K(195072K) Eden: 195584K(195584K)->0K(188416K) From: 64K(512K)->64K(6656K)
[244.397s][info][gc,heap        ] GC(580) ParOldGen: 205266K(525824K)->205274K(525824K)
[244.397s][info][gc,metaspace   ] GC(580) Metaspace: 35227K(35904K)->35227K(35904K) NonClass: 26019K(26496K)->26019K(26496K) Class: 9208K(9408K)->9208K(9408K)
[244.397s][info][gc             ] GC(580) Pause Young (Allocation Failure) 391M->200M(704M) 1.993ms
[244.397s][info][gc,cpu         ] GC(580) User=0.00s Sys=0.00s Real=0.00s
[244.704s][info][gc,start       ] GC(581) Pause Young (Allocation Failure)
[244.707s][info][gc,heap        ] GC(581) PSYoungGen: 188480K(195072K)->32K(182272K) Eden: 188416K(188416K)->0K(181760K) From: 64K(6656K)->32K(512K)
[244.707s][info][gc,heap        ] GC(581) ParOldGen: 205274K(525824K)->205282K(525824K)
[244.707s][info][gc,metaspace   ] GC(581) Metaspace: 35227K(35904K)->35227K(35904K) NonClass: 26019K(26496K)->26019K(26496K) Class: 9208K(9408K)->9208K(9408K)
[244.707s][info][gc             ] GC(581) Pause Young (Allocation Failure) 384M->200M(691M) 2.522ms
[244.707s][info][gc,cpu         ] GC(581) User=0.00s Sys=0.00s Real=0.00s
[244.989s][info][gc,start       ] GC(582) Pause Young (Allocation Failure)
[245.020s][info][gc,heap        ] GC(582) PSYoungGen: 181792K(182272K)->6144K(224256K) Eden: 181760K(181760K)->0K(218112K) From: 32K(512K)->6144K(6144K)
[245.020s][info][gc,heap        ] GC(582) ParOldGen: 205282K(525824K)->216266K(525824K)
[245.020s][info][gc,metaspace   ] GC(582) Metaspace: 35227K(35904K)->35227K(35904K) NonClass: 26019K(26496K)->26019K(26496K) Class: 9208K(9408K)->9208K(9408K)
[245.020s][info][gc             ] GC(582) Pause Young (Allocation Failure) 378M->217M(732M) 31.130ms
[245.020s][info][gc,cpu         ] GC(582) User=0.05s Sys=0.00s Real=0.03s
[245.316s][info][gc,start       ] GC(583) Pause Young (Allocation Failure)
[245.363s][info][gc,heap        ] GC(583) PSYoungGen: 224256K(224256K)->6144K(230912K) Eden: 218112K(218112K)->0K(224768K) From: 6144K(6144K)->6144K(6144K)
[245.363s][info][gc,heap        ] GC(583) ParOldGen: 216266K(525824K)->235170K(525824K)
[245.363s][info][gc,metaspace   ] GC(583) Metaspace: 35227K(35904K)->35227K(35904K) NonClass: 26019K(26496K)->26019K(26496K) Class: 9208K(9408K)->9208K(9408K)
[245.363s][info][gc             ] GC(583) Pause Young (Allocation Failure) 430M->235M(739M) 47.439ms
[245.363s][info][gc,cpu         ] GC(583) User=0.09s Sys=0.00s Real=0.04s
[245.622s][info][gc,start       ] GC(584) Pause Young (Allocation Failure)
[245.664s][info][gc,heap        ] GC(584) PSYoungGen: 230912K(230912K)->18944K(243712K) Eden: 224768K(224768K)->0K(224768K) From: 6144K(6144K)->18944K(18944K)
[245.664s][info][gc,heap        ] GC(584) ParOldGen: 235170K(525824K)->237482K(525824K)
[245.664s][info][gc,metaspace   ] GC(584) Metaspace: 35227K(35904K)->35227K(35904K) NonClass: 26019K(26496K)->26019K(26496K) Class: 9208K(9408K)->9208K(9408K)
[245.664s][info][gc             ] GC(584) Pause Young (Allocation Failure) 455M->250M(751M) 41.809ms
[245.664s][info][gc,cpu         ] GC(584) User=0.08s Sys=0.00s Real=0.05s
[245.743s][info][gc,start       ] GC(585) Pause Young (Allocation Failure)
[245.744s][info][gc,heap        ] GC(585) PSYoungGen: 243712K(243712K)->64K(291840K) Eden: 224768K(224768K)->0K(269824K) From: 18944K(18944K)->64K(22016K)
[245.744s][info][gc,heap        ] GC(585) ParOldGen: 237482K(525824K)->237538K(525824K)
[245.744s][info][gc,metaspace   ] GC(585) Metaspace: 35227K(35904K)->35227K(35904K) NonClass: 26019K(26496K)->26019K(26496K) Class: 9208K(9408K)->9208K(9408K)
[245.744s][info][gc             ] GC(585) Pause Young (Allocation Failure) 469M->232M(798M) 1.871ms
[245.744s][info][gc,cpu         ] GC(585) User=0.00s Sys=0.00s Real=0.01s
[246.377s][info][gc,start       ] GC(586) Pause Young (Allocation Failure)
[246.378s][info][gc,heap        ] GC(586) PSYoungGen: 269888K(291840K)->64K(292864K) Eden: 269824K(269824K)->0K(269824K) From: 64K(22016K)->64K(23040K)
[246.378s][info][gc,heap        ] GC(586) ParOldGen: 237538K(525824K)->237546K(525824K)
[246.378s][info][gc,metaspace   ] GC(586) Metaspace: 35227K(35904K)->35227K(35904K) NonClass: 26019K(26496K)->26019K(26496K) Class: 9208K(9408K)->9208K(9408K)
[246.378s][info][gc             ] GC(586) Pause Young (Allocation Failure) 495M->232M(799M) 1.186ms
[246.378s][info][gc,cpu         ] GC(586) User=0.00s Sys=0.00s Real=0.00s
[246.837s][info][gc,start       ] GC(587) Pause Young (Allocation Failure)
[246.838s][info][gc,heap        ] GC(587) PSYoungGen: 269888K(292864K)->64K(308224K) Eden: 269824K(269824K)->0K(288256K) From: 64K(23040K)->64K(19968K)
[246.838s][info][gc,heap        ] GC(587) ParOldGen: 237546K(525824K)->237554K(525824K)
[246.838s][info][gc,metaspace   ] GC(587) Metaspace: 35227K(35904K)->35227K(35904K) NonClass: 26019K(26496K)->26019K(26496K) Class: 9208K(9408K)->9208K(9408K)
[246.838s][info][gc             ] GC(587) Pause Young (Allocation Failure) 495M->232M(814M) 1.185ms
[246.838s][info][gc,cpu         ] GC(587) User=0.00s Sys=0.00s Real=0.00s
[247.345s][info][gc,start       ] GC(588) Pause Young (Allocation Failure)
[247.347s][info][gc,heap        ] GC(588) PSYoungGen: 288320K(308224K)->64K(309760K) Eden: 288256K(288256K)->0K(288256K) From: 64K(19968K)->64K(21504K)
[247.347s][info][gc,heap        ] GC(588) ParOldGen: 237554K(525824K)->237570K(525824K)
[247.347s][info][gc,metaspace   ] GC(588) Metaspace: 35227K(35904K)->35227K(35904K) NonClass: 26019K(26496K)->26019K(26496K) Class: 9208K(9408K)->9208K(9408K)
[247.347s][info][gc             ] GC(588) Pause Young (Allocation Failure) 513M->232M(816M) 1.243ms
[247.347s][info][gc,cpu         ] GC(588) User=0.00s Sys=0.00s Real=0.00s
[247.609s][info][gc,start       ] GC(589) Pause Young (Allocation Failure)
[247.610s][info][gc,heap        ] GC(589) PSYoungGen: 288320K(309760K)->64K(309760K) Eden: 288256K(288256K)->0K(291840K) From: 64K(21504K)->64K(17920K)
[247.610s][info][gc,heap        ] GC(589) ParOldGen: 237570K(525824K)->237586K(525824K)
[247.611s][info][gc,metaspace   ] GC(589) Metaspace: 35227K(35904K)->35227K(35904K) NonClass: 26019K(26496K)->26019K(26496K) Class: 9208K(9408K)->9208K(9408K)
[247.611s][info][gc             ] GC(589) Pause Young (Allocation Failure) 513M->232M(816M) 1.287ms
[247.611s][info][gc,cpu         ] GC(589) User=0.01s Sys=0.00s Real=0.00s
[248.003s][info][gc,start       ] GC(590) Pause Young (Allocation Failure)
[248.004s][info][gc,heap        ] GC(590) PSYoungGen: 291904K(309760K)->64K(311296K) Eden: 291840K(291840K)->0K(291840K) From: 64K(17920K)->64K(19456K)
[248.004s][info][gc,heap        ] GC(590) ParOldGen: 237586K(525824K)->237586K(525824K)
[248.004s][info][gc,metaspace   ] GC(590) Metaspace: 35227K(35904K)->35227K(35904K) NonClass: 26019K(26496K)->26019K(26496K) Class: 9208K(9408K)->9208K(9408K)
[248.004s][info][gc             ] GC(590) Pause Young (Allocation Failure) 517M->232M(817M) 1.181ms
[248.004s][info][gc,cpu         ] GC(590) User=0.00s Sys=0.00s Real=0.01s
[248.140s][info][gc,start       ] GC(591) Pause Young (Allocation Failure)
[248.141s][info][gc,heap        ] GC(591) PSYoungGen: 291904K(311296K)->64K(311808K) Eden: 291840K(291840K)->0K(295424K) From: 64K(19456K)->64K(16384K)
[248.141s][info][gc,heap        ] GC(591) ParOldGen: 237586K(525824K)->237594K(525824K)
[248.141s][info][gc,metaspace   ] GC(591) Metaspace: 35227K(35904K)->35227K(35904K) NonClass: 26019K(26496K)->26019K(26496K) Class: 9208K(9408K)->9208K(9408K)
[248.141s][info][gc             ] GC(591) Pause Young (Allocation Failure) 517M->232M(818M) 1.217ms
[248.141s][info][gc,cpu         ] GC(591) User=0.00s Sys=0.00s Real=0.00s
[248.218s][info][gc,start       ] GC(592) Pause Young (Allocation Failure)
[248.219s][info][gc,heap        ] GC(592) PSYoungGen: 295488K(311808K)->32K(313344K) Eden: 295424K(295424K)->0K(295424K) From: 64K(16384K)->32K(17920K)
[248.219s][info][gc,heap        ] GC(592) ParOldGen: 237594K(525824K)->237610K(525824K)
[248.219s][info][gc,metaspace   ] GC(592) Metaspace: 35227K(35904K)->35227K(35904K) NonClass: 26019K(26496K)->26019K(26496K) Class: 9208K(9408K)->9208K(9408K)
[248.219s][info][gc             ] GC(592) Pause Young (Allocation Failure) 520M->232M(819M) 1.799ms
[248.219s][info][gc,cpu         ] GC(592) User=0.01s Sys=0.00s Real=0.00s
[248.425s][info][gc,start       ] GC(593) Pause Young (Allocation Failure)
[248.427s][info][gc,heap        ] GC(593) PSYoungGen: 295456K(313344K)->64K(313344K) Eden: 295424K(295424K)->0K(299008K) From: 32K(17920K)->64K(14336K)
[248.427s][info][gc,heap        ] GC(593) ParOldGen: 237610K(525824K)->237610K(525824K)
[248.427s][info][gc,metaspace   ] GC(593) Metaspace: 35227K(35904K)->35227K(35904K) NonClass: 26019K(26496K)->26019K(26496K) Class: 9208K(9408K)->9208K(9408K)
[248.427s][info][gc             ] GC(593) Pause Young (Allocation Failure) 520M->232M(819M) 1.222ms
[248.427s][info][gc,cpu         ] GC(593) User=0.00s Sys=0.00s Real=0.00s
[248.759s][info][gc,start       ] GC(594) Pause Young (Allocation Failure)
[248.760s][info][gc,heap        ] GC(594) PSYoungGen: 299072K(313344K)->64K(314880K) Eden: 299008K(299008K)->0K(299008K) From: 64K(14336K)->64K(15872K)
[248.760s][info][gc,heap        ] GC(594) ParOldGen: 237610K(525824K)->237618K(525824K)
[248.760s][info][gc,metaspace   ] GC(594) Metaspace: 35227K(35904K)->35227K(35904K) NonClass: 26019K(26496K)->26019K(26496K) Class: 9208K(9408K)->9208K(9408K)
[248.760s][info][gc             ] GC(594) Pause Young (Allocation Failure) 524M->232M(821M) 1.293ms
[248.760s][info][gc,cpu         ] GC(594) User=0.01s Sys=0.00s Real=0.00s
[248.926s][info][gc,start       ] GC(595) Pause Young (Allocation Failure)
[248.927s][info][gc,heap        ] GC(595) PSYoungGen: 299072K(314880K)->64K(287744K) Eden: 299008K(299008K)->0K(287232K) From: 64K(15872K)->64K(512K)
[248.927s][info][gc,heap        ] GC(595) ParOldGen: 237618K(525824K)->237626K(525824K)
[248.927s][info][gc,metaspace   ] GC(595) Metaspace: 35227K(35904K)->35227K(35904K) NonClass: 26019K(26496K)->26019K(26496K) Class: 9208K(9408K)->9208K(9408K)
[248.927s][info][gc             ] GC(595) Pause Young (Allocation Failure) 524M->232M(794M) 1.494ms
[248.927s][info][gc,cpu         ] GC(595) User=0.00s Sys=0.00s Real=0.00s
[249.023s][info][gc,start       ] GC(596) Pause Young (Allocation Failure)
[249.024s][info][gc,heap        ] GC(596) PSYoungGen: 287296K(287744K)->64K(305152K) Eden: 287232K(287232K)->0K(291328K) From: 64K(512K)->64K(13824K)
[249.024s][info][gc,heap        ] GC(596) ParOldGen: 237626K(525824K)->237634K(525824K)
[249.024s][info][gc,metaspace   ] GC(596) Metaspace: 35228K(35904K)->35228K(35904K) NonClass: 26019K(26496K)->26019K(26496K) Class: 9208K(9408K)->9208K(9408K)
[249.024s][info][gc             ] GC(596) Pause Young (Allocation Failure) 512M->232M(811M) 1.248ms
[249.024s][info][gc,cpu         ] GC(596) User=0.00s Sys=0.00s Real=0.01s
[249.227s][info][gc,start       ] GC(597) Pause Young (Allocation Failure)
[249.228s][info][gc,heap        ] GC(597) PSYoungGen: 291392K(305152K)->64K(280064K) Eden: 291328K(291328K)->0K(279552K) From: 64K(13824K)->64K(512K)
[249.228s][info][gc,heap        ] GC(597) ParOldGen: 237634K(525824K)->237642K(525824K)
[249.228s][info][gc,metaspace   ] GC(597) Metaspace: 35228K(35904K)->35228K(35904K) NonClass: 26019K(26496K)->26019K(26496K) Class: 9208K(9408K)->9208K(9408K)
[249.228s][info][gc             ] GC(597) Pause Young (Allocation Failure) 516M->232M(787M) 1.178ms
[249.228s][info][gc,cpu         ] GC(597) User=0.01s Sys=0.00s Real=0.00s
[250.233s][info][gc,start       ] GC(598) Pause Young (Allocation Failure)
[250.235s][info][gc,heap        ] GC(598) PSYoungGen: 279616K(280064K)->64K(280576K) Eden: 279552K(279552K)->0K(268288K) From: 64K(512K)->64K(12288K)
[250.235s][info][gc,heap        ] GC(598) ParOldGen: 237642K(525824K)->237650K(525824K)
[250.235s][info][gc,metaspace   ] GC(598) Metaspace: 35228K(35904K)->35228K(35904K) NonClass: 26019K(26496K)->26019K(26496K) Class: 9208K(9408K)->9208K(9408K)
[250.235s][info][gc             ] GC(598) Pause Young (Allocation Failure) 505M->232M(787M) 1.336ms
[250.235s][info][gc,cpu         ] GC(598) User=0.00s Sys=0.00s Real=0.00s
[251.148s][info][gc,start       ] GC(599) Pause Young (Allocation Failure)
[251.150s][info][gc,heap        ] GC(599) PSYoungGen: 268352K(280576K)->64K(258048K) Eden: 268288K(268288K)->0K(257536K) From: 64K(12288K)->64K(512K)
[251.150s][info][gc,heap        ] GC(599) ParOldGen: 237650K(525824K)->237658K(525824K)
[251.150s][info][gc,metaspace   ] GC(599) Metaspace: 35228K(35904K)->35228K(35904K) NonClass: 26019K(26496K)->26019K(26496K) Class: 9208K(9408K)->9208K(9408K)
[251.150s][info][gc             ] GC(599) Pause Young (Allocation Failure) 494M->232M(765M) 1.460ms
[251.150s][info][gc,cpu         ] GC(599) User=0.00s Sys=0.00s Real=0.00s
[251.504s][info][gc,start       ] GC(600) Pause Young (Allocation Failure)
[251.505s][info][gc,heap        ] GC(600) PSYoungGen: 257600K(258048K)->64K(258048K) Eden: 257536K(257536K)->0K(247296K) From: 64K(512K)->64K(10752K)
[251.505s][info][gc,heap        ] GC(600) ParOldGen: 237658K(525824K)->237666K(525824K)
[251.505s][info][gc,metaspace   ] GC(600) Metaspace: 35228K(35904K)->35228K(35904K) NonClass: 26019K(26496K)->26019K(26496K) Class: 9208K(9408K)->9208K(9408K)
[251.505s][info][gc             ] GC(600) Pause Young (Allocation Failure) 483M->232M(765M) 1.312ms
[251.505s][info][gc,cpu         ] GC(600) User=0.01s Sys=0.00s Real=0.00s
[252.103s][info][gc,start       ] GC(601) Pause Young (Allocation Failure)
[252.104s][info][gc,heap        ] GC(601) PSYoungGen: 247360K(258048K)->64K(238080K) Eden: 247296K(247296K)->0K(237568K) From: 64K(10752K)->64K(512K)
[252.104s][info][gc,heap        ] GC(601) ParOldGen: 237666K(525824K)->237674K(525824K)
[252.104s][info][gc,metaspace   ] GC(601) Metaspace: 35228K(35904K)->35228K(35904K) NonClass: 26019K(26496K)->26019K(26496K) Class: 9208K(9408K)->9208K(9408K)
[252.104s][info][gc             ] GC(601) Pause Young (Allocation Failure) 473M->232M(746M) 1.271ms
[252.104s][info][gc,cpu         ] GC(601) User=0.00s Sys=0.00s Real=0.01s
[253.100s][info][gc,start       ] GC(602) Pause Young (Allocation Failure)
[253.102s][info][gc,heap        ] GC(602) PSYoungGen: 237632K(238080K)->64K(237568K) Eden: 237568K(237568K)->0K(228352K) From: 64K(512K)->64K(9216K)
[253.102s][info][gc,heap        ] GC(602) ParOldGen: 237674K(525824K)->237682K(525824K)
[253.102s][info][gc,metaspace   ] GC(602) Metaspace: 35228K(35904K)->35228K(35904K) NonClass: 26019K(26496K)->26019K(26496K) Class: 9208K(9408K)->9208K(9408K)
[253.102s][info][gc             ] GC(602) Pause Young (Allocation Failure) 464M->232M(745M) 1.984ms
[253.102s][info][gc,cpu         ] GC(602) User=0.01s Sys=0.00s Real=0.00s
[253.457s][info][gc,start       ] GC(603) Pause Young (Allocation Failure)
[253.459s][info][gc,heap        ] GC(603) PSYoungGen: 228416K(237568K)->64K(220160K) Eden: 228352K(228352K)->0K(219648K) From: 64K(9216K)->64K(512K)
[253.459s][info][gc,heap        ] GC(603) ParOldGen: 237682K(525824K)->237690K(525824K)
[253.459s][info][gc,metaspace   ] GC(603) Metaspace: 35228K(35904K)->35228K(35904K) NonClass: 26019K(26496K)->26019K(26496K) Class: 9208K(9408K)->9208K(9408K)
[253.459s][info][gc             ] GC(603) Pause Young (Allocation Failure) 455M->232M(728M) 2.662ms
[253.459s][info][gc,cpu         ] GC(603) User=0.00s Sys=0.00s Real=0.00s
[253.587s][info][gc,start       ] GC(604) Pause Young (Allocation Failure)
[253.589s][info][gc,heap        ] GC(604) PSYoungGen: 219712K(220160K)->64K(219648K) Eden: 219648K(219648K)->0K(211456K) From: 64K(512K)->64K(8192K)
[253.589s][info][gc,heap        ] GC(604) ParOldGen: 237690K(525824K)->237698K(525824K)
[253.589s][info][gc,metaspace   ] GC(604) Metaspace: 35228K(35904K)->35228K(35904K) NonClass: 26019K(26496K)->26019K(26496K) Class: 9208K(9408K)->9208K(9408K)
[253.589s][info][gc             ] GC(604) Pause Young (Allocation Failure) 446M->232M(728M) 1.741ms
[253.589s][info][gc,cpu         ] GC(604) User=0.00s Sys=0.00s Real=0.00s
[253.832s][info][gc,start       ] GC(605) Pause Young (Allocation Failure)
[253.834s][info][gc,heap        ] GC(605) PSYoungGen: 211520K(219648K)->64K(204288K) Eden: 211456K(211456K)->0K(203776K) From: 64K(8192K)->64K(512K)
[253.834s][info][gc,heap        ] GC(605) ParOldGen: 237698K(525824K)->237706K(525824K)
[253.834s][info][gc,metaspace   ] GC(605) Metaspace: 35228K(35904K)->35228K(35904K) NonClass: 26019K(26496K)->26019K(26496K) Class: 9208K(9408K)->9208K(9408K)
[253.834s][info][gc             ] GC(605) Pause Young (Allocation Failure) 438M->232M(713M) 1.837ms
[253.834s][info][gc,cpu         ] GC(605) User=0.00s Sys=0.00s Real=0.01s
[254.338s][info][gc,start       ] GC(606) Pause Young (Allocation Failure)
[254.339s][info][gc,heap        ] GC(606) PSYoungGen: 203840K(204288K)->64K(203264K) Eden: 203776K(203776K)->0K(196096K) From: 64K(512K)->64K(7168K)
[254.339s][info][gc,heap        ] GC(606) ParOldGen: 237706K(525824K)->237714K(525824K)
[254.339s][info][gc,metaspace   ] GC(606) Metaspace: 35228K(35904K)->35228K(35904K) NonClass: 26019K(26496K)->26019K(26496K) Class: 9208K(9408K)->9208K(9408K)
[254.339s][info][gc             ] GC(606) Pause Young (Allocation Failure) 431M->232M(712M) 1.703ms
[254.339s][info][gc,cpu         ] GC(606) User=0.01s Sys=0.00s Real=0.00s
[254.582s][info][gc,start       ] GC(607) Pause Young (Allocation Failure)
[254.584s][info][gc,heap        ] GC(607) PSYoungGen: 196159K(203264K)->64K(189440K) Eden: 196095K(196096K)->0K(188928K) From: 64K(7168K)->64K(512K)
[254.584s][info][gc,heap        ] GC(607) ParOldGen: 237714K(525824K)->237722K(525824K)
[254.584s][info][gc,metaspace   ] GC(607) Metaspace: 35228K(35904K)->35228K(35904K) NonClass: 26019K(26496K)->26019K(26496K) Class: 9208K(9408K)->9208K(9408K)
[254.585s][info][gc             ] GC(607) Pause Young (Allocation Failure) 423M->232M(698M) 2.241ms
[254.585s][info][gc,cpu         ] GC(607) User=0.00s Sys=0.00s Real=0.01s
[254.904s][info][gc,start       ] GC(608) Pause Young (Allocation Failure)
[254.938s][info][gc,heap        ] GC(608) PSYoungGen: 188992K(189440K)->6144K(232960K) Eden: 188928K(188928K)->0K(226816K) From: 64K(512K)->6144K(6144K)
[254.938s][info][gc,heap        ] GC(608) ParOldGen: 237722K(525824K)->243794K(525824K)
[254.938s][info][gc,metaspace   ] GC(608) Metaspace: 35228K(35904K)->35228K(35904K) NonClass: 26019K(26496K)->26019K(26496K) Class: 9208K(9408K)->9208K(9408K)
[254.938s][info][gc             ] GC(608) Pause Young (Allocation Failure) 416M->244M(741M) 33.992ms
[254.938s][info][gc,cpu         ] GC(608) User=0.04s Sys=0.00s Real=0.03s
[255.244s][info][gc,start       ] GC(609) Pause Young (Allocation Failure)
[255.291s][info][gc,heap        ] GC(609) PSYoungGen: 232960K(232960K)->6144K(260608K) Eden: 226816K(226816K)->0K(254464K) From: 6144K(6144K)->6144K(6144K)
[255.291s][info][gc,heap        ] GC(609) ParOldGen: 243794K(525824K)->263562K(525824K)
[255.291s][info][gc,metaspace   ] GC(609) Metaspace: 35228K(35904K)->35228K(35904K) NonClass: 26019K(26496K)->26019K(26496K) Class: 9208K(9408K)->9208K(9408K)
[255.291s][info][gc             ] GC(609) Pause Young (Allocation Failure) 465M->263M(768M) 46.135ms
[255.291s][info][gc,cpu         ] GC(609) User=0.09s Sys=0.00s Real=0.04s
[255.594s][info][gc,start       ] GC(610) Pause Young (Allocation Failure)
[255.639s][info][gc,heap        ] GC(610) PSYoungGen: 260608K(260608K)->17920K(272384K) Eden: 254464K(254464K)->0K(254464K) From: 6144K(6144K)->17920K(17920K)
[255.639s][info][gc,heap        ] GC(610) ParOldGen: 263562K(525824K)->270850K(525824K)
[255.639s][info][gc,metaspace   ] GC(610) Metaspace: 35228K(35904K)->35228K(35904K) NonClass: 26019K(26496K)->26019K(26496K) Class: 9208K(9408K)->9208K(9408K)
[255.639s][info][gc             ] GC(610) Pause Young (Allocation Failure) 511M->282M(779M) 44.887ms
[255.639s][info][gc,cpu         ] GC(610) User=0.09s Sys=0.00s Real=0.04s
[255.736s][info][gc,start       ] GC(611) Pause Young (Allocation Failure)
[255.740s][info][gc,heap        ] GC(611) PSYoungGen: 272384K(272384K)->64K(310272K) Eden: 254464K(254464K)->0K(285696K) From: 17920K(17920K)->64K(24576K)
[255.740s][info][gc,heap        ] GC(611) ParOldGen: 270850K(525824K)->271042K(525824K)
[255.740s][info][gc,metaspace   ] GC(611) Metaspace: 35228K(35904K)->35228K(35904K) NonClass: 26019K(26496K)->26019K(26496K) Class: 9208K(9408K)->9208K(9408K)
[255.740s][info][gc             ] GC(611) Pause Young (Allocation Failure) 530M->264M(816M) 3.313ms
[255.740s][info][gc,cpu         ] GC(611) User=0.00s Sys=0.00s Real=0.00s
[256.457s][info][gc,start       ] GC(612) Pause Young (Allocation Failure)
[256.458s][info][gc,heap        ] GC(612) PSYoungGen: 285760K(310272K)->64K(286208K) Eden: 285696K(285696K)->0K(285696K) From: 64K(24576K)->64K(512K)
[256.458s][info][gc,heap        ] GC(612) ParOldGen: 271042K(525824K)->271050K(525824K)
[256.458s][info][gc,metaspace   ] GC(612) Metaspace: 35228K(35904K)->35228K(35904K) NonClass: 26019K(26496K)->26019K(26496K) Class: 9208K(9408K)->9208K(9408K)
[256.458s][info][gc             ] GC(612) Pause Young (Allocation Failure) 543M->264M(793M) 1.332ms
[256.458s][info][gc,cpu         ] GC(612) User=0.00s Sys=0.00s Real=0.00s
[256.866s][info][gc,start       ] GC(613) Pause Young (Allocation Failure)
[256.868s][info][gc,heap        ] GC(613) PSYoungGen: 285760K(286208K)->64K(309760K) Eden: 285696K(285696K)->0K(286720K) From: 64K(512K)->64K(23040K)
[256.868s][info][gc,heap        ] GC(613) ParOldGen: 271050K(525824K)->271058K(525824K)
[256.868s][info][gc,metaspace   ] GC(613) Metaspace: 35228K(35904K)->35228K(35904K) NonClass: 26019K(26496K)->26019K(26496K) Class: 9208K(9408K)->9208K(9408K)
[256.868s][info][gc             ] GC(613) Pause Young (Allocation Failure) 543M->264M(816M) 1.320ms
[256.868s][info][gc,cpu         ] GC(613) User=0.01s Sys=0.00s Real=0.00s
[257.350s][info][gc,start       ] GC(614) Pause Young (Allocation Failure)
[257.351s][info][gc,heap        ] GC(614) PSYoungGen: 286784K(309760K)->64K(308736K) Eden: 286720K(286720K)->0K(286720K) From: 64K(23040K)->64K(22016K)
[257.351s][info][gc,heap        ] GC(614) ParOldGen: 271058K(525824K)->271074K(525824K)
[257.351s][info][gc,metaspace   ] GC(614) Metaspace: 35228K(35904K)->35228K(35904K) NonClass: 26019K(26496K)->26019K(26496K) Class: 9208K(9408K)->9208K(9408K)
[257.351s][info][gc             ] GC(614) Pause Young (Allocation Failure) 544M->264M(815M) 1.284ms
[257.351s][info][gc,cpu         ] GC(614) User=0.01s Sys=0.00s Real=0.00s
[257.615s][info][gc,start       ] GC(615) Pause Young (Allocation Failure)
[257.616s][info][gc,heap        ] GC(615) PSYoungGen: 286784K(308736K)->64K(310784K) Eden: 286720K(286720K)->0K(289792K) From: 64K(22016K)->64K(20992K)
[257.616s][info][gc,heap        ] GC(615) ParOldGen: 271074K(525824K)->271090K(525824K)
[257.616s][info][gc,metaspace   ] GC(615) Metaspace: 35228K(35904K)->35228K(35904K) NonClass: 26019K(26496K)->26019K(26496K) Class: 9208K(9408K)->9208K(9408K)
[257.616s][info][gc             ] GC(615) Pause Young (Allocation Failure) 544M->264M(817M) 1.215ms
[257.616s][info][gc,cpu         ] GC(615) User=0.00s Sys=0.01s Real=0.00s
[258.021s][info][gc,start       ] GC(616) Pause Young (Allocation Failure)
[258.023s][info][gc,heap        ] GC(616) PSYoungGen: 289856K(310784K)->64K(309760K) Eden: 289792K(289792K)->0K(289792K) From: 64K(20992K)->64K(19968K)
[258.023s][info][gc,heap        ] GC(616) ParOldGen: 271090K(525824K)->271090K(525824K)
[258.023s][info][gc,metaspace   ] GC(616) Metaspace: 35228K(35904K)->35228K(35904K) NonClass: 26019K(26496K)->26019K(26496K) Class: 9208K(9408K)->9208K(9408K)
[258.023s][info][gc             ] GC(616) Pause Young (Allocation Failure) 547M->264M(816M) 1.237ms
[258.023s][info][gc,cpu         ] GC(616) User=0.00s Sys=0.00s Real=0.00s
[258.110s][info][gc,start       ] GC(617) Pause Young (Allocation Failure)
[258.111s][info][gc,heap        ] GC(617) PSYoungGen: 289856K(309760K)->64K(312832K) Eden: 289792K(289792K)->0K(293888K) From: 64K(19968K)->64K(18944K)
[258.111s][info][gc,heap        ] GC(617) ParOldGen: 271090K(525824K)->271098K(525824K)
[258.111s][info][gc,metaspace   ] GC(617) Metaspace: 35228K(35904K)->35228K(35904K) NonClass: 26019K(26496K)->26019K(26496K) Class: 9208K(9408K)->9208K(9408K)
[258.111s][info][gc             ] GC(617) Pause Young (Allocation Failure) 547M->264M(819M) 1.229ms
[258.111s][info][gc,cpu         ] GC(617) User=0.00s Sys=0.00s Real=0.00s
[258.166s][info][gc,start       ] GC(618) Pause Young (Allocation Failure)
[258.167s][info][gc,heap        ] GC(618) PSYoungGen: 293952K(312832K)->64K(311808K) Eden: 293888K(293888K)->0K(293888K) From: 64K(18944K)->64K(17920K)
[258.167s][info][gc,heap        ] GC(618) ParOldGen: 271098K(525824K)->271114K(525824K)
[258.167s][info][gc,metaspace   ] GC(618) Metaspace: 35228K(35904K)->35228K(35904K) NonClass: 26019K(26496K)->26019K(26496K) Class: 9208K(9408K)->9208K(9408K)
[258.167s][info][gc             ] GC(618) Pause Young (Allocation Failure) 551M->264M(818M) 1.185ms
[258.167s][info][gc,cpu         ] GC(618) User=0.01s Sys=0.00s Real=0.00s
[258.414s][info][gc,start       ] GC(619) Pause Young (Allocation Failure)
[258.415s][info][gc,heap        ] GC(619) PSYoungGen: 293952K(311808K)->64K(314368K) Eden: 293888K(293888K)->0K(297472K) From: 64K(17920K)->64K(16896K)
[258.415s][info][gc,heap        ] GC(619) ParOldGen: 271114K(525824K)->271114K(525824K)
[258.415s][info][gc,metaspace   ] GC(619) Metaspace: 35228K(35904K)->35228K(35904K) NonClass: 26019K(26496K)->26019K(26496K) Class: 9208K(9408K)->9208K(9408K)
[258.415s][info][gc             ] GC(619) Pause Young (Allocation Failure) 551M->264M(820M) 1.212ms
[258.415s][info][gc,cpu         ] GC(619) User=0.00s Sys=0.00s Real=0.00s
[258.731s][info][gc,start       ] GC(620) Pause Young (Allocation Failure)
[258.732s][info][gc,heap        ] GC(620) PSYoungGen: 297536K(314368K)->64K(313856K) Eden: 297472K(297472K)->0K(297472K) From: 64K(16896K)->64K(16384K)
[258.732s][info][gc,heap        ] GC(620) ParOldGen: 271114K(525824K)->271122K(525824K)
[258.732s][info][gc,metaspace   ] GC(620) Metaspace: 35228K(35904K)->35228K(35904K) NonClass: 26019K(26496K)->26019K(26496K) Class: 9208K(9408K)->9208K(9408K)
[258.732s][info][gc             ] GC(620) Pause Young (Allocation Failure) 555M->264M(820M) 1.369ms
[258.732s][info][gc,cpu         ] GC(620) User=0.00s Sys=0.00s Real=0.00s
[258.874s][info][gc,start       ] GC(621) Pause Young (Allocation Failure)
[258.875s][info][gc,heap        ] GC(621) PSYoungGen: 297536K(313856K)->64K(316416K) Eden: 297472K(297472K)->0K(301568K) From: 64K(16384K)->64K(14848K)
[258.875s][info][gc,heap        ] GC(621) ParOldGen: 271122K(525824K)->271130K(525824K)
[258.875s][info][gc,metaspace   ] GC(621) Metaspace: 35228K(35904K)->35228K(35904K) NonClass: 26019K(26496K)->26019K(26496K) Class: 9208K(9408K)->9208K(9408K)
[258.875s][info][gc             ] GC(621) Pause Young (Allocation Failure) 555M->264M(822M) 1.267ms
[258.875s][info][gc,cpu         ] GC(621) User=0.00s Sys=0.00s Real=0.00s
[259.003s][info][gc,start       ] GC(622) Pause Young (Allocation Failure)
[259.004s][info][gc,heap        ] GC(622) PSYoungGen: 301632K(316416K)->64K(289792K) Eden: 301568K(301568K)->0K(289280K) From: 64K(14848K)->64K(512K)
[259.004s][info][gc,heap        ] GC(622) ParOldGen: 271130K(525824K)->271138K(525824K)
[259.004s][info][gc,metaspace   ] GC(622) Metaspace: 35228K(35904K)->35228K(35904K) NonClass: 26019K(26496K)->26019K(26496K) Class: 9208K(9408K)->9208K(9408K)
[259.004s][info][gc             ] GC(622) Pause Young (Allocation Failure) 559M->264M(796M) 1.256ms
[259.004s][info][gc,cpu         ] GC(622) User=0.01s Sys=0.00s Real=0.00s
[259.277s][info][gc,start       ] GC(623) Pause Young (Allocation Failure)
[259.278s][info][gc,heap        ] GC(623) PSYoungGen: 289344K(289792K)->64K(278016K) Eden: 289280K(289280K)->0K(277504K) From: 64K(512K)->64K(512K)
[259.278s][info][gc,heap        ] GC(623) ParOldGen: 271138K(525824K)->271146K(525824K)
[259.278s][info][gc,metaspace   ] GC(623) Metaspace: 35228K(35904K)->35228K(35904K) NonClass: 26019K(26496K)->26019K(26496K) Class: 9208K(9408K)->9208K(9408K)
[259.278s][info][gc             ] GC(623) Pause Young (Allocation Failure) 547M->264M(785M) 1.415ms
[259.278s][info][gc,cpu         ] GC(623) User=0.00s Sys=0.00s Real=0.00s
[260.187s][info][gc,start       ] GC(624) Pause Young (Allocation Failure)
[260.188s][info][gc,heap        ] GC(624) PSYoungGen: 277568K(278016K)->83K(279552K) Eden: 277504K(277504K)->0K(266752K) From: 64K(512K)->83K(12800K)
[260.188s][info][gc,heap        ] GC(624) ParOldGen: 271146K(525824K)->271154K(525824K)
[260.188s][info][gc,metaspace   ] GC(624) Metaspace: 35228K(35904K)->35228K(35904K) NonClass: 26019K(26496K)->26019K(26496K) Class: 9208K(9408K)->9208K(9408K)
[260.188s][info][gc             ] GC(624) Pause Young (Allocation Failure) 535M->264M(786M) 1.431ms
[260.188s][info][gc,cpu         ] GC(624) User=0.00s Sys=0.00s Real=0.00s
[261.141s][info][gc,start       ] GC(625) Pause Young (Allocation Failure)
[261.144s][info][gc,heap        ] GC(625) PSYoungGen: 266835K(279552K)->64K(257024K) Eden: 266752K(266752K)->0K(256512K) From: 83K(12800K)->64K(512K)
[261.144s][info][gc,heap        ] GC(625) ParOldGen: 271154K(525824K)->271170K(525824K)
[261.144s][info][gc,metaspace   ] GC(625) Metaspace: 35228K(35904K)->35228K(35904K) NonClass: 26019K(26496K)->26019K(26496K) Class: 9208K(9408K)->9208K(9408K)
[261.144s][info][gc             ] GC(625) Pause Young (Allocation Failure) 525M->264M(764M) 3.168ms
[261.144s][info][gc,cpu         ] GC(625) User=0.01s Sys=0.00s Real=0.01s
[261.574s][info][gc,start       ] GC(626) Pause Young (Allocation Failure)
[261.577s][info][gc,heap        ] GC(626) PSYoungGen: 256576K(257024K)->64K(258048K) Eden: 256512K(256512K)->0K(246784K) From: 64K(512K)->64K(11264K)
[261.577s][info][gc,heap        ] GC(626) ParOldGen: 271170K(525824K)->271186K(525824K)
[261.577s][info][gc,metaspace   ] GC(626) Metaspace: 35228K(35904K)->35228K(35904K) NonClass: 26019K(26496K)->26019K(26496K) Class: 9208K(9408K)->9208K(9408K)
[261.577s][info][gc             ] GC(626) Pause Young (Allocation Failure) 515M->264M(765M) 2.166ms
[261.577s][info][gc,cpu         ] GC(626) User=0.01s Sys=0.00s Real=0.00s
[262.710s][info][gc,start       ] GC(627) Pause Young (Allocation Failure)
[262.713s][info][gc,heap        ] GC(627) PSYoungGen: 246848K(258048K)->64K(237568K) Eden: 246784K(246784K)->0K(237056K) From: 64K(11264K)->64K(512K)
[262.713s][info][gc,heap        ] GC(627) ParOldGen: 271186K(525824K)->271202K(525824K)
[262.713s][info][gc,metaspace   ] GC(627) Metaspace: 35228K(35904K)->35228K(35904K) NonClass: 26019K(26496K)->26019K(26496K) Class: 9208K(9408K)->9208K(9408K)
[262.713s][info][gc             ] GC(627) Pause Young (Allocation Failure) 505M->264M(745M) 2.736ms
[262.713s][info][gc,cpu         ] GC(627) User=0.00s Sys=0.00s Real=0.00s
[262.951s][info][gc,start       ] GC(628) Pause Young (Allocation Failure)
[262.953s][info][gc,heap        ] GC(628) PSYoungGen: 237120K(237568K)->64K(237568K) Eden: 237056K(237056K)->0K(227840K) From: 64K(512K)->64K(9728K)
[262.953s][info][gc,heap        ] GC(628) ParOldGen: 271202K(525824K)->271218K(525824K)
[262.953s][info][gc,metaspace   ] GC(628) Metaspace: 35228K(35904K)->35228K(35904K) NonClass: 26019K(26496K)->26019K(26496K) Class: 9208K(9408K)->9208K(9408K)
[262.953s][info][gc             ] GC(628) Pause Young (Allocation Failure) 496M->264M(745M) 2.031ms
[262.953s][info][gc,cpu         ] GC(628) User=0.00s Sys=0.00s Real=0.00s
[263.350s][info][gc,start       ] GC(629) Pause Young (Allocation Failure)
[263.352s][info][gc,heap        ] GC(629) PSYoungGen: 227904K(237568K)->64K(219648K) Eden: 227840K(227840K)->0K(219136K) From: 64K(9728K)->64K(512K)
[263.352s][info][gc,heap        ] GC(629) ParOldGen: 271218K(525824K)->271234K(525824K)
[263.352s][info][gc,metaspace   ] GC(629) Metaspace: 35228K(35904K)->35228K(35904K) NonClass: 26019K(26496K)->26019K(26496K) Class: 9208K(9408K)->9208K(9408K)
[263.352s][info][gc             ] GC(629) Pause Young (Allocation Failure) 487M->264M(728M) 2.864ms
[263.352s][info][gc,cpu         ] GC(629) User=0.00s Sys=0.00s Real=0.00s
[263.409s][info][gc,start       ] GC(630) Pause Young (Allocation Failure)
[263.411s][info][gc,heap        ] GC(630) PSYoungGen: 219200K(219648K)->32K(265728K) Eden: 219136K(219136K)->0K(257536K) From: 64K(512K)->32K(8192K)
[263.411s][info][gc,heap        ] GC(630) ParOldGen: 271234K(525824K)->271250K(525824K)
[263.411s][info][gc,metaspace   ] GC(630) Metaspace: 35228K(35904K)->35228K(35904K) NonClass: 26019K(26496K)->26019K(26496K) Class: 9208K(9408K)->9208K(9408K)
[263.411s][info][gc             ] GC(630) Pause Young (Allocation Failure) 478M->264M(773M) 2.046ms
[263.411s][info][gc,cpu         ] GC(630) User=0.00s Sys=0.00s Real=0.00s
[263.918s][info][gc,start       ] GC(631) Pause Young (Allocation Failure)
[263.920s][info][gc,heap        ] GC(631) PSYoungGen: 257568K(265728K)->64K(247808K) Eden: 257536K(257536K)->0K(247296K) From: 32K(8192K)->64K(512K)
[263.920s][info][gc,heap        ] GC(631) ParOldGen: 271250K(525824K)->271250K(525824K)
[263.920s][info][gc,metaspace   ] GC(631) Metaspace: 35228K(35904K)->35228K(35904K) NonClass: 26019K(26496K)->26019K(26496K) Class: 9208K(9408K)->9208K(9408K)
[263.920s][info][gc             ] GC(631) Pause Young (Allocation Failure) 516M->264M(755M) 2.447ms
[263.920s][info][gc,cpu         ] GC(631) User=0.00s Sys=0.00s Real=0.00s
[264.285s][info][gc,start       ] GC(632) Pause Young (Allocation Failure)
[264.287s][info][gc,heap        ] GC(632) PSYoungGen: 247360K(247808K)->64K(244736K) Eden: 247296K(247296K)->0K(237568K) From: 64K(512K)->64K(7168K)
[264.287s][info][gc,heap        ] GC(632) ParOldGen: 271250K(525824K)->271258K(525824K)
[264.287s][info][gc,metaspace   ] GC(632) Metaspace: 35283K(35968K)->35283K(35968K) NonClass: 26075K(26560K)->26075K(26560K) Class: 9208K(9408K)->9208K(9408K)
[264.287s][info][gc             ] GC(632) Pause Young (Allocation Failure) 506M->264M(752M) 1.723ms
[264.287s][info][gc,cpu         ] GC(632) User=0.01s Sys=0.00s Real=0.00s
[264.694s][info][gc,start       ] GC(633) Pause Young (Allocation Failure)
[264.715s][info][gc,heap        ] GC(633) PSYoungGen: 237632K(244736K)->6656K(261120K) Eden: 237568K(237568K)->0K(254464K) From: 64K(7168K)->6656K(6656K)
[264.715s][info][gc,heap        ] GC(633) ParOldGen: 271258K(525824K)->275810K(525824K)
[264.715s][info][gc,metaspace   ] GC(633) Metaspace: 35283K(35968K)->35283K(35968K) NonClass: 26075K(26560K)->26075K(26560K) Class: 9208K(9408K)->9208K(9408K)
[264.715s][info][gc             ] GC(633) Pause Young (Allocation Failure) 496M->275M(768M) 20.747ms
[264.715s][info][gc,cpu         ] GC(633) User=0.04s Sys=0.00s Real=0.02s
[265.055s][info][gc,start       ] GC(634) Pause Young (Allocation Failure)
[265.104s][info][gc,heap        ] GC(634) PSYoungGen: 261120K(261120K)->10240K(264704K) Eden: 254464K(254464K)->0K(254464K) From: 6656K(6656K)->10240K(10240K)
[265.104s][info][gc,heap        ] GC(634) ParOldGen: 275810K(525824K)->294570K(525824K)
[265.104s][info][gc,metaspace   ] GC(634) Metaspace: 35283K(35968K)->35283K(35968K) NonClass: 26075K(26560K)->26075K(26560K) Class: 9208K(9408K)->9208K(9408K)
[265.104s][info][gc             ] GC(634) Pause Young (Allocation Failure) 524M->297M(772M) 48.833ms
[265.104s][info][gc,cpu         ] GC(634) User=0.10s Sys=0.00s Real=0.05s
[265.389s][info][gc,start       ] GC(635) Pause Young (Allocation Failure)
[265.441s][info][gc,heap        ] GC(635) PSYoungGen: 264704K(264704K)->19456K(304128K) Eden: 254464K(254464K)->0K(284672K) From: 10240K(10240K)->19456K(19456K)
[265.441s][info][gc,heap        ] GC(635) ParOldGen: 294570K(525824K)->298170K(525824K)
[265.441s][info][gc,metaspace   ] GC(635) Metaspace: 35283K(35968K)->35283K(35968K) NonClass: 26075K(26560K)->26075K(26560K) Class: 9208K(9408K)->9208K(9408K)
[265.441s][info][gc             ] GC(635) Pause Young (Allocation Failure) 546M->310M(810M) 52.468ms
[265.441s][info][gc,cpu         ] GC(635) User=0.08s Sys=0.02s Real=0.05s
[265.625s][info][gc,start       ] GC(636) Pause Young (Allocation Failure)
[265.627s][info][gc,heap        ] GC(636) PSYoungGen: 304128K(304128K)->64K(309248K) Eden: 284672K(284672K)->0K(284672K) From: 19456K(19456K)->64K(24576K)
[265.627s][info][gc,heap        ] GC(636) ParOldGen: 298170K(525824K)->298266K(525824K)
[265.627s][info][gc,metaspace   ] GC(636) Metaspace: 35283K(35968K)->35283K(35968K) NonClass: 26075K(26560K)->26075K(26560K) Class: 9208K(9408K)->9208K(9408K)
[265.627s][info][gc             ] GC(636) Pause Young (Allocation Failure) 588M->291M(815M) 2.396ms
[265.627s][info][gc,cpu         ] GC(636) User=0.01s Sys=0.00s Real=0.00s
[266.395s][info][gc,start       ] GC(637) Pause Young (Allocation Failure)
[266.396s][info][gc,heap        ] GC(637) PSYoungGen: 284736K(309248K)->64K(306688K) Eden: 284672K(284672K)->0K(285184K) From: 64K(24576K)->64K(21504K)
[266.396s][info][gc,heap        ] GC(637) ParOldGen: 298266K(525824K)->298282K(525824K)
[266.396s][info][gc,metaspace   ] GC(637) Metaspace: 35283K(35968K)->35283K(35968K) NonClass: 26075K(26560K)->26075K(26560K) Class: 9208K(9408K)->9208K(9408K)
[266.396s][info][gc             ] GC(637) Pause Young (Allocation Failure) 569M->291M(813M) 1.440ms
[266.396s][info][gc,cpu         ] GC(637) User=0.00s Sys=0.00s Real=0.00s
[266.944s][info][gc,start       ] GC(638) Pause Young (Allocation Failure)
[266.945s][info][gc,heap        ] GC(638) PSYoungGen: 285248K(306688K)->64K(308224K) Eden: 285184K(285184K)->0K(285184K) From: 64K(21504K)->64K(23040K)
[266.945s][info][gc,heap        ] GC(638) ParOldGen: 298282K(525824K)->298282K(525824K)
[266.945s][info][gc,metaspace   ] GC(638) Metaspace: 35283K(35968K)->35283K(35968K) NonClass: 26075K(26560K)->26075K(26560K) Class: 9208K(9408K)->9208K(9408K)
[266.945s][info][gc             ] GC(638) Pause Young (Allocation Failure) 569M->291M(814M) 1.311ms
[266.945s][info][gc,cpu         ] GC(638) User=0.00s Sys=0.00s Real=0.00s
[267.206s][info][gc,start       ] GC(639) Pause Young (Allocation Failure)
[267.208s][info][gc,heap        ] GC(639) PSYoungGen: 285248K(308224K)->64K(309248K) Eden: 285184K(285184K)->0K(288768K) From: 64K(23040K)->64K(20480K)
[267.208s][info][gc,heap        ] GC(639) ParOldGen: 298282K(525824K)->298298K(525824K)
[267.208s][info][gc,metaspace   ] GC(639) Metaspace: 35283K(35968K)->35283K(35968K) NonClass: 26075K(26560K)->26075K(26560K) Class: 9208K(9408K)->9208K(9408K)
[267.208s][info][gc             ] GC(639) Pause Young (Allocation Failure) 569M->291M(815M) 1.397ms
[267.208s][info][gc,cpu         ] GC(639) User=0.00s Sys=0.00s Real=0.00s
[267.475s][info][gc,start       ] GC(640) Pause Young (Allocation Failure)
[267.476s][info][gc,heap        ] GC(640) PSYoungGen: 288832K(309248K)->64K(310272K) Eden: 288768K(288768K)->0K(288768K) From: 64K(20480K)->64K(21504K)
[267.476s][info][gc,heap        ] GC(640) ParOldGen: 298298K(525824K)->298298K(525824K)
[267.476s][info][gc,metaspace   ] GC(640) Metaspace: 35283K(35968K)->35283K(35968K) NonClass: 26075K(26560K)->26075K(26560K) Class: 9208K(9408K)->9208K(9408K)
[267.476s][info][gc             ] GC(640) Pause Young (Allocation Failure) 573M->291M(816M) 1.281ms
[267.476s][info][gc,cpu         ] GC(640) User=0.01s Sys=0.00s Real=0.00s
[267.881s][info][gc,start       ] GC(641) Pause Young (Allocation Failure)
[267.882s][info][gc,heap        ] GC(641) PSYoungGen: 288832K(310272K)->64K(310272K) Eden: 288768K(288768K)->0K(291840K) From: 64K(21504K)->64K(18432K)
[267.882s][info][gc,heap        ] GC(641) ParOldGen: 298298K(525824K)->298298K(525824K)
[267.882s][info][gc,metaspace   ] GC(641) Metaspace: 35283K(35968K)->35283K(35968K) NonClass: 26075K(26560K)->26075K(26560K) Class: 9208K(9408K)->9208K(9408K)
[267.882s][info][gc             ] GC(641) Pause Young (Allocation Failure) 573M->291M(816M) 1.333ms
[267.882s][info][gc,cpu         ] GC(641) User=0.00s Sys=0.00s Real=0.00s
[267.936s][info][gc,start       ] GC(642) Pause Young (Allocation Failure)
[267.938s][info][gc,heap        ] GC(642) PSYoungGen: 291904K(310272K)->64K(311296K) Eden: 291840K(291840K)->0K(291840K) From: 64K(18432K)->64K(19456K)
[267.938s][info][gc,heap        ] GC(642) ParOldGen: 298298K(525824K)->298314K(525824K)
[267.938s][info][gc,metaspace   ] GC(642) Metaspace: 35283K(35968K)->35283K(35968K) NonClass: 26075K(26560K)->26075K(26560K) Class: 9208K(9408K)->9208K(9408K)
[267.938s][info][gc             ] GC(642) Pause Young (Allocation Failure) 576M->291M(817M) 1.254ms
[267.938s][info][gc,cpu         ] GC(642) User=0.01s Sys=0.00s Real=0.00s
[267.989s][info][gc,start       ] GC(643) Pause Young (Allocation Failure)
[267.990s][info][gc,heap        ] GC(643) PSYoungGen: 291904K(311296K)->64K(312320K) Eden: 291840K(291840K)->0K(295936K) From: 64K(19456K)->64K(16384K)
[267.990s][info][gc,heap        ] GC(643) ParOldGen: 298314K(525824K)->298314K(525824K)
[267.990s][info][gc,metaspace   ] GC(643) Metaspace: 35283K(35968K)->35283K(35968K) NonClass: 26075K(26560K)->26075K(26560K) Class: 9208K(9408K)->9208K(9408K)
[267.990s][info][gc             ] GC(643) Pause Young (Allocation Failure) 576M->291M(818M) 1.194ms
[267.990s][info][gc,cpu         ] GC(643) User=0.00s Sys=0.00s Real=0.00s
[268.287s][info][gc,start       ] GC(644) Pause Young (Allocation Failure)
[268.289s][info][gc,heap        ] GC(644) PSYoungGen: 296000K(312320K)->64K(313344K) Eden: 295936K(295936K)->0K(295936K) From: 64K(16384K)->64K(17408K)
[268.289s][info][gc,heap        ] GC(644) ParOldGen: 298314K(525824K)->298314K(525824K)
[268.289s][info][gc,metaspace   ] GC(644) Metaspace: 35283K(35968K)->35283K(35968K) NonClass: 26075K(26560K)->26075K(26560K) Class: 9208K(9408K)->9208K(9408K)
[268.289s][info][gc             ] GC(644) Pause Young (Allocation Failure) 580M->291M(819M) 1.311ms
[268.289s][info][gc,cpu         ] GC(644) User=0.00s Sys=0.00s Real=0.00s
[268.582s][info][gc,start       ] GC(645) Pause Young (Allocation Failure)
[268.584s][info][gc,heap        ] GC(645) PSYoungGen: 296000K(313344K)->64K(314368K) Eden: 295936K(295936K)->0K(300032K) From: 64K(17408K)->64K(14336K)
[268.584s][info][gc,heap        ] GC(645) ParOldGen: 298314K(525824K)->298322K(525824K)
[268.584s][info][gc,metaspace   ] GC(645) Metaspace: 35283K(35968K)->35283K(35968K) NonClass: 26075K(26560K)->26075K(26560K) Class: 9208K(9408K)->9208K(9408K)
[268.584s][info][gc             ] GC(645) Pause Young (Allocation Failure) 580M->291M(820M) 1.289ms
[268.584s][info][gc,cpu         ] GC(645) User=0.00s Sys=0.00s Real=0.01s
[268.706s][info][gc,start       ] GC(646) Pause Young (Allocation Failure)
[268.707s][info][gc,heap        ] GC(646) PSYoungGen: 300096K(314368K)->64K(315392K) Eden: 300032K(300032K)->0K(300032K) From: 64K(14336K)->64K(15360K)
[268.707s][info][gc,heap        ] GC(646) ParOldGen: 298322K(525824K)->298330K(525824K)
[268.707s][info][gc,metaspace   ] GC(646) Metaspace: 35283K(35968K)->35283K(35968K) NonClass: 26075K(26560K)->26075K(26560K) Class: 9208K(9408K)->9208K(9408K)
[268.707s][info][gc             ] GC(646) Pause Young (Allocation Failure) 584M->291M(821M) 1.330ms
[268.707s][info][gc,cpu         ] GC(646) User=0.00s Sys=0.00s Real=0.00s
[268.847s][info][gc,start       ] GC(647) Pause Young (Allocation Failure)
[268.848s][info][gc,heap        ] GC(647) PSYoungGen: 300096K(315392K)->64K(317440K) Eden: 300032K(300032K)->0K(304128K) From: 64K(15360K)->64K(13312K)
[268.848s][info][gc,heap        ] GC(647) ParOldGen: 298330K(525824K)->298338K(525824K)
[268.848s][info][gc,metaspace   ] GC(647) Metaspace: 35283K(35968K)->35283K(35968K) NonClass: 26075K(26560K)->26075K(26560K) Class: 9208K(9408K)->9208K(9408K)
[268.848s][info][gc             ] GC(647) Pause Young (Allocation Failure) 584M->291M(823M) 1.338ms
[268.848s][info][gc,cpu         ] GC(647) User=0.00s Sys=0.00s Real=0.00s
[269.288s][info][gc,start       ] GC(648) Pause Young (Allocation Failure)
[269.290s][info][gc,heap        ] GC(648) PSYoungGen: 304192K(317440K)->64K(292352K) Eden: 304128K(304128K)->0K(291840K) From: 64K(13312K)->64K(512K)
[269.290s][info][gc,heap        ] GC(648) ParOldGen: 298338K(525824K)->298346K(525824K)
[269.290s][info][gc,metaspace   ] GC(648) Metaspace: 35283K(35968K)->35283K(35968K) NonClass: 26075K(26560K)->26075K(26560K) Class: 9208K(9408K)->9208K(9408K)
[269.290s][info][gc             ] GC(648) Pause Young (Allocation Failure) 588M->291M(799M) 2.201ms
[269.290s][info][gc,cpu         ] GC(648) User=0.01s Sys=0.01s Real=0.00s
[270.000s][info][gc,start       ] GC(649) Pause Young (Allocation Failure)
[270.003s][info][gc,heap        ] GC(649) PSYoungGen: 291904K(292352K)->64K(280576K) Eden: 291840K(291840K)->0K(280064K) From: 64K(512K)->64K(512K)
[270.003s][info][gc,heap        ] GC(649) ParOldGen: 298346K(525824K)->298362K(525824K)
[270.003s][info][gc,metaspace   ] GC(649) Metaspace: 35283K(35968K)->35283K(35968K) NonClass: 26075K(26560K)->26075K(26560K) Class: 9208K(9408K)->9208K(9408K)
[270.003s][info][gc             ] GC(649) Pause Young (Allocation Failure) 576M->291M(787M) 2.719ms
[270.003s][info][gc,cpu         ] GC(649) User=0.00s Sys=0.00s Real=0.00s
[271.022s][info][gc,start       ] GC(650) Pause Young (Allocation Failure)
[271.024s][info][gc,heap        ] GC(650) PSYoungGen: 280128K(280576K)->64K(280576K) Eden: 280064K(280064K)->0K(268800K) From: 64K(512K)->64K(11776K)
[271.024s][info][gc,heap        ] GC(650) ParOldGen: 298362K(525824K)->298378K(525824K)
[271.024s][info][gc,metaspace   ] GC(650) Metaspace: 35283K(35968K)->35283K(35968K) NonClass: 26075K(26560K)->26075K(26560K) Class: 9208K(9408K)->9208K(9408K)
[271.024s][info][gc             ] GC(650) Pause Young (Allocation Failure) 564M->291M(787M) 2.152ms
[271.024s][info][gc,cpu         ] GC(650) User=0.00s Sys=0.00s Real=0.01s
[271.528s][info][gc,start       ] GC(651) Pause Young (Allocation Failure)
[271.531s][info][gc,heap        ] GC(651) PSYoungGen: 268864K(280576K)->64K(258560K) Eden: 268800K(268800K)->0K(258048K) From: 64K(11776K)->64K(512K)
[271.531s][info][gc,heap        ] GC(651) ParOldGen: 298378K(525824K)->298394K(525824K)
[271.531s][info][gc,metaspace   ] GC(651) Metaspace: 35283K(35968K)->35283K(35968K) NonClass: 26075K(26560K)->26075K(26560K) Class: 9208K(9408K)->9208K(9408K)
[271.531s][info][gc             ] GC(651) Pause Young (Allocation Failure) 553M->291M(766M) 2.829ms
[271.531s][info][gc,cpu         ] GC(651) User=0.00s Sys=0.00s Real=0.00s
[272.705s][info][gc,start       ] GC(652) Pause Young (Allocation Failure)
[272.707s][info][gc,heap        ] GC(652) PSYoungGen: 258112K(258560K)->64K(258048K) Eden: 258048K(258048K)->0K(247808K) From: 64K(512K)->64K(10240K)
[272.707s][info][gc,heap        ] GC(652) ParOldGen: 298394K(525824K)->298402K(525824K)
[272.707s][info][gc,metaspace   ] GC(652) Metaspace: 35283K(35968K)->35283K(35968K) NonClass: 26075K(26560K)->26075K(26560K) Class: 9208K(9408K)->9208K(9408K)
[272.707s][info][gc             ] GC(652) Pause Young (Allocation Failure) 543M->291M(765M) 1.807ms
[272.707s][info][gc,cpu         ] GC(652) User=0.00s Sys=0.00s Real=0.00s
[273.123s][info][gc,start       ] GC(653) Pause Young (Allocation Failure)
[273.125s][info][gc,heap        ] GC(653) PSYoungGen: 247872K(258048K)->64K(238592K) Eden: 247808K(247808K)->0K(238080K) From: 64K(10240K)->64K(512K)
[273.125s][info][gc,heap        ] GC(653) ParOldGen: 298402K(525824K)->298410K(525824K)
[273.125s][info][gc,metaspace   ] GC(653) Metaspace: 35283K(35968K)->35283K(35968K) NonClass: 26075K(26560K)->26075K(26560K) Class: 9208K(9408K)->9208K(9408K)
[273.125s][info][gc             ] GC(653) Pause Young (Allocation Failure) 533M->291M(746M) 1.938ms
[273.125s][info][gc,cpu         ] GC(653) User=0.00s Sys=0.00s Real=0.00s
[273.285s][info][gc,start       ] GC(654) Pause Young (Allocation Failure)
[273.286s][info][gc,heap        ] GC(654) PSYoungGen: 238144K(238592K)->64K(238080K) Eden: 238080K(238080K)->0K(228864K) From: 64K(512K)->64K(9216K)
[273.286s][info][gc,heap        ] GC(654) ParOldGen: 298410K(525824K)->298418K(525824K)
[273.286s][info][gc,metaspace   ] GC(654) Metaspace: 35283K(35968K)->35283K(35968K) NonClass: 26075K(26560K)->26075K(26560K) Class: 9208K(9408K)->9208K(9408K)
[273.286s][info][gc             ] GC(654) Pause Young (Allocation Failure) 523M->291M(746M) 1.292ms
[273.286s][info][gc,cpu         ] GC(654) User=0.00s Sys=0.00s Real=0.00s
[273.489s][info][gc,start       ] GC(655) Pause Young (Allocation Failure)
[273.492s][info][gc,heap        ] GC(655) PSYoungGen: 228928K(238080K)->64K(220672K) Eden: 228864K(228864K)->0K(220160K) From: 64K(9216K)->64K(512K)
[273.492s][info][gc,heap        ] GC(655) ParOldGen: 298418K(525824K)->298426K(525824K)
[273.492s][info][gc,metaspace   ] GC(655) Metaspace: 35283K(35968K)->35283K(35968K) NonClass: 26075K(26560K)->26075K(26560K) Class: 9208K(9408K)->9208K(9408K)
[273.492s][info][gc             ] GC(655) Pause Young (Allocation Failure) 514M->291M(729M) 3.033ms
[273.492s][info][gc,cpu         ] GC(655) User=0.00s Sys=0.00s Real=0.00s
[274.053s][info][gc,start       ] GC(656) Pause Young (Allocation Failure)
[274.055s][info][gc,heap        ] GC(656) PSYoungGen: 220224K(220672K)->32K(219648K) Eden: 220160K(220160K)->0K(211968K) From: 64K(512K)->32K(7680K)
[274.055s][info][gc,heap        ] GC(656) ParOldGen: 298426K(525824K)->298434K(525824K)
[274.055s][info][gc,metaspace   ] GC(656) Metaspace: 35283K(35968K)->35283K(35968K) NonClass: 26075K(26560K)->26075K(26560K) Class: 9208K(9408K)->9208K(9408K)
[274.056s][info][gc             ] GC(656) Pause Young (Allocation Failure) 506M->291M(728M) 2.193ms
[274.056s][info][gc,cpu         ] GC(656) User=0.00s Sys=0.00s Real=0.00s
[274.294s][info][gc,start       ] GC(657) Pause Young (Allocation Failure)
[274.297s][info][gc,heap        ] GC(657) PSYoungGen: 212000K(219648K)->32K(204800K) Eden: 211968K(211968K)->0K(204288K) From: 32K(7680K)->32K(512K)
[274.297s][info][gc,heap        ] GC(657) ParOldGen: 298434K(525824K)->298442K(525824K)
[274.297s][info][gc,metaspace   ] GC(657) Metaspace: 35283K(35968K)->35283K(35968K) NonClass: 26075K(26560K)->26075K(26560K) Class: 9208K(9408K)->9208K(9408K)
[274.297s][info][gc             ] GC(657) Pause Young (Allocation Failure) 498M->291M(713M) 2.915ms
[274.297s][info][gc,cpu         ] GC(657) User=0.00s Sys=0.00s Real=0.00s
[274.643s][info][gc,start       ] GC(658) Pause Young (Allocation Failure)
[274.670s][info][gc,heap        ] GC(658) PSYoungGen: 204320K(204800K)->6656K(251904K) Eden: 204288K(204288K)->0K(245248K) From: 32K(512K)->6656K(6656K)
[274.670s][info][gc,heap        ] GC(658) ParOldGen: 298442K(525824K)->307458K(525824K)
[274.670s][info][gc,metaspace   ] GC(658) Metaspace: 35283K(35968K)->35283K(35968K) NonClass: 26075K(26560K)->26075K(26560K) Class: 9208K(9408K)->9208K(9408K)
[274.670s][info][gc             ] GC(658) Pause Young (Allocation Failure) 490M->306M(759M) 26.873ms
[274.670s][info][gc,cpu         ] GC(658) User=0.05s Sys=0.00s Real=0.03s
[275.007s][info][gc,start       ] GC(659) Pause Young (Allocation Failure)
[275.056s][info][gc,heap        ] GC(659) PSYoungGen: 251904K(251904K)->6656K(251904K) Eden: 245248K(245248K)->0K(245248K) From: 6656K(6656K)->6656K(6656K)
[275.056s][info][gc,heap        ] GC(659) ParOldGen: 307458K(525824K)->328874K(525824K)
[275.056s][info][gc,metaspace   ] GC(659) Metaspace: 35283K(35968K)->35283K(35968K) NonClass: 26075K(26560K)->26075K(26560K) Class: 9208K(9408K)->9208K(9408K)
[275.056s][info][gc             ] GC(659) Pause Young (Allocation Failure) 546M->327M(759M) 49.212ms
[275.056s][info][gc,cpu         ] GC(659) User=0.10s Sys=0.00s Real=0.05s
[275.309s][info][gc,start       ] GC(660) Pause Young (Allocation Failure)
[275.346s][info][gc,heap        ] GC(660) PSYoungGen: 251904K(251904K)->19136K(265728K) Eden: 245248K(245248K)->0K(245248K) From: 6656K(6656K)->19136K(20480K)
[275.346s][info][gc,heap        ] GC(660) ParOldGen: 328874K(525824K)->329450K(525824K)
[275.346s][info][gc,metaspace   ] GC(660) Metaspace: 35283K(35968K)->35283K(35968K) NonClass: 26075K(26560K)->26075K(26560K) Class: 9208K(9408K)->9208K(9408K)
[275.346s][info][gc             ] GC(660) Pause Young (Allocation Failure) 567M->340M(773M) 36.934ms
[275.346s][info][gc,cpu         ] GC(660) User=0.07s Sys=0.00s Real=0.04s
[275.464s][info][gc,start       ] GC(661) Pause Young (Allocation Failure)
[275.465s][info][gc,heap        ] GC(661) PSYoungGen: 264384K(265728K)->64K(310272K) Eden: 245248K(245248K)->0K(286208K) From: 19136K(20480K)->64K(24064K)
[275.465s][info][gc,heap        ] GC(661) ParOldGen: 329450K(525824K)->329458K(525824K)
[275.465s][info][gc,metaspace   ] GC(661) Metaspace: 35283K(35968K)->35283K(35968K) NonClass: 26075K(26560K)->26075K(26560K) Class: 9208K(9408K)->9208K(9408K)
[275.465s][info][gc             ] GC(661) Pause Young (Allocation Failure) 579M->321M(816M) 1.396ms
[275.465s][info][gc,cpu         ] GC(661) User=0.00s Sys=0.00s Real=0.00s
[276.245s][info][gc,start       ] GC(662) Pause Young (Allocation Failure)
[276.247s][info][gc,heap        ] GC(662) PSYoungGen: 286272K(310272K)->64K(286720K) Eden: 286208K(286208K)->0K(286208K) From: 64K(24064K)->64K(512K)
[276.247s][info][gc,heap        ] GC(662) ParOldGen: 329458K(525824K)->329474K(525824K)
[276.247s][info][gc,metaspace   ] GC(662) Metaspace: 35283K(35968K)->35283K(35968K) NonClass: 26075K(26560K)->26075K(26560K) Class: 9208K(9408K)->9208K(9408K)
[276.247s][info][gc             ] GC(662) Pause Young (Allocation Failure) 601M->321M(793M) 1.518ms
[276.247s][info][gc,cpu         ] GC(662) User=0.00s Sys=0.00s Real=0.00s
[276.644s][info][gc,start       ] GC(663) Pause Young (Allocation Failure)
[276.645s][info][gc,heap        ] GC(663) PSYoungGen: 286272K(286720K)->64K(309760K) Eden: 286208K(286208K)->0K(287232K) From: 64K(512K)->64K(22528K)
[276.645s][info][gc,heap        ] GC(663) ParOldGen: 329474K(525824K)->329474K(525824K)
[276.645s][info][gc,metaspace   ] GC(663) Metaspace: 35283K(35968K)->35283K(35968K) NonClass: 26075K(26560K)->26075K(26560K) Class: 9208K(9408K)->9208K(9408K)
[276.645s][info][gc             ] GC(663) Pause Young (Allocation Failure) 601M->321M(816M) 1.523ms
[276.645s][info][gc,cpu         ] GC(663) User=0.00s Sys=0.00s Real=0.00s
[277.106s][info][gc,start       ] GC(664) Pause Young (Allocation Failure)
[277.108s][info][gc,heap        ] GC(664) PSYoungGen: 287296K(309760K)->64K(308736K) Eden: 287232K(287232K)->0K(287232K) From: 64K(22528K)->64K(21504K)
[277.108s][info][gc,heap        ] GC(664) ParOldGen: 329474K(525824K)->329490K(525824K)
[277.108s][info][gc,metaspace   ] GC(664) Metaspace: 35283K(35968K)->35283K(35968K) NonClass: 26075K(26560K)->26075K(26560K) Class: 9208K(9408K)->9208K(9408K)
[277.108s][info][gc             ] GC(664) Pause Young (Allocation Failure) 602M->321M(815M) 1.574ms
[277.108s][info][gc,cpu         ] GC(664) User=0.00s Sys=0.00s Real=0.00s
[277.377s][info][gc,start       ] GC(665) Pause Young (Allocation Failure)
[277.379s][info][gc,heap        ] GC(665) PSYoungGen: 287296K(308736K)->64K(311296K) Eden: 287232K(287232K)->0K(290816K) From: 64K(21504K)->64K(20480K)
[277.379s][info][gc,heap        ] GC(665) ParOldGen: 329490K(525824K)->329506K(525824K)
[277.379s][info][gc,metaspace   ] GC(665) Metaspace: 35283K(35968K)->35283K(35968K) NonClass: 26075K(26560K)->26075K(26560K) Class: 9208K(9408K)->9208K(9408K)
[277.379s][info][gc             ] GC(665) Pause Young (Allocation Failure) 602M->321M(817M) 1.761ms
[277.379s][info][gc,cpu         ] GC(665) User=0.00s Sys=0.00s Real=0.00s
[277.790s][info][gc,start       ] GC(666) Pause Young (Allocation Failure)
[277.791s][info][gc,heap        ] GC(666) PSYoungGen: 290880K(311296K)->64K(310784K) Eden: 290816K(290816K)->0K(290816K) From: 64K(20480K)->64K(19968K)
[277.791s][info][gc,heap        ] GC(666) ParOldGen: 329506K(525824K)->329506K(525824K)
[277.791s][info][gc,metaspace   ] GC(666) Metaspace: 35283K(35968K)->35283K(35968K) NonClass: 26075K(26560K)->26075K(26560K) Class: 9208K(9408K)->9208K(9408K)
[277.791s][info][gc             ] GC(666) Pause Young (Allocation Failure) 605M->321M(817M) 1.573ms
[277.791s][info][gc,cpu         ] GC(666) User=0.00s Sys=0.00s Real=0.00s
[277.845s][info][gc,start       ] GC(667) Pause Young (Allocation Failure)
[277.847s][info][gc,heap        ] GC(667) PSYoungGen: 290880K(310784K)->64K(312832K) Eden: 290816K(290816K)->0K(294400K) From: 64K(19968K)->64K(18432K)
[277.847s][info][gc,heap        ] GC(667) ParOldGen: 329506K(525824K)->329514K(525824K)
[277.847s][info][gc,metaspace   ] GC(667) Metaspace: 35283K(35968K)->35283K(35968K) NonClass: 26075K(26560K)->26075K(26560K) Class: 9208K(9408K)->9208K(9408K)
[277.847s][info][gc             ] GC(667) Pause Young (Allocation Failure) 605M->321M(819M) 1.413ms
[277.847s][info][gc,cpu         ] GC(667) User=0.01s Sys=0.00s Real=0.00s
[277.901s][info][gc,start       ] GC(668) Pause Young (Allocation Failure)
[277.903s][info][gc,heap        ] GC(668) PSYoungGen: 294464K(312832K)->64K(312320K) Eden: 294400K(294400K)->0K(294400K) From: 64K(18432K)->64K(17920K)
[277.903s][info][gc,heap        ] GC(668) ParOldGen: 329514K(525824K)->329530K(525824K)
[277.903s][info][gc,metaspace   ] GC(668) Metaspace: 35283K(35968K)->35283K(35968K) NonClass: 26075K(26560K)->26075K(26560K) Class: 9208K(9408K)->9208K(9408K)
[277.903s][info][gc             ] GC(668) Pause Young (Allocation Failure) 609M->321M(818M) 1.344ms
[277.903s][info][gc,cpu         ] GC(668) User=0.00s Sys=0.00s Real=0.00s
[278.181s][info][gc,start       ] GC(669) Pause Young (Allocation Failure)
[278.182s][info][gc,heap        ] GC(669) PSYoungGen: 294464K(312320K)->64K(314880K) Eden: 294400K(294400K)->0K(298496K) From: 64K(17920K)->64K(16384K)
[278.182s][info][gc,heap        ] GC(669) ParOldGen: 329530K(525824K)->329530K(525824K)
[278.182s][info][gc,metaspace   ] GC(669) Metaspace: 35283K(35968K)->35283K(35968K) NonClass: 26075K(26560K)->26075K(26560K) Class: 9208K(9408K)->9208K(9408K)
[278.182s][info][gc             ] GC(669) Pause Young (Allocation Failure) 609M->321M(821M) 1.397ms
[278.182s][info][gc,cpu         ] GC(669) User=0.00s Sys=0.00s Real=0.00s
[278.487s][info][gc,start       ] GC(670) Pause Young (Allocation Failure)
[278.488s][info][gc,heap        ] GC(670) PSYoungGen: 298560K(314880K)->64K(314368K) Eden: 298496K(298496K)->0K(298496K) From: 64K(16384K)->64K(15872K)
[278.488s][info][gc,heap        ] GC(670) ParOldGen: 329530K(525824K)->329538K(525824K)
[278.488s][info][gc,metaspace   ] GC(670) Metaspace: 35283K(35968K)->35283K(35968K) NonClass: 26075K(26560K)->26075K(26560K) Class: 9208K(9408K)->9208K(9408K)
[278.488s][info][gc             ] GC(670) Pause Young (Allocation Failure) 613M->321M(820M) 1.826ms
[278.488s][info][gc,cpu         ] GC(670) User=0.00s Sys=0.00s Real=0.00s
[278.614s][info][gc,start       ] GC(671) Pause Young (Allocation Failure)
[278.616s][info][gc,heap        ] GC(671) PSYoungGen: 298560K(314368K)->64K(316928K) Eden: 298496K(298496K)->0K(302080K) From: 64K(15872K)->64K(14848K)
[278.616s][info][gc,heap        ] GC(671) ParOldGen: 329538K(525824K)->329546K(525824K)
[278.616s][info][gc,metaspace   ] GC(671) Metaspace: 35283K(35968K)->35283K(35968K) NonClass: 26075K(26560K)->26075K(26560K) Class: 9208K(9408K)->9208K(9408K)
[278.616s][info][gc             ] GC(671) Pause Young (Allocation Failure) 613M->321M(823M) 1.457ms
[278.616s][info][gc,cpu         ] GC(671) User=0.01s Sys=0.00s Real=0.00s
[278.757s][info][gc,start       ] GC(672) Pause Young (Allocation Failure)
[278.758s][info][gc,heap        ] GC(672) PSYoungGen: 302144K(316928K)->64K(316416K) Eden: 302080K(302080K)->0K(302080K) From: 64K(14848K)->64K(14336K)
[278.758s][info][gc,heap        ] GC(672) ParOldGen: 329546K(525824K)->329554K(525824K)
[278.758s][info][gc,metaspace   ] GC(672) Metaspace: 35283K(35968K)->35283K(35968K) NonClass: 26075K(26560K)->26075K(26560K) Class: 9208K(9408K)->9208K(9408K)
[278.758s][info][gc             ] GC(672) Pause Young (Allocation Failure) 616M->321M(822M) 1.441ms
[278.758s][info][gc,cpu         ] GC(672) User=0.01s Sys=0.00s Real=0.00s
[279.188s][info][gc,start       ] GC(673) Pause Young (Allocation Failure)
[279.189s][info][gc,heap        ] GC(673) PSYoungGen: 302144K(316416K)->64K(290304K) Eden: 302080K(302080K)->0K(289792K) From: 64K(14336K)->64K(512K)
[279.189s][info][gc,heap        ] GC(673) ParOldGen: 329554K(525824K)->329562K(525824K)
[279.189s][info][gc,metaspace   ] GC(673) Metaspace: 35283K(35968K)->35283K(35968K) NonClass: 26075K(26560K)->26075K(26560K) Class: 9208K(9408K)->9208K(9408K)
[279.189s][info][gc             ] GC(673) Pause Young (Allocation Failure) 616M->321M(797M) 1.374ms
[279.189s][info][gc,cpu         ] GC(673) User=0.01s Sys=0.00s Real=0.00s
[279.920s][info][gc,start       ] GC(674) Pause Young (Allocation Failure)
[279.921s][info][gc,heap        ] GC(674) PSYoungGen: 289856K(290304K)->83K(290304K) Eden: 289792K(289792K)->0K(278016K) From: 64K(512K)->83K(12288K)
[279.921s][info][gc,heap        ] GC(674) ParOldGen: 329562K(525824K)->329570K(525824K)
[279.921s][info][gc,metaspace   ] GC(674) Metaspace: 35283K(35968K)->35283K(35968K) NonClass: 26075K(26560K)->26075K(26560K) Class: 9208K(9408K)->9208K(9408K)
[279.921s][info][gc             ] GC(674) Pause Young (Allocation Failure) 604M->321M(797M) 1.503ms
[279.921s][info][gc,cpu         ] GC(674) User=0.01s Sys=0.00s Real=0.00s
[280.967s][info][gc,start       ] GC(675) Pause Young (Allocation Failure)
[280.970s][info][gc,heap        ] GC(675) PSYoungGen: 278099K(290304K)->64K(267776K) Eden: 278016K(278016K)->0K(267264K) From: 83K(12288K)->64K(512K)
[280.970s][info][gc,heap        ] GC(675) ParOldGen: 329570K(525824K)->329578K(525824K)
[280.970s][info][gc,metaspace   ] GC(675) Metaspace: 35283K(35968K)->35283K(35968K) NonClass: 26075K(26560K)->26075K(26560K) Class: 9208K(9408K)->9208K(9408K)
[280.970s][info][gc             ] GC(675) Pause Young (Allocation Failure) 593M->321M(775M) 2.597ms
[280.970s][info][gc,cpu         ] GC(675) User=0.00s Sys=0.00s Real=0.00s
[281.475s][info][gc,start       ] GC(676) Pause Young (Allocation Failure)
[281.477s][info][gc,heap        ] GC(676) PSYoungGen: 267328K(267776K)->64K(267776K) Eden: 267264K(267264K)->0K(257024K) From: 64K(512K)->64K(10752K)
[281.477s][info][gc,heap        ] GC(676) ParOldGen: 329578K(525824K)->329594K(525824K)
[281.477s][info][gc,metaspace   ] GC(676) Metaspace: 35283K(35968K)->35283K(35968K) NonClass: 26075K(26560K)->26075K(26560K) Class: 9208K(9408K)->9208K(9408K)
[281.477s][info][gc             ] GC(676) Pause Young (Allocation Failure) 582M->321M(775M) 2.359ms
[281.477s][info][gc,cpu         ] GC(676) User=0.00s Sys=0.00s Real=0.00s
[282.558s][info][gc,start       ] GC(677) Pause Young (Allocation Failure)
[282.561s][info][gc,heap        ] GC(677) PSYoungGen: 257088K(267776K)->64K(247296K) Eden: 257024K(257024K)->0K(246784K) From: 64K(10752K)->64K(512K)
[282.561s][info][gc,heap        ] GC(677) ParOldGen: 329594K(525824K)->329602K(525824K)
[282.561s][info][gc,metaspace   ] GC(677) Metaspace: 35283K(35968K)->35283K(35968K) NonClass: 26075K(26560K)->26075K(26560K) Class: 9208K(9408K)->9208K(9408K)
[282.561s][info][gc             ] GC(677) Pause Young (Allocation Failure) 572M->321M(755M) 2.841ms
[282.561s][info][gc,cpu         ] GC(677) User=0.00s Sys=0.00s Real=0.00s
[282.963s][info][gc,start       ] GC(678) Pause Young (Allocation Failure)
[282.965s][info][gc,heap        ] GC(678) PSYoungGen: 246848K(247296K)->64K(246784K) Eden: 246784K(246784K)->0K(237056K) From: 64K(512K)->64K(9728K)
[282.965s][info][gc,heap        ] GC(678) ParOldGen: 329602K(525824K)->329610K(525824K)
[282.965s][info][gc,metaspace   ] GC(678) Metaspace: 35283K(35968K)->35283K(35968K) NonClass: 26075K(26560K)->26075K(26560K) Class: 9208K(9408K)->9208K(9408K)
[282.965s][info][gc             ] GC(678) Pause Young (Allocation Failure) 562M->321M(754M) 2.418ms
[282.965s][info][gc,cpu         ] GC(678) User=0.00s Sys=0.00s Real=0.01s
[283.135s][info][gc,start       ] GC(679) Pause Young (Allocation Failure)
[283.138s][info][gc,heap        ] GC(679) PSYoungGen: 237120K(246784K)->32K(228352K) Eden: 237056K(237056K)->0K(227840K) From: 64K(9728K)->32K(512K)
[283.138s][info][gc,heap        ] GC(679) ParOldGen: 329610K(525824K)->329626K(525824K)
[283.138s][info][gc,metaspace   ] GC(679) Metaspace: 35283K(35968K)->35283K(35968K) NonClass: 26075K(26560K)->26075K(26560K) Class: 9208K(9408K)->9208K(9408K)
[283.139s][info][gc             ] GC(679) Pause Young (Allocation Failure) 553M->321M(736M) 3.311ms
[283.139s][info][gc,cpu         ] GC(679) User=0.00s Sys=0.00s Real=0.00s
[283.282s][info][gc,start       ] GC(680) Pause Young (Allocation Failure)
[283.284s][info][gc,heap        ] GC(680) PSYoungGen: 227872K(228352K)->64K(227328K) Eden: 227840K(227840K)->0K(219136K) From: 32K(512K)->64K(8192K)
[283.284s][info][gc,heap        ] GC(680) ParOldGen: 329626K(525824K)->329634K(525824K)
[283.284s][info][gc,metaspace   ] GC(680) Metaspace: 35283K(35968K)->35283K(35968K) NonClass: 26075K(26560K)->26075K(26560K) Class: 9208K(9408K)->9208K(9408K)
[283.284s][info][gc             ] GC(680) Pause Young (Allocation Failure) 544M->321M(735M) 1.818ms
[283.284s][info][gc,cpu         ] GC(680) User=0.00s Sys=0.00s Real=0.01s
[283.893s][info][gc,start       ] GC(681) Pause Young (Allocation Failure)
[283.895s][info][gc,heap        ] GC(681) PSYoungGen: 219200K(227328K)->64K(211456K) Eden: 219136K(219136K)->0K(210944K) From: 64K(8192K)->64K(512K)
[283.895s][info][gc,heap        ] GC(681) ParOldGen: 329634K(525824K)->329642K(525824K)
[283.895s][info][gc,metaspace   ] GC(681) Metaspace: 35283K(35968K)->35283K(35968K) NonClass: 26075K(26560K)->26075K(26560K) Class: 9208K(9408K)->9208K(9408K)
[283.895s][info][gc             ] GC(681) Pause Young (Allocation Failure) 535M->321M(720M) 2.140ms
[283.895s][info][gc,cpu         ] GC(681) User=0.01s Sys=0.00s Real=0.00s
[284.100s][info][gc,start       ] GC(682) Pause Young (Allocation Failure)
[284.101s][info][gc,heap        ] GC(682) PSYoungGen: 211008K(211456K)->64K(210432K) Eden: 210944K(210944K)->0K(203264K) From: 64K(512K)->64K(7168K)
[284.101s][info][gc,heap        ] GC(682) ParOldGen: 329642K(525824K)->329650K(525824K)
[284.102s][info][gc,metaspace   ] GC(682) Metaspace: 35283K(35968K)->35283K(35968K) NonClass: 26075K(26560K)->26075K(26560K) Class: 9208K(9408K)->9208K(9408K)
[284.102s][info][gc             ] GC(682) Pause Young (Allocation Failure) 527M->321M(719M) 1.984ms
[284.102s][info][gc,cpu         ] GC(682) User=0.00s Sys=0.00s Real=0.00s
[284.440s][info][gc,start       ] GC(683) Pause Young (Allocation Failure)
[284.462s][info][gc,heap        ] GC(683) PSYoungGen: 203328K(210432K)->6656K(250880K) Eden: 203264K(203264K)->0K(244224K) From: 64K(7168K)->6656K(6656K)
[284.462s][info][gc,heap        ] GC(683) ParOldGen: 329650K(525824K)->335794K(525824K)
[284.462s][info][gc,metaspace   ] GC(683) Metaspace: 35283K(35968K)->35283K(35968K) NonClass: 26075K(26560K)->26075K(26560K) Class: 9208K(9408K)->9208K(9408K)
[284.462s][info][gc             ] GC(683) Pause Young (Allocation Failure) 520M->334M(758M) 22.293ms
[284.462s][info][gc,cpu         ] GC(683) User=0.04s Sys=0.00s Real=0.02s
[284.788s][info][gc,start       ] GC(684) Pause Young (Allocation Failure)
[284.838s][info][gc,heap        ] GC(684) PSYoungGen: 250880K(250880K)->10752K(271360K) Eden: 244224K(244224K)->0K(260608K) From: 6656K(6656K)->10752K(10752K)
[284.838s][info][gc,heap        ] GC(684) ParOldGen: 335794K(525824K)->352922K(525824K)
[284.838s][info][gc,metaspace   ] GC(684) Metaspace: 35283K(35968K)->35283K(35968K) NonClass: 26075K(26560K)->26075K(26560K) Class: 9208K(9408K)->9208K(9408K)
[284.838s][info][gc             ] GC(684) Pause Young (Allocation Failure) 572M->355M(778M) 50.038ms
[284.838s][info][gc,cpu         ] GC(684) User=0.10s Sys=0.00s Real=0.05s
[285.120s][info][gc,start       ] GC(685) Pause Young (Allocation Failure)
[285.172s][info][gc,heap        ] GC(685) PSYoungGen: 271360K(271360K)->19456K(304128K) Eden: 260608K(260608K)->0K(284672K) From: 10752K(10752K)->19456K(19456K)
[285.172s][info][gc,heap        ] GC(685) ParOldGen: 352922K(525824K)->356042K(525824K)
[285.172s][info][gc,metaspace   ] GC(685) Metaspace: 35283K(35968K)->35283K(35968K) NonClass: 26075K(26560K)->26075K(26560K) Class: 9208K(9408K)->9208K(9408K)
[285.172s][info][gc             ] GC(685) Pause Young (Allocation Failure) 609M->366M(810M) 51.796ms
[285.172s][info][gc,cpu         ] GC(685) User=0.09s Sys=0.02s Real=0.05s
[285.369s][info][gc,start       ] GC(686) Pause Young (Allocation Failure)
[285.371s][info][gc,heap        ] GC(686) PSYoungGen: 304128K(304128K)->64K(309248K) Eden: 284672K(284672K)->0K(284672K) From: 19456K(19456K)->64K(24576K)
[285.371s][info][gc,heap        ] GC(686) ParOldGen: 356042K(525824K)->356122K(525824K)
[285.371s][info][gc,metaspace   ] GC(686) Metaspace: 35283K(35968K)->35283K(35968K) NonClass: 26075K(26560K)->26075K(26560K) Class: 9208K(9408K)->9208K(9408K)
[285.371s][info][gc             ] GC(686) Pause Young (Allocation Failure) 644M->347M(815M) 2.224ms
[285.371s][info][gc,cpu         ] GC(686) User=0.00s Sys=0.00s Real=0.00s
[286.129s][info][gc,start       ] GC(687) Pause Young (Allocation Failure)
[286.131s][info][gc,heap        ] GC(687) PSYoungGen: 284736K(309248K)->32K(306688K) Eden: 284672K(284672K)->0K(285184K) From: 64K(24576K)->32K(21504K)
[286.131s][info][gc,heap        ] GC(687) ParOldGen: 356122K(525824K)->356130K(525824K)
[286.131s][info][gc,metaspace   ] GC(687) Metaspace: 35283K(35968K)->35283K(35968K) NonClass: 26075K(26560K)->26075K(26560K) Class: 9208K(9408K)->9208K(9408K)
[286.131s][info][gc             ] GC(687) Pause Young (Allocation Failure) 625M->347M(813M) 1.923ms
[286.131s][info][gc,cpu         ] GC(687) User=0.01s Sys=0.00s Real=0.00s
[286.654s][info][gc,start       ] GC(688) Pause Young (Allocation Failure)
[286.655s][info][gc,heap        ] GC(688) PSYoungGen: 285216K(306688K)->64K(308224K) Eden: 285184K(285184K)->0K(285184K) From: 32K(21504K)->64K(23040K)
[286.655s][info][gc,heap        ] GC(688) ParOldGen: 356130K(525824K)->356146K(525824K)
[286.655s][info][gc,metaspace   ] GC(688) Metaspace: 35283K(35968K)->35283K(35968K) NonClass: 26075K(26560K)->26075K(26560K) Class: 9208K(9408K)->9208K(9408K)
[286.656s][info][gc             ] GC(688) Pause Young (Allocation Failure) 626M->347M(814M) 1.424ms
[286.656s][info][gc,cpu         ] GC(688) User=0.00s Sys=0.00s Real=0.00s
[286.916s][info][gc,start       ] GC(689) Pause Young (Allocation Failure)
[286.918s][info][gc,heap        ] GC(689) PSYoungGen: 285248K(308224K)->64K(308224K) Eden: 285184K(285184K)->0K(288768K) From: 64K(23040K)->64K(19456K)
[286.918s][info][gc,heap        ] GC(689) ParOldGen: 356146K(525824K)->356162K(525824K)
[286.918s][info][gc,metaspace   ] GC(689) Metaspace: 35283K(35968K)->35283K(35968K) NonClass: 26075K(26560K)->26075K(26560K) Class: 9208K(9408K)->9208K(9408K)
[286.918s][info][gc             ] GC(689) Pause Young (Allocation Failure) 626M->347M(814M) 1.494ms
[286.918s][info][gc,cpu         ] GC(689) User=0.00s Sys=0.00s Real=0.00s
[287.189s][info][gc,start       ] GC(690) Pause Young (Allocation Failure)
[287.190s][info][gc,heap        ] GC(690) PSYoungGen: 288832K(308224K)->64K(309760K) Eden: 288768K(288768K)->0K(288768K) From: 64K(19456K)->64K(20992K)
[287.190s][info][gc,heap        ] GC(690) ParOldGen: 356162K(525824K)->356162K(525824K)
[287.190s][info][gc,metaspace   ] GC(690) Metaspace: 35283K(35968K)->35283K(35968K) NonClass: 26075K(26560K)->26075K(26560K) Class: 9208K(9408K)->9208K(9408K)
[287.190s][info][gc             ] GC(690) Pause Young (Allocation Failure) 629M->347M(816M) 1.540ms
[287.190s][info][gc,cpu         ] GC(690) User=0.00s Sys=0.00s Real=0.00s
[287.580s][info][gc,start       ] GC(691) Pause Young (Allocation Failure)
[287.581s][info][gc,heap        ] GC(691) PSYoungGen: 288832K(309760K)->64K(310272K) Eden: 288768K(288768K)->0K(292864K) From: 64K(20992K)->64K(17408K)
[287.581s][info][gc,heap        ] GC(691) ParOldGen: 356162K(525824K)->356162K(525824K)
[287.581s][info][gc,metaspace   ] GC(691) Metaspace: 35283K(35968K)->35283K(35968K) NonClass: 26075K(26560K)->26075K(26560K) Class: 9208K(9408K)->9208K(9408K)
[287.581s][info][gc             ] GC(691) Pause Young (Allocation Failure) 629M->347M(816M) 1.417ms
[287.581s][info][gc,cpu         ] GC(691) User=0.00s Sys=0.00s Real=0.00s
[287.637s][info][gc,start       ] GC(692) Pause Young (Allocation Failure)
[287.638s][info][gc,heap        ] GC(692) PSYoungGen: 292928K(310272K)->64K(311808K) Eden: 292864K(292864K)->0K(292864K) From: 64K(17408K)->64K(18944K)
[287.638s][info][gc,heap        ] GC(692) ParOldGen: 356162K(525824K)->356178K(525824K)
[287.638s][info][gc,metaspace   ] GC(692) Metaspace: 35283K(35968K)->35283K(35968K) NonClass: 26075K(26560K)->26075K(26560K) Class: 9208K(9408K)->9208K(9408K)
[287.638s][info][gc             ] GC(692) Pause Young (Allocation Failure) 633M->347M(818M) 1.367ms
[287.638s][info][gc,cpu         ] GC(692) User=0.00s Sys=0.00s Real=0.00s
[287.691s][info][gc,start       ] GC(693) Pause Young (Allocation Failure)
[287.692s][info][gc,heap        ] GC(693) PSYoungGen: 292928K(311808K)->64K(312320K) Eden: 292864K(292864K)->0K(296448K) From: 64K(18944K)->64K(15872K)
[287.692s][info][gc,heap        ] GC(693) ParOldGen: 356178K(525824K)->356178K(525824K)
[287.692s][info][gc,metaspace   ] GC(693) Metaspace: 35283K(35968K)->35283K(35968K) NonClass: 26075K(26560K)->26075K(26560K) Class: 9208K(9408K)->9208K(9408K)
[287.692s][info][gc             ] GC(693) Pause Young (Allocation Failure) 633M->347M(818M) 1.369ms
[287.692s][info][gc,cpu         ] GC(693) User=0.01s Sys=0.00s Real=0.00s
[287.998s][info][gc,start       ] GC(694) Pause Young (Allocation Failure)
[287.999s][info][gc,heap        ] GC(694) PSYoungGen: 296512K(312320K)->64K(313856K) Eden: 296448K(296448K)->0K(296448K) From: 64K(15872K)->64K(17408K)
[288.000s][info][gc,heap        ] GC(694) ParOldGen: 356178K(525824K)->356178K(525824K)
[288.000s][info][gc,metaspace   ] GC(694) Metaspace: 35283K(35968K)->35283K(35968K) NonClass: 26075K(26560K)->26075K(26560K) Class: 9208K(9408K)->9208K(9408K)
[288.000s][info][gc             ] GC(694) Pause Young (Allocation Failure) 637M->347M(820M) 1.393ms
[288.000s][info][gc,cpu         ] GC(694) User=0.00s Sys=0.00s Real=0.00s
[288.287s][info][gc,start       ] GC(695) Pause Young (Allocation Failure)
[288.289s][info][gc,heap        ] GC(695) PSYoungGen: 296512K(313856K)->64K(313856K) Eden: 296448K(296448K)->0K(300032K) From: 64K(17408K)->64K(13824K)
[288.289s][info][gc,heap        ] GC(695) ParOldGen: 356178K(525824K)->356186K(525824K)
[288.289s][info][gc,metaspace   ] GC(695) Metaspace: 35283K(35968K)->35283K(35968K) NonClass: 26075K(26560K)->26075K(26560K) Class: 9208K(9408K)->9208K(9408K)
[288.289s][info][gc             ] GC(695) Pause Young (Allocation Failure) 637M->347M(820M) 1.415ms
[288.289s][info][gc,cpu         ] GC(695) User=0.00s Sys=0.00s Real=0.00s
[288.404s][info][gc,start       ] GC(696) Pause Young (Allocation Failure)
[288.405s][info][gc,heap        ] GC(696) PSYoungGen: 300096K(313856K)->64K(315392K) Eden: 300032K(300032K)->0K(300032K) From: 64K(13824K)->64K(15360K)
[288.405s][info][gc,heap        ] GC(696) ParOldGen: 356186K(525824K)->356194K(525824K)
[288.405s][info][gc,metaspace   ] GC(696) Metaspace: 35283K(35968K)->35283K(35968K) NonClass: 26075K(26560K)->26075K(26560K) Class: 9208K(9408K)->9208K(9408K)
[288.405s][info][gc             ] GC(696) Pause Young (Allocation Failure) 640M->347M(821M) 1.411ms
[288.405s][info][gc,cpu         ] GC(696) User=0.00s Sys=0.00s Real=0.00s
[288.555s][info][gc,start       ] GC(697) Pause Young (Allocation Failure)
[288.556s][info][gc,heap        ] GC(697) PSYoungGen: 300096K(315392K)->64K(315904K) Eden: 300032K(300032K)->0K(304128K) From: 64K(15360K)->64K(11776K)
[288.556s][info][gc,heap        ] GC(697) ParOldGen: 356194K(525824K)->356202K(525824K)
[288.556s][info][gc,metaspace   ] GC(697) Metaspace: 35283K(35968K)->35283K(35968K) NonClass: 26075K(26560K)->26075K(26560K) Class: 9208K(9408K)->9208K(9408K)
[288.556s][info][gc             ] GC(697) Pause Young (Allocation Failure) 640M->347M(822M) 1.472ms
[288.556s][info][gc,cpu         ] GC(697) User=0.00s Sys=0.00s Real=0.00s
[289.006s][info][gc,start       ] GC(698) Pause Young (Allocation Failure)
[289.008s][info][gc,heap        ] GC(698) PSYoungGen: 304192K(315904K)->64K(292352K) Eden: 304128K(304128K)->0K(291840K) From: 64K(11776K)->64K(512K)
[289.008s][info][gc,heap        ] GC(698) ParOldGen: 356202K(525824K)->356210K(525824K)
[289.008s][info][gc,metaspace   ] GC(698) Metaspace: 35283K(35968K)->35283K(35968K) NonClass: 26075K(26560K)->26075K(26560K) Class: 9208K(9408K)->9208K(9408K)
[289.008s][info][gc             ] GC(698) Pause Young (Allocation Failure) 644M->347M(799M) 2.277ms
[289.008s][info][gc,cpu         ] GC(698) User=0.00s Sys=0.00s Real=0.00s
[289.718s][info][gc,start       ] GC(699) Pause Young (Allocation Failure)
[289.722s][info][gc,heap        ] GC(699) PSYoungGen: 291904K(292352K)->51K(280576K) Eden: 291840K(291840K)->0K(280064K) From: 64K(512K)->51K(512K)
[289.722s][info][gc,heap        ] GC(699) ParOldGen: 356210K(525824K)->356218K(525824K)
[289.722s][info][gc,metaspace   ] GC(699) Metaspace: 35283K(35968K)->35283K(35968K) NonClass: 26075K(26560K)->26075K(26560K) Class: 9208K(9408K)->9208K(9408K)
[289.722s][info][gc             ] GC(699) Pause Young (Allocation Failure) 632M->347M(787M) 3.943ms
[289.722s][info][gc,cpu         ] GC(699) User=0.00s Sys=0.00s Real=0.00s
[290.747s][info][gc,start       ] GC(700) Pause Young (Allocation Failure)
[290.750s][info][gc,heap        ] GC(700) PSYoungGen: 280115K(280576K)->64K(280576K) Eden: 280064K(280064K)->0K(268800K) From: 51K(512K)->64K(11776K)
[290.750s][info][gc,heap        ] GC(700) ParOldGen: 356218K(525824K)->356226K(525824K)
[290.750s][info][gc,metaspace   ] GC(700) Metaspace: 35283K(35968K)->35283K(35968K) NonClass: 26075K(26560K)->26075K(26560K) Class: 9208K(9408K)->9208K(9408K)
[290.750s][info][gc             ] GC(700) Pause Young (Allocation Failure) 621M->347M(787M) 2.747ms
[290.750s][info][gc,cpu         ] GC(700) User=0.01s Sys=0.00s Real=0.00s
[291.247s][info][gc,start       ] GC(701) Pause Young (Allocation Failure)
[291.251s][info][gc,heap        ] GC(701) PSYoungGen: 268864K(280576K)->64K(258560K) Eden: 268800K(268800K)->0K(258048K) From: 64K(11776K)->64K(512K)
[291.251s][info][gc,heap        ] GC(701) ParOldGen: 356226K(525824K)->356242K(525824K)
[291.251s][info][gc,metaspace   ] GC(701) Metaspace: 35283K(35968K)->35283K(35968K) NonClass: 26075K(26560K)->26075K(26560K) Class: 9208K(9408K)->9208K(9408K)
[291.251s][info][gc             ] GC(701) Pause Young (Allocation Failure) 610M->347M(766M) 3.353ms
[291.251s][info][gc,cpu         ] GC(701) User=0.00s Sys=0.00s Real=0.00s
[292.341s][info][gc,start       ] GC(702) Pause Young (Allocation Failure)
[292.343s][info][gc,heap        ] GC(702) PSYoungGen: 258112K(258560K)->64K(258048K) Eden: 258048K(258048K)->0K(247808K) From: 64K(512K)->64K(10240K)
[292.343s][info][gc,heap        ] GC(702) ParOldGen: 356242K(525824K)->356258K(525824K)
[292.343s][info][gc,metaspace   ] GC(702) Metaspace: 35283K(35968K)->35283K(35968K) NonClass: 26075K(26560K)->26075K(26560K) Class: 9208K(9408K)->9208K(9408K)
[292.343s][info][gc             ] GC(702) Pause Young (Allocation Failure) 599M->347M(765M) 2.454ms
[292.343s][info][gc,cpu         ] GC(702) User=0.00s Sys=0.00s Real=0.01s
[292.727s][info][gc,start       ] GC(703) Pause Young (Allocation Failure)
[292.731s][info][gc,heap        ] GC(703) PSYoungGen: 247872K(258048K)->64K(238592K) Eden: 247808K(247808K)->0K(238080K) From: 64K(10240K)->64K(512K)
[292.731s][info][gc,heap        ] GC(703) ParOldGen: 356258K(525824K)->356266K(525824K)
[292.731s][info][gc,metaspace   ] GC(703) Metaspace: 35283K(35968K)->35283K(35968K) NonClass: 26075K(26560K)->26075K(26560K) Class: 9208K(9408K)->9208K(9408K)
[292.731s][info][gc             ] GC(703) Pause Young (Allocation Failure) 589M->347M(746M) 3.578ms
[292.731s][info][gc,cpu         ] GC(703) User=0.01s Sys=0.00s Real=0.00s
[292.885s][info][gc,start       ] GC(704) Pause Young (Allocation Failure)
[292.887s][info][gc,heap        ] GC(704) PSYoungGen: 238144K(238592K)->32K(238080K) Eden: 238080K(238080K)->0K(228864K) From: 64K(512K)->32K(9216K)
[292.887s][info][gc,heap        ] GC(704) ParOldGen: 356266K(525824K)->356274K(525824K)
[292.887s][info][gc,metaspace   ] GC(704) Metaspace: 35283K(35968K)->35283K(35968K) NonClass: 26075K(26560K)->26075K(26560K) Class: 9208K(9408K)->9208K(9408K)
[292.887s][info][gc             ] GC(704) Pause Young (Allocation Failure) 580M->347M(746M) 2.425ms
[292.887s][info][gc,cpu         ] GC(704) User=0.00s Sys=0.00s Real=0.00s
[293.126s][info][gc,start       ] GC(705) Pause Young (Allocation Failure)
[293.130s][info][gc,heap        ] GC(705) PSYoungGen: 228896K(238080K)->64K(220672K) Eden: 228864K(228864K)->0K(220160K) From: 32K(9216K)->64K(512K)
[293.130s][info][gc,heap        ] GC(705) ParOldGen: 356274K(525824K)->356282K(525824K)
[293.130s][info][gc,metaspace   ] GC(705) Metaspace: 35283K(35968K)->35283K(35968K) NonClass: 26075K(26560K)->26075K(26560K) Class: 9208K(9408K)->9208K(9408K)
[293.130s][info][gc             ] GC(705) Pause Young (Allocation Failure) 571M->347M(729M) 3.592ms
[293.130s][info][gc,cpu         ] GC(705) User=0.00s Sys=0.01s Real=0.00s
[293.638s][info][gc,start       ] GC(706) Pause Young (Allocation Failure)
[293.640s][info][gc,heap        ] GC(706) PSYoungGen: 220224K(220672K)->64K(219648K) Eden: 220160K(220160K)->0K(211968K) From: 64K(512K)->64K(7680K)
[293.640s][info][gc,heap        ] GC(706) ParOldGen: 356282K(525824K)->356290K(525824K)
[293.640s][info][gc,metaspace   ] GC(706) Metaspace: 35283K(35968K)->35283K(35968K) NonClass: 26075K(26560K)->26075K(26560K) Class: 9208K(9408K)->9208K(9408K)
[293.640s][info][gc             ] GC(706) Pause Young (Allocation Failure) 562M->348M(728M) 1.969ms
[293.640s][info][gc,cpu         ] GC(706) User=0.00s Sys=0.00s Real=0.00s
[293.896s][info][gc,start       ] GC(707) Pause Young (Allocation Failure)
[293.898s][info][gc,heap        ] GC(707) PSYoungGen: 212031K(219648K)->64K(204800K) Eden: 211967K(211968K)->0K(204288K) From: 64K(7680K)->64K(512K)
[293.898s][info][gc,heap        ] GC(707) ParOldGen: 356290K(525824K)->356298K(525824K)
[293.898s][info][gc,metaspace   ] GC(707) Metaspace: 35283K(35968K)->35283K(35968K) NonClass: 26075K(26560K)->26075K(26560K) Class: 9208K(9408K)->9208K(9408K)
[293.898s][info][gc             ] GC(707) Pause Young (Allocation Failure) 555M->348M(713M) 2.133ms
[293.899s][info][gc,cpu         ] GC(707) User=0.00s Sys=0.00s Real=0.00s
[294.227s][info][gc,start       ] GC(708) Pause Young (Allocation Failure)
[294.256s][info][gc,heap        ] GC(708) PSYoungGen: 204352K(204800K)->6656K(251904K) Eden: 204288K(204288K)->0K(245248K) From: 64K(512K)->6656K(6656K)
[294.256s][info][gc,heap        ] GC(708) ParOldGen: 356298K(525824K)->366818K(525824K)
[294.256s][info][gc,metaspace   ] GC(708) Metaspace: 35283K(35968K)->35283K(35968K) NonClass: 26075K(26560K)->26075K(26560K) Class: 9208K(9408K)->9208K(9408K)
[294.256s][info][gc             ] GC(708) Pause Young (Allocation Failure) 547M->364M(759M) 29.145ms
[294.256s][info][gc,cpu         ] GC(708) User=0.06s Sys=0.00s Real=0.03s
[294.587s][info][gc,start       ] GC(709) Pause Young (Allocation Failure)
[294.637s][info][gc,heap        ] GC(709) PSYoungGen: 251904K(251904K)->6656K(251904K) Eden: 245248K(245248K)->0K(245248K) From: 6656K(6656K)->6656K(6656K)
[294.637s][info][gc,heap        ] GC(709) ParOldGen: 366818K(525824K)->388282K(525824K)
[294.637s][info][gc,metaspace   ] GC(709) Metaspace: 35283K(35968K)->35283K(35968K) NonClass: 26075K(26560K)->26075K(26560K) Class: 9208K(9408K)->9208K(9408K)
[294.637s][info][gc             ] GC(709) Pause Young (Allocation Failure) 604M->385M(759M) 49.936ms
[294.637s][info][gc,cpu         ] GC(709) User=0.10s Sys=0.00s Real=0.05s
[294.874s][info][gc,start       ] GC(710) Pause Young (Allocation Failure)
[294.908s][info][gc,heap        ] GC(710) PSYoungGen: 251904K(251904K)->17632K(266240K) Eden: 245248K(245248K)->0K(245248K) From: 6656K(6656K)->17632K(20992K)
[294.908s][info][gc,heap        ] GC(710) ParOldGen: 388282K(525824K)->388858K(525824K)
[294.908s][info][gc,metaspace   ] GC(710) Metaspace: 35283K(35968K)->35283K(35968K) NonClass: 26075K(26560K)->26075K(26560K) Class: 9208K(9408K)->9208K(9408K)
[294.908s][info][gc             ] GC(710) Pause Young (Allocation Failure) 625M->396M(773M) 34.748ms
[294.908s][info][gc,cpu         ] GC(710) User=0.07s Sys=0.00s Real=0.03s
[295.059s][info][gc,start       ] GC(711) Pause Young (Allocation Failure)
[295.061s][info][gc,heap        ] GC(711) PSYoungGen: 262880K(266240K)->64K(310784K) Eden: 245248K(245248K)->0K(286720K) From: 17632K(20992K)->64K(24064K)
[295.061s][info][gc,heap        ] GC(711) ParOldGen: 388858K(525824K)->388866K(525824K)
[295.061s][info][gc,metaspace   ] GC(711) Metaspace: 35283K(35968K)->35283K(35968K) NonClass: 26075K(26560K)->26075K(26560K) Class: 9208K(9408K)->9208K(9408K)
[295.061s][info][gc             ] GC(711) Pause Young (Allocation Failure) 636M->379M(817M) 1.424ms
[295.061s][info][gc,cpu         ] GC(711) User=0.00s Sys=0.00s Real=0.00s
[295.832s][info][gc,start       ] GC(712) Pause Young (Allocation Failure)
[295.834s][info][gc,heap        ] GC(712) PSYoungGen: 286784K(310784K)->64K(287232K) Eden: 286720K(286720K)->0K(286720K) From: 64K(24064K)->64K(512K)
[295.834s][info][gc,heap        ] GC(712) ParOldGen: 388866K(525824K)->388882K(525824K)
[295.834s][info][gc,metaspace   ] GC(712) Metaspace: 35283K(35968K)->35283K(35968K) NonClass: 26075K(26560K)->26075K(26560K) Class: 9208K(9408K)->9208K(9408K)
[295.834s][info][gc             ] GC(712) Pause Young (Allocation Failure) 659M->379M(794M) 1.496ms
[295.834s][info][gc,cpu         ] GC(712) User=0.01s Sys=0.00s Real=0.01s
[296.385s][info][gc,start       ] GC(713) Pause Young (Allocation Failure)
[296.387s][info][gc,heap        ] GC(713) PSYoungGen: 286784K(287232K)->64K(310272K) Eden: 286720K(286720K)->0K(287744K) From: 64K(512K)->64K(22528K)
[296.387s][info][gc,heap        ] GC(713) ParOldGen: 388882K(525824K)->388882K(525824K)
[296.387s][info][gc,metaspace   ] GC(713) Metaspace: 35283K(35968K)->35283K(35968K) NonClass: 26075K(26560K)->26075K(26560K) Class: 9208K(9408K)->9208K(9408K)
[296.387s][info][gc             ] GC(713) Pause Young (Allocation Failure) 659M->379M(816M) 1.569ms
[296.387s][info][gc,cpu         ] GC(713) User=0.00s Sys=0.00s Real=0.00s
[296.654s][info][gc,start       ] GC(714) Pause Young (Allocation Failure)
[296.656s][info][gc,heap        ] GC(714) PSYoungGen: 287808K(310272K)->32K(309248K) Eden: 287744K(287744K)->0K(287744K) From: 64K(22528K)->32K(21504K)
[296.656s][info][gc,heap        ] GC(714) ParOldGen: 388882K(525824K)->388898K(525824K)
[296.656s][info][gc,metaspace   ] GC(714) Metaspace: 35283K(35968K)->35283K(35968K) NonClass: 26075K(26560K)->26075K(26560K) Class: 9208K(9408K)->9208K(9408K)
[296.656s][info][gc             ] GC(714) Pause Young (Allocation Failure) 660M->379M(815M) 1.617ms
[296.656s][info][gc,cpu         ] GC(714) User=0.01s Sys=0.00s Real=0.00s
[296.921s][info][gc,start       ] GC(715) Pause Young (Allocation Failure)
[296.922s][info][gc,heap        ] GC(715) PSYoungGen: 287776K(309248K)->64K(310784K) Eden: 287744K(287744K)->0K(290304K) From: 32K(21504K)->64K(20480K)
[296.922s][info][gc,heap        ] GC(715) ParOldGen: 388898K(525824K)->388898K(525824K)
[296.922s][info][gc,metaspace   ] GC(715) Metaspace: 35283K(35968K)->35283K(35968K) NonClass: 26075K(26560K)->26075K(26560K) Class: 9208K(9408K)->9208K(9408K)
[296.923s][info][gc             ] GC(715) Pause Young (Allocation Failure) 660M->379M(817M) 1.491ms
[296.923s][info][gc,cpu         ] GC(715) User=0.00s Sys=0.00s Real=0.00s
[297.322s][info][gc,start       ] GC(716) Pause Young (Allocation Failure)
[297.324s][info][gc,heap        ] GC(716) PSYoungGen: 290368K(310784K)->64K(310272K) Eden: 290304K(290304K)->0K(290304K) From: 64K(20480K)->64K(19968K)
[297.324s][info][gc,heap        ] GC(716) ParOldGen: 388898K(525824K)->388898K(525824K)
[297.324s][info][gc,metaspace   ] GC(716) Metaspace: 35283K(35968K)->35283K(35968K) NonClass: 26075K(26560K)->26075K(26560K) Class: 9208K(9408K)->9208K(9408K)
[297.324s][info][gc             ] GC(716) Pause Young (Allocation Failure) 663M->379M(816M) 1.439ms
[297.324s][info][gc,cpu         ] GC(716) User=0.00s Sys=0.00s Real=0.01s
[297.375s][info][gc,start       ] GC(717) Pause Young (Allocation Failure)
[297.376s][info][gc,heap        ] GC(717) PSYoungGen: 290368K(310272K)->64K(312832K) Eden: 290304K(290304K)->0K(294400K) From: 64K(19968K)->64K(18432K)
[297.376s][info][gc,heap        ] GC(717) ParOldGen: 388898K(525824K)->388914K(525824K)
[297.376s][info][gc,metaspace   ] GC(717) Metaspace: 35283K(35968K)->35283K(35968K) NonClass: 26075K(26560K)->26075K(26560K) Class: 9208K(9408K)->9208K(9408K)
[297.376s][info][gc             ] GC(717) Pause Young (Allocation Failure) 663M->379M(819M) 1.440ms
[297.376s][info][gc,cpu         ] GC(717) User=0.00s Sys=0.00s Real=0.00s
[297.431s][info][gc,start       ] GC(718) Pause Young (Allocation Failure)
[297.433s][info][gc,heap        ] GC(718) PSYoungGen: 294464K(312832K)->64K(312320K) Eden: 294400K(294400K)->0K(294400K) From: 64K(18432K)->64K(17920K)
[297.433s][info][gc,heap        ] GC(718) ParOldGen: 388914K(525824K)->388914K(525824K)
[297.433s][info][gc,metaspace   ] GC(718) Metaspace: 35283K(35968K)->35283K(35968K) NonClass: 26075K(26560K)->26075K(26560K) Class: 9208K(9408K)->9208K(9408K)
[297.433s][info][gc             ] GC(718) Pause Young (Allocation Failure) 667M->379M(818M) 1.416ms
[297.433s][info][gc,cpu         ] GC(718) User=0.01s Sys=0.00s Real=0.00s
[297.722s][info][gc,start       ] GC(719) Pause Young (Allocation Failure)
[297.724s][info][gc,heap        ] GC(719) PSYoungGen: 294464K(312320K)->64K(314880K) Eden: 294400K(294400K)->0K(298496K) From: 64K(17920K)->64K(16384K)
[297.724s][info][gc,heap        ] GC(719) ParOldGen: 388914K(525824K)->388914K(525824K)
[297.724s][info][gc,metaspace   ] GC(719) Metaspace: 35283K(35968K)->35283K(35968K) NonClass: 26075K(26560K)->26075K(26560K) Class: 9208K(9408K)->9208K(9408K)
[297.724s][info][gc             ] GC(719) Pause Young (Allocation Failure) 667M->379M(821M) 1.595ms
[297.724s][info][gc,cpu         ] GC(719) User=0.01s Sys=0.00s Real=0.01s
[298.023s][info][gc,start       ] GC(720) Pause Young (Allocation Failure)
[298.024s][info][gc,heap        ] GC(720) PSYoungGen: 298560K(314880K)->64K(314368K) Eden: 298496K(298496K)->0K(298496K) From: 64K(16384K)->64K(15872K)
[298.024s][info][gc,heap        ] GC(720) ParOldGen: 388914K(525824K)->388922K(525824K)
[298.024s][info][gc,metaspace   ] GC(720) Metaspace: 35283K(35968K)->35283K(35968K) NonClass: 26075K(26560K)->26075K(26560K) Class: 9208K(9408K)->9208K(9408K)
[298.024s][info][gc             ] GC(720) Pause Young (Allocation Failure) 671M->379M(820M) 1.475ms
[298.024s][info][gc,cpu         ] GC(720) User=0.00s Sys=0.00s Real=0.01s
[298.140s][info][gc,start       ] GC(721) Pause Young (Allocation Failure)
[298.142s][info][gc,heap        ] GC(721) PSYoungGen: 298560K(314368K)->64K(316928K) Eden: 298496K(298496K)->0K(302592K) From: 64K(15872K)->64K(14336K)
[298.142s][info][gc,heap        ] GC(721) ParOldGen: 388922K(525824K)->388930K(525824K)
[298.142s][info][gc,metaspace   ] GC(721) Metaspace: 35283K(35968K)->35283K(35968K) NonClass: 26075K(26560K)->26075K(26560K) Class: 9208K(9408K)->9208K(9408K)
[298.142s][info][gc             ] GC(721) Pause Young (Allocation Failure) 671M->379M(823M) 1.481ms
[298.142s][info][gc,cpu         ] GC(721) User=0.00s Sys=0.00s Real=0.00s
[298.290s][info][gc,start       ] GC(722) Pause Young (Allocation Failure)
[298.291s][info][gc,heap        ] GC(722) PSYoungGen: 302656K(316928K)->64K(316416K) Eden: 302592K(302592K)->0K(302592K) From: 64K(14336K)->64K(13824K)
[298.291s][info][gc,heap        ] GC(722) ParOldGen: 388930K(525824K)->388938K(525824K)
[298.291s][info][gc,metaspace   ] GC(722) Metaspace: 35283K(35968K)->35283K(35968K) NonClass: 26075K(26560K)->26075K(26560K) Class: 9208K(9408K)->9208K(9408K)
[298.291s][info][gc             ] GC(722) Pause Young (Allocation Failure) 675M->379M(822M) 1.469ms
[298.291s][info][gc,cpu         ] GC(722) User=0.00s Sys=0.00s Real=0.00s
[298.732s][info][gc,start       ] GC(723) Pause Young (Allocation Failure)
[298.734s][info][gc,heap        ] GC(723) PSYoungGen: 302656K(316416K)->64K(290816K) Eden: 302592K(302592K)->0K(290304K) From: 64K(13824K)->64K(512K)
[298.734s][info][gc,heap        ] GC(723) ParOldGen: 388938K(525824K)->388946K(525824K)
[298.734s][info][gc,metaspace   ] GC(723) Metaspace: 35283K(35968K)->35283K(35968K) NonClass: 26075K(26560K)->26075K(26560K) Class: 9208K(9408K)->9208K(9408K)
[298.734s][info][gc             ] GC(723) Pause Young (Allocation Failure) 675M->379M(797M) 1.544ms
[298.734s][info][gc,cpu         ] GC(723) User=0.00s Sys=0.00s Real=0.01s
[299.438s][info][gc,start       ] GC(724) Pause Young (Allocation Failure)
[299.439s][info][gc,heap        ] GC(724) PSYoungGen: 290368K(290816K)->64K(290816K) Eden: 290304K(290304K)->0K(278528K) From: 64K(512K)->64K(12288K)
[299.439s][info][gc,heap        ] GC(724) ParOldGen: 388946K(525824K)->388954K(525824K)
[299.439s][info][gc,metaspace   ] GC(724) Metaspace: 35283K(35968K)->35283K(35968K) NonClass: 26075K(26560K)->26075K(26560K) Class: 9208K(9408K)->9208K(9408K)
[299.439s][info][gc             ] GC(724) Pause Young (Allocation Failure) 663M->379M(797M) 1.440ms
[299.439s][info][gc,cpu         ] GC(724) User=0.01s Sys=0.00s Real=0.00s
[300.465s][info][gc,start       ] GC(725) Pause Young (Allocation Failure)
[300.467s][info][gc,heap        ] GC(725) PSYoungGen: 278592K(290816K)->64K(267776K) Eden: 278528K(278528K)->0K(267264K) From: 64K(12288K)->64K(512K)
[300.467s][info][gc,heap        ] GC(725) ParOldGen: 388954K(525824K)->388962K(525824K)
[300.467s][info][gc,metaspace   ] GC(725) Metaspace: 35283K(35968K)->35283K(35968K) NonClass: 26075K(26560K)->26075K(26560K) Class: 9208K(9408K)->9208K(9408K)
[300.467s][info][gc             ] GC(725) Pause Young (Allocation Failure) 651M->379M(775M) 1.611ms
[300.467s][info][gc,cpu         ] GC(725) User=0.00s Sys=0.00s Real=0.00s
[300.968s][info][gc,start       ] GC(726) Pause Young (Allocation Failure)
[300.970s][info][gc,heap        ] GC(726) PSYoungGen: 267328K(267776K)->64K(267776K) Eden: 267264K(267264K)->0K(257024K) From: 64K(512K)->64K(10752K)
[300.970s][info][gc,heap        ] GC(726) ParOldGen: 388962K(525824K)->388970K(525824K)
[300.970s][info][gc,metaspace   ] GC(726) Metaspace: 35283K(35968K)->35283K(35968K) NonClass: 26075K(26560K)->26075K(26560K) Class: 9208K(9408K)->9208K(9408K)
[300.970s][info][gc             ] GC(726) Pause Young (Allocation Failure) 640M->379M(775M) 1.518ms
[300.970s][info][gc,cpu         ] GC(726) User=0.00s Sys=0.00s Real=0.00s
[302.050s][info][gc,start       ] GC(727) Pause Young (Allocation Failure)
[302.052s][info][gc,heap        ] GC(727) PSYoungGen: 257088K(267776K)->64K(247296K) Eden: 257024K(257024K)->0K(246784K) From: 64K(10752K)->64K(512K)
[302.052s][info][gc,heap        ] GC(727) ParOldGen: 388970K(525824K)->388978K(525824K)
[302.052s][info][gc,metaspace   ] GC(727) Metaspace: 35283K(35968K)->35283K(35968K) NonClass: 26075K(26560K)->26075K(26560K) Class: 9208K(9408K)->9208K(9408K)
[302.052s][info][gc             ] GC(727) Pause Young (Allocation Failure) 630M->379M(755M) 1.797ms
[302.052s][info][gc,cpu         ] GC(727) User=0.00s Sys=0.00s Real=0.00s
[302.447s][info][gc,start       ] GC(728) Pause Young (Allocation Failure)
[302.449s][info][gc,heap        ] GC(728) PSYoungGen: 246848K(247296K)->64K(246272K) Eden: 246784K(246784K)->0K(237056K) From: 64K(512K)->64K(9216K)
[302.449s][info][gc,heap        ] GC(728) ParOldGen: 388978K(525824K)->388994K(525824K)
[302.449s][info][gc,metaspace   ] GC(728) Metaspace: 35283K(35968K)->35283K(35968K) NonClass: 26075K(26560K)->26075K(26560K) Class: 9208K(9408K)->9208K(9408K)
[302.449s][info][gc             ] GC(728) Pause Young (Allocation Failure) 620M->379M(754M) 1.606ms
[302.449s][info][gc,cpu         ] GC(728) User=0.00s Sys=0.00s Real=0.00s
[302.610s][info][gc,start       ] GC(729) Pause Young (Allocation Failure)
[302.613s][info][gc,heap        ] GC(729) PSYoungGen: 237120K(246272K)->64K(228352K) Eden: 237056K(237056K)->0K(227840K) From: 64K(9216K)->64K(512K)
[302.613s][info][gc,heap        ] GC(729) ParOldGen: 388994K(525824K)->389002K(525824K)
[302.613s][info][gc,metaspace   ] GC(729) Metaspace: 35283K(35968K)->35283K(35968K) NonClass: 26075K(26560K)->26075K(26560K) Class: 9208K(9408K)->9208K(9408K)
[302.613s][info][gc             ] GC(729) Pause Young (Allocation Failure) 611M->379M(736M) 2.457ms
[302.613s][info][gc,cpu         ] GC(729) User=0.00s Sys=0.00s Real=0.00s
[302.802s][info][gc,start       ] GC(730) Pause Young (Allocation Failure)
[302.803s][info][gc,heap        ] GC(730) PSYoungGen: 227904K(228352K)->64K(227328K) Eden: 227840K(227840K)->0K(219136K) From: 64K(512K)->64K(8192K)
[302.803s][info][gc,heap        ] GC(730) ParOldGen: 389002K(525824K)->389010K(525824K)
[302.803s][info][gc,metaspace   ] GC(730) Metaspace: 35283K(35968K)->35283K(35968K) NonClass: 26075K(26560K)->26075K(26560K) Class: 9208K(9408K)->9208K(9408K)
[302.803s][info][gc             ] GC(730) Pause Young (Allocation Failure) 602M->379M(735M) 1.686ms
[302.803s][info][gc,cpu         ] GC(730) User=0.00s Sys=0.00s Real=0.01s
[303.356s][info][gc,start       ] GC(731) Pause Young (Allocation Failure)
[303.359s][info][gc,heap        ] GC(731) PSYoungGen: 219200K(227328K)->64K(211456K) Eden: 219136K(219136K)->0K(210944K) From: 64K(8192K)->64K(512K)
[303.359s][info][gc,heap        ] GC(731) ParOldGen: 389010K(525824K)->389018K(525824K)
[303.359s][info][gc,metaspace   ] GC(731) Metaspace: 35283K(35968K)->35283K(35968K) NonClass: 26075K(26560K)->26075K(26560K) Class: 9208K(9408K)->9208K(9408K)
[303.359s][info][gc             ] GC(731) Pause Young (Allocation Failure) 593M->379M(720M) 2.415ms
[303.359s][info][gc,cpu         ] GC(731) User=0.01s Sys=0.00s Real=0.00s
[303.584s][info][gc,start       ] GC(732) Pause Young (Allocation Failure)
[303.586s][info][gc,heap        ] GC(732) PSYoungGen: 211008K(211456K)->64K(210432K) Eden: 210944K(210944K)->0K(203264K) From: 64K(512K)->64K(7168K)
[303.586s][info][gc,heap        ] GC(732) ParOldGen: 389018K(525824K)->389026K(525824K)
[303.586s][info][gc,metaspace   ] GC(732) Metaspace: 35283K(35968K)->35283K(35968K) NonClass: 26075K(26560K)->26075K(26560K) Class: 9208K(9408K)->9208K(9408K)
[303.586s][info][gc             ] GC(732) Pause Young (Allocation Failure) 585M->379M(719M) 1.442ms
[303.586s][info][gc,cpu         ] GC(732) User=0.00s Sys=0.00s Real=0.00s
[303.920s][info][gc,start       ] GC(733) Pause Young (Allocation Failure)
[303.948s][info][gc,heap        ] GC(733) PSYoungGen: 203328K(210432K)->6656K(250880K) Eden: 203264K(203264K)->0K(244224K) From: 64K(7168K)->6656K(6656K)
[303.948s][info][gc,heap        ] GC(733) ParOldGen: 389026K(525824K)->397106K(525824K)
[303.948s][info][gc,metaspace   ] GC(733) Metaspace: 35283K(35968K)->35283K(35968K) NonClass: 26075K(26560K)->26075K(26560K) Class: 9208K(9408K)->9208K(9408K)
[303.948s][info][gc             ] GC(733) Pause Young (Allocation Failure) 578M->394M(758M) 28.258ms
[303.948s][info][gc,cpu         ] GC(733) User=0.05s Sys=0.00s Real=0.03s
[304.278s][info][gc,start       ] GC(734) Pause Young (Allocation Failure)
[304.326s][info][gc,heap        ] GC(734) PSYoungGen: 250880K(250880K)->11264K(271872K) Eden: 244224K(244224K)->0K(260608K) From: 6656K(6656K)->11264K(11264K)
[304.326s][info][gc,heap        ] GC(734) ParOldGen: 397106K(525824K)->413778K(525824K)
[304.326s][info][gc,metaspace   ] GC(734) Metaspace: 35283K(35968K)->35283K(35968K) NonClass: 26075K(26560K)->26075K(26560K) Class: 9208K(9408K)->9208K(9408K)
[304.326s][info][gc             ] GC(734) Pause Young (Allocation Failure) 632M->415M(779M) 48.441ms
[304.326s][info][gc,cpu         ] GC(734) User=0.09s Sys=0.00s Real=0.05s
[304.595s][info][gc,start       ] GC(735) Pause Young (Allocation Failure)
[304.643s][info][gc,heap        ] GC(735) PSYoungGen: 271872K(271872K)->19968K(304640K) Eden: 260608K(260608K)->0K(284672K) From: 11264K(11264K)->19968K(19968K)
[304.644s][info][gc,heap        ] GC(735) ParOldGen: 413778K(525824K)->414442K(525824K)
[304.644s][info][gc,metaspace   ] GC(735) Metaspace: 35283K(35968K)->35283K(35968K) NonClass: 26075K(26560K)->26075K(26560K) Class: 9208K(9408K)->9208K(9408K)
[304.644s][info][gc             ] GC(735) Pause Young (Allocation Failure) 669M->424M(811M) 48.995ms
[304.644s][info][gc,cpu         ] GC(735) User=0.08s Sys=0.01s Real=0.05s
[304.882s][info][gc,start       ] GC(736) Pause Young (Allocation Failure)
[304.884s][info][gc,heap        ] GC(736) PSYoungGen: 304640K(304640K)->64K(309248K) Eden: 284672K(284672K)->0K(284672K) From: 19968K(19968K)->64K(24576K)
[304.884s][info][gc,heap        ] GC(736) ParOldGen: 414442K(525824K)->414458K(525824K)
[304.884s][info][gc,metaspace   ] GC(736) Metaspace: 35283K(35968K)->35283K(35968K) NonClass: 26075K(26560K)->26075K(26560K) Class: 9208K(9408K)->9208K(9408K)
[304.884s][info][gc             ] GC(736) Pause Young (Allocation Failure) 702M->404M(815M) 1.687ms
[304.884s][info][gc,cpu         ] GC(736) User=0.00s Sys=0.00s Real=0.01s
[305.621s][info][gc,start       ] GC(737) Pause Young (Allocation Failure)
[305.623s][info][gc,heap        ] GC(737) PSYoungGen: 284736K(309248K)->64K(307200K) Eden: 284672K(284672K)->0K(285696K) From: 64K(24576K)->64K(21504K)
[305.623s][info][gc,heap        ] GC(737) ParOldGen: 414458K(525824K)->414466K(525824K)
[305.623s][info][gc,metaspace   ] GC(737) Metaspace: 35283K(35968K)->35283K(35968K) NonClass: 26075K(26560K)->26075K(26560K) Class: 9208K(9408K)->9208K(9408K)
[305.623s][info][gc             ] GC(737) Pause Young (Allocation Failure) 682M->404M(813M) 1.838ms
[305.623s][info][gc,cpu         ] GC(737) User=0.00s Sys=0.00s Real=0.01s
[306.144s][info][gc,start       ] GC(738) Pause Young (Allocation Failure)
[306.146s][info][gc,heap        ] GC(738) PSYoungGen: 285760K(307200K)->64K(308736K) Eden: 285696K(285696K)->0K(285696K) From: 64K(21504K)->64K(23040K)
[306.146s][info][gc,heap        ] GC(738) ParOldGen: 414466K(525824K)->414482K(525824K)
[306.146s][info][gc,metaspace   ] GC(738) Metaspace: 35283K(35968K)->35283K(35968K) NonClass: 26075K(26560K)->26075K(26560K) Class: 9208K(9408K)->9208K(9408K)
[306.146s][info][gc             ] GC(738) Pause Young (Allocation Failure) 683M->404M(815M) 1.602ms
[306.146s][info][gc,cpu         ] GC(738) User=0.00s Sys=0.00s Real=0.00s
[306.406s][info][gc,start       ] GC(739) Pause Young (Allocation Failure)
[306.408s][info][gc,heap        ] GC(739) PSYoungGen: 285760K(308736K)->64K(308224K) Eden: 285696K(285696K)->0K(288768K) From: 64K(23040K)->64K(19456K)
[306.408s][info][gc,heap        ] GC(739) ParOldGen: 414482K(525824K)->414498K(525824K)
[306.408s][info][gc,metaspace   ] GC(739) Metaspace: 35283K(35968K)->35283K(35968K) NonClass: 26075K(26560K)->26075K(26560K) Class: 9208K(9408K)->9208K(9408K)
[306.408s][info][gc             ] GC(739) Pause Young (Allocation Failure) 683M->404M(814M) 1.641ms
[306.408s][info][gc,cpu         ] GC(739) User=0.00s Sys=0.00s Real=0.00s
[306.680s][info][gc,start       ] GC(740) Pause Young (Allocation Failure)
[306.682s][info][gc,heap        ] GC(740) PSYoungGen: 288832K(308224K)->64K(309760K) Eden: 288768K(288768K)->0K(288768K) From: 64K(19456K)->64K(20992K)
[306.682s][info][gc,heap        ] GC(740) ParOldGen: 414498K(525824K)->414498K(525824K)
[306.682s][info][gc,metaspace   ] GC(740) Metaspace: 35283K(35968K)->35283K(35968K) NonClass: 26075K(26560K)->26075K(26560K) Class: 9208K(9408K)->9208K(9408K)
[306.682s][info][gc             ] GC(740) Pause Young (Allocation Failure) 686M->404M(816M) 1.617ms
[306.682s][info][gc,cpu         ] GC(740) User=0.01s Sys=0.00s Real=0.00s
[307.058s][info][gc,start       ] GC(741) Pause Young (Allocation Failure)
[307.060s][info][gc,heap        ] GC(741) PSYoungGen: 288832K(309760K)->64K(310272K) Eden: 288768K(288768K)->0K(292864K) From: 64K(20992K)->64K(17408K)
[307.060s][info][gc,heap        ] GC(741) ParOldGen: 414498K(525824K)->414498K(525824K)
[307.060s][info][gc,metaspace   ] GC(741) Metaspace: 35283K(35968K)->35283K(35968K) NonClass: 26075K(26560K)->26075K(26560K) Class: 9208K(9408K)->9208K(9408K)
[307.060s][info][gc             ] GC(741) Pause Young (Allocation Failure) 686M->404M(816M) 1.530ms
[307.060s][info][gc,cpu         ] GC(741) User=0.00s Sys=0.00s Real=0.00s
[307.114s][info][gc,start       ] GC(742) Pause Young (Allocation Failure)
[307.115s][info][gc,heap        ] GC(742) PSYoungGen: 292928K(310272K)->64K(311808K) Eden: 292864K(292864K)->0K(292864K) From: 64K(17408K)->64K(18944K)
[307.115s][info][gc,heap        ] GC(742) ParOldGen: 414498K(525824K)->414514K(525824K)
[307.115s][info][gc,metaspace   ] GC(742) Metaspace: 35283K(35968K)->35283K(35968K) NonClass: 26075K(26560K)->26075K(26560K) Class: 9208K(9408K)->9208K(9408K)
[307.115s][info][gc             ] GC(742) Pause Young (Allocation Failure) 690M->404M(818M) 1.588ms
[307.115s][info][gc,cpu         ] GC(742) User=0.01s Sys=0.00s Real=0.00s
[307.168s][info][gc,start       ] GC(743) Pause Young (Allocation Failure)
[307.170s][info][gc,heap        ] GC(743) PSYoungGen: 292928K(311808K)->64K(312320K) Eden: 292864K(292864K)->0K(296960K) From: 64K(18944K)->64K(15360K)
[307.170s][info][gc,heap        ] GC(743) ParOldGen: 414514K(525824K)->414514K(525824K)
[307.170s][info][gc,metaspace   ] GC(743) Metaspace: 35283K(35968K)->35283K(35968K) NonClass: 26075K(26560K)->26075K(26560K) Class: 9208K(9408K)->9208K(9408K)
[307.170s][info][gc             ] GC(743) Pause Young (Allocation Failure) 690M->404M(818M) 1.588ms
[307.170s][info][gc,cpu         ] GC(743) User=0.00s Sys=0.00s Real=0.00s
[307.492s][info][gc,start       ] GC(744) Pause Young (Allocation Failure)
[307.494s][info][gc,heap        ] GC(744) PSYoungGen: 297024K(312320K)->64K(313856K) Eden: 296960K(296960K)->0K(296960K) From: 64K(15360K)->64K(16896K)
[307.494s][info][gc,heap        ] GC(744) ParOldGen: 414514K(525824K)->414514K(525824K)
[307.494s][info][gc,metaspace   ] GC(744) Metaspace: 35283K(35968K)->35283K(35968K) NonClass: 26075K(26560K)->26075K(26560K) Class: 9208K(9408K)->9208K(9408K)
[307.494s][info][gc             ] GC(744) Pause Young (Allocation Failure) 694M->404M(820M) 1.542ms
[307.494s][info][gc,cpu         ] GC(744) User=0.00s Sys=0.00s Real=0.01s
[307.778s][info][gc,start       ] GC(745) Pause Young (Allocation Failure)
[307.781s][info][gc,heap        ] GC(745) PSYoungGen: 297024K(313856K)->32K(315392K) Eden: 296960K(296960K)->0K(301056K) From: 64K(16896K)->32K(14336K)
[307.781s][info][gc,heap        ] GC(745) ParOldGen: 414514K(525824K)->414530K(525824K)
[307.781s][info][gc,metaspace   ] GC(745) Metaspace: 35283K(35968K)->35283K(35968K) NonClass: 26075K(26560K)->26075K(26560K) Class: 9208K(9408K)->9208K(9408K)
[307.781s][info][gc             ] GC(745) Pause Young (Allocation Failure) 694M->404M(821M) 2.921ms
[307.781s][info][gc,cpu         ] GC(745) User=0.00s Sys=0.00s Real=0.00s
[307.888s][info][gc,start       ] GC(746) Pause Young (Allocation Failure)
[307.891s][info][gc,heap        ] GC(746) PSYoungGen: 301088K(315392K)->64K(316416K) Eden: 301056K(301056K)->0K(301056K) From: 32K(14336K)->64K(15360K)
[307.891s][info][gc,heap        ] GC(746) ParOldGen: 414530K(525824K)->414546K(525824K)
[307.891s][info][gc,metaspace   ] GC(746) Metaspace: 35283K(35968K)->35283K(35968K) NonClass: 26075K(26560K)->26075K(26560K) Class: 9208K(9408K)->9208K(9408K)
[307.891s][info][gc             ] GC(746) Pause Young (Allocation Failure) 698M->404M(822M) 2.959ms
[307.891s][info][gc,cpu         ] GC(746) User=0.01s Sys=0.00s Real=0.00s
[308.046s][info][gc,start       ] GC(747) Pause Young (Allocation Failure)
[308.047s][info][gc,heap        ] GC(747) PSYoungGen: 301120K(316416K)->64K(316416K) Eden: 301056K(301056K)->0K(304128K) From: 64K(15360K)->64K(12288K)
[308.047s][info][gc,heap        ] GC(747) ParOldGen: 414546K(525824K)->414554K(525824K)
[308.047s][info][gc,metaspace   ] GC(747) Metaspace: 35283K(35968K)->35283K(35968K) NonClass: 26075K(26560K)->26075K(26560K) Class: 9208K(9408K)->9208K(9408K)
[308.047s][info][gc             ] GC(747) Pause Young (Allocation Failure) 698M->404M(822M) 1.587ms
[308.048s][info][gc,cpu         ] GC(747) User=0.00s Sys=0.00s Real=0.00s
[308.501s][info][gc,start       ] GC(748) Pause Young (Allocation Failure)
[308.503s][info][gc,heap        ] GC(748) PSYoungGen: 304192K(316416K)->64K(317440K) Eden: 304128K(304128K)->0K(304128K) From: 64K(12288K)->64K(13312K)
[308.503s][info][gc,heap        ] GC(748) ParOldGen: 414554K(525824K)->414562K(525824K)
[308.503s][info][gc,metaspace   ] GC(748) Metaspace: 35283K(35968K)->35283K(35968K) NonClass: 26075K(26560K)->26075K(26560K) Class: 9208K(9408K)->9208K(9408K)
[308.503s][info][gc             ] GC(748) Pause Young (Allocation Failure) 701M->404M(823M) 1.543ms
[308.503s][info][gc,cpu         ] GC(748) User=0.00s Sys=0.00s Real=0.00s
[309.624s][info][gc,start       ] GC(749) Pause Young (Allocation Failure)
[309.626s][info][gc,heap        ] GC(749) PSYoungGen: 304192K(317440K)->64K(292352K) Eden: 304128K(304128K)->0K(291840K) From: 64K(13312K)->64K(512K)
[309.627s][info][gc,heap        ] GC(749) ParOldGen: 414562K(525824K)->414570K(525824K)
[309.627s][info][gc,metaspace   ] GC(749) Metaspace: 35283K(35968K)->35283K(35968K) NonClass: 26075K(26560K)->26075K(26560K) Class: 9208K(9408K)->9208K(9408K)
[309.627s][info][gc             ] GC(749) Pause Young (Allocation Failure) 701M->404M(799M) 2.243ms
[309.627s][info][gc,cpu         ] GC(749) User=0.00s Sys=0.00s Real=0.00s
[310.287s][info][gc,start       ] GC(750) Pause Young (Allocation Failure)
[310.288s][info][gc,heap        ] GC(750) PSYoungGen: 291904K(292352K)->64K(291840K) Eden: 291840K(291840K)->0K(280064K) From: 64K(512K)->64K(11776K)
[310.288s][info][gc,heap        ] GC(750) ParOldGen: 414570K(525824K)->414578K(525824K)
[310.288s][info][gc,metaspace   ] GC(750) Metaspace: 35283K(35968K)->35283K(35968K) NonClass: 26075K(26560K)->26075K(26560K) Class: 9208K(9408K)->9208K(9408K)
[310.288s][info][gc             ] GC(750) Pause Young (Allocation Failure) 689M->404M(798M) 1.533ms
[310.289s][info][gc,cpu         ] GC(750) User=0.00s Sys=0.00s Real=0.00s
[310.860s][info][gc,start       ] GC(751) Pause Young (Allocation Failure)
[310.863s][info][gc,heap        ] GC(751) PSYoungGen: 280128K(291840K)->32K(269312K) Eden: 280064K(280064K)->0K(268800K) From: 64K(11776K)->32K(512K)
[310.863s][info][gc,heap        ] GC(751) ParOldGen: 414578K(525824K)->414586K(525824K)
[310.863s][info][gc,metaspace   ] GC(751) Metaspace: 35283K(35968K)->35283K(35968K) NonClass: 26075K(26560K)->26075K(26560K) Class: 9208K(9408K)->9208K(9408K)
[310.863s][info][gc             ] GC(751) Pause Young (Allocation Failure) 678M->404M(776M) 2.791ms
[310.863s][info][gc,cpu         ] GC(751) User=0.00s Sys=0.00s Real=0.01s
[311.901s][info][gc,start       ] GC(752) Pause Young (Allocation Failure)
[311.903s][info][gc,heap        ] GC(752) PSYoungGen: 268832K(269312K)->32K(268288K) Eden: 268800K(268800K)->0K(258048K) From: 32K(512K)->32K(10240K)
[311.903s][info][gc,heap        ] GC(752) ParOldGen: 414586K(525824K)->414594K(525824K)
[311.903s][info][gc,metaspace   ] GC(752) Metaspace: 35283K(35968K)->35283K(35968K) NonClass: 26075K(26560K)->26075K(26560K) Class: 9208K(9408K)->9208K(9408K)
[311.903s][info][gc             ] GC(752) Pause Young (Allocation Failure) 667M->404M(775M) 2.000ms
[311.903s][info][gc,cpu         ] GC(752) User=0.00s Sys=0.00s Real=0.01s
[312.319s][info][gc,start       ] GC(753) Pause Young (Allocation Failure)
[312.321s][info][gc,heap        ] GC(753) PSYoungGen: 258080K(268288K)->32K(248320K) Eden: 258048K(258048K)->0K(247808K) From: 32K(10240K)->32K(512K)
[312.321s][info][gc,heap        ] GC(753) ParOldGen: 414594K(525824K)->414602K(525824K)
[312.321s][info][gc,metaspace   ] GC(753) Metaspace: 35283K(35968K)->35283K(35968K) NonClass: 26075K(26560K)->26075K(26560K) Class: 9208K(9408K)->9208K(9408K)
[312.321s][info][gc             ] GC(753) Pause Young (Allocation Failure) 656M->404M(756M) 2.405ms
[312.321s][info][gc,cpu         ] GC(753) User=0.00s Sys=0.00s Real=0.00s
[312.394s][info][gc,start       ] GC(754) Pause Young (Allocation Failure)
[312.397s][info][gc,heap        ] GC(754) PSYoungGen: 247840K(248320K)->64K(293376K) Eden: 247808K(247808K)->0K(284672K) From: 32K(512K)->64K(8704K)
[312.397s][info][gc,heap        ] GC(754) ParOldGen: 414602K(525824K)->414618K(525824K)
[312.397s][info][gc,metaspace   ] GC(754) Metaspace: 35283K(35968K)->35283K(35968K) NonClass: 26075K(26560K)->26075K(26560K) Class: 9208K(9408K)->9208K(9408K)
[312.397s][info][gc             ] GC(754) Pause Young (Allocation Failure) 646M->404M(800M) 2.533ms
[312.397s][info][gc,cpu         ] GC(754) User=0.01s Sys=0.00s Real=0.00s
[313.034s][info][gc,start       ] GC(755) Pause Young (Allocation Failure)
[313.037s][info][gc,heap        ] GC(755) PSYoungGen: 284736K(293376K)->32K(273920K) Eden: 284672K(284672K)->0K(273408K) From: 64K(8704K)->32K(512K)
[313.037s][info][gc,heap        ] GC(755) ParOldGen: 414618K(525824K)->414626K(525824K)
[313.037s][info][gc,metaspace   ] GC(755) Metaspace: 35283K(35968K)->35283K(35968K) NonClass: 26075K(26560K)->26075K(26560K) Class: 9208K(9408K)->9208K(9408K)
[313.037s][info][gc             ] GC(755) Pause Young (Allocation Failure) 682M->404M(781M) 2.947ms
[313.037s][info][gc,cpu         ] GC(755) User=0.00s Sys=0.00s Real=0.00s
[313.354s][info][gc,start       ] GC(756) Pause Young (Allocation Failure)
[313.357s][info][gc,heap        ] GC(756) PSYoungGen: 273440K(273920K)->32K(270336K) Eden: 273408K(273408K)->0K(262656K) From: 32K(512K)->32K(7680K)
[313.357s][info][gc,heap        ] GC(756) ParOldGen: 414626K(525824K)->414634K(525824K)
[313.357s][info][gc,metaspace   ] GC(756) Metaspace: 35283K(35968K)->35283K(35968K) NonClass: 26075K(26560K)->26075K(26560K) Class: 9208K(9408K)->9208K(9408K)
[313.357s][info][gc             ] GC(756) Pause Young (Allocation Failure) 671M->404M(777M) 2.649ms
[313.357s][info][gc,cpu         ] GC(756) User=0.00s Sys=0.00s Real=0.00s
[313.766s][info][gc,start       ] GC(757) Pause Young (Allocation Failure)
[313.806s][info][gc,heap        ] GC(757) PSYoungGen: 262688K(270336K)->7168K(291840K) Eden: 262656K(262656K)->0K(284672K) From: 32K(7680K)->7168K(7168K)
[313.806s][info][gc,heap        ] GC(757) ParOldGen: 414634K(525824K)->429522K(525824K)
[313.806s][info][gc,metaspace   ] GC(757) Metaspace: 35283K(35968K)->35283K(35968K) NonClass: 26075K(26560K)->26075K(26560K) Class: 9208K(9408K)->9208K(9408K)
[313.806s][info][gc             ] GC(757) Pause Young (Allocation Failure) 661M->426M(798M) 40.250ms
[313.806s][info][gc,cpu         ] GC(757) User=0.07s Sys=0.01s Real=0.04s
[314.183s][info][gc,start       ] GC(758) Pause Young (Allocation Failure)
[314.240s][info][gc,heap        ] GC(758) PSYoungGen: 291840K(291840K)->14336K(299008K) Eden: 284672K(284672K)->0K(284672K) From: 7168K(7168K)->14336K(14336K)
[314.240s][info][gc,heap        ] GC(758) ParOldGen: 429522K(525824K)->447882K(525824K)
[314.240s][info][gc,metaspace   ] GC(758) Metaspace: 35283K(35968K)->35283K(35968K) NonClass: 26075K(26560K)->26075K(26560K) Class: 9208K(9408K)->9208K(9408K)
[314.240s][info][gc             ] GC(758) Pause Young (Allocation Failure) 704M->451M(805M) 57.109ms
[314.240s][info][gc,cpu         ] GC(758) User=0.11s Sys=0.00s Real=0.06s
[314.402s][info][gc,start       ] GC(759) Pause Young (Allocation Failure)
[314.428s][info][gc,heap        ] GC(759) PSYoungGen: 299008K(299008K)->8320K(310272K) Eden: 284672K(284672K)->0K(285696K) From: 14336K(14336K)->8320K(24576K)
[314.428s][info][gc,heap        ] GC(759) ParOldGen: 447882K(525824K)->448378K(525824K)
[314.428s][info][gc,metaspace   ] GC(759) Metaspace: 35283K(35968K)->35283K(35968K) NonClass: 26075K(26560K)->26075K(26560K) Class: 9208K(9408K)->9208K(9408K)
[314.428s][info][gc             ] GC(759) Pause Young (Allocation Failure) 729M->445M(816M) 26.408ms
[314.428s][info][gc,cpu         ] GC(759) User=0.05s Sys=0.00s Real=0.03s
[314.970s][info][gc,start       ] GC(760) Pause Young (Allocation Failure)
[314.971s][info][gc,heap        ] GC(760) PSYoungGen: 294016K(310272K)->64K(286208K) Eden: 285696K(285696K)->0K(285696K) From: 8320K(24576K)->64K(512K)
[314.971s][info][gc,heap        ] GC(760) ParOldGen: 448378K(525824K)->448386K(525824K)
[314.971s][info][gc,metaspace   ] GC(760) Metaspace: 35283K(35968K)->35283K(35968K) NonClass: 26075K(26560K)->26075K(26560K) Class: 9208K(9408K)->9208K(9408K)
[314.971s][info][gc             ] GC(760) Pause Young (Allocation Failure) 724M->437M(793M) 1.791ms
[314.971s][info][gc,cpu         ] GC(760) User=0.01s Sys=0.00s Real=0.00s
[315.514s][info][gc,start       ] GC(761) Pause Young (Allocation Failure)
[315.517s][info][gc,heap        ] GC(761) PSYoungGen: 285760K(286208K)->64K(309760K) Eden: 285696K(285696K)->0K(286720K) From: 64K(512K)->64K(23040K)
[315.517s][info][gc,heap        ] GC(761) ParOldGen: 448386K(525824K)->448394K(525824K)
[315.517s][info][gc,metaspace   ] GC(761) Metaspace: 35283K(35968K)->35283K(35968K) NonClass: 26075K(26560K)->26075K(26560K) Class: 9208K(9408K)->9208K(9408K)
[315.517s][info][gc             ] GC(761) Pause Young (Allocation Failure) 716M->437M(816M) 2.248ms
[315.517s][info][gc,cpu         ] GC(761) User=0.00s Sys=0.00s Real=0.00s
[316.012s][info][gc,start       ] GC(762) Pause Young (Allocation Failure)
[316.013s][info][gc,heap        ] GC(762) PSYoungGen: 286784K(309760K)->64K(308736K) Eden: 286720K(286720K)->0K(286720K) From: 64K(23040K)->64K(22016K)
[316.013s][info][gc,heap        ] GC(762) ParOldGen: 448394K(525824K)->448410K(525824K)
[316.014s][info][gc,metaspace   ] GC(762) Metaspace: 35283K(35968K)->35283K(35968K) NonClass: 26075K(26560K)->26075K(26560K) Class: 9208K(9408K)->9208K(9408K)
[316.014s][info][gc             ] GC(762) Pause Young (Allocation Failure) 717M->437M(815M) 1.791ms
[316.014s][info][gc,cpu         ] GC(762) User=0.01s Sys=0.00s Real=0.01s
[316.276s][info][gc,start       ] GC(763) Pause Young (Allocation Failure)
[316.277s][info][gc,heap        ] GC(763) PSYoungGen: 286784K(308736K)->64K(310272K) Eden: 286720K(286720K)->0K(289280K) From: 64K(22016K)->64K(20992K)
[316.277s][info][gc,heap        ] GC(763) ParOldGen: 448410K(525824K)->448426K(525824K)
[316.277s][info][gc,metaspace   ] GC(763) Metaspace: 35283K(35968K)->35283K(35968K) NonClass: 26075K(26560K)->26075K(26560K) Class: 9208K(9408K)->9208K(9408K)
[316.277s][info][gc             ] GC(763) Pause Young (Allocation Failure) 717M->437M(816M) 1.703ms
[316.277s][info][gc,cpu         ] GC(763) User=0.00s Sys=0.00s Real=0.00s
[316.655s][info][gc,start       ] GC(764) Pause Young (Allocation Failure)
[316.657s][info][gc,heap        ] GC(764) PSYoungGen: 289344K(310272K)->64K(309760K) Eden: 289280K(289280K)->0K(289280K) From: 64K(20992K)->64K(20480K)
[316.657s][info][gc,heap        ] GC(764) ParOldGen: 448426K(525824K)->448426K(525824K)
[316.657s][info][gc,metaspace   ] GC(764) Metaspace: 35283K(35968K)->35283K(35968K) NonClass: 26075K(26560K)->26075K(26560K) Class: 9208K(9408K)->9208K(9408K)
[316.657s][info][gc             ] GC(764) Pause Young (Allocation Failure) 720M->437M(816M) 1.804ms
[316.657s][info][gc,cpu         ] GC(764) User=0.00s Sys=0.00s Real=0.00s
[316.819s][info][gc,start       ] GC(765) Pause Young (Allocation Failure)
[316.821s][info][gc,heap        ] GC(765) PSYoungGen: 289344K(309760K)->64K(312320K) Eden: 289280K(289280K)->0K(293376K) From: 64K(20480K)->64K(18944K)
[316.821s][info][gc,heap        ] GC(765) ParOldGen: 448426K(525824K)->448442K(525824K)
[316.821s][info][gc,metaspace   ] GC(765) Metaspace: 35283K(35968K)->35283K(35968K) NonClass: 26075K(26560K)->26075K(26560K) Class: 9208K(9408K)->9208K(9408K)
[316.821s][info][gc             ] GC(765) Pause Young (Allocation Failure) 720M->437M(818M) 1.762ms
[316.821s][info][gc,cpu         ] GC(765) User=0.00s Sys=0.00s Real=0.00s
[316.873s][info][gc,start       ] GC(766) Pause Young (Allocation Failure)
[316.875s][info][gc,heap        ] GC(766) PSYoungGen: 293440K(312320K)->64K(311808K) Eden: 293376K(293376K)->0K(293376K) From: 64K(18944K)->64K(18432K)
[316.875s][info][gc,heap        ] GC(766) ParOldGen: 448442K(525824K)->448458K(525824K)
[316.875s][info][gc,metaspace   ] GC(766) Metaspace: 35283K(35968K)->35283K(35968K) NonClass: 26075K(26560K)->26075K(26560K) Class: 9208K(9408K)->9208K(9408K)
[316.875s][info][gc             ] GC(766) Pause Young (Allocation Failure) 724M->438M(818M) 1.643ms
[316.875s][info][gc,cpu         ] GC(766) User=0.01s Sys=0.00s Real=0.01s
[317.035s][info][gc,start       ] GC(767) Pause Young (Allocation Failure)
[317.036s][info][gc,heap        ] GC(767) PSYoungGen: 293440K(311808K)->64K(314368K) Eden: 293376K(293376K)->0K(297472K) From: 64K(18432K)->64K(16896K)
[317.036s][info][gc,heap        ] GC(767) ParOldGen: 448458K(525824K)->448458K(525824K)
[317.036s][info][gc,metaspace   ] GC(767) Metaspace: 35283K(35968K)->35283K(35968K) NonClass: 26075K(26560K)->26075K(26560K) Class: 9208K(9408K)->9208K(9408K)
[317.036s][info][gc             ] GC(767) Pause Young (Allocation Failure) 724M->438M(820M) 1.657ms
[317.036s][info][gc,cpu         ] GC(767) User=0.00s Sys=0.00s Real=0.00s
[317.378s][info][gc,start       ] GC(768) Pause Young (Allocation Failure)
[317.381s][info][gc,heap        ] GC(768) PSYoungGen: 297536K(314368K)->64K(313856K) Eden: 297472K(297472K)->0K(297472K) From: 64K(16896K)->64K(16384K)
[317.381s][info][gc,heap        ] GC(768) ParOldGen: 448458K(525824K)->448466K(525824K)
[317.381s][info][gc,metaspace   ] GC(768) Metaspace: 35283K(35968K)->35283K(35968K) NonClass: 26075K(26560K)->26075K(26560K) Class: 9208K(9408K)->9208K(9408K)
[317.381s][info][gc             ] GC(768) Pause Young (Allocation Failure) 728M->438M(820M) 2.208ms
[317.381s][info][gc,cpu         ] GC(768) User=0.00s Sys=0.00s Real=0.00s
[317.564s][info][gc,start       ] GC(769) Pause Young (Allocation Failure)
[317.566s][info][gc,heap        ] GC(769) PSYoungGen: 297536K(313856K)->64K(316416K) Eden: 297472K(297472K)->0K(301056K) From: 64K(16384K)->64K(15360K)
[317.566s][info][gc,heap        ] GC(769) ParOldGen: 448466K(525824K)->448474K(525824K)
[317.566s][info][gc,metaspace   ] GC(769) Metaspace: 35283K(35968K)->35283K(35968K) NonClass: 26075K(26560K)->26075K(26560K) Class: 9208K(9408K)->9208K(9408K)
[317.566s][info][gc             ] GC(769) Pause Young (Allocation Failure) 728M->438M(822M) 2.121ms
[317.566s][info][gc,cpu         ] GC(769) User=0.01s Sys=0.00s Real=0.00s
[317.656s][info][gc,start       ] GC(770) Pause Young (Allocation Failure)
[317.658s][info][gc,heap        ] GC(770) PSYoungGen: 301120K(316416K)->64K(315904K) Eden: 301056K(301056K)->0K(301056K) From: 64K(15360K)->64K(14848K)
[317.658s][info][gc,heap        ] GC(770) ParOldGen: 448474K(525824K)->448482K(525824K)
[317.658s][info][gc,metaspace   ] GC(770) Metaspace: 35283K(35968K)->35283K(35968K) NonClass: 26075K(26560K)->26075K(26560K) Class: 9208K(9408K)->9208K(9408K)
[317.658s][info][gc             ] GC(770) Pause Young (Allocation Failure) 732M->438M(822M) 2.192ms
[317.658s][info][gc,cpu         ] GC(770) User=0.00s Sys=0.00s Real=0.00s
[317.867s][info][gc,start       ] GC(771) Pause Young (Allocation Failure)
[317.870s][info][gc,heap        ] GC(771) PSYoungGen: 301120K(315904K)->64K(317952K) Eden: 301056K(301056K)->0K(304640K) From: 64K(14848K)->64K(13312K)
[317.870s][info][gc,heap        ] GC(771) ParOldGen: 448482K(525824K)->448498K(525824K)
[317.870s][info][gc,metaspace   ] GC(771) Metaspace: 35283K(35968K)->35283K(35968K) NonClass: 26075K(26560K)->26075K(26560K) Class: 9208K(9408K)->9208K(9408K)
[317.870s][info][gc             ] GC(771) Pause Young (Allocation Failure) 732M->438M(824M) 2.937ms
[317.870s][info][gc,cpu         ] GC(771) User=0.00s Sys=0.00s Real=0.00s
[318.873s][info][gc,start       ] GC(772) Pause Young (Allocation Failure)
[318.876s][info][gc,heap        ] GC(772) PSYoungGen: 304704K(317952K)->64K(317440K) Eden: 304640K(304640K)->0K(304640K) From: 64K(13312K)->64K(12800K)
[318.876s][info][gc,heap        ] GC(772) ParOldGen: 448498K(525824K)->448514K(525824K)
[318.876s][info][gc,metaspace   ] GC(772) Metaspace: 35283K(35968K)->35283K(35968K) NonClass: 26075K(26560K)->26075K(26560K) Class: 9208K(9408K)->9208K(9408K)
[318.876s][info][gc             ] GC(772) Pause Young (Allocation Failure) 735M->438M(823M) 2.949ms
[318.876s][info][gc,cpu         ] GC(772) User=0.00s Sys=0.00s Real=0.01s
[319.828s][info][gc,start       ] GC(773) Pause Young (Allocation Failure)
[319.831s][info][gc,heap        ] GC(773) PSYoungGen: 304704K(317440K)->32K(292864K) Eden: 304640K(304640K)->0K(292352K) From: 64K(12800K)->32K(512K)
[319.831s][info][gc,heap        ] GC(773) ParOldGen: 448514K(525824K)->448522K(525824K)
[319.831s][info][gc,metaspace   ] GC(773) Metaspace: 35283K(35968K)->35283K(35968K) NonClass: 26075K(26560K)->26075K(26560K) Class: 9208K(9408K)->9208K(9408K)
[319.831s][info][gc             ] GC(773) Pause Young (Allocation Failure) 735M->438M(799M) 3.392ms
[319.831s][info][gc,cpu         ] GC(773) User=0.00s Sys=0.00s Real=0.00s
[320.336s][info][gc,start       ] GC(774) Pause Young (Allocation Failure)
[320.339s][info][gc,heap        ] GC(774) PSYoungGen: 292384K(292864K)->64K(291840K) Eden: 292352K(292352K)->0K(280576K) From: 32K(512K)->64K(11264K)
[320.339s][info][gc,heap        ] GC(774) ParOldGen: 448522K(525824K)->448538K(525824K)
[320.339s][info][gc,metaspace   ] GC(774) Metaspace: 35283K(35968K)->35283K(35968K) NonClass: 26075K(26560K)->26075K(26560K) Class: 9208K(9408K)->9208K(9408K)
[320.339s][info][gc             ] GC(774) Pause Young (Allocation Failure) 723M->438M(798M) 2.916ms
[320.339s][info][gc,cpu         ] GC(774) User=0.01s Sys=0.00s Real=0.00s
[321.462s][info][gc,start       ] GC(775) Pause Young (Allocation Failure)
[321.466s][info][gc,heap        ] GC(775) PSYoungGen: 280640K(291840K)->64K(269824K) Eden: 280576K(280576K)->0K(269312K) From: 64K(11264K)->64K(512K)
[321.466s][info][gc,heap        ] GC(775) ParOldGen: 448538K(525824K)->448554K(525824K)
[321.466s][info][gc,metaspace   ] GC(775) Metaspace: 35283K(35968K)->35283K(35968K) NonClass: 26075K(26560K)->26075K(26560K) Class: 9208K(9408K)->9208K(9408K)
[321.466s][info][gc             ] GC(775) Pause Young (Allocation Failure) 712M->438M(777M) 3.585ms
[321.466s][info][gc,cpu         ] GC(775) User=0.01s Sys=0.00s Real=0.01s
[321.900s][info][gc,start       ] GC(776) Pause Young (Allocation Failure)
[321.903s][info][gc,heap        ] GC(776) PSYoungGen: 269376K(269824K)->64K(268288K) Eden: 269312K(269312K)->0K(258560K) From: 64K(512K)->64K(9728K)
[321.903s][info][gc,heap        ] GC(776) ParOldGen: 448554K(525824K)->448562K(525824K)
[321.903s][info][gc,metaspace   ] GC(776) Metaspace: 35283K(35968K)->35283K(35968K) NonClass: 26075K(26560K)->26075K(26560K) Class: 9208K(9408K)->9208K(9408K)
[321.903s][info][gc             ] GC(776) Pause Young (Allocation Failure) 701M->438M(775M) 2.846ms
[321.903s][info][gc,cpu         ] GC(776) User=0.00s Sys=0.00s Real=0.00s
[322.084s][info][gc,start       ] GC(777) Pause Young (Allocation Failure)
[322.087s][info][gc,heap        ] GC(777) PSYoungGen: 258624K(268288K)->32K(248832K) Eden: 258560K(258560K)->0K(248320K) From: 64K(9728K)->32K(512K)
[322.088s][info][gc,heap        ] GC(777) ParOldGen: 448562K(525824K)->448578K(525824K)
[322.088s][info][gc,metaspace   ] GC(777) Metaspace: 35283K(35968K)->35283K(35968K) NonClass: 26075K(26560K)->26075K(26560K) Class: 9208K(9408K)->9208K(9408K)
[322.088s][info][gc             ] GC(777) Pause Young (Allocation Failure) 690M->438M(756M) 3.523ms
[322.088s][info][gc,cpu         ] GC(777) User=0.00s Sys=0.00s Real=0.00s
[322.332s][info][gc,start       ] GC(778) Pause Young (Allocation Failure)
[322.335s][info][gc,heap        ] GC(778) PSYoungGen: 248352K(248832K)->64K(247296K) Eden: 248320K(248320K)->0K(238592K) From: 32K(512K)->64K(8704K)
[322.335s][info][gc,heap        ] GC(778) ParOldGen: 448578K(525824K)->448586K(525824K)
[322.335s][info][gc,metaspace   ] GC(778) Metaspace: 35283K(35968K)->35283K(35968K) NonClass: 26075K(26560K)->26075K(26560K) Class: 9208K(9408K)->9208K(9408K)
[322.335s][info][gc             ] GC(778) Pause Young (Allocation Failure) 680M->438M(755M) 2.952ms
[322.335s][info][gc,cpu         ] GC(778) User=0.00s Sys=0.00s Real=0.01s
[322.853s][info][gc,start       ] GC(779) Pause Young (Allocation Failure)
[322.856s][info][gc,heap        ] GC(779) PSYoungGen: 238656K(247296K)->64K(229888K) Eden: 238592K(238592K)->0K(229376K) From: 64K(8704K)->64K(512K)
[322.856s][info][gc,heap        ] GC(779) ParOldGen: 448586K(525824K)->448594K(525824K)
[322.856s][info][gc,metaspace   ] GC(779) Metaspace: 35283K(35968K)->35283K(35968K) NonClass: 26075K(26560K)->26075K(26560K) Class: 9208K(9408K)->9208K(9408K)
[322.856s][info][gc             ] GC(779) Pause Young (Allocation Failure) 671M->438M(738M) 3.007ms
[322.857s][info][gc,cpu         ] GC(779) User=0.01s Sys=0.00s Real=0.00s
[323.181s][info][gc,start       ] GC(780) Pause Young (Allocation Failure)
[323.182s][info][gc,heap        ] GC(780) PSYoungGen: 229440K(229888K)->64K(228352K) Eden: 229376K(229376K)->0K(220672K) From: 64K(512K)->64K(7680K)
[323.182s][info][gc,heap        ] GC(780) ParOldGen: 448594K(525824K)->448602K(525824K)
[323.182s][info][gc,metaspace   ] GC(780) Metaspace: 35283K(35968K)->35283K(35968K) NonClass: 26075K(26560K)->26075K(26560K) Class: 9208K(9408K)->9208K(9408K)
[323.182s][info][gc             ] GC(780) Pause Young (Allocation Failure) 662M->438M(736M) 1.590ms
[323.182s][info][gc,cpu         ] GC(780) User=0.00s Sys=0.00s Real=0.00s
[323.506s][info][gc,start       ] GC(781) Pause Young (Allocation Failure)
[323.543s][info][gc,heap        ] GC(781) PSYoungGen: 220736K(228352K)->7168K(272384K) Eden: 220672K(220672K)->0K(265216K) From: 64K(7680K)->7168K(7168K)
[323.543s][info][gc,heap        ] GC(781) ParOldGen: 448602K(525824K)->464362K(525824K)
[323.544s][info][gc,metaspace   ] GC(781) Metaspace: 35283K(35968K)->35283K(35968K) NonClass: 26075K(26560K)->26075K(26560K) Class: 9208K(9408K)->9208K(9408K)
[323.544s][info][gc             ] GC(781) Pause Young (Allocation Failure) 653M->460M(779M) 37.769ms
[323.544s][info][gc,cpu         ] GC(781) User=0.08s Sys=0.00s Real=0.04s
[323.903s][info][gc,start       ] GC(782) Pause Young (Allocation Failure)
[323.958s][info][gc,heap        ] GC(782) PSYoungGen: 272384K(272384K)->14848K(280064K) Eden: 265216K(265216K)->0K(265216K) From: 7168K(7168K)->14848K(14848K)
[323.958s][info][gc,heap        ] GC(782) ParOldGen: 464362K(525824K)->480026K(525824K)
[323.958s][info][gc,metaspace   ] GC(782) Metaspace: 35283K(35968K)->35283K(35968K) NonClass: 26075K(26560K)->26075K(26560K) Class: 9208K(9408K)->9208K(9408K)
[323.958s][info][gc             ] GC(782) Pause Young (Allocation Failure) 719M->483M(787M) 54.756ms
[323.958s][info][gc,cpu         ] GC(782) User=0.11s Sys=0.00s Real=0.06s
[324.123s][info][gc,start       ] GC(783) Pause Young (Allocation Failure)
[324.149s][info][gc,heap        ] GC(783) PSYoungGen: 280064K(280064K)->9664K(310272K) Eden: 265216K(265216K)->0K(286720K) From: 14848K(14848K)->9664K(23552K)
[324.149s][info][gc,heap        ] GC(783) ParOldGen: 480026K(525824K)->480442K(525824K)
[324.149s][info][gc,metaspace   ] GC(783) Metaspace: 35283K(35968K)->35283K(35968K) NonClass: 26075K(26560K)->26075K(26560K) Class: 9208K(9408K)->9208K(9408K)
[324.149s][info][gc             ] GC(783) Pause Young (Allocation Failure) 742M->478M(816M) 26.036ms
[324.149s][info][gc,cpu         ] GC(783) User=0.04s Sys=0.01s Real=0.03s
[324.624s][info][gc,start       ] GC(784) Pause Young (Allocation Failure)
[324.626s][info][gc,heap        ] GC(784) PSYoungGen: 296384K(310272K)->64K(287232K) Eden: 286720K(286720K)->0K(286720K) From: 9664K(23552K)->64K(512K)
[324.626s][info][gc,heap        ] GC(784) ParOldGen: 480442K(525824K)->480450K(525824K)
[324.626s][info][gc,metaspace   ] GC(784) Metaspace: 35283K(35968K)->35283K(35968K) NonClass: 26075K(26560K)->26075K(26560K) Class: 9208K(9408K)->9208K(9408K)
[324.626s][info][gc             ] GC(784) Pause Young (Allocation Failure) 758M->469M(794M) 2.315ms
[324.626s][info][gc,cpu         ] GC(784) User=0.01s Sys=0.00s Real=0.00s
[325.220s][info][gc,start       ] GC(785) Pause Young (Allocation Failure)
[325.222s][info][gc,heap        ] GC(785) PSYoungGen: 286784K(287232K)->64K(309760K) Eden: 286720K(286720K)->0K(287232K) From: 64K(512K)->64K(22528K)
[325.222s][info][gc,heap        ] GC(785) ParOldGen: 480450K(525824K)->480458K(525824K)
[325.222s][info][gc,metaspace   ] GC(785) Metaspace: 35283K(35968K)->35283K(35968K) NonClass: 26075K(26560K)->26075K(26560K) Class: 9208K(9408K)->9208K(9408K)
[325.222s][info][gc             ] GC(785) Pause Young (Allocation Failure) 749M->469M(816M) 2.371ms
[325.222s][info][gc,cpu         ] GC(785) User=0.00s Sys=0.00s Real=0.00s
[325.715s][info][gc,start       ] GC(786) Pause Young (Allocation Failure)
[325.717s][info][gc,heap        ] GC(786) PSYoungGen: 287296K(309760K)->64K(309248K) Eden: 287232K(287232K)->0K(287232K) From: 64K(22528K)->64K(22016K)
[325.717s][info][gc,heap        ] GC(786) ParOldGen: 480458K(525824K)->480474K(525824K)
[325.717s][info][gc,metaspace   ] GC(786) Metaspace: 35283K(35968K)->35283K(35968K) NonClass: 26075K(26560K)->26075K(26560K) Class: 9208K(9408K)->9208K(9408K)
[325.717s][info][gc             ] GC(786) Pause Young (Allocation Failure) 749M->469M(815M) 2.436ms
[325.717s][info][gc,cpu         ] GC(786) User=0.00s Sys=0.00s Real=0.00s
[325.984s][info][gc,start       ] GC(787) Pause Young (Allocation Failure)
[325.986s][info][gc,heap        ] GC(787) PSYoungGen: 287296K(309248K)->64K(310784K) Eden: 287232K(287232K)->0K(290304K) From: 64K(22016K)->64K(20480K)
[325.986s][info][gc,heap        ] GC(787) ParOldGen: 480474K(525824K)->480490K(525824K)
[325.986s][info][gc,metaspace   ] GC(787) Metaspace: 35283K(35968K)->35283K(35968K) NonClass: 26075K(26560K)->26075K(26560K) Class: 9208K(9408K)->9208K(9408K)
[325.987s][info][gc             ] GC(787) Pause Young (Allocation Failure) 749M->469M(817M) 2.466ms
[325.987s][info][gc,cpu         ] GC(787) User=0.00s Sys=0.00s Real=0.00s
[326.252s][info][gc,start       ] GC(788) Pause Young (Allocation Failure)
[326.254s][info][gc,heap        ] GC(788) PSYoungGen: 290368K(310784K)->32K(310272K) Eden: 290304K(290304K)->0K(290304K) From: 64K(20480K)->32K(19968K)
[326.254s][info][gc,heap        ] GC(788) ParOldGen: 480490K(525824K)->480490K(525824K)
[326.254s][info][gc,metaspace   ] GC(788) Metaspace: 35283K(35968K)->35283K(35968K) NonClass: 26075K(26560K)->26075K(26560K) Class: 9208K(9408K)->9208K(9408K)
[326.254s][info][gc             ] GC(788) Pause Young (Allocation Failure) 752M->469M(816M) 2.471ms
[326.254s][info][gc,cpu         ] GC(788) User=0.00s Sys=0.00s Real=0.01s
[326.552s][info][gc,start       ] GC(789) Pause Young (Allocation Failure)
[326.554s][info][gc,heap        ] GC(789) PSYoungGen: 290336K(310272K)->64K(312832K) Eden: 290304K(290304K)->0K(294400K) From: 32K(19968K)->64K(18432K)
[326.554s][info][gc,heap        ] GC(789) ParOldGen: 480490K(525824K)->480490K(525824K)
[326.554s][info][gc,metaspace   ] GC(789) Metaspace: 35283K(35968K)->35283K(35968K) NonClass: 26075K(26560K)->26075K(26560K) Class: 9208K(9408K)->9208K(9408K)
[326.554s][info][gc             ] GC(789) Pause Young (Allocation Failure) 752M->469M(819M) 2.402ms
[326.554s][info][gc,cpu         ] GC(789) User=0.00s Sys=0.01s Real=0.01s
[326.608s][info][gc,start       ] GC(790) Pause Young (Allocation Failure)
[326.610s][info][gc,heap        ] GC(790) PSYoungGen: 294464K(312832K)->64K(312832K) Eden: 294400K(294400K)->0K(294400K) From: 64K(18432K)->64K(18432K)
[326.610s][info][gc,heap        ] GC(790) ParOldGen: 480490K(525824K)->480506K(525824K)
[326.610s][info][gc,metaspace   ] GC(790) Metaspace: 35283K(35968K)->35283K(35968K) NonClass: 26075K(26560K)->26075K(26560K) Class: 9208K(9408K)->9208K(9408K)
[326.610s][info][gc             ] GC(790) Pause Young (Allocation Failure) 756M->469M(819M) 2.211ms
[326.610s][info][gc,cpu         ] GC(790) User=0.01s Sys=0.00s Real=0.00s
[326.755s][info][gc,start       ] GC(791) Pause Young (Allocation Failure)
[326.756s][info][gc,heap        ] GC(791) PSYoungGen: 294464K(312832K)->64K(314368K) Eden: 294400K(294400K)->0K(297984K) From: 64K(18432K)->64K(16384K)
[326.756s][info][gc,heap        ] GC(791) ParOldGen: 480506K(525824K)->480506K(525824K)
[326.756s][info][gc,metaspace   ] GC(791) Metaspace: 35283K(35968K)->35283K(35968K) NonClass: 26075K(26560K)->26075K(26560K) Class: 9208K(9408K)->9208K(9408K)
[326.756s][info][gc             ] GC(791) Pause Young (Allocation Failure) 756M->469M(820M) 1.690ms
[326.757s][info][gc,cpu         ] GC(791) User=0.00s Sys=0.00s Real=0.00s
[327.106s][info][gc,start       ] GC(792) Pause Young (Allocation Failure)
[327.108s][info][gc,heap        ] GC(792) PSYoungGen: 298048K(314368K)->64K(314368K) Eden: 297984K(297984K)->0K(297984K) From: 64K(16384K)->64K(16384K)
[327.108s][info][gc,heap        ] GC(792) ParOldGen: 480506K(525824K)->480522K(525824K)
[327.108s][info][gc,metaspace   ] GC(792) Metaspace: 35283K(35968K)->35283K(35968K) NonClass: 26075K(26560K)->26075K(26560K) Class: 9208K(9408K)->9208K(9408K)
[327.108s][info][gc             ] GC(792) Pause Young (Allocation Failure) 760M->469M(820M) 1.820ms
[327.108s][info][gc,cpu         ] GC(792) User=0.00s Sys=0.00s Real=0.00s
[327.307s][info][gc,start       ] GC(793) Pause Young (Allocation Failure)
[327.308s][info][gc,heap        ] GC(793) PSYoungGen: 298048K(314368K)->64K(316928K) Eden: 297984K(297984K)->0K(301568K) From: 64K(16384K)->64K(15360K)
[327.308s][info][gc,heap        ] GC(793) ParOldGen: 480522K(525824K)->480522K(525824K)
[327.308s][info][gc,metaspace   ] GC(793) Metaspace: 35283K(35968K)->35283K(35968K) NonClass: 26075K(26560K)->26075K(26560K) Class: 9208K(9408K)->9208K(9408K)
[327.308s][info][gc             ] GC(793) Pause Young (Allocation Failure) 760M->469M(823M) 1.663ms
[327.308s][info][gc,cpu         ] GC(793) User=0.00s Sys=0.00s Real=0.00s
[327.405s][info][gc,start       ] GC(794) Pause Young (Allocation Failure)
[327.407s][info][gc,heap        ] GC(794) PSYoungGen: 301632K(316928K)->64K(316416K) Eden: 301568K(301568K)->0K(301568K) From: 64K(15360K)->64K(14848K)
[327.407s][info][gc,heap        ] GC(794) ParOldGen: 480522K(525824K)->480538K(525824K)
[327.407s][info][gc,metaspace   ] GC(794) Metaspace: 35283K(35968K)->35283K(35968K) NonClass: 26075K(26560K)->26075K(26560K) Class: 9208K(9408K)->9208K(9408K)
[327.407s][info][gc             ] GC(794) Pause Young (Allocation Failure) 763M->469M(822M) 2.422ms
[327.407s][info][gc,cpu         ] GC(794) User=0.00s Sys=0.00s Real=0.00s
[327.624s][info][gc,start       ] GC(795) Pause Young (Allocation Failure)
[327.626s][info][gc,heap        ] GC(795) PSYoungGen: 301632K(316416K)->64K(317952K) Eden: 301568K(301568K)->0K(304640K) From: 64K(14848K)->64K(13312K)
[327.626s][info][gc,heap        ] GC(795) ParOldGen: 480538K(525824K)->480538K(525824K)
[327.626s][info][gc,metaspace   ] GC(795) Metaspace: 35283K(35968K)->35283K(35968K) NonClass: 26075K(26560K)->26075K(26560K) Class: 9208K(9408K)->9208K(9408K)
[327.626s][info][gc             ] GC(795) Pause Young (Allocation Failure) 763M->469M(824M) 1.930ms
[327.626s][info][gc,cpu         ] GC(795) User=0.01s Sys=0.00s Real=0.00s
[328.668s][info][gc,start       ] GC(796) Pause Young (Allocation Failure)
[328.670s][info][gc,heap        ] GC(796) PSYoungGen: 304704K(317952K)->64K(317440K) Eden: 304640K(304640K)->0K(304640K) From: 64K(13312K)->64K(12800K)
[328.670s][info][gc,heap        ] GC(796) ParOldGen: 480538K(525824K)->480546K(525824K)
[328.670s][info][gc,metaspace   ] GC(796) Metaspace: 35283K(35968K)->35283K(35968K) NonClass: 26075K(26560K)->26075K(26560K) Class: 9208K(9408K)->9208K(9408K)
[328.670s][info][gc             ] GC(796) Pause Young (Allocation Failure) 766M->469M(823M) 1.677ms
[328.670s][info][gc,cpu         ] GC(796) User=0.00s Sys=0.00s Real=0.00s
[329.596s][info][gc,start       ] GC(797) Pause Young (Allocation Failure)
[329.597s][info][gc,heap        ] GC(797) PSYoungGen: 304704K(317440K)->64K(292864K) Eden: 304640K(304640K)->0K(292352K) From: 64K(12800K)->64K(512K)
[329.597s][info][gc,heap        ] GC(797) ParOldGen: 480546K(525824K)->480554K(525824K)
[329.597s][info][gc,metaspace   ] GC(797) Metaspace: 35283K(35968K)->35283K(35968K) NonClass: 26075K(26560K)->26075K(26560K) Class: 9208K(9408K)->9208K(9408K)
[329.597s][info][gc             ] GC(797) Pause Young (Allocation Failure) 766M->469M(799M) 1.705ms
[329.597s][info][gc,cpu         ] GC(797) User=0.00s Sys=0.00s Real=0.00s
[330.072s][info][gc,start       ] GC(798) Pause Young (Allocation Failure)
[330.074s][info][gc,heap        ] GC(798) PSYoungGen: 292416K(292864K)->64K(291840K) Eden: 292352K(292352K)->0K(280576K) From: 64K(512K)->64K(11264K)
[330.074s][info][gc,heap        ] GC(798) ParOldGen: 480554K(525824K)->480562K(525824K)
[330.074s][info][gc,metaspace   ] GC(798) Metaspace: 35283K(35968K)->35283K(35968K) NonClass: 26075K(26560K)->26075K(26560K) Class: 9208K(9408K)->9208K(9408K)
[330.074s][info][gc             ] GC(798) Pause Young (Allocation Failure) 754M->469M(798M) 1.647ms
[330.074s][info][gc,cpu         ] GC(798) User=0.00s Sys=0.00s Real=0.01s
[331.229s][info][gc,start       ] GC(799) Pause Young (Allocation Failure)
[331.231s][info][gc,heap        ] GC(799) PSYoungGen: 280640K(291840K)->64K(269824K) Eden: 280576K(280576K)->0K(269312K) From: 64K(11264K)->64K(512K)
[331.231s][info][gc,heap        ] GC(799) ParOldGen: 480562K(525824K)->480570K(525824K)
[331.231s][info][gc,metaspace   ] GC(799) Metaspace: 35283K(35968K)->35283K(35968K) NonClass: 26075K(26560K)->26075K(26560K) Class: 9208K(9408K)->9208K(9408K)
[331.231s][info][gc             ] GC(799) Pause Young (Allocation Failure) 743M->469M(777M) 2.526ms
[331.231s][info][gc,cpu         ] GC(799) User=0.01s Sys=0.01s Real=0.00s
[331.669s][info][gc,start       ] GC(800) Pause Young (Allocation Failure)
[331.671s][info][gc,heap        ] GC(800) PSYoungGen: 269376K(269824K)->64K(268288K) Eden: 269312K(269312K)->0K(258560K) From: 64K(512K)->64K(9728K)
[331.671s][info][gc,heap        ] GC(800) ParOldGen: 480570K(525824K)->480578K(525824K)
[331.671s][info][gc,metaspace   ] GC(800) Metaspace: 35283K(35968K)->35283K(35968K) NonClass: 26075K(26560K)->26075K(26560K) Class: 9208K(9408K)->9208K(9408K)
[331.671s][info][gc             ] GC(800) Pause Young (Allocation Failure) 732M->469M(775M) 2.084ms
[331.671s][info][gc,cpu         ] GC(800) User=0.01s Sys=0.00s Real=0.00s
[331.862s][info][gc,start       ] GC(801) Pause Young (Allocation Failure)
[331.864s][info][gc,heap        ] GC(801) PSYoungGen: 258624K(268288K)->64K(248832K) Eden: 258560K(258560K)->0K(248320K) From: 64K(9728K)->64K(512K)
[331.864s][info][gc,heap        ] GC(801) ParOldGen: 480578K(525824K)->480586K(525824K)
[331.864s][info][gc,metaspace   ] GC(801) Metaspace: 35283K(35968K)->35283K(35968K) NonClass: 26075K(26560K)->26075K(26560K) Class: 9208K(9408K)->9208K(9408K)
[331.864s][info][gc             ] GC(801) Pause Young (Allocation Failure) 721M->469M(756M) 2.171ms
[331.864s][info][gc,cpu         ] GC(801) User=0.00s Sys=0.00s Real=0.01s
[332.041s][info][gc,start       ] GC(802) Pause Young (Allocation Failure)
[332.044s][info][gc,heap        ] GC(802) PSYoungGen: 248384K(248832K)->64K(247296K) Eden: 248320K(248320K)->0K(238592K) From: 64K(512K)->64K(8704K)
[332.044s][info][gc,heap        ] GC(802) ParOldGen: 480586K(525824K)->480594K(525824K)
[332.044s][info][gc,metaspace   ] GC(802) Metaspace: 35283K(35968K)->35283K(35968K) NonClass: 26075K(26560K)->26075K(26560K) Class: 9208K(9408K)->9208K(9408K)
[332.044s][info][gc             ] GC(802) Pause Young (Allocation Failure) 711M->469M(755M) 2.481ms
[332.044s][info][gc,cpu         ] GC(802) User=0.01s Sys=0.00s Real=0.01s
[332.613s][info][gc,start       ] GC(803) Pause Young (Allocation Failure)
[332.616s][info][gc,heap        ] GC(803) PSYoungGen: 238656K(247296K)->64K(229888K) Eden: 238592K(238592K)->0K(229376K) From: 64K(8704K)->64K(512K)
[332.616s][info][gc,heap        ] GC(803) ParOldGen: 480594K(525824K)->480602K(525824K)
[332.616s][info][gc,metaspace   ] GC(803) Metaspace: 35283K(35968K)->35283K(35968K) NonClass: 26075K(26560K)->26075K(26560K) Class: 9208K(9408K)->9208K(9408K)
[332.616s][info][gc             ] GC(803) Pause Young (Allocation Failure) 702M->469M(738M) 2.770ms
[332.616s][info][gc,cpu         ] GC(803) User=0.01s Sys=0.00s Real=0.01s
[332.918s][info][gc,start       ] GC(804) Pause Young (Allocation Failure)
[332.921s][info][gc,heap        ] GC(804) PSYoungGen: 229440K(229888K)->32K(228352K) Eden: 229376K(229376K)->0K(220672K) From: 64K(512K)->32K(7680K)
[332.921s][info][gc,heap        ] GC(804) ParOldGen: 480602K(525824K)->480610K(525824K)
[332.921s][info][gc,metaspace   ] GC(804) Metaspace: 35298K(35968K)->35298K(35968K) NonClass: 26089K(26560K)->26089K(26560K) Class: 9208K(9408K)->9208K(9408K)
[332.921s][info][gc             ] GC(804) Pause Young (Allocation Failure) 693M->469M(736M) 2.994ms
[332.921s][info][gc,cpu         ] GC(804) User=0.00s Sys=0.00s Real=0.00s
[333.266s][info][gc,start       ] GC(805) Pause Young (Allocation Failure)
[333.305s][info][gc,heap        ] GC(805) PSYoungGen: 220704K(228352K)->7168K(272384K) Eden: 220672K(220672K)->0K(265216K) From: 32K(7680K)->7168K(7168K)
[333.305s][info][gc,heap        ] GC(805) ParOldGen: 480610K(525824K)->493866K(525824K)
[333.305s][info][gc,metaspace   ] GC(805) Metaspace: 35298K(35968K)->35298K(35968K) NonClass: 26089K(26560K)->26089K(26560K) Class: 9208K(9408K)->9208K(9408K)
[333.305s][info][gc             ] GC(805) Pause Young (Allocation Failure) 684M->489M(779M) 39.125ms
[333.305s][info][gc,cpu         ] GC(805) User=0.07s Sys=0.00s Real=0.04s
[333.691s][info][gc,start       ] GC(806) Pause Young (Allocation Failure)
[333.745s][info][gc,heap        ] GC(806) PSYoungGen: 272384K(272384K)->13824K(280064K) Eden: 265216K(265216K)->0K(266240K) From: 7168K(7168K)->13824K(13824K)
[333.745s][info][gc,heap        ] GC(806) ParOldGen: 493866K(525824K)->510490K(525824K)
[333.745s][info][gc,metaspace   ] GC(806) Metaspace: 35298K(35968K)->35298K(35968K) NonClass: 26089K(26560K)->26089K(26560K) Class: 9208K(9408K)->9208K(9408K)
[333.745s][info][gc             ] GC(806) Pause Young (Allocation Failure) 748M->512M(787M) 53.524ms
[333.745s][info][gc,cpu         ] GC(806) User=0.10s Sys=0.00s Real=0.06s
[333.931s][info][gc,start       ] GC(807) Pause Young (Allocation Failure)
[333.963s][info][gc,heap        ] GC(807) PSYoungGen: 280064K(280064K)->12128K(309760K) Eden: 266240K(266240K)->0K(286720K) From: 13824K(13824K)->12128K(23040K)
[333.963s][info][gc,heap        ] GC(807) ParOldGen: 510490K(525824K)->510938K(525824K)
[333.963s][info][gc,metaspace   ] GC(807) Metaspace: 35298K(35968K)->35298K(35968K) NonClass: 26089K(26560K)->26089K(26560K) Class: 9208K(9408K)->9208K(9408K)
[333.963s][info][gc             ] GC(807) Pause Young (Allocation Failure) 772M->510M(816M) 32.385ms
[333.963s][info][gc,cpu         ] GC(807) User=0.05s Sys=0.01s Real=0.03s
[334.381s][info][gc,start       ] GC(808) Pause Young (Allocation Failure)
[334.383s][info][gc,heap        ] GC(808) PSYoungGen: 298848K(309760K)->64K(310272K) Eden: 286720K(286720K)->0K(286720K) From: 12128K(23040K)->64K(23552K)
[334.383s][info][gc,heap        ] GC(808) ParOldGen: 510938K(525824K)->510946K(525824K)
[334.383s][info][gc,metaspace   ] GC(808) Metaspace: 35298K(35968K)->35298K(35968K) NonClass: 26089K(26560K)->26089K(26560K) Class: 9208K(9408K)->9208K(9408K)
[334.383s][info][gc             ] GC(808) Pause Young (Allocation Failure) 790M->499M(816M) 1.822ms
[334.383s][info][gc,cpu         ] GC(808) User=0.01s Sys=0.00s Real=0.00s
[335.021s][info][gc,start       ] GC(809) Pause Young (Allocation Failure)
[335.023s][info][gc,heap        ] GC(809) PSYoungGen: 286784K(310272K)->64K(308224K) Eden: 286720K(286720K)->0K(287232K) From: 64K(23552K)->64K(20992K)
[335.023s][info][gc,heap        ] GC(809) ParOldGen: 510946K(525824K)->510954K(525824K)
[335.023s][info][gc,metaspace   ] GC(809) Metaspace: 35298K(35968K)->35298K(35968K) NonClass: 26089K(26560K)->26089K(26560K) Class: 9208K(9408K)->9208K(9408K)
[335.023s][info][gc             ] GC(809) Pause Young (Allocation Failure) 779M->499M(814M) 1.825ms
[335.023s][info][gc,cpu         ] GC(809) User=0.01s Sys=0.00s Real=0.01s
[335.519s][info][gc,start       ] GC(810) Pause Young (Allocation Failure)
[335.521s][info][gc,heap        ] GC(810) PSYoungGen: 287296K(308224K)->64K(309248K) Eden: 287232K(287232K)->0K(287232K) From: 64K(20992K)->64K(22016K)
[335.521s][info][gc,heap        ] GC(810) ParOldGen: 510954K(525824K)->510970K(525824K)
[335.521s][info][gc,metaspace   ] GC(810) Metaspace: 35298K(35968K)->35298K(35968K) NonClass: 26089K(26560K)->26089K(26560K) Class: 9208K(9408K)->9208K(9408K)
[335.521s][info][gc             ] GC(810) Pause Young (Allocation Failure) 779M->499M(815M) 1.750ms
[335.521s][info][gc,cpu         ] GC(810) User=0.00s Sys=0.00s Real=0.00s
[335.783s][info][gc,start       ] GC(811) Pause Young (Allocation Failure)
[335.785s][info][gc,heap        ] GC(811) PSYoungGen: 287296K(309248K)->32K(309248K) Eden: 287232K(287232K)->0K(290304K) From: 64K(22016K)->32K(18944K)
[335.785s][info][gc,heap        ] GC(811) ParOldGen: 510970K(525824K)->510986K(525824K)
[335.785s][info][gc,metaspace   ] GC(811) Metaspace: 35298K(35968K)->35298K(35968K) NonClass: 26089K(26560K)->26089K(26560K) Class: 9208K(9408K)->9208K(9408K)
[335.785s][info][gc             ] GC(811) Pause Young (Allocation Failure) 779M->499M(815M) 1.741ms
[335.785s][info][gc,cpu         ] GC(811) User=0.01s Sys=0.00s Real=0.00s
[336.052s][info][gc,start       ] GC(812) Pause Young (Allocation Failure)
[336.054s][info][gc,heap        ] GC(812) PSYoungGen: 290336K(309248K)->64K(310784K) Eden: 290304K(290304K)->0K(290304K) From: 32K(18944K)->64K(20480K)
[336.054s][info][gc,heap        ] GC(812) ParOldGen: 510986K(525824K)->510986K(525824K)
[336.054s][info][gc,metaspace   ] GC(812) Metaspace: 35298K(35968K)->35298K(35968K) NonClass: 26089K(26560K)->26089K(26560K) Class: 9208K(9408K)->9208K(9408K)
[336.054s][info][gc             ] GC(812) Pause Young (Allocation Failure) 782M->499M(817M) 1.916ms
[336.054s][info][gc,cpu         ] GC(812) User=0.01s Sys=0.00s Real=0.01s
[336.370s][info][gc,start       ] GC(813) Pause Young (Allocation Failure)
[336.372s][info][gc,heap        ] GC(813) PSYoungGen: 290368K(310784K)->64K(310784K) Eden: 290304K(290304K)->0K(293888K) From: 64K(20480K)->64K(16896K)
[336.372s][info][gc,heap        ] GC(813) ParOldGen: 510986K(525824K)->510986K(525824K)
[336.372s][info][gc,metaspace   ] GC(813) Metaspace: 35298K(35968K)->35298K(35968K) NonClass: 26089K(26560K)->26089K(26560K) Class: 9208K(9408K)->9208K(9408K)
[336.372s][info][gc             ] GC(813) Pause Young (Allocation Failure) 782M->499M(817M) 1.756ms
[336.372s][info][gc,cpu         ] GC(813) User=0.00s Sys=0.00s Real=0.00s
[336.424s][info][gc,start       ] GC(814) Pause Young (Allocation Failure)
[336.426s][info][gc,heap        ] GC(814) PSYoungGen: 293952K(310784K)->32K(312320K) Eden: 293888K(293888K)->0K(293888K) From: 64K(16896K)->32K(18432K)
[336.426s][info][gc,heap        ] GC(814) ParOldGen: 510986K(525824K)->510994K(525824K)
[336.426s][info][gc,metaspace   ] GC(814) Metaspace: 35298K(35968K)->35298K(35968K) NonClass: 26089K(26560K)->26089K(26560K) Class: 9208K(9408K)->9208K(9408K)
[336.426s][info][gc             ] GC(814) Pause Young (Allocation Failure) 786M->499M(818M) 1.754ms
[336.426s][info][gc,cpu         ] GC(814) User=0.01s Sys=0.00s Real=0.00s
[336.543s][info][gc,start       ] GC(815) Pause Young (Allocation Failure)
[336.545s][info][gc,heap        ] GC(815) PSYoungGen: 293920K(312320K)->64K(312832K) Eden: 293888K(293888K)->0K(297984K) From: 32K(18432K)->64K(14848K)
[336.545s][info][gc,heap        ] GC(815) ParOldGen: 510994K(525824K)->510994K(525824K)
[336.545s][info][gc,metaspace   ] GC(815) Metaspace: 35298K(35968K)->35298K(35968K) NonClass: 26089K(26560K)->26089K(26560K) Class: 9208K(9408K)->9208K(9408K)
[336.545s][info][gc             ] GC(815) Pause Young (Allocation Failure) 786M->499M(819M) 1.899ms
[336.545s][info][gc,cpu         ] GC(815) User=0.01s Sys=0.00s Real=0.00s
[336.900s][info][gc,start       ] GC(816) Pause Young (Allocation Failure)
[336.902s][info][gc,heap        ] GC(816) PSYoungGen: 298048K(312832K)->64K(314368K) Eden: 297984K(297984K)->0K(297984K) From: 64K(14848K)->64K(16384K)
[336.902s][info][gc,heap        ] GC(816) ParOldGen: 510994K(525824K)->511010K(525824K)
[336.902s][info][gc,metaspace   ] GC(816) Metaspace: 35298K(35968K)->35298K(35968K) NonClass: 26089K(26560K)->26089K(26560K) Class: 9208K(9408K)->9208K(9408K)
[336.902s][info][gc             ] GC(816) Pause Young (Allocation Failure) 790M->499M(820M) 1.876ms
[336.902s][info][gc,cpu         ] GC(816) User=0.01s Sys=0.00s Real=0.00s
[337.118s][info][gc,start       ] GC(817) Pause Young (Allocation Failure)
[337.120s][info][gc,heap        ] GC(817) PSYoungGen: 298048K(314368K)->64K(314880K) Eden: 297984K(297984K)->0K(301568K) From: 64K(16384K)->64K(13312K)
[337.120s][info][gc,heap        ] GC(817) ParOldGen: 511010K(525824K)->511010K(525824K)
[337.120s][info][gc,metaspace   ] GC(817) Metaspace: 35298K(35968K)->35298K(35968K) NonClass: 26089K(26560K)->26089K(26560K) Class: 9208K(9408K)->9208K(9408K)
[337.120s][info][gc             ] GC(817) Pause Young (Allocation Failure) 790M->499M(821M) 1.917ms
[337.120s][info][gc,cpu         ] GC(817) User=0.01s Sys=0.00s Real=0.00s
[337.213s][info][gc,start       ] GC(818) Pause Young (Allocation Failure)
[337.215s][info][gc,heap        ] GC(818) PSYoungGen: 301632K(314880K)->32K(316416K) Eden: 301568K(301568K)->0K(301568K) From: 64K(13312K)->32K(14848K)
[337.215s][info][gc,heap        ] GC(818) ParOldGen: 511010K(525824K)->511026K(525824K)
[337.215s][info][gc,metaspace   ] GC(818) Metaspace: 35298K(35968K)->35298K(35968K) NonClass: 26089K(26560K)->26089K(26560K) Class: 9208K(9408K)->9208K(9408K)
[337.215s][info][gc             ] GC(818) Pause Young (Allocation Failure) 793M->499M(822M) 1.973ms
[337.215s][info][gc,cpu         ] GC(818) User=0.01s Sys=0.00s Real=0.01s
[337.407s][info][gc,start       ] GC(819) Pause Young (Allocation Failure)
[337.409s][info][gc,heap        ] GC(819) PSYoungGen: 301600K(316416K)->64K(317440K) Eden: 301568K(301568K)->0K(305152K) From: 32K(14848K)->64K(12288K)
[337.409s][info][gc,heap        ] GC(819) ParOldGen: 511026K(525824K)->511026K(525824K)
[337.409s][info][gc,metaspace   ] GC(819) Metaspace: 35298K(35968K)->35298K(35968K) NonClass: 26089K(26560K)->26089K(26560K) Class: 9208K(9408K)->9208K(9408K)
[337.409s][info][gc             ] GC(819) Pause Young (Allocation Failure) 793M->499M(823M) 2.265ms
[337.409s][info][gc,cpu         ] GC(819) User=0.00s Sys=0.00s Real=0.00s
[338.433s][info][gc,start       ] GC(820) Pause Young (Allocation Failure)
[338.437s][info][gc,heap        ] GC(820) PSYoungGen: 305216K(317440K)->32K(318464K) Eden: 305152K(305152K)->0K(305152K) From: 64K(12288K)->32K(13312K)
[338.437s][info][gc,heap        ] GC(820) ParOldGen: 511026K(525824K)->511042K(525824K)
[338.437s][info][gc,metaspace   ] GC(820) Metaspace: 35298K(35968K)->35298K(35968K) NonClass: 26089K(26560K)->26089K(26560K) Class: 9208K(9408K)->9208K(9408K)
[338.437s][info][gc             ] GC(820) Pause Young (Allocation Failure) 797M->499M(824M) 4.147ms
[338.437s][info][gc,cpu         ] GC(820) User=0.00s Sys=0.00s Real=0.01s
[339.346s][info][gc,start       ] GC(821) Pause Young (Allocation Failure)
[339.349s][info][gc,heap        ] GC(821) PSYoungGen: 305184K(318464K)->64K(293376K) Eden: 305152K(305152K)->0K(292864K) From: 32K(13312K)->64K(512K)
[339.349s][info][gc,heap        ] GC(821) ParOldGen: 511042K(525824K)->511050K(525824K)
[339.349s][info][gc,metaspace   ] GC(821) Metaspace: 35298K(35968K)->35298K(35968K) NonClass: 26089K(26560K)->26089K(26560K) Class: 9208K(9408K)->9208K(9408K)
[339.349s][info][gc             ] GC(821) Pause Young (Allocation Failure) 797M->499M(800M) 2.653ms
[339.349s][info][gc,cpu         ] GC(821) User=0.00s Sys=0.00s Real=0.00s
[339.793s][info][gc,start       ] GC(822) Pause Young (Allocation Failure)
[339.795s][info][gc,heap        ] GC(822) PSYoungGen: 292928K(293376K)->64K(292352K) Eden: 292864K(292864K)->0K(281088K) From: 64K(512K)->64K(11264K)
[339.795s][info][gc,heap        ] GC(822) ParOldGen: 511050K(525824K)->511058K(525824K)
[339.795s][info][gc,metaspace   ] GC(822) Metaspace: 35298K(35968K)->35298K(35968K) NonClass: 26089K(26560K)->26089K(26560K) Class: 9208K(9408K)->9208K(9408K)
[339.795s][info][gc             ] GC(822) Pause Young (Allocation Failure) 785M->499M(799M) 2.261ms
[339.795s][info][gc,cpu         ] GC(822) User=0.01s Sys=0.00s Real=0.01s
[340.975s][info][gc,start       ] GC(823) Pause Young (Allocation Failure)
[340.979s][info][gc,heap        ] GC(823) PSYoungGen: 281152K(292352K)->64K(270336K) Eden: 281088K(281088K)->0K(269824K) From: 64K(11264K)->64K(512K)
[340.979s][info][gc,heap        ] GC(823) ParOldGen: 511058K(525824K)->511074K(525824K)
[340.979s][info][gc,metaspace   ] GC(823) Metaspace: 35298K(35968K)->35298K(35968K) NonClass: 26089K(26560K)->26089K(26560K) Class: 9208K(9408K)->9208K(9408K)
[340.979s][info][gc             ] GC(823) Pause Young (Allocation Failure) 773M->499M(777M) 3.978ms
[340.979s][info][gc,cpu         ] GC(823) User=0.00s Sys=0.00s Real=0.00s
[341.416s][info][gc,start       ] GC(824) Pause Young (Allocation Failure)
[341.420s][info][gc,heap        ] GC(824) PSYoungGen: 269888K(270336K)->64K(269312K) Eden: 269824K(269824K)->0K(259072K) From: 64K(512K)->64K(10240K)
[341.420s][info][gc,heap        ] GC(824) ParOldGen: 511074K(525824K)->511082K(525824K)
[341.420s][info][gc,metaspace   ] GC(824) Metaspace: 35298K(35968K)->35298K(35968K) NonClass: 26089K(26560K)->26089K(26560K) Class: 9208K(9408K)->9208K(9408K)
[341.420s][info][gc             ] GC(824) Pause Young (Allocation Failure) 762M->499M(776M) 3.212ms
[341.420s][info][gc,cpu         ] GC(824) User=0.00s Sys=0.00s Real=0.00s
[341.624s][info][gc,start       ] GC(825) Pause Young (Allocation Failure)
[341.627s][info][gc,heap        ] GC(825) PSYoungGen: 259136K(269312K)->32K(249344K) Eden: 259072K(259072K)->0K(248832K) From: 64K(10240K)->32K(512K)
[341.627s][info][gc,heap        ] GC(825) ParOldGen: 511082K(525824K)->511090K(525824K)
[341.627s][info][gc,metaspace   ] GC(825) Metaspace: 35298K(35968K)->35298K(35968K) NonClass: 26089K(26560K)->26089K(26560K) Class: 9208K(9408K)->9208K(9408K)
[341.627s][info][gc             ] GC(825) Pause Young (Allocation Failure) 752M->499M(757M) 3.124ms
[341.627s][info][gc,cpu         ] GC(825) User=0.00s Sys=0.00s Real=0.00s
[341.765s][info][gc,start       ] GC(826) Pause Young (Allocation Failure)
[341.768s][info][gc,heap        ] GC(826) PSYoungGen: 248864K(249344K)->64K(293376K) Eden: 248832K(248832K)->0K(284672K) From: 32K(512K)->64K(8704K)
[341.768s][info][gc,heap        ] GC(826) ParOldGen: 511090K(525824K)->511098K(525824K)
[341.768s][info][gc,metaspace   ] GC(826) Metaspace: 35298K(35968K)->35298K(35968K) NonClass: 26089K(26560K)->26089K(26560K) Class: 9208K(9408K)->9208K(9408K)
[341.768s][info][gc             ] GC(826) Pause Young (Allocation Failure) 742M->499M(800M) 2.686ms
[341.768s][info][gc,cpu         ] GC(826) User=0.01s Sys=0.00s Real=0.00s
[342.416s][info][gc,start       ] GC(827) Pause Young (Allocation Failure)
[342.418s][info][gc,heap        ] GC(827) PSYoungGen: 284736K(293376K)->64K(273920K) Eden: 284672K(284672K)->0K(273408K) From: 64K(8704K)->64K(512K)
[342.418s][info][gc,heap        ] GC(827) ParOldGen: 511098K(525824K)->511106K(525824K)
[342.418s][info][gc,metaspace   ] GC(827) Metaspace: 35298K(35968K)->35298K(35968K) NonClass: 26089K(26560K)->26089K(26560K) Class: 9208K(9408K)->9208K(9408K)
[342.418s][info][gc             ] GC(827) Pause Young (Allocation Failure) 777M->499M(781M) 2.247ms
[342.418s][info][gc,cpu         ] GC(827) User=0.01s Sys=0.00s Real=0.00s
[342.839s][info][gc,start       ] GC(828) Pause Young (Allocation Failure)
[342.847s][info][gc,heap        ] GC(828) PSYoungGen: 273472K(273920K)->3552K(300032K) Eden: 273408K(273408K)->0K(292352K) From: 64K(512K)->3552K(7680K)
[342.847s][info][gc,heap        ] GC(828) ParOldGen: 511106K(525824K)->511114K(525824K)
[342.847s][info][gc,metaspace   ] GC(828) Metaspace: 35298K(35968K)->35298K(35968K) NonClass: 26089K(26560K)->26089K(26560K) Class: 9208K(9408K)->9208K(9408K)
[342.847s][info][gc             ] GC(828) Pause Young (Allocation Failure) 766M->502M(806M) 8.450ms
[342.847s][info][gc,cpu         ] GC(828) User=0.02s Sys=0.00s Real=0.01s
[343.244s][info][gc,start       ] GC(829) Pause Young (Allocation Failure)
[343.309s][info][gc,heap        ] GC(829) PSYoungGen: 295904K(300032K)->8192K(304128K) Eden: 292352K(292352K)->0K(295936K) From: 3552K(7680K)->8192K(8192K)
[343.309s][info][gc,heap        ] GC(829) ParOldGen: 511114K(525824K)->536106K(536576K)
[343.309s][info][gc,metaspace   ] GC(829) Metaspace: 35298K(35968K)->35298K(35968K) NonClass: 26089K(26560K)->26089K(26560K) Class: 9208K(9408K)->9208K(9408K)
[343.309s][info][gc             ] GC(829) Pause Young (Allocation Failure) 788M->531M(821M) 65.069ms
[343.309s][info][gc,cpu         ] GC(829) User=0.12s Sys=0.02s Real=0.06s
[343.638s][info][gc,start       ] GC(830) Pause Young (Allocation Failure)
[343.700s][info][gc,heap        ] GC(830) PSYoungGen: 304128K(304128K)->18944K(314880K) Eden: 295936K(295936K)->0K(295936K) From: 8192K(8192K)->18944K(18944K)
[343.700s][info][gc,heap        ] GC(830) ParOldGen: 536106K(536576K)->543770K(544256K)
[343.700s][info][gc,metaspace   ] GC(830) Metaspace: 35298K(35968K)->35298K(35968K) NonClass: 26089K(26560K)->26089K(26560K) Class: 9208K(9408K)->9208K(9408K)
[343.700s][info][gc             ] GC(830) Pause Young (Allocation Failure) 820M->549M(839M) 62.230ms
[343.700s][info][gc,cpu         ] GC(830) User=0.10s Sys=0.02s Real=0.06s
[343.930s][info][gc,start       ] GC(831) Pause Young (Allocation Failure)
[343.934s][info][gc,heap        ] GC(831) PSYoungGen: 314880K(314880K)->64K(302592K) Eden: 295936K(295936K)->0K(283648K) From: 18944K(18944K)->64K(18944K)
[343.934s][info][gc,heap        ] GC(831) ParOldGen: 543770K(544256K)->543962K(544256K)
[343.934s][info][gc,metaspace   ] GC(831) Metaspace: 35298K(35968K)->35298K(35968K) NonClass: 26089K(26560K)->26089K(26560K) Class: 9208K(9408K)->9208K(9408K)
[343.934s][info][gc             ] GC(831) Pause Young (Allocation Failure) 838M->531M(827M) 4.051ms
[343.934s][info][gc,cpu         ] GC(831) User=0.01s Sys=0.00s Real=0.01s
[344.709s][info][gc,start       ] GC(832) Pause Young (Allocation Failure)
[344.713s][info][gc,heap        ] GC(832) PSYoungGen: 283712K(302592K)->960K(308736K) Eden: 283648K(283648K)->0K(283648K) From: 64K(18944K)->960K(25088K)
[344.713s][info][gc,heap        ] GC(832) ParOldGen: 543962K(544256K)->543970K(544256K)
[344.713s][info][gc,metaspace   ] GC(832) Metaspace: 35318K(36032K)->35318K(36032K) NonClass: 26109K(26624K)->26109K(26624K) Class: 9208K(9408K)->9208K(9408K)
[344.713s][info][gc             ] GC(832) Pause Young (Allocation Failure) 808M->532M(833M) 4.529ms
[344.713s][info][gc,cpu         ] GC(832) User=0.01s Sys=0.00s Real=0.01s
[345.267s][info][gc,start       ] GC(833) Pause Young (Allocation Failure)
[345.270s][info][gc,heap        ] GC(833) PSYoungGen: 284608K(308736K)->160K(305664K) Eden: 283648K(283648K)->0K(284672K) From: 960K(25088K)->160K(20992K)
[345.270s][info][gc,heap        ] GC(833) ParOldGen: 543970K(544256K)->543986K(544256K)
[345.270s][info][gc,metaspace   ] GC(833) Metaspace: 35372K(36096K)->35372K(36096K) NonClass: 26162K(26688K)->26162K(26688K) Class: 9209K(9408K)->9209K(9408K)
[345.270s][info][gc             ] GC(833) Pause Young (Allocation Failure) 809M->531M(830M) 3.684ms
[345.270s][info][gc,cpu         ] GC(833) User=0.01s Sys=0.00s Real=0.00s
[345.530s][info][gc,start       ] GC(834) Pause Young (Allocation Failure)
[345.532s][info][gc,heap        ] GC(834) PSYoungGen: 284832K(305664K)->64K(307712K) Eden: 284672K(284672K)->0K(284672K) From: 160K(20992K)->64K(23040K)
[345.532s][info][gc,heap        ] GC(834) ParOldGen: 543986K(544256K)->544066K(544256K)
[345.532s][info][gc,metaspace   ] GC(834) Metaspace: 35372K(36096K)->35372K(36096K) NonClass: 26162K(26688K)->26162K(26688K) Class: 9209K(9408K)->9209K(9408K)
[345.532s][info][gc             ] GC(834) Pause Young (Allocation Failure) 809M->531M(832M) 1.952ms
[345.532s][info][gc,cpu         ] GC(834) User=0.00s Sys=0.00s Real=0.00s
[345.794s][info][gc,start       ] GC(835) Pause Young (Allocation Failure)
[345.796s][info][gc,heap        ] GC(835) PSYoungGen: 284736K(307712K)->64K(307712K) Eden: 284672K(284672K)->0K(288768K) From: 64K(23040K)->64K(18944K)
[345.796s][info][gc,heap        ] GC(835) ParOldGen: 544066K(544256K)->544066K(544256K)
[345.797s][info][gc,metaspace   ] GC(835) Metaspace: 35372K(36096K)->35372K(36096K) NonClass: 26162K(26688K)->26162K(26688K) Class: 9209K(9408K)->9209K(9408K)
[345.797s][info][gc             ] GC(835) Pause Young (Allocation Failure) 809M->531M(832M) 2.450ms
[345.797s][info][gc,cpu         ] GC(835) User=0.00s Sys=0.00s Real=0.00s
[346.204s][info][gc,start       ] GC(836) Pause Young (Allocation Failure)
[346.206s][info][gc,heap        ] GC(836) PSYoungGen: 288832K(307712K)->64K(309760K) Eden: 288768K(288768K)->0K(288768K) From: 64K(18944K)->64K(20992K)
[346.206s][info][gc,heap        ] GC(836) ParOldGen: 544066K(544256K)->544066K(544256K)
[346.206s][info][gc,metaspace   ] GC(836) Metaspace: 35372K(36096K)->35372K(36096K) NonClass: 26162K(26688K)->26162K(26688K) Class: 9209K(9408K)->9209K(9408K)
[346.206s][info][gc             ] GC(836) Pause Young (Allocation Failure) 813M->531M(834M) 1.987ms
[346.206s][info][gc,cpu         ] GC(836) User=0.00s Sys=0.00s Real=0.00s
[346.257s][info][gc,start       ] GC(837) Pause Young (Allocation Failure)
[346.259s][info][gc,heap        ] GC(837) PSYoungGen: 288832K(309760K)->64K(309760K) Eden: 288768K(288768K)->0K(292864K) From: 64K(20992K)->64K(16896K)
[346.259s][info][gc,heap        ] GC(837) ParOldGen: 544066K(544256K)->544082K(544256K)
[346.259s][info][gc,metaspace   ] GC(837) Metaspace: 35372K(36096K)->35372K(36096K) NonClass: 26162K(26688K)->26162K(26688K) Class: 9209K(9408K)->9209K(9408K)
[346.259s][info][gc             ] GC(837) Pause Young (Allocation Failure) 813M->531M(834M) 1.882ms
[346.259s][info][gc,cpu         ] GC(837) User=0.01s Sys=0.00s Real=0.00s
[346.313s][info][gc,start       ] GC(838) Pause Young (Allocation Failure)
[346.315s][info][gc,heap        ] GC(838) PSYoungGen: 292928K(309760K)->64K(311808K) Eden: 292864K(292864K)->0K(292864K) From: 64K(16896K)->64K(18944K)
[346.315s][info][gc,heap        ] GC(838) ParOldGen: 544082K(544256K)->544082K(544256K)
[346.315s][info][gc,metaspace   ] GC(838) Metaspace: 35372K(36096K)->35372K(36096K) NonClass: 26162K(26688K)->26162K(26688K) Class: 9209K(9408K)->9209K(9408K)
[346.315s][info][gc             ] GC(838) Pause Young (Allocation Failure) 817M->531M(836M) 2.177ms
[346.315s][info][gc,cpu         ] GC(838) User=0.00s Sys=0.00s Real=0.01s
[346.597s][info][gc,start       ] GC(839) Pause Young (Allocation Failure)
[346.599s][info][gc,heap        ] GC(839) PSYoungGen: 292928K(311808K)->64K(311808K) Eden: 292864K(292864K)->0K(296960K) From: 64K(18944K)->64K(14848K)
[346.599s][info][gc,heap        ] GC(839) ParOldGen: 544082K(544256K)->544082K(544256K)
[346.599s][info][gc,metaspace   ] GC(839) Metaspace: 35372K(36096K)->35372K(36096K) NonClass: 26162K(26688K)->26162K(26688K) Class: 9209K(9408K)->9209K(9408K)
[346.599s][info][gc             ] GC(839) Pause Young (Allocation Failure) 817M->531M(836M) 1.891ms
[346.599s][info][gc,cpu         ] GC(839) User=0.01s Sys=0.00s Real=0.00s
[346.899s][info][gc,start       ] GC(840) Pause Young (Allocation Failure)
[346.901s][info][gc,heap        ] GC(840) PSYoungGen: 297024K(311808K)->64K(313856K) Eden: 296960K(296960K)->0K(296960K) From: 64K(14848K)->64K(16896K)
[346.901s][info][gc,heap        ] GC(840) ParOldGen: 544082K(544256K)->544090K(544256K)
[346.901s][info][gc,metaspace   ] GC(840) Metaspace: 35372K(36096K)->35372K(36096K) NonClass: 26162K(26688K)->26162K(26688K) Class: 9209K(9408K)->9209K(9408K)
[346.901s][info][gc             ] GC(840) Pause Young (Allocation Failure) 821M->531M(838M) 2.027ms
[346.901s][info][gc,cpu         ] GC(840) User=0.01s Sys=0.00s Real=0.00s
[347.022s][info][gc,start       ] GC(841) Pause Young (Allocation Failure)
[347.024s][info][gc,heap        ] GC(841) PSYoungGen: 297024K(313856K)->64K(313856K) Eden: 296960K(296960K)->0K(301056K) From: 64K(16896K)->64K(12800K)
[347.024s][info][gc,heap        ] GC(841) ParOldGen: 544090K(544256K)->544098K(544256K)
[347.024s][info][gc,metaspace   ] GC(841) Metaspace: 35372K(36096K)->35372K(36096K) NonClass: 26162K(26688K)->26162K(26688K) Class: 9209K(9408K)->9209K(9408K)
[347.024s][info][gc             ] GC(841) Pause Young (Allocation Failure) 821M->531M(838M) 2.003ms
[347.024s][info][gc,cpu         ] GC(841) User=0.00s Sys=0.01s Real=0.01s
[347.167s][info][gc,start       ] GC(842) Pause Young (Allocation Failure)
[347.169s][info][gc,heap        ] GC(842) PSYoungGen: 301120K(313856K)->64K(315904K) Eden: 301056K(301056K)->0K(301056K) From: 64K(12800K)->64K(14848K)
[347.169s][info][gc,heap        ] GC(842) ParOldGen: 544098K(544256K)->544106K(544256K)
[347.169s][info][gc,metaspace   ] GC(842) Metaspace: 35372K(36096K)->35372K(36096K) NonClass: 26162K(26688K)->26162K(26688K) Class: 9209K(9408K)->9209K(9408K)
[347.169s][info][gc             ] GC(842) Pause Young (Allocation Failure) 825M->531M(840M) 1.849ms
[347.169s][info][gc,cpu         ] GC(842) User=0.00s Sys=0.00s Real=0.00s
[347.591s][info][gc,start       ] GC(843) Pause Young (Allocation Failure)
[347.594s][info][gc,heap        ] GC(843) PSYoungGen: 301120K(315904K)->32K(316416K) Eden: 301056K(301056K)->0K(304640K) From: 64K(14848K)->32K(11776K)
[347.594s][info][gc,heap        ] GC(843) ParOldGen: 544106K(544256K)->544114K(544256K)
[347.594s][info][gc,metaspace   ] GC(843) Metaspace: 35372K(36096K)->35372K(36096K) NonClass: 26162K(26688K)->26162K(26688K) Class: 9209K(9408K)->9209K(9408K)
[347.594s][info][gc             ] GC(843) Pause Young (Allocation Failure) 825M->531M(840M) 2.337ms
[347.594s][info][gc,cpu         ] GC(843) User=0.01s Sys=0.00s Real=0.01s
[348.315s][info][gc,start       ] GC(844) Pause Young (Allocation Failure)
[348.318s][info][gc,heap        ] GC(844) PSYoungGen: 304672K(316416K)->64K(317952K) Eden: 304640K(304640K)->0K(304640K) From: 32K(11776K)->64K(13312K)
[348.318s][info][gc,heap        ] GC(844) ParOldGen: 544114K(544256K)->544130K(544256K)
[348.318s][info][gc,metaspace   ] GC(844) Metaspace: 35372K(36096K)->35372K(36096K) NonClass: 26162K(26688K)->26162K(26688K) Class: 9209K(9408K)->9209K(9408K)
[348.318s][info][gc             ] GC(844) Pause Young (Allocation Failure) 828M->531M(842M) 2.306ms
[348.318s][info][gc,cpu         ] GC(844) User=0.00s Sys=0.00s Real=0.00s
[349.369s][info][gc,start       ] GC(845) Pause Young (Allocation Failure)
[349.371s][info][gc,heap        ] GC(845) PSYoungGen: 304704K(317952K)->64K(292864K) Eden: 304640K(304640K)->0K(292352K) From: 64K(13312K)->64K(512K)
[349.371s][info][gc,heap        ] GC(845) ParOldGen: 544130K(544256K)->544138K(544256K)
[349.371s][info][gc,metaspace   ] GC(845) Metaspace: 35372K(36096K)->35372K(36096K) NonClass: 26162K(26688K)->26162K(26688K) Class: 9209K(9408K)->9209K(9408K)
[349.371s][info][gc             ] GC(845) Pause Young (Allocation Failure) 828M->531M(817M) 2.251ms
[349.371s][info][gc,cpu         ] GC(845) User=0.00s Sys=0.00s Real=0.00s
[349.998s][info][gc,start       ] GC(846) Pause Young (Allocation Failure)
[350.000s][info][gc,heap        ] GC(846) PSYoungGen: 292416K(292864K)->64K(292352K) Eden: 292352K(292352K)->0K(280576K) From: 64K(512K)->64K(11776K)
[350.000s][info][gc,heap        ] GC(846) ParOldGen: 544138K(544256K)->544146K(544256K)
[350.000s][info][gc,metaspace   ] GC(846) Metaspace: 35372K(36096K)->35372K(36096K) NonClass: 26162K(26688K)->26162K(26688K) Class: 9209K(9408K)->9209K(9408K)
[350.000s][info][gc             ] GC(846) Pause Young (Allocation Failure) 816M->531M(817M) 1.783ms
[350.000s][info][gc,cpu         ] GC(846) User=0.00s Sys=0.00s Real=0.00s
[351.059s][info][gc,start       ] GC(847) Pause Young (Allocation Failure)
[351.061s][info][gc,heap        ] GC(847) PSYoungGen: 280640K(292352K)->64K(269824K) Eden: 280576K(280576K)->0K(269312K) From: 64K(11776K)->64K(512K)
[351.061s][info][gc,heap        ] GC(847) ParOldGen: 544146K(544256K)->544154K(544256K)
[351.061s][info][gc,metaspace   ] GC(847) Metaspace: 35372K(36096K)->35372K(36096K) NonClass: 26162K(26688K)->26162K(26688K) Class: 9209K(9408K)->9209K(9408K)
[351.061s][info][gc             ] GC(847) Pause Young (Allocation Failure) 805M->531M(795M) 2.122ms
[351.061s][info][gc,cpu         ] GC(847) User=0.00s Sys=0.00s Real=0.00s
[351.486s][info][gc,start       ] GC(848) Pause Young (Allocation Failure)
[351.488s][info][gc,heap        ] GC(848) PSYoungGen: 269376K(269824K)->64K(268800K) Eden: 269312K(269312K)->0K(258560K) From: 64K(512K)->64K(10240K)
[351.488s][info][gc,heap        ] GC(848) ParOldGen: 544154K(544256K)->544162K(544256K)
[351.488s][info][gc,metaspace   ] GC(848) Metaspace: 35372K(36096K)->35372K(36096K) NonClass: 26162K(26688K)->26162K(26688K) Class: 9209K(9408K)->9209K(9408K)
[351.488s][info][gc             ] GC(848) Pause Young (Allocation Failure) 794M->531M(794M) 1.900ms
[351.488s][info][gc,cpu         ] GC(848) User=0.00s Sys=0.00s Real=0.00s
[351.569s][info][gc,start       ] GC(849) Pause Young (Allocation Failure)
[351.571s][info][gc,heap        ] GC(849) PSYoungGen: 258624K(268800K)->64K(248832K) Eden: 258560K(258560K)->0K(248320K) From: 64K(10240K)->64K(512K)
[351.571s][info][gc,heap        ] GC(849) ParOldGen: 544162K(544256K)->544170K(544256K)
[351.571s][info][gc,metaspace   ] GC(849) Metaspace: 35372K(36096K)->35372K(36096K) NonClass: 26162K(26688K)->26162K(26688K) Class: 9209K(9408K)->9209K(9408K)
[351.571s][info][gc             ] GC(849) Pause Young (Allocation Failure) 783M->531M(774M) 2.666ms
[351.571s][info][gc,cpu         ] GC(849) User=0.00s Sys=0.00s Real=0.00s
[352.126s][info][gc,start       ] GC(850) Pause Young (Allocation Failure)
[352.128s][info][gc,heap        ] GC(850) PSYoungGen: 248384K(248832K)->64K(247296K) Eden: 248320K(248320K)->0K(238592K) From: 64K(512K)->64K(8704K)
[352.128s][info][gc,heap        ] GC(850) ParOldGen: 544170K(544256K)->544178K(544256K)
[352.128s][info][gc,metaspace   ] GC(850) Metaspace: 35372K(36096K)->35372K(36096K) NonClass: 26162K(26688K)->26162K(26688K) Class: 9209K(9408K)->9209K(9408K)
[352.128s][info][gc             ] GC(850) Pause Young (Allocation Failure) 773M->531M(773M) 1.969ms
[352.128s][info][gc,cpu         ] GC(850) User=0.00s Sys=0.00s Real=0.00s
[352.416s][info][gc,start       ] GC(851) Pause Young (Allocation Failure)
[352.420s][info][gc,heap        ] GC(851) PSYoungGen: 238656K(247296K)->64K(229888K) Eden: 238592K(238592K)->0K(229376K) From: 64K(8704K)->64K(512K)
[352.420s][info][gc,heap        ] GC(851) ParOldGen: 544178K(544256K)->544186K(544256K)
[352.420s][info][gc,metaspace   ] GC(851) Metaspace: 35372K(36096K)->35372K(36096K) NonClass: 26162K(26688K)->26162K(26688K) Class: 9209K(9408K)->9209K(9408K)
[352.420s][info][gc             ] GC(851) Pause Young (Allocation Failure) 764M->531M(756M) 4.064ms
[352.420s][info][gc,cpu         ] GC(851) User=0.00s Sys=0.00s Real=0.00s
[352.853s][info][gc,start       ] GC(852) Pause Young (Allocation Failure)
[352.881s][info][gc,heap        ] GC(852) PSYoungGen: 229440K(229888K)->7680K(283136K) Eden: 229376K(229376K)->0K(275456K) From: 64K(512K)->7680K(7680K)
[352.881s][info][gc,heap        ] GC(852) ParOldGen: 544186K(544256K)->548002K(548352K)
[352.881s][info][gc,metaspace   ] GC(852) Metaspace: 35372K(36096K)->35372K(36096K) NonClass: 26162K(26688K)->26162K(26688K) Class: 9209K(9408K)->9209K(9408K)
[352.881s][info][gc             ] GC(852) Pause Young (Allocation Failure) 755M->542M(812M) 28.001ms
[352.881s][info][gc,cpu         ] GC(852) User=0.05s Sys=0.01s Real=0.02s
[353.264s][info][gc,start       ] GC(853) Pause Young (Allocation Failure)
[353.339s][info][gc,heap        ] GC(853) PSYoungGen: 283136K(283136K)->9728K(275968K) Eden: 275456K(275456K)->0K(266240K) From: 7680K(7680K)->9728K(9728K)
[353.339s][info][gc,heap        ] GC(853) ParOldGen: 548002K(548352K)->569634K(569856K)
[353.339s][info][gc,metaspace   ] GC(853) Metaspace: 35372K(36096K)->35372K(36096K) NonClass: 26162K(26688K)->26162K(26688K) Class: 9209K(9408K)->9209K(9408K)
[353.339s][info][gc             ] GC(853) Pause Young (Allocation Failure) 811M->565M(826M) 75.212ms
[353.339s][info][gc,cpu         ] GC(853) User=0.14s Sys=0.01s Real=0.07s
[353.608s][info][gc,start       ] GC(854) Pause Young (Allocation Failure)
[353.653s][info][gc,heap        ] GC(854) PSYoungGen: 275968K(275968K)->19872K(287232K) Eden: 266240K(266240K)->0K(266240K) From: 9728K(9728K)->19872K(20992K)
[353.653s][info][gc,heap        ] GC(854) ParOldGen: 569634K(569856K)->570226K(570368K)
[353.653s][info][gc,metaspace   ] GC(854) Metaspace: 35372K(36096K)->35372K(36096K) NonClass: 26162K(26688K)->26162K(26688K) Class: 9209K(9408K)->9209K(9408K)
[353.653s][info][gc             ] GC(854) Pause Young (Allocation Failure) 825M->576M(837M) 44.552ms
[353.653s][info][gc,cpu         ] GC(854) User=0.09s Sys=0.00s Real=0.04s
[353.861s][info][gc,start       ] GC(855) Pause Young (Allocation Failure)
[353.863s][info][gc,heap        ] GC(855) PSYoungGen: 286112K(287232K)->32K(309760K) Eden: 266240K(266240K)->0K(284672K) From: 19872K(20992K)->32K(25088K)
[353.863s][info][gc,heap        ] GC(855) ParOldGen: 570226K(570368K)->570242K(570368K)
[353.863s][info][gc,metaspace   ] GC(855) Metaspace: 35372K(36096K)->35372K(36096K) NonClass: 26162K(26688K)->26162K(26688K) Class: 9209K(9408K)->9209K(9408K)
[353.863s][info][gc             ] GC(855) Pause Young (Allocation Failure) 836M->556M(859M) 2.027ms
[353.863s][info][gc,cpu         ] GC(855) User=0.01s Sys=0.00s Real=0.01s
[354.615s][info][gc,start       ] GC(856) Pause Young (Allocation Failure)
[354.617s][info][gc,heap        ] GC(856) PSYoungGen: 284704K(309760K)->64K(285184K) Eden: 284672K(284672K)->0K(284672K) From: 32K(25088K)->64K(512K)
[354.617s][info][gc,heap        ] GC(856) ParOldGen: 570242K(570368K)->570258K(570368K)
[354.617s][info][gc,metaspace   ] GC(856) Metaspace: 35374K(36096K)->35374K(36096K) NonClass: 26165K(26688K)->26165K(26688K) Class: 9209K(9408K)->9209K(9408K)
[354.617s][info][gc             ] GC(856) Pause Young (Allocation Failure) 834M->556M(835M) 2.078ms
[354.617s][info][gc,cpu         ] GC(856) User=0.01s Sys=0.01s Real=0.00s
[355.163s][info][gc,start       ] GC(857) Pause Young (Allocation Failure)
[355.165s][info][gc,heap        ] GC(857) PSYoungGen: 284736K(285184K)->64K(309248K) Eden: 284672K(284672K)->0K(285696K) From: 64K(512K)->64K(23552K)
[355.165s][info][gc,heap        ] GC(857) ParOldGen: 570258K(570368K)->570266K(570368K)
[355.165s][info][gc,metaspace   ] GC(857) Metaspace: 35374K(36096K)->35374K(36096K) NonClass: 26165K(26688K)->26165K(26688K) Class: 9209K(9408K)->9209K(9408K)
[355.165s][info][gc             ] GC(857) Pause Young (Allocation Failure) 834M->556M(859M) 2.049ms
[355.165s][info][gc,cpu         ] GC(857) User=0.00s Sys=0.00s Real=0.00s
[355.429s][info][gc,start       ] GC(858) Pause Young (Allocation Failure)
[355.431s][info][gc,heap        ] GC(858) PSYoungGen: 285760K(309248K)->64K(308224K) Eden: 285696K(285696K)->0K(285696K) From: 64K(23552K)->64K(22528K)
[355.431s][info][gc,heap        ] GC(858) ParOldGen: 570266K(570368K)->570282K(570368K)
[355.431s][info][gc,metaspace   ] GC(858) Metaspace: 35374K(36096K)->35374K(36096K) NonClass: 26165K(26688K)->26165K(26688K) Class: 9209K(9408K)->9209K(9408K)
[355.431s][info][gc             ] GC(858) Pause Young (Allocation Failure) 835M->556M(858M) 1.995ms
[355.431s][info][gc,cpu         ] GC(858) User=0.01s Sys=0.00s Real=0.00s
[355.692s][info][gc,start       ] GC(859) Pause Young (Allocation Failure)
[355.694s][info][gc,heap        ] GC(859) PSYoungGen: 285760K(308224K)->64K(310272K) Eden: 285696K(285696K)->0K(288768K) From: 64K(22528K)->64K(21504K)
[355.694s][info][gc,heap        ] GC(859) ParOldGen: 570282K(570368K)->570282K(570368K)
[355.694s][info][gc,metaspace   ] GC(859) Metaspace: 35374K(36096K)->35374K(36096K) NonClass: 26165K(26688K)->26165K(26688K) Class: 9209K(9408K)->9209K(9408K)
[355.694s][info][gc             ] GC(859) Pause Young (Allocation Failure) 835M->556M(860M) 1.968ms
[355.694s][info][gc,cpu         ] GC(859) User=0.00s Sys=0.00s Real=0.01s
[356.089s][info][gc,start       ] GC(860) Pause Young (Allocation Failure)
[356.091s][info][gc,heap        ] GC(860) PSYoungGen: 288832K(310272K)->64K(309248K) Eden: 288768K(288768K)->0K(288768K) From: 64K(21504K)->64K(20480K)
[356.091s][info][gc,heap        ] GC(860) ParOldGen: 570282K(570368K)->570282K(570368K)
[356.091s][info][gc,metaspace   ] GC(860) Metaspace: 35374K(36096K)->35374K(36096K) NonClass: 26165K(26688K)->26165K(26688K) Class: 9209K(9408K)->9209K(9408K)
[356.091s][info][gc             ] GC(860) Pause Young (Allocation Failure) 838M->556M(859M) 1.883ms
[356.091s][info][gc,cpu         ] GC(860) User=0.01s Sys=0.00s Real=0.00s
[356.142s][info][gc,start       ] GC(861) Pause Young (Allocation Failure)
[356.143s][info][gc,heap        ] GC(861) PSYoungGen: 288832K(309248K)->64K(312320K) Eden: 288768K(288768K)->0K(292864K) From: 64K(20480K)->64K(19456K)
[356.144s][info][gc,heap        ] GC(861) ParOldGen: 570282K(570368K)->570298K(570368K)
[356.144s][info][gc,metaspace   ] GC(861) Metaspace: 35374K(36096K)->35374K(36096K) NonClass: 26165K(26688K)->26165K(26688K) Class: 9209K(9408K)->9209K(9408K)
[356.144s][info][gc             ] GC(861) Pause Young (Allocation Failure) 838M->556M(862M) 1.798ms
[356.144s][info][gc,cpu         ] GC(861) User=0.00s Sys=0.00s Real=0.01s
[356.195s][info][gc,start       ] GC(862) Pause Young (Allocation Failure)
[356.196s][info][gc,heap        ] GC(862) PSYoungGen: 292928K(312320K)->64K(311296K) Eden: 292864K(292864K)->0K(292864K) From: 64K(19456K)->64K(18432K)
[356.196s][info][gc,heap        ] GC(862) ParOldGen: 570298K(570368K)->570298K(570368K)
[356.196s][info][gc,metaspace   ] GC(862) Metaspace: 35374K(36096K)->35374K(36096K) NonClass: 26165K(26688K)->26165K(26688K) Class: 9209K(9408K)->9209K(9408K)
[356.196s][info][gc             ] GC(862) Pause Young (Allocation Failure) 842M->556M(861M) 1.886ms
[356.196s][info][gc,cpu         ] GC(862) User=0.00s Sys=0.00s Real=0.00s
[356.495s][info][gc,start       ] GC(863) Pause Young (Allocation Failure)
[356.497s][info][gc,heap        ] GC(863) PSYoungGen: 292928K(311296K)->64K(314368K) Eden: 292864K(292864K)->0K(296960K) From: 64K(18432K)->64K(17408K)
[356.497s][info][gc,heap        ] GC(863) ParOldGen: 570298K(570368K)->570298K(570368K)
[356.497s][info][gc,metaspace   ] GC(863) Metaspace: 35374K(36096K)->35374K(36096K) NonClass: 26165K(26688K)->26165K(26688K) Class: 9209K(9408K)->9209K(9408K)
[356.497s][info][gc             ] GC(863) Pause Young (Allocation Failure) 842M->556M(864M) 1.843ms
[356.497s][info][gc,cpu         ] GC(863) User=0.00s Sys=0.00s Real=0.00s
[356.786s][info][gc,start       ] GC(864) Pause Young (Allocation Failure)
[356.788s][info][gc,heap        ] GC(864) PSYoungGen: 297024K(314368K)->64K(313344K) Eden: 296960K(296960K)->0K(296960K) From: 64K(17408K)->64K(16384K)
[356.788s][info][gc,heap        ] GC(864) ParOldGen: 570298K(570368K)->570306K(570368K)
[356.788s][info][gc,metaspace   ] GC(864) Metaspace: 35374K(36096K)->35374K(36096K) NonClass: 26165K(26688K)->26165K(26688K) Class: 9209K(9408K)->9209K(9408K)
[356.788s][info][gc             ] GC(864) Pause Young (Allocation Failure) 846M->557M(863M) 1.952ms
[356.788s][info][gc,cpu         ] GC(864) User=0.01s Sys=0.00s Real=0.00s
[356.905s][info][gc,start       ] GC(865) Pause Young (Allocation Failure)
[356.907s][info][gc,heap        ] GC(865) PSYoungGen: 297024K(313344K)->64K(316416K) Eden: 296960K(296960K)->0K(301056K) From: 64K(16384K)->64K(15360K)
[356.907s][info][gc,heap        ] GC(865) ParOldGen: 570306K(570368K)->570314K(570368K)
[356.907s][info][gc,metaspace   ] GC(865) Metaspace: 35374K(36096K)->35374K(36096K) NonClass: 26165K(26688K)->26165K(26688K) Class: 9209K(9408K)->9209K(9408K)
[356.907s][info][gc             ] GC(865) Pause Young (Allocation Failure) 847M->557M(866M) 1.937ms
[356.907s][info][gc,cpu         ] GC(865) User=0.01s Sys=0.00s Real=0.00s
[357.054s][info][gc,start       ] GC(866) Pause Young (Allocation Failure)
[357.056s][info][gc,heap        ] GC(866) PSYoungGen: 301120K(316416K)->64K(315392K) Eden: 301056K(301056K)->0K(301056K) From: 64K(15360K)->64K(14336K)
[357.056s][info][gc,heap        ] GC(866) ParOldGen: 570314K(570368K)->570322K(570368K)
[357.056s][info][gc,metaspace   ] GC(866) Metaspace: 35374K(36096K)->35374K(36096K) NonClass: 26165K(26688K)->26165K(26688K) Class: 9209K(9408K)->9209K(9408K)
[357.056s][info][gc             ] GC(866) Pause Young (Allocation Failure) 851M->557M(865M) 1.886ms
[357.056s][info][gc,cpu         ] GC(866) User=0.00s Sys=0.00s Real=0.00s
[357.491s][info][gc,start       ] GC(867) Pause Young (Allocation Failure)
[357.493s][info][gc,heap        ] GC(867) PSYoungGen: 301120K(315392K)->64K(318464K) Eden: 301056K(301056K)->0K(305152K) From: 64K(14336K)->64K(13312K)
[357.493s][info][gc,heap        ] GC(867) ParOldGen: 570322K(570368K)->570330K(570368K)
[357.493s][info][gc,metaspace   ] GC(867) Metaspace: 35374K(36096K)->35374K(36096K) NonClass: 26165K(26688K)->26165K(26688K) Class: 9209K(9408K)->9209K(9408K)
[357.493s][info][gc             ] GC(867) Pause Young (Allocation Failure) 851M->557M(868M) 2.125ms
[357.493s][info][gc,cpu         ] GC(867) User=0.00s Sys=0.00s Real=0.01s
[358.285s][info][gc,start       ] GC(868) Pause Young (Allocation Failure)
[358.287s][info][gc,heap        ] GC(868) PSYoungGen: 305216K(318464K)->83K(293376K) Eden: 305152K(305152K)->0K(292864K) From: 64K(13312K)->83K(512K)
[358.287s][info][gc,heap        ] GC(868) ParOldGen: 570330K(570368K)->570338K(570368K)
[358.287s][info][gc,metaspace   ] GC(868) Metaspace: 35374K(36096K)->35374K(36096K) NonClass: 26165K(26688K)->26165K(26688K) Class: 9209K(9408K)->9209K(9408K)
[358.287s][info][gc             ] GC(868) Pause Young (Allocation Failure) 855M->557M(843M) 1.993ms
[358.287s][info][gc,cpu         ] GC(868) User=0.01s Sys=0.00s Real=0.00s
[359.311s][info][gc,start       ] GC(869) Pause Young (Allocation Failure)
[359.313s][info][gc,heap        ] GC(869) PSYoungGen: 292947K(293376K)->64K(281600K) Eden: 292864K(292864K)->0K(281088K) From: 83K(512K)->64K(512K)
[359.313s][info][gc,heap        ] GC(869) ParOldGen: 570338K(570368K)->570346K(570368K)
[359.313s][info][gc,metaspace   ] GC(869) Metaspace: 35374K(36096K)->35374K(36096K) NonClass: 26165K(26688K)->26165K(26688K) Class: 9209K(9408K)->9209K(9408K)
[359.313s][info][gc             ] GC(869) Pause Young (Allocation Failure) 843M->557M(832M) 2.063ms
[359.313s][info][gc,cpu         ] GC(869) User=0.00s Sys=0.00s Real=0.00s
[359.888s][info][gc,start       ] GC(870) Pause Young (Allocation Failure)
[359.890s][info][gc,heap        ] GC(870) PSYoungGen: 281152K(281600K)->64K(281088K) Eden: 281088K(281088K)->0K(269824K) From: 64K(512K)->64K(11264K)
[359.890s][info][gc,heap        ] GC(870) ParOldGen: 570346K(570368K)->570354K(570368K)
[359.890s][info][gc,metaspace   ] GC(870) Metaspace: 35374K(36096K)->35374K(36096K) NonClass: 26165K(26688K)->26165K(26688K) Class: 9209K(9408K)->9209K(9408K)
[359.890s][info][gc             ] GC(870) Pause Young (Allocation Failure) 831M->557M(831M) 2.156ms
[359.890s][info][gc,cpu         ] GC(870) User=0.00s Sys=0.00s Real=0.00s
[360.928s][info][gc,start       ] GC(871) Pause Young (Allocation Failure)
[360.930s][info][gc,heap        ] GC(871) PSYoungGen: 269888K(281088K)->64K(259584K) Eden: 269824K(269824K)->0K(259072K) From: 64K(11264K)->64K(512K)
[360.930s][info][gc,heap        ] GC(871) ParOldGen: 570354K(570368K)->570362K(570368K)
[360.930s][info][gc,metaspace   ] GC(871) Metaspace: 35374K(36096K)->35374K(36096K) NonClass: 26165K(26688K)->26165K(26688K) Class: 9209K(9408K)->9209K(9408K)
[360.931s][info][gc             ] GC(871) Pause Young (Allocation Failure) 820M->557M(810M) 2.593ms
[360.931s][info][gc,cpu         ] GC(871) User=0.00s Sys=0.00s Real=0.00s
[361.319s][info][gc,start       ] GC(872) Pause Young (Allocation Failure)
[361.321s][info][gc,heap        ] GC(872) PSYoungGen: 259136K(259584K)->64K(258560K) Eden: 259072K(259072K)->0K(248832K) From: 64K(512K)->64K(9728K)
[361.321s][info][gc,heap        ] GC(872) ParOldGen: 570362K(570368K)->570370K(570880K)
[361.321s][info][gc,metaspace   ] GC(872) Metaspace: 35374K(36096K)->35374K(36096K) NonClass: 26165K(26688K)->26165K(26688K) Class: 9209K(9408K)->9209K(9408K)
[361.321s][info][gc             ] GC(872) Pause Young (Allocation Failure) 810M->557M(810M) 1.891ms
[361.321s][info][gc,cpu         ] GC(872) User=0.00s Sys=0.00s Real=0.00s
[361.432s][info][gc,start       ] GC(873) Pause Young (Allocation Failure)
[361.435s][info][gc,heap        ] GC(873) PSYoungGen: 248896K(258560K)->64K(239616K) Eden: 248832K(248832K)->0K(239104K) From: 64K(9728K)->64K(512K)
[361.435s][info][gc,heap        ] GC(873) ParOldGen: 570370K(570880K)->570378K(570880K)
[361.435s][info][gc,metaspace   ] GC(873) Metaspace: 35374K(36096K)->35374K(36096K) NonClass: 26165K(26688K)->26165K(26688K) Class: 9209K(9408K)->9209K(9408K)
[361.435s][info][gc             ] GC(873) Pause Young (Allocation Failure) 800M->557M(791M) 2.541ms
[361.435s][info][gc,cpu         ] GC(873) User=0.00s Sys=0.00s Real=0.01s
[361.865s][info][gc,start       ] GC(874) Pause Young (Allocation Failure)
[361.867s][info][gc,heap        ] GC(874) PSYoungGen: 239168K(239616K)->64K(238592K) Eden: 239104K(239104K)->0K(229888K) From: 64K(512K)->64K(8704K)
[361.867s][info][gc,heap        ] GC(874) ParOldGen: 570378K(570880K)->570386K(570880K)
[361.867s][info][gc,metaspace   ] GC(874) Metaspace: 35374K(36096K)->35374K(36096K) NonClass: 26165K(26688K)->26165K(26688K) Class: 9209K(9408K)->9209K(9408K)
[361.867s][info][gc             ] GC(874) Pause Young (Allocation Failure) 790M->557M(790M) 2.027ms
[361.867s][info][gc,cpu         ] GC(874) User=0.00s Sys=0.01s Real=0.00s
[362.182s][info][gc,start       ] GC(875) Pause Young (Allocation Failure)
[362.186s][info][gc,heap        ] GC(875) PSYoungGen: 229952K(238592K)->32K(221696K) Eden: 229888K(229888K)->0K(221184K) From: 64K(8704K)->32K(512K)
[362.186s][info][gc,heap        ] GC(875) ParOldGen: 570386K(570880K)->570394K(570880K)
[362.186s][info][gc,metaspace   ] GC(875) Metaspace: 35374K(36096K)->35374K(36096K) NonClass: 26165K(26688K)->26165K(26688K) Class: 9209K(9408K)->9209K(9408K)
[362.186s][info][gc             ] GC(875) Pause Young (Allocation Failure) 781M->557M(774M) 4.220ms
[362.186s][info][gc,cpu         ] GC(875) User=0.00s Sys=0.00s Real=0.01s
[362.590s][info][gc,start       ] GC(876) Pause Young (Allocation Failure)
[362.600s][info][gc,heap        ] GC(876) PSYoungGen: 221216K(221696K)->4608K(270336K) Eden: 221184K(221184K)->0K(265728K) From: 32K(512K)->4608K(4608K)
[362.600s][info][gc,heap        ] GC(876) ParOldGen: 570394K(570880K)->570402K(570880K)
[362.600s][info][gc,metaspace   ] GC(876) Metaspace: 35374K(36096K)->35374K(36096K) NonClass: 26165K(26688K)->26165K(26688K) Class: 9209K(9408K)->9209K(9408K)
[362.600s][info][gc             ] GC(876) Pause Young (Allocation Failure) 773M->561M(821M) 9.863ms
[362.600s][info][gc,cpu         ] GC(876) User=0.02s Sys=0.00s Real=0.01s
[362.971s][info][gc,start       ] GC(877) Pause Young (Allocation Failure)
[363.034s][info][gc,heap        ] GC(877) PSYoungGen: 270336K(270336K)->8192K(263680K) Eden: 265728K(265728K)->0K(255488K) From: 4608K(4608K)->8192K(8192K)
[363.034s][info][gc,heap        ] GC(877) ParOldGen: 570402K(570880K)->592370K(592384K)
[363.034s][info][gc,metaspace   ] GC(877) Metaspace: 35374K(36096K)->35374K(36096K) NonClass: 26165K(26688K)->26165K(26688K) Class: 9209K(9408K)->9209K(9408K)
[363.034s][info][gc             ] GC(877) Pause Young (Allocation Failure) 821M->586M(836M) 63.034ms
[363.034s][info][gc,cpu         ] GC(877) User=0.11s Sys=0.01s Real=0.07s
[363.380s][info][gc,start       ] GC(878) Pause Young (Allocation Failure)
[363.439s][info][gc,heap        ] GC(878) PSYoungGen: 263680K(263680K)->18432K(273920K) Eden: 255488K(255488K)->0K(255488K) From: 8192K(8192K)->18432K(18432K)
[363.439s][info][gc,heap        ] GC(878) ParOldGen: 592370K(592384K)->602426K(602624K)
[363.439s][info][gc,metaspace   ] GC(878) Metaspace: 35374K(36096K)->35374K(36096K) NonClass: 26165K(26688K)->26165K(26688K) Class: 9209K(9408K)->9209K(9408K)
[363.439s][info][gc             ] GC(878) Pause Young (Allocation Failure) 835M->606M(856M) 58.314ms
[363.439s][info][gc,cpu         ] GC(878) User=0.10s Sys=0.00s Real=0.06s
[363.524s][info][gc,start       ] GC(879) Pause Young (Allocation Failure)
[363.529s][info][gc,heap        ] GC(879) PSYoungGen: 273920K(273920K)->64K(308736K) Eden: 255488K(255488K)->0K(283136K) From: 18432K(18432K)->64K(25600K)
[363.529s][info][gc,heap        ] GC(879) ParOldGen: 602426K(602624K)->602690K(603136K)
[363.529s][info][gc,metaspace   ] GC(879) Metaspace: 35374K(36096K)->35374K(36096K) NonClass: 26165K(26688K)->26165K(26688K) Class: 9209K(9408K)->9209K(9408K)
[363.529s][info][gc             ] GC(879) Pause Young (Allocation Failure) 855M->588M(890M) 5.192ms
[363.530s][info][gc,cpu         ] GC(879) User=0.01s Sys=0.00s Real=0.00s
[364.183s][info][gc,start       ] GC(880) Pause Young (Allocation Failure)
[364.185s][info][gc,heap        ] GC(880) PSYoungGen: 283200K(308736K)->64K(283648K) Eden: 283136K(283136K)->0K(283136K) From: 64K(25600K)->64K(512K)
[364.185s][info][gc,heap        ] GC(880) ParOldGen: 602690K(603136K)->602698K(603136K)
[364.185s][info][gc,metaspace   ] GC(880) Metaspace: 35374K(36096K)->35374K(36096K) NonClass: 26165K(26688K)->26165K(26688K) Class: 9209K(9408K)->9209K(9408K)
[364.185s][info][gc             ] GC(880) Pause Young (Allocation Failure) 865M->588M(866M) 1.995ms
[364.185s][info][gc,cpu         ] GC(880) User=0.00s Sys=0.00s Real=0.01s
[364.640s][info][gc,start       ] GC(881) Pause Young (Allocation Failure)
[364.642s][info][gc,heap        ] GC(881) PSYoungGen: 283200K(283648K)->64K(308224K) Eden: 283136K(283136K)->0K(284160K) From: 64K(512K)->64K(24064K)
[364.642s][info][gc,heap        ] GC(881) ParOldGen: 602698K(603136K)->602706K(603136K)
[364.642s][info][gc,metaspace   ] GC(881) Metaspace: 35374K(36096K)->35374K(36096K) NonClass: 26165K(26688K)->26165K(26688K) Class: 9209K(9408K)->9209K(9408K)
[364.642s][info][gc             ] GC(881) Pause Young (Allocation Failure) 865M->588M(890M) 1.988ms
[364.642s][info][gc,cpu         ] GC(881) User=0.00s Sys=0.00s Real=0.00s
[365.144s][info][gc,start       ] GC(882) Pause Young (Allocation Failure)
[365.146s][info][gc,heap        ] GC(882) PSYoungGen: 284224K(308224K)->64K(307200K) Eden: 284160K(284160K)->0K(284160K) From: 64K(24064K)->64K(23040K)
[365.146s][info][gc,heap        ] GC(882) ParOldGen: 602706K(603136K)->602722K(603136K)
[365.146s][info][gc,metaspace   ] GC(882) Metaspace: 35374K(36096K)->35374K(36096K) NonClass: 26165K(26688K)->26165K(26688K) Class: 9209K(9408K)->9209K(9408K)
[365.147s][info][gc             ] GC(882) Pause Young (Allocation Failure) 866M->588M(889M) 2.106ms
[365.147s][info][gc,cpu         ] GC(882) User=0.01s Sys=0.00s Real=0.00s
[365.406s][info][gc,start       ] GC(883) Pause Young (Allocation Failure)
[365.408s][info][gc,heap        ] GC(883) PSYoungGen: 284224K(307200K)->64K(309760K) Eden: 284160K(284160K)->0K(287744K) From: 64K(23040K)->64K(22016K)
[365.408s][info][gc,heap        ] GC(883) ParOldGen: 602722K(603136K)->602738K(603136K)
[365.408s][info][gc,metaspace   ] GC(883) Metaspace: 35374K(36096K)->35374K(36096K) NonClass: 26165K(26688K)->26165K(26688K) Class: 9209K(9408K)->9209K(9408K)
[365.408s][info][gc             ] GC(883) Pause Young (Allocation Failure) 866M->588M(891M) 1.949ms
[365.408s][info][gc,cpu         ] GC(883) User=0.01s Sys=0.00s Real=0.00s
[365.802s][info][gc,start       ] GC(884) Pause Young (Allocation Failure)
[365.804s][info][gc,heap        ] GC(884) PSYoungGen: 287808K(309760K)->64K(308736K) Eden: 287744K(287744K)->0K(287744K) From: 64K(22016K)->64K(20992K)
[365.804s][info][gc,heap        ] GC(884) ParOldGen: 602738K(603136K)->602738K(603136K)
[365.804s][info][gc,metaspace   ] GC(884) Metaspace: 35374K(36096K)->35374K(36096K) NonClass: 26165K(26688K)->26165K(26688K) Class: 9209K(9408K)->9209K(9408K)
[365.804s][info][gc             ] GC(884) Pause Young (Allocation Failure) 869M->588M(890M) 2.113ms
[365.804s][info][gc,cpu         ] GC(884) User=0.00s Sys=0.00s Real=0.01s
[365.927s][info][gc,start       ] GC(885) Pause Young (Allocation Failure)
[365.929s][info][gc,heap        ] GC(885) PSYoungGen: 287808K(308736K)->64K(311808K) Eden: 287744K(287744K)->0K(291840K) From: 64K(20992K)->64K(19968K)
[365.929s][info][gc,heap        ] GC(885) ParOldGen: 602738K(603136K)->602746K(603136K)
[365.929s][info][gc,metaspace   ] GC(885) Metaspace: 35374K(36096K)->35374K(36096K) NonClass: 26165K(26688K)->26165K(26688K) Class: 9209K(9408K)->9209K(9408K)
[365.929s][info][gc             ] GC(885) Pause Young (Allocation Failure) 869M->588M(893M) 1.932ms
[365.929s][info][gc,cpu         ] GC(885) User=0.00s Sys=0.00s Real=0.00s
[365.983s][info][gc,start       ] GC(886) Pause Young (Allocation Failure)
[365.985s][info][gc,heap        ] GC(886) PSYoungGen: 291904K(311808K)->64K(310784K) Eden: 291840K(291840K)->0K(291840K) From: 64K(19968K)->64K(18944K)
[365.985s][info][gc,heap        ] GC(886) ParOldGen: 602746K(603136K)->602762K(603136K)
[365.985s][info][gc,metaspace   ] GC(886) Metaspace: 35374K(36096K)->35374K(36096K) NonClass: 26165K(26688K)->26165K(26688K) Class: 9209K(9408K)->9209K(9408K)
[365.985s][info][gc             ] GC(886) Pause Young (Allocation Failure) 873M->588M(892M) 1.976ms
[365.985s][info][gc,cpu         ] GC(886) User=0.00s Sys=0.00s Real=0.00s
[366.185s][info][gc,start       ] GC(887) Pause Young (Allocation Failure)
[366.187s][info][gc,heap        ] GC(887) PSYoungGen: 291904K(310784K)->64K(313856K) Eden: 291840K(291840K)->0K(295936K) From: 64K(18944K)->64K(17920K)
[366.187s][info][gc,heap        ] GC(887) ParOldGen: 602762K(603136K)->602762K(603136K)
[366.187s][info][gc,metaspace   ] GC(887) Metaspace: 35374K(36096K)->35374K(36096K) NonClass: 26165K(26688K)->26165K(26688K) Class: 9209K(9408K)->9209K(9408K)
[366.187s][info][gc             ] GC(887) Pause Young (Allocation Failure) 873M->588M(895M) 1.963ms
[366.187s][info][gc,cpu         ] GC(887) User=0.00s Sys=0.00s Real=0.00s
[366.519s][info][gc,start       ] GC(888) Pause Young (Allocation Failure)
[366.521s][info][gc,heap        ] GC(888) PSYoungGen: 296000K(313856K)->64K(312832K) Eden: 295936K(295936K)->0K(295936K) From: 64K(17920K)->64K(16896K)
[366.521s][info][gc,heap        ] GC(888) ParOldGen: 602762K(603136K)->602770K(603136K)
[366.521s][info][gc,metaspace   ] GC(888) Metaspace: 35374K(36096K)->35374K(36096K) NonClass: 26165K(26688K)->26165K(26688K) Class: 9209K(9408K)->9209K(9408K)
[366.521s][info][gc             ] GC(888) Pause Young (Allocation Failure) 877M->588M(894M) 1.934ms
[366.521s][info][gc,cpu         ] GC(888) User=0.00s Sys=0.00s Real=0.00s
[366.688s][info][gc,start       ] GC(889) Pause Young (Allocation Failure)
[366.690s][info][gc,heap        ] GC(889) PSYoungGen: 296000K(312832K)->64K(315904K) Eden: 295936K(295936K)->0K(300032K) From: 64K(16896K)->64K(15872K)
[366.690s][info][gc,heap        ] GC(889) ParOldGen: 602770K(603136K)->602778K(603136K)
[366.690s][info][gc,metaspace   ] GC(889) Metaspace: 35374K(36096K)->35374K(36096K) NonClass: 26165K(26688K)->26165K(26688K) Class: 9209K(9408K)->9209K(9408K)
[366.690s][info][gc             ] GC(889) Pause Young (Allocation Failure) 877M->588M(897M) 2.104ms
[366.690s][info][gc,cpu         ] GC(889) User=0.00s Sys=0.00s Real=0.00s
[366.797s][info][gc,start       ] GC(890) Pause Young (Allocation Failure)
[366.799s][info][gc,heap        ] GC(890) PSYoungGen: 300096K(315904K)->64K(314880K) Eden: 300032K(300032K)->0K(300032K) From: 64K(15872K)->64K(14848K)
[366.799s][info][gc,heap        ] GC(890) ParOldGen: 602778K(603136K)->602786K(603136K)
[366.799s][info][gc,metaspace   ] GC(890) Metaspace: 35374K(36096K)->35374K(36096K) NonClass: 26165K(26688K)->26165K(26688K) Class: 9209K(9408K)->9209K(9408K)
[366.799s][info][gc             ] GC(890) Pause Young (Allocation Failure) 881M->588M(896M) 2.067ms
[366.799s][info][gc,cpu         ] GC(890) User=0.01s Sys=0.00s Real=0.00s
[367.007s][info][gc,start       ] GC(891) Pause Young (Allocation Failure)
[367.008s][info][gc,heap        ] GC(891) PSYoungGen: 300096K(314880K)->64K(317440K) Eden: 300032K(300032K)->0K(303616K) From: 64K(14848K)->64K(13824K)
[367.008s][info][gc,heap        ] GC(891) ParOldGen: 602786K(603136K)->602794K(603136K)
[367.008s][info][gc,metaspace   ] GC(891) Metaspace: 35374K(36096K)->35374K(36096K) NonClass: 26165K(26688K)->26165K(26688K) Class: 9209K(9408K)->9209K(9408K)
[367.008s][info][gc             ] GC(891) Pause Young (Allocation Failure) 881M->588M(899M) 1.946ms
[367.008s][info][gc,cpu         ] GC(891) User=0.00s Sys=0.00s Real=0.00s
[367.993s][info][gc,start       ] GC(892) Pause Young (Allocation Failure)
[367.995s][info][gc,heap        ] GC(892) PSYoungGen: 303680K(317440K)->83K(316928K) Eden: 303616K(303616K)->0K(303616K) From: 64K(13824K)->83K(13312K)
[367.995s][info][gc,heap        ] GC(892) ParOldGen: 602794K(603136K)->602802K(603136K)
[367.995s][info][gc,metaspace   ] GC(892) Metaspace: 35374K(36096K)->35374K(36096K) NonClass: 26165K(26688K)->26165K(26688K) Class: 9209K(9408K)->9209K(9408K)
[367.995s][info][gc             ] GC(892) Pause Young (Allocation Failure) 885M->588M(898M) 1.954ms
[367.995s][info][gc,cpu         ] GC(892) User=0.00s Sys=0.00s Real=0.00s
[368.967s][info][gc,start       ] GC(893) Pause Young (Allocation Failure)
[368.970s][info][gc,heap        ] GC(893) PSYoungGen: 303699K(316928K)->64K(291840K) Eden: 303616K(303616K)->0K(291328K) From: 83K(13312K)->64K(512K)
[368.970s][info][gc,heap        ] GC(893) ParOldGen: 602802K(603136K)->602810K(603136K)
[368.970s][info][gc,metaspace   ] GC(893) Metaspace: 35374K(36096K)->35374K(36096K) NonClass: 26165K(26688K)->26165K(26688K) Class: 9209K(9408K)->9209K(9408K)
[368.970s][info][gc             ] GC(893) Pause Young (Allocation Failure) 885M->588M(874M) 2.124ms
[368.970s][info][gc,cpu         ] GC(893) User=0.01s Sys=0.00s Real=0.00s
[369.492s][info][gc,start       ] GC(894) Pause Young (Allocation Failure)
[369.494s][info][gc,heap        ] GC(894) PSYoungGen: 291392K(291840K)->64K(290816K) Eden: 291328K(291328K)->0K(279552K) From: 64K(512K)->64K(11264K)
[369.494s][info][gc,heap        ] GC(894) ParOldGen: 602810K(603136K)->602818K(603136K)
[369.494s][info][gc,metaspace   ] GC(894) Metaspace: 35374K(36096K)->35374K(36096K) NonClass: 26165K(26688K)->26165K(26688K) Class: 9209K(9408K)->9209K(9408K)
[369.494s][info][gc             ] GC(894) Pause Young (Allocation Failure) 873M->588M(873M) 1.990ms
[369.494s][info][gc,cpu         ] GC(894) User=0.00s Sys=0.00s Real=0.01s
[370.639s][info][gc,start       ] GC(895) Pause Young (Allocation Failure)
[370.643s][info][gc,heap        ] GC(895) PSYoungGen: 279616K(290816K)->64K(268800K) Eden: 279552K(279552K)->0K(268288K) From: 64K(11264K)->64K(512K)
[370.643s][info][gc,heap        ] GC(895) ParOldGen: 602818K(603136K)->602834K(603136K)
[370.643s][info][gc,metaspace   ] GC(895) Metaspace: 35374K(36096K)->35374K(36096K) NonClass: 26165K(26688K)->26165K(26688K) Class: 9209K(9408K)->9209K(9408K)
[370.643s][info][gc             ] GC(895) Pause Young (Allocation Failure) 861M->588M(851M) 3.814ms
[370.643s][info][gc,cpu         ] GC(895) User=0.00s Sys=0.00s Real=0.00s
[371.102s][info][gc,start       ] GC(896) Pause Young (Allocation Failure)
[371.106s][info][gc,heap        ] GC(896) PSYoungGen: 268352K(268800K)->64K(267776K) Eden: 268288K(268288K)->0K(257536K) From: 64K(512K)->64K(10240K)
[371.106s][info][gc,heap        ] GC(896) ParOldGen: 602834K(603136K)->602842K(603136K)
[371.106s][info][gc,metaspace   ] GC(896) Metaspace: 35374K(36096K)->35374K(36096K) NonClass: 26165K(26688K)->26165K(26688K) Class: 9209K(9408K)->9209K(9408K)
[371.106s][info][gc             ] GC(896) Pause Young (Allocation Failure) 850M->588M(850M) 3.652ms
[371.106s][info][gc,cpu         ] GC(896) User=0.00s Sys=0.00s Real=0.01s
[371.285s][info][gc,start       ] GC(897) Pause Young (Allocation Failure)
[371.288s][info][gc,heap        ] GC(897) PSYoungGen: 257600K(267776K)->32K(247808K) Eden: 257536K(257536K)->0K(247296K) From: 64K(10240K)->32K(512K)
[371.288s][info][gc,heap        ] GC(897) ParOldGen: 602842K(603136K)->602850K(603136K)
[371.288s][info][gc,metaspace   ] GC(897) Metaspace: 35374K(36096K)->35374K(36096K) NonClass: 26165K(26688K)->26165K(26688K) Class: 9209K(9408K)->9209K(9408K)
[371.288s][info][gc             ] GC(897) Pause Young (Allocation Failure) 840M->588M(831M) 3.817ms
[371.289s][info][gc,cpu         ] GC(897) User=0.00s Sys=0.00s Real=0.00s
[371.609s][info][gc,start       ] GC(898) Pause Young (Allocation Failure)
[371.614s][info][gc,heap        ] GC(898) PSYoungGen: 247328K(247808K)->64K(291840K) Eden: 247296K(247296K)->0K(283136K) From: 32K(512K)->64K(8704K)
[371.614s][info][gc,heap        ] GC(898) ParOldGen: 602850K(603136K)->602858K(603136K)
[371.614s][info][gc,metaspace   ] GC(898) Metaspace: 35374K(36096K)->35374K(36096K) NonClass: 26165K(26688K)->26165K(26688K) Class: 9209K(9408K)->9209K(9408K)
[371.614s][info][gc             ] GC(898) Pause Young (Allocation Failure) 830M->588M(874M) 4.233ms
[371.614s][info][gc,cpu         ] GC(898) User=0.01s Sys=0.00s Real=0.01s
[372.091s][info][gc,start       ] GC(899) Pause Young (Allocation Failure)
[372.095s][info][gc,heap        ] GC(899) PSYoungGen: 283200K(291840K)->64K(272384K) Eden: 283136K(283136K)->0K(271872K) From: 64K(8704K)->64K(512K)
[372.095s][info][gc,heap        ] GC(899) ParOldGen: 602858K(603136K)->602866K(603136K)
[372.095s][info][gc,metaspace   ] GC(899) Metaspace: 35374K(36096K)->35374K(36096K) NonClass: 26165K(26688K)->26165K(26688K) Class: 9209K(9408K)->9209K(9408K)
[372.095s][info][gc             ] GC(899) Pause Young (Allocation Failure) 865M->588M(855M) 3.664ms
[372.095s][info][gc,cpu         ] GC(899) User=0.01s Sys=0.00s Real=0.01s
[372.565s][info][gc,start       ] GC(900) Pause Young (Allocation Failure)
[372.586s][info][gc,heap        ] GC(900) PSYoungGen: 271936K(272384K)->7680K(297984K) Eden: 271872K(271872K)->0K(290304K) From: 64K(512K)->7680K(7680K)
[372.586s][info][gc,heap        ] GC(900) ParOldGen: 602866K(603136K)->605762K(606208K)
[372.586s][info][gc,metaspace   ] GC(900) Metaspace: 35374K(36096K)->35374K(36096K) NonClass: 26165K(26688K)->26165K(26688K) Class: 9209K(9408K)->9209K(9408K)
[372.586s][info][gc             ] GC(900) Pause Young (Allocation Failure) 854M->599M(883M) 21.509ms
[372.586s][info][gc,cpu         ] GC(900) User=0.04s Sys=0.00s Real=0.02s
[372.997s][info][gc,start       ] GC(901) Pause Young (Allocation Failure)
[373.072s][info][gc,heap        ] GC(901) PSYoungGen: 297984K(297984K)->10752K(302592K) Eden: 290304K(290304K)->0K(291840K) From: 7680K(7680K)->10752K(10752K)
[373.072s][info][gc,heap        ] GC(901) ParOldGen: 605762K(606208K)->628034K(628224K)
[373.072s][info][gc,metaspace   ] GC(901) Metaspace: 35374K(36096K)->35374K(36096K) NonClass: 26165K(26688K)->26165K(26688K) Class: 9209K(9408K)->9209K(9408K)
[373.072s][info][gc             ] GC(901) Pause Young (Allocation Failure) 882M->623M(909M) 75.801ms
[373.072s][info][gc,cpu         ] GC(901) User=0.13s Sys=0.03s Real=0.07s
[373.346s][info][gc,start       ] GC(902) Pause Young (Allocation Failure)
[373.390s][info][gc,heap        ] GC(902) PSYoungGen: 302592K(302592K)->19136K(311296K) Eden: 291840K(291840K)->0K(291840K) From: 10752K(10752K)->19136K(19456K)
[373.390s][info][gc,heap        ] GC(902) ParOldGen: 628034K(628224K)->628642K(628736K)
[373.390s][info][gc,metaspace   ] GC(902) Metaspace: 35374K(36096K)->35374K(36096K) NonClass: 26165K(26688K)->26165K(26688K) Class: 9209K(9408K)->9209K(9408K)
[373.390s][info][gc             ] GC(902) Pause Young (Allocation Failure) 908M->632M(918M) 44.387ms
[373.390s][info][gc,cpu         ] GC(902) User=0.08s Sys=0.00s Real=0.04s
[373.744s][info][gc,start       ] GC(903) Pause Young (Allocation Failure)
[373.746s][info][gc,heap        ] GC(903) PSYoungGen: 310976K(311296K)->64K(308224K) Eden: 291840K(291840K)->0K(285696K) From: 19136K(19456K)->64K(22528K)
[373.746s][info][gc,heap        ] GC(903) ParOldGen: 628642K(628736K)->628650K(628736K)
[373.746s][info][gc,metaspace   ] GC(903) Metaspace: 35374K(36096K)->35374K(36096K) NonClass: 26165K(26688K)->26165K(26688K) Class: 9209K(9408K)->9209K(9408K)
[373.746s][info][gc             ] GC(903) Pause Young (Allocation Failure) 917M->613M(915M) 2.124ms
[373.746s][info][gc,cpu         ] GC(903) User=0.01s Sys=0.00s Real=0.00s
[374.425s][info][gc,start       ] GC(904) Pause Young (Allocation Failure)
[374.427s][info][gc,heap        ] GC(904) PSYoungGen: 285760K(308224K)->64K(309760K) Eden: 285696K(285696K)->0K(285696K) From: 64K(22528K)->64K(24064K)
[374.427s][info][gc,heap        ] GC(904) ParOldGen: 628650K(628736K)->628658K(628736K)
[374.427s][info][gc,metaspace   ] GC(904) Metaspace: 35374K(36096K)->35374K(36096K) NonClass: 26165K(26688K)->26165K(26688K) Class: 9209K(9408K)->9209K(9408K)
[374.427s][info][gc             ] GC(904) Pause Young (Allocation Failure) 892M->613M(916M) 2.199ms
[374.427s][info][gc,cpu         ] GC(904) User=0.01s Sys=0.00s Real=0.00s
[374.938s][info][gc,start       ] GC(905) Pause Young (Allocation Failure)
[374.940s][info][gc,heap        ] GC(905) PSYoungGen: 285760K(309760K)->64K(308224K) Eden: 285696K(285696K)->0K(286720K) From: 64K(24064K)->64K(21504K)
[374.940s][info][gc,heap        ] GC(905) ParOldGen: 628658K(628736K)->628674K(628736K)
[374.940s][info][gc,metaspace   ] GC(905) Metaspace: 35374K(36096K)->35374K(36096K) NonClass: 26165K(26688K)->26165K(26688K) Class: 9209K(9408K)->9209K(9408K)
[374.940s][info][gc             ] GC(905) Pause Young (Allocation Failure) 892M->614M(915M) 2.364ms
[374.940s][info][gc,cpu         ] GC(905) User=0.01s Sys=0.00s Real=0.00s
[375.204s][info][gc,start       ] GC(906) Pause Young (Allocation Failure)
[375.206s][info][gc,heap        ] GC(906) PSYoungGen: 286784K(308224K)->64K(309248K) Eden: 286720K(286720K)->0K(286720K) From: 64K(21504K)->64K(22528K)
[375.206s][info][gc,heap        ] GC(906) ParOldGen: 628674K(628736K)->628690K(628736K)
[375.206s][info][gc,metaspace   ] GC(906) Metaspace: 35374K(36096K)->35374K(36096K) NonClass: 26165K(26688K)->26165K(26688K) Class: 9209K(9408K)->9209K(9408K)
[375.206s][info][gc             ] GC(906) Pause Young (Allocation Failure) 894M->614M(916M) 2.045ms
[375.206s][info][gc,cpu         ] GC(906) User=0.00s Sys=0.00s Real=0.00s
[375.471s][info][gc,start       ] GC(907) Pause Young (Allocation Failure)
[375.473s][info][gc,heap        ] GC(907) PSYoungGen: 286784K(309248K)->64K(309248K) Eden: 286720K(286720K)->0K(289792K) From: 64K(22528K)->64K(19456K)
[375.473s][info][gc,heap        ] GC(907) ParOldGen: 628690K(628736K)->628690K(628736K)
[375.473s][info][gc,metaspace   ] GC(907) Metaspace: 35374K(36096K)->35374K(36096K) NonClass: 26165K(26688K)->26165K(26688K) Class: 9209K(9408K)->9209K(9408K)
[375.473s][info][gc             ] GC(907) Pause Young (Allocation Failure) 894M->614M(916M) 2.102ms
[375.473s][info][gc,cpu         ] GC(907) User=0.00s Sys=0.00s Real=0.01s
[375.821s][info][gc,start       ] GC(908) Pause Young (Allocation Failure)
[375.823s][info][gc,heap        ] GC(908) PSYoungGen: 289856K(309248K)->64K(310272K) Eden: 289792K(289792K)->0K(289792K) From: 64K(19456K)->64K(20480K)
[375.823s][info][gc,heap        ] GC(908) ParOldGen: 628690K(628736K)->628690K(628736K)
[375.823s][info][gc,metaspace   ] GC(908) Metaspace: 35387K(36096K)->35387K(36096K) NonClass: 26177K(26688K)->26177K(26688K) Class: 9209K(9408K)->9209K(9408K)
[375.823s][info][gc             ] GC(908) Pause Young (Allocation Failure) 897M->614M(917M) 2.015ms
[375.823s][info][gc,cpu         ] GC(908) User=0.00s Sys=0.00s Real=0.00s
[375.874s][info][gc,start       ] GC(909) Pause Young (Allocation Failure)
[375.876s][info][gc,heap        ] GC(909) PSYoungGen: 289856K(310272K)->64K(311296K) Eden: 289792K(289792K)->0K(293888K) From: 64K(20480K)->64K(17408K)
[375.876s][info][gc,heap        ] GC(909) ParOldGen: 628690K(628736K)->628706K(628736K)
[375.876s][info][gc,metaspace   ] GC(909) Metaspace: 35387K(36096K)->35387K(36096K) NonClass: 26177K(26688K)->26177K(26688K) Class: 9209K(9408K)->9209K(9408K)
[375.876s][info][gc             ] GC(909) Pause Young (Allocation Failure) 897M->614M(918M) 2.159ms
[375.876s][info][gc,cpu         ] GC(909) User=0.00s Sys=0.00s Real=0.00s
[375.951s][info][gc,start       ] GC(910) Pause Young (Allocation Failure)
[375.953s][info][gc,heap        ] GC(910) PSYoungGen: 293952K(311296K)->64K(312320K) Eden: 293888K(293888K)->0K(293888K) From: 64K(17408K)->64K(18432K)
[375.953s][info][gc,heap        ] GC(910) ParOldGen: 628706K(628736K)->628706K(628736K)
[375.953s][info][gc,metaspace   ] GC(910) Metaspace: 35387K(36096K)->35387K(36096K) NonClass: 26177K(26688K)->26177K(26688K) Class: 9209K(9408K)->9209K(9408K)
[375.953s][info][gc             ] GC(910) Pause Young (Allocation Failure) 901M->614M(919M) 1.971ms
[375.953s][info][gc,cpu         ] GC(910) User=0.00s Sys=0.00s Real=0.01s
[376.293s][info][gc,start       ] GC(911) Pause Young (Allocation Failure)
[376.294s][info][gc,heap        ] GC(911) PSYoungGen: 293952K(312320K)->64K(313344K) Eden: 293888K(293888K)->0K(297984K) From: 64K(18432K)->64K(15360K)
[376.295s][info][gc,heap        ] GC(911) ParOldGen: 628706K(628736K)->628722K(628736K)
[376.295s][info][gc,metaspace   ] GC(911) Metaspace: 35387K(36096K)->35387K(36096K) NonClass: 26177K(26688K)->26177K(26688K) Class: 9209K(9408K)->9209K(9408K)
[376.295s][info][gc             ] GC(911) Pause Young (Allocation Failure) 901M->614M(920M) 2.026ms
[376.295s][info][gc,cpu         ] GC(911) User=0.00s Sys=0.00s Real=0.01s
[376.554s][info][gc,start       ] GC(912) Pause Young (Allocation Failure)
[376.556s][info][gc,heap        ] GC(912) PSYoungGen: 298048K(313344K)->64K(314368K) Eden: 297984K(297984K)->0K(297984K) From: 64K(15360K)->64K(16384K)
[376.556s][info][gc,heap        ] GC(912) ParOldGen: 628722K(628736K)->628722K(628736K)
[376.556s][info][gc,metaspace   ] GC(912) Metaspace: 35388K(36096K)->35388K(36096K) NonClass: 26179K(26688K)->26179K(26688K) Class: 9209K(9408K)->9209K(9408K)
[376.556s][info][gc             ] GC(912) Pause Young (Allocation Failure) 905M->614M(921M) 2.065ms
[376.556s][info][gc,cpu         ] GC(912) User=0.01s Sys=0.00s Real=0.00s
[376.646s][info][gc,start       ] GC(913) Pause Young (Allocation Failure)
[376.648s][info][gc,heap        ] GC(913) PSYoungGen: 298048K(314368K)->64K(315392K) Eden: 297984K(297984K)->0K(302080K) From: 64K(16384K)->64K(13312K)
[376.648s][info][gc,heap        ] GC(913) ParOldGen: 628722K(628736K)->628738K(629248K)
[376.648s][info][gc,metaspace   ] GC(913) Metaspace: 35388K(36096K)->35388K(36096K) NonClass: 26179K(26688K)->26179K(26688K) Class: 9209K(9408K)->9209K(9408K)
[376.648s][info][gc             ] GC(913) Pause Young (Allocation Failure) 905M->614M(922M) 2.096ms
[376.648s][info][gc,cpu         ] GC(913) User=0.00s Sys=0.00s Real=0.00s
[376.822s][info][gc,start       ] GC(914) Pause Young (Allocation Failure)
[376.824s][info][gc,heap        ] GC(914) PSYoungGen: 302144K(315392K)->64K(316416K) Eden: 302080K(302080K)->0K(302080K) From: 64K(13312K)->64K(14336K)
[376.824s][info][gc,heap        ] GC(914) ParOldGen: 628738K(629248K)->628738K(629248K)
[376.824s][info][gc,metaspace   ] GC(914) Metaspace: 35398K(36160K)->35398K(36160K) NonClass: 26189K(26752K)->26189K(26752K) Class: 9209K(9408K)->9209K(9408K)
[376.824s][info][gc             ] GC(914) Pause Young (Allocation Failure) 909M->614M(923M) 2.014ms
[376.824s][info][gc,cpu         ] GC(914) User=0.01s Sys=0.01s Real=0.01s
[377.865s][info][gc,start       ] GC(915) Pause Young (Allocation Failure)
[377.867s][info][gc,heap        ] GC(915) PSYoungGen: 302144K(316416K)->83K(316928K) Eden: 302080K(302080K)->0K(305664K) From: 64K(14336K)->83K(11264K)
[377.867s][info][gc,heap        ] GC(915) ParOldGen: 628738K(629248K)->628746K(629248K)
[377.867s][info][gc,metaspace   ] GC(915) Metaspace: 35398K(36160K)->35398K(36160K) NonClass: 26189K(26752K)->26189K(26752K) Class: 9209K(9408K)->9209K(9408K)
[377.867s][info][gc             ] GC(915) Pause Young (Allocation Failure) 909M->614M(924M) 2.309ms
[377.867s][info][gc,cpu         ] GC(915) User=0.00s Sys=0.00s Real=0.00s
[378.767s][info][gc,start       ] GC(916) Pause Young (Allocation Failure)
[378.770s][info][gc,heap        ] GC(916) PSYoungGen: 305747K(316928K)->32K(293888K) Eden: 305664K(305664K)->0K(293376K) From: 83K(11264K)->32K(512K)
[378.770s][info][gc,heap        ] GC(916) ParOldGen: 628746K(629248K)->628754K(629248K)
[378.770s][info][gc,metaspace   ] GC(916) Metaspace: 35398K(36160K)->35398K(36160K) NonClass: 26189K(26752K)->26189K(26752K) Class: 9209K(9408K)->9209K(9408K)
[378.770s][info][gc             ] GC(916) Pause Young (Allocation Failure) 912M->614M(901M) 3.647ms
[378.770s][info][gc,cpu         ] GC(916) User=0.01s Sys=0.00s Real=0.00s
[379.112s][info][gc,start       ] GC(917) Pause Young (Allocation Failure)
[379.116s][info][gc,heap        ] GC(917) PSYoungGen: 293408K(293888K)->32K(282112K) Eden: 293376K(293376K)->0K(281600K) From: 32K(512K)->32K(512K)
[379.116s][info][gc,heap        ] GC(917) ParOldGen: 628754K(629248K)->628762K(629248K)
[379.116s][info][gc,metaspace   ] GC(917) Metaspace: 35398K(36160K)->35398K(36160K) NonClass: 26189K(26752K)->26189K(26752K) Class: 9209K(9408K)->9209K(9408K)
[379.116s][info][gc             ] GC(917) Pause Young (Allocation Failure) 900M->614M(890M) 3.206ms
[379.116s][info][gc,cpu         ] GC(917) User=0.00s Sys=0.00s Real=0.01s
[380.128s][info][gc,start       ] GC(918) Pause Young (Allocation Failure)
[380.130s][info][gc,heap        ] GC(918) PSYoungGen: 281632K(282112K)->64K(281600K) Eden: 281600K(281600K)->0K(270336K) From: 32K(512K)->64K(11264K)
[380.130s][info][gc,heap        ] GC(918) ParOldGen: 628762K(629248K)->628770K(629248K)
[380.130s][info][gc,metaspace   ] GC(918) Metaspace: 35398K(36160K)->35398K(36160K) NonClass: 26189K(26752K)->26189K(26752K) Class: 9209K(9408K)->9209K(9408K)
[380.130s][info][gc             ] GC(918) Pause Young (Allocation Failure) 889M->614M(889M) 2.900ms
[380.130s][info][gc,cpu         ] GC(918) User=0.00s Sys=0.00s Real=0.00s
[380.814s][info][gc,start       ] GC(919) Pause Young (Allocation Failure)
[380.819s][info][gc,heap        ] GC(919) PSYoungGen: 270400K(281600K)->32K(260096K) Eden: 270336K(270336K)->0K(259584K) From: 64K(11264K)->32K(512K)
[380.819s][info][gc,heap        ] GC(919) ParOldGen: 628770K(629248K)->628778K(629248K)
[380.819s][info][gc,metaspace   ] GC(919) Metaspace: 35398K(36160K)->35398K(36160K) NonClass: 26189K(26752K)->26189K(26752K) Class: 9209K(9408K)->9209K(9408K)
[380.819s][info][gc             ] GC(919) Pause Young (Allocation Failure) 878M->614M(868M) 4.148ms
[380.819s][info][gc,cpu         ] GC(919) User=0.01s Sys=0.00s Real=0.00s
[381.217s][info][gc,start       ] GC(920) Pause Young (Allocation Failure)
[381.220s][info][gc,heap        ] GC(920) PSYoungGen: 259616K(260096K)->32K(259072K) Eden: 259584K(259584K)->0K(249344K) From: 32K(512K)->32K(9728K)
[381.220s][info][gc,heap        ] GC(920) ParOldGen: 628778K(629248K)->628786K(629248K)
[381.220s][info][gc,metaspace   ] GC(920) Metaspace: 35399K(36160K)->35399K(36160K) NonClass: 26190K(26752K)->26190K(26752K) Class: 9209K(9408K)->9209K(9408K)
[381.220s][info][gc             ] GC(920) Pause Young (Allocation Failure) 867M->614M(867M) 2.958ms
[381.220s][info][gc,cpu         ] GC(920) User=0.01s Sys=0.00s Real=0.00s
[381.307s][info][gc,start       ] GC(921) Pause Young (Allocation Failure)
[381.311s][info][gc,heap        ] GC(921) PSYoungGen: 249376K(259072K)->32K(290816K) Eden: 249344K(249344K)->0K(281600K) From: 32K(9728K)->32K(9216K)
[381.311s][info][gc,heap        ] GC(921) ParOldGen: 628786K(629248K)->628794K(629248K)
[381.311s][info][gc,metaspace   ] GC(921) Metaspace: 35399K(36160K)->35399K(36160K) NonClass: 26190K(26752K)->26190K(26752K) Class: 9209K(9408K)->9209K(9408K)
[381.311s][info][gc             ] GC(921) Pause Young (Allocation Failure) 857M->614M(898M) 3.742ms
[381.311s][info][gc,cpu         ] GC(921) User=0.01s Sys=0.00s Real=0.00s
[381.979s][info][gc,start       ] GC(922) Pause Young (Allocation Failure)
[381.982s][info][gc,heap        ] GC(922) PSYoungGen: 281632K(290816K)->32K(290304K) Eden: 281600K(281600K)->0K(281600K) From: 32K(9216K)->32K(8704K)
[381.982s][info][gc,heap        ] GC(922) ParOldGen: 628794K(629248K)->628802K(629248K)
[381.982s][info][gc,metaspace   ] GC(922) Metaspace: 35399K(36160K)->35399K(36160K) NonClass: 26190K(26752K)->26190K(26752K) Class: 9209K(9408K)->9209K(9408K)
[381.982s][info][gc             ] GC(922) Pause Young (Allocation Failure) 889M->614M(898M) 2.956ms
[381.982s][info][gc,cpu         ] GC(922) User=0.01s Sys=0.00s Real=0.00s
[382.329s][info][gc,start       ] GC(923) Pause Young (Allocation Failure)
[382.332s][info][gc,heap        ] GC(923) PSYoungGen: 281632K(290304K)->32K(324096K) Eden: 281600K(281600K)->0K(316416K) From: 32K(8704K)->32K(7680K)
[382.332s][info][gc,heap        ] GC(923) ParOldGen: 628802K(629248K)->628810K(629248K)
[382.332s][info][gc,metaspace   ] GC(923) Metaspace: 35399K(36160K)->35399K(36160K) NonClass: 26190K(26752K)->26190K(26752K) Class: 9209K(9408K)->9209K(9408K)
[382.332s][info][gc             ] GC(923) Pause Young (Allocation Failure) 889M->614M(931M) 2.993ms
[382.332s][info][gc,cpu         ] GC(923) User=0.01s Sys=0.00s Real=0.00s
[382.815s][info][gc,start       ] GC(924) Pause Young (Allocation Failure)
[382.909s][info][gc,heap        ] GC(924) PSYoungGen: 316448K(324096K)->7168K(323584K) Eden: 316416K(316416K)->0K(316416K) From: 32K(7680K)->7168K(7168K)
[382.909s][info][gc,heap        ] GC(924) ParOldGen: 628810K(629248K)->656042K(656384K)
[382.909s][info][gc,metaspace   ] GC(924) Metaspace: 35399K(36160K)->35399K(36160K) NonClass: 26190K(26752K)->26190K(26752K) Class: 9209K(9408K)->9209K(9408K)
[382.909s][info][gc             ] GC(924) Pause Young (Allocation Failure) 923M->647M(957M) 94.035ms
[382.909s][info][gc,cpu         ] GC(924) User=0.15s Sys=0.03s Real=0.09s
[383.276s][info][gc,start       ] GC(925) Pause Full (Allocation Failure)
[383.276s][info][gc,phases,start] GC(925) Marking Phase
[383.372s][info][gc,phases      ] GC(925) Marking Phase 96.247ms
[383.372s][info][gc,phases,start] GC(925) Summary Phase
[383.372s][info][gc,phases      ] GC(925) Summary Phase 0.027ms
[383.372s][info][gc,phases,start] GC(925) Forward
[383.403s][info][gc,phases      ] GC(925) Forward 30.155ms
[383.403s][info][gc,phases,start] GC(925) Adjust Pointers
[383.451s][info][gc,phases      ] GC(925) Adjust Pointers 48.701ms
[383.451s][info][gc,phases,start] GC(925) Compaction Phase
[383.480s][info][gc,phases      ] GC(925) Compaction Phase 28.410ms
[383.480s][info][gc,phases,start] GC(925) Post Compact
[383.486s][info][gc,phases      ] GC(925) Post Compact 6.277ms
[383.531s][info][gc,heap        ] GC(925) PSYoungGen: 323584K(323584K)->0K(306176K) Eden: 316416K(316416K)->0K(295936K) From: 7168K(7168K)->0K(10240K)
[383.531s][info][gc,heap        ] GC(925) ParOldGen: 656042K(656384K)->84160K(175104K)
[383.531s][info][gc,metaspace   ] GC(925) Metaspace: 35399K(36160K)->35399K(36160K) NonClass: 26190K(26752K)->26190K(26752K) Class: 9209K(9408K)->9209K(9408K)
[383.531s][info][gc             ] GC(925) Pause Full (Allocation Failure) 956M->82M(470M) 255.511ms
[383.531s][info][gc,cpu         ] GC(925) User=0.36s Sys=0.05s Real=0.25s
[383.765s][info][gc,start       ] GC(926) Pause Young (Allocation Failure)
[383.774s][info][gc,heap        ] GC(926) PSYoungGen: 295936K(306176K)->32K(314880K) Eden: 295936K(295936K)->0K(295936K) From: 0K(10240K)->32K(18944K)
[383.774s][info][gc,heap        ] GC(926) ParOldGen: 84160K(175104K)->84160K(175104K)
[383.774s][info][gc,metaspace   ] GC(926) Metaspace: 35401K(36160K)->35401K(36160K) NonClass: 26192K(26752K)->26192K(26752K) Class: 9209K(9408K)->9209K(9408K)
[383.774s][info][gc             ] GC(926) Pause Young (Allocation Failure) 371M->82M(478M) 9.083ms
[383.774s][info][gc,cpu         ] GC(926) User=0.02s Sys=0.00s Real=0.01s
[384.529s][info][gc,start       ] GC(927) Pause Young (Allocation Failure)
[384.529s][info][gc,heap        ] GC(927) PSYoungGen: 295968K(314880K)->64K(312320K) Eden: 295936K(295936K)->0K(296448K) From: 32K(18944K)->64K(15872K)
[384.529s][info][gc,heap        ] GC(927) ParOldGen: 84160K(175104K)->84168K(175104K)
[384.529s][info][gc,metaspace   ] GC(927) Metaspace: 35401K(36160K)->35401K(36160K) NonClass: 26192K(26752K)->26192K(26752K) Class: 9209K(9408K)->9209K(9408K)
[384.529s][info][gc             ] GC(927) Pause Young (Allocation Failure) 371M->82M(476M) 0.793ms
[384.529s][info][gc,cpu         ] GC(927) User=0.00s Sys=0.00s Real=0.00s
[385.061s][info][gc,start       ] GC(928) Pause Young (Allocation Failure)
[385.061s][info][gc,heap        ] GC(928) PSYoungGen: 296512K(312320K)->64K(313856K) Eden: 296448K(296448K)->0K(296448K) From: 64K(15872K)->64K(17408K)
[385.061s][info][gc,heap        ] GC(928) ParOldGen: 84168K(175104K)->84184K(175104K)
[385.061s][info][gc,metaspace   ] GC(928) Metaspace: 35401K(36160K)->35401K(36160K) NonClass: 26192K(26752K)->26192K(26752K) Class: 9209K(9408K)->9209K(9408K)
[385.061s][info][gc             ] GC(928) Pause Young (Allocation Failure) 371M->82M(477M) 0.769ms
[385.061s][info][gc,cpu         ] GC(928) User=0.00s Sys=0.00s Real=0.00s
[385.331s][info][gc,start       ] GC(929) Pause Young (Allocation Failure)
[385.332s][info][gc,heap        ] GC(929) PSYoungGen: 296512K(313856K)->32K(313856K) Eden: 296448K(296448K)->0K(299520K) From: 64K(17408K)->32K(14336K)
[385.332s][info][gc,heap        ] GC(929) ParOldGen: 84184K(175104K)->84200K(175104K)
[385.332s][info][gc,metaspace   ] GC(929) Metaspace: 35401K(36160K)->35401K(36160K) NonClass: 26192K(26752K)->26192K(26752K) Class: 9209K(9408K)->9209K(9408K)
[385.332s][info][gc             ] GC(929) Pause Young (Allocation Failure) 371M->82M(477M) 0.813ms
[385.332s][info][gc,cpu         ] GC(929) User=0.01s Sys=0.00s Real=0.00s
[385.617s][info][gc,start       ] GC(930) Pause Young (Allocation Failure)
[385.618s][info][gc,heap        ] GC(930) PSYoungGen: 299552K(313856K)->64K(315392K) Eden: 299520K(299520K)->0K(299520K) From: 32K(14336K)->64K(15872K)
[385.618s][info][gc,heap        ] GC(930) ParOldGen: 84200K(175104K)->84200K(175104K)
[385.618s][info][gc,metaspace   ] GC(930) Metaspace: 35401K(36160K)->35401K(36160K) NonClass: 26192K(26752K)->26192K(26752K) Class: 9209K(9408K)->9209K(9408K)
[385.618s][info][gc             ] GC(930) Pause Young (Allocation Failure) 374M->82M(479M) 0.802ms
[385.618s][info][gc,cpu         ] GC(930) User=0.00s Sys=0.00s Real=0.00s
[385.980s][info][gc,start       ] GC(931) Pause Young (Allocation Failure)
[385.981s][info][gc,heap        ] GC(931) PSYoungGen: 299584K(315392K)->64K(316416K) Eden: 299520K(299520K)->0K(303104K) From: 64K(15872K)->64K(13312K)
[385.981s][info][gc,heap        ] GC(931) ParOldGen: 84200K(175104K)->84200K(175104K)
[385.981s][info][gc,metaspace   ] GC(931) Metaspace: 35401K(36160K)->35401K(36160K) NonClass: 26192K(26752K)->26192K(26752K) Class: 9209K(9408K)->9209K(9408K)
[385.981s][info][gc             ] GC(931) Pause Young (Allocation Failure) 374M->82M(480M) 0.959ms
[385.981s][info][gc,cpu         ] GC(931) User=0.00s Sys=0.00s Real=0.00s
[386.041s][info][gc,start       ] GC(932) Pause Young (Allocation Failure)
[386.041s][info][gc,heap        ] GC(932) PSYoungGen: 303168K(316416K)->64K(317440K) Eden: 303104K(303104K)->0K(303104K) From: 64K(13312K)->64K(14336K)
[386.041s][info][gc,heap        ] GC(932) ParOldGen: 84200K(175104K)->84216K(175104K)
[386.041s][info][gc,metaspace   ] GC(932) Metaspace: 35401K(36160K)->35401K(36160K) NonClass: 26192K(26752K)->26192K(26752K) Class: 9209K(9408K)->9209K(9408K)
[386.041s][info][gc             ] GC(932) Pause Young (Allocation Failure) 378M->82M(481M) 0.737ms
[386.041s][info][gc,cpu         ] GC(932) User=0.00s Sys=0.00s Real=0.00s
[386.143s][info][gc,start       ] GC(933) Pause Young (Allocation Failure)
[386.144s][info][gc,heap        ] GC(933) PSYoungGen: 303168K(317440K)->64K(318464K) Eden: 303104K(303104K)->0K(306176K) From: 64K(14336K)->64K(12288K)
[386.144s][info][gc,heap        ] GC(933) ParOldGen: 84216K(175104K)->84216K(175104K)
[386.144s][info][gc,metaspace   ] GC(933) Metaspace: 35401K(36160K)->35401K(36160K) NonClass: 26192K(26752K)->26192K(26752K) Class: 9209K(9408K)->9209K(9408K)
[386.144s][info][gc             ] GC(933) Pause Young (Allocation Failure) 378M->82M(482M) 0.748ms
[386.144s][info][gc,cpu         ] GC(933) User=0.00s Sys=0.00s Real=0.00s
[386.499s][info][gc,start       ] GC(934) Pause Young (Allocation Failure)
[386.500s][info][gc,heap        ] GC(934) PSYoungGen: 306240K(318464K)->64K(294400K) Eden: 306176K(306176K)->0K(293888K) From: 64K(12288K)->64K(512K)
[386.500s][info][gc,heap        ] GC(934) ParOldGen: 84216K(175104K)->84232K(175104K)
[386.500s][info][gc,metaspace   ] GC(934) Metaspace: 35401K(36160K)->35401K(36160K) NonClass: 26192K(26752K)->26192K(26752K) Class: 9209K(9408K)->9209K(9408K)
[386.500s][info][gc             ] GC(934) Pause Young (Allocation Failure) 381M->82M(458M) 1.066ms
[386.500s][info][gc,cpu         ] GC(934) User=0.00s Sys=0.00s Real=0.00s
[386.726s][info][gc,start       ] GC(935) Pause Young (Allocation Failure)
[386.728s][info][gc,heap        ] GC(935) PSYoungGen: 293952K(294400K)->64K(282624K) Eden: 293888K(293888K)->0K(282112K) From: 64K(512K)->64K(512K)
[386.728s][info][gc,heap        ] GC(935) ParOldGen: 84232K(175104K)->84232K(175104K)
[386.728s][info][gc,metaspace   ] GC(935) Metaspace: 35401K(36160K)->35401K(36160K) NonClass: 26192K(26752K)->26192K(26752K) Class: 9209K(9408K)->9209K(9408K)
[386.728s][info][gc             ] GC(935) Pause Young (Allocation Failure) 369M->82M(447M) 1.934ms
[386.728s][info][gc,cpu         ] GC(935) User=0.00s Sys=0.01s Real=0.00s
[386.817s][info][gc,start       ] GC(936) Pause Young (Allocation Failure)
[386.818s][info][gc,heap        ] GC(936) PSYoungGen: 282176K(282624K)->64K(282112K) Eden: 282112K(282112K)->0K(270848K) From: 64K(512K)->64K(11264K)
[386.818s][info][gc,heap        ] GC(936) ParOldGen: 84232K(175104K)->84248K(175104K)
[386.818s][info][gc,metaspace   ] GC(936) Metaspace: 35401K(36160K)->35401K(36160K) NonClass: 26192K(26752K)->26192K(26752K) Class: 9209K(9408K)->9209K(9408K)
[386.818s][info][gc             ] GC(936) Pause Young (Allocation Failure) 357M->82M(446M) 0.808ms
[386.818s][info][gc,cpu         ] GC(936) User=0.00s Sys=0.00s Real=0.00s
[386.976s][info][gc,start       ] GC(937) Pause Young (Allocation Failure)
[386.978s][info][gc,heap        ] GC(937) PSYoungGen: 270912K(282112K)->64K(260608K) Eden: 270848K(270848K)->0K(260096K) From: 64K(11264K)->64K(512K)
[386.978s][info][gc,heap        ] GC(937) ParOldGen: 84248K(175104K)->84248K(175104K)
[386.978s][info][gc,metaspace   ] GC(937) Metaspace: 35401K(36160K)->35401K(36160K) NonClass: 26192K(26752K)->26192K(26752K) Class: 9209K(9408K)->9209K(9408K)
[386.978s][info][gc             ] GC(937) Pause Young (Allocation Failure) 346M->82M(425M) 1.619ms
[386.978s][info][gc,cpu         ] GC(937) User=0.00s Sys=0.00s Real=0.00s
[387.413s][info][gc,start       ] GC(938) Pause Young (Allocation Failure)
[387.414s][info][gc,heap        ] GC(938) PSYoungGen: 260160K(260608K)->64K(259584K) Eden: 260096K(260096K)->0K(249856K) From: 64K(512K)->64K(9728K)
[387.414s][info][gc,heap        ] GC(938) ParOldGen: 84248K(175104K)->84256K(175104K)
[387.414s][info][gc,metaspace   ] GC(938) Metaspace: 35401K(36160K)->35401K(36160K) NonClass: 26192K(26752K)->26192K(26752K) Class: 9209K(9408K)->9209K(9408K)
[387.414s][info][gc             ] GC(938) Pause Young (Allocation Failure) 336M->82M(424M) 1.158ms
[387.414s][info][gc,cpu         ] GC(938) User=0.00s Sys=0.00s Real=0.00s
[388.103s][info][gc,start       ] GC(939) Pause Young (Allocation Failure)
[388.105s][info][gc,heap        ] GC(939) PSYoungGen: 249920K(259584K)->64K(240640K) Eden: 249856K(249856K)->0K(240128K) From: 64K(9728K)->64K(512K)
[388.105s][info][gc,heap        ] GC(939) ParOldGen: 84256K(175104K)->84264K(175104K)
[388.105s][info][gc,metaspace   ] GC(939) Metaspace: 35401K(36160K)->35401K(36160K) NonClass: 26192K(26752K)->26192K(26752K) Class: 9209K(9408K)->9209K(9408K)
[388.105s][info][gc             ] GC(939) Pause Young (Allocation Failure) 326M->82M(406M) 2.098ms
[388.105s][info][gc,cpu         ] GC(939) User=0.00s Sys=0.00s Real=0.01s
[389.071s][info][gc,start       ] GC(940) Pause Young (Allocation Failure)
[389.071s][info][gc,heap        ] GC(940) PSYoungGen: 240192K(240640K)->64K(239616K) Eden: 240128K(240128K)->0K(230912K) From: 64K(512K)->64K(8704K)
[389.072s][info][gc,heap        ] GC(940) ParOldGen: 84264K(175104K)->84272K(175104K)
[389.072s][info][gc,metaspace   ] GC(940) Metaspace: 35401K(36160K)->35401K(36160K) NonClass: 26192K(26752K)->26192K(26752K) Class: 9209K(9408K)->9209K(9408K)
[389.072s][info][gc             ] GC(940) Pause Young (Allocation Failure) 316M->82M(405M) 0.920ms
[389.072s][info][gc,cpu         ] GC(940) User=0.00s Sys=0.00s Real=0.00s
[389.472s][info][gc,start       ] GC(941) Pause Young (Allocation Failure)
[389.474s][info][gc,heap        ] GC(941) PSYoungGen: 230976K(239616K)->64K(222720K) Eden: 230912K(230912K)->0K(222208K) From: 64K(8704K)->64K(512K)
[389.474s][info][gc,heap        ] GC(941) ParOldGen: 84272K(175104K)->84280K(175104K)
[389.474s][info][gc,metaspace   ] GC(941) Metaspace: 35401K(36160K)->35401K(36160K) NonClass: 26192K(26752K)->26192K(26752K) Class: 9209K(9408K)->9209K(9408K)
[389.474s][info][gc             ] GC(941) Pause Young (Allocation Failure) 307M->82M(388M) 1.789ms
[389.474s][info][gc,cpu         ] GC(941) User=0.00s Sys=0.00s Real=0.01s
[390.442s][info][gc,start       ] GC(942) Pause Young (Allocation Failure)
[390.443s][info][gc,heap        ] GC(942) PSYoungGen: 222272K(222720K)->64K(221184K) Eden: 222208K(222208K)->0K(214016K) From: 64K(512K)->64K(7168K)
[390.443s][info][gc,heap        ] GC(942) ParOldGen: 84280K(175104K)->84288K(175104K)
[390.443s][info][gc,metaspace   ] GC(942) Metaspace: 35401K(36160K)->35401K(36160K) NonClass: 26192K(26752K)->26192K(26752K) Class: 9209K(9408K)->9209K(9408K)
[390.443s][info][gc             ] GC(942) Pause Young (Allocation Failure) 299M->82M(387M) 0.760ms
[390.443s][info][gc,cpu         ] GC(942) User=0.00s Sys=0.00s Real=0.00s
[390.924s][info][gc,start       ] GC(943) Pause Young (Allocation Failure)
[390.926s][info][gc,heap        ] GC(943) PSYoungGen: 214080K(221184K)->64K(206848K) Eden: 214016K(214016K)->0K(206336K) From: 64K(7168K)->64K(512K)
[390.926s][info][gc,heap        ] GC(943) ParOldGen: 84288K(175104K)->84296K(175104K)
[390.926s][info][gc,metaspace   ] GC(943) Metaspace: 35401K(36160K)->35401K(36160K) NonClass: 26192K(26752K)->26192K(26752K) Class: 9209K(9408K)->9209K(9408K)
[390.926s][info][gc             ] GC(943) Pause Young (Allocation Failure) 291M->82M(373M) 1.430ms
[390.926s][info][gc,cpu         ] GC(943) User=0.00s Sys=0.00s Real=0.00s
[391.265s][info][gc,start       ] GC(944) Pause Young (Allocation Failure)
[391.266s][info][gc,heap        ] GC(944) PSYoungGen: 206400K(206848K)->64K(205312K) Eden: 206336K(206336K)->0K(198656K) From: 64K(512K)->64K(6656K)
[391.266s][info][gc,heap        ] GC(944) ParOldGen: 84296K(175104K)->84312K(175104K)
[391.266s][info][gc,metaspace   ] GC(944) Metaspace: 35401K(36160K)->35401K(36160K) NonClass: 26192K(26752K)->26192K(26752K) Class: 9209K(9408K)->9209K(9408K)
[391.266s][info][gc             ] GC(944) Pause Young (Allocation Failure) 283M->82M(371M) 1.183ms
[391.266s][info][gc,cpu         ] GC(944) User=0.00s Sys=0.00s Real=0.00s
[391.396s][info][gc,start       ] GC(945) Pause Young (Allocation Failure)
[391.398s][info][gc,heap        ] GC(945) PSYoungGen: 198720K(205312K)->64K(192000K) Eden: 198656K(198656K)->0K(191488K) From: 64K(6656K)->64K(512K)
[391.398s][info][gc,heap        ] GC(945) ParOldGen: 84312K(175104K)->84328K(175104K)
[391.398s][info][gc,metaspace   ] GC(945) Metaspace: 35401K(36160K)->35401K(36160K) NonClass: 26192K(26752K)->26192K(26752K) Class: 9209K(9408K)->9209K(9408K)
[391.398s][info][gc             ] GC(945) Pause Young (Allocation Failure) 276M->82M(358M) 1.612ms
[391.398s][info][gc,cpu         ] GC(945) User=0.00s Sys=0.00s Real=0.00s
[391.492s][info][gc,start       ] GC(946) Pause Young (Allocation Failure)
[391.493s][info][gc,heap        ] GC(946) PSYoungGen: 191552K(192000K)->64K(190464K) Eden: 191488K(191488K)->0K(184832K) From: 64K(512K)->64K(5632K)
[391.493s][info][gc,heap        ] GC(946) ParOldGen: 84328K(175104K)->84344K(175104K)
[391.493s][info][gc,metaspace   ] GC(946) Metaspace: 35401K(36160K)->35401K(36160K) NonClass: 26192K(26752K)->26192K(26752K) Class: 9209K(9408K)->9209K(9408K)
[391.493s][info][gc             ] GC(946) Pause Young (Allocation Failure) 269M->82M(357M) 1.265ms
[391.493s][info][gc,cpu         ] GC(946) User=0.00s Sys=0.00s Real=0.01s
[392.020s][info][gc,start       ] GC(947) Pause Young (Allocation Failure)
[392.022s][info][gc,heap        ] GC(947) PSYoungGen: 184896K(190464K)->64K(178688K) Eden: 184832K(184832K)->0K(178176K) From: 64K(5632K)->64K(512K)
[392.022s][info][gc,heap        ] GC(947) ParOldGen: 84344K(175104K)->84360K(175104K)
[392.022s][info][gc,metaspace   ] GC(947) Metaspace: 35401K(36160K)->35401K(36160K) NonClass: 26192K(26752K)->26192K(26752K) Class: 9209K(9408K)->9209K(9408K)
[392.022s][info][gc             ] GC(947) Pause Young (Allocation Failure) 262M->82M(345M) 1.870ms
[392.022s][info][gc,cpu         ] GC(947) User=0.00s Sys=0.00s Real=0.00s
[392.188s][info][gc,start       ] GC(948) Pause Young (Allocation Failure)
[392.189s][info][gc,heap        ] GC(948) PSYoungGen: 178240K(178688K)->32K(176640K) Eden: 178176K(178176K)->0K(172032K) From: 64K(512K)->32K(4608K)
[392.190s][info][gc,heap        ] GC(948) ParOldGen: 84360K(175104K)->84368K(175104K)
[392.190s][info][gc,metaspace   ] GC(948) Metaspace: 35401K(36160K)->35401K(36160K) NonClass: 26192K(26752K)->26192K(26752K) Class: 9209K(9408K)->9209K(9408K)
[392.190s][info][gc             ] GC(948) Pause Young (Allocation Failure) 256M->82M(343M) 1.228ms
[392.190s][info][gc,cpu         ] GC(948) User=0.01s Sys=0.00s Real=0.00s
[392.519s][info][gc,start       ] GC(949) Pause Young (Allocation Failure)
[392.521s][info][gc,heap        ] GC(949) PSYoungGen: 172064K(176640K)->64K(166400K) Eden: 172032K(172032K)->0K(165888K) From: 32K(4608K)->64K(512K)
[392.521s][info][gc,heap        ] GC(949) ParOldGen: 84368K(175104K)->84384K(175104K)
[392.521s][info][gc,metaspace   ] GC(949) Metaspace: 35401K(36160K)->35401K(36160K) NonClass: 26192K(26752K)->26192K(26752K) Class: 9209K(9408K)->9209K(9408K)
[392.521s][info][gc             ] GC(949) Pause Young (Allocation Failure) 250M->82M(333M) 1.703ms
[392.521s][info][gc,cpu         ] GC(949) User=0.01s Sys=0.00s Real=0.00s
[392.755s][info][gc,start       ] GC(950) Pause Young (Allocation Failure)
[392.790s][info][gc,heap        ] GC(950) PSYoungGen: 165952K(166400K)->4096K(202752K) Eden: 165888K(165888K)->0K(198656K) From: 64K(512K)->4096K(4096K)
[392.790s][info][gc,heap        ] GC(950) ParOldGen: 84384K(175104K)->98584K(175104K)
[392.790s][info][gc,metaspace   ] GC(950) Metaspace: 35401K(36160K)->35401K(36160K) NonClass: 26192K(26752K)->26192K(26752K) Class: 9209K(9408K)->9209K(9408K)
[392.790s][info][gc             ] GC(950) Pause Young (Allocation Failure) 244M->100M(369M) 34.998ms
[392.791s][info][gc,cpu         ] GC(950) User=0.06s Sys=0.00s Real=0.03s
[393.064s][info][gc,start       ] GC(951) Pause Young (Allocation Failure)
[393.113s][info][gc,heap        ] GC(951) PSYoungGen: 202752K(202752K)->4096K(242176K) Eden: 198656K(198656K)->0K(238080K) From: 4096K(4096K)->4096K(4096K)
[393.113s][info][gc,heap        ] GC(951) ParOldGen: 98584K(175104K)->117424K(175104K)
[393.113s][info][gc,metaspace   ] GC(951) Metaspace: 35401K(36160K)->35401K(36160K) NonClass: 26192K(26752K)->26192K(26752K) Class: 9209K(9408K)->9209K(9408K)
[393.113s][info][gc             ] GC(951) Pause Young (Allocation Failure) 294M->118M(407M) 48.590ms
[393.113s][info][gc,cpu         ] GC(951) User=0.08s Sys=0.00s Real=0.04s
[393.391s][info][gc,start       ] GC(952) Pause Young (Allocation Failure)
[393.431s][info][gc,heap        ] GC(952) PSYoungGen: 242176K(242176K)->17408K(255488K) Eden: 238080K(238080K)->0K(238080K) From: 4096K(4096K)->17408K(17408K)
[393.431s][info][gc,heap        ] GC(952) ParOldGen: 117424K(175104K)->122320K(175104K)
[393.431s][info][gc,metaspace   ] GC(952) Metaspace: 35401K(36160K)->35401K(36160K) NonClass: 26192K(26752K)->26192K(26752K) Class: 9209K(9408K)->9209K(9408K)
[393.431s][info][gc             ] GC(952) Pause Young (Allocation Failure) 351M->136M(420M) 40.537ms
[393.431s][info][gc,cpu         ] GC(952) User=0.08s Sys=0.00s Real=0.04s
[393.519s][info][gc,start       ] GC(953) Pause Young (Allocation Failure)
[393.522s][info][gc,heap        ] GC(953) PSYoungGen: 255488K(255488K)->64K(306688K) Eden: 238080K(238080K)->0K(285184K) From: 17408K(17408K)->64K(21504K)
[393.522s][info][gc,heap        ] GC(953) ParOldGen: 122320K(175104K)->122448K(175104K)
[393.522s][info][gc,metaspace   ] GC(953) Metaspace: 35401K(36160K)->35401K(36160K) NonClass: 26192K(26752K)->26192K(26752K) Class: 9209K(9408K)->9209K(9408K)
[393.522s][info][gc             ] GC(953) Pause Young (Allocation Failure) 368M->119M(470M) 2.247ms
[393.522s][info][gc,cpu         ] GC(953) User=0.01s Sys=0.00s Real=0.00s
[394.237s][info][gc,start       ] GC(954) Pause Young (Allocation Failure)
[394.238s][info][gc,heap        ] GC(954) PSYoungGen: 285248K(306688K)->64K(307200K) Eden: 285184K(285184K)->0K(285184K) From: 64K(21504K)->64K(22016K)
[394.238s][info][gc,heap        ] GC(954) ParOldGen: 122448K(175104K)->122456K(175104K)
[394.238s][info][gc,metaspace   ] GC(954) Metaspace: 35401K(36160K)->35401K(36160K) NonClass: 26192K(26752K)->26192K(26752K) Class: 9209K(9408K)->9209K(9408K)
[394.238s][info][gc             ] GC(954) Pause Young (Allocation Failure) 398M->119M(471M) 0.895ms
[394.238s][info][gc,cpu         ] GC(954) User=0.00s Sys=0.00s Real=0.00s
[394.659s][info][gc,start       ] GC(955) Pause Young (Allocation Failure)
[394.660s][info][gc,heap        ] GC(955) PSYoungGen: 285248K(307200K)->64K(309760K) Eden: 285184K(285184K)->0K(290304K) From: 64K(22016K)->64K(19456K)
[394.660s][info][gc,heap        ] GC(955) ParOldGen: 122456K(175104K)->122464K(175104K)
[394.660s][info][gc,metaspace   ] GC(955) Metaspace: 35401K(36160K)->35401K(36160K) NonClass: 26192K(26752K)->26192K(26752K) Class: 9209K(9408K)->9209K(9408K)
[394.660s][info][gc             ] GC(955) Pause Young (Allocation Failure) 398M->119M(473M) 0.963ms
[394.660s][info][gc,cpu         ] GC(955) User=0.00s Sys=0.00s Real=0.00s
[395.154s][info][gc,start       ] GC(956) Pause Young (Allocation Failure)
[395.154s][info][gc,heap        ] GC(956) PSYoungGen: 290368K(309760K)->64K(310784K) Eden: 290304K(290304K)->0K(290304K) From: 64K(19456K)->64K(20480K)
[395.155s][info][gc,heap        ] GC(956) ParOldGen: 122464K(175104K)->122480K(175104K)
[395.155s][info][gc,metaspace   ] GC(956) Metaspace: 35401K(36160K)->35401K(36160K) NonClass: 26192K(26752K)->26192K(26752K) Class: 9209K(9408K)->9209K(9408K)
[395.155s][info][gc             ] GC(956) Pause Young (Allocation Failure) 403M->119M(474M) 0.908ms
[395.155s][info][gc,cpu         ] GC(956) User=0.00s Sys=0.00s Real=0.00s
[395.424s][info][gc,start       ] GC(957) Pause Young (Allocation Failure)
[395.425s][info][gc,heap        ] GC(957) PSYoungGen: 290368K(310784K)->64K(310784K) Eden: 290304K(290304K)->0K(293376K) From: 64K(20480K)->64K(17408K)
[395.425s][info][gc,heap        ] GC(957) ParOldGen: 122480K(175104K)->122496K(175104K)
[395.425s][info][gc,metaspace   ] GC(957) Metaspace: 35401K(36160K)->35401K(36160K) NonClass: 26192K(26752K)->26192K(26752K) Class: 9209K(9408K)->9209K(9408K)
[395.425s][info][gc             ] GC(957) Pause Young (Allocation Failure) 403M->119M(474M) 0.913ms
[395.425s][info][gc,cpu         ] GC(957) User=0.00s Sys=0.00s Real=0.00s
[395.828s][info][gc,start       ] GC(958) Pause Young (Allocation Failure)
[395.829s][info][gc,heap        ] GC(958) PSYoungGen: 293440K(310784K)->64K(312320K) Eden: 293376K(293376K)->0K(293376K) From: 64K(17408K)->64K(18944K)
[395.829s][info][gc,heap        ] GC(958) ParOldGen: 122496K(175104K)->122496K(175104K)
[395.829s][info][gc,metaspace   ] GC(958) Metaspace: 35401K(36160K)->35401K(36160K) NonClass: 26192K(26752K)->26192K(26752K) Class: 9209K(9408K)->9209K(9408K)
[395.829s][info][gc             ] GC(958) Pause Young (Allocation Failure) 406M->119M(476M) 0.835ms
[395.829s][info][gc,cpu         ] GC(958) User=0.00s Sys=0.00s Real=0.00s
[395.914s][info][gc,start       ] GC(959) Pause Young (Allocation Failure)
[395.915s][info][gc,heap        ] GC(959) PSYoungGen: 293440K(312320K)->64K(312320K) Eden: 293376K(293376K)->0K(296960K) From: 64K(18944K)->64K(15360K)
[395.915s][info][gc,heap        ] GC(959) ParOldGen: 122496K(175104K)->122504K(175104K)
[395.915s][info][gc,metaspace   ] GC(959) Metaspace: 35401K(36160K)->35401K(36160K) NonClass: 26192K(26752K)->26192K(26752K) Class: 9209K(9408K)->9209K(9408K)
[395.915s][info][gc             ] GC(959) Pause Young (Allocation Failure) 406M->119M(476M) 0.921ms
[395.915s][info][gc,cpu         ] GC(959) User=0.00s Sys=0.00s Real=0.00s
[395.969s][info][gc,start       ] GC(960) Pause Young (Allocation Failure)
[395.970s][info][gc,heap        ] GC(960) PSYoungGen: 297024K(312320K)->64K(313856K) Eden: 296960K(296960K)->0K(296960K) From: 64K(15360K)->64K(16896K)
[395.970s][info][gc,heap        ] GC(960) ParOldGen: 122504K(175104K)->122520K(175104K)
[395.970s][info][gc,metaspace   ] GC(960) Metaspace: 35401K(36160K)->35401K(36160K) NonClass: 26192K(26752K)->26192K(26752K) Class: 9209K(9408K)->9209K(9408K)
[395.970s][info][gc             ] GC(960) Pause Young (Allocation Failure) 409M->119M(477M) 0.842ms
[395.970s][info][gc,cpu         ] GC(960) User=0.00s Sys=0.00s Real=0.00s
[396.225s][info][gc,start       ] GC(961) Pause Young (Allocation Failure)
[396.226s][info][gc,heap        ] GC(961) PSYoungGen: 297024K(313856K)->64K(314368K) Eden: 296960K(296960K)->0K(300544K) From: 64K(16896K)->64K(13824K)
[396.226s][info][gc,heap        ] GC(961) ParOldGen: 122520K(175104K)->122520K(175104K)
[396.226s][info][gc,metaspace   ] GC(961) Metaspace: 35401K(36160K)->35401K(36160K) NonClass: 26192K(26752K)->26192K(26752K) Class: 9209K(9408K)->9209K(9408K)
[396.226s][info][gc             ] GC(961) Pause Young (Allocation Failure) 409M->119M(478M) 0.864ms
[396.226s][info][gc,cpu         ] GC(961) User=0.00s Sys=0.00s Real=0.00s
[396.540s][info][gc,start       ] GC(962) Pause Young (Allocation Failure)
[396.541s][info][gc,heap        ] GC(962) PSYoungGen: 300608K(314368K)->64K(315904K) Eden: 300544K(300544K)->0K(300544K) From: 64K(13824K)->64K(15360K)
[396.541s][info][gc,heap        ] GC(962) ParOldGen: 122520K(175104K)->122528K(175104K)
[396.541s][info][gc,metaspace   ] GC(962) Metaspace: 35401K(36160K)->35401K(36160K) NonClass: 26192K(26752K)->26192K(26752K) Class: 9209K(9408K)->9209K(9408K)
[396.541s][info][gc             ] GC(962) Pause Young (Allocation Failure) 413M->119M(479M) 0.852ms
[396.541s][info][gc,cpu         ] GC(962) User=0.00s Sys=0.00s Real=0.00s
[396.678s][info][gc,start       ] GC(963) Pause Young (Allocation Failure)
[396.679s][info][gc,heap        ] GC(963) PSYoungGen: 300608K(315904K)->64K(289280K) Eden: 300544K(300544K)->0K(288768K) From: 64K(15360K)->64K(512K)
[396.679s][info][gc,heap        ] GC(963) ParOldGen: 122528K(175104K)->122536K(175104K)
[396.679s][info][gc,metaspace   ] GC(963) Metaspace: 35401K(36160K)->35401K(36160K) NonClass: 26192K(26752K)->26192K(26752K) Class: 9209K(9408K)->9209K(9408K)
[396.679s][info][gc             ] GC(963) Pause Young (Allocation Failure) 413M->119M(453M) 0.992ms
[396.679s][info][gc,cpu         ] GC(963) User=0.00s Sys=0.00s Real=0.00s
[396.802s][info][gc,start       ] GC(964) Pause Young (Allocation Failure)
[396.803s][info][gc,heap        ] GC(964) PSYoungGen: 288832K(289280K)->64K(290816K) Eden: 288768K(288768K)->0K(277504K) From: 64K(512K)->64K(13312K)
[396.803s][info][gc,heap        ] GC(964) ParOldGen: 122536K(175104K)->122544K(175104K)
[396.803s][info][gc,metaspace   ] GC(964) Metaspace: 35401K(36160K)->35401K(36160K) NonClass: 26192K(26752K)->26192K(26752K) Class: 9209K(9408K)->9209K(9408K)
[396.803s][info][gc             ] GC(964) Pause Young (Allocation Failure) 401M->119M(455M) 0.809ms
[396.803s][info][gc,cpu         ] GC(964) User=0.00s Sys=0.00s Real=0.01s
[397.048s][info][gc,start       ] GC(965) Pause Young (Allocation Failure)
[397.049s][info][gc,heap        ] GC(965) PSYoungGen: 277568K(290816K)->64K(267264K) Eden: 277504K(277504K)->0K(266752K) From: 64K(13312K)->64K(512K)
[397.049s][info][gc,heap        ] GC(965) ParOldGen: 122544K(175104K)->122552K(175104K)
[397.049s][info][gc,metaspace   ] GC(965) Metaspace: 35401K(36160K)->35401K(36160K) NonClass: 26192K(26752K)->26192K(26752K) Class: 9209K(9408K)->9209K(9408K)
[397.049s][info][gc             ] GC(965) Pause Young (Allocation Failure) 390M->119M(432M) 0.946ms
[397.049s][info][gc,cpu         ] GC(965) User=0.01s Sys=0.00s Real=0.00s
[397.957s][info][gc,start       ] GC(966) Pause Young (Allocation Failure)
[397.958s][info][gc,heap        ] GC(966) PSYoungGen: 266816K(267264K)->83K(268288K) Eden: 266752K(266752K)->0K(256512K) From: 64K(512K)->83K(11776K)
[397.958s][info][gc,heap        ] GC(966) ParOldGen: 122552K(175104K)->122560K(175104K)
[397.958s][info][gc,metaspace   ] GC(966) Metaspace: 35401K(36160K)->35401K(36160K) NonClass: 26192K(26752K)->26192K(26752K) Class: 9209K(9408K)->9209K(9408K)
[397.958s][info][gc             ] GC(966) Pause Young (Allocation Failure) 380M->119M(433M) 0.858ms
[397.958s][info][gc,cpu         ] GC(966) User=0.00s Sys=0.00s Real=0.00s
[398.858s][info][gc,start       ] GC(967) Pause Young (Allocation Failure)
[398.860s][info][gc,heap        ] GC(967) PSYoungGen: 256595K(268288K)->64K(247296K) Eden: 256512K(256512K)->0K(246784K) From: 83K(11776K)->64K(512K)
[398.860s][info][gc,heap        ] GC(967) ParOldGen: 122560K(175104K)->122568K(175104K)
[398.860s][info][gc,metaspace   ] GC(967) Metaspace: 35401K(36160K)->35401K(36160K) NonClass: 26192K(26752K)->26192K(26752K) Class: 9209K(9408K)->9209K(9408K)
[398.860s][info][gc             ] GC(967) Pause Young (Allocation Failure) 370M->119M(412M) 1.715ms
[398.860s][info][gc,cpu         ] GC(967) User=0.00s Sys=0.00s Real=0.00s
[399.232s][info][gc,start       ] GC(968) Pause Young (Allocation Failure)
[399.233s][info][gc,heap        ] GC(968) PSYoungGen: 246848K(247296K)->64K(247808K) Eden: 246784K(246784K)->0K(237568K) From: 64K(512K)->64K(10240K)
[399.233s][info][gc,heap        ] GC(968) ParOldGen: 122568K(175104K)->122584K(175104K)
[399.233s][info][gc,metaspace   ] GC(968) Metaspace: 35401K(36160K)->35401K(36160K) NonClass: 26192K(26752K)->26192K(26752K) Class: 9209K(9408K)->9209K(9408K)
[399.233s][info][gc             ] GC(968) Pause Young (Allocation Failure) 360M->119M(413M) 1.402ms
[399.233s][info][gc,cpu         ] GC(968) User=0.00s Sys=0.00s Real=0.00s
[399.646s][info][gc,start       ] GC(969) Pause Young (Allocation Failure)
[399.648s][info][gc,heap        ] GC(969) PSYoungGen: 237632K(247808K)->64K(228864K) Eden: 237568K(237568K)->0K(228352K) From: 64K(10240K)->64K(512K)
[399.648s][info][gc,heap        ] GC(969) ParOldGen: 122584K(175104K)->122600K(175104K)
[399.648s][info][gc,metaspace   ] GC(969) Metaspace: 35401K(36160K)->35401K(36160K) NonClass: 26192K(26752K)->26192K(26752K) Class: 9209K(9408K)->9209K(9408K)
[399.648s][info][gc             ] GC(969) Pause Young (Allocation Failure) 351M->119M(394M) 2.452ms
[399.648s][info][gc,cpu         ] GC(969) User=0.00s Sys=0.00s Real=0.00s
[400.634s][info][gc,start       ] GC(970) Pause Young (Allocation Failure)
[400.636s][info][gc,heap        ] GC(970) PSYoungGen: 228416K(228864K)->64K(228864K) Eden: 228352K(228352K)->0K(219648K) From: 64K(512K)->64K(9216K)
[400.636s][info][gc,heap        ] GC(970) ParOldGen: 122600K(175104K)->122616K(175104K)
[400.636s][info][gc,metaspace   ] GC(970) Metaspace: 35401K(36160K)->35401K(36160K) NonClass: 26192K(26752K)->26192K(26752K) Class: 9209K(9408K)->9209K(9408K)
[400.636s][info][gc             ] GC(970) Pause Young (Allocation Failure) 342M->119M(394M) 1.347ms
[400.636s][info][gc,cpu         ] GC(970) User=0.00s Sys=0.00s Real=0.00s
[400.995s][info][gc,start       ] GC(971) Pause Young (Allocation Failure)
[400.997s][info][gc,heap        ] GC(971) PSYoungGen: 219712K(228864K)->64K(211968K) Eden: 219648K(219648K)->0K(211456K) From: 64K(9216K)->64K(512K)
[400.997s][info][gc,heap        ] GC(971) ParOldGen: 122616K(175104K)->122632K(175104K)
[400.997s][info][gc,metaspace   ] GC(971) Metaspace: 35401K(36160K)->35401K(36160K) NonClass: 26192K(26752K)->26192K(26752K) Class: 9209K(9408K)->9209K(9408K)
[400.997s][info][gc             ] GC(971) Pause Young (Allocation Failure) 334M->119M(378M) 2.110ms
[400.997s][info][gc,cpu         ] GC(971) User=0.00s Sys=0.01s Real=0.00s
[401.128s][info][gc,start       ] GC(972) Pause Young (Allocation Failure)
[401.129s][info][gc,heap        ] GC(972) PSYoungGen: 211520K(211968K)->64K(211968K) Eden: 211456K(211456K)->0K(203776K) From: 64K(512K)->64K(8192K)
[401.129s][info][gc,heap        ] GC(972) ParOldGen: 122632K(175104K)->122648K(175104K)
[401.129s][info][gc,metaspace   ] GC(972) Metaspace: 35401K(36160K)->35401K(36160K) NonClass: 26192K(26752K)->26192K(26752K) Class: 9209K(9408K)->9209K(9408K)
[401.129s][info][gc             ] GC(972) Pause Young (Allocation Failure) 326M->119M(378M) 1.368ms
[401.129s][info][gc,cpu         ] GC(972) User=0.00s Sys=0.00s Real=0.00s
[401.293s][info][gc,start       ] GC(973) Pause Young (Allocation Failure)
[401.295s][info][gc,heap        ] GC(973) PSYoungGen: 203840K(211968K)->64K(197120K) Eden: 203776K(203776K)->0K(196608K) From: 64K(8192K)->64K(512K)
[401.295s][info][gc,heap        ] GC(973) ParOldGen: 122648K(175104K)->122664K(175104K)
[401.295s][info][gc,metaspace   ] GC(973) Metaspace: 35401K(36160K)->35401K(36160K) NonClass: 26192K(26752K)->26192K(26752K) Class: 9209K(9408K)->9209K(9408K)
[401.295s][info][gc             ] GC(973) Pause Young (Allocation Failure) 318M->119M(363M) 2.082ms
[401.295s][info][gc,cpu         ] GC(973) User=0.00s Sys=0.00s Real=0.00s
[401.857s][info][gc,start       ] GC(974) Pause Young (Allocation Failure)
[401.859s][info][gc,heap        ] GC(974) PSYoungGen: 196672K(197120K)->64K(196096K) Eden: 196608K(196608K)->0K(189440K) From: 64K(512K)->64K(6656K)
[401.859s][info][gc,heap        ] GC(974) ParOldGen: 122664K(175104K)->122672K(175104K)
[401.859s][info][gc,metaspace   ] GC(974) Metaspace: 35401K(36160K)->35401K(36160K) NonClass: 26192K(26752K)->26192K(26752K) Class: 9209K(9408K)->9209K(9408K)
[401.859s][info][gc             ] GC(974) Pause Young (Allocation Failure) 311M->119M(362M) 1.537ms
[401.859s][info][gc,cpu         ] GC(974) User=0.00s Sys=0.00s Real=0.00s
[402.003s][info][gc,start       ] GC(975) Pause Young (Allocation Failure)
[402.005s][info][gc,heap        ] GC(975) PSYoungGen: 189504K(196096K)->64K(183296K) Eden: 189440K(189440K)->0K(182784K) From: 64K(6656K)->64K(512K)
[402.005s][info][gc,heap        ] GC(975) ParOldGen: 122672K(175104K)->122680K(175104K)
[402.005s][info][gc,metaspace   ] GC(975) Metaspace: 35401K(36160K)->35401K(36160K) NonClass: 26192K(26752K)->26192K(26752K) Class: 9209K(9408K)->9209K(9408K)
[402.005s][info][gc             ] GC(975) Pause Young (Allocation Failure) 304M->119M(350M) 2.034ms
[402.005s][info][gc,cpu         ] GC(975) User=0.00s Sys=0.00s Real=0.00s
[402.351s][info][gc,start       ] GC(976) Pause Young (Allocation Failure)
[402.365s][info][gc,heap        ] GC(976) PSYoungGen: 182848K(183296K)->6144K(223232K) Eden: 182784K(182784K)->0K(217088K) From: 64K(512K)->6144K(6144K)
[402.365s][info][gc,heap        ] GC(976) ParOldGen: 122680K(175104K)->123192K(175104K)
[402.365s][info][gc,metaspace   ] GC(976) Metaspace: 35401K(36160K)->35401K(36160K) NonClass: 26192K(26752K)->26192K(26752K) Class: 9209K(9408K)->9209K(9408K)
[402.365s][info][gc             ] GC(976) Pause Young (Allocation Failure) 298M->126M(389M) 13.428ms
[402.365s][info][gc,cpu         ] GC(976) User=0.02s Sys=0.00s Real=0.02s
[402.716s][info][gc,start       ] GC(977) Pause Young (Allocation Failure)
[402.757s][info][gc,heap        ] GC(977) PSYoungGen: 223232K(223232K)->6144K(250368K) Eden: 217088K(217088K)->0K(244224K) From: 6144K(6144K)->6144K(6144K)
[402.757s][info][gc,heap        ] GC(977) ParOldGen: 123192K(175104K)->141696K(175104K)
[402.757s][info][gc,metaspace   ] GC(977) Metaspace: 35401K(36160K)->35401K(36160K) NonClass: 26192K(26752K)->26192K(26752K) Class: 9209K(9408K)->9209K(9408K)
[402.757s][info][gc             ] GC(977) Pause Young (Allocation Failure) 338M->144M(415M) 41.083ms
[402.757s][info][gc,cpu         ] GC(977) User=0.08s Sys=0.00s Real=0.04s
[403.149s][info][gc,start       ] GC(978) Pause Young (Allocation Failure)
[403.200s][info][gc,heap        ] GC(978) PSYoungGen: 250368K(250368K)->15872K(260096K) Eden: 244224K(244224K)->0K(244224K) From: 6144K(6144K)->15872K(15872K)
[403.201s][info][gc,heap        ] GC(978) ParOldGen: 141696K(175104K)->154032K(175104K)
[403.201s][info][gc,metaspace   ] GC(978) Metaspace: 35401K(36160K)->35401K(36160K) NonClass: 26192K(26752K)->26192K(26752K) Class: 9209K(9408K)->9209K(9408K)
[403.201s][info][gc             ] GC(978) Pause Young (Allocation Failure) 382M->165M(425M) 51.396ms
[403.201s][info][gc,cpu         ] GC(978) User=0.11s Sys=0.00s Real=0.05s
[403.322s][info][gc,start       ] GC(979) Pause Young (Allocation Failure)
[403.334s][info][gc,heap        ] GC(979) PSYoungGen: 260096K(260096K)->3680K(311296K) Eden: 244224K(244224K)->0K(287744K) From: 15872K(15872K)->3680K(23552K)
[403.334s][info][gc,heap        ] GC(979) ParOldGen: 154032K(175104K)->154360K(175104K)
[403.334s][info][gc,metaspace   ] GC(979) Metaspace: 35401K(36160K)->35401K(36160K) NonClass: 26192K(26752K)->26192K(26752K) Class: 9209K(9408K)->9209K(9408K)
[403.334s][info][gc             ] GC(979) Pause Young (Allocation Failure) 404M->154M(475M) 12.576ms
[403.334s][info][gc,cpu         ] GC(979) User=0.02s Sys=0.00s Real=0.02s
[403.941s][info][gc,start       ] GC(980) Pause Young (Allocation Failure)
[403.942s][info][gc,heap        ] GC(980) PSYoungGen: 291424K(311296K)->64K(288256K) Eden: 287744K(287744K)->0K(287744K) From: 3680K(23552K)->64K(512K)
[403.942s][info][gc,heap        ] GC(980) ParOldGen: 154360K(175104K)->154368K(175104K)
[403.942s][info][gc,metaspace   ] GC(980) Metaspace: 35401K(36160K)->35401K(36160K) NonClass: 26192K(26752K)->26192K(26752K) Class: 9209K(9408K)->9209K(9408K)
[403.942s][info][gc             ] GC(980) Pause Young (Allocation Failure) 435M->150M(452M) 1.032ms
[403.942s][info][gc,cpu         ] GC(980) User=0.00s Sys=0.00s Real=0.00s
[404.489s][info][gc,start       ] GC(981) Pause Young (Allocation Failure)
[404.490s][info][gc,heap        ] GC(981) PSYoungGen: 287808K(288256K)->64K(309760K) Eden: 287744K(287744K)->0K(288256K) From: 64K(512K)->64K(21504K)
[404.490s][info][gc,heap        ] GC(981) ParOldGen: 154368K(175104K)->154376K(175104K)
[404.490s][info][gc,metaspace   ] GC(981) Metaspace: 35401K(36160K)->35401K(36160K) NonClass: 26192K(26752K)->26192K(26752K) Class: 9209K(9408K)->9209K(9408K)
[404.490s][info][gc             ] GC(981) Pause Young (Allocation Failure) 431M->150M(473M) 0.936ms
[404.490s][info][gc,cpu         ] GC(981) User=0.00s Sys=0.00s Real=0.00s
[404.987s][info][gc,start       ] GC(982) Pause Young (Allocation Failure)
[404.988s][info][gc,heap        ] GC(982) PSYoungGen: 288320K(309760K)->64K(309248K) Eden: 288256K(288256K)->0K(288256K) From: 64K(21504K)->64K(20992K)
[404.988s][info][gc,heap        ] GC(982) ParOldGen: 154376K(175104K)->154392K(175104K)
[404.988s][info][gc,metaspace   ] GC(982) Metaspace: 35401K(36160K)->35401K(36160K) NonClass: 26192K(26752K)->26192K(26752K) Class: 9209K(9408K)->9209K(9408K)
[404.988s][info][gc             ] GC(982) Pause Young (Allocation Failure) 432M->150M(473M) 0.960ms
[404.988s][info][gc,cpu         ] GC(982) User=0.00s Sys=0.00s Real=0.00s
[405.252s][info][gc,start       ] GC(983) Pause Young (Allocation Failure)
[405.252s][info][gc,heap        ] GC(983) PSYoungGen: 288320K(309248K)->64K(311808K) Eden: 288256K(288256K)->0K(291840K) From: 64K(20992K)->64K(19968K)
[405.252s][info][gc,heap        ] GC(983) ParOldGen: 154392K(175104K)->154408K(175104K)
[405.252s][info][gc,metaspace   ] GC(983) Metaspace: 35401K(36160K)->35401K(36160K) NonClass: 26192K(26752K)->26192K(26752K) Class: 9209K(9408K)->9209K(9408K)
[405.252s][info][gc             ] GC(983) Pause Young (Allocation Failure) 432M->150M(475M) 0.940ms
[405.252s][info][gc,cpu         ] GC(983) User=0.00s Sys=0.00s Real=0.00s
[405.638s][info][gc,start       ] GC(984) Pause Young (Allocation Failure)
[405.639s][info][gc,heap        ] GC(984) PSYoungGen: 291904K(311808K)->64K(311296K) Eden: 291840K(291840K)->0K(291840K) From: 64K(19968K)->64K(19456K)
[405.639s][info][gc,heap        ] GC(984) ParOldGen: 154408K(175104K)->154408K(175104K)
[405.639s][info][gc,metaspace   ] GC(984) Metaspace: 35401K(36160K)->35401K(36160K) NonClass: 26192K(26752K)->26192K(26752K) Class: 9209K(9408K)->9209K(9408K)
[405.639s][info][gc             ] GC(984) Pause Young (Allocation Failure) 435M->150M(475M) 0.945ms
[405.639s][info][gc,cpu         ] GC(984) User=0.00s Sys=0.00s Real=0.00s
[405.792s][info][gc,start       ] GC(985) Pause Young (Allocation Failure)
[405.793s][info][gc,heap        ] GC(985) PSYoungGen: 291904K(311296K)->64K(313344K) Eden: 291840K(291840K)->0K(295424K) From: 64K(19456K)->64K(17920K)
[405.793s][info][gc,heap        ] GC(985) ParOldGen: 154408K(175104K)->154416K(175104K)
[405.793s][info][gc,metaspace   ] GC(985) Metaspace: 35401K(36160K)->35401K(36160K) NonClass: 26192K(26752K)->26192K(26752K) Class: 9209K(9408K)->9209K(9408K)
[405.793s][info][gc             ] GC(985) Pause Young (Allocation Failure) 435M->150M(477M) 0.895ms
[405.793s][info][gc,cpu         ] GC(985) User=0.00s Sys=0.00s Real=0.00s
[405.848s][info][gc,start       ] GC(986) Pause Young (Allocation Failure)
[405.849s][info][gc,heap        ] GC(986) PSYoungGen: 295488K(313344K)->64K(312832K) Eden: 295424K(295424K)->0K(295424K) From: 64K(17920K)->64K(17408K)
[405.849s][info][gc,heap        ] GC(986) ParOldGen: 154416K(175104K)->154432K(175104K)
[405.849s][info][gc,metaspace   ] GC(986) Metaspace: 35401K(36160K)->35401K(36160K) NonClass: 26192K(26752K)->26192K(26752K) Class: 9209K(9408K)->9209K(9408K)
[405.849s][info][gc             ] GC(986) Pause Young (Allocation Failure) 439M->150M(476M) 0.906ms
[405.849s][info][gc,cpu         ] GC(986) User=0.01s Sys=0.00s Real=0.00s
[406.029s][info][gc,start       ] GC(987) Pause Young (Allocation Failure)
[406.031s][info][gc,heap        ] GC(987) PSYoungGen: 295488K(312832K)->64K(315392K) Eden: 295424K(295424K)->0K(299008K) From: 64K(17408K)->64K(16384K)
[406.031s][info][gc,heap        ] GC(987) ParOldGen: 154432K(175104K)->154432K(175104K)
[406.031s][info][gc,metaspace   ] GC(987) Metaspace: 35401K(36160K)->35401K(36160K) NonClass: 26192K(26752K)->26192K(26752K) Class: 9209K(9408K)->9209K(9408K)
[406.031s][info][gc             ] GC(987) Pause Young (Allocation Failure) 439M->150M(479M) 1.129ms
[406.031s][info][gc,cpu         ] GC(987) User=0.01s Sys=0.00s Real=0.00s
[406.372s][info][gc,start       ] GC(988) Pause Young (Allocation Failure)
[406.374s][info][gc,heap        ] GC(988) PSYoungGen: 299072K(315392K)->64K(314880K) Eden: 299008K(299008K)->0K(299008K) From: 64K(16384K)->64K(15872K)
[406.374s][info][gc,heap        ] GC(988) ParOldGen: 154432K(175104K)->154440K(175104K)
[406.374s][info][gc,metaspace   ] GC(988) Metaspace: 35401K(36160K)->35401K(36160K) NonClass: 26192K(26752K)->26192K(26752K) Class: 9209K(9408K)->9209K(9408K)
[406.374s][info][gc             ] GC(988) Pause Young (Allocation Failure) 442M->150M(478M) 1.734ms
[406.374s][info][gc,cpu         ] GC(988) User=0.00s Sys=0.00s Real=0.01s
[406.550s][info][gc,start       ] GC(989) Pause Young (Allocation Failure)
[406.552s][info][gc,heap        ] GC(989) PSYoungGen: 299072K(314880K)->64K(316928K) Eden: 299008K(299008K)->0K(302592K) From: 64K(15872K)->64K(14336K)
[406.552s][info][gc,heap        ] GC(989) ParOldGen: 154440K(175104K)->154448K(175104K)
[406.552s][info][gc,metaspace   ] GC(989) Metaspace: 35401K(36160K)->35401K(36160K) NonClass: 26192K(26752K)->26192K(26752K) Class: 9209K(9408K)->9209K(9408K)
[406.552s][info][gc             ] GC(989) Pause Young (Allocation Failure) 442M->150M(480M) 1.629ms
[406.552s][info][gc,cpu         ] GC(989) User=0.00s Sys=0.00s Real=0.00s
[406.654s][info][gc,start       ] GC(990) Pause Young (Allocation Failure)
[406.656s][info][gc,heap        ] GC(990) PSYoungGen: 302656K(316928K)->64K(316416K) Eden: 302592K(302592K)->0K(302592K) From: 64K(14336K)->64K(13824K)
[406.656s][info][gc,heap        ] GC(990) ParOldGen: 154448K(175104K)->154456K(175104K)
[406.656s][info][gc,metaspace   ] GC(990) Metaspace: 35401K(36160K)->35401K(36160K) NonClass: 26192K(26752K)->26192K(26752K) Class: 9209K(9408K)->9209K(9408K)
[406.656s][info][gc             ] GC(990) Pause Young (Allocation Failure) 446M->150M(480M) 1.690ms
[406.656s][info][gc,cpu         ] GC(990) User=0.00s Sys=0.00s Real=0.00s
[406.866s][info][gc,start       ] GC(991) Pause Young (Allocation Failure)
[406.868s][info][gc,heap        ] GC(991) PSYoungGen: 302656K(316416K)->32K(318976K) Eden: 302592K(302592K)->0K(306688K) From: 64K(13824K)->32K(12288K)
[406.868s][info][gc,heap        ] GC(991) ParOldGen: 154456K(175104K)->154464K(175104K)
[406.868s][info][gc,metaspace   ] GC(991) Metaspace: 35401K(36160K)->35401K(36160K) NonClass: 26192K(26752K)->26192K(26752K) Class: 9209K(9408K)->9209K(9408K)
[406.868s][info][gc             ] GC(991) Pause Young (Allocation Failure) 446M->150M(482M) 1.643ms
[406.868s][info][gc,cpu         ] GC(991) User=0.00s Sys=0.00s Real=0.00s
[407.975s][info][gc,start       ] GC(992) Pause Young (Allocation Failure)
[407.977s][info][gc,heap        ] GC(992) PSYoungGen: 306720K(318976K)->64K(294912K) Eden: 306688K(306688K)->0K(294400K) From: 32K(12288K)->64K(512K)
[407.977s][info][gc,heap        ] GC(992) ParOldGen: 154464K(175104K)->154472K(175104K)
[407.977s][info][gc,metaspace   ] GC(992) Metaspace: 35401K(36160K)->35401K(36160K) NonClass: 26192K(26752K)->26192K(26752K) Class: 9209K(9408K)->9209K(9408K)
[407.977s][info][gc             ] GC(992) Pause Young (Allocation Failure) 450M->150M(459M) 1.564ms
[407.977s][info][gc,cpu         ] GC(992) User=0.01s Sys=0.00s Real=0.00s
[409.377s][info][gc,start       ] GC(993) Pause Young (Allocation Failure)
[409.379s][info][gc,heap        ] GC(993) PSYoungGen: 294464K(294912K)->64K(283136K) Eden: 294400K(294400K)->0K(282624K) From: 64K(512K)->64K(512K)
[409.379s][info][gc,heap        ] GC(993) ParOldGen: 154472K(175104K)->154488K(175104K)
[409.379s][info][gc,metaspace   ] GC(993) Metaspace: 35401K(36160K)->35401K(36160K) NonClass: 26192K(26752K)->26192K(26752K) Class: 9209K(9408K)->9209K(9408K)
[409.379s][info][gc             ] GC(993) Pause Young (Allocation Failure) 438M->150M(447M) 1.857ms
[409.379s][info][gc,cpu         ] GC(993) User=0.00s Sys=0.01s Real=0.00s
[409.883s][info][gc,start       ] GC(994) Pause Young (Allocation Failure)
[409.884s][info][gc,heap        ] GC(994) PSYoungGen: 282688K(283136K)->64K(282112K) Eden: 282624K(282624K)->0K(271360K) From: 64K(512K)->64K(10752K)
[409.884s][info][gc,heap        ] GC(994) ParOldGen: 154488K(175104K)->154504K(175104K)
[409.884s][info][gc,metaspace   ] GC(994) Metaspace: 35401K(36160K)->35401K(36160K) NonClass: 26192K(26752K)->26192K(26752K) Class: 9209K(9408K)->9209K(9408K)
[409.884s][info][gc             ] GC(994) Pause Young (Allocation Failure) 426M->150M(446M) 1.620ms
[409.884s][info][gc,cpu         ] GC(994) User=0.00s Sys=0.00s Real=0.01s
[410.983s][info][gc,start       ] GC(995) Pause Young (Allocation Failure)
[410.985s][info][gc,heap        ] GC(995) PSYoungGen: 271424K(282112K)->64K(261120K) Eden: 271360K(271360K)->0K(260608K) From: 64K(10752K)->64K(512K)
[410.985s][info][gc,heap        ] GC(995) ParOldGen: 154504K(175104K)->154520K(175104K)
[410.985s][info][gc,metaspace   ] GC(995) Metaspace: 35401K(36160K)->35401K(36160K) NonClass: 26192K(26752K)->26192K(26752K) Class: 9209K(9408K)->9209K(9408K)
[410.985s][info][gc             ] GC(995) Pause Young (Allocation Failure) 415M->150M(426M) 2.150ms
[410.985s][info][gc,cpu         ] GC(995) User=0.00s Sys=0.00s Real=0.00s
[411.416s][info][gc,start       ] GC(996) Pause Young (Allocation Failure)
[411.418s][info][gc,heap        ] GC(996) PSYoungGen: 260672K(261120K)->64K(260096K) Eden: 260608K(260608K)->0K(250368K) From: 64K(512K)->64K(9728K)
[411.418s][info][gc,heap        ] GC(996) ParOldGen: 154520K(175104K)->154536K(175104K)
[411.418s][info][gc,metaspace   ] GC(996) Metaspace: 35401K(36160K)->35401K(36160K) NonClass: 26192K(26752K)->26192K(26752K) Class: 9209K(9408K)->9209K(9408K)
[411.418s][info][gc             ] GC(996) Pause Young (Allocation Failure) 405M->150M(425M) 1.530ms
[411.418s][info][gc,cpu         ] GC(996) User=0.00s Sys=0.00s Real=0.00s
[411.601s][info][gc,start       ] GC(997) Pause Young (Allocation Failure)
[411.603s][info][gc,heap        ] GC(997) PSYoungGen: 250432K(260096K)->64K(241152K) Eden: 250368K(250368K)->0K(240640K) From: 64K(9728K)->64K(512K)
[411.603s][info][gc,heap        ] GC(997) ParOldGen: 154536K(175104K)->154552K(175104K)
[411.603s][info][gc,metaspace   ] GC(997) Metaspace: 35401K(36160K)->35401K(36160K) NonClass: 26192K(26752K)->26192K(26752K) Class: 9209K(9408K)->9209K(9408K)
[411.603s][info][gc             ] GC(997) Pause Young (Allocation Failure) 395M->150M(406M) 2.362ms
[411.603s][info][gc,cpu         ] GC(997) User=0.00s Sys=0.00s Real=0.01s
[411.768s][info][gc,start       ] GC(998) Pause Young (Allocation Failure)
[411.769s][info][gc,heap        ] GC(998) PSYoungGen: 240704K(241152K)->64K(239616K) Eden: 240640K(240640K)->0K(231424K) From: 64K(512K)->64K(8192K)
[411.769s][info][gc,heap        ] GC(998) ParOldGen: 154552K(175104K)->154560K(175104K)
[411.769s][info][gc,metaspace   ] GC(998) Metaspace: 35401K(36160K)->35401K(36160K) NonClass: 26192K(26752K)->26192K(26752K) Class: 9209K(9408K)->9209K(9408K)
[411.769s][info][gc             ] GC(998) Pause Young (Allocation Failure) 385M->151M(405M) 1.286ms
[411.769s][info][gc,cpu         ] GC(998) User=0.01s Sys=0.00s Real=0.00s
[412.356s][info][gc,start       ] GC(999) Pause Young (Allocation Failure)
[412.359s][info][gc,heap        ] GC(999) PSYoungGen: 231488K(239616K)->64K(223232K) Eden: 231424K(231424K)->0K(222720K) From: 64K(8192K)->64K(512K)
[412.359s][info][gc,heap        ] GC(999) ParOldGen: 154560K(175104K)->154576K(175104K)
[412.359s][info][gc,metaspace   ] GC(999) Metaspace: 35401K(36160K)->35401K(36160K) NonClass: 26192K(26752K)->26192K(26752K) Class: 9209K(9408K)->9209K(9408K)
[412.359s][info][gc             ] GC(999) Pause Young (Allocation Failure) 377M->151M(389M) 2.400ms
[412.359s][info][gc,cpu         ] GC(999) User=0.00s Sys=0.00s Real=0.00s
[412.604s][info][gc,start       ] GC(1000) Pause Young (Allocation Failure)
[412.606s][info][gc,heap        ] GC(1000) PSYoungGen: 222784K(223232K)->64K(221696K) Eden: 222720K(222720K)->0K(214528K) From: 64K(512K)->64K(7168K)
[412.606s][info][gc,heap        ] GC(1000) ParOldGen: 154576K(175104K)->154584K(175104K)
[412.606s][info][gc,metaspace   ] GC(1000) Metaspace: 35401K(36160K)->35401K(36160K) NonClass: 26192K(26752K)->26192K(26752K) Class: 9209K(9408K)->9209K(9408K)
[412.606s][info][gc             ] GC(1000) Pause Young (Allocation Failure) 368M->151M(387M) 2.874ms
[412.606s][info][gc,cpu         ] GC(1000) User=0.00s Sys=0.00s Real=0.00s
[412.959s][info][gc,start       ] GC(1001) Pause Young (Allocation Failure)
[412.995s][info][gc,heap        ] GC(1001) PSYoungGen: 214592K(221696K)->6656K(262656K) Eden: 214528K(214528K)->0K(256000K) From: 64K(7168K)->6656K(6656K)
[412.995s][info][gc,heap        ] GC(1001) ParOldGen: 154584K(175104K)->165336K(175104K)
[412.995s][info][gc,metaspace   ] GC(1001) Metaspace: 35401K(36160K)->35401K(36160K) NonClass: 26192K(26752K)->26192K(26752K) Class: 9209K(9408K)->9209K(9408K)
[412.995s][info][gc             ] GC(1001) Pause Young (Allocation Failure) 360M->167M(427M) 36.531ms
[412.995s][info][gc,cpu         ] GC(1001) User=0.06s Sys=0.01s Real=0.04s
[413.371s][info][gc,start       ] GC(1002) Pause Young (Allocation Failure)
[413.444s][info][gc,heap        ] GC(1002) PSYoungGen: 262656K(262656K)->12288K(270848K) Eden: 256000K(256000K)->0K(258560K) From: 6656K(6656K)->12288K(12288K)
[413.444s][info][gc,heap        ] GC(1002) ParOldGen: 165336K(175104K)->182392K(182784K)
[413.444s][info][gc,metaspace   ] GC(1002) Metaspace: 35401K(36160K)->35401K(36160K) NonClass: 26192K(26752K)->26192K(26752K) Class: 9209K(9408K)->9209K(9408K)
[413.444s][info][gc             ] GC(1002) Pause Young (Allocation Failure) 417M->190M(443M) 73.806ms
[413.444s][info][gc,cpu         ] GC(1002) User=0.15s Sys=0.01s Real=0.08s
[413.695s][info][gc,start       ] GC(1003) Pause Young (Allocation Failure)
[413.769s][info][gc,heap        ] GC(1003) PSYoungGen: 270848K(270848K)->16192K(307200K) Eden: 258560K(258560K)->0K(285696K) From: 12288K(12288K)->16192K(21504K)
[413.769s][info][gc,heap        ] GC(1003) ParOldGen: 182392K(182784K)->182856K(183296K)
[413.769s][info][gc,metaspace   ] GC(1003) Metaspace: 35401K(36160K)->35401K(36160K) NonClass: 26192K(26752K)->26192K(26752K) Class: 9209K(9408K)->9209K(9408K)
[413.769s][info][gc             ] GC(1003) Pause Young (Allocation Failure) 442M->194M(479M) 73.614ms
[413.769s][info][gc,cpu         ] GC(1003) User=0.13s Sys=0.01s Real=0.07s
[414.100s][info][gc,start       ] GC(1004) Pause Young (Allocation Failure)
[414.102s][info][gc,heap        ] GC(1004) PSYoungGen: 301888K(307200K)->64K(309760K) Eden: 285696K(285696K)->0K(285696K) From: 16192K(21504K)->64K(24064K)
[414.102s][info][gc,heap        ] GC(1004) ParOldGen: 182856K(183296K)->182872K(183296K)
[414.102s][info][gc,metaspace   ] GC(1004) Metaspace: 35401K(36160K)->35401K(36160K) NonClass: 26192K(26752K)->26192K(26752K) Class: 9209K(9408K)->9209K(9408K)
[414.102s][info][gc             ] GC(1004) Pause Young (Allocation Failure) 473M->178M(481M) 1.782ms
[414.102s][info][gc,cpu         ] GC(1004) User=0.00s Sys=0.00s Real=0.00s
[414.792s][info][gc,start       ] GC(1005) Pause Young (Allocation Failure)
[414.793s][info][gc,heap        ] GC(1005) PSYoungGen: 285760K(309760K)->64K(307712K) Eden: 285696K(285696K)->0K(286720K) From: 64K(24064K)->64K(20992K)
[414.793s][info][gc,heap        ] GC(1005) ParOldGen: 182872K(183296K)->182880K(183296K)
[414.793s][info][gc,metaspace   ] GC(1005) Metaspace: 35401K(36160K)->35401K(36160K) NonClass: 26192K(26752K)->26192K(26752K) Class: 9209K(9408K)->9209K(9408K)
[414.793s][info][gc             ] GC(1005) Pause Young (Allocation Failure) 457M->178M(479M) 1.462ms
[414.793s][info][gc,cpu         ] GC(1005) User=0.00s Sys=0.00s Real=0.01s
[415.296s][info][gc,start       ] GC(1006) Pause Young (Allocation Failure)
[415.297s][info][gc,heap        ] GC(1006) PSYoungGen: 286784K(307712K)->64K(309248K) Eden: 286720K(286720K)->0K(286720K) From: 64K(20992K)->64K(22528K)
[415.297s][info][gc,heap        ] GC(1006) ParOldGen: 182880K(183296K)->182896K(183296K)
[415.297s][info][gc,metaspace   ] GC(1006) Metaspace: 35401K(36160K)->35401K(36160K) NonClass: 26192K(26752K)->26192K(26752K) Class: 9209K(9408K)->9209K(9408K)
[415.297s][info][gc             ] GC(1006) Pause Young (Allocation Failure) 458M->178M(481M) 1.158ms
[415.297s][info][gc,cpu         ] GC(1006) User=0.00s Sys=0.00s Real=0.00s
[415.558s][info][gc,start       ] GC(1007) Pause Young (Allocation Failure)
[415.559s][info][gc,heap        ] GC(1007) PSYoungGen: 286784K(309248K)->64K(308736K) Eden: 286720K(286720K)->0K(289792K) From: 64K(22528K)->64K(18944K)
[415.559s][info][gc,heap        ] GC(1007) ParOldGen: 182896K(183296K)->182912K(183296K)
[415.559s][info][gc,metaspace   ] GC(1007) Metaspace: 35401K(36160K)->35401K(36160K) NonClass: 26192K(26752K)->26192K(26752K) Class: 9209K(9408K)->9209K(9408K)
[415.559s][info][gc             ] GC(1007) Pause Young (Allocation Failure) 458M->178M(480M) 1.085ms
[415.559s][info][gc,cpu         ] GC(1007) User=0.00s Sys=0.00s Real=0.00s
[415.831s][info][gc,start       ] GC(1008) Pause Young (Allocation Failure)
[415.832s][info][gc,heap        ] GC(1008) PSYoungGen: 289856K(308736K)->64K(310272K) Eden: 289792K(289792K)->0K(289792K) From: 64K(18944K)->64K(20480K)
[415.832s][info][gc,heap        ] GC(1008) ParOldGen: 182912K(183296K)->182912K(183296K)
[415.832s][info][gc,metaspace   ] GC(1008) Metaspace: 35401K(36160K)->35401K(36160K) NonClass: 26192K(26752K)->26192K(26752K) Class: 9209K(9408K)->9209K(9408K)
[415.832s][info][gc             ] GC(1008) Pause Young (Allocation Failure) 461M->178M(482M) 1.097ms
[415.832s][info][gc,cpu         ] GC(1008) User=0.00s Sys=0.00s Real=0.00s
[416.182s][info][gc,start       ] GC(1009) Pause Young (Allocation Failure)
[416.183s][info][gc,heap        ] GC(1009) PSYoungGen: 289856K(310272K)->64K(310784K) Eden: 289792K(289792K)->0K(293888K) From: 64K(20480K)->64K(16896K)
[416.183s][info][gc,heap        ] GC(1009) ParOldGen: 182912K(183296K)->182912K(183296K)
[416.183s][info][gc,metaspace   ] GC(1009) Metaspace: 35401K(36160K)->35401K(36160K) NonClass: 26192K(26752K)->26192K(26752K) Class: 9209K(9408K)->9209K(9408K)
[416.183s][info][gc             ] GC(1009) Pause Young (Allocation Failure) 461M->178M(482M) 1.117ms
[416.183s][info][gc,cpu         ] GC(1009) User=0.00s Sys=0.00s Real=0.01s
[416.240s][info][gc,start       ] GC(1010) Pause Young (Allocation Failure)
[416.241s][info][gc,heap        ] GC(1010) PSYoungGen: 293952K(310784K)->64K(312320K) Eden: 293888K(293888K)->0K(293888K) From: 64K(16896K)->64K(18432K)
[416.241s][info][gc,heap        ] GC(1010) ParOldGen: 182912K(183296K)->182928K(183296K)
[416.241s][info][gc,metaspace   ] GC(1010) Metaspace: 35401K(36160K)->35401K(36160K) NonClass: 26192K(26752K)->26192K(26752K) Class: 9209K(9408K)->9209K(9408K)
[416.241s][info][gc             ] GC(1010) Pause Young (Allocation Failure) 465M->178M(484M) 1.278ms
[416.241s][info][gc,cpu         ] GC(1010) User=0.01s Sys=0.00s Real=0.00s
[416.312s][info][gc,start       ] GC(1011) Pause Young (Allocation Failure)
[416.313s][info][gc,heap        ] GC(1011) PSYoungGen: 293952K(312320K)->64K(312832K) Eden: 293888K(293888K)->0K(297472K) From: 64K(18432K)->64K(15360K)
[416.313s][info][gc,heap        ] GC(1011) ParOldGen: 182928K(183296K)->182928K(183296K)
[416.313s][info][gc,metaspace   ] GC(1011) Metaspace: 35401K(36160K)->35401K(36160K) NonClass: 26192K(26752K)->26192K(26752K) Class: 9209K(9408K)->9209K(9408K)
[416.313s][info][gc             ] GC(1011) Pause Young (Allocation Failure) 465M->178M(484M) 0.993ms
[416.313s][info][gc,cpu         ] GC(1011) User=0.00s Sys=0.00s Real=0.00s
[416.661s][info][gc,start       ] GC(1012) Pause Young (Allocation Failure)
[416.662s][info][gc,heap        ] GC(1012) PSYoungGen: 297536K(312832K)->64K(314368K) Eden: 297472K(297472K)->0K(297472K) From: 64K(15360K)->64K(16896K)
[416.662s][info][gc,heap        ] GC(1012) ParOldGen: 182928K(183296K)->182944K(183296K)
[416.662s][info][gc,metaspace   ] GC(1012) Metaspace: 35401K(36160K)->35401K(36160K) NonClass: 26192K(26752K)->26192K(26752K) Class: 9209K(9408K)->9209K(9408K)
[416.662s][info][gc             ] GC(1012) Pause Young (Allocation Failure) 469M->178M(486M) 1.007ms
[416.662s][info][gc,cpu         ] GC(1012) User=0.00s Sys=0.00s Real=0.00s
[416.923s][info][gc,start       ] GC(1013) Pause Young (Allocation Failure)
[416.924s][info][gc,heap        ] GC(1013) PSYoungGen: 297536K(314368K)->64K(314368K) Eden: 297472K(297472K)->0K(301056K) From: 64K(16896K)->64K(13312K)
[416.924s][info][gc,heap        ] GC(1013) ParOldGen: 182944K(183296K)->182944K(183296K)
[416.924s][info][gc,metaspace   ] GC(1013) Metaspace: 35401K(36160K)->35401K(36160K) NonClass: 26192K(26752K)->26192K(26752K) Class: 9209K(9408K)->9209K(9408K)
[416.924s][info][gc             ] GC(1013) Pause Young (Allocation Failure) 469M->178M(486M) 1.147ms
[416.924s][info][gc,cpu         ] GC(1013) User=0.00s Sys=0.00s Real=0.01s
[417.016s][info][gc,start       ] GC(1014) Pause Young (Allocation Failure)
[417.017s][info][gc,heap        ] GC(1014) PSYoungGen: 301120K(314368K)->64K(315904K) Eden: 301056K(301056K)->0K(301056K) From: 64K(13312K)->64K(14848K)
[417.017s][info][gc,heap        ] GC(1014) ParOldGen: 182944K(183296K)->182960K(183296K)
[417.017s][info][gc,metaspace   ] GC(1014) Metaspace: 35401K(36160K)->35401K(36160K) NonClass: 26192K(26752K)->26192K(26752K) Class: 9209K(9408K)->9209K(9408K)
[417.017s][info][gc             ] GC(1014) Pause Young (Allocation Failure) 472M->178M(487M) 1.098ms
[417.017s][info][gc,cpu         ] GC(1014) User=0.00s Sys=0.00s Real=0.00s
[417.189s][info][gc,start       ] GC(1015) Pause Young (Allocation Failure)
[417.190s][info][gc,heap        ] GC(1015) PSYoungGen: 301120K(315904K)->64K(317440K) Eden: 301056K(301056K)->0K(305152K) From: 64K(14848K)->64K(12288K)
[417.190s][info][gc,heap        ] GC(1015) ParOldGen: 182960K(183296K)->182960K(183296K)
[417.190s][info][gc,metaspace   ] GC(1015) Metaspace: 35401K(36160K)->35401K(36160K) NonClass: 26192K(26752K)->26192K(26752K) Class: 9209K(9408K)->9209K(9408K)
[417.190s][info][gc             ] GC(1015) Pause Young (Allocation Failure) 472M->178M(489M) 1.134ms
[417.190s][info][gc,cpu         ] GC(1015) User=0.00s Sys=0.00s Real=0.00s
[418.232s][info][gc,start       ] GC(1016) Pause Young (Allocation Failure)
[418.234s][info][gc,heap        ] GC(1016) PSYoungGen: 305202K(317440K)->83K(293376K) Eden: 305138K(305152K)->0K(292864K) From: 64K(12288K)->83K(512K)
[418.234s][info][gc,heap        ] GC(1016) ParOldGen: 182960K(183296K)->182968K(183296K)
[418.234s][info][gc,metaspace   ] GC(1016) Metaspace: 35401K(36160K)->35401K(36160K) NonClass: 26192K(26752K)->26192K(26752K) Class: 9209K(9408K)->9209K(9408K)
[418.234s][info][gc             ] GC(1016) Pause Young (Allocation Failure) 476M->178M(465M) 1.634ms
[418.234s][info][gc,cpu         ] GC(1016) User=0.00s Sys=0.01s Real=0.01s
[419.125s][info][gc,start       ] GC(1017) Pause Young (Allocation Failure)
[419.126s][info][gc,heap        ] GC(1017) PSYoungGen: 292947K(293376K)->64K(281600K) Eden: 292864K(292864K)->0K(281088K) From: 83K(512K)->64K(512K)
[419.126s][info][gc,heap        ] GC(1017) ParOldGen: 182968K(183296K)->182976K(183296K)
[419.126s][info][gc,metaspace   ] GC(1017) Metaspace: 35401K(36160K)->35401K(36160K) NonClass: 26192K(26752K)->26192K(26752K) Class: 9209K(9408K)->9209K(9408K)
[419.126s][info][gc             ] GC(1017) Pause Young (Allocation Failure) 464M->178M(454M) 1.592ms
[419.126s][info][gc,cpu         ] GC(1017) User=0.00s Sys=0.00s Real=0.00s
[419.418s][info][gc,start       ] GC(1018) Pause Young (Allocation Failure)
[419.419s][info][gc,heap        ] GC(1018) PSYoungGen: 281152K(281600K)->64K(281600K) Eden: 281088K(281088K)->0K(269824K) From: 64K(512K)->64K(11776K)
[419.419s][info][gc,heap        ] GC(1018) ParOldGen: 182976K(183296K)->182984K(183296K)
[419.419s][info][gc,metaspace   ] GC(1018) Metaspace: 35401K(36160K)->35401K(36160K) NonClass: 26192K(26752K)->26192K(26752K) Class: 9209K(9408K)->9209K(9408K)
[419.419s][info][gc             ] GC(1018) Pause Young (Allocation Failure) 453M->178M(454M) 0.946ms
[419.419s][info][gc,cpu         ] GC(1018) User=0.00s Sys=0.00s Real=0.00s
[419.930s][info][gc,start       ] GC(1019) Pause Young (Allocation Failure)
[419.932s][info][gc,heap        ] GC(1019) PSYoungGen: 269888K(281600K)->32K(259584K) Eden: 269824K(269824K)->0K(259072K) From: 64K(11776K)->32K(512K)
[419.932s][info][gc,heap        ] GC(1019) ParOldGen: 182984K(183296K)->182992K(183296K)
[419.932s][info][gc,metaspace   ] GC(1019) Metaspace: 35401K(36160K)->35401K(36160K) NonClass: 26192K(26752K)->26192K(26752K) Class: 9209K(9408K)->9209K(9408K)
[419.932s][info][gc             ] GC(1019) Pause Young (Allocation Failure) 442M->178M(432M) 2.328ms
[419.932s][info][gc,cpu         ] GC(1019) User=0.00s Sys=0.00s Real=0.00s
[420.957s][info][gc,start       ] GC(1020) Pause Young (Allocation Failure)
[420.959s][info][gc,heap        ] GC(1020) PSYoungGen: 259104K(259584K)->32K(259072K) Eden: 259072K(259072K)->0K(248832K) From: 32K(512K)->32K(10240K)
[420.959s][info][gc,heap        ] GC(1020) ParOldGen: 182992K(183296K)->183000K(183296K)
[420.959s][info][gc,metaspace   ] GC(1020) Metaspace: 35401K(36160K)->35401K(36160K) NonClass: 26192K(26752K)->26192K(26752K) Class: 9209K(9408K)->9209K(9408K)
[420.959s][info][gc             ] GC(1020) Pause Young (Allocation Failure) 431M->178M(432M) 1.521ms
[420.959s][info][gc,cpu         ] GC(1020) User=0.00s Sys=0.00s Real=0.00s
[421.359s][info][gc,start       ] GC(1021) Pause Young (Allocation Failure)
[421.362s][info][gc,heap        ] GC(1021) PSYoungGen: 248864K(259072K)->32K(239616K) Eden: 248832K(248832K)->0K(239104K) From: 32K(10240K)->32K(512K)
[421.362s][info][gc,heap        ] GC(1021) ParOldGen: 183000K(183296K)->183008K(183296K)
[421.362s][info][gc,metaspace   ] GC(1021) Metaspace: 35401K(36160K)->35401K(36160K) NonClass: 26192K(26752K)->26192K(26752K) Class: 9209K(9408K)->9209K(9408K)
[421.362s][info][gc             ] GC(1021) Pause Young (Allocation Failure) 421M->178M(413M) 2.460ms
[421.362s][info][gc,cpu         ] GC(1021) User=0.00s Sys=0.00s Real=0.00s
[421.446s][info][gc,start       ] GC(1022) Pause Young (Allocation Failure)
[421.447s][info][gc,heap        ] GC(1022) PSYoungGen: 239136K(239616K)->64K(238592K) Eden: 239104K(239104K)->0K(229888K) From: 32K(512K)->64K(8704K)
[421.447s][info][gc,heap        ] GC(1022) ParOldGen: 183008K(183296K)->183016K(183296K)
[421.447s][info][gc,metaspace   ] GC(1022) Metaspace: 35401K(36160K)->35401K(36160K) NonClass: 26192K(26752K)->26192K(26752K) Class: 9209K(9408K)->9209K(9408K)
[421.447s][info][gc             ] GC(1022) Pause Young (Allocation Failure) 412M->178M(412M) 1.273ms
[421.447s][info][gc,cpu         ] GC(1022) User=0.00s Sys=0.00s Real=0.00s
[421.880s][info][gc,start       ] GC(1023) Pause Young (Allocation Failure)
[421.882s][info][gc,heap        ] GC(1023) PSYoungGen: 229952K(238592K)->64K(221696K) Eden: 229888K(229888K)->0K(221184K) From: 64K(8704K)->64K(512K)
[421.882s][info][gc,heap        ] GC(1023) ParOldGen: 183016K(183296K)->183024K(183296K)
[421.882s][info][gc,metaspace   ] GC(1023) Metaspace: 35401K(36160K)->35401K(36160K) NonClass: 26192K(26752K)->26192K(26752K) Class: 9209K(9408K)->9209K(9408K)
[421.882s][info][gc             ] GC(1023) Pause Young (Allocation Failure) 403M->178M(395M) 2.275ms
[421.882s][info][gc,cpu         ] GC(1023) User=0.00s Sys=0.00s Real=0.00s
[422.203s][info][gc,start       ] GC(1024) Pause Young (Allocation Failure)
[422.205s][info][gc,heap        ] GC(1024) PSYoungGen: 221248K(221696K)->64K(220672K) Eden: 221184K(221184K)->0K(212992K) From: 64K(512K)->64K(7680K)
[422.205s][info][gc,heap        ] GC(1024) ParOldGen: 183024K(183296K)->183040K(183296K)
[422.205s][info][gc,metaspace   ] GC(1024) Metaspace: 35401K(36160K)->35401K(36160K) NonClass: 26192K(26752K)->26192K(26752K) Class: 9209K(9408K)->9209K(9408K)
[422.205s][info][gc             ] GC(1024) Pause Young (Allocation Failure) 394M->178M(394M) 1.868ms
[422.205s][info][gc,cpu         ] GC(1024) User=0.00s Sys=0.00s Real=0.00s
[422.582s][info][gc,start       ] GC(1025) Pause Young (Allocation Failure)
[422.589s][info][gc,heap        ] GC(1025) PSYoungGen: 213055K(220672K)->2432K(207872K) Eden: 212991K(212992K)->0K(205312K) From: 64K(7680K)->2432K(2560K)
[422.589s][info][gc,heap        ] GC(1025) ParOldGen: 183040K(183296K)->183056K(183296K)
[422.590s][info][gc,metaspace   ] GC(1025) Metaspace: 35401K(36160K)->35401K(36160K) NonClass: 26192K(26752K)->26192K(26752K) Class: 9209K(9408K)->9209K(9408K)
[422.590s][info][gc             ] GC(1025) Pause Young (Allocation Failure) 386M->181M(382M) 7.296ms
[422.590s][info][gc,cpu         ] GC(1025) User=0.01s Sys=0.00s Real=0.01s
[422.878s][info][gc,start       ] GC(1026) Pause Young (Allocation Failure)
[422.937s][info][gc,heap        ] GC(1026) PSYoungGen: 207744K(207872K)->7168K(253440K) Eden: 205312K(205312K)->0K(246272K) From: 2432K(2560K)->7168K(7168K)
[422.937s][info][gc,heap        ] GC(1026) ParOldGen: 183056K(183296K)->199184K(199680K)
[422.937s][info][gc,metaspace   ] GC(1026) Metaspace: 35401K(36160K)->35401K(36160K) NonClass: 26192K(26752K)->26192K(26752K) Class: 9209K(9408K)->9209K(9408K)
[422.937s][info][gc             ] GC(1026) Pause Young (Allocation Failure) 381M->201M(442M) 59.062ms
[422.937s][info][gc,cpu         ] GC(1026) User=0.11s Sys=0.01s Real=0.06s
[423.281s][info][gc,start       ] GC(1027) Pause Young (Allocation Failure)
[423.361s][info][gc,heap        ] GC(1027) PSYoungGen: 253440K(253440K)->6144K(252928K) Eden: 246272K(246272K)->0K(246784K) From: 7168K(7168K)->6144K(6144K)
[423.361s][info][gc,heap        ] GC(1027) ParOldGen: 199184K(199680K)->221424K(221696K)
[423.361s][info][gc,metaspace   ] GC(1027) Metaspace: 35401K(36160K)->35401K(36160K) NonClass: 26192K(26752K)->26192K(26752K) Class: 9209K(9408K)->9209K(9408K)
[423.361s][info][gc             ] GC(1027) Pause Young (Allocation Failure) 442M->222M(463M) 80.121ms
[423.361s][info][gc,cpu         ] GC(1027) User=0.13s Sys=0.02s Real=0.08s
[423.518s][info][gc,start       ] GC(1028) Pause Young (Allocation Failure)
[423.539s][info][gc,heap        ] GC(1028) PSYoungGen: 252928K(252928K)->8992K(269824K) Eden: 246784K(246784K)->0K(246784K) From: 6144K(6144K)->8992K(23040K)
[423.539s][info][gc,heap        ] GC(1028) ParOldGen: 221424K(221696K)->222016K(222208K)
[423.539s][info][gc,metaspace   ] GC(1028) Metaspace: 35401K(36160K)->35401K(36160K) NonClass: 26192K(26752K)->26192K(26752K) Class: 9209K(9408K)->9209K(9408K)
[423.539s][info][gc             ] GC(1028) Pause Young (Allocation Failure) 463M->225M(480M) 21.381ms
[423.539s][info][gc,cpu         ] GC(1028) User=0.04s Sys=0.00s Real=0.02s
[423.877s][info][gc,start       ] GC(1029) Pause Young (Allocation Failure)
[423.878s][info][gc,heap        ] GC(1029) PSYoungGen: 255776K(269824K)->64K(309248K) Eden: 246784K(246784K)->0K(288256K) From: 8992K(23040K)->64K(20992K)
[423.878s][info][gc,heap        ] GC(1029) ParOldGen: 222016K(222208K)->222024K(222208K)
[423.878s][info][gc,metaspace   ] GC(1029) Metaspace: 35401K(36160K)->35401K(36160K) NonClass: 26192K(26752K)->26192K(26752K) Class: 9209K(9408K)->9209K(9408K)
[423.878s][info][gc             ] GC(1029) Pause Young (Allocation Failure) 466M->216M(519M) 1.181ms
[423.878s][info][gc,cpu         ] GC(1029) User=0.00s Sys=0.00s Real=0.00s
[424.566s][info][gc,start       ] GC(1030) Pause Young (Allocation Failure)
[424.567s][info][gc,heap        ] GC(1030) PSYoungGen: 288320K(309248K)->64K(310272K) Eden: 288256K(288256K)->0K(288256K) From: 64K(20992K)->64K(22016K)
[424.567s][info][gc,heap        ] GC(1030) ParOldGen: 222024K(222208K)->222032K(222208K)
[424.567s][info][gc,metaspace   ] GC(1030) Metaspace: 35401K(36160K)->35401K(36160K) NonClass: 26192K(26752K)->26192K(26752K) Class: 9209K(9408K)->9209K(9408K)
[424.567s][info][gc             ] GC(1030) Pause Young (Allocation Failure) 498M->216M(520M) 1.144ms
[424.567s][info][gc,cpu         ] GC(1030) User=0.00s Sys=0.00s Real=0.00s
[425.079s][info][gc,start       ] GC(1031) Pause Young (Allocation Failure)
[425.081s][info][gc,heap        ] GC(1031) PSYoungGen: 288320K(310272K)->64K(310784K) Eden: 288256K(288256K)->0K(290816K) From: 64K(22016K)->64K(19968K)
[425.081s][info][gc,heap        ] GC(1031) ParOldGen: 222032K(222208K)->222048K(222208K)
[425.081s][info][gc,metaspace   ] GC(1031) Metaspace: 35401K(36160K)->35401K(36160K) NonClass: 26192K(26752K)->26192K(26752K) Class: 9209K(9408K)->9209K(9408K)
[425.081s][info][gc             ] GC(1031) Pause Young (Allocation Failure) 498M->216M(520M) 1.141ms
[425.081s][info][gc,cpu         ] GC(1031) User=0.00s Sys=0.00s Real=0.00s
[425.349s][info][gc,start       ] GC(1032) Pause Young (Allocation Failure)
[425.350s][info][gc,heap        ] GC(1032) PSYoungGen: 290880K(310784K)->64K(311296K) Eden: 290816K(290816K)->0K(290816K) From: 64K(19968K)->64K(20480K)
[425.350s][info][gc,heap        ] GC(1032) ParOldGen: 222048K(222208K)->222064K(222208K)
[425.350s][info][gc,metaspace   ] GC(1032) Metaspace: 35401K(36160K)->35401K(36160K) NonClass: 26192K(26752K)->26192K(26752K) Class: 9209K(9408K)->9209K(9408K)
[425.350s][info][gc             ] GC(1032) Pause Young (Allocation Failure) 500M->216M(521M) 1.114ms
[425.350s][info][gc,cpu         ] GC(1032) User=0.01s Sys=0.00s Real=0.00s
[425.616s][info][gc,start       ] GC(1033) Pause Young (Allocation Failure)
[425.617s][info][gc,heap        ] GC(1033) PSYoungGen: 290880K(311296K)->64K(312832K) Eden: 290816K(290816K)->0K(293888K) From: 64K(20480K)->64K(18944K)
[425.617s][info][gc,heap        ] GC(1033) ParOldGen: 222064K(222208K)->222064K(222208K)
[425.617s][info][gc,metaspace   ] GC(1033) Metaspace: 35401K(36160K)->35401K(36160K) NonClass: 26192K(26752K)->26192K(26752K) Class: 9209K(9408K)->9209K(9408K)
[425.618s][info][gc             ] GC(1033) Pause Young (Allocation Failure) 500M->216M(522M) 1.099ms
[425.618s][info][gc,cpu         ] GC(1033) User=0.00s Sys=0.00s Real=0.00s
[425.959s][info][gc,start       ] GC(1034) Pause Young (Allocation Failure)
[425.960s][info][gc,heap        ] GC(1034) PSYoungGen: 293952K(312832K)->64K(312832K) Eden: 293888K(293888K)->0K(293888K) From: 64K(18944K)->64K(18944K)
[425.960s][info][gc,heap        ] GC(1034) ParOldGen: 222064K(222208K)->222064K(222208K)
[425.960s][info][gc,metaspace   ] GC(1034) Metaspace: 35401K(36160K)->35401K(36160K) NonClass: 26192K(26752K)->26192K(26752K) Class: 9209K(9408K)->9209K(9408K)
[425.960s][info][gc             ] GC(1034) Pause Young (Allocation Failure) 503M->216M(522M) 1.062ms
[425.960s][info][gc,cpu         ] GC(1034) User=0.00s Sys=0.00s Real=0.00s
[426.012s][info][gc,start       ] GC(1035) Pause Young (Allocation Failure)
[426.013s][info][gc,heap        ] GC(1035) PSYoungGen: 293952K(312832K)->64K(313856K) Eden: 293888K(293888K)->0K(296960K) From: 64K(18944K)->64K(16896K)
[426.013s][info][gc,heap        ] GC(1035) ParOldGen: 222064K(222208K)->222080K(222208K)
[426.013s][info][gc,metaspace   ] GC(1035) Metaspace: 35401K(36160K)->35401K(36160K) NonClass: 26192K(26752K)->26192K(26752K) Class: 9209K(9408K)->9209K(9408K)
[426.013s][info][gc             ] GC(1035) Pause Young (Allocation Failure) 503M->216M(523M) 1.107ms
[426.013s][info][gc,cpu         ] GC(1035) User=0.01s Sys=0.00s Real=0.01s
[426.114s][info][gc,start       ] GC(1036) Pause Young (Allocation Failure)
[426.115s][info][gc,heap        ] GC(1036) PSYoungGen: 297024K(313856K)->64K(313856K) Eden: 296960K(296960K)->0K(296960K) From: 64K(16896K)->64K(16896K)
[426.115s][info][gc,heap        ] GC(1036) ParOldGen: 222080K(222208K)->222080K(222208K)
[426.115s][info][gc,metaspace   ] GC(1036) Metaspace: 35401K(36160K)->35401K(36160K) NonClass: 26192K(26752K)->26192K(26752K) Class: 9209K(9408K)->9209K(9408K)
[426.115s][info][gc             ] GC(1036) Pause Young (Allocation Failure) 506M->216M(523M) 1.074ms
[426.115s][info][gc,cpu         ] GC(1036) User=0.01s Sys=0.00s Real=0.00s
[426.455s][info][gc,start       ] GC(1037) Pause Young (Allocation Failure)
[426.456s][info][gc,heap        ] GC(1037) PSYoungGen: 297024K(313856K)->64K(316416K) Eden: 296960K(296960K)->0K(300544K) From: 64K(16896K)->64K(15872K)
[426.456s][info][gc,heap        ] GC(1037) ParOldGen: 222080K(222208K)->222096K(222208K)
[426.456s][info][gc,metaspace   ] GC(1037) Metaspace: 35401K(36160K)->35401K(36160K) NonClass: 26192K(26752K)->26192K(26752K) Class: 9209K(9408K)->9209K(9408K)
[426.456s][info][gc             ] GC(1037) Pause Young (Allocation Failure) 506M->216M(526M) 1.058ms
[426.456s][info][gc,cpu         ] GC(1037) User=0.00s Sys=0.00s Real=0.00s
[426.690s][info][gc,start       ] GC(1038) Pause Young (Allocation Failure)
[426.692s][info][gc,heap        ] GC(1038) PSYoungGen: 300608K(316416K)->64K(315904K) Eden: 300544K(300544K)->0K(300544K) From: 64K(15872K)->64K(15360K)
[426.692s][info][gc,heap        ] GC(1038) ParOldGen: 222096K(222208K)->222096K(222208K)
[426.692s][info][gc,metaspace   ] GC(1038) Metaspace: 35401K(36160K)->35401K(36160K) NonClass: 26192K(26752K)->26192K(26752K) Class: 9209K(9408K)->9209K(9408K)
[426.692s][info][gc             ] GC(1038) Pause Young (Allocation Failure) 510M->216M(525M) 1.158ms
[426.692s][info][gc,cpu         ] GC(1038) User=0.00s Sys=0.00s Real=0.00s
[426.781s][info][gc,start       ] GC(1039) Pause Young (Allocation Failure)
[426.782s][info][gc,heap        ] GC(1039) PSYoungGen: 300608K(315904K)->64K(317440K) Eden: 300544K(300544K)->0K(303616K) From: 64K(15360K)->64K(13824K)
[426.782s][info][gc,heap        ] GC(1039) ParOldGen: 222096K(222208K)->222112K(222208K)
[426.782s][info][gc,metaspace   ] GC(1039) Metaspace: 35401K(36160K)->35401K(36160K) NonClass: 26192K(26752K)->26192K(26752K) Class: 9209K(9408K)->9209K(9408K)
[426.782s][info][gc             ] GC(1039) Pause Young (Allocation Failure) 510M->216M(527M) 1.123ms
[426.782s][info][gc,cpu         ] GC(1039) User=0.00s Sys=0.00s Real=0.00s
[426.970s][info][gc,start       ] GC(1040) Pause Young (Allocation Failure)
[426.971s][info][gc,heap        ] GC(1040) PSYoungGen: 303680K(317440K)->64K(316928K) Eden: 303616K(303616K)->0K(303616K) From: 64K(13824K)->64K(13312K)
[426.971s][info][gc,heap        ] GC(1040) ParOldGen: 222112K(222208K)->222112K(222208K)
[426.971s][info][gc,metaspace   ] GC(1040) Metaspace: 35401K(36160K)->35401K(36160K) NonClass: 26192K(26752K)->26192K(26752K) Class: 9209K(9408K)->9209K(9408K)
[426.971s][info][gc             ] GC(1040) Pause Young (Allocation Failure) 513M->216M(526M) 1.081ms
[426.971s][info][gc,cpu         ] GC(1040) User=0.00s Sys=0.00s Real=0.00s
[427.989s][info][gc,start       ] GC(1041) Pause Young (Allocation Failure)
[427.990s][info][gc,heap        ] GC(1041) PSYoungGen: 303680K(316928K)->64K(291840K) Eden: 303616K(303616K)->0K(291328K) From: 64K(13312K)->64K(512K)
[427.990s][info][gc,heap        ] GC(1041) ParOldGen: 222112K(222208K)->222120K(222208K)
[427.990s][info][gc,metaspace   ] GC(1041) Metaspace: 35401K(36160K)->35401K(36160K) NonClass: 26192K(26752K)->26192K(26752K) Class: 9209K(9408K)->9209K(9408K)
[427.990s][info][gc             ] GC(1041) Pause Young (Allocation Failure) 513M->216M(502M) 1.124ms
[427.990s][info][gc,cpu         ] GC(1041) User=0.00s Sys=0.00s Real=0.00s
[428.890s][info][gc,start       ] GC(1042) Pause Young (Allocation Failure)
[428.891s][info][gc,heap        ] GC(1042) PSYoungGen: 291392K(291840K)->64K(291328K) Eden: 291328K(291328K)->0K(279552K) From: 64K(512K)->64K(11776K)
[428.891s][info][gc,heap        ] GC(1042) ParOldGen: 222120K(222208K)->222128K(222208K)
[428.891s][info][gc,metaspace   ] GC(1042) Metaspace: 35401K(36160K)->35401K(36160K) NonClass: 26192K(26752K)->26192K(26752K) Class: 9209K(9408K)->9209K(9408K)
[428.891s][info][gc             ] GC(1042) Pause Young (Allocation Failure) 501M->216M(501M) 1.133ms
[428.891s][info][gc,cpu         ] GC(1042) User=0.00s Sys=0.00s Real=0.00s
[429.245s][info][gc,start       ] GC(1043) Pause Young (Allocation Failure)
[429.246s][info][gc,heap        ] GC(1043) PSYoungGen: 279616K(291328K)->64K(268800K) Eden: 279552K(279552K)->0K(268288K) From: 64K(11776K)->64K(512K)
[429.246s][info][gc,heap        ] GC(1043) ParOldGen: 222128K(222208K)->222136K(222208K)
[429.246s][info][gc,metaspace   ] GC(1043) Metaspace: 35401K(36160K)->35401K(36160K) NonClass: 26192K(26752K)->26192K(26752K) Class: 9209K(9408K)->9209K(9408K)
[429.246s][info][gc             ] GC(1043) Pause Young (Allocation Failure) 489M->216M(479M) 1.136ms
[429.246s][info][gc,cpu         ] GC(1043) User=0.00s Sys=0.00s Real=0.00s
[429.998s][info][gc,start       ] GC(1044) Pause Young (Allocation Failure)
[429.999s][info][gc,heap        ] GC(1044) PSYoungGen: 268352K(268800K)->64K(268288K) Eden: 268288K(268288K)->0K(258048K) From: 64K(512K)->64K(10240K)
[429.999s][info][gc,heap        ] GC(1044) ParOldGen: 222136K(222208K)->222144K(222208K)
[429.999s][info][gc,metaspace   ] GC(1044) Metaspace: 35401K(36160K)->35401K(36160K) NonClass: 26192K(26752K)->26192K(26752K) Class: 9209K(9408K)->9209K(9408K)
[429.999s][info][gc             ] GC(1044) Pause Young (Allocation Failure) 478M->217M(479M) 1.103ms
[429.999s][info][gc,cpu         ] GC(1044) User=0.00s Sys=0.00s Real=0.00s
[430.745s][info][gc,start       ] GC(1045) Pause Young (Allocation Failure)
[430.747s][info][gc,heap        ] GC(1045) PSYoungGen: 258112K(268288K)->64K(248320K) Eden: 258048K(258048K)->0K(247808K) From: 64K(10240K)->64K(512K)
[430.747s][info][gc,heap        ] GC(1045) ParOldGen: 222144K(222208K)->222152K(222208K)
[430.747s][info][gc,metaspace   ] GC(1045) Metaspace: 35401K(36160K)->35401K(36160K) NonClass: 26192K(26752K)->26192K(26752K) Class: 9209K(9408K)->9209K(9408K)
[430.747s][info][gc             ] GC(1045) Pause Young (Allocation Failure) 469M->217M(459M) 1.356ms
[430.747s][info][gc,cpu         ] GC(1045) User=0.00s Sys=0.00s Real=0.00s
[431.152s][info][gc,start       ] GC(1046) Pause Young (Allocation Failure)
[431.153s][info][gc,heap        ] GC(1046) PSYoungGen: 247872K(248320K)->64K(247296K) Eden: 247808K(247808K)->0K(238080K) From: 64K(512K)->64K(9216K)
[431.153s][info][gc,heap        ] GC(1046) ParOldGen: 222152K(222208K)->222160K(222208K)
[431.153s][info][gc,metaspace   ] GC(1046) Metaspace: 35401K(36160K)->35401K(36160K) NonClass: 26192K(26752K)->26192K(26752K) Class: 9209K(9408K)->9209K(9408K)
[431.154s][info][gc             ] GC(1046) Pause Young (Allocation Failure) 459M->217M(458M) 1.046ms
[431.154s][info][gc,cpu         ] GC(1046) User=0.00s Sys=0.00s Real=0.01s
[431.217s][info][gc,start       ] GC(1047) Pause Young (Allocation Failure)
[431.218s][info][gc,heap        ] GC(1047) PSYoungGen: 238144K(247296K)->64K(229376K) Eden: 238080K(238080K)->0K(228864K) From: 64K(9216K)->64K(512K)
[431.218s][info][gc,heap        ] GC(1047) ParOldGen: 222160K(222208K)->222176K(222208K)
[431.218s][info][gc,metaspace   ] GC(1047) Metaspace: 35401K(36160K)->35401K(36160K) NonClass: 26192K(26752K)->26192K(26752K) Class: 9209K(9408K)->9209K(9408K)
[431.218s][info][gc             ] GC(1047) Pause Young (Allocation Failure) 449M->217M(441M) 1.698ms
[431.218s][info][gc,cpu         ] GC(1047) User=0.00s Sys=0.00s Real=0.00s
[431.706s][info][gc,start       ] GC(1048) Pause Young (Allocation Failure)
[431.707s][info][gc,heap        ] GC(1048) PSYoungGen: 228928K(229376K)->64K(227840K) Eden: 228864K(228864K)->0K(220160K) From: 64K(512K)->64K(7680K)
[431.707s][info][gc,heap        ] GC(1048) ParOldGen: 222176K(222208K)->222176K(222208K)
[431.707s][info][gc,metaspace   ] GC(1048) Metaspace: 35401K(36160K)->35401K(36160K) NonClass: 26192K(26752K)->26192K(26752K) Class: 9209K(9408K)->9209K(9408K)
[431.708s][info][gc             ] GC(1048) Pause Young (Allocation Failure) 440M->217M(439M) 1.100ms
[431.708s][info][gc,cpu         ] GC(1048) User=0.00s Sys=0.00s Real=0.00s
[431.992s][info][gc,start       ] GC(1049) Pause Young (Allocation Failure)
[431.994s][info][gc,heap        ] GC(1049) PSYoungGen: 220224K(227840K)->64K(212480K) Eden: 220160K(220160K)->0K(211968K) From: 64K(7680K)->64K(512K)
[431.994s][info][gc,heap        ] GC(1049) ParOldGen: 222176K(222208K)->222184K(222208K)
[431.994s][info][gc,metaspace   ] GC(1049) Metaspace: 35401K(36160K)->35401K(36160K) NonClass: 26192K(26752K)->26192K(26752K) Class: 9209K(9408K)->9209K(9408K)
[431.994s][info][gc             ] GC(1049) Pause Young (Allocation Failure) 432M->217M(424M) 1.680ms
[431.994s][info][gc,cpu         ] GC(1049) User=0.00s Sys=0.00s Real=0.01s
[432.392s][info][gc,start       ] GC(1050) Pause Young (Allocation Failure)
[432.409s][info][gc,heap        ] GC(1050) PSYoungGen: 212031K(212480K)->4896K(256512K) Eden: 211967K(211968K)->0K(251392K) From: 64K(512K)->4896K(5120K)
[432.409s][info][gc,heap        ] GC(1050) ParOldGen: 222184K(222208K)->222200K(222208K)
[432.409s][info][gc,metaspace   ] GC(1050) Metaspace: 35401K(36160K)->35401K(36160K) NonClass: 26192K(26752K)->26192K(26752K) Class: 9209K(9408K)->9209K(9408K)
[432.409s][info][gc             ] GC(1050) Pause Young (Allocation Failure) 424M->221M(467M) 16.394ms
[432.409s][info][gc,cpu         ] GC(1050) User=0.03s Sys=0.00s Real=0.02s
[432.903s][info][gc,start       ] GC(1051) Pause Young (Allocation Failure)
[433.033s][info][gc,heap        ] GC(1051) PSYoungGen: 256288K(256512K)->7680K(267776K) Eden: 251392K(251392K)->0K(260096K) From: 4896K(5120K)->7680K(7680K)
[433.033s][info][gc,heap        ] GC(1051) ParOldGen: 222200K(222208K)->243056K(243200K)
[433.033s][info][gc,metaspace   ] GC(1051) Metaspace: 35401K(36160K)->35401K(36160K) NonClass: 26192K(26752K)->26192K(26752K) Class: 9209K(9408K)->9209K(9408K)
[433.034s][info][gc             ] GC(1051) Pause Young (Allocation Failure) 467M->244M(499M) 130.220ms
[433.034s][info][gc,cpu         ] GC(1051) User=0.24s Sys=0.02s Real=0.13s
[433.619s][info][gc,start       ] GC(1052) Pause Young (Allocation Failure)
[433.680s][info][gc,heap        ] GC(1052) PSYoungGen: 267776K(267776K)->17408K(277504K) Eden: 260096K(260096K)->0K(260096K) From: 7680K(7680K)->17408K(17408K)
[433.680s][info][gc,heap        ] GC(1052) ParOldGen: 243056K(243200K)->255464K(255488K)
[433.680s][info][gc,metaspace   ] GC(1052) Metaspace: 35401K(36160K)->35401K(36160K) NonClass: 26192K(26752K)->26192K(26752K) Class: 9209K(9408K)->9209K(9408K)
[433.680s][info][gc             ] GC(1052) Pause Young (Allocation Failure) 498M->266M(520M) 60.536ms
[433.680s][info][gc,cpu         ] GC(1052) User=0.11s Sys=0.01s Real=0.06s
[433.774s][info][gc,start       ] GC(1053) Pause Young (Allocation Failure)
[433.779s][info][gc,heap        ] GC(1053) PSYoungGen: 277504K(277504K)->64K(309248K) Eden: 260096K(260096K)->0K(283648K) From: 17408K(17408K)->64K(25600K)
[433.779s][info][gc,heap        ] GC(1053) ParOldGen: 255464K(255488K)->255792K(256000K)
[433.779s][info][gc,metaspace   ] GC(1053) Metaspace: 35401K(36160K)->35401K(36160K) NonClass: 26192K(26752K)->26192K(26752K) Class: 9209K(9408K)->9209K(9408K)
[433.779s][info][gc             ] GC(1053) Pause Young (Allocation Failure) 520M->249M(552M) 5.153ms
[433.779s][info][gc,cpu         ] GC(1053) User=0.01s Sys=0.00s Real=0.00s
[434.425s][info][gc,start       ] GC(1054) Pause Young (Allocation Failure)
[434.426s][info][gc,heap        ] GC(1054) PSYoungGen: 283712K(309248K)->64K(284160K) Eden: 283648K(283648K)->0K(283648K) From: 64K(25600K)->64K(512K)
[434.426s][info][gc,heap        ] GC(1054) ParOldGen: 255792K(256000K)->255800K(256000K)
[434.426s][info][gc,metaspace   ] GC(1054) Metaspace: 35401K(36160K)->35401K(36160K) NonClass: 26192K(26752K)->26192K(26752K) Class: 9209K(9408K)->9209K(9408K)
[434.426s][info][gc             ] GC(1054) Pause Young (Allocation Failure) 526M->249M(527M) 1.200ms
[434.426s][info][gc,cpu         ] GC(1054) User=0.01s Sys=0.00s Real=0.00s
[434.878s][info][gc,start       ] GC(1055) Pause Young (Allocation Failure)
[434.879s][info][gc,heap        ] GC(1055) PSYoungGen: 283712K(284160K)->64K(308736K) Eden: 283648K(283648K)->0K(284672K) From: 64K(512K)->64K(24064K)
[434.879s][info][gc,heap        ] GC(1055) ParOldGen: 255800K(256000K)->255808K(256000K)
[434.879s][info][gc,metaspace   ] GC(1055) Metaspace: 35401K(36160K)->35401K(36160K) NonClass: 26192K(26752K)->26192K(26752K) Class: 9209K(9408K)->9209K(9408K)
[434.879s][info][gc             ] GC(1055) Pause Young (Allocation Failure) 526M->249M(551M) 1.175ms
[434.879s][info][gc,cpu         ] GC(1055) User=0.00s Sys=0.00s Real=0.00s
[435.373s][info][gc,start       ] GC(1056) Pause Young (Allocation Failure)
[435.374s][info][gc,heap        ] GC(1056) PSYoungGen: 284736K(308736K)->64K(307712K) Eden: 284672K(284672K)->0K(284672K) From: 64K(24064K)->64K(23040K)
[435.374s][info][gc,heap        ] GC(1056) ParOldGen: 255808K(256000K)->255824K(256000K)
[435.374s][info][gc,metaspace   ] GC(1056) Metaspace: 35401K(36160K)->35401K(36160K) NonClass: 26192K(26752K)->26192K(26752K) Class: 9209K(9408K)->9209K(9408K)
[435.374s][info][gc             ] GC(1056) Pause Young (Allocation Failure) 527M->249M(550M) 1.660ms
[435.374s][info][gc,cpu         ] GC(1056) User=0.00s Sys=0.00s Real=0.01s
[435.636s][info][gc,start       ] GC(1057) Pause Young (Allocation Failure)
[435.637s][info][gc,heap        ] GC(1057) PSYoungGen: 284736K(307712K)->64K(309760K) Eden: 284672K(284672K)->0K(287744K) From: 64K(23040K)->64K(22016K)
[435.637s][info][gc,heap        ] GC(1057) ParOldGen: 255824K(256000K)->255840K(256000K)
[435.637s][info][gc,metaspace   ] GC(1057) Metaspace: 35401K(36160K)->35401K(36160K) NonClass: 26192K(26752K)->26192K(26752K) Class: 9209K(9408K)->9209K(9408K)
[435.637s][info][gc             ] GC(1057) Pause Young (Allocation Failure) 527M->249M(552M) 1.151ms
[435.637s][info][gc,cpu         ] GC(1057) User=0.00s Sys=0.00s Real=0.00s
[436.030s][info][gc,start       ] GC(1058) Pause Young (Allocation Failure)
[436.031s][info][gc,heap        ] GC(1058) PSYoungGen: 287808K(309760K)->64K(308736K) Eden: 287744K(287744K)->0K(287744K) From: 64K(22016K)->64K(20992K)
[436.031s][info][gc,heap        ] GC(1058) ParOldGen: 255840K(256000K)->255840K(256000K)
[436.031s][info][gc,metaspace   ] GC(1058) Metaspace: 35401K(36160K)->35401K(36160K) NonClass: 26192K(26752K)->26192K(26752K) Class: 9209K(9408K)->9209K(9408K)
[436.031s][info][gc             ] GC(1058) Pause Young (Allocation Failure) 530M->249M(551M) 1.509ms
[436.031s][info][gc,cpu         ] GC(1058) User=0.00s Sys=0.00s Real=0.00s
[436.153s][info][gc,start       ] GC(1059) Pause Young (Allocation Failure)
[436.155s][info][gc,heap        ] GC(1059) PSYoungGen: 287808K(308736K)->64K(311808K) Eden: 287744K(287744K)->0K(291840K) From: 64K(20992K)->64K(19968K)
[436.155s][info][gc,heap        ] GC(1059) ParOldGen: 255840K(256000K)->255848K(256000K)
[436.155s][info][gc,metaspace   ] GC(1059) Metaspace: 35401K(36160K)->35401K(36160K) NonClass: 26192K(26752K)->26192K(26752K) Class: 9209K(9408K)->9209K(9408K)
[436.155s][info][gc             ] GC(1059) Pause Young (Allocation Failure) 530M->249M(554M) 1.554ms
[436.155s][info][gc,cpu         ] GC(1059) User=0.01s Sys=0.00s Real=0.00s
[436.211s][info][gc,start       ] GC(1060) Pause Young (Allocation Failure)
[436.212s][info][gc,heap        ] GC(1060) PSYoungGen: 291904K(311808K)->64K(310784K) Eden: 291840K(291840K)->0K(291840K) From: 64K(19968K)->64K(18944K)
[436.212s][info][gc,heap        ] GC(1060) ParOldGen: 255848K(256000K)->255864K(256000K)
[436.212s][info][gc,metaspace   ] GC(1060) Metaspace: 35401K(36160K)->35401K(36160K) NonClass: 26192K(26752K)->26192K(26752K) Class: 9209K(9408K)->9209K(9408K)
[436.212s][info][gc             ] GC(1060) Pause Young (Allocation Failure) 534M->249M(553M) 1.672ms
[436.213s][info][gc,cpu         ] GC(1060) User=0.00s Sys=0.00s Real=0.00s
[436.410s][info][gc,start       ] GC(1061) Pause Young (Allocation Failure)
[436.412s][info][gc,heap        ] GC(1061) PSYoungGen: 291904K(310784K)->64K(313856K) Eden: 291840K(291840K)->0K(295936K) From: 64K(18944K)->64K(17920K)
[436.412s][info][gc,heap        ] GC(1061) ParOldGen: 255864K(256000K)->255864K(256000K)
[436.412s][info][gc,metaspace   ] GC(1061) Metaspace: 35401K(36160K)->35401K(36160K) NonClass: 26192K(26752K)->26192K(26752K) Class: 9209K(9408K)->9209K(9408K)
[436.412s][info][gc             ] GC(1061) Pause Young (Allocation Failure) 534M->249M(556M) 1.574ms
[436.412s][info][gc,cpu         ] GC(1061) User=0.00s Sys=0.00s Real=0.00s
[436.741s][info][gc,start       ] GC(1062) Pause Young (Allocation Failure)
[436.742s][info][gc,heap        ] GC(1062) PSYoungGen: 296000K(313856K)->64K(312832K) Eden: 295936K(295936K)->0K(295936K) From: 64K(17920K)->64K(16896K)
[436.742s][info][gc,heap        ] GC(1062) ParOldGen: 255864K(256000K)->255872K(256000K)
[436.742s][info][gc,metaspace   ] GC(1062) Metaspace: 35401K(36160K)->35401K(36160K) NonClass: 26192K(26752K)->26192K(26752K) Class: 9209K(9408K)->9209K(9408K)
[436.742s][info][gc             ] GC(1062) Pause Young (Allocation Failure) 538M->249M(555M) 1.581ms
[436.742s][info][gc,cpu         ] GC(1062) User=0.01s Sys=0.00s Real=0.00s
[436.905s][info][gc,start       ] GC(1063) Pause Young (Allocation Failure)
[436.907s][info][gc,heap        ] GC(1063) PSYoungGen: 296000K(312832K)->64K(315904K) Eden: 295936K(295936K)->0K(300032K) From: 64K(16896K)->64K(15872K)
[436.907s][info][gc,heap        ] GC(1063) ParOldGen: 255872K(256000K)->255880K(256000K)
[436.907s][info][gc,metaspace   ] GC(1063) Metaspace: 35401K(36160K)->35401K(36160K) NonClass: 26192K(26752K)->26192K(26752K) Class: 9209K(9408K)->9209K(9408K)
[436.907s][info][gc             ] GC(1063) Pause Young (Allocation Failure) 538M->249M(558M) 1.619ms
[436.907s][info][gc,cpu         ] GC(1063) User=0.00s Sys=0.00s Real=0.00s
[437.012s][info][gc,start       ] GC(1064) Pause Young (Allocation Failure)
[437.014s][info][gc,heap        ] GC(1064) PSYoungGen: 300096K(315904K)->64K(314880K) Eden: 300032K(300032K)->0K(300032K) From: 64K(15872K)->64K(14848K)
[437.014s][info][gc,heap        ] GC(1064) ParOldGen: 255880K(256000K)->255888K(256000K)
[437.014s][info][gc,metaspace   ] GC(1064) Metaspace: 35401K(36160K)->35401K(36160K) NonClass: 26192K(26752K)->26192K(26752K) Class: 9209K(9408K)->9209K(9408K)
[437.014s][info][gc             ] GC(1064) Pause Young (Allocation Failure) 542M->249M(557M) 1.627ms
[437.014s][info][gc,cpu         ] GC(1064) User=0.00s Sys=0.00s Real=0.01s
[437.227s][info][gc,start       ] GC(1065) Pause Young (Allocation Failure)
[437.229s][info][gc,heap        ] GC(1065) PSYoungGen: 300096K(314880K)->64K(317440K) Eden: 300032K(300032K)->0K(303616K) From: 64K(14848K)->64K(13824K)
[437.229s][info][gc,heap        ] GC(1065) ParOldGen: 255888K(256000K)->255896K(256000K)
[437.229s][info][gc,metaspace   ] GC(1065) Metaspace: 35401K(36160K)->35401K(36160K) NonClass: 26192K(26752K)->26192K(26752K) Class: 9209K(9408K)->9209K(9408K)
[437.229s][info][gc             ] GC(1065) Pause Young (Allocation Failure) 542M->249M(560M) 1.619ms
[437.229s][info][gc,cpu         ] GC(1065) User=0.00s Sys=0.00s Real=0.00s
[438.216s][info][gc,start       ] GC(1066) Pause Young (Allocation Failure)
[438.218s][info][gc,heap        ] GC(1066) PSYoungGen: 303680K(317440K)->64K(291840K) Eden: 303616K(303616K)->0K(291328K) From: 64K(13824K)->64K(512K)
[438.218s][info][gc,heap        ] GC(1066) ParOldGen: 255896K(256000K)->255904K(256000K)
[438.218s][info][gc,metaspace   ] GC(1066) Metaspace: 35401K(36160K)->35401K(36160K) NonClass: 26192K(26752K)->26192K(26752K) Class: 9209K(9408K)->9209K(9408K)
[438.218s][info][gc             ] GC(1066) Pause Young (Allocation Failure) 546M->249M(535M) 1.630ms
[438.218s][info][gc,cpu         ] GC(1066) User=0.00s Sys=0.00s Real=0.00s
[439.183s][info][gc,start       ] GC(1067) Pause Young (Allocation Failure)
[439.184s][info][gc,heap        ] GC(1067) PSYoungGen: 291392K(291840K)->64K(280064K) Eden: 291328K(291328K)->0K(279552K) From: 64K(512K)->64K(512K)
[439.184s][info][gc,heap        ] GC(1067) ParOldGen: 255904K(256000K)->255912K(256000K)
[439.184s][info][gc,metaspace   ] GC(1067) Metaspace: 35401K(36160K)->35401K(36160K) NonClass: 26192K(26752K)->26192K(26752K) Class: 9209K(9408K)->9209K(9408K)
[439.184s][info][gc             ] GC(1067) Pause Young (Allocation Failure) 534M->249M(523M) 1.704ms
[439.184s][info][gc,cpu         ] GC(1067) User=0.00s Sys=0.00s Real=0.01s
[439.677s][info][gc,start       ] GC(1068) Pause Young (Allocation Failure)
[439.679s][info][gc,heap        ] GC(1068) PSYoungGen: 279616K(280064K)->64K(279552K) Eden: 279552K(279552K)->0K(268288K) From: 64K(512K)->64K(11264K)
[439.679s][info][gc,heap        ] GC(1068) ParOldGen: 255912K(256000K)->255920K(256000K)
[439.679s][info][gc,metaspace   ] GC(1068) Metaspace: 35401K(36160K)->35401K(36160K) NonClass: 26192K(26752K)->26192K(26752K) Class: 9209K(9408K)->9209K(9408K)
[439.679s][info][gc             ] GC(1068) Pause Young (Allocation Failure) 522M->249M(523M) 1.628ms
[439.679s][info][gc,cpu         ] GC(1068) User=0.00s Sys=0.00s Real=0.00s
[440.806s][info][gc,start       ] GC(1069) Pause Young (Allocation Failure)
[440.808s][info][gc,heap        ] GC(1069) PSYoungGen: 268352K(279552K)->64K(258560K) Eden: 268288K(268288K)->0K(258048K) From: 64K(11264K)->64K(512K)
[440.808s][info][gc,heap        ] GC(1069) ParOldGen: 255920K(256000K)->255928K(256000K)
[440.808s][info][gc,metaspace   ] GC(1069) Metaspace: 35401K(36160K)->35401K(36160K) NonClass: 26192K(26752K)->26192K(26752K) Class: 9209K(9408K)->9209K(9408K)
[440.808s][info][gc             ] GC(1069) Pause Young (Allocation Failure) 511M->249M(502M) 2.253ms
[440.808s][info][gc,cpu         ] GC(1069) User=0.01s Sys=0.00s Real=0.00s
[441.244s][info][gc,start       ] GC(1070) Pause Young (Allocation Failure)
[441.245s][info][gc,heap        ] GC(1070) PSYoungGen: 258112K(258560K)->64K(257536K) Eden: 258048K(258048K)->0K(247808K) From: 64K(512K)->64K(9728K)
[441.245s][info][gc,heap        ] GC(1070) ParOldGen: 255928K(256000K)->255936K(256000K)
[441.245s][info][gc,metaspace   ] GC(1070) Metaspace: 35401K(36160K)->35401K(36160K) NonClass: 26192K(26752K)->26192K(26752K) Class: 9209K(9408K)->9209K(9408K)
[441.245s][info][gc             ] GC(1070) Pause Young (Allocation Failure) 501M->250M(501M) 1.529ms
[441.245s][info][gc,cpu         ] GC(1070) User=0.00s Sys=0.00s Real=0.00s
[441.435s][info][gc,start       ] GC(1071) Pause Young (Allocation Failure)
[441.437s][info][gc,heap        ] GC(1071) PSYoungGen: 247872K(257536K)->64K(238592K) Eden: 247808K(247808K)->0K(238080K) From: 64K(9728K)->64K(512K)
[441.437s][info][gc,heap        ] GC(1071) ParOldGen: 255936K(256000K)->255944K(256000K)
[441.437s][info][gc,metaspace   ] GC(1071) Metaspace: 35401K(36160K)->35401K(36160K) NonClass: 26192K(26752K)->26192K(26752K) Class: 9209K(9408K)->9209K(9408K)
[441.437s][info][gc             ] GC(1071) Pause Young (Allocation Failure) 492M->250M(483M) 2.166ms
[441.437s][info][gc,cpu         ] GC(1071) User=0.00s Sys=0.00s Real=0.00s
[441.573s][info][gc,start       ] GC(1072) Pause Young (Allocation Failure)
[441.575s][info][gc,heap        ] GC(1072) PSYoungGen: 238144K(238592K)->64K(237568K) Eden: 238080K(238080K)->0K(228864K) From: 64K(512K)->64K(8704K)
[441.575s][info][gc,heap        ] GC(1072) ParOldGen: 255944K(256000K)->255952K(256000K)
[441.575s][info][gc,metaspace   ] GC(1072) Metaspace: 35401K(36160K)->35401K(36160K) NonClass: 26192K(26752K)->26192K(26752K) Class: 9209K(9408K)->9209K(9408K)
[441.575s][info][gc             ] GC(1072) Pause Young (Allocation Failure) 482M->250M(482M) 1.200ms
[441.575s][info][gc,cpu         ] GC(1072) User=0.00s Sys=0.00s Real=0.00s
[442.207s][info][gc,start       ] GC(1073) Pause Young (Allocation Failure)
[442.209s][info][gc,heap        ] GC(1073) PSYoungGen: 228928K(237568K)->64K(220672K) Eden: 228864K(228864K)->0K(220160K) From: 64K(8704K)->64K(512K)
[442.209s][info][gc,heap        ] GC(1073) ParOldGen: 255952K(256000K)->255960K(256000K)
[442.209s][info][gc,metaspace   ] GC(1073) Metaspace: 35401K(36160K)->35401K(36160K) NonClass: 26192K(26752K)->26192K(26752K) Class: 9209K(9408K)->9209K(9408K)
[442.209s][info][gc             ] GC(1073) Pause Young (Allocation Failure) 473M->250M(465M) 2.007ms
[442.209s][info][gc,cpu         ] GC(1073) User=0.00s Sys=0.00s Real=0.00s
[442.430s][info][gc,start       ] GC(1074) Pause Young (Allocation Failure)
[442.431s][info][gc,heap        ] GC(1074) PSYoungGen: 220224K(220672K)->64K(219648K) Eden: 220160K(220160K)->0K(211968K) From: 64K(512K)->64K(7680K)
[442.431s][info][gc,heap        ] GC(1074) ParOldGen: 255960K(256000K)->255968K(256000K)
[442.431s][info][gc,metaspace   ] GC(1074) Metaspace: 35401K(36160K)->35401K(36160K) NonClass: 26192K(26752K)->26192K(26752K) Class: 9209K(9408K)->9209K(9408K)
[442.431s][info][gc             ] GC(1074) Pause Young (Allocation Failure) 465M->250M(464M) 1.221ms
[442.431s][info][gc,cpu         ] GC(1074) User=0.00s Sys=0.00s Real=0.00s
[442.784s][info][gc,start       ] GC(1075) Pause Young (Allocation Failure)
[442.815s][info][gc,heap        ] GC(1075) PSYoungGen: 212032K(219648K)->7168K(260096K) Eden: 211968K(211968K)->0K(252928K) From: 64K(7680K)->7168K(7168K)
[442.815s][info][gc,heap        ] GC(1075) ParOldGen: 255968K(256000K)->264000K(264192K)
[442.815s][info][gc,metaspace   ] GC(1075) Metaspace: 35401K(36160K)->35401K(36160K) NonClass: 26192K(26752K)->26192K(26752K) Class: 9209K(9408K)->9209K(9408K)
[442.815s][info][gc             ] GC(1075) Pause Young (Allocation Failure) 457M->264M(512M) 30.514ms
[442.815s][info][gc,cpu         ] GC(1075) User=0.06s Sys=0.01s Real=0.03s
[443.168s][info][gc,start       ] GC(1076) Pause Young (Allocation Failure)
[443.228s][info][gc,heap        ] GC(1076) PSYoungGen: 260096K(260096K)->11776K(267264K) Eden: 252928K(252928K)->0K(255488K) From: 7168K(7168K)->11776K(11776K)
[443.228s][info][gc,heap        ] GC(1076) ParOldGen: 264000K(264192K)->281144K(281600K)
[443.228s][info][gc,metaspace   ] GC(1076) Metaspace: 35401K(36160K)->35401K(36160K) NonClass: 26192K(26752K)->26192K(26752K) Class: 9209K(9408K)->9209K(9408K)
[443.228s][info][gc             ] GC(1076) Pause Young (Allocation Failure) 511M->286M(536M) 59.789ms
[443.228s][info][gc,cpu         ] GC(1076) User=0.10s Sys=0.01s Real=0.06s
[443.488s][info][gc,start       ] GC(1077) Pause Young (Allocation Failure)
[443.535s][info][gc,heap        ] GC(1077) PSYoungGen: 267264K(267264K)->18752K(306176K) Eden: 255488K(255488K)->0K(285696K) From: 11776K(11776K)->18752K(20480K)
[443.535s][info][gc,heap        ] GC(1077) ParOldGen: 281144K(281600K)->281608K(282112K)
[443.535s][info][gc,metaspace   ] GC(1077) Metaspace: 35401K(36160K)->35401K(36160K) NonClass: 26192K(26752K)->26192K(26752K) Class: 9209K(9408K)->9209K(9408K)
[443.535s][info][gc             ] GC(1077) Pause Young (Allocation Failure) 535M->293M(574M) 46.565ms
[443.535s][info][gc,cpu         ] GC(1077) User=0.07s Sys=0.01s Real=0.05s
[443.797s][info][gc,start       ] GC(1078) Pause Young (Allocation Failure)
[443.798s][info][gc,heap        ] GC(1078) PSYoungGen: 304448K(306176K)->64K(309760K) Eden: 285696K(285696K)->0K(285696K) From: 18752K(20480K)->64K(24064K)
[443.798s][info][gc,heap        ] GC(1078) ParOldGen: 281608K(282112K)->281616K(282112K)
[443.798s][info][gc,metaspace   ] GC(1078) Metaspace: 35401K(36160K)->35401K(36160K) NonClass: 26192K(26752K)->26192K(26752K) Class: 9209K(9408K)->9209K(9408K)
[443.798s][info][gc             ] GC(1078) Pause Young (Allocation Failure) 572M->275M(578M) 1.254ms
[443.798s][info][gc,cpu         ] GC(1078) User=0.00s Sys=0.00s Real=0.00s
[444.520s][info][gc,start       ] GC(1079) Pause Young (Allocation Failure)
[444.521s][info][gc,heap        ] GC(1079) PSYoungGen: 285760K(309760K)->64K(307200K) Eden: 285696K(285696K)->0K(286208K) From: 64K(24064K)->64K(20992K)
[444.521s][info][gc,heap        ] GC(1079) ParOldGen: 281616K(282112K)->281624K(282112K)
[444.521s][info][gc,metaspace   ] GC(1079) Metaspace: 35401K(36160K)->35401K(36160K) NonClass: 26192K(26752K)->26192K(26752K) Class: 9209K(9408K)->9209K(9408K)
[444.521s][info][gc             ] GC(1079) Pause Young (Allocation Failure) 554M->275M(575M) 1.450ms
[444.521s][info][gc,cpu         ] GC(1079) User=0.00s Sys=0.00s Real=0.00s
[445.041s][info][gc,start       ] GC(1080) Pause Young (Allocation Failure)
[445.043s][info][gc,heap        ] GC(1080) PSYoungGen: 286272K(307200K)->64K(308736K) Eden: 286208K(286208K)->0K(286208K) From: 64K(20992K)->64K(22528K)
[445.043s][info][gc,heap        ] GC(1080) ParOldGen: 281624K(282112K)->281640K(282112K)
[445.043s][info][gc,metaspace   ] GC(1080) Metaspace: 35401K(36160K)->35401K(36160K) NonClass: 26192K(26752K)->26192K(26752K) Class: 9209K(9408K)->9209K(9408K)
[445.043s][info][gc             ] GC(1080) Pause Young (Allocation Failure) 554M->275M(577M) 1.321ms
[445.043s][info][gc,cpu         ] GC(1080) User=0.00s Sys=0.00s Real=0.00s
[445.306s][info][gc,start       ] GC(1081) Pause Young (Allocation Failure)
[445.307s][info][gc,heap        ] GC(1081) PSYoungGen: 286272K(308736K)->64K(308736K) Eden: 286208K(286208K)->0K(289280K) From: 64K(22528K)->64K(19456K)
[445.307s][info][gc,heap        ] GC(1081) ParOldGen: 281640K(282112K)->281656K(282112K)
[445.307s][info][gc,metaspace   ] GC(1081) Metaspace: 35401K(36160K)->35401K(36160K) NonClass: 26192K(26752K)->26192K(26752K) Class: 9209K(9408K)->9209K(9408K)
[445.307s][info][gc             ] GC(1081) Pause Young (Allocation Failure) 554M->275M(577M) 1.430ms
[445.307s][info][gc,cpu         ] GC(1081) User=0.00s Sys=0.00s Real=0.00s
[445.574s][info][gc,start       ] GC(1082) Pause Young (Allocation Failure)
[445.576s][info][gc,heap        ] GC(1082) PSYoungGen: 289344K(308736K)->64K(310272K) Eden: 289280K(289280K)->0K(289280K) From: 64K(19456K)->64K(20992K)
[445.576s][info][gc,heap        ] GC(1082) ParOldGen: 281656K(282112K)->281656K(282112K)
[445.576s][info][gc,metaspace   ] GC(1082) Metaspace: 35401K(36160K)->35401K(36160K) NonClass: 26192K(26752K)->26192K(26752K) Class: 9209K(9408K)->9209K(9408K)
[445.576s][info][gc             ] GC(1082) Pause Young (Allocation Failure) 557M->275M(578M) 2.397ms
[445.576s][info][gc,cpu         ] GC(1082) User=0.00s Sys=0.01s Real=0.00s
[445.944s][info][gc,start       ] GC(1083) Pause Young (Allocation Failure)
[445.946s][info][gc,heap        ] GC(1083) PSYoungGen: 289344K(310272K)->64K(310272K) Eden: 289280K(289280K)->0K(292864K) From: 64K(20992K)->64K(17408K)
[445.946s][info][gc,heap        ] GC(1083) ParOldGen: 281656K(282112K)->281656K(282112K)
[445.946s][info][gc,metaspace   ] GC(1083) Metaspace: 35401K(36160K)->35401K(36160K) NonClass: 26192K(26752K)->26192K(26752K) Class: 9209K(9408K)->9209K(9408K)
[445.946s][info][gc             ] GC(1083) Pause Young (Allocation Failure) 557M->275M(578M) 2.324ms
[445.946s][info][gc,cpu         ] GC(1083) User=0.00s Sys=0.00s Real=0.00s
[446.001s][info][gc,start       ] GC(1084) Pause Young (Allocation Failure)
[446.003s][info][gc,heap        ] GC(1084) PSYoungGen: 292928K(310272K)->64K(311808K) Eden: 292864K(292864K)->0K(292864K) From: 64K(17408K)->64K(18944K)
[446.003s][info][gc,heap        ] GC(1084) ParOldGen: 281656K(282112K)->281672K(282112K)
[446.003s][info][gc,metaspace   ] GC(1084) Metaspace: 35401K(36160K)->35401K(36160K) NonClass: 26192K(26752K)->26192K(26752K) Class: 9209K(9408K)->9209K(9408K)
[446.003s][info][gc             ] GC(1084) Pause Young (Allocation Failure) 561M->275M(580M) 1.967ms
[446.003s][info][gc,cpu         ] GC(1084) User=0.00s Sys=0.00s Real=0.00s
[446.055s][info][gc,start       ] GC(1085) Pause Young (Allocation Failure)
[446.056s][info][gc,heap        ] GC(1085) PSYoungGen: 292928K(311808K)->64K(312320K) Eden: 292864K(292864K)->0K(296960K) From: 64K(18944K)->64K(15360K)
[446.056s][info][gc,heap        ] GC(1085) ParOldGen: 281672K(282112K)->281672K(282112K)
[446.056s][info][gc,metaspace   ] GC(1085) Metaspace: 35401K(36160K)->35401K(36160K) NonClass: 26192K(26752K)->26192K(26752K) Class: 9209K(9408K)->9209K(9408K)
[446.056s][info][gc             ] GC(1085) Pause Young (Allocation Failure) 561M->275M(580M) 1.224ms
[446.056s][info][gc,cpu         ] GC(1085) User=0.00s Sys=0.00s Real=0.00s
[446.392s][info][gc,start       ] GC(1086) Pause Young (Allocation Failure)
[446.393s][info][gc,heap        ] GC(1086) PSYoungGen: 297024K(312320K)->64K(313856K) Eden: 296960K(296960K)->0K(296960K) From: 64K(15360K)->64K(16896K)
[446.393s][info][gc,heap        ] GC(1086) ParOldGen: 281672K(282112K)->281672K(282112K)
[446.394s][info][gc,metaspace   ] GC(1086) Metaspace: 35401K(36160K)->35401K(36160K) NonClass: 26192K(26752K)->26192K(26752K) Class: 9209K(9408K)->9209K(9408K)
[446.394s][info][gc             ] GC(1086) Pause Young (Allocation Failure) 565M->275M(582M) 1.360ms
[446.394s][info][gc,cpu         ] GC(1086) User=0.00s Sys=0.00s Real=0.01s
[446.672s][info][gc,start       ] GC(1087) Pause Young (Allocation Failure)
[446.673s][info][gc,heap        ] GC(1087) PSYoungGen: 297024K(313856K)->64K(315392K) Eden: 296960K(296960K)->0K(301056K) From: 64K(16896K)->64K(14336K)
[446.673s][info][gc,heap        ] GC(1087) ParOldGen: 281672K(282112K)->281680K(282112K)
[446.673s][info][gc,metaspace   ] GC(1087) Metaspace: 35401K(36160K)->35401K(36160K) NonClass: 26192K(26752K)->26192K(26752K) Class: 9209K(9408K)->9209K(9408K)
[446.673s][info][gc             ] GC(1087) Pause Young (Allocation Failure) 565M->275M(583M) 1.322ms
[446.673s][info][gc,cpu         ] GC(1087) User=0.00s Sys=0.00s Real=0.01s
[446.774s][info][gc,start       ] GC(1088) Pause Young (Allocation Failure)
[446.776s][info][gc,heap        ] GC(1088) PSYoungGen: 301120K(315392K)->64K(316416K) Eden: 301056K(301056K)->0K(301056K) From: 64K(14336K)->64K(15360K)
[446.776s][info][gc,heap        ] GC(1088) ParOldGen: 281680K(282112K)->281696K(282112K)
[446.776s][info][gc,metaspace   ] GC(1088) Metaspace: 35401K(36160K)->35401K(36160K) NonClass: 26192K(26752K)->26192K(26752K) Class: 9209K(9408K)->9209K(9408K)
[446.776s][info][gc             ] GC(1088) Pause Young (Allocation Failure) 569M->275M(584M) 1.418ms
[446.776s][info][gc,cpu         ] GC(1088) User=0.01s Sys=0.00s Real=0.00s
[446.938s][info][gc,start       ] GC(1089) Pause Young (Allocation Failure)
[446.939s][info][gc,heap        ] GC(1089) PSYoungGen: 301120K(316416K)->64K(316416K) Eden: 301056K(301056K)->0K(304128K) From: 64K(15360K)->64K(12288K)
[446.939s][info][gc,heap        ] GC(1089) ParOldGen: 281696K(282112K)->281712K(282112K)
[446.939s][info][gc,metaspace   ] GC(1089) Metaspace: 35401K(36160K)->35401K(36160K) NonClass: 26192K(26752K)->26192K(26752K) Class: 9209K(9408K)->9209K(9408K)
[446.939s][info][gc             ] GC(1089) Pause Young (Allocation Failure) 569M->275M(584M) 1.356ms
[446.939s][info][gc,cpu         ] GC(1089) User=0.00s Sys=0.00s Real=0.00s
[447.395s][info][gc,start       ] GC(1090) Pause Young (Allocation Failure)
[447.397s][info][gc,heap        ] GC(1090) PSYoungGen: 304192K(316416K)->64K(317440K) Eden: 304128K(304128K)->0K(304128K) From: 64K(12288K)->64K(13312K)
[447.397s][info][gc,heap        ] GC(1090) ParOldGen: 281712K(282112K)->281720K(282112K)
[447.397s][info][gc,metaspace   ] GC(1090) Metaspace: 35401K(36160K)->35401K(36160K) NonClass: 26192K(26752K)->26192K(26752K) Class: 9209K(9408K)->9209K(9408K)
[447.397s][info][gc             ] GC(1090) Pause Young (Allocation Failure) 572M->275M(585M) 1.333ms
[447.397s][info][gc,cpu         ] GC(1090) User=0.00s Sys=0.00s Real=0.00s
[448.699s][info][gc,start       ] GC(1091) Pause Young (Allocation Failure)
[448.701s][info][gc,heap        ] GC(1091) PSYoungGen: 304192K(317440K)->64K(292352K) Eden: 304128K(304128K)->0K(291840K) From: 64K(13312K)->64K(512K)
[448.701s][info][gc,heap        ] GC(1091) ParOldGen: 281720K(282112K)->281728K(282112K)
[448.701s][info][gc,metaspace   ] GC(1091) Metaspace: 35401K(36160K)->35401K(36160K) NonClass: 26192K(26752K)->26192K(26752K) Class: 9209K(9408K)->9209K(9408K)
[448.701s][info][gc             ] GC(1091) Pause Young (Allocation Failure) 572M->275M(561M) 2.042ms
[448.701s][info][gc,cpu         ] GC(1091) User=0.00s Sys=0.00s Real=0.00s
[449.172s][info][gc,start       ] GC(1092) Pause Young (Allocation Failure)
[449.173s][info][gc,heap        ] GC(1092) PSYoungGen: 291904K(292352K)->64K(291840K) Eden: 291840K(291840K)->0K(280064K) From: 64K(512K)->64K(11776K)
[449.173s][info][gc,heap        ] GC(1092) ParOldGen: 281728K(282112K)->281736K(282112K)
[449.173s][info][gc,metaspace   ] GC(1092) Metaspace: 35401K(36160K)->35401K(36160K) NonClass: 26192K(26752K)->26192K(26752K) Class: 9209K(9408K)->9209K(9408K)
[449.173s][info][gc             ] GC(1092) Pause Young (Allocation Failure) 560M->275M(560M) 1.425ms
[449.173s][info][gc,cpu         ] GC(1092) User=0.00s Sys=0.00s Real=0.01s
[449.717s][info][gc,start       ] GC(1093) Pause Young (Allocation Failure)
[449.720s][info][gc,heap        ] GC(1093) PSYoungGen: 280128K(291840K)->64K(269312K) Eden: 280064K(280064K)->0K(268800K) From: 64K(11776K)->64K(512K)
[449.720s][info][gc,heap        ] GC(1093) ParOldGen: 281736K(282112K)->281752K(282112K)
[449.720s][info][gc,metaspace   ] GC(1093) Metaspace: 35401K(36160K)->35401K(36160K) NonClass: 26192K(26752K)->26192K(26752K) Class: 9209K(9408K)->9209K(9408K)
[449.720s][info][gc             ] GC(1093) Pause Young (Allocation Failure) 548M->275M(538M) 2.728ms
[449.720s][info][gc,cpu         ] GC(1093) User=0.00s Sys=0.00s Real=0.00s
[450.736s][info][gc,start       ] GC(1094) Pause Young (Allocation Failure)
[450.738s][info][gc,heap        ] GC(1094) PSYoungGen: 268864K(269312K)->64K(268288K) Eden: 268800K(268800K)->0K(258048K) From: 64K(512K)->64K(10240K)
[450.738s][info][gc,heap        ] GC(1094) ParOldGen: 281752K(282112K)->281760K(282112K)
[450.738s][info][gc,metaspace   ] GC(1094) Metaspace: 35401K(36160K)->35401K(36160K) NonClass: 26192K(26752K)->26192K(26752K) Class: 9209K(9408K)->9209K(9408K)
[450.738s][info][gc             ] GC(1094) Pause Young (Allocation Failure) 537M->275M(537M) 2.189ms
[450.738s][info][gc,cpu         ] GC(1094) User=0.00s Sys=0.00s Real=0.00s
[451.153s][info][gc,start       ] GC(1095) Pause Young (Allocation Failure)
[451.155s][info][gc,heap        ] GC(1095) PSYoungGen: 258112K(268288K)->64K(248320K) Eden: 258048K(258048K)->0K(247808K) From: 64K(10240K)->64K(512K)
[451.156s][info][gc,heap        ] GC(1095) ParOldGen: 281760K(282112K)->281776K(282112K)
[451.156s][info][gc,metaspace   ] GC(1095) Metaspace: 35401K(36160K)->35401K(36160K) NonClass: 26192K(26752K)->26192K(26752K) Class: 9209K(9408K)->9209K(9408K)
[451.156s][info][gc             ] GC(1095) Pause Young (Allocation Failure) 527M->275M(518M) 2.465ms
[451.156s][info][gc,cpu         ] GC(1095) User=0.01s Sys=0.00s Real=0.00s
[451.223s][info][gc,start       ] GC(1096) Pause Young (Allocation Failure)
[451.225s][info][gc,heap        ] GC(1096) PSYoungGen: 247872K(248320K)->64K(292864K) Eden: 247808K(247808K)->0K(284160K) From: 64K(512K)->64K(8704K)
[451.225s][info][gc,heap        ] GC(1096) ParOldGen: 281776K(282112K)->281792K(282112K)
[451.225s][info][gc,metaspace   ] GC(1096) Metaspace: 35401K(36160K)->35401K(36160K) NonClass: 26192K(26752K)->26192K(26752K) Class: 9209K(9408K)->9209K(9408K)
[451.225s][info][gc             ] GC(1096) Pause Young (Allocation Failure) 517M->275M(561M) 1.987ms
[451.225s][info][gc,cpu         ] GC(1096) User=0.01s Sys=0.00s Real=0.00s
[451.870s][info][gc,start       ] GC(1097) Pause Young (Allocation Failure)
[451.872s][info][gc,heap        ] GC(1097) PSYoungGen: 284224K(292864K)->64K(273408K) Eden: 284160K(284160K)->0K(272896K) From: 64K(8704K)->64K(512K)
[451.872s][info][gc,heap        ] GC(1097) ParOldGen: 281792K(282112K)->281808K(282112K)
[451.872s][info][gc,metaspace   ] GC(1097) Metaspace: 35401K(36160K)->35401K(36160K) NonClass: 26192K(26752K)->26192K(26752K) Class: 9209K(9408K)->9209K(9408K)
[451.872s][info][gc             ] GC(1097) Pause Young (Allocation Failure) 552M->275M(542M) 2.141ms
[451.872s][info][gc,cpu         ] GC(1097) User=0.00s Sys=0.00s Real=0.00s
[452.169s][info][gc,start       ] GC(1098) Pause Young (Allocation Failure)
[452.171s][info][gc,heap        ] GC(1098) PSYoungGen: 272960K(273408K)->64K(269824K) Eden: 272896K(272896K)->0K(262144K) From: 64K(512K)->64K(7680K)
[452.171s][info][gc,heap        ] GC(1098) ParOldGen: 281808K(282112K)->281824K(282112K)
[452.171s][info][gc,metaspace   ] GC(1098) Metaspace: 35401K(36160K)->35401K(36160K) NonClass: 26192K(26752K)->26192K(26752K) Class: 9209K(9408K)->9209K(9408K)
[452.171s][info][gc             ] GC(1098) Pause Young (Allocation Failure) 541M->275M(539M) 2.075ms
[452.171s][info][gc,cpu         ] GC(1098) User=0.01s Sys=0.00s Real=0.00s
[452.584s][info][gc,start       ] GC(1099) Pause Young (Allocation Failure)
[452.634s][info][gc,heap        ] GC(1099) PSYoungGen: 262208K(269824K)->7168K(286720K) Eden: 262144K(262144K)->0K(279552K) From: 64K(7680K)->7168K(7168K)
[452.634s][info][gc,heap        ] GC(1099) ParOldGen: 281824K(282112K)->297880K(297984K)
[452.634s][info][gc,metaspace   ] GC(1099) Metaspace: 35401K(36160K)->35401K(36160K) NonClass: 26192K(26752K)->26192K(26752K) Class: 9209K(9408K)->9209K(9408K)
[452.634s][info][gc             ] GC(1099) Pause Young (Allocation Failure) 531M->297M(571M) 49.996ms
[452.634s][info][gc,cpu         ] GC(1099) User=0.08s Sys=0.02s Real=0.05s
[453.024s][info][gc,start       ] GC(1100) Pause Young (Allocation Failure)
[453.092s][info][gc,heap        ] GC(1100) PSYoungGen: 286720K(286720K)->14848K(294400K) Eden: 279552K(279552K)->0K(279552K) From: 7168K(7168K)->14848K(14848K)
[453.092s][info][gc,heap        ] GC(1100) ParOldGen: 297880K(297984K)->315176K(315392K)
[453.092s][info][gc,metaspace   ] GC(1100) Metaspace: 35401K(36160K)->35401K(36160K) NonClass: 26192K(26752K)->26192K(26752K) Class: 9209K(9408K)->9209K(9408K)
[453.092s][info][gc             ] GC(1100) Pause Young (Allocation Failure) 570M->322M(595M) 68.096ms
[453.092s][info][gc,cpu         ] GC(1100) User=0.11s Sys=0.01s Real=0.06s
[453.246s][info][gc,start       ] GC(1101) Pause Young (Allocation Failure)
[453.268s][info][gc,heap        ] GC(1101) PSYoungGen: 294400K(294400K)->7712K(310272K) Eden: 279552K(279552K)->0K(285696K) From: 14848K(14848K)->7712K(24576K)
[453.268s][info][gc,heap        ] GC(1101) ParOldGen: 315176K(315392K)->315640K(315904K)
[453.268s][info][gc,metaspace   ] GC(1101) Metaspace: 35401K(36160K)->35401K(36160K) NonClass: 26192K(26752K)->26192K(26752K) Class: 9209K(9408K)->9209K(9408K)
[453.268s][info][gc             ] GC(1101) Pause Young (Allocation Failure) 595M->315M(611M) 21.999ms
[453.268s][info][gc,cpu         ] GC(1101) User=0.03s Sys=0.01s Real=0.02s
[453.816s][info][gc,start       ] GC(1102) Pause Young (Allocation Failure)
[453.817s][info][gc,heap        ] GC(1102) PSYoungGen: 293408K(310272K)->64K(286208K) Eden: 285696K(285696K)->0K(285696K) From: 7712K(24576K)->64K(512K)
[453.817s][info][gc,heap        ] GC(1102) ParOldGen: 315640K(315904K)->315648K(315904K)
[453.817s][info][gc,metaspace   ] GC(1102) Metaspace: 35401K(36160K)->35401K(36160K) NonClass: 26192K(26752K)->26192K(26752K) Class: 9209K(9408K)->9209K(9408K)
[453.817s][info][gc             ] GC(1102) Pause Young (Allocation Failure) 594M->308M(588M) 1.412ms
[453.817s][info][gc,cpu         ] GC(1102) User=0.00s Sys=0.00s Real=0.00s
[454.357s][info][gc,start       ] GC(1103) Pause Young (Allocation Failure)
[454.359s][info][gc,heap        ] GC(1103) PSYoungGen: 285760K(286208K)->64K(308736K) Eden: 285696K(285696K)->0K(286208K) From: 64K(512K)->64K(22528K)
[454.359s][info][gc,heap        ] GC(1103) ParOldGen: 315648K(315904K)->315656K(315904K)
[454.359s][info][gc,metaspace   ] GC(1103) Metaspace: 35401K(36160K)->35401K(36160K) NonClass: 26192K(26752K)->26192K(26752K) Class: 9209K(9408K)->9209K(9408K)
[454.359s][info][gc             ] GC(1103) Pause Young (Allocation Failure) 587M->308M(610M) 1.481ms
[454.359s][info][gc,cpu         ] GC(1103) User=0.00s Sys=0.00s Real=0.00s
[454.856s][info][gc,start       ] GC(1104) Pause Young (Allocation Failure)
[454.858s][info][gc,heap        ] GC(1104) PSYoungGen: 286272K(308736K)->64K(308224K) Eden: 286208K(286208K)->0K(286208K) From: 64K(22528K)->64K(22016K)
[454.858s][info][gc,heap        ] GC(1104) ParOldGen: 315656K(315904K)->315672K(315904K)
[454.858s][info][gc,metaspace   ] GC(1104) Metaspace: 35401K(36160K)->35401K(36160K) NonClass: 26192K(26752K)->26192K(26752K) Class: 9209K(9408K)->9209K(9408K)
[454.858s][info][gc             ] GC(1104) Pause Young (Allocation Failure) 587M->308M(609M) 1.478ms
[454.858s][info][gc,cpu         ] GC(1104) User=0.00s Sys=0.00s Real=0.00s
[455.120s][info][gc,start       ] GC(1105) Pause Young (Allocation Failure)
[455.122s][info][gc,heap        ] GC(1105) PSYoungGen: 286272K(308224K)->64K(310784K) Eden: 286208K(286208K)->0K(290304K) From: 64K(22016K)->64K(20480K)
[455.122s][info][gc,heap        ] GC(1105) ParOldGen: 315672K(315904K)->315688K(315904K)
[455.122s][info][gc,metaspace   ] GC(1105) Metaspace: 35401K(36160K)->35401K(36160K) NonClass: 26192K(26752K)->26192K(26752K) Class: 9209K(9408K)->9209K(9408K)
[455.122s][info][gc             ] GC(1105) Pause Young (Allocation Failure) 587M->308M(612M) 1.444ms
[455.122s][info][gc,cpu         ] GC(1105) User=0.01s Sys=0.00s Real=0.00s
[455.503s][info][gc,start       ] GC(1106) Pause Young (Allocation Failure)
[455.504s][info][gc,heap        ] GC(1106) PSYoungGen: 290368K(310784K)->64K(310272K) Eden: 290304K(290304K)->0K(290304K) From: 64K(20480K)->64K(19968K)
[455.504s][info][gc,heap        ] GC(1106) ParOldGen: 315688K(315904K)->315688K(315904K)
[455.504s][info][gc,metaspace   ] GC(1106) Metaspace: 35401K(36160K)->35401K(36160K) NonClass: 26192K(26752K)->26192K(26752K) Class: 9209K(9408K)->9209K(9408K)
[455.504s][info][gc             ] GC(1106) Pause Young (Allocation Failure) 591M->308M(611M) 1.616ms
[455.504s][info][gc,cpu         ] GC(1106) User=0.00s Sys=0.00s Real=0.01s
[455.666s][info][gc,start       ] GC(1107) Pause Young (Allocation Failure)
[455.667s][info][gc,heap        ] GC(1107) PSYoungGen: 290368K(310272K)->64K(312832K) Eden: 290304K(290304K)->0K(294400K) From: 64K(19968K)->64K(18432K)
[455.667s][info][gc,heap        ] GC(1107) ParOldGen: 315688K(315904K)->315696K(315904K)
[455.667s][info][gc,metaspace   ] GC(1107) Metaspace: 35401K(36160K)->35401K(36160K) NonClass: 26192K(26752K)->26192K(26752K) Class: 9209K(9408K)->9209K(9408K)
[455.667s][info][gc             ] GC(1107) Pause Young (Allocation Failure) 591M->308M(614M) 1.324ms
[455.667s][info][gc,cpu         ] GC(1107) User=0.00s Sys=0.00s Real=0.00s
[455.718s][info][gc,start       ] GC(1108) Pause Young (Allocation Failure)
[455.720s][info][gc,heap        ] GC(1108) PSYoungGen: 294464K(312832K)->64K(312832K) Eden: 294400K(294400K)->0K(294400K) From: 64K(18432K)->64K(18432K)
[455.720s][info][gc,heap        ] GC(1108) ParOldGen: 315696K(315904K)->315712K(315904K)
[455.720s][info][gc,metaspace   ] GC(1108) Metaspace: 35401K(36160K)->35401K(36160K) NonClass: 26192K(26752K)->26192K(26752K) Class: 9209K(9408K)->9209K(9408K)
[455.720s][info][gc             ] GC(1108) Pause Young (Allocation Failure) 595M->308M(614M) 1.259ms
[455.720s][info][gc,cpu         ] GC(1108) User=0.00s Sys=0.00s Real=0.00s
[455.885s][info][gc,start       ] GC(1109) Pause Young (Allocation Failure)
[455.886s][info][gc,heap        ] GC(1109) PSYoungGen: 294464K(312832K)->64K(314368K) Eden: 294400K(294400K)->0K(297984K) From: 64K(18432K)->64K(16384K)
[455.886s][info][gc,heap        ] GC(1109) ParOldGen: 315712K(315904K)->315712K(315904K)
[455.886s][info][gc,metaspace   ] GC(1109) Metaspace: 35401K(36160K)->35401K(36160K) NonClass: 26192K(26752K)->26192K(26752K) Class: 9209K(9408K)->9209K(9408K)
[455.886s][info][gc             ] GC(1109) Pause Young (Allocation Failure) 595M->308M(615M) 1.346ms
[455.886s][info][gc,cpu         ] GC(1109) User=0.00s Sys=0.00s Real=0.00s
[456.224s][info][gc,start       ] GC(1110) Pause Young (Allocation Failure)
[456.226s][info][gc,heap        ] GC(1110) PSYoungGen: 298048K(314368K)->64K(314368K) Eden: 297984K(297984K)->0K(297984K) From: 64K(16384K)->64K(16384K)
[456.226s][info][gc,heap        ] GC(1110) ParOldGen: 315712K(315904K)->315720K(315904K)
[456.226s][info][gc,metaspace   ] GC(1110) Metaspace: 35401K(36160K)->35401K(36160K) NonClass: 26192K(26752K)->26192K(26752K) Class: 9209K(9408K)->9209K(9408K)
[456.226s][info][gc             ] GC(1110) Pause Young (Allocation Failure) 599M->308M(615M) 1.387ms
[456.226s][info][gc,cpu         ] GC(1110) User=0.00s Sys=0.00s Real=0.00s
[456.407s][info][gc,start       ] GC(1111) Pause Young (Allocation Failure)
[456.408s][info][gc,heap        ] GC(1111) PSYoungGen: 298048K(314368K)->64K(316928K) Eden: 297984K(297984K)->0K(301568K) From: 64K(16384K)->64K(15360K)
[456.408s][info][gc,heap        ] GC(1111) ParOldGen: 315720K(315904K)->315728K(315904K)
[456.408s][info][gc,metaspace   ] GC(1111) Metaspace: 35401K(36160K)->35401K(36160K) NonClass: 26192K(26752K)->26192K(26752K) Class: 9209K(9408K)->9209K(9408K)
[456.408s][info][gc             ] GC(1111) Pause Young (Allocation Failure) 599M->308M(618M) 1.495ms
[456.408s][info][gc,cpu         ] GC(1111) User=0.00s Sys=0.00s Real=0.00s
[456.506s][info][gc,start       ] GC(1112) Pause Young (Allocation Failure)
[456.507s][info][gc,heap        ] GC(1112) PSYoungGen: 301632K(316928K)->64K(316416K) Eden: 301568K(301568K)->0K(301568K) From: 64K(15360K)->64K(14848K)
[456.507s][info][gc,heap        ] GC(1112) ParOldGen: 315728K(315904K)->315736K(315904K)
[456.507s][info][gc,metaspace   ] GC(1112) Metaspace: 35401K(36160K)->35401K(36160K) NonClass: 26192K(26752K)->26192K(26752K) Class: 9209K(9408K)->9209K(9408K)
[456.507s][info][gc             ] GC(1112) Pause Young (Allocation Failure) 602M->308M(617M) 1.364ms
[456.507s][info][gc,cpu         ] GC(1112) User=0.00s Sys=0.00s Real=0.00s
[456.715s][info][gc,start       ] GC(1113) Pause Young (Allocation Failure)
[456.716s][info][gc,heap        ] GC(1113) PSYoungGen: 301632K(316416K)->64K(317952K) Eden: 301568K(301568K)->0K(304640K) From: 64K(14848K)->64K(13312K)
[456.716s][info][gc,heap        ] GC(1113) ParOldGen: 315736K(315904K)->315744K(315904K)
[456.716s][info][gc,metaspace   ] GC(1113) Metaspace: 35401K(36160K)->35401K(36160K) NonClass: 26192K(26752K)->26192K(26752K) Class: 9209K(9408K)->9209K(9408K)
[456.716s][info][gc             ] GC(1113) Pause Young (Allocation Failure) 602M->308M(619M) 1.357ms
[456.716s][info][gc,cpu         ] GC(1113) User=0.00s Sys=0.00s Real=0.00s
[457.715s][info][gc,start       ] GC(1114) Pause Young (Allocation Failure)
[457.716s][info][gc,heap        ] GC(1114) PSYoungGen: 304704K(317952K)->64K(292864K) Eden: 304640K(304640K)->0K(292352K) From: 64K(13312K)->64K(512K)
[457.716s][info][gc,heap        ] GC(1114) ParOldGen: 315744K(315904K)->315752K(315904K)
[457.716s][info][gc,metaspace   ] GC(1114) Metaspace: 35401K(36160K)->35401K(36160K) NonClass: 26192K(26752K)->26192K(26752K) Class: 9209K(9408K)->9209K(9408K)
[457.716s][info][gc             ] GC(1114) Pause Young (Allocation Failure) 605M->308M(594M) 1.387ms
[457.716s][info][gc,cpu         ] GC(1114) User=0.00s Sys=0.00s Real=0.00s
[458.643s][info][gc,start       ] GC(1115) Pause Young (Allocation Failure)
[458.645s][info][gc,heap        ] GC(1115) PSYoungGen: 292416K(292864K)->64K(281088K) Eden: 292352K(292352K)->0K(280576K) From: 64K(512K)->64K(512K)
[458.645s][info][gc,heap        ] GC(1115) ParOldGen: 315752K(315904K)->315760K(315904K)
[458.645s][info][gc,metaspace   ] GC(1115) Metaspace: 35401K(36160K)->35401K(36160K) NonClass: 26192K(26752K)->26192K(26752K) Class: 9209K(9408K)->9209K(9408K)
[458.645s][info][gc             ] GC(1115) Pause Young (Allocation Failure) 593M->308M(583M) 1.945ms
[458.645s][info][gc,cpu         ] GC(1115) User=0.00s Sys=0.00s Real=0.01s
[459.109s][info][gc,start       ] GC(1116) Pause Young (Allocation Failure)
[459.110s][info][gc,heap        ] GC(1116) PSYoungGen: 280640K(281088K)->64K(280576K) Eden: 280576K(280576K)->0K(269312K) From: 64K(512K)->64K(11264K)
[459.110s][info][gc,heap        ] GC(1116) ParOldGen: 315760K(315904K)->315768K(315904K)
[459.110s][info][gc,metaspace   ] GC(1116) Metaspace: 35401K(36160K)->35401K(36160K) NonClass: 26192K(26752K)->26192K(26752K) Class: 9209K(9408K)->9209K(9408K)
[459.110s][info][gc             ] GC(1116) Pause Young (Allocation Failure) 582M->308M(582M) 1.374ms
[459.110s][info][gc,cpu         ] GC(1116) User=0.00s Sys=0.00s Real=0.00s
[460.246s][info][gc,start       ] GC(1117) Pause Young (Allocation Failure)
[460.248s][info][gc,heap        ] GC(1117) PSYoungGen: 269376K(280576K)->64K(259072K) Eden: 269312K(269312K)->0K(258560K) From: 64K(11264K)->64K(512K)
[460.248s][info][gc,heap        ] GC(1117) ParOldGen: 315768K(315904K)->315776K(315904K)
[460.248s][info][gc,metaspace   ] GC(1117) Metaspace: 35401K(36160K)->35401K(36160K) NonClass: 26192K(26752K)->26192K(26752K) Class: 9209K(9408K)->9209K(9408K)
[460.248s][info][gc             ] GC(1117) Pause Young (Allocation Failure) 571M->308M(561M) 1.939ms
[460.248s][info][gc,cpu         ] GC(1117) User=0.00s Sys=0.00s Real=0.00s
[460.674s][info][gc,start       ] GC(1118) Pause Young (Allocation Failure)
[460.677s][info][gc,heap        ] GC(1118) PSYoungGen: 258624K(259072K)->64K(258048K) Eden: 258560K(258560K)->0K(248320K) From: 64K(512K)->64K(9728K)
[460.677s][info][gc,heap        ] GC(1118) ParOldGen: 315776K(315904K)->315784K(315904K)
[460.677s][info][gc,metaspace   ] GC(1118) Metaspace: 35401K(36160K)->35401K(36160K) NonClass: 26192K(26752K)->26192K(26752K) Class: 9209K(9408K)->9209K(9408K)
[460.677s][info][gc             ] GC(1118) Pause Young (Allocation Failure) 560M->308M(560M) 2.279ms
[460.677s][info][gc,cpu         ] GC(1118) User=0.00s Sys=0.00s Real=0.00s
[460.881s][info][gc,start       ] GC(1119) Pause Young (Allocation Failure)
[460.885s][info][gc,heap        ] GC(1119) PSYoungGen: 248384K(258048K)->32K(239104K) Eden: 248320K(248320K)->0K(238592K) From: 64K(9728K)->32K(512K)
[460.885s][info][gc,heap        ] GC(1119) ParOldGen: 315784K(315904K)->315792K(315904K)
[460.885s][info][gc,metaspace   ] GC(1119) Metaspace: 35401K(36160K)->35401K(36160K) NonClass: 26192K(26752K)->26192K(26752K) Class: 9209K(9408K)->9209K(9408K)
[460.885s][info][gc             ] GC(1119) Pause Young (Allocation Failure) 550M->308M(542M) 3.831ms
[460.885s][info][gc,cpu         ] GC(1119) User=0.01s Sys=0.00s Real=0.01s
[460.986s][info][gc,start       ] GC(1120) Pause Young (Allocation Failure)
[460.988s][info][gc,heap        ] GC(1120) PSYoungGen: 238624K(239104K)->64K(278528K) Eden: 238592K(238592K)->0K(269824K) From: 32K(512K)->64K(8704K)
[460.988s][info][gc,heap        ] GC(1120) ParOldGen: 315792K(315904K)->315808K(315904K)
[460.988s][info][gc,metaspace   ] GC(1120) Metaspace: 35401K(36160K)->35401K(36160K) NonClass: 26192K(26752K)->26192K(26752K) Class: 9209K(9408K)->9209K(9408K)
[460.988s][info][gc             ] GC(1120) Pause Young (Allocation Failure) 541M->308M(580M) 2.877ms
[460.988s][info][gc,cpu         ] GC(1120) User=0.00s Sys=0.00s Real=0.00s
[461.643s][info][gc,start       ] GC(1121) Pause Young (Allocation Failure)
[461.647s][info][gc,heap        ] GC(1121) PSYoungGen: 269888K(278528K)->64K(291328K) Eden: 269824K(269824K)->0K(283136K) From: 64K(8704K)->64K(8192K)
[461.647s][info][gc,heap        ] GC(1121) ParOldGen: 315808K(315904K)->315824K(315904K)
[461.647s][info][gc,metaspace   ] GC(1121) Metaspace: 35401K(36160K)->35401K(36160K) NonClass: 26192K(26752K)->26192K(26752K) Class: 9209K(9408K)->9209K(9408K)
[461.647s][info][gc             ] GC(1121) Pause Young (Allocation Failure) 571M->308M(593M) 3.727ms
[461.647s][info][gc,cpu         ] GC(1121) User=0.00s Sys=0.00s Real=0.00s
[462.034s][info][gc,start       ] GC(1122) Pause Young (Allocation Failure)
[462.039s][info][gc,heap        ] GC(1122) PSYoungGen: 283200K(291328K)->672K(290816K) Eden: 283136K(283136K)->0K(283136K) From: 64K(8192K)->672K(7680K)
[462.039s][info][gc,heap        ] GC(1122) ParOldGen: 315824K(315904K)->315832K(315904K)
[462.039s][info][gc,metaspace   ] GC(1122) Metaspace: 35401K(36160K)->35401K(36160K) NonClass: 26192K(26752K)->26192K(26752K) Class: 9209K(9408K)->9209K(9408K)
[462.039s][info][gc             ] GC(1122) Pause Young (Allocation Failure) 584M->309M(592M) 5.918ms
[462.040s][info][gc,cpu         ] GC(1122) User=0.01s Sys=0.00s Real=0.00s
[462.439s][info][gc,start       ] GC(1123) Pause Young (Allocation Failure)
[462.533s][info][gc,heap        ] GC(1123) PSYoungGen: 283808K(290816K)->6656K(304640K) Eden: 283136K(283136K)->0K(297984K) From: 672K(7680K)->6656K(6656K)
[462.533s][info][gc,heap        ] GC(1123) ParOldGen: 315832K(315904K)->341320K(341504K)
[462.533s][info][gc,metaspace   ] GC(1123) Metaspace: 35401K(36160K)->35401K(36160K) NonClass: 26192K(26752K)->26192K(26752K) Class: 9209K(9408K)->9209K(9408K)
[462.533s][info][gc             ] GC(1123) Pause Young (Allocation Failure) 585M->339M(631M) 94.306ms
[462.533s][info][gc,cpu         ] GC(1123) User=0.13s Sys=0.03s Real=0.09s
[463.190s][info][gc,start       ] GC(1124) Pause Young (Allocation Failure)
[463.272s][info][gc,heap        ] GC(1124) PSYoungGen: 304640K(304640K)->17920K(315904K) Eden: 297984K(297984K)->0K(297984K) From: 6656K(6656K)->17920K(17920K)
[463.272s][info][gc,heap        ] GC(1124) ParOldGen: 341320K(341504K)->353968K(354304K)
[463.272s][info][gc,metaspace   ] GC(1124) Metaspace: 35401K(36160K)->35401K(36160K) NonClass: 26192K(26752K)->26192K(26752K) Class: 9209K(9408K)->9209K(9408K)
[463.272s][info][gc             ] GC(1124) Pause Young (Allocation Failure) 630M->363M(654M) 82.158ms
[463.272s][info][gc,cpu         ] GC(1124) User=0.14s Sys=0.02s Real=0.08s
[463.540s][info][gc,start       ] GC(1125) Pause Young (Allocation Failure)
[463.547s][info][gc,heap        ] GC(1125) PSYoungGen: 315904K(315904K)->32K(300544K) Eden: 297984K(297984K)->0K(282624K) From: 17920K(17920K)->32K(17920K)
[463.547s][info][gc,heap        ] GC(1125) ParOldGen: 353968K(354304K)->354296K(354304K)
[463.547s][info][gc,metaspace   ] GC(1125) Metaspace: 35401K(36160K)->35401K(36160K) NonClass: 26192K(26752K)->26192K(26752K) Class: 9209K(9408K)->9209K(9408K)
[463.547s][info][gc             ] GC(1125) Pause Young (Allocation Failure) 654M->346M(639M) 6.882ms
[463.547s][info][gc,cpu         ] GC(1125) User=0.02s Sys=0.00s Real=0.01s
[464.410s][info][gc,start       ] GC(1126) Pause Young (Allocation Failure)
[464.412s][info][gc,heap        ] GC(1126) PSYoungGen: 282656K(300544K)->64K(308224K) Eden: 282624K(282624K)->0K(282624K) From: 32K(17920K)->64K(25600K)
[464.412s][info][gc,heap        ] GC(1126) ParOldGen: 354296K(354304K)->354312K(354816K)
[464.412s][info][gc,metaspace   ] GC(1126) Metaspace: 35401K(36160K)->35401K(36160K) NonClass: 26192K(26752K)->26192K(26752K) Class: 9209K(9408K)->9209K(9408K)
[464.412s][info][gc             ] GC(1126) Pause Young (Allocation Failure) 622M->346M(647M) 1.414ms
[464.412s][info][gc,cpu         ] GC(1126) User=0.01s Sys=0.00s Real=0.00s
[464.784s][info][gc,start       ] GC(1127) Pause Young (Allocation Failure)
[464.785s][info][gc,heap        ] GC(1127) PSYoungGen: 282688K(308224K)->64K(305152K) Eden: 282624K(282624K)->0K(283648K) From: 64K(25600K)->64K(21504K)
[464.785s][info][gc,heap        ] GC(1127) ParOldGen: 354312K(354816K)->354312K(354816K)
[464.785s][info][gc,metaspace   ] GC(1127) Metaspace: 35401K(36160K)->35401K(36160K) NonClass: 26192K(26752K)->26192K(26752K) Class: 9209K(9408K)->9209K(9408K)
[464.785s][info][gc             ] GC(1127) Pause Young (Allocation Failure) 622M->346M(644M) 1.584ms
[464.785s][info][gc,cpu         ] GC(1127) User=0.00s Sys=0.00s Real=0.00s
[465.231s][info][gc,start       ] GC(1128) Pause Young (Allocation Failure)
[465.232s][info][gc,heap        ] GC(1128) PSYoungGen: 283712K(305152K)->64K(307200K) Eden: 283648K(283648K)->0K(283648K) From: 64K(21504K)->64K(23552K)
[465.232s][info][gc,heap        ] GC(1128) ParOldGen: 354312K(354816K)->354328K(354816K)
[465.232s][info][gc,metaspace   ] GC(1128) Metaspace: 35401K(36160K)->35401K(36160K) NonClass: 26192K(26752K)->26192K(26752K) Class: 9209K(9408K)->9209K(9408K)
[465.232s][info][gc             ] GC(1128) Pause Young (Allocation Failure) 623M->346M(646M) 1.656ms
[465.232s][info][gc,cpu         ] GC(1128) User=0.00s Sys=0.00s Real=0.00s
[465.491s][info][gc,start       ] GC(1129) Pause Young (Allocation Failure)
[465.493s][info][gc,heap        ] GC(1129) PSYoungGen: 283712K(307200K)->64K(307200K) Eden: 283648K(283648K)->0K(287744K) From: 64K(23552K)->64K(19456K)
[465.493s][info][gc,heap        ] GC(1129) ParOldGen: 354328K(354816K)->354344K(354816K)
[465.493s][info][gc,metaspace   ] GC(1129) Metaspace: 35401K(36160K)->35401K(36160K) NonClass: 26192K(26752K)->26192K(26752K) Class: 9209K(9408K)->9209K(9408K)
[465.493s][info][gc             ] GC(1129) Pause Young (Allocation Failure) 623M->346M(646M) 1.438ms
[465.493s][info][gc,cpu         ] GC(1129) User=0.00s Sys=0.00s Real=0.00s
[465.894s][info][gc,start       ] GC(1130) Pause Young (Allocation Failure)
[465.895s][info][gc,heap        ] GC(1130) PSYoungGen: 287808K(307200K)->64K(309248K) Eden: 287744K(287744K)->0K(287744K) From: 64K(19456K)->64K(21504K)
[465.895s][info][gc,heap        ] GC(1130) ParOldGen: 354344K(354816K)->354344K(354816K)
[465.895s][info][gc,metaspace   ] GC(1130) Metaspace: 35401K(36160K)->35401K(36160K) NonClass: 26192K(26752K)->26192K(26752K) Class: 9209K(9408K)->9209K(9408K)
[465.895s][info][gc             ] GC(1130) Pause Young (Allocation Failure) 627M->346M(648M) 1.396ms
[465.895s][info][gc,cpu         ] GC(1130) User=0.01s Sys=0.00s Real=0.00s
[465.956s][info][gc,start       ] GC(1131) Pause Young (Allocation Failure)
[465.957s][info][gc,heap        ] GC(1131) PSYoungGen: 287808K(309248K)->64K(309248K) Eden: 287744K(287744K)->0K(291840K) From: 64K(21504K)->64K(17408K)
[465.957s][info][gc,heap        ] GC(1131) ParOldGen: 354344K(354816K)->354352K(354816K)
[465.957s][info][gc,metaspace   ] GC(1131) Metaspace: 35401K(36160K)->35401K(36160K) NonClass: 26192K(26752K)->26192K(26752K) Class: 9209K(9408K)->9209K(9408K)
[465.957s][info][gc             ] GC(1131) Pause Young (Allocation Failure) 627M->346M(648M) 1.366ms
[465.957s][info][gc,cpu         ] GC(1131) User=0.00s Sys=0.00s Real=0.00s
[466.010s][info][gc,start       ] GC(1132) Pause Young (Allocation Failure)
[466.011s][info][gc,heap        ] GC(1132) PSYoungGen: 291904K(309248K)->32K(311296K) Eden: 291840K(291840K)->0K(291840K) From: 64K(17408K)->32K(19456K)
[466.011s][info][gc,heap        ] GC(1132) ParOldGen: 354352K(354816K)->354368K(354816K)
[466.011s][info][gc,metaspace   ] GC(1132) Metaspace: 35401K(36160K)->35401K(36160K) NonClass: 26192K(26752K)->26192K(26752K) Class: 9209K(9408K)->9209K(9408K)
[466.011s][info][gc             ] GC(1132) Pause Young (Allocation Failure) 631M->346M(650M) 1.384ms
[466.011s][info][gc,cpu         ] GC(1132) User=0.00s Sys=0.00s Real=0.00s
[466.272s][info][gc,start       ] GC(1133) Pause Young (Allocation Failure)
[466.273s][info][gc,heap        ] GC(1133) PSYoungGen: 291872K(311296K)->64K(311296K) Eden: 291840K(291840K)->0K(295936K) From: 32K(19456K)->64K(15360K)
[466.273s][info][gc,heap        ] GC(1133) ParOldGen: 354368K(354816K)->354368K(354816K)
[466.273s][info][gc,metaspace   ] GC(1133) Metaspace: 35401K(36160K)->35401K(36160K) NonClass: 26192K(26752K)->26192K(26752K) Class: 9209K(9408K)->9209K(9408K)
[466.273s][info][gc             ] GC(1133) Pause Young (Allocation Failure) 631M->346M(650M) 1.493ms
[466.273s][info][gc,cpu         ] GC(1133) User=0.01s Sys=0.00s Real=0.01s
[466.576s][info][gc,start       ] GC(1134) Pause Young (Allocation Failure)
[466.577s][info][gc,heap        ] GC(1134) PSYoungGen: 296000K(311296K)->64K(313344K) Eden: 295936K(295936K)->0K(295936K) From: 64K(15360K)->64K(17408K)
[466.577s][info][gc,heap        ] GC(1134) ParOldGen: 354368K(354816K)->354376K(354816K)
[466.577s][info][gc,metaspace   ] GC(1134) Metaspace: 35401K(36160K)->35401K(36160K) NonClass: 26192K(26752K)->26192K(26752K) Class: 9209K(9408K)->9209K(9408K)
[466.577s][info][gc             ] GC(1134) Pause Young (Allocation Failure) 635M->346M(652M) 1.401ms
[466.577s][info][gc,cpu         ] GC(1134) User=0.00s Sys=0.00s Real=0.00s
[466.713s][info][gc,start       ] GC(1135) Pause Young (Allocation Failure)
[466.715s][info][gc,heap        ] GC(1135) PSYoungGen: 296000K(313344K)->64K(313344K) Eden: 295936K(295936K)->0K(300032K) From: 64K(17408K)->64K(13312K)
[466.715s][info][gc,heap        ] GC(1135) ParOldGen: 354376K(354816K)->354384K(354816K)
[466.715s][info][gc,metaspace   ] GC(1135) Metaspace: 35401K(36160K)->35401K(36160K) NonClass: 26192K(26752K)->26192K(26752K) Class: 9209K(9408K)->9209K(9408K)
[466.715s][info][gc             ] GC(1135) Pause Young (Allocation Failure) 635M->346M(652M) 1.604ms
[466.715s][info][gc,cpu         ] GC(1135) User=0.01s Sys=0.00s Real=0.00s
[466.845s][info][gc,start       ] GC(1136) Pause Young (Allocation Failure)
[466.846s][info][gc,heap        ] GC(1136) PSYoungGen: 300096K(313344K)->64K(315392K) Eden: 300032K(300032K)->0K(300032K) From: 64K(13312K)->64K(15360K)
[466.846s][info][gc,heap        ] GC(1136) ParOldGen: 354384K(354816K)->354392K(354816K)
[466.846s][info][gc,metaspace   ] GC(1136) Metaspace: 35401K(36160K)->35401K(36160K) NonClass: 26192K(26752K)->26192K(26752K) Class: 9209K(9408K)->9209K(9408K)
[466.846s][info][gc             ] GC(1136) Pause Young (Allocation Failure) 639M->346M(654M) 1.504ms
[466.846s][info][gc,cpu         ] GC(1136) User=0.00s Sys=0.00s Real=0.00s
[467.252s][info][gc,start       ] GC(1137) Pause Young (Allocation Failure)
[467.253s][info][gc,heap        ] GC(1137) PSYoungGen: 300096K(315392K)->64K(315392K) Eden: 300032K(300032K)->0K(304128K) From: 64K(15360K)->64K(11264K)
[467.253s][info][gc,heap        ] GC(1137) ParOldGen: 354392K(354816K)->354400K(354816K)
[467.253s][info][gc,metaspace   ] GC(1137) Metaspace: 35401K(36160K)->35401K(36160K) NonClass: 26192K(26752K)->26192K(26752K) Class: 9209K(9408K)->9209K(9408K)
[467.253s][info][gc             ] GC(1137) Pause Young (Allocation Failure) 639M->346M(654M) 1.508ms
[467.253s][info][gc,cpu         ] GC(1137) User=0.01s Sys=0.00s Real=0.01s
[467.989s][info][gc,start       ] GC(1138) Pause Young (Allocation Failure)
[467.991s][info][gc,heap        ] GC(1138) PSYoungGen: 304192K(315392K)->64K(292352K) Eden: 304128K(304128K)->0K(291840K) From: 64K(11264K)->64K(512K)
[467.991s][info][gc,heap        ] GC(1138) ParOldGen: 354400K(354816K)->354408K(354816K)
[467.991s][info][gc,metaspace   ] GC(1138) Metaspace: 35401K(36160K)->35401K(36160K) NonClass: 26192K(26752K)->26192K(26752K) Class: 9209K(9408K)->9209K(9408K)
[467.991s][info][gc             ] GC(1138) Pause Young (Allocation Failure) 643M->346M(632M) 1.857ms
[467.991s][info][gc,cpu         ] GC(1138) User=0.00s Sys=0.00s Real=0.00s
[468.997s][info][gc,start       ] GC(1139) Pause Young (Allocation Failure)
[468.999s][info][gc,heap        ] GC(1139) PSYoungGen: 291904K(292352K)->64K(280576K) Eden: 291840K(291840K)->0K(280064K) From: 64K(512K)->64K(512K)
[468.999s][info][gc,heap        ] GC(1139) ParOldGen: 354408K(354816K)->354416K(354816K)
[468.999s][info][gc,metaspace   ] GC(1139) Metaspace: 35401K(36160K)->35401K(36160K) NonClass: 26192K(26752K)->26192K(26752K) Class: 9209K(9408K)->9209K(9408K)
[468.999s][info][gc             ] GC(1139) Pause Young (Allocation Failure) 631M->346M(620M) 2.060ms
[468.999s][info][gc,cpu         ] GC(1139) User=0.00s Sys=0.00s Real=0.00s
[469.502s][info][gc,start       ] GC(1140) Pause Young (Allocation Failure)
[469.505s][info][gc,heap        ] GC(1140) PSYoungGen: 280128K(280576K)->64K(280576K) Eden: 280064K(280064K)->0K(268800K) From: 64K(512K)->64K(11776K)
[469.505s][info][gc,heap        ] GC(1140) ParOldGen: 354416K(354816K)->354432K(354816K)
[469.505s][info][gc,metaspace   ] GC(1140) Metaspace: 35401K(36160K)->35401K(36160K) NonClass: 26192K(26752K)->26192K(26752K) Class: 9209K(9408K)->9209K(9408K)
[469.505s][info][gc             ] GC(1140) Pause Young (Allocation Failure) 619M->346M(620M) 2.457ms
[469.505s][info][gc,cpu         ] GC(1140) User=0.01s Sys=0.00s Real=0.01s
[470.609s][info][gc,start       ] GC(1141) Pause Young (Allocation Failure)
[470.614s][info][gc,heap        ] GC(1141) PSYoungGen: 268864K(280576K)->64K(258560K) Eden: 268800K(268800K)->0K(258048K) From: 64K(11776K)->64K(512K)
[470.614s][info][gc,heap        ] GC(1141) ParOldGen: 354432K(354816K)->354440K(354816K)
[470.614s][info][gc,metaspace   ] GC(1141) Metaspace: 35402K(36160K)->35402K(36160K) NonClass: 26193K(26752K)->26193K(26752K) Class: 9209K(9408K)->9209K(9408K)
[470.614s][info][gc             ] GC(1141) Pause Young (Allocation Failure) 608M->346M(599M) 5.581ms
[470.614s][info][gc,cpu         ] GC(1141) User=0.00s Sys=0.00s Real=0.01s
[471.006s][info][gc,start       ] GC(1142) Pause Young (Allocation Failure)
[471.007s][info][gc,heap        ] GC(1142) PSYoungGen: 258112K(258560K)->64K(258048K) Eden: 258048K(258048K)->0K(247808K) From: 64K(512K)->64K(10240K)
[471.007s][info][gc,heap        ] GC(1142) ParOldGen: 354440K(354816K)->354456K(354816K)
[471.007s][info][gc,metaspace   ] GC(1142) Metaspace: 35402K(36160K)->35402K(36160K) NonClass: 26193K(26752K)->26193K(26752K) Class: 9209K(9408K)->9209K(9408K)
[471.007s][info][gc             ] GC(1142) Pause Young (Allocation Failure) 598M->346M(598M) 1.782ms
[471.007s][info][gc,cpu         ] GC(1142) User=0.00s Sys=0.00s Real=0.00s
[471.163s][info][gc,start       ] GC(1143) Pause Young (Allocation Failure)
[471.166s][info][gc,heap        ] GC(1143) PSYoungGen: 247872K(258048K)->64K(238592K) Eden: 247808K(247808K)->0K(238080K) From: 64K(10240K)->64K(512K)
[471.166s][info][gc,heap        ] GC(1143) ParOldGen: 354456K(354816K)->354464K(354816K)
[471.166s][info][gc,metaspace   ] GC(1143) Metaspace: 35402K(36160K)->35402K(36160K) NonClass: 26193K(26752K)->26193K(26752K) Class: 9209K(9408K)->9209K(9408K)
[471.166s][info][gc             ] GC(1143) Pause Young (Allocation Failure) 588M->346M(579M) 2.280ms
[471.166s][info][gc,cpu         ] GC(1143) User=0.00s Sys=0.00s Real=0.00s
[471.471s][info][gc,start       ] GC(1144) Pause Young (Allocation Failure)
[471.473s][info][gc,heap        ] GC(1144) PSYoungGen: 238144K(238592K)->64K(237568K) Eden: 238080K(238080K)->0K(228864K) From: 64K(512K)->64K(8704K)
[471.473s][info][gc,heap        ] GC(1144) ParOldGen: 354464K(354816K)->354472K(354816K)
[471.473s][info][gc,metaspace   ] GC(1144) Metaspace: 35402K(36160K)->35402K(36160K) NonClass: 26193K(26752K)->26193K(26752K) Class: 9209K(9408K)->9209K(9408K)
[471.473s][info][gc             ] GC(1144) Pause Young (Allocation Failure) 578M->346M(578M) 1.571ms
[471.473s][info][gc,cpu         ] GC(1144) User=0.00s Sys=0.00s Real=0.00s
[471.917s][info][gc,start       ] GC(1145) Pause Young (Allocation Failure)
[471.919s][info][gc,heap        ] GC(1145) PSYoungGen: 228928K(237568K)->64K(220672K) Eden: 228864K(228864K)->0K(220160K) From: 64K(8704K)->64K(512K)
[471.919s][info][gc,heap        ] GC(1145) ParOldGen: 354472K(354816K)->354480K(354816K)
[471.919s][info][gc,metaspace   ] GC(1145) Metaspace: 35402K(36160K)->35402K(36160K) NonClass: 26193K(26752K)->26193K(26752K) Class: 9209K(9408K)->9209K(9408K)
[471.919s][info][gc             ] GC(1145) Pause Young (Allocation Failure) 569M->346M(562M) 2.308ms
[471.919s][info][gc,cpu         ] GC(1145) User=0.00s Sys=0.01s Real=0.00s
[472.251s][info][gc,start       ] GC(1146) Pause Young (Allocation Failure)
[472.252s][info][gc,heap        ] GC(1146) PSYoungGen: 220224K(220672K)->64K(219648K) Eden: 220160K(220160K)->0K(211968K) From: 64K(512K)->64K(7680K)
[472.252s][info][gc,heap        ] GC(1146) ParOldGen: 354480K(354816K)->354488K(354816K)
[472.252s][info][gc,metaspace   ] GC(1146) Metaspace: 35402K(36160K)->35402K(36160K) NonClass: 26193K(26752K)->26193K(26752K) Class: 9209K(9408K)->9209K(9408K)
[472.252s][info][gc             ] GC(1146) Pause Young (Allocation Failure) 561M->346M(561M) 1.367ms
[472.252s][info][gc,cpu         ] GC(1146) User=0.00s Sys=0.00s Real=0.00s
[472.555s][info][gc,start       ] GC(1147) Pause Young (Allocation Failure)
[472.602s][info][gc,heap        ] GC(1147) PSYoungGen: 212032K(219648K)->7168K(260608K) Eden: 211968K(211968K)->0K(253440K) From: 64K(7680K)->7168K(7168K)
[472.602s][info][gc,heap        ] GC(1147) ParOldGen: 354488K(354816K)->370256K(370688K)
[472.602s][info][gc,metaspace   ] GC(1147) Metaspace: 35402K(36160K)->35402K(36160K) NonClass: 26193K(26752K)->26193K(26752K) Class: 9209K(9408K)->9209K(9408K)
[472.602s][info][gc             ] GC(1147) Pause Young (Allocation Failure) 553M->368M(616M) 46.909ms
[472.602s][info][gc,cpu         ] GC(1147) User=0.08s Sys=0.00s Real=0.04s
[472.959s][info][gc,start       ] GC(1148) Pause Young (Allocation Failure)
[473.022s][info][gc,heap        ] GC(1148) PSYoungGen: 260608K(260608K)->14848K(268288K) Eden: 253440K(253440K)->0K(253440K) From: 7168K(7168K)->14848K(14848K)
[473.022s][info][gc,heap        ] GC(1148) ParOldGen: 370256K(370688K)->384584K(385024K)
[473.022s][info][gc,metaspace   ] GC(1148) Metaspace: 35402K(36160K)->35402K(36160K) NonClass: 26193K(26752K)->26193K(26752K) Class: 9209K(9408K)->9209K(9408K)
[473.022s][info][gc             ] GC(1148) Pause Young (Allocation Failure) 616M->390M(638M) 63.112ms
[473.022s][info][gc,cpu         ] GC(1148) User=0.11s Sys=0.02s Real=0.06s
[473.210s][info][gc,start       ] GC(1149) Pause Young (Allocation Failure)
[473.238s][info][gc,heap        ] GC(1149) PSYoungGen: 268288K(268288K)->10976K(309760K) Eden: 253440K(253440K)->0K(286720K) From: 14848K(14848K)->10976K(23040K)
[473.238s][info][gc,heap        ] GC(1149) ParOldGen: 384584K(385024K)->384968K(385024K)
[473.238s][info][gc,metaspace   ] GC(1149) Metaspace: 35402K(36160K)->35402K(36160K) NonClass: 26193K(26752K)->26193K(26752K) Class: 9209K(9408K)->9209K(9408K)
[473.238s][info][gc             ] GC(1149) Pause Young (Allocation Failure) 637M->386M(678M) 28.426ms
[473.238s][info][gc,cpu         ] GC(1149) User=0.05s Sys=0.00s Real=0.03s
[473.666s][info][gc,start       ] GC(1150) Pause Young (Allocation Failure)
[473.667s][info][gc,heap        ] GC(1150) PSYoungGen: 297696K(309760K)->64K(310272K) Eden: 286720K(286720K)->0K(286720K) From: 10976K(23040K)->64K(23552K)
[473.667s][info][gc,heap        ] GC(1150) ParOldGen: 384968K(385024K)->384976K(385024K)
[473.667s][info][gc,metaspace   ] GC(1150) Metaspace: 35402K(36160K)->35402K(36160K) NonClass: 26193K(26752K)->26193K(26752K) Class: 9209K(9408K)->9209K(9408K)
[473.667s][info][gc             ] GC(1150) Pause Young (Allocation Failure) 666M->376M(679M) 1.582ms
[473.667s][info][gc,cpu         ] GC(1150) User=0.00s Sys=0.00s Real=0.00s
[474.313s][info][gc,start       ] GC(1151) Pause Young (Allocation Failure)
[474.314s][info][gc,heap        ] GC(1151) PSYoungGen: 286784K(310272K)->64K(308224K) Eden: 286720K(286720K)->0K(287232K) From: 64K(23552K)->64K(20992K)
[474.314s][info][gc,heap        ] GC(1151) ParOldGen: 384976K(385024K)->384984K(385024K)
[474.314s][info][gc,metaspace   ] GC(1151) Metaspace: 35402K(36160K)->35402K(36160K) NonClass: 26193K(26752K)->26193K(26752K) Class: 9209K(9408K)->9209K(9408K)
[474.314s][info][gc             ] GC(1151) Pause Young (Allocation Failure) 656M->376M(677M) 1.589ms
[474.314s][info][gc,cpu         ] GC(1151) User=0.00s Sys=0.00s Real=0.01s
[474.794s][info][gc,start       ] GC(1152) Pause Young (Allocation Failure)
[474.796s][info][gc,heap        ] GC(1152) PSYoungGen: 287296K(308224K)->64K(309248K) Eden: 287232K(287232K)->0K(287232K) From: 64K(20992K)->64K(22016K)
[474.796s][info][gc,heap        ] GC(1152) ParOldGen: 384984K(385024K)->385000K(385024K)
[474.796s][info][gc,metaspace   ] GC(1152) Metaspace: 35402K(36160K)->35402K(36160K) NonClass: 26193K(26752K)->26193K(26752K) Class: 9209K(9408K)->9209K(9408K)
[474.796s][info][gc             ] GC(1152) Pause Young (Allocation Failure) 656M->376M(678M) 1.502ms
[474.796s][info][gc,cpu         ] GC(1152) User=0.01s Sys=0.00s Real=0.00s
[475.057s][info][gc,start       ] GC(1153) Pause Young (Allocation Failure)
[475.058s][info][gc,heap        ] GC(1153) PSYoungGen: 287296K(309248K)->64K(310784K) Eden: 287232K(287232K)->0K(290816K) From: 64K(22016K)->64K(19968K)
[475.058s][info][gc,heap        ] GC(1153) ParOldGen: 385000K(385024K)->385016K(385024K)
[475.058s][info][gc,metaspace   ] GC(1153) Metaspace: 35402K(36160K)->35402K(36160K) NonClass: 26193K(26752K)->26193K(26752K) Class: 9209K(9408K)->9209K(9408K)
[475.058s][info][gc             ] GC(1153) Pause Young (Allocation Failure) 656M->376M(679M) 1.501ms
[475.058s][info][gc,cpu         ] GC(1153) User=0.01s Sys=0.00s Real=0.00s
[475.321s][info][gc,start       ] GC(1154) Pause Young (Allocation Failure)
[475.322s][info][gc,heap        ] GC(1154) PSYoungGen: 290880K(310784K)->64K(311296K) Eden: 290816K(290816K)->0K(290816K) From: 64K(19968K)->64K(20480K)
[475.322s][info][gc,heap        ] GC(1154) ParOldGen: 385016K(385024K)->385016K(385024K)
[475.322s][info][gc,metaspace   ] GC(1154) Metaspace: 35402K(36160K)->35402K(36160K) NonClass: 26193K(26752K)->26193K(26752K) Class: 9209K(9408K)->9209K(9408K)
[475.322s][info][gc             ] GC(1154) Pause Young (Allocation Failure) 660M->376M(680M) 1.487ms
[475.322s][info][gc,cpu         ] GC(1154) User=0.00s Sys=0.00s Real=0.00s
[475.631s][info][gc,start       ] GC(1155) Pause Young (Allocation Failure)
[475.632s][info][gc,heap        ] GC(1155) PSYoungGen: 290880K(311296K)->64K(311808K) Eden: 290816K(290816K)->0K(293888K) From: 64K(20480K)->64K(17920K)
[475.632s][info][gc,heap        ] GC(1155) ParOldGen: 385016K(385024K)->385016K(385024K)
[475.632s][info][gc,metaspace   ] GC(1155) Metaspace: 35402K(36160K)->35402K(36160K) NonClass: 26193K(26752K)->26193K(26752K) Class: 9209K(9408K)->9209K(9408K)
[475.632s][info][gc             ] GC(1155) Pause Young (Allocation Failure) 660M->376M(680M) 1.485ms
[475.632s][info][gc,cpu         ] GC(1155) User=0.00s Sys=0.00s Real=0.00s
[475.686s][info][gc,start       ] GC(1156) Pause Young (Allocation Failure)
[475.687s][info][gc,heap        ] GC(1156) PSYoungGen: 293952K(311808K)->64K(312320K) Eden: 293888K(293888K)->0K(293888K) From: 64K(17920K)->64K(18432K)
[475.687s][info][gc,heap        ] GC(1156) ParOldGen: 385016K(385024K)->385032K(385536K)
[475.687s][info][gc,metaspace   ] GC(1156) Metaspace: 35402K(36160K)->35402K(36160K) NonClass: 26193K(26752K)->26193K(26752K) Class: 9209K(9408K)->9209K(9408K)
[475.687s][info][gc             ] GC(1156) Pause Young (Allocation Failure) 663M->376M(681M) 1.453ms
[475.687s][info][gc,cpu         ] GC(1156) User=0.00s Sys=0.00s Real=0.00s
[475.801s][info][gc,start       ] GC(1157) Pause Young (Allocation Failure)
[475.803s][info][gc,heap        ] GC(1157) PSYoungGen: 293952K(312320K)->64K(313856K) Eden: 293888K(293888K)->0K(297984K) From: 64K(18432K)->64K(15872K)
[475.803s][info][gc,heap        ] GC(1157) ParOldGen: 385032K(385536K)->385032K(385536K)
[475.803s][info][gc,metaspace   ] GC(1157) Metaspace: 35402K(36160K)->35402K(36160K) NonClass: 26193K(26752K)->26193K(26752K) Class: 9209K(9408K)->9209K(9408K)
[475.803s][info][gc             ] GC(1157) Pause Young (Allocation Failure) 663M->376M(683M) 1.406ms
[475.803s][info][gc,cpu         ] GC(1157) User=0.01s Sys=0.00s Real=0.00s
[476.123s][info][gc,start       ] GC(1158) Pause Young (Allocation Failure)
[476.124s][info][gc,heap        ] GC(1158) PSYoungGen: 298048K(313856K)->64K(314368K) Eden: 297984K(297984K)->0K(297984K) From: 64K(15872K)->64K(16384K)
[476.124s][info][gc,heap        ] GC(1158) ParOldGen: 385032K(385536K)->385048K(385536K)
[476.124s][info][gc,metaspace   ] GC(1158) Metaspace: 35402K(36160K)->35402K(36160K) NonClass: 26193K(26752K)->26193K(26752K) Class: 9209K(9408K)->9209K(9408K)
[476.124s][info][gc             ] GC(1158) Pause Young (Allocation Failure) 667M->376M(683M) 1.382ms
[476.124s][info][gc,cpu         ] GC(1158) User=0.00s Sys=0.00s Real=0.01s
[476.320s][info][gc,start       ] GC(1159) Pause Young (Allocation Failure)
[476.321s][info][gc,heap        ] GC(1159) PSYoungGen: 298048K(314368K)->64K(315392K) Eden: 297984K(297984K)->0K(301568K) From: 64K(16384K)->64K(13824K)
[476.321s][info][gc,heap        ] GC(1159) ParOldGen: 385048K(385536K)->385048K(385536K)
[476.321s][info][gc,metaspace   ] GC(1159) Metaspace: 35402K(36160K)->35402K(36160K) NonClass: 26193K(26752K)->26193K(26752K) Class: 9209K(9408K)->9209K(9408K)
[476.321s][info][gc             ] GC(1159) Pause Young (Allocation Failure) 667M->376M(684M) 1.258ms
[476.321s][info][gc,cpu         ] GC(1159) User=0.00s Sys=0.00s Real=0.00s
[476.405s][info][gc,start       ] GC(1160) Pause Young (Allocation Failure)
[476.406s][info][gc,heap        ] GC(1160) PSYoungGen: 301632K(315392K)->64K(316416K) Eden: 301568K(301568K)->0K(301568K) From: 64K(13824K)->64K(14848K)
[476.406s][info][gc,heap        ] GC(1160) ParOldGen: 385048K(385536K)->385064K(385536K)
[476.406s][info][gc,metaspace   ] GC(1160) Metaspace: 35402K(36160K)->35402K(36160K) NonClass: 26193K(26752K)->26193K(26752K) Class: 9209K(9408K)->9209K(9408K)
[476.406s][info][gc             ] GC(1160) Pause Young (Allocation Failure) 670M->376M(685M) 1.242ms
[476.406s][info][gc,cpu         ] GC(1160) User=0.00s Sys=0.00s Real=0.00s
[476.579s][info][gc,start       ] GC(1161) Pause Young (Allocation Failure)
[476.580s][info][gc,heap        ] GC(1161) PSYoungGen: 301632K(316416K)->64K(316928K) Eden: 301568K(301568K)->0K(305152K) From: 64K(14848K)->64K(11776K)
[476.580s][info][gc,heap        ] GC(1161) ParOldGen: 385064K(385536K)->385064K(385536K)
[476.580s][info][gc,metaspace   ] GC(1161) Metaspace: 35402K(36160K)->35402K(36160K) NonClass: 26193K(26752K)->26193K(26752K) Class: 9209K(9408K)->9209K(9408K)
[476.580s][info][gc             ] GC(1161) Pause Young (Allocation Failure) 670M->376M(686M) 1.165ms
[476.580s][info][gc,cpu         ] GC(1161) User=0.00s Sys=0.00s Real=0.00s
[477.503s][info][gc,start       ] GC(1162) Pause Young (Allocation Failure)
[477.504s][info][gc,heap        ] GC(1162) PSYoungGen: 305216K(316928K)->64K(293376K) Eden: 305152K(305152K)->0K(292864K) From: 64K(11776K)->64K(512K)
[477.504s][info][gc,heap        ] GC(1162) ParOldGen: 385064K(385536K)->385072K(385536K)
[477.504s][info][gc,metaspace   ] GC(1162) Metaspace: 35402K(36160K)->35402K(36160K) NonClass: 26193K(26752K)->26193K(26752K) Class: 9209K(9408K)->9209K(9408K)
[477.504s][info][gc             ] GC(1162) Pause Young (Allocation Failure) 674M->376M(663M) 1.561ms
[477.504s][info][gc,cpu         ] GC(1162) User=0.01s Sys=0.00s Real=0.01s
[478.372s][info][gc,start       ] GC(1163) Pause Young (Allocation Failure)
[478.374s][info][gc,heap        ] GC(1163) PSYoungGen: 292928K(293376K)->64K(281600K) Eden: 292864K(292864K)->0K(281088K) From: 64K(512K)->64K(512K)
[478.374s][info][gc,heap        ] GC(1163) ParOldGen: 385072K(385536K)->385080K(385536K)
[478.374s][info][gc,metaspace   ] GC(1163) Metaspace: 35402K(36160K)->35402K(36160K) NonClass: 26193K(26752K)->26193K(26752K) Class: 9209K(9408K)->9209K(9408K)
[478.374s][info][gc             ] GC(1163) Pause Young (Allocation Failure) 662M->376M(651M) 2.123ms
[478.374s][info][gc,cpu         ] GC(1163) User=0.00s Sys=0.01s Real=0.01s
[478.752s][info][gc,start       ] GC(1164) Pause Young (Allocation Failure)
[478.754s][info][gc,heap        ] GC(1164) PSYoungGen: 281152K(281600K)->64K(281088K) Eden: 281088K(281088K)->0K(269824K) From: 64K(512K)->64K(11264K)
[478.754s][info][gc,heap        ] GC(1164) ParOldGen: 385080K(385536K)->385088K(385536K)
[478.754s][info][gc,metaspace   ] GC(1164) Metaspace: 35402K(36160K)->35402K(36160K) NonClass: 26193K(26752K)->26193K(26752K) Class: 9209K(9408K)->9209K(9408K)
[478.754s][info][gc             ] GC(1164) Pause Young (Allocation Failure) 650M->376M(651M) 1.372ms
[478.754s][info][gc,cpu         ] GC(1164) User=0.00s Sys=0.00s Real=0.01s
[479.918s][info][gc,start       ] GC(1165) Pause Young (Allocation Failure)
[479.920s][info][gc,heap        ] GC(1165) PSYoungGen: 269888K(281088K)->64K(259584K) Eden: 269824K(269824K)->0K(259072K) From: 64K(11264K)->64K(512K)
[479.920s][info][gc,heap        ] GC(1165) ParOldGen: 385088K(385536K)->385096K(385536K)
[479.920s][info][gc,metaspace   ] GC(1165) Metaspace: 35402K(36160K)->35402K(36160K) NonClass: 26193K(26752K)->26193K(26752K) Class: 9209K(9408K)->9209K(9408K)
[479.920s][info][gc             ] GC(1165) Pause Young (Allocation Failure) 639M->376M(630M) 2.050ms
[479.920s][info][gc,cpu         ] GC(1165) User=0.00s Sys=0.00s Real=0.00s
[480.187s][info][gc,start       ] GC(1166) Pause Young (Allocation Failure)
[480.189s][info][gc,heap        ] GC(1166) PSYoungGen: 259136K(259584K)->64K(259072K) Eden: 259072K(259072K)->0K(248832K) From: 64K(512K)->64K(10240K)
[480.189s][info][gc,heap        ] GC(1166) ParOldGen: 385096K(385536K)->385104K(385536K)
[480.189s][info][gc,metaspace   ] GC(1166) Metaspace: 35402K(36160K)->35402K(36160K) NonClass: 26193K(26752K)->26193K(26752K) Class: 9209K(9408K)->9209K(9408K)
[480.189s][info][gc             ] GC(1166) Pause Young (Allocation Failure) 629M->376M(629M) 1.457ms
[480.189s][info][gc,cpu         ] GC(1166) User=0.00s Sys=0.00s Real=0.00s
[480.600s][info][gc,start       ] GC(1167) Pause Young (Allocation Failure)
[480.604s][info][gc,heap        ] GC(1167) PSYoungGen: 248896K(259072K)->64K(239616K) Eden: 248832K(248832K)->0K(239104K) From: 64K(10240K)->64K(512K)
[480.604s][info][gc,heap        ] GC(1167) ParOldGen: 385104K(385536K)->385120K(385536K)
[480.604s][info][gc,metaspace   ] GC(1167) Metaspace: 35402K(36160K)->35402K(36160K) NonClass: 26193K(26752K)->26193K(26752K) Class: 9209K(9408K)->9209K(9408K)
[480.604s][info][gc             ] GC(1167) Pause Young (Allocation Failure) 619M->376M(610M) 3.581ms
[480.604s][info][gc,cpu         ] GC(1167) User=0.00s Sys=0.00s Real=0.01s
[480.684s][info][gc,start       ] GC(1168) Pause Young (Allocation Failure)
[480.686s][info][gc,heap        ] GC(1168) PSYoungGen: 239168K(239616K)->64K(280064K) Eden: 239104K(239104K)->0K(271360K) From: 64K(512K)->64K(8704K)
[480.686s][info][gc,heap        ] GC(1168) ParOldGen: 385120K(385536K)->385136K(385536K)
[480.686s][info][gc,metaspace   ] GC(1168) Metaspace: 35402K(36160K)->35402K(36160K) NonClass: 26193K(26752K)->26193K(26752K) Class: 9209K(9408K)->9209K(9408K)
[480.686s][info][gc             ] GC(1168) Pause Young (Allocation Failure) 609M->376M(650M) 2.597ms
[480.686s][info][gc,cpu         ] GC(1168) User=0.01s Sys=0.00s Real=0.00s
[481.365s][info][gc,start       ] GC(1169) Pause Young (Allocation Failure)
[481.368s][info][gc,heap        ] GC(1169) PSYoungGen: 271424K(280064K)->64K(291840K) Eden: 271360K(271360K)->0K(283648K) From: 64K(8704K)->64K(8192K)
[481.368s][info][gc,heap        ] GC(1169) ParOldGen: 385136K(385536K)->385152K(385536K)
[481.368s][info][gc,metaspace   ] GC(1169) Metaspace: 35402K(36160K)->35402K(36160K) NonClass: 26193K(26752K)->26193K(26752K) Class: 9209K(9408K)->9209K(9408K)
[481.368s][info][gc             ] GC(1169) Pause Young (Allocation Failure) 641M->376M(661M) 2.764ms
[481.368s][info][gc,cpu         ] GC(1169) User=0.00s Sys=0.00s Real=0.00s
[481.689s][info][gc,start       ] GC(1170) Pause Young (Allocation Failure)
[481.692s][info][gc,heap        ] GC(1170) PSYoungGen: 283712K(291840K)->64K(272896K) Eden: 283648K(283648K)->0K(272384K) From: 64K(8192K)->64K(512K)
[481.692s][info][gc,heap        ] GC(1170) ParOldGen: 385152K(385536K)->385168K(385536K)
[481.692s][info][gc,metaspace   ] GC(1170) Metaspace: 35402K(36160K)->35402K(36160K) NonClass: 26193K(26752K)->26193K(26752K) Class: 9209K(9408K)->9209K(9408K)
[481.692s][info][gc             ] GC(1170) Pause Young (Allocation Failure) 653M->376M(643M) 2.734ms
[481.692s][info][gc,cpu         ] GC(1170) User=0.00s Sys=0.00s Real=0.00s
[482.129s][info][gc,start       ] GC(1171) Pause Young (Allocation Failure)
[482.189s][info][gc,heap        ] GC(1171) PSYoungGen: 272448K(272896K)->7168K(275968K) Eden: 272384K(272384K)->0K(268800K) From: 64K(512K)->7168K(7168K)
[482.190s][info][gc,heap        ] GC(1171) ParOldGen: 385168K(385536K)->404432K(404480K)
[482.190s][info][gc,metaspace   ] GC(1171) Metaspace: 35402K(36160K)->35402K(36160K) NonClass: 26193K(26752K)->26193K(26752K) Class: 9209K(9408K)->9209K(9408K)
[482.190s][info][gc             ] GC(1171) Pause Young (Allocation Failure) 642M->401M(664M) 60.523ms
[482.190s][info][gc,cpu         ] GC(1171) User=0.10s Sys=0.01s Real=0.06s
[482.573s][info][gc,start       ] GC(1172) Pause Young (Allocation Failure)
[482.640s][info][gc,heap        ] GC(1172) PSYoungGen: 275968K(275968K)->15872K(284672K) Eden: 268800K(268800K)->0K(268800K) From: 7168K(7168K)->15872K(15872K)
[482.640s][info][gc,heap        ] GC(1172) ParOldGen: 404432K(404480K)->419576K(419840K)
[482.640s][info][gc,metaspace   ] GC(1172) Metaspace: 35402K(36160K)->35402K(36160K) NonClass: 26193K(26752K)->26193K(26752K) Class: 9209K(9408K)->9209K(9408K)
[482.640s][info][gc             ] GC(1172) Pause Young (Allocation Failure) 664M->425M(688M) 66.768ms
[482.640s][info][gc,cpu         ] GC(1172) User=0.12s Sys=0.01s Real=0.07s
[482.774s][info][gc,start       ] GC(1173) Pause Young (Allocation Failure)
[482.792s][info][gc,heap        ] GC(1173) PSYoungGen: 284672K(284672K)->5728K(310784K) Eden: 268800K(268800K)->0K(285696K) From: 15872K(15872K)->5728K(25088K)
[482.792s][info][gc,heap        ] GC(1173) ParOldGen: 419576K(419840K)->419976K(420352K)
[482.792s][info][gc,metaspace   ] GC(1173) Metaspace: 35402K(36160K)->35402K(36160K) NonClass: 26193K(26752K)->26193K(26752K) Class: 9209K(9408K)->9209K(9408K)
[482.792s][info][gc             ] GC(1173) Pause Young (Allocation Failure) 687M->415M(714M) 17.680ms
[482.792s][info][gc,cpu         ] GC(1173) User=0.03s Sys=0.01s Real=0.01s
[483.371s][info][gc,start       ] GC(1174) Pause Young (Allocation Failure)
[483.373s][info][gc,heap        ] GC(1174) PSYoungGen: 291424K(310784K)->64K(286208K) Eden: 285696K(285696K)->0K(285696K) From: 5728K(25088K)->64K(512K)
[483.373s][info][gc,heap        ] GC(1174) ParOldGen: 419976K(420352K)->419984K(420352K)
[483.373s][info][gc,metaspace   ] GC(1174) Metaspace: 35402K(36160K)->35402K(36160K) NonClass: 26193K(26752K)->26193K(26752K) Class: 9209K(9408K)->9209K(9408K)
[483.373s][info][gc             ] GC(1174) Pause Young (Allocation Failure) 694M->410M(690M) 1.615ms
[483.373s][info][gc,cpu         ] GC(1174) User=0.00s Sys=0.00s Real=0.00s
[483.926s][info][gc,start       ] GC(1175) Pause Young (Allocation Failure)
[483.928s][info][gc,heap        ] GC(1175) PSYoungGen: 285760K(286208K)->64K(309248K) Eden: 285696K(285696K)->0K(286720K) From: 64K(512K)->64K(22528K)
[483.928s][info][gc,heap        ] GC(1175) ParOldGen: 419984K(420352K)->419992K(420352K)
[483.928s][info][gc,metaspace   ] GC(1175) Metaspace: 35402K(36160K)->35402K(36160K) NonClass: 26193K(26752K)->26193K(26752K) Class: 9209K(9408K)->9209K(9408K)
[483.928s][info][gc             ] GC(1175) Pause Young (Allocation Failure) 689M->410M(712M) 1.565ms
[483.928s][info][gc,cpu         ] GC(1175) User=0.00s Sys=0.00s Real=0.00s
[484.427s][info][gc,start       ] GC(1176) Pause Young (Allocation Failure)
[484.429s][info][gc,heap        ] GC(1176) PSYoungGen: 286784K(309248K)->64K(308224K) Eden: 286720K(286720K)->0K(286720K) From: 64K(22528K)->64K(21504K)
[484.429s][info][gc,heap        ] GC(1176) ParOldGen: 419992K(420352K)->420008K(420352K)
[484.429s][info][gc,metaspace   ] GC(1176) Metaspace: 35402K(36160K)->35402K(36160K) NonClass: 26193K(26752K)->26193K(26752K) Class: 9209K(9408K)->9209K(9408K)
[484.429s][info][gc             ] GC(1176) Pause Young (Allocation Failure) 690M->410M(711M) 1.626ms
[484.429s][info][gc,cpu         ] GC(1176) User=0.00s Sys=0.00s Real=0.00s
[484.701s][info][gc,start       ] GC(1177) Pause Young (Allocation Failure)
[484.703s][info][gc,heap        ] GC(1177) PSYoungGen: 286784K(308224K)->64K(311296K) Eden: 286720K(286720K)->0K(290816K) From: 64K(21504K)->64K(20480K)
[484.703s][info][gc,heap        ] GC(1177) ParOldGen: 420008K(420352K)->420024K(420352K)
[484.703s][info][gc,metaspace   ] GC(1177) Metaspace: 35402K(36160K)->35402K(36160K) NonClass: 26193K(26752K)->26193K(26752K) Class: 9209K(9408K)->9209K(9408K)
[484.703s][info][gc             ] GC(1177) Pause Young (Allocation Failure) 690M->410M(714M) 1.555ms
[484.703s][info][gc,cpu         ] GC(1177) User=0.00s Sys=0.00s Real=0.00s
[485.101s][info][gc,start       ] GC(1178) Pause Young (Allocation Failure)
[485.103s][info][gc,heap        ] GC(1178) PSYoungGen: 290880K(311296K)->64K(310784K) Eden: 290816K(290816K)->0K(290816K) From: 64K(20480K)->64K(19968K)
[485.103s][info][gc,heap        ] GC(1178) ParOldGen: 420024K(420352K)->420024K(420352K)
[485.103s][info][gc,metaspace   ] GC(1178) Metaspace: 35402K(36160K)->35402K(36160K) NonClass: 26193K(26752K)->26193K(26752K) Class: 9209K(9408K)->9209K(9408K)
[485.103s][info][gc             ] GC(1178) Pause Young (Allocation Failure) 694M->410M(714M) 1.503ms
[485.103s][info][gc,cpu         ] GC(1178) User=0.00s Sys=0.00s Real=0.00s
[485.260s][info][gc,start       ] GC(1179) Pause Young (Allocation Failure)
[485.261s][info][gc,heap        ] GC(1179) PSYoungGen: 290880K(310784K)->64K(312832K) Eden: 290816K(290816K)->0K(294400K) From: 64K(19968K)->64K(18432K)
[485.261s][info][gc,heap        ] GC(1179) ParOldGen: 420024K(420352K)->420032K(420352K)
[485.261s][info][gc,metaspace   ] GC(1179) Metaspace: 35402K(36160K)->35402K(36160K) NonClass: 26193K(26752K)->26193K(26752K) Class: 9209K(9408K)->9209K(9408K)
[485.261s][info][gc             ] GC(1179) Pause Young (Allocation Failure) 694M->410M(716M) 1.605ms
[485.261s][info][gc,cpu         ] GC(1179) User=0.00s Sys=0.00s Real=0.00s
[485.316s][info][gc,start       ] GC(1180) Pause Young (Allocation Failure)
[485.318s][info][gc,heap        ] GC(1180) PSYoungGen: 294464K(312832K)->64K(312320K) Eden: 294400K(294400K)->0K(294400K) From: 64K(18432K)->64K(17920K)
[485.318s][info][gc,heap        ] GC(1180) ParOldGen: 420032K(420352K)->420048K(420352K)
[485.318s][info][gc,metaspace   ] GC(1180) Metaspace: 35402K(36160K)->35402K(36160K) NonClass: 26193K(26752K)->26193K(26752K) Class: 9209K(9408K)->9209K(9408K)
[485.318s][info][gc             ] GC(1180) Pause Young (Allocation Failure) 697M->410M(715M) 1.426ms
[485.318s][info][gc,cpu         ] GC(1180) User=0.01s Sys=0.00s Real=0.00s
[485.493s][info][gc,start       ] GC(1181) Pause Young (Allocation Failure)
[485.494s][info][gc,heap        ] GC(1181) PSYoungGen: 294464K(312320K)->64K(314880K) Eden: 294400K(294400K)->0K(298496K) From: 64K(17920K)->64K(16384K)
[485.494s][info][gc,heap        ] GC(1181) ParOldGen: 420048K(420352K)->420048K(420352K)
[485.494s][info][gc,metaspace   ] GC(1181) Metaspace: 35402K(36160K)->35402K(36160K) NonClass: 26193K(26752K)->26193K(26752K) Class: 9209K(9408K)->9209K(9408K)
[485.494s][info][gc             ] GC(1181) Pause Young (Allocation Failure) 697M->410M(718M) 1.522ms
[485.495s][info][gc,cpu         ] GC(1181) User=0.00s Sys=0.00s Real=0.01s
[485.838s][info][gc,start       ] GC(1182) Pause Young (Allocation Failure)
[485.840s][info][gc,heap        ] GC(1182) PSYoungGen: 298560K(314880K)->64K(314880K) Eden: 298496K(298496K)->0K(298496K) From: 64K(16384K)->64K(16384K)
[485.840s][info][gc,heap        ] GC(1182) ParOldGen: 420048K(420352K)->420056K(420352K)
[485.840s][info][gc,metaspace   ] GC(1182) Metaspace: 35402K(36160K)->35402K(36160K) NonClass: 26193K(26752K)->26193K(26752K) Class: 9209K(9408K)->9209K(9408K)
[485.840s][info][gc             ] GC(1182) Pause Young (Allocation Failure) 701M->410M(718M) 1.507ms
[485.840s][info][gc,cpu         ] GC(1182) User=0.00s Sys=0.00s Real=0.00s
[486.017s][info][gc,start       ] GC(1183) Pause Young (Allocation Failure)
[486.019s][info][gc,heap        ] GC(1183) PSYoungGen: 298560K(314880K)->64K(316416K) Eden: 298496K(298496K)->0K(302080K) From: 64K(16384K)->64K(14336K)
[486.019s][info][gc,heap        ] GC(1183) ParOldGen: 420056K(420352K)->420064K(420352K)
[486.019s][info][gc,metaspace   ] GC(1183) Metaspace: 35402K(36160K)->35402K(36160K) NonClass: 26193K(26752K)->26193K(26752K) Class: 9209K(9408K)->9209K(9408K)
[486.019s][info][gc             ] GC(1183) Pause Young (Allocation Failure) 701M->410M(719M) 1.637ms
[486.019s][info][gc,cpu         ] GC(1183) User=0.00s Sys=0.00s Real=0.00s
[486.119s][info][gc,start       ] GC(1184) Pause Young (Allocation Failure)
[486.121s][info][gc,heap        ] GC(1184) PSYoungGen: 302144K(316416K)->64K(316416K) Eden: 302080K(302080K)->0K(302080K) From: 64K(14336K)->64K(14336K)
[486.121s][info][gc,heap        ] GC(1184) ParOldGen: 420064K(420352K)->420072K(420352K)
[486.121s][info][gc,metaspace   ] GC(1184) Metaspace: 35402K(36160K)->35402K(36160K) NonClass: 26193K(26752K)->26193K(26752K) Class: 9209K(9408K)->9209K(9408K)
[486.121s][info][gc             ] GC(1184) Pause Young (Allocation Failure) 705M->410M(719M) 1.523ms
[486.121s][info][gc,cpu         ] GC(1184) User=0.00s Sys=0.00s Real=0.00s
[486.333s][info][gc,start       ] GC(1185) Pause Young (Allocation Failure)
[486.335s][info][gc,heap        ] GC(1185) PSYoungGen: 302144K(316416K)->64K(317952K) Eden: 302080K(302080K)->0K(305664K) From: 64K(14336K)->64K(12288K)
[486.335s][info][gc,heap        ] GC(1185) ParOldGen: 420072K(420352K)->420080K(420352K)
[486.335s][info][gc,metaspace   ] GC(1185) Metaspace: 35402K(36160K)->35402K(36160K) NonClass: 26193K(26752K)->26193K(26752K) Class: 9209K(9408K)->9209K(9408K)
[486.335s][info][gc             ] GC(1185) Pause Young (Allocation Failure) 705M->410M(721M) 1.641ms
[486.335s][info][gc,cpu         ] GC(1185) User=0.01s Sys=0.00s Real=0.00s
[487.350s][info][gc,start       ] GC(1186) Pause Young (Allocation Failure)
[487.351s][info][gc,heap        ] GC(1186) PSYoungGen: 305728K(317952K)->64K(293888K) Eden: 305664K(305664K)->0K(293376K) From: 64K(12288K)->64K(512K)
[487.351s][info][gc,heap        ] GC(1186) ParOldGen: 420080K(420352K)->420088K(420352K)
[487.351s][info][gc,metaspace   ] GC(1186) Metaspace: 35402K(36160K)->35402K(36160K) NonClass: 26193K(26752K)->26193K(26752K) Class: 9209K(9408K)->9209K(9408K)
[487.352s][info][gc             ] GC(1186) Pause Young (Allocation Failure) 708M->410M(697M) 1.651ms
[487.352s][info][gc,cpu         ] GC(1186) User=0.01s Sys=0.00s Real=0.00s
[488.592s][info][gc,start       ] GC(1187) Pause Young (Allocation Failure)
[488.594s][info][gc,heap        ] GC(1187) PSYoungGen: 293440K(293888K)->64K(282112K) Eden: 293376K(293376K)->0K(281600K) From: 64K(512K)->64K(512K)
[488.594s][info][gc,heap        ] GC(1187) ParOldGen: 420088K(420352K)->420096K(420352K)
[488.594s][info][gc,metaspace   ] GC(1187) Metaspace: 35402K(36160K)->35402K(36160K) NonClass: 26193K(26752K)->26193K(26752K) Class: 9209K(9408K)->9209K(9408K)
[488.594s][info][gc             ] GC(1187) Pause Young (Allocation Failure) 696M->410M(686M) 2.014ms
[488.594s][info][gc,cpu         ] GC(1187) User=0.00s Sys=0.01s Real=0.01s
[489.293s][info][gc,start       ] GC(1188) Pause Young (Allocation Failure)
[489.295s][info][gc,heap        ] GC(1188) PSYoungGen: 281664K(282112K)->64K(281600K) Eden: 281600K(281600K)->0K(270336K) From: 64K(512K)->64K(11264K)
[489.295s][info][gc,heap        ] GC(1188) ParOldGen: 420096K(420352K)->420112K(420352K)
[489.295s][info][gc,metaspace   ] GC(1188) Metaspace: 35402K(36160K)->35402K(36160K) NonClass: 26193K(26752K)->26193K(26752K) Class: 9209K(9408K)->9209K(9408K)
[489.295s][info][gc             ] GC(1188) Pause Young (Allocation Failure) 685M->410M(685M) 1.685ms
[489.295s][info][gc,cpu         ] GC(1188) User=0.00s Sys=0.00s Real=0.00s
[490.774s][info][gc,start       ] GC(1189) Pause Young (Allocation Failure)
[490.776s][info][gc,heap        ] GC(1189) PSYoungGen: 270400K(281600K)->64K(260096K) Eden: 270336K(270336K)->0K(259584K) From: 64K(11264K)->64K(512K)
[490.776s][info][gc,heap        ] GC(1189) ParOldGen: 420112K(420352K)->420120K(420352K)
[490.776s][info][gc,metaspace   ] GC(1189) Metaspace: 35402K(36160K)->35402K(36160K) NonClass: 26193K(26752K)->26193K(26752K) Class: 9209K(9408K)->9209K(9408K)
[490.776s][info][gc             ] GC(1189) Pause Young (Allocation Failure) 674M->410M(664M) 2.313ms
[490.776s][info][gc,cpu         ] GC(1189) User=0.00s Sys=0.00s Real=0.00s
[491.214s][info][gc,start       ] GC(1190) Pause Young (Allocation Failure)
[491.216s][info][gc,heap        ] GC(1190) PSYoungGen: 259648K(260096K)->64K(259072K) Eden: 259584K(259584K)->0K(249344K) From: 64K(512K)->64K(9728K)
[491.216s][info][gc,heap        ] GC(1190) ParOldGen: 420120K(420352K)->420128K(420352K)
[491.216s][info][gc,metaspace   ] GC(1190) Metaspace: 35402K(36160K)->35402K(36160K) NonClass: 26193K(26752K)->26193K(26752K) Class: 9209K(9408K)->9209K(9408K)
[491.216s][info][gc             ] GC(1190) Pause Young (Allocation Failure) 663M->410M(663M) 1.556ms
[491.216s][info][gc,cpu         ] GC(1190) User=0.00s Sys=0.00s Real=0.00s
[491.410s][info][gc,start       ] GC(1191) Pause Young (Allocation Failure)
[491.412s][info][gc,heap        ] GC(1191) PSYoungGen: 249408K(259072K)->64K(240128K) Eden: 249344K(249344K)->0K(239616K) From: 64K(9728K)->64K(512K)
[491.412s][info][gc,heap        ] GC(1191) ParOldGen: 420128K(420352K)->420136K(420352K)
[491.412s][info][gc,metaspace   ] GC(1191) Metaspace: 35402K(36160K)->35402K(36160K) NonClass: 26193K(26752K)->26193K(26752K) Class: 9209K(9408K)->9209K(9408K)
[491.412s][info][gc             ] GC(1191) Pause Young (Allocation Failure) 653M->410M(645M) 2.196ms
[491.412s][info][gc,cpu         ] GC(1191) User=0.01s Sys=0.00s Real=0.00s
[491.535s][info][gc,start       ] GC(1192) Pause Young (Allocation Failure)
[491.537s][info][gc,heap        ] GC(1192) PSYoungGen: 239680K(240128K)->64K(239104K) Eden: 239616K(239616K)->0K(230400K) From: 64K(512K)->64K(8704K)
[491.537s][info][gc,heap        ] GC(1192) ParOldGen: 420136K(420352K)->420144K(420352K)
[491.537s][info][gc,metaspace   ] GC(1192) Metaspace: 35402K(36160K)->35402K(36160K) NonClass: 26193K(26752K)->26193K(26752K) Class: 9209K(9408K)->9209K(9408K)
[491.537s][info][gc             ] GC(1192) Pause Young (Allocation Failure) 644M->410M(644M) 1.848ms
[491.537s][info][gc,cpu         ] GC(1192) User=0.00s Sys=0.00s Real=0.00s
[492.182s][info][gc,start       ] GC(1193) Pause Young (Allocation Failure)
[492.184s][info][gc,heap        ] GC(1193) PSYoungGen: 230464K(239104K)->64K(222208K) Eden: 230400K(230400K)->0K(221696K) From: 64K(8704K)->64K(512K)
[492.185s][info][gc,heap        ] GC(1193) ParOldGen: 420144K(420352K)->420152K(420352K)
[492.185s][info][gc,metaspace   ] GC(1193) Metaspace: 35402K(36160K)->35402K(36160K) NonClass: 26193K(26752K)->26193K(26752K) Class: 9209K(9408K)->9209K(9408K)
[492.185s][info][gc             ] GC(1193) Pause Young (Allocation Failure) 635M->410M(627M) 2.910ms
[492.185s][info][gc,cpu         ] GC(1193) User=0.01s Sys=0.00s Real=0.01s
[492.408s][info][gc,start       ] GC(1194) Pause Young (Allocation Failure)
[492.410s][info][gc,heap        ] GC(1194) PSYoungGen: 221760K(222208K)->64K(221184K) Eden: 221696K(221696K)->0K(213504K) From: 64K(512K)->64K(7680K)
[492.410s][info][gc,heap        ] GC(1194) ParOldGen: 420152K(420352K)->420160K(420352K)
[492.410s][info][gc,metaspace   ] GC(1194) Metaspace: 35402K(36160K)->35402K(36160K) NonClass: 26193K(26752K)->26193K(26752K) Class: 9209K(9408K)->9209K(9408K)
[492.410s][info][gc             ] GC(1194) Pause Young (Allocation Failure) 626M->410M(626M) 1.873ms
[492.410s][info][gc,cpu         ] GC(1194) User=0.00s Sys=0.00s Real=0.00s
[492.775s][info][gc,start       ] GC(1195) Pause Young (Allocation Failure)
[492.814s][info][gc,heap        ] GC(1195) PSYoungGen: 213568K(221184K)->7168K(262144K) Eden: 213504K(213504K)->0K(254976K) From: 64K(7680K)->7168K(7168K)
[492.814s][info][gc,heap        ] GC(1195) ParOldGen: 420160K(420352K)->428440K(428544K)
[492.814s][info][gc,metaspace   ] GC(1195) Metaspace: 35402K(36160K)->35402K(36160K) NonClass: 26193K(26752K)->26193K(26752K) Class: 9209K(9408K)->9209K(9408K)
[492.814s][info][gc             ] GC(1195) Pause Young (Allocation Failure) 618M->425M(674M) 38.750ms
[492.814s][info][gc,cpu         ] GC(1195) User=0.06s Sys=0.00s Real=0.04s
[493.179s][info][gc,start       ] GC(1196) Pause Young (Allocation Failure)
[493.243s][info][gc,heap        ] GC(1196) PSYoungGen: 262144K(262144K)->11776K(269312K) Eden: 254976K(254976K)->0K(257536K) From: 7168K(7168K)->11776K(11776K)
[493.243s][info][gc,heap        ] GC(1196) ParOldGen: 428440K(428544K)->445824K(445952K)
[493.243s][info][gc,metaspace   ] GC(1196) Metaspace: 35402K(36160K)->35402K(36160K) NonClass: 26193K(26752K)->26193K(26752K) Class: 9209K(9408K)->9209K(9408K)
[493.243s][info][gc             ] GC(1196) Pause Young (Allocation Failure) 674M->446M(698M) 64.342ms
[493.243s][info][gc,cpu         ] GC(1196) User=0.11s Sys=0.02s Real=0.06s
[493.497s][info][gc,start       ] GC(1197) Pause Young (Allocation Failure)
[493.545s][info][gc,heap        ] GC(1197) PSYoungGen: 269312K(269312K)->18272K(306688K) Eden: 257536K(257536K)->0K(285696K) From: 11776K(11776K)->18272K(20992K)
[493.545s][info][gc,heap        ] GC(1197) ParOldGen: 445824K(445952K)->446288K(446464K)
[493.545s][info][gc,metaspace   ] GC(1197) Metaspace: 35402K(36160K)->35402K(36160K) NonClass: 26193K(26752K)->26193K(26752K) Class: 9209K(9408K)->9209K(9408K)
[493.545s][info][gc             ] GC(1197) Pause Young (Allocation Failure) 698M->453M(735M) 47.786ms
[493.545s][info][gc,cpu         ] GC(1197) User=0.08s Sys=0.01s Real=0.05s
[493.831s][info][gc,start       ] GC(1198) Pause Young (Allocation Failure)
[493.833s][info][gc,heap        ] GC(1198) PSYoungGen: 303968K(306688K)->64K(309760K) Eden: 285696K(285696K)->0K(285696K) From: 18272K(20992K)->64K(24064K)
[493.833s][info][gc,heap        ] GC(1198) ParOldGen: 446288K(446464K)->446296K(446464K)
[493.833s][info][gc,metaspace   ] GC(1198) Metaspace: 35402K(36160K)->35402K(36160K) NonClass: 26193K(26752K)->26193K(26752K) Class: 9209K(9408K)->9209K(9408K)
[493.833s][info][gc             ] GC(1198) Pause Young (Allocation Failure) 732M->435M(738M) 1.658ms
[493.833s][info][gc,cpu         ] GC(1198) User=0.01s Sys=0.00s Real=0.01s
[494.571s][info][gc,start       ] GC(1199) Pause Young (Allocation Failure)
[494.573s][info][gc,heap        ] GC(1199) PSYoungGen: 285760K(309760K)->64K(307200K) Eden: 285696K(285696K)->0K(286208K) From: 64K(24064K)->64K(20992K)
[494.573s][info][gc,heap        ] GC(1199) ParOldGen: 446296K(446464K)->446304K(446464K)
[494.573s][info][gc,metaspace   ] GC(1199) Metaspace: 35402K(36160K)->35402K(36160K) NonClass: 26193K(26752K)->26193K(26752K) Class: 9209K(9408K)->9209K(9408K)
[494.573s][info][gc             ] GC(1199) Pause Young (Allocation Failure) 714M->435M(736M) 1.652ms
[494.573s][info][gc,cpu         ] GC(1199) User=0.00s Sys=0.00s Real=0.00s
[495.103s][info][gc,start       ] GC(1200) Pause Young (Allocation Failure)
[495.105s][info][gc,heap        ] GC(1200) PSYoungGen: 286272K(307200K)->64K(308736K) Eden: 286208K(286208K)->0K(286208K) From: 64K(20992K)->64K(22528K)
[495.105s][info][gc,heap        ] GC(1200) ParOldGen: 446304K(446464K)->446320K(446464K)
[495.105s][info][gc,metaspace   ] GC(1200) Metaspace: 35402K(36160K)->35402K(36160K) NonClass: 26193K(26752K)->26193K(26752K) Class: 9209K(9408K)->9209K(9408K)
[495.105s][info][gc             ] GC(1200) Pause Young (Allocation Failure) 715M->435M(737M) 1.794ms
[495.105s][info][gc,cpu         ] GC(1200) User=0.01s Sys=0.00s Real=0.00s
[495.372s][info][gc,start       ] GC(1201) Pause Young (Allocation Failure)
[495.374s][info][gc,heap        ] GC(1201) PSYoungGen: 286272K(308736K)->64K(308736K) Eden: 286208K(286208K)->0K(289280K) From: 64K(22528K)->64K(19456K)
[495.374s][info][gc,heap        ] GC(1201) ParOldGen: 446320K(446464K)->446336K(446464K)
[495.374s][info][gc,metaspace   ] GC(1201) Metaspace: 35402K(36160K)->35402K(36160K) NonClass: 26193K(26752K)->26193K(26752K) Class: 9209K(9408K)->9209K(9408K)
[495.374s][info][gc             ] GC(1201) Pause Young (Allocation Failure) 715M->435M(737M) 1.916ms
[495.374s][info][gc,cpu         ] GC(1201) User=0.00s Sys=0.00s Real=0.01s
[495.649s][info][gc,start       ] GC(1202) Pause Young (Allocation Failure)
[495.651s][info][gc,heap        ] GC(1202) PSYoungGen: 289344K(308736K)->64K(310272K) Eden: 289280K(289280K)->0K(289280K) From: 64K(19456K)->64K(20992K)
[495.651s][info][gc,heap        ] GC(1202) ParOldGen: 446336K(446464K)->446336K(446464K)
[495.651s][info][gc,metaspace   ] GC(1202) Metaspace: 35402K(36160K)->35402K(36160K) NonClass: 26193K(26752K)->26193K(26752K) Class: 9209K(9408K)->9209K(9408K)
[495.651s][info][gc             ] GC(1202) Pause Young (Allocation Failure) 718M->435M(739M) 1.703ms
[495.651s][info][gc,cpu         ] GC(1202) User=0.00s Sys=0.00s Real=0.00s
[496.031s][info][gc,start       ] GC(1203) Pause Young (Allocation Failure)
[496.032s][info][gc,heap        ] GC(1203) PSYoungGen: 289344K(310272K)->64K(310272K) Eden: 289280K(289280K)->0K(292864K) From: 64K(20992K)->64K(17408K)
[496.032s][info][gc,heap        ] GC(1203) ParOldGen: 446336K(446464K)->446336K(446464K)
[496.032s][info][gc,metaspace   ] GC(1203) Metaspace: 35402K(36160K)->35402K(36160K) NonClass: 26193K(26752K)->26193K(26752K) Class: 9209K(9408K)->9209K(9408K)
[496.032s][info][gc             ] GC(1203) Pause Young (Allocation Failure) 718M->435M(739M) 1.750ms
[496.032s][info][gc,cpu         ] GC(1203) User=0.00s Sys=0.00s Real=0.00s
[496.087s][info][gc,start       ] GC(1204) Pause Young (Allocation Failure)
[496.089s][info][gc,heap        ] GC(1204) PSYoungGen: 292928K(310272K)->64K(311808K) Eden: 292864K(292864K)->0K(292864K) From: 64K(17408K)->64K(18944K)
[496.089s][info][gc,heap        ] GC(1204) ParOldGen: 446336K(446464K)->446352K(446464K)
[496.089s][info][gc,metaspace   ] GC(1204) Metaspace: 35402K(36160K)->35402K(36160K) NonClass: 26193K(26752K)->26193K(26752K) Class: 9209K(9408K)->9209K(9408K)
[496.089s][info][gc             ] GC(1204) Pause Young (Allocation Failure) 721M->435M(740M) 1.635ms
[496.089s][info][gc,cpu         ] GC(1204) User=0.01s Sys=0.00s Real=0.00s
[496.142s][info][gc,start       ] GC(1205) Pause Young (Allocation Failure)
[496.143s][info][gc,heap        ] GC(1205) PSYoungGen: 292928K(311808K)->64K(312320K) Eden: 292864K(292864K)->0K(296960K) From: 64K(18944K)->64K(15360K)
[496.143s][info][gc,heap        ] GC(1205) ParOldGen: 446352K(446464K)->446352K(446464K)
[496.143s][info][gc,metaspace   ] GC(1205) Metaspace: 35402K(36160K)->35402K(36160K) NonClass: 26193K(26752K)->26193K(26752K) Class: 9209K(9408K)->9209K(9408K)
[496.143s][info][gc             ] GC(1205) Pause Young (Allocation Failure) 721M->435M(741M) 1.603ms
[496.143s][info][gc,cpu         ] GC(1205) User=0.00s Sys=0.00s Real=0.01s
[496.499s][info][gc,start       ] GC(1206) Pause Young (Allocation Failure)
[496.501s][info][gc,heap        ] GC(1206) PSYoungGen: 297024K(312320K)->64K(313856K) Eden: 296960K(296960K)->0K(296960K) From: 64K(15360K)->64K(16896K)
[496.501s][info][gc,heap        ] GC(1206) ParOldGen: 446352K(446464K)->446352K(446464K)
[496.501s][info][gc,metaspace   ] GC(1206) Metaspace: 35402K(36160K)->35402K(36160K) NonClass: 26193K(26752K)->26193K(26752K) Class: 9209K(9408K)->9209K(9408K)
[496.501s][info][gc             ] GC(1206) Pause Young (Allocation Failure) 725M->435M(742M) 1.784ms
[496.501s][info][gc,cpu         ] GC(1206) User=0.01s Sys=0.00s Real=0.00s
[496.786s][info][gc,start       ] GC(1207) Pause Young (Allocation Failure)
[496.788s][info][gc,heap        ] GC(1207) PSYoungGen: 297024K(313856K)->64K(314368K) Eden: 296960K(296960K)->0K(301056K) From: 64K(16896K)->64K(13312K)
[496.788s][info][gc,heap        ] GC(1207) ParOldGen: 446352K(446464K)->446368K(446464K)
[496.788s][info][gc,metaspace   ] GC(1207) Metaspace: 35402K(36160K)->35402K(36160K) NonClass: 26193K(26752K)->26193K(26752K) Class: 9209K(9408K)->9209K(9408K)
[496.788s][info][gc             ] GC(1207) Pause Young (Allocation Failure) 725M->435M(743M) 1.826ms
[496.788s][info][gc,cpu         ] GC(1207) User=0.00s Sys=0.00s Real=0.00s
[496.920s][info][gc,start       ] GC(1208) Pause Young (Allocation Failure)
[496.921s][info][gc,heap        ] GC(1208) PSYoungGen: 301120K(314368K)->64K(315904K) Eden: 301056K(301056K)->0K(301056K) From: 64K(13312K)->64K(14848K)
[496.921s][info][gc,heap        ] GC(1208) ParOldGen: 446368K(446464K)->446376K(446464K)
[496.922s][info][gc,metaspace   ] GC(1208) Metaspace: 35402K(36160K)->35402K(36160K) NonClass: 26193K(26752K)->26193K(26752K) Class: 9209K(9408K)->9209K(9408K)
[496.922s][info][gc             ] GC(1208) Pause Young (Allocation Failure) 729M->435M(744M) 1.773ms
[496.922s][info][gc,cpu         ] GC(1208) User=0.01s Sys=0.00s Real=0.00s
[497.133s][info][gc,start       ] GC(1209) Pause Young (Allocation Failure)
[497.134s][info][gc,heap        ] GC(1209) PSYoungGen: 301120K(315904K)->64K(316416K) Eden: 301056K(301056K)->0K(304640K) From: 64K(14848K)->64K(11776K)
[497.134s][info][gc,heap        ] GC(1209) ParOldGen: 446376K(446464K)->446384K(446464K)
[497.134s][info][gc,metaspace   ] GC(1209) Metaspace: 35402K(36160K)->35402K(36160K) NonClass: 26193K(26752K)->26193K(26752K) Class: 9209K(9408K)->9209K(9408K)
[497.134s][info][gc             ] GC(1209) Pause Young (Allocation Failure) 729M->435M(745M) 1.637ms
[497.134s][info][gc,cpu         ] GC(1209) User=0.01s Sys=0.00s Real=0.01s
[497.751s][info][gc,start       ] GC(1210) Pause Young (Allocation Failure)
[497.753s][info][gc,heap        ] GC(1210) PSYoungGen: 304704K(316416K)->64K(317952K) Eden: 304640K(304640K)->0K(304640K) From: 64K(11776K)->64K(13312K)
[497.753s][info][gc,heap        ] GC(1210) ParOldGen: 446384K(446464K)->446392K(446464K)
[497.753s][info][gc,metaspace   ] GC(1210) Metaspace: 35402K(36160K)->35402K(36160K) NonClass: 26193K(26752K)->26193K(26752K) Class: 9209K(9408K)->9209K(9408K)
[497.753s][info][gc             ] GC(1210) Pause Young (Allocation Failure) 733M->435M(746M) 1.681ms
[497.753s][info][gc,cpu         ] GC(1210) User=0.00s Sys=0.00s Real=0.00s
[499.524s][info][gc,start       ] GC(1211) Pause Young (Allocation Failure)
[499.527s][info][gc,heap        ] GC(1211) PSYoungGen: 304704K(317952K)->64K(292864K) Eden: 304640K(304640K)->0K(292352K) From: 64K(13312K)->64K(512K)
[499.527s][info][gc,heap        ] GC(1211) ParOldGen: 446392K(446464K)->446400K(446464K)
[499.527s][info][gc,metaspace   ] GC(1211) Metaspace: 35402K(36160K)->35402K(36160K) NonClass: 26193K(26752K)->26193K(26752K) Class: 9209K(9408K)->9209K(9408K)
[499.527s][info][gc             ] GC(1211) Pause Young (Allocation Failure) 733M->436M(722M) 2.316ms
[499.527s][info][gc,cpu         ] GC(1211) User=0.00s Sys=0.00s Real=0.00s
[499.914s][info][gc,start       ] GC(1212) Pause Young (Allocation Failure)
[499.916s][info][gc,heap        ] GC(1212) PSYoungGen: 292416K(292864K)->64K(292352K) Eden: 292352K(292352K)->0K(280576K) From: 64K(512K)->64K(11776K)
[499.916s][info][gc,heap        ] GC(1212) ParOldGen: 446400K(446464K)->446416K(446464K)
[499.916s][info][gc,metaspace   ] GC(1212) Metaspace: 35402K(36160K)->35402K(36160K) NonClass: 26193K(26752K)->26193K(26752K) Class: 9209K(9408K)->9209K(9408K)
[499.916s][info][gc             ] GC(1212) Pause Young (Allocation Failure) 721M->436M(721M) 1.775ms
[499.916s][info][gc,cpu         ] GC(1212) User=0.01s Sys=0.00s Real=0.00s
[500.617s][info][gc,start       ] GC(1213) Pause Young (Allocation Failure)
[500.620s][info][gc,heap        ] GC(1213) PSYoungGen: 280640K(292352K)->64K(269824K) Eden: 280576K(280576K)->0K(269312K) From: 64K(11776K)->64K(512K)
[500.620s][info][gc,heap        ] GC(1213) ParOldGen: 446416K(446464K)->446424K(446464K)
[500.620s][info][gc,metaspace   ] GC(1213) Metaspace: 35402K(36160K)->35402K(36160K) NonClass: 26193K(26752K)->26193K(26752K) Class: 9209K(9408K)->9209K(9408K)
[500.620s][info][gc             ] GC(1213) Pause Young (Allocation Failure) 710M->436M(699M) 2.808ms
[500.620s][info][gc,cpu         ] GC(1213) User=0.00s Sys=0.00s Real=0.00s
[501.867s][info][gc,start       ] GC(1214) Pause Young (Allocation Failure)
[501.869s][info][gc,heap        ] GC(1214) PSYoungGen: 269376K(269824K)->64K(268800K) Eden: 269312K(269312K)->0K(258560K) From: 64K(512K)->64K(10240K)
[501.869s][info][gc,heap        ] GC(1214) ParOldGen: 446424K(446464K)->446432K(446464K)
[501.869s][info][gc,metaspace   ] GC(1214) Metaspace: 35402K(36160K)->35402K(36160K) NonClass: 26193K(26752K)->26193K(26752K) Class: 9209K(9408K)->9209K(9408K)
[501.869s][info][gc             ] GC(1214) Pause Young (Allocation Failure) 699M->436M(698M) 2.224ms
[501.869s][info][gc,cpu         ] GC(1214) User=0.00s Sys=0.00s Real=0.00s
[502.294s][info][gc,start       ] GC(1215) Pause Young (Allocation Failure)
[502.297s][info][gc,heap        ] GC(1215) PSYoungGen: 258624K(268800K)->64K(248832K) Eden: 258560K(258560K)->0K(248320K) From: 64K(10240K)->64K(512K)
[502.297s][info][gc,heap        ] GC(1215) ParOldGen: 446432K(446464K)->446448K(446464K)
[502.297s][info][gc,metaspace   ] GC(1215) Metaspace: 35402K(36160K)->35402K(36160K) NonClass: 26193K(26752K)->26193K(26752K) Class: 9209K(9408K)->9209K(9408K)
[502.297s][info][gc             ] GC(1215) Pause Young (Allocation Failure) 688M->436M(679M) 3.319ms
[502.297s][info][gc,cpu         ] GC(1215) User=0.00s Sys=0.00s Real=0.00s
[502.374s][info][gc,start       ] GC(1216) Pause Young (Allocation Failure)
[502.377s][info][gc,heap        ] GC(1216) PSYoungGen: 248384K(248832K)->64K(293376K) Eden: 248320K(248320K)->0K(284672K) From: 64K(512K)->64K(8704K)
[502.377s][info][gc,heap        ] GC(1216) ParOldGen: 446448K(446464K)->446464K(446976K)
[502.377s][info][gc,metaspace   ] GC(1216) Metaspace: 35402K(36160K)->35402K(36160K) NonClass: 26193K(26752K)->26193K(26752K) Class: 9209K(9408K)->9209K(9408K)
[502.377s][info][gc             ] GC(1216) Pause Young (Allocation Failure) 678M->436M(723M) 2.912ms
[502.377s][info][gc,cpu         ] GC(1216) User=0.00s Sys=0.00s Real=0.00s
[503.076s][info][gc,start       ] GC(1217) Pause Young (Allocation Failure)
[503.079s][info][gc,heap        ] GC(1217) PSYoungGen: 284736K(293376K)->64K(303104K) Eden: 284672K(284672K)->0K(294912K) From: 64K(8704K)->64K(8192K)
[503.079s][info][gc,heap        ] GC(1217) ParOldGen: 446464K(446976K)->446480K(446976K)
[503.079s][info][gc,metaspace   ] GC(1217) Metaspace: 35402K(36160K)->35402K(36160K) NonClass: 26193K(26752K)->26193K(26752K) Class: 9209K(9408K)->9209K(9408K)
[503.079s][info][gc             ] GC(1217) Pause Young (Allocation Failure) 714M->436M(732M) 3.066ms
[503.079s][info][gc,cpu         ] GC(1217) User=0.00s Sys=0.00s Real=0.00s
[503.427s][info][gc,start       ] GC(1218) Pause Young (Allocation Failure)
[503.429s][info][gc,heap        ] GC(1218) PSYoungGen: 294976K(303104K)->64K(302592K) Eden: 294912K(294912K)->0K(294912K) From: 64K(8192K)->64K(7680K)
[503.429s][info][gc,heap        ] GC(1218) ParOldGen: 446480K(446976K)->446496K(446976K)
[503.429s][info][gc,metaspace   ] GC(1218) Metaspace: 35402K(36160K)->35402K(36160K) NonClass: 26193K(26752K)->26193K(26752K) Class: 9209K(9408K)->9209K(9408K)
[503.429s][info][gc             ] GC(1218) Pause Young (Allocation Failure) 724M->436M(732M) 2.498ms
[503.429s][info][gc,cpu         ] GC(1218) User=0.00s Sys=0.00s Real=0.00s
[503.881s][info][gc,start       ] GC(1219) Pause Young (Allocation Failure)
[503.970s][info][gc,heap        ] GC(1219) PSYoungGen: 294976K(302592K)->7168K(306176K) Eden: 294912K(294912K)->0K(299008K) From: 64K(7680K)->7168K(7168K)
[503.970s][info][gc,heap        ] GC(1219) ParOldGen: 446496K(446976K)->469952K(470016K)
[503.970s][info][gc,metaspace   ] GC(1219) Metaspace: 35402K(36160K)->35402K(36160K) NonClass: 26193K(26752K)->26193K(26752K) Class: 9209K(9408K)->9209K(9408K)
[503.970s][info][gc             ] GC(1219) Pause Young (Allocation Failure) 724M->465M(758M) 89.027ms
[503.970s][info][gc,cpu         ] GC(1219) User=0.12s Sys=0.03s Real=0.09s
[504.383s][info][gc,start       ] GC(1220) Pause Young (Allocation Failure)
[504.463s][info][gc,heap        ] GC(1220) PSYoungGen: 306176K(306176K)->17408K(316416K) Eden: 299008K(299008K)->0K(299008K) From: 7168K(7168K)->17408K(17408K)
[504.463s][info][gc,heap        ] GC(1220) ParOldGen: 469952K(470016K)->485200K(485376K)
[504.463s][info][gc,metaspace   ] GC(1220) Metaspace: 35402K(36160K)->35402K(36160K) NonClass: 26193K(26752K)->26193K(26752K) Class: 9209K(9408K)->9209K(9408K)
[504.463s][info][gc             ] GC(1220) Pause Young (Allocation Failure) 757M->490M(783M) 80.067ms
[504.463s][info][gc,cpu         ] GC(1220) User=0.14s Sys=0.01s Real=0.08s
[504.583s][info][gc,start       ] GC(1221) Pause Young (Allocation Failure)
[504.589s][info][gc,heap        ] GC(1221) PSYoungGen: 316416K(316416K)->64K(299008K) Eden: 299008K(299008K)->0K(281600K) From: 17408K(17408K)->64K(17408K)
[504.589s][info][gc,heap        ] GC(1221) ParOldGen: 485200K(485376K)->485600K(485888K)
[504.589s][info][gc,metaspace   ] GC(1221) Metaspace: 35402K(36160K)->35402K(36160K) NonClass: 26193K(26752K)->26193K(26752K) Class: 9209K(9408K)->9209K(9408K)
[504.589s][info][gc             ] GC(1221) Pause Young (Allocation Failure) 782M->474M(766M) 6.412ms
[504.589s][info][gc,cpu         ] GC(1221) User=0.01s Sys=0.00s Real=0.01s
[505.347s][info][gc,start       ] GC(1222) Pause Young (Allocation Failure)
[505.349s][info][gc,heap        ] GC(1222) PSYoungGen: 281664K(299008K)->64K(307712K) Eden: 281600K(281600K)->0K(281600K) From: 64K(17408K)->64K(26112K)
[505.349s][info][gc,heap        ] GC(1222) ParOldGen: 485600K(485888K)->485608K(485888K)
[505.349s][info][gc,metaspace   ] GC(1222) Metaspace: 35402K(36160K)->35402K(36160K) NonClass: 26193K(26752K)->26193K(26752K) Class: 9209K(9408K)->9209K(9408K)
[505.349s][info][gc             ] GC(1222) Pause Young (Allocation Failure) 749M->474M(775M) 1.712ms
[505.349s][info][gc,cpu         ] GC(1222) User=0.00s Sys=0.00s Real=0.00s
[505.780s][info][gc,start       ] GC(1223) Pause Young (Allocation Failure)
[505.786s][info][gc,heap        ] GC(1223) PSYoungGen: 281664K(307712K)->128K(304640K) Eden: 281600K(281600K)->0K(282624K) From: 64K(26112K)->128K(22016K)
[505.786s][info][gc,heap        ] GC(1223) ParOldGen: 485608K(485888K)->485616K(485888K)
[505.786s][info][gc,metaspace   ] GC(1223) Metaspace: 35479K(36224K)->35479K(36224K) NonClass: 26269K(26816K)->26269K(26816K) Class: 9209K(9408K)->9209K(9408K)
[505.786s][info][gc             ] GC(1223) Pause Young (Allocation Failure) 749M->474M(772M) 5.706ms
[505.786s][info][gc,cpu         ] GC(1223) User=0.01s Sys=0.00s Real=0.01s
[506.304s][info][gc,start       ] GC(1224) Pause Young (Allocation Failure)
[506.308s][info][gc,heap        ] GC(1224) PSYoungGen: 282752K(304640K)->32K(306688K) Eden: 282624K(282624K)->0K(282624K) From: 128K(22016K)->32K(24064K)
[506.308s][info][gc,heap        ] GC(1224) ParOldGen: 485616K(485888K)->485704K(485888K)
[506.308s][info][gc,metaspace   ] GC(1224) Metaspace: 35479K(36224K)->35479K(36224K) NonClass: 26269K(26816K)->26269K(26816K) Class: 9209K(9408K)->9209K(9408K)
[506.308s][info][gc             ] GC(1224) Pause Young (Allocation Failure) 750M->474M(774M) 3.559ms
[506.308s][info][gc,cpu         ] GC(1224) User=0.00s Sys=0.00s Real=0.00s
[506.578s][info][gc,start       ] GC(1225) Pause Young (Allocation Failure)
[506.581s][info][gc,heap        ] GC(1225) PSYoungGen: 282656K(306688K)->64K(306688K) Eden: 282624K(282624K)->0K(286720K) From: 32K(24064K)->64K(19968K)
[506.581s][info][gc,heap        ] GC(1225) ParOldGen: 485704K(485888K)->485720K(485888K)
[506.581s][info][gc,metaspace   ] GC(1225) Metaspace: 35479K(36224K)->35479K(36224K) NonClass: 26269K(26816K)->26269K(26816K) Class: 9209K(9408K)->9209K(9408K)
[506.581s][info][gc             ] GC(1225) Pause Young (Allocation Failure) 750M->474M(774M) 2.515ms
[506.581s][info][gc,cpu         ] GC(1225) User=0.00s Sys=0.00s Real=0.00s
[506.993s][info][gc,start       ] GC(1226) Pause Young (Allocation Failure)
[506.995s][info][gc,heap        ] GC(1226) PSYoungGen: 286784K(306688K)->64K(308736K) Eden: 286720K(286720K)->0K(286720K) From: 64K(19968K)->64K(22016K)
[506.995s][info][gc,heap        ] GC(1226) ParOldGen: 485720K(485888K)->485720K(485888K)
[506.995s][info][gc,metaspace   ] GC(1226) Metaspace: 35479K(36224K)->35479K(36224K) NonClass: 26269K(26816K)->26269K(26816K) Class: 9209K(9408K)->9209K(9408K)
[506.995s][info][gc             ] GC(1226) Pause Young (Allocation Failure) 754M->474M(776M) 1.696ms
[506.995s][info][gc,cpu         ] GC(1226) User=0.01s Sys=0.00s Real=0.01s
[507.097s][info][gc,start       ] GC(1227) Pause Young (Allocation Failure)
[507.098s][info][gc,heap        ] GC(1227) PSYoungGen: 286784K(308736K)->64K(307712K) Eden: 286720K(286720K)->0K(290816K) From: 64K(22016K)->64K(16896K)
[507.098s][info][gc,heap        ] GC(1227) ParOldGen: 485720K(485888K)->485728K(485888K)
[507.098s][info][gc,metaspace   ] GC(1227) Metaspace: 35479K(36224K)->35479K(36224K) NonClass: 26269K(26816K)->26269K(26816K) Class: 9209K(9408K)->9209K(9408K)
[507.098s][info][gc             ] GC(1227) Pause Young (Allocation Failure) 754M->474M(775M) 1.816ms
[507.099s][info][gc,cpu         ] GC(1227) User=0.00s Sys=0.00s Real=0.00s
[507.152s][info][gc,start       ] GC(1228) Pause Young (Allocation Failure)
[507.154s][info][gc,heap        ] GC(1228) PSYoungGen: 290880K(307712K)->64K(310272K) Eden: 290816K(290816K)->0K(290816K) From: 64K(16896K)->64K(19456K)
[507.154s][info][gc,heap        ] GC(1228) ParOldGen: 485728K(485888K)->485744K(485888K)
[507.154s][info][gc,metaspace   ] GC(1228) Metaspace: 35479K(36224K)->35479K(36224K) NonClass: 26269K(26816K)->26269K(26816K) Class: 9209K(9408K)->9209K(9408K)
[507.154s][info][gc             ] GC(1228) Pause Young (Allocation Failure) 758M->474M(777M) 1.649ms
[507.154s][info][gc,cpu         ] GC(1228) User=0.01s Sys=0.00s Real=0.01s
[507.372s][info][gc,start       ] GC(1229) Pause Young (Allocation Failure)
[507.374s][info][gc,heap        ] GC(1229) PSYoungGen: 290880K(310272K)->64K(311296K) Eden: 290816K(290816K)->0K(295936K) From: 64K(19456K)->64K(15360K)
[507.374s][info][gc,heap        ] GC(1229) ParOldGen: 485744K(485888K)->485744K(485888K)
[507.374s][info][gc,metaspace   ] GC(1229) Metaspace: 35479K(36224K)->35479K(36224K) NonClass: 26269K(26816K)->26269K(26816K) Class: 9209K(9408K)->9209K(9408K)
[507.374s][info][gc             ] GC(1229) Pause Young (Allocation Failure) 758M->474M(778M) 1.665ms
[507.374s][info][gc,cpu         ] GC(1229) User=0.01s Sys=0.00s Real=0.01s
[507.697s][info][gc,start       ] GC(1230) Pause Young (Allocation Failure)
[507.698s][info][gc,heap        ] GC(1230) PSYoungGen: 296000K(311296K)->64K(313344K) Eden: 295936K(295936K)->0K(295936K) From: 64K(15360K)->64K(17408K)
[507.698s][info][gc,heap        ] GC(1230) ParOldGen: 485744K(485888K)->485752K(485888K)
[507.698s][info][gc,metaspace   ] GC(1230) Metaspace: 35479K(36224K)->35479K(36224K) NonClass: 26269K(26816K)->26269K(26816K) Class: 9209K(9408K)->9209K(9408K)
[507.698s][info][gc             ] GC(1230) Pause Young (Allocation Failure) 763M->474M(780M) 1.715ms
[507.698s][info][gc,cpu         ] GC(1230) User=0.00s Sys=0.00s Real=0.00s
[507.857s][info][gc,start       ] GC(1231) Pause Young (Allocation Failure)
[507.858s][info][gc,heap        ] GC(1231) PSYoungGen: 296000K(313344K)->64K(313344K) Eden: 295936K(295936K)->0K(300032K) From: 64K(17408K)->64K(13312K)
[507.858s][info][gc,heap        ] GC(1231) ParOldGen: 485752K(485888K)->485760K(485888K)
[507.858s][info][gc,metaspace   ] GC(1231) Metaspace: 35489K(36224K)->35489K(36224K) NonClass: 26279K(26816K)->26279K(26816K) Class: 9209K(9408K)->9209K(9408K)
[507.858s][info][gc             ] GC(1231) Pause Young (Allocation Failure) 763M->474M(780M) 1.823ms
[507.858s][info][gc,cpu         ] GC(1231) User=0.00s Sys=0.00s Real=0.00s
[507.981s][info][gc,start       ] GC(1232) Pause Young (Allocation Failure)
[507.982s][info][gc,heap        ] GC(1232) PSYoungGen: 300096K(313344K)->64K(315392K) Eden: 300032K(300032K)->0K(300032K) From: 64K(13312K)->64K(15360K)
[507.982s][info][gc,heap        ] GC(1232) ParOldGen: 485760K(485888K)->485768K(485888K)
[507.982s][info][gc,metaspace   ] GC(1232) Metaspace: 35489K(36224K)->35489K(36224K) NonClass: 26279K(26816K)->26279K(26816K) Class: 9209K(9408K)->9209K(9408K)
[507.982s][info][gc             ] GC(1232) Pause Young (Allocation Failure) 767M->474M(782M) 1.768ms
[507.982s][info][gc,cpu         ] GC(1232) User=0.00s Sys=0.00s Real=0.00s
[508.220s][info][gc,start       ] GC(1233) Pause Young (Allocation Failure)
[508.222s][info][gc,heap        ] GC(1233) PSYoungGen: 300096K(315392K)->64K(316416K) Eden: 300032K(300032K)->0K(304128K) From: 64K(15360K)->64K(12288K)
[508.222s][info][gc,heap        ] GC(1233) ParOldGen: 485768K(485888K)->485776K(485888K)
[508.222s][info][gc,metaspace   ] GC(1233) Metaspace: 35489K(36224K)->35489K(36224K) NonClass: 26279K(26816K)->26279K(26816K) Class: 9209K(9408K)->9209K(9408K)
[508.222s][info][gc             ] GC(1233) Pause Young (Allocation Failure) 767M->474M(783M) 1.802ms
[508.222s][info][gc,cpu         ] GC(1233) User=0.01s Sys=0.00s Real=0.00s
[509.204s][info][gc,start       ] GC(1234) Pause Young (Allocation Failure)
[509.206s][info][gc,heap        ] GC(1234) PSYoungGen: 304192K(316416K)->64K(317952K) Eden: 304128K(304128K)->0K(304128K) From: 64K(12288K)->64K(13824K)
[509.206s][info][gc,heap        ] GC(1234) ParOldGen: 485776K(485888K)->485784K(485888K)
[509.206s][info][gc,metaspace   ] GC(1234) Metaspace: 35489K(36224K)->35489K(36224K) NonClass: 26279K(26816K)->26279K(26816K) Class: 9209K(9408K)->9209K(9408K)
[509.206s][info][gc             ] GC(1234) Pause Young (Allocation Failure) 771M->474M(785M) 1.833ms
[509.206s][info][gc,cpu         ] GC(1234) User=0.00s Sys=0.00s Real=0.00s
[510.223s][info][gc,start       ] GC(1235) Pause Young (Allocation Failure)
[510.225s][info][gc,heap        ] GC(1235) PSYoungGen: 304192K(317952K)->64K(292352K) Eden: 304128K(304128K)->0K(291840K) From: 64K(13824K)->64K(512K)
[510.225s][info][gc,heap        ] GC(1235) ParOldGen: 485784K(485888K)->485792K(485888K)
[510.225s][info][gc,metaspace   ] GC(1235) Metaspace: 35489K(36224K)->35489K(36224K) NonClass: 26279K(26816K)->26279K(26816K) Class: 9209K(9408K)->9209K(9408K)
[510.225s][info][gc             ] GC(1235) Pause Young (Allocation Failure) 771M->474M(760M) 2.187ms
[510.225s][info][gc,cpu         ] GC(1235) User=0.01s Sys=0.00s Real=0.01s
[510.760s][info][gc,start       ] GC(1236) Pause Young (Allocation Failure)
[510.762s][info][gc,heap        ] GC(1236) PSYoungGen: 291904K(292352K)->64K(291840K) Eden: 291840K(291840K)->0K(280064K) From: 64K(512K)->64K(11776K)
[510.762s][info][gc,heap        ] GC(1236) ParOldGen: 485792K(485888K)->485800K(485888K)
[510.762s][info][gc,metaspace   ] GC(1236) Metaspace: 35489K(36224K)->35489K(36224K) NonClass: 26279K(26816K)->26279K(26816K) Class: 9209K(9408K)->9209K(9408K)
[510.762s][info][gc             ] GC(1236) Pause Young (Allocation Failure) 759M->474M(759M) 1.725ms
[510.762s][info][gc,cpu         ] GC(1236) User=0.00s Sys=0.00s Real=0.00s
[511.906s][info][gc,start       ] GC(1237) Pause Young (Allocation Failure)
[511.909s][info][gc,heap        ] GC(1237) PSYoungGen: 280128K(291840K)->64K(269312K) Eden: 280064K(280064K)->0K(268800K) From: 64K(11776K)->64K(512K)
[511.909s][info][gc,heap        ] GC(1237) ParOldGen: 485800K(485888K)->485816K(485888K)
[511.909s][info][gc,metaspace   ] GC(1237) Metaspace: 35489K(36224K)->35489K(36224K) NonClass: 26279K(26816K)->26279K(26816K) Class: 9209K(9408K)->9209K(9408K)
[511.909s][info][gc             ] GC(1237) Pause Young (Allocation Failure) 747M->474M(737M) 3.109ms
[511.909s][info][gc,cpu         ] GC(1237) User=0.00s Sys=0.00s Real=0.00s
[512.325s][info][gc,start       ] GC(1238) Pause Young (Allocation Failure)
[512.327s][info][gc,heap        ] GC(1238) PSYoungGen: 268864K(269312K)->64K(268288K) Eden: 268800K(268800K)->0K(258048K) From: 64K(512K)->64K(10240K)
[512.327s][info][gc,heap        ] GC(1238) ParOldGen: 485816K(485888K)->485832K(485888K)
[512.327s][info][gc,metaspace   ] GC(1238) Metaspace: 35489K(36224K)->35489K(36224K) NonClass: 26279K(26816K)->26279K(26816K) Class: 9209K(9408K)->9209K(9408K)
[512.327s][info][gc             ] GC(1238) Pause Young (Allocation Failure) 736M->474M(736M) 2.372ms
[512.327s][info][gc,cpu         ] GC(1238) User=0.00s Sys=0.00s Real=0.00s
[512.485s][info][gc,start       ] GC(1239) Pause Young (Allocation Failure)
[512.489s][info][gc,heap        ] GC(1239) PSYoungGen: 258112K(268288K)->64K(301056K) Eden: 258048K(258048K)->0K(291328K) From: 64K(10240K)->64K(9728K)
[512.489s][info][gc,heap        ] GC(1239) ParOldGen: 485832K(485888K)->485840K(485888K)
[512.489s][info][gc,metaspace   ] GC(1239) Metaspace: 35489K(36224K)->35489K(36224K) NonClass: 26279K(26816K)->26279K(26816K) Class: 9209K(9408K)->9209K(9408K)
[512.489s][info][gc             ] GC(1239) Pause Young (Allocation Failure) 726M->474M(768M) 4.608ms
[512.489s][info][gc,cpu         ] GC(1239) User=0.00s Sys=0.00s Real=0.00s
[512.988s][info][gc,start       ] GC(1240) Pause Young (Allocation Failure)
[512.993s][info][gc,heap        ] GC(1240) PSYoungGen: 291392K(301056K)->64K(300544K) Eden: 291328K(291328K)->0K(291328K) From: 64K(9728K)->64K(9216K)
[512.993s][info][gc,heap        ] GC(1240) ParOldGen: 485840K(485888K)->485848K(485888K)
[512.993s][info][gc,metaspace   ] GC(1240) Metaspace: 35489K(36224K)->35489K(36224K) NonClass: 26279K(26816K)->26279K(26816K) Class: 9209K(9408K)->9209K(9408K)
[512.994s][info][gc             ] GC(1240) Pause Young (Allocation Failure) 759M->474M(768M) 5.516ms
[512.994s][info][gc,cpu         ] GC(1240) User=0.00s Sys=0.01s Real=0.01s
[513.401s][info][gc,start       ] GC(1241) Pause Young (Allocation Failure)
[513.404s][info][gc,heap        ] GC(1241) PSYoungGen: 291392K(300544K)->64K(323584K) Eden: 291328K(291328K)->0K(315392K) From: 64K(9216K)->64K(8192K)
[513.404s][info][gc,heap        ] GC(1241) ParOldGen: 485848K(485888K)->485856K(485888K)
[513.404s][info][gc,metaspace   ] GC(1241) Metaspace: 35489K(36224K)->35489K(36224K) NonClass: 26279K(26816K)->26279K(26816K) Class: 9209K(9408K)->9209K(9408K)
[513.404s][info][gc             ] GC(1241) Pause Young (Allocation Failure) 759M->474M(790M) 3.221ms
[513.404s][info][gc,cpu         ] GC(1241) User=0.00s Sys=0.00s Real=0.01s
[513.920s][info][gc,start       ] GC(1242) Pause Young (Allocation Failure)
[513.980s][info][gc,heap        ] GC(1242) PSYoungGen: 315456K(323584K)->7680K(323072K) Eden: 315392K(315392K)->0K(315392K) From: 64K(8192K)->7680K(7680K)
[513.981s][info][gc,heap        ] GC(1242) ParOldGen: 485856K(485888K)->502304K(502784K)
[513.981s][info][gc,metaspace   ] GC(1242) Metaspace: 35489K(36224K)->35489K(36224K) NonClass: 26279K(26816K)->26279K(26816K) Class: 9209K(9408K)->9209K(9408K)
[513.981s][info][gc             ] GC(1242) Pause Young (Allocation Failure) 782M->498M(806M) 60.489ms
[513.981s][info][gc,cpu         ] GC(1242) User=0.09s Sys=0.02s Real=0.06s
[514.427s][info][gc,start       ] GC(1243) Pause Young (Allocation Failure)
[514.517s][info][gc,heap        ] GC(1243) PSYoungGen: 323072K(323072K)->10752K(291328K) Eden: 315392K(315392K)->0K(280576K) From: 7680K(7680K)->10752K(10752K)
[514.517s][info][gc,heap        ] GC(1243) ParOldGen: 502304K(502784K)->527784K(527872K)
[514.517s][info][gc,metaspace   ] GC(1243) Metaspace: 35489K(36224K)->35489K(36224K) NonClass: 26279K(26816K)->26279K(26816K) Class: 9209K(9408K)->9209K(9408K)
[514.517s][info][gc             ] GC(1243) Pause Young (Allocation Failure) 806M->525M(800M) 90.134ms
[514.517s][info][gc,cpu         ] GC(1243) User=0.14s Sys=0.03s Real=0.09s
[514.637s][info][gc,start       ] GC(1244) Pause Young (Allocation Failure)
[514.653s][info][gc,heap        ] GC(1244) PSYoungGen: 291328K(291328K)->2752K(307200K) Eden: 280576K(280576K)->0K(280576K) From: 10752K(10752K)->2752K(26624K)
[514.653s][info][gc,heap        ] GC(1244) ParOldGen: 527784K(527872K)->528472K(528896K)
[514.653s][info][gc,metaspace   ] GC(1244) Metaspace: 35489K(36224K)->35489K(36224K) NonClass: 26279K(26816K)->26279K(26816K) Class: 9209K(9408K)->9209K(9408K)
[514.653s][info][gc             ] GC(1244) Pause Young (Allocation Failure) 799M->518M(816M) 15.525ms
[514.653s][info][gc,cpu         ] GC(1244) User=0.03s Sys=0.00s Real=0.01s
[515.280s][info][gc,start       ] GC(1245) Pause Young (Allocation Failure)
[515.282s][info][gc,heap        ] GC(1245) PSYoungGen: 283328K(307200K)->64K(304128K) Eden: 280576K(280576K)->0K(281600K) From: 2752K(26624K)->64K(22528K)
[515.282s][info][gc,heap        ] GC(1245) ParOldGen: 528472K(528896K)->528480K(528896K)
[515.282s][info][gc,metaspace   ] GC(1245) Metaspace: 35489K(36224K)->35489K(36224K) NonClass: 26279K(26816K)->26279K(26816K) Class: 9209K(9408K)->9209K(9408K)
[515.282s][info][gc             ] GC(1245) Pause Young (Allocation Failure) 792M->516M(813M) 2.068ms
[515.282s][info][gc,cpu         ] GC(1245) User=0.00s Sys=0.00s Real=0.00s
[515.746s][info][gc,start       ] GC(1246) Pause Young (Allocation Failure)
[515.748s][info][gc,heap        ] GC(1246) PSYoungGen: 281664K(304128K)->64K(306176K) Eden: 281600K(281600K)->0K(281600K) From: 64K(22528K)->64K(24576K)
[515.748s][info][gc,heap        ] GC(1246) ParOldGen: 528480K(528896K)->528488K(528896K)
[515.748s][info][gc,metaspace   ] GC(1246) Metaspace: 35489K(36224K)->35489K(36224K) NonClass: 26279K(26816K)->26279K(26816K) Class: 9209K(9408K)->9209K(9408K)
[515.748s][info][gc             ] GC(1246) Pause Young (Allocation Failure) 791M->516M(815M) 1.967ms
[515.748s][info][gc,cpu         ] GC(1246) User=0.01s Sys=0.00s Real=0.00s
[516.202s][info][gc,start       ] GC(1247) Pause Young (Allocation Failure)
[516.204s][info][gc,heap        ] GC(1247) PSYoungGen: 281664K(306176K)->64K(306176K) Eden: 281600K(281600K)->0K(285696K) From: 64K(24576K)->64K(20480K)
[516.204s][info][gc,heap        ] GC(1247) ParOldGen: 528488K(528896K)->528504K(528896K)
[516.204s][info][gc,metaspace   ] GC(1247) Metaspace: 35489K(36224K)->35489K(36224K) NonClass: 26279K(26816K)->26279K(26816K) Class: 9209K(9408K)->9209K(9408K)
[516.204s][info][gc             ] GC(1247) Pause Young (Allocation Failure) 791M->516M(815M) 1.807ms
[516.204s][info][gc,cpu         ] GC(1247) User=0.00s Sys=0.00s Real=0.01s
[516.446s][info][gc,start       ] GC(1248) Pause Young (Allocation Failure)
[516.448s][info][gc,heap        ] GC(1248) PSYoungGen: 285760K(306176K)->64K(308224K) Eden: 285696K(285696K)->0K(285696K) From: 64K(20480K)->64K(22528K)
[516.448s][info][gc,heap        ] GC(1248) ParOldGen: 528504K(528896K)->528520K(528896K)
[516.448s][info][gc,metaspace   ] GC(1248) Metaspace: 35489K(36224K)->35489K(36224K) NonClass: 26279K(26816K)->26279K(26816K) Class: 9209K(9408K)->9209K(9408K)
[516.448s][info][gc             ] GC(1248) Pause Young (Allocation Failure) 795M->516M(817M) 1.856ms
[516.448s][info][gc,cpu         ] GC(1248) User=0.00s Sys=0.00s Real=0.00s
[516.823s][info][gc,start       ] GC(1249) Pause Young (Allocation Failure)
[516.824s][info][gc,heap        ] GC(1249) PSYoungGen: 285760K(308224K)->64K(308224K) Eden: 285696K(285696K)->0K(289792K) From: 64K(22528K)->64K(18432K)
[516.824s][info][gc,heap        ] GC(1249) ParOldGen: 528520K(528896K)->528520K(528896K)
[516.824s][info][gc,metaspace   ] GC(1249) Metaspace: 35489K(36224K)->35489K(36224K) NonClass: 26279K(26816K)->26279K(26816K) Class: 9209K(9408K)->9209K(9408K)
[516.824s][info][gc             ] GC(1249) Pause Young (Allocation Failure) 795M->516M(817M) 1.793ms
[516.824s][info][gc,cpu         ] GC(1249) User=0.00s Sys=0.00s Real=0.01s
[516.958s][info][gc,start       ] GC(1250) Pause Young (Allocation Failure)
[516.960s][info][gc,heap        ] GC(1250) PSYoungGen: 289856K(308224K)->64K(310272K) Eden: 289792K(289792K)->0K(289792K) From: 64K(18432K)->64K(20480K)
[516.960s][info][gc,heap        ] GC(1250) ParOldGen: 528520K(528896K)->528528K(528896K)
[516.960s][info][gc,metaspace   ] GC(1250) Metaspace: 35489K(36224K)->35489K(36224K) NonClass: 26279K(26816K)->26279K(26816K) Class: 9209K(9408K)->9209K(9408K)
[516.960s][info][gc             ] GC(1250) Pause Young (Allocation Failure) 799M->516M(819M) 1.780ms
[516.960s][info][gc,cpu         ] GC(1250) User=0.01s Sys=0.00s Real=0.00s
[517.011s][info][gc,start       ] GC(1251) Pause Young (Allocation Failure)
[517.012s][info][gc,heap        ] GC(1251) PSYoungGen: 289856K(310272K)->64K(310272K) Eden: 289792K(289792K)->0K(293888K) From: 64K(20480K)->64K(16384K)
[517.012s][info][gc,heap        ] GC(1251) ParOldGen: 528528K(528896K)->528544K(528896K)
[517.012s][info][gc,metaspace   ] GC(1251) Metaspace: 35489K(36224K)->35489K(36224K) NonClass: 26279K(26816K)->26279K(26816K) Class: 9209K(9408K)->9209K(9408K)
[517.012s][info][gc             ] GC(1251) Pause Young (Allocation Failure) 799M->516M(819M) 1.755ms
[517.012s][info][gc,cpu         ] GC(1251) User=0.01s Sys=0.01s Real=0.00s
[517.194s][info][gc,start       ] GC(1252) Pause Young (Allocation Failure)
[517.196s][info][gc,heap        ] GC(1252) PSYoungGen: 293952K(310272K)->64K(312320K) Eden: 293888K(293888K)->0K(293888K) From: 64K(16384K)->64K(18432K)
[517.196s][info][gc,heap        ] GC(1252) ParOldGen: 528544K(528896K)->528544K(528896K)
[517.196s][info][gc,metaspace   ] GC(1252) Metaspace: 35489K(36224K)->35489K(36224K) NonClass: 26279K(26816K)->26279K(26816K) Class: 9209K(9408K)->9209K(9408K)
[517.196s][info][gc             ] GC(1252) Pause Young (Allocation Failure) 803M->516M(821M) 1.774ms
[517.196s][info][gc,cpu         ] GC(1252) User=0.00s Sys=0.00s Real=0.00s
[517.516s][info][gc,start       ] GC(1253) Pause Young (Allocation Failure)
[517.518s][info][gc,heap        ] GC(1253) PSYoungGen: 293952K(312320K)->64K(312320K) Eden: 293888K(293888K)->0K(297984K) From: 64K(18432K)->64K(14336K)
[517.518s][info][gc,heap        ] GC(1253) ParOldGen: 528544K(528896K)->528552K(528896K)
[517.518s][info][gc,metaspace   ] GC(1253) Metaspace: 35489K(36224K)->35489K(36224K) NonClass: 26279K(26816K)->26279K(26816K) Class: 9209K(9408K)->9209K(9408K)
[517.518s][info][gc             ] GC(1253) Pause Young (Allocation Failure) 803M->516M(821M) 1.771ms
[517.518s][info][gc,cpu         ] GC(1253) User=0.00s Sys=0.00s Real=0.00s
[517.685s][info][gc,start       ] GC(1254) Pause Young (Allocation Failure)
[517.687s][info][gc,heap        ] GC(1254) PSYoungGen: 298048K(312320K)->64K(314368K) Eden: 297984K(297984K)->0K(297984K) From: 64K(14336K)->64K(16384K)
[517.687s][info][gc,heap        ] GC(1254) ParOldGen: 528552K(528896K)->528560K(528896K)
[517.687s][info][gc,metaspace   ] GC(1254) Metaspace: 35489K(36224K)->35489K(36224K) NonClass: 26279K(26816K)->26279K(26816K) Class: 9209K(9408K)->9209K(9408K)
[517.687s][info][gc             ] GC(1254) Pause Young (Allocation Failure) 807M->516M(823M) 1.850ms
[517.687s][info][gc,cpu         ] GC(1254) User=0.00s Sys=0.00s Real=0.00s
[517.780s][info][gc,start       ] GC(1255) Pause Young (Allocation Failure)
[517.782s][info][gc,heap        ] GC(1255) PSYoungGen: 298048K(314368K)->64K(314368K) Eden: 297984K(297984K)->0K(302080K) From: 64K(16384K)->64K(12288K)
[517.782s][info][gc,heap        ] GC(1255) ParOldGen: 528560K(528896K)->528568K(528896K)
[517.782s][info][gc,metaspace   ] GC(1255) Metaspace: 35489K(36224K)->35489K(36224K) NonClass: 26279K(26816K)->26279K(26816K) Class: 9209K(9408K)->9209K(9408K)
[517.782s][info][gc             ] GC(1255) Pause Young (Allocation Failure) 807M->516M(823M) 1.769ms
[517.782s][info][gc,cpu         ] GC(1255) User=0.00s Sys=0.00s Real=0.00s
[517.987s][info][gc,start       ] GC(1256) Pause Young (Allocation Failure)
[517.989s][info][gc,heap        ] GC(1256) PSYoungGen: 302144K(314368K)->64K(316416K) Eden: 302080K(302080K)->0K(302080K) From: 64K(12288K)->64K(14336K)
[517.989s][info][gc,heap        ] GC(1256) ParOldGen: 528568K(528896K)->528576K(528896K)
[517.989s][info][gc,metaspace   ] GC(1256) Metaspace: 35489K(36224K)->35489K(36224K) NonClass: 26279K(26816K)->26279K(26816K) Class: 9209K(9408K)->9209K(9408K)
[517.989s][info][gc             ] GC(1256) Pause Young (Allocation Failure) 811M->516M(825M) 1.815ms
[517.989s][info][gc,cpu         ] GC(1256) User=0.01s Sys=0.00s Real=0.00s
[518.967s][info][gc,start       ] GC(1257) Pause Young (Allocation Failure)
[518.969s][info][gc,heap        ] GC(1257) PSYoungGen: 302144K(316416K)->64K(317440K) Eden: 302080K(302080K)->0K(306176K) From: 64K(14336K)->64K(11264K)
[518.969s][info][gc,heap        ] GC(1257) ParOldGen: 528576K(528896K)->528584K(528896K)
[518.969s][info][gc,metaspace   ] GC(1257) Metaspace: 35489K(36224K)->35489K(36224K) NonClass: 26279K(26816K)->26279K(26816K) Class: 9209K(9408K)->9209K(9408K)
[518.969s][info][gc             ] GC(1257) Pause Young (Allocation Failure) 811M->516M(826M) 1.773ms
[518.969s][info][gc,cpu         ] GC(1257) User=0.00s Sys=0.00s Real=0.00s
[519.901s][info][gc,start       ] GC(1258) Pause Young (Allocation Failure)
[519.904s][info][gc,heap        ] GC(1258) PSYoungGen: 306240K(317440K)->64K(294400K) Eden: 306176K(306176K)->0K(293888K) From: 64K(11264K)->64K(512K)
[519.904s][info][gc,heap        ] GC(1258) ParOldGen: 528584K(528896K)->528592K(528896K)
[519.904s][info][gc,metaspace   ] GC(1258) Metaspace: 35489K(36224K)->35489K(36224K) NonClass: 26279K(26816K)->26279K(26816K) Class: 9209K(9408K)->9209K(9408K)
[519.904s][info][gc             ] GC(1258) Pause Young (Allocation Failure) 815M->516M(804M) 2.556ms
[519.904s][info][gc,cpu         ] GC(1258) User=0.00s Sys=0.00s Real=0.01s
[520.404s][info][gc,start       ] GC(1259) Pause Young (Allocation Failure)
[520.407s][info][gc,heap        ] GC(1259) PSYoungGen: 293952K(294400K)->64K(282624K) Eden: 293888K(293888K)->0K(282112K) From: 64K(512K)->64K(512K)
[520.407s][info][gc,heap        ] GC(1259) ParOldGen: 528592K(528896K)->528600K(528896K)
[520.408s][info][gc,metaspace   ] GC(1259) Metaspace: 35489K(36224K)->35489K(36224K) NonClass: 26279K(26816K)->26279K(26816K) Class: 9209K(9408K)->9209K(9408K)
[520.408s][info][gc             ] GC(1259) Pause Young (Allocation Failure) 803M->516M(792M) 3.215ms
[520.408s][info][gc,cpu         ] GC(1259) User=0.00s Sys=0.00s Real=0.00s
[521.498s][info][gc,start       ] GC(1260) Pause Young (Allocation Failure)
[521.500s][info][gc,heap        ] GC(1260) PSYoungGen: 282176K(282624K)->64K(282112K) Eden: 282112K(282112K)->0K(270848K) From: 64K(512K)->64K(11264K)
[521.500s][info][gc,heap        ] GC(1260) ParOldGen: 528600K(528896K)->528608K(528896K)
[521.500s][info][gc,metaspace   ] GC(1260) Metaspace: 35489K(36224K)->35489K(36224K) NonClass: 26279K(26816K)->26279K(26816K) Class: 9209K(9408K)->9209K(9408K)
[521.500s][info][gc             ] GC(1260) Pause Young (Allocation Failure) 791M->516M(792M) 1.751ms
[521.500s][info][gc,cpu         ] GC(1260) User=0.01s Sys=0.00s Real=0.00s
[521.941s][info][gc,start       ] GC(1261) Pause Young (Allocation Failure)
[521.943s][info][gc,heap        ] GC(1261) PSYoungGen: 270912K(282112K)->64K(260608K) Eden: 270848K(270848K)->0K(260096K) From: 64K(11264K)->64K(512K)
[521.943s][info][gc,heap        ] GC(1261) ParOldGen: 528608K(528896K)->528616K(528896K)
[521.943s][info][gc,metaspace   ] GC(1261) Metaspace: 35489K(36224K)->35489K(36224K) NonClass: 26279K(26816K)->26279K(26816K) Class: 9209K(9408K)->9209K(9408K)
[521.943s][info][gc             ] GC(1261) Pause Young (Allocation Failure) 780M->516M(771M) 2.640ms
[521.943s][info][gc,cpu         ] GC(1261) User=0.01s Sys=0.00s Real=0.01s
[522.107s][info][gc,start       ] GC(1262) Pause Young (Allocation Failure)
[522.109s][info][gc,heap        ] GC(1262) PSYoungGen: 260160K(260608K)->64K(259584K) Eden: 260096K(260096K)->0K(249856K) From: 64K(512K)->64K(9728K)
[522.109s][info][gc,heap        ] GC(1262) ParOldGen: 528616K(528896K)->528624K(528896K)
[522.109s][info][gc,metaspace   ] GC(1262) Metaspace: 35489K(36224K)->35489K(36224K) NonClass: 26279K(26816K)->26279K(26816K) Class: 9209K(9408K)->9209K(9408K)
[522.109s][info][gc             ] GC(1262) Pause Young (Allocation Failure) 770M->516M(770M) 1.761ms
[522.109s][info][gc,cpu         ] GC(1262) User=0.00s Sys=0.00s Real=0.00s
[522.404s][info][gc,start       ] GC(1263) Pause Young (Allocation Failure)
[522.407s][info][gc,heap        ] GC(1263) PSYoungGen: 249920K(259584K)->64K(240640K) Eden: 249856K(249856K)->0K(240128K) From: 64K(9728K)->64K(512K)
[522.407s][info][gc,heap        ] GC(1263) ParOldGen: 528624K(528896K)->528632K(528896K)
[522.407s][info][gc,metaspace   ] GC(1263) Metaspace: 35489K(36224K)->35489K(36224K) NonClass: 26279K(26816K)->26279K(26816K) Class: 9209K(9408K)->9209K(9408K)
[522.407s][info][gc             ] GC(1263) Pause Young (Allocation Failure) 760M->516M(751M) 2.468ms
[522.407s][info][gc,cpu         ] GC(1263) User=0.00s Sys=0.00s Real=0.00s
[522.865s][info][gc,start       ] GC(1264) Pause Young (Allocation Failure)
[522.867s][info][gc,heap        ] GC(1264) PSYoungGen: 240192K(240640K)->64K(239104K) Eden: 240128K(240128K)->0K(230912K) From: 64K(512K)->64K(8192K)
[522.867s][info][gc,heap        ] GC(1264) ParOldGen: 528632K(528896K)->528640K(528896K)
[522.867s][info][gc,metaspace   ] GC(1264) Metaspace: 35489K(36224K)->35489K(36224K) NonClass: 26279K(26816K)->26279K(26816K) Class: 9209K(9408K)->9209K(9408K)
[522.867s][info][gc             ] GC(1264) Pause Young (Allocation Failure) 750M->516M(750M) 1.789ms
[522.867s][info][gc,cpu         ] GC(1264) User=0.01s Sys=0.00s Real=0.00s
[523.228s][info][gc,start       ] GC(1265) Pause Young (Allocation Failure)
[523.233s][info][gc,heap        ] GC(1265) PSYoungGen: 230976K(239104K)->1088K(223744K) Eden: 230912K(230912K)->0K(222208K) From: 64K(8192K)->1088K(1536K)
[523.233s][info][gc,heap        ] GC(1265) ParOldGen: 528640K(528896K)->528656K(528896K)
[523.233s][info][gc,metaspace   ] GC(1265) Metaspace: 35489K(36224K)->35489K(36224K) NonClass: 26279K(26816K)->26279K(26816K) Class: 9209K(9408K)->9209K(9408K)
[523.234s][info][gc             ] GC(1265) Pause Young (Allocation Failure) 741M->517M(735M) 5.083ms
[523.234s][info][gc,cpu         ] GC(1265) User=0.00s Sys=0.00s Real=0.01s
[523.534s][info][gc,start       ] GC(1266) Pause Young (Allocation Failure)
[523.588s][info][gc,heap        ] GC(1266) PSYoungGen: 223296K(223744K)->7168K(272896K) Eden: 222208K(222208K)->0K(265728K) From: 1088K(1536K)->7168K(7168K)
[523.588s][info][gc,heap        ] GC(1266) ParOldGen: 528656K(528896K)->546704K(546816K)
[523.588s][info][gc,metaspace   ] GC(1266) Metaspace: 35489K(36224K)->35489K(36224K) NonClass: 26279K(26816K)->26279K(26816K) Class: 9209K(9408K)->9209K(9408K)
[523.588s][info][gc             ] GC(1266) Pause Young (Allocation Failure) 734M->540M(800M) 54.533ms
[523.588s][info][gc,cpu         ] GC(1266) User=0.09s Sys=0.01s Real=0.05s
[523.949s][info][gc,start       ] GC(1267) Pause Young (Allocation Failure)
[524.017s][info][gc,heap        ] GC(1267) PSYoungGen: 272896K(272896K)->15360K(271872K) Eden: 265728K(265728K)->0K(256512K) From: 7168K(7168K)->15360K(15360K)
[524.017s][info][gc,heap        ] GC(1267) ParOldGen: 546704K(546816K)->561976K(562176K)
[524.017s][info][gc,metaspace   ] GC(1267) Metaspace: 35489K(36224K)->35489K(36224K) NonClass: 26279K(26816K)->26279K(26816K) Class: 9209K(9408K)->9209K(9408K)
[524.017s][info][gc             ] GC(1267) Pause Young (Allocation Failure) 800M->563M(814M) 68.121ms
[524.017s][info][gc,cpu         ] GC(1267) User=0.11s Sys=0.02s Real=0.07s
[524.149s][info][gc,start       ] GC(1268) Pause Young (Allocation Failure)
[524.165s][info][gc,heap        ] GC(1268) PSYoungGen: 271872K(271872K)->6240K(281088K) Eden: 256512K(256512K)->0K(256512K) From: 15360K(15360K)->6240K(24576K)
[524.165s][info][gc,heap        ] GC(1268) ParOldGen: 561976K(562176K)->562384K(562688K)
[524.165s][info][gc,metaspace   ] GC(1268) Metaspace: 35489K(36224K)->35489K(36224K) NonClass: 26279K(26816K)->26279K(26816K) Class: 9209K(9408K)->9209K(9408K)
[524.165s][info][gc             ] GC(1268) Pause Young (Allocation Failure) 814M->555M(824M) 15.637ms
[524.165s][info][gc,cpu         ] GC(1268) User=0.03s Sys=0.01s Real=0.02s
[524.615s][info][gc,start       ] GC(1269) Pause Young (Allocation Failure)
[524.617s][info][gc,heap        ] GC(1269) PSYoungGen: 262752K(281088K)->64K(306176K) Eden: 256512K(256512K)->0K(286720K) From: 6240K(24576K)->64K(19456K)
[524.617s][info][gc,heap        ] GC(1269) ParOldGen: 562384K(562688K)->562392K(562688K)
[524.617s][info][gc,metaspace   ] GC(1269) Metaspace: 35489K(36224K)->35489K(36224K) NonClass: 26279K(26816K)->26279K(26816K) Class: 9209K(9408K)->9209K(9408K)
[524.617s][info][gc             ] GC(1269) Pause Young (Allocation Failure) 805M->549M(848M) 1.869ms
[524.617s][info][gc,cpu         ] GC(1269) User=0.00s Sys=0.00s Real=0.00s
[525.214s][info][gc,start       ] GC(1270) Pause Young (Allocation Failure)
[525.215s][info][gc,heap        ] GC(1270) PSYoungGen: 286784K(306176K)->64K(308736K) Eden: 286720K(286720K)->0K(286720K) From: 64K(19456K)->64K(22016K)
[525.215s][info][gc,heap        ] GC(1270) ParOldGen: 562392K(562688K)->562400K(562688K)
[525.215s][info][gc,metaspace   ] GC(1270) Metaspace: 35489K(36224K)->35489K(36224K) NonClass: 26279K(26816K)->26279K(26816K) Class: 9209K(9408K)->9209K(9408K)
[525.215s][info][gc             ] GC(1270) Pause Young (Allocation Failure) 829M->549M(851M) 1.851ms
[525.215s][info][gc,cpu         ] GC(1270) User=0.00s Sys=0.00s Real=0.00s
[525.717s][info][gc,start       ] GC(1271) Pause Young (Allocation Failure)
[525.719s][info][gc,heap        ] GC(1271) PSYoungGen: 286784K(308736K)->64K(309248K) Eden: 286720K(286720K)->0K(290304K) From: 64K(22016K)->64K(18944K)
[525.719s][info][gc,heap        ] GC(1271) ParOldGen: 562400K(562688K)->562416K(562688K)
[525.719s][info][gc,metaspace   ] GC(1271) Metaspace: 35489K(36224K)->35489K(36224K) NonClass: 26279K(26816K)->26279K(26816K) Class: 9209K(9408K)->9209K(9408K)
[525.719s][info][gc             ] GC(1271) Pause Young (Allocation Failure) 829M->549M(851M) 1.912ms
[525.719s][info][gc,cpu         ] GC(1271) User=0.00s Sys=0.00s Real=0.00s
[525.977s][info][gc,start       ] GC(1272) Pause Young (Allocation Failure)
[525.979s][info][gc,heap        ] GC(1272) PSYoungGen: 290368K(309248K)->64K(310784K) Eden: 290304K(290304K)->0K(290304K) From: 64K(18944K)->64K(20480K)
[525.979s][info][gc,heap        ] GC(1272) ParOldGen: 562416K(562688K)->562432K(562688K)
[525.979s][info][gc,metaspace   ] GC(1272) Metaspace: 35489K(36224K)->35489K(36224K) NonClass: 26279K(26816K)->26279K(26816K) Class: 9209K(9408K)->9209K(9408K)
[525.979s][info][gc             ] GC(1272) Pause Young (Allocation Failure) 832M->549M(853M) 1.870ms
[525.979s][info][gc,cpu         ] GC(1272) User=0.00s Sys=0.00s Real=0.00s
[526.251s][info][gc,start       ] GC(1273) Pause Young (Allocation Failure)
[526.253s][info][gc,heap        ] GC(1273) PSYoungGen: 290368K(310784K)->64K(310784K) Eden: 290304K(290304K)->0K(293376K) From: 64K(20480K)->64K(17408K)
[526.253s][info][gc,heap        ] GC(1273) ParOldGen: 562432K(562688K)->562432K(562688K)
[526.253s][info][gc,metaspace   ] GC(1273) Metaspace: 35489K(36224K)->35489K(36224K) NonClass: 26279K(26816K)->26279K(26816K) Class: 9209K(9408K)->9209K(9408K)
[526.253s][info][gc             ] GC(1273) Pause Young (Allocation Failure) 832M->549M(853M) 2.000ms
[526.253s][info][gc,cpu         ] GC(1273) User=0.00s Sys=0.00s Real=0.01s
[526.548s][info][gc,start       ] GC(1274) Pause Young (Allocation Failure)
[526.550s][info][gc,heap        ] GC(1274) PSYoungGen: 293440K(310784K)->64K(312320K) Eden: 293376K(293376K)->0K(293376K) From: 64K(17408K)->64K(18944K)
[526.550s][info][gc,heap        ] GC(1274) ParOldGen: 562432K(562688K)->562432K(562688K)
[526.550s][info][gc,metaspace   ] GC(1274) Metaspace: 35489K(36224K)->35489K(36224K) NonClass: 26279K(26816K)->26279K(26816K) Class: 9209K(9408K)->9209K(9408K)
[526.550s][info][gc             ] GC(1274) Pause Young (Allocation Failure) 835M->549M(854M) 1.863ms
[526.550s][info][gc,cpu         ] GC(1274) User=0.00s Sys=0.00s Real=0.00s
[526.602s][info][gc,start       ] GC(1275) Pause Young (Allocation Failure)
[526.604s][info][gc,heap        ] GC(1275) PSYoungGen: 293440K(312320K)->64K(312320K) Eden: 293376K(293376K)->0K(296960K) From: 64K(18944K)->64K(15360K)
[526.604s][info][gc,heap        ] GC(1275) ParOldGen: 562432K(562688K)->562448K(562688K)
[526.604s][info][gc,metaspace   ] GC(1275) Metaspace: 35489K(36224K)->35489K(36224K) NonClass: 26279K(26816K)->26279K(26816K) Class: 9209K(9408K)->9209K(9408K)
[526.604s][info][gc             ] GC(1275) Pause Young (Allocation Failure) 835M->549M(854M) 1.802ms
[526.604s][info][gc,cpu         ] GC(1275) User=0.01s Sys=0.00s Real=0.01s
[526.738s][info][gc,start       ] GC(1276) Pause Young (Allocation Failure)
[526.740s][info][gc,heap        ] GC(1276) PSYoungGen: 297024K(312320K)->64K(313856K) Eden: 296960K(296960K)->0K(296960K) From: 64K(15360K)->64K(16896K)
[526.740s][info][gc,heap        ] GC(1276) ParOldGen: 562448K(562688K)->562448K(562688K)
[526.740s][info][gc,metaspace   ] GC(1276) Metaspace: 35489K(36224K)->35489K(36224K) NonClass: 26279K(26816K)->26279K(26816K) Class: 9209K(9408K)->9209K(9408K)
[526.740s][info][gc             ] GC(1276) Pause Young (Allocation Failure) 839M->549M(856M) 1.866ms
[526.740s][info][gc,cpu         ] GC(1276) User=0.00s Sys=0.00s Real=0.00s
[527.075s][info][gc,start       ] GC(1277) Pause Young (Allocation Failure)
[527.076s][info][gc,heap        ] GC(1277) PSYoungGen: 297024K(313856K)->32K(314368K) Eden: 296960K(296960K)->0K(300544K) From: 64K(16896K)->32K(13824K)
[527.076s][info][gc,heap        ] GC(1277) ParOldGen: 562448K(562688K)->562464K(562688K)
[527.076s][info][gc,metaspace   ] GC(1277) Metaspace: 35489K(36224K)->35489K(36224K) NonClass: 26279K(26816K)->26279K(26816K) Class: 9209K(9408K)->9209K(9408K)
[527.076s][info][gc             ] GC(1277) Pause Young (Allocation Failure) 839M->549M(856M) 1.881ms
[527.076s][info][gc,cpu         ] GC(1277) User=0.01s Sys=0.00s Real=0.00s
[527.288s][info][gc,start       ] GC(1278) Pause Young (Allocation Failure)
[527.290s][info][gc,heap        ] GC(1278) PSYoungGen: 300576K(314368K)->64K(315904K) Eden: 300544K(300544K)->0K(300544K) From: 32K(13824K)->64K(15360K)
[527.290s][info][gc,heap        ] GC(1278) ParOldGen: 562464K(562688K)->562464K(562688K)
[527.290s][info][gc,metaspace   ] GC(1278) Metaspace: 35489K(36224K)->35489K(36224K) NonClass: 26279K(26816K)->26279K(26816K) Class: 9209K(9408K)->9209K(9408K)
[527.290s][info][gc             ] GC(1278) Pause Young (Allocation Failure) 842M->549M(858M) 1.921ms
[527.290s][info][gc,cpu         ] GC(1278) User=0.01s Sys=0.00s Real=0.00s
[527.377s][info][gc,start       ] GC(1279) Pause Young (Allocation Failure)
[527.378s][info][gc,heap        ] GC(1279) PSYoungGen: 300608K(315904K)->64K(315904K) Eden: 300544K(300544K)->0K(304128K) From: 64K(15360K)->64K(11776K)
[527.378s][info][gc,heap        ] GC(1279) ParOldGen: 562464K(562688K)->562480K(562688K)
[527.378s][info][gc,metaspace   ] GC(1279) Metaspace: 35489K(36224K)->35489K(36224K) NonClass: 26279K(26816K)->26279K(26816K) Class: 9209K(9408K)->9209K(9408K)
[527.378s][info][gc             ] GC(1279) Pause Young (Allocation Failure) 842M->549M(858M) 1.895ms
[527.378s][info][gc,cpu         ] GC(1279) User=0.01s Sys=0.00s Real=0.00s
[527.579s][info][gc,start       ] GC(1280) Pause Young (Allocation Failure)
[527.581s][info][gc,heap        ] GC(1280) PSYoungGen: 304192K(315904K)->64K(317440K) Eden: 304128K(304128K)->0K(304128K) From: 64K(11776K)->64K(13312K)
[527.581s][info][gc,heap        ] GC(1280) ParOldGen: 562480K(562688K)->562480K(562688K)
[527.581s][info][gc,metaspace   ] GC(1280) Metaspace: 35489K(36224K)->35489K(36224K) NonClass: 26279K(26816K)->26279K(26816K) Class: 9209K(9408K)->9209K(9408K)
[527.581s][info][gc             ] GC(1280) Pause Young (Allocation Failure) 846M->549M(859M) 1.853ms
[527.581s][info][gc,cpu         ] GC(1280) User=0.00s Sys=0.00s Real=0.00s
[528.567s][info][gc,start       ] GC(1281) Pause Young (Allocation Failure)
[528.569s][info][gc,heap        ] GC(1281) PSYoungGen: 304192K(317440K)->64K(317952K) Eden: 304128K(304128K)->0K(307712K) From: 64K(13312K)->64K(10240K)
[528.569s][info][gc,heap        ] GC(1281) ParOldGen: 562480K(562688K)->562488K(562688K)
[528.569s][info][gc,metaspace   ] GC(1281) Metaspace: 35489K(36224K)->35489K(36224K) NonClass: 26279K(26816K)->26279K(26816K) Class: 9209K(9408K)->9209K(9408K)
[528.569s][info][gc             ] GC(1281) Pause Young (Allocation Failure) 846M->549M(860M) 1.884ms
[528.569s][info][gc,cpu         ] GC(1281) User=0.00s Sys=0.00s Real=0.00s
[529.466s][info][gc,start       ] GC(1282) Pause Young (Allocation Failure)
[529.468s][info][gc,heap        ] GC(1282) PSYoungGen: 307776K(317952K)->64K(295936K) Eden: 307712K(307712K)->0K(295424K) From: 64K(10240K)->64K(512K)
[529.468s][info][gc,heap        ] GC(1282) ParOldGen: 562488K(562688K)->562496K(562688K)
[529.468s][info][gc,metaspace   ] GC(1282) Metaspace: 35489K(36224K)->35489K(36224K) NonClass: 26279K(26816K)->26279K(26816K) Class: 9209K(9408K)->9209K(9408K)
[529.468s][info][gc             ] GC(1282) Pause Young (Allocation Failure) 849M->549M(838M) 1.866ms
[529.468s][info][gc,cpu         ] GC(1282) User=0.01s Sys=0.00s Real=0.00s
[529.950s][info][gc,start       ] GC(1283) Pause Young (Allocation Failure)
[529.952s][info][gc,heap        ] GC(1283) PSYoungGen: 295488K(295936K)->64K(284160K) Eden: 295424K(295424K)->0K(283648K) From: 64K(512K)->64K(512K)
[529.952s][info][gc,heap        ] GC(1283) ParOldGen: 562496K(562688K)->562504K(562688K)
[529.952s][info][gc,metaspace   ] GC(1283) Metaspace: 35489K(36224K)->35489K(36224K) NonClass: 26279K(26816K)->26279K(26816K) Class: 9209K(9408K)->9209K(9408K)
[529.952s][info][gc             ] GC(1283) Pause Young (Allocation Failure) 837M->549M(827M) 2.007ms
[529.952s][info][gc,cpu         ] GC(1283) User=0.00s Sys=0.00s Real=0.00s
[531.056s][info][gc,start       ] GC(1284) Pause Young (Allocation Failure)
[531.058s][info][gc,heap        ] GC(1284) PSYoungGen: 283712K(284160K)->64K(282624K) Eden: 283648K(283648K)->0K(272384K) From: 64K(512K)->64K(10240K)
[531.058s][info][gc,heap        ] GC(1284) ParOldGen: 562504K(562688K)->562512K(562688K)
[531.058s][info][gc,metaspace   ] GC(1284) Metaspace: 35489K(36224K)->35489K(36224K) NonClass: 26279K(26816K)->26279K(26816K) Class: 9209K(9408K)->9209K(9408K)
[531.058s][info][gc             ] GC(1284) Pause Young (Allocation Failure) 826M->549M(825M) 1.828ms
[531.058s][info][gc,cpu         ] GC(1284) User=0.01s Sys=0.00s Real=0.00s
[531.490s][info][gc,start       ] GC(1285) Pause Young (Allocation Failure)
[531.492s][info][gc,heap        ] GC(1285) PSYoungGen: 272448K(282624K)->64K(262144K) Eden: 272384K(272384K)->0K(261632K) From: 64K(10240K)->64K(512K)
[531.492s][info][gc,heap        ] GC(1285) ParOldGen: 562512K(562688K)->562520K(562688K)
[531.492s][info][gc,metaspace   ] GC(1285) Metaspace: 35489K(36224K)->35489K(36224K) NonClass: 26279K(26816K)->26279K(26816K) Class: 9209K(9408K)->9209K(9408K)
[531.492s][info][gc             ] GC(1285) Pause Young (Allocation Failure) 815M->549M(805M) 2.301ms
[531.492s][info][gc,cpu         ] GC(1285) User=0.00s Sys=0.00s Real=0.00s
[531.673s][info][gc,start       ] GC(1286) Pause Young (Allocation Failure)
[531.675s][info][gc,heap        ] GC(1286) PSYoungGen: 261696K(262144K)->64K(260608K) Eden: 261632K(261632K)->0K(251392K) From: 64K(512K)->64K(9216K)
[531.675s][info][gc,heap        ] GC(1286) ParOldGen: 562520K(562688K)->562528K(562688K)
[531.675s][info][gc,metaspace   ] GC(1286) Metaspace: 35489K(36224K)->35489K(36224K) NonClass: 26279K(26816K)->26279K(26816K) Class: 9209K(9408K)->9209K(9408K)
[531.675s][info][gc             ] GC(1286) Pause Young (Allocation Failure) 804M->549M(804M) 1.801ms
[531.675s][info][gc,cpu         ] GC(1286) User=0.00s Sys=0.00s Real=0.01s
[531.896s][info][gc,start       ] GC(1287) Pause Young (Allocation Failure)
[531.898s][info][gc,heap        ] GC(1287) PSYoungGen: 251456K(260608K)->64K(242176K) Eden: 251392K(251392K)->0K(241664K) From: 64K(9216K)->64K(512K)
[531.898s][info][gc,heap        ] GC(1287) ParOldGen: 562528K(562688K)->562536K(562688K)
[531.898s][info][gc,metaspace   ] GC(1287) Metaspace: 35489K(36224K)->35489K(36224K) NonClass: 26279K(26816K)->26279K(26816K) Class: 9209K(9408K)->9209K(9408K)
[531.898s][info][gc             ] GC(1287) Pause Young (Allocation Failure) 794M->549M(786M) 2.386ms
[531.898s][info][gc,cpu         ] GC(1287) User=0.00s Sys=0.00s Real=0.00s
[532.399s][info][gc,start       ] GC(1288) Pause Young (Allocation Failure)
[532.401s][info][gc,heap        ] GC(1288) PSYoungGen: 241728K(242176K)->64K(240640K) Eden: 241664K(241664K)->0K(232448K) From: 64K(512K)->64K(8192K)
[532.401s][info][gc,heap        ] GC(1288) ParOldGen: 562536K(562688K)->562544K(562688K)
[532.401s][info][gc,metaspace   ] GC(1288) Metaspace: 35489K(36224K)->35489K(36224K) NonClass: 26279K(26816K)->26279K(26816K) Class: 9209K(9408K)->9209K(9408K)
[532.401s][info][gc             ] GC(1288) Pause Young (Allocation Failure) 785M->549M(784M) 1.848ms
[532.401s][info][gc,cpu         ] GC(1288) User=0.01s Sys=0.00s Real=0.00s
[532.718s][info][gc,start       ] GC(1289) Pause Young (Allocation Failure)
[532.721s][info][gc,heap        ] GC(1289) PSYoungGen: 232512K(240640K)->64K(224256K) Eden: 232448K(232448K)->0K(223744K) From: 64K(8192K)->64K(512K)
[532.721s][info][gc,heap        ] GC(1289) ParOldGen: 562544K(562688K)->562552K(562688K)
[532.721s][info][gc,metaspace   ] GC(1289) Metaspace: 35489K(36224K)->35489K(36224K) NonClass: 26279K(26816K)->26279K(26816K) Class: 9209K(9408K)->9209K(9408K)
[532.721s][info][gc             ] GC(1289) Pause Young (Allocation Failure) 776M->549M(768M) 3.192ms
[532.721s][info][gc,cpu         ] GC(1289) User=0.00s Sys=0.00s Real=0.00s
[533.053s][info][gc,start       ] GC(1290) Pause Young (Allocation Failure)
[533.102s][info][gc,heap        ] GC(1290) PSYoungGen: 223808K(224256K)->6656K(274432K) Eden: 223744K(223744K)->0K(267776K) From: 64K(512K)->6656K(6656K)
[533.102s][info][gc,heap        ] GC(1290) ParOldGen: 562552K(562688K)->579568K(579584K)
[533.102s][info][gc,metaspace   ] GC(1290) Metaspace: 35489K(36224K)->35489K(36224K) NonClass: 26279K(26816K)->26279K(26816K) Class: 9209K(9408K)->9209K(9408K)
[533.102s][info][gc             ] GC(1290) Pause Young (Allocation Failure) 767M->572M(834M) 48.848ms
[533.102s][info][gc,cpu         ] GC(1290) User=0.09s Sys=0.02s Real=0.05s
[533.459s][info][gc,start       ] GC(1291) Pause Young (Allocation Failure)
[533.529s][info][gc,heap        ] GC(1291) PSYoungGen: 274432K(274432K)->14848K(273408K) Eden: 267776K(267776K)->0K(258560K) From: 6656K(6656K)->14848K(14848K)
[533.529s][info][gc,heap        ] GC(1291) ParOldGen: 579568K(579584K)->595560K(595968K)
[533.529s][info][gc,metaspace   ] GC(1291) Metaspace: 35489K(36224K)->35489K(36224K) NonClass: 26279K(26816K)->26279K(26816K) Class: 9209K(9408K)->9209K(9408K)
[533.529s][info][gc             ] GC(1291) Pause Young (Allocation Failure) 833M->596M(849M) 70.130ms
[533.529s][info][gc,cpu         ] GC(1291) User=0.12s Sys=0.02s Real=0.07s
[533.680s][info][gc,start       ] GC(1292) Pause Young (Allocation Failure)
[533.700s][info][gc,heap        ] GC(1292) PSYoungGen: 273408K(273408K)->8608K(282624K) Eden: 258560K(258560K)->0K(258560K) From: 14848K(14848K)->8608K(24064K)
[533.700s][info][gc,heap        ] GC(1292) ParOldGen: 595560K(595968K)->595992K(596480K)
[533.700s][info][gc,metaspace   ] GC(1292) Metaspace: 35492K(36224K)->35492K(36224K) NonClass: 26282K(26816K)->26282K(26816K) Class: 9209K(9408K)->9209K(9408K)
[533.700s][info][gc             ] GC(1292) Pause Young (Allocation Failure) 848M->590M(858M) 19.163ms
[533.700s][info][gc,cpu         ] GC(1292) User=0.04s Sys=0.00s Real=0.02s
[534.092s][info][gc,start       ] GC(1293) Pause Young (Allocation Failure)
[534.093s][info][gc,heap        ] GC(1293) PSYoungGen: 267168K(282624K)->64K(307712K) Eden: 258560K(258560K)->0K(286720K) From: 8608K(24064K)->64K(20992K)
[534.094s][info][gc,heap        ] GC(1293) ParOldGen: 595992K(596480K)->596000K(596480K)
[534.094s][info][gc,metaspace   ] GC(1293) Metaspace: 35492K(36224K)->35492K(36224K) NonClass: 26282K(26816K)->26282K(26816K) Class: 9209K(9408K)->9209K(9408K)
[534.094s][info][gc             ] GC(1293) Pause Young (Allocation Failure) 842M->582M(883M) 2.004ms
[534.094s][info][gc,cpu         ] GC(1293) User=0.00s Sys=0.00s Real=0.01s
[534.701s][info][gc,start       ] GC(1294) Pause Young (Allocation Failure)
[534.703s][info][gc,heap        ] GC(1294) PSYoungGen: 286784K(307712K)->64K(309248K) Eden: 286720K(286720K)->0K(286720K) From: 64K(20992K)->64K(22528K)
[534.703s][info][gc,heap        ] GC(1294) ParOldGen: 596000K(596480K)->596008K(596480K)
[534.703s][info][gc,metaspace   ] GC(1294) Metaspace: 35492K(36224K)->35492K(36224K) NonClass: 26282K(26816K)->26282K(26816K) Class: 9209K(9408K)->9209K(9408K)
[534.703s][info][gc             ] GC(1294) Pause Young (Allocation Failure) 862M->582M(884M) 2.002ms
[534.703s][info][gc,cpu         ] GC(1294) User=0.00s Sys=0.00s Real=0.00s
[535.202s][info][gc,start       ] GC(1295) Pause Young (Allocation Failure)
[535.204s][info][gc,heap        ] GC(1295) PSYoungGen: 286784K(309248K)->64K(308736K) Eden: 286720K(286720K)->0K(289280K) From: 64K(22528K)->64K(19456K)
[535.204s][info][gc,heap        ] GC(1295) ParOldGen: 596008K(596480K)->596024K(596480K)
[535.204s][info][gc,metaspace   ] GC(1295) Metaspace: 35492K(36224K)->35492K(36224K) NonClass: 26282K(26816K)->26282K(26816K) Class: 9209K(9408K)->9209K(9408K)
[535.204s][info][gc             ] GC(1295) Pause Young (Allocation Failure) 862M->582M(884M) 1.986ms
[535.204s][info][gc,cpu         ] GC(1295) User=0.00s Sys=0.00s Real=0.01s
[535.459s][info][gc,start       ] GC(1296) Pause Young (Allocation Failure)
[535.461s][info][gc,heap        ] GC(1296) PSYoungGen: 289344K(308736K)->64K(310272K) Eden: 289280K(289280K)->0K(289280K) From: 64K(19456K)->64K(20992K)
[535.461s][info][gc,heap        ] GC(1296) ParOldGen: 596024K(596480K)->596040K(596480K)
[535.461s][info][gc,metaspace   ] GC(1296) Metaspace: 35492K(36224K)->35492K(36224K) NonClass: 26282K(26816K)->26282K(26816K) Class: 9209K(9408K)->9209K(9408K)
[535.461s][info][gc             ] GC(1296) Pause Young (Allocation Failure) 864M->582M(885M) 2.065ms
[535.461s][info][gc,cpu         ] GC(1296) User=0.00s Sys=0.00s Real=0.00s
[535.716s][info][gc,start       ] GC(1297) Pause Young (Allocation Failure)
[535.718s][info][gc,heap        ] GC(1297) PSYoungGen: 289344K(310272K)->64K(310272K) Eden: 289280K(289280K)->0K(292864K) From: 64K(20992K)->64K(17408K)
[535.718s][info][gc,heap        ] GC(1297) ParOldGen: 596040K(596480K)->596040K(596480K)
[535.718s][info][gc,metaspace   ] GC(1297) Metaspace: 35492K(36224K)->35492K(36224K) NonClass: 26282K(26816K)->26282K(26816K) Class: 9209K(9408K)->9209K(9408K)
[535.718s][info][gc             ] GC(1297) Pause Young (Allocation Failure) 864M->582M(885M) 1.993ms
[535.718s][info][gc,cpu         ] GC(1297) User=0.01s Sys=0.00s Real=0.00s
[536.027s][info][gc,start       ] GC(1298) Pause Young (Allocation Failure)
[536.029s][info][gc,heap        ] GC(1298) PSYoungGen: 292928K(310272K)->64K(311808K) Eden: 292864K(292864K)->0K(292864K) From: 64K(17408K)->64K(18944K)
[536.029s][info][gc,heap        ] GC(1298) ParOldGen: 596040K(596480K)->596040K(596480K)
[536.029s][info][gc,metaspace   ] GC(1298) Metaspace: 35492K(36224K)->35492K(36224K) NonClass: 26282K(26816K)->26282K(26816K) Class: 9209K(9408K)->9209K(9408K)
[536.029s][info][gc             ] GC(1298) Pause Young (Allocation Failure) 868M->582M(887M) 2.097ms
[536.029s][info][gc,cpu         ] GC(1298) User=0.01s Sys=0.00s Real=0.00s
[536.080s][info][gc,start       ] GC(1299) Pause Young (Allocation Failure)
[536.082s][info][gc,heap        ] GC(1299) PSYoungGen: 292928K(311808K)->64K(312320K) Eden: 292864K(292864K)->0K(296448K) From: 64K(18944K)->64K(15872K)
[536.082s][info][gc,heap        ] GC(1299) ParOldGen: 596040K(596480K)->596056K(596480K)
[536.082s][info][gc,metaspace   ] GC(1299) Metaspace: 35492K(36224K)->35492K(36224K) NonClass: 26282K(26816K)->26282K(26816K) Class: 9209K(9408K)->9209K(9408K)
[536.082s][info][gc             ] GC(1299) Pause Young (Allocation Failure) 868M->582M(887M) 1.938ms
[536.082s][info][gc,cpu         ] GC(1299) User=0.00s Sys=0.00s Real=0.00s
[536.195s][info][gc,start       ] GC(1300) Pause Young (Allocation Failure)
[536.197s][info][gc,heap        ] GC(1300) PSYoungGen: 296512K(312320K)->64K(313856K) Eden: 296448K(296448K)->0K(296448K) From: 64K(15872K)->64K(17408K)
[536.197s][info][gc,heap        ] GC(1300) ParOldGen: 596056K(596480K)->596056K(596480K)
[536.197s][info][gc,metaspace   ] GC(1300) Metaspace: 35492K(36224K)->35492K(36224K) NonClass: 26282K(26816K)->26282K(26816K) Class: 9209K(9408K)->9209K(9408K)
[536.197s][info][gc             ] GC(1300) Pause Young (Allocation Failure) 871M->582M(889M) 1.981ms
[536.197s][info][gc,cpu         ] GC(1300) User=0.01s Sys=0.00s Real=0.00s
[536.532s][info][gc,start       ] GC(1301) Pause Young (Allocation Failure)
[536.534s][info][gc,heap        ] GC(1301) PSYoungGen: 296512K(313856K)->64K(313856K) Eden: 296448K(296448K)->0K(300032K) From: 64K(17408K)->64K(13824K)
[536.534s][info][gc,heap        ] GC(1301) ParOldGen: 596056K(596480K)->596072K(596480K)
[536.534s][info][gc,metaspace   ] GC(1301) Metaspace: 35492K(36224K)->35492K(36224K) NonClass: 26282K(26816K)->26282K(26816K) Class: 9209K(9408K)->9209K(9408K)
[536.534s][info][gc             ] GC(1301) Pause Young (Allocation Failure) 871M->582M(889M) 2.106ms
[536.534s][info][gc,cpu         ] GC(1301) User=0.00s Sys=0.00s Real=0.01s
[536.748s][info][gc,start       ] GC(1302) Pause Young (Allocation Failure)
[536.750s][info][gc,heap        ] GC(1302) PSYoungGen: 300096K(313856K)->64K(315392K) Eden: 300032K(300032K)->0K(300032K) From: 64K(13824K)->64K(15360K)
[536.750s][info][gc,heap        ] GC(1302) ParOldGen: 596072K(596480K)->596072K(596480K)
[536.750s][info][gc,metaspace   ] GC(1302) Metaspace: 35492K(36224K)->35492K(36224K) NonClass: 26282K(26816K)->26282K(26816K) Class: 9209K(9408K)->9209K(9408K)
[536.750s][info][gc             ] GC(1302) Pause Young (Allocation Failure) 875M->582M(890M) 2.001ms
[536.750s][info][gc,cpu         ] GC(1302) User=0.01s Sys=0.00s Real=0.00s
[536.839s][info][gc,start       ] GC(1303) Pause Young (Allocation Failure)
[536.840s][info][gc,heap        ] GC(1303) PSYoungGen: 300096K(315392K)->64K(316928K) Eden: 300032K(300032K)->0K(304128K) From: 64K(15360K)->64K(12800K)
[536.841s][info][gc,heap        ] GC(1303) ParOldGen: 596072K(596480K)->596088K(596480K)
[536.841s][info][gc,metaspace   ] GC(1303) Metaspace: 35492K(36224K)->35492K(36224K) NonClass: 26282K(26816K)->26282K(26816K) Class: 9209K(9408K)->9209K(9408K)
[536.841s][info][gc             ] GC(1303) Pause Young (Allocation Failure) 875M->582M(892M) 1.951ms
[536.841s][info][gc,cpu         ] GC(1303) User=0.01s Sys=0.00s Real=0.00s
[537.032s][info][gc,start       ] GC(1304) Pause Young (Allocation Failure)
[537.034s][info][gc,heap        ] GC(1304) PSYoungGen: 304192K(316928K)->64K(317952K) Eden: 304128K(304128K)->0K(304128K) From: 64K(12800K)->64K(13824K)
[537.034s][info][gc,heap        ] GC(1304) ParOldGen: 596088K(596480K)->596088K(596480K)
[537.034s][info][gc,metaspace   ] GC(1304) Metaspace: 35492K(36224K)->35492K(36224K) NonClass: 26282K(26816K)->26282K(26816K) Class: 9209K(9408K)->9209K(9408K)
[537.034s][info][gc             ] GC(1304) Pause Young (Allocation Failure) 879M->582M(893M) 1.981ms
[537.034s][info][gc,cpu         ] GC(1304) User=0.00s Sys=0.00s Real=0.01s
[538.026s][info][gc,start       ] GC(1305) Pause Young (Allocation Failure)
[538.028s][info][gc,heap        ] GC(1305) PSYoungGen: 304192K(317952K)->83K(318976K) Eden: 304128K(304128K)->0K(307200K) From: 64K(13824K)->83K(11776K)
[538.028s][info][gc,heap        ] GC(1305) ParOldGen: 596088K(596480K)->596096K(596480K)
[538.028s][info][gc,metaspace   ] GC(1305) Metaspace: 35492K(36224K)->35492K(36224K) NonClass: 26282K(26816K)->26282K(26816K) Class: 9209K(9408K)->9209K(9408K)
[538.028s][info][gc             ] GC(1305) Pause Young (Allocation Failure) 879M->582M(894M) 1.956ms
[538.028s][info][gc,cpu         ] GC(1305) User=0.00s Sys=0.00s Real=0.00s
[539.001s][info][gc,start       ] GC(1306) Pause Young (Allocation Failure)
[539.003s][info][gc,heap        ] GC(1306) PSYoungGen: 307283K(318976K)->64K(319488K) Eden: 307200K(307200K)->0K(307200K) From: 83K(11776K)->64K(12288K)
[539.003s][info][gc,heap        ] GC(1306) ParOldGen: 596096K(596480K)->596104K(596480K)
[539.003s][info][gc,metaspace   ] GC(1306) Metaspace: 35492K(36224K)->35492K(36224K) NonClass: 26282K(26816K)->26282K(26816K) Class: 9209K(9408K)->9209K(9408K)
[539.004s][info][gc             ] GC(1306) Pause Young (Allocation Failure) 882M->582M(894M) 2.884ms
[539.004s][info][gc,cpu         ] GC(1306) User=0.00s Sys=0.00s Real=0.01s
[539.475s][info][gc,start       ] GC(1307) Pause Young (Allocation Failure)
[539.477s][info][gc,heap        ] GC(1307) PSYoungGen: 307264K(319488K)->64K(295424K) Eden: 307200K(307200K)->0K(294912K) From: 64K(12288K)->64K(512K)
[539.477s][info][gc,heap        ] GC(1307) ParOldGen: 596104K(596480K)->596112K(596480K)
[539.477s][info][gc,metaspace   ] GC(1307) Metaspace: 35492K(36224K)->35492K(36224K) NonClass: 26282K(26816K)->26282K(26816K) Class: 9209K(9408K)->9209K(9408K)
[539.477s][info][gc             ] GC(1307) Pause Young (Allocation Failure) 882M->582M(871M) 2.061ms
[539.477s][info][gc,cpu         ] GC(1307) User=0.01s Sys=0.00s Real=0.00s
[540.599s][info][gc,start       ] GC(1308) Pause Young (Allocation Failure)
[540.601s][info][gc,heap        ] GC(1308) PSYoungGen: 294976K(295424K)->64K(293888K) Eden: 294912K(294912K)->0K(283136K) From: 64K(512K)->64K(10752K)
[540.601s][info][gc,heap        ] GC(1308) ParOldGen: 596112K(596480K)->596120K(596480K)
[540.601s][info][gc,metaspace   ] GC(1308) Metaspace: 35492K(36224K)->35492K(36224K) NonClass: 26282K(26816K)->26282K(26816K) Class: 9209K(9408K)->9209K(9408K)
[540.601s][info][gc             ] GC(1308) Pause Young (Allocation Failure) 870M->582M(869M) 2.082ms
[540.601s][info][gc,cpu         ] GC(1308) User=0.00s Sys=0.00s Real=0.00s
[541.051s][info][gc,start       ] GC(1309) Pause Young (Allocation Failure)
[541.053s][info][gc,heap        ] GC(1309) PSYoungGen: 283200K(293888K)->64K(272384K) Eden: 283136K(283136K)->0K(271872K) From: 64K(10752K)->64K(512K)
[541.053s][info][gc,heap        ] GC(1309) ParOldGen: 596120K(596480K)->596128K(596480K)
[541.053s][info][gc,metaspace   ] GC(1309) Metaspace: 35492K(36224K)->35492K(36224K) NonClass: 26282K(26816K)->26282K(26816K) Class: 9209K(9408K)->9209K(9408K)
[541.053s][info][gc             ] GC(1309) Pause Young (Allocation Failure) 858M->582M(848M) 2.087ms
[541.053s][info][gc,cpu         ] GC(1309) User=0.01s Sys=0.00s Real=0.00s
[541.230s][info][gc,start       ] GC(1310) Pause Young (Allocation Failure)
[541.234s][info][gc,heap        ] GC(1310) PSYoungGen: 271936K(272384K)->64K(303104K) Eden: 271872K(271872K)->0K(293888K) From: 64K(512K)->64K(9216K)
[541.234s][info][gc,heap        ] GC(1310) ParOldGen: 596128K(596480K)->596144K(596480K)
[541.234s][info][gc,metaspace   ] GC(1310) Metaspace: 35492K(36224K)->35492K(36224K) NonClass: 26282K(26816K)->26282K(26816K) Class: 9209K(9408K)->9209K(9408K)
[541.234s][info][gc             ] GC(1310) Pause Young (Allocation Failure) 847M->582M(878M) 3.592ms
[541.234s][info][gc,cpu         ] GC(1310) User=0.00s Sys=0.00s Real=0.01s
[541.623s][info][gc,start       ] GC(1311) Pause Young (Allocation Failure)
[541.626s][info][gc,heap        ] GC(1311) PSYoungGen: 293952K(303104K)->64K(282624K) Eden: 293888K(293888K)->0K(282112K) From: 64K(9216K)->64K(512K)
[541.626s][info][gc,heap        ] GC(1311) ParOldGen: 596144K(596480K)->596152K(596480K)
[541.626s][info][gc,metaspace   ] GC(1311) Metaspace: 35492K(36224K)->35492K(36224K) NonClass: 26282K(26816K)->26282K(26816K) Class: 9209K(9408K)->9209K(9408K)
[541.626s][info][gc             ] GC(1311) Pause Young (Allocation Failure) 869M->582M(858M) 2.769ms
[541.626s][info][gc,cpu         ] GC(1311) User=0.01s Sys=0.00s Real=0.00s
[542.054s][info][gc,start       ] GC(1312) Pause Young (Allocation Failure)
[542.056s][info][gc,heap        ] GC(1312) PSYoungGen: 282176K(282624K)->64K(279040K) Eden: 282112K(282112K)->0K(270848K) From: 64K(512K)->64K(8192K)
[542.056s][info][gc,heap        ] GC(1312) ParOldGen: 596152K(596480K)->596160K(596480K)
[542.056s][info][gc,metaspace   ] GC(1312) Metaspace: 35492K(36224K)->35492K(36224K) NonClass: 26282K(26816K)->26282K(26816K) Class: 9209K(9408K)->9209K(9408K)
[542.056s][info][gc             ] GC(1312) Pause Young (Allocation Failure) 857M->582M(855M) 2.009ms
[542.056s][info][gc,cpu         ] GC(1312) User=0.01s Sys=0.00s Real=0.00s
[542.497s][info][gc,start       ] GC(1313) Pause Young (Allocation Failure)
[542.528s][info][gc,heap        ] GC(1313) PSYoungGen: 270912K(279040K)->7680K(313856K) Eden: 270848K(270848K)->0K(306176K) From: 64K(8192K)->7680K(7680K)
[542.528s][info][gc,heap        ] GC(1313) ParOldGen: 596160K(596480K)->602976K(603136K)
[542.528s][info][gc,metaspace   ] GC(1313) Metaspace: 35492K(36224K)->35492K(36224K) NonClass: 26282K(26816K)->26282K(26816K) Class: 9209K(9408K)->9209K(9408K)
[542.528s][info][gc             ] GC(1313) Pause Young (Allocation Failure) 846M->596M(895M) 30.897ms
[542.528s][info][gc,cpu         ] GC(1313) User=0.06s Sys=0.01s Real=0.03s
[542.939s][info][gc,start       ] GC(1314) Pause Young (Allocation Failure)
[543.017s][info][gc,heap        ] GC(1314) PSYoungGen: 313856K(313856K)->11776K(317952K) Eden: 306176K(306176K)->0K(306176K) From: 7680K(7680K)->11776K(11776K)
[543.017s][info][gc,heap        ] GC(1314) ParOldGen: 602976K(603136K)->626128K(626176K)
[543.017s][info][gc,metaspace   ] GC(1314) Metaspace: 35492K(36224K)->35492K(36224K) NonClass: 26282K(26816K)->26282K(26816K) Class: 9209K(9408K)->9209K(9408K)
[543.017s][info][gc             ] GC(1314) Pause Young (Allocation Failure) 895M->622M(922M) 78.003ms
[543.017s][info][gc,cpu         ] GC(1314) User=0.14s Sys=0.02s Real=0.08s
[543.229s][info][gc,start       ] GC(1315) Pause Young (Allocation Failure)
[543.261s][info][gc,heap        ] GC(1315) PSYoungGen: 317952K(317952K)->13408K(301568K) Eden: 306176K(306176K)->0K(285696K) From: 11776K(11776K)->13408K(15872K)
[543.261s][info][gc,heap        ] GC(1315) ParOldGen: 626128K(626176K)->626752K(627200K)
[543.261s][info][gc,metaspace   ] GC(1315) Metaspace: 35492K(36224K)->35492K(36224K) NonClass: 26282K(26816K)->26282K(26816K) Class: 9209K(9408K)->9209K(9408K)
[543.261s][info][gc             ] GC(1315) Pause Young (Allocation Failure) 921M->625M(907M) 32.236ms
[543.261s][info][gc,cpu         ] GC(1315) User=0.06s Sys=0.01s Real=0.03s
[543.726s][info][gc,start       ] GC(1316) Pause Young (Allocation Failure)
[543.728s][info][gc,heap        ] GC(1316) PSYoungGen: 299104K(301568K)->64K(309760K) Eden: 285696K(285696K)->0K(285696K) From: 13408K(15872K)->64K(24064K)
[543.728s][info][gc,heap        ] GC(1316) ParOldGen: 626752K(627200K)->626760K(627200K)
[543.728s][info][gc,metaspace   ] GC(1316) Metaspace: 35492K(36224K)->35492K(36224K) NonClass: 26282K(26816K)->26282K(26816K) Class: 9209K(9408K)->9209K(9408K)
[543.728s][info][gc             ] GC(1316) Pause Young (Allocation Failure) 904M->612M(915M) 2.008ms
[543.728s][info][gc,cpu         ] GC(1316) User=0.01s Sys=0.00s Real=0.00s
[544.301s][info][gc,start       ] GC(1317) Pause Young (Allocation Failure)
[544.303s][info][gc,heap        ] GC(1317) PSYoungGen: 285760K(309760K)->64K(307200K) Eden: 285696K(285696K)->0K(286208K) From: 64K(24064K)->64K(20992K)
[544.303s][info][gc,heap        ] GC(1317) ParOldGen: 626760K(627200K)->626768K(627200K)
[544.303s][info][gc,metaspace   ] GC(1317) Metaspace: 35492K(36224K)->35492K(36224K) NonClass: 26282K(26816K)->26282K(26816K) Class: 9209K(9408K)->9209K(9408K)
[544.303s][info][gc             ] GC(1317) Pause Young (Allocation Failure) 891M->612M(912M) 2.076ms
[544.303s][info][gc,cpu         ] GC(1317) User=0.00s Sys=0.00s Real=0.00s
[544.811s][info][gc,start       ] GC(1318) Pause Young (Allocation Failure)
[544.813s][info][gc,heap        ] GC(1318) PSYoungGen: 286272K(307200K)->64K(308736K) Eden: 286208K(286208K)->0K(286208K) From: 64K(20992K)->64K(22528K)
[544.813s][info][gc,heap        ] GC(1318) ParOldGen: 626768K(627200K)->626784K(627200K)
[544.813s][info][gc,metaspace   ] GC(1318) Metaspace: 35492K(36224K)->35492K(36224K) NonClass: 26282K(26816K)->26282K(26816K) Class: 9209K(9408K)->9209K(9408K)
[544.813s][info][gc             ] GC(1318) Pause Young (Allocation Failure) 891M->612M(914M) 2.093ms
[544.813s][info][gc,cpu         ] GC(1318) User=0.00s Sys=0.00s Real=0.00s
[545.067s][info][gc,start       ] GC(1319) Pause Young (Allocation Failure)
[545.069s][info][gc,heap        ] GC(1319) PSYoungGen: 286272K(308736K)->64K(308736K) Eden: 286208K(286208K)->0K(289280K) From: 64K(22528K)->64K(19456K)
[545.069s][info][gc,heap        ] GC(1319) ParOldGen: 626784K(627200K)->626800K(627200K)
[545.069s][info][gc,metaspace   ] GC(1319) Metaspace: 35492K(36224K)->35492K(36224K) NonClass: 26282K(26816K)->26282K(26816K) Class: 9209K(9408K)->9209K(9408K)
[545.069s][info][gc             ] GC(1319) Pause Young (Allocation Failure) 891M->612M(914M) 2.076ms
[545.069s][info][gc,cpu         ] GC(1319) User=0.01s Sys=0.00s Real=0.00s
[545.324s][info][gc,start       ] GC(1320) Pause Young (Allocation Failure)
[545.326s][info][gc,heap        ] GC(1320) PSYoungGen: 289344K(308736K)->64K(310272K) Eden: 289280K(289280K)->0K(289280K) From: 64K(19456K)->64K(20992K)
[545.326s][info][gc,heap        ] GC(1320) ParOldGen: 626800K(627200K)->626800K(627200K)
[545.326s][info][gc,metaspace   ] GC(1320) Metaspace: 35492K(36224K)->35492K(36224K) NonClass: 26282K(26816K)->26282K(26816K) Class: 9209K(9408K)->9209K(9408K)
[545.326s][info][gc             ] GC(1320) Pause Young (Allocation Failure) 894M->612M(915M) 2.056ms
[545.326s][info][gc,cpu         ] GC(1320) User=0.00s Sys=0.00s Real=0.00s
[545.619s][info][gc,start       ] GC(1321) Pause Young (Allocation Failure)
[545.621s][info][gc,heap        ] GC(1321) PSYoungGen: 289344K(310272K)->64K(310272K) Eden: 289280K(289280K)->0K(292864K) From: 64K(20992K)->64K(17408K)
[545.621s][info][gc,heap        ] GC(1321) ParOldGen: 626800K(627200K)->626800K(627200K)
[545.621s][info][gc,metaspace   ] GC(1321) Metaspace: 35492K(36224K)->35492K(36224K) NonClass: 26282K(26816K)->26282K(26816K) Class: 9209K(9408K)->9209K(9408K)
[545.621s][info][gc             ] GC(1321) Pause Young (Allocation Failure) 894M->612M(915M) 2.226ms
[545.621s][info][gc,cpu         ] GC(1321) User=0.01s Sys=0.00s Real=0.00s
[545.673s][info][gc,start       ] GC(1322) Pause Young (Allocation Failure)
[545.675s][info][gc,heap        ] GC(1322) PSYoungGen: 292928K(310272K)->32K(311808K) Eden: 292864K(292864K)->0K(292864K) From: 64K(17408K)->32K(18944K)
[545.675s][info][gc,heap        ] GC(1322) ParOldGen: 626800K(627200K)->626816K(627200K)
[545.675s][info][gc,metaspace   ] GC(1322) Metaspace: 35492K(36224K)->35492K(36224K) NonClass: 26282K(26816K)->26282K(26816K) Class: 9209K(9408K)->9209K(9408K)
[545.675s][info][gc             ] GC(1322) Pause Young (Allocation Failure) 898M->612M(917M) 2.015ms
[545.675s][info][gc,cpu         ] GC(1322) User=0.00s Sys=0.00s Real=0.01s
[545.807s][info][gc,start       ] GC(1323) Pause Young (Allocation Failure)
[545.809s][info][gc,heap        ] GC(1323) PSYoungGen: 292896K(311808K)->64K(312320K) Eden: 292864K(292864K)->0K(296960K) From: 32K(18944K)->64K(15360K)
[545.809s][info][gc,heap        ] GC(1323) ParOldGen: 626816K(627200K)->626816K(627200K)
[545.809s][info][gc,metaspace   ] GC(1323) Metaspace: 35492K(36224K)->35492K(36224K) NonClass: 26282K(26816K)->26282K(26816K) Class: 9209K(9408K)->9209K(9408K)
[545.809s][info][gc             ] GC(1323) Pause Young (Allocation Failure) 898M->612M(917M) 2.052ms
[545.809s][info][gc,cpu         ] GC(1323) User=0.01s Sys=0.00s Real=0.00s
[546.144s][info][gc,start       ] GC(1324) Pause Young (Allocation Failure)
[546.146s][info][gc,heap        ] GC(1324) PSYoungGen: 297024K(312320K)->64K(313856K) Eden: 296960K(296960K)->0K(296960K) From: 64K(15360K)->64K(16896K)
[546.146s][info][gc,heap        ] GC(1324) ParOldGen: 626816K(627200K)->626832K(627200K)
[546.146s][info][gc,metaspace   ] GC(1324) Metaspace: 35492K(36224K)->35492K(36224K) NonClass: 26282K(26816K)->26282K(26816K) Class: 9209K(9408K)->9209K(9408K)
[546.146s][info][gc             ] GC(1324) Pause Young (Allocation Failure) 902M->612M(919M) 2.044ms
[546.146s][info][gc,cpu         ] GC(1324) User=0.00s Sys=0.00s Real=0.00s
[546.339s][info][gc,start       ] GC(1325) Pause Young (Allocation Failure)
[546.341s][info][gc,heap        ] GC(1325) PSYoungGen: 297024K(313856K)->64K(315392K) Eden: 296960K(296960K)->0K(301056K) From: 64K(16896K)->64K(14336K)
[546.341s][info][gc,heap        ] GC(1325) ParOldGen: 626832K(627200K)->626832K(627200K)
[546.341s][info][gc,metaspace   ] GC(1325) Metaspace: 35492K(36224K)->35492K(36224K) NonClass: 26282K(26816K)->26282K(26816K) Class: 9209K(9408K)->9209K(9408K)
[546.341s][info][gc             ] GC(1325) Pause Young (Allocation Failure) 902M->612M(920M) 2.066ms
[546.341s][info][gc,cpu         ] GC(1325) User=0.00s Sys=0.00s Real=0.00s
[546.431s][info][gc,start       ] GC(1326) Pause Young (Allocation Failure)
[546.433s][info][gc,heap        ] GC(1326) PSYoungGen: 301120K(315392K)->64K(316416K) Eden: 301056K(301056K)->0K(301056K) From: 64K(14336K)->64K(15360K)
[546.433s][info][gc,heap        ] GC(1326) ParOldGen: 626832K(627200K)->626848K(627200K)
[546.433s][info][gc,metaspace   ] GC(1326) Metaspace: 35492K(36224K)->35492K(36224K) NonClass: 26282K(26816K)->26282K(26816K) Class: 9209K(9408K)->9209K(9408K)
[546.433s][info][gc             ] GC(1326) Pause Young (Allocation Failure) 906M->612M(921M) 2.083ms
[546.433s][info][gc,cpu         ] GC(1326) User=0.00s Sys=0.00s Real=0.01s
[546.625s][info][gc,start       ] GC(1327) Pause Young (Allocation Failure)
[546.627s][info][gc,heap        ] GC(1327) PSYoungGen: 301120K(316416K)->64K(316416K) Eden: 301056K(301056K)->0K(304128K) From: 64K(15360K)->64K(12288K)
[546.627s][info][gc,heap        ] GC(1327) ParOldGen: 626848K(627200K)->626848K(627200K)
[546.627s][info][gc,metaspace   ] GC(1327) Metaspace: 35492K(36224K)->35492K(36224K) NonClass: 26282K(26816K)->26282K(26816K) Class: 9209K(9408K)->9209K(9408K)
[546.627s][info][gc             ] GC(1327) Pause Young (Allocation Failure) 906M->612M(921M) 2.003ms
[546.627s][info][gc,cpu         ] GC(1327) User=0.01s Sys=0.00s Real=0.00s
[547.619s][info][gc,start       ] GC(1328) Pause Young (Allocation Failure)
[547.621s][info][gc,heap        ] GC(1328) PSYoungGen: 304192K(316416K)->83K(317440K) Eden: 304128K(304128K)->0K(304128K) From: 64K(12288K)->83K(13312K)
[547.621s][info][gc,heap        ] GC(1328) ParOldGen: 626848K(627200K)->626856K(627200K)
[547.621s][info][gc,metaspace   ] GC(1328) Metaspace: 35492K(36224K)->35492K(36224K) NonClass: 26282K(26816K)->26282K(26816K) Class: 9209K(9408K)->9209K(9408K)
[547.621s][info][gc             ] GC(1328) Pause Young (Allocation Failure) 909M->612M(922M) 2.119ms
[547.621s][info][gc,cpu         ] GC(1328) User=0.00s Sys=0.00s Real=0.00s
[548.509s][info][gc,start       ] GC(1329) Pause Young (Allocation Failure)
[548.511s][info][gc,heap        ] GC(1329) PSYoungGen: 304211K(317440K)->64K(319488K) Eden: 304128K(304128K)->0K(308224K) From: 83K(13312K)->64K(11264K)
[548.511s][info][gc,heap        ] GC(1329) ParOldGen: 626856K(627200K)->626864K(627200K)
[548.511s][info][gc,metaspace   ] GC(1329) Metaspace: 35492K(36224K)->35492K(36224K) NonClass: 26282K(26816K)->26282K(26816K) Class: 9209K(9408K)->9209K(9408K)
[548.511s][info][gc             ] GC(1329) Pause Young (Allocation Failure) 909M->612M(924M) 2.201ms
[548.511s][info][gc,cpu         ] GC(1329) User=0.01s Sys=0.00s Real=0.00s
[548.999s][info][gc,start       ] GC(1330) Pause Young (Allocation Failure)
[549.001s][info][gc,heap        ] GC(1330) PSYoungGen: 308288K(319488K)->64K(296448K) Eden: 308224K(308224K)->0K(295936K) From: 64K(11264K)->64K(512K)
[549.001s][info][gc,heap        ] GC(1330) ParOldGen: 626864K(627200K)->626872K(627200K)
[549.001s][info][gc,metaspace   ] GC(1330) Metaspace: 35492K(36224K)->35492K(36224K) NonClass: 26282K(26816K)->26282K(26816K) Class: 9209K(9408K)->9209K(9408K)
[549.001s][info][gc             ] GC(1330) Pause Young (Allocation Failure) 913M->612M(902M) 2.809ms
[549.001s][info][gc,cpu         ] GC(1330) User=0.00s Sys=0.00s Real=0.00s
[550.136s][info][gc,start       ] GC(1331) Pause Young (Allocation Failure)
[550.139s][info][gc,heap        ] GC(1331) PSYoungGen: 296000K(296448K)->64K(284672K) Eden: 295936K(295936K)->0K(284160K) From: 64K(512K)->64K(512K)
[550.139s][info][gc,heap        ] GC(1331) ParOldGen: 626872K(627200K)->626880K(627200K)
[550.139s][info][gc,metaspace   ] GC(1331) Metaspace: 35492K(36224K)->35492K(36224K) NonClass: 26282K(26816K)->26282K(26816K) Class: 9209K(9408K)->9209K(9408K)
[550.139s][info][gc             ] GC(1331) Pause Young (Allocation Failure) 901M->612M(890M) 2.698ms
[550.139s][info][gc,cpu         ] GC(1331) User=0.01s Sys=0.00s Real=0.00s
[550.586s][info][gc,start       ] GC(1332) Pause Young (Allocation Failure)
[550.588s][info][gc,heap        ] GC(1332) PSYoungGen: 284224K(284672K)->64K(283136K) Eden: 284160K(284160K)->0K(272896K) From: 64K(512K)->64K(10240K)
[550.588s][info][gc,heap        ] GC(1332) ParOldGen: 626880K(627200K)->626888K(627200K)
[550.588s][info][gc,metaspace   ] GC(1332) Metaspace: 35492K(36224K)->35492K(36224K) NonClass: 26282K(26816K)->26282K(26816K) Class: 9209K(9408K)->9209K(9408K)
[550.588s][info][gc             ] GC(1332) Pause Young (Allocation Failure) 889M->612M(889M) 1.976ms
[550.588s][info][gc,cpu         ] GC(1332) User=0.01s Sys=0.00s Real=0.00s
[550.756s][info][gc,start       ] GC(1333) Pause Young (Allocation Failure)
[550.759s][info][gc,heap        ] GC(1333) PSYoungGen: 272960K(283136K)->64K(262656K) Eden: 272896K(272896K)->0K(262144K) From: 64K(10240K)->64K(512K)
[550.759s][info][gc,heap        ] GC(1333) ParOldGen: 626888K(627200K)->626896K(627200K)
[550.759s][info][gc,metaspace   ] GC(1333) Metaspace: 35492K(36224K)->35492K(36224K) NonClass: 26282K(26816K)->26282K(26816K) Class: 9209K(9408K)->9209K(9408K)
[550.759s][info][gc             ] GC(1333) Pause Young (Allocation Failure) 878M->612M(869M) 2.766ms
[550.759s][info][gc,cpu         ] GC(1333) User=0.01s Sys=0.00s Real=0.00s
[551.105s][info][gc,start       ] GC(1334) Pause Young (Allocation Failure)
[551.107s][info][gc,heap        ] GC(1334) PSYoungGen: 262208K(262656K)->64K(260608K) Eden: 262144K(262144K)->0K(251904K) From: 64K(512K)->64K(8704K)
[551.107s][info][gc,heap        ] GC(1334) ParOldGen: 626896K(627200K)->626904K(627200K)
[551.107s][info][gc,metaspace   ] GC(1334) Metaspace: 35492K(36224K)->35492K(36224K) NonClass: 26282K(26816K)->26282K(26816K) Class: 9209K(9408K)->9209K(9408K)
[551.107s][info][gc             ] GC(1334) Pause Young (Allocation Failure) 868M->612M(867M) 1.989ms
[551.107s][info][gc,cpu         ] GC(1334) User=0.00s Sys=0.00s Real=0.00s
[551.498s][info][gc,start       ] GC(1335) Pause Young (Allocation Failure)
[551.500s][info][gc,heap        ] GC(1335) PSYoungGen: 251968K(260608K)->64K(242688K) Eden: 251904K(251904K)->0K(242176K) From: 64K(8704K)->64K(512K)
[551.500s][info][gc,heap        ] GC(1335) ParOldGen: 626904K(627200K)->626912K(627200K)
[551.500s][info][gc,metaspace   ] GC(1335) Metaspace: 35492K(36224K)->35492K(36224K) NonClass: 26282K(26816K)->26282K(26816K) Class: 9209K(9408K)->9209K(9408K)
[551.500s][info][gc             ] GC(1335) Pause Young (Allocation Failure) 858M->612M(849M) 2.762ms
[551.500s][info][gc,cpu         ] GC(1335) User=0.01s Sys=0.01s Real=0.00s
[551.908s][info][gc,start       ] GC(1336) Pause Young (Allocation Failure)
[551.918s][info][gc,heap        ] GC(1336) PSYoungGen: 242240K(242688K)->6144K(286208K) Eden: 242176K(242176K)->0K(278528K) From: 64K(512K)->6144K(7680K)
[551.918s][info][gc,heap        ] GC(1336) ParOldGen: 626912K(627200K)->626928K(627200K)
[551.918s][info][gc,metaspace   ] GC(1336) Metaspace: 35492K(36224K)->35492K(36224K) NonClass: 26282K(26816K)->26282K(26816K) Class: 9209K(9408K)->9209K(9408K)
[551.918s][info][gc             ] GC(1336) Pause Young (Allocation Failure) 848M->618M(892M) 10.494ms
[551.918s][info][gc,cpu         ] GC(1336) User=0.02s Sys=0.00s Real=0.01s
[552.293s][info][gc,start       ] GC(1337) Pause Young (Allocation Failure)
[552.361s][info][gc,heap        ] GC(1337) PSYoungGen: 284672K(286208K)->9216K(285696K) Eden: 278528K(278528K)->0K(276480K) From: 6144K(7680K)->9216K(9216K)
[552.361s][info][gc,heap        ] GC(1337) ParOldGen: 626928K(627200K)->649320K(649728K)
[552.361s][info][gc,metaspace   ] GC(1337) Metaspace: 35492K(36224K)->35492K(36224K) NonClass: 26282K(26816K)->26282K(26816K) Class: 9209K(9408K)->9209K(9408K)
[552.361s][info][gc             ] GC(1337) Pause Young (Allocation Failure) 890M->643M(913M) 68.171ms
[552.361s][info][gc,cpu         ] GC(1337) User=0.11s Sys=0.02s Real=0.07s
[552.681s][info][gc,start       ] GC(1338) Pause Young (Allocation Failure)
[552.732s][info][gc,heap        ] GC(1338) PSYoungGen: 285696K(285696K)->19456K(295936K) Eden: 276480K(276480K)->0K(276480K) From: 9216K(9216K)->19456K(19456K)
[552.732s][info][gc,heap        ] GC(1338) ParOldGen: 649320K(649728K)->655368K(655872K)
[552.732s][info][gc,metaspace   ] GC(1338) Metaspace: 35492K(36224K)->35492K(36224K) NonClass: 26282K(26816K)->26282K(26816K) Class: 9209K(9408K)->9209K(9408K)
[552.732s][info][gc             ] GC(1338) Pause Young (Allocation Failure) 913M->659M(929M) 50.612ms
[552.732s][info][gc,cpu         ] GC(1338) User=0.09s Sys=0.00s Real=0.05s
[552.888s][info][gc,start       ] GC(1339) Pause Full (Allocation Failure)
[552.888s][info][gc,phases,start] GC(1339) Marking Phase
[552.927s][info][gc,phases      ] GC(1339) Marking Phase 39.371ms
[552.927s][info][gc,phases,start] GC(1339) Summary Phase
[552.927s][info][gc,phases      ] GC(1339) Summary Phase 0.027ms
[552.927s][info][gc,phases,start] GC(1339) Forward
[552.929s][info][gc,phases      ] GC(1339) Forward 1.327ms
[552.929s][info][gc,phases,start] GC(1339) Adjust Pointers
[552.948s][info][gc,phases      ] GC(1339) Adjust Pointers 18.851ms
[552.948s][info][gc,phases,start] GC(1339) Compaction Phase
[552.956s][info][gc,phases      ] GC(1339) Compaction Phase 8.378ms
[552.956s][info][gc,phases,start] GC(1339) Post Compact
[552.959s][info][metaspace      ] ChkMgr @0x00007fb3ac03f160 (non-class-space): : reclaiming memory...
[552.959s][info][metaspace      ] ChkMgr @0x00007fb3ac03f160 (non-class-space): nothing reclaimed.
[552.959s][info][metaspace      ] ChkMgr @0x00007fb3ac03ef70 (class-space): : reclaiming memory...
[552.959s][info][metaspace      ] ChkMgr @0x00007fb3ac03ef70 (class-space): nothing reclaimed.
[552.959s][info][gc,phases      ] GC(1339) Post Compact 2.721ms
[552.998s][info][gc,heap        ] GC(1339) PSYoungGen: 295936K(295936K)->0K(308224K) Eden: 276480K(276480K)->0K(282624K) From: 19456K(19456K)->0K(25600K)
[552.998s][info][gc,heap        ] GC(1339) ParOldGen: 655368K(655872K)->56060K(175104K)
[552.998s][info][gc,metaspace   ] GC(1339) Metaspace: 35492K(36224K)->35450K(36224K) NonClass: 26282K(26816K)->26241K(26816K) Class: 9209K(9408K)->9209K(9408K)
[552.998s][info][gc             ] GC(1339) Pause Full (Allocation Failure) 929M->54M(472M) 110.288ms
[552.998s][info][gc,cpu         ] GC(1339) User=0.11s Sys=0.04s Real=0.11s
[553.714s][info][gc,start       ] GC(1340) Pause Young (Allocation Failure)
[553.714s][info][gc,heap        ] GC(1340) PSYoungGen: 282624K(308224K)->64K(283136K) Eden: 282624K(282624K)->0K(282624K) From: 0K(25600K)->64K(512K)
[553.714s][info][gc,heap        ] GC(1340) ParOldGen: 56060K(175104K)->56060K(175104K)
[553.715s][info][gc,metaspace   ] GC(1340) Metaspace: 35450K(36224K)->35450K(36224K) NonClass: 26241K(26816K)->26241K(26816K) Class: 9209K(9408K)->9209K(9408K)
[553.715s][info][gc             ] GC(1340) Pause Young (Allocation Failure) 330M->54M(447M) 0.883ms
[553.715s][info][gc,cpu         ] GC(1340) User=0.00s Sys=0.00s Real=0.00s
[554.192s][info][gc,start       ] GC(1341) Pause Young (Allocation Failure)
[554.193s][info][gc,heap        ] GC(1341) PSYoungGen: 282688K(283136K)->64K(308736K) Eden: 282624K(282624K)->0K(283648K) From: 64K(512K)->64K(25088K)
[554.193s][info][gc,heap        ] GC(1341) ParOldGen: 56060K(175104K)->56068K(175104K)
[554.193s][info][gc,metaspace   ] GC(1341) Metaspace: 35450K(36224K)->35450K(36224K) NonClass: 26241K(26816K)->26241K(26816K) Class: 9209K(9408K)->9209K(9408K)
[554.193s][info][gc             ] GC(1341) Pause Young (Allocation Failure) 330M->54M(472M) 0.749ms
[554.193s][info][gc,cpu         ] GC(1341) User=0.00s Sys=0.00s Real=0.01s
[554.503s][info][gc,start       ] GC(1342) Pause Young (Allocation Failure)
[554.504s][info][gc,heap        ] GC(1342) PSYoungGen: 283712K(308736K)->64K(307712K) Eden: 283648K(283648K)->0K(283648K) From: 64K(25088K)->64K(24064K)
[554.504s][info][gc,heap        ] GC(1342) ParOldGen: 56068K(175104K)->56084K(175104K)
[554.504s][info][gc,metaspace   ] GC(1342) Metaspace: 35450K(36224K)->35450K(36224K) NonClass: 26241K(26816K)->26241K(26816K) Class: 9209K(9408K)->9209K(9408K)
[554.504s][info][gc             ] GC(1342) Pause Young (Allocation Failure) 331M->54M(471M) 0.721ms
[554.504s][info][gc,cpu         ] GC(1342) User=0.01s Sys=0.00s Real=0.01s
[554.754s][info][gc,start       ] GC(1343) Pause Young (Allocation Failure)
[554.754s][info][gc,heap        ] GC(1343) PSYoungGen: 283712K(307712K)->64K(308736K) Eden: 283648K(283648K)->0K(285696K) From: 64K(24064K)->64K(23040K)
[554.755s][info][gc,heap        ] GC(1343) ParOldGen: 56084K(175104K)->56100K(175104K)
[554.755s][info][gc,metaspace   ] GC(1343) Metaspace: 35450K(36224K)->35450K(36224K) NonClass: 26241K(26816K)->26241K(26816K) Class: 9209K(9408K)->9209K(9408K)
[554.755s][info][gc             ] GC(1343) Pause Young (Allocation Failure) 331M->54M(472M) 0.639ms
[554.755s][info][gc,cpu         ] GC(1343) User=0.01s Sys=0.00s Real=0.00s
[555.149s][info][gc,start       ] GC(1344) Pause Young (Allocation Failure)
[555.150s][info][gc,heap        ] GC(1344) PSYoungGen: 285760K(308736K)->64K(307712K) Eden: 285696K(285696K)->0K(285696K) From: 64K(23040K)->64K(22016K)
[555.150s][info][gc,heap        ] GC(1344) ParOldGen: 56100K(175104K)->56100K(175104K)
[555.150s][info][gc,metaspace   ] GC(1344) Metaspace: 35450K(36224K)->35450K(36224K) NonClass: 26241K(26816K)->26241K(26816K) Class: 9209K(9408K)->9209K(9408K)
[555.150s][info][gc             ] GC(1344) Pause Young (Allocation Failure) 333M->54M(471M) 0.594ms
[555.150s][info][gc,cpu         ] GC(1344) User=0.00s Sys=0.00s Real=0.00s
[555.209s][info][gc,start       ] GC(1345) Pause Young (Allocation Failure)
[555.210s][info][gc,heap        ] GC(1345) PSYoungGen: 285760K(307712K)->64K(310784K) Eden: 285696K(285696K)->0K(289792K) From: 64K(22016K)->64K(20992K)
[555.210s][info][gc,heap        ] GC(1345) ParOldGen: 56100K(175104K)->56108K(175104K)
[555.210s][info][gc,metaspace   ] GC(1345) Metaspace: 35450K(36224K)->35450K(36224K) NonClass: 26241K(26816K)->26241K(26816K) Class: 9209K(9408K)->9209K(9408K)
[555.210s][info][gc             ] GC(1345) Pause Young (Allocation Failure) 333M->54M(474M) 0.574ms
[555.210s][info][gc,cpu         ] GC(1345) User=0.00s Sys=0.00s Real=0.00s
[555.261s][info][gc,start       ] GC(1346) Pause Young (Allocation Failure)
[555.261s][info][gc,heap        ] GC(1346) PSYoungGen: 289856K(310784K)->64K(309760K) Eden: 289792K(289792K)->0K(289792K) From: 64K(20992K)->64K(19968K)
[555.261s][info][gc,heap        ] GC(1346) ParOldGen: 56108K(175104K)->56124K(175104K)
[555.261s][info][gc,metaspace   ] GC(1346) Metaspace: 35450K(36224K)->35450K(36224K) NonClass: 26241K(26816K)->26241K(26816K) Class: 9209K(9408K)->9209K(9408K)
[555.261s][info][gc             ] GC(1346) Pause Young (Allocation Failure) 337M->54M(473M) 0.612ms
[555.261s][info][gc,cpu         ] GC(1346) User=0.00s Sys=0.00s Real=0.00s
[555.508s][info][gc,start       ] GC(1347) Pause Young (Allocation Failure)
[555.508s][info][gc,heap        ] GC(1347) PSYoungGen: 289856K(309760K)->64K(312832K) Eden: 289792K(289792K)->0K(293888K) From: 64K(19968K)->64K(18944K)
[555.508s][info][gc,heap        ] GC(1347) ParOldGen: 56124K(175104K)->56124K(175104K)
[555.508s][info][gc,metaspace   ] GC(1347) Metaspace: 35450K(36224K)->35450K(36224K) NonClass: 26241K(26816K)->26241K(26816K) Class: 9209K(9408K)->9209K(9408K)
[555.508s][info][gc             ] GC(1347) Pause Young (Allocation Failure) 337M->54M(476M) 0.635ms
[555.508s][info][gc,cpu         ] GC(1347) User=0.00s Sys=0.00s Real=0.00s
[555.816s][info][gc,start       ] GC(1348) Pause Young (Allocation Failure)
[555.817s][info][gc,heap        ] GC(1348) PSYoungGen: 293952K(312832K)->64K(282624K) Eden: 293888K(293888K)->0K(282112K) From: 64K(18944K)->64K(512K)
[555.817s][info][gc,heap        ] GC(1348) ParOldGen: 56124K(175104K)->56132K(175104K)
[555.817s][info][gc,metaspace   ] GC(1348) Metaspace: 35450K(36224K)->35450K(36224K) NonClass: 26241K(26816K)->26241K(26816K) Class: 9209K(9408K)->9209K(9408K)
[555.817s][info][gc             ] GC(1348) Pause Young (Allocation Failure) 341M->54M(447M) 0.692ms
[555.817s][info][gc,cpu         ] GC(1348) User=0.00s Sys=0.00s Real=0.00s
[555.941s][info][gc,start       ] GC(1349) Pause Young (Allocation Failure)
[555.941s][info][gc,heap        ] GC(1349) PSYoungGen: 282176K(282624K)->64K(274432K) Eden: 282112K(282112K)->0K(270848K) From: 64K(512K)->64K(3584K)
[555.941s][info][gc,heap        ] GC(1349) ParOldGen: 56132K(175104K)->56140K(175104K)
[555.941s][info][gc,metaspace   ] GC(1349) Metaspace: 35450K(36224K)->35450K(36224K) NonClass: 26241K(26816K)->26241K(26816K) Class: 9209K(9408K)->9209K(9408K)
[555.941s][info][gc             ] GC(1349) Pause Young (Allocation Failure) 330M->54M(439M) 0.870ms
[555.941s][info][gc,cpu         ] GC(1349) User=0.00s Sys=0.00s Real=0.00s
[556.036s][info][gc,start       ] GC(1350) Pause Young (Allocation Failure)
[556.037s][info][gc,heap        ] GC(1350) PSYoungGen: 270912K(274432K)->64K(260608K) Eden: 270848K(270848K)->0K(260096K) From: 64K(3584K)->64K(512K)
[556.037s][info][gc,heap        ] GC(1350) ParOldGen: 56140K(175104K)->56148K(175104K)
[556.037s][info][gc,metaspace   ] GC(1350) Metaspace: 35450K(36224K)->35450K(36224K) NonClass: 26241K(26816K)->26241K(26816K) Class: 9209K(9408K)->9209K(9408K)
[556.037s][info][gc             ] GC(1350) Pause Young (Allocation Failure) 319M->54M(425M) 0.929ms
[556.037s][info][gc,cpu         ] GC(1350) User=0.00s Sys=0.00s Real=0.00s
[556.211s][info][gc,start       ] GC(1351) Pause Young (Allocation Failure)
[556.213s][info][gc,heap        ] GC(1351) PSYoungGen: 260160K(260608K)->64K(250368K) Eden: 260096K(260096K)->0K(249856K) From: 64K(512K)->64K(512K)
[556.213s][info][gc,heap        ] GC(1351) ParOldGen: 56148K(175104K)->56156K(175104K)
[556.213s][info][gc,metaspace   ] GC(1351) Metaspace: 35450K(36224K)->35450K(36224K) NonClass: 26241K(26816K)->26241K(26816K) Class: 9209K(9408K)->9209K(9408K)
[556.213s][info][gc             ] GC(1351) Pause Young (Allocation Failure) 308M->54M(415M) 1.656ms
[556.213s][info][gc,cpu         ] GC(1351) User=0.00s Sys=0.00s Real=0.00s
[557.173s][info][gc,start       ] GC(1352) Pause Young (Allocation Failure)
[557.173s][info][gc,heap        ] GC(1352) PSYoungGen: 249920K(250368K)->64K(253952K) Eden: 249856K(249856K)->0K(240128K) From: 64K(512K)->64K(13824K)
[557.173s][info][gc,heap        ] GC(1352) ParOldGen: 56156K(175104K)->56164K(175104K)
[557.173s][info][gc,metaspace   ] GC(1352) Metaspace: 35450K(36224K)->35450K(36224K) NonClass: 26241K(26816K)->26241K(26816K) Class: 9209K(9408K)->9209K(9408K)
[557.173s][info][gc             ] GC(1352) Pause Young (Allocation Failure) 298M->54M(419M) 0.658ms
[557.173s][info][gc,cpu         ] GC(1352) User=0.00s Sys=0.00s Real=0.01s
[558.025s][info][gc,start       ] GC(1353) Pause Young (Allocation Failure)
[558.027s][info][gc,heap        ] GC(1353) PSYoungGen: 240192K(253952K)->32K(231424K) Eden: 240128K(240128K)->0K(230912K) From: 64K(13824K)->32K(512K)
[558.027s][info][gc,heap        ] GC(1353) ParOldGen: 56164K(175104K)->56172K(175104K)
[558.027s][info][gc,metaspace   ] GC(1353) Metaspace: 35450K(36224K)->35450K(36224K) NonClass: 26241K(26816K)->26241K(26816K) Class: 9209K(9408K)->9209K(9408K)
[558.027s][info][gc             ] GC(1353) Pause Young (Allocation Failure) 289M->54M(397M) 2.118ms
[558.027s][info][gc,cpu         ] GC(1353) User=0.00s Sys=0.00s Real=0.00s
[558.205s][info][gc,start       ] GC(1354) Pause Young (Allocation Failure)
[558.205s][info][gc,heap        ] GC(1354) PSYoungGen: 230944K(231424K)->32K(234496K) Eden: 230912K(230912K)->0K(222208K) From: 32K(512K)->32K(12288K)
[558.206s][info][gc,heap        ] GC(1354) ParOldGen: 56172K(175104K)->56180K(175104K)
[558.206s][info][gc,metaspace   ] GC(1354) Metaspace: 35450K(36224K)->35450K(36224K) NonClass: 26241K(26816K)->26241K(26816K) Class: 9209K(9408K)->9209K(9408K)
[558.206s][info][gc             ] GC(1354) Pause Young (Allocation Failure) 280M->54M(400M) 0.979ms
[558.206s][info][gc,cpu         ] GC(1354) User=0.00s Sys=0.00s Real=0.00s
[558.646s][info][gc,start       ] GC(1355) Pause Young (Allocation Failure)
[558.649s][info][gc,heap        ] GC(1355) PSYoungGen: 222240K(234496K)->32K(214528K) Eden: 222208K(222208K)->0K(214016K) From: 32K(12288K)->32K(512K)
[558.649s][info][gc,heap        ] GC(1355) ParOldGen: 56180K(175104K)->56188K(175104K)
[558.649s][info][gc,metaspace   ] GC(1355) Metaspace: 35450K(36224K)->35450K(36224K) NonClass: 26241K(26816K)->26241K(26816K) Class: 9209K(9408K)->9209K(9408K)
[558.649s][info][gc             ] GC(1355) Pause Young (Allocation Failure) 271M->54M(380M) 2.315ms
[558.649s][info][gc,cpu         ] GC(1355) User=0.00s Sys=0.00s Real=0.00s
[559.649s][info][gc,start       ] GC(1356) Pause Young (Allocation Failure)
[559.650s][info][gc,heap        ] GC(1356) PSYoungGen: 214048K(214528K)->64K(217088K) Eden: 214016K(214016K)->0K(206336K) From: 32K(512K)->64K(10752K)
[559.650s][info][gc,heap        ] GC(1356) ParOldGen: 56188K(175104K)->56196K(175104K)
[559.650s][info][gc,metaspace   ] GC(1356) Metaspace: 35450K(36224K)->35450K(36224K) NonClass: 26241K(26816K)->26241K(26816K) Class: 9209K(9408K)->9209K(9408K)
[559.650s][info][gc             ] GC(1356) Pause Young (Allocation Failure) 263M->54M(383M) 0.986ms
[559.650s][info][gc,cpu         ] GC(1356) User=0.00s Sys=0.00s Real=0.00s
[559.871s][info][gc,start       ] GC(1357) Pause Young (Allocation Failure)
[559.874s][info][gc,heap        ] GC(1357) PSYoungGen: 206400K(217088K)->64K(199168K) Eden: 206336K(206336K)->0K(198656K) From: 64K(10752K)->64K(512K)
[559.874s][info][gc,heap        ] GC(1357) ParOldGen: 56196K(175104K)->56212K(175104K)
[559.874s][info][gc,metaspace   ] GC(1357) Metaspace: 35450K(36224K)->35450K(36224K) NonClass: 26241K(26816K)->26241K(26816K) Class: 9209K(9408K)->9209K(9408K)
[559.874s][info][gc             ] GC(1357) Pause Young (Allocation Failure) 256M->54M(365M) 2.098ms
[559.874s][info][gc,cpu         ] GC(1357) User=0.00s Sys=0.00s Real=0.01s
[560.225s][info][gc,start       ] GC(1358) Pause Young (Allocation Failure)
[560.226s][info][gc,heap        ] GC(1358) PSYoungGen: 198720K(199168K)->64K(200704K) Eden: 198656K(198656K)->0K(191488K) From: 64K(512K)->64K(9216K)
[560.226s][info][gc,heap        ] GC(1358) ParOldGen: 56212K(175104K)->56220K(175104K)
[560.226s][info][gc,metaspace   ] GC(1358) Metaspace: 35450K(36224K)->35450K(36224K) NonClass: 26241K(26816K)->26241K(26816K) Class: 9209K(9408K)->9209K(9408K)
[560.226s][info][gc             ] GC(1358) Pause Young (Allocation Failure) 248M->54M(367M) 1.136ms
[560.226s][info][gc,cpu         ] GC(1358) User=0.00s Sys=0.00s Real=0.00s
[560.290s][info][gc,start       ] GC(1359) Pause Young (Allocation Failure)
[560.292s][info][gc,heap        ] GC(1359) PSYoungGen: 191552K(200704K)->32K(185344K) Eden: 191488K(191488K)->0K(184832K) From: 64K(9216K)->32K(512K)
[560.292s][info][gc,heap        ] GC(1359) ParOldGen: 56220K(175104K)->56228K(175104K)
[560.292s][info][gc,metaspace   ] GC(1359) Metaspace: 35450K(36224K)->35450K(36224K) NonClass: 26241K(26816K)->26241K(26816K) Class: 9209K(9408K)->9209K(9408K)
[560.292s][info][gc             ] GC(1359) Pause Young (Allocation Failure) 241M->54M(352M) 1.965ms
[560.292s][info][gc,cpu         ] GC(1359) User=0.00s Sys=0.00s Real=0.00s
[560.467s][info][gc,start       ] GC(1360) Pause Young (Allocation Failure)
[560.468s][info][gc,heap        ] GC(1360) PSYoungGen: 184864K(185344K)->64K(186368K) Eden: 184832K(184832K)->0K(178176K) From: 32K(512K)->64K(8192K)
[560.468s][info][gc,heap        ] GC(1360) ParOldGen: 56228K(175104K)->56236K(175104K)
[560.468s][info][gc,metaspace   ] GC(1360) Metaspace: 35450K(36224K)->35450K(36224K) NonClass: 26241K(26816K)->26241K(26816K) Class: 9209K(9408K)->9209K(9408K)
[560.468s][info][gc             ] GC(1360) Pause Young (Allocation Failure) 235M->54M(353M) 1.098ms
[560.468s][info][gc,cpu         ] GC(1360) User=0.00s Sys=0.00s Real=0.00s
[560.967s][info][gc,start       ] GC(1361) Pause Young (Allocation Failure)
[560.969s][info][gc,heap        ] GC(1361) PSYoungGen: 178240K(186368K)->64K(172544K) Eden: 178176K(178176K)->0K(172032K) From: 64K(8192K)->64K(512K)
[560.969s][info][gc,heap        ] GC(1361) ParOldGen: 56236K(175104K)->56244K(175104K)
[560.969s][info][gc,metaspace   ] GC(1361) Metaspace: 35450K(36224K)->35450K(36224K) NonClass: 26241K(26816K)->26241K(26816K) Class: 9209K(9408K)->9209K(9408K)
[560.969s][info][gc             ] GC(1361) Pause Young (Allocation Failure) 228M->54M(339M) 1.882ms
[560.969s][info][gc,cpu         ] GC(1361) User=0.00s Sys=0.00s Real=0.00s
[561.086s][info][gc,start       ] GC(1362) Pause Young (Allocation Failure)
[561.087s][info][gc,heap        ] GC(1362) PSYoungGen: 172096K(172544K)->64K(173056K) Eden: 172032K(172032K)->0K(165888K) From: 64K(512K)->64K(7168K)
[561.087s][info][gc,heap        ] GC(1362) ParOldGen: 56244K(175104K)->56244K(175104K)
[561.087s][info][gc,metaspace   ] GC(1362) Metaspace: 35450K(36224K)->35450K(36224K) NonClass: 26241K(26816K)->26241K(26816K) Class: 9209K(9408K)->9209K(9408K)
[561.087s][info][gc             ] GC(1362) Pause Young (Allocation Failure) 222M->54M(340M) 0.591ms
[561.087s][info][gc,cpu         ] GC(1362) User=0.00s Sys=0.00s Real=0.00s
[561.392s][info][gc,start       ] GC(1363) Pause Young (Allocation Failure)
[561.396s][info][gc,heap        ] GC(1363) PSYoungGen: 165952K(173056K)->1696K(162304K) Eden: 165888K(165888K)->0K(160256K) From: 64K(7168K)->1696K(2048K)
[561.396s][info][gc,heap        ] GC(1363) ParOldGen: 56244K(175104K)->56260K(175104K)
[561.396s][info][gc,metaspace   ] GC(1363) Metaspace: 35450K(36224K)->35450K(36224K) NonClass: 26241K(26816K)->26241K(26816K) Class: 9209K(9408K)->9209K(9408K)
[561.396s][info][gc             ] GC(1363) Pause Young (Allocation Failure) 216M->56M(329M) 3.423ms
[561.396s][info][gc,cpu         ] GC(1363) User=0.00s Sys=0.00s Real=0.01s
[561.614s][info][gc,start       ] GC(1364) Pause Young (Allocation Failure)
[561.643s][info][gc,heap        ] GC(1364) PSYoungGen: 161952K(162304K)->6144K(198144K) Eden: 160256K(160256K)->0K(192000K) From: 1696K(2048K)->6144K(6144K)
[561.643s][info][gc,heap        ] GC(1364) ParOldGen: 56260K(175104K)->68308K(175104K)
[561.643s][info][gc,metaspace   ] GC(1364) Metaspace: 35450K(36224K)->35450K(36224K) NonClass: 26241K(26816K)->26241K(26816K) Class: 9209K(9408K)->9209K(9408K)
[561.643s][info][gc             ] GC(1364) Pause Young (Allocation Failure) 213M->72M(364M) 28.185ms
[561.643s][info][gc,cpu         ] GC(1364) User=0.06s Sys=0.00s Real=0.02s
[561.902s][info][gc,start       ] GC(1365) Pause Young (Allocation Failure)
[561.939s][info][gc,heap        ] GC(1365) PSYoungGen: 198144K(198144K)->4608K(211456K) Eden: 192000K(192000K)->0K(206848K) From: 6144K(6144K)->4608K(4608K)
[561.939s][info][gc,heap        ] GC(1365) ParOldGen: 68308K(175104K)->85820K(175104K)
[561.939s][info][gc,metaspace   ] GC(1365) Metaspace: 35450K(36224K)->35450K(36224K) NonClass: 26241K(26816K)->26241K(26816K) Class: 9209K(9408K)->9209K(9408K)
[561.939s][info][gc             ] GC(1365) Pause Young (Allocation Failure) 260M->88M(377M) 37.019ms
[561.939s][info][gc,cpu         ] GC(1365) User=0.08s Sys=0.00s Real=0.04s
[562.195s][info][gc,start       ] GC(1366) Pause Young (Allocation Failure)
[562.239s][info][gc,heap        ] GC(1366) PSYoungGen: 211456K(211456K)->18432K(225280K) Eden: 206848K(206848K)->0K(206848K) From: 4608K(4608K)->18432K(18432K)
[562.239s][info][gc,heap        ] GC(1366) ParOldGen: 85820K(175104K)->88868K(175104K)
[562.239s][info][gc,metaspace   ] GC(1366) Metaspace: 35450K(36224K)->35450K(36224K) NonClass: 26241K(26816K)->26241K(26816K) Class: 9209K(9408K)->9209K(9408K)
[562.239s][info][gc             ] GC(1366) Pause Young (Allocation Failure) 290M->104M(391M) 44.336ms
[562.239s][info][gc,cpu         ] GC(1366) User=0.09s Sys=0.00s Real=0.04s
[562.295s][info][gc,start       ] GC(1367) Pause Young (Allocation Failure)
[562.296s][info][gc,heap        ] GC(1367) PSYoungGen: 225280K(225280K)->64K(270848K) Eden: 206848K(206848K)->0K(248320K) From: 18432K(18432K)->64K(22528K)
[562.296s][info][gc,heap        ] GC(1367) ParOldGen: 88868K(175104K)->88948K(175104K)
[562.296s][info][gc,metaspace   ] GC(1367) Metaspace: 35450K(36224K)->35450K(36224K) NonClass: 26241K(26816K)->26241K(26816K) Class: 9209K(9408K)->9209K(9408K)
[562.296s][info][gc             ] GC(1367) Pause Young (Allocation Failure) 306M->86M(435M) 1.528ms
[562.296s][info][gc,cpu         ] GC(1367) User=0.00s Sys=0.00s Real=0.00s
[562.773s][info][gc,start       ] GC(1368) Pause Young (Allocation Failure)
[562.774s][info][gc,heap        ] GC(1368) PSYoungGen: 248384K(270848K)->64K(271360K) Eden: 248320K(248320K)->0K(248320K) From: 64K(22528K)->64K(23040K)
[562.774s][info][gc,heap        ] GC(1368) ParOldGen: 88948K(175104K)->88948K(175104K)
[562.774s][info][gc,metaspace   ] GC(1368) Metaspace: 35450K(36224K)->35450K(36224K) NonClass: 26241K(26816K)->26241K(26816K) Class: 9209K(9408K)->9209K(9408K)
[562.774s][info][gc             ] GC(1368) Pause Young (Allocation Failure) 329M->86M(436M) 0.806ms
[562.774s][info][gc,cpu         ] GC(1368) User=0.00s Sys=0.00s Real=0.00s
[563.288s][info][gc,start       ] GC(1369) Pause Young (Allocation Failure)
[563.289s][info][gc,heap        ] GC(1369) PSYoungGen: 248384K(271360K)->64K(309248K) Eden: 248320K(248320K)->0K(288768K) From: 64K(23040K)->64K(20480K)
[563.289s][info][gc,heap        ] GC(1369) ParOldGen: 88948K(175104K)->88956K(175104K)
[563.289s][info][gc,metaspace   ] GC(1369) Metaspace: 35450K(36224K)->35450K(36224K) NonClass: 26241K(26816K)->26241K(26816K) Class: 9209K(9408K)->9209K(9408K)
[563.289s][info][gc             ] GC(1369) Pause Young (Allocation Failure) 329M->86M(473M) 0.802ms
[563.289s][info][gc,cpu         ] GC(1369) User=0.00s Sys=0.00s Real=0.00s
[563.825s][info][gc,start       ] GC(1370) Pause Young (Allocation Failure)
[563.826s][info][gc,heap        ] GC(1370) PSYoungGen: 288832K(309248K)->64K(309760K) Eden: 288768K(288768K)->0K(288768K) From: 64K(20480K)->64K(20992K)
[563.826s][info][gc,heap        ] GC(1370) ParOldGen: 88956K(175104K)->88972K(175104K)
[563.826s][info][gc,metaspace   ] GC(1370) Metaspace: 35450K(36224K)->35450K(36224K) NonClass: 26241K(26816K)->26241K(26816K) Class: 9209K(9408K)->9209K(9408K)
[563.826s][info][gc             ] GC(1370) Pause Young (Allocation Failure) 368M->86M(473M) 0.817ms
[563.826s][info][gc,cpu         ] GC(1370) User=0.00s Sys=0.00s Real=0.00s
[564.091s][info][gc,start       ] GC(1371) Pause Young (Allocation Failure)
[564.092s][info][gc,heap        ] GC(1371) PSYoungGen: 288832K(309760K)->64K(310784K) Eden: 288768K(288768K)->0K(292352K) From: 64K(20992K)->64K(18432K)
[564.092s][info][gc,heap        ] GC(1371) ParOldGen: 88972K(175104K)->88988K(175104K)
[564.092s][info][gc,metaspace   ] GC(1371) Metaspace: 35450K(36224K)->35450K(36224K) NonClass: 26241K(26816K)->26241K(26816K) Class: 9209K(9408K)->9209K(9408K)
[564.092s][info][gc             ] GC(1371) Pause Young (Allocation Failure) 368M->86M(474M) 0.860ms
[564.092s][info][gc,cpu         ] GC(1371) User=0.00s Sys=0.00s Real=0.00s
[564.354s][info][gc,start       ] GC(1372) Pause Young (Allocation Failure)
[564.355s][info][gc,heap        ] GC(1372) PSYoungGen: 292416K(310784K)->32K(311808K) Eden: 292352K(292352K)->0K(292352K) From: 64K(18432K)->32K(19456K)
[564.355s][info][gc,heap        ] GC(1372) ParOldGen: 88988K(175104K)->88988K(175104K)
[564.355s][info][gc,metaspace   ] GC(1372) Metaspace: 35450K(36224K)->35450K(36224K) NonClass: 26241K(26816K)->26241K(26816K) Class: 9209K(9408K)->9209K(9408K)
[564.355s][info][gc             ] GC(1372) Pause Young (Allocation Failure) 372M->86M(475M) 0.753ms
[564.355s][info][gc,cpu         ] GC(1372) User=0.00s Sys=0.00s Real=0.00s
[564.662s][info][gc,start       ] GC(1373) Pause Young (Allocation Failure)
[564.662s][info][gc,heap        ] GC(1373) PSYoungGen: 292384K(311808K)->64K(312320K) Eden: 292352K(292352K)->0K(295936K) From: 32K(19456K)->64K(16384K)
[564.662s][info][gc,heap        ] GC(1373) ParOldGen: 88988K(175104K)->88988K(175104K)
[564.662s][info][gc,metaspace   ] GC(1373) Metaspace: 35450K(36224K)->35450K(36224K) NonClass: 26241K(26816K)->26241K(26816K) Class: 9209K(9408K)->9209K(9408K)
[564.662s][info][gc             ] GC(1373) Pause Young (Allocation Failure) 372M->86M(476M) 0.757ms
[564.662s][info][gc,cpu         ] GC(1373) User=0.00s Sys=0.00s Real=0.00s
[564.717s][info][gc,start       ] GC(1374) Pause Young (Allocation Failure)
[564.717s][info][gc,heap        ] GC(1374) PSYoungGen: 296000K(312320K)->64K(313344K) Eden: 295936K(295936K)->0K(295936K) From: 64K(16384K)->64K(17408K)
[564.717s][info][gc,heap        ] GC(1374) ParOldGen: 88988K(175104K)->89004K(175104K)
[564.717s][info][gc,metaspace   ] GC(1374) Metaspace: 35450K(36224K)->35450K(36224K) NonClass: 26241K(26816K)->26241K(26816K) Class: 9209K(9408K)->9209K(9408K)
[564.717s][info][gc             ] GC(1374) Pause Young (Allocation Failure) 375M->86M(477M) 0.720ms
[564.717s][info][gc,cpu         ] GC(1374) User=0.01s Sys=0.00s Real=0.00s
[564.834s][info][gc,start       ] GC(1375) Pause Young (Allocation Failure)
[564.834s][info][gc,heap        ] GC(1375) PSYoungGen: 296000K(313344K)->64K(315392K) Eden: 295936K(295936K)->0K(300032K) From: 64K(17408K)->64K(15360K)
[564.834s][info][gc,heap        ] GC(1375) ParOldGen: 89004K(175104K)->89004K(175104K)
[564.834s][info][gc,metaspace   ] GC(1375) Metaspace: 35450K(36224K)->35450K(36224K) NonClass: 26241K(26816K)->26241K(26816K) Class: 9209K(9408K)->9209K(9408K)
[564.834s][info][gc             ] GC(1375) Pause Young (Allocation Failure) 375M->86M(479M) 0.756ms
[564.834s][info][gc,cpu         ] GC(1375) User=0.00s Sys=0.00s Real=0.00s
[565.187s][info][gc,start       ] GC(1376) Pause Young (Allocation Failure)
[565.188s][info][gc,heap        ] GC(1376) PSYoungGen: 300096K(315392K)->64K(288768K) Eden: 300032K(300032K)->0K(288256K) From: 64K(15360K)->64K(512K)
[565.188s][info][gc,heap        ] GC(1376) ParOldGen: 89004K(175104K)->89020K(175104K)
[565.188s][info][gc,metaspace   ] GC(1376) Metaspace: 35450K(36224K)->35450K(36224K) NonClass: 26241K(26816K)->26241K(26816K) Class: 9209K(9408K)->9209K(9408K)
[565.188s][info][gc             ] GC(1376) Pause Young (Allocation Failure) 379M->86M(453M) 0.748ms
[565.188s][info][gc,cpu         ] GC(1376) User=0.00s Sys=0.00s Real=0.00s
[565.386s][info][gc,start       ] GC(1377) Pause Young (Allocation Failure)
[565.387s][info][gc,heap        ] GC(1377) PSYoungGen: 288320K(288768K)->64K(278528K) Eden: 288256K(288256K)->0K(276992K) From: 64K(512K)->64K(1536K)
[565.387s][info][gc,heap        ] GC(1377) ParOldGen: 89020K(175104K)->89020K(175104K)
[565.387s][info][gc,metaspace   ] GC(1377) Metaspace: 35450K(36224K)->35450K(36224K) NonClass: 26241K(26816K)->26241K(26816K) Class: 9209K(9408K)->9209K(9408K)
[565.387s][info][gc             ] GC(1377) Pause Young (Allocation Failure) 368M->86M(443M) 0.999ms
[565.387s][info][gc,cpu         ] GC(1377) User=0.00s Sys=0.00s Real=0.00s
[565.466s][info][gc,start       ] GC(1378) Pause Young (Allocation Failure)
[565.467s][info][gc,heap        ] GC(1378) PSYoungGen: 277056K(278528K)->64K(280064K) Eden: 276992K(276992K)->0K(266240K) From: 64K(1536K)->64K(13824K)
[565.467s][info][gc,heap        ] GC(1378) ParOldGen: 89020K(175104K)->89036K(175104K)
[565.467s][info][gc,metaspace   ] GC(1378) Metaspace: 35450K(36224K)->35450K(36224K) NonClass: 26241K(26816K)->26241K(26816K) Class: 9209K(9408K)->9209K(9408K)
[565.467s][info][gc             ] GC(1378) Pause Young (Allocation Failure) 357M->87M(444M) 0.930ms
[565.467s][info][gc,cpu         ] GC(1378) User=0.00s Sys=0.00s Real=0.00s
[565.618s][info][gc,start       ] GC(1379) Pause Young (Allocation Failure)
[565.620s][info][gc,heap        ] GC(1379) PSYoungGen: 266304K(280064K)->64K(256512K) Eden: 266240K(266240K)->0K(256000K) From: 64K(13824K)->64K(512K)
[565.620s][info][gc,heap        ] GC(1379) ParOldGen: 89036K(175104K)->89036K(175104K)
[565.620s][info][gc,metaspace   ] GC(1379) Metaspace: 35450K(36224K)->35450K(36224K) NonClass: 26241K(26816K)->26241K(26816K) Class: 9209K(9408K)->9209K(9408K)
[565.620s][info][gc             ] GC(1379) Pause Young (Allocation Failure) 347M->87M(421M) 1.414ms
[565.620s][info][gc,cpu         ] GC(1379) User=0.00s Sys=0.00s Real=0.00s
[566.076s][info][gc,start       ] GC(1380) Pause Young (Allocation Failure)
[566.077s][info][gc,heap        ] GC(1380) PSYoungGen: 256064K(256512K)->64K(258560K) Eden: 256000K(256000K)->0K(246272K) From: 64K(512K)->64K(12288K)
[566.077s][info][gc,heap        ] GC(1380) ParOldGen: 89036K(175104K)->89044K(175104K)
[566.077s][info][gc,metaspace   ] GC(1380) Metaspace: 35450K(36224K)->35450K(36224K) NonClass: 26241K(26816K)->26241K(26816K) Class: 9209K(9408K)->9209K(9408K)
[566.077s][info][gc             ] GC(1380) Pause Young (Allocation Failure) 337M->87M(423M) 0.997ms
[566.077s][info][gc,cpu         ] GC(1380) User=0.00s Sys=0.00s Real=0.00s
[566.882s][info][gc,start       ] GC(1381) Pause Young (Allocation Failure)
[566.883s][info][gc,heap        ] GC(1381) PSYoungGen: 246336K(258560K)->64K(237568K) Eden: 246272K(246272K)->0K(237056K) From: 64K(12288K)->64K(512K)
[566.883s][info][gc,heap        ] GC(1381) ParOldGen: 89044K(175104K)->89052K(175104K)
[566.883s][info][gc,metaspace   ] GC(1381) Metaspace: 35450K(36224K)->35450K(36224K) NonClass: 26241K(26816K)->26241K(26816K) Class: 9209K(9408K)->9209K(9408K)
[566.883s][info][gc             ] GC(1381) Pause Young (Allocation Failure) 327M->87M(403M) 1.601ms
[566.883s][info][gc,cpu         ] GC(1381) User=0.00s Sys=0.00s Real=0.01s
[567.821s][info][gc,start       ] GC(1382) Pause Young (Allocation Failure)
[567.821s][info][gc,heap        ] GC(1382) PSYoungGen: 237120K(237568K)->64K(239104K) Eden: 237056K(237056K)->0K(228352K) From: 64K(512K)->64K(10752K)
[567.822s][info][gc,heap        ] GC(1382) ParOldGen: 89052K(175104K)->89060K(175104K)
[567.822s][info][gc,metaspace   ] GC(1382) Metaspace: 35450K(36224K)->35450K(36224K) NonClass: 26241K(26816K)->26241K(26816K) Class: 9209K(9408K)->9209K(9408K)
[567.822s][info][gc             ] GC(1382) Pause Young (Allocation Failure) 318M->87M(404M) 0.828ms
[567.822s][info][gc,cpu         ] GC(1382) User=0.00s Sys=0.00s Real=0.00s
[568.208s][info][gc,start       ] GC(1383) Pause Young (Allocation Failure)
[568.209s][info][gc,heap        ] GC(1383) PSYoungGen: 228416K(239104K)->64K(220160K) Eden: 228352K(228352K)->0K(219648K) From: 64K(10752K)->64K(512K)
[568.209s][info][gc,heap        ] GC(1383) ParOldGen: 89060K(175104K)->89068K(175104K)
[568.209s][info][gc,metaspace   ] GC(1383) Metaspace: 35450K(36224K)->35450K(36224K) NonClass: 26241K(26816K)->26241K(26816K) Class: 9209K(9408K)->9209K(9408K)
[568.209s][info][gc             ] GC(1383) Pause Young (Allocation Failure) 310M->87M(386M) 1.685ms
[568.209s][info][gc,cpu         ] GC(1383) User=0.01s Sys=0.00s Real=0.00s
[568.758s][info][gc,start       ] GC(1384) Pause Young (Allocation Failure)
[568.758s][info][gc,heap        ] GC(1384) PSYoungGen: 219712K(220160K)->64K(220672K) Eden: 219648K(219648K)->0K(211456K) From: 64K(512K)->64K(9216K)
[568.758s][info][gc,heap        ] GC(1384) ParOldGen: 89068K(175104K)->89076K(175104K)
[568.758s][info][gc,metaspace   ] GC(1384) Metaspace: 35450K(36224K)->35450K(36224K) NonClass: 26241K(26816K)->26241K(26816K) Class: 9209K(9408K)->9209K(9408K)
[568.758s][info][gc             ] GC(1384) Pause Young (Allocation Failure) 301M->87M(386M) 0.731ms
[568.758s][info][gc,cpu         ] GC(1384) User=0.00s Sys=0.00s Real=0.00s
[569.516s][info][gc,start       ] GC(1385) Pause Young (Allocation Failure)
[569.518s][info][gc,heap        ] GC(1385) PSYoungGen: 211520K(220672K)->64K(204288K) Eden: 211456K(211456K)->0K(203776K) From: 64K(9216K)->64K(512K)
[569.518s][info][gc,heap        ] GC(1385) ParOldGen: 89076K(175104K)->89084K(175104K)
[569.518s][info][gc,metaspace   ] GC(1385) Metaspace: 35450K(36224K)->35450K(36224K) NonClass: 26241K(26816K)->26241K(26816K) Class: 9209K(9408K)->9209K(9408K)
[569.518s][info][gc             ] GC(1385) Pause Young (Allocation Failure) 293M->87M(370M) 2.066ms
[569.518s][info][gc,cpu         ] GC(1385) User=0.00s Sys=0.00s Real=0.00s
[569.841s][info][gc,start       ] GC(1386) Pause Young (Allocation Failure)
[569.842s][info][gc,heap        ] GC(1386) PSYoungGen: 203840K(204288K)->64K(204800K) Eden: 203776K(203776K)->0K(196608K) From: 64K(512K)->64K(8192K)
[569.842s][info][gc,heap        ] GC(1386) ParOldGen: 89084K(175104K)->89100K(175104K)
[569.842s][info][gc,metaspace   ] GC(1386) Metaspace: 35450K(36224K)->35450K(36224K) NonClass: 26241K(26816K)->26241K(26816K) Class: 9209K(9408K)->9209K(9408K)
[569.842s][info][gc             ] GC(1386) Pause Young (Allocation Failure) 286M->87M(371M) 1.228ms
[569.842s][info][gc,cpu         ] GC(1386) User=0.00s Sys=0.00s Real=0.00s
[569.980s][info][gc,start       ] GC(1387) Pause Young (Allocation Failure)
[569.981s][info][gc,heap        ] GC(1387) PSYoungGen: 196672K(204800K)->64K(189952K) Eden: 196608K(196608K)->0K(189440K) From: 64K(8192K)->64K(512K)
[569.981s][info][gc,heap        ] GC(1387) ParOldGen: 89100K(175104K)->89116K(175104K)
[569.981s][info][gc,metaspace   ] GC(1387) Metaspace: 35450K(36224K)->35450K(36224K) NonClass: 26241K(26816K)->26241K(26816K) Class: 9209K(9408K)->9209K(9408K)
[569.982s][info][gc             ] GC(1387) Pause Young (Allocation Failure) 279M->87M(356M) 1.822ms
[569.982s][info][gc,cpu         ] GC(1387) User=0.00s Sys=0.00s Real=0.00s
[570.072s][info][gc,start       ] GC(1388) Pause Young (Allocation Failure)
[570.073s][info][gc,heap        ] GC(1388) PSYoungGen: 189504K(189952K)->32K(189952K) Eden: 189440K(189440K)->0K(182784K) From: 64K(512K)->32K(7168K)
[570.073s][info][gc,heap        ] GC(1388) ParOldGen: 89116K(175104K)->89132K(175104K)
[570.073s][info][gc,metaspace   ] GC(1388) Metaspace: 35450K(36224K)->35450K(36224K) NonClass: 26241K(26816K)->26241K(26816K) Class: 9209K(9408K)->9209K(9408K)
[570.073s][info][gc             ] GC(1388) Pause Young (Allocation Failure) 272M->87M(356M) 1.262ms
[570.073s][info][gc,cpu         ] GC(1388) User=0.00s Sys=0.00s Real=0.01s
[570.520s][info][gc,start       ] GC(1389) Pause Young (Allocation Failure)
[570.522s][info][gc,heap        ] GC(1389) PSYoungGen: 182816K(189952K)->64K(176640K) Eden: 182784K(182784K)->0K(176128K) From: 32K(7168K)->64K(512K)
[570.522s][info][gc,heap        ] GC(1389) ParOldGen: 89132K(175104K)->89140K(175104K)
[570.522s][info][gc,metaspace   ] GC(1389) Metaspace: 35450K(36224K)->35450K(36224K) NonClass: 26241K(26816K)->26241K(26816K) Class: 9209K(9408K)->9209K(9408K)
[570.522s][info][gc             ] GC(1389) Pause Young (Allocation Failure) 265M->87M(343M) 1.803ms
[570.522s][info][gc,cpu         ] GC(1389) User=0.00s Sys=0.00s Real=0.00s
[570.738s][info][gc,start       ] GC(1390) Pause Young (Allocation Failure)
[570.739s][info][gc,heap        ] GC(1390) PSYoungGen: 176192K(176640K)->64K(176128K) Eden: 176128K(176128K)->0K(169984K) From: 64K(512K)->64K(6144K)
[570.739s][info][gc,heap        ] GC(1390) ParOldGen: 89140K(175104K)->89148K(175104K)
[570.739s][info][gc,metaspace   ] GC(1390) Metaspace: 35450K(36224K)->35450K(36224K) NonClass: 26241K(26816K)->26241K(26816K) Class: 9209K(9408K)->9209K(9408K)
[570.739s][info][gc             ] GC(1390) Pause Young (Allocation Failure) 259M->87M(343M) 0.921ms
[570.739s][info][gc,cpu         ] GC(1390) User=0.00s Sys=0.00s Real=0.00s
[570.999s][info][gc,start       ] GC(1391) Pause Young (Allocation Failure)
[571.000s][info][gc,heap        ] GC(1391) PSYoungGen: 170048K(176128K)->64K(164864K) Eden: 169984K(169984K)->0K(164352K) From: 64K(6144K)->64K(512K)
[571.000s][info][gc,heap        ] GC(1391) ParOldGen: 89148K(175104K)->89156K(175104K)
[571.000s][info][gc,metaspace   ] GC(1391) Metaspace: 35450K(36224K)->35450K(36224K) NonClass: 26241K(26816K)->26241K(26816K) Class: 9209K(9408K)->9209K(9408K)
[571.000s][info][gc             ] GC(1391) Pause Young (Allocation Failure) 253M->87M(332M) 1.506ms
[571.000s][info][gc,cpu         ] GC(1391) User=0.00s Sys=0.00s Real=0.00s
[571.266s][info][gc,start       ] GC(1392) Pause Young (Allocation Failure)
[571.295s][info][gc,heap        ] GC(1392) PSYoungGen: 164416K(164864K)->5120K(202240K) Eden: 164352K(164352K)->0K(197120K) From: 64K(512K)->5120K(5120K)
[571.295s][info][gc,heap        ] GC(1392) ParOldGen: 89156K(175104K)->98628K(175104K)
[571.295s][info][gc,metaspace   ] GC(1392) Metaspace: 35450K(36224K)->35450K(36224K) NonClass: 26241K(26816K)->26241K(26816K) Class: 9209K(9408K)->9209K(9408K)
[571.295s][info][gc             ] GC(1392) Pause Young (Allocation Failure) 247M->101M(368M) 29.032ms
[571.295s][info][gc,cpu         ] GC(1392) User=0.06s Sys=0.00s Real=0.03s
[571.564s][info][gc,start       ] GC(1393) Pause Young (Allocation Failure)
[571.614s][info][gc,heap        ] GC(1393) PSYoungGen: 202240K(202240K)->5120K(227328K) Eden: 197120K(197120K)->0K(222208K) From: 5120K(5120K)->5120K(5120K)
[571.614s][info][gc,heap        ] GC(1393) ParOldGen: 98628K(175104K)->116140K(175104K)
[571.614s][info][gc,metaspace   ] GC(1393) Metaspace: 35450K(36224K)->35450K(36224K) NonClass: 26241K(26816K)->26241K(26816K) Class: 9209K(9408K)->9209K(9408K)
[571.614s][info][gc             ] GC(1393) Pause Young (Allocation Failure) 293M->118M(393M) 49.428ms
[571.614s][info][gc,cpu         ] GC(1393) User=0.10s Sys=0.00s Real=0.05s
[571.984s][info][gc,start       ] GC(1394) Pause Young (Allocation Failure)
[572.039s][info][gc,heap        ] GC(1394) PSYoungGen: 227328K(227328K)->16896K(239104K) Eden: 222208K(222208K)->0K(222208K) From: 5120K(5120K)->16896K(16896K)
[572.039s][info][gc,heap        ] GC(1394) ParOldGen: 116140K(175104K)->124916K(175104K)
[572.039s][info][gc,metaspace   ] GC(1394) Metaspace: 35450K(36224K)->35450K(36224K) NonClass: 26241K(26816K)->26241K(26816K) Class: 9209K(9408K)->9209K(9408K)
[572.039s][info][gc             ] GC(1394) Pause Young (Allocation Failure) 335M->138M(404M) 54.323ms
[572.039s][info][gc,cpu         ] GC(1394) User=0.10s Sys=0.00s Real=0.05s
[572.104s][info][gc,start       ] GC(1395) Pause Young (Allocation Failure)
[572.111s][info][gc,heap        ] GC(1395) PSYoungGen: 239104K(239104K)->512K(289280K) Eden: 222208K(222208K)->0K(266752K) From: 16896K(16896K)->512K(22528K)
[572.111s][info][gc,heap        ] GC(1395) ParOldGen: 124916K(175104K)->125148K(175104K)
[572.111s][info][gc,metaspace   ] GC(1395) Metaspace: 35450K(36224K)->35450K(36224K) NonClass: 26241K(26816K)->26241K(26816K) Class: 9209K(9408K)->9209K(9408K)
[572.111s][info][gc             ] GC(1395) Pause Young (Allocation Failure) 355M->122M(453M) 7.273ms
[572.111s][info][gc,cpu         ] GC(1395) User=0.01s Sys=0.00s Real=0.00s
[572.619s][info][gc,start       ] GC(1396) Pause Young (Allocation Failure)
[572.620s][info][gc,heap        ] GC(1396) PSYoungGen: 267264K(289280K)->64K(289792K) Eden: 266752K(266752K)->0K(266752K) From: 512K(22528K)->64K(23040K)
[572.620s][info][gc,heap        ] GC(1396) ParOldGen: 125148K(175104K)->125164K(175104K)
[572.620s][info][gc,metaspace   ] GC(1396) Metaspace: 35450K(36224K)->35450K(36224K) NonClass: 26241K(26816K)->26241K(26816K) Class: 9209K(9408K)->9209K(9408K)
[572.620s][info][gc             ] GC(1396) Pause Young (Allocation Failure) 383M->122M(454M) 1.043ms
[572.620s][info][gc,cpu         ] GC(1396) User=0.01s Sys=0.00s Real=0.00s
[573.165s][info][gc,start       ] GC(1397) Pause Young (Allocation Failure)
[573.166s][info][gc,heap        ] GC(1397) PSYoungGen: 266816K(289792K)->64K(310272K) Eden: 266752K(266752K)->0K(288768K) From: 64K(23040K)->64K(21504K)
[573.166s][info][gc,heap        ] GC(1397) ParOldGen: 125164K(175104K)->125172K(175104K)
[573.166s][info][gc,metaspace   ] GC(1397) Metaspace: 35451K(36224K)->35451K(36224K) NonClass: 26242K(26816K)->26242K(26816K) Class: 9209K(9408K)->9209K(9408K)
[573.166s][info][gc             ] GC(1397) Pause Young (Allocation Failure) 382M->122M(474M) 0.863ms
[573.166s][info][gc,cpu         ] GC(1397) User=0.00s Sys=0.00s Real=0.00s
[573.656s][info][gc,start       ] GC(1398) Pause Young (Allocation Failure)
[573.657s][info][gc,heap        ] GC(1398) PSYoungGen: 288832K(310272K)->64K(310272K) Eden: 288768K(288768K)->0K(288768K) From: 64K(21504K)->64K(21504K)
[573.657s][info][gc,heap        ] GC(1398) ParOldGen: 125172K(175104K)->125188K(175104K)
[573.657s][info][gc,metaspace   ] GC(1398) Metaspace: 35451K(36224K)->35451K(36224K) NonClass: 26242K(26816K)->26242K(26816K) Class: 9209K(9408K)->9209K(9408K)
[573.657s][info][gc             ] GC(1398) Pause Young (Allocation Failure) 404M->122M(474M) 0.831ms
[573.657s][info][gc,cpu         ] GC(1398) User=0.00s Sys=0.00s Real=0.00s
[573.931s][info][gc,start       ] GC(1399) Pause Young (Allocation Failure)
[573.932s][info][gc,heap        ] GC(1399) PSYoungGen: 288832K(310272K)->64K(311296K) Eden: 288768K(288768K)->0K(291840K) From: 64K(21504K)->64K(19456K)
[573.932s][info][gc,heap        ] GC(1399) ParOldGen: 125188K(175104K)->125204K(175104K)
[573.932s][info][gc,metaspace   ] GC(1399) Metaspace: 35451K(36224K)->35451K(36224K) NonClass: 26242K(26816K)->26242K(26816K) Class: 9209K(9408K)->9209K(9408K)
[573.932s][info][gc             ] GC(1399) Pause Young (Allocation Failure) 404M->122M(475M) 0.944ms
[573.932s][info][gc,cpu         ] GC(1399) User=0.00s Sys=0.00s Real=0.00s
[574.196s][info][gc,start       ] GC(1400) Pause Young (Allocation Failure)
[574.196s][info][gc,heap        ] GC(1400) PSYoungGen: 291904K(311296K)->64K(311296K) Eden: 291840K(291840K)->0K(291840K) From: 64K(19456K)->64K(19456K)
[574.196s][info][gc,heap        ] GC(1400) ParOldGen: 125204K(175104K)->125204K(175104K)
[574.197s][info][gc,metaspace   ] GC(1400) Metaspace: 35451K(36224K)->35451K(36224K) NonClass: 26242K(26816K)->26242K(26816K) Class: 9209K(9408K)->9209K(9408K)
[574.197s][info][gc             ] GC(1400) Pause Young (Allocation Failure) 407M->122M(475M) 0.864ms
[574.197s][info][gc,cpu         ] GC(1400) User=0.00s Sys=0.00s Real=0.00s
[574.484s][info][gc,start       ] GC(1401) Pause Young (Allocation Failure)
[574.485s][info][gc,heap        ] GC(1401) PSYoungGen: 291904K(311296K)->64K(313344K) Eden: 291840K(291840K)->0K(295936K) From: 64K(19456K)->64K(17408K)
[574.485s][info][gc,heap        ] GC(1401) ParOldGen: 125204K(175104K)->125204K(175104K)
[574.485s][info][gc,metaspace   ] GC(1401) Metaspace: 35451K(36224K)->35451K(36224K) NonClass: 26242K(26816K)->26242K(26816K) Class: 9209K(9408K)->9209K(9408K)
[574.485s][info][gc             ] GC(1401) Pause Young (Allocation Failure) 407M->122M(477M) 0.833ms
[574.485s][info][gc,cpu         ] GC(1401) User=0.00s Sys=0.00s Real=0.00s
[574.540s][info][gc,start       ] GC(1402) Pause Young (Allocation Failure)
[574.541s][info][gc,heap        ] GC(1402) PSYoungGen: 296000K(313344K)->64K(313344K) Eden: 295936K(295936K)->0K(295936K) From: 64K(17408K)->64K(17408K)
[574.541s][info][gc,heap        ] GC(1402) ParOldGen: 125204K(175104K)->125220K(175104K)
[574.541s][info][gc,metaspace   ] GC(1402) Metaspace: 35451K(36224K)->35451K(36224K) NonClass: 26242K(26816K)->26242K(26816K) Class: 9209K(9408K)->9209K(9408K)
[574.541s][info][gc             ] GC(1402) Pause Young (Allocation Failure) 411M->122M(477M) 0.828ms
[574.541s][info][gc,cpu         ] GC(1402) User=0.00s Sys=0.00s Real=0.00s
[574.686s][info][gc,start       ] GC(1403) Pause Young (Allocation Failure)
[574.687s][info][gc,heap        ] GC(1403) PSYoungGen: 296000K(313344K)->64K(314880K) Eden: 295936K(295936K)->0K(299520K) From: 64K(17408K)->64K(15360K)
[574.687s][info][gc,heap        ] GC(1403) ParOldGen: 125220K(175104K)->125220K(175104K)
[574.687s][info][gc,metaspace   ] GC(1403) Metaspace: 35451K(36224K)->35451K(36224K) NonClass: 26242K(26816K)->26242K(26816K) Class: 9209K(9408K)->9209K(9408K)
[574.687s][info][gc             ] GC(1403) Pause Young (Allocation Failure) 411M->122M(478M) 0.910ms
[574.687s][info][gc,cpu         ] GC(1403) User=0.00s Sys=0.00s Real=0.00s
[575.030s][info][gc,start       ] GC(1404) Pause Young (Allocation Failure)
[575.031s][info][gc,heap        ] GC(1404) PSYoungGen: 299584K(314880K)->64K(315392K) Eden: 299520K(299520K)->0K(299520K) From: 64K(15360K)->64K(15872K)
[575.031s][info][gc,heap        ] GC(1404) ParOldGen: 125220K(175104K)->125236K(175104K)
[575.031s][info][gc,metaspace   ] GC(1404) Metaspace: 35451K(36224K)->35451K(36224K) NonClass: 26242K(26816K)->26242K(26816K) Class: 9209K(9408K)->9209K(9408K)
[575.031s][info][gc             ] GC(1404) Pause Young (Allocation Failure) 414M->122M(479M) 0.842ms
[575.031s][info][gc,cpu         ] GC(1404) User=0.00s Sys=0.00s Real=0.00s
[575.216s][info][gc,start       ] GC(1405) Pause Young (Allocation Failure)
[575.217s][info][gc,heap        ] GC(1405) PSYoungGen: 299584K(315392K)->64K(288256K) Eden: 299520K(299520K)->0K(287744K) From: 64K(15872K)->64K(512K)
[575.217s][info][gc,heap        ] GC(1405) ParOldGen: 125236K(175104K)->125236K(175104K)
[575.217s][info][gc,metaspace   ] GC(1405) Metaspace: 35452K(36224K)->35452K(36224K) NonClass: 26243K(26816K)->26243K(26816K) Class: 9209K(9408K)->9209K(9408K)
[575.217s][info][gc             ] GC(1405) Pause Young (Allocation Failure) 414M->122M(452M) 0.887ms
[575.217s][info][gc,cpu         ] GC(1405) User=0.00s Sys=0.00s Real=0.00s
[575.306s][info][gc,start       ] GC(1406) Pause Young (Allocation Failure)
[575.307s][info][gc,heap        ] GC(1406) PSYoungGen: 287808K(288256K)->64K(290304K) Eden: 287744K(287744K)->0K(276480K) From: 64K(512K)->64K(13824K)
[575.307s][info][gc,heap        ] GC(1406) ParOldGen: 125236K(175104K)->125252K(175104K)
[575.307s][info][gc,metaspace   ] GC(1406) Metaspace: 35452K(36224K)->35452K(36224K) NonClass: 26243K(26816K)->26243K(26816K) Class: 9209K(9408K)->9209K(9408K)
[575.307s][info][gc             ] GC(1406) Pause Young (Allocation Failure) 403M->122M(454M) 0.870ms
[575.307s][info][gc,cpu         ] GC(1406) User=0.00s Sys=0.00s Real=0.00s
[575.492s][info][gc,start       ] GC(1407) Pause Young (Allocation Failure)
[575.493s][info][gc,heap        ] GC(1407) PSYoungGen: 276544K(290304K)->64K(266240K) Eden: 276480K(276480K)->0K(265728K) From: 64K(13824K)->64K(512K)
[575.493s][info][gc,heap        ] GC(1407) ParOldGen: 125252K(175104K)->125252K(175104K)
[575.493s][info][gc,metaspace   ] GC(1407) Metaspace: 35452K(36224K)->35452K(36224K) NonClass: 26243K(26816K)->26243K(26816K) Class: 9209K(9408K)->9209K(9408K)
[575.493s][info][gc             ] GC(1407) Pause Young (Allocation Failure) 392M->122M(431M) 0.956ms
[575.493s][info][gc,cpu         ] GC(1407) User=0.00s Sys=0.00s Real=0.01s
[576.490s][info][gc,start       ] GC(1408) Pause Young (Allocation Failure)
[576.490s][info][gc,heap        ] GC(1408) PSYoungGen: 265789K(266240K)->83K(267776K) Eden: 265725K(265728K)->0K(255488K) From: 64K(512K)->83K(12288K)
[576.490s][info][gc,heap        ] GC(1408) ParOldGen: 125252K(175104K)->125260K(175104K)
[576.490s][info][gc,metaspace   ] GC(1408) Metaspace: 35452K(36224K)->35452K(36224K) NonClass: 26243K(26816K)->26243K(26816K) Class: 9209K(9408K)->9209K(9408K)
[576.490s][info][gc             ] GC(1408) Pause Young (Allocation Failure) 381M->122M(432M) 0.859ms
[576.490s][info][gc,cpu         ] GC(1408) User=0.00s Sys=0.00s Real=0.00s
[576.929s][info][gc,start       ] GC(1409) Pause Young (Allocation Failure)
[576.931s][info][gc,heap        ] GC(1409) PSYoungGen: 255571K(267776K)->64K(246272K) Eden: 255488K(255488K)->0K(245760K) From: 83K(12288K)->64K(512K)
[576.931s][info][gc,heap        ] GC(1409) ParOldGen: 125260K(175104K)->125268K(175104K)
[576.931s][info][gc,metaspace   ] GC(1409) Metaspace: 35452K(36224K)->35452K(36224K) NonClass: 26243K(26816K)->26243K(26816K) Class: 9209K(9408K)->9209K(9408K)
[576.931s][info][gc             ] GC(1409) Pause Young (Allocation Failure) 371M->122M(411M) 1.586ms
[576.931s][info][gc,cpu         ] GC(1409) User=0.00s Sys=0.00s Real=0.00s
[577.531s][info][gc,start       ] GC(1410) Pause Young (Allocation Failure)
[577.532s][info][gc,heap        ] GC(1410) PSYoungGen: 245824K(246272K)->32K(247296K) Eden: 245760K(245760K)->0K(236544K) From: 64K(512K)->32K(10752K)
[577.532s][info][gc,heap        ] GC(1410) ParOldGen: 125268K(175104K)->125276K(175104K)
[577.532s][info][gc,metaspace   ] GC(1410) Metaspace: 35452K(36224K)->35452K(36224K) NonClass: 26243K(26816K)->26243K(26816K) Class: 9209K(9408K)->9209K(9408K)
[577.532s][info][gc             ] GC(1410) Pause Young (Allocation Failure) 362M->122M(412M) 1.286ms
[577.532s][info][gc,cpu         ] GC(1410) User=0.00s Sys=0.00s Real=0.00s
[577.986s][info][gc,start       ] GC(1411) Pause Young (Allocation Failure)
[577.988s][info][gc,heap        ] GC(1411) PSYoungGen: 236576K(247296K)->32K(228352K) Eden: 236544K(236544K)->0K(227840K) From: 32K(10752K)->32K(512K)
[577.988s][info][gc,heap        ] GC(1411) ParOldGen: 125276K(175104K)->125284K(175104K)
[577.988s][info][gc,metaspace   ] GC(1411) Metaspace: 35452K(36224K)->35452K(36224K) NonClass: 26243K(26816K)->26243K(26816K) Class: 9209K(9408K)->9209K(9408K)
[577.988s][info][gc             ] GC(1411) Pause Young (Allocation Failure) 353M->122M(394M) 2.448ms
[577.988s][info][gc,cpu         ] GC(1411) User=0.00s Sys=0.00s Real=0.00s
[578.992s][info][gc,start       ] GC(1412) Pause Young (Allocation Failure)
[578.993s][info][gc,heap        ] GC(1412) PSYoungGen: 227872K(228352K)->32K(228352K) Eden: 227840K(227840K)->0K(219136K) From: 32K(512K)->32K(9216K)
[578.993s][info][gc,heap        ] GC(1412) ParOldGen: 125284K(175104K)->125292K(175104K)
[578.993s][info][gc,metaspace   ] GC(1412) Metaspace: 35452K(36224K)->35452K(36224K) NonClass: 26243K(26816K)->26243K(26816K) Class: 9209K(9408K)->9209K(9408K)
[578.993s][info][gc             ] GC(1412) Pause Young (Allocation Failure) 344M->122M(394M) 1.376ms
[578.993s][info][gc,cpu         ] GC(1412) User=0.01s Sys=0.00s Real=0.01s
[579.383s][info][gc,start       ] GC(1413) Pause Young (Allocation Failure)
[579.385s][info][gc,heap        ] GC(1413) PSYoungGen: 219168K(228352K)->32K(211456K) Eden: 219136K(219136K)->0K(210944K) From: 32K(9216K)->32K(512K)
[579.385s][info][gc,heap        ] GC(1413) ParOldGen: 125292K(175104K)->125300K(175104K)
[579.385s][info][gc,metaspace   ] GC(1413) Metaspace: 35452K(36224K)->35452K(36224K) NonClass: 26243K(26816K)->26243K(26816K) Class: 9209K(9408K)->9209K(9408K)
[579.385s][info][gc             ] GC(1413) Pause Young (Allocation Failure) 336M->122M(377M) 2.278ms
[579.385s][info][gc,cpu         ] GC(1413) User=0.00s Sys=0.00s Real=0.01s
[579.577s][info][gc,start       ] GC(1414) Pause Young (Allocation Failure)
[579.579s][info][gc,heap        ] GC(1414) PSYoungGen: 210976K(211456K)->32K(211456K) Eden: 210944K(210944K)->0K(203264K) From: 32K(512K)->32K(8192K)
[579.579s][info][gc,heap        ] GC(1414) ParOldGen: 125300K(175104K)->125308K(175104K)
[579.579s][info][gc,metaspace   ] GC(1414) Metaspace: 35452K(36224K)->35452K(36224K) NonClass: 26243K(26816K)->26243K(26816K) Class: 9209K(9408K)->9209K(9408K)
[579.579s][info][gc             ] GC(1414) Pause Young (Allocation Failure) 328M->122M(377M) 1.338ms
[579.579s][info][gc,cpu         ] GC(1414) User=0.01s Sys=0.00s Real=0.00s
[579.630s][info][gc,start       ] GC(1415) Pause Young (Allocation Failure)
[579.632s][info][gc,heap        ] GC(1415) PSYoungGen: 203296K(211456K)->32K(196608K) Eden: 203264K(203264K)->0K(196096K) From: 32K(8192K)->32K(512K)
[579.632s][info][gc,heap        ] GC(1415) ParOldGen: 125308K(175104K)->125316K(175104K)
[579.632s][info][gc,metaspace   ] GC(1415) Metaspace: 35452K(36224K)->35452K(36224K) NonClass: 26243K(26816K)->26243K(26816K) Class: 9209K(9408K)->9209K(9408K)
[579.632s][info][gc             ] GC(1415) Pause Young (Allocation Failure) 320M->122M(363M) 2.146ms
[579.632s][info][gc,cpu         ] GC(1415) User=0.00s Sys=0.00s Real=0.00s
[579.981s][info][gc,start       ] GC(1416) Pause Young (Allocation Failure)
[579.982s][info][gc,heap        ] GC(1416) PSYoungGen: 196128K(196608K)->64K(196096K) Eden: 196096K(196096K)->0K(188928K) From: 32K(512K)->64K(7168K)
[579.982s][info][gc,heap        ] GC(1416) ParOldGen: 125316K(175104K)->125316K(175104K)
[579.982s][info][gc,metaspace   ] GC(1416) Metaspace: 35452K(36224K)->35452K(36224K) NonClass: 26243K(26816K)->26243K(26816K) Class: 9209K(9408K)->9209K(9408K)
[579.982s][info][gc             ] GC(1416) Pause Young (Allocation Failure) 313M->122M(362M) 1.334ms
[579.982s][info][gc,cpu         ] GC(1416) User=0.01s Sys=0.00s Real=0.00s
[580.334s][info][gc,start       ] GC(1417) Pause Young (Allocation Failure)
[580.336s][info][gc,heap        ] GC(1417) PSYoungGen: 188992K(196096K)->32K(182784K) Eden: 188928K(188928K)->0K(182272K) From: 64K(7168K)->32K(512K)
[580.336s][info][gc,heap        ] GC(1417) ParOldGen: 125316K(175104K)->125324K(175104K)
[580.336s][info][gc,metaspace   ] GC(1417) Metaspace: 35452K(36224K)->35452K(36224K) NonClass: 26243K(26816K)->26243K(26816K) Class: 9209K(9408K)->9209K(9408K)
[580.336s][info][gc             ] GC(1417) Pause Young (Allocation Failure) 306M->122M(349M) 1.977ms
[580.336s][info][gc,cpu         ] GC(1417) User=0.00s Sys=0.00s Real=0.00s
[580.551s][info][gc,start       ] GC(1418) Pause Young (Allocation Failure)
[580.553s][info][gc,heap        ] GC(1418) PSYoungGen: 182304K(182784K)->32K(182272K) Eden: 182272K(182272K)->0K(176128K) From: 32K(512K)->32K(6144K)
[580.553s][info][gc,heap        ] GC(1418) ParOldGen: 125324K(175104K)->125332K(175104K)
[580.553s][info][gc,metaspace   ] GC(1418) Metaspace: 35452K(36224K)->35452K(36224K) NonClass: 26243K(26816K)->26243K(26816K) Class: 9209K(9408K)->9209K(9408K)
[580.553s][info][gc             ] GC(1418) Pause Young (Allocation Failure) 300M->122M(349M) 1.343ms
[580.553s][info][gc,cpu         ] GC(1418) User=0.00s Sys=0.00s Real=0.00s
[580.838s][info][gc,start       ] GC(1419) Pause Young (Allocation Failure)
[580.859s][info][gc,heap        ] GC(1419) PSYoungGen: 176160K(182272K)->5632K(216064K) Eden: 176128K(176128K)->0K(210432K) From: 32K(6144K)->5632K(5632K)
[580.859s][info][gc,heap        ] GC(1419) ParOldGen: 125332K(175104K)->132420K(175104K)
[580.859s][info][gc,metaspace   ] GC(1419) Metaspace: 35452K(36224K)->35452K(36224K) NonClass: 26243K(26816K)->26243K(26816K) Class: 9209K(9408K)->9209K(9408K)
[580.859s][info][gc             ] GC(1419) Pause Young (Allocation Failure) 294M->134M(382M) 21.244ms
[580.859s][info][gc,cpu         ] GC(1419) User=0.04s Sys=0.00s Real=0.02s
[581.139s][info][gc,start       ] GC(1420) Pause Young (Allocation Failure)
[581.178s][info][gc,heap        ] GC(1420) PSYoungGen: 216064K(216064K)->9728K(252928K) Eden: 210432K(210432K)->0K(243200K) From: 5632K(5632K)->9728K(9728K)
[581.178s][info][gc,heap        ] GC(1420) ParOldGen: 132420K(175104K)->146756K(175104K)
[581.178s][info][gc,metaspace   ] GC(1420) Metaspace: 35452K(36224K)->35452K(36224K) NonClass: 26243K(26816K)->26243K(26816K) Class: 9209K(9408K)->9209K(9408K)
[581.178s][info][gc             ] GC(1420) Pause Young (Allocation Failure) 340M->152M(418M) 39.131ms
[581.178s][info][gc,cpu         ] GC(1420) User=0.08s Sys=0.00s Real=0.04s
[581.502s][info][gc,start       ] GC(1421) Pause Young (Allocation Failure)
[581.555s][info][gc,heap        ] GC(1421) PSYoungGen: 252928K(252928K)->17408K(263168K) Eden: 243200K(243200K)->0K(245760K) From: 9728K(9728K)->17408K(17408K)
[581.555s][info][gc,heap        ] GC(1421) ParOldGen: 146756K(175104K)->155772K(175104K)
[581.555s][info][gc,metaspace   ] GC(1421) Metaspace: 35452K(36224K)->35452K(36224K) NonClass: 26243K(26816K)->26243K(26816K) Class: 9209K(9408K)->9209K(9408K)
[581.556s][info][gc             ] GC(1421) Pause Young (Allocation Failure) 390M->169M(428M) 53.684ms
[581.556s][info][gc,cpu         ] GC(1421) User=0.10s Sys=0.02s Real=0.06s
[581.634s][info][gc,start       ] GC(1422) Pause Young (Allocation Failure)
[581.638s][info][gc,heap        ] GC(1422) PSYoungGen: 263168K(263168K)->64K(269824K) Eden: 245760K(245760K)->0K(245760K) From: 17408K(17408K)->64K(24064K)
[581.638s][info][gc,heap        ] GC(1422) ParOldGen: 155772K(175104K)->156012K(175104K)
[581.638s][info][gc,metaspace   ] GC(1422) Metaspace: 35452K(36224K)->35452K(36224K) NonClass: 26243K(26816K)->26243K(26816K) Class: 9209K(9408K)->9209K(9408K)
[581.638s][info][gc             ] GC(1422) Pause Young (Allocation Failure) 409M->152M(434M) 3.520ms
[581.638s][info][gc,cpu         ] GC(1422) User=0.01s Sys=0.00s Real=0.00s
[582.167s][info][gc,start       ] GC(1423) Pause Young (Allocation Failure)
[582.168s][info][gc,heap        ] GC(1423) PSYoungGen: 245824K(269824K)->64K(307200K) Eden: 245760K(245760K)->0K(286208K) From: 64K(24064K)->64K(20992K)
[582.168s][info][gc,heap        ] GC(1423) ParOldGen: 156012K(175104K)->156020K(175104K)
[582.168s][info][gc,metaspace   ] GC(1423) Metaspace: 35452K(36224K)->35452K(36224K) NonClass: 26243K(26816K)->26243K(26816K) Class: 9209K(9408K)->9209K(9408K)
[582.168s][info][gc             ] GC(1423) Pause Young (Allocation Failure) 392M->152M(471M) 0.990ms
[582.168s][info][gc,cpu         ] GC(1423) User=0.00s Sys=0.00s Real=0.00s
[582.675s][info][gc,start       ] GC(1424) Pause Young (Allocation Failure)
[582.676s][info][gc,heap        ] GC(1424) PSYoungGen: 286272K(307200K)->64K(308736K) Eden: 286208K(286208K)->0K(286208K) From: 64K(20992K)->64K(22528K)
[582.676s][info][gc,heap        ] GC(1424) ParOldGen: 156020K(175104K)->156028K(175104K)
[582.676s][info][gc,metaspace   ] GC(1424) Metaspace: 35452K(36224K)->35452K(36224K) NonClass: 26243K(26816K)->26243K(26816K) Class: 9209K(9408K)->9209K(9408K)
[582.676s][info][gc             ] GC(1424) Pause Young (Allocation Failure) 431M->152M(472M) 0.972ms
[582.676s][info][gc,cpu         ] GC(1424) User=0.00s Sys=0.00s Real=0.00s
[583.143s][info][gc,start       ] GC(1425) Pause Young (Allocation Failure)
[583.144s][info][gc,heap        ] GC(1425) PSYoungGen: 286272K(308736K)->64K(308736K) Eden: 286208K(286208K)->0K(289280K) From: 64K(22528K)->64K(19456K)
[583.144s][info][gc,heap        ] GC(1425) ParOldGen: 156028K(175104K)->156044K(175104K)
[583.144s][info][gc,metaspace   ] GC(1425) Metaspace: 35452K(36224K)->35452K(36224K) NonClass: 26243K(26816K)->26243K(26816K) Class: 9209K(9408K)->9209K(9408K)
[583.144s][info][gc             ] GC(1425) Pause Young (Allocation Failure) 431M->152M(472M) 0.976ms
[583.144s][info][gc,cpu         ] GC(1425) User=0.00s Sys=0.00s Real=0.01s
[583.400s][info][gc,start       ] GC(1426) Pause Young (Allocation Failure)
[583.402s][info][gc,heap        ] GC(1426) PSYoungGen: 289344K(308736K)->32K(310272K) Eden: 289280K(289280K)->0K(289280K) From: 64K(19456K)->32K(20992K)
[583.402s][info][gc,heap        ] GC(1426) ParOldGen: 156044K(175104K)->156060K(175104K)
[583.402s][info][gc,metaspace   ] GC(1426) Metaspace: 35452K(36224K)->35452K(36224K) NonClass: 26243K(26816K)->26243K(26816K) Class: 9209K(9408K)->9209K(9408K)
[583.402s][info][gc             ] GC(1426) Pause Young (Allocation Failure) 434M->152M(474M) 1.628ms
[583.402s][info][gc,cpu         ] GC(1426) User=0.00s Sys=0.00s Real=0.00s
[583.829s][info][gc,start       ] GC(1427) Pause Young (Allocation Failure)
[583.831s][info][gc,heap        ] GC(1427) PSYoungGen: 289312K(310272K)->64K(310272K) Eden: 289280K(289280K)->0K(292864K) From: 32K(20992K)->64K(17408K)
[583.831s][info][gc,heap        ] GC(1427) ParOldGen: 156060K(175104K)->156060K(175104K)
[583.831s][info][gc,metaspace   ] GC(1427) Metaspace: 35452K(36224K)->35452K(36224K) NonClass: 26243K(26816K)->26243K(26816K) Class: 9209K(9408K)->9209K(9408K)
[583.831s][info][gc             ] GC(1427) Pause Young (Allocation Failure) 434M->152M(474M) 2.167ms
[583.831s][info][gc,cpu         ] GC(1427) User=0.01s Sys=0.00s Real=0.00s
[584.001s][info][gc,start       ] GC(1428) Pause Young (Allocation Failure)
[584.003s][info][gc,heap        ] GC(1428) PSYoungGen: 292928K(310272K)->32K(311808K) Eden: 292864K(292864K)->0K(292864K) From: 64K(17408K)->32K(18944K)
[584.003s][info][gc,heap        ] GC(1428) ParOldGen: 156060K(175104K)->156076K(175104K)
[584.003s][info][gc,metaspace   ] GC(1428) Metaspace: 35452K(36224K)->35452K(36224K) NonClass: 26243K(26816K)->26243K(26816K) Class: 9209K(9408K)->9209K(9408K)
[584.003s][info][gc             ] GC(1428) Pause Young (Allocation Failure) 438M->152M(475M) 1.488ms
[584.003s][info][gc,cpu         ] GC(1428) User=0.00s Sys=0.00s Real=0.00s
[584.054s][info][gc,start       ] GC(1429) Pause Young (Allocation Failure)
[584.055s][info][gc,heap        ] GC(1429) PSYoungGen: 292896K(311808K)->32K(312320K) Eden: 292864K(292864K)->0K(296960K) From: 32K(18944K)->32K(15360K)
[584.055s][info][gc,heap        ] GC(1429) ParOldGen: 156076K(175104K)->156084K(175104K)
[584.055s][info][gc,metaspace   ] GC(1429) Metaspace: 35452K(36224K)->35452K(36224K) NonClass: 26243K(26816K)->26243K(26816K) Class: 9209K(9408K)->9209K(9408K)
[584.055s][info][gc             ] GC(1429) Pause Young (Allocation Failure) 438M->152M(476M) 1.465ms
[584.055s][info][gc,cpu         ] GC(1429) User=0.00s Sys=0.00s Real=0.00s
[584.232s][info][gc,start       ] GC(1430) Pause Young (Allocation Failure)
[584.234s][info][gc,heap        ] GC(1430) PSYoungGen: 296992K(312320K)->64K(313856K) Eden: 296960K(296960K)->0K(296960K) From: 32K(15360K)->64K(16896K)
[584.234s][info][gc,heap        ] GC(1430) ParOldGen: 156084K(175104K)->156084K(175104K)
[584.234s][info][gc,metaspace   ] GC(1430) Metaspace: 35452K(36224K)->35452K(36224K) NonClass: 26243K(26816K)->26243K(26816K) Class: 9209K(9408K)->9209K(9408K)
[584.234s][info][gc             ] GC(1430) Pause Young (Allocation Failure) 442M->152M(477M) 1.429ms
[584.234s][info][gc,cpu         ] GC(1430) User=0.00s Sys=0.00s Real=0.01s
[584.556s][info][gc,start       ] GC(1431) Pause Young (Allocation Failure)
[584.557s][info][gc,heap        ] GC(1431) PSYoungGen: 297024K(313856K)->64K(315392K) Eden: 296960K(296960K)->0K(301056K) From: 64K(16896K)->64K(14336K)
[584.557s][info][gc,heap        ] GC(1431) ParOldGen: 156084K(175104K)->156092K(175104K)
[584.557s][info][gc,metaspace   ] GC(1431) Metaspace: 35452K(36224K)->35452K(36224K) NonClass: 26243K(26816K)->26243K(26816K) Class: 9209K(9408K)->9209K(9408K)
[584.557s][info][gc             ] GC(1431) Pause Young (Allocation Failure) 442M->152M(479M) 0.894ms
[584.557s][info][gc,cpu         ] GC(1431) User=0.00s Sys=0.00s Real=0.00s
[584.741s][info][gc,start       ] GC(1432) Pause Young (Allocation Failure)
[584.742s][info][gc,heap        ] GC(1432) PSYoungGen: 301120K(315392K)->64K(316416K) Eden: 301056K(301056K)->0K(301056K) From: 64K(14336K)->64K(15360K)
[584.742s][info][gc,heap        ] GC(1432) ParOldGen: 156092K(175104K)->156100K(175104K)
[584.742s][info][gc,metaspace   ] GC(1432) Metaspace: 35452K(36224K)->35452K(36224K) NonClass: 26243K(26816K)->26243K(26816K) Class: 9209K(9408K)->9209K(9408K)
[584.742s][info][gc             ] GC(1432) Pause Young (Allocation Failure) 446M->152M(480M) 0.961ms
[584.742s][info][gc,cpu         ] GC(1432) User=0.00s Sys=0.00s Real=0.00s
[584.837s][info][gc,start       ] GC(1433) Pause Young (Allocation Failure)
[584.838s][info][gc,heap        ] GC(1433) PSYoungGen: 301120K(316416K)->64K(316416K) Eden: 301056K(301056K)->0K(304128K) From: 64K(15360K)->64K(12288K)
[584.838s][info][gc,heap        ] GC(1433) ParOldGen: 156100K(175104K)->156108K(175104K)
[584.838s][info][gc,metaspace   ] GC(1433) Metaspace: 35452K(36224K)->35452K(36224K) NonClass: 26243K(26816K)->26243K(26816K) Class: 9209K(9408K)->9209K(9408K)
[584.838s][info][gc             ] GC(1433) Pause Young (Allocation Failure) 446M->152M(480M) 0.937ms
[584.838s][info][gc,cpu         ] GC(1433) User=0.00s Sys=0.00s Real=0.00s
[585.048s][info][gc,start       ] GC(1434) Pause Young (Allocation Failure)
[585.050s][info][gc,heap        ] GC(1434) PSYoungGen: 304192K(316416K)->32K(292352K) Eden: 304128K(304128K)->0K(291840K) From: 64K(12288K)->32K(512K)
[585.050s][info][gc,heap        ] GC(1434) ParOldGen: 156108K(175104K)->156116K(175104K)
[585.050s][info][gc,metaspace   ] GC(1434) Metaspace: 35452K(36224K)->35452K(36224K) NonClass: 26243K(26816K)->26243K(26816K) Class: 9209K(9408K)->9209K(9408K)
[585.050s][info][gc             ] GC(1434) Pause Young (Allocation Failure) 449M->152M(456M) 1.447ms
[585.050s][info][gc,cpu         ] GC(1434) User=0.00s Sys=0.00s Real=0.00s
[586.004s][info][gc,start       ] GC(1435) Pause Young (Allocation Failure)
[586.005s][info][gc,heap        ] GC(1435) PSYoungGen: 291872K(292352K)->51K(280576K) Eden: 291840K(291840K)->0K(280064K) From: 32K(512K)->51K(512K)
[586.005s][info][gc,heap        ] GC(1435) ParOldGen: 156116K(175104K)->156124K(175104K)
[586.005s][info][gc,metaspace   ] GC(1435) Metaspace: 35452K(36224K)->35452K(36224K) NonClass: 26243K(26816K)->26243K(26816K) Class: 9209K(9408K)->9209K(9408K)
[586.005s][info][gc             ] GC(1435) Pause Young (Allocation Failure) 437M->152M(445M) 1.665ms
[586.005s][info][gc,cpu         ] GC(1435) User=0.00s Sys=0.00s Real=0.00s
[586.917s][info][gc,start       ] GC(1436) Pause Young (Allocation Failure)
[586.919s][info][gc,heap        ] GC(1436) PSYoungGen: 280115K(280576K)->32K(280576K) Eden: 280064K(280064K)->0K(268800K) From: 51K(512K)->32K(11776K)
[586.919s][info][gc,heap        ] GC(1436) ParOldGen: 156124K(175104K)->156132K(175104K)
[586.919s][info][gc,metaspace   ] GC(1436) Metaspace: 35452K(36224K)->35452K(36224K) NonClass: 26243K(26816K)->26243K(26816K) Class: 9209K(9408K)->9209K(9408K)
[586.919s][info][gc             ] GC(1436) Pause Young (Allocation Failure) 426M->152M(445M) 1.434ms
[586.919s][info][gc,cpu         ] GC(1436) User=0.00s Sys=0.00s Real=0.00s
[587.335s][info][gc,start       ] GC(1437) Pause Young (Allocation Failure)
[587.338s][info][gc,heap        ] GC(1437) PSYoungGen: 268832K(280576K)->32K(259072K) Eden: 268800K(268800K)->0K(258560K) From: 32K(11776K)->32K(512K)
[587.338s][info][gc,heap        ] GC(1437) ParOldGen: 156132K(175104K)->156140K(175104K)
[587.338s][info][gc,metaspace   ] GC(1437) Metaspace: 35452K(36224K)->35452K(36224K) NonClass: 26243K(26816K)->26243K(26816K) Class: 9209K(9408K)->9209K(9408K)
[587.338s][info][gc             ] GC(1437) Pause Young (Allocation Failure) 415M->152M(424M) 3.122ms
[587.338s][info][gc,cpu         ] GC(1437) User=0.00s Sys=0.00s Real=0.00s
[588.455s][info][gc,start       ] GC(1438) Pause Young (Allocation Failure)
[588.456s][info][gc,heap        ] GC(1438) PSYoungGen: 258592K(259072K)->32K(259072K) Eden: 258560K(258560K)->0K(248832K) From: 32K(512K)->32K(10240K)
[588.456s][info][gc,heap        ] GC(1438) ParOldGen: 156140K(175104K)->156148K(175104K)
[588.456s][info][gc,metaspace   ] GC(1438) Metaspace: 35452K(36224K)->35452K(36224K) NonClass: 26243K(26816K)->26243K(26816K) Class: 9209K(9408K)->9209K(9408K)
[588.456s][info][gc             ] GC(1438) Pause Young (Allocation Failure) 405M->152M(424M) 1.648ms
[588.456s][info][gc,cpu         ] GC(1438) User=0.00s Sys=0.01s Real=0.00s
[588.697s][info][gc,start       ] GC(1439) Pause Young (Allocation Failure)
[588.699s][info][gc,heap        ] GC(1439) PSYoungGen: 248864K(259072K)->32K(239616K) Eden: 248832K(248832K)->0K(239104K) From: 32K(10240K)->32K(512K)
[588.699s][info][gc,heap        ] GC(1439) ParOldGen: 156148K(175104K)->156156K(175104K)
[588.699s][info][gc,metaspace   ] GC(1439) Metaspace: 35452K(36224K)->35452K(36224K) NonClass: 26243K(26816K)->26243K(26816K) Class: 9209K(9408K)->9209K(9408K)
[588.699s][info][gc             ] GC(1439) Pause Young (Allocation Failure) 395M->152M(405M) 2.575ms
[588.699s][info][gc,cpu         ] GC(1439) User=0.00s Sys=0.00s Real=0.00s
[589.083s][info][gc,start       ] GC(1440) Pause Young (Allocation Failure)
[589.085s][info][gc,heap        ] GC(1440) PSYoungGen: 239136K(239616K)->32K(238592K) Eden: 239104K(239104K)->0K(229888K) From: 32K(512K)->32K(8704K)
[589.085s][info][gc,heap        ] GC(1440) ParOldGen: 156156K(175104K)->156164K(175104K)
[589.085s][info][gc,metaspace   ] GC(1440) Metaspace: 35452K(36224K)->35452K(36224K) NonClass: 26243K(26816K)->26243K(26816K) Class: 9209K(9408K)->9209K(9408K)
[589.085s][info][gc             ] GC(1440) Pause Young (Allocation Failure) 386M->152M(404M) 2.225ms
[589.085s][info][gc,cpu         ] GC(1440) User=0.01s Sys=0.00s Real=0.01s
[589.153s][info][gc,start       ] GC(1441) Pause Young (Allocation Failure)
[589.155s][info][gc,heap        ] GC(1441) PSYoungGen: 229920K(238592K)->32K(280064K) Eden: 229888K(229888K)->0K(271872K) From: 32K(8704K)->32K(8192K)
[589.155s][info][gc,heap        ] GC(1441) ParOldGen: 156164K(175104K)->156172K(175104K)
[589.155s][info][gc,metaspace   ] GC(1441) Metaspace: 35452K(36224K)->35452K(36224K) NonClass: 26243K(26816K)->26243K(26816K) Class: 9209K(9408K)->9209K(9408K)
[589.155s][info][gc             ] GC(1441) Pause Young (Allocation Failure) 377M->152M(444M) 2.247ms
[589.155s][info][gc,cpu         ] GC(1441) User=0.01s Sys=0.00s Real=0.01s
[589.793s][info][gc,start       ] GC(1442) Pause Young (Allocation Failure)
[589.796s][info][gc,heap        ] GC(1442) PSYoungGen: 271904K(280064K)->64K(261632K) Eden: 271872K(271872K)->0K(261120K) From: 32K(8192K)->64K(512K)
[589.796s][info][gc,heap        ] GC(1442) ParOldGen: 156172K(175104K)->156188K(175104K)
[589.796s][info][gc,metaspace   ] GC(1442) Metaspace: 35452K(36224K)->35452K(36224K) NonClass: 26243K(26816K)->26243K(26816K) Class: 9209K(9408K)->9209K(9408K)
[589.796s][info][gc             ] GC(1442) Pause Young (Allocation Failure) 418M->152M(426M) 2.274ms
[589.796s][info][gc,cpu         ] GC(1442) User=0.00s Sys=0.00s Real=0.00s
[590.065s][info][gc,start       ] GC(1443) Pause Young (Allocation Failure)
[590.067s][info][gc,heap        ] GC(1443) PSYoungGen: 261184K(261632K)->32K(251392K) Eden: 261120K(261120K)->0K(250880K) From: 64K(512K)->32K(512K)
[590.067s][info][gc,heap        ] GC(1443) ParOldGen: 156188K(175104K)->156196K(175104K)
[590.067s][info][gc,metaspace   ] GC(1443) Metaspace: 35452K(36224K)->35452K(36224K) NonClass: 26243K(26816K)->26243K(26816K) Class: 9209K(9408K)->9209K(9408K)
[590.067s][info][gc             ] GC(1443) Pause Young (Allocation Failure) 407M->152M(416M) 1.950ms
[590.067s][info][gc,cpu         ] GC(1443) User=0.00s Sys=0.00s Real=0.00s
[590.461s][info][gc,start       ] GC(1444) Pause Young (Allocation Failure)
[590.501s][info][gc,heap        ] GC(1444) PSYoungGen: 250912K(251392K)->6656K(266752K) Eden: 250880K(250880K)->0K(260096K) From: 32K(512K)->6656K(6656K)
[590.501s][info][gc,heap        ] GC(1444) ParOldGen: 156196K(175104K)->169876K(175104K)
[590.501s][info][gc,metaspace   ] GC(1444) Metaspace: 35452K(36224K)->35452K(36224K) NonClass: 26243K(26816K)->26243K(26816K) Class: 9209K(9408K)->9209K(9408K)
[590.501s][info][gc             ] GC(1444) Pause Young (Allocation Failure) 397M->172M(431M) 40.514ms
[590.501s][info][gc,cpu         ] GC(1444) User=0.08s Sys=0.00s Real=0.04s
[590.849s][info][gc,start       ] GC(1445) Pause Young (Allocation Failure)
[590.930s][info][gc,heap        ] GC(1445) PSYoungGen: 266752K(266752K)->13312K(302080K) Eden: 260096K(260096K)->0K(288768K) From: 6656K(6656K)->13312K(13312K)
[590.930s][info][gc,heap        ] GC(1445) ParOldGen: 169876K(175104K)->186444K(186880K)
[590.930s][info][gc,metaspace   ] GC(1445) Metaspace: 35452K(36224K)->35452K(36224K) NonClass: 26243K(26816K)->26243K(26816K) Class: 9209K(9408K)->9209K(9408K)
[590.930s][info][gc             ] GC(1445) Pause Young (Allocation Failure) 426M->195M(477M) 80.712ms
[590.930s][info][gc,cpu         ] GC(1445) User=0.15s Sys=0.02s Real=0.08s
[591.165s][info][gc,start       ] GC(1446) Pause Young (Allocation Failure)
[591.199s][info][gc,heap        ] GC(1446) PSYoungGen: 302080K(302080K)->12832K(302080K) Eden: 288768K(288768K)->0K(288768K) From: 13312K(13312K)->12832K(13312K)
[591.199s][info][gc,heap        ] GC(1446) ParOldGen: 186444K(186880K)->186892K(187392K)
[591.199s][info][gc,metaspace   ] GC(1446) Metaspace: 35452K(36224K)->35452K(36224K) NonClass: 26243K(26816K)->26243K(26816K) Class: 9209K(9408K)->9209K(9408K)
[591.199s][info][gc             ] GC(1446) Pause Young (Allocation Failure) 477M->195M(478M) 33.543ms
[591.199s][info][gc,cpu         ] GC(1446) User=0.05s Sys=0.01s Real=0.03s
[591.642s][info][gc,start       ] GC(1447) Pause Young (Allocation Failure)
[591.643s][info][gc,heap        ] GC(1447) PSYoungGen: 301600K(302080K)->64K(310784K) Eden: 288768K(288768K)->0K(287232K) From: 12832K(13312K)->64K(23552K)
[591.643s][info][gc,heap        ] GC(1447) ParOldGen: 186892K(187392K)->186900K(187392K)
[591.643s][info][gc,metaspace   ] GC(1447) Metaspace: 35452K(36224K)->35452K(36224K) NonClass: 26243K(26816K)->26243K(26816K) Class: 9209K(9408K)->9209K(9408K)
[591.643s][info][gc             ] GC(1447) Pause Young (Allocation Failure) 477M->182M(486M) 0.964ms
[591.643s][info][gc,cpu         ] GC(1447) User=0.00s Sys=0.00s Real=0.00s
[592.232s][info][gc,start       ] GC(1448) Pause Young (Allocation Failure)
[592.233s][info][gc,heap        ] GC(1448) PSYoungGen: 287296K(310784K)->64K(287744K) Eden: 287232K(287232K)->0K(287232K) From: 64K(23552K)->64K(512K)
[592.233s][info][gc,heap        ] GC(1448) ParOldGen: 186900K(187392K)->186908K(187392K)
[592.233s][info][gc,metaspace   ] GC(1448) Metaspace: 35452K(36224K)->35452K(36224K) NonClass: 26243K(26816K)->26243K(26816K) Class: 9209K(9408K)->9209K(9408K)
[592.233s][info][gc             ] GC(1448) Pause Young (Allocation Failure) 463M->182M(464M) 1.030ms
[592.233s][info][gc,cpu         ] GC(1448) User=0.00s Sys=0.00s Real=0.00s
[592.702s][info][gc,start       ] GC(1449) Pause Young (Allocation Failure)
[592.703s][info][gc,heap        ] GC(1449) PSYoungGen: 287296K(287744K)->64K(310272K) Eden: 287232K(287232K)->0K(288256K) From: 64K(512K)->64K(22016K)
[592.703s][info][gc,heap        ] GC(1449) ParOldGen: 186908K(187392K)->186924K(187392K)
[592.703s][info][gc,metaspace   ] GC(1449) Metaspace: 35452K(36224K)->35452K(36224K) NonClass: 26243K(26816K)->26243K(26816K) Class: 9209K(9408K)->9209K(9408K)
[592.703s][info][gc             ] GC(1449) Pause Young (Allocation Failure) 463M->182M(486M) 0.998ms
[592.703s][info][gc,cpu         ] GC(1449) User=0.00s Sys=0.00s Real=0.01s
[592.967s][info][gc,start       ] GC(1450) Pause Young (Allocation Failure)
[592.968s][info][gc,heap        ] GC(1450) PSYoungGen: 288320K(310272K)->64K(309248K) Eden: 288256K(288256K)->0K(288256K) From: 64K(22016K)->64K(20992K)
[592.968s][info][gc,heap        ] GC(1450) ParOldGen: 186924K(187392K)->186940K(187392K)
[592.968s][info][gc,metaspace   ] GC(1450) Metaspace: 35452K(36224K)->35452K(36224K) NonClass: 26243K(26816K)->26243K(26816K) Class: 9209K(9408K)->9209K(9408K)
[592.968s][info][gc             ] GC(1450) Pause Young (Allocation Failure) 464M->182M(485M) 1.066ms
[592.968s][info][gc,cpu         ] GC(1450) User=0.00s Sys=0.00s Real=0.00s
[593.225s][info][gc,start       ] GC(1451) Pause Young (Allocation Failure)
[593.226s][info][gc,heap        ] GC(1451) PSYoungGen: 288320K(309248K)->64K(311808K) Eden: 288256K(288256K)->0K(291840K) From: 64K(20992K)->64K(19968K)
[593.226s][info][gc,heap        ] GC(1451) ParOldGen: 186940K(187392K)->186940K(187392K)
[593.226s][info][gc,metaspace   ] GC(1451) Metaspace: 35452K(36224K)->35452K(36224K) NonClass: 26243K(26816K)->26243K(26816K) Class: 9209K(9408K)->9209K(9408K)
[593.226s][info][gc             ] GC(1451) Pause Young (Allocation Failure) 464M->182M(487M) 1.038ms
[593.226s][info][gc,cpu         ] GC(1451) User=0.00s Sys=0.00s Real=0.00s
[593.519s][info][gc,start       ] GC(1452) Pause Young (Allocation Failure)
[593.519s][info][gc,heap        ] GC(1452) PSYoungGen: 291904K(311808K)->64K(311296K) Eden: 291840K(291840K)->0K(291840K) From: 64K(19968K)->64K(19456K)
[593.520s][info][gc,heap        ] GC(1452) ParOldGen: 186940K(187392K)->186940K(187392K)
[593.520s][info][gc,metaspace   ] GC(1452) Metaspace: 35452K(36224K)->35452K(36224K) NonClass: 26243K(26816K)->26243K(26816K) Class: 9209K(9408K)->9209K(9408K)
[593.520s][info][gc             ] GC(1452) Pause Young (Allocation Failure) 467M->182M(487M) 0.978ms
[593.520s][info][gc,cpu         ] GC(1452) User=0.00s Sys=0.00s Real=0.00s
[593.570s][info][gc,start       ] GC(1453) Pause Young (Allocation Failure)
[593.571s][info][gc,heap        ] GC(1453) PSYoungGen: 291904K(311296K)->32K(313344K) Eden: 291840K(291840K)->0K(295424K) From: 64K(19456K)->32K(17920K)
[593.571s][info][gc,heap        ] GC(1453) ParOldGen: 186940K(187392K)->186956K(187392K)
[593.571s][info][gc,metaspace   ] GC(1453) Metaspace: 35452K(36224K)->35452K(36224K) NonClass: 26243K(26816K)->26243K(26816K) Class: 9209K(9408K)->9209K(9408K)
[593.571s][info][gc             ] GC(1453) Pause Young (Allocation Failure) 467M->182M(489M) 1.055ms
[593.571s][info][gc,cpu         ] GC(1453) User=0.00s Sys=0.00s Real=0.00s
[593.702s][info][gc,start       ] GC(1454) Pause Young (Allocation Failure)
[593.703s][info][gc,heap        ] GC(1454) PSYoungGen: 295455K(313344K)->64K(312832K) Eden: 295423K(295424K)->0K(295424K) From: 32K(17920K)->64K(17408K)
[593.703s][info][gc,heap        ] GC(1454) ParOldGen: 186956K(187392K)->186956K(187392K)
[593.703s][info][gc,metaspace   ] GC(1454) Metaspace: 35452K(36224K)->35452K(36224K) NonClass: 26243K(26816K)->26243K(26816K) Class: 9209K(9408K)->9209K(9408K)
[593.703s][info][gc             ] GC(1454) Pause Young (Allocation Failure) 471M->182M(488M) 1.046ms
[593.704s][info][gc,cpu         ] GC(1454) User=0.01s Sys=0.00s Real=0.01s
[594.049s][info][gc,start       ] GC(1455) Pause Young (Allocation Failure)
[594.050s][info][gc,heap        ] GC(1455) PSYoungGen: 295488K(312832K)->64K(315392K) Eden: 295424K(295424K)->0K(299008K) From: 64K(17408K)->64K(16384K)
[594.050s][info][gc,heap        ] GC(1455) ParOldGen: 186956K(187392K)->186972K(187392K)
[594.050s][info][gc,metaspace   ] GC(1455) Metaspace: 35452K(36224K)->35452K(36224K) NonClass: 26243K(26816K)->26243K(26816K) Class: 9209K(9408K)->9209K(9408K)
[594.050s][info][gc             ] GC(1455) Pause Young (Allocation Failure) 471M->182M(491M) 1.000ms
[594.050s][info][gc,cpu         ] GC(1455) User=0.00s Sys=0.00s Real=0.00s
[594.252s][info][gc,start       ] GC(1456) Pause Young (Allocation Failure)
[594.254s][info][gc,heap        ] GC(1456) PSYoungGen: 299072K(315392K)->64K(314880K) Eden: 299008K(299008K)->0K(299008K) From: 64K(16384K)->64K(15872K)
[594.254s][info][gc,heap        ] GC(1456) ParOldGen: 186972K(187392K)->186972K(187392K)
[594.254s][info][gc,metaspace   ] GC(1456) Metaspace: 35452K(36224K)->35452K(36224K) NonClass: 26243K(26816K)->26243K(26816K) Class: 9209K(9408K)->9209K(9408K)
[594.254s][info][gc             ] GC(1456) Pause Young (Allocation Failure) 474M->182M(490M) 1.104ms
[594.254s][info][gc,cpu         ] GC(1456) User=0.00s Sys=0.00s Real=0.01s
[594.340s][info][gc,start       ] GC(1457) Pause Young (Allocation Failure)
[594.341s][info][gc,heap        ] GC(1457) PSYoungGen: 299072K(314880K)->64K(316928K) Eden: 299008K(299008K)->0K(302592K) From: 64K(15872K)->64K(14336K)
[594.341s][info][gc,heap        ] GC(1457) ParOldGen: 186972K(187392K)->186988K(187392K)
[594.341s][info][gc,metaspace   ] GC(1457) Metaspace: 35452K(36224K)->35452K(36224K) NonClass: 26243K(26816K)->26243K(26816K) Class: 9209K(9408K)->9209K(9408K)
[594.341s][info][gc             ] GC(1457) Pause Young (Allocation Failure) 474M->182M(492M) 1.087ms
[594.341s][info][gc,cpu         ] GC(1457) User=0.00s Sys=0.00s Real=0.00s
[594.533s][info][gc,start       ] GC(1458) Pause Young (Allocation Failure)
[594.535s][info][gc,heap        ] GC(1458) PSYoungGen: 302656K(316928K)->64K(290816K) Eden: 302592K(302592K)->0K(290304K) From: 64K(14336K)->64K(512K)
[594.535s][info][gc,heap        ] GC(1458) ParOldGen: 186988K(187392K)->186988K(187392K)
[594.535s][info][gc,metaspace   ] GC(1458) Metaspace: 35452K(36224K)->35452K(36224K) NonClass: 26243K(26816K)->26243K(26816K) Class: 9209K(9408K)->9209K(9408K)
[594.535s][info][gc             ] GC(1458) Pause Young (Allocation Failure) 478M->182M(467M) 1.772ms
[594.535s][info][gc,cpu         ] GC(1458) User=0.00s Sys=0.00s Real=0.01s
[595.522s][info][gc,start       ] GC(1459) Pause Young (Allocation Failure)
[595.523s][info][gc,heap        ] GC(1459) PSYoungGen: 290368K(290816K)->64K(279552K) Eden: 290304K(290304K)->0K(279040K) From: 64K(512K)->64K(512K)
[595.523s][info][gc,heap        ] GC(1459) ParOldGen: 186988K(187392K)->186996K(187392K)
[595.523s][info][gc,metaspace   ] GC(1459) Metaspace: 35452K(36224K)->35452K(36224K) NonClass: 26243K(26816K)->26243K(26816K) Class: 9209K(9408K)->9209K(9408K)
[595.523s][info][gc             ] GC(1459) Pause Young (Allocation Failure) 466M->182M(456M) 1.496ms
[595.523s][info][gc,cpu         ] GC(1459) User=0.00s Sys=0.00s Real=0.01s
[596.394s][info][gc,start       ] GC(1460) Pause Young (Allocation Failure)
[596.395s][info][gc,heap        ] GC(1460) PSYoungGen: 279104K(279552K)->64K(280576K) Eden: 279040K(279040K)->0K(268288K) From: 64K(512K)->64K(12288K)
[596.395s][info][gc,heap        ] GC(1460) ParOldGen: 186996K(187392K)->187004K(187392K)
[596.395s][info][gc,metaspace   ] GC(1460) Metaspace: 35452K(36224K)->35452K(36224K) NonClass: 26243K(26816K)->26243K(26816K) Class: 9209K(9408K)->9209K(9408K)
[596.395s][info][gc             ] GC(1460) Pause Young (Allocation Failure) 455M->182M(457M) 0.957ms
[596.395s][info][gc,cpu         ] GC(1460) User=0.01s Sys=0.00s Real=0.00s
[596.720s][info][gc,start       ] GC(1461) Pause Young (Allocation Failure)
[596.721s][info][gc,heap        ] GC(1461) PSYoungGen: 268352K(280576K)->64K(258560K) Eden: 268288K(268288K)->0K(258048K) From: 64K(12288K)->64K(512K)
[596.721s][info][gc,heap        ] GC(1461) ParOldGen: 187004K(187392K)->187012K(187392K)
[596.721s][info][gc,metaspace   ] GC(1461) Metaspace: 35452K(36224K)->35452K(36224K) NonClass: 26243K(26816K)->26243K(26816K) Class: 9209K(9408K)->9209K(9408K)
[596.721s][info][gc             ] GC(1461) Pause Young (Allocation Failure) 444M->182M(435M) 1.729ms
[596.721s][info][gc,cpu         ] GC(1461) User=0.00s Sys=0.00s Real=0.00s
[597.183s][info][gc,start       ] GC(1462) Pause Young (Allocation Failure)
[597.184s][info][gc,heap        ] GC(1462) PSYoungGen: 258112K(258560K)->64K(259072K) Eden: 258048K(258048K)->0K(248320K) From: 64K(512K)->64K(10752K)
[597.184s][info][gc,heap        ] GC(1462) ParOldGen: 187012K(187392K)->187028K(187392K)
[597.184s][info][gc,metaspace   ] GC(1462) Metaspace: 35452K(36224K)->35452K(36224K) NonClass: 26243K(26816K)->26243K(26816K) Class: 9209K(9408K)->9209K(9408K)
[597.184s][info][gc             ] GC(1462) Pause Young (Allocation Failure) 434M->182M(436M) 1.218ms
[597.184s][info][gc,cpu         ] GC(1462) User=0.00s Sys=0.01s Real=0.01s
[598.165s][info][gc,start       ] GC(1463) Pause Young (Allocation Failure)
[598.167s][info][gc,heap        ] GC(1463) PSYoungGen: 248384K(259072K)->64K(239104K) Eden: 248320K(248320K)->0K(238592K) From: 64K(10752K)->64K(512K)
[598.167s][info][gc,heap        ] GC(1463) ParOldGen: 187028K(187392K)->187036K(187392K)
[598.167s][info][gc,metaspace   ] GC(1463) Metaspace: 35452K(36224K)->35452K(36224K) NonClass: 26243K(26816K)->26243K(26816K) Class: 9209K(9408K)->9209K(9408K)
[598.167s][info][gc             ] GC(1463) Pause Young (Allocation Failure) 425M->182M(416M) 1.655ms
[598.167s][info][gc,cpu         ] GC(1463) User=0.00s Sys=0.00s Real=0.00s
[598.566s][info][gc,start       ] GC(1464) Pause Young (Allocation Failure)
[598.567s][info][gc,heap        ] GC(1464) PSYoungGen: 238656K(239104K)->64K(238592K) Eden: 238592K(238592K)->0K(229376K) From: 64K(512K)->64K(9216K)
[598.567s][info][gc,heap        ] GC(1464) ParOldGen: 187036K(187392K)->187044K(187392K)
[598.567s][info][gc,metaspace   ] GC(1464) Metaspace: 35452K(36224K)->35452K(36224K) NonClass: 26243K(26816K)->26243K(26816K) Class: 9209K(9408K)->9209K(9408K)
[598.567s][info][gc             ] GC(1464) Pause Young (Allocation Failure) 415M->182M(416M) 1.278ms
[598.567s][info][gc,cpu         ] GC(1464) User=0.00s Sys=0.00s Real=0.00s
[598.657s][info][gc,start       ] GC(1465) Pause Young (Allocation Failure)
[598.659s][info][gc,heap        ] GC(1465) PSYoungGen: 229440K(238592K)->32K(221184K) Eden: 229376K(229376K)->0K(220672K) From: 64K(9216K)->32K(512K)
[598.659s][info][gc,heap        ] GC(1465) ParOldGen: 187044K(187392K)->187052K(187392K)
[598.659s][info][gc,metaspace   ] GC(1465) Metaspace: 35452K(36224K)->35452K(36224K) NonClass: 26243K(26816K)->26243K(26816K) Class: 9209K(9408K)->9209K(9408K)
[598.659s][info][gc             ] GC(1465) Pause Young (Allocation Failure) 406M->182M(399M) 2.249ms
[598.659s][info][gc,cpu         ] GC(1465) User=0.00s Sys=0.00s Real=0.00s
[598.995s][info][gc,start       ] GC(1466) Pause Young (Allocation Failure)
[598.998s][info][gc,heap        ] GC(1466) PSYoungGen: 220704K(221184K)->64K(220672K) Eden: 220672K(220672K)->0K(212480K) From: 32K(512K)->64K(8192K)
[598.998s][info][gc,heap        ] GC(1466) ParOldGen: 187052K(187392K)->187068K(187392K)
[598.998s][info][gc,metaspace   ] GC(1466) Metaspace: 35452K(36224K)->35452K(36224K) NonClass: 26243K(26816K)->26243K(26816K) Class: 9209K(9408K)->9209K(9408K)
[598.998s][info][gc             ] GC(1466) Pause Young (Allocation Failure) 398M->182M(398M) 2.517ms
[598.998s][info][gc,cpu         ] GC(1466) User=0.00s Sys=0.00s Real=0.00s
[599.367s][info][gc,start       ] GC(1467) Pause Young (Allocation Failure)
[599.371s][info][gc,heap        ] GC(1467) PSYoungGen: 212544K(220672K)->64K(205312K) Eden: 212480K(212480K)->0K(204800K) From: 64K(8192K)->64K(512K)
[599.371s][info][gc,heap        ] GC(1467) ParOldGen: 187068K(187392K)->187084K(187392K)
[599.371s][info][gc,metaspace   ] GC(1467) Metaspace: 35452K(36224K)->35452K(36224K) NonClass: 26243K(26816K)->26243K(26816K) Class: 9209K(9408K)->9209K(9408K)
[599.371s][info][gc             ] GC(1467) Pause Young (Allocation Failure) 390M->182M(383M) 3.905ms
[599.371s][info][gc,cpu         ] GC(1467) User=0.01s Sys=0.00s Real=0.00s
[599.663s][info][gc,start       ] GC(1468) Pause Young (Allocation Failure)
[599.665s][info][gc,heap        ] GC(1468) PSYoungGen: 204864K(205312K)->32K(204288K) Eden: 204800K(204800K)->0K(197120K) From: 64K(512K)->32K(7168K)
[599.665s][info][gc,heap        ] GC(1468) ParOldGen: 187084K(187392K)->187100K(187392K)
[599.665s][info][gc,metaspace   ] GC(1468) Metaspace: 35452K(36224K)->35452K(36224K) NonClass: 26243K(26816K)->26243K(26816K) Class: 9209K(9408K)->9209K(9408K)
[599.665s][info][gc             ] GC(1468) Pause Young (Allocation Failure) 382M->182M(382M) 2.818ms
[599.665s][info][gc,cpu         ] GC(1468) User=0.00s Sys=0.00s Real=0.01s
[599.974s][info][gc,start       ] GC(1469) Pause Young (Allocation Failure)
[600.024s][info][gc,heap        ] GC(1469) PSYoungGen: 197152K(204288K)->6656K(242688K) Eden: 197120K(197120K)->0K(236032K) From: 32K(7168K)->6656K(6656K)
[600.024s][info][gc,heap        ] GC(1469) ParOldGen: 187100K(187392K)->200188K(200192K)
[600.024s][info][gc,metaspace   ] GC(1469) Metaspace: 35452K(36224K)->35452K(36224K) NonClass: 26243K(26816K)->26243K(26816K) Class: 9209K(9408K)->9209K(9408K)
[600.024s][info][gc             ] GC(1469) Pause Young (Allocation Failure) 375M->201M(432M) 50.118ms
[600.024s][info][gc,cpu         ] GC(1469) User=0.09s Sys=0.01s Real=0.05s
[600.357s][info][gc,start       ] GC(1470) Pause Young (Allocation Failure)
[600.430s][info][gc,heap        ] GC(1470) PSYoungGen: 242688K(242688K)->12800K(256512K) Eden: 236032K(236032K)->0K(243712K) From: 6656K(6656K)->12800K(12800K)
[600.430s][info][gc,heap        ] GC(1470) ParOldGen: 200188K(200192K)->214516K(214528K)
[600.430s][info][gc,metaspace   ] GC(1470) Metaspace: 35452K(36224K)->35452K(36224K) NonClass: 26243K(26816K)->26243K(26816K) Class: 9209K(9408K)->9209K(9408K)
[600.430s][info][gc             ] GC(1470) Pause Young (Allocation Failure) 432M->221M(460M) 72.864ms
[600.430s][info][gc,cpu         ] GC(1470) User=0.13s Sys=0.01s Real=0.07s
[600.653s][info][gc,start       ] GC(1471) Pause Young (Allocation Failure)
[600.691s][info][gc,heap        ] GC(1471) PSYoungGen: 256512K(256512K)->16128K(302080K) Eden: 243712K(243712K)->0K(281088K) From: 12800K(12800K)->16128K(20992K)
[600.691s][info][gc,heap        ] GC(1471) ParOldGen: 214516K(214528K)->214900K(215040K)
[600.691s][info][gc,metaspace   ] GC(1471) Metaspace: 35452K(36224K)->35452K(36224K) NonClass: 26243K(26816K)->26243K(26816K) Class: 9209K(9408K)->9209K(9408K)
[600.691s][info][gc             ] GC(1471) Pause Young (Allocation Failure) 459M->225M(505M) 37.668ms
[600.691s][info][gc,cpu         ] GC(1471) User=0.07s Sys=0.01s Real=0.03s
[600.962s][info][gc,start       ] GC(1472) Pause Young (Allocation Failure)
[600.963s][info][gc,heap        ] GC(1472) PSYoungGen: 297216K(302080K)->64K(304640K) Eden: 281088K(281088K)->0K(281088K) From: 16128K(20992K)->64K(23552K)
[600.963s][info][gc,heap        ] GC(1472) ParOldGen: 214900K(215040K)->214908K(215040K)
[600.963s][info][gc,metaspace   ] GC(1472) Metaspace: 35452K(36224K)->35452K(36224K) NonClass: 26243K(26816K)->26243K(26816K) Class: 9209K(9408K)->9209K(9408K)
[600.964s][info][gc             ] GC(1472) Pause Young (Allocation Failure) 500M->209M(507M) 1.055ms
[600.964s][info][gc,cpu         ] GC(1472) User=0.00s Sys=0.00s Real=0.01s
[601.708s][info][gc,start       ] GC(1473) Pause Young (Allocation Failure)
[601.709s][info][gc,heap        ] GC(1473) PSYoungGen: 281152K(304640K)->64K(307712K) Eden: 281088K(281088K)->0K(287232K) From: 64K(23552K)->64K(20480K)
[601.709s][info][gc,heap        ] GC(1473) ParOldGen: 214908K(215040K)->214916K(215040K)
[601.709s][info][gc,metaspace   ] GC(1473) Metaspace: 35452K(36224K)->35452K(36224K) NonClass: 26243K(26816K)->26243K(26816K) Class: 9209K(9408K)->9209K(9408K)
[601.709s][info][gc             ] GC(1473) Pause Young (Allocation Failure) 484M->209M(510M) 1.204ms
[601.709s][info][gc,cpu         ] GC(1473) User=0.00s Sys=0.00s Real=0.00s
[602.216s][info][gc,start       ] GC(1474) Pause Young (Allocation Failure)
[602.217s][info][gc,heap        ] GC(1474) PSYoungGen: 287296K(307712K)->64K(309248K) Eden: 287232K(287232K)->0K(287232K) From: 64K(20480K)->64K(22016K)
[602.217s][info][gc,heap        ] GC(1474) ParOldGen: 214916K(215040K)->214932K(215040K)
[602.217s][info][gc,metaspace   ] GC(1474) Metaspace: 35452K(36224K)->35452K(36224K) NonClass: 26243K(26816K)->26243K(26816K) Class: 9209K(9408K)->9209K(9408K)
[602.217s][info][gc             ] GC(1474) Pause Young (Allocation Failure) 490M->209M(512M) 1.103ms
[602.217s][info][gc,cpu         ] GC(1474) User=0.00s Sys=0.00s Real=0.00s
[602.471s][info][gc,start       ] GC(1475) Pause Young (Allocation Failure)
[602.472s][info][gc,heap        ] GC(1475) PSYoungGen: 287296K(309248K)->64K(309248K) Eden: 287232K(287232K)->0K(290304K) From: 64K(22016K)->64K(18944K)
[602.472s][info][gc,heap        ] GC(1475) ParOldGen: 214932K(215040K)->214948K(215040K)
[602.472s][info][gc,metaspace   ] GC(1475) Metaspace: 35452K(36224K)->35452K(36224K) NonClass: 26243K(26816K)->26243K(26816K) Class: 9209K(9408K)->9209K(9408K)
[602.472s][info][gc             ] GC(1475) Pause Young (Allocation Failure) 490M->209M(512M) 1.145ms
[602.472s][info][gc,cpu         ] GC(1475) User=0.00s Sys=0.00s Real=0.00s
[602.754s][info][gc,start       ] GC(1476) Pause Young (Allocation Failure)
[602.755s][info][gc,heap        ] GC(1476) PSYoungGen: 290368K(309248K)->64K(310784K) Eden: 290304K(290304K)->0K(290304K) From: 64K(18944K)->64K(20480K)
[602.755s][info][gc,heap        ] GC(1476) ParOldGen: 214948K(215040K)->214948K(215040K)
[602.755s][info][gc,metaspace   ] GC(1476) Metaspace: 35452K(36224K)->35452K(36224K) NonClass: 26243K(26816K)->26243K(26816K) Class: 9209K(9408K)->9209K(9408K)
[602.755s][info][gc             ] GC(1476) Pause Young (Allocation Failure) 493M->209M(513M) 1.155ms
[602.755s][info][gc,cpu         ] GC(1476) User=0.00s Sys=0.00s Real=0.00s
[603.123s][info][gc,start       ] GC(1477) Pause Young (Allocation Failure)
[603.124s][info][gc,heap        ] GC(1477) PSYoungGen: 290368K(310784K)->64K(310784K) Eden: 290304K(290304K)->0K(293888K) From: 64K(20480K)->64K(16896K)
[603.124s][info][gc,heap        ] GC(1477) ParOldGen: 214948K(215040K)->214948K(215040K)
[603.124s][info][gc,metaspace   ] GC(1477) Metaspace: 35452K(36224K)->35452K(36224K) NonClass: 26243K(26816K)->26243K(26816K) Class: 9209K(9408K)->9209K(9408K)
[603.124s][info][gc             ] GC(1477) Pause Young (Allocation Failure) 493M->209M(513M) 1.152ms
[603.124s][info][gc,cpu         ] GC(1477) User=0.00s Sys=0.00s Real=0.01s
[603.178s][info][gc,start       ] GC(1478) Pause Young (Allocation Failure)
[603.179s][info][gc,heap        ] GC(1478) PSYoungGen: 293952K(310784K)->64K(312320K) Eden: 293888K(293888K)->0K(293888K) From: 64K(16896K)->64K(18432K)
[603.179s][info][gc,heap        ] GC(1478) ParOldGen: 214948K(215040K)->214964K(215040K)
[603.179s][info][gc,metaspace   ] GC(1478) Metaspace: 35452K(36224K)->35452K(36224K) NonClass: 26243K(26816K)->26243K(26816K) Class: 9209K(9408K)->9209K(9408K)
[603.179s][info][gc             ] GC(1478) Pause Young (Allocation Failure) 496M->209M(515M) 1.058ms
[603.179s][info][gc,cpu         ] GC(1478) User=0.00s Sys=0.00s Real=0.00s
[603.231s][info][gc,start       ] GC(1479) Pause Young (Allocation Failure)
[603.232s][info][gc,heap        ] GC(1479) PSYoungGen: 293952K(312320K)->64K(312832K) Eden: 293888K(293888K)->0K(297984K) From: 64K(18432K)->64K(14848K)
[603.232s][info][gc,heap        ] GC(1479) ParOldGen: 214964K(215040K)->214964K(215040K)
[603.232s][info][gc,metaspace   ] GC(1479) Metaspace: 35452K(36224K)->35452K(36224K) NonClass: 26243K(26816K)->26243K(26816K) Class: 9209K(9408K)->9209K(9408K)
[603.232s][info][gc             ] GC(1479) Pause Young (Allocation Failure) 496M->209M(515M) 0.955ms
[603.232s][info][gc,cpu         ] GC(1479) User=0.00s Sys=0.00s Real=0.00s
[603.566s][info][gc,start       ] GC(1480) Pause Young (Allocation Failure)
[603.567s][info][gc,heap        ] GC(1480) PSYoungGen: 298048K(312832K)->64K(314368K) Eden: 297984K(297984K)->0K(297984K) From: 64K(14848K)->64K(16384K)
[603.567s][info][gc,heap        ] GC(1480) ParOldGen: 214964K(215040K)->214964K(215040K)
[603.567s][info][gc,metaspace   ] GC(1480) Metaspace: 35452K(36224K)->35452K(36224K) NonClass: 26243K(26816K)->26243K(26816K) Class: 9209K(9408K)->9209K(9408K)
[603.567s][info][gc             ] GC(1480) Pause Young (Allocation Failure) 500M->209M(517M) 1.072ms
[603.567s][info][gc,cpu         ] GC(1480) User=0.01s Sys=0.00s Real=0.00s
[603.832s][info][gc,start       ] GC(1481) Pause Young (Allocation Failure)
[603.833s][info][gc,heap        ] GC(1481) PSYoungGen: 298048K(314368K)->64K(314880K) Eden: 297984K(297984K)->0K(301568K) From: 64K(16384K)->64K(13312K)
[603.833s][info][gc,heap        ] GC(1481) ParOldGen: 214964K(215040K)->214972K(215040K)
[603.833s][info][gc,metaspace   ] GC(1481) Metaspace: 35452K(36224K)->35452K(36224K) NonClass: 26243K(26816K)->26243K(26816K) Class: 9209K(9408K)->9209K(9408K)
[603.833s][info][gc             ] GC(1481) Pause Young (Allocation Failure) 500M->209M(517M) 1.087ms
[603.833s][info][gc,cpu         ] GC(1481) User=0.00s Sys=0.00s Real=0.00s
[603.927s][info][gc,start       ] GC(1482) Pause Young (Allocation Failure)
[603.929s][info][gc,heap        ] GC(1482) PSYoungGen: 301632K(314880K)->64K(316416K) Eden: 301568K(301568K)->0K(301568K) From: 64K(13312K)->64K(14848K)
[603.929s][info][gc,heap        ] GC(1482) ParOldGen: 214972K(215040K)->214980K(215040K)
[603.929s][info][gc,metaspace   ] GC(1482) Metaspace: 35452K(36224K)->35452K(36224K) NonClass: 26243K(26816K)->26243K(26816K) Class: 9209K(9408K)->9209K(9408K)
[603.929s][info][gc             ] GC(1482) Pause Young (Allocation Failure) 504M->210M(519M) 1.647ms
[603.929s][info][gc,cpu         ] GC(1482) User=0.00s Sys=0.00s Real=0.00s
[604.093s][info][gc,start       ] GC(1483) Pause Young (Allocation Failure)
[604.094s][info][gc,heap        ] GC(1483) PSYoungGen: 301632K(316416K)->64K(317440K) Eden: 301568K(301568K)->0K(305152K) From: 64K(14848K)->64K(12288K)
[604.094s][info][gc,heap        ] GC(1483) ParOldGen: 214980K(215040K)->214988K(215040K)
[604.094s][info][gc,metaspace   ] GC(1483) Metaspace: 35452K(36224K)->35452K(36224K) NonClass: 26243K(26816K)->26243K(26816K) Class: 9209K(9408K)->9209K(9408K)
[604.094s][info][gc             ] GC(1483) Pause Young (Allocation Failure) 504M->210M(520M) 1.127ms
[604.094s][info][gc,cpu         ] GC(1483) User=0.00s Sys=0.00s Real=0.01s
[604.558s][info][gc,start       ] GC(1484) Pause Young (Allocation Failure)
[604.559s][info][gc,heap        ] GC(1484) PSYoungGen: 305216K(317440K)->64K(293376K) Eden: 305152K(305152K)->0K(292864K) From: 64K(12288K)->64K(512K)
[604.559s][info][gc,heap        ] GC(1484) ParOldGen: 214988K(215040K)->214996K(215040K)
[604.559s][info][gc,metaspace   ] GC(1484) Metaspace: 35452K(36224K)->35452K(36224K) NonClass: 26243K(26816K)->26243K(26816K) Class: 9209K(9408K)->9209K(9408K)
[604.559s][info][gc             ] GC(1484) Pause Young (Allocation Failure) 508M->210M(496M) 1.305ms
[604.559s][info][gc,cpu         ] GC(1484) User=0.00s Sys=0.00s Real=0.00s
[605.908s][info][gc,start       ] GC(1485) Pause Young (Allocation Failure)
[605.910s][info][gc,heap        ] GC(1485) PSYoungGen: 292928K(293376K)->64K(281600K) Eden: 292864K(292864K)->0K(281088K) From: 64K(512K)->64K(512K)
[605.910s][info][gc,heap        ] GC(1485) ParOldGen: 214996K(215040K)->215004K(215040K)
[605.910s][info][gc,metaspace   ] GC(1485) Metaspace: 35452K(36224K)->35452K(36224K) NonClass: 26243K(26816K)->26243K(26816K) Class: 9209K(9408K)->9209K(9408K)
[605.910s][info][gc             ] GC(1485) Pause Young (Allocation Failure) 496M->210M(485M) 2.001ms
[605.910s][info][gc,cpu         ] GC(1485) User=0.00s Sys=0.00s Real=0.00s
[606.329s][info][gc,start       ] GC(1486) Pause Young (Allocation Failure)
[606.330s][info][gc,heap        ] GC(1486) PSYoungGen: 281152K(281600K)->64K(281088K) Eden: 281088K(281088K)->0K(269824K) From: 64K(512K)->64K(11264K)
[606.330s][info][gc,heap        ] GC(1486) ParOldGen: 215004K(215040K)->215012K(215040K)
[606.330s][info][gc,metaspace   ] GC(1486) Metaspace: 35452K(36224K)->35452K(36224K) NonClass: 26243K(26816K)->26243K(26816K) Class: 9209K(9408K)->9209K(9408K)
[606.330s][info][gc             ] GC(1486) Pause Young (Allocation Failure) 484M->210M(484M) 1.012ms
[606.330s][info][gc,cpu         ] GC(1486) User=0.00s Sys=0.00s Real=0.00s
[606.867s][info][gc,start       ] GC(1487) Pause Young (Allocation Failure)
[606.869s][info][gc,heap        ] GC(1487) PSYoungGen: 269888K(281088K)->64K(259584K) Eden: 269824K(269824K)->0K(259072K) From: 64K(11264K)->64K(512K)
[606.869s][info][gc,heap        ] GC(1487) ParOldGen: 215012K(215040K)->215020K(215040K)
[606.869s][info][gc,metaspace   ] GC(1487) Metaspace: 35452K(36224K)->35452K(36224K) NonClass: 26243K(26816K)->26243K(26816K) Class: 9209K(9408K)->9209K(9408K)
[606.869s][info][gc             ] GC(1487) Pause Young (Allocation Failure) 473M->210M(463M) 2.107ms
[606.869s][info][gc,cpu         ] GC(1487) User=0.00s Sys=0.01s Real=0.00s
[607.867s][info][gc,start       ] GC(1488) Pause Young (Allocation Failure)
[607.868s][info][gc,heap        ] GC(1488) PSYoungGen: 259136K(259584K)->64K(259072K) Eden: 259072K(259072K)->0K(248832K) From: 64K(512K)->64K(10240K)
[607.868s][info][gc,heap        ] GC(1488) ParOldGen: 215020K(215040K)->215028K(215040K)
[607.868s][info][gc,metaspace   ] GC(1488) Metaspace: 35452K(36224K)->35452K(36224K) NonClass: 26243K(26816K)->26243K(26816K) Class: 9209K(9408K)->9209K(9408K)
[607.868s][info][gc             ] GC(1488) Pause Young (Allocation Failure) 463M->210M(463M) 1.480ms
[607.868s][info][gc,cpu         ] GC(1488) User=0.00s Sys=0.00s Real=0.00s
[608.243s][info][gc,start       ] GC(1489) Pause Young (Allocation Failure)
[608.246s][info][gc,heap        ] GC(1489) PSYoungGen: 248896K(259072K)->32K(239616K) Eden: 248832K(248832K)->0K(239104K) From: 64K(10240K)->32K(512K)
[608.246s][info][gc,heap        ] GC(1489) ParOldGen: 215028K(215040K)->215036K(215040K)
[608.246s][info][gc,metaspace   ] GC(1489) Metaspace: 35452K(36224K)->35452K(36224K) NonClass: 26243K(26816K)->26243K(26816K) Class: 9209K(9408K)->9209K(9408K)
[608.246s][info][gc             ] GC(1489) Pause Young (Allocation Failure) 453M->210M(444M) 2.939ms
[608.246s][info][gc,cpu         ] GC(1489) User=0.00s Sys=0.00s Real=0.00s
[608.358s][info][gc,start       ] GC(1490) Pause Young (Allocation Failure)
[608.360s][info][gc,heap        ] GC(1490) PSYoungGen: 239136K(239616K)->32K(238592K) Eden: 239104K(239104K)->0K(229888K) From: 32K(512K)->32K(8704K)
[608.360s][info][gc,heap        ] GC(1490) ParOldGen: 215036K(215040K)->215044K(215552K)
[608.360s][info][gc,metaspace   ] GC(1490) Metaspace: 35452K(36224K)->35452K(36224K) NonClass: 26243K(26816K)->26243K(26816K) Class: 9209K(9408K)->9209K(9408K)
[608.360s][info][gc             ] GC(1490) Pause Young (Allocation Failure) 443M->210M(443M) 1.822ms
[608.360s][info][gc,cpu         ] GC(1490) User=0.00s Sys=0.00s Real=0.00s
[608.720s][info][gc,start       ] GC(1491) Pause Young (Allocation Failure)
[608.723s][info][gc,heap        ] GC(1491) PSYoungGen: 229920K(238592K)->64K(221696K) Eden: 229888K(229888K)->0K(221184K) From: 32K(8704K)->64K(512K)
[608.723s][info][gc,heap        ] GC(1491) ParOldGen: 215044K(215552K)->215060K(215552K)
[608.723s][info][gc,metaspace   ] GC(1491) Metaspace: 35452K(36224K)->35452K(36224K) NonClass: 26243K(26816K)->26243K(26816K) Class: 9209K(9408K)->9209K(9408K)
[608.723s][info][gc             ] GC(1491) Pause Young (Allocation Failure) 434M->210M(427M) 2.745ms
[608.723s][info][gc,cpu         ] GC(1491) User=0.00s Sys=0.00s Real=0.01s
[609.077s][info][gc,start       ] GC(1492) Pause Young (Allocation Failure)
[609.079s][info][gc,heap        ] GC(1492) PSYoungGen: 221248K(221696K)->32K(220672K) Eden: 221184K(221184K)->0K(212992K) From: 64K(512K)->32K(7680K)
[609.079s][info][gc,heap        ] GC(1492) ParOldGen: 215060K(215552K)->215068K(215552K)
[609.079s][info][gc,metaspace   ] GC(1492) Metaspace: 35452K(36224K)->35452K(36224K) NonClass: 26243K(26816K)->26243K(26816K) Class: 9209K(9408K)->9209K(9408K)
[609.079s][info][gc             ] GC(1492) Pause Young (Allocation Failure) 426M->210M(426M) 1.843ms
[609.079s][info][gc,cpu         ] GC(1492) User=0.01s Sys=0.00s Real=0.00s
[609.424s][info][gc,start       ] GC(1493) Pause Young (Allocation Failure)
[609.426s][info][gc,heap        ] GC(1493) PSYoungGen: 213024K(220672K)->256K(205824K) Eden: 212992K(212992K)->0K(205312K) From: 32K(7680K)->256K(512K)
[609.426s][info][gc,heap        ] GC(1493) ParOldGen: 215068K(215552K)->215084K(215552K)
[609.426s][info][gc,metaspace   ] GC(1493) Metaspace: 35452K(36224K)->35452K(36224K) NonClass: 26243K(26816K)->26243K(26816K) Class: 9209K(9408K)->9209K(9408K)
[609.426s][info][gc             ] GC(1493) Pause Young (Allocation Failure) 418M->210M(411M) 2.391ms
[609.426s][info][gc,cpu         ] GC(1493) User=0.00s Sys=0.00s Real=0.00s
[609.702s][info][gc,start       ] GC(1494) Pause Young (Allocation Failure)
[609.748s][info][gc,heap        ] GC(1494) PSYoungGen: 205568K(205824K)->6656K(252928K) Eden: 205312K(205312K)->0K(246272K) From: 256K(512K)->6656K(6656K)
[609.748s][info][gc,heap        ] GC(1494) ParOldGen: 215084K(215552K)->231732K(231936K)
[609.748s][info][gc,metaspace   ] GC(1494) Metaspace: 35452K(36224K)->35452K(36224K) NonClass: 26243K(26816K)->26243K(26816K) Class: 9209K(9408K)->9209K(9408K)
[609.748s][info][gc             ] GC(1494) Pause Young (Allocation Failure) 410M->232M(473M) 46.850ms
[609.748s][info][gc,cpu         ] GC(1494) User=0.08s Sys=0.01s Real=0.05s
[610.102s][info][gc,start       ] GC(1495) Pause Young (Allocation Failure)
[610.180s][info][gc,heap        ] GC(1495) PSYoungGen: 252928K(252928K)->6656K(252416K) Eden: 246272K(246272K)->0K(245760K) From: 6656K(6656K)->6656K(6656K)
[610.180s][info][gc,heap        ] GC(1495) ParOldGen: 231732K(231936K)->253476K(253952K)
[610.180s][info][gc,metaspace   ] GC(1495) Metaspace: 35452K(36224K)->35452K(36224K) NonClass: 26243K(26816K)->26243K(26816K) Class: 9209K(9408K)->9209K(9408K)
[610.180s][info][gc             ] GC(1495) Pause Young (Allocation Failure) 473M->254M(494M) 78.662ms
[610.180s][info][gc,cpu         ] GC(1495) User=0.12s Sys=0.03s Real=0.08s
[610.376s][info][gc,start       ] GC(1496) Pause Young (Allocation Failure)
[610.400s][info][gc,heap        ] GC(1496) PSYoungGen: 252416K(252416K)->11200K(268288K) Eden: 245760K(245760K)->0K(245760K) From: 6656K(6656K)->11200K(22528K)
[610.400s][info][gc,heap        ] GC(1496) ParOldGen: 253476K(253952K)->254052K(254464K)
[610.400s][info][gc,metaspace   ] GC(1496) Metaspace: 35452K(36224K)->35452K(36224K) NonClass: 26243K(26816K)->26243K(26816K) Class: 9209K(9408K)->9209K(9408K)
[610.400s][info][gc             ] GC(1496) Pause Young (Allocation Failure) 494M->259M(510M) 24.178ms
[610.400s][info][gc,cpu         ] GC(1496) User=0.05s Sys=0.00s Real=0.02s
[610.701s][info][gc,start       ] GC(1497) Pause Young (Allocation Failure)
[610.702s][info][gc,heap        ] GC(1497) PSYoungGen: 256960K(268288K)->64K(310784K) Eden: 245760K(245760K)->0K(288256K) From: 11200K(22528K)->64K(22528K)
[610.702s][info][gc,heap        ] GC(1497) ParOldGen: 254052K(254464K)->254060K(254464K)
[610.702s][info][gc,metaspace   ] GC(1497) Metaspace: 35452K(36224K)->35452K(36224K) NonClass: 26243K(26816K)->26243K(26816K) Class: 9209K(9408K)->9209K(9408K)
[610.702s][info][gc             ] GC(1497) Pause Young (Allocation Failure) 499M->248M(552M) 1.239ms
[610.702s][info][gc,cpu         ] GC(1497) User=0.01s Sys=0.00s Real=0.00s
[611.384s][info][gc,start       ] GC(1498) Pause Young (Allocation Failure)
[611.385s][info][gc,heap        ] GC(1498) PSYoungGen: 288320K(310784K)->64K(288768K) Eden: 288256K(288256K)->0K(288256K) From: 64K(22528K)->64K(512K)
[611.385s][info][gc,heap        ] GC(1498) ParOldGen: 254060K(254464K)->254068K(254464K)
[611.385s][info][gc,metaspace   ] GC(1498) Metaspace: 35452K(36224K)->35452K(36224K) NonClass: 26243K(26816K)->26243K(26816K) Class: 9209K(9408K)->9209K(9408K)
[611.385s][info][gc             ] GC(1498) Pause Young (Allocation Failure) 529M->248M(530M) 1.216ms
[611.385s][info][gc,cpu         ] GC(1498) User=0.00s Sys=0.00s Real=0.00s
[611.911s][info][gc,start       ] GC(1499) Pause Young (Allocation Failure)
[611.912s][info][gc,heap        ] GC(1499) PSYoungGen: 288320K(288768K)->64K(310784K) Eden: 288256K(288256K)->0K(289280K) From: 64K(512K)->64K(21504K)
[611.912s][info][gc,heap        ] GC(1499) ParOldGen: 254068K(254464K)->254084K(254464K)
[611.912s][info][gc,metaspace   ] GC(1499) Metaspace: 35452K(36224K)->35452K(36224K) NonClass: 26243K(26816K)->26243K(26816K) Class: 9209K(9408K)->9209K(9408K)
[611.912s][info][gc             ] GC(1499) Pause Young (Allocation Failure) 529M->248M(552M) 1.390ms
[611.912s][info][gc,cpu         ] GC(1499) User=0.01s Sys=0.00s Real=0.00s
[612.171s][info][gc,start       ] GC(1500) Pause Young (Allocation Failure)
[612.172s][info][gc,heap        ] GC(1500) PSYoungGen: 289344K(310784K)->64K(310272K) Eden: 289280K(289280K)->0K(289280K) From: 64K(21504K)->64K(20992K)
[612.172s][info][gc,heap        ] GC(1500) ParOldGen: 254084K(254464K)->254100K(254464K)
[612.172s][info][gc,metaspace   ] GC(1500) Metaspace: 35452K(36224K)->35452K(36224K) NonClass: 26243K(26816K)->26243K(26816K) Class: 9209K(9408K)->9209K(9408K)
[612.172s][info][gc             ] GC(1500) Pause Young (Allocation Failure) 530M->248M(551M) 1.290ms
[612.172s][info][gc,cpu         ] GC(1500) User=0.01s Sys=0.00s Real=0.00s
[612.427s][info][gc,start       ] GC(1501) Pause Young (Allocation Failure)
[612.428s][info][gc,heap        ] GC(1501) PSYoungGen: 289344K(310272K)->32K(311808K) Eden: 289280K(289280K)->0K(292352K) From: 64K(20992K)->32K(19456K)
[612.428s][info][gc,heap        ] GC(1501) ParOldGen: 254100K(254464K)->254100K(254464K)
[612.428s][info][gc,metaspace   ] GC(1501) Metaspace: 35452K(36224K)->35452K(36224K) NonClass: 26243K(26816K)->26243K(26816K) Class: 9209K(9408K)->9209K(9408K)
[612.428s][info][gc             ] GC(1501) Pause Young (Allocation Failure) 530M->248M(553M) 1.227ms
[612.429s][info][gc,cpu         ] GC(1501) User=0.00s Sys=0.00s Real=0.00s
[612.771s][info][gc,start       ] GC(1502) Pause Young (Allocation Failure)
[612.772s][info][gc,heap        ] GC(1502) PSYoungGen: 292384K(311808K)->64K(311296K) Eden: 292352K(292352K)->0K(292352K) From: 32K(19456K)->64K(18944K)
[612.772s][info][gc,heap        ] GC(1502) ParOldGen: 254100K(254464K)->254100K(254464K)
[612.772s][info][gc,metaspace   ] GC(1502) Metaspace: 35452K(36224K)->35452K(36224K) NonClass: 26243K(26816K)->26243K(26816K) Class: 9209K(9408K)->9209K(9408K)
[612.772s][info][gc             ] GC(1502) Pause Young (Allocation Failure) 533M->248M(552M) 1.166ms
[612.772s][info][gc,cpu         ] GC(1502) User=0.00s Sys=0.00s Real=0.00s
[612.823s][info][gc,start       ] GC(1503) Pause Young (Allocation Failure)
[612.824s][info][gc,heap        ] GC(1503) PSYoungGen: 292416K(311296K)->64K(313856K) Eden: 292352K(292352K)->0K(295936K) From: 64K(18944K)->64K(17920K)
[612.824s][info][gc,heap        ] GC(1503) ParOldGen: 254100K(254464K)->254116K(254464K)
[612.824s][info][gc,metaspace   ] GC(1503) Metaspace: 35452K(36224K)->35452K(36224K) NonClass: 26243K(26816K)->26243K(26816K) Class: 9209K(9408K)->9209K(9408K)
[612.824s][info][gc             ] GC(1503) Pause Young (Allocation Failure) 533M->248M(555M) 1.137ms
[612.825s][info][gc,cpu         ] GC(1503) User=0.00s Sys=0.00s Real=0.00s
[612.896s][info][gc,start       ] GC(1504) Pause Young (Allocation Failure)
[612.897s][info][gc,heap        ] GC(1504) PSYoungGen: 296000K(313856K)->64K(313344K) Eden: 295936K(295936K)->0K(295936K) From: 64K(17920K)->64K(17408K)
[612.897s][info][gc,heap        ] GC(1504) ParOldGen: 254116K(254464K)->254116K(254464K)
[612.897s][info][gc,metaspace   ] GC(1504) Metaspace: 35452K(36224K)->35452K(36224K) NonClass: 26243K(26816K)->26243K(26816K) Class: 9209K(9408K)->9209K(9408K)
[612.897s][info][gc             ] GC(1504) Pause Young (Allocation Failure) 537M->248M(554M) 1.072ms
[612.897s][info][gc,cpu         ] GC(1504) User=0.00s Sys=0.00s Real=0.00s
[613.228s][info][gc,start       ] GC(1505) Pause Young (Allocation Failure)
[613.230s][info][gc,heap        ] GC(1505) PSYoungGen: 296000K(313344K)->64K(315392K) Eden: 295936K(295936K)->0K(299520K) From: 64K(17408K)->64K(15872K)
[613.230s][info][gc,heap        ] GC(1505) ParOldGen: 254116K(254464K)->254132K(254464K)
[613.230s][info][gc,metaspace   ] GC(1505) Metaspace: 35452K(36224K)->35452K(36224K) NonClass: 26243K(26816K)->26243K(26816K) Class: 9209K(9408K)->9209K(9408K)
[613.230s][info][gc             ] GC(1505) Pause Young (Allocation Failure) 537M->248M(556M) 1.150ms
[613.230s][info][gc,cpu         ] GC(1505) User=0.00s Sys=0.00s Real=0.00s
[613.511s][info][gc,start       ] GC(1506) Pause Young (Allocation Failure)
[613.513s][info][gc,heap        ] GC(1506) PSYoungGen: 299584K(315392K)->64K(314880K) Eden: 299520K(299520K)->0K(299520K) From: 64K(15872K)->64K(15360K)
[613.513s][info][gc,heap        ] GC(1506) ParOldGen: 254132K(254464K)->254132K(254464K)
[613.513s][info][gc,metaspace   ] GC(1506) Metaspace: 35452K(36224K)->35452K(36224K) NonClass: 26243K(26816K)->26243K(26816K) Class: 9209K(9408K)->9209K(9408K)
[613.513s][info][gc             ] GC(1506) Pause Young (Allocation Failure) 540M->248M(556M) 1.980ms
[613.513s][info][gc,cpu         ] GC(1506) User=0.01s Sys=0.00s Real=0.01s
[613.604s][info][gc,start       ] GC(1507) Pause Young (Allocation Failure)
[613.606s][info][gc,heap        ] GC(1507) PSYoungGen: 299584K(314880K)->64K(317440K) Eden: 299520K(299520K)->0K(303104K) From: 64K(15360K)->64K(14336K)
[613.606s][info][gc,heap        ] GC(1507) ParOldGen: 254132K(254464K)->254148K(254464K)
[613.606s][info][gc,metaspace   ] GC(1507) Metaspace: 35452K(36224K)->35452K(36224K) NonClass: 26243K(26816K)->26243K(26816K) Class: 9209K(9408K)->9209K(9408K)
[613.606s][info][gc             ] GC(1507) Pause Young (Allocation Failure) 540M->248M(558M) 1.189ms
[613.606s][info][gc,cpu         ] GC(1507) User=0.00s Sys=0.00s Real=0.00s
[613.772s][info][gc,start       ] GC(1508) Pause Young (Allocation Failure)
[613.773s][info][gc,heap        ] GC(1508) PSYoungGen: 303168K(317440K)->64K(316928K) Eden: 303104K(303104K)->0K(303104K) From: 64K(14336K)->64K(13824K)
[613.773s][info][gc,heap        ] GC(1508) ParOldGen: 254148K(254464K)->254148K(254464K)
[613.773s][info][gc,metaspace   ] GC(1508) Metaspace: 35452K(36224K)->35452K(36224K) NonClass: 26243K(26816K)->26243K(26816K) Class: 9209K(9408K)->9209K(9408K)
[613.773s][info][gc             ] GC(1508) Pause Young (Allocation Failure) 544M->248M(558M) 1.214ms
[613.773s][info][gc,cpu         ] GC(1508) User=0.00s Sys=0.00s Real=0.01s
[614.801s][info][gc,start       ] GC(1509) Pause Young (Allocation Failure)
[614.802s][info][gc,heap        ] GC(1509) PSYoungGen: 303168K(316928K)->64K(291328K) Eden: 303104K(303104K)->0K(290816K) From: 64K(13824K)->64K(512K)
[614.802s][info][gc,heap        ] GC(1509) ParOldGen: 254148K(254464K)->254156K(254464K)
[614.802s][info][gc,metaspace   ] GC(1509) Metaspace: 35452K(36224K)->35452K(36224K) NonClass: 26243K(26816K)->26243K(26816K) Class: 9209K(9408K)->9209K(9408K)
[614.802s][info][gc             ] GC(1509) Pause Young (Allocation Failure) 544M->248M(533M) 1.220ms
[614.802s][info][gc,cpu         ] GC(1509) User=0.00s Sys=0.00s Real=0.00s
[615.664s][info][gc,start       ] GC(1510) Pause Young (Allocation Failure)
[615.665s][info][gc,heap        ] GC(1510) PSYoungGen: 290880K(291328K)->64K(291328K) Eden: 290816K(290816K)->0K(279040K) From: 64K(512K)->64K(12288K)
[615.665s][info][gc,heap        ] GC(1510) ParOldGen: 254156K(254464K)->254164K(254464K)
[615.665s][info][gc,metaspace   ] GC(1510) Metaspace: 35452K(36224K)->35452K(36224K) NonClass: 26243K(26816K)->26243K(26816K) Class: 9209K(9408K)->9209K(9408K)
[615.665s][info][gc             ] GC(1510) Pause Young (Allocation Failure) 532M->248M(533M) 1.107ms
[615.665s][info][gc,cpu         ] GC(1510) User=0.00s Sys=0.00s Real=0.00s
[615.942s][info][gc,start       ] GC(1511) Pause Young (Allocation Failure)
[615.943s][info][gc,heap        ] GC(1511) PSYoungGen: 279104K(291328K)->64K(268800K) Eden: 279040K(279040K)->0K(268288K) From: 64K(12288K)->64K(512K)
[615.943s][info][gc,heap        ] GC(1511) ParOldGen: 254164K(254464K)->254172K(254464K)
[615.943s][info][gc,metaspace   ] GC(1511) Metaspace: 35452K(36224K)->35452K(36224K) NonClass: 26243K(26816K)->26243K(26816K) Class: 9209K(9408K)->9209K(9408K)
[615.943s][info][gc             ] GC(1511) Pause Young (Allocation Failure) 520M->248M(511M) 1.186ms
[615.943s][info][gc,cpu         ] GC(1511) User=0.00s Sys=0.01s Real=0.01s
[616.449s][info][gc,start       ] GC(1512) Pause Young (Allocation Failure)
[616.450s][info][gc,heap        ] GC(1512) PSYoungGen: 268352K(268800K)->64K(268800K) Eden: 268288K(268288K)->0K(258048K) From: 64K(512K)->64K(10752K)
[616.450s][info][gc,heap        ] GC(1512) ParOldGen: 254172K(254464K)->254180K(254464K)
[616.450s][info][gc,metaspace   ] GC(1512) Metaspace: 35452K(36224K)->35452K(36224K) NonClass: 26243K(26816K)->26243K(26816K) Class: 9209K(9408K)->9209K(9408K)
[616.450s][info][gc             ] GC(1512) Pause Young (Allocation Failure) 510M->248M(511M) 1.110ms
[616.450s][info][gc,cpu         ] GC(1512) User=0.00s Sys=0.00s Real=0.00s
[617.444s][info][gc,start       ] GC(1513) Pause Young (Allocation Failure)
[617.445s][info][gc,heap        ] GC(1513) PSYoungGen: 258112K(268800K)->64K(248832K) Eden: 258048K(258048K)->0K(248320K) From: 64K(10752K)->64K(512K)
[617.445s][info][gc,heap        ] GC(1513) ParOldGen: 254180K(254464K)->254188K(254464K)
[617.445s][info][gc,metaspace   ] GC(1513) Metaspace: 35452K(36224K)->35452K(36224K) NonClass: 26243K(26816K)->26243K(26816K) Class: 9209K(9408K)->9209K(9408K)
[617.445s][info][gc             ] GC(1513) Pause Young (Allocation Failure) 500M->248M(491M) 1.450ms
[617.445s][info][gc,cpu         ] GC(1513) User=0.00s Sys=0.00s Real=0.00s
[617.830s][info][gc,start       ] GC(1514) Pause Young (Allocation Failure)
[617.832s][info][gc,heap        ] GC(1514) PSYoungGen: 248384K(248832K)->32K(247808K) Eden: 248320K(248320K)->0K(238592K) From: 64K(512K)->32K(9216K)
[617.832s][info][gc,heap        ] GC(1514) ParOldGen: 254188K(254464K)->254196K(254464K)
[617.832s][info][gc,metaspace   ] GC(1514) Metaspace: 35452K(36224K)->35452K(36224K) NonClass: 26243K(26816K)->26243K(26816K) Class: 9209K(9408K)->9209K(9408K)
[617.832s][info][gc             ] GC(1514) Pause Young (Allocation Failure) 490M->248M(490M) 2.052ms
[617.832s][info][gc,cpu         ] GC(1514) User=0.00s Sys=0.00s Real=0.00s
[617.925s][info][gc,start       ] GC(1515) Pause Young (Allocation Failure)
[617.927s][info][gc,heap        ] GC(1515) PSYoungGen: 238624K(247808K)->32K(229888K) Eden: 238592K(238592K)->0K(229376K) From: 32K(9216K)->32K(512K)
[617.927s][info][gc,heap        ] GC(1515) ParOldGen: 254196K(254464K)->254204K(254464K)
[617.927s][info][gc,metaspace   ] GC(1515) Metaspace: 35452K(36224K)->35452K(36224K) NonClass: 26243K(26816K)->26243K(26816K) Class: 9209K(9408K)->9209K(9408K)
[617.927s][info][gc             ] GC(1515) Pause Young (Allocation Failure) 481M->248M(473M) 2.643ms
[617.927s][info][gc,cpu         ] GC(1515) User=0.00s Sys=0.00s Real=0.00s
[618.311s][info][gc,start       ] GC(1516) Pause Young (Allocation Failure)
[618.313s][info][gc,heap        ] GC(1516) PSYoungGen: 229408K(229888K)->64K(228864K) Eden: 229376K(229376K)->0K(220672K) From: 32K(512K)->64K(8192K)
[618.313s][info][gc,heap        ] GC(1516) ParOldGen: 254204K(254464K)->254212K(254464K)
[618.313s][info][gc,metaspace   ] GC(1516) Metaspace: 35452K(36224K)->35452K(36224K) NonClass: 26243K(26816K)->26243K(26816K) Class: 9209K(9408K)->9209K(9408K)
[618.313s][info][gc             ] GC(1516) Pause Young (Allocation Failure) 472M->248M(472M) 1.996ms
[618.313s][info][gc,cpu         ] GC(1516) User=0.00s Sys=0.00s Real=0.01s
[618.651s][info][gc,start       ] GC(1517) Pause Young (Allocation Failure)
[618.653s][info][gc,heap        ] GC(1517) PSYoungGen: 220736K(228864K)->32K(212992K) Eden: 220672K(220672K)->0K(212480K) From: 64K(8192K)->32K(512K)
[618.653s][info][gc,heap        ] GC(1517) ParOldGen: 254212K(254464K)->254220K(254464K)
[618.653s][info][gc,metaspace   ] GC(1517) Metaspace: 35452K(36224K)->35452K(36224K) NonClass: 26243K(26816K)->26243K(26816K) Class: 9209K(9408K)->9209K(9408K)
[618.653s][info][gc             ] GC(1517) Pause Young (Allocation Failure) 463M->248M(456M) 2.680ms
[618.653s][info][gc,cpu         ] GC(1517) User=0.00s Sys=0.00s Real=0.01s
[619.009s][info][gc,start       ] GC(1518) Pause Young (Allocation Failure)
[619.015s][info][gc,heap        ] GC(1518) PSYoungGen: 212512K(212992K)->1344K(211968K) Eden: 212480K(212480K)->0K(204800K) From: 32K(512K)->1344K(7168K)
[619.015s][info][gc,heap        ] GC(1518) ParOldGen: 254220K(254464K)->254228K(254464K)
[619.015s][info][gc,metaspace   ] GC(1518) Metaspace: 35452K(36224K)->35452K(36224K) NonClass: 26243K(26816K)->26243K(26816K) Class: 9209K(9408K)->9209K(9408K)
[619.015s][info][gc             ] GC(1518) Pause Young (Allocation Failure) 455M->249M(455M) 5.493ms
[619.015s][info][gc,cpu         ] GC(1518) User=0.01s Sys=0.00s Real=0.01s
[619.298s][info][gc,start       ] GC(1519) Pause Young (Allocation Failure)
[619.365s][info][gc,heap        ] GC(1519) PSYoungGen: 206144K(211968K)->6656K(251904K) Eden: 204800K(204800K)->0K(245248K) From: 1344K(7168K)->6656K(6656K)
[619.365s][info][gc,heap        ] GC(1519) ParOldGen: 254228K(254464K)->270820K(270848K)
[619.365s][info][gc,metaspace   ] GC(1519) Metaspace: 35452K(36224K)->35452K(36224K) NonClass: 26243K(26816K)->26243K(26816K) Class: 9209K(9408K)->9209K(9408K)
[619.365s][info][gc             ] GC(1519) Pause Young (Allocation Failure) 449M->270M(510M) 66.576ms
[619.365s][info][gc,cpu         ] GC(1519) User=0.09s Sys=0.01s Real=0.07s
[619.705s][info][gc,start       ] GC(1520) Pause Young (Allocation Failure)
[619.763s][info][gc,heap        ] GC(1520) PSYoungGen: 251904K(251904K)->14336K(269312K) Eden: 245248K(245248K)->0K(254976K) From: 6656K(6656K)->14336K(14336K)
[619.763s][info][gc,heap        ] GC(1520) ParOldGen: 270820K(270848K)->284756K(285184K)
[619.763s][info][gc,metaspace   ] GC(1520) Metaspace: 35452K(36224K)->35452K(36224K) NonClass: 26243K(26816K)->26243K(26816K) Class: 9209K(9408K)->9209K(9408K)
[619.763s][info][gc             ] GC(1520) Pause Young (Allocation Failure) 510M->292M(541M) 58.101ms
[619.763s][info][gc,cpu         ] GC(1520) User=0.10s Sys=0.01s Real=0.05s
[619.935s][info][gc,start       ] GC(1521) Pause Young (Allocation Failure)
[619.961s][info][gc,heap        ] GC(1521) PSYoungGen: 269312K(269312K)->10272K(311296K) Eden: 254976K(254976K)->0K(288768K) From: 14336K(14336K)->10272K(22528K)
[619.961s][info][gc,heap        ] GC(1521) ParOldGen: 284756K(285184K)->285124K(285184K)
[619.961s][info][gc,metaspace   ] GC(1521) Metaspace: 35452K(36224K)->35452K(36224K) NonClass: 26243K(26816K)->26243K(26816K) Class: 9209K(9408K)->9209K(9408K)
[619.961s][info][gc             ] GC(1521) Pause Young (Allocation Failure) 541M->288M(582M) 25.973ms
[619.961s][info][gc,cpu         ] GC(1521) User=0.04s Sys=0.00s Real=0.02s
[620.402s][info][gc,start       ] GC(1522) Pause Young (Allocation Failure)
[620.403s][info][gc,heap        ] GC(1522) PSYoungGen: 299040K(311296K)->64K(289280K) Eden: 288768K(288768K)->0K(288768K) From: 10272K(22528K)->64K(512K)
[620.403s][info][gc,heap        ] GC(1522) ParOldGen: 285124K(285184K)->285132K(285184K)
[620.403s][info][gc,metaspace   ] GC(1522) Metaspace: 35452K(36224K)->35452K(36224K) NonClass: 26243K(26816K)->26243K(26816K) Class: 9209K(9408K)->9209K(9408K)
[620.403s][info][gc             ] GC(1522) Pause Young (Allocation Failure) 570M->278M(561M) 1.380ms
[620.403s][info][gc,cpu         ] GC(1522) User=0.00s Sys=0.00s Real=0.00s
[621.008s][info][gc,start       ] GC(1523) Pause Young (Allocation Failure)
[621.009s][info][gc,heap        ] GC(1523) PSYoungGen: 288832K(289280K)->32K(311296K) Eden: 288768K(288768K)->0K(289280K) From: 64K(512K)->32K(22016K)
[621.009s][info][gc,heap        ] GC(1523) ParOldGen: 285132K(285184K)->285148K(285184K)
[621.009s][info][gc,metaspace   ] GC(1523) Metaspace: 35454K(36224K)->35454K(36224K) NonClass: 26245K(26816K)->26245K(26816K) Class: 9209K(9408K)->9209K(9408K)
[621.009s][info][gc             ] GC(1523) Pause Young (Allocation Failure) 560M->278M(582M) 1.361ms
[621.009s][info][gc,cpu         ] GC(1523) User=0.00s Sys=0.00s Real=0.00s
[621.481s][info][gc,start       ] GC(1524) Pause Young (Allocation Failure)
[621.482s][info][gc,heap        ] GC(1524) PSYoungGen: 289312K(311296K)->64K(310784K) Eden: 289280K(289280K)->0K(289280K) From: 32K(22016K)->64K(21504K)
[621.482s][info][gc,heap        ] GC(1524) ParOldGen: 285148K(285184K)->285164K(285184K)
[621.482s][info][gc,metaspace   ] GC(1524) Metaspace: 35454K(36224K)->35454K(36224K) NonClass: 26245K(26816K)->26245K(26816K) Class: 9209K(9408K)->9209K(9408K)
[621.482s][info][gc             ] GC(1524) Pause Young (Allocation Failure) 560M->278M(582M) 1.339ms
[621.482s][info][gc,cpu         ] GC(1524) User=0.00s Sys=0.00s Real=0.00s
[621.754s][info][gc,start       ] GC(1525) Pause Young (Allocation Failure)
[621.755s][info][gc,heap        ] GC(1525) PSYoungGen: 289344K(310784K)->64K(311296K) Eden: 289280K(289280K)->0K(291328K) From: 64K(21504K)->64K(19968K)
[621.755s][info][gc,heap        ] GC(1525) ParOldGen: 285164K(285184K)->285180K(285184K)
[621.755s][info][gc,metaspace   ] GC(1525) Metaspace: 35454K(36224K)->35454K(36224K) NonClass: 26245K(26816K)->26245K(26816K) Class: 9209K(9408K)->9209K(9408K)
[621.755s][info][gc             ] GC(1525) Pause Young (Allocation Failure) 561M->278M(582M) 1.263ms
[621.755s][info][gc,cpu         ] GC(1525) User=0.01s Sys=0.00s Real=0.00s
[622.010s][info][gc,start       ] GC(1526) Pause Young (Allocation Failure)
[622.011s][info][gc,heap        ] GC(1526) PSYoungGen: 291392K(311296K)->64K(310784K) Eden: 291328K(291328K)->0K(291328K) From: 64K(19968K)->64K(19456K)
[622.011s][info][gc,heap        ] GC(1526) ParOldGen: 285180K(285184K)->285180K(285184K)
[622.011s][info][gc,metaspace   ] GC(1526) Metaspace: 35454K(36224K)->35454K(36224K) NonClass: 26245K(26816K)->26245K(26816K) Class: 9209K(9408K)->9209K(9408K)
[622.011s][info][gc             ] GC(1526) Pause Young (Allocation Failure) 563M->278M(582M) 1.246ms
[622.011s][info][gc,cpu         ] GC(1526) User=0.00s Sys=0.00s Real=0.00s
[622.304s][info][gc,start       ] GC(1527) Pause Young (Allocation Failure)
[622.305s][info][gc,heap        ] GC(1527) PSYoungGen: 291392K(310784K)->64K(313344K) Eden: 291328K(291328K)->0K(295424K) From: 64K(19456K)->64K(17920K)
[622.305s][info][gc,heap        ] GC(1527) ParOldGen: 285180K(285184K)->285188K(285696K)
[622.305s][info][gc,metaspace   ] GC(1527) Metaspace: 35454K(36224K)->35454K(36224K) NonClass: 26245K(26816K)->26245K(26816K) Class: 9209K(9408K)->9209K(9408K)
[622.305s][info][gc             ] GC(1527) Pause Young (Allocation Failure) 563M->278M(585M) 1.289ms
[622.305s][info][gc,cpu         ] GC(1527) User=0.00s Sys=0.00s Real=0.00s
[622.359s][info][gc,start       ] GC(1528) Pause Young (Allocation Failure)
[622.360s][info][gc,heap        ] GC(1528) PSYoungGen: 295488K(313344K)->32K(313344K) Eden: 295424K(295424K)->0K(295424K) From: 64K(17920K)->32K(17920K)
[622.361s][info][gc,heap        ] GC(1528) ParOldGen: 285188K(285696K)->285204K(285696K)
[622.361s][info][gc,metaspace   ] GC(1528) Metaspace: 35454K(36224K)->35454K(36224K) NonClass: 26245K(26816K)->26245K(26816K) Class: 9209K(9408K)->9209K(9408K)
[622.361s][info][gc             ] GC(1528) Pause Young (Allocation Failure) 567M->278M(585M) 1.199ms
[622.361s][info][gc,cpu         ] GC(1528) User=0.01s Sys=0.00s Real=0.00s
[622.492s][info][gc,start       ] GC(1529) Pause Young (Allocation Failure)
[622.493s][info][gc,heap        ] GC(1529) PSYoungGen: 295456K(313344K)->64K(314880K) Eden: 295424K(295424K)->0K(299008K) From: 32K(17920K)->64K(15872K)
[622.493s][info][gc,heap        ] GC(1529) ParOldGen: 285204K(285696K)->285204K(285696K)
[622.493s][info][gc,metaspace   ] GC(1529) Metaspace: 35454K(36224K)->35454K(36224K) NonClass: 26245K(26816K)->26245K(26816K) Class: 9209K(9408K)->9209K(9408K)
[622.493s][info][gc             ] GC(1529) Pause Young (Allocation Failure) 567M->278M(586M) 1.176ms
[622.493s][info][gc,cpu         ] GC(1529) User=0.00s Sys=0.00s Real=0.01s
[622.829s][info][gc,start       ] GC(1530) Pause Young (Allocation Failure)
[622.830s][info][gc,heap        ] GC(1530) PSYoungGen: 299072K(314880K)->64K(314880K) Eden: 299008K(299008K)->0K(299008K) From: 64K(15872K)->64K(15872K)
[622.830s][info][gc,heap        ] GC(1530) ParOldGen: 285204K(285696K)->285220K(285696K)
[622.830s][info][gc,metaspace   ] GC(1530) Metaspace: 35454K(36224K)->35454K(36224K) NonClass: 26245K(26816K)->26245K(26816K) Class: 9209K(9408K)->9209K(9408K)
[622.830s][info][gc             ] GC(1530) Pause Young (Allocation Failure) 570M->278M(586M) 1.244ms
[622.830s][info][gc,cpu         ] GC(1530) User=0.00s Sys=0.00s Real=0.00s
[623.024s][info][gc,start       ] GC(1531) Pause Young (Allocation Failure)
[623.025s][info][gc,heap        ] GC(1531) PSYoungGen: 299072K(314880K)->64K(316416K) Eden: 299008K(299008K)->0K(302592K) From: 64K(15872K)->64K(13824K)
[623.025s][info][gc,heap        ] GC(1531) ParOldGen: 285220K(285696K)->285220K(285696K)
[623.025s][info][gc,metaspace   ] GC(1531) Metaspace: 35454K(36224K)->35454K(36224K) NonClass: 26245K(26816K)->26245K(26816K) Class: 9209K(9408K)->9209K(9408K)
[623.025s][info][gc             ] GC(1531) Pause Young (Allocation Failure) 570M->278M(588M) 1.254ms
[623.025s][info][gc,cpu         ] GC(1531) User=0.01s Sys=0.00s Real=0.00s
[623.116s][info][gc,start       ] GC(1532) Pause Young (Allocation Failure)
[623.117s][info][gc,heap        ] GC(1532) PSYoungGen: 302656K(316416K)->64K(316928K) Eden: 302592K(302592K)->0K(302592K) From: 64K(13824K)->64K(14336K)
[623.117s][info][gc,heap        ] GC(1532) ParOldGen: 285220K(285696K)->285236K(285696K)
[623.117s][info][gc,metaspace   ] GC(1532) Metaspace: 35454K(36224K)->35454K(36224K) NonClass: 26245K(26816K)->26245K(26816K) Class: 9209K(9408K)->9209K(9408K)
[623.117s][info][gc             ] GC(1532) Pause Young (Allocation Failure) 574M->278M(588M) 1.301ms
[623.117s][info][gc,cpu         ] GC(1532) User=0.00s Sys=0.00s Real=0.00s
[623.312s][info][gc,start       ] GC(1533) Pause Young (Allocation Failure)
[623.314s][info][gc,heap        ] GC(1533) PSYoungGen: 302656K(316928K)->64K(318976K) Eden: 302592K(302592K)->0K(306176K) From: 64K(14336K)->64K(12800K)
[623.314s][info][gc,heap        ] GC(1533) ParOldGen: 285236K(285696K)->285236K(285696K)
[623.314s][info][gc,metaspace   ] GC(1533) Metaspace: 35454K(36224K)->35454K(36224K) NonClass: 26245K(26816K)->26245K(26816K) Class: 9209K(9408K)->9209K(9408K)
[623.314s][info][gc             ] GC(1533) Pause Young (Allocation Failure) 574M->278M(590M) 1.267ms
[623.314s][info][gc,cpu         ] GC(1533) User=0.00s Sys=0.00s Real=0.01s
[624.300s][info][gc,start       ] GC(1534) Pause Young (Allocation Failure)
[624.301s][info][gc,heap        ] GC(1534) PSYoungGen: 306240K(318976K)->64K(294400K) Eden: 306176K(306176K)->0K(293888K) From: 64K(12800K)->64K(512K)
[624.301s][info][gc,heap        ] GC(1534) ParOldGen: 285236K(285696K)->285244K(285696K)
[624.301s][info][gc,metaspace   ] GC(1534) Metaspace: 35454K(36224K)->35454K(36224K) NonClass: 26245K(26816K)->26245K(26816K) Class: 9209K(9408K)->9209K(9408K)
[624.301s][info][gc             ] GC(1534) Pause Young (Allocation Failure) 577M->278M(566M) 1.409ms
[624.301s][info][gc,cpu         ] GC(1534) User=0.00s Sys=0.00s Real=0.00s
[625.163s][info][gc,start       ] GC(1535) Pause Young (Allocation Failure)
[625.165s][info][gc,heap        ] GC(1535) PSYoungGen: 293952K(294400K)->64K(282624K) Eden: 293888K(293888K)->0K(282112K) From: 64K(512K)->64K(512K)
[625.165s][info][gc,heap        ] GC(1535) ParOldGen: 285244K(285696K)->285252K(285696K)
[625.165s][info][gc,metaspace   ] GC(1535) Metaspace: 35454K(36224K)->35454K(36224K) NonClass: 26245K(26816K)->26245K(26816K) Class: 9209K(9408K)->9209K(9408K)
[625.165s][info][gc             ] GC(1535) Pause Young (Allocation Failure) 565M->278M(555M) 1.958ms
[625.165s][info][gc,cpu         ] GC(1535) User=0.00s Sys=0.00s Real=0.00s
[625.568s][info][gc,start       ] GC(1536) Pause Young (Allocation Failure)
[625.569s][info][gc,heap        ] GC(1536) PSYoungGen: 282176K(282624K)->64K(282112K) Eden: 282112K(282112K)->0K(270848K) From: 64K(512K)->64K(11264K)
[625.569s][info][gc,heap        ] GC(1536) ParOldGen: 285252K(285696K)->285260K(285696K)
[625.569s][info][gc,metaspace   ] GC(1536) Metaspace: 35454K(36224K)->35454K(36224K) NonClass: 26245K(26816K)->26245K(26816K) Class: 9209K(9408K)->9209K(9408K)
[625.569s][info][gc             ] GC(1536) Pause Young (Allocation Failure) 554M->278M(554M) 1.223ms
[625.569s][info][gc,cpu         ] GC(1536) User=0.00s Sys=0.00s Real=0.00s
[626.658s][info][gc,start       ] GC(1537) Pause Young (Allocation Failure)
[626.660s][info][gc,heap        ] GC(1537) PSYoungGen: 270912K(282112K)->64K(260608K) Eden: 270848K(270848K)->0K(260096K) From: 64K(11264K)->64K(512K)
[626.660s][info][gc,heap        ] GC(1537) ParOldGen: 285260K(285696K)->285268K(285696K)
[626.660s][info][gc,metaspace   ] GC(1537) Metaspace: 35454K(36224K)->35454K(36224K) NonClass: 26245K(26816K)->26245K(26816K) Class: 9209K(9408K)->9209K(9408K)
[626.660s][info][gc             ] GC(1537) Pause Young (Allocation Failure) 543M->278M(533M) 1.840ms
[626.660s][info][gc,cpu         ] GC(1537) User=0.00s Sys=0.00s Real=0.00s
[627.064s][info][gc,start       ] GC(1538) Pause Young (Allocation Failure)
[627.066s][info][gc,heap        ] GC(1538) PSYoungGen: 260160K(260608K)->64K(259584K) Eden: 260096K(260096K)->0K(249856K) From: 64K(512K)->64K(9728K)
[627.066s][info][gc,heap        ] GC(1538) ParOldGen: 285268K(285696K)->285276K(285696K)
[627.066s][info][gc,metaspace   ] GC(1538) Metaspace: 35454K(36224K)->35454K(36224K) NonClass: 26245K(26816K)->26245K(26816K) Class: 9209K(9408K)->9209K(9408K)
[627.066s][info][gc             ] GC(1538) Pause Young (Allocation Failure) 532M->278M(532M) 1.247ms
[627.066s][info][gc,cpu         ] GC(1538) User=0.00s Sys=0.00s Real=0.00s
[627.255s][info][gc,start       ] GC(1539) Pause Young (Allocation Failure)
[627.258s][info][gc,heap        ] GC(1539) PSYoungGen: 249920K(259584K)->32K(240640K) Eden: 249856K(249856K)->0K(240128K) From: 64K(9728K)->32K(512K)
[627.258s][info][gc,heap        ] GC(1539) ParOldGen: 285276K(285696K)->285284K(285696K)
[627.258s][info][gc,metaspace   ] GC(1539) Metaspace: 35454K(36224K)->35454K(36224K) NonClass: 26245K(26816K)->26245K(26816K) Class: 9209K(9408K)->9209K(9408K)
[627.258s][info][gc             ] GC(1539) Pause Young (Allocation Failure) 522M->278M(514M) 2.543ms
[627.258s][info][gc,cpu         ] GC(1539) User=0.00s Sys=0.00s Real=0.00s
[627.343s][info][gc,start       ] GC(1540) Pause Young (Allocation Failure)
[627.345s][info][gc,heap        ] GC(1540) PSYoungGen: 240160K(240640K)->32K(239616K) Eden: 240128K(240128K)->0K(230912K) From: 32K(512K)->32K(8704K)
[627.345s][info][gc,heap        ] GC(1540) ParOldGen: 285284K(285696K)->285292K(285696K)
[627.345s][info][gc,metaspace   ] GC(1540) Metaspace: 35454K(36224K)->35454K(36224K) NonClass: 26245K(26816K)->26245K(26816K) Class: 9209K(9408K)->9209K(9408K)
[627.345s][info][gc             ] GC(1540) Pause Young (Allocation Failure) 513M->278M(513M) 1.411ms
[627.345s][info][gc,cpu         ] GC(1540) User=0.00s Sys=0.00s Real=0.00s
[627.883s][info][gc,start       ] GC(1541) Pause Young (Allocation Failure)
[627.886s][info][gc,heap        ] GC(1541) PSYoungGen: 230944K(239616K)->64K(222720K) Eden: 230912K(230912K)->0K(222208K) From: 32K(8704K)->64K(512K)
[627.886s][info][gc,heap        ] GC(1541) ParOldGen: 285292K(285696K)->285300K(285696K)
[627.886s][info][gc,metaspace   ] GC(1541) Metaspace: 35454K(36224K)->35454K(36224K) NonClass: 26245K(26816K)->26245K(26816K) Class: 9209K(9408K)->9209K(9408K)
[627.886s][info][gc             ] GC(1541) Pause Young (Allocation Failure) 504M->278M(496M) 2.303ms
[627.886s][info][gc,cpu         ] GC(1541) User=0.00s Sys=0.00s Real=0.00s
[628.078s][info][gc,start       ] GC(1542) Pause Young (Allocation Failure)
[628.080s][info][gc,heap        ] GC(1542) PSYoungGen: 222272K(222720K)->64K(221184K) Eden: 222208K(222208K)->0K(214016K) From: 64K(512K)->64K(7168K)
[628.080s][info][gc,heap        ] GC(1542) ParOldGen: 285300K(285696K)->285308K(285696K)
[628.080s][info][gc,metaspace   ] GC(1542) Metaspace: 35454K(36224K)->35454K(36224K) NonClass: 26245K(26816K)->26245K(26816K) Class: 9209K(9408K)->9209K(9408K)
[628.080s][info][gc             ] GC(1542) Pause Young (Allocation Failure) 495M->278M(495M) 1.613ms
[628.080s][info][gc,cpu         ] GC(1542) User=0.00s Sys=0.00s Real=0.00s
[628.428s][info][gc,start       ] GC(1543) Pause Young (Allocation Failure)
[628.452s][info][gc,heap        ] GC(1543) PSYoungGen: 214080K(221184K)->6656K(262656K) Eden: 214016K(214016K)->0K(256000K) From: 64K(7168K)->6656K(6656K)
[628.452s][info][gc,heap        ] GC(1543) ParOldGen: 285308K(285696K)->290436K(290816K)
[628.452s][info][gc,metaspace   ] GC(1543) Metaspace: 35454K(36224K)->35454K(36224K) NonClass: 26245K(26816K)->26245K(26816K) Class: 9209K(9408K)->9209K(9408K)
[628.452s][info][gc             ] GC(1543) Pause Young (Allocation Failure) 487M->290M(540M) 23.813ms
[628.452s][info][gc,cpu         ] GC(1543) User=0.03s Sys=0.01s Real=0.02s
[628.828s][info][gc,start       ] GC(1544) Pause Young (Allocation Failure)
[628.885s][info][gc,heap        ] GC(1544) PSYoungGen: 262656K(262656K)->10240K(272384K) Eden: 256000K(256000K)->0K(262144K) From: 6656K(6656K)->10240K(10240K)
[628.885s][info][gc,heap        ] GC(1544) ParOldGen: 290436K(290816K)->309388K(309760K)
[628.885s][info][gc,metaspace   ] GC(1544) Metaspace: 35454K(36224K)->35454K(36224K) NonClass: 26245K(26816K)->26245K(26816K) Class: 9209K(9408K)->9209K(9408K)
[628.885s][info][gc             ] GC(1544) Pause Young (Allocation Failure) 540M->312M(568M) 57.198ms
[628.885s][info][gc,cpu         ] GC(1544) User=0.10s Sys=0.01s Real=0.06s
[629.182s][info][gc,start       ] GC(1545) Pause Young (Allocation Failure)
[629.232s][info][gc,heap        ] GC(1545) PSYoungGen: 272384K(272384K)->19456K(304128K) Eden: 262144K(262144K)->0K(284672K) From: 10240K(10240K)->19456K(19456K)
[629.232s][info][gc,heap        ] GC(1545) ParOldGen: 309388K(309760K)->312236K(312320K)
[629.232s][info][gc,metaspace   ] GC(1545) Metaspace: 35454K(36224K)->35454K(36224K) NonClass: 26245K(26816K)->26245K(26816K) Class: 9209K(9408K)->9209K(9408K)
[629.232s][info][gc             ] GC(1545) Pause Young (Allocation Failure) 568M->323M(602M) 49.513ms
[629.232s][info][gc,cpu         ] GC(1545) User=0.08s Sys=0.02s Real=0.05s
[629.422s][info][gc,start       ] GC(1546) Pause Young (Allocation Failure)
[629.424s][info][gc,heap        ] GC(1546) PSYoungGen: 304128K(304128K)->64K(309248K) Eden: 284672K(284672K)->0K(284672K) From: 19456K(19456K)->64K(24576K)
[629.424s][info][gc,heap        ] GC(1546) ParOldGen: 312236K(312320K)->312308K(312320K)
[629.424s][info][gc,metaspace   ] GC(1546) Metaspace: 35454K(36224K)->35454K(36224K) NonClass: 26245K(26816K)->26245K(26816K) Class: 9209K(9408K)->9209K(9408K)
[629.424s][info][gc             ] GC(1546) Pause Young (Allocation Failure) 601M->305M(607M) 1.982ms
[629.424s][info][gc,cpu         ] GC(1546) User=0.00s Sys=0.00s Real=0.01s
[630.098s][info][gc,start       ] GC(1547) Pause Young (Allocation Failure)
[630.099s][info][gc,heap        ] GC(1547) PSYoungGen: 284736K(309248K)->64K(306688K) Eden: 284672K(284672K)->0K(285184K) From: 64K(24576K)->64K(21504K)
[630.099s][info][gc,heap        ] GC(1547) ParOldGen: 312308K(312320K)->312316K(312320K)
[630.099s][info][gc,metaspace   ] GC(1547) Metaspace: 35454K(36224K)->35454K(36224K) NonClass: 26245K(26816K)->26245K(26816K) Class: 9209K(9408K)->9209K(9408K)
[630.099s][info][gc             ] GC(1547) Pause Young (Allocation Failure) 583M->305M(604M) 1.466ms
[630.099s][info][gc,cpu         ] GC(1547) User=0.00s Sys=0.00s Real=0.00s
[630.572s][info][gc,start       ] GC(1548) Pause Young (Allocation Failure)
[630.573s][info][gc,heap        ] GC(1548) PSYoungGen: 285248K(306688K)->64K(308224K) Eden: 285184K(285184K)->0K(285184K) From: 64K(21504K)->64K(23040K)
[630.573s][info][gc,heap        ] GC(1548) ParOldGen: 312316K(312320K)->312332K(312832K)
[630.573s][info][gc,metaspace   ] GC(1548) Metaspace: 35454K(36224K)->35454K(36224K) NonClass: 26245K(26816K)->26245K(26816K) Class: 9209K(9408K)->9209K(9408K)
[630.574s][info][gc             ] GC(1548) Pause Young (Allocation Failure) 583M->305M(606M) 1.218ms
[630.574s][info][gc,cpu         ] GC(1548) User=0.00s Sys=0.00s Real=0.01s
[630.808s][info][gc,start       ] GC(1549) Pause Young (Allocation Failure)
[630.809s][info][gc,heap        ] GC(1549) PSYoungGen: 285248K(308224K)->64K(309248K) Eden: 285184K(285184K)->0K(288768K) From: 64K(23040K)->64K(20480K)
[630.809s][info][gc,heap        ] GC(1549) ParOldGen: 312332K(312832K)->312348K(312832K)
[630.809s][info][gc,metaspace   ] GC(1549) Metaspace: 35454K(36224K)->35454K(36224K) NonClass: 26245K(26816K)->26245K(26816K) Class: 9209K(9408K)->9209K(9408K)
[630.809s][info][gc             ] GC(1549) Pause Young (Allocation Failure) 583M->305M(607M) 1.161ms
[630.809s][info][gc,cpu         ] GC(1549) User=0.00s Sys=0.00s Real=0.00s
[631.050s][info][gc,start       ] GC(1550) Pause Young (Allocation Failure)
[631.051s][info][gc,heap        ] GC(1550) PSYoungGen: 288832K(309248K)->64K(310272K) Eden: 288768K(288768K)->0K(288768K) From: 64K(20480K)->64K(21504K)
[631.051s][info][gc,heap        ] GC(1550) ParOldGen: 312348K(312832K)->312348K(312832K)
[631.051s][info][gc,metaspace   ] GC(1550) Metaspace: 35454K(36224K)->35454K(36224K) NonClass: 26245K(26816K)->26245K(26816K) Class: 9209K(9408K)->9209K(9408K)
[631.051s][info][gc             ] GC(1550) Pause Young (Allocation Failure) 587M->305M(608M) 1.194ms
[631.051s][info][gc,cpu         ] GC(1550) User=0.01s Sys=0.00s Real=0.00s
[631.400s][info][gc,start       ] GC(1551) Pause Young (Allocation Failure)
[631.401s][info][gc,heap        ] GC(1551) PSYoungGen: 288832K(310272K)->64K(310272K) Eden: 288768K(288768K)->0K(291840K) From: 64K(21504K)->64K(18432K)
[631.401s][info][gc,heap        ] GC(1551) ParOldGen: 312348K(312832K)->312348K(312832K)
[631.401s][info][gc,metaspace   ] GC(1551) Metaspace: 35454K(36224K)->35454K(36224K) NonClass: 26245K(26816K)->26245K(26816K) Class: 9209K(9408K)->9209K(9408K)
[631.401s][info][gc             ] GC(1551) Pause Young (Allocation Failure) 587M->305M(608M) 1.179ms
[631.401s][info][gc,cpu         ] GC(1551) User=0.01s Sys=0.00s Real=0.00s
[631.453s][info][gc,start       ] GC(1552) Pause Young (Allocation Failure)
[631.454s][info][gc,heap        ] GC(1552) PSYoungGen: 291904K(310272K)->64K(311296K) Eden: 291840K(291840K)->0K(291840K) From: 64K(18432K)->64K(19456K)
[631.454s][info][gc,heap        ] GC(1552) ParOldGen: 312348K(312832K)->312364K(312832K)
[631.455s][info][gc,metaspace   ] GC(1552) Metaspace: 35454K(36224K)->35454K(36224K) NonClass: 26245K(26816K)->26245K(26816K) Class: 9209K(9408K)->9209K(9408K)
[631.455s][info][gc             ] GC(1552) Pause Young (Allocation Failure) 590M->305M(609M) 1.051ms
[631.455s][info][gc,cpu         ] GC(1552) User=0.00s Sys=0.00s Real=0.00s
[631.504s][info][gc,start       ] GC(1553) Pause Young (Allocation Failure)
[631.505s][info][gc,heap        ] GC(1553) PSYoungGen: 291904K(311296K)->64K(312320K) Eden: 291840K(291840K)->0K(295936K) From: 64K(19456K)->64K(16384K)
[631.505s][info][gc,heap        ] GC(1553) ParOldGen: 312364K(312832K)->312364K(312832K)
[631.505s][info][gc,metaspace   ] GC(1553) Metaspace: 35454K(36224K)->35454K(36224K) NonClass: 26245K(26816K)->26245K(26816K) Class: 9209K(9408K)->9209K(9408K)
[631.505s][info][gc             ] GC(1553) Pause Young (Allocation Failure) 590M->305M(610M) 1.100ms
[631.505s][info][gc,cpu         ] GC(1553) User=0.00s Sys=0.00s Real=0.00s
[631.783s][info][gc,start       ] GC(1554) Pause Young (Allocation Failure)
[631.784s][info][gc,heap        ] GC(1554) PSYoungGen: 296000K(312320K)->64K(313344K) Eden: 295936K(295936K)->0K(295936K) From: 64K(16384K)->64K(17408K)
[631.784s][info][gc,heap        ] GC(1554) ParOldGen: 312364K(312832K)->312364K(312832K)
[631.784s][info][gc,metaspace   ] GC(1554) Metaspace: 35454K(36224K)->35454K(36224K) NonClass: 26245K(26816K)->26245K(26816K) Class: 9209K(9408K)->9209K(9408K)
[631.784s][info][gc             ] GC(1554) Pause Young (Allocation Failure) 594M->305M(611M) 1.209ms
[631.784s][info][gc,cpu         ] GC(1554) User=0.01s Sys=0.00s Real=0.01s
[632.042s][info][gc,start       ] GC(1555) Pause Young (Allocation Failure)
[632.043s][info][gc,heap        ] GC(1555) PSYoungGen: 296000K(313344K)->64K(314368K) Eden: 295936K(295936K)->0K(300032K) From: 64K(17408K)->64K(14336K)
[632.043s][info][gc,heap        ] GC(1555) ParOldGen: 312364K(312832K)->312372K(312832K)
[632.043s][info][gc,metaspace   ] GC(1555) Metaspace: 35454K(36224K)->35454K(36224K) NonClass: 26245K(26816K)->26245K(26816K) Class: 9209K(9408K)->9209K(9408K)
[632.043s][info][gc             ] GC(1555) Pause Young (Allocation Failure) 594M->305M(612M) 1.170ms
[632.043s][info][gc,cpu         ] GC(1555) User=0.00s Sys=0.00s Real=0.00s
[632.145s][info][gc,start       ] GC(1556) Pause Young (Allocation Failure)
[632.146s][info][gc,heap        ] GC(1556) PSYoungGen: 300096K(314368K)->64K(315392K) Eden: 300032K(300032K)->0K(300032K) From: 64K(14336K)->64K(15360K)
[632.147s][info][gc,heap        ] GC(1556) ParOldGen: 312372K(312832K)->312380K(312832K)
[632.147s][info][gc,metaspace   ] GC(1556) Metaspace: 35454K(36224K)->35454K(36224K) NonClass: 26245K(26816K)->26245K(26816K) Class: 9209K(9408K)->9209K(9408K)
[632.147s][info][gc             ] GC(1556) Pause Young (Allocation Failure) 598M->305M(613M) 1.327ms
[632.147s][info][gc,cpu         ] GC(1556) User=0.01s Sys=0.00s Real=0.00s
[632.279s][info][gc,start       ] GC(1557) Pause Young (Allocation Failure)
[632.280s][info][gc,heap        ] GC(1557) PSYoungGen: 300096K(315392K)->64K(317440K) Eden: 300032K(300032K)->0K(304128K) From: 64K(15360K)->64K(13312K)
[632.280s][info][gc,heap        ] GC(1557) ParOldGen: 312380K(312832K)->312388K(312832K)
[632.280s][info][gc,metaspace   ] GC(1557) Metaspace: 35454K(36224K)->35454K(36224K) NonClass: 26245K(26816K)->26245K(26816K) Class: 9209K(9408K)->9209K(9408K)
[632.280s][info][gc             ] GC(1557) Pause Young (Allocation Failure) 598M->305M(615M) 1.074ms
[632.280s][info][gc,cpu         ] GC(1557) User=0.00s Sys=0.00s Real=0.00s
[632.679s][info][gc,start       ] GC(1558) Pause Young (Allocation Failure)
[632.681s][info][gc,heap        ] GC(1558) PSYoungGen: 304192K(317440K)->64K(292352K) Eden: 304128K(304128K)->0K(291840K) From: 64K(13312K)->64K(512K)
[632.681s][info][gc,heap        ] GC(1558) ParOldGen: 312388K(312832K)->312396K(312832K)
[632.681s][info][gc,metaspace   ] GC(1558) Metaspace: 35454K(36224K)->35454K(36224K) NonClass: 26245K(26816K)->26245K(26816K) Class: 9209K(9408K)->9209K(9408K)
[632.681s][info][gc             ] GC(1558) Pause Young (Allocation Failure) 602M->305M(591M) 1.952ms
[632.681s][info][gc,cpu         ] GC(1558) User=0.00s Sys=0.01s Real=0.00s
[633.300s][info][gc,start       ] GC(1559) Pause Young (Allocation Failure)
[633.301s][info][gc,heap        ] GC(1559) PSYoungGen: 291904K(292352K)->83K(280576K) Eden: 291840K(291840K)->0K(280064K) From: 64K(512K)->83K(512K)
[633.301s][info][gc,heap        ] GC(1559) ParOldGen: 312396K(312832K)->312404K(312832K)
[633.301s][info][gc,metaspace   ] GC(1559) Metaspace: 35454K(36224K)->35454K(36224K) NonClass: 26245K(26816K)->26245K(26816K) Class: 9209K(9408K)->9209K(9408K)
[633.302s][info][gc             ] GC(1559) Pause Young (Allocation Failure) 590M->305M(579M) 1.935ms
[633.302s][info][gc,cpu         ] GC(1559) User=0.00s Sys=0.00s Real=0.00s
[634.220s][info][gc,start       ] GC(1560) Pause Young (Allocation Failure)
[634.222s][info][gc,heap        ] GC(1560) PSYoungGen: 280147K(280576K)->64K(280576K) Eden: 280064K(280064K)->0K(268800K) From: 83K(512K)->64K(11776K)
[634.222s][info][gc,heap        ] GC(1560) ParOldGen: 312404K(312832K)->312420K(312832K)
[634.222s][info][gc,metaspace   ] GC(1560) Metaspace: 35454K(36224K)->35454K(36224K) NonClass: 26245K(26816K)->26245K(26816K) Class: 9209K(9408K)->9209K(9408K)
[634.222s][info][gc             ] GC(1560) Pause Young (Allocation Failure) 578M->305M(579M) 1.950ms
[634.222s][info][gc,cpu         ] GC(1560) User=0.00s Sys=0.00s Real=0.00s
[634.665s][info][gc,start       ] GC(1561) Pause Young (Allocation Failure)
[634.667s][info][gc,heap        ] GC(1561) PSYoungGen: 268864K(280576K)->64K(259072K) Eden: 268800K(268800K)->0K(258560K) From: 64K(11776K)->64K(512K)
[634.667s][info][gc,heap        ] GC(1561) ParOldGen: 312420K(312832K)->312436K(312832K)
[634.667s][info][gc,metaspace   ] GC(1561) Metaspace: 35454K(36224K)->35454K(36224K) NonClass: 26245K(26816K)->26245K(26816K) Class: 9209K(9408K)->9209K(9408K)
[634.667s][info][gc             ] GC(1561) Pause Young (Allocation Failure) 567M->305M(558M) 2.620ms
[634.667s][info][gc,cpu         ] GC(1561) User=0.00s Sys=0.00s Real=0.00s
[635.660s][info][gc,start       ] GC(1562) Pause Young (Allocation Failure)
[635.662s][info][gc,heap        ] GC(1562) PSYoungGen: 258624K(259072K)->64K(259072K) Eden: 258560K(258560K)->0K(248832K) From: 64K(512K)->64K(10240K)
[635.662s][info][gc,heap        ] GC(1562) ParOldGen: 312436K(312832K)->312452K(312832K)
[635.662s][info][gc,metaspace   ] GC(1562) Metaspace: 35454K(36224K)->35454K(36224K) NonClass: 26245K(26816K)->26245K(26816K) Class: 9209K(9408K)->9209K(9408K)
[635.662s][info][gc             ] GC(1562) Pause Young (Allocation Failure) 557M->305M(558M) 2.181ms
[635.662s][info][gc,cpu         ] GC(1562) User=0.00s Sys=0.00s Real=0.00s
[636.009s][info][gc,start       ] GC(1563) Pause Young (Allocation Failure)
[636.012s][info][gc,heap        ] GC(1563) PSYoungGen: 248896K(259072K)->64K(239616K) Eden: 248832K(248832K)->0K(239104K) From: 64K(10240K)->64K(512K)
[636.012s][info][gc,heap        ] GC(1563) ParOldGen: 312452K(312832K)->312468K(312832K)
[636.012s][info][gc,metaspace   ] GC(1563) Metaspace: 35454K(36224K)->35454K(36224K) NonClass: 26245K(26816K)->26245K(26816K) Class: 9209K(9408K)->9209K(9408K)
[636.012s][info][gc             ] GC(1563) Pause Young (Allocation Failure) 548M->305M(539M) 2.881ms
[636.012s][info][gc,cpu         ] GC(1563) User=0.00s Sys=0.00s Real=0.00s
[636.149s][info][gc,start       ] GC(1564) Pause Young (Allocation Failure)
[636.151s][info][gc,heap        ] GC(1564) PSYoungGen: 239168K(239616K)->64K(239104K) Eden: 239104K(239104K)->0K(229888K) From: 64K(512K)->64K(9216K)
[636.151s][info][gc,heap        ] GC(1564) ParOldGen: 312468K(312832K)->312484K(312832K)
[636.151s][info][gc,metaspace   ] GC(1564) Metaspace: 35454K(36224K)->35454K(36224K) NonClass: 26245K(26816K)->26245K(26816K) Class: 9209K(9408K)->9209K(9408K)
[636.151s][info][gc             ] GC(1564) Pause Young (Allocation Failure) 538M->305M(539M) 2.002ms
[636.151s][info][gc,cpu         ] GC(1564) User=0.00s Sys=0.00s Real=0.00s
[636.385s][info][gc,start       ] GC(1565) Pause Young (Allocation Failure)
[636.388s][info][gc,heap        ] GC(1565) PSYoungGen: 229952K(239104K)->64K(221696K) Eden: 229888K(229888K)->0K(221184K) From: 64K(9216K)->64K(512K)
[636.388s][info][gc,heap        ] GC(1565) ParOldGen: 312484K(312832K)->312500K(312832K)
[636.388s][info][gc,metaspace   ] GC(1565) Metaspace: 35454K(36224K)->35454K(36224K) NonClass: 26245K(26816K)->26245K(26816K) Class: 9209K(9408K)->9209K(9408K)
[636.388s][info][gc             ] GC(1565) Pause Young (Allocation Failure) 529M->305M(522M) 2.947ms
[636.388s][info][gc,cpu         ] GC(1565) User=0.00s Sys=0.00s Real=0.00s
[636.826s][info][gc,start       ] GC(1566) Pause Young (Allocation Failure)
[636.828s][info][gc,heap        ] GC(1566) PSYoungGen: 221248K(221696K)->32K(220672K) Eden: 221184K(221184K)->0K(212992K) From: 64K(512K)->32K(7680K)
[636.828s][info][gc,heap        ] GC(1566) ParOldGen: 312500K(312832K)->312516K(312832K)
[636.828s][info][gc,metaspace   ] GC(1566) Metaspace: 35454K(36224K)->35454K(36224K) NonClass: 26245K(26816K)->26245K(26816K) Class: 9209K(9408K)->9209K(9408K)
[636.828s][info][gc             ] GC(1566) Pause Young (Allocation Failure) 521M->305M(521M) 1.657ms
[636.828s][info][gc,cpu         ] GC(1566) User=0.00s Sys=0.00s Real=0.00s
[637.067s][info][gc,start       ] GC(1567) Pause Young (Allocation Failure)
[637.069s][info][gc,heap        ] GC(1567) PSYoungGen: 213023K(220672K)->64K(205824K) Eden: 212991K(212992K)->0K(205312K) From: 32K(7680K)->64K(512K)
[637.069s][info][gc,heap        ] GC(1567) ParOldGen: 312516K(312832K)->312524K(312832K)
[637.069s][info][gc,metaspace   ] GC(1567) Metaspace: 35454K(36224K)->35454K(36224K) NonClass: 26245K(26816K)->26245K(26816K) Class: 9209K(9408K)->9209K(9408K)
[637.069s][info][gc             ] GC(1567) Pause Young (Allocation Failure) 513M->305M(506M) 1.962ms
[637.069s][info][gc,cpu         ] GC(1567) User=0.00s Sys=0.00s Real=0.00s
[637.376s][info][gc,start       ] GC(1568) Pause Young (Allocation Failure)
[637.412s][info][gc,heap        ] GC(1568) PSYoungGen: 205376K(205824K)->6656K(252928K) Eden: 205312K(205312K)->0K(246272K) From: 64K(512K)->6656K(6656K)
[637.412s][info][gc,heap        ] GC(1568) ParOldGen: 312524K(312832K)->323988K(324096K)
[637.412s][info][gc,metaspace   ] GC(1568) Metaspace: 35454K(36224K)->35454K(36224K) NonClass: 26245K(26816K)->26245K(26816K) Class: 9209K(9408K)->9209K(9408K)
[637.412s][info][gc             ] GC(1568) Pause Young (Allocation Failure) 505M->322M(563M) 35.610ms
[637.412s][info][gc,cpu         ] GC(1568) User=0.06s Sys=0.01s Real=0.03s
[637.727s][info][gc,start       ] GC(1569) Pause Young (Allocation Failure)
[637.788s][info][gc,heap        ] GC(1569) PSYoungGen: 252928K(252928K)->6656K(251392K) Eden: 246272K(246272K)->0K(244736K) From: 6656K(6656K)->6656K(6656K)
[637.788s][info][gc,heap        ] GC(1569) ParOldGen: 323988K(324096K)->345596K(345600K)
[637.788s][info][gc,metaspace   ] GC(1569) Metaspace: 35454K(36224K)->35454K(36224K) NonClass: 26245K(26816K)->26245K(26816K) Class: 9209K(9408K)->9209K(9408K)
[637.788s][info][gc             ] GC(1569) Pause Young (Allocation Failure) 563M->343M(583M) 60.889ms
[637.788s][info][gc,cpu         ] GC(1569) User=0.11s Sys=0.01s Real=0.06s
[638.002s][info][gc,start       ] GC(1570) Pause Young (Allocation Failure)
[638.035s][info][gc,heap        ] GC(1570) PSYoungGen: 251392K(251392K)->16608K(265728K) Eden: 244736K(244736K)->0K(244736K) From: 6656K(6656K)->16608K(20992K)
[638.035s][info][gc,heap        ] GC(1570) ParOldGen: 345596K(345600K)->346172K(346624K)
[638.035s][info][gc,metaspace   ] GC(1570) Metaspace: 35454K(36224K)->35454K(36224K) NonClass: 26245K(26816K)->26245K(26816K) Class: 9209K(9408K)->9209K(9408K)
[638.035s][info][gc             ] GC(1570) Pause Young (Allocation Failure) 582M->354M(598M) 32.700ms
[638.035s][info][gc,cpu         ] GC(1570) User=0.06s Sys=0.00s Real=0.04s
[638.188s][info][gc,start       ] GC(1571) Pause Young (Allocation Failure)
[638.189s][info][gc,heap        ] GC(1571) PSYoungGen: 261344K(265728K)->64K(310784K) Eden: 244736K(244736K)->0K(286720K) From: 16608K(20992K)->64K(24064K)
[638.189s][info][gc,heap        ] GC(1571) ParOldGen: 346172K(346624K)->346180K(346624K)
[638.189s][info][gc,metaspace   ] GC(1571) Metaspace: 35454K(36224K)->35454K(36224K) NonClass: 26245K(26816K)->26245K(26816K) Class: 9209K(9408K)->9209K(9408K)
[638.189s][info][gc             ] GC(1571) Pause Young (Allocation Failure) 593M->338M(642M) 1.346ms
[638.189s][info][gc,cpu         ] GC(1571) User=0.00s Sys=0.00s Real=0.00s
[638.906s][info][gc,start       ] GC(1572) Pause Young (Allocation Failure)
[638.908s][info][gc,heap        ] GC(1572) PSYoungGen: 286784K(310784K)->64K(287232K) Eden: 286720K(286720K)->0K(286720K) From: 64K(24064K)->64K(512K)
[638.908s][info][gc,heap        ] GC(1572) ParOldGen: 346180K(346624K)->346196K(346624K)
[638.908s][info][gc,metaspace   ] GC(1572) Metaspace: 35454K(36224K)->35454K(36224K) NonClass: 26245K(26816K)->26245K(26816K) Class: 9209K(9408K)->9209K(9408K)
[638.908s][info][gc             ] GC(1572) Pause Young (Allocation Failure) 618M->338M(619M) 1.411ms
[638.908s][info][gc,cpu         ] GC(1572) User=0.00s Sys=0.00s Real=0.00s
[639.386s][info][gc,start       ] GC(1573) Pause Young (Allocation Failure)
[639.387s][info][gc,heap        ] GC(1573) PSYoungGen: 286784K(287232K)->64K(310272K) Eden: 286720K(286720K)->0K(287744K) From: 64K(512K)->64K(22528K)
[639.387s][info][gc,heap        ] GC(1573) ParOldGen: 346196K(346624K)->346196K(346624K)
[639.387s][info][gc,metaspace   ] GC(1573) Metaspace: 35454K(36224K)->35454K(36224K) NonClass: 26245K(26816K)->26245K(26816K) Class: 9209K(9408K)->9209K(9408K)
[639.387s][info][gc             ] GC(1573) Pause Young (Allocation Failure) 618M->338M(641M) 1.358ms
[639.387s][info][gc,cpu         ] GC(1573) User=0.00s Sys=0.00s Real=0.00s
[639.623s][info][gc,start       ] GC(1574) Pause Young (Allocation Failure)
[639.625s][info][gc,heap        ] GC(1574) PSYoungGen: 287808K(310272K)->64K(309248K) Eden: 287744K(287744K)->0K(287744K) From: 64K(22528K)->64K(21504K)
[639.625s][info][gc,heap        ] GC(1574) ParOldGen: 346196K(346624K)->346212K(346624K)
[639.625s][info][gc,metaspace   ] GC(1574) Metaspace: 35454K(36224K)->35454K(36224K) NonClass: 26245K(26816K)->26245K(26816K) Class: 9209K(9408K)->9209K(9408K)
[639.625s][info][gc             ] GC(1574) Pause Young (Allocation Failure) 619M->338M(640M) 1.311ms
[639.625s][info][gc,cpu         ] GC(1574) User=0.00s Sys=0.00s Real=0.00s
[639.860s][info][gc,start       ] GC(1575) Pause Young (Allocation Failure)
[639.862s][info][gc,heap        ] GC(1575) PSYoungGen: 287808K(309248K)->64K(311296K) Eden: 287744K(287744K)->0K(290816K) From: 64K(21504K)->64K(20480K)
[639.862s][info][gc,heap        ] GC(1575) ParOldGen: 346212K(346624K)->346212K(346624K)
[639.862s][info][gc,metaspace   ] GC(1575) Metaspace: 35454K(36224K)->35454K(36224K) NonClass: 26245K(26816K)->26245K(26816K) Class: 9209K(9408K)->9209K(9408K)
[639.862s][info][gc             ] GC(1575) Pause Young (Allocation Failure) 619M->338M(642M) 1.220ms
[639.862s][info][gc,cpu         ] GC(1575) User=0.00s Sys=0.00s Real=0.00s
[640.215s][info][gc,start       ] GC(1576) Pause Young (Allocation Failure)
[640.216s][info][gc,heap        ] GC(1576) PSYoungGen: 290880K(311296K)->64K(310272K) Eden: 290816K(290816K)->0K(290816K) From: 64K(20480K)->64K(19456K)
[640.216s][info][gc,heap        ] GC(1576) ParOldGen: 346212K(346624K)->346212K(346624K)
[640.216s][info][gc,metaspace   ] GC(1576) Metaspace: 35454K(36224K)->35454K(36224K) NonClass: 26245K(26816K)->26245K(26816K) Class: 9209K(9408K)->9209K(9408K)
[640.216s][info][gc             ] GC(1576) Pause Young (Allocation Failure) 622M->338M(641M) 1.285ms
[640.216s][info][gc,cpu         ] GC(1576) User=0.00s Sys=0.00s Real=0.00s
[640.266s][info][gc,start       ] GC(1577) Pause Young (Allocation Failure)
[640.267s][info][gc,heap        ] GC(1577) PSYoungGen: 290880K(310272K)->64K(313344K) Eden: 290816K(290816K)->0K(294912K) From: 64K(19456K)->64K(18432K)
[640.267s][info][gc,heap        ] GC(1577) ParOldGen: 346212K(346624K)->346228K(346624K)
[640.267s][info][gc,metaspace   ] GC(1577) Metaspace: 35454K(36224K)->35454K(36224K) NonClass: 26245K(26816K)->26245K(26816K) Class: 9209K(9408K)->9209K(9408K)
[640.267s][info][gc             ] GC(1577) Pause Young (Allocation Failure) 622M->338M(644M) 1.107ms
[640.267s][info][gc,cpu         ] GC(1577) User=0.00s Sys=0.00s Real=0.00s
[640.319s][info][gc,start       ] GC(1578) Pause Young (Allocation Failure)
[640.320s][info][gc,heap        ] GC(1578) PSYoungGen: 294976K(313344K)->64K(312832K) Eden: 294912K(294912K)->0K(294912K) From: 64K(18432K)->64K(17920K)
[640.320s][info][gc,heap        ] GC(1578) ParOldGen: 346228K(346624K)->346228K(346624K)
[640.320s][info][gc,metaspace   ] GC(1578) Metaspace: 35454K(36224K)->35454K(36224K) NonClass: 26245K(26816K)->26245K(26816K) Class: 9209K(9408K)->9209K(9408K)
[640.320s][info][gc             ] GC(1578) Pause Young (Allocation Failure) 626M->338M(644M) 1.142ms
[640.320s][info][gc,cpu         ] GC(1578) User=0.00s Sys=0.00s Real=0.00s
[640.590s][info][gc,start       ] GC(1579) Pause Young (Allocation Failure)
[640.591s][info][gc,heap        ] GC(1579) PSYoungGen: 294976K(312832K)->64K(314880K) Eden: 294912K(294912K)->0K(298496K) From: 64K(17920K)->64K(16384K)
[640.591s][info][gc,heap        ] GC(1579) ParOldGen: 346228K(346624K)->346228K(346624K)
[640.591s][info][gc,metaspace   ] GC(1579) Metaspace: 35454K(36224K)->35454K(36224K) NonClass: 26245K(26816K)->26245K(26816K) Class: 9209K(9408K)->9209K(9408K)
[640.591s][info][gc             ] GC(1579) Pause Young (Allocation Failure) 626M->338M(646M) 1.167ms
[640.591s][info][gc,cpu         ] GC(1579) User=0.00s Sys=0.00s Real=0.00s
[640.854s][info][gc,start       ] GC(1580) Pause Young (Allocation Failure)
[640.856s][info][gc,heap        ] GC(1580) PSYoungGen: 298560K(314880K)->64K(314368K) Eden: 298496K(298496K)->0K(298496K) From: 64K(16384K)->64K(15872K)
[640.856s][info][gc,heap        ] GC(1580) ParOldGen: 346228K(346624K)->346236K(346624K)
[640.856s][info][gc,metaspace   ] GC(1580) Metaspace: 35454K(36224K)->35454K(36224K) NonClass: 26245K(26816K)->26245K(26816K) Class: 9209K(9408K)->9209K(9408K)
[640.856s][info][gc             ] GC(1580) Pause Young (Allocation Failure) 629M->338M(645M) 1.269ms
[640.856s][info][gc,cpu         ] GC(1580) User=0.01s Sys=0.00s Real=0.00s
[640.957s][info][gc,start       ] GC(1581) Pause Young (Allocation Failure)
[640.959s][info][gc,heap        ] GC(1581) PSYoungGen: 298560K(314368K)->64K(316928K) Eden: 298496K(298496K)->0K(302592K) From: 64K(15872K)->64K(14336K)
[640.959s][info][gc,heap        ] GC(1581) ParOldGen: 346236K(346624K)->346252K(346624K)
[640.959s][info][gc,metaspace   ] GC(1581) Metaspace: 35454K(36224K)->35454K(36224K) NonClass: 26245K(26816K)->26245K(26816K) Class: 9209K(9408K)->9209K(9408K)
[640.959s][info][gc             ] GC(1581) Pause Young (Allocation Failure) 629M->338M(648M) 1.745ms
[640.959s][info][gc,cpu         ] GC(1581) User=0.00s Sys=0.00s Real=0.00s
[641.095s][info][gc,start       ] GC(1582) Pause Young (Allocation Failure)
[641.096s][info][gc,heap        ] GC(1582) PSYoungGen: 302656K(316928K)->64K(316416K) Eden: 302592K(302592K)->0K(302592K) From: 64K(14336K)->64K(13824K)
[641.096s][info][gc,heap        ] GC(1582) ParOldGen: 346252K(346624K)->346260K(346624K)
[641.096s][info][gc,metaspace   ] GC(1582) Metaspace: 35454K(36224K)->35454K(36224K) NonClass: 26245K(26816K)->26245K(26816K) Class: 9209K(9408K)->9209K(9408K)
[641.096s][info][gc             ] GC(1582) Pause Young (Allocation Failure) 633M->338M(647M) 1.645ms
[641.096s][info][gc,cpu         ] GC(1582) User=0.00s Sys=0.00s Real=0.00s
[641.493s][info][gc,start       ] GC(1583) Pause Young (Allocation Failure)
[641.495s][info][gc,heap        ] GC(1583) PSYoungGen: 302656K(316416K)->32K(318976K) Eden: 302592K(302592K)->0K(306688K) From: 64K(13824K)->32K(12288K)
[641.495s][info][gc,heap        ] GC(1583) ParOldGen: 346260K(346624K)->346268K(346624K)
[641.495s][info][gc,metaspace   ] GC(1583) Metaspace: 35454K(36224K)->35454K(36224K) NonClass: 26245K(26816K)->26245K(26816K) Class: 9209K(9408K)->9209K(9408K)
[641.495s][info][gc             ] GC(1583) Pause Young (Allocation Failure) 633M->338M(650M) 2.245ms
[641.495s][info][gc,cpu         ] GC(1583) User=0.01s Sys=0.00s Real=0.01s
[642.127s][info][gc,start       ] GC(1584) Pause Young (Allocation Failure)
[642.128s][info][gc,heap        ] GC(1584) PSYoungGen: 306720K(318976K)->64K(294912K) Eden: 306688K(306688K)->0K(294400K) From: 32K(12288K)->64K(512K)
[642.128s][info][gc,heap        ] GC(1584) ParOldGen: 346268K(346624K)->346276K(346624K)
[642.128s][info][gc,metaspace   ] GC(1584) Metaspace: 35454K(36224K)->35454K(36224K) NonClass: 26245K(26816K)->26245K(26816K) Class: 9209K(9408K)->9209K(9408K)
[642.128s][info][gc             ] GC(1584) Pause Young (Allocation Failure) 637M->338M(626M) 1.496ms
[642.128s][info][gc,cpu         ] GC(1584) User=0.01s Sys=0.00s Real=0.00s
[643.062s][info][gc,start       ] GC(1585) Pause Young (Allocation Failure)
[643.063s][info][gc,heap        ] GC(1585) PSYoungGen: 294464K(294912K)->64K(283136K) Eden: 294400K(294400K)->0K(282624K) From: 64K(512K)->64K(512K)
[643.063s][info][gc,heap        ] GC(1585) ParOldGen: 346276K(346624K)->346284K(346624K)
[643.063s][info][gc,metaspace   ] GC(1585) Metaspace: 35454K(36224K)->35454K(36224K) NonClass: 26245K(26816K)->26245K(26816K) Class: 9209K(9408K)->9209K(9408K)
[643.063s][info][gc             ] GC(1585) Pause Young (Allocation Failure) 625M->338M(615M) 1.233ms
[643.063s][info][gc,cpu         ] GC(1585) User=0.00s Sys=0.00s Real=0.01s
[643.588s][info][gc,start       ] GC(1586) Pause Young (Allocation Failure)
[643.589s][info][gc,heap        ] GC(1586) PSYoungGen: 282688K(283136K)->64K(282112K) Eden: 282624K(282624K)->0K(271360K) From: 64K(512K)->64K(10752K)
[643.589s][info][gc,heap        ] GC(1586) ParOldGen: 346284K(346624K)->346292K(346624K)
[643.589s][info][gc,metaspace   ] GC(1586) Metaspace: 35454K(36224K)->35454K(36224K) NonClass: 26245K(26816K)->26245K(26816K) Class: 9209K(9408K)->9209K(9408K)
[643.589s][info][gc             ] GC(1586) Pause Young (Allocation Failure) 614M->338M(614M) 1.126ms
[643.589s][info][gc,cpu         ] GC(1586) User=0.00s Sys=0.00s Real=0.00s
[644.519s][info][gc,start       ] GC(1587) Pause Young (Allocation Failure)
[644.521s][info][gc,heap        ] GC(1587) PSYoungGen: 271424K(282112K)->64K(261120K) Eden: 271360K(271360K)->0K(260608K) From: 64K(10752K)->64K(512K)
[644.521s][info][gc,heap        ] GC(1587) ParOldGen: 346292K(346624K)->346300K(346624K)
[644.521s][info][gc,metaspace   ] GC(1587) Metaspace: 35454K(36224K)->35454K(36224K) NonClass: 26245K(26816K)->26245K(26816K) Class: 9209K(9408K)->9209K(9408K)
[644.521s][info][gc             ] GC(1587) Pause Young (Allocation Failure) 603M->338M(593M) 1.653ms
[644.521s][info][gc,cpu         ] GC(1587) User=0.00s Sys=0.00s Real=0.00s
[644.882s][info][gc,start       ] GC(1588) Pause Young (Allocation Failure)
[644.884s][info][gc,heap        ] GC(1588) PSYoungGen: 260672K(261120K)->32K(259584K) Eden: 260608K(260608K)->0K(250368K) From: 64K(512K)->32K(9216K)
[644.884s][info][gc,heap        ] GC(1588) ParOldGen: 346300K(346624K)->346308K(346624K)
[644.884s][info][gc,metaspace   ] GC(1588) Metaspace: 35454K(36224K)->35454K(36224K) NonClass: 26245K(26816K)->26245K(26816K) Class: 9209K(9408K)->9209K(9408K)
[644.884s][info][gc             ] GC(1588) Pause Young (Allocation Failure) 592M->338M(592M) 2.070ms
[644.884s][info][gc,cpu         ] GC(1588) User=0.00s Sys=0.00s Real=0.01s
[644.969s][info][gc,start       ] GC(1589) Pause Young (Allocation Failure)
[644.971s][info][gc,heap        ] GC(1589) PSYoungGen: 250400K(259584K)->32K(241152K) Eden: 250368K(250368K)->0K(240640K) From: 32K(9216K)->32K(512K)
[644.971s][info][gc,heap        ] GC(1589) ParOldGen: 346308K(346624K)->346316K(346624K)
[644.971s][info][gc,metaspace   ] GC(1589) Metaspace: 35454K(36224K)->35454K(36224K) NonClass: 26245K(26816K)->26245K(26816K) Class: 9209K(9408K)->9209K(9408K)
[644.971s][info][gc             ] GC(1589) Pause Young (Allocation Failure) 582M->338M(574M) 1.961ms
[644.971s][info][gc,cpu         ] GC(1589) User=0.00s Sys=0.00s Real=0.00s
[645.390s][info][gc,start       ] GC(1590) Pause Young (Allocation Failure)
[645.391s][info][gc,heap        ] GC(1590) PSYoungGen: 240672K(241152K)->64K(239616K) Eden: 240640K(240640K)->0K(231424K) From: 32K(512K)->64K(8192K)
[645.391s][info][gc,heap        ] GC(1590) ParOldGen: 346316K(346624K)->346324K(346624K)
[645.391s][info][gc,metaspace   ] GC(1590) Metaspace: 35454K(36224K)->35454K(36224K) NonClass: 26245K(26816K)->26245K(26816K) Class: 9209K(9408K)->9209K(9408K)
[645.391s][info][gc             ] GC(1590) Pause Young (Allocation Failure) 573M->338M(572M) 1.087ms
[645.391s][info][gc,cpu         ] GC(1590) User=0.01s Sys=0.00s Real=0.00s
[645.658s][info][gc,start       ] GC(1591) Pause Young (Allocation Failure)
[645.660s][info][gc,heap        ] GC(1591) PSYoungGen: 231488K(239616K)->64K(223232K) Eden: 231424K(231424K)->0K(222720K) From: 64K(8192K)->64K(512K)
[645.660s][info][gc,heap        ] GC(1591) ParOldGen: 346324K(346624K)->346332K(346624K)
[645.660s][info][gc,metaspace   ] GC(1591) Metaspace: 35454K(36224K)->35454K(36224K) NonClass: 26245K(26816K)->26245K(26816K) Class: 9209K(9408K)->9209K(9408K)
[645.660s][info][gc             ] GC(1591) Pause Young (Allocation Failure) 564M->338M(556M) 1.590ms
[645.660s][info][gc,cpu         ] GC(1591) User=0.01s Sys=0.00s Real=0.00s
[646.014s][info][gc,start       ] GC(1592) Pause Young (Allocation Failure)
[646.033s][info][gc,heap        ] GC(1592) PSYoungGen: 222784K(223232K)->6720K(272896K) Eden: 222720K(222720K)->0K(265728K) From: 64K(512K)->6720K(7168K)
[646.033s][info][gc,heap        ] GC(1592) ParOldGen: 346332K(346624K)->346340K(346624K)
[646.033s][info][gc,metaspace   ] GC(1592) Metaspace: 35454K(36224K)->35454K(36224K) NonClass: 26245K(26816K)->26245K(26816K) Class: 9209K(9408K)->9209K(9408K)
[646.033s][info][gc             ] GC(1592) Pause Young (Allocation Failure) 555M->344M(605M) 18.864ms
[646.033s][info][gc,cpu         ] GC(1592) User=0.02s Sys=0.00s Real=0.02s
[646.367s][info][gc,start       ] GC(1593) Pause Young (Allocation Failure)
[646.428s][info][gc,heap        ] GC(1593) PSYoungGen: 272448K(272896K)->7168K(264704K) Eden: 265728K(265728K)->0K(257536K) From: 6720K(7168K)->7168K(7168K)
[646.429s][info][gc,heap        ] GC(1593) ParOldGen: 346340K(346624K)->369332K(369664K)
[646.429s][info][gc,metaspace   ] GC(1593) Metaspace: 35454K(36224K)->35454K(36224K) NonClass: 26245K(26816K)->26245K(26816K) Class: 9209K(9408K)->9209K(9408K)
[646.429s][info][gc             ] GC(1593) Pause Young (Allocation Failure) 604M->367M(619M) 61.841ms
[646.429s][info][gc,cpu         ] GC(1593) User=0.10s Sys=0.02s Real=0.06s
[646.719s][info][gc,start       ] GC(1594) Pause Young (Allocation Failure)
[646.767s][info][gc,heap        ] GC(1594) PSYoungGen: 264704K(264704K)->18432K(275968K) Eden: 257536K(257536K)->0K(257536K) From: 7168K(7168K)->18432K(18432K)
[646.767s][info][gc,heap        ] GC(1594) ParOldGen: 369332K(369664K)->377300K(377344K)
[646.767s][info][gc,metaspace   ] GC(1594) Metaspace: 35454K(36224K)->35454K(36224K) NonClass: 26245K(26816K)->26245K(26816K) Class: 9209K(9408K)->9209K(9408K)
[646.767s][info][gc             ] GC(1594) Pause Young (Allocation Failure) 619M->386M(638M) 48.003ms
[646.767s][info][gc,cpu         ] GC(1594) User=0.09s Sys=0.00s Real=0.05s
[646.855s][info][gc,start       ] GC(1595) Pause Young (Allocation Failure)
[646.858s][info][gc,heap        ] GC(1595) PSYoungGen: 275968K(275968K)->64K(309248K) Eden: 257536K(257536K)->0K(283648K) From: 18432K(18432K)->64K(25600K)
[646.858s][info][gc,heap        ] GC(1595) ParOldGen: 377300K(377344K)->377508K(377856K)
[646.858s][info][gc,metaspace   ] GC(1595) Metaspace: 35454K(36224K)->35454K(36224K) NonClass: 26245K(26816K)->26245K(26816K) Class: 9209K(9408K)->9209K(9408K)
[646.858s][info][gc             ] GC(1595) Pause Young (Allocation Failure) 637M->368M(671M) 3.403ms
[646.858s][info][gc,cpu         ] GC(1595) User=0.00s Sys=0.00s Real=0.00s
[647.468s][info][gc,start       ] GC(1596) Pause Young (Allocation Failure)
[647.470s][info][gc,heap        ] GC(1596) PSYoungGen: 283712K(309248K)->64K(284160K) Eden: 283648K(283648K)->0K(283648K) From: 64K(25600K)->64K(512K)
[647.470s][info][gc,heap        ] GC(1596) ParOldGen: 377508K(377856K)->377516K(377856K)
[647.470s][info][gc,metaspace   ] GC(1596) Metaspace: 35454K(36224K)->35454K(36224K) NonClass: 26245K(26816K)->26245K(26816K) Class: 9209K(9408K)->9209K(9408K)
[647.470s][info][gc             ] GC(1596) Pause Young (Allocation Failure) 645M->368M(646M) 1.302ms
[647.470s][info][gc,cpu         ] GC(1596) User=0.00s Sys=0.00s Real=0.00s
[647.830s][info][gc,start       ] GC(1597) Pause Young (Allocation Failure)
[647.831s][info][gc,heap        ] GC(1597) PSYoungGen: 283712K(284160K)->64K(307712K) Eden: 283648K(283648K)->0K(284160K) From: 64K(512K)->64K(23552K)
[647.831s][info][gc,heap        ] GC(1597) ParOldGen: 377516K(377856K)->377524K(377856K)
[647.831s][info][gc,metaspace   ] GC(1597) Metaspace: 35454K(36224K)->35454K(36224K) NonClass: 26245K(26816K)->26245K(26816K) Class: 9209K(9408K)->9209K(9408K)
[647.831s][info][gc             ] GC(1597) Pause Young (Allocation Failure) 645M->368M(669M) 1.301ms
[647.831s][info][gc,cpu         ] GC(1597) User=0.00s Sys=0.00s Real=0.00s
[648.266s][info][gc,start       ] GC(1598) Pause Young (Allocation Failure)
[648.268s][info][gc,heap        ] GC(1598) PSYoungGen: 284224K(307712K)->64K(307200K) Eden: 284160K(284160K)->0K(284160K) From: 64K(23552K)->64K(23040K)
[648.268s][info][gc,heap        ] GC(1598) ParOldGen: 377524K(377856K)->377540K(377856K)
[648.268s][info][gc,metaspace   ] GC(1598) Metaspace: 35454K(36224K)->35454K(36224K) NonClass: 26245K(26816K)->26245K(26816K) Class: 9209K(9408K)->9209K(9408K)
[648.268s][info][gc             ] GC(1598) Pause Young (Allocation Failure) 646M->368M(669M) 1.328ms
[648.268s][info][gc,cpu         ] GC(1598) User=0.00s Sys=0.00s Real=0.00s
[648.500s][info][gc,start       ] GC(1599) Pause Young (Allocation Failure)
[648.501s][info][gc,heap        ] GC(1599) PSYoungGen: 284224K(307200K)->64K(309760K) Eden: 284160K(284160K)->0K(288256K) From: 64K(23040K)->64K(21504K)
[648.501s][info][gc,heap        ] GC(1599) ParOldGen: 377540K(377856K)->377556K(377856K)
[648.501s][info][gc,metaspace   ] GC(1599) Metaspace: 35454K(36224K)->35454K(36224K) NonClass: 26245K(26816K)->26245K(26816K) Class: 9209K(9408K)->9209K(9408K)
[648.501s][info][gc             ] GC(1599) Pause Young (Allocation Failure) 646M->368M(671M) 1.206ms
[648.501s][info][gc,cpu         ] GC(1599) User=0.00s Sys=0.00s Real=0.00s
[648.857s][info][gc,start       ] GC(1600) Pause Young (Allocation Failure)
[648.858s][info][gc,heap        ] GC(1600) PSYoungGen: 288320K(309760K)->64K(309248K) Eden: 288256K(288256K)->0K(288256K) From: 64K(21504K)->64K(20992K)
[648.858s][info][gc,heap        ] GC(1600) ParOldGen: 377556K(377856K)->377556K(377856K)
[648.859s][info][gc,metaspace   ] GC(1600) Metaspace: 35454K(36224K)->35454K(36224K) NonClass: 26245K(26816K)->26245K(26816K) Class: 9209K(9408K)->9209K(9408K)
[648.859s][info][gc             ] GC(1600) Pause Young (Allocation Failure) 650M->368M(671M) 1.175ms
[648.859s][info][gc,cpu         ] GC(1600) User=0.00s Sys=0.00s Real=0.00s
[648.950s][info][gc,start       ] GC(1601) Pause Young (Allocation Failure)
[648.951s][info][gc,heap        ] GC(1601) PSYoungGen: 288320K(309248K)->64K(311808K) Eden: 288256K(288256K)->0K(292352K) From: 64K(20992K)->64K(19456K)
[648.951s][info][gc,heap        ] GC(1601) ParOldGen: 377556K(377856K)->377564K(377856K)
[648.951s][info][gc,metaspace   ] GC(1601) Metaspace: 35454K(36224K)->35454K(36224K) NonClass: 26245K(26816K)->26245K(26816K) Class: 9209K(9408K)->9209K(9408K)
[648.951s][info][gc             ] GC(1601) Pause Young (Allocation Failure) 650M->368M(673M) 1.109ms
[648.951s][info][gc,cpu         ] GC(1601) User=0.01s Sys=0.00s Real=0.00s
[649.002s][info][gc,start       ] GC(1602) Pause Young (Allocation Failure)
[649.004s][info][gc,heap        ] GC(1602) PSYoungGen: 292416K(311808K)->64K(311296K) Eden: 292352K(292352K)->0K(292352K) From: 64K(19456K)->64K(18944K)
[649.004s][info][gc,heap        ] GC(1602) ParOldGen: 377564K(377856K)->377580K(377856K)
[649.004s][info][gc,metaspace   ] GC(1602) Metaspace: 35454K(36224K)->35454K(36224K) NonClass: 26245K(26816K)->26245K(26816K) Class: 9209K(9408K)->9209K(9408K)
[649.004s][info][gc             ] GC(1602) Pause Young (Allocation Failure) 654M->368M(673M) 1.197ms
[649.004s][info][gc,cpu         ] GC(1602) User=0.01s Sys=0.00s Real=0.01s
[649.204s][info][gc,start       ] GC(1603) Pause Young (Allocation Failure)
[649.205s][info][gc,heap        ] GC(1603) PSYoungGen: 292416K(311296K)->64K(313856K) Eden: 292352K(292352K)->0K(296448K) From: 64K(18944K)->64K(17408K)
[649.205s][info][gc,heap        ] GC(1603) ParOldGen: 377580K(377856K)->377580K(377856K)
[649.205s][info][gc,metaspace   ] GC(1603) Metaspace: 35454K(36224K)->35454K(36224K) NonClass: 26245K(26816K)->26245K(26816K) Class: 9209K(9408K)->9209K(9408K)
[649.205s][info][gc             ] GC(1603) Pause Young (Allocation Failure) 654M->368M(675M) 1.210ms
[649.205s][info][gc,cpu         ] GC(1603) User=0.00s Sys=0.00s Real=0.00s
[649.493s][info][gc,start       ] GC(1604) Pause Young (Allocation Failure)
[649.494s][info][gc,heap        ] GC(1604) PSYoungGen: 296512K(313856K)->64K(313344K) Eden: 296448K(296448K)->0K(296448K) From: 64K(17408K)->64K(16896K)
[649.494s][info][gc,heap        ] GC(1604) ParOldGen: 377580K(377856K)->377588K(377856K)
[649.494s][info][gc,metaspace   ] GC(1604) Metaspace: 35454K(36224K)->35454K(36224K) NonClass: 26245K(26816K)->26245K(26816K) Class: 9209K(9408K)->9209K(9408K)
[649.494s][info][gc             ] GC(1604) Pause Young (Allocation Failure) 658M->368M(675M) 1.221ms
[649.494s][info][gc,cpu         ] GC(1604) User=0.00s Sys=0.00s Real=0.01s
[649.630s][info][gc,start       ] GC(1605) Pause Young (Allocation Failure)
[649.631s][info][gc,heap        ] GC(1605) PSYoungGen: 296512K(313344K)->64K(315904K) Eden: 296448K(296448K)->0K(300544K) From: 64K(16896K)->64K(15360K)
[649.631s][info][gc,heap        ] GC(1605) ParOldGen: 377588K(377856K)->377596K(377856K)
[649.631s][info][gc,metaspace   ] GC(1605) Metaspace: 35455K(36224K)->35455K(36224K) NonClass: 26246K(26816K)->26246K(26816K) Class: 9209K(9408K)->9209K(9408K)
[649.631s][info][gc             ] GC(1605) Pause Young (Allocation Failure) 658M->368M(677M) 1.340ms
[649.631s][info][gc,cpu         ] GC(1605) User=0.00s Sys=0.00s Real=0.00s
[649.746s][info][gc,start       ] GC(1606) Pause Young (Allocation Failure)
[649.748s][info][gc,heap        ] GC(1606) PSYoungGen: 300608K(315904K)->64K(315392K) Eden: 300544K(300544K)->0K(300544K) From: 64K(15360K)->64K(14848K)
[649.748s][info][gc,heap        ] GC(1606) ParOldGen: 377596K(377856K)->377604K(377856K)
[649.748s][info][gc,metaspace   ] GC(1606) Metaspace: 35455K(36224K)->35455K(36224K) NonClass: 26246K(26816K)->26246K(26816K) Class: 9209K(9408K)->9209K(9408K)
[649.748s][info][gc             ] GC(1606) Pause Young (Allocation Failure) 662M->368M(677M) 1.447ms
[649.748s][info][gc,cpu         ] GC(1606) User=0.01s Sys=0.00s Real=0.00s
[649.974s][info][gc,start       ] GC(1607) Pause Young (Allocation Failure)
[649.975s][info][gc,heap        ] GC(1607) PSYoungGen: 300608K(315392K)->64K(317952K) Eden: 300544K(300544K)->0K(304640K) From: 64K(14848K)->64K(13312K)
[649.975s][info][gc,heap        ] GC(1607) ParOldGen: 377604K(377856K)->377612K(377856K)
[649.975s][info][gc,metaspace   ] GC(1607) Metaspace: 35455K(36224K)->35455K(36224K) NonClass: 26246K(26816K)->26246K(26816K) Class: 9209K(9408K)->9209K(9408K)
[649.975s][info][gc             ] GC(1607) Pause Young (Allocation Failure) 662M->368M(679M) 1.271ms
[649.975s][info][gc,cpu         ] GC(1607) User=0.00s Sys=0.00s Real=0.00s
[650.808s][info][gc,start       ] GC(1608) Pause Young (Allocation Failure)
[650.809s][info][gc,heap        ] GC(1608) PSYoungGen: 304704K(317952K)->64K(292864K) Eden: 304640K(304640K)->0K(292352K) From: 64K(13312K)->64K(512K)
[650.809s][info][gc,heap        ] GC(1608) ParOldGen: 377612K(377856K)->377620K(377856K)
[650.809s][info][gc,metaspace   ] GC(1608) Metaspace: 35455K(36224K)->35455K(36224K) NonClass: 26246K(26816K)->26246K(26816K) Class: 9209K(9408K)->9209K(9408K)
[650.809s][info][gc             ] GC(1608) Pause Young (Allocation Failure) 666M->368M(655M) 1.354ms
[650.809s][info][gc,cpu         ] GC(1608) User=0.00s Sys=0.00s Real=0.00s
[651.692s][info][gc,start       ] GC(1609) Pause Young (Allocation Failure)
[651.693s][info][gc,heap        ] GC(1609) PSYoungGen: 292416K(292864K)->64K(281088K) Eden: 292352K(292352K)->0K(280576K) From: 64K(512K)->64K(512K)
[651.693s][info][gc,heap        ] GC(1609) ParOldGen: 377620K(377856K)->377628K(377856K)
[651.693s][info][gc,metaspace   ] GC(1609) Metaspace: 35455K(36224K)->35455K(36224K) NonClass: 26246K(26816K)->26246K(26816K) Class: 9209K(9408K)->9209K(9408K)
[651.693s][info][gc             ] GC(1609) Pause Young (Allocation Failure) 654M->368M(643M) 1.333ms
[651.694s][info][gc,cpu         ] GC(1609) User=0.00s Sys=0.00s Real=0.01s
[652.148s][info][gc,start       ] GC(1610) Pause Young (Allocation Failure)
[652.149s][info][gc,heap        ] GC(1610) PSYoungGen: 280640K(281088K)->64K(280576K) Eden: 280576K(280576K)->0K(269312K) From: 64K(512K)->64K(11264K)
[652.149s][info][gc,heap        ] GC(1610) ParOldGen: 377628K(377856K)->377636K(377856K)
[652.149s][info][gc,metaspace   ] GC(1610) Metaspace: 35455K(36224K)->35455K(36224K) NonClass: 26246K(26816K)->26246K(26816K) Class: 9209K(9408K)->9209K(9408K)
[652.149s][info][gc             ] GC(1610) Pause Young (Allocation Failure) 642M->368M(643M) 1.213ms
[652.149s][info][gc,cpu         ] GC(1610) User=0.01s Sys=0.00s Real=0.00s
[653.134s][info][gc,start       ] GC(1611) Pause Young (Allocation Failure)
[653.136s][info][gc,heap        ] GC(1611) PSYoungGen: 269376K(280576K)->64K(259584K) Eden: 269312K(269312K)->0K(259072K) From: 64K(11264K)->64K(512K)
[653.136s][info][gc,heap        ] GC(1611) ParOldGen: 377636K(377856K)->377644K(377856K)
[653.136s][info][gc,metaspace   ] GC(1611) Metaspace: 35455K(36224K)->35455K(36224K) NonClass: 26246K(26816K)->26246K(26816K) Class: 9209K(9408K)->9209K(9408K)
[653.136s][info][gc             ] GC(1611) Pause Young (Allocation Failure) 631M->368M(622M) 1.819ms
[653.136s][info][gc,cpu         ] GC(1611) User=0.00s Sys=0.00s Real=0.00s
[653.510s][info][gc,start       ] GC(1612) Pause Young (Allocation Failure)
[653.511s][info][gc,heap        ] GC(1612) PSYoungGen: 259136K(259584K)->64K(258560K) Eden: 259072K(259072K)->0K(248832K) From: 64K(512K)->64K(9728K)
[653.511s][info][gc,heap        ] GC(1612) ParOldGen: 377644K(377856K)->377652K(377856K)
[653.511s][info][gc,metaspace   ] GC(1612) Metaspace: 35455K(36224K)->35455K(36224K) NonClass: 26246K(26816K)->26246K(26816K) Class: 9209K(9408K)->9209K(9408K)
[653.511s][info][gc             ] GC(1612) Pause Young (Allocation Failure) 621M->368M(621M) 1.112ms
[653.511s][info][gc,cpu         ] GC(1612) User=0.00s Sys=0.00s Real=0.00s
[653.665s][info][gc,start       ] GC(1613) Pause Young (Allocation Failure)
[653.667s][info][gc,heap        ] GC(1613) PSYoungGen: 248896K(258560K)->64K(239616K) Eden: 248832K(248832K)->0K(239104K) From: 64K(9728K)->64K(512K)
[653.667s][info][gc,heap        ] GC(1613) ParOldGen: 377652K(377856K)->377660K(377856K)
[653.667s][info][gc,metaspace   ] GC(1613) Metaspace: 35455K(36224K)->35455K(36224K) NonClass: 26246K(26816K)->26246K(26816K) Class: 9209K(9408K)->9209K(9408K)
[653.667s][info][gc             ] GC(1613) Pause Young (Allocation Failure) 611M->368M(603M) 1.959ms
[653.667s][info][gc,cpu         ] GC(1613) User=0.00s Sys=0.00s Real=0.00s
[653.865s][info][gc,start       ] GC(1614) Pause Young (Allocation Failure)
[653.867s][info][gc,heap        ] GC(1614) PSYoungGen: 239168K(239616K)->64K(238592K) Eden: 239104K(239104K)->0K(229888K) From: 64K(512K)->64K(8704K)
[653.867s][info][gc,heap        ] GC(1614) ParOldGen: 377660K(377856K)->377668K(377856K)
[653.867s][info][gc,metaspace   ] GC(1614) Metaspace: 35455K(36224K)->35455K(36224K) NonClass: 26246K(26816K)->26246K(26816K) Class: 9209K(9408K)->9209K(9408K)
[653.867s][info][gc             ] GC(1614) Pause Young (Allocation Failure) 602M->368M(602M) 2.139ms
[653.868s][info][gc,cpu         ] GC(1614) User=0.00s Sys=0.00s Real=0.00s
[654.328s][info][gc,start       ] GC(1615) Pause Young (Allocation Failure)
[654.330s][info][gc,heap        ] GC(1615) PSYoungGen: 229952K(238592K)->64K(221696K) Eden: 229888K(229888K)->0K(221184K) From: 64K(8704K)->64K(512K)
[654.330s][info][gc,heap        ] GC(1615) ParOldGen: 377668K(377856K)->377684K(377856K)
[654.330s][info][gc,metaspace   ] GC(1615) Metaspace: 35455K(36224K)->35455K(36224K) NonClass: 26246K(26816K)->26246K(26816K) Class: 9209K(9408K)->9209K(9408K)
[654.330s][info][gc             ] GC(1615) Pause Young (Allocation Failure) 593M->368M(585M) 2.338ms
[654.330s][info][gc,cpu         ] GC(1615) User=0.00s Sys=0.00s Real=0.00s
[654.572s][info][gc,start       ] GC(1616) Pause Young (Allocation Failure)
[654.574s][info][gc,heap        ] GC(1616) PSYoungGen: 221248K(221696K)->32K(220672K) Eden: 221184K(221184K)->0K(212992K) From: 64K(512K)->32K(7680K)
[654.574s][info][gc,heap        ] GC(1616) ParOldGen: 377684K(377856K)->377692K(377856K)
[654.574s][info][gc,metaspace   ] GC(1616) Metaspace: 35455K(36224K)->35455K(36224K) NonClass: 26246K(26816K)->26246K(26816K) Class: 9209K(9408K)->9209K(9408K)
[654.574s][info][gc             ] GC(1616) Pause Young (Allocation Failure) 584M->368M(584M) 1.995ms
[654.574s][info][gc,cpu         ] GC(1616) User=0.00s Sys=0.00s Real=0.01s
[654.876s][info][gc,start       ] GC(1617) Pause Young (Allocation Failure)
[654.915s][info][gc,heap        ] GC(1617) PSYoungGen: 213024K(220672K)->7168K(262656K) Eden: 212992K(212992K)->0K(255488K) From: 32K(7680K)->7168K(7168K)
[654.915s][info][gc,heap        ] GC(1617) ParOldGen: 377692K(377856K)->390132K(390144K)
[654.915s][info][gc,metaspace   ] GC(1617) Metaspace: 35455K(36224K)->35455K(36224K) NonClass: 26246K(26816K)->26246K(26816K) Class: 9209K(9408K)->9209K(9408K)
[654.915s][info][gc             ] GC(1617) Pause Young (Allocation Failure) 576M->387M(637M) 38.814ms
[654.915s][info][gc,cpu         ] GC(1617) User=0.06s Sys=0.01s Real=0.04s
[655.230s][info][gc,start       ] GC(1618) Pause Young (Allocation Failure)
[655.286s][info][gc,heap        ] GC(1618) PSYoungGen: 262656K(262656K)->13312K(268800K) Eden: 255488K(255488K)->0K(255488K) From: 7168K(7168K)->13312K(13312K)
[655.286s][info][gc,heap        ] GC(1618) ParOldGen: 390132K(390144K)->406140K(406528K)
[655.286s][info][gc,metaspace   ] GC(1618) Metaspace: 35455K(36224K)->35455K(36224K) NonClass: 26246K(26816K)->26246K(26816K) Class: 9209K(9408K)->9209K(9408K)
[655.286s][info][gc             ] GC(1618) Pause Young (Allocation Failure) 637M->409M(659M) 55.802ms
[655.286s][info][gc,cpu         ] GC(1618) User=0.10s Sys=0.01s Real=0.06s
[655.473s][info][gc,start       ] GC(1619) Pause Young (Allocation Failure)
[655.505s][info][gc,heap        ] GC(1619) PSYoungGen: 268800K(268800K)->14080K(308736K) Eden: 255488K(255488K)->0K(286720K) From: 13312K(13312K)->14080K(22016K)
[655.505s][info][gc,heap        ] GC(1619) ParOldGen: 406140K(406528K)->406572K(407040K)
[655.505s][info][gc,metaspace   ] GC(1619) Metaspace: 35455K(36224K)->35455K(36224K) NonClass: 26246K(26816K)->26246K(26816K) Class: 9209K(9408K)->9209K(9408K)
[655.505s][info][gc             ] GC(1619) Pause Young (Allocation Failure) 659M->410M(699M) 32.318ms
[655.505s][info][gc,cpu         ] GC(1619) User=0.05s Sys=0.02s Real=0.04s
[655.827s][info][gc,start       ] GC(1620) Pause Young (Allocation Failure)
[655.828s][info][gc,heap        ] GC(1620) PSYoungGen: 300800K(308736K)->64K(310272K) Eden: 286720K(286720K)->0K(286720K) From: 14080K(22016K)->64K(23552K)
[655.828s][info][gc,heap        ] GC(1620) ParOldGen: 406572K(407040K)->406580K(407040K)
[655.828s][info][gc,metaspace   ] GC(1620) Metaspace: 35455K(36224K)->35455K(36224K) NonClass: 26246K(26816K)->26246K(26816K) Class: 9209K(9408K)->9209K(9408K)
[655.828s][info][gc             ] GC(1620) Pause Young (Allocation Failure) 690M->397M(700M) 1.535ms
[655.828s][info][gc,cpu         ] GC(1620) User=0.00s Sys=0.00s Real=0.00s
[656.452s][info][gc,start       ] GC(1621) Pause Young (Allocation Failure)
[656.454s][info][gc,heap        ] GC(1621) PSYoungGen: 286784K(310272K)->128K(307712K) Eden: 286720K(286720K)->0K(287232K) From: 64K(23552K)->128K(20480K)
[656.454s][info][gc,heap        ] GC(1621) ParOldGen: 406580K(407040K)->406588K(407040K)
[656.454s][info][gc,metaspace   ] GC(1621) Metaspace: 35529K(36288K)->35529K(36288K) NonClass: 26319K(26880K)->26319K(26880K) Class: 9209K(9408K)->9209K(9408K)
[656.454s][info][gc             ] GC(1621) Pause Young (Allocation Failure) 677M->397M(698M) 2.016ms
[656.454s][info][gc,cpu         ] GC(1621) User=0.01s Sys=0.00s Real=0.01s
[656.906s][info][gc,start       ] GC(1622) Pause Young (Allocation Failure)
[656.908s][info][gc,heap        ] GC(1622) PSYoungGen: 287360K(307712K)->64K(309248K) Eden: 287232K(287232K)->0K(287232K) From: 128K(20480K)->64K(22016K)
[656.908s][info][gc,heap        ] GC(1622) ParOldGen: 406588K(407040K)->406676K(407040K)
[656.908s][info][gc,metaspace   ] GC(1622) Metaspace: 35529K(36288K)->35529K(36288K) NonClass: 26319K(26880K)->26319K(26880K) Class: 9209K(9408K)->9209K(9408K)
[656.908s][info][gc             ] GC(1622) Pause Young (Allocation Failure) 677M->397M(699M) 1.480ms
[656.908s][info][gc,cpu         ] GC(1622) User=0.00s Sys=0.00s Real=0.00s
[657.147s][info][gc,start       ] GC(1623) Pause Young (Allocation Failure)
[657.148s][info][gc,heap        ] GC(1623) PSYoungGen: 287296K(309248K)->32K(309248K) Eden: 287232K(287232K)->0K(290304K) From: 64K(22016K)->32K(18944K)
[657.148s][info][gc,heap        ] GC(1623) ParOldGen: 406676K(407040K)->406692K(407040K)
[657.148s][info][gc,metaspace   ] GC(1623) Metaspace: 35529K(36288K)->35529K(36288K) NonClass: 26319K(26880K)->26319K(26880K) Class: 9209K(9408K)->9209K(9408K)
[657.148s][info][gc             ] GC(1623) Pause Young (Allocation Failure) 677M->397M(699M) 1.392ms
[657.148s][info][gc,cpu         ] GC(1623) User=0.00s Sys=0.00s Real=0.00s
[657.389s][info][gc,start       ] GC(1624) Pause Young (Allocation Failure)
[657.390s][info][gc,heap        ] GC(1624) PSYoungGen: 290336K(309248K)->64K(310784K) Eden: 290304K(290304K)->0K(290304K) From: 32K(18944K)->64K(20480K)
[657.390s][info][gc,heap        ] GC(1624) ParOldGen: 406692K(407040K)->406692K(407040K)
[657.390s][info][gc,metaspace   ] GC(1624) Metaspace: 35529K(36288K)->35529K(36288K) NonClass: 26319K(26880K)->26319K(26880K) Class: 9209K(9408K)->9209K(9408K)
[657.390s][info][gc             ] GC(1624) Pause Young (Allocation Failure) 680M->397M(701M) 1.327ms
[657.390s][info][gc,cpu         ] GC(1624) User=0.00s Sys=0.00s Real=0.00s
[657.704s][info][gc,start       ] GC(1625) Pause Young (Allocation Failure)
[657.705s][info][gc,heap        ] GC(1625) PSYoungGen: 290368K(310784K)->64K(310784K) Eden: 290304K(290304K)->0K(293888K) From: 64K(20480K)->64K(16896K)
[657.705s][info][gc,heap        ] GC(1625) ParOldGen: 406692K(407040K)->406692K(407040K)
[657.705s][info][gc,metaspace   ] GC(1625) Metaspace: 35529K(36288K)->35529K(36288K) NonClass: 26319K(26880K)->26319K(26880K) Class: 9209K(9408K)->9209K(9408K)
[657.705s][info][gc             ] GC(1625) Pause Young (Allocation Failure) 680M->397M(701M) 1.253ms
[657.705s][info][gc,cpu         ] GC(1625) User=0.01s Sys=0.00s Real=0.00s
[657.758s][info][gc,start       ] GC(1626) Pause Young (Allocation Failure)
[657.759s][info][gc,heap        ] GC(1626) PSYoungGen: 293952K(310784K)->64K(312320K) Eden: 293888K(293888K)->0K(293888K) From: 64K(16896K)->64K(18432K)
[657.760s][info][gc,heap        ] GC(1626) ParOldGen: 406692K(407040K)->406708K(407040K)
[657.760s][info][gc,metaspace   ] GC(1626) Metaspace: 35529K(36288K)->35529K(36288K) NonClass: 26319K(26880K)->26319K(26880K) Class: 9209K(9408K)->9209K(9408K)
[657.760s][info][gc             ] GC(1626) Pause Young (Allocation Failure) 684M->397M(702M) 1.276ms
[657.760s][info][gc,cpu         ] GC(1626) User=0.00s Sys=0.00s Real=0.00s
[657.827s][info][gc,start       ] GC(1627) Pause Young (Allocation Failure)
[657.828s][info][gc,heap        ] GC(1627) PSYoungGen: 293952K(312320K)->64K(313856K) Eden: 293888K(293888K)->0K(297984K) From: 64K(18432K)->64K(15872K)
[657.828s][info][gc,heap        ] GC(1627) ParOldGen: 406708K(407040K)->406708K(407040K)
[657.828s][info][gc,metaspace   ] GC(1627) Metaspace: 35529K(36288K)->35529K(36288K) NonClass: 26319K(26880K)->26319K(26880K) Class: 9209K(9408K)->9209K(9408K)
[657.828s][info][gc             ] GC(1627) Pause Young (Allocation Failure) 684M->397M(704M) 1.238ms
[657.828s][info][gc,cpu         ] GC(1627) User=0.00s Sys=0.00s Real=0.00s
[658.159s][info][gc,start       ] GC(1628) Pause Young (Allocation Failure)
[658.160s][info][gc,heap        ] GC(1628) PSYoungGen: 298048K(313856K)->64K(314880K) Eden: 297984K(297984K)->0K(297984K) From: 64K(15872K)->64K(16896K)
[658.160s][info][gc,heap        ] GC(1628) ParOldGen: 406708K(407040K)->406724K(407040K)
[658.160s][info][gc,metaspace   ] GC(1628) Metaspace: 35529K(36288K)->35529K(36288K) NonClass: 26319K(26880K)->26319K(26880K) Class: 9209K(9408K)->9209K(9408K)
[658.160s][info][gc             ] GC(1628) Pause Young (Allocation Failure) 688M->397M(705M) 1.458ms
[658.160s][info][gc,cpu         ] GC(1628) User=0.00s Sys=0.00s Real=0.00s
[658.393s][info][gc,start       ] GC(1629) Pause Young (Allocation Failure)
[658.394s][info][gc,heap        ] GC(1629) PSYoungGen: 298048K(314880K)->64K(314880K) Eden: 297984K(297984K)->0K(301056K) From: 64K(16896K)->64K(13824K)
[658.394s][info][gc,heap        ] GC(1629) ParOldGen: 406724K(407040K)->406724K(407040K)
[658.394s][info][gc,metaspace   ] GC(1629) Metaspace: 35529K(36288K)->35529K(36288K) NonClass: 26319K(26880K)->26319K(26880K) Class: 9209K(9408K)->9209K(9408K)
[658.394s][info][gc             ] GC(1629) Pause Young (Allocation Failure) 688M->397M(705M) 1.284ms
[658.394s][info][gc,cpu         ] GC(1629) User=0.00s Sys=0.00s Real=0.01s
[658.478s][info][gc,start       ] GC(1630) Pause Young (Allocation Failure)
[658.479s][info][gc,heap        ] GC(1630) PSYoungGen: 301120K(314880K)->64K(315904K) Eden: 301056K(301056K)->0K(301056K) From: 64K(13824K)->64K(14848K)
[658.479s][info][gc,heap        ] GC(1630) ParOldGen: 406724K(407040K)->406740K(407040K)
[658.479s][info][gc,metaspace   ] GC(1630) Metaspace: 35529K(36288K)->35529K(36288K) NonClass: 26319K(26880K)->26319K(26880K) Class: 9209K(9408K)->9209K(9408K)
[658.479s][info][gc             ] GC(1630) Pause Young (Allocation Failure) 691M->397M(706M) 1.325ms
[658.479s][info][gc,cpu         ] GC(1630) User=0.00s Sys=0.00s Real=0.00s
[658.636s][info][gc,start       ] GC(1631) Pause Young (Allocation Failure)
[658.638s][info][gc,heap        ] GC(1631) PSYoungGen: 301120K(315904K)->64K(317952K) Eden: 301056K(301056K)->0K(305152K) From: 64K(14848K)->64K(12800K)
[658.638s][info][gc,heap        ] GC(1631) ParOldGen: 406740K(407040K)->406740K(407040K)
[658.638s][info][gc,metaspace   ] GC(1631) Metaspace: 35529K(36288K)->35529K(36288K) NonClass: 26319K(26880K)->26319K(26880K) Class: 9209K(9408K)->9209K(9408K)
[658.638s][info][gc             ] GC(1631) Pause Young (Allocation Failure) 691M->397M(708M) 1.242ms
[658.638s][info][gc,cpu         ] GC(1631) User=0.00s Sys=0.00s Real=0.00s
[659.578s][info][gc,start       ] GC(1632) Pause Young (Allocation Failure)
[659.580s][info][gc,heap        ] GC(1632) PSYoungGen: 305216K(317952K)->83K(293376K) Eden: 305152K(305152K)->0K(292864K) From: 64K(12800K)->83K(512K)
[659.580s][info][gc,heap        ] GC(1632) ParOldGen: 406740K(407040K)->406748K(407040K)
[659.580s][info][gc,metaspace   ] GC(1632) Metaspace: 35529K(36288K)->35529K(36288K) NonClass: 26319K(26880K)->26319K(26880K) Class: 9209K(9408K)->9209K(9408K)
[659.580s][info][gc             ] GC(1632) Pause Young (Allocation Failure) 695M->397M(684M) 1.863ms
[659.580s][info][gc,cpu         ] GC(1632) User=0.01s Sys=0.00s Real=0.00s
[660.381s][info][gc,start       ] GC(1633) Pause Young (Allocation Failure)
[660.383s][info][gc,heap        ] GC(1633) PSYoungGen: 292947K(293376K)->64K(281600K) Eden: 292864K(292864K)->0K(281088K) From: 83K(512K)->64K(512K)
[660.383s][info][gc,heap        ] GC(1633) ParOldGen: 406748K(407040K)->406756K(407040K)
[660.383s][info][gc,metaspace   ] GC(1633) Metaspace: 35529K(36288K)->35529K(36288K) NonClass: 26319K(26880K)->26319K(26880K) Class: 9209K(9408K)->9209K(9408K)
[660.383s][info][gc             ] GC(1633) Pause Young (Allocation Failure) 683M->397M(672M) 1.850ms
[660.383s][info][gc,cpu         ] GC(1633) User=0.01s Sys=0.00s Real=0.00s
[660.654s][info][gc,start       ] GC(1634) Pause Young (Allocation Failure)
[660.655s][info][gc,heap        ] GC(1634) PSYoungGen: 281152K(281600K)->64K(281600K) Eden: 281088K(281088K)->0K(269824K) From: 64K(512K)->64K(11776K)
[660.655s][info][gc,heap        ] GC(1634) ParOldGen: 406756K(407040K)->406764K(407040K)
[660.655s][info][gc,metaspace   ] GC(1634) Metaspace: 35529K(36288K)->35529K(36288K) NonClass: 26319K(26880K)->26319K(26880K) Class: 9209K(9408K)->9209K(9408K)
[660.655s][info][gc             ] GC(1634) Pause Young (Allocation Failure) 671M->397M(672M) 1.245ms
[660.655s][info][gc,cpu         ] GC(1634) User=0.00s Sys=0.00s Real=0.00s
[661.112s][info][gc,start       ] GC(1635) Pause Young (Allocation Failure)
[661.114s][info][gc,heap        ] GC(1635) PSYoungGen: 269888K(281600K)->64K(259584K) Eden: 269824K(269824K)->0K(259072K) From: 64K(11776K)->64K(512K)
[661.114s][info][gc,heap        ] GC(1635) ParOldGen: 406764K(407040K)->406772K(407040K)
[661.114s][info][gc,metaspace   ] GC(1635) Metaspace: 35529K(36288K)->35529K(36288K) NonClass: 26319K(26880K)->26319K(26880K) Class: 9209K(9408K)->9209K(9408K)
[661.114s][info][gc             ] GC(1635) Pause Young (Allocation Failure) 660M->397M(651M) 2.127ms
[661.114s][info][gc,cpu         ] GC(1635) User=0.01s Sys=0.00s Real=0.01s
[662.028s][info][gc,start       ] GC(1636) Pause Young (Allocation Failure)
[662.030s][info][gc,heap        ] GC(1636) PSYoungGen: 259136K(259584K)->64K(259072K) Eden: 259072K(259072K)->0K(248832K) From: 64K(512K)->64K(10240K)
[662.030s][info][gc,heap        ] GC(1636) ParOldGen: 406772K(407040K)->406788K(407040K)
[662.030s][info][gc,metaspace   ] GC(1636) Metaspace: 35529K(36288K)->35529K(36288K) NonClass: 26319K(26880K)->26319K(26880K) Class: 9209K(9408K)->9209K(9408K)
[662.030s][info][gc             ] GC(1636) Pause Young (Allocation Failure) 650M->397M(650M) 1.801ms
[662.030s][info][gc,cpu         ] GC(1636) User=0.00s Sys=0.00s Real=0.00s
[662.392s][info][gc,start       ] GC(1637) Pause Young (Allocation Failure)
[662.395s][info][gc,heap        ] GC(1637) PSYoungGen: 248896K(259072K)->32K(239616K) Eden: 248832K(248832K)->0K(239104K) From: 64K(10240K)->32K(512K)
[662.395s][info][gc,heap        ] GC(1637) ParOldGen: 406788K(407040K)->406796K(407040K)
[662.395s][info][gc,metaspace   ] GC(1637) Metaspace: 35529K(36288K)->35529K(36288K) NonClass: 26319K(26880K)->26319K(26880K) Class: 9209K(9408K)->9209K(9408K)
[662.395s][info][gc             ] GC(1637) Pause Young (Allocation Failure) 640M->397M(631M) 2.899ms
[662.395s][info][gc,cpu         ] GC(1637) User=0.00s Sys=0.00s Real=0.01s
[662.468s][info][gc,start       ] GC(1638) Pause Young (Allocation Failure)
[662.470s][info][gc,heap        ] GC(1638) PSYoungGen: 239136K(239616K)->32K(280064K) Eden: 239104K(239104K)->0K(271360K) From: 32K(512K)->32K(8704K)
[662.470s][info][gc,heap        ] GC(1638) ParOldGen: 406796K(407040K)->406804K(407040K)
[662.470s][info][gc,metaspace   ] GC(1638) Metaspace: 35529K(36288K)->35529K(36288K) NonClass: 26319K(26880K)->26319K(26880K) Class: 9209K(9408K)->9209K(9408K)
[662.470s][info][gc             ] GC(1638) Pause Young (Allocation Failure) 630M->397M(671M) 2.185ms
[662.470s][info][gc,cpu         ] GC(1638) User=0.00s Sys=0.00s Real=0.00s
[662.966s][info][gc,start       ] GC(1639) Pause Young (Allocation Failure)
[662.968s][info][gc,heap        ] GC(1639) PSYoungGen: 271392K(280064K)->64K(261120K) Eden: 271360K(271360K)->0K(260608K) From: 32K(8704K)->64K(512K)
[662.968s][info][gc,heap        ] GC(1639) ParOldGen: 406804K(407040K)->406812K(407040K)
[662.968s][info][gc,metaspace   ] GC(1639) Metaspace: 35529K(36288K)->35529K(36288K) NonClass: 26319K(26880K)->26319K(26880K) Class: 9209K(9408K)->9209K(9408K)
[662.968s][info][gc             ] GC(1639) Pause Young (Allocation Failure) 662M->397M(652M) 2.460ms
[662.968s][info][gc,cpu         ] GC(1639) User=0.01s Sys=0.00s Real=0.00s
[663.254s][info][gc,start       ] GC(1640) Pause Young (Allocation Failure)
[663.256s][info][gc,heap        ] GC(1640) PSYoungGen: 260672K(261120K)->32K(258048K) Eden: 260608K(260608K)->0K(250368K) From: 64K(512K)->32K(7680K)
[663.256s][info][gc,heap        ] GC(1640) ParOldGen: 406812K(407040K)->406820K(407040K)
[663.256s][info][gc,metaspace   ] GC(1640) Metaspace: 35529K(36288K)->35529K(36288K) NonClass: 26319K(26880K)->26319K(26880K) Class: 9209K(9408K)->9209K(9408K)
[663.256s][info][gc             ] GC(1640) Pause Young (Allocation Failure) 651M->397M(649M) 2.133ms
[663.256s][info][gc,cpu         ] GC(1640) User=0.00s Sys=0.00s Real=0.00s
[663.625s][info][gc,start       ] GC(1641) Pause Young (Allocation Failure)
[663.674s][info][gc,heap        ] GC(1641) PSYoungGen: 250400K(258048K)->7168K(280576K) Eden: 250368K(250368K)->0K(273408K) From: 32K(7680K)->7168K(7168K)
[663.674s][info][gc,heap        ] GC(1641) ParOldGen: 406820K(407040K)->415932K(416256K)
[663.674s][info][gc,metaspace   ] GC(1641) Metaspace: 35529K(36288K)->35529K(36288K) NonClass: 26319K(26880K)->26319K(26880K) Class: 9209K(9408K)->9209K(9408K)
[663.674s][info][gc             ] GC(1641) Pause Young (Allocation Failure) 641M->413M(680M) 48.676ms
[663.674s][info][gc,cpu         ] GC(1641) User=0.05s Sys=0.01s Real=0.05s
[664.010s][info][gc,start       ] GC(1642) Pause Young (Allocation Failure)
[664.070s][info][gc,heap        ] GC(1642) PSYoungGen: 280576K(280576K)->12288K(285696K) Eden: 273408K(273408K)->0K(273408K) From: 7168K(7168K)->12288K(12288K)
[664.070s][info][gc,heap        ] GC(1642) ParOldGen: 415932K(416256K)->434916K(435200K)
[664.070s][info][gc,metaspace   ] GC(1642) Metaspace: 35529K(36288K)->35529K(36288K) NonClass: 26319K(26880K)->26319K(26880K) Class: 9209K(9408K)->9209K(9408K)
[664.070s][info][gc             ] GC(1642) Pause Young (Allocation Failure) 680M->436M(704M) 59.903ms
[664.070s][info][gc,cpu         ] GC(1642) User=0.10s Sys=0.01s Real=0.06s
[664.272s][info][gc,start       ] GC(1643) Pause Young (Allocation Failure)
[664.308s][info][gc,heap        ] GC(1643) PSYoungGen: 285696K(285696K)->15360K(307712K) Eden: 273408K(273408K)->0K(285696K) From: 12288K(12288K)->15360K(22016K)
[664.308s][info][gc,heap        ] GC(1643) ParOldGen: 434916K(435200K)->435428K(435712K)
[664.308s][info][gc,metaspace   ] GC(1643) Metaspace: 35529K(36288K)->35529K(36288K) NonClass: 26319K(26880K)->26319K(26880K) Class: 9209K(9408K)->9209K(9408K)
[664.308s][info][gc             ] GC(1643) Pause Young (Allocation Failure) 703M->440M(726M) 35.886ms
[664.308s][info][gc,cpu         ] GC(1643) User=0.06s Sys=0.01s Real=0.04s
[664.638s][info][gc,start       ] GC(1644) Pause Young (Allocation Failure)
[664.640s][info][gc,heap        ] GC(1644) PSYoungGen: 301056K(307712K)->64K(309760K) Eden: 285696K(285696K)->0K(285696K) From: 15360K(22016K)->64K(24064K)
[664.640s][info][gc,heap        ] GC(1644) ParOldGen: 435428K(435712K)->435436K(435712K)
[664.640s][info][gc,metaspace   ] GC(1644) Metaspace: 35529K(36288K)->35529K(36288K) NonClass: 26319K(26880K)->26319K(26880K) Class: 9209K(9408K)->9209K(9408K)
[664.640s][info][gc             ] GC(1644) Pause Young (Allocation Failure) 719M->425M(728M) 1.432ms
[664.640s][info][gc,cpu         ] GC(1644) User=0.00s Sys=0.00s Real=0.00s
[665.231s][info][gc,start       ] GC(1645) Pause Young (Allocation Failure)
[665.232s][info][gc,heap        ] GC(1645) PSYoungGen: 285760K(309760K)->64K(307200K) Eden: 285696K(285696K)->0K(286208K) From: 64K(24064K)->64K(20992K)
[665.232s][info][gc,heap        ] GC(1645) ParOldGen: 435436K(435712K)->435444K(435712K)
[665.232s][info][gc,metaspace   ] GC(1645) Metaspace: 35544K(36288K)->35544K(36288K) NonClass: 26334K(26880K)->26334K(26880K) Class: 9209K(9408K)->9209K(9408K)
[665.233s][info][gc             ] GC(1645) Pause Young (Allocation Failure) 704M->425M(725M) 1.532ms
[665.233s][info][gc,cpu         ] GC(1645) User=0.00s Sys=0.01s Real=0.00s
[665.674s][info][gc,start       ] GC(1646) Pause Young (Allocation Failure)
[665.676s][info][gc,heap        ] GC(1646) PSYoungGen: 286272K(307200K)->64K(308736K) Eden: 286208K(286208K)->0K(286208K) From: 64K(20992K)->64K(22528K)
[665.676s][info][gc,heap        ] GC(1646) ParOldGen: 435444K(435712K)->435460K(435712K)
[665.676s][info][gc,metaspace   ] GC(1646) Metaspace: 35544K(36288K)->35544K(36288K) NonClass: 26334K(26880K)->26334K(26880K) Class: 9209K(9408K)->9209K(9408K)
[665.676s][info][gc             ] GC(1646) Pause Young (Allocation Failure) 704M->425M(727M) 1.368ms
[665.676s][info][gc,cpu         ] GC(1646) User=0.01s Sys=0.00s Real=0.00s
[665.913s][info][gc,start       ] GC(1647) Pause Young (Allocation Failure)
[665.914s][info][gc,heap        ] GC(1647) PSYoungGen: 286272K(308736K)->64K(309760K) Eden: 286208K(286208K)->0K(289792K) From: 64K(22528K)->64K(19968K)
[665.914s][info][gc,heap        ] GC(1647) ParOldGen: 435460K(435712K)->435476K(435712K)
[665.914s][info][gc,metaspace   ] GC(1647) Metaspace: 35544K(36288K)->35544K(36288K) NonClass: 26334K(26880K)->26334K(26880K) Class: 9209K(9408K)->9209K(9408K)
[665.914s][info][gc             ] GC(1647) Pause Young (Allocation Failure) 704M->425M(728M) 1.400ms
[665.914s][info][gc,cpu         ] GC(1647) User=0.00s Sys=0.00s Real=0.01s
[666.151s][info][gc,start       ] GC(1648) Pause Young (Allocation Failure)
[666.152s][info][gc,heap        ] GC(1648) PSYoungGen: 289856K(309760K)->64K(310784K) Eden: 289792K(289792K)->0K(289792K) From: 64K(19968K)->64K(20992K)
[666.152s][info][gc,heap        ] GC(1648) ParOldGen: 435476K(435712K)->435476K(435712K)
[666.152s][info][gc,metaspace   ] GC(1648) Metaspace: 35544K(36288K)->35544K(36288K) NonClass: 26334K(26880K)->26334K(26880K) Class: 9209K(9408K)->9209K(9408K)
[666.152s][info][gc             ] GC(1648) Pause Young (Allocation Failure) 708M->425M(729M) 1.284ms
[666.152s][info][gc,cpu         ] GC(1648) User=0.00s Sys=0.00s Real=0.00s
[666.453s][info][gc,start       ] GC(1649) Pause Young (Allocation Failure)
[666.455s][info][gc,heap        ] GC(1649) PSYoungGen: 289856K(310784K)->64K(310784K) Eden: 289792K(289792K)->0K(292864K) From: 64K(20992K)->64K(17920K)
[666.455s][info][gc,heap        ] GC(1649) ParOldGen: 435476K(435712K)->435476K(435712K)
[666.455s][info][gc,metaspace   ] GC(1649) Metaspace: 35544K(36288K)->35544K(36288K) NonClass: 26334K(26880K)->26334K(26880K) Class: 9209K(9408K)->9209K(9408K)
[666.455s][info][gc             ] GC(1649) Pause Young (Allocation Failure) 708M->425M(729M) 1.343ms
[666.455s][info][gc,cpu         ] GC(1649) User=0.00s Sys=0.00s Real=0.00s
[666.504s][info][gc,start       ] GC(1650) Pause Young (Allocation Failure)
[666.505s][info][gc,heap        ] GC(1650) PSYoungGen: 292928K(310784K)->64K(311808K) Eden: 292864K(292864K)->0K(292864K) From: 64K(17920K)->64K(18944K)
[666.505s][info][gc,heap        ] GC(1650) ParOldGen: 435476K(435712K)->435492K(435712K)
[666.505s][info][gc,metaspace   ] GC(1650) Metaspace: 35544K(36288K)->35544K(36288K) NonClass: 26334K(26880K)->26334K(26880K) Class: 9209K(9408K)->9209K(9408K)
[666.505s][info][gc             ] GC(1650) Pause Young (Allocation Failure) 711M->425M(730M) 1.250ms
[666.505s][info][gc,cpu         ] GC(1650) User=0.00s Sys=0.00s Real=0.00s
[666.587s][info][gc,start       ] GC(1651) Pause Young (Allocation Failure)
[666.589s][info][gc,heap        ] GC(1651) PSYoungGen: 292928K(311808K)->64K(312832K) Eden: 292864K(292864K)->0K(296960K) From: 64K(18944K)->64K(15872K)
[666.589s][info][gc,heap        ] GC(1651) ParOldGen: 435492K(435712K)->435492K(435712K)
[666.589s][info][gc,metaspace   ] GC(1651) Metaspace: 35544K(36288K)->35544K(36288K) NonClass: 26334K(26880K)->26334K(26880K) Class: 9209K(9408K)->9209K(9408K)
[666.589s][info][gc             ] GC(1651) Pause Young (Allocation Failure) 711M->425M(731M) 1.269ms
[666.589s][info][gc,cpu         ] GC(1651) User=0.00s Sys=0.00s Real=0.00s
[666.904s][info][gc,start       ] GC(1652) Pause Young (Allocation Failure)
[666.906s][info][gc,heap        ] GC(1652) PSYoungGen: 297024K(312832K)->64K(313856K) Eden: 296960K(296960K)->0K(296960K) From: 64K(15872K)->64K(16896K)
[666.906s][info][gc,heap        ] GC(1652) ParOldGen: 435492K(435712K)->435508K(435712K)
[666.906s][info][gc,metaspace   ] GC(1652) Metaspace: 35544K(36288K)->35544K(36288K) NonClass: 26334K(26880K)->26334K(26880K) Class: 9209K(9408K)->9209K(9408K)
[666.906s][info][gc             ] GC(1652) Pause Young (Allocation Failure) 715M->425M(732M) 1.398ms
[666.906s][info][gc,cpu         ] GC(1652) User=0.00s Sys=0.00s Real=0.00s
[667.122s][info][gc,start       ] GC(1653) Pause Young (Allocation Failure)
[667.124s][info][gc,heap        ] GC(1653) PSYoungGen: 297024K(313856K)->64K(314880K) Eden: 296960K(296960K)->0K(301056K) From: 64K(16896K)->64K(13824K)
[667.124s][info][gc,heap        ] GC(1653) ParOldGen: 435508K(435712K)->435508K(435712K)
[667.124s][info][gc,metaspace   ] GC(1653) Metaspace: 35544K(36288K)->35544K(36288K) NonClass: 26334K(26880K)->26334K(26880K) Class: 9209K(9408K)->9209K(9408K)
[667.124s][info][gc             ] GC(1653) Pause Young (Allocation Failure) 715M->425M(733M) 1.342ms
[667.124s][info][gc,cpu         ] GC(1653) User=0.00s Sys=0.00s Real=0.01s
[667.209s][info][gc,start       ] GC(1654) Pause Young (Allocation Failure)
[667.210s][info][gc,heap        ] GC(1654) PSYoungGen: 301120K(314880K)->64K(315904K) Eden: 301056K(301056K)->0K(301056K) From: 64K(13824K)->64K(14848K)
[667.210s][info][gc,heap        ] GC(1654) ParOldGen: 435508K(435712K)->435524K(435712K)
[667.210s][info][gc,metaspace   ] GC(1654) Metaspace: 35544K(36288K)->35544K(36288K) NonClass: 26334K(26880K)->26334K(26880K) Class: 9209K(9408K)->9209K(9408K)
[667.210s][info][gc             ] GC(1654) Pause Young (Allocation Failure) 719M->425M(734M) 1.360ms
[667.210s][info][gc,cpu         ] GC(1654) User=0.00s Sys=0.00s Real=0.00s
[667.372s][info][gc,start       ] GC(1655) Pause Young (Allocation Failure)
[667.373s][info][gc,heap        ] GC(1655) PSYoungGen: 301120K(315904K)->64K(316416K) Eden: 301056K(301056K)->0K(304640K) From: 64K(14848K)->64K(11776K)
[667.373s][info][gc,heap        ] GC(1655) ParOldGen: 435524K(435712K)->435524K(435712K)
[667.373s][info][gc,metaspace   ] GC(1655) Metaspace: 35544K(36288K)->35544K(36288K) NonClass: 26334K(26880K)->26334K(26880K) Class: 9209K(9408K)->9209K(9408K)
[667.373s][info][gc             ] GC(1655) Pause Young (Allocation Failure) 719M->425M(734M) 1.321ms
[667.373s][info][gc,cpu         ] GC(1655) User=0.00s Sys=0.00s Real=0.00s
[668.306s][info][gc,start       ] GC(1656) Pause Young (Allocation Failure)
[668.308s][info][gc,heap        ] GC(1656) PSYoungGen: 304704K(316416K)->83K(292864K) Eden: 304640K(304640K)->0K(292352K) From: 64K(11776K)->83K(512K)
[668.308s][info][gc,heap        ] GC(1656) ParOldGen: 435524K(435712K)->435532K(435712K)
[668.308s][info][gc,metaspace   ] GC(1656) Metaspace: 35544K(36288K)->35544K(36288K) NonClass: 26334K(26880K)->26334K(26880K) Class: 9209K(9408K)->9209K(9408K)
[668.308s][info][gc             ] GC(1656) Pause Young (Allocation Failure) 722M->425M(711M) 1.875ms
[668.308s][info][gc,cpu         ] GC(1656) User=0.00s Sys=0.00s Real=0.00s
[669.127s][info][gc,start       ] GC(1657) Pause Young (Allocation Failure)
[669.129s][info][gc,heap        ] GC(1657) PSYoungGen: 292435K(292864K)->64K(281088K) Eden: 292352K(292352K)->0K(280576K) From: 83K(512K)->64K(512K)
[669.129s][info][gc,heap        ] GC(1657) ParOldGen: 435532K(435712K)->435540K(435712K)
[669.129s][info][gc,metaspace   ] GC(1657) Metaspace: 35544K(36288K)->35544K(36288K) NonClass: 26334K(26880K)->26334K(26880K) Class: 9209K(9408K)->9209K(9408K)
[669.129s][info][gc             ] GC(1657) Pause Young (Allocation Failure) 710M->425M(700M) 2.089ms
[669.129s][info][gc,cpu         ] GC(1657) User=0.01s Sys=0.00s Real=0.00s
[669.422s][info][gc,start       ] GC(1658) Pause Young (Allocation Failure)
[669.423s][info][gc,heap        ] GC(1658) PSYoungGen: 280640K(281088K)->64K(281088K) Eden: 280576K(280576K)->0K(269312K) From: 64K(512K)->64K(11776K)
[669.423s][info][gc,heap        ] GC(1658) ParOldGen: 435540K(435712K)->435548K(435712K)
[669.423s][info][gc,metaspace   ] GC(1658) Metaspace: 35544K(36288K)->35544K(36288K) NonClass: 26334K(26880K)->26334K(26880K) Class: 9209K(9408K)->9209K(9408K)
[669.423s][info][gc             ] GC(1658) Pause Young (Allocation Failure) 699M->425M(700M) 1.672ms
[669.423s][info][gc,cpu         ] GC(1658) User=0.00s Sys=0.00s Real=0.01s
[669.878s][info][gc,start       ] GC(1659) Pause Young (Allocation Failure)
[669.880s][info][gc,heap        ] GC(1659) PSYoungGen: 269376K(281088K)->64K(259584K) Eden: 269312K(269312K)->0K(259072K) From: 64K(11776K)->64K(512K)
[669.880s][info][gc,heap        ] GC(1659) ParOldGen: 435548K(435712K)->435556K(435712K)
[669.880s][info][gc,metaspace   ] GC(1659) Metaspace: 35544K(36288K)->35544K(36288K) NonClass: 26334K(26880K)->26334K(26880K) Class: 9209K(9408K)->9209K(9408K)
[669.880s][info][gc             ] GC(1659) Pause Young (Allocation Failure) 688M->425M(679M) 2.532ms
[669.880s][info][gc,cpu         ] GC(1659) User=0.01s Sys=0.00s Real=0.00s
[670.834s][info][gc,start       ] GC(1660) Pause Young (Allocation Failure)
[670.837s][info][gc,heap        ] GC(1660) PSYoungGen: 259136K(259584K)->64K(259072K) Eden: 259072K(259072K)->0K(248832K) From: 64K(512K)->64K(10240K)
[670.837s][info][gc,heap        ] GC(1660) ParOldGen: 435556K(435712K)->435564K(435712K)
[670.837s][info][gc,metaspace   ] GC(1660) Metaspace: 35544K(36288K)->35544K(36288K) NonClass: 26334K(26880K)->26334K(26880K) Class: 9209K(9408K)->9209K(9408K)
[670.837s][info][gc             ] GC(1660) Pause Young (Allocation Failure) 678M->425M(678M) 2.879ms
[670.837s][info][gc,cpu         ] GC(1660) User=0.00s Sys=0.01s Real=0.00s
[671.209s][info][gc,start       ] GC(1661) Pause Young (Allocation Failure)
[671.212s][info][gc,heap        ] GC(1661) PSYoungGen: 248896K(259072K)->64K(239616K) Eden: 248832K(248832K)->0K(239104K) From: 64K(10240K)->64K(512K)
[671.212s][info][gc,heap        ] GC(1661) ParOldGen: 435564K(435712K)->435580K(435712K)
[671.212s][info][gc,metaspace   ] GC(1661) Metaspace: 35544K(36288K)->35544K(36288K) NonClass: 26334K(26880K)->26334K(26880K) Class: 9209K(9408K)->9209K(9408K)
[671.213s][info][gc             ] GC(1661) Pause Young (Allocation Failure) 668M->425M(659M) 3.376ms
[671.213s][info][gc,cpu         ] GC(1661) User=0.00s Sys=0.00s Real=0.00s
[671.271s][info][gc,start       ] GC(1662) Pause Young (Allocation Failure)
[671.274s][info][gc,heap        ] GC(1662) PSYoungGen: 239168K(239616K)->32K(280064K) Eden: 239104K(239104K)->0K(271360K) From: 64K(512K)->32K(8704K)
[671.274s][info][gc,heap        ] GC(1662) ParOldGen: 435580K(435712K)->435596K(435712K)
[671.274s][info][gc,metaspace   ] GC(1662) Metaspace: 35544K(36288K)->35544K(36288K) NonClass: 26334K(26880K)->26334K(26880K) Class: 9209K(9408K)->9209K(9408K)
[671.274s][info][gc             ] GC(1662) Pause Young (Allocation Failure) 658M->425M(699M) 2.277ms
[671.274s][info][gc,cpu         ] GC(1662) User=0.00s Sys=0.00s Real=0.01s
[671.798s][info][gc,start       ] GC(1663) Pause Young (Allocation Failure)
[671.800s][info][gc,heap        ] GC(1663) PSYoungGen: 271392K(280064K)->64K(293376K) Eden: 271360K(271360K)->0K(285184K) From: 32K(8704K)->64K(8192K)
[671.800s][info][gc,heap        ] GC(1663) ParOldGen: 435596K(435712K)->435596K(435712K)
[671.800s][info][gc,metaspace   ] GC(1663) Metaspace: 35544K(36288K)->35544K(36288K) NonClass: 26334K(26880K)->26334K(26880K) Class: 9209K(9408K)->9209K(9408K)
[671.800s][info][gc             ] GC(1663) Pause Young (Allocation Failure) 690M->425M(712M) 2.462ms
[671.800s][info][gc,cpu         ] GC(1663) User=0.00s Sys=0.00s Real=0.00s
[672.116s][info][gc,start       ] GC(1664) Pause Young (Allocation Failure)
[672.119s][info][gc,heap        ] GC(1664) PSYoungGen: 285248K(293376K)->64K(292864K) Eden: 285184K(285184K)->0K(285184K) From: 64K(8192K)->64K(7680K)
[672.119s][info][gc,heap        ] GC(1664) ParOldGen: 435596K(435712K)->435612K(435712K)
[672.119s][info][gc,metaspace   ] GC(1664) Metaspace: 35544K(36288K)->35544K(36288K) NonClass: 26334K(26880K)->26334K(26880K) Class: 9209K(9408K)->9209K(9408K)
[672.119s][info][gc             ] GC(1664) Pause Young (Allocation Failure) 703M->425M(711M) 2.428ms
[672.119s][info][gc,cpu         ] GC(1664) User=0.00s Sys=0.00s Real=0.00s
[672.520s][info][gc,start       ] GC(1665) Pause Young (Allocation Failure)
[672.572s][info][gc,heap        ] GC(1665) PSYoungGen: 285248K(292864K)->7168K(310272K) Eden: 285184K(285184K)->0K(303104K) From: 64K(7680K)->7168K(7168K)
[672.572s][info][gc,heap        ] GC(1665) ParOldGen: 435612K(435712K)->452868K(453120K)
[672.572s][info][gc,metaspace   ] GC(1665) Metaspace: 35544K(36288K)->35544K(36288K) NonClass: 26334K(26880K)->26334K(26880K) Class: 9209K(9408K)->9209K(9408K)
[672.572s][info][gc             ] GC(1665) Pause Young (Allocation Failure) 703M->449M(745M) 52.221ms
[672.572s][info][gc,cpu         ] GC(1665) User=0.08s Sys=0.02s Real=0.05s
[672.960s][info][gc,start       ] GC(1666) Pause Young (Allocation Failure)
[673.036s][info][gc,heap        ] GC(1666) PSYoungGen: 310272K(310272K)->15360K(318464K) Eden: 303104K(303104K)->0K(303104K) From: 7168K(7168K)->15360K(15360K)
[673.036s][info][gc,heap        ] GC(1666) ParOldGen: 452868K(453120K)->472364K(472576K)
[673.036s][info][gc,metaspace   ] GC(1666) Metaspace: 35544K(36288K)->35544K(36288K) NonClass: 26334K(26880K)->26334K(26880K) Class: 9209K(9408K)->9209K(9408K)
[673.036s][info][gc             ] GC(1666) Pause Young (Allocation Failure) 745M->476M(772M) 76.607ms
[673.036s][info][gc,cpu         ] GC(1666) User=0.13s Sys=0.02s Real=0.08s
[673.162s][info][gc,start       ] GC(1667) Pause Young (Allocation Failure)
[673.177s][info][gc,heap        ] GC(1667) PSYoungGen: 318464K(318464K)->3872K(300032K) Eden: 303104K(303104K)->0K(284672K) From: 15360K(15360K)->3872K(15360K)
[673.177s][info][gc,heap        ] GC(1667) ParOldGen: 472364K(472576K)->472892K(473088K)
[673.177s][info][gc,metaspace   ] GC(1667) Metaspace: 35544K(36288K)->35544K(36288K) NonClass: 26334K(26880K)->26334K(26880K) Class: 9209K(9408K)->9209K(9408K)
[673.177s][info][gc             ] GC(1667) Pause Young (Allocation Failure) 772M->465M(755M) 14.422ms
[673.177s][info][gc,cpu         ] GC(1667) User=0.02s Sys=0.00s Real=0.02s
[673.766s][info][gc,start       ] GC(1668) Pause Young (Allocation Failure)
[673.768s][info][gc,heap        ] GC(1668) PSYoungGen: 288544K(300032K)->64K(309248K) Eden: 284672K(284672K)->0K(284672K) From: 3872K(15360K)->64K(24576K)
[673.768s][info][gc,heap        ] GC(1668) ParOldGen: 472892K(473088K)->472900K(473088K)
[673.768s][info][gc,metaspace   ] GC(1668) Metaspace: 35544K(36288K)->35544K(36288K) NonClass: 26334K(26880K)->26334K(26880K) Class: 9209K(9408K)->9209K(9408K)
[673.768s][info][gc             ] GC(1668) Pause Young (Allocation Failure) 743M->461M(764M) 1.470ms
[673.768s][info][gc,cpu         ] GC(1668) User=0.01s Sys=0.00s Real=0.00s
[674.158s][info][gc,start       ] GC(1669) Pause Young (Allocation Failure)
[674.159s][info][gc,heap        ] GC(1669) PSYoungGen: 284736K(309248K)->64K(306176K) Eden: 284672K(284672K)->0K(285696K) From: 64K(24576K)->64K(20480K)
[674.159s][info][gc,heap        ] GC(1669) ParOldGen: 472900K(473088K)->472908K(473088K)
[674.159s][info][gc,metaspace   ] GC(1669) Metaspace: 35544K(36288K)->35544K(36288K) NonClass: 26334K(26880K)->26334K(26880K) Class: 9209K(9408K)->9209K(9408K)
[674.160s][info][gc             ] GC(1669) Pause Young (Allocation Failure) 739M->461M(761M) 1.633ms
[674.160s][info][gc,cpu         ] GC(1669) User=0.01s Sys=0.00s Real=0.00s
[674.597s][info][gc,start       ] GC(1670) Pause Young (Allocation Failure)
[674.599s][info][gc,heap        ] GC(1670) PSYoungGen: 285760K(306176K)->64K(308224K) Eden: 285696K(285696K)->0K(285696K) From: 64K(20480K)->64K(22528K)
[674.599s][info][gc,heap        ] GC(1670) ParOldGen: 472908K(473088K)->472924K(473088K)
[674.599s][info][gc,metaspace   ] GC(1670) Metaspace: 35544K(36288K)->35544K(36288K) NonClass: 26334K(26880K)->26334K(26880K) Class: 9209K(9408K)->9209K(9408K)
[674.599s][info][gc             ] GC(1670) Pause Young (Allocation Failure) 740M->461M(763M) 1.553ms
[674.599s][info][gc,cpu         ] GC(1670) User=0.00s Sys=0.00s Real=0.00s
[674.834s][info][gc,start       ] GC(1671) Pause Young (Allocation Failure)
[674.835s][info][gc,heap        ] GC(1671) PSYoungGen: 285760K(308224K)->32K(309248K) Eden: 285696K(285696K)->0K(289792K) From: 64K(22528K)->32K(19456K)
[674.835s][info][gc,heap        ] GC(1671) ParOldGen: 472924K(473088K)->472940K(473088K)
[674.835s][info][gc,metaspace   ] GC(1671) Metaspace: 35544K(36288K)->35544K(36288K) NonClass: 26334K(26880K)->26334K(26880K) Class: 9209K(9408K)->9209K(9408K)
[674.835s][info][gc             ] GC(1671) Pause Young (Allocation Failure) 740M->461M(764M) 1.424ms
[674.835s][info][gc,cpu         ] GC(1671) User=0.00s Sys=0.00s Real=0.00s
[675.189s][info][gc,start       ] GC(1672) Pause Young (Allocation Failure)
[675.190s][info][gc,heap        ] GC(1672) PSYoungGen: 289824K(309248K)->64K(310784K) Eden: 289792K(289792K)->0K(289792K) From: 32K(19456K)->64K(20992K)
[675.190s][info][gc,heap        ] GC(1672) ParOldGen: 472940K(473088K)->472940K(473088K)
[675.190s][info][gc,metaspace   ] GC(1672) Metaspace: 35544K(36288K)->35544K(36288K) NonClass: 26334K(26880K)->26334K(26880K) Class: 9209K(9408K)->9209K(9408K)
[675.190s][info][gc             ] GC(1672) Pause Young (Allocation Failure) 744M->461M(765M) 1.414ms
[675.190s][info][gc,cpu         ] GC(1672) User=0.00s Sys=0.01s Real=0.00s
[675.292s][info][gc,start       ] GC(1673) Pause Young (Allocation Failure)
[675.294s][info][gc,heap        ] GC(1673) PSYoungGen: 289856K(310784K)->64K(310272K) Eden: 289792K(289792K)->0K(292864K) From: 64K(20992K)->64K(17408K)
[675.294s][info][gc,heap        ] GC(1673) ParOldGen: 472940K(473088K)->472948K(473088K)
[675.294s][info][gc,metaspace   ] GC(1673) Metaspace: 35544K(36288K)->35544K(36288K) NonClass: 26334K(26880K)->26334K(26880K) Class: 9209K(9408K)->9209K(9408K)
[675.294s][info][gc             ] GC(1673) Pause Young (Allocation Failure) 744M->461M(765M) 1.332ms
[675.294s][info][gc,cpu         ] GC(1673) User=0.00s Sys=0.00s Real=0.01s
[675.343s][info][gc,start       ] GC(1674) Pause Young (Allocation Failure)
[675.344s][info][gc,heap        ] GC(1674) PSYoungGen: 292928K(310272K)->64K(311808K) Eden: 292864K(292864K)->0K(292864K) From: 64K(17408K)->64K(18944K)
[675.344s][info][gc,heap        ] GC(1674) ParOldGen: 472948K(473088K)->472964K(473088K)
[675.344s][info][gc,metaspace   ] GC(1674) Metaspace: 35544K(36288K)->35544K(36288K) NonClass: 26334K(26880K)->26334K(26880K) Class: 9209K(9408K)->9209K(9408K)
[675.344s][info][gc             ] GC(1674) Pause Young (Allocation Failure) 747M->461M(766M) 1.339ms
[675.344s][info][gc,cpu         ] GC(1674) User=0.00s Sys=0.00s Real=0.01s
[675.537s][info][gc,start       ] GC(1675) Pause Young (Allocation Failure)
[675.538s][info][gc,heap        ] GC(1675) PSYoungGen: 292928K(311808K)->64K(312320K) Eden: 292864K(292864K)->0K(296960K) From: 64K(18944K)->64K(15360K)
[675.538s][info][gc,heap        ] GC(1675) ParOldGen: 472964K(473088K)->472964K(473088K)
[675.538s][info][gc,metaspace   ] GC(1675) Metaspace: 35544K(36288K)->35544K(36288K) NonClass: 26334K(26880K)->26334K(26880K) Class: 9209K(9408K)->9209K(9408K)
[675.538s][info][gc             ] GC(1675) Pause Young (Allocation Failure) 747M->461M(767M) 1.292ms
[675.538s][info][gc,cpu         ] GC(1675) User=0.00s Sys=0.00s Real=0.00s
[675.827s][info][gc,start       ] GC(1676) Pause Young (Allocation Failure)
[675.828s][info][gc,heap        ] GC(1676) PSYoungGen: 297024K(312320K)->64K(313856K) Eden: 296960K(296960K)->0K(296960K) From: 64K(15360K)->64K(16896K)
[675.828s][info][gc,heap        ] GC(1676) ParOldGen: 472964K(473088K)->472972K(473088K)
[675.828s][info][gc,metaspace   ] GC(1676) Metaspace: 35544K(36288K)->35544K(36288K) NonClass: 26334K(26880K)->26334K(26880K) Class: 9209K(9408K)->9209K(9408K)
[675.828s][info][gc             ] GC(1676) Pause Young (Allocation Failure) 751M->461M(768M) 1.281ms
[675.828s][info][gc,cpu         ] GC(1676) User=0.00s Sys=0.00s Real=0.00s
[675.968s][info][gc,start       ] GC(1677) Pause Young (Allocation Failure)
[675.969s][info][gc,heap        ] GC(1677) PSYoungGen: 297024K(313856K)->64K(314368K) Eden: 296960K(296960K)->0K(301056K) From: 64K(16896K)->64K(13312K)
[675.969s][info][gc,heap        ] GC(1677) ParOldGen: 472972K(473088K)->472980K(473088K)
[675.969s][info][gc,metaspace   ] GC(1677) Metaspace: 35545K(36288K)->35545K(36288K) NonClass: 26335K(26880K)->26335K(26880K) Class: 9209K(9408K)->9209K(9408K)
[675.969s][info][gc             ] GC(1677) Pause Young (Allocation Failure) 751M->461M(769M) 1.352ms
[675.969s][info][gc,cpu         ] GC(1677) User=0.00s Sys=0.00s Real=0.00s
[676.069s][info][gc,start       ] GC(1678) Pause Young (Allocation Failure)
[676.071s][info][gc,heap        ] GC(1678) PSYoungGen: 301120K(314368K)->64K(315904K) Eden: 301056K(301056K)->0K(301056K) From: 64K(13312K)->64K(14848K)
[676.071s][info][gc,heap        ] GC(1678) ParOldGen: 472980K(473088K)->472988K(473088K)
[676.071s][info][gc,metaspace   ] GC(1678) Metaspace: 35545K(36288K)->35545K(36288K) NonClass: 26335K(26880K)->26335K(26880K) Class: 9209K(9408K)->9209K(9408K)
[676.071s][info][gc             ] GC(1678) Pause Young (Allocation Failure) 755M->461M(770M) 1.327ms
[676.071s][info][gc,cpu         ] GC(1678) User=0.00s Sys=0.00s Real=0.00s
[676.278s][info][gc,start       ] GC(1679) Pause Young (Allocation Failure)
[676.279s][info][gc,heap        ] GC(1679) PSYoungGen: 301120K(315904K)->64K(317440K) Eden: 301056K(301056K)->0K(305152K) From: 64K(14848K)->64K(12288K)
[676.279s][info][gc,heap        ] GC(1679) ParOldGen: 472988K(473088K)->472996K(473088K)
[676.279s][info][gc,metaspace   ] GC(1679) Metaspace: 35545K(36288K)->35545K(36288K) NonClass: 26335K(26880K)->26335K(26880K) Class: 9209K(9408K)->9209K(9408K)
[676.279s][info][gc             ] GC(1679) Pause Young (Allocation Failure) 755M->461M(772M) 1.315ms
[676.279s][info][gc,cpu         ] GC(1679) User=0.00s Sys=0.00s Real=0.00s
[677.130s][info][gc,start       ] GC(1680) Pause Young (Allocation Failure)
[677.132s][info][gc,heap        ] GC(1680) PSYoungGen: 305216K(317440K)->64K(293376K) Eden: 305152K(305152K)->0K(292864K) From: 64K(12288K)->64K(512K)
[677.132s][info][gc,heap        ] GC(1680) ParOldGen: 472996K(473088K)->473004K(473088K)
[677.132s][info][gc,metaspace   ] GC(1680) Metaspace: 35545K(36288K)->35545K(36288K) NonClass: 26335K(26880K)->26335K(26880K) Class: 9209K(9408K)->9209K(9408K)
[677.132s][info][gc             ] GC(1680) Pause Young (Allocation Failure) 759M->461M(748M) 1.973ms
[677.132s][info][gc,cpu         ] GC(1680) User=0.00s Sys=0.00s Real=0.00s
[678.014s][info][gc,start       ] GC(1681) Pause Young (Allocation Failure)
[678.016s][info][gc,heap        ] GC(1681) PSYoungGen: 292928K(293376K)->64K(281600K) Eden: 292864K(292864K)->0K(281088K) From: 64K(512K)->64K(512K)
[678.016s][info][gc,heap        ] GC(1681) ParOldGen: 473004K(473088K)->473012K(473088K)
[678.016s][info][gc,metaspace   ] GC(1681) Metaspace: 35545K(36288K)->35545K(36288K) NonClass: 26335K(26880K)->26335K(26880K) Class: 9209K(9408K)->9209K(9408K)
[678.016s][info][gc             ] GC(1681) Pause Young (Allocation Failure) 747M->461M(737M) 2.228ms
[678.016s][info][gc,cpu         ] GC(1681) User=0.00s Sys=0.00s Real=0.00s
[678.473s][info][gc,start       ] GC(1682) Pause Young (Allocation Failure)
[678.474s][info][gc,heap        ] GC(1682) PSYoungGen: 281152K(281600K)->64K(281600K) Eden: 281088K(281088K)->0K(269824K) From: 64K(512K)->64K(11776K)
[678.474s][info][gc,heap        ] GC(1682) ParOldGen: 473012K(473088K)->473020K(473088K)
[678.474s][info][gc,metaspace   ] GC(1682) Metaspace: 35545K(36288K)->35545K(36288K) NonClass: 26335K(26880K)->26335K(26880K) Class: 9209K(9408K)->9209K(9408K)
[678.474s][info][gc             ] GC(1682) Pause Young (Allocation Failure) 736M->461M(737M) 1.759ms
[678.474s][info][gc,cpu         ] GC(1682) User=0.00s Sys=0.00s Real=0.01s
[679.438s][info][gc,start       ] GC(1683) Pause Young (Allocation Failure)
[679.440s][info][gc,heap        ] GC(1683) PSYoungGen: 269888K(281600K)->64K(259584K) Eden: 269824K(269824K)->0K(259072K) From: 64K(11776K)->64K(512K)
[679.440s][info][gc,heap        ] GC(1683) ParOldGen: 473020K(473088K)->473028K(473088K)
[679.440s][info][gc,metaspace   ] GC(1683) Metaspace: 35545K(36288K)->35545K(36288K) NonClass: 26335K(26880K)->26335K(26880K) Class: 9209K(9408K)->9209K(9408K)
[679.440s][info][gc             ] GC(1683) Pause Young (Allocation Failure) 725M->462M(715M) 2.194ms
[679.440s][info][gc,cpu         ] GC(1683) User=0.00s Sys=0.00s Real=0.00s
[679.834s][info][gc,start       ] GC(1684) Pause Young (Allocation Failure)
[679.836s][info][gc,heap        ] GC(1684) PSYoungGen: 259136K(259584K)->64K(259072K) Eden: 259072K(259072K)->0K(248832K) From: 64K(512K)->64K(10240K)
[679.836s][info][gc,heap        ] GC(1684) ParOldGen: 473028K(473088K)->473036K(473088K)
[679.836s][info][gc,metaspace   ] GC(1684) Metaspace: 35545K(36288K)->35545K(36288K) NonClass: 26335K(26880K)->26335K(26880K) Class: 9209K(9408K)->9209K(9408K)
[679.836s][info][gc             ] GC(1684) Pause Young (Allocation Failure) 715M->462M(715M) 1.523ms
[679.836s][info][gc,cpu         ] GC(1684) User=0.01s Sys=0.00s Real=0.00s
[679.993s][info][gc,start       ] GC(1685) Pause Young (Allocation Failure)
[679.995s][info][gc,heap        ] GC(1685) PSYoungGen: 248896K(259072K)->64K(239616K) Eden: 248832K(248832K)->0K(239104K) From: 64K(10240K)->64K(512K)
[679.995s][info][gc,heap        ] GC(1685) ParOldGen: 473036K(473088K)->473044K(473088K)
[679.995s][info][gc,metaspace   ] GC(1685) Metaspace: 35545K(36288K)->35545K(36288K) NonClass: 26335K(26880K)->26335K(26880K) Class: 9209K(9408K)->9209K(9408K)
[679.995s][info][gc             ] GC(1685) Pause Young (Allocation Failure) 705M->462M(696M) 2.231ms
[679.995s][info][gc,cpu         ] GC(1685) User=0.01s Sys=0.00s Real=0.01s
[680.187s][info][gc,start       ] GC(1686) Pause Young (Allocation Failure)
[680.188s][info][gc,heap        ] GC(1686) PSYoungGen: 239168K(239616K)->64K(238592K) Eden: 239104K(239104K)->0K(229888K) From: 64K(512K)->64K(8704K)
[680.188s][info][gc,heap        ] GC(1686) ParOldGen: 473044K(473088K)->473052K(473088K)
[680.188s][info][gc,metaspace   ] GC(1686) Metaspace: 35545K(36288K)->35545K(36288K) NonClass: 26335K(26880K)->26335K(26880K) Class: 9209K(9408K)->9209K(9408K)
[680.188s][info][gc             ] GC(1686) Pause Young (Allocation Failure) 695M->462M(695M) 1.347ms
[680.188s][info][gc,cpu         ] GC(1686) User=0.00s Sys=0.00s Real=0.00s
[680.665s][info][gc,start       ] GC(1687) Pause Young (Allocation Failure)
[680.667s][info][gc,heap        ] GC(1687) PSYoungGen: 229952K(238592K)->64K(221696K) Eden: 229888K(229888K)->0K(221184K) From: 64K(8704K)->64K(512K)
[680.667s][info][gc,heap        ] GC(1687) ParOldGen: 473052K(473088K)->473060K(473088K)
[680.667s][info][gc,metaspace   ] GC(1687) Metaspace: 35545K(36288K)->35545K(36288K) NonClass: 26335K(26880K)->26335K(26880K) Class: 9209K(9408K)->9209K(9408K)
[680.667s][info][gc             ] GC(1687) Pause Young (Allocation Failure) 686M->462M(678M) 1.897ms
[680.667s][info][gc,cpu         ] GC(1687) User=0.01s Sys=0.00s Real=0.00s
[680.904s][info][gc,start       ] GC(1688) Pause Young (Allocation Failure)
[680.905s][info][gc,heap        ] GC(1688) PSYoungGen: 221248K(221696K)->64K(220672K) Eden: 221184K(221184K)->0K(212992K) From: 64K(512K)->64K(7680K)
[680.905s][info][gc,heap        ] GC(1688) ParOldGen: 473060K(473088K)->473068K(473088K)
[680.905s][info][gc,metaspace   ] GC(1688) Metaspace: 35545K(36288K)->35545K(36288K) NonClass: 26335K(26880K)->26335K(26880K) Class: 9209K(9408K)->9209K(9408K)
[680.905s][info][gc             ] GC(1688) Pause Young (Allocation Failure) 678M->462M(677M) 1.373ms
[680.905s][info][gc,cpu         ] GC(1688) User=0.00s Sys=0.00s Real=0.00s
[681.211s][info][gc,start       ] GC(1689) Pause Young (Allocation Failure)
[681.266s][info][gc,heap        ] GC(1689) PSYoungGen: 213056K(220672K)->7168K(262656K) Eden: 212992K(212992K)->0K(255488K) From: 64K(7680K)->7168K(7168K)
[681.266s][info][gc,heap        ] GC(1689) ParOldGen: 473068K(473088K)->484916K(485376K)
[681.266s][info][gc,metaspace   ] GC(1689) Metaspace: 35545K(36288K)->35545K(36288K) NonClass: 26335K(26880K)->26335K(26880K) Class: 9209K(9408K)->9209K(9408K)
[681.266s][info][gc             ] GC(1689) Pause Young (Allocation Failure) 670M->480M(730M) 55.348ms
[681.266s][info][gc,cpu         ] GC(1689) User=0.05s Sys=0.01s Real=0.06s
[681.584s][info][gc,start       ] GC(1690) Pause Young (Allocation Failure)
[681.641s][info][gc,heap        ] GC(1690) PSYoungGen: 262656K(262656K)->13312K(268800K) Eden: 255488K(255488K)->0K(255488K) From: 7168K(7168K)->13312K(13312K)
[681.641s][info][gc,heap        ] GC(1690) ParOldGen: 484916K(485376K)->500908K(501248K)
[681.641s][info][gc,metaspace   ] GC(1690) Metaspace: 35545K(36288K)->35545K(36288K) NonClass: 26335K(26880K)->26335K(26880K) Class: 9209K(9408K)->9209K(9408K)
[681.641s][info][gc             ] GC(1690) Pause Young (Allocation Failure) 730M->502M(752M) 56.666ms
[681.641s][info][gc,cpu         ] GC(1690) User=0.10s Sys=0.01s Real=0.05s
[681.838s][info][gc,start       ] GC(1691) Pause Young (Allocation Failure)
[681.872s][info][gc,heap        ] GC(1691) PSYoungGen: 268800K(268800K)->14656K(307712K) Eden: 255488K(255488K)->0K(285696K) From: 13312K(13312K)->14656K(22016K)
[681.872s][info][gc,heap        ] GC(1691) ParOldGen: 500908K(501248K)->501340K(501760K)
[681.872s][info][gc,metaspace   ] GC(1691) Metaspace: 35545K(36288K)->35545K(36288K) NonClass: 26335K(26880K)->26335K(26880K) Class: 9209K(9408K)->9209K(9408K)
[681.872s][info][gc             ] GC(1691) Pause Young (Allocation Failure) 751M->503M(790M) 34.194ms
[681.872s][info][gc,cpu         ] GC(1691) User=0.06s Sys=0.00s Real=0.03s
[682.187s][info][gc,start       ] GC(1692) Pause Young (Allocation Failure)
[682.188s][info][gc,heap        ] GC(1692) PSYoungGen: 300352K(307712K)->64K(309760K) Eden: 285696K(285696K)->0K(285696K) From: 14656K(22016K)->64K(24064K)
[682.189s][info][gc,heap        ] GC(1692) ParOldGen: 501340K(501760K)->501348K(501760K)
[682.189s][info][gc,metaspace   ] GC(1692) Metaspace: 35545K(36288K)->35545K(36288K) NonClass: 26335K(26880K)->26335K(26880K) Class: 9209K(9408K)->9209K(9408K)
[682.189s][info][gc             ] GC(1692) Pause Young (Allocation Failure) 782M->489M(792M) 1.702ms
[682.189s][info][gc,cpu         ] GC(1692) User=0.00s Sys=0.00s Real=0.00s
[682.782s][info][gc,start       ] GC(1693) Pause Young (Allocation Failure)
[682.784s][info][gc,heap        ] GC(1693) PSYoungGen: 285760K(309760K)->64K(307712K) Eden: 285696K(285696K)->0K(286720K) From: 64K(24064K)->64K(20992K)
[682.784s][info][gc,heap        ] GC(1693) ParOldGen: 501348K(501760K)->501356K(501760K)
[682.784s][info][gc,metaspace   ] GC(1693) Metaspace: 35545K(36288K)->35545K(36288K) NonClass: 26335K(26880K)->26335K(26880K) Class: 9209K(9408K)->9209K(9408K)
[682.784s][info][gc             ] GC(1693) Pause Young (Allocation Failure) 768M->489M(790M) 1.550ms
[682.784s][info][gc,cpu         ] GC(1693) User=0.01s Sys=0.00s Real=0.01s
[683.232s][info][gc,start       ] GC(1694) Pause Young (Allocation Failure)
[683.234s][info][gc,heap        ] GC(1694) PSYoungGen: 286784K(307712K)->64K(309248K) Eden: 286720K(286720K)->0K(286720K) From: 64K(20992K)->64K(22528K)
[683.234s][info][gc,heap        ] GC(1694) ParOldGen: 501356K(501760K)->501372K(501760K)
[683.234s][info][gc,metaspace   ] GC(1694) Metaspace: 35545K(36288K)->35545K(36288K) NonClass: 26335K(26880K)->26335K(26880K) Class: 9209K(9408K)->9209K(9408K)
[683.234s][info][gc             ] GC(1694) Pause Young (Allocation Failure) 769M->489M(792M) 1.551ms
[683.234s][info][gc,cpu         ] GC(1694) User=0.00s Sys=0.00s Real=0.01s
[683.471s][info][gc,start       ] GC(1695) Pause Young (Allocation Failure)
[683.472s][info][gc,heap        ] GC(1695) PSYoungGen: 286784K(309248K)->64K(308736K) Eden: 286720K(286720K)->0K(289792K) From: 64K(22528K)->64K(18944K)
[683.472s][info][gc,heap        ] GC(1695) ParOldGen: 501372K(501760K)->501388K(501760K)
[683.472s][info][gc,metaspace   ] GC(1695) Metaspace: 35545K(36288K)->35545K(36288K) NonClass: 26335K(26880K)->26335K(26880K) Class: 9209K(9408K)->9209K(9408K)
[683.473s][info][gc             ] GC(1695) Pause Young (Allocation Failure) 769M->489M(791M) 1.572ms
[683.473s][info][gc,cpu         ] GC(1695) User=0.00s Sys=0.00s Real=0.00s
[683.713s][info][gc,start       ] GC(1696) Pause Young (Allocation Failure)
[683.715s][info][gc,heap        ] GC(1696) PSYoungGen: 289856K(308736K)->64K(310272K) Eden: 289792K(289792K)->0K(289792K) From: 64K(18944K)->64K(20480K)
[683.715s][info][gc,heap        ] GC(1696) ParOldGen: 501388K(501760K)->501388K(501760K)
[683.715s][info][gc,metaspace   ] GC(1696) Metaspace: 35545K(36288K)->35545K(36288K) NonClass: 26335K(26880K)->26335K(26880K) Class: 9209K(9408K)->9209K(9408K)
[683.715s][info][gc             ] GC(1696) Pause Young (Allocation Failure) 772M->489M(793M) 1.533ms
[683.715s][info][gc,cpu         ] GC(1696) User=0.00s Sys=0.00s Real=0.00s
[684.026s][info][gc,start       ] GC(1697) Pause Young (Allocation Failure)
[684.027s][info][gc,heap        ] GC(1697) PSYoungGen: 289856K(310272K)->64K(311808K) Eden: 289792K(289792K)->0K(293888K) From: 64K(20480K)->64K(17920K)
[684.027s][info][gc,heap        ] GC(1697) ParOldGen: 501388K(501760K)->501388K(501760K)
[684.027s][info][gc,metaspace   ] GC(1697) Metaspace: 35545K(36288K)->35545K(36288K) NonClass: 26335K(26880K)->26335K(26880K) Class: 9209K(9408K)->9209K(9408K)
[684.027s][info][gc             ] GC(1697) Pause Young (Allocation Failure) 772M->489M(794M) 1.571ms
[684.027s][info][gc,cpu         ] GC(1697) User=0.01s Sys=0.00s Real=0.00s
[684.080s][info][gc,start       ] GC(1698) Pause Young (Allocation Failure)
[684.082s][info][gc,heap        ] GC(1698) PSYoungGen: 293952K(311808K)->64K(312832K) Eden: 293888K(293888K)->0K(293888K) From: 64K(17920K)->64K(18944K)
[684.082s][info][gc,heap        ] GC(1698) ParOldGen: 501388K(501760K)->501404K(501760K)
[684.082s][info][gc,metaspace   ] GC(1698) Metaspace: 35545K(36288K)->35545K(36288K) NonClass: 26335K(26880K)->26335K(26880K) Class: 9209K(9408K)->9209K(9408K)
[684.082s][info][gc             ] GC(1698) Pause Young (Allocation Failure) 776M->489M(795M) 1.538ms
[684.082s][info][gc,cpu         ] GC(1698) User=0.00s Sys=0.00s Real=0.00s
[684.156s][info][gc,start       ] GC(1699) Pause Young (Allocation Failure)
[684.158s][info][gc,heap        ] GC(1699) PSYoungGen: 293952K(312832K)->64K(312832K) Eden: 293888K(293888K)->0K(296960K) From: 64K(18944K)->64K(15872K)
[684.158s][info][gc,heap        ] GC(1699) ParOldGen: 501404K(501760K)->501404K(501760K)
[684.158s][info][gc,metaspace   ] GC(1699) Metaspace: 35545K(36288K)->35545K(36288K) NonClass: 26335K(26880K)->26335K(26880K) Class: 9209K(9408K)->9209K(9408K)
[684.158s][info][gc             ] GC(1699) Pause Young (Allocation Failure) 776M->489M(795M) 1.471ms
[684.158s][info][gc,cpu         ] GC(1699) User=0.01s Sys=0.00s Real=0.00s
[684.474s][info][gc,start       ] GC(1700) Pause Young (Allocation Failure)
[684.475s][info][gc,heap        ] GC(1700) PSYoungGen: 297024K(312832K)->64K(313856K) Eden: 296960K(296960K)->0K(296960K) From: 64K(15872K)->64K(16896K)
[684.475s][info][gc,heap        ] GC(1700) ParOldGen: 501404K(501760K)->501420K(501760K)
[684.475s][info][gc,metaspace   ] GC(1700) Metaspace: 35545K(36288K)->35545K(36288K) NonClass: 26335K(26880K)->26335K(26880K) Class: 9209K(9408K)->9209K(9408K)
[684.475s][info][gc             ] GC(1700) Pause Young (Allocation Failure) 779M->489M(796M) 1.553ms
[684.475s][info][gc,cpu         ] GC(1700) User=0.00s Sys=0.00s Real=0.00s
[684.701s][info][gc,start       ] GC(1701) Pause Young (Allocation Failure)
[684.703s][info][gc,heap        ] GC(1701) PSYoungGen: 297024K(313856K)->64K(314880K) Eden: 296960K(296960K)->0K(301056K) From: 64K(16896K)->64K(13824K)
[684.703s][info][gc,heap        ] GC(1701) ParOldGen: 501420K(501760K)->501420K(501760K)
[684.703s][info][gc,metaspace   ] GC(1701) Metaspace: 35545K(36288K)->35545K(36288K) NonClass: 26335K(26880K)->26335K(26880K) Class: 9209K(9408K)->9209K(9408K)
[684.703s][info][gc             ] GC(1701) Pause Young (Allocation Failure) 779M->489M(797M) 1.523ms
[684.703s][info][gc,cpu         ] GC(1701) User=0.00s Sys=0.00s Real=0.00s
[684.786s][info][gc,start       ] GC(1702) Pause Young (Allocation Failure)
[684.788s][info][gc,heap        ] GC(1702) PSYoungGen: 301120K(314880K)->64K(315904K) Eden: 301056K(301056K)->0K(301056K) From: 64K(13824K)->64K(14848K)
[684.788s][info][gc,heap        ] GC(1702) ParOldGen: 501420K(501760K)->501436K(501760K)
[684.788s][info][gc,metaspace   ] GC(1702) Metaspace: 35545K(36288K)->35545K(36288K) NonClass: 26335K(26880K)->26335K(26880K) Class: 9209K(9408K)->9209K(9408K)
[684.788s][info][gc             ] GC(1702) Pause Young (Allocation Failure) 783M->489M(798M) 1.504ms
[684.788s][info][gc,cpu         ] GC(1702) User=0.00s Sys=0.00s Real=0.00s
[684.947s][info][gc,start       ] GC(1703) Pause Young (Allocation Failure)
[684.948s][info][gc,heap        ] GC(1703) PSYoungGen: 301120K(315904K)->64K(317952K) Eden: 301056K(301056K)->0K(305152K) From: 64K(14848K)->64K(12800K)
[684.948s][info][gc,heap        ] GC(1703) ParOldGen: 501436K(501760K)->501436K(501760K)
[684.948s][info][gc,metaspace   ] GC(1703) Metaspace: 35545K(36288K)->35545K(36288K) NonClass: 26335K(26880K)->26335K(26880K) Class: 9209K(9408K)->9209K(9408K)
[684.948s][info][gc             ] GC(1703) Pause Young (Allocation Failure) 783M->489M(800M) 1.423ms
[684.948s][info][gc,cpu         ] GC(1703) User=0.00s Sys=0.00s Real=0.00s
[685.895s][info][gc,start       ] GC(1704) Pause Young (Allocation Failure)
[685.897s][info][gc,heap        ] GC(1704) PSYoungGen: 305216K(317952K)->83K(318464K) Eden: 305152K(305152K)->0K(305152K) From: 64K(12800K)->83K(13312K)
[685.897s][info][gc,heap        ] GC(1704) ParOldGen: 501436K(501760K)->501444K(501760K)
[685.897s][info][gc,metaspace   ] GC(1704) Metaspace: 35545K(36288K)->35545K(36288K) NonClass: 26335K(26880K)->26335K(26880K) Class: 9209K(9408K)->9209K(9408K)
[685.897s][info][gc             ] GC(1704) Pause Young (Allocation Failure) 787M->489M(801M) 1.586ms
[685.897s][info][gc,cpu         ] GC(1704) User=0.00s Sys=0.00s Real=0.00s
[686.707s][info][gc,start       ] GC(1705) Pause Young (Allocation Failure)
[686.709s][info][gc,heap        ] GC(1705) PSYoungGen: 305235K(318464K)->64K(293376K) Eden: 305152K(305152K)->0K(292864K) From: 83K(13312K)->64K(512K)
[686.709s][info][gc,heap        ] GC(1705) ParOldGen: 501444K(501760K)->501452K(501760K)
[686.709s][info][gc,metaspace   ] GC(1705) Metaspace: 35545K(36288K)->35545K(36288K) NonClass: 26335K(26880K)->26335K(26880K) Class: 9209K(9408K)->9209K(9408K)
[686.709s][info][gc             ] GC(1705) Pause Young (Allocation Failure) 787M->489M(776M) 2.003ms
[686.709s][info][gc,cpu         ] GC(1705) User=0.00s Sys=0.00s Real=0.00s
[687.042s][info][gc,start       ] GC(1706) Pause Young (Allocation Failure)
[687.044s][info][gc,heap        ] GC(1706) PSYoungGen: 292928K(293376K)->64K(292864K) Eden: 292864K(292864K)->0K(281088K) From: 64K(512K)->64K(11776K)
[687.044s][info][gc,heap        ] GC(1706) ParOldGen: 501452K(501760K)->501460K(501760K)
[687.044s][info][gc,metaspace   ] GC(1706) Metaspace: 35545K(36288K)->35545K(36288K) NonClass: 26335K(26880K)->26335K(26880K) Class: 9209K(9408K)->9209K(9408K)
[687.044s][info][gc             ] GC(1706) Pause Young (Allocation Failure) 775M->489M(776M) 1.529ms
[687.044s][info][gc,cpu         ] GC(1706) User=0.01s Sys=0.00s Real=0.01s
[688.008s][info][gc,start       ] GC(1707) Pause Young (Allocation Failure)
[688.010s][info][gc,heap        ] GC(1707) PSYoungGen: 281152K(292864K)->64K(270336K) Eden: 281088K(281088K)->0K(269824K) From: 64K(11776K)->64K(512K)
[688.010s][info][gc,heap        ] GC(1707) ParOldGen: 501460K(501760K)->501468K(501760K)
[688.010s][info][gc,metaspace   ] GC(1707) Metaspace: 35545K(36288K)->35545K(36288K) NonClass: 26335K(26880K)->26335K(26880K) Class: 9209K(9408K)->9209K(9408K)
[688.010s][info][gc             ] GC(1707) Pause Young (Allocation Failure) 764M->489M(754M) 2.197ms
[688.010s][info][gc,cpu         ] GC(1707) User=0.00s Sys=0.00s Real=0.00s
[688.388s][info][gc,start       ] GC(1708) Pause Young (Allocation Failure)
[688.390s][info][gc,heap        ] GC(1708) PSYoungGen: 269888K(270336K)->64K(269312K) Eden: 269824K(269824K)->0K(259072K) From: 64K(512K)->64K(10240K)
[688.390s][info][gc,heap        ] GC(1708) ParOldGen: 501468K(501760K)->501476K(501760K)
[688.390s][info][gc,metaspace   ] GC(1708) Metaspace: 35545K(36288K)->35545K(36288K) NonClass: 26335K(26880K)->26335K(26880K) Class: 9209K(9408K)->9209K(9408K)
[688.390s][info][gc             ] GC(1708) Pause Young (Allocation Failure) 753M->489M(753M) 1.363ms
[688.390s][info][gc,cpu         ] GC(1708) User=0.00s Sys=0.00s Real=0.00s
[688.745s][info][gc,start       ] GC(1709) Pause Young (Allocation Failure)
[688.747s][info][gc,heap        ] GC(1709) PSYoungGen: 259136K(269312K)->64K(249344K) Eden: 259072K(259072K)->0K(248832K) From: 64K(10240K)->64K(512K)
[688.747s][info][gc,heap        ] GC(1709) ParOldGen: 501476K(501760K)->501484K(501760K)
[688.747s][info][gc,metaspace   ] GC(1709) Metaspace: 35545K(36288K)->35545K(36288K) NonClass: 26335K(26880K)->26335K(26880K) Class: 9209K(9408K)->9209K(9408K)
[688.747s][info][gc             ] GC(1709) Pause Young (Allocation Failure) 742M->489M(733M) 1.732ms
[688.747s][info][gc,cpu         ] GC(1709) User=0.01s Sys=0.00s Real=0.00s
[688.835s][info][gc,start       ] GC(1710) Pause Young (Allocation Failure)
[688.836s][info][gc,heap        ] GC(1710) PSYoungGen: 248896K(249344K)->64K(247808K) Eden: 248832K(248832K)->0K(239104K) From: 64K(512K)->64K(8704K)
[688.836s][info][gc,heap        ] GC(1710) ParOldGen: 501484K(501760K)->501492K(501760K)
[688.837s][info][gc,metaspace   ] GC(1710) Metaspace: 35545K(36288K)->35545K(36288K) NonClass: 26335K(26880K)->26335K(26880K) Class: 9209K(9408K)->9209K(9408K)
[688.837s][info][gc             ] GC(1710) Pause Young (Allocation Failure) 732M->489M(732M) 1.321ms
[688.837s][info][gc,cpu         ] GC(1710) User=0.01s Sys=0.00s Real=0.00s
[689.389s][info][gc,start       ] GC(1711) Pause Young (Allocation Failure)
[689.391s][info][gc,heap        ] GC(1711) PSYoungGen: 239168K(247808K)->64K(230400K) Eden: 239104K(239104K)->0K(229888K) From: 64K(8704K)->64K(512K)
[689.391s][info][gc,heap        ] GC(1711) ParOldGen: 501492K(501760K)->501500K(501760K)
[689.391s][info][gc,metaspace   ] GC(1711) Metaspace: 35545K(36288K)->35545K(36288K) NonClass: 26335K(26880K)->26335K(26880K) Class: 9209K(9408K)->9209K(9408K)
[689.391s][info][gc             ] GC(1711) Pause Young (Allocation Failure) 723M->489M(715M) 1.856ms
[689.391s][info][gc,cpu         ] GC(1711) User=0.00s Sys=0.00s Real=0.00s
[689.594s][info][gc,start       ] GC(1712) Pause Young (Allocation Failure)
[689.595s][info][gc,heap        ] GC(1712) PSYoungGen: 229952K(230400K)->64K(228864K) Eden: 229888K(229888K)->0K(221184K) From: 64K(512K)->64K(7680K)
[689.595s][info][gc,heap        ] GC(1712) ParOldGen: 501500K(501760K)->501508K(501760K)
[689.595s][info][gc,metaspace   ] GC(1712) Metaspace: 35545K(36288K)->35545K(36288K) NonClass: 26335K(26880K)->26335K(26880K) Class: 9209K(9408K)->9209K(9408K)
[689.595s][info][gc             ] GC(1712) Pause Young (Allocation Failure) 714M->489M(713M) 1.306ms
[689.595s][info][gc,cpu         ] GC(1712) User=0.00s Sys=0.00s Real=0.00s
[689.931s][info][gc,start       ] GC(1713) Pause Young (Allocation Failure)
[689.960s][info][gc,heap        ] GC(1713) PSYoungGen: 221248K(228864K)->7168K(271872K) Eden: 221184K(221184K)->0K(264704K) From: 64K(7680K)->7168K(7168K)
[689.960s][info][gc,heap        ] GC(1713) ParOldGen: 501508K(501760K)->508300K(508416K)
[689.960s][info][gc,metaspace   ] GC(1713) Metaspace: 35545K(36288K)->35545K(36288K) NonClass: 26335K(26880K)->26335K(26880K) Class: 9209K(9408K)->9209K(9408K)
[689.960s][info][gc             ] GC(1713) Pause Young (Allocation Failure) 705M->503M(762M) 29.176ms
[689.960s][info][gc,cpu         ] GC(1713) User=0.04s Sys=0.00s Real=0.03s
[690.291s][info][gc,start       ] GC(1714) Pause Young (Allocation Failure)
[690.351s][info][gc,heap        ] GC(1714) PSYoungGen: 271872K(271872K)->11264K(282624K) Eden: 264704K(264704K)->0K(271360K) From: 7168K(7168K)->11264K(11264K)
[690.351s][info][gc,heap        ] GC(1714) ParOldGen: 508300K(508416K)->527260K(527360K)
[690.351s][info][gc,metaspace   ] GC(1714) Metaspace: 35545K(36288K)->35545K(36288K) NonClass: 26335K(26880K)->26335K(26880K) Class: 9209K(9408K)->9209K(9408K)
[690.351s][info][gc             ] GC(1714) Pause Young (Allocation Failure) 761M->525M(791M) 59.883ms
[690.351s][info][gc,cpu         ] GC(1714) User=0.10s Sys=0.02s Real=0.06s
[690.582s][info][gc,start       ] GC(1715) Pause Young (Allocation Failure)
[690.625s][info][gc,heap        ] GC(1715) PSYoungGen: 282624K(282624K)->18656K(305664K) Eden: 271360K(271360K)->0K(284672K) From: 11264K(11264K)->18656K(20992K)
[690.625s][info][gc,heap        ] GC(1715) ParOldGen: 527260K(527360K)->527772K(527872K)
[690.625s][info][gc,metaspace   ] GC(1715) Metaspace: 35545K(36288K)->35545K(36288K) NonClass: 26335K(26880K)->26335K(26880K) Class: 9209K(9408K)->9209K(9408K)
[690.625s][info][gc             ] GC(1715) Pause Young (Allocation Failure) 790M->533M(814M) 42.443ms
[690.625s][info][gc,cpu         ] GC(1715) User=0.07s Sys=0.01s Real=0.05s
[690.890s][info][gc,start       ] GC(1716) Pause Young (Allocation Failure)
[690.891s][info][gc,heap        ] GC(1716) PSYoungGen: 303328K(305664K)->64K(309248K) Eden: 284672K(284672K)->0K(284672K) From: 18656K(20992K)->64K(24576K)
[690.891s][info][gc,heap        ] GC(1716) ParOldGen: 527772K(527872K)->527780K(527872K)
[690.891s][info][gc,metaspace   ] GC(1716) Metaspace: 35545K(36288K)->35545K(36288K) NonClass: 26335K(26880K)->26335K(26880K) Class: 9209K(9408K)->9209K(9408K)
[690.891s][info][gc             ] GC(1716) Pause Young (Allocation Failure) 811M->515M(817M) 1.629ms
[690.891s][info][gc,cpu         ] GC(1716) User=0.01s Sys=0.00s Real=0.00s
[691.510s][info][gc,start       ] GC(1717) Pause Young (Allocation Failure)
[691.512s][info][gc,heap        ] GC(1717) PSYoungGen: 284736K(309248K)->64K(307200K) Eden: 284672K(284672K)->0K(285696K) From: 64K(24576K)->64K(21504K)
[691.512s][info][gc,heap        ] GC(1717) ParOldGen: 527780K(527872K)->527788K(527872K)
[691.512s][info][gc,metaspace   ] GC(1717) Metaspace: 35545K(36288K)->35545K(36288K) NonClass: 26335K(26880K)->26335K(26880K) Class: 9209K(9408K)->9209K(9408K)
[691.512s][info][gc             ] GC(1717) Pause Young (Allocation Failure) 793M->515M(815M) 1.637ms
[691.512s][info][gc,cpu         ] GC(1717) User=0.01s Sys=0.00s Real=0.00s
[691.968s][info][gc,start       ] GC(1718) Pause Young (Allocation Failure)
[691.970s][info][gc,heap        ] GC(1718) PSYoungGen: 285760K(307200K)->64K(308736K) Eden: 285696K(285696K)->0K(285696K) From: 64K(21504K)->64K(23040K)
[691.970s][info][gc,heap        ] GC(1718) ParOldGen: 527788K(527872K)->527804K(527872K)
[691.970s][info][gc,metaspace   ] GC(1718) Metaspace: 35545K(36288K)->35545K(36288K) NonClass: 26335K(26880K)->26335K(26880K) Class: 9209K(9408K)->9209K(9408K)
[691.970s][info][gc             ] GC(1718) Pause Young (Allocation Failure) 794M->515M(817M) 1.718ms
[691.970s][info][gc,cpu         ] GC(1718) User=0.00s Sys=0.00s Real=0.00s
[692.204s][info][gc,start       ] GC(1719) Pause Young (Allocation Failure)
[692.206s][info][gc,heap        ] GC(1719) PSYoungGen: 285760K(308736K)->64K(308224K) Eden: 285696K(285696K)->0K(288768K) From: 64K(23040K)->64K(19456K)
[692.206s][info][gc,heap        ] GC(1719) ParOldGen: 527804K(527872K)->527820K(527872K)
[692.206s][info][gc,metaspace   ] GC(1719) Metaspace: 35545K(36288K)->35545K(36288K) NonClass: 26335K(26880K)->26335K(26880K) Class: 9209K(9408K)->9209K(9408K)
[692.206s][info][gc             ] GC(1719) Pause Young (Allocation Failure) 794M->515M(816M) 1.642ms
[692.206s][info][gc,cpu         ] GC(1719) User=0.00s Sys=0.00s Real=0.00s
[692.442s][info][gc,start       ] GC(1720) Pause Young (Allocation Failure)
[692.444s][info][gc,heap        ] GC(1720) PSYoungGen: 288832K(308224K)->64K(309760K) Eden: 288768K(288768K)->0K(288768K) From: 64K(19456K)->64K(20992K)
[692.444s][info][gc,heap        ] GC(1720) ParOldGen: 527820K(527872K)->527820K(527872K)
[692.444s][info][gc,metaspace   ] GC(1720) Metaspace: 35545K(36288K)->35545K(36288K) NonClass: 26335K(26880K)->26335K(26880K) Class: 9209K(9408K)->9209K(9408K)
[692.444s][info][gc             ] GC(1720) Pause Young (Allocation Failure) 797M->515M(818M) 1.513ms
[692.444s][info][gc,cpu         ] GC(1720) User=0.00s Sys=0.00s Real=0.01s
[692.768s][info][gc,start       ] GC(1721) Pause Young (Allocation Failure)
[692.770s][info][gc,heap        ] GC(1721) PSYoungGen: 288832K(309760K)->64K(310272K) Eden: 288768K(288768K)->0K(292864K) From: 64K(20992K)->64K(17408K)
[692.770s][info][gc,heap        ] GC(1721) ParOldGen: 527820K(527872K)->527820K(527872K)
[692.770s][info][gc,metaspace   ] GC(1721) Metaspace: 35545K(36288K)->35545K(36288K) NonClass: 26335K(26880K)->26335K(26880K) Class: 9209K(9408K)->9209K(9408K)
[692.770s][info][gc             ] GC(1721) Pause Young (Allocation Failure) 797M->515M(818M) 1.501ms
[692.770s][info][gc,cpu         ] GC(1721) User=0.00s Sys=0.00s Real=0.00s
[692.819s][info][gc,start       ] GC(1722) Pause Young (Allocation Failure)
[692.821s][info][gc,heap        ] GC(1722) PSYoungGen: 292928K(310272K)->64K(311808K) Eden: 292864K(292864K)->0K(292864K) From: 64K(17408K)->64K(18944K)
[692.821s][info][gc,heap        ] GC(1722) ParOldGen: 527820K(527872K)->527836K(527872K)
[692.821s][info][gc,metaspace   ] GC(1722) Metaspace: 35545K(36288K)->35545K(36288K) NonClass: 26335K(26880K)->26335K(26880K) Class: 9209K(9408K)->9209K(9408K)
[692.821s][info][gc             ] GC(1722) Pause Young (Allocation Failure) 801M->515M(820M) 1.505ms
[692.821s][info][gc,cpu         ] GC(1722) User=0.01s Sys=0.00s Real=0.00s
[692.871s][info][gc,start       ] GC(1723) Pause Young (Allocation Failure)
[692.872s][info][gc,heap        ] GC(1723) PSYoungGen: 292928K(311808K)->64K(312320K) Eden: 292864K(292864K)->0K(296960K) From: 64K(18944K)->64K(15360K)
[692.872s][info][gc,heap        ] GC(1723) ParOldGen: 527836K(527872K)->527836K(527872K)
[692.872s][info][gc,metaspace   ] GC(1723) Metaspace: 35545K(36288K)->35545K(36288K) NonClass: 26335K(26880K)->26335K(26880K) Class: 9209K(9408K)->9209K(9408K)
[692.872s][info][gc             ] GC(1723) Pause Young (Allocation Failure) 801M->515M(820M) 1.428ms
[692.872s][info][gc,cpu         ] GC(1723) User=0.00s Sys=0.00s Real=0.00s
[693.185s][info][gc,start       ] GC(1724) Pause Young (Allocation Failure)
[693.186s][info][gc,heap        ] GC(1724) PSYoungGen: 297024K(312320K)->64K(313856K) Eden: 296960K(296960K)->0K(296960K) From: 64K(15360K)->64K(16896K)
[693.186s][info][gc,heap        ] GC(1724) ParOldGen: 527836K(527872K)->527852K(527872K)
[693.186s][info][gc,metaspace   ] GC(1724) Metaspace: 35545K(36288K)->35545K(36288K) NonClass: 26335K(26880K)->26335K(26880K) Class: 9209K(9408K)->9209K(9408K)
[693.186s][info][gc             ] GC(1724) Pause Young (Allocation Failure) 805M->515M(822M) 1.600ms
[693.186s][info][gc,cpu         ] GC(1724) User=0.00s Sys=0.00s Real=0.00s
[693.431s][info][gc,start       ] GC(1725) Pause Young (Allocation Failure)
[693.432s][info][gc,heap        ] GC(1725) PSYoungGen: 297024K(313856K)->64K(314368K) Eden: 296960K(296960K)->0K(300544K) From: 64K(16896K)->64K(13824K)
[693.432s][info][gc,heap        ] GC(1725) ParOldGen: 527852K(527872K)->527852K(527872K)
[693.432s][info][gc,metaspace   ] GC(1725) Metaspace: 35545K(36288K)->35545K(36288K) NonClass: 26335K(26880K)->26335K(26880K) Class: 9209K(9408K)->9209K(9408K)
[693.432s][info][gc             ] GC(1725) Pause Young (Allocation Failure) 805M->515M(822M) 1.593ms
[693.432s][info][gc,cpu         ] GC(1725) User=0.00s Sys=0.00s Real=0.00s
[693.516s][info][gc,start       ] GC(1726) Pause Young (Allocation Failure)
[693.517s][info][gc,heap        ] GC(1726) PSYoungGen: 300608K(314368K)->64K(315904K) Eden: 300544K(300544K)->0K(300544K) From: 64K(13824K)->64K(15360K)
[693.517s][info][gc,heap        ] GC(1726) ParOldGen: 527852K(527872K)->527860K(527872K)
[693.517s][info][gc,metaspace   ] GC(1726) Metaspace: 35545K(36288K)->35545K(36288K) NonClass: 26335K(26880K)->26335K(26880K) Class: 9209K(9408K)->9209K(9408K)
[693.517s][info][gc             ] GC(1726) Pause Young (Allocation Failure) 809M->515M(824M) 1.599ms
[693.517s][info][gc,cpu         ] GC(1726) User=0.01s Sys=0.00s Real=0.00s
[693.666s][info][gc,start       ] GC(1727) Pause Young (Allocation Failure)
[693.667s][info][gc,heap        ] GC(1727) PSYoungGen: 300608K(315904K)->64K(315904K) Eden: 300544K(300544K)->0K(304128K) From: 64K(15360K)->64K(11776K)
[693.667s][info][gc,heap        ] GC(1727) ParOldGen: 527860K(527872K)->527868K(527872K)
[693.667s][info][gc,metaspace   ] GC(1727) Metaspace: 35545K(36288K)->35545K(36288K) NonClass: 26335K(26880K)->26335K(26880K) Class: 9209K(9408K)->9209K(9408K)
[693.667s][info][gc             ] GC(1727) Pause Young (Allocation Failure) 809M->515M(824M) 1.550ms
[693.667s][info][gc,cpu         ] GC(1727) User=0.01s Sys=0.00s Real=0.00s
[694.090s][info][gc,start       ] GC(1728) Pause Young (Allocation Failure)
[694.092s][info][gc,heap        ] GC(1728) PSYoungGen: 304192K(315904K)->64K(317440K) Eden: 304128K(304128K)->0K(304128K) From: 64K(11776K)->64K(13312K)
[694.092s][info][gc,heap        ] GC(1728) ParOldGen: 527868K(527872K)->527876K(528384K)
[694.092s][info][gc,metaspace   ] GC(1728) Metaspace: 35545K(36288K)->35545K(36288K) NonClass: 26335K(26880K)->26335K(26880K) Class: 9209K(9408K)->9209K(9408K)
[694.092s][info][gc             ] GC(1728) Pause Young (Allocation Failure) 812M->515M(826M) 1.606ms
[694.092s][info][gc,cpu         ] GC(1728) User=0.00s Sys=0.00s Real=0.00s
[695.437s][info][gc,start       ] GC(1729) Pause Young (Allocation Failure)
[695.440s][info][gc,heap        ] GC(1729) PSYoungGen: 304192K(317440K)->64K(292352K) Eden: 304128K(304128K)->0K(291840K) From: 64K(13312K)->64K(512K)
[695.440s][info][gc,heap        ] GC(1729) ParOldGen: 527876K(528384K)->527884K(528384K)
[695.440s][info][gc,metaspace   ] GC(1729) Metaspace: 35545K(36288K)->35545K(36288K) NonClass: 26335K(26880K)->26335K(26880K) Class: 9209K(9408K)->9209K(9408K)
[695.440s][info][gc             ] GC(1729) Pause Young (Allocation Failure) 812M->515M(801M) 2.270ms
[695.440s][info][gc,cpu         ] GC(1729) User=0.00s Sys=0.00s Real=0.00s
[695.713s][info][gc,start       ] GC(1730) Pause Young (Allocation Failure)
[695.714s][info][gc,heap        ] GC(1730) PSYoungGen: 291904K(292352K)->64K(291840K) Eden: 291840K(291840K)->0K(280064K) From: 64K(512K)->64K(11776K)
[695.714s][info][gc,heap        ] GC(1730) ParOldGen: 527884K(528384K)->527892K(528384K)
[695.714s][info][gc,metaspace   ] GC(1730) Metaspace: 35545K(36288K)->35545K(36288K) NonClass: 26335K(26880K)->26335K(26880K) Class: 9209K(9408K)->9209K(9408K)
[695.714s][info][gc             ] GC(1730) Pause Young (Allocation Failure) 800M->515M(801M) 1.572ms
[695.714s][info][gc,cpu         ] GC(1730) User=0.00s Sys=0.00s Real=0.01s
[696.185s][info][gc,start       ] GC(1731) Pause Young (Allocation Failure)
[696.188s][info][gc,heap        ] GC(1731) PSYoungGen: 280128K(291840K)->64K(269312K) Eden: 280064K(280064K)->0K(268800K) From: 64K(11776K)->64K(512K)
[696.188s][info][gc,heap        ] GC(1731) ParOldGen: 527892K(528384K)->527900K(528384K)
[696.188s][info][gc,metaspace   ] GC(1731) Metaspace: 35545K(36288K)->35545K(36288K) NonClass: 26335K(26880K)->26335K(26880K) Class: 9209K(9408K)->9209K(9408K)
[696.188s][info][gc             ] GC(1731) Pause Young (Allocation Failure) 789M->515M(779M) 2.075ms
[696.188s][info][gc,cpu         ] GC(1731) User=0.00s Sys=0.00s Real=0.00s
[697.124s][info][gc,start       ] GC(1732) Pause Young (Allocation Failure)
[697.125s][info][gc,heap        ] GC(1732) PSYoungGen: 268864K(269312K)->64K(268800K) Eden: 268800K(268800K)->0K(258560K) From: 64K(512K)->64K(10240K)
[697.125s][info][gc,heap        ] GC(1732) ParOldGen: 527900K(528384K)->527908K(528384K)
[697.125s][info][gc,metaspace   ] GC(1732) Metaspace: 35545K(36288K)->35545K(36288K) NonClass: 26335K(26880K)->26335K(26880K) Class: 9209K(9408K)->9209K(9408K)
[697.125s][info][gc             ] GC(1732) Pause Young (Allocation Failure) 778M->515M(778M) 1.535ms
[697.125s][info][gc,cpu         ] GC(1732) User=0.01s Sys=0.00s Real=0.00s
[697.496s][info][gc,start       ] GC(1733) Pause Young (Allocation Failure)
[697.497s][info][gc,heap        ] GC(1733) PSYoungGen: 258624K(268800K)->64K(249344K) Eden: 258560K(258560K)->0K(248832K) From: 64K(10240K)->64K(512K)
[697.497s][info][gc,heap        ] GC(1733) ParOldGen: 527908K(528384K)->527916K(528384K)
[697.497s][info][gc,metaspace   ] GC(1733) Metaspace: 35545K(36288K)->35545K(36288K) NonClass: 26335K(26880K)->26335K(26880K) Class: 9209K(9408K)->9209K(9408K)
[697.497s][info][gc             ] GC(1733) Pause Young (Allocation Failure) 768M->515M(759M) 1.695ms
[697.497s][info][gc,cpu         ] GC(1733) User=0.00s Sys=0.00s Real=0.00s
[697.569s][info][gc,start       ] GC(1734) Pause Young (Allocation Failure)
[697.570s][info][gc,heap        ] GC(1734) PSYoungGen: 248896K(249344K)->64K(247808K) Eden: 248832K(248832K)->0K(239104K) From: 64K(512K)->64K(8704K)
[697.570s][info][gc,heap        ] GC(1734) ParOldGen: 527916K(528384K)->527924K(528384K)
[697.570s][info][gc,metaspace   ] GC(1734) Metaspace: 35545K(36288K)->35545K(36288K) NonClass: 26335K(26880K)->26335K(26880K) Class: 9209K(9408K)->9209K(9408K)
[697.570s][info][gc             ] GC(1734) Pause Young (Allocation Failure) 758M->515M(758M) 1.378ms
[697.570s][info][gc,cpu         ] GC(1734) User=0.00s Sys=0.00s Real=0.00s
[698.061s][info][gc,start       ] GC(1735) Pause Young (Allocation Failure)
[698.063s][info][gc,heap        ] GC(1735) PSYoungGen: 239168K(247808K)->64K(230400K) Eden: 239104K(239104K)->0K(229888K) From: 64K(8704K)->64K(512K)
[698.063s][info][gc,heap        ] GC(1735) ParOldGen: 527924K(528384K)->527932K(528384K)
[698.063s][info][gc,metaspace   ] GC(1735) Metaspace: 35545K(36288K)->35545K(36288K) NonClass: 26335K(26880K)->26335K(26880K) Class: 9209K(9408K)->9209K(9408K)
[698.063s][info][gc             ] GC(1735) Pause Young (Allocation Failure) 749M->515M(741M) 1.997ms
[698.063s][info][gc,cpu         ] GC(1735) User=0.00s Sys=0.00s Real=0.01s
[698.299s][info][gc,start       ] GC(1736) Pause Young (Allocation Failure)
[698.300s][info][gc,heap        ] GC(1736) PSYoungGen: 229952K(230400K)->64K(228864K) Eden: 229888K(229888K)->0K(221184K) From: 64K(512K)->64K(7680K)
[698.300s][info][gc,heap        ] GC(1736) ParOldGen: 527932K(528384K)->527940K(528384K)
[698.300s][info][gc,metaspace   ] GC(1736) Metaspace: 35545K(36288K)->35545K(36288K) NonClass: 26335K(26880K)->26335K(26880K) Class: 9209K(9408K)->9209K(9408K)
[698.300s][info][gc             ] GC(1736) Pause Young (Allocation Failure) 740M->515M(739M) 1.754ms
[698.300s][info][gc,cpu         ] GC(1736) User=0.00s Sys=0.00s Real=0.00s
[698.644s][info][gc,start       ] GC(1737) Pause Young (Allocation Failure)
[698.660s][info][gc,heap        ] GC(1737) PSYoungGen: 221248K(228864K)->7168K(271360K) Eden: 221184K(221184K)->0K(264192K) From: 64K(7680K)->7168K(7168K)
[698.660s][info][gc,heap        ] GC(1737) ParOldGen: 527940K(528384K)->530844K(530944K)
[698.660s][info][gc,metaspace   ] GC(1737) Metaspace: 35545K(36288K)->35545K(36288K) NonClass: 26335K(26880K)->26335K(26880K) Class: 9209K(9408K)->9209K(9408K)
[698.660s][info][gc             ] GC(1737) Pause Young (Allocation Failure) 731M->525M(783M) 16.718ms
[698.660s][info][gc,cpu         ] GC(1737) User=0.03s Sys=0.00s Real=0.01s
[698.989s][info][gc,start       ] GC(1738) Pause Young (Allocation Failure)
[699.047s][info][gc,heap        ] GC(1738) PSYoungGen: 271360K(271360K)->10240K(283648K) Eden: 264192K(264192K)->0K(273408K) From: 7168K(7168K)->10240K(10240K)
[699.047s][info][gc,heap        ] GC(1738) ParOldGen: 530844K(530944K)->550668K(550912K)
[699.047s][info][gc,metaspace   ] GC(1738) Metaspace: 35545K(36288K)->35545K(36288K) NonClass: 26335K(26880K)->26335K(26880K) Class: 9209K(9408K)->9209K(9408K)
[699.047s][info][gc             ] GC(1738) Pause Young (Allocation Failure) 783M->547M(815M) 58.155ms
[699.047s][info][gc,cpu         ] GC(1738) User=0.10s Sys=0.02s Real=0.06s
[699.315s][info][gc,start       ] GC(1739) Pause Young (Allocation Failure)
[699.367s][info][gc,heap        ] GC(1739) PSYoungGen: 283648K(283648K)->19968K(303616K) Eden: 273408K(273408K)->0K(283648K) From: 10240K(10240K)->19968K(19968K)
[699.367s][info][gc,heap        ] GC(1739) ParOldGen: 550668K(550912K)->553812K(553984K)
[699.367s][info][gc,metaspace   ] GC(1739) Metaspace: 35545K(36288K)->35545K(36288K) NonClass: 26335K(26880K)->26335K(26880K) Class: 9209K(9408K)->9209K(9408K)
[699.367s][info][gc             ] GC(1739) Pause Young (Allocation Failure) 814M->560M(837M) 52.168ms
[699.367s][info][gc,cpu         ] GC(1739) User=0.09s Sys=0.02s Real=0.05s
[699.563s][info][gc,start       ] GC(1740) Pause Young (Allocation Failure)
[699.566s][info][gc,heap        ] GC(1740) PSYoungGen: 303616K(303616K)->64K(308736K) Eden: 283648K(283648K)->0K(283648K) From: 19968K(19968K)->64K(25088K)
[699.566s][info][gc,heap        ] GC(1740) ParOldGen: 553812K(553984K)->553892K(553984K)
[699.566s][info][gc,metaspace   ] GC(1740) Metaspace: 35545K(36288K)->35545K(36288K) NonClass: 26335K(26880K)->26335K(26880K) Class: 9209K(9408K)->9209K(9408K)
[699.566s][info][gc             ] GC(1740) Pause Young (Allocation Failure) 837M->540M(842M) 2.646ms
[699.566s][info][gc,cpu         ] GC(1740) User=0.00s Sys=0.00s Real=0.00s
[700.227s][info][gc,start       ] GC(1741) Pause Young (Allocation Failure)
[700.228s][info][gc,heap        ] GC(1741) PSYoungGen: 283712K(308736K)->64K(306176K) Eden: 283648K(283648K)->0K(284160K) From: 64K(25088K)->64K(22016K)
[700.228s][info][gc,heap        ] GC(1741) ParOldGen: 553892K(553984K)->553900K(553984K)
[700.228s][info][gc,metaspace   ] GC(1741) Metaspace: 35545K(36288K)->35545K(36288K) NonClass: 26335K(26880K)->26335K(26880K) Class: 9209K(9408K)->9209K(9408K)
[700.228s][info][gc             ] GC(1741) Pause Young (Allocation Failure) 817M->540M(840M) 1.879ms
[700.228s][info][gc,cpu         ] GC(1741) User=0.00s Sys=0.00s Real=0.00s
[700.694s][info][gc,start       ] GC(1742) Pause Young (Allocation Failure)
[700.696s][info][gc,heap        ] GC(1742) PSYoungGen: 284224K(306176K)->64K(307712K) Eden: 284160K(284160K)->0K(284160K) From: 64K(22016K)->64K(23552K)
[700.696s][info][gc,heap        ] GC(1742) ParOldGen: 553900K(553984K)->553916K(553984K)
[700.696s][info][gc,metaspace   ] GC(1742) Metaspace: 35545K(36288K)->35545K(36288K) NonClass: 26335K(26880K)->26335K(26880K) Class: 9209K(9408K)->9209K(9408K)
[700.696s][info][gc             ] GC(1742) Pause Young (Allocation Failure) 818M->540M(841M) 1.670ms
[700.696s][info][gc,cpu         ] GC(1742) User=0.00s Sys=0.00s Real=0.00s
[700.930s][info][gc,start       ] GC(1743) Pause Young (Allocation Failure)
[700.931s][info][gc,heap        ] GC(1743) PSYoungGen: 284224K(307712K)->64K(307712K) Eden: 284160K(284160K)->0K(287744K) From: 64K(23552K)->64K(19968K)
[700.931s][info][gc,heap        ] GC(1743) ParOldGen: 553916K(553984K)->553932K(553984K)
[700.931s][info][gc,metaspace   ] GC(1743) Metaspace: 35545K(36288K)->35545K(36288K) NonClass: 26335K(26880K)->26335K(26880K) Class: 9209K(9408K)->9209K(9408K)
[700.931s][info][gc             ] GC(1743) Pause Young (Allocation Failure) 818M->541M(841M) 1.636ms
[700.931s][info][gc,cpu         ] GC(1743) User=0.01s Sys=0.00s Real=0.00s
[701.168s][info][gc,start       ] GC(1744) Pause Young (Allocation Failure)
[701.170s][info][gc,heap        ] GC(1744) PSYoungGen: 287808K(307712K)->64K(309248K) Eden: 287744K(287744K)->0K(287744K) From: 64K(19968K)->64K(21504K)
[701.170s][info][gc,heap        ] GC(1744) ParOldGen: 553932K(553984K)->553932K(553984K)
[701.170s][info][gc,metaspace   ] GC(1744) Metaspace: 35545K(36288K)->35545K(36288K) NonClass: 26335K(26880K)->26335K(26880K) Class: 9209K(9408K)->9209K(9408K)
[701.170s][info][gc             ] GC(1744) Pause Young (Allocation Failure) 822M->541M(843M) 1.660ms
[701.170s][info][gc,cpu         ] GC(1744) User=0.00s Sys=0.00s Real=0.00s
[701.531s][info][gc,start       ] GC(1745) Pause Young (Allocation Failure)
[701.532s][info][gc,heap        ] GC(1745) PSYoungGen: 287808K(309248K)->64K(309760K) Eden: 287744K(287744K)->0K(291840K) From: 64K(21504K)->64K(17920K)
[701.533s][info][gc,heap        ] GC(1745) ParOldGen: 553932K(553984K)->553932K(553984K)
[701.533s][info][gc,metaspace   ] GC(1745) Metaspace: 35545K(36288K)->35545K(36288K) NonClass: 26335K(26880K)->26335K(26880K) Class: 9209K(9408K)->9209K(9408K)
[701.533s][info][gc             ] GC(1745) Pause Young (Allocation Failure) 822M->541M(843M) 1.841ms
[701.533s][info][gc,cpu         ] GC(1745) User=0.01s Sys=0.00s Real=0.00s
[701.583s][info][gc,start       ] GC(1746) Pause Young (Allocation Failure)
[701.584s][info][gc,heap        ] GC(1746) PSYoungGen: 291904K(309760K)->64K(311296K) Eden: 291840K(291840K)->0K(291840K) From: 64K(17920K)->64K(19456K)
[701.584s][info][gc,heap        ] GC(1746) ParOldGen: 553932K(553984K)->553948K(553984K)
[701.584s][info][gc,metaspace   ] GC(1746) Metaspace: 35545K(36288K)->35545K(36288K) NonClass: 26335K(26880K)->26335K(26880K) Class: 9209K(9408K)->9209K(9408K)
[701.584s][info][gc             ] GC(1746) Pause Young (Allocation Failure) 826M->541M(845M) 1.544ms
[701.584s][info][gc,cpu         ] GC(1746) User=0.00s Sys=0.00s Real=0.01s
[701.634s][info][gc,start       ] GC(1747) Pause Young (Allocation Failure)
[701.636s][info][gc,heap        ] GC(1747) PSYoungGen: 291904K(311296K)->64K(311808K) Eden: 291840K(291840K)->0K(295936K) From: 64K(19456K)->64K(15872K)
[701.636s][info][gc,heap        ] GC(1747) ParOldGen: 553948K(553984K)->553948K(553984K)
[701.636s][info][gc,metaspace   ] GC(1747) Metaspace: 35545K(36288K)->35545K(36288K) NonClass: 26335K(26880K)->26335K(26880K) Class: 9209K(9408K)->9209K(9408K)
[701.636s][info][gc             ] GC(1747) Pause Young (Allocation Failure) 826M->541M(845M) 1.501ms
[701.636s][info][gc,cpu         ] GC(1747) User=0.00s Sys=0.00s Real=0.00s
[701.912s][info][gc,start       ] GC(1748) Pause Young (Allocation Failure)
[701.914s][info][gc,heap        ] GC(1748) PSYoungGen: 296000K(311808K)->64K(313344K) Eden: 295936K(295936K)->0K(295936K) From: 64K(15872K)->64K(17408K)
[701.914s][info][gc,heap        ] GC(1748) ParOldGen: 553948K(553984K)->553948K(553984K)
[701.914s][info][gc,metaspace   ] GC(1748) Metaspace: 35545K(36288K)->35545K(36288K) NonClass: 26335K(26880K)->26335K(26880K) Class: 9209K(9408K)->9209K(9408K)
[701.914s][info][gc             ] GC(1748) Pause Young (Allocation Failure) 830M->541M(847M) 1.559ms
[701.914s][info][gc,cpu         ] GC(1748) User=0.00s Sys=0.00s Real=0.01s
[702.175s][info][gc,start       ] GC(1749) Pause Young (Allocation Failure)
[702.177s][info][gc,heap        ] GC(1749) PSYoungGen: 296000K(313344K)->64K(313856K) Eden: 295936K(295936K)->0K(300032K) From: 64K(17408K)->64K(13824K)
[702.177s][info][gc,heap        ] GC(1749) ParOldGen: 553948K(553984K)->553956K(553984K)
[702.177s][info][gc,metaspace   ] GC(1749) Metaspace: 35545K(36288K)->35545K(36288K) NonClass: 26335K(26880K)->26335K(26880K) Class: 9209K(9408K)->9209K(9408K)
[702.177s][info][gc             ] GC(1749) Pause Young (Allocation Failure) 830M->541M(847M) 1.541ms
[702.177s][info][gc,cpu         ] GC(1749) User=0.00s Sys=0.00s Real=0.00s
[702.280s][info][gc,start       ] GC(1750) Pause Young (Allocation Failure)
[702.281s][info][gc,heap        ] GC(1750) PSYoungGen: 300096K(313856K)->64K(315392K) Eden: 300032K(300032K)->0K(300032K) From: 64K(13824K)->64K(15360K)
[702.281s][info][gc,heap        ] GC(1750) ParOldGen: 553956K(553984K)->553964K(553984K)
[702.281s][info][gc,metaspace   ] GC(1750) Metaspace: 35545K(36288K)->35545K(36288K) NonClass: 26335K(26880K)->26335K(26880K) Class: 9209K(9408K)->9209K(9408K)
[702.281s][info][gc             ] GC(1750) Pause Young (Allocation Failure) 834M->541M(849M) 1.544ms
[702.281s][info][gc,cpu         ] GC(1750) User=0.00s Sys=0.00s Real=0.00s
[702.414s][info][gc,start       ] GC(1751) Pause Young (Allocation Failure)
[702.415s][info][gc,heap        ] GC(1751) PSYoungGen: 300096K(315392K)->64K(315904K) Eden: 300032K(300032K)->0K(303616K) From: 64K(15360K)->64K(12288K)
[702.415s][info][gc,heap        ] GC(1751) ParOldGen: 553964K(553984K)->553972K(553984K)
[702.415s][info][gc,metaspace   ] GC(1751) Metaspace: 35545K(36288K)->35545K(36288K) NonClass: 26335K(26880K)->26335K(26880K) Class: 9209K(9408K)->9209K(9408K)
[702.415s][info][gc             ] GC(1751) Pause Young (Allocation Failure) 834M->541M(849M) 1.493ms
[702.415s][info][gc,cpu         ] GC(1751) User=0.00s Sys=0.00s Real=0.00s
[702.835s][info][gc,start       ] GC(1752) Pause Young (Allocation Failure)
[702.836s][info][gc,heap        ] GC(1752) PSYoungGen: 303680K(315904K)->64K(317440K) Eden: 303616K(303616K)->0K(303616K) From: 64K(12288K)->64K(13824K)
[702.837s][info][gc,heap        ] GC(1752) ParOldGen: 553972K(553984K)->553980K(553984K)
[702.837s][info][gc,metaspace   ] GC(1752) Metaspace: 35545K(36288K)->35545K(36288K) NonClass: 26335K(26880K)->26335K(26880K) Class: 9209K(9408K)->9209K(9408K)
[702.837s][info][gc             ] GC(1752) Pause Young (Allocation Failure) 837M->541M(851M) 1.784ms
[702.837s][info][gc,cpu         ] GC(1752) User=0.01s Sys=0.00s Real=0.00s
[703.480s][info][gc,start       ] GC(1753) Pause Young (Allocation Failure)
[703.482s][info][gc,heap        ] GC(1753) PSYoungGen: 303680K(317440K)->83K(291840K) Eden: 303616K(303616K)->0K(291328K) From: 64K(13824K)->83K(512K)
[703.482s][info][gc,heap        ] GC(1753) ParOldGen: 553980K(553984K)->553988K(554496K)
[703.482s][info][gc,metaspace   ] GC(1753) Metaspace: 35545K(36288K)->35545K(36288K) NonClass: 26335K(26880K)->26335K(26880K) Class: 9209K(9408K)->9209K(9408K)
[703.482s][info][gc             ] GC(1753) Pause Young (Allocation Failure) 837M->541M(826M) 2.478ms
[703.482s][info][gc,cpu         ] GC(1753) User=0.00s Sys=0.00s Real=0.00s
[704.427s][info][gc,start       ] GC(1754) Pause Young (Allocation Failure)
[704.430s][info][gc,heap        ] GC(1754) PSYoungGen: 291411K(291840K)->64K(291840K) Eden: 291328K(291328K)->0K(279552K) From: 83K(512K)->64K(12288K)
[704.430s][info][gc,heap        ] GC(1754) ParOldGen: 553988K(554496K)->553996K(554496K)
[704.430s][info][gc,metaspace   ] GC(1754) Metaspace: 35545K(36288K)->35545K(36288K) NonClass: 26335K(26880K)->26335K(26880K) Class: 9209K(9408K)->9209K(9408K)
[704.430s][info][gc             ] GC(1754) Pause Young (Allocation Failure) 825M->541M(826M) 2.247ms
[704.430s][info][gc,cpu         ] GC(1754) User=0.01s Sys=0.00s Real=0.00s
[704.950s][info][gc,start       ] GC(1755) Pause Young (Allocation Failure)
[704.952s][info][gc,heap        ] GC(1755) PSYoungGen: 279616K(291840K)->64K(269312K) Eden: 279552K(279552K)->0K(268800K) From: 64K(12288K)->64K(512K)
[704.952s][info][gc,heap        ] GC(1755) ParOldGen: 553996K(554496K)->554004K(554496K)
[704.952s][info][gc,metaspace   ] GC(1755) Metaspace: 35545K(36288K)->35545K(36288K) NonClass: 26335K(26880K)->26335K(26880K) Class: 9209K(9408K)->9209K(9408K)
[704.952s][info][gc             ] GC(1755) Pause Young (Allocation Failure) 814M->541M(804M) 2.138ms
[704.952s][info][gc,cpu         ] GC(1755) User=0.01s Sys=0.00s Real=0.00s
[705.885s][info][gc,start       ] GC(1756) Pause Young (Allocation Failure)
[705.887s][info][gc,heap        ] GC(1756) PSYoungGen: 268864K(269312K)->64K(269312K) Eden: 268800K(268800K)->0K(258560K) From: 64K(512K)->64K(10752K)
[705.887s][info][gc,heap        ] GC(1756) ParOldGen: 554004K(554496K)->554012K(554496K)
[705.887s][info][gc,metaspace   ] GC(1756) Metaspace: 35545K(36288K)->35545K(36288K) NonClass: 26335K(26880K)->26335K(26880K) Class: 9209K(9408K)->9209K(9408K)
[705.887s][info][gc             ] GC(1756) Pause Young (Allocation Failure) 803M->541M(804M) 1.596ms
[705.887s][info][gc,cpu         ] GC(1756) User=0.00s Sys=0.00s Real=0.00s
[706.237s][info][gc,start       ] GC(1757) Pause Young (Allocation Failure)
[706.238s][info][gc,heap        ] GC(1757) PSYoungGen: 258624K(269312K)->64K(249344K) Eden: 258560K(258560K)->0K(248832K) From: 64K(10752K)->64K(512K)
[706.238s][info][gc,heap        ] GC(1757) ParOldGen: 554012K(554496K)->554020K(554496K)
[706.238s][info][gc,metaspace   ] GC(1757) Metaspace: 35545K(36288K)->35545K(36288K) NonClass: 26335K(26880K)->26335K(26880K) Class: 9209K(9408K)->9209K(9408K)
[706.238s][info][gc             ] GC(1757) Pause Young (Allocation Failure) 793M->541M(785M) 1.784ms
[706.238s][info][gc,cpu         ] GC(1757) User=0.00s Sys=0.00s Real=0.00s
[706.341s][info][gc,start       ] GC(1758) Pause Young (Allocation Failure)
[706.343s][info][gc,heap        ] GC(1758) PSYoungGen: 248896K(249344K)->64K(248320K) Eden: 248832K(248832K)->0K(239104K) From: 64K(512K)->64K(9216K)
[706.343s][info][gc,heap        ] GC(1758) ParOldGen: 554020K(554496K)->554028K(554496K)
[706.343s][info][gc,metaspace   ] GC(1758) Metaspace: 35545K(36288K)->35545K(36288K) NonClass: 26335K(26880K)->26335K(26880K) Class: 9209K(9408K)->9209K(9408K)
[706.343s][info][gc             ] GC(1758) Pause Young (Allocation Failure) 784M->541M(784M) 1.414ms
[706.343s][info][gc,cpu         ] GC(1758) User=0.00s Sys=0.00s Real=0.00s
[706.733s][info][gc,start       ] GC(1759) Pause Young (Allocation Failure)
[706.737s][info][gc,heap        ] GC(1759) PSYoungGen: 239168K(248320K)->64K(230400K) Eden: 239104K(239104K)->0K(229888K) From: 64K(9216K)->64K(512K)
[706.737s][info][gc,heap        ] GC(1759) ParOldGen: 554028K(554496K)->554036K(554496K)
[706.737s][info][gc,metaspace   ] GC(1759) Metaspace: 35545K(36288K)->35545K(36288K) NonClass: 26335K(26880K)->26335K(26880K) Class: 9209K(9408K)->9209K(9408K)
[706.737s][info][gc             ] GC(1759) Pause Young (Allocation Failure) 774M->541M(766M) 3.510ms
[706.737s][info][gc,cpu         ] GC(1759) User=0.00s Sys=0.01s Real=0.00s
[707.019s][info][gc,start       ] GC(1760) Pause Young (Allocation Failure)
[707.021s][info][gc,heap        ] GC(1760) PSYoungGen: 229952K(230400K)->64K(229376K) Eden: 229888K(229888K)->0K(221184K) From: 64K(512K)->64K(8192K)
[707.021s][info][gc,heap        ] GC(1760) ParOldGen: 554036K(554496K)->554044K(554496K)
[707.021s][info][gc,metaspace   ] GC(1760) Metaspace: 35545K(36288K)->35545K(36288K) NonClass: 26335K(26880K)->26335K(26880K) Class: 9209K(9408K)->9209K(9408K)
[707.021s][info][gc             ] GC(1760) Pause Young (Allocation Failure) 765M->541M(765M) 2.958ms
[707.022s][info][gc,cpu         ] GC(1760) User=0.00s Sys=0.00s Real=0.00s
[707.381s][info][gc,start       ] GC(1761) Pause Young (Allocation Failure)
[707.391s][info][gc,heap        ] GC(1761) PSYoungGen: 221248K(229376K)->4736K(268288K) Eden: 221184K(221184K)->0K(263168K) From: 64K(8192K)->4736K(5120K)
[707.391s][info][gc,heap        ] GC(1761) ParOldGen: 554044K(554496K)->554060K(554496K)
[707.391s][info][gc,metaspace   ] GC(1761) Metaspace: 35545K(36288K)->35545K(36288K) NonClass: 26335K(26880K)->26335K(26880K) Class: 9209K(9408K)->9209K(9408K)
[707.391s][info][gc             ] GC(1761) Pause Young (Allocation Failure) 757M->545M(803M) 9.323ms
[707.391s][info][gc,cpu         ] GC(1761) User=0.02s Sys=0.00s Real=0.01s
[707.717s][info][gc,start       ] GC(1762) Pause Young (Allocation Failure)
[707.776s][info][gc,heap        ] GC(1762) PSYoungGen: 267904K(268288K)->8192K(282624K) Eden: 263168K(263168K)->0K(274432K) From: 4736K(5120K)->8192K(8192K)
[707.776s][info][gc,heap        ] GC(1762) ParOldGen: 554060K(554496K)->575740K(576000K)
[707.776s][info][gc,metaspace   ] GC(1762) Metaspace: 35545K(36288K)->35545K(36288K) NonClass: 26335K(26880K)->26335K(26880K) Class: 9209K(9408K)->9209K(9408K)
[707.776s][info][gc             ] GC(1762) Pause Young (Allocation Failure) 802M->570M(838M) 58.838ms
[707.776s][info][gc,cpu         ] GC(1762) User=0.10s Sys=0.01s Real=0.06s
[708.090s][info][gc,start       ] GC(1763) Pause Young (Allocation Failure)
[708.153s][info][gc,heap        ] GC(1763) PSYoungGen: 282624K(282624K)->17920K(299520K) Eden: 274432K(274432K)->0K(281600K) From: 8192K(8192K)->17920K(17920K)
[708.153s][info][gc,heap        ] GC(1763) ParOldGen: 575740K(576000K)->586460K(586752K)
[708.153s][info][gc,metaspace   ] GC(1763) Metaspace: 35545K(36288K)->35545K(36288K) NonClass: 26335K(26880K)->26335K(26880K) Class: 9209K(9408K)->9209K(9408K)
[708.153s][info][gc             ] GC(1763) Pause Young (Allocation Failure) 838M->590M(865M) 63.038ms
[708.153s][info][gc,cpu         ] GC(1763) User=0.10s Sys=0.03s Real=0.06s
[708.256s][info][gc,start       ] GC(1764) Pause Young (Allocation Failure)
[708.261s][info][gc,heap        ] GC(1764) PSYoungGen: 299520K(299520K)->64K(307712K) Eden: 281600K(281600K)->0K(281600K) From: 17920K(17920K)->64K(26112K)
[708.261s][info][gc,heap        ] GC(1764) ParOldGen: 586460K(586752K)->586740K(586752K)
[708.261s][info][gc,metaspace   ] GC(1764) Metaspace: 35545K(36288K)->35545K(36288K) NonClass: 26335K(26880K)->26335K(26880K) Class: 9209K(9408K)->9209K(9408K)
[708.261s][info][gc             ] GC(1764) Pause Young (Allocation Failure) 865M->573M(873M) 4.567ms
[708.261s][info][gc,cpu         ] GC(1764) User=0.01s Sys=0.00s Real=0.00s
[708.907s][info][gc,start       ] GC(1765) Pause Young (Allocation Failure)
[708.909s][info][gc,heap        ] GC(1765) PSYoungGen: 281664K(307712K)->64K(304640K) Eden: 281600K(281600K)->0K(282624K) From: 64K(26112K)->64K(22016K)
[708.909s][info][gc,heap        ] GC(1765) ParOldGen: 586740K(586752K)->586748K(586752K)
[708.909s][info][gc,metaspace   ] GC(1765) Metaspace: 35545K(36288K)->35545K(36288K) NonClass: 26335K(26880K)->26335K(26880K) Class: 9209K(9408K)->9209K(9408K)
[708.909s][info][gc             ] GC(1765) Pause Young (Allocation Failure) 848M->573M(870M) 1.942ms
[708.909s][info][gc,cpu         ] GC(1765) User=0.00s Sys=0.00s Real=0.00s
[709.257s][info][gc,start       ] GC(1766) Pause Young (Allocation Failure)
[709.259s][info][gc,heap        ] GC(1766) PSYoungGen: 282688K(304640K)->64K(306688K) Eden: 282624K(282624K)->0K(282624K) From: 64K(22016K)->64K(24064K)
[709.259s][info][gc,heap        ] GC(1766) ParOldGen: 586748K(586752K)->586756K(587264K)
[709.259s][info][gc,metaspace   ] GC(1766) Metaspace: 35545K(36288K)->35545K(36288K) NonClass: 26335K(26880K)->26335K(26880K) Class: 9209K(9408K)->9209K(9408K)
[709.259s][info][gc             ] GC(1766) Pause Young (Allocation Failure) 849M->573M(873M) 1.700ms
[709.259s][info][gc,cpu         ] GC(1766) User=0.00s Sys=0.00s Real=0.00s
[709.684s][info][gc,start       ] GC(1767) Pause Young (Allocation Failure)
[709.686s][info][gc,heap        ] GC(1767) PSYoungGen: 282688K(306688K)->64K(306688K) Eden: 282624K(282624K)->0K(286720K) From: 64K(24064K)->64K(19968K)
[709.686s][info][gc,heap        ] GC(1767) ParOldGen: 586756K(587264K)->586772K(587264K)
[709.686s][info][gc,metaspace   ] GC(1767) Metaspace: 35545K(36288K)->35545K(36288K) NonClass: 26335K(26880K)->26335K(26880K) Class: 9209K(9408K)->9209K(9408K)
[709.686s][info][gc             ] GC(1767) Pause Young (Allocation Failure) 849M->573M(873M) 1.684ms
[709.686s][info][gc,cpu         ] GC(1767) User=0.00s Sys=0.00s Real=0.00s
[709.936s][info][gc,start       ] GC(1768) Pause Young (Allocation Failure)
[709.938s][info][gc,heap        ] GC(1768) PSYoungGen: 286784K(306688K)->64K(308736K) Eden: 286720K(286720K)->0K(286720K) From: 64K(19968K)->64K(22016K)
[709.938s][info][gc,heap        ] GC(1768) ParOldGen: 586772K(587264K)->586788K(587264K)
[709.938s][info][gc,metaspace   ] GC(1768) Metaspace: 35545K(36288K)->35545K(36288K) NonClass: 26335K(26880K)->26335K(26880K) Class: 9209K(9408K)->9209K(9408K)
[709.938s][info][gc             ] GC(1768) Pause Young (Allocation Failure) 853M->573M(875M) 1.867ms
[709.938s][info][gc,cpu         ] GC(1768) User=0.00s Sys=0.00s Real=0.00s
[710.296s][info][gc,start       ] GC(1769) Pause Young (Allocation Failure)
[710.297s][info][gc,heap        ] GC(1769) PSYoungGen: 286784K(308736K)->64K(308736K) Eden: 286720K(286720K)->0K(290816K) From: 64K(22016K)->64K(17920K)
[710.297s][info][gc,heap        ] GC(1769) ParOldGen: 586788K(587264K)->586788K(587264K)
[710.297s][info][gc,metaspace   ] GC(1769) Metaspace: 35545K(36288K)->35545K(36288K) NonClass: 26335K(26880K)->26335K(26880K) Class: 9209K(9408K)->9209K(9408K)
[710.297s][info][gc             ] GC(1769) Pause Young (Allocation Failure) 853M->573M(875M) 1.731ms
[710.297s][info][gc,cpu         ] GC(1769) User=0.00s Sys=0.00s Real=0.00s
[710.375s][info][gc,start       ] GC(1770) Pause Young (Allocation Failure)
[710.376s][info][gc,heap        ] GC(1770) PSYoungGen: 290880K(308736K)->64K(310784K) Eden: 290816K(290816K)->0K(290816K) From: 64K(17920K)->64K(19968K)
[710.376s][info][gc,heap        ] GC(1770) ParOldGen: 586788K(587264K)->586796K(587264K)
[710.376s][info][gc,metaspace   ] GC(1770) Metaspace: 35545K(36288K)->35545K(36288K) NonClass: 26335K(26880K)->26335K(26880K) Class: 9209K(9408K)->9209K(9408K)
[710.376s][info][gc             ] GC(1770) Pause Young (Allocation Failure) 857M->573M(877M) 1.531ms
[710.376s][info][gc,cpu         ] GC(1770) User=0.00s Sys=0.00s Real=0.00s
[710.427s][info][gc,start       ] GC(1771) Pause Young (Allocation Failure)
[710.428s][info][gc,heap        ] GC(1771) PSYoungGen: 290880K(310784K)->64K(310784K) Eden: 290816K(290816K)->0K(294912K) From: 64K(19968K)->64K(15872K)
[710.428s][info][gc,heap        ] GC(1771) ParOldGen: 586796K(587264K)->586812K(587264K)
[710.428s][info][gc,metaspace   ] GC(1771) Metaspace: 35545K(36288K)->35545K(36288K) NonClass: 26335K(26880K)->26335K(26880K) Class: 9209K(9408K)->9209K(9408K)
[710.428s][info][gc             ] GC(1771) Pause Young (Allocation Failure) 857M->573M(877M) 1.497ms
[710.428s][info][gc,cpu         ] GC(1771) User=0.00s Sys=0.00s Real=0.00s
[710.652s][info][gc,start       ] GC(1772) Pause Young (Allocation Failure)
[710.654s][info][gc,heap        ] GC(1772) PSYoungGen: 294976K(310784K)->64K(312832K) Eden: 294912K(294912K)->0K(294912K) From: 64K(15872K)->64K(17920K)
[710.654s][info][gc,heap        ] GC(1772) ParOldGen: 586812K(587264K)->586812K(587264K)
[710.654s][info][gc,metaspace   ] GC(1772) Metaspace: 35545K(36288K)->35545K(36288K) NonClass: 26335K(26880K)->26335K(26880K) Class: 9209K(9408K)->9209K(9408K)
[710.654s][info][gc             ] GC(1772) Pause Young (Allocation Failure) 861M->573M(879M) 1.686ms
[710.654s][info][gc,cpu         ] GC(1772) User=0.00s Sys=0.00s Real=0.01s
[710.933s][info][gc,start       ] GC(1773) Pause Young (Allocation Failure)
[710.934s][info][gc,heap        ] GC(1773) PSYoungGen: 294976K(312832K)->64K(312832K) Eden: 294912K(294912K)->0K(299008K) From: 64K(17920K)->64K(13824K)
[710.934s][info][gc,heap        ] GC(1773) ParOldGen: 586812K(587264K)->586820K(587264K)
[710.934s][info][gc,metaspace   ] GC(1773) Metaspace: 35545K(36288K)->35545K(36288K) NonClass: 26335K(26880K)->26335K(26880K) Class: 9209K(9408K)->9209K(9408K)
[710.934s][info][gc             ] GC(1773) Pause Young (Allocation Failure) 861M->573M(879M) 1.599ms
[710.934s][info][gc,cpu         ] GC(1773) User=0.00s Sys=0.00s Real=0.01s
[711.064s][info][gc,start       ] GC(1774) Pause Young (Allocation Failure)
[711.066s][info][gc,heap        ] GC(1774) PSYoungGen: 299072K(312832K)->64K(314880K) Eden: 299008K(299008K)->0K(299008K) From: 64K(13824K)->64K(15872K)
[711.066s][info][gc,heap        ] GC(1774) ParOldGen: 586820K(587264K)->586828K(587264K)
[711.066s][info][gc,metaspace   ] GC(1774) Metaspace: 35545K(36288K)->35545K(36288K) NonClass: 26335K(26880K)->26335K(26880K) Class: 9209K(9408K)->9209K(9408K)
[711.066s][info][gc             ] GC(1774) Pause Young (Allocation Failure) 865M->573M(881M) 1.617ms
[711.066s][info][gc,cpu         ] GC(1774) User=0.00s Sys=0.00s Real=0.00s
[711.176s][info][gc,start       ] GC(1775) Pause Young (Allocation Failure)
[711.177s][info][gc,heap        ] GC(1775) PSYoungGen: 299072K(314880K)->64K(314880K) Eden: 299008K(299008K)->0K(303104K) From: 64K(15872K)->64K(11776K)
[711.177s][info][gc,heap        ] GC(1775) ParOldGen: 586828K(587264K)->586836K(587264K)
[711.177s][info][gc,metaspace   ] GC(1775) Metaspace: 35545K(36288K)->35545K(36288K) NonClass: 26335K(26880K)->26335K(26880K) Class: 9209K(9408K)->9209K(9408K)
[711.177s][info][gc             ] GC(1775) Pause Young (Allocation Failure) 865M->573M(881M) 1.754ms
[711.177s][info][gc,cpu         ] GC(1775) User=0.01s Sys=0.00s Real=0.00s
[711.461s][info][gc,start       ] GC(1776) Pause Young (Allocation Failure)
[711.463s][info][gc,heap        ] GC(1776) PSYoungGen: 303168K(314880K)->64K(316928K) Eden: 303104K(303104K)->0K(303104K) From: 64K(11776K)->64K(13824K)
[711.463s][info][gc,heap        ] GC(1776) ParOldGen: 586836K(587264K)->586844K(587264K)
[711.463s][info][gc,metaspace   ] GC(1776) Metaspace: 35545K(36288K)->35545K(36288K) NonClass: 26335K(26880K)->26335K(26880K) Class: 9209K(9408K)->9209K(9408K)
[711.463s][info][gc             ] GC(1776) Pause Young (Allocation Failure) 869M->573M(883M) 1.747ms
[711.463s][info][gc,cpu         ] GC(1776) User=0.00s Sys=0.01s Real=0.01s
[712.228s][info][gc,start       ] GC(1777) Pause Young (Allocation Failure)
[712.230s][info][gc,heap        ] GC(1777) PSYoungGen: 303168K(316928K)->64K(317440K) Eden: 303104K(303104K)->0K(306688K) From: 64K(13824K)->64K(10752K)
[712.230s][info][gc,heap        ] GC(1777) ParOldGen: 586844K(587264K)->586852K(587264K)
[712.230s][info][gc,metaspace   ] GC(1777) Metaspace: 35545K(36288K)->35545K(36288K) NonClass: 26335K(26880K)->26335K(26880K) Class: 9209K(9408K)->9209K(9408K)
[712.230s][info][gc             ] GC(1777) Pause Young (Allocation Failure) 869M->573M(883M) 1.630ms
[712.230s][info][gc,cpu         ] GC(1777) User=0.01s Sys=0.00s Real=0.00s
[713.137s][info][gc,start       ] GC(1778) Pause Young (Allocation Failure)
[713.140s][info][gc,heap        ] GC(1778) PSYoungGen: 306752K(317440K)->64K(294912K) Eden: 306688K(306688K)->0K(294400K) From: 64K(10752K)->64K(512K)
[713.140s][info][gc,heap        ] GC(1778) ParOldGen: 586852K(587264K)->586860K(587264K)
[713.140s][info][gc,metaspace   ] GC(1778) Metaspace: 35545K(36288K)->35545K(36288K) NonClass: 26335K(26880K)->26335K(26880K) Class: 9209K(9408K)->9209K(9408K)
[713.140s][info][gc             ] GC(1778) Pause Young (Allocation Failure) 872M->573M(861M) 2.328ms
[713.140s][info][gc,cpu         ] GC(1778) User=0.00s Sys=0.00s Real=0.00s
[713.605s][info][gc,start       ] GC(1779) Pause Young (Allocation Failure)
[713.607s][info][gc,heap        ] GC(1779) PSYoungGen: 294464K(294912K)->64K(283136K) Eden: 294400K(294400K)->0K(282624K) From: 64K(512K)->64K(512K)
[713.607s][info][gc,heap        ] GC(1779) ParOldGen: 586860K(587264K)->586868K(587264K)
[713.607s][info][gc,metaspace   ] GC(1779) Metaspace: 35545K(36288K)->35545K(36288K) NonClass: 26335K(26880K)->26335K(26880K) Class: 9209K(9408K)->9209K(9408K)
[713.607s][info][gc             ] GC(1779) Pause Young (Allocation Failure) 860M->573M(850M) 2.072ms
[713.607s][info][gc,cpu         ] GC(1779) User=0.01s Sys=0.00s Real=0.00s
[714.621s][info][gc,start       ] GC(1780) Pause Young (Allocation Failure)
[714.623s][info][gc,heap        ] GC(1780) PSYoungGen: 282688K(283136K)->64K(282112K) Eden: 282624K(282624K)->0K(271360K) From: 64K(512K)->64K(10752K)
[714.623s][info][gc,heap        ] GC(1780) ParOldGen: 586868K(587264K)->586876K(587264K)
[714.623s][info][gc,metaspace   ] GC(1780) Metaspace: 35545K(36288K)->35545K(36288K) NonClass: 26335K(26880K)->26335K(26880K) Class: 9209K(9408K)->9209K(9408K)
[714.623s][info][gc             ] GC(1780) Pause Young (Allocation Failure) 849M->573M(849M) 1.701ms
[714.623s][info][gc,cpu         ] GC(1780) User=0.00s Sys=0.00s Real=0.00s
[714.979s][info][gc,start       ] GC(1781) Pause Young (Allocation Failure)
[714.981s][info][gc,heap        ] GC(1781) PSYoungGen: 271424K(282112K)->64K(261120K) Eden: 271360K(271360K)->0K(260608K) From: 64K(10752K)->64K(512K)
[714.981s][info][gc,heap        ] GC(1781) ParOldGen: 586876K(587264K)->586884K(587264K)
[714.981s][info][gc,metaspace   ] GC(1781) Metaspace: 35545K(36288K)->35545K(36288K) NonClass: 26335K(26880K)->26335K(26880K) Class: 9209K(9408K)->9209K(9408K)
[714.981s][info][gc             ] GC(1781) Pause Young (Allocation Failure) 838M->573M(828M) 2.118ms
[714.981s][info][gc,cpu         ] GC(1781) User=0.01s Sys=0.00s Real=0.00s
[715.096s][info][gc,start       ] GC(1782) Pause Young (Allocation Failure)
[715.098s][info][gc,heap        ] GC(1782) PSYoungGen: 260672K(261120K)->64K(259584K) Eden: 260608K(260608K)->0K(250368K) From: 64K(512K)->64K(9216K)
[715.098s][info][gc,heap        ] GC(1782) ParOldGen: 586884K(587264K)->586892K(587264K)
[715.098s][info][gc,metaspace   ] GC(1782) Metaspace: 35545K(36288K)->35545K(36288K) NonClass: 26335K(26880K)->26335K(26880K) Class: 9209K(9408K)->9209K(9408K)
[715.098s][info][gc             ] GC(1782) Pause Young (Allocation Failure) 827M->573M(827M) 1.632ms
[715.098s][info][gc,cpu         ] GC(1782) User=0.00s Sys=0.00s Real=0.00s
[715.528s][info][gc,start       ] GC(1783) Pause Young (Allocation Failure)
[715.530s][info][gc,heap        ] GC(1783) PSYoungGen: 250432K(259584K)->64K(241152K) Eden: 250368K(250368K)->0K(240640K) From: 64K(9216K)->64K(512K)
[715.530s][info][gc,heap        ] GC(1783) ParOldGen: 586892K(587264K)->586900K(587264K)
[715.530s][info][gc,metaspace   ] GC(1783) Metaspace: 35545K(36288K)->35545K(36288K) NonClass: 26335K(26880K)->26335K(26880K) Class: 9209K(9408K)->9209K(9408K)
[715.531s][info][gc             ] GC(1783) Pause Young (Allocation Failure) 817M->573M(809M) 2.106ms
[715.531s][info][gc,cpu         ] GC(1783) User=0.00s Sys=0.00s Real=0.00s
[715.813s][info][gc,start       ] GC(1784) Pause Young (Allocation Failure)
[715.814s][info][gc,heap        ] GC(1784) PSYoungGen: 240704K(241152K)->64K(239616K) Eden: 240640K(240640K)->0K(231424K) From: 64K(512K)->64K(8192K)
[715.814s][info][gc,heap        ] GC(1784) ParOldGen: 586900K(587264K)->586908K(587264K)
[715.814s][info][gc,metaspace   ] GC(1784) Metaspace: 35545K(36288K)->35545K(36288K) NonClass: 26335K(26880K)->26335K(26880K) Class: 9209K(9408K)->9209K(9408K)
[715.814s][info][gc             ] GC(1784) Pause Young (Allocation Failure) 808M->573M(807M) 1.618ms
[715.814s][info][gc,cpu         ] GC(1784) User=0.00s Sys=0.00s Real=0.01s
[716.176s][info][gc,start       ] GC(1785) Pause Young (Allocation Failure)
[716.191s][info][gc,heap        ] GC(1785) PSYoungGen: 231488K(239616K)->7680K(282112K) Eden: 231424K(231424K)->0K(274432K) From: 64K(8192K)->7680K(7680K)
[716.191s][info][gc,heap        ] GC(1785) ParOldGen: 586908K(587264K)->588196K(588288K)
[716.191s][info][gc,metaspace   ] GC(1785) Metaspace: 35545K(36288K)->35545K(36288K) NonClass: 26335K(26880K)->26335K(26880K) Class: 9209K(9408K)->9209K(9408K)
[716.191s][info][gc             ] GC(1785) Pause Young (Allocation Failure) 799M->581M(850M) 14.610ms
[716.191s][info][gc,cpu         ] GC(1785) User=0.03s Sys=0.00s Real=0.01s
[716.531s][info][gc,start       ] GC(1786) Pause Young (Allocation Failure)
[716.591s][info][gc,heap        ] GC(1786) PSYoungGen: 282112K(282112K)->9728K(284160K) Eden: 274432K(274432K)->0K(274432K) From: 7680K(7680K)->9728K(9728K)
[716.591s][info][gc,heap        ] GC(1786) ParOldGen: 588196K(588288K)->609644K(609792K)
[716.591s][info][gc,metaspace   ] GC(1786) Metaspace: 35545K(36288K)->35545K(36288K) NonClass: 26335K(26880K)->26335K(26880K) Class: 9209K(9408K)->9209K(9408K)
[716.591s][info][gc             ] GC(1786) Pause Young (Allocation Failure) 849M->604M(873M) 60.009ms
[716.591s][info][gc,cpu         ] GC(1786) User=0.10s Sys=0.02s Real=0.06s
[716.859s][info][gc,start       ] GC(1787) Pause Young (Allocation Failure)
[716.911s][info][gc,heap        ] GC(1787) PSYoungGen: 284160K(284160K)->19968K(302592K) Eden: 274432K(274432K)->0K(282624K) From: 9728K(9728K)->19968K(19968K)
[716.911s][info][gc,heap        ] GC(1787) ParOldGen: 609644K(609792K)->612780K(612864K)
[716.911s][info][gc,metaspace   ] GC(1787) Metaspace: 35545K(36288K)->35545K(36288K) NonClass: 26335K(26880K)->26335K(26880K) Class: 9209K(9408K)->9209K(9408K)
[716.911s][info][gc             ] GC(1787) Pause Young (Allocation Failure) 872M->617M(894M) 52.121ms
[716.911s][info][gc,cpu         ] GC(1787) User=0.09s Sys=0.02s Real=0.05s
[717.109s][info][gc,start       ] GC(1788) Pause Young (Allocation Failure)
[717.112s][info][gc,heap        ] GC(1788) PSYoungGen: 302592K(302592K)->64K(308224K) Eden: 282624K(282624K)->0K(282624K) From: 19968K(19968K)->64K(25600K)
[717.112s][info][gc,heap        ] GC(1788) ParOldGen: 612780K(612864K)->612860K(612864K)
[717.112s][info][gc,metaspace   ] GC(1788) Metaspace: 35545K(36288K)->35545K(36288K) NonClass: 26335K(26880K)->26335K(26880K) Class: 9209K(9408K)->9209K(9408K)
[717.112s][info][gc             ] GC(1788) Pause Young (Allocation Failure) 893M->598M(899M) 2.714ms
[717.112s][info][gc,cpu         ] GC(1788) User=0.00s Sys=0.00s Real=0.00s
[717.767s][info][gc,start       ] GC(1789) Pause Young (Allocation Failure)
[717.769s][info][gc,heap        ] GC(1789) PSYoungGen: 282688K(308224K)->64K(305152K) Eden: 282624K(282624K)->0K(283648K) From: 64K(25600K)->64K(21504K)
[717.769s][info][gc,heap        ] GC(1789) ParOldGen: 612860K(612864K)->612868K(613376K)
[717.769s][info][gc,metaspace   ] GC(1789) Metaspace: 35545K(36288K)->35545K(36288K) NonClass: 26335K(26880K)->26335K(26880K) Class: 9209K(9408K)->9209K(9408K)
[717.769s][info][gc             ] GC(1789) Pause Young (Allocation Failure) 874M->598M(897M) 2.018ms
[717.769s][info][gc,cpu         ] GC(1789) User=0.01s Sys=0.00s Real=0.00s
[718.234s][info][gc,start       ] GC(1790) Pause Young (Allocation Failure)
[718.236s][info][gc,heap        ] GC(1790) PSYoungGen: 283712K(305152K)->64K(307200K) Eden: 283648K(283648K)->0K(283648K) From: 64K(21504K)->64K(23552K)
[718.236s][info][gc,heap        ] GC(1790) ParOldGen: 612868K(613376K)->612884K(613376K)
[718.236s][info][gc,metaspace   ] GC(1790) Metaspace: 35545K(36288K)->35545K(36288K) NonClass: 26335K(26880K)->26335K(26880K) Class: 9209K(9408K)->9209K(9408K)
[718.236s][info][gc             ] GC(1790) Pause Young (Allocation Failure) 875M->598M(899M) 1.795ms
[718.236s][info][gc,cpu         ] GC(1790) User=0.00s Sys=0.00s Real=0.00s
[718.468s][info][gc,start       ] GC(1791) Pause Young (Allocation Failure)
[718.470s][info][gc,heap        ] GC(1791) PSYoungGen: 283712K(307200K)->32K(308224K) Eden: 283648K(283648K)->0K(287744K) From: 64K(23552K)->32K(20480K)
[718.470s][info][gc,heap        ] GC(1791) ParOldGen: 612884K(613376K)->612900K(613376K)
[718.470s][info][gc,metaspace   ] GC(1791) Metaspace: 35545K(36288K)->35545K(36288K) NonClass: 26335K(26880K)->26335K(26880K) Class: 9209K(9408K)->9209K(9408K)
[718.470s][info][gc             ] GC(1791) Pause Young (Allocation Failure) 875M->598M(900M) 1.700ms
[718.470s][info][gc,cpu         ] GC(1791) User=0.01s Sys=0.00s Real=0.00s
[718.706s][info][gc,start       ] GC(1792) Pause Young (Allocation Failure)
[718.708s][info][gc,heap        ] GC(1792) PSYoungGen: 287776K(308224K)->64K(309760K) Eden: 287744K(287744K)->0K(287744K) From: 32K(20480K)->64K(22016K)
[718.708s][info][gc,heap        ] GC(1792) ParOldGen: 612900K(613376K)->612900K(613376K)
[718.708s][info][gc,metaspace   ] GC(1792) Metaspace: 35545K(36288K)->35545K(36288K) NonClass: 26335K(26880K)->26335K(26880K) Class: 9209K(9408K)->9209K(9408K)
[718.708s][info][gc             ] GC(1792) Pause Young (Allocation Failure) 879M->598M(901M) 1.699ms
[718.708s][info][gc,cpu         ] GC(1792) User=0.00s Sys=0.00s Real=0.00s
[719.060s][info][gc,start       ] GC(1793) Pause Young (Allocation Failure)
[719.061s][info][gc,heap        ] GC(1793) PSYoungGen: 287808K(309760K)->64K(309248K) Eden: 287744K(287744K)->0K(290816K) From: 64K(22016K)->64K(18432K)
[719.061s][info][gc,heap        ] GC(1793) ParOldGen: 612900K(613376K)->612900K(613376K)
[719.061s][info][gc,metaspace   ] GC(1793) Metaspace: 35545K(36288K)->35545K(36288K) NonClass: 26335K(26880K)->26335K(26880K) Class: 9209K(9408K)->9209K(9408K)
[719.061s][info][gc             ] GC(1793) Pause Young (Allocation Failure) 879M->598M(901M) 1.703ms
[719.061s][info][gc,cpu         ] GC(1793) User=0.01s Sys=0.00s Real=0.00s
[719.111s][info][gc,start       ] GC(1794) Pause Young (Allocation Failure)
[719.112s][info][gc,heap        ] GC(1794) PSYoungGen: 290880K(309248K)->64K(310784K) Eden: 290816K(290816K)->0K(290816K) From: 64K(18432K)->64K(19968K)
[719.112s][info][gc,heap        ] GC(1794) ParOldGen: 612900K(613376K)->612916K(613376K)
[719.112s][info][gc,metaspace   ] GC(1794) Metaspace: 35545K(36288K)->35545K(36288K) NonClass: 26335K(26880K)->26335K(26880K) Class: 9209K(9408K)->9209K(9408K)
[719.112s][info][gc             ] GC(1794) Pause Young (Allocation Failure) 882M->598M(902M) 1.597ms
[719.112s][info][gc,cpu         ] GC(1794) User=0.00s Sys=0.00s Real=0.00s
[719.161s][info][gc,start       ] GC(1795) Pause Young (Allocation Failure)
[719.162s][info][gc,heap        ] GC(1795) PSYoungGen: 290880K(310784K)->64K(312832K) Eden: 290816K(290816K)->0K(295424K) From: 64K(19968K)->64K(17408K)
[719.162s][info][gc,heap        ] GC(1795) ParOldGen: 612916K(613376K)->612916K(613376K)
[719.162s][info][gc,metaspace   ] GC(1795) Metaspace: 35545K(36288K)->35545K(36288K) NonClass: 26335K(26880K)->26335K(26880K) Class: 9209K(9408K)->9209K(9408K)
[719.163s][info][gc             ] GC(1795) Pause Young (Allocation Failure) 882M->598M(904M) 1.528ms
[719.163s][info][gc,cpu         ] GC(1795) User=0.00s Sys=0.00s Real=0.00s
[719.438s][info][gc,start       ] GC(1796) Pause Young (Allocation Failure)
[719.439s][info][gc,heap        ] GC(1796) PSYoungGen: 295488K(312832K)->64K(313344K) Eden: 295424K(295424K)->0K(295424K) From: 64K(17408K)->64K(17920K)
[719.439s][info][gc,heap        ] GC(1796) ParOldGen: 612916K(613376K)->612916K(613376K)
[719.439s][info][gc,metaspace   ] GC(1796) Metaspace: 35545K(36288K)->35545K(36288K) NonClass: 26335K(26880K)->26335K(26880K) Class: 9209K(9408K)->9209K(9408K)
[719.439s][info][gc             ] GC(1796) Pause Young (Allocation Failure) 887M->598M(905M) 1.767ms
[719.439s][info][gc,cpu         ] GC(1796) User=0.00s Sys=0.00s Real=0.00s
[719.702s][info][gc,start       ] GC(1797) Pause Young (Allocation Failure)
[719.704s][info][gc,heap        ] GC(1797) PSYoungGen: 295488K(313344K)->64K(314368K) Eden: 295424K(295424K)->0K(299008K) From: 64K(17920K)->64K(15360K)
[719.704s][info][gc,heap        ] GC(1797) ParOldGen: 612916K(613376K)->612924K(613376K)
[719.704s][info][gc,metaspace   ] GC(1797) Metaspace: 35545K(36288K)->35545K(36288K) NonClass: 26335K(26880K)->26335K(26880K) Class: 9209K(9408K)->9209K(9408K)
[719.704s][info][gc             ] GC(1797) Pause Young (Allocation Failure) 887M->598M(906M) 1.757ms
[719.704s][info][gc,cpu         ] GC(1797) User=0.01s Sys=0.00s Real=0.01s
[719.809s][info][gc,start       ] GC(1798) Pause Young (Allocation Failure)
[719.810s][info][gc,heap        ] GC(1798) PSYoungGen: 299072K(314368K)->64K(314880K) Eden: 299008K(299008K)->0K(299008K) From: 64K(15360K)->64K(15872K)
[719.810s][info][gc,heap        ] GC(1798) ParOldGen: 612924K(613376K)->612932K(613376K)
[719.810s][info][gc,metaspace   ] GC(1798) Metaspace: 35545K(36288K)->35545K(36288K) NonClass: 26335K(26880K)->26335K(26880K) Class: 9209K(9408K)->9209K(9408K)
[719.810s][info][gc             ] GC(1798) Pause Young (Allocation Failure) 890M->598M(906M) 1.695ms
[719.810s][info][gc,cpu         ] GC(1798) User=0.00s Sys=0.00s Real=0.00s
[719.940s][info][gc,start       ] GC(1799) Pause Young (Allocation Failure)
[719.942s][info][gc,heap        ] GC(1799) PSYoungGen: 299072K(314880K)->64K(316416K) Eden: 299008K(299008K)->0K(303104K) From: 64K(15872K)->64K(13312K)
[719.942s][info][gc,heap        ] GC(1799) ParOldGen: 612932K(613376K)->612940K(613376K)
[719.942s][info][gc,metaspace   ] GC(1799) Metaspace: 35545K(36288K)->35545K(36288K) NonClass: 26335K(26880K)->26335K(26880K) Class: 9209K(9408K)->9209K(9408K)
[719.942s][info][gc             ] GC(1799) Pause Young (Allocation Failure) 890M->598M(908M) 1.624ms
[719.942s][info][gc,cpu         ] GC(1799) User=0.00s Sys=0.00s Real=0.00s
[720.339s][info][gc,start       ] GC(1800) Pause Young (Allocation Failure)
[720.341s][info][gc,heap        ] GC(1800) PSYoungGen: 303168K(316416K)->64K(316928K) Eden: 303104K(303104K)->0K(303104K) From: 64K(13312K)->64K(13824K)
[720.341s][info][gc,heap        ] GC(1800) ParOldGen: 612940K(613376K)->612948K(613376K)
[720.341s][info][gc,metaspace   ] GC(1800) Metaspace: 35545K(36288K)->35545K(36288K) NonClass: 26335K(26880K)->26335K(26880K) Class: 9209K(9408K)->9209K(9408K)
[720.341s][info][gc             ] GC(1800) Pause Young (Allocation Failure) 894M->598M(908M) 1.864ms
[720.341s][info][gc,cpu         ] GC(1800) User=0.00s Sys=0.00s Real=0.00s
[720.970s][info][gc,start       ] GC(1801) Pause Young (Allocation Failure)
[720.972s][info][gc,heap        ] GC(1801) PSYoungGen: 303168K(316928K)->83K(319488K) Eden: 303104K(303104K)->0K(307200K) From: 64K(13824K)->83K(12288K)
[720.972s][info][gc,heap        ] GC(1801) ParOldGen: 612948K(613376K)->612956K(613376K)
[720.972s][info][gc,metaspace   ] GC(1801) Metaspace: 35545K(36288K)->35545K(36288K) NonClass: 26335K(26880K)->26335K(26880K) Class: 9209K(9408K)->9209K(9408K)
[720.972s][info][gc             ] GC(1801) Pause Young (Allocation Failure) 894M->598M(911M) 1.675ms
[720.972s][info][gc,cpu         ] GC(1801) User=0.00s Sys=0.00s Real=0.00s
[721.923s][info][gc,start       ] GC(1802) Pause Young (Allocation Failure)
[721.925s][info][gc,heap        ] GC(1802) PSYoungGen: 307283K(319488K)->64K(295424K) Eden: 307200K(307200K)->0K(294912K) From: 83K(12288K)->64K(512K)
[721.925s][info][gc,heap        ] GC(1802) ParOldGen: 612956K(613376K)->612964K(613376K)
[721.925s][info][gc,metaspace   ] GC(1802) Metaspace: 35545K(36288K)->35545K(36288K) NonClass: 26335K(26880K)->26335K(26880K) Class: 9209K(9408K)->9209K(9408K)
[721.925s][info][gc             ] GC(1802) Pause Young (Allocation Failure) 898M->598M(887M) 2.528ms
[721.925s][info][gc,cpu         ] GC(1802) User=0.01s Sys=0.00s Real=0.01s
[722.457s][info][gc,start       ] GC(1803) Pause Young (Allocation Failure)
[722.459s][info][gc,heap        ] GC(1803) PSYoungGen: 294976K(295424K)->64K(283648K) Eden: 294912K(294912K)->0K(283136K) From: 64K(512K)->64K(512K)
[722.459s][info][gc,heap        ] GC(1803) ParOldGen: 612964K(613376K)->612972K(613376K)
[722.459s][info][gc,metaspace   ] GC(1803) Metaspace: 35545K(36288K)->35545K(36288K) NonClass: 26335K(26880K)->26335K(26880K) Class: 9209K(9408K)->9209K(9408K)
[722.459s][info][gc             ] GC(1803) Pause Young (Allocation Failure) 886M->598M(876M) 2.101ms
[722.459s][info][gc,cpu         ] GC(1803) User=0.00s Sys=0.00s Real=0.00s
[723.404s][info][gc,start       ] GC(1804) Pause Young (Allocation Failure)
[723.405s][info][gc,heap        ] GC(1804) PSYoungGen: 283200K(283648K)->64K(282624K) Eden: 283136K(283136K)->0K(271872K) From: 64K(512K)->64K(10752K)
[723.405s][info][gc,heap        ] GC(1804) ParOldGen: 612972K(613376K)->612980K(613376K)
[723.405s][info][gc,metaspace   ] GC(1804) Metaspace: 35545K(36288K)->35545K(36288K) NonClass: 26335K(26880K)->26335K(26880K) Class: 9209K(9408K)->9209K(9408K)
[723.405s][info][gc             ] GC(1804) Pause Young (Allocation Failure) 875M->598M(875M) 1.677ms
[723.405s][info][gc,cpu         ] GC(1804) User=0.00s Sys=0.00s Real=0.00s
[723.784s][info][gc,start       ] GC(1805) Pause Young (Allocation Failure)
[723.786s][info][gc,heap        ] GC(1805) PSYoungGen: 271936K(282624K)->64K(261632K) Eden: 271872K(271872K)->0K(261120K) From: 64K(10752K)->64K(512K)
[723.786s][info][gc,heap        ] GC(1805) ParOldGen: 612980K(613376K)->612988K(613376K)
[723.786s][info][gc,metaspace   ] GC(1805) Metaspace: 35545K(36288K)->35545K(36288K) NonClass: 26335K(26880K)->26335K(26880K) Class: 9209K(9408K)->9209K(9408K)
[723.786s][info][gc             ] GC(1805) Pause Young (Allocation Failure) 864M->598M(854M) 2.210ms
[723.786s][info][gc,cpu         ] GC(1805) User=0.00s Sys=0.00s Real=0.00s
[723.869s][info][gc,start       ] GC(1806) Pause Young (Allocation Failure)
[723.871s][info][gc,heap        ] GC(1806) PSYoungGen: 261184K(261632K)->64K(260096K) Eden: 261120K(261120K)->0K(250880K) From: 64K(512K)->64K(9216K)
[723.871s][info][gc,heap        ] GC(1806) ParOldGen: 612988K(613376K)->612996K(613376K)
[723.871s][info][gc,metaspace   ] GC(1806) Metaspace: 35545K(36288K)->35545K(36288K) NonClass: 26335K(26880K)->26335K(26880K) Class: 9209K(9408K)->9209K(9408K)
[723.871s][info][gc             ] GC(1806) Pause Young (Allocation Failure) 853M->598M(853M) 1.702ms
[723.871s][info][gc,cpu         ] GC(1806) User=0.01s Sys=0.00s Real=0.00s
[724.420s][info][gc,start       ] GC(1807) Pause Young (Allocation Failure)
[724.422s][info][gc,heap        ] GC(1807) PSYoungGen: 250944K(260096K)->64K(241664K) Eden: 250880K(250880K)->0K(241152K) From: 64K(9216K)->64K(512K)
[724.422s][info][gc,heap        ] GC(1807) ParOldGen: 612996K(613376K)->613004K(613376K)
[724.422s][info][gc,metaspace   ] GC(1807) Metaspace: 35545K(36288K)->35545K(36288K) NonClass: 26335K(26880K)->26335K(26880K) Class: 9209K(9408K)->9209K(9408K)
[724.422s][info][gc             ] GC(1807) Pause Young (Allocation Failure) 843M->598M(835M) 2.881ms
[724.422s][info][gc,cpu         ] GC(1807) User=0.01s Sys=0.00s Real=0.00s
[724.646s][info][gc,start       ] GC(1808) Pause Young (Allocation Failure)
[724.648s][info][gc,heap        ] GC(1808) PSYoungGen: 241216K(241664K)->64K(240128K) Eden: 241152K(241152K)->0K(231936K) From: 64K(512K)->64K(8192K)
[724.648s][info][gc,heap        ] GC(1808) ParOldGen: 613004K(613376K)->613012K(613376K)
[724.648s][info][gc,metaspace   ] GC(1808) Metaspace: 35545K(36288K)->35545K(36288K) NonClass: 26335K(26880K)->26335K(26880K) Class: 9209K(9408K)->9209K(9408K)
[724.648s][info][gc             ] GC(1808) Pause Young (Allocation Failure) 834M->598M(833M) 1.945ms
[724.648s][info][gc,cpu         ] GC(1808) User=0.00s Sys=0.00s Real=0.00s
[725.005s][info][gc,start       ] GC(1809) Pause Young (Allocation Failure)
[725.037s][info][gc,heap        ] GC(1809) PSYoungGen: 232000K(240128K)->7680K(279552K) Eden: 231936K(231936K)->0K(271872K) From: 64K(8192K)->7680K(7680K)
[725.037s][info][gc,heap        ] GC(1809) ParOldGen: 613012K(613376K)->621100K(621568K)
[725.037s][info][gc,metaspace   ] GC(1809) Metaspace: 35545K(36288K)->35545K(36288K) NonClass: 26335K(26880K)->26335K(26880K) Class: 9209K(9408K)->9209K(9408K)
[725.037s][info][gc             ] GC(1809) Pause Young (Allocation Failure) 825M->614M(880M) 31.751ms
[725.037s][info][gc,cpu         ] GC(1809) User=0.05s Sys=0.00s Real=0.03s
[725.374s][info][gc,start       ] GC(1810) Pause Young (Allocation Failure)
[725.435s][info][gc,heap        ] GC(1810) PSYoungGen: 279552K(279552K)->12288K(284160K) Eden: 271872K(271872K)->0K(271872K) From: 7680K(7680K)->12288K(12288K)
[725.435s][info][gc,heap        ] GC(1810) ParOldGen: 621100K(621568K)->639876K(640000K)
[725.435s][info][gc,metaspace   ] GC(1810) Metaspace: 35545K(36288K)->35545K(36288K) NonClass: 26335K(26880K)->26335K(26880K) Class: 9209K(9408K)->9209K(9408K)
[725.435s][info][gc             ] GC(1810) Pause Young (Allocation Failure) 879M->636M(902M) 60.902ms
[725.435s][info][gc,cpu         ] GC(1810) User=0.11s Sys=0.02s Real=0.06s
[725.643s][info][gc,start       ] GC(1811) Pause Young (Allocation Failure)
[725.681s][info][gc,heap        ] GC(1811) PSYoungGen: 284160K(284160K)->16032K(306688K) Eden: 271872K(271872K)->0K(284672K) From: 12288K(12288K)->16032K(22016K)
[725.681s][info][gc,heap        ] GC(1811) ParOldGen: 639876K(640000K)->640388K(640512K)
[725.681s][info][gc,metaspace   ] GC(1811) Metaspace: 35545K(36288K)->35545K(36288K) NonClass: 26335K(26880K)->26335K(26880K) Class: 9209K(9408K)->9209K(9408K)
[725.681s][info][gc             ] GC(1811) Pause Young (Allocation Failure) 902M->641M(925M) 38.286ms
[725.681s][info][gc,cpu         ] GC(1811) User=0.07s Sys=0.01s Real=0.04s
[725.997s][info][gc,start       ] GC(1812) Pause Young (Allocation Failure)
[725.999s][info][gc,heap        ] GC(1812) PSYoungGen: 300704K(306688K)->64K(309248K) Eden: 284672K(284672K)->0K(284672K) From: 16032K(22016K)->64K(24576K)
[725.999s][info][gc,heap        ] GC(1812) ParOldGen: 640388K(640512K)->640396K(640512K)
[725.999s][info][gc,metaspace   ] GC(1812) Metaspace: 35545K(36288K)->35545K(36288K) NonClass: 26335K(26880K)->26335K(26880K) Class: 9209K(9408K)->9209K(9408K)
[725.999s][info][gc             ] GC(1812) Pause Young (Allocation Failure) 919M->625M(927M) 1.827ms
[725.999s][info][gc,cpu         ] GC(1812) User=0.00s Sys=0.00s Real=0.00s
[726.591s][info][gc,start       ] GC(1813) Pause Young (Allocation Failure)
[726.593s][info][gc,heap        ] GC(1813) PSYoungGen: 284736K(309248K)->64K(307200K) Eden: 284672K(284672K)->0K(285696K) From: 64K(24576K)->64K(21504K)
[726.593s][info][gc,heap        ] GC(1813) ParOldGen: 640396K(640512K)->640404K(640512K)
[726.593s][info][gc,metaspace   ] GC(1813) Metaspace: 35545K(36288K)->35545K(36288K) NonClass: 26335K(26880K)->26335K(26880K) Class: 9209K(9408K)->9209K(9408K)
[726.593s][info][gc             ] GC(1813) Pause Young (Allocation Failure) 903M->625M(925M) 1.929ms
[726.593s][info][gc,cpu         ] GC(1813) User=0.01s Sys=0.00s Real=0.00s
[727.040s][info][gc,start       ] GC(1814) Pause Young (Allocation Failure)
[727.042s][info][gc,heap        ] GC(1814) PSYoungGen: 285760K(307200K)->64K(308736K) Eden: 285696K(285696K)->0K(285696K) From: 64K(21504K)->64K(23040K)
[727.042s][info][gc,heap        ] GC(1814) ParOldGen: 640404K(640512K)->640420K(640512K)
[727.042s][info][gc,metaspace   ] GC(1814) Metaspace: 35545K(36288K)->35545K(36288K) NonClass: 26335K(26880K)->26335K(26880K) Class: 9209K(9408K)->9209K(9408K)
[727.042s][info][gc             ] GC(1814) Pause Young (Allocation Failure) 904M->625M(927M) 1.818ms
[727.042s][info][gc,cpu         ] GC(1814) User=0.01s Sys=0.00s Real=0.00s
[727.276s][info][gc,start       ] GC(1815) Pause Young (Allocation Failure)
[727.278s][info][gc,heap        ] GC(1815) PSYoungGen: 285760K(308736K)->64K(308224K) Eden: 285696K(285696K)->0K(288768K) From: 64K(23040K)->64K(19456K)
[727.278s][info][gc,heap        ] GC(1815) ParOldGen: 640420K(640512K)->640436K(640512K)
[727.278s][info][gc,metaspace   ] GC(1815) Metaspace: 35545K(36288K)->35545K(36288K) NonClass: 26335K(26880K)->26335K(26880K) Class: 9209K(9408K)->9209K(9408K)
[727.278s][info][gc             ] GC(1815) Pause Young (Allocation Failure) 904M->625M(926M) 1.835ms
[727.278s][info][gc,cpu         ] GC(1815) User=0.00s Sys=0.00s Real=0.00s
[727.516s][info][gc,start       ] GC(1816) Pause Young (Allocation Failure)
[727.518s][info][gc,heap        ] GC(1816) PSYoungGen: 288832K(308224K)->64K(309760K) Eden: 288768K(288768K)->0K(288768K) From: 64K(19456K)->64K(20992K)
[727.518s][info][gc,heap        ] GC(1816) ParOldGen: 640436K(640512K)->640436K(640512K)
[727.518s][info][gc,metaspace   ] GC(1816) Metaspace: 35545K(36288K)->35545K(36288K) NonClass: 26335K(26880K)->26335K(26880K) Class: 9209K(9408K)->9209K(9408K)
[727.518s][info][gc             ] GC(1816) Pause Young (Allocation Failure) 907M->625M(928M) 1.816ms
[727.518s][info][gc,cpu         ] GC(1816) User=0.00s Sys=0.00s Real=0.00s
[727.828s][info][gc,start       ] GC(1817) Pause Young (Allocation Failure)
[727.830s][info][gc,heap        ] GC(1817) PSYoungGen: 288832K(309760K)->64K(310272K) Eden: 288768K(288768K)->0K(292864K) From: 64K(20992K)->64K(17408K)
[727.830s][info][gc,heap        ] GC(1817) ParOldGen: 640436K(640512K)->640436K(640512K)
[727.830s][info][gc,metaspace   ] GC(1817) Metaspace: 35545K(36288K)->35545K(36288K) NonClass: 26335K(26880K)->26335K(26880K) Class: 9209K(9408K)->9209K(9408K)
[727.830s][info][gc             ] GC(1817) Pause Young (Allocation Failure) 907M->625M(928M) 1.781ms
[727.830s][info][gc,cpu         ] GC(1817) User=0.00s Sys=0.00s Real=0.00s
[727.881s][info][gc,start       ] GC(1818) Pause Young (Allocation Failure)
[727.882s][info][gc,heap        ] GC(1818) PSYoungGen: 292928K(310272K)->64K(311808K) Eden: 292864K(292864K)->0K(292864K) From: 64K(17408K)->64K(18944K)
[727.882s][info][gc,heap        ] GC(1818) ParOldGen: 640436K(640512K)->640452K(640512K)
[727.882s][info][gc,metaspace   ] GC(1818) Metaspace: 35545K(36288K)->35545K(36288K) NonClass: 26335K(26880K)->26335K(26880K) Class: 9209K(9408K)->9209K(9408K)
[727.882s][info][gc             ] GC(1818) Pause Young (Allocation Failure) 911M->625M(930M) 1.693ms
[727.882s][info][gc,cpu         ] GC(1818) User=0.01s Sys=0.00s Real=0.00s
[727.952s][info][gc,start       ] GC(1819) Pause Young (Allocation Failure)
[727.955s][info][gc,heap        ] GC(1819) PSYoungGen: 292928K(311808K)->64K(312320K) Eden: 292864K(292864K)->0K(296960K) From: 64K(18944K)->64K(15360K)
[727.955s][info][gc,heap        ] GC(1819) ParOldGen: 640452K(640512K)->640452K(640512K)
[727.955s][info][gc,metaspace   ] GC(1819) Metaspace: 35545K(36288K)->35545K(36288K) NonClass: 26335K(26880K)->26335K(26880K) Class: 9209K(9408K)->9209K(9408K)
[727.955s][info][gc             ] GC(1819) Pause Young (Allocation Failure) 911M->625M(930M) 2.294ms
[727.955s][info][gc,cpu         ] GC(1819) User=0.01s Sys=0.00s Real=0.01s
[728.269s][info][gc,start       ] GC(1820) Pause Young (Allocation Failure)
[728.271s][info][gc,heap        ] GC(1820) PSYoungGen: 297024K(312320K)->64K(313856K) Eden: 296960K(296960K)->0K(296960K) From: 64K(15360K)->64K(16896K)
[728.271s][info][gc,heap        ] GC(1820) ParOldGen: 640452K(640512K)->640468K(640512K)
[728.271s][info][gc,metaspace   ] GC(1820) Metaspace: 35545K(36288K)->35545K(36288K) NonClass: 26335K(26880K)->26335K(26880K) Class: 9209K(9408K)->9209K(9408K)
[728.271s][info][gc             ] GC(1820) Pause Young (Allocation Failure) 915M->625M(932M) 1.831ms
[728.271s][info][gc,cpu         ] GC(1820) User=0.00s Sys=0.00s Real=0.00s
[728.499s][info][gc,start       ] GC(1821) Pause Young (Allocation Failure)
[728.501s][info][gc,heap        ] GC(1821) PSYoungGen: 297024K(313856K)->64K(315392K) Eden: 296960K(296960K)->0K(301056K) From: 64K(16896K)->64K(14336K)
[728.501s][info][gc,heap        ] GC(1821) ParOldGen: 640468K(640512K)->640468K(640512K)
[728.501s][info][gc,metaspace   ] GC(1821) Metaspace: 35545K(36288K)->35545K(36288K) NonClass: 26335K(26880K)->26335K(26880K) Class: 9209K(9408K)->9209K(9408K)
[728.501s][info][gc             ] GC(1821) Pause Young (Allocation Failure) 915M->625M(933M) 1.811ms
[728.501s][info][gc,cpu         ] GC(1821) User=0.00s Sys=0.00s Real=0.00s
[728.585s][info][gc,start       ] GC(1822) Pause Young (Allocation Failure)
[728.586s][info][gc,heap        ] GC(1822) PSYoungGen: 301120K(315392K)->64K(316416K) Eden: 301056K(301056K)->0K(301056K) From: 64K(14336K)->64K(15360K)
[728.586s][info][gc,heap        ] GC(1822) ParOldGen: 640468K(640512K)->640484K(640512K)
[728.586s][info][gc,metaspace   ] GC(1822) Metaspace: 35545K(36288K)->35545K(36288K) NonClass: 26335K(26880K)->26335K(26880K) Class: 9209K(9408K)->9209K(9408K)
[728.586s][info][gc             ] GC(1822) Pause Young (Allocation Failure) 919M->625M(934M) 1.810ms
[728.586s][info][gc,cpu         ] GC(1822) User=0.00s Sys=0.00s Real=0.00s
[728.744s][info][gc,start       ] GC(1823) Pause Young (Allocation Failure)
[728.745s][info][gc,heap        ] GC(1823) PSYoungGen: 301120K(316416K)->64K(316416K) Eden: 301056K(301056K)->0K(304128K) From: 64K(15360K)->64K(12288K)
[728.745s][info][gc,heap        ] GC(1823) ParOldGen: 640484K(640512K)->640484K(640512K)
[728.745s][info][gc,metaspace   ] GC(1823) Metaspace: 35545K(36288K)->35545K(36288K) NonClass: 26335K(26880K)->26335K(26880K) Class: 9209K(9408K)->9209K(9408K)
[728.745s][info][gc             ] GC(1823) Pause Young (Allocation Failure) 919M->625M(934M) 1.738ms
[728.745s][info][gc,cpu         ] GC(1823) User=0.00s Sys=0.00s Real=0.00s
[729.689s][info][gc,start       ] GC(1824) Pause Young (Allocation Failure)
[729.691s][info][gc,heap        ] GC(1824) PSYoungGen: 304187K(316416K)->64K(317440K) Eden: 304123K(304128K)->0K(304128K) From: 64K(12288K)->64K(13312K)
[729.691s][info][gc,heap        ] GC(1824) ParOldGen: 640484K(640512K)->640492K(640512K)
[729.691s][info][gc,metaspace   ] GC(1824) Metaspace: 35545K(36288K)->35545K(36288K) NonClass: 26335K(26880K)->26335K(26880K) Class: 9209K(9408K)->9209K(9408K)
[729.691s][info][gc             ] GC(1824) Pause Young (Allocation Failure) 922M->625M(935M) 1.913ms
[729.691s][info][gc,cpu         ] GC(1824) User=0.00s Sys=0.00s Real=0.00s
[730.502s][info][gc,start       ] GC(1825) Pause Young (Allocation Failure)
[730.503s][info][gc,heap        ] GC(1825) PSYoungGen: 304192K(317440K)->64K(317952K) Eden: 304128K(304128K)->0K(307712K) From: 64K(13312K)->64K(10240K)
[730.503s][info][gc,heap        ] GC(1825) ParOldGen: 640492K(640512K)->640500K(640512K)
[730.503s][info][gc,metaspace   ] GC(1825) Metaspace: 35545K(36288K)->35545K(36288K) NonClass: 26335K(26880K)->26335K(26880K) Class: 9209K(9408K)->9209K(9408K)
[730.503s][info][gc             ] GC(1825) Pause Young (Allocation Failure) 922M->625M(936M) 1.895ms
[730.504s][info][gc,cpu         ] GC(1825) User=0.00s Sys=0.00s Real=0.01s
[730.858s][info][gc,start       ] GC(1826) Pause Young (Allocation Failure)
[730.861s][info][gc,heap        ] GC(1826) PSYoungGen: 307776K(317952K)->64K(295936K) Eden: 307712K(307712K)->0K(295424K) From: 64K(10240K)->64K(512K)
[730.861s][info][gc,heap        ] GC(1826) ParOldGen: 640500K(640512K)->640508K(640512K)
[730.861s][info][gc,metaspace   ] GC(1826) Metaspace: 35545K(36288K)->35545K(36288K) NonClass: 26335K(26880K)->26335K(26880K) Class: 9209K(9408K)->9209K(9408K)
[730.861s][info][gc             ] GC(1826) Pause Young (Allocation Failure) 926M->625M(914M) 2.270ms
[730.861s][info][gc,cpu         ] GC(1826) User=0.00s Sys=0.00s Real=0.00s
[731.968s][info][gc,start       ] GC(1827) Pause Young (Allocation Failure)
[731.972s][info][gc,heap        ] GC(1827) PSYoungGen: 295488K(295936K)->64K(284160K) Eden: 295424K(295424K)->0K(283648K) From: 64K(512K)->64K(512K)
[731.972s][info][gc,heap        ] GC(1827) ParOldGen: 640508K(640512K)->640516K(641024K)
[731.972s][info][gc,metaspace   ] GC(1827) Metaspace: 35545K(36288K)->35545K(36288K) NonClass: 26335K(26880K)->26335K(26880K) Class: 9209K(9408K)->9209K(9408K)
[731.972s][info][gc             ] GC(1827) Pause Young (Allocation Failure) 914M->625M(903M) 3.392ms
[731.972s][info][gc,cpu         ] GC(1827) User=0.01s Sys=0.01s Real=0.00s
[732.375s][info][gc,start       ] GC(1828) Pause Young (Allocation Failure)
[732.377s][info][gc,heap        ] GC(1828) PSYoungGen: 283712K(284160K)->64K(282624K) Eden: 283648K(283648K)->0K(272384K) From: 64K(512K)->64K(10240K)
[732.377s][info][gc,heap        ] GC(1828) ParOldGen: 640516K(641024K)->640524K(641024K)
[732.377s][info][gc,metaspace   ] GC(1828) Metaspace: 35545K(36288K)->35545K(36288K) NonClass: 26335K(26880K)->26335K(26880K) Class: 9209K(9408K)->9209K(9408K)
[732.377s][info][gc             ] GC(1828) Pause Young (Allocation Failure) 902M->625M(902M) 2.292ms
[732.377s][info][gc,cpu         ] GC(1828) User=0.00s Sys=0.00s Real=0.00s
[732.565s][info][gc,start       ] GC(1829) Pause Young (Allocation Failure)
[732.567s][info][gc,heap        ] GC(1829) PSYoungGen: 272448K(282624K)->64K(262144K) Eden: 272384K(272384K)->0K(261632K) From: 64K(10240K)->64K(512K)
[732.568s][info][gc,heap        ] GC(1829) ParOldGen: 640524K(641024K)->640532K(641024K)
[732.568s][info][gc,metaspace   ] GC(1829) Metaspace: 35545K(36288K)->35545K(36288K) NonClass: 26335K(26880K)->26335K(26880K) Class: 9209K(9408K)->9209K(9408K)
[732.568s][info][gc             ] GC(1829) Pause Young (Allocation Failure) 891M->625M(882M) 2.177ms
[732.568s][info][gc,cpu         ] GC(1829) User=0.00s Sys=0.00s Real=0.00s
[732.746s][info][gc,start       ] GC(1830) Pause Young (Allocation Failure)
[732.747s][info][gc,heap        ] GC(1830) PSYoungGen: 261696K(262144K)->64K(260096K) Eden: 261632K(261632K)->0K(251392K) From: 64K(512K)->64K(8704K)
[732.747s][info][gc,heap        ] GC(1830) ParOldGen: 640532K(641024K)->640540K(641024K)
[732.747s][info][gc,metaspace   ] GC(1830) Metaspace: 35545K(36288K)->35545K(36288K) NonClass: 26335K(26880K)->26335K(26880K) Class: 9209K(9408K)->9209K(9408K)
[732.747s][info][gc             ] GC(1830) Pause Young (Allocation Failure) 881M->625M(880M) 1.620ms
[732.747s][info][gc,cpu         ] GC(1830) User=0.00s Sys=0.00s Real=0.00s
[733.248s][info][gc,start       ] GC(1831) Pause Young (Allocation Failure)
[733.250s][info][gc,heap        ] GC(1831) PSYoungGen: 251456K(260096K)->64K(242176K) Eden: 251392K(251392K)->0K(241664K) From: 64K(8704K)->64K(512K)
[733.250s][info][gc,heap        ] GC(1831) ParOldGen: 640540K(641024K)->640548K(641024K)
[733.250s][info][gc,metaspace   ] GC(1831) Metaspace: 35545K(36288K)->35545K(36288K) NonClass: 26335K(26880K)->26335K(26880K) Class: 9209K(9408K)->9209K(9408K)
[733.250s][info][gc             ] GC(1831) Pause Young (Allocation Failure) 871M->625M(862M) 2.293ms
[733.250s][info][gc,cpu         ] GC(1831) User=0.00s Sys=0.00s Real=0.00s
[733.554s][info][gc,start       ] GC(1832) Pause Young (Allocation Failure)
[733.556s][info][gc,heap        ] GC(1832) PSYoungGen: 241728K(242176K)->64K(240128K) Eden: 241664K(241664K)->0K(232448K) From: 64K(512K)->64K(7680K)
[733.556s][info][gc,heap        ] GC(1832) ParOldGen: 640548K(641024K)->640556K(641024K)
[733.556s][info][gc,metaspace   ] GC(1832) Metaspace: 35545K(36288K)->35545K(36288K) NonClass: 26335K(26880K)->26335K(26880K) Class: 9209K(9408K)->9209K(9408K)
[733.556s][info][gc             ] GC(1832) Pause Young (Allocation Failure) 861M->625M(860M) 1.668ms
[733.556s][info][gc,cpu         ] GC(1832) User=0.00s Sys=0.00s Real=0.00s
[733.861s][info][gc,start       ] GC(1833) Pause Young (Allocation Failure)
[733.912s][info][gc,heap        ] GC(1833) PSYoungGen: 232512K(240128K)->7168K(279040K) Eden: 232448K(232448K)->0K(271872K) From: 64K(7680K)->7168K(7168K)
[733.912s][info][gc,heap        ] GC(1833) ParOldGen: 640556K(641024K)->658524K(658944K)
[733.912s][info][gc,metaspace   ] GC(1833) Metaspace: 35545K(36288K)->35545K(36288K) NonClass: 26335K(26880K)->26335K(26880K) Class: 9209K(9408K)->9209K(9408K)
[733.912s][info][gc             ] GC(1833) Pause Young (Allocation Failure) 852M->650M(916M) 51.530ms
[733.912s][info][gc,cpu         ] GC(1833) User=0.09s Sys=0.01s Real=0.05s
[734.261s][info][gc,start       ] GC(1834) Pause Full (Allocation Failure)
[734.261s][info][gc,phases,start] GC(1834) Marking Phase
[734.351s][info][gc,phases      ] GC(1834) Marking Phase 90.240ms
[734.351s][info][gc,phases,start] GC(1834) Summary Phase
[734.351s][info][gc,phases      ] GC(1834) Summary Phase 0.027ms
[734.351s][info][gc,phases,start] GC(1834) Forward
[734.376s][info][gc,phases      ] GC(1834) Forward 24.598ms
[734.376s][info][gc,phases,start] GC(1834) Adjust Pointers
[734.424s][info][gc,phases      ] GC(1834) Adjust Pointers 47.676ms
[734.424s][info][gc,phases,start] GC(1834) Compaction Phase
[734.453s][info][gc,phases      ] GC(1834) Compaction Phase 28.807ms
[734.453s][info][gc,phases,start] GC(1834) Post Compact
[734.455s][info][metaspace      ] ChkMgr @0x00007fb3ac03f160 (non-class-space): : reclaiming memory...
[734.455s][info][metaspace      ] ChkMgr @0x00007fb3ac03f160 (non-class-space): nothing reclaimed.
[734.455s][info][metaspace      ] ChkMgr @0x00007fb3ac03ef70 (class-space): : reclaiming memory...
[734.455s][info][metaspace      ] ChkMgr @0x00007fb3ac03ef70 (class-space): nothing reclaimed.
[734.455s][info][gc,phases      ] GC(1834) Post Compact 2.631ms
[734.493s][info][gc,heap        ] GC(1834) PSYoungGen: 279040K(279040K)->0K(287232K) Eden: 271872K(271872K)->0K(271872K) From: 7168K(7168K)->0K(15360K)
[734.493s][info][gc,heap        ] GC(1834) ParOldGen: 658524K(658944K)->86861K(175104K)
[734.493s][info][gc,metaspace   ] GC(1834) Metaspace: 35545K(36288K)->35503K(36288K) NonClass: 26335K(26880K)->26294K(26880K) Class: 9209K(9408K)->9209K(9408K)
[734.493s][info][gc             ] GC(1834) Pause Full (Allocation Failure) 915M->84M(451M) 231.985ms
[734.493s][info][gc,cpu         ] GC(1834) User=0.35s Sys=0.04s Real=0.23s
[734.621s][info][gc,start       ] GC(1835) Pause Young (Allocation Failure)
[734.643s][info][gc,heap        ] GC(1835) PSYoungGen: 271872K(287232K)->6688K(317440K) Eden: 271872K(271872K)->0K(302080K) From: 0K(15360K)->6688K(15360K)
[734.643s][info][gc,heap        ] GC(1835) ParOldGen: 86861K(175104K)->86861K(175104K)
[734.643s][info][gc,metaspace   ] GC(1835) Metaspace: 35503K(36288K)->35503K(36288K) NonClass: 26294K(26880K)->26294K(26880K) Class: 9209K(9408K)->9209K(9408K)
[734.643s][info][gc             ] GC(1835) Pause Young (Allocation Failure) 350M->91M(481M) 21.300ms
[734.643s][info][gc,cpu         ] GC(1835) User=0.03s Sys=0.01s Real=0.02s
[735.178s][info][gc,start       ] GC(1836) Pause Young (Allocation Failure)
[735.178s][info][gc,heap        ] GC(1836) PSYoungGen: 308768K(317440K)->64K(302592K) Eden: 302080K(302080K)->0K(302080K) From: 6688K(15360K)->64K(512K)
[735.178s][info][gc,heap        ] GC(1836) ParOldGen: 86861K(175104K)->86869K(175104K)
[735.178s][info][gc,metaspace   ] GC(1836) Metaspace: 35503K(36288K)->35503K(36288K) NonClass: 26294K(26880K)->26294K(26880K) Class: 9209K(9408K)->9209K(9408K)
[735.178s][info][gc             ] GC(1836) Pause Young (Allocation Failure) 386M->84M(466M) 0.704ms
[735.178s][info][gc,cpu         ] GC(1836) User=0.00s Sys=0.00s Real=0.00s
[735.662s][info][gc,start       ] GC(1837) Pause Young (Allocation Failure)
[735.662s][info][gc,heap        ] GC(1837) PSYoungGen: 302144K(302592K)->64K(317952K) Eden: 302080K(302080K)->0K(303104K) From: 64K(512K)->64K(14848K)
[735.662s][info][gc,heap        ] GC(1837) ParOldGen: 86869K(175104K)->86877K(175104K)
[735.662s][info][gc,metaspace   ] GC(1837) Metaspace: 35503K(36288K)->35503K(36288K) NonClass: 26294K(26880K)->26294K(26880K) Class: 9209K(9408K)->9209K(9408K)
[735.662s][info][gc             ] GC(1837) Pause Young (Allocation Failure) 379M->84M(481M) 0.748ms
[735.662s][info][gc,cpu         ] GC(1837) User=0.00s Sys=0.00s Real=0.00s
[736.126s][info][gc,start       ] GC(1838) Pause Young (Allocation Failure)
[736.127s][info][gc,heap        ] GC(1838) PSYoungGen: 303168K(317952K)->64K(317440K) Eden: 303104K(303104K)->0K(303104K) From: 64K(14848K)->64K(14336K)
[736.127s][info][gc,heap        ] GC(1838) ParOldGen: 86877K(175104K)->86893K(175104K)
[736.127s][info][gc,metaspace   ] GC(1838) Metaspace: 35503K(36288K)->35503K(36288K) NonClass: 26294K(26880K)->26294K(26880K) Class: 9209K(9408K)->9209K(9408K)
[736.127s][info][gc             ] GC(1838) Pause Young (Allocation Failure) 380M->84M(481M) 0.712ms
[736.127s][info][gc,cpu         ] GC(1838) User=0.00s Sys=0.00s Real=0.00s
[736.386s][info][gc,start       ] GC(1839) Pause Young (Allocation Failure)
[736.387s][info][gc,heap        ] GC(1839) PSYoungGen: 303168K(317440K)->64K(318976K) Eden: 303104K(303104K)->0K(305152K) From: 64K(14336K)->64K(13824K)
[736.387s][info][gc,heap        ] GC(1839) ParOldGen: 86893K(175104K)->86909K(175104K)
[736.387s][info][gc,metaspace   ] GC(1839) Metaspace: 35503K(36288K)->35503K(36288K) NonClass: 26294K(26880K)->26294K(26880K) Class: 9209K(9408K)->9209K(9408K)
[736.387s][info][gc             ] GC(1839) Pause Young (Allocation Failure) 380M->84M(482M) 0.732ms
[736.387s][info][gc,cpu         ] GC(1839) User=0.00s Sys=0.00s Real=0.00s
[736.765s][info][gc,start       ] GC(1840) Pause Young (Allocation Failure)
[736.766s][info][gc,heap        ] GC(1840) PSYoungGen: 305216K(318976K)->64K(318464K) Eden: 305152K(305152K)->0K(305152K) From: 64K(13824K)->64K(13312K)
[736.766s][info][gc,heap        ] GC(1840) ParOldGen: 86909K(175104K)->86909K(175104K)
[736.766s][info][gc,metaspace   ] GC(1840) Metaspace: 35503K(36288K)->35503K(36288K) NonClass: 26294K(26880K)->26294K(26880K) Class: 9209K(9408K)->9209K(9408K)
[736.766s][info][gc             ] GC(1840) Pause Young (Allocation Failure) 382M->84M(482M) 0.702ms
[736.766s][info][gc,cpu         ] GC(1840) User=0.00s Sys=0.00s Real=0.00s
[736.847s][info][gc,start       ] GC(1841) Pause Young (Allocation Failure)
[736.847s][info][gc,heap        ] GC(1841) PSYoungGen: 305216K(318464K)->64K(293376K) Eden: 305152K(305152K)->0K(292864K) From: 64K(13312K)->64K(512K)
[736.847s][info][gc,heap        ] GC(1841) ParOldGen: 86909K(175104K)->86917K(175104K)
[736.847s][info][gc,metaspace   ] GC(1841) Metaspace: 35503K(36288K)->35503K(36288K) NonClass: 26294K(26880K)->26294K(26880K) Class: 9209K(9408K)->9209K(9408K)
[736.848s][info][gc             ] GC(1841) Pause Young (Allocation Failure) 382M->84M(457M) 0.926ms
[736.848s][info][gc,cpu         ] GC(1841) User=0.00s Sys=0.00s Real=0.00s
[736.899s][info][gc,start       ] GC(1842) Pause Young (Allocation Failure)
[736.899s][info][gc,heap        ] GC(1842) PSYoungGen: 292928K(293376K)->32K(307712K) Eden: 292864K(292864K)->0K(295936K) From: 64K(512K)->32K(11776K)
[736.899s][info][gc,heap        ] GC(1842) ParOldGen: 86917K(175104K)->86933K(175104K)
[736.899s][info][gc,metaspace   ] GC(1842) Metaspace: 35503K(36288K)->35503K(36288K) NonClass: 26294K(26880K)->26294K(26880K) Class: 9209K(9408K)->9209K(9408K)
[736.900s][info][gc             ] GC(1842) Pause Young (Allocation Failure) 370M->84M(471M) 0.909ms
[736.900s][info][gc,cpu         ] GC(1842) User=0.01s Sys=0.00s Real=0.00s
[737.136s][info][gc,start       ] GC(1843) Pause Young (Allocation Failure)
[737.137s][info][gc,heap        ] GC(1843) PSYoungGen: 295968K(307712K)->64K(284672K) Eden: 295936K(295936K)->0K(284160K) From: 32K(11776K)->64K(512K)
[737.137s][info][gc,heap        ] GC(1843) ParOldGen: 86933K(175104K)->86933K(175104K)
[737.137s][info][gc,metaspace   ] GC(1843) Metaspace: 35503K(36288K)->35503K(36288K) NonClass: 26294K(26880K)->26294K(26880K) Class: 9209K(9408K)->9209K(9408K)
[737.137s][info][gc             ] GC(1843) Pause Young (Allocation Failure) 373M->84M(449M) 0.914ms
[737.137s][info][gc,cpu         ] GC(1843) User=0.00s Sys=0.00s Real=0.00s
[737.401s][info][gc,start       ] GC(1844) Pause Young (Allocation Failure)
[737.402s][info][gc,heap        ] GC(1844) PSYoungGen: 284224K(284672K)->64K(283648K) Eden: 284160K(284160K)->0K(272896K) From: 64K(512K)->64K(10752K)
[737.402s][info][gc,heap        ] GC(1844) ParOldGen: 86933K(175104K)->86949K(175104K)
[737.402s][info][gc,metaspace   ] GC(1844) Metaspace: 35503K(36288K)->35503K(36288K) NonClass: 26294K(26880K)->26294K(26880K) Class: 9209K(9408K)->9209K(9408K)
[737.402s][info][gc             ] GC(1844) Pause Young (Allocation Failure) 362M->84M(448M) 0.872ms
[737.402s][info][gc,cpu         ] GC(1844) User=0.00s Sys=0.00s Real=0.00s
[737.519s][info][gc,start       ] GC(1845) Pause Young (Allocation Failure)
[737.520s][info][gc,heap        ] GC(1845) PSYoungGen: 272960K(283648K)->64K(262656K) Eden: 272896K(272896K)->0K(262144K) From: 64K(10752K)->64K(512K)
[737.520s][info][gc,heap        ] GC(1845) ParOldGen: 86949K(175104K)->86957K(175104K)
[737.520s][info][gc,metaspace   ] GC(1845) Metaspace: 35503K(36288K)->35503K(36288K) NonClass: 26294K(26880K)->26294K(26880K) Class: 9209K(9408K)->9209K(9408K)
[737.520s][info][gc             ] GC(1845) Pause Young (Allocation Failure) 351M->84M(427M) 1.044ms
[737.520s][info][gc,cpu         ] GC(1845) User=0.00s Sys=0.00s Real=0.00s
[737.599s][info][gc,start       ] GC(1846) Pause Young (Allocation Failure)
[737.600s][info][gc,heap        ] GC(1846) PSYoungGen: 262208K(262656K)->64K(261120K) Eden: 262144K(262144K)->0K(251904K) From: 64K(512K)->64K(9216K)
[737.600s][info][gc,heap        ] GC(1846) ParOldGen: 86957K(175104K)->86965K(175104K)
[737.600s][info][gc,metaspace   ] GC(1846) Metaspace: 35503K(36288K)->35503K(36288K) NonClass: 26294K(26880K)->26294K(26880K) Class: 9209K(9408K)->9209K(9408K)
[737.600s][info][gc             ] GC(1846) Pause Young (Allocation Failure) 340M->84M(426M) 0.836ms
[737.600s][info][gc,cpu         ] GC(1846) User=0.00s Sys=0.00s Real=0.00s
[737.758s][info][gc,start       ] GC(1847) Pause Young (Allocation Failure)
[737.759s][info][gc,heap        ] GC(1847) PSYoungGen: 251968K(261120K)->64K(242688K) Eden: 251904K(251904K)->0K(242176K) From: 64K(9216K)->64K(512K)
[737.759s][info][gc,heap        ] GC(1847) ParOldGen: 86965K(175104K)->86973K(175104K)
[737.759s][info][gc,metaspace   ] GC(1847) Metaspace: 35503K(36288K)->35503K(36288K) NonClass: 26294K(26880K)->26294K(26880K) Class: 9209K(9408K)->9209K(9408K)
[737.759s][info][gc             ] GC(1847) Pause Young (Allocation Failure) 330M->84M(408M) 0.932ms
[737.759s][info][gc,cpu         ] GC(1847) User=0.00s Sys=0.00s Real=0.00s
[738.657s][info][gc,start       ] GC(1848) Pause Young (Allocation Failure)
[738.658s][info][gc,heap        ] GC(1848) PSYoungGen: 242240K(242688K)->64K(241152K) Eden: 242176K(242176K)->0K(232960K) From: 64K(512K)->64K(8192K)
[738.658s][info][gc,heap        ] GC(1848) ParOldGen: 86973K(175104K)->86981K(175104K)
[738.658s][info][gc,metaspace   ] GC(1848) Metaspace: 35503K(36288K)->35503K(36288K) NonClass: 26294K(26880K)->26294K(26880K) Class: 9209K(9408K)->9209K(9408K)
[738.658s][info][gc             ] GC(1848) Pause Young (Allocation Failure) 321M->85M(406M) 0.928ms
[738.658s][info][gc,cpu         ] GC(1848) User=0.00s Sys=0.00s Real=0.00s
[738.698s][info][gc,start       ] GC(1849) Pause Young (Allocation Failure)
[738.699s][info][gc,heap        ] GC(1849) PSYoungGen: 233024K(241152K)->32K(224768K) Eden: 232960K(232960K)->0K(224256K) From: 64K(8192K)->32K(512K)
[738.699s][info][gc,heap        ] GC(1849) ParOldGen: 86981K(175104K)->86997K(175104K)
[738.699s][info][gc,metaspace   ] GC(1849) Metaspace: 35503K(36288K)->35503K(36288K) NonClass: 26294K(26880K)->26294K(26880K) Class: 9209K(9408K)->9209K(9408K)
[738.699s][info][gc             ] GC(1849) Pause Young (Allocation Failure) 312M->84M(390M) 1.531ms
[738.699s][info][gc,cpu         ] GC(1849) User=0.00s Sys=0.00s Real=0.00s
[739.589s][info][gc,start       ] GC(1850) Pause Young (Allocation Failure)
[739.590s][info][gc,heap        ] GC(1850) PSYoungGen: 224288K(224768K)->83K(223232K) Eden: 224256K(224256K)->0K(216064K) From: 32K(512K)->83K(7168K)
[739.590s][info][gc,heap        ] GC(1850) ParOldGen: 86997K(175104K)->86997K(175104K)
[739.590s][info][gc,metaspace   ] GC(1850) Metaspace: 35503K(36288K)->35503K(36288K) NonClass: 26294K(26880K)->26294K(26880K) Class: 9209K(9408K)->9209K(9408K)
[739.590s][info][gc             ] GC(1850) Pause Young (Allocation Failure) 303M->85M(389M) 1.017ms
[739.590s][info][gc,cpu         ] GC(1850) User=0.00s Sys=0.00s Real=0.00s
[739.970s][info][gc,start       ] GC(1851) Pause Young (Allocation Failure)
[739.971s][info][gc,heap        ] GC(1851) PSYoungGen: 216147K(223232K)->64K(208896K) Eden: 216064K(216064K)->0K(208384K) From: 83K(7168K)->64K(512K)
[739.971s][info][gc,heap        ] GC(1851) ParOldGen: 86997K(175104K)->87044K(175104K)
[739.971s][info][gc,metaspace   ] GC(1851) Metaspace: 35503K(36288K)->35503K(36288K) NonClass: 26294K(26880K)->26294K(26880K) Class: 9209K(9408K)->9209K(9408K)
[739.971s][info][gc             ] GC(1851) Pause Young (Allocation Failure) 296M->85M(375M) 1.202ms
[739.971s][info][gc,cpu         ] GC(1851) User=0.00s Sys=0.00s Real=0.00s
[740.768s][info][gc,start       ] GC(1852) Pause Young (Allocation Failure)
[740.769s][info][gc,heap        ] GC(1852) PSYoungGen: 208448K(208896K)->64K(206848K) Eden: 208384K(208384K)->0K(200704K) From: 64K(512K)->64K(6144K)
[740.769s][info][gc,heap        ] GC(1852) ParOldGen: 87044K(175104K)->87052K(175104K)
[740.769s][info][gc,metaspace   ] GC(1852) Metaspace: 35503K(36288K)->35503K(36288K) NonClass: 26294K(26880K)->26294K(26880K) Class: 9209K(9408K)->9209K(9408K)
[740.769s][info][gc             ] GC(1852) Pause Young (Allocation Failure) 288M->85M(373M) 1.167ms
[740.769s][info][gc,cpu         ] GC(1852) User=0.00s Sys=0.00s Real=0.00s
[741.125s][info][gc,start       ] GC(1853) Pause Young (Allocation Failure)
[741.127s][info][gc,heap        ] GC(1853) PSYoungGen: 200768K(206848K)->64K(194048K) Eden: 200704K(200704K)->0K(193536K) From: 64K(6144K)->64K(512K)
[741.127s][info][gc,heap        ] GC(1853) ParOldGen: 87052K(175104K)->87060K(175104K)
[741.127s][info][gc,metaspace   ] GC(1853) Metaspace: 35503K(36288K)->35503K(36288K) NonClass: 26294K(26880K)->26294K(26880K) Class: 9209K(9408K)->9209K(9408K)
[741.127s][info][gc             ] GC(1853) Pause Young (Allocation Failure) 281M->85M(360M) 1.412ms
[741.127s][info][gc,cpu         ] GC(1853) User=0.00s Sys=0.00s Real=0.00s
[741.419s][info][gc,start       ] GC(1854) Pause Young (Allocation Failure)
[741.420s][info][gc,heap        ] GC(1854) PSYoungGen: 193600K(194048K)->64K(192512K) Eden: 193536K(193536K)->0K(186880K) From: 64K(512K)->64K(5632K)
[741.420s][info][gc,heap        ] GC(1854) ParOldGen: 87060K(175104K)->87068K(175104K)
[741.420s][info][gc,metaspace   ] GC(1854) Metaspace: 35503K(36288K)->35503K(36288K) NonClass: 26294K(26880K)->26294K(26880K) Class: 9209K(9408K)->9209K(9408K)
[741.420s][info][gc             ] GC(1854) Pause Young (Allocation Failure) 274M->85M(359M) 0.945ms
[741.420s][info][gc,cpu         ] GC(1854) User=0.00s Sys=0.00s Real=0.00s
[741.547s][info][gc,start       ] GC(1855) Pause Young (Allocation Failure)
[741.549s][info][gc,heap        ] GC(1855) PSYoungGen: 186944K(192512K)->64K(180736K) Eden: 186880K(186880K)->0K(180224K) From: 64K(5632K)->64K(512K)
[741.549s][info][gc,heap        ] GC(1855) ParOldGen: 87068K(175104K)->87076K(175104K)
[741.549s][info][gc,metaspace   ] GC(1855) Metaspace: 35503K(36288K)->35503K(36288K) NonClass: 26294K(26880K)->26294K(26880K) Class: 9209K(9408K)->9209K(9408K)
[741.549s][info][gc             ] GC(1855) Pause Young (Allocation Failure) 267M->85M(347M) 1.308ms
[741.549s][info][gc,cpu         ] GC(1855) User=0.00s Sys=0.00s Real=0.00s
[741.613s][info][gc,start       ] GC(1856) Pause Young (Allocation Failure)
[741.613s][info][gc,heap        ] GC(1856) PSYoungGen: 180288K(180736K)->64K(178688K) Eden: 180224K(180224K)->0K(174080K) From: 64K(512K)->64K(4608K)
[741.613s][info][gc,heap        ] GC(1856) ParOldGen: 87076K(175104K)->87084K(175104K)
[741.613s][info][gc,metaspace   ] GC(1856) Metaspace: 35503K(36288K)->35503K(36288K) NonClass: 26294K(26880K)->26294K(26880K) Class: 9209K(9408K)->9209K(9408K)
[741.613s][info][gc             ] GC(1856) Pause Young (Allocation Failure) 261M->85M(345M) 0.813ms
[741.613s][info][gc,cpu         ] GC(1856) User=0.00s Sys=0.00s Real=0.01s
[741.968s][info][gc,start       ] GC(1857) Pause Young (Allocation Failure)
[741.969s][info][gc,heap        ] GC(1857) PSYoungGen: 174144K(178688K)->64K(168448K) Eden: 174080K(174080K)->0K(167936K) From: 64K(4608K)->64K(512K)
[741.969s][info][gc,heap        ] GC(1857) ParOldGen: 87084K(175104K)->87100K(175104K)
[741.969s][info][gc,metaspace   ] GC(1857) Metaspace: 35503K(36288K)->35503K(36288K) NonClass: 26294K(26880K)->26294K(26880K) Class: 9209K(9408K)->9209K(9408K)
[741.969s][info][gc             ] GC(1857) Pause Young (Allocation Failure) 255M->85M(335M) 1.290ms
[741.969s][info][gc,cpu         ] GC(1857) User=0.00s Sys=0.01s Real=0.00s
[742.233s][info][gc,start       ] GC(1858) Pause Young (Allocation Failure)
[742.234s][info][gc,heap        ] GC(1858) PSYoungGen: 168000K(168448K)->64K(166400K) Eden: 167936K(167936K)->0K(162304K) From: 64K(512K)->64K(4096K)
[742.234s][info][gc,heap        ] GC(1858) ParOldGen: 87100K(175104K)->87116K(175104K)
[742.234s][info][gc,metaspace   ] GC(1858) Metaspace: 35503K(36288K)->35503K(36288K) NonClass: 26294K(26880K)->26294K(26880K) Class: 9209K(9408K)->9209K(9408K)
[742.234s][info][gc             ] GC(1858) Pause Young (Allocation Failure) 249M->85M(333M) 0.910ms
[742.234s][info][gc,cpu         ] GC(1858) User=0.00s Sys=0.00s Real=0.00s
[742.409s][info][gc,start       ] GC(1859) Pause Young (Allocation Failure)
[742.410s][info][gc,heap        ] GC(1859) PSYoungGen: 162368K(166400K)->64K(157184K) Eden: 162304K(162304K)->0K(156672K) From: 64K(4096K)->64K(512K)
[742.411s][info][gc,heap        ] GC(1859) ParOldGen: 87116K(175104K)->87132K(175104K)
[742.411s][info][gc,metaspace   ] GC(1859) Metaspace: 35503K(36288K)->35503K(36288K) NonClass: 26294K(26880K)->26294K(26880K) Class: 9209K(9408K)->9209K(9408K)
[742.411s][info][gc             ] GC(1859) Pause Young (Allocation Failure) 243M->85M(324M) 1.213ms
[742.411s][info][gc,cpu         ] GC(1859) User=0.00s Sys=0.00s Real=0.00s
[742.658s][info][gc,start       ] GC(1860) Pause Young (Allocation Failure)
[742.684s][info][gc,heap        ] GC(1860) PSYoungGen: 156736K(157184K)->3584K(191488K) Eden: 156672K(156672K)->0K(187904K) From: 64K(512K)->3584K(3584K)
[742.684s][info][gc,heap        ] GC(1860) ParOldGen: 87132K(175104K)->92172K(175104K)
[742.684s][info][gc,metaspace   ] GC(1860) Metaspace: 35503K(36288K)->35503K(36288K) NonClass: 26294K(26880K)->26294K(26880K) Class: 9209K(9408K)->9209K(9408K)
[742.684s][info][gc             ] GC(1860) Pause Young (Allocation Failure) 238M->93M(358M) 26.539ms
[742.684s][info][gc,cpu         ] GC(1860) User=0.03s Sys=0.00s Real=0.03s
[742.916s][info][gc,start       ] GC(1861) Pause Young (Allocation Failure)
[742.951s][info][gc,heap        ] GC(1861) PSYoungGen: 191488K(191488K)->3584K(228864K) Eden: 187904K(187904K)->0K(225280K) From: 3584K(3584K)->3584K(3584K)
[742.951s][info][gc,heap        ] GC(1861) ParOldGen: 92172K(175104K)->110052K(175104K)
[742.951s][info][gc,metaspace   ] GC(1861) Metaspace: 35503K(36288K)->35503K(36288K) NonClass: 26294K(26880K)->26294K(26880K) Class: 9209K(9408K)->9209K(9408K)
[742.951s][info][gc             ] GC(1861) Pause Young (Allocation Failure) 277M->110M(394M) 35.168ms
[742.951s][info][gc,cpu         ] GC(1861) User=0.07s Sys=0.00s Real=0.03s
[743.229s][info][gc,start       ] GC(1862) Pause Young (Allocation Failure)
[743.270s][info][gc,heap        ] GC(1862) PSYoungGen: 228864K(228864K)->13312K(262144K) Eden: 225280K(225280K)->0K(248832K) From: 3584K(3584K)->13312K(13312K)
[743.270s][info][gc,heap        ] GC(1862) ParOldGen: 110052K(175104K)->122772K(175104K)
[743.270s][info][gc,metaspace   ] GC(1862) Metaspace: 35503K(36288K)->35503K(36288K) NonClass: 26294K(26880K)->26294K(26880K) Class: 9209K(9408K)->9209K(9408K)
[743.270s][info][gc             ] GC(1862) Pause Young (Allocation Failure) 330M->132M(427M) 40.581ms
[743.270s][info][gc,cpu         ] GC(1862) User=0.08s Sys=0.00s Real=0.04s
[743.394s][info][gc,start       ] GC(1863) Pause Young (Allocation Failure)
[743.411s][info][gc,heap        ] GC(1863) PSYoungGen: 262144K(262144K)->7168K(291840K) Eden: 248832K(248832K)->0K(270848K) From: 13312K(13312K)->7168K(20992K)
[743.411s][info][gc,heap        ] GC(1863) ParOldGen: 122772K(175104K)->123108K(175104K)
[743.411s][info][gc,metaspace   ] GC(1863) Metaspace: 35503K(36288K)->35503K(36288K) NonClass: 26294K(26880K)->26294K(26880K) Class: 9209K(9408K)->9209K(9408K)
[743.411s][info][gc             ] GC(1863) Pause Young (Allocation Failure) 375M->127M(456M) 17.216ms
[743.411s][info][gc,cpu         ] GC(1863) User=0.03s Sys=0.00s Real=0.01s
[743.808s][info][gc,start       ] GC(1864) Pause Young (Allocation Failure)
[743.808s][info][gc,heap        ] GC(1864) PSYoungGen: 278016K(291840K)->64K(290816K) Eden: 270848K(270848K)->0K(270848K) From: 7168K(20992K)->64K(19968K)
[743.808s][info][gc,heap        ] GC(1864) ParOldGen: 123108K(175104K)->123116K(175104K)
[743.808s][info][gc,metaspace   ] GC(1864) Metaspace: 35503K(36288K)->35503K(36288K) NonClass: 26294K(26880K)->26294K(26880K) Class: 9209K(9408K)->9209K(9408K)
[743.808s][info][gc             ] GC(1864) Pause Young (Allocation Failure) 391M->120M(455M) 0.764ms
[743.808s][info][gc,cpu         ] GC(1864) User=0.00s Sys=0.00s Real=0.00s
[744.335s][info][gc,start       ] GC(1865) Pause Young (Allocation Failure)
[744.336s][info][gc,heap        ] GC(1865) PSYoungGen: 270912K(290816K)->64K(312832K) Eden: 270848K(270848K)->0K(293376K) From: 64K(19968K)->64K(19456K)
[744.336s][info][gc,heap        ] GC(1865) ParOldGen: 123116K(175104K)->123124K(175104K)
[744.336s][info][gc,metaspace   ] GC(1865) Metaspace: 35505K(36288K)->35505K(36288K) NonClass: 26296K(26880K)->26296K(26880K) Class: 9209K(9408K)->9209K(9408K)
[744.336s][info][gc             ] GC(1865) Pause Young (Allocation Failure) 384M->120M(476M) 0.748ms
[744.336s][info][gc,cpu         ] GC(1865) User=0.00s Sys=0.00s Real=0.00s
[744.791s][info][gc,start       ] GC(1866) Pause Young (Allocation Failure)
[744.792s][info][gc,heap        ] GC(1866) PSYoungGen: 293440K(312832K)->64K(312320K) Eden: 293376K(293376K)->0K(293376K) From: 64K(19456K)->64K(18944K)
[744.792s][info][gc,heap        ] GC(1866) ParOldGen: 123124K(175104K)->123140K(175104K)
[744.792s][info][gc,metaspace   ] GC(1866) Metaspace: 35505K(36288K)->35505K(36288K) NonClass: 26296K(26880K)->26296K(26880K) Class: 9209K(9408K)->9209K(9408K)
[744.792s][info][gc             ] GC(1866) Pause Young (Allocation Failure) 406M->120M(476M) 0.812ms
[744.792s][info][gc,cpu         ] GC(1866) User=0.00s Sys=0.00s Real=0.00s
[745.033s][info][gc,start       ] GC(1867) Pause Young (Allocation Failure)
[745.033s][info][gc,heap        ] GC(1867) PSYoungGen: 293440K(312320K)->64K(313856K) Eden: 293376K(293376K)->0K(296448K) From: 64K(18944K)->64K(17408K)
[745.033s][info][gc,heap        ] GC(1867) ParOldGen: 123140K(175104K)->123156K(175104K)
[745.033s][info][gc,metaspace   ] GC(1867) Metaspace: 35505K(36288K)->35505K(36288K) NonClass: 26296K(26880K)->26296K(26880K) Class: 9209K(9408K)->9209K(9408K)
[745.033s][info][gc             ] GC(1867) Pause Young (Allocation Failure) 406M->120M(477M) 0.692ms
[745.033s][info][gc,cpu         ] GC(1867) User=0.00s Sys=0.00s Real=0.01s
[745.277s][info][gc,start       ] GC(1868) Pause Young (Allocation Failure)
[745.277s][info][gc,heap        ] GC(1868) PSYoungGen: 296512K(313856K)->64K(313856K) Eden: 296448K(296448K)->0K(296448K) From: 64K(17408K)->64K(17408K)
[745.277s][info][gc,heap        ] GC(1868) ParOldGen: 123156K(175104K)->123156K(175104K)
[745.277s][info][gc,metaspace   ] GC(1868) Metaspace: 35505K(36288K)->35505K(36288K) NonClass: 26296K(26880K)->26296K(26880K) Class: 9209K(9408K)->9209K(9408K)
[745.277s][info][gc             ] GC(1868) Pause Young (Allocation Failure) 409M->120M(477M) 0.727ms
[745.278s][info][gc,cpu         ] GC(1868) User=0.00s Sys=0.00s Real=0.00s
[745.555s][info][gc,start       ] GC(1869) Pause Young (Allocation Failure)
[745.556s][info][gc,heap        ] GC(1869) PSYoungGen: 296512K(313856K)->64K(314880K) Eden: 296448K(296448K)->0K(299520K) From: 64K(17408K)->64K(15360K)
[745.556s][info][gc,heap        ] GC(1869) ParOldGen: 123156K(175104K)->123156K(175104K)
[745.556s][info][gc,metaspace   ] GC(1869) Metaspace: 35505K(36288K)->35505K(36288K) NonClass: 26296K(26880K)->26296K(26880K) Class: 9209K(9408K)->9209K(9408K)
[745.556s][info][gc             ] GC(1869) Pause Young (Allocation Failure) 409M->120M(478M) 0.728ms
[745.556s][info][gc,cpu         ] GC(1869) User=0.00s Sys=0.00s Real=0.00s
[745.608s][info][gc,start       ] GC(1870) Pause Young (Allocation Failure)
[745.608s][info][gc,heap        ] GC(1870) PSYoungGen: 299584K(314880K)->64K(315392K) Eden: 299520K(299520K)->0K(299520K) From: 64K(15360K)->64K(15872K)
[745.608s][info][gc,heap        ] GC(1870) ParOldGen: 123156K(175104K)->123172K(175104K)
[745.608s][info][gc,metaspace   ] GC(1870) Metaspace: 35505K(36288K)->35505K(36288K) NonClass: 26296K(26880K)->26296K(26880K) Class: 9209K(9408K)->9209K(9408K)
[745.608s][info][gc             ] GC(1870) Pause Young (Allocation Failure) 412M->120M(479M) 0.696ms
[745.608s][info][gc,cpu         ] GC(1870) User=0.00s Sys=0.00s Real=0.00s
[745.743s][info][gc,start       ] GC(1871) Pause Young (Allocation Failure)
[745.744s][info][gc,heap        ] GC(1871) PSYoungGen: 299584K(315392K)->64K(315904K) Eden: 299520K(299520K)->0K(302592K) From: 64K(15872K)->64K(13312K)
[745.744s][info][gc,heap        ] GC(1871) ParOldGen: 123172K(175104K)->123172K(175104K)
[745.744s][info][gc,metaspace   ] GC(1871) Metaspace: 35505K(36288K)->35505K(36288K) NonClass: 26296K(26880K)->26296K(26880K) Class: 9209K(9408K)->9209K(9408K)
[745.744s][info][gc             ] GC(1871) Pause Young (Allocation Failure) 412M->120M(479M) 0.693ms
[745.744s][info][gc,cpu         ] GC(1871) User=0.00s Sys=0.00s Real=0.01s
[746.061s][info][gc,start       ] GC(1872) Pause Young (Allocation Failure)
[746.062s][info][gc,heap        ] GC(1872) PSYoungGen: 302656K(315904K)->64K(316928K) Eden: 302592K(302592K)->0K(302592K) From: 64K(13312K)->64K(14336K)
[746.062s][info][gc,heap        ] GC(1872) ParOldGen: 123172K(175104K)->123180K(175104K)
[746.062s][info][gc,metaspace   ] GC(1872) Metaspace: 35505K(36288K)->35505K(36288K) NonClass: 26296K(26880K)->26296K(26880K) Class: 9209K(9408K)->9209K(9408K)
[746.062s][info][gc             ] GC(1872) Pause Young (Allocation Failure) 415M->120M(480M) 0.862ms
[746.062s][info][gc,cpu         ] GC(1872) User=0.00s Sys=0.00s Real=0.00s
[746.234s][info][gc,start       ] GC(1873) Pause Young (Allocation Failure)
[746.235s][info][gc,heap        ] GC(1873) PSYoungGen: 302656K(316928K)->64K(290816K) Eden: 302592K(302592K)->0K(290304K) From: 64K(14336K)->64K(512K)
[746.235s][info][gc,heap        ] GC(1873) ParOldGen: 123180K(175104K)->123188K(175104K)
[746.235s][info][gc,metaspace   ] GC(1873) Metaspace: 35505K(36288K)->35505K(36288K) NonClass: 26296K(26880K)->26296K(26880K) Class: 9209K(9408K)->9209K(9408K)
[746.235s][info][gc             ] GC(1873) Pause Young (Allocation Failure) 415M->120M(455M) 1.275ms
[746.235s][info][gc,cpu         ] GC(1873) User=0.00s Sys=0.00s Real=0.00s
[746.314s][info][gc,start       ] GC(1874) Pause Young (Allocation Failure)
[746.315s][info][gc,heap        ] GC(1874) PSYoungGen: 290368K(290816K)->32K(307712K) Eden: 290304K(290304K)->0K(294912K) From: 64K(512K)->32K(12800K)
[746.315s][info][gc,heap        ] GC(1874) ParOldGen: 123188K(175104K)->123204K(175104K)
[746.315s][info][gc,metaspace   ] GC(1874) Metaspace: 35505K(36288K)->35505K(36288K) NonClass: 26296K(26880K)->26296K(26880K) Class: 9209K(9408K)->9209K(9408K)
[746.315s][info][gc             ] GC(1874) Pause Young (Allocation Failure) 403M->120M(471M) 1.233ms
[746.315s][info][gc,cpu         ] GC(1874) User=0.00s Sys=0.00s Real=0.00s
[746.494s][info][gc,start       ] GC(1875) Pause Young (Allocation Failure)
[746.495s][info][gc,heap        ] GC(1875) PSYoungGen: 294944K(307712K)->64K(283648K) Eden: 294912K(294912K)->0K(283136K) From: 32K(12800K)->64K(512K)
[746.495s][info][gc,heap        ] GC(1875) ParOldGen: 123204K(175104K)->123204K(175104K)
[746.495s][info][gc,metaspace   ] GC(1875) Metaspace: 35505K(36288K)->35505K(36288K) NonClass: 26296K(26880K)->26296K(26880K) Class: 9209K(9408K)->9209K(9408K)
[746.495s][info][gc             ] GC(1875) Pause Young (Allocation Failure) 408M->120M(448M) 1.182ms
[746.495s][info][gc,cpu         ] GC(1875) User=0.00s Sys=0.01s Real=0.00s
[747.407s][info][gc,start       ] GC(1876) Pause Young (Allocation Failure)
[747.408s][info][gc,heap        ] GC(1876) PSYoungGen: 283200K(283648K)->64K(283648K) Eden: 283136K(283136K)->0K(271872K) From: 64K(512K)->64K(11776K)
[747.408s][info][gc,heap        ] GC(1876) ParOldGen: 123204K(175104K)->123220K(175104K)
[747.408s][info][gc,metaspace   ] GC(1876) Metaspace: 35505K(36288K)->35505K(36288K) NonClass: 26296K(26880K)->26296K(26880K) Class: 9209K(9408K)->9209K(9408K)
[747.408s][info][gc             ] GC(1876) Pause Young (Allocation Failure) 396M->120M(448M) 1.299ms
[747.408s][info][gc,cpu         ] GC(1876) User=0.01s Sys=0.00s Real=0.00s
[748.213s][info][gc,start       ] GC(1877) Pause Young (Allocation Failure)
[748.215s][info][gc,heap        ] GC(1877) PSYoungGen: 271936K(283648K)->64K(261632K) Eden: 271872K(271872K)->0K(261120K) From: 64K(11776K)->64K(512K)
[748.215s][info][gc,heap        ] GC(1877) ParOldGen: 123220K(175104K)->123228K(175104K)
[748.215s][info][gc,metaspace   ] GC(1877) Metaspace: 35505K(36288K)->35505K(36288K) NonClass: 26296K(26880K)->26296K(26880K) Class: 9209K(9408K)->9209K(9408K)
[748.215s][info][gc             ] GC(1877) Pause Young (Allocation Failure) 385M->120M(426M) 1.264ms
[748.215s][info][gc,cpu         ] GC(1877) User=0.00s Sys=0.00s Real=0.00s
[748.486s][info][gc,start       ] GC(1878) Pause Young (Allocation Failure)
[748.487s][info][gc,heap        ] GC(1878) PSYoungGen: 261184K(261632K)->64K(261120K) Eden: 261120K(261120K)->0K(250880K) From: 64K(512K)->64K(10240K)
[748.487s][info][gc,heap        ] GC(1878) ParOldGen: 123228K(175104K)->123236K(175104K)
[748.487s][info][gc,metaspace   ] GC(1878) Metaspace: 35505K(36288K)->35505K(36288K) NonClass: 26296K(26880K)->26296K(26880K) Class: 9209K(9408K)->9209K(9408K)
[748.487s][info][gc             ] GC(1878) Pause Young (Allocation Failure) 375M->120M(426M) 1.076ms
[748.487s][info][gc,cpu         ] GC(1878) User=0.00s Sys=0.00s Real=0.00s
[748.919s][info][gc,start       ] GC(1879) Pause Young (Allocation Failure)
[748.920s][info][gc,heap        ] GC(1879) PSYoungGen: 250944K(261120K)->64K(241664K) Eden: 250880K(250880K)->0K(241152K) From: 64K(10240K)->64K(512K)
[748.920s][info][gc,heap        ] GC(1879) ParOldGen: 123236K(175104K)->123244K(175104K)
[748.920s][info][gc,metaspace   ] GC(1879) Metaspace: 35505K(36288K)->35505K(36288K) NonClass: 26296K(26880K)->26296K(26880K) Class: 9209K(9408K)->9209K(9408K)
[748.920s][info][gc             ] GC(1879) Pause Young (Allocation Failure) 365M->120M(407M) 1.155ms
[748.920s][info][gc,cpu         ] GC(1879) User=0.00s Sys=0.00s Real=0.00s
[749.833s][info][gc,start       ] GC(1880) Pause Young (Allocation Failure)
[749.834s][info][gc,heap        ] GC(1880) PSYoungGen: 241216K(241664K)->64K(240640K) Eden: 241152K(241152K)->0K(231936K) From: 64K(512K)->64K(8704K)
[749.834s][info][gc,heap        ] GC(1880) ParOldGen: 123244K(175104K)->123252K(175104K)
[749.834s][info][gc,metaspace   ] GC(1880) Metaspace: 35505K(36288K)->35505K(36288K) NonClass: 26296K(26880K)->26296K(26880K) Class: 9209K(9408K)->9209K(9408K)
[749.834s][info][gc             ] GC(1880) Pause Young (Allocation Failure) 355M->120M(406M) 1.038ms
[749.834s][info][gc,cpu         ] GC(1880) User=0.00s Sys=0.00s Real=0.01s
[750.151s][info][gc,start       ] GC(1881) Pause Young (Allocation Failure)
[750.153s][info][gc,heap        ] GC(1881) PSYoungGen: 232000K(240640K)->64K(223744K) Eden: 231936K(231936K)->0K(223232K) From: 64K(8704K)->64K(512K)
[750.153s][info][gc,heap        ] GC(1881) ParOldGen: 123252K(175104K)->123260K(175104K)
[750.153s][info][gc,metaspace   ] GC(1881) Metaspace: 35505K(36288K)->35505K(36288K) NonClass: 26296K(26880K)->26296K(26880K) Class: 9209K(9408K)->9209K(9408K)
[750.153s][info][gc             ] GC(1881) Pause Young (Allocation Failure) 346M->120M(389M) 1.621ms
[750.153s][info][gc,cpu         ] GC(1881) User=0.00s Sys=0.00s Real=0.00s
[750.279s][info][gc,start       ] GC(1882) Pause Young (Allocation Failure)
[750.280s][info][gc,heap        ] GC(1882) PSYoungGen: 223296K(223744K)->64K(222720K) Eden: 223232K(223232K)->0K(215040K) From: 64K(512K)->64K(7680K)
[750.280s][info][gc,heap        ] GC(1882) ParOldGen: 123260K(175104K)->123268K(175104K)
[750.280s][info][gc,metaspace   ] GC(1882) Metaspace: 35505K(36288K)->35505K(36288K) NonClass: 26296K(26880K)->26296K(26880K) Class: 9209K(9408K)->9209K(9408K)
[750.280s][info][gc             ] GC(1882) Pause Young (Allocation Failure) 338M->120M(388M) 0.995ms
[750.280s][info][gc,cpu         ] GC(1882) User=0.01s Sys=0.00s Real=0.00s
[750.484s][info][gc,start       ] GC(1883) Pause Young (Allocation Failure)
[750.485s][info][gc,heap        ] GC(1883) PSYoungGen: 215104K(222720K)->64K(207872K) Eden: 215040K(215040K)->0K(207360K) From: 64K(7680K)->64K(512K)
[750.485s][info][gc,heap        ] GC(1883) ParOldGen: 123268K(175104K)->123276K(175104K)
[750.485s][info][gc,metaspace   ] GC(1883) Metaspace: 35505K(36288K)->35505K(36288K) NonClass: 26296K(26880K)->26296K(26880K) Class: 9209K(9408K)->9209K(9408K)
[750.485s][info][gc             ] GC(1883) Pause Young (Allocation Failure) 330M->120M(374M) 1.716ms
[750.485s][info][gc,cpu         ] GC(1883) User=0.00s Sys=0.00s Real=0.00s
[750.937s][info][gc,start       ] GC(1884) Pause Young (Allocation Failure)
[750.938s][info][gc,heap        ] GC(1884) PSYoungGen: 207424K(207872K)->64K(206336K) Eden: 207360K(207360K)->0K(199680K) From: 64K(512K)->64K(6656K)
[750.938s][info][gc,heap        ] GC(1884) ParOldGen: 123276K(175104K)->123284K(175104K)
[750.938s][info][gc,metaspace   ] GC(1884) Metaspace: 35505K(36288K)->35505K(36288K) NonClass: 26296K(26880K)->26296K(26880K) Class: 9209K(9408K)->9209K(9408K)
[750.938s][info][gc             ] GC(1884) Pause Young (Allocation Failure) 322M->120M(372M) 1.019ms
[750.938s][info][gc,cpu         ] GC(1884) User=0.00s Sys=0.00s Real=0.00s
[751.122s][info][gc,start       ] GC(1885) Pause Young (Allocation Failure)
[751.123s][info][gc,heap        ] GC(1885) PSYoungGen: 199744K(206336K)->64K(193024K) Eden: 199680K(199680K)->0K(192512K) From: 64K(6656K)->64K(512K)
[751.123s][info][gc,heap        ] GC(1885) ParOldGen: 123284K(175104K)->123292K(175104K)
[751.123s][info][gc,metaspace   ] GC(1885) Metaspace: 35505K(36288K)->35505K(36288K) NonClass: 26296K(26880K)->26296K(26880K) Class: 9209K(9408K)->9209K(9408K)
[751.124s][info][gc             ] GC(1885) Pause Young (Allocation Failure) 315M->120M(359M) 1.825ms
[751.124s][info][gc,cpu         ] GC(1885) User=0.00s Sys=0.00s Real=0.01s
[751.416s][info][gc,start       ] GC(1886) Pause Young (Allocation Failure)
[751.436s][info][gc,heap        ] GC(1886) PSYoungGen: 192576K(193024K)->5632K(235520K) Eden: 192512K(192512K)->0K(229888K) From: 64K(512K)->5632K(5632K)
[751.436s][info][gc,heap        ] GC(1886) ParOldGen: 123292K(175104K)->130220K(175104K)
[751.436s][info][gc,metaspace   ] GC(1886) Metaspace: 35505K(36288K)->35505K(36288K) NonClass: 26296K(26880K)->26296K(26880K) Class: 9209K(9408K)->9209K(9408K)
[751.436s][info][gc             ] GC(1886) Pause Young (Allocation Failure) 308M->132M(401M) 20.315ms
[751.436s][info][gc,cpu         ] GC(1886) User=0.04s Sys=0.00s Real=0.02s
[751.721s][info][gc,start       ] GC(1887) Pause Young (Allocation Failure)
[751.762s][info][gc,heap        ] GC(1887) PSYoungGen: 235520K(235520K)->5632K(264704K) Eden: 229888K(229888K)->0K(259072K) From: 5632K(5632K)->5632K(5632K)
[751.762s][info][gc,heap        ] GC(1887) ParOldGen: 130220K(175104K)->150868K(175104K)
[751.762s][info][gc,metaspace   ] GC(1887) Metaspace: 35505K(36288K)->35505K(36288K) NonClass: 26296K(26880K)->26296K(26880K) Class: 9209K(9408K)->9209K(9408K)
[751.762s][info][gc             ] GC(1887) Pause Young (Allocation Failure) 357M->152M(429M) 40.617ms
[751.762s][info][gc,cpu         ] GC(1887) User=0.08s Sys=0.00s Real=0.04s
[752.037s][info][gc,start       ] GC(1888) Pause Young (Allocation Failure)
[752.077s][info][gc,heap        ] GC(1888) PSYoungGen: 264704K(264704K)->17920K(276992K) Eden: 259072K(259072K)->0K(259072K) From: 5632K(5632K)->17920K(17920K)
[752.077s][info][gc,heap        ] GC(1888) ParOldGen: 150868K(175104K)->157492K(175104K)
[752.077s][info][gc,metaspace   ] GC(1888) Metaspace: 35505K(36288K)->35505K(36288K) NonClass: 26296K(26880K)->26296K(26880K) Class: 9209K(9408K)->9209K(9408K)
[752.077s][info][gc             ] GC(1888) Pause Young (Allocation Failure) 405M->171M(441M) 39.598ms
[752.077s][info][gc,cpu         ] GC(1888) User=0.08s Sys=0.00s Real=0.04s
[752.174s][info][gc,start       ] GC(1889) Pause Young (Allocation Failure)
[752.177s][info][gc,heap        ] GC(1889) PSYoungGen: 276992K(276992K)->64K(310272K) Eden: 259072K(259072K)->0K(286208K) From: 17920K(17920K)->64K(24064K)
[752.177s][info][gc,heap        ] GC(1889) ParOldGen: 157492K(175104K)->157668K(175104K)
[752.177s][info][gc,metaspace   ] GC(1889) Metaspace: 35505K(36288K)->35505K(36288K) NonClass: 26296K(26880K)->26296K(26880K) Class: 9209K(9408K)->9209K(9408K)
[752.177s][info][gc             ] GC(1889) Pause Young (Allocation Failure) 424M->154M(474M) 2.744ms
[752.177s][info][gc,cpu         ] GC(1889) User=0.01s Sys=0.00s Real=0.00s
[752.833s][info][gc,start       ] GC(1890) Pause Young (Allocation Failure)
[752.835s][info][gc,heap        ] GC(1890) PSYoungGen: 286272K(310272K)->64K(286720K) Eden: 286208K(286208K)->0K(286208K) From: 64K(24064K)->64K(512K)
[752.835s][info][gc,heap        ] GC(1890) ParOldGen: 157668K(175104K)->157676K(175104K)
[752.835s][info][gc,metaspace   ] GC(1890) Metaspace: 35505K(36288K)->35505K(36288K) NonClass: 26296K(26880K)->26296K(26880K) Class: 9209K(9408K)->9209K(9408K)
[752.835s][info][gc             ] GC(1890) Pause Young (Allocation Failure) 433M->154M(451M) 1.771ms
[752.835s][info][gc,cpu         ] GC(1890) User=0.00s Sys=0.00s Real=0.00s
[753.188s][info][gc,start       ] GC(1891) Pause Young (Allocation Failure)
[753.190s][info][gc,heap        ] GC(1891) PSYoungGen: 286272K(286720K)->64K(309248K) Eden: 286208K(286208K)->0K(286720K) From: 64K(512K)->64K(22528K)
[753.190s][info][gc,heap        ] GC(1891) ParOldGen: 157676K(175104K)->157684K(175104K)
[753.190s][info][gc,metaspace   ] GC(1891) Metaspace: 35506K(36288K)->35506K(36288K) NonClass: 26297K(26880K)->26297K(26880K) Class: 9209K(9408K)->9209K(9408K)
[753.190s][info][gc             ] GC(1891) Pause Young (Allocation Failure) 433M->154M(473M) 1.347ms
[753.190s][info][gc,cpu         ] GC(1891) User=0.01s Sys=0.00s Real=0.00s
[753.606s][info][gc,start       ] GC(1892) Pause Young (Allocation Failure)
[753.607s][info][gc,heap        ] GC(1892) PSYoungGen: 286784K(309248K)->64K(308736K) Eden: 286720K(286720K)->0K(286720K) From: 64K(22528K)->64K(22016K)
[753.607s][info][gc,heap        ] GC(1892) ParOldGen: 157684K(175104K)->157692K(175104K)
[753.607s][info][gc,metaspace   ] GC(1892) Metaspace: 35506K(36288K)->35506K(36288K) NonClass: 26297K(26880K)->26297K(26880K) Class: 9209K(9408K)->9209K(9408K)
[753.607s][info][gc             ] GC(1892) Pause Young (Allocation Failure) 434M->154M(472M) 1.336ms
[753.607s][info][gc,cpu         ] GC(1892) User=0.00s Sys=0.00s Real=0.00s
[753.843s][info][gc,start       ] GC(1893) Pause Young (Allocation Failure)
[753.844s][info][gc,heap        ] GC(1893) PSYoungGen: 286784K(308736K)->32K(310784K) Eden: 286720K(286720K)->0K(290304K) From: 64K(22016K)->32K(20480K)
[753.844s][info][gc,heap        ] GC(1893) ParOldGen: 157692K(175104K)->157708K(175104K)
[753.844s][info][gc,metaspace   ] GC(1893) Metaspace: 35506K(36288K)->35506K(36288K) NonClass: 26297K(26880K)->26297K(26880K) Class: 9209K(9408K)->9209K(9408K)
[753.844s][info][gc             ] GC(1893) Pause Young (Allocation Failure) 434M->154M(474M) 1.257ms
[753.844s][info][gc,cpu         ] GC(1893) User=0.00s Sys=0.00s Real=0.01s
[754.210s][info][gc,start       ] GC(1894) Pause Young (Allocation Failure)
[754.211s][info][gc,heap        ] GC(1894) PSYoungGen: 290336K(310784K)->64K(310272K) Eden: 290304K(290304K)->0K(290304K) From: 32K(20480K)->64K(19968K)
[754.211s][info][gc,heap        ] GC(1894) ParOldGen: 157708K(175104K)->157708K(175104K)
[754.211s][info][gc,metaspace   ] GC(1894) Metaspace: 35506K(36288K)->35506K(36288K) NonClass: 26297K(26880K)->26297K(26880K) Class: 9209K(9408K)->9209K(9408K)
[754.211s][info][gc             ] GC(1894) Pause Young (Allocation Failure) 437M->154M(474M) 1.274ms
[754.211s][info][gc,cpu         ] GC(1894) User=0.00s Sys=0.00s Real=0.00s
[754.276s][info][gc,start       ] GC(1895) Pause Young (Allocation Failure)
[754.277s][info][gc,heap        ] GC(1895) PSYoungGen: 290368K(310272K)->64K(312832K) Eden: 290304K(290304K)->0K(294400K) From: 64K(19968K)->64K(18432K)
[754.277s][info][gc,heap        ] GC(1895) ParOldGen: 157708K(175104K)->157716K(175104K)
[754.277s][info][gc,metaspace   ] GC(1895) Metaspace: 35506K(36288K)->35506K(36288K) NonClass: 26297K(26880K)->26297K(26880K) Class: 9209K(9408K)->9209K(9408K)
[754.277s][info][gc             ] GC(1895) Pause Young (Allocation Failure) 437M->154M(476M) 1.175ms
[754.277s][info][gc,cpu         ] GC(1895) User=0.00s Sys=0.00s Real=0.00s
[754.329s][info][gc,start       ] GC(1896) Pause Young (Allocation Failure)
[754.330s][info][gc,heap        ] GC(1896) PSYoungGen: 294464K(312832K)->32K(312320K) Eden: 294400K(294400K)->0K(294400K) From: 64K(18432K)->32K(17920K)
[754.330s][info][gc,heap        ] GC(1896) ParOldGen: 157716K(175104K)->157732K(175104K)
[754.330s][info][gc,metaspace   ] GC(1896) Metaspace: 35506K(36288K)->35506K(36288K) NonClass: 26297K(26880K)->26297K(26880K) Class: 9209K(9408K)->9209K(9408K)
[754.330s][info][gc             ] GC(1896) Pause Young (Allocation Failure) 441M->154M(476M) 1.276ms
[754.330s][info][gc,cpu         ] GC(1896) User=0.00s Sys=0.00s Real=0.00s
[754.566s][info][gc,start       ] GC(1897) Pause Young (Allocation Failure)
[754.567s][info][gc,heap        ] GC(1897) PSYoungGen: 294432K(312320K)->64K(314880K) Eden: 294400K(294400K)->0K(298496K) From: 32K(17920K)->64K(16384K)
[754.567s][info][gc,heap        ] GC(1897) ParOldGen: 157732K(175104K)->157732K(175104K)
[754.567s][info][gc,metaspace   ] GC(1897) Metaspace: 35506K(36288K)->35506K(36288K) NonClass: 26297K(26880K)->26297K(26880K) Class: 9209K(9408K)->9209K(9408K)
[754.567s][info][gc             ] GC(1897) Pause Young (Allocation Failure) 441M->154M(478M) 1.369ms
[754.567s][info][gc,cpu         ] GC(1897) User=0.00s Sys=0.00s Real=0.00s
[754.857s][info][gc,start       ] GC(1898) Pause Young (Allocation Failure)
[754.859s][info][gc,heap        ] GC(1898) PSYoungGen: 298560K(314880K)->32K(314368K) Eden: 298496K(298496K)->0K(298496K) From: 64K(16384K)->32K(15872K)
[754.859s][info][gc,heap        ] GC(1898) ParOldGen: 157732K(175104K)->157740K(175104K)
[754.859s][info][gc,metaspace   ] GC(1898) Metaspace: 35506K(36288K)->35506K(36288K) NonClass: 26297K(26880K)->26297K(26880K) Class: 9209K(9408K)->9209K(9408K)
[754.859s][info][gc             ] GC(1898) Pause Young (Allocation Failure) 445M->154M(478M) 1.575ms
[754.859s][info][gc,cpu         ] GC(1898) User=0.01s Sys=0.00s Real=0.00s
[754.977s][info][gc,start       ] GC(1899) Pause Young (Allocation Failure)
[754.979s][info][gc,heap        ] GC(1899) PSYoungGen: 298528K(314368K)->64K(316928K) Eden: 298496K(298496K)->0K(302592K) From: 32K(15872K)->64K(14336K)
[754.979s][info][gc,heap        ] GC(1899) ParOldGen: 157740K(175104K)->157748K(175104K)
[754.979s][info][gc,metaspace   ] GC(1899) Metaspace: 35506K(36288K)->35506K(36288K) NonClass: 26297K(26880K)->26297K(26880K) Class: 9209K(9408K)->9209K(9408K)
[754.979s][info][gc             ] GC(1899) Pause Young (Allocation Failure) 445M->154M(480M) 1.239ms
[754.979s][info][gc,cpu         ] GC(1899) User=0.00s Sys=0.00s Real=0.00s
[755.101s][info][gc,start       ] GC(1900) Pause Young (Allocation Failure)
[755.102s][info][gc,heap        ] GC(1900) PSYoungGen: 302656K(316928K)->64K(316928K) Eden: 302592K(302592K)->0K(302592K) From: 64K(14336K)->64K(14336K)
[755.102s][info][gc,heap        ] GC(1900) ParOldGen: 157748K(175104K)->157756K(175104K)
[755.102s][info][gc,metaspace   ] GC(1900) Metaspace: 35506K(36288K)->35506K(36288K) NonClass: 26297K(26880K)->26297K(26880K) Class: 9209K(9408K)->9209K(9408K)
[755.102s][info][gc             ] GC(1900) Pause Young (Allocation Failure) 449M->154M(480M) 1.208ms
[755.102s][info][gc,cpu         ] GC(1900) User=0.00s Sys=0.00s Real=0.00s
[755.476s][info][gc,start       ] GC(1901) Pause Young (Allocation Failure)
[755.477s][info][gc,heap        ] GC(1901) PSYoungGen: 302656K(316928K)->64K(290816K) Eden: 302592K(302592K)->0K(290304K) From: 64K(14336K)->64K(512K)
[755.477s][info][gc,heap        ] GC(1901) ParOldGen: 157756K(175104K)->157764K(175104K)
[755.477s][info][gc,metaspace   ] GC(1901) Metaspace: 35506K(36288K)->35506K(36288K) NonClass: 26297K(26880K)->26297K(26880K) Class: 9209K(9408K)->9209K(9408K)
[755.477s][info][gc             ] GC(1901) Pause Young (Allocation Failure) 449M->154M(455M) 0.989ms
[755.477s][info][gc,cpu         ] GC(1901) User=0.01s Sys=0.00s Real=0.00s
[756.136s][info][gc,start       ] GC(1902) Pause Young (Allocation Failure)
[756.137s][info][gc,heap        ] GC(1902) PSYoungGen: 290368K(290816K)->32K(291840K) Eden: 290304K(290304K)->0K(279040K) From: 64K(512K)->32K(12800K)
[756.138s][info][gc,heap        ] GC(1902) ParOldGen: 157764K(175104K)->157772K(175104K)
[756.138s][info][gc,metaspace   ] GC(1902) Metaspace: 35506K(36288K)->35506K(36288K) NonClass: 26297K(26880K)->26297K(26880K) Class: 9209K(9408K)->9209K(9408K)
[756.138s][info][gc             ] GC(1902) Pause Young (Allocation Failure) 437M->154M(456M) 1.266ms
[756.138s][info][gc,cpu         ] GC(1902) User=0.00s Sys=0.00s Real=0.00s
[757.033s][info][gc,start       ] GC(1903) Pause Young (Allocation Failure)
[757.035s][info][gc,heap        ] GC(1903) PSYoungGen: 279072K(291840K)->64K(268800K) Eden: 279040K(279040K)->0K(268288K) From: 32K(12800K)->64K(512K)
[757.035s][info][gc,heap        ] GC(1903) ParOldGen: 157772K(175104K)->157780K(175104K)
[757.035s][info][gc,metaspace   ] GC(1903) Metaspace: 35506K(36288K)->35506K(36288K) NonClass: 26297K(26880K)->26297K(26880K) Class: 9209K(9408K)->9209K(9408K)
[757.035s][info][gc             ] GC(1903) Pause Young (Allocation Failure) 426M->154M(433M) 1.326ms
[757.035s][info][gc,cpu         ] GC(1903) User=0.00s Sys=0.00s Real=0.00s
[757.484s][info][gc,start       ] GC(1904) Pause Young (Allocation Failure)
[757.485s][info][gc,heap        ] GC(1904) PSYoungGen: 268352K(268800K)->64K(268800K) Eden: 268288K(268288K)->0K(258048K) From: 64K(512K)->64K(10752K)
[757.485s][info][gc,heap        ] GC(1904) ParOldGen: 157780K(175104K)->157788K(175104K)
[757.485s][info][gc,metaspace   ] GC(1904) Metaspace: 35506K(36288K)->35506K(36288K) NonClass: 26297K(26880K)->26297K(26880K) Class: 9209K(9408K)->9209K(9408K)
[757.485s][info][gc             ] GC(1904) Pause Young (Allocation Failure) 416M->154M(433M) 1.173ms
[757.485s][info][gc,cpu         ] GC(1904) User=0.00s Sys=0.00s Real=0.00s
[758.441s][info][gc,start       ] GC(1905) Pause Young (Allocation Failure)
[758.443s][info][gc,heap        ] GC(1905) PSYoungGen: 258112K(268800K)->64K(248832K) Eden: 258048K(258048K)->0K(248320K) From: 64K(10752K)->64K(512K)
[758.443s][info][gc,heap        ] GC(1905) ParOldGen: 157788K(175104K)->157796K(175104K)
[758.443s][info][gc,metaspace   ] GC(1905) Metaspace: 35506K(36288K)->35506K(36288K) NonClass: 26297K(26880K)->26297K(26880K) Class: 9209K(9408K)->9209K(9408K)
[758.443s][info][gc             ] GC(1905) Pause Young (Allocation Failure) 406M->154M(414M) 1.705ms
[758.443s][info][gc,cpu         ] GC(1905) User=0.00s Sys=0.00s Real=0.00s
[758.815s][info][gc,start       ] GC(1906) Pause Young (Allocation Failure)
[758.816s][info][gc,heap        ] GC(1906) PSYoungGen: 248384K(248832K)->64K(248832K) Eden: 248320K(248320K)->0K(239104K) From: 64K(512K)->64K(9728K)
[758.816s][info][gc,heap        ] GC(1906) ParOldGen: 157796K(175104K)->157804K(175104K)
[758.816s][info][gc,metaspace   ] GC(1906) Metaspace: 35506K(36288K)->35506K(36288K) NonClass: 26297K(26880K)->26297K(26880K) Class: 9209K(9408K)->9209K(9408K)
[758.816s][info][gc             ] GC(1906) Pause Young (Allocation Failure) 396M->154M(414M) 1.196ms
[758.816s][info][gc,cpu         ] GC(1906) User=0.00s Sys=0.00s Real=0.00s
[758.976s][info][gc,start       ] GC(1907) Pause Young (Allocation Failure)
[758.978s][info][gc,heap        ] GC(1907) PSYoungGen: 239168K(248832K)->64K(230400K) Eden: 239104K(239104K)->0K(229888K) From: 64K(9728K)->64K(512K)
[758.978s][info][gc,heap        ] GC(1907) ParOldGen: 157804K(175104K)->157812K(175104K)
[758.978s][info][gc,metaspace   ] GC(1907) Metaspace: 35506K(36288K)->35506K(36288K) NonClass: 26297K(26880K)->26297K(26880K) Class: 9209K(9408K)->9209K(9408K)
[758.978s][info][gc             ] GC(1907) Pause Young (Allocation Failure) 387M->154M(396M) 1.988ms
[758.978s][info][gc,cpu         ] GC(1907) User=0.00s Sys=0.00s Real=0.00s
[759.097s][info][gc,start       ] GC(1908) Pause Young (Allocation Failure)
[759.098s][info][gc,heap        ] GC(1908) PSYoungGen: 229952K(230400K)->64K(229376K) Eden: 229888K(229888K)->0K(221184K) From: 64K(512K)->64K(8192K)
[759.098s][info][gc,heap        ] GC(1908) ParOldGen: 157812K(175104K)->157820K(175104K)
[759.098s][info][gc,metaspace   ] GC(1908) Metaspace: 35506K(36288K)->35506K(36288K) NonClass: 26297K(26880K)->26297K(26880K) Class: 9209K(9408K)->9209K(9408K)
[759.098s][info][gc             ] GC(1908) Pause Young (Allocation Failure) 378M->154M(395M) 0.786ms
[759.098s][info][gc,cpu         ] GC(1908) User=0.00s Sys=0.00s Real=0.00s
[759.640s][info][gc,start       ] GC(1909) Pause Young (Allocation Failure)
[759.641s][info][gc,heap        ] GC(1909) PSYoungGen: 221248K(229376K)->64K(213504K) Eden: 221184K(221184K)->0K(212992K) From: 64K(8192K)->64K(512K)
[759.641s][info][gc,heap        ] GC(1909) ParOldGen: 157820K(175104K)->157828K(175104K)
[759.641s][info][gc,metaspace   ] GC(1909) Metaspace: 35506K(36288K)->35506K(36288K) NonClass: 26297K(26880K)->26297K(26880K) Class: 9209K(9408K)->9209K(9408K)
[759.641s][info][gc             ] GC(1909) Pause Young (Allocation Failure) 370M->154M(379M) 1.269ms
[759.641s][info][gc,cpu         ] GC(1909) User=0.00s Sys=0.00s Real=0.00s
[759.815s][info][gc,start       ] GC(1910) Pause Young (Allocation Failure)
[759.816s][info][gc,heap        ] GC(1910) PSYoungGen: 213056K(213504K)->64K(212480K) Eden: 212992K(212992K)->0K(205312K) From: 64K(512K)->64K(7168K)
[759.816s][info][gc,heap        ] GC(1910) ParOldGen: 157828K(175104K)->157836K(175104K)
[759.816s][info][gc,metaspace   ] GC(1910) Metaspace: 35506K(36288K)->35506K(36288K) NonClass: 26297K(26880K)->26297K(26880K) Class: 9209K(9408K)->9209K(9408K)
[759.816s][info][gc             ] GC(1910) Pause Young (Allocation Failure) 362M->154M(378M) 1.136ms
[759.816s][info][gc,cpu         ] GC(1910) User=0.00s Sys=0.00s Real=0.00s
[760.127s][info][gc,start       ] GC(1911) Pause Young (Allocation Failure)
[760.147s][info][gc,heap        ] GC(1911) PSYoungGen: 205376K(212480K)->6656K(251904K) Eden: 205312K(205312K)->0K(245248K) From: 64K(7168K)->6656K(6656K)
[760.147s][info][gc,heap        ] GC(1911) ParOldGen: 157836K(175104K)->163972K(175104K)
[760.147s][info][gc,metaspace   ] GC(1911) Metaspace: 35506K(36288K)->35506K(36288K) NonClass: 26297K(26880K)->26297K(26880K) Class: 9209K(9408K)->9209K(9408K)
[760.147s][info][gc             ] GC(1911) Pause Young (Allocation Failure) 354M->166M(417M) 19.925ms
[760.147s][info][gc,cpu         ] GC(1911) User=0.04s Sys=0.00s Real=0.02s
[760.451s][info][gc,start       ] GC(1912) Pause Young (Allocation Failure)
[760.498s][info][gc,heap        ] GC(1912) PSYoungGen: 251904K(251904K)->10752K(271872K) Eden: 245248K(245248K)->0K(261120K) From: 6656K(6656K)->10752K(10752K)
[760.498s][info][gc,heap        ] GC(1912) ParOldGen: 163972K(175104K)->181220K(181248K)
[760.498s][info][gc,metaspace   ] GC(1912) Metaspace: 35506K(36288K)->35506K(36288K) NonClass: 26297K(26880K)->26297K(26880K) Class: 9209K(9408K)->9209K(9408K)
[760.498s][info][gc             ] GC(1912) Pause Young (Allocation Failure) 406M->187M(442M) 46.905ms
[760.498s][info][gc,cpu         ] GC(1912) User=0.10s Sys=0.00s Real=0.05s
[760.757s][info][gc,start       ] GC(1913) Pause Young (Allocation Failure)
[760.806s][info][gc,heap        ] GC(1913) PSYoungGen: 271872K(271872K)->19456K(304128K) Eden: 261120K(261120K)->0K(284672K) From: 10752K(10752K)->19456K(19456K)
[760.806s][info][gc,heap        ] GC(1913) ParOldGen: 181220K(181248K)->184236K(184320K)
[760.806s][info][gc,metaspace   ] GC(1913) Metaspace: 35506K(36288K)->35506K(36288K) NonClass: 26297K(26880K)->26297K(26880K) Class: 9209K(9408K)->9209K(9408K)
[760.806s][info][gc             ] GC(1913) Pause Young (Allocation Failure) 442M->198M(477M) 49.057ms
[760.806s][info][gc,cpu         ] GC(1913) User=0.07s Sys=0.02s Real=0.05s
[760.989s][info][gc,start       ] GC(1914) Pause Young (Allocation Failure)
[760.991s][info][gc,heap        ] GC(1914) PSYoungGen: 304128K(304128K)->64K(309248K) Eden: 284672K(284672K)->0K(284672K) From: 19456K(19456K)->64K(24576K)
[760.991s][info][gc,heap        ] GC(1914) ParOldGen: 184236K(184320K)->184316K(184320K)
[760.991s][info][gc,metaspace   ] GC(1914) Metaspace: 35506K(36288K)->35506K(36288K) NonClass: 26297K(26880K)->26297K(26880K) Class: 9209K(9408K)->9209K(9408K)
[760.991s][info][gc             ] GC(1914) Pause Young (Allocation Failure) 476M->180M(482M) 1.600ms
[760.991s][info][gc,cpu         ] GC(1914) User=0.00s Sys=0.00s Real=0.00s
[761.660s][info][gc,start       ] GC(1915) Pause Young (Allocation Failure)
[761.661s][info][gc,heap        ] GC(1915) PSYoungGen: 284736K(309248K)->64K(306688K) Eden: 284672K(284672K)->0K(285184K) From: 64K(24576K)->64K(21504K)
[761.661s][info][gc,heap        ] GC(1915) ParOldGen: 184316K(184320K)->184324K(184832K)
[761.661s][info][gc,metaspace   ] GC(1915) Metaspace: 35506K(36288K)->35506K(36288K) NonClass: 26297K(26880K)->26297K(26880K) Class: 9209K(9408K)->9209K(9408K)
[761.661s][info][gc             ] GC(1915) Pause Young (Allocation Failure) 458M->180M(480M) 1.018ms
[761.661s][info][gc,cpu         ] GC(1915) User=0.00s Sys=0.00s Real=0.00s
[762.139s][info][gc,start       ] GC(1916) Pause Young (Allocation Failure)
[762.140s][info][gc,heap        ] GC(1916) PSYoungGen: 285248K(306688K)->64K(308224K) Eden: 285184K(285184K)->0K(285184K) From: 64K(21504K)->64K(23040K)
[762.140s][info][gc,heap        ] GC(1916) ParOldGen: 184324K(184832K)->184340K(184832K)
[762.140s][info][gc,metaspace   ] GC(1916) Metaspace: 35506K(36288K)->35506K(36288K) NonClass: 26297K(26880K)->26297K(26880K) Class: 9209K(9408K)->9209K(9408K)
[762.140s][info][gc             ] GC(1916) Pause Young (Allocation Failure) 458M->180M(481M) 0.907ms
[762.140s][info][gc,cpu         ] GC(1916) User=0.01s Sys=0.00s Real=0.00s
[762.374s][info][gc,start       ] GC(1917) Pause Young (Allocation Failure)
[762.375s][info][gc,heap        ] GC(1917) PSYoungGen: 285248K(308224K)->64K(308224K) Eden: 285184K(285184K)->0K(288768K) From: 64K(23040K)->64K(19456K)
[762.375s][info][gc,heap        ] GC(1917) ParOldGen: 184340K(184832K)->184356K(184832K)
[762.375s][info][gc,metaspace   ] GC(1917) Metaspace: 35506K(36288K)->35506K(36288K) NonClass: 26297K(26880K)->26297K(26880K) Class: 9209K(9408K)->9209K(9408K)
[762.375s][info][gc             ] GC(1917) Pause Young (Allocation Failure) 458M->180M(481M) 0.823ms
[762.375s][info][gc,cpu         ] GC(1917) User=0.00s Sys=0.00s Real=0.00s
[762.616s][info][gc,start       ] GC(1918) Pause Young (Allocation Failure)
[762.617s][info][gc,heap        ] GC(1918) PSYoungGen: 288832K(308224K)->32K(309760K) Eden: 288768K(288768K)->0K(288768K) From: 64K(19456K)->32K(20992K)
[762.617s][info][gc,heap        ] GC(1918) ParOldGen: 184356K(184832K)->184356K(184832K)
[762.617s][info][gc,metaspace   ] GC(1918) Metaspace: 35506K(36288K)->35506K(36288K) NonClass: 26297K(26880K)->26297K(26880K) Class: 9209K(9408K)->9209K(9408K)
[762.617s][info][gc             ] GC(1918) Pause Young (Allocation Failure) 462M->180M(483M) 0.822ms
[762.617s][info][gc,cpu         ] GC(1918) User=0.00s Sys=0.01s Real=0.00s
[762.969s][info][gc,start       ] GC(1919) Pause Young (Allocation Failure)
[762.970s][info][gc,heap        ] GC(1919) PSYoungGen: 288800K(309760K)->64K(310272K) Eden: 288768K(288768K)->0K(292864K) From: 32K(20992K)->64K(17408K)
[762.970s][info][gc,heap        ] GC(1919) ParOldGen: 184356K(184832K)->184356K(184832K)
[762.970s][info][gc,metaspace   ] GC(1919) Metaspace: 35506K(36288K)->35506K(36288K) NonClass: 26297K(26880K)->26297K(26880K) Class: 9209K(9408K)->9209K(9408K)
[762.970s][info][gc             ] GC(1919) Pause Young (Allocation Failure) 462M->180M(483M) 0.814ms
[762.970s][info][gc,cpu         ] GC(1919) User=0.00s Sys=0.00s Real=0.00s
[763.022s][info][gc,start       ] GC(1920) Pause Young (Allocation Failure)
[763.023s][info][gc,heap        ] GC(1920) PSYoungGen: 292928K(310272K)->64K(311808K) Eden: 292864K(292864K)->0K(292864K) From: 64K(17408K)->64K(18944K)
[763.023s][info][gc,heap        ] GC(1920) ParOldGen: 184356K(184832K)->184372K(184832K)
[763.023s][info][gc,metaspace   ] GC(1920) Metaspace: 35506K(36288K)->35506K(36288K) NonClass: 26297K(26880K)->26297K(26880K) Class: 9209K(9408K)->9209K(9408K)
[763.023s][info][gc             ] GC(1920) Pause Young (Allocation Failure) 466M->180M(485M) 0.795ms
[763.023s][info][gc,cpu         ] GC(1920) User=0.00s Sys=0.00s Real=0.00s
[763.073s][info][gc,start       ] GC(1921) Pause Young (Allocation Failure)
[763.073s][info][gc,heap        ] GC(1921) PSYoungGen: 292928K(311808K)->64K(312320K) Eden: 292864K(292864K)->0K(296448K) From: 64K(18944K)->64K(15872K)
[763.073s][info][gc,heap        ] GC(1921) ParOldGen: 184372K(184832K)->184372K(184832K)
[763.073s][info][gc,metaspace   ] GC(1921) Metaspace: 35506K(36288K)->35506K(36288K) NonClass: 26297K(26880K)->26297K(26880K) Class: 9209K(9408K)->9209K(9408K)
[763.074s][info][gc             ] GC(1921) Pause Young (Allocation Failure) 466M->180M(485M) 0.786ms
[763.074s][info][gc,cpu         ] GC(1921) User=0.00s Sys=0.00s Real=0.01s
[763.350s][info][gc,start       ] GC(1922) Pause Young (Allocation Failure)
[763.351s][info][gc,heap        ] GC(1922) PSYoungGen: 296512K(312320K)->64K(313856K) Eden: 296448K(296448K)->0K(296448K) From: 64K(15872K)->64K(17408K)
[763.351s][info][gc,heap        ] GC(1922) ParOldGen: 184372K(184832K)->184372K(184832K)
[763.351s][info][gc,metaspace   ] GC(1922) Metaspace: 35506K(36288K)->35506K(36288K) NonClass: 26297K(26880K)->26297K(26880K) Class: 9209K(9408K)->9209K(9408K)
[763.351s][info][gc             ] GC(1922) Pause Young (Allocation Failure) 469M->180M(487M) 0.812ms
[763.351s][info][gc,cpu         ] GC(1922) User=0.00s Sys=0.00s Real=0.00s
[763.609s][info][gc,start       ] GC(1923) Pause Young (Allocation Failure)
[763.611s][info][gc,heap        ] GC(1923) PSYoungGen: 296512K(313856K)->64K(285184K) Eden: 296448K(296448K)->0K(284672K) From: 64K(17408K)->64K(512K)
[763.611s][info][gc,heap        ] GC(1923) ParOldGen: 184372K(184832K)->184380K(184832K)
[763.611s][info][gc,metaspace   ] GC(1923) Metaspace: 35506K(36288K)->35506K(36288K) NonClass: 26297K(26880K)->26297K(26880K) Class: 9209K(9408K)->9209K(9408K)
[763.611s][info][gc             ] GC(1923) Pause Young (Allocation Failure) 469M->180M(459M) 1.890ms
[763.611s][info][gc,cpu         ] GC(1923) User=0.01s Sys=0.00s Real=0.00s
[763.707s][info][gc,start       ] GC(1924) Pause Young (Allocation Failure)
[763.708s][info][gc,heap        ] GC(1924) PSYoungGen: 284736K(285184K)->64K(288768K) Eden: 284672K(284672K)->0K(273408K) From: 64K(512K)->64K(15360K)
[763.708s][info][gc,heap        ] GC(1924) ParOldGen: 184380K(184832K)->184388K(184832K)
[763.708s][info][gc,metaspace   ] GC(1924) Metaspace: 35506K(36288K)->35506K(36288K) NonClass: 26297K(26880K)->26297K(26880K) Class: 9209K(9408K)->9209K(9408K)
[763.708s][info][gc             ] GC(1924) Pause Young (Allocation Failure) 458M->180M(462M) 0.779ms
[763.708s][info][gc,cpu         ] GC(1924) User=0.00s Sys=0.00s Real=0.00s
[763.819s][info][gc,start       ] GC(1925) Pause Young (Allocation Failure)
[763.820s][info][gc,heap        ] GC(1925) PSYoungGen: 273472K(288768K)->64K(263168K) Eden: 273408K(273408K)->0K(262656K) From: 64K(15360K)->64K(512K)
[763.820s][info][gc,heap        ] GC(1925) ParOldGen: 184388K(184832K)->184396K(184832K)
[763.820s][info][gc,metaspace   ] GC(1925) Metaspace: 35506K(36288K)->35506K(36288K) NonClass: 26297K(26880K)->26297K(26880K) Class: 9209K(9408K)->9209K(9408K)
[763.820s][info][gc             ] GC(1925) Pause Young (Allocation Failure) 447M->180M(437M) 1.097ms
[763.820s][info][gc,cpu         ] GC(1925) User=0.00s Sys=0.00s Real=0.00s
[764.033s][info][gc,start       ] GC(1926) Pause Young (Allocation Failure)
[764.034s][info][gc,heap        ] GC(1926) PSYoungGen: 262720K(263168K)->64K(265728K) Eden: 262656K(262656K)->0K(252416K) From: 64K(512K)->64K(13312K)
[764.034s][info][gc,heap        ] GC(1926) ParOldGen: 184396K(184832K)->184404K(184832K)
[764.034s][info][gc,metaspace   ] GC(1926) Metaspace: 35506K(36288K)->35506K(36288K) NonClass: 26297K(26880K)->26297K(26880K) Class: 9209K(9408K)->9209K(9408K)
[764.034s][info][gc             ] GC(1926) Pause Young (Allocation Failure) 436M->180M(440M) 0.767ms
[764.034s][info][gc,cpu         ] GC(1926) User=0.00s Sys=0.00s Real=0.01s
[764.844s][info][gc,start       ] GC(1927) Pause Young (Allocation Failure)
[764.845s][info][gc,heap        ] GC(1927) PSYoungGen: 252480K(265728K)->64K(243200K) Eden: 252416K(252416K)->0K(242688K) From: 64K(13312K)->64K(512K)
[764.845s][info][gc,heap        ] GC(1927) ParOldGen: 184404K(184832K)->184412K(184832K)
[764.845s][info][gc,metaspace   ] GC(1927) Metaspace: 35506K(36288K)->35506K(36288K) NonClass: 26297K(26880K)->26297K(26880K) Class: 9209K(9408K)->9209K(9408K)
[764.846s][info][gc             ] GC(1927) Pause Young (Allocation Failure) 426M->180M(418M) 1.354ms
[764.846s][info][gc,cpu         ] GC(1927) User=0.01s Sys=0.00s Real=0.00s
[765.655s][info][gc,start       ] GC(1928) Pause Young (Allocation Failure)
[765.656s][info][gc,heap        ] GC(1928) PSYoungGen: 242752K(243200K)->64K(245248K) Eden: 242688K(242688K)->0K(233472K) From: 64K(512K)->64K(11776K)
[765.656s][info][gc,heap        ] GC(1928) ParOldGen: 184412K(184832K)->184420K(184832K)
[765.656s][info][gc,metaspace   ] GC(1928) Metaspace: 35506K(36288K)->35506K(36288K) NonClass: 26297K(26880K)->26297K(26880K) Class: 9209K(9408K)->9209K(9408K)
[765.656s][info][gc             ] GC(1928) Pause Young (Allocation Failure) 417M->180M(420M) 0.779ms
[765.656s][info][gc,cpu         ] GC(1928) User=0.00s Sys=0.00s Real=0.00s
[765.913s][info][gc,start       ] GC(1929) Pause Young (Allocation Failure)
[765.915s][info][gc,heap        ] GC(1929) PSYoungGen: 233536K(245248K)->64K(225280K) Eden: 233472K(233472K)->0K(224768K) From: 64K(11776K)->64K(512K)
[765.915s][info][gc,heap        ] GC(1929) ParOldGen: 184420K(184832K)->184428K(184832K)
[765.915s][info][gc,metaspace   ] GC(1929) Metaspace: 35506K(36288K)->35506K(36288K) NonClass: 26297K(26880K)->26297K(26880K) Class: 9209K(9408K)->9209K(9408K)
[765.915s][info][gc             ] GC(1929) Pause Young (Allocation Failure) 408M->180M(400M) 1.897ms
[765.915s][info][gc,cpu         ] GC(1929) User=0.00s Sys=0.00s Real=0.00s
[766.322s][info][gc,start       ] GC(1930) Pause Young (Allocation Failure)
[766.323s][info][gc,heap        ] GC(1930) PSYoungGen: 224832K(225280K)->64K(226816K) Eden: 224768K(224768K)->0K(216576K) From: 64K(512K)->64K(10240K)
[766.323s][info][gc,heap        ] GC(1930) ParOldGen: 184428K(184832K)->184436K(184832K)
[766.323s][info][gc,metaspace   ] GC(1930) Metaspace: 35506K(36288K)->35506K(36288K) NonClass: 26297K(26880K)->26297K(26880K) Class: 9209K(9408K)->9209K(9408K)
[766.323s][info][gc             ] GC(1930) Pause Young (Allocation Failure) 399M->180M(402M) 1.000ms
[766.323s][info][gc,cpu         ] GC(1930) User=0.00s Sys=0.00s Real=0.00s
[767.214s][info][gc,start       ] GC(1931) Pause Young (Allocation Failure)
[767.217s][info][gc,heap        ] GC(1931) PSYoungGen: 216640K(226816K)->32K(208896K) Eden: 216576K(216576K)->0K(208384K) From: 64K(10240K)->32K(512K)
[767.217s][info][gc,heap        ] GC(1931) ParOldGen: 184436K(184832K)->184444K(184832K)
[767.217s][info][gc,metaspace   ] GC(1931) Metaspace: 35506K(36288K)->35506K(36288K) NonClass: 26297K(26880K)->26297K(26880K) Class: 9209K(9408K)->9209K(9408K)
[767.217s][info][gc             ] GC(1931) Pause Young (Allocation Failure) 391M->180M(384M) 2.399ms
[767.217s][info][gc,cpu         ] GC(1931) User=0.00s Sys=0.01s Real=0.00s
[767.540s][info][gc,start       ] GC(1932) Pause Young (Allocation Failure)
[767.541s][info][gc,heap        ] GC(1932) PSYoungGen: 208416K(208896K)->64K(209920K) Eden: 208384K(208384K)->0K(200704K) From: 32K(512K)->64K(9216K)
[767.541s][info][gc,heap        ] GC(1932) ParOldGen: 184444K(184832K)->184452K(184832K)
[767.541s][info][gc,metaspace   ] GC(1932) Metaspace: 35506K(36288K)->35506K(36288K) NonClass: 26297K(26880K)->26297K(26880K) Class: 9209K(9408K)->9209K(9408K)
[767.541s][info][gc             ] GC(1932) Pause Young (Allocation Failure) 383M->180M(385M) 1.342ms
[767.541s][info][gc,cpu         ] GC(1932) User=0.00s Sys=0.00s Real=0.00s
[767.696s][info][gc,start       ] GC(1933) Pause Young (Allocation Failure)
[767.698s][info][gc,heap        ] GC(1933) PSYoungGen: 200768K(209920K)->64K(194048K) Eden: 200704K(200704K)->0K(193536K) From: 64K(9216K)->64K(512K)
[767.698s][info][gc,heap        ] GC(1933) ParOldGen: 184452K(184832K)->184460K(184832K)
[767.698s][info][gc,metaspace   ] GC(1933) Metaspace: 35506K(36288K)->35506K(36288K) NonClass: 26297K(26880K)->26297K(26880K) Class: 9209K(9408K)->9209K(9408K)
[767.698s][info][gc             ] GC(1933) Pause Young (Allocation Failure) 376M->180M(370M) 2.060ms
[767.698s][info][gc,cpu         ] GC(1933) User=0.00s Sys=0.00s Real=0.00s
[767.753s][info][gc,start       ] GC(1934) Pause Young (Allocation Failure)
[767.754s][info][gc,heap        ] GC(1934) PSYoungGen: 193600K(194048K)->64K(194560K) Eden: 193536K(193536K)->0K(186880K) From: 64K(512K)->64K(7680K)
[767.754s][info][gc,heap        ] GC(1934) ParOldGen: 184460K(184832K)->184468K(184832K)
[767.754s][info][gc,metaspace   ] GC(1934) Metaspace: 35506K(36288K)->35506K(36288K) NonClass: 26297K(26880K)->26297K(26880K) Class: 9209K(9408K)->9209K(9408K)
[767.754s][info][gc             ] GC(1934) Pause Young (Allocation Failure) 369M->180M(370M) 1.137ms
[767.754s][info][gc,cpu         ] GC(1934) User=0.00s Sys=0.00s Real=0.00s
[768.102s][info][gc,start       ] GC(1935) Pause Young (Allocation Failure)
[768.105s][info][gc,heap        ] GC(1935) PSYoungGen: 186944K(194560K)->64K(180736K) Eden: 186880K(186880K)->0K(180224K) From: 64K(7680K)->64K(512K)
[768.105s][info][gc,heap        ] GC(1935) ParOldGen: 184468K(184832K)->184476K(184832K)
[768.105s][info][gc,metaspace   ] GC(1935) Metaspace: 35506K(36288K)->35506K(36288K) NonClass: 26297K(26880K)->26297K(26880K) Class: 9209K(9408K)->9209K(9408K)
[768.105s][info][gc             ] GC(1935) Pause Young (Allocation Failure) 362M->180M(357M) 2.200ms
[768.105s][info][gc,cpu         ] GC(1935) User=0.00s Sys=0.00s Real=0.01s
[768.409s][info][gc,start       ] GC(1936) Pause Young (Allocation Failure)
[768.410s][info][gc,heap        ] GC(1936) PSYoungGen: 180288K(180736K)->64K(180736K) Eden: 180224K(180224K)->0K(174080K) From: 64K(512K)->64K(6656K)
[768.410s][info][gc,heap        ] GC(1936) ParOldGen: 184476K(184832K)->184484K(184832K)
[768.410s][info][gc,metaspace   ] GC(1936) Metaspace: 35506K(36288K)->35506K(36288K) NonClass: 26297K(26880K)->26297K(26880K) Class: 9209K(9408K)->9209K(9408K)
[768.410s][info][gc             ] GC(1936) Pause Young (Allocation Failure) 356M->180M(357M) 1.618ms
[768.410s][info][gc,cpu         ] GC(1936) User=0.00s Sys=0.00s Real=0.00s
[768.615s][info][gc,start       ] GC(1937) Pause Young (Allocation Failure)
[768.617s][info][gc,heap        ] GC(1937) PSYoungGen: 174144K(180736K)->64K(168448K) Eden: 174080K(174080K)->0K(167936K) From: 64K(6656K)->64K(512K)
[768.617s][info][gc,heap        ] GC(1937) ParOldGen: 184484K(184832K)->184492K(184832K)
[768.617s][info][gc,metaspace   ] GC(1937) Metaspace: 35506K(36288K)->35506K(36288K) NonClass: 26297K(26880K)->26297K(26880K) Class: 9209K(9408K)->9209K(9408K)
[768.617s][info][gc             ] GC(1937) Pause Young (Allocation Failure) 350M->180M(345M) 2.199ms
[768.617s][info][gc,cpu         ] GC(1937) User=0.00s Sys=0.00s Real=0.00s
[768.878s][info][gc,start       ] GC(1938) Pause Young (Allocation Failure)
[768.903s][info][gc,heap        ] GC(1938) PSYoungGen: 168000K(168448K)->5632K(206336K) Eden: 167936K(167936K)->0K(200704K) From: 64K(512K)->5632K(5632K)
[768.903s][info][gc,heap        ] GC(1938) ParOldGen: 184492K(184832K)->190364K(190464K)
[768.903s][info][gc,metaspace   ] GC(1938) Metaspace: 35506K(36288K)->35506K(36288K) NonClass: 26297K(26880K)->26297K(26880K) Class: 9209K(9408K)->9209K(9408K)
[768.903s][info][gc             ] GC(1938) Pause Young (Allocation Failure) 344M->191M(387M) 25.165ms
[768.903s][info][gc,cpu         ] GC(1938) User=0.04s Sys=0.00s Real=0.03s
[769.161s][info][gc,start       ] GC(1939) Pause Young (Allocation Failure)
[769.208s][info][gc,heap        ] GC(1939) PSYoungGen: 206336K(206336K)->5632K(235008K) Eden: 200704K(200704K)->0K(229376K) From: 5632K(5632K)->5632K(5632K)
[769.208s][info][gc,heap        ] GC(1939) ParOldGen: 190364K(190464K)->207676K(207872K)
[769.208s][info][gc,metaspace   ] GC(1939) Metaspace: 35506K(36288K)->35506K(36288K) NonClass: 26297K(26880K)->26297K(26880K) Class: 9209K(9408K)->9209K(9408K)
[769.208s][info][gc             ] GC(1939) Pause Young (Allocation Failure) 387M->208M(432M) 46.573ms
[769.208s][info][gc,cpu         ] GC(1939) User=0.07s Sys=0.02s Real=0.05s
[769.495s][info][gc,start       ] GC(1940) Pause Young (Allocation Failure)
[769.545s][info][gc,heap        ] GC(1940) PSYoungGen: 235008K(235008K)->16384K(245760K) Eden: 229376K(229376K)->0K(229376K) From: 5632K(5632K)->16384K(16384K)
[769.545s][info][gc,heap        ] GC(1940) ParOldGen: 207676K(207872K)->217764K(218112K)
[769.545s][info][gc,metaspace   ] GC(1940) Metaspace: 35506K(36288K)->35506K(36288K) NonClass: 26297K(26880K)->26297K(26880K) Class: 9209K(9408K)->9209K(9408K)
[769.545s][info][gc             ] GC(1940) Pause Young (Allocation Failure) 432M->228M(453M) 49.957ms
[769.545s][info][gc,cpu         ] GC(1940) User=0.09s Sys=0.01s Real=0.05s
[769.624s][info][gc,start       ] GC(1941) Pause Young (Allocation Failure)
[769.633s][info][gc,heap        ] GC(1941) PSYoungGen: 245760K(245760K)->2368K(296960K) Eden: 229376K(229376K)->0K(275456K) From: 16384K(16384K)->2368K(21504K)
[769.633s][info][gc,heap        ] GC(1941) ParOldGen: 217764K(218112K)->218036K(218112K)
[769.633s][info][gc,metaspace   ] GC(1941) Metaspace: 35506K(36288K)->35506K(36288K) NonClass: 26297K(26880K)->26297K(26880K) Class: 9209K(9408K)->9209K(9408K)
[769.633s][info][gc             ] GC(1941) Pause Young (Allocation Failure) 452M->215M(503M) 8.699ms
[769.633s][info][gc,cpu         ] GC(1941) User=0.01s Sys=0.00s Real=0.00s
[770.126s][info][gc,start       ] GC(1942) Pause Young (Allocation Failure)
[770.128s][info][gc,heap        ] GC(1942) PSYoungGen: 277824K(296960K)->64K(297984K) Eden: 275456K(275456K)->0K(275456K) From: 2368K(21504K)->64K(22528K)
[770.128s][info][gc,heap        ] GC(1942) ParOldGen: 218036K(218112K)->218044K(218112K)
[770.128s][info][gc,metaspace   ] GC(1942) Metaspace: 35506K(36288K)->35506K(36288K) NonClass: 26297K(26880K)->26297K(26880K) Class: 9209K(9408K)->9209K(9408K)
[770.128s][info][gc             ] GC(1942) Pause Young (Allocation Failure) 484M->212M(504M) 1.165ms
[770.128s][info][gc,cpu         ] GC(1942) User=0.00s Sys=0.00s Real=0.00s
[770.623s][info][gc,start       ] GC(1943) Pause Young (Allocation Failure)
[770.623s][info][gc,heap        ] GC(1943) PSYoungGen: 275520K(297984K)->64K(308736K) Eden: 275456K(275456K)->0K(289280K) From: 64K(22528K)->64K(19456K)
[770.623s][info][gc,heap        ] GC(1943) ParOldGen: 218044K(218112K)->218052K(218112K)
[770.624s][info][gc,metaspace   ] GC(1943) Metaspace: 35506K(36288K)->35506K(36288K) NonClass: 26297K(26880K)->26297K(26880K) Class: 9209K(9408K)->9209K(9408K)
[770.624s][info][gc             ] GC(1943) Pause Young (Allocation Failure) 481M->213M(514M) 0.998ms
[770.624s][info][gc,cpu         ] GC(1943) User=0.00s Sys=0.00s Real=0.01s
[771.072s][info][gc,start       ] GC(1944) Pause Young (Allocation Failure)
[771.073s][info][gc,heap        ] GC(1944) PSYoungGen: 289344K(308736K)->64K(310272K) Eden: 289280K(289280K)->0K(289280K) From: 64K(19456K)->64K(20992K)
[771.073s][info][gc,heap        ] GC(1944) ParOldGen: 218052K(218112K)->218068K(218112K)
[771.073s][info][gc,metaspace   ] GC(1944) Metaspace: 35506K(36288K)->35506K(36288K) NonClass: 26297K(26880K)->26297K(26880K) Class: 9209K(9408K)->9209K(9408K)
[771.073s][info][gc             ] GC(1944) Pause Young (Allocation Failure) 495M->213M(516M) 1.038ms
[771.073s][info][gc,cpu         ] GC(1944) User=0.00s Sys=0.00s Real=0.00s
[771.310s][info][gc,start       ] GC(1945) Pause Young (Allocation Failure)
[771.311s][info][gc,heap        ] GC(1945) PSYoungGen: 289344K(310272K)->64K(311296K) Eden: 289280K(289280K)->0K(292864K) From: 64K(20992K)->64K(18432K)
[771.311s][info][gc,heap        ] GC(1945) ParOldGen: 218068K(218112K)->218084K(218112K)
[771.311s][info][gc,metaspace   ] GC(1945) Metaspace: 35506K(36288K)->35506K(36288K) NonClass: 26297K(26880K)->26297K(26880K) Class: 9209K(9408K)->9209K(9408K)
[771.311s][info][gc             ] GC(1945) Pause Young (Allocation Failure) 495M->213M(517M) 0.997ms
[771.311s][info][gc,cpu         ] GC(1945) User=0.00s Sys=0.00s Real=0.00s
[771.656s][info][gc,start       ] GC(1946) Pause Young (Allocation Failure)
[771.657s][info][gc,heap        ] GC(1946) PSYoungGen: 292928K(311296K)->64K(312320K) Eden: 292864K(292864K)->0K(292864K) From: 64K(18432K)->64K(19456K)
[771.657s][info][gc,heap        ] GC(1946) ParOldGen: 218084K(218112K)->218084K(218112K)
[771.657s][info][gc,metaspace   ] GC(1946) Metaspace: 35506K(36288K)->35506K(36288K) NonClass: 26297K(26880K)->26297K(26880K) Class: 9209K(9408K)->9209K(9408K)
[771.657s][info][gc             ] GC(1946) Pause Young (Allocation Failure) 499M->213M(518M) 0.991ms
[771.657s][info][gc,cpu         ] GC(1946) User=0.00s Sys=0.00s Real=0.00s
[771.819s][info][gc,start       ] GC(1947) Pause Young (Allocation Failure)
[771.820s][info][gc,heap        ] GC(1947) PSYoungGen: 292928K(312320K)->64K(312320K) Eden: 292864K(292864K)->0K(295936K) From: 64K(19456K)->64K(16384K)
[771.820s][info][gc,heap        ] GC(1947) ParOldGen: 218084K(218112K)->218092K(218112K)
[771.820s][info][gc,metaspace   ] GC(1947) Metaspace: 35506K(36288K)->35506K(36288K) NonClass: 26297K(26880K)->26297K(26880K) Class: 9209K(9408K)->9209K(9408K)
[771.820s][info][gc             ] GC(1947) Pause Young (Allocation Failure) 499M->213M(518M) 0.928ms
[771.820s][info][gc,cpu         ] GC(1947) User=0.00s Sys=0.00s Real=0.00s
[771.872s][info][gc,start       ] GC(1948) Pause Young (Allocation Failure)
[771.874s][info][gc,heap        ] GC(1948) PSYoungGen: 296000K(312320K)->32K(313344K) Eden: 295936K(295936K)->0K(295936K) From: 64K(16384K)->32K(17408K)
[771.874s][info][gc,heap        ] GC(1948) ParOldGen: 218092K(218112K)->218100K(218112K)
[771.874s][info][gc,metaspace   ] GC(1948) Metaspace: 35506K(36288K)->35506K(36288K) NonClass: 26297K(26880K)->26297K(26880K) Class: 9209K(9408K)->9209K(9408K)
[771.874s][info][gc             ] GC(1948) Pause Young (Allocation Failure) 502M->213M(519M) 1.601ms
[771.874s][info][gc,cpu         ] GC(1948) User=0.00s Sys=0.00s Real=0.01s
[772.017s][info][gc,start       ] GC(1949) Pause Young (Allocation Failure)
[772.018s][info][gc,heap        ] GC(1949) PSYoungGen: 295968K(313344K)->64K(315392K) Eden: 295936K(295936K)->0K(300032K) From: 32K(17408K)->64K(15360K)
[772.018s][info][gc,heap        ] GC(1949) ParOldGen: 218100K(218112K)->218100K(218112K)
[772.018s][info][gc,metaspace   ] GC(1949) Metaspace: 35506K(36288K)->35506K(36288K) NonClass: 26297K(26880K)->26297K(26880K) Class: 9209K(9408K)->9209K(9408K)
[772.018s][info][gc             ] GC(1949) Pause Young (Allocation Failure) 502M->213M(521M) 0.849ms
[772.018s][info][gc,cpu         ] GC(1949) User=0.00s Sys=0.00s Real=0.00s
[772.333s][info][gc,start       ] GC(1950) Pause Young (Allocation Failure)
[772.334s][info][gc,heap        ] GC(1950) PSYoungGen: 300096K(315392K)->64K(315904K) Eden: 300032K(300032K)->0K(300032K) From: 64K(15360K)->64K(15872K)
[772.334s][info][gc,heap        ] GC(1950) ParOldGen: 218100K(218112K)->218108K(218112K)
[772.334s][info][gc,metaspace   ] GC(1950) Metaspace: 35506K(36288K)->35506K(36288K) NonClass: 26297K(26880K)->26297K(26880K) Class: 9209K(9408K)->9209K(9408K)
[772.334s][info][gc             ] GC(1950) Pause Young (Allocation Failure) 506M->213M(521M) 0.982ms
[772.334s][info][gc,cpu         ] GC(1950) User=0.00s Sys=0.00s Real=0.01s
[772.502s][info][gc,start       ] GC(1951) Pause Young (Allocation Failure)
[772.503s][info][gc,heap        ] GC(1951) PSYoungGen: 300096K(315904K)->64K(316416K) Eden: 300032K(300032K)->0K(303104K) From: 64K(15872K)->64K(13312K)
[772.503s][info][gc,heap        ] GC(1951) ParOldGen: 218108K(218112K)->218116K(218624K)
[772.503s][info][gc,metaspace   ] GC(1951) Metaspace: 35506K(36288K)->35506K(36288K) NonClass: 26297K(26880K)->26297K(26880K) Class: 9209K(9408K)->9209K(9408K)
[772.503s][info][gc             ] GC(1951) Pause Young (Allocation Failure) 506M->213M(522M) 0.977ms
[772.503s][info][gc,cpu         ] GC(1951) User=0.00s Sys=0.00s Real=0.00s
[772.586s][info][gc,start       ] GC(1952) Pause Young (Allocation Failure)
[772.587s][info][gc,heap        ] GC(1952) PSYoungGen: 303168K(316416K)->64K(316928K) Eden: 303104K(303104K)->0K(303104K) From: 64K(13312K)->64K(13824K)
[772.587s][info][gc,heap        ] GC(1952) ParOldGen: 218116K(218624K)->218124K(218624K)
[772.587s][info][gc,metaspace   ] GC(1952) Metaspace: 35506K(36288K)->35506K(36288K) NonClass: 26297K(26880K)->26297K(26880K) Class: 9209K(9408K)->9209K(9408K)
[772.587s][info][gc             ] GC(1952) Pause Young (Allocation Failure) 509M->213M(523M) 0.871ms
[772.587s][info][gc,cpu         ] GC(1952) User=0.01s Sys=0.00s Real=0.00s
[772.776s][info][gc,start       ] GC(1953) Pause Young (Allocation Failure)
[772.777s][info][gc,heap        ] GC(1953) PSYoungGen: 303168K(316928K)->64K(291328K) Eden: 303104K(303104K)->0K(290816K) From: 64K(13824K)->64K(512K)
[772.777s][info][gc,heap        ] GC(1953) ParOldGen: 218124K(218624K)->218132K(218624K)
[772.777s][info][gc,metaspace   ] GC(1953) Metaspace: 35506K(36288K)->35506K(36288K) NonClass: 26297K(26880K)->26297K(26880K) Class: 9209K(9408K)->9209K(9408K)
[772.777s][info][gc             ] GC(1953) Pause Young (Allocation Failure) 509M->213M(498M) 0.922ms
[772.777s][info][gc,cpu         ] GC(1953) User=0.01s Sys=0.00s Real=0.00s
[773.669s][info][gc,start       ] GC(1954) Pause Young (Allocation Failure)
[773.670s][info][gc,heap        ] GC(1954) PSYoungGen: 290880K(291328K)->64K(291840K) Eden: 290816K(290816K)->0K(279552K) From: 64K(512K)->64K(12288K)
[773.670s][info][gc,heap        ] GC(1954) ParOldGen: 218132K(218624K)->218140K(218624K)
[773.670s][info][gc,metaspace   ] GC(1954) Metaspace: 35506K(36288K)->35506K(36288K) NonClass: 26297K(26880K)->26297K(26880K) Class: 9209K(9408K)->9209K(9408K)
[773.670s][info][gc             ] GC(1954) Pause Young (Allocation Failure) 497M->213M(498M) 0.885ms
[773.670s][info][gc,cpu         ] GC(1954) User=0.01s Sys=0.00s Real=0.00s
[774.493s][info][gc,start       ] GC(1955) Pause Young (Allocation Failure)
[774.494s][info][gc,heap        ] GC(1955) PSYoungGen: 279616K(291840K)->64K(269312K) Eden: 279552K(279552K)->0K(268800K) From: 64K(12288K)->64K(512K)
[774.494s][info][gc,heap        ] GC(1955) ParOldGen: 218140K(218624K)->218148K(218624K)
[774.494s][info][gc,metaspace   ] GC(1955) Metaspace: 35506K(36288K)->35506K(36288K) NonClass: 26297K(26880K)->26297K(26880K) Class: 9209K(9408K)->9209K(9408K)
[774.494s][info][gc             ] GC(1955) Pause Young (Allocation Failure) 486M->213M(476M) 0.985ms
[774.494s][info][gc,cpu         ] GC(1955) User=0.00s Sys=0.00s Real=0.01s
[774.854s][info][gc,start       ] GC(1956) Pause Young (Allocation Failure)
[774.854s][info][gc,heap        ] GC(1956) PSYoungGen: 268864K(269312K)->64K(269312K) Eden: 268800K(268800K)->0K(258560K) From: 64K(512K)->64K(10752K)
[774.854s][info][gc,heap        ] GC(1956) ParOldGen: 218148K(218624K)->218156K(218624K)
[774.854s][info][gc,metaspace   ] GC(1956) Metaspace: 35506K(36288K)->35506K(36288K) NonClass: 26297K(26880K)->26297K(26880K) Class: 9209K(9408K)->9209K(9408K)
[774.854s][info][gc             ] GC(1956) Pause Young (Allocation Failure) 475M->213M(476M) 0.885ms
[774.855s][info][gc,cpu         ] GC(1956) User=0.00s Sys=0.00s Real=0.00s
[775.785s][info][gc,start       ] GC(1957) Pause Young (Allocation Failure)
[775.786s][info][gc,heap        ] GC(1957) PSYoungGen: 258624K(269312K)->64K(249344K) Eden: 258560K(258560K)->0K(248832K) From: 64K(10752K)->64K(512K)
[775.786s][info][gc,heap        ] GC(1957) ParOldGen: 218156K(218624K)->218164K(218624K)
[775.786s][info][gc,metaspace   ] GC(1957) Metaspace: 35506K(36288K)->35506K(36288K) NonClass: 26297K(26880K)->26297K(26880K) Class: 9209K(9408K)->9209K(9408K)
[775.786s][info][gc             ] GC(1957) Pause Young (Allocation Failure) 465M->213M(457M) 1.161ms
[775.786s][info][gc,cpu         ] GC(1957) User=0.01s Sys=0.00s Real=0.00s
[776.136s][info][gc,start       ] GC(1958) Pause Young (Allocation Failure)
[776.137s][info][gc,heap        ] GC(1958) PSYoungGen: 248896K(249344K)->64K(248320K) Eden: 248832K(248832K)->0K(239104K) From: 64K(512K)->64K(9216K)
[776.137s][info][gc,heap        ] GC(1958) ParOldGen: 218164K(218624K)->218172K(218624K)
[776.137s][info][gc,metaspace   ] GC(1958) Metaspace: 35506K(36288K)->35506K(36288K) NonClass: 26297K(26880K)->26297K(26880K) Class: 9209K(9408K)->9209K(9408K)
[776.137s][info][gc             ] GC(1958) Pause Young (Allocation Failure) 456M->213M(456M) 0.843ms
[776.137s][info][gc,cpu         ] GC(1958) User=0.00s Sys=0.00s Real=0.00s
[776.500s][info][gc,start       ] GC(1959) Pause Young (Allocation Failure)
[776.501s][info][gc,heap        ] GC(1959) PSYoungGen: 239168K(248320K)->64K(230400K) Eden: 239104K(239104K)->0K(229888K) From: 64K(9216K)->64K(512K)
[776.501s][info][gc,heap        ] GC(1959) ParOldGen: 218172K(218624K)->218180K(218624K)
[776.501s][info][gc,metaspace   ] GC(1959) Metaspace: 35506K(36288K)->35506K(36288K) NonClass: 26297K(26880K)->26297K(26880K) Class: 9209K(9408K)->9209K(9408K)
[776.501s][info][gc             ] GC(1959) Pause Young (Allocation Failure) 446M->213M(438M) 1.419ms
[776.501s][info][gc,cpu         ] GC(1959) User=0.00s Sys=0.00s Real=0.00s
[776.557s][info][gc,start       ] GC(1960) Pause Young (Allocation Failure)
[776.558s][info][gc,heap        ] GC(1960) PSYoungGen: 229952K(230400K)->32K(229376K) Eden: 229888K(229888K)->0K(221184K) From: 64K(512K)->32K(8192K)
[776.558s][info][gc,heap        ] GC(1960) ParOldGen: 218180K(218624K)->218196K(218624K)
[776.558s][info][gc,metaspace   ] GC(1960) Metaspace: 35506K(36288K)->35506K(36288K) NonClass: 26297K(26880K)->26297K(26880K) Class: 9209K(9408K)->9209K(9408K)
[776.558s][info][gc             ] GC(1960) Pause Young (Allocation Failure) 437M->213M(437M) 0.803ms
[776.558s][info][gc,cpu         ] GC(1960) User=0.00s Sys=0.00s Real=0.00s
[776.957s][info][gc,start       ] GC(1961) Pause Young (Allocation Failure)
[776.959s][info][gc,heap        ] GC(1961) PSYoungGen: 221216K(229376K)->64K(213504K) Eden: 221184K(221184K)->0K(212992K) From: 32K(8192K)->64K(512K)
[776.959s][info][gc,heap        ] GC(1961) ParOldGen: 218196K(218624K)->218196K(218624K)
[776.959s][info][gc,metaspace   ] GC(1961) Metaspace: 35506K(36288K)->35506K(36288K) NonClass: 26297K(26880K)->26297K(26880K) Class: 9209K(9408K)->9209K(9408K)
[776.959s][info][gc             ] GC(1961) Pause Young (Allocation Failure) 429M->213M(422M) 2.220ms
[776.959s][info][gc,cpu         ] GC(1961) User=0.00s Sys=0.00s Real=0.00s
[777.226s][info][gc,start       ] GC(1962) Pause Young (Allocation Failure)
[777.228s][info][gc,heap        ] GC(1962) PSYoungGen: 213056K(213504K)->64K(212480K) Eden: 212992K(212992K)->0K(205312K) From: 64K(512K)->64K(7168K)
[777.228s][info][gc,heap        ] GC(1962) ParOldGen: 218196K(218624K)->218212K(218624K)
[777.228s][info][gc,metaspace   ] GC(1962) Metaspace: 35506K(36288K)->35506K(36288K) NonClass: 26297K(26880K)->26297K(26880K) Class: 9209K(9408K)->9209K(9408K)
[777.228s][info][gc             ] GC(1962) Pause Young (Allocation Failure) 421M->213M(421M) 1.442ms
[777.228s][info][gc,cpu         ] GC(1962) User=0.00s Sys=0.00s Real=0.00s
[777.556s][info][gc,start       ] GC(1963) Pause Young (Allocation Failure)
[777.561s][info][gc,heap        ] GC(1963) PSYoungGen: 205375K(212480K)->1568K(199680K) Eden: 205311K(205312K)->0K(197632K) From: 64K(7168K)->1568K(2048K)
[777.561s][info][gc,heap        ] GC(1963) ParOldGen: 218212K(218624K)->218228K(218624K)
[777.561s][info][gc,metaspace   ] GC(1963) Metaspace: 35506K(36288K)->35506K(36288K) NonClass: 26297K(26880K)->26297K(26880K) Class: 9209K(9408K)->9209K(9408K)
[777.561s][info][gc             ] GC(1963) Pause Young (Allocation Failure) 413M->214M(408M) 4.646ms
[777.561s][info][gc,cpu         ] GC(1963) User=0.00s Sys=0.00s Real=0.00s
[777.807s][info][gc,start       ] GC(1964) Pause Young (Allocation Failure)
[777.868s][info][gc,heap        ] GC(1964) PSYoungGen: 199200K(199680K)->6144K(243200K) Eden: 197632K(197632K)->0K(237056K) From: 1568K(2048K)->6144K(6144K)
[777.868s][info][gc,heap        ] GC(1964) ParOldGen: 218228K(218624K)->234524K(235008K)
[777.868s][info][gc,metaspace   ] GC(1964) Metaspace: 35506K(36288K)->35506K(36288K) NonClass: 26297K(26880K)->26297K(26880K) Class: 9209K(9408K)->9209K(9408K)
[777.868s][info][gc             ] GC(1964) Pause Young (Allocation Failure) 407M->235M(467M) 61.495ms
[777.868s][info][gc,cpu         ] GC(1964) User=0.07s Sys=0.01s Real=0.06s
[778.164s][info][gc,start       ] GC(1965) Pause Young (Allocation Failure)
[778.222s][info][gc,heap        ] GC(1965) PSYoungGen: 243200K(243200K)->4608K(256000K) Eden: 237056K(237056K)->0K(251392K) From: 6144K(6144K)->4608K(4608K)
[778.222s][info][gc,heap        ] GC(1965) ParOldGen: 234524K(235008K)->257260K(257536K)
[778.222s][info][gc,metaspace   ] GC(1965) Metaspace: 35506K(36288K)->35506K(36288K) NonClass: 26297K(26880K)->26297K(26880K) Class: 9209K(9408K)->9209K(9408K)
[778.222s][info][gc             ] GC(1965) Pause Young (Allocation Failure) 466M->255M(501M) 57.713ms
[778.222s][info][gc,cpu         ] GC(1965) User=0.10s Sys=0.02s Real=0.05s
[778.389s][info][gc,start       ] GC(1966) Pause Young (Allocation Failure)
[778.412s][info][gc,heap        ] GC(1966) PSYoungGen: 256000K(256000K)->11808K(273408K) Eden: 251392K(251392K)->0K(251392K) From: 4608K(4608K)->11808K(22016K)
[778.412s][info][gc,heap        ] GC(1966) ParOldGen: 257260K(257536K)->257868K(258048K)
[778.412s][info][gc,metaspace   ] GC(1966) Metaspace: 35506K(36288K)->35506K(36288K) NonClass: 26297K(26880K)->26297K(26880K) Class: 9209K(9408K)->9209K(9408K)
[778.412s][info][gc             ] GC(1966) Pause Young (Allocation Failure) 501M->263M(519M) 23.548ms
[778.412s][info][gc,cpu         ] GC(1966) User=0.05s Sys=0.00s Real=0.02s
[778.683s][info][gc,start       ] GC(1967) Pause Young (Allocation Failure)
[778.685s][info][gc,heap        ] GC(1967) PSYoungGen: 263200K(273408K)->64K(311296K) Eden: 251392K(251392K)->0K(289280K) From: 11808K(22016K)->64K(22016K)
[778.685s][info][gc,heap        ] GC(1967) ParOldGen: 257868K(258048K)->257876K(258048K)
[778.685s][info][gc,metaspace   ] GC(1967) Metaspace: 35507K(36288K)->35507K(36288K) NonClass: 26298K(26880K)->26298K(26880K) Class: 9209K(9408K)->9209K(9408K)
[778.685s][info][gc             ] GC(1967) Pause Young (Allocation Failure) 508M->251M(556M) 1.143ms
[778.685s][info][gc,cpu         ] GC(1967) User=0.00s Sys=0.00s Real=0.00s
[779.312s][info][gc,start       ] GC(1968) Pause Young (Allocation Failure)
[779.314s][info][gc,heap        ] GC(1968) PSYoungGen: 289344K(311296K)->64K(311296K) Eden: 289280K(289280K)->0K(289280K) From: 64K(22016K)->64K(22016K)
[779.314s][info][gc,heap        ] GC(1968) ParOldGen: 257876K(258048K)->257884K(258048K)
[779.314s][info][gc,metaspace   ] GC(1968) Metaspace: 35507K(36288K)->35507K(36288K) NonClass: 26298K(26880K)->26298K(26880K) Class: 9209K(9408K)->9209K(9408K)
[779.314s][info][gc             ] GC(1968) Pause Young (Allocation Failure) 534M->251M(556M) 1.178ms
[779.314s][info][gc,cpu         ] GC(1968) User=0.00s Sys=0.00s Real=0.01s
[779.771s][info][gc,start       ] GC(1969) Pause Young (Allocation Failure)
[779.772s][info][gc,heap        ] GC(1969) PSYoungGen: 289344K(311296K)->64K(310272K) Eden: 289280K(289280K)->0K(290304K) From: 64K(22016K)->64K(19968K)
[779.772s][info][gc,heap        ] GC(1969) ParOldGen: 257884K(258048K)->257900K(258048K)
[779.772s][info][gc,metaspace   ] GC(1969) Metaspace: 35507K(36288K)->35507K(36288K) NonClass: 26298K(26880K)->26298K(26880K) Class: 9209K(9408K)->9209K(9408K)
[779.772s][info][gc             ] GC(1969) Pause Young (Allocation Failure) 534M->251M(555M) 1.139ms
[779.772s][info][gc,cpu         ] GC(1969) User=0.01s Sys=0.00s Real=0.00s
[780.012s][info][gc,start       ] GC(1970) Pause Young (Allocation Failure)
[780.013s][info][gc,heap        ] GC(1970) PSYoungGen: 290368K(310272K)->64K(310784K) Eden: 290304K(290304K)->0K(290304K) From: 64K(19968K)->64K(20480K)
[780.013s][info][gc,heap        ] GC(1970) ParOldGen: 257900K(258048K)->257916K(258048K)
[780.013s][info][gc,metaspace   ] GC(1970) Metaspace: 35507K(36288K)->35507K(36288K) NonClass: 26298K(26880K)->26298K(26880K) Class: 9209K(9408K)->9209K(9408K)
[780.013s][info][gc             ] GC(1970) Pause Young (Allocation Failure) 535M->251M(555M) 0.978ms
[780.013s][info][gc,cpu         ] GC(1970) User=0.01s Sys=0.00s Real=0.01s
[780.254s][info][gc,start       ] GC(1971) Pause Young (Allocation Failure)
[780.255s][info][gc,heap        ] GC(1971) PSYoungGen: 290368K(310784K)->64K(312832K) Eden: 290304K(290304K)->0K(293888K) From: 64K(20480K)->64K(18944K)
[780.255s][info][gc,heap        ] GC(1971) ParOldGen: 257916K(258048K)->257916K(258048K)
[780.255s][info][gc,metaspace   ] GC(1971) Metaspace: 35507K(36288K)->35507K(36288K) NonClass: 26298K(26880K)->26298K(26880K) Class: 9209K(9408K)->9209K(9408K)
[780.255s][info][gc             ] GC(1971) Pause Young (Allocation Failure) 535M->251M(557M) 1.016ms
[780.255s][info][gc,cpu         ] GC(1971) User=0.01s Sys=0.00s Real=0.00s
[780.570s][info][gc,start       ] GC(1972) Pause Young (Allocation Failure)
[780.571s][info][gc,heap        ] GC(1972) PSYoungGen: 293952K(312832K)->64K(312832K) Eden: 293888K(293888K)->0K(293888K) From: 64K(18944K)->64K(18944K)
[780.571s][info][gc,heap        ] GC(1972) ParOldGen: 257916K(258048K)->257916K(258048K)
[780.571s][info][gc,metaspace   ] GC(1972) Metaspace: 35507K(36288K)->35507K(36288K) NonClass: 26298K(26880K)->26298K(26880K) Class: 9209K(9408K)->9209K(9408K)
[780.571s][info][gc             ] GC(1972) Pause Young (Allocation Failure) 538M->251M(557M) 0.943ms
[780.571s][info][gc,cpu         ] GC(1972) User=0.00s Sys=0.00s Real=0.00s
[780.620s][info][gc,start       ] GC(1973) Pause Young (Allocation Failure)
[780.621s][info][gc,heap        ] GC(1973) PSYoungGen: 293952K(312832K)->64K(313856K) Eden: 293888K(293888K)->0K(296960K) From: 64K(18944K)->64K(16896K)
[780.621s][info][gc,heap        ] GC(1973) ParOldGen: 257916K(258048K)->257932K(258048K)
[780.621s][info][gc,metaspace   ] GC(1973) Metaspace: 35507K(36288K)->35507K(36288K) NonClass: 26298K(26880K)->26298K(26880K) Class: 9209K(9408K)->9209K(9408K)
[780.621s][info][gc             ] GC(1973) Pause Young (Allocation Failure) 538M->251M(558M) 0.869ms
[780.621s][info][gc,cpu         ] GC(1973) User=0.00s Sys=0.00s Real=0.00s
[780.701s][info][gc,start       ] GC(1974) Pause Young (Allocation Failure)
[780.702s][info][gc,heap        ] GC(1974) PSYoungGen: 297024K(313856K)->64K(313856K) Eden: 296960K(296960K)->0K(296960K) From: 64K(16896K)->64K(16896K)
[780.702s][info][gc,heap        ] GC(1974) ParOldGen: 257932K(258048K)->257932K(258048K)
[780.702s][info][gc,metaspace   ] GC(1974) Metaspace: 35507K(36288K)->35507K(36288K) NonClass: 26298K(26880K)->26298K(26880K) Class: 9209K(9408K)->9209K(9408K)
[780.702s][info][gc             ] GC(1974) Pause Young (Allocation Failure) 541M->251M(558M) 0.908ms
[780.702s][info][gc,cpu         ] GC(1974) User=0.00s Sys=0.00s Real=0.00s
[781.014s][info][gc,start       ] GC(1975) Pause Young (Allocation Failure)
[781.015s][info][gc,heap        ] GC(1975) PSYoungGen: 297024K(313856K)->64K(316416K) Eden: 296960K(296960K)->0K(300544K) From: 64K(16896K)->64K(15872K)
[781.015s][info][gc,heap        ] GC(1975) ParOldGen: 257932K(258048K)->257948K(258048K)
[781.015s][info][gc,metaspace   ] GC(1975) Metaspace: 35507K(36288K)->35507K(36288K) NonClass: 26298K(26880K)->26298K(26880K) Class: 9209K(9408K)->9209K(9408K)
[781.015s][info][gc             ] GC(1975) Pause Young (Allocation Failure) 541M->251M(561M) 0.980ms
[781.015s][info][gc,cpu         ] GC(1975) User=0.00s Sys=0.00s Real=0.00s
[781.240s][info][gc,start       ] GC(1976) Pause Young (Allocation Failure)
[781.241s][info][gc,heap        ] GC(1976) PSYoungGen: 300608K(316416K)->64K(315904K) Eden: 300544K(300544K)->0K(300544K) From: 64K(15872K)->64K(15360K)
[781.241s][info][gc,heap        ] GC(1976) ParOldGen: 257948K(258048K)->257948K(258048K)
[781.241s][info][gc,metaspace   ] GC(1976) Metaspace: 35507K(36288K)->35507K(36288K) NonClass: 26298K(26880K)->26298K(26880K) Class: 9209K(9408K)->9209K(9408K)
[781.241s][info][gc             ] GC(1976) Pause Young (Allocation Failure) 545M->251M(560M) 1.101ms
[781.241s][info][gc,cpu         ] GC(1976) User=0.00s Sys=0.00s Real=0.00s
[781.321s][info][gc,start       ] GC(1977) Pause Young (Allocation Failure)
[781.322s][info][gc,heap        ] GC(1977) PSYoungGen: 300608K(315904K)->64K(317440K) Eden: 300544K(300544K)->0K(303616K) From: 64K(15360K)->64K(13824K)
[781.322s][info][gc,heap        ] GC(1977) ParOldGen: 257948K(258048K)->257964K(258048K)
[781.322s][info][gc,metaspace   ] GC(1977) Metaspace: 35507K(36288K)->35507K(36288K) NonClass: 26298K(26880K)->26298K(26880K) Class: 9209K(9408K)->9209K(9408K)
[781.322s][info][gc             ] GC(1977) Pause Young (Allocation Failure) 545M->251M(562M) 0.964ms
[781.322s][info][gc,cpu         ] GC(1977) User=0.01s Sys=0.00s Real=0.00s
[781.487s][info][gc,start       ] GC(1978) Pause Young (Allocation Failure)
[781.488s][info][gc,heap        ] GC(1978) PSYoungGen: 303680K(317440K)->64K(316928K) Eden: 303616K(303616K)->0K(303616K) From: 64K(13824K)->64K(13312K)
[781.488s][info][gc,heap        ] GC(1978) ParOldGen: 257964K(258048K)->257964K(258048K)
[781.488s][info][gc,metaspace   ] GC(1978) Metaspace: 35507K(36288K)->35507K(36288K) NonClass: 26298K(26880K)->26298K(26880K) Class: 9209K(9408K)->9209K(9408K)
[781.488s][info][gc             ] GC(1978) Pause Young (Allocation Failure) 548M->251M(561M) 1.069ms
[781.488s][info][gc,cpu         ] GC(1978) User=0.00s Sys=0.00s Real=0.00s
[782.420s][info][gc,start       ] GC(1979) Pause Young (Allocation Failure)
[782.421s][info][gc,heap        ] GC(1979) PSYoungGen: 303680K(316928K)->83K(291840K) Eden: 303616K(303616K)->0K(291328K) From: 64K(13312K)->83K(512K)
[782.421s][info][gc,heap        ] GC(1979) ParOldGen: 257964K(258048K)->257972K(258048K)
[782.421s][info][gc,metaspace   ] GC(1979) Metaspace: 35507K(36288K)->35507K(36288K) NonClass: 26298K(26880K)->26298K(26880K) Class: 9209K(9408K)->9209K(9408K)
[782.421s][info][gc             ] GC(1979) Pause Young (Allocation Failure) 548M->252M(537M) 1.081ms
[782.421s][info][gc,cpu         ] GC(1979) User=0.00s Sys=0.00s Real=0.00s
[783.227s][info][gc,start       ] GC(1980) Pause Young (Allocation Failure)
[783.228s][info][gc,heap        ] GC(1980) PSYoungGen: 291411K(291840K)->64K(291840K) Eden: 291328K(291328K)->0K(280064K) From: 83K(512K)->64K(11776K)
[783.228s][info][gc,heap        ] GC(1980) ParOldGen: 257972K(258048K)->257980K(258048K)
[783.228s][info][gc,metaspace   ] GC(1980) Metaspace: 35507K(36288K)->35507K(36288K) NonClass: 26298K(26880K)->26298K(26880K) Class: 9209K(9408K)->9209K(9408K)
[783.228s][info][gc             ] GC(1980) Pause Young (Allocation Failure) 536M->251M(537M) 0.987ms
[783.228s][info][gc,cpu         ] GC(1980) User=0.00s Sys=0.00s Real=0.00s
[783.520s][info][gc,start       ] GC(1981) Pause Young (Allocation Failure)
[783.521s][info][gc,heap        ] GC(1981) PSYoungGen: 280128K(291840K)->64K(269824K) Eden: 280064K(280064K)->0K(269312K) From: 64K(11776K)->64K(512K)
[783.521s][info][gc,heap        ] GC(1981) ParOldGen: 257980K(258048K)->257988K(258048K)
[783.521s][info][gc,metaspace   ] GC(1981) Metaspace: 35507K(36288K)->35507K(36288K) NonClass: 26298K(26880K)->26298K(26880K) Class: 9209K(9408K)->9209K(9408K)
[783.521s][info][gc             ] GC(1981) Pause Young (Allocation Failure) 525M->252M(515M) 0.981ms
[783.521s][info][gc,cpu         ] GC(1981) User=0.01s Sys=0.00s Real=0.00s
[783.965s][info][gc,start       ] GC(1982) Pause Young (Allocation Failure)
[783.966s][info][gc,heap        ] GC(1982) PSYoungGen: 269376K(269824K)->64K(269312K) Eden: 269312K(269312K)->0K(259072K) From: 64K(512K)->64K(10240K)
[783.966s][info][gc,heap        ] GC(1982) ParOldGen: 257988K(258048K)->257996K(258048K)
[783.966s][info][gc,metaspace   ] GC(1982) Metaspace: 35507K(36288K)->35507K(36288K) NonClass: 26298K(26880K)->26298K(26880K) Class: 9209K(9408K)->9209K(9408K)
[783.966s][info][gc             ] GC(1982) Pause Young (Allocation Failure) 515M->252M(515M) 0.935ms
[783.966s][info][gc,cpu         ] GC(1982) User=0.00s Sys=0.00s Real=0.00s
[784.910s][info][gc,start       ] GC(1983) Pause Young (Allocation Failure)
[784.912s][info][gc,heap        ] GC(1983) PSYoungGen: 259136K(269312K)->64K(249856K) Eden: 259072K(259072K)->0K(249344K) From: 64K(10240K)->64K(512K)
[784.912s][info][gc,heap        ] GC(1983) ParOldGen: 257996K(258048K)->258004K(258048K)
[784.912s][info][gc,metaspace   ] GC(1983) Metaspace: 35507K(36288K)->35507K(36288K) NonClass: 26298K(26880K)->26298K(26880K) Class: 9209K(9408K)->9209K(9408K)
[784.912s][info][gc             ] GC(1983) Pause Young (Allocation Failure) 505M->252M(496M) 1.382ms
[784.912s][info][gc,cpu         ] GC(1983) User=0.00s Sys=0.00s Real=0.00s
[785.288s][info][gc,start       ] GC(1984) Pause Young (Allocation Failure)
[785.290s][info][gc,heap        ] GC(1984) PSYoungGen: 249408K(249856K)->64K(248832K) Eden: 249344K(249344K)->0K(239616K) From: 64K(512K)->64K(9216K)
[785.290s][info][gc,heap        ] GC(1984) ParOldGen: 258004K(258048K)->258012K(258048K)
[785.290s][info][gc,metaspace   ] GC(1984) Metaspace: 35507K(36288K)->35507K(36288K) NonClass: 26298K(26880K)->26298K(26880K) Class: 9209K(9408K)->9209K(9408K)
[785.290s][info][gc             ] GC(1984) Pause Young (Allocation Failure) 495M->252M(495M) 1.814ms
[785.290s][info][gc,cpu         ] GC(1984) User=0.00s Sys=0.00s Real=0.00s
[785.349s][info][gc,start       ] GC(1985) Pause Young (Allocation Failure)
[785.351s][info][gc,heap        ] GC(1985) PSYoungGen: 239680K(248832K)->32K(230912K) Eden: 239616K(239616K)->0K(230400K) From: 64K(9216K)->32K(512K)
[785.351s][info][gc,heap        ] GC(1985) ParOldGen: 258012K(258048K)->258028K(258048K)
[785.351s][info][gc,metaspace   ] GC(1985) Metaspace: 35507K(36288K)->35507K(36288K) NonClass: 26298K(26880K)->26298K(26880K) Class: 9209K(9408K)->9209K(9408K)
[785.351s][info][gc             ] GC(1985) Pause Young (Allocation Failure) 486M->252M(477M) 2.217ms
[785.351s][info][gc,cpu         ] GC(1985) User=0.00s Sys=0.00s Real=0.00s
[785.769s][info][gc,start       ] GC(1986) Pause Young (Allocation Failure)
[785.771s][info][gc,heap        ] GC(1986) PSYoungGen: 230432K(230912K)->64K(229376K) Eden: 230400K(230400K)->0K(221696K) From: 32K(512K)->64K(7680K)
[785.771s][info][gc,heap        ] GC(1986) ParOldGen: 258028K(258048K)->258028K(258048K)
[785.771s][info][gc,metaspace   ] GC(1986) Metaspace: 35507K(36288K)->35507K(36288K) NonClass: 26298K(26880K)->26298K(26880K) Class: 9209K(9408K)->9209K(9408K)
[785.771s][info][gc             ] GC(1986) Pause Young (Allocation Failure) 477M->252M(476M) 1.541ms
[785.771s][info][gc,cpu         ] GC(1986) User=0.00s Sys=0.00s Real=0.00s
[786.027s][info][gc,start       ] GC(1987) Pause Young (Allocation Failure)
[786.029s][info][gc,heap        ] GC(1987) PSYoungGen: 221760K(229376K)->64K(214016K) Eden: 221696K(221696K)->0K(213504K) From: 64K(7680K)->64K(512K)
[786.029s][info][gc,heap        ] GC(1987) ParOldGen: 258028K(258048K)->258036K(258048K)
[786.029s][info][gc,metaspace   ] GC(1987) Metaspace: 35507K(36288K)->35507K(36288K) NonClass: 26298K(26880K)->26298K(26880K) Class: 9209K(9408K)->9209K(9408K)
[786.029s][info][gc             ] GC(1987) Pause Young (Allocation Failure) 468M->252M(461M) 2.049ms
[786.029s][info][gc,cpu         ] GC(1987) User=0.00s Sys=0.00s Real=0.00s
[786.376s][info][gc,start       ] GC(1988) Pause Young (Allocation Failure)
[786.385s][info][gc,heap        ] GC(1988) PSYoungGen: 213567K(214016K)->4352K(258560K) Eden: 213503K(213504K)->0K(253952K) From: 64K(512K)->4352K(4608K)
[786.385s][info][gc,heap        ] GC(1988) ParOldGen: 258036K(258048K)->258044K(258048K)
[786.385s][info][gc,metaspace   ] GC(1988) Metaspace: 35507K(36288K)->35507K(36288K) NonClass: 26298K(26880K)->26298K(26880K) Class: 9209K(9408K)->9209K(9408K)
[786.385s][info][gc             ] GC(1988) Pause Young (Allocation Failure) 460M->256M(504M) 8.927ms
[786.385s][info][gc,cpu         ] GC(1988) User=0.01s Sys=0.00s Real=0.01s
[786.699s][info][gc,start       ] GC(1989) Pause Young (Allocation Failure)
[786.754s][info][gc,heap        ] GC(1989) PSYoungGen: 258304K(258560K)->7680K(267776K) Eden: 253952K(253952K)->0K(260096K) From: 4352K(4608K)->7680K(7680K)
[786.754s][info][gc,heap        ] GC(1989) ParOldGen: 258044K(258048K)->279188K(279552K)
[786.754s][info][gc,metaspace   ] GC(1989) Metaspace: 35507K(36288K)->35507K(36288K) NonClass: 26298K(26880K)->26298K(26880K) Class: 9209K(9408K)->9209K(9408K)
[786.754s][info][gc             ] GC(1989) Pause Young (Allocation Failure) 504M->280M(534M) 55.215ms
[786.754s][info][gc,cpu         ] GC(1989) User=0.10s Sys=0.01s Real=0.06s
[787.077s][info][gc,start       ] GC(1990) Pause Young (Allocation Failure)
[787.133s][info][gc,heap        ] GC(1990) PSYoungGen: 267776K(267776K)->17408K(277504K) Eden: 260096K(260096K)->0K(260096K) From: 7680K(7680K)->17408K(17408K)
[787.133s][info][gc,heap        ] GC(1990) ParOldGen: 279188K(279552K)->291820K(291840K)
[787.133s][info][gc,metaspace   ] GC(1990) Metaspace: 35507K(36288K)->35507K(36288K) NonClass: 26298K(26880K)->26298K(26880K) Class: 9209K(9408K)->9209K(9408K)
[787.133s][info][gc             ] GC(1990) Pause Young (Allocation Failure) 534M->301M(556M) 55.595ms
[787.133s][info][gc,cpu         ] GC(1990) User=0.10s Sys=0.01s Real=0.05s
[787.211s][info][gc,start       ] GC(1991) Pause Young (Allocation Failure)
[787.215s][info][gc,heap        ] GC(1991) PSYoungGen: 277504K(277504K)->64K(309248K) Eden: 260096K(260096K)->0K(283648K) From: 17408K(17408K)->64K(25600K)
[787.215s][info][gc,heap        ] GC(1991) ParOldGen: 291820K(291840K)->292156K(292352K)
[787.215s][info][gc,metaspace   ] GC(1991) Metaspace: 35507K(36288K)->35507K(36288K) NonClass: 26298K(26880K)->26298K(26880K) Class: 9209K(9408K)->9209K(9408K)
[787.215s][info][gc             ] GC(1991) Pause Young (Allocation Failure) 555M->285M(587M) 4.606ms
[787.215s][info][gc,cpu         ] GC(1991) User=0.01s Sys=0.00s Real=0.01s
[787.786s][info][gc,start       ] GC(1992) Pause Young (Allocation Failure)
[787.787s][info][gc,heap        ] GC(1992) PSYoungGen: 283712K(309248K)->64K(284160K) Eden: 283648K(283648K)->0K(283648K) From: 64K(25600K)->64K(512K)
[787.787s][info][gc,heap        ] GC(1992) ParOldGen: 292156K(292352K)->292164K(292352K)
[787.787s][info][gc,metaspace   ] GC(1992) Metaspace: 35507K(36288K)->35507K(36288K) NonClass: 26298K(26880K)->26298K(26880K) Class: 9209K(9408K)->9209K(9408K)
[787.787s][info][gc             ] GC(1992) Pause Young (Allocation Failure) 562M->285M(563M) 1.163ms
[787.787s][info][gc,cpu         ] GC(1992) User=0.00s Sys=0.00s Real=0.00s
[788.193s][info][gc,start       ] GC(1993) Pause Young (Allocation Failure)
[788.194s][info][gc,heap        ] GC(1993) PSYoungGen: 283712K(284160K)->64K(308736K) Eden: 283648K(283648K)->0K(284672K) From: 64K(512K)->64K(24064K)
[788.194s][info][gc,heap        ] GC(1993) ParOldGen: 292164K(292352K)->292172K(292352K)
[788.194s][info][gc,metaspace   ] GC(1993) Metaspace: 35507K(36288K)->35507K(36288K) NonClass: 26298K(26880K)->26298K(26880K) Class: 9209K(9408K)->9209K(9408K)
[788.194s][info][gc             ] GC(1993) Pause Young (Allocation Failure) 562M->285M(587M) 1.113ms
[788.194s][info][gc,cpu         ] GC(1993) User=0.00s Sys=0.00s Real=0.01s
[788.630s][info][gc,start       ] GC(1994) Pause Young (Allocation Failure)
[788.631s][info][gc,heap        ] GC(1994) PSYoungGen: 284736K(308736K)->64K(307712K) Eden: 284672K(284672K)->0K(284672K) From: 64K(24064K)->64K(23040K)
[788.631s][info][gc,heap        ] GC(1994) ParOldGen: 292172K(292352K)->292188K(292352K)
[788.631s][info][gc,metaspace   ] GC(1994) Metaspace: 35507K(36288K)->35507K(36288K) NonClass: 26298K(26880K)->26298K(26880K) Class: 9209K(9408K)->9209K(9408K)
[788.631s][info][gc             ] GC(1994) Pause Young (Allocation Failure) 563M->285M(586M) 1.139ms
[788.631s][info][gc,cpu         ] GC(1994) User=0.00s Sys=0.00s Real=0.00s
[788.866s][info][gc,start       ] GC(1995) Pause Young (Allocation Failure)
[788.867s][info][gc,heap        ] GC(1995) PSYoungGen: 284736K(307712K)->64K(309760K) Eden: 284672K(284672K)->0K(287744K) From: 64K(23040K)->64K(22016K)
[788.867s][info][gc,heap        ] GC(1995) ParOldGen: 292188K(292352K)->292204K(292352K)
[788.867s][info][gc,metaspace   ] GC(1995) Metaspace: 35507K(36288K)->35507K(36288K) NonClass: 26298K(26880K)->26298K(26880K) Class: 9209K(9408K)->9209K(9408K)
[788.867s][info][gc             ] GC(1995) Pause Young (Allocation Failure) 563M->285M(588M) 1.111ms
[788.867s][info][gc,cpu         ] GC(1995) User=0.00s Sys=0.00s Real=0.00s
[789.218s][info][gc,start       ] GC(1996) Pause Young (Allocation Failure)
[789.219s][info][gc,heap        ] GC(1996) PSYoungGen: 287808K(309760K)->64K(308736K) Eden: 287744K(287744K)->0K(287744K) From: 64K(22016K)->64K(20992K)
[789.219s][info][gc,heap        ] GC(1996) ParOldGen: 292204K(292352K)->292204K(292352K)
[789.219s][info][gc,metaspace   ] GC(1996) Metaspace: 35507K(36288K)->35507K(36288K) NonClass: 26298K(26880K)->26298K(26880K) Class: 9209K(9408K)->9209K(9408K)
[789.219s][info][gc             ] GC(1996) Pause Young (Allocation Failure) 566M->285M(587M) 1.006ms
[789.219s][info][gc,cpu         ] GC(1996) User=0.01s Sys=0.00s Real=0.00s
[789.335s][info][gc,start       ] GC(1997) Pause Young (Allocation Failure)
[789.336s][info][gc,heap        ] GC(1997) PSYoungGen: 287808K(308736K)->64K(311808K) Eden: 287744K(287744K)->0K(291840K) From: 64K(20992K)->64K(19968K)
[789.336s][info][gc,heap        ] GC(1997) ParOldGen: 292204K(292352K)->292212K(292352K)
[789.336s][info][gc,metaspace   ] GC(1997) Metaspace: 35507K(36288K)->35507K(36288K) NonClass: 26298K(26880K)->26298K(26880K) Class: 9209K(9408K)->9209K(9408K)
[789.336s][info][gc             ] GC(1997) Pause Young (Allocation Failure) 566M->285M(590M) 0.954ms
[789.336s][info][gc,cpu         ] GC(1997) User=0.00s Sys=0.00s Real=0.00s
[789.388s][info][gc,start       ] GC(1998) Pause Young (Allocation Failure)
[789.389s][info][gc,heap        ] GC(1998) PSYoungGen: 291904K(311808K)->64K(310784K) Eden: 291840K(291840K)->0K(291840K) From: 64K(19968K)->64K(18944K)
[789.389s][info][gc,heap        ] GC(1998) ParOldGen: 292212K(292352K)->292228K(292352K)
[789.389s][info][gc,metaspace   ] GC(1998) Metaspace: 35507K(36288K)->35507K(36288K) NonClass: 26298K(26880K)->26298K(26880K) Class: 9209K(9408K)->9209K(9408K)
[789.389s][info][gc             ] GC(1998) Pause Young (Allocation Failure) 570M->285M(589M) 1.055ms
[789.389s][info][gc,cpu         ] GC(1998) User=0.00s Sys=0.01s Real=0.00s
[789.566s][info][gc,start       ] GC(1999) Pause Young (Allocation Failure)
[789.567s][info][gc,heap        ] GC(1999) PSYoungGen: 291904K(310784K)->64K(313856K) Eden: 291840K(291840K)->0K(295936K) From: 64K(18944K)->64K(17920K)
[789.567s][info][gc,heap        ] GC(1999) ParOldGen: 292228K(292352K)->292228K(292352K)
[789.567s][info][gc,metaspace   ] GC(1999) Metaspace: 35507K(36288K)->35507K(36288K) NonClass: 26298K(26880K)->26298K(26880K) Class: 9209K(9408K)->9209K(9408K)
[789.567s][info][gc             ] GC(1999) Pause Young (Allocation Failure) 570M->285M(592M) 1.029ms
[789.567s][info][gc,cpu         ] GC(1999) User=0.00s Sys=0.00s Real=0.00s
[789.865s][info][gc,start       ] GC(2000) Pause Young (Allocation Failure)
[789.866s][info][gc,heap        ] GC(2000) PSYoungGen: 296000K(313856K)->64K(312832K) Eden: 295936K(295936K)->0K(295936K) From: 64K(17920K)->64K(16896K)
[789.866s][info][gc,heap        ] GC(2000) ParOldGen: 292228K(292352K)->292236K(292352K)
[789.866s][info][gc,metaspace   ] GC(2000) Metaspace: 35507K(36288K)->35507K(36288K) NonClass: 26298K(26880K)->26298K(26880K) Class: 9209K(9408K)->9209K(9408K)
[789.866s][info][gc             ] GC(2000) Pause Young (Allocation Failure) 574M->285M(591M) 1.108ms
[789.866s][info][gc,cpu         ] GC(2000) User=0.00s Sys=0.00s Real=0.00s
[790.016s][info][gc,start       ] GC(2001) Pause Young (Allocation Failure)
[790.017s][info][gc,heap        ] GC(2001) PSYoungGen: 296000K(312832K)->64K(315904K) Eden: 295936K(295936K)->0K(300032K) From: 64K(16896K)->64K(15872K)
[790.017s][info][gc,heap        ] GC(2001) ParOldGen: 292236K(292352K)->292244K(292352K)
[790.017s][info][gc,metaspace   ] GC(2001) Metaspace: 35507K(36288K)->35507K(36288K) NonClass: 26298K(26880K)->26298K(26880K) Class: 9209K(9408K)->9209K(9408K)
[790.017s][info][gc             ] GC(2001) Pause Young (Allocation Failure) 574M->285M(594M) 0.994ms
[790.017s][info][gc,cpu         ] GC(2001) User=0.00s Sys=0.00s Real=0.00s
[790.112s][info][gc,start       ] GC(2002) Pause Young (Allocation Failure)
[790.113s][info][gc,heap        ] GC(2002) PSYoungGen: 300096K(315904K)->64K(314880K) Eden: 300032K(300032K)->0K(300032K) From: 64K(15872K)->64K(14848K)
[790.113s][info][gc,heap        ] GC(2002) ParOldGen: 292244K(292352K)->292252K(292352K)
[790.113s][info][gc,metaspace   ] GC(2002) Metaspace: 35507K(36288K)->35507K(36288K) NonClass: 26298K(26880K)->26298K(26880K) Class: 9209K(9408K)->9209K(9408K)
[790.113s][info][gc             ] GC(2002) Pause Young (Allocation Failure) 578M->285M(593M) 1.035ms
[790.113s][info][gc,cpu         ] GC(2002) User=0.00s Sys=0.00s Real=0.01s
[790.300s][info][gc,start       ] GC(2003) Pause Young (Allocation Failure)
[790.301s][info][gc,heap        ] GC(2003) PSYoungGen: 300096K(314880K)->64K(288768K) Eden: 300032K(300032K)->0K(288256K) From: 64K(14848K)->64K(512K)
[790.301s][info][gc,heap        ] GC(2003) ParOldGen: 292252K(292352K)->292260K(292352K)
[790.301s][info][gc,metaspace   ] GC(2003) Metaspace: 35507K(36288K)->35507K(36288K) NonClass: 26298K(26880K)->26298K(26880K) Class: 9209K(9408K)->9209K(9408K)
[790.301s][info][gc             ] GC(2003) Pause Young (Allocation Failure) 578M->285M(567M) 1.073ms
[790.301s][info][gc,cpu         ] GC(2003) User=0.00s Sys=0.00s Real=0.00s
[791.180s][info][gc,start       ] GC(2004) Pause Young (Allocation Failure)
[791.181s][info][gc,heap        ] GC(2004) PSYoungGen: 288320K(288768K)->64K(290304K) Eden: 288256K(288256K)->0K(276992K) From: 64K(512K)->64K(13312K)
[791.181s][info][gc,heap        ] GC(2004) ParOldGen: 292260K(292352K)->292268K(292352K)
[791.181s][info][gc,metaspace   ] GC(2004) Metaspace: 35507K(36288K)->35507K(36288K) NonClass: 26298K(26880K)->26298K(26880K) Class: 9209K(9408K)->9209K(9408K)
[791.181s][info][gc             ] GC(2004) Pause Young (Allocation Failure) 566M->285M(569M) 1.029ms
[791.181s][info][gc,cpu         ] GC(2004) User=0.00s Sys=0.00s Real=0.00s
[792.017s][info][gc,start       ] GC(2005) Pause Young (Allocation Failure)
[792.018s][info][gc,heap        ] GC(2005) PSYoungGen: 277056K(290304K)->64K(266752K) Eden: 276992K(276992K)->0K(266240K) From: 64K(13312K)->64K(512K)
[792.018s][info][gc,heap        ] GC(2005) ParOldGen: 292268K(292352K)->292276K(292352K)
[792.018s][info][gc,metaspace   ] GC(2005) Metaspace: 35507K(36288K)->35507K(36288K) NonClass: 26298K(26880K)->26298K(26880K) Class: 9209K(9408K)->9209K(9408K)
[792.018s][info][gc             ] GC(2005) Pause Young (Allocation Failure) 555M->285M(546M) 1.176ms
[792.018s][info][gc,cpu         ] GC(2005) User=0.00s Sys=0.00s Real=0.00s
[792.401s][info][gc,start       ] GC(2006) Pause Young (Allocation Failure)
[792.402s][info][gc,heap        ] GC(2006) PSYoungGen: 266304K(266752K)->64K(267264K) Eden: 266240K(266240K)->0K(256000K) From: 64K(512K)->64K(11264K)
[792.402s][info][gc,heap        ] GC(2006) ParOldGen: 292276K(292352K)->292284K(292352K)
[792.402s][info][gc,metaspace   ] GC(2006) Metaspace: 35507K(36288K)->35507K(36288K) NonClass: 26298K(26880K)->26298K(26880K) Class: 9209K(9408K)->9209K(9408K)
[792.402s][info][gc             ] GC(2006) Pause Young (Allocation Failure) 545M->285M(546M) 1.000ms
[792.402s][info][gc,cpu         ] GC(2006) User=0.01s Sys=0.00s Real=0.00s
[793.433s][info][gc,start       ] GC(2007) Pause Young (Allocation Failure)
[793.434s][info][gc,heap        ] GC(2007) PSYoungGen: 256064K(267264K)->64K(246784K) Eden: 256000K(256000K)->0K(246272K) From: 64K(11264K)->64K(512K)
[793.434s][info][gc,heap        ] GC(2007) ParOldGen: 292284K(292352K)->292292K(292352K)
[793.434s][info][gc,metaspace   ] GC(2007) Metaspace: 35507K(36288K)->35507K(36288K) NonClass: 26298K(26880K)->26298K(26880K) Class: 9209K(9408K)->9209K(9408K)
[793.434s][info][gc             ] GC(2007) Pause Young (Allocation Failure) 535M->285M(526M) 1.517ms
[793.434s][info][gc,cpu         ] GC(2007) User=0.00s Sys=0.00s Real=0.01s
[793.657s][info][gc,start       ] GC(2008) Pause Young (Allocation Failure)
[793.658s][info][gc,heap        ] GC(2008) PSYoungGen: 246336K(246784K)->64K(247296K) Eden: 246272K(246272K)->0K(237056K) From: 64K(512K)->64K(10240K)
[793.658s][info][gc,heap        ] GC(2008) ParOldGen: 292292K(292352K)->292300K(292352K)
[793.658s][info][gc,metaspace   ] GC(2008) Metaspace: 35507K(36288K)->35507K(36288K) NonClass: 26298K(26880K)->26298K(26880K) Class: 9209K(9408K)->9209K(9408K)
[793.658s][info][gc             ] GC(2008) Pause Young (Allocation Failure) 526M->285M(527M) 1.750ms
[793.658s][info][gc,cpu         ] GC(2008) User=0.01s Sys=0.00s Real=0.00s
[794.014s][info][gc,start       ] GC(2009) Pause Young (Allocation Failure)
[794.017s][info][gc,heap        ] GC(2009) PSYoungGen: 237120K(247296K)->64K(228864K) Eden: 237056K(237056K)->0K(228352K) From: 64K(10240K)->64K(512K)
[794.017s][info][gc,heap        ] GC(2009) ParOldGen: 292300K(292352K)->292308K(292352K)
[794.017s][info][gc,metaspace   ] GC(2009) Metaspace: 35507K(36288K)->35507K(36288K) NonClass: 26298K(26880K)->26298K(26880K) Class: 9209K(9408K)->9209K(9408K)
[794.017s][info][gc             ] GC(2009) Pause Young (Allocation Failure) 517M->285M(509M) 2.532ms
[794.017s][info][gc,cpu         ] GC(2009) User=0.00s Sys=0.00s Real=0.00s
[794.073s][info][gc,start       ] GC(2010) Pause Young (Allocation Failure)
[794.075s][info][gc,heap        ] GC(2010) PSYoungGen: 228416K(228864K)->32K(278016K) Eden: 228352K(228352K)->0K(269312K) From: 64K(512K)->32K(8704K)
[794.075s][info][gc,heap        ] GC(2010) ParOldGen: 292308K(292352K)->292324K(292352K)
[794.075s][info][gc,metaspace   ] GC(2010) Metaspace: 35507K(36288K)->35507K(36288K) NonClass: 26298K(26880K)->26298K(26880K) Class: 9209K(9408K)->9209K(9408K)
[794.075s][info][gc             ] GC(2010) Pause Young (Allocation Failure) 508M->285M(557M) 1.620ms
[794.075s][info][gc,cpu         ] GC(2010) User=0.00s Sys=0.00s Real=0.01s
[794.615s][info][gc,start       ] GC(2011) Pause Young (Allocation Failure)
[794.617s][info][gc,heap        ] GC(2011) PSYoungGen: 269344K(278016K)->32K(259584K) Eden: 269312K(269312K)->0K(259072K) From: 32K(8704K)->32K(512K)
[794.617s][info][gc,heap        ] GC(2011) ParOldGen: 292324K(292352K)->292324K(292352K)
[794.617s][info][gc,metaspace   ] GC(2011) Metaspace: 35507K(36288K)->35507K(36288K) NonClass: 26298K(26880K)->26298K(26880K) Class: 9209K(9408K)->9209K(9408K)
[794.617s][info][gc             ] GC(2011) Pause Young (Allocation Failure) 548M->285M(539M) 1.995ms
[794.617s][info][gc,cpu         ] GC(2011) User=0.00s Sys=0.00s Real=0.00s
[794.880s][info][gc,start       ] GC(2012) Pause Young (Allocation Failure)
[794.882s][info][gc,heap        ] GC(2012) PSYoungGen: 259104K(259584K)->64K(257024K) Eden: 259072K(259072K)->0K(249344K) From: 32K(512K)->64K(7680K)
[794.882s][info][gc,heap        ] GC(2012) ParOldGen: 292324K(292352K)->292332K(292352K)
[794.882s][info][gc,metaspace   ] GC(2012) Metaspace: 35507K(36288K)->35507K(36288K) NonClass: 26298K(26880K)->26298K(26880K) Class: 9209K(9408K)->9209K(9408K)
[794.882s][info][gc             ] GC(2012) Pause Young (Allocation Failure) 538M->285M(536M) 1.860ms
[794.882s][info][gc,cpu         ] GC(2012) User=0.00s Sys=0.01s Real=0.00s
[795.247s][info][gc,start       ] GC(2013) Pause Young (Allocation Failure)
[795.282s][info][gc,heap        ] GC(2013) PSYoungGen: 249408K(257024K)->7168K(266752K) Eden: 249344K(249344K)->0K(259584K) From: 64K(7680K)->7168K(7168K)
[795.282s][info][gc,heap        ] GC(2013) ParOldGen: 292332K(292352K)->303460K(303616K)
[795.282s][info][gc,metaspace   ] GC(2013) Metaspace: 35507K(36288K)->35507K(36288K) NonClass: 26298K(26880K)->26298K(26880K) Class: 9209K(9408K)->9209K(9408K)
[795.282s][info][gc             ] GC(2013) Pause Young (Allocation Failure) 529M->303M(557M) 34.880ms
[795.282s][info][gc,cpu         ] GC(2013) User=0.06s Sys=0.01s Real=0.03s
[795.602s][info][gc,start       ] GC(2014) Pause Young (Allocation Failure)
[795.659s][info][gc,heap        ] GC(2014) PSYoungGen: 266752K(266752K)->12800K(272384K) Eden: 259584K(259584K)->0K(259584K) From: 7168K(7168K)->12800K(12800K)
[795.659s][info][gc,heap        ] GC(2014) ParOldGen: 303460K(303616K)->320420K(320512K)
[795.659s][info][gc,metaspace   ] GC(2014) Metaspace: 35507K(36288K)->35507K(36288K) NonClass: 26298K(26880K)->26298K(26880K) Class: 9209K(9408K)->9209K(9408K)
[795.659s][info][gc             ] GC(2014) Pause Young (Allocation Failure) 556M->325M(579M) 57.192ms
[795.659s][info][gc,cpu         ] GC(2014) User=0.10s Sys=0.01s Real=0.06s
[795.853s][info][gc,start       ] GC(2015) Pause Young (Allocation Failure)
[795.888s][info][gc,heap        ] GC(2015) PSYoungGen: 272384K(272384K)->14912K(307712K) Eden: 259584K(259584K)->0K(285696K) From: 12800K(12800K)->14912K(22016K)
[795.888s][info][gc,heap        ] GC(2015) ParOldGen: 320420K(320512K)->320884K(321024K)
[795.888s][info][gc,metaspace   ] GC(2015) Metaspace: 35507K(36288K)->35507K(36288K) NonClass: 26298K(26880K)->26298K(26880K) Class: 9209K(9408K)->9209K(9408K)
[795.888s][info][gc             ] GC(2015) Pause Young (Allocation Failure) 578M->327M(614M) 34.336ms
[795.888s][info][gc,cpu         ] GC(2015) User=0.05s Sys=0.01s Real=0.03s
[796.205s][info][gc,start       ] GC(2016) Pause Young (Allocation Failure)
[796.206s][info][gc,heap        ] GC(2016) PSYoungGen: 300608K(307712K)->64K(309760K) Eden: 285696K(285696K)->0K(285696K) From: 14912K(22016K)->64K(24064K)
[796.206s][info][gc,heap        ] GC(2016) ParOldGen: 320884K(321024K)->320892K(321024K)
[796.206s][info][gc,metaspace   ] GC(2016) Metaspace: 35507K(36288K)->35507K(36288K) NonClass: 26298K(26880K)->26298K(26880K) Class: 9209K(9408K)->9209K(9408K)
[796.206s][info][gc             ] GC(2016) Pause Young (Allocation Failure) 606M->313M(616M) 1.216ms
[796.206s][info][gc,cpu         ] GC(2016) User=0.01s Sys=0.00s Real=0.00s
[796.830s][info][gc,start       ] GC(2017) Pause Young (Allocation Failure)
[796.833s][info][gc,heap        ] GC(2017) PSYoungGen: 285760K(309760K)->128K(307712K) Eden: 285696K(285696K)->0K(286720K) From: 64K(24064K)->128K(20992K)
[796.833s][info][gc,heap        ] GC(2017) ParOldGen: 320892K(321024K)->320900K(321024K)
[796.833s][info][gc,metaspace   ] GC(2017) Metaspace: 35573K(36288K)->35573K(36288K) NonClass: 26363K(26880K)->26363K(26880K) Class: 9209K(9408K)->9209K(9408K)
[796.833s][info][gc             ] GC(2017) Pause Young (Allocation Failure) 592M->313M(614M) 3.985ms
[796.833s][info][gc,cpu         ] GC(2017) User=0.01s Sys=0.00s Real=0.01s
[797.293s][info][gc,start       ] GC(2018) Pause Young (Allocation Failure)
[797.294s][info][gc,heap        ] GC(2018) PSYoungGen: 286848K(307712K)->64K(309248K) Eden: 286720K(286720K)->0K(286720K) From: 128K(20992K)->64K(22528K)
[797.294s][info][gc,heap        ] GC(2018) ParOldGen: 320900K(321024K)->320988K(321024K)
[797.294s][info][gc,metaspace   ] GC(2018) Metaspace: 35573K(36288K)->35573K(36288K) NonClass: 26363K(26880K)->26363K(26880K) Class: 9209K(9408K)->9209K(9408K)
[797.294s][info][gc             ] GC(2018) Pause Young (Allocation Failure) 593M->313M(615M) 1.486ms
[797.294s][info][gc,cpu         ] GC(2018) User=0.00s Sys=0.00s Real=0.01s
[797.531s][info][gc,start       ] GC(2019) Pause Young (Allocation Failure)
[797.532s][info][gc,heap        ] GC(2019) PSYoungGen: 286784K(309248K)->64K(308736K) Eden: 286720K(286720K)->0K(289792K) From: 64K(22528K)->64K(18944K)
[797.532s][info][gc,heap        ] GC(2019) ParOldGen: 320988K(321024K)->321004K(321024K)
[797.532s][info][gc,metaspace   ] GC(2019) Metaspace: 35573K(36288K)->35573K(36288K) NonClass: 26363K(26880K)->26363K(26880K) Class: 9209K(9408K)->9209K(9408K)
[797.532s][info][gc             ] GC(2019) Pause Young (Allocation Failure) 593M->313M(615M) 1.330ms
[797.532s][info][gc,cpu         ] GC(2019) User=0.00s Sys=0.00s Real=0.00s
[797.773s][info][gc,start       ] GC(2020) Pause Young (Allocation Failure)
[797.774s][info][gc,heap        ] GC(2020) PSYoungGen: 289856K(308736K)->64K(310272K) Eden: 289792K(289792K)->0K(289792K) From: 64K(18944K)->64K(20480K)
[797.774s][info][gc,heap        ] GC(2020) ParOldGen: 321004K(321024K)->321004K(321024K)
[797.774s][info][gc,metaspace   ] GC(2020) Metaspace: 35573K(36288K)->35573K(36288K) NonClass: 26363K(26880K)->26363K(26880K) Class: 9209K(9408K)->9209K(9408K)
[797.774s][info][gc             ] GC(2020) Pause Young (Allocation Failure) 596M->313M(616M) 1.093ms
[797.774s][info][gc,cpu         ] GC(2020) User=0.00s Sys=0.00s Real=0.00s
[798.093s][info][gc,start       ] GC(2021) Pause Young (Allocation Failure)
[798.094s][info][gc,heap        ] GC(2021) PSYoungGen: 289856K(310272K)->64K(311808K) Eden: 289792K(289792K)->0K(293888K) From: 64K(20480K)->64K(17920K)
[798.094s][info][gc,heap        ] GC(2021) ParOldGen: 321004K(321024K)->321004K(321024K)
[798.094s][info][gc,metaspace   ] GC(2021) Metaspace: 35573K(36288K)->35573K(36288K) NonClass: 26363K(26880K)->26363K(26880K) Class: 9209K(9408K)->9209K(9408K)
[798.095s][info][gc             ] GC(2021) Pause Young (Allocation Failure) 596M->313M(618M) 1.181ms
[798.095s][info][gc,cpu         ] GC(2021) User=0.00s Sys=0.00s Real=0.00s
[798.147s][info][gc,start       ] GC(2022) Pause Young (Allocation Failure)
[798.148s][info][gc,heap        ] GC(2022) PSYoungGen: 293952K(311808K)->64K(312832K) Eden: 293888K(293888K)->0K(293888K) From: 64K(17920K)->64K(18944K)
[798.148s][info][gc,heap        ] GC(2022) ParOldGen: 321004K(321024K)->321020K(321024K)
[798.149s][info][gc,metaspace   ] GC(2022) Metaspace: 35573K(36288K)->35573K(36288K) NonClass: 26363K(26880K)->26363K(26880K) Class: 9209K(9408K)->9209K(9408K)
[798.149s][info][gc             ] GC(2022) Pause Young (Allocation Failure) 600M->313M(619M) 1.111ms
[798.149s][info][gc,cpu         ] GC(2022) User=0.00s Sys=0.00s Real=0.00s
[798.209s][info][gc,start       ] GC(2023) Pause Young (Allocation Failure)
[798.210s][info][gc,heap        ] GC(2023) PSYoungGen: 293952K(312832K)->64K(312832K) Eden: 293888K(293888K)->0K(296960K) From: 64K(18944K)->64K(15872K)
[798.210s][info][gc,heap        ] GC(2023) ParOldGen: 321020K(321024K)->321020K(321024K)
[798.210s][info][gc,metaspace   ] GC(2023) Metaspace: 35573K(36288K)->35573K(36288K) NonClass: 26363K(26880K)->26363K(26880K) Class: 9209K(9408K)->9209K(9408K)
[798.210s][info][gc             ] GC(2023) Pause Young (Allocation Failure) 600M->313M(619M) 1.045ms
[798.210s][info][gc,cpu         ] GC(2023) User=0.00s Sys=0.00s Real=0.00s
[798.522s][info][gc,start       ] GC(2024) Pause Young (Allocation Failure)
[798.523s][info][gc,heap        ] GC(2024) PSYoungGen: 297024K(312832K)->64K(313856K) Eden: 296960K(296960K)->0K(296960K) From: 64K(15872K)->64K(16896K)
[798.524s][info][gc,heap        ] GC(2024) ParOldGen: 321020K(321024K)->321036K(321536K)
[798.524s][info][gc,metaspace   ] GC(2024) Metaspace: 35573K(36288K)->35573K(36288K) NonClass: 26363K(26880K)->26363K(26880K) Class: 9209K(9408K)->9209K(9408K)
[798.524s][info][gc             ] GC(2024) Pause Young (Allocation Failure) 603M->313M(620M) 1.162ms
[798.524s][info][gc,cpu         ] GC(2024) User=0.00s Sys=0.00s Real=0.01s
[798.760s][info][gc,start       ] GC(2025) Pause Young (Allocation Failure)
[798.761s][info][gc,heap        ] GC(2025) PSYoungGen: 297024K(313856K)->64K(314880K) Eden: 296960K(296960K)->0K(301056K) From: 64K(16896K)->64K(13824K)
[798.761s][info][gc,heap        ] GC(2025) ParOldGen: 321036K(321536K)->321036K(321536K)
[798.761s][info][gc,metaspace   ] GC(2025) Metaspace: 35573K(36288K)->35573K(36288K) NonClass: 26363K(26880K)->26363K(26880K) Class: 9209K(9408K)->9209K(9408K)
[798.761s][info][gc             ] GC(2025) Pause Young (Allocation Failure) 603M->313M(621M) 1.217ms
[798.761s][info][gc,cpu         ] GC(2025) User=0.00s Sys=0.00s Real=0.00s
[798.844s][info][gc,start       ] GC(2026) Pause Young (Allocation Failure)
[798.845s][info][gc,heap        ] GC(2026) PSYoungGen: 301120K(314880K)->64K(315904K) Eden: 301056K(301056K)->0K(301056K) From: 64K(13824K)->64K(14848K)
[798.845s][info][gc,heap        ] GC(2026) ParOldGen: 321036K(321536K)->321052K(321536K)
[798.845s][info][gc,metaspace   ] GC(2026) Metaspace: 35573K(36288K)->35573K(36288K) NonClass: 26363K(26880K)->26363K(26880K) Class: 9209K(9408K)->9209K(9408K)
[798.845s][info][gc             ] GC(2026) Pause Young (Allocation Failure) 607M->313M(622M) 1.125ms
[798.845s][info][gc,cpu         ] GC(2026) User=0.00s Sys=0.00s Real=0.00s
[798.999s][info][gc,start       ] GC(2027) Pause Young (Allocation Failure)
[799.000s][info][gc,heap        ] GC(2027) PSYoungGen: 301120K(315904K)->64K(317952K) Eden: 301056K(301056K)->0K(305152K) From: 64K(14848K)->64K(12800K)
[799.000s][info][gc,heap        ] GC(2027) ParOldGen: 321052K(321536K)->321052K(321536K)
[799.000s][info][gc,metaspace   ] GC(2027) Metaspace: 35573K(36288K)->35573K(36288K) NonClass: 26363K(26880K)->26363K(26880K) Class: 9209K(9408K)->9209K(9408K)
[799.000s][info][gc             ] GC(2027) Pause Young (Allocation Failure) 607M->313M(624M) 1.144ms
[799.000s][info][gc,cpu         ] GC(2027) User=0.01s Sys=0.00s Real=0.00s
[799.971s][info][gc,start       ] GC(2028) Pause Young (Allocation Failure)
[799.973s][info][gc,heap        ] GC(2028) PSYoungGen: 305216K(317952K)->83K(293376K) Eden: 305152K(305152K)->0K(292864K) From: 64K(12800K)->83K(512K)
[799.973s][info][gc,heap        ] GC(2028) ParOldGen: 321052K(321536K)->321060K(321536K)
[799.973s][info][gc,metaspace   ] GC(2028) Metaspace: 35573K(36288K)->35573K(36288K) NonClass: 26363K(26880K)->26363K(26880K) Class: 9209K(9408K)->9209K(9408K)
[799.973s][info][gc             ] GC(2028) Pause Young (Allocation Failure) 611M->313M(600M) 1.782ms
[799.973s][info][gc,cpu         ] GC(2028) User=0.00s Sys=0.00s Real=0.01s
[800.775s][info][gc,start       ] GC(2029) Pause Young (Allocation Failure)
[800.777s][info][gc,heap        ] GC(2029) PSYoungGen: 292947K(293376K)->64K(281600K) Eden: 292864K(292864K)->0K(281088K) From: 83K(512K)->64K(512K)
[800.777s][info][gc,heap        ] GC(2029) ParOldGen: 321060K(321536K)->321068K(321536K)
[800.777s][info][gc,metaspace   ] GC(2029) Metaspace: 35573K(36288K)->35573K(36288K) NonClass: 26363K(26880K)->26363K(26880K) Class: 9209K(9408K)->9209K(9408K)
[800.777s][info][gc             ] GC(2029) Pause Young (Allocation Failure) 599M->313M(589M) 1.863ms
[800.777s][info][gc,cpu         ] GC(2029) User=0.00s Sys=0.00s Real=0.00s
[801.043s][info][gc,start       ] GC(2030) Pause Young (Allocation Failure)
[801.045s][info][gc,heap        ] GC(2030) PSYoungGen: 281152K(281600K)->64K(281600K) Eden: 281088K(281088K)->0K(269824K) From: 64K(512K)->64K(11776K)
[801.045s][info][gc,heap        ] GC(2030) ParOldGen: 321068K(321536K)->321076K(321536K)
[801.045s][info][gc,metaspace   ] GC(2030) Metaspace: 35573K(36288K)->35573K(36288K) NonClass: 26363K(26880K)->26363K(26880K) Class: 9209K(9408K)->9209K(9408K)
[801.045s][info][gc             ] GC(2030) Pause Young (Allocation Failure) 588M->313M(589M) 1.372ms
[801.045s][info][gc,cpu         ] GC(2030) User=0.00s Sys=0.00s Real=0.00s
[801.526s][info][gc,start       ] GC(2031) Pause Young (Allocation Failure)
[801.529s][info][gc,heap        ] GC(2031) PSYoungGen: 269888K(281600K)->64K(260096K) Eden: 269824K(269824K)->0K(259584K) From: 64K(11776K)->64K(512K)
[801.529s][info][gc,heap        ] GC(2031) ParOldGen: 321076K(321536K)->321084K(321536K)
[801.529s][info][gc,metaspace   ] GC(2031) Metaspace: 35573K(36288K)->35573K(36288K) NonClass: 26363K(26880K)->26363K(26880K) Class: 9209K(9408K)->9209K(9408K)
[801.529s][info][gc             ] GC(2031) Pause Young (Allocation Failure) 577M->313M(568M) 2.737ms
[801.529s][info][gc,cpu         ] GC(2031) User=0.00s Sys=0.00s Real=0.00s
[802.463s][info][gc,start       ] GC(2032) Pause Young (Allocation Failure)
[802.466s][info][gc,heap        ] GC(2032) PSYoungGen: 259648K(260096K)->32K(259584K) Eden: 259584K(259584K)->0K(249344K) From: 64K(512K)->32K(10240K)
[802.466s][info][gc,heap        ] GC(2032) ParOldGen: 321084K(321536K)->321092K(321536K)
[802.466s][info][gc,metaspace   ] GC(2032) Metaspace: 35573K(36288K)->35573K(36288K) NonClass: 26363K(26880K)->26363K(26880K) Class: 9209K(9408K)->9209K(9408K)
[802.466s][info][gc             ] GC(2032) Pause Young (Allocation Failure) 567M->313M(567M) 2.253ms
[802.466s][info][gc,cpu         ] GC(2032) User=0.01s Sys=0.00s Real=0.00s
[802.820s][info][gc,start       ] GC(2033) Pause Young (Allocation Failure)
[802.822s][info][gc,heap        ] GC(2033) PSYoungGen: 249376K(259584K)->64K(240128K) Eden: 249344K(249344K)->0K(239616K) From: 32K(10240K)->64K(512K)
[802.822s][info][gc,heap        ] GC(2033) ParOldGen: 321092K(321536K)->321108K(321536K)
[802.822s][info][gc,metaspace   ] GC(2033) Metaspace: 35573K(36288K)->35573K(36288K) NonClass: 26363K(26880K)->26363K(26880K) Class: 9209K(9408K)->9209K(9408K)
[802.822s][info][gc             ] GC(2033) Pause Young (Allocation Failure) 557M->313M(548M) 2.596ms
[802.822s][info][gc,cpu         ] GC(2033) User=0.00s Sys=0.00s Real=0.00s
[802.908s][info][gc,start       ] GC(2034) Pause Young (Allocation Failure)
[802.910s][info][gc,heap        ] GC(2034) PSYoungGen: 239680K(240128K)->64K(239104K) Eden: 239616K(239616K)->0K(230400K) From: 64K(512K)->64K(8704K)
[802.910s][info][gc,heap        ] GC(2034) ParOldGen: 321108K(321536K)->321116K(321536K)
[802.910s][info][gc,metaspace   ] GC(2034) Metaspace: 35573K(36288K)->35573K(36288K) NonClass: 26363K(26880K)->26363K(26880K) Class: 9209K(9408K)->9209K(9408K)
[802.910s][info][gc             ] GC(2034) Pause Young (Allocation Failure) 547M->313M(547M) 1.840ms
[802.910s][info][gc,cpu         ] GC(2034) User=0.00s Sys=0.00s Real=0.00s
[803.283s][info][gc,start       ] GC(2035) Pause Young (Allocation Failure)
[803.285s][info][gc,heap        ] GC(2035) PSYoungGen: 230464K(239104K)->32K(222208K) Eden: 230400K(230400K)->0K(221696K) From: 64K(8704K)->32K(512K)
[803.285s][info][gc,heap        ] GC(2035) ParOldGen: 321116K(321536K)->321132K(321536K)
[803.285s][info][gc,metaspace   ] GC(2035) Metaspace: 35573K(36288K)->35573K(36288K) NonClass: 26363K(26880K)->26363K(26880K) Class: 9209K(9408K)->9209K(9408K)
[803.285s][info][gc             ] GC(2035) Pause Young (Allocation Failure) 538M->313M(531M) 2.268ms
[803.285s][info][gc,cpu         ] GC(2035) User=0.00s Sys=0.00s Real=0.00s
[803.576s][info][gc,start       ] GC(2036) Pause Young (Allocation Failure)
[803.577s][info][gc,heap        ] GC(2036) PSYoungGen: 221728K(222208K)->64K(221184K) Eden: 221696K(221696K)->0K(213504K) From: 32K(512K)->64K(7680K)
[803.577s][info][gc,heap        ] GC(2036) ParOldGen: 321132K(321536K)->321140K(321536K)
[803.577s][info][gc,metaspace   ] GC(2036) Metaspace: 35573K(36288K)->35573K(36288K) NonClass: 26363K(26880K)->26363K(26880K) Class: 9209K(9408K)->9209K(9408K)
[803.577s][info][gc             ] GC(2036) Pause Young (Allocation Failure) 530M->313M(530M) 1.022ms
[803.577s][info][gc,cpu         ] GC(2036) User=0.00s Sys=0.00s Real=0.00s
[803.912s][info][gc,start       ] GC(2037) Pause Young (Allocation Failure)
[803.916s][info][gc,heap        ] GC(2037) PSYoungGen: 213568K(221184K)->2144K(208384K) Eden: 213504K(213504K)->0K(205824K) From: 64K(7680K)->2144K(2560K)
[803.916s][info][gc,heap        ] GC(2037) ParOldGen: 321140K(321536K)->321148K(321536K)
[803.916s][info][gc,metaspace   ] GC(2037) Metaspace: 35573K(36288K)->35573K(36288K) NonClass: 26363K(26880K)->26363K(26880K) Class: 9209K(9408K)->9209K(9408K)
[803.916s][info][gc             ] GC(2037) Pause Young (Allocation Failure) 522M->315M(517M) 4.258ms
[803.916s][info][gc,cpu         ] GC(2037) User=0.01s Sys=0.00s Real=0.01s
[804.172s][info][gc,start       ] GC(2038) Pause Young (Allocation Failure)
[804.217s][info][gc,heap        ] GC(2038) PSYoungGen: 207968K(208384K)->7168K(253952K) Eden: 205824K(205824K)->0K(246784K) From: 2144K(2560K)->7168K(7168K)
[804.217s][info][gc,heap        ] GC(2038) ParOldGen: 321148K(321536K)->337340K(337408K)
[804.217s][info][gc,metaspace   ] GC(2038) Metaspace: 35573K(36288K)->35573K(36288K) NonClass: 26363K(26880K)->26363K(26880K) Class: 9209K(9408K)->9209K(9408K)
[804.217s][info][gc             ] GC(2038) Pause Young (Allocation Failure) 516M->336M(577M) 44.839ms
[804.217s][info][gc,cpu         ] GC(2038) User=0.08s Sys=0.01s Real=0.05s
[804.574s][info][gc,start       ] GC(2039) Pause Young (Allocation Failure)
[804.633s][info][gc,heap        ] GC(2039) PSYoungGen: 253952K(253952K)->7168K(253440K) Eden: 246784K(246784K)->0K(246272K) From: 7168K(7168K)->7168K(7168K)
[804.633s][info][gc,heap        ] GC(2039) ParOldGen: 337340K(337408K)->358620K(358912K)
[804.633s][info][gc,metaspace   ] GC(2039) Metaspace: 35573K(36288K)->35573K(36288K) NonClass: 26363K(26880K)->26363K(26880K) Class: 9209K(9408K)->9209K(9408K)
[804.633s][info][gc             ] GC(2039) Pause Young (Allocation Failure) 577M->357M(598M) 58.665ms
[804.633s][info][gc,cpu         ] GC(2039) User=0.10s Sys=0.02s Real=0.05s
[804.792s][info][gc,start       ] GC(2040) Pause Young (Allocation Failure)
[804.812s][info][gc,heap        ] GC(2040) PSYoungGen: 253440K(253440K)->9184K(269312K) Eden: 246272K(246272K)->0K(246272K) From: 7168K(7168K)->9184K(23040K)
[804.812s][info][gc,heap        ] GC(2040) ParOldGen: 358620K(358912K)->359196K(359424K)
[804.812s][info][gc,metaspace   ] GC(2040) Metaspace: 35573K(36288K)->35573K(36288K) NonClass: 26363K(26880K)->26363K(26880K) Class: 9209K(9408K)->9209K(9408K)
[804.813s][info][gc             ] GC(2040) Pause Young (Allocation Failure) 597M->359M(614M) 20.652ms
[804.813s][info][gc,cpu         ] GC(2040) User=0.04s Sys=0.00s Real=0.02s
[805.118s][info][gc,start       ] GC(2041) Pause Young (Allocation Failure)
[805.120s][info][gc,heap        ] GC(2041) PSYoungGen: 255456K(269312K)->64K(309248K) Eden: 246272K(246272K)->0K(288256K) From: 9184K(23040K)->64K(20992K)
[805.120s][info][gc,heap        ] GC(2041) ParOldGen: 359196K(359424K)->359204K(359424K)
[805.120s][info][gc,metaspace   ] GC(2041) Metaspace: 35573K(36288K)->35573K(36288K) NonClass: 26363K(26880K)->26363K(26880K) Class: 9209K(9408K)->9209K(9408K)
[805.120s][info][gc             ] GC(2041) Pause Young (Allocation Failure) 600M->350M(653M) 1.346ms
[805.120s][info][gc,cpu         ] GC(2041) User=0.00s Sys=0.00s Real=0.00s
[805.745s][info][gc,start       ] GC(2042) Pause Young (Allocation Failure)
[805.746s][info][gc,heap        ] GC(2042) PSYoungGen: 288320K(309248K)->64K(310272K) Eden: 288256K(288256K)->0K(288256K) From: 64K(20992K)->64K(22016K)
[805.746s][info][gc,heap        ] GC(2042) ParOldGen: 359204K(359424K)->359212K(359424K)
[805.746s][info][gc,metaspace   ] GC(2042) Metaspace: 35573K(36288K)->35573K(36288K) NonClass: 26363K(26880K)->26363K(26880K) Class: 9209K(9408K)->9209K(9408K)
[805.746s][info][gc             ] GC(2042) Pause Young (Allocation Failure) 632M->350M(654M) 1.435ms
[805.746s][info][gc,cpu         ] GC(2042) User=0.00s Sys=0.00s Real=0.00s
[806.196s][info][gc,start       ] GC(2043) Pause Young (Allocation Failure)
[806.197s][info][gc,heap        ] GC(2043) PSYoungGen: 288320K(310272K)->64K(310784K) Eden: 288256K(288256K)->0K(290816K) From: 64K(22016K)->64K(19968K)
[806.197s][info][gc,heap        ] GC(2043) ParOldGen: 359212K(359424K)->359228K(359424K)
[806.197s][info][gc,metaspace   ] GC(2043) Metaspace: 35573K(36288K)->35573K(36288K) NonClass: 26363K(26880K)->26363K(26880K) Class: 9209K(9408K)->9209K(9408K)
[806.197s][info][gc             ] GC(2043) Pause Young (Allocation Failure) 632M->350M(654M) 1.289ms
[806.197s][info][gc,cpu         ] GC(2043) User=0.00s Sys=0.00s Real=0.00s
[806.438s][info][gc,start       ] GC(2044) Pause Young (Allocation Failure)
[806.439s][info][gc,heap        ] GC(2044) PSYoungGen: 290880K(310784K)->64K(311296K) Eden: 290816K(290816K)->0K(290816K) From: 64K(19968K)->64K(20480K)
[806.439s][info][gc,heap        ] GC(2044) ParOldGen: 359228K(359424K)->359244K(359424K)
[806.439s][info][gc,metaspace   ] GC(2044) Metaspace: 35573K(36288K)->35573K(36288K) NonClass: 26363K(26880K)->26363K(26880K) Class: 9209K(9408K)->9209K(9408K)
[806.439s][info][gc             ] GC(2044) Pause Young (Allocation Failure) 634M->350M(655M) 1.325ms
[806.439s][info][gc,cpu         ] GC(2044) User=0.00s Sys=0.00s Real=0.00s
[806.679s][info][gc,start       ] GC(2045) Pause Young (Allocation Failure)
[806.680s][info][gc,heap        ] GC(2045) PSYoungGen: 290880K(311296K)->64K(312832K) Eden: 290816K(290816K)->0K(293888K) From: 64K(20480K)->64K(18944K)
[806.680s][info][gc,heap        ] GC(2045) ParOldGen: 359244K(359424K)->359244K(359424K)
[806.680s][info][gc,metaspace   ] GC(2045) Metaspace: 35573K(36288K)->35573K(36288K) NonClass: 26363K(26880K)->26363K(26880K) Class: 9209K(9408K)->9209K(9408K)
[806.680s][info][gc             ] GC(2045) Pause Young (Allocation Failure) 634M->350M(656M) 1.158ms
[806.680s][info][gc,cpu         ] GC(2045) User=0.00s Sys=0.00s Real=0.00s
[806.988s][info][gc,start       ] GC(2046) Pause Young (Allocation Failure)
[806.989s][info][gc,heap        ] GC(2046) PSYoungGen: 293952K(312832K)->64K(312832K) Eden: 293888K(293888K)->0K(293888K) From: 64K(18944K)->64K(18944K)
[806.990s][info][gc,heap        ] GC(2046) ParOldGen: 359244K(359424K)->359244K(359424K)
[806.990s][info][gc,metaspace   ] GC(2046) Metaspace: 35573K(36288K)->35573K(36288K) NonClass: 26363K(26880K)->26363K(26880K) Class: 9209K(9408K)->9209K(9408K)
[806.990s][info][gc             ] GC(2046) Pause Young (Allocation Failure) 637M->350M(656M) 1.371ms
[806.990s][info][gc,cpu         ] GC(2046) User=0.00s Sys=0.00s Real=0.00s
[807.040s][info][gc,start       ] GC(2047) Pause Young (Allocation Failure)
[807.041s][info][gc,heap        ] GC(2047) PSYoungGen: 293952K(312832K)->64K(313856K) Eden: 293888K(293888K)->0K(296960K) From: 64K(18944K)->64K(16896K)
[807.041s][info][gc,heap        ] GC(2047) ParOldGen: 359244K(359424K)->359260K(359424K)
[807.041s][info][gc,metaspace   ] GC(2047) Metaspace: 35573K(36288K)->35573K(36288K) NonClass: 26363K(26880K)->26363K(26880K) Class: 9209K(9408K)->9209K(9408K)
[807.041s][info][gc             ] GC(2047) Pause Young (Allocation Failure) 637M->350M(657M) 1.210ms
[807.041s][info][gc,cpu         ] GC(2047) User=0.00s Sys=0.00s Real=0.00s
[807.133s][info][gc,start       ] GC(2048) Pause Young (Allocation Failure)
[807.134s][info][gc,heap        ] GC(2048) PSYoungGen: 297024K(313856K)->64K(313856K) Eden: 296960K(296960K)->0K(296960K) From: 64K(16896K)->64K(16896K)
[807.134s][info][gc,heap        ] GC(2048) ParOldGen: 359260K(359424K)->359260K(359424K)
[807.134s][info][gc,metaspace   ] GC(2048) Metaspace: 35573K(36288K)->35573K(36288K) NonClass: 26363K(26880K)->26363K(26880K) Class: 9209K(9408K)->9209K(9408K)
[807.134s][info][gc             ] GC(2048) Pause Young (Allocation Failure) 640M->350M(657M) 1.158ms
[807.134s][info][gc,cpu         ] GC(2048) User=0.00s Sys=0.00s Real=0.01s
[807.445s][info][gc,start       ] GC(2049) Pause Young (Allocation Failure)
[807.446s][info][gc,heap        ] GC(2049) PSYoungGen: 297024K(313856K)->64K(316416K) Eden: 296960K(296960K)->0K(300544K) From: 64K(16896K)->64K(15872K)
[807.446s][info][gc,heap        ] GC(2049) ParOldGen: 359260K(359424K)->359276K(359424K)
[807.446s][info][gc,metaspace   ] GC(2049) Metaspace: 35573K(36288K)->35573K(36288K) NonClass: 26363K(26880K)->26363K(26880K) Class: 9209K(9408K)->9209K(9408K)
[807.446s][info][gc             ] GC(2049) Pause Young (Allocation Failure) 640M->350M(660M) 1.189ms
[807.446s][info][gc,cpu         ] GC(2049) User=0.00s Sys=0.00s Real=0.00s
[807.665s][info][gc,start       ] GC(2050) Pause Young (Allocation Failure)
[807.666s][info][gc,heap        ] GC(2050) PSYoungGen: 300608K(316416K)->64K(315904K) Eden: 300544K(300544K)->0K(300544K) From: 64K(15872K)->64K(15360K)
[807.666s][info][gc,heap        ] GC(2050) ParOldGen: 359276K(359424K)->359276K(359424K)
[807.666s][info][gc,metaspace   ] GC(2050) Metaspace: 35573K(36288K)->35573K(36288K) NonClass: 26363K(26880K)->26363K(26880K) Class: 9209K(9408K)->9209K(9408K)
[807.666s][info][gc             ] GC(2050) Pause Young (Allocation Failure) 644M->350M(659M) 1.314ms
[807.666s][info][gc,cpu         ] GC(2050) User=0.00s Sys=0.00s Real=0.00s
[807.747s][info][gc,start       ] GC(2051) Pause Young (Allocation Failure)
[807.748s][info][gc,heap        ] GC(2051) PSYoungGen: 300608K(315904K)->64K(317440K) Eden: 300544K(300544K)->0K(303616K) From: 64K(15360K)->64K(13824K)
[807.748s][info][gc,heap        ] GC(2051) ParOldGen: 359276K(359424K)->359292K(359424K)
[807.748s][info][gc,metaspace   ] GC(2051) Metaspace: 35573K(36288K)->35573K(36288K) NonClass: 26363K(26880K)->26363K(26880K) Class: 9209K(9408K)->9209K(9408K)
[807.748s][info][gc             ] GC(2051) Pause Young (Allocation Failure) 644M->350M(661M) 1.303ms
[807.748s][info][gc,cpu         ] GC(2051) User=0.00s Sys=0.00s Real=0.00s
[807.919s][info][gc,start       ] GC(2052) Pause Young (Allocation Failure)
[807.920s][info][gc,heap        ] GC(2052) PSYoungGen: 303680K(317440K)->64K(316928K) Eden: 303616K(303616K)->0K(303616K) From: 64K(13824K)->64K(13312K)
[807.920s][info][gc,heap        ] GC(2052) ParOldGen: 359292K(359424K)->359292K(359424K)
[807.920s][info][gc,metaspace   ] GC(2052) Metaspace: 35573K(36288K)->35573K(36288K) NonClass: 26363K(26880K)->26363K(26880K) Class: 9209K(9408K)->9209K(9408K)
[807.920s][info][gc             ] GC(2052) Pause Young (Allocation Failure) 647M->350M(660M) 1.274ms
[807.920s][info][gc,cpu         ] GC(2052) User=0.00s Sys=0.00s Real=0.00s
[808.842s][info][gc,start       ] GC(2053) Pause Young (Allocation Failure)
[808.844s][info][gc,heap        ] GC(2053) PSYoungGen: 303680K(316928K)->64K(291840K) Eden: 303616K(303616K)->0K(291328K) From: 64K(13312K)->64K(512K)
[808.844s][info][gc,heap        ] GC(2053) ParOldGen: 359292K(359424K)->359300K(359424K)
[808.844s][info][gc,metaspace   ] GC(2053) Metaspace: 35573K(36288K)->35573K(36288K) NonClass: 26363K(26880K)->26363K(26880K) Class: 9209K(9408K)->9209K(9408K)
[808.844s][info][gc             ] GC(2053) Pause Young (Allocation Failure) 647M->350M(636M) 1.310ms
[808.844s][info][gc,cpu         ] GC(2053) User=0.00s Sys=0.00s Real=0.01s
[809.657s][info][gc,start       ] GC(2054) Pause Young (Allocation Failure)
[809.658s][info][gc,heap        ] GC(2054) PSYoungGen: 291392K(291840K)->64K(291840K) Eden: 291328K(291328K)->0K(280064K) From: 64K(512K)->64K(11776K)
[809.658s][info][gc,heap        ] GC(2054) ParOldGen: 359300K(359424K)->359308K(359424K)
[809.658s][info][gc,metaspace   ] GC(2054) Metaspace: 35573K(36288K)->35573K(36288K) NonClass: 26363K(26880K)->26363K(26880K) Class: 9209K(9408K)->9209K(9408K)
[809.658s][info][gc             ] GC(2054) Pause Young (Allocation Failure) 635M->350M(636M) 1.174ms
[809.658s][info][gc,cpu         ] GC(2054) User=0.00s Sys=0.00s Real=0.00s
[809.973s][info][gc,start       ] GC(2055) Pause Young (Allocation Failure)
[809.974s][info][gc,heap        ] GC(2055) PSYoungGen: 280128K(291840K)->64K(269824K) Eden: 280064K(280064K)->0K(269312K) From: 64K(11776K)->64K(512K)
[809.974s][info][gc,heap        ] GC(2055) ParOldGen: 359308K(359424K)->359316K(359424K)
[809.974s][info][gc,metaspace   ] GC(2055) Metaspace: 35573K(36288K)->35573K(36288K) NonClass: 26363K(26880K)->26363K(26880K) Class: 9209K(9408K)->9209K(9408K)
[809.974s][info][gc             ] GC(2055) Pause Young (Allocation Failure) 624M->350M(614M) 1.256ms
[809.974s][info][gc,cpu         ] GC(2055) User=0.00s Sys=0.00s Real=0.01s
[810.632s][info][gc,start       ] GC(2056) Pause Young (Allocation Failure)
[810.633s][info][gc,heap        ] GC(2056) PSYoungGen: 269376K(269824K)->64K(269312K) Eden: 269312K(269312K)->0K(259072K) From: 64K(512K)->64K(10240K)
[810.633s][info][gc,heap        ] GC(2056) ParOldGen: 359316K(359424K)->359324K(359424K)
[810.633s][info][gc,metaspace   ] GC(2056) Metaspace: 35573K(36288K)->35573K(36288K) NonClass: 26363K(26880K)->26363K(26880K) Class: 9209K(9408K)->9209K(9408K)
[810.633s][info][gc             ] GC(2056) Pause Young (Allocation Failure) 613M->350M(614M) 1.135ms
[810.633s][info][gc,cpu         ] GC(2056) User=0.01s Sys=0.00s Real=0.01s
[811.323s][info][gc,start       ] GC(2057) Pause Young (Allocation Failure)
[811.324s][info][gc,heap        ] GC(2057) PSYoungGen: 259136K(269312K)->64K(249856K) Eden: 259072K(259072K)->0K(249344K) From: 64K(10240K)->64K(512K)
[811.324s][info][gc,heap        ] GC(2057) ParOldGen: 359324K(359424K)->359332K(359424K)
[811.324s][info][gc,metaspace   ] GC(2057) Metaspace: 35573K(36288K)->35573K(36288K) NonClass: 26363K(26880K)->26363K(26880K) Class: 9209K(9408K)->9209K(9408K)
[811.324s][info][gc             ] GC(2057) Pause Young (Allocation Failure) 603M->350M(595M) 1.353ms
[811.324s][info][gc,cpu         ] GC(2057) User=0.00s Sys=0.00s Real=0.00s
[811.693s][info][gc,start       ] GC(2058) Pause Young (Allocation Failure)
[811.694s][info][gc,heap        ] GC(2058) PSYoungGen: 249408K(249856K)->64K(248832K) Eden: 249344K(249344K)->0K(239616K) From: 64K(512K)->64K(9216K)
[811.694s][info][gc,heap        ] GC(2058) ParOldGen: 359332K(359424K)->359340K(359424K)
[811.694s][info][gc,metaspace   ] GC(2058) Metaspace: 35573K(36288K)->35573K(36288K) NonClass: 26363K(26880K)->26363K(26880K) Class: 9209K(9408K)->9209K(9408K)
[811.694s][info][gc             ] GC(2058) Pause Young (Allocation Failure) 594M->350M(594M) 1.234ms
[811.694s][info][gc,cpu         ] GC(2058) User=0.00s Sys=0.00s Real=0.01s
[811.757s][info][gc,start       ] GC(2059) Pause Young (Allocation Failure)
[811.759s][info][gc,heap        ] GC(2059) PSYoungGen: 239680K(248832K)->64K(230912K) Eden: 239616K(239616K)->0K(230400K) From: 64K(9216K)->64K(512K)
[811.759s][info][gc,heap        ] GC(2059) ParOldGen: 359340K(359424K)->359348K(359424K)
[811.759s][info][gc,metaspace   ] GC(2059) Metaspace: 35573K(36288K)->35573K(36288K) NonClass: 26363K(26880K)->26363K(26880K) Class: 9209K(9408K)->9209K(9408K)
[811.759s][info][gc             ] GC(2059) Pause Young (Allocation Failure) 584M->350M(576M) 1.764ms
[811.759s][info][gc,cpu         ] GC(2059) User=0.01s Sys=0.00s Real=0.00s
[812.207s][info][gc,start       ] GC(2060) Pause Young (Allocation Failure)
[812.208s][info][gc,heap        ] GC(2060) PSYoungGen: 230464K(230912K)->64K(229376K) Eden: 230400K(230400K)->0K(221696K) From: 64K(512K)->64K(7680K)
[812.208s][info][gc,heap        ] GC(2060) ParOldGen: 359348K(359424K)->359356K(359424K)
[812.208s][info][gc,metaspace   ] GC(2060) Metaspace: 35573K(36288K)->35573K(36288K) NonClass: 26363K(26880K)->26363K(26880K) Class: 9209K(9408K)->9209K(9408K)
[812.208s][info][gc             ] GC(2060) Pause Young (Allocation Failure) 575M->350M(575M) 1.356ms
[812.208s][info][gc,cpu         ] GC(2060) User=0.00s Sys=0.00s Real=0.00s
[812.453s][info][gc,start       ] GC(2061) Pause Young (Allocation Failure)
[812.455s][info][gc,heap        ] GC(2061) PSYoungGen: 221760K(229376K)->64K(214016K) Eden: 221696K(221696K)->0K(213504K) From: 64K(7680K)->64K(512K)
[812.455s][info][gc,heap        ] GC(2061) ParOldGen: 359356K(359424K)->359364K(359424K)
[812.455s][info][gc,metaspace   ] GC(2061) Metaspace: 35573K(36288K)->35573K(36288K) NonClass: 26363K(26880K)->26363K(26880K) Class: 9209K(9408K)->9209K(9408K)
[812.455s][info][gc             ] GC(2061) Pause Young (Allocation Failure) 567M->351M(560M) 1.722ms
[812.455s][info][gc,cpu         ] GC(2061) User=0.00s Sys=0.00s Real=0.01s
[812.809s][info][gc,start       ] GC(2062) Pause Young (Allocation Failure)
[812.819s][info][gc,heap        ] GC(2062) PSYoungGen: 213568K(214016K)->5728K(260096K) Eden: 213504K(213504K)->0K(253952K) From: 64K(512K)->5728K(6144K)
[812.819s][info][gc,heap        ] GC(2062) ParOldGen: 359364K(359424K)->359380K(359424K)
[812.819s][info][gc,metaspace   ] GC(2062) Metaspace: 35573K(36288K)->35573K(36288K) NonClass: 26363K(26880K)->26363K(26880K) Class: 9209K(9408K)->9209K(9408K)
[812.819s][info][gc             ] GC(2062) Pause Young (Allocation Failure) 559M->356M(605M) 10.296ms
[812.819s][info][gc,cpu         ] GC(2062) User=0.02s Sys=0.00s Real=0.01s
[813.189s][info][gc,start       ] GC(2063) Pause Young (Allocation Failure)
[813.247s][info][gc,heap        ] GC(2063) PSYoungGen: 259680K(260096K)->7168K(267264K) Eden: 253952K(253952K)->0K(260096K) From: 5728K(6144K)->7168K(7168K)
[813.247s][info][gc,heap        ] GC(2063) ParOldGen: 359380K(359424K)->381036K(381440K)
[813.247s][info][gc,metaspace   ] GC(2063) Metaspace: 35573K(36288K)->35573K(36288K) NonClass: 26363K(26880K)->26363K(26880K) Class: 9209K(9408K)->9209K(9408K)
[813.247s][info][gc             ] GC(2063) Pause Young (Allocation Failure) 604M->379M(633M) 57.518ms
[813.247s][info][gc,cpu         ] GC(2063) User=0.10s Sys=0.02s Real=0.06s
[813.607s][info][gc,start       ] GC(2064) Pause Young (Allocation Failure)
[813.660s][info][gc,heap        ] GC(2064) PSYoungGen: 267264K(267264K)->17920K(278016K) Eden: 260096K(260096K)->0K(260096K) From: 7168K(7168K)->17920K(17920K)
[813.660s][info][gc,heap        ] GC(2064) ParOldGen: 381036K(381440K)->391804K(392192K)
[813.660s][info][gc,metaspace   ] GC(2064) Metaspace: 35573K(36288K)->35573K(36288K) NonClass: 26363K(26880K)->26363K(26880K) Class: 9209K(9408K)->9209K(9408K)
[813.660s][info][gc             ] GC(2064) Pause Young (Allocation Failure) 633M->400M(654M) 53.269ms
[813.660s][info][gc,cpu         ] GC(2064) User=0.09s Sys=0.01s Real=0.05s
[813.745s][info][gc,start       ] GC(2065) Pause Young (Allocation Failure)
[813.749s][info][gc,heap        ] GC(2065) PSYoungGen: 278016K(278016K)->64K(309248K) Eden: 260096K(260096K)->0K(283648K) From: 17920K(17920K)->64K(25600K)
[813.749s][info][gc,heap        ] GC(2065) ParOldGen: 391804K(392192K)->392092K(392192K)
[813.749s][info][gc,metaspace   ] GC(2065) Metaspace: 35573K(36288K)->35573K(36288K) NonClass: 26363K(26880K)->26363K(26880K) Class: 9209K(9408K)->9209K(9408K)
[813.749s][info][gc             ] GC(2065) Pause Young (Allocation Failure) 654M->382M(685M) 4.325ms
[813.749s][info][gc,cpu         ] GC(2065) User=0.01s Sys=0.00s Real=0.00s
[814.359s][info][gc,start       ] GC(2066) Pause Young (Allocation Failure)
[814.360s][info][gc,heap        ] GC(2066) PSYoungGen: 283712K(309248K)->64K(284160K) Eden: 283648K(283648K)->0K(283648K) From: 64K(25600K)->64K(512K)
[814.360s][info][gc,heap        ] GC(2066) ParOldGen: 392092K(392192K)->392100K(392192K)
[814.360s][info][gc,metaspace   ] GC(2066) Metaspace: 35573K(36288K)->35573K(36288K) NonClass: 26363K(26880K)->26363K(26880K) Class: 9209K(9408K)->9209K(9408K)
[814.360s][info][gc             ] GC(2066) Pause Young (Allocation Failure) 659M->382M(660M) 1.382ms
[814.360s][info][gc,cpu         ] GC(2066) User=0.00s Sys=0.00s Real=0.00s
[814.753s][info][gc,start       ] GC(2067) Pause Young (Allocation Failure)
[814.754s][info][gc,heap        ] GC(2067) PSYoungGen: 283712K(284160K)->64K(307712K) Eden: 283648K(283648K)->0K(284160K) From: 64K(512K)->64K(23552K)
[814.754s][info][gc,heap        ] GC(2067) ParOldGen: 392100K(392192K)->392108K(392192K)
[814.754s][info][gc,metaspace   ] GC(2067) Metaspace: 35573K(36288K)->35573K(36288K) NonClass: 26363K(26880K)->26363K(26880K) Class: 9209K(9408K)->9209K(9408K)
[814.754s][info][gc             ] GC(2067) Pause Young (Allocation Failure) 659M->382M(683M) 1.605ms
[814.754s][info][gc,cpu         ] GC(2067) User=0.00s Sys=0.00s Real=0.01s
[815.203s][info][gc,start       ] GC(2068) Pause Young (Allocation Failure)
[815.204s][info][gc,heap        ] GC(2068) PSYoungGen: 284224K(307712K)->64K(307200K) Eden: 284160K(284160K)->0K(284160K) From: 64K(23552K)->64K(23040K)
[815.204s][info][gc,heap        ] GC(2068) ParOldGen: 392108K(392192K)->392124K(392192K)
[815.204s][info][gc,metaspace   ] GC(2068) Metaspace: 35573K(36288K)->35573K(36288K) NonClass: 26363K(26880K)->26363K(26880K) Class: 9209K(9408K)->9209K(9408K)
[815.204s][info][gc             ] GC(2068) Pause Young (Allocation Failure) 660M->382M(683M) 1.356ms
[815.204s][info][gc,cpu         ] GC(2068) User=0.00s Sys=0.00s Real=0.01s
[815.439s][info][gc,start       ] GC(2069) Pause Young (Allocation Failure)
[815.440s][info][gc,heap        ] GC(2069) PSYoungGen: 284224K(307200K)->64K(309760K) Eden: 284160K(284160K)->0K(288256K) From: 64K(23040K)->64K(21504K)
[815.440s][info][gc,heap        ] GC(2069) ParOldGen: 392124K(392192K)->392140K(392192K)
[815.440s][info][gc,metaspace   ] GC(2069) Metaspace: 35573K(36288K)->35573K(36288K) NonClass: 26363K(26880K)->26363K(26880K) Class: 9209K(9408K)->9209K(9408K)
[815.440s][info][gc             ] GC(2069) Pause Young (Allocation Failure) 660M->383M(685M) 1.209ms
[815.440s][info][gc,cpu         ] GC(2069) User=0.00s Sys=0.00s Real=0.00s
[815.798s][info][gc,start       ] GC(2070) Pause Young (Allocation Failure)
[815.799s][info][gc,heap        ] GC(2070) PSYoungGen: 288320K(309760K)->64K(309248K) Eden: 288256K(288256K)->0K(288256K) From: 64K(21504K)->64K(20992K)
[815.799s][info][gc,heap        ] GC(2070) ParOldGen: 392140K(392192K)->392140K(392192K)
[815.799s][info][gc,metaspace   ] GC(2070) Metaspace: 35573K(36288K)->35573K(36288K) NonClass: 26363K(26880K)->26363K(26880K) Class: 9209K(9408K)->9209K(9408K)
[815.799s][info][gc             ] GC(2070) Pause Young (Allocation Failure) 664M->383M(685M) 1.233ms
[815.799s][info][gc,cpu         ] GC(2070) User=0.00s Sys=0.00s Real=0.00s
[815.905s][info][gc,start       ] GC(2071) Pause Young (Allocation Failure)
[815.907s][info][gc,heap        ] GC(2071) PSYoungGen: 288320K(309248K)->64K(311808K) Eden: 288256K(288256K)->0K(292352K) From: 64K(20992K)->64K(19456K)
[815.907s][info][gc,heap        ] GC(2071) ParOldGen: 392140K(392192K)->392148K(392192K)
[815.907s][info][gc,metaspace   ] GC(2071) Metaspace: 35573K(36288K)->35573K(36288K) NonClass: 26363K(26880K)->26363K(26880K) Class: 9209K(9408K)->9209K(9408K)
[815.907s][info][gc             ] GC(2071) Pause Young (Allocation Failure) 664M->383M(687M) 1.111ms
[815.907s][info][gc,cpu         ] GC(2071) User=0.00s Sys=0.00s Real=0.00s
[815.960s][info][gc,start       ] GC(2072) Pause Young (Allocation Failure)
[815.962s][info][gc,heap        ] GC(2072) PSYoungGen: 292416K(311808K)->32K(311296K) Eden: 292352K(292352K)->0K(292352K) From: 64K(19456K)->32K(18944K)
[815.962s][info][gc,heap        ] GC(2072) ParOldGen: 392148K(392192K)->392164K(392192K)
[815.962s][info][gc,metaspace   ] GC(2072) Metaspace: 35573K(36288K)->35573K(36288K) NonClass: 26363K(26880K)->26363K(26880K) Class: 9209K(9408K)->9209K(9408K)
[815.962s][info][gc             ] GC(2072) Pause Young (Allocation Failure) 668M->383M(687M) 2.214ms
[815.962s][info][gc,cpu         ] GC(2072) User=0.00s Sys=0.00s Real=0.00s
[816.152s][info][gc,start       ] GC(2073) Pause Young (Allocation Failure)
[816.154s][info][gc,heap        ] GC(2073) PSYoungGen: 292384K(311296K)->64K(313856K) Eden: 292352K(292352K)->0K(296448K) From: 32K(18944K)->64K(17408K)
[816.155s][info][gc,heap        ] GC(2073) ParOldGen: 392164K(392192K)->392164K(392192K)
[816.155s][info][gc,metaspace   ] GC(2073) Metaspace: 35573K(36288K)->35573K(36288K) NonClass: 26363K(26880K)->26363K(26880K) Class: 9209K(9408K)->9209K(9408K)
[816.155s][info][gc             ] GC(2073) Pause Young (Allocation Failure) 668M->383M(689M) 2.175ms
[816.155s][info][gc,cpu         ] GC(2073) User=0.00s Sys=0.00s Real=0.01s
[816.449s][info][gc,start       ] GC(2074) Pause Young (Allocation Failure)
[816.451s][info][gc,heap        ] GC(2074) PSYoungGen: 296512K(313856K)->64K(313344K) Eden: 296448K(296448K)->0K(296448K) From: 64K(17408K)->64K(16896K)
[816.451s][info][gc,heap        ] GC(2074) ParOldGen: 392164K(392192K)->392172K(392192K)
[816.451s][info][gc,metaspace   ] GC(2074) Metaspace: 35573K(36288K)->35573K(36288K) NonClass: 26363K(26880K)->26363K(26880K) Class: 9209K(9408K)->9209K(9408K)
[816.451s][info][gc             ] GC(2074) Pause Young (Allocation Failure) 672M->383M(689M) 1.231ms
[816.451s][info][gc,cpu         ] GC(2074) User=0.01s Sys=0.00s Real=0.00s
[816.594s][info][gc,start       ] GC(2075) Pause Young (Allocation Failure)
[816.595s][info][gc,heap        ] GC(2075) PSYoungGen: 296512K(313344K)->64K(315904K) Eden: 296448K(296448K)->0K(300544K) From: 64K(16896K)->64K(15360K)
[816.596s][info][gc,heap        ] GC(2075) ParOldGen: 392172K(392192K)->392180K(392192K)
[816.596s][info][gc,metaspace   ] GC(2075) Metaspace: 35573K(36288K)->35573K(36288K) NonClass: 26363K(26880K)->26363K(26880K) Class: 9209K(9408K)->9209K(9408K)
[816.596s][info][gc             ] GC(2075) Pause Young (Allocation Failure) 672M->383M(691M) 1.334ms
[816.596s][info][gc,cpu         ] GC(2075) User=0.00s Sys=0.00s Real=0.00s
[816.696s][info][gc,start       ] GC(2076) Pause Young (Allocation Failure)
[816.697s][info][gc,heap        ] GC(2076) PSYoungGen: 300608K(315904K)->64K(315392K) Eden: 300544K(300544K)->0K(300544K) From: 64K(15360K)->64K(14848K)
[816.697s][info][gc,heap        ] GC(2076) ParOldGen: 392180K(392192K)->392188K(392192K)
[816.697s][info][gc,metaspace   ] GC(2076) Metaspace: 35573K(36288K)->35573K(36288K) NonClass: 26363K(26880K)->26363K(26880K) Class: 9209K(9408K)->9209K(9408K)
[816.697s][info][gc             ] GC(2076) Pause Young (Allocation Failure) 676M->383M(691M) 1.272ms
[816.697s][info][gc,cpu         ] GC(2076) User=0.00s Sys=0.00s Real=0.00s
[816.886s][info][gc,start       ] GC(2077) Pause Young (Allocation Failure)
[816.887s][info][gc,heap        ] GC(2077) PSYoungGen: 300608K(315392K)->64K(317952K) Eden: 300544K(300544K)->0K(304640K) From: 64K(14848K)->64K(13312K)
[816.887s][info][gc,heap        ] GC(2077) ParOldGen: 392188K(392192K)->392196K(392704K)
[816.887s][info][gc,metaspace   ] GC(2077) Metaspace: 35573K(36288K)->35573K(36288K) NonClass: 26363K(26880K)->26363K(26880K) Class: 9209K(9408K)->9209K(9408K)
[816.887s][info][gc             ] GC(2077) Pause Young (Allocation Failure) 676M->383M(694M) 1.316ms
[816.887s][info][gc,cpu         ] GC(2077) User=0.00s Sys=0.00s Real=0.00s
[817.769s][info][gc,start       ] GC(2078) Pause Young (Allocation Failure)
[817.771s][info][gc,heap        ] GC(2078) PSYoungGen: 304704K(317952K)->83K(292864K) Eden: 304640K(304640K)->0K(292352K) From: 64K(13312K)->83K(512K)
[817.771s][info][gc,heap        ] GC(2078) ParOldGen: 392196K(392704K)->392204K(392704K)
[817.771s][info][gc,metaspace   ] GC(2078) Metaspace: 35573K(36288K)->35573K(36288K) NonClass: 26363K(26880K)->26363K(26880K) Class: 9209K(9408K)->9209K(9408K)
[817.771s][info][gc             ] GC(2078) Pause Young (Allocation Failure) 680M->383M(669M) 1.386ms
[817.771s][info][gc,cpu         ] GC(2078) User=0.01s Sys=0.00s Real=0.00s
[818.646s][info][gc,start       ] GC(2079) Pause Young (Allocation Failure)
[818.647s][info][gc,heap        ] GC(2079) PSYoungGen: 292435K(292864K)->64K(281088K) Eden: 292352K(292352K)->0K(280576K) From: 83K(512K)->64K(512K)
[818.647s][info][gc,heap        ] GC(2079) ParOldGen: 392204K(392704K)->392212K(392704K)
[818.647s][info][gc,metaspace   ] GC(2079) Metaspace: 35573K(36288K)->35573K(36288K) NonClass: 26363K(26880K)->26363K(26880K) Class: 9209K(9408K)->9209K(9408K)
[818.647s][info][gc             ] GC(2079) Pause Young (Allocation Failure) 668M->383M(658M) 1.386ms
[818.647s][info][gc,cpu         ] GC(2079) User=0.00s Sys=0.00s Real=0.00s
[819.108s][info][gc,start       ] GC(2080) Pause Young (Allocation Failure)
[819.109s][info][gc,heap        ] GC(2080) PSYoungGen: 280640K(281088K)->64K(281088K) Eden: 280576K(280576K)->0K(269824K) From: 64K(512K)->64K(11264K)
[819.109s][info][gc,heap        ] GC(2080) ParOldGen: 392212K(392704K)->392220K(392704K)
[819.109s][info][gc,metaspace   ] GC(2080) Metaspace: 35573K(36288K)->35573K(36288K) NonClass: 26363K(26880K)->26363K(26880K) Class: 9209K(9408K)->9209K(9408K)
[819.109s][info][gc             ] GC(2080) Pause Young (Allocation Failure) 657M->383M(658M) 1.235ms
[819.109s][info][gc,cpu         ] GC(2080) User=0.00s Sys=0.00s Real=0.00s
[820.075s][info][gc,start       ] GC(2081) Pause Young (Allocation Failure)
[820.076s][info][gc,heap        ] GC(2081) PSYoungGen: 269888K(281088K)->64K(260096K) Eden: 269824K(269824K)->0K(259584K) From: 64K(11264K)->64K(512K)
[820.076s][info][gc,heap        ] GC(2081) ParOldGen: 392220K(392704K)->392228K(392704K)
[820.076s][info][gc,metaspace   ] GC(2081) Metaspace: 35573K(36288K)->35573K(36288K) NonClass: 26363K(26880K)->26363K(26880K) Class: 9209K(9408K)->9209K(9408K)
[820.076s][info][gc             ] GC(2081) Pause Young (Allocation Failure) 646M->383M(637M) 1.756ms
[820.076s][info][gc,cpu         ] GC(2081) User=0.00s Sys=0.00s Real=0.00s
[820.463s][info][gc,start       ] GC(2082) Pause Young (Allocation Failure)
[820.464s][info][gc,heap        ] GC(2082) PSYoungGen: 259648K(260096K)->64K(259072K) Eden: 259584K(259584K)->0K(249344K) From: 64K(512K)->64K(9728K)
[820.464s][info][gc,heap        ] GC(2082) ParOldGen: 392228K(392704K)->392236K(392704K)
[820.464s][info][gc,metaspace   ] GC(2082) Metaspace: 35573K(36288K)->35573K(36288K) NonClass: 26363K(26880K)->26363K(26880K) Class: 9209K(9408K)->9209K(9408K)
[820.464s][info][gc             ] GC(2082) Pause Young (Allocation Failure) 636M->383M(636M) 1.197ms
[820.464s][info][gc,cpu         ] GC(2082) User=0.00s Sys=0.00s Real=0.00s
[820.627s][info][gc,start       ] GC(2083) Pause Young (Allocation Failure)
[820.629s][info][gc,heap        ] GC(2083) PSYoungGen: 249408K(259072K)->64K(240128K) Eden: 249344K(249344K)->0K(239616K) From: 64K(9728K)->64K(512K)
[820.629s][info][gc,heap        ] GC(2083) ParOldGen: 392236K(392704K)->392244K(392704K)
[820.629s][info][gc,metaspace   ] GC(2083) Metaspace: 35573K(36288K)->35573K(36288K) NonClass: 26363K(26880K)->26363K(26880K) Class: 9209K(9408K)->9209K(9408K)
[820.629s][info][gc             ] GC(2083) Pause Young (Allocation Failure) 626M->383M(618M) 1.627ms
[820.629s][info][gc,cpu         ] GC(2083) User=0.00s Sys=0.00s Real=0.00s
[820.804s][info][gc,start       ] GC(2084) Pause Young (Allocation Failure)
[820.805s][info][gc,heap        ] GC(2084) PSYoungGen: 239680K(240128K)->64K(239104K) Eden: 239616K(239616K)->0K(230400K) From: 64K(512K)->64K(8704K)
[820.805s][info][gc,heap        ] GC(2084) ParOldGen: 392244K(392704K)->392252K(392704K)
[820.805s][info][gc,metaspace   ] GC(2084) Metaspace: 35573K(36288K)->35573K(36288K) NonClass: 26363K(26880K)->26363K(26880K) Class: 9209K(9408K)->9209K(9408K)
[820.805s][info][gc             ] GC(2084) Pause Young (Allocation Failure) 617M->383M(617M) 1.266ms
[820.805s][info][gc,cpu         ] GC(2084) User=0.00s Sys=0.00s Real=0.00s
[821.301s][info][gc,start       ] GC(2085) Pause Young (Allocation Failure)
[821.303s][info][gc,heap        ] GC(2085) PSYoungGen: 230464K(239104K)->64K(222208K) Eden: 230400K(230400K)->0K(221696K) From: 64K(8704K)->64K(512K)
[821.303s][info][gc,heap        ] GC(2085) ParOldGen: 392252K(392704K)->392260K(392704K)
[821.303s][info][gc,metaspace   ] GC(2085) Metaspace: 35573K(36288K)->35573K(36288K) NonClass: 26363K(26880K)->26363K(26880K) Class: 9209K(9408K)->9209K(9408K)
[821.303s][info][gc             ] GC(2085) Pause Young (Allocation Failure) 608M->383M(600M) 1.997ms
[821.303s][info][gc,cpu         ] GC(2085) User=0.01s Sys=0.00s Real=0.00s
[821.531s][info][gc,start       ] GC(2086) Pause Young (Allocation Failure)
[821.532s][info][gc,heap        ] GC(2086) PSYoungGen: 221759K(222208K)->64K(221184K) Eden: 221695K(221696K)->0K(213504K) From: 64K(512K)->64K(7680K)
[821.532s][info][gc,heap        ] GC(2086) ParOldGen: 392260K(392704K)->392268K(392704K)
[821.532s][info][gc,metaspace   ] GC(2086) Metaspace: 35573K(36288K)->35573K(36288K) NonClass: 26363K(26880K)->26363K(26880K) Class: 9209K(9408K)->9209K(9408K)
[821.532s][info][gc             ] GC(2086) Pause Young (Allocation Failure) 599M->383M(599M) 1.533ms
[821.532s][info][gc,cpu         ] GC(2086) User=0.00s Sys=0.00s Real=0.00s
[821.873s][info][gc,start       ] GC(2087) Pause Young (Allocation Failure)
[821.909s][info][gc,heap        ] GC(2087) PSYoungGen: 213568K(221184K)->7168K(262656K) Eden: 213504K(213504K)->0K(255488K) From: 64K(7680K)->7168K(7168K)
[821.910s][info][gc,heap        ] GC(2087) ParOldGen: 392268K(392704K)->403372K(403456K)
[821.910s][info][gc,metaspace   ] GC(2087) Metaspace: 35573K(36288K)->35573K(36288K) NonClass: 26363K(26880K)->26363K(26880K) Class: 9209K(9408K)->9209K(9408K)
[821.910s][info][gc             ] GC(2087) Pause Young (Allocation Failure) 591M->400M(650M) 36.442ms
[821.910s][info][gc,cpu         ] GC(2087) User=0.06s Sys=0.01s Real=0.03s
[822.281s][info][gc,start       ] GC(2088) Pause Young (Allocation Failure)
[822.337s][info][gc,heap        ] GC(2088) PSYoungGen: 262656K(262656K)->12800K(268288K) Eden: 255488K(255488K)->0K(255488K) From: 7168K(7168K)->12800K(12800K)
[822.338s][info][gc,heap        ] GC(2088) ParOldGen: 403372K(403456K)->419860K(420352K)
[822.338s][info][gc,metaspace   ] GC(2088) Metaspace: 35573K(36288K)->35573K(36288K) NonClass: 26363K(26880K)->26363K(26880K) Class: 9209K(9408K)->9209K(9408K)
[822.338s][info][gc             ] GC(2088) Pause Young (Allocation Failure) 650M->422M(672M) 56.937ms
[822.338s][info][gc,cpu         ] GC(2088) User=0.10s Sys=0.01s Real=0.06s
[822.562s][info][gc,start       ] GC(2089) Pause Young (Allocation Failure)
[822.598s][info][gc,heap        ] GC(2089) PSYoungGen: 268288K(268288K)->15392K(307712K) Eden: 255488K(255488K)->0K(285696K) From: 12800K(12800K)->15392K(22016K)
[822.598s][info][gc,heap        ] GC(2089) ParOldGen: 419860K(420352K)->420308K(420352K)
[822.598s][info][gc,metaspace   ] GC(2089) Metaspace: 35573K(36288K)->35573K(36288K) NonClass: 26363K(26880K)->26363K(26880K) Class: 9209K(9408K)->9209K(9408K)
[822.598s][info][gc             ] GC(2089) Pause Young (Allocation Failure) 672M->425M(711M) 36.019ms
[822.598s][info][gc,cpu         ] GC(2089) User=0.06s Sys=0.01s Real=0.04s
[822.907s][info][gc,start       ] GC(2090) Pause Young (Allocation Failure)
[822.908s][info][gc,heap        ] GC(2090) PSYoungGen: 301088K(307712K)->64K(309760K) Eden: 285696K(285696K)->0K(285696K) From: 15392K(22016K)->64K(24064K)
[822.908s][info][gc,heap        ] GC(2090) ParOldGen: 420308K(420352K)->420316K(420352K)
[822.908s][info][gc,metaspace   ] GC(2090) Metaspace: 35573K(36288K)->35573K(36288K) NonClass: 26363K(26880K)->26363K(26880K) Class: 9209K(9408K)->9209K(9408K)
[822.908s][info][gc             ] GC(2090) Pause Young (Allocation Failure) 704M->410M(713M) 1.559ms
[822.908s][info][gc,cpu         ] GC(2090) User=0.00s Sys=0.00s Real=0.00s
[823.527s][info][gc,start       ] GC(2091) Pause Young (Allocation Failure)
[823.528s][info][gc,heap        ] GC(2091) PSYoungGen: 285760K(309760K)->64K(307712K) Eden: 285696K(285696K)->0K(286720K) From: 64K(24064K)->64K(20992K)
[823.528s][info][gc,heap        ] GC(2091) ParOldGen: 420316K(420352K)->420324K(420352K)
[823.528s][info][gc,metaspace   ] GC(2091) Metaspace: 35573K(36288K)->35573K(36288K) NonClass: 26363K(26880K)->26363K(26880K) Class: 9209K(9408K)->9209K(9408K)
[823.528s][info][gc             ] GC(2091) Pause Young (Allocation Failure) 689M->410M(711M) 1.488ms
[823.528s][info][gc,cpu         ] GC(2091) User=0.00s Sys=0.00s Real=0.00s
[823.981s][info][gc,start       ] GC(2092) Pause Young (Allocation Failure)
[823.983s][info][gc,heap        ] GC(2092) PSYoungGen: 286784K(307712K)->64K(309248K) Eden: 286720K(286720K)->0K(286720K) From: 64K(20992K)->64K(22528K)
[823.983s][info][gc,heap        ] GC(2092) ParOldGen: 420324K(420352K)->420340K(420352K)
[823.983s][info][gc,metaspace   ] GC(2092) Metaspace: 35573K(36288K)->35573K(36288K) NonClass: 26363K(26880K)->26363K(26880K) Class: 9209K(9408K)->9209K(9408K)
[823.983s][info][gc             ] GC(2092) Pause Young (Allocation Failure) 690M->410M(712M) 1.472ms
[823.983s][info][gc,cpu         ] GC(2092) User=0.00s Sys=0.00s Real=0.00s
[824.219s][info][gc,start       ] GC(2093) Pause Young (Allocation Failure)
[824.221s][info][gc,heap        ] GC(2093) PSYoungGen: 286784K(309248K)->64K(308736K) Eden: 286720K(286720K)->0K(289792K) From: 64K(22528K)->64K(18944K)
[824.221s][info][gc,heap        ] GC(2093) ParOldGen: 420340K(420352K)->420356K(420864K)
[824.221s][info][gc,metaspace   ] GC(2093) Metaspace: 35573K(36288K)->35573K(36288K) NonClass: 26363K(26880K)->26363K(26880K) Class: 9209K(9408K)->9209K(9408K)
[824.221s][info][gc             ] GC(2093) Pause Young (Allocation Failure) 690M->410M(712M) 1.308ms
[824.221s][info][gc,cpu         ] GC(2093) User=0.00s Sys=0.00s Real=0.00s
[824.463s][info][gc,start       ] GC(2094) Pause Young (Allocation Failure)
[824.464s][info][gc,heap        ] GC(2094) PSYoungGen: 289856K(308736K)->64K(310272K) Eden: 289792K(289792K)->0K(289792K) From: 64K(18944K)->64K(20480K)
[824.464s][info][gc,heap        ] GC(2094) ParOldGen: 420356K(420864K)->420356K(420864K)
[824.464s][info][gc,metaspace   ] GC(2094) Metaspace: 35573K(36288K)->35573K(36288K) NonClass: 26363K(26880K)->26363K(26880K) Class: 9209K(9408K)->9209K(9408K)
[824.464s][info][gc             ] GC(2094) Pause Young (Allocation Failure) 693M->410M(714M) 1.421ms
[824.464s][info][gc,cpu         ] GC(2094) User=0.00s Sys=0.00s Real=0.01s
[824.780s][info][gc,start       ] GC(2095) Pause Young (Allocation Failure)
[824.781s][info][gc,heap        ] GC(2095) PSYoungGen: 289856K(310272K)->64K(311808K) Eden: 289792K(289792K)->0K(293888K) From: 64K(20480K)->64K(17920K)
[824.781s][info][gc,heap        ] GC(2095) ParOldGen: 420356K(420864K)->420356K(420864K)
[824.781s][info][gc,metaspace   ] GC(2095) Metaspace: 35573K(36288K)->35573K(36288K) NonClass: 26363K(26880K)->26363K(26880K) Class: 9209K(9408K)->9209K(9408K)
[824.781s][info][gc             ] GC(2095) Pause Young (Allocation Failure) 693M->410M(715M) 1.337ms
[824.781s][info][gc,cpu         ] GC(2095) User=0.01s Sys=0.00s Real=0.00s
[824.834s][info][gc,start       ] GC(2096) Pause Young (Allocation Failure)
[824.836s][info][gc,heap        ] GC(2096) PSYoungGen: 293952K(311808K)->64K(312832K) Eden: 293888K(293888K)->0K(293888K) From: 64K(17920K)->64K(18944K)
[824.836s][info][gc,heap        ] GC(2096) ParOldGen: 420356K(420864K)->420372K(420864K)
[824.836s][info][gc,metaspace   ] GC(2096) Metaspace: 35573K(36288K)->35573K(36288K) NonClass: 26363K(26880K)->26363K(26880K) Class: 9209K(9408K)->9209K(9408K)
[824.836s][info][gc             ] GC(2096) Pause Young (Allocation Failure) 697M->410M(716M) 1.275ms
[824.836s][info][gc,cpu         ] GC(2096) User=0.00s Sys=0.00s Real=0.00s
[824.904s][info][gc,start       ] GC(2097) Pause Young (Allocation Failure)
[824.905s][info][gc,heap        ] GC(2097) PSYoungGen: 293952K(312832K)->64K(312832K) Eden: 293888K(293888K)->0K(296960K) From: 64K(18944K)->64K(15872K)
[824.905s][info][gc,heap        ] GC(2097) ParOldGen: 420372K(420864K)->420372K(420864K)
[824.905s][info][gc,metaspace   ] GC(2097) Metaspace: 35573K(36288K)->35573K(36288K) NonClass: 26363K(26880K)->26363K(26880K) Class: 9209K(9408K)->9209K(9408K)
[824.905s][info][gc             ] GC(2097) Pause Young (Allocation Failure) 697M->410M(716M) 1.233ms
[824.905s][info][gc,cpu         ] GC(2097) User=0.00s Sys=0.00s Real=0.00s
[825.219s][info][gc,start       ] GC(2098) Pause Young (Allocation Failure)
[825.220s][info][gc,heap        ] GC(2098) PSYoungGen: 297024K(312832K)->64K(313856K) Eden: 296960K(296960K)->0K(296960K) From: 64K(15872K)->64K(16896K)
[825.220s][info][gc,heap        ] GC(2098) ParOldGen: 420372K(420864K)->420388K(420864K)
[825.220s][info][gc,metaspace   ] GC(2098) Metaspace: 35573K(36288K)->35573K(36288K) NonClass: 26363K(26880K)->26363K(26880K) Class: 9209K(9408K)->9209K(9408K)
[825.220s][info][gc             ] GC(2098) Pause Young (Allocation Failure) 700M->410M(717M) 1.466ms
[825.220s][info][gc,cpu         ] GC(2098) User=0.00s Sys=0.00s Real=0.00s
[825.451s][info][gc,start       ] GC(2099) Pause Young (Allocation Failure)
[825.452s][info][gc,heap        ] GC(2099) PSYoungGen: 297024K(313856K)->64K(314880K) Eden: 296960K(296960K)->0K(301056K) From: 64K(16896K)->64K(13824K)
[825.452s][info][gc,heap        ] GC(2099) ParOldGen: 420388K(420864K)->420388K(420864K)
[825.452s][info][gc,metaspace   ] GC(2099) Metaspace: 35573K(36288K)->35573K(36288K) NonClass: 26363K(26880K)->26363K(26880K) Class: 9209K(9408K)->9209K(9408K)
[825.452s][info][gc             ] GC(2099) Pause Young (Allocation Failure) 700M->410M(718M) 1.292ms
[825.452s][info][gc,cpu         ] GC(2099) User=0.00s Sys=0.00s Real=0.00s
[825.536s][info][gc,start       ] GC(2100) Pause Young (Allocation Failure)
[825.538s][info][gc,heap        ] GC(2100) PSYoungGen: 301120K(314880K)->64K(315904K) Eden: 301056K(301056K)->0K(301056K) From: 64K(13824K)->64K(14848K)
[825.538s][info][gc,heap        ] GC(2100) ParOldGen: 420388K(420864K)->420404K(420864K)
[825.538s][info][gc,metaspace   ] GC(2100) Metaspace: 35573K(36288K)->35573K(36288K) NonClass: 26363K(26880K)->26363K(26880K) Class: 9209K(9408K)->9209K(9408K)
[825.538s][info][gc             ] GC(2100) Pause Young (Allocation Failure) 704M->410M(719M) 1.354ms
[825.538s][info][gc,cpu         ] GC(2100) User=0.00s Sys=0.00s Real=0.00s
[825.695s][info][gc,start       ] GC(2101) Pause Young (Allocation Failure)
[825.696s][info][gc,heap        ] GC(2101) PSYoungGen: 301120K(315904K)->64K(317952K) Eden: 301056K(301056K)->0K(305152K) From: 64K(14848K)->64K(12800K)
[825.696s][info][gc,heap        ] GC(2101) ParOldGen: 420404K(420864K)->420404K(420864K)
[825.696s][info][gc,metaspace   ] GC(2101) Metaspace: 35573K(36288K)->35573K(36288K) NonClass: 26363K(26880K)->26363K(26880K) Class: 9209K(9408K)->9209K(9408K)
[825.696s][info][gc             ] GC(2101) Pause Young (Allocation Failure) 704M->410M(721M) 1.344ms
[825.697s][info][gc,cpu         ] GC(2101) User=0.00s Sys=0.00s Real=0.00s
[826.635s][info][gc,start       ] GC(2102) Pause Young (Allocation Failure)
[826.637s][info][gc,heap        ] GC(2102) PSYoungGen: 305204K(317952K)->64K(293376K) Eden: 305140K(305152K)->0K(292864K) From: 64K(12800K)->64K(512K)
[826.637s][info][gc,heap        ] GC(2102) ParOldGen: 420404K(420864K)->420412K(420864K)
[826.637s][info][gc,metaspace   ] GC(2102) Metaspace: 35573K(36288K)->35573K(36288K) NonClass: 26363K(26880K)->26363K(26880K) Class: 9209K(9408K)->9209K(9408K)
[826.637s][info][gc             ] GC(2102) Pause Young (Allocation Failure) 708M->410M(697M) 1.821ms
[826.637s][info][gc,cpu         ] GC(2102) User=0.00s Sys=0.00s Real=0.00s
[827.449s][info][gc,start       ] GC(2103) Pause Young (Allocation Failure)
[827.451s][info][gc,heap        ] GC(2103) PSYoungGen: 292928K(293376K)->64K(281600K) Eden: 292864K(292864K)->0K(281088K) From: 64K(512K)->64K(512K)
[827.451s][info][gc,heap        ] GC(2103) ParOldGen: 420412K(420864K)->420420K(420864K)
[827.451s][info][gc,metaspace   ] GC(2103) Metaspace: 35581K(36288K)->35581K(36288K) NonClass: 26371K(26880K)->26371K(26880K) Class: 9209K(9408K)->9209K(9408K)
[827.451s][info][gc             ] GC(2103) Pause Young (Allocation Failure) 696M->410M(686M) 1.923ms
[827.451s][info][gc,cpu         ] GC(2103) User=0.00s Sys=0.00s Real=0.00s
[827.723s][info][gc,start       ] GC(2104) Pause Young (Allocation Failure)
[827.724s][info][gc,heap        ] GC(2104) PSYoungGen: 281152K(281600K)->64K(281600K) Eden: 281088K(281088K)->0K(269824K) From: 64K(512K)->64K(11776K)
[827.724s][info][gc,heap        ] GC(2104) ParOldGen: 420420K(420864K)->420428K(420864K)
[827.724s][info][gc,metaspace   ] GC(2104) Metaspace: 35581K(36288K)->35581K(36288K) NonClass: 26371K(26880K)->26371K(26880K) Class: 9209K(9408K)->9209K(9408K)
[827.724s][info][gc             ] GC(2104) Pause Young (Allocation Failure) 685M->410M(686M) 1.290ms
[827.724s][info][gc,cpu         ] GC(2104) User=0.00s Sys=0.00s Real=0.01s
[828.189s][info][gc,start       ] GC(2105) Pause Young (Allocation Failure)
[828.191s][info][gc,heap        ] GC(2105) PSYoungGen: 269888K(281600K)->64K(260096K) Eden: 269824K(269824K)->0K(259584K) From: 64K(11776K)->64K(512K)
[828.191s][info][gc,heap        ] GC(2105) ParOldGen: 420428K(420864K)->420436K(420864K)
[828.191s][info][gc,metaspace   ] GC(2105) Metaspace: 35590K(36288K)->35590K(36288K) NonClass: 26380K(26880K)->26380K(26880K) Class: 9209K(9408K)->9209K(9408K)
[828.191s][info][gc             ] GC(2105) Pause Young (Allocation Failure) 674M->410M(665M) 1.854ms
[828.191s][info][gc,cpu         ] GC(2105) User=0.00s Sys=0.00s Real=0.00s
[829.109s][info][gc,start       ] GC(2106) Pause Young (Allocation Failure)
[829.110s][info][gc,heap        ] GC(2106) PSYoungGen: 259648K(260096K)->64K(259584K) Eden: 259584K(259584K)->0K(249344K) From: 64K(512K)->64K(10240K)
[829.110s][info][gc,heap        ] GC(2106) ParOldGen: 420436K(420864K)->420444K(420864K)
[829.110s][info][gc,metaspace   ] GC(2106) Metaspace: 35590K(36288K)->35590K(36288K) NonClass: 26380K(26880K)->26380K(26880K) Class: 9209K(9408K)->9209K(9408K)
[829.110s][info][gc             ] GC(2106) Pause Young (Allocation Failure) 664M->410M(664M) 1.235ms
[829.110s][info][gc,cpu         ] GC(2106) User=0.00s Sys=0.00s Real=0.00s
[829.474s][info][gc,start       ] GC(2107) Pause Young (Allocation Failure)
[829.476s][info][gc,heap        ] GC(2107) PSYoungGen: 249408K(259584K)->64K(240128K) Eden: 249344K(249344K)->0K(239616K) From: 64K(10240K)->64K(512K)
[829.476s][info][gc,heap        ] GC(2107) ParOldGen: 420444K(420864K)->420452K(420864K)
[829.476s][info][gc,metaspace   ] GC(2107) Metaspace: 35590K(36288K)->35590K(36288K) NonClass: 26380K(26880K)->26380K(26880K) Class: 9209K(9408K)->9209K(9408K)
[829.476s][info][gc             ] GC(2107) Pause Young (Allocation Failure) 654M->410M(645M) 1.919ms
[829.476s][info][gc,cpu         ] GC(2107) User=0.00s Sys=0.00s Real=0.00s
[829.550s][info][gc,start       ] GC(2108) Pause Young (Allocation Failure)
[829.553s][info][gc,heap        ] GC(2108) PSYoungGen: 239680K(240128K)->64K(280064K) Eden: 239616K(239616K)->0K(271360K) From: 64K(512K)->64K(8704K)
[829.553s][info][gc,heap        ] GC(2108) ParOldGen: 420452K(420864K)->420468K(420864K)
[829.553s][info][gc,metaspace   ] GC(2108) Metaspace: 35590K(36288K)->35590K(36288K) NonClass: 26380K(26880K)->26380K(26880K) Class: 9209K(9408K)->9209K(9408K)
[829.553s][info][gc             ] GC(2108) Pause Young (Allocation Failure) 644M->410M(684M) 2.293ms
[829.553s][info][gc,cpu         ] GC(2108) User=0.00s Sys=0.00s Real=0.00s
[830.073s][info][gc,start       ] GC(2109) Pause Young (Allocation Failure)
[830.076s][info][gc,heap        ] GC(2109) PSYoungGen: 271424K(280064K)->64K(261120K) Eden: 271360K(271360K)->0K(260608K) From: 64K(8704K)->64K(512K)
[830.076s][info][gc,heap        ] GC(2109) ParOldGen: 420468K(420864K)->420484K(420864K)
[830.076s][info][gc,metaspace   ] GC(2109) Metaspace: 35590K(36288K)->35590K(36288K) NonClass: 26380K(26880K)->26380K(26880K) Class: 9209K(9408K)->9209K(9408K)
[830.076s][info][gc             ] GC(2109) Pause Young (Allocation Failure) 675M->410M(666M) 2.696ms
[830.076s][info][gc,cpu         ] GC(2109) User=0.00s Sys=0.00s Real=0.00s
[830.364s][info][gc,start       ] GC(2110) Pause Young (Allocation Failure)
[830.367s][info][gc,heap        ] GC(2110) PSYoungGen: 260672K(261120K)->64K(258048K) Eden: 260608K(260608K)->0K(250368K) From: 64K(512K)->64K(7680K)
[830.367s][info][gc,heap        ] GC(2110) ParOldGen: 420484K(420864K)->420500K(420864K)
[830.367s][info][gc,metaspace   ] GC(2110) Metaspace: 35590K(36288K)->35590K(36288K) NonClass: 26380K(26880K)->26380K(26880K) Class: 9209K(9408K)->9209K(9408K)
[830.367s][info][gc             ] GC(2110) Pause Young (Allocation Failure) 665M->410M(663M) 2.389ms
[830.367s][info][gc,cpu         ] GC(2110) User=0.00s Sys=0.00s Real=0.00s
[830.767s][info][gc,start       ] GC(2111) Pause Young (Allocation Failure)
[830.816s][info][gc,heap        ] GC(2111) PSYoungGen: 250432K(258048K)->7168K(280576K) Eden: 250368K(250368K)->0K(273408K) From: 64K(7680K)->7168K(7168K)
[830.816s][info][gc,heap        ] GC(2111) ParOldGen: 420500K(420864K)->429692K(430080K)
[830.816s][info][gc,metaspace   ] GC(2111) Metaspace: 35590K(36288K)->35590K(36288K) NonClass: 26380K(26880K)->26380K(26880K) Class: 9209K(9408K)->9209K(9408K)
[830.816s][info][gc             ] GC(2111) Pause Young (Allocation Failure) 655M->426M(694M) 49.106ms
[830.816s][info][gc,cpu         ] GC(2111) User=0.05s Sys=0.01s Real=0.05s
[831.209s][info][gc,start       ] GC(2112) Pause Young (Allocation Failure)
[831.270s][info][gc,heap        ] GC(2112) PSYoungGen: 280576K(280576K)->12288K(285696K) Eden: 273408K(273408K)->0K(273408K) From: 7168K(7168K)->12288K(12288K)
[831.270s][info][gc,heap        ] GC(2112) ParOldGen: 429692K(430080K)->448676K(449024K)
[831.270s][info][gc,metaspace   ] GC(2112) Metaspace: 35590K(36288K)->35590K(36288K) NonClass: 26380K(26880K)->26380K(26880K) Class: 9209K(9408K)->9209K(9408K)
[831.270s][info][gc             ] GC(2112) Pause Young (Allocation Failure) 693M->450M(717M) 61.177ms
[831.270s][info][gc,cpu         ] GC(2112) User=0.11s Sys=0.02s Real=0.06s
[831.499s][info][gc,start       ] GC(2113) Pause Young (Allocation Failure)
[831.535s][info][gc,heap        ] GC(2113) PSYoungGen: 285696K(285696K)->15264K(307712K) Eden: 273408K(273408K)->0K(285696K) From: 12288K(12288K)->15264K(22016K)
[831.535s][info][gc,heap        ] GC(2113) ParOldGen: 448676K(449024K)->449188K(449536K)
[831.535s][info][gc,metaspace   ] GC(2113) Metaspace: 35590K(36288K)->35590K(36288K) NonClass: 26380K(26880K)->26380K(26880K) Class: 9209K(9408K)->9209K(9408K)
[831.535s][info][gc             ] GC(2113) Pause Young (Allocation Failure) 717M->453M(739M) 36.163ms
[831.535s][info][gc,cpu         ] GC(2113) User=0.06s Sys=0.00s Real=0.04s
[831.878s][info][gc,start       ] GC(2114) Pause Young (Allocation Failure)
[831.879s][info][gc,heap        ] GC(2114) PSYoungGen: 300960K(307712K)->64K(309760K) Eden: 285696K(285696K)->0K(285696K) From: 15264K(22016K)->64K(24064K)
[831.879s][info][gc,heap        ] GC(2114) ParOldGen: 449188K(449536K)->449196K(449536K)
[831.879s][info][gc,metaspace   ] GC(2114) Metaspace: 35590K(36288K)->35590K(36288K) NonClass: 26380K(26880K)->26380K(26880K) Class: 9209K(9408K)->9209K(9408K)
[831.879s][info][gc             ] GC(2114) Pause Young (Allocation Failure) 732M->438M(741M) 1.526ms
[831.879s][info][gc,cpu         ] GC(2114) User=0.00s Sys=0.01s Real=0.00s
[832.487s][info][gc,start       ] GC(2115) Pause Young (Allocation Failure)
[832.488s][info][gc,heap        ] GC(2115) PSYoungGen: 285760K(309760K)->64K(307200K) Eden: 285696K(285696K)->0K(286208K) From: 64K(24064K)->64K(20992K)
[832.488s][info][gc,heap        ] GC(2115) ParOldGen: 449196K(449536K)->449204K(449536K)
[832.488s][info][gc,metaspace   ] GC(2115) Metaspace: 35590K(36288K)->35590K(36288K) NonClass: 26380K(26880K)->26380K(26880K) Class: 9209K(9408K)->9209K(9408K)
[832.488s][info][gc             ] GC(2115) Pause Young (Allocation Failure) 717M->438M(739M) 1.648ms
[832.488s][info][gc,cpu         ] GC(2115) User=0.00s Sys=0.00s Real=0.00s
[832.934s][info][gc,start       ] GC(2116) Pause Young (Allocation Failure)
[832.936s][info][gc,heap        ] GC(2116) PSYoungGen: 286272K(307200K)->64K(308736K) Eden: 286208K(286208K)->0K(286208K) From: 64K(20992K)->64K(22528K)
[832.936s][info][gc,heap        ] GC(2116) ParOldGen: 449204K(449536K)->449220K(449536K)
[832.936s][info][gc,metaspace   ] GC(2116) Metaspace: 35590K(36288K)->35590K(36288K) NonClass: 26380K(26880K)->26380K(26880K) Class: 9209K(9408K)->9209K(9408K)
[832.936s][info][gc             ] GC(2116) Pause Young (Allocation Failure) 718M->438M(740M) 1.609ms
[832.936s][info][gc,cpu         ] GC(2116) User=0.01s Sys=0.00s Real=0.00s
[833.174s][info][gc,start       ] GC(2117) Pause Young (Allocation Failure)
[833.175s][info][gc,heap        ] GC(2117) PSYoungGen: 286272K(308736K)->64K(309760K) Eden: 286208K(286208K)->0K(289792K) From: 64K(22528K)->64K(19968K)
[833.175s][info][gc,heap        ] GC(2117) ParOldGen: 449220K(449536K)->449236K(449536K)
[833.175s][info][gc,metaspace   ] GC(2117) Metaspace: 35590K(36288K)->35590K(36288K) NonClass: 26380K(26880K)->26380K(26880K) Class: 9209K(9408K)->9209K(9408K)
[833.175s][info][gc             ] GC(2117) Pause Young (Allocation Failure) 718M->438M(741M) 1.433ms
[833.175s][info][gc,cpu         ] GC(2117) User=0.00s Sys=0.00s Real=0.00s
[833.415s][info][gc,start       ] GC(2118) Pause Young (Allocation Failure)
[833.416s][info][gc,heap        ] GC(2118) PSYoungGen: 289856K(309760K)->32K(310784K) Eden: 289792K(289792K)->0K(289792K) From: 64K(19968K)->32K(20992K)
[833.416s][info][gc,heap        ] GC(2118) ParOldGen: 449236K(449536K)->449236K(449536K)
[833.416s][info][gc,metaspace   ] GC(2118) Metaspace: 35590K(36288K)->35590K(36288K) NonClass: 26380K(26880K)->26380K(26880K) Class: 9209K(9408K)->9209K(9408K)
[833.416s][info][gc             ] GC(2118) Pause Young (Allocation Failure) 721M->438M(742M) 1.290ms
[833.416s][info][gc,cpu         ] GC(2118) User=0.00s Sys=0.00s Real=0.00s
[833.727s][info][gc,start       ] GC(2119) Pause Young (Allocation Failure)
[833.728s][info][gc,heap        ] GC(2119) PSYoungGen: 289824K(310784K)->64K(310784K) Eden: 289792K(289792K)->0K(292864K) From: 32K(20992K)->64K(17920K)
[833.728s][info][gc,heap        ] GC(2119) ParOldGen: 449236K(449536K)->449236K(449536K)
[833.728s][info][gc,metaspace   ] GC(2119) Metaspace: 35590K(36288K)->35590K(36288K) NonClass: 26380K(26880K)->26380K(26880K) Class: 9209K(9408K)->9209K(9408K)
[833.728s][info][gc             ] GC(2119) Pause Young (Allocation Failure) 721M->438M(742M) 1.698ms
[833.728s][info][gc,cpu         ] GC(2119) User=0.01s Sys=0.00s Real=0.00s
[833.782s][info][gc,start       ] GC(2120) Pause Young (Allocation Failure)
[833.784s][info][gc,heap        ] GC(2120) PSYoungGen: 292928K(310784K)->64K(311808K) Eden: 292864K(292864K)->0K(292864K) From: 64K(17920K)->64K(18944K)
[833.784s][info][gc,heap        ] GC(2120) ParOldGen: 449236K(449536K)->449252K(449536K)
[833.784s][info][gc,metaspace   ] GC(2120) Metaspace: 35590K(36288K)->35590K(36288K) NonClass: 26380K(26880K)->26380K(26880K) Class: 9209K(9408K)->9209K(9408K)
[833.784s][info][gc             ] GC(2120) Pause Young (Allocation Failure) 724M->438M(743M) 1.545ms
[833.784s][info][gc,cpu         ] GC(2120) User=0.00s Sys=0.00s Real=0.01s
[833.869s][info][gc,start       ] GC(2121) Pause Young (Allocation Failure)
[833.871s][info][gc,heap        ] GC(2121) PSYoungGen: 292928K(311808K)->64K(312832K) Eden: 292864K(292864K)->0K(296960K) From: 64K(18944K)->64K(15872K)
[833.871s][info][gc,heap        ] GC(2121) ParOldGen: 449252K(449536K)->449252K(449536K)
[833.871s][info][gc,metaspace   ] GC(2121) Metaspace: 35590K(36288K)->35590K(36288K) NonClass: 26380K(26880K)->26380K(26880K) Class: 9209K(9408K)->9209K(9408K)
[833.871s][info][gc             ] GC(2121) Pause Young (Allocation Failure) 724M->438M(744M) 1.576ms
[833.871s][info][gc,cpu         ] GC(2121) User=0.00s Sys=0.00s Real=0.00s
[834.197s][info][gc,start       ] GC(2122) Pause Young (Allocation Failure)
[834.198s][info][gc,heap        ] GC(2122) PSYoungGen: 297024K(312832K)->64K(313856K) Eden: 296960K(296960K)->0K(296960K) From: 64K(15872K)->64K(16896K)
[834.198s][info][gc,heap        ] GC(2122) ParOldGen: 449252K(449536K)->449268K(449536K)
[834.198s][info][gc,metaspace   ] GC(2122) Metaspace: 35590K(36288K)->35590K(36288K) NonClass: 26380K(26880K)->26380K(26880K) Class: 9209K(9408K)->9209K(9408K)
[834.198s][info][gc             ] GC(2122) Pause Young (Allocation Failure) 728M->438M(745M) 1.587ms
[834.198s][info][gc,cpu         ] GC(2122) User=0.00s Sys=0.00s Real=0.00s
[834.421s][info][gc,start       ] GC(2123) Pause Young (Allocation Failure)
[834.422s][info][gc,heap        ] GC(2123) PSYoungGen: 297024K(313856K)->64K(314880K) Eden: 296960K(296960K)->0K(301056K) From: 64K(16896K)->64K(13824K)
[834.422s][info][gc,heap        ] GC(2123) ParOldGen: 449268K(449536K)->449268K(449536K)
[834.422s][info][gc,metaspace   ] GC(2123) Metaspace: 35590K(36288K)->35590K(36288K) NonClass: 26380K(26880K)->26380K(26880K) Class: 9209K(9408K)->9209K(9408K)
[834.422s][info][gc             ] GC(2123) Pause Young (Allocation Failure) 728M->438M(746M) 1.550ms
[834.422s][info][gc,cpu         ] GC(2123) User=0.01s Sys=0.00s Real=0.00s
[834.510s][info][gc,start       ] GC(2124) Pause Young (Allocation Failure)
[834.511s][info][gc,heap        ] GC(2124) PSYoungGen: 301120K(314880K)->64K(315904K) Eden: 301056K(301056K)->0K(301056K) From: 64K(13824K)->64K(14848K)
[834.511s][info][gc,heap        ] GC(2124) ParOldGen: 449268K(449536K)->449284K(449536K)
[834.511s][info][gc,metaspace   ] GC(2124) Metaspace: 35590K(36288K)->35590K(36288K) NonClass: 26380K(26880K)->26380K(26880K) Class: 9209K(9408K)->9209K(9408K)
[834.511s][info][gc             ] GC(2124) Pause Young (Allocation Failure) 732M->438M(747M) 1.579ms
[834.511s][info][gc,cpu         ] GC(2124) User=0.00s Sys=0.00s Real=0.00s
[834.681s][info][gc,start       ] GC(2125) Pause Young (Allocation Failure)
[834.682s][info][gc,heap        ] GC(2125) PSYoungGen: 301120K(315904K)->64K(316416K) Eden: 301056K(301056K)->0K(304640K) From: 64K(14848K)->64K(11776K)
[834.682s][info][gc,heap        ] GC(2125) ParOldGen: 449284K(449536K)->449284K(449536K)
[834.682s][info][gc,metaspace   ] GC(2125) Metaspace: 35590K(36288K)->35590K(36288K) NonClass: 26380K(26880K)->26380K(26880K) Class: 9209K(9408K)->9209K(9408K)
[834.683s][info][gc             ] GC(2125) Pause Young (Allocation Failure) 732M->438M(748M) 1.605ms
[834.683s][info][gc,cpu         ] GC(2125) User=0.01s Sys=0.00s Real=0.00s
[835.618s][info][gc,start       ] GC(2126) Pause Young (Allocation Failure)
[835.619s][info][gc,heap        ] GC(2126) PSYoungGen: 304704K(316416K)->64K(317952K) Eden: 304640K(304640K)->0K(304640K) From: 64K(11776K)->64K(13312K)
[835.619s][info][gc,heap        ] GC(2126) ParOldGen: 449284K(449536K)->449292K(449536K)
[835.619s][info][gc,metaspace   ] GC(2126) Metaspace: 35590K(36288K)->35590K(36288K) NonClass: 26380K(26880K)->26380K(26880K) Class: 9209K(9408K)->9209K(9408K)
[835.619s][info][gc             ] GC(2126) Pause Young (Allocation Failure) 736M->438M(749M) 1.519ms
[835.619s][info][gc,cpu         ] GC(2126) User=0.00s Sys=0.00s Real=0.00s
[836.433s][info][gc,start       ] GC(2127) Pause Young (Allocation Failure)
[836.435s][info][gc,heap        ] GC(2127) PSYoungGen: 304704K(317952K)->64K(292864K) Eden: 304640K(304640K)->0K(292352K) From: 64K(13312K)->64K(512K)
[836.435s][info][gc,heap        ] GC(2127) ParOldGen: 449292K(449536K)->449300K(449536K)
[836.435s][info][gc,metaspace   ] GC(2127) Metaspace: 35590K(36288K)->35590K(36288K) NonClass: 26380K(26880K)->26380K(26880K) Class: 9209K(9408K)->9209K(9408K)
[836.435s][info][gc             ] GC(2127) Pause Young (Allocation Failure) 736M->438M(725M) 2.050ms
[836.435s][info][gc,cpu         ] GC(2127) User=0.00s Sys=0.00s Real=0.01s
[836.778s][info][gc,start       ] GC(2128) Pause Young (Allocation Failure)
[836.780s][info][gc,heap        ] GC(2128) PSYoungGen: 292416K(292864K)->64K(292352K) Eden: 292352K(292352K)->0K(280576K) From: 64K(512K)->64K(11776K)
[836.780s][info][gc,heap        ] GC(2128) ParOldGen: 449300K(449536K)->449316K(449536K)
[836.780s][info][gc,metaspace   ] GC(2128) Metaspace: 35590K(36288K)->35590K(36288K) NonClass: 26380K(26880K)->26380K(26880K) Class: 9209K(9408K)->9209K(9408K)
[836.780s][info][gc             ] GC(2128) Pause Young (Allocation Failure) 724M->438M(724M) 2.413ms
[836.780s][info][gc,cpu         ] GC(2128) User=0.00s Sys=0.00s Real=0.00s
[837.888s][info][gc,start       ] GC(2129) Pause Young (Allocation Failure)
[837.891s][info][gc,heap        ] GC(2129) PSYoungGen: 280640K(292352K)->64K(270336K) Eden: 280576K(280576K)->0K(269824K) From: 64K(11776K)->64K(512K)
[837.891s][info][gc,heap        ] GC(2129) ParOldGen: 449316K(449536K)->449332K(449536K)
[837.891s][info][gc,metaspace   ] GC(2129) Metaspace: 35590K(36288K)->35590K(36288K) NonClass: 26380K(26880K)->26380K(26880K) Class: 9209K(9408K)->9209K(9408K)
[837.891s][info][gc             ] GC(2129) Pause Young (Allocation Failure) 712M->438M(703M) 3.411ms
[837.891s][info][gc,cpu         ] GC(2129) User=0.00s Sys=0.01s Real=0.00s
[838.286s][info][gc,start       ] GC(2130) Pause Young (Allocation Failure)
[838.288s][info][gc,heap        ] GC(2130) PSYoungGen: 269888K(270336K)->64K(269824K) Eden: 269824K(269824K)->0K(259584K) From: 64K(512K)->64K(10240K)
[838.288s][info][gc,heap        ] GC(2130) ParOldGen: 449332K(449536K)->449348K(449536K)
[838.288s][info][gc,metaspace   ] GC(2130) Metaspace: 35590K(36288K)->35590K(36288K) NonClass: 26380K(26880K)->26380K(26880K) Class: 9209K(9408K)->9209K(9408K)
[838.288s][info][gc             ] GC(2130) Pause Young (Allocation Failure) 702M->438M(702M) 2.441ms
[838.288s][info][gc,cpu         ] GC(2130) User=0.00s Sys=0.00s Real=0.00s
[838.491s][info][gc,start       ] GC(2131) Pause Young (Allocation Failure)
[838.494s][info][gc,heap        ] GC(2131) PSYoungGen: 259648K(269824K)->64K(249856K) Eden: 259584K(259584K)->0K(249344K) From: 64K(10240K)->64K(512K)
[838.494s][info][gc,heap        ] GC(2131) ParOldGen: 449348K(449536K)->449364K(449536K)
[838.494s][info][gc,metaspace   ] GC(2131) Metaspace: 35590K(36288K)->35590K(36288K) NonClass: 26380K(26880K)->26380K(26880K) Class: 9209K(9408K)->9209K(9408K)
[838.494s][info][gc             ] GC(2131) Pause Young (Allocation Failure) 692M->438M(683M) 2.758ms
[838.494s][info][gc,cpu         ] GC(2131) User=0.01s Sys=0.00s Real=0.01s
[838.590s][info][gc,start       ] GC(2132) Pause Young (Allocation Failure)
[838.592s][info][gc,heap        ] GC(2132) PSYoungGen: 249408K(249856K)->64K(293376K) Eden: 249344K(249344K)->0K(284672K) From: 64K(512K)->64K(8704K)
[838.592s][info][gc,heap        ] GC(2132) ParOldGen: 449364K(449536K)->449380K(449536K)
[838.592s][info][gc,metaspace   ] GC(2132) Metaspace: 35590K(36288K)->35590K(36288K) NonClass: 26380K(26880K)->26380K(26880K) Class: 9209K(9408K)->9209K(9408K)
[838.592s][info][gc             ] GC(2132) Pause Young (Allocation Failure) 682M->438M(725M) 2.294ms
[838.592s][info][gc,cpu         ] GC(2132) User=0.00s Sys=0.00s Real=0.00s
[839.186s][info][gc,start       ] GC(2133) Pause Young (Allocation Failure)
[839.189s][info][gc,heap        ] GC(2133) PSYoungGen: 284736K(293376K)->64K(304640K) Eden: 284672K(284672K)->0K(296448K) From: 64K(8704K)->64K(8192K)
[839.189s][info][gc,heap        ] GC(2133) ParOldGen: 449380K(449536K)->449396K(449536K)
[839.189s][info][gc,metaspace   ] GC(2133) Metaspace: 35590K(36288K)->35590K(36288K) NonClass: 26380K(26880K)->26380K(26880K) Class: 9209K(9408K)->9209K(9408K)
[839.189s][info][gc             ] GC(2133) Pause Young (Allocation Failure) 716M->438M(736M) 2.471ms
[839.189s][info][gc,cpu         ] GC(2133) User=0.01s Sys=0.00s Real=0.00s
[839.560s][info][gc,start       ] GC(2134) Pause Young (Allocation Failure)
[839.565s][info][gc,heap        ] GC(2134) PSYoungGen: 296512K(304640K)->2560K(304128K) Eden: 296448K(296448K)->0K(296448K) From: 64K(8192K)->2560K(7680K)
[839.565s][info][gc,heap        ] GC(2134) ParOldGen: 449396K(449536K)->449412K(449536K)
[839.565s][info][gc,metaspace   ] GC(2134) Metaspace: 35590K(36288K)->35590K(36288K) NonClass: 26380K(26880K)->26380K(26880K) Class: 9209K(9408K)->9209K(9408K)
[839.565s][info][gc             ] GC(2134) Pause Young (Allocation Failure) 728M->441M(736M) 5.824ms
[839.565s][info][gc,cpu         ] GC(2134) User=0.01s Sys=0.00s Real=0.01s
[839.993s][info][gc,start       ] GC(2135) Pause Young (Allocation Failure)
[840.063s][info][gc,heap        ] GC(2135) PSYoungGen: 299008K(304128K)->7680K(303616K) Eden: 296448K(296448K)->0K(295936K) From: 2560K(7680K)->7680K(7680K)
[840.063s][info][gc,heap        ] GC(2135) ParOldGen: 449412K(449536K)->475380K(475648K)
[840.063s][info][gc,metaspace   ] GC(2135) Metaspace: 35590K(36288K)->35590K(36288K) NonClass: 26380K(26880K)->26380K(26880K) Class: 9209K(9408K)->9209K(9408K)
[840.063s][info][gc             ] GC(2135) Pause Young (Allocation Failure) 730M->471M(761M) 70.085ms
[840.063s][info][gc,cpu         ] GC(2135) User=0.12s Sys=0.02s Real=0.07s
[840.416s][info][gc,start       ] GC(2136) Pause Young (Allocation Failure)
[840.474s][info][gc,heap        ] GC(2136) PSYoungGen: 303616K(303616K)->18944K(314880K) Eden: 295936K(295936K)->0K(295936K) From: 7680K(7680K)->18944K(18944K)
[840.474s][info][gc,heap        ] GC(2136) ParOldGen: 475380K(475648K)->483596K(483840K)
[840.474s][info][gc,metaspace   ] GC(2136) Metaspace: 35590K(36288K)->35590K(36288K) NonClass: 26380K(26880K)->26380K(26880K) Class: 9209K(9408K)->9209K(9408K)
[840.474s][info][gc             ] GC(2136) Pause Young (Allocation Failure) 760M->490M(780M) 58.139ms
[840.474s][info][gc,cpu         ] GC(2136) User=0.10s Sys=0.01s Real=0.06s
[840.677s][info][gc,start       ] GC(2137) Pause Young (Allocation Failure)
[840.681s][info][gc,heap        ] GC(2137) PSYoungGen: 314880K(314880K)->64K(302592K) Eden: 295936K(295936K)->0K(283648K) From: 18944K(18944K)->64K(18944K)
[840.681s][info][gc,heap        ] GC(2137) ParOldGen: 483596K(483840K)->483804K(483840K)
[840.681s][info][gc,metaspace   ] GC(2137) Metaspace: 35590K(36288K)->35590K(36288K) NonClass: 26380K(26880K)->26380K(26880K) Class: 9209K(9408K)->9209K(9408K)
[840.681s][info][gc             ] GC(2137) Pause Young (Allocation Failure) 779M->472M(768M) 3.740ms
[840.681s][info][gc,cpu         ] GC(2137) User=0.01s Sys=0.00s Real=0.00s
[841.354s][info][gc,start       ] GC(2138) Pause Young (Allocation Failure)
[841.355s][info][gc,heap        ] GC(2138) PSYoungGen: 283712K(302592K)->64K(308736K) Eden: 283648K(283648K)->0K(283648K) From: 64K(18944K)->64K(25088K)
[841.356s][info][gc,heap        ] GC(2138) ParOldGen: 483804K(483840K)->483812K(483840K)
[841.356s][info][gc,metaspace   ] GC(2138) Metaspace: 35590K(36288K)->35590K(36288K) NonClass: 26380K(26880K)->26380K(26880K) Class: 9209K(9408K)->9209K(9408K)
[841.356s][info][gc             ] GC(2138) Pause Young (Allocation Failure) 749M->472M(774M) 1.519ms
[841.356s][info][gc,cpu         ] GC(2138) User=0.00s Sys=0.00s Real=0.00s
[841.822s][info][gc,start       ] GC(2139) Pause Young (Allocation Failure)
[841.824s][info][gc,heap        ] GC(2139) PSYoungGen: 283712K(308736K)->64K(306176K) Eden: 283648K(283648K)->0K(284160K) From: 64K(25088K)->64K(22016K)
[841.824s][info][gc,heap        ] GC(2139) ParOldGen: 483812K(483840K)->483828K(483840K)
[841.824s][info][gc,metaspace   ] GC(2139) Metaspace: 35590K(36288K)->35590K(36288K) NonClass: 26380K(26880K)->26380K(26880K) Class: 9209K(9408K)->9209K(9408K)
[841.824s][info][gc             ] GC(2139) Pause Young (Allocation Failure) 749M->472M(771M) 1.685ms
[841.824s][info][gc,cpu         ] GC(2139) User=0.00s Sys=0.00s Real=0.01s
[842.058s][info][gc,start       ] GC(2140) Pause Young (Allocation Failure)
[842.060s][info][gc,heap        ] GC(2140) PSYoungGen: 284224K(306176K)->64K(307712K) Eden: 284160K(284160K)->0K(284160K) From: 64K(22016K)->64K(23552K)
[842.060s][info][gc,heap        ] GC(2140) ParOldGen: 483828K(483840K)->483844K(484352K)
[842.060s][info][gc,metaspace   ] GC(2140) Metaspace: 35590K(36288K)->35590K(36288K) NonClass: 26380K(26880K)->26380K(26880K) Class: 9209K(9408K)->9209K(9408K)
[842.060s][info][gc             ] GC(2140) Pause Young (Allocation Failure) 750M->472M(773M) 1.469ms
[842.060s][info][gc,cpu         ] GC(2140) User=0.01s Sys=0.00s Real=0.00s
[842.293s][info][gc,start       ] GC(2141) Pause Young (Allocation Failure)
[842.295s][info][gc,heap        ] GC(2141) PSYoungGen: 284224K(307712K)->64K(307712K) Eden: 284160K(284160K)->0K(287744K) From: 64K(23552K)->64K(19968K)
[842.295s][info][gc,heap        ] GC(2141) ParOldGen: 483844K(484352K)->483844K(484352K)
[842.295s][info][gc,metaspace   ] GC(2141) Metaspace: 35590K(36288K)->35590K(36288K) NonClass: 26380K(26880K)->26380K(26880K) Class: 9209K(9408K)->9209K(9408K)
[842.295s][info][gc             ] GC(2141) Pause Young (Allocation Failure) 750M->472M(773M) 1.450ms
[842.295s][info][gc,cpu         ] GC(2141) User=0.00s Sys=0.00s Real=0.00s
[842.647s][info][gc,start       ] GC(2142) Pause Young (Allocation Failure)
[842.648s][info][gc,heap        ] GC(2142) PSYoungGen: 287808K(307712K)->64K(309248K) Eden: 287744K(287744K)->0K(287744K) From: 64K(19968K)->64K(21504K)
[842.648s][info][gc,heap        ] GC(2142) ParOldGen: 483844K(484352K)->483844K(484352K)
[842.648s][info][gc,metaspace   ] GC(2142) Metaspace: 35590K(36288K)->35590K(36288K) NonClass: 26380K(26880K)->26380K(26880K) Class: 9209K(9408K)->9209K(9408K)
[842.648s][info][gc             ] GC(2142) Pause Young (Allocation Failure) 753M->472M(775M) 1.419ms
[842.648s][info][gc,cpu         ] GC(2142) User=0.00s Sys=0.00s Real=0.00s
[842.697s][info][gc,start       ] GC(2143) Pause Young (Allocation Failure)
[842.698s][info][gc,heap        ] GC(2143) PSYoungGen: 287807K(309248K)->64K(308736K) Eden: 287743K(287744K)->0K(291840K) From: 64K(21504K)->64K(16896K)
[842.698s][info][gc,heap        ] GC(2143) ParOldGen: 483844K(484352K)->483860K(484352K)
[842.698s][info][gc,metaspace   ] GC(2143) Metaspace: 35590K(36288K)->35590K(36288K) NonClass: 26380K(26880K)->26380K(26880K) Class: 9209K(9408K)->9209K(9408K)
[842.698s][info][gc             ] GC(2143) Pause Young (Allocation Failure) 753M->472M(774M) 1.372ms
[842.698s][info][gc,cpu         ] GC(2143) User=0.00s Sys=0.00s Real=0.00s
[842.747s][info][gc,start       ] GC(2144) Pause Young (Allocation Failure)
[842.748s][info][gc,heap        ] GC(2144) PSYoungGen: 291904K(308736K)->64K(310784K) Eden: 291840K(291840K)->0K(291840K) From: 64K(16896K)->64K(18944K)
[842.748s][info][gc,heap        ] GC(2144) ParOldGen: 483860K(484352K)->483860K(484352K)
[842.748s][info][gc,metaspace   ] GC(2144) Metaspace: 35590K(36288K)->35590K(36288K) NonClass: 26380K(26880K)->26380K(26880K) Class: 9209K(9408K)->9209K(9408K)
[842.748s][info][gc             ] GC(2144) Pause Young (Allocation Failure) 757M->472M(776M) 1.355ms
[842.748s][info][gc,cpu         ] GC(2144) User=0.00s Sys=0.00s Real=0.00s
[843.011s][info][gc,start       ] GC(2145) Pause Young (Allocation Failure)
[843.012s][info][gc,heap        ] GC(2145) PSYoungGen: 291904K(310784K)->64K(311808K) Eden: 291840K(291840K)->0K(296960K) From: 64K(18944K)->64K(14848K)
[843.012s][info][gc,heap        ] GC(2145) ParOldGen: 483860K(484352K)->483860K(484352K)
[843.012s][info][gc,metaspace   ] GC(2145) Metaspace: 35590K(36288K)->35590K(36288K) NonClass: 26380K(26880K)->26380K(26880K) Class: 9209K(9408K)->9209K(9408K)
[843.012s][info][gc             ] GC(2145) Pause Young (Allocation Failure) 757M->472M(777M) 1.434ms
[843.012s][info][gc,cpu         ] GC(2145) User=0.00s Sys=0.00s Real=0.00s
[843.275s][info][gc,start       ] GC(2146) Pause Young (Allocation Failure)
[843.276s][info][gc,heap        ] GC(2146) PSYoungGen: 297024K(311808K)->64K(313856K) Eden: 296960K(296960K)->0K(296960K) From: 64K(14848K)->64K(16896K)
[843.276s][info][gc,heap        ] GC(2146) ParOldGen: 483860K(484352K)->483868K(484352K)
[843.276s][info][gc,metaspace   ] GC(2146) Metaspace: 35590K(36288K)->35590K(36288K) NonClass: 26380K(26880K)->26380K(26880K) Class: 9209K(9408K)->9209K(9408K)
[843.276s][info][gc             ] GC(2146) Pause Young (Allocation Failure) 762M->472M(779M) 1.377ms
[843.277s][info][gc,cpu         ] GC(2146) User=0.00s Sys=0.00s Real=0.00s
[843.382s][info][gc,start       ] GC(2147) Pause Young (Allocation Failure)
[843.383s][info][gc,heap        ] GC(2147) PSYoungGen: 297024K(313856K)->64K(314880K) Eden: 296960K(296960K)->0K(301056K) From: 64K(16896K)->64K(13824K)
[843.383s][info][gc,heap        ] GC(2147) ParOldGen: 483868K(484352K)->483876K(484352K)
[843.383s][info][gc,metaspace   ] GC(2147) Metaspace: 35590K(36288K)->35590K(36288K) NonClass: 26380K(26880K)->26380K(26880K) Class: 9209K(9408K)->9209K(9408K)
[843.383s][info][gc             ] GC(2147) Pause Young (Allocation Failure) 762M->472M(780M) 1.477ms
[843.383s][info][gc,cpu         ] GC(2147) User=0.01s Sys=0.00s Real=0.01s
[843.512s][info][gc,start       ] GC(2148) Pause Young (Allocation Failure)
[843.513s][info][gc,heap        ] GC(2148) PSYoungGen: 301120K(314880K)->64K(316416K) Eden: 301056K(301056K)->0K(301056K) From: 64K(13824K)->64K(15360K)
[843.513s][info][gc,heap        ] GC(2148) ParOldGen: 483876K(484352K)->483884K(484352K)
[843.513s][info][gc,metaspace   ] GC(2148) Metaspace: 35590K(36288K)->35590K(36288K) NonClass: 26380K(26880K)->26380K(26880K) Class: 9209K(9408K)->9209K(9408K)
[843.513s][info][gc             ] GC(2148) Pause Young (Allocation Failure) 766M->472M(782M) 1.399ms
[843.513s][info][gc,cpu         ] GC(2148) User=0.01s Sys=0.00s Real=0.01s
[843.901s][info][gc,start       ] GC(2149) Pause Young (Allocation Failure)
[843.902s][info][gc,heap        ] GC(2149) PSYoungGen: 301120K(316416K)->64K(315904K) Eden: 301056K(301056K)->0K(304128K) From: 64K(15360K)->64K(11776K)
[843.902s][info][gc,heap        ] GC(2149) ParOldGen: 483884K(484352K)->483892K(484352K)
[843.902s][info][gc,metaspace   ] GC(2149) Metaspace: 35590K(36288K)->35590K(36288K) NonClass: 26380K(26880K)->26380K(26880K) Class: 9209K(9408K)->9209K(9408K)
[843.902s][info][gc             ] GC(2149) Pause Young (Allocation Failure) 766M->472M(781M) 1.542ms
[843.902s][info][gc,cpu         ] GC(2149) User=0.00s Sys=0.00s Real=0.00s
[844.540s][info][gc,start       ] GC(2150) Pause Young (Allocation Failure)
[844.542s][info][gc,heap        ] GC(2150) PSYoungGen: 304192K(315904K)->64K(292352K) Eden: 304128K(304128K)->0K(291840K) From: 64K(11776K)->64K(512K)
[844.542s][info][gc,heap        ] GC(2150) ParOldGen: 483892K(484352K)->483900K(484352K)
[844.542s][info][gc,metaspace   ] GC(2150) Metaspace: 35590K(36288K)->35590K(36288K) NonClass: 26380K(26880K)->26380K(26880K) Class: 9209K(9408K)->9209K(9408K)
[844.542s][info][gc             ] GC(2150) Pause Young (Allocation Failure) 769M->472M(758M) 1.732ms
[844.542s][info][gc,cpu         ] GC(2150) User=0.00s Sys=0.00s Real=0.00s
[845.481s][info][gc,start       ] GC(2151) Pause Young (Allocation Failure)
[845.483s][info][gc,heap        ] GC(2151) PSYoungGen: 291904K(292352K)->64K(280576K) Eden: 291840K(291840K)->0K(280064K) From: 64K(512K)->64K(512K)
[845.483s][info][gc,heap        ] GC(2151) ParOldGen: 483900K(484352K)->483916K(484352K)
[845.483s][info][gc,metaspace   ] GC(2151) Metaspace: 35590K(36288K)->35590K(36288K) NonClass: 26380K(26880K)->26380K(26880K) Class: 9209K(9408K)->9209K(9408K)
[845.483s][info][gc             ] GC(2151) Pause Young (Allocation Failure) 757M->472M(747M) 2.072ms
[845.483s][info][gc,cpu         ] GC(2151) User=0.01s Sys=0.00s Real=0.00s
[845.988s][info][gc,start       ] GC(2152) Pause Young (Allocation Failure)
[845.990s][info][gc,heap        ] GC(2152) PSYoungGen: 280128K(280576K)->64K(281088K) Eden: 280064K(280064K)->0K(269312K) From: 64K(512K)->64K(11776K)
[845.990s][info][gc,heap        ] GC(2152) ParOldGen: 483916K(484352K)->483924K(484352K)
[845.990s][info][gc,metaspace   ] GC(2152) Metaspace: 35590K(36288K)->35590K(36288K) NonClass: 26380K(26880K)->26380K(26880K) Class: 9209K(9408K)->9209K(9408K)
[845.990s][info][gc             ] GC(2152) Pause Young (Allocation Failure) 746M->472M(747M) 1.492ms
[845.990s][info][gc,cpu         ] GC(2152) User=0.00s Sys=0.00s Real=0.00s
[846.946s][info][gc,start       ] GC(2153) Pause Young (Allocation Failure)
[846.948s][info][gc,heap        ] GC(2153) PSYoungGen: 269376K(281088K)->64K(259584K) Eden: 269312K(269312K)->0K(259072K) From: 64K(11776K)->64K(512K)
[846.948s][info][gc,heap        ] GC(2153) ParOldGen: 483924K(484352K)->483932K(484352K)
[846.948s][info][gc,metaspace   ] GC(2153) Metaspace: 35590K(36288K)->35590K(36288K) NonClass: 26380K(26880K)->26380K(26880K) Class: 9209K(9408K)->9209K(9408K)
[846.948s][info][gc             ] GC(2153) Pause Young (Allocation Failure) 735M->472M(726M) 2.071ms
[846.948s][info][gc,cpu         ] GC(2153) User=0.01s Sys=0.00s Real=0.00s
[847.287s][info][gc,start       ] GC(2154) Pause Young (Allocation Failure)
[847.288s][info][gc,heap        ] GC(2154) PSYoungGen: 259136K(259584K)->64K(259584K) Eden: 259072K(259072K)->0K(249344K) From: 64K(512K)->64K(10240K)
[847.288s][info][gc,heap        ] GC(2154) ParOldGen: 483932K(484352K)->483940K(484352K)
[847.288s][info][gc,metaspace   ] GC(2154) Metaspace: 35590K(36288K)->35590K(36288K) NonClass: 26380K(26880K)->26380K(26880K) Class: 9209K(9408K)->9209K(9408K)
[847.288s][info][gc             ] GC(2154) Pause Young (Allocation Failure) 725M->472M(726M) 1.374ms
[847.288s][info][gc,cpu         ] GC(2154) User=0.00s Sys=0.00s Real=0.00s
[847.411s][info][gc,start       ] GC(2155) Pause Young (Allocation Failure)
[847.413s][info][gc,heap        ] GC(2155) PSYoungGen: 249408K(259584K)->64K(240128K) Eden: 249344K(249344K)->0K(239616K) From: 64K(10240K)->64K(512K)
[847.413s][info][gc,heap        ] GC(2155) ParOldGen: 483940K(484352K)->483948K(484352K)
[847.413s][info][gc,metaspace   ] GC(2155) Metaspace: 35590K(36288K)->35590K(36288K) NonClass: 26380K(26880K)->26380K(26880K) Class: 9209K(9408K)->9209K(9408K)
[847.413s][info][gc             ] GC(2155) Pause Young (Allocation Failure) 716M->472M(707M) 2.850ms
[847.413s][info][gc,cpu         ] GC(2155) User=0.00s Sys=0.00s Real=0.01s
[847.782s][info][gc,start       ] GC(2156) Pause Young (Allocation Failure)
[847.783s][info][gc,heap        ] GC(2156) PSYoungGen: 239680K(240128K)->64K(239104K) Eden: 239616K(239616K)->0K(230400K) From: 64K(512K)->64K(8704K)
[847.783s][info][gc,heap        ] GC(2156) ParOldGen: 483948K(484352K)->483956K(484352K)
[847.783s][info][gc,metaspace   ] GC(2156) Metaspace: 35590K(36288K)->35590K(36288K) NonClass: 26380K(26880K)->26380K(26880K) Class: 9209K(9408K)->9209K(9408K)
[847.783s][info][gc             ] GC(2156) Pause Young (Allocation Failure) 706M->472M(706M) 1.589ms
[847.783s][info][gc,cpu         ] GC(2156) User=0.00s Sys=0.00s Real=0.01s
[848.093s][info][gc,start       ] GC(2157) Pause Young (Allocation Failure)
[848.095s][info][gc,heap        ] GC(2157) PSYoungGen: 230464K(239104K)->64K(222208K) Eden: 230400K(230400K)->0K(221696K) From: 64K(8704K)->64K(512K)
[848.095s][info][gc,heap        ] GC(2157) ParOldGen: 483956K(484352K)->483964K(484352K)
[848.095s][info][gc,metaspace   ] GC(2157) Metaspace: 35590K(36288K)->35590K(36288K) NonClass: 26380K(26880K)->26380K(26880K) Class: 9209K(9408K)->9209K(9408K)
[848.095s][info][gc             ] GC(2157) Pause Young (Allocation Failure) 697M->472M(690M) 2.049ms
[848.095s][info][gc,cpu         ] GC(2157) User=0.00s Sys=0.00s Real=0.01s
[848.451s][info][gc,start       ] GC(2158) Pause Young (Allocation Failure)
[848.457s][info][gc,heap        ] GC(2158) PSYoungGen: 221759K(222208K)->3552K(217088K) Eden: 221695K(221696K)->0K(213504K) From: 64K(512K)->3552K(3584K)
[848.457s][info][gc,heap        ] GC(2158) ParOldGen: 483964K(484352K)->483972K(484352K)
[848.457s][info][gc,metaspace   ] GC(2158) Metaspace: 35590K(36288K)->35590K(36288K) NonClass: 26380K(26880K)->26380K(26880K) Class: 9209K(9408K)->9209K(9408K)
[848.457s][info][gc             ] GC(2158) Pause Young (Allocation Failure) 689M->476M(685M) 6.046ms
[848.457s][info][gc,cpu         ] GC(2158) User=0.01s Sys=0.00s Real=0.01s
[848.760s][info][gc,start       ] GC(2159) Pause Young (Allocation Failure)
[848.809s][info][gc,heap        ] GC(2159) PSYoungGen: 217056K(217088K)->8192K(264192K) Eden: 213504K(213504K)->0K(256000K) From: 3552K(3584K)->8192K(8192K)
[848.809s][info][gc,heap        ] GC(2159) ParOldGen: 483972K(484352K)->500012K(500224K)
[848.809s][info][gc,metaspace   ] GC(2159) Metaspace: 35590K(36288K)->35590K(36288K) NonClass: 26380K(26880K)->26380K(26880K) Class: 9209K(9408K)->9209K(9408K)
[848.809s][info][gc             ] GC(2159) Pause Young (Allocation Failure) 684M->496M(746M) 49.114ms
[848.809s][info][gc,cpu         ] GC(2159) User=0.08s Sys=0.01s Real=0.05s
[849.177s][info][gc,start       ] GC(2160) Pause Young (Allocation Failure)
[849.232s][info][gc,heap        ] GC(2160) PSYoungGen: 264192K(264192K)->15872K(271872K) Eden: 256000K(256000K)->0K(256000K) From: 8192K(8192K)->15872K(15872K)
[849.232s][info][gc,heap        ] GC(2160) ParOldGen: 500012K(500224K)->513612K(514048K)
[849.232s][info][gc,metaspace   ] GC(2160) Metaspace: 35590K(36288K)->35590K(36288K) NonClass: 26380K(26880K)->26380K(26880K) Class: 9209K(9408K)->9209K(9408K)
[849.232s][info][gc             ] GC(2160) Pause Young (Allocation Failure) 746M->517M(767M) 55.514ms
[849.232s][info][gc,cpu         ] GC(2160) User=0.10s Sys=0.01s Real=0.05s
[849.357s][info][gc,start       ] GC(2161) Pause Young (Allocation Failure)
[849.374s][info][gc,heap        ] GC(2161) PSYoungGen: 271872K(271872K)->5888K(311296K) Eden: 256000K(256000K)->0K(286720K) From: 15872K(15872K)->5888K(24576K)
[849.374s][info][gc,heap        ] GC(2161) ParOldGen: 513612K(514048K)->513980K(514048K)
[849.374s][info][gc,metaspace   ] GC(2161) Metaspace: 35590K(36288K)->35590K(36288K) NonClass: 26380K(26880K)->26380K(26880K) Class: 9209K(9408K)->9209K(9408K)
[849.374s][info][gc             ] GC(2161) Pause Young (Allocation Failure) 767M->507M(806M) 16.439ms
[849.374s][info][gc,cpu         ] GC(2161) User=0.02s Sys=0.01s Real=0.02s
[849.866s][info][gc,start       ] GC(2162) Pause Young (Allocation Failure)
[849.868s][info][gc,heap        ] GC(2162) PSYoungGen: 292608K(311296K)->64K(287232K) Eden: 286720K(286720K)->0K(286720K) From: 5888K(24576K)->64K(512K)
[849.868s][info][gc,heap        ] GC(2162) ParOldGen: 513980K(514048K)->513988K(514048K)
[849.868s][info][gc,metaspace   ] GC(2162) Metaspace: 35590K(36288K)->35590K(36288K) NonClass: 26380K(26880K)->26380K(26880K) Class: 9209K(9408K)->9209K(9408K)
[849.868s][info][gc             ] GC(2162) Pause Young (Allocation Failure) 787M->502M(782M) 1.773ms
[849.868s][info][gc,cpu         ] GC(2162) User=0.01s Sys=0.00s Real=0.00s
[850.366s][info][gc,start       ] GC(2163) Pause Young (Allocation Failure)
[850.368s][info][gc,heap        ] GC(2163) PSYoungGen: 286784K(287232K)->64K(309760K) Eden: 286720K(286720K)->0K(287744K) From: 64K(512K)->64K(22016K)
[850.368s][info][gc,heap        ] GC(2163) ParOldGen: 513988K(514048K)->513996K(514048K)
[850.368s][info][gc,metaspace   ] GC(2163) Metaspace: 35590K(36288K)->35590K(36288K) NonClass: 26380K(26880K)->26380K(26880K) Class: 9209K(9408K)->9209K(9408K)
[850.368s][info][gc             ] GC(2163) Pause Young (Allocation Failure) 782M->502M(804M) 1.741ms
[850.368s][info][gc,cpu         ] GC(2163) User=0.00s Sys=0.00s Real=0.00s
[850.803s][info][gc,start       ] GC(2164) Pause Young (Allocation Failure)
[850.805s][info][gc,heap        ] GC(2164) PSYoungGen: 287808K(309760K)->64K(308736K) Eden: 287744K(287744K)->0K(287744K) From: 64K(22016K)->64K(20992K)
[850.805s][info][gc,heap        ] GC(2164) ParOldGen: 513996K(514048K)->514012K(514048K)
[850.805s][info][gc,metaspace   ] GC(2164) Metaspace: 35590K(36288K)->35590K(36288K) NonClass: 26380K(26880K)->26380K(26880K) Class: 9209K(9408K)->9209K(9408K)
[850.805s][info][gc             ] GC(2164) Pause Young (Allocation Failure) 783M->502M(803M) 1.648ms
[850.805s][info][gc,cpu         ] GC(2164) User=0.00s Sys=0.00s Real=0.00s
[851.041s][info][gc,start       ] GC(2165) Pause Young (Allocation Failure)
[851.043s][info][gc,heap        ] GC(2165) PSYoungGen: 287808K(308736K)->64K(311808K) Eden: 287744K(287744K)->0K(291840K) From: 64K(20992K)->64K(19968K)
[851.043s][info][gc,heap        ] GC(2165) ParOldGen: 514012K(514048K)->514028K(514048K)
[851.043s][info][gc,metaspace   ] GC(2165) Metaspace: 35590K(36288K)->35590K(36288K) NonClass: 26380K(26880K)->26380K(26880K) Class: 9209K(9408K)->9209K(9408K)
[851.043s][info][gc             ] GC(2165) Pause Young (Allocation Failure) 783M->502M(806M) 1.620ms
[851.043s][info][gc,cpu         ] GC(2165) User=0.01s Sys=0.00s Real=0.00s
[851.390s][info][gc,start       ] GC(2166) Pause Young (Allocation Failure)
[851.391s][info][gc,heap        ] GC(2166) PSYoungGen: 291904K(311808K)->64K(311296K) Eden: 291840K(291840K)->0K(291840K) From: 64K(19968K)->64K(19456K)
[851.392s][info][gc,heap        ] GC(2166) ParOldGen: 514028K(514048K)->514028K(514048K)
[851.392s][info][gc,metaspace   ] GC(2166) Metaspace: 35590K(36288K)->35590K(36288K) NonClass: 26380K(26880K)->26380K(26880K) Class: 9209K(9408K)->9209K(9408K)
[851.392s][info][gc             ] GC(2166) Pause Young (Allocation Failure) 787M->502M(806M) 1.602ms
[851.392s][info][gc,cpu         ] GC(2166) User=0.00s Sys=0.00s Real=0.00s
[851.541s][info][gc,start       ] GC(2167) Pause Young (Allocation Failure)
[851.543s][info][gc,heap        ] GC(2167) PSYoungGen: 291904K(311296K)->64K(313344K) Eden: 291840K(291840K)->0K(294912K) From: 64K(19456K)->64K(18432K)
[851.543s][info][gc,heap        ] GC(2167) ParOldGen: 514028K(514048K)->514036K(514048K)
[851.543s][info][gc,metaspace   ] GC(2167) Metaspace: 35590K(36288K)->35590K(36288K) NonClass: 26380K(26880K)->26380K(26880K) Class: 9209K(9408K)->9209K(9408K)
[851.543s][info][gc             ] GC(2167) Pause Young (Allocation Failure) 787M->502M(808M) 1.572ms
[851.543s][info][gc,cpu         ] GC(2167) User=0.00s Sys=0.01s Real=0.00s
[851.595s][info][gc,start       ] GC(2168) Pause Young (Allocation Failure)
[851.597s][info][gc,heap        ] GC(2168) PSYoungGen: 294976K(313344K)->64K(312832K) Eden: 294912K(294912K)->0K(294912K) From: 64K(18432K)->64K(17920K)
[851.597s][info][gc,heap        ] GC(2168) ParOldGen: 514036K(514048K)->514052K(514560K)
[851.597s][info][gc,metaspace   ] GC(2168) Metaspace: 35590K(36288K)->35590K(36288K) NonClass: 26380K(26880K)->26380K(26880K) Class: 9209K(9408K)->9209K(9408K)
[851.597s][info][gc             ] GC(2168) Pause Young (Allocation Failure) 790M->502M(808M) 1.542ms
[851.597s][info][gc,cpu         ] GC(2168) User=0.01s Sys=0.00s Real=0.00s
[851.748s][info][gc,start       ] GC(2169) Pause Young (Allocation Failure)
[851.750s][info][gc,heap        ] GC(2169) PSYoungGen: 294976K(312832K)->64K(314880K) Eden: 294912K(294912K)->0K(298496K) From: 64K(17920K)->64K(16384K)
[851.750s][info][gc,heap        ] GC(2169) ParOldGen: 514052K(514560K)->514052K(514560K)
[851.750s][info][gc,metaspace   ] GC(2169) Metaspace: 35590K(36288K)->35590K(36288K) NonClass: 26380K(26880K)->26380K(26880K) Class: 9209K(9408K)->9209K(9408K)
[851.750s][info][gc             ] GC(2169) Pause Young (Allocation Failure) 790M->502M(810M) 1.440ms
[851.750s][info][gc,cpu         ] GC(2169) User=0.00s Sys=0.00s Real=0.00s
[852.061s][info][gc,start       ] GC(2170) Pause Young (Allocation Failure)
[852.062s][info][gc,heap        ] GC(2170) PSYoungGen: 298560K(314880K)->64K(314368K) Eden: 298496K(298496K)->0K(298496K) From: 64K(16384K)->64K(15872K)
[852.063s][info][gc,heap        ] GC(2170) ParOldGen: 514052K(514560K)->514060K(514560K)
[852.063s][info][gc,metaspace   ] GC(2170) Metaspace: 35590K(36288K)->35590K(36288K) NonClass: 26380K(26880K)->26380K(26880K) Class: 9209K(9408K)->9209K(9408K)
[852.063s][info][gc             ] GC(2170) Pause Young (Allocation Failure) 793M->502M(809M) 1.636ms
[852.063s][info][gc,cpu         ] GC(2170) User=0.00s Sys=0.00s Real=0.00s
[852.225s][info][gc,start       ] GC(2171) Pause Young (Allocation Failure)
[852.226s][info][gc,heap        ] GC(2171) PSYoungGen: 298560K(314368K)->64K(316928K) Eden: 298496K(298496K)->0K(302080K) From: 64K(15872K)->64K(14848K)
[852.226s][info][gc,heap        ] GC(2171) ParOldGen: 514060K(514560K)->514068K(514560K)
[852.226s][info][gc,metaspace   ] GC(2171) Metaspace: 35590K(36288K)->35590K(36288K) NonClass: 26380K(26880K)->26380K(26880K) Class: 9209K(9408K)->9209K(9408K)
[852.226s][info][gc             ] GC(2171) Pause Young (Allocation Failure) 793M->502M(812M) 1.522ms
[852.226s][info][gc,cpu         ] GC(2171) User=0.00s Sys=0.00s Real=0.00s
[852.313s][info][gc,start       ] GC(2172) Pause Young (Allocation Failure)
[852.314s][info][gc,heap        ] GC(2172) PSYoungGen: 302144K(316928K)->64K(316416K) Eden: 302080K(302080K)->0K(302080K) From: 64K(14848K)->64K(14336K)
[852.314s][info][gc,heap        ] GC(2172) ParOldGen: 514068K(514560K)->514076K(514560K)
[852.314s][info][gc,metaspace   ] GC(2172) Metaspace: 35590K(36288K)->35590K(36288K) NonClass: 26380K(26880K)->26380K(26880K) Class: 9209K(9408K)->9209K(9408K)
[852.314s][info][gc             ] GC(2172) Pause Young (Allocation Failure) 797M->502M(811M) 1.589ms
[852.314s][info][gc,cpu         ] GC(2172) User=0.00s Sys=0.00s Real=0.01s
[852.502s][info][gc,start       ] GC(2173) Pause Young (Allocation Failure)
[852.504s][info][gc,heap        ] GC(2173) PSYoungGen: 302144K(316416K)->64K(318464K) Eden: 302080K(302080K)->0K(305152K) From: 64K(14336K)->64K(13312K)
[852.504s][info][gc,heap        ] GC(2173) ParOldGen: 514076K(514560K)->514084K(514560K)
[852.504s][info][gc,metaspace   ] GC(2173) Metaspace: 35590K(36288K)->35590K(36288K) NonClass: 26380K(26880K)->26380K(26880K) Class: 9209K(9408K)->9209K(9408K)
[852.504s][info][gc             ] GC(2173) Pause Young (Allocation Failure) 797M->502M(813M) 1.537ms
[852.504s][info][gc,cpu         ] GC(2173) User=0.01s Sys=0.00s Real=0.01s
[853.394s][info][gc,start       ] GC(2174) Pause Young (Allocation Failure)
[853.396s][info][gc,heap        ] GC(2174) PSYoungGen: 305216K(318464K)->64K(317952K) Eden: 305152K(305152K)->0K(305152K) From: 64K(13312K)->64K(12800K)
[853.396s][info][gc,heap        ] GC(2174) ParOldGen: 514084K(514560K)->514092K(514560K)
[853.396s][info][gc,metaspace   ] GC(2174) Metaspace: 35590K(36288K)->35590K(36288K) NonClass: 26380K(26880K)->26380K(26880K) Class: 9209K(9408K)->9209K(9408K)
[853.396s][info][gc             ] GC(2174) Pause Young (Allocation Failure) 800M->502M(813M) 1.706ms
[853.396s][info][gc,cpu         ] GC(2174) User=0.01s Sys=0.00s Real=0.00s
[854.251s][info][gc,start       ] GC(2175) Pause Young (Allocation Failure)
[854.252s][info][gc,heap        ] GC(2175) PSYoungGen: 305216K(317952K)->64K(293376K) Eden: 305152K(305152K)->0K(292864K) From: 64K(12800K)->64K(512K)
[854.252s][info][gc,heap        ] GC(2175) ParOldGen: 514092K(514560K)->514100K(514560K)
[854.253s][info][gc,metaspace   ] GC(2175) Metaspace: 35590K(36288K)->35590K(36288K) NonClass: 26380K(26880K)->26380K(26880K) Class: 9209K(9408K)->9209K(9408K)
[854.253s][info][gc             ] GC(2175) Pause Young (Allocation Failure) 800M->502M(789M) 1.572ms
[854.253s][info][gc,cpu         ] GC(2175) User=0.00s Sys=0.00s Real=0.00s
[854.714s][info][gc,start       ] GC(2176) Pause Young (Allocation Failure)
[854.715s][info][gc,heap        ] GC(2176) PSYoungGen: 292928K(293376K)->64K(292352K) Eden: 292864K(292864K)->0K(281088K) From: 64K(512K)->64K(11264K)
[854.715s][info][gc,heap        ] GC(2176) ParOldGen: 514100K(514560K)->514108K(514560K)
[854.715s][info][gc,metaspace   ] GC(2176) Metaspace: 35590K(36288K)->35590K(36288K) NonClass: 26380K(26880K)->26380K(26880K) Class: 9209K(9408K)->9209K(9408K)
[854.715s][info][gc             ] GC(2176) Pause Young (Allocation Failure) 788M->502M(788M) 1.511ms
[854.715s][info][gc,cpu         ] GC(2176) User=0.00s Sys=0.00s Real=0.00s
[855.700s][info][gc,start       ] GC(2177) Pause Young (Allocation Failure)
[855.702s][info][gc,heap        ] GC(2177) PSYoungGen: 281152K(292352K)->64K(270336K) Eden: 281088K(281088K)->0K(269824K) From: 64K(11264K)->64K(512K)
[855.702s][info][gc,heap        ] GC(2177) ParOldGen: 514108K(514560K)->514116K(514560K)
[855.702s][info][gc,metaspace   ] GC(2177) Metaspace: 35590K(36288K)->35590K(36288K) NonClass: 26380K(26880K)->26380K(26880K) Class: 9209K(9408K)->9209K(9408K)
[855.702s][info][gc             ] GC(2177) Pause Young (Allocation Failure) 776M->502M(766M) 2.004ms
[855.702s][info][gc,cpu         ] GC(2177) User=0.00s Sys=0.01s Real=0.00s
[856.095s][info][gc,start       ] GC(2178) Pause Young (Allocation Failure)
[856.097s][info][gc,heap        ] GC(2178) PSYoungGen: 269888K(270336K)->64K(269312K) Eden: 269824K(269824K)->0K(259584K) From: 64K(512K)->64K(9728K)
[856.097s][info][gc,heap        ] GC(2178) ParOldGen: 514116K(514560K)->514124K(514560K)
[856.097s][info][gc,metaspace   ] GC(2178) Metaspace: 35590K(36288K)->35590K(36288K) NonClass: 26380K(26880K)->26380K(26880K) Class: 9209K(9408K)->9209K(9408K)
[856.097s][info][gc             ] GC(2178) Pause Young (Allocation Failure) 765M->502M(765M) 1.608ms
[856.097s][info][gc,cpu         ] GC(2178) User=0.00s Sys=0.00s Real=0.00s
[856.255s][info][gc,start       ] GC(2179) Pause Young (Allocation Failure)
[856.258s][info][gc,heap        ] GC(2179) PSYoungGen: 259648K(269312K)->64K(249856K) Eden: 259584K(259584K)->0K(249344K) From: 64K(9728K)->64K(512K)
[856.258s][info][gc,heap        ] GC(2179) ParOldGen: 514124K(514560K)->514140K(514560K)
[856.258s][info][gc,metaspace   ] GC(2179) Metaspace: 35590K(36288K)->35590K(36288K) NonClass: 26380K(26880K)->26380K(26880K) Class: 9209K(9408K)->9209K(9408K)
[856.258s][info][gc             ] GC(2179) Pause Young (Allocation Failure) 755M->502M(746M) 2.935ms
[856.258s][info][gc,cpu         ] GC(2179) User=0.00s Sys=0.00s Real=0.00s
[856.509s][info][gc,start       ] GC(2180) Pause Young (Allocation Failure)
[856.511s][info][gc,heap        ] GC(2180) PSYoungGen: 249408K(249856K)->64K(247808K) Eden: 249344K(249344K)->0K(239616K) From: 64K(512K)->64K(8192K)
[856.511s][info][gc,heap        ] GC(2180) ParOldGen: 514140K(514560K)->514156K(514560K)
[856.511s][info][gc,metaspace   ] GC(2180) Metaspace: 35590K(36288K)->35590K(36288K) NonClass: 26380K(26880K)->26380K(26880K) Class: 9209K(9408K)->9209K(9408K)
[856.511s][info][gc             ] GC(2180) Pause Young (Allocation Failure) 745M->502M(744M) 2.517ms
[856.511s][info][gc,cpu         ] GC(2180) User=0.01s Sys=0.00s Real=0.00s
[856.939s][info][gc,start       ] GC(2181) Pause Young (Allocation Failure)
[856.942s][info][gc,heap        ] GC(2181) PSYoungGen: 239680K(247808K)->64K(230912K) Eden: 239616K(239616K)->0K(230400K) From: 64K(8192K)->64K(512K)
[856.942s][info][gc,heap        ] GC(2181) ParOldGen: 514156K(514560K)->514172K(514560K)
[856.942s][info][gc,metaspace   ] GC(2181) Metaspace: 35590K(36288K)->35590K(36288K) NonClass: 26380K(26880K)->26380K(26880K) Class: 9209K(9408K)->9209K(9408K)
[856.942s][info][gc             ] GC(2181) Pause Young (Allocation Failure) 736M->502M(728M) 3.166ms
[856.942s][info][gc,cpu         ] GC(2181) User=0.01s Sys=0.00s Real=0.00s
[857.259s][info][gc,start       ] GC(2182) Pause Young (Allocation Failure)
[857.261s][info][gc,heap        ] GC(2182) PSYoungGen: 230464K(230912K)->64K(228864K) Eden: 230400K(230400K)->0K(221696K) From: 64K(512K)->64K(7168K)
[857.261s][info][gc,heap        ] GC(2182) ParOldGen: 514172K(514560K)->514188K(514560K)
[857.261s][info][gc,metaspace   ] GC(2182) Metaspace: 35590K(36288K)->35590K(36288K) NonClass: 26380K(26880K)->26380K(26880K) Class: 9209K(9408K)->9209K(9408K)
[857.261s][info][gc             ] GC(2182) Pause Young (Allocation Failure) 727M->502M(726M) 2.422ms
[857.261s][info][gc,cpu         ] GC(2182) User=0.00s Sys=0.00s Real=0.00s
[857.582s][info][gc,start       ] GC(2183) Pause Young (Allocation Failure)
[857.633s][info][gc,heap        ] GC(2183) PSYoungGen: 221760K(228864K)->6656K(272384K) Eden: 221696K(221696K)->0K(265728K) From: 64K(7168K)->6656K(6656K)
[857.633s][info][gc,heap        ] GC(2183) ParOldGen: 514188K(514560K)->532380K(532480K)
[857.633s][info][gc,metaspace   ] GC(2183) Metaspace: 35590K(36288K)->35590K(36288K) NonClass: 26380K(26880K)->26380K(26880K) Class: 9209K(9408K)->9209K(9408K)
[857.633s][info][gc             ] GC(2183) Pause Young (Allocation Failure) 718M->526M(786M) 51.338ms
[857.633s][info][gc,cpu         ] GC(2183) User=0.09s Sys=0.01s Real=0.06s
[858.015s][info][gc,start       ] GC(2184) Pause Young (Allocation Failure)
[858.074s][info][gc,heap        ] GC(2184) PSYoungGen: 272384K(272384K)->15360K(281088K) Eden: 265728K(265728K)->0K(265728K) From: 6656K(6656K)->15360K(15360K)
[858.075s][info][gc,heap        ] GC(2184) ParOldGen: 532380K(532480K)->547660K(547840K)
[858.075s][info][gc,metaspace   ] GC(2184) Metaspace: 35590K(36288K)->35590K(36288K) NonClass: 26380K(26880K)->26380K(26880K) Class: 9209K(9408K)->9209K(9408K)
[858.075s][info][gc             ] GC(2184) Pause Young (Allocation Failure) 785M->549M(809M) 60.024ms
[858.075s][info][gc,cpu         ] GC(2184) User=0.10s Sys=0.01s Real=0.06s
[858.222s][info][gc,start       ] GC(2185) Pause Young (Allocation Failure)
[858.242s][info][gc,heap        ] GC(2185) PSYoungGen: 281088K(281088K)->7680K(310784K) Eden: 265728K(265728K)->0K(286720K) From: 15360K(15360K)->7680K(24064K)
[858.242s][info][gc,heap        ] GC(2185) ParOldGen: 547660K(547840K)->548068K(548352K)
[858.242s][info][gc,metaspace   ] GC(2185) Metaspace: 35590K(36288K)->35590K(36288K) NonClass: 26380K(26880K)->26380K(26880K) Class: 9209K(9408K)->9209K(9408K)
[858.242s][info][gc             ] GC(2185) Pause Young (Allocation Failure) 809M->542M(839M) 20.565ms
[858.242s][info][gc,cpu         ] GC(2185) User=0.03s Sys=0.01s Real=0.02s
[858.713s][info][gc,start       ] GC(2186) Pause Young (Allocation Failure)
[858.715s][info][gc,heap        ] GC(2186) PSYoungGen: 294400K(310784K)->64K(287232K) Eden: 286720K(286720K)->0K(286720K) From: 7680K(24064K)->64K(512K)
[858.715s][info][gc,heap        ] GC(2186) ParOldGen: 548068K(548352K)->548076K(548352K)
[858.715s][info][gc,metaspace   ] GC(2186) Metaspace: 35590K(36288K)->35590K(36288K) NonClass: 26380K(26880K)->26380K(26880K) Class: 9209K(9408K)->9209K(9408K)
[858.715s][info][gc             ] GC(2186) Pause Young (Allocation Failure) 822M->535M(816M) 1.706ms
[858.715s][info][gc,cpu         ] GC(2186) User=0.01s Sys=0.00s Real=0.01s
[859.223s][info][gc,start       ] GC(2187) Pause Young (Allocation Failure)
[859.225s][info][gc,heap        ] GC(2187) PSYoungGen: 286784K(287232K)->64K(310272K) Eden: 286720K(286720K)->0K(287744K) From: 64K(512K)->64K(22528K)
[859.225s][info][gc,heap        ] GC(2187) ParOldGen: 548076K(548352K)->548084K(548352K)
[859.225s][info][gc,metaspace   ] GC(2187) Metaspace: 35590K(36288K)->35590K(36288K) NonClass: 26380K(26880K)->26380K(26880K) Class: 9209K(9408K)->9209K(9408K)
[859.225s][info][gc             ] GC(2187) Pause Young (Allocation Failure) 815M->535M(838M) 1.717ms
[859.225s][info][gc,cpu         ] GC(2187) User=0.01s Sys=0.00s Real=0.00s
[859.661s][info][gc,start       ] GC(2188) Pause Young (Allocation Failure)
[859.663s][info][gc,heap        ] GC(2188) PSYoungGen: 287808K(310272K)->64K(309248K) Eden: 287744K(287744K)->0K(287744K) From: 64K(22528K)->64K(21504K)
[859.663s][info][gc,heap        ] GC(2188) ParOldGen: 548084K(548352K)->548100K(548352K)
[859.663s][info][gc,metaspace   ] GC(2188) Metaspace: 35590K(36288K)->35590K(36288K) NonClass: 26380K(26880K)->26380K(26880K) Class: 9209K(9408K)->9209K(9408K)
[859.663s][info][gc             ] GC(2188) Pause Young (Allocation Failure) 816M->535M(837M) 1.661ms
[859.663s][info][gc,cpu         ] GC(2188) User=0.00s Sys=0.00s Real=0.00s
[859.914s][info][gc,start       ] GC(2189) Pause Young (Allocation Failure)
[859.916s][info][gc,heap        ] GC(2189) PSYoungGen: 287808K(309248K)->64K(311296K) Eden: 287744K(287744K)->0K(290816K) From: 64K(21504K)->64K(20480K)
[859.916s][info][gc,heap        ] GC(2189) ParOldGen: 548100K(548352K)->548116K(548352K)
[859.916s][info][gc,metaspace   ] GC(2189) Metaspace: 35590K(36288K)->35590K(36288K) NonClass: 26380K(26880K)->26380K(26880K) Class: 9209K(9408K)->9209K(9408K)
[859.916s][info][gc             ] GC(2189) Pause Young (Allocation Failure) 816M->535M(839M) 1.760ms
[859.916s][info][gc,cpu         ] GC(2189) User=0.00s Sys=0.00s Real=0.00s
[860.260s][info][gc,start       ] GC(2190) Pause Young (Allocation Failure)
[860.262s][info][gc,heap        ] GC(2190) PSYoungGen: 290880K(311296K)->64K(310784K) Eden: 290816K(290816K)->0K(290816K) From: 64K(20480K)->64K(19968K)
[860.262s][info][gc,heap        ] GC(2190) ParOldGen: 548116K(548352K)->548116K(548352K)
[860.262s][info][gc,metaspace   ] GC(2190) Metaspace: 35590K(36288K)->35590K(36288K) NonClass: 26380K(26880K)->26380K(26880K) Class: 9209K(9408K)->9209K(9408K)
[860.262s][info][gc             ] GC(2190) Pause Young (Allocation Failure) 819M->535M(839M) 1.559ms
[860.262s][info][gc,cpu         ] GC(2190) User=0.00s Sys=0.00s Real=0.00s
[860.418s][info][gc,start       ] GC(2191) Pause Young (Allocation Failure)
[860.420s][info][gc,heap        ] GC(2191) PSYoungGen: 290880K(310784K)->64K(312832K) Eden: 290816K(290816K)->0K(294400K) From: 64K(19968K)->64K(18432K)
[860.420s][info][gc,heap        ] GC(2191) ParOldGen: 548116K(548352K)->548124K(548352K)
[860.420s][info][gc,metaspace   ] GC(2191) Metaspace: 35590K(36288K)->35590K(36288K) NonClass: 26380K(26880K)->26380K(26880K) Class: 9209K(9408K)->9209K(9408K)
[860.420s][info][gc             ] GC(2191) Pause Young (Allocation Failure) 819M->535M(841M) 1.455ms
[860.420s][info][gc,cpu         ] GC(2191) User=0.01s Sys=0.00s Real=0.00s
[860.470s][info][gc,start       ] GC(2192) Pause Young (Allocation Failure)
[860.471s][info][gc,heap        ] GC(2192) PSYoungGen: 294464K(312832K)->64K(312320K) Eden: 294400K(294400K)->0K(294400K) From: 64K(18432K)->64K(17920K)
[860.471s][info][gc,heap        ] GC(2192) ParOldGen: 548124K(548352K)->548140K(548352K)
[860.471s][info][gc,metaspace   ] GC(2192) Metaspace: 35590K(36288K)->35590K(36288K) NonClass: 26380K(26880K)->26380K(26880K) Class: 9209K(9408K)->9209K(9408K)
[860.471s][info][gc             ] GC(2192) Pause Young (Allocation Failure) 822M->535M(840M) 1.437ms
[860.471s][info][gc,cpu         ] GC(2192) User=0.00s Sys=0.00s Real=0.00s
[860.615s][info][gc,start       ] GC(2193) Pause Young (Allocation Failure)
[860.616s][info][gc,heap        ] GC(2193) PSYoungGen: 294464K(312320K)->64K(314880K) Eden: 294400K(294400K)->0K(298496K) From: 64K(17920K)->64K(16384K)
[860.616s][info][gc,heap        ] GC(2193) ParOldGen: 548140K(548352K)->548140K(548352K)
[860.616s][info][gc,metaspace   ] GC(2193) Metaspace: 35590K(36288K)->35590K(36288K) NonClass: 26380K(26880K)->26380K(26880K) Class: 9209K(9408K)->9209K(9408K)
[860.616s][info][gc             ] GC(2193) Pause Young (Allocation Failure) 822M->535M(843M) 1.444ms
[860.616s][info][gc,cpu         ] GC(2193) User=0.00s Sys=0.00s Real=0.00s
[860.929s][info][gc,start       ] GC(2194) Pause Young (Allocation Failure)
[860.931s][info][gc,heap        ] GC(2194) PSYoungGen: 298560K(314880K)->64K(314880K) Eden: 298496K(298496K)->0K(298496K) From: 64K(16384K)->64K(16384K)
[860.931s][info][gc,heap        ] GC(2194) ParOldGen: 548140K(548352K)->548148K(548352K)
[860.931s][info][gc,metaspace   ] GC(2194) Metaspace: 35590K(36288K)->35590K(36288K) NonClass: 26380K(26880K)->26380K(26880K) Class: 9209K(9408K)->9209K(9408K)
[860.931s][info][gc             ] GC(2194) Pause Young (Allocation Failure) 826M->535M(843M) 1.586ms
[860.931s][info][gc,cpu         ] GC(2194) User=0.01s Sys=0.00s Real=0.00s
[861.097s][info][gc,start       ] GC(2195) Pause Young (Allocation Failure)
[861.099s][info][gc,heap        ] GC(2195) PSYoungGen: 298560K(314880K)->64K(316416K) Eden: 298496K(298496K)->0K(302080K) From: 64K(16384K)->64K(14336K)
[861.099s][info][gc,heap        ] GC(2195) ParOldGen: 548148K(548352K)->548156K(548352K)
[861.099s][info][gc,metaspace   ] GC(2195) Metaspace: 35590K(36288K)->35590K(36288K) NonClass: 26380K(26880K)->26380K(26880K) Class: 9209K(9408K)->9209K(9408K)
[861.099s][info][gc             ] GC(2195) Pause Young (Allocation Failure) 826M->535M(844M) 1.480ms
[861.099s][info][gc,cpu         ] GC(2195) User=0.01s Sys=0.00s Real=0.00s
[861.182s][info][gc,start       ] GC(2196) Pause Young (Allocation Failure)
[861.184s][info][gc,heap        ] GC(2196) PSYoungGen: 302144K(316416K)->64K(316416K) Eden: 302080K(302080K)->0K(302080K) From: 64K(14336K)->64K(14336K)
[861.184s][info][gc,heap        ] GC(2196) ParOldGen: 548156K(548352K)->548172K(548352K)
[861.184s][info][gc,metaspace   ] GC(2196) Metaspace: 35590K(36288K)->35590K(36288K) NonClass: 26380K(26880K)->26380K(26880K) Class: 9209K(9408K)->9209K(9408K)
[861.184s][info][gc             ] GC(2196) Pause Young (Allocation Failure) 830M->535M(844M) 1.582ms
[861.184s][info][gc,cpu         ] GC(2196) User=0.00s Sys=0.00s Real=0.01s
[861.372s][info][gc,start       ] GC(2197) Pause Young (Allocation Failure)
[861.373s][info][gc,heap        ] GC(2197) PSYoungGen: 302144K(316416K)->64K(317952K) Eden: 302080K(302080K)->0K(305664K) From: 64K(14336K)->64K(12288K)
[861.373s][info][gc,heap        ] GC(2197) ParOldGen: 548172K(548352K)->548172K(548352K)
[861.373s][info][gc,metaspace   ] GC(2197) Metaspace: 35590K(36288K)->35590K(36288K) NonClass: 26380K(26880K)->26380K(26880K) Class: 9209K(9408K)->9209K(9408K)
[861.373s][info][gc             ] GC(2197) Pause Young (Allocation Failure) 830M->535M(846M) 1.511ms
[861.373s][info][gc,cpu         ] GC(2197) User=0.00s Sys=0.00s Real=0.01s
[862.274s][info][gc,start       ] GC(2198) Pause Young (Allocation Failure)
[862.276s][info][gc,heap        ] GC(2198) PSYoungGen: 305728K(317952K)->83K(318464K) Eden: 305664K(305664K)->0K(305664K) From: 64K(12288K)->83K(12800K)
[862.276s][info][gc,heap        ] GC(2198) ParOldGen: 548172K(548352K)->548180K(548352K)
[862.276s][info][gc,metaspace   ] GC(2198) Metaspace: 35590K(36288K)->35590K(36288K) NonClass: 26380K(26880K)->26380K(26880K) Class: 9209K(9408K)->9209K(9408K)
[862.276s][info][gc             ] GC(2198) Pause Young (Allocation Failure) 833M->535M(846M) 1.609ms
[862.276s][info][gc,cpu         ] GC(2198) User=0.00s Sys=0.00s Real=0.00s
[863.123s][info][gc,start       ] GC(2199) Pause Young (Allocation Failure)
[863.124s][info][gc,heap        ] GC(2199) PSYoungGen: 305747K(318464K)->64K(293888K) Eden: 305664K(305664K)->0K(293376K) From: 83K(12800K)->64K(512K)
[863.125s][info][gc,heap        ] GC(2199) ParOldGen: 548180K(548352K)->548188K(548352K)
[863.125s][info][gc,metaspace   ] GC(2199) Metaspace: 35590K(36288K)->35590K(36288K) NonClass: 26380K(26880K)->26380K(26880K) Class: 9209K(9408K)->9209K(9408K)
[863.125s][info][gc             ] GC(2199) Pause Young (Allocation Failure) 833M->535M(822M) 1.639ms
[863.125s][info][gc,cpu         ] GC(2199) User=0.00s Sys=0.00s Real=0.01s
[863.580s][info][gc,start       ] GC(2200) Pause Young (Allocation Failure)
[863.581s][info][gc,heap        ] GC(2200) PSYoungGen: 293440K(293888K)->64K(292864K) Eden: 293376K(293376K)->0K(281600K) From: 64K(512K)->64K(11264K)
[863.581s][info][gc,heap        ] GC(2200) ParOldGen: 548188K(548352K)->548196K(548352K)
[863.581s][info][gc,metaspace   ] GC(2200) Metaspace: 35590K(36288K)->35590K(36288K) NonClass: 26380K(26880K)->26380K(26880K) Class: 9209K(9408K)->9209K(9408K)
[863.581s][info][gc             ] GC(2200) Pause Young (Allocation Failure) 821M->535M(821M) 1.534ms
[863.581s][info][gc,cpu         ] GC(2200) User=0.01s Sys=0.00s Real=0.00s
[864.576s][info][gc,start       ] GC(2201) Pause Young (Allocation Failure)
[864.578s][info][gc,heap        ] GC(2201) PSYoungGen: 281664K(292864K)->64K(270848K) Eden: 281600K(281600K)->0K(270336K) From: 64K(11264K)->64K(512K)
[864.578s][info][gc,heap        ] GC(2201) ParOldGen: 548196K(548352K)->548204K(548352K)
[864.578s][info][gc,metaspace   ] GC(2201) Metaspace: 35590K(36288K)->35590K(36288K) NonClass: 26380K(26880K)->26380K(26880K) Class: 9209K(9408K)->9209K(9408K)
[864.578s][info][gc             ] GC(2201) Pause Young (Allocation Failure) 810M->535M(800M) 2.056ms
[864.578s][info][gc,cpu         ] GC(2201) User=0.00s Sys=0.00s Real=0.00s
[864.974s][info][gc,start       ] GC(2202) Pause Young (Allocation Failure)
[864.976s][info][gc,heap        ] GC(2202) PSYoungGen: 270400K(270848K)->64K(269312K) Eden: 270336K(270336K)->0K(259584K) From: 64K(512K)->64K(9728K)
[864.976s][info][gc,heap        ] GC(2202) ParOldGen: 548204K(548352K)->548212K(548352K)
[864.976s][info][gc,metaspace   ] GC(2202) Metaspace: 35590K(36288K)->35590K(36288K) NonClass: 26380K(26880K)->26380K(26880K) Class: 9209K(9408K)->9209K(9408K)
[864.976s][info][gc             ] GC(2202) Pause Young (Allocation Failure) 799M->535M(798M) 2.006ms
[864.976s][info][gc,cpu         ] GC(2202) User=0.01s Sys=0.00s Real=0.00s
[865.145s][info][gc,start       ] GC(2203) Pause Young (Allocation Failure)
[865.149s][info][gc,heap        ] GC(2203) PSYoungGen: 259648K(269312K)->64K(249856K) Eden: 259584K(259584K)->0K(249344K) From: 64K(9728K)->64K(512K)
[865.149s][info][gc,heap        ] GC(2203) ParOldGen: 548212K(548352K)->548220K(548352K)
[865.149s][info][gc,metaspace   ] GC(2203) Metaspace: 35590K(36288K)->35590K(36288K) NonClass: 26380K(26880K)->26380K(26880K) Class: 9209K(9408K)->9209K(9408K)
[865.149s][info][gc             ] GC(2203) Pause Young (Allocation Failure) 788M->535M(779M) 3.729ms
[865.149s][info][gc,cpu         ] GC(2203) User=0.01s Sys=0.00s Real=0.00s
[865.385s][info][gc,start       ] GC(2204) Pause Young (Allocation Failure)
[865.388s][info][gc,heap        ] GC(2204) PSYoungGen: 249408K(249856K)->64K(293376K) Eden: 249344K(249344K)->0K(284672K) From: 64K(512K)->64K(8704K)
[865.388s][info][gc,heap        ] GC(2204) ParOldGen: 548220K(548352K)->548228K(548352K)
[865.388s][info][gc,metaspace   ] GC(2204) Metaspace: 35590K(36288K)->35590K(36288K) NonClass: 26380K(26880K)->26380K(26880K) Class: 9209K(9408K)->9209K(9408K)
[865.388s][info][gc             ] GC(2204) Pause Young (Allocation Failure) 778M->535M(822M) 2.973ms
[865.388s][info][gc,cpu         ] GC(2204) User=0.00s Sys=0.00s Real=0.00s
[865.843s][info][gc,start       ] GC(2205) Pause Young (Allocation Failure)
[865.846s][info][gc,heap        ] GC(2205) PSYoungGen: 284736K(293376K)->64K(273920K) Eden: 284672K(284672K)->0K(273408K) From: 64K(8704K)->64K(512K)
[865.846s][info][gc,heap        ] GC(2205) ParOldGen: 548228K(548352K)->548236K(548352K)
[865.846s][info][gc,metaspace   ] GC(2205) Metaspace: 35590K(36288K)->35590K(36288K) NonClass: 26380K(26880K)->26380K(26880K) Class: 9209K(9408K)->9209K(9408K)
[865.846s][info][gc             ] GC(2205) Pause Young (Allocation Failure) 813M->535M(803M) 2.813ms
[865.846s][info][gc,cpu         ] GC(2205) User=0.00s Sys=0.00s Real=0.01s
[866.273s][info][gc,start       ] GC(2206) Pause Young (Allocation Failure)
[866.290s][info][gc,heap        ] GC(2206) PSYoungGen: 273472K(273920K)->7680K(296448K) Eden: 273408K(273408K)->0K(288768K) From: 64K(512K)->7680K(7680K)
[866.290s][info][gc,heap        ] GC(2206) ParOldGen: 548236K(548352K)->549484K(549888K)
[866.290s][info][gc,metaspace   ] GC(2206) Metaspace: 35590K(36288K)->35590K(36288K) NonClass: 26380K(26880K)->26380K(26880K) Class: 9209K(9408K)->9209K(9408K)
[866.290s][info][gc             ] GC(2206) Pause Young (Allocation Failure) 802M->544M(826M) 17.067ms
[866.290s][info][gc,cpu         ] GC(2206) User=0.02s Sys=0.00s Real=0.01s
[866.717s][info][gc,start       ] GC(2207) Pause Young (Allocation Failure)
[866.791s][info][gc,heap        ] GC(2207) PSYoungGen: 296448K(296448K)->9728K(302592K) Eden: 288768K(288768K)->0K(292864K) From: 7680K(7680K)->9728K(9728K)
[866.791s][info][gc,heap        ] GC(2207) ParOldGen: 549484K(549888K)->572556K(572928K)
[866.791s][info][gc,metaspace   ] GC(2207) Metaspace: 35590K(36288K)->35590K(36288K) NonClass: 26380K(26880K)->26380K(26880K) Class: 9209K(9408K)->9209K(9408K)
[866.791s][info][gc             ] GC(2207) Pause Young (Allocation Failure) 826M->568M(855M) 73.946ms
[866.791s][info][gc,cpu         ] GC(2207) User=0.12s Sys=0.02s Real=0.07s
[867.092s][info][gc,start       ] GC(2208) Pause Young (Allocation Failure)
[867.137s][info][gc,heap        ] GC(2208) PSYoungGen: 302592K(302592K)->20480K(313344K) Eden: 292864K(292864K)->0K(292864K) From: 9728K(9728K)->20480K(20480K)
[867.137s][info][gc,heap        ] GC(2208) ParOldGen: 572556K(572928K)->573636K(573952K)
[867.137s][info][gc,metaspace   ] GC(2208) Metaspace: 35590K(36288K)->35590K(36288K) NonClass: 26380K(26880K)->26380K(26880K) Class: 9209K(9408K)->9209K(9408K)
[867.137s][info][gc             ] GC(2208) Pause Young (Allocation Failure) 854M->580M(866M) 45.837ms
[867.137s][info][gc,cpu         ] GC(2208) User=0.08s Sys=0.01s Real=0.05s
[867.442s][info][gc,start       ] GC(2209) Pause Young (Allocation Failure)
[867.444s][info][gc,heap        ] GC(2209) PSYoungGen: 313344K(313344K)->64K(305152K) Eden: 292864K(292864K)->0K(284672K) From: 20480K(20480K)->64K(20480K)
[867.445s][info][gc,heap        ] GC(2209) ParOldGen: 573636K(573952K)->573652K(573952K)
[867.445s][info][gc,metaspace   ] GC(2209) Metaspace: 35590K(36288K)->35590K(36288K) NonClass: 26380K(26880K)->26380K(26880K) Class: 9209K(9408K)->9209K(9408K)
[867.445s][info][gc             ] GC(2209) Pause Young (Allocation Failure) 866M->560M(858M) 2.169ms
[867.445s][info][gc,cpu         ] GC(2209) User=0.00s Sys=0.00s Real=0.01s
[868.064s][info][gc,start       ] GC(2210) Pause Young (Allocation Failure)
[868.066s][info][gc,heap        ] GC(2210) PSYoungGen: 284736K(305152K)->64K(309248K) Eden: 284672K(284672K)->0K(284672K) From: 64K(20480K)->64K(24576K)
[868.066s][info][gc,heap        ] GC(2210) ParOldGen: 573652K(573952K)->573660K(573952K)
[868.066s][info][gc,metaspace   ] GC(2210) Metaspace: 35590K(36288K)->35590K(36288K) NonClass: 26380K(26880K)->26380K(26880K) Class: 9209K(9408K)->9209K(9408K)
[868.066s][info][gc             ] GC(2210) Pause Young (Allocation Failure) 838M->560M(862M) 1.698ms
[868.066s][info][gc,cpu         ] GC(2210) User=0.00s Sys=0.00s Real=0.00s
[868.516s][info][gc,start       ] GC(2211) Pause Young (Allocation Failure)
[868.518s][info][gc,heap        ] GC(2211) PSYoungGen: 284736K(309248K)->64K(306176K) Eden: 284672K(284672K)->0K(285696K) From: 64K(24576K)->64K(20480K)
[868.518s][info][gc,heap        ] GC(2211) ParOldGen: 573660K(573952K)->573676K(573952K)
[868.518s][info][gc,metaspace   ] GC(2211) Metaspace: 35590K(36288K)->35590K(36288K) NonClass: 26380K(26880K)->26380K(26880K) Class: 9209K(9408K)->9209K(9408K)
[868.518s][info][gc             ] GC(2211) Pause Young (Allocation Failure) 838M->560M(859M) 1.938ms
[868.518s][info][gc,cpu         ] GC(2211) User=0.00s Sys=0.00s Real=0.00s
[868.752s][info][gc,start       ] GC(2212) Pause Young (Allocation Failure)
[868.754s][info][gc,heap        ] GC(2212) PSYoungGen: 285760K(306176K)->64K(308224K) Eden: 285696K(285696K)->0K(285696K) From: 64K(20480K)->64K(22528K)
[868.754s][info][gc,heap        ] GC(2212) ParOldGen: 573676K(573952K)->573692K(573952K)
[868.754s][info][gc,metaspace   ] GC(2212) Metaspace: 35590K(36288K)->35590K(36288K) NonClass: 26380K(26880K)->26380K(26880K) Class: 9209K(9408K)->9209K(9408K)
[868.754s][info][gc             ] GC(2212) Pause Young (Allocation Failure) 839M->560M(861M) 1.506ms
[868.754s][info][gc,cpu         ] GC(2212) User=0.01s Sys=0.00s Real=0.01s
[868.992s][info][gc,start       ] GC(2213) Pause Young (Allocation Failure)
[868.993s][info][gc,heap        ] GC(2213) PSYoungGen: 285760K(308224K)->64K(308224K) Eden: 285696K(285696K)->0K(289792K) From: 64K(22528K)->64K(18432K)
[868.993s][info][gc,heap        ] GC(2213) ParOldGen: 573692K(573952K)->573692K(573952K)
[868.993s][info][gc,metaspace   ] GC(2213) Metaspace: 35590K(36288K)->35590K(36288K) NonClass: 26380K(26880K)->26380K(26880K) Class: 9209K(9408K)->9209K(9408K)
[868.993s][info][gc             ] GC(2213) Pause Young (Allocation Failure) 839M->560M(861M) 1.659ms
[868.993s][info][gc,cpu         ] GC(2213) User=0.01s Sys=0.00s Real=0.01s
[869.317s][info][gc,start       ] GC(2214) Pause Young (Allocation Failure)
[869.318s][info][gc,heap        ] GC(2214) PSYoungGen: 289856K(308224K)->64K(310272K) Eden: 289792K(289792K)->0K(289792K) From: 64K(18432K)->64K(20480K)
[869.318s][info][gc,heap        ] GC(2214) ParOldGen: 573692K(573952K)->573692K(573952K)
[869.318s][info][gc,metaspace   ] GC(2214) Metaspace: 35590K(36288K)->35590K(36288K) NonClass: 26380K(26880K)->26380K(26880K) Class: 9209K(9408K)->9209K(9408K)
[869.318s][info][gc             ] GC(2214) Pause Young (Allocation Failure) 843M->560M(863M) 1.524ms
[869.318s][info][gc,cpu         ] GC(2214) User=0.00s Sys=0.00s Real=0.00s
[869.368s][info][gc,start       ] GC(2215) Pause Young (Allocation Failure)
[869.369s][info][gc,heap        ] GC(2215) PSYoungGen: 289856K(310272K)->64K(310272K) Eden: 289792K(289792K)->0K(293888K) From: 64K(20480K)->64K(16384K)
[869.369s][info][gc,heap        ] GC(2215) ParOldGen: 573692K(573952K)->573708K(573952K)
[869.369s][info][gc,metaspace   ] GC(2215) Metaspace: 35590K(36288K)->35590K(36288K) NonClass: 26380K(26880K)->26380K(26880K) Class: 9209K(9408K)->9209K(9408K)
[869.369s][info][gc             ] GC(2215) Pause Young (Allocation Failure) 843M->560M(863M) 1.468ms
[869.369s][info][gc,cpu         ] GC(2215) User=0.00s Sys=0.00s Real=0.00s
[869.424s][info][gc,start       ] GC(2216) Pause Young (Allocation Failure)
[869.425s][info][gc,heap        ] GC(2216) PSYoungGen: 293952K(310272K)->64K(312320K) Eden: 293888K(293888K)->0K(293888K) From: 64K(16384K)->64K(18432K)
[869.425s][info][gc,heap        ] GC(2216) ParOldGen: 573708K(573952K)->573708K(573952K)
[869.425s][info][gc,metaspace   ] GC(2216) Metaspace: 35590K(36288K)->35590K(36288K) NonClass: 26380K(26880K)->26380K(26880K) Class: 9209K(9408K)->9209K(9408K)
[869.425s][info][gc             ] GC(2216) Pause Young (Allocation Failure) 847M->560M(865M) 1.428ms
[869.425s][info][gc,cpu         ] GC(2216) User=0.01s Sys=0.00s Real=0.00s
[869.734s][info][gc,start       ] GC(2217) Pause Young (Allocation Failure)
[869.736s][info][gc,heap        ] GC(2217) PSYoungGen: 293952K(312320K)->64K(312320K) Eden: 293888K(293888K)->0K(297984K) From: 64K(18432K)->64K(14336K)
[869.736s][info][gc,heap        ] GC(2217) ParOldGen: 573708K(573952K)->573724K(573952K)
[869.736s][info][gc,metaspace   ] GC(2217) Metaspace: 35590K(36288K)->35590K(36288K) NonClass: 26380K(26880K)->26380K(26880K) Class: 9209K(9408K)->9209K(9408K)
[869.736s][info][gc             ] GC(2217) Pause Young (Allocation Failure) 847M->560M(865M) 1.568ms
[869.736s][info][gc,cpu         ] GC(2217) User=0.01s Sys=0.00s Real=0.00s
[869.981s][info][gc,start       ] GC(2218) Pause Young (Allocation Failure)
[869.983s][info][gc,heap        ] GC(2218) PSYoungGen: 298048K(312320K)->64K(314368K) Eden: 297984K(297984K)->0K(297984K) From: 64K(14336K)->64K(16384K)
[869.983s][info][gc,heap        ] GC(2218) ParOldGen: 573724K(573952K)->573724K(573952K)
[869.983s][info][gc,metaspace   ] GC(2218) Metaspace: 35590K(36288K)->35590K(36288K) NonClass: 26380K(26880K)->26380K(26880K) Class: 9209K(9408K)->9209K(9408K)
[869.983s][info][gc             ] GC(2218) Pause Young (Allocation Failure) 851M->560M(867M) 1.665ms
[869.983s][info][gc,cpu         ] GC(2218) User=0.00s Sys=0.00s Real=0.00s
[870.062s][info][gc,start       ] GC(2219) Pause Young (Allocation Failure)
[870.064s][info][gc,heap        ] GC(2219) PSYoungGen: 298048K(314368K)->64K(314880K) Eden: 297984K(297984K)->0K(301568K) From: 64K(16384K)->64K(13312K)
[870.064s][info][gc,heap        ] GC(2219) ParOldGen: 573724K(573952K)->573732K(573952K)
[870.064s][info][gc,metaspace   ] GC(2219) Metaspace: 35590K(36288K)->35590K(36288K) NonClass: 26380K(26880K)->26380K(26880K) Class: 9209K(9408K)->9209K(9408K)
[870.064s][info][gc             ] GC(2219) Pause Young (Allocation Failure) 851M->560M(868M) 1.550ms
[870.064s][info][gc,cpu         ] GC(2219) User=0.00s Sys=0.00s Real=0.01s
[870.214s][info][gc,start       ] GC(2220) Pause Young (Allocation Failure)
[870.216s][info][gc,heap        ] GC(2220) PSYoungGen: 301632K(314880K)->64K(316416K) Eden: 301568K(301568K)->0K(301568K) From: 64K(13312K)->64K(14848K)
[870.216s][info][gc,heap        ] GC(2220) ParOldGen: 573732K(573952K)->573740K(573952K)
[870.216s][info][gc,metaspace   ] GC(2220) Metaspace: 35590K(36288K)->35590K(36288K) NonClass: 26380K(26880K)->26380K(26880K) Class: 9209K(9408K)->9209K(9408K)
[870.216s][info][gc             ] GC(2220) Pause Young (Allocation Failure) 854M->560M(869M) 1.651ms
[870.216s][info][gc,cpu         ] GC(2220) User=0.01s Sys=0.00s Real=0.00s
[870.635s][info][gc,start       ] GC(2221) Pause Young (Allocation Failure)
[870.636s][info][gc,heap        ] GC(2221) PSYoungGen: 301632K(316416K)->64K(316416K) Eden: 301568K(301568K)->0K(305152K) From: 64K(14848K)->64K(11264K)
[870.636s][info][gc,heap        ] GC(2221) ParOldGen: 573740K(573952K)->573748K(573952K)
[870.636s][info][gc,metaspace   ] GC(2221) Metaspace: 35590K(36288K)->35590K(36288K) NonClass: 26380K(26880K)->26380K(26880K) Class: 9209K(9408K)->9209K(9408K)
[870.636s][info][gc             ] GC(2221) Pause Young (Allocation Failure) 854M->560M(869M) 1.611ms
[870.636s][info][gc,cpu         ] GC(2221) User=0.01s Sys=0.00s Real=0.00s
[871.969s][info][gc,start       ] GC(2222) Pause Young (Allocation Failure)
[871.971s][info][gc,heap        ] GC(2222) PSYoungGen: 305216K(316416K)->64K(293376K) Eden: 305152K(305152K)->0K(292864K) From: 64K(11264K)->64K(512K)
[871.971s][info][gc,heap        ] GC(2222) ParOldGen: 573748K(573952K)->573756K(573952K)
[871.971s][info][gc,metaspace   ] GC(2222) Metaspace: 35590K(36288K)->35590K(36288K) NonClass: 26380K(26880K)->26380K(26880K) Class: 9209K(9408K)->9209K(9408K)
[871.971s][info][gc             ] GC(2222) Pause Young (Allocation Failure) 858M->560M(847M) 2.081ms
[871.971s][info][gc,cpu         ] GC(2222) User=0.01s Sys=0.00s Real=0.00s
[872.245s][info][gc,start       ] GC(2223) Pause Young (Allocation Failure)
[872.247s][info][gc,heap        ] GC(2223) PSYoungGen: 292928K(293376K)->64K(281600K) Eden: 292864K(292864K)->0K(281088K) From: 64K(512K)->64K(512K)
[872.247s][info][gc,heap        ] GC(2223) ParOldGen: 573756K(573952K)->573764K(573952K)
[872.247s][info][gc,metaspace   ] GC(2223) Metaspace: 35590K(36288K)->35590K(36288K) NonClass: 26380K(26880K)->26380K(26880K) Class: 9209K(9408K)->9209K(9408K)
[872.247s][info][gc             ] GC(2223) Pause Young (Allocation Failure) 846M->560M(835M) 2.049ms
[872.247s][info][gc,cpu         ] GC(2223) User=0.00s Sys=0.01s Real=0.00s
[872.723s][info][gc,start       ] GC(2224) Pause Young (Allocation Failure)
[872.724s][info][gc,heap        ] GC(2224) PSYoungGen: 281152K(281600K)->64K(281088K) Eden: 281088K(281088K)->0K(269824K) From: 64K(512K)->64K(11264K)
[872.724s][info][gc,heap        ] GC(2224) ParOldGen: 573764K(573952K)->573772K(573952K)
[872.724s][info][gc,metaspace   ] GC(2224) Metaspace: 35590K(36288K)->35590K(36288K) NonClass: 26380K(26880K)->26380K(26880K) Class: 9209K(9408K)->9209K(9408K)
[872.724s][info][gc             ] GC(2224) Pause Young (Allocation Failure) 834M->560M(835M) 1.579ms
[872.725s][info][gc,cpu         ] GC(2224) User=0.01s Sys=0.00s Real=0.01s
[873.644s][info][gc,start       ] GC(2225) Pause Young (Allocation Failure)
[873.646s][info][gc,heap        ] GC(2225) PSYoungGen: 269888K(281088K)->64K(260096K) Eden: 269824K(269824K)->0K(259584K) From: 64K(11264K)->64K(512K)
[873.646s][info][gc,heap        ] GC(2225) ParOldGen: 573772K(573952K)->573780K(573952K)
[873.646s][info][gc,metaspace   ] GC(2225) Metaspace: 35590K(36288K)->35590K(36288K) NonClass: 26380K(26880K)->26380K(26880K) Class: 9209K(9408K)->9209K(9408K)
[873.646s][info][gc             ] GC(2225) Pause Young (Allocation Failure) 823M->560M(814M) 2.205ms
[873.646s][info][gc,cpu         ] GC(2225) User=0.01s Sys=0.00s Real=0.00s
[874.015s][info][gc,start       ] GC(2226) Pause Young (Allocation Failure)
[874.017s][info][gc,heap        ] GC(2226) PSYoungGen: 259648K(260096K)->64K(259072K) Eden: 259584K(259584K)->0K(249344K) From: 64K(512K)->64K(9728K)
[874.017s][info][gc,heap        ] GC(2226) ParOldGen: 573780K(573952K)->573788K(573952K)
[874.017s][info][gc,metaspace   ] GC(2226) Metaspace: 35590K(36288K)->35590K(36288K) NonClass: 26380K(26880K)->26380K(26880K) Class: 9209K(9408K)->9209K(9408K)
[874.017s][info][gc             ] GC(2226) Pause Young (Allocation Failure) 813M->560M(813M) 1.577ms
[874.017s][info][gc,cpu         ] GC(2226) User=0.00s Sys=0.00s Real=0.00s
[874.091s][info][gc,start       ] GC(2227) Pause Young (Allocation Failure)
[874.093s][info][gc,heap        ] GC(2227) PSYoungGen: 249408K(259072K)->64K(240128K) Eden: 249344K(249344K)->0K(239616K) From: 64K(9728K)->64K(512K)
[874.093s][info][gc,heap        ] GC(2227) ParOldGen: 573788K(573952K)->573796K(573952K)
[874.093s][info][gc,metaspace   ] GC(2227) Metaspace: 35590K(36288K)->35590K(36288K) NonClass: 26380K(26880K)->26380K(26880K) Class: 9209K(9408K)->9209K(9408K)
[874.093s][info][gc             ] GC(2227) Pause Young (Allocation Failure) 803M->560M(795M) 2.139ms
[874.093s][info][gc,cpu         ] GC(2227) User=0.00s Sys=0.00s Real=0.00s
[874.594s][info][gc,start       ] GC(2228) Pause Young (Allocation Failure)
[874.595s][info][gc,heap        ] GC(2228) PSYoungGen: 239680K(240128K)->64K(239104K) Eden: 239616K(239616K)->0K(230400K) From: 64K(512K)->64K(8704K)
[874.595s][info][gc,heap        ] GC(2228) ParOldGen: 573796K(573952K)->573804K(573952K)
[874.595s][info][gc,metaspace   ] GC(2228) Metaspace: 35590K(36288K)->35590K(36288K) NonClass: 26380K(26880K)->26380K(26880K) Class: 9209K(9408K)->9209K(9408K)
[874.595s][info][gc             ] GC(2228) Pause Young (Allocation Failure) 794M->560M(794M) 1.530ms
[874.595s][info][gc,cpu         ] GC(2228) User=0.00s Sys=0.00s Real=0.00s
[874.838s][info][gc,start       ] GC(2229) Pause Young (Allocation Failure)
[874.840s][info][gc,heap        ] GC(2229) PSYoungGen: 230464K(239104K)->64K(222208K) Eden: 230400K(230400K)->0K(221696K) From: 64K(8704K)->64K(512K)
[874.840s][info][gc,heap        ] GC(2229) ParOldGen: 573804K(573952K)->573812K(573952K)
[874.840s][info][gc,metaspace   ] GC(2229) Metaspace: 35590K(36288K)->35590K(36288K) NonClass: 26380K(26880K)->26380K(26880K) Class: 9209K(9408K)->9209K(9408K)
[874.840s][info][gc             ] GC(2229) Pause Young (Allocation Failure) 785M->560M(777M) 2.478ms
[874.840s][info][gc,cpu         ] GC(2229) User=0.01s Sys=0.00s Real=0.00s
[875.207s][info][gc,start       ] GC(2230) Pause Young (Allocation Failure)
[875.225s][info][gc,heap        ] GC(2230) PSYoungGen: 221760K(222208K)->7168K(271360K) Eden: 221696K(221696K)->0K(264192K) From: 64K(512K)->7168K(7168K)
[875.225s][info][gc,heap        ] GC(2230) ParOldGen: 573812K(573952K)->577316K(577536K)
[875.225s][info][gc,metaspace   ] GC(2230) Metaspace: 35590K(36288K)->35590K(36288K) NonClass: 26380K(26880K)->26380K(26880K) Class: 9209K(9408K)->9209K(9408K)
[875.225s][info][gc             ] GC(2230) Pause Young (Allocation Failure) 776M->570M(829M) 18.217ms
[875.225s][info][gc,cpu         ] GC(2230) User=0.03s Sys=0.00s Real=0.02s
[875.602s][info][gc,start       ] GC(2231) Pause Young (Allocation Failure)
[875.665s][info][gc,heap        ] GC(2231) PSYoungGen: 271360K(271360K)->10240K(264704K) Eden: 264192K(264192K)->0K(254464K) From: 7168K(7168K)->10240K(10240K)
[875.665s][info][gc,heap        ] GC(2231) ParOldGen: 577316K(577536K)->597156K(597504K)
[875.665s][info][gc,metaspace   ] GC(2231) Metaspace: 35590K(36288K)->35590K(36288K) NonClass: 26380K(26880K)->26380K(26880K) Class: 9209K(9408K)->9209K(9408K)
[875.665s][info][gc             ] GC(2231) Pause Young (Allocation Failure) 828M->593M(842M) 62.510ms
[875.665s][info][gc,cpu         ] GC(2231) User=0.10s Sys=0.02s Real=0.07s
[875.956s][info][gc,start       ] GC(2232) Pause Young (Allocation Failure)
[875.996s][info][gc,heap        ] GC(2232) PSYoungGen: 264704K(264704K)->19968K(274432K) Eden: 254464K(254464K)->0K(254464K) From: 10240K(10240K)->19968K(19968K)
[875.997s][info][gc,heap        ] GC(2232) ParOldGen: 597156K(597504K)->599700K(600064K)
[875.997s][info][gc,metaspace   ] GC(2232) Metaspace: 35590K(36288K)->35590K(36288K) NonClass: 26380K(26880K)->26380K(26880K) Class: 9209K(9408K)->9209K(9408K)
[875.997s][info][gc             ] GC(2232) Pause Young (Allocation Failure) 841M->605M(854M) 40.145ms
[875.997s][info][gc,cpu         ] GC(2232) User=0.08s Sys=0.00s Real=0.04s
[876.102s][info][gc,start       ] GC(2233) Pause Young (Allocation Failure)
[876.105s][info][gc,heap        ] GC(2233) PSYoungGen: 274432K(274432K)->64K(309248K) Eden: 254464K(254464K)->0K(284160K) From: 19968K(19968K)->64K(25088K)
[876.105s][info][gc,heap        ] GC(2233) ParOldGen: 599700K(600064K)->599764K(600064K)
[876.105s][info][gc,metaspace   ] GC(2233) Metaspace: 35590K(36288K)->35590K(36288K) NonClass: 26380K(26880K)->26380K(26880K) Class: 9209K(9408K)->9209K(9408K)
[876.105s][info][gc             ] GC(2233) Pause Young (Allocation Failure) 853M->585M(888M) 2.336ms
[876.105s][info][gc,cpu         ] GC(2233) User=0.00s Sys=0.00s Real=0.01s
[876.780s][info][gc,start       ] GC(2234) Pause Young (Allocation Failure)
[876.782s][info][gc,heap        ] GC(2234) PSYoungGen: 284224K(309248K)->64K(284672K) Eden: 284160K(284160K)->0K(284160K) From: 64K(25088K)->64K(512K)
[876.782s][info][gc,heap        ] GC(2234) ParOldGen: 599764K(600064K)->599772K(600064K)
[876.782s][info][gc,metaspace   ] GC(2234) Metaspace: 35590K(36288K)->35590K(36288K) NonClass: 26380K(26880K)->26380K(26880K) Class: 9209K(9408K)->9209K(9408K)
[876.782s][info][gc             ] GC(2234) Pause Young (Allocation Failure) 863M->585M(864M) 1.771ms
[876.782s][info][gc,cpu         ] GC(2234) User=0.00s Sys=0.00s Real=0.00s
[877.131s][info][gc,start       ] GC(2235) Pause Young (Allocation Failure)
[877.133s][info][gc,heap        ] GC(2235) PSYoungGen: 284224K(284672K)->64K(308736K) Eden: 284160K(284160K)->0K(285184K) From: 64K(512K)->64K(23552K)
[877.133s][info][gc,heap        ] GC(2235) ParOldGen: 599772K(600064K)->599780K(600064K)
[877.133s][info][gc,metaspace   ] GC(2235) Metaspace: 35590K(36288K)->35590K(36288K) NonClass: 26380K(26880K)->26380K(26880K) Class: 9209K(9408K)->9209K(9408K)
[877.133s][info][gc             ] GC(2235) Pause Young (Allocation Failure) 863M->585M(887M) 1.947ms
[877.133s][info][gc,cpu         ] GC(2235) User=0.01s Sys=0.00s Real=0.00s
[877.545s][info][gc,start       ] GC(2236) Pause Young (Allocation Failure)
[877.547s][info][gc,heap        ] GC(2236) PSYoungGen: 285248K(308736K)->64K(307712K) Eden: 285184K(285184K)->0K(285184K) From: 64K(23552K)->64K(22528K)
[877.547s][info][gc,heap        ] GC(2236) ParOldGen: 599780K(600064K)->599796K(600064K)
[877.547s][info][gc,metaspace   ] GC(2236) Metaspace: 35590K(36288K)->35590K(36288K) NonClass: 26380K(26880K)->26380K(26880K) Class: 9209K(9408K)->9209K(9408K)
[877.547s][info][gc             ] GC(2236) Pause Young (Allocation Failure) 864M->585M(886M) 1.944ms
[877.547s][info][gc,cpu         ] GC(2236) User=0.01s Sys=0.00s Real=0.00s
[877.783s][info][gc,start       ] GC(2237) Pause Young (Allocation Failure)
[877.785s][info][gc,heap        ] GC(2237) PSYoungGen: 285248K(307712K)->64K(310272K) Eden: 285184K(285184K)->0K(288768K) From: 64K(22528K)->64K(21504K)
[877.785s][info][gc,heap        ] GC(2237) ParOldGen: 599796K(600064K)->599812K(600064K)
[877.785s][info][gc,metaspace   ] GC(2237) Metaspace: 35590K(36288K)->35590K(36288K) NonClass: 26380K(26880K)->26380K(26880K) Class: 9209K(9408K)->9209K(9408K)
[877.785s][info][gc             ] GC(2237) Pause Young (Allocation Failure) 864M->585M(889M) 1.706ms
[877.785s][info][gc,cpu         ] GC(2237) User=0.00s Sys=0.00s Real=0.00s
[878.153s][info][gc,start       ] GC(2238) Pause Young (Allocation Failure)
[878.154s][info][gc,heap        ] GC(2238) PSYoungGen: 288832K(310272K)->64K(309248K) Eden: 288768K(288768K)->0K(288768K) From: 64K(21504K)->64K(20480K)
[878.154s][info][gc,heap        ] GC(2238) ParOldGen: 599812K(600064K)->599812K(600064K)
[878.154s][info][gc,metaspace   ] GC(2238) Metaspace: 35590K(36288K)->35590K(36288K) NonClass: 26380K(26880K)->26380K(26880K) Class: 9209K(9408K)->9209K(9408K)
[878.155s][info][gc             ] GC(2238) Pause Young (Allocation Failure) 867M->585M(888M) 1.674ms
[878.155s][info][gc,cpu         ] GC(2238) User=0.00s Sys=0.00s Real=0.01s
[878.220s][info][gc,start       ] GC(2239) Pause Young (Allocation Failure)
[878.221s][info][gc,heap        ] GC(2239) PSYoungGen: 288832K(309248K)->64K(312320K) Eden: 288768K(288768K)->0K(292864K) From: 64K(20480K)->64K(19456K)
[878.221s][info][gc,heap        ] GC(2239) ParOldGen: 599812K(600064K)->599820K(600064K)
[878.221s][info][gc,metaspace   ] GC(2239) Metaspace: 35590K(36288K)->35590K(36288K) NonClass: 26380K(26880K)->26380K(26880K) Class: 9209K(9408K)->9209K(9408K)
[878.221s][info][gc             ] GC(2239) Pause Young (Allocation Failure) 867M->585M(891M) 1.743ms
[878.221s][info][gc,cpu         ] GC(2239) User=0.00s Sys=0.00s Real=0.00s
[878.275s][info][gc,start       ] GC(2240) Pause Young (Allocation Failure)
[878.277s][info][gc,heap        ] GC(2240) PSYoungGen: 292928K(312320K)->64K(311296K) Eden: 292864K(292864K)->0K(292864K) From: 64K(19456K)->64K(18432K)
[878.277s][info][gc,heap        ] GC(2240) ParOldGen: 599820K(600064K)->599836K(600064K)
[878.277s][info][gc,metaspace   ] GC(2240) Metaspace: 35590K(36288K)->35590K(36288K) NonClass: 26380K(26880K)->26380K(26880K) Class: 9209K(9408K)->9209K(9408K)
[878.277s][info][gc             ] GC(2240) Pause Young (Allocation Failure) 871M->585M(890M) 1.687ms
[878.277s][info][gc,cpu         ] GC(2240) User=0.00s Sys=0.00s Real=0.00s
[878.507s][info][gc,start       ] GC(2241) Pause Young (Allocation Failure)
[878.509s][info][gc,heap        ] GC(2241) PSYoungGen: 292928K(311296K)->64K(314368K) Eden: 292864K(292864K)->0K(296960K) From: 64K(18432K)->64K(17408K)
[878.509s][info][gc,heap        ] GC(2241) ParOldGen: 599836K(600064K)->599836K(600064K)
[878.509s][info][gc,metaspace   ] GC(2241) Metaspace: 35590K(36288K)->35590K(36288K) NonClass: 26380K(26880K)->26380K(26880K) Class: 9209K(9408K)->9209K(9408K)
[878.509s][info][gc             ] GC(2241) Pause Young (Allocation Failure) 871M->585M(893M) 1.653ms
[878.509s][info][gc,cpu         ] GC(2241) User=0.01s Sys=0.00s Real=0.00s
[878.789s][info][gc,start       ] GC(2242) Pause Young (Allocation Failure)
[878.791s][info][gc,heap        ] GC(2242) PSYoungGen: 297024K(314368K)->64K(313344K) Eden: 296960K(296960K)->0K(296960K) From: 64K(17408K)->64K(16384K)
[878.791s][info][gc,heap        ] GC(2242) ParOldGen: 599836K(600064K)->599844K(600064K)
[878.791s][info][gc,metaspace   ] GC(2242) Metaspace: 35590K(36288K)->35590K(36288K) NonClass: 26380K(26880K)->26380K(26880K) Class: 9209K(9408K)->9209K(9408K)
[878.791s][info][gc             ] GC(2242) Pause Young (Allocation Failure) 875M->585M(892M) 1.756ms
[878.791s][info][gc,cpu         ] GC(2242) User=0.00s Sys=0.00s Real=0.00s
[878.912s][info][gc,start       ] GC(2243) Pause Young (Allocation Failure)
[878.914s][info][gc,heap        ] GC(2243) PSYoungGen: 297024K(313344K)->64K(315904K) Eden: 296960K(296960K)->0K(300544K) From: 64K(16384K)->64K(15360K)
[878.914s][info][gc,heap        ] GC(2243) ParOldGen: 599844K(600064K)->599852K(600064K)
[878.914s][info][gc,metaspace   ] GC(2243) Metaspace: 35590K(36288K)->35590K(36288K) NonClass: 26380K(26880K)->26380K(26880K) Class: 9209K(9408K)->9209K(9408K)
[878.914s][info][gc             ] GC(2243) Pause Young (Allocation Failure) 875M->585M(894M) 1.792ms
[878.914s][info][gc,cpu         ] GC(2243) User=0.01s Sys=0.00s Real=0.01s
[879.031s][info][gc,start       ] GC(2244) Pause Young (Allocation Failure)
[879.033s][info][gc,heap        ] GC(2244) PSYoungGen: 300608K(315904K)->64K(315392K) Eden: 300544K(300544K)->0K(300544K) From: 64K(15360K)->64K(14848K)
[879.033s][info][gc,heap        ] GC(2244) ParOldGen: 599852K(600064K)->599860K(600064K)
[879.033s][info][gc,metaspace   ] GC(2244) Metaspace: 35590K(36288K)->35590K(36288K) NonClass: 26380K(26880K)->26380K(26880K) Class: 9209K(9408K)->9209K(9408K)
[879.033s][info][gc             ] GC(2244) Pause Young (Allocation Failure) 879M->585M(894M) 1.735ms
[879.033s][info][gc,cpu         ] GC(2244) User=0.01s Sys=0.00s Real=0.00s
[879.401s][info][gc,start       ] GC(2245) Pause Young (Allocation Failure)
[879.402s][info][gc,heap        ] GC(2245) PSYoungGen: 300608K(315392K)->64K(317952K) Eden: 300544K(300544K)->0K(304640K) From: 64K(14848K)->64K(13312K)
[879.402s][info][gc,heap        ] GC(2245) ParOldGen: 599860K(600064K)->599868K(600064K)
[879.402s][info][gc,metaspace   ] GC(2245) Metaspace: 35590K(36288K)->35590K(36288K) NonClass: 26380K(26880K)->26380K(26880K) Class: 9209K(9408K)->9209K(9408K)
[879.402s][info][gc             ] GC(2245) Pause Young (Allocation Failure) 879M->585M(896M) 1.626ms
[879.402s][info][gc,cpu         ] GC(2245) User=0.00s Sys=0.00s Real=0.00s
[880.084s][info][gc,start       ] GC(2246) Pause Young (Allocation Failure)
[880.086s][info][gc,heap        ] GC(2246) PSYoungGen: 304704K(317952K)->83K(317440K) Eden: 304640K(304640K)->0K(304640K) From: 64K(13312K)->83K(12800K)
[880.086s][info][gc,heap        ] GC(2246) ParOldGen: 599868K(600064K)->599876K(600064K)
[880.086s][info][gc,metaspace   ] GC(2246) Metaspace: 35590K(36288K)->35590K(36288K) NonClass: 26380K(26880K)->26380K(26880K) Class: 9209K(9408K)->9209K(9408K)
[880.086s][info][gc             ] GC(2246) Pause Young (Allocation Failure) 883M->585M(896M) 1.807ms
[880.086s][info][gc,cpu         ] GC(2246) User=0.00s Sys=0.00s Real=0.00s
[881.000s][info][gc,start       ] GC(2247) Pause Young (Allocation Failure)
[881.002s][info][gc,heap        ] GC(2247) PSYoungGen: 304723K(317440K)->64K(292864K) Eden: 304640K(304640K)->0K(292352K) From: 83K(12800K)->64K(512K)
[881.002s][info][gc,heap        ] GC(2247) ParOldGen: 599876K(600064K)->599884K(600064K)
[881.002s][info][gc,metaspace   ] GC(2247) Metaspace: 35590K(36288K)->35590K(36288K) NonClass: 26380K(26880K)->26380K(26880K) Class: 9209K(9408K)->9209K(9408K)
[881.002s][info][gc             ] GC(2247) Pause Young (Allocation Failure) 883M->585M(872M) 1.679ms
[881.002s][info][gc,cpu         ] GC(2247) User=0.01s Sys=0.00s Real=0.00s
[881.471s][info][gc,start       ] GC(2248) Pause Young (Allocation Failure)
[881.473s][info][gc,heap        ] GC(2248) PSYoungGen: 292416K(292864K)->64K(291840K) Eden: 292352K(292352K)->0K(280576K) From: 64K(512K)->64K(11264K)
[881.473s][info][gc,heap        ] GC(2248) ParOldGen: 599884K(600064K)->599892K(600064K)
[881.473s][info][gc,metaspace   ] GC(2248) Metaspace: 35590K(36288K)->35590K(36288K) NonClass: 26380K(26880K)->26380K(26880K) Class: 9209K(9408K)->9209K(9408K)
[881.473s][info][gc             ] GC(2248) Pause Young (Allocation Failure) 871M->585M(871M) 1.618ms
[881.473s][info][gc,cpu         ] GC(2248) User=0.01s Sys=0.00s Real=0.00s
[882.491s][info][gc,start       ] GC(2249) Pause Young (Allocation Failure)
[882.493s][info][gc,heap        ] GC(2249) PSYoungGen: 280640K(291840K)->64K(270336K) Eden: 280576K(280576K)->0K(269824K) From: 64K(11264K)->64K(512K)
[882.493s][info][gc,heap        ] GC(2249) ParOldGen: 599892K(600064K)->599900K(600064K)
[882.493s][info][gc,metaspace   ] GC(2249) Metaspace: 35590K(36288K)->35590K(36288K) NonClass: 26380K(26880K)->26380K(26880K) Class: 9209K(9408K)->9209K(9408K)
[882.493s][info][gc             ] GC(2249) Pause Young (Allocation Failure) 859M->585M(850M) 1.795ms
[882.493s][info][gc,cpu         ] GC(2249) User=0.00s Sys=0.00s Real=0.01s
[882.849s][info][gc,start       ] GC(2250) Pause Young (Allocation Failure)
[882.850s][info][gc,heap        ] GC(2250) PSYoungGen: 269888K(270336K)->64K(269312K) Eden: 269824K(269824K)->0K(259584K) From: 64K(512K)->64K(9728K)
[882.850s][info][gc,heap        ] GC(2250) ParOldGen: 599900K(600064K)->599908K(600064K)
[882.850s][info][gc,metaspace   ] GC(2250) Metaspace: 35590K(36288K)->35590K(36288K) NonClass: 26380K(26880K)->26380K(26880K) Class: 9209K(9408K)->9209K(9408K)
[882.850s][info][gc             ] GC(2250) Pause Young (Allocation Failure) 849M->585M(849M) 1.631ms
[882.850s][info][gc,cpu         ] GC(2250) User=0.00s Sys=0.00s Real=0.00s
[882.959s][info][gc,start       ] GC(2251) Pause Young (Allocation Failure)
[882.961s][info][gc,heap        ] GC(2251) PSYoungGen: 259648K(269312K)->64K(249856K) Eden: 259584K(259584K)->0K(249344K) From: 64K(9728K)->64K(512K)
[882.961s][info][gc,heap        ] GC(2251) ParOldGen: 599908K(600064K)->599916K(600064K)
[882.961s][info][gc,metaspace   ] GC(2251) Metaspace: 35590K(36288K)->35590K(36288K) NonClass: 26380K(26880K)->26380K(26880K) Class: 9209K(9408K)->9209K(9408K)
[882.961s][info][gc             ] GC(2251) Pause Young (Allocation Failure) 839M->585M(830M) 1.886ms
[882.961s][info][gc,cpu         ] GC(2251) User=0.00s Sys=0.00s Real=0.00s
[883.402s][info][gc,start       ] GC(2252) Pause Young (Allocation Failure)
[883.404s][info][gc,heap        ] GC(2252) PSYoungGen: 249408K(249856K)->64K(248320K) Eden: 249344K(249344K)->0K(239616K) From: 64K(512K)->64K(8704K)
[883.404s][info][gc,heap        ] GC(2252) ParOldGen: 599916K(600064K)->599924K(600064K)
[883.404s][info][gc,metaspace   ] GC(2252) Metaspace: 35590K(36288K)->35590K(36288K) NonClass: 26380K(26880K)->26380K(26880K) Class: 9209K(9408K)->9209K(9408K)
[883.404s][info][gc             ] GC(2252) Pause Young (Allocation Failure) 829M->585M(828M) 1.602ms
[883.404s][info][gc,cpu         ] GC(2252) User=0.00s Sys=0.00s Real=0.01s
[883.682s][info][gc,start       ] GC(2253) Pause Young (Allocation Failure)
[883.684s][info][gc,heap        ] GC(2253) PSYoungGen: 239680K(248320K)->64K(230912K) Eden: 239616K(239616K)->0K(230400K) From: 64K(8704K)->64K(512K)
[883.684s][info][gc,heap        ] GC(2253) ParOldGen: 599924K(600064K)->599932K(600064K)
[883.684s][info][gc,metaspace   ] GC(2253) Metaspace: 35590K(36288K)->35590K(36288K) NonClass: 26380K(26880K)->26380K(26880K) Class: 9209K(9408K)->9209K(9408K)
[883.684s][info][gc             ] GC(2253) Pause Young (Allocation Failure) 819M->585M(811M) 2.137ms
[883.684s][info][gc,cpu         ] GC(2253) User=0.00s Sys=0.00s Real=0.01s
[884.061s][info][gc,start       ] GC(2254) Pause Young (Allocation Failure)
[884.076s][info][gc,heap        ] GC(2254) PSYoungGen: 230464K(230912K)->7168K(281088K) Eden: 230400K(230400K)->0K(273920K) From: 64K(512K)->7168K(7168K)
[884.076s][info][gc,heap        ] GC(2254) ParOldGen: 599932K(600064K)->601756K(602112K)
[884.076s][info][gc,metaspace   ] GC(2254) Metaspace: 35590K(36288K)->35590K(36288K) NonClass: 26380K(26880K)->26380K(26880K) Class: 9209K(9408K)->9209K(9408K)
[884.076s][info][gc             ] GC(2254) Pause Young (Allocation Failure) 810M->594M(862M) 15.278ms
[884.076s][info][gc,cpu         ] GC(2254) User=0.02s Sys=0.01s Real=0.02s
[884.473s][info][gc,start       ] GC(2255) Pause Young (Allocation Failure)
[884.535s][info][gc,heap        ] GC(2255) PSYoungGen: 281088K(281088K)->7168K(273920K) Eden: 273920K(273920K)->0K(266752K) From: 7168K(7168K)->7168K(7168K)
[884.535s][info][gc,heap        ] GC(2255) ParOldGen: 601756K(602112K)->625724K(626176K)
[884.535s][info][gc,metaspace   ] GC(2255) Metaspace: 35590K(36288K)->35590K(36288K) NonClass: 26380K(26880K)->26380K(26880K) Class: 9209K(9408K)->9209K(9408K)
[884.535s][info][gc             ] GC(2255) Pause Young (Allocation Failure) 862M->618M(879M) 62.279ms
[884.535s][info][gc,cpu         ] GC(2255) User=0.10s Sys=0.02s Real=0.07s
[884.841s][info][gc,start       ] GC(2256) Pause Young (Allocation Failure)
[884.882s][info][gc,heap        ] GC(2256) PSYoungGen: 273920K(273920K)->19968K(286720K) Eden: 266752K(266752K)->0K(266752K) From: 7168K(7168K)->19968K(19968K)
[884.882s][info][gc,heap        ] GC(2256) ParOldGen: 625724K(626176K)->628956K(629248K)
[884.882s][info][gc,metaspace   ] GC(2256) Metaspace: 35590K(36288K)->35590K(36288K) NonClass: 26380K(26880K)->26380K(26880K) Class: 9209K(9408K)->9209K(9408K)
[884.882s][info][gc             ] GC(2256) Pause Young (Allocation Failure) 878M->633M(894M) 41.398ms
[884.882s][info][gc,cpu         ] GC(2256) User=0.08s Sys=0.00s Real=0.04s
[885.025s][info][gc,start       ] GC(2257) Pause Young (Allocation Failure)
[885.028s][info][gc,heap        ] GC(2257) PSYoungGen: 286720K(286720K)->64K(309248K) Eden: 266752K(266752K)->0K(284160K) From: 19968K(19968K)->64K(25088K)
[885.028s][info][gc,heap        ] GC(2257) ParOldGen: 628956K(629248K)->629036K(629248K)
[885.028s][info][gc,metaspace   ] GC(2257) Metaspace: 35590K(36288K)->35590K(36288K) NonClass: 26380K(26880K)->26380K(26880K) Class: 9209K(9408K)->9209K(9408K)
[885.028s][info][gc             ] GC(2257) Pause Young (Allocation Failure) 894M->614M(916M) 2.641ms
[885.028s][info][gc,cpu         ] GC(2257) User=0.01s Sys=0.00s Real=0.00s
[885.695s][info][gc,start       ] GC(2258) Pause Young (Allocation Failure)
[885.697s][info][gc,heap        ] GC(2258) PSYoungGen: 284224K(309248K)->64K(284672K) Eden: 284160K(284160K)->0K(284160K) From: 64K(25088K)->64K(512K)
[885.697s][info][gc,heap        ] GC(2258) ParOldGen: 629036K(629248K)->629052K(629248K)
[885.697s][info][gc,metaspace   ] GC(2258) Metaspace: 35590K(36288K)->35590K(36288K) NonClass: 26380K(26880K)->26380K(26880K) Class: 9209K(9408K)->9209K(9408K)
[885.697s][info][gc             ] GC(2258) Pause Young (Allocation Failure) 891M->614M(892M) 1.926ms
[885.697s][info][gc,cpu         ] GC(2258) User=0.01s Sys=0.00s Real=0.00s
[886.192s][info][gc,start       ] GC(2259) Pause Young (Allocation Failure)
[886.194s][info][gc,heap        ] GC(2259) PSYoungGen: 284224K(284672K)->64K(308736K) Eden: 284160K(284160K)->0K(285184K) From: 64K(512K)->64K(23552K)
[886.194s][info][gc,heap        ] GC(2259) ParOldGen: 629052K(629248K)->629052K(629248K)
[886.194s][info][gc,metaspace   ] GC(2259) Metaspace: 35590K(36288K)->35590K(36288K) NonClass: 26380K(26880K)->26380K(26880K) Class: 9209K(9408K)->9209K(9408K)
[886.194s][info][gc             ] GC(2259) Pause Young (Allocation Failure) 891M->614M(916M) 1.922ms
[886.194s][info][gc,cpu         ] GC(2259) User=0.00s Sys=0.00s Real=0.01s
[886.427s][info][gc,start       ] GC(2260) Pause Young (Allocation Failure)
[886.429s][info][gc,heap        ] GC(2260) PSYoungGen: 285248K(308736K)->64K(307712K) Eden: 285184K(285184K)->0K(285184K) From: 64K(23552K)->64K(22528K)
[886.429s][info][gc,heap        ] GC(2260) ParOldGen: 629052K(629248K)->629068K(629248K)
[886.429s][info][gc,metaspace   ] GC(2260) Metaspace: 35590K(36288K)->35590K(36288K) NonClass: 26380K(26880K)->26380K(26880K) Class: 9209K(9408K)->9209K(9408K)
[886.429s][info][gc             ] GC(2260) Pause Young (Allocation Failure) 892M->614M(915M) 1.788ms
[886.429s][info][gc,cpu         ] GC(2260) User=0.01s Sys=0.00s Real=0.00s
[886.662s][info][gc,start       ] GC(2261) Pause Young (Allocation Failure)
[886.664s][info][gc,heap        ] GC(2261) PSYoungGen: 285248K(307712K)->64K(310272K) Eden: 285184K(285184K)->0K(288768K) From: 64K(22528K)->64K(21504K)
[886.664s][info][gc,heap        ] GC(2261) ParOldGen: 629068K(629248K)->629068K(629248K)
[886.664s][info][gc,metaspace   ] GC(2261) Metaspace: 35590K(36288K)->35590K(36288K) NonClass: 26380K(26880K)->26380K(26880K) Class: 9209K(9408K)->9209K(9408K)
[886.664s][info][gc             ] GC(2261) Pause Young (Allocation Failure) 892M->614M(917M) 1.691ms
[886.664s][info][gc,cpu         ] GC(2261) User=0.00s Sys=0.00s Real=0.01s
[887.030s][info][gc,start       ] GC(2262) Pause Young (Allocation Failure)
[887.032s][info][gc,heap        ] GC(2262) PSYoungGen: 288832K(310272K)->64K(309248K) Eden: 288768K(288768K)->0K(288768K) From: 64K(21504K)->64K(20480K)
[887.032s][info][gc,heap        ] GC(2262) ParOldGen: 629068K(629248K)->629068K(629248K)
[887.032s][info][gc,metaspace   ] GC(2262) Metaspace: 35590K(36288K)->35590K(36288K) NonClass: 26380K(26880K)->26380K(26880K) Class: 9209K(9408K)->9209K(9408K)
[887.032s][info][gc             ] GC(2262) Pause Young (Allocation Failure) 896M->614M(916M) 1.689ms
[887.032s][info][gc,cpu         ] GC(2262) User=0.00s Sys=0.00s Real=0.00s
[887.081s][info][gc,start       ] GC(2263) Pause Young (Allocation Failure)
[887.082s][info][gc,heap        ] GC(2263) PSYoungGen: 288831K(309248K)->64K(312320K) Eden: 288767K(288768K)->0K(292864K) From: 64K(20480K)->64K(19456K)
[887.082s][info][gc,heap        ] GC(2263) ParOldGen: 629068K(629248K)->629084K(629248K)
[887.082s][info][gc,metaspace   ] GC(2263) Metaspace: 35590K(36288K)->35590K(36288K) NonClass: 26380K(26880K)->26380K(26880K) Class: 9209K(9408K)->9209K(9408K)
[887.082s][info][gc             ] GC(2263) Pause Young (Allocation Failure) 896M->614M(919M) 1.670ms
[887.082s][info][gc,cpu         ] GC(2263) User=0.00s Sys=0.00s Real=0.00s
[887.131s][info][gc,start       ] GC(2264) Pause Young (Allocation Failure)
[887.133s][info][gc,heap        ] GC(2264) PSYoungGen: 292928K(312320K)->64K(311296K) Eden: 292864K(292864K)->0K(292864K) From: 64K(19456K)->64K(18432K)
[887.133s][info][gc,heap        ] GC(2264) ParOldGen: 629084K(629248K)->629084K(629248K)
[887.133s][info][gc,metaspace   ] GC(2264) Metaspace: 35590K(36288K)->35590K(36288K) NonClass: 26380K(26880K)->26380K(26880K) Class: 9209K(9408K)->9209K(9408K)
[887.133s][info][gc             ] GC(2264) Pause Young (Allocation Failure) 900M->614M(918M) 1.570ms
[887.133s][info][gc,cpu         ] GC(2264) User=0.00s Sys=0.00s Real=0.00s
[887.379s][info][gc,start       ] GC(2265) Pause Young (Allocation Failure)
[887.380s][info][gc,heap        ] GC(2265) PSYoungGen: 292928K(311296K)->64K(314368K) Eden: 292864K(292864K)->0K(296960K) From: 64K(18432K)->64K(17408K)
[887.380s][info][gc,heap        ] GC(2265) ParOldGen: 629084K(629248K)->629084K(629248K)
[887.380s][info][gc,metaspace   ] GC(2265) Metaspace: 35590K(36288K)->35590K(36288K) NonClass: 26380K(26880K)->26380K(26880K) Class: 9209K(9408K)->9209K(9408K)
[887.380s][info][gc             ] GC(2265) Pause Young (Allocation Failure) 900M->614M(921M) 1.686ms
[887.380s][info][gc,cpu         ] GC(2265) User=0.00s Sys=0.00s Real=0.00s
[887.653s][info][gc,start       ] GC(2266) Pause Young (Allocation Failure)
[887.654s][info][gc,heap        ] GC(2266) PSYoungGen: 297024K(314368K)->64K(313344K) Eden: 296960K(296960K)->0K(296960K) From: 64K(17408K)->64K(16384K)
[887.654s][info][gc,heap        ] GC(2266) ParOldGen: 629084K(629248K)->629092K(629248K)
[887.654s][info][gc,metaspace   ] GC(2266) Metaspace: 35590K(36288K)->35590K(36288K) NonClass: 26380K(26880K)->26380K(26880K) Class: 9209K(9408K)->9209K(9408K)
[887.654s][info][gc             ] GC(2266) Pause Young (Allocation Failure) 904M->614M(920M) 1.839ms
[887.654s][info][gc,cpu         ] GC(2266) User=0.00s Sys=0.00s Real=0.01s
[887.766s][info][gc,start       ] GC(2267) Pause Young (Allocation Failure)
[887.768s][info][gc,heap        ] GC(2267) PSYoungGen: 297024K(313344K)->64K(316416K) Eden: 296960K(296960K)->0K(301056K) From: 64K(16384K)->64K(15360K)
[887.768s][info][gc,heap        ] GC(2267) ParOldGen: 629092K(629248K)->629100K(629248K)
[887.768s][info][gc,metaspace   ] GC(2267) Metaspace: 35590K(36288K)->35590K(36288K) NonClass: 26380K(26880K)->26380K(26880K) Class: 9209K(9408K)->9209K(9408K)
[887.768s][info][gc             ] GC(2267) Pause Young (Allocation Failure) 904M->614M(923M) 1.720ms
[887.768s][info][gc,cpu         ] GC(2267) User=0.00s Sys=0.00s Real=0.00s
[887.894s][info][gc,start       ] GC(2268) Pause Young (Allocation Failure)
[887.895s][info][gc,heap        ] GC(2268) PSYoungGen: 301120K(316416K)->64K(315904K) Eden: 301056K(301056K)->0K(301056K) From: 64K(15360K)->64K(14848K)
[887.895s][info][gc,heap        ] GC(2268) ParOldGen: 629100K(629248K)->629108K(629248K)
[887.895s][info][gc,metaspace   ] GC(2268) Metaspace: 35590K(36288K)->35590K(36288K) NonClass: 26380K(26880K)->26380K(26880K) Class: 9209K(9408K)->9209K(9408K)
[887.895s][info][gc             ] GC(2268) Pause Young (Allocation Failure) 908M->614M(923M) 1.852ms
[887.895s][info][gc,cpu         ] GC(2268) User=0.00s Sys=0.00s Real=0.00s
[888.269s][info][gc,start       ] GC(2269) Pause Young (Allocation Failure)
[888.271s][info][gc,heap        ] GC(2269) PSYoungGen: 301120K(315904K)->64K(317952K) Eden: 301056K(301056K)->0K(304640K) From: 64K(14848K)->64K(13312K)
[888.271s][info][gc,heap        ] GC(2269) ParOldGen: 629108K(629248K)->629116K(629248K)
[888.271s][info][gc,metaspace   ] GC(2269) Metaspace: 35590K(36288K)->35590K(36288K) NonClass: 26380K(26880K)->26380K(26880K) Class: 9209K(9408K)->9209K(9408K)
[888.271s][info][gc             ] GC(2269) Pause Young (Allocation Failure) 908M->614M(925M) 1.759ms
[888.271s][info][gc,cpu         ] GC(2269) User=0.00s Sys=0.00s Real=0.00s
[888.930s][info][gc,start       ] GC(2270) Pause Young (Allocation Failure)
[888.932s][info][gc,heap        ] GC(2270) PSYoungGen: 304704K(317952K)->83K(317440K) Eden: 304640K(304640K)->0K(304640K) From: 64K(13312K)->83K(12800K)
[888.932s][info][gc,heap        ] GC(2270) ParOldGen: 629116K(629248K)->629124K(629248K)
[888.932s][info][gc,metaspace   ] GC(2270) Metaspace: 35590K(36288K)->35590K(36288K) NonClass: 26380K(26880K)->26380K(26880K) Class: 9209K(9408K)->9209K(9408K)
[888.932s][info][gc             ] GC(2270) Pause Young (Allocation Failure) 911M->614M(924M) 1.890ms
[888.932s][info][gc,cpu         ] GC(2270) User=0.00s Sys=0.00s Real=0.00s
[889.870s][info][gc,start       ] GC(2271) Pause Young (Allocation Failure)
[889.872s][info][gc,heap        ] GC(2271) PSYoungGen: 304723K(317440K)->64K(292864K) Eden: 304640K(304640K)->0K(292352K) From: 83K(12800K)->64K(512K)
[889.872s][info][gc,heap        ] GC(2271) ParOldGen: 629124K(629248K)->629132K(629248K)
[889.872s][info][gc,metaspace   ] GC(2271) Metaspace: 35590K(36288K)->35590K(36288K) NonClass: 26380K(26880K)->26380K(26880K) Class: 9209K(9408K)->9209K(9408K)
[889.872s][info][gc             ] GC(2271) Pause Young (Allocation Failure) 911M->614M(900M) 2.024ms
[889.872s][info][gc,cpu         ] GC(2271) User=0.00s Sys=0.00s Real=0.00s
[890.403s][info][gc,start       ] GC(2272) Pause Young (Allocation Failure)
[890.405s][info][gc,heap        ] GC(2272) PSYoungGen: 292416K(292864K)->64K(291840K) Eden: 292352K(292352K)->0K(280576K) From: 64K(512K)->64K(11264K)
[890.405s][info][gc,heap        ] GC(2272) ParOldGen: 629132K(629248K)->629140K(629248K)
[890.405s][info][gc,metaspace   ] GC(2272) Metaspace: 35590K(36288K)->35590K(36288K) NonClass: 26380K(26880K)->26380K(26880K) Class: 9209K(9408K)->9209K(9408K)
[890.405s][info][gc             ] GC(2272) Pause Young (Allocation Failure) 899M->614M(899M) 1.845ms
[890.405s][info][gc,cpu         ] GC(2272) User=0.00s Sys=0.00s Real=0.01s
[891.361s][info][gc,start       ] GC(2273) Pause Young (Allocation Failure)
[891.363s][info][gc,heap        ] GC(2273) PSYoungGen: 280640K(291840K)->64K(270336K) Eden: 280576K(280576K)->0K(269824K) From: 64K(11264K)->64K(512K)
[891.363s][info][gc,heap        ] GC(2273) ParOldGen: 629140K(629248K)->629148K(629248K)
[891.363s][info][gc,metaspace   ] GC(2273) Metaspace: 35590K(36288K)->35590K(36288K) NonClass: 26380K(26880K)->26380K(26880K) Class: 9209K(9408K)->9209K(9408K)
[891.363s][info][gc             ] GC(2273) Pause Young (Allocation Failure) 888M->614M(878M) 1.898ms
[891.363s][info][gc,cpu         ] GC(2273) User=0.01s Sys=0.00s Real=0.00s
[891.740s][info][gc,start       ] GC(2274) Pause Young (Allocation Failure)
[891.742s][info][gc,heap        ] GC(2274) PSYoungGen: 269888K(270336K)->64K(269312K) Eden: 269824K(269824K)->0K(259584K) From: 64K(512K)->64K(9728K)
[891.742s][info][gc,heap        ] GC(2274) ParOldGen: 629148K(629248K)->629156K(629248K)
[891.742s][info][gc,metaspace   ] GC(2274) Metaspace: 35590K(36288K)->35590K(36288K) NonClass: 26380K(26880K)->26380K(26880K) Class: 9209K(9408K)->9209K(9408K)
[891.742s][info][gc             ] GC(2274) Pause Young (Allocation Failure) 877M->614M(877M) 1.797ms
[891.742s][info][gc,cpu         ] GC(2274) User=0.00s Sys=0.00s Real=0.00s
[891.821s][info][gc,start       ] GC(2275) Pause Young (Allocation Failure)
[891.823s][info][gc,heap        ] GC(2275) PSYoungGen: 259648K(269312K)->64K(249856K) Eden: 259584K(259584K)->0K(249344K) From: 64K(9728K)->64K(512K)
[891.823s][info][gc,heap        ] GC(2275) ParOldGen: 629156K(629248K)->629164K(629248K)
[891.823s][info][gc,metaspace   ] GC(2275) Metaspace: 35590K(36288K)->35590K(36288K) NonClass: 26380K(26880K)->26380K(26880K) Class: 9209K(9408K)->9209K(9408K)
[891.823s][info][gc             ] GC(2275) Pause Young (Allocation Failure) 867M->614M(858M) 1.789ms
[891.823s][info][gc,cpu         ] GC(2275) User=0.01s Sys=0.00s Real=0.00s
[892.310s][info][gc,start       ] GC(2276) Pause Young (Allocation Failure)
[892.312s][info][gc,heap        ] GC(2276) PSYoungGen: 249408K(249856K)->64K(248320K) Eden: 249344K(249344K)->0K(239616K) From: 64K(512K)->64K(8704K)
[892.312s][info][gc,heap        ] GC(2276) ParOldGen: 629164K(629248K)->629172K(629248K)
[892.312s][info][gc,metaspace   ] GC(2276) Metaspace: 35590K(36288K)->35590K(36288K) NonClass: 26380K(26880K)->26380K(26880K) Class: 9209K(9408K)->9209K(9408K)
[892.312s][info][gc             ] GC(2276) Pause Young (Allocation Failure) 857M->614M(857M) 1.753ms
[892.312s][info][gc,cpu         ] GC(2276) User=0.00s Sys=0.00s Real=0.00s
[892.568s][info][gc,start       ] GC(2277) Pause Young (Allocation Failure)
[892.570s][info][gc,heap        ] GC(2277) PSYoungGen: 239680K(248320K)->64K(230912K) Eden: 239616K(239616K)->0K(230400K) From: 64K(8704K)->64K(512K)
[892.570s][info][gc,heap        ] GC(2277) ParOldGen: 629172K(629248K)->629180K(629248K)
[892.570s][info][gc,metaspace   ] GC(2277) Metaspace: 35590K(36288K)->35590K(36288K) NonClass: 26380K(26880K)->26380K(26880K) Class: 9209K(9408K)->9209K(9408K)
[892.570s][info][gc             ] GC(2277) Pause Young (Allocation Failure) 848M->614M(840M) 2.095ms
[892.570s][info][gc,cpu         ] GC(2277) User=0.00s Sys=0.00s Real=0.00s
[892.926s][info][gc,start       ] GC(2278) Pause Young (Allocation Failure)
[892.946s][info][gc,heap        ] GC(2278) PSYoungGen: 230464K(230912K)->7680K(282112K) Eden: 230400K(230400K)->0K(274432K) From: 64K(512K)->7680K(7680K)
[892.946s][info][gc,heap        ] GC(2278) ParOldGen: 629180K(629248K)->632812K(632832K)
[892.946s][info][gc,metaspace   ] GC(2278) Metaspace: 35590K(36288K)->35590K(36288K) NonClass: 26380K(26880K)->26380K(26880K) Class: 9209K(9408K)->9209K(9408K)
[892.946s][info][gc             ] GC(2278) Pause Young (Allocation Failure) 839M->625M(893M) 19.558ms
[892.946s][info][gc,cpu         ] GC(2278) User=0.03s Sys=0.00s Real=0.02s
[893.290s][info][gc,start       ] GC(2279) Pause Young (Allocation Failure)
[893.353s][info][gc,heap        ] GC(2279) PSYoungGen: 282112K(282112K)->9728K(275456K) Eden: 274432K(274432K)->0K(265728K) From: 7680K(7680K)->9728K(9728K)
[893.354s][info][gc,heap        ] GC(2279) ParOldGen: 632812K(632832K)->654332K(654336K)
[893.354s][info][gc,metaspace   ] GC(2279) Metaspace: 35590K(36288K)->35590K(36288K) NonClass: 26380K(26880K)->26380K(26880K) Class: 9209K(9408K)->9209K(9408K)
[893.354s][info][gc             ] GC(2279) Pause Young (Allocation Failure) 893M->648M(908M) 63.083ms
[893.354s][info][gc,cpu         ] GC(2279) User=0.11s Sys=0.02s Real=0.07s
[893.601s][info][gc,start       ] GC(2280) Pause Young (Allocation Failure)
[893.638s][info][gc,heap        ] GC(2280) PSYoungGen: 275456K(275456K)->20192K(286208K) Eden: 265728K(265728K)->0K(265728K) From: 9728K(9728K)->20192K(20480K)
[893.638s][info][gc,heap        ] GC(2280) ParOldGen: 654332K(654336K)->654924K(655360K)
[893.638s][info][gc,metaspace   ] GC(2280) Metaspace: 35590K(36288K)->35590K(36288K) NonClass: 26380K(26880K)->26380K(26880K) Class: 9209K(9408K)->9209K(9408K)
[893.638s][info][gc             ] GC(2280) Pause Young (Allocation Failure) 907M->659M(919M) 36.997ms
[893.638s][info][gc,cpu         ] GC(2280) User=0.07s Sys=0.00s Real=0.04s
[893.821s][info][gc,start       ] GC(2281) Pause Young (Allocation Failure)
[893.823s][info][gc,heap        ] GC(2281) PSYoungGen: 285920K(286208K)->64K(309760K) Eden: 265728K(265728K)->0K(284672K) From: 20192K(20480K)->64K(25088K)
[893.823s][info][gc,heap        ] GC(2281) ParOldGen: 654924K(655360K)->654932K(655360K)
[893.823s][info][gc,metaspace   ] GC(2281) Metaspace: 35590K(36288K)->35590K(36288K) NonClass: 26380K(26880K)->26380K(26880K) Class: 9209K(9408K)->9209K(9408K)
[893.823s][info][gc             ] GC(2281) Pause Young (Allocation Failure) 918M->639M(942M) 1.965ms
[893.823s][info][gc,cpu         ] GC(2281) User=0.01s Sys=0.00s Real=0.00s
[894.487s][info][gc,start       ] GC(2282) Pause Young (Allocation Failure)
[894.489s][info][gc,heap        ] GC(2282) PSYoungGen: 284736K(309760K)->64K(285184K) Eden: 284672K(284672K)->0K(284672K) From: 64K(25088K)->64K(512K)
[894.489s][info][gc,heap        ] GC(2282) ParOldGen: 654932K(655360K)->654940K(655360K)
[894.489s][info][gc,metaspace   ] GC(2282) Metaspace: 35590K(36288K)->35590K(36288K) NonClass: 26380K(26880K)->26380K(26880K) Class: 9209K(9408K)->9209K(9408K)
[894.489s][info][gc             ] GC(2282) Pause Young (Allocation Failure) 917M->639M(918M) 1.969ms
[894.489s][info][gc,cpu         ] GC(2282) User=0.00s Sys=0.00s Real=0.00s
[894.958s][info][gc,start       ] GC(2283) Pause Young (Allocation Failure)
[894.960s][info][gc,heap        ] GC(2283) PSYoungGen: 284736K(285184K)->64K(308224K) Eden: 284672K(284672K)->0K(285184K) From: 64K(512K)->64K(23040K)
[894.960s][info][gc,heap        ] GC(2283) ParOldGen: 654940K(655360K)->654956K(655360K)
[894.960s][info][gc,metaspace   ] GC(2283) Metaspace: 35590K(36288K)->35590K(36288K) NonClass: 26380K(26880K)->26380K(26880K) Class: 9209K(9408K)->9209K(9408K)
[894.960s][info][gc             ] GC(2283) Pause Young (Allocation Failure) 917M->639M(941M) 1.957ms
[894.960s][info][gc,cpu         ] GC(2283) User=0.00s Sys=0.00s Real=0.00s
[895.194s][info][gc,start       ] GC(2284) Pause Young (Allocation Failure)
[895.196s][info][gc,heap        ] GC(2284) PSYoungGen: 285248K(308224K)->64K(307712K) Eden: 285184K(285184K)->0K(285184K) From: 64K(23040K)->64K(22528K)
[895.196s][info][gc,heap        ] GC(2284) ParOldGen: 654956K(655360K)->654972K(655360K)
[895.196s][info][gc,metaspace   ] GC(2284) Metaspace: 35590K(36288K)->35590K(36288K) NonClass: 26380K(26880K)->26380K(26880K) Class: 9209K(9408K)->9209K(9408K)
[895.196s][info][gc             ] GC(2284) Pause Young (Allocation Failure) 918M->639M(940M) 1.845ms
[895.196s][info][gc,cpu         ] GC(2284) User=0.01s Sys=0.00s Real=0.00s
[895.429s][info][gc,start       ] GC(2285) Pause Young (Allocation Failure)
[895.431s][info][gc,heap        ] GC(2285) PSYoungGen: 285248K(307712K)->64K(310272K) Eden: 285184K(285184K)->0K(289280K) From: 64K(22528K)->64K(20992K)
[895.431s][info][gc,heap        ] GC(2285) ParOldGen: 654972K(655360K)->654972K(655360K)
[895.431s][info][gc,metaspace   ] GC(2285) Metaspace: 35590K(36288K)->35590K(36288K) NonClass: 26380K(26880K)->26380K(26880K) Class: 9209K(9408K)->9209K(9408K)
[895.431s][info][gc             ] GC(2285) Pause Young (Allocation Failure) 918M->639M(943M) 1.805ms
[895.431s][info][gc,cpu         ] GC(2285) User=0.00s Sys=0.00s Real=0.00s
[895.787s][info][gc,start       ] GC(2286) Pause Young (Allocation Failure)
[895.789s][info][gc,heap        ] GC(2286) PSYoungGen: 289344K(310272K)->64K(309760K) Eden: 289280K(289280K)->0K(289280K) From: 64K(20992K)->64K(20480K)
[895.789s][info][gc,heap        ] GC(2286) ParOldGen: 654972K(655360K)->654972K(655360K)
[895.789s][info][gc,metaspace   ] GC(2286) Metaspace: 35590K(36288K)->35590K(36288K) NonClass: 26380K(26880K)->26380K(26880K) Class: 9209K(9408K)->9209K(9408K)
[895.789s][info][gc             ] GC(2286) Pause Young (Allocation Failure) 922M->639M(942M) 1.872ms
[895.789s][info][gc,cpu         ] GC(2286) User=0.00s Sys=0.00s Real=0.00s
[895.838s][info][gc,start       ] GC(2287) Pause Young (Allocation Failure)
[895.839s][info][gc,heap        ] GC(2287) PSYoungGen: 289344K(309760K)->64K(312320K) Eden: 289280K(289280K)->0K(293376K) From: 64K(20480K)->64K(18944K)
[895.840s][info][gc,heap        ] GC(2287) ParOldGen: 654972K(655360K)->654988K(655360K)
[895.840s][info][gc,metaspace   ] GC(2287) Metaspace: 35590K(36288K)->35590K(36288K) NonClass: 26380K(26880K)->26380K(26880K) Class: 9209K(9408K)->9209K(9408K)
[895.840s][info][gc             ] GC(2287) Pause Young (Allocation Failure) 922M->639M(945M) 1.696ms
[895.840s][info][gc,cpu         ] GC(2287) User=0.00s Sys=0.00s Real=0.00s
[895.889s][info][gc,start       ] GC(2288) Pause Young (Allocation Failure)
[895.891s][info][gc,heap        ] GC(2288) PSYoungGen: 293440K(312320K)->64K(311808K) Eden: 293376K(293376K)->0K(293376K) From: 64K(18944K)->64K(18432K)
[895.891s][info][gc,heap        ] GC(2288) ParOldGen: 654988K(655360K)->654988K(655360K)
[895.891s][info][gc,metaspace   ] GC(2288) Metaspace: 35590K(36288K)->35590K(36288K) NonClass: 26380K(26880K)->26380K(26880K) Class: 9209K(9408K)->9209K(9408K)
[895.891s][info][gc             ] GC(2288) Pause Young (Allocation Failure) 926M->639M(944M) 1.679ms
[895.891s][info][gc,cpu         ] GC(2288) User=0.00s Sys=0.00s Real=0.00s
[896.157s][info][gc,start       ] GC(2289) Pause Young (Allocation Failure)
[896.159s][info][gc,heap        ] GC(2289) PSYoungGen: 293440K(311808K)->64K(314368K) Eden: 293376K(293376K)->0K(297472K) From: 64K(18432K)->64K(16896K)
[896.159s][info][gc,heap        ] GC(2289) ParOldGen: 654988K(655360K)->654988K(655360K)
[896.159s][info][gc,metaspace   ] GC(2289) Metaspace: 35590K(36288K)->35590K(36288K) NonClass: 26380K(26880K)->26380K(26880K) Class: 9209K(9408K)->9209K(9408K)
[896.159s][info][gc             ] GC(2289) Pause Young (Allocation Failure) 926M->639M(947M) 1.762ms
[896.159s][info][gc,cpu         ] GC(2289) User=0.00s Sys=0.00s Real=0.00s
[896.422s][info][gc,start       ] GC(2290) Pause Young (Allocation Failure)
[896.424s][info][gc,heap        ] GC(2290) PSYoungGen: 297536K(314368K)->64K(313856K) Eden: 297472K(297472K)->0K(297472K) From: 64K(16896K)->64K(16384K)
[896.424s][info][gc,heap        ] GC(2290) ParOldGen: 654988K(655360K)->654996K(655360K)
[896.424s][info][gc,metaspace   ] GC(2290) Metaspace: 35598K(36352K)->35598K(36352K) NonClass: 26388K(26944K)->26388K(26944K) Class: 9209K(9408K)->9209K(9408K)
[896.424s][info][gc             ] GC(2290) Pause Young (Allocation Failure) 930M->639M(946M) 1.825ms
[896.424s][info][gc,cpu         ] GC(2290) User=0.00s Sys=0.00s Real=0.01s
[896.527s][info][gc,start       ] GC(2291) Pause Young (Allocation Failure)
[896.529s][info][gc,heap        ] GC(2291) PSYoungGen: 297536K(313856K)->64K(316416K) Eden: 297472K(297472K)->0K(301568K) From: 64K(16384K)->64K(14848K)
[896.529s][info][gc,heap        ] GC(2291) ParOldGen: 654996K(655360K)->655004K(655360K)
[896.529s][info][gc,metaspace   ] GC(2291) Metaspace: 35598K(36352K)->35598K(36352K) NonClass: 26388K(26944K)->26388K(26944K) Class: 9209K(9408K)->9209K(9408K)
[896.529s][info][gc             ] GC(2291) Pause Young (Allocation Failure) 930M->639M(949M) 1.868ms
[896.529s][info][gc,cpu         ] GC(2291) User=0.00s Sys=0.00s Real=0.00s
[896.663s][info][gc,start       ] GC(2292) Pause Young (Allocation Failure)
[896.664s][info][gc,heap        ] GC(2292) PSYoungGen: 301632K(316416K)->64K(315904K) Eden: 301568K(301568K)->0K(301568K) From: 64K(14848K)->64K(14336K)
[896.664s][info][gc,heap        ] GC(2292) ParOldGen: 655004K(655360K)->655012K(655360K)
[896.664s][info][gc,metaspace   ] GC(2292) Metaspace: 35598K(36352K)->35598K(36352K) NonClass: 26388K(26944K)->26388K(26944K) Class: 9209K(9408K)->9209K(9408K)
[896.664s][info][gc             ] GC(2292) Pause Young (Allocation Failure) 934M->639M(948M) 1.739ms
[896.664s][info][gc,cpu         ] GC(2292) User=0.00s Sys=0.00s Real=0.01s
[897.057s][info][gc,start       ] GC(2293) Pause Young (Allocation Failure)
[897.059s][info][gc,heap        ] GC(2293) PSYoungGen: 301632K(315904K)->64K(318464K) Eden: 301568K(301568K)->0K(305664K) From: 64K(14336K)->64K(12800K)
[897.059s][info][gc,heap        ] GC(2293) ParOldGen: 655012K(655360K)->655020K(655360K)
[897.059s][info][gc,metaspace   ] GC(2293) Metaspace: 35598K(36352K)->35598K(36352K) NonClass: 26388K(26944K)->26388K(26944K) Class: 9209K(9408K)->9209K(9408K)
[897.059s][info][gc             ] GC(2293) Pause Young (Allocation Failure) 934M->639M(951M) 1.847ms
[897.059s][info][gc,cpu         ] GC(2293) User=0.00s Sys=0.00s Real=0.00s
[897.694s][info][gc,start       ] GC(2294) Pause Young (Allocation Failure)
[897.696s][info][gc,heap        ] GC(2294) PSYoungGen: 305728K(318464K)->83K(318464K) Eden: 305664K(305664K)->0K(305664K) From: 64K(12800K)->83K(12800K)
[897.696s][info][gc,heap        ] GC(2294) ParOldGen: 655020K(655360K)->655028K(655360K)
[897.696s][info][gc,metaspace   ] GC(2294) Metaspace: 35598K(36352K)->35598K(36352K) NonClass: 26388K(26944K)->26388K(26944K) Class: 9209K(9408K)->9209K(9408K)
[897.696s][info][gc             ] GC(2294) Pause Young (Allocation Failure) 938M->639M(951M) 1.893ms
[897.696s][info][gc,cpu         ] GC(2294) User=0.01s Sys=0.00s Real=0.00s
[898.653s][info][gc,start       ] GC(2295) Pause Young (Allocation Failure)
[898.655s][info][gc,heap        ] GC(2295) PSYoungGen: 305747K(318464K)->64K(293888K) Eden: 305664K(305664K)->0K(293376K) From: 83K(12800K)->64K(512K)
[898.655s][info][gc,heap        ] GC(2295) ParOldGen: 655028K(655360K)->655036K(655360K)
[898.655s][info][gc,metaspace   ] GC(2295) Metaspace: 35598K(36352K)->35598K(36352K) NonClass: 26388K(26944K)->26388K(26944K) Class: 9209K(9408K)->9209K(9408K)
[898.655s][info][gc             ] GC(2295) Pause Young (Allocation Failure) 938M->639M(927M) 2.034ms
[898.655s][info][gc,cpu         ] GC(2295) User=0.00s Sys=0.00s Real=0.01s
[899.196s][info][gc,start       ] GC(2296) Pause Young (Allocation Failure)
[899.198s][info][gc,heap        ] GC(2296) PSYoungGen: 293440K(293888K)->64K(292864K) Eden: 293376K(293376K)->0K(281600K) From: 64K(512K)->64K(11264K)
[899.198s][info][gc,heap        ] GC(2296) ParOldGen: 655036K(655360K)->655044K(655360K)
[899.198s][info][gc,metaspace   ] GC(2296) Metaspace: 35598K(36352K)->35598K(36352K) NonClass: 26388K(26944K)->26388K(26944K) Class: 9209K(9408K)->9209K(9408K)
[899.198s][info][gc             ] GC(2296) Pause Young (Allocation Failure) 926M->639M(926M) 2.011ms
[899.198s][info][gc,cpu         ] GC(2296) User=0.00s Sys=0.00s Real=0.00s
[900.173s][info][gc,start       ] GC(2297) Pause Young (Allocation Failure)
[900.175s][info][gc,heap        ] GC(2297) PSYoungGen: 281664K(292864K)->64K(270848K) Eden: 281600K(281600K)->0K(270336K) From: 64K(11264K)->64K(512K)
[900.175s][info][gc,heap        ] GC(2297) ParOldGen: 655044K(655360K)->655052K(655360K)
[900.175s][info][gc,metaspace   ] GC(2297) Metaspace: 35598K(36352K)->35598K(36352K) NonClass: 26388K(26944K)->26388K(26944K) Class: 9209K(9408K)->9209K(9408K)
[900.175s][info][gc             ] GC(2297) Pause Young (Allocation Failure) 914M->639M(904M) 2.151ms
[900.175s][info][gc,cpu         ] GC(2297) User=0.01s Sys=0.00s Real=0.01s
[900.562s][info][gc,start       ] GC(2298) Pause Young (Allocation Failure)
[900.565s][info][gc,heap        ] GC(2298) PSYoungGen: 270400K(270848K)->64K(269312K) Eden: 270336K(270336K)->0K(259584K) From: 64K(512K)->64K(9728K)
[900.565s][info][gc,heap        ] GC(2298) ParOldGen: 655052K(655360K)->655060K(655360K)
[900.565s][info][gc,metaspace   ] GC(2298) Metaspace: 35598K(36352K)->35598K(36352K) NonClass: 26388K(26944K)->26388K(26944K) Class: 9209K(9408K)->9209K(9408K)
[900.565s][info][gc             ] GC(2298) Pause Young (Allocation Failure) 903M->639M(903M) 2.768ms
[900.565s][info][gc,cpu         ] GC(2298) User=0.01s Sys=0.00s Real=0.01s
[900.647s][info][gc,start       ] GC(2299) Pause Young (Allocation Failure)
[900.649s][info][gc,heap        ] GC(2299) PSYoungGen: 259648K(269312K)->64K(302592K) Eden: 259584K(259584K)->0K(293376K) From: 64K(9728K)->64K(9216K)
[900.649s][info][gc,heap        ] GC(2299) ParOldGen: 655060K(655360K)->655068K(655360K)
[900.649s][info][gc,metaspace   ] GC(2299) Metaspace: 35598K(36352K)->35598K(36352K) NonClass: 26388K(26944K)->26388K(26944K) Class: 9209K(9408K)->9209K(9408K)
[900.649s][info][gc             ] GC(2299) Pause Young (Allocation Failure) 893M->639M(935M) 2.118ms
[900.649s][info][gc,cpu         ] GC(2299) User=0.00s Sys=0.00s Real=0.00s
[901.262s][info][gc,start       ] GC(2300) Pause Young (Allocation Failure)
[901.266s][info][gc,heap        ] GC(2300) PSYoungGen: 293440K(302592K)->64K(282112K) Eden: 293376K(293376K)->0K(281600K) From: 64K(9216K)->64K(512K)
[901.266s][info][gc,heap        ] GC(2300) ParOldGen: 655068K(655360K)->655076K(655360K)
[901.266s][info][gc,metaspace   ] GC(2300) Metaspace: 35598K(36352K)->35598K(36352K) NonClass: 26388K(26944K)->26388K(26944K) Class: 9209K(9408K)->9209K(9408K)
[901.266s][info][gc             ] GC(2300) Pause Young (Allocation Failure) 926M->639M(915M) 3.643ms
[901.266s][info][gc,cpu         ] GC(2300) User=0.00s Sys=0.00s Real=0.01s
[901.572s][info][gc,start       ] GC(2301) Pause Young (Allocation Failure)
[901.575s][info][gc,heap        ] GC(2301) PSYoungGen: 281663K(282112K)->64K(270848K) Eden: 281599K(281600K)->0K(270336K) From: 64K(512K)->64K(512K)
[901.575s][info][gc,heap        ] GC(2301) ParOldGen: 655076K(655360K)->655084K(655360K)
[901.575s][info][gc,metaspace   ] GC(2301) Metaspace: 35598K(36352K)->35598K(36352K) NonClass: 26388K(26944K)->26388K(26944K) Class: 9209K(9408K)->9209K(9408K)
[901.575s][info][gc             ] GC(2301) Pause Young (Allocation Failure) 914M->639M(904M) 2.800ms
[901.575s][info][gc,cpu         ] GC(2301) User=0.00s Sys=0.00s Real=0.01s
[901.985s][info][gc,start       ] GC(2302) Pause Young (Allocation Failure)
[902.044s][info][gc,promotion   ] GC(2302) Promotion failed
[902.044s][info][gc,heap        ] GC(2302) PSYoungGen: 270400K(270848K)->270400K(270848K) Eden: 270336K(270336K)->270336K(270336K) From: 64K(512K)->64K(512K)
[902.044s][info][gc,heap        ] GC(2302) ParOldGen: 655084K(655360K)->667644K(667648K)
[902.044s][info][gc,metaspace   ] GC(2302) Metaspace: 35598K(36352K)->35598K(36352K) NonClass: 26388K(26944K)->26388K(26944K) Class: 9209K(9408K)->9209K(9408K)
[902.044s][info][gc             ] GC(2302) Pause Young (Allocation Failure) 903M->916M(916M) 59.046ms
[902.044s][info][gc,cpu         ] GC(2302) User=0.10s Sys=0.02s Real=0.06s
[902.044s][info][gc,start       ] GC(2303) Pause Full (Allocation Failure)
[902.044s][info][gc,phases,start] GC(2303) Marking Phase
[902.124s][info][gc,phases      ] GC(2303) Marking Phase 79.578ms
[902.124s][info][gc,phases,start] GC(2303) Summary Phase
[902.124s][info][gc,phases      ] GC(2303) Summary Phase 0.025ms
[902.124s][info][gc,phases,start] GC(2303) Forward
[902.141s][info][gc,phases      ] GC(2303) Forward 16.980ms
[902.141s][info][gc,phases,start] GC(2303) Adjust Pointers
[902.175s][info][gc,phases      ] GC(2303) Adjust Pointers 34.560ms
[902.175s][info][gc,phases,start] GC(2303) Compaction Phase
[902.195s][info][gc,phases      ] GC(2303) Compaction Phase 19.754ms
[902.195s][info][gc,phases,start] GC(2303) Post Compact
[902.198s][info][metaspace      ] ChkMgr @0x00007fb3ac03f160 (non-class-space): : reclaiming memory...
[902.198s][info][metaspace      ] ChkMgr @0x00007fb3ac03f160 (non-class-space): nothing reclaimed.
[902.198s][info][metaspace      ] ChkMgr @0x00007fb3ac03ef70 (class-space): : reclaiming memory...
[902.198s][info][metaspace      ] ChkMgr @0x00007fb3ac03ef70 (class-space): nothing reclaimed.
[902.198s][info][gc,phases      ] GC(2303) Post Compact 2.710ms
[902.236s][info][gc,heap        ] GC(2303) PSYoungGen: 270400K(270848K)->0K(287744K) Eden: 270336K(270336K)->0K(280576K) From: 64K(512K)->0K(7168K)
[902.236s][info][gc,heap        ] GC(2303) ParOldGen: 667644K(667648K)->84391K(175104K)
[902.236s][info][gc,metaspace   ] GC(2303) Metaspace: 35598K(36352K)->35486K(36352K) NonClass: 26388K(26944K)->26277K(26944K) Class: 9209K(9408K)->9209K(9408K)
[902.237s][info][gc             ] GC(2303) Pause Full (Allocation Failure) 916M->82M(452M) 192.393ms
[902.237s][info][gc,cpu         ] GC(2303) User=0.26s Sys=0.04s Real=0.19s
[902.642s][info][gc,start       ] GC(2304) Pause Young (Allocation Failure)
[902.693s][info][gc,heap        ] GC(2304) PSYoungGen: 280576K(287744K)->7168K(304128K) Eden: 280576K(280576K)->0K(296960K) From: 0K(7168K)->7168K(7168K)
[902.693s][info][gc,heap        ] GC(2304) ParOldGen: 84391K(175104K)->109063K(175104K)
[902.693s][info][gc,metaspace   ] GC(2304) Metaspace: 35486K(36352K)->35486K(36352K) NonClass: 26277K(26944K)->26277K(26944K) Class: 9209K(9408K)->9209K(9408K)
[902.693s][info][gc             ] GC(2304) Pause Young (Allocation Failure) 356M->113M(468M) 50.533ms
[902.693s][info][gc,cpu         ] GC(2304) User=0.09s Sys=0.01s Real=0.05s
[902.813s][info][gc,start       ] GC(2305) Pause Young (Allocation Failure)
[902.824s][info][gc,heap        ] GC(2305) PSYoungGen: 304128K(304128K)->1984K(315392K) Eden: 296960K(296960K)->0K(296960K) From: 7168K(7168K)->1984K(18432K)
[902.824s][info][gc,heap        ] GC(2305) ParOldGen: 109063K(175104K)->109735K(175104K)
[902.824s][info][gc,metaspace   ] GC(2305) Metaspace: 35486K(36352K)->35486K(36352K) NonClass: 26277K(26944K)->26277K(26944K) Class: 9209K(9408K)->9209K(9408K)
[902.824s][info][gc             ] GC(2305) Pause Young (Allocation Failure) 403M->109M(479M) 11.318ms
[902.824s][info][gc,cpu         ] GC(2305) User=0.02s Sys=0.00s Real=0.02s
[903.477s][info][gc,start       ] GC(2306) Pause Young (Allocation Failure)
[903.478s][info][gc,heap        ] GC(2306) PSYoungGen: 298944K(315392K)->64K(312832K) Eden: 296960K(296960K)->0K(298496K) From: 1984K(18432K)->64K(14336K)
[903.478s][info][gc,heap        ] GC(2306) ParOldGen: 109735K(175104K)->109743K(175104K)
[903.478s][info][gc,metaspace   ] GC(2306) Metaspace: 35486K(36352K)->35486K(36352K) NonClass: 26277K(26944K)->26277K(26944K) Class: 9209K(9408K)->9209K(9408K)
[903.478s][info][gc             ] GC(2306) Pause Young (Allocation Failure) 399M->107M(476M) 1.010ms
[903.478s][info][gc,cpu         ] GC(2306) User=0.00s Sys=0.00s Real=0.00s
[903.868s][info][gc,start       ] GC(2307) Pause Young (Allocation Failure)
[903.868s][info][gc,heap        ] GC(2307) PSYoungGen: 298560K(312832K)->64K(314880K) Eden: 298496K(298496K)->0K(298496K) From: 64K(14336K)->64K(16384K)
[903.868s][info][gc,heap        ] GC(2307) ParOldGen: 109743K(175104K)->109751K(175104K)
[903.868s][info][gc,metaspace   ] GC(2307) Metaspace: 35486K(36352K)->35486K(36352K) NonClass: 26277K(26944K)->26277K(26944K) Class: 9209K(9408K)->9209K(9408K)
[903.868s][info][gc             ] GC(2307) Pause Young (Allocation Failure) 398M->107M(478M) 0.731ms
[903.868s][info][gc,cpu         ] GC(2307) User=0.00s Sys=0.00s Real=0.00s
[904.299s][info][gc,start       ] GC(2308) Pause Young (Allocation Failure)
[904.300s][info][gc,heap        ] GC(2308) PSYoungGen: 298560K(314880K)->64K(314880K) Eden: 298496K(298496K)->0K(301568K) From: 64K(16384K)->64K(13312K)
[904.300s][info][gc,heap        ] GC(2308) ParOldGen: 109751K(175104K)->109767K(175104K)
[904.300s][info][gc,metaspace   ] GC(2308) Metaspace: 35486K(36352K)->35486K(36352K) NonClass: 26277K(26944K)->26277K(26944K) Class: 9209K(9408K)->9209K(9408K)
[904.300s][info][gc             ] GC(2308) Pause Young (Allocation Failure) 398M->107M(478M) 0.704ms
[904.300s][info][gc,cpu         ] GC(2308) User=0.00s Sys=0.00s Real=0.00s
[904.552s][info][gc,start       ] GC(2309) Pause Young (Allocation Failure)
[904.552s][info][gc,heap        ] GC(2309) PSYoungGen: 301632K(314880K)->64K(316416K) Eden: 301568K(301568K)->0K(301568K) From: 64K(13312K)->64K(14848K)
[904.552s][info][gc,heap        ] GC(2309) ParOldGen: 109767K(175104K)->109783K(175104K)
[904.552s][info][gc,metaspace   ] GC(2309) Metaspace: 35486K(36352K)->35486K(36352K) NonClass: 26277K(26944K)->26277K(26944K) Class: 9209K(9408K)->9209K(9408K)
[904.553s][info][gc             ] GC(2309) Pause Young (Allocation Failure) 401M->107M(480M) 0.731ms
[904.553s][info][gc,cpu         ] GC(2309) User=0.00s Sys=0.00s Real=0.00s
[904.936s][info][gc,start       ] GC(2310) Pause Young (Allocation Failure)
[904.936s][info][gc,heap        ] GC(2310) PSYoungGen: 301632K(316416K)->64K(316416K) Eden: 301568K(301568K)->0K(304640K) From: 64K(14848K)->64K(11776K)
[904.936s][info][gc,heap        ] GC(2310) ParOldGen: 109783K(175104K)->109783K(175104K)
[904.936s][info][gc,metaspace   ] GC(2310) Metaspace: 35486K(36352K)->35486K(36352K) NonClass: 26277K(26944K)->26277K(26944K) Class: 9209K(9408K)->9209K(9408K)
[904.936s][info][gc             ] GC(2310) Pause Young (Allocation Failure) 401M->107M(480M) 0.768ms
[904.937s][info][gc,cpu         ] GC(2310) User=0.00s Sys=0.00s Real=0.00s
[904.991s][info][gc,start       ] GC(2311) Pause Young (Allocation Failure)
[904.992s][info][gc,heap        ] GC(2311) PSYoungGen: 304704K(316416K)->32K(317952K) Eden: 304640K(304640K)->0K(304640K) From: 64K(11776K)->32K(13312K)
[904.992s][info][gc,heap        ] GC(2311) ParOldGen: 109783K(175104K)->109799K(175104K)
[904.992s][info][gc,metaspace   ] GC(2311) Metaspace: 35486K(36352K)->35486K(36352K) NonClass: 26277K(26944K)->26277K(26944K) Class: 9209K(9408K)->9209K(9408K)
[904.992s][info][gc             ] GC(2311) Pause Young (Allocation Failure) 404M->107M(481M) 0.632ms
[904.992s][info][gc,cpu         ] GC(2311) User=0.00s Sys=0.00s Real=0.00s
[905.044s][info][gc,start       ] GC(2312) Pause Young (Allocation Failure)
[905.044s][info][gc,heap        ] GC(2312) PSYoungGen: 304672K(317952K)->64K(317952K) Eden: 304640K(304640K)->0K(307712K) From: 32K(13312K)->64K(10240K)
[905.044s][info][gc,heap        ] GC(2312) ParOldGen: 109799K(175104K)->109799K(175104K)
[905.044s][info][gc,metaspace   ] GC(2312) Metaspace: 35486K(36352K)->35486K(36352K) NonClass: 26277K(26944K)->26277K(26944K) Class: 9209K(9408K)->9209K(9408K)
[905.044s][info][gc             ] GC(2312) Pause Young (Allocation Failure) 404M->107M(481M) 0.626ms
[905.044s][info][gc,cpu         ] GC(2312) User=0.00s Sys=0.00s Real=0.00s
[905.348s][info][gc,start       ] GC(2313) Pause Young (Allocation Failure)
[905.348s][info][gc,heap        ] GC(2313) PSYoungGen: 307776K(317952K)->64K(319488K) Eden: 307712K(307712K)->0K(307712K) From: 64K(10240K)->64K(11776K)
[905.348s][info][gc,heap        ] GC(2313) ParOldGen: 109799K(175104K)->109799K(175104K)
[905.348s][info][gc,metaspace   ] GC(2313) Metaspace: 35486K(36352K)->35486K(36352K) NonClass: 26277K(26944K)->26277K(26944K) Class: 9209K(9408K)->9209K(9408K)
[905.348s][info][gc             ] GC(2313) Pause Young (Allocation Failure) 407M->107M(483M) 0.668ms
[905.348s][info][gc,cpu         ] GC(2313) User=0.00s Sys=0.00s Real=0.00s
[905.607s][info][gc,start       ] GC(2314) Pause Young (Allocation Failure)
[905.608s][info][gc,heap        ] GC(2314) PSYoungGen: 307776K(319488K)->64K(295936K) Eden: 307712K(307712K)->0K(295424K) From: 64K(11776K)->64K(512K)
[905.608s][info][gc,heap        ] GC(2314) ParOldGen: 109799K(175104K)->109807K(175104K)
[905.608s][info][gc,metaspace   ] GC(2314) Metaspace: 35487K(36352K)->35487K(36352K) NonClass: 26278K(26944K)->26278K(26944K) Class: 9209K(9408K)->9209K(9408K)
[905.608s][info][gc             ] GC(2314) Pause Young (Allocation Failure) 407M->107M(460M) 1.020ms
[905.608s][info][gc,cpu         ] GC(2314) User=0.00s Sys=0.00s Real=0.00s
[905.691s][info][gc,start       ] GC(2315) Pause Young (Allocation Failure)
[905.691s][info][gc,heap        ] GC(2315) PSYoungGen: 295488K(295936K)->64K(294400K) Eden: 295424K(295424K)->0K(283648K) From: 64K(512K)->64K(10752K)
[905.691s][info][gc,heap        ] GC(2315) ParOldGen: 109807K(175104K)->109815K(175104K)
[905.691s][info][gc,metaspace   ] GC(2315) Metaspace: 35487K(36352K)->35487K(36352K) NonClass: 26278K(26944K)->26278K(26944K) Class: 9209K(9408K)->9209K(9408K)
[905.691s][info][gc             ] GC(2315) Pause Young (Allocation Failure) 395M->107M(458M) 0.648ms
[905.691s][info][gc,cpu         ] GC(2315) User=0.00s Sys=0.00s Real=0.00s
[905.828s][info][gc,start       ] GC(2316) Pause Young (Allocation Failure)
[905.828s][info][gc,heap        ] GC(2316) PSYoungGen: 283712K(294400K)->64K(272896K) Eden: 283648K(283648K)->0K(272384K) From: 64K(10752K)->64K(512K)
[905.828s][info][gc,heap        ] GC(2316) ParOldGen: 109815K(175104K)->109823K(175104K)
[905.828s][info][gc,metaspace   ] GC(2316) Metaspace: 35487K(36352K)->35487K(36352K) NonClass: 26278K(26944K)->26278K(26944K) Class: 9209K(9408K)->9209K(9408K)
[905.829s][info][gc             ] GC(2316) Pause Young (Allocation Failure) 384M->107M(437M) 0.666ms
[905.829s][info][gc,cpu         ] GC(2316) User=0.01s Sys=0.00s Real=0.00s
[906.198s][info][gc,start       ] GC(2317) Pause Young (Allocation Failure)
[906.198s][info][gc,heap        ] GC(2317) PSYoungGen: 272448K(272896K)->64K(270848K) Eden: 272384K(272384K)->0K(261632K) From: 64K(512K)->64K(9216K)
[906.198s][info][gc,heap        ] GC(2317) ParOldGen: 109823K(175104K)->109831K(175104K)
[906.198s][info][gc,metaspace   ] GC(2317) Metaspace: 35487K(36352K)->35487K(36352K) NonClass: 26278K(26944K)->26278K(26944K) Class: 9209K(9408K)->9209K(9408K)
[906.198s][info][gc             ] GC(2317) Pause Young (Allocation Failure) 373M->107M(435M) 0.627ms
[906.198s][info][gc,cpu         ] GC(2317) User=0.00s Sys=0.00s Real=0.00s
[906.827s][info][gc,start       ] GC(2318) Pause Young (Allocation Failure)
[906.828s][info][gc,heap        ] GC(2318) PSYoungGen: 261696K(270848K)->64K(251904K) Eden: 261632K(261632K)->0K(251392K) From: 64K(9216K)->64K(512K)
[906.828s][info][gc,heap        ] GC(2318) ParOldGen: 109831K(175104K)->109839K(175104K)
[906.828s][info][gc,metaspace   ] GC(2318) Metaspace: 35487K(36352K)->35487K(36352K) NonClass: 26278K(26944K)->26278K(26944K) Class: 9209K(9408K)->9209K(9408K)
[906.828s][info][gc             ] GC(2318) Pause Young (Allocation Failure) 362M->107M(417M) 0.816ms
[906.828s][info][gc,cpu         ] GC(2318) User=0.00s Sys=0.00s Real=0.00s
[907.700s][info][gc,start       ] GC(2319) Pause Young (Allocation Failure)
[907.701s][info][gc,heap        ] GC(2319) PSYoungGen: 251456K(251904K)->64K(249856K) Eden: 251392K(251392K)->0K(241664K) From: 64K(512K)->64K(8192K)
[907.701s][info][gc,heap        ] GC(2319) ParOldGen: 109839K(175104K)->109847K(175104K)
[907.701s][info][gc,metaspace   ] GC(2319) Metaspace: 35487K(36352K)->35487K(36352K) NonClass: 26278K(26944K)->26278K(26944K) Class: 9209K(9408K)->9209K(9408K)
[907.701s][info][gc             ] GC(2319) Pause Young (Allocation Failure) 352M->107M(415M) 0.680ms
[907.701s][info][gc,cpu         ] GC(2319) User=0.00s Sys=0.00s Real=0.00s
[908.091s][info][gc,start       ] GC(2320) Pause Young (Allocation Failure)
[908.092s][info][gc,heap        ] GC(2320) PSYoungGen: 241728K(249856K)->64K(232960K) Eden: 241664K(241664K)->0K(232448K) From: 64K(8192K)->64K(512K)
[908.092s][info][gc,heap        ] GC(2320) ParOldGen: 109847K(175104K)->109855K(175104K)
[908.092s][info][gc,metaspace   ] GC(2320) Metaspace: 35487K(36352K)->35487K(36352K) NonClass: 26278K(26944K)->26278K(26944K) Class: 9209K(9408K)->9209K(9408K)
[908.092s][info][gc             ] GC(2320) Pause Young (Allocation Failure) 343M->107M(398M) 1.519ms
[908.092s][info][gc,cpu         ] GC(2320) User=0.00s Sys=0.00s Real=0.00s
[909.081s][info][gc,start       ] GC(2321) Pause Young (Allocation Failure)
[909.082s][info][gc,heap        ] GC(2321) PSYoungGen: 232512K(232960K)->64K(230912K) Eden: 232448K(232448K)->0K(223744K) From: 64K(512K)->64K(7168K)
[909.082s][info][gc,heap        ] GC(2321) ParOldGen: 109855K(175104K)->109863K(175104K)
[909.082s][info][gc,metaspace   ] GC(2321) Metaspace: 35487K(36352K)->35487K(36352K) NonClass: 26278K(26944K)->26278K(26944K) Class: 9209K(9408K)->9209K(9408K)
[909.082s][info][gc             ] GC(2321) Pause Young (Allocation Failure) 334M->107M(396M) 0.704ms
[909.082s][info][gc,cpu         ] GC(2321) User=0.00s Sys=0.00s Real=0.00s
[909.290s][info][gc,start       ] GC(2322) Pause Young (Allocation Failure)
[909.291s][info][gc,heap        ] GC(2322) PSYoungGen: 223808K(230912K)->64K(216064K) Eden: 223744K(223744K)->0K(215552K) From: 64K(7168K)->64K(512K)
[909.291s][info][gc,heap        ] GC(2322) ParOldGen: 109863K(175104K)->109871K(175104K)
[909.291s][info][gc,metaspace   ] GC(2322) Metaspace: 35487K(36352K)->35487K(36352K) NonClass: 26278K(26944K)->26278K(26944K) Class: 9209K(9408K)->9209K(9408K)
[909.291s][info][gc             ] GC(2322) Pause Young (Allocation Failure) 325M->107M(382M) 1.147ms
[909.291s][info][gc,cpu         ] GC(2322) User=0.00s Sys=0.00s Real=0.00s
[909.623s][info][gc,start       ] GC(2323) Pause Young (Allocation Failure)
[909.624s][info][gc,heap        ] GC(2323) PSYoungGen: 215616K(216064K)->32K(214016K) Eden: 215552K(215552K)->0K(207872K) From: 64K(512K)->32K(6144K)
[909.624s][info][gc,heap        ] GC(2323) ParOldGen: 109871K(175104K)->109879K(175104K)
[909.624s][info][gc,metaspace   ] GC(2323) Metaspace: 35487K(36352K)->35487K(36352K) NonClass: 26278K(26944K)->26278K(26944K) Class: 9209K(9408K)->9209K(9408K)
[909.624s][info][gc             ] GC(2323) Pause Young (Allocation Failure) 317M->107M(380M) 1.071ms
[909.624s][info][gc,cpu         ] GC(2323) User=0.00s Sys=0.00s Real=0.01s
[909.698s][info][gc,start       ] GC(2324) Pause Young (Allocation Failure)
[909.699s][info][gc,heap        ] GC(2324) PSYoungGen: 207904K(214016K)->32K(200704K) Eden: 207872K(207872K)->0K(200192K) From: 32K(6144K)->32K(512K)
[909.699s][info][gc,heap        ] GC(2324) ParOldGen: 109879K(175104K)->109887K(175104K)
[909.699s][info][gc,metaspace   ] GC(2324) Metaspace: 35487K(36352K)->35487K(36352K) NonClass: 26278K(26944K)->26278K(26944K) Class: 9209K(9408K)->9209K(9408K)
[909.699s][info][gc             ] GC(2324) Pause Young (Allocation Failure) 310M->107M(367M) 1.234ms
[909.699s][info][gc,cpu         ] GC(2324) User=0.00s Sys=0.00s Real=0.00s
[909.931s][info][gc,start       ] GC(2325) Pause Young (Allocation Failure)
[909.931s][info][gc,heap        ] GC(2325) PSYoungGen: 200224K(200704K)->64K(198144K) Eden: 200192K(200192K)->0K(193024K) From: 32K(512K)->64K(5120K)
[909.931s][info][gc,heap        ] GC(2325) ParOldGen: 109887K(175104K)->109895K(175104K)
[909.931s][info][gc,metaspace   ] GC(2325) Metaspace: 35487K(36352K)->35487K(36352K) NonClass: 26278K(26944K)->26278K(26944K) Class: 9209K(9408K)->9209K(9408K)
[909.931s][info][gc             ] GC(2325) Pause Young (Allocation Failure) 302M->107M(364M) 0.895ms
[909.931s][info][gc,cpu         ] GC(2325) User=0.00s Sys=0.00s Real=0.00s
[910.354s][info][gc,start       ] GC(2326) Pause Young (Allocation Failure)
[910.356s][info][gc,heap        ] GC(2326) PSYoungGen: 193088K(198144K)->32K(186880K) Eden: 193024K(193024K)->0K(186368K) From: 64K(5120K)->32K(512K)
[910.356s][info][gc,heap        ] GC(2326) ParOldGen: 109895K(175104K)->109903K(175104K)
[910.356s][info][gc,metaspace   ] GC(2326) Metaspace: 35487K(36352K)->35487K(36352K) NonClass: 26278K(26944K)->26278K(26944K) Class: 9209K(9408K)->9209K(9408K)
[910.356s][info][gc             ] GC(2326) Pause Young (Allocation Failure) 295M->107M(353M) 1.524ms
[910.356s][info][gc,cpu         ] GC(2326) User=0.00s Sys=0.00s Real=0.00s
[910.517s][info][gc,start       ] GC(2327) Pause Young (Allocation Failure)
[910.518s][info][gc,heap        ] GC(2327) PSYoungGen: 186400K(186880K)->32K(184320K) Eden: 186368K(186368K)->0K(179712K) From: 32K(512K)->32K(4608K)
[910.518s][info][gc,heap        ] GC(2327) ParOldGen: 109903K(175104K)->109911K(175104K)
[910.518s][info][gc,metaspace   ] GC(2327) Metaspace: 35487K(36352K)->35487K(36352K) NonClass: 26278K(26944K)->26278K(26944K) Class: 9209K(9408K)->9209K(9408K)
[910.518s][info][gc             ] GC(2327) Pause Young (Allocation Failure) 289M->107M(351M) 1.002ms
[910.518s][info][gc,cpu         ] GC(2327) User=0.00s Sys=0.01s Real=0.00s
[910.816s][info][gc,start       ] GC(2328) Pause Young (Allocation Failure)
[910.831s][info][gc,heap        ] GC(2328) PSYoungGen: 179744K(184320K)->4096K(218624K) Eden: 179712K(179712K)->0K(214528K) From: 32K(4608K)->4096K(4096K)
[910.831s][info][gc,heap        ] GC(2328) ParOldGen: 109911K(175104K)->115215K(175104K)
[910.831s][info][gc,metaspace   ] GC(2328) Metaspace: 35487K(36352K)->35487K(36352K) NonClass: 26278K(26944K)->26278K(26944K) Class: 9209K(9408K)->9209K(9408K)
[910.831s][info][gc             ] GC(2328) Pause Young (Allocation Failure) 282M->116M(384M) 15.767ms
[910.831s][info][gc,cpu         ] GC(2328) User=0.03s Sys=0.00s Real=0.01s
[911.139s][info][gc,start       ] GC(2329) Pause Young (Allocation Failure)
[911.176s][info][gc,heap        ] GC(2329) PSYoungGen: 218624K(218624K)->7168K(264192K) Eden: 214528K(214528K)->0K(257024K) From: 4096K(4096K)->7168K(7168K)
[911.176s][info][gc,heap        ] GC(2329) ParOldGen: 115215K(175104K)->132535K(175104K)
[911.176s][info][gc,metaspace   ] GC(2329) Metaspace: 35487K(36352K)->35487K(36352K) NonClass: 26278K(26944K)->26278K(26944K) Class: 9209K(9408K)->9209K(9408K)
[911.176s][info][gc             ] GC(2329) Pause Young (Allocation Failure) 326M->136M(429M) 37.101ms
[911.176s][info][gc,cpu         ] GC(2329) User=0.07s Sys=0.00s Real=0.04s
[911.543s][info][gc,start       ] GC(2330) Pause Young (Allocation Failure)
[911.592s][info][gc,heap        ] GC(2330) PSYoungGen: 264192K(264192K)->12288K(264192K) Eden: 257024K(257024K)->0K(251904K) From: 7168K(7168K)->12288K(12288K)
[911.592s][info][gc,heap        ] GC(2330) ParOldGen: 132535K(175104K)->149615K(175104K)
[911.592s][info][gc,metaspace   ] GC(2330) Metaspace: 35487K(36352K)->35487K(36352K) NonClass: 26278K(26944K)->26278K(26944K) Class: 9209K(9408K)->9209K(9408K)
[911.592s][info][gc             ] GC(2330) Pause Young (Allocation Failure) 387M->158M(429M) 48.977ms
[911.592s][info][gc,cpu         ] GC(2330) User=0.09s Sys=0.00s Real=0.05s
[911.666s][info][gc,start       ] GC(2331) Pause Young (Allocation Failure)
[911.672s][info][gc,heap        ] GC(2331) PSYoungGen: 264192K(264192K)->64K(275456K) Eden: 251904K(251904K)->0K(251904K) From: 12288K(12288K)->64K(23552K)
[911.672s][info][gc,heap        ] GC(2331) ParOldGen: 149615K(175104K)->150071K(175104K)
[911.672s][info][gc,metaspace   ] GC(2331) Metaspace: 35487K(36352K)->35487K(36352K) NonClass: 26278K(26944K)->26278K(26944K) Class: 9209K(9408K)->9209K(9408K)
[911.672s][info][gc             ] GC(2331) Pause Young (Allocation Failure) 404M->146M(440M) 5.652ms
[911.672s][info][gc,cpu         ] GC(2331) User=0.01s Sys=0.00s Real=0.00s
[912.175s][info][gc,start       ] GC(2332) Pause Young (Allocation Failure)
[912.176s][info][gc,heap        ] GC(2332) PSYoungGen: 251968K(275456K)->64K(307712K) Eden: 251904K(251904K)->0K(287232K) From: 64K(23552K)->64K(20480K)
[912.176s][info][gc,heap        ] GC(2332) ParOldGen: 150071K(175104K)->150079K(175104K)
[912.176s][info][gc,metaspace   ] GC(2332) Metaspace: 35487K(36352K)->35487K(36352K) NonClass: 26278K(26944K)->26278K(26944K) Class: 9209K(9408K)->9209K(9408K)
[912.176s][info][gc             ] GC(2332) Pause Young (Allocation Failure) 392M->146M(471M) 0.872ms
[912.176s][info][gc,cpu         ] GC(2332) User=0.00s Sys=0.00s Real=0.00s
[912.652s][info][gc,start       ] GC(2333) Pause Young (Allocation Failure)
[912.653s][info][gc,heap        ] GC(2333) PSYoungGen: 287296K(307712K)->64K(309248K) Eden: 287232K(287232K)->0K(287232K) From: 64K(20480K)->64K(22016K)
[912.653s][info][gc,heap        ] GC(2333) ParOldGen: 150079K(175104K)->150087K(175104K)
[912.653s][info][gc,metaspace   ] GC(2333) Metaspace: 35487K(36352K)->35487K(36352K) NonClass: 26278K(26944K)->26278K(26944K) Class: 9209K(9408K)->9209K(9408K)
[912.653s][info][gc             ] GC(2333) Pause Young (Allocation Failure) 427M->146M(473M) 0.834ms
[912.653s][info][gc,cpu         ] GC(2333) User=0.00s Sys=0.00s Real=0.00s
[913.091s][info][gc,start       ] GC(2334) Pause Young (Allocation Failure)
[913.092s][info][gc,heap        ] GC(2334) PSYoungGen: 287296K(309248K)->64K(309248K) Eden: 287232K(287232K)->0K(290304K) From: 64K(22016K)->64K(18944K)
[913.092s][info][gc,heap        ] GC(2334) ParOldGen: 150087K(175104K)->150103K(175104K)
[913.092s][info][gc,metaspace   ] GC(2334) Metaspace: 35487K(36352K)->35487K(36352K) NonClass: 26278K(26944K)->26278K(26944K) Class: 9209K(9408K)->9209K(9408K)
[913.092s][info][gc             ] GC(2334) Pause Young (Allocation Failure) 427M->146M(473M) 0.775ms
[913.092s][info][gc,cpu         ] GC(2334) User=0.00s Sys=0.00s Real=0.00s
[913.335s][info][gc,start       ] GC(2335) Pause Young (Allocation Failure)
[913.335s][info][gc,heap        ] GC(2335) PSYoungGen: 290368K(309248K)->64K(310784K) Eden: 290304K(290304K)->0K(290304K) From: 64K(18944K)->64K(20480K)
[913.335s][info][gc,heap        ] GC(2335) ParOldGen: 150103K(175104K)->150119K(175104K)
[913.335s][info][gc,metaspace   ] GC(2335) Metaspace: 35487K(36352K)->35487K(36352K) NonClass: 26278K(26944K)->26278K(26944K) Class: 9209K(9408K)->9209K(9408K)
[913.335s][info][gc             ] GC(2335) Pause Young (Allocation Failure) 430M->146M(474M) 0.815ms
[913.335s][info][gc,cpu         ] GC(2335) User=0.00s Sys=0.00s Real=0.00s
[913.684s][info][gc,start       ] GC(2336) Pause Young (Allocation Failure)
[913.684s][info][gc,heap        ] GC(2336) PSYoungGen: 290368K(310784K)->64K(310784K) Eden: 290304K(290304K)->0K(293888K) From: 64K(20480K)->64K(16896K)
[913.684s][info][gc,heap        ] GC(2336) ParOldGen: 150119K(175104K)->150119K(175104K)
[913.684s][info][gc,metaspace   ] GC(2336) Metaspace: 35487K(36352K)->35487K(36352K) NonClass: 26278K(26944K)->26278K(26944K) Class: 9209K(9408K)->9209K(9408K)
[913.684s][info][gc             ] GC(2336) Pause Young (Allocation Failure) 430M->146M(474M) 0.755ms
[913.684s][info][gc,cpu         ] GC(2336) User=0.00s Sys=0.00s Real=0.00s
[913.825s][info][gc,start       ] GC(2337) Pause Young (Allocation Failure)
[913.826s][info][gc,heap        ] GC(2337) PSYoungGen: 293952K(310784K)->64K(312320K) Eden: 293888K(293888K)->0K(293888K) From: 64K(16896K)->64K(18432K)
[913.826s][info][gc,heap        ] GC(2337) ParOldGen: 150119K(175104K)->150127K(175104K)
[913.826s][info][gc,metaspace   ] GC(2337) Metaspace: 35487K(36352K)->35487K(36352K) NonClass: 26278K(26944K)->26278K(26944K) Class: 9209K(9408K)->9209K(9408K)
[913.826s][info][gc             ] GC(2337) Pause Young (Allocation Failure) 433M->146M(476M) 0.723ms
[913.826s][info][gc,cpu         ] GC(2337) User=0.00s Sys=0.00s Real=0.00s
[913.877s][info][gc,start       ] GC(2338) Pause Young (Allocation Failure)
[913.877s][info][gc,heap        ] GC(2338) PSYoungGen: 293952K(312320K)->64K(313856K) Eden: 293888K(293888K)->0K(297984K) From: 64K(18432K)->64K(15872K)
[913.877s][info][gc,heap        ] GC(2338) ParOldGen: 150127K(175104K)->150143K(175104K)
[913.877s][info][gc,metaspace   ] GC(2338) Metaspace: 35487K(36352K)->35487K(36352K) NonClass: 26278K(26944K)->26278K(26944K) Class: 9209K(9408K)->9209K(9408K)
[913.877s][info][gc             ] GC(2338) Pause Young (Allocation Failure) 433M->146M(477M) 0.721ms
[913.878s][info][gc,cpu         ] GC(2338) User=0.00s Sys=0.00s Real=0.00s
[914.051s][info][gc,start       ] GC(2339) Pause Young (Allocation Failure)
[914.052s][info][gc,heap        ] GC(2339) PSYoungGen: 298048K(313856K)->64K(314880K) Eden: 297984K(297984K)->0K(297984K) From: 64K(15872K)->64K(16896K)
[914.052s][info][gc,heap        ] GC(2339) ParOldGen: 150143K(175104K)->150143K(175104K)
[914.052s][info][gc,metaspace   ] GC(2339) Metaspace: 35487K(36352K)->35487K(36352K) NonClass: 26278K(26944K)->26278K(26944K) Class: 9209K(9408K)->9209K(9408K)
[914.052s][info][gc             ] GC(2339) Pause Young (Allocation Failure) 437M->146M(478M) 0.792ms
[914.052s][info][gc,cpu         ] GC(2339) User=0.00s Sys=0.00s Real=0.00s
[914.352s][info][gc,start       ] GC(2340) Pause Young (Allocation Failure)
[914.352s][info][gc,heap        ] GC(2340) PSYoungGen: 298048K(314880K)->64K(286720K) Eden: 297984K(297984K)->0K(286208K) From: 64K(16896K)->64K(512K)
[914.352s][info][gc,heap        ] GC(2340) ParOldGen: 150143K(175104K)->150151K(175104K)
[914.352s][info][gc,metaspace   ] GC(2340) Metaspace: 35487K(36352K)->35487K(36352K) NonClass: 26278K(26944K)->26278K(26944K) Class: 9209K(9408K)->9209K(9408K)
[914.352s][info][gc             ] GC(2340) Pause Young (Allocation Failure) 437M->146M(451M) 0.769ms
[914.352s][info][gc,cpu         ] GC(2340) User=0.00s Sys=0.00s Real=0.00s
[914.502s][info][gc,start       ] GC(2341) Pause Young (Allocation Failure)
[914.503s][info][gc,heap        ] GC(2341) PSYoungGen: 286272K(286720K)->64K(289792K) Eden: 286208K(286208K)->0K(274944K) From: 64K(512K)->64K(14848K)
[914.503s][info][gc,heap        ] GC(2341) ParOldGen: 150151K(175104K)->150159K(175104K)
[914.503s][info][gc,metaspace   ] GC(2341) Metaspace: 35487K(36352K)->35487K(36352K) NonClass: 26278K(26944K)->26278K(26944K) Class: 9209K(9408K)->9209K(9408K)
[914.503s][info][gc             ] GC(2341) Pause Young (Allocation Failure) 426M->146M(454M) 0.716ms
[914.503s][info][gc,cpu         ] GC(2341) User=0.00s Sys=0.00s Real=0.00s
[914.578s][info][gc,start       ] GC(2342) Pause Young (Allocation Failure)
[914.578s][info][gc,heap        ] GC(2342) PSYoungGen: 275008K(289792K)->64K(264704K) Eden: 274944K(274944K)->0K(264192K) From: 64K(14848K)->64K(512K)
[914.578s][info][gc,heap        ] GC(2342) ParOldGen: 150159K(175104K)->150175K(175104K)
[914.578s][info][gc,metaspace   ] GC(2342) Metaspace: 35487K(36352K)->35487K(36352K) NonClass: 26278K(26944K)->26278K(26944K) Class: 9209K(9408K)->9209K(9408K)
[914.578s][info][gc             ] GC(2342) Pause Young (Allocation Failure) 415M->146M(429M) 0.840ms
[914.578s][info][gc,cpu         ] GC(2342) User=0.00s Sys=0.00s Real=0.00s
[914.740s][info][gc,start       ] GC(2343) Pause Young (Allocation Failure)
[914.740s][info][gc,heap        ] GC(2343) PSYoungGen: 264256K(264704K)->64K(267264K) Eden: 264192K(264192K)->0K(253952K) From: 64K(512K)->64K(13312K)
[914.740s][info][gc,heap        ] GC(2343) ParOldGen: 150175K(175104K)->150175K(175104K)
[914.740s][info][gc,metaspace   ] GC(2343) Metaspace: 35487K(36352K)->35487K(36352K) NonClass: 26278K(26944K)->26278K(26944K) Class: 9209K(9408K)->9209K(9408K)
[914.741s][info][gc             ] GC(2343) Pause Young (Allocation Failure) 404M->146M(432M) 0.775ms
[914.741s][info][gc,cpu         ] GC(2343) User=0.00s Sys=0.00s Real=0.00s
[915.651s][info][gc,start       ] GC(2344) Pause Young (Allocation Failure)
[915.652s][info][gc,heap        ] GC(2344) PSYoungGen: 254016K(267264K)->83K(244736K) Eden: 253952K(253952K)->0K(244224K) From: 64K(13312K)->83K(512K)
[915.652s][info][gc,heap        ] GC(2344) ParOldGen: 150175K(175104K)->150183K(175104K)
[915.652s][info][gc,metaspace   ] GC(2344) Metaspace: 35487K(36352K)->35487K(36352K) NonClass: 26278K(26944K)->26278K(26944K) Class: 9209K(9408K)->9209K(9408K)
[915.652s][info][gc             ] GC(2344) Pause Young (Allocation Failure) 394M->146M(410M) 1.214ms
[915.652s][info][gc,cpu         ] GC(2344) User=0.00s Sys=0.00s Real=0.00s
[915.694s][info][gc,start       ] GC(2345) Pause Young (Allocation Failure)
[915.695s][info][gc,heap        ] GC(2345) PSYoungGen: 244307K(244736K)->83K(246784K) Eden: 244224K(244224K)->0K(235008K) From: 83K(512K)->83K(11776K)
[915.695s][info][gc,heap        ] GC(2345) ParOldGen: 150183K(175104K)->150199K(175104K)
[915.695s][info][gc,metaspace   ] GC(2345) Metaspace: 35487K(36352K)->35487K(36352K) NonClass: 26278K(26944K)->26278K(26944K) Class: 9209K(9408K)->9209K(9408K)
[915.695s][info][gc             ] GC(2345) Pause Young (Allocation Failure) 385M->146M(412M) 0.764ms
[915.695s][info][gc,cpu         ] GC(2345) User=0.00s Sys=0.00s Real=0.00s
[916.590s][info][gc,start       ] GC(2346) Pause Young (Allocation Failure)
[916.592s][info][gc,heap        ] GC(2346) PSYoungGen: 235091K(246784K)->83K(226816K) Eden: 235008K(235008K)->0K(226304K) From: 83K(11776K)->83K(512K)
[916.592s][info][gc,heap        ] GC(2346) ParOldGen: 150199K(175104K)->150199K(175104K)
[916.592s][info][gc,metaspace   ] GC(2346) Metaspace: 35487K(36352K)->35487K(36352K) NonClass: 26278K(26944K)->26278K(26944K) Class: 9209K(9408K)->9209K(9408K)
[916.592s][info][gc             ] GC(2346) Pause Young (Allocation Failure) 376M->146M(392M) 1.601ms
[916.592s][info][gc,cpu         ] GC(2346) User=0.01s Sys=0.01s Real=0.00s
[916.999s][info][gc,start       ] GC(2347) Pause Young (Allocation Failure)
[916.999s][info][gc,heap        ] GC(2347) PSYoungGen: 226387K(226816K)->64K(228352K) Eden: 226304K(226304K)->0K(218112K) From: 83K(512K)->64K(10240K)
[916.999s][info][gc,heap        ] GC(2347) ParOldGen: 150199K(175104K)->150246K(175104K)
[916.999s][info][gc,metaspace   ] GC(2347) Metaspace: 35487K(36352K)->35487K(36352K) NonClass: 26278K(26944K)->26278K(26944K) Class: 9209K(9408K)->9209K(9408K)
[917.000s][info][gc             ] GC(2347) Pause Young (Allocation Failure) 367M->146M(394M) 0.786ms
[917.000s][info][gc,cpu         ] GC(2347) User=0.00s Sys=0.00s Real=0.00s
[917.946s][info][gc,start       ] GC(2348) Pause Young (Allocation Failure)
[917.948s][info][gc,heap        ] GC(2348) PSYoungGen: 218176K(228352K)->64K(210432K) Eden: 218112K(218112K)->0K(209920K) From: 64K(10240K)->64K(512K)
[917.948s][info][gc,heap        ] GC(2348) ParOldGen: 150246K(175104K)->150254K(175104K)
[917.948s][info][gc,metaspace   ] GC(2348) Metaspace: 35487K(36352K)->35487K(36352K) NonClass: 26278K(26944K)->26278K(26944K) Class: 9209K(9408K)->9209K(9408K)
[917.948s][info][gc             ] GC(2348) Pause Young (Allocation Failure) 359M->146M(376M) 1.492ms
[917.948s][info][gc,cpu         ] GC(2348) User=0.01s Sys=0.00s Real=0.00s
[918.144s][info][gc,start       ] GC(2349) Pause Young (Allocation Failure)
[918.146s][info][gc,heap        ] GC(2349) PSYoungGen: 209984K(210432K)->32K(210944K) Eden: 209920K(209920K)->0K(202240K) From: 64K(512K)->32K(8704K)
[918.146s][info][gc,heap        ] GC(2349) ParOldGen: 150254K(175104K)->150262K(175104K)
[918.146s][info][gc,metaspace   ] GC(2349) Metaspace: 35487K(36352K)->35487K(36352K) NonClass: 26278K(26944K)->26278K(26944K) Class: 9209K(9408K)->9209K(9408K)
[918.146s][info][gc             ] GC(2349) Pause Young (Allocation Failure) 351M->146M(377M) 1.140ms
[918.146s][info][gc,cpu         ] GC(2349) User=0.00s Sys=0.00s Real=0.00s
[918.450s][info][gc,start       ] GC(2350) Pause Young (Allocation Failure)
[918.451s][info][gc,heap        ] GC(2350) PSYoungGen: 202272K(210944K)->32K(195584K) Eden: 202240K(202240K)->0K(195072K) From: 32K(8704K)->32K(512K)
[918.451s][info][gc,heap        ] GC(2350) ParOldGen: 150262K(175104K)->150270K(175104K)
[918.452s][info][gc,metaspace   ] GC(2350) Metaspace: 35487K(36352K)->35487K(36352K) NonClass: 26278K(26944K)->26278K(26944K) Class: 9209K(9408K)->9209K(9408K)
[918.452s][info][gc             ] GC(2350) Pause Young (Allocation Failure) 344M->146M(362M) 1.942ms
[918.452s][info][gc,cpu         ] GC(2350) User=0.01s Sys=0.00s Real=0.00s
[918.550s][info][gc,start       ] GC(2351) Pause Young (Allocation Failure)
[918.551s][info][gc,heap        ] GC(2351) PSYoungGen: 195104K(195584K)->32K(195584K) Eden: 195072K(195072K)->0K(187904K) From: 32K(512K)->32K(7680K)
[918.551s][info][gc,heap        ] GC(2351) ParOldGen: 150270K(175104K)->150278K(175104K)
[918.551s][info][gc,metaspace   ] GC(2351) Metaspace: 35487K(36352K)->35487K(36352K) NonClass: 26278K(26944K)->26278K(26944K) Class: 9209K(9408K)->9209K(9408K)
[918.551s][info][gc             ] GC(2351) Pause Young (Allocation Failure) 337M->146M(362M) 1.024ms
[918.551s][info][gc,cpu         ] GC(2351) User=0.00s Sys=0.00s Real=0.00s
[918.675s][info][gc,start       ] GC(2352) Pause Young (Allocation Failure)
[918.677s][info][gc,heap        ] GC(2352) PSYoungGen: 187936K(195584K)->64K(181760K) Eden: 187904K(187904K)->0K(181248K) From: 32K(7680K)->64K(512K)
[918.677s][info][gc,heap        ] GC(2352) ParOldGen: 150278K(175104K)->150286K(175104K)
[918.677s][info][gc,metaspace   ] GC(2352) Metaspace: 35487K(36352K)->35487K(36352K) NonClass: 26278K(26944K)->26278K(26944K) Class: 9209K(9408K)->9209K(9408K)
[918.677s][info][gc             ] GC(2352) Pause Young (Allocation Failure) 330M->146M(348M) 1.641ms
[918.677s][info][gc,cpu         ] GC(2352) User=0.00s Sys=0.00s Real=0.00s
[919.142s][info][gc,start       ] GC(2353) Pause Young (Allocation Failure)
[919.144s][info][gc,heap        ] GC(2353) PSYoungGen: 181312K(181760K)->64K(181760K) Eden: 181248K(181248K)->0K(175104K) From: 64K(512K)->64K(6656K)
[919.144s][info][gc,heap        ] GC(2353) ParOldGen: 150286K(175104K)->150294K(175104K)
[919.144s][info][gc,metaspace   ] GC(2353) Metaspace: 35487K(36352K)->35487K(36352K) NonClass: 26278K(26944K)->26278K(26944K) Class: 9209K(9408K)->9209K(9408K)
[919.144s][info][gc             ] GC(2353) Pause Young (Allocation Failure) 323M->146M(348M) 1.077ms
[919.144s][info][gc,cpu         ] GC(2353) User=0.00s Sys=0.00s Real=0.01s
[919.270s][info][gc,start       ] GC(2354) Pause Young (Allocation Failure)
[919.272s][info][gc,heap        ] GC(2354) PSYoungGen: 175168K(181760K)->64K(169472K) Eden: 175104K(175104K)->0K(168960K) From: 64K(6656K)->64K(512K)
[919.272s][info][gc,heap        ] GC(2354) ParOldGen: 150294K(175104K)->150294K(175104K)
[919.272s][info][gc,metaspace   ] GC(2354) Metaspace: 35487K(36352K)->35487K(36352K) NonClass: 26278K(26944K)->26278K(26944K) Class: 9209K(9408K)->9209K(9408K)
[919.272s][info][gc             ] GC(2354) Pause Young (Allocation Failure) 317M->146M(336M) 1.747ms
[919.272s][info][gc,cpu         ] GC(2354) User=0.00s Sys=0.00s Real=0.00s
[919.561s][info][gc,start       ] GC(2355) Pause Young (Allocation Failure)
[919.563s][info][gc,heap        ] GC(2355) PSYoungGen: 169024K(169472K)->544K(168960K) Eden: 168960K(168960K)->0K(163328K) From: 64K(512K)->544K(5632K)
[919.563s][info][gc,heap        ] GC(2355) ParOldGen: 150294K(175104K)->150310K(175104K)
[919.563s][info][gc,metaspace   ] GC(2355) Metaspace: 35487K(36352K)->35487K(36352K) NonClass: 26278K(26944K)->26278K(26944K) Class: 9209K(9408K)->9209K(9408K)
[919.563s][info][gc             ] GC(2355) Pause Young (Allocation Failure) 311M->147M(336M) 2.401ms
[919.563s][info][gc,cpu         ] GC(2355) User=0.00s Sys=0.00s Real=0.01s
[919.801s][info][gc,start       ] GC(2356) Pause Young (Allocation Failure)
[919.835s][info][gc,heap        ] GC(2356) PSYoungGen: 163872K(168960K)->5120K(200704K) Eden: 163328K(163328K)->0K(195584K) From: 544K(5632K)->5120K(5120K)
[919.835s][info][gc,heap        ] GC(2356) ParOldGen: 150310K(175104K)->163726K(175104K)
[919.835s][info][gc,metaspace   ] GC(2356) Metaspace: 35487K(36352K)->35487K(36352K) NonClass: 26278K(26944K)->26278K(26944K) Class: 9209K(9408K)->9209K(9408K)
[919.835s][info][gc             ] GC(2356) Pause Young (Allocation Failure) 306M->164M(367M) 33.914ms
[919.835s][info][gc,cpu         ] GC(2356) User=0.06s Sys=0.00s Real=0.04s
[920.122s][info][gc,start       ] GC(2357) Pause Young (Allocation Failure)
[920.163s][info][gc,heap        ] GC(2357) PSYoungGen: 200704K(200704K)->11264K(242176K) Eden: 195584K(195584K)->0K(230912K) From: 5120K(5120K)->11264K(11264K)
[920.163s][info][gc,heap        ] GC(2357) ParOldGen: 163726K(175104K)->175014K(175104K)
[920.163s][info][gc,metaspace   ] GC(2357) Metaspace: 35487K(36352K)->35487K(36352K) NonClass: 26278K(26944K)->26278K(26944K) Class: 9209K(9408K)->9209K(9408K)
[920.163s][info][gc             ] GC(2357) Pause Young (Allocation Failure) 355M->181M(407M) 40.524ms
[920.163s][info][gc,cpu         ] GC(2357) User=0.08s Sys=0.00s Real=0.04s
[920.444s][info][gc,start       ] GC(2358) Pause Young (Allocation Failure)
[920.489s][info][gc,heap        ] GC(2358) PSYoungGen: 242176K(242176K)->17920K(247296K) Eden: 230912K(230912K)->0K(229376K) From: 11264K(11264K)->17920K(17920K)
[920.489s][info][gc,heap        ] GC(2358) ParOldGen: 175014K(175104K)->178798K(179200K)
[920.489s][info][gc,metaspace   ] GC(2358) Metaspace: 35487K(36352K)->35487K(36352K) NonClass: 26278K(26944K)->26278K(26944K) Class: 9209K(9408K)->9209K(9408K)
[920.489s][info][gc             ] GC(2358) Pause Young (Allocation Failure) 407M->192M(416M) 45.158ms
[920.489s][info][gc,cpu         ] GC(2358) User=0.08s Sys=0.01s Real=0.04s
[920.566s][info][gc,start       ] GC(2359) Pause Young (Allocation Failure)
[920.568s][info][gc,heap        ] GC(2359) PSYoungGen: 247296K(247296K)->64K(252416K) Eden: 229376K(229376K)->0K(229376K) From: 17920K(17920K)->64K(23040K)
[920.568s][info][gc,heap        ] GC(2359) ParOldGen: 178798K(179200K)->178902K(179200K)
[920.568s][info][gc,metaspace   ] GC(2359) Metaspace: 35487K(36352K)->35487K(36352K) NonClass: 26278K(26944K)->26278K(26944K) Class: 9209K(9408K)->9209K(9408K)
[920.568s][info][gc             ] GC(2359) Pause Young (Allocation Failure) 416M->174M(421M) 1.954ms
[920.568s][info][gc,cpu         ] GC(2359) User=0.01s Sys=0.00s Real=0.00s
[921.040s][info][gc,start       ] GC(2360) Pause Young (Allocation Failure)
[921.041s][info][gc,heap        ] GC(2360) PSYoungGen: 229440K(252416K)->64K(295424K) Eden: 229376K(229376K)->0K(274944K) From: 64K(23040K)->64K(20480K)
[921.041s][info][gc,heap        ] GC(2360) ParOldGen: 178902K(179200K)->178910K(179200K)
[921.041s][info][gc,metaspace   ] GC(2360) Metaspace: 35487K(36352K)->35487K(36352K) NonClass: 26278K(26944K)->26278K(26944K) Class: 9209K(9408K)->9209K(9408K)
[921.041s][info][gc             ] GC(2360) Pause Young (Allocation Failure) 398M->174M(463M) 0.923ms
[921.041s][info][gc,cpu         ] GC(2360) User=0.00s Sys=0.00s Real=0.00s
[921.520s][info][gc,start       ] GC(2361) Pause Young (Allocation Failure)
[921.521s][info][gc,heap        ] GC(2361) PSYoungGen: 275008K(295424K)->64K(296448K) Eden: 274944K(274944K)->0K(274944K) From: 64K(20480K)->64K(21504K)
[921.521s][info][gc,heap        ] GC(2361) ParOldGen: 178910K(179200K)->178918K(179200K)
[921.521s][info][gc,metaspace   ] GC(2361) Metaspace: 35487K(36352K)->35487K(36352K) NonClass: 26278K(26944K)->26278K(26944K) Class: 9209K(9408K)->9209K(9408K)
[921.521s][info][gc             ] GC(2361) Pause Young (Allocation Failure) 443M->174M(464M) 0.945ms
[921.521s][info][gc,cpu         ] GC(2361) User=0.00s Sys=0.00s Real=0.00s
[921.949s][info][gc,start       ] GC(2362) Pause Young (Allocation Failure)
[921.950s][info][gc,heap        ] GC(2362) PSYoungGen: 275008K(296448K)->64K(309760K) Eden: 274944K(274944K)->0K(291328K) From: 64K(21504K)->64K(18432K)
[921.950s][info][gc,heap        ] GC(2362) ParOldGen: 178918K(179200K)->178934K(179200K)
[921.950s][info][gc,metaspace   ] GC(2362) Metaspace: 35487K(36352K)->35487K(36352K) NonClass: 26278K(26944K)->26278K(26944K) Class: 9209K(9408K)->9209K(9408K)
[921.950s][info][gc             ] GC(2362) Pause Young (Allocation Failure) 443M->174M(477M) 0.891ms
[921.950s][info][gc,cpu         ] GC(2362) User=0.00s Sys=0.00s Real=0.00s
[922.203s][info][gc,start       ] GC(2363) Pause Young (Allocation Failure)
[922.204s][info][gc,heap        ] GC(2363) PSYoungGen: 291392K(309760K)->64K(311296K) Eden: 291328K(291328K)->0K(291328K) From: 64K(18432K)->64K(19968K)
[922.204s][info][gc,heap        ] GC(2363) ParOldGen: 178934K(179200K)->178950K(179200K)
[922.204s][info][gc,metaspace   ] GC(2363) Metaspace: 35487K(36352K)->35487K(36352K) NonClass: 26278K(26944K)->26278K(26944K) Class: 9209K(9408K)->9209K(9408K)
[922.204s][info][gc             ] GC(2363) Pause Young (Allocation Failure) 459M->174M(479M) 0.901ms
[922.204s][info][gc,cpu         ] GC(2363) User=0.00s Sys=0.01s Real=0.01s
[922.547s][info][gc,start       ] GC(2364) Pause Young (Allocation Failure)
[922.548s][info][gc,heap        ] GC(2364) PSYoungGen: 291392K(311296K)->64K(312320K) Eden: 291328K(291328K)->0K(294912K) From: 64K(19968K)->64K(17408K)
[922.548s][info][gc,heap        ] GC(2364) ParOldGen: 178950K(179200K)->178950K(179200K)
[922.548s][info][gc,metaspace   ] GC(2364) Metaspace: 35487K(36352K)->35487K(36352K) NonClass: 26278K(26944K)->26278K(26944K) Class: 9209K(9408K)->9209K(9408K)
[922.548s][info][gc             ] GC(2364) Pause Young (Allocation Failure) 459M->174M(480M) 0.808ms
[922.548s][info][gc,cpu         ] GC(2364) User=0.00s Sys=0.00s Real=0.00s
[922.711s][info][gc,start       ] GC(2365) Pause Young (Allocation Failure)
[922.712s][info][gc,heap        ] GC(2365) PSYoungGen: 294976K(312320K)->64K(313344K) Eden: 294912K(294912K)->0K(294912K) From: 64K(17408K)->64K(18432K)
[922.712s][info][gc,heap        ] GC(2365) ParOldGen: 178950K(179200K)->178958K(179200K)
[922.712s][info][gc,metaspace   ] GC(2365) Metaspace: 35487K(36352K)->35487K(36352K) NonClass: 26278K(26944K)->26278K(26944K) Class: 9209K(9408K)->9209K(9408K)
[922.712s][info][gc             ] GC(2365) Pause Young (Allocation Failure) 462M->174M(481M) 0.804ms
[922.712s][info][gc,cpu         ] GC(2365) User=0.01s Sys=0.00s Real=0.00s
[922.763s][info][gc,start       ] GC(2366) Pause Young (Allocation Failure)
[922.763s][info][gc,heap        ] GC(2366) PSYoungGen: 294976K(313344K)->64K(313344K) Eden: 294912K(294912K)->0K(297984K) From: 64K(18432K)->64K(15360K)
[922.763s][info][gc,heap        ] GC(2366) ParOldGen: 178958K(179200K)->178974K(179200K)
[922.763s][info][gc,metaspace   ] GC(2366) Metaspace: 35487K(36352K)->35487K(36352K) NonClass: 26278K(26944K)->26278K(26944K) Class: 9209K(9408K)->9209K(9408K)
[922.763s][info][gc             ] GC(2366) Pause Young (Allocation Failure) 462M->174M(481M) 0.741ms
[922.763s][info][gc,cpu         ] GC(2366) User=0.00s Sys=0.00s Real=0.01s
[922.914s][info][gc,start       ] GC(2367) Pause Young (Allocation Failure)
[922.915s][info][gc,heap        ] GC(2367) PSYoungGen: 298048K(313344K)->64K(314368K) Eden: 297984K(297984K)->0K(297984K) From: 64K(15360K)->64K(16384K)
[922.915s][info][gc,heap        ] GC(2367) ParOldGen: 178974K(179200K)->178974K(179200K)
[922.915s][info][gc,metaspace   ] GC(2367) Metaspace: 35487K(36352K)->35487K(36352K) NonClass: 26278K(26944K)->26278K(26944K) Class: 9209K(9408K)->9209K(9408K)
[922.915s][info][gc             ] GC(2367) Pause Young (Allocation Failure) 465M->174M(482M) 0.878ms
[922.915s][info][gc,cpu         ] GC(2367) User=0.00s Sys=0.00s Real=0.00s
[923.223s][info][gc,start       ] GC(2368) Pause Young (Allocation Failure)
[923.224s][info][gc,heap        ] GC(2368) PSYoungGen: 298048K(314368K)->64K(286720K) Eden: 297984K(297984K)->0K(286208K) From: 64K(16384K)->64K(512K)
[923.224s][info][gc,heap        ] GC(2368) ParOldGen: 178974K(179200K)->178982K(179200K)
[923.224s][info][gc,metaspace   ] GC(2368) Metaspace: 35487K(36352K)->35487K(36352K) NonClass: 26278K(26944K)->26278K(26944K) Class: 9209K(9408K)->9209K(9408K)
[923.224s][info][gc             ] GC(2368) Pause Young (Allocation Failure) 465M->174M(455M) 0.803ms
[923.224s][info][gc,cpu         ] GC(2368) User=0.00s Sys=0.00s Real=0.01s
[923.385s][info][gc,start       ] GC(2369) Pause Young (Allocation Failure)
[923.386s][info][gc,heap        ] GC(2369) PSYoungGen: 286272K(286720K)->64K(289280K) Eden: 286208K(286208K)->0K(274944K) From: 64K(512K)->64K(14336K)
[923.386s][info][gc,heap        ] GC(2369) ParOldGen: 178982K(179200K)->178990K(179200K)
[923.386s][info][gc,metaspace   ] GC(2369) Metaspace: 35487K(36352K)->35487K(36352K) NonClass: 26278K(26944K)->26278K(26944K) Class: 9209K(9408K)->9209K(9408K)
[923.386s][info][gc             ] GC(2369) Pause Young (Allocation Failure) 454M->174M(457M) 0.807ms
[923.386s][info][gc,cpu         ] GC(2369) User=0.01s Sys=0.00s Real=0.00s
[923.460s][info][gc,start       ] GC(2370) Pause Young (Allocation Failure)
[923.461s][info][gc,heap        ] GC(2370) PSYoungGen: 275008K(289280K)->64K(264704K) Eden: 274944K(274944K)->0K(264192K) From: 64K(14336K)->64K(512K)
[923.461s][info][gc,heap        ] GC(2370) ParOldGen: 178990K(179200K)->179006K(179200K)
[923.461s][info][gc,metaspace   ] GC(2370) Metaspace: 35487K(36352K)->35487K(36352K) NonClass: 26278K(26944K)->26278K(26944K) Class: 9209K(9408K)->9209K(9408K)
[923.461s][info][gc             ] GC(2370) Pause Young (Allocation Failure) 443M->174M(433M) 0.870ms
[923.461s][info][gc,cpu         ] GC(2370) User=0.00s Sys=0.00s Real=0.00s
[923.613s][info][gc,start       ] GC(2371) Pause Young (Allocation Failure)
[923.614s][info][gc,heap        ] GC(2371) PSYoungGen: 264256K(264704K)->64K(266752K) Eden: 264192K(264192K)->0K(253952K) From: 64K(512K)->64K(12800K)
[923.614s][info][gc,heap        ] GC(2371) ParOldGen: 179006K(179200K)->179006K(179200K)
[923.614s][info][gc,metaspace   ] GC(2371) Metaspace: 35487K(36352K)->35487K(36352K) NonClass: 26278K(26944K)->26278K(26944K) Class: 9209K(9408K)->9209K(9408K)
[923.614s][info][gc             ] GC(2371) Pause Young (Allocation Failure) 432M->174M(435M) 0.716ms
[923.614s][info][gc,cpu         ] GC(2371) User=0.00s Sys=0.00s Real=0.00s
[924.001s][info][gc,start       ] GC(2372) Pause Young (Allocation Failure)
[924.002s][info][gc,heap        ] GC(2372) PSYoungGen: 254016K(266752K)->64K(244736K) Eden: 253952K(253952K)->0K(244224K) From: 64K(12800K)->64K(512K)
[924.002s][info][gc,heap        ] GC(2372) ParOldGen: 179006K(179200K)->179014K(179200K)
[924.002s][info][gc,metaspace   ] GC(2372) Metaspace: 35487K(36352K)->35487K(36352K) NonClass: 26278K(26944K)->26278K(26944K) Class: 9209K(9408K)->9209K(9408K)
[924.003s][info][gc             ] GC(2372) Pause Young (Allocation Failure) 422M->174M(414M) 1.184ms
[924.003s][info][gc,cpu         ] GC(2372) User=0.00s Sys=0.00s Real=0.00s
[924.587s][info][gc,start       ] GC(2373) Pause Young (Allocation Failure)
[924.588s][info][gc,heap        ] GC(2373) PSYoungGen: 244288K(244736K)->64K(246272K) Eden: 244224K(244224K)->0K(235008K) From: 64K(512K)->64K(11264K)
[924.588s][info][gc,heap        ] GC(2373) ParOldGen: 179014K(179200K)->179022K(179200K)
[924.588s][info][gc,metaspace   ] GC(2373) Metaspace: 35487K(36352K)->35487K(36352K) NonClass: 26278K(26944K)->26278K(26944K) Class: 9209K(9408K)->9209K(9408K)
[924.588s][info][gc             ] GC(2373) Pause Young (Allocation Failure) 413M->174M(415M) 0.744ms
[924.588s][info][gc,cpu         ] GC(2373) User=0.00s Sys=0.00s Real=0.00s
[925.473s][info][gc,start       ] GC(2374) Pause Young (Allocation Failure)
[925.475s][info][gc,heap        ] GC(2374) PSYoungGen: 235072K(246272K)->32K(226816K) Eden: 235008K(235008K)->0K(226304K) From: 64K(11264K)->32K(512K)
[925.475s][info][gc,heap        ] GC(2374) ParOldGen: 179022K(179200K)->179030K(179200K)
[925.475s][info][gc,metaspace   ] GC(2374) Metaspace: 35487K(36352K)->35487K(36352K) NonClass: 26278K(26944K)->26278K(26944K) Class: 9209K(9408K)->9209K(9408K)
[925.475s][info][gc             ] GC(2374) Pause Young (Allocation Failure) 404M->174M(396M) 2.581ms
[925.475s][info][gc,cpu         ] GC(2374) User=0.00s Sys=0.00s Real=0.01s
[925.845s][info][gc,start       ] GC(2375) Pause Young (Allocation Failure)
[925.846s][info][gc,heap        ] GC(2375) PSYoungGen: 226336K(226816K)->32K(227840K) Eden: 226304K(226304K)->0K(218112K) From: 32K(512K)->32K(9728K)
[925.846s][info][gc,heap        ] GC(2375) ParOldGen: 179030K(179200K)->179038K(179200K)
[925.846s][info][gc,metaspace   ] GC(2375) Metaspace: 35487K(36352K)->35487K(36352K) NonClass: 26278K(26944K)->26278K(26944K) Class: 9209K(9408K)->9209K(9408K)
[925.846s][info][gc             ] GC(2375) Pause Young (Allocation Failure) 395M->174M(397M) 1.352ms
[925.846s][info][gc,cpu         ] GC(2375) User=0.00s Sys=0.00s Real=0.00s
[926.821s][info][gc,start       ] GC(2376) Pause Young (Allocation Failure)
[926.822s][info][gc,heap        ] GC(2376) PSYoungGen: 218144K(227840K)->79K(210432K) Eden: 218112K(218112K)->0K(209920K) From: 32K(9728K)->79K(512K)
[926.822s][info][gc,heap        ] GC(2376) ParOldGen: 179038K(179200K)->179046K(179200K)
[926.822s][info][gc,metaspace   ] GC(2376) Metaspace: 35487K(36352K)->35487K(36352K) NonClass: 26278K(26944K)->26278K(26944K) Class: 9209K(9408K)->9209K(9408K)
[926.822s][info][gc             ] GC(2376) Pause Young (Allocation Failure) 387M->174M(380M) 1.933ms
[926.822s][info][gc,cpu         ] GC(2376) User=0.00s Sys=0.01s Real=0.00s
[927.029s][info][gc,start       ] GC(2377) Pause Young (Allocation Failure)
[927.031s][info][gc,heap        ] GC(2377) PSYoungGen: 209999K(210432K)->32K(210944K) Eden: 209920K(209920K)->0K(202240K) From: 79K(512K)->32K(8704K)
[927.031s][info][gc,heap        ] GC(2377) ParOldGen: 179046K(179200K)->179054K(179200K)
[927.031s][info][gc,metaspace   ] GC(2377) Metaspace: 35487K(36352K)->35487K(36352K) NonClass: 26278K(26944K)->26278K(26944K) Class: 9209K(9408K)->9209K(9408K)
[927.031s][info][gc             ] GC(2377) Pause Young (Allocation Failure) 379M->174M(381M) 1.373ms
[927.031s][info][gc,cpu         ] GC(2377) User=0.00s Sys=0.00s Real=0.00s
[927.330s][info][gc,start       ] GC(2378) Pause Young (Allocation Failure)
[927.331s][info][gc,heap        ] GC(2378) PSYoungGen: 202272K(210944K)->32K(195584K) Eden: 202240K(202240K)->0K(195072K) From: 32K(8704K)->32K(512K)
[927.331s][info][gc,heap        ] GC(2378) ParOldGen: 179054K(179200K)->179062K(179200K)
[927.331s][info][gc,metaspace   ] GC(2378) Metaspace: 35487K(36352K)->35487K(36352K) NonClass: 26278K(26944K)->26278K(26944K) Class: 9209K(9408K)->9209K(9408K)
[927.331s][info][gc             ] GC(2378) Pause Young (Allocation Failure) 372M->174M(366M) 1.916ms
[927.331s][info][gc,cpu         ] GC(2378) User=0.00s Sys=0.00s Real=0.00s
[927.449s][info][gc,start       ] GC(2379) Pause Young (Allocation Failure)
[927.450s][info][gc,heap        ] GC(2379) PSYoungGen: 195104K(195584K)->32K(195584K) Eden: 195072K(195072K)->0K(187904K) From: 32K(512K)->32K(7680K)
[927.450s][info][gc,heap        ] GC(2379) ParOldGen: 179062K(179200K)->179070K(179200K)
[927.450s][info][gc,metaspace   ] GC(2379) Metaspace: 35487K(36352K)->35487K(36352K) NonClass: 26278K(26944K)->26278K(26944K) Class: 9209K(9408K)->9209K(9408K)
[927.450s][info][gc             ] GC(2379) Pause Young (Allocation Failure) 365M->174M(366M) 1.127ms
[927.450s][info][gc,cpu         ] GC(2379) User=0.00s Sys=0.00s Real=0.00s
[927.535s][info][gc,start       ] GC(2380) Pause Young (Allocation Failure)
[927.537s][info][gc,heap        ] GC(2380) PSYoungGen: 187936K(195584K)->32K(181760K) Eden: 187904K(187904K)->0K(181248K) From: 32K(7680K)->32K(512K)
[927.537s][info][gc,heap        ] GC(2380) ParOldGen: 179070K(179200K)->179078K(179200K)
[927.537s][info][gc,metaspace   ] GC(2380) Metaspace: 35487K(36352K)->35487K(36352K) NonClass: 26278K(26944K)->26278K(26944K) Class: 9209K(9408K)->9209K(9408K)
[927.537s][info][gc             ] GC(2380) Pause Young (Allocation Failure) 358M->174M(352M) 1.681ms
[927.537s][info][gc,cpu         ] GC(2380) User=0.00s Sys=0.00s Real=0.00s
[927.982s][info][gc,start       ] GC(2381) Pause Young (Allocation Failure)
[927.984s][info][gc,heap        ] GC(2381) PSYoungGen: 181280K(181760K)->64K(181760K) Eden: 181248K(181248K)->0K(175104K) From: 32K(512K)->64K(6656K)
[927.984s][info][gc,heap        ] GC(2381) ParOldGen: 179078K(179200K)->179086K(179200K)
[927.984s][info][gc,metaspace   ] GC(2381) Metaspace: 35487K(36352K)->35487K(36352K) NonClass: 26278K(26944K)->26278K(26944K) Class: 9209K(9408K)->9209K(9408K)
[927.984s][info][gc             ] GC(2381) Pause Young (Allocation Failure) 351M->174M(352M) 1.318ms
[927.984s][info][gc,cpu         ] GC(2381) User=0.00s Sys=0.00s Real=0.01s
[928.149s][info][gc,start       ] GC(2382) Pause Young (Allocation Failure)
[928.150s][info][gc,heap        ] GC(2382) PSYoungGen: 175168K(181760K)->32K(169472K) Eden: 175104K(175104K)->0K(168960K) From: 64K(6656K)->32K(512K)
[928.150s][info][gc,heap        ] GC(2382) ParOldGen: 179086K(179200K)->179094K(179200K)
[928.150s][info][gc,metaspace   ] GC(2382) Metaspace: 35487K(36352K)->35487K(36352K) NonClass: 26278K(26944K)->26278K(26944K) Class: 9209K(9408K)->9209K(9408K)
[928.150s][info][gc             ] GC(2382) Pause Young (Allocation Failure) 345M->174M(340M) 1.761ms
[928.150s][info][gc,cpu         ] GC(2382) User=0.00s Sys=0.00s Real=0.00s
[928.412s][info][gc,start       ] GC(2383) Pause Young (Allocation Failure)
[928.413s][info][gc,heap        ] GC(2383) PSYoungGen: 168992K(169472K)->32K(168960K) Eden: 168960K(168960K)->0K(163328K) From: 32K(512K)->32K(5632K)
[928.413s][info][gc,heap        ] GC(2383) ParOldGen: 179094K(179200K)->179102K(179200K)
[928.413s][info][gc,metaspace   ] GC(2383) Metaspace: 35487K(36352K)->35487K(36352K) NonClass: 26278K(26944K)->26278K(26944K) Class: 9209K(9408K)->9209K(9408K)
[928.413s][info][gc             ] GC(2383) Pause Young (Allocation Failure) 339M->174M(340M) 1.181ms
[928.413s][info][gc,cpu         ] GC(2383) User=0.00s Sys=0.00s Real=0.00s
[928.669s][info][gc,start       ] GC(2384) Pause Young (Allocation Failure)
[928.700s][info][gc,heap        ] GC(2384) PSYoungGen: 163360K(168960K)->5120K(200704K) Eden: 163328K(163328K)->0K(195584K) From: 32K(5632K)->5120K(5120K)
[928.700s][info][gc,heap        ] GC(2384) ParOldGen: 179102K(179200K)->190094K(190464K)
[928.700s][info][gc,metaspace   ] GC(2384) Metaspace: 35487K(36352K)->35487K(36352K) NonClass: 26278K(26944K)->26278K(26944K) Class: 9209K(9408K)->9209K(9408K)
[928.700s][info][gc             ] GC(2384) Pause Young (Allocation Failure) 334M->190M(382M) 31.091ms
[928.700s][info][gc,cpu         ] GC(2384) User=0.06s Sys=0.01s Real=0.03s
[928.984s][info][gc,start       ] GC(2385) Pause Young (Allocation Failure)
[929.027s][info][gc,heap        ] GC(2385) PSYoungGen: 200704K(200704K)->10752K(243200K) Eden: 195584K(195584K)->0K(232448K) From: 5120K(5120K)->10752K(10752K)
[929.027s][info][gc,heap        ] GC(2385) ParOldGen: 190094K(190464K)->201830K(202240K)
[929.027s][info][gc,metaspace   ] GC(2385) Metaspace: 35487K(36352K)->35487K(36352K) NonClass: 26278K(26944K)->26278K(26944K) Class: 9209K(9408K)->9209K(9408K)
[929.027s][info][gc             ] GC(2385) Pause Young (Allocation Failure) 381M->207M(435M) 42.646ms
[929.027s][info][gc,cpu         ] GC(2385) User=0.07s Sys=0.00s Real=0.04s
[929.341s][info][gc,start       ] GC(2386) Pause Young (Allocation Failure)
[929.393s][info][gc,heap        ] GC(2386) PSYoungGen: 243200K(243200K)->17408K(245760K) Eden: 232448K(232448K)->0K(228352K) From: 10752K(10752K)->17408K(17408K)
[929.393s][info][gc,heap        ] GC(2386) ParOldGen: 201830K(202240K)->209070K(209408K)
[929.393s][info][gc,metaspace   ] GC(2386) Metaspace: 35487K(36352K)->35487K(36352K) NonClass: 26278K(26944K)->26278K(26944K) Class: 9209K(9408K)->9209K(9408K)
[929.393s][info][gc             ] GC(2386) Pause Young (Allocation Failure) 434M->221M(444M) 51.649ms
[929.393s][info][gc,cpu         ] GC(2386) User=0.08s Sys=0.02s Real=0.05s
[929.458s][info][gc,start       ] GC(2387) Pause Young (Allocation Failure)
[929.460s][info][gc,heap        ] GC(2387) PSYoungGen: 245760K(245760K)->64K(251904K) Eden: 228352K(228352K)->0K(228352K) From: 17408K(17408K)->64K(23552K)
[929.460s][info][gc,heap        ] GC(2387) ParOldGen: 209070K(209408K)->209262K(209408K)
[929.460s][info][gc,metaspace   ] GC(2387) Metaspace: 35487K(36352K)->35487K(36352K) NonClass: 26278K(26944K)->26278K(26944K) Class: 9209K(9408K)->9209K(9408K)
[929.461s][info][gc             ] GC(2387) Pause Young (Allocation Failure) 444M->204M(450M) 2.974ms
[929.461s][info][gc,cpu         ] GC(2387) User=0.01s Sys=0.00s Real=0.00s
[929.897s][info][gc,start       ] GC(2388) Pause Young (Allocation Failure)
[929.898s][info][gc,heap        ] GC(2388) PSYoungGen: 228416K(251904K)->64K(294912K) Eden: 228352K(228352K)->0K(273920K) From: 64K(23552K)->64K(20992K)
[929.898s][info][gc,heap        ] GC(2388) ParOldGen: 209262K(209408K)->209270K(209408K)
[929.898s][info][gc,metaspace   ] GC(2388) Metaspace: 35487K(36352K)->35487K(36352K) NonClass: 26278K(26944K)->26278K(26944K) Class: 9209K(9408K)->9209K(9408K)
[929.898s][info][gc             ] GC(2388) Pause Young (Allocation Failure) 427M->204M(492M) 0.990ms
[929.898s][info][gc,cpu         ] GC(2388) User=0.00s Sys=0.00s Real=0.00s
[930.427s][info][gc,start       ] GC(2389) Pause Young (Allocation Failure)
[930.428s][info][gc,heap        ] GC(2389) PSYoungGen: 273984K(294912K)->64K(295936K) Eden: 273920K(273920K)->0K(273920K) From: 64K(20992K)->64K(22016K)
[930.428s][info][gc,heap        ] GC(2389) ParOldGen: 209270K(209408K)->209278K(209408K)
[930.428s][info][gc,metaspace   ] GC(2389) Metaspace: 35487K(36352K)->35487K(36352K) NonClass: 26278K(26944K)->26278K(26944K) Class: 9209K(9408K)->9209K(9408K)
[930.428s][info][gc             ] GC(2389) Pause Young (Allocation Failure) 471M->204M(493M) 1.051ms
[930.428s][info][gc,cpu         ] GC(2389) User=0.01s Sys=0.00s Real=0.00s
[930.867s][info][gc,start       ] GC(2390) Pause Young (Allocation Failure)
[930.868s][info][gc,heap        ] GC(2390) PSYoungGen: 273984K(295936K)->64K(309248K) Eden: 273920K(273920K)->0K(290304K) From: 64K(22016K)->64K(18944K)
[930.868s][info][gc,heap        ] GC(2390) ParOldGen: 209278K(209408K)->209294K(209408K)
[930.868s][info][gc,metaspace   ] GC(2390) Metaspace: 35487K(36352K)->35487K(36352K) NonClass: 26278K(26944K)->26278K(26944K) Class: 9209K(9408K)->9209K(9408K)
[930.868s][info][gc             ] GC(2390) Pause Young (Allocation Failure) 471M->204M(506M) 1.098ms
[930.868s][info][gc,cpu         ] GC(2390) User=0.00s Sys=0.00s Real=0.00s
[931.125s][info][gc,start       ] GC(2391) Pause Young (Allocation Failure)
[931.126s][info][gc,heap        ] GC(2391) PSYoungGen: 290368K(309248K)->32K(310784K) Eden: 290304K(290304K)->0K(290304K) From: 64K(18944K)->32K(20480K)
[931.126s][info][gc,heap        ] GC(2391) ParOldGen: 209294K(209408K)->209310K(209408K)
[931.126s][info][gc,metaspace   ] GC(2391) Metaspace: 35487K(36352K)->35487K(36352K) NonClass: 26278K(26944K)->26278K(26944K) Class: 9209K(9408K)->9209K(9408K)
[931.126s][info][gc             ] GC(2391) Pause Young (Allocation Failure) 487M->204M(508M) 0.964ms
[931.126s][info][gc,cpu         ] GC(2391) User=0.01s Sys=0.00s Real=0.00s
[931.365s][info][gc,start       ] GC(2392) Pause Young (Allocation Failure)
[931.366s][info][gc,heap        ] GC(2392) PSYoungGen: 290336K(310784K)->64K(310784K) Eden: 290304K(290304K)->0K(293888K) From: 32K(20480K)->64K(16896K)
[931.366s][info][gc,heap        ] GC(2392) ParOldGen: 209310K(209408K)->209310K(209408K)
[931.366s][info][gc,metaspace   ] GC(2392) Metaspace: 35487K(36352K)->35487K(36352K) NonClass: 26278K(26944K)->26278K(26944K) Class: 9209K(9408K)->9209K(9408K)
[931.366s][info][gc             ] GC(2392) Pause Young (Allocation Failure) 487M->204M(508M) 0.908ms
[931.366s][info][gc,cpu         ] GC(2392) User=0.00s Sys=0.00s Real=0.00s
[931.652s][info][gc,start       ] GC(2393) Pause Young (Allocation Failure)
[931.653s][info][gc,heap        ] GC(2393) PSYoungGen: 293952K(310784K)->64K(312320K) Eden: 293888K(293888K)->0K(293888K) From: 64K(16896K)->64K(18432K)
[931.653s][info][gc,heap        ] GC(2393) ParOldGen: 209310K(209408K)->209310K(209408K)
[931.653s][info][gc,metaspace   ] GC(2393) Metaspace: 35487K(36352K)->35487K(36352K) NonClass: 26278K(26944K)->26278K(26944K) Class: 9209K(9408K)->9209K(9408K)
[931.653s][info][gc             ] GC(2393) Pause Young (Allocation Failure) 491M->204M(509M) 0.865ms
[931.653s][info][gc,cpu         ] GC(2393) User=0.00s Sys=0.00s Real=0.01s
[931.704s][info][gc,start       ] GC(2394) Pause Young (Allocation Failure)
[931.705s][info][gc,heap        ] GC(2394) PSYoungGen: 293952K(312320K)->64K(312832K) Eden: 293888K(293888K)->0K(297984K) From: 64K(18432K)->64K(14848K)
[931.705s][info][gc,heap        ] GC(2394) ParOldGen: 209310K(209408K)->209326K(209408K)
[931.705s][info][gc,metaspace   ] GC(2394) Metaspace: 35487K(36352K)->35487K(36352K) NonClass: 26278K(26944K)->26278K(26944K) Class: 9209K(9408K)->9209K(9408K)
[931.705s][info][gc             ] GC(2394) Pause Young (Allocation Failure) 491M->204M(510M) 0.806ms
[931.705s][info][gc,cpu         ] GC(2394) User=0.00s Sys=0.00s Real=0.00s
[931.828s][info][gc,start       ] GC(2395) Pause Young (Allocation Failure)
[931.829s][info][gc,heap        ] GC(2395) PSYoungGen: 298048K(312832K)->64K(314368K) Eden: 297984K(297984K)->0K(297984K) From: 64K(14848K)->64K(16384K)
[931.829s][info][gc,heap        ] GC(2395) ParOldGen: 209326K(209408K)->209326K(209408K)
[931.829s][info][gc,metaspace   ] GC(2395) Metaspace: 35487K(36352K)->35487K(36352K) NonClass: 26278K(26944K)->26278K(26944K) Class: 9209K(9408K)->9209K(9408K)
[931.829s][info][gc             ] GC(2395) Pause Young (Allocation Failure) 495M->204M(511M) 0.943ms
[931.829s][info][gc,cpu         ] GC(2395) User=0.00s Sys=0.00s Real=0.00s
[932.155s][info][gc,start       ] GC(2396) Pause Young (Allocation Failure)
[932.156s][info][gc,heap        ] GC(2396) PSYoungGen: 298048K(314368K)->64K(314880K) Eden: 297984K(297984K)->0K(301568K) From: 64K(16384K)->64K(13312K)
[932.156s][info][gc,heap        ] GC(2396) ParOldGen: 209326K(209408K)->209342K(209408K)
[932.156s][info][gc,metaspace   ] GC(2396) Metaspace: 35487K(36352K)->35487K(36352K) NonClass: 26278K(26944K)->26278K(26944K) Class: 9209K(9408K)->9209K(9408K)
[932.156s][info][gc             ] GC(2396) Pause Young (Allocation Failure) 495M->204M(512M) 1.071ms
[932.156s][info][gc,cpu         ] GC(2396) User=0.00s Sys=0.00s Real=0.00s
[932.353s][info][gc,start       ] GC(2397) Pause Young (Allocation Failure)
[932.354s][info][gc,heap        ] GC(2397) PSYoungGen: 301632K(314880K)->64K(290304K) Eden: 301568K(301568K)->0K(289792K) From: 64K(13312K)->64K(512K)
[932.354s][info][gc,heap        ] GC(2397) ParOldGen: 209342K(209408K)->209342K(209408K)
[932.354s][info][gc,metaspace   ] GC(2397) Metaspace: 35487K(36352K)->35487K(36352K) NonClass: 26278K(26944K)->26278K(26944K) Class: 9209K(9408K)->9209K(9408K)
[932.354s][info][gc             ] GC(2397) Pause Young (Allocation Failure) 498M->204M(488M) 1.072ms
[932.354s][info][gc,cpu         ] GC(2397) User=0.00s Sys=0.00s Real=0.00s
[932.436s][info][gc,start       ] GC(2398) Pause Young (Allocation Failure)
[932.437s][info][gc,heap        ] GC(2398) PSYoungGen: 289856K(290304K)->64K(279040K) Eden: 289792K(289792K)->0K(278528K) From: 64K(512K)->64K(512K)
[932.437s][info][gc,heap        ] GC(2398) ParOldGen: 209342K(209408K)->209358K(209408K)
[932.437s][info][gc,metaspace   ] GC(2398) Metaspace: 35487K(36352K)->35487K(36352K) NonClass: 26278K(26944K)->26278K(26944K) Class: 9209K(9408K)->9209K(9408K)
[932.437s][info][gc             ] GC(2398) Pause Young (Allocation Failure) 487M->204M(477M) 1.031ms
[932.437s][info][gc,cpu         ] GC(2398) User=0.01s Sys=0.00s Real=0.00s
[932.600s][info][gc,start       ] GC(2399) Pause Young (Allocation Failure)
[932.600s][info][gc,heap        ] GC(2399) PSYoungGen: 278592K(279040K)->64K(281088K) Eden: 278528K(278528K)->0K(267776K) From: 64K(512K)->64K(13312K)
[932.600s][info][gc,heap        ] GC(2399) ParOldGen: 209358K(209408K)->209358K(209408K)
[932.600s][info][gc,metaspace   ] GC(2399) Metaspace: 35487K(36352K)->35487K(36352K) NonClass: 26278K(26944K)->26278K(26944K) Class: 9209K(9408K)->9209K(9408K)
[932.601s][info][gc             ] GC(2399) Pause Young (Allocation Failure) 476M->204M(479M) 0.905ms
[932.601s][info][gc,cpu         ] GC(2399) User=0.00s Sys=0.00s Real=0.00s
[933.537s][info][gc,start       ] GC(2400) Pause Young (Allocation Failure)
[933.538s][info][gc,heap        ] GC(2400) PSYoungGen: 267840K(281088K)->83K(258048K) Eden: 267776K(267776K)->0K(257536K) From: 64K(13312K)->83K(512K)
[933.538s][info][gc,heap        ] GC(2400) ParOldGen: 209358K(209408K)->209366K(209408K)
[933.538s][info][gc,metaspace   ] GC(2400) Metaspace: 35487K(36352K)->35487K(36352K) NonClass: 26278K(26944K)->26278K(26944K) Class: 9209K(9408K)->9209K(9408K)
[933.538s][info][gc             ] GC(2400) Pause Young (Allocation Failure) 466M->204M(456M) 1.589ms
[933.538s][info][gc,cpu         ] GC(2400) User=0.00s Sys=0.00s Real=0.00s
[933.840s][info][gc,start       ] GC(2401) Pause Young (Allocation Failure)
[933.841s][info][gc,heap        ] GC(2401) PSYoungGen: 257619K(258048K)->64K(259072K) Eden: 257536K(257536K)->0K(247808K) From: 83K(512K)->64K(11264K)
[933.841s][info][gc,heap        ] GC(2401) ParOldGen: 209366K(209408K)->209374K(209408K)
[933.841s][info][gc,metaspace   ] GC(2401) Metaspace: 35487K(36352K)->35487K(36352K) NonClass: 26278K(26944K)->26278K(26944K) Class: 9209K(9408K)->9209K(9408K)
[933.841s][info][gc             ] GC(2401) Pause Young (Allocation Failure) 456M->204M(457M) 0.959ms
[933.841s][info][gc,cpu         ] GC(2401) User=0.00s Sys=0.00s Real=0.00s
[934.497s][info][gc,start       ] GC(2402) Pause Young (Allocation Failure)
[934.498s][info][gc,heap        ] GC(2402) PSYoungGen: 247872K(259072K)->64K(239104K) Eden: 247808K(247808K)->0K(238592K) From: 64K(11264K)->64K(512K)
[934.498s][info][gc,heap        ] GC(2402) ParOldGen: 209374K(209408K)->209382K(209408K)
[934.498s][info][gc,metaspace   ] GC(2402) Metaspace: 35487K(36352K)->35487K(36352K) NonClass: 26278K(26944K)->26278K(26944K) Class: 9209K(9408K)->9209K(9408K)
[934.498s][info][gc             ] GC(2402) Pause Young (Allocation Failure) 446M->204M(438M) 1.517ms
[934.498s][info][gc,cpu         ] GC(2402) User=0.00s Sys=0.00s Real=0.00s
[934.940s][info][gc,start       ] GC(2403) Pause Young (Allocation Failure)
[934.941s][info][gc,heap        ] GC(2403) PSYoungGen: 238656K(239104K)->64K(239616K) Eden: 238592K(238592K)->0K(229376K) From: 64K(512K)->64K(10240K)
[934.941s][info][gc,heap        ] GC(2403) ParOldGen: 209382K(209408K)->209390K(209408K)
[934.941s][info][gc,metaspace   ] GC(2403) Metaspace: 35487K(36352K)->35487K(36352K) NonClass: 26278K(26944K)->26278K(26944K) Class: 9209K(9408K)->9209K(9408K)
[934.941s][info][gc             ] GC(2403) Pause Young (Allocation Failure) 437M->204M(438M) 0.935ms
[934.941s][info][gc,cpu         ] GC(2403) User=0.00s Sys=0.00s Real=0.00s
[935.880s][info][gc,start       ] GC(2404) Pause Young (Allocation Failure)
[935.883s][info][gc,heap        ] GC(2404) PSYoungGen: 229440K(239616K)->32K(221184K) Eden: 229376K(229376K)->0K(220672K) From: 64K(10240K)->32K(512K)
[935.883s][info][gc,heap        ] GC(2404) ParOldGen: 209390K(209408K)->209398K(209408K)
[935.883s][info][gc,metaspace   ] GC(2404) Metaspace: 35487K(36352K)->35487K(36352K) NonClass: 26278K(26944K)->26278K(26944K) Class: 9209K(9408K)->9209K(9408K)
[935.883s][info][gc             ] GC(2404) Pause Young (Allocation Failure) 428M->204M(420M) 2.434ms
[935.883s][info][gc,cpu         ] GC(2404) User=0.01s Sys=0.01s Real=0.00s
[936.243s][info][gc,start       ] GC(2405) Pause Young (Allocation Failure)
[936.244s][info][gc,heap        ] GC(2405) PSYoungGen: 220704K(221184K)->64K(221184K) Eden: 220672K(220672K)->0K(212480K) From: 32K(512K)->64K(8704K)
[936.244s][info][gc,heap        ] GC(2405) ParOldGen: 209398K(209408K)->209406K(209408K)
[936.244s][info][gc,metaspace   ] GC(2405) Metaspace: 35487K(36352K)->35487K(36352K) NonClass: 26278K(26944K)->26278K(26944K) Class: 9209K(9408K)->9209K(9408K)
[936.244s][info][gc             ] GC(2405) Pause Young (Allocation Failure) 420M->204M(420M) 1.448ms
[936.244s][info][gc,cpu         ] GC(2405) User=0.00s Sys=0.00s Real=0.01s
[936.422s][info][gc,start       ] GC(2406) Pause Young (Allocation Failure)
[936.424s][info][gc,heap        ] GC(2406) PSYoungGen: 212544K(221184K)->32K(205312K) Eden: 212480K(212480K)->0K(204800K) From: 64K(8704K)->32K(512K)
[936.424s][info][gc,heap        ] GC(2406) ParOldGen: 209406K(209408K)->209414K(209920K)
[936.424s][info][gc,metaspace   ] GC(2406) Metaspace: 35487K(36352K)->35487K(36352K) NonClass: 26278K(26944K)->26278K(26944K) Class: 9209K(9408K)->9209K(9408K)
[936.424s][info][gc             ] GC(2406) Pause Young (Allocation Failure) 412M->204M(405M) 2.364ms
[936.424s][info][gc,cpu         ] GC(2406) User=0.00s Sys=0.00s Real=0.01s
[936.475s][info][gc,start       ] GC(2407) Pause Young (Allocation Failure)
[936.477s][info][gc,heap        ] GC(2407) PSYoungGen: 204832K(205312K)->32K(205312K) Eden: 204800K(204800K)->0K(197632K) From: 32K(512K)->32K(7680K)
[936.477s][info][gc,heap        ] GC(2407) ParOldGen: 209414K(209920K)->209422K(209920K)
[936.477s][info][gc,metaspace   ] GC(2407) Metaspace: 35487K(36352K)->35487K(36352K) NonClass: 26278K(26944K)->26278K(26944K) Class: 9209K(9408K)->9209K(9408K)
[936.477s][info][gc             ] GC(2407) Pause Young (Allocation Failure) 404M->204M(405M) 1.309ms
[936.477s][info][gc,cpu         ] GC(2407) User=0.00s Sys=0.00s Real=0.00s
[936.816s][info][gc,start       ] GC(2408) Pause Young (Allocation Failure)
[936.818s][info][gc,heap        ] GC(2408) PSYoungGen: 197664K(205312K)->64K(190976K) Eden: 197632K(197632K)->0K(190464K) From: 32K(7680K)->64K(512K)
[936.818s][info][gc,heap        ] GC(2408) ParOldGen: 209422K(209920K)->209422K(209920K)
[936.818s][info][gc,metaspace   ] GC(2408) Metaspace: 35487K(36352K)->35487K(36352K) NonClass: 26278K(26944K)->26278K(26944K) Class: 9209K(9408K)->9209K(9408K)
[936.818s][info][gc             ] GC(2408) Pause Young (Allocation Failure) 397M->204M(391M) 1.983ms
[936.818s][info][gc,cpu         ] GC(2408) User=0.00s Sys=0.00s Real=0.00s
[937.134s][info][gc,start       ] GC(2409) Pause Young (Allocation Failure)
[937.136s][info][gc,heap        ] GC(2409) PSYoungGen: 190528K(190976K)->32K(190464K) Eden: 190464K(190464K)->0K(183808K) From: 64K(512K)->32K(6656K)
[937.136s][info][gc,heap        ] GC(2409) ParOldGen: 209422K(209920K)->209438K(209920K)
[937.136s][info][gc,metaspace   ] GC(2409) Metaspace: 35487K(36352K)->35487K(36352K) NonClass: 26278K(26944K)->26278K(26944K) Class: 9209K(9408K)->9209K(9408K)
[937.136s][info][gc             ] GC(2409) Pause Young (Allocation Failure) 390M->204M(391M) 1.379ms
[937.136s][info][gc,cpu         ] GC(2409) User=0.00s Sys=0.00s Real=0.00s
[937.347s][info][gc,start       ] GC(2410) Pause Young (Allocation Failure)
[937.349s][info][gc,heap        ] GC(2410) PSYoungGen: 183840K(190464K)->32K(178176K) Eden: 183808K(183808K)->0K(177664K) From: 32K(6656K)->32K(512K)
[937.349s][info][gc,heap        ] GC(2410) ParOldGen: 209438K(209920K)->209446K(209920K)
[937.349s][info][gc,metaspace   ] GC(2410) Metaspace: 35487K(36352K)->35487K(36352K) NonClass: 26278K(26944K)->26278K(26944K) Class: 9209K(9408K)->9209K(9408K)
[937.349s][info][gc             ] GC(2410) Pause Young (Allocation Failure) 384M->204M(379M) 1.772ms
[937.349s][info][gc,cpu         ] GC(2410) User=0.00s Sys=0.00s Real=0.00s
[937.641s][info][gc,start       ] GC(2411) Pause Young (Allocation Failure)
[937.668s][info][gc,heap        ] GC(2411) PSYoungGen: 177696K(178176K)->5632K(218112K) Eden: 177664K(177664K)->0K(212480K) From: 32K(512K)->5632K(5632K)
[937.668s][info][gc,heap        ] GC(2411) ParOldGen: 209446K(209920K)->217590K(217600K)
[937.668s][info][gc,metaspace   ] GC(2411) Metaspace: 35487K(36352K)->35487K(36352K) NonClass: 26278K(26944K)->26278K(26944K) Class: 9209K(9408K)->9209K(9408K)
[937.668s][info][gc             ] GC(2411) Pause Young (Allocation Failure) 378M->217M(425M) 26.560ms
[937.668s][info][gc,cpu         ] GC(2411) User=0.04s Sys=0.01s Real=0.03s
[937.974s][info][gc,start       ] GC(2412) Pause Young (Allocation Failure)
[938.024s][info][gc,heap        ] GC(2412) PSYoungGen: 218112K(218112K)->5632K(237056K) Eden: 212480K(212480K)->0K(231424K) From: 5632K(5632K)->5632K(5632K)
[938.024s][info][gc,heap        ] GC(2412) ParOldGen: 217590K(217600K)->236294K(236544K)
[938.024s][info][gc,metaspace   ] GC(2412) Metaspace: 35487K(36352K)->35487K(36352K) NonClass: 26278K(26944K)->26278K(26944K) Class: 9209K(9408K)->9209K(9408K)
[938.024s][info][gc             ] GC(2412) Pause Young (Allocation Failure) 425M->236M(462M) 49.998ms
[938.024s][info][gc,cpu         ] GC(2412) User=0.09s Sys=0.00s Real=0.05s
[938.346s][info][gc,start       ] GC(2413) Pause Young (Allocation Failure)
[938.391s][info][gc,heap        ] GC(2413) PSYoungGen: 237056K(237056K)->17408K(248832K) Eden: 231424K(231424K)->0K(231424K) From: 5632K(5632K)->17408K(17408K)
[938.391s][info][gc,heap        ] GC(2413) ParOldGen: 236294K(236544K)->244142K(244224K)
[938.391s][info][gc,metaspace   ] GC(2413) Metaspace: 35487K(36352K)->35487K(36352K) NonClass: 26278K(26944K)->26278K(26944K) Class: 9209K(9408K)->9209K(9408K)
[938.391s][info][gc             ] GC(2413) Pause Young (Allocation Failure) 462M->255M(481M) 44.998ms
[938.391s][info][gc,cpu         ] GC(2413) User=0.08s Sys=0.01s Real=0.04s
[938.456s][info][gc,start       ] GC(2414) Pause Young (Allocation Failure)
[938.459s][info][gc,heap        ] GC(2414) PSYoungGen: 248832K(248832K)->64K(300544K) Eden: 231424K(231424K)->0K(277504K) From: 17408K(17408K)->64K(23040K)
[938.459s][info][gc,heap        ] GC(2414) ParOldGen: 244142K(244224K)->244350K(244736K)
[938.459s][info][gc,metaspace   ] GC(2414) Metaspace: 35487K(36352K)->35487K(36352K) NonClass: 26278K(26944K)->26278K(26944K) Class: 9209K(9408K)->9209K(9408K)
[938.459s][info][gc             ] GC(2414) Pause Young (Allocation Failure) 481M->238M(532M) 3.309ms
[938.459s][info][gc,cpu         ] GC(2414) User=0.01s Sys=0.00s Real=0.00s
[939.029s][info][gc,start       ] GC(2415) Pause Young (Allocation Failure)
[939.030s][info][gc,heap        ] GC(2415) PSYoungGen: 277568K(300544K)->64K(301056K) Eden: 277504K(277504K)->0K(277504K) From: 64K(23040K)->64K(23552K)
[939.030s][info][gc,heap        ] GC(2415) ParOldGen: 244350K(244736K)->244358K(244736K)
[939.030s][info][gc,metaspace   ] GC(2415) Metaspace: 35487K(36352K)->35487K(36352K) NonClass: 26278K(26944K)->26278K(26944K) Class: 9209K(9408K)->9209K(9408K)
[939.030s][info][gc             ] GC(2415) Pause Young (Allocation Failure) 509M->238M(533M) 1.101ms
[939.030s][info][gc,cpu         ] GC(2415) User=0.00s Sys=0.00s Real=0.00s
[939.511s][info][gc,start       ] GC(2416) Pause Young (Allocation Failure)
[939.512s][info][gc,heap        ] GC(2416) PSYoungGen: 277568K(301056K)->128K(308736K) Eden: 277504K(277504K)->0K(287744K) From: 64K(23552K)->128K(20992K)
[939.512s][info][gc,heap        ] GC(2416) ParOldGen: 244358K(244736K)->244366K(244736K)
[939.512s][info][gc,metaspace   ] GC(2416) Metaspace: 35544K(36352K)->35544K(36352K) NonClass: 26334K(26944K)->26334K(26944K) Class: 9209K(9408K)->9209K(9408K)
[939.512s][info][gc             ] GC(2416) Pause Young (Allocation Failure) 509M->238M(540M) 1.670ms
[939.512s][info][gc,cpu         ] GC(2416) User=0.00s Sys=0.00s Real=0.00s
[939.961s][info][gc,start       ] GC(2417) Pause Young (Allocation Failure)
[939.962s][info][gc,heap        ] GC(2417) PSYoungGen: 287872K(308736K)->64K(309248K) Eden: 287744K(287744K)->0K(287744K) From: 128K(20992K)->64K(21504K)
[939.962s][info][gc,heap        ] GC(2417) ParOldGen: 244366K(244736K)->244454K(244736K)
[939.962s][info][gc,metaspace   ] GC(2417) Metaspace: 35544K(36352K)->35544K(36352K) NonClass: 26334K(26944K)->26334K(26944K) Class: 9209K(9408K)->9209K(9408K)
[939.962s][info][gc             ] GC(2417) Pause Young (Allocation Failure) 519M->238M(541M) 1.154ms
[939.962s][info][gc,cpu         ] GC(2417) User=0.00s Sys=0.00s Real=0.00s
[940.199s][info][gc,start       ] GC(2418) Pause Young (Allocation Failure)
[940.200s][info][gc,heap        ] GC(2418) PSYoungGen: 287808K(309248K)->64K(310272K) Eden: 287744K(287744K)->0K(291328K) From: 64K(21504K)->64K(18944K)
[940.200s][info][gc,heap        ] GC(2418) ParOldGen: 244454K(244736K)->244470K(244736K)
[940.200s][info][gc,metaspace   ] GC(2418) Metaspace: 35544K(36352K)->35544K(36352K) NonClass: 26334K(26944K)->26334K(26944K) Class: 9209K(9408K)->9209K(9408K)
[940.200s][info][gc             ] GC(2418) Pause Young (Allocation Failure) 519M->238M(542M) 0.930ms
[940.200s][info][gc,cpu         ] GC(2418) User=0.00s Sys=0.00s Real=0.00s
[940.549s][info][gc,start       ] GC(2419) Pause Young (Allocation Failure)
[940.550s][info][gc,heap        ] GC(2419) PSYoungGen: 291392K(310272K)->64K(311296K) Eden: 291328K(291328K)->0K(291328K) From: 64K(18944K)->64K(19968K)
[940.550s][info][gc,heap        ] GC(2419) ParOldGen: 244470K(244736K)->244470K(244736K)
[940.550s][info][gc,metaspace   ] GC(2419) Metaspace: 35544K(36352K)->35544K(36352K) NonClass: 26334K(26944K)->26334K(26944K) Class: 9209K(9408K)->9209K(9408K)
[940.550s][info][gc             ] GC(2419) Pause Young (Allocation Failure) 523M->238M(543M) 0.966ms
[940.550s][info][gc,cpu         ] GC(2419) User=0.00s Sys=0.00s Real=0.00s
[940.700s][info][gc,start       ] GC(2420) Pause Young (Allocation Failure)
[940.701s][info][gc,heap        ] GC(2420) PSYoungGen: 291392K(311296K)->64K(311808K) Eden: 291328K(291328K)->0K(294912K) From: 64K(19968K)->64K(16896K)
[940.701s][info][gc,heap        ] GC(2420) ParOldGen: 244470K(244736K)->244478K(244736K)
[940.701s][info][gc,metaspace   ] GC(2420) Metaspace: 35544K(36352K)->35544K(36352K) NonClass: 26334K(26944K)->26334K(26944K) Class: 9209K(9408K)->9209K(9408K)
[940.701s][info][gc             ] GC(2420) Pause Young (Allocation Failure) 523M->238M(543M) 0.894ms
[940.701s][info][gc,cpu         ] GC(2420) User=0.00s Sys=0.00s Real=0.00s
[940.754s][info][gc,start       ] GC(2421) Pause Young (Allocation Failure)
[940.755s][info][gc,heap        ] GC(2421) PSYoungGen: 294976K(311808K)->64K(312832K) Eden: 294912K(294912K)->0K(294912K) From: 64K(16896K)->64K(17920K)
[940.755s][info][gc,heap        ] GC(2421) ParOldGen: 244478K(244736K)->244494K(244736K)
[940.755s][info][gc,metaspace   ] GC(2421) Metaspace: 35544K(36352K)->35544K(36352K) NonClass: 26334K(26944K)->26334K(26944K) Class: 9209K(9408K)->9209K(9408K)
[940.755s][info][gc             ] GC(2421) Pause Young (Allocation Failure) 526M->238M(544M) 0.915ms
[940.755s][info][gc,cpu         ] GC(2421) User=0.00s Sys=0.00s Real=0.00s
[940.909s][info][gc,start       ] GC(2422) Pause Young (Allocation Failure)
[940.910s][info][gc,heap        ] GC(2422) PSYoungGen: 294976K(312832K)->64K(313856K) Eden: 294912K(294912K)->0K(299008K) From: 64K(17920K)->64K(14848K)
[940.910s][info][gc,heap        ] GC(2422) ParOldGen: 244494K(244736K)->244494K(244736K)
[940.910s][info][gc,metaspace   ] GC(2422) Metaspace: 35544K(36352K)->35544K(36352K) NonClass: 26334K(26944K)->26334K(26944K) Class: 9209K(9408K)->9209K(9408K)
[940.910s][info][gc             ] GC(2422) Pause Young (Allocation Failure) 526M->238M(545M) 0.984ms
[940.910s][info][gc,cpu         ] GC(2422) User=0.00s Sys=0.00s Real=0.00s
[941.221s][info][gc,start       ] GC(2423) Pause Young (Allocation Failure)
[941.222s][info][gc,heap        ] GC(2423) PSYoungGen: 299072K(313856K)->64K(314880K) Eden: 299008K(299008K)->0K(299008K) From: 64K(14848K)->64K(15872K)
[941.222s][info][gc,heap        ] GC(2423) ParOldGen: 244494K(244736K)->244502K(244736K)
[941.222s][info][gc,metaspace   ] GC(2423) Metaspace: 35544K(36352K)->35544K(36352K) NonClass: 26334K(26944K)->26334K(26944K) Class: 9209K(9408K)->9209K(9408K)
[941.222s][info][gc             ] GC(2423) Pause Young (Allocation Failure) 530M->238M(546M) 1.001ms
[941.222s][info][gc,cpu         ] GC(2423) User=0.00s Sys=0.00s Real=0.00s
[941.383s][info][gc,start       ] GC(2424) Pause Young (Allocation Failure)
[941.384s][info][gc,heap        ] GC(2424) PSYoungGen: 299072K(314880K)->64K(287744K) Eden: 299008K(299008K)->0K(287232K) From: 64K(15872K)->64K(512K)
[941.384s][info][gc,heap        ] GC(2424) ParOldGen: 244502K(244736K)->244510K(244736K)
[941.384s][info][gc,metaspace   ] GC(2424) Metaspace: 35544K(36352K)->35544K(36352K) NonClass: 26334K(26944K)->26334K(26944K) Class: 9209K(9408K)->9209K(9408K)
[941.384s][info][gc             ] GC(2424) Pause Young (Allocation Failure) 530M->238M(520M) 0.991ms
[941.384s][info][gc,cpu         ] GC(2424) User=0.00s Sys=0.00s Real=0.01s
[941.461s][info][gc,start       ] GC(2425) Pause Young (Allocation Failure)
[941.462s][info][gc,heap        ] GC(2425) PSYoungGen: 287296K(287744K)->64K(304128K) Eden: 287232K(287232K)->0K(289792K) From: 64K(512K)->64K(14336K)
[941.462s][info][gc,heap        ] GC(2425) ParOldGen: 244510K(244736K)->244526K(244736K)
[941.462s][info][gc,metaspace   ] GC(2425) Metaspace: 35544K(36352K)->35544K(36352K) NonClass: 26334K(26944K)->26334K(26944K) Class: 9209K(9408K)->9209K(9408K)
[941.462s][info][gc             ] GC(2425) Pause Young (Allocation Failure) 519M->238M(536M) 1.075ms
[941.462s][info][gc,cpu         ] GC(2425) User=0.00s Sys=0.00s Real=0.00s
[941.642s][info][gc,start       ] GC(2426) Pause Young (Allocation Failure)
[941.643s][info][gc,heap        ] GC(2426) PSYoungGen: 289856K(304128K)->64K(279040K) Eden: 289792K(289792K)->0K(278528K) From: 64K(14336K)->64K(512K)
[941.643s][info][gc,heap        ] GC(2426) ParOldGen: 244526K(244736K)->244526K(244736K)
[941.643s][info][gc,metaspace   ] GC(2426) Metaspace: 35544K(36352K)->35544K(36352K) NonClass: 26334K(26944K)->26334K(26944K) Class: 9209K(9408K)->9209K(9408K)
[941.643s][info][gc             ] GC(2426) Pause Young (Allocation Failure) 521M->238M(511M) 0.959ms
[941.643s][info][gc,cpu         ] GC(2426) User=0.00s Sys=0.00s Real=0.00s
[942.547s][info][gc,start       ] GC(2427) Pause Young (Allocation Failure)
[942.548s][info][gc,heap        ] GC(2427) PSYoungGen: 278592K(279040K)->64K(280064K) Eden: 278528K(278528K)->0K(267776K) From: 64K(512K)->64K(12288K)
[942.548s][info][gc,heap        ] GC(2427) ParOldGen: 244526K(244736K)->244534K(244736K)
[942.548s][info][gc,metaspace   ] GC(2427) Metaspace: 35544K(36352K)->35544K(36352K) NonClass: 26334K(26944K)->26334K(26944K) Class: 9209K(9408K)->9209K(9408K)
[942.548s][info][gc             ] GC(2427) Pause Young (Allocation Failure) 510M->238M(512M) 1.030ms
[942.548s][info][gc,cpu         ] GC(2427) User=0.00s Sys=0.00s Real=0.00s
[943.359s][info][gc,start       ] GC(2428) Pause Young (Allocation Failure)
[943.360s][info][gc,heap        ] GC(2428) PSYoungGen: 267840K(280064K)->64K(258048K) Eden: 267776K(267776K)->0K(257536K) From: 64K(12288K)->64K(512K)
[943.360s][info][gc,heap        ] GC(2428) ParOldGen: 244534K(244736K)->244542K(244736K)
[943.360s][info][gc,metaspace   ] GC(2428) Metaspace: 35544K(36352K)->35544K(36352K) NonClass: 26334K(26944K)->26334K(26944K) Class: 9209K(9408K)->9209K(9408K)
[943.360s][info][gc             ] GC(2428) Pause Young (Allocation Failure) 500M->238M(491M) 1.133ms
[943.360s][info][gc,cpu         ] GC(2428) User=0.00s Sys=0.00s Real=0.00s
[943.619s][info][gc,start       ] GC(2429) Pause Young (Allocation Failure)
[943.620s][info][gc,heap        ] GC(2429) PSYoungGen: 257600K(258048K)->64K(258560K) Eden: 257536K(257536K)->0K(247808K) From: 64K(512K)->64K(10752K)
[943.620s][info][gc,heap        ] GC(2429) ParOldGen: 244542K(244736K)->244550K(244736K)
[943.620s][info][gc,metaspace   ] GC(2429) Metaspace: 35544K(36352K)->35544K(36352K) NonClass: 26334K(26944K)->26334K(26944K) Class: 9209K(9408K)->9209K(9408K)
[943.620s][info][gc             ] GC(2429) Pause Young (Allocation Failure) 490M->238M(491M) 0.995ms
[943.620s][info][gc,cpu         ] GC(2429) User=0.00s Sys=0.00s Real=0.00s
[944.067s][info][gc,start       ] GC(2430) Pause Young (Allocation Failure)
[944.068s][info][gc,heap        ] GC(2430) PSYoungGen: 247872K(258560K)->64K(239104K) Eden: 247808K(247808K)->0K(238592K) From: 64K(10752K)->64K(512K)
[944.068s][info][gc,heap        ] GC(2430) ParOldGen: 244550K(244736K)->244558K(244736K)
[944.068s][info][gc,metaspace   ] GC(2430) Metaspace: 35544K(36352K)->35544K(36352K) NonClass: 26334K(26944K)->26334K(26944K) Class: 9209K(9408K)->9209K(9408K)
[944.068s][info][gc             ] GC(2430) Pause Young (Allocation Failure) 480M->238M(472M) 0.998ms
[944.068s][info][gc,cpu         ] GC(2430) User=0.00s Sys=0.00s Real=0.00s
[945.004s][info][gc,start       ] GC(2431) Pause Young (Allocation Failure)
[945.005s][info][gc,heap        ] GC(2431) PSYoungGen: 238656K(239104K)->64K(239104K) Eden: 238592K(238592K)->0K(229376K) From: 64K(512K)->64K(9728K)
[945.005s][info][gc,heap        ] GC(2431) ParOldGen: 244558K(244736K)->244566K(244736K)
[945.005s][info][gc,metaspace   ] GC(2431) Metaspace: 35544K(36352K)->35544K(36352K) NonClass: 26334K(26944K)->26334K(26944K) Class: 9209K(9408K)->9209K(9408K)
[945.005s][info][gc             ] GC(2431) Pause Young (Allocation Failure) 471M->238M(472M) 0.930ms
[945.005s][info][gc,cpu         ] GC(2431) User=0.00s Sys=0.01s Real=0.00s
[945.321s][info][gc,start       ] GC(2432) Pause Young (Allocation Failure)
[945.322s][info][gc,heap        ] GC(2432) PSYoungGen: 229440K(239104K)->64K(221184K) Eden: 229376K(229376K)->0K(220672K) From: 64K(9728K)->64K(512K)
[945.322s][info][gc,heap        ] GC(2432) ParOldGen: 244566K(244736K)->244574K(244736K)
[945.322s][info][gc,metaspace   ] GC(2432) Metaspace: 35544K(36352K)->35544K(36352K) NonClass: 26334K(26944K)->26334K(26944K) Class: 9209K(9408K)->9209K(9408K)
[945.322s][info][gc             ] GC(2432) Pause Young (Allocation Failure) 462M->238M(455M) 1.371ms
[945.322s][info][gc,cpu         ] GC(2432) User=0.00s Sys=0.00s Real=0.00s
[945.451s][info][gc,start       ] GC(2433) Pause Young (Allocation Failure)
[945.452s][info][gc,heap        ] GC(2433) PSYoungGen: 220736K(221184K)->64K(220672K) Eden: 220672K(220672K)->0K(212480K) From: 64K(512K)->64K(8192K)
[945.452s][info][gc,heap        ] GC(2433) ParOldGen: 244574K(244736K)->244582K(244736K)
[945.452s][info][gc,metaspace   ] GC(2433) Metaspace: 35544K(36352K)->35544K(36352K) NonClass: 26334K(26944K)->26334K(26944K) Class: 9209K(9408K)->9209K(9408K)
[945.452s][info][gc             ] GC(2433) Pause Young (Allocation Failure) 454M->238M(454M) 0.912ms
[945.452s][info][gc,cpu         ] GC(2433) User=0.01s Sys=0.00s Real=0.00s
[945.612s][info][gc,start       ] GC(2434) Pause Young (Allocation Failure)
[945.613s][info][gc,heap        ] GC(2434) PSYoungGen: 212544K(220672K)->64K(205312K) Eden: 212480K(212480K)->0K(204800K) From: 64K(8192K)->64K(512K)
[945.613s][info][gc,heap        ] GC(2434) ParOldGen: 244582K(244736K)->244590K(244736K)
[945.613s][info][gc,metaspace   ] GC(2434) Metaspace: 35544K(36352K)->35544K(36352K) NonClass: 26334K(26944K)->26334K(26944K) Class: 9209K(9408K)->9209K(9408K)
[945.613s][info][gc             ] GC(2434) Pause Young (Allocation Failure) 446M->238M(439M) 1.628ms
[945.613s][info][gc,cpu         ] GC(2434) User=0.01s Sys=0.00s Real=0.01s
[946.115s][info][gc,start       ] GC(2435) Pause Young (Allocation Failure)
[946.116s][info][gc,heap        ] GC(2435) PSYoungGen: 204864K(205312K)->64K(204800K) Eden: 204800K(204800K)->0K(197632K) From: 64K(512K)->64K(7168K)
[946.116s][info][gc,heap        ] GC(2435) ParOldGen: 244590K(244736K)->244598K(244736K)
[946.116s][info][gc,metaspace   ] GC(2435) Metaspace: 35544K(36352K)->35544K(36352K) NonClass: 26334K(26944K)->26334K(26944K) Class: 9209K(9408K)->9209K(9408K)
[946.116s][info][gc             ] GC(2435) Pause Young (Allocation Failure) 438M->238M(439M) 1.537ms
[946.116s][info][gc,cpu         ] GC(2435) User=0.00s Sys=0.00s Real=0.00s
[946.271s][info][gc,start       ] GC(2436) Pause Young (Allocation Failure)
[946.272s][info][gc,heap        ] GC(2436) PSYoungGen: 197696K(204800K)->64K(190976K) Eden: 197632K(197632K)->0K(190464K) From: 64K(7168K)->64K(512K)
[946.272s][info][gc,heap        ] GC(2436) ParOldGen: 244598K(244736K)->244606K(244736K)
[946.272s][info][gc,metaspace   ] GC(2436) Metaspace: 35544K(36352K)->35544K(36352K) NonClass: 26334K(26944K)->26334K(26944K) Class: 9209K(9408K)->9209K(9408K)
[946.273s][info][gc             ] GC(2436) Pause Young (Allocation Failure) 431M->238M(425M) 2.004ms
[946.273s][info][gc,cpu         ] GC(2436) User=0.00s Sys=0.00s Real=0.00s
[946.585s][info][gc,start       ] GC(2437) Pause Young (Allocation Failure)
[946.615s][info][gc,heap        ] GC(2437) PSYoungGen: 190528K(190976K)->6144K(233984K) Eden: 190464K(190464K)->0K(227840K) From: 64K(512K)->6144K(6144K)
[946.615s][info][gc,heap        ] GC(2437) ParOldGen: 244606K(244736K)->248070K(248320K)
[946.615s][info][gc,metaspace   ] GC(2437) Metaspace: 35544K(36352K)->35544K(36352K) NonClass: 26334K(26944K)->26334K(26944K) Class: 9209K(9408K)->9209K(9408K)
[946.615s][info][gc             ] GC(2437) Pause Young (Allocation Failure) 424M->248M(471M) 29.764ms
[946.615s][info][gc,cpu         ] GC(2437) User=0.03s Sys=0.00s Real=0.03s
[946.944s][info][gc,start       ] GC(2438) Pause Young (Allocation Failure)
[946.998s][info][gc,heap        ] GC(2438) PSYoungGen: 233984K(233984K)->6144K(261120K) Eden: 227840K(227840K)->0K(254976K) From: 6144K(6144K)->6144K(6144K)
[946.998s][info][gc,heap        ] GC(2438) ParOldGen: 248070K(248320K)->267878K(268288K)
[946.998s][info][gc,metaspace   ] GC(2438) Metaspace: 35544K(36352K)->35544K(36352K) NonClass: 26334K(26944K)->26334K(26944K) Class: 9209K(9408K)->9209K(9408K)
[946.998s][info][gc             ] GC(2438) Pause Young (Allocation Failure) 470M->267M(517M) 53.564ms
[946.998s][info][gc,cpu         ] GC(2438) User=0.08s Sys=0.02s Real=0.05s
[947.351s][info][gc,start       ] GC(2439) Pause Young (Allocation Failure)
[947.401s][info][gc,heap        ] GC(2439) PSYoungGen: 261120K(261120K)->17408K(272384K) Eden: 254976K(254976K)->0K(254976K) From: 6144K(6144K)->17408K(17408K)
[947.401s][info][gc,heap        ] GC(2439) ParOldGen: 267878K(268288K)->278174K(278528K)
[947.401s][info][gc,metaspace   ] GC(2439) Metaspace: 35544K(36352K)->35544K(36352K) NonClass: 26334K(26944K)->26334K(26944K) Class: 9209K(9408K)->9209K(9408K)
[947.401s][info][gc             ] GC(2439) Pause Young (Allocation Failure) 516M->288M(538M) 50.009ms
[947.401s][info][gc,cpu         ] GC(2439) User=0.09s Sys=0.01s Real=0.05s
[947.483s][info][gc,start       ] GC(2440) Pause Young (Allocation Failure)
[947.487s][info][gc,heap        ] GC(2440) PSYoungGen: 272384K(272384K)->64K(309760K) Eden: 254976K(254976K)->0K(285184K) From: 17408K(17408K)->64K(24576K)
[947.487s][info][gc,heap        ] GC(2440) ParOldGen: 278174K(278528K)->278446K(278528K)
[947.487s][info][gc,metaspace   ] GC(2440) Metaspace: 35544K(36352K)->35544K(36352K) NonClass: 26334K(26944K)->26334K(26944K) Class: 9209K(9408K)->9209K(9408K)
[947.487s][info][gc             ] GC(2440) Pause Young (Allocation Failure) 537M->271M(574M) 3.991ms
[947.487s][info][gc,cpu         ] GC(2440) User=0.01s Sys=0.00s Real=0.01s
[948.102s][info][gc,start       ] GC(2441) Pause Young (Allocation Failure)
[948.104s][info][gc,heap        ] GC(2441) PSYoungGen: 285248K(309760K)->64K(285696K) Eden: 285184K(285184K)->0K(285184K) From: 64K(24576K)->64K(512K)
[948.104s][info][gc,heap        ] GC(2441) ParOldGen: 278446K(278528K)->278454K(278528K)
[948.104s][info][gc,metaspace   ] GC(2441) Metaspace: 35544K(36352K)->35544K(36352K) NonClass: 26334K(26944K)->26334K(26944K) Class: 9209K(9408K)->9209K(9408K)
[948.104s][info][gc             ] GC(2441) Pause Young (Allocation Failure) 550M->271M(551M) 1.237ms
[948.104s][info][gc,cpu         ] GC(2441) User=0.00s Sys=0.00s Real=0.01s
[948.498s][info][gc,start       ] GC(2442) Pause Young (Allocation Failure)
[948.499s][info][gc,heap        ] GC(2442) PSYoungGen: 285248K(285696K)->64K(309248K) Eden: 285184K(285184K)->0K(286208K) From: 64K(512K)->64K(23040K)
[948.499s][info][gc,heap        ] GC(2442) ParOldGen: 278454K(278528K)->278462K(278528K)
[948.499s][info][gc,metaspace   ] GC(2442) Metaspace: 35544K(36352K)->35544K(36352K) NonClass: 26334K(26944K)->26334K(26944K) Class: 9209K(9408K)->9209K(9408K)
[948.499s][info][gc             ] GC(2442) Pause Young (Allocation Failure) 550M->271M(574M) 1.102ms
[948.499s][info][gc,cpu         ] GC(2442) User=0.00s Sys=0.00s Real=0.00s
[948.941s][info][gc,start       ] GC(2443) Pause Young (Allocation Failure)
[948.942s][info][gc,heap        ] GC(2443) PSYoungGen: 286272K(309248K)->64K(308224K) Eden: 286208K(286208K)->0K(286208K) From: 64K(23040K)->64K(22016K)
[948.942s][info][gc,heap        ] GC(2443) ParOldGen: 278462K(278528K)->278478K(278528K)
[948.942s][info][gc,metaspace   ] GC(2443) Metaspace: 35544K(36352K)->35544K(36352K) NonClass: 26334K(26944K)->26334K(26944K) Class: 9209K(9408K)->9209K(9408K)
[948.942s][info][gc             ] GC(2443) Pause Young (Allocation Failure) 551M->272M(573M) 1.183ms
[948.942s][info][gc,cpu         ] GC(2443) User=0.00s Sys=0.00s Real=0.00s
[949.178s][info][gc,start       ] GC(2444) Pause Young (Allocation Failure)
[949.179s][info][gc,heap        ] GC(2444) PSYoungGen: 286272K(308224K)->64K(310784K) Eden: 286208K(286208K)->0K(289792K) From: 64K(22016K)->64K(20992K)
[949.179s][info][gc,heap        ] GC(2444) ParOldGen: 278478K(278528K)->278494K(278528K)
[949.179s][info][gc,metaspace   ] GC(2444) Metaspace: 35544K(36352K)->35544K(36352K) NonClass: 26334K(26944K)->26334K(26944K) Class: 9209K(9408K)->9209K(9408K)
[949.179s][info][gc             ] GC(2444) Pause Young (Allocation Failure) 551M->272M(575M) 1.102ms
[949.179s][info][gc,cpu         ] GC(2444) User=0.00s Sys=0.00s Real=0.00s
[949.539s][info][gc,start       ] GC(2445) Pause Young (Allocation Failure)
[949.540s][info][gc,heap        ] GC(2445) PSYoungGen: 289856K(310784K)->64K(310272K) Eden: 289792K(289792K)->0K(289792K) From: 64K(20992K)->64K(20480K)
[949.540s][info][gc,heap        ] GC(2445) ParOldGen: 278494K(278528K)->278494K(278528K)
[949.540s][info][gc,metaspace   ] GC(2445) Metaspace: 35544K(36352K)->35544K(36352K) NonClass: 26334K(26944K)->26334K(26944K) Class: 9209K(9408K)->9209K(9408K)
[949.540s][info][gc             ] GC(2445) Pause Young (Allocation Failure) 555M->272M(575M) 1.030ms
[949.541s][info][gc,cpu         ] GC(2445) User=0.00s Sys=0.00s Real=0.00s
[949.641s][info][gc,start       ] GC(2446) Pause Young (Allocation Failure)
[949.642s][info][gc,heap        ] GC(2446) PSYoungGen: 289856K(310272K)->64K(312320K) Eden: 289792K(289792K)->0K(293376K) From: 64K(20480K)->64K(18944K)
[949.642s][info][gc,heap        ] GC(2446) ParOldGen: 278494K(278528K)->278502K(278528K)
[949.642s][info][gc,metaspace   ] GC(2446) Metaspace: 35544K(36352K)->35544K(36352K) NonClass: 26334K(26944K)->26334K(26944K) Class: 9209K(9408K)->9209K(9408K)
[949.642s][info][gc             ] GC(2446) Pause Young (Allocation Failure) 555M->272M(577M) 1.072ms
[949.642s][info][gc,cpu         ] GC(2446) User=0.01s Sys=0.00s Real=0.00s
[949.695s][info][gc,start       ] GC(2447) Pause Young (Allocation Failure)
[949.696s][info][gc,heap        ] GC(2447) PSYoungGen: 293440K(312320K)->64K(311808K) Eden: 293376K(293376K)->0K(293376K) From: 64K(18944K)->64K(18432K)
[949.696s][info][gc,heap        ] GC(2447) ParOldGen: 278502K(278528K)->278518K(278528K)
[949.696s][info][gc,metaspace   ] GC(2447) Metaspace: 35544K(36352K)->35544K(36352K) NonClass: 26334K(26944K)->26334K(26944K) Class: 9209K(9408K)->9209K(9408K)
[949.696s][info][gc             ] GC(2447) Pause Young (Allocation Failure) 558M->272M(576M) 1.055ms
[949.696s][info][gc,cpu         ] GC(2447) User=0.00s Sys=0.00s Real=0.00s
[949.909s][info][gc,start       ] GC(2448) Pause Young (Allocation Failure)
[949.910s][info][gc,heap        ] GC(2448) PSYoungGen: 293440K(311808K)->64K(314368K) Eden: 293376K(293376K)->0K(297472K) From: 64K(18432K)->64K(16896K)
[949.910s][info][gc,heap        ] GC(2448) ParOldGen: 278518K(278528K)->278518K(278528K)
[949.910s][info][gc,metaspace   ] GC(2448) Metaspace: 35544K(36352K)->35544K(36352K) NonClass: 26334K(26944K)->26334K(26944K) Class: 9209K(9408K)->9209K(9408K)
[949.910s][info][gc             ] GC(2448) Pause Young (Allocation Failure) 558M->272M(579M) 1.168ms
[949.910s][info][gc,cpu         ] GC(2448) User=0.00s Sys=0.00s Real=0.00s
[950.203s][info][gc,start       ] GC(2449) Pause Young (Allocation Failure)
[950.204s][info][gc,heap        ] GC(2449) PSYoungGen: 297536K(314368K)->64K(313856K) Eden: 297472K(297472K)->0K(297472K) From: 64K(16896K)->64K(16384K)
[950.204s][info][gc,heap        ] GC(2449) ParOldGen: 278518K(278528K)->278526K(278528K)
[950.204s][info][gc,metaspace   ] GC(2449) Metaspace: 35544K(36352K)->35544K(36352K) NonClass: 26334K(26944K)->26334K(26944K) Class: 9209K(9408K)->9209K(9408K)
[950.204s][info][gc             ] GC(2449) Pause Young (Allocation Failure) 562M->272M(578M) 1.025ms
[950.204s][info][gc,cpu         ] GC(2449) User=0.00s Sys=0.00s Real=0.00s
[950.343s][info][gc,start       ] GC(2450) Pause Young (Allocation Failure)
[950.344s][info][gc,heap        ] GC(2450) PSYoungGen: 297536K(313856K)->64K(316416K) Eden: 297472K(297472K)->0K(301568K) From: 64K(16384K)->64K(14848K)
[950.344s][info][gc,heap        ] GC(2450) ParOldGen: 278526K(278528K)->278534K(279040K)
[950.344s][info][gc,metaspace   ] GC(2450) Metaspace: 35544K(36352K)->35544K(36352K) NonClass: 26334K(26944K)->26334K(26944K) Class: 9209K(9408K)->9209K(9408K)
[950.344s][info][gc             ] GC(2450) Pause Young (Allocation Failure) 562M->272M(581M) 0.982ms
[950.344s][info][gc,cpu         ] GC(2450) User=0.00s Sys=0.00s Real=0.01s
[950.449s][info][gc,start       ] GC(2451) Pause Young (Allocation Failure)
[950.450s][info][gc,heap        ] GC(2451) PSYoungGen: 301632K(316416K)->64K(315904K) Eden: 301568K(301568K)->0K(301568K) From: 64K(14848K)->64K(14336K)
[950.450s][info][gc,heap        ] GC(2451) ParOldGen: 278534K(279040K)->278542K(279040K)
[950.450s][info][gc,metaspace   ] GC(2451) Metaspace: 35544K(36352K)->35544K(36352K) NonClass: 26334K(26944K)->26334K(26944K) Class: 9209K(9408K)->9209K(9408K)
[950.450s][info][gc             ] GC(2451) Pause Young (Allocation Failure) 566M->272M(581M) 1.024ms
[950.450s][info][gc,cpu         ] GC(2451) User=0.01s Sys=0.00s Real=0.00s
[950.673s][info][gc,start       ] GC(2452) Pause Young (Allocation Failure)
[950.673s][info][gc,heap        ] GC(2452) PSYoungGen: 301632K(315904K)->64K(290304K) Eden: 301568K(301568K)->0K(289792K) From: 64K(14336K)->64K(512K)
[950.674s][info][gc,heap        ] GC(2452) ParOldGen: 278542K(279040K)->278550K(279040K)
[950.674s][info][gc,metaspace   ] GC(2452) Metaspace: 35544K(36352K)->35544K(36352K) NonClass: 26334K(26944K)->26334K(26944K) Class: 9209K(9408K)->9209K(9408K)
[950.674s][info][gc             ] GC(2452) Pause Young (Allocation Failure) 566M->272M(556M) 1.056ms
[950.674s][info][gc,cpu         ] GC(2452) User=0.00s Sys=0.00s Real=0.01s
[951.514s][info][gc,start       ] GC(2453) Pause Young (Allocation Failure)
[951.515s][info][gc,heap        ] GC(2453) PSYoungGen: 289856K(290304K)->64K(291328K) Eden: 289792K(289792K)->0K(278528K) From: 64K(512K)->64K(12800K)
[951.515s][info][gc,heap        ] GC(2453) ParOldGen: 278550K(279040K)->278558K(279040K)
[951.515s][info][gc,metaspace   ] GC(2453) Metaspace: 35544K(36352K)->35544K(36352K) NonClass: 26334K(26944K)->26334K(26944K) Class: 9209K(9408K)->9209K(9408K)
[951.515s][info][gc             ] GC(2453) Pause Young (Allocation Failure) 555M->272M(557M) 1.080ms
[951.515s][info][gc,cpu         ] GC(2453) User=0.00s Sys=0.00s Real=0.00s
[952.380s][info][gc,start       ] GC(2454) Pause Young (Allocation Failure)
[952.381s][info][gc,heap        ] GC(2454) PSYoungGen: 278592K(291328K)->64K(268288K) Eden: 278528K(278528K)->0K(267776K) From: 64K(12800K)->64K(512K)
[952.381s][info][gc,heap        ] GC(2454) ParOldGen: 278558K(279040K)->278566K(279040K)
[952.381s][info][gc,metaspace   ] GC(2454) Metaspace: 35544K(36352K)->35544K(36352K) NonClass: 26334K(26944K)->26334K(26944K) Class: 9209K(9408K)->9209K(9408K)
[952.381s][info][gc             ] GC(2454) Pause Young (Allocation Failure) 544M->272M(534M) 1.076ms
[952.381s][info][gc,cpu         ] GC(2454) User=0.00s Sys=0.00s Real=0.00s
[952.800s][info][gc,start       ] GC(2455) Pause Young (Allocation Failure)
[952.801s][info][gc,heap        ] GC(2455) PSYoungGen: 267840K(268288K)->64K(268800K) Eden: 267776K(267776K)->0K(257536K) From: 64K(512K)->64K(11264K)
[952.801s][info][gc,heap        ] GC(2455) ParOldGen: 278566K(279040K)->278574K(279040K)
[952.801s][info][gc,metaspace   ] GC(2455) Metaspace: 35544K(36352K)->35544K(36352K) NonClass: 26334K(26944K)->26334K(26944K) Class: 9209K(9408K)->9209K(9408K)
[952.801s][info][gc             ] GC(2455) Pause Young (Allocation Failure) 533M->272M(535M) 0.964ms
[952.801s][info][gc,cpu         ] GC(2455) User=0.00s Sys=0.00s Real=0.00s
[953.797s][info][gc,start       ] GC(2456) Pause Young (Allocation Failure)
[953.798s][info][gc,heap        ] GC(2456) PSYoungGen: 257600K(268800K)->64K(248320K) Eden: 257536K(257536K)->0K(247808K) From: 64K(11264K)->64K(512K)
[953.798s][info][gc,heap        ] GC(2456) ParOldGen: 278574K(279040K)->278582K(279040K)
[953.798s][info][gc,metaspace   ] GC(2456) Metaspace: 35544K(36352K)->35544K(36352K) NonClass: 26334K(26944K)->26334K(26944K) Class: 9209K(9408K)->9209K(9408K)
[953.798s][info][gc             ] GC(2456) Pause Young (Allocation Failure) 523M->272M(515M) 1.377ms
[953.798s][info][gc,cpu         ] GC(2456) User=0.00s Sys=0.00s Real=0.00s
[954.177s][info][gc,start       ] GC(2457) Pause Young (Allocation Failure)
[954.178s][info][gc,heap        ] GC(2457) PSYoungGen: 247872K(248320K)->64K(248320K) Eden: 247808K(247808K)->0K(238592K) From: 64K(512K)->64K(9728K)
[954.178s][info][gc,heap        ] GC(2457) ParOldGen: 278582K(279040K)->278590K(279040K)
[954.178s][info][gc,metaspace   ] GC(2457) Metaspace: 35544K(36352K)->35544K(36352K) NonClass: 26334K(26944K)->26334K(26944K) Class: 9209K(9408K)->9209K(9408K)
[954.178s][info][gc             ] GC(2457) Pause Young (Allocation Failure) 514M->272M(515M) 0.962ms
[954.178s][info][gc,cpu         ] GC(2457) User=0.00s Sys=0.00s Real=0.00s
[954.360s][info][gc,start       ] GC(2458) Pause Young (Allocation Failure)
[954.361s][info][gc,heap        ] GC(2458) PSYoungGen: 238656K(248320K)->64K(229888K) Eden: 238592K(238592K)->0K(229376K) From: 64K(9728K)->64K(512K)
[954.361s][info][gc,heap        ] GC(2458) ParOldGen: 278590K(279040K)->278598K(279040K)
[954.361s][info][gc,metaspace   ] GC(2458) Metaspace: 35544K(36352K)->35544K(36352K) NonClass: 26334K(26944K)->26334K(26944K) Class: 9209K(9408K)->9209K(9408K)
[954.361s][info][gc             ] GC(2458) Pause Young (Allocation Failure) 505M->272M(497M) 1.541ms
[954.361s][info][gc,cpu         ] GC(2458) User=0.00s Sys=0.00s Real=0.00s
[954.443s][info][gc,start       ] GC(2459) Pause Young (Allocation Failure)
[954.445s][info][gc,heap        ] GC(2459) PSYoungGen: 229440K(229888K)->64K(229376K) Eden: 229376K(229376K)->0K(220672K) From: 64K(512K)->64K(8704K)
[954.445s][info][gc,heap        ] GC(2459) ParOldGen: 278598K(279040K)->278614K(279040K)
[954.445s][info][gc,metaspace   ] GC(2459) Metaspace: 35544K(36352K)->35544K(36352K) NonClass: 26334K(26944K)->26334K(26944K) Class: 9209K(9408K)->9209K(9408K)
[954.445s][info][gc             ] GC(2459) Pause Young (Allocation Failure) 496M->272M(496M) 1.879ms
[954.445s][info][gc,cpu         ] GC(2459) User=0.00s Sys=0.00s Real=0.01s
[954.937s][info][gc,start       ] GC(2460) Pause Young (Allocation Failure)
[954.939s][info][gc,heap        ] GC(2460) PSYoungGen: 220736K(229376K)->64K(212992K) Eden: 220672K(220672K)->0K(212480K) From: 64K(8704K)->64K(512K)
[954.939s][info][gc,heap        ] GC(2460) ParOldGen: 278614K(279040K)->278630K(279040K)
[954.940s][info][gc,metaspace   ] GC(2460) Metaspace: 35544K(36352K)->35544K(36352K) NonClass: 26334K(26944K)->26334K(26944K) Class: 9209K(9408K)->9209K(9408K)
[954.940s][info][gc             ] GC(2460) Pause Young (Allocation Failure) 487M->272M(480M) 2.084ms
[954.940s][info][gc,cpu         ] GC(2460) User=0.00s Sys=0.01s Real=0.00s
[955.141s][info][gc,start       ] GC(2461) Pause Young (Allocation Failure)
[955.143s][info][gc,heap        ] GC(2461) PSYoungGen: 212544K(212992K)->32K(211968K) Eden: 212480K(212480K)->0K(204800K) From: 64K(512K)->32K(7168K)
[955.143s][info][gc,heap        ] GC(2461) ParOldGen: 278630K(279040K)->278638K(279040K)
[955.143s][info][gc,metaspace   ] GC(2461) Metaspace: 35544K(36352K)->35544K(36352K) NonClass: 26334K(26944K)->26334K(26944K) Class: 9209K(9408K)->9209K(9408K)
[955.143s][info][gc             ] GC(2461) Pause Young (Allocation Failure) 479M->272M(479M) 1.341ms
[955.143s][info][gc,cpu         ] GC(2461) User=0.00s Sys=0.00s Real=0.00s
[955.482s][info][gc,start       ] GC(2462) Pause Young (Allocation Failure)
[955.501s][info][gc,heap        ] GC(2462) PSYoungGen: 204832K(211968K)->6656K(250880K) Eden: 204800K(204800K)->0K(244224K) From: 32K(7168K)->6656K(6656K)
[955.501s][info][gc,heap        ] GC(2462) ParOldGen: 278638K(279040K)->278950K(279040K)
[955.501s][info][gc,metaspace   ] GC(2462) Metaspace: 35544K(36352K)->35544K(36352K) NonClass: 26334K(26944K)->26334K(26944K) Class: 9209K(9408K)->9209K(9408K)
[955.501s][info][gc             ] GC(2462) Pause Young (Allocation Failure) 472M->278M(517M) 19.831ms
[955.501s][info][gc,cpu         ] GC(2462) User=0.02s Sys=0.00s Real=0.02s
[955.854s][info][gc,start       ] GC(2463) Pause Young (Allocation Failure)
[955.909s][info][gc,heap        ] GC(2463) PSYoungGen: 250880K(250880K)->8704K(273408K) Eden: 244224K(244224K)->0K(264704K) From: 6656K(6656K)->8704K(8704K)
[955.909s][info][gc,heap        ] GC(2463) ParOldGen: 278950K(279040K)->297974K(297984K)
[955.909s][info][gc,metaspace   ] GC(2463) Metaspace: 35544K(36352K)->35544K(36352K) NonClass: 26334K(26944K)->26334K(26944K) Class: 9209K(9408K)->9209K(9408K)
[955.909s][info][gc             ] GC(2463) Pause Young (Allocation Failure) 517M->299M(558M) 55.593ms
[955.909s][info][gc,cpu         ] GC(2463) User=0.09s Sys=0.01s Real=0.05s
[956.270s][info][gc,start       ] GC(2464) Pause Young (Allocation Failure)
[956.331s][info][gc,heap        ] GC(2464) PSYoungGen: 273408K(273408K)->17408K(300032K) Eden: 264704K(264704K)->0K(282624K) From: 8704K(8704K)->17408K(17408K)
[956.331s][info][gc,heap        ] GC(2464) ParOldGen: 297974K(297984K)->309062K(309248K)
[956.331s][info][gc,metaspace   ] GC(2464) Metaspace: 35544K(36352K)->35544K(36352K) NonClass: 26334K(26944K)->26334K(26944K) Class: 9209K(9408K)->9209K(9408K)
[956.331s][info][gc             ] GC(2464) Pause Young (Allocation Failure) 557M->318M(595M) 61.559ms
[956.331s][info][gc,cpu         ] GC(2464) User=0.10s Sys=0.02s Real=0.06s
[956.434s][info][gc,start       ] GC(2465) Pause Young (Allocation Failure)
[956.438s][info][gc,heap        ] GC(2465) PSYoungGen: 300032K(300032K)->64K(308224K) Eden: 282624K(282624K)->0K(282624K) From: 17408K(17408K)->64K(25600K)
[956.438s][info][gc,heap        ] GC(2465) ParOldGen: 309062K(309248K)->309350K(309760K)
[956.438s][info][gc,metaspace   ] GC(2465) Metaspace: 35544K(36352K)->35544K(36352K) NonClass: 26334K(26944K)->26334K(26944K) Class: 9209K(9408K)->9209K(9408K)
[956.438s][info][gc             ] GC(2465) Pause Young (Allocation Failure) 594M->302M(603M) 4.241ms
[956.438s][info][gc,cpu         ] GC(2465) User=0.00s Sys=0.00s Real=0.00s
[957.094s][info][gc,start       ] GC(2466) Pause Young (Allocation Failure)
[957.095s][info][gc,heap        ] GC(2466) PSYoungGen: 282688K(308224K)->64K(305152K) Eden: 282624K(282624K)->0K(283648K) From: 64K(25600K)->64K(21504K)
[957.095s][info][gc,heap        ] GC(2466) ParOldGen: 309350K(309760K)->309358K(309760K)
[957.095s][info][gc,metaspace   ] GC(2466) Metaspace: 35544K(36352K)->35544K(36352K) NonClass: 26334K(26944K)->26334K(26944K) Class: 9209K(9408K)->9209K(9408K)
[957.095s][info][gc             ] GC(2466) Pause Young (Allocation Failure) 578M->302M(600M) 1.286ms
[957.095s][info][gc,cpu         ] GC(2466) User=0.01s Sys=0.00s Real=0.00s
[957.456s][info][gc,start       ] GC(2467) Pause Young (Allocation Failure)
[957.457s][info][gc,heap        ] GC(2467) PSYoungGen: 283712K(305152K)->64K(307200K) Eden: 283648K(283648K)->0K(283648K) From: 64K(21504K)->64K(23552K)
[957.457s][info][gc,heap        ] GC(2467) ParOldGen: 309358K(309760K)->309366K(309760K)
[957.457s][info][gc,metaspace   ] GC(2467) Metaspace: 35544K(36352K)->35544K(36352K) NonClass: 26334K(26944K)->26334K(26944K) Class: 9209K(9408K)->9209K(9408K)
[957.457s][info][gc             ] GC(2467) Pause Young (Allocation Failure) 579M->302M(602M) 1.098ms
[957.457s][info][gc,cpu         ] GC(2467) User=0.00s Sys=0.00s Real=0.00s
[957.885s][info][gc,start       ] GC(2468) Pause Young (Allocation Failure)
[957.886s][info][gc,heap        ] GC(2468) PSYoungGen: 283712K(307200K)->64K(307200K) Eden: 283648K(283648K)->0K(287744K) From: 64K(23552K)->64K(19456K)
[957.886s][info][gc,heap        ] GC(2468) ParOldGen: 309366K(309760K)->309382K(309760K)
[957.886s][info][gc,metaspace   ] GC(2468) Metaspace: 35544K(36352K)->35544K(36352K) NonClass: 26334K(26944K)->26334K(26944K) Class: 9209K(9408K)->9209K(9408K)
[957.886s][info][gc             ] GC(2468) Pause Young (Allocation Failure) 579M->302M(602M) 1.090ms
[957.886s][info][gc,cpu         ] GC(2468) User=0.01s Sys=0.00s Real=0.00s
[958.128s][info][gc,start       ] GC(2469) Pause Young (Allocation Failure)
[958.129s][info][gc,heap        ] GC(2469) PSYoungGen: 287808K(307200K)->32K(309248K) Eden: 287744K(287744K)->0K(287744K) From: 64K(19456K)->32K(21504K)
[958.129s][info][gc,heap        ] GC(2469) ParOldGen: 309382K(309760K)->309398K(309760K)
[958.129s][info][gc,metaspace   ] GC(2469) Metaspace: 35544K(36352K)->35544K(36352K) NonClass: 26334K(26944K)->26334K(26944K) Class: 9209K(9408K)->9209K(9408K)
[958.129s][info][gc             ] GC(2469) Pause Young (Allocation Failure) 583M->302M(604M) 1.084ms
[958.129s][info][gc,cpu         ] GC(2469) User=0.00s Sys=0.00s Real=0.00s
[958.487s][info][gc,start       ] GC(2470) Pause Young (Allocation Failure)
[958.488s][info][gc,heap        ] GC(2470) PSYoungGen: 287776K(309248K)->64K(309248K) Eden: 287744K(287744K)->0K(291840K) From: 32K(21504K)->64K(17408K)
[958.488s][info][gc,heap        ] GC(2470) ParOldGen: 309398K(309760K)->309398K(309760K)
[958.488s][info][gc,metaspace   ] GC(2470) Metaspace: 35544K(36352K)->35544K(36352K) NonClass: 26334K(26944K)->26334K(26944K) Class: 9209K(9408K)->9209K(9408K)
[958.488s][info][gc             ] GC(2470) Pause Young (Allocation Failure) 583M->302M(604M) 1.021ms
[958.488s][info][gc,cpu         ] GC(2470) User=0.00s Sys=0.00s Real=0.00s
[958.572s][info][gc,start       ] GC(2471) Pause Young (Allocation Failure)
[958.573s][info][gc,heap        ] GC(2471) PSYoungGen: 291904K(309248K)->64K(311296K) Eden: 291840K(291840K)->0K(291840K) From: 64K(17408K)->64K(19456K)
[958.573s][info][gc,heap        ] GC(2471) ParOldGen: 309398K(309760K)->309406K(309760K)
[958.573s][info][gc,metaspace   ] GC(2471) Metaspace: 35544K(36352K)->35544K(36352K) NonClass: 26334K(26944K)->26334K(26944K) Class: 9209K(9408K)->9209K(9408K)
[958.573s][info][gc             ] GC(2471) Pause Young (Allocation Failure) 587M->302M(606M) 1.101ms
[958.573s][info][gc,cpu         ] GC(2471) User=0.00s Sys=0.00s Real=0.00s
[958.623s][info][gc,start       ] GC(2472) Pause Young (Allocation Failure)
[958.624s][info][gc,heap        ] GC(2472) PSYoungGen: 291904K(311296K)->32K(311296K) Eden: 291840K(291840K)->0K(295936K) From: 64K(19456K)->32K(15360K)
[958.624s][info][gc,heap        ] GC(2472) ParOldGen: 309406K(309760K)->309422K(309760K)
[958.624s][info][gc,metaspace   ] GC(2472) Metaspace: 35544K(36352K)->35544K(36352K) NonClass: 26334K(26944K)->26334K(26944K) Class: 9209K(9408K)->9209K(9408K)
[958.624s][info][gc             ] GC(2472) Pause Young (Allocation Failure) 587M->302M(606M) 1.023ms
[958.624s][info][gc,cpu         ] GC(2472) User=0.00s Sys=0.00s Real=0.01s
[958.848s][info][gc,start       ] GC(2473) Pause Young (Allocation Failure)
[958.849s][info][gc,heap        ] GC(2473) PSYoungGen: 295968K(311296K)->64K(313344K) Eden: 295936K(295936K)->0K(295936K) From: 32K(15360K)->64K(17408K)
[958.849s][info][gc,heap        ] GC(2473) ParOldGen: 309422K(309760K)->309422K(309760K)
[958.849s][info][gc,metaspace   ] GC(2473) Metaspace: 35544K(36352K)->35544K(36352K) NonClass: 26334K(26944K)->26334K(26944K) Class: 9209K(9408K)->9209K(9408K)
[958.849s][info][gc             ] GC(2473) Pause Young (Allocation Failure) 591M->302M(608M) 1.076ms
[958.849s][info][gc,cpu         ] GC(2473) User=0.00s Sys=0.00s Real=0.00s
[959.129s][info][gc,start       ] GC(2474) Pause Young (Allocation Failure)
[959.130s][info][gc,heap        ] GC(2474) PSYoungGen: 296000K(313344K)->64K(313856K) Eden: 295936K(295936K)->0K(299520K) From: 64K(17408K)->64K(14336K)
[959.130s][info][gc,heap        ] GC(2474) ParOldGen: 309422K(309760K)->309430K(309760K)
[959.130s][info][gc,metaspace   ] GC(2474) Metaspace: 35544K(36352K)->35544K(36352K) NonClass: 26334K(26944K)->26334K(26944K) Class: 9209K(9408K)->9209K(9408K)
[959.130s][info][gc             ] GC(2474) Pause Young (Allocation Failure) 591M->302M(609M) 1.073ms
[959.130s][info][gc,cpu         ] GC(2474) User=0.00s Sys=0.00s Real=0.00s
[959.260s][info][gc,start       ] GC(2475) Pause Young (Allocation Failure)
[959.261s][info][gc,heap        ] GC(2475) PSYoungGen: 299584K(313856K)->64K(315392K) Eden: 299520K(299520K)->0K(299520K) From: 64K(14336K)->64K(15872K)
[959.262s][info][gc,heap        ] GC(2475) ParOldGen: 309430K(309760K)->309438K(309760K)
[959.262s][info][gc,metaspace   ] GC(2475) Metaspace: 35544K(36352K)->35544K(36352K) NonClass: 26334K(26944K)->26334K(26944K) Class: 9209K(9408K)->9209K(9408K)
[959.262s][info][gc             ] GC(2475) Pause Young (Allocation Failure) 594M->302M(610M) 1.130ms
[959.262s][info][gc,cpu         ] GC(2475) User=0.01s Sys=0.00s Real=0.00s
[959.374s][info][gc,start       ] GC(2476) Pause Young (Allocation Failure)
[959.375s][info][gc,heap        ] GC(2476) PSYoungGen: 299584K(315392K)->64K(315392K) Eden: 299520K(299520K)->0K(303104K) From: 64K(15872K)->64K(12288K)
[959.375s][info][gc,heap        ] GC(2476) ParOldGen: 309438K(309760K)->309446K(309760K)
[959.375s][info][gc,metaspace   ] GC(2476) Metaspace: 35544K(36352K)->35544K(36352K) NonClass: 26334K(26944K)->26334K(26944K) Class: 9209K(9408K)->9209K(9408K)
[959.375s][info][gc             ] GC(2476) Pause Young (Allocation Failure) 594M->302M(610M) 1.078ms
[959.375s][info][gc,cpu         ] GC(2476) User=0.00s Sys=0.00s Real=0.00s
[959.663s][info][gc,start       ] GC(2477) Pause Young (Allocation Failure)
[959.665s][info][gc,heap        ] GC(2477) PSYoungGen: 303168K(315392K)->64K(291328K) Eden: 303104K(303104K)->0K(290816K) From: 64K(12288K)->64K(512K)
[959.665s][info][gc,heap        ] GC(2477) ParOldGen: 309446K(309760K)->309454K(309760K)
[959.665s][info][gc,metaspace   ] GC(2477) Metaspace: 35544K(36352K)->35544K(36352K) NonClass: 26334K(26944K)->26334K(26944K) Class: 9209K(9408K)->9209K(9408K)
[959.665s][info][gc             ] GC(2477) Pause Young (Allocation Failure) 598M->302M(587M) 1.723ms
[959.665s][info][gc,cpu         ] GC(2477) User=0.01s Sys=0.00s Real=0.01s
[960.427s][info][gc,start       ] GC(2478) Pause Young (Allocation Failure)
[960.428s][info][gc,heap        ] GC(2478) PSYoungGen: 290880K(291328K)->83K(280064K) Eden: 290816K(290816K)->0K(279552K) From: 64K(512K)->83K(512K)
[960.428s][info][gc,heap        ] GC(2478) ParOldGen: 309454K(309760K)->309462K(309760K)
[960.428s][info][gc,metaspace   ] GC(2478) Metaspace: 35544K(36352K)->35544K(36352K) NonClass: 26334K(26944K)->26334K(26944K) Class: 9209K(9408K)->9209K(9408K)
[960.428s][info][gc             ] GC(2478) Pause Young (Allocation Failure) 586M->302M(576M) 1.680ms
[960.428s][info][gc,cpu         ] GC(2478) User=0.00s Sys=0.00s Real=0.00s
[961.311s][info][gc,start       ] GC(2479) Pause Young (Allocation Failure)
[961.312s][info][gc,heap        ] GC(2479) PSYoungGen: 279635K(280064K)->64K(281088K) Eden: 279552K(279552K)->0K(268800K) From: 83K(512K)->64K(12288K)
[961.312s][info][gc,heap        ] GC(2479) ParOldGen: 309462K(309760K)->309470K(309760K)
[961.312s][info][gc,metaspace   ] GC(2479) Metaspace: 35544K(36352K)->35544K(36352K) NonClass: 26334K(26944K)->26334K(26944K) Class: 9209K(9408K)->9209K(9408K)
[961.312s][info][gc             ] GC(2479) Pause Young (Allocation Failure) 575M->302M(577M) 1.029ms
[961.312s][info][gc,cpu         ] GC(2479) User=0.00s Sys=0.01s Real=0.00s
[961.760s][info][gc,start       ] GC(2480) Pause Young (Allocation Failure)
[961.762s][info][gc,heap        ] GC(2480) PSYoungGen: 268864K(281088K)->64K(259072K) Eden: 268800K(268800K)->0K(258560K) From: 64K(12288K)->64K(512K)
[961.762s][info][gc,heap        ] GC(2480) ParOldGen: 309470K(309760K)->309478K(309760K)
[961.762s][info][gc,metaspace   ] GC(2480) Metaspace: 35544K(36352K)->35544K(36352K) NonClass: 26334K(26944K)->26334K(26944K) Class: 9209K(9408K)->9209K(9408K)
[961.762s][info][gc             ] GC(2480) Pause Young (Allocation Failure) 564M->302M(555M) 1.619ms
[961.762s][info][gc,cpu         ] GC(2480) User=0.00s Sys=0.00s Real=0.00s
[962.720s][info][gc,start       ] GC(2481) Pause Young (Allocation Failure)
[962.721s][info][gc,heap        ] GC(2481) PSYoungGen: 258624K(259072K)->64K(259584K) Eden: 258560K(258560K)->0K(248832K) From: 64K(512K)->64K(10752K)
[962.721s][info][gc,heap        ] GC(2481) ParOldGen: 309478K(309760K)->309486K(309760K)
[962.721s][info][gc,metaspace   ] GC(2481) Metaspace: 35544K(36352K)->35544K(36352K) NonClass: 26334K(26944K)->26334K(26944K) Class: 9209K(9408K)->9209K(9408K)
[962.721s][info][gc             ] GC(2481) Pause Young (Allocation Failure) 554M->302M(556M) 1.044ms
[962.721s][info][gc,cpu         ] GC(2481) User=0.00s Sys=0.00s Real=0.00s
[963.101s][info][gc,start       ] GC(2482) Pause Young (Allocation Failure)
[963.103s][info][gc,heap        ] GC(2482) PSYoungGen: 248896K(259584K)->64K(240128K) Eden: 248832K(248832K)->0K(239616K) From: 64K(10752K)->64K(512K)
[963.103s][info][gc,heap        ] GC(2482) ParOldGen: 309486K(309760K)->309494K(309760K)
[963.103s][info][gc,metaspace   ] GC(2482) Metaspace: 35544K(36352K)->35544K(36352K) NonClass: 26334K(26944K)->26334K(26944K) Class: 9209K(9408K)->9209K(9408K)
[963.103s][info][gc             ] GC(2482) Pause Young (Allocation Failure) 545M->302M(537M) 1.922ms
[963.103s][info][gc,cpu         ] GC(2482) User=0.00s Sys=0.00s Real=0.00s
[963.270s][info][gc,start       ] GC(2483) Pause Young (Allocation Failure)
[963.272s][info][gc,heap        ] GC(2483) PSYoungGen: 239680K(240128K)->64K(239616K) Eden: 239616K(239616K)->0K(230400K) From: 64K(512K)->64K(9216K)
[963.272s][info][gc,heap        ] GC(2483) ParOldGen: 309494K(309760K)->309510K(309760K)
[963.272s][info][gc,metaspace   ] GC(2483) Metaspace: 35544K(36352K)->35544K(36352K) NonClass: 26334K(26944K)->26334K(26944K) Class: 9209K(9408K)->9209K(9408K)
[963.272s][info][gc             ] GC(2483) Pause Young (Allocation Failure) 536M->302M(536M) 1.702ms
[963.272s][info][gc,cpu         ] GC(2483) User=0.00s Sys=0.00s Real=0.00s
[963.372s][info][gc,start       ] GC(2484) Pause Young (Allocation Failure)
[963.374s][info][gc,heap        ] GC(2484) PSYoungGen: 230464K(239616K)->64K(222208K) Eden: 230400K(230400K)->0K(221696K) From: 64K(9216K)->64K(512K)
[963.374s][info][gc,heap        ] GC(2484) ParOldGen: 309510K(309760K)->309526K(309760K)
[963.374s][info][gc,metaspace   ] GC(2484) Metaspace: 35544K(36352K)->35544K(36352K) NonClass: 26334K(26944K)->26334K(26944K) Class: 9209K(9408K)->9209K(9408K)
[963.374s][info][gc             ] GC(2484) Pause Young (Allocation Failure) 527M->302M(519M) 2.815ms
[963.374s][info][gc,cpu         ] GC(2484) User=0.00s Sys=0.00s Real=0.01s
[963.938s][info][gc,start       ] GC(2485) Pause Young (Allocation Failure)
[963.940s][info][gc,heap        ] GC(2485) PSYoungGen: 221760K(222208K)->64K(221696K) Eden: 221696K(221696K)->0K(213504K) From: 64K(512K)->64K(8192K)
[963.940s][info][gc,heap        ] GC(2485) ParOldGen: 309526K(309760K)->309542K(309760K)
[963.940s][info][gc,metaspace   ] GC(2485) Metaspace: 35544K(36352K)->35544K(36352K) NonClass: 26334K(26944K)->26334K(26944K) Class: 9209K(9408K)->9209K(9408K)
[963.940s][info][gc             ] GC(2485) Pause Young (Allocation Failure) 518M->302M(519M) 2.038ms
[963.940s][info][gc,cpu         ] GC(2485) User=0.00s Sys=0.00s Real=0.00s
[964.109s][info][gc,start       ] GC(2486) Pause Young (Allocation Failure)
[964.112s][info][gc,heap        ] GC(2486) PSYoungGen: 213568K(221696K)->64K(206336K) Eden: 213504K(213504K)->0K(205824K) From: 64K(8192K)->64K(512K)
[964.112s][info][gc,heap        ] GC(2486) ParOldGen: 309542K(309760K)->309558K(309760K)
[964.112s][info][gc,metaspace   ] GC(2486) Metaspace: 35544K(36352K)->35544K(36352K) NonClass: 26334K(26944K)->26334K(26944K) Class: 9209K(9408K)->9209K(9408K)
[964.112s][info][gc             ] GC(2486) Pause Young (Allocation Failure) 510M->302M(504M) 2.574ms
[964.112s][info][gc,cpu         ] GC(2486) User=0.00s Sys=0.00s Real=0.00s
[964.447s][info][gc,start       ] GC(2487) Pause Young (Allocation Failure)
[964.468s][info][gc,heap        ] GC(2487) PSYoungGen: 205888K(206336K)->6656K(252416K) Eden: 205824K(205824K)->0K(245760K) From: 64K(512K)->6656K(6656K)
[964.468s][info][gc,heap        ] GC(2487) ParOldGen: 309558K(309760K)->313958K(314368K)
[964.468s][info][gc,metaspace   ] GC(2487) Metaspace: 35544K(36352K)->35544K(36352K) NonClass: 26334K(26944K)->26334K(26944K) Class: 9209K(9408K)->9209K(9408K)
[964.468s][info][gc             ] GC(2487) Pause Young (Allocation Failure) 503M->313M(553M) 21.521ms
[964.468s][info][gc,cpu         ] GC(2487) User=0.04s Sys=0.00s Real=0.02s
[964.832s][info][gc,start       ] GC(2488) Pause Young (Allocation Failure)
[964.892s][info][gc,heap        ] GC(2488) PSYoungGen: 252416K(252416K)->6656K(252416K) Eden: 245760K(245760K)->0K(245760K) From: 6656K(6656K)->6656K(6656K)
[964.892s][info][gc,heap        ] GC(2488) ParOldGen: 313958K(314368K)->335318K(335360K)
[964.892s][info][gc,metaspace   ] GC(2488) Metaspace: 35544K(36352K)->35544K(36352K) NonClass: 26334K(26944K)->26334K(26944K) Class: 9209K(9408K)->9209K(9408K)
[964.892s][info][gc             ] GC(2488) Pause Young (Allocation Failure) 553M->333M(574M) 59.905ms
[964.892s][info][gc,cpu         ] GC(2488) User=0.10s Sys=0.02s Real=0.06s
[965.219s][info][gc,start       ] GC(2489) Pause Young (Allocation Failure)
[965.265s][info][gc,heap        ] GC(2489) PSYoungGen: 252416K(252416K)->18944K(264704K) Eden: 245760K(245760K)->0K(245760K) From: 6656K(6656K)->18944K(18944K)
[965.265s][info][gc,heap        ] GC(2489) ParOldGen: 335318K(335360K)->340638K(340992K)
[965.265s][info][gc,metaspace   ] GC(2489) Metaspace: 35544K(36352K)->35544K(36352K) NonClass: 26334K(26944K)->26334K(26944K) Class: 9209K(9408K)->9209K(9408K)
[965.265s][info][gc             ] GC(2489) Pause Young (Allocation Failure) 573M->351M(591M) 45.165ms
[965.265s][info][gc,cpu         ] GC(2489) User=0.08s Sys=0.00s Real=0.05s
[965.350s][info][gc,start       ] GC(2490) Pause Young (Allocation Failure)
[965.353s][info][gc,heap        ] GC(2490) PSYoungGen: 264704K(264704K)->64K(309760K) Eden: 245760K(245760K)->0K(284672K) From: 18944K(18944K)->64K(25088K)
[965.353s][info][gc,heap        ] GC(2490) ParOldGen: 340638K(340992K)->340774K(340992K)
[965.353s][info][gc,metaspace   ] GC(2490) Metaspace: 35544K(36352K)->35544K(36352K) NonClass: 26334K(26944K)->26334K(26944K) Class: 9209K(9408K)->9209K(9408K)
[965.353s][info][gc             ] GC(2490) Pause Young (Allocation Failure) 591M->332M(635M) 2.641ms
[965.353s][info][gc,cpu         ] GC(2490) User=0.00s Sys=0.00s Real=0.00s
[966.016s][info][gc,start       ] GC(2491) Pause Young (Allocation Failure)
[966.017s][info][gc,heap        ] GC(2491) PSYoungGen: 284736K(309760K)->64K(285184K) Eden: 284672K(284672K)->0K(284672K) From: 64K(25088K)->64K(512K)
[966.017s][info][gc,heap        ] GC(2491) ParOldGen: 340774K(340992K)->340782K(340992K)
[966.017s][info][gc,metaspace   ] GC(2491) Metaspace: 35544K(36352K)->35544K(36352K) NonClass: 26334K(26944K)->26334K(26944K) Class: 9209K(9408K)->9209K(9408K)
[966.017s][info][gc             ] GC(2491) Pause Young (Allocation Failure) 610M->332M(611M) 1.454ms
[966.017s][info][gc,cpu         ] GC(2491) User=0.00s Sys=0.00s Real=0.00s
[966.394s][info][gc,start       ] GC(2492) Pause Young (Allocation Failure)
[966.395s][info][gc,heap        ] GC(2492) PSYoungGen: 284736K(285184K)->64K(309248K) Eden: 284672K(284672K)->0K(285696K) From: 64K(512K)->64K(23552K)
[966.396s][info][gc,heap        ] GC(2492) ParOldGen: 340782K(340992K)->340790K(340992K)
[966.396s][info][gc,metaspace   ] GC(2492) Metaspace: 35544K(36352K)->35544K(36352K) NonClass: 26334K(26944K)->26334K(26944K) Class: 9209K(9408K)->9209K(9408K)
[966.396s][info][gc             ] GC(2492) Pause Young (Allocation Failure) 610M->332M(635M) 1.278ms
[966.396s][info][gc,cpu         ] GC(2492) User=0.00s Sys=0.00s Real=0.00s
[966.837s][info][gc,start       ] GC(2493) Pause Young (Allocation Failure)
[966.838s][info][gc,heap        ] GC(2493) PSYoungGen: 285760K(309248K)->64K(308224K) Eden: 285696K(285696K)->0K(285696K) From: 64K(23552K)->64K(22528K)
[966.838s][info][gc,heap        ] GC(2493) ParOldGen: 340790K(340992K)->340806K(340992K)
[966.838s][info][gc,metaspace   ] GC(2493) Metaspace: 35544K(36352K)->35544K(36352K) NonClass: 26334K(26944K)->26334K(26944K) Class: 9209K(9408K)->9209K(9408K)
[966.838s][info][gc             ] GC(2493) Pause Young (Allocation Failure) 611M->332M(634M) 1.240ms
[966.838s][info][gc,cpu         ] GC(2493) User=0.01s Sys=0.00s Real=0.00s
[967.074s][info][gc,start       ] GC(2494) Pause Young (Allocation Failure)
[967.075s][info][gc,heap        ] GC(2494) PSYoungGen: 285760K(308224K)->64K(310272K) Eden: 285696K(285696K)->0K(288768K) From: 64K(22528K)->64K(21504K)
[967.075s][info][gc,heap        ] GC(2494) ParOldGen: 340806K(340992K)->340822K(340992K)
[967.075s][info][gc,metaspace   ] GC(2494) Metaspace: 35544K(36352K)->35544K(36352K) NonClass: 26334K(26944K)->26334K(26944K) Class: 9209K(9408K)->9209K(9408K)
[967.075s][info][gc             ] GC(2494) Pause Young (Allocation Failure) 611M->332M(636M) 1.224ms
[967.075s][info][gc,cpu         ] GC(2494) User=0.00s Sys=0.00s Real=0.00s
[967.435s][info][gc,start       ] GC(2495) Pause Young (Allocation Failure)
[967.436s][info][gc,heap        ] GC(2495) PSYoungGen: 288832K(310272K)->64K(309248K) Eden: 288768K(288768K)->0K(288768K) From: 64K(21504K)->64K(20480K)
[967.436s][info][gc,heap        ] GC(2495) ParOldGen: 340822K(340992K)->340822K(340992K)
[967.436s][info][gc,metaspace   ] GC(2495) Metaspace: 35544K(36352K)->35544K(36352K) NonClass: 26334K(26944K)->26334K(26944K) Class: 9209K(9408K)->9209K(9408K)
[967.436s][info][gc             ] GC(2495) Pause Young (Allocation Failure) 614M->332M(635M) 1.094ms
[967.436s][info][gc,cpu         ] GC(2495) User=0.00s Sys=0.00s Real=0.00s
[967.529s][info][gc,start       ] GC(2496) Pause Young (Allocation Failure)
[967.530s][info][gc,heap        ] GC(2496) PSYoungGen: 288832K(309248K)->64K(312320K) Eden: 288768K(288768K)->0K(292864K) From: 64K(20480K)->64K(19456K)
[967.530s][info][gc,heap        ] GC(2496) ParOldGen: 340822K(340992K)->340830K(340992K)
[967.530s][info][gc,metaspace   ] GC(2496) Metaspace: 35544K(36352K)->35544K(36352K) NonClass: 26334K(26944K)->26334K(26944K) Class: 9209K(9408K)->9209K(9408K)
[967.530s][info][gc             ] GC(2496) Pause Young (Allocation Failure) 614M->332M(638M) 1.178ms
[967.530s][info][gc,cpu         ] GC(2496) User=0.00s Sys=0.00s Real=0.00s
[967.584s][info][gc,start       ] GC(2497) Pause Young (Allocation Failure)
[967.586s][info][gc,heap        ] GC(2497) PSYoungGen: 292928K(312320K)->64K(311296K) Eden: 292864K(292864K)->0K(292864K) From: 64K(19456K)->64K(18432K)
[967.586s][info][gc,heap        ] GC(2497) ParOldGen: 340830K(340992K)->340846K(340992K)
[967.586s][info][gc,metaspace   ] GC(2497) Metaspace: 35544K(36352K)->35544K(36352K) NonClass: 26334K(26944K)->26334K(26944K) Class: 9209K(9408K)->9209K(9408K)
[967.586s][info][gc             ] GC(2497) Pause Young (Allocation Failure) 618M->332M(637M) 1.151ms
[967.586s][info][gc,cpu         ] GC(2497) User=0.01s Sys=0.00s Real=0.00s
[967.791s][info][gc,start       ] GC(2498) Pause Young (Allocation Failure)
[967.792s][info][gc,heap        ] GC(2498) PSYoungGen: 292928K(311296K)->64K(314368K) Eden: 292864K(292864K)->0K(296960K) From: 64K(18432K)->64K(17408K)
[967.792s][info][gc,heap        ] GC(2498) ParOldGen: 340846K(340992K)->340846K(340992K)
[967.792s][info][gc,metaspace   ] GC(2498) Metaspace: 35544K(36352K)->35544K(36352K) NonClass: 26334K(26944K)->26334K(26944K) Class: 9209K(9408K)->9209K(9408K)
[967.792s][info][gc             ] GC(2498) Pause Young (Allocation Failure) 618M->332M(640M) 1.064ms
[967.792s][info][gc,cpu         ] GC(2498) User=0.00s Sys=0.00s Real=0.00s
[968.082s][info][gc,start       ] GC(2499) Pause Young (Allocation Failure)
[968.083s][info][gc,heap        ] GC(2499) PSYoungGen: 297024K(314368K)->64K(313344K) Eden: 296960K(296960K)->0K(296960K) From: 64K(17408K)->64K(16384K)
[968.083s][info][gc,heap        ] GC(2499) ParOldGen: 340846K(340992K)->340854K(340992K)
[968.083s][info][gc,metaspace   ] GC(2499) Metaspace: 35544K(36352K)->35544K(36352K) NonClass: 26334K(26944K)->26334K(26944K) Class: 9209K(9408K)->9209K(9408K)
[968.083s][info][gc             ] GC(2499) Pause Young (Allocation Failure) 622M->332M(639M) 1.150ms
[968.083s][info][gc,cpu         ] GC(2499) User=0.00s Sys=0.00s Real=0.00s
[968.218s][info][gc,start       ] GC(2500) Pause Young (Allocation Failure)
[968.219s][info][gc,heap        ] GC(2500) PSYoungGen: 297024K(313344K)->64K(316416K) Eden: 296960K(296960K)->0K(301056K) From: 64K(16384K)->64K(15360K)
[968.219s][info][gc,heap        ] GC(2500) ParOldGen: 340854K(340992K)->340862K(340992K)
[968.219s][info][gc,metaspace   ] GC(2500) Metaspace: 35544K(36352K)->35544K(36352K) NonClass: 26334K(26944K)->26334K(26944K) Class: 9209K(9408K)->9209K(9408K)
[968.219s][info][gc             ] GC(2500) Pause Young (Allocation Failure) 622M->332M(642M) 1.133ms
[968.219s][info][gc,cpu         ] GC(2500) User=0.00s Sys=0.00s Real=0.00s
[968.327s][info][gc,start       ] GC(2501) Pause Young (Allocation Failure)
[968.328s][info][gc,heap        ] GC(2501) PSYoungGen: 301120K(316416K)->64K(315392K) Eden: 301056K(301056K)->0K(301056K) From: 64K(15360K)->64K(14336K)
[968.328s][info][gc,heap        ] GC(2501) ParOldGen: 340862K(340992K)->340870K(340992K)
[968.328s][info][gc,metaspace   ] GC(2501) Metaspace: 35544K(36352K)->35544K(36352K) NonClass: 26334K(26944K)->26334K(26944K) Class: 9209K(9408K)->9209K(9408K)
[968.328s][info][gc             ] GC(2501) Pause Young (Allocation Failure) 626M->332M(641M) 1.185ms
[968.328s][info][gc,cpu         ] GC(2501) User=0.00s Sys=0.00s Real=0.00s
[968.563s][info][gc,start       ] GC(2502) Pause Young (Allocation Failure)
[968.564s][info][gc,heap        ] GC(2502) PSYoungGen: 301120K(315392K)->64K(289792K) Eden: 301056K(301056K)->0K(289280K) From: 64K(14336K)->64K(512K)
[968.564s][info][gc,heap        ] GC(2502) ParOldGen: 340870K(340992K)->340878K(340992K)
[968.564s][info][gc,metaspace   ] GC(2502) Metaspace: 35544K(36352K)->35544K(36352K) NonClass: 26334K(26944K)->26334K(26944K) Class: 9209K(9408K)->9209K(9408K)
[968.564s][info][gc             ] GC(2502) Pause Young (Allocation Failure) 626M->332M(616M) 1.185ms
[968.564s][info][gc,cpu         ] GC(2502) User=0.00s Sys=0.00s Real=0.01s
[969.386s][info][gc,start       ] GC(2503) Pause Young (Allocation Failure)
[969.387s][info][gc,heap        ] GC(2503) PSYoungGen: 289344K(289792K)->64K(290816K) Eden: 289280K(289280K)->0K(278016K) From: 64K(512K)->64K(12800K)
[969.387s][info][gc,heap        ] GC(2503) ParOldGen: 340878K(340992K)->340886K(340992K)
[969.387s][info][gc,metaspace   ] GC(2503) Metaspace: 35544K(36352K)->35544K(36352K) NonClass: 26334K(26944K)->26334K(26944K) Class: 9209K(9408K)->9209K(9408K)
[969.387s][info][gc             ] GC(2503) Pause Young (Allocation Failure) 615M->332M(617M) 1.144ms
[969.387s][info][gc,cpu         ] GC(2503) User=0.01s Sys=0.00s Real=0.00s
[970.253s][info][gc,start       ] GC(2504) Pause Young (Allocation Failure)
[970.254s][info][gc,heap        ] GC(2504) PSYoungGen: 278080K(290816K)->64K(267776K) Eden: 278016K(278016K)->0K(267264K) From: 64K(12800K)->64K(512K)
[970.254s][info][gc,heap        ] GC(2504) ParOldGen: 340886K(340992K)->340894K(340992K)
[970.254s][info][gc,metaspace   ] GC(2504) Metaspace: 35544K(36352K)->35544K(36352K) NonClass: 26334K(26944K)->26334K(26944K) Class: 9209K(9408K)->9209K(9408K)
[970.254s][info][gc             ] GC(2504) Pause Young (Allocation Failure) 604M->332M(594M) 1.224ms
[970.254s][info][gc,cpu         ] GC(2504) User=0.00s Sys=0.00s Real=0.01s
[970.676s][info][gc,start       ] GC(2505) Pause Young (Allocation Failure)
[970.677s][info][gc,heap        ] GC(2505) PSYoungGen: 267328K(267776K)->64K(268288K) Eden: 267264K(267264K)->0K(257024K) From: 64K(512K)->64K(11264K)
[970.677s][info][gc,heap        ] GC(2505) ParOldGen: 340894K(340992K)->340902K(340992K)
[970.677s][info][gc,metaspace   ] GC(2505) Metaspace: 35544K(36352K)->35544K(36352K) NonClass: 26334K(26944K)->26334K(26944K) Class: 9209K(9408K)->9209K(9408K)
[970.677s][info][gc             ] GC(2505) Pause Young (Allocation Failure) 593M->332M(595M) 1.199ms
[970.677s][info][gc,cpu         ] GC(2505) User=0.00s Sys=0.00s Real=0.00s
[971.665s][info][gc,start       ] GC(2506) Pause Young (Allocation Failure)
[971.666s][info][gc,heap        ] GC(2506) PSYoungGen: 257088K(268288K)->64K(247808K) Eden: 257024K(257024K)->0K(247296K) From: 64K(11264K)->64K(512K)
[971.666s][info][gc,heap        ] GC(2506) ParOldGen: 340902K(340992K)->340910K(340992K)
[971.667s][info][gc,metaspace   ] GC(2506) Metaspace: 35544K(36352K)->35544K(36352K) NonClass: 26334K(26944K)->26334K(26944K) Class: 9209K(9408K)->9209K(9408K)
[971.667s][info][gc             ] GC(2506) Pause Young (Allocation Failure) 583M->332M(575M) 1.539ms
[971.667s][info][gc,cpu         ] GC(2506) User=0.00s Sys=0.01s Real=0.00s
[972.044s][info][gc,start       ] GC(2507) Pause Young (Allocation Failure)
[972.046s][info][gc,heap        ] GC(2507) PSYoungGen: 247360K(247808K)->64K(247808K) Eden: 247296K(247296K)->0K(238080K) From: 64K(512K)->64K(9728K)
[972.046s][info][gc,heap        ] GC(2507) ParOldGen: 340910K(340992K)->340926K(340992K)
[972.046s][info][gc,metaspace   ] GC(2507) Metaspace: 35544K(36352K)->35544K(36352K) NonClass: 26334K(26944K)->26334K(26944K) Class: 9209K(9408K)->9209K(9408K)
[972.046s][info][gc             ] GC(2507) Pause Young (Allocation Failure) 574M->332M(575M) 2.141ms
[972.046s][info][gc,cpu         ] GC(2507) User=0.00s Sys=0.00s Real=0.00s
[972.229s][info][gc,start       ] GC(2508) Pause Young (Allocation Failure)
[972.231s][info][gc,heap        ] GC(2508) PSYoungGen: 238144K(247808K)->32K(229888K) Eden: 238080K(238080K)->0K(229376K) From: 64K(9728K)->32K(512K)
[972.231s][info][gc,heap        ] GC(2508) ParOldGen: 340926K(340992K)->340934K(340992K)
[972.231s][info][gc,metaspace   ] GC(2508) Metaspace: 35544K(36352K)->35544K(36352K) NonClass: 26334K(26944K)->26334K(26944K) Class: 9209K(9408K)->9209K(9408K)
[972.231s][info][gc             ] GC(2508) Pause Young (Allocation Failure) 565M->332M(557M) 2.241ms
[972.231s][info][gc,cpu         ] GC(2508) User=0.00s Sys=0.00s Real=0.00s
[972.313s][info][gc,start       ] GC(2509) Pause Young (Allocation Failure)
[972.314s][info][gc,heap        ] GC(2509) PSYoungGen: 229408K(229888K)->64K(229376K) Eden: 229376K(229376K)->0K(220672K) From: 32K(512K)->64K(8704K)
[972.314s][info][gc,heap        ] GC(2509) ParOldGen: 340934K(340992K)->340950K(340992K)
[972.314s][info][gc,metaspace   ] GC(2509) Metaspace: 35544K(36352K)->35544K(36352K) NonClass: 26334K(26944K)->26334K(26944K) Class: 9209K(9408K)->9209K(9408K)
[972.314s][info][gc             ] GC(2509) Pause Young (Allocation Failure) 556M->333M(557M) 1.703ms
[972.314s][info][gc,cpu         ] GC(2509) User=0.00s Sys=0.00s Real=0.01s
[972.810s][info][gc,start       ] GC(2510) Pause Young (Allocation Failure)
[972.812s][info][gc,heap        ] GC(2510) PSYoungGen: 220736K(229376K)->64K(212992K) Eden: 220672K(220672K)->0K(212480K) From: 64K(8704K)->64K(512K)
[972.812s][info][gc,heap        ] GC(2510) ParOldGen: 340950K(340992K)->340966K(340992K)
[972.812s][info][gc,metaspace   ] GC(2510) Metaspace: 35544K(36352K)->35544K(36352K) NonClass: 26334K(26944K)->26334K(26944K) Class: 9209K(9408K)->9209K(9408K)
[972.812s][info][gc             ] GC(2510) Pause Young (Allocation Failure) 548M->333M(541M) 2.424ms
[972.812s][info][gc,cpu         ] GC(2510) User=0.00s Sys=0.00s Real=0.00s
[973.011s][info][gc,start       ] GC(2511) Pause Young (Allocation Failure)
[973.013s][info][gc,heap        ] GC(2511) PSYoungGen: 212544K(212992K)->64K(211968K) Eden: 212480K(212480K)->0K(204800K) From: 64K(512K)->64K(7168K)
[973.013s][info][gc,heap        ] GC(2511) ParOldGen: 340966K(340992K)->340982K(340992K)
[973.013s][info][gc,metaspace   ] GC(2511) Metaspace: 35544K(36352K)->35544K(36352K) NonClass: 26334K(26944K)->26334K(26944K) Class: 9209K(9408K)->9209K(9408K)
[973.013s][info][gc             ] GC(2511) Pause Young (Allocation Failure) 540M->333M(540M) 1.790ms
[973.013s][info][gc,cpu         ] GC(2511) User=0.00s Sys=0.00s Real=0.00s
[973.339s][info][gc,start       ] GC(2512) Pause Young (Allocation Failure)
[973.359s][info][gc,heap        ] GC(2512) PSYoungGen: 204864K(211968K)->6656K(250880K) Eden: 204800K(204800K)->0K(244224K) From: 64K(7168K)->6656K(6656K)
[973.359s][info][gc,heap        ] GC(2512) ParOldGen: 340982K(340992K)->341494K(341504K)
[973.359s][info][gc,metaspace   ] GC(2512) Metaspace: 35544K(36352K)->35544K(36352K) NonClass: 26334K(26944K)->26334K(26944K) Class: 9209K(9408K)->9209K(9408K)
[973.359s][info][gc             ] GC(2512) Pause Young (Allocation Failure) 533M->339M(578M) 20.189ms
[973.359s][info][gc,cpu         ] GC(2512) User=0.01s Sys=0.00s Real=0.02s
[973.669s][info][gc,start       ] GC(2513) Pause Young (Allocation Failure)
[973.723s][info][gc,heap        ] GC(2513) PSYoungGen: 250880K(250880K)->8704K(272896K) Eden: 244224K(244224K)->0K(264192K) From: 6656K(6656K)->8704K(8704K)
[973.723s][info][gc,heap        ] GC(2513) ParOldGen: 341494K(341504K)->360518K(360960K)
[973.723s][info][gc,metaspace   ] GC(2513) Metaspace: 35544K(36352K)->35544K(36352K) NonClass: 26334K(26944K)->26334K(26944K) Class: 9209K(9408K)->9209K(9408K)
[973.723s][info][gc             ] GC(2513) Pause Young (Allocation Failure) 578M->360M(619M) 53.893ms
[973.723s][info][gc,cpu         ] GC(2513) User=0.10s Sys=0.01s Real=0.05s
[974.038s][info][gc,start       ] GC(2514) Pause Young (Allocation Failure)
[974.100s][info][gc,heap        ] GC(2514) PSYoungGen: 272896K(272896K)->17920K(300544K) Eden: 264192K(264192K)->0K(282624K) From: 8704K(8704K)->17920K(17920K)
[974.100s][info][gc,heap        ] GC(2514) ParOldGen: 360518K(360960K)->370870K(371200K)
[974.100s][info][gc,metaspace   ] GC(2514) Metaspace: 35544K(36352K)->35544K(36352K) NonClass: 26334K(26944K)->26334K(26944K) Class: 9209K(9408K)->9209K(9408K)
[974.100s][info][gc             ] GC(2514) Pause Young (Allocation Failure) 618M->379M(656M) 61.660ms
[974.100s][info][gc,cpu         ] GC(2514) User=0.10s Sys=0.02s Real=0.06s
[974.203s][info][gc,start       ] GC(2515) Pause Young (Allocation Failure)
[974.207s][info][gc,heap        ] GC(2515) PSYoungGen: 300544K(300544K)->64K(308224K) Eden: 282624K(282624K)->0K(282624K) From: 17920K(17920K)->64K(25600K)
[974.207s][info][gc,heap        ] GC(2515) ParOldGen: 370870K(371200K)->371142K(371200K)
[974.207s][info][gc,metaspace   ] GC(2515) Metaspace: 35544K(36352K)->35544K(36352K) NonClass: 26334K(26944K)->26334K(26944K) Class: 9209K(9408K)->9209K(9408K)
[974.207s][info][gc             ] GC(2515) Pause Young (Allocation Failure) 655M->362M(663M) 4.119ms
[974.207s][info][gc,cpu         ] GC(2515) User=0.01s Sys=0.00s Real=0.00s
[974.849s][info][gc,start       ] GC(2516) Pause Young (Allocation Failure)
[974.850s][info][gc,heap        ] GC(2516) PSYoungGen: 282688K(308224K)->64K(305152K) Eden: 282624K(282624K)->0K(283648K) From: 64K(25600K)->64K(21504K)
[974.850s][info][gc,heap        ] GC(2516) ParOldGen: 371142K(371200K)->371150K(371200K)
[974.850s][info][gc,metaspace   ] GC(2516) Metaspace: 35544K(36352K)->35544K(36352K) NonClass: 26334K(26944K)->26334K(26944K) Class: 9209K(9408K)->9209K(9408K)
[974.850s][info][gc             ] GC(2516) Pause Young (Allocation Failure) 638M->362M(660M) 1.334ms
[974.850s][info][gc,cpu         ] GC(2516) User=0.00s Sys=0.00s Real=0.00s
[975.206s][info][gc,start       ] GC(2517) Pause Young (Allocation Failure)
[975.207s][info][gc,heap        ] GC(2517) PSYoungGen: 283712K(305152K)->64K(307200K) Eden: 283648K(283648K)->0K(283648K) From: 64K(21504K)->64K(23552K)
[975.207s][info][gc,heap        ] GC(2517) ParOldGen: 371150K(371200K)->371158K(371200K)
[975.207s][info][gc,metaspace   ] GC(2517) Metaspace: 35544K(36352K)->35544K(36352K) NonClass: 26334K(26944K)->26334K(26944K) Class: 9209K(9408K)->9209K(9408K)
[975.207s][info][gc             ] GC(2517) Pause Young (Allocation Failure) 639M->362M(662M) 1.375ms
[975.208s][info][gc,cpu         ] GC(2517) User=0.00s Sys=0.00s Real=0.00s
[975.631s][info][gc,start       ] GC(2518) Pause Young (Allocation Failure)
[975.632s][info][gc,heap        ] GC(2518) PSYoungGen: 283712K(307200K)->64K(307200K) Eden: 283648K(283648K)->0K(287744K) From: 64K(23552K)->64K(19456K)
[975.632s][info][gc,heap        ] GC(2518) ParOldGen: 371158K(371200K)->371174K(371200K)
[975.632s][info][gc,metaspace   ] GC(2518) Metaspace: 35544K(36352K)->35544K(36352K) NonClass: 26334K(26944K)->26334K(26944K) Class: 9209K(9408K)->9209K(9408K)
[975.632s][info][gc             ] GC(2518) Pause Young (Allocation Failure) 639M->362M(662M) 1.210ms
[975.632s][info][gc,cpu         ] GC(2518) User=0.00s Sys=0.00s Real=0.00s
[975.871s][info][gc,start       ] GC(2519) Pause Young (Allocation Failure)
[975.872s][info][gc,heap        ] GC(2519) PSYoungGen: 287808K(307200K)->64K(309248K) Eden: 287744K(287744K)->0K(287744K) From: 64K(19456K)->64K(21504K)
[975.872s][info][gc,heap        ] GC(2519) ParOldGen: 371174K(371200K)->371190K(371200K)
[975.872s][info][gc,metaspace   ] GC(2519) Metaspace: 35544K(36352K)->35544K(36352K) NonClass: 26334K(26944K)->26334K(26944K) Class: 9209K(9408K)->9209K(9408K)
[975.872s][info][gc             ] GC(2519) Pause Young (Allocation Failure) 643M->362M(664M) 1.224ms
[975.872s][info][gc,cpu         ] GC(2519) User=0.01s Sys=0.00s Real=0.00s
[976.230s][info][gc,start       ] GC(2520) Pause Young (Allocation Failure)
[976.232s][info][gc,heap        ] GC(2520) PSYoungGen: 287808K(309248K)->64K(309248K) Eden: 287744K(287744K)->0K(291840K) From: 64K(21504K)->64K(17408K)
[976.232s][info][gc,heap        ] GC(2520) ParOldGen: 371190K(371200K)->371190K(371200K)
[976.232s][info][gc,metaspace   ] GC(2520) Metaspace: 35544K(36352K)->35544K(36352K) NonClass: 26334K(26944K)->26334K(26944K) Class: 9209K(9408K)->9209K(9408K)
[976.232s][info][gc             ] GC(2520) Pause Young (Allocation Failure) 643M->362M(664M) 1.165ms
[976.232s][info][gc,cpu         ] GC(2520) User=0.01s Sys=0.00s Real=0.00s
[976.314s][info][gc,start       ] GC(2521) Pause Young (Allocation Failure)
[976.315s][info][gc,heap        ] GC(2521) PSYoungGen: 291904K(309248K)->64K(311296K) Eden: 291840K(291840K)->0K(291840K) From: 64K(17408K)->64K(19456K)
[976.315s][info][gc,heap        ] GC(2521) ParOldGen: 371190K(371200K)->371198K(371200K)
[976.315s][info][gc,metaspace   ] GC(2521) Metaspace: 35544K(36352K)->35544K(36352K) NonClass: 26334K(26944K)->26334K(26944K) Class: 9209K(9408K)->9209K(9408K)
[976.315s][info][gc             ] GC(2521) Pause Young (Allocation Failure) 647M->362M(666M) 1.262ms
[976.315s][info][gc,cpu         ] GC(2521) User=0.00s Sys=0.00s Real=0.00s
[976.365s][info][gc,start       ] GC(2522) Pause Young (Allocation Failure)
[976.366s][info][gc,heap        ] GC(2522) PSYoungGen: 291904K(311296K)->64K(311296K) Eden: 291840K(291840K)->0K(295936K) From: 64K(19456K)->64K(15360K)
[976.366s][info][gc,heap        ] GC(2522) ParOldGen: 371198K(371200K)->371214K(371712K)
[976.366s][info][gc,metaspace   ] GC(2522) Metaspace: 35544K(36352K)->35544K(36352K) NonClass: 26334K(26944K)->26334K(26944K) Class: 9209K(9408K)->9209K(9408K)
[976.366s][info][gc             ] GC(2522) Pause Young (Allocation Failure) 647M->362M(667M) 1.174ms
[976.366s][info][gc,cpu         ] GC(2522) User=0.00s Sys=0.00s Real=0.00s
[976.591s][info][gc,start       ] GC(2523) Pause Young (Allocation Failure)
[976.592s][info][gc,heap        ] GC(2523) PSYoungGen: 296000K(311296K)->64K(313344K) Eden: 295936K(295936K)->0K(295936K) From: 64K(15360K)->64K(17408K)
[976.592s][info][gc,heap        ] GC(2523) ParOldGen: 371214K(371712K)->371214K(371712K)
[976.592s][info][gc,metaspace   ] GC(2523) Metaspace: 35544K(36352K)->35544K(36352K) NonClass: 26334K(26944K)->26334K(26944K) Class: 9209K(9408K)->9209K(9408K)
[976.592s][info][gc             ] GC(2523) Pause Young (Allocation Failure) 651M->362M(669M) 1.292ms
[976.592s][info][gc,cpu         ] GC(2523) User=0.00s Sys=0.00s Real=0.00s
[976.869s][info][gc,start       ] GC(2524) Pause Young (Allocation Failure)
[976.870s][info][gc,heap        ] GC(2524) PSYoungGen: 296000K(313344K)->64K(313856K) Eden: 295936K(295936K)->0K(299520K) From: 64K(17408K)->64K(14336K)
[976.870s][info][gc,heap        ] GC(2524) ParOldGen: 371214K(371712K)->371222K(371712K)
[976.870s][info][gc,metaspace   ] GC(2524) Metaspace: 35544K(36352K)->35544K(36352K) NonClass: 26334K(26944K)->26334K(26944K) Class: 9209K(9408K)->9209K(9408K)
[976.870s][info][gc             ] GC(2524) Pause Young (Allocation Failure) 651M->362M(669M) 1.245ms
[976.870s][info][gc,cpu         ] GC(2524) User=0.00s Sys=0.00s Real=0.00s
[977.000s][info][gc,start       ] GC(2525) Pause Young (Allocation Failure)
[977.001s][info][gc,heap        ] GC(2525) PSYoungGen: 299584K(313856K)->64K(315392K) Eden: 299520K(299520K)->0K(299520K) From: 64K(14336K)->64K(15872K)
[977.001s][info][gc,heap        ] GC(2525) ParOldGen: 371222K(371712K)->371230K(371712K)
[977.001s][info][gc,metaspace   ] GC(2525) Metaspace: 35544K(36352K)->35544K(36352K) NonClass: 26334K(26944K)->26334K(26944K) Class: 9209K(9408K)->9209K(9408K)
[977.001s][info][gc             ] GC(2525) Pause Young (Allocation Failure) 655M->362M(671M) 1.304ms
[977.001s][info][gc,cpu         ] GC(2525) User=0.00s Sys=0.00s Real=0.00s
[977.112s][info][gc,start       ] GC(2526) Pause Young (Allocation Failure)
[977.113s][info][gc,heap        ] GC(2526) PSYoungGen: 299584K(315392K)->64K(315392K) Eden: 299520K(299520K)->0K(303104K) From: 64K(15872K)->64K(12288K)
[977.113s][info][gc,heap        ] GC(2526) ParOldGen: 371230K(371712K)->371238K(371712K)
[977.113s][info][gc,metaspace   ] GC(2526) Metaspace: 35544K(36352K)->35544K(36352K) NonClass: 26334K(26944K)->26334K(26944K) Class: 9209K(9408K)->9209K(9408K)
[977.113s][info][gc             ] GC(2526) Pause Young (Allocation Failure) 655M->362M(671M) 1.186ms
[977.113s][info][gc,cpu         ] GC(2526) User=0.00s Sys=0.00s Real=0.00s
[977.403s][info][gc,start       ] GC(2527) Pause Young (Allocation Failure)
[977.405s][info][gc,heap        ] GC(2527) PSYoungGen: 303168K(315392K)->64K(291328K) Eden: 303104K(303104K)->0K(290816K) From: 64K(12288K)->64K(512K)
[977.405s][info][gc,heap        ] GC(2527) ParOldGen: 371238K(371712K)->371246K(371712K)
[977.405s][info][gc,metaspace   ] GC(2527) Metaspace: 35544K(36352K)->35544K(36352K) NonClass: 26334K(26944K)->26334K(26944K) Class: 9209K(9408K)->9209K(9408K)
[977.405s][info][gc             ] GC(2527) Pause Young (Allocation Failure) 658M->362M(647M) 1.945ms
[977.405s][info][gc,cpu         ] GC(2527) User=0.00s Sys=0.00s Real=0.00s
[978.161s][info][gc,start       ] GC(2528) Pause Young (Allocation Failure)
[978.163s][info][gc,heap        ] GC(2528) PSYoungGen: 290880K(291328K)->64K(280064K) Eden: 290816K(290816K)->0K(279552K) From: 64K(512K)->64K(512K)
[978.163s][info][gc,heap        ] GC(2528) ParOldGen: 371246K(371712K)->371254K(371712K)
[978.163s][info][gc,metaspace   ] GC(2528) Metaspace: 35544K(36352K)->35544K(36352K) NonClass: 26334K(26944K)->26334K(26944K) Class: 9209K(9408K)->9209K(9408K)
[978.163s][info][gc             ] GC(2528) Pause Young (Allocation Failure) 646M->362M(636M) 1.766ms
[978.163s][info][gc,cpu         ] GC(2528) User=0.00s Sys=0.00s Real=0.00s
[979.047s][info][gc,start       ] GC(2529) Pause Young (Allocation Failure)
[979.048s][info][gc,heap        ] GC(2529) PSYoungGen: 279616K(280064K)->64K(281088K) Eden: 279552K(279552K)->0K(268800K) From: 64K(512K)->64K(12288K)
[979.048s][info][gc,heap        ] GC(2529) ParOldGen: 371254K(371712K)->371262K(371712K)
[979.048s][info][gc,metaspace   ] GC(2529) Metaspace: 35544K(36352K)->35544K(36352K) NonClass: 26334K(26944K)->26334K(26944K) Class: 9209K(9408K)->9209K(9408K)
[979.048s][info][gc             ] GC(2529) Pause Young (Allocation Failure) 635M->362M(637M) 1.165ms
[979.048s][info][gc,cpu         ] GC(2529) User=0.00s Sys=0.00s Real=0.00s
[979.494s][info][gc,start       ] GC(2530) Pause Young (Allocation Failure)
[979.496s][info][gc,heap        ] GC(2530) PSYoungGen: 268864K(281088K)->64K(259072K) Eden: 268800K(268800K)->0K(258560K) From: 64K(12288K)->64K(512K)
[979.496s][info][gc,heap        ] GC(2530) ParOldGen: 371262K(371712K)->371270K(371712K)
[979.496s][info][gc,metaspace   ] GC(2530) Metaspace: 35544K(36352K)->35544K(36352K) NonClass: 26334K(26944K)->26334K(26944K) Class: 9209K(9408K)->9209K(9408K)
[979.496s][info][gc             ] GC(2530) Pause Young (Allocation Failure) 625M->362M(616M) 1.613ms
[979.496s][info][gc,cpu         ] GC(2530) User=0.00s Sys=0.00s Real=0.00s
[980.466s][info][gc,start       ] GC(2531) Pause Young (Allocation Failure)
[980.468s][info][gc,heap        ] GC(2531) PSYoungGen: 258624K(259072K)->64K(259584K) Eden: 258560K(258560K)->0K(248832K) From: 64K(512K)->64K(10752K)
[980.468s][info][gc,heap        ] GC(2531) ParOldGen: 371270K(371712K)->371278K(371712K)
[980.468s][info][gc,metaspace   ] GC(2531) Metaspace: 35544K(36352K)->35544K(36352K) NonClass: 26334K(26944K)->26334K(26944K) Class: 9209K(9408K)->9209K(9408K)
[980.468s][info][gc             ] GC(2531) Pause Young (Allocation Failure) 615M->362M(616M) 1.316ms
[980.468s][info][gc,cpu         ] GC(2531) User=0.00s Sys=0.00s Real=0.00s
[980.849s][info][gc,start       ] GC(2532) Pause Young (Allocation Failure)
[980.851s][info][gc,heap        ] GC(2532) PSYoungGen: 248896K(259584K)->64K(240128K) Eden: 248832K(248832K)->0K(239616K) From: 64K(10752K)->64K(512K)
[980.851s][info][gc,heap        ] GC(2532) ParOldGen: 371278K(371712K)->371286K(371712K)
[980.851s][info][gc,metaspace   ] GC(2532) Metaspace: 35544K(36352K)->35544K(36352K) NonClass: 26334K(26944K)->26334K(26944K) Class: 9209K(9408K)->9209K(9408K)
[980.851s][info][gc             ] GC(2532) Pause Young (Allocation Failure) 605M->362M(597M) 1.834ms
[980.851s][info][gc,cpu         ] GC(2532) User=0.00s Sys=0.00s Real=0.00s
[981.018s][info][gc,start       ] GC(2533) Pause Young (Allocation Failure)
[981.019s][info][gc,heap        ] GC(2533) PSYoungGen: 239680K(240128K)->64K(239616K) Eden: 239616K(239616K)->0K(230400K) From: 64K(512K)->64K(9216K)
[981.019s][info][gc,heap        ] GC(2533) ParOldGen: 371286K(371712K)->371294K(371712K)
[981.019s][info][gc,metaspace   ] GC(2533) Metaspace: 35544K(36352K)->35544K(36352K) NonClass: 26334K(26944K)->26334K(26944K) Class: 9209K(9408K)->9209K(9408K)
[981.019s][info][gc             ] GC(2533) Pause Young (Allocation Failure) 596M->362M(597M) 1.168ms
[981.019s][info][gc,cpu         ] GC(2533) User=0.00s Sys=0.00s Real=0.00s
[981.118s][info][gc,start       ] GC(2534) Pause Young (Allocation Failure)
[981.119s][info][gc,heap        ] GC(2534) PSYoungGen: 230464K(239616K)->64K(222208K) Eden: 230400K(230400K)->0K(221696K) From: 64K(9216K)->64K(512K)
[981.119s][info][gc,heap        ] GC(2534) ParOldGen: 371294K(371712K)->371302K(371712K)
[981.119s][info][gc,metaspace   ] GC(2534) Metaspace: 35544K(36352K)->35544K(36352K) NonClass: 26334K(26944K)->26334K(26944K) Class: 9209K(9408K)->9209K(9408K)
[981.119s][info][gc             ] GC(2534) Pause Young (Allocation Failure) 587M->362M(580M) 1.623ms
[981.119s][info][gc,cpu         ] GC(2534) User=0.00s Sys=0.00s Real=0.00s
[981.675s][info][gc,start       ] GC(2535) Pause Young (Allocation Failure)
[981.676s][info][gc,heap        ] GC(2535) PSYoungGen: 221760K(222208K)->64K(221696K) Eden: 221696K(221696K)->0K(213504K) From: 64K(512K)->64K(8192K)
[981.676s][info][gc,heap        ] GC(2535) ParOldGen: 371302K(371712K)->371310K(371712K)
[981.676s][info][gc,metaspace   ] GC(2535) Metaspace: 35544K(36352K)->35544K(36352K) NonClass: 26334K(26944K)->26334K(26944K) Class: 9209K(9408K)->9209K(9408K)
[981.676s][info][gc             ] GC(2535) Pause Young (Allocation Failure) 579M->362M(579M) 1.061ms
[981.676s][info][gc,cpu         ] GC(2535) User=0.00s Sys=0.00s Real=0.00s
[981.843s][info][gc,start       ] GC(2536) Pause Young (Allocation Failure)
[981.844s][info][gc,heap        ] GC(2536) PSYoungGen: 213567K(221696K)->64K(206336K) Eden: 213503K(213504K)->0K(205824K) From: 64K(8192K)->64K(512K)
[981.844s][info][gc,heap        ] GC(2536) ParOldGen: 371310K(371712K)->371318K(371712K)
[981.844s][info][gc,metaspace   ] GC(2536) Metaspace: 35544K(36352K)->35544K(36352K) NonClass: 26334K(26944K)->26334K(26944K) Class: 9209K(9408K)->9209K(9408K)
[981.845s][info][gc             ] GC(2536) Pause Young (Allocation Failure) 571M->362M(564M) 1.649ms
[981.845s][info][gc,cpu         ] GC(2536) User=0.00s Sys=0.00s Real=0.01s
[982.162s][info][gc,start       ] GC(2537) Pause Young (Allocation Failure)
[982.182s][info][gc,heap        ] GC(2537) PSYoungGen: 205888K(206336K)->6656K(252416K) Eden: 205824K(205824K)->0K(245760K) From: 64K(512K)->6656K(6656K)
[982.182s][info][gc,heap        ] GC(2537) ParOldGen: 371318K(371712K)->375886K(376320K)
[982.182s][info][gc,metaspace   ] GC(2537) Metaspace: 35544K(36352K)->35544K(36352K) NonClass: 26334K(26944K)->26334K(26944K) Class: 9209K(9408K)->9209K(9408K)
[982.182s][info][gc             ] GC(2537) Pause Young (Allocation Failure) 563M->373M(614M) 19.338ms
[982.182s][info][gc,cpu         ] GC(2537) User=0.04s Sys=0.01s Real=0.02s
[982.489s][info][gc,start       ] GC(2538) Pause Young (Allocation Failure)
[982.545s][info][gc,heap        ] GC(2538) PSYoungGen: 252416K(252416K)->6656K(252416K) Eden: 245760K(245760K)->0K(245760K) From: 6656K(6656K)->6656K(6656K)
[982.545s][info][gc,heap        ] GC(2538) ParOldGen: 375886K(376320K)->397246K(397312K)
[982.545s][info][gc,metaspace   ] GC(2538) Metaspace: 35544K(36352K)->35544K(36352K) NonClass: 26334K(26944K)->26334K(26944K) Class: 9209K(9408K)->9209K(9408K)
[982.545s][info][gc             ] GC(2538) Pause Young (Allocation Failure) 613M->394M(634M) 55.998ms
[982.545s][info][gc,cpu         ] GC(2538) User=0.08s Sys=0.02s Real=0.06s
[982.815s][info][gc,start       ] GC(2539) Pause Young (Allocation Failure)
[982.857s][info][gc,heap        ] GC(2539) PSYoungGen: 252416K(252416K)->18944K(264704K) Eden: 245760K(245760K)->0K(245760K) From: 6656K(6656K)->18944K(18944K)
[982.857s][info][gc,heap        ] GC(2539) ParOldGen: 397246K(397312K)->402398K(402432K)
[982.857s][info][gc,metaspace   ] GC(2539) Metaspace: 35544K(36352K)->35544K(36352K) NonClass: 26334K(26944K)->26334K(26944K) Class: 9209K(9408K)->9209K(9408K)
[982.857s][info][gc             ] GC(2539) Pause Young (Allocation Failure) 634M->411M(651M) 42.572ms
[982.857s][info][gc,cpu         ] GC(2539) User=0.07s Sys=0.01s Real=0.04s
[982.943s][info][gc,start       ] GC(2540) Pause Young (Allocation Failure)
[982.946s][info][gc,heap        ] GC(2540) PSYoungGen: 264704K(264704K)->64K(309760K) Eden: 245760K(245760K)->0K(284672K) From: 18944K(18944K)->64K(25088K)
[982.946s][info][gc,heap        ] GC(2540) ParOldGen: 402398K(402432K)->402526K(402944K)
[982.946s][info][gc,metaspace   ] GC(2540) Metaspace: 35544K(36352K)->35544K(36352K) NonClass: 26334K(26944K)->26334K(26944K) Class: 9209K(9408K)->9209K(9408K)
[982.946s][info][gc             ] GC(2540) Pause Young (Allocation Failure) 651M->393M(696M) 2.741ms
[982.946s][info][gc,cpu         ] GC(2540) User=0.01s Sys=0.00s Real=0.00s
[983.574s][info][gc,start       ] GC(2541) Pause Young (Allocation Failure)
[983.575s][info][gc,heap        ] GC(2541) PSYoungGen: 284736K(309760K)->64K(285184K) Eden: 284672K(284672K)->0K(284672K) From: 64K(25088K)->64K(512K)
[983.575s][info][gc,heap        ] GC(2541) ParOldGen: 402526K(402944K)->402534K(402944K)
[983.575s][info][gc,metaspace   ] GC(2541) Metaspace: 35544K(36352K)->35544K(36352K) NonClass: 26334K(26944K)->26334K(26944K) Class: 9209K(9408K)->9209K(9408K)
[983.575s][info][gc             ] GC(2541) Pause Young (Allocation Failure) 671M->393M(672M) 1.497ms
[983.575s][info][gc,cpu         ] GC(2541) User=0.00s Sys=0.00s Real=0.00s
[983.945s][info][gc,start       ] GC(2542) Pause Young (Allocation Failure)
[983.946s][info][gc,heap        ] GC(2542) PSYoungGen: 284736K(285184K)->64K(309248K) Eden: 284672K(284672K)->0K(285696K) From: 64K(512K)->64K(23552K)
[983.946s][info][gc,heap        ] GC(2542) ParOldGen: 402534K(402944K)->402542K(402944K)
[983.946s][info][gc,metaspace   ] GC(2542) Metaspace: 35544K(36352K)->35544K(36352K) NonClass: 26334K(26944K)->26334K(26944K) Class: 9209K(9408K)->9209K(9408K)
[983.946s][info][gc             ] GC(2542) Pause Young (Allocation Failure) 671M->393M(695M) 1.359ms
[983.946s][info][gc,cpu         ] GC(2542) User=0.00s Sys=0.00s Real=0.00s
[984.386s][info][gc,start       ] GC(2543) Pause Young (Allocation Failure)
[984.387s][info][gc,heap        ] GC(2543) PSYoungGen: 285760K(309248K)->64K(308224K) Eden: 285696K(285696K)->0K(285696K) From: 64K(23552K)->64K(22528K)
[984.387s][info][gc,heap        ] GC(2543) ParOldGen: 402542K(402944K)->402558K(402944K)
[984.387s][info][gc,metaspace   ] GC(2543) Metaspace: 35544K(36352K)->35544K(36352K) NonClass: 26334K(26944K)->26334K(26944K) Class: 9209K(9408K)->9209K(9408K)
[984.387s][info][gc             ] GC(2543) Pause Young (Allocation Failure) 672M->393M(694M) 1.433ms
[984.387s][info][gc,cpu         ] GC(2543) User=0.00s Sys=0.00s Real=0.00s
[984.622s][info][gc,start       ] GC(2544) Pause Young (Allocation Failure)
[984.623s][info][gc,heap        ] GC(2544) PSYoungGen: 285760K(308224K)->64K(310272K) Eden: 285696K(285696K)->0K(288768K) From: 64K(22528K)->64K(21504K)
[984.623s][info][gc,heap        ] GC(2544) ParOldGen: 402558K(402944K)->402574K(402944K)
[984.623s][info][gc,metaspace   ] GC(2544) Metaspace: 35544K(36352K)->35544K(36352K) NonClass: 26334K(26944K)->26334K(26944K) Class: 9209K(9408K)->9209K(9408K)
[984.623s][info][gc             ] GC(2544) Pause Young (Allocation Failure) 672M->393M(696M) 1.269ms
[984.623s][info][gc,cpu         ] GC(2544) User=0.00s Sys=0.00s Real=0.01s
[984.983s][info][gc,start       ] GC(2545) Pause Young (Allocation Failure)
[984.984s][info][gc,heap        ] GC(2545) PSYoungGen: 288832K(310272K)->64K(309248K) Eden: 288768K(288768K)->0K(288768K) From: 64K(21504K)->64K(20480K)
[984.984s][info][gc,heap        ] GC(2545) ParOldGen: 402574K(402944K)->402574K(402944K)
[984.984s][info][gc,metaspace   ] GC(2545) Metaspace: 35544K(36352K)->35544K(36352K) NonClass: 26334K(26944K)->26334K(26944K) Class: 9209K(9408K)->9209K(9408K)
[984.984s][info][gc             ] GC(2545) Pause Young (Allocation Failure) 675M->393M(695M) 1.302ms
[984.984s][info][gc,cpu         ] GC(2545) User=0.00s Sys=0.00s Real=0.01s
[985.075s][info][gc,start       ] GC(2546) Pause Young (Allocation Failure)
[985.076s][info][gc,heap        ] GC(2546) PSYoungGen: 288832K(309248K)->64K(312320K) Eden: 288768K(288768K)->0K(292864K) From: 64K(20480K)->64K(19456K)
[985.076s][info][gc,heap        ] GC(2546) ParOldGen: 402574K(402944K)->402582K(402944K)
[985.076s][info][gc,metaspace   ] GC(2546) Metaspace: 35544K(36352K)->35544K(36352K) NonClass: 26334K(26944K)->26334K(26944K) Class: 9209K(9408K)->9209K(9408K)
[985.076s][info][gc             ] GC(2546) Pause Young (Allocation Failure) 675M->393M(698M) 1.233ms
[985.076s][info][gc,cpu         ] GC(2546) User=0.01s Sys=0.00s Real=0.00s
[985.129s][info][gc,start       ] GC(2547) Pause Young (Allocation Failure)
[985.130s][info][gc,heap        ] GC(2547) PSYoungGen: 292928K(312320K)->64K(311296K) Eden: 292864K(292864K)->0K(292864K) From: 64K(19456K)->64K(18432K)
[985.130s][info][gc,heap        ] GC(2547) ParOldGen: 402582K(402944K)->402598K(402944K)
[985.130s][info][gc,metaspace   ] GC(2547) Metaspace: 35544K(36352K)->35544K(36352K) NonClass: 26334K(26944K)->26334K(26944K) Class: 9209K(9408K)->9209K(9408K)
[985.130s][info][gc             ] GC(2547) Pause Young (Allocation Failure) 679M->393M(697M) 1.379ms
[985.130s][info][gc,cpu         ] GC(2547) User=0.00s Sys=0.00s Real=0.00s
[985.335s][info][gc,start       ] GC(2548) Pause Young (Allocation Failure)
[985.337s][info][gc,heap        ] GC(2548) PSYoungGen: 292928K(311296K)->64K(314368K) Eden: 292864K(292864K)->0K(296960K) From: 64K(18432K)->64K(17408K)
[985.337s][info][gc,heap        ] GC(2548) ParOldGen: 402598K(402944K)->402598K(402944K)
[985.337s][info][gc,metaspace   ] GC(2548) Metaspace: 35544K(36352K)->35544K(36352K) NonClass: 26334K(26944K)->26334K(26944K) Class: 9209K(9408K)->9209K(9408K)
[985.337s][info][gc             ] GC(2548) Pause Young (Allocation Failure) 679M->393M(700M) 1.276ms
[985.337s][info][gc,cpu         ] GC(2548) User=0.00s Sys=0.00s Real=0.00s
[985.625s][info][gc,start       ] GC(2549) Pause Young (Allocation Failure)
[985.627s][info][gc,heap        ] GC(2549) PSYoungGen: 297024K(314368K)->64K(313344K) Eden: 296960K(296960K)->0K(296960K) From: 64K(17408K)->64K(16384K)
[985.627s][info][gc,heap        ] GC(2549) ParOldGen: 402598K(402944K)->402606K(402944K)
[985.627s][info][gc,metaspace   ] GC(2549) Metaspace: 35544K(36352K)->35544K(36352K) NonClass: 26334K(26944K)->26334K(26944K) Class: 9209K(9408K)->9209K(9408K)
[985.627s][info][gc             ] GC(2549) Pause Young (Allocation Failure) 683M->393M(699M) 1.317ms
[985.627s][info][gc,cpu         ] GC(2549) User=0.00s Sys=0.00s Real=0.00s
[985.761s][info][gc,start       ] GC(2550) Pause Young (Allocation Failure)
[985.762s][info][gc,heap        ] GC(2550) PSYoungGen: 297024K(313344K)->64K(316416K) Eden: 296960K(296960K)->0K(301056K) From: 64K(16384K)->64K(15360K)
[985.762s][info][gc,heap        ] GC(2550) ParOldGen: 402606K(402944K)->402614K(402944K)
[985.762s][info][gc,metaspace   ] GC(2550) Metaspace: 35544K(36352K)->35544K(36352K) NonClass: 26334K(26944K)->26334K(26944K) Class: 9209K(9408K)->9209K(9408K)
[985.762s][info][gc             ] GC(2550) Pause Young (Allocation Failure) 683M->393M(702M) 1.331ms
[985.762s][info][gc,cpu         ] GC(2550) User=0.01s Sys=0.00s Real=0.00s
[985.870s][info][gc,start       ] GC(2551) Pause Young (Allocation Failure)
[985.872s][info][gc,heap        ] GC(2551) PSYoungGen: 301120K(316416K)->64K(315392K) Eden: 301056K(301056K)->0K(301056K) From: 64K(15360K)->64K(14336K)
[985.872s][info][gc,heap        ] GC(2551) ParOldGen: 402614K(402944K)->402622K(402944K)
[985.872s][info][gc,metaspace   ] GC(2551) Metaspace: 35544K(36352K)->35544K(36352K) NonClass: 26334K(26944K)->26334K(26944K) Class: 9209K(9408K)->9209K(9408K)
[985.872s][info][gc             ] GC(2551) Pause Young (Allocation Failure) 687M->393M(701M) 1.421ms
[985.872s][info][gc,cpu         ] GC(2551) User=0.00s Sys=0.00s Real=0.00s
[986.110s][info][gc,start       ] GC(2552) Pause Young (Allocation Failure)
[986.111s][info][gc,heap        ] GC(2552) PSYoungGen: 301120K(315392K)->64K(318464K) Eden: 301056K(301056K)->0K(305152K) From: 64K(14336K)->64K(13312K)
[986.111s][info][gc,heap        ] GC(2552) ParOldGen: 402622K(402944K)->402630K(402944K)
[986.111s][info][gc,metaspace   ] GC(2552) Metaspace: 35544K(36352K)->35544K(36352K) NonClass: 26334K(26944K)->26334K(26944K) Class: 9209K(9408K)->9209K(9408K)
[986.111s][info][gc             ] GC(2552) Pause Young (Allocation Failure) 687M->393M(704M) 1.275ms
[986.111s][info][gc,cpu         ] GC(2552) User=0.00s Sys=0.00s Real=0.00s
[986.930s][info][gc,start       ] GC(2553) Pause Young (Allocation Failure)
[986.932s][info][gc,heap        ] GC(2553) PSYoungGen: 305216K(318464K)->64K(293376K) Eden: 305152K(305152K)->0K(292864K) From: 64K(13312K)->64K(512K)
[986.932s][info][gc,heap        ] GC(2553) ParOldGen: 402630K(402944K)->402638K(402944K)
[986.932s][info][gc,metaspace   ] GC(2553) Metaspace: 35544K(36352K)->35544K(36352K) NonClass: 26334K(26944K)->26334K(26944K) Class: 9209K(9408K)->9209K(9408K)
[986.932s][info][gc             ] GC(2553) Pause Young (Allocation Failure) 691M->393M(680M) 1.337ms
[986.932s][info][gc,cpu         ] GC(2553) User=0.00s Sys=0.00s Real=0.00s
[987.824s][info][gc,start       ] GC(2554) Pause Young (Allocation Failure)
[987.825s][info][gc,heap        ] GC(2554) PSYoungGen: 292928K(293376K)->64K(281600K) Eden: 292864K(292864K)->0K(281088K) From: 64K(512K)->64K(512K)
[987.825s][info][gc,heap        ] GC(2554) ParOldGen: 402638K(402944K)->402646K(402944K)
[987.825s][info][gc,metaspace   ] GC(2554) Metaspace: 35544K(36352K)->35544K(36352K) NonClass: 26334K(26944K)->26334K(26944K) Class: 9209K(9408K)->9209K(9408K)
[987.825s][info][gc             ] GC(2554) Pause Young (Allocation Failure) 679M->393M(668M) 1.410ms
[987.825s][info][gc,cpu         ] GC(2554) User=0.01s Sys=0.00s Real=0.00s
[988.283s][info][gc,start       ] GC(2555) Pause Young (Allocation Failure)
[988.284s][info][gc,heap        ] GC(2555) PSYoungGen: 281152K(281600K)->64K(281600K) Eden: 281088K(281088K)->0K(270336K) From: 64K(512K)->64K(11264K)
[988.284s][info][gc,heap        ] GC(2555) ParOldGen: 402646K(402944K)->402654K(402944K)
[988.284s][info][gc,metaspace   ] GC(2555) Metaspace: 35544K(36352K)->35544K(36352K) NonClass: 26334K(26944K)->26334K(26944K) Class: 9209K(9408K)->9209K(9408K)
[988.284s][info][gc             ] GC(2555) Pause Young (Allocation Failure) 667M->393M(668M) 1.252ms
[988.284s][info][gc,cpu         ] GC(2555) User=0.00s Sys=0.00s Real=0.01s
[989.259s][info][gc,start       ] GC(2556) Pause Young (Allocation Failure)
[989.260s][info][gc,heap        ] GC(2556) PSYoungGen: 270400K(281600K)->64K(260608K) Eden: 270336K(270336K)->0K(260096K) From: 64K(11264K)->64K(512K)
[989.260s][info][gc,heap        ] GC(2556) ParOldGen: 402654K(402944K)->402662K(402944K)
[989.260s][info][gc,metaspace   ] GC(2556) Metaspace: 35544K(36352K)->35544K(36352K) NonClass: 26334K(26944K)->26334K(26944K) Class: 9209K(9408K)->9209K(9408K)
[989.260s][info][gc             ] GC(2556) Pause Young (Allocation Failure) 657M->393M(648M) 1.758ms
[989.260s][info][gc,cpu         ] GC(2556) User=0.01s Sys=0.00s Real=0.00s
[989.633s][info][gc,start       ] GC(2557) Pause Young (Allocation Failure)
[989.634s][info][gc,heap        ] GC(2557) PSYoungGen: 260160K(260608K)->64K(259584K) Eden: 260096K(260096K)->0K(249856K) From: 64K(512K)->64K(9728K)
[989.634s][info][gc,heap        ] GC(2557) ParOldGen: 402662K(402944K)->402670K(402944K)
[989.634s][info][gc,metaspace   ] GC(2557) Metaspace: 35544K(36352K)->35544K(36352K) NonClass: 26334K(26944K)->26334K(26944K) Class: 9209K(9408K)->9209K(9408K)
[989.634s][info][gc             ] GC(2557) Pause Young (Allocation Failure) 647M->393M(647M) 1.195ms
[989.634s][info][gc,cpu         ] GC(2557) User=0.00s Sys=0.00s Real=0.00s
[989.785s][info][gc,start       ] GC(2558) Pause Young (Allocation Failure)
[989.786s][info][gc,heap        ] GC(2558) PSYoungGen: 249920K(259584K)->64K(240640K) Eden: 249856K(249856K)->0K(240128K) From: 64K(9728K)->64K(512K)
[989.786s][info][gc,heap        ] GC(2558) ParOldGen: 402670K(402944K)->402678K(402944K)
[989.786s][info][gc,metaspace   ] GC(2558) Metaspace: 35544K(36352K)->35544K(36352K) NonClass: 26334K(26944K)->26334K(26944K) Class: 9209K(9408K)->9209K(9408K)
[989.786s][info][gc             ] GC(2558) Pause Young (Allocation Failure) 637M->393M(628M) 1.864ms
[989.787s][info][gc,cpu         ] GC(2558) User=0.00s Sys=0.00s Real=0.00s
[990.018s][info][gc,start       ] GC(2559) Pause Young (Allocation Failure)
[990.019s][info][gc,heap        ] GC(2559) PSYoungGen: 240192K(240640K)->64K(239616K) Eden: 240128K(240128K)->0K(230912K) From: 64K(512K)->64K(8704K)
[990.019s][info][gc,heap        ] GC(2559) ParOldGen: 402678K(402944K)->402686K(402944K)
[990.019s][info][gc,metaspace   ] GC(2559) Metaspace: 35544K(36352K)->35544K(36352K) NonClass: 26334K(26944K)->26334K(26944K) Class: 9209K(9408K)->9209K(9408K)
[990.020s][info][gc             ] GC(2559) Pause Young (Allocation Failure) 627M->393M(627M) 1.220ms
[990.020s][info][gc,cpu         ] GC(2559) User=0.00s Sys=0.00s Real=0.00s
[990.460s][info][gc,start       ] GC(2560) Pause Young (Allocation Failure)
[990.461s][info][gc,heap        ] GC(2560) PSYoungGen: 230976K(239616K)->64K(222720K) Eden: 230912K(230912K)->0K(222208K) From: 64K(8704K)->64K(512K)
[990.461s][info][gc,heap        ] GC(2560) ParOldGen: 402686K(402944K)->402694K(402944K)
[990.461s][info][gc,metaspace   ] GC(2560) Metaspace: 35544K(36352K)->35544K(36352K) NonClass: 26334K(26944K)->26334K(26944K) Class: 9209K(9408K)->9209K(9408K)
[990.461s][info][gc             ] GC(2560) Pause Young (Allocation Failure) 618M->393M(611M) 1.658ms
[990.462s][info][gc,cpu         ] GC(2560) User=0.00s Sys=0.00s Real=0.00s
[990.726s][info][gc,start       ] GC(2561) Pause Young (Allocation Failure)
[990.728s][info][gc,heap        ] GC(2561) PSYoungGen: 222272K(222720K)->64K(221184K) Eden: 222208K(222208K)->0K(214016K) From: 64K(512K)->64K(7168K)
[990.728s][info][gc,heap        ] GC(2561) ParOldGen: 402694K(402944K)->402702K(402944K)
[990.728s][info][gc,metaspace   ] GC(2561) Metaspace: 35545K(36352K)->35545K(36352K) NonClass: 26335K(26944K)->26335K(26944K) Class: 9209K(9408K)->9209K(9408K)
[990.728s][info][gc             ] GC(2561) Pause Young (Allocation Failure) 610M->393M(609M) 2.062ms
[990.728s][info][gc,cpu         ] GC(2561) User=0.00s Sys=0.00s Real=0.00s
[991.023s][info][gc,start       ] GC(2562) Pause Young (Allocation Failure)
[991.067s][info][gc,heap        ] GC(2562) PSYoungGen: 214080K(221184K)->6656K(263168K) Eden: 214016K(214016K)->0K(256512K) From: 64K(7168K)->6656K(6656K)
[991.067s][info][gc,heap        ] GC(2562) ParOldGen: 402702K(402944K)->417270K(417280K)
[991.067s][info][gc,metaspace   ] GC(2562) Metaspace: 35545K(36352K)->35545K(36352K) NonClass: 26335K(26944K)->26335K(26944K) Class: 9209K(9408K)->9209K(9408K)
[991.067s][info][gc             ] GC(2562) Pause Young (Allocation Failure) 602M->413M(664M) 44.513ms
[991.067s][info][gc,cpu         ] GC(2562) User=0.07s Sys=0.02s Real=0.05s
[991.386s][info][gc,start       ] GC(2563) Pause Young (Allocation Failure)
[991.442s][info][gc,heap        ] GC(2563) PSYoungGen: 263168K(263168K)->13824K(270336K) Eden: 256512K(256512K)->0K(256512K) From: 6656K(6656K)->13824K(13824K)
[991.442s][info][gc,heap        ] GC(2563) ParOldGen: 417270K(417280K)->432942K(433152K)
[991.442s][info][gc,metaspace   ] GC(2563) Metaspace: 35545K(36352K)->35545K(36352K) NonClass: 26335K(26944K)->26335K(26944K) Class: 9209K(9408K)->9209K(9408K)
[991.442s][info][gc             ] GC(2563) Pause Young (Allocation Failure) 664M->436M(687M) 55.988ms
[991.442s][info][gc,cpu         ] GC(2563) User=0.10s Sys=0.01s Real=0.05s
[991.614s][info][gc,start       ] GC(2564) Pause Young (Allocation Failure)
[991.643s][info][gc,heap        ] GC(2564) PSYoungGen: 270336K(270336K)->12320K(309248K) Eden: 256512K(256512K)->0K(286720K) From: 13824K(13824K)->12320K(22528K)
[991.644s][info][gc,heap        ] GC(2564) ParOldGen: 432942K(433152K)->433358K(433664K)
[991.644s][info][gc,metaspace   ] GC(2564) Metaspace: 35545K(36352K)->35545K(36352K) NonClass: 26335K(26944K)->26335K(26944K) Class: 9209K(9408K)->9209K(9408K)
[991.644s][info][gc             ] GC(2564) Pause Young (Allocation Failure) 686M->435M(725M) 29.579ms
[991.644s][info][gc,cpu         ] GC(2564) User=0.05s Sys=0.01s Real=0.03s
[992.005s][info][gc,start       ] GC(2565) Pause Young (Allocation Failure)
[992.006s][info][gc,heap        ] GC(2565) PSYoungGen: 299040K(309248K)->64K(310272K) Eden: 286720K(286720K)->0K(286720K) From: 12320K(22528K)->64K(23552K)
[992.006s][info][gc,heap        ] GC(2565) ParOldGen: 433358K(433664K)->433366K(433664K)
[992.006s][info][gc,metaspace   ] GC(2565) Metaspace: 35545K(36352K)->35545K(36352K) NonClass: 26335K(26944K)->26335K(26944K) Class: 9209K(9408K)->9209K(9408K)
[992.006s][info][gc             ] GC(2565) Pause Young (Allocation Failure) 715M->423M(726M) 1.489ms
[992.006s][info][gc,cpu         ] GC(2565) User=0.00s Sys=0.00s Real=0.00s
[992.579s][info][gc,start       ] GC(2566) Pause Young (Allocation Failure)
[992.580s][info][gc,heap        ] GC(2566) PSYoungGen: 286784K(310272K)->64K(307712K) Eden: 286720K(286720K)->0K(287232K) From: 64K(23552K)->64K(20480K)
[992.580s][info][gc,heap        ] GC(2566) ParOldGen: 433366K(433664K)->433374K(433664K)
[992.580s][info][gc,metaspace   ] GC(2566) Metaspace: 35545K(36352K)->35545K(36352K) NonClass: 26335K(26944K)->26335K(26944K) Class: 9209K(9408K)->9209K(9408K)
[992.580s][info][gc             ] GC(2566) Pause Young (Allocation Failure) 703M->423M(724M) 1.520ms
[992.580s][info][gc,cpu         ] GC(2566) User=0.00s Sys=0.01s Real=0.00s
[993.022s][info][gc,start       ] GC(2567) Pause Young (Allocation Failure)
[993.024s][info][gc,heap        ] GC(2567) PSYoungGen: 287296K(307712K)->64K(309248K) Eden: 287232K(287232K)->0K(287232K) From: 64K(20480K)->64K(22016K)
[993.024s][info][gc,heap        ] GC(2567) ParOldGen: 433374K(433664K)->433390K(433664K)
[993.024s][info][gc,metaspace   ] GC(2567) Metaspace: 35545K(36352K)->35545K(36352K) NonClass: 26335K(26944K)->26335K(26944K) Class: 9209K(9408K)->9209K(9408K)
[993.024s][info][gc             ] GC(2567) Pause Young (Allocation Failure) 703M->423M(725M) 1.538ms
[993.024s][info][gc,cpu         ] GC(2567) User=0.01s Sys=0.00s Real=0.01s
[993.260s][info][gc,start       ] GC(2568) Pause Young (Allocation Failure)
[993.261s][info][gc,heap        ] GC(2568) PSYoungGen: 287296K(309248K)->32K(310272K) Eden: 287232K(287232K)->0K(290816K) From: 64K(22016K)->32K(19456K)
[993.261s][info][gc,heap        ] GC(2568) ParOldGen: 433390K(433664K)->433406K(433664K)
[993.261s][info][gc,metaspace   ] GC(2568) Metaspace: 35545K(36352K)->35545K(36352K) NonClass: 26335K(26944K)->26335K(26944K) Class: 9209K(9408K)->9209K(9408K)
[993.261s][info][gc             ] GC(2568) Pause Young (Allocation Failure) 703M->423M(726M) 1.377ms
[993.261s][info][gc,cpu         ] GC(2568) User=0.00s Sys=0.00s Real=0.00s
[993.501s][info][gc,start       ] GC(2569) Pause Young (Allocation Failure)
[993.503s][info][gc,heap        ] GC(2569) PSYoungGen: 290848K(310272K)->64K(311296K) Eden: 290816K(290816K)->0K(290816K) From: 32K(19456K)->64K(20480K)
[993.503s][info][gc,heap        ] GC(2569) ParOldGen: 433406K(433664K)->433406K(433664K)
[993.503s][info][gc,metaspace   ] GC(2569) Metaspace: 35545K(36352K)->35545K(36352K) NonClass: 26335K(26944K)->26335K(26944K) Class: 9209K(9408K)->9209K(9408K)
[993.503s][info][gc             ] GC(2569) Pause Young (Allocation Failure) 707M->423M(727M) 1.443ms
[993.503s][info][gc,cpu         ] GC(2569) User=0.00s Sys=0.00s Real=0.00s
[993.797s][info][gc,start       ] GC(2570) Pause Young (Allocation Failure)
[993.798s][info][gc,heap        ] GC(2570) PSYoungGen: 290880K(311296K)->64K(311296K) Eden: 290816K(290816K)->0K(293888K) From: 64K(20480K)->64K(17408K)
[993.798s][info][gc,heap        ] GC(2570) ParOldGen: 433406K(433664K)->433406K(433664K)
[993.798s][info][gc,metaspace   ] GC(2570) Metaspace: 35545K(36352K)->35545K(36352K) NonClass: 26335K(26944K)->26335K(26944K) Class: 9209K(9408K)->9209K(9408K)
[993.798s][info][gc             ] GC(2570) Pause Young (Allocation Failure) 707M->423M(727M) 1.432ms
[993.798s][info][gc,cpu         ] GC(2570) User=0.00s Sys=0.00s Real=0.00s
[993.850s][info][gc,start       ] GC(2571) Pause Young (Allocation Failure)
[993.852s][info][gc,heap        ] GC(2571) PSYoungGen: 293952K(311296K)->64K(312320K) Eden: 293888K(293888K)->0K(293888K) From: 64K(17408K)->64K(18432K)
[993.852s][info][gc,heap        ] GC(2571) ParOldGen: 433406K(433664K)->433422K(433664K)
[993.852s][info][gc,metaspace   ] GC(2571) Metaspace: 35545K(36352K)->35545K(36352K) NonClass: 26335K(26944K)->26335K(26944K) Class: 9209K(9408K)->9209K(9408K)
[993.852s][info][gc             ] GC(2571) Pause Young (Allocation Failure) 710M->423M(728M) 1.362ms
[993.852s][info][gc,cpu         ] GC(2571) User=0.00s Sys=0.00s Real=0.00s
[993.949s][info][gc,start       ] GC(2572) Pause Young (Allocation Failure)
[993.951s][info][gc,heap        ] GC(2572) PSYoungGen: 293952K(312320K)->64K(313344K) Eden: 293888K(293888K)->0K(297984K) From: 64K(18432K)->64K(15360K)
[993.951s][info][gc,heap        ] GC(2572) ParOldGen: 433422K(433664K)->433422K(433664K)
[993.951s][info][gc,metaspace   ] GC(2572) Metaspace: 35545K(36352K)->35545K(36352K) NonClass: 26335K(26944K)->26335K(26944K) Class: 9209K(9408K)->9209K(9408K)
[993.951s][info][gc             ] GC(2572) Pause Young (Allocation Failure) 710M->423M(729M) 1.335ms
[993.951s][info][gc,cpu         ] GC(2572) User=0.00s Sys=0.00s Real=0.00s
[994.264s][info][gc,start       ] GC(2573) Pause Young (Allocation Failure)
[994.266s][info][gc,heap        ] GC(2573) PSYoungGen: 298048K(313344K)->64K(314368K) Eden: 297984K(297984K)->0K(297984K) From: 64K(15360K)->64K(16384K)
[994.266s][info][gc,heap        ] GC(2573) ParOldGen: 433422K(433664K)->433438K(433664K)
[994.266s][info][gc,metaspace   ] GC(2573) Metaspace: 35545K(36352K)->35545K(36352K) NonClass: 26335K(26944K)->26335K(26944K) Class: 9209K(9408K)->9209K(9408K)
[994.266s][info][gc             ] GC(2573) Pause Young (Allocation Failure) 714M->423M(730M) 1.411ms
[994.266s][info][gc,cpu         ] GC(2573) User=0.00s Sys=0.00s Real=0.00s
[994.468s][info][gc,start       ] GC(2574) Pause Young (Allocation Failure)
[994.469s][info][gc,heap        ] GC(2574) PSYoungGen: 298048K(314368K)->64K(314880K) Eden: 297984K(297984K)->0K(301568K) From: 64K(16384K)->64K(13312K)
[994.469s][info][gc,heap        ] GC(2574) ParOldGen: 433438K(433664K)->433438K(433664K)
[994.469s][info][gc,metaspace   ] GC(2574) Metaspace: 35545K(36352K)->35545K(36352K) NonClass: 26335K(26944K)->26335K(26944K) Class: 9209K(9408K)->9209K(9408K)
[994.469s][info][gc             ] GC(2574) Pause Young (Allocation Failure) 714M->423M(731M) 1.457ms
[994.469s][info][gc,cpu         ] GC(2574) User=0.01s Sys=0.00s Real=0.00s
[994.552s][info][gc,start       ] GC(2575) Pause Young (Allocation Failure)
[994.553s][info][gc,heap        ] GC(2575) PSYoungGen: 301632K(314880K)->64K(316416K) Eden: 301568K(301568K)->0K(301568K) From: 64K(13312K)->64K(14848K)
[994.553s][info][gc,heap        ] GC(2575) ParOldGen: 433438K(433664K)->433454K(433664K)
[994.553s][info][gc,metaspace   ] GC(2575) Metaspace: 35545K(36352K)->35545K(36352K) NonClass: 26335K(26944K)->26335K(26944K) Class: 9209K(9408K)->9209K(9408K)
[994.553s][info][gc             ] GC(2575) Pause Young (Allocation Failure) 717M->423M(732M) 1.474ms
[994.553s][info][gc,cpu         ] GC(2575) User=0.00s Sys=0.00s Real=0.01s
[994.722s][info][gc,start       ] GC(2576) Pause Young (Allocation Failure)
[994.723s][info][gc,heap        ] GC(2576) PSYoungGen: 301632K(316416K)->64K(316416K) Eden: 301568K(301568K)->0K(305152K) From: 64K(14848K)->64K(11264K)
[994.723s][info][gc,heap        ] GC(2576) ParOldGen: 433454K(433664K)->433454K(433664K)
[994.723s][info][gc,metaspace   ] GC(2576) Metaspace: 35545K(36352K)->35545K(36352K) NonClass: 26335K(26944K)->26335K(26944K) Class: 9209K(9408K)->9209K(9408K)
[994.723s][info][gc             ] GC(2576) Pause Young (Allocation Failure) 717M->423M(732M) 1.393ms
[994.723s][info][gc,cpu         ] GC(2576) User=0.00s Sys=0.00s Real=0.01s
[995.663s][info][gc,start       ] GC(2577) Pause Young (Allocation Failure)
[995.665s][info][gc,heap        ] GC(2577) PSYoungGen: 305216K(316416K)->83K(293376K) Eden: 305152K(305152K)->0K(292864K) From: 64K(11264K)->83K(512K)
[995.665s][info][gc,heap        ] GC(2577) ParOldGen: 433454K(433664K)->433462K(433664K)
[995.665s][info][gc,metaspace   ] GC(2577) Metaspace: 35545K(36352K)->35545K(36352K) NonClass: 26335K(26944K)->26335K(26944K) Class: 9209K(9408K)->9209K(9408K)
[995.665s][info][gc             ] GC(2577) Pause Young (Allocation Failure) 721M->423M(710M) 1.868ms
[995.665s][info][gc,cpu         ] GC(2577) User=0.00s Sys=0.00s Real=0.00s
[996.496s][info][gc,start       ] GC(2578) Pause Young (Allocation Failure)
[996.498s][info][gc,heap        ] GC(2578) PSYoungGen: 292947K(293376K)->64K(281600K) Eden: 292864K(292864K)->0K(281088K) From: 83K(512K)->64K(512K)
[996.498s][info][gc,heap        ] GC(2578) ParOldGen: 433462K(433664K)->433470K(433664K)
[996.498s][info][gc,metaspace   ] GC(2578) Metaspace: 35545K(36352K)->35545K(36352K) NonClass: 26335K(26944K)->26335K(26944K) Class: 9209K(9408K)->9209K(9408K)
[996.498s][info][gc             ] GC(2578) Pause Young (Allocation Failure) 709M->423M(698M) 2.070ms
[996.498s][info][gc,cpu         ] GC(2578) User=0.00s Sys=0.00s Real=0.00s
[996.832s][info][gc,start       ] GC(2579) Pause Young (Allocation Failure)
[996.834s][info][gc,heap        ] GC(2579) PSYoungGen: 281152K(281600K)->64K(281600K) Eden: 281088K(281088K)->0K(270336K) From: 64K(512K)->64K(11264K)
[996.834s][info][gc,heap        ] GC(2579) ParOldGen: 433470K(433664K)->433478K(433664K)
[996.834s][info][gc,metaspace   ] GC(2579) Metaspace: 35545K(36352K)->35545K(36352K) NonClass: 26335K(26944K)->26335K(26944K) Class: 9209K(9408K)->9209K(9408K)
[996.834s][info][gc             ] GC(2579) Pause Young (Allocation Failure) 697M->423M(698M) 1.430ms
[996.834s][info][gc,cpu         ] GC(2579) User=0.00s Sys=0.00s Real=0.01s
[997.704s][info][gc,start       ] GC(2580) Pause Young (Allocation Failure)
[997.706s][info][gc,heap        ] GC(2580) PSYoungGen: 270400K(281600K)->64K(260608K) Eden: 270336K(270336K)->0K(260096K) From: 64K(11264K)->64K(512K)
[997.706s][info][gc,heap        ] GC(2580) ParOldGen: 433478K(433664K)->433486K(433664K)
[997.706s][info][gc,metaspace   ] GC(2580) Metaspace: 35545K(36352K)->35545K(36352K) NonClass: 26335K(26944K)->26335K(26944K) Class: 9209K(9408K)->9209K(9408K)
[997.706s][info][gc             ] GC(2580) Pause Young (Allocation Failure) 687M->423M(678M) 2.014ms
[997.706s][info][gc,cpu         ] GC(2580) User=0.00s Sys=0.00s Real=0.00s
[998.187s][info][gc,start       ] GC(2581) Pause Young (Allocation Failure)
[998.188s][info][gc,heap        ] GC(2581) PSYoungGen: 260160K(260608K)->64K(260096K) Eden: 260096K(260096K)->0K(249856K) From: 64K(512K)->64K(10240K)
[998.188s][info][gc,heap        ] GC(2581) ParOldGen: 433486K(433664K)->433494K(433664K)
[998.188s][info][gc,metaspace   ] GC(2581) Metaspace: 35545K(36352K)->35545K(36352K) NonClass: 26335K(26944K)->26335K(26944K) Class: 9209K(9408K)->9209K(9408K)
[998.188s][info][gc             ] GC(2581) Pause Young (Allocation Failure) 677M->423M(677M) 1.488ms
[998.188s][info][gc,cpu         ] GC(2581) User=0.00s Sys=0.00s Real=0.00s
[998.552s][info][gc,start       ] GC(2582) Pause Young (Allocation Failure)
[998.555s][info][gc,heap        ] GC(2582) PSYoungGen: 249920K(260096K)->64K(240640K) Eden: 249856K(249856K)->0K(240128K) From: 64K(10240K)->64K(512K)
[998.555s][info][gc,heap        ] GC(2582) ParOldGen: 433494K(433664K)->433510K(433664K)
[998.555s][info][gc,metaspace   ] GC(2582) Metaspace: 35545K(36352K)->35545K(36352K) NonClass: 26335K(26944K)->26335K(26944K) Class: 9209K(9408K)->9209K(9408K)
[998.555s][info][gc             ] GC(2582) Pause Young (Allocation Failure) 667M->423M(658M) 3.503ms
[998.555s][info][gc,cpu         ] GC(2582) User=0.00s Sys=0.00s Real=0.01s
[998.629s][info][gc,start       ] GC(2583) Pause Young (Allocation Failure)
[998.630s][info][gc,heap        ] GC(2583) PSYoungGen: 240192K(240640K)->64K(280576K) Eden: 240128K(240128K)->0K(271872K) From: 64K(512K)->64K(8704K)
[998.630s][info][gc,heap        ] GC(2583) ParOldGen: 433510K(433664K)->433518K(433664K)
[998.630s][info][gc,metaspace   ] GC(2583) Metaspace: 35545K(36352K)->35545K(36352K) NonClass: 26335K(26944K)->26335K(26944K) Class: 9209K(9408K)->9209K(9408K)
[998.630s][info][gc             ] GC(2583) Pause Young (Allocation Failure) 657M->423M(697M) 1.794ms
[998.630s][info][gc,cpu         ] GC(2583) User=0.00s Sys=0.00s Real=0.00s
[999.218s][info][gc,start       ] GC(2584) Pause Young (Allocation Failure)
[999.219s][info][gc,heap        ] GC(2584) PSYoungGen: 271936K(280576K)->64K(261632K) Eden: 271872K(271872K)->0K(261120K) From: 64K(8704K)->64K(512K)
[999.220s][info][gc,heap        ] GC(2584) ParOldGen: 433518K(433664K)->433526K(433664K)
[999.220s][info][gc,metaspace   ] GC(2584) Metaspace: 35545K(36352K)->35545K(36352K) NonClass: 26335K(26944K)->26335K(26944K) Class: 9209K(9408K)->9209K(9408K)
[999.220s][info][gc             ] GC(2584) Pause Young (Allocation Failure) 688M->423M(679M) 1.517ms
[999.220s][info][gc,cpu         ] GC(2584) User=0.00s Sys=0.00s Real=0.00s
[999.468s][info][gc,start       ] GC(2585) Pause Young (Allocation Failure)
[999.469s][info][gc,heap        ] GC(2585) PSYoungGen: 261184K(261632K)->64K(258560K) Eden: 261120K(261120K)->0K(250880K) From: 64K(512K)->64K(7680K)
[999.469s][info][gc,heap        ] GC(2585) ParOldGen: 433526K(433664K)->433534K(433664K)
[999.470s][info][gc,metaspace   ] GC(2585) Metaspace: 35545K(36352K)->35545K(36352K) NonClass: 26335K(26944K)->26335K(26944K) Class: 9209K(9408K)->9209K(9408K)
[999.470s][info][gc             ] GC(2585) Pause Young (Allocation Failure) 678M->423M(676M) 1.341ms
[999.470s][info][gc,cpu         ] GC(2585) User=0.01s Sys=0.00s Real=0.00s
[999.829s][info][gc,start       ] GC(2586) Pause Young (Allocation Failure)
[999.871s][info][gc,heap        ] GC(2586) PSYoungGen: 250944K(258560K)->7168K(279040K) Eden: 250880K(250880K)->0K(271872K) From: 64K(7680K)->7168K(7168K)
[999.871s][info][gc,heap        ] GC(2586) ParOldGen: 433534K(433664K)->447254K(447488K)
[999.871s][info][gc,metaspace   ] GC(2586) Metaspace: 35545K(36352K)->35545K(36352K) NonClass: 26335K(26944K)->26335K(26944K) Class: 9209K(9408K)->9209K(9408K)
[999.871s][info][gc             ] GC(2586) Pause Young (Allocation Failure) 668M->443M(709M) 41.979ms
[999.871s][info][gc,cpu         ] GC(2586) User=0.06s Sys=0.02s Real=0.04s
[1000.211s][info][gc,start       ] GC(2587) Pause Young (Allocation Failure)
[1000.272s][info][gc,heap        ] GC(2587) PSYoungGen: 279040K(279040K)->13824K(285696K) Eden: 271872K(271872K)->0K(271872K) From: 7168K(7168K)->13824K(13824K)
[1000.272s][info][gc,heap        ] GC(2587) ParOldGen: 447254K(447488K)->464646K(464896K)
[1000.272s][info][gc,metaspace   ] GC(2587) Metaspace: 35545K(36352K)->35545K(36352K) NonClass: 26335K(26944K)->26335K(26944K) Class: 9209K(9408K)->9209K(9408K)
[1000.272s][info][gc             ] GC(2587) Pause Young (Allocation Failure) 709M->467M(733M) 61.136ms
[1000.272s][info][gc,cpu         ] GC(2587) User=0.11s Sys=0.01s Real=0.06s
[1000.436s][info][gc,start       ] GC(2588) Pause Young (Allocation Failure)
[1000.464s][info][gc,heap        ] GC(2588) PSYoungGen: 285696K(285696K)->10944K(310272K) Eden: 271872K(271872K)->0K(286720K) From: 13824K(13824K)->10944K(23552K)
[1000.464s][info][gc,heap        ] GC(2588) ParOldGen: 464646K(464896K)->465110K(465408K)
[1000.464s][info][gc,metaspace   ] GC(2588) Metaspace: 35545K(36352K)->35545K(36352K) NonClass: 26335K(26944K)->26335K(26944K) Class: 9209K(9408K)->9209K(9408K)
[1000.464s][info][gc             ] GC(2588) Pause Young (Allocation Failure) 732M->464M(757M) 27.184ms
[1000.464s][info][gc,cpu         ] GC(2588) User=0.05s Sys=0.00s Real=0.03s
[1000.879s][info][gc,start       ] GC(2589) Pause Young (Allocation Failure)
[1000.881s][info][gc,heap        ] GC(2589) PSYoungGen: 297664K(310272K)->64K(287232K) Eden: 286720K(286720K)->0K(286720K) From: 10944K(23552K)->64K(512K)
[1000.881s][info][gc,heap        ] GC(2589) ParOldGen: 465110K(465408K)->465118K(465408K)
[1000.881s][info][gc,metaspace   ] GC(2589) Metaspace: 35545K(36352K)->35545K(36352K) NonClass: 26335K(26944K)->26335K(26944K) Class: 9209K(9408K)->9209K(9408K)
[1000.881s][info][gc             ] GC(2589) Pause Young (Allocation Failure) 744M->454M(735M) 1.555ms
[1000.881s][info][gc,cpu         ] GC(2589) User=0.00s Sys=0.00s Real=0.00s
[1001.419s][info][gc,start       ] GC(2590) Pause Young (Allocation Failure)
[1001.421s][info][gc,heap        ] GC(2590) PSYoungGen: 286784K(287232K)->64K(310784K) Eden: 286720K(286720K)->0K(287744K) From: 64K(512K)->64K(23040K)
[1001.421s][info][gc,heap        ] GC(2590) ParOldGen: 465118K(465408K)->465126K(465408K)
[1001.421s][info][gc,metaspace   ] GC(2590) Metaspace: 35545K(36352K)->35545K(36352K) NonClass: 26335K(26944K)->26335K(26944K) Class: 9209K(9408K)->9209K(9408K)
[1001.421s][info][gc             ] GC(2590) Pause Young (Allocation Failure) 734M->454M(758M) 1.563ms
[1001.421s][info][gc,cpu         ] GC(2590) User=0.00s Sys=0.00s Real=0.00s
[1001.855s][info][gc,start       ] GC(2591) Pause Young (Allocation Failure)
[1001.857s][info][gc,heap        ] GC(2591) PSYoungGen: 287808K(310784K)->64K(309760K) Eden: 287744K(287744K)->0K(287744K) From: 64K(23040K)->64K(22016K)
[1001.857s][info][gc,heap        ] GC(2591) ParOldGen: 465126K(465408K)->465142K(465408K)
[1001.857s][info][gc,metaspace   ] GC(2591) Metaspace: 35545K(36352K)->35545K(36352K) NonClass: 26335K(26944K)->26335K(26944K) Class: 9209K(9408K)->9209K(9408K)
[1001.857s][info][gc             ] GC(2591) Pause Young (Allocation Failure) 735M->454M(757M) 1.459ms
[1001.857s][info][gc,cpu         ] GC(2591) User=0.01s Sys=0.00s Real=0.00s
[1002.096s][info][gc,start       ] GC(2592) Pause Young (Allocation Failure)
[1002.098s][info][gc,heap        ] GC(2592) PSYoungGen: 287808K(309760K)->64K(310272K) Eden: 287744K(287744K)->0K(289280K) From: 64K(22016K)->64K(20992K)
[1002.098s][info][gc,heap        ] GC(2592) ParOldGen: 465142K(465408K)->465158K(465408K)
[1002.098s][info][gc,metaspace   ] GC(2592) Metaspace: 35545K(36352K)->35545K(36352K) NonClass: 26335K(26944K)->26335K(26944K) Class: 9209K(9408K)->9209K(9408K)
[1002.098s][info][gc             ] GC(2592) Pause Young (Allocation Failure) 735M->454M(757M) 1.449ms
[1002.098s][info][gc,cpu         ] GC(2592) User=0.01s Sys=0.00s Real=0.00s
[1002.335s][info][gc,start       ] GC(2593) Pause Young (Allocation Failure)
[1002.336s][info][gc,heap        ] GC(2593) PSYoungGen: 289344K(310272K)->64K(309760K) Eden: 289280K(289280K)->0K(289280K) From: 64K(20992K)->64K(20480K)
[1002.336s][info][gc,heap        ] GC(2593) ParOldGen: 465158K(465408K)->465158K(465408K)
[1002.336s][info][gc,metaspace   ] GC(2593) Metaspace: 35545K(36352K)->35545K(36352K) NonClass: 26335K(26944K)->26335K(26944K) Class: 9209K(9408K)->9209K(9408K)
[1002.337s][info][gc             ] GC(2593) Pause Young (Allocation Failure) 736M->454M(757M) 1.410ms
[1002.337s][info][gc,cpu         ] GC(2593) User=0.00s Sys=0.00s Real=0.00s
[1002.614s][info][gc,start       ] GC(2594) Pause Young (Allocation Failure)
[1002.615s][info][gc,heap        ] GC(2594) PSYoungGen: 289344K(309760K)->64K(312320K) Eden: 289280K(289280K)->0K(293376K) From: 64K(20480K)->64K(18944K)
[1002.615s][info][gc,heap        ] GC(2594) ParOldGen: 465158K(465408K)->465158K(465408K)
[1002.615s][info][gc,metaspace   ] GC(2594) Metaspace: 35545K(36352K)->35545K(36352K) NonClass: 26335K(26944K)->26335K(26944K) Class: 9209K(9408K)->9209K(9408K)
[1002.615s][info][gc             ] GC(2594) Pause Young (Allocation Failure) 736M->454M(759M) 1.493ms
[1002.615s][info][gc,cpu         ] GC(2594) User=0.00s Sys=0.00s Real=0.00s
[1002.665s][info][gc,start       ] GC(2595) Pause Young (Allocation Failure)
[1002.667s][info][gc,heap        ] GC(2595) PSYoungGen: 293440K(312320K)->64K(311808K) Eden: 293376K(293376K)->0K(293376K) From: 64K(18944K)->64K(18432K)
[1002.667s][info][gc,heap        ] GC(2595) ParOldGen: 465158K(465408K)->465174K(465408K)
[1002.667s][info][gc,metaspace   ] GC(2595) Metaspace: 35545K(36352K)->35545K(36352K) NonClass: 26335K(26944K)->26335K(26944K) Class: 9209K(9408K)->9209K(9408K)
[1002.667s][info][gc             ] GC(2595) Pause Young (Allocation Failure) 740M->454M(759M) 1.306ms
[1002.667s][info][gc,cpu         ] GC(2595) User=0.00s Sys=0.00s Real=0.00s
[1002.786s][info][gc,start       ] GC(2596) Pause Young (Allocation Failure)
[1002.788s][info][gc,heap        ] GC(2596) PSYoungGen: 293440K(311808K)->64K(314368K) Eden: 293376K(293376K)->0K(297472K) From: 64K(18432K)->64K(16896K)
[1002.788s][info][gc,heap        ] GC(2596) ParOldGen: 465174K(465408K)->465174K(465408K)
[1002.788s][info][gc,metaspace   ] GC(2596) Metaspace: 35545K(36352K)->35545K(36352K) NonClass: 26335K(26944K)->26335K(26944K) Class: 9209K(9408K)->9209K(9408K)
[1002.788s][info][gc             ] GC(2596) Pause Young (Allocation Failure) 740M->454M(761M) 1.582ms
[1002.788s][info][gc,cpu         ] GC(2596) User=0.00s Sys=0.00s Real=0.00s
[1003.102s][info][gc,start       ] GC(2597) Pause Young (Allocation Failure)
[1003.103s][info][gc,heap        ] GC(2597) PSYoungGen: 297536K(314368K)->64K(313856K) Eden: 297472K(297472K)->0K(297472K) From: 64K(16896K)->64K(16384K)
[1003.103s][info][gc,heap        ] GC(2597) ParOldGen: 465174K(465408K)->465190K(465408K)
[1003.103s][info][gc,metaspace   ] GC(2597) Metaspace: 35545K(36352K)->35545K(36352K) NonClass: 26335K(26944K)->26335K(26944K) Class: 9209K(9408K)->9209K(9408K)
[1003.103s][info][gc             ] GC(2597) Pause Young (Allocation Failure) 744M->454M(761M) 1.469ms
[1003.103s][info][gc,cpu         ] GC(2597) User=0.01s Sys=0.00s Real=0.01s
[1003.287s][info][gc,start       ] GC(2598) Pause Young (Allocation Failure)
[1003.289s][info][gc,heap        ] GC(2598) PSYoungGen: 297536K(313856K)->64K(316416K) Eden: 297472K(297472K)->0K(301568K) From: 64K(16384K)->64K(14848K)
[1003.289s][info][gc,heap        ] GC(2598) ParOldGen: 465190K(465408K)->465190K(465408K)
[1003.289s][info][gc,metaspace   ] GC(2598) Metaspace: 35545K(36352K)->35545K(36352K) NonClass: 26335K(26944K)->26335K(26944K) Class: 9209K(9408K)->9209K(9408K)
[1003.289s][info][gc             ] GC(2598) Pause Young (Allocation Failure) 744M->454M(763M) 1.410ms
[1003.289s][info][gc,cpu         ] GC(2598) User=0.00s Sys=0.00s Real=0.00s
[1003.372s][info][gc,start       ] GC(2599) Pause Young (Allocation Failure)
[1003.373s][info][gc,heap        ] GC(2599) PSYoungGen: 301632K(316416K)->64K(316416K) Eden: 301568K(301568K)->0K(301568K) From: 64K(14848K)->64K(14848K)
[1003.373s][info][gc,heap        ] GC(2599) ParOldGen: 465190K(465408K)->465206K(465408K)
[1003.373s][info][gc,metaspace   ] GC(2599) Metaspace: 35545K(36352K)->35545K(36352K) NonClass: 26335K(26944K)->26335K(26944K) Class: 9209K(9408K)->9209K(9408K)
[1003.373s][info][gc             ] GC(2599) Pause Young (Allocation Failure) 748M->454M(763M) 1.533ms
[1003.373s][info][gc,cpu         ] GC(2599) User=0.00s Sys=0.00s Real=0.01s
[1003.550s][info][gc,start       ] GC(2600) Pause Young (Allocation Failure)
[1003.551s][info][gc,heap        ] GC(2600) PSYoungGen: 301632K(316416K)->64K(317952K) Eden: 301568K(301568K)->0K(305152K) From: 64K(14848K)->64K(12800K)
[1003.551s][info][gc,heap        ] GC(2600) ParOldGen: 465206K(465408K)->465206K(465408K)
[1003.551s][info][gc,metaspace   ] GC(2600) Metaspace: 35545K(36352K)->35545K(36352K) NonClass: 26335K(26944K)->26335K(26944K) Class: 9209K(9408K)->9209K(9408K)
[1003.551s][info][gc             ] GC(2600) Pause Young (Allocation Failure) 748M->454M(765M) 1.333ms
[1003.551s][info][gc,cpu         ] GC(2600) User=0.00s Sys=0.00s Real=0.00s
[1004.477s][info][gc,start       ] GC(2601) Pause Young (Allocation Failure)
[1004.478s][info][gc,heap        ] GC(2601) PSYoungGen: 305216K(317952K)->64K(293376K) Eden: 305152K(305152K)->0K(292864K) From: 64K(12800K)->64K(512K)
[1004.478s][info][gc,heap        ] GC(2601) ParOldGen: 465206K(465408K)->465214K(465408K)
[1004.478s][info][gc,metaspace   ] GC(2601) Metaspace: 35545K(36352K)->35545K(36352K) NonClass: 26335K(26944K)->26335K(26944K) Class: 9209K(9408K)->9209K(9408K)
[1004.478s][info][gc             ] GC(2601) Pause Young (Allocation Failure) 752M->454M(741M) 1.886ms
[1004.478s][info][gc,cpu         ] GC(2601) User=0.00s Sys=0.00s Real=0.00s
[1005.298s][info][gc,start       ] GC(2602) Pause Young (Allocation Failure)
[1005.300s][info][gc,heap        ] GC(2602) PSYoungGen: 292928K(293376K)->64K(281600K) Eden: 292864K(292864K)->0K(281088K) From: 64K(512K)->64K(512K)
[1005.300s][info][gc,heap        ] GC(2602) ParOldGen: 465214K(465408K)->465222K(465408K)
[1005.300s][info][gc,metaspace   ] GC(2602) Metaspace: 35545K(36352K)->35545K(36352K) NonClass: 26335K(26944K)->26335K(26944K) Class: 9209K(9408K)->9209K(9408K)
[1005.300s][info][gc             ] GC(2602) Pause Young (Allocation Failure) 740M->454M(729M) 2.079ms
[1005.300s][info][gc,cpu         ] GC(2602) User=0.00s Sys=0.00s Real=0.00s
[1005.671s][info][gc,start       ] GC(2603) Pause Young (Allocation Failure)
[1005.673s][info][gc,heap        ] GC(2603) PSYoungGen: 281152K(281600K)->64K(281600K) Eden: 281088K(281088K)->0K(270336K) From: 64K(512K)->64K(11264K)
[1005.673s][info][gc,heap        ] GC(2603) ParOldGen: 465222K(465408K)->465230K(465408K)
[1005.673s][info][gc,metaspace   ] GC(2603) Metaspace: 35545K(36352K)->35545K(36352K) NonClass: 26335K(26944K)->26335K(26944K) Class: 9209K(9408K)->9209K(9408K)
[1005.673s][info][gc             ] GC(2603) Pause Young (Allocation Failure) 728M->454M(729M) 1.318ms
[1005.673s][info][gc,cpu         ] GC(2603) User=0.00s Sys=0.00s Real=0.00s
[1006.734s][info][gc,start       ] GC(2604) Pause Young (Allocation Failure)
[1006.736s][info][gc,heap        ] GC(2604) PSYoungGen: 270400K(281600K)->64K(260608K) Eden: 270336K(270336K)->0K(260096K) From: 64K(11264K)->64K(512K)
[1006.736s][info][gc,heap        ] GC(2604) ParOldGen: 465230K(465408K)->465238K(465408K)
[1006.736s][info][gc,metaspace   ] GC(2604) Metaspace: 35545K(36352K)->35545K(36352K) NonClass: 26335K(26944K)->26335K(26944K) Class: 9209K(9408K)->9209K(9408K)
[1006.736s][info][gc             ] GC(2604) Pause Young (Allocation Failure) 718M->454M(709M) 1.963ms
[1006.736s][info][gc,cpu         ] GC(2604) User=0.00s Sys=0.00s Real=0.00s
[1007.121s][info][gc,start       ] GC(2605) Pause Young (Allocation Failure)
[1007.122s][info][gc,heap        ] GC(2605) PSYoungGen: 260160K(260608K)->64K(260096K) Eden: 260096K(260096K)->0K(249856K) From: 64K(512K)->64K(10240K)
[1007.122s][info][gc,heap        ] GC(2605) ParOldGen: 465238K(465408K)->465246K(465408K)
[1007.122s][info][gc,metaspace   ] GC(2605) Metaspace: 35545K(36352K)->35545K(36352K) NonClass: 26335K(26944K)->26335K(26944K) Class: 9209K(9408K)->9209K(9408K)
[1007.122s][info][gc             ] GC(2605) Pause Young (Allocation Failure) 708M->454M(708M) 1.734ms
[1007.122s][info][gc,cpu         ] GC(2605) User=0.01s Sys=0.00s Real=0.00s
[1007.317s][info][gc,start       ] GC(2606) Pause Young (Allocation Failure)
[1007.319s][info][gc,heap        ] GC(2606) PSYoungGen: 249920K(260096K)->64K(240640K) Eden: 249856K(249856K)->0K(240128K) From: 64K(10240K)->64K(512K)
[1007.319s][info][gc,heap        ] GC(2606) ParOldGen: 465246K(465408K)->465254K(465408K)
[1007.319s][info][gc,metaspace   ] GC(2606) Metaspace: 35545K(36352K)->35545K(36352K) NonClass: 26335K(26944K)->26335K(26944K) Class: 9209K(9408K)->9209K(9408K)
[1007.319s][info][gc             ] GC(2606) Pause Young (Allocation Failure) 698M->454M(689M) 2.218ms
[1007.319s][info][gc,cpu         ] GC(2606) User=0.00s Sys=0.00s Real=0.00s
[1007.401s][info][gc,start       ] GC(2607) Pause Young (Allocation Failure)
[1007.403s][info][gc,heap        ] GC(2607) PSYoungGen: 240192K(240640K)->64K(239616K) Eden: 240128K(240128K)->0K(230912K) From: 64K(512K)->64K(8704K)
[1007.403s][info][gc,heap        ] GC(2607) ParOldGen: 465254K(465408K)->465262K(465408K)
[1007.403s][info][gc,metaspace   ] GC(2607) Metaspace: 35545K(36352K)->35545K(36352K) NonClass: 26335K(26944K)->26335K(26944K) Class: 9209K(9408K)->9209K(9408K)
[1007.403s][info][gc             ] GC(2607) Pause Young (Allocation Failure) 688M->454M(688M) 1.229ms
[1007.403s][info][gc,cpu         ] GC(2607) User=0.00s Sys=0.00s Real=0.00s
[1007.920s][info][gc,start       ] GC(2608) Pause Young (Allocation Failure)
[1007.922s][info][gc,heap        ] GC(2608) PSYoungGen: 230976K(239616K)->64K(222720K) Eden: 230912K(230912K)->0K(222208K) From: 64K(8704K)->64K(512K)
[1007.922s][info][gc,heap        ] GC(2608) ParOldGen: 465262K(465408K)->465270K(465408K)
[1007.922s][info][gc,metaspace   ] GC(2608) Metaspace: 35545K(36352K)->35545K(36352K) NonClass: 26335K(26944K)->26335K(26944K) Class: 9209K(9408K)->9209K(9408K)
[1007.922s][info][gc             ] GC(2608) Pause Young (Allocation Failure) 679M->454M(672M) 1.815ms
[1007.922s][info][gc,cpu         ] GC(2608) User=0.00s Sys=0.00s Real=0.00s
[1008.127s][info][gc,start       ] GC(2609) Pause Young (Allocation Failure)
[1008.128s][info][gc,heap        ] GC(2609) PSYoungGen: 222272K(222720K)->64K(221696K) Eden: 222208K(222208K)->0K(214016K) From: 64K(512K)->64K(7680K)
[1008.128s][info][gc,heap        ] GC(2609) ParOldGen: 465270K(465408K)->465278K(465408K)
[1008.129s][info][gc,metaspace   ] GC(2609) Metaspace: 35545K(36352K)->35545K(36352K) NonClass: 26335K(26944K)->26335K(26944K) Class: 9209K(9408K)->9209K(9408K)
[1008.129s][info][gc             ] GC(2609) Pause Young (Allocation Failure) 671M->454M(671M) 1.320ms
[1008.129s][info][gc,cpu         ] GC(2609) User=0.00s Sys=0.00s Real=0.00s
[1008.476s][info][gc,start       ] GC(2610) Pause Young (Allocation Failure)
[1008.493s][info][gc,heap        ] GC(2610) PSYoungGen: 214080K(221696K)->7168K(262144K) Eden: 214016K(214016K)->0K(254976K) From: 64K(7680K)->7168K(7168K)
[1008.493s][info][gc,heap        ] GC(2610) ParOldGen: 465278K(465408K)->468422K(468480K)
[1008.493s][info][gc,metaspace   ] GC(2610) Metaspace: 35545K(36352K)->35545K(36352K) NonClass: 26335K(26944K)->26335K(26944K) Class: 9209K(9408K)->9209K(9408K)
[1008.494s][info][gc             ] GC(2610) Pause Young (Allocation Failure) 663M->464M(713M) 17.422ms
[1008.494s][info][gc,cpu         ] GC(2610) User=0.04s Sys=0.00s Real=0.02s
[1008.858s][info][gc,start       ] GC(2611) Pause Young (Allocation Failure)
[1008.913s][info][gc,heap        ] GC(2611) PSYoungGen: 262144K(262144K)->9728K(270336K) Eden: 254976K(254976K)->0K(260608K) From: 7168K(7168K)->9728K(9728K)
[1008.913s][info][gc,heap        ] GC(2611) ParOldGen: 468422K(468480K)->487710K(487936K)
[1008.913s][info][gc,metaspace   ] GC(2611) Metaspace: 35545K(36352K)->35545K(36352K) NonClass: 26335K(26944K)->26335K(26944K) Class: 9209K(9408K)->9209K(9408K)
[1008.913s][info][gc             ] GC(2611) Pause Young (Allocation Failure) 713M->485M(740M) 55.569ms
[1008.913s][info][gc,cpu         ] GC(2611) User=0.10s Sys=0.02s Real=0.06s
[1009.224s][info][gc,start       ] GC(2612) Pause Young (Allocation Failure)
[1009.276s][info][gc,heap        ] GC(2612) PSYoungGen: 270336K(270336K)->19456K(303104K) Eden: 260608K(260608K)->0K(283648K) From: 9728K(9728K)->19456K(19456K)
[1009.276s][info][gc,heap        ] GC(2612) ParOldGen: 487710K(487936K)->492158K(492544K)
[1009.276s][info][gc,metaspace   ] GC(2612) Metaspace: 35545K(36352K)->35545K(36352K) NonClass: 26335K(26944K)->26335K(26944K) Class: 9209K(9408K)->9209K(9408K)
[1009.276s][info][gc             ] GC(2612) Pause Young (Allocation Failure) 740M->499M(777M) 52.116ms
[1009.276s][info][gc,cpu         ] GC(2612) User=0.09s Sys=0.01s Real=0.05s
[1009.435s][info][gc,start       ] GC(2613) Pause Young (Allocation Failure)
[1009.437s][info][gc,heap        ] GC(2613) PSYoungGen: 303104K(303104K)->64K(308736K) Eden: 283648K(283648K)->0K(283648K) From: 19456K(19456K)->64K(25088K)
[1009.437s][info][gc,heap        ] GC(2613) ParOldGen: 492158K(492544K)->492270K(492544K)
[1009.437s][info][gc,metaspace   ] GC(2613) Metaspace: 35545K(36352K)->35545K(36352K) NonClass: 26335K(26944K)->26335K(26944K) Class: 9209K(9408K)->9209K(9408K)
[1009.437s][info][gc             ] GC(2613) Pause Young (Allocation Failure) 776M->480M(782M) 2.848ms
[1009.437s][info][gc,cpu         ] GC(2613) User=0.01s Sys=0.00s Real=0.00s
[1010.133s][info][gc,start       ] GC(2614) Pause Young (Allocation Failure)
[1010.134s][info][gc,heap        ] GC(2614) PSYoungGen: 283712K(308736K)->64K(306688K) Eden: 283648K(283648K)->0K(284672K) From: 64K(25088K)->64K(22016K)
[1010.134s][info][gc,heap        ] GC(2614) ParOldGen: 492270K(492544K)->492286K(492544K)
[1010.134s][info][gc,metaspace   ] GC(2614) Metaspace: 35545K(36352K)->35545K(36352K) NonClass: 26335K(26944K)->26335K(26944K) Class: 9209K(9408K)->9209K(9408K)
[1010.134s][info][gc             ] GC(2614) Pause Young (Allocation Failure) 757M->480M(780M) 1.824ms
[1010.134s][info][gc,cpu         ] GC(2614) User=0.00s Sys=0.00s Real=0.01s
[1010.629s][info][gc,start       ] GC(2615) Pause Young (Allocation Failure)
[1010.630s][info][gc,heap        ] GC(2615) PSYoungGen: 284736K(306688K)->64K(308224K) Eden: 284672K(284672K)->0K(284672K) From: 64K(22016K)->64K(23552K)
[1010.630s][info][gc,heap        ] GC(2615) ParOldGen: 492286K(492544K)->492286K(492544K)
[1010.630s][info][gc,metaspace   ] GC(2615) Metaspace: 35545K(36352K)->35545K(36352K) NonClass: 26335K(26944K)->26335K(26944K) Class: 9209K(9408K)->9209K(9408K)
[1010.630s][info][gc             ] GC(2615) Pause Young (Allocation Failure) 758M->480M(782M) 1.572ms
[1010.630s][info][gc,cpu         ] GC(2615) User=0.00s Sys=0.00s Real=0.00s
[1010.864s][info][gc,start       ] GC(2616) Pause Young (Allocation Failure)
[1010.865s][info][gc,heap        ] GC(2616) PSYoungGen: 284736K(308224K)->64K(307712K) Eden: 284672K(284672K)->0K(287744K) From: 64K(23552K)->64K(19968K)
[1010.865s][info][gc,heap        ] GC(2616) ParOldGen: 492286K(492544K)->492302K(492544K)
[1010.865s][info][gc,metaspace   ] GC(2616) Metaspace: 35545K(36352K)->35545K(36352K) NonClass: 26335K(26944K)->26335K(26944K) Class: 9209K(9408K)->9209K(9408K)
[1010.865s][info][gc             ] GC(2616) Pause Young (Allocation Failure) 758M->480M(781M) 1.588ms
[1010.865s][info][gc,cpu         ] GC(2616) User=0.00s Sys=0.00s Real=0.00s
[1011.105s][info][gc,start       ] GC(2617) Pause Young (Allocation Failure)
[1011.106s][info][gc,heap        ] GC(2617) PSYoungGen: 287808K(307712K)->64K(309248K) Eden: 287744K(287744K)->0K(287744K) From: 64K(19968K)->64K(21504K)
[1011.107s][info][gc,heap        ] GC(2617) ParOldGen: 492302K(492544K)->492302K(492544K)
[1011.107s][info][gc,metaspace   ] GC(2617) Metaspace: 35545K(36352K)->35545K(36352K) NonClass: 26335K(26944K)->26335K(26944K) Class: 9209K(9408K)->9209K(9408K)
[1011.107s][info][gc             ] GC(2617) Pause Young (Allocation Failure) 761M->480M(783M) 1.436ms
[1011.107s][info][gc,cpu         ] GC(2617) User=0.00s Sys=0.00s Real=0.00s
[1011.469s][info][gc,start       ] GC(2618) Pause Young (Allocation Failure)
[1011.471s][info][gc,heap        ] GC(2618) PSYoungGen: 287808K(309248K)->64K(309760K) Eden: 287744K(287744K)->0K(291840K) From: 64K(21504K)->64K(17920K)
[1011.471s][info][gc,heap        ] GC(2618) ParOldGen: 492302K(492544K)->492302K(492544K)
[1011.471s][info][gc,metaspace   ] GC(2618) Metaspace: 35545K(36352K)->35545K(36352K) NonClass: 26335K(26944K)->26335K(26944K) Class: 9209K(9408K)->9209K(9408K)
[1011.471s][info][gc             ] GC(2618) Pause Young (Allocation Failure) 761M->480M(783M) 1.531ms
[1011.471s][info][gc,cpu         ] GC(2618) User=0.00s Sys=0.00s Real=0.00s
[1011.523s][info][gc,start       ] GC(2619) Pause Young (Allocation Failure)
[1011.525s][info][gc,heap        ] GC(2619) PSYoungGen: 291904K(309760K)->64K(311296K) Eden: 291840K(291840K)->0K(291840K) From: 64K(17920K)->64K(19456K)
[1011.525s][info][gc,heap        ] GC(2619) ParOldGen: 492302K(492544K)->492318K(492544K)
[1011.525s][info][gc,metaspace   ] GC(2619) Metaspace: 35545K(36352K)->35545K(36352K) NonClass: 26335K(26944K)->26335K(26944K) Class: 9209K(9408K)->9209K(9408K)
[1011.525s][info][gc             ] GC(2619) Pause Young (Allocation Failure) 765M->480M(785M) 1.534ms
[1011.525s][info][gc,cpu         ] GC(2619) User=0.00s Sys=0.00s Real=0.00s
[1011.573s][info][gc,start       ] GC(2620) Pause Young (Allocation Failure)
[1011.575s][info][gc,heap        ] GC(2620) PSYoungGen: 291904K(311296K)->64K(311808K) Eden: 291840K(291840K)->0K(295936K) From: 64K(19456K)->64K(15872K)
[1011.575s][info][gc,heap        ] GC(2620) ParOldGen: 492318K(492544K)->492318K(492544K)
[1011.575s][info][gc,metaspace   ] GC(2620) Metaspace: 35545K(36352K)->35545K(36352K) NonClass: 26335K(26944K)->26335K(26944K) Class: 9209K(9408K)->9209K(9408K)
[1011.575s][info][gc             ] GC(2620) Pause Young (Allocation Failure) 765M->480M(785M) 1.342ms
[1011.575s][info][gc,cpu         ] GC(2620) User=0.00s Sys=0.00s Real=0.00s
[1011.834s][info][gc,start       ] GC(2621) Pause Young (Allocation Failure)
[1011.835s][info][gc,heap        ] GC(2621) PSYoungGen: 295999K(311808K)->64K(313344K) Eden: 295935K(295936K)->0K(295936K) From: 64K(15872K)->64K(17408K)
[1011.835s][info][gc,heap        ] GC(2621) ParOldGen: 492318K(492544K)->492318K(492544K)
[1011.835s][info][gc,metaspace   ] GC(2621) Metaspace: 35545K(36352K)->35545K(36352K) NonClass: 26335K(26944K)->26335K(26944K) Class: 9209K(9408K)->9209K(9408K)
[1011.835s][info][gc             ] GC(2621) Pause Young (Allocation Failure) 769M->480M(787M) 1.580ms
[1011.835s][info][gc,cpu         ] GC(2621) User=0.00s Sys=0.00s Real=0.00s
[1012.101s][info][gc,start       ] GC(2622) Pause Young (Allocation Failure)
[1012.102s][info][gc,heap        ] GC(2622) PSYoungGen: 296000K(313344K)->64K(313856K) Eden: 295936K(295936K)->0K(300032K) From: 64K(17408K)->64K(13824K)
[1012.102s][info][gc,heap        ] GC(2622) ParOldGen: 492318K(492544K)->492326K(492544K)
[1012.102s][info][gc,metaspace   ] GC(2622) Metaspace: 35545K(36352K)->35545K(36352K) NonClass: 26335K(26944K)->26335K(26944K) Class: 9209K(9408K)->9209K(9408K)
[1012.102s][info][gc             ] GC(2622) Pause Young (Allocation Failure) 769M->480M(787M) 1.571ms
[1012.102s][info][gc,cpu         ] GC(2622) User=0.00s Sys=0.00s Real=0.00s
[1012.214s][info][gc,start       ] GC(2623) Pause Young (Allocation Failure)
[1012.216s][info][gc,heap        ] GC(2623) PSYoungGen: 300096K(313856K)->64K(315392K) Eden: 300032K(300032K)->0K(300032K) From: 64K(13824K)->64K(15360K)
[1012.216s][info][gc,heap        ] GC(2623) ParOldGen: 492326K(492544K)->492334K(492544K)
[1012.216s][info][gc,metaspace   ] GC(2623) Metaspace: 35545K(36352K)->35545K(36352K) NonClass: 26335K(26944K)->26335K(26944K) Class: 9209K(9408K)->9209K(9408K)
[1012.216s][info][gc             ] GC(2623) Pause Young (Allocation Failure) 773M->480M(789M) 1.509ms
[1012.216s][info][gc,cpu         ] GC(2623) User=0.01s Sys=0.00s Real=0.00s
[1012.341s][info][gc,start       ] GC(2624) Pause Young (Allocation Failure)
[1012.342s][info][gc,heap        ] GC(2624) PSYoungGen: 300096K(315392K)->64K(315904K) Eden: 300032K(300032K)->0K(303616K) From: 64K(15360K)->64K(12288K)
[1012.342s][info][gc,heap        ] GC(2624) ParOldGen: 492334K(492544K)->492342K(492544K)
[1012.342s][info][gc,metaspace   ] GC(2624) Metaspace: 35545K(36352K)->35545K(36352K) NonClass: 26335K(26944K)->26335K(26944K) Class: 9209K(9408K)->9209K(9408K)
[1012.342s][info][gc             ] GC(2624) Pause Young (Allocation Failure) 773M->480M(789M) 1.473ms
[1012.342s][info][gc,cpu         ] GC(2624) User=0.00s Sys=0.01s Real=0.00s
[1012.729s][info][gc,start       ] GC(2625) Pause Young (Allocation Failure)
[1012.730s][info][gc,heap        ] GC(2625) PSYoungGen: 303680K(315904K)->64K(317440K) Eden: 303616K(303616K)->0K(303616K) From: 64K(12288K)->64K(13824K)
[1012.730s][info][gc,heap        ] GC(2625) ParOldGen: 492342K(492544K)->492350K(492544K)
[1012.730s][info][gc,metaspace   ] GC(2625) Metaspace: 35545K(36352K)->35545K(36352K) NonClass: 26335K(26944K)->26335K(26944K) Class: 9209K(9408K)->9209K(9408K)
[1012.730s][info][gc             ] GC(2625) Pause Young (Allocation Failure) 777M->480M(791M) 1.527ms
[1012.730s][info][gc,cpu         ] GC(2625) User=0.00s Sys=0.00s Real=0.00s
[1013.374s][info][gc,start       ] GC(2626) Pause Young (Allocation Failure)
[1013.376s][info][gc,heap        ] GC(2626) PSYoungGen: 303680K(317440K)->83K(291840K) Eden: 303616K(303616K)->0K(291328K) From: 64K(13824K)->83K(512K)
[1013.376s][info][gc,heap        ] GC(2626) ParOldGen: 492350K(492544K)->492358K(492544K)
[1013.376s][info][gc,metaspace   ] GC(2626) Metaspace: 35545K(36352K)->35545K(36352K) NonClass: 26335K(26944K)->26335K(26944K) Class: 9209K(9408K)->9209K(9408K)
[1013.376s][info][gc             ] GC(2626) Pause Young (Allocation Failure) 777M->480M(766M) 2.208ms
[1013.376s][info][gc,cpu         ] GC(2626) User=0.00s Sys=0.00s Real=0.00s
[1014.301s][info][gc,start       ] GC(2627) Pause Young (Allocation Failure)
[1014.302s][info][gc,heap        ] GC(2627) PSYoungGen: 291411K(291840K)->64K(291840K) Eden: 291328K(291328K)->0K(280064K) From: 83K(512K)->64K(11776K)
[1014.302s][info][gc,heap        ] GC(2627) ParOldGen: 492358K(492544K)->492366K(492544K)
[1014.302s][info][gc,metaspace   ] GC(2627) Metaspace: 35545K(36352K)->35545K(36352K) NonClass: 26335K(26944K)->26335K(26944K) Class: 9209K(9408K)->9209K(9408K)
[1014.302s][info][gc             ] GC(2627) Pause Young (Allocation Failure) 765M->480M(766M) 1.466ms
[1014.302s][info][gc,cpu         ] GC(2627) User=0.00s Sys=0.00s Real=0.00s
[1014.788s][info][gc,start       ] GC(2628) Pause Young (Allocation Failure)
[1014.790s][info][gc,heap        ] GC(2628) PSYoungGen: 280128K(291840K)->64K(269824K) Eden: 280064K(280064K)->0K(269312K) From: 64K(11776K)->64K(512K)
[1014.790s][info][gc,heap        ] GC(2628) ParOldGen: 492366K(492544K)->492374K(492544K)
[1014.790s][info][gc,metaspace   ] GC(2628) Metaspace: 35545K(36352K)->35545K(36352K) NonClass: 26335K(26944K)->26335K(26944K) Class: 9209K(9408K)->9209K(9408K)
[1014.790s][info][gc             ] GC(2628) Pause Young (Allocation Failure) 754M->480M(744M) 1.915ms
[1014.790s][info][gc,cpu         ] GC(2628) User=0.00s Sys=0.00s Real=0.00s
[1015.767s][info][gc,start       ] GC(2629) Pause Young (Allocation Failure)
[1015.769s][info][gc,heap        ] GC(2629) PSYoungGen: 269376K(269824K)->64K(269824K) Eden: 269312K(269312K)->0K(259072K) From: 64K(512K)->64K(10752K)
[1015.769s][info][gc,heap        ] GC(2629) ParOldGen: 492374K(492544K)->492382K(492544K)
[1015.769s][info][gc,metaspace   ] GC(2629) Metaspace: 35545K(36352K)->35545K(36352K) NonClass: 26335K(26944K)->26335K(26944K) Class: 9209K(9408K)->9209K(9408K)
[1015.769s][info][gc             ] GC(2629) Pause Young (Allocation Failure) 743M->480M(744M) 1.477ms
[1015.769s][info][gc,cpu         ] GC(2629) User=0.01s Sys=0.00s Real=0.00s
[1016.106s][info][gc,start       ] GC(2630) Pause Young (Allocation Failure)
[1016.108s][info][gc,heap        ] GC(2630) PSYoungGen: 259136K(269824K)->64K(249856K) Eden: 259072K(259072K)->0K(249344K) From: 64K(10752K)->64K(512K)
[1016.108s][info][gc,heap        ] GC(2630) ParOldGen: 492382K(492544K)->492390K(492544K)
[1016.108s][info][gc,metaspace   ] GC(2630) Metaspace: 35545K(36352K)->35545K(36352K) NonClass: 26335K(26944K)->26335K(26944K) Class: 9209K(9408K)->9209K(9408K)
[1016.108s][info][gc             ] GC(2630) Pause Young (Allocation Failure) 733M->480M(725M) 1.624ms
[1016.108s][info][gc,cpu         ] GC(2630) User=0.00s Sys=0.00s Real=0.00s
[1016.232s][info][gc,start       ] GC(2631) Pause Young (Allocation Failure)
[1016.233s][info][gc,heap        ] GC(2631) PSYoungGen: 249408K(249856K)->64K(248832K) Eden: 249344K(249344K)->0K(239616K) From: 64K(512K)->64K(9216K)
[1016.233s][info][gc,heap        ] GC(2631) ParOldGen: 492390K(492544K)->492398K(492544K)
[1016.233s][info][gc,metaspace   ] GC(2631) Metaspace: 35545K(36352K)->35545K(36352K) NonClass: 26335K(26944K)->26335K(26944K) Class: 9209K(9408K)->9209K(9408K)
[1016.233s][info][gc             ] GC(2631) Pause Young (Allocation Failure) 724M->480M(724M) 1.369ms
[1016.233s][info][gc,cpu         ] GC(2631) User=0.00s Sys=0.00s Real=0.01s
[1016.591s][info][gc,start       ] GC(2632) Pause Young (Allocation Failure)
[1016.594s][info][gc,heap        ] GC(2632) PSYoungGen: 239680K(248832K)->64K(230912K) Eden: 239616K(239616K)->0K(230400K) From: 64K(9216K)->64K(512K)
[1016.594s][info][gc,heap        ] GC(2632) ParOldGen: 492398K(492544K)->492406K(492544K)
[1016.594s][info][gc,metaspace   ] GC(2632) Metaspace: 35545K(36352K)->35545K(36352K) NonClass: 26335K(26944K)->26335K(26944K) Class: 9209K(9408K)->9209K(9408K)
[1016.594s][info][gc             ] GC(2632) Pause Young (Allocation Failure) 714M->480M(706M) 3.009ms
[1016.594s][info][gc,cpu         ] GC(2632) User=0.00s Sys=0.00s Real=0.01s
[1016.912s][info][gc,start       ] GC(2633) Pause Young (Allocation Failure)
[1016.915s][info][gc,heap        ] GC(2633) PSYoungGen: 230464K(230912K)->64K(229376K) Eden: 230400K(230400K)->0K(221696K) From: 64K(512K)->64K(7680K)
[1016.915s][info][gc,heap        ] GC(2633) ParOldGen: 492406K(492544K)->492414K(492544K)
[1016.915s][info][gc,metaspace   ] GC(2633) Metaspace: 35545K(36352K)->35545K(36352K) NonClass: 26335K(26944K)->26335K(26944K) Class: 9209K(9408K)->9209K(9408K)
[1016.915s][info][gc             ] GC(2633) Pause Young (Allocation Failure) 705M->480M(705M) 2.569ms
[1016.915s][info][gc,cpu         ] GC(2633) User=0.00s Sys=0.00s Real=0.01s
[1017.267s][info][gc,start       ] GC(2634) Pause Young (Allocation Failure)
[1017.279s][info][gc,heap        ] GC(2634) PSYoungGen: 221760K(229376K)->3008K(266752K) Eden: 221696K(221696K)->0K(263680K) From: 64K(7680K)->3008K(3072K)
[1017.279s][info][gc,heap        ] GC(2634) ParOldGen: 492414K(492544K)->492422K(492544K)
[1017.279s][info][gc,metaspace   ] GC(2634) Metaspace: 35545K(36352K)->35545K(36352K) NonClass: 26335K(26944K)->26335K(26944K) Class: 9209K(9408K)->9209K(9408K)
[1017.279s][info][gc             ] GC(2634) Pause Young (Allocation Failure) 697M->483M(741M) 11.431ms
[1017.279s][info][gc,cpu         ] GC(2634) User=0.01s Sys=0.00s Real=0.01s
[1017.658s][info][gc,start       ] GC(2635) Pause Young (Allocation Failure)
[1017.717s][info][gc,heap        ] GC(2635) PSYoungGen: 266688K(266752K)->7680K(281088K) Eden: 263680K(263680K)->0K(273408K) From: 3008K(3072K)->7680K(7680K)
[1017.717s][info][gc,heap        ] GC(2635) ParOldGen: 492422K(492544K)->514670K(515072K)
[1017.717s][info][gc,metaspace   ] GC(2635) Metaspace: 35545K(36352K)->35545K(36352K) NonClass: 26335K(26944K)->26335K(26944K) Class: 9209K(9408K)->9209K(9408K)
[1017.717s][info][gc             ] GC(2635) Pause Young (Allocation Failure) 741M->510M(777M) 59.029ms
[1017.717s][info][gc,cpu         ] GC(2635) User=0.11s Sys=0.01s Real=0.06s
[1018.098s][info][gc,start       ] GC(2636) Pause Young (Allocation Failure)
[1018.165s][info][gc,heap        ] GC(2636) PSYoungGen: 281088K(281088K)->17408K(299008K) Eden: 273408K(273408K)->0K(281600K) From: 7680K(7680K)->17408K(17408K)
[1018.165s][info][gc,heap        ] GC(2636) ParOldGen: 514670K(515072K)->527582K(527872K)
[1018.165s][info][gc,metaspace   ] GC(2636) Metaspace: 35545K(36352K)->35545K(36352K) NonClass: 26335K(26944K)->26335K(26944K) Class: 9209K(9408K)->9209K(9408K)
[1018.165s][info][gc             ] GC(2636) Pause Young (Allocation Failure) 777M->532M(807M) 67.301ms
[1018.165s][info][gc,cpu         ] GC(2636) User=0.12s Sys=0.02s Real=0.07s
[1018.263s][info][gc,start       ] GC(2637) Pause Young (Allocation Failure)
[1018.268s][info][gc,heap        ] GC(2637) PSYoungGen: 299008K(299008K)->64K(307712K) Eden: 281600K(281600K)->0K(281600K) From: 17408K(17408K)->64K(26112K)
[1018.268s][info][gc,heap        ] GC(2637) ParOldGen: 527582K(527872K)->527918K(528384K)
[1018.268s][info][gc,metaspace   ] GC(2637) Metaspace: 35545K(36352K)->35545K(36352K) NonClass: 26335K(26944K)->26335K(26944K) Class: 9209K(9408K)->9209K(9408K)
[1018.268s][info][gc             ] GC(2637) Pause Young (Allocation Failure) 807M->515M(816M) 5.054ms
[1018.268s][info][gc,cpu         ] GC(2637) User=0.01s Sys=0.00s Real=0.00s
[1018.903s][info][gc,start       ] GC(2638) Pause Young (Allocation Failure)
[1018.905s][info][gc,heap        ] GC(2638) PSYoungGen: 281664K(307712K)->64K(305664K) Eden: 281600K(281600K)->0K(282624K) From: 64K(26112K)->64K(23040K)
[1018.905s][info][gc,heap        ] GC(2638) ParOldGen: 527918K(528384K)->527926K(528384K)
[1018.905s][info][gc,metaspace   ] GC(2638) Metaspace: 35545K(36352K)->35545K(36352K) NonClass: 26335K(26944K)->26335K(26944K) Class: 9209K(9408K)->9209K(9408K)
[1018.905s][info][gc             ] GC(2638) Pause Young (Allocation Failure) 790M->515M(814M) 1.846ms
[1018.905s][info][gc,cpu         ] GC(2638) User=0.00s Sys=0.00s Real=0.01s
[1019.268s][info][gc,start       ] GC(2639) Pause Young (Allocation Failure)
[1019.270s][info][gc,heap        ] GC(2639) PSYoungGen: 282688K(305664K)->64K(307200K) Eden: 282624K(282624K)->0K(282624K) From: 64K(23040K)->64K(24576K)
[1019.270s][info][gc,heap        ] GC(2639) ParOldGen: 527926K(528384K)->527934K(528384K)
[1019.270s][info][gc,metaspace   ] GC(2639) Metaspace: 35545K(36352K)->35545K(36352K) NonClass: 26335K(26944K)->26335K(26944K) Class: 9209K(9408K)->9209K(9408K)
[1019.270s][info][gc             ] GC(2639) Pause Young (Allocation Failure) 791M->515M(816M) 1.679ms
[1019.270s][info][gc,cpu         ] GC(2639) User=0.01s Sys=0.00s Real=0.00s
[1019.704s][info][gc,start       ] GC(2640) Pause Young (Allocation Failure)
[1019.706s][info][gc,heap        ] GC(2640) PSYoungGen: 282688K(307200K)->64K(306688K) Eden: 282624K(282624K)->0K(285696K) From: 64K(24576K)->64K(20992K)
[1019.706s][info][gc,heap        ] GC(2640) ParOldGen: 527934K(528384K)->527950K(528384K)
[1019.706s][info][gc,metaspace   ] GC(2640) Metaspace: 35545K(36352K)->35545K(36352K) NonClass: 26335K(26944K)->26335K(26944K) Class: 9209K(9408K)->9209K(9408K)
[1019.706s][info][gc             ] GC(2640) Pause Young (Allocation Failure) 791M->515M(815M) 1.664ms
[1019.706s][info][gc,cpu         ] GC(2640) User=0.00s Sys=0.01s Real=0.00s
[1019.941s][info][gc,start       ] GC(2641) Pause Young (Allocation Failure)
[1019.942s][info][gc,heap        ] GC(2641) PSYoungGen: 285760K(306688K)->64K(308224K) Eden: 285696K(285696K)->0K(285696K) From: 64K(20992K)->64K(22528K)
[1019.942s][info][gc,heap        ] GC(2641) ParOldGen: 527950K(528384K)->527966K(528384K)
[1019.942s][info][gc,metaspace   ] GC(2641) Metaspace: 35545K(36352K)->35545K(36352K) NonClass: 26335K(26944K)->26335K(26944K) Class: 9209K(9408K)->9209K(9408K)
[1019.942s][info][gc             ] GC(2641) Pause Young (Allocation Failure) 794M->515M(817M) 1.467ms
[1019.942s][info][gc,cpu         ] GC(2641) User=0.01s Sys=0.00s Real=0.00s
[1020.297s][info][gc,start       ] GC(2642) Pause Young (Allocation Failure)
[1020.298s][info][gc,heap        ] GC(2642) PSYoungGen: 285760K(308224K)->64K(309248K) Eden: 285696K(285696K)->0K(290304K) From: 64K(22528K)->64K(18944K)
[1020.298s][info][gc,heap        ] GC(2642) ParOldGen: 527966K(528384K)->527966K(528384K)
[1020.298s][info][gc,metaspace   ] GC(2642) Metaspace: 35545K(36352K)->35545K(36352K) NonClass: 26335K(26944K)->26335K(26944K) Class: 9209K(9408K)->9209K(9408K)
[1020.298s][info][gc             ] GC(2642) Pause Young (Allocation Failure) 794M->515M(818M) 1.572ms
[1020.298s][info][gc,cpu         ] GC(2642) User=0.00s Sys=0.00s Real=0.00s
[1020.392s][info][gc,start       ] GC(2643) Pause Young (Allocation Failure)
[1020.393s][info][gc,heap        ] GC(2643) PSYoungGen: 290368K(309248K)->64K(310272K) Eden: 290304K(290304K)->0K(290304K) From: 64K(18944K)->64K(19968K)
[1020.393s][info][gc,heap        ] GC(2643) ParOldGen: 527966K(528384K)->527974K(528384K)
[1020.393s][info][gc,metaspace   ] GC(2643) Metaspace: 35545K(36352K)->35545K(36352K) NonClass: 26335K(26944K)->26335K(26944K) Class: 9209K(9408K)->9209K(9408K)
[1020.393s][info][gc             ] GC(2643) Pause Young (Allocation Failure) 799M->515M(819M) 1.458ms
[1020.393s][info][gc,cpu         ] GC(2643) User=0.01s Sys=0.00s Real=0.01s
[1020.444s][info][gc,start       ] GC(2644) Pause Young (Allocation Failure)
[1020.445s][info][gc,heap        ] GC(2644) PSYoungGen: 290368K(310272K)->64K(311808K) Eden: 290304K(290304K)->0K(294912K) From: 64K(19968K)->64K(16896K)
[1020.445s][info][gc,heap        ] GC(2644) ParOldGen: 527974K(528384K)->527990K(528384K)
[1020.445s][info][gc,metaspace   ] GC(2644) Metaspace: 35545K(36352K)->35545K(36352K) NonClass: 26335K(26944K)->26335K(26944K) Class: 9209K(9408K)->9209K(9408K)
[1020.446s][info][gc             ] GC(2644) Pause Young (Allocation Failure) 799M->515M(820M) 1.400ms
[1020.446s][info][gc,cpu         ] GC(2644) User=0.00s Sys=0.00s Real=0.00s
[1020.653s][info][gc,start       ] GC(2645) Pause Young (Allocation Failure)
[1020.655s][info][gc,heap        ] GC(2645) PSYoungGen: 294976K(311808K)->64K(312832K) Eden: 294912K(294912K)->0K(294912K) From: 64K(16896K)->64K(17920K)
[1020.655s][info][gc,heap        ] GC(2645) ParOldGen: 527990K(528384K)->527990K(528384K)
[1020.655s][info][gc,metaspace   ] GC(2645) Metaspace: 35545K(36352K)->35545K(36352K) NonClass: 26335K(26944K)->26335K(26944K) Class: 9209K(9408K)->9209K(9408K)
[1020.655s][info][gc             ] GC(2645) Pause Young (Allocation Failure) 803M->515M(821M) 1.599ms
[1020.655s][info][gc,cpu         ] GC(2645) User=0.00s Sys=0.00s Real=0.00s
[1020.938s][info][gc,start       ] GC(2646) Pause Young (Allocation Failure)
[1020.940s][info][gc,heap        ] GC(2646) PSYoungGen: 294976K(312832K)->64K(313856K) Eden: 294912K(294912K)->0K(299008K) From: 64K(17920K)->64K(14848K)
[1020.940s][info][gc,heap        ] GC(2646) ParOldGen: 527990K(528384K)->527998K(528384K)
[1020.940s][info][gc,metaspace   ] GC(2646) Metaspace: 35545K(36352K)->35545K(36352K) NonClass: 26335K(26944K)->26335K(26944K) Class: 9209K(9408K)->9209K(9408K)
[1020.940s][info][gc             ] GC(2646) Pause Young (Allocation Failure) 803M->515M(822M) 1.513ms
[1020.940s][info][gc,cpu         ] GC(2646) User=0.00s Sys=0.00s Real=0.00s
[1021.079s][info][gc,start       ] GC(2647) Pause Young (Allocation Failure)
[1021.080s][info][gc,heap        ] GC(2647) PSYoungGen: 299072K(313856K)->64K(314880K) Eden: 299008K(299008K)->0K(299008K) From: 64K(14848K)->64K(15872K)
[1021.080s][info][gc,heap        ] GC(2647) ParOldGen: 527998K(528384K)->528006K(528384K)
[1021.080s][info][gc,metaspace   ] GC(2647) Metaspace: 35545K(36352K)->35545K(36352K) NonClass: 26335K(26944K)->26335K(26944K) Class: 9209K(9408K)->9209K(9408K)
[1021.080s][info][gc             ] GC(2647) Pause Young (Allocation Failure) 807M->515M(823M) 1.652ms
[1021.080s][info][gc,cpu         ] GC(2647) User=0.01s Sys=0.00s Real=0.00s
[1021.183s][info][gc,start       ] GC(2648) Pause Young (Allocation Failure)
[1021.185s][info][gc,heap        ] GC(2648) PSYoungGen: 299072K(314880K)->64K(316928K) Eden: 299008K(299008K)->0K(303104K) From: 64K(15872K)->64K(13824K)
[1021.185s][info][gc,heap        ] GC(2648) ParOldGen: 528006K(528384K)->528014K(528384K)
[1021.185s][info][gc,metaspace   ] GC(2648) Metaspace: 35545K(36352K)->35545K(36352K) NonClass: 26335K(26944K)->26335K(26944K) Class: 9209K(9408K)->9209K(9408K)
[1021.185s][info][gc             ] GC(2648) Pause Young (Allocation Failure) 807M->515M(825M) 1.498ms
[1021.185s][info][gc,cpu         ] GC(2648) User=0.00s Sys=0.00s Real=0.00s
[1021.423s][info][gc,start       ] GC(2649) Pause Young (Allocation Failure)
[1021.424s][info][gc,heap        ] GC(2649) PSYoungGen: 303168K(316928K)->64K(317440K) Eden: 303104K(303104K)->0K(303104K) From: 64K(13824K)->64K(14336K)
[1021.424s][info][gc,heap        ] GC(2649) ParOldGen: 528014K(528384K)->528022K(528384K)
[1021.424s][info][gc,metaspace   ] GC(2649) Metaspace: 35545K(36352K)->35545K(36352K) NonClass: 26335K(26944K)->26335K(26944K) Class: 9209K(9408K)->9209K(9408K)
[1021.424s][info][gc             ] GC(2649) Pause Young (Allocation Failure) 811M->515M(826M) 1.545ms
[1021.424s][info][gc,cpu         ] GC(2649) User=0.01s Sys=0.00s Real=0.01s
[1022.242s][info][gc,start       ] GC(2650) Pause Young (Allocation Failure)
[1022.244s][info][gc,heap        ] GC(2650) PSYoungGen: 303168K(317440K)->64K(291328K) Eden: 303104K(303104K)->0K(290816K) From: 64K(14336K)->64K(512K)
[1022.244s][info][gc,heap        ] GC(2650) ParOldGen: 528022K(528384K)->528030K(528384K)
[1022.244s][info][gc,metaspace   ] GC(2650) Metaspace: 35545K(36352K)->35545K(36352K) NonClass: 26335K(26944K)->26335K(26944K) Class: 9209K(9408K)->9209K(9408K)
[1022.244s][info][gc             ] GC(2650) Pause Young (Allocation Failure) 811M->515M(800M) 2.320ms
[1022.244s][info][gc,cpu         ] GC(2650) User=0.00s Sys=0.00s Real=0.01s
[1023.128s][info][gc,start       ] GC(2651) Pause Young (Allocation Failure)
[1023.130s][info][gc,heap        ] GC(2651) PSYoungGen: 290880K(291328K)->64K(291840K) Eden: 290816K(290816K)->0K(279552K) From: 64K(512K)->64K(12288K)
[1023.130s][info][gc,heap        ] GC(2651) ParOldGen: 528030K(528384K)->528038K(528384K)
[1023.130s][info][gc,metaspace   ] GC(2651) Metaspace: 35545K(36352K)->35545K(36352K) NonClass: 26335K(26944K)->26335K(26944K) Class: 9209K(9408K)->9209K(9408K)
[1023.130s][info][gc             ] GC(2651) Pause Young (Allocation Failure) 799M->515M(801M) 1.503ms
[1023.130s][info][gc,cpu         ] GC(2651) User=0.01s Sys=0.00s Real=0.00s
[1023.588s][info][gc,start       ] GC(2652) Pause Young (Allocation Failure)
[1023.589s][info][gc,heap        ] GC(2652) PSYoungGen: 279616K(291840K)->64K(269312K) Eden: 279552K(279552K)->0K(268800K) From: 64K(12288K)->64K(512K)
[1023.589s][info][gc,heap        ] GC(2652) ParOldGen: 528038K(528384K)->528046K(528384K)
[1023.589s][info][gc,metaspace   ] GC(2652) Metaspace: 35545K(36352K)->35545K(36352K) NonClass: 26335K(26944K)->26335K(26944K) Class: 9209K(9408K)->9209K(9408K)
[1023.589s][info][gc             ] GC(2652) Pause Young (Allocation Failure) 788M->515M(779M) 1.835ms
[1023.589s][info][gc,cpu         ] GC(2652) User=0.01s Sys=0.00s Real=0.00s
[1024.557s][info][gc,start       ] GC(2653) Pause Young (Allocation Failure)
[1024.558s][info][gc,heap        ] GC(2653) PSYoungGen: 268864K(269312K)->64K(269312K) Eden: 268800K(268800K)->0K(258560K) From: 64K(512K)->64K(10752K)
[1024.558s][info][gc,heap        ] GC(2653) ParOldGen: 528046K(528384K)->528054K(528384K)
[1024.558s][info][gc,metaspace   ] GC(2653) Metaspace: 35545K(36352K)->35545K(36352K) NonClass: 26335K(26944K)->26335K(26944K) Class: 9209K(9408K)->9209K(9408K)
[1024.558s][info][gc             ] GC(2653) Pause Young (Allocation Failure) 778M->515M(779M) 1.587ms
[1024.558s][info][gc,cpu         ] GC(2653) User=0.00s Sys=0.00s Real=0.00s
[1024.947s][info][gc,start       ] GC(2654) Pause Young (Allocation Failure)
[1024.949s][info][gc,heap        ] GC(2654) PSYoungGen: 258624K(269312K)->64K(249344K) Eden: 258560K(258560K)->0K(248832K) From: 64K(10752K)->64K(512K)
[1024.949s][info][gc,heap        ] GC(2654) ParOldGen: 528054K(528384K)->528062K(528384K)
[1024.949s][info][gc,metaspace   ] GC(2654) Metaspace: 35545K(36352K)->35545K(36352K) NonClass: 26335K(26944K)->26335K(26944K) Class: 9209K(9408K)->9209K(9408K)
[1024.949s][info][gc             ] GC(2654) Pause Young (Allocation Failure) 768M->515M(759M) 1.934ms
[1024.949s][info][gc,cpu         ] GC(2654) User=0.00s Sys=0.00s Real=0.00s
[1025.104s][info][gc,start       ] GC(2655) Pause Young (Allocation Failure)
[1025.105s][info][gc,heap        ] GC(2655) PSYoungGen: 248896K(249344K)->64K(248832K) Eden: 248832K(248832K)->0K(239616K) From: 64K(512K)->64K(9216K)
[1025.105s][info][gc,heap        ] GC(2655) ParOldGen: 528062K(528384K)->528070K(528384K)
[1025.105s][info][gc,metaspace   ] GC(2655) Metaspace: 35545K(36352K)->35545K(36352K) NonClass: 26335K(26944K)->26335K(26944K) Class: 9209K(9408K)->9209K(9408K)
[1025.105s][info][gc             ] GC(2655) Pause Young (Allocation Failure) 758M->515M(759M) 1.451ms
[1025.105s][info][gc,cpu         ] GC(2655) User=0.01s Sys=0.00s Real=0.00s
[1025.310s][info][gc,start       ] GC(2656) Pause Young (Allocation Failure)
[1025.312s][info][gc,heap        ] GC(2656) PSYoungGen: 239680K(248832K)->64K(230912K) Eden: 239616K(239616K)->0K(230400K) From: 64K(9216K)->64K(512K)
[1025.312s][info][gc,heap        ] GC(2656) ParOldGen: 528070K(528384K)->528078K(528384K)
[1025.312s][info][gc,metaspace   ] GC(2656) Metaspace: 35545K(36352K)->35545K(36352K) NonClass: 26335K(26944K)->26335K(26944K) Class: 9209K(9408K)->9209K(9408K)
[1025.312s][info][gc             ] GC(2656) Pause Young (Allocation Failure) 749M->515M(741M) 2.068ms
[1025.312s][info][gc,cpu         ] GC(2656) User=0.00s Sys=0.00s Real=0.00s
[1025.781s][info][gc,start       ] GC(2657) Pause Young (Allocation Failure)
[1025.782s][info][gc,heap        ] GC(2657) PSYoungGen: 230464K(230912K)->64K(229888K) Eden: 230400K(230400K)->0K(221696K) From: 64K(512K)->64K(8192K)
[1025.782s][info][gc,heap        ] GC(2657) ParOldGen: 528078K(528384K)->528086K(528384K)
[1025.782s][info][gc,metaspace   ] GC(2657) Metaspace: 35545K(36352K)->35545K(36352K) NonClass: 26335K(26944K)->26335K(26944K) Class: 9209K(9408K)->9209K(9408K)
[1025.782s][info][gc             ] GC(2657) Pause Young (Allocation Failure) 740M->515M(740M) 1.478ms
[1025.782s][info][gc,cpu         ] GC(2657) User=0.00s Sys=0.00s Real=0.00s
[1026.026s][info][gc,start       ] GC(2658) Pause Young (Allocation Failure)
[1026.028s][info][gc,heap        ] GC(2658) PSYoungGen: 221760K(229888K)->64K(214016K) Eden: 221696K(221696K)->0K(213504K) From: 64K(8192K)->64K(512K)
[1026.028s][info][gc,heap        ] GC(2658) ParOldGen: 528086K(528384K)->528094K(528384K)
[1026.028s][info][gc,metaspace   ] GC(2658) Metaspace: 35545K(36352K)->35545K(36352K) NonClass: 26335K(26944K)->26335K(26944K) Class: 9209K(9408K)->9209K(9408K)
[1026.028s][info][gc             ] GC(2658) Pause Young (Allocation Failure) 732M->515M(725M) 2.343ms
[1026.028s][info][gc,cpu         ] GC(2658) User=0.01s Sys=0.00s Real=0.00s
[1026.367s][info][gc,start       ] GC(2659) Pause Young (Allocation Failure)
[1026.408s][info][gc,heap        ] GC(2659) PSYoungGen: 213568K(214016K)->7168K(262656K) Eden: 213504K(213504K)->0K(255488K) From: 64K(512K)->7168K(7168K)
[1026.408s][info][gc,heap        ] GC(2659) ParOldGen: 528094K(528384K)->540662K(540672K)
[1026.408s][info][gc,metaspace   ] GC(2659) Metaspace: 35545K(36352K)->35545K(36352K) NonClass: 26335K(26944K)->26335K(26944K) Class: 9209K(9408K)->9209K(9408K)
[1026.408s][info][gc             ] GC(2659) Pause Young (Allocation Failure) 724M->534M(784M) 40.963ms
[1026.408s][info][gc,cpu         ] GC(2659) User=0.07s Sys=0.01s Real=0.04s
[1026.774s][info][gc,start       ] GC(2660) Pause Young (Allocation Failure)
[1026.834s][info][gc,heap        ] GC(2660) PSYoungGen: 262656K(262656K)->7168K(260608K) Eden: 255488K(255488K)->0K(253440K) From: 7168K(7168K)->7168K(7168K)
[1026.834s][info][gc,heap        ] GC(2660) ParOldGen: 540662K(540672K)->562830K(563200K)
[1026.834s][info][gc,metaspace   ] GC(2660) Metaspace: 35545K(36352K)->35545K(36352K) NonClass: 26335K(26944K)->26335K(26944K) Class: 9209K(9408K)->9209K(9408K)
[1026.834s][info][gc             ] GC(2660) Pause Young (Allocation Failure) 784M->556M(804M) 60.263ms
[1026.834s][info][gc,cpu         ] GC(2660) User=0.10s Sys=0.02s Real=0.06s
[1027.045s][info][gc,start       ] GC(2661) Pause Young (Allocation Failure)
[1027.074s][info][gc,heap        ] GC(2661) PSYoungGen: 260608K(260608K)->13952K(275968K) Eden: 253440K(253440K)->0K(253440K) From: 7168K(7168K)->13952K(22528K)
[1027.074s][info][gc,heap        ] GC(2661) ParOldGen: 562830K(563200K)->563422K(563712K)
[1027.074s][info][gc,metaspace   ] GC(2661) Metaspace: 35545K(36352K)->35545K(36352K) NonClass: 26335K(26944K)->26335K(26944K) Class: 9209K(9408K)->9209K(9408K)
[1027.074s][info][gc             ] GC(2661) Pause Young (Allocation Failure) 804M->563M(820M) 28.165ms
[1027.074s][info][gc,cpu         ] GC(2661) User=0.05s Sys=0.00s Real=0.03s
[1027.320s][info][gc,start       ] GC(2662) Pause Young (Allocation Failure)
[1027.321s][info][gc,heap        ] GC(2662) PSYoungGen: 267392K(275968K)->64K(310272K) Eden: 253440K(253440K)->0K(286720K) From: 13952K(22528K)->64K(23552K)
[1027.321s][info][gc,heap        ] GC(2662) ParOldGen: 563422K(563712K)->563430K(563712K)
[1027.321s][info][gc,metaspace   ] GC(2662) Metaspace: 35545K(36352K)->35545K(36352K) NonClass: 26335K(26944K)->26335K(26944K) Class: 9209K(9408K)->9209K(9408K)
[1027.321s][info][gc             ] GC(2662) Pause Young (Allocation Failure) 811M->550M(853M) 1.697ms
[1027.321s][info][gc,cpu         ] GC(2662) User=0.01s Sys=0.00s Real=0.00s
[1027.970s][info][gc,start       ] GC(2663) Pause Young (Allocation Failure)
[1027.972s][info][gc,heap        ] GC(2663) PSYoungGen: 286784K(310272K)->64K(309760K) Eden: 286720K(286720K)->0K(286720K) From: 64K(23552K)->64K(23040K)
[1027.972s][info][gc,heap        ] GC(2663) ParOldGen: 563430K(563712K)->563438K(563712K)
[1027.972s][info][gc,metaspace   ] GC(2663) Metaspace: 35545K(36352K)->35545K(36352K) NonClass: 26335K(26944K)->26335K(26944K) Class: 9209K(9408K)->9209K(9408K)
[1027.972s][info][gc             ] GC(2663) Pause Young (Allocation Failure) 830M->550M(853M) 1.658ms
[1027.972s][info][gc,cpu         ] GC(2663) User=0.00s Sys=0.00s Real=0.00s
[1028.433s][info][gc,start       ] GC(2664) Pause Young (Allocation Failure)
[1028.434s][info][gc,heap        ] GC(2664) PSYoungGen: 286784K(309760K)->64K(309760K) Eden: 286720K(286720K)->0K(288256K) From: 64K(23040K)->64K(21504K)
[1028.434s][info][gc,heap        ] GC(2664) ParOldGen: 563438K(563712K)->563454K(563712K)
[1028.434s][info][gc,metaspace   ] GC(2664) Metaspace: 35545K(36352K)->35545K(36352K) NonClass: 26335K(26944K)->26335K(26944K) Class: 9209K(9408K)->9209K(9408K)
[1028.434s][info][gc             ] GC(2664) Pause Young (Allocation Failure) 830M->550M(853M) 1.655ms
[1028.434s][info][gc,cpu         ] GC(2664) User=0.00s Sys=0.00s Real=0.01s
[1028.683s][info][gc,start       ] GC(2665) Pause Young (Allocation Failure)
[1028.685s][info][gc,heap        ] GC(2665) PSYoungGen: 288320K(309760K)->64K(309760K) Eden: 288256K(288256K)->0K(288256K) From: 64K(21504K)->64K(21504K)
[1028.685s][info][gc,heap        ] GC(2665) ParOldGen: 563454K(563712K)->563470K(563712K)
[1028.685s][info][gc,metaspace   ] GC(2665) Metaspace: 35545K(36352K)->35545K(36352K) NonClass: 26335K(26944K)->26335K(26944K) Class: 9209K(9408K)->9209K(9408K)
[1028.685s][info][gc             ] GC(2665) Pause Young (Allocation Failure) 831M->550M(853M) 1.748ms
[1028.685s][info][gc,cpu         ] GC(2665) User=0.00s Sys=0.00s Real=0.00s
[1028.926s][info][gc,start       ] GC(2666) Pause Young (Allocation Failure)
[1028.928s][info][gc,heap        ] GC(2666) PSYoungGen: 288320K(309760K)->64K(311296K) Eden: 288256K(288256K)->0K(291840K) From: 64K(21504K)->64K(19456K)
[1028.928s][info][gc,heap        ] GC(2666) ParOldGen: 563470K(563712K)->563470K(563712K)
[1028.928s][info][gc,metaspace   ] GC(2666) Metaspace: 35545K(36352K)->35545K(36352K) NonClass: 26335K(26944K)->26335K(26944K) Class: 9209K(9408K)->9209K(9408K)
[1028.928s][info][gc             ] GC(2666) Pause Young (Allocation Failure) 831M->550M(854M) 1.630ms
[1028.928s][info][gc,cpu         ] GC(2666) User=0.01s Sys=0.00s Real=0.00s
[1029.274s][info][gc,start       ] GC(2667) Pause Young (Allocation Failure)
[1029.275s][info][gc,heap        ] GC(2667) PSYoungGen: 291904K(311296K)->64K(311296K) Eden: 291840K(291840K)->0K(291840K) From: 64K(19456K)->64K(19456K)
[1029.275s][info][gc,heap        ] GC(2667) ParOldGen: 563470K(563712K)->563470K(563712K)
[1029.275s][info][gc,metaspace   ] GC(2667) Metaspace: 35545K(36352K)->35545K(36352K) NonClass: 26335K(26944K)->26335K(26944K) Class: 9209K(9408K)->9209K(9408K)
[1029.275s][info][gc             ] GC(2667) Pause Young (Allocation Failure) 835M->550M(854M) 1.766ms
[1029.275s][info][gc,cpu         ] GC(2667) User=0.00s Sys=0.00s Real=0.00s
[1029.326s][info][gc,start       ] GC(2668) Pause Young (Allocation Failure)
[1029.328s][info][gc,heap        ] GC(2668) PSYoungGen: 291904K(311296K)->64K(313856K) Eden: 291840K(291840K)->0K(295424K) From: 64K(19456K)->64K(18432K)
[1029.328s][info][gc,heap        ] GC(2668) ParOldGen: 563470K(563712K)->563486K(563712K)
[1029.328s][info][gc,metaspace   ] GC(2668) Metaspace: 35545K(36352K)->35545K(36352K) NonClass: 26335K(26944K)->26335K(26944K) Class: 9209K(9408K)->9209K(9408K)
[1029.328s][info][gc             ] GC(2668) Pause Young (Allocation Failure) 835M->550M(857M) 1.532ms
[1029.328s][info][gc,cpu         ] GC(2668) User=0.00s Sys=0.00s Real=0.00s
[1029.383s][info][gc,start       ] GC(2669) Pause Young (Allocation Failure)
[1029.385s][info][gc,heap        ] GC(2669) PSYoungGen: 295488K(313856K)->64K(313344K) Eden: 295424K(295424K)->0K(295424K) From: 64K(18432K)->64K(17920K)
[1029.385s][info][gc,heap        ] GC(2669) ParOldGen: 563486K(563712K)->563486K(563712K)
[1029.385s][info][gc,metaspace   ] GC(2669) Metaspace: 35545K(36352K)->35545K(36352K) NonClass: 26335K(26944K)->26335K(26944K) Class: 9209K(9408K)->9209K(9408K)
[1029.385s][info][gc             ] GC(2669) Pause Young (Allocation Failure) 838M->550M(856M) 1.588ms
[1029.385s][info][gc,cpu         ] GC(2669) User=0.00s Sys=0.00s Real=0.01s
[1029.696s][info][gc,start       ] GC(2670) Pause Young (Allocation Failure)
[1029.697s][info][gc,heap        ] GC(2670) PSYoungGen: 295488K(313344K)->64K(314880K) Eden: 295424K(295424K)->0K(298496K) From: 64K(17920K)->64K(16384K)
[1029.697s][info][gc,heap        ] GC(2670) ParOldGen: 563486K(563712K)->563502K(563712K)
[1029.697s][info][gc,metaspace   ] GC(2670) Metaspace: 35545K(36352K)->35545K(36352K) NonClass: 26335K(26944K)->26335K(26944K) Class: 9209K(9408K)->9209K(9408K)
[1029.697s][info][gc             ] GC(2670) Pause Young (Allocation Failure) 838M->550M(858M) 1.628ms
[1029.697s][info][gc,cpu         ] GC(2670) User=0.00s Sys=0.00s Real=0.00s
[1029.946s][info][gc,start       ] GC(2671) Pause Young (Allocation Failure)
[1029.948s][info][gc,heap        ] GC(2671) PSYoungGen: 298560K(314880K)->64K(314368K) Eden: 298496K(298496K)->0K(298496K) From: 64K(16384K)->64K(15872K)
[1029.948s][info][gc,heap        ] GC(2671) ParOldGen: 563502K(563712K)->563502K(563712K)
[1029.948s][info][gc,metaspace   ] GC(2671) Metaspace: 35545K(36352K)->35545K(36352K) NonClass: 26335K(26944K)->26335K(26944K) Class: 9209K(9408K)->9209K(9408K)
[1029.948s][info][gc             ] GC(2671) Pause Young (Allocation Failure) 841M->550M(857M) 1.549ms
[1029.948s][info][gc,cpu         ] GC(2671) User=0.00s Sys=0.00s Real=0.00s
[1030.027s][info][gc,start       ] GC(2672) Pause Young (Allocation Failure)
[1030.029s][info][gc,heap        ] GC(2672) PSYoungGen: 298560K(314368K)->64K(316928K) Eden: 298496K(298496K)->0K(302592K) From: 64K(15872K)->64K(14336K)
[1030.029s][info][gc,heap        ] GC(2672) ParOldGen: 563502K(563712K)->563510K(563712K)
[1030.029s][info][gc,metaspace   ] GC(2672) Metaspace: 35545K(36352K)->35545K(36352K) NonClass: 26335K(26944K)->26335K(26944K) Class: 9209K(9408K)->9209K(9408K)
[1030.029s][info][gc             ] GC(2672) Pause Young (Allocation Failure) 841M->550M(860M) 1.547ms
[1030.029s][info][gc,cpu         ] GC(2672) User=0.00s Sys=0.00s Real=0.00s
[1030.183s][info][gc,start       ] GC(2673) Pause Young (Allocation Failure)
[1030.184s][info][gc,heap        ] GC(2673) PSYoungGen: 302656K(316928K)->64K(316416K) Eden: 302592K(302592K)->0K(302592K) From: 64K(14336K)->64K(13824K)
[1030.184s][info][gc,heap        ] GC(2673) ParOldGen: 563510K(563712K)->563518K(563712K)
[1030.184s][info][gc,metaspace   ] GC(2673) Metaspace: 35545K(36352K)->35545K(36352K) NonClass: 26335K(26944K)->26335K(26944K) Class: 9209K(9408K)->9209K(9408K)
[1030.184s][info][gc             ] GC(2673) Pause Young (Allocation Failure) 845M->550M(859M) 1.575ms
[1030.184s][info][gc,cpu         ] GC(2673) User=0.01s Sys=0.00s Real=0.01s
[1030.614s][info][gc,start       ] GC(2674) Pause Young (Allocation Failure)
[1030.616s][info][gc,heap        ] GC(2674) PSYoungGen: 302656K(316416K)->64K(318976K) Eden: 302592K(302592K)->0K(306688K) From: 64K(13824K)->64K(12288K)
[1030.616s][info][gc,heap        ] GC(2674) ParOldGen: 563518K(563712K)->563526K(563712K)
[1030.616s][info][gc,metaspace   ] GC(2674) Metaspace: 35545K(36352K)->35545K(36352K) NonClass: 26335K(26944K)->26335K(26944K) Class: 9209K(9408K)->9209K(9408K)
[1030.616s][info][gc             ] GC(2674) Pause Young (Allocation Failure) 845M->550M(862M) 1.913ms
[1030.616s][info][gc,cpu         ] GC(2674) User=0.01s Sys=0.00s Real=0.00s
[1031.992s][info][gc,start       ] GC(2675) Pause Young (Allocation Failure)
[1031.994s][info][gc,heap        ] GC(2675) PSYoungGen: 306752K(318976K)->64K(294912K) Eden: 306688K(306688K)->0K(294400K) From: 64K(12288K)->64K(512K)
[1031.994s][info][gc,heap        ] GC(2675) ParOldGen: 563526K(563712K)->563534K(563712K)
[1031.994s][info][gc,metaspace   ] GC(2675) Metaspace: 35545K(36352K)->35545K(36352K) NonClass: 26335K(26944K)->26335K(26944K) Class: 9209K(9408K)->9209K(9408K)
[1031.994s][info][gc             ] GC(2675) Pause Young (Allocation Failure) 849M->550M(838M) 1.808ms
[1031.994s][info][gc,cpu         ] GC(2675) User=0.00s Sys=0.00s Real=0.01s
[1032.282s][info][gc,start       ] GC(2676) Pause Young (Allocation Failure)
[1032.284s][info][gc,heap        ] GC(2676) PSYoungGen: 294464K(294912K)->64K(283136K) Eden: 294400K(294400K)->0K(282624K) From: 64K(512K)->64K(512K)
[1032.284s][info][gc,heap        ] GC(2676) ParOldGen: 563534K(563712K)->563542K(563712K)
[1032.284s][info][gc,metaspace   ] GC(2676) Metaspace: 35545K(36352K)->35545K(36352K) NonClass: 26335K(26944K)->26335K(26944K) Class: 9209K(9408K)->9209K(9408K)
[1032.284s][info][gc             ] GC(2676) Pause Young (Allocation Failure) 837M->550M(827M) 1.790ms
[1032.284s][info][gc,cpu         ] GC(2676) User=0.00s Sys=0.00s Real=0.01s
[1032.814s][info][gc,start       ] GC(2677) Pause Young (Allocation Failure)
[1032.816s][info][gc,heap        ] GC(2677) PSYoungGen: 282688K(283136K)->64K(282112K) Eden: 282624K(282624K)->0K(271360K) From: 64K(512K)->64K(10752K)
[1032.816s][info][gc,heap        ] GC(2677) ParOldGen: 563542K(563712K)->563550K(563712K)
[1032.816s][info][gc,metaspace   ] GC(2677) Metaspace: 35545K(36352K)->35545K(36352K) NonClass: 26335K(26944K)->26335K(26944K) Class: 9209K(9408K)->9209K(9408K)
[1032.816s][info][gc             ] GC(2677) Pause Young (Allocation Failure) 826M->550M(826M) 1.553ms
[1032.816s][info][gc,cpu         ] GC(2677) User=0.00s Sys=0.00s Real=0.00s
[1033.685s][info][gc,start       ] GC(2678) Pause Young (Allocation Failure)
[1033.687s][info][gc,heap        ] GC(2678) PSYoungGen: 271424K(282112K)->64K(261120K) Eden: 271360K(271360K)->0K(260608K) From: 64K(10752K)->64K(512K)
[1033.687s][info][gc,heap        ] GC(2678) ParOldGen: 563550K(563712K)->563558K(563712K)
[1033.687s][info][gc,metaspace   ] GC(2678) Metaspace: 35545K(36352K)->35545K(36352K) NonClass: 26335K(26944K)->26335K(26944K) Class: 9209K(9408K)->9209K(9408K)
[1033.687s][info][gc             ] GC(2678) Pause Young (Allocation Failure) 815M->550M(805M) 2.197ms
[1033.687s][info][gc,cpu         ] GC(2678) User=0.01s Sys=0.00s Real=0.00s
[1034.054s][info][gc,start       ] GC(2679) Pause Young (Allocation Failure)
[1034.056s][info][gc,heap        ] GC(2679) PSYoungGen: 260672K(261120K)->64K(259584K) Eden: 260608K(260608K)->0K(250368K) From: 64K(512K)->64K(9216K)
[1034.056s][info][gc,heap        ] GC(2679) ParOldGen: 563558K(563712K)->563566K(563712K)
[1034.056s][info][gc,metaspace   ] GC(2679) Metaspace: 35545K(36352K)->35545K(36352K) NonClass: 26335K(26944K)->26335K(26944K) Class: 9209K(9408K)->9209K(9408K)
[1034.056s][info][gc             ] GC(2679) Pause Young (Allocation Failure) 804M->550M(804M) 2.307ms
[1034.056s][info][gc,cpu         ] GC(2679) User=0.00s Sys=0.01s Real=0.00s
[1034.136s][info][gc,start       ] GC(2680) Pause Young (Allocation Failure)
[1034.139s][info][gc,heap        ] GC(2680) PSYoungGen: 250432K(259584K)->64K(290304K) Eden: 250368K(250368K)->0K(281600K) From: 64K(9216K)->64K(8704K)
[1034.139s][info][gc,heap        ] GC(2680) ParOldGen: 563566K(563712K)->563574K(563712K)
[1034.139s][info][gc,metaspace   ] GC(2680) Metaspace: 35545K(36352K)->35545K(36352K) NonClass: 26335K(26944K)->26335K(26944K) Class: 9209K(9408K)->9209K(9408K)
[1034.139s][info][gc             ] GC(2680) Pause Young (Allocation Failure) 794M->550M(834M) 2.794ms
[1034.139s][info][gc,cpu         ] GC(2680) User=0.00s Sys=0.00s Real=0.00s
[1034.747s][info][gc,start       ] GC(2681) Pause Young (Allocation Failure)
[1034.750s][info][gc,heap        ] GC(2681) PSYoungGen: 281664K(290304K)->64K(289792K) Eden: 281600K(281600K)->0K(281600K) From: 64K(8704K)->64K(8192K)
[1034.750s][info][gc,heap        ] GC(2681) ParOldGen: 563574K(563712K)->563582K(563712K)
[1034.750s][info][gc,metaspace   ] GC(2681) Metaspace: 35545K(36352K)->35545K(36352K) NonClass: 26335K(26944K)->26335K(26944K) Class: 9209K(9408K)->9209K(9408K)
[1034.750s][info][gc             ] GC(2681) Pause Young (Allocation Failure) 825M->550M(833M) 3.121ms
[1034.750s][info][gc,cpu         ] GC(2681) User=0.00s Sys=0.00s Real=0.00s
[1035.042s][info][gc,start       ] GC(2682) Pause Young (Allocation Failure)
[1035.044s][info][gc,heap        ] GC(2682) PSYoungGen: 281664K(289792K)->64K(325120K) Eden: 281600K(281600K)->0K(317440K) From: 64K(8192K)->64K(7680K)
[1035.045s][info][gc,heap        ] GC(2682) ParOldGen: 563582K(563712K)->563590K(563712K)
[1035.045s][info][gc,metaspace   ] GC(2682) Metaspace: 35545K(36352K)->35545K(36352K) NonClass: 26335K(26944K)->26335K(26944K) Class: 9209K(9408K)->9209K(9408K)
[1035.045s][info][gc             ] GC(2682) Pause Young (Allocation Failure) 825M->550M(868M) 2.871ms
[1035.045s][info][gc,cpu         ] GC(2682) User=0.01s Sys=0.00s Real=0.01s
[1035.544s][info][gc,start       ] GC(2683) Pause Young (Allocation Failure)
[1035.615s][info][gc,heap        ] GC(2683) PSYoungGen: 317504K(325120K)->7168K(324608K) Eden: 317440K(317440K)->0K(317440K) From: 64K(7680K)->7168K(7168K)
[1035.615s][info][gc,heap        ] GC(2683) ParOldGen: 563590K(563712K)->589758K(589824K)
[1035.615s][info][gc,metaspace   ] GC(2683) Metaspace: 35545K(36352K)->35545K(36352K) NonClass: 26335K(26944K)->26335K(26944K) Class: 9209K(9408K)->9209K(9408K)
[1035.615s][info][gc             ] GC(2683) Pause Young (Allocation Failure) 860M->582M(893M) 70.640ms
[1035.615s][info][gc,cpu         ] GC(2683) User=0.12s Sys=0.03s Real=0.07s
[1036.000s][info][gc,start       ] GC(2684) Pause Young (Allocation Failure)
[1036.069s][info][gc,heap        ] GC(2684) PSYoungGen: 324608K(324608K)->9216K(289792K) Eden: 317440K(317440K)->0K(280576K) From: 7168K(7168K)->9216K(9216K)
[1036.069s][info][gc,heap        ] GC(2684) ParOldGen: 589758K(589824K)->610574K(610816K)
[1036.069s][info][gc,metaspace   ] GC(2684) Metaspace: 35545K(36352K)->35545K(36352K) NonClass: 26335K(26944K)->26335K(26944K) Class: 9209K(9408K)->9209K(9408K)
[1036.069s][info][gc             ] GC(2684) Pause Young (Allocation Failure) 892M->605M(879M) 68.886ms
[1036.069s][info][gc,cpu         ] GC(2684) User=0.11s Sys=0.02s Real=0.07s
[1036.227s][info][gc,start       ] GC(2685) Pause Young (Allocation Failure)
[1036.234s][info][gc,heap        ] GC(2685) PSYoungGen: 289792K(289792K)->64K(307200K) Eden: 280576K(280576K)->0K(280576K) From: 9216K(9216K)->64K(26624K)
[1036.234s][info][gc,heap        ] GC(2685) ParOldGen: 610574K(610816K)->611126K(611328K)
[1036.234s][info][gc,metaspace   ] GC(2685) Metaspace: 35545K(36352K)->35545K(36352K) NonClass: 26335K(26944K)->26335K(26944K) Class: 9209K(9408K)->9209K(9408K)
[1036.234s][info][gc             ] GC(2685) Pause Young (Allocation Failure) 879M->596M(897M) 7.452ms
[1036.234s][info][gc,cpu         ] GC(2685) User=0.02s Sys=0.00s Real=0.01s
[1036.907s][info][gc,start       ] GC(2686) Pause Young (Allocation Failure)
[1036.909s][info][gc,heap        ] GC(2686) PSYoungGen: 280640K(307200K)->64K(304640K) Eden: 280576K(280576K)->0K(281088K) From: 64K(26624K)->64K(23552K)
[1036.909s][info][gc,heap        ] GC(2686) ParOldGen: 611126K(611328K)->611142K(611328K)
[1036.909s][info][gc,metaspace   ] GC(2686) Metaspace: 35545K(36352K)->35545K(36352K) NonClass: 26335K(26944K)->26335K(26944K) Class: 9209K(9408K)->9209K(9408K)
[1036.909s][info][gc             ] GC(2686) Pause Young (Allocation Failure) 870M->596M(894M) 2.060ms
[1036.909s][info][gc,cpu         ] GC(2686) User=0.00s Sys=0.00s Real=0.00s
[1037.402s][info][gc,start       ] GC(2687) Pause Young (Allocation Failure)
[1037.404s][info][gc,heap        ] GC(2687) PSYoungGen: 281152K(304640K)->64K(306176K) Eden: 281088K(281088K)->0K(281088K) From: 64K(23552K)->64K(25088K)
[1037.404s][info][gc,heap        ] GC(2687) ParOldGen: 611142K(611328K)->611142K(611328K)
[1037.404s][info][gc,metaspace   ] GC(2687) Metaspace: 35545K(36352K)->35545K(36352K) NonClass: 26335K(26944K)->26335K(26944K) Class: 9209K(9408K)->9209K(9408K)
[1037.404s][info][gc             ] GC(2687) Pause Young (Allocation Failure) 871M->596M(896M) 1.848ms
[1037.404s][info][gc,cpu         ] GC(2687) User=0.00s Sys=0.00s Real=0.01s
[1037.636s][info][gc,start       ] GC(2688) Pause Young (Allocation Failure)
[1037.637s][info][gc,heap        ] GC(2688) PSYoungGen: 281152K(306176K)->64K(306176K) Eden: 281088K(281088K)->0K(284672K) From: 64K(25088K)->64K(21504K)
[1037.637s][info][gc,heap        ] GC(2688) ParOldGen: 611142K(611328K)->611158K(611328K)
[1037.637s][info][gc,metaspace   ] GC(2688) Metaspace: 35545K(36352K)->35545K(36352K) NonClass: 26335K(26944K)->26335K(26944K) Class: 9209K(9408K)->9209K(9408K)
[1037.637s][info][gc             ] GC(2688) Pause Young (Allocation Failure) 871M->596M(896M) 1.837ms
[1037.638s][info][gc,cpu         ] GC(2688) User=0.00s Sys=0.00s Real=0.00s
[1037.872s][info][gc,start       ] GC(2689) Pause Young (Allocation Failure)
[1037.874s][info][gc,heap        ] GC(2689) PSYoungGen: 284736K(306176K)->64K(307712K) Eden: 284672K(284672K)->0K(284672K) From: 64K(21504K)->64K(23040K)
[1037.874s][info][gc,heap        ] GC(2689) ParOldGen: 611158K(611328K)->611158K(611328K)
[1037.874s][info][gc,metaspace   ] GC(2689) Metaspace: 35545K(36352K)->35545K(36352K) NonClass: 26335K(26944K)->26335K(26944K) Class: 9209K(9408K)->9209K(9408K)
[1037.874s][info][gc             ] GC(2689) Pause Young (Allocation Failure) 874M->596M(897M) 1.748ms
[1037.874s][info][gc,cpu         ] GC(2689) User=0.00s Sys=0.00s Real=0.01s
[1038.238s][info][gc,start       ] GC(2690) Pause Young (Allocation Failure)
[1038.240s][info][gc,heap        ] GC(2690) PSYoungGen: 284736K(307712K)->64K(308736K) Eden: 284672K(284672K)->0K(289280K) From: 64K(23040K)->64K(19456K)
[1038.240s][info][gc,heap        ] GC(2690) ParOldGen: 611158K(611328K)->611158K(611328K)
[1038.240s][info][gc,metaspace   ] GC(2690) Metaspace: 35545K(36352K)->35545K(36352K) NonClass: 26335K(26944K)->26335K(26944K) Class: 9209K(9408K)->9209K(9408K)
[1038.240s][info][gc             ] GC(2690) Pause Young (Allocation Failure) 874M->596M(898M) 1.674ms
[1038.240s][info][gc,cpu         ] GC(2690) User=0.01s Sys=0.00s Real=0.00s
[1038.297s][info][gc,start       ] GC(2691) Pause Young (Allocation Failure)
[1038.299s][info][gc,heap        ] GC(2691) PSYoungGen: 289344K(308736K)->64K(309760K) Eden: 289280K(289280K)->0K(289280K) From: 64K(19456K)->64K(20480K)
[1038.299s][info][gc,heap        ] GC(2691) ParOldGen: 611158K(611328K)->611166K(611328K)
[1038.299s][info][gc,metaspace   ] GC(2691) Metaspace: 35545K(36352K)->35545K(36352K) NonClass: 26335K(26944K)->26335K(26944K) Class: 9209K(9408K)->9209K(9408K)
[1038.299s][info][gc             ] GC(2691) Pause Young (Allocation Failure) 879M->596M(899M) 1.561ms
[1038.299s][info][gc,cpu         ] GC(2691) User=0.01s Sys=0.00s Real=0.00s
[1038.348s][info][gc,start       ] GC(2692) Pause Young (Allocation Failure)
[1038.350s][info][gc,heap        ] GC(2692) PSYoungGen: 289344K(309760K)->64K(311296K) Eden: 289280K(289280K)->0K(293888K) From: 64K(20480K)->64K(17408K)
[1038.350s][info][gc,heap        ] GC(2692) ParOldGen: 611166K(611328K)->611182K(611328K)
[1038.350s][info][gc,metaspace   ] GC(2692) Metaspace: 35545K(36352K)->35545K(36352K) NonClass: 26335K(26944K)->26335K(26944K) Class: 9209K(9408K)->9209K(9408K)
[1038.350s][info][gc             ] GC(2692) Pause Young (Allocation Failure) 879M->596M(901M) 1.543ms
[1038.350s][info][gc,cpu         ] GC(2692) User=0.01s Sys=0.00s Real=0.00s
[1038.586s][info][gc,start       ] GC(2693) Pause Young (Allocation Failure)
[1038.588s][info][gc,heap        ] GC(2693) PSYoungGen: 293952K(311296K)->64K(312320K) Eden: 293888K(293888K)->0K(293888K) From: 64K(17408K)->64K(18432K)
[1038.588s][info][gc,heap        ] GC(2693) ParOldGen: 611182K(611328K)->611182K(611328K)
[1038.588s][info][gc,metaspace   ] GC(2693) Metaspace: 35545K(36352K)->35545K(36352K) NonClass: 26335K(26944K)->26335K(26944K) Class: 9209K(9408K)->9209K(9408K)
[1038.588s][info][gc             ] GC(2693) Pause Young (Allocation Failure) 883M->596M(902M) 1.585ms
[1038.588s][info][gc,cpu         ] GC(2693) User=0.00s Sys=0.00s Real=0.00s
[1038.859s][info][gc,start       ] GC(2694) Pause Young (Allocation Failure)
[1038.860s][info][gc,heap        ] GC(2694) PSYoungGen: 293952K(312320K)->64K(313344K) Eden: 293888K(293888K)->0K(297984K) From: 64K(18432K)->64K(15360K)
[1038.860s][info][gc,heap        ] GC(2694) ParOldGen: 611182K(611328K)->611190K(611328K)
[1038.860s][info][gc,metaspace   ] GC(2694) Metaspace: 35545K(36352K)->35545K(36352K) NonClass: 26335K(26944K)->26335K(26944K) Class: 9209K(9408K)->9209K(9408K)
[1038.860s][info][gc             ] GC(2694) Pause Young (Allocation Failure) 883M->596M(903M) 1.627ms
[1038.860s][info][gc,cpu         ] GC(2694) User=0.01s Sys=0.00s Real=0.00s
[1038.980s][info][gc,start       ] GC(2695) Pause Young (Allocation Failure)
[1038.981s][info][gc,heap        ] GC(2695) PSYoungGen: 298048K(313344K)->64K(314368K) Eden: 297984K(297984K)->0K(297984K) From: 64K(15360K)->64K(16384K)
[1038.982s][info][gc,heap        ] GC(2695) ParOldGen: 611190K(611328K)->611198K(611328K)
[1038.982s][info][gc,metaspace   ] GC(2695) Metaspace: 35545K(36352K)->35545K(36352K) NonClass: 26335K(26944K)->26335K(26944K) Class: 9209K(9408K)->9209K(9408K)
[1038.982s][info][gc             ] GC(2695) Pause Young (Allocation Failure) 887M->596M(904M) 1.640ms
[1038.982s][info][gc,cpu         ] GC(2695) User=0.00s Sys=0.00s Real=0.00s
[1039.096s][info][gc,start       ] GC(2696) Pause Young (Allocation Failure)
[1039.098s][info][gc,heap        ] GC(2696) PSYoungGen: 298048K(314368K)->64K(315392K) Eden: 297984K(297984K)->0K(302080K) From: 64K(16384K)->64K(13312K)
[1039.098s][info][gc,heap        ] GC(2696) ParOldGen: 611198K(611328K)->611206K(611328K)
[1039.098s][info][gc,metaspace   ] GC(2696) Metaspace: 35545K(36352K)->35545K(36352K) NonClass: 26335K(26944K)->26335K(26944K) Class: 9209K(9408K)->9209K(9408K)
[1039.098s][info][gc             ] GC(2696) Pause Young (Allocation Failure) 887M->596M(905M) 1.717ms
[1039.098s][info][gc,cpu         ] GC(2696) User=0.00s Sys=0.00s Real=0.00s
[1039.465s][info][gc,start       ] GC(2697) Pause Young (Allocation Failure)
[1039.466s][info][gc,heap        ] GC(2697) PSYoungGen: 302144K(315392K)->64K(316416K) Eden: 302080K(302080K)->0K(302080K) From: 64K(13312K)->64K(14336K)
[1039.466s][info][gc,heap        ] GC(2697) ParOldGen: 611206K(611328K)->611214K(611328K)
[1039.466s][info][gc,metaspace   ] GC(2697) Metaspace: 35545K(36352K)->35545K(36352K) NonClass: 26335K(26944K)->26335K(26944K) Class: 9209K(9408K)->9209K(9408K)
[1039.466s][info][gc             ] GC(2697) Pause Young (Allocation Failure) 891M->596M(906M) 1.739ms
[1039.466s][info][gc,cpu         ] GC(2697) User=0.00s Sys=0.00s Real=0.00s
[1040.156s][info][gc,start       ] GC(2698) Pause Young (Allocation Failure)
[1040.157s][info][gc,heap        ] GC(2698) PSYoungGen: 302144K(316416K)->83K(318464K) Eden: 302080K(302080K)->0K(306176K) From: 64K(14336K)->83K(12288K)
[1040.157s][info][gc,heap        ] GC(2698) ParOldGen: 611214K(611328K)->611222K(611328K)
[1040.157s][info][gc,metaspace   ] GC(2698) Metaspace: 35545K(36352K)->35545K(36352K) NonClass: 26335K(26944K)->26335K(26944K) Class: 9209K(9408K)->9209K(9408K)
[1040.157s][info][gc             ] GC(2698) Pause Young (Allocation Failure) 891M->596M(908M) 1.820ms
[1040.157s][info][gc,cpu         ] GC(2698) User=0.00s Sys=0.00s Real=0.00s
[1041.078s][info][gc,start       ] GC(2699) Pause Young (Allocation Failure)
[1041.081s][info][gc,heap        ] GC(2699) PSYoungGen: 306259K(318464K)->64K(294400K) Eden: 306176K(306176K)->0K(293888K) From: 83K(12288K)->64K(512K)
[1041.081s][info][gc,heap        ] GC(2699) ParOldGen: 611222K(611328K)->611230K(611328K)
[1041.081s][info][gc,metaspace   ] GC(2699) Metaspace: 35545K(36352K)->35545K(36352K) NonClass: 26335K(26944K)->26335K(26944K) Class: 9209K(9408K)->9209K(9408K)
[1041.081s][info][gc             ] GC(2699) Pause Young (Allocation Failure) 895M->596M(884M) 2.589ms
[1041.081s][info][gc,cpu         ] GC(2699) User=0.00s Sys=0.00s Real=0.00s
[1041.567s][info][gc,start       ] GC(2700) Pause Young (Allocation Failure)
[1041.570s][info][gc,heap        ] GC(2700) PSYoungGen: 293952K(294400K)->64K(282624K) Eden: 293888K(293888K)->0K(282112K) From: 64K(512K)->64K(512K)
[1041.570s][info][gc,heap        ] GC(2700) ParOldGen: 611230K(611328K)->611238K(611328K)
[1041.570s][info][gc,metaspace   ] GC(2700) Metaspace: 35545K(36352K)->35545K(36352K) NonClass: 26335K(26944K)->26335K(26944K) Class: 9209K(9408K)->9209K(9408K)
[1041.570s][info][gc             ] GC(2700) Pause Young (Allocation Failure) 883M->596M(873M) 2.520ms
[1041.570s][info][gc,cpu         ] GC(2700) User=0.01s Sys=0.00s Real=0.00s
[1042.573s][info][gc,start       ] GC(2701) Pause Young (Allocation Failure)
[1042.574s][info][gc,heap        ] GC(2701) PSYoungGen: 282176K(282624K)->64K(282112K) Eden: 282112K(282112K)->0K(270848K) From: 64K(512K)->64K(11264K)
[1042.574s][info][gc,heap        ] GC(2701) ParOldGen: 611238K(611328K)->611246K(611328K)
[1042.574s][info][gc,metaspace   ] GC(2701) Metaspace: 35545K(36352K)->35545K(36352K) NonClass: 26335K(26944K)->26335K(26944K) Class: 9209K(9408K)->9209K(9408K)
[1042.574s][info][gc             ] GC(2701) Pause Young (Allocation Failure) 872M->596M(872M) 1.740ms
[1042.574s][info][gc,cpu         ] GC(2701) User=0.00s Sys=0.00s Real=0.01s
[1042.938s][info][gc,start       ] GC(2702) Pause Young (Allocation Failure)
[1042.940s][info][gc,heap        ] GC(2702) PSYoungGen: 270912K(282112K)->64K(260608K) Eden: 270848K(270848K)->0K(260096K) From: 64K(11264K)->64K(512K)
[1042.940s][info][gc,heap        ] GC(2702) ParOldGen: 611246K(611328K)->611254K(611328K)
[1042.940s][info][gc,metaspace   ] GC(2702) Metaspace: 35545K(36352K)->35545K(36352K) NonClass: 26335K(26944K)->26335K(26944K) Class: 9209K(9408K)->9209K(9408K)
[1042.940s][info][gc             ] GC(2702) Pause Young (Allocation Failure) 861M->596M(851M) 2.523ms
[1042.940s][info][gc,cpu         ] GC(2702) User=0.00s Sys=0.00s Real=0.00s
[1043.039s][info][gc,start       ] GC(2703) Pause Young (Allocation Failure)
[1043.040s][info][gc,heap        ] GC(2703) PSYoungGen: 260160K(260608K)->64K(259584K) Eden: 260096K(260096K)->0K(249856K) From: 64K(512K)->64K(9728K)
[1043.040s][info][gc,heap        ] GC(2703) ParOldGen: 611254K(611328K)->611262K(611328K)
[1043.040s][info][gc,metaspace   ] GC(2703) Metaspace: 35545K(36352K)->35545K(36352K) NonClass: 26335K(26944K)->26335K(26944K) Class: 9209K(9408K)->9209K(9408K)
[1043.041s][info][gc             ] GC(2703) Pause Young (Allocation Failure) 850M->596M(850M) 1.600ms
[1043.041s][info][gc,cpu         ] GC(2703) User=0.00s Sys=0.00s Real=0.00s
[1043.504s][info][gc,start       ] GC(2704) Pause Young (Allocation Failure)
[1043.507s][info][gc,heap        ] GC(2704) PSYoungGen: 249920K(259584K)->64K(240640K) Eden: 249856K(249856K)->0K(240128K) From: 64K(9728K)->64K(512K)
[1043.507s][info][gc,heap        ] GC(2704) ParOldGen: 611262K(611328K)->611270K(611328K)
[1043.507s][info][gc,metaspace   ] GC(2704) Metaspace: 35545K(36352K)->35545K(36352K) NonClass: 26335K(26944K)->26335K(26944K) Class: 9209K(9408K)->9209K(9408K)
[1043.507s][info][gc             ] GC(2704) Pause Young (Allocation Failure) 840M->597M(832M) 2.404ms
[1043.507s][info][gc,cpu         ] GC(2704) User=0.01s Sys=0.00s Real=0.00s
[1043.779s][info][gc,start       ] GC(2705) Pause Young (Allocation Failure)
[1043.781s][info][gc,heap        ] GC(2705) PSYoungGen: 240192K(240640K)->64K(239104K) Eden: 240128K(240128K)->0K(230912K) From: 64K(512K)->64K(8192K)
[1043.781s][info][gc,heap        ] GC(2705) ParOldGen: 611270K(611328K)->611278K(611328K)
[1043.781s][info][gc,metaspace   ] GC(2705) Metaspace: 35545K(36352K)->35545K(36352K) NonClass: 26335K(26944K)->26335K(26944K) Class: 9209K(9408K)->9209K(9408K)
[1043.781s][info][gc             ] GC(2705) Pause Young (Allocation Failure) 831M->597M(830M) 1.674ms
[1043.781s][info][gc,cpu         ] GC(2705) User=0.00s Sys=0.00s Real=0.00s
[1044.157s][info][gc,start       ] GC(2706) Pause Young (Allocation Failure)
[1044.174s][info][gc,heap        ] GC(2706) PSYoungGen: 230976K(239104K)->7680K(280576K) Eden: 230912K(230912K)->0K(272896K) From: 64K(8192K)->7680K(7680K)
[1044.174s][info][gc,heap        ] GC(2706) ParOldGen: 611278K(611328K)->613638K(613888K)
[1044.174s][info][gc,metaspace   ] GC(2706) Metaspace: 35545K(36352K)->35545K(36352K) NonClass: 26335K(26944K)->26335K(26944K) Class: 9209K(9408K)->9209K(9408K)
[1044.174s][info][gc             ] GC(2706) Pause Young (Allocation Failure) 822M->606M(873M) 16.573ms
[1044.174s][info][gc,cpu         ] GC(2706) User=0.03s Sys=0.00s Real=0.02s
[1044.568s][info][gc,start       ] GC(2707) Pause Young (Allocation Failure)
[1044.628s][info][gc,heap        ] GC(2707) PSYoungGen: 280576K(280576K)->10240K(283136K) Eden: 272896K(272896K)->0K(272896K) From: 7680K(7680K)->10240K(10240K)
[1044.628s][info][gc,heap        ] GC(2707) ParOldGen: 613638K(613888K)->634430K(634880K)
[1044.628s][info][gc,metaspace   ] GC(2707) Metaspace: 35545K(36352K)->35545K(36352K) NonClass: 26335K(26944K)->26335K(26944K) Class: 9209K(9408K)->9209K(9408K)
[1044.628s][info][gc             ] GC(2707) Pause Young (Allocation Failure) 873M->629M(896M) 59.869ms
[1044.628s][info][gc,cpu         ] GC(2707) User=0.11s Sys=0.02s Real=0.06s
[1044.922s][info][gc,start       ] GC(2708) Pause Young (Allocation Failure)
[1044.971s][info][gc,heap        ] GC(2708) PSYoungGen: 283136K(283136K)->20480K(303104K) Eden: 272896K(272896K)->0K(282624K) From: 10240K(10240K)->20480K(20480K)
[1044.971s][info][gc,heap        ] GC(2708) ParOldGen: 634430K(634880K)->636134K(636416K)
[1044.971s][info][gc,metaspace   ] GC(2708) Metaspace: 35545K(36352K)->35545K(36352K) NonClass: 26335K(26944K)->26335K(26944K) Class: 9209K(9408K)->9209K(9408K)
[1044.971s][info][gc             ] GC(2708) Pause Young (Allocation Failure) 896M->641M(917M) 49.258ms
[1044.971s][info][gc,cpu         ] GC(2708) User=0.08s Sys=0.01s Real=0.05s
[1045.184s][info][gc,start       ] GC(2709) Pause Young (Allocation Failure)
[1045.186s][info][gc,heap        ] GC(2709) PSYoungGen: 303104K(303104K)->64K(308224K) Eden: 282624K(282624K)->0K(282624K) From: 20480K(20480K)->64K(25600K)
[1045.186s][info][gc,heap        ] GC(2709) ParOldGen: 636134K(636416K)->636174K(636416K)
[1045.186s][info][gc,metaspace   ] GC(2709) Metaspace: 35545K(36352K)->35545K(36352K) NonClass: 26335K(26944K)->26335K(26944K) Class: 9209K(9408K)->9209K(9408K)
[1045.186s][info][gc             ] GC(2709) Pause Young (Allocation Failure) 917M->621M(922M) 2.153ms
[1045.186s][info][gc,cpu         ] GC(2709) User=0.01s Sys=0.00s Real=0.00s
[1045.852s][info][gc,start       ] GC(2710) Pause Young (Allocation Failure)
[1045.854s][info][gc,heap        ] GC(2710) PSYoungGen: 282688K(308224K)->64K(305152K) Eden: 282624K(282624K)->0K(283648K) From: 64K(25600K)->64K(21504K)
[1045.854s][info][gc,heap        ] GC(2710) ParOldGen: 636174K(636416K)->636182K(636416K)
[1045.854s][info][gc,metaspace   ] GC(2710) Metaspace: 35545K(36352K)->35545K(36352K) NonClass: 26335K(26944K)->26335K(26944K) Class: 9209K(9408K)->9209K(9408K)
[1045.854s][info][gc             ] GC(2710) Pause Young (Allocation Failure) 897M->621M(919M) 2.153ms
[1045.854s][info][gc,cpu         ] GC(2710) User=0.00s Sys=0.00s Real=0.01s
[1046.321s][info][gc,start       ] GC(2711) Pause Young (Allocation Failure)
[1046.323s][info][gc,heap        ] GC(2711) PSYoungGen: 283712K(305152K)->64K(307200K) Eden: 283648K(283648K)->0K(283648K) From: 64K(21504K)->64K(23552K)
[1046.323s][info][gc,heap        ] GC(2711) ParOldGen: 636182K(636416K)->636198K(636416K)
[1046.323s][info][gc,metaspace   ] GC(2711) Metaspace: 35545K(36352K)->35545K(36352K) NonClass: 26335K(26944K)->26335K(26944K) Class: 9209K(9408K)->9209K(9408K)
[1046.323s][info][gc             ] GC(2711) Pause Young (Allocation Failure) 898M->621M(921M) 1.778ms
[1046.323s][info][gc,cpu         ] GC(2711) User=0.00s Sys=0.00s Real=0.01s
[1046.556s][info][gc,start       ] GC(2712) Pause Young (Allocation Failure)
[1046.558s][info][gc,heap        ] GC(2712) PSYoungGen: 283712K(307200K)->64K(308224K) Eden: 283648K(283648K)->0K(287744K) From: 64K(23552K)->64K(20480K)
[1046.558s][info][gc,heap        ] GC(2712) ParOldGen: 636198K(636416K)->636214K(636416K)
[1046.558s][info][gc,metaspace   ] GC(2712) Metaspace: 35545K(36352K)->35545K(36352K) NonClass: 26335K(26944K)->26335K(26944K) Class: 9209K(9408K)->9209K(9408K)
[1046.558s][info][gc             ] GC(2712) Pause Young (Allocation Failure) 898M->621M(922M) 1.720ms
[1046.558s][info][gc,cpu         ] GC(2712) User=0.01s Sys=0.00s Real=0.00s
[1046.796s][info][gc,start       ] GC(2713) Pause Young (Allocation Failure)
[1046.798s][info][gc,heap        ] GC(2713) PSYoungGen: 287808K(308224K)->64K(309760K) Eden: 287744K(287744K)->0K(287744K) From: 64K(20480K)->64K(22016K)
[1046.798s][info][gc,heap        ] GC(2713) ParOldGen: 636214K(636416K)->636214K(636416K)
[1046.798s][info][gc,metaspace   ] GC(2713) Metaspace: 35545K(36352K)->35545K(36352K) NonClass: 26335K(26944K)->26335K(26944K) Class: 9209K(9408K)->9209K(9408K)
[1046.798s][info][gc             ] GC(2713) Pause Young (Allocation Failure) 902M->621M(924M) 1.691ms
[1046.798s][info][gc,cpu         ] GC(2713) User=0.00s Sys=0.00s Real=0.00s
[1047.153s][info][gc,start       ] GC(2714) Pause Young (Allocation Failure)
[1047.154s][info][gc,heap        ] GC(2714) PSYoungGen: 287808K(309760K)->64K(308224K) Eden: 287744K(287744K)->0K(290816K) From: 64K(22016K)->64K(17408K)
[1047.154s][info][gc,heap        ] GC(2714) ParOldGen: 636214K(636416K)->636214K(636416K)
[1047.154s][info][gc,metaspace   ] GC(2714) Metaspace: 35545K(36352K)->35545K(36352K) NonClass: 26335K(26944K)->26335K(26944K) Class: 9209K(9408K)->9209K(9408K)
[1047.154s][info][gc             ] GC(2714) Pause Young (Allocation Failure) 902M->621M(922M) 1.887ms
[1047.154s][info][gc,cpu         ] GC(2714) User=0.00s Sys=0.00s Real=0.01s
[1047.204s][info][gc,start       ] GC(2715) Pause Young (Allocation Failure)
[1047.206s][info][gc,heap        ] GC(2715) PSYoungGen: 290880K(308224K)->64K(310272K) Eden: 290816K(290816K)->0K(290816K) From: 64K(17408K)->64K(19456K)
[1047.206s][info][gc,heap        ] GC(2715) ParOldGen: 636214K(636416K)->636230K(636416K)
[1047.206s][info][gc,metaspace   ] GC(2715) Metaspace: 35545K(36352K)->35545K(36352K) NonClass: 26335K(26944K)->26335K(26944K) Class: 9209K(9408K)->9209K(9408K)
[1047.206s][info][gc             ] GC(2715) Pause Young (Allocation Failure) 905M->621M(924M) 1.721ms
[1047.206s][info][gc,cpu         ] GC(2715) User=0.00s Sys=0.00s Real=0.00s
[1047.255s][info][gc,start       ] GC(2716) Pause Young (Allocation Failure)
[1047.256s][info][gc,heap        ] GC(2716) PSYoungGen: 290880K(310272K)->64K(311296K) Eden: 290816K(290816K)->0K(295936K) From: 64K(19456K)->64K(15360K)
[1047.256s][info][gc,heap        ] GC(2716) ParOldGen: 636230K(636416K)->636230K(636416K)
[1047.256s][info][gc,metaspace   ] GC(2716) Metaspace: 35545K(36352K)->35545K(36352K) NonClass: 26335K(26944K)->26335K(26944K) Class: 9209K(9408K)->9209K(9408K)
[1047.256s][info][gc             ] GC(2716) Pause Young (Allocation Failure) 905M->621M(925M) 1.566ms
[1047.256s][info][gc,cpu         ] GC(2716) User=0.00s Sys=0.00s Real=0.00s
[1047.536s][info][gc,start       ] GC(2717) Pause Young (Allocation Failure)
[1047.538s][info][gc,heap        ] GC(2717) PSYoungGen: 296000K(311296K)->64K(313344K) Eden: 295936K(295936K)->0K(295936K) From: 64K(15360K)->64K(17408K)
[1047.538s][info][gc,heap        ] GC(2717) ParOldGen: 636230K(636416K)->636230K(636416K)
[1047.538s][info][gc,metaspace   ] GC(2717) Metaspace: 35545K(36352K)->35545K(36352K) NonClass: 26335K(26944K)->26335K(26944K) Class: 9209K(9408K)->9209K(9408K)
[1047.538s][info][gc             ] GC(2717) Pause Young (Allocation Failure) 910M->621M(927M) 1.734ms
[1047.538s][info][gc,cpu         ] GC(2717) User=0.00s Sys=0.01s Real=0.00s
[1047.797s][info][gc,start       ] GC(2718) Pause Young (Allocation Failure)
[1047.799s][info][gc,heap        ] GC(2718) PSYoungGen: 296000K(313344K)->64K(313856K) Eden: 295936K(295936K)->0K(299520K) From: 64K(17408K)->64K(14336K)
[1047.799s][info][gc,heap        ] GC(2718) ParOldGen: 636230K(636416K)->636238K(636416K)
[1047.799s][info][gc,metaspace   ] GC(2718) Metaspace: 35545K(36352K)->35545K(36352K) NonClass: 26335K(26944K)->26335K(26944K) Class: 9209K(9408K)->9209K(9408K)
[1047.799s][info][gc             ] GC(2718) Pause Young (Allocation Failure) 910M->621M(928M) 1.829ms
[1047.799s][info][gc,cpu         ] GC(2718) User=0.00s Sys=0.00s Real=0.00s
[1047.901s][info][gc,start       ] GC(2719) Pause Young (Allocation Failure)
[1047.902s][info][gc,heap        ] GC(2719) PSYoungGen: 299584K(313856K)->64K(315392K) Eden: 299520K(299520K)->0K(299520K) From: 64K(14336K)->64K(15872K)
[1047.902s][info][gc,heap        ] GC(2719) ParOldGen: 636238K(636416K)->636246K(636416K)
[1047.902s][info][gc,metaspace   ] GC(2719) Metaspace: 35545K(36352K)->35545K(36352K) NonClass: 26335K(26944K)->26335K(26944K) Class: 9209K(9408K)->9209K(9408K)
[1047.902s][info][gc             ] GC(2719) Pause Young (Allocation Failure) 913M->621M(929M) 1.758ms
[1047.902s][info][gc,cpu         ] GC(2719) User=0.00s Sys=0.00s Real=0.00s
[1048.036s][info][gc,start       ] GC(2720) Pause Young (Allocation Failure)
[1048.037s][info][gc,heap        ] GC(2720) PSYoungGen: 299584K(315392K)->64K(315392K) Eden: 299520K(299520K)->0K(303104K) From: 64K(15872K)->64K(12288K)
[1048.038s][info][gc,heap        ] GC(2720) ParOldGen: 636246K(636416K)->636254K(636416K)
[1048.038s][info][gc,metaspace   ] GC(2720) Metaspace: 35545K(36352K)->35545K(36352K) NonClass: 26335K(26944K)->26335K(26944K) Class: 9209K(9408K)->9209K(9408K)
[1048.038s][info][gc             ] GC(2720) Pause Young (Allocation Failure) 913M->621M(929M) 1.861ms
[1048.038s][info][gc,cpu         ] GC(2720) User=0.01s Sys=0.00s Real=0.00s
[1048.437s][info][gc,start       ] GC(2721) Pause Young (Allocation Failure)
[1048.439s][info][gc,heap        ] GC(2721) PSYoungGen: 303168K(315392K)->64K(316928K) Eden: 303104K(303104K)->0K(303104K) From: 64K(12288K)->64K(13824K)
[1048.439s][info][gc,heap        ] GC(2721) ParOldGen: 636254K(636416K)->636262K(636416K)
[1048.439s][info][gc,metaspace   ] GC(2721) Metaspace: 35545K(36352K)->35545K(36352K) NonClass: 26335K(26944K)->26335K(26944K) Class: 9209K(9408K)->9209K(9408K)
[1048.439s][info][gc             ] GC(2721) Pause Young (Allocation Failure) 917M->621M(931M) 1.823ms
[1048.439s][info][gc,cpu         ] GC(2721) User=0.00s Sys=0.00s Real=0.00s
[1049.064s][info][gc,start       ] GC(2722) Pause Young (Allocation Failure)
[1049.065s][info][gc,heap        ] GC(2722) PSYoungGen: 303168K(316928K)->64K(318464K) Eden: 303104K(303104K)->0K(307200K) From: 64K(13824K)->64K(11264K)
[1049.065s][info][gc,heap        ] GC(2722) ParOldGen: 636262K(636416K)->636270K(636416K)
[1049.065s][info][gc,metaspace   ] GC(2722) Metaspace: 35545K(36352K)->35545K(36352K) NonClass: 26335K(26944K)->26335K(26944K) Class: 9209K(9408K)->9209K(9408K)
[1049.065s][info][gc             ] GC(2722) Pause Young (Allocation Failure) 917M->621M(932M) 1.671ms
[1049.065s][info][gc,cpu         ] GC(2722) User=0.01s Sys=0.00s Real=0.00s
[1050.042s][info][gc,start       ] GC(2723) Pause Young (Allocation Failure)
[1050.044s][info][gc,heap        ] GC(2723) PSYoungGen: 307264K(318464K)->64K(295424K) Eden: 307200K(307200K)->0K(294912K) From: 64K(11264K)->64K(512K)
[1050.044s][info][gc,heap        ] GC(2723) ParOldGen: 636270K(636416K)->636278K(636416K)
[1050.044s][info][gc,metaspace   ] GC(2723) Metaspace: 35545K(36352K)->35545K(36352K) NonClass: 26335K(26944K)->26335K(26944K) Class: 9209K(9408K)->9209K(9408K)
[1050.044s][info][gc             ] GC(2723) Pause Young (Allocation Failure) 921M->621M(910M) 2.529ms
[1050.044s][info][gc,cpu         ] GC(2723) User=0.00s Sys=0.01s Real=0.01s
[1050.574s][info][gc,start       ] GC(2724) Pause Young (Allocation Failure)
[1050.576s][info][gc,heap        ] GC(2724) PSYoungGen: 294976K(295424K)->64K(283648K) Eden: 294912K(294912K)->0K(283136K) From: 64K(512K)->64K(512K)
[1050.576s][info][gc,heap        ] GC(2724) ParOldGen: 636278K(636416K)->636286K(636416K)
[1050.576s][info][gc,metaspace   ] GC(2724) Metaspace: 35545K(36352K)->35545K(36352K) NonClass: 26335K(26944K)->26335K(26944K) Class: 9209K(9408K)->9209K(9408K)
[1050.576s][info][gc             ] GC(2724) Pause Young (Allocation Failure) 909M->621M(898M) 2.213ms
[1050.576s][info][gc,cpu         ] GC(2724) User=0.00s Sys=0.00s Real=0.00s
[1051.515s][info][gc,start       ] GC(2725) Pause Young (Allocation Failure)
[1051.517s][info][gc,heap        ] GC(2725) PSYoungGen: 283200K(283648K)->64K(282624K) Eden: 283136K(283136K)->0K(271872K) From: 64K(512K)->64K(10752K)
[1051.517s][info][gc,heap        ] GC(2725) ParOldGen: 636286K(636416K)->636294K(636416K)
[1051.517s][info][gc,metaspace   ] GC(2725) Metaspace: 35545K(36352K)->35545K(36352K) NonClass: 26335K(26944K)->26335K(26944K) Class: 9209K(9408K)->9209K(9408K)
[1051.517s][info][gc             ] GC(2725) Pause Young (Allocation Failure) 897M->621M(897M) 1.693ms
[1051.517s][info][gc,cpu         ] GC(2725) User=0.00s Sys=0.00s Real=0.00s
[1051.891s][info][gc,start       ] GC(2726) Pause Young (Allocation Failure)
[1051.893s][info][gc,heap        ] GC(2726) PSYoungGen: 271936K(282624K)->64K(261632K) Eden: 271872K(271872K)->0K(261120K) From: 64K(10752K)->64K(512K)
[1051.893s][info][gc,heap        ] GC(2726) ParOldGen: 636294K(636416K)->636302K(636416K)
[1051.893s][info][gc,metaspace   ] GC(2726) Metaspace: 35545K(36352K)->35545K(36352K) NonClass: 26335K(26944K)->26335K(26944K) Class: 9209K(9408K)->9209K(9408K)
[1051.893s][info][gc             ] GC(2726) Pause Young (Allocation Failure) 886M->621M(877M) 2.358ms
[1051.893s][info][gc,cpu         ] GC(2726) User=0.00s Sys=0.00s Real=0.01s
[1051.982s][info][gc,start       ] GC(2727) Pause Young (Allocation Failure)
[1051.983s][info][gc,heap        ] GC(2727) PSYoungGen: 261184K(261632K)->64K(260096K) Eden: 261120K(261120K)->0K(250880K) From: 64K(512K)->64K(9216K)
[1051.983s][info][gc,heap        ] GC(2727) ParOldGen: 636302K(636416K)->636310K(636416K)
[1051.983s][info][gc,metaspace   ] GC(2727) Metaspace: 35545K(36352K)->35545K(36352K) NonClass: 26335K(26944K)->26335K(26944K) Class: 9209K(9408K)->9209K(9408K)
[1051.983s][info][gc             ] GC(2727) Pause Young (Allocation Failure) 876M->621M(875M) 1.712ms
[1051.983s][info][gc,cpu         ] GC(2727) User=0.00s Sys=0.00s Real=0.01s
[1052.554s][info][gc,start       ] GC(2728) Pause Young (Allocation Failure)
[1052.556s][info][gc,heap        ] GC(2728) PSYoungGen: 250944K(260096K)->64K(241664K) Eden: 250880K(250880K)->0K(241152K) From: 64K(9216K)->64K(512K)
[1052.556s][info][gc,heap        ] GC(2728) ParOldGen: 636310K(636416K)->636318K(636416K)
[1052.556s][info][gc,metaspace   ] GC(2728) Metaspace: 35545K(36352K)->35545K(36352K) NonClass: 26335K(26944K)->26335K(26944K) Class: 9209K(9408K)->9209K(9408K)
[1052.556s][info][gc             ] GC(2728) Pause Young (Allocation Failure) 866M->621M(857M) 2.290ms
[1052.556s][info][gc,cpu         ] GC(2728) User=0.01s Sys=0.00s Real=0.00s
[1052.771s][info][gc,start       ] GC(2729) Pause Young (Allocation Failure)
[1052.773s][info][gc,heap        ] GC(2729) PSYoungGen: 241216K(241664K)->64K(240128K) Eden: 241152K(241152K)->0K(231936K) From: 64K(512K)->64K(8192K)
[1052.773s][info][gc,heap        ] GC(2729) ParOldGen: 636318K(636416K)->636326K(636416K)
[1052.773s][info][gc,metaspace   ] GC(2729) Metaspace: 35545K(36352K)->35545K(36352K) NonClass: 26335K(26944K)->26335K(26944K) Class: 9209K(9408K)->9209K(9408K)
[1052.773s][info][gc             ] GC(2729) Pause Young (Allocation Failure) 856M->621M(856M) 1.686ms
[1052.773s][info][gc,cpu         ] GC(2729) User=0.00s Sys=0.00s Real=0.00s
[1053.144s][info][gc,start       ] GC(2730) Pause Young (Allocation Failure)
[1053.176s][info][gc,heap        ] GC(2730) PSYoungGen: 232000K(240128K)->7680K(280064K) Eden: 231936K(231936K)->0K(272384K) From: 64K(8192K)->7680K(7680K)
[1053.176s][info][gc,heap        ] GC(2730) ParOldGen: 636326K(636416K)->645382K(645632K)
[1053.176s][info][gc,metaspace   ] GC(2730) Metaspace: 35545K(36352K)->35545K(36352K) NonClass: 26335K(26944K)->26335K(26944K) Class: 9209K(9408K)->9209K(9408K)
[1053.176s][info][gc             ] GC(2730) Pause Young (Allocation Failure) 847M->637M(904M) 31.497ms
[1053.176s][info][gc,cpu         ] GC(2730) User=0.06s Sys=0.01s Real=0.03s
[1053.570s][info][gc,start       ] GC(2731) Pause Young (Allocation Failure)
[1053.630s][info][gc,heap        ] GC(2731) PSYoungGen: 280064K(280064K)->12800K(285184K) Eden: 272384K(272384K)->0K(272384K) From: 7680K(7680K)->12800K(12800K)
[1053.630s][info][gc,heap        ] GC(2731) ParOldGen: 645382K(645632K)->663734K(664064K)
[1053.630s][info][gc,metaspace   ] GC(2731) Metaspace: 35545K(36352K)->35545K(36352K) NonClass: 26335K(26944K)->26335K(26944K) Class: 9209K(9408K)->9209K(9408K)
[1053.630s][info][gc             ] GC(2731) Pause Young (Allocation Failure) 903M->660M(927M) 60.161ms
[1053.630s][info][gc,cpu         ] GC(2731) User=0.10s Sys=0.01s Real=0.06s
[1053.857s][info][gc,start       ] GC(2732) Pause Full (Allocation Failure)
[1053.857s][info][gc,phases,start] GC(2732) Marking Phase
[1053.921s][info][gc,phases      ] GC(2732) Marking Phase 63.884ms
[1053.921s][info][gc,phases,start] GC(2732) Summary Phase
[1053.921s][info][gc,phases      ] GC(2732) Summary Phase 0.026ms
[1053.921s][info][gc,phases,start] GC(2732) Forward
[1053.945s][info][gc,phases      ] GC(2732) Forward 24.421ms
[1053.945s][info][gc,phases,start] GC(2732) Adjust Pointers
[1053.974s][info][gc,phases      ] GC(2732) Adjust Pointers 29.100ms
[1053.975s][info][gc,phases,start] GC(2732) Compaction Phase
[1053.991s][info][gc,phases      ] GC(2732) Compaction Phase 16.179ms
[1053.991s][info][gc,phases,start] GC(2732) Post Compact
[1053.993s][info][metaspace      ] ChkMgr @0x00007fb3ac03f160 (non-class-space): : reclaiming memory...
[1053.993s][info][metaspace      ] ChkMgr @0x00007fb3ac03f160 (non-class-space): nothing reclaimed.
[1053.993s][info][metaspace      ] ChkMgr @0x00007fb3ac03ef70 (class-space): : reclaiming memory...
[1053.993s][info][metaspace      ] ChkMgr @0x00007fb3ac03ef70 (class-space): nothing reclaimed.
[1053.994s][info][gc,phases      ] GC(2732) Post Compact 2.840ms
[1054.031s][info][gc,heap        ] GC(2732) PSYoungGen: 285184K(285184K)->0K(311296K) Eden: 272384K(272384K)->0K(288768K) From: 12800K(12800K)->0K(22528K)
[1054.031s][info][gc,heap        ] GC(2732) ParOldGen: 663734K(664064K)->70591K(175104K)
[1054.032s][info][gc,metaspace   ] GC(2732) Metaspace: 35545K(36352K)->35485K(36352K) NonClass: 26335K(26944K)->26275K(26944K) Class: 9209K(9408K)->9209K(9408K)
[1054.032s][info][gc             ] GC(2732) Pause Full (Allocation Failure) 926M->68M(475M) 174.682ms
[1054.032s][info][gc,cpu         ] GC(2732) User=0.22s Sys=0.04s Real=0.17s
[1054.397s][info][gc,start       ] GC(2733) Pause Young (Allocation Failure)
[1054.401s][info][gc,heap        ] GC(2733) PSYoungGen: 288768K(311296K)->64K(289280K) Eden: 288768K(288768K)->0K(288768K) From: 0K(22528K)->64K(512K)
[1054.401s][info][gc,heap        ] GC(2733) ParOldGen: 70591K(175104K)->70591K(175104K)
[1054.402s][info][gc,metaspace   ] GC(2733) Metaspace: 35485K(36352K)->35485K(36352K) NonClass: 26275K(26944K)->26275K(26944K) Class: 9209K(9408K)->9209K(9408K)
[1054.402s][info][gc             ] GC(2733) Pause Young (Allocation Failure) 350M->68M(453M) 4.717ms
[1054.402s][info][gc,cpu         ] GC(2733) User=0.01s Sys=0.00s Real=0.00s
[1055.010s][info][gc,start       ] GC(2734) Pause Young (Allocation Failure)
[1055.011s][info][gc,heap        ] GC(2734) PSYoungGen: 288832K(289280K)->64K(311296K) Eden: 288768K(288768K)->0K(289792K) From: 64K(512K)->64K(21504K)
[1055.011s][info][gc,heap        ] GC(2734) ParOldGen: 70591K(175104K)->70599K(175104K)
[1055.011s][info][gc,metaspace   ] GC(2734) Metaspace: 35485K(36352K)->35485K(36352K) NonClass: 26275K(26944K)->26275K(26944K) Class: 9209K(9408K)->9209K(9408K)
[1055.011s][info][gc             ] GC(2734) Pause Young (Allocation Failure) 350M->69M(475M) 0.720ms
[1055.011s][info][gc,cpu         ] GC(2734) User=0.00s Sys=0.00s Real=0.00s
[1055.458s][info][gc,start       ] GC(2735) Pause Young (Allocation Failure)
[1055.458s][info][gc,heap        ] GC(2735) PSYoungGen: 289856K(311296K)->64K(310272K) Eden: 289792K(289792K)->0K(289792K) From: 64K(21504K)->64K(20480K)
[1055.458s][info][gc,heap        ] GC(2735) ParOldGen: 70599K(175104K)->70615K(175104K)
[1055.458s][info][gc,metaspace   ] GC(2735) Metaspace: 35485K(36352K)->35485K(36352K) NonClass: 26275K(26944K)->26275K(26944K) Class: 9209K(9408K)->9209K(9408K)
[1055.458s][info][gc             ] GC(2735) Pause Young (Allocation Failure) 352M->69M(474M) 0.624ms
[1055.458s][info][gc,cpu         ] GC(2735) User=0.00s Sys=0.00s Real=0.00s
[1055.698s][info][gc,start       ] GC(2736) Pause Young (Allocation Failure)
[1055.698s][info][gc,heap        ] GC(2736) PSYoungGen: 289856K(310272K)->64K(312320K) Eden: 289792K(289792K)->0K(292864K) From: 64K(20480K)->64K(19456K)
[1055.698s][info][gc,heap        ] GC(2736) ParOldGen: 70615K(175104K)->70631K(175104K)
[1055.698s][info][gc,metaspace   ] GC(2736) Metaspace: 35485K(36352K)->35485K(36352K) NonClass: 26275K(26944K)->26275K(26944K) Class: 9209K(9408K)->9209K(9408K)
[1055.698s][info][gc             ] GC(2736) Pause Young (Allocation Failure) 352M->69M(476M) 0.580ms
[1055.698s][info][gc,cpu         ] GC(2736) User=0.00s Sys=0.00s Real=0.00s
[1055.939s][info][gc,start       ] GC(2737) Pause Young (Allocation Failure)
[1055.940s][info][gc,heap        ] GC(2737) PSYoungGen: 292928K(312320K)->64K(311808K) Eden: 292864K(292864K)->0K(292864K) From: 64K(19456K)->64K(18944K)
[1055.940s][info][gc,heap        ] GC(2737) ParOldGen: 70631K(175104K)->70631K(175104K)
[1055.940s][info][gc,metaspace   ] GC(2737) Metaspace: 35485K(36352K)->35485K(36352K) NonClass: 26275K(26944K)->26275K(26944K) Class: 9209K(9408K)->9209K(9408K)
[1055.940s][info][gc             ] GC(2737) Pause Young (Allocation Failure) 355M->69M(475M) 0.533ms
[1055.940s][info][gc,cpu         ] GC(2737) User=0.00s Sys=0.00s Real=0.00s
[1056.232s][info][gc,start       ] GC(2738) Pause Young (Allocation Failure)
[1056.232s][info][gc,heap        ] GC(2738) PSYoungGen: 292928K(311808K)->64K(313856K) Eden: 292864K(292864K)->0K(296448K) From: 64K(18944K)->64K(17408K)
[1056.232s][info][gc,heap        ] GC(2738) ParOldGen: 70631K(175104K)->70631K(175104K)
[1056.232s][info][gc,metaspace   ] GC(2738) Metaspace: 35485K(36352K)->35485K(36352K) NonClass: 26275K(26944K)->26275K(26944K) Class: 9209K(9408K)->9209K(9408K)
[1056.233s][info][gc             ] GC(2738) Pause Young (Allocation Failure) 355M->69M(477M) 0.586ms
[1056.233s][info][gc,cpu         ] GC(2738) User=0.00s Sys=0.00s Real=0.00s
[1056.287s][info][gc,start       ] GC(2739) Pause Young (Allocation Failure)
[1056.287s][info][gc,heap        ] GC(2739) PSYoungGen: 296512K(313856K)->64K(313344K) Eden: 296448K(296448K)->0K(296448K) From: 64K(17408K)->64K(16896K)
[1056.287s][info][gc,heap        ] GC(2739) ParOldGen: 70631K(175104K)->70647K(175104K)
[1056.287s][info][gc,metaspace   ] GC(2739) Metaspace: 35485K(36352K)->35485K(36352K) NonClass: 26275K(26944K)->26275K(26944K) Class: 9209K(9408K)->9209K(9408K)
[1056.287s][info][gc             ] GC(2739) Pause Young (Allocation Failure) 358M->69M(477M) 0.554ms
[1056.287s][info][gc,cpu         ] GC(2739) User=0.00s Sys=0.00s Real=0.00s
[1056.395s][info][gc,start       ] GC(2740) Pause Young (Allocation Failure)
[1056.396s][info][gc,heap        ] GC(2740) PSYoungGen: 296512K(313344K)->64K(285184K) Eden: 296448K(296448K)->0K(284672K) From: 64K(16896K)->64K(512K)
[1056.396s][info][gc,heap        ] GC(2740) ParOldGen: 70647K(175104K)->70647K(175104K)
[1056.396s][info][gc,metaspace   ] GC(2740) Metaspace: 35485K(36352K)->35485K(36352K) NonClass: 26275K(26944K)->26275K(26944K) Class: 9209K(9408K)->9209K(9408K)
[1056.396s][info][gc             ] GC(2740) Pause Young (Allocation Failure) 358M->69M(449M) 0.555ms
[1056.396s][info][gc,cpu         ] GC(2740) User=0.00s Sys=0.00s Real=0.00s
[1056.694s][info][gc,start       ] GC(2741) Pause Young (Allocation Failure)
[1056.694s][info][gc,heap        ] GC(2741) PSYoungGen: 284735K(285184K)->64K(288768K) Eden: 284671K(284672K)->0K(273408K) From: 64K(512K)->64K(15360K)
[1056.694s][info][gc,heap        ] GC(2741) ParOldGen: 70647K(175104K)->70663K(175104K)
[1056.694s][info][gc,metaspace   ] GC(2741) Metaspace: 35485K(36352K)->35485K(36352K) NonClass: 26275K(26944K)->26275K(26944K) Class: 9209K(9408K)->9209K(9408K)
[1056.694s][info][gc             ] GC(2741) Pause Young (Allocation Failure) 347M->69M(453M) 0.581ms
[1056.694s][info][gc,cpu         ] GC(2741) User=0.00s Sys=0.00s Real=0.00s
[1056.894s][info][gc,start       ] GC(2742) Pause Young (Allocation Failure)
[1056.895s][info][gc,heap        ] GC(2742) PSYoungGen: 273472K(288768K)->64K(263168K) Eden: 273408K(273408K)->0K(262656K) From: 64K(15360K)->64K(512K)
[1056.895s][info][gc,heap        ] GC(2742) ParOldGen: 70663K(175104K)->70663K(175104K)
[1056.895s][info][gc,metaspace   ] GC(2742) Metaspace: 35485K(36352K)->35485K(36352K) NonClass: 26275K(26944K)->26275K(26944K) Class: 9209K(9408K)->9209K(9408K)
[1056.895s][info][gc             ] GC(2742) Pause Young (Allocation Failure) 336M->69M(428M) 0.710ms
[1056.895s][info][gc,cpu         ] GC(2742) User=0.00s Sys=0.00s Real=0.00s
[1056.967s][info][gc,start       ] GC(2743) Pause Young (Allocation Failure)
[1056.967s][info][gc,heap        ] GC(2743) PSYoungGen: 262720K(263168K)->64K(265728K) Eden: 262656K(262656K)->0K(252416K) From: 64K(512K)->64K(13312K)
[1056.967s][info][gc,heap        ] GC(2743) ParOldGen: 70663K(175104K)->70679K(175104K)
[1056.967s][info][gc,metaspace   ] GC(2743) Metaspace: 35485K(36352K)->35485K(36352K) NonClass: 26275K(26944K)->26275K(26944K) Class: 9209K(9408K)->9209K(9408K)
[1056.968s][info][gc             ] GC(2743) Pause Young (Allocation Failure) 325M->69M(430M) 0.554ms
[1056.968s][info][gc,cpu         ] GC(2743) User=0.00s Sys=0.00s Real=0.00s
[1057.083s][info][gc,start       ] GC(2744) Pause Young (Allocation Failure)
[1057.084s][info][gc,heap        ] GC(2744) PSYoungGen: 252480K(265728K)->64K(243200K) Eden: 252416K(252416K)->0K(242688K) From: 64K(13312K)->64K(512K)
[1057.084s][info][gc,heap        ] GC(2744) ParOldGen: 70679K(175104K)->70679K(175104K)
[1057.084s][info][gc,metaspace   ] GC(2744) Metaspace: 35485K(36352K)->35485K(36352K) NonClass: 26275K(26944K)->26275K(26944K) Class: 9209K(9408K)->9209K(9408K)
[1057.084s][info][gc             ] GC(2744) Pause Young (Allocation Failure) 315M->69M(408M) 1.002ms
[1057.084s][info][gc,cpu         ] GC(2744) User=0.00s Sys=0.01s Real=0.00s
[1057.304s][info][gc,start       ] GC(2745) Pause Young (Allocation Failure)
[1057.304s][info][gc,heap        ] GC(2745) PSYoungGen: 242752K(243200K)->64K(245248K) Eden: 242688K(242688K)->0K(233472K) From: 64K(512K)->64K(11776K)
[1057.304s][info][gc,heap        ] GC(2745) ParOldGen: 70679K(175104K)->70687K(175104K)
[1057.304s][info][gc,metaspace   ] GC(2745) Metaspace: 35485K(36352K)->35485K(36352K) NonClass: 26275K(26944K)->26275K(26944K) Class: 9209K(9408K)->9209K(9408K)
[1057.304s][info][gc             ] GC(2745) Pause Young (Allocation Failure) 306M->69M(410M) 0.601ms
[1057.304s][info][gc,cpu         ] GC(2745) User=0.00s Sys=0.00s Real=0.00s
[1058.091s][info][gc,start       ] GC(2746) Pause Young (Allocation Failure)
[1058.092s][info][gc,heap        ] GC(2746) PSYoungGen: 233536K(245248K)->64K(225280K) Eden: 233472K(233472K)->0K(224768K) From: 64K(11776K)->64K(512K)
[1058.092s][info][gc,heap        ] GC(2746) ParOldGen: 70687K(175104K)->70695K(175104K)
[1058.092s][info][gc,metaspace   ] GC(2746) Metaspace: 35485K(36352K)->35485K(36352K) NonClass: 26275K(26944K)->26275K(26944K) Class: 9209K(9408K)->9209K(9408K)
[1058.092s][info][gc             ] GC(2746) Pause Young (Allocation Failure) 297M->69M(391M) 1.375ms
[1058.092s][info][gc,cpu         ] GC(2746) User=0.01s Sys=0.00s Real=0.00s
[1058.895s][info][gc,start       ] GC(2747) Pause Young (Allocation Failure)
[1058.895s][info][gc,heap        ] GC(2747) PSYoungGen: 224832K(225280K)->64K(226816K) Eden: 224768K(224768K)->0K(216576K) From: 64K(512K)->64K(10240K)
[1058.895s][info][gc,heap        ] GC(2747) ParOldGen: 70695K(175104K)->70703K(175104K)
[1058.895s][info][gc,metaspace   ] GC(2747) Metaspace: 35485K(36352K)->35485K(36352K) NonClass: 26275K(26944K)->26275K(26944K) Class: 9209K(9408K)->9209K(9408K)
[1058.895s][info][gc             ] GC(2747) Pause Young (Allocation Failure) 288M->69M(392M) 0.577ms
[1058.895s][info][gc,cpu         ] GC(2747) User=0.00s Sys=0.00s Real=0.00s
[1059.064s][info][gc,start       ] GC(2748) Pause Young (Allocation Failure)
[1059.065s][info][gc,heap        ] GC(2748) PSYoungGen: 216640K(226816K)->64K(209408K) Eden: 216576K(216576K)->0K(208896K) From: 64K(10240K)->64K(512K)
[1059.065s][info][gc,heap        ] GC(2748) ParOldGen: 70703K(175104K)->70711K(175104K)
[1059.065s][info][gc,metaspace   ] GC(2748) Metaspace: 35485K(36352K)->35485K(36352K) NonClass: 26275K(26944K)->26275K(26944K) Class: 9209K(9408K)->9209K(9408K)
[1059.065s][info][gc             ] GC(2748) Pause Young (Allocation Failure) 280M->69M(375M) 1.305ms
[1059.065s][info][gc,cpu         ] GC(2748) User=0.00s Sys=0.00s Real=0.00s
[1059.472s][info][gc,start       ] GC(2749) Pause Young (Allocation Failure)
[1059.472s][info][gc,heap        ] GC(2749) PSYoungGen: 208960K(209408K)->64K(210432K) Eden: 208896K(208896K)->0K(201216K) From: 64K(512K)->64K(9216K)
[1059.472s][info][gc,heap        ] GC(2749) ParOldGen: 70711K(175104K)->70719K(175104K)
[1059.472s][info][gc,metaspace   ] GC(2749) Metaspace: 35485K(36352K)->35485K(36352K) NonClass: 26275K(26944K)->26275K(26944K) Class: 9209K(9408K)->9209K(9408K)
[1059.472s][info][gc             ] GC(2749) Pause Young (Allocation Failure) 273M->69M(376M) 0.499ms
[1059.472s][info][gc,cpu         ] GC(2749) User=0.00s Sys=0.00s Real=0.00s
[1060.385s][info][gc,start       ] GC(2750) Pause Young (Allocation Failure)
[1060.386s][info][gc,heap        ] GC(2750) PSYoungGen: 201280K(210432K)->64K(194560K) Eden: 201216K(201216K)->0K(194048K) From: 64K(9216K)->64K(512K)
[1060.386s][info][gc,heap        ] GC(2750) ParOldGen: 70719K(175104K)->70727K(175104K)
[1060.386s][info][gc,metaspace   ] GC(2750) Metaspace: 35485K(36352K)->35485K(36352K) NonClass: 26275K(26944K)->26275K(26944K) Class: 9209K(9408K)->9209K(9408K)
[1060.386s][info][gc             ] GC(2750) Pause Young (Allocation Failure) 265M->69M(361M) 1.317ms
[1060.386s][info][gc,cpu         ] GC(2750) User=0.01s Sys=0.00s Real=0.00s
[1060.573s][info][gc,start       ] GC(2751) Pause Young (Allocation Failure)
[1060.573s][info][gc,heap        ] GC(2751) PSYoungGen: 194112K(194560K)->64K(195072K) Eden: 194048K(194048K)->0K(187392K) From: 64K(512K)->64K(7680K)
[1060.573s][info][gc,heap        ] GC(2751) ParOldGen: 70727K(175104K)->70735K(175104K)
[1060.573s][info][gc,metaspace   ] GC(2751) Metaspace: 35485K(36352K)->35485K(36352K) NonClass: 26275K(26944K)->26275K(26944K) Class: 9209K(9408K)->9209K(9408K)
[1060.573s][info][gc             ] GC(2751) Pause Young (Allocation Failure) 258M->69M(361M) 0.573ms
[1060.573s][info][gc,cpu         ] GC(2751) User=0.00s Sys=0.00s Real=0.01s
[1060.866s][info][gc,start       ] GC(2752) Pause Young (Allocation Failure)
[1060.868s][info][gc,heap        ] GC(2752) PSYoungGen: 187456K(195072K)->64K(181248K) Eden: 187392K(187392K)->0K(180736K) From: 64K(7680K)->64K(512K)
[1060.868s][info][gc,heap        ] GC(2752) ParOldGen: 70735K(175104K)->70743K(175104K)
[1060.868s][info][gc,metaspace   ] GC(2752) Metaspace: 35485K(36352K)->35485K(36352K) NonClass: 26275K(26944K)->26275K(26944K) Class: 9209K(9408K)->9209K(9408K)
[1060.868s][info][gc             ] GC(2752) Pause Young (Allocation Failure) 252M->69M(348M) 1.216ms
[1060.868s][info][gc,cpu         ] GC(2752) User=0.00s Sys=0.00s Real=0.00s
[1060.968s][info][gc,start       ] GC(2753) Pause Young (Allocation Failure)
[1060.968s][info][gc,heap        ] GC(2753) PSYoungGen: 180800K(181248K)->64K(181248K) Eden: 180736K(180736K)->0K(174592K) From: 64K(512K)->64K(6656K)
[1060.968s][info][gc,heap        ] GC(2753) ParOldGen: 70743K(175104K)->70751K(175104K)
[1060.968s][info][gc,metaspace   ] GC(2753) Metaspace: 35485K(36352K)->35485K(36352K) NonClass: 26275K(26944K)->26275K(26944K) Class: 9209K(9408K)->9209K(9408K)
[1060.968s][info][gc             ] GC(2753) Pause Young (Allocation Failure) 245M->69M(348M) 0.476ms
[1060.968s][info][gc,cpu         ] GC(2753) User=0.00s Sys=0.00s Real=0.00s
[1061.049s][info][gc,start       ] GC(2754) Pause Young (Allocation Failure)
[1061.050s][info][gc,heap        ] GC(2754) PSYoungGen: 174656K(181248K)->64K(168960K) Eden: 174592K(174592K)->0K(168448K) From: 64K(6656K)->64K(512K)
[1061.050s][info][gc,heap        ] GC(2754) ParOldGen: 70751K(175104K)->70759K(175104K)
[1061.050s][info][gc,metaspace   ] GC(2754) Metaspace: 35485K(36352K)->35485K(36352K) NonClass: 26275K(26944K)->26275K(26944K) Class: 9209K(9408K)->9209K(9408K)
[1061.050s][info][gc             ] GC(2754) Pause Young (Allocation Failure) 239M->69M(336M) 1.116ms
[1061.050s][info][gc,cpu         ] GC(2754) User=0.01s Sys=0.00s Real=0.00s
[1061.455s][info][gc,start       ] GC(2755) Pause Young (Allocation Failure)
[1061.456s][info][gc,heap        ] GC(2755) PSYoungGen: 168512K(168960K)->64K(168448K) Eden: 168448K(168448K)->0K(162816K) From: 64K(512K)->64K(5632K)
[1061.456s][info][gc,heap        ] GC(2755) ParOldGen: 70759K(175104K)->70767K(175104K)
[1061.456s][info][gc,metaspace   ] GC(2755) Metaspace: 35485K(36352K)->35485K(36352K) NonClass: 26275K(26944K)->26275K(26944K) Class: 9209K(9408K)->9209K(9408K)
[1061.456s][info][gc             ] GC(2755) Pause Young (Allocation Failure) 233M->69M(335M) 0.515ms
[1061.456s][info][gc,cpu         ] GC(2755) User=0.00s Sys=0.00s Real=0.00s
[1061.656s][info][gc,start       ] GC(2756) Pause Young (Allocation Failure)
[1061.657s][info][gc,heap        ] GC(2756) PSYoungGen: 162880K(168448K)->64K(157696K) Eden: 162816K(162816K)->0K(157184K) From: 64K(5632K)->64K(512K)
[1061.657s][info][gc,heap        ] GC(2756) ParOldGen: 70767K(175104K)->70775K(175104K)
[1061.657s][info][gc,metaspace   ] GC(2756) Metaspace: 35485K(36352K)->35485K(36352K) NonClass: 26275K(26944K)->26275K(26944K) Class: 9209K(9408K)->9209K(9408K)
[1061.657s][info][gc             ] GC(2756) Pause Young (Allocation Failure) 228M->69M(325M) 1.043ms
[1061.657s][info][gc,cpu         ] GC(2756) User=0.00s Sys=0.00s Real=0.00s
[1061.856s][info][gc,start       ] GC(2757) Pause Young (Allocation Failure)
[1061.856s][info][gc,heap        ] GC(2757) PSYoungGen: 157247K(157696K)->64K(157184K) Eden: 157183K(157184K)->0K(152064K) From: 64K(512K)->64K(5120K)
[1061.857s][info][gc,heap        ] GC(2757) ParOldGen: 70775K(175104K)->70783K(175104K)
[1061.857s][info][gc,metaspace   ] GC(2757) Metaspace: 35485K(36352K)->35485K(36352K) NonClass: 26275K(26944K)->26275K(26944K) Class: 9209K(9408K)->9209K(9408K)
[1061.857s][info][gc             ] GC(2757) Pause Young (Allocation Failure) 222M->69M(324M) 0.625ms
[1061.857s][info][gc,cpu         ] GC(2757) User=0.00s Sys=0.00s Real=0.00s
[1062.123s][info][gc,start       ] GC(2758) Pause Young (Allocation Failure)
[1062.139s][info][gc,heap        ] GC(2758) PSYoungGen: 152128K(157184K)->4608K(185856K) Eden: 152064K(152064K)->0K(181248K) From: 64K(5120K)->4608K(4608K)
[1062.139s][info][gc,heap        ] GC(2758) ParOldGen: 70783K(175104K)->76383K(175104K)
[1062.139s][info][gc,metaspace   ] GC(2758) Metaspace: 35485K(36352K)->35485K(36352K) NonClass: 26275K(26944K)->26275K(26944K) Class: 9209K(9408K)->9209K(9408K)
[1062.139s][info][gc             ] GC(2758) Pause Young (Allocation Failure) 217M->79M(352M) 16.026ms
[1062.139s][info][gc,cpu         ] GC(2758) User=0.03s Sys=0.00s Real=0.01s
[1062.402s][info][gc,start       ] GC(2759) Pause Young (Allocation Failure)
[1062.434s][info][gc,heap        ] GC(2759) PSYoungGen: 185856K(185856K)->7680K(224768K) Eden: 181248K(181248K)->0K(217088K) From: 4608K(4608K)->7680K(7680K)
[1062.434s][info][gc,heap        ] GC(2759) ParOldGen: 76383K(175104K)->89423K(175104K)
[1062.434s][info][gc,metaspace   ] GC(2759) Metaspace: 35485K(36352K)->35485K(36352K) NonClass: 26275K(26944K)->26275K(26944K) Class: 9209K(9408K)->9209K(9408K)
[1062.434s][info][gc             ] GC(2759) Pause Young (Allocation Failure) 256M->94M(390M) 31.745ms
[1062.434s][info][gc,cpu         ] GC(2759) User=0.06s Sys=0.00s Real=0.04s
[1062.746s][info][gc,start       ] GC(2760) Pause Young (Allocation Failure)
[1062.786s][info][gc,heap        ] GC(2760) PSYoungGen: 224768K(224768K)->8704K(224256K) Eden: 217088K(217088K)->0K(215552K) From: 7680K(7680K)->8704K(8704K)
[1062.786s][info][gc,heap        ] GC(2760) ParOldGen: 89423K(175104K)->105703K(175104K)
[1062.786s][info][gc,metaspace   ] GC(2760) Metaspace: 35485K(36352K)->35485K(36352K) NonClass: 26275K(26944K)->26275K(26944K) Class: 9209K(9408K)->9209K(9408K)
[1062.786s][info][gc             ] GC(2760) Pause Young (Allocation Failure) 306M->111M(390M) 39.782ms
[1062.786s][info][gc,cpu         ] GC(2760) User=0.08s Sys=0.00s Real=0.04s
[1062.916s][info][gc,start       ] GC(2761) Pause Young (Allocation Failure)
[1062.932s][info][gc,heap        ] GC(2761) PSYoungGen: 224256K(224256K)->7264K(237056K) Eden: 215552K(215552K)->0K(215552K) From: 8704K(8704K)->7264K(21504K)
[1062.932s][info][gc,heap        ] GC(2761) ParOldGen: 105703K(175104K)->106135K(175104K)
[1062.932s][info][gc,metaspace   ] GC(2761) Metaspace: 35485K(36352K)->35485K(36352K) NonClass: 26275K(26944K)->26275K(26944K) Class: 9209K(9408K)->9209K(9408K)
[1062.932s][info][gc             ] GC(2761) Pause Young (Allocation Failure) 322M->110M(402M) 15.151ms
[1062.932s][info][gc,cpu         ] GC(2761) User=0.03s Sys=0.00s Real=0.01s
[1063.133s][info][gc,start       ] GC(2762) Pause Young (Allocation Failure)
[1063.134s][info][gc,heap        ] GC(2762) PSYoungGen: 222816K(237056K)->64K(278016K) Eden: 215552K(215552K)->0K(258560K) From: 7264K(21504K)->64K(19456K)
[1063.134s][info][gc,heap        ] GC(2762) ParOldGen: 106135K(175104K)->106143K(175104K)
[1063.134s][info][gc,metaspace   ] GC(2762) Metaspace: 35485K(36352K)->35485K(36352K) NonClass: 26275K(26944K)->26275K(26944K) Class: 9209K(9408K)->9209K(9408K)
[1063.134s][info][gc             ] GC(2762) Pause Young (Allocation Failure) 321M->103M(442M) 0.761ms
[1063.134s][info][gc,cpu         ] GC(2762) User=0.00s Sys=0.00s Real=0.00s
[1063.795s][info][gc,start       ] GC(2763) Pause Young (Allocation Failure)
[1063.796s][info][gc,heap        ] GC(2763) PSYoungGen: 258624K(278016K)->64K(278528K) Eden: 258560K(258560K)->0K(258560K) From: 64K(19456K)->64K(19968K)
[1063.796s][info][gc,heap        ] GC(2763) ParOldGen: 106143K(175104K)->106159K(175104K)
[1063.796s][info][gc,metaspace   ] GC(2763) Metaspace: 35485K(36352K)->35485K(36352K) NonClass: 26275K(26944K)->26275K(26944K) Class: 9209K(9408K)->9209K(9408K)
[1063.796s][info][gc             ] GC(2763) Pause Young (Allocation Failure) 356M->103M(443M) 0.948ms
[1063.796s][info][gc,cpu         ] GC(2763) User=0.00s Sys=0.00s Real=0.00s
[1064.089s][info][gc,start       ] GC(2764) Pause Young (Allocation Failure)
[1064.090s][info][gc,heap        ] GC(2764) PSYoungGen: 258624K(278528K)->64K(311808K) Eden: 258560K(258560K)->0K(294400K) From: 64K(19968K)->64K(17408K)
[1064.090s][info][gc,heap        ] GC(2764) ParOldGen: 106159K(175104K)->106159K(175104K)
[1064.090s][info][gc,metaspace   ] GC(2764) Metaspace: 35485K(36352K)->35485K(36352K) NonClass: 26275K(26944K)->26275K(26944K) Class: 9209K(9408K)->9209K(9408K)
[1064.090s][info][gc             ] GC(2764) Pause Young (Allocation Failure) 356M->103M(475M) 0.744ms
[1064.090s][info][gc,cpu         ] GC(2764) User=0.00s Sys=0.00s Real=0.00s
[1064.552s][info][gc,start       ] GC(2765) Pause Young (Allocation Failure)
[1064.553s][info][gc,heap        ] GC(2765) PSYoungGen: 294464K(311808K)->64K(312832K) Eden: 294400K(294400K)->0K(294400K) From: 64K(17408K)->64K(18432K)
[1064.553s][info][gc,heap        ] GC(2765) ParOldGen: 106159K(175104K)->106175K(175104K)
[1064.553s][info][gc,metaspace   ] GC(2765) Metaspace: 35485K(36352K)->35485K(36352K) NonClass: 26275K(26944K)->26275K(26944K) Class: 9209K(9408K)->9209K(9408K)
[1064.553s][info][gc             ] GC(2765) Pause Young (Allocation Failure) 391M->103M(476M) 0.792ms
[1064.553s][info][gc,cpu         ] GC(2765) User=0.00s Sys=0.00s Real=0.01s
[1064.797s][info][gc,start       ] GC(2766) Pause Young (Allocation Failure)
[1064.797s][info][gc,heap        ] GC(2766) PSYoungGen: 294464K(312832K)->64K(313856K) Eden: 294400K(294400K)->0K(297472K) From: 64K(18432K)->64K(16384K)
[1064.797s][info][gc,heap        ] GC(2766) ParOldGen: 106175K(175104K)->106191K(175104K)
[1064.797s][info][gc,metaspace   ] GC(2766) Metaspace: 35485K(36352K)->35485K(36352K) NonClass: 26275K(26944K)->26275K(26944K) Class: 9209K(9408K)->9209K(9408K)
[1064.797s][info][gc             ] GC(2766) Pause Young (Allocation Failure) 391M->103M(477M) 0.704ms
[1064.797s][info][gc,cpu         ] GC(2766) User=0.00s Sys=0.00s Real=0.00s
[1065.170s][info][gc,start       ] GC(2767) Pause Young (Allocation Failure)
[1065.171s][info][gc,heap        ] GC(2767) PSYoungGen: 297536K(313856K)->64K(314880K) Eden: 297472K(297472K)->0K(297472K) From: 64K(16384K)->64K(17408K)
[1065.171s][info][gc,heap        ] GC(2767) ParOldGen: 106191K(175104K)->106191K(175104K)
[1065.171s][info][gc,metaspace   ] GC(2767) Metaspace: 35485K(36352K)->35485K(36352K) NonClass: 26275K(26944K)->26275K(26944K) Class: 9209K(9408K)->9209K(9408K)
[1065.171s][info][gc             ] GC(2767) Pause Young (Allocation Failure) 394M->103M(478M) 0.666ms
[1065.171s][info][gc,cpu         ] GC(2767) User=0.00s Sys=0.00s Real=0.00s
[1065.223s][info][gc,start       ] GC(2768) Pause Young (Allocation Failure)
[1065.224s][info][gc,heap        ] GC(2768) PSYoungGen: 297536K(314880K)->64K(314368K) Eden: 297472K(297472K)->0K(300032K) From: 64K(17408K)->64K(14336K)
[1065.224s][info][gc,heap        ] GC(2768) ParOldGen: 106191K(175104K)->106207K(175104K)
[1065.224s][info][gc,metaspace   ] GC(2768) Metaspace: 35485K(36352K)->35485K(36352K) NonClass: 26275K(26944K)->26275K(26944K) Class: 9209K(9408K)->9209K(9408K)
[1065.224s][info][gc             ] GC(2768) Pause Young (Allocation Failure) 394M->103M(478M) 0.621ms
[1065.224s][info][gc,cpu         ] GC(2768) User=0.00s Sys=0.00s Real=0.01s
[1065.277s][info][gc,start       ] GC(2769) Pause Young (Allocation Failure)
[1065.278s][info][gc,heap        ] GC(2769) PSYoungGen: 300096K(314368K)->64K(315392K) Eden: 300032K(300032K)->0K(300032K) From: 64K(14336K)->64K(15360K)
[1065.278s][info][gc,heap        ] GC(2769) ParOldGen: 106207K(175104K)->106207K(175104K)
[1065.278s][info][gc,metaspace   ] GC(2769) Metaspace: 35485K(36352K)->35485K(36352K) NonClass: 26275K(26944K)->26275K(26944K) Class: 9209K(9408K)->9209K(9408K)
[1065.278s][info][gc             ] GC(2769) Pause Young (Allocation Failure) 396M->103M(479M) 0.590ms
[1065.278s][info][gc,cpu         ] GC(2769) User=0.01s Sys=0.00s Real=0.00s
[1065.554s][info][gc,start       ] GC(2770) Pause Young (Allocation Failure)
[1065.555s][info][gc,heap        ] GC(2770) PSYoungGen: 300096K(315392K)->64K(288768K) Eden: 300032K(300032K)->0K(288256K) From: 64K(15360K)->64K(512K)
[1065.555s][info][gc,heap        ] GC(2770) ParOldGen: 106207K(175104K)->106207K(175104K)
[1065.555s][info][gc,metaspace   ] GC(2770) Metaspace: 35485K(36352K)->35485K(36352K) NonClass: 26275K(26944K)->26275K(26944K) Class: 9209K(9408K)->9209K(9408K)
[1065.555s][info][gc             ] GC(2770) Pause Young (Allocation Failure) 396M->103M(453M) 0.661ms
[1065.555s][info][gc,cpu         ] GC(2770) User=0.00s Sys=0.00s Real=0.00s
[1065.808s][info][gc,start       ] GC(2771) Pause Young (Allocation Failure)
[1065.809s][info][gc,heap        ] GC(2771) PSYoungGen: 288320K(288768K)->64K(290816K) Eden: 288256K(288256K)->0K(276992K) From: 64K(512K)->64K(13824K)
[1065.809s][info][gc,heap        ] GC(2771) ParOldGen: 106207K(175104K)->106215K(175104K)
[1065.809s][info][gc,metaspace   ] GC(2771) Metaspace: 35485K(36352K)->35485K(36352K) NonClass: 26275K(26944K)->26275K(26944K) Class: 9209K(9408K)->9209K(9408K)
[1065.809s][info][gc             ] GC(2771) Pause Young (Allocation Failure) 385M->103M(455M) 0.607ms
[1065.809s][info][gc,cpu         ] GC(2771) User=0.00s Sys=0.00s Real=0.00s
[1065.905s][info][gc,start       ] GC(2772) Pause Young (Allocation Failure)
[1065.906s][info][gc,heap        ] GC(2772) PSYoungGen: 277056K(290816K)->64K(266752K) Eden: 276992K(276992K)->0K(266240K) From: 64K(13824K)->64K(512K)
[1065.906s][info][gc,heap        ] GC(2772) ParOldGen: 106215K(175104K)->106223K(175104K)
[1065.906s][info][gc,metaspace   ] GC(2772) Metaspace: 35485K(36352K)->35485K(36352K) NonClass: 26275K(26944K)->26275K(26944K) Class: 9209K(9408K)->9209K(9408K)
[1065.906s][info][gc             ] GC(2772) Pause Young (Allocation Failure) 374M->103M(431M) 0.633ms
[1065.906s][info][gc,cpu         ] GC(2772) User=0.00s Sys=0.00s Real=0.00s
[1066.008s][info][gc,start       ] GC(2773) Pause Young (Allocation Failure)
[1066.008s][info][gc,heap        ] GC(2773) PSYoungGen: 266304K(266752K)->64K(268288K) Eden: 266240K(266240K)->0K(256000K) From: 64K(512K)->64K(12288K)
[1066.008s][info][gc,heap        ] GC(2773) ParOldGen: 106223K(175104K)->106231K(175104K)
[1066.008s][info][gc,metaspace   ] GC(2773) Metaspace: 35485K(36352K)->35485K(36352K) NonClass: 26275K(26944K)->26275K(26944K) Class: 9209K(9408K)->9209K(9408K)
[1066.008s][info][gc             ] GC(2773) Pause Young (Allocation Failure) 363M->103M(433M) 0.604ms
[1066.008s][info][gc,cpu         ] GC(2773) User=0.00s Sys=0.00s Real=0.00s
[1066.167s][info][gc,start       ] GC(2774) Pause Young (Allocation Failure)
[1066.168s][info][gc,heap        ] GC(2774) PSYoungGen: 256064K(268288K)->64K(246784K) Eden: 256000K(256000K)->0K(246272K) From: 64K(12288K)->64K(512K)
[1066.168s][info][gc,heap        ] GC(2774) ParOldGen: 106231K(175104K)->106239K(175104K)
[1066.168s][info][gc,metaspace   ] GC(2774) Metaspace: 35485K(36352K)->35485K(36352K) NonClass: 26275K(26944K)->26275K(26944K) Class: 9209K(9408K)->9209K(9408K)
[1066.168s][info][gc             ] GC(2774) Pause Young (Allocation Failure) 353M->103M(412M) 0.913ms
[1066.168s][info][gc,cpu         ] GC(2774) User=0.00s Sys=0.00s Real=0.00s
[1067.038s][info][gc,start       ] GC(2775) Pause Young (Allocation Failure)
[1067.039s][info][gc,heap        ] GC(2775) PSYoungGen: 246336K(246784K)->64K(247808K) Eden: 246272K(246272K)->0K(237056K) From: 64K(512K)->64K(10752K)
[1067.039s][info][gc,heap        ] GC(2775) ParOldGen: 106239K(175104K)->106247K(175104K)
[1067.039s][info][gc,metaspace   ] GC(2775) Metaspace: 35485K(36352K)->35485K(36352K) NonClass: 26275K(26944K)->26275K(26944K) Class: 9209K(9408K)->9209K(9408K)
[1067.039s][info][gc             ] GC(2775) Pause Young (Allocation Failure) 344M->103M(413M) 1.047ms
[1067.039s][info][gc,cpu         ] GC(2775) User=0.00s Sys=0.00s Real=0.00s
[1067.841s][info][gc,start       ] GC(2776) Pause Young (Allocation Failure)
[1067.843s][info][gc,heap        ] GC(2776) PSYoungGen: 237120K(247808K)->64K(228864K) Eden: 237056K(237056K)->0K(228352K) From: 64K(10752K)->64K(512K)
[1067.843s][info][gc,heap        ] GC(2776) ParOldGen: 106247K(175104K)->106255K(175104K)
[1067.843s][info][gc,metaspace   ] GC(2776) Metaspace: 35485K(36352K)->35485K(36352K) NonClass: 26275K(26944K)->26275K(26944K) Class: 9209K(9408K)->9209K(9408K)
[1067.843s][info][gc             ] GC(2776) Pause Young (Allocation Failure) 335M->103M(394M) 2.084ms
[1067.843s][info][gc,cpu         ] GC(2776) User=0.00s Sys=0.00s Real=0.01s
[1068.019s][info][gc,start       ] GC(2777) Pause Young (Allocation Failure)
[1068.020s][info][gc,heap        ] GC(2777) PSYoungGen: 228416K(228864K)->64K(229376K) Eden: 228352K(228352K)->0K(219648K) From: 64K(512K)->64K(9728K)
[1068.020s][info][gc,heap        ] GC(2777) ParOldGen: 106255K(175104K)->106271K(175104K)
[1068.020s][info][gc,metaspace   ] GC(2777) Metaspace: 35485K(36352K)->35485K(36352K) NonClass: 26275K(26944K)->26275K(26944K) Class: 9209K(9408K)->9209K(9408K)
[1068.020s][info][gc             ] GC(2777) Pause Young (Allocation Failure) 326M->103M(395M) 1.333ms
[1068.020s][info][gc,cpu         ] GC(2777) User=0.00s Sys=0.00s Real=0.00s
[1068.430s][info][gc,start       ] GC(2778) Pause Young (Allocation Failure)
[1068.432s][info][gc,heap        ] GC(2778) PSYoungGen: 219712K(229376K)->64K(211968K) Eden: 219648K(219648K)->0K(211456K) From: 64K(9728K)->64K(512K)
[1068.432s][info][gc,heap        ] GC(2778) ParOldGen: 106271K(175104K)->106287K(175104K)
[1068.432s][info][gc,metaspace   ] GC(2778) Metaspace: 35485K(36352K)->35485K(36352K) NonClass: 26275K(26944K)->26275K(26944K) Class: 9209K(9408K)->9209K(9408K)
[1068.432s][info][gc             ] GC(2778) Pause Young (Allocation Failure) 318M->103M(378M) 1.987ms
[1068.432s][info][gc,cpu         ] GC(2778) User=0.00s Sys=0.01s Real=0.00s
[1069.349s][info][gc,start       ] GC(2779) Pause Young (Allocation Failure)
[1069.350s][info][gc,heap        ] GC(2779) PSYoungGen: 211520K(211968K)->64K(212480K) Eden: 211456K(211456K)->0K(203776K) From: 64K(512K)->64K(8704K)
[1069.350s][info][gc,heap        ] GC(2779) ParOldGen: 106287K(175104K)->106295K(175104K)
[1069.350s][info][gc,metaspace   ] GC(2779) Metaspace: 35485K(36352K)->35485K(36352K) NonClass: 26275K(26944K)->26275K(26944K) Class: 9209K(9408K)->9209K(9408K)
[1069.350s][info][gc             ] GC(2779) Pause Young (Allocation Failure) 310M->103M(378M) 0.959ms
[1069.350s][info][gc,cpu         ] GC(2779) User=0.00s Sys=0.00s Real=0.00s
[1069.700s][info][gc,start       ] GC(2780) Pause Young (Allocation Failure)
[1069.701s][info][gc,heap        ] GC(2780) PSYoungGen: 203840K(212480K)->64K(197120K) Eden: 203776K(203776K)->0K(196608K) From: 64K(8704K)->64K(512K)
[1069.701s][info][gc,heap        ] GC(2780) ParOldGen: 106295K(175104K)->106311K(175104K)
[1069.701s][info][gc,metaspace   ] GC(2780) Metaspace: 35485K(36352K)->35485K(36352K) NonClass: 26275K(26944K)->26275K(26944K) Class: 9209K(9408K)->9209K(9408K)
[1069.701s][info][gc             ] GC(2780) Pause Young (Allocation Failure) 302M->103M(363M) 1.657ms
[1069.701s][info][gc,cpu         ] GC(2780) User=0.00s Sys=0.00s Real=0.00s
[1069.892s][info][gc,start       ] GC(2781) Pause Young (Allocation Failure)
[1069.893s][info][gc,heap        ] GC(2781) PSYoungGen: 196672K(197120K)->64K(196608K) Eden: 196608K(196608K)->0K(189440K) From: 64K(512K)->64K(7168K)
[1069.893s][info][gc,heap        ] GC(2781) ParOldGen: 106311K(175104K)->106327K(175104K)
[1069.893s][info][gc,metaspace   ] GC(2781) Metaspace: 35485K(36352K)->35485K(36352K) NonClass: 26275K(26944K)->26275K(26944K) Class: 9209K(9408K)->9209K(9408K)
[1069.893s][info][gc             ] GC(2781) Pause Young (Allocation Failure) 295M->103M(363M) 1.205ms
[1069.893s][info][gc,cpu         ] GC(2781) User=0.00s Sys=0.00s Real=0.00s
[1069.941s][info][gc,start       ] GC(2782) Pause Young (Allocation Failure)
[1069.943s][info][gc,heap        ] GC(2782) PSYoungGen: 189504K(196608K)->32K(183296K) Eden: 189440K(189440K)->0K(182784K) From: 64K(7168K)->32K(512K)
[1069.943s][info][gc,heap        ] GC(2782) ParOldGen: 106327K(175104K)->106343K(175104K)
[1069.943s][info][gc,metaspace   ] GC(2782) Metaspace: 35485K(36352K)->35485K(36352K) NonClass: 26275K(26944K)->26275K(26944K) Class: 9209K(9408K)->9209K(9408K)
[1069.943s][info][gc             ] GC(2782) Pause Young (Allocation Failure) 288M->103M(350M) 1.491ms
[1069.943s][info][gc,cpu         ] GC(2782) User=0.00s Sys=0.00s Real=0.00s
[1070.133s][info][gc,start       ] GC(2783) Pause Young (Allocation Failure)
[1070.134s][info][gc,heap        ] GC(2783) PSYoungGen: 182816K(183296K)->64K(183296K) Eden: 182784K(182784K)->0K(176640K) From: 32K(512K)->64K(6656K)
[1070.134s][info][gc,heap        ] GC(2783) ParOldGen: 106343K(175104K)->106343K(175104K)
[1070.134s][info][gc,metaspace   ] GC(2783) Metaspace: 35485K(36352K)->35485K(36352K) NonClass: 26275K(26944K)->26275K(26944K) Class: 9209K(9408K)->9209K(9408K)
[1070.134s][info][gc             ] GC(2783) Pause Young (Allocation Failure) 282M->103M(350M) 0.971ms
[1070.134s][info][gc,cpu         ] GC(2783) User=0.00s Sys=0.00s Real=0.01s
[1070.588s][info][gc,start       ] GC(2784) Pause Young (Allocation Failure)
[1070.589s][info][gc,heap        ] GC(2784) PSYoungGen: 176704K(183296K)->64K(171008K) Eden: 176640K(176640K)->0K(170496K) From: 64K(6656K)->64K(512K)
[1070.589s][info][gc,heap        ] GC(2784) ParOldGen: 106343K(175104K)->106359K(175104K)
[1070.589s][info][gc,metaspace   ] GC(2784) Metaspace: 35485K(36352K)->35485K(36352K) NonClass: 26275K(26944K)->26275K(26944K) Class: 9209K(9408K)->9209K(9408K)
[1070.589s][info][gc             ] GC(2784) Pause Young (Allocation Failure) 276M->103M(338M) 1.662ms
[1070.589s][info][gc,cpu         ] GC(2784) User=0.00s Sys=0.00s Real=0.00s
[1070.685s][info][gc,start       ] GC(2785) Pause Young (Allocation Failure)
[1070.686s][info][gc,heap        ] GC(2785) PSYoungGen: 170560K(171008K)->64K(170496K) Eden: 170496K(170496K)->0K(164864K) From: 64K(512K)->64K(5632K)
[1070.686s][info][gc,heap        ] GC(2785) ParOldGen: 106359K(175104K)->106359K(175104K)
[1070.686s][info][gc,metaspace   ] GC(2785) Metaspace: 35485K(36352K)->35485K(36352K) NonClass: 26275K(26944K)->26275K(26944K) Class: 9209K(9408K)->9209K(9408K)
[1070.686s][info][gc             ] GC(2785) Pause Young (Allocation Failure) 270M->103M(337M) 0.912ms
[1070.686s][info][gc,cpu         ] GC(2785) User=0.00s Sys=0.00s Real=0.00s
[1070.968s][info][gc,start       ] GC(2786) Pause Young (Allocation Failure)
[1070.973s][info][gc,heap        ] GC(2786) PSYoungGen: 164927K(170496K)->2208K(161792K) Eden: 164863K(164864K)->0K(159232K) From: 64K(5632K)->2208K(2560K)
[1070.973s][info][gc,heap        ] GC(2786) ParOldGen: 106359K(175104K)->106375K(175104K)
[1070.973s][info][gc,metaspace   ] GC(2786) Metaspace: 35485K(36352K)->35485K(36352K) NonClass: 26275K(26944K)->26275K(26944K) Class: 9209K(9408K)->9209K(9408K)
[1070.973s][info][gc             ] GC(2786) Pause Young (Allocation Failure) 264M->106M(329M) 4.995ms
[1070.973s][info][gc,cpu         ] GC(2786) User=0.01s Sys=0.00s Real=0.00s
[1071.203s][info][gc,start       ] GC(2787) Pause Young (Allocation Failure)
[1071.232s][info][gc,heap        ] GC(2787) PSYoungGen: 161440K(161792K)->5120K(196096K) Eden: 159232K(159232K)->0K(190976K) From: 2208K(2560K)->5120K(5120K)
[1071.232s][info][gc,heap        ] GC(2787) ParOldGen: 106375K(175104K)->119327K(175104K)
[1071.232s][info][gc,metaspace   ] GC(2787) Metaspace: 35485K(36352K)->35485K(36352K) NonClass: 26275K(26944K)->26275K(26944K) Class: 9209K(9408K)->9209K(9408K)
[1071.232s][info][gc             ] GC(2787) Pause Young (Allocation Failure) 261M->121M(362M) 29.377ms
[1071.232s][info][gc,cpu         ] GC(2787) User=0.05s Sys=0.00s Real=0.03s
[1071.507s][info][gc,start       ] GC(2788) Pause Young (Allocation Failure)
[1071.544s][info][gc,heap        ] GC(2788) PSYoungGen: 196096K(196096K)->3072K(231936K) Eden: 190976K(190976K)->0K(228864K) From: 5120K(5120K)->3072K(3072K)
[1071.544s][info][gc,heap        ] GC(2788) ParOldGen: 119327K(175104K)->138287K(175104K)
[1071.544s][info][gc,metaspace   ] GC(2788) Metaspace: 35485K(36352K)->35485K(36352K) NonClass: 26275K(26944K)->26275K(26944K) Class: 9209K(9408K)->9209K(9408K)
[1071.544s][info][gc             ] GC(2788) Pause Young (Allocation Failure) 308M->138M(397M) 36.765ms
[1071.544s][info][gc,cpu         ] GC(2788) User=0.07s Sys=0.00s Real=0.04s
[1071.819s][info][gc,start       ] GC(2789) Pause Young (Allocation Failure)
[1071.859s][info][gc,heap        ] GC(2789) PSYoungGen: 231936K(231936K)->17920K(246784K) Eden: 228864K(228864K)->0K(228864K) From: 3072K(3072K)->17920K(17920K)
[1071.859s][info][gc,heap        ] GC(2789) ParOldGen: 138287K(175104K)->141599K(175104K)
[1071.859s][info][gc,metaspace   ] GC(2789) Metaspace: 35485K(36352K)->35485K(36352K) NonClass: 26275K(26944K)->26275K(26944K) Class: 9209K(9408K)->9209K(9408K)
[1071.859s][info][gc             ] GC(2789) Pause Young (Allocation Failure) 361M->155M(412M) 40.652ms
[1071.859s][info][gc,cpu         ] GC(2789) User=0.06s Sys=0.00s Real=0.04s
[1071.937s][info][gc,start       ] GC(2790) Pause Young (Allocation Failure)
[1071.939s][info][gc,heap        ] GC(2790) PSYoungGen: 246784K(246784K)->64K(295936K) Eden: 228864K(228864K)->0K(274432K) From: 17920K(17920K)->64K(21504K)
[1071.939s][info][gc,heap        ] GC(2790) ParOldGen: 141599K(175104K)->141679K(175104K)
[1071.939s][info][gc,metaspace   ] GC(2790) Metaspace: 35485K(36352K)->35485K(36352K) NonClass: 26275K(26944K)->26275K(26944K) Class: 9209K(9408K)->9209K(9408K)
[1071.939s][info][gc             ] GC(2790) Pause Young (Allocation Failure) 379M->138M(460M) 1.681ms
[1071.939s][info][gc,cpu         ] GC(2790) User=0.00s Sys=0.00s Real=0.00s
[1072.546s][info][gc,start       ] GC(2791) Pause Young (Allocation Failure)
[1072.547s][info][gc,heap        ] GC(2791) PSYoungGen: 274496K(295936K)->64K(296448K) Eden: 274432K(274432K)->0K(274432K) From: 64K(21504K)->64K(22016K)
[1072.547s][info][gc,heap        ] GC(2791) ParOldGen: 141679K(175104K)->141687K(175104K)
[1072.547s][info][gc,metaspace   ] GC(2791) Metaspace: 35485K(36352K)->35485K(36352K) NonClass: 26275K(26944K)->26275K(26944K) Class: 9209K(9408K)->9209K(9408K)
[1072.547s][info][gc             ] GC(2791) Pause Young (Allocation Failure) 406M->138M(460M) 0.995ms
[1072.547s][info][gc,cpu         ] GC(2791) User=0.00s Sys=0.00s Real=0.00s
[1072.943s][info][gc,start       ] GC(2792) Pause Young (Allocation Failure)
[1072.944s][info][gc,heap        ] GC(2792) PSYoungGen: 274496K(296448K)->64K(309760K) Eden: 274432K(274432K)->0K(290304K) From: 64K(22016K)->64K(19456K)
[1072.944s][info][gc,heap        ] GC(2792) ParOldGen: 141687K(175104K)->141695K(175104K)
[1072.944s][info][gc,metaspace   ] GC(2792) Metaspace: 35487K(36352K)->35487K(36352K) NonClass: 26277K(26944K)->26277K(26944K) Class: 9209K(9408K)->9209K(9408K)
[1072.944s][info][gc             ] GC(2792) Pause Young (Allocation Failure) 406M->138M(473M) 0.832ms
[1072.944s][info][gc,cpu         ] GC(2792) User=0.00s Sys=0.00s Real=0.00s
[1073.399s][info][gc,start       ] GC(2793) Pause Young (Allocation Failure)
[1073.400s][info][gc,heap        ] GC(2793) PSYoungGen: 290368K(309760K)->64K(310784K) Eden: 290304K(290304K)->0K(290304K) From: 64K(19456K)->64K(20480K)
[1073.400s][info][gc,heap        ] GC(2793) ParOldGen: 141695K(175104K)->141711K(175104K)
[1073.400s][info][gc,metaspace   ] GC(2793) Metaspace: 35487K(36352K)->35487K(36352K) NonClass: 26277K(26944K)->26277K(26944K) Class: 9209K(9408K)->9209K(9408K)
[1073.400s][info][gc             ] GC(2793) Pause Young (Allocation Failure) 421M->138M(474M) 0.987ms
[1073.400s][info][gc,cpu         ] GC(2793) User=0.00s Sys=0.00s Real=0.00s
[1073.639s][info][gc,start       ] GC(2794) Pause Young (Allocation Failure)
[1073.640s][info][gc,heap        ] GC(2794) PSYoungGen: 290368K(310784K)->64K(312320K) Eden: 290304K(290304K)->0K(293888K) From: 64K(20480K)->64K(18432K)
[1073.640s][info][gc,heap        ] GC(2794) ParOldGen: 141711K(175104K)->141727K(175104K)
[1073.640s][info][gc,metaspace   ] GC(2794) Metaspace: 35487K(36352K)->35487K(36352K) NonClass: 26277K(26944K)->26277K(26944K) Class: 9209K(9408K)->9209K(9408K)
[1073.640s][info][gc             ] GC(2794) Pause Young (Allocation Failure) 421M->138M(476M) 0.746ms
[1073.640s][info][gc,cpu         ] GC(2794) User=0.00s Sys=0.00s Real=0.00s
[1074.004s][info][gc,start       ] GC(2795) Pause Young (Allocation Failure)
[1074.004s][info][gc,heap        ] GC(2795) PSYoungGen: 293952K(312320K)->64K(312832K) Eden: 293888K(293888K)->0K(293888K) From: 64K(18432K)->64K(18944K)
[1074.004s][info][gc,heap        ] GC(2795) ParOldGen: 141727K(175104K)->141727K(175104K)
[1074.004s][info][gc,metaspace   ] GC(2795) Metaspace: 35487K(36352K)->35487K(36352K) NonClass: 26277K(26944K)->26277K(26944K) Class: 9209K(9408K)->9209K(9408K)
[1074.005s][info][gc             ] GC(2795) Pause Young (Allocation Failure) 425M->138M(476M) 0.775ms
[1074.005s][info][gc,cpu         ] GC(2795) User=0.00s Sys=0.00s Real=0.00s
[1074.110s][info][gc,start       ] GC(2796) Pause Young (Allocation Failure)
[1074.111s][info][gc,heap        ] GC(2796) PSYoungGen: 293952K(312832K)->64K(313344K) Eden: 293888K(293888K)->0K(296960K) From: 64K(18944K)->64K(16384K)
[1074.111s][info][gc,heap        ] GC(2796) ParOldGen: 141727K(175104K)->141735K(175104K)
[1074.111s][info][gc,metaspace   ] GC(2796) Metaspace: 35487K(36352K)->35487K(36352K) NonClass: 26277K(26944K)->26277K(26944K) Class: 9209K(9408K)->9209K(9408K)
[1074.111s][info][gc             ] GC(2796) Pause Young (Allocation Failure) 425M->138M(477M) 0.727ms
[1074.111s][info][gc,cpu         ] GC(2796) User=0.00s Sys=0.00s Real=0.00s
[1074.164s][info][gc,start       ] GC(2797) Pause Young (Allocation Failure)
[1074.165s][info][gc,heap        ] GC(2797) PSYoungGen: 297024K(313344K)->64K(313856K) Eden: 296960K(296960K)->0K(296960K) From: 64K(16384K)->64K(16896K)
[1074.165s][info][gc,heap        ] GC(2797) ParOldGen: 141735K(175104K)->141751K(175104K)
[1074.165s][info][gc,metaspace   ] GC(2797) Metaspace: 35487K(36352K)->35487K(36352K) NonClass: 26277K(26944K)->26277K(26944K) Class: 9209K(9408K)->9209K(9408K)
[1074.165s][info][gc             ] GC(2797) Pause Young (Allocation Failure) 428M->138M(477M) 0.680ms
[1074.165s][info][gc,cpu         ] GC(2797) User=0.00s Sys=0.00s Real=0.00s
[1074.369s][info][gc,start       ] GC(2798) Pause Young (Allocation Failure)
[1074.370s][info][gc,heap        ] GC(2798) PSYoungGen: 297024K(313856K)->64K(314880K) Eden: 296960K(296960K)->0K(300544K) From: 64K(16896K)->64K(14336K)
[1074.370s][info][gc,heap        ] GC(2798) ParOldGen: 141751K(175104K)->141751K(175104K)
[1074.370s][info][gc,metaspace   ] GC(2798) Metaspace: 35487K(36352K)->35487K(36352K) NonClass: 26277K(26944K)->26277K(26944K) Class: 9209K(9408K)->9209K(9408K)
[1074.370s][info][gc             ] GC(2798) Pause Young (Allocation Failure) 428M->138M(478M) 0.720ms
[1074.370s][info][gc,cpu         ] GC(2798) User=0.00s Sys=0.00s Real=0.00s
[1074.660s][info][gc,start       ] GC(2799) Pause Young (Allocation Failure)
[1074.661s][info][gc,heap        ] GC(2799) PSYoungGen: 300608K(314880K)->64K(289280K) Eden: 300544K(300544K)->0K(288768K) From: 64K(14336K)->64K(512K)
[1074.661s][info][gc,heap        ] GC(2799) ParOldGen: 141751K(175104K)->141759K(175104K)
[1074.661s][info][gc,metaspace   ] GC(2799) Metaspace: 35487K(36352K)->35487K(36352K) NonClass: 26277K(26944K)->26277K(26944K) Class: 9209K(9408K)->9209K(9408K)
[1074.661s][info][gc             ] GC(2799) Pause Young (Allocation Failure) 431M->138M(453M) 0.805ms
[1074.661s][info][gc,cpu         ] GC(2799) User=0.00s Sys=0.00s Real=0.00s
[1074.793s][info][gc,start       ] GC(2800) Pause Young (Allocation Failure)
[1074.794s][info][gc,heap        ] GC(2800) PSYoungGen: 288832K(289280K)->64K(278528K) Eden: 288768K(288768K)->0K(277504K) From: 64K(512K)->64K(1024K)
[1074.794s][info][gc,heap        ] GC(2800) ParOldGen: 141759K(175104K)->141767K(175104K)
[1074.794s][info][gc,metaspace   ] GC(2800) Metaspace: 35487K(36352K)->35487K(36352K) NonClass: 26277K(26944K)->26277K(26944K) Class: 9209K(9408K)->9209K(9408K)
[1074.794s][info][gc             ] GC(2800) Pause Young (Allocation Failure) 420M->138M(443M) 0.774ms
[1074.794s][info][gc,cpu         ] GC(2800) User=0.00s Sys=0.00s Real=0.00s
[1074.881s][info][gc,start       ] GC(2801) Pause Young (Allocation Failure)
[1074.882s][info][gc,heap        ] GC(2801) PSYoungGen: 277568K(278528K)->64K(280064K) Eden: 277504K(277504K)->0K(266752K) From: 64K(1024K)->64K(13312K)
[1074.882s][info][gc,heap        ] GC(2801) ParOldGen: 141767K(175104K)->141775K(175104K)
[1074.882s][info][gc,metaspace   ] GC(2801) Metaspace: 35487K(36352K)->35487K(36352K) NonClass: 26277K(26944K)->26277K(26944K) Class: 9209K(9408K)->9209K(9408K)
[1074.882s][info][gc             ] GC(2801) Pause Young (Allocation Failure) 409M->138M(444M) 0.645ms
[1074.882s][info][gc,cpu         ] GC(2801) User=0.00s Sys=0.00s Real=0.00s
[1075.049s][info][gc,start       ] GC(2802) Pause Young (Allocation Failure)
[1075.050s][info][gc,heap        ] GC(2802) PSYoungGen: 266816K(280064K)->64K(257024K) Eden: 266752K(266752K)->0K(256512K) From: 64K(13312K)->64K(512K)
[1075.050s][info][gc,heap        ] GC(2802) ParOldGen: 141775K(175104K)->141783K(175104K)
[1075.050s][info][gc,metaspace   ] GC(2802) Metaspace: 35487K(36352K)->35487K(36352K) NonClass: 26277K(26944K)->26277K(26944K) Class: 9209K(9408K)->9209K(9408K)
[1075.050s][info][gc             ] GC(2802) Pause Young (Allocation Failure) 399M->138M(422M) 1.519ms
[1075.050s][info][gc,cpu         ] GC(2802) User=0.00s Sys=0.00s Real=0.00s
[1075.935s][info][gc,start       ] GC(2803) Pause Young (Allocation Failure)
[1075.936s][info][gc,heap        ] GC(2803) PSYoungGen: 256576K(257024K)->83K(258560K) Eden: 256512K(256512K)->0K(246784K) From: 64K(512K)->83K(11776K)
[1075.936s][info][gc,heap        ] GC(2803) ParOldGen: 141783K(175104K)->141791K(175104K)
[1075.936s][info][gc,metaspace   ] GC(2803) Metaspace: 35487K(36352K)->35487K(36352K) NonClass: 26277K(26944K)->26277K(26944K) Class: 9209K(9408K)->9209K(9408K)
[1075.936s][info][gc             ] GC(2803) Pause Young (Allocation Failure) 389M->138M(423M) 0.694ms
[1075.936s][info][gc,cpu         ] GC(2803) User=0.00s Sys=0.00s Real=0.00s
[1076.736s][info][gc,start       ] GC(2804) Pause Young (Allocation Failure)
[1076.738s][info][gc,heap        ] GC(2804) PSYoungGen: 246867K(258560K)->64K(238080K) Eden: 246784K(246784K)->0K(237568K) From: 83K(11776K)->64K(512K)
[1076.738s][info][gc,heap        ] GC(2804) ParOldGen: 141791K(175104K)->141799K(175104K)
[1076.738s][info][gc,metaspace   ] GC(2804) Metaspace: 35487K(36352K)->35487K(36352K) NonClass: 26277K(26944K)->26277K(26944K) Class: 9209K(9408K)->9209K(9408K)
[1076.738s][info][gc             ] GC(2804) Pause Young (Allocation Failure) 379M->138M(403M) 2.050ms
[1076.738s][info][gc,cpu         ] GC(2804) User=0.00s Sys=0.00s Real=0.00s
[1076.912s][info][gc,start       ] GC(2805) Pause Young (Allocation Failure)
[1076.913s][info][gc,heap        ] GC(2805) PSYoungGen: 237632K(238080K)->64K(239104K) Eden: 237568K(237568K)->0K(228864K) From: 64K(512K)->64K(10240K)
[1076.913s][info][gc,heap        ] GC(2805) ParOldGen: 141799K(175104K)->141815K(175104K)
[1076.913s][info][gc,metaspace   ] GC(2805) Metaspace: 35487K(36352K)->35487K(36352K) NonClass: 26277K(26944K)->26277K(26944K) Class: 9209K(9408K)->9209K(9408K)
[1076.913s][info][gc             ] GC(2805) Pause Young (Allocation Failure) 370M->138M(404M) 1.070ms
[1076.913s][info][gc,cpu         ] GC(2805) User=0.00s Sys=0.00s Real=0.01s
[1077.337s][info][gc,start       ] GC(2806) Pause Young (Allocation Failure)
[1077.339s][info][gc,heap        ] GC(2806) PSYoungGen: 228928K(239104K)->64K(220672K) Eden: 228864K(228864K)->0K(220160K) From: 64K(10240K)->64K(512K)
[1077.339s][info][gc,heap        ] GC(2806) ParOldGen: 141815K(175104K)->141831K(175104K)
[1077.339s][info][gc,metaspace   ] GC(2806) Metaspace: 35487K(36352K)->35487K(36352K) NonClass: 26277K(26944K)->26277K(26944K) Class: 9209K(9408K)->9209K(9408K)
[1077.339s][info][gc             ] GC(2806) Pause Young (Allocation Failure) 362M->138M(386M) 2.202ms
[1077.339s][info][gc,cpu         ] GC(2806) User=0.00s Sys=0.00s Real=0.00s
[1078.264s][info][gc,start       ] GC(2807) Pause Young (Allocation Failure)
[1078.265s][info][gc,heap        ] GC(2807) PSYoungGen: 220224K(220672K)->64K(221184K) Eden: 220160K(220160K)->0K(211968K) From: 64K(512K)->64K(9216K)
[1078.265s][info][gc,heap        ] GC(2807) ParOldGen: 141831K(175104K)->141839K(175104K)
[1078.265s][info][gc,metaspace   ] GC(2807) Metaspace: 35487K(36352K)->35487K(36352K) NonClass: 26277K(26944K)->26277K(26944K) Class: 9209K(9408K)->9209K(9408K)
[1078.265s][info][gc             ] GC(2807) Pause Young (Allocation Failure) 353M->138M(387M) 1.542ms
[1078.265s][info][gc,cpu         ] GC(2807) User=0.00s Sys=0.00s Real=0.00s
[1078.617s][info][gc,start       ] GC(2808) Pause Young (Allocation Failure)
[1078.619s][info][gc,heap        ] GC(2808) PSYoungGen: 212032K(221184K)->64K(204800K) Eden: 211968K(211968K)->0K(204288K) From: 64K(9216K)->64K(512K)
[1078.619s][info][gc,heap        ] GC(2808) ParOldGen: 141839K(175104K)->141855K(175104K)
[1078.619s][info][gc,metaspace   ] GC(2808) Metaspace: 35487K(36352K)->35487K(36352K) NonClass: 26277K(26944K)->26277K(26944K) Class: 9209K(9408K)->9209K(9408K)
[1078.619s][info][gc             ] GC(2808) Pause Young (Allocation Failure) 345M->138M(371M) 1.951ms
[1078.619s][info][gc,cpu         ] GC(2808) User=0.01s Sys=0.00s Real=0.00s
[1078.792s][info][gc,start       ] GC(2809) Pause Young (Allocation Failure)
[1078.793s][info][gc,heap        ] GC(2809) PSYoungGen: 204352K(204800K)->64K(205312K) Eden: 204288K(204288K)->0K(197120K) From: 64K(512K)->64K(8192K)
[1078.793s][info][gc,heap        ] GC(2809) ParOldGen: 141855K(175104K)->141871K(175104K)
[1078.793s][info][gc,metaspace   ] GC(2809) Metaspace: 35487K(36352K)->35487K(36352K) NonClass: 26277K(26944K)->26277K(26944K) Class: 9209K(9408K)->9209K(9408K)
[1078.793s][info][gc             ] GC(2809) Pause Young (Allocation Failure) 338M->138M(371M) 0.992ms
[1078.793s][info][gc,cpu         ] GC(2809) User=0.00s Sys=0.01s Real=0.01s
[1078.842s][info][gc,start       ] GC(2810) Pause Young (Allocation Failure)
[1078.843s][info][gc,heap        ] GC(2810) PSYoungGen: 197184K(205312K)->32K(190464K) Eden: 197120K(197120K)->0K(189952K) From: 64K(8192K)->32K(512K)
[1078.843s][info][gc,heap        ] GC(2810) ParOldGen: 141871K(175104K)->141887K(175104K)
[1078.843s][info][gc,metaspace   ] GC(2810) Metaspace: 35487K(36352K)->35487K(36352K) NonClass: 26277K(26944K)->26277K(26944K) Class: 9209K(9408K)->9209K(9408K)
[1078.843s][info][gc             ] GC(2810) Pause Young (Allocation Failure) 331M->138M(357M) 1.449ms
[1078.843s][info][gc,cpu         ] GC(2810) User=0.01s Sys=0.00s Real=0.01s
[1079.134s][info][gc,start       ] GC(2811) Pause Young (Allocation Failure)
[1079.135s][info][gc,heap        ] GC(2811) PSYoungGen: 189984K(190464K)->64K(189952K) Eden: 189952K(189952K)->0K(183296K) From: 32K(512K)->64K(6656K)
[1079.135s][info][gc,heap        ] GC(2811) ParOldGen: 141887K(175104K)->141887K(175104K)
[1079.135s][info][gc,metaspace   ] GC(2811) Metaspace: 35487K(36352K)->35487K(36352K) NonClass: 26277K(26944K)->26277K(26944K) Class: 9209K(9408K)->9209K(9408K)
[1079.135s][info][gc             ] GC(2811) Pause Young (Allocation Failure) 324M->138M(356M) 1.184ms
[1079.135s][info][gc,cpu         ] GC(2811) User=0.00s Sys=0.00s Real=0.00s
[1079.497s][info][gc,start       ] GC(2812) Pause Young (Allocation Failure)
[1079.498s][info][gc,heap        ] GC(2812) PSYoungGen: 183360K(189952K)->64K(177664K) Eden: 183296K(183296K)->0K(177152K) From: 64K(6656K)->64K(512K)
[1079.498s][info][gc,heap        ] GC(2812) ParOldGen: 141887K(175104K)->141903K(175104K)
[1079.498s][info][gc,metaspace   ] GC(2812) Metaspace: 35487K(36352K)->35487K(36352K) NonClass: 26277K(26944K)->26277K(26944K) Class: 9209K(9408K)->9209K(9408K)
[1079.498s][info][gc             ] GC(2812) Pause Young (Allocation Failure) 317M->138M(344M) 1.635ms
[1079.498s][info][gc,cpu         ] GC(2812) User=0.00s Sys=0.00s Real=0.00s
[1079.666s][info][gc,start       ] GC(2813) Pause Young (Allocation Failure)
[1079.667s][info][gc,heap        ] GC(2813) PSYoungGen: 177216K(177664K)->64K(177152K) Eden: 177152K(177152K)->0K(171008K) From: 64K(512K)->64K(6144K)
[1079.667s][info][gc,heap        ] GC(2813) ParOldGen: 141903K(175104K)->141919K(175104K)
[1079.667s][info][gc,metaspace   ] GC(2813) Metaspace: 35487K(36352K)->35487K(36352K) NonClass: 26277K(26944K)->26277K(26944K) Class: 9209K(9408K)->9209K(9408K)
[1079.667s][info][gc             ] GC(2813) Pause Young (Allocation Failure) 311M->138M(344M) 1.062ms
[1079.667s][info][gc,cpu         ] GC(2813) User=0.00s Sys=0.00s Real=0.00s
[1079.951s][info][gc,start       ] GC(2814) Pause Young (Allocation Failure)
[1079.966s][info][gc,heap        ] GC(2814) PSYoungGen: 171072K(177152K)->5632K(209408K) Eden: 171008K(171008K)->0K(203776K) From: 64K(6144K)->5632K(5632K)
[1079.966s][info][gc,heap        ] GC(2814) ParOldGen: 141919K(175104K)->145407K(175104K)
[1079.966s][info][gc,metaspace   ] GC(2814) Metaspace: 35487K(36352K)->35487K(36352K) NonClass: 26277K(26944K)->26277K(26944K) Class: 9209K(9408K)->9209K(9408K)
[1079.966s][info][gc             ] GC(2814) Pause Young (Allocation Failure) 305M->147M(375M) 15.503ms
[1079.966s][info][gc,cpu         ] GC(2814) User=0.02s Sys=0.00s Real=0.02s
[1080.259s][info][gc,start       ] GC(2815) Pause Young (Allocation Failure)
[1080.294s][info][gc,heap        ] GC(2815) PSYoungGen: 209408K(209408K)->8192K(242176K) Eden: 203776K(203776K)->0K(233984K) From: 5632K(5632K)->8192K(8192K)
[1080.294s][info][gc,heap        ] GC(2815) ParOldGen: 145407K(175104K)->160439K(175104K)
[1080.294s][info][gc,metaspace   ] GC(2815) Metaspace: 35487K(36352K)->35487K(36352K) NonClass: 26277K(26944K)->26277K(26944K) Class: 9209K(9408K)->9209K(9408K)
[1080.294s][info][gc             ] GC(2815) Pause Young (Allocation Failure) 346M->164M(407M) 34.956ms
[1080.294s][info][gc,cpu         ] GC(2815) User=0.07s Sys=0.00s Real=0.04s
[1080.632s][info][gc,start       ] GC(2816) Pause Young (Allocation Failure)
[1080.684s][info][gc,heap        ] GC(2816) PSYoungGen: 242176K(242176K)->15872K(252928K) Eden: 233984K(233984K)->0K(237056K) From: 8192K(8192K)->15872K(15872K)
[1080.684s][info][gc,heap        ] GC(2816) ParOldGen: 160439K(175104K)->171511K(175104K)
[1080.684s][info][gc,metaspace   ] GC(2816) Metaspace: 35487K(36352K)->35487K(36352K) NonClass: 26277K(26944K)->26277K(26944K) Class: 9209K(9408K)->9209K(9408K)
[1080.684s][info][gc             ] GC(2816) Pause Young (Allocation Failure) 393M->182M(418M) 52.167ms
[1080.684s][info][gc,cpu         ] GC(2816) User=0.09s Sys=0.01s Real=0.06s
[1080.784s][info][gc,start       ] GC(2817) Pause Young (Allocation Failure)
[1080.794s][info][gc,heap        ] GC(2817) PSYoungGen: 252928K(252928K)->3904K(260096K) Eden: 237056K(237056K)->0K(237056K) From: 15872K(15872K)->3904K(23040K)
[1080.794s][info][gc,heap        ] GC(2817) ParOldGen: 171511K(175104K)->171807K(175104K)
[1080.794s][info][gc,metaspace   ] GC(2817) Metaspace: 35487K(36352K)->35487K(36352K) NonClass: 26277K(26944K)->26277K(26944K) Class: 9209K(9408K)->9209K(9408K)
[1080.794s][info][gc             ] GC(2817) Pause Young (Allocation Failure) 414M->171M(425M) 9.449ms
[1080.794s][info][gc,cpu         ] GC(2817) User=0.02s Sys=0.00s Real=0.01s
[1081.156s][info][gc,start       ] GC(2818) Pause Young (Allocation Failure)
[1081.157s][info][gc,heap        ] GC(2818) PSYoungGen: 240960K(260096K)->64K(304128K) Eden: 237056K(237056K)->0K(284160K) From: 3904K(23040K)->64K(19968K)
[1081.157s][info][gc,heap        ] GC(2818) ParOldGen: 171807K(175104K)->171815K(175104K)
[1081.157s][info][gc,metaspace   ] GC(2818) Metaspace: 35487K(36352K)->35487K(36352K) NonClass: 26277K(26944K)->26277K(26944K) Class: 9209K(9408K)->9209K(9408K)
[1081.157s][info][gc             ] GC(2818) Pause Young (Allocation Failure) 403M->167M(468M) 0.923ms
[1081.157s][info][gc,cpu         ] GC(2818) User=0.00s Sys=0.00s Real=0.00s
[1081.794s][info][gc,start       ] GC(2819) Pause Young (Allocation Failure)
[1081.795s][info][gc,heap        ] GC(2819) PSYoungGen: 284224K(304128K)->128K(305152K) Eden: 284160K(284160K)->0K(284160K) From: 64K(19968K)->128K(20992K)
[1081.795s][info][gc,heap        ] GC(2819) ParOldGen: 171815K(175104K)->171823K(175104K)
[1081.795s][info][gc,metaspace   ] GC(2819) Metaspace: 35557K(36352K)->35557K(36352K) NonClass: 26347K(26944K)->26347K(26944K) Class: 9209K(9408K)->9209K(9408K)
[1081.795s][info][gc             ] GC(2819) Pause Young (Allocation Failure) 445M->167M(469M) 1.396ms
[1081.795s][info][gc,cpu         ] GC(2819) User=0.00s Sys=0.01s Real=0.00s
[1082.243s][info][gc,start       ] GC(2820) Pause Young (Allocation Failure)
[1082.244s][info][gc,heap        ] GC(2820) PSYoungGen: 284288K(305152K)->64K(310272K) Eden: 284160K(284160K)->0K(292352K) From: 128K(20992K)->64K(17920K)
[1082.244s][info][gc,heap        ] GC(2820) ParOldGen: 171823K(175104K)->171903K(175104K)
[1082.244s][info][gc,metaspace   ] GC(2820) Metaspace: 35557K(36352K)->35557K(36352K) NonClass: 26347K(26944K)->26347K(26944K) Class: 9209K(9408K)->9209K(9408K)
[1082.244s][info][gc             ] GC(2820) Pause Young (Allocation Failure) 445M->167M(474M) 0.918ms
[1082.244s][info][gc,cpu         ] GC(2820) User=0.00s Sys=0.00s Real=0.01s
[1082.489s][info][gc,start       ] GC(2821) Pause Young (Allocation Failure)
[1082.490s][info][gc,heap        ] GC(2821) PSYoungGen: 292416K(310272K)->64K(311808K) Eden: 292352K(292352K)->0K(292352K) From: 64K(17920K)->64K(19456K)
[1082.490s][info][gc,heap        ] GC(2821) ParOldGen: 171903K(175104K)->171919K(175104K)
[1082.490s][info][gc,metaspace   ] GC(2821) Metaspace: 35557K(36352K)->35557K(36352K) NonClass: 26347K(26944K)->26347K(26944K) Class: 9209K(9408K)->9209K(9408K)
[1082.490s][info][gc             ] GC(2821) Pause Young (Allocation Failure) 453M->167M(475M) 0.869ms
[1082.490s][info][gc,cpu         ] GC(2821) User=0.00s Sys=0.00s Real=0.00s
[1082.732s][info][gc,start       ] GC(2822) Pause Young (Allocation Failure)
[1082.733s][info][gc,heap        ] GC(2822) PSYoungGen: 292416K(311808K)->64K(311808K) Eden: 292352K(292352K)->0K(295424K) From: 64K(19456K)->64K(16384K)
[1082.733s][info][gc,heap        ] GC(2822) ParOldGen: 171919K(175104K)->171919K(175104K)
[1082.733s][info][gc,metaspace   ] GC(2822) Metaspace: 35557K(36352K)->35557K(36352K) NonClass: 26347K(26944K)->26347K(26944K) Class: 9209K(9408K)->9209K(9408K)
[1082.733s][info][gc             ] GC(2822) Pause Young (Allocation Failure) 453M->167M(475M) 0.821ms
[1082.733s][info][gc,cpu         ] GC(2822) User=0.00s Sys=0.00s Real=0.00s
[1083.038s][info][gc,start       ] GC(2823) Pause Young (Allocation Failure)
[1083.039s][info][gc,heap        ] GC(2823) PSYoungGen: 295488K(311808K)->64K(313344K) Eden: 295424K(295424K)->0K(295424K) From: 64K(16384K)->64K(17920K)
[1083.039s][info][gc,heap        ] GC(2823) ParOldGen: 171919K(175104K)->171919K(175104K)
[1083.039s][info][gc,metaspace   ] GC(2823) Metaspace: 35557K(36352K)->35557K(36352K) NonClass: 26347K(26944K)->26347K(26944K) Class: 9209K(9408K)->9209K(9408K)
[1083.039s][info][gc             ] GC(2823) Pause Young (Allocation Failure) 456M->167M(477M) 0.899ms
[1083.039s][info][gc,cpu         ] GC(2823) User=0.00s Sys=0.00s Real=0.00s
[1083.089s][info][gc,start       ] GC(2824) Pause Young (Allocation Failure)
[1083.089s][info][gc,heap        ] GC(2824) PSYoungGen: 295488K(313344K)->64K(314368K) Eden: 295424K(295424K)->0K(299008K) From: 64K(17920K)->64K(15360K)
[1083.090s][info][gc,heap        ] GC(2824) ParOldGen: 171919K(175104K)->171935K(175104K)
[1083.090s][info][gc,metaspace   ] GC(2824) Metaspace: 35557K(36352K)->35557K(36352K) NonClass: 26347K(26944K)->26347K(26944K) Class: 9209K(9408K)->9209K(9408K)
[1083.090s][info][gc             ] GC(2824) Pause Young (Allocation Failure) 456M->167M(478M) 0.808ms
[1083.090s][info][gc,cpu         ] GC(2824) User=0.00s Sys=0.00s Real=0.00s
[1083.189s][info][gc,start       ] GC(2825) Pause Young (Allocation Failure)
[1083.190s][info][gc,heap        ] GC(2825) PSYoungGen: 299072K(314368K)->64K(315392K) Eden: 299008K(299008K)->0K(299008K) From: 64K(15360K)->64K(16384K)
[1083.190s][info][gc,heap        ] GC(2825) ParOldGen: 171935K(175104K)->171935K(175104K)
[1083.190s][info][gc,metaspace   ] GC(2825) Metaspace: 35557K(36352K)->35557K(36352K) NonClass: 26347K(26944K)->26347K(26944K) Class: 9209K(9408K)->9209K(9408K)
[1083.190s][info][gc             ] GC(2825) Pause Young (Allocation Failure) 459M->167M(479M) 0.861ms
[1083.190s][info][gc,cpu         ] GC(2825) User=0.00s Sys=0.00s Real=0.00s
[1083.501s][info][gc,start       ] GC(2826) Pause Young (Allocation Failure)
[1083.502s][info][gc,heap        ] GC(2826) PSYoungGen: 299072K(315392K)->64K(315392K) Eden: 299008K(299008K)->0K(302080K) From: 64K(16384K)->64K(13312K)
[1083.502s][info][gc,heap        ] GC(2826) ParOldGen: 171935K(175104K)->171951K(175104K)
[1083.502s][info][gc,metaspace   ] GC(2826) Metaspace: 35557K(36352K)->35557K(36352K) NonClass: 26347K(26944K)->26347K(26944K) Class: 9209K(9408K)->9209K(9408K)
[1083.502s][info][gc             ] GC(2826) Pause Young (Allocation Failure) 459M->167M(479M) 0.779ms
[1083.502s][info][gc,cpu         ] GC(2826) User=0.00s Sys=0.00s Real=0.00s
[1083.710s][info][gc,start       ] GC(2827) Pause Young (Allocation Failure)
[1083.711s][info][gc,heap        ] GC(2827) PSYoungGen: 302144K(315392K)->64K(290816K) Eden: 302080K(302080K)->0K(290304K) From: 64K(13312K)->64K(512K)
[1083.711s][info][gc,heap        ] GC(2827) ParOldGen: 171951K(175104K)->171951K(175104K)
[1083.711s][info][gc,metaspace   ] GC(2827) Metaspace: 35557K(36352K)->35557K(36352K) NonClass: 26347K(26944K)->26347K(26944K) Class: 9209K(9408K)->9209K(9408K)
[1083.711s][info][gc             ] GC(2827) Pause Young (Allocation Failure) 462M->167M(455M) 0.952ms
[1083.711s][info][gc,cpu         ] GC(2827) User=0.00s Sys=0.00s Real=0.00s
[1083.790s][info][gc,start       ] GC(2828) Pause Young (Allocation Failure)
[1083.791s][info][gc,heap        ] GC(2828) PSYoungGen: 290368K(290816K)->64K(279552K) Eden: 290304K(290304K)->0K(279040K) From: 64K(512K)->64K(512K)
[1083.791s][info][gc,heap        ] GC(2828) ParOldGen: 171951K(175104K)->171967K(175104K)
[1083.791s][info][gc,metaspace   ] GC(2828) Metaspace: 35557K(36352K)->35557K(36352K) NonClass: 26347K(26944K)->26347K(26944K) Class: 9209K(9408K)->9209K(9408K)
[1083.791s][info][gc             ] GC(2828) Pause Young (Allocation Failure) 451M->167M(444M) 0.847ms
[1083.791s][info][gc,cpu         ] GC(2828) User=0.00s Sys=0.00s Real=0.00s
[1083.943s][info][gc,start       ] GC(2829) Pause Young (Allocation Failure)
[1083.944s][info][gc,heap        ] GC(2829) PSYoungGen: 279104K(279552K)->64K(281088K) Eden: 279040K(279040K)->0K(268288K) From: 64K(512K)->64K(12800K)
[1083.944s][info][gc,heap        ] GC(2829) ParOldGen: 171967K(175104K)->171967K(175104K)
[1083.944s][info][gc,metaspace   ] GC(2829) Metaspace: 35557K(36352K)->35557K(36352K) NonClass: 26347K(26944K)->26347K(26944K) Class: 9209K(9408K)->9209K(9408K)
[1083.944s][info][gc             ] GC(2829) Pause Young (Allocation Failure) 440M->167M(445M) 0.680ms
[1083.944s][info][gc,cpu         ] GC(2829) User=0.00s Sys=0.00s Real=0.00s
[1084.335s][info][gc,start       ] GC(2830) Pause Young (Allocation Failure)
[1084.336s][info][gc,heap        ] GC(2830) PSYoungGen: 268352K(281088K)->64K(258560K) Eden: 268288K(268288K)->0K(258048K) From: 64K(12800K)->64K(512K)
[1084.336s][info][gc,heap        ] GC(2830) ParOldGen: 171967K(175104K)->171975K(175104K)
[1084.336s][info][gc,metaspace   ] GC(2830) Metaspace: 35557K(36352K)->35557K(36352K) NonClass: 26347K(26944K)->26347K(26944K) Class: 9209K(9408K)->9209K(9408K)
[1084.336s][info][gc             ] GC(2830) Pause Young (Allocation Failure) 429M->168M(423M) 1.503ms
[1084.336s][info][gc,cpu         ] GC(2830) User=0.00s Sys=0.00s Real=0.00s
[1084.924s][info][gc,start       ] GC(2831) Pause Young (Allocation Failure)
[1084.926s][info][gc,heap        ] GC(2831) PSYoungGen: 258112K(258560K)->64K(259584K) Eden: 258048K(258048K)->0K(248320K) From: 64K(512K)->64K(11264K)
[1084.926s][info][gc,heap        ] GC(2831) ParOldGen: 171975K(175104K)->171983K(175104K)
[1084.926s][info][gc,metaspace   ] GC(2831) Metaspace: 35557K(36352K)->35557K(36352K) NonClass: 26347K(26944K)->26347K(26944K) Class: 9209K(9408K)->9209K(9408K)
[1084.926s][info][gc             ] GC(2831) Pause Young (Allocation Failure) 420M->168M(424M) 1.371ms
[1084.926s][info][gc,cpu         ] GC(2831) User=0.00s Sys=0.00s Real=0.00s
[1085.822s][info][gc,start       ] GC(2832) Pause Young (Allocation Failure)
[1085.824s][info][gc,heap        ] GC(2832) PSYoungGen: 248384K(259584K)->64K(239616K) Eden: 248320K(248320K)->0K(239104K) From: 64K(11264K)->64K(512K)
[1085.824s][info][gc,heap        ] GC(2832) ParOldGen: 171983K(175104K)->171991K(175104K)
[1085.824s][info][gc,metaspace   ] GC(2832) Metaspace: 35557K(36352K)->35557K(36352K) NonClass: 26347K(26944K)->26347K(26944K) Class: 9209K(9408K)->9209K(9408K)
[1085.824s][info][gc             ] GC(2832) Pause Young (Allocation Failure) 410M->168M(405M) 1.568ms
[1085.824s][info][gc,cpu         ] GC(2832) User=0.00s Sys=0.00s Real=0.01s
[1086.247s][info][gc,start       ] GC(2833) Pause Young (Allocation Failure)
[1086.247s][info][gc,heap        ] GC(2833) PSYoungGen: 239168K(239616K)->64K(239616K) Eden: 239104K(239104K)->0K(229888K) From: 64K(512K)->64K(9728K)
[1086.247s][info][gc,heap        ] GC(2833) ParOldGen: 171991K(175104K)->171999K(175104K)
[1086.247s][info][gc,metaspace   ] GC(2833) Metaspace: 35557K(36352K)->35557K(36352K) NonClass: 26347K(26944K)->26347K(26944K) Class: 9209K(9408K)->9209K(9408K)
[1086.247s][info][gc             ] GC(2833) Pause Young (Allocation Failure) 401M->168M(405M) 0.768ms
[1086.247s][info][gc,cpu         ] GC(2833) User=0.00s Sys=0.00s Real=0.00s
[1087.179s][info][gc,start       ] GC(2834) Pause Young (Allocation Failure)
[1087.181s][info][gc,heap        ] GC(2834) PSYoungGen: 229952K(239616K)->64K(221696K) Eden: 229888K(229888K)->0K(221184K) From: 64K(9728K)->64K(512K)
[1087.181s][info][gc,heap        ] GC(2834) ParOldGen: 171999K(175104K)->172007K(175104K)
[1087.181s][info][gc,metaspace   ] GC(2834) Metaspace: 35557K(36352K)->35557K(36352K) NonClass: 26347K(26944K)->26347K(26944K) Class: 9209K(9408K)->9209K(9408K)
[1087.181s][info][gc             ] GC(2834) Pause Young (Allocation Failure) 392M->168M(387M) 1.605ms
[1087.181s][info][gc,cpu         ] GC(2834) User=0.00s Sys=0.00s Real=0.00s
[1087.538s][info][gc,start       ] GC(2835) Pause Young (Allocation Failure)
[1087.538s][info][gc,heap        ] GC(2835) PSYoungGen: 221248K(221696K)->64K(221696K) Eden: 221184K(221184K)->0K(212992K) From: 64K(512K)->64K(8704K)
[1087.538s][info][gc,heap        ] GC(2835) ParOldGen: 172007K(175104K)->172015K(175104K)
[1087.538s][info][gc,metaspace   ] GC(2835) Metaspace: 35557K(36352K)->35557K(36352K) NonClass: 26347K(26944K)->26347K(26944K) Class: 9209K(9408K)->9209K(9408K)
[1087.538s][info][gc             ] GC(2835) Pause Young (Allocation Failure) 384M->168M(387M) 0.800ms
[1087.538s][info][gc,cpu         ] GC(2835) User=0.00s Sys=0.00s Real=0.00s
[1087.724s][info][gc,start       ] GC(2836) Pause Young (Allocation Failure)
[1087.726s][info][gc,heap        ] GC(2836) PSYoungGen: 213056K(221696K)->32K(205824K) Eden: 212992K(212992K)->0K(205312K) From: 64K(8704K)->32K(512K)
[1087.726s][info][gc,heap        ] GC(2836) ParOldGen: 172015K(175104K)->172023K(175104K)
[1087.726s][info][gc,metaspace   ] GC(2836) Metaspace: 35557K(36352K)->35557K(36352K) NonClass: 26347K(26944K)->26347K(26944K) Class: 9209K(9408K)->9209K(9408K)
[1087.726s][info][gc             ] GC(2836) Pause Young (Allocation Failure) 376M->168M(372M) 1.941ms
[1087.726s][info][gc,cpu         ] GC(2836) User=0.01s Sys=0.00s Real=0.00s
[1087.776s][info][gc,start       ] GC(2837) Pause Young (Allocation Failure)
[1087.777s][info][gc,heap        ] GC(2837) PSYoungGen: 205344K(205824K)->32K(205824K) Eden: 205312K(205312K)->0K(198144K) From: 32K(512K)->32K(7680K)
[1087.777s][info][gc,heap        ] GC(2837) ParOldGen: 172023K(175104K)->172031K(175104K)
[1087.777s][info][gc,metaspace   ] GC(2837) Metaspace: 35557K(36352K)->35557K(36352K) NonClass: 26347K(26944K)->26347K(26944K) Class: 9209K(9408K)->9209K(9408K)
[1087.777s][info][gc             ] GC(2837) Pause Young (Allocation Failure) 368M->168M(372M) 1.103ms
[1087.777s][info][gc,cpu         ] GC(2837) User=0.01s Sys=0.00s Real=0.00s
[1088.071s][info][gc,start       ] GC(2838) Pause Young (Allocation Failure)
[1088.073s][info][gc,heap        ] GC(2838) PSYoungGen: 198176K(205824K)->64K(191488K) Eden: 198144K(198144K)->0K(190976K) From: 32K(7680K)->64K(512K)
[1088.073s][info][gc,heap        ] GC(2838) ParOldGen: 172031K(175104K)->172031K(175104K)
[1088.073s][info][gc,metaspace   ] GC(2838) Metaspace: 35557K(36352K)->35557K(36352K) NonClass: 26347K(26944K)->26347K(26944K) Class: 9209K(9408K)->9209K(9408K)
[1088.073s][info][gc             ] GC(2838) Pause Young (Allocation Failure) 361M->168M(358M) 1.855ms
[1088.073s][info][gc,cpu         ] GC(2838) User=0.00s Sys=0.00s Real=0.00s
[1088.430s][info][gc,start       ] GC(2839) Pause Young (Allocation Failure)
[1088.431s][info][gc,heap        ] GC(2839) PSYoungGen: 191040K(191488K)->32K(190976K) Eden: 190976K(190976K)->0K(184320K) From: 64K(512K)->32K(6656K)
[1088.431s][info][gc,heap        ] GC(2839) ParOldGen: 172031K(175104K)->172039K(175104K)
[1088.431s][info][gc,metaspace   ] GC(2839) Metaspace: 35557K(36352K)->35557K(36352K) NonClass: 26347K(26944K)->26347K(26944K) Class: 9209K(9408K)->9209K(9408K)
[1088.431s][info][gc             ] GC(2839) Pause Young (Allocation Failure) 354M->168M(357M) 1.241ms
[1088.431s][info][gc,cpu         ] GC(2839) User=0.01s Sys=0.00s Real=0.00s
[1088.620s][info][gc,start       ] GC(2840) Pause Young (Allocation Failure)
[1088.622s][info][gc,heap        ] GC(2840) PSYoungGen: 184352K(190976K)->32K(178176K) Eden: 184320K(184320K)->0K(177664K) From: 32K(6656K)->32K(512K)
[1088.622s][info][gc,heap        ] GC(2840) ParOldGen: 172039K(175104K)->172047K(175104K)
[1088.622s][info][gc,metaspace   ] GC(2840) Metaspace: 35557K(36352K)->35557K(36352K) NonClass: 26347K(26944K)->26347K(26944K) Class: 9209K(9408K)->9209K(9408K)
[1088.622s][info][gc             ] GC(2840) Pause Young (Allocation Failure) 348M->168M(345M) 1.861ms
[1088.622s][info][gc,cpu         ] GC(2840) User=0.01s Sys=0.01s Real=0.00s
[1088.896s][info][gc,start       ] GC(2841) Pause Young (Allocation Failure)
[1088.916s][info][gc,heap        ] GC(2841) PSYoungGen: 177696K(178176K)->5632K(218112K) Eden: 177664K(177664K)->0K(212480K) From: 32K(512K)->5632K(5632K)
[1088.916s][info][gc,heap        ] GC(2841) ParOldGen: 172047K(175104K)->178207K(178688K)
[1088.916s][info][gc,metaspace   ] GC(2841) Metaspace: 35557K(36352K)->35557K(36352K) NonClass: 26347K(26944K)->26347K(26944K) Class: 9209K(9408K)->9209K(9408K)
[1088.916s][info][gc             ] GC(2841) Pause Young (Allocation Failure) 341M->179M(387M) 20.126ms
[1088.916s][info][gc,cpu         ] GC(2841) User=0.03s Sys=0.00s Real=0.02s
[1089.188s][info][gc,start       ] GC(2842) Pause Young (Allocation Failure)
[1089.236s][info][gc,heap        ] GC(2842) PSYoungGen: 218112K(218112K)->5632K(237056K) Eden: 212480K(212480K)->0K(231424K) From: 5632K(5632K)->5632K(5632K)
[1089.236s][info][gc,heap        ] GC(2842) ParOldGen: 178207K(178688K)->196863K(197120K)
[1089.236s][info][gc,metaspace   ] GC(2842) Metaspace: 35557K(36352K)->35557K(36352K) NonClass: 26347K(26944K)->26347K(26944K) Class: 9209K(9408K)->9209K(9408K)
[1089.236s][info][gc             ] GC(2842) Pause Young (Allocation Failure) 387M->197M(424M) 47.739ms
[1089.236s][info][gc,cpu         ] GC(2842) User=0.08s Sys=0.01s Real=0.05s
[1089.531s][info][gc,start       ] GC(2843) Pause Young (Allocation Failure)
[1089.579s][info][gc,heap        ] GC(2843) PSYoungGen: 237056K(237056K)->16896K(248320K) Eden: 231424K(231424K)->0K(231424K) From: 5632K(5632K)->16896K(16896K)
[1089.579s][info][gc,heap        ] GC(2843) ParOldGen: 196863K(197120K)->206711K(206848K)
[1089.579s][info][gc,metaspace   ] GC(2843) Metaspace: 35557K(36352K)->35557K(36352K) NonClass: 26347K(26944K)->26347K(26944K) Class: 9209K(9408K)->9209K(9408K)
[1089.579s][info][gc             ] GC(2843) Pause Young (Allocation Failure) 423M->218M(444M) 48.200ms
[1089.579s][info][gc,cpu         ] GC(2843) User=0.09s Sys=0.01s Real=0.05s
[1089.642s][info][gc,start       ] GC(2844) Pause Young (Allocation Failure)
[1089.646s][info][gc,heap        ] GC(2844) PSYoungGen: 248320K(248320K)->512K(300544K) Eden: 231424K(231424K)->0K(277504K) From: 16896K(16896K)->512K(23040K)
[1089.647s][info][gc,heap        ] GC(2844) ParOldGen: 206711K(206848K)->206967K(207360K)
[1089.647s][info][gc,metaspace   ] GC(2844) Metaspace: 35557K(36352K)->35557K(36352K) NonClass: 26347K(26944K)->26347K(26944K) Class: 9209K(9408K)->9209K(9408K)
[1089.647s][info][gc             ] GC(2844) Pause Young (Allocation Failure) 444M->202M(496M) 4.705ms
[1089.647s][info][gc,cpu         ] GC(2844) User=0.01s Sys=0.00s Real=0.01s
[1090.168s][info][gc,start       ] GC(2845) Pause Young (Allocation Failure)
[1090.170s][info][gc,heap        ] GC(2845) PSYoungGen: 278016K(300544K)->64K(301056K) Eden: 277504K(277504K)->0K(277504K) From: 512K(23040K)->64K(23552K)
[1090.170s][info][gc,heap        ] GC(2845) ParOldGen: 206967K(207360K)->206983K(207360K)
[1090.170s][info][gc,metaspace   ] GC(2845) Metaspace: 35557K(36352K)->35557K(36352K) NonClass: 26347K(26944K)->26347K(26944K) Class: 9209K(9408K)->9209K(9408K)
[1090.170s][info][gc             ] GC(2845) Pause Young (Allocation Failure) 473M->202M(496M) 1.786ms
[1090.170s][info][gc,cpu         ] GC(2845) User=0.00s Sys=0.00s Real=0.00s
[1090.635s][info][gc,start       ] GC(2846) Pause Young (Allocation Failure)
[1090.637s][info][gc,heap        ] GC(2846) PSYoungGen: 277568K(301056K)->32K(308736K) Eden: 277504K(277504K)->0K(287744K) From: 64K(23552K)->32K(20992K)
[1090.637s][info][gc,heap        ] GC(2846) ParOldGen: 206983K(207360K)->206991K(207360K)
[1090.637s][info][gc,metaspace   ] GC(2846) Metaspace: 35557K(36352K)->35557K(36352K) NonClass: 26347K(26944K)->26347K(26944K) Class: 9209K(9408K)->9209K(9408K)
[1090.637s][info][gc             ] GC(2846) Pause Young (Allocation Failure) 473M->202M(504M) 1.464ms
[1090.637s][info][gc,cpu         ] GC(2846) User=0.01s Sys=0.00s Real=0.00s
[1091.082s][info][gc,start       ] GC(2847) Pause Young (Allocation Failure)
[1091.083s][info][gc,heap        ] GC(2847) PSYoungGen: 287776K(308736K)->64K(309248K) Eden: 287744K(287744K)->0K(287744K) From: 32K(20992K)->64K(21504K)
[1091.083s][info][gc,heap        ] GC(2847) ParOldGen: 206991K(207360K)->207007K(207360K)
[1091.083s][info][gc,metaspace   ] GC(2847) Metaspace: 35557K(36352K)->35557K(36352K) NonClass: 26347K(26944K)->26347K(26944K) Class: 9209K(9408K)->9209K(9408K)
[1091.083s][info][gc             ] GC(2847) Pause Young (Allocation Failure) 483M->202M(504M) 1.029ms
[1091.083s][info][gc,cpu         ] GC(2847) User=0.01s Sys=0.00s Real=0.01s
[1091.320s][info][gc,start       ] GC(2848) Pause Young (Allocation Failure)
[1091.321s][info][gc,heap        ] GC(2848) PSYoungGen: 287808K(309248K)->64K(310272K) Eden: 287744K(287744K)->0K(291328K) From: 64K(21504K)->64K(18944K)
[1091.321s][info][gc,heap        ] GC(2848) ParOldGen: 207007K(207360K)->207023K(207360K)
[1091.321s][info][gc,metaspace   ] GC(2848) Metaspace: 35557K(36352K)->35557K(36352K) NonClass: 26347K(26944K)->26347K(26944K) Class: 9209K(9408K)->9209K(9408K)
[1091.321s][info][gc             ] GC(2848) Pause Young (Allocation Failure) 483M->202M(505M) 0.938ms
[1091.321s][info][gc,cpu         ] GC(2848) User=0.00s Sys=0.00s Real=0.00s
[1091.668s][info][gc,start       ] GC(2849) Pause Young (Allocation Failure)
[1091.669s][info][gc,heap        ] GC(2849) PSYoungGen: 291392K(310272K)->64K(311296K) Eden: 291328K(291328K)->0K(291328K) From: 64K(18944K)->64K(19968K)
[1091.669s][info][gc,heap        ] GC(2849) ParOldGen: 207023K(207360K)->207023K(207360K)
[1091.669s][info][gc,metaspace   ] GC(2849) Metaspace: 35557K(36352K)->35557K(36352K) NonClass: 26347K(26944K)->26347K(26944K) Class: 9209K(9408K)->9209K(9408K)
[1091.669s][info][gc             ] GC(2849) Pause Young (Allocation Failure) 486M->202M(506M) 0.966ms
[1091.669s][info][gc,cpu         ] GC(2849) User=0.01s Sys=0.00s Real=0.00s
[1091.816s][info][gc,start       ] GC(2850) Pause Young (Allocation Failure)
[1091.817s][info][gc,heap        ] GC(2850) PSYoungGen: 291392K(311296K)->64K(311808K) Eden: 291328K(291328K)->0K(294912K) From: 64K(19968K)->64K(16896K)
[1091.817s][info][gc,heap        ] GC(2850) ParOldGen: 207023K(207360K)->207031K(207360K)
[1091.817s][info][gc,metaspace   ] GC(2850) Metaspace: 35557K(36352K)->35557K(36352K) NonClass: 26347K(26944K)->26347K(26944K) Class: 9209K(9408K)->9209K(9408K)
[1091.817s][info][gc             ] GC(2850) Pause Young (Allocation Failure) 486M->202M(507M) 0.833ms
[1091.817s][info][gc,cpu         ] GC(2850) User=0.00s Sys=0.00s Real=0.00s
[1091.870s][info][gc,start       ] GC(2851) Pause Young (Allocation Failure)
[1091.871s][info][gc,heap        ] GC(2851) PSYoungGen: 294976K(311808K)->32K(312832K) Eden: 294912K(294912K)->0K(294912K) From: 64K(16896K)->32K(17920K)
[1091.871s][info][gc,heap        ] GC(2851) ParOldGen: 207031K(207360K)->207047K(207360K)
[1091.871s][info][gc,metaspace   ] GC(2851) Metaspace: 35557K(36352K)->35557K(36352K) NonClass: 26347K(26944K)->26347K(26944K) Class: 9209K(9408K)->9209K(9408K)
[1091.871s][info][gc             ] GC(2851) Pause Young (Allocation Failure) 490M->202M(508M) 0.849ms
[1091.871s][info][gc,cpu         ] GC(2851) User=0.01s Sys=0.00s Real=0.00s
[1092.027s][info][gc,start       ] GC(2852) Pause Young (Allocation Failure)
[1092.027s][info][gc,heap        ] GC(2852) PSYoungGen: 294944K(312832K)->64K(313856K) Eden: 294912K(294912K)->0K(299008K) From: 32K(17920K)->64K(14848K)
[1092.027s][info][gc,heap        ] GC(2852) ParOldGen: 207047K(207360K)->207047K(207360K)
[1092.027s][info][gc,metaspace   ] GC(2852) Metaspace: 35557K(36352K)->35557K(36352K) NonClass: 26347K(26944K)->26347K(26944K) Class: 9209K(9408K)->9209K(9408K)
[1092.027s][info][gc             ] GC(2852) Pause Young (Allocation Failure) 490M->202M(509M) 0.888ms
[1092.027s][info][gc,cpu         ] GC(2852) User=0.00s Sys=0.00s Real=0.00s
[1092.338s][info][gc,start       ] GC(2853) Pause Young (Allocation Failure)
[1092.339s][info][gc,heap        ] GC(2853) PSYoungGen: 299072K(313856K)->64K(314880K) Eden: 299008K(299008K)->0K(299008K) From: 64K(14848K)->64K(15872K)
[1092.339s][info][gc,heap        ] GC(2853) ParOldGen: 207047K(207360K)->207055K(207360K)
[1092.339s][info][gc,metaspace   ] GC(2853) Metaspace: 35557K(36352K)->35557K(36352K) NonClass: 26347K(26944K)->26347K(26944K) Class: 9209K(9408K)->9209K(9408K)
[1092.339s][info][gc             ] GC(2853) Pause Young (Allocation Failure) 494M->202M(510M) 0.941ms
[1092.339s][info][gc,cpu         ] GC(2853) User=0.00s Sys=0.00s Real=0.00s
[1092.498s][info][gc,start       ] GC(2854) Pause Young (Allocation Failure)
[1092.499s][info][gc,heap        ] GC(2854) PSYoungGen: 299072K(314880K)->64K(287744K) Eden: 299008K(299008K)->0K(287232K) From: 64K(15872K)->64K(512K)
[1092.499s][info][gc,heap        ] GC(2854) ParOldGen: 207055K(207360K)->207063K(207360K)
[1092.499s][info][gc,metaspace   ] GC(2854) Metaspace: 35557K(36352K)->35557K(36352K) NonClass: 26347K(26944K)->26347K(26944K) Class: 9209K(9408K)->9209K(9408K)
[1092.499s][info][gc             ] GC(2854) Pause Young (Allocation Failure) 494M->202M(483M) 0.954ms
[1092.499s][info][gc,cpu         ] GC(2854) User=0.00s Sys=0.00s Real=0.00s
[1092.577s][info][gc,start       ] GC(2855) Pause Young (Allocation Failure)
[1092.578s][info][gc,heap        ] GC(2855) PSYoungGen: 287296K(287744K)->64K(290304K) Eden: 287232K(287232K)->0K(275968K) From: 64K(512K)->64K(14336K)
[1092.578s][info][gc,heap        ] GC(2855) ParOldGen: 207063K(207360K)->207079K(207360K)
[1092.578s][info][gc,metaspace   ] GC(2855) Metaspace: 35557K(36352K)->35557K(36352K) NonClass: 26347K(26944K)->26347K(26944K) Class: 9209K(9408K)->9209K(9408K)
[1092.578s][info][gc             ] GC(2855) Pause Young (Allocation Failure) 482M->202M(486M) 0.858ms
[1092.578s][info][gc,cpu         ] GC(2855) User=0.00s Sys=0.00s Real=0.00s
[1092.748s][info][gc,start       ] GC(2856) Pause Young (Allocation Failure)
[1092.749s][info][gc,heap        ] GC(2856) PSYoungGen: 276032K(290304K)->64K(265728K) Eden: 275968K(275968K)->0K(265216K) From: 64K(14336K)->64K(512K)
[1092.749s][info][gc,heap        ] GC(2856) ParOldGen: 207079K(207360K)->207079K(207360K)
[1092.749s][info][gc,metaspace   ] GC(2856) Metaspace: 35557K(36352K)->35557K(36352K) NonClass: 26347K(26944K)->26347K(26944K) Class: 9209K(9408K)->9209K(9408K)
[1092.749s][info][gc             ] GC(2856) Pause Young (Allocation Failure) 471M->202M(462M) 0.833ms
[1092.749s][info][gc,cpu         ] GC(2856) User=0.00s Sys=0.00s Real=0.00s
[1093.651s][info][gc,start       ] GC(2857) Pause Young (Allocation Failure)
[1093.651s][info][gc,heap        ] GC(2857) PSYoungGen: 265280K(265728K)->64K(267264K) Eden: 265216K(265216K)->0K(254976K) From: 64K(512K)->64K(12288K)
[1093.651s][info][gc,heap        ] GC(2857) ParOldGen: 207079K(207360K)->207087K(207360K)
[1093.651s][info][gc,metaspace   ] GC(2857) Metaspace: 35557K(36352K)->35557K(36352K) NonClass: 26347K(26944K)->26347K(26944K) Class: 9209K(9408K)->9209K(9408K)
[1093.651s][info][gc             ] GC(2857) Pause Young (Allocation Failure) 461M->202M(463M) 0.862ms
[1093.652s][info][gc,cpu         ] GC(2857) User=0.00s Sys=0.00s Real=0.00s
[1094.446s][info][gc,start       ] GC(2858) Pause Young (Allocation Failure)
[1094.447s][info][gc,heap        ] GC(2858) PSYoungGen: 255040K(267264K)->64K(245760K) Eden: 254976K(254976K)->0K(245248K) From: 64K(12288K)->64K(512K)
[1094.447s][info][gc,heap        ] GC(2858) ParOldGen: 207087K(207360K)->207095K(207360K)
[1094.447s][info][gc,metaspace   ] GC(2858) Metaspace: 35557K(36352K)->35557K(36352K) NonClass: 26347K(26944K)->26347K(26944K) Class: 9209K(9408K)->9209K(9408K)
[1094.447s][info][gc             ] GC(2858) Pause Young (Allocation Failure) 451M->202M(442M) 1.178ms
[1094.447s][info][gc,cpu         ] GC(2858) User=0.00s Sys=0.00s Real=0.00s
[1094.623s][info][gc,start       ] GC(2859) Pause Young (Allocation Failure)
[1094.624s][info][gc,heap        ] GC(2859) PSYoungGen: 245312K(245760K)->32K(246784K) Eden: 245248K(245248K)->0K(236032K) From: 64K(512K)->32K(10752K)
[1094.624s][info][gc,heap        ] GC(2859) ParOldGen: 207095K(207360K)->207103K(207360K)
[1094.624s][info][gc,metaspace   ] GC(2859) Metaspace: 35557K(36352K)->35557K(36352K) NonClass: 26347K(26944K)->26347K(26944K) Class: 9209K(9408K)->9209K(9408K)
[1094.624s][info][gc             ] GC(2859) Pause Young (Allocation Failure) 441M->202M(443M) 1.370ms
[1094.624s][info][gc,cpu         ] GC(2859) User=0.00s Sys=0.00s Real=0.01s
[1095.057s][info][gc,start       ] GC(2860) Pause Young (Allocation Failure)
[1095.059s][info][gc,heap        ] GC(2860) PSYoungGen: 236064K(246784K)->32K(227840K) Eden: 236032K(236032K)->0K(227328K) From: 32K(10752K)->32K(512K)
[1095.059s][info][gc,heap        ] GC(2860) ParOldGen: 207103K(207360K)->207111K(207360K)
[1095.059s][info][gc,metaspace   ] GC(2860) Metaspace: 35557K(36352K)->35557K(36352K) NonClass: 26347K(26944K)->26347K(26944K) Class: 9209K(9408K)->9209K(9408K)
[1095.059s][info][gc             ] GC(2860) Pause Young (Allocation Failure) 432M->202M(425M) 2.696ms
[1095.059s][info][gc,cpu         ] GC(2860) User=0.00s Sys=0.00s Real=0.00s
[1095.997s][info][gc,start       ] GC(2861) Pause Young (Allocation Failure)
[1095.998s][info][gc,heap        ] GC(2861) PSYoungGen: 227360K(227840K)->64K(228864K) Eden: 227328K(227328K)->0K(219136K) From: 32K(512K)->64K(9728K)
[1095.998s][info][gc,heap        ] GC(2861) ParOldGen: 207111K(207360K)->207119K(207360K)
[1095.998s][info][gc,metaspace   ] GC(2861) Metaspace: 35557K(36352K)->35557K(36352K) NonClass: 26347K(26944K)->26347K(26944K) Class: 9209K(9408K)->9209K(9408K)
[1095.998s][info][gc             ] GC(2861) Pause Young (Allocation Failure) 424M->202M(426M) 1.294ms
[1095.998s][info][gc,cpu         ] GC(2861) User=0.01s Sys=0.01s Real=0.00s
[1096.369s][info][gc,start       ] GC(2862) Pause Young (Allocation Failure)
[1096.371s][info][gc,heap        ] GC(2862) PSYoungGen: 219200K(228864K)->64K(211456K) Eden: 219136K(219136K)->0K(210944K) From: 64K(9728K)->64K(512K)
[1096.371s][info][gc,heap        ] GC(2862) ParOldGen: 207119K(207360K)->207127K(207360K)
[1096.371s][info][gc,metaspace   ] GC(2862) Metaspace: 35557K(36352K)->35557K(36352K) NonClass: 26347K(26944K)->26347K(26944K) Class: 9209K(9408K)->9209K(9408K)
[1096.371s][info][gc             ] GC(2862) Pause Young (Allocation Failure) 416M->202M(409M) 1.724ms
[1096.371s][info][gc,cpu         ] GC(2862) User=0.01s Sys=0.00s Real=0.00s
[1096.543s][info][gc,start       ] GC(2863) Pause Young (Allocation Failure)
[1096.544s][info][gc,heap        ] GC(2863) PSYoungGen: 211008K(211456K)->64K(211456K) Eden: 210944K(210944K)->0K(203264K) From: 64K(512K)->64K(8192K)
[1096.544s][info][gc,heap        ] GC(2863) ParOldGen: 207127K(207360K)->207143K(207360K)
[1096.544s][info][gc,metaspace   ] GC(2863) Metaspace: 35557K(36352K)->35557K(36352K) NonClass: 26347K(26944K)->26347K(26944K) Class: 9209K(9408K)->9209K(9408K)
[1096.544s][info][gc             ] GC(2863) Pause Young (Allocation Failure) 408M->202M(409M) 0.983ms
[1096.544s][info][gc,cpu         ] GC(2863) User=0.00s Sys=0.00s Real=0.00s
[1096.603s][info][gc,start       ] GC(2864) Pause Young (Allocation Failure)
[1096.604s][info][gc,heap        ] GC(2864) PSYoungGen: 203328K(211456K)->64K(196608K) Eden: 203264K(203264K)->0K(196096K) From: 64K(8192K)->64K(512K)
[1096.604s][info][gc,heap        ] GC(2864) ParOldGen: 207143K(207360K)->207151K(207360K)
[1096.604s][info][gc,metaspace   ] GC(2864) Metaspace: 35557K(36352K)->35557K(36352K) NonClass: 26347K(26944K)->26347K(26944K) Class: 9209K(9408K)->9209K(9408K)
[1096.604s][info][gc             ] GC(2864) Pause Young (Allocation Failure) 400M->202M(394M) 1.719ms
[1096.604s][info][gc,cpu         ] GC(2864) User=0.00s Sys=0.00s Real=0.01s
[1096.981s][info][gc,start       ] GC(2865) Pause Young (Allocation Failure)
[1096.982s][info][gc,heap        ] GC(2865) PSYoungGen: 196160K(196608K)->64K(196096K) Eden: 196096K(196096K)->0K(188928K) From: 64K(512K)->64K(7168K)
[1096.982s][info][gc,heap        ] GC(2865) ParOldGen: 207151K(207360K)->207159K(207360K)
[1096.982s][info][gc,metaspace   ] GC(2865) Metaspace: 35557K(36352K)->35557K(36352K) NonClass: 26347K(26944K)->26347K(26944K) Class: 9209K(9408K)->9209K(9408K)
[1096.982s][info][gc             ] GC(2865) Pause Young (Allocation Failure) 393M->202M(394M) 0.972ms
[1096.982s][info][gc,cpu         ] GC(2865) User=0.00s Sys=0.00s Real=0.00s
[1097.274s][info][gc,start       ] GC(2866) Pause Young (Allocation Failure)
[1097.275s][info][gc,heap        ] GC(2866) PSYoungGen: 188992K(196096K)->64K(182784K) Eden: 188928K(188928K)->0K(182272K) From: 64K(7168K)->64K(512K)
[1097.275s][info][gc,heap        ] GC(2866) ParOldGen: 207159K(207360K)->207167K(207360K)
[1097.275s][info][gc,metaspace   ] GC(2866) Metaspace: 35557K(36352K)->35557K(36352K) NonClass: 26347K(26944K)->26347K(26944K) Class: 9209K(9408K)->9209K(9408K)
[1097.275s][info][gc             ] GC(2866) Pause Young (Allocation Failure) 386M->202M(381M) 1.656ms
[1097.275s][info][gc,cpu         ] GC(2866) User=0.00s Sys=0.00s Real=0.00s
[1097.503s][info][gc,start       ] GC(2867) Pause Young (Allocation Failure)
[1097.504s][info][gc,heap        ] GC(2867) PSYoungGen: 182336K(182784K)->64K(182272K) Eden: 182272K(182272K)->0K(176128K) From: 64K(512K)->64K(6144K)
[1097.504s][info][gc,heap        ] GC(2867) ParOldGen: 207167K(207360K)->207175K(207360K)
[1097.504s][info][gc,metaspace   ] GC(2867) Metaspace: 35557K(36352K)->35557K(36352K) NonClass: 26347K(26944K)->26347K(26944K) Class: 9209K(9408K)->9209K(9408K)
[1097.504s][info][gc             ] GC(2867) Pause Young (Allocation Failure) 380M->202M(380M) 0.852ms
[1097.504s][info][gc,cpu         ] GC(2867) User=0.00s Sys=0.00s Real=0.00s
[1097.768s][info][gc,start       ] GC(2868) Pause Young (Allocation Failure)
[1097.795s][info][gc,heap        ] GC(2868) PSYoungGen: 176192K(182272K)->5632K(216064K) Eden: 176128K(176128K)->0K(210432K) From: 64K(6144K)->5632K(5632K)
[1097.795s][info][gc,heap        ] GC(2868) ParOldGen: 207175K(207360K)->216639K(217088K)
[1097.795s][info][gc,metaspace   ] GC(2868) Metaspace: 35557K(36352K)->35557K(36352K) NonClass: 26347K(26944K)->26347K(26944K) Class: 9209K(9408K)->9209K(9408K)
[1097.795s][info][gc             ] GC(2868) Pause Young (Allocation Failure) 374M->217M(423M) 27.621ms
[1097.795s][info][gc,cpu         ] GC(2868) User=0.04s Sys=0.01s Real=0.03s
[1098.062s][info][gc,start       ] GC(2869) Pause Young (Allocation Failure)
[1098.107s][info][gc,heap        ] GC(2869) PSYoungGen: 216064K(216064K)->10752K(252416K) Eden: 210432K(210432K)->0K(241664K) From: 5632K(5632K)->10752K(10752K)
[1098.107s][info][gc,heap        ] GC(2869) ParOldGen: 216639K(217088K)->230015K(230400K)
[1098.107s][info][gc,metaspace   ] GC(2869) Metaspace: 35557K(36352K)->35557K(36352K) NonClass: 26347K(26944K)->26347K(26944K) Class: 9209K(9408K)->9209K(9408K)
[1098.107s][info][gc             ] GC(2869) Pause Young (Allocation Failure) 422M->235M(471M) 45.502ms
[1098.107s][info][gc,cpu         ] GC(2869) User=0.07s Sys=0.01s Real=0.05s
[1098.380s][info][gc,start       ] GC(2870) Pause Young (Allocation Failure)
[1098.430s][info][gc,heap        ] GC(2870) PSYoungGen: 252416K(252416K)->17920K(264192K) Eden: 241664K(241664K)->0K(246272K) From: 10752K(10752K)->17920K(17920K)
[1098.431s][info][gc,heap        ] GC(2870) ParOldGen: 230015K(230400K)->236119K(236544K)
[1098.431s][info][gc,metaspace   ] GC(2870) Metaspace: 35557K(36352K)->35557K(36352K) NonClass: 26347K(26944K)->26347K(26944K) Class: 9209K(9408K)->9209K(9408K)
[1098.431s][info][gc             ] GC(2870) Pause Young (Allocation Failure) 471M->248M(489M) 50.987ms
[1098.431s][info][gc,cpu         ] GC(2870) User=0.08s Sys=0.01s Real=0.05s
[1098.514s][info][gc,start       ] GC(2871) Pause Young (Allocation Failure)
[1098.516s][info][gc,heap        ] GC(2871) PSYoungGen: 264192K(264192K)->64K(270336K) Eden: 246272K(246272K)->0K(246272K) From: 17920K(17920K)->64K(24064K)
[1098.516s][info][gc,heap        ] GC(2871) ParOldGen: 236119K(236544K)->236279K(236544K)
[1098.516s][info][gc,metaspace   ] GC(2871) Metaspace: 35557K(36352K)->35557K(36352K) NonClass: 26347K(26944K)->26347K(26944K) Class: 9209K(9408K)->9209K(9408K)
[1098.516s][info][gc             ] GC(2871) Pause Young (Allocation Failure) 488M->230M(495M) 2.635ms
[1098.516s][info][gc,cpu         ] GC(2871) User=0.00s Sys=0.00s Real=0.00s
[1099.032s][info][gc,start       ] GC(2872) Pause Young (Allocation Failure)
[1099.033s][info][gc,heap        ] GC(2872) PSYoungGen: 246336K(270336K)->64K(307712K) Eden: 246272K(246272K)->0K(286720K) From: 64K(24064K)->64K(20992K)
[1099.033s][info][gc,heap        ] GC(2872) ParOldGen: 236279K(236544K)->236287K(236544K)
[1099.033s][info][gc,metaspace   ] GC(2872) Metaspace: 35557K(36352K)->35557K(36352K) NonClass: 26347K(26944K)->26347K(26944K) Class: 9209K(9408K)->9209K(9408K)
[1099.033s][info][gc             ] GC(2872) Pause Young (Allocation Failure) 471M->230M(531M) 1.041ms
[1099.033s][info][gc,cpu         ] GC(2872) User=0.00s Sys=0.00s Real=0.01s
[1099.477s][info][gc,start       ] GC(2873) Pause Young (Allocation Failure)
[1099.478s][info][gc,heap        ] GC(2873) PSYoungGen: 286784K(307712K)->64K(309248K) Eden: 286720K(286720K)->0K(286720K) From: 64K(20992K)->64K(22528K)
[1099.478s][info][gc,heap        ] GC(2873) ParOldGen: 236287K(236544K)->236295K(236544K)
[1099.478s][info][gc,metaspace   ] GC(2873) Metaspace: 35557K(36352K)->35557K(36352K) NonClass: 26347K(26944K)->26347K(26944K) Class: 9209K(9408K)->9209K(9408K)
[1099.478s][info][gc             ] GC(2873) Pause Young (Allocation Failure) 510M->230M(533M) 1.045ms
[1099.478s][info][gc,cpu         ] GC(2873) User=0.00s Sys=0.00s Real=0.00s
[1099.928s][info][gc,start       ] GC(2874) Pause Young (Allocation Failure)
[1099.929s][info][gc,heap        ] GC(2874) PSYoungGen: 286784K(309248K)->64K(308736K) Eden: 286720K(286720K)->0K(289792K) From: 64K(22528K)->64K(18944K)
[1099.929s][info][gc,heap        ] GC(2874) ParOldGen: 236295K(236544K)->236311K(236544K)
[1099.929s][info][gc,metaspace   ] GC(2874) Metaspace: 35557K(36352K)->35557K(36352K) NonClass: 26347K(26944K)->26347K(26944K) Class: 9209K(9408K)->9209K(9408K)
[1099.929s][info][gc             ] GC(2874) Pause Young (Allocation Failure) 510M->230M(532M) 1.190ms
[1099.929s][info][gc,cpu         ] GC(2874) User=0.00s Sys=0.00s Real=0.00s
[1100.171s][info][gc,start       ] GC(2875) Pause Young (Allocation Failure)
[1100.172s][info][gc,heap        ] GC(2875) PSYoungGen: 289856K(308736K)->64K(310272K) Eden: 289792K(289792K)->0K(289792K) From: 64K(18944K)->64K(20480K)
[1100.172s][info][gc,heap        ] GC(2875) ParOldGen: 236311K(236544K)->236327K(236544K)
[1100.172s][info][gc,metaspace   ] GC(2875) Metaspace: 35557K(36352K)->35557K(36352K) NonClass: 26347K(26944K)->26347K(26944K) Class: 9209K(9408K)->9209K(9408K)
[1100.172s][info][gc             ] GC(2875) Pause Young (Allocation Failure) 513M->230M(534M) 1.078ms
[1100.172s][info][gc,cpu         ] GC(2875) User=0.00s Sys=0.00s Real=0.00s
[1100.526s][info][gc,start       ] GC(2876) Pause Young (Allocation Failure)
[1100.527s][info][gc,heap        ] GC(2876) PSYoungGen: 289856K(310272K)->64K(310784K) Eden: 289792K(289792K)->0K(293376K) From: 64K(20480K)->64K(17408K)
[1100.527s][info][gc,heap        ] GC(2876) ParOldGen: 236327K(236544K)->236327K(236544K)
[1100.527s][info][gc,metaspace   ] GC(2876) Metaspace: 35557K(36352K)->35557K(36352K) NonClass: 26347K(26944K)->26347K(26944K) Class: 9209K(9408K)->9209K(9408K)
[1100.527s][info][gc             ] GC(2876) Pause Young (Allocation Failure) 513M->230M(534M) 1.013ms
[1100.527s][info][gc,cpu         ] GC(2876) User=0.00s Sys=0.00s Real=0.00s
[1100.652s][info][gc,start       ] GC(2877) Pause Young (Allocation Failure)
[1100.653s][info][gc,heap        ] GC(2877) PSYoungGen: 293440K(310784K)->64K(312320K) Eden: 293376K(293376K)->0K(293376K) From: 64K(17408K)->64K(18944K)
[1100.653s][info][gc,heap        ] GC(2877) ParOldGen: 236327K(236544K)->236335K(236544K)
[1100.653s][info][gc,metaspace   ] GC(2877) Metaspace: 35557K(36352K)->35557K(36352K) NonClass: 26347K(26944K)->26347K(26944K) Class: 9209K(9408K)->9209K(9408K)
[1100.653s][info][gc             ] GC(2877) Pause Young (Allocation Failure) 517M->230M(536M) 0.964ms
[1100.653s][info][gc,cpu         ] GC(2877) User=0.00s Sys=0.00s Real=0.00s
[1100.703s][info][gc,start       ] GC(2878) Pause Young (Allocation Failure)
[1100.703s][info][gc,heap        ] GC(2878) PSYoungGen: 293440K(312320K)->64K(312320K) Eden: 293376K(293376K)->0K(296960K) From: 64K(18944K)->64K(15360K)
[1100.703s][info][gc,heap        ] GC(2878) ParOldGen: 236335K(236544K)->236351K(236544K)
[1100.703s][info][gc,metaspace   ] GC(2878) Metaspace: 35557K(36352K)->35557K(36352K) NonClass: 26347K(26944K)->26347K(26944K) Class: 9209K(9408K)->9209K(9408K)
[1100.703s][info][gc             ] GC(2878) Pause Young (Allocation Failure) 517M->230M(536M) 0.843ms
[1100.704s][info][gc,cpu         ] GC(2878) User=0.00s Sys=0.00s Real=0.01s
[1100.889s][info][gc,start       ] GC(2879) Pause Young (Allocation Failure)
[1100.890s][info][gc,heap        ] GC(2879) PSYoungGen: 297024K(312320K)->64K(313856K) Eden: 296960K(296960K)->0K(296960K) From: 64K(15360K)->64K(16896K)
[1100.890s][info][gc,heap        ] GC(2879) ParOldGen: 236351K(236544K)->236351K(236544K)
[1100.890s][info][gc,metaspace   ] GC(2879) Metaspace: 35557K(36352K)->35557K(36352K) NonClass: 26347K(26944K)->26347K(26944K) Class: 9209K(9408K)->9209K(9408K)
[1100.890s][info][gc             ] GC(2879) Pause Young (Allocation Failure) 520M->230M(537M) 0.964ms
[1100.890s][info][gc,cpu         ] GC(2879) User=0.00s Sys=0.00s Real=0.00s
[1101.184s][info][gc,start       ] GC(2880) Pause Young (Allocation Failure)
[1101.185s][info][gc,heap        ] GC(2880) PSYoungGen: 297024K(313856K)->64K(314368K) Eden: 296960K(296960K)->0K(301056K) From: 64K(16896K)->64K(13312K)
[1101.185s][info][gc,heap        ] GC(2880) ParOldGen: 236351K(236544K)->236359K(236544K)
[1101.185s][info][gc,metaspace   ] GC(2880) Metaspace: 35557K(36352K)->35557K(36352K) NonClass: 26347K(26944K)->26347K(26944K) Class: 9209K(9408K)->9209K(9408K)
[1101.185s][info][gc             ] GC(2880) Pause Young (Allocation Failure) 520M->230M(538M) 0.916ms
[1101.185s][info][gc,cpu         ] GC(2880) User=0.00s Sys=0.00s Real=0.00s
[1101.334s][info][gc,start       ] GC(2881) Pause Young (Allocation Failure)
[1101.335s][info][gc,heap        ] GC(2881) PSYoungGen: 301120K(314368K)->64K(289792K) Eden: 301056K(301056K)->0K(289280K) From: 64K(13312K)->64K(512K)
[1101.335s][info][gc,heap        ] GC(2881) ParOldGen: 236359K(236544K)->236367K(236544K)
[1101.335s][info][gc,metaspace   ] GC(2881) Metaspace: 35557K(36352K)->35557K(36352K) NonClass: 26347K(26944K)->26347K(26944K) Class: 9209K(9408K)->9209K(9408K)
[1101.335s][info][gc             ] GC(2881) Pause Young (Allocation Failure) 524M->230M(514M) 0.985ms
[1101.335s][info][gc,cpu         ] GC(2881) User=0.00s Sys=0.00s Real=0.00s
[1101.425s][info][gc,start       ] GC(2882) Pause Young (Allocation Failure)
[1101.426s][info][gc,heap        ] GC(2882) PSYoungGen: 289344K(289792K)->64K(279040K) Eden: 289280K(289280K)->0K(278016K) From: 64K(512K)->64K(1024K)
[1101.426s][info][gc,heap        ] GC(2882) ParOldGen: 236367K(236544K)->236375K(236544K)
[1101.426s][info][gc,metaspace   ] GC(2882) Metaspace: 35557K(36352K)->35557K(36352K) NonClass: 26347K(26944K)->26347K(26944K) Class: 9209K(9408K)->9209K(9408K)
[1101.426s][info][gc             ] GC(2882) Pause Young (Allocation Failure) 513M->230M(503M) 0.872ms
[1101.426s][info][gc,cpu         ] GC(2882) User=0.00s Sys=0.00s Real=0.00s
[1101.598s][info][gc,start       ] GC(2883) Pause Young (Allocation Failure)
[1101.599s][info][gc,heap        ] GC(2883) PSYoungGen: 278080K(279040K)->64K(280576K) Eden: 278016K(278016K)->0K(267264K) From: 64K(1024K)->64K(13312K)
[1101.599s][info][gc,heap        ] GC(2883) ParOldGen: 236375K(236544K)->236383K(236544K)
[1101.599s][info][gc,metaspace   ] GC(2883) Metaspace: 35557K(36352K)->35557K(36352K) NonClass: 26347K(26944K)->26347K(26944K) Class: 9209K(9408K)->9209K(9408K)
[1101.599s][info][gc             ] GC(2883) Pause Young (Allocation Failure) 502M->230M(505M) 0.881ms
[1101.599s][info][gc,cpu         ] GC(2883) User=0.00s Sys=0.00s Real=0.00s
[1102.488s][info][gc,start       ] GC(2884) Pause Young (Allocation Failure)
[1102.489s][info][gc,heap        ] GC(2884) PSYoungGen: 267328K(280576K)->80K(257536K) Eden: 267264K(267264K)->0K(257024K) From: 64K(13312K)->80K(512K)
[1102.489s][info][gc,heap        ] GC(2884) ParOldGen: 236383K(236544K)->236391K(236544K)
[1102.489s][info][gc,metaspace   ] GC(2884) Metaspace: 35557K(36352K)->35557K(36352K) NonClass: 26347K(26944K)->26347K(26944K) Class: 9209K(9408K)->9209K(9408K)
[1102.489s][info][gc             ] GC(2884) Pause Young (Allocation Failure) 491M->230M(482M) 1.488ms
[1102.489s][info][gc,cpu         ] GC(2884) User=0.00s Sys=0.00s Real=0.00s
[1103.293s][info][gc,start       ] GC(2885) Pause Young (Allocation Failure)
[1103.294s][info][gc,heap        ] GC(2885) PSYoungGen: 257104K(257536K)->32K(259072K) Eden: 257024K(257024K)->0K(247296K) From: 80K(512K)->32K(11776K)
[1103.294s][info][gc,heap        ] GC(2885) ParOldGen: 236391K(236544K)->236399K(236544K)
[1103.295s][info][gc,metaspace   ] GC(2885) Metaspace: 35557K(36352K)->35557K(36352K) NonClass: 26347K(26944K)->26347K(26944K) Class: 9209K(9408K)->9209K(9408K)
[1103.295s][info][gc             ] GC(2885) Pause Young (Allocation Failure) 481M->230M(484M) 1.482ms
[1103.295s][info][gc,cpu         ] GC(2885) User=0.00s Sys=0.00s Real=0.01s
[1103.535s][info][gc,start       ] GC(2886) Pause Young (Allocation Failure)
[1103.536s][info][gc,heap        ] GC(2886) PSYoungGen: 247328K(259072K)->64K(238592K) Eden: 247296K(247296K)->0K(238080K) From: 32K(11776K)->64K(512K)
[1103.536s][info][gc,heap        ] GC(2886) ParOldGen: 236399K(236544K)->236407K(236544K)
[1103.536s][info][gc,metaspace   ] GC(2886) Metaspace: 35557K(36352K)->35557K(36352K) NonClass: 26347K(26944K)->26347K(26944K) Class: 9209K(9408K)->9209K(9408K)
[1103.536s][info][gc             ] GC(2886) Pause Young (Allocation Failure) 472M->230M(464M) 1.594ms
[1103.536s][info][gc,cpu         ] GC(2886) User=0.00s Sys=0.00s Real=0.00s
[1103.974s][info][gc,start       ] GC(2887) Pause Young (Allocation Failure)
[1103.975s][info][gc,heap        ] GC(2887) PSYoungGen: 238144K(238592K)->64K(239616K) Eden: 238080K(238080K)->0K(229376K) From: 64K(512K)->64K(10240K)
[1103.975s][info][gc,heap        ] GC(2887) ParOldGen: 236407K(236544K)->236415K(236544K)
[1103.975s][info][gc,metaspace   ] GC(2887) Metaspace: 35557K(36352K)->35557K(36352K) NonClass: 26347K(26944K)->26347K(26944K) Class: 9209K(9408K)->9209K(9408K)
[1103.975s][info][gc             ] GC(2887) Pause Young (Allocation Failure) 463M->230M(465M) 0.982ms
[1103.975s][info][gc,cpu         ] GC(2887) User=0.00s Sys=0.00s Real=0.00s
[1104.886s][info][gc,start       ] GC(2888) Pause Young (Allocation Failure)
[1104.888s][info][gc,heap        ] GC(2888) PSYoungGen: 229440K(239616K)->32K(221184K) Eden: 229376K(229376K)->0K(220672K) From: 64K(10240K)->32K(512K)
[1104.888s][info][gc,heap        ] GC(2888) ParOldGen: 236415K(236544K)->236423K(236544K)
[1104.888s][info][gc,metaspace   ] GC(2888) Metaspace: 35557K(36352K)->35557K(36352K) NonClass: 26347K(26944K)->26347K(26944K) Class: 9209K(9408K)->9209K(9408K)
[1104.888s][info][gc             ] GC(2888) Pause Young (Allocation Failure) 454M->230M(447M) 2.325ms
[1104.888s][info][gc,cpu         ] GC(2888) User=0.00s Sys=0.00s Real=0.00s
[1105.211s][info][gc,start       ] GC(2889) Pause Young (Allocation Failure)
[1105.213s][info][gc,heap        ] GC(2889) PSYoungGen: 220704K(221184K)->32K(221184K) Eden: 220672K(220672K)->0K(212480K) From: 32K(512K)->32K(8704K)
[1105.213s][info][gc,heap        ] GC(2889) ParOldGen: 236423K(236544K)->236431K(236544K)
[1105.213s][info][gc,metaspace   ] GC(2889) Metaspace: 35557K(36352K)->35557K(36352K) NonClass: 26347K(26944K)->26347K(26944K) Class: 9209K(9408K)->9209K(9408K)
[1105.213s][info][gc             ] GC(2889) Pause Young (Allocation Failure) 446M->230M(447M) 1.478ms
[1105.213s][info][gc,cpu         ] GC(2889) User=0.00s Sys=0.00s Real=0.00s
[1105.357s][info][gc,start       ] GC(2890) Pause Young (Allocation Failure)
[1105.359s][info][gc,heap        ] GC(2890) PSYoungGen: 212512K(221184K)->64K(205312K) Eden: 212480K(212480K)->0K(204800K) From: 32K(8704K)->64K(512K)
[1105.359s][info][gc,heap        ] GC(2890) ParOldGen: 236431K(236544K)->236439K(236544K)
[1105.359s][info][gc,metaspace   ] GC(2890) Metaspace: 35557K(36352K)->35557K(36352K) NonClass: 26347K(26944K)->26347K(26944K) Class: 9209K(9408K)->9209K(9408K)
[1105.359s][info][gc             ] GC(2890) Pause Young (Allocation Failure) 438M->230M(431M) 2.190ms
[1105.359s][info][gc,cpu         ] GC(2890) User=0.01s Sys=0.00s Real=0.00s
[1105.442s][info][gc,start       ] GC(2891) Pause Young (Allocation Failure)
[1105.443s][info][gc,heap        ] GC(2891) PSYoungGen: 204864K(205312K)->64K(205312K) Eden: 204800K(204800K)->0K(197632K) From: 64K(512K)->64K(7680K)
[1105.443s][info][gc,heap        ] GC(2891) ParOldGen: 236439K(236544K)->236447K(236544K)
[1105.443s][info][gc,metaspace   ] GC(2891) Metaspace: 35557K(36352K)->35557K(36352K) NonClass: 26347K(26944K)->26347K(26944K) Class: 9209K(9408K)->9209K(9408K)
[1105.443s][info][gc             ] GC(2891) Pause Young (Allocation Failure) 430M->230M(431M) 0.772ms
[1105.443s][info][gc,cpu         ] GC(2891) User=0.00s Sys=0.00s Real=0.00s
[1105.904s][info][gc,start       ] GC(2892) Pause Young (Allocation Failure)
[1105.906s][info][gc,heap        ] GC(2892) PSYoungGen: 197696K(205312K)->64K(190976K) Eden: 197632K(197632K)->0K(190464K) From: 64K(7680K)->64K(512K)
[1105.906s][info][gc,heap        ] GC(2892) ParOldGen: 236447K(236544K)->236455K(236544K)
[1105.906s][info][gc,metaspace   ] GC(2892) Metaspace: 35557K(36352K)->35557K(36352K) NonClass: 26347K(26944K)->26347K(26944K) Class: 9209K(9408K)->9209K(9408K)
[1105.906s][info][gc             ] GC(2892) Pause Young (Allocation Failure) 423M->230M(417M) 1.467ms
[1105.906s][info][gc,cpu         ] GC(2892) User=0.00s Sys=0.00s Real=0.00s
[1106.079s][info][gc,start       ] GC(2893) Pause Young (Allocation Failure)
[1106.080s][info][gc,heap        ] GC(2893) PSYoungGen: 190528K(190976K)->64K(190464K) Eden: 190464K(190464K)->0K(183808K) From: 64K(512K)->64K(6656K)
[1106.080s][info][gc,heap        ] GC(2893) ParOldGen: 236455K(236544K)->236463K(236544K)
[1106.080s][info][gc,metaspace   ] GC(2893) Metaspace: 35557K(36352K)->35557K(36352K) NonClass: 26347K(26944K)->26347K(26944K) Class: 9209K(9408K)->9209K(9408K)
[1106.080s][info][gc             ] GC(2893) Pause Young (Allocation Failure) 416M->230M(417M) 0.782ms
[1106.080s][info][gc,cpu         ] GC(2893) User=0.00s Sys=0.00s Real=0.00s
[1106.389s][info][gc,start       ] GC(2894) Pause Young (Allocation Failure)
[1106.392s][info][gc,heap        ] GC(2894) PSYoungGen: 183872K(190464K)->1440K(179200K) Eden: 183808K(183808K)->0K(177664K) From: 64K(6656K)->1440K(1536K)
[1106.392s][info][gc,heap        ] GC(2894) ParOldGen: 236463K(236544K)->236479K(236544K)
[1106.392s][info][gc,metaspace   ] GC(2894) Metaspace: 35557K(36352K)->35557K(36352K) NonClass: 26347K(26944K)->26347K(26944K) Class: 9209K(9408K)->9209K(9408K)
[1106.392s][info][gc             ] GC(2894) Pause Young (Allocation Failure) 410M->232M(406M) 3.333ms
[1106.392s][info][gc,cpu         ] GC(2894) User=0.01s Sys=0.00s Real=0.00s
[1106.616s][info][gc,start       ] GC(2895) Pause Young (Allocation Failure)
[1106.654s][info][gc,heap        ] GC(2895) PSYoungGen: 179104K(179200K)->6144K(219136K) Eden: 177664K(177664K)->0K(212992K) From: 1440K(1536K)->6144K(6144K)
[1106.654s][info][gc,heap        ] GC(2895) ParOldGen: 236479K(236544K)->250503K(250880K)
[1106.654s][info][gc,metaspace   ] GC(2895) Metaspace: 35557K(36352K)->35557K(36352K) NonClass: 26347K(26944K)->26347K(26944K) Class: 9209K(9408K)->9209K(9408K)
[1106.654s][info][gc             ] GC(2895) Pause Young (Allocation Failure) 405M->250M(459M) 37.681ms
[1106.654s][info][gc,cpu         ] GC(2895) User=0.06s Sys=0.02s Real=0.04s
[1106.929s][info][gc,start       ] GC(2896) Pause Young (Allocation Failure)
[1106.980s][info][gc,heap        ] GC(2896) PSYoungGen: 219136K(219136K)->5120K(232960K) Eden: 212992K(212992K)->0K(227840K) From: 6144K(6144K)->5120K(5120K)
[1106.980s][info][gc,heap        ] GC(2896) ParOldGen: 250503K(250880K)->269943K(270336K)
[1106.980s][info][gc,metaspace   ] GC(2896) Metaspace: 35557K(36352K)->35557K(36352K) NonClass: 26347K(26944K)->26347K(26944K) Class: 9209K(9408K)->9209K(9408K)
[1106.980s][info][gc             ] GC(2896) Pause Young (Allocation Failure) 458M->268M(491M) 50.865ms
[1106.980s][info][gc,cpu         ] GC(2896) User=0.08s Sys=0.01s Real=0.05s
[1107.193s][info][gc,start       ] GC(2897) Pause Young (Allocation Failure)
[1107.223s][info][gc,heap        ] GC(2897) PSYoungGen: 232960K(232960K)->16896K(247808K) Eden: 227840K(227840K)->0K(227840K) From: 5120K(5120K)->16896K(19968K)
[1107.223s][info][gc,heap        ] GC(2897) ParOldGen: 269943K(270336K)->270471K(270848K)
[1107.223s][info][gc,metaspace   ] GC(2897) Metaspace: 35557K(36352K)->35557K(36352K) NonClass: 26347K(26944K)->26347K(26944K) Class: 9209K(9408K)->9209K(9408K)
[1107.223s][info][gc             ] GC(2897) Pause Young (Allocation Failure) 491M->280M(506M) 29.784ms
[1107.223s][info][gc,cpu         ] GC(2897) User=0.06s Sys=0.01s Real=0.02s
[1107.314s][info][gc,start       ] GC(2898) Pause Young (Allocation Failure)
[1107.315s][info][gc,heap        ] GC(2898) PSYoungGen: 244736K(247808K)->64K(293376K) Eden: 227840K(227840K)->0K(272896K) From: 16896K(19968K)->64K(20480K)
[1107.315s][info][gc,heap        ] GC(2898) ParOldGen: 270471K(270848K)->270479K(270848K)
[1107.315s][info][gc,metaspace   ] GC(2898) Metaspace: 35557K(36352K)->35557K(36352K) NonClass: 26347K(26944K)->26347K(26944K) Class: 9209K(9408K)->9209K(9408K)
[1107.315s][info][gc             ] GC(2898) Pause Young (Allocation Failure) 503M->264M(551M) 1.156ms
[1107.315s][info][gc,cpu         ] GC(2898) User=0.00s Sys=0.00s Real=0.00s
[1107.954s][info][gc,start       ] GC(2899) Pause Young (Allocation Failure)
[1107.955s][info][gc,heap        ] GC(2899) PSYoungGen: 272960K(293376K)->64K(294912K) Eden: 272896K(272896K)->0K(272896K) From: 64K(20480K)->64K(22016K)
[1107.955s][info][gc,heap        ] GC(2899) ParOldGen: 270479K(270848K)->270487K(270848K)
[1107.955s][info][gc,metaspace   ] GC(2899) Metaspace: 35557K(36352K)->35557K(36352K) NonClass: 26347K(26944K)->26347K(26944K) Class: 9209K(9408K)->9209K(9408K)
[1107.955s][info][gc             ] GC(2899) Pause Young (Allocation Failure) 530M->264M(552M) 1.209ms
[1107.955s][info][gc,cpu         ] GC(2899) User=0.00s Sys=0.00s Real=0.00s
[1108.299s][info][gc,start       ] GC(2900) Pause Young (Allocation Failure)
[1108.300s][info][gc,heap        ] GC(2900) PSYoungGen: 272960K(294912K)->64K(309248K) Eden: 272896K(272896K)->0K(290304K) From: 64K(22016K)->64K(18944K)
[1108.300s][info][gc,heap        ] GC(2900) ParOldGen: 270487K(270848K)->270495K(270848K)
[1108.300s][info][gc,metaspace   ] GC(2900) Metaspace: 35557K(36352K)->35557K(36352K) NonClass: 26347K(26944K)->26347K(26944K) Class: 9209K(9408K)->9209K(9408K)
[1108.300s][info][gc             ] GC(2900) Pause Young (Allocation Failure) 530M->264M(566M) 1.136ms
[1108.300s][info][gc,cpu         ] GC(2900) User=0.00s Sys=0.00s Real=0.00s
[1108.757s][info][gc,start       ] GC(2901) Pause Young (Allocation Failure)
[1108.758s][info][gc,heap        ] GC(2901) PSYoungGen: 290368K(309248K)->64K(310784K) Eden: 290304K(290304K)->0K(290304K) From: 64K(18944K)->64K(20480K)
[1108.758s][info][gc,heap        ] GC(2901) ParOldGen: 270495K(270848K)->270511K(270848K)
[1108.758s][info][gc,metaspace   ] GC(2901) Metaspace: 35557K(36352K)->35557K(36352K) NonClass: 26347K(26944K)->26347K(26944K) Class: 9209K(9408K)->9209K(9408K)
[1108.758s][info][gc             ] GC(2901) Pause Young (Allocation Failure) 547M->264M(568M) 1.146ms
[1108.758s][info][gc,cpu         ] GC(2901) User=0.00s Sys=0.00s Real=0.00s
[1108.997s][info][gc,start       ] GC(2902) Pause Young (Allocation Failure)
[1108.998s][info][gc,heap        ] GC(2902) PSYoungGen: 290368K(310784K)->64K(310784K) Eden: 290304K(290304K)->0K(293376K) From: 64K(20480K)->64K(17408K)
[1108.998s][info][gc,heap        ] GC(2902) ParOldGen: 270511K(270848K)->270527K(270848K)
[1108.998s][info][gc,metaspace   ] GC(2902) Metaspace: 35557K(36352K)->35557K(36352K) NonClass: 26347K(26944K)->26347K(26944K) Class: 9209K(9408K)->9209K(9408K)
[1108.998s][info][gc             ] GC(2902) Pause Young (Allocation Failure) 547M->264M(568M) 1.031ms
[1108.998s][info][gc,cpu         ] GC(2902) User=0.00s Sys=0.00s Real=0.00s
[1109.364s][info][gc,start       ] GC(2903) Pause Young (Allocation Failure)
[1109.365s][info][gc,heap        ] GC(2903) PSYoungGen: 293440K(310784K)->64K(312320K) Eden: 293376K(293376K)->0K(293376K) From: 64K(17408K)->64K(18944K)
[1109.365s][info][gc,heap        ] GC(2903) ParOldGen: 270527K(270848K)->270527K(270848K)
[1109.365s][info][gc,metaspace   ] GC(2903) Metaspace: 35557K(36352K)->35557K(36352K) NonClass: 26347K(26944K)->26347K(26944K) Class: 9209K(9408K)->9209K(9408K)
[1109.365s][info][gc             ] GC(2903) Pause Young (Allocation Failure) 550M->264M(569M) 1.116ms
[1109.365s][info][gc,cpu         ] GC(2903) User=0.00s Sys=0.00s Real=0.00s
[1109.445s][info][gc,start       ] GC(2904) Pause Young (Allocation Failure)
[1109.446s][info][gc,heap        ] GC(2904) PSYoungGen: 293440K(312320K)->64K(312320K) Eden: 293376K(293376K)->0K(296960K) From: 64K(18944K)->64K(15360K)
[1109.446s][info][gc,heap        ] GC(2904) ParOldGen: 270527K(270848K)->270535K(270848K)
[1109.446s][info][gc,metaspace   ] GC(2904) Metaspace: 35557K(36352K)->35557K(36352K) NonClass: 26347K(26944K)->26347K(26944K) Class: 9209K(9408K)->9209K(9408K)
[1109.446s][info][gc             ] GC(2904) Pause Young (Allocation Failure) 550M->264M(569M) 0.948ms
[1109.446s][info][gc,cpu         ] GC(2904) User=0.00s Sys=0.00s Real=0.00s
[1109.499s][info][gc,start       ] GC(2905) Pause Young (Allocation Failure)
[1109.500s][info][gc,heap        ] GC(2905) PSYoungGen: 297024K(312320K)->64K(313856K) Eden: 296960K(296960K)->0K(296960K) From: 64K(15360K)->64K(16896K)
[1109.500s][info][gc,heap        ] GC(2905) ParOldGen: 270535K(270848K)->270551K(270848K)
[1109.500s][info][gc,metaspace   ] GC(2905) Metaspace: 35557K(36352K)->35557K(36352K) NonClass: 26347K(26944K)->26347K(26944K) Class: 9209K(9408K)->9209K(9408K)
[1109.500s][info][gc             ] GC(2905) Pause Young (Allocation Failure) 554M->264M(571M) 1.056ms
[1109.500s][info][gc,cpu         ] GC(2905) User=0.00s Sys=0.00s Real=0.00s
[1109.729s][info][gc,start       ] GC(2906) Pause Young (Allocation Failure)
[1109.730s][info][gc,heap        ] GC(2906) PSYoungGen: 297024K(313856K)->64K(314368K) Eden: 296960K(296960K)->0K(300544K) From: 64K(16896K)->64K(13824K)
[1109.730s][info][gc,heap        ] GC(2906) ParOldGen: 270551K(270848K)->270551K(270848K)
[1109.730s][info][gc,metaspace   ] GC(2906) Metaspace: 35557K(36352K)->35557K(36352K) NonClass: 26347K(26944K)->26347K(26944K) Class: 9209K(9408K)->9209K(9408K)
[1109.730s][info][gc             ] GC(2906) Pause Young (Allocation Failure) 554M->264M(571M) 0.992ms
[1109.730s][info][gc,cpu         ] GC(2906) User=0.01s Sys=0.00s Real=0.00s
[1110.013s][info][gc,start       ] GC(2907) Pause Young (Allocation Failure)
[1110.014s][info][gc,heap        ] GC(2907) PSYoungGen: 300608K(314368K)->64K(315904K) Eden: 300544K(300544K)->0K(300544K) From: 64K(13824K)->64K(15360K)
[1110.014s][info][gc,heap        ] GC(2907) ParOldGen: 270551K(270848K)->270559K(270848K)
[1110.014s][info][gc,metaspace   ] GC(2907) Metaspace: 35557K(36352K)->35557K(36352K) NonClass: 26347K(26944K)->26347K(26944K) Class: 9209K(9408K)->9209K(9408K)
[1110.014s][info][gc             ] GC(2907) Pause Young (Allocation Failure) 557M->264M(573M) 1.084ms
[1110.014s][info][gc,cpu         ] GC(2907) User=0.00s Sys=0.00s Real=0.01s
[1110.136s][info][gc,start       ] GC(2908) Pause Young (Allocation Failure)
[1110.137s][info][gc,heap        ] GC(2908) PSYoungGen: 300608K(315904K)->64K(315904K) Eden: 300544K(300544K)->0K(304128K) From: 64K(15360K)->64K(11776K)
[1110.137s][info][gc,heap        ] GC(2908) ParOldGen: 270559K(270848K)->270567K(270848K)
[1110.137s][info][gc,metaspace   ] GC(2908) Metaspace: 35557K(36352K)->35557K(36352K) NonClass: 26347K(26944K)->26347K(26944K) Class: 9209K(9408K)->9209K(9408K)
[1110.137s][info][gc             ] GC(2908) Pause Young (Allocation Failure) 557M->264M(573M) 1.027ms
[1110.137s][info][gc,cpu         ] GC(2908) User=0.00s Sys=0.00s Real=0.00s
[1110.258s][info][gc,start       ] GC(2909) Pause Young (Allocation Failure)
[1110.259s][info][gc,heap        ] GC(2909) PSYoungGen: 304192K(315904K)->64K(292352K) Eden: 304128K(304128K)->0K(291840K) From: 64K(11776K)->64K(512K)
[1110.259s][info][gc,heap        ] GC(2909) ParOldGen: 270567K(270848K)->270575K(270848K)
[1110.259s][info][gc,metaspace   ] GC(2909) Metaspace: 35557K(36352K)->35557K(36352K) NonClass: 26347K(26944K)->26347K(26944K) Class: 9209K(9408K)->9209K(9408K)
[1110.259s][info][gc             ] GC(2909) Pause Young (Allocation Failure) 561M->264M(550M) 1.042ms
[1110.259s][info][gc,cpu         ] GC(2909) User=0.00s Sys=0.00s Real=0.00s
[1110.619s][info][gc,start       ] GC(2910) Pause Young (Allocation Failure)
[1110.620s][info][gc,heap        ] GC(2910) PSYoungGen: 291904K(292352K)->64K(281088K) Eden: 291840K(291840K)->0K(280576K) From: 64K(512K)->64K(512K)
[1110.620s][info][gc,heap        ] GC(2910) ParOldGen: 270575K(270848K)->270583K(270848K)
[1110.620s][info][gc,metaspace   ] GC(2910) Metaspace: 35557K(36352K)->35557K(36352K) NonClass: 26347K(26944K)->26347K(26944K) Class: 9209K(9408K)->9209K(9408K)
[1110.620s][info][gc             ] GC(2910) Pause Young (Allocation Failure) 549M->264M(539M) 1.052ms
[1110.620s][info][gc,cpu         ] GC(2910) User=0.00s Sys=0.00s Real=0.00s
[1111.294s][info][gc,start       ] GC(2911) Pause Young (Allocation Failure)
[1111.295s][info][gc,heap        ] GC(2911) PSYoungGen: 280640K(281088K)->64K(281600K) Eden: 280576K(280576K)->0K(269824K) From: 64K(512K)->64K(11776K)
[1111.295s][info][gc,heap        ] GC(2911) ParOldGen: 270583K(270848K)->270591K(270848K)
[1111.295s][info][gc,metaspace   ] GC(2911) Metaspace: 35557K(36352K)->35557K(36352K) NonClass: 26347K(26944K)->26347K(26944K) Class: 9209K(9408K)->9209K(9408K)
[1111.295s][info][gc             ] GC(2911) Pause Young (Allocation Failure) 538M->264M(539M) 1.011ms
[1111.295s][info][gc,cpu         ] GC(2911) User=0.00s Sys=0.00s Real=0.00s
[1112.165s][info][gc,start       ] GC(2912) Pause Young (Allocation Failure)
[1112.166s][info][gc,heap        ] GC(2912) PSYoungGen: 269888K(281600K)->64K(260096K) Eden: 269824K(269824K)->0K(259584K) From: 64K(11776K)->64K(512K)
[1112.166s][info][gc,heap        ] GC(2912) ParOldGen: 270591K(270848K)->270599K(270848K)
[1112.166s][info][gc,metaspace   ] GC(2912) Metaspace: 35557K(36352K)->35557K(36352K) NonClass: 26347K(26944K)->26347K(26944K) Class: 9209K(9408K)->9209K(9408K)
[1112.166s][info][gc             ] GC(2912) Pause Young (Allocation Failure) 527M->264M(518M) 1.643ms
[1112.166s][info][gc,cpu         ] GC(2912) User=0.00s Sys=0.00s Real=0.00s
[1112.579s][info][gc,start       ] GC(2913) Pause Young (Allocation Failure)
[1112.580s][info][gc,heap        ] GC(2913) PSYoungGen: 259648K(260096K)->64K(260096K) Eden: 259584K(259584K)->0K(249856K) From: 64K(512K)->64K(10240K)
[1112.580s][info][gc,heap        ] GC(2913) ParOldGen: 270599K(270848K)->270607K(270848K)
[1112.580s][info][gc,metaspace   ] GC(2913) Metaspace: 35557K(36352K)->35557K(36352K) NonClass: 26347K(26944K)->26347K(26944K) Class: 9209K(9408K)->9209K(9408K)
[1112.580s][info][gc             ] GC(2913) Pause Young (Allocation Failure) 517M->264M(518M) 0.877ms
[1112.580s][info][gc,cpu         ] GC(2913) User=0.00s Sys=0.00s Real=0.00s
[1113.556s][info][gc,start       ] GC(2914) Pause Young (Allocation Failure)
[1113.557s][info][gc,heap        ] GC(2914) PSYoungGen: 249920K(260096K)->64K(240640K) Eden: 249856K(249856K)->0K(240128K) From: 64K(10240K)->64K(512K)
[1113.558s][info][gc,heap        ] GC(2914) ParOldGen: 270607K(270848K)->270615K(270848K)
[1113.558s][info][gc,metaspace   ] GC(2914) Metaspace: 35557K(36352K)->35557K(36352K) NonClass: 26347K(26944K)->26347K(26944K) Class: 9209K(9408K)->9209K(9408K)
[1113.558s][info][gc             ] GC(2914) Pause Young (Allocation Failure) 508M->264M(499M) 1.753ms
[1113.558s][info][gc,cpu         ] GC(2914) User=0.01s Sys=0.00s Real=0.00s
[1113.929s][info][gc,start       ] GC(2915) Pause Young (Allocation Failure)
[1113.930s][info][gc,heap        ] GC(2915) PSYoungGen: 240192K(240640K)->64K(240128K) Eden: 240128K(240128K)->0K(230912K) From: 64K(512K)->64K(9216K)
[1113.930s][info][gc,heap        ] GC(2915) ParOldGen: 270615K(270848K)->270623K(270848K)
[1113.930s][info][gc,metaspace   ] GC(2915) Metaspace: 35557K(36352K)->35557K(36352K) NonClass: 26347K(26944K)->26347K(26944K) Class: 9209K(9408K)->9209K(9408K)
[1113.930s][info][gc             ] GC(2915) Pause Young (Allocation Failure) 498M->264M(499M) 0.927ms
[1113.930s][info][gc,cpu         ] GC(2915) User=0.00s Sys=0.00s Real=0.00s
[1114.114s][info][gc,start       ] GC(2916) Pause Young (Allocation Failure)
[1114.115s][info][gc,heap        ] GC(2916) PSYoungGen: 230976K(240128K)->64K(222720K) Eden: 230912K(230912K)->0K(222208K) From: 64K(9216K)->64K(512K)
[1114.115s][info][gc,heap        ] GC(2916) ParOldGen: 270623K(270848K)->270631K(270848K)
[1114.115s][info][gc,metaspace   ] GC(2916) Metaspace: 35557K(36352K)->35557K(36352K) NonClass: 26347K(26944K)->26347K(26944K) Class: 9209K(9408K)->9209K(9408K)
[1114.115s][info][gc             ] GC(2916) Pause Young (Allocation Failure) 489M->264M(482M) 1.470ms
[1114.115s][info][gc,cpu         ] GC(2916) User=0.00s Sys=0.00s Real=0.00s
[1114.182s][info][gc,start       ] GC(2917) Pause Young (Allocation Failure)
[1114.183s][info][gc,heap        ] GC(2917) PSYoungGen: 222272K(222720K)->64K(222208K) Eden: 222208K(222208K)->0K(214016K) From: 64K(512K)->64K(8192K)
[1114.183s][info][gc,heap        ] GC(2917) ParOldGen: 270631K(270848K)->270639K(270848K)
[1114.183s][info][gc,metaspace   ] GC(2917) Metaspace: 35557K(36352K)->35557K(36352K) NonClass: 26347K(26944K)->26347K(26944K) Class: 9209K(9408K)->9209K(9408K)
[1114.183s][info][gc             ] GC(2917) Pause Young (Allocation Failure) 481M->264M(481M) 0.864ms
[1114.183s][info][gc,cpu         ] GC(2917) User=0.00s Sys=0.00s Real=0.00s
[1114.614s][info][gc,start       ] GC(2918) Pause Young (Allocation Failure)
[1114.615s][info][gc,heap        ] GC(2918) PSYoungGen: 214080K(222208K)->64K(206848K) Eden: 214016K(214016K)->0K(206336K) From: 64K(8192K)->64K(512K)
[1114.615s][info][gc,heap        ] GC(2918) ParOldGen: 270639K(270848K)->270647K(270848K)
[1114.615s][info][gc,metaspace   ] GC(2918) Metaspace: 35557K(36352K)->35557K(36352K) NonClass: 26347K(26944K)->26347K(26944K) Class: 9209K(9408K)->9209K(9408K)
[1114.615s][info][gc             ] GC(2918) Pause Young (Allocation Failure) 473M->264M(466M) 1.521ms
[1114.615s][info][gc,cpu         ] GC(2918) User=0.00s Sys=0.01s Real=0.00s
[1114.837s][info][gc,start       ] GC(2919) Pause Young (Allocation Failure)
[1114.838s][info][gc,heap        ] GC(2919) PSYoungGen: 206400K(206848K)->64K(205312K) Eden: 206336K(206336K)->0K(198656K) From: 64K(512K)->64K(6656K)
[1114.838s][info][gc,heap        ] GC(2919) ParOldGen: 270647K(270848K)->270655K(270848K)
[1114.838s][info][gc,metaspace   ] GC(2919) Metaspace: 35557K(36352K)->35557K(36352K) NonClass: 26347K(26944K)->26347K(26944K) Class: 9209K(9408K)->9209K(9408K)
[1114.838s][info][gc             ] GC(2919) Pause Young (Allocation Failure) 465M->264M(465M) 1.551ms
[1114.838s][info][gc,cpu         ] GC(2919) User=0.00s Sys=0.00s Real=0.00s
[1115.182s][info][gc,start       ] GC(2920) Pause Young (Allocation Failure)
[1115.189s][info][gc,heap        ] GC(2920) PSYoungGen: 198720K(205312K)->2176K(194048K) Eden: 198656K(198656K)->0K(191488K) From: 64K(6656K)->2176K(2560K)
[1115.189s][info][gc,heap        ] GC(2920) ParOldGen: 270655K(270848K)->270671K(270848K)
[1115.189s][info][gc,metaspace   ] GC(2920) Metaspace: 35557K(36352K)->35557K(36352K) NonClass: 26347K(26944K)->26347K(26944K) Class: 9209K(9408K)->9209K(9408K)
[1115.189s][info][gc             ] GC(2920) Pause Young (Allocation Failure) 458M->266M(454M) 7.444ms
[1115.189s][info][gc,cpu         ] GC(2920) User=0.01s Sys=0.00s Real=0.01s
[1115.427s][info][gc,start       ] GC(2921) Pause Young (Allocation Failure)
[1115.467s][info][gc,heap        ] GC(2921) PSYoungGen: 193664K(194048K)->6656K(236032K) Eden: 191488K(191488K)->0K(229376K) From: 2176K(2560K)->6656K(6656K)
[1115.467s][info][gc,heap        ] GC(2921) ParOldGen: 270671K(270848K)->285751K(286208K)
[1115.467s][info][gc,metaspace   ] GC(2921) Metaspace: 35557K(36352K)->35557K(36352K) NonClass: 26347K(26944K)->26347K(26944K) Class: 9209K(9408K)->9209K(9408K)
[1115.467s][info][gc             ] GC(2921) Pause Young (Allocation Failure) 453M->285M(510M) 40.312ms
[1115.467s][info][gc,cpu         ] GC(2921) User=0.07s Sys=0.00s Real=0.04s
[1115.753s][info][gc,start       ] GC(2922) Pause Young (Allocation Failure)
[1115.806s][info][gc,heap        ] GC(2922) PSYoungGen: 236032K(236032K)->4608K(244736K) Eden: 229376K(229376K)->0K(240128K) From: 6656K(6656K)->4608K(4608K)
[1115.806s][info][gc,heap        ] GC(2922) ParOldGen: 285751K(286208K)->307591K(307712K)
[1115.806s][info][gc,metaspace   ] GC(2922) Metaspace: 35557K(36352K)->35557K(36352K) NonClass: 26347K(26944K)->26347K(26944K) Class: 9209K(9408K)->9209K(9408K)
[1115.806s][info][gc             ] GC(2922) Pause Young (Allocation Failure) 509M->304M(539M) 53.624ms
[1115.806s][info][gc,cpu         ] GC(2922) User=0.09s Sys=0.01s Real=0.06s
[1115.978s][info][gc,start       ] GC(2923) Pause Young (Allocation Failure)
[1116.003s][info][gc,heap        ] GC(2923) PSYoungGen: 244736K(244736K)->12736K(261632K) Eden: 240128K(240128K)->0K(240128K) From: 4608K(4608K)->12736K(21504K)
[1116.003s][info][gc,heap        ] GC(2923) ParOldGen: 307591K(307712K)->308183K(308224K)
[1116.003s][info][gc,metaspace   ] GC(2923) Metaspace: 35557K(36352K)->35557K(36352K) NonClass: 26347K(26944K)->26347K(26944K) Class: 9209K(9408K)->9209K(9408K)
[1116.003s][info][gc             ] GC(2923) Pause Young (Allocation Failure) 539M->313M(556M) 24.855ms
[1116.003s][info][gc,cpu         ] GC(2923) User=0.05s Sys=0.00s Real=0.03s
[1116.212s][info][gc,start       ] GC(2924) Pause Young (Allocation Failure)
[1116.214s][info][gc,heap        ] GC(2924) PSYoungGen: 252864K(261632K)->64K(308736K) Eden: 240128K(240128K)->0K(287744K) From: 12736K(21504K)->64K(20992K)
[1116.214s][info][gc,heap        ] GC(2924) ParOldGen: 308183K(308224K)->308191K(308224K)
[1116.214s][info][gc,metaspace   ] GC(2924) Metaspace: 35557K(36352K)->35557K(36352K) NonClass: 26347K(26944K)->26347K(26944K) Class: 9209K(9408K)->9209K(9408K)
[1116.214s][info][gc             ] GC(2924) Pause Young (Allocation Failure) 547M->301M(602M) 1.219ms
[1116.214s][info][gc,cpu         ] GC(2924) User=0.00s Sys=0.00s Real=0.01s
[1116.879s][info][gc,start       ] GC(2925) Pause Young (Allocation Failure)
[1116.880s][info][gc,heap        ] GC(2925) PSYoungGen: 287808K(308736K)->64K(309760K) Eden: 287744K(287744K)->0K(287744K) From: 64K(20992K)->64K(22016K)
[1116.880s][info][gc,heap        ] GC(2925) ParOldGen: 308191K(308224K)->308199K(308224K)
[1116.880s][info][gc,metaspace   ] GC(2925) Metaspace: 35557K(36352K)->35557K(36352K) NonClass: 26347K(26944K)->26347K(26944K) Class: 9209K(9408K)->9209K(9408K)
[1116.880s][info][gc             ] GC(2925) Pause Young (Allocation Failure) 582M->301M(603M) 1.235ms
[1116.880s][info][gc,cpu         ] GC(2925) User=0.00s Sys=0.00s Real=0.00s
[1117.346s][info][gc,start       ] GC(2926) Pause Young (Allocation Failure)
[1117.347s][info][gc,heap        ] GC(2926) PSYoungGen: 287808K(309760K)->64K(310784K) Eden: 287744K(287744K)->0K(290816K) From: 64K(22016K)->64K(19968K)
[1117.347s][info][gc,heap        ] GC(2926) ParOldGen: 308199K(308224K)->308215K(308224K)
[1117.347s][info][gc,metaspace   ] GC(2926) Metaspace: 35557K(36352K)->35557K(36352K) NonClass: 26347K(26944K)->26347K(26944K) Class: 9209K(9408K)->9209K(9408K)
[1117.347s][info][gc             ] GC(2926) Pause Young (Allocation Failure) 582M->301M(604M) 1.121ms
[1117.347s][info][gc,cpu         ] GC(2926) User=0.00s Sys=0.00s Real=0.00s
[1117.587s][info][gc,start       ] GC(2927) Pause Young (Allocation Failure)
[1117.588s][info][gc,heap        ] GC(2927) PSYoungGen: 290880K(310784K)->64K(311296K) Eden: 290816K(290816K)->0K(290816K) From: 64K(19968K)->64K(20480K)
[1117.588s][info][gc,heap        ] GC(2927) ParOldGen: 308215K(308224K)->308231K(308736K)
[1117.588s][info][gc,metaspace   ] GC(2927) Metaspace: 35557K(36352K)->35557K(36352K) NonClass: 26347K(26944K)->26347K(26944K) Class: 9209K(9408K)->9209K(9408K)
[1117.589s][info][gc             ] GC(2927) Pause Young (Allocation Failure) 585M->301M(605M) 1.048ms
[1117.589s][info][gc,cpu         ] GC(2927) User=0.00s Sys=0.00s Real=0.00s
[1117.828s][info][gc,start       ] GC(2928) Pause Young (Allocation Failure)
[1117.829s][info][gc,heap        ] GC(2928) PSYoungGen: 290880K(311296K)->64K(311808K) Eden: 290816K(290816K)->0K(293888K) From: 64K(20480K)->64K(17920K)
[1117.829s][info][gc,heap        ] GC(2928) ParOldGen: 308231K(308736K)->308231K(308736K)
[1117.829s][info][gc,metaspace   ] GC(2928) Metaspace: 35557K(36352K)->35557K(36352K) NonClass: 26347K(26944K)->26347K(26944K) Class: 9209K(9408K)->9209K(9408K)
[1117.829s][info][gc             ] GC(2928) Pause Young (Allocation Failure) 585M->301M(606M) 1.071ms
[1117.829s][info][gc,cpu         ] GC(2928) User=0.00s Sys=0.00s Real=0.00s
[1118.165s][info][gc,start       ] GC(2929) Pause Young (Allocation Failure)
[1118.166s][info][gc,heap        ] GC(2929) PSYoungGen: 293952K(311808K)->64K(312320K) Eden: 293888K(293888K)->0K(293888K) From: 64K(17920K)->64K(18432K)
[1118.166s][info][gc,heap        ] GC(2929) ParOldGen: 308231K(308736K)->308231K(308736K)
[1118.166s][info][gc,metaspace   ] GC(2929) Metaspace: 35557K(36352K)->35557K(36352K) NonClass: 26347K(26944K)->26347K(26944K) Class: 9209K(9408K)->9209K(9408K)
[1118.166s][info][gc             ] GC(2929) Pause Young (Allocation Failure) 588M->301M(606M) 1.044ms
[1118.166s][info][gc,cpu         ] GC(2929) User=0.01s Sys=0.00s Real=0.00s
[1118.216s][info][gc,start       ] GC(2930) Pause Young (Allocation Failure)
[1118.217s][info][gc,heap        ] GC(2930) PSYoungGen: 293952K(312320K)->64K(313344K) Eden: 293888K(293888K)->0K(297472K) From: 64K(18432K)->64K(15872K)
[1118.217s][info][gc,heap        ] GC(2930) ParOldGen: 308231K(308736K)->308247K(308736K)
[1118.217s][info][gc,metaspace   ] GC(2930) Metaspace: 35557K(36352K)->35557K(36352K) NonClass: 26347K(26944K)->26347K(26944K) Class: 9209K(9408K)->9209K(9408K)
[1118.217s][info][gc             ] GC(2930) Pause Young (Allocation Failure) 588M->301M(607M) 0.980ms
[1118.217s][info][gc,cpu         ] GC(2930) User=0.00s Sys=0.00s Real=0.00s
[1118.269s][info][gc,start       ] GC(2931) Pause Young (Allocation Failure)
[1118.270s][info][gc,heap        ] GC(2931) PSYoungGen: 297536K(313344K)->64K(314368K) Eden: 297472K(297472K)->0K(297472K) From: 64K(15872K)->64K(16896K)
[1118.270s][info][gc,heap        ] GC(2931) ParOldGen: 308247K(308736K)->308247K(308736K)
[1118.270s][info][gc,metaspace   ] GC(2931) Metaspace: 35557K(36352K)->35557K(36352K) NonClass: 26347K(26944K)->26347K(26944K) Class: 9209K(9408K)->9209K(9408K)
[1118.270s][info][gc             ] GC(2931) Pause Young (Allocation Failure) 591M->301M(608M) 0.968ms
[1118.270s][info][gc,cpu         ] GC(2931) User=0.00s Sys=0.00s Real=0.00s
[1118.579s][info][gc,start       ] GC(2932) Pause Young (Allocation Failure)
[1118.580s][info][gc,heap        ] GC(2932) PSYoungGen: 297536K(314368K)->64K(315904K) Eden: 297472K(297472K)->0K(301056K) From: 64K(16896K)->64K(14848K)
[1118.580s][info][gc,heap        ] GC(2932) ParOldGen: 308247K(308736K)->308247K(308736K)
[1118.580s][info][gc,metaspace   ] GC(2932) Metaspace: 35557K(36352K)->35557K(36352K) NonClass: 26347K(26944K)->26347K(26944K) Class: 9209K(9408K)->9209K(9408K)
[1118.580s][info][gc             ] GC(2932) Pause Young (Allocation Failure) 591M->301M(610M) 0.999ms
[1118.580s][info][gc,cpu         ] GC(2932) User=0.00s Sys=0.00s Real=0.00s
[1118.829s][info][gc,start       ] GC(2933) Pause Young (Allocation Failure)
[1118.830s][info][gc,heap        ] GC(2933) PSYoungGen: 301120K(315904K)->64K(316416K) Eden: 301056K(301056K)->0K(301056K) From: 64K(14848K)->64K(15360K)
[1118.830s][info][gc,heap        ] GC(2933) ParOldGen: 308247K(308736K)->308255K(308736K)
[1118.830s][info][gc,metaspace   ] GC(2933) Metaspace: 35557K(36352K)->35557K(36352K) NonClass: 26347K(26944K)->26347K(26944K) Class: 9209K(9408K)->9209K(9408K)
[1118.830s][info][gc             ] GC(2933) Pause Young (Allocation Failure) 595M->301M(610M) 1.152ms
[1118.830s][info][gc,cpu         ] GC(2933) User=0.00s Sys=0.00s Real=0.00s
[1118.910s][info][gc,start       ] GC(2934) Pause Young (Allocation Failure)
[1118.911s][info][gc,heap        ] GC(2934) PSYoungGen: 301120K(316416K)->64K(316928K) Eden: 301056K(301056K)->0K(304128K) From: 64K(15360K)->64K(12800K)
[1118.911s][info][gc,heap        ] GC(2934) ParOldGen: 308255K(308736K)->308271K(308736K)
[1118.911s][info][gc,metaspace   ] GC(2934) Metaspace: 35557K(36352K)->35557K(36352K) NonClass: 26347K(26944K)->26347K(26944K) Class: 9209K(9408K)->9209K(9408K)
[1118.911s][info][gc             ] GC(2934) Pause Young (Allocation Failure) 595M->301M(611M) 1.048ms
[1118.911s][info][gc,cpu         ] GC(2934) User=0.00s Sys=0.00s Real=0.00s
[1119.065s][info][gc,start       ] GC(2935) Pause Young (Allocation Failure)
[1119.066s][info][gc,heap        ] GC(2935) PSYoungGen: 304192K(316928K)->64K(317440K) Eden: 304128K(304128K)->0K(304128K) From: 64K(12800K)->64K(13312K)
[1119.066s][info][gc,heap        ] GC(2935) ParOldGen: 308271K(308736K)->308271K(308736K)
[1119.066s][info][gc,metaspace   ] GC(2935) Metaspace: 35557K(36352K)->35557K(36352K) NonClass: 26347K(26944K)->26347K(26944K) Class: 9209K(9408K)->9209K(9408K)
[1119.066s][info][gc             ] GC(2935) Pause Young (Allocation Failure) 598M->301M(611M) 1.084ms
[1119.066s][info][gc,cpu         ] GC(2935) User=0.01s Sys=0.00s Real=0.00s
[1119.489s][info][gc,start       ] GC(2936) Pause Young (Allocation Failure)
[1119.490s][info][gc,heap        ] GC(2936) PSYoungGen: 304192K(317440K)->64K(292352K) Eden: 304128K(304128K)->0K(291840K) From: 64K(13312K)->64K(512K)
[1119.490s][info][gc,heap        ] GC(2936) ParOldGen: 308271K(308736K)->308279K(308736K)
[1119.490s][info][gc,metaspace   ] GC(2936) Metaspace: 35557K(36352K)->35557K(36352K) NonClass: 26347K(26944K)->26347K(26944K) Class: 9209K(9408K)->9209K(9408K)
[1119.490s][info][gc             ] GC(2936) Pause Young (Allocation Failure) 598M->301M(587M) 1.157ms
[1119.490s][info][gc,cpu         ] GC(2936) User=0.00s Sys=0.00s Real=0.00s
[1120.805s][info][gc,start       ] GC(2937) Pause Young (Allocation Failure)
[1120.806s][info][gc,heap        ] GC(2937) PSYoungGen: 291904K(292352K)->64K(292352K) Eden: 291840K(291840K)->0K(280576K) From: 64K(512K)->64K(11776K)
[1120.806s][info][gc,heap        ] GC(2937) ParOldGen: 308279K(308736K)->308287K(308736K)
[1120.806s][info][gc,metaspace   ] GC(2937) Metaspace: 35557K(36352K)->35557K(36352K) NonClass: 26347K(26944K)->26347K(26944K) Class: 9209K(9408K)->9209K(9408K)
[1120.806s][info][gc             ] GC(2937) Pause Young (Allocation Failure) 586M->301M(587M) 1.110ms
[1120.806s][info][gc,cpu         ] GC(2937) User=0.00s Sys=0.00s Real=0.00s
[1121.045s][info][gc,start       ] GC(2938) Pause Young (Allocation Failure)
[1121.046s][info][gc,heap        ] GC(2938) PSYoungGen: 280640K(292352K)->64K(270336K) Eden: 280576K(280576K)->0K(269824K) From: 64K(11776K)->64K(512K)
[1121.046s][info][gc,heap        ] GC(2938) ParOldGen: 308287K(308736K)->308295K(308736K)
[1121.046s][info][gc,metaspace   ] GC(2938) Metaspace: 35557K(36352K)->35557K(36352K) NonClass: 26347K(26944K)->26347K(26944K) Class: 9209K(9408K)->9209K(9408K)
[1121.046s][info][gc             ] GC(2938) Pause Young (Allocation Failure) 575M->301M(565M) 1.222ms
[1121.046s][info][gc,cpu         ] GC(2938) User=0.00s Sys=0.00s Real=0.00s
[1121.524s][info][gc,start       ] GC(2939) Pause Young (Allocation Failure)
[1121.525s][info][gc,heap        ] GC(2939) PSYoungGen: 269888K(270336K)->64K(269824K) Eden: 269824K(269824K)->0K(259584K) From: 64K(512K)->64K(10240K)
[1121.525s][info][gc,heap        ] GC(2939) ParOldGen: 308295K(308736K)->308303K(308736K)
[1121.525s][info][gc,metaspace   ] GC(2939) Metaspace: 35557K(36352K)->35557K(36352K) NonClass: 26347K(26944K)->26347K(26944K) Class: 9209K(9408K)->9209K(9408K)
[1121.525s][info][gc             ] GC(2939) Pause Young (Allocation Failure) 564M->301M(565M) 1.057ms
[1121.525s][info][gc,cpu         ] GC(2939) User=0.00s Sys=0.00s Real=0.00s
[1122.451s][info][gc,start       ] GC(2940) Pause Young (Allocation Failure)
[1122.452s][info][gc,heap        ] GC(2940) PSYoungGen: 259648K(269824K)->64K(250368K) Eden: 259584K(259584K)->0K(249856K) From: 64K(10240K)->64K(512K)
[1122.453s][info][gc,heap        ] GC(2940) ParOldGen: 308303K(308736K)->308311K(308736K)
[1122.453s][info][gc,metaspace   ] GC(2940) Metaspace: 35557K(36352K)->35557K(36352K) NonClass: 26347K(26944K)->26347K(26944K) Class: 9209K(9408K)->9209K(9408K)
[1122.453s][info][gc             ] GC(2940) Pause Young (Allocation Failure) 554M->301M(546M) 1.371ms
[1122.453s][info][gc,cpu         ] GC(2940) User=0.00s Sys=0.00s Real=0.00s
[1122.798s][info][gc,start       ] GC(2941) Pause Young (Allocation Failure)
[1122.799s][info][gc,heap        ] GC(2941) PSYoungGen: 249920K(250368K)->64K(249344K) Eden: 249856K(249856K)->0K(240128K) From: 64K(512K)->64K(9216K)
[1122.799s][info][gc,heap        ] GC(2941) ParOldGen: 308311K(308736K)->308319K(308736K)
[1122.799s][info][gc,metaspace   ] GC(2941) Metaspace: 35557K(36352K)->35557K(36352K) NonClass: 26347K(26944K)->26347K(26944K) Class: 9209K(9408K)->9209K(9408K)
[1122.799s][info][gc             ] GC(2941) Pause Young (Allocation Failure) 545M->301M(545M) 1.024ms
[1122.799s][info][gc,cpu         ] GC(2941) User=0.00s Sys=0.00s Real=0.00s
[1122.895s][info][gc,start       ] GC(2942) Pause Young (Allocation Failure)
[1122.897s][info][gc,heap        ] GC(2942) PSYoungGen: 240192K(249344K)->64K(231424K) Eden: 240128K(240128K)->0K(230912K) From: 64K(9216K)->64K(512K)
[1122.897s][info][gc,heap        ] GC(2942) ParOldGen: 308319K(308736K)->308327K(308736K)
[1122.897s][info][gc,metaspace   ] GC(2942) Metaspace: 35557K(36352K)->35557K(36352K) NonClass: 26347K(26944K)->26347K(26944K) Class: 9209K(9408K)->9209K(9408K)
[1122.897s][info][gc             ] GC(2942) Pause Young (Allocation Failure) 535M->301M(527M) 1.447ms
[1122.897s][info][gc,cpu         ] GC(2942) User=0.00s Sys=0.00s Real=0.00s
[1123.258s][info][gc,start       ] GC(2943) Pause Young (Allocation Failure)
[1123.259s][info][gc,heap        ] GC(2943) PSYoungGen: 230976K(231424K)->64K(229888K) Eden: 230912K(230912K)->0K(222208K) From: 64K(512K)->64K(7680K)
[1123.259s][info][gc,heap        ] GC(2943) ParOldGen: 308327K(308736K)->308335K(308736K)
[1123.259s][info][gc,metaspace   ] GC(2943) Metaspace: 35557K(36352K)->35557K(36352K) NonClass: 26347K(26944K)->26347K(26944K) Class: 9209K(9408K)->9209K(9408K)
[1123.259s][info][gc             ] GC(2943) Pause Young (Allocation Failure) 526M->301M(526M) 0.992ms
[1123.259s][info][gc,cpu         ] GC(2943) User=0.00s Sys=0.00s Real=0.00s
[1123.565s][info][gc,start       ] GC(2944) Pause Young (Allocation Failure)
[1123.567s][info][gc,heap        ] GC(2944) PSYoungGen: 222272K(229888K)->64K(214528K) Eden: 222208K(222208K)->0K(214016K) From: 64K(7680K)->64K(512K)
[1123.567s][info][gc,heap        ] GC(2944) ParOldGen: 308335K(308736K)->308343K(308736K)
[1123.567s][info][gc,metaspace   ] GC(2944) Metaspace: 35557K(36352K)->35557K(36352K) NonClass: 26347K(26944K)->26347K(26944K) Class: 9209K(9408K)->9209K(9408K)
[1123.567s][info][gc             ] GC(2944) Pause Young (Allocation Failure) 518M->301M(511M) 1.417ms
[1123.567s][info][gc,cpu         ] GC(2944) User=0.01s Sys=0.00s Real=0.00s
[1123.897s][info][gc,start       ] GC(2945) Pause Young (Allocation Failure)
[1123.900s][info][gc,heap        ] GC(2945) PSYoungGen: 214080K(214528K)->1568K(212992K) Eden: 214016K(214016K)->0K(206336K) From: 64K(512K)->1568K(6656K)
[1123.900s][info][gc,heap        ] GC(2945) ParOldGen: 308343K(308736K)->308359K(308736K)
[1123.900s][info][gc,metaspace   ] GC(2945) Metaspace: 35557K(36352K)->35557K(36352K) NonClass: 26347K(26944K)->26347K(26944K) Class: 9209K(9408K)->9209K(9408K)
[1123.900s][info][gc             ] GC(2945) Pause Young (Allocation Failure) 510M->302M(509M) 3.174ms
[1123.900s][info][gc,cpu         ] GC(2945) User=0.01s Sys=0.00s Real=0.00s
[1124.157s][info][gc,start       ] GC(2946) Pause Young (Allocation Failure)
[1124.201s][info][gc,heap        ] GC(2946) PSYoungGen: 207904K(212992K)->6656K(253952K) Eden: 206336K(206336K)->0K(247296K) From: 1568K(6656K)->6656K(6656K)
[1124.201s][info][gc,heap        ] GC(2946) ParOldGen: 308359K(308736K)->325127K(325632K)
[1124.201s][info][gc,metaspace   ] GC(2946) Metaspace: 35557K(36352K)->35557K(36352K) NonClass: 26347K(26944K)->26347K(26944K) Class: 9209K(9408K)->9209K(9408K)
[1124.201s][info][gc             ] GC(2946) Pause Young (Allocation Failure) 504M->324M(566M) 43.925ms
[1124.201s][info][gc,cpu         ] GC(2946) User=0.07s Sys=0.01s Real=0.04s
[1124.509s][info][gc,start       ] GC(2947) Pause Young (Allocation Failure)
[1124.562s][info][gc,heap        ] GC(2947) PSYoungGen: 253952K(253952K)->14336K(271872K) Eden: 247296K(247296K)->0K(257536K) From: 6656K(6656K)->14336K(14336K)
[1124.562s][info][gc,heap        ] GC(2947) ParOldGen: 325127K(325632K)->339295K(339456K)
[1124.562s][info][gc,metaspace   ] GC(2947) Metaspace: 35557K(36352K)->35557K(36352K) NonClass: 26347K(26944K)->26347K(26944K) Class: 9209K(9408K)->9209K(9408K)
[1124.562s][info][gc             ] GC(2947) Pause Young (Allocation Failure) 565M->345M(597M) 52.819ms
[1124.562s][info][gc,cpu         ] GC(2947) User=0.09s Sys=0.01s Real=0.05s
[1124.712s][info][gc,start       ] GC(2948) Pause Young (Allocation Failure)
[1124.735s][info][gc,heap        ] GC(2948) PSYoungGen: 271872K(271872K)->9664K(311296K) Eden: 257536K(257536K)->0K(288768K) From: 14336K(14336K)->9664K(22528K)
[1124.735s][info][gc,heap        ] GC(2948) ParOldGen: 339295K(339456K)->339679K(339968K)
[1124.735s][info][gc,metaspace   ] GC(2948) Metaspace: 35557K(36352K)->35557K(36352K) NonClass: 26347K(26944K)->26347K(26944K) Class: 9209K(9408K)->9209K(9408K)
[1124.735s][info][gc             ] GC(2948) Pause Young (Allocation Failure) 596M->341M(636M) 23.285ms
[1124.735s][info][gc,cpu         ] GC(2948) User=0.04s Sys=0.00s Real=0.03s
[1125.151s][info][gc,start       ] GC(2949) Pause Young (Allocation Failure)
[1125.152s][info][gc,heap        ] GC(2949) PSYoungGen: 298432K(311296K)->64K(289280K) Eden: 288768K(288768K)->0K(288768K) From: 9664K(22528K)->64K(512K)
[1125.152s][info][gc,heap        ] GC(2949) ParOldGen: 339679K(339968K)->339687K(339968K)
[1125.152s][info][gc,metaspace   ] GC(2949) Metaspace: 35557K(36352K)->35557K(36352K) NonClass: 26347K(26944K)->26347K(26944K) Class: 9209K(9408K)->9209K(9408K)
[1125.152s][info][gc             ] GC(2949) Pause Young (Allocation Failure) 623M->331M(614M) 1.291ms
[1125.152s][info][gc,cpu         ] GC(2949) User=0.00s Sys=0.00s Real=0.00s
[1125.694s][info][gc,start       ] GC(2950) Pause Young (Allocation Failure)
[1125.695s][info][gc,heap        ] GC(2950) PSYoungGen: 288832K(289280K)->64K(311808K) Eden: 288768K(288768K)->0K(289792K) From: 64K(512K)->64K(22016K)
[1125.695s][info][gc,heap        ] GC(2950) ParOldGen: 339687K(339968K)->339695K(339968K)
[1125.695s][info][gc,metaspace   ] GC(2950) Metaspace: 35557K(36352K)->35557K(36352K) NonClass: 26347K(26944K)->26347K(26944K) Class: 9209K(9408K)->9209K(9408K)
[1125.695s][info][gc             ] GC(2950) Pause Young (Allocation Failure) 613M->331M(636M) 1.238ms
[1125.695s][info][gc,cpu         ] GC(2950) User=0.00s Sys=0.00s Real=0.00s
[1126.133s][info][gc,start       ] GC(2951) Pause Young (Allocation Failure)
[1126.134s][info][gc,heap        ] GC(2951) PSYoungGen: 289856K(311808K)->64K(310784K) Eden: 289792K(289792K)->0K(289792K) From: 64K(22016K)->64K(20992K)
[1126.134s][info][gc,heap        ] GC(2951) ParOldGen: 339695K(339968K)->339711K(339968K)
[1126.134s][info][gc,metaspace   ] GC(2951) Metaspace: 35557K(36352K)->35557K(36352K) NonClass: 26347K(26944K)->26347K(26944K) Class: 9209K(9408K)->9209K(9408K)
[1126.134s][info][gc             ] GC(2951) Pause Young (Allocation Failure) 614M->331M(635M) 1.169ms
[1126.134s][info][gc,cpu         ] GC(2951) User=0.01s Sys=0.00s Real=0.00s
[1126.372s][info][gc,start       ] GC(2952) Pause Young (Allocation Failure)
[1126.373s][info][gc,heap        ] GC(2952) PSYoungGen: 289856K(310784K)->64K(311808K) Eden: 289792K(289792K)->0K(291840K) From: 64K(20992K)->64K(19968K)
[1126.373s][info][gc,heap        ] GC(2952) ParOldGen: 339711K(339968K)->339727K(339968K)
[1126.373s][info][gc,metaspace   ] GC(2952) Metaspace: 35557K(36352K)->35557K(36352K) NonClass: 26347K(26944K)->26347K(26944K) Class: 9209K(9408K)->9209K(9408K)
[1126.373s][info][gc             ] GC(2952) Pause Young (Allocation Failure) 614M->331M(636M) 1.074ms
[1126.373s][info][gc,cpu         ] GC(2952) User=0.00s Sys=0.00s Real=0.00s
[1126.615s][info][gc,start       ] GC(2953) Pause Young (Allocation Failure)
[1126.616s][info][gc,heap        ] GC(2953) PSYoungGen: 291904K(311808K)->32K(311296K) Eden: 291840K(291840K)->0K(291840K) From: 64K(19968K)->32K(19456K)
[1126.616s][info][gc,heap        ] GC(2953) ParOldGen: 339727K(339968K)->339727K(339968K)
[1126.616s][info][gc,metaspace   ] GC(2953) Metaspace: 35557K(36352K)->35557K(36352K) NonClass: 26347K(26944K)->26347K(26944K) Class: 9209K(9408K)->9209K(9408K)
[1126.616s][info][gc             ] GC(2953) Pause Young (Allocation Failure) 616M->331M(636M) 1.094ms
[1126.616s][info][gc,cpu         ] GC(2953) User=0.01s Sys=0.00s Real=0.00s
[1126.886s][info][gc,start       ] GC(2954) Pause Young (Allocation Failure)
[1126.887s][info][gc,heap        ] GC(2954) PSYoungGen: 291872K(311296K)->64K(313344K) Eden: 291840K(291840K)->0K(295424K) From: 32K(19456K)->64K(17920K)
[1126.887s][info][gc,heap        ] GC(2954) ParOldGen: 339727K(339968K)->339727K(339968K)
[1126.887s][info][gc,metaspace   ] GC(2954) Metaspace: 35557K(36352K)->35557K(36352K) NonClass: 26347K(26944K)->26347K(26944K) Class: 9209K(9408K)->9209K(9408K)
[1126.887s][info][gc             ] GC(2954) Pause Young (Allocation Failure) 616M->331M(638M) 1.107ms
[1126.887s][info][gc,cpu         ] GC(2954) User=0.01s Sys=0.00s Real=0.00s
[1126.939s][info][gc,start       ] GC(2955) Pause Young (Allocation Failure)
[1126.941s][info][gc,heap        ] GC(2955) PSYoungGen: 295488K(313344K)->64K(313344K) Eden: 295424K(295424K)->0K(295424K) From: 64K(17920K)->64K(17920K)
[1126.941s][info][gc,heap        ] GC(2955) ParOldGen: 339727K(339968K)->339743K(339968K)
[1126.941s][info][gc,metaspace   ] GC(2955) Metaspace: 35557K(36352K)->35557K(36352K) NonClass: 26347K(26944K)->26347K(26944K) Class: 9209K(9408K)->9209K(9408K)
[1126.941s][info][gc             ] GC(2955) Pause Young (Allocation Failure) 620M->331M(638M) 1.161ms
[1126.941s][info][gc,cpu         ] GC(2955) User=0.01s Sys=0.00s Real=0.00s
[1127.073s][info][gc,start       ] GC(2956) Pause Young (Allocation Failure)
[1127.074s][info][gc,heap        ] GC(2956) PSYoungGen: 295488K(313344K)->64K(314880K) Eden: 295424K(295424K)->0K(299008K) From: 64K(17920K)->64K(15872K)
[1127.074s][info][gc,heap        ] GC(2956) ParOldGen: 339743K(339968K)->339743K(339968K)
[1127.074s][info][gc,metaspace   ] GC(2956) Metaspace: 35557K(36352K)->35557K(36352K) NonClass: 26347K(26944K)->26347K(26944K) Class: 9209K(9408K)->9209K(9408K)
[1127.074s][info][gc             ] GC(2956) Pause Young (Allocation Failure) 620M->331M(639M) 1.116ms
[1127.074s][info][gc,cpu         ] GC(2956) User=0.00s Sys=0.00s Real=0.01s
[1127.389s][info][gc,start       ] GC(2957) Pause Young (Allocation Failure)
[1127.390s][info][gc,heap        ] GC(2957) PSYoungGen: 299072K(314880K)->64K(314880K) Eden: 299008K(299008K)->0K(299008K) From: 64K(15872K)->64K(15872K)
[1127.390s][info][gc,heap        ] GC(2957) ParOldGen: 339743K(339968K)->339759K(339968K)
[1127.390s][info][gc,metaspace   ] GC(2957) Metaspace: 35557K(36352K)->35557K(36352K) NonClass: 26347K(26944K)->26347K(26944K) Class: 9209K(9408K)->9209K(9408K)
[1127.390s][info][gc             ] GC(2957) Pause Young (Allocation Failure) 623M->331M(639M) 1.258ms
[1127.390s][info][gc,cpu         ] GC(2957) User=0.00s Sys=0.00s Real=0.00s
[1127.564s][info][gc,start       ] GC(2958) Pause Young (Allocation Failure)
[1127.565s][info][gc,heap        ] GC(2958) PSYoungGen: 299072K(314880K)->64K(316416K) Eden: 299008K(299008K)->0K(302592K) From: 64K(15872K)->64K(13824K)
[1127.565s][info][gc,heap        ] GC(2958) ParOldGen: 339759K(339968K)->339759K(339968K)
[1127.565s][info][gc,metaspace   ] GC(2958) Metaspace: 35557K(36352K)->35557K(36352K) NonClass: 26347K(26944K)->26347K(26944K) Class: 9209K(9408K)->9209K(9408K)
[1127.565s][info][gc             ] GC(2958) Pause Young (Allocation Failure) 623M->331M(641M) 1.202ms
[1127.565s][info][gc,cpu         ] GC(2958) User=0.00s Sys=0.00s Real=0.00s
[1127.652s][info][gc,start       ] GC(2959) Pause Young (Allocation Failure)
[1127.653s][info][gc,heap        ] GC(2959) PSYoungGen: 302656K(316416K)->64K(316928K) Eden: 302592K(302592K)->0K(302592K) From: 64K(13824K)->64K(14336K)
[1127.653s][info][gc,heap        ] GC(2959) ParOldGen: 339759K(339968K)->339775K(339968K)
[1127.653s][info][gc,metaspace   ] GC(2959) Metaspace: 35557K(36352K)->35557K(36352K) NonClass: 26347K(26944K)->26347K(26944K) Class: 9209K(9408K)->9209K(9408K)
[1127.653s][info][gc             ] GC(2959) Pause Young (Allocation Failure) 627M->331M(641M) 1.251ms
[1127.653s][info][gc,cpu         ] GC(2959) User=0.00s Sys=0.00s Real=0.00s
[1127.842s][info][gc,start       ] GC(2960) Pause Young (Allocation Failure)
[1127.843s][info][gc,heap        ] GC(2960) PSYoungGen: 302656K(316928K)->64K(318976K) Eden: 302592K(302592K)->0K(306176K) From: 64K(14336K)->64K(12800K)
[1127.843s][info][gc,heap        ] GC(2960) ParOldGen: 339775K(339968K)->339775K(339968K)
[1127.843s][info][gc,metaspace   ] GC(2960) Metaspace: 35557K(36352K)->35557K(36352K) NonClass: 26347K(26944K)->26347K(26944K) Class: 9209K(9408K)->9209K(9408K)
[1127.843s][info][gc             ] GC(2960) Pause Young (Allocation Failure) 627M->331M(643M) 1.276ms
[1127.843s][info][gc,cpu         ] GC(2960) User=0.00s Sys=0.00s Real=0.01s
[1128.747s][info][gc,start       ] GC(2961) Pause Young (Allocation Failure)
[1128.749s][info][gc,heap        ] GC(2961) PSYoungGen: 306240K(318976K)->83K(294400K) Eden: 306176K(306176K)->0K(293888K) From: 64K(12800K)->83K(512K)
[1128.749s][info][gc,heap        ] GC(2961) ParOldGen: 339775K(339968K)->339783K(339968K)
[1128.749s][info][gc,metaspace   ] GC(2961) Metaspace: 35557K(36352K)->35557K(36352K) NonClass: 26347K(26944K)->26347K(26944K) Class: 9209K(9408K)->9209K(9408K)
[1128.749s][info][gc             ] GC(2961) Pause Young (Allocation Failure) 630M->331M(619M) 1.324ms
[1128.749s][info][gc,cpu         ] GC(2961) User=0.00s Sys=0.00s Real=0.00s
[1129.603s][info][gc,start       ] GC(2962) Pause Young (Allocation Failure)
[1129.605s][info][gc,heap        ] GC(2962) PSYoungGen: 293971K(294400K)->64K(282624K) Eden: 293888K(293888K)->0K(282112K) From: 83K(512K)->64K(512K)
[1129.605s][info][gc,heap        ] GC(2962) ParOldGen: 339783K(339968K)->339791K(339968K)
[1129.605s][info][gc,metaspace   ] GC(2962) Metaspace: 35557K(36352K)->35557K(36352K) NonClass: 26347K(26944K)->26347K(26944K) Class: 9209K(9408K)->9209K(9408K)
[1129.605s][info][gc             ] GC(2962) Pause Young (Allocation Failure) 618M->331M(608M) 1.784ms
[1129.605s][info][gc,cpu         ] GC(2962) User=0.01s Sys=0.00s Real=0.00s
[1130.036s][info][gc,start       ] GC(2963) Pause Young (Allocation Failure)
[1130.037s][info][gc,heap        ] GC(2963) PSYoungGen: 282176K(282624K)->64K(282112K) Eden: 282112K(282112K)->0K(270848K) From: 64K(512K)->64K(11264K)
[1130.037s][info][gc,heap        ] GC(2963) ParOldGen: 339791K(339968K)->339799K(339968K)
[1130.037s][info][gc,metaspace   ] GC(2963) Metaspace: 35557K(36352K)->35557K(36352K) NonClass: 26347K(26944K)->26347K(26944K) Class: 9209K(9408K)->9209K(9408K)
[1130.037s][info][gc             ] GC(2963) Pause Young (Allocation Failure) 607M->331M(607M) 1.292ms
[1130.037s][info][gc,cpu         ] GC(2963) User=0.01s Sys=0.00s Real=0.00s
[1131.069s][info][gc,start       ] GC(2964) Pause Young (Allocation Failure)
[1131.071s][info][gc,heap        ] GC(2964) PSYoungGen: 270912K(282112K)->64K(261120K) Eden: 270848K(270848K)->0K(260608K) From: 64K(11264K)->64K(512K)
[1131.071s][info][gc,heap        ] GC(2964) ParOldGen: 339799K(339968K)->339807K(339968K)
[1131.071s][info][gc,metaspace   ] GC(2964) Metaspace: 35557K(36352K)->35557K(36352K) NonClass: 26347K(26944K)->26347K(26944K) Class: 9209K(9408K)->9209K(9408K)
[1131.071s][info][gc             ] GC(2964) Pause Young (Allocation Failure) 596M->331M(587M) 1.716ms
[1131.071s][info][gc,cpu         ] GC(2964) User=0.01s Sys=0.00s Real=0.00s
[1131.456s][info][gc,start       ] GC(2965) Pause Young (Allocation Failure)
[1131.458s][info][gc,heap        ] GC(2965) PSYoungGen: 260672K(261120K)->32K(260096K) Eden: 260608K(260608K)->0K(250368K) From: 64K(512K)->32K(9728K)
[1131.458s][info][gc,heap        ] GC(2965) ParOldGen: 339807K(339968K)->339815K(339968K)
[1131.458s][info][gc,metaspace   ] GC(2965) Metaspace: 35557K(36352K)->35557K(36352K) NonClass: 26347K(26944K)->26347K(26944K) Class: 9209K(9408K)->9209K(9408K)
[1131.458s][info][gc             ] GC(2965) Pause Young (Allocation Failure) 586M->331M(586M) 1.943ms
[1131.458s][info][gc,cpu         ] GC(2965) User=0.00s Sys=0.00s Real=0.00s
[1131.642s][info][gc,start       ] GC(2966) Pause Young (Allocation Failure)
[1131.645s][info][gc,heap        ] GC(2966) PSYoungGen: 250400K(260096K)->32K(241152K) Eden: 250368K(250368K)->0K(240640K) From: 32K(9728K)->32K(512K)
[1131.645s][info][gc,heap        ] GC(2966) ParOldGen: 339815K(339968K)->339823K(339968K)
[1131.645s][info][gc,metaspace   ] GC(2966) Metaspace: 35557K(36352K)->35557K(36352K) NonClass: 26347K(26944K)->26347K(26944K) Class: 9209K(9408K)->9209K(9408K)
[1131.645s][info][gc             ] GC(2966) Pause Young (Allocation Failure) 576M->331M(567M) 2.391ms
[1131.645s][info][gc,cpu         ] GC(2966) User=0.01s Sys=0.00s Real=0.01s
[1131.741s][info][gc,start       ] GC(2967) Pause Young (Allocation Failure)
[1131.743s][info][gc,heap        ] GC(2967) PSYoungGen: 240672K(241152K)->32K(240128K) Eden: 240640K(240640K)->0K(231424K) From: 32K(512K)->32K(8704K)
[1131.743s][info][gc,heap        ] GC(2967) ParOldGen: 339823K(339968K)->339831K(339968K)
[1131.743s][info][gc,metaspace   ] GC(2967) Metaspace: 35557K(36352K)->35557K(36352K) NonClass: 26347K(26944K)->26347K(26944K) Class: 9209K(9408K)->9209K(9408K)
[1131.743s][info][gc             ] GC(2967) Pause Young (Allocation Failure) 566M->331M(566M) 1.782ms
[1131.743s][info][gc,cpu         ] GC(2967) User=0.00s Sys=0.00s Real=0.00s
[1132.316s][info][gc,start       ] GC(2968) Pause Young (Allocation Failure)
[1132.318s][info][gc,heap        ] GC(2968) PSYoungGen: 231456K(240128K)->64K(223232K) Eden: 231424K(231424K)->0K(222720K) From: 32K(8704K)->64K(512K)
[1132.318s][info][gc,heap        ] GC(2968) ParOldGen: 339831K(339968K)->339839K(339968K)
[1132.318s][info][gc,metaspace   ] GC(2968) Metaspace: 35557K(36352K)->35557K(36352K) NonClass: 26347K(26944K)->26347K(26944K) Class: 9209K(9408K)->9209K(9408K)
[1132.318s][info][gc             ] GC(2968) Pause Young (Allocation Failure) 557M->331M(550M) 2.776ms
[1132.318s][info][gc,cpu         ] GC(2968) User=0.00s Sys=0.00s Real=0.00s
[1132.501s][info][gc,start       ] GC(2969) Pause Young (Allocation Failure)
[1132.502s][info][gc,heap        ] GC(2969) PSYoungGen: 222784K(223232K)->64K(221696K) Eden: 222720K(222720K)->0K(214528K) From: 64K(512K)->64K(7168K)
[1132.503s][info][gc,heap        ] GC(2969) ParOldGen: 339839K(339968K)->339847K(339968K)
[1132.503s][info][gc,metaspace   ] GC(2969) Metaspace: 35557K(36352K)->35557K(36352K) NonClass: 26347K(26944K)->26347K(26944K) Class: 9209K(9408K)->9209K(9408K)
[1132.503s][info][gc             ] GC(2969) Pause Young (Allocation Failure) 549M->331M(548M) 1.814ms
[1132.503s][info][gc,cpu         ] GC(2969) User=0.01s Sys=0.00s Real=0.00s
[1132.854s][info][gc,start       ] GC(2970) Pause Young (Allocation Failure)
[1132.882s][info][gc,heap        ] GC(2970) PSYoungGen: 214592K(221696K)->6656K(263168K) Eden: 214528K(214528K)->0K(256512K) From: 64K(7168K)->6656K(6656K)
[1132.882s][info][gc,heap        ] GC(2970) ParOldGen: 339847K(339968K)->346471K(346624K)
[1132.882s][info][gc,metaspace   ] GC(2970) Metaspace: 35557K(36352K)->35557K(36352K) NonClass: 26347K(26944K)->26347K(26944K) Class: 9209K(9408K)->9209K(9408K)
[1132.882s][info][gc             ] GC(2970) Pause Young (Allocation Failure) 541M->344M(595M) 27.404ms
[1132.882s][info][gc,cpu         ] GC(2970) User=0.04s Sys=0.01s Real=0.02s
[1133.256s][info][gc,start       ] GC(2971) Pause Young (Allocation Failure)
[1133.312s][info][gc,heap        ] GC(2971) PSYoungGen: 263168K(263168K)->10752K(271872K) Eden: 256512K(256512K)->0K(261120K) From: 6656K(6656K)->10752K(10752K)
[1133.312s][info][gc,heap        ] GC(2971) ParOldGen: 346471K(346624K)->365007K(365056K)
[1133.312s][info][gc,metaspace   ] GC(2971) Metaspace: 35557K(36352K)->35557K(36352K) NonClass: 26347K(26944K)->26347K(26944K) Class: 9209K(9408K)->9209K(9408K)
[1133.312s][info][gc             ] GC(2971) Pause Young (Allocation Failure) 595M->366M(622M) 55.207ms
[1133.312s][info][gc,cpu         ] GC(2971) User=0.09s Sys=0.01s Real=0.05s
[1133.594s][info][gc,start       ] GC(2972) Pause Young (Allocation Failure)
[1133.639s][info][gc,heap        ] GC(2972) PSYoungGen: 271872K(271872K)->19968K(304640K) Eden: 261120K(261120K)->0K(284672K) From: 10752K(10752K)->19968K(19968K)
[1133.639s][info][gc,heap        ] GC(2972) ParOldGen: 365007K(365056K)->365783K(366080K)
[1133.639s][info][gc,metaspace   ] GC(2972) Metaspace: 35557K(36352K)->35557K(36352K) NonClass: 26347K(26944K)->26347K(26944K) Class: 9209K(9408K)->9209K(9408K)
[1133.639s][info][gc             ] GC(2972) Pause Young (Allocation Failure) 621M->376M(655M) 45.229ms
[1133.639s][info][gc,cpu         ] GC(2972) User=0.08s Sys=0.01s Real=0.04s
[1133.860s][info][gc,start       ] GC(2973) Pause Young (Allocation Failure)
[1133.862s][info][gc,heap        ] GC(2973) PSYoungGen: 304640K(304640K)->64K(309248K) Eden: 284672K(284672K)->0K(284672K) From: 19968K(19968K)->64K(24576K)
[1133.862s][info][gc,heap        ] GC(2973) ParOldGen: 365783K(366080K)->365799K(366080K)
[1133.862s][info][gc,metaspace   ] GC(2973) Metaspace: 35557K(36352K)->35557K(36352K) NonClass: 26347K(26944K)->26347K(26944K) Class: 9209K(9408K)->9209K(9408K)
[1133.862s][info][gc             ] GC(2973) Pause Young (Allocation Failure) 654M->357M(659M) 1.506ms
[1133.862s][info][gc,cpu         ] GC(2973) User=0.00s Sys=0.00s Real=0.00s
[1134.524s][info][gc,start       ] GC(2974) Pause Young (Allocation Failure)
[1134.526s][info][gc,heap        ] GC(2974) PSYoungGen: 284736K(309248K)->64K(306688K) Eden: 284672K(284672K)->0K(285184K) From: 64K(24576K)->64K(21504K)
[1134.526s][info][gc,heap        ] GC(2974) ParOldGen: 365799K(366080K)->365807K(366080K)
[1134.526s][info][gc,metaspace   ] GC(2974) Metaspace: 35557K(36352K)->35557K(36352K) NonClass: 26347K(26944K)->26347K(26944K) Class: 9209K(9408K)->9209K(9408K)
[1134.526s][info][gc             ] GC(2974) Pause Young (Allocation Failure) 635M->357M(657M) 1.494ms
[1134.526s][info][gc,cpu         ] GC(2974) User=0.00s Sys=0.00s Real=0.00s
[1134.994s][info][gc,start       ] GC(2975) Pause Young (Allocation Failure)
[1134.995s][info][gc,heap        ] GC(2975) PSYoungGen: 285248K(306688K)->64K(308224K) Eden: 285184K(285184K)->0K(285184K) From: 64K(21504K)->64K(23040K)
[1134.995s][info][gc,heap        ] GC(2975) ParOldGen: 365807K(366080K)->365823K(366080K)
[1134.995s][info][gc,metaspace   ] GC(2975) Metaspace: 35557K(36352K)->35557K(36352K) NonClass: 26347K(26944K)->26347K(26944K) Class: 9209K(9408K)->9209K(9408K)
[1134.995s][info][gc             ] GC(2975) Pause Young (Allocation Failure) 635M->357M(658M) 1.316ms
[1134.995s][info][gc,cpu         ] GC(2975) User=0.00s Sys=0.00s Real=0.00s
[1135.232s][info][gc,start       ] GC(2976) Pause Young (Allocation Failure)
[1135.234s][info][gc,heap        ] GC(2976) PSYoungGen: 285248K(308224K)->64K(308224K) Eden: 285184K(285184K)->0K(288768K) From: 64K(23040K)->64K(19456K)
[1135.234s][info][gc,heap        ] GC(2976) ParOldGen: 365823K(366080K)->365839K(366080K)
[1135.234s][info][gc,metaspace   ] GC(2976) Metaspace: 35557K(36352K)->35557K(36352K) NonClass: 26347K(26944K)->26347K(26944K) Class: 9209K(9408K)->9209K(9408K)
[1135.234s][info][gc             ] GC(2976) Pause Young (Allocation Failure) 635M->357M(658M) 1.331ms
[1135.234s][info][gc,cpu         ] GC(2976) User=0.00s Sys=0.00s Real=0.01s
[1135.474s][info][gc,start       ] GC(2977) Pause Young (Allocation Failure)
[1135.476s][info][gc,heap        ] GC(2977) PSYoungGen: 288832K(308224K)->64K(309760K) Eden: 288768K(288768K)->0K(288768K) From: 64K(19456K)->64K(20992K)
[1135.476s][info][gc,heap        ] GC(2977) ParOldGen: 365839K(366080K)->365839K(366080K)
[1135.476s][info][gc,metaspace   ] GC(2977) Metaspace: 35557K(36352K)->35557K(36352K) NonClass: 26347K(26944K)->26347K(26944K) Class: 9209K(9408K)->9209K(9408K)
[1135.476s][info][gc             ] GC(2977) Pause Young (Allocation Failure) 639M->357M(660M) 1.215ms
[1135.476s][info][gc,cpu         ] GC(2977) User=0.00s Sys=0.00s Real=0.00s
[1135.817s][info][gc,start       ] GC(2978) Pause Young (Allocation Failure)
[1135.818s][info][gc,heap        ] GC(2978) PSYoungGen: 288832K(309760K)->64K(310272K) Eden: 288768K(288768K)->0K(292864K) From: 64K(20992K)->64K(17408K)
[1135.818s][info][gc,heap        ] GC(2978) ParOldGen: 365839K(366080K)->365839K(366080K)
[1135.818s][info][gc,metaspace   ] GC(2978) Metaspace: 35557K(36352K)->35557K(36352K) NonClass: 26347K(26944K)->26347K(26944K) Class: 9209K(9408K)->9209K(9408K)
[1135.818s][info][gc             ] GC(2978) Pause Young (Allocation Failure) 639M->357M(660M) 1.169ms
[1135.819s][info][gc,cpu         ] GC(2978) User=0.01s Sys=0.00s Real=0.00s
[1135.871s][info][gc,start       ] GC(2979) Pause Young (Allocation Failure)
[1135.872s][info][gc,heap        ] GC(2979) PSYoungGen: 292928K(310272K)->64K(311808K) Eden: 292864K(292864K)->0K(292864K) From: 64K(17408K)->64K(18944K)
[1135.872s][info][gc,heap        ] GC(2979) ParOldGen: 365839K(366080K)->365855K(366080K)
[1135.872s][info][gc,metaspace   ] GC(2979) Metaspace: 35557K(36352K)->35557K(36352K) NonClass: 26347K(26944K)->26347K(26944K) Class: 9209K(9408K)->9209K(9408K)
[1135.872s][info][gc             ] GC(2979) Pause Young (Allocation Failure) 643M->357M(662M) 1.149ms
[1135.872s][info][gc,cpu         ] GC(2979) User=0.00s Sys=0.00s Real=0.00s
[1135.921s][info][gc,start       ] GC(2980) Pause Young (Allocation Failure)
[1135.922s][info][gc,heap        ] GC(2980) PSYoungGen: 292928K(311808K)->64K(312320K) Eden: 292864K(292864K)->0K(296448K) From: 64K(18944K)->64K(15872K)
[1135.922s][info][gc,heap        ] GC(2980) ParOldGen: 365855K(366080K)->365855K(366080K)
[1135.922s][info][gc,metaspace   ] GC(2980) Metaspace: 35557K(36352K)->35557K(36352K) NonClass: 26347K(26944K)->26347K(26944K) Class: 9209K(9408K)->9209K(9408K)
[1135.922s][info][gc             ] GC(2980) Pause Young (Allocation Failure) 643M->357M(662M) 1.113ms
[1135.922s][info][gc,cpu         ] GC(2980) User=0.00s Sys=0.00s Real=0.00s
[1136.214s][info][gc,start       ] GC(2981) Pause Young (Allocation Failure)
[1136.215s][info][gc,heap        ] GC(2981) PSYoungGen: 296512K(312320K)->64K(313856K) Eden: 296448K(296448K)->0K(296448K) From: 64K(15872K)->64K(17408K)
[1136.215s][info][gc,heap        ] GC(2981) ParOldGen: 365855K(366080K)->365855K(366080K)
[1136.215s][info][gc,metaspace   ] GC(2981) Metaspace: 35557K(36352K)->35557K(36352K) NonClass: 26347K(26944K)->26347K(26944K) Class: 9209K(9408K)->9209K(9408K)
[1136.215s][info][gc             ] GC(2981) Pause Young (Allocation Failure) 646M->357M(664M) 1.283ms
[1136.215s][info][gc,cpu         ] GC(2981) User=0.00s Sys=0.00s Real=0.00s
[1136.468s][info][gc,start       ] GC(2982) Pause Young (Allocation Failure)
[1136.469s][info][gc,heap        ] GC(2982) PSYoungGen: 296512K(313856K)->64K(313856K) Eden: 296448K(296448K)->0K(300032K) From: 64K(17408K)->64K(13824K)
[1136.469s][info][gc,heap        ] GC(2982) ParOldGen: 365855K(366080K)->365863K(366080K)
[1136.469s][info][gc,metaspace   ] GC(2982) Metaspace: 35557K(36352K)->35557K(36352K) NonClass: 26347K(26944K)->26347K(26944K) Class: 9209K(9408K)->9209K(9408K)
[1136.469s][info][gc             ] GC(2982) Pause Young (Allocation Failure) 646M->357M(664M) 1.185ms
[1136.469s][info][gc,cpu         ] GC(2982) User=0.00s Sys=0.00s Real=0.00s
[1136.564s][info][gc,start       ] GC(2983) Pause Young (Allocation Failure)
[1136.566s][info][gc,heap        ] GC(2983) PSYoungGen: 300096K(313856K)->64K(315392K) Eden: 300032K(300032K)->0K(300032K) From: 64K(13824K)->64K(15360K)
[1136.566s][info][gc,heap        ] GC(2983) ParOldGen: 365863K(366080K)->365879K(366080K)
[1136.566s][info][gc,metaspace   ] GC(2983) Metaspace: 35557K(36352K)->35557K(36352K) NonClass: 26347K(26944K)->26347K(26944K) Class: 9209K(9408K)->9209K(9408K)
[1136.566s][info][gc             ] GC(2983) Pause Young (Allocation Failure) 650M->357M(665M) 2.156ms
[1136.566s][info][gc,cpu         ] GC(2983) User=0.00s Sys=0.00s Real=0.00s
[1136.705s][info][gc,start       ] GC(2984) Pause Young (Allocation Failure)
[1136.707s][info][gc,heap        ] GC(2984) PSYoungGen: 300096K(315392K)->64K(315904K) Eden: 300032K(300032K)->0K(304128K) From: 64K(15360K)->64K(11776K)
[1136.707s][info][gc,heap        ] GC(2984) ParOldGen: 365879K(366080K)->365895K(366080K)
[1136.707s][info][gc,metaspace   ] GC(2984) Metaspace: 35557K(36352K)->35557K(36352K) NonClass: 26347K(26944K)->26347K(26944K) Class: 9209K(9408K)->9209K(9408K)
[1136.707s][info][gc             ] GC(2984) Pause Young (Allocation Failure) 650M->357M(666M) 1.984ms
[1136.707s][info][gc,cpu         ] GC(2984) User=0.00s Sys=0.00s Real=0.00s
[1137.118s][info][gc,start       ] GC(2985) Pause Young (Allocation Failure)
[1137.120s][info][gc,heap        ] GC(2985) PSYoungGen: 304192K(315904K)->64K(317440K) Eden: 304128K(304128K)->0K(304128K) From: 64K(11776K)->64K(13312K)
[1137.120s][info][gc,heap        ] GC(2985) ParOldGen: 365895K(366080K)->365911K(366080K)
[1137.120s][info][gc,metaspace   ] GC(2985) Metaspace: 35557K(36352K)->35557K(36352K) NonClass: 26347K(26944K)->26347K(26944K) Class: 9209K(9408K)->9209K(9408K)
[1137.120s][info][gc             ] GC(2985) Pause Young (Allocation Failure) 654M->357M(667M) 2.331ms
[1137.120s][info][gc,cpu         ] GC(2985) User=0.00s Sys=0.00s Real=0.00s
[1138.057s][info][gc,start       ] GC(2986) Pause Young (Allocation Failure)
[1138.059s][info][gc,heap        ] GC(2986) PSYoungGen: 304192K(317440K)->32K(292352K) Eden: 304128K(304128K)->0K(291840K) From: 64K(13312K)->32K(512K)
[1138.059s][info][gc,heap        ] GC(2986) ParOldGen: 365911K(366080K)->365927K(366080K)
[1138.059s][info][gc,metaspace   ] GC(2986) Metaspace: 35557K(36352K)->35557K(36352K) NonClass: 26347K(26944K)->26347K(26944K) Class: 9209K(9408K)->9209K(9408K)
[1138.060s][info][gc             ] GC(2986) Pause Young (Allocation Failure) 654M->357M(643M) 2.807ms
[1138.060s][info][gc,cpu         ] GC(2986) User=0.00s Sys=0.00s Real=0.00s
[1138.692s][info][gc,start       ] GC(2987) Pause Young (Allocation Failure)
[1138.694s][info][gc,heap        ] GC(2987) PSYoungGen: 291872K(292352K)->32K(292352K) Eden: 291840K(291840K)->0K(280576K) From: 32K(512K)->32K(11776K)
[1138.694s][info][gc,heap        ] GC(2987) ParOldGen: 365927K(366080K)->365935K(366080K)
[1138.694s][info][gc,metaspace   ] GC(2987) Metaspace: 35557K(36352K)->35557K(36352K) NonClass: 26347K(26944K)->26347K(26944K) Class: 9209K(9408K)->9209K(9408K)
[1138.694s][info][gc             ] GC(2987) Pause Young (Allocation Failure) 642M->357M(643M) 2.062ms
[1138.694s][info][gc,cpu         ] GC(2987) User=0.01s Sys=0.00s Real=0.01s
[1139.201s][info][gc,start       ] GC(2988) Pause Young (Allocation Failure)
[1139.204s][info][gc,heap        ] GC(2988) PSYoungGen: 280608K(292352K)->32K(270336K) Eden: 280576K(280576K)->0K(269824K) From: 32K(11776K)->32K(512K)
[1139.204s][info][gc,heap        ] GC(2988) ParOldGen: 365935K(366080K)->365943K(366080K)
[1139.204s][info][gc,metaspace   ] GC(2988) Metaspace: 35557K(36352K)->35557K(36352K) NonClass: 26347K(26944K)->26347K(26944K) Class: 9209K(9408K)->9209K(9408K)
[1139.204s][info][gc             ] GC(2988) Pause Young (Allocation Failure) 631M->357M(621M) 2.616ms
[1139.204s][info][gc,cpu         ] GC(2988) User=0.00s Sys=0.00s Real=0.01s
[1140.134s][info][gc,start       ] GC(2989) Pause Young (Allocation Failure)
[1140.136s][info][gc,heap        ] GC(2989) PSYoungGen: 269856K(270336K)->32K(269824K) Eden: 269824K(269824K)->0K(259584K) From: 32K(512K)->32K(10240K)
[1140.136s][info][gc,heap        ] GC(2989) ParOldGen: 365943K(366080K)->365951K(366080K)
[1140.136s][info][gc,metaspace   ] GC(2989) Metaspace: 35557K(36352K)->35557K(36352K) NonClass: 26347K(26944K)->26347K(26944K) Class: 9209K(9408K)->9209K(9408K)
[1140.136s][info][gc             ] GC(2989) Pause Young (Allocation Failure) 620M->357M(621M) 1.986ms
[1140.136s][info][gc,cpu         ] GC(2989) User=0.00s Sys=0.00s Real=0.00s
[1140.507s][info][gc,start       ] GC(2990) Pause Young (Allocation Failure)
[1140.509s][info][gc,heap        ] GC(2990) PSYoungGen: 259616K(269824K)->32K(250368K) Eden: 259584K(259584K)->0K(249856K) From: 32K(10240K)->32K(512K)
[1140.509s][info][gc,heap        ] GC(2990) ParOldGen: 365951K(366080K)->365959K(366080K)
[1140.509s][info][gc,metaspace   ] GC(2990) Metaspace: 35557K(36352K)->35557K(36352K) NonClass: 26347K(26944K)->26347K(26944K) Class: 9209K(9408K)->9209K(9408K)
[1140.509s][info][gc             ] GC(2990) Pause Young (Allocation Failure) 610M->357M(602M) 2.167ms
[1140.509s][info][gc,cpu         ] GC(2990) User=0.00s Sys=0.00s Real=0.00s
[1140.581s][info][gc,start       ] GC(2991) Pause Young (Allocation Failure)
[1140.583s][info][gc,heap        ] GC(2991) PSYoungGen: 249888K(250368K)->32K(292352K) Eden: 249856K(249856K)->0K(283136K) From: 32K(512K)->32K(9216K)
[1140.583s][info][gc,heap        ] GC(2991) ParOldGen: 365959K(366080K)->365967K(366080K)
[1140.583s][info][gc,metaspace   ] GC(2991) Metaspace: 35557K(36352K)->35557K(36352K) NonClass: 26347K(26944K)->26347K(26944K) Class: 9209K(9408K)->9209K(9408K)
[1140.583s][info][gc             ] GC(2991) Pause Young (Allocation Failure) 601M->357M(643M) 1.889ms
[1140.583s][info][gc,cpu         ] GC(2991) User=0.01s Sys=0.00s Real=0.00s
[1141.141s][info][gc,start       ] GC(2992) Pause Young (Allocation Failure)
[1141.143s][info][gc,heap        ] GC(2992) PSYoungGen: 283168K(292352K)->32K(272384K) Eden: 283136K(283136K)->0K(271872K) From: 32K(9216K)->32K(512K)
[1141.143s][info][gc,heap        ] GC(2992) ParOldGen: 365967K(366080K)->365975K(366080K)
[1141.143s][info][gc,metaspace   ] GC(2992) Metaspace: 35557K(36352K)->35557K(36352K) NonClass: 26347K(26944K)->26347K(26944K) Class: 9209K(9408K)->9209K(9408K)
[1141.143s][info][gc             ] GC(2992) Pause Young (Allocation Failure) 633M->357M(623M) 1.737ms
[1141.143s][info][gc,cpu         ] GC(2992) User=0.00s Sys=0.00s Real=0.00s
[1141.422s][info][gc,start       ] GC(2993) Pause Young (Allocation Failure)
[1141.423s][info][gc,heap        ] GC(2993) PSYoungGen: 271904K(272384K)->64K(268800K) Eden: 271872K(271872K)->0K(261120K) From: 32K(512K)->64K(7680K)
[1141.423s][info][gc,heap        ] GC(2993) ParOldGen: 365975K(366080K)->365983K(366080K)
[1141.423s][info][gc,metaspace   ] GC(2993) Metaspace: 35557K(36352K)->35557K(36352K) NonClass: 26347K(26944K)->26347K(26944K) Class: 9209K(9408K)->9209K(9408K)
[1141.423s][info][gc             ] GC(2993) Pause Young (Allocation Failure) 622M->357M(620M) 1.869ms
[1141.423s][info][gc,cpu         ] GC(2993) User=0.00s Sys=0.00s Real=0.01s
[1141.798s][info][gc,start       ] GC(2994) Pause Young (Allocation Failure)
[1141.846s][info][gc,heap        ] GC(2994) PSYoungGen: 261184K(268800K)->7168K(290304K) Eden: 261120K(261120K)->0K(283136K) From: 64K(7680K)->7168K(7168K)
[1141.846s][info][gc,heap        ] GC(2994) ParOldGen: 365983K(366080K)->380463K(380928K)
[1141.846s][info][gc,metaspace   ] GC(2994) Metaspace: 35557K(36352K)->35557K(36352K) NonClass: 26347K(26944K)->26347K(26944K) Class: 9209K(9408K)->9209K(9408K)
[1141.846s][info][gc             ] GC(2994) Pause Young (Allocation Failure) 612M->378M(655M) 47.431ms
[1141.846s][info][gc,cpu         ] GC(2994) User=0.07s Sys=0.01s Real=0.05s
[1142.203s][info][gc,start       ] GC(2995) Pause Young (Allocation Failure)
[1142.264s][info][gc,heap        ] GC(2995) PSYoungGen: 290304K(290304K)->14336K(297472K) Eden: 283136K(283136K)->0K(283136K) From: 7168K(7168K)->14336K(14336K)
[1142.264s][info][gc,heap        ] GC(2995) ParOldGen: 380463K(380928K)->398647K(398848K)
[1142.264s][info][gc,metaspace   ] GC(2995) Metaspace: 35557K(36352K)->35557K(36352K) NonClass: 26347K(26944K)->26347K(26944K) Class: 9209K(9408K)->9209K(9408K)
[1142.264s][info][gc             ] GC(2995) Pause Young (Allocation Failure) 655M->403M(680M) 61.671ms
[1142.264s][info][gc,cpu         ] GC(2995) User=0.11s Sys=0.01s Real=0.07s
[1142.413s][info][gc,start       ] GC(2996) Pause Young (Allocation Failure)
[1142.435s][info][gc,heap        ] GC(2996) PSYoungGen: 297472K(297472K)->8896K(310272K) Eden: 283136K(283136K)->0K(286208K) From: 14336K(14336K)->8896K(24064K)
[1142.435s][info][gc,heap        ] GC(2996) ParOldGen: 398647K(398848K)->399143K(399360K)
[1142.435s][info][gc,metaspace   ] GC(2996) Metaspace: 35557K(36352K)->35557K(36352K) NonClass: 26347K(26944K)->26347K(26944K) Class: 9209K(9408K)->9209K(9408K)
[1142.436s][info][gc             ] GC(2996) Pause Young (Allocation Failure) 679M->398M(693M) 22.878ms
[1142.436s][info][gc,cpu         ] GC(2996) User=0.04s Sys=0.00s Real=0.03s
[1142.909s][info][gc,start       ] GC(2997) Pause Young (Allocation Failure)
[1142.910s][info][gc,heap        ] GC(2997) PSYoungGen: 295104K(310272K)->64K(286720K) Eden: 286208K(286208K)->0K(286208K) From: 8896K(24064K)->64K(512K)
[1142.910s][info][gc,heap        ] GC(2997) ParOldGen: 399143K(399360K)->399151K(399360K)
[1142.910s][info][gc,metaspace   ] GC(2997) Metaspace: 35557K(36352K)->35557K(36352K) NonClass: 26347K(26944K)->26347K(26944K) Class: 9209K(9408K)->9209K(9408K)
[1142.910s][info][gc             ] GC(2997) Pause Young (Allocation Failure) 677M->389M(670M) 1.419ms
[1142.910s][info][gc,cpu         ] GC(2997) User=0.01s Sys=0.00s Real=0.00s
[1143.400s][info][gc,start       ] GC(2998) Pause Young (Allocation Failure)
[1143.402s][info][gc,heap        ] GC(2998) PSYoungGen: 286272K(286720K)->64K(310272K) Eden: 286208K(286208K)->0K(287232K) From: 64K(512K)->64K(23040K)
[1143.402s][info][gc,heap        ] GC(2998) ParOldGen: 399151K(399360K)->399159K(399360K)
[1143.402s][info][gc,metaspace   ] GC(2998) Metaspace: 35557K(36352K)->35557K(36352K) NonClass: 26347K(26944K)->26347K(26944K) Class: 9209K(9408K)->9209K(9408K)
[1143.402s][info][gc             ] GC(2998) Pause Young (Allocation Failure) 669M->389M(693M) 1.451ms
[1143.402s][info][gc,cpu         ] GC(2998) User=0.01s Sys=0.00s Real=0.00s
[1143.837s][info][gc,start       ] GC(2999) Pause Young (Allocation Failure)
[1143.838s][info][gc,heap        ] GC(2999) PSYoungGen: 287296K(310272K)->64K(309248K) Eden: 287232K(287232K)->0K(287232K) From: 64K(23040K)->64K(22016K)
[1143.838s][info][gc,heap        ] GC(2999) ParOldGen: 399159K(399360K)->399175K(399360K)
[1143.838s][info][gc,metaspace   ] GC(2999) Metaspace: 35557K(36352K)->35557K(36352K) NonClass: 26347K(26944K)->26347K(26944K) Class: 9209K(9408K)->9209K(9408K)
[1143.838s][info][gc             ] GC(2999) Pause Young (Allocation Failure) 670M->389M(692M) 1.343ms
[1143.838s][info][gc,cpu         ] GC(2999) User=0.00s Sys=0.00s Real=0.00s
[1144.074s][info][gc,start       ] GC(3000) Pause Young (Allocation Failure)
[1144.075s][info][gc,heap        ] GC(3000) PSYoungGen: 287296K(309248K)->64K(310272K) Eden: 287232K(287232K)->0K(289280K) From: 64K(22016K)->64K(20992K)
[1144.075s][info][gc,heap        ] GC(3000) ParOldGen: 399175K(399360K)->399191K(399360K)
[1144.075s][info][gc,metaspace   ] GC(3000) Metaspace: 35557K(36352K)->35557K(36352K) NonClass: 26347K(26944K)->26347K(26944K) Class: 9209K(9408K)->9209K(9408K)
[1144.075s][info][gc             ] GC(3000) Pause Young (Allocation Failure) 670M->389M(693M) 1.270ms
[1144.075s][info][gc,cpu         ] GC(3000) User=0.00s Sys=0.00s Real=0.00s
[1144.417s][info][gc,start       ] GC(3001) Pause Young (Allocation Failure)
[1144.418s][info][gc,heap        ] GC(3001) PSYoungGen: 289344K(310272K)->64K(309760K) Eden: 289280K(289280K)->0K(289280K) From: 64K(20992K)->64K(20480K)
[1144.418s][info][gc,heap        ] GC(3001) ParOldGen: 399191K(399360K)->399191K(399360K)
[1144.418s][info][gc,metaspace   ] GC(3001) Metaspace: 35557K(36352K)->35557K(36352K) NonClass: 26347K(26944K)->26347K(26944K) Class: 9209K(9408K)->9209K(9408K)
[1144.418s][info][gc             ] GC(3001) Pause Young (Allocation Failure) 672M->389M(692M) 1.214ms
[1144.418s][info][gc,cpu         ] GC(3001) User=0.00s Sys=0.00s Real=0.00s
[1144.571s][info][gc,start       ] GC(3002) Pause Young (Allocation Failure)
[1144.573s][info][gc,heap        ] GC(3002) PSYoungGen: 289344K(309760K)->64K(312320K) Eden: 289280K(289280K)->0K(293376K) From: 64K(20480K)->64K(18944K)
[1144.573s][info][gc,heap        ] GC(3002) ParOldGen: 399191K(399360K)->399199K(399360K)
[1144.573s][info][gc,metaspace   ] GC(3002) Metaspace: 35557K(36352K)->35557K(36352K) NonClass: 26347K(26944K)->26347K(26944K) Class: 9209K(9408K)->9209K(9408K)
[1144.573s][info][gc             ] GC(3002) Pause Young (Allocation Failure) 672M->389M(695M) 1.178ms
[1144.573s][info][gc,cpu         ] GC(3002) User=0.01s Sys=0.00s Real=0.00s
[1144.623s][info][gc,start       ] GC(3003) Pause Young (Allocation Failure)
[1144.625s][info][gc,heap        ] GC(3003) PSYoungGen: 293440K(312320K)->64K(311808K) Eden: 293376K(293376K)->0K(293376K) From: 64K(18944K)->64K(18432K)
[1144.625s][info][gc,heap        ] GC(3003) ParOldGen: 399199K(399360K)->399215K(399360K)
[1144.625s][info][gc,metaspace   ] GC(3003) Metaspace: 35557K(36352K)->35557K(36352K) NonClass: 26347K(26944K)->26347K(26944K) Class: 9209K(9408K)->9209K(9408K)
[1144.625s][info][gc             ] GC(3003) Pause Young (Allocation Failure) 676M->389M(694M) 1.236ms
[1144.625s][info][gc,cpu         ] GC(3003) User=0.00s Sys=0.00s Real=0.00s
[1144.767s][info][gc,start       ] GC(3004) Pause Young (Allocation Failure)
[1144.768s][info][gc,heap        ] GC(3004) PSYoungGen: 293440K(311808K)->64K(314368K) Eden: 293376K(293376K)->0K(297472K) From: 64K(18432K)->64K(16896K)
[1144.768s][info][gc,heap        ] GC(3004) ParOldGen: 399215K(399360K)->399215K(399360K)
[1144.768s][info][gc,metaspace   ] GC(3004) Metaspace: 35557K(36352K)->35557K(36352K) NonClass: 26347K(26944K)->26347K(26944K) Class: 9209K(9408K)->9209K(9408K)
[1144.769s][info][gc             ] GC(3004) Pause Young (Allocation Failure) 676M->389M(697M) 1.222ms
[1144.769s][info][gc,cpu         ] GC(3004) User=0.00s Sys=0.00s Real=0.00s
[1145.088s][info][gc,start       ] GC(3005) Pause Young (Allocation Failure)
[1145.089s][info][gc,heap        ] GC(3005) PSYoungGen: 297536K(314368K)->64K(313856K) Eden: 297472K(297472K)->0K(297472K) From: 64K(16896K)->64K(16384K)
[1145.089s][info][gc,heap        ] GC(3005) ParOldGen: 399215K(399360K)->399223K(399360K)
[1145.089s][info][gc,metaspace   ] GC(3005) Metaspace: 35557K(36352K)->35557K(36352K) NonClass: 26347K(26944K)->26347K(26944K) Class: 9209K(9408K)->9209K(9408K)
[1145.089s][info][gc             ] GC(3005) Pause Young (Allocation Failure) 680M->389M(696M) 1.440ms
[1145.089s][info][gc,cpu         ] GC(3005) User=0.00s Sys=0.00s Real=0.00s
[1145.255s][info][gc,start       ] GC(3006) Pause Young (Allocation Failure)
[1145.257s][info][gc,heap        ] GC(3006) PSYoungGen: 297536K(313856K)->64K(316416K) Eden: 297472K(297472K)->0K(301568K) From: 64K(16384K)->64K(14848K)
[1145.257s][info][gc,heap        ] GC(3006) ParOldGen: 399223K(399360K)->399231K(399360K)
[1145.257s][info][gc,metaspace   ] GC(3006) Metaspace: 35557K(36352K)->35557K(36352K) NonClass: 26347K(26944K)->26347K(26944K) Class: 9209K(9408K)->9209K(9408K)
[1145.257s][info][gc             ] GC(3006) Pause Young (Allocation Failure) 680M->389M(699M) 1.351ms
[1145.257s][info][gc,cpu         ] GC(3006) User=0.00s Sys=0.00s Real=0.00s
[1145.337s][info][gc,start       ] GC(3007) Pause Young (Allocation Failure)
[1145.338s][info][gc,heap        ] GC(3007) PSYoungGen: 301632K(316416K)->64K(316416K) Eden: 301568K(301568K)->0K(301568K) From: 64K(14848K)->64K(14848K)
[1145.338s][info][gc,heap        ] GC(3007) ParOldGen: 399231K(399360K)->399247K(399360K)
[1145.338s][info][gc,metaspace   ] GC(3007) Metaspace: 35557K(36352K)->35557K(36352K) NonClass: 26347K(26944K)->26347K(26944K) Class: 9209K(9408K)->9209K(9408K)
[1145.338s][info][gc             ] GC(3007) Pause Young (Allocation Failure) 684M->389M(699M) 1.124ms
[1145.338s][info][gc,cpu         ] GC(3007) User=0.00s Sys=0.00s Real=0.00s
[1145.526s][info][gc,start       ] GC(3008) Pause Young (Allocation Failure)
[1145.527s][info][gc,heap        ] GC(3008) PSYoungGen: 301632K(316416K)->64K(317952K) Eden: 301568K(301568K)->0K(305152K) From: 64K(14848K)->64K(12800K)
[1145.527s][info][gc,heap        ] GC(3008) ParOldGen: 399247K(399360K)->399247K(399360K)
[1145.527s][info][gc,metaspace   ] GC(3008) Metaspace: 35557K(36352K)->35557K(36352K) NonClass: 26347K(26944K)->26347K(26944K) Class: 9209K(9408K)->9209K(9408K)
[1145.527s][info][gc             ] GC(3008) Pause Young (Allocation Failure) 684M->389M(700M) 1.182ms
[1145.527s][info][gc,cpu         ] GC(3008) User=0.00s Sys=0.00s Real=0.00s
[1146.427s][info][gc,start       ] GC(3009) Pause Young (Allocation Failure)
[1146.429s][info][gc,heap        ] GC(3009) PSYoungGen: 305216K(317952K)->64K(293376K) Eden: 305152K(305152K)->0K(292864K) From: 64K(12800K)->64K(512K)
[1146.429s][info][gc,heap        ] GC(3009) ParOldGen: 399247K(399360K)->399255K(399360K)
[1146.429s][info][gc,metaspace   ] GC(3009) Metaspace: 35557K(36352K)->35557K(36352K) NonClass: 26347K(26944K)->26347K(26944K) Class: 9209K(9408K)->9209K(9408K)
[1146.429s][info][gc             ] GC(3009) Pause Young (Allocation Failure) 687M->389M(676M) 1.227ms
[1146.429s][info][gc,cpu         ] GC(3009) User=0.01s Sys=0.00s Real=0.00s
[1147.262s][info][gc,start       ] GC(3010) Pause Young (Allocation Failure)
[1147.264s][info][gc,heap        ] GC(3010) PSYoungGen: 292928K(293376K)->64K(281600K) Eden: 292864K(292864K)->0K(281088K) From: 64K(512K)->64K(512K)
[1147.264s][info][gc,heap        ] GC(3010) ParOldGen: 399255K(399360K)->399263K(399360K)
[1147.264s][info][gc,metaspace   ] GC(3010) Metaspace: 35557K(36352K)->35557K(36352K) NonClass: 26347K(26944K)->26347K(26944K) Class: 9209K(9408K)->9209K(9408K)
[1147.264s][info][gc             ] GC(3010) Pause Young (Allocation Failure) 675M->389M(665M) 1.972ms
[1147.264s][info][gc,cpu         ] GC(3010) User=0.00s Sys=0.00s Real=0.01s
[1147.676s][info][gc,start       ] GC(3011) Pause Young (Allocation Failure)
[1147.678s][info][gc,heap        ] GC(3011) PSYoungGen: 281152K(281600K)->32K(281600K) Eden: 281088K(281088K)->0K(270336K) From: 64K(512K)->32K(11264K)
[1147.678s][info][gc,heap        ] GC(3011) ParOldGen: 399263K(399360K)->399271K(399360K)
[1147.678s][info][gc,metaspace   ] GC(3011) Metaspace: 35557K(36352K)->35557K(36352K) NonClass: 26347K(26944K)->26347K(26944K) Class: 9209K(9408K)->9209K(9408K)
[1147.678s][info][gc             ] GC(3011) Pause Young (Allocation Failure) 664M->389M(665M) 2.107ms
[1147.678s][info][gc,cpu         ] GC(3011) User=0.00s Sys=0.00s Real=0.00s
[1148.704s][info][gc,start       ] GC(3012) Pause Young (Allocation Failure)
[1148.707s][info][gc,heap        ] GC(3012) PSYoungGen: 270368K(281600K)->64K(260608K) Eden: 270336K(270336K)->0K(260096K) From: 32K(11264K)->64K(512K)
[1148.707s][info][gc,heap        ] GC(3012) ParOldGen: 399271K(399360K)->399287K(399360K)
[1148.707s][info][gc,metaspace   ] GC(3012) Metaspace: 35557K(36352K)->35557K(36352K) NonClass: 26347K(26944K)->26347K(26944K) Class: 9209K(9408K)->9209K(9408K)
[1148.707s][info][gc             ] GC(3012) Pause Young (Allocation Failure) 653M->389M(644M) 2.969ms
[1148.707s][info][gc,cpu         ] GC(3012) User=0.01s Sys=0.00s Real=0.00s
[1149.095s][info][gc,start       ] GC(3013) Pause Young (Allocation Failure)
[1149.097s][info][gc,heap        ] GC(3013) PSYoungGen: 260160K(260608K)->32K(260608K) Eden: 260096K(260096K)->0K(250368K) From: 64K(512K)->32K(10240K)
[1149.097s][info][gc,heap        ] GC(3013) ParOldGen: 399287K(399360K)->399295K(399360K)
[1149.098s][info][gc,metaspace   ] GC(3013) Metaspace: 35557K(36352K)->35557K(36352K) NonClass: 26347K(26944K)->26347K(26944K) Class: 9209K(9408K)->9209K(9408K)
[1149.098s][info][gc             ] GC(3013) Pause Young (Allocation Failure) 643M->389M(644M) 2.107ms
[1149.098s][info][gc,cpu         ] GC(3013) User=0.00s Sys=0.00s Real=0.00s
[1149.281s][info][gc,start       ] GC(3014) Pause Young (Allocation Failure)
[1149.284s][info][gc,heap        ] GC(3014) PSYoungGen: 250400K(260608K)->32K(241152K) Eden: 250368K(250368K)->0K(240640K) From: 32K(10240K)->32K(512K)
[1149.284s][info][gc,heap        ] GC(3014) ParOldGen: 399295K(399360K)->399303K(399360K)
[1149.284s][info][gc,metaspace   ] GC(3014) Metaspace: 35557K(36352K)->35557K(36352K) NonClass: 26347K(26944K)->26347K(26944K) Class: 9209K(9408K)->9209K(9408K)
[1149.284s][info][gc             ] GC(3014) Pause Young (Allocation Failure) 634M->389M(625M) 2.802ms
[1149.284s][info][gc,cpu         ] GC(3014) User=0.00s Sys=0.00s Real=0.01s
[1149.382s][info][gc,start       ] GC(3015) Pause Young (Allocation Failure)
[1149.384s][info][gc,heap        ] GC(3015) PSYoungGen: 240672K(241152K)->32K(240128K) Eden: 240640K(240640K)->0K(231424K) From: 32K(512K)->32K(8704K)
[1149.384s][info][gc,heap        ] GC(3015) ParOldGen: 399303K(399360K)->399311K(399360K)
[1149.384s][info][gc,metaspace   ] GC(3015) Metaspace: 35557K(36352K)->35557K(36352K) NonClass: 26347K(26944K)->26347K(26944K) Class: 9209K(9408K)->9209K(9408K)
[1149.384s][info][gc             ] GC(3015) Pause Young (Allocation Failure) 624M->389M(624M) 1.879ms
[1149.384s][info][gc,cpu         ] GC(3015) User=0.01s Sys=0.00s Real=0.01s
[1149.952s][info][gc,start       ] GC(3016) Pause Young (Allocation Failure)
[1149.955s][info][gc,heap        ] GC(3016) PSYoungGen: 231456K(240128K)->64K(223232K) Eden: 231424K(231424K)->0K(222720K) From: 32K(8704K)->64K(512K)
[1149.955s][info][gc,heap        ] GC(3016) ParOldGen: 399311K(399360K)->399327K(399360K)
[1149.955s][info][gc,metaspace   ] GC(3016) Metaspace: 35557K(36352K)->35557K(36352K) NonClass: 26347K(26944K)->26347K(26944K) Class: 9209K(9408K)->9209K(9408K)
[1149.955s][info][gc             ] GC(3016) Pause Young (Allocation Failure) 615M->390M(608M) 2.889ms
[1149.955s][info][gc,cpu         ] GC(3016) User=0.00s Sys=0.00s Real=0.01s
[1150.133s][info][gc,start       ] GC(3017) Pause Young (Allocation Failure)
[1150.134s][info][gc,heap        ] GC(3017) PSYoungGen: 222784K(223232K)->64K(222208K) Eden: 222720K(222720K)->0K(214528K) From: 64K(512K)->64K(7680K)
[1150.134s][info][gc,heap        ] GC(3017) ParOldGen: 399327K(399360K)->399335K(399360K)
[1150.134s][info][gc,metaspace   ] GC(3017) Metaspace: 35557K(36352K)->35557K(36352K) NonClass: 26347K(26944K)->26347K(26944K) Class: 9209K(9408K)->9209K(9408K)
[1150.134s][info][gc             ] GC(3017) Pause Young (Allocation Failure) 607M->390M(607M) 1.107ms
[1150.134s][info][gc,cpu         ] GC(3017) User=0.00s Sys=0.00s Real=0.01s
[1150.457s][info][gc,start       ] GC(3018) Pause Young (Allocation Failure)
[1150.481s][info][gc,heap        ] GC(3018) PSYoungGen: 214592K(222208K)->7168K(263168K) Eden: 214528K(214528K)->0K(256000K) From: 64K(7680K)->7168K(7168K)
[1150.481s][info][gc,heap        ] GC(3018) ParOldGen: 399335K(399360K)->405863K(406016K)
[1150.481s][info][gc,metaspace   ] GC(3018) Metaspace: 35557K(36352K)->35557K(36352K) NonClass: 26347K(26944K)->26347K(26944K) Class: 9209K(9408K)->9209K(9408K)
[1150.481s][info][gc             ] GC(3018) Pause Young (Allocation Failure) 599M->403M(653M) 23.914ms
[1150.481s][info][gc,cpu         ] GC(3018) User=0.05s Sys=0.01s Real=0.02s
[1150.801s][info][gc,start       ] GC(3019) Pause Young (Allocation Failure)
[1150.856s][info][gc,heap        ] GC(3019) PSYoungGen: 263168K(263168K)->11264K(268800K) Eden: 256000K(256000K)->0K(257536K) From: 7168K(7168K)->11264K(11264K)
[1150.856s][info][gc,heap        ] GC(3019) ParOldGen: 405863K(406016K)->423823K(423936K)
[1150.856s][info][gc,metaspace   ] GC(3019) Metaspace: 35557K(36352K)->35557K(36352K) NonClass: 26347K(26944K)->26347K(26944K) Class: 9209K(9408K)->9209K(9408K)
[1150.856s][info][gc             ] GC(3019) Pause Young (Allocation Failure) 653M->424M(676M) 54.824ms
[1150.856s][info][gc,cpu         ] GC(3019) User=0.10s Sys=0.01s Real=0.06s
[1151.095s][info][gc,start       ] GC(3020) Pause Young (Allocation Failure)
[1151.141s][info][gc,heap        ] GC(3020) PSYoungGen: 268800K(268800K)->19936K(305152K) Eden: 257536K(257536K)->0K(284672K) From: 11264K(11264K)->19936K(20480K)
[1151.141s][info][gc,heap        ] GC(3020) ParOldGen: 423823K(423936K)->424319K(424448K)
[1151.141s][info][gc,metaspace   ] GC(3020) Metaspace: 35557K(36352K)->35557K(36352K) NonClass: 26347K(26944K)->26347K(26944K) Class: 9209K(9408K)->9209K(9408K)
[1151.141s][info][gc             ] GC(3020) Pause Young (Allocation Failure) 676M->433M(712M) 45.711ms
[1151.141s][info][gc,cpu         ] GC(3020) User=0.07s Sys=0.02s Real=0.04s
[1151.359s][info][gc,start       ] GC(3021) Pause Young (Allocation Failure)
[1151.360s][info][gc,heap        ] GC(3021) PSYoungGen: 304608K(305152K)->64K(309248K) Eden: 284672K(284672K)->0K(284672K) From: 19936K(20480K)->64K(24576K)
[1151.360s][info][gc,heap        ] GC(3021) ParOldGen: 424319K(424448K)->424327K(424448K)
[1151.360s][info][gc,metaspace   ] GC(3021) Metaspace: 35557K(36352K)->35557K(36352K) NonClass: 26347K(26944K)->26347K(26944K) Class: 9209K(9408K)->9209K(9408K)
[1151.360s][info][gc             ] GC(3021) Pause Young (Allocation Failure) 711M->414M(716M) 1.403ms
[1151.360s][info][gc,cpu         ] GC(3021) User=0.00s Sys=0.00s Real=0.00s
[1152.006s][info][gc,start       ] GC(3022) Pause Young (Allocation Failure)
[1152.007s][info][gc,heap        ] GC(3022) PSYoungGen: 284736K(309248K)->64K(307200K) Eden: 284672K(284672K)->0K(285696K) From: 64K(24576K)->64K(21504K)
[1152.007s][info][gc,heap        ] GC(3022) ParOldGen: 424327K(424448K)->424335K(424448K)
[1152.008s][info][gc,metaspace   ] GC(3022) Metaspace: 35557K(36352K)->35557K(36352K) NonClass: 26347K(26944K)->26347K(26944K) Class: 9209K(9408K)->9209K(9408K)
[1152.008s][info][gc             ] GC(3022) Pause Young (Allocation Failure) 692M->414M(714M) 1.599ms
[1152.008s][info][gc,cpu         ] GC(3022) User=0.01s Sys=0.00s Real=0.00s
[1152.478s][info][gc,start       ] GC(3023) Pause Young (Allocation Failure)
[1152.480s][info][gc,heap        ] GC(3023) PSYoungGen: 285760K(307200K)->64K(308736K) Eden: 285696K(285696K)->0K(285696K) From: 64K(21504K)->64K(23040K)
[1152.480s][info][gc,heap        ] GC(3023) ParOldGen: 424335K(424448K)->424351K(424448K)
[1152.480s][info][gc,metaspace   ] GC(3023) Metaspace: 35557K(36352K)->35557K(36352K) NonClass: 26347K(26944K)->26347K(26944K) Class: 9209K(9408K)->9209K(9408K)
[1152.480s][info][gc             ] GC(3023) Pause Young (Allocation Failure) 693M->414M(716M) 1.455ms
[1152.480s][info][gc,cpu         ] GC(3023) User=0.01s Sys=0.00s Real=0.00s
[1152.714s][info][gc,start       ] GC(3024) Pause Young (Allocation Failure)
[1152.716s][info][gc,heap        ] GC(3024) PSYoungGen: 285760K(308736K)->64K(308224K) Eden: 285696K(285696K)->0K(288768K) From: 64K(23040K)->64K(19456K)
[1152.716s][info][gc,heap        ] GC(3024) ParOldGen: 424351K(424448K)->424367K(424448K)
[1152.716s][info][gc,metaspace   ] GC(3024) Metaspace: 35557K(36352K)->35557K(36352K) NonClass: 26347K(26944K)->26347K(26944K) Class: 9209K(9408K)->9209K(9408K)
[1152.716s][info][gc             ] GC(3024) Pause Young (Allocation Failure) 693M->414M(715M) 1.446ms
[1152.716s][info][gc,cpu         ] GC(3024) User=0.00s Sys=0.00s Real=0.00s
[1152.955s][info][gc,start       ] GC(3025) Pause Young (Allocation Failure)
[1152.957s][info][gc,heap        ] GC(3025) PSYoungGen: 288832K(308224K)->64K(309760K) Eden: 288768K(288768K)->0K(288768K) From: 64K(19456K)->64K(20992K)
[1152.957s][info][gc,heap        ] GC(3025) ParOldGen: 424367K(424448K)->424367K(424448K)
[1152.957s][info][gc,metaspace   ] GC(3025) Metaspace: 35557K(36352K)->35557K(36352K) NonClass: 26347K(26944K)->26347K(26944K) Class: 9209K(9408K)->9209K(9408K)
[1152.957s][info][gc             ] GC(3025) Pause Young (Allocation Failure) 696M->414M(717M) 1.309ms
[1152.957s][info][gc,cpu         ] GC(3025) User=0.00s Sys=0.00s Real=0.00s
[1153.300s][info][gc,start       ] GC(3026) Pause Young (Allocation Failure)
[1153.301s][info][gc,heap        ] GC(3026) PSYoungGen: 288832K(309760K)->64K(310272K) Eden: 288768K(288768K)->0K(292864K) From: 64K(20992K)->64K(17408K)
[1153.301s][info][gc,heap        ] GC(3026) ParOldGen: 424367K(424448K)->424367K(424448K)
[1153.301s][info][gc,metaspace   ] GC(3026) Metaspace: 35557K(36352K)->35557K(36352K) NonClass: 26347K(26944K)->26347K(26944K) Class: 9209K(9408K)->9209K(9408K)
[1153.301s][info][gc             ] GC(3026) Pause Young (Allocation Failure) 696M->414M(717M) 1.319ms
[1153.301s][info][gc,cpu         ] GC(3026) User=0.00s Sys=0.00s Real=0.00s
[1153.354s][info][gc,start       ] GC(3027) Pause Young (Allocation Failure)
[1153.355s][info][gc,heap        ] GC(3027) PSYoungGen: 292928K(310272K)->64K(311808K) Eden: 292864K(292864K)->0K(292864K) From: 64K(17408K)->64K(18944K)
[1153.355s][info][gc,heap        ] GC(3027) ParOldGen: 424367K(424448K)->424383K(424448K)
[1153.355s][info][gc,metaspace   ] GC(3027) Metaspace: 35557K(36352K)->35557K(36352K) NonClass: 26347K(26944K)->26347K(26944K) Class: 9209K(9408K)->9209K(9408K)
[1153.355s][info][gc             ] GC(3027) Pause Young (Allocation Failure) 700M->414M(719M) 1.330ms
[1153.355s][info][gc,cpu         ] GC(3027) User=0.00s Sys=0.00s Real=0.00s
[1153.405s][info][gc,start       ] GC(3028) Pause Young (Allocation Failure)
[1153.406s][info][gc,heap        ] GC(3028) PSYoungGen: 292928K(311808K)->64K(312320K) Eden: 292864K(292864K)->0K(296960K) From: 64K(18944K)->64K(15360K)
[1153.406s][info][gc,heap        ] GC(3028) ParOldGen: 424383K(424448K)->424383K(424448K)
[1153.406s][info][gc,metaspace   ] GC(3028) Metaspace: 35557K(36352K)->35557K(36352K) NonClass: 26347K(26944K)->26347K(26944K) Class: 9209K(9408K)->9209K(9408K)
[1153.406s][info][gc             ] GC(3028) Pause Young (Allocation Failure) 700M->414M(719M) 1.278ms
[1153.406s][info][gc,cpu         ] GC(3028) User=0.00s Sys=0.00s Real=0.00s
[1153.698s][info][gc,start       ] GC(3029) Pause Young (Allocation Failure)
[1153.700s][info][gc,heap        ] GC(3029) PSYoungGen: 297024K(312320K)->64K(313856K) Eden: 296960K(296960K)->0K(296960K) From: 64K(15360K)->64K(16896K)
[1153.700s][info][gc,heap        ] GC(3029) ParOldGen: 424383K(424448K)->424383K(424448K)
[1153.700s][info][gc,metaspace   ] GC(3029) Metaspace: 35557K(36352K)->35557K(36352K) NonClass: 26347K(26944K)->26347K(26944K) Class: 9209K(9408K)->9209K(9408K)
[1153.700s][info][gc             ] GC(3029) Pause Young (Allocation Failure) 704M->414M(721M) 1.394ms
[1153.700s][info][gc,cpu         ] GC(3029) User=0.00s Sys=0.00s Real=0.00s
[1153.955s][info][gc,start       ] GC(3030) Pause Young (Allocation Failure)
[1153.956s][info][gc,heap        ] GC(3030) PSYoungGen: 297024K(313856K)->64K(314368K) Eden: 296960K(296960K)->0K(300544K) From: 64K(16896K)->64K(13824K)
[1153.956s][info][gc,heap        ] GC(3030) ParOldGen: 424383K(424448K)->424391K(424448K)
[1153.956s][info][gc,metaspace   ] GC(3030) Metaspace: 35557K(36352K)->35557K(36352K) NonClass: 26347K(26944K)->26347K(26944K) Class: 9209K(9408K)->9209K(9408K)
[1153.956s][info][gc             ] GC(3030) Pause Young (Allocation Failure) 704M->414M(721M) 1.350ms
[1153.956s][info][gc,cpu         ] GC(3030) User=0.01s Sys=0.00s Real=0.00s
[1154.050s][info][gc,start       ] GC(3031) Pause Young (Allocation Failure)
[1154.052s][info][gc,heap        ] GC(3031) PSYoungGen: 300608K(314368K)->64K(315904K) Eden: 300544K(300544K)->0K(300544K) From: 64K(13824K)->64K(15360K)
[1154.052s][info][gc,heap        ] GC(3031) ParOldGen: 424391K(424448K)->424399K(424448K)
[1154.052s][info][gc,metaspace   ] GC(3031) Metaspace: 35557K(36352K)->35557K(36352K) NonClass: 26347K(26944K)->26347K(26944K) Class: 9209K(9408K)->9209K(9408K)
[1154.052s][info][gc             ] GC(3031) Pause Young (Allocation Failure) 708M->414M(723M) 1.314ms
[1154.052s][info][gc,cpu         ] GC(3031) User=0.00s Sys=0.00s Real=0.00s
[1154.192s][info][gc,start       ] GC(3032) Pause Young (Allocation Failure)
[1154.193s][info][gc,heap        ] GC(3032) PSYoungGen: 300608K(315904K)->64K(315904K) Eden: 300544K(300544K)->0K(304128K) From: 64K(15360K)->64K(11776K)
[1154.193s][info][gc,heap        ] GC(3032) ParOldGen: 424399K(424448K)->424407K(424448K)
[1154.193s][info][gc,metaspace   ] GC(3032) Metaspace: 35557K(36352K)->35557K(36352K) NonClass: 26347K(26944K)->26347K(26944K) Class: 9209K(9408K)->9209K(9408K)
[1154.193s][info][gc             ] GC(3032) Pause Young (Allocation Failure) 708M->414M(723M) 1.228ms
[1154.193s][info][gc,cpu         ] GC(3032) User=0.00s Sys=0.00s Real=0.01s
[1154.601s][info][gc,start       ] GC(3033) Pause Young (Allocation Failure)
[1154.603s][info][gc,heap        ] GC(3033) PSYoungGen: 304192K(315904K)->64K(317440K) Eden: 304128K(304128K)->0K(304128K) From: 64K(11776K)->64K(13312K)
[1154.603s][info][gc,heap        ] GC(3033) ParOldGen: 424407K(424448K)->424415K(424448K)
[1154.603s][info][gc,metaspace   ] GC(3033) Metaspace: 35557K(36352K)->35557K(36352K) NonClass: 26347K(26944K)->26347K(26944K) Class: 9209K(9408K)->9209K(9408K)
[1154.603s][info][gc             ] GC(3033) Pause Young (Allocation Failure) 711M->414M(724M) 1.302ms
[1154.603s][info][gc,cpu         ] GC(3033) User=0.00s Sys=0.00s Real=0.00s
[1155.578s][info][gc,start       ] GC(3034) Pause Young (Allocation Failure)
[1155.580s][info][gc,heap        ] GC(3034) PSYoungGen: 304192K(317440K)->64K(292352K) Eden: 304128K(304128K)->0K(291840K) From: 64K(13312K)->64K(512K)
[1155.580s][info][gc,heap        ] GC(3034) ParOldGen: 424415K(424448K)->424423K(424448K)
[1155.580s][info][gc,metaspace   ] GC(3034) Metaspace: 35557K(36352K)->35557K(36352K) NonClass: 26347K(26944K)->26347K(26944K) Class: 9209K(9408K)->9209K(9408K)
[1155.580s][info][gc             ] GC(3034) Pause Young (Allocation Failure) 711M->414M(700M) 1.921ms
[1155.580s][info][gc,cpu         ] GC(3034) User=0.00s Sys=0.00s Real=0.00s
[1156.184s][info][gc,start       ] GC(3035) Pause Young (Allocation Failure)
[1156.185s][info][gc,heap        ] GC(3035) PSYoungGen: 291904K(292352K)->64K(292352K) Eden: 291840K(291840K)->0K(280576K) From: 64K(512K)->64K(11776K)
[1156.185s][info][gc,heap        ] GC(3035) ParOldGen: 424423K(424448K)->424431K(424448K)
[1156.185s][info][gc,metaspace   ] GC(3035) Metaspace: 35557K(36352K)->35557K(36352K) NonClass: 26347K(26944K)->26347K(26944K) Class: 9209K(9408K)->9209K(9408K)
[1156.185s][info][gc             ] GC(3035) Pause Young (Allocation Failure) 699M->414M(700M) 1.864ms
[1156.185s][info][gc,cpu         ] GC(3035) User=0.00s Sys=0.00s Real=0.00s
[1156.691s][info][gc,start       ] GC(3036) Pause Young (Allocation Failure)
[1156.694s][info][gc,heap        ] GC(3036) PSYoungGen: 280640K(292352K)->32K(270336K) Eden: 280576K(280576K)->0K(269824K) From: 64K(11776K)->32K(512K)
[1156.694s][info][gc,heap        ] GC(3036) ParOldGen: 424431K(424448K)->424439K(424448K)
[1156.694s][info][gc,metaspace   ] GC(3036) Metaspace: 35557K(36352K)->35557K(36352K) NonClass: 26347K(26944K)->26347K(26944K) Class: 9209K(9408K)->9209K(9408K)
[1156.694s][info][gc             ] GC(3036) Pause Young (Allocation Failure) 688M->414M(678M) 3.097ms
[1156.694s][info][gc,cpu         ] GC(3036) User=0.00s Sys=0.00s Real=0.01s
[1157.625s][info][gc,start       ] GC(3037) Pause Young (Allocation Failure)
[1157.627s][info][gc,heap        ] GC(3037) PSYoungGen: 269856K(270336K)->64K(269824K) Eden: 269824K(269824K)->0K(259584K) From: 32K(512K)->64K(10240K)
[1157.627s][info][gc,heap        ] GC(3037) ParOldGen: 424439K(424448K)->424447K(424448K)
[1157.627s][info][gc,metaspace   ] GC(3037) Metaspace: 35557K(36352K)->35557K(36352K) NonClass: 26347K(26944K)->26347K(26944K) Class: 9209K(9408K)->9209K(9408K)
[1157.627s][info][gc             ] GC(3037) Pause Young (Allocation Failure) 678M->414M(678M) 1.928ms
[1157.627s][info][gc,cpu         ] GC(3037) User=0.00s Sys=0.00s Real=0.00s
[1158.002s][info][gc,start       ] GC(3038) Pause Young (Allocation Failure)
[1158.005s][info][gc,heap        ] GC(3038) PSYoungGen: 259648K(269824K)->32K(250368K) Eden: 259584K(259584K)->0K(249856K) From: 64K(10240K)->32K(512K)
[1158.005s][info][gc,heap        ] GC(3038) ParOldGen: 424447K(424448K)->424455K(424960K)
[1158.005s][info][gc,metaspace   ] GC(3038) Metaspace: 35557K(36352K)->35557K(36352K) NonClass: 26347K(26944K)->26347K(26944K) Class: 9209K(9408K)->9209K(9408K)
[1158.005s][info][gc             ] GC(3038) Pause Young (Allocation Failure) 668M->414M(659M) 2.582ms
[1158.005s][info][gc,cpu         ] GC(3038) User=0.00s Sys=0.00s Real=0.01s
[1158.073s][info][gc,start       ] GC(3039) Pause Young (Allocation Failure)
[1158.076s][info][gc,heap        ] GC(3039) PSYoungGen: 249888K(250368K)->32K(292352K) Eden: 249856K(249856K)->0K(283136K) From: 32K(512K)->32K(9216K)
[1158.076s][info][gc,heap        ] GC(3039) ParOldGen: 424455K(424960K)->424463K(424960K)
[1158.076s][info][gc,metaspace   ] GC(3039) Metaspace: 35557K(36352K)->35557K(36352K) NonClass: 26347K(26944K)->26347K(26944K) Class: 9209K(9408K)->9209K(9408K)
[1158.076s][info][gc             ] GC(3039) Pause Young (Allocation Failure) 658M->414M(700M) 2.308ms
[1158.076s][info][gc,cpu         ] GC(3039) User=0.01s Sys=0.00s Real=0.00s
[1158.641s][info][gc,start       ] GC(3040) Pause Young (Allocation Failure)
[1158.643s][info][gc,heap        ] GC(3040) PSYoungGen: 283168K(292352K)->64K(305152K) Eden: 283136K(283136K)->0K(296960K) From: 32K(9216K)->64K(8192K)
[1158.643s][info][gc,heap        ] GC(3040) ParOldGen: 424463K(424960K)->424471K(424960K)
[1158.643s][info][gc,metaspace   ] GC(3040) Metaspace: 35557K(36352K)->35557K(36352K) NonClass: 26347K(26944K)->26347K(26944K) Class: 9209K(9408K)->9209K(9408K)
[1158.643s][info][gc             ] GC(3040) Pause Young (Allocation Failure) 691M->414M(713M) 2.156ms
[1158.643s][info][gc,cpu         ] GC(3040) User=0.00s Sys=0.00s Real=0.00s
[1158.959s][info][gc,start       ] GC(3041) Pause Young (Allocation Failure)
[1158.961s][info][gc,heap        ] GC(3041) PSYoungGen: 297024K(305152K)->64K(285696K) Eden: 296960K(296960K)->0K(285184K) From: 64K(8192K)->64K(512K)
[1158.961s][info][gc,heap        ] GC(3041) ParOldGen: 424471K(424960K)->424479K(424960K)
[1158.961s][info][gc,metaspace   ] GC(3041) Metaspace: 35557K(36352K)->35557K(36352K) NonClass: 26347K(26944K)->26347K(26944K) Class: 9209K(9408K)->9209K(9408K)
[1158.961s][info][gc             ] GC(3041) Pause Young (Allocation Failure) 704M->414M(694M) 2.108ms
[1158.961s][info][gc,cpu         ] GC(3041) User=0.01s Sys=0.00s Real=0.00s
[1159.356s][info][gc,start       ] GC(3042) Pause Young (Allocation Failure)
[1159.430s][info][gc,heap        ] GC(3042) PSYoungGen: 285248K(285696K)->7168K(288768K) Eden: 285184K(285184K)->0K(281600K) From: 64K(512K)->7168K(7168K)
[1159.430s][info][gc,heap        ] GC(3042) ParOldGen: 424479K(424960K)->444847K(444928K)
[1159.430s][info][gc,metaspace   ] GC(3042) Metaspace: 35557K(36352K)->35557K(36352K) NonClass: 26347K(26944K)->26347K(26944K) Class: 9209K(9408K)->9209K(9408K)
[1159.430s][info][gc             ] GC(3042) Pause Young (Allocation Failure) 693M->441M(716M) 73.779ms
[1159.430s][info][gc,cpu         ] GC(3042) User=0.09s Sys=0.02s Real=0.07s
[1159.783s][info][gc,start       ] GC(3043) Pause Young (Allocation Failure)
[1159.846s][info][gc,heap        ] GC(3043) PSYoungGen: 288768K(288768K)->16384K(297984K) Eden: 281600K(281600K)->0K(281600K) From: 7168K(7168K)->16384K(16384K)
[1159.846s][info][gc,heap        ] GC(3043) ParOldGen: 444847K(444928K)->460959K(461312K)
[1159.846s][info][gc,metaspace   ] GC(3043) Metaspace: 35557K(36352K)->35557K(36352K) NonClass: 26347K(26944K)->26347K(26944K) Class: 9209K(9408K)->9209K(9408K)
[1159.846s][info][gc             ] GC(3043) Pause Young (Allocation Failure) 716M->466M(741M) 62.740ms
[1159.846s][info][gc,cpu         ] GC(3043) User=0.11s Sys=0.01s Real=0.06s
[1159.966s][info][gc,start       ] GC(3044) Pause Young (Allocation Failure)
[1159.978s][info][gc,heap        ] GC(3044) PSYoungGen: 297984K(297984K)->3200K(309248K) Eden: 281600K(281600K)->0K(283136K) From: 16384K(16384K)->3200K(26112K)
[1159.978s][info][gc,heap        ] GC(3044) ParOldGen: 460959K(461312K)->461391K(461824K)
[1159.978s][info][gc,metaspace   ] GC(3044) Metaspace: 35557K(36352K)->35557K(36352K) NonClass: 26347K(26944K)->26347K(26944K) Class: 9209K(9408K)->9209K(9408K)
[1159.978s][info][gc             ] GC(3044) Pause Young (Allocation Failure) 741M->453M(753M) 11.932ms
[1159.978s][info][gc,cpu         ] GC(3044) User=0.02s Sys=0.00s Real=0.01s
[1160.547s][info][gc,start       ] GC(3045) Pause Young (Allocation Failure)
[1160.549s][info][gc,heap        ] GC(3045) PSYoungGen: 286336K(309248K)->64K(283648K) Eden: 283136K(283136K)->0K(283136K) From: 3200K(26112K)->64K(512K)
[1160.549s][info][gc,heap        ] GC(3045) ParOldGen: 461391K(461824K)->461399K(461824K)
[1160.549s][info][gc,metaspace   ] GC(3045) Metaspace: 35557K(36352K)->35557K(36352K) NonClass: 26347K(26944K)->26347K(26944K) Class: 9209K(9408K)->9209K(9408K)
[1160.549s][info][gc             ] GC(3045) Pause Young (Allocation Failure) 730M->450M(728M) 1.570ms
[1160.549s][info][gc,cpu         ] GC(3045) User=0.00s Sys=0.00s Real=0.00s
[1160.966s][info][gc,start       ] GC(3046) Pause Young (Allocation Failure)
[1160.968s][info][gc,heap        ] GC(3046) PSYoungGen: 283200K(283648K)->64K(307200K) Eden: 283136K(283136K)->0K(283648K) From: 64K(512K)->64K(23552K)
[1160.968s][info][gc,heap        ] GC(3046) ParOldGen: 461399K(461824K)->461407K(461824K)
[1160.968s][info][gc,metaspace   ] GC(3046) Metaspace: 35557K(36352K)->35557K(36352K) NonClass: 26347K(26944K)->26347K(26944K) Class: 9209K(9408K)->9209K(9408K)
[1160.968s][info][gc             ] GC(3046) Pause Young (Allocation Failure) 727M->450M(751M) 1.417ms
[1160.968s][info][gc,cpu         ] GC(3046) User=0.01s Sys=0.00s Real=0.00s
[1161.404s][info][gc,start       ] GC(3047) Pause Young (Allocation Failure)
[1161.405s][info][gc,heap        ] GC(3047) PSYoungGen: 283712K(307200K)->64K(306688K) Eden: 283648K(283648K)->0K(283648K) From: 64K(23552K)->64K(23040K)
[1161.405s][info][gc,heap        ] GC(3047) ParOldGen: 461407K(461824K)->461423K(461824K)
[1161.405s][info][gc,metaspace   ] GC(3047) Metaspace: 35557K(36352K)->35557K(36352K) NonClass: 26347K(26944K)->26347K(26944K) Class: 9209K(9408K)->9209K(9408K)
[1161.405s][info][gc             ] GC(3047) Pause Young (Allocation Failure) 727M->450M(750M) 1.374ms
[1161.405s][info][gc,cpu         ] GC(3047) User=0.00s Sys=0.00s Real=0.00s
[1161.644s][info][gc,start       ] GC(3048) Pause Young (Allocation Failure)
[1161.646s][info][gc,heap        ] GC(3048) PSYoungGen: 283712K(306688K)->64K(309760K) Eden: 283648K(283648K)->0K(288256K) From: 64K(23040K)->64K(21504K)
[1161.646s][info][gc,heap        ] GC(3048) ParOldGen: 461423K(461824K)->461439K(461824K)
[1161.646s][info][gc,metaspace   ] GC(3048) Metaspace: 35557K(36352K)->35557K(36352K) NonClass: 26347K(26944K)->26347K(26944K) Class: 9209K(9408K)->9209K(9408K)
[1161.646s][info][gc             ] GC(3048) Pause Young (Allocation Failure) 727M->450M(753M) 1.669ms
[1161.646s][info][gc,cpu         ] GC(3048) User=0.00s Sys=0.00s Real=0.00s
[1162.009s][info][gc,start       ] GC(3049) Pause Young (Allocation Failure)
[1162.011s][info][gc,heap        ] GC(3049) PSYoungGen: 288320K(309760K)->64K(309248K) Eden: 288256K(288256K)->0K(288256K) From: 64K(21504K)->64K(20992K)
[1162.011s][info][gc,heap        ] GC(3049) ParOldGen: 461439K(461824K)->461439K(461824K)
